Archive member included to satisfy reference by file (symbol)

/cygdrive/c/Users/Alex/Toolchain/Output/bin/../lib/gcc/i386-banana/8.1.0/libkgcc.a(_divdi3.o)
                              krnl/intops.32 (__divdi3)
/cygdrive/c/Users/Alex/Toolchain/Output/bin/../lib/gcc/i386-banana/8.1.0/libkgcc.a(_moddi3.o)
                              krnl/intops.32 (__moddi3)
/cygdrive/c/Users/Alex/Toolchain/Output/bin/../lib/gcc/i386-banana/8.1.0/libkgcc.a(_udivdi3.o)
                              hal/clock.32 (__udivdi3)
/cygdrive/c/Users/Alex/Toolchain/Output/bin/../lib/gcc/i386-banana/8.1.0/libkgcc.a(_umoddi3.o)
                              hal/clock.32 (__umoddi3)
C:/Users/Alex/Desktop/Banana/kernel/libk/libm32.a(e_acos.c.o)
                              krnl/mathlinker.32 (acos)
C:/Users/Alex/Desktop/Banana/kernel/libk/libm32.a(e_asin.c.o)
                              krnl/mathlinker.32 (asin)
C:/Users/Alex/Desktop/Banana/kernel/libk/libm32.a(e_atan2.c.o)
                              krnl/mathlinker.32 (atan2)
C:/Users/Alex/Desktop/Banana/kernel/libk/libm32.a(e_cosh.c.o)
                              krnl/mathlinker.32 (cosh)
C:/Users/Alex/Desktop/Banana/kernel/libk/libm32.a(e_pow.c.o)
                              krnl/mathlinker.32 (pow)
C:/Users/Alex/Desktop/Banana/kernel/libk/libm32.a(e_sinh.c.o)
                              krnl/mathlinker.32 (sinh)
C:/Users/Alex/Desktop/Banana/kernel/libk/libm32.a(k_exp.c.o)
                              C:/Users/Alex/Desktop/Banana/kernel/libk/libm32.a(e_cosh.c.o) (__ldexp_exp)
C:/Users/Alex/Desktop/Banana/kernel/libk/libm32.a(s_atan.c.o)
                              krnl/mathlinker.32 (atan)
C:/Users/Alex/Desktop/Banana/kernel/libk/libm32.a(s_cos.c.o)
                              krnl/mathlinker.32 (cos)
C:/Users/Alex/Desktop/Banana/kernel/libk/libm32.a(s_expm1.c.o)
                              C:/Users/Alex/Desktop/Banana/kernel/libk/libm32.a(e_cosh.c.o) (expm1)
C:/Users/Alex/Desktop/Banana/kernel/libk/libm32.a(s_fabs.c.o)
                              C:/Users/Alex/Desktop/Banana/kernel/libk/libm32.a(e_asin.c.o) (fabs)
C:/Users/Alex/Desktop/Banana/kernel/libk/libm32.a(s_frexp.c.o)
                              krnl/mathlinker.32 (frexp)
C:/Users/Alex/Desktop/Banana/kernel/libk/libm32.a(s_modf.c.o)
                              krnl/mathlinker.32 (modf)
C:/Users/Alex/Desktop/Banana/kernel/libk/libm32.a(s_round.c.o)
                              krnl/mathlinker.32 (round)
C:/Users/Alex/Desktop/Banana/kernel/libk/libm32.a(s_sin.c.o)
                              krnl/mathlinker.32 (sin)
C:/Users/Alex/Desktop/Banana/kernel/libk/libm32.a(s_tanh.c.o)
                              krnl/mathlinker.32 (tanh)
C:/Users/Alex/Desktop/Banana/kernel/libk/libm32.a(s_cimag.c.o)
                              C:/Users/Alex/Desktop/Banana/kernel/libk/libm32.a(k_exp.c.o) (cimag)
C:/Users/Alex/Desktop/Banana/kernel/libk/libm32.a(s_creal.c.o)
                              C:/Users/Alex/Desktop/Banana/kernel/libk/libm32.a(k_exp.c.o) (creal)
C:/Users/Alex/Desktop/Banana/kernel/libk/libm32.a(e_exp.S.o)
                              krnl/mathlinker.32 (exp)
C:/Users/Alex/Desktop/Banana/kernel/libk/libm32.a(e_fmod.S.o)
                              krnl/mathlinker.32 (fmod)
C:/Users/Alex/Desktop/Banana/kernel/libk/libm32.a(e_log.S.o)
                              krnl/mathlinker.32 (log)
C:/Users/Alex/Desktop/Banana/kernel/libk/libm32.a(e_log10.S.o)
                              krnl/mathlinker.32 (log10)
C:/Users/Alex/Desktop/Banana/kernel/libk/libm32.a(e_sqrt.S.o)
                              krnl/mathlinker.32 (sqrt)
C:/Users/Alex/Desktop/Banana/kernel/libk/libm32.a(s_ceil.S.o)
                              krnl/mathlinker.32 (ceil)
C:/Users/Alex/Desktop/Banana/kernel/libk/libm32.a(s_floor.S.o)
                              krnl/mathlinker.32 (floor)
C:/Users/Alex/Desktop/Banana/kernel/libk/libm32.a(s_tan.S.o)
                              krnl/mathlinker.32 (tan)
C:/Users/Alex/Desktop/Banana/kernel/libk/libm32.a(s_scalbn.S.o)
                              C:/Users/Alex/Desktop/Banana/kernel/libk/libm32.a(e_pow.c.o) (scalbn)
C:/Users/Alex/Desktop/Banana/kernel/libk/libm32.a(e_rem_pio2.c.o)
                              C:/Users/Alex/Desktop/Banana/kernel/libk/libm32.a(s_cos.c.o) (__ieee754_rem_pio2)
C:/Users/Alex/Desktop/Banana/kernel/libk/libm32.a(k_cos.c.o)
                              C:/Users/Alex/Desktop/Banana/kernel/libk/libm32.a(s_cos.c.o) (__kernel_cos)
C:/Users/Alex/Desktop/Banana/kernel/libk/libm32.a(k_rem_pio2.c.o)
                              C:/Users/Alex/Desktop/Banana/kernel/libk/libm32.a(e_rem_pio2.c.o) (__kernel_rem_pio2)
C:/Users/Alex/Desktop/Banana/kernel/libk/libm32.a(k_sin.c.o)
                              C:/Users/Alex/Desktop/Banana/kernel/libk/libm32.a(s_cos.c.o) (__kernel_sin)

Allocating common symbols
Common symbol       size              file

dcache              0x40              fs/iso9660/iso9660.32
[...]
Memory Configuration

Name             Origin             Length             Attributes
*default*        0x0000000000000000 0xffffffffffffffff

Linker script and memory map

LOAD C:/Users/Alex/Desktop/Banana/kernel/boot.32
LOAD crti.32
LOAD /cygdrive/c/Users/Alex/Toolchain/Output/bin/../lib/gcc/i386-banana/8.1.0/crtbegin.o
LOAD C:/Users/Alex/Desktop/Banana/kernel/morenasm.32
LOAD acpica/utclib.32
LOAD krnl/malloc.32
LOAD libk/ctype.32
LOAD libk/string.32
LOAD arch/i386/cc.32
LOAD fs/fat/diskio.32
LOAD fs/fat/ff.32
LOAD fs/fat/ffsystem.32
LOAD fs/fat/ffunicode.32
LOAD fs/iso9660/iso9660.32
LOAD dbg/kconsole.32
LOAD dbg/usban.32
LOAD drv/device.32
LOAD drv/root.32
LOAD fs/symlink.32
LOAD fs/vfs.32
LOAD hal/bus.32
LOAD hal/buzzer.32
LOAD hal/clock.32
LOAD hal/device.32
LOAD hal/diskctrl.32
LOAD hal/diskphys.32
LOAD hal/fpu.32
LOAD hal/keybrd.32
LOAD hal/logidisk.32
LOAD hal/mouse.32
LOAD hal/nic.32
LOAD hal/partition.32
LOAD hal/serial.32
LOAD hal/timer.32
LOAD hal/vcache.32
LOAD hal/video.32
LOAD hw/acpi.32
LOAD krnl/assert.32
LOAD krnl/atexit.32
LOAD krnl/bootflags.32
LOAD krnl/bootmsg.32
LOAD krnl/c++.32
LOAD krnl/cdefs.32
LOAD krnl/cm.32
LOAD krnl/computer.32
LOAD krnl/crc32.32
LOAD krnl/env.32
LOAD krnl/fault.32
LOAD krnl/gdt.32
LOAD krnl/idle.32
LOAD krnl/idt.32
LOAD krnl/inlines.32
LOAD krnl/intlformat.32
LOAD krnl/intops.32
LOAD krnl/kheap.32
LOAD krnl/mailbox.32
LOAD krnl/main.32
LOAD krnl/mathlinker.32
LOAD krnl/mutex.32
LOAD krnl/panic.32
LOAD krnl/physmgr.32
LOAD krnl/pipe.32
LOAD krnl/powctrl.32
LOAD krnl/random.32
LOAD krnl/resolve.32
LOAD krnl/semaphore.32
LOAD krnl/signal.32
LOAD krnl/syscalls.32
LOAD krnl/terminal.32
LOAD krnl/tss.32
LOAD krnl/unixfile.32
LOAD krnl/virtmgr.32
LOAD sys/alarm.32
LOAD sys/eject.32
LOAD sys/exit.32
LOAD sys/getcwd.32
LOAD sys/getpid.32
LOAD sys/getramdata.32
LOAD sys/getvgaptr.32
LOAD sys/kill.32
LOAD sys/loaddll.32
LOAD sys/pause.32
LOAD sys/pthread.32
LOAD sys/read.32
LOAD sys/registersignal.32
LOAD sys/registry.32
LOAD sys/sbrk.32
LOAD sys/setcwd.32
LOAD sys/settime.32
LOAD sys/symlink.32
LOAD sys/timezone.32
LOAD sys/truncate.32
LOAD sys/write.32
LOAD sys/wsbe.32
LOAD sys/yield.32
LOAD thr/alarm.32
LOAD thr/elf.32
LOAD thr/elf2.32
LOAD thr/exec.32
LOAD thr/prcssthr.32
LOAD vm86/vm8086.32
LOAD arch/i386/apic.32
LOAD arch/i386/hal.32
LOAD arch/i386/intctrl.32
LOAD arch/i386/pic.32
LOAD arch/i386/rtc.32
LOAD arch/i386/vga.32
LOAD drv/driver/acpi.32
LOAD drv/driver/dma8237.32
LOAD drv/driver/isa.32
LOAD drv/driver/isapnp.32
LOAD drv/driver/pci.32
LOAD drv/driver/uart16550.32
LOAD fs/fat/vfslink.32
LOAD fs/iso9660/helper.32
LOAD fs/iso9660/vfslink.32
LOAD hal/sound/sndcard.32
LOAD hal/sound/sndport.32
LOAD hw/bus/pci.32
LOAD hw/diskctrl/ide.32
LOAD hw/diskctrl/satabus.32
LOAD hw/diskphys/ata.32
LOAD hw/diskphys/atapi.32
LOAD hw/diskphys/sata.32
LOAD hw/diskphys/satapi.32
LOAD hw/timer/apictimer.32
LOAD hw/timer/pit.32
LOAD arch/i386/avx.32
LOAD arch/i386/interrupt.32
LOAD arch/i386/rdrand.32
LOAD arch/i386/sse.32
LOAD arch/i386/x87.32
LOAD /cygdrive/c/Users/Alex/Toolchain/Output/bin/../lib/gcc/i386-banana/8.1.0/crtend.o
LOAD crtn.32
LOAD /cygdrive/c/Users/Alex/Toolchain/Output/bin/../lib/gcc/i386-banana/8.1.0/libkgcc.a
LOAD C:/Users/Alex/Desktop/Banana/kernel/libsoftfp.a
LOAD C:/Users/Alex/Desktop/Banana/kernel/libk/libm32.a
                0x00000000c0000000                . = 0xc0000000

.text           0x00000000c0000000    0x288d8
 *(.text)
 .text          0x00000000c0000000       0x20 C:/Users/Alex/Desktop/Banana/kernel/boot.32
 .text          0x00000000c0000020        0x0 crti.32
 .text          0x00000000c0000020      0x101 /cygdrive/c/Users/Alex/Toolchain/Output/bin/../lib/gcc/i386-banana/8.1.0/crtbegin.o
 *fill*         0x00000000c0000121        0xf 
 .text          0x00000000c0000130      0x24f C:/Users/Alex/Desktop/Banana/kernel/morenasm.32
                0x00000000c0000130                manualPCIProbe
                0x00000000c000017b                prepareTramp
                0x00000000c0000194                doTPAUSE
                0x00000000c000019e                hasLegacyFPU
                0x00000000c00001c3                is486
                0x00000000c00001f9                detectCPUID
                0x00000000c000020f                goToVM86
                0x00000000c000023f                goToUsermode
                0x00000000c0000269                switchToThreadASMFirstTime
                0x00000000c0000277                switchToThreadASM
                0x00000000c00002fc                asmQuickAcquireLock
                0x00000000c000031a                asmQuickReleaseLock
                0x00000000c0000326                asmAcquireLock
                0x00000000c0000347                asmReleaseLock
                0x00000000c000035a                loadGDT
                0x00000000c000037a                memcpy
 *fill*         0x00000000c000037f        0x1 
 .text          0x00000000c0000380      0x868 acpica/utclib.32
                0x00000000c0000380                memcmp
                0x00000000c00003d0                memmove
                0x00000000c00004f0                memset
                0x00000000c0000570                strlen
                0x00000000c00005a0                strpbrk
                0x00000000c00005f0                strtok
                0x00000000c0000640                strcpy
                0x00000000c0000680                strncpy
                0x00000000c0000750                strcmp
                0x00000000c00007a0                strchr
                0x00000000c00007e0                strncmp
                0x00000000c0000840                strcat
                0x00000000c0000870                strncat
                0x00000000c00008d0                strstr
                0x00000000c0000930                toupper
                0x00000000c0000950                tolower
                0x00000000c0000970                simple_strtoul
 .text          0x00000000c0000be8     0x1140 krnl/malloc.32
                0x00000000c0000d53                dlfree
                0x00000000c000121a                dlmalloc
                0x00000000c0001757                dlrealloc
                0x00000000c0001934                dlmemalign
                0x00000000c0001a57                dlcalloc
                0x00000000c0001ae8                dlcfree
                0x00000000c0001aed                dlindependent_calloc
                0x00000000c0001b12                dlindependent_comalloc
                0x00000000c0001b29                dlvalloc
                0x00000000c0001b54                dlpvalloc
                0x00000000c0001b8a                dlmalloc_trim
                0x00000000c0001b97                dlmalloc_usable_size
                0x00000000c0001bc8                dlmallinfo
                0x00000000c0001c97                dlmalloc_stats
                0x00000000c0001ca8                dlmallopt
 .text          0x00000000c0001d28      0x1f2 libk/ctype.32
                0x00000000c0001d28                isblank
                0x00000000c0001d48                iscntrl
                0x00000000c0001d68                isdigit
                0x00000000c0001d84                islower
                0x00000000c0001da0                isspace
                0x00000000c0001dc8                isupper
                0x00000000c0001de4                isalpha
                0x00000000c0001e14                isalnum
                0x00000000c0001e44                ispunct
                0x00000000c0001e84                isgraph
                0x00000000c0001eb4                isprint
                0x00000000c0001edc                isxdigit
 .text          0x00000000c0001f1a        0x0 libk/string.32
 *fill*         0x00000000c0001f1a        0x2 
 .text          0x00000000c0001f1c       0x53 arch/i386/cc.32
                0x00000000c0001f1c                LWIP_PLATFORM_HTONS
                0x00000000c0001f40                LWIP_PLATFORM_HTONL
 .text          0x00000000c0001f6f       0x51 fs/fat/diskio.32
                0x00000000c0001f6f                disk_status
                0x00000000c0001f72                disk_initialize
                0x00000000c0001f75                disk_read
                0x00000000c0001f8b                disk_write
                0x00000000c0001fa1                disk_ioctl
 .text          0x00000000c0001fc0     0x3e46 fs/fat/ff.32
                0x00000000c0003de1                f_mount
                0x00000000c0003e43                f_open
                0x00000000c0004106                f_read
                0x00000000c0004305                f_write
                0x00000000c000454d                f_sync
                0x00000000c0004612                f_close
                0x00000000c0004641                f_lseek
                0x00000000c00047f2                f_opendir
                0x00000000c00048bd                f_closedir
                0x00000000c00048df                f_readdir
                0x00000000c0004971                f_stat
                0x00000000c00049f0                f_getfree
                0x00000000c0004af9                f_truncate
                0x00000000c0004be3                f_unlink
                0x00000000c0004d05                f_mkdir
                0x00000000c0004ea0                f_rename
                0x00000000c0005058                f_chmod
                0x00000000c0005108                f_utime
                0x00000000c00051b8                f_getlabel
                0x00000000c0005309                f_setlabel
                0x00000000c0005499                f_expand
                0x00000000c0005606                f_mkfs
 *fill*         0x00000000c0005e06        0x2 
 .text          0x00000000c0005e08       0x2f fs/fat/ffsystem.32
                0x00000000c0005e08                ff_memalloc
                0x00000000c0005e20                ff_memfree
 *fill*         0x00000000c0005e37        0x1 
 .text          0x00000000c0005e38      0x2dc fs/fat/ffunicode.32
                0x00000000c0005e38                ff_uni2oem
                0x00000000c0005ed8                ff_oem2uni
                0x00000000c0005f50                ff_wtoupper
 .text          0x00000000c0006114      0xd32 fs/iso9660/iso9660.32
                0x00000000c000635f                isoReadDiscSector
                0x00000000c00063fa                strnicmp
                0x00000000c00066a9                stricmp
                0x00000000c00066f5                iso_open
                0x00000000c000677f                iso_close
                0x00000000c000679d                iso_read
                0x00000000c00068b3                iso_seek
                0x00000000c0006937                iso_tell
                0x00000000c0006968                iso_total
                0x00000000c0006993                fn_postprocess
                0x00000000c00069ba                iso_readdir
                0x00000000c0006c11                iso_reset
                0x00000000c0006c2e                init_percd
                0x00000000c0006d28                iso_ioctl
                0x00000000c0006d40                fs_iso9660_init
                0x00000000c0006dd6                fs_iso9660_shutdown
 .text          0x00000000c0006e46      0x2ad dbg/kconsole.32
                0x00000000c0006e46                Dbg::stringifyxWithBase(unsigned int, char*, int)
                0x00000000c0006ee6                Dbg::logc(char)
                0x00000000c0006f13                Dbg::logs(char*)
                0x00000000c0006f3d                Dbg::logWriteInt(unsigned int)
                0x00000000c0006f5b                Dbg::logWriteIntBase(unsigned int, int)
                0x00000000c0006f7c                Dbg::kprintf(char const*, ...)
 *fill*         0x00000000c00070f3        0x1 
 .text          0x00000000c00070f4      0x2d4 dbg/usban.32
                0x00000000c00070f4                KiUbsanPrintDetails(char const*, void*)
                0x00000000c0007160                __ubsan_handle_type_mismatch_v1
                0x00000000c000723c                __ubsan_handle_pointer_overflow
                0x00000000c0007268                __ubsan_handle_out_of_bounds
                0x00000000c0007294                __ubsan_handle_add_overflow
                0x00000000c00072c0                __ubsan_handle_load_invalid_value
                0x00000000c00072ec                __ubsan_handle_divrem_overflow
                0x00000000c0007318                __ubsan_handle_mul_overflow
                0x00000000c0007344                __ubsan_handle_sub_overflow
                0x00000000c0007370                __ubsan_handle_shift_out_of_bounds
                0x00000000c000739c                __ubsan_handle_negate_overflow
 .text          0x00000000c00073c8      0xaba drv/device.32
                0x00000000c00073c8                Hardware::getHumanReadableName()
                0x00000000c00073f4                KeGetRootDevice()
                0x00000000c00073fc                Hardware::registerIRQ(int)
                0x00000000c0007438                Hardware::deregisterIRQ(int)
                0x00000000c0007470                Hardware::~Hardware()
                0x00000000c0007470                Hardware::~Hardware()
                0x00000000c00074bc                Hardware::~Hardware()
                0x00000000c00074e8                Hardware::Hardware()
                0x00000000c00074e8                Hardware::Hardware()
                0x00000000c000753c                KeGetChildOfRootWithName(char const*)
                0x00000000c0007604                KeGetPCIDevice()
                0x00000000c0007618                KeGetACPIDevice()
                0x00000000c000762c                KeGetISAPnPDevice()
                0x00000000c0007640                KeGetISADevice()
                0x00000000c0007654                Hardware::printRecursively(int)
                0x00000000c0007744                KePrintDeviceTree()
                0x00000000c0007774                Hardware::detectRecursively()
                0x00000000c000781c                KeSetupDeviceTree()
                0x00000000c0007884                Hardware::deinitialiseRecursively()
                0x00000000c0007924                Hardware::setPowerStateRecursively(DevicePowerState)
                0x00000000c00079d4                Hardware::portInUseRecursive(int, int)
                0x00000000c0007b70                KeIsPortInUse(unsigned short, int)
                0x00000000c0007b94                KeGetOwnerOfPort(unsigned short, int)
                0x00000000c0007bb4                KePrintIOPortUsage()
                0x00000000c0007c1c                Hardware::addChild(Hardware*)
                0x00000000c0007c38                Hardware::getHardwareOfTypeAux(HardwareType, std::vector<Hardware*>&)
                0x00000000c0007d00                KeGetHardwareOfType(HardwareType)
                0x00000000c0007d2c                Hardware::removeChild(Hardware*)
                0x00000000c0007dc0                Hardware::registerMemoryRange(unsigned long, unsigned long)
                0x00000000c0007dec                Hardware::registerPortRange(unsigned short, unsigned char, int)
 *fill*         0x00000000c0007e82        0x2 
 .text          0x00000000c0007e84      0x283 drv/root.32
                0x00000000c0007e84                RootDriver::detect()
                0x00000000c0007e88                RootDriver::deinitialise()
                0x00000000c0007e8c                RootDriver::setPowerState(DevicePowerState)
                0x00000000c0007e90                RootDriver::getHumanReadableName()
                0x00000000c0007e98                RootDriver::hasACPI()
                0x00000000c0007e9c                RootDriver::hasISAPnP()
                0x00000000c0007ea0                RootDriver::hasPCI()
                0x00000000c0007ea4                RootDriver::initialise()
                0x00000000c0008074                RootDriver::detectLegacyISA()
 .text          0x00000000c0008107      0x814 fs/symlink.32
                0x00000000c0008256                KiDeinitialiseSymlinks(void*)
                0x00000000c00082e9                KeRegisterSymlink(char const*, unsigned long long)
                0x00000000c000836c                KeInitialiseSymlinks()
                0x00000000c00084ce                KiIsSymlinkRegistered(char const*)
                0x00000000c0008638                KeDereferenceSymlink(char const*, char*)
                0x00000000c00087df                KeCreateSymlink(char const*, char const*)
 *fill*         0x00000000c000891b        0x1 
 .text          0x00000000c000891c      0xd88 fs/vfs.32
                0x00000000c000891c                File::read(unsigned long long, void*, int*)
                0x00000000c0008974                File::write(unsigned long long, void*, int*)
                0x00000000c00089cc                Directory::read(unsigned long long, void*, int*)
                0x00000000c0008a24                Directory::write(unsigned long long, void*, int*)
                0x00000000c0008a52                File::isAtty()
                0x00000000c0008a56                Directory::isAtty()
                0x00000000c0008a5a                Filesystem::getlabel(LogicalDisk*, int, char*, unsigned int*)
                0x00000000c0008a60                Filesystem::setlabel(LogicalDisk*, int, char*)
                0x00000000c0008a66                Filesystem::allocateSwapfile(char const*, int)
                0x00000000c0008a6c                File::~File()
                0x00000000c0008a6c                File::~File()
                0x00000000c0008a90                File::~File()
                0x00000000c0008aba                Directory::~Directory()
                0x00000000c0008aba                Directory::~Directory()
                0x00000000c0008ade                Directory::~Directory()
                0x00000000c0008b08                Filesystem::Filesystem()
                0x00000000c0008b08                Filesystem::Filesystem()
                0x00000000c0008b2c                Filesystem::~Filesystem()
                0x00000000c0008b2c                Filesystem::~Filesystem()
                0x00000000c0008b3a                Filesystem::~Filesystem()
                0x00000000c0008b5e                Fs::getcwd(Process*, char*, int)
                0x00000000c0008b88                Fs::initVFS()
                0x00000000c0008bb2                Fs::standardiseFiles(char*, char const*, char const*, bool)
                0x00000000c0008dcc                File::File(char const*, Process*, bool)
                0x00000000c0008dcc                File::File(char const*, Process*, bool)
                0x00000000c0008eca                File::File(char const*, Process*)
                0x00000000c0008eca                File::File(char const*, Process*)
                0x00000000c0008ee8                File::open(FileOpenMode)
                0x00000000c0008f46                File::close()
                0x00000000c0008fa6                File::seek(unsigned long long)
                0x00000000c0008ffc                File::truncate(unsigned long long)
                0x00000000c0009052                File::tell(unsigned long long*)
                0x00000000c00090a2                File::rewind()
                0x00000000c00090b6                File::unlink()
                0x00000000c0009102                File::rename(char const*)
                0x00000000c0009150                File::chfatattr(unsigned char, unsigned char)
                0x00000000c00091ac                File::exists()
                0x00000000c00091ea                File::stat(unsigned long long*, bool*)
                0x00000000c000924b                Fs::setcwd(Process*, char*)
                0x00000000c00093aa                Directory::Directory(char const*, Process*)
                0x00000000c00093aa                Directory::Directory(char const*, Process*)
                0x00000000c0009472                Directory::open()
                0x00000000c00094ce                Directory::close()
                0x00000000c000952e                Directory::unlink()
                0x00000000c000957a                Directory::rename(char const*)
                0x00000000c00095c8                Directory::exists()
                0x00000000c0009606                Directory::read(dirent*)
                0x00000000c0009652                Directory::create()
                0x00000000c000969e                Filesystem::chfatattr(char const*, unsigned char, unsigned char)
 .text          0x00000000c00096a4       0x86 hal/bus.32
                0x00000000c00096a4                Bus::Bus(char const*)
                0x00000000c00096a4                Bus::Bus(char const*)
                0x00000000c00096dc                Bus::~Bus()
                0x00000000c00096dc                Bus::~Bus()
                0x00000000c0009700                Bus::~Bus()
 .text          0x00000000c000972a       0x9b hal/buzzer.32
                0x00000000c000972a                KeBeepThread(void*)
                0x00000000c000976b                KeBeep(int, int, bool)
 *fill*         0x00000000c00097c5        0x1 
 .text          0x00000000c00097c6      0xeac hal/clock.32
                0x00000000c00097c6                KeLoadTimezoneStrings()
                0x00000000c0009b55                KeGetTimezoneStringFromID(int)
                0x00000000c0009bf2                KeUpdateTimezone(char const*)
                0x00000000c0009cec                KeSetTimezone(char const*)
                0x00000000c0009d49                KeSetTimezone(int)
                0x00000000c0009d7c                KeLoadTimezone()
                0x00000000c0009df6                Clock::Clock(char const*)
                0x00000000c0009df6                Clock::Clock(char const*)
                0x00000000c0009e2c                Clock::~Clock()
                0x00000000c0009e2c                Clock::~Clock()
                0x00000000c0009e50                Clock::~Clock()
                0x00000000c0009e7a                Clock::timeInSecondsLocal()
                0x00000000c0009ef0                Clock::setTimeInSecondsLocal(unsigned long long)
                0x00000000c0009f7c                KeDatetimeToSeconds(datetime_t)
                0x00000000c000a2bc                Clock::setTimeInDatetimeLocal(datetime_t)
                0x00000000c000a38a                KeSecondsToDatetime(unsigned long long)
                0x00000000c000a646                Clock::timeInDatetimeLocal()
 .text          0x00000000c000a672      0x47a hal/device.32
                0x00000000c000a672                Device::hibernate()
                0x00000000c000a674                Device::wake()
                0x00000000c000a676                Device::detect()
                0x00000000c000a678                Device::disableLegacy()
                0x00000000c000a67a                Device::powerSaving(PowerSavingLevel)
                0x00000000c000a67c                DriverlessDevice::close(int, int, void*)
                0x00000000c000a680                DriverlessDevice::detect()
                0x00000000c000a682                DriverlessDevice::open(int, int, void*)
                0x00000000c000a696                Device::~Device()
                0x00000000c000a696                Device::~Device()
                0x00000000c000a6a4                Device::~Device()
                0x00000000c000a6cc                Device::findAndLoadDriver()
                0x00000000c000a6da                Device::preOpenPCI(PCIDeviceInfo)
                0x00000000c000a700                Device::preOpenACPI(void*, char*, char*)
                0x00000000c000a740                Device::addIRQHandler(int, void (*)(regs*, void*), bool, void*)
                0x00000000c000a76a                Device::getParent()
                0x00000000c000a776                Device::removeIRQHandler(int, void (*)(regs*, void*), bool)
                0x00000000c000a794                Device::addChild(Device*)
                0x00000000c000a7d8                Device::removeAllChildren()
                0x00000000c000a81e                Device::hibernateAll()
                0x00000000c000a84e                Device::wakeAll()
                0x00000000c000a87e                Device::detectAll()
                0x00000000c000a8ae                Device::disableLegacyAll()
                0x00000000c000a8b0                Device::loadDriversForAll()
                0x00000000c000a8b2                Device::powerSavingAll(PowerSavingLevel)
                0x00000000c000a8e8                Device::setName(char const*)
                0x00000000c000a8f6                Device::Device(char const*)
                0x00000000c000a8f6                Device::Device(char const*)
                0x00000000c000a9f2                Device::getName()
                0x00000000c000a9fc                Device::closeAll()
                0x00000000c000aa48                DriverlessDevice::DriverlessDevice(char const*)
                0x00000000c000aa48                DriverlessDevice::DriverlessDevice(char const*)
                0x00000000c000aa7e                Device::addToLinkedList(LinkedList<Device>&, DeviceType)
                0x00000000c000aac2                getDevicesOfType(DeviceType)
 .text          0x00000000c000aaec       0x86 hal/diskctrl.32
                0x00000000c000aaec                HardDiskController::HardDiskController(char const*)
                0x00000000c000aaec                HardDiskController::HardDiskController(char const*)
                0x00000000c000ab24                HardDiskController::~HardDiskController()
                0x00000000c000ab24                HardDiskController::~HardDiskController()
                0x00000000c000ab48                HardDiskController::~HardDiskController()
 .text          0x00000000c000ab72       0xe2 hal/diskphys.32
                0x00000000c000ab72                PhysicalDisk::eject()
                0x00000000c000ab76                PhysicalDisk::PhysicalDisk(char const*, int)
                0x00000000c000ab76                PhysicalDisk::PhysicalDisk(char const*, int)
                0x00000000c000abde                PhysicalDisk::startCache()
                0x00000000c000ac06                PhysicalDisk::~PhysicalDisk()
                0x00000000c000ac06                PhysicalDisk::~PhysicalDisk()
                0x00000000c000ac2a                PhysicalDisk::~PhysicalDisk()
 .text          0x00000000c000ac54        0x0 hal/fpu.32
 .text          0x00000000c000ac54      0x83e hal/keybrd.32
                0x00000000c000ac54                startGUI(void*)
                0x00000000c000ac9e                startGUIVESA(void*)
                0x00000000c000ace8                sendKeyToTerminal(unsigned char)
                0x00000000c000adbe                sendKeyboardToken(KeyboardToken)
                0x00000000c000b27a                clearInternalKeybuffer(VgaText*)
                0x00000000c000b2af                readKeyboard(VgaText*, char*, unsigned long)
                0x00000000c000b408                Keyboard::Keyboard(char const*)
                0x00000000c000b408                Keyboard::Keyboard(char const*)
                0x00000000c000b444                Keyboard::~Keyboard()
                0x00000000c000b444                Keyboard::~Keyboard()
                0x00000000c000b468                Keyboard::~Keyboard()
 .text          0x00000000c000b492      0x3f8 hal/logidisk.32
                0x00000000c000b492                LogicalDisk::close(int, int, void*)
                0x00000000c000b496                LogicalDisk::~LogicalDisk()
                0x00000000c000b496                LogicalDisk::~LogicalDisk()
                0x00000000c000b4ba                LogicalDisk::~LogicalDisk()
                0x00000000c000b4e4                LogicalDisk::open(int, int, void*)
                0x00000000c000b4f8                LogicalDisk::absoluteToRelative(unsigned long long)
                0x00000000c000b530                LogicalDisk::relativeToAbsolute(unsigned long long)
                0x00000000c000b576                LogicalDisk::LogicalDisk(char const*, PhysicalDisk*, unsigned long long, unsigned long long)
                0x00000000c000b576                LogicalDisk::LogicalDisk(char const*, PhysicalDisk*, unsigned long long, unsigned long long)
                0x00000000c000b636                LogicalDisk::assignDriveLetter()
                0x00000000c000b6f0                LogicalDisk::mount()
                0x00000000c000b738                LogicalDisk::unmount()
                0x00000000c000b748                LogicalDisk::eject()
                0x00000000c000b75c                LogicalDisk::unassignDriveLetter()
                0x00000000c000b7b2                LogicalDisk::read(unsigned long long, int, void*)
                0x00000000c000b81e                LogicalDisk::write(unsigned long long, int, void*)
 *fill*         0x00000000c000b88a        0x2 
 .text          0x00000000c000b88c       0x86 hal/mouse.32
                0x00000000c000b88c                Mouse::Mouse(char const*)
                0x00000000c000b88c                Mouse::Mouse(char const*)
                0x00000000c000b8c4                Mouse::~Mouse()
                0x00000000c000b8c4                Mouse::~Mouse()
                0x00000000c000b8e8                Mouse::~Mouse()
 .text          0x00000000c000b912       0x90 hal/nic.32
                0x00000000c000b912                NIC::getMAC()
                0x00000000c000b918                NIC::write(int, unsigned char*, int*)
                0x00000000c000b91e                NIC::NIC(char const*)
                0x00000000c000b91e                NIC::NIC(char const*)
                0x00000000c000b954                NIC::~NIC()
                0x00000000c000b954                NIC::~NIC()
                0x00000000c000b978                NIC::~NIC()
 .text          0x00000000c000b9a2      0x33b hal/partition.32
                0x00000000c000b9a2                makePartition(PhysicalDisk*, unsigned long long, unsigned long long)
                0x00000000c000ba4a                createPartitionsForDisk(PhysicalDisk*)
 *fill*         0x00000000c000bcdd        0x3 
 .text          0x00000000c000bce0       0x86 hal/serial.32
                0x00000000c000bce0                Serial::Serial(char const*)
                0x00000000c000bce0                Serial::Serial(char const*)
                0x00000000c000bd18                Serial::~Serial()
                0x00000000c000bd18                Serial::~Serial()
                0x00000000c000bd3c                Serial::~Serial()
 *fill*         0x00000000c000bd66        0x2 
 .text          0x00000000c000bd68      0x238 hal/timer.32
                0x00000000c000bd68                Timer::Timer(char const*)
                0x00000000c000bd68                Timer::Timer(char const*)
                0x00000000c000bda0                Timer::~Timer()
                0x00000000c000bda0                Timer::~Timer()
                0x00000000c000bdc4                Timer::~Timer()
                0x00000000c000bdee                Timer::read()
                0x00000000c000bdf9                setupTimer(int)
                0x00000000c000be34                timerHandler(unsigned int)
 .text          0x00000000c000bfa0      0x5fe hal/vcache.32
                0x00000000c000bfa0                VCache::VCache(PhysicalDisk*)
                0x00000000c000bfa0                VCache::VCache(PhysicalDisk*)
                0x00000000c000c110                VCache::invalidateReadBuffer()
                0x00000000c000c120                VCache::writeWriteBuffer()
                0x00000000c000c16c                VCache::~VCache()
                0x00000000c000c16c                VCache::~VCache()
                0x00000000c000c1c4                VCache::~VCache()
                0x00000000c000c1ec                VCache::write(unsigned long long, int, void*)
                0x00000000c000c3ba                VCache::read(unsigned long long, int, void*)
 .text          0x00000000c000c59e      0x784 hal/video.32
                0x00000000c000c59e                Video::putrect(int, int, int, int, unsigned int)
                0x00000000c000c5ea                Video::bitblit(int, int, int, int, int, int, int, unsigned int*)
                0x00000000c000c65a                Video::blit(unsigned int*, int, int, int, int)
                0x00000000c000c6d8                Video::clearScreen(unsigned int)
                0x00000000c000c6fe                Video::putpixel(int, int, unsigned int)
                0x00000000c000c70c                Video::readPixelApprox(int, int)
                0x00000000c000c720                Video::Video(char const*)
                0x00000000c000c720                Video::Video(char const*)
                0x00000000c000c756                Video::~Video()
                0x00000000c000c756                Video::~Video()
                0x00000000c000c77a                Video::~Video()
                0x00000000c000c7a4                Video::isMonochrome()
                0x00000000c000c7b0                Video::getWidth()
                0x00000000c000c7bc                Video::getHeight()
                0x00000000c000c7c8                Video::savePixelsInSquare(int, int)
                0x00000000c000c832                Video::drawCursor(int, int, unsigned int*, int)
                0x00000000c000c908                Video::tgaParse(unsigned char*, int, int*, int*)
                0x00000000c000ccb2                Video::putTGA(int, int, unsigned char*, int)
 *fill*         0x00000000c000cd22        0x2 
 .text          0x00000000c000cd24     0x117f hw/acpi.32
                0x00000000c000cd24                ACPI::close(int, int, void*)
                0x00000000c000cd2c                loadACPITables(unsigned char*)
                0x00000000c000cf8c                findRSDT(unsigned char*)
                0x00000000c000d0d8                findDataTable(unsigned char*, char*)
                0x00000000c000d14c                scanMADT()
                0x00000000c000d5fc                ACPI::ACPI()
                0x00000000c000d5fc                ACPI::ACPI()
                0x00000000c000d64c                ACPI::getPCIIRQAssignment(unsigned char, unsigned short, unsigned char)
                0x00000000c000d748                ACPI::registerPCIIRQAssignment(void*, unsigned short, unsigned char, unsigned char)
                0x00000000c000d814                ACPI::setScreenBrightnessLevel(void*, int)
                0x00000000c000d81c                ACPI::detectPCI()
                0x00000000c000da28                ACPI::writeSimpleBootFlag(SimpleBootFlagTable*)
                0x00000000c000da40                ACPI::open(int, int, void*)
 *fill*         0x00000000c000dea3        0x1 
 .text          0x00000000c000dea4       0xea krnl/assert.32
                0x00000000c000dea4                KeAssertionFailed(char*, char const*, char const*, int)
 .text          0x00000000c000df8e       0x91 krnl/atexit.32
                0x00000000c000df8e                KeInitialiseAtexit()
                0x00000000c000dfb0                KeRegisterAtexit(void (*)(void*), void*)
                0x00000000c000dfe4                KeExecuteAtexit()
 *fill*         0x00000000c000e01f        0x1 
 .text          0x00000000c000e020       0x1e krnl/bootflags.32
                0x00000000c000e020                KeGetBootConfigurationFlag(BootConfigurationFlag)
                0x00000000c000e030                KeInitialiseBootConfigurationFlags()
 .text          0x00000000c000e03e       0x8a krnl/bootmsg.32
                0x00000000c000e03e                KeDisplaySplashScreen()
                0x00000000c000e06d                KeSetBootMessage(char const*)
 .text          0x00000000c000e0c8       0x5f krnl/c++.32
                0x00000000c000e0c8                __cxa_atexit
                0x00000000c000e0cb                __cxa_finalize
                0x00000000c000e0cc                __stack_chk_fail
                0x00000000c000e102                __cxa_pure_virtual
                0x00000000c000e113                operator new[](unsigned long)
                0x00000000c000e118                operator delete(void*, unsigned long)
                0x00000000c000e11d                operator delete[](void*)
                0x00000000c000e122                operator delete[](void*, unsigned long)
 *fill*         0x00000000c000e127        0x1 
 .text          0x00000000c000e128       0x44 krnl/cdefs.32
                0x00000000c000e128                CUnlockScheduler
                0x00000000c000e140                CLockScheduler
                0x00000000c000e150                CPrintf
 .text          0x00000000c000e16c      0xc81 krnl/cm.32
                0x00000000c000e16c                CmOpen(char const*)
                0x00000000c000e28a                CmClose(Reghive_Tag*)
                0x00000000c000e2a0                CmReadExtent(Reghive_Tag*, int, unsigned char*)
                0x00000000c000e2dc                CmGetString(Reghive_Tag*, int, char*)
                0x00000000c000e353                CmEnterDirectory(Reghive_Tag*, int)
                0x00000000c000e392                CmGetNext(Reghive_Tag*, int)
                0x00000000c000e3c4                CmWriteExtent(Reghive_Tag*, int, unsigned char*)
                0x00000000c000e400                CmFreeExtent(Reghive_Tag*, int)
                0x00000000c000e428                CmUpdateHeader(Reghive_Tag*)
                0x00000000c000e449                CmExpand(Reghive_Tag*, int)
                0x00000000c000e4c4                CmFindUnusedExtent(Reghive_Tag*)
                0x00000000c000e54a                CmCreateExtent(Reghive_Tag*, int, int, unsigned char*)
                0x00000000c000e63e                CmSetString(Reghive_Tag*, int, char const*)
                0x00000000c000e77a                CmGetMatch(char*, char*, bool, bool*)
                0x00000000c000e7db                CmAddShift(unsigned int*, int*, unsigned char, int)
                0x00000000c000e80b                CmGetShift(unsigned int*, int*, int, bool*)
                0x00000000c000e842                CmGetInteger(Reghive_Tag*, int, unsigned long long*)
                0x00000000c000e86c                CmSetInteger(Reghive_Tag*, int, unsigned long long)
                0x00000000c000e8ac                CmConvertFromInternalFilename(unsigned char const*, char*)
                0x00000000c000e950                CmGetNameAndTypeFromExtent(Reghive_Tag*, int, char*)
                0x00000000c000e97e                CmConvertToInternalFilename(char const*, unsigned char*)
                0x00000000c000eb1c                CmCreateString(Reghive_Tag*, int, char const*)
                0x00000000c000eb69                CmFindInDirectory(Reghive_Tag*, int, char const*)
                0x00000000c000ebe3                CmCreateInteger(Reghive_Tag*, int, char const*, unsigned long long, int)
                0x00000000c000ec36                CmCreateDirectory(Reghive_Tag*, int, char const*)
                0x00000000c000ecfa                zStrtok(char*, char const*)
                0x00000000c000ed6c                CmFindObjectFromPath(Reghive_Tag*, char const*)
 *fill*         0x00000000c000eded        0x1 
 .text          0x00000000c000edee       0xf2 krnl/computer.32
                0x00000000c000edee                Computer::close(int, int, void*)
                0x00000000c000edf4                Computer::Computer()
                0x00000000c000edf4                Computer::Computer()
                0x00000000c000ee38                Computer::open(int, int, void*)
 .text          0x00000000c000eee0       0x2b krnl/crc32.32
                0x00000000c000eee0                KeCalculateCRC32(unsigned char*, int)
 *fill*         0x00000000c000ef0b        0x1 
 .text          0x00000000c000ef0c      0x5bf krnl/env.32
                0x00000000c000ef0c                EnvVarContainer::getEnv(char const*)
                0x00000000c000ef4a                EnvVarContainer::setEnv(char const*, char const*)
                0x00000000c000f00c                EnvVarContainer::deleteEnv(char const*)
                0x00000000c000f00e                EnvVarContainer::loadFrom(char const*, char const*)
                0x00000000c000f232                EnvVarContainer::__loadSystem()
                0x00000000c000f24c                EnvVarContainer::__loadUser()
                0x00000000c000f24e                EnvVarContainer::EnvVarContainer(Process*)
                0x00000000c000f24e                EnvVarContainer::EnvVarContainer(Process*)
                0x00000000c000f270                EnvVarContainer::~EnvVarContainer()
                0x00000000c000f270                EnvVarContainer::~EnvVarContainer()
                0x00000000c000f2a0                KeGetEnv(Process*, char const*)
                0x00000000c000f305                KeSetEnvSystem(char const*, char const*)
                0x00000000c000f31f                KeSetEnvUser(char const*, char const*)
                0x00000000c000f33e                KeSetEnvProcess(Process*, char const*, char const*)
                0x00000000c000f351                KeDeleteEnvSystem(char const*)
                0x00000000c000f352                KeDeleteEnvUser(char const*)
                0x00000000c000f353                KeDeleteEnvProcess(Process*, char const*)
                0x00000000c000f354                KeNewProcessEnv(Process*)
                0x00000000c000f376                KeCopyProcessEnv(Process*, Process*)
                0x00000000c000f3c2                KeLoadSystemEnv()
                0x00000000c000f3f0                KeLoadUserEnv()
                0x00000000c000f416                KeFlushEnv()
                0x00000000c000f417                KeGetProcessTotalEnvCount(Process*)
                0x00000000c000f437                KeGetProcessEnvPair(Process*, int)
 *fill*         0x00000000c000f4cb        0x1 
 .text          0x00000000c000f4cc      0x1a8 krnl/fault.32
                0x00000000c000f4cc                KeDisplayProgramFault(char const*)
                0x00000000c000f51c                KeGeneralProtectionFault(void*, void*)
                0x00000000c000f570                KePageFault(void*, void*)
                0x00000000c000f5c4                KeOpcodeFault(void*, void*)
                0x00000000c000f618                KeOtherFault(void*, void*)
                0x00000000c000f64c                KeNonMaskableInterrupt(void*, void*)
                0x00000000c000f65c                KeDoubleFault(void*, void*)
 .text          0x00000000c000f674      0x1db krnl/gdt.32
                0x00000000c000f674                GDTEntry::setBase(unsigned int)
                0x00000000c000f690                GDTEntry::setLimit(unsigned int)
                0x00000000c000f6ae                GDT::GDT()
                0x00000000c000f6ae                GDT::GDT()
                0x00000000c000f6c4                GDT::addEntry(GDTEntry)
                0x00000000c000f6e6                GDT::getNumberOfEntries()
                0x00000000c000f6ee                GDT::flush()
                0x00000000c000f710                GDT::setup()
 .text          0x00000000c000f84f       0x20 krnl/idle.32
                0x00000000c000f84f                idleFunction(void*)
 *fill*         0x00000000c000f86f        0x1 
 .text          0x00000000c000f870      0x46c krnl/idt.32
                0x00000000c000f870                IDTEntry::IDTEntry(bool)
                0x00000000c000f870                IDTEntry::IDTEntry(bool)
                0x00000000c000f8ea                IDTEntry::setOffset(unsigned int)
                0x00000000c000f900                IDT::IDT()
                0x00000000c000f900                IDT::IDT()
                0x00000000c000f902                IDT::getPointerToInvalidOpcodeEntryForF00F()
                0x00000000c000f90a                IDT::addEntry(IDTEntry, int)
                0x00000000c000f924                IDT::addEntry(int, void (*)(), bool)
                0x00000000c000f95c                IDT::flush()
                0x00000000c000f976                IDT::setup()
 .text          0x00000000c000fcdc       0x9a krnl/inlines.32
                0x00000000c000fcdc                CPU::current()
                0x00000000c000fce8                operator new(unsigned long)
                0x00000000c000fced                operator delete(void*)
                0x00000000c000fcf2                disableIRQs()
                0x00000000c000fcf4                enableIRQs()
                0x00000000c000fcf6                lockScheduler()
                0x00000000c000fcfe                unlockScheduler()
                0x00000000c000fd10                lockStuff()
                0x00000000c000fd1e                unlockStuff()
                0x00000000c000fd5b                Virt::getAKernelVAS()
                0x00000000c000fd61                __not_memcpy
 .text          0x00000000c000fd76      0x2bc krnl/intlformat.32
                0x00000000c000fd76                KeFormatDate(char*, int, int, int, int, bool)
                0x00000000c000ff66                KeFormatShortDate(char*, int, int, int, int)
                0x00000000c000ff88                KeFormatLongDate(char*, int, int, int, int)
                0x00000000c000ffaa                KeSetLocale(klocale_t)
                0x00000000c000ffc0                KeInitialiseLocale()
                0x00000000c001002e                KeFormatCurrency(char*, int, long long, long long)
                0x00000000c001002f                KeFormatCurrency(char*, int, double)
                0x00000000c0010030                KeFormatNumber(char*, long long, long long)
                0x00000000c0010031                KeFormatNumber(char*, double)
 *fill*         0x00000000c0010032        0x2 
 .text          0x00000000c0010034      0x42e krnl/intops.32
                0x00000000c0010034                KeBasedUnsignedIntegerToString(unsigned long long, char*, int)
                0x00000000c00101bc                KeBasedSignedIntegerToString(long long, char*, int)
                0x00000000c0010368                KeGetDigitsInNumber(long long)
                0x00000000c00103d4                KeItoa(unsigned long long, char*)
                0x00000000c0010404                KeItoa(long long, char*)
                0x00000000c0010434                KeXtoa(unsigned long long, char*)
 .text          0x00000000c0010462      0x207 krnl/kheap.32
                0x00000000c0010462                sbrk
                0x00000000c00104f9                sbrk_thunk
                0x00000000c001052f                mmap
                0x00000000c001058d                munmap
                0x00000000c00105a2                liballoc_lock()
                0x00000000c00105b0                liballoc_unlock()
                0x00000000c00105c8                liballoc_alloc(int)
                0x00000000c00105e0                liballoc_free(void*, int)
                0x00000000c00105fb                realloc
                0x00000000c001060f                malloc
                0x00000000c001061f                free
                0x00000000c001062f                rfree
                0x00000000c001063f                calloc
 *fill*         0x00000000c0010669        0x3 
 .text          0x00000000c001066c      0x1d3 krnl/mailbox.32
                0x00000000c001066c                KeMailboxTryPost(Mailbox*, void*)
                0x00000000c00106cc                KeMailboxTryGet(Mailbox*, void**)
                0x00000000c001072c                KeMailboxCreate()
                0x00000000c0010760                KeMailboxPost(Mailbox*, void*)
                0x00000000c00107c4                KeMailboxGet(Mailbox*, void**)
                0x00000000c0010828                KeMailboxDestroy(Mailbox*)
 .text          0x00000000c001083f      0x204 krnl/main.32
                0x00000000c001083f                KeFirstTask()
                0x00000000c0010943                KeEntryPoint
 .text          0x00000000c0010a43        0x0 krnl/mathlinker.32
 *fill*         0x00000000c0010a43        0x1 
 .text          0x00000000c0010a44       0x1a krnl/mutex.32
                0x00000000c0010a44                Mutex::Mutex()
                0x00000000c0010a44                Mutex::Mutex()
 .text          0x00000000c0010a5e       0x12 krnl/panic.32
                0x00000000c0010a5e                KeIsKernelInPanic()
                0x00000000c0010a64                KePanic(char const*)
 .text          0x00000000c0010a70      0x5bc krnl/physmgr.32
                0x00000000c0010a70                Phys::allocateDMA(unsigned long)
                0x00000000c0010b58                Phys::freeDMA(unsigned long, unsigned long)
                0x00000000c0010b93                Phys::setPageState(unsigned long, bool)
                0x00000000c0010bd3                Phys::getPageState(unsigned long)
                0x00000000c0010bef                Phys::freePage(unsigned long)
                0x00000000c0010c58                Phys::allocatePage()
                0x00000000c0010d3f                Phys::allocateContiguousPages(int)
                0x00000000c0010dba                Phys::allowSegmentToBeUsed(unsigned long, unsigned long)
                0x00000000c0010df2                Phys::physicalMemorySetup(unsigned int)
 .text          0x00000000c001102c      0x275 krnl/pipe.32
                0x00000000c001102c                Pipe::isAtty()
                0x00000000c0011030                Pipe::~Pipe()
                0x00000000c0011030                Pipe::~Pipe()
                0x00000000c0011054                Pipe::~Pipe()
                0x00000000c001107c                Pipe::write(unsigned long long, void*, int*)
                0x00000000c001113c                Pipe::read(unsigned long long, void*, int*)
                0x00000000c001123a                Pipe::Pipe(int)
                0x00000000c001123a                Pipe::Pipe(int)
 .text          0x00000000c00112a1      0x1a3 krnl/powctrl.32
                0x00000000c00112a1                KePowerThread(void*)
                0x00000000c00112d3                KeChangePowerSettings(PowerSettings)
                0x00000000c00112e9                KeUserIOReceived()
                0x00000000c00112f4                KeSetupPowerManager()
                0x00000000c001137d                KePrepareShutdown()
                0x00000000c001139c                KeRegisterShutdownHandler(void (*)())
                0x00000000c00113a6                KeRegisterRestartHandler(void (*)())
                0x00000000c00113b0                KeRegisterSleepHandler(void (*)())
                0x00000000c00113ba                KeShutdown()
                0x00000000c00113f0                KeSleep()
                0x00000000c00113fc                KeHandlePowerButton()
                0x00000000c001140e                KeHandleSleepButton()
                0x00000000c0011420                KeRestart()
 .text          0x00000000c0011444       0x9d krnl/random.32
                0x00000000c0011444                KeRand()
                0x00000000c0011486                KeSeedRand(unsigned int)
                0x00000000c00114af                KeInitRand()
 *fill*         0x00000000c00114e1        0x3 
 .text          0x00000000c00114e4      0x26c krnl/resolve.32
                0x00000000c00114e4                KeResolveCompatibilitySymbol(char*)
 .text          0x00000000c0011750      0x415 krnl/semaphore.32
                0x00000000c0011750                Semaphore::Semaphore(int)
                0x00000000c0011750                Semaphore::Semaphore(int)
                0x00000000c0011780                Semaphore::tryAcquire()
                0x00000000c0011854                Semaphore::assertLocked(char const*)
                0x00000000c00118e0                Semaphore::acquire(int)
                0x00000000c0011a98                Semaphore::acquire()
                0x00000000c0011ab4                Semaphore::release()
 .text          0x00000000c0011b65      0x3a8 krnl/signal.32
                0x00000000c0011b65                KiSigKill(int)
                0x00000000c0011b79                KiDefaultSignalHandlerIgnore(int)
                0x00000000c0011b7a                KiDefaultSignalHandlerPause(int)
                0x00000000c0011ba6                KiDefaultSignalHandlerResume(int)
                0x00000000c0011bd2                KeDeinitSignals(SigHandlerBlock*)
                0x00000000c0011bd7                KeInitSignals()
                0x00000000c0011c49                KeRegisterSignalHandler(SigHandlerBlock*, int, void (*)(int), unsigned int, int)
                0x00000000c0011c7f                KeRaiseSignal(SigHandlerBlock*, int)
                0x00000000c0011d00                KeCheckSignal(SigHandlerBlock*, int*)
                0x00000000c0011e2f                KiCheckSignalZ
                0x00000000c0011e80                KeCompleteSignal(SigHandlerBlock*, int)
                0x00000000c0011ebb                KiFinishSignalZ
 .text          0x00000000c0011f0d      0xe91 krnl/syscalls.32
                0x00000000c0011f0d                SysSeekDir(regs*)
                0x00000000c0011f12                SysTellDir(regs*)
                0x00000000c0011f17                SysVerify(regs*)
                0x00000000c0011f21                SysGetArgc(regs*)
                0x00000000c0011f35                SysTTYName(regs*)
                0x00000000c0011f3d                SysFormatDisk(regs*)
                0x00000000c0011fb4                SysSetDiskVolumeLabel(regs*)
                0x00000000c0012008                SysGetDiskVolumeLabel(regs*)
                0x00000000c0012061                SysRealpath(regs*)
                0x00000000c00120a5                SysReadDir(regs*)
                0x00000000c0012125                SysIsATTY(regs*)
                0x00000000c001217f                SysSeek(regs*)
                0x00000000c00121dd                SysTell(regs*)
                0x00000000c0012252                SysSize(regs*)
                0x00000000c00122cc                SysSizeFromFilename(regs*)
                0x00000000c00123f6                SysSizeFromFilenameNoSymlink(regs*)
                0x00000000c0012520                SysClose(regs*)
                0x00000000c0012580                SysOpenDir(regs*)
                0x00000000c00125fd                SysMakeDir(regs*)
                0x00000000c001266b                SysCloseDir(regs*)
                0x00000000c00126bf                SysWait(regs*)
                0x00000000c00126e0                SysNotImpl(regs*)
                0x00000000c00126fb                SysPanic(regs*)
                0x00000000c0012716                SysRmdir(regs*)
                0x00000000c001277b                SysUnlink(regs*)
                0x00000000c00127e0                SysGetArgv(regs*)
                0x00000000c001282d                SysUSleep(regs*)
                0x00000000c0012857                SysSpawn(regs*)
                0x00000000c00128ca                SysGetEnv(regs*)
                0x00000000c001297b                SysSetFatAttrib(regs*)
                0x00000000c00129ee                SysShutdown(regs*)
                0x00000000c0012a4b                SysPipe(regs*)
                0x00000000c0012a90                SysGetUnixTime(regs*)
                0x00000000c0012b1d                string_ends_with(char const*, char const*)
                0x00000000c0012b65                SysOpen(regs*)
                0x00000000c0012d5c                KeSystemCall(regs*, void*)
 .text          0x00000000c0012d9e      0xb0b krnl/terminal.32
                0x00000000c0012d9e                VgaText::isAtty()
                0x00000000c0012da2                VgaText::~VgaText()
                0x00000000c0012da2                VgaText::~VgaText()
                0x00000000c0012dc6                VgaText::~VgaText()
                0x00000000c0012df0                VgaText::read(unsigned long long, void*, int*)
                0x00000000c0012e10                setTerminalScrollLock(bool)
                0x00000000c0012e11                doTerminalCycle()
                0x00000000c0012e12                addToTerminalCycle(VgaText*)
                0x00000000c0012e13                scrollTerminalScrollLock(int)
                0x00000000c0012e14                VgaText::updateTitle()
                0x00000000c0012e16                VgaText::load()
                0x00000000c0012e18                VgaText::updateCursor()
                0x00000000c0012e2e                VgaText::doANSI_SGR(int)
                0x00000000c0012ea2                VgaText::setDefaultBgColour(VgaColour)
                0x00000000c0012eb2                VgaText::setDefaultFgColour(VgaColour)
                0x00000000c0012ec2                VgaText::setDefaultColours(VgaColour, VgaColour)
                0x00000000c0012ee2                VgaText::setTitleTextColour(VgaColour)
                0x00000000c0012eee                VgaText::setTitleColour(VgaColour)
                0x00000000c0012efa                VgaText::setTitle(char*)
                0x00000000c0012efc                VgaText::combineColours(unsigned char, unsigned char)
                0x00000000c0012f0e                VgaText::scrollScreen()
                0x00000000c0012fa0                VgaText::combineCharAndColour(char, unsigned char)
                0x00000000c0012fb0                VgaText::writeCharacter(char, VgaColour, VgaColour, int, int)
                0x00000000c001305c                VgaText::getCursorX()
                0x00000000c0013064                VgaText::getCursorY()
                0x00000000c001306c                VgaText::setCursor(int, int)
                0x00000000c0013083                setActiveTerminal(VgaText*)
                0x00000000c00130ce                VgaText::clearScreen()
                0x00000000c001311c                VgaText::setCursorX(int)
                0x00000000c0013134                VgaText::setCursorY(int)
                0x00000000c001314c                VgaText::incrementCursor(bool)
                0x00000000c00131a0                VgaText::decrementCursor(bool)
                0x00000000c00131c2                VgaText::putchar(char, VgaColour, VgaColour)
                0x00000000c0013292                VgaText::putchar(char)
                0x00000000c001338a                VgaText::putx(unsigned int)
                0x00000000c00133d0                VgaText::puts(char const*)
                0x00000000c00133f6                VgaText::write(unsigned long long, void*, int*)
                0x00000000c0013442                VgaText::puts(char const*, VgaColour, VgaColour)
                0x00000000c00135bc                VgaText::VgaText(char const*)
                0x00000000c00135bc                VgaText::VgaText(char const*)
                0x00000000c001371c                VgaText::receiveKey(unsigned char)
                0x00000000c00138a8                VgaText::doUpdate()
 *fill*         0x00000000c00138a9        0x3 
 .text          0x00000000c00138ac      0x224 krnl/tss.32
                0x00000000c00138ac                TSS::TSS()
                0x00000000c00138ac                TSS::TSS()
                0x00000000c00138bc                TSS::setESP(unsigned long)
                0x00000000c00138d0                TSS::flush()
                0x00000000c00138f0                TSS::setup(unsigned long, unsigned long)
 .text          0x00000000c0013ad0      0x4ce krnl/unixfile.32
                0x00000000c0013ad0                ReservedFilename::read(unsigned long long, void*, int*)
                0x00000000c0013b26                ReservedFilename::isAtty()
                0x00000000c0013b42                ReservedFilename::write(unsigned long long, void*, int*)
                0x00000000c0013ba0                UnixFile::getFileDescriptor()
                0x00000000c0013ba8                UnixFile::UnixFile(int)
                0x00000000c0013ba8                UnixFile::UnixFile(int)
                0x00000000c0013d5c                ReservedFilename::ReservedFilename(int)
                0x00000000c0013d5c                ReservedFilename::ReservedFilename(int)
                0x00000000c0013d8e                UnixFile::~UnixFile()
                0x00000000c0013d8e                UnixFile::~UnixFile()
                0x00000000c0013e2a                UnixFile::~UnixFile()
                0x00000000c0013e52                ReservedFilename::~ReservedFilename()
                0x00000000c0013e52                ReservedFilename::~ReservedFilename()
                0x00000000c0013e76                ReservedFilename::~ReservedFilename()
                0x00000000c0013e9d                KeGetFileFromDescriptor(int)
 .text          0x00000000c0013f9e     0x132b krnl/virtmgr.32
                0x00000000c0013f9e                Virt::setPageState(unsigned long, Virt::VirtPageState)
                0x00000000c0013fd8                Virt::getPageState(unsigned long)
                0x00000000c0013ffb                Virt::allocateKernelVirtualPages(int)
                0x00000000c0014120                Virt::freeSwapfilePage(unsigned long)
                0x00000000c0014143                Virt::swapIDToSector(unsigned long)
                0x00000000c0014159                Virt::allocateSwapfilePage()
                0x00000000c00141d9                Virt::virtualMemorySetup()
                0x00000000c001422a                Virt::setupPageSwapping(int)
                0x00000000c001429c                VAS::setCPUSpecific(unsigned long)
                0x00000000c001429e                VAS::VAS(VAS*)
                0x00000000c001429e                VAS::VAS(VAS*)
                0x00000000c00142b6                VAS::getForeignPageTableEntry(bool, unsigned long)
                0x00000000c00142e4                VAS::getPageTableEntry(unsigned long)
                0x00000000c0014303                Virt::freeKernelVirtualPages(unsigned long)
                0x00000000c0014440                VAS::freeAllocatedPages(unsigned long)
                0x00000000c0014464                VAS::virtualToPhysical(unsigned long)
                0x00000000c001447e                VAS::reflagRange(unsigned long, int, unsigned long, unsigned long)
                0x00000000c00144c0                VAS::VAS()
                0x00000000c00144c0                VAS::VAS()
                0x00000000c001452a                VAS::setToWriteCombining(unsigned long, int)
                0x00000000c001454a                VAS::mapOtherVASIn(bool, VAS*)
                0x00000000c0014576                VAS::~VAS()
                0x00000000c0014576                VAS::~VAS()
                0x00000000c00146de                VAS::mapPage(unsigned long, unsigned long, int)
                0x00000000c00147e2                VAS::allocatePages(int, int)
                0x00000000c00148c8                VAS::mapRange(unsigned long, unsigned long, int, int)
                0x00000000c0014920                VAS::mapForeignPage(bool, VAS*, unsigned long, unsigned long, int)
                0x00000000c0014a16                VAS::VAS(bool)
                0x00000000c0014a16                VAS::VAS(bool)
                0x00000000c0014bfe                VAS::evict(unsigned long)
                0x00000000c0014d02                VAS::canLockPage(unsigned long)
                0x00000000c0014d1c                VAS::unlockPage(unsigned long)
                0x00000000c0014d50                VAS::canLockPages(unsigned long, int)
                0x00000000c0014d8c                VAS::unlockPages(unsigned long, int)
                0x00000000c0014dc8                VAS::tryLoadBackOffDisk(unsigned long)
                0x00000000c0014f42                VAS::lockPage(unsigned long)
                0x00000000c0014fb4                VAS::lockPages(unsigned long, int)
                0x00000000c0014ff0                VAS::allocateSharedMemoryWithKernel(unsigned long, unsigned long*)
                0x00000000c0015064                VAS::freeSharedMemoryWithKernel(unsigned long, unsigned long)
                0x00000000c0015090                VAS::scanForEviction()
                0x00000000c00151ce                mapVASFirstTime
 .text          0x00000000c00152c9       0x2f sys/alarm.32
                0x00000000c00152c9                SysAlarm(regs*)
 .text          0x00000000c00152f8       0x36 sys/eject.32
                0x00000000c00152f8                SysEject(regs*)
 .text          0x00000000c001532e       0x18 sys/exit.32
                0x00000000c001532e                SysExit(regs*)
 .text          0x00000000c0015346       0x1f sys/getcwd.32
                0x00000000c0015346                SysGetCwd(regs*)
 .text          0x00000000c0015365       0x26 sys/getpid.32
                0x00000000c0015365                SysGetPID(regs*)
 .text          0x00000000c001538b       0x21 sys/getramdata.32
                0x00000000c001538b                SysGetRAMData(regs*)
 .text          0x00000000c00153ac       0xbe sys/getvgaptr.32
                0x00000000c00153ac                SysGetVGAPtr(regs*)
 *fill*         0x00000000c001546a        0x2 
 .text          0x00000000c001546c       0xb9 sys/kill.32
                0x00000000c001546c                SysKill(regs*)
 .text          0x00000000c0015525       0x9e sys/loaddll.32
                0x00000000c0015525                SysLoadDLL(regs*)
 .text          0x00000000c00155c3       0x12 sys/pause.32
                0x00000000c00155c3                SysPause(regs*)
 .text          0x00000000c00155d5       0x49 sys/pthread.32
                0x00000000c00155d5                SysPthreadCreate(regs*)
                0x00000000c00155ed                SysPthreadGetTID(regs*)
                0x00000000c00155f7                SysInternalPthreadGetContext(regs*)
                0x00000000c00155fc                SysInternalPthreadGetStartLocation(regs*)
                0x00000000c0015601                SysPthreadJoin(regs*)
                0x00000000c0015606                SysPthreadExit(regs*)
 .text          0x00000000c001561e       0x68 sys/read.32
                0x00000000c001561e                SysRead(regs*)
 .text          0x00000000c0015686       0x29 sys/registersignal.32
                0x00000000c0015686                SysRegisterSignal(regs*)
 .text          0x00000000c00156af      0x1cc sys/registry.32
                0x00000000c00156af                SysRegistryGetTypeFromPath(regs*)
                0x00000000c00156f3                SysRegistryReadExtent(regs*)
                0x00000000c001573b                SysRegistryPathToExtentLookup(regs*)
                0x00000000c0015752                SysRegistryEnterDirectory(regs*)
                0x00000000c0015769                SysRegistryGetNext(regs*)
                0x00000000c0015780                SysRegistryGetNameAndTypeFromExtent(regs*)
                0x00000000c00157ba                SysRegistryOpen(regs*)
                0x00000000c00157ce                SysRegistryClose(regs*)
                0x00000000c00157e5                SysRegistryEasyReadString(regs*)
                0x00000000c0015831                SysRegistryEasyReadInteger(regs*)
 .text          0x00000000c001587b       0x55 sys/sbrk.32
                0x00000000c001587b                SysSbrk(regs*)
 .text          0x00000000c00158d0       0x1c sys/setcwd.32
                0x00000000c00158d0                SysSetCwd(regs*)
 .text          0x00000000c00158ec       0xd7 sys/settime.32
                0x00000000c00158ec                SysSetTime(regs*)
 .text          0x00000000c00159c3       0x73 sys/symlink.32
                0x00000000c00159c3                SysSymlink(regs*)
 .text          0x00000000c0015a36       0x3e sys/timezone.32
                0x00000000c0015a36                SysTimezone(regs*)
 .text          0x00000000c0015a74       0xfc sys/truncate.32
                0x00000000c0015a74                SysTruncate(regs*)
 .text          0x00000000c0015b70       0x68 sys/write.32
                0x00000000c0015b70                SysWrite(regs*)
 .text          0x00000000c0015bd8       0x9d sys/wsbe.32
                0x00000000c0015bd8                SysWsbe(regs*)
 .text          0x00000000c0015c75       0x28 sys/yield.32
                0x00000000c0015c75                SysYield(regs*)
 *fill*         0x00000000c0015c9d        0x3 
 .text          0x00000000c0015ca0      0x281 thr/alarm.32
                0x00000000c0015ca0                KeAlarm(ThreadControlBlock*, unsigned long long)
                0x00000000c0015e30                KeCheckAlarm(ThreadControlBlock*)
 .text          0x00000000c0015f21      0x84a thr/elf.32
                0x00000000c0015f21                Thr::allocateMemoryForTask(Process*, File*, unsigned long, unsigned long, unsigned long)
                0x00000000c00161b3                Thr::loadProgramIntoMemory(Process*, char const*)
                0x00000000c001644b                Thr::runtimeReferenceHelper()
                0x00000000c001645e                Thr::getAddressOfKernelSymbol(char const*)
                0x00000000c00164ad                Thr::loadKernelSymbolTable(char const*)
 .text          0x00000000c001676b      0x568 thr/elf2.32
                0x00000000c001676b                KeIsELFValid(Elf32_Ehdr*)
                0x00000000c001678a                KeGetELFSectionHeader(unsigned char*, int)
                0x00000000c0016799                KeGetELFProgramHeader(unsigned char*, int)
                0x00000000c00167aa                KeLookupELFString(unsigned char*, int)
                0x00000000c00167cd                KeLoadELFProgramHeaders(unsigned char*, bool, unsigned long)
                0x00000000c0016887                KeGetELFSymbolValue(unsigned char*, int, int, bool*, unsigned long, unsigned long)
                0x00000000c0016923                KePerformRelocation(unsigned char*, unsigned long, Elf32_Shdr*, Elf32_Rel*)
                0x00000000c00169a3                KePerformRelocations(unsigned char*, unsigned long)
                0x00000000c0016a58                KeLoadELF(unsigned char*, bool, unsigned long)
                0x00000000c0016acd                KeLoadDriver(char const*)
                0x00000000c0016c36                KeExecuteDriver(unsigned long, void*)
                0x00000000c0016c60                KeLoadAndExecuteDriver(char const*, void*, bool)
 .text          0x00000000c0016cd3       0x5a thr/exec.32
                0x00000000c0016cd3                KeProcessExec(Process*, char const*)
 *fill*         0x00000000c0016d2d        0x3 
 .text          0x00000000c0016d30     0x1299 thr/prcssthr.32
                0x00000000c0016d30                userModeEntryPoint(void*)
                0x00000000c0016d5c                changeTSS
                0x00000000c0016d8c                switchToThread(ThreadControlBlock*)
                0x00000000c0016e4c                Process::addArgs(char**)
                0x00000000c0016eb8                Process::Process(char const*, Process*, char**)
                0x00000000c0016eb8                Process::Process(char const*, Process*, char**)
                0x00000000c00170f0                Process::Process(bool, char const*, Process*, char**)
                0x00000000c00170f0                Process::Process(bool, char const*, Process*, char**)
                0x00000000c00172dc                taskStartupFunction
                0x00000000c00172e8                KeDisablePreemption()
                0x00000000c0017310                KeRestorePreemption()
                0x00000000c0017330                Process::createThread(void (*)(void*), void*, int)
                0x00000000c0017494                Process::createUserThread()
                0x00000000c00174b4                setupMultitasking(void (*)())
                0x00000000c00175fc                schedule()
                0x00000000c0017690                blockTaskWithSchedulerLockAlreadyHeld(TaskState)
                0x00000000c00176bc                blockTask(TaskState)
                0x00000000c00176f8                waitTask(int, int*, int)
                0x00000000c001773c                milliTenthSleepUntil(unsigned long long)
                0x00000000c00177f0                milliTenthSleep(unsigned long long)
                0x00000000c0017808                sleep(unsigned long long)
                0x00000000c0017828                sleep(unsigned int)
                0x00000000c0017840                milliTenthSleep(unsigned int)
                0x00000000c0017860                taskReturned
                0x00000000c00178a8                KeProcessFromPID(int)
                0x00000000c0017958                unblockTask(ThreadControlBlock*)
                0x00000000c0017a0c                cleanupTerminatedTask(ThreadControlBlock*)
                0x00000000c0017ce4                cleanerTaskFunction(void*)
                0x00000000c0017dfc                KeTerminateCurrentThread(int)
 .text          0x00000000c0017fc9     0x1899 vm86/vm8086.32
                0x00000000c0017fc9                Vm::inbv(unsigned short)
                0x00000000c0018000                Vm::outbv(unsigned short, unsigned char)
                0x00000000c0018067                Vm::realToLinear(unsigned short, unsigned short)
                0x00000000c001808c                Vm::getSegment(unsigned int)
                0x00000000c0018097                Vm::getOffset(unsigned int)
                0x00000000c001809f                Vm::mainloop2()
                0x00000000c0018112                Vm::mainVm8086Loop(void*)
                0x00000000c0018132                Vm::mainloop3(unsigned long)
                0x00000000c001816a                Vm::initialise8086()
                0x00000000c00181b4                Vm::finish8086()
                0x00000000c0018225                Vm::getOutput8086(unsigned char*)
                0x00000000c0018286                Vm::start8086FromBuffer(unsigned char*, int, unsigned short, unsigned short, unsigned short, unsigned short)
                0x00000000c00183cc                Vm::start8086(char const*, unsigned short, unsigned short, unsigned short, unsigned short)
                0x00000000c0018608                Vm::doISR(regs*, int, unsigned char*, unsigned short, unsigned short)
                0x00000000c001880c                Vm::readByteFromReal(unsigned short, unsigned short)
                0x00000000c001885f                Vm::readWordFromReal(unsigned short, unsigned short)
                0x00000000c00188b3                Vm::readDwordFromReal(unsigned short, unsigned short)
                0x00000000c0018906                Vm::writeByteFromReal(unsigned short, unsigned short, unsigned char)
                0x00000000c0018965                Vm::writeWordFromReal(unsigned short, unsigned short, unsigned short)
                0x00000000c00189c4                Vm::writeDwordFromReal(unsigned short, unsigned short, unsigned int)
                0x00000000c0018a1b                Vm::faultHandler(regs*)
 .text          0x00000000c0019862      0x45f arch/i386/apic.32
                0x00000000c0019862                IOAPIC::close(int, int, void*)
                0x00000000c0019868                apicGetBase()
                0x00000000c00198a2                IOAPIC::IOAPIC()
                0x00000000c00198a2                IOAPIC::IOAPIC()
                0x00000000c00198ca                apicOpen()
                0x00000000c0019a56                IOAPIC::handlesGSIWithNumber(unsigned int)
                0x00000000c0019a88                IOAPIC::read(int)
                0x00000000c0019ab0                IOAPIC::open(int, int, void*)
                0x00000000c0019b96                IOAPIC::write(int, int)
                0x00000000c0019bc2                IOAPIC::redirect(unsigned char, unsigned long long, unsigned char, bool, bool)
 *fill*         0x00000000c0019cc1        0x1 
 .text          0x00000000c0019cc2     0x1f81 arch/i386/hal.32
                0x00000000c0019cc2                noCopro(unsigned long)
                0x00000000c0019cc3                HalRestart()
                0x00000000c0019cce                HalShutdown()
                0x00000000c0019ccf                HalSleep()
                0x00000000c0019cd0                CPU::close(int, int, void*)
                0x00000000c0019cd3                x86ReadCMOS(unsigned char)
                0x00000000c0019d27                x86WriteCMOS(unsigned char, unsigned char)
                0x00000000c0019d87                AMD_K6_write_msr(unsigned int, unsigned int, unsigned int, REGS*)
                0x00000000c0019da6                AMD_K6_read_msr(unsigned int, REGS*)
                0x00000000c0019dc3                AMD_K6_writeback(int, int, int)
                0x00000000c0019e83                cpuid(int, unsigned long*, unsigned long*, unsigned long*, unsigned long*)
                0x00000000c0019f21                cpuidCheckEDX(unsigned int)
                0x00000000c0019f4e                cpuidCheckECX(unsigned int)
                0x00000000c0019f7c                cpuidCheckExtendedEBX(unsigned int)
                0x00000000c0019faa                cpuidCheckExtendedECX(unsigned int)
                0x00000000c0019fd8                HalDetectFeatures()
                0x00000000c001adc3                HalEnableNMI()
                0x00000000c001add6                HalDisableNMI()
                0x00000000c001ade9                HalGetNMIState()
                0x00000000c001adef                HalIsAPICEnabled()
                0x00000000c001ae00                x86rdmsr(unsigned int)
                0x00000000c001ae3e                x86wrmsr(unsigned int, unsigned long long)
                0x00000000c001ae83                HalHandleGeneralProtectionFault(void*, void*)
                0x00000000c001aeae                HalFindRSDP()
                0x00000000c001af8b                HalHandlePageFault(void*, void*)
                0x00000000c001afba                HalHandleOpcodeFault(void*, void*)
                0x00000000c001affc                HalDisplayDebugInfo(void*)
                0x00000000c001b38a                HalReceivedNMI()
                0x00000000c001b425                HalSystemIdle()
                0x00000000c001b484                i386SaveCoprocessor(void*)
                0x00000000c001b498                i386LoadCoprocessor(void*)
                0x00000000c001b4ac                x87EmulHandler(regs*, void*)
                0x00000000c001b549                HalInitialiseCoprocessor()
                0x00000000c001b5e7                HalPanic(char const*)
                0x00000000c001b6fb                HalQueryPerformanceCounter()
                0x00000000c001b70b                HalInitialise()
                0x00000000c001b8f3                HalMakeBeep(int)
                0x00000000c001b92d                HalGetRand()
                0x00000000c001b930                HalEndOfInterrupt(int)
                0x00000000c001b95c                CPU::CPU()
                0x00000000c001b95c                CPU::CPU()
                0x00000000c001b9e0                CPU::setupSMEP()
                0x00000000c001b9ec                CPU::setupUMIP()
                0x00000000c001b9f6                CPU::setupTSC()
                0x00000000c001ba00                CPU::setupLargePages()
                0x00000000c001ba0a                CPU::setupPAT()
                0x00000000c001ba3c                CPU::setupMTRR()
                0x00000000c001ba3e                CPU::setupGlobalPages()
                0x00000000c001ba48                CPU::allowUsermodeDataAccess()
                0x00000000c001ba56                CPU::prohibitUsermodeDataAccess()
                0x00000000c001ba64                CPU::setupSMAP()
                0x00000000c001ba72                CPU::setupFeatures()
                0x00000000c001bb3e                CPU::open(int, int, void*)
 .text          0x00000000c001bc43      0x341 arch/i386/intctrl.32
                0x00000000c001bc43                convertLegacyIRQNumber(int)
                0x00000000c001bc7f                KeSetupInterrupts()
                0x00000000c001bcdc                int_handler
                0x00000000c001bd5f                HalInstallISRHandler(int, void (*)(regs*, void*), void*)
                0x00000000c001bda9                HalInstallIRQHandler(int, void (*)(regs*, void*), bool, void*)
                0x00000000c001bed7                HalUninstallISRHandler(int, void (*)(regs*, void*))
                0x00000000c001bf0b                HalUninstallIRQHandler(int, void (*)(regs*, void*), bool)
 .text          0x00000000c001bf84      0x2dc arch/i386/pic.32
                0x00000000c001bf84                picIoWait()
                0x00000000c001bf8c                picDisable()
                0x00000000c001bfc0                picGetIRQReg(int)
                0x00000000c001c03c                picOpen()
                0x00000000c001c1c0                picEOI(int)
 .text          0x00000000c001c260      0x5f3 arch/i386/rtc.32
                0x00000000c001c260                RTC::open(int, int, void*)
                0x00000000c001c264                RTC::close(int, int, void*)
                0x00000000c001c268                RTC::timeInSecondsUTC()
                0x00000000c001c27a                RTC::timeInDatetimeUTC()
                0x00000000c001c2a0                RTC::setTimeInSecondsUTC(unsigned long long)
                0x00000000c001c2de                RTC::~RTC()
                0x00000000c001c2de                RTC::~RTC()
                0x00000000c001c302                RTC::~RTC()
                0x00000000c001c32c                RTC::get_update_in_progress_flag()
                0x00000000c001c340                RTC::completeRTCRefresh()
                0x00000000c001c5f4                RTC::setTimeInDatetimeUTC(datetime_t)
                0x00000000c001c76a                rtcIRQHandler(regs*, void*)
                0x00000000c001c7aa                RTC::RTC()
                0x00000000c001c7aa                RTC::RTC()
 *fill*         0x00000000c001c853        0x1 
 .text          0x00000000c001c854      0x1f4 arch/i386/vga.32
                0x00000000c001c854                HalConsoleScroll(int, int)
                0x00000000c001c95c                HalConsoleWriteCharacter(char, int, int, int, int)
                0x00000000c001c9c0                HalConsoleCursorUpdate(int, int)
 .text          0x00000000c001ca48       0x16 drv/driver/acpi.32
                0x00000000c001ca48                ACPIDriver::initialise()
                0x00000000c001ca4c                ACPIDriver::detect()
                0x00000000c001ca50                ACPIDriver::deinitialise()
                0x00000000c001ca54                ACPIDriver::setPowerState(DevicePowerState)
                0x00000000c001ca58                ACPIDriver::getHumanReadableName()
 .text          0x00000000c001ca5e      0x517 drv/driver/dma8237.32
                0x00000000c001ca5e                DMA8237::detect()
                0x00000000c001ca60                DMA8237::deinitialise()
                0x00000000c001ca62                DMA8237::setPowerState(DevicePowerState)
                0x00000000c001ca64                DMA8237::getHumanReadableName()
                0x00000000c001ca6a                DMA8237::initialise()
                0x00000000c001caea                DMAChannel::DMAChannel(int)
                0x00000000c001caea                DMAChannel::DMAChannel(int)
                0x00000000c001cb42                DMAChannel::~DMAChannel()
                0x00000000c001cb42                DMAChannel::~DMAChannel()
                0x00000000c001cb70                DMAChannel::getAddress()
                0x00000000c001cb78                DMAChannel::getChannelNum()
                0x00000000c001cb80                DMAChannel::setLength(unsigned int)
                0x00000000c001cba0                DMAChannel::setAddress(unsigned int)
                0x00000000c001cbac                DMAChannel::allocateAddressAndSet(unsigned short)
                0x00000000c001cbd2                DMAChannel::stop()
                0x00000000c001cbd4                DMAChannel::mask(bool)
                0x00000000c001cbfe                DMAChannel::unmask()
                0x00000000c001cc0c                DMAChannel::setMode(unsigned char)
                0x00000000c001cc4c                DMAChannel::start()
                0x00000000c001cd32                DMA8237::getAvailable()
                0x00000000c001cd6c                DMA8237::tryLockChannelWithBase(int)
                0x00000000c001cdea                DMA8237::lockChannelWithBase(int)
                0x00000000c001ce08                DMA8237::tryLockChannel8()
                0x00000000c001ce1a                DMA8237::tryLockChannel16()
                0x00000000c001ce2c                DMA8237::tryLockChannel(int)
                0x00000000c001ceba                DMA8237::lockChannel8()
                0x00000000c001cecc                DMA8237::lockChannel16()
                0x00000000c001cede                DMA8237::lockChannel(int)
                0x00000000c001cefc                DMA8237::unlockChannel(DMAChannel*)
 *fill*         0x00000000c001cf75        0x3 
 .text          0x00000000c001cf78      0x18c drv/driver/isa.32
                0x00000000c001cf78                ISADriver::detect()
                0x00000000c001cf7a                ISADriver::deinitialise()
                0x00000000c001cf7c                ISADriver::setPowerState(DevicePowerState)
                0x00000000c001cf7e                ISADriver::getHumanReadableName()
                0x00000000c001cf84                ISADriver::detectCOMPort(unsigned short)
                0x00000000c001d044                ISADriver::initialise()
 .text          0x00000000c001d104      0x342 drv/driver/isapnp.32
                0x00000000c001d104                ISAPnPDriver::detect()
                0x00000000c001d106                ISAPnPDriver::deinitialise()
                0x00000000c001d108                ISAPnPDriver::setPowerState(DevicePowerState)
                0x00000000c001d10a                ISAPnPDriver::getHumanReadableName()
                0x00000000c001d110                ISAPnPDriver::sendInitiationKey()
                0x00000000c001d162                ISAPnPDriver::isolateCard()
                0x00000000c001d1ee                ISAPnPDriver::writeRegister(unsigned char, unsigned char)
                0x00000000c001d204                ISAPnPDriver::changeReadPortBase()
                0x00000000c001d298                ISAPnPDriver::resetAllCards()
                0x00000000c001d2aa                ISAPnPDriver::readRegister(unsigned char)
                0x00000000c001d2bc                ISAPnPDriver::initialise()
 *fill*         0x00000000c001d446        0x2 
 .text          0x00000000c001d448     0x1271 drv/driver/pci.32
                0x00000000c001d448                PCIDriver::deinitialise()
                0x00000000c001d44c                PCIDriver::setPowerState(DevicePowerState)
                0x00000000c001d450                PCIDriver::getHumanReadableName()
                0x00000000c001d458                PCIDriver::readBAR8(unsigned int, int)
                0x00000000c001d4b0                PCIDriver::readBAR16(unsigned int, int)
                0x00000000c001d508                PCIDriver::readBAR32(unsigned int, int)
                0x00000000c001d560                PCIDriver::writeBAR8(unsigned int, unsigned char, int)
                0x00000000c001d5c4                PCIDriver::writeBAR16(unsigned int, unsigned short, int)
                0x00000000c001d630                PCIDriver::writeBAR32(unsigned int, unsigned int, int)
                0x00000000c001d690                PCIDriver::readWord(unsigned char, unsigned char, unsigned char, unsigned char)
                0x00000000c001d744                PCIDriver::writeWord(unsigned char, unsigned char, unsigned char, unsigned char, unsigned short)
                0x00000000c001d860                PCIDriver::getVendorID(unsigned char, unsigned char, unsigned char)
                0x00000000c001d8a0                PCIDriver::getHeaderType(unsigned char, unsigned char, unsigned char)
                0x00000000c001d8e0                PCIDriver::getClassCode(unsigned char, unsigned char, unsigned char)
                0x00000000c001d95c                PCIDriver::getProgIF(unsigned char, unsigned char, unsigned char)
                0x00000000c001d9a0                PCIDriver::getRevisionID(unsigned char, unsigned char, unsigned char)
                0x00000000c001d9e0                PCIDriver::getInterruptNumber(unsigned char, unsigned char, unsigned char)
                0x00000000c001da20                PCIDriver::getSecondaryBus(unsigned char, unsigned char, unsigned char)
                0x00000000c001da64                PCIDriver::getBARAddress(unsigned char, unsigned char, unsigned char, unsigned char)
                0x00000000c001daf4                PCIDriver::lookupDeviceName(DevicePCIConnectionInfo)
                0x00000000c001e09c                PCIDriver::registerDevice(unsigned char, unsigned char, unsigned char)
                0x00000000c001e3cc                PCIDriver::checkDevice(unsigned char, unsigned char)
                0x00000000c001e4c8                PCIDriver::checkBus(unsigned char)
                0x00000000c001e514                PCIDriver::enumerateDevices()
                0x00000000c001e5b8                PCIDriver::initialise()
                0x00000000c001e600                PCIDriver::detect()
 *fill*         0x00000000c001e6b9        0x1 
 .text          0x00000000c001e6ba      0x511 drv/driver/uart16550.32
                0x00000000c001e6ba                UART16550::detect()
                0x00000000c001e6bc                UART16550::deinitialise()
                0x00000000c001e6be                UART16550::setPowerState(DevicePowerState)
                0x00000000c001e6c0                UART16550::getHumanReadableName()
                0x00000000c001e6da                UART16550::areInterruptsSupported()
                0x00000000c001e6de                UART16550::areInterruptsEnabled()
                0x00000000c001e6e6                UART16550::enableInterrupts(bool)
                0x00000000c001e702                UART16550::getBaud()
                0x00000000c001e70a                UART16550::write(unsigned char)
                0x00000000c001e72e                UART16550::getHardwareBufferSize()
                0x00000000c001e734                UART16550::getNumberBytesInIRQBuffer()
                0x00000000c001e740                UART16550::getMaximumBytesInIRQBuffer()
                0x00000000c001e746                UART16550::emptyBuffer()
                0x00000000c001e756                UART16550::isDataReady()
                0x00000000c001e770                UART16550::isParityModeSupported(SerialParityMode)
                0x00000000c001e77a                UART16550::getPartityMode()
                0x00000000c001e782                UART16550::isTransmissionSizeValid(int)
                0x00000000c001e790                UART16550::getTransmissionSize()
                0x00000000c001e798                UART16550::isNumberOfStopBitsValid(int)
                0x00000000c001e7a4                UART16550::getNumberOfStopBits()
                0x00000000c001e7ac                UART16550::supportsHardwareStopBits()
                0x00000000c001e7b0                UART16550::supportsHardwareParity()
                0x00000000c001e7b4                UART16550::isBreakOn()
                0x00000000c001e7bc                UART16550::enableLookback(bool)
                0x00000000c001e7dc                UART16550::isLoopbackOn()
                0x00000000c001e7ec                UART16550::setDataTerminalRead(bool)
                0x00000000c001e80c                UART16550::setRequestToSend(bool)
                0x00000000c001e82c                UART16550::setAux1(bool)
                0x00000000c001e84c                UART16550::setAux2(bool)
                0x00000000c001e86c                UART16550::didAnyErrorsOccur()
                0x00000000c001e880                UART16550::clearAllErrors()
                0x00000000c001e88e                UART16550::clearFirstError()
                0x00000000c001e89c                UART16550::getFirstError()
                0x00000000c001e8b2                UART16550::waitForData()
                0x00000000c001e8ee                UART16550::initialise()
                0x00000000c001e95a                UART16550::recomputeLineControlRegister()
                0x00000000c001e9f0                UART16550::setParityMode(SerialParityMode)
                0x00000000c001ea1e                UART16550::setTransmissionSize(int)
                0x00000000c001ea4c                UART16550::setNumberOfStopBits(int)
                0x00000000c001ea7a                UART16550::enableBreak(bool)
                0x00000000c001ea8a                UART16550::getBaudDivisor(int)
                0x00000000c001eaae                UART16550::setBaud(int)
                0x00000000c001eae2                UART16550::getClosestSupportedBaud(int)
                0x00000000c001eafc                UART16550::fillIRQBuffer()
                0x00000000c001eb5e                UART16550::read()
                0x00000000c001ebbc                UART16550::recomputeModemControlRegister()
 *fill*         0x00000000c001ebcb        0x1 
 .text          0x00000000c001ebcc     0x14cf fs/fat/vfslink.32
                0x00000000c001ebcc                FAT::getName()