Archive member included to satisfy reference by file (symbol)

/cygdrive/d/Users/Alex/Desktop/Toolchain/Output/bin/../lib/gcc/i386-banana/8.1.0/libkgcc.a(_divdi3.o)
                              fs/fat/ff.32 (__divdi3)
/cygdrive/d/Users/Alex/Desktop/Toolchain/Output/bin/../lib/gcc/i386-banana/8.1.0/libkgcc.a(_moddi3.o)
                              compat/resolve.32 (__moddi3)
/cygdrive/d/Users/Alex/Desktop/Toolchain/Output/bin/../lib/gcc/i386-banana/8.1.0/libkgcc.a(_udivdi3.o)
                              fs/fat/ff.32 (__udivdi3)
/cygdrive/d/Users/Alex/Desktop/Toolchain/Output/bin/../lib/gcc/i386-banana/8.1.0/libkgcc.a(_umoddi3.o)
                              compat/resolve.32 (__umoddi3)
D:/Users/Alex/Desktop/Banana/kernel/libsoftfp.a(sfieeelib.o)
                              hal/sound/sndhw.32 (__addsf3)
D:/Users/Alex/Desktop/Banana/kernel/libsoftfp.a(dfieeelib.o)
                              hal/libresample/src_linear.32 (__adddf3)
D:/Users/Alex/Desktop/Banana/kernel/libsoftfp.a(sfdfcvt.o)
                              hal/libresample/samplerate.32 (__truncdfsf2)
D:/Users/Alex/Desktop/Banana/kernel/libk/libm32.a(s_fabs.c.o)
                              hal/libresample/samplerate.32 (fabs)
D:/Users/Alex/Desktop/Banana/kernel/libk/libm32.a(s_lrint.S.o)
                              hal/libresample/samplerate.32 (lrint)
D:/Users/Alex/Desktop/Banana/kernel/libk/libm32.a(s_lrintf.S.o)
                              hal/sound/sndhw.32 (lrintf)

Discarded input sections

 .comment       0x0000000000000000       0x12 /cygdrive/d/Users/Alex/Desktop/Toolchain/Output/bin/../lib/gcc/i386-banana/8.1.0/crtbegin.o
 .comment       0x0000000000000000       0x12 acpica/utclib.32
 .comment       0x0000000000000000       0x12 core/malloc.32
 .comment       0x0000000000000000       0x12 libk/string.32
 .comment       0x0000000000000000       0x12 fs/fat/diskio.32
 .comment       0x0000000000000000       0x12 fs/fat/ff.32
 .comment       0x0000000000000000       0x12 fs/fat/ffsystem.32
 .comment       0x0000000000000000       0x12 fs/fat/ffunicode.32
 .comment       0x0000000000000000       0x12 hal/libresample/samplerate.32
 .comment       0x0000000000000000       0x12 hal/libresample/src_linear.32
 .comment       0x0000000000000000       0x12 hal/libresample/src_sinc.32
 .comment       0x0000000000000000       0x12 hal/libresample/src_zoh.32
 .comment       0x0000000000000000       0x12 compat/inlines.32
 .comment       0x0000000000000000       0x12 compat/resolve.32
 .group         0x0000000000000000       0x14 core/computer.32
 .group         0x0000000000000000        0xc core/computer.32
 .comment       0x0000000000000000       0x12 core/computer.32
 .comment       0x0000000000000000       0x12 core/gdt.32
 .group         0x0000000000000000        0xc core/idle.32
 .comment       0x0000000000000000       0x12 core/idle.32
 .comment       0x0000000000000000       0x12 core/idt.32
 .comment       0x0000000000000000       0x12 core/kheap.32
 .comment       0x0000000000000000       0x12 core/main.32
 .comment       0x0000000000000000       0x12 core/physmgr.32
 .group         0x0000000000000000        0xc core/pipe.32
 .comment       0x0000000000000000       0x12 core/pipe.32
 .group         0x0000000000000000        0xc core/terminal.32
 .comment       0x0000000000000000       0x12 core/terminal.32
 .comment       0x0000000000000000       0x12 core/tss.32
 .group         0x0000000000000000        0x8 core/unixfile.32
 .group         0x0000000000000000        0xc core/unixfile.32
 .group         0x0000000000000000        0xc core/unixfile.32
 .group         0x0000000000000000        0x8 core/unixfile.32
 .group         0x0000000000000000        0xc core/unixfile.32
 .group         0x0000000000000000        0x8 core/unixfile.32
 .group         0x0000000000000000        0xc core/unixfile.32
 .group         0x0000000000000000        0xc core/unixfile.32
 .comment       0x0000000000000000       0x12 core/unixfile.32
 .comment       0x0000000000000000       0x12 core/virtmgr.32
 .comment       0x0000000000000000       0x12 coreobjs/c++.32
 .comment       0x0000000000000000       0x12 dbg/kconsole.32
 .group         0x0000000000000000        0xc fs/vfs.32
 .group         0x0000000000000000        0xc fs/vfs.32
 .group         0x0000000000000000        0xc fs/vfs.32
 .comment       0x0000000000000000       0x12 fs/vfs.32
 .group         0x0000000000000000        0xc hal/bus.32
 .comment       0x0000000000000000       0x12 hal/bus.32
 .group         0x0000000000000000        0xc hal/buzzer.32
 .comment       0x0000000000000000       0x12 hal/buzzer.32
 .group         0x0000000000000000        0xc hal/clock.32
 .comment       0x0000000000000000       0x12 hal/clock.32
 .group         0x0000000000000000       0x14 hal/device.32
 .group         0x0000000000000000        0xc hal/device.32
 .group         0x0000000000000000        0xc hal/device.32
 .group         0x0000000000000000        0xc hal/device.32
[...]
Memory Configuration

Name             Origin             Length             Attributes
*default*        0x0000000000000000 0xffffffffffffffff

Linker script and memory map

LOAD D:/Users/Alex/Desktop/Banana/kernel/boot.32
LOAD crti.32
LOAD /cygdrive/d/Users/Alex/Desktop/Toolchain/Output/bin/../lib/gcc/i386-banana/8.1.0/crtbegin.o
LOAD D:/Users/Alex/Desktop/Banana/kernel/morenasm.32
LOAD acpica/utclib.32
LOAD core/malloc.32
LOAD libk/string.32
LOAD fs/fat/diskio.32
LOAD fs/fat/ff.32
LOAD fs/fat/ffsystem.32
LOAD fs/fat/ffunicode.32
LOAD hal/libresample/samplerate.32
LOAD hal/libresample/src_linear.32
LOAD hal/libresample/src_sinc.32
LOAD hal/libresample/src_zoh.32
LOAD compat/inlines.32
LOAD compat/resolve.32
LOAD core/computer.32
LOAD core/gdt.32
LOAD core/idle.32
LOAD core/idt.32
LOAD core/kheap.32
LOAD core/main.32
LOAD core/physmgr.32
LOAD core/pipe.32
LOAD core/terminal.32
LOAD core/tss.32
LOAD core/unixfile.32
LOAD core/virtmgr.32
LOAD coreobjs/c++.32
LOAD dbg/kconsole.32
LOAD fs/vfs.32
LOAD hal/bus.32
LOAD hal/buzzer.32
LOAD hal/clock.32
LOAD hal/device.32
LOAD hal/diskctrl.32
LOAD hal/diskphys.32
LOAD hal/fpu.32
LOAD hal/intctrl.32
LOAD hal/keybrd.32
LOAD hal/logidisk.32
LOAD hal/mouse.32
LOAD hal/partition.32
LOAD hal/serial.32
LOAD hal/timer.32
LOAD hal/vcache.32
LOAD hal/video.32
LOAD hw/acpi.32
LOAD hw/cpu.32
LOAD hw/ports.32
LOAD hw/smp.32
LOAD krnl/env.32
LOAD krnl/panic.32
LOAD net/ethernet.32
LOAD reg/registry.32
LOAD sys/sc_eject.32
LOAD sys/sc_exit.32
LOAD sys/sc_getcwd.32
LOAD sys/sc_getpid.32
LOAD sys/sc_getramdata.32
LOAD sys/sc_loaddll.32
LOAD sys/sc_read.32
LOAD sys/sc_sbrk.32
LOAD sys/sc_setcwd.32
LOAD sys/sc_settime.32
LOAD sys/sc_timezone.32
LOAD sys/sc_write.32
LOAD sys/sc_wsbe.32
LOAD sys/sc_yield.32
LOAD sys/syscalls.32
LOAD thr/elf.32
LOAD thr/prcssthr.32
LOAD vm86/vm8086.32
LOAD vm86/x87em.32
LOAD fs/fat/vfslink.32
LOAD fs/iso9660/vfslink.32
LOAD hal/sound/sndchannel.32
LOAD hal/sound/sndhw.32
LOAD hw/bus/isa.32
LOAD hw/bus/pci.32
LOAD hw/diskctrl/ide.32
LOAD hw/diskctrl/satabus.32
LOAD hw/diskphys/ata.32
LOAD hw/diskphys/atapi.32
LOAD hw/diskphys/sata.32
LOAD hw/diskphys/satapi.32
LOAD hw/fpu/avx.32
LOAD hw/fpu/mmx.32
LOAD hw/fpu/sse.32
LOAD hw/fpu/x87.32
LOAD hw/intctrl/apic.32
LOAD hw/intctrl/pic.32
LOAD hw/timer/apictimer.32
LOAD hw/timer/pit.32
LOAD hw/fpu/x86/avx.32
LOAD hw/fpu/x86/sse.32
LOAD hw/fpu/x86/x87.32
LOAD /cygdrive/d/Users/Alex/Desktop/Toolchain/Output/bin/../lib/gcc/i386-banana/8.1.0/crtend.o
LOAD crtn.32
LOAD /cygdrive/d/Users/Alex/Desktop/Toolchain/Output/bin/../lib/gcc/i386-banana/8.1.0/libkgcc.a
LOAD D:/Users/Alex/Desktop/Banana/kernel/libsoftfp.a
LOAD D:/Users/Alex/Desktop/Banana/kernel/libk/libm32.a
                0x00000000c0000000                . = 0xc0000000

.text           0x00000000c0000000    0x28638
 *(.text)
 .text          0x00000000c0000000       0x41 D:/Users/Alex/Desktop/Banana/kernel/boot.32
                0x00000000c0000020                callGlobalConstructors
 .text          0x00000000c0000041        0x0 crti.32
 *fill*         0x00000000c0000041        0x3 
 .text          0x00000000c0000044      0x101 /cygdrive/d/Users/Alex/Desktop/Toolchain/Output/bin/../lib/gcc/i386-banana/8.1.0/crtbegin.o
 *fill*         0x00000000c0000145        0xb 
 .text          0x00000000c0000150      0x4ed D:/Users/Alex/Desktop/Banana/kernel/morenasm.32
                0x00000000c0000150                manualPCIProbe
                0x00000000c000019b                prepareTramp
                0x00000000c00001b4                voodooXADD
                0x00000000c000027f                doTPAUSE
                0x00000000c0000289                hasLegacyFPU
                0x00000000c00002ae                is486
                0x00000000c00002e4                detectCPUID
                0x00000000c00002fa                goToVM86
                0x00000000c000032a                goToUsermode
                0x00000000c0000354                switchToThreadASMFirstTime
                0x00000000c0000362                switchToThreadASM
                0x00000000c00003ea                asmQuickAcquireLock
                0x00000000c0000408                asmQuickReleaseLock
                0x00000000c0000414                asmAcquireLock
                0x00000000c0000435                asmReleaseLock
                0x00000000c0000448                loadGDT
                0x00000000c0000468                isr0
                0x00000000c0000478                isr1
                0x00000000c0000482                isr2
                0x00000000c000048c                isr3
                0x00000000c0000496                isr4
                0x00000000c00004a0                isr5
                0x00000000c00004aa                isr6
                0x00000000c00004b4                isr7
                0x00000000c00004be                isr8
                0x00000000c00004c6                isr9
                0x00000000c00004d0                isr10
                0x00000000c00004d8                isr11
                0x00000000c00004e0                isr12
                0x00000000c00004e8                isr13
                0x00000000c00004f0                isr14
                0x00000000c00004f8                isr15
                0x00000000c0000502                isr16
                0x00000000c000050c                isr17
                0x00000000c0000516                isr18
                0x00000000c0000520                irq3
                0x00000000c000052a                irq4
                0x00000000c0000534                irq5
                0x00000000c000053e                irq6
                0x00000000c0000548                irq7
                0x00000000c0000552                irq8
                0x00000000c000055c                irq9
                0x00000000c0000566                irq10
                0x00000000c0000570                irq11
                0x00000000c000057a                irq12
                0x00000000c0000584                irq13
                0x00000000c000058e                irq14
                0x00000000c0000598                irq15
                0x00000000c00005a2                irq1
                0x00000000c00005a9                irq2
                0x00000000c00005b0                isr96
                0x00000000c00005b7                irq0
                0x00000000c00005bc                int_common_stub
                0x00000000c00005bc                syscall_common_stub
                0x00000000c00005ed                irq16
                0x00000000c00005f7                irq17
                0x00000000c0000601                irq18
                0x00000000c000060b                irq19
                0x00000000c0000615                irq20
                0x00000000c000061f                irq21
                0x00000000c0000629                irq22
                0x00000000c0000633                irq23
 *fill*         0x00000000c000063d        0x3 
 .text          0x00000000c0000640      0x611 acpica/utclib.32
                0x00000000c0000640                memcmp
                0x00000000c000067c                memmove
                0x00000000c0000744                memcpy
                0x00000000c0000778                memset
                0x00000000c0000794                strlen
                0x00000000c00007ac                strpbrk
                0x00000000c00007e8                strtok
                0x00000000c0000834                strcpy
                0x00000000c0000858                strncpy
                0x00000000c00008c0                strcmp
                0x00000000c0000900                strchr
                0x00000000c0000924                strncmp
                0x00000000c0000974                strcat
                0x00000000c00009a4                strncat
                0x00000000c00009e0                strstr
                0x00000000c0000a28                toupper
                0x00000000c0000a3c                tolower
                0x00000000c0000a50                simple_strtoul
 .text          0x00000000c0000c51      0xfbf core/malloc.32
                0x00000000c0000dbc                dlfree
                0x00000000c0001117                dlmalloc
                0x00000000c0001654                dlrealloc
                0x00000000c0001809                dlmemalign
                0x00000000c000192c                dlcalloc
                0x00000000c00019c6                dlcfree
                0x00000000c00019cb                dlindependent_calloc
                0x00000000c00019f0                dlindependent_comalloc
                0x00000000c0001a07                dlvalloc
                0x00000000c0001a32                dlpvalloc
                0x00000000c0001a68                dlmalloc_trim
                0x00000000c0001a75                dlmalloc_usable_size
                0x00000000c0001aa6                dlmallinfo
                0x00000000c0001b75                dlmalloc_stats
                0x00000000c0001b86                dlmallopt
 .text          0x00000000c0001c10        0x0 libk/string.32
 .text          0x00000000c0001c10       0x51 fs/fat/diskio.32
                0x00000000c0001c10                disk_status
                0x00000000c0001c13                disk_initialize
                0x00000000c0001c16                disk_read
                0x00000000c0001c2c                disk_write
                0x00000000c0001c42                disk_ioctl
 .text          0x00000000c0001c61     0x6833 fs/fat/ff.32
                0x00000000c0004f2f                f_mount
                0x00000000c0004f91                f_open
                0x00000000c00053cd                f_read
                0x00000000c000564d                f_write
                0x00000000c0005907                f_sync
                0x00000000c0005ae3                f_close
                0x00000000c0005b12                f_lseek
                0x00000000c0005fc9                f_opendir
                0x00000000c00060cb                f_closedir
                0x00000000c00060ed                f_readdir
                0x00000000c0006188                f_stat
                0x00000000c0006217                f_getfree
                0x00000000c00063e2                f_truncate
                0x00000000c00064da                f_unlink
                0x00000000c000665d                f_mkdir
                0x00000000c0006889                f_rename
                0x00000000c0006b7c                f_chmod
                0x00000000c0006c5a                f_utime
                0x00000000c0006d38                f_getlabel
                0x00000000c0006f26                f_setlabel
                0x00000000c0007193                f_forward
                0x00000000c0007371                f_mkfs
 .text          0x00000000c0008494       0x2d fs/fat/ffsystem.32
                0x00000000c0008494                ff_memalloc
                0x00000000c00084aa                ff_memfree
 .text          0x00000000c00084c1      0x253 fs/fat/ffunicode.32
                0x00000000c00084c1                ff_uni2oem
                0x00000000c0008551                ff_oem2uni
                0x00000000c00085bd                ff_wtoupper
 .text          0x00000000c0008714      0x8fb hal/libresample/samplerate.32
                0x00000000c0008758                src_delete
                0x00000000c0008794                src_process
                0x00000000c000894a                src_callback_read
                0x00000000c0008ac7                src_set_ratio
                0x00000000c0008b31                src_get_channels
                0x00000000c0008b53                src_reset
                0x00000000c0008b9f                src_new
                0x00000000c0008c2d                src_callback_new
                0x00000000c0008c8f                src_get_name
                0x00000000c0008cc6                src_get_description
                0x00000000c0008cfd                src_get_version
                0x00000000c0008d03                src_is_valid_ratio
                0x00000000c0008d57                src_error
                0x00000000c0008d65                src_strerror
                0x00000000c0008d78                src_simple
                0x00000000c0008dcb                src_short_to_float_array
                0x00000000c0008e30                src_float_to_short_array
                0x00000000c0008eef                src_int_to_float_array
                0x00000000c0008f52                src_float_to_int_array
 .text          0x00000000c000900f      0x8cb hal/libresample/src_linear.32
                0x00000000c0009835                linear_get_name
                0x00000000c0009844                linear_get_description
                0x00000000c0009853                linear_set_converter
 .text          0x00000000c00098da     0x447c hal/libresample/src_sinc.32
                0x00000000c000dc6d                sinc_get_name
                0x00000000c000dc80                sinc_get_description
                0x00000000c000dc93                sinc_set_converter
 .text          0x00000000c000dd56      0x77c hal/libresample/src_zoh.32
                0x00000000c000e42d                zoh_get_name
                0x00000000c000e43c                zoh_get_description
                0x00000000c000e44b                zoh_set_converter
 .text          0x00000000c000e4d2       0x23 compat/inlines.32
                0x00000000c000e4d2                CPU::current()
                0x00000000c000e4df                operator new(unsigned long)
 .text          0x00000000c000e4f5      0x111 compat/resolve.32
                0x00000000c000e4f5                Krnl::resolveCompatibilitySymbol(char*)
 .text          0x00000000c000e606      0xa17 core/computer.32
                0x00000000c000e606                Computer::close(int, int, void*)
                0x00000000c000e64a                Krnl::firstTask()
                0x00000000c000e73a                Computer::Computer()
                0x00000000c000e73a                Computer::Computer()
                0x00000000c000e896                Computer::setBootMessage(char const*)
                0x00000000c000e898                Computer::detectFeatures()
                0x00000000c000eaa2                Computer::displayFeatures()
                0x00000000c000ede8                Computer::rdmsr(unsigned int)
                0x00000000c000ee14                Computer::wrmsr(unsigned int, unsigned long long)
                0x00000000c000ee4c                Computer::nmiEnabled()
                0x00000000c000ee58                Computer::readCMOS(unsigned char)
                0x00000000c000ee72                Computer::enableNMI(bool)
                0x00000000c000ee8a                Computer::open(int, int, void*)
                0x00000000c000ef60                Computer::disableNMI()
                0x00000000c000ef6e                Computer::writeCMOS(unsigned char, unsigned char)
                0x00000000c000ef8c                Computer::handleNMI()
                0x00000000c000eff2                Computer::setDiskActivityLight(int, bool)
 *fill*         0x00000000c000f01d        0x1 
 .text          0x00000000c000f01e      0x1b7 core/gdt.32
                0x00000000c000f01e                GDTEntry::setBase(unsigned int)
                0x00000000c000f03a                GDTEntry::setLimit(unsigned int)
                0x00000000c000f058                GDT::GDT()
                0x00000000c000f058                GDT::GDT()
                0x00000000c000f06e                GDT::addEntry(GDTEntry)
                0x00000000c000f0aa                GDT::getNumberOfEntries()
                0x00000000c000f0b2                GDT::flush()
                0x00000000c000f0d4                GDT::setup()
 .text          0x00000000c000f1d5       0x62 core/idle.32
                0x00000000c000f1d5                idleFunction(void*)
 *fill*         0x00000000c000f237        0x1 
 .text          0x00000000c000f238      0x45f core/idt.32
                0x00000000c000f238                IDTEntry::IDTEntry(bool)
                0x00000000c000f238                IDTEntry::IDTEntry(bool)
                0x00000000c000f2a6                IDTEntry::setOffset(unsigned int)
                0x00000000c000f2ba                IDT::IDT()
                0x00000000c000f2ba                IDT::IDT()
                0x00000000c000f2bc                IDT::getPointerToInvalidOpcodeEntryForF00F()
                0x00000000c000f2c4                IDT::addEntry(IDTEntry, int)
                0x00000000c000f2de                IDT::addEntry(int, void (*)(), bool)
                0x00000000c000f316                IDT::flush()
                0x00000000c000f330                IDT::setup()
 .text          0x00000000c000f697      0x203 core/kheap.32
                0x00000000c000f697                sbrk
                0x00000000c000f7a5                mmap
                0x00000000c000f7bb                munmap
                0x00000000c000f7d1                liballoc_lock()
                0x00000000c000f7e2                liballoc_unlock()
                0x00000000c000f7f3                liballoc_alloc(int)
                0x00000000c000f80e                liballoc_free(void*, int)
                0x00000000c000f82c                realloc
                0x00000000c000f840                malloc
                0x00000000c000f850                free
                0x00000000c000f860                rfree
                0x00000000c000f870                calloc
 .text          0x00000000c000f89a      0x485 core/main.32
                0x00000000c000f89a                hwTextMode_loadInData(VgaText*)
                0x00000000c000f8e5                hwTextMode_loadInTitle(VgaText*, char*)
                0x00000000c000f963                hwTextMode_showCursor(VgaText*, bool)
                0x00000000c000f9c1                hwTextMode_update(VgaText*)
                0x00000000c000f9c2                hwTextMode_updateCursor(VgaText*)
                0x00000000c000fa13                hwTextMode_disableBlink(VgaText*, bool)
                0x00000000c000fa59                hwTextMode_scrollScreen(VgaText*)
                0x00000000c000fb06                hwTextMode_writeCharacter(VgaText*, char, VgaColour, VgaColour, int, int)
                0x00000000c000fb88                setupTextMode()
                0x00000000c000fbf8                kernel_main
 .text          0x00000000c000fd1f      0x5cb core/physmgr.32
                0x00000000c000fd1f                Phys::allocateDMA(unsigned long)
                0x00000000c000fdc2                Phys::freeDMA(unsigned long, unsigned long)
                0x00000000c000fe0a                Phys::setPageState(unsigned long, bool)
                0x00000000c000fe3c                Phys::getPageState(unsigned long)
                0x00000000c000fe58                Phys::freePage(unsigned long)
                0x00000000c000fee2                Phys::allocatePage()
                0x00000000c0010028                Phys::allocateContiguousPages(int)
                0x00000000c0010082                Phys::allowSegmentToBeUsed(unsigned long, unsigned long)
                0x00000000c00100ba                Phys::physicalMemorySetup(unsigned int)
 .text          0x00000000c00102ea      0x273 core/pipe.32
                0x00000000c00102ea                Pipe::isAtty()
                0x00000000c00102ee                Pipe::~Pipe()
                0x00000000c00102ee                Pipe::~Pipe()
                0x00000000c0010312                Pipe::~Pipe()
                0x00000000c001033a                Pipe::read(unsigned long long, void*, int*)
                0x00000000c001042e                Pipe::write(unsigned long long, void*, int*)
                0x00000000c00104f6                Pipe::Pipe(int)
                0x00000000c00104f6                Pipe::Pipe(int)
 *fill*         0x00000000c001055d        0x1 
 .text          0x00000000c001055e      0xf73 core/terminal.32
                0x00000000c001055e                VgaText::isAtty()
                0x00000000c0010562                VgaText::~VgaText()
                0x00000000c0010562                VgaText::~VgaText()
                0x00000000c0010586                VgaText::~VgaText()
                0x00000000c00105b0                VgaText::read(unsigned long long, void*, int*)
                0x00000000c00105d0                setTerminalScrollLock(bool)
                0x00000000c00105d1                addToTerminalCycle(VgaText*)
                0x00000000c00105fe                installVgaTextImplementation()
                0x00000000c0010613                scrollTerminalScrollLock(int)
                0x00000000c0010614                VgaText::load()
                0x00000000c0010668                VgaText::updateCursor()
                0x00000000c0010682                VgaText::showCursor(bool)
                0x00000000c0010692                VgaText::disableBlink(bool)
                0x00000000c00106cc                VgaText::doANSI_SGR(int)
                0x00000000c0010758                VgaText::setDefaultBgColour(VgaColour)
                0x00000000c001076e                VgaText::setDefaultFgColour(VgaColour)
                0x00000000c0010784                VgaText::setDefaultColours(VgaColour, VgaColour)
                0x00000000c00107a4                VgaText::combineColours(unsigned char, unsigned char)
                0x00000000c00107b6                VgaText::scrollScreen()
                0x00000000c001084a                VgaText::combineCharAndColour(char, unsigned char)
                0x00000000c001085c                VgaText::writeCharacter(char, VgaColour, VgaColour, int, int)
                0x00000000c00108bc                VgaText::getCursorX()
                0x00000000c00108c8                VgaText::getCursorY()
                0x00000000c00108d4                VgaText::setCursor(int, int)
                0x00000000c00108f2                VgaText::setCursorX(int)
                0x00000000c001090e                VgaText::setCursorY(int)
                0x00000000c001092a                VgaText::incrementCursor(bool)
                0x00000000c0010992                VgaText::updateRAMUsageDisplay(int)
                0x00000000c00109f6                VgaText::updateDiskUsage()
                0x00000000c0010b60                VgaText::updateTitle()
                0x00000000c0010ba6                VgaText::setTitleTextColour(VgaColour)
                0x00000000c0010bb6                VgaText::setTitleColour(VgaColour)
                0x00000000c0010bc6                VgaText::setTitle(char*)
                0x00000000c0010bec                VgaText::decrementCursor(bool)
                0x00000000c0010c14                VgaText::putchar(char, VgaColour, VgaColour)
                0x00000000c0010d10                VgaText::isShowingCursor()
                0x00000000c0010d1c                VgaText::isBlinkDisabled()
                0x00000000c0010d2a                VgaText::setCursorHeight(int)
                0x00000000c0010d48                VgaText::getCursorHeight()
                0x00000000c0010d53                setActiveTerminal(VgaText*)
                0x00000000c0010e05                doTerminalCycle()
                0x00000000c0010e22                VgaText::doUpdate()
                0x00000000c0010e34                VgaText::puts(char const*, VgaColour, VgaColour)
                0x00000000c0010ff4                VgaText::clearScreen()
                0x00000000c0011058                VgaText::putchar(char)
                0x00000000c0011172                VgaText::puts(char const*)
                0x00000000c0011198                VgaText::putx(unsigned int)
                0x00000000c00111de                VgaText::VgaText(char const*)
                0x00000000c00111de                VgaText::VgaText(char const*)
                0x00000000c0011370                VgaText::receiveKey(unsigned char)
                0x00000000c0011458                VgaText::write(unsigned long long, void*, int*)
                0x00000000c00114ac                newTerminal(char*)
 *fill*         0x00000000c00114d1        0x1 
 .text          0x00000000c00114d2      0x1b3 core/tss.32
                0x00000000c00114d2                TSS::TSS()
                0x00000000c00114d2                TSS::TSS()
                0x00000000c00114e0                TSS::setESP(unsigned long)
                0x00000000c00114f2                TSS::flush()
                0x00000000c0011512                TSS::setup(unsigned long, unsigned long)
 *fill*         0x00000000c0011685        0x1 
 .text          0x00000000c0011686      0x4c2 core/unixfile.32
                0x00000000c0011686                ReservedFilename::read(unsigned long long, void*, int*)
                0x00000000c00116dc                ReservedFilename::isAtty()
                0x00000000c00116f8                ReservedFilename::write(unsigned long long, void*, int*)
                0x00000000c0011756                UnixFile::getFileDescriptor()
                0x00000000c001175e                UnixFile::UnixFile(int)
                0x00000000c001175e                UnixFile::UnixFile(int)
                0x00000000c001190e                ReservedFilename::ReservedFilename(int)
                0x00000000c001190e                ReservedFilename::ReservedFilename(int)
                0x00000000c0011940                UnixFile::~UnixFile()
                0x00000000c0011940                UnixFile::~UnixFile()
                0x00000000c00119d8                UnixFile::~UnixFile()
                0x00000000c0011a00                ReservedFilename::~ReservedFilename()
                0x00000000c0011a00                ReservedFilename::~ReservedFilename()
                0x00000000c0011a24                ReservedFilename::~ReservedFilename()
                0x00000000c0011a4b                getFromFileDescriptor(int)
 .text          0x00000000c0011b48     0x1296 core/virtmgr.32
                0x00000000c0011b48                Virt::setPageState(unsigned long, Virt::VirtPageState)
                0x00000000c0011b7d                Virt::getPageState(unsigned long)
                0x00000000c0011ba1                Virt::allocateKernelVirtualPages(int)
                0x00000000c0011cb2                Virt::freeSwapfilePage(unsigned long)
                0x00000000c0011cd0                Virt::swapIDToSector(unsigned long)
                0x00000000c0011ce2                Virt::allocateSwapfilePage()
                0x00000000c0011d60                Virt::virtualMemorySetup()
                0x00000000c0011ddf                Virt::swappingSetup()
                0x00000000c0011e3c                Virt::getAKernelVAS()
                0x00000000c0011e42                Virt::setupPageSwapping(int)
                0x00000000c0011f72                VAS::VAS()
                0x00000000c0011f72                VAS::VAS()
                0x00000000c0011fa2                VAS::VAS(VAS*)
                0x00000000c0011fa2                VAS::VAS(VAS*)
                0x00000000c0011fc6                VAS::getForeignPageTableEntry(bool, unsigned long)
                0x00000000c0011ff2                VAS::getPageTableEntry(unsigned long)
                0x00000000c0012011                Virt::freeKernelVirtualPages(unsigned long)
                0x00000000c0012134                VAS::freeAllocatedPages(unsigned long)
                0x00000000c0012158                VAS::virtualToPhysical(unsigned long)
                0x00000000c0012170                VAS::reflagRange(unsigned long, int, int, int)
                0x00000000c00121b0                VAS::setToWriteCombining(unsigned long, int)
                0x00000000c00121e2                VAS::mapOtherVASIn(bool, VAS*)
                0x00000000c001220c                VAS::~VAS()
                0x00000000c001220c                VAS::~VAS()
                0x00000000c0012378                VAS::mapPage(unsigned long, unsigned long, int)
                0x00000000c0012478                VAS::allocatePages(int, int)
                0x00000000c0012650                VAS::setCPUSpecific(unsigned long)
                0x00000000c001266c                VAS::mapRange(unsigned long, unsigned long, int, int)
                0x00000000c0012732                VAS::mapForeignPage(bool, VAS*, unsigned long, unsigned long, int)
                0x00000000c0012820                VAS::VAS(bool)
                0x00000000c0012820                VAS::VAS(bool)
                0x00000000c0012a7c                VAS::evict(unsigned long)
                0x00000000c0012b3a                VAS::scanForEviction(int, int)
                0x00000000c0012bd2                VAS::tryLoadBackOffDisk(unsigned long)
                0x00000000c0012d22                mapVASFirstTime
 .text          0x00000000c0012dde       0x95 coreobjs/c++.32
                0x00000000c0012dde                __cxa_atexit
                0x00000000c0012de1                __cxa_finalize
                0x00000000c0012de2                __stack_chk_fail
                0x00000000c0012e4e                __cxa_pure_virtual
                0x00000000c0012e5f                operator new[](unsigned long)
                0x00000000c0012e64                operator delete(void*, unsigned long)
                0x00000000c0012e69                operator delete[](void*)
                0x00000000c0012e6e                operator delete[](void*, unsigned long)
 .text          0x00000000c0012e73      0x1ef dbg/kconsole.32
                0x00000000c0012e73                Dbg::stringifyxWithBase(unsigned int, char*, int)
                0x00000000c0012ed4                Dbg::logc(char)
                0x00000000c0012eeb                Dbg::logs(char*)
                0x00000000c0012f08                Dbg::logWriteInt(unsigned int)
                0x00000000c0012f25                Dbg::logWriteIntBase(unsigned int, int)
                0x00000000c0012f44                Dbg::kprintf(char const*, ...)
 .text          0x00000000c0013062      0xb7c fs/vfs.32
                0x00000000c0013062                File::read(unsigned long long, void*, int*)
                0x00000000c00130ba                File::write(unsigned long long, void*, int*)
                0x00000000c0013112                Directory::read(unsigned long long, void*, int*)
                0x00000000c001316a                Directory::write(unsigned long long, void*, int*)
                0x00000000c0013198                File::isAtty()
                0x00000000c001319c                Directory::isAtty()
                0x00000000c00131a0                Filesystem::getlabel(LogicalDisk*, int, char*, unsigned int*)
                0x00000000c00131a6                Filesystem::setlabel(LogicalDisk*, int, char*)
                0x00000000c00131ac                File::~File()
                0x00000000c00131ac                File::~File()
                0x00000000c00131d0                File::~File()
                0x00000000c00131fa                Directory::~Directory()
                0x00000000c00131fa                Directory::~Directory()
                0x00000000c001321e                Directory::~Directory()
                0x00000000c0013248                Filesystem::Filesystem()
                0x00000000c0013248                Filesystem::Filesystem()
                0x00000000c001326c                Filesystem::~Filesystem()
                0x00000000c001326c                Filesystem::~Filesystem()
                0x00000000c001327a                Filesystem::~Filesystem()
                0x00000000c001329e                Fs::getcwd(Process*, char*, int)
                0x00000000c00132c8                Fs::initVFS()
                0x00000000c00132f2                Fs::standardiseFiles(char*, char const*, char const*)
                0x00000000c001349c                File::File(char const*, Process*)
                0x00000000c001349c                File::File(char const*, Process*)
                0x00000000c0013500                File::open(FileOpenMode)
                0x00000000c001355e                File::close()
                0x00000000c00135be                File::seek(unsigned long long)
                0x00000000c0013614                File::tell(unsigned long long*)
                0x00000000c0013664                File::rewind()
                0x00000000c0013678                File::unlink()
                0x00000000c00136c4                File::rename(char const*)
                0x00000000c0013712                File::chfatattr(unsigned char, unsigned char)
                0x00000000c001376e                File::exists()
                0x00000000c00137ac                File::stat(unsigned long long*, bool*)
                0x00000000c001380d                Fs::setcwd(Process*, char*)
                0x00000000c0013948                Directory::Directory(char const*, Process*)
                0x00000000c0013948                Directory::Directory(char const*, Process*)
                0x00000000c00139ac                Directory::open()
                0x00000000c0013a08                Directory::close()
                0x00000000c0013a68                Directory::unlink()
                0x00000000c0013ab4                Directory::rename(char const*)
                0x00000000c0013b02                Directory::exists()
                0x00000000c0013b40                Directory::read(dirent*)
                0x00000000c0013b8c                Directory::create()
                0x00000000c0013bd8                Filesystem::chfatattr(char const*, unsigned char, unsigned char)
 .text          0x00000000c0013bde       0x84 hal/bus.32
                0x00000000c0013bde                Bus::Bus(char const*)
                0x00000000c0013bde                Bus::Bus(char const*)
                0x00000000c0013c14                Bus::~Bus()
                0x00000000c0013c14                Bus::~Bus()
                0x00000000c0013c38                Bus::~Bus()
 .text          0x00000000c0013c62      0x14e hal/buzzer.32
                0x00000000c0013c62                Buzzer::Buzzer(char const*)
                0x00000000c0013c62                Buzzer::Buzzer(char const*)
                0x00000000c0013ca6                Buzzer::~Buzzer()
                0x00000000c0013ca6                Buzzer::~Buzzer()
                0x00000000c0013cca                Buzzer::~Buzzer()
                0x00000000c0013cf4                Buzzer::stop()
                0x00000000c0013d07                beepThread(void*)
                0x00000000c0013d42                Buzzer::beep(int, int, bool)
 .text          0x00000000c0013db0      0x467 hal/clock.32
                0x00000000c0013db0                User::loadClockSettings(int)
                0x00000000c0013e02                Clock::Clock(char const*)
                0x00000000c0013e02                Clock::Clock(char const*)
                0x00000000c0013e38                Clock::~Clock()
                0x00000000c0013e38                Clock::~Clock()
                0x00000000c0013e5c                Clock::~Clock()
                0x00000000c0013e86                Clock::timeInSecondsLocal()
                0x00000000c0013ece                Clock::setTimeInSecondsLocal(unsigned long long)
                0x00000000c0013f27                datetimeToSeconds(datetime_t)
                0x00000000c001404e                Clock::setTimeInDatetimeLocal(datetime_t)
                0x00000000c00140ae                secondsToDatetime(unsigned long long)
                0x00000000c00141f2                Clock::timeInDatetimeLocal()
 *fill*         0x00000000c0014217        0x1 
 .text          0x00000000c0014218      0x4de hal/device.32
                0x00000000c0014218                Device::hibernate()
                0x00000000c001421a                Device::wake()
                0x00000000c001421c                Device::detect()
                0x00000000c001421e                Device::disableLegacy()
                0x00000000c0014220                Device::powerSaving(PowerSavingLevel)
                0x00000000c0014222                DriverlessDevice::close(int, int, void*)
                0x00000000c0014226                DriverlessDevice::detect()
                0x00000000c0014228                DriverlessDevice::open(int, int, void*)
                0x00000000c001423c                Device::~Device()
                0x00000000c001423c                Device::~Device()
                0x00000000c001424a                Device::~Device()
                0x00000000c0014272                Device::findAndLoadDriver()
                0x00000000c0014274                Device::preOpenPCI(PCIDeviceInfo)
                0x00000000c001429a                Device::preOpenACPI(void*, char*, char*)
                0x00000000c00142ee                Device::addIRQHandler(int, void (*)(regs*, void*), bool, void*)
                0x00000000c001432c                Device::removeIRQHandler(int, void (*)(regs*, void*), bool)
                0x00000000c001436a                Device::addChild(Device*)
                0x00000000c00143ae                Device::removeAllChildren()
                0x00000000c00143f4                Device::hibernateAll()
                0x00000000c0014424                Device::wakeAll()
                0x00000000c0014454                Device::detectAll()
                0x00000000c0014484                Device::disableLegacyAll()
                0x00000000c00144b4                Device::loadDriversForAll()
                0x00000000c00144e0                Device::closeAll()
                0x00000000c0014516                Device::powerSavingAll(PowerSavingLevel)
                0x00000000c001454c                Device::setName(char const*)
                0x00000000c001455a                Device::Device(char const*)
                0x00000000c001455a                Device::Device(char const*)
                0x00000000c0014656                Device::getName()
                0x00000000c0014660                DriverlessDevice::DriverlessDevice(char const*)
                0x00000000c0014660                DriverlessDevice::DriverlessDevice(char const*)
                0x00000000c0014688                Device::addToLinkedList(LinkedList<Device>&, DeviceType)
                0x00000000c00146cc                getDevicesOfType(DeviceType)
 .text          0x00000000c00146f6       0x84 hal/diskctrl.32
                0x00000000c00146f6                HardDiskController::HardDiskController(char const*)
                0x00000000c00146f6                HardDiskController::HardDiskController(char const*)
                0x00000000c001472c                HardDiskController::~HardDiskController()
                0x00000000c001472c                HardDiskController::~HardDiskController()
                0x00000000c0014750                HardDiskController::~HardDiskController()
 .text          0x00000000c001477a       0xf2 hal/diskphys.32
                0x00000000c001477a                PhysicalDisk::eject()
                0x00000000c001478e                PhysicalDisk::PhysicalDisk(char const*, int)
                0x00000000c001478e                PhysicalDisk::PhysicalDisk(char const*, int)
                0x00000000c00147f6                PhysicalDisk::startCache()
                0x00000000c001481e                PhysicalDisk::~PhysicalDisk()
                0x00000000c001481e                PhysicalDisk::~PhysicalDisk()
                0x00000000c0014842                PhysicalDisk::~PhysicalDisk()
 .text          0x00000000c001486c      0x13b hal/fpu.32
                0x00000000c001486c                FPU::FPU(char const*)
                0x00000000c001486c                FPU::FPU(char const*)
                0x00000000c00148a2                FPU::~FPU()
                0x00000000c00148a2                FPU::~FPU()
                0x00000000c00148c6                FPU::~FPU()
                0x00000000c00148f0                setupFPU()
 *fill*         0x00000000c00149a7        0x1 
 .text          0x00000000c00149a8     0x13a7 hal/intctrl.32
                0x00000000c00149a8                InterruptController::uninstallISRHandler(int, void (*)(regs*, void*))
                0x00000000c00149e0                InterruptController::installISRHandler(int, void (*)(regs*, void*), void*)
                0x00000000c0014a32                doubleFault(regs*, void*)
                0x00000000c0014a4c                InterruptController::installIRQHandler(int, void (*)(regs*, void*), bool, void*)
                0x00000000c0014ae8                InterruptController::clearAllHandlers(int, bool)
                0x00000000c0014b90                InterruptController::uninstallIRQHandler(int, void (*)(regs*, void*), bool)
                0x00000000c0014c17                nmiHandler(regs*, void*)
                0x00000000c0014c25                int_handler
                0x00000000c0014cc6                InterruptController::InterruptController(char const*)
                0x00000000c0014cc6                InterruptController::InterruptController(char const*)
                0x00000000c0014d6c                InterruptController::~InterruptController()
                0x00000000c0014d6c                InterruptController::~InterruptController()
                0x00000000c0014d90                InterruptController::~InterruptController()
                0x00000000c0014dba                displayDebugInfo(regs*)
                0x00000000c0015249                x87EmulHandler(regs*, void*)
                0x00000000c0015278                gpFault(regs*, void*)
                0x00000000c00152b1                pgFault(regs*, void*)
                0x00000000c00152ed                otherISRHandler(regs*, void*)
                0x00000000c001530c                opcodeFault(regs*, void*)
                0x00000000c0015912                displayProgramFault(char const*)
                0x00000000c001593a                setupInterruptController()
                0x00000000c0015d02                InterruptController::convertLegacyIRQNumber(int)
 *fill*         0x00000000c0015d4f        0x1 
 .text          0x00000000c0015d50      0x6c8 hal/keybrd.32
                0x00000000c0015d50                startGUI(void*)
                0x00000000c0015dac                startGUIVESA(void*)
                0x00000000c0015e08                sendKeyToTerminal(unsigned char)
                0x00000000c0015e74                sendKeyboardToken(KeyboardToken)
                0x00000000c00162b1                clearInternalKeybuffer(VgaText*)
                0x00000000c00162e6                readKeyboard(VgaText*, char*, unsigned long)
                0x00000000c001638e                Keyboard::Keyboard(char const*)
                0x00000000c001638e                Keyboard::Keyboard(char const*)
                0x00000000c00163ca                Keyboard::~Keyboard()
                0x00000000c00163ca                Keyboard::~Keyboard()
                0x00000000c00163ee                Keyboard::~Keyboard()
 .text          0x00000000c0016418      0x414 hal/logidisk.32
                0x00000000c0016418                LogicalDisk::close(int, int, void*)
                0x00000000c001641c                LogicalDisk::~LogicalDisk()
                0x00000000c001641c                LogicalDisk::~LogicalDisk()
                0x00000000c0016440                LogicalDisk::~LogicalDisk()
                0x00000000c001646a                LogicalDisk::open(int, int, void*)
                0x00000000c001647e                LogicalDisk::absoluteToRelative(unsigned long long)
                0x00000000c00164b6                LogicalDisk::relativeToAbsolute(unsigned long long)
                0x00000000c00164fc                LogicalDisk::LogicalDisk(char const*, PhysicalDisk*, unsigned long long, unsigned long long)
                0x00000000c00164fc                LogicalDisk::LogicalDisk(char const*, PhysicalDisk*, unsigned long long, unsigned long long)
                0x00000000c00165b2                LogicalDisk::assignDriveLetter()
                0x00000000c0016668                LogicalDisk::mount()
                0x00000000c00166da                LogicalDisk::unmount()
                0x00000000c00166ea                LogicalDisk::eject()
                0x00000000c00166fe                LogicalDisk::unassignDriveLetter()
                0x00000000c0016754                LogicalDisk::read(unsigned long long, int, void*)
                0x00000000c00167c0                LogicalDisk::write(unsigned long long, int, void*)
 .text          0x00000000c001682c       0x84 hal/mouse.32
                0x00000000c001682c                Mouse::Mouse(char const*)
                0x00000000c001682c                Mouse::Mouse(char const*)
                0x00000000c0016862                Mouse::~Mouse()
                0x00000000c0016862                Mouse::~Mouse()
                0x00000000c0016886                Mouse::~Mouse()
 .text          0x00000000c00168b0      0x34d hal/partition.32
                0x00000000c00168b0                makePartition(PhysicalDisk*, unsigned long long, unsigned long long)
                0x00000000c001696c                createPartitionsForDisk(PhysicalDisk*)
 *fill*         0x00000000c0016bfd        0x1 
 .text          0x00000000c0016bfe       0x84 hal/serial.32
                0x00000000c0016bfe                Serial::Serial(char const*)
                0x00000000c0016bfe                Serial::Serial(char const*)
                0x00000000c0016c34                Serial::~Serial()
                0x00000000c0016c34                Serial::~Serial()
                0x00000000c0016c58                Serial::~Serial()
 .text          0x00000000c0016c82      0x2b8 hal/timer.32
                0x00000000c0016c82                Timer::Timer(char const*)
                0x00000000c0016c82                Timer::Timer(char const*)
                0x00000000c0016cb8                Timer::~Timer()
                0x00000000c0016cb8                Timer::~Timer()
                0x00000000c0016cdc                Timer::~Timer()
                0x00000000c0016d06                Timer::read()
                0x00000000c0016d11                timerHandler(unsigned long long)
                0x00000000c0016e48                setupTimer(int)
 .text          0x00000000c0016f3a      0x425 hal/vcache.32
                0x00000000c0016f3a                VCache::VCache(PhysicalDisk*)
                0x00000000c0016f3a                VCache::VCache(PhysicalDisk*)
                0x00000000c00170a2                VCache::invalidateReadBuffer()
                0x00000000c00170b2                VCache::writeWriteBuffer()
                0x00000000c00170ee                VCache::~VCache()
                0x00000000c00170ee                VCache::~VCache()
                0x00000000c0017142                VCache::~VCache()
                0x00000000c001716a                VCache::write(unsigned long long, int, void*)
                0x00000000c0017260                VCache::read(unsigned long long, int, void*)
 *fill*         0x00000000c001735f        0x1 
 .text          0x00000000c0017360      0x4cd hal/video.32
                0x00000000c0017360                Video::putrect(int, int, int, int, unsigned int)
                0x00000000c00173ac                Video::bitblit(int, int, int, int, int, int, int, unsigned int*)
                0x00000000c001741c                Video::blit(unsigned int*, int, int, int, int)
                0x00000000c001749a                Video::clearScreen(unsigned int)
                0x00000000c00174ce                Video::putpixel(int, int, unsigned int)
                0x00000000c00174dc                Video::Video(char const*)
                0x00000000c00174dc                Video::Video(char const*)
                0x00000000c0017512                Video::~Video()
                0x00000000c0017512                Video::~Video()
                0x00000000c0017536                Video::~Video()
                0x00000000c0017560                Video::isMonochrome()
                0x00000000c001756c                Video::getWidth()
                0x00000000c0017578                Video::getHeight()
                0x00000000c0017584                Video::drawCursor(int, int, unsigned char*, int)
                0x00000000c0017640                Video::tgaParse(unsigned char*, int, int*, int*)
                0x00000000c00177c2                Video::putTGA(int, int, unsigned char*, int)
 *fill*         0x00000000c001782d        0x1 
 .text          0x00000000c001782e      0xf64 hw/acpi.32
                0x00000000c001782e                ACPI::close(int, int, void*)
                0x00000000c00178e3                findRSDP()
                0x00000000c001796d                loadACPITables(unsigned char*)
                0x00000000c0017b94                findRSDT(unsigned char*)
                0x00000000c0017cb2                findDataTable(unsigned char*, char*)
                0x00000000c0017d4e                scanMADT()
                0x00000000c00181d4                ACPI::ACPI()
                0x00000000c00181d4                ACPI::ACPI()
                0x00000000c001823e                ACPI::getPCIIRQAssignment(unsigned char, unsigned short, unsigned char)
                0x00000000c0018320                ACPI::registerPCIIRQAssignment(void*, unsigned short, unsigned char, unsigned char)
                0x00000000c00183e6                ACPI::setScreenBrightnessLevel(void*, int)
                0x00000000c00183ec                ACPI::writeSimpleBootFlag(SimpleBootFlagTable*)
                0x00000000c0018434                ACPI::open(int, int, void*)
                0x00000000c001877a                ACPI::sleep()
 .text          0x00000000c0018792     0x1715 hw/cpu.32
                0x00000000c0018792                CPU::close(int, int, void*)
                0x00000000c0018796                CPU::lookupAMDName(unsigned char, unsigned char)
                0x00000000c001892a                CPU::lookupIntelName(unsigned char, unsigned char)
                0x00000000c0018bd8                CPU::AMD_K6_write_msr(unsigned int, unsigned int, unsigned int, CPU::REGS*)
                0x00000000c0018bf4                CPU::AMD_K6_read_msr(unsigned int, CPU::REGS*)
                0x00000000c0018c0c                CPU::AMD_K6_writeback(int, int, int)
                0x00000000c0018c80                CPU::cpuid(int, unsigned long*, unsigned long*, unsigned long*, unsigned long*)
                0x00000000c0018d04                CPU::cpuidCheckEDX(unsigned int)
                0x00000000c0018d32                CPU::cpuidCheckECX(unsigned int)
                0x00000000c0018d60                CPU::cpuidCheckExtendedEBX(unsigned int)
                0x00000000c0018d8e                CPU::cpuidCheckExtendedECX(unsigned int)
                0x00000000c0018dbc                CPU::CPU()
                0x00000000c0018dbc                CPU::CPU()
                0x00000000c0018e4a                CPU::displayFeatures()
                0x00000000c00190c6                CPU::detectFeatures()
                0x00000000c0019ab6                CPU::setupSMEP()
                0x00000000c0019ac2                CPU::setupUMIP()
                0x00000000c0019acc                CPU::setupTSC()
                0x00000000c0019ad6                CPU::setupLargePages()
                0x00000000c0019ae0                CPU::setupPAT()
                0x00000000c0019b1c                CPU::setupMTRR()
                0x00000000c0019b1e                CPU::setupGlobalPages()
                0x00000000c0019b28                CPU::allowUsermodeDataAccess()
                0x00000000c0019b3a                CPU::prohibitUsermodeDataAccess()
                0x00000000c0019b4c                CPU::setupSMAP()
                0x00000000c0019b5a                CPU::setupFeatures()
                0x00000000c0019bda                CPU::open(int, int, void*)
                0x00000000c0019cac                CPU::decodeAddress(regs*, int*, bool*, unsigned char*)
 .text          0x00000000c0019ea7        0x0 hw/ports.32
 .text          0x00000000c0019ea7      0x16a hw/smp.32
                0x00000000c0019ea7                Krnl::smpEntry()
                0x00000000c0019ea9                Krnl::startCPU(int)
                0x00000000c0019ff2                Krnl::startCPUs()
 *fill*         0x00000000c001a011        0x1 
 .text          0x00000000c001a012      0x5d3 krnl/env.32
                0x00000000c001a012                EnvVarContainer::getEnv(char const*)
                0x00000000c001a050                EnvVarContainer::setEnv(char const*, char const*)
                0x00000000c001a11c                EnvVarContainer::deleteEnv(char const*)
                0x00000000c001a11e                EnvVarContainer::loadFrom(char const*, char const*)
                0x00000000c001a314                EnvVarContainer::__loadSystem()
                0x00000000c001a32e                EnvVarContainer::__loadUser()
                0x00000000c001a330                EnvVarContainer::EnvVarContainer(Process*)
                0x00000000c001a330                EnvVarContainer::EnvVarContainer(Process*)
                0x00000000c001a352                EnvVarContainer::~EnvVarContainer()
                0x00000000c001a352                EnvVarContainer::~EnvVarContainer()
                0x00000000c001a382                Krnl::getEnv(Process*, char const*)
                0x00000000c001a3e7                Krnl::setEnvSystem(char const*, char const*)
                0x00000000c001a401                Krnl::setEnvUser(char const*, char const*)
                0x00000000c001a420                Krnl::setEnvProcess(Process*, char const*, char const*)
                0x00000000c001a433                Krnl::deleteEnvSystem(char const*)
                0x00000000c001a434                Krnl::deleteEnvUser(char const*)
                0x00000000c001a435                Krnl::deleteEnvProcess(Process*, char const*)
                0x00000000c001a436                Krnl::newProcessEnv(Process*)
                0x00000000c001a458                Krnl::copyProcessEnv(Process*, Process*)
                0x00000000c001a4ac                Krnl::loadSystemEnv()
                0x00000000c001a4da                Krnl::loadUserEnv()
                0x00000000c001a500                Krnl::flushEnv()
                0x00000000c001a501                Krnl::getProcessTotalEnvCount(Process*)
                0x00000000c001a521                Krnl::getProcessEnvPair(Process*, int)
 .text          0x00000000c001a5e5      0x396 krnl/panic.32
                0x00000000c001a5e5                Krnl::panic(char const*)
 .text          0x00000000c001a97b      0x3b6 net/ethernet.32
                0x00000000c001a97b                Net::switchEndian16(unsigned short)
                0x00000000c001a99c                Net::switchEndian32(unsigned int)
                0x00000000c001a9cb                Net::crc32Calc(unsigned char*, int)
                0x00000000c001aa5c                Net::wrapEthernetFrame(Net::UnwrappedEthernetFrame, unsigned char*)
                0x00000000c001ab98                Net::unwrapEthernetFrame(unsigned char*, int)
 .text          0x00000000c001ad31      0x513 reg/registry.32
                0x00000000c001ad31                Reg::findLineFromLoadedData(char*, char*, char*)
                0x00000000c001ae89                Reg::getLineFromRegistry(char*, char*, char*, char*)
                0x00000000c001afde                Reg::getLine(char*, char*, char*)
                0x00000000c001b015                Reg::readInt(char*, char*, int*)
                0x00000000c001b100                Reg::readString(char*, char*, char*, int)
                0x00000000c001b181                Reg::readBool(char*, char*, bool*)
                0x00000000c001b1a6                Reg::readBoolWithDefault(char*, char*, bool)
                0x00000000c001b1d2                Reg::readIntWithDefault(char*, char*, int)
                0x00000000c001b1fe                Reg::readStringWithDefault(char*, char*, char*, int, char*)
 .text          0x00000000c001b244       0x36 sys/sc_eject.32
                0x00000000c001b244                Sys::eject(regs*)
 .text          0x00000000c001b27a       0x18 sys/sc_exit.32
                0x00000000c001b27a                Sys::exit(regs*)
 .text          0x00000000c001b292       0x1f sys/sc_getcwd.32
                0x00000000c001b292                Sys::getCwd(regs*)
 .text          0x00000000c001b2b1        0xc sys/sc_getpid.32
                0x00000000c001b2b1                Sys::getPID(regs*)
 .text          0x00000000c001b2bd       0x17 sys/sc_getramdata.32
                0x00000000c001b2bd                Sys::getRAMData(regs*)
 .text          0x00000000c001b2d4       0xa8 sys/sc_loaddll.32
                0x00000000c001b2d4                Sys::loadDLL(regs*)
 .text          0x00000000c001b37c       0x68 sys/sc_read.32
                0x00000000c001b37c                Sys::read(regs*)
 .text          0x00000000c001b3e4       0x55 sys/sc_sbrk.32
                0x00000000c001b3e4                Sys::sbrk(regs*)
 .text          0x00000000c001b439       0x1c sys/sc_setcwd.32
                0x00000000c001b439                Sys::setCwd(regs*)
 .text          0x00000000c001b455      0x128 sys/sc_settime.32
                0x00000000c001b455                Sys::setTime(regs*)
 .text          0x00000000c001b57d       0x4a sys/sc_timezone.32
                0x00000000c001b57d                Sys::timezone(regs*)
 .text          0x00000000c001b5c7       0x68 sys/sc_write.32
                0x00000000c001b5c7                Sys::write(regs*)
 .text          0x00000000c001b62f       0x62 sys/sc_wsbe.32
                0x00000000c001b62f                Sys::wsbe(regs*)
 .text          0x00000000c001b691       0x3b sys/sc_yield.32
                0x00000000c001b691                Sys::yield(regs*)
 .text          0x00000000c001b6cc     0x10e5 sys/syscalls.32
                0x00000000c001b6cc                sysCallSeekDir(regs*)
                0x00000000c001b6d1                sysCallTellDir(regs*)
                0x00000000c001b6d6                sysCallVerify(regs*)
                0x00000000c001b6e0                sysFormatDisk(regs*)
                0x00000000c001b74a                sysSetDiskVolumeLabel(regs*)
                0x00000000c001b790                sysGetDiskVolumeLabel(regs*)
                0x00000000c001b7e1                sysShutdown(regs*)
                0x00000000c001b83f                sysCallRealpath(regs*)
                0x00000000c001b882                sysCallGetArgc(regs*)
                0x00000000c001b8b0                sysCallReadDir(regs*)
                0x00000000c001b93e                sysCallIsATTY(regs*)
                0x00000000c001b998                sysCallSeek(regs*)
                0x00000000c001ba01                sysCallTell(regs*)
                0x00000000c001ba7e                sysCallSize(regs*)
                0x00000000c001bb01                sysCallSizeFromFilename(regs*)
                0x00000000c001bbc1                sysCallClose(regs*)
                0x00000000c001bc49                sysCallOpenDir(regs*)
                0x00000000c001bcbe                sysCallCloseDir(regs*)
                0x00000000c001bd24                sysCallMakeDir(regs*)
                0x00000000c001bd94                sysCallWait(regs*)
                0x00000000c001bdae                sysCallNotImpl(regs*)
                0x00000000c001bdc9                sysPanic(regs*)
                0x00000000c001bdef                sysCallRmdir(regs*)
                0x00000000c001be53                sysCallUnlink(regs*)
                0x00000000c001beb7                sysCallGetArgv(regs*)
                0x00000000c001bf03                sysCallTTYName(regs*)
                0x00000000c001bf86                sysCallUSleep(regs*)
                0x00000000c001bfad                sysCallSpawn(regs*)
                0x00000000c001c005                sysCallGetEnv(regs*)
                0x00000000c001c13d                sysAppSettings(regs*)
                0x00000000c001c25c                sysSetFatAttrib(regs*)
                0x00000000c001c2ce                sysPipe(regs*)
                0x00000000c001c313                sysGetUnixTime(regs*)
                0x00000000c001c327                string_ends_with(char const*, char const*)
                0x00000000c001c36f                sysCallOpen(regs*)
                0x00000000c001c584                Sys::loadSyscalls()
                0x00000000c001c76f                Sys::systemCall(regs*, void*)
 .text          0x00000000c001c7b1     0x11d4 thr/elf.32
                0x00000000c001c7b1                Thr::allocateMemoryForTask(Process*, File*, unsigned long, unsigned long, unsigned long)
                0x00000000c001ca43                Thr::loadProgramIntoMemory(Process*, char const*)
                0x00000000c001cc59                Thr::runtimeReferenceHelper()
                0x00000000c001cc6c                Thr::getAddressOfKernelSymbol(char const*)
                0x00000000c001ccbb                Thr::loadKernelSymbolTable(char const*)
                0x00000000c001cf79                Thr::loadDriverIntoMemory(char const*, unsigned long, bool)
                0x00000000c001d695                Thr::getDriverBaseFromAddress(unsigned long)
                0x00000000c001d6c7                Thr::getDriverNameFromAddress(unsigned long)
                0x00000000c001d6fe                Thr::getDriverOffsetFromAddress(unsigned long)
                0x00000000c001d718                Thr::loadDLL(char const*, bool)
                0x00000000c001d94c                Thr::executeDLL(unsigned long, void*)
 *fill*         0x00000000c001d985        0x1 
 .text          0x00000000c001d986     0x1056 thr/prcssthr.32
                0x00000000c001d986                changeTSS
                0x00000000c001d9b6                Process::addArgs(char**)
                0x00000000c001da10                Process::Process(char const*, Process*, char**)
                0x00000000c001da10                Process::Process(char const*, Process*, char**)
                0x00000000c001dbf4                Process::Process(bool, char const*, Process*, char**)
                0x00000000c001dbf4                Process::Process(bool, char const*, Process*, char**)
                0x00000000c001dda3                disableIRQs()
                0x00000000c001ddab                getIRQNestingLevel()
                0x00000000c001ddb1                enableIRQs()
                0x00000000c001ddc0                lockScheduler()
                0x00000000c001ddc2                unlockScheduler()
                0x00000000c001ddc4                userModeEntryPoint(void*)
                0x00000000c001dde7                lockStuff()
                0x00000000c001ddf3                taskStartupFunction
                0x00000000c001ddfc                updateTimeUsed()
                0x00000000c001de61                switchToThread(ThreadControlBlock*)
                0x00000000c001deb2                Semaphore::Semaphore(int)
                0x00000000c001deb2                Semaphore::Semaphore(int)
                0x00000000c001dee0                Mutex::Mutex()
                0x00000000c001dee0                Mutex::Mutex()
                0x00000000c001def2                Process::createThread(void (*)(void*), void*, int)
                0x00000000c001dfd6                Process::createUserThread()
                0x00000000c001dff2                setupMultitasking(void (*)())
                0x00000000c001e0fc                schedule()
                0x00000000c001e181                unlockStuff()
                0x00000000c001e1b6                Semaphore::tryAcquire()
                0x00000000c001e1e4                Semaphore::assertLocked(char const*)
                0x00000000c001e214                blockTaskWithSchedulerLockAlreadyHeld(TaskState)
                0x00000000c001e256                blockTask(TaskState)
                0x00000000c001e277                waitTask(int, int*, int)
                0x00000000c001e2b9                nanoSleepUntil(unsigned long long)
                0x00000000c001e310                nanoSleep(unsigned long long)
                0x00000000c001e325                sleep(unsigned long long)
                0x00000000c001e342                Semaphore::acquire()
                0x00000000c001e3aa                taskReturned
                0x00000000c001e3d8                unblockTask(ThreadControlBlock*)
                0x00000000c001e487                cleanupTerminatedTask(ThreadControlBlock*)
                0x00000000c001e750                cleanerTaskFunction(void*)
                0x00000000c001e803                terminateTask(int)
                0x00000000c001e8e3                Thr::terminateFromIRQ(int)
                0x00000000c001e8f0                Semaphore::release()
 .text          0x00000000c001e9dc      0xc26 vm86/vm8086.32
                0x00000000c001e9dc                Vm::inbv(unsigned short)
                0x00000000c001e9ef                Vm::outbv(unsigned short, unsigned char)
                0x00000000c001ea42                Vm::realToLinear(unsigned short, unsigned short)
                0x00000000c001ea52                Vm::getSegment(unsigned int)
                0x00000000c001ea5a                Vm::getOffset(unsigned int)
                0x00000000c001ea5f                Vm::mainloop2()
                0x00000000c001ea9a                Vm::mainVm8086Loop(void*)
                0x00000000c001eaa7                Vm::mainloop3(unsigned long)
                0x00000000c001ead1                Vm::initialise8086()
                0x00000000c001eb14                Vm::finish8086()
                0x00000000c001eb59                Vm::getOutput8086(unsigned char*)
                0x00000000c001eb83                Vm::start8086(char const*, unsigned short, unsigned short, unsigned short, unsigned short)
                0x00000000c001ecd3                Vm::doISR(regs*, int, unsigned char*, unsigned short, unsigned short)
                0x00000000c001ed5d                Vm::readByteFromReal(unsigned short, unsigned short)
                0x00000000c001ed6e                Vm::readWordFromReal(unsigned short, unsigned short)
                0x00000000c001ed80                Vm::readDwordFromReal(unsigned short, unsigned short)
                0x00000000c001ed91                Vm::writeByteFromReal(unsigned short, unsigned short, unsigned char)
                0x00000000c001eda6                Vm::writeWordFromReal(unsigned short, unsigned short, unsigned short)
                0x00000000c001edbc                Vm::writeDwordFromReal(unsigned short, unsigned short, unsigned int)
                0x00000000c001edd1                Vm::faultHandler(regs*)
 .text          0x00000000c001f602      0xefd vm86/x87em.32
                0x00000000c001f602                Vm::fpuInternalTo32(unsigned long long)
                0x00000000c001f65d                Vm::fpuInternalTo64(unsigned long long)
                0x00000000c001f666                Vm::fpu32ToInternal(unsigned int)
                0x00000000c001f6ab                Vm::fpu64ToInternal(unsigned long long)
                0x00000000c001f6b4                Vm::fpuFloatToLong(unsigned long long)
                0x00000000c001f70f                Vm::fpuULongToFloat(unsigned long long)
                0x00000000c001f745                Vm::fpuLongToFloat(long long)
                0x00000000c001f79b                Vm::fpuGet0()
                0x00000000c001f7a0                Vm::fpuGet1()
                0x00000000c001f7a8                Vm::fpuGetPi()
                0x00000000c001f7b0                Vm::fpuGetLog2E()
                0x00000000c001f7c8                Vm::fpuGetLogE2()
                0x00000000c001f7e0                Vm::fpuGetLog210()
                0x00000000c001f7f8                Vm::fpuGetLog102()
                0x00000000c001f810                Vm::fpuIsSecondLarger(unsigned long long, unsigned long long)
                0x00000000c001f824                Vm::fpuAreEqual(unsigned long long, unsigned long long)
                0x00000000c001f83a                Vm::fpuUnorderedCompare(unsigned long long, unsigned long long)
                0x00000000c001f88d                Vm::fpuAdd(unsigned long long, unsigned long long)
                0x00000000c001f89e                Vm::fpuAbs(unsigned long long)
                0x00000000c001f8a7                Vm::fpuChs(unsigned long long)
                0x00000000c001f8b7                Vm::fpuSub(unsigned long long, unsigned long long)
                0x00000000c001f8c6                Vm::fpuMultiply(unsigned long long, unsigned long long)
                0x00000000c001f8e5                Vm::fpuDivide(unsigned long long, unsigned long long)
                0x00000000c001f901                Vm::fpuSquare(unsigned long long)
                0x00000000c001f917                Vm::fpuGetReg(int)
                0x00000000c001f95a                Vm::fpuSetReg(int, unsigned long long)
                0x00000000c001f9a5                Vm::fpuPush(unsigned long long)
                0x00000000c001fa02                Vm::fpuPop()
                0x00000000c001fa54                Vm::x87Handler(regs*)
 *fill*         0x00000000c00204ff        0x1 
 .text          0x00000000c0020500     0x10ed fs/fat/vfslink.32
                0x00000000c0020500                FAT::getName()
                0x00000000c0020506                FAT::tell(void*, unsigned long long*)
                0x00000000c002053a                FAT::stat(void*, unsigned long long*)
                0x00000000c002056e                FAT::~FAT()
                0x00000000c002056e                FAT::~FAT()
                0x00000000c0020592                FAT::~FAT()
                0x00000000c00205ba                FAT::getlabel(LogicalDisk*, int, char*, unsigned int*)
                0x00000000c0020658                FAT::setlabel(LogicalDisk*, int, char*)
                0x00000000c0020712                FAT::format(LogicalDisk*, int, char const*, int)
                0x00000000c00208f6                FAT::tryMount(LogicalDisk*, int)
                0x00000000c0020afc                FAT::readDir(void*, unsigned long, void*, int*)
                0x00000000c0020c02                FAT::read(void*, unsigned long, void*, int*)
                0x00000000c0020c5c                FAT::write(void*, unsigned long, void*, int*)
                0x00000000c0020cb6                FAT::close(void*)
                0x00000000c0020d02                FAT::closeDir(void*)
                0x00000000c0020d4e                FAT::seek(void*, unsigned long long)
                0x00000000c0020da2                fatWrapperReadDisk
                0x00000000c0020de9                fatWrapperWriteDisk
                0x00000000c0020e30                fatWrapperIoctl
                0x00000000c0020f34                FAT::FAT()
                0x00000000c0020f34                FAT::FAT()
                0x00000000c0020f86                FAT::fixFilepath(char*)
                0x00000000c0020fbe                FAT::open(char const*, void**, FileOpenMode)
                0x00000000c00210e6                FAT::openDir(char const*, void**)
                0x00000000c002118c                FAT::stat(char const*, unsigned long long*, bool*)
                0x00000000c0021276                FAT::unlink(char const*)
                0x00000000c00212f0                FAT::chfatattr(char const*, unsigned char, unsigned char)
                0x00000000c0021444                FAT::rename(char const*, char const*)
                0x00000000c0021508                FAT::mkdir(char const*)
                0x00000000c0021582                FAT::exists(char const*)
 *fill*         0x00000000c00215ed        0x1 
 .text          0x00000000c00215ee      0xbc1 fs/iso9660/vfslink.32
                0x00000000c00215ee                ISO9660::format(LogicalDisk*, int, char const*, int)
                0x00000000c00215f4                ISO9660::seek(void*, unsigned long long)
                0x00000000c0021624                ISO9660::tell(void*, unsigned long long*)
                0x00000000c0021648                ISO9660::getName()
                0x00000000c002164e                ISO9660::stat(void*, unsigned long long*)
                0x00000000c0021672                ISO9660::chfatattr(char const*, unsigned char, unsigned char)
                0x00000000c0021678                ISO9660::unlink(char const*)
                0x00000000c002167e                ISO9660::write(void*, unsigned long, void*, int*)
                0x00000000c0021684                ISO9660::rename(char const*, char const*)
                0x00000000c002168a                ISO9660::mkdir(char const*)
                0x00000000c0021690                ISO9660::close(void*)
                0x00000000c00216b2                ISO9660::closeDir(void*)
                0x00000000c00216d4                ISO9660::~ISO9660()
                0x00000000c00216d4                ISO9660::~ISO9660()
                0x00000000c00216f8                ISO9660::~ISO9660()
                0x00000000c002171f                __memmem(unsigned char*, int, unsigned char*, int)
                0x00000000c0021761                readSectorFromCDROM(unsigned int, unsigned char*, char)
                0x00000000c00217c8                ISO9660::tryMount(LogicalDisk*, int)
                0x00000000c0021818                ISO9660::read(void*, unsigned long, void*, int*)
                0x00000000c0021a18                ISO9660::readDir(void*, unsigned long, void*, int*)
                0x00000000c0021ca5                readRoot(unsigned int*, unsigned int*, char)
                0x00000000c0021cfa                readRecursively(char*, unsigned int, unsigned int, unsigned int*, unsigned int*, char, int*)
                0x00000000c0021ecd                getFileData(char*, unsigned int*, unsigned int*, char, int*)
                0x00000000c0021f5c                ISO9660::open(char const*, void**, FileOpenMode)
                0x00000000c002201c                ISO9660::exists(char const*)
                0x00000000c0022040                ISO9660::stat(char const*, unsigned long long*, bool*)
                0x00000000c00220d4                ISO9660::openDir(char const*, void**)
                0x00000000c002218c                ISO9660::ISO9660()
                0x00000000c002218c                ISO9660::ISO9660()
 *fill*         0x00000000c00221af        0x1 
 .text          0x00000000c00221b0      0x326 hal/sound/sndchannel.32
                0x00000000c00221b0                SoundChannel::~SoundChannel()
                0x00000000c00221b0                SoundChannel::~SoundChannel()
                0x00000000c00221cc                SoundChannel::setSpeed(float)
                0x00000000c00221d8                SoundChannel::getSpeed()
                0x00000000c00221e0                SoundChannel::setVolume(int)
                0x00000000c00221fc                SoundChannel::getVolume()
                0x00000000c0022204                SoundChannel::pause()
                0x00000000c002220e                SoundChannel::SoundChannel(int, int, int, int)
                0x00000000c002220e                SoundChannel::SoundChannel(int, int, int, int)
                0x00000000c0022364                SoundChannel::play()
                0x00000000c002236e                SoundChannel::paused()
                0x00000000c0022376                SoundChannel::getSampleRate()
                0x00000000c002237e                SoundChannel::getBits()
                0x00000000c0022386                SoundChannel::getBufferUsed()
                0x00000000c002238e                SoundChannel::getBufferSize()
                0x00000000c0022396                SoundChannel::unbuffer(float*, int, int)
                0x00000000c0022436                SoundChannel::buffer8(unsigned char*, int)
 .text          0x00000000c00224d6      0x3d5 hal/sound/sndhw.32
                0x00000000c00224d6                SoundDevice::SoundDevice(char const*)
                0x00000000c00224d6                SoundDevice::SoundDevice(char const*)
                0x00000000c0022542                SoundDevice::~SoundDevice()
                0x00000000c0022542                SoundDevice::~SoundDevice()
                0x00000000c00225bc                SoundDevice::~SoundDevice()
                0x00000000c00225e6                SoundDevice::getFreeChannelNum()
                0x00000000c0022600                SoundDevice::addChannel(SoundChannel*)
                0x00000000c0022670                SoundDevice::removeChannel(int)
                0x00000000c00226a2                SoundDevice::floatTo8(float*, unsigned char*, int)
                0x00000000c002278a                SoundDevice::getAudio(int, float*, float*)
 .text          0x00000000c00228ab        0x0 hw/bus/isa.32
 *fill*         0x00000000c00228ab        0x1 
 .text          0x00000000c00228ac      0x6c3 hw/bus/pci.32
                0x00000000c00228ac                PCI::open(int, int, void*)
                0x00000000c00228c0                PCI::close(int, int, void*)
                0x00000000c00228c4                PCI::PCI()
                0x00000000c00228c4                PCI::PCI()
                0x00000000c0022944                PCI::pciReadWord(unsigned char, unsigned char, unsigned char, unsigned char)
                0x00000000c002298c                PCI::getVendorID(unsigned char, unsigned char, unsigned char)
                0x00000000c00229ae                PCI::getHeaderType(unsigned char, unsigned char, unsigned char)
                0x00000000c00229d2                PCI::getClassCode(unsigned char, unsigned char, unsigned char)
                0x00000000c0022a16                PCI::getProgIF(unsigned char, unsigned char, unsigned char)
                0x00000000c0022a3a                PCI::getRevisionID(unsigned char, unsigned char, unsigned char)
                0x00000000c0022a5c                PCI::getInterruptNumber(unsigned char, unsigned char, unsigned char)
                0x00000000c0022a7e                PCI::getSecondaryBus(unsigned char, unsigned char, unsigned char)
                0x00000000c0022aa2                PCI::getBARAddress(unsigned char, unsigned char, unsigned char, unsigned char)
                0x00000000c0022b02                PCI::pciWriteWord(unsigned char, unsigned char, unsigned char, unsigned char, unsigned short)
                0x00000000c0022b6e                PCI::checkBus(unsigned char)
                0x00000000c0022b92                PCI::foundDevice(PCIDeviceInfo)
                0x00000000c0022d04                PCI::getDeviceData(unsigned char, unsigned char, unsigned char)
                0x00000000c0022eb0                PCI::checkDevice(unsigned char, unsigned char)
                0x00000000c0022f1c                PCI::detect()
 *fill*         0x00000000c0022f6f        0x1 
 .text          0x00000000c0022f70      0xc70 hw/diskctrl/ide.32
                0x00000000c0022f70                IDE::close(int, int, void*)
                0x00000000c0022f74                IDE::IDE()
                0x00000000c0022f74                IDE::IDE()
                0x00000000c0022fa8                IDE::prepareInterrupt(unsigned char)
                0x00000000c0022fba                selectDrive(unsigned char, unsigned char)
                0x00000000c0022fbc                IDE::getBase(unsigned char)
                0x00000000c0022fce                IDE::write(unsigned char, unsigned char, unsigned char)
                0x00000000c002308e                IDE::read(unsigned char, unsigned char)
                0x00000000c002313c                IDE::waitInterrupt(unsigned char)
                0x00000000c00231a2                ideChannel0IRQHandler(regs*, void*)
                0x00000000c00231be                ideChannel1IRQHandler(regs*, void*)
                0x00000000c00231da                IDE::enableIRQs(unsigned char, bool)
                0x00000000c0023220                IDE::open(int, int, void*)
                0x00000000c0023630                IDE::readBuffer(unsigned char, unsigned char, unsigned int, unsigned int)
                0x00000000c00236fc                IDE::detect()
                0x00000000c00239e4                IDE::printError(unsigned char, unsigned char, unsigned char)
                0x00000000c0023b7a                IDE::polling(unsigned char, unsigned int)
 .text          0x00000000c0023be0      0x390 hw/diskctrl/satabus.32
                0x00000000c0023be0                SATABus::close(int, int, void*)
                0x00000000c0023be4                SATABus::detect()
                0x00000000c0023be6                SATABus::SATABus()
                0x00000000c0023be6                SATABus::SATABus()
                0x00000000c0023c92                SATABus::findCmdslot(SATABus::tagHBA_PORT volatile*)
                0x00000000c0023cda                SATABus::checkType(SATABus::tagHBA_PORT volatile*)
                0x00000000c0023d22                SATABus::startCmd(SATABus::tagHBA_PORT volatile*)
                0x00000000c0023d42                SATABus::stopCmd(SATABus::tagHBA_PORT volatile*)
                0x00000000c0023d6c                SATABus::portRebase(SATABus::tagHBA_PORT volatile*, int)
                0x00000000c0023e72                SATABus::probePort(SATABus::tagHBA_MEM volatile*)
                0x00000000c0023f50                SATABus::open(int, int, void*)
 .text          0x00000000c0023f70      0x63c hw/diskphys/ata.32
                0x00000000c0023f70                ATA::close(int, int, void*)
                0x00000000c0023f94                ATA::powerSaving(PowerSavingLevel)
                0x00000000c0023f96                ATA::ATA()
                0x00000000c0023f96                ATA::ATA()
                0x00000000c0023fc4                ATA::flush(bool)
                0x00000000c002400e                ATA::readyForCommand()
                0x00000000c002405e                ATA::access(unsigned long long, int, void*, bool)
                0x00000000c00243e6                ATA::read(unsigned long long, int, void*)
                0x00000000c002444e                ATA::write(unsigned long long, int, void*)
                0x00000000c00244b6                ATA::detectCHS()
                0x00000000c00244e0                ATA::open(int, int, void*)
 .text          0x00000000c00245ac      0x5bd hw/diskphys/atapi.32
                0x00000000c00245ac                ATAPI::write(unsigned long long, int, void*)
                0x00000000c00245b2                ATAPI::close(int, int, void*)
                0x00000000c00245d6                ATAPI::ATAPI()
                0x00000000c00245d6                ATAPI::ATAPI()
                0x00000000c0024604                ATAPI::readyForCommand()
                0x00000000c0024654                ATAPI::sendPacket(unsigned char*, int, bool, unsigned short*, int)
                0x00000000c0024914                ATAPI::diskRemoved()
                0x00000000c0024930                ATAPI::eject()
                0x00000000c0024978                ATAPI::diskInserted()
                0x00000000c00249a6                ATAPI::detectMedia()
                0x00000000c0024a62                ATAPI::open(int, int, void*)
                0x00000000c0024aea                ATAPI::read(unsigned long long, int, void*)
 *fill*         0x00000000c0024b69        0x1 
 .text          0x00000000c0024b6a      0x455 hw/diskphys/sata.32
                0x00000000c0024b6a                SATA::close(int, int, void*)
                0x00000000c0024b8e                SATA::powerSaving(PowerSavingLevel)
                0x00000000c0024b90                SATA::open(int, int, void*)
                0x00000000c0024c3e                SATA::SATA()
                0x00000000c0024c3e                SATA::SATA()
                0x00000000c0024c6c                SATA::access(unsigned long long, int, void*, bool)
                0x00000000c0024ed2                SATA::read(unsigned long long, int, void*)
                0x00000000c0024f3a                SATA::write(unsigned long long, int, void*)
 *fill*         0x00000000c0024fbf        0x1 
 .text          0x00000000c0024fc0      0x500 hw/diskphys/satapi.32
                0x00000000c0024fc0                SATAPI::write(unsigned long long, int, void*)
                0x00000000c0024fc6                SATAPI::close(int, int, void*)
                0x00000000c0024fea                SATAPI::SATAPI()
                0x00000000c0024fea                SATAPI::SATAPI()
                0x00000000c0025018                SATAPI::diskRemoved()
                0x00000000c0025034                SATAPI::diskInserted()
                0x00000000c0025062                SATAPI::sendPacket(unsigned char*, int, unsigned long long, unsigned short*, int)
                0x00000000c0025266                SATAPI::eject()
                0x00000000c00252ae                SATAPI::detectMedia()
                0x00000000c0025370                SATAPI::open(int, int, void*)
                0x00000000c002541e                SATAPI::read(unsigned long long, int, void*)
 .text          0x00000000c00254c0       0x8e hw/fpu/avx.32
                0x00000000c00254c0                AVX::open(int, int, void*)
                0x00000000c00254d2                AVX::close(int, int, void*)
                0x00000000c00254e4                AVX::available()
                0x00000000c00254f6                AVX::save(void*)
                0x00000000c002550e                AVX::load(void*)
                0x00000000c0025526                AVX::AVX()
                0x00000000c0025526                AVX::AVX()
 .text          0x00000000c002554e       0x90 hw/fpu/mmx.32
                0x00000000c002554e                MMX::available()
                0x00000000c0025562                MMX::open(int, int, void*)
                0x00000000c0025574                MMX::close(int, int, void*)
                0x00000000c0025586                MMX::save(void*)
                0x00000000c002559e                MMX::load(void*)
                0x00000000c00255b6                MMX::MMX()
                0x00000000c00255b6                MMX::MMX()
 .text          0x00000000c00255de       0x96 hw/fpu/sse.32
                0x00000000c00255de                SSE::open(int, int, void*)
                0x00000000c00255f0                SSE::close(int, int, void*)
                0x00000000c0025602                SSE::available()
                0x00000000c002561c                SSE::save(void*)
                0x00000000c0025634                SSE::load(void*)
                0x00000000c002564c                SSE::SSE()
                0x00000000c002564c                SSE::SSE()
 .text          0x00000000c0025674       0x8e hw/fpu/x87.32
                0x00000000c0025674                x87::open(int, int, void*)
                0x00000000c0025686                x87::close(int, int, void*)
                0x00000000c0025698                x87::available()
                0x00000000c00256aa                x87::save(void*)
                0x00000000c00256c2                x87::load(void*)
                0x00000000c00256da                x87::x87()
                0x00000000c00256da                x87::x87()
 .text          0x00000000c0025702      0x71e hw/intctrl/apic.32
                0x00000000c0025702                APIC::disable()
                0x00000000c0025704                APIC::close(int, int, void*)
                0x00000000c0025726                IOAPIC::close(int, int, void*)
                0x00000000c002572c                APIC::io_wait()
                0x00000000c0025732                APIC::getBase()
                0x00000000c0025774                APIC::eoi(unsigned char)
                0x00000000c00257a2                APIC::open(int, int, void*)
                0x00000000c00258f0                IOAPIC::IOAPIC()
                0x00000000c00258f0                IOAPIC::IOAPIC()
                0x00000000c0025918                APIC::APIC()
                0x00000000c0025918                APIC::APIC()
                0x00000000c00259f4                IOAPIC::handlesGSIWithNumber(unsigned int)
                0x00000000c0025a26                IOAPIC::read(int)
                0x00000000c0025a4e                IOAPIC::open(int, int, void*)
                0x00000000c0025b44                IOAPIC::write(int, int)
                0x00000000c0025b70                IOAPIC::redirect(unsigned char, unsigned long long, unsigned char, bool, bool)
                0x00000000c0025c6a                APIC::installIRQHandler(int, void (*)(regs*, void*), bool, void*)
 .text          0x00000000c0025e20      0x3d3 hw/intctrl/pic.32
                0x00000000c0025e20                PIC::disable()
                0x00000000c0025e4e                PIC::close(int, int, void*)
                0x00000000c0025e70                PIC::PIC()
                0x00000000c0025e70                PIC::PIC()
                0x00000000c0025f46                PIC::ioWait()
                0x00000000c0025f4c                PIC::getIRQReg(int)
                0x00000000c0025fb6                PIC::eoi(unsigned char)
                0x00000000c0026048                PIC::remap()
                0x00000000c00261b4                PIC::open(int, int, void*)
 *fill*         0x00000000c00261f3        0x1 
 .text          0x00000000c00261f4      0x25e hw/timer/apictimer.32
                0x00000000c00261f4                APICTimer::close(int, int, void*)
                0x00000000c00261fa                apicTimerHandler(regs*, void*)
                0x00000000c0026228                APICTimer::write(int)
                0x00000000c002632c                APICTimer::open(int, int, void*)
                0x00000000c002642a                APICTimer::APICTimer()
                0x00000000c002642a                APICTimer::APICTimer()
 .text          0x00000000c0026452      0x1a7 hw/timer/pit.32
                0x00000000c0026452                PIT::write(int)
                0x00000000c00264d0                pitHandler(regs*, void*)
                0x00000000c00264fc                PIT::open(int, int, void*)
                0x00000000c002654a                PIT::close(int, int, void*)
                0x00000000c002657a                PIT::PIT()
                0x00000000c002657a                PIT::PIT()
 *fill*         0x00000000c00265f9        0x7 
 .text          0x00000000c0026600       0x1e hw/fpu/x86/avx.32
                0x00000000c0026600                avxDetect
                0x00000000c0026606                avxSave
                0x00000000c0026607                avxLoad
                0x00000000c0026608                avxInit
                0x00000000c0026609                avxClose
                0x00000000c002660a                wouldSheSayYes
 *fill*         0x00000000c002661e        0x2 
 .text          0x00000000c0026620       0x35 hw/fpu/x86/sse.32
                0x00000000c0026620                absolutelyNoChanceInHell
                0x00000000c0026620                sseDetect
                0x00000000c0026638                sseSave
                0x00000000c002663e                sseLoad
                0x00000000c0026644                sseInit
                0x00000000c0026654                sseClose
 *fill*         0x00000000c0026655        0xb 
 .text          0x00000000c0026660       0x47 hw/fpu/x86/x87.32
                0x00000000c0026666                x87Detect
                0x00000000c0026681                x87Save
                0x00000000c0026687                x87Load
                0x00000000c002668c                x87Init
                0x00000000c00266a6                x87Close
 *fill*         0x00000000c00266a7        0x1 
 .text          0x00000000c00266a8       0x25 /cygdrive/d/Users/Alex/Desktop/Toolchain/Output/bin/../lib/gcc/i386-banana/8.1.0/crtend.o
 .text          0x00000000c00266cd        0x0 crtn.32
 *fill*         0x00000000c00266cd        0x3 
 .text          0x00000000c00266d0      0x14b /cygdrive/d/Users/Alex/Desktop/Toolchain/Output/bin/../lib/gcc/i386-banana/8.1.0/libkgcc.a(_divdi3.o)
                0x00000000c00266d0                __divdi3
 *fill*         0x00000000c002681b        0x1 
 .text          0x00000000c002681c      0x17e /cygdrive/d/Users/Alex/Desktop/Toolchain/Output/bin/../lib/gcc/i386-banana/8.1.0/libkgcc.a(_moddi3.o)
                0x00000000c002681c                __moddi3
 *fill*         0x00000000c002699a        0x2 
 .text          0x00000000c002699c       0xff /cygdrive/d/Users/Alex/Desktop/Toolchain/Output/bin/../lib/gcc/i386-banana/8.1.0/libkgcc.a(_udivdi3.o)
                0x00000000c002699c                __udivdi3
 *fill*         0x00000000c0026a9b        0x1 
 .text          0x00000000c0026a9c      0x11a /cygdrive/d/Users/Alex/Desktop/Toolchain/Output/bin/../lib/gcc/i386-banana/8.1.0/libkgcc.a(_umoddi3.o)
                0x00000000c0026a9c                __umoddi3
 .text          0x00000000c0026bb6      0x96d D:/Users/Alex/Desktop/Banana/kernel/libsoftfp.a(sfieeelib.o)
                0x00000000c0026bb6                __addsf3
                0x00000000c0026eb8                __subsf3
                0x00000000c0026ecc                __negsf2
                0x00000000c0026ed9                __mulsf3
                0x00000000c002709c                __divsf3
                0x00000000c00272c7                __floatsisf
                0x00000000c002733b                __floatunsisf
                0x00000000c002737d                __fixsfsi
                0x00000000c00273df                __fixunssfsi
                0x00000000c0027410                __cmpsf2
                0x00000000c00274a5                __eqsf2