Archive member included to satisfy reference by file (symbol)

/cygdrive/d/Users/Alex/Desktop/Toolchain/Output/bin/../lib/gcc/i386-banana/8.1.0/libkgcc.a(_divdi3.o)
                              krnl/resolve.32 (__divdi3)
/cygdrive/d/Users/Alex/Desktop/Toolchain/Output/bin/../lib/gcc/i386-banana/8.1.0/libkgcc.a(_moddi3.o)
                              krnl/resolve.32 (__moddi3)
/cygdrive/d/Users/Alex/Desktop/Toolchain/Output/bin/../lib/gcc/i386-banana/8.1.0/libkgcc.a(_udivdi3.o)
                              hal/clock.32 (__udivdi3)
/cygdrive/d/Users/Alex/Desktop/Toolchain/Output/bin/../lib/gcc/i386-banana/8.1.0/libkgcc.a(_umoddi3.o)
                              core/pipe.32 (__umoddi3)

Allocating common symbols
Common symbol       size              file

dcache              0x40              fs/iso9660/iso9660.32
cdDriveLetter       0x1               fs/iso9660/iso9660.32
icache              0x40              fs/iso9660/iso9660.32

Discarded input sections

 .comment       0x0000000000000000       0x12 /cygdrive/d/Users/Alex/Desktop/Toolchain/Output/bin/../lib/gcc/i386-banana/8.1.0/crtbegin.o
 .comment       0x0000000000000000       0x12 acpica/utclib.32
 .comment       0x0000000000000000       0x12 core/malloc.32
 .comment       0x0000000000000000       0x12 libk/ctype.32
 .comment       0x0000000000000000       0x12 libk/string.32
 .comment       0x0000000000000000       0x12 fs/fat/diskio.32
 .comment       0x0000000000000000       0x12 fs/fat/ff.32
 .comment       0x0000000000000000       0x12 fs/fat/ffsystem.32
 .comment       0x0000000000000000       0x12 fs/fat/ffunicode.32
 .comment       0x0000000000000000       0x12 fs/iso9660/iso9660.32
 .group         0x0000000000000000       0x14 core/computer.32
 .group         0x0000000000000000        0xc core/computer.32
 .comment       0x0000000000000000       0x12 core/computer.32
 .comment       0x0000000000000000       0x12 core/gdt.32
 .group         0x0000000000000000        0xc core/idle.32
 .comment       0x0000000000000000       0x12 core/idle.32
 .comment       0x0000000000000000       0x12 core/idt.32
 .comment       0x0000000000000000       0x12 core/kheap.32
 .comment       0x0000000000000000       0x12 core/main.32
 .comment       0x0000000000000000       0x12 core/physmgr.32
 .group         0x0000000000000000        0xc core/pipe.32
 .comment       0x0000000000000000       0x12 core/pipe.32
 .group         0x0000000000000000        0xc core/terminal.32
 .comment       0x0000000000000000       0x12 core/terminal.32
 .comment       0x0000000000000000       0x12 core/tss.32
 .group         0x0000000000000000        0x8 core/unixfile.32
 .group         0x0000000000000000        0x8 core/unixfile.32
 .group         0x0000000000000000        0xc core/unixfile.32
 .group         0x0000000000000000        0x8 core/unixfile.32
 .group         0x0000000000000000        0xc core/unixfile.32
 .group         0x0000000000000000        0x8 core/unixfile.32
 .group         0x0000000000000000        0xc core/unixfile.32
 .group         0x0000000000000000        0xc core/unixfile.32
 .comment       0x0000000000000000       0x12 core/unixfile.32
 .comment       0x0000000000000000       0x12 core/virtmgr.32
 .comment       0x0000000000000000       0x12 coreobjs/c++.32
 .comment       0x0000000000000000       0x12 dbg/kconsole.32
 .group         0x0000000000000000        0xc fs/vfs.32
 .group         0x0000000000000000        0xc fs/vfs.32
 .group         0x0000000000000000        0xc fs/vfs.32
 .comment       0x0000000000000000       0x12 fs/vfs.32
 .group         0x0000000000000000        0xc hal/bus.32
 .comment       0x0000000000000000       0x12 hal/bus.32
 .comment       0x0000000000000000       0x12 hal/buzzer.32
 .group         0x0000000000000000        0xc hal/clock.32
 .comment       0x0000000000000000       0x12 hal/clock.32
 .group         0x0000000000000000       0x14 hal/device.32
 .group         0x0000000000000000        0xc hal/device.32
 .group         0x0000000000000000        0x8 hal/device.32
 .group         0x0000000000000000        0xc hal/device.32
 .group         0x0000000000000000        0xc hal/device.32
 .comment       0x0000000000000000       0x12 hal/device.32
 .group         0x0000000000000000        0xc hal/diskctrl.32
 .comment       0x0000000000000000       0x12 hal/diskctrl.32
 .group         0x0000000000000000        0xc hal/diskphys.32
 .comment       0x0000000000000000       0x12 hal/diskphys.32
 .comment       0x0000000000000000       0x12 hal/fpu.32
 .comment       0x0000000000000000       0x12 hal/intctrl.32
 .group         0x0000000000000000        0xc hal/keybrd.32
 .comment       0x0000000000000000       0x12 hal/keybrd.32
 .group         0x0000000000000000        0xc hal/logidisk.32
 .comment       0x0000000000000000       0x12 hal/logidisk.32
 .group         0x0000000000000000        0xc hal/mouse.32
 .comment       0x0000000000000000       0x12 hal/mouse.32
[...]
Memory Configuration

Name             Origin             Length             Attributes
*default*        0x0000000000000000 0xffffffffffffffff

Linker script and memory map

LOAD D:/Users/Alex/Desktop/Banana/kernel/boot.32
LOAD crti.32
LOAD /cygdrive/d/Users/Alex/Desktop/Toolchain/Output/bin/../lib/gcc/i386-banana/8.1.0/crtbegin.o
LOAD D:/Users/Alex/Desktop/Banana/kernel/morenasm.32
LOAD acpica/utclib.32
LOAD core/malloc.32
LOAD libk/ctype.32
LOAD libk/string.32
LOAD fs/fat/diskio.32
LOAD fs/fat/ff.32
LOAD fs/fat/ffsystem.32
LOAD fs/fat/ffunicode.32
LOAD fs/iso9660/iso9660.32
LOAD core/computer.32
LOAD core/gdt.32
LOAD core/idle.32
LOAD core/idt.32
LOAD core/kheap.32
LOAD core/main.32
LOAD core/physmgr.32
LOAD core/pipe.32
LOAD core/terminal.32
LOAD core/tss.32
LOAD core/unixfile.32
LOAD core/virtmgr.32
LOAD coreobjs/c++.32
LOAD dbg/kconsole.32
LOAD fs/vfs.32
LOAD hal/bus.32
LOAD hal/buzzer.32
LOAD hal/clock.32
LOAD hal/device.32
LOAD hal/diskctrl.32
LOAD hal/diskphys.32
LOAD hal/fpu.32
LOAD hal/intctrl.32
LOAD hal/keybrd.32
LOAD hal/logidisk.32
LOAD hal/mouse.32
LOAD hal/partition.32
LOAD hal/serial.32
LOAD hal/timer.32
LOAD hal/vcache.32
LOAD hal/video.32
LOAD hw/acpi.32
LOAD hw/cpu.32
LOAD krnl/bootmsg.32
LOAD krnl/env.32
LOAD krnl/inlines.32
LOAD krnl/panic.32
LOAD krnl/powctrl.32
LOAD krnl/resolve.32
LOAD krnl/signal.32
LOAD krnl/syscalls.32
LOAD reg/registry.32
LOAD sys/eject.32
LOAD sys/exit.32
LOAD sys/getcwd.32
LOAD sys/getpid.32
LOAD sys/getramdata.32
LOAD sys/getvgaptr.32
LOAD sys/loaddll.32
LOAD sys/read.32
LOAD sys/registersignal.32
LOAD sys/sbrk.32
LOAD sys/setcwd.32
LOAD sys/settime.32
LOAD sys/timezone.32
LOAD sys/write.32
LOAD sys/wsbe.32
LOAD sys/yield.32
LOAD thr/elf.32
LOAD thr/prcssthr.32
LOAD vm86/vm8086.32
LOAD arch/i386/hal.32
LOAD arch/i386/pic.32
LOAD arch/i386/rtc.32
LOAD arch/i386/vga.32
LOAD fs/fat/vfslink.32
LOAD fs/iso9660/helper.32
LOAD fs/iso9660/vfslink.32
LOAD hal/sound/sndcard.32
LOAD hal/sound/sndport.32
LOAD hw/bus/isa.32
LOAD hw/bus/pci.32
LOAD hw/diskctrl/ide.32
LOAD hw/diskctrl/satabus.32
LOAD hw/diskphys/ata.32
LOAD hw/diskphys/atapi.32
LOAD hw/diskphys/sata.32
LOAD hw/diskphys/satapi.32
LOAD hw/intctrl/apic.32
LOAD hw/timer/apictimer.32
LOAD hw/timer/pit.32
LOAD arch/i386/avx.32
LOAD arch/i386/interrupt.32
LOAD arch/i386/rdrand.32
LOAD arch/i386/sse.32
LOAD arch/i386/x87.32
LOAD /cygdrive/d/Users/Alex/Desktop/Toolchain/Output/bin/../lib/gcc/i386-banana/8.1.0/crtend.o
LOAD crtn.32
LOAD /cygdrive/d/Users/Alex/Desktop/Toolchain/Output/bin/../lib/gcc/i386-banana/8.1.0/libkgcc.a
LOAD D:/Users/Alex/Desktop/Banana/kernel/libsoftfp.a
LOAD D:/Users/Alex/Desktop/Banana/kernel/libk/libm32.a
                0x00000000c0000000                . = 0xc0000000

.text           0x00000000c0000000    0x1cb3a
 *(.text)
 .text          0x00000000c0000000       0x20 D:/Users/Alex/Desktop/Banana/kernel/boot.32
 .text          0x00000000c0000020        0x0 crti.32
 .text          0x00000000c0000020      0x101 /cygdrive/d/Users/Alex/Desktop/Toolchain/Output/bin/../lib/gcc/i386-banana/8.1.0/crtbegin.o
 *fill*         0x00000000c0000121        0xf 
 .text          0x00000000c0000130      0x252 D:/Users/Alex/Desktop/Banana/kernel/morenasm.32
                0x00000000c0000130                manualPCIProbe
                0x00000000c000017b                prepareTramp
                0x00000000c0000194                doTPAUSE
                0x00000000c000019e                hasLegacyFPU
                0x00000000c00001c3                is486
                0x00000000c00001f9                detectCPUID
                0x00000000c000020f                goToVM86
                0x00000000c000023f                goToUsermode
                0x00000000c0000269                switchToThreadASMFirstTime
                0x00000000c0000277                switchToThreadASM
                0x00000000c00002ff                asmQuickAcquireLock
                0x00000000c000031d                asmQuickReleaseLock
                0x00000000c0000329                asmAcquireLock
                0x00000000c000034a                asmReleaseLock
                0x00000000c000035d                loadGDT
                0x00000000c000037d                memcpy
 *fill*         0x00000000c0000382        0xe 
 .text          0x00000000c0000390      0x79e acpica/utclib.32
                0x00000000c0000390                memcmp
                0x00000000c00003e0                memmove
                0x00000000c00004d0                memset
                0x00000000c0000540                strlen
                0x00000000c0000570                strpbrk
                0x00000000c00005b0                strtok
                0x00000000c0000600                strcpy
                0x00000000c0000630                strncpy
                0x00000000c00006e0                strcmp
                0x00000000c0000730                strchr
                0x00000000c0000760                strncmp
                0x00000000c00007c0                strcat
                0x00000000c00007f0                strncat
                0x00000000c0000850                strstr
                0x00000000c00008b0                toupper
                0x00000000c00008d0                tolower
                0x00000000c00008f0                simple_strtoul
 .text          0x00000000c0000b2e      0xfad core/malloc.32
                0x00000000c0000c99                dlfree
                0x00000000c0000ff4                dlmalloc
                0x00000000c0001531                dlrealloc
                0x00000000c00016d4                dlmemalign
                0x00000000c00017f7                dlcalloc
                0x00000000c0001891                dlcfree
                0x00000000c0001896                dlindependent_calloc
                0x00000000c00018bb                dlindependent_comalloc
                0x00000000c00018d2                dlvalloc
                0x00000000c00018fd                dlpvalloc
                0x00000000c0001933                dlmalloc_trim
                0x00000000c0001940                dlmalloc_usable_size
                0x00000000c0001971                dlmallinfo
                0x00000000c0001a40                dlmalloc_stats
                0x00000000c0001a51                dlmallopt
 *fill*         0x00000000c0001adb        0x1 
 .text          0x00000000c0001adc      0x1f2 libk/ctype.32
                0x00000000c0001adc                isblank
                0x00000000c0001afc                iscntrl
                0x00000000c0001b1c                isdigit
                0x00000000c0001b38                islower
                0x00000000c0001b54                isspace
                0x00000000c0001b7c                isupper
                0x00000000c0001b98                isalpha
                0x00000000c0001bc8                isalnum
                0x00000000c0001bf8                ispunct
                0x00000000c0001c38                isgraph
                0x00000000c0001c68                isprint
                0x00000000c0001c90                isxdigit
 .text          0x00000000c0001cce        0x0 libk/string.32
 .text          0x00000000c0001cce       0x51 fs/fat/diskio.32
                0x00000000c0001cce                disk_status
                0x00000000c0001cd1                disk_initialize
                0x00000000c0001cd4                disk_read
                0x00000000c0001cea                disk_write
                0x00000000c0001d00                disk_ioctl
 .text          0x00000000c0001d1f     0x3d4b fs/fat/ff.32
                0x00000000c0003abb                f_mount
                0x00000000c0003b1d                f_open
                0x00000000c0003de8                f_read
                0x00000000c0003fe7                f_write
                0x00000000c000421b                f_sync
                0x00000000c00042d0                f_close
                0x00000000c00042ff                f_lseek
                0x00000000c00044a6                f_opendir
                0x00000000c0004571                f_closedir
                0x00000000c0004593                f_readdir
                0x00000000c0004625                f_stat
                0x00000000c00046a4                f_getfree
                0x00000000c00047a6                f_truncate
                0x00000000c000488a                f_unlink
                0x00000000c00049ac                f_mkdir
                0x00000000c0004b47                f_rename
                0x00000000c0004cfd                f_chmod
                0x00000000c0004da6                f_utime
                0x00000000c0004e54                f_getlabel
                0x00000000c0004fa5                f_setlabel
                0x00000000c0005135                f_expand
                0x00000000c0005295                f_mkfs
 *fill*         0x00000000c0005a6a        0x2 
 .text          0x00000000c0005a6c       0x2f fs/fat/ffsystem.32
                0x00000000c0005a6c                ff_memalloc
                0x00000000c0005a84                ff_memfree
 *fill*         0x00000000c0005a9b        0x1 
 .text          0x00000000c0005a9c      0x2a8 fs/fat/ffunicode.32
                0x00000000c0005a9c                ff_uni2oem
                0x00000000c0005b3c                ff_oem2uni
                0x00000000c0005bb4                ff_wtoupper
 .text          0x00000000c0005d44      0xd2f fs/iso9660/iso9660.32
                0x00000000c0005f89                isoReadDiscSector
                0x00000000c0006024                strnicmp
                0x00000000c00062d7                stricmp
                0x00000000c0006323                iso_open
                0x00000000c00063ad                iso_close
                0x00000000c00063cb                iso_read
                0x00000000c00064e1                iso_seek
                0x00000000c0006565                iso_tell
                0x00000000c0006596                iso_total
                0x00000000c00065c1                fn_postprocess
                0x00000000c00065e7                iso_readdir
                0x00000000c000683e                iso_reset
                0x00000000c000685b                init_percd
                0x00000000c0006955                iso_ioctl
                0x00000000c000696d                fs_iso9660_init
                0x00000000c0006a03                fs_iso9660_shutdown
 *fill*         0x00000000c0006a73        0x1 
 .text          0x00000000c0006a74      0x685 core/computer.32
                0x00000000c0006a74                Computer::close(int, int, void*)
                0x00000000c0006ab9                Krnl::firstTask()
                0x00000000c0006bec                Computer::Computer()
                0x00000000c0006bec                Computer::Computer()
                0x00000000c0006c9e                Computer::setBootMessage(char const*)
                0x00000000c0006ca0                Computer::detectFeatures()
                0x00000000c0006eaa                Computer::displayFeatures()
                0x00000000c0006eac                Computer::rdmsr(unsigned int)
                0x00000000c0006ed8                Computer::wrmsr(unsigned int, unsigned long long)
                0x00000000c0006f10                Computer::shutdown()
                0x00000000c0006f28                Computer::restart()
                0x00000000c0006f40                Computer::sleep()
                0x00000000c0006f54                Computer::nmiEnabled()
                0x00000000c0006f60                Computer::readCMOS(unsigned char)
                0x00000000c0006f7a                Computer::enableNMI(bool)
                0x00000000c0006f92                Computer::open(int, int, void*)
                0x00000000c0007066                Computer::disableNMI()
                0x00000000c0007076                Computer::writeCMOS(unsigned char, unsigned char)
                0x00000000c0007094                Computer::handleNMI()
 *fill*         0x00000000c00070f9        0x1 
 .text          0x00000000c00070fa      0x1cf core/gdt.32
                0x00000000c00070fa                GDTEntry::setBase(unsigned int)
                0x00000000c0007116                GDTEntry::setLimit(unsigned int)
                0x00000000c0007134                GDT::GDT()
                0x00000000c0007134                GDT::GDT()
                0x00000000c000714a                GDT::addEntry(GDTEntry)
                0x00000000c000716c                GDT::getNumberOfEntries()
                0x00000000c0007174                GDT::flush()
                0x00000000c0007196                GDT::setup()
 .text          0x00000000c00072c9       0x1d core/idle.32
                0x00000000c00072c9                idleFunction(void*)
 *fill*         0x00000000c00072e6        0x2 
 .text          0x00000000c00072e8      0x464 core/idt.32
                0x00000000c00072e8                IDTEntry::IDTEntry(bool)
                0x00000000c00072e8                IDTEntry::IDTEntry(bool)
                0x00000000c000735a                IDTEntry::setOffset(unsigned int)
                0x00000000c0007370                IDT::IDT()
                0x00000000c0007370                IDT::IDT()
                0x00000000c0007372                IDT::getPointerToInvalidOpcodeEntryForF00F()
                0x00000000c000737a                IDT::addEntry(IDTEntry, int)
                0x00000000c0007394                IDT::addEntry(int, void (*)(), bool)
                0x00000000c00073cc                IDT::flush()
                0x00000000c00073e6                IDT::setup()
 .text          0x00000000c000774c      0x183 core/kheap.32
                0x00000000c000774c                sbrk
                0x00000000c00077e1                mmap
                0x00000000c00077f7                munmap
                0x00000000c000780d                liballoc_lock()
                0x00000000c000781a                liballoc_unlock()
                0x00000000c000782e                liballoc_alloc(int)
                0x00000000c0007846                liballoc_free(void*, int)
                0x00000000c0007861                realloc
                0x00000000c0007875                malloc
                0x00000000c0007885                free
                0x00000000c0007895                rfree
                0x00000000c00078a5                calloc
 .text          0x00000000c00078cf       0xc3 core/main.32
                0x00000000c00078cf                KeEntryPoint
 .text          0x00000000c0007992      0x5dc core/physmgr.32
                0x00000000c0007992                Phys::allocateDMA(unsigned long)
                0x00000000c0007a69                Phys::freeDMA(unsigned long, unsigned long)
                0x00000000c0007a9c                Phys::setPageState(unsigned long, bool)
                0x00000000c0007ace                Phys::getPageState(unsigned long)
                0x00000000c0007aef                Phys::freePage(unsigned long)
                0x00000000c0007b51                Phys::allocatePage()
                0x00000000c0007c0f                Phys::allocateContiguousPages(int)
                0x00000000c0007c6b                Phys::allowSegmentToBeUsed(unsigned long, unsigned long)
                0x00000000c0007ca3                Phys::physicalMemorySetup(unsigned int)
 .text          0x00000000c0007f6e      0x273 core/pipe.32
                0x00000000c0007f6e                Pipe::isAtty()
                0x00000000c0007f72                Pipe::~Pipe()
                0x00000000c0007f72                Pipe::~Pipe()
                0x00000000c0007f96                Pipe::~Pipe()
                0x00000000c0007fbe                Pipe::write(unsigned long long, void*, int*)
                0x00000000c000807e                Pipe::read(unsigned long long, void*, int*)
                0x00000000c000817a                Pipe::Pipe(int)
                0x00000000c000817a                Pipe::Pipe(int)
 *fill*         0x00000000c00081e1        0x1 
 .text          0x00000000c00081e2      0xaac core/terminal.32
                0x00000000c00081e2                VgaText::isAtty()
                0x00000000c00081e6                VgaText::~VgaText()
                0x00000000c00081e6                VgaText::~VgaText()
                0x00000000c000820a                VgaText::~VgaText()
                0x00000000c0008234                VgaText::read(unsigned long long, void*, int*)
                0x00000000c0008254                setTerminalScrollLock(bool)
                0x00000000c0008255                doTerminalCycle()
                0x00000000c0008256                addToTerminalCycle(VgaText*)
                0x00000000c0008257                scrollTerminalScrollLock(int)
                0x00000000c0008258                VgaText::updateTitle()
                0x00000000c000825a                VgaText::load()
                0x00000000c000825c                VgaText::updateCursor()
                0x00000000c0008272                VgaText::doANSI_SGR(int)
                0x00000000c00082e6                VgaText::setDefaultBgColour(VgaColour)
                0x00000000c00082f6                VgaText::setDefaultFgColour(VgaColour)
                0x00000000c0008306                VgaText::setDefaultColours(VgaColour, VgaColour)
                0x00000000c0008326                VgaText::setTitleTextColour(VgaColour)
                0x00000000c0008332                VgaText::setTitleColour(VgaColour)
                0x00000000c000833e                VgaText::setTitle(char*)
                0x00000000c0008340                VgaText::combineColours(unsigned char, unsigned char)
                0x00000000c0008352                VgaText::scrollScreen()
                0x00000000c00083e4                VgaText::combineCharAndColour(char, unsigned char)
                0x00000000c00083f6                VgaText::writeCharacter(char, VgaColour, VgaColour, int, int)
                0x00000000c0008486                VgaText::getCursorX()
                0x00000000c000848e                VgaText::getCursorY()
                0x00000000c0008496                VgaText::setCursor(int, int)
                0x00000000c00084ad                setActiveTerminal(VgaText*)
                0x00000000c00084f8                VgaText::clearScreen()
                0x00000000c0008546                VgaText::setCursorX(int)
                0x00000000c000855e                VgaText::setCursorY(int)
                0x00000000c0008576                VgaText::incrementCursor(bool)
                0x00000000c00085ca                VgaText::decrementCursor(bool)
                0x00000000c00085ec                VgaText::putchar(char, VgaColour, VgaColour)
                0x00000000c00086ba                VgaText::putchar(char)
                0x00000000c00087a6                VgaText::putx(unsigned int)
                0x00000000c00087ec                VgaText::puts(char const*)
                0x00000000c0008812                VgaText::write(unsigned long long, void*, int*)
                0x00000000c000885e                VgaText::puts(char const*, VgaColour, VgaColour)
                0x00000000c00089b0                VgaText::VgaText(char const*)
                0x00000000c00089b0                VgaText::VgaText(char const*)
                0x00000000c0008b00                VgaText::receiveKey(unsigned char)
                0x00000000c0008c68                VgaText::doUpdate()
                0x00000000c0008c69                newTerminal(char*)
 *fill*         0x00000000c0008c8e        0x2 
 .text          0x00000000c0008c90      0x1a1 core/tss.32
                0x00000000c0008c90                TSS::TSS()
                0x00000000c0008c90                TSS::TSS()
                0x00000000c0008ca0                TSS::setESP(unsigned long)
                0x00000000c0008cb4                TSS::flush()
                0x00000000c0008cd4                TSS::setup(unsigned long, unsigned long)
 *fill*         0x00000000c0008e31        0x1 
 .text          0x00000000c0008e32      0x4c2 core/unixfile.32
                0x00000000c0008e32                ReservedFilename::read(unsigned long long, void*, int*)
                0x00000000c0008e88                ReservedFilename::isAtty()
                0x00000000c0008ea4                ReservedFilename::write(unsigned long long, void*, int*)
                0x00000000c0008f02                UnixFile::getFileDescriptor()
                0x00000000c0008f0a                UnixFile::UnixFile(int)
                0x00000000c0008f0a                UnixFile::UnixFile(int)
                0x00000000c00090ba                ReservedFilename::ReservedFilename(int)
                0x00000000c00090ba                ReservedFilename::ReservedFilename(int)
                0x00000000c00090ec                UnixFile::~UnixFile()
                0x00000000c00090ec                UnixFile::~UnixFile()
                0x00000000c0009184                UnixFile::~UnixFile()
                0x00000000c00091ac                ReservedFilename::~ReservedFilename()
                0x00000000c00091ac                ReservedFilename::~ReservedFilename()
                0x00000000c00091d0                ReservedFilename::~ReservedFilename()
                0x00000000c00091f7                getFromFileDescriptor(int)
 .text          0x00000000c00092f4     0x11d0 core/virtmgr.32
                0x00000000c00092f4                Virt::setPageState(unsigned long, Virt::VirtPageState)
                0x00000000c0009329                Virt::getPageState(unsigned long)
                0x00000000c000934d                Virt::allocateKernelVirtualPages(int)
                0x00000000c000945e                Virt::freeSwapfilePage(unsigned long)
                0x00000000c000947c                Virt::swapIDToSector(unsigned long)
                0x00000000c000948e                Virt::allocateSwapfilePage()
                0x00000000c000950c                Virt::virtualMemorySetup()
                0x00000000c0009557                Virt::setupPageSwapping(int)
                0x00000000c00095c8                VAS::VAS(VAS*)
                0x00000000c00095c8                VAS::VAS(VAS*)
                0x00000000c00095f6                VAS::getForeignPageTableEntry(bool, unsigned long)
                0x00000000c0009622                VAS::getPageTableEntry(unsigned long)
                0x00000000c0009641                Virt::freeKernelVirtualPages(unsigned long)
                0x00000000c0009766                VAS::freeAllocatedPages(unsigned long)
                0x00000000c000978a                VAS::virtualToPhysical(unsigned long)
                0x00000000c00097a4                VAS::reflagRange(unsigned long, int, int, int)
                0x00000000c00097e4                VAS::VAS()
                0x00000000c00097e4                VAS::VAS()
                0x00000000c000984e                VAS::setToWriteCombining(unsigned long, int)
                0x00000000c0009882                VAS::mapOtherVASIn(bool, VAS*)
                0x00000000c00098ac                VAS::~VAS()
                0x00000000c00098ac                VAS::~VAS()
                0x00000000c0009a10                VAS::mapPage(unsigned long, unsigned long, int)
                0x00000000c0009b14                VAS::allocatePages(int, int)
                0x00000000c0009cec                VAS::setCPUSpecific(unsigned long)
                0x00000000c0009d0a                VAS::mapRange(unsigned long, unsigned long, int, int)
                0x00000000c0009dd0                VAS::mapForeignPage(bool, VAS*, unsigned long, unsigned long, int)
                0x00000000c0009ebe                VAS::VAS(bool)
                0x00000000c0009ebe                VAS::VAS(bool)
                0x00000000c000a13e                VAS::evict(unsigned long)
                0x00000000c000a200                VAS::tryLoadBackOffDisk(unsigned long)
                0x00000000c000a2ee                VAS::scanForEviction()
                0x00000000c000a3ce                mapVASFirstTime
 .text          0x00000000c000a4c4       0x5f coreobjs/c++.32
                0x00000000c000a4c4                __cxa_atexit
                0x00000000c000a4c7                __cxa_finalize
                0x00000000c000a4c8                __stack_chk_fail
                0x00000000c000a4fe                __cxa_pure_virtual
                0x00000000c000a50f                operator new[](unsigned long)
                0x00000000c000a514                operator delete(void*, unsigned long)
                0x00000000c000a519                operator delete[](void*)
                0x00000000c000a51e                operator delete[](void*, unsigned long)
 .text          0x00000000c000a523      0x21c dbg/kconsole.32
                0x00000000c000a523                Dbg::stringifyxWithBase(unsigned int, char*, int)
                0x00000000c000a58e                Dbg::logc(char)
                0x00000000c000a5ae                Dbg::logs(char*)
                0x00000000c000a5cb                Dbg::logWriteInt(unsigned int)
                0x00000000c000a5e9                Dbg::logWriteIntBase(unsigned int, int)
                0x00000000c000a60a                Dbg::kprintf(char const*, ...)
 *fill*         0x00000000c000a73f        0x1 
 .text          0x00000000c000a740      0xc5c fs/vfs.32
                0x00000000c000a740                File::read(unsigned long long, void*, int*)
                0x00000000c000a798                File::write(unsigned long long, void*, int*)
                0x00000000c000a7f0                Directory::read(unsigned long long, void*, int*)
                0x00000000c000a848                Directory::write(unsigned long long, void*, int*)
                0x00000000c000a876                File::isAtty()
                0x00000000c000a87a                Directory::isAtty()
                0x00000000c000a87e                Filesystem::getlabel(LogicalDisk*, int, char*, unsigned int*)
                0x00000000c000a884                Filesystem::setlabel(LogicalDisk*, int, char*)
                0x00000000c000a88a                Filesystem::allocateSwapfile(char const*, int)
                0x00000000c000a890                File::~File()
                0x00000000c000a890                File::~File()
                0x00000000c000a8b4                File::~File()
                0x00000000c000a8de                Directory::~Directory()
                0x00000000c000a8de                Directory::~Directory()
                0x00000000c000a902                Directory::~Directory()
                0x00000000c000a92c                Filesystem::Filesystem()
                0x00000000c000a92c                Filesystem::Filesystem()
                0x00000000c000a950                Filesystem::~Filesystem()
                0x00000000c000a950                Filesystem::~Filesystem()
                0x00000000c000a95e                Filesystem::~Filesystem()
                0x00000000c000a982                Fs::getcwd(Process*, char*, int)
                0x00000000c000a9ac                Fs::initVFS()
                0x00000000c000a9d6                Fs::standardiseFiles(char*, char const*, char const*)
                0x00000000c000ab80                File::File(char const*, Process*)
                0x00000000c000ab80                File::File(char const*, Process*)
                0x00000000c000ac40                File::open(FileOpenMode)
                0x00000000c000ac9e                File::close()
                0x00000000c000acfe                File::seek(unsigned long long)
                0x00000000c000ad54                File::tell(unsigned long long*)
                0x00000000c000ada4                File::rewind()
                0x00000000c000adb8                File::unlink()
                0x00000000c000ae04                File::rename(char const*)
                0x00000000c000ae52                File::chfatattr(unsigned char, unsigned char)
                0x00000000c000aeae                File::exists()
                0x00000000c000aeec                File::stat(unsigned long long*, bool*)
                0x00000000c000af4d                Fs::setcwd(Process*, char*)
                0x00000000c000b0aa                Directory::Directory(char const*, Process*)
                0x00000000c000b0aa                Directory::Directory(char const*, Process*)
                0x00000000c000b16a                Directory::open()
                0x00000000c000b1c6                Directory::close()
                0x00000000c000b226                Directory::unlink()
                0x00000000c000b272                Directory::rename(char const*)
                0x00000000c000b2c0                Directory::exists()
                0x00000000c000b2fe                Directory::read(dirent*)
                0x00000000c000b34a                Directory::create()
                0x00000000c000b396                Filesystem::chfatattr(char const*, unsigned char, unsigned char)
 .text          0x00000000c000b39c       0x86 hal/bus.32
                0x00000000c000b39c                Bus::Bus(char const*)
                0x00000000c000b39c                Bus::Bus(char const*)
                0x00000000c000b3d4                Bus::~Bus()
                0x00000000c000b3d4                Bus::~Bus()
                0x00000000c000b3f8                Bus::~Bus()
 .text          0x00000000c000b422       0x96 hal/buzzer.32
                0x00000000c000b422                beepThread(void*)
                0x00000000c000b45f                Krnl::beep(int, int, bool)
 .text          0x00000000c000b4b8      0x46d hal/clock.32
                0x00000000c000b4b8                User::loadClockSettings(int)
                0x00000000c000b50a                Clock::Clock(char const*)
                0x00000000c000b50a                Clock::Clock(char const*)
                0x00000000c000b540                Clock::~Clock()
                0x00000000c000b540                Clock::~Clock()
                0x00000000c000b564                Clock::~Clock()
                0x00000000c000b58e                Clock::timeInSecondsLocal()
                0x00000000c000b5d6                Clock::setTimeInSecondsLocal(unsigned long long)
                0x00000000c000b62f                datetimeToSeconds(datetime_t)
                0x00000000c000b75c                Clock::setTimeInDatetimeLocal(datetime_t)
                0x00000000c000b7bc                secondsToDatetime(unsigned long long)
                0x00000000c000b900                Clock::timeInDatetimeLocal()
 *fill*         0x00000000c000b925        0x1 
 .text          0x00000000c000b926      0x464 hal/device.32
                0x00000000c000b926                Device::hibernate()
                0x00000000c000b928                Device::wake()
                0x00000000c000b92a                Device::detect()
                0x00000000c000b92c                Device::disableLegacy()
                0x00000000c000b92e                Device::powerSaving(PowerSavingLevel)
                0x00000000c000b930                DriverlessDevice::close(int, int, void*)
                0x00000000c000b934                DriverlessDevice::detect()
                0x00000000c000b936                DriverlessDevice::open(int, int, void*)
                0x00000000c000b94a                Device::~Device()
                0x00000000c000b94a                Device::~Device()
                0x00000000c000b958                Device::~Device()
                0x00000000c000b980                Device::findAndLoadDriver()
                0x00000000c000b98e                Device::preOpenPCI(PCIDeviceInfo)
                0x00000000c000b9b4                Device::preOpenACPI(void*, char*, char*)
                0x00000000c000b9f4                Device::addIRQHandler(int, void (*)(regs*, void*), bool, void*)
                0x00000000c000ba1e                Device::getParent()
                0x00000000c000ba2a                Device::removeIRQHandler(int, void (*)(regs*, void*), bool)
                0x00000000c000ba48                Device::addChild(Device*)
                0x00000000c000ba8c                Device::removeAllChildren()
                0x00000000c000bad2                Device::hibernateAll()
                0x00000000c000bb02                Device::wakeAll()
                0x00000000c000bb32                Device::detectAll()
                0x00000000c000bb62                Device::disableLegacyAll()
                0x00000000c000bb64                Device::loadDriversForAll()
                0x00000000c000bb66                Device::closeAll()
                0x00000000c000bb9c                Device::powerSavingAll(PowerSavingLevel)
                0x00000000c000bbd2                Device::setName(char const*)
                0x00000000c000bbe0                Device::Device(char const*)
                0x00000000c000bbe0                Device::Device(char const*)
                0x00000000c000bcdc                Device::getName()
                0x00000000c000bce6                DriverlessDevice::DriverlessDevice(char const*)
                0x00000000c000bce6                DriverlessDevice::DriverlessDevice(char const*)
                0x00000000c000bd1c                Device::addToLinkedList(LinkedList<Device>&, DeviceType)
                0x00000000c000bd60                getDevicesOfType(DeviceType)
 *fill*         0x00000000c000bd8a        0x2 
 .text          0x00000000c000bd8c       0x86 hal/diskctrl.32
                0x00000000c000bd8c                HardDiskController::HardDiskController(char const*)
                0x00000000c000bd8c                HardDiskController::HardDiskController(char const*)
                0x00000000c000bdc4                HardDiskController::~HardDiskController()
                0x00000000c000bdc4                HardDiskController::~HardDiskController()
                0x00000000c000bde8                HardDiskController::~HardDiskController()
 .text          0x00000000c000be12       0xe2 hal/diskphys.32
                0x00000000c000be12                PhysicalDisk::eject()
                0x00000000c000be16                PhysicalDisk::PhysicalDisk(char const*, int)
                0x00000000c000be16                PhysicalDisk::PhysicalDisk(char const*, int)
                0x00000000c000be7e                PhysicalDisk::startCache()
                0x00000000c000bea6                PhysicalDisk::~PhysicalDisk()
                0x00000000c000bea6                PhysicalDisk::~PhysicalDisk()
                0x00000000c000beca                PhysicalDisk::~PhysicalDisk()
 .text          0x00000000c000bef4        0x0 hal/fpu.32
 .text          0x00000000c000bef4      0x35d hal/intctrl.32
                0x00000000c000bef4                int_handler
                0x00000000c000bf7c                installISRHandler(int, void (*)(regs*, void*), void*)
                0x00000000c000bfc4                installIRQHandler(int, void (*)(regs*, void*), bool, void*)
                0x00000000c000c0fc                uninstallISRHandler(int, void (*)(regs*, void*))
                0x00000000c000c130                uninstallIRQHandler(int, void (*)(regs*, void*), bool)
                0x00000000c000c1af                setupINTS()
                0x00000000c000c20c                convertLegacyIRQNumber(int)
 *fill*         0x00000000c000c251        0x1 
 .text          0x00000000c000c252      0x7bc hal/keybrd.32
                0x00000000c000c252                startGUI(void*)
                0x00000000c000c2be                startGUIVESA(void*)
                0x00000000c000c32a                sendKeyToTerminal(unsigned char)
                0x00000000c000c3f3                sendKeyboardToken(KeyboardToken)
                0x00000000c000c833                clearInternalKeybuffer(VgaText*)
                0x00000000c000c868                readKeyboard(VgaText*, char*, unsigned long)
                0x00000000c000c984                Keyboard::Keyboard(char const*)
                0x00000000c000c984                Keyboard::Keyboard(char const*)
                0x00000000c000c9c0                Keyboard::~Keyboard()
                0x00000000c000c9c0                Keyboard::~Keyboard()
                0x00000000c000c9e4                Keyboard::~Keyboard()
 .text          0x00000000c000ca0e      0x3f4 hal/logidisk.32
                0x00000000c000ca0e                LogicalDisk::close(int, int, void*)
                0x00000000c000ca12                LogicalDisk::~LogicalDisk()
                0x00000000c000ca12                LogicalDisk::~LogicalDisk()
                0x00000000c000ca36                LogicalDisk::~LogicalDisk()
                0x00000000c000ca60                LogicalDisk::open(int, int, void*)
                0x00000000c000ca74                LogicalDisk::absoluteToRelative(unsigned long long)
                0x00000000c000caac                LogicalDisk::relativeToAbsolute(unsigned long long)
                0x00000000c000caf2                LogicalDisk::LogicalDisk(char const*, PhysicalDisk*, unsigned long long, unsigned long long)
                0x00000000c000caf2                LogicalDisk::LogicalDisk(char const*, PhysicalDisk*, unsigned long long, unsigned long long)
                0x00000000c000cbb2                LogicalDisk::assignDriveLetter()
                0x00000000c000cc68                LogicalDisk::mount()
                0x00000000c000ccb0                LogicalDisk::unmount()
                0x00000000c000ccc0                LogicalDisk::eject()
                0x00000000c000ccd4                LogicalDisk::unassignDriveLetter()
                0x00000000c000cd2a                LogicalDisk::read(unsigned long long, int, void*)
                0x00000000c000cd96                LogicalDisk::write(unsigned long long, int, void*)
 *fill*         0x00000000c000ce02        0x2 
 .text          0x00000000c000ce04       0x86 hal/mouse.32
                0x00000000c000ce04                Mouse::Mouse(char const*)
                0x00000000c000ce04                Mouse::Mouse(char const*)
                0x00000000c000ce3c                Mouse::~Mouse()
                0x00000000c000ce3c                Mouse::~Mouse()
                0x00000000c000ce60                Mouse::~Mouse()
 .text          0x00000000c000ce8a      0x339 hal/partition.32
                0x00000000c000ce8a                makePartition(PhysicalDisk*, unsigned long long, unsigned long long)
                0x00000000c000cf32                createPartitionsForDisk(PhysicalDisk*)
 *fill*         0x00000000c000d1c3        0x1 
 .text          0x00000000c000d1c4       0x86 hal/serial.32
                0x00000000c000d1c4                Serial::Serial(char const*)
                0x00000000c000d1c4                Serial::Serial(char const*)
                0x00000000c000d1fc                Serial::~Serial()
                0x00000000c000d1fc                Serial::~Serial()
                0x00000000c000d220                Serial::~Serial()
 *fill*         0x00000000c000d24a        0x2 
 .text          0x00000000c000d24c      0x234 hal/timer.32
                0x00000000c000d24c                Timer::Timer(char const*)
                0x00000000c000d24c                Timer::Timer(char const*)
                0x00000000c000d284                Timer::~Timer()
                0x00000000c000d284                Timer::~Timer()
                0x00000000c000d2a8                Timer::~Timer()
                0x00000000c000d2d2                Timer::read()
                0x00000000c000d2dd                setupTimer(int)
                0x00000000c000d318                timerHandler(unsigned int)
 .text          0x00000000c000d480      0x440 hal/vcache.32
                0x00000000c000d480                VCache::VCache(PhysicalDisk*)
                0x00000000c000d480                VCache::VCache(PhysicalDisk*)
                0x00000000c000d5f0                VCache::invalidateReadBuffer()
                0x00000000c000d600                VCache::writeWriteBuffer()
                0x00000000c000d64c                VCache::~VCache()
                0x00000000c000d64c                VCache::~VCache()
                0x00000000c000d6a0                VCache::~VCache()
                0x00000000c000d6c8                VCache::write(unsigned long long, int, void*)
                0x00000000c000d7b6                VCache::read(unsigned long long, int, void*)
 .text          0x00000000c000d8c0      0x4b3 hal/video.32
                0x00000000c000d8c0                Video::putrect(int, int, int, int, unsigned int)
                0x00000000c000d90c                Video::bitblit(int, int, int, int, int, int, int, unsigned int*)
                0x00000000c000d97c                Video::blit(unsigned int*, int, int, int, int)
                0x00000000c000d9fa                Video::clearScreen(unsigned int)
                0x00000000c000da2e                Video::putpixel(int, int, unsigned int)
                0x00000000c000da3c                Video::Video(char const*)
                0x00000000c000da3c                Video::Video(char const*)
                0x00000000c000da72                Video::~Video()
                0x00000000c000da72                Video::~Video()
                0x00000000c000da96                Video::~Video()
                0x00000000c000dac0                Video::isMonochrome()
                0x00000000c000dacc                Video::getWidth()
                0x00000000c000dad8                Video::getHeight()
                0x00000000c000dae4                Video::drawCursor(int, int, unsigned int*, int)
                0x00000000c000dba0                Video::tgaParse(unsigned char*, int, int*, int*)
                0x00000000c000dd08                Video::putTGA(int, int, unsigned char*, int)
 *fill*         0x00000000c000dd73        0x1 
 .text          0x00000000c000dd74     0x1307 hw/acpi.32
                0x00000000c000dd74                ACPI::close(int, int, void*)
                0x00000000c000de2c                findRSDP()
                0x00000000c000debc                loadACPITables(unsigned char*)
                0x00000000c000e120                findRSDT(unsigned char*)
                0x00000000c000e270                findDataTable(unsigned char*, char*)
                0x00000000c000e2e8                scanMADT()
                0x00000000c000e7bc                ACPI::ACPI()
                0x00000000c000e7bc                ACPI::ACPI()
                0x00000000c000e810                ACPI::getPCIIRQAssignment(unsigned char, unsigned short, unsigned char)
                0x00000000c000e8f8                ACPI::registerPCIIRQAssignment(void*, unsigned short, unsigned char, unsigned char)
                0x00000000c000e9c0                ACPI::setScreenBrightnessLevel(void*, int)
                0x00000000c000e9c8                ACPI::detectPCI()
                0x00000000c000ebd0                ACPI::writeSimpleBootFlag(SimpleBootFlagTable*)
                0x00000000c000ec24                ACPI::sleep()
                0x00000000c000ec40                ACPI::open(int, int, void*)
 *fill*         0x00000000c000f07b        0x1 
 .text          0x00000000c000f07c      0xb95 hw/cpu.32
                0x00000000c000f07c                CPU::close(int, int, void*)
                0x00000000c000f080                CPU::AMD_K6_write_msr(unsigned int, unsigned int, unsigned int, CPU::REGS*)
                0x00000000c000f09c                CPU::AMD_K6_read_msr(unsigned int, CPU::REGS*)
                0x00000000c000f0b4                CPU::AMD_K6_writeback(int, int, int)
                0x00000000c000f128                CPU::cpuid(int, unsigned long*, unsigned long*, unsigned long*, unsigned long*)
                0x00000000c000f1ac                CPU::cpuidCheckEDX(unsigned int)
                0x00000000c000f1da                CPU::cpuidCheckECX(unsigned int)
                0x00000000c000f208                CPU::cpuidCheckExtendedEBX(unsigned int)
                0x00000000c000f236                CPU::cpuidCheckExtendedECX(unsigned int)
                0x00000000c000f264                CPU::CPU()
                0x00000000c000f264                CPU::CPU()
                0x00000000c000f2f2                CPU::displayFeatures()
                0x00000000c000f2f4                CPU::detectFeatures()
                0x00000000c000f9b8                CPU::setupSMEP()
                0x00000000c000f9c4                CPU::setupUMIP()
                0x00000000c000f9ce                CPU::setupTSC()
                0x00000000c000f9d8                CPU::setupLargePages()
                0x00000000c000f9e2                CPU::setupPAT()
                0x00000000c000fa1e                CPU::setupMTRR()
                0x00000000c000fa20                CPU::setupGlobalPages()
                0x00000000c000fa2a                CPU::allowUsermodeDataAccess()
                0x00000000c000fa3c                CPU::prohibitUsermodeDataAccess()
                0x00000000c000fa4e                CPU::setupSMAP()
                0x00000000c000fa5c                CPU::setupFeatures()
                0x00000000c000fb28                CPU::open(int, int, void*)
 .text          0x00000000c000fc11       0xd1 krnl/bootmsg.32
                0x00000000c000fc11                KeDisplaySplashScreen()
                0x00000000c000fc7f                KeSetBootMessage(char const*)
 .text          0x00000000c000fce2      0x581 krnl/env.32
                0x00000000c000fce2                EnvVarContainer::getEnv(char const*)
                0x00000000c000fd20                EnvVarContainer::setEnv(char const*, char const*)
                0x00000000c000fde2                EnvVarContainer::deleteEnv(char const*)
                0x00000000c000fde4                EnvVarContainer::loadFrom(char const*, char const*)
                0x00000000c000ffca                EnvVarContainer::__loadSystem()
                0x00000000c000ffe4                EnvVarContainer::__loadUser()
                0x00000000c000ffe6                EnvVarContainer::EnvVarContainer(Process*)
                0x00000000c000ffe6                EnvVarContainer::EnvVarContainer(Process*)
                0x00000000c0010008                EnvVarContainer::~EnvVarContainer()
                0x00000000c0010008                EnvVarContainer::~EnvVarContainer()
                0x00000000c0010038                Krnl::getEnv(Process*, char const*)
                0x00000000c001009d                Krnl::setEnvSystem(char const*, char const*)
                0x00000000c00100b7                Krnl::setEnvUser(char const*, char const*)
                0x00000000c00100d6                Krnl::setEnvProcess(Process*, char const*, char const*)
                0x00000000c00100e9                Krnl::deleteEnvSystem(char const*)
                0x00000000c00100ea                Krnl::deleteEnvUser(char const*)
                0x00000000c00100eb                Krnl::deleteEnvProcess(Process*, char const*)
                0x00000000c00100ec                Krnl::newProcessEnv(Process*)
                0x00000000c001010e                Krnl::copyProcessEnv(Process*, Process*)
                0x00000000c001015a                Krnl::loadSystemEnv()
                0x00000000c0010188                Krnl::loadUserEnv()
                0x00000000c00101ae                Krnl::flushEnv()
                0x00000000c00101af                Krnl::getProcessTotalEnvCount(Process*)
                0x00000000c00101cf                Krnl::getProcessEnvPair(Process*, int)
 .text          0x00000000c0010263       0x94 krnl/inlines.32
                0x00000000c0010263                CPU::current()
                0x00000000c001026f                operator new(unsigned long)
                0x00000000c0010274                operator delete(void*)
                0x00000000c0010279                disableIRQs()
                0x00000000c001027b                enableIRQs()
                0x00000000c001027d                lockScheduler()
                0x00000000c0010285                unlockScheduler()
                0x00000000c0010294                lockStuff()
                0x00000000c00102a2                unlockStuff()
                0x00000000c00102dc                Virt::getAKernelVAS()
                0x00000000c00102e2                __not_memcpy
 .text          0x00000000c00102f7        0xc krnl/panic.32
                0x00000000c00102f7                KePanic(char const*)
 .text          0x00000000c0010303      0x142 krnl/powctrl.32
                0x00000000c0010303                Krnl::powerThread(void*)
                0x00000000c0010331                Krnl::changePowerSettings(Krnl::PowerSettings)
                0x00000000c0010347                Krnl::userIOReceived()
                0x00000000c0010352                Krnl::handlePowerButton()
                0x00000000c0010387                Krnl::handleSleepButton()
                0x00000000c00103bc                Krnl::setupPowerManager()
 *fill*         0x00000000c0010445        0x3 
 .text          0x00000000c0010448      0x190 krnl/resolve.32
                0x00000000c0010448                KeResolveCompatibilitySymbol(char*)
 .text          0x00000000c00105d8      0x2c3 krnl/signal.32
                0x00000000c00105d8                KiSigKill(int)
                0x00000000c0010604                KiDefaultSignalHandlerIgnore(int)
                0x00000000c0010605                KiDefaultSignalHandlerPause(int)
                0x00000000c0010631                KiDefaultSignalHandlerResume(int)
                0x00000000c001065d                KeDeinitSignals(SigHandlerBlock*)
                0x00000000c0010662                KeInitSignals()
                0x00000000c00106ad                KeRegisterSignalHandler(SigHandlerBlock*, int, void (*)(int), unsigned int, int)
                0x00000000c00106e3                KeRaiseSignal(SigHandlerBlock*, int)
                0x00000000c0010760                KeCheckSignal(SigHandlerBlock*)
                0x00000000c001084b                KiCheckSignalZ
                0x00000000c0010860                KeCompleteSignal(SigHandlerBlock*, int)
 .text          0x00000000c001089b      0xc39 krnl/syscalls.32
                0x00000000c001089b                SysSeekDir(regs*)
                0x00000000c00108a0                SysTellDir(regs*)
                0x00000000c00108a5                SysVerify(regs*)
                0x00000000c00108af                SysGetArgc(regs*)
                0x00000000c00108bf                SysTTYName(regs*)
                0x00000000c00108c7                SysFormatDisk(regs*)
                0x00000000c0010934                SysSetDiskVolumeLabel(regs*)
                0x00000000c001097e                SysGetDiskVolumeLabel(regs*)
                0x00000000c00109d3                SysShutdown(regs*)
                0x00000000c0010a31                SysRealpath(regs*)
                0x00000000c0010a74                SysReadDir(regs*)
                0x00000000c0010af4                SysIsATTY(regs*)
                0x00000000c0010b50                SysSeek(regs*)
                0x00000000c0010ba9                SysTell(regs*)
                0x00000000c0010c18                SysSize(regs*)
                0x00000000c0010c8d                SysSizeFromFilename(regs*)
                0x00000000c0010d40                SysClose(regs*)
                0x00000000c0010da0                SysOpenDir(regs*)
                0x00000000c0010e17                SysMakeDir(regs*)
                0x00000000c0010e81                SysCloseDir(regs*)
                0x00000000c0010ed5                SysWait(regs*)
                0x00000000c0010ef2                SysNotImpl(regs*)
                0x00000000c0010f0d                SysPanic(regs*)
                0x00000000c0010f28                SysRmdir(regs*)
                0x00000000c0010f8f                SysUnlink(regs*)
                0x00000000c0010ff6                SysGetArgv(regs*)
                0x00000000c0011043                SysUSleep(regs*)
                0x00000000c001106c                SysSpawn(regs*)
                0x00000000c00110d5                SysGetEnv(regs*)
                0x00000000c0011184                SysSetFatAttrib(regs*)
                0x00000000c00111fb                SysPipe(regs*)
                0x00000000c0011240                SysGetUnixTime(regs*)
                0x00000000c0011254                string_ends_with(char const*, char const*)
                0x00000000c001129e                SysOpen(regs*)
                0x00000000c0011492                KeSystemCall(regs*, void*)
 .text          0x00000000c00114d4      0x50e reg/registry.32
                0x00000000c00114d4                Reg::findLineFromLoadedData(char*, char*, char*)
                0x00000000c001162c                Reg::getLineFromRegistry(char*, char*, char*, char*)
                0x00000000c0011781                Reg::getLine(char*, char*, char*)
                0x00000000c00117b8                Reg::readInt(char*, char*, int*)
                0x00000000c00118a3                Reg::readString(char*, char*, char*, int)
                0x00000000c0011924                Reg::readBool(char*, char*, bool*)
                0x00000000c0011949                Reg::readBoolWithDefault(char*, char*, bool)
                0x00000000c0011975                Reg::readIntWithDefault(char*, char*, int)
                0x00000000c00119a1                Reg::readStringWithDefault(char*, char*, char*, int, char*)
 .text          0x00000000c00119e2       0x36 sys/eject.32
                0x00000000c00119e2                SysEject(regs*)
 .text          0x00000000c0011a18       0x18 sys/exit.32
                0x00000000c0011a18                SysExit(regs*)
 .text          0x00000000c0011a30       0x1f sys/getcwd.32
                0x00000000c0011a30                SysGetCwd(regs*)
 .text          0x00000000c0011a4f        0xc sys/getpid.32
                0x00000000c0011a4f                SysGetPID(regs*)
 .text          0x00000000c0011a5b       0x1a sys/getramdata.32
                0x00000000c0011a5b                SysGetRAMData(regs*)
 .text          0x00000000c0011a75       0x82 sys/getvgaptr.32
                0x00000000c0011a75                SysGetVGAPtr(regs*)
 .text          0x00000000c0011af7       0xa8 sys/loaddll.32
                0x00000000c0011af7                SysLoadDLL(regs*)
 .text          0x00000000c0011b9f       0x68 sys/read.32
                0x00000000c0011b9f                SysRead(regs*)
 .text          0x00000000c0011c07       0x29 sys/registersignal.32
                0x00000000c0011c07                SysRegisterSignal(regs*)
 .text          0x00000000c0011c30       0x55 sys/sbrk.32
                0x00000000c0011c30                SysSbrk(regs*)
 .text          0x00000000c0011c85       0x1c sys/setcwd.32
                0x00000000c0011c85                SysSetCwd(regs*)
 .text          0x00000000c0011ca1       0x95 sys/settime.32
                0x00000000c0011ca1                SysSetTime(regs*)
 .text          0x00000000c0011d36       0x4a sys/timezone.32
                0x00000000c0011d36                SysTimezone(regs*)
 .text          0x00000000c0011d80       0x68 sys/write.32
                0x00000000c0011d80                SysWrite(regs*)
 .text          0x00000000c0011de8       0x62 sys/wsbe.32
                0x00000000c0011de8                SysWsbe(regs*)
 .text          0x00000000c0011e4a       0x25 sys/yield.32
                0x00000000c0011e4a                SysYield(regs*)
 .text          0x00000000c0011e6f     0x11e5 thr/elf.32
                0x00000000c0011e6f                Thr::allocateMemoryForTask(Process*, File*, unsigned long, unsigned long, unsigned long)
                0x00000000c00120fb                Thr::loadProgramIntoMemory(Process*, char const*)
                0x00000000c0012311                Thr::runtimeReferenceHelper()
                0x00000000c0012324                Thr::getAddressOfKernelSymbol(char const*)
                0x00000000c0012373                Thr::loadKernelSymbolTable(char const*)
                0x00000000c0012631                Thr::loadDriverIntoMemory(char const*, unsigned long, bool)
                0x00000000c0012d67                Thr::getDriverBaseFromAddress(unsigned long)
                0x00000000c0012d99                Thr::getDriverNameFromAddress(unsigned long)
                0x00000000c0012dd0                Thr::getDriverOffsetFromAddress(unsigned long)
                0x00000000c0012dea                Thr::loadDLL(char const*, bool)
                0x00000000c001301b                Thr::executeDLL(unsigned long, void*)
 .text          0x00000000c0013054     0x12fd thr/prcssthr.32
                0x00000000c0013054                userModeEntryPoint(void*)
                0x00000000c001307c                changeTSS
                0x00000000c00130ac                switchToThread(ThreadControlBlock*)
                0x00000000c0013160                Process::addArgs(char**)
                0x00000000c00131c0                Process::Process(char const*, Process*, char**)
                0x00000000c00131c0                Process::Process(char const*, Process*, char**)
                0x00000000c00133cc                Process::Process(bool, char const*, Process*, char**)
                0x00000000c00133cc                Process::Process(bool, char const*, Process*, char**)
                0x00000000c00135a4                taskStartupFunction
                0x00000000c00135b0                Semaphore::Semaphore(int)
                0x00000000c00135b0                Semaphore::Semaphore(int)
                0x00000000c00135e0                Mutex::Mutex()
                0x00000000c00135e0                Mutex::Mutex()
                0x00000000c00135f4                Process::createThread(void (*)(void*), void*, int)
                0x00000000c00136ec                Process::createUserThread()
                0x00000000c001370c                setupMultitasking(void (*)())
                0x00000000c0013814                schedule()
                0x00000000c00138a4                Semaphore::tryAcquire()
                0x00000000c0013970                Semaphore::assertLocked(char const*)
                0x00000000c00139e8                blockTaskWithSchedulerLockAlreadyHeld(TaskState)
                0x00000000c0013a10                blockTask(TaskState)
                0x00000000c0013a40                waitTask(int, int*, int)
                0x00000000c0013a84                milliTenthSleepUntil(unsigned int)
                0x00000000c0013b14                milliTenthSleep(unsigned int)
                0x00000000c0013b24                sleep(unsigned int)
                0x00000000c0013b40                Semaphore::acquire()
                0x00000000c0013bfc                taskReturned
                0x00000000c0013c38                Thr::processFromPID(int)
                0x00000000c0013cd8                unblockTask(ThreadControlBlock*)
                0x00000000c0013d7c                cleanupTerminatedTask(ThreadControlBlock*)
                0x00000000c0014048                cleanerTaskFunction(void*)
                0x00000000c0014138                terminateTask(int)
                0x00000000c0014204                Thr::terminateFromIRQ(int)
                0x00000000c0014214                Semaphore::release()
 .text          0x00000000c0014351      0xb93 vm86/vm8086.32
                0x00000000c0014351                Vm::inbv(unsigned short)
                0x00000000c0014364                Vm::outbv(unsigned short, unsigned char)
                0x00000000c001439a                Vm::realToLinear(unsigned short, unsigned short)
                0x00000000c00143aa                Vm::getSegment(unsigned int)
                0x00000000c00143b2                Vm::getOffset(unsigned int)
                0x00000000c00143b7                Vm::mainloop2()
                0x00000000c00143f1                Vm::mainVm8086Loop(void*)
                0x00000000c0014401                Vm::mainloop3(unsigned long)
                0x00000000c0014427                Vm::initialise8086()
                0x00000000c001446a                Vm::finish8086()
                0x00000000c00144cb                Vm::getOutput8086(unsigned char*)
                0x00000000c00144f0                Vm::start8086FromBuffer(unsigned char*, int, unsigned short, unsigned short, unsigned short, unsigned short)
                0x00000000c00145a9                Vm::start8086(char const*, unsigned short, unsigned short, unsigned short, unsigned short)
                0x00000000c0014711                Vm::doISR(regs*, int, unsigned char*, unsigned short, unsigned short)
                0x00000000c001479b                Vm::readByteFromReal(unsigned short, unsigned short)
                0x00000000c00147ac                Vm::readWordFromReal(unsigned short, unsigned short)
                0x00000000c00147be                Vm::readDwordFromReal(unsigned short, unsigned short)
                0x00000000c00147cf                Vm::writeByteFromReal(unsigned short, unsigned short, unsigned char)
                0x00000000c00147e4                Vm::writeWordFromReal(unsigned short, unsigned short, unsigned short)
                0x00000000c00147fa                Vm::writeDwordFromReal(unsigned short, unsigned short, unsigned int)
                0x00000000c001480f                Vm::faultHandler(regs*)
 .text          0x00000000c0014ee4      0xa53 arch/i386/hal.32
                0x00000000c0014ee4                noCopro(unsigned long)
                0x00000000c0014ee5                nmiHandler(regs*, void*)
                0x00000000c0014efe                doubleFault(regs*, void*)
                0x00000000c0014f17                displayDebugInfo(regs*)
                0x00000000c0015238                HalSystemIdle()
                0x00000000c00152ae                displayProgramFault(char const*)
                0x00000000c00152fa                gpFault(regs*, void*)
                0x00000000c001535f                pgFault(regs*, void*)
                0x00000000c00153e5                otherISRHandler(regs*, void*)
                0x00000000c0015419                opcodeFault(regs*, void*)
                0x00000000c0015499                i386SaveCoprocessor(void*)
                0x00000000c00154ad                i386LoadCoprocessor(void*)
                0x00000000c00154c1                x87EmulHandler(regs*, void*)
                0x00000000c001555e                HalInitialiseCoprocessor()
                0x00000000c001560c                HalPanic(char const*)
                0x00000000c0015705                HalQueryPerformanceCounter()
                0x00000000c0015720                HalInitialise()
                0x00000000c00158c6                HalMakeBeep(int)
                0x00000000c0015900                HalGetRand()
                0x00000000c0015903                HalEndOfInterrupt(int)
                0x00000000c0015934                HalRestart()
                0x00000000c0015935                HalShutdown()
                0x00000000c0015936                HalSleep()
 *fill*         0x00000000c0015937        0x1 
 .text          0x00000000c0015938      0x2f4 arch/i386/pic.32
                0x00000000c0015938                picIoWait()
                0x00000000c0015940                picDisable()
                0x00000000c0015974                picGetIRQReg(int)
                0x00000000c00159f8                picOpen()
                0x00000000c0015b88                picEOI(int)
 .text          0x00000000c0015c2c      0x64d arch/i386/rtc.32
                0x00000000c0015c2c                RTC::open(int, int, void*)
                0x00000000c0015c30                RTC::close(int, int, void*)
                0x00000000c0015c34                RTC::timeInSecondsUTC()
                0x00000000c0015c46                RTC::timeInDatetimeUTC()
                0x00000000c0015c6c                RTC::setTimeInSecondsUTC(unsigned long long)
                0x00000000c0015caa                RTC::~RTC()
                0x00000000c0015caa                RTC::~RTC()
                0x00000000c0015cce                RTC::~RTC()
                0x00000000c0015cf8                RTC::get_update_in_progress_flag()
                0x00000000c0015d10                RTC::completeRTCRefresh()
                0x00000000c0015fc8                RTC::setTimeInDatetimeUTC(datetime_t)
                0x00000000c001617b                rtcIRQHandler(regs*, void*)
                0x00000000c00161c0                RTC::RTC()
                0x00000000c00161c0                RTC::RTC()
 *fill*         0x00000000c0016279        0x3 
 .text          0x00000000c001627c      0x203 arch/i386/vga.32
                0x00000000c001627c                HalConsoleScroll(int, int)
                0x00000000c0016384                HalConsoleWriteCharacter(char, int, int, int, int)
                0x00000000c00163f0                HalConsoleCursorUpdate(int, int)
 *fill*         0x00000000c001647f        0x1 
 .text          0x00000000c0016480     0x13e7 fs/fat/vfslink.32
                0x00000000c0016480                FAT::getName()
                0x00000000c0016488                FAT::tell(void*, unsigned long long*)
                0x00000000c00164c4                FAT::stat(void*, unsigned long long*)
                0x00000000c0016500                FAT::~FAT()
                0x00000000c0016500                FAT::~FAT()
                0x00000000c0016524                FAT::~FAT()
                0x00000000c001654c                FAT::getlabel(LogicalDisk*, int, char*, unsigned int*)
                0x00000000c00165f0                FAT::setlabel(LogicalDisk*, int, char*)
                0x00000000c00166b4                FAT::format(LogicalDisk*, int, char const*, int)
                0x00000000c0016888                FAT::tryMount(LogicalDisk*, int)
                0x00000000c0016aa0                FAT::allocateSwapfile(char const*, int)
                0x00000000c0016c60                FAT::readDir(void*, unsigned long, void*, int*)
                0x00000000c0016dcc                FAT::read(void*, unsigned long, void*, int*)
                0x00000000c0016e2c                FAT::write(void*, unsigned long, void*, int*)
                0x00000000c0016e8c                FAT::close(void*)
                0x00000000c0016ee0                FAT::closeDir(void*)
                0x00000000c0016f34                FAT::seek(void*, unsigned long long)
                0x00000000c0016f8c                fatWrapperReadDisk
                0x00000000c0016fd0                fatWrapperWriteDisk
                0x00000000c0017014                fatWrapperIoctl
                0x00000000c0017130                FAT::FAT()
                0x00000000c0017130                FAT::FAT()
                0x00000000c0017184                FAT::fixFilepath(char*)
                0x00000000c00171c0                FAT::open(char const*, void**, FileOpenMode)
                0x00000000c00172f8                FAT::openDir(char const*, void**)
                0x00000000c00173a8                FAT::stat(char const*, unsigned long long*, bool*)
                0x00000000c00174a0                FAT::unlink(char const*)
                0x00000000c0017520                FAT::chfatattr(char const*, unsigned char, unsigned char)
                0x00000000c00176ac                FAT::rename(char const*, char const*)
                0x00000000c0017778                FAT::mkdir(char const*)
                0x00000000c00177f8                FAT::exists(char const*)
 *fill*         0x00000000c0017867        0x1 
 .text          0x00000000c0017868       0x94 fs/iso9660/helper.32
                0x00000000c0017868                isoReadDiscSectorHelper
                0x00000000c00178c4                iso_kprintf
                0x00000000c00178e0                iso_kprintfd
 .text          0x00000000c00178fc      0x626 fs/iso9660/vfslink.32
                0x00000000c00178fc                ISO9660::format(LogicalDisk*, int, char const*, int)
                0x00000000c0017902                ISO9660::getName()
                0x00000000c0017908                ISO9660::closeDir(void*)
                0x00000000c0017912                ISO9660::chfatattr(char const*, unsigned char, unsigned char)
                0x00000000c0017918                ISO9660::unlink(char const*)
                0x00000000c001791e                ISO9660::write(void*, unsigned long, void*, int*)
                0x00000000c0017924                ISO9660::rename(char const*, char const*)
                0x00000000c001792a                ISO9660::mkdir(char const*)
                0x00000000c0017930                ISO9660::~ISO9660()
                0x00000000c0017930                ISO9660::~ISO9660()
                0x00000000c0017954                ISO9660::~ISO9660()
                0x00000000c001797c                ISO9660::exists(char const*)
                0x00000000c0017990                ISO9660::open(char const*, void**, FileOpenMode)
                0x00000000c0017a40                ISO9660::read(void*, unsigned long, void*, int*)
                0x00000000c0017a88                ISO9660::seek(void*, unsigned long long)
                0x00000000c0017aca                ISO9660::tell(void*, unsigned long long*)
                0x00000000c0017b08                ISO9660::openDir(char const*, void**)
                0x00000000c0017bbe                ISO9660::stat(void*, unsigned long long*)
                0x00000000c0017c10                ISO9660::stat(char const*, unsigned long long*, bool*)
                0x00000000c0017cd8                ISO9660::close(void*)
                0x00000000c0017d08                ISO9660::readDir(void*, unsigned long, void*, int*)
                0x00000000c0017e0d                readSectorFromCDROM(unsigned int, unsigned char*, char)
                0x00000000c0017e88                ISO9660::tryMount(LogicalDisk*, int)
                0x00000000c0017efa                ISO9660::ISO9660()
                0x00000000c0017efa                ISO9660::ISO9660()
 .text          0x00000000c0017f22      0x26c hal/sound/sndcard.32
                0x00000000c0017f22                SoundCard::beginPlayback()
                0x00000000c0017f30                SoundCard::stopPlayback()
                0x00000000c0017f3e                SoundCard::SoundCard(char const*)
                0x00000000c0017f3e                SoundCard::SoundCard(char const*)
                0x00000000c0017fdc                SoundCard::~SoundCard()
                0x00000000c0017fdc                SoundCard::~SoundCard()
                0x00000000c0018000                SoundCard::~SoundCard()
                0x00000000c001802a                SoundCard::configureRates(int, int, int)
                0x00000000c001805a                SoundCard::getSamples16(int, short*)
                0x00000000c00180b6                SoundCard::getSamples32(int, int*)
                0x00000000c001813c                SoundCard::addChannel(SoundPort*)
                0x00000000c001817a                SoundCard::removeChannel(int)
 *fill*         0x00000000c001818e        0x2 
 .text          0x00000000c0018190      0x377 hal/sound/sndport.32
                0x00000000c0018190                SoundPort::SoundPort(int, int, int, int)
                0x00000000c0018190                SoundPort::SoundPort(int, int, int, int)
                0x00000000c001821c                SoundPort::~SoundPort()
                0x00000000c001821c                SoundPort::~SoundPort()
                0x00000000c0018250                SoundPort::unpause()
                0x00000000c001825c                SoundPort::pause()
                0x00000000c0018268                SoundPort::getBufferUsed()
                0x00000000c0018270                SoundPort::getBufferSize()
                0x00000000c0018278                SoundPort::buffer16(short*, int)
                0x00000000c0018304                SoundPort::buffer32(int*, int)
                0x00000000c001838c                SoundPort::unbufferAndAdd16(int, short*, SoundCard*)
                0x00000000c0018450                SoundPort::unbufferAndAdd32(int, int*, SoundCard*)
 .text          0x00000000c0018507        0x0 hw/bus/isa.32
 *fill*         0x00000000c0018507        0x1 
 .text          0x00000000c0018508      0xb49 hw/bus/pci.32
                0x00000000c0018508                PCI::open(int, int, void*)
                0x00000000c0018526                PCI::close(int, int, void*)
                0x00000000c001852a                PCI::PCI()
                0x00000000c001852a                PCI::PCI()
                0x00000000c00185c4                PCI::readBAR8(unsigned int, int)
                0x00000000c00185e0                PCI::readBAR16(unsigned int, int)
                0x00000000c00185fe                PCI::readBAR32(unsigned int, int)
                0x00000000c001861a                PCI::writeBAR8(unsigned int, unsigned char, int)
                0x00000000c001863a                PCI::writeBAR16(unsigned int, unsigned short, int)
                0x00000000c001865c                PCI::writeBAR32(unsigned int, unsigned int, int)
                0x00000000c001867c                PCI::legacyMechanism(unsigned char, unsigned char, unsigned char, unsigned char)
                0x00000000c00186ea                PCI::pciReadWord(unsigned char, unsigned char, unsigned char, unsigned char)
                0x00000000c0018792                PCI::getVendorID(unsigned char, unsigned char, unsigned char)
                0x00000000c00187b6                PCI::getHeaderType(unsigned char, unsigned char, unsigned char)
                0x00000000c00187de                PCI::getClassCode(unsigned char, unsigned char, unsigned char)
                0x00000000c0018828                PCI::getProgIF(unsigned char, unsigned char, unsigned char)
                0x00000000c0018850                PCI::getRevisionID(unsigned char, unsigned char, unsigned char)
                0x00000000c0018874                PCI::getInterruptNumber(unsigned char, unsigned char, unsigned char)
                0x00000000c0018898                PCI::getSecondaryBus(unsigned char, unsigned char, unsigned char)
                0x00000000c00188c0                PCI::getBARAddress(unsigned char, unsigned char, unsigned char, unsigned char)
                0x00000000c0018924                PCI::pciWriteWord(unsigned char, unsigned char, unsigned char, unsigned char, unsigned short)
                0x00000000c0018a0c                PCI::pciDetailsToFilepath(PCIDeviceInfo, char*)
                0x00000000c0018c86                PCI::checkBus(unsigned char)
                0x00000000c0018cac                PCI::foundDevice(PCIDeviceInfo)
                0x00000000c0018e1e                PCI::getDeviceData(unsigned char, unsigned char, unsigned char)
                0x00000000c0018f92                PCI::checkDevice(unsigned char, unsigned char)
                0x00000000c0018ffe                PCI::detect()
 *fill*         0x00000000c0019051        0x1 
 .text          0x00000000c0019052      0xb5a hw/diskctrl/ide.32
                0x00000000c0019052                IDE::close(int, int, void*)
                0x00000000c0019056                IDE::IDE()
                0x00000000c0019056                IDE::IDE()
                0x00000000c001908a                IDE::prepareInterrupt(unsigned char)
                0x00000000c001909c                selectDrive(unsigned char, unsigned char)
                0x00000000c001909e                IDE::getBase(unsigned char)
                0x00000000c00190b0                IDE::write(unsigned char, unsigned char, unsigned char)
                0x00000000c0019170                IDE::read(unsigned char, unsigned char)
                0x00000000c001921e                IDE::waitInterrupt(unsigned char)
                0x00000000c0019286                ideChannel0IRQHandler(regs*, void*)
                0x00000000c00192a2                ideChannel1IRQHandler(regs*, void*)
                0x00000000c00192be                IDE::enableIRQs(unsigned char, bool)
                0x00000000c0019304                IDE::open(int, int, void*)
                0x00000000c0019712                IDE::readBuffer(unsigned char, unsigned char, unsigned int, unsigned int)
                0x00000000c00197de                IDE::detect()
                0x00000000c0019a9e                IDE::printError(unsigned char, unsigned char, unsigned char)
                0x00000000c0019b4e                IDE::polling(unsigned char, unsigned int)
 .text          0x00000000c0019bac      0x32a hw/diskctrl/satabus.32
                0x00000000c0019bac                SATABus::close(int, int, void*)
                0x00000000c0019bb0                SATABus::detect()
                0x00000000c0019bb2                SATABus::SATABus()
                0x00000000c0019bb2                SATABus::SATABus()
                0x00000000c0019c38                SATABus::findCmdslot(SATABus::tagHBA_PORT volatile*)
                0x00000000c0019c6a                SATABus::checkType(SATABus::tagHBA_PORT volatile*)
                0x00000000c0019cb2                SATABus::startCmd(SATABus::tagHBA_PORT volatile*)
                0x00000000c0019cd2                SATABus::stopCmd(SATABus::tagHBA_PORT volatile*)
                0x00000000c0019cfc                SATABus::portRebase(SATABus::tagHBA_PORT volatile*, int)
                0x00000000c0019e0c                SATABus::probePort(SATABus::tagHBA_MEM volatile*)
                0x00000000c0019eb6                SATABus::open(int, int, void*)
 .text          0x00000000c0019ed6      0x921 hw/diskphys/ata.32
                0x00000000c0019ed6                ATA::close(int, int, void*)
                0x00000000c0019efa                ATA::powerSaving(PowerSavingLevel)
                0x00000000c0019efc                ATA::ATA()
                0x00000000c0019efc                ATA::ATA()
                0x00000000c0019f2a                ATA::flush(bool)
                0x00000000c0019f74                ATA::readyForCommand()
                0x00000000c0019fc0                ATA::access(unsigned long long, int, void*, bool)
                0x00000000c001a33c                ATA::detectCHS()
                0x00000000c001a366                ATA::open(int, int, void*)
                0x00000000c001a432                combineCharAndColour(char, unsigned char)
                0x00000000c001a443                combineColours(unsigned char, unsigned char)
                0x00000000c001a450                ATA::read(unsigned long long, int, void*)
                0x00000000c001a626                ATA::write(unsigned long long, int, void*)
 *fill*         0x00000000c001a7f7        0x1 
 .text          0x00000000c001a7f8      0x60e hw/diskphys/atapi.32
                0x00000000c001a7f8                ATAPI::write(unsigned long long, int, void*)
                0x00000000c001a7fe                ATAPI::close(int, int, void*)
                0x00000000c001a822                ATAPI::ATAPI()
                0x00000000c001a822                ATAPI::ATAPI()
                0x00000000c001a850                ATAPI::readyForCommand()
                0x00000000c001a8a2                ATAPI::sendPacket(unsigned char*, int, bool, unsigned short*, int)
                0x00000000c001ab62                ATAPI::diskRemoved()
                0x00000000c001ab9c                ATAPI::eject()
                0x00000000c001abe4                ATAPI::diskInserted()
                0x00000000c001abf0                ATAPI::detectMedia()
                0x00000000c001acac                ATAPI::open(int, int, void*)
                0x00000000c001ad8c                ATAPI::read(unsigned long long, int, void*)
 .text          0x00000000c001ae06      0x7ff hw/diskphys/sata.32
                0x00000000c001ae06                SATA::close(int, int, void*)
                0x00000000c001ae2a                SATA::powerSaving(PowerSavingLevel)
                0x00000000c001ae2c                SATA::open(int, int, void*)
                0x00000000c001aed6                SATA::SATA()
                0x00000000c001aed6                SATA::SATA()
                0x00000000c001af04                SATA::access(unsigned long long, int, void*, bool)
                0x00000000c001b150                SATA::read(unsigned long long, int, void*)
                0x00000000c001b3a0                SATA::write(unsigned long long, int, void*)
 *fill*         0x00000000c001b605        0x1 
 .text          0x00000000c001b606      0x5ba hw/diskphys/satapi.32
                0x00000000c001b606                SATAPI::write(unsigned long long, int, void*)
                0x00000000c001b60c                SATAPI::close(int, int, void*)
                0x00000000c001b630                SATAPI::SATAPI()
                0x00000000c001b630                SATAPI::SATAPI()
                0x00000000c001b65e                SATAPI::diskRemoved()
                0x00000000c001b660                SATAPI::diskInserted()
                0x00000000c001b67c                SATAPI::sendPacket(unsigned char*, int, unsigned long long, unsigned short*, int)
                0x00000000c001b950                SATAPI::eject()
                0x00000000c001b98c                SATAPI::detectMedia()
                0x00000000c001b9d6                SATAPI::open(int, int, void*)
                0x00000000c001bad6                SATAPI::read(unsigned long long, int, void*)
 .text          0x00000000c001bbc0      0x455 hw/intctrl/apic.32
                0x00000000c001bbc0                IOAPIC::close(int, int, void*)
                0x00000000c001bbc6                apicGetBase()
                0x00000000c001bc08                IOAPIC::IOAPIC()
                0x00000000c001bc08                IOAPIC::IOAPIC()
                0x00000000c001bc30                apicOpen()
                0x00000000c001bd96                IOAPIC::handlesGSIWithNumber(unsigned int)
                0x00000000c001bdc8                IOAPIC::read(int)
                0x00000000c001bdf0                IOAPIC::open(int, int, void*)
                0x00000000c001bee4                IOAPIC::write(int, int)
                0x00000000c001bf10                IOAPIC::redirect(unsigned char, unsigned long long, unsigned char, bool, bool)
 *fill*         0x00000000c001c015        0x3 
 .text          0x00000000c001c018       0xf0 hw/timer/apictimer.32
                0x00000000c001c018                APICTimer::close(int, int, void*)
                0x00000000c001c020                apicTimerHandler(regs*, void*)
                0x00000000c001c048                APICTimer::open(int, int, void*)
                0x00000000c001c0b8                APICTimer::write(int)
                0x00000000c001c0e0                APICTimer::APICTimer()
                0x00000000c001c0e0                APICTimer::APICTimer()
 .text          0x00000000c001c108      0x1aa hw/timer/pit.32
                0x00000000c001c108                PIT::write(int)
                0x00000000c001c18c                pitHandler(regs*, void*)
                0x00000000c001c1b0                PIT::open(int, int, void*)
                0x00000000c001c200                PIT::close(int, int, void*)
                0x00000000c001c230                PIT::PIT()
                0x00000000c001c230                PIT::PIT()
 *fill*         0x00000000c001c2b2        0xe 
 .text          0x00000000c001c2c0       0x83 arch/i386/avx.32
                0x00000000c001c2c0                avxDetect
                0x00000000c001c2ea                avxSave
                0x00000000c001c2fb                avxLoad
                0x00000000c001c30c                avxInit
                0x00000000c001c32e                avxClose
                0x00000000c001c32f                wouldSheSayYes
 *fill*         0x00000000c001c343        0xd 
 .text          0x00000000c001c350      0x231 arch/i386/interrupt.32
                0x00000000c001c350                isr0
                0x00000000c001c360                isr1
                0x00000000c001c36a                isr2
                0x00000000c001c374                isr3
                0x00000000c001c37e                isr4
                0x00000000c001c388                isr5
                0x00000000c001c392                isr6
                0x00000000c001c39c                isr7
                0x00000000c001c3a6                isr8
                0x00000000c001c3ae                isr9
                0x00000000c001c3b8                isr10
                0x00000000c001c3c0                isr11
                0x00000000c001c3c8                isr12
                0x00000000c001c3d0                isr13
                0x00000000c001c3d8                isr14
                0x00000000c001c3e0                isr15
                0x00000000c001c3ea                isr16
                0x00000000c001c3f4                isr17
                0x00000000c001c3fe                isr18
                0x00000000c001c408                irq3
                0x00000000c001c412                irq4
                0x00000000c001c41c                irq5
                0x00000000c001c426                irq6
                0x00000000c001c430                irq7
                0x00000000c001c43a                irq8
                0x00000000c001c444                irq9
                0x00000000c001c44e                irq10
                0x00000000c001c458                irq11
                0x00000000c001c462                irq12
                0x00000000c001c46c                irq13
                0x00000000c001c476                irq14
                0x00000000c001c480                irq15
                0x00000000c001c48a                irq1
                0x00000000c001c491                irq2
                0x00000000c001c498                isr96
                0x00000000c001c49f                irq0
                0x00000000c001c4a4                int_common_stub
                0x00000000c001c4d6                syscall_common_stub
                0x00000000c001c531                irq16
                0x00000000c001c53b                irq17
                0x00000000c001c545                irq18
                0x00000000c001c54f                irq19
                0x00000000c001c559                irq20
                0x00000000c001c563                irq21
                0x00000000c001c56d                irq22
                0x00000000c001c577                irq23
 *fill*         0x00000000c001c581        0xf 
 .text          0x00000000c001c590       0x10 arch/i386/rdrand.32
                0x00000000c001c590                i386GetRDRAND
 .text          0x00000000c001c5a0       0x39 arch/i386/sse.32
                0x00000000c001c5a0                absolutelyNoChanceInHell
                0x00000000c001c5a0                sseDetect
                0x00000000c001c5b8                sseSave
                0x00000000c001c5c0                sseLoad
                0x00000000c001c5c8                sseInit
                0x00000000c001c5d8                sseClose
 *fill*         0x00000000c001c5d9        0x7 
 .text          0x00000000c001c5e0       0x49 arch/i386/x87.32
                0x00000000c001c5e6                x87Detect
                0x00000000c001c601                x87Save
                0x00000000c001c608                x87Load
                0x00000000c001c60f                x87Init
                0x00000000c001c628                x87Close
 *fill*         0x00000000c001c629        0x3 
 .text          0x00000000c001c62c       0x25 /cygdrive/d/Users/Alex/Desktop/Toolchain/Output/bin/../lib/gcc/i386-banana/8.1.0/crtend.o
 .text          0x00000000c001c651        0x0 crtn.32
 *fill*         0x00000000c001c651        0x3 
 .text          0x00000000c001c654      0x14b /cygdrive/d/Users/Alex/Desktop/Toolchain/Output/bin/../lib/gcc/i386-banana/8.1.0/libkgcc.a(_divdi3.o)
                0x00000000c001c654                __divdi3
 *fill*         0x00000000c001c79f        0x1 
 .text          0x00000000c001c7a0      0x17e /cygdrive/d/Users/Alex/Desktop/Toolchain/Output/bin/../lib/gcc/i386-banana/8.1.0/libkgcc.a(_moddi3.o)
                0x00000000c001c7a0                __moddi3
 *fill*         0x00000000c001c91e        0x2 
 .text          0x00000000c001c920       0xff /cygdrive/d/Users/Alex/Desktop/Toolchain/Output/bin/../lib/gcc/i386-banana/8.1.0/libkgcc.a(_udivdi3.o)
                0x00000000c001c920                __udivdi3
 *fill*         0x00000000c001ca1f        0x1 
 .text          0x00000000c001ca20      0x11a /cygdrive/d/Users/Alex/Desktop/Toolchain/Output/bin/../lib/gcc/i386-banana/8.1.0/libkgcc.a(_umoddi3.o)
                0x00000000c001ca20                __umoddi3
 *(.gnu.linkonce.t*)

.iplt           0x00000000c001cb40        0x0
 .iplt          0x00000000c001cb40        0x0 D:/Users/Alex/Desktop/Banana/kernel/boot.32

.init           0x00000000c001cb3a        0xf
 .init          0x00000000c001cb3a        0x3 crti.32
                0x00000000c001cb3a                _init
 .init          0x00000000c001cb3d        0x5 /cygdrive/d/Users/Alex/Desktop/Toolchain/Output/bin/../lib/gcc/i386-banana/8.1.0/crtbegin.o
 .init          0x00000000c001cb42        0x5 /cygdrive/d/Users/Alex/Desktop/Toolchain/Output/bin/../lib/gcc/i386-banana/8.1.0/crtend.o
 .init          0x00000000c001cb47        0x2 crtn.32

.fini           0x00000000c001cb49        0xa
 .fini          0x00000000c001cb49        0x3 crti.32
                0x00000000c001cb49                _fini
 .fini          0x00000000c001cb4c        0x5 /cygdrive/d/Users/Alex/Desktop/Toolchain/Output/bin/../lib/gcc/i386-banana/8.1.0/crtbegin.o
 .fini          0x00000000c001cb51        0x2 crtn.32

.text._ZN8ComputerD2Ev
                0x00000000c001cb54       0x23
 .text._ZN8ComputerD2Ev
                0x00000000c001cb54       0x23 core/computer.32
                0x00000000c001cb54                Computer::~Computer()
                0x00000000c001cb54                Computer::~Computer()

.text._ZN8ComputerD0Ev
                0x00000000c001cb78       0x2a
 .text._ZN8ComputerD0Ev
                0x00000000c001cb78       0x2a core/computer.32
                0x00000000c001cb78                Computer::~Computer()

.text._Z10idleCommonv
                0x00000000c001cba2       0x21
 .text._Z10idleCommonv
                0x00000000c001cba2       0x21 core/idle.32
                0x00000000c001cba2                idleCommon()

.text._ZN10LinkedListI8UnixFileED2Ev
                0x00000000c001cbc4        0x2
 .text._ZN10LinkedListI8UnixFileED2Ev
                0x00000000c001cbc4        0x2 core/unixfile.32
                0x00000000c001cbc4                LinkedList<UnixFile>::~LinkedList()
                0x00000000c001cbc4                LinkedList<UnixFile>::~LinkedList()

.text._ZN10LinkedListI8UnixFileEC2Ev
                0x00000000c001cbc6       0x42
 .text._ZN10LinkedListI8UnixFileEC2Ev
                0x00000000c001cbc6       0x42 core/unixfile.32
                0x00000000c001cbc6                LinkedList<UnixFile>::LinkedList()
                0x00000000c001cbc6                LinkedList<UnixFile>::LinkedList()

.text._ZN10LinkedListI8UnixFileE10addElementEPS0_
                0x00000000c001cc08       0xd3
 .text._ZN10LinkedListI8UnixFileE10addElementEPS0_
                0x00000000c001cc08       0xd3 core/unixfile.32
                0x00000000c001cc08                LinkedList<UnixFile>::addElement(UnixFile*)

.text._ZN10LinkedListI8UnixFileE15getFirstElementEv
                0x00000000c001ccdc        0x7
 .text._ZN10LinkedListI8UnixFileE15getFirstElementEv
                0x00000000c001ccdc        0x7 core/unixfile.32
                0x00000000c001ccdc                LinkedList<UnixFile>::getFirstElement()

.text._ZN10LinkedListI8UnixFileE11removeFirstEv
                0x00000000c001cce4       0xa1
 .text._ZN10LinkedListI8UnixFileE11removeFirstEv
                0x00000000c001cce4       0xa1 core/unixfile.32
                0x00000000c001cce4                LinkedList<UnixFile>::removeFirst()

.text._ZN10LinkedListI8UnixFileE7getNextEPS0_
                0x00000000c001cd86        0x8
 .text._ZN10LinkedListI8UnixFileE7getNextEPS0_
                0x00000000c001cd86        0x8 core/unixfile.32
                0x00000000c001cd86                LinkedList<UnixFile>::getNext(UnixFile*)

.text._ZN16DriverlessDeviceD2Ev
                0x00000000c001cd8e       0x1a
 .text._ZN16DriverlessDeviceD2Ev
                0x00000000c001cd8e       0x1a hal/device.32
                0x00000000c001cd8e                DriverlessDevice::~DriverlessDevice()
                0x00000000c001cd8e                DriverlessDevice::~DriverlessDevice()

.text._ZN16DriverlessDeviceD0Ev
                0x00000000c001cda8       0x2a
 .text._ZN16DriverlessDeviceD0Ev
                0x00000000c001cda8       0x2a hal/device.32
                0x00000000c001cda8                DriverlessDevice::~DriverlessDevice()

.text._ZN10LinkedListI6DeviceE10addElementEPS0_
                0x00000000c001cdd2       0xdc
 .text._ZN10LinkedListI6DeviceE10addElementEPS0_
                0x00000000c001cdd2       0xdc hal/device.32
                0x00000000c001cdd2                LinkedList<Device>::addElement(Device*)

.text._ZN10LinkedListI6DeviceEC2Ev
                0x00000000c001ceae       0x42
 .text._ZN10LinkedListI6DeviceEC2Ev
                0x00000000c001ceae       0x42 hal/device.32
                0x00000000c001ceae                LinkedList<Device>::LinkedList()
                0x00000000c001ceae                LinkedList<Device>::LinkedList()

.text._ZN10LinkedListIV18ThreadControlBlockE7isEmptyEv
                0x00000000c001cef0       0x1c
 .text._ZN10LinkedListIV18ThreadControlBlockE7isEmptyEv
                0x00000000c001cef0       0x1c hal/timer.32
                0x00000000c001cef0                LinkedList<ThreadControlBlock volatile>::isEmpty()
