Archive member included to satisfy reference by file (symbol)

/cygdrive/d/Users/Alex/Desktop/Toolchain/Output/bin/../lib/gcc/i386-banana/8.1.0/libkgcc.a(_divdi3.o)
                              fs/fat/ff.32 (__divdi3)
/cygdrive/d/Users/Alex/Desktop/Toolchain/Output/bin/../lib/gcc/i386-banana/8.1.0/libkgcc.a(_moddi3.o)
                              thr/elf.32 (__moddi3)
/cygdrive/d/Users/Alex/Desktop/Toolchain/Output/bin/../lib/gcc/i386-banana/8.1.0/libkgcc.a(_udivdi3.o)
                              fs/fat/ff.32 (__udivdi3)
/cygdrive/d/Users/Alex/Desktop/Toolchain/Output/bin/../lib/gcc/i386-banana/8.1.0/libkgcc.a(_umoddi3.o)
                              core/pipe.32 (__umoddi3)
D:/Users/Alex/Desktop/Banana/kernel/libsoftfp.a(sfieeelib.o)
                              hal/sound/sndhw.32 (__addsf3)
D:/Users/Alex/Desktop/Banana/kernel/libsoftfp.a(dfieeelib.o)
                              hal/libresample/src_linear.32 (__adddf3)
D:/Users/Alex/Desktop/Banana/kernel/libsoftfp.a(sfdfcvt.o)
                              hal/libresample/samplerate.32 (__truncdfsf2)
D:/Users/Alex/Desktop/Banana/kernel/libk/libm32.a(s_fabs.c.o)
                              hal/libresample/samplerate.32 (fabs)
D:/Users/Alex/Desktop/Banana/kernel/libk/libm32.a(s_lrint.S.o)
                              hal/libresample/samplerate.32 (lrint)
D:/Users/Alex/Desktop/Banana/kernel/libk/libm32.a(s_lrintf.S.o)
                              hal/sound/sndhw.32 (lrintf)

Discarded input sections

 .comment       0x0000000000000000       0x12 /cygdrive/d/Users/Alex/Desktop/Toolchain/Output/bin/../lib/gcc/i386-banana/8.1.0/crtbegin.o
 .comment       0x0000000000000000       0x12 acpica/utclib.32
 .comment       0x0000000000000000       0x12 core/malloc.32
 .comment       0x0000000000000000       0x12 libk/string.32
 .comment       0x0000000000000000       0x12 fs/fat/diskio.32
 .comment       0x0000000000000000       0x12 fs/fat/ff.32
 .comment       0x0000000000000000       0x12 fs/fat/ffsystem.32
 .comment       0x0000000000000000       0x12 fs/fat/ffunicode.32
 .comment       0x0000000000000000       0x12 hal/libresample/samplerate.32
 .comment       0x0000000000000000       0x12 hal/libresample/src_linear.32
 .comment       0x0000000000000000       0x12 hal/libresample/src_sinc.32
 .comment       0x0000000000000000       0x12 hal/libresample/src_zoh.32
 .comment       0x0000000000000000       0x12 compat/inlines.32
 .group         0x0000000000000000       0x14 core/computer.32
 .group         0x0000000000000000        0xc core/computer.32
 .comment       0x0000000000000000       0x12 core/computer.32
 .comment       0x0000000000000000       0x12 core/gdt.32
 .group         0x0000000000000000        0xc core/idle.32
 .comment       0x0000000000000000       0x12 core/idle.32
 .comment       0x0000000000000000       0x12 core/idt.32
 .comment       0x0000000000000000       0x12 core/kheap.32
 .comment       0x0000000000000000       0x12 core/main.32
 .comment       0x0000000000000000       0x12 core/physmgr.32
 .group         0x0000000000000000        0xc core/pipe.32
 .comment       0x0000000000000000       0x12 core/pipe.32
 .group         0x0000000000000000        0xc core/terminal.32
 .comment       0x0000000000000000       0x12 core/terminal.32
 .comment       0x0000000000000000       0x12 core/tss.32
 .group         0x0000000000000000        0x8 core/unixfile.32
 .group         0x0000000000000000        0xc core/unixfile.32
 .group         0x0000000000000000        0xc core/unixfile.32
 .group         0x0000000000000000        0x8 core/unixfile.32
 .group         0x0000000000000000        0xc core/unixfile.32
 .group         0x0000000000000000        0x8 core/unixfile.32
 .group         0x0000000000000000        0xc core/unixfile.32
 .group         0x0000000000000000        0xc core/unixfile.32
 .comment       0x0000000000000000       0x12 core/unixfile.32
 .comment       0x0000000000000000       0x12 core/virtmgr.32
 .comment       0x0000000000000000       0x12 coreobjs/c++.32
 .comment       0x0000000000000000       0x12 dbg/kconsole.32
 .group         0x0000000000000000        0xc fs/vfs.32
 .group         0x0000000000000000        0xc fs/vfs.32
 .group         0x0000000000000000        0xc fs/vfs.32
 .comment       0x0000000000000000       0x12 fs/vfs.32
 .group         0x0000000000000000        0xc hal/bus.32
 .comment       0x0000000000000000       0x12 hal/bus.32
 .group         0x0000000000000000        0xc hal/buzzer.32
 .comment       0x0000000000000000       0x12 hal/buzzer.32
 .group         0x0000000000000000        0xc hal/clock.32
 .comment       0x0000000000000000       0x12 hal/clock.32
 .group         0x0000000000000000       0x14 hal/device.32
 .group         0x0000000000000000        0xc hal/device.32
 .group         0x0000000000000000        0xc hal/device.32
 .group         0x0000000000000000        0xc hal/device.32
 .group         0x0000000000000000        0xc hal/device.32
[...]
Memory Configuration

Name             Origin             Length             Attributes
*default*        0x0000000000000000 0xffffffffffffffff

Linker script and memory map

LOAD D:/Users/Alex/Desktop/Banana/kernel/boot.32
LOAD crti.32
LOAD /cygdrive/d/Users/Alex/Desktop/Toolchain/Output/bin/../lib/gcc/i386-banana/8.1.0/crtbegin.o
LOAD D:/Users/Alex/Desktop/Banana/kernel/morenasm.32
LOAD acpica/utclib.32
LOAD core/malloc.32
LOAD libk/string.32
LOAD fs/fat/diskio.32
LOAD fs/fat/ff.32
LOAD fs/fat/ffsystem.32
LOAD fs/fat/ffunicode.32
LOAD hal/libresample/samplerate.32
LOAD hal/libresample/src_linear.32
LOAD hal/libresample/src_sinc.32
LOAD hal/libresample/src_zoh.32
LOAD compat/inlines.32
LOAD core/computer.32
LOAD core/gdt.32
LOAD core/idle.32
LOAD core/idt.32
LOAD core/kheap.32
LOAD core/main.32
LOAD core/physmgr.32
LOAD core/pipe.32
LOAD core/terminal.32
LOAD core/tss.32
LOAD core/unixfile.32
LOAD core/virtmgr.32
LOAD coreobjs/c++.32
LOAD dbg/kconsole.32
LOAD fs/vfs.32
LOAD hal/bus.32
LOAD hal/buzzer.32
LOAD hal/clock.32
LOAD hal/device.32
LOAD hal/diskctrl.32
LOAD hal/diskphys.32
LOAD hal/fpu.32
LOAD hal/intctrl.32
LOAD hal/keybrd.32
LOAD hal/logidisk.32
LOAD hal/mouse.32
LOAD hal/partition.32
LOAD hal/timer.32
LOAD hal/vcache.32
LOAD hal/video.32
LOAD hw/acpi.32
LOAD hw/cpu.32
LOAD hw/ports.32
LOAD krnl/panic.32
LOAD reg/registry.32
LOAD sys/sc_exit.32
LOAD sys/sc_getcwd.32
LOAD sys/sc_getpid.32
LOAD sys/sc_loaddll.32
LOAD sys/sc_read.32
LOAD sys/sc_sbrk.32
LOAD sys/sc_setcwd.32
LOAD sys/sc_write.32
LOAD sys/sc_yield.32
LOAD sys/syscalls.32
LOAD thr/elf.32
LOAD thr/prcssthr.32
LOAD vm86/vm8086.32
LOAD vm86/x87em.32
LOAD fs/fat/vfslink.32
LOAD fs/iso9660/vfslink.32
LOAD hal/sound/sndchannel.32
LOAD hal/sound/sndhw.32
LOAD hw/bus/isa.32
LOAD hw/bus/pci.32
LOAD hw/diskctrl/ide.32
LOAD hw/diskctrl/satabus.32
LOAD hw/diskphys/ata.32
LOAD hw/diskphys/atapi.32
LOAD hw/fpu/avx.32
LOAD hw/fpu/mmx.32
LOAD hw/fpu/sse.32
LOAD hw/fpu/x87.32
LOAD hw/intctrl/apic.32
LOAD hw/intctrl/pic.32
LOAD hw/timer/apictimer.32
LOAD hw/timer/pit.32
LOAD hw/fpu/x86/avx.32
LOAD hw/fpu/x86/sse.32
LOAD hw/fpu/x86/x87.32
LOAD /cygdrive/d/Users/Alex/Desktop/Toolchain/Output/bin/../lib/gcc/i386-banana/8.1.0/crtend.o
LOAD crtn.32
LOAD /cygdrive/d/Users/Alex/Desktop/Toolchain/Output/bin/../lib/gcc/i386-banana/8.1.0/libkgcc.a
LOAD D:/Users/Alex/Desktop/Banana/kernel/libsoftfp.a
LOAD D:/Users/Alex/Desktop/Banana/kernel/libk/libm32.a
                0x00000000c0000000                . = 0xc0000000

.text           0x00000000c0000000    0x26048
 *(.text)
 .text          0x00000000c0000000       0x41 D:/Users/Alex/Desktop/Banana/kernel/boot.32
                0x00000000c0000020                callGlobalConstructors
 .text          0x00000000c0000041        0x0 crti.32
 *fill*         0x00000000c0000041        0x3 
 .text          0x00000000c0000044      0x101 /cygdrive/d/Users/Alex/Desktop/Toolchain/Output/bin/../lib/gcc/i386-banana/8.1.0/crtbegin.o
 *fill*         0x00000000c0000145        0xb 
 .text          0x00000000c0000150      0x492 D:/Users/Alex/Desktop/Banana/kernel/morenasm.32
                0x00000000c0000150                prepareTramp
                0x00000000c0000169                voodooXADD
                0x00000000c0000234                doTPAUSE
                0x00000000c000023e                hasLegacyFPU
                0x00000000c0000263                is486
                0x00000000c0000299                detectCPUID
                0x00000000c00002af                goToVM86
                0x00000000c00002df                goToUsermode
                0x00000000c0000309                switchToThreadASMFirstTime
                0x00000000c0000317                switchToThreadASM
                0x00000000c000039f                asmQuickAcquireLock
                0x00000000c00003bd                asmQuickReleaseLock
                0x00000000c00003c9                asmAcquireLock
                0x00000000c00003ea                asmReleaseLock
                0x00000000c00003fd                loadGDT
                0x00000000c000041d                isr0
                0x00000000c000042d                isr1
                0x00000000c0000437                isr2
                0x00000000c0000441                isr3
                0x00000000c000044b                isr4
                0x00000000c0000455                isr5
                0x00000000c000045f                isr6
                0x00000000c0000469                isr7
                0x00000000c0000473                isr8
                0x00000000c000047b                isr9
                0x00000000c0000485                isr10
                0x00000000c000048d                isr11
                0x00000000c0000495                isr12
                0x00000000c000049d                isr13
                0x00000000c00004a5                isr14
                0x00000000c00004ad                isr15
                0x00000000c00004b7                isr16
                0x00000000c00004c1                isr17
                0x00000000c00004cb                isr18
                0x00000000c00004d5                irq3
                0x00000000c00004df                irq4
                0x00000000c00004e9                irq5
                0x00000000c00004f3                irq6
                0x00000000c00004fd                irq7
                0x00000000c0000507                irq8
                0x00000000c0000511                irq9
                0x00000000c000051b                irq10
                0x00000000c0000525                irq11
                0x00000000c000052f                irq12
                0x00000000c0000539                irq13
                0x00000000c0000543                irq14
                0x00000000c000054d                irq15
                0x00000000c0000557                irq1
                0x00000000c000055e                irq2
                0x00000000c0000565                isr96
                0x00000000c000056c                irq0
                0x00000000c0000571                syscall_common_stub
                0x00000000c0000571                int_common_stub
                0x00000000c0000592                irq16
                0x00000000c000059c                irq17
                0x00000000c00005a6                irq18
                0x00000000c00005b0                irq19
                0x00000000c00005ba                irq20
                0x00000000c00005c4                irq21
                0x00000000c00005ce                irq22
                0x00000000c00005d8                irq23
 .text          0x00000000c00005e2      0x40f acpica/utclib.32
                0x00000000c00005e2                memcmp
                0x00000000c000060d                memmove
                0x00000000c0000645                memcpy
                0x00000000c000067b                memset
                0x00000000c0000698                strlen
                0x00000000c00006a8                strpbrk
                0x00000000c00006cb                strtok
                0x00000000c000071a                strcpy
                0x00000000c000073a                strncpy
                0x00000000c000076b                strcmp
                0x00000000c000078c                strchr
                0x00000000c00007a2                strncmp
                0x00000000c00007d1                strcat
                0x00000000c00007f8                strncat
                0x00000000c0000832                strstr
                0x00000000c000086f                toupper
                0x00000000c0000883                tolower
                0x00000000c0000897                simple_strtoul
 .text          0x00000000c00009f1      0xfbf core/malloc.32
                0x00000000c0000b5c                dlfree
                0x00000000c0000eb7                dlmalloc
                0x00000000c00013f4                dlrealloc
                0x00000000c00015a9                dlmemalign
                0x00000000c00016cc                dlcalloc
                0x00000000c0001766                dlcfree
                0x00000000c000176b                dlindependent_calloc
                0x00000000c0001790                dlindependent_comalloc
                0x00000000c00017a7                dlvalloc
                0x00000000c00017d2                dlpvalloc
                0x00000000c0001808                dlmalloc_trim
                0x00000000c0001815                dlmalloc_usable_size
                0x00000000c0001846                dlmallinfo
                0x00000000c0001915                dlmalloc_stats
                0x00000000c0001926                dlmallopt
 .text          0x00000000c00019b0        0x0 libk/string.32
 .text          0x00000000c00019b0       0x51 fs/fat/diskio.32
                0x00000000c00019b0                disk_status
                0x00000000c00019b3                disk_initialize
                0x00000000c00019b6                disk_read
                0x00000000c00019cc                disk_write
                0x00000000c00019e2                disk_ioctl
 .text          0x00000000c0001a01     0x6833 fs/fat/ff.32
                0x00000000c0004ccf                f_mount
                0x00000000c0004d31                f_open
                0x00000000c000516d                f_read
                0x00000000c00053ed                f_write
                0x00000000c00056a7                f_sync
                0x00000000c0005883                f_close
                0x00000000c00058b2                f_lseek
                0x00000000c0005d69                f_opendir
                0x00000000c0005e6b                f_closedir
                0x00000000c0005e8d                f_readdir
                0x00000000c0005f28                f_stat
                0x00000000c0005fb7                f_getfree
                0x00000000c0006182                f_truncate
                0x00000000c000627a                f_unlink
                0x00000000c00063fd                f_mkdir
                0x00000000c0006629                f_rename
                0x00000000c000691c                f_chmod
                0x00000000c00069fa                f_utime
                0x00000000c0006ad8                f_getlabel
                0x00000000c0006cc6                f_setlabel
                0x00000000c0006f33                f_forward
                0x00000000c0007111                f_mkfs
 .text          0x00000000c0008234       0x2d fs/fat/ffsystem.32
                0x00000000c0008234                ff_memalloc
                0x00000000c000824a                ff_memfree
 .text          0x00000000c0008261      0x253 fs/fat/ffunicode.32
                0x00000000c0008261                ff_uni2oem
                0x00000000c00082f1                ff_oem2uni
                0x00000000c000835d                ff_wtoupper
 .text          0x00000000c00084b4      0x8fb hal/libresample/samplerate.32
                0x00000000c00084f8                src_delete
                0x00000000c0008534                src_process
                0x00000000c00086ea                src_callback_read
                0x00000000c0008867                src_set_ratio
                0x00000000c00088d1                src_get_channels
                0x00000000c00088f3                src_reset
                0x00000000c000893f                src_new
                0x00000000c00089cd                src_callback_new
                0x00000000c0008a2f                src_get_name
                0x00000000c0008a66                src_get_description
                0x00000000c0008a9d                src_get_version
                0x00000000c0008aa3                src_is_valid_ratio
                0x00000000c0008af7                src_error
                0x00000000c0008b05                src_strerror
                0x00000000c0008b18                src_simple
                0x00000000c0008b6b                src_short_to_float_array
                0x00000000c0008bd0                src_float_to_short_array
                0x00000000c0008c8f                src_int_to_float_array
                0x00000000c0008cf2                src_float_to_int_array
 .text          0x00000000c0008daf      0x8cb hal/libresample/src_linear.32
                0x00000000c00095d5                linear_get_name
                0x00000000c00095e4                linear_get_description
                0x00000000c00095f3                linear_set_converter
 .text          0x00000000c000967a     0x447c hal/libresample/src_sinc.32
                0x00000000c000da0d                sinc_get_name
                0x00000000c000da20                sinc_get_description
                0x00000000c000da33                sinc_set_converter
 .text          0x00000000c000daf6      0x77c hal/libresample/src_zoh.32
                0x00000000c000e1cd                zoh_get_name
                0x00000000c000e1dc                zoh_get_description
                0x00000000c000e1eb                zoh_set_converter
 .text          0x00000000c000e272       0x23 compat/inlines.32
                0x00000000c000e272                CPU::current()
                0x00000000c000e27f                operator new(unsigned long)
 *fill*         0x00000000c000e295        0x1 
 .text          0x00000000c000e296      0xa07 core/computer.32
                0x00000000c000e296                Computer::close(int, int, void*)
                0x00000000c000e2da                Computer::Computer()
                0x00000000c000e2da                Computer::Computer()
                0x00000000c000e436                Computer::setBootMessage(char const*)
                0x00000000c000e438                Computer::start()
                0x00000000c000e509                firstTask()
                0x00000000c000e518                Computer::detectFeatures()
                0x00000000c000e722                Computer::displayFeatures()
                0x00000000c000ea68                Computer::rdmsr(unsigned int)
                0x00000000c000ea94                Computer::wrmsr(unsigned int, unsigned long long)
                0x00000000c000eacc                Computer::nmiEnabled()
                0x00000000c000ead8                Computer::readCMOS(unsigned char)
                0x00000000c000eaf2                Computer::enableNMI(bool)
                0x00000000c000eb0a                Computer::open(int, int, void*)
                0x00000000c000ebe0                Computer::disableNMI()
                0x00000000c000ebee                Computer::writeCMOS(unsigned char, unsigned char)
                0x00000000c000ec0c                Computer::handleNMI()
                0x00000000c000ec72                Computer::setDiskActivityLight(int, bool)
 *fill*         0x00000000c000ec9d        0x1 
 .text          0x00000000c000ec9e      0x1b7 core/gdt.32
                0x00000000c000ec9e                GDTEntry::setBase(unsigned int)
                0x00000000c000ecba                GDTEntry::setLimit(unsigned int)
                0x00000000c000ecd8                GDT::GDT()
                0x00000000c000ecd8                GDT::GDT()
                0x00000000c000ecee                GDT::addEntry(GDTEntry)
                0x00000000c000ed2a                GDT::getNumberOfEntries()
                0x00000000c000ed32                GDT::flush()
                0x00000000c000ed54                GDT::setup()
 .text          0x00000000c000ee55       0x62 core/idle.32
                0x00000000c000ee55                idleFunction(void*)
 *fill*         0x00000000c000eeb7        0x1 
 .text          0x00000000c000eeb8      0x45f core/idt.32
                0x00000000c000eeb8                IDTEntry::IDTEntry(bool)
                0x00000000c000eeb8                IDTEntry::IDTEntry(bool)
                0x00000000c000ef26                IDTEntry::setOffset(unsigned int)
                0x00000000c000ef3a                IDT::IDT()
                0x00000000c000ef3a                IDT::IDT()
                0x00000000c000ef3c                IDT::getPointerToInvalidOpcodeEntryForF00F()
                0x00000000c000ef44                IDT::addEntry(IDTEntry, int)
                0x00000000c000ef5e                IDT::addEntry(int, void (*)(), bool)
                0x00000000c000ef96                IDT::flush()
                0x00000000c000efb0                IDT::setup()
 .text          0x00000000c000f317      0x203 core/kheap.32
                0x00000000c000f317                sbrk
                0x00000000c000f425                mmap
                0x00000000c000f43b                munmap
                0x00000000c000f451                liballoc_lock()
                0x00000000c000f462                liballoc_unlock()
                0x00000000c000f473                liballoc_alloc(int)
                0x00000000c000f48e                liballoc_free(void*, int)
                0x00000000c000f4ac                realloc
                0x00000000c000f4c0                malloc
                0x00000000c000f4d0                free
                0x00000000c000f4e0                rfree
                0x00000000c000f4f0                calloc
 .text          0x00000000c000f51a      0x38d core/main.32
                0x00000000c000f51a                hwTextMode_loadInData(VgaText*)
                0x00000000c000f55f                hwTextMode_loadInTitle(VgaText*, char*)
                0x00000000c000f5a1                hwTextMode_showCursor(VgaText*, bool)
                0x00000000c000f5f5                hwTextMode_update(VgaText*)
                0x00000000c000f5f6                hwTextMode_updateCursor(VgaText*)
                0x00000000c000f63e                hwTextMode_disableBlink(VgaText*, bool)
                0x00000000c000f67a                hwTextMode_scrollScreen(VgaText*)
                0x00000000c000f700                hwTextMode_writeCharacter(VgaText*, char, VgaColour, VgaColour, int, int)
                0x00000000c000f75e                setupTextMode()
                0x00000000c000f7af                kernel_main
 .text          0x00000000c000f8a7      0x4f3 core/physmgr.32
                0x00000000c000f8a7                Phys::allocateDMA(unsigned long)
                0x00000000c000f94a                Phys::freeDMA(unsigned long, unsigned long)
                0x00000000c000f992                Phys::setPageState(unsigned long, bool)
                0x00000000c000f9c4                Phys::getPageState(unsigned long)
                0x00000000c000f9e0                Phys::freePage(unsigned long)
                0x00000000c000fa6a                Phys::allocatePage()
                0x00000000c000fb32                Phys::allowSegmentToBeUsed(unsigned long, unsigned long)
                0x00000000c000fb6a                Phys::physicalMemorySetup(unsigned int)
 .text          0x00000000c000fd9a      0x273 core/pipe.32
                0x00000000c000fd9a                Pipe::isAtty()
                0x00000000c000fd9e                Pipe::~Pipe()
                0x00000000c000fd9e                Pipe::~Pipe()
                0x00000000c000fdc2                Pipe::~Pipe()
                0x00000000c000fdea                Pipe::read(unsigned long long, void*, int*)
                0x00000000c000fede                Pipe::write(unsigned long long, void*, int*)
                0x00000000c000ffa6                Pipe::Pipe(int)
                0x00000000c000ffa6                Pipe::Pipe(int)
 *fill*         0x00000000c001000d        0x1 
 .text          0x00000000c001000e      0xf65 core/terminal.32
                0x00000000c001000e                VgaText::isAtty()
                0x00000000c0010012                VgaText::~VgaText()
                0x00000000c0010012                VgaText::~VgaText()
                0x00000000c0010036                VgaText::~VgaText()
                0x00000000c0010060                VgaText::read(unsigned long long, void*, int*)
                0x00000000c0010080                setTerminalScrollLock(bool)
                0x00000000c0010081                addToTerminalCycle(VgaText*)
                0x00000000c00100ae                installVgaTextImplementation()
                0x00000000c00100c3                scrollTerminalScrollLock(int)
                0x00000000c00100c4                VgaText::load()
                0x00000000c0010118                VgaText::updateCursor()
                0x00000000c0010132                VgaText::showCursor(bool)
                0x00000000c0010142                VgaText::disableBlink(bool)
                0x00000000c001017c                VgaText::doANSI_SGR(int)
                0x00000000c0010208                VgaText::setDefaultBgColour(VgaColour)
                0x00000000c001021e                VgaText::setDefaultFgColour(VgaColour)
                0x00000000c0010234                VgaText::setDefaultColours(VgaColour, VgaColour)
                0x00000000c0010254                VgaText::combineColours(unsigned char, unsigned char)
                0x00000000c0010266                VgaText::scrollScreen()
                0x00000000c00102fa                VgaText::combineCharAndColour(char, unsigned char)
                0x00000000c001030c                VgaText::writeCharacter(char, VgaColour, VgaColour, int, int)
                0x00000000c001036c                VgaText::getCursorX()
                0x00000000c0010378                VgaText::getCursorY()
                0x00000000c0010384                VgaText::setCursor(int, int)
                0x00000000c00103a2                VgaText::setCursorX(int)
                0x00000000c00103be                VgaText::setCursorY(int)
                0x00000000c00103da                VgaText::incrementCursor(bool)
                0x00000000c0010442                VgaText::updateRAMUsageDisplay(int)
                0x00000000c001049c                VgaText::updateDiskUsage()
                0x00000000c0010602                VgaText::updateTitle()
                0x00000000c0010648                VgaText::setTitleTextColour(VgaColour)
                0x00000000c0010658                VgaText::setTitleColour(VgaColour)
                0x00000000c0010668                VgaText::setTitle(char*)
                0x00000000c001068e                VgaText::decrementCursor(bool)
                0x00000000c00106b6                VgaText::putchar(char, VgaColour, VgaColour)
                0x00000000c00107b2                VgaText::isShowingCursor()
                0x00000000c00107be                VgaText::isBlinkDisabled()
                0x00000000c00107cc                VgaText::setCursorHeight(int)
                0x00000000c00107ea                VgaText::getCursorHeight()
                0x00000000c00107f5                setActiveTerminal(VgaText*)
                0x00000000c00108a7                doTerminalCycle()
                0x00000000c00108c4                VgaText::doUpdate()
                0x00000000c00108d6                VgaText::puts(char const*, VgaColour, VgaColour)
                0x00000000c0010a96                VgaText::clearScreen()
                0x00000000c0010afa                VgaText::putchar(char)
                0x00000000c0010c14                VgaText::puts(char const*)
                0x00000000c0010c3a                VgaText::putx(unsigned int)
                0x00000000c0010c80                VgaText::VgaText(char const*)
                0x00000000c0010c80                VgaText::VgaText(char const*)
                0x00000000c0010e12                VgaText::receiveKey(unsigned char)
                0x00000000c0010efa                VgaText::write(unsigned long long, void*, int*)
                0x00000000c0010f4e                newTerminal(char*)
 *fill*         0x00000000c0010f73        0x1 
 .text          0x00000000c0010f74      0x1b3 core/tss.32
                0x00000000c0010f74                TSS::TSS()
                0x00000000c0010f74                TSS::TSS()
                0x00000000c0010f82                TSS::setESP(unsigned long)
                0x00000000c0010f94                TSS::flush()
                0x00000000c0010fb4                TSS::setup(unsigned long, unsigned long)
 *fill*         0x00000000c0011127        0x1 
 .text          0x00000000c0011128      0x4c2 core/unixfile.32
                0x00000000c0011128                ReservedFilename::read(unsigned long long, void*, int*)
                0x00000000c001117e                ReservedFilename::isAtty()
                0x00000000c001119a                ReservedFilename::write(unsigned long long, void*, int*)
                0x00000000c00111f8                UnixFile::getFileDescriptor()
                0x00000000c0011200                UnixFile::UnixFile(int)
                0x00000000c0011200                UnixFile::UnixFile(int)
                0x00000000c00113b0                ReservedFilename::ReservedFilename(int)
                0x00000000c00113b0                ReservedFilename::ReservedFilename(int)
                0x00000000c00113e2                UnixFile::~UnixFile()
                0x00000000c00113e2                UnixFile::~UnixFile()
                0x00000000c001147a                UnixFile::~UnixFile()
                0x00000000c00114a2                ReservedFilename::~ReservedFilename()
                0x00000000c00114a2                ReservedFilename::~ReservedFilename()
                0x00000000c00114c6                ReservedFilename::~ReservedFilename()
                0x00000000c00114ed                getFromFileDescriptor(int)
 .text          0x00000000c00115ea      0xee3 core/virtmgr.32
                0x00000000c00115ea                Virt::setPageState(unsigned long, Virt::VirtPageState)
                0x00000000c001161f                Virt::getPageState(unsigned long)
                0x00000000c0011643                Virt::allocateKernelVirtualPages(int)
                0x00000000c0011754                Virt::virtualMemorySetup()
                0x00000000c00117d3                Virt::getAKernelVAS()
                0x00000000c00117d9                Virt::setupPageSwapping(int)
                0x00000000c0011908                VAS::VAS()
                0x00000000c0011908                VAS::VAS()
                0x00000000c0011938                VAS::VAS(VAS*)
                0x00000000c0011938                VAS::VAS(VAS*)
                0x00000000c001195c                VAS::getForeignPageTableEntry(bool, unsigned long)
                0x00000000c0011988                VAS::getPageTableEntry(unsigned long)
                0x00000000c00119a7                Virt::freeKernelVirtualPages(unsigned long)
                0x00000000c0011aca                VAS::freeAllocatedPages(unsigned long)
                0x00000000c0011aee                VAS::virtualToPhysical(unsigned long)
                0x00000000c0011b06                VAS::reflagRange(unsigned long, int, int, int)
                0x00000000c0011b46                VAS::setToWriteCombining(unsigned long, int)
                0x00000000c0011b78                VAS::mapOtherVASIn(bool, VAS*)
                0x00000000c0011ba2                VAS::~VAS()
                0x00000000c0011ba2                VAS::~VAS()
                0x00000000c0011d0e                VAS::mapPage(unsigned long, unsigned long, int)
                0x00000000c0011e0e                VAS::allocatePages(int, int)
                0x00000000c0011fe6                VAS::setCPUSpecific(unsigned long)
                0x00000000c0012002                VAS::mapRange(unsigned long, unsigned long, int, int)
                0x00000000c00120c8                VAS::mapForeignPage(bool, VAS*, unsigned long, unsigned long, int)
                0x00000000c00121b6                VAS::VAS(bool)
                0x00000000c00121b6                VAS::VAS(bool)
                0x00000000c0012411                mapVASFirstTime
 .text          0x00000000c00124cd       0x95 coreobjs/c++.32
                0x00000000c00124cd                __cxa_atexit
                0x00000000c00124d0                __cxa_finalize
                0x00000000c00124d1                __stack_chk_fail
                0x00000000c001253d                __cxa_pure_virtual
                0x00000000c001254e                operator new[](unsigned long)
                0x00000000c0012553                operator delete(void*, unsigned long)
                0x00000000c0012558                operator delete[](void*)
                0x00000000c001255d                operator delete[](void*, unsigned long)
 .text          0x00000000c0012562      0x1ef dbg/kconsole.32
                0x00000000c0012562                Dbg::stringifyxWithBase(unsigned int, char*, int)
                0x00000000c00125c3                Dbg::logc(char)
                0x00000000c00125da                Dbg::logs(char*)
                0x00000000c00125f7                Dbg::logWriteInt(unsigned int)
                0x00000000c0012614                Dbg::logWriteIntBase(unsigned int, int)
                0x00000000c0012633                Dbg::kprintf(char const*, ...)
 *fill*         0x00000000c0012751        0x1 
 .text          0x00000000c0012752      0xb7c fs/vfs.32
                0x00000000c0012752                File::read(unsigned long long, void*, int*)
                0x00000000c00127aa                File::write(unsigned long long, void*, int*)
                0x00000000c0012802                Directory::read(unsigned long long, void*, int*)
                0x00000000c001285a                Directory::write(unsigned long long, void*, int*)
                0x00000000c0012888                File::isAtty()
                0x00000000c001288c                Directory::isAtty()
                0x00000000c0012890                Filesystem::getlabel(LogicalDisk*, int, char*, unsigned int*)
                0x00000000c0012896                Filesystem::setlabel(LogicalDisk*, int, char*)
                0x00000000c001289c                File::~File()
                0x00000000c001289c                File::~File()
                0x00000000c00128c0                File::~File()
                0x00000000c00128ea                Directory::~Directory()
                0x00000000c00128ea                Directory::~Directory()
                0x00000000c001290e                Directory::~Directory()
                0x00000000c0012938                Filesystem::Filesystem()
                0x00000000c0012938                Filesystem::Filesystem()
                0x00000000c001295c                Filesystem::~Filesystem()
                0x00000000c001295c                Filesystem::~Filesystem()
                0x00000000c001296a                Filesystem::~Filesystem()
                0x00000000c001298e                initVFS()
                0x00000000c00129b8                standardiseFiles(char*, char const*, char const*)
                0x00000000c0012b62                File::File(char const*, Process*)
                0x00000000c0012b62                File::File(char const*, Process*)
                0x00000000c0012bc6                File::open(FileOpenMode)
                0x00000000c0012c24                File::close()
                0x00000000c0012c84                File::seek(unsigned long long)
                0x00000000c0012cda                File::tell(unsigned long long*)
                0x00000000c0012d2a                File::rewind()
                0x00000000c0012d3e                File::unlink()
                0x00000000c0012d8a                File::rename(char const*)
                0x00000000c0012dd8                File::chfatattr(unsigned char, unsigned char)
                0x00000000c0012e34                File::exists()
                0x00000000c0012e72                File::stat(unsigned long long*, bool*)
                0x00000000c0012ed3                getcwd(Process*, char*, int)
                0x00000000c0012efd                setcwd(Process*, char*)
                0x00000000c0013038                Directory::Directory(char const*, Process*)
                0x00000000c0013038                Directory::Directory(char const*, Process*)
                0x00000000c001309c                Directory::open()
                0x00000000c00130f8                Directory::close()
                0x00000000c0013158                Directory::unlink()
                0x00000000c00131a4                Directory::rename(char const*)
                0x00000000c00131f2                Directory::exists()
                0x00000000c0013230                Directory::read(dirent*)
                0x00000000c001327c                Directory::create()
                0x00000000c00132c8                Filesystem::chfatattr(char const*, unsigned char, unsigned char)
 .text          0x00000000c00132ce       0x84 hal/bus.32
                0x00000000c00132ce                Bus::Bus(char const*)
                0x00000000c00132ce                Bus::Bus(char const*)
                0x00000000c0013304                Bus::~Bus()
                0x00000000c0013304                Bus::~Bus()
                0x00000000c0013328                Bus::~Bus()
 .text          0x00000000c0013352      0x14e hal/buzzer.32
                0x00000000c0013352                Buzzer::Buzzer(char const*)
                0x00000000c0013352                Buzzer::Buzzer(char const*)
                0x00000000c0013396                Buzzer::~Buzzer()
                0x00000000c0013396                Buzzer::~Buzzer()
                0x00000000c00133ba                Buzzer::~Buzzer()
                0x00000000c00133e4                Buzzer::stop()
                0x00000000c00133f7                beepThread(void*)
                0x00000000c0013432                Buzzer::beep(int, int, bool)
 .text          0x00000000c00134a0      0x42f hal/clock.32
                0x00000000c00134a0                loadClockSettings()
                0x00000000c00134ba                Clock::Clock(char const*)
                0x00000000c00134ba                Clock::Clock(char const*)
                0x00000000c00134f0                Clock::~Clock()
                0x00000000c00134f0                Clock::~Clock()
                0x00000000c0013514                Clock::~Clock()
                0x00000000c001353e                Clock::timeInSecondsLocal()
                0x00000000c0013586                Clock::setTimeInSecondsLocal(unsigned long long)
                0x00000000c00135df                datetimeToSeconds(datetime_t)
                0x00000000c0013706                Clock::setTimeInDatetimeLocal(datetime_t)
                0x00000000c0013766                secondsToDatetime(unsigned long long)
                0x00000000c00138aa                Clock::timeInDatetimeLocal()
 *fill*         0x00000000c00138cf        0x1 
 .text          0x00000000c00138d0      0x4de hal/device.32
                0x00000000c00138d0                Device::hibernate()
                0x00000000c00138d2                Device::wake()
                0x00000000c00138d4                Device::detect()
                0x00000000c00138d6                Device::disableLegacy()
                0x00000000c00138d8                Device::powerSaving(PowerSavingLevel)
                0x00000000c00138da                DriverlessDevice::close(int, int, void*)
                0x00000000c00138de                DriverlessDevice::detect()
                0x00000000c00138e0                DriverlessDevice::open(int, int, void*)
                0x00000000c00138f4                Device::~Device()
                0x00000000c00138f4                Device::~Device()
                0x00000000c0013902                Device::~Device()
                0x00000000c001392a                Device::findAndLoadDriver()
                0x00000000c001392c                Device::preOpenPCI(PCIDeviceInfo)
                0x00000000c0013952                Device::preOpenACPI(void*, char*, char*)
                0x00000000c00139a6                Device::addIRQHandler(int, void (*)(regs*, void*), bool, void*)
                0x00000000c00139e4                Device::removeIRQHandler(int, void (*)(regs*, void*), bool)
                0x00000000c0013a22                Device::addChild(Device*)
                0x00000000c0013a66                Device::removeAllChildren()
                0x00000000c0013aac                Device::hibernateAll()
                0x00000000c0013adc                Device::wakeAll()
                0x00000000c0013b0c                Device::detectAll()
                0x00000000c0013b3c                Device::disableLegacyAll()
                0x00000000c0013b6c                Device::loadDriversForAll()
                0x00000000c0013b98                Device::closeAll()
                0x00000000c0013bce                Device::powerSavingAll(PowerSavingLevel)
                0x00000000c0013c04                Device::setName(char const*)
                0x00000000c0013c12                Device::Device(char const*)
                0x00000000c0013c12                Device::Device(char const*)
                0x00000000c0013d0e                Device::getName()
                0x00000000c0013d18                DriverlessDevice::DriverlessDevice(char const*)
                0x00000000c0013d18                DriverlessDevice::DriverlessDevice(char const*)
                0x00000000c0013d40                Device::addToLinkedList(LinkedList<Device>&, DeviceType)
                0x00000000c0013d84                getDevicesOfType(DeviceType)
 .text          0x00000000c0013dae       0x84 hal/diskctrl.32
                0x00000000c0013dae                HardDiskController::HardDiskController(char const*)
                0x00000000c0013dae                HardDiskController::HardDiskController(char const*)
                0x00000000c0013de4                HardDiskController::~HardDiskController()
                0x00000000c0013de4                HardDiskController::~HardDiskController()
                0x00000000c0013e08                HardDiskController::~HardDiskController()
 .text          0x00000000c0013e32       0xde hal/diskphys.32
                0x00000000c0013e32                PhysicalDisk::PhysicalDisk(char const*, int)
                0x00000000c0013e32                PhysicalDisk::PhysicalDisk(char const*, int)
                0x00000000c0013e9a                PhysicalDisk::startCache()
                0x00000000c0013ec2                PhysicalDisk::~PhysicalDisk()
                0x00000000c0013ec2                PhysicalDisk::~PhysicalDisk()
                0x00000000c0013ee6                PhysicalDisk::~PhysicalDisk()
 .text          0x00000000c0013f10      0x13b hal/fpu.32
                0x00000000c0013f10                FPU::FPU(char const*)
                0x00000000c0013f10                FPU::FPU(char const*)
                0x00000000c0013f46                FPU::~FPU()
                0x00000000c0013f46                FPU::~FPU()
                0x00000000c0013f6a                FPU::~FPU()
                0x00000000c0013f94                setupFPU()
 *fill*         0x00000000c001404b        0x1 
 .text          0x00000000c001404c     0x12b1 hal/intctrl.32
                0x00000000c001404c                InterruptController::uninstallISRHandler(int, void (*)(regs*, void*))
                0x00000000c0014084                InterruptController::installISRHandler(int, void (*)(regs*, void*), void*)
                0x00000000c00140d6                doubleFault(regs*, void*)
                0x00000000c00140f0                InterruptController::installIRQHandler(int, void (*)(regs*, void*), bool, void*)
                0x00000000c001418c                InterruptController::clearAllHandlers(int, bool)
                0x00000000c0014234                InterruptController::uninstallIRQHandler(int, void (*)(regs*, void*), bool)
                0x00000000c00142bb                nmiHandler(regs*, void*)
                0x00000000c00142c9                int_handler
                0x00000000c001436a                InterruptController::InterruptController(char const*)
                0x00000000c001436a                InterruptController::InterruptController(char const*)
                0x00000000c0014410                InterruptController::~InterruptController()
                0x00000000c0014410                InterruptController::~InterruptController()
                0x00000000c0014434                InterruptController::~InterruptController()
                0x00000000c001445e                displayDebugInfo(regs*)
                0x00000000c0014863                x87EmulHandler(regs*, void*)
                0x00000000c0014892                gpFault(regs*, void*)
                0x00000000c00148cb                pgFault(regs*, void*)
                0x00000000c00148e2                otherISRHandler(regs*, void*)
                0x00000000c0014901                opcodeFault(regs*, void*)
                0x00000000c0014ec0                displayProgramFault(char const*)
                0x00000000c0014ee8                setupInterruptController()
                0x00000000c00152b0                InterruptController::convertLegacyIRQNumber(int)
 *fill*         0x00000000c00152fd        0x1 
 .text          0x00000000c00152fe      0x620 hal/keybrd.32
                0x00000000c00152fe                startGUI(void*)
                0x00000000c0015370                sendKeyToTerminal(unsigned char)
                0x00000000c00153dc                sendKeyboardToken(KeyboardToken)
                0x00000000c00157b7                clearInternalKeybuffer(VgaText*)
                0x00000000c00157ec                readKeyboard(VgaText*, char*, unsigned long)
                0x00000000c0015894                Keyboard::Keyboard(char const*)
                0x00000000c0015894                Keyboard::Keyboard(char const*)
                0x00000000c00158d0                Keyboard::~Keyboard()
                0x00000000c00158d0                Keyboard::~Keyboard()
                0x00000000c00158f4                Keyboard::~Keyboard()
 .text          0x00000000c001591e      0x400 hal/logidisk.32
                0x00000000c001591e                LogicalDisk::close(int, int, void*)
                0x00000000c0015922                LogicalDisk::~LogicalDisk()
                0x00000000c0015922                LogicalDisk::~LogicalDisk()
                0x00000000c0015946                LogicalDisk::~LogicalDisk()
                0x00000000c0015970                LogicalDisk::open(int, int, void*)
                0x00000000c0015984                LogicalDisk::absoluteToRelative(unsigned long long)
                0x00000000c00159bc                LogicalDisk::relativeToAbsolute(unsigned long long)
                0x00000000c0015a02                LogicalDisk::LogicalDisk(char const*, PhysicalDisk*, unsigned long long, unsigned long long)
                0x00000000c0015a02                LogicalDisk::LogicalDisk(char const*, PhysicalDisk*, unsigned long long, unsigned long long)
                0x00000000c0015ab8                LogicalDisk::assignDriveLetter()
                0x00000000c0015b6e                LogicalDisk::mount()
                0x00000000c0015be0                LogicalDisk::unmount()
                0x00000000c0015bf0                LogicalDisk::unassignDriveLetter()
                0x00000000c0015c46                LogicalDisk::read(unsigned long long, int, void*)
                0x00000000c0015cb2                LogicalDisk::write(unsigned long long, int, void*)
 .text          0x00000000c0015d1e       0x84 hal/mouse.32
                0x00000000c0015d1e                Mouse::Mouse(char const*)
                0x00000000c0015d1e                Mouse::Mouse(char const*)
                0x00000000c0015d54                Mouse::~Mouse()
                0x00000000c0015d54                Mouse::~Mouse()
                0x00000000c0015d78                Mouse::~Mouse()
 .text          0x00000000c0015da2      0x339 hal/partition.32
                0x00000000c0015da2                makePartition(PhysicalDisk*, unsigned long long, unsigned long long)
                0x00000000c0015e4a                createPartitionsForDisk(PhysicalDisk*)
 *fill*         0x00000000c00160db        0x1 
 .text          0x00000000c00160dc      0x2b8 hal/timer.32
                0x00000000c00160dc                Timer::Timer(char const*)
                0x00000000c00160dc                Timer::Timer(char const*)
                0x00000000c0016112                Timer::~Timer()
                0x00000000c0016112                Timer::~Timer()
                0x00000000c0016136                Timer::~Timer()
                0x00000000c0016160                Timer::read()
                0x00000000c001616b                timerHandler(unsigned long long)
                0x00000000c00162a2                setupTimer(int)
 .text          0x00000000c0016394      0x2db hal/vcache.32
                0x00000000c0016394                VCache::VCache(PhysicalDisk*)
                0x00000000c0016394                VCache::VCache(PhysicalDisk*)
                0x00000000c001648e                VCache::writeWriteBuffer()
                0x00000000c00164ca                VCache::~VCache()
                0x00000000c00164ca                VCache::~VCache()
                0x00000000c001650a                VCache::~VCache()
                0x00000000c0016532                VCache::write(unsigned long long, int, void*)
                0x00000000c0016616                VCache::read(unsigned long long, int, void*)
 *fill*         0x00000000c001666f        0x1 
 .text          0x00000000c0016670      0x985 hal/video.32
                0x00000000c0016670                Video::putrect(int, int, int, int, unsigned int)
                0x00000000c00166ba                Video::blit(unsigned int*, int, int, int, int)
                0x00000000c0016738                Video::clearScreen(unsigned int)
                0x00000000c001676c                Video::putpixel(int, int, unsigned int)
                0x00000000c001677a                Video::Video(char const*)
                0x00000000c001677a                Video::Video(char const*)
                0x00000000c00167b0                Video::~Video()
                0x00000000c00167b0                Video::~Video()
                0x00000000c00167d4                Video::~Video()
                0x00000000c00167fe                Video::isMonochrome()
                0x00000000c001680a                Video::getWidth()
                0x00000000c0016816                Video::getHeight()
                0x00000000c0016822                Video::drawCursor(int, int, unsigned char*, int)
                0x00000000c00168de                Video::tgaParse(unsigned char*, int)
                0x00000000c0016f2e                Video::putTGA(int, int, unsigned char*, int)
 *fill*         0x00000000c0016ff5        0x1 
 .text          0x00000000c0016ff6      0xe28 hw/acpi.32
                0x00000000c0016ff6                ACPI::close(int, int, void*)
                0x00000000c00170ab                findRSDP()
                0x00000000c0017135                loadACPITables(unsigned char*)
                0x00000000c001735c                findRSDT(unsigned char*)
                0x00000000c001747a                findDataTable(unsigned char*, char*)
                0x00000000c0017516                scanMADT()
                0x00000000c001799c                ACPI::ACPI()
                0x00000000c001799c                ACPI::ACPI()
                0x00000000c00179fc                ACPI::getPCIIRQAssignment(unsigned char, unsigned short, unsigned char)
                0x00000000c0017ade                ACPI::registerPCIIRQAssignment(void*, unsigned short, unsigned char, unsigned char)
                0x00000000c0017be4                ACPI::setScreenBrightnessLevel(void*, int)
                0x00000000c0017bea                ACPI::writeSimpleBootFlag(SimpleBootFlagTable*)
                0x00000000c0017c32                ACPI::open(int, int, void*)
                0x00000000c0017e06                ACPI::sleep()
 .text          0x00000000c0017e1e     0x1715 hw/cpu.32
                0x00000000c0017e1e                CPU::close(int, int, void*)
                0x00000000c0017e22                CPU::lookupAMDName(unsigned char, unsigned char)
                0x00000000c0017fb6                CPU::lookupIntelName(unsigned char, unsigned char)
                0x00000000c0018264                CPU::AMD_K6_write_msr(unsigned int, unsigned int, unsigned int, CPU::REGS*)
                0x00000000c0018280                CPU::AMD_K6_read_msr(unsigned int, CPU::REGS*)
                0x00000000c0018298                CPU::AMD_K6_writeback(int, int, int)
                0x00000000c001830c                CPU::cpuid(int, unsigned long*, unsigned long*, unsigned long*, unsigned long*)
                0x00000000c0018390                CPU::cpuidCheckEDX(unsigned int)
                0x00000000c00183be                CPU::cpuidCheckECX(unsigned int)
                0x00000000c00183ec                CPU::cpuidCheckExtendedEBX(unsigned int)
                0x00000000c001841a                CPU::cpuidCheckExtendedECX(unsigned int)
                0x00000000c0018448                CPU::CPU()
                0x00000000c0018448                CPU::CPU()
                0x00000000c00184d6                CPU::displayFeatures()
                0x00000000c0018752                CPU::detectFeatures()
                0x00000000c0019142                CPU::setupSMEP()
                0x00000000c001914e                CPU::setupUMIP()
                0x00000000c0019158                CPU::setupTSC()
                0x00000000c0019162                CPU::setupLargePages()
                0x00000000c001916c                CPU::setupPAT()
                0x00000000c00191a8                CPU::setupMTRR()
                0x00000000c00191aa                CPU::setupGlobalPages()
                0x00000000c00191b4                CPU::allowUsermodeDataAccess()
                0x00000000c00191c6                CPU::prohibitUsermodeDataAccess()
                0x00000000c00191d8                CPU::setupSMAP()
                0x00000000c00191e6                CPU::setupFeatures()
                0x00000000c0019266                CPU::open(int, int, void*)
                0x00000000c0019338                CPU::decodeAddress(regs*, int*, bool*, unsigned char*)
 .text          0x00000000c0019533        0x0 hw/ports.32
 .text          0x00000000c0019533      0x32c krnl/panic.32
                0x00000000c0019533                Krnl::panic(char const*)
 .text          0x00000000c001985f      0x4f9 reg/registry.32
                0x00000000c001985f                Reg::findLineFromLoadedData(char*, char*, char*)
                0x00000000c00199b7                Reg::getLineFromRegistry(char*, char*, char*, char*)
                0x00000000c0019b0c                Reg::getLine(char*, char*, char*)
                0x00000000c0019b43                Reg::readInt(char*, char*, int*)
                0x00000000c0019c2e                Reg::readString(char*, char*, char*, int)
                0x00000000c0019caf                Reg::readBool(char*, char*, bool*)
                0x00000000c0019cd4                Reg::readBoolWithDefault(char*, char*, bool)
                0x00000000c0019d00                Reg::readIntWithDefault(char*, char*, int)
                0x00000000c0019d2c                Reg::readStringWithDefault(char*, char*, char*, int, char*)
 .text          0x00000000c0019d58       0x18 sys/sc_exit.32
                0x00000000c0019d58                Sys::exit(regs*)
 .text          0x00000000c0019d70       0x1f sys/sc_getcwd.32
                0x00000000c0019d70                Sys::getCwd(regs*)
 .text          0x00000000c0019d8f        0xc sys/sc_getpid.32
                0x00000000c0019d8f                Sys::getPID(regs*)
 .text          0x00000000c0019d9b       0xa8 sys/sc_loaddll.32
                0x00000000c0019d9b                Sys::loadDLL(regs*)
 .text          0x00000000c0019e43       0x68 sys/sc_read.32
                0x00000000c0019e43                Sys::read(regs*)
 .text          0x00000000c0019eab       0x55 sys/sc_sbrk.32
                0x00000000c0019eab                Sys::sbrk(regs*)
 .text          0x00000000c0019f00       0x1c sys/sc_setcwd.32
                0x00000000c0019f00                Sys::setCwd(regs*)
 .text          0x00000000c0019f1c       0x68 sys/sc_write.32
                0x00000000c0019f1c                Sys::write(regs*)
 .text          0x00000000c0019f84       0x3b sys/sc_yield.32
                0x00000000c0019f84                Sys::yield(regs*)
 .text          0x00000000c0019fbf      0xfaf sys/syscalls.32
                0x00000000c0019fbf                sysCallSeekDir(regs*)
                0x00000000c0019fc4                sysCallTellDir(regs*)
                0x00000000c0019fc9                sysCallVerify(regs*)
                0x00000000c0019fd3                sysCallGetArgc(regs*)
                0x00000000c0019fe3                sysFormatDisk(regs*)
                0x00000000c001a04d                sysSetDiskVolumeLabel(regs*)
                0x00000000c001a093                sysGetDiskVolumeLabel(regs*)
                0x00000000c001a0e4                sysShutdown(regs*)
                0x00000000c001a142                sysCallRealpath(regs*)
                0x00000000c001a185                sysCallReadDir(regs*)
                0x00000000c001a213                sysCallIsATTY(regs*)
                0x00000000c001a26d                sysCallSeek(regs*)
                0x00000000c001a2d6                sysCallTell(regs*)
                0x00000000c001a353                sysCallSize(regs*)
                0x00000000c001a3d6                sysCallSizeFromFilename(regs*)
                0x00000000c001a496                sysCallClose(regs*)
                0x00000000c001a51e                sysCallOpenDir(regs*)
                0x00000000c001a593                sysCallCloseDir(regs*)
                0x00000000c001a5f9                sysCallMakeDir(regs*)
                0x00000000c001a669                sysCallWait(regs*)
                0x00000000c001a683                sysCallNotImpl(regs*)
                0x00000000c001a69e                sysPanic(regs*)
                0x00000000c001a6c4                sysCallRmdir(regs*)
                0x00000000c001a728                sysCallUnlink(regs*)
                0x00000000c001a78c                sysCallGetArgv(regs*)
                0x00000000c001a7d8                sysCallTTYName(regs*)
                0x00000000c001a85b                sysCallGetEnv(regs*)
                0x00000000c001a8ad                sysCallUSleep(regs*)
                0x00000000c001a8d4                sysCallSpawn(regs*)
                0x00000000c001a92c                sysAppSettings(regs*)
                0x00000000c001aa4b                sysSetFatAttrib(regs*)
                0x00000000c001aabd                sysPipe(regs*)
                0x00000000c001ab02                sysGetUnixTime(regs*)
                0x00000000c001ab16                string_ends_with(char const*, char const*)
                0x00000000c001ab5e                sysCallOpen(regs*)
                0x00000000c001ad73                setupSystemCalls()
                0x00000000c001af2c                systemCall(regs*, void*)
 .text          0x00000000c001af6e     0x11ee thr/elf.32
                0x00000000c001af6e                Thr::allocateMemoryForTask(Process*, File*, unsigned long, unsigned long, unsigned long)
                0x00000000c001b1eb                Thr::loadProgramIntoMemory(Process*, char const*)
                0x00000000c001b401                Thr::runtimeReferenceHelper()
                0x00000000c001b414                Thr::getAddressOfKernelSymbol(char const*)
                0x00000000c001b463                Thr::loadKernelSymbolTable(char const*)
                0x00000000c001b71f                Thr::loadDriverIntoMemory(char const*, unsigned long, bool)
                0x00000000c001bea0                Thr::getDriverBaseFromAddress(unsigned long)
                0x00000000c001bed2                Thr::getDriverNameFromAddress(unsigned long)
                0x00000000c001bf09                Thr::getDriverOffsetFromAddress(unsigned long)
                0x00000000c001bf23                Thr::loadDLL(char const*, bool)
                0x00000000c001c132                Thr::executeDLL(unsigned long, void*)
 .text          0x00000000c001c15c      0xff8 thr/prcssthr.32
                0x00000000c001c15c                changeTSS
                0x00000000c001c18c                Process::addArgs(char**)
                0x00000000c001c1e6                Process::Process(char const*, Process*, char**)
                0x00000000c001c1e6                Process::Process(char const*, Process*, char**)
                0x00000000c001c3ae                Process::Process(bool, char const*, Process*, char**)
                0x00000000c001c3ae                Process::Process(bool, char const*, Process*, char**)
                0x00000000c001c542                disableIRQs()
                0x00000000c001c54a                getIRQNestingLevel()
                0x00000000c001c550                enableIRQs()
                0x00000000c001c55f                lockScheduler()
                0x00000000c001c561                unlockScheduler()
                0x00000000c001c563                userModeEntryPoint(void*)
                0x00000000c001c586                lockStuff()
                0x00000000c001c592                taskStartupFunction
                0x00000000c001c59b                updateTimeUsed()
                0x00000000c001c600                switchToThread(ThreadControlBlock*)
                0x00000000c001c650                Semaphore::Semaphore(int)
                0x00000000c001c650                Semaphore::Semaphore(int)
                0x00000000c001c67e                Mutex::Mutex()
                0x00000000c001c67e                Mutex::Mutex()
                0x00000000c001c690                Process::createThread(void (*)(void*), void*, int)
                0x00000000c001c774                Process::createUserThread()
                0x00000000c001c790                setupMultitasking(void (*)())
                0x00000000c001c89a                schedule()
                0x00000000c001c91f                unlockStuff()
                0x00000000c001c954                Semaphore::tryAcquire()
                0x00000000c001c982                Semaphore::assertLocked(char const*)
                0x00000000c001c9b2                blockTaskWithSchedulerLockAlreadyHeld(TaskState)
                0x00000000c001c9f4                blockTask(TaskState)
                0x00000000c001ca15                waitTask(int, int*, int)
                0x00000000c001ca57                nanoSleepUntil(unsigned long long)
                0x00000000c001caae                nanoSleep(unsigned long long)
                0x00000000c001cac3                sleep(unsigned long long)
                0x00000000c001cae0                Semaphore::acquire()
                0x00000000c001cb48                taskReturned
                0x00000000c001cb76                unblockTask(ThreadControlBlock*)
                0x00000000c001cc25                cleanupTerminatedTask(ThreadControlBlock*)
                0x00000000c001cec9                cleanerTaskFunction(void*)
                0x00000000c001cf7c                terminateTask(int)
                0x00000000c001d05c                Thr::terminateFromIRQ(int)
                0x00000000c001d068                Semaphore::release()
 .text          0x00000000c001d154      0x997 vm86/vm8086.32
                0x00000000c001d154                Vm::inbv(unsigned short)
                0x00000000c001d15a                Vm::outbv(unsigned short, unsigned char)
                0x00000000c001d164                Vm::realToLinear(unsigned short, unsigned short)
                0x00000000c001d174                Vm::getSegment(unsigned int)
                0x00000000c001d17c                Vm::getOffset(unsigned int)
                0x00000000c001d181                Vm::mainloop2()
                0x00000000c001d1bc                Vm::mainVm8086Loop(void*)
                0x00000000c001d1c9                Vm::mainloop3(unsigned long)
                0x00000000c001d1f3                Vm::initialise8086()
                0x00000000c001d236                Vm::finish8086()
                0x00000000c001d27b                Vm::start8086(char const*, unsigned short, unsigned short, unsigned short, unsigned short)
                0x00000000c001d3b3                Vm::doISR(regs*, int, unsigned char*, unsigned short, unsigned short)
                0x00000000c001d43d                Vm::readByteFromReal(unsigned short, unsigned short)
                0x00000000c001d44e                Vm::readWordFromReal(unsigned short, unsigned short)
                0x00000000c001d460                Vm::readDwordFromReal(unsigned short, unsigned short)
                0x00000000c001d471                Vm::writeByteFromReal(unsigned short, unsigned short, unsigned char)
                0x00000000c001d486                Vm::writeWordFromReal(unsigned short, unsigned short, unsigned short)
                0x00000000c001d49c                Vm::writeDwordFromReal(unsigned short, unsigned short, unsigned int)
                0x00000000c001d4b1                Vm::faultHandler(regs*)
 .text          0x00000000c001daeb      0xefd vm86/x87em.32
                0x00000000c001daeb                Vm::fpuInternalTo32(unsigned long long)
                0x00000000c001db46                Vm::fpuInternalTo64(unsigned long long)
                0x00000000c001db4f                Vm::fpu32ToInternal(unsigned int)
                0x00000000c001db94                Vm::fpu64ToInternal(unsigned long long)
                0x00000000c001db9d                Vm::fpuFloatToLong(unsigned long long)
                0x00000000c001dbf8                Vm::fpuULongToFloat(unsigned long long)
                0x00000000c001dc2e                Vm::fpuLongToFloat(long long)
                0x00000000c001dc84                Vm::fpuGet0()
                0x00000000c001dc89                Vm::fpuGet1()
                0x00000000c001dc91                Vm::fpuGetPi()
                0x00000000c001dc99                Vm::fpuGetLog2E()
                0x00000000c001dcb1                Vm::fpuGetLogE2()
                0x00000000c001dcc9                Vm::fpuGetLog210()
                0x00000000c001dce1                Vm::fpuGetLog102()
                0x00000000c001dcf9                Vm::fpuIsSecondLarger(unsigned long long, unsigned long long)
                0x00000000c001dd0d                Vm::fpuAreEqual(unsigned long long, unsigned long long)
                0x00000000c001dd23                Vm::fpuUnorderedCompare(unsigned long long, unsigned long long)
                0x00000000c001dd76                Vm::fpuAdd(unsigned long long, unsigned long long)
                0x00000000c001dd87                Vm::fpuAbs(unsigned long long)
                0x00000000c001dd90                Vm::fpuChs(unsigned long long)
                0x00000000c001dda0                Vm::fpuSub(unsigned long long, unsigned long long)
                0x00000000c001ddaf                Vm::fpuMultiply(unsigned long long, unsigned long long)
                0x00000000c001ddce                Vm::fpuDivide(unsigned long long, unsigned long long)
                0x00000000c001ddea                Vm::fpuSquare(unsigned long long)
                0x00000000c001de00                Vm::fpuGetReg(int)
                0x00000000c001de43                Vm::fpuSetReg(int, unsigned long long)
                0x00000000c001de8e                Vm::fpuPush(unsigned long long)
                0x00000000c001deeb                Vm::fpuPop()
                0x00000000c001df3d                Vm::x87Handler(regs*)
 .text          0x00000000c001e9e8     0x10ed fs/fat/vfslink.32
                0x00000000c001e9e8                FAT::getName()
                0x00000000c001e9ee                FAT::tell(void*, unsigned long long*)
                0x00000000c001ea22                FAT::stat(void*, unsigned long long*)
                0x00000000c001ea56                FAT::~FAT()
                0x00000000c001ea56                FAT::~FAT()
                0x00000000c001ea7a                FAT::~FAT()
                0x00000000c001eaa2                FAT::getlabel(LogicalDisk*, int, char*, unsigned int*)
                0x00000000c001eb40                FAT::setlabel(LogicalDisk*, int, char*)
                0x00000000c001ebfa                FAT::format(LogicalDisk*, int, char const*, int)
                0x00000000c001edde                FAT::tryMount(LogicalDisk*, int)
                0x00000000c001efe4                FAT::readDir(void*, unsigned long, void*, int*)
                0x00000000c001f0ea                FAT::read(void*, unsigned long, void*, int*)
                0x00000000c001f144                FAT::write(void*, unsigned long, void*, int*)
                0x00000000c001f19e                FAT::close(void*)
                0x00000000c001f1ea                FAT::closeDir(void*)
                0x00000000c001f236                FAT::seek(void*, unsigned long long)
                0x00000000c001f28a                fatWrapperReadDisk
                0x00000000c001f2d1                fatWrapperWriteDisk
                0x00000000c001f318                fatWrapperIoctl
                0x00000000c001f41c                FAT::FAT()
                0x00000000c001f41c                FAT::FAT()
                0x00000000c001f46e                FAT::fixFilepath(char*)
                0x00000000c001f4a6                FAT::open(char const*, void**, FileOpenMode)
                0x00000000c001f5ce                FAT::openDir(char const*, void**)
                0x00000000c001f674                FAT::stat(char const*, unsigned long long*, bool*)
                0x00000000c001f75e                FAT::unlink(char const*)
                0x00000000c001f7d8                FAT::chfatattr(char const*, unsigned char, unsigned char)
                0x00000000c001f92c                FAT::rename(char const*, char const*)
                0x00000000c001f9f0                FAT::mkdir(char const*)
                0x00000000c001fa6a                FAT::exists(char const*)
 *fill*         0x00000000c001fad5        0x1 
 .text          0x00000000c001fad6      0xbdf fs/iso9660/vfslink.32
                0x00000000c001fad6                ISO9660::format(LogicalDisk*, int, char const*, int)
                0x00000000c001fadc                ISO9660::seek(void*, unsigned long long)
                0x00000000c001fb0c                ISO9660::tell(void*, unsigned long long*)
                0x00000000c001fb30                ISO9660::getName()
                0x00000000c001fb36                ISO9660::stat(void*, unsigned long long*)
                0x00000000c001fb5a                ISO9660::chfatattr(char const*, unsigned char, unsigned char)
                0x00000000c001fb60                ISO9660::unlink(char const*)
                0x00000000c001fb66                ISO9660::write(void*, unsigned long, void*, int*)
                0x00000000c001fb6c                ISO9660::rename(char const*, char const*)
                0x00000000c001fb72                ISO9660::mkdir(char const*)
                0x00000000c001fb78                ISO9660::close(void*)
                0x00000000c001fb9a                ISO9660::closeDir(void*)
                0x00000000c001fbbc                ISO9660::~ISO9660()
                0x00000000c001fbbc                ISO9660::~ISO9660()
                0x00000000c001fbe0                ISO9660::~ISO9660()
                0x00000000c001fc07                __memmem(unsigned char*, int, unsigned char*, int)
                0x00000000c001fc49                readSectorFromCDROM(unsigned int, unsigned char*, char)
                0x00000000c001fcb0                ISO9660::tryMount(LogicalDisk*, int)
                0x00000000c001fd00                ISO9660::read(void*, unsigned long, void*, int*)
                0x00000000c001ff44                ISO9660::readDir(void*, unsigned long, void*, int*)
                0x00000000c00201d1                readRoot(unsigned int*, unsigned int*, char)
                0x00000000c0020226                readRecursively(char*, unsigned int, unsigned int, unsigned int*, unsigned int*, char, int*)
                0x00000000c00203f9                getFileData(char*, unsigned int*, unsigned int*, char, int*)
                0x00000000c0020488                ISO9660::open(char const*, void**, FileOpenMode)
                0x00000000c0020522                ISO9660::exists(char const*)
                0x00000000c0020546                ISO9660::stat(char const*, unsigned long long*, bool*)
                0x00000000c00205da                ISO9660::openDir(char const*, void**)
                0x00000000c0020692                ISO9660::ISO9660()
                0x00000000c0020692                ISO9660::ISO9660()
 *fill*         0x00000000c00206b5        0x1 
 .text          0x00000000c00206b6      0x326 hal/sound/sndchannel.32
                0x00000000c00206b6                SoundChannel::~SoundChannel()
                0x00000000c00206b6                SoundChannel::~SoundChannel()
                0x00000000c00206d2                SoundChannel::setSpeed(float)
                0x00000000c00206de                SoundChannel::getSpeed()
                0x00000000c00206e6                SoundChannel::setVolume(int)
                0x00000000c0020702                SoundChannel::getVolume()
                0x00000000c002070a                SoundChannel::pause()
                0x00000000c0020714                SoundChannel::SoundChannel(int, int, int, int)
                0x00000000c0020714                SoundChannel::SoundChannel(int, int, int, int)
                0x00000000c002086a                SoundChannel::play()
                0x00000000c0020874                SoundChannel::paused()
                0x00000000c002087c                SoundChannel::getSampleRate()
                0x00000000c0020884                SoundChannel::getBits()
                0x00000000c002088c                SoundChannel::getBufferUsed()
                0x00000000c0020894                SoundChannel::getBufferSize()
                0x00000000c002089c                SoundChannel::unbuffer(float*, int, int)
                0x00000000c002093c                SoundChannel::buffer8(unsigned char*, int)
 .text          0x00000000c00209dc      0x3d5 hal/sound/sndhw.32
                0x00000000c00209dc                SoundDevice::SoundDevice(char const*)
                0x00000000c00209dc                SoundDevice::SoundDevice(char const*)
                0x00000000c0020a48                SoundDevice::~SoundDevice()
                0x00000000c0020a48                SoundDevice::~SoundDevice()
                0x00000000c0020ac2                SoundDevice::~SoundDevice()
                0x00000000c0020aec                SoundDevice::getFreeChannelNum()
                0x00000000c0020b06                SoundDevice::addChannel(SoundChannel*)
                0x00000000c0020b76                SoundDevice::removeChannel(int)
                0x00000000c0020ba8                SoundDevice::floatTo8(float*, unsigned char*, int)
                0x00000000c0020c90                SoundDevice::getAudio(int, float*, float*)
 .text          0x00000000c0020db1        0x0 hw/bus/isa.32
 *fill*         0x00000000c0020db1        0x1 
 .text          0x00000000c0020db2      0x6c1 hw/bus/pci.32
                0x00000000c0020db2                PCI::open(int, int, void*)
                0x00000000c0020dc6                PCI::close(int, int, void*)
                0x00000000c0020dca                PCI::PCI()
                0x00000000c0020dca                PCI::PCI()
                0x00000000c0020e4a                PCI::pciReadWord(unsigned char, unsigned char, unsigned char, unsigned char)
                0x00000000c0020e92                PCI::getVendorID(unsigned char, unsigned char, unsigned char)
                0x00000000c0020eb4                PCI::getHeaderType(unsigned char, unsigned char, unsigned char)
                0x00000000c0020ed8                PCI::getClassCode(unsigned char, unsigned char, unsigned char)
                0x00000000c0020f1c                PCI::getProgIF(unsigned char, unsigned char, unsigned char)
                0x00000000c0020f40                PCI::getRevisionID(unsigned char, unsigned char, unsigned char)
                0x00000000c0020f62                PCI::getInterruptNumber(unsigned char, unsigned char, unsigned char)
                0x00000000c0020f84                PCI::getSecondaryBus(unsigned char, unsigned char, unsigned char)
                0x00000000c0020fa8                PCI::getBARAddress(unsigned char, unsigned char, unsigned char, unsigned char)
                0x00000000c0021008                PCI::pciWriteWord(unsigned char, unsigned char, unsigned char, unsigned char, unsigned short)
                0x00000000c0021074                PCI::checkBus(unsigned char)
                0x00000000c0021098                PCI::foundDevice(PCIDeviceInfo)
                0x00000000c0021208                PCI::getDeviceData(unsigned char, unsigned char, unsigned char)
                0x00000000c00213b4                PCI::checkDevice(unsigned char, unsigned char)
                0x00000000c0021420                PCI::detect()
 *fill*         0x00000000c0021473        0x1 
 .text          0x00000000c0021474      0xc70 hw/diskctrl/ide.32
                0x00000000c0021474                IDE::close(int, int, void*)
                0x00000000c0021478                IDE::IDE()
                0x00000000c0021478                IDE::IDE()
                0x00000000c00214ac                IDE::prepareInterrupt(unsigned char)
                0x00000000c00214be                selectDrive(unsigned char, unsigned char)
                0x00000000c00214c0                IDE::getBase(unsigned char)
                0x00000000c00214d2                IDE::write(unsigned char, unsigned char, unsigned char)
                0x00000000c0021592                IDE::read(unsigned char, unsigned char)
                0x00000000c0021640                IDE::waitInterrupt(unsigned char)
                0x00000000c00216a6                ideChannel0IRQHandler(regs*, void*)
                0x00000000c00216c2                ideChannel1IRQHandler(regs*, void*)
                0x00000000c00216de                IDE::enableIRQs(unsigned char, bool)
                0x00000000c0021724                IDE::open(int, int, void*)
                0x00000000c0021b34                IDE::readBuffer(unsigned char, unsigned char, unsigned int, unsigned int)
                0x00000000c0021c00                IDE::detect()
                0x00000000c0021ee8                IDE::printError(unsigned char, unsigned char, unsigned char)
                0x00000000c002207e                IDE::polling(unsigned char, unsigned int)
 .text          0x00000000c00220e4      0x20b hw/diskctrl/satabus.32
                0x00000000c00220e4                SATABus::open(int, int, void*)
                0x00000000c00220e8                SATABus::close(int, int, void*)
                0x00000000c00220ec                SATABus::detect()
                0x00000000c00220ee                SATABus::SATABus()
                0x00000000c00220ee                SATABus::SATABus()
                0x00000000c0022132                SATABus::checkType(SATABus::tagHBA_PORT volatile*)
                0x00000000c002217a                SATABus::probePort(SATABus::tagHBA_MEM volatile*)
                0x00000000c00221d0                SATABus::startCmd(SATABus::tagHBA_PORT volatile*)
                0x00000000c00221f0                SATABus::stopCmd(SATABus::tagHBA_PORT volatile*)
                0x00000000c002221a                SATABus::portRebase(SATABus::tagHBA_PORT volatile*, int)
 *fill*         0x00000000c00222ef        0x1 
 .text          0x00000000c00222f0      0x62b hw/diskphys/ata.32
                0x00000000c00222f0                ATA::close(int, int, void*)
                0x00000000c0022314                ATA::powerSaving(PowerSavingLevel)
                0x00000000c0022316                ATA::ATA()
                0x00000000c0022316                ATA::ATA()
                0x00000000c0022344                ATA::flush(bool)
                0x00000000c002238e                ATA::readyForCommand()
                0x00000000c00223de                ATA::access(unsigned long long, int, void*, bool)
                0x00000000c002275c                ATA::read(unsigned long long, int, void*)
                0x00000000c00227c4                ATA::write(unsigned long long, int, void*)
                0x00000000c002282c                ATA::detectCHS()
                0x00000000c0022856                ATA::open(int, int, void*)
 *fill*         0x00000000c002291b        0x1 
 .text          0x00000000c002291c      0x5b3 hw/diskphys/atapi.32
                0x00000000c002291c                ATAPI::write(unsigned long long, int, void*)
                0x00000000c0022922                ATAPI::close(int, int, void*)
                0x00000000c0022946                ATAPI::ATAPI()
                0x00000000c0022946                ATAPI::ATAPI()
                0x00000000c0022974                ATAPI::readyForCommand()
                0x00000000c00229c4                ATAPI::sendPacket(unsigned char*, int, bool, unsigned short*, int)
                0x00000000c0022c84                ATAPI::diskRemoved()
                0x00000000c0022ca0                ATAPI::eject()
                0x00000000c0022ce6                ATAPI::diskInserted()
                0x00000000c0022d14                ATAPI::detectMedia()
                0x00000000c0022dd0                ATAPI::open(int, int, void*)
                0x00000000c0022e50                ATAPI::read(unsigned long long, int, void*)
 *fill*         0x00000000c0022ecf        0x1 
 .text          0x00000000c0022ed0       0x8e hw/fpu/avx.32
                0x00000000c0022ed0                AVX::open(int, int, void*)
                0x00000000c0022ee2                AVX::close(int, int, void*)
                0x00000000c0022ef4                AVX::available()
                0x00000000c0022f06                AVX::save(void*)
                0x00000000c0022f1e                AVX::load(void*)
                0x00000000c0022f36                AVX::AVX()
                0x00000000c0022f36                AVX::AVX()
 .text          0x00000000c0022f5e       0x90 hw/fpu/mmx.32
                0x00000000c0022f5e                MMX::available()
                0x00000000c0022f72                MMX::open(int, int, void*)
                0x00000000c0022f84                MMX::close(int, int, void*)
                0x00000000c0022f96                MMX::save(void*)
                0x00000000c0022fae                MMX::load(void*)
                0x00000000c0022fc6                MMX::MMX()
                0x00000000c0022fc6                MMX::MMX()
 .text          0x00000000c0022fee       0x96 hw/fpu/sse.32
                0x00000000c0022fee                SSE::open(int, int, void*)
                0x00000000c0023000                SSE::close(int, int, void*)
                0x00000000c0023012                SSE::available()
                0x00000000c002302c                SSE::save(void*)
                0x00000000c0023044                SSE::load(void*)
                0x00000000c002305c                SSE::SSE()
                0x00000000c002305c                SSE::SSE()
 .text          0x00000000c0023084       0x8e hw/fpu/x87.32
                0x00000000c0023084                x87::open(int, int, void*)
                0x00000000c0023096                x87::close(int, int, void*)
                0x00000000c00230a8                x87::available()
                0x00000000c00230ba                x87::save(void*)
                0x00000000c00230d2                x87::load(void*)
                0x00000000c00230ea                x87::x87()
                0x00000000c00230ea                x87::x87()
 .text          0x00000000c0023112      0x71e hw/intctrl/apic.32
                0x00000000c0023112                APIC::disable()
                0x00000000c0023114                APIC::close(int, int, void*)
                0x00000000c0023136                IOAPIC::close(int, int, void*)
                0x00000000c002313c                APIC::io_wait()
                0x00000000c0023142                APIC::getBase()
                0x00000000c0023184                APIC::eoi(unsigned char)
                0x00000000c00231b2                APIC::open(int, int, void*)
                0x00000000c0023300                IOAPIC::IOAPIC()
                0x00000000c0023300                IOAPIC::IOAPIC()
                0x00000000c0023328                APIC::APIC()
                0x00000000c0023328                APIC::APIC()
                0x00000000c0023404                IOAPIC::handlesGSIWithNumber(unsigned int)
                0x00000000c0023436                IOAPIC::read(int)
                0x00000000c002345e                IOAPIC::open(int, int, void*)
                0x00000000c0023554                IOAPIC::write(int, int)
                0x00000000c0023580                IOAPIC::redirect(unsigned char, unsigned long long, unsigned char, bool, bool)
                0x00000000c002367a                APIC::installIRQHandler(int, void (*)(regs*, void*), bool, void*)
 .text          0x00000000c0023830      0x3d3 hw/intctrl/pic.32
                0x00000000c0023830                PIC::disable()
                0x00000000c002385e                PIC::close(int, int, void*)
                0x00000000c0023880                PIC::PIC()
                0x00000000c0023880                PIC::PIC()
                0x00000000c0023956                PIC::ioWait()
                0x00000000c002395c                PIC::getIRQReg(int)
                0x00000000c00239c6                PIC::eoi(unsigned char)
                0x00000000c0023a58                PIC::remap()
                0x00000000c0023bc4                PIC::open(int, int, void*)
 *fill*         0x00000000c0023c03        0x1 
 .text          0x00000000c0023c04      0x25e hw/timer/apictimer.32
                0x00000000c0023c04                APICTimer::close(int, int, void*)
                0x00000000c0023c0a                apicTimerHandler(regs*, void*)
                0x00000000c0023c38                APICTimer::write(int)
                0x00000000c0023d3c                APICTimer::open(int, int, void*)
                0x00000000c0023e3a                APICTimer::APICTimer()
                0x00000000c0023e3a                APICTimer::APICTimer()
 .text          0x00000000c0023e62      0x1a7 hw/timer/pit.32
                0x00000000c0023e62                PIT::write(int)
                0x00000000c0023ee0                pitHandler(regs*, void*)
                0x00000000c0023f0c                PIT::open(int, int, void*)
                0x00000000c0023f5a                PIT::close(int, int, void*)
                0x00000000c0023f8a                PIT::PIT()
                0x00000000c0023f8a                PIT::PIT()
 *fill*         0x00000000c0024009        0x7 
 .text          0x00000000c0024010       0x1e hw/fpu/x86/avx.32
                0x00000000c0024010                avxDetect
                0x00000000c0024016                avxSave
                0x00000000c0024017                avxLoad
                0x00000000c0024018                avxInit
                0x00000000c0024019                avxClose
                0x00000000c002401a                wouldSheSayYes
 *fill*         0x00000000c002402e        0x2 
 .text          0x00000000c0024030       0x35 hw/fpu/x86/sse.32
                0x00000000c0024030                absolutelyNoChanceInHell
                0x00000000c0024030                sseDetect
                0x00000000c0024048                sseSave
                0x00000000c002404e                sseLoad
                0x00000000c0024054                sseInit
                0x00000000c0024064                sseClose
 *fill*         0x00000000c0024065        0xb 
 .text          0x00000000c0024070       0x47 hw/fpu/x86/x87.32
                0x00000000c0024076                x87Detect
                0x00000000c0024091                x87Save
                0x00000000c0024097                x87Load
                0x00000000c002409c                x87Init
                0x00000000c00240b6                x87Close
 *fill*         0x00000000c00240b7        0x1 
 .text          0x00000000c00240b8       0x25 /cygdrive/d/Users/Alex/Desktop/Toolchain/Output/bin/../lib/gcc/i386-banana/8.1.0/crtend.o
 .text          0x00000000c00240dd        0x0 crtn.32
 *fill*         0x00000000c00240dd        0x3 
 .text          0x00000000c00240e0      0x14b /cygdrive/d/Users/Alex/Desktop/Toolchain/Output/bin/../lib/gcc/i386-banana/8.1.0/libkgcc.a(_divdi3.o)
                0x00000000c00240e0                __divdi3
 *fill*         0x00000000c002422b        0x1 
 .text          0x00000000c002422c      0x17e /cygdrive/d/Users/Alex/Desktop/Toolchain/Output/bin/../lib/gcc/i386-banana/8.1.0/libkgcc.a(_moddi3.o)
                0x00000000c002422c                __moddi3
 *fill*         0x00000000c00243aa        0x2 
 .text          0x00000000c00243ac       0xff /cygdrive/d/Users/Alex/Desktop/Toolchain/Output/bin/../lib/gcc/i386-banana/8.1.0/libkgcc.a(_udivdi3.o)
                0x00000000c00243ac                __udivdi3
 *fill*         0x00000000c00244ab        0x1 
 .text          0x00000000c00244ac      0x11a /cygdrive/d/Users/Alex/Desktop/Toolchain/Output/bin/../lib/gcc/i386-banana/8.1.0/libkgcc.a(_umoddi3.o)
                0x00000000c00244ac                __umoddi3
 .text          0x00000000c00245c6      0x96d D:/Users/Alex/Desktop/Banana/kernel/libsoftfp.a(sfieeelib.o)
                0x00000000c00245c6                __addsf3
                0x00000000c00248c8                __subsf3
                0x00000000c00248dc                __negsf2
                0x00000000c00248e9                __mulsf3
                0x00000000c0024aac                __divsf3
                0x00000000c0024cd7                __floatsisf
                0x00000000c0024d4b                __floatunsisf
                0x00000000c0024d8d                __fixsfsi
                0x00000000c0024def                __fixunssfsi
                0x00000000c0024e20                __cmpsf2
                0x00000000c0024eb5                __eqsf2
                0x00000000c0024ef0                __nesf2
                0x00000000c0024ef2                __gtsf2
                0x00000000c0024f2d                __gesf2
                0x00000000c0024f2f                __ltsf2
                0x00000000c0024f31                __lesf2
 .text          0x00000000c0024f33      0xf50 D:/Users/Alex/Desktop/Banana/kernel/libsoftfp.a(dfieeelib.o)
                0x00000000c0024f33                __adddf3
                0x00000000c0025584                __subdf3
                0x00000000c002559f                __negdf2
                0x00000000c00255b0                __muldf3
                0x00000000c0025894                __divdf3
                0x00000000c0025c13                __floatsidf
                0x00000000c0025c6e                __floatunsidf
                0x00000000c0025cac                __fixdfsi
                0x00000000c0025d19                __fixunsdfsi
                0x00000000c0025d55                __cmpdf2
                0x00000000c0025e43                __eqdf2
                0x00000000c0025e5f                __nedf2
                0x00000000c0025e61                __gtdf2
                0x00000000c0025e7d                __gedf2
                0x00000000c0025e7f                __ltdf2
                0x00000000c0025e81                __ledf2
 .text          0x00000000c0025e83      0x18d D:/Users/Alex/Desktop/Banana/kernel/libsoftfp.a(sfdfcvt.o)
                0x00000000c0025e83                __truncdfsf2
                0x00000000c0025fa7                __extendsfdf2
 .text          0x00000000c0026010       0x1e D:/Users/Alex/Desktop/Banana/kernel/libk/libm32.a(s_fabs.c.o)
                0x00000000c0026010                fabs
 *fill*         0x00000000c002602e        0x2 
 .text          0x00000000c0026030        0xc D:/Users/Alex/Desktop/Banana/kernel/libk/libm32.a(s_lrint.S.o)
                0x00000000c0026030                lrint
 .text          0x00000000c002603c        0xc D:/Users/Alex/Desktop/Banana/kernel/libk/libm32.a(s_lrintf.S.o)
                0x00000000c002603c                lrintf
 *(.gnu.linkonce.t*)

.iplt           0x00000000c0026048        0x0
 .iplt          0x00000000c0026048        0x0 D:/Users/Alex/Desktop/Banana/kernel/boot.32

.init           0x00000000c0026048        0xf
 .init          0x00000000c0026048        0x3 crti.32
                0x00000000c0026048                _init
 .init          0x00000000c002604b        0x5 /cygdrive/d/Users/Alex/Desktop/Toolchain/Output/bin/../lib/gcc/i386-banana/8.1.0/crtbegin.o
 .init          0x00000000c0026050        0x5 /cygdrive/d/Users/Alex/Desktop/Toolchain/Output/bin/../lib/gcc/i386-banana/8.1.0/crtend.o
 .init          0x00000000c0026055        0x2 crtn.32

.fini           0x00000000c0026057        0xa
 .fini          0x00000000c0026057        0x3 crti.32
                0x00000000c0026057                _fini
 .fini          0x00000000c002605a        0x5 /cygdrive/d/Users/Alex/Desktop/Toolchain/Output/bin/../lib/gcc/i386-banana/8.1.0/crtbegin.o
 .fini          0x00000000c002605f        0x2 crtn.32

.text._ZN8ComputerD2Ev
                0x00000000c0026062       0x23
 .text._ZN8ComputerD2Ev
                0x00000000c0026062       0x23 core/computer.32
                0x00000000c0026062                Computer::~Computer()
                0x00000000c0026062                Computer::~Computer()

.text._ZN8ComputerD0Ev
                0x00000000c0026086       0x2a
 .text._ZN8ComputerD0Ev
                0x00000000c0026086       0x2a core/computer.32
                0x00000000c0026086                Computer::~Computer()

.text._Z10idleCommonv
                0x00000000c00260b0       0x15
 .text._Z10idleCommonv
                0x00000000c00260b0       0x15 core/idle.32
                0x00000000c00260b0                idleCommon()

.text._ZN10LinkedListI8UnixFileED2Ev
                0x00000000c00260c6        0x2
 .text._ZN10LinkedListI8UnixFileED2Ev
                0x00000000c00260c6        0x2 core/unixfile.32
                0x00000000c00260c6                LinkedList<UnixFile>::~LinkedList()
                0x00000000c00260c6                LinkedList<UnixFile>::~LinkedList()

.text._ZN10LinkedListI8UnixFileEC2Ev
                0x00000000c00260c8       0x58
 .text._ZN10LinkedListI8UnixFileEC2Ev
                0x00000000c00260c8       0x58 core/unixfile.32
                0x00000000c00260c8                LinkedList<UnixFile>::LinkedList()
                0x00000000c00260c8                LinkedList<UnixFile>::LinkedList()

.text._ZN10LinkedListI8UnixFileE10addElementEPS0_
                0x00000000c0026120       0xd3
 .text._ZN10LinkedListI8UnixFileE10addElementEPS0_
                0x00000000c0026120       0xd3 core/unixfile.32
                0x00000000c0026120                LinkedList<UnixFile>::addElement(UnixFile*)

.text._ZN10LinkedListI8UnixFileE15getFirstElementEv
                0x00000000c00261f4        0x7
 .text._ZN10LinkedListI8UnixFileE15getFirstElementEv
                0x00000000c00261f4        0x7 core/unixfile.32
                0x00000000c00261f4                LinkedList<UnixFile>::getFirstElement()

.text._ZN10LinkedListI8UnixFileE11removeFirstEv
                0x00000000c00261fc       0xa1
 .text._ZN10LinkedListI8UnixFileE11removeFirstEv
                0x00000000c00261fc       0xa1 core/unixfile.32
                0x00000000c00261fc                LinkedList<UnixFile>::removeFirst()

.text._ZN10LinkedListI8UnixFileE7getNextEPS0_
                0x00000000c002629e        0x8
 .text._ZN10LinkedListI8UnixFileE7getNextEPS0_
                0x00000000c002629e        0x8 core/unixfile.32
                0x00000000c002629e                LinkedList<UnixFile>::getNext(UnixFile*)

.text._ZN16DriverlessDeviceD2Ev
                0x00000000c00262a6       0x1a
 .text._ZN16DriverlessDeviceD2Ev
                0x00000000c00262a6       0x1a hal/device.32
                0x00000000c00262a6                DriverlessDevice::~DriverlessDevice()
                0x00000000c00262a6                DriverlessDevice::~DriverlessDevice()

.text._ZN16DriverlessDeviceD0Ev
                0x00000000c00262c0       0x2a
 .text._ZN16DriverlessDeviceD0Ev
                0x00000000c00262c0       0x2a hal/device.32
                0x00000000c00262c0                DriverlessDevice::~DriverlessDevice()

.text._ZN10LinkedListI6DeviceE10addElementEPS0_
                0x00000000c00262ea       0xdc
 .text._ZN10LinkedListI6DeviceE10addElementEPS0_
                0x00000000c00262ea       0xdc hal/device.32
                0x00000000c00262ea                LinkedList<Device>::addElement(Device*)

.text._ZN10LinkedListI6DeviceEC2Ev
                0x00000000c00263c6       0x58
 .text._ZN10LinkedListI6DeviceEC2Ev
                0x00000000c00263c6       0x58 hal/device.32
                0x00000000c00263c6                LinkedList<Device>::LinkedList()
                0x00000000c00263c6                LinkedList<Device>::LinkedList()

.text._ZN10LinkedListIV18ThreadControlBlockE15getFirstElementEv
                0x00000000c002641e        0x7
 .text._ZN10LinkedListIV18ThreadControlBlockE15getFirstElementEv
                0x00000000c002641e        0x7 hal/timer.32
                0x00000000c002641e                LinkedList<ThreadControlBlock volatile>::getFirstElement()

.text._ZN10LinkedListIV18ThreadControlBlockE7isEmptyEv
                0x00000000c0026426       0x1c
 .text._ZN10LinkedListIV18ThreadControlBlockE7isEmptyEv