Archive member included to satisfy reference by file (symbol)

/cygdrive/d/Users/Alex/Desktop/Toolchain/Output/bin/../lib/gcc/i386-banana/8.1.0/libgcc.a(_divdi3.o)
                              acpica/osl.32 (__divdi3)
/cygdrive/d/Users/Alex/Desktop/Toolchain/Output/bin/../lib/gcc/i386-banana/8.1.0/libgcc.a(_moddi3.o)
                              acpica/osl.32 (__moddi3)
/cygdrive/d/Users/Alex/Desktop/Toolchain/Output/bin/../lib/gcc/i386-banana/8.1.0/libgcc.a(_udivdi3.o)
                              acpica/utmath.32 (__udivdi3)
/cygdrive/d/Users/Alex/Desktop/Toolchain/Output/bin/../lib/gcc/i386-banana/8.1.0/libgcc.a(_umoddi3.o)
                              acpica/utmath.32 (__umoddi3)
D:/Users/Alex/Desktop/Banana/kernel/libk/libm32.a(s_fabs.c.o)
                              hal/libresample/samplerate.32 (fabs)
D:/Users/Alex/Desktop/Banana/kernel/libk/libm32.a(s_lrint.S.o)
                              hal/libresample/samplerate.32 (lrint)
D:/Users/Alex/Desktop/Banana/kernel/libk/libm32.a(s_lrintf.S.o)
                              hal/sound/sndhw.32 (lrintf)

Allocating common symbols
Common symbol       size              file

AcpiGbl_StateCache  0x4               acpica/utglobal.32
AcpiGbl_OwnerIdMask
                    0x200             acpica/utglobal.32
AcpiGbl_StepToNextCall
                    0x1               acpica/utglobal.32
AcpiGbl_RootTableList
                    0x10              acpica/utglobal.32
AcpiGbl_FadtGpeDevice
                    0x4               acpica/utglobal.32
AcpiGbl_GpeXruptListHead
                    0x4               acpica/utglobal.32
AcpiGbl_GlobalLockHandle
                    0x2               acpica/utglobal.32
AcpiGbl_RootNodeStruct
                    0x1c              acpica/utglobal.32
AcpiGbl_FACS        0x4               acpica/utglobal.32
AcpiGbl_AllGpesInitialized
                    0x1               acpica/utglobal.32
AcpiGbl_GlobalLockMutex
                    0x4               acpica/utglobal.32
AcpiGbl_IntegerByteWidth
                    0x1               acpica/utglobal.32
AcpiGbl_Pm1EnableRegisterSave
                    0x2               acpica/utglobal.32
AcpiGbl_NsLookupCount
                    0x4               acpica/utglobal.32
AcpiCurrentGpeCount
                    0x4               acpica/utglobal.32
AcpiGbl_IntegerBitWidth
                    0x1               acpica/utglobal.32
AcpiGbl_NamespaceCache
                    0x4               acpica/utglobal.32
AcpiGbl_TableHandler
                    0x4               acpica/utglobal.32
AcpiGbl_HardwareLock
                    0x4               acpica/utglobal.32
AcpiGbl_FixedEventHandlers
                    0x28              acpica/utglobal.32
AcpiSciCount        0x4               acpica/utglobal.32
AcpiGbl_DSDT        0x4               acpica/utglobal.32
AcpiGbl_GlobalNotify
                    0x10              acpica/utglobal.32
AcpiGbl_GlobalLockSemaphore
                    0x4               acpica/utglobal.32
AcpiGbl_SystemAwakeAndRunning
                    0x1               acpica/utglobal.32
AcpiGbl_InterfaceHandler
                    0x4               acpica/utglobal.32
AcpiGbl_EventsInitialized
                    0x1               acpica/utglobal.32
AcpiGbl_SupportedInterfaces
                    0x4               acpica/utglobal.32
AcpiGbl_GpeLock     0x4               acpica/utglobal.32
AcpiGbl_SleepTypeB  0x1               acpica/utglobal.32
AcpiGbl_InitHandler
                    0x4               acpica/utglobal.32
AcpiGbl_GlobalLockAcquired
                    0x1               acpica/utglobal.32
AcpiGbl_XPm1bEnable
                    0xc               acpica/utglobal.32
AcpiGbl_OriginalDsdtHeader
                    0x24              acpica/utglobal.32
AcpiGbl_ReferenceCountLock
                    0x4               acpica/utglobal.32
AcpiGpeCount        0x4               acpica/utglobal.32
AcpiGbl_TableHandlerContext
                    0x4               acpica/utglobal.32
AcpiGbl_XPm1aStatus
                    0xc               acpica/utglobal.32
AcpiGbl_OriginalMode
                    0x4               acpica/utglobal.32
AcpiGbl_CmSingleStep
                    0x1               acpica/utglobal.32
AcpiGbl_GlobalEventHandlerContext
                    0x4               acpica/utglobal.32
AcpiGbl_PsFindCount
                    0x4               acpica/utglobal.32
AcpiFixedEventCount
                    0x14              acpica/utglobal.32
AcpiGbl_AcpiHardwarePresent
                    0x1               acpica/utglobal.32
AcpiGbl_MutexInfo   0x60              acpica/utglobal.32
AcpiGbl_RootNode    0x4               acpica/utglobal.32
AcpiGbl_AddressRangeList
                    0x8               acpica/utglobal.32
AcpiGbl_FADT        0x114             acpica/utglobal.32
AcpiGbl_IntegerNybbleWidth
                    0x1               acpica/utglobal.32
AcpiGbl_XPm1aEnable
                    0xc               acpica/utglobal.32
AcpiGbl_OperandCache
[...]
Memory Configuration

Name             Origin             Length             Attributes
*default*        0x0000000000000000 0xffffffffffffffff

Linker script and memory map

LOAD D:/Users/Alex/Desktop/Banana/kernel/boot.32
LOAD crti.32
LOAD /cygdrive/d/Users/Alex/Desktop/Toolchain/Output/bin/../lib/gcc/i386-banana/8.1.0/crtbegin.o
LOAD D:/Users/Alex/Desktop/Banana/kernel/morenasm.32
LOAD acpica/dsargs.32
LOAD acpica/dscontrol.32
LOAD acpica/dsdebug.32
LOAD acpica/dsfield.32
LOAD acpica/dsinit.32
LOAD acpica/dsmethod.32
LOAD acpica/dsmthdat.32
LOAD acpica/dsobject.32
LOAD acpica/dsopcode.32
LOAD acpica/dspkginit.32
LOAD acpica/dsutils.32
LOAD acpica/dswexec.32
LOAD acpica/dswload.32
LOAD acpica/dswload2.32
LOAD acpica/dswscope.32
LOAD acpica/dswstate.32
LOAD acpica/evevent.32
LOAD acpica/evglock.32
LOAD acpica/evgpe.32
LOAD acpica/evgpeblk.32
LOAD acpica/evgpeinit.32
LOAD acpica/evgpeutil.32
LOAD acpica/evhandler.32
LOAD acpica/evmisc.32
LOAD acpica/evregion.32
LOAD acpica/evrgnini.32
LOAD acpica/evsci.32
LOAD acpica/evxface.32
LOAD acpica/evxfevnt.32
LOAD acpica/evxfgpe.32
LOAD acpica/evxfregn.32
LOAD acpica/exconcat.32
LOAD acpica/exconfig.32
LOAD acpica/exconvrt.32
LOAD acpica/excreate.32
LOAD acpica/exdebug.32
LOAD acpica/exdump.32
LOAD acpica/exfield.32
LOAD acpica/exfldio.32
LOAD acpica/exmisc.32
LOAD acpica/exmutex.32
LOAD acpica/exnames.32
LOAD acpica/exoparg1.32
LOAD acpica/exoparg2.32
LOAD acpica/exoparg3.32
LOAD acpica/exoparg6.32
LOAD acpica/exprep.32
LOAD acpica/exregion.32
LOAD acpica/exresnte.32
LOAD acpica/exresolv.32
LOAD acpica/exresop.32
LOAD acpica/exserial.32
LOAD acpica/exstore.32
LOAD acpica/exstoren.32
LOAD acpica/exstorob.32
LOAD acpica/exsystem.32
LOAD acpica/extrace.32
LOAD acpica/exutils.32
LOAD acpica/hwacpi.32
LOAD acpica/hwesleep.32
LOAD acpica/hwgpe.32
LOAD acpica/hwpci.32
LOAD acpica/hwregs.32
LOAD acpica/hwsleep.32
LOAD acpica/hwtimer.32
LOAD acpica/hwvalid.32
LOAD acpica/hwxface.32
LOAD acpica/hwxfsleep.32
LOAD acpica/nsaccess.32
LOAD acpica/nsalloc.32
LOAD acpica/nsarguments.32
LOAD acpica/nsconvert.32
LOAD acpica/nsdump.32
LOAD acpica/nsdumpdv.32
LOAD acpica/nseval.32
LOAD acpica/nsinit.32
LOAD acpica/nsload.32
LOAD acpica/nsnames.32
LOAD acpica/nsobject.32
LOAD acpica/nsparse.32
LOAD acpica/nspredef.32
LOAD acpica/nsprepkg.32
LOAD acpica/nsrepair.32
LOAD acpica/nsrepair2.32
LOAD acpica/nssearch.32
LOAD acpica/nsutils.32
LOAD acpica/nswalk.32
LOAD acpica/nsxfeval.32
LOAD acpica/nsxfname.32
LOAD acpica/nsxfobj.32
LOAD acpica/psargs.32
LOAD acpica/psloop.32
LOAD acpica/psobject.32
LOAD acpica/psopcode.32
LOAD acpica/psopinfo.32
LOAD acpica/psparse.32
LOAD acpica/psscope.32
LOAD acpica/pstree.32
LOAD acpica/psutils.32
LOAD acpica/pswalk.32
LOAD acpica/psxface.32
LOAD acpica/rsaddr.32
LOAD acpica/rscalc.32
LOAD acpica/rscreate.32
LOAD acpica/rsdump.32
LOAD acpica/rsdumpinfo.32
LOAD acpica/rsinfo.32
LOAD acpica/rsio.32
LOAD acpica/rsirq.32
LOAD acpica/rslist.32
LOAD acpica/rsmemory.32
LOAD acpica/rsmisc.32
LOAD acpica/rsserial.32
LOAD acpica/rsutils.32
LOAD acpica/rsxface.32
LOAD acpica/tbdata.32
LOAD acpica/tbfadt.32
LOAD acpica/tbfind.32
LOAD acpica/tbinstal.32
LOAD acpica/tbprint.32
LOAD acpica/tbutils.32
LOAD acpica/tbxface.32
LOAD acpica/tbxfload.32
LOAD acpica/tbxfroot.32
LOAD acpica/utaddress.32
LOAD acpica/utalloc.32
LOAD acpica/utascii.32
LOAD acpica/utbuffer.32
LOAD acpica/utcache.32
LOAD acpica/utclib.32
LOAD acpica/utcopy.32
LOAD acpica/utdebug.32
LOAD acpica/utdecode.32
LOAD acpica/utdelete.32
LOAD acpica/uterror.32
LOAD acpica/uteval.32
LOAD acpica/utexcep.32
LOAD acpica/utglobal.32
LOAD acpica/uthex.32
LOAD acpica/utids.32
LOAD acpica/utinit.32
LOAD acpica/utlock.32
LOAD acpica/utmath.32
LOAD acpica/utmisc.32
LOAD acpica/utmutex.32
LOAD acpica/utnonansi.32
LOAD acpica/utobject.32
LOAD acpica/utosi.32
LOAD acpica/utownerid.32
LOAD acpica/utpredef.32
LOAD acpica/utprint.32
LOAD acpica/utresdecode.32
LOAD acpica/utresrc.32
LOAD acpica/utstate.32
LOAD acpica/utstring.32
LOAD acpica/utstrsuppt.32
LOAD acpica/utstrtoul64.32
LOAD acpica/uttrack.32
LOAD acpica/utuuid.32
LOAD acpica/utxface.32
LOAD acpica/utxferror.32
LOAD acpica/utxfinit.32
LOAD acpica/utxfmutex.32
LOAD core/malloc.32
LOAD libk/string.32
LOAD fs/fat/diskio.32
LOAD fs/fat/ff.32
LOAD fs/fat/ffsystem.32
LOAD fs/fat/ffunicode.32
LOAD hal/libresample/samplerate.32
LOAD hal/libresample/src_linear.32
LOAD hal/libresample/src_sinc.32
LOAD hal/libresample/src_zoh.32
LOAD acpica/osl.32
LOAD core/computer.32
LOAD core/elf.32
LOAD core/gdt.32
LOAD core/idle.32
LOAD core/idt.32
LOAD core/kconsole.32
LOAD core/kheap.32
LOAD core/main.32
LOAD core/physmgr.32
LOAD core/pipe.32
LOAD core/prcssthr.32
LOAD core/syscalls.32
LOAD core/terminal.32
LOAD core/tss.32
LOAD core/unixfile.32
LOAD core/virtmgr.32
LOAD coreobjs/c++.32
LOAD debugger/debug.32
LOAD fs/vfs.32
LOAD hal/bus.32
LOAD hal/buzzer.32
LOAD hal/clock.32
LOAD hal/device.32
LOAD hal/diskctrl.32
LOAD hal/diskphys.32
LOAD hal/fpu.32
LOAD hal/intctrl.32
LOAD hal/keybrd.32
LOAD hal/logidisk.32
LOAD hal/partition.32
LOAD hal/timer.32
LOAD hal/vcache.32
LOAD hw/acpi.32
LOAD hw/cpu.32
LOAD hw/ports.32
LOAD registry/registry.32
LOAD syscalls/sc_exit.32
LOAD syscalls/sc_sbrk.32
LOAD syscalls/sc_yield.32
LOAD vm86/vm8086.32
LOAD fs/fat/vfslink.32
LOAD fs/iso9660/vfslink.32
LOAD hal/sound/sndchannel.32
LOAD hal/sound/sndhw.32
LOAD hw/audio/sb16.32
LOAD hw/bus/isa.32
LOAD hw/bus/pci.32
LOAD hw/bus/ps2.32
LOAD hw/bus/ps2port.32
LOAD hw/buzzer/pcspk.32
LOAD hw/clock/rtc.32
LOAD hw/diskctrl/ide.32
LOAD hw/diskphys/ata.32
LOAD hw/diskphys/atapi.32
LOAD hw/dma/isadma.32
LOAD hw/fpu/avx.32
LOAD hw/fpu/mmx.32
LOAD hw/fpu/sse.32
LOAD hw/fpu/x87.32
LOAD hw/intctrl/apic.32
LOAD hw/intctrl/pic.32
LOAD hw/keybrd/ps2key.32
LOAD hw/timer/apictimer.32
LOAD hw/timer/pit.32
LOAD hw/fpu/x86/avx.32
LOAD hw/fpu/x86/sse.32
LOAD hw/fpu/x86/x87.32
LOAD /cygdrive/d/Users/Alex/Desktop/Toolchain/Output/bin/../lib/gcc/i386-banana/8.1.0/crtend.o
LOAD crtn.32
LOAD /cygdrive/d/Users/Alex/Desktop/Toolchain/Output/bin/../lib/gcc/i386-banana/8.1.0/libgcc.a
LOAD D:/Users/Alex/Desktop/Banana/kernel/libk/libm32.a
                0x00000000c0000000                . = 0xc0000000

.text           0x00000000c0000000    0x60e88
 *(.text)
 .text          0x00000000c0000000       0x39 D:/Users/Alex/Desktop/Banana/kernel/boot.32
                0x00000000c000001e                callGlobalConstructors
 .text          0x00000000c0000039        0x0 crti.32
 *fill*         0x00000000c0000039        0x3 
 .text          0x00000000c000003c      0x101 /cygdrive/d/Users/Alex/Desktop/Toolchain/Output/bin/../lib/gcc/i386-banana/8.1.0/crtbegin.o
 *fill*         0x00000000c000013d        0x3 
 .text          0x00000000c0000140      0x443 D:/Users/Alex/Desktop/Banana/kernel/morenasm.32
                0x00000000c0000140                doTPAUSE
                0x00000000c000014a                hasLegacyFPU
                0x00000000c000016f                is486
                0x00000000c00001d2                goToVM86
                0x00000000c0000203                goToUsermode
                0x00000000c000022e                switchToThreadASMFirstTime
                0x00000000c000023c                switchToThreadASM
                0x00000000c00002d4                detectCPUID
                0x00000000c00002ea                asmQuickAcquireLock
                0x00000000c0000308                asmQuickReleaseLock
                0x00000000c0000314                asmAcquireLock
                0x00000000c0000335                asmReleaseLock
                0x00000000c0000348                loadGDT
                0x00000000c0000368                isr0
                0x00000000c0000378                isr1
                0x00000000c0000382                isr2
                0x00000000c000038c                isr3
                0x00000000c0000396                isr4
                0x00000000c00003a0                isr5
                0x00000000c00003aa                isr6
                0x00000000c00003b4                isr7
                0x00000000c00003be                isr8
                0x00000000c00003c6                isr9
                0x00000000c00003d0                isr10
                0x00000000c00003d8                isr11
                0x00000000c00003e0                isr12
                0x00000000c00003e8                isr13
                0x00000000c00003f0                isr14
                0x00000000c00003f8                isr15
                0x00000000c0000402                isr16
                0x00000000c000040c                isr17
                0x00000000c0000416                isr18
                0x00000000c0000420                isr96
                0x00000000c000042a                irq0
                0x00000000c0000434                irq1
                0x00000000c000043e                irq2
                0x00000000c0000448                irq3
                0x00000000c0000452                irq4
                0x00000000c000045c                irq5
                0x00000000c0000466                irq6
                0x00000000c0000470                irq7
                0x00000000c000047a                irq8
                0x00000000c0000484                irq9
                0x00000000c000048e                irq10
                0x00000000c0000498                irq11
                0x00000000c00004a2                irq12
                0x00000000c00004ac                irq13
                0x00000000c00004b6                irq14
                0x00000000c00004c0                irq15
                0x00000000c00004ca                irq16
                0x00000000c00004d4                irq17
                0x00000000c00004de                irq18
                0x00000000c00004e8                irq19
                0x00000000c00004f2                irq20
                0x00000000c00004fc                irq21
                0x00000000c0000506                irq22
                0x00000000c0000510                irq23
                0x00000000c000051a                int_common_stub
                0x00000000c000054a                syscall_common_stub
 .text          0x00000000c0000583      0x3da acpica/dsargs.32
                0x00000000c0000712                AcpiDsGetBufferFieldArguments
                0x00000000c0000771                AcpiDsGetBankFieldArguments
                0x00000000c00007d0                AcpiDsGetBufferArguments
                0x00000000c0000841                AcpiDsGetPackageArguments
                0x00000000c00008b2                AcpiDsGetRegionArguments
 .text          0x00000000c000095d      0x47a acpica/dscontrol.32
                0x00000000c000095f                AcpiDsExecBeginControlOp
                0x00000000c0000a8f                AcpiDsExecEndControlOp
 .text          0x00000000c0000dd7        0x2 acpica/dsdebug.32
                0x00000000c0000dd7                AcpiDsDumpMethodStack
 .text          0x00000000c0000dd9      0x9f6 acpica/dsfield.32
                0x00000000c0000dd9                AcpiDsCreateBufferField
                0x00000000c00012cf                AcpiDsCreateField
                0x00000000c00013d9                AcpiDsInitFieldObjects
                0x00000000c000157a                AcpiDsCreateBankField
                0x00000000c00016ae                AcpiDsCreateIndexField
 .text          0x00000000c00017cf      0x22d acpica/dsinit.32
                0x00000000c000194a                AcpiDsInitializeObjects
 .text          0x00000000c00019fc      0x9d7 acpica/dsmethod.32
                0x00000000c00019fc                AcpiDsAutoSerializeMethod
                0x00000000c0001b54                AcpiDsMethodError
                0x00000000c0001cb0                AcpiDsBeginMethodExecution
                0x00000000c0001f53                AcpiDsCallControlMethod
                0x00000000c0002150                AcpiDsRestartControlMethod
                0x00000000c00021ef                AcpiDsTerminateControlMethod
 .text          0x00000000c00023d3      0x743 acpica/dsmthdat.32
                0x00000000c00023d3                AcpiDsMethodDataInit
                0x00000000c00025bc                AcpiDsMethodDataDeleteAll
                0x00000000c0002689                AcpiDsMethodDataInitArgs
                0x00000000c0002700                AcpiDsMethodDataGetNode
                0x00000000c000283b                AcpiDsMethodDataGetValue
                0x00000000c00029ca                AcpiDsStoreObjectToLocal
 .text          0x00000000c0002b16      0x736 acpica/dsobject.32
                0x00000000c0002b16                AcpiDsBuildInternalObject
                0x00000000c0002cb8                AcpiDsBuildInternalBufferObj
                0x00000000c0002e21                AcpiDsCreateNode
                0x00000000c0002eb7                AcpiDsInitObjectFromOp
 .text          0x00000000c000324c      0xa93 acpica/dsopcode.32
                0x00000000c000324c                AcpiDsInitializeRegion
                0x00000000c000355f                AcpiDsEvalBufferFieldOperands
                0x00000000c00036d0                AcpiDsEvalRegionOperands
                0x00000000c0003875                AcpiDsEvalTableRegionOperands
                0x00000000c0003a2f                AcpiDsEvalDataObjectOperands
                0x00000000c0003be3                AcpiDsEvalBankFieldOperands
 .text          0x00000000c0003cdf      0x597 acpica/dspkginit.32
                0x00000000c0003cdf                AcpiDsBuildInternalPackageObj
                0x00000000c0004038                AcpiDsInitPackageElement
 .text          0x00000000c0004276      0x956 acpica/dsutils.32
                0x00000000c0004278                AcpiDsClearImplicitReturn
                0x00000000c00042bb                AcpiDsDoImplicitReturn
                0x00000000c000432b                AcpiDsIsResultUsed
                0x00000000c00044bd                AcpiDsDeleteResultIfNotUsed
                0x00000000c0004535                AcpiDsResolveOperands
                0x00000000c0004591                AcpiDsClearOperands
                0x00000000c00045e5                AcpiDsCreateOperand
                0x00000000c0004950                AcpiDsCreateOperands
                0x00000000c0004a40                AcpiDsEvaluateNamePath
 .text          0x00000000c0004bcc      0xa84 acpica/dswexec.32
                0x00000000c0004bd4                AcpiDsGetPredicateValue
                0x00000000c0004df0                AcpiDsExecBeginOp
                0x00000000c0004fed                AcpiDsExecEndOp
 .text          0x00000000c0005650      0x6f7 acpica/dswload.32
                0x00000000c0005650                AcpiDsInitCallbacks
                0x00000000c0005720                AcpiDsLoad1BeginOp
                0x00000000c0005a89                AcpiDsLoad1EndOp
 .text          0x00000000c0005d47      0x901 acpica/dswload2.32
                0x00000000c0005d47                AcpiDsLoad2BeginOp
                0x00000000c00061b6                AcpiDsLoad2EndOp
 .text          0x00000000c0006648      0x161 acpica/dswscope.32
                0x00000000c0006648                AcpiDsScopeStackClear
                0x00000000c0006688                AcpiDsScopeStackPush
                0x00000000c000674f                AcpiDsScopeStackPop
 .text          0x00000000c00067a9      0x8f5 acpica/dswstate.32
                0x00000000c00067a9                AcpiDsResultPop
                0x00000000c00068db                AcpiDsResultPush
                0x00000000c0006b3e                AcpiDsObjStackPush
                0x00000000c0006bbd                AcpiDsObjStackPop
                0x00000000c0006c3f                AcpiDsObjStackPopAndDelete
                0x00000000c0006cbe                AcpiDsGetCurrentWalkState
                0x00000000c0006cd6                AcpiDsPushWalkState
                0x00000000c0006cf0                AcpiDsPopWalkState
                0x00000000c0006d15                AcpiDsCreateWalkState
                0x00000000c0006daa                AcpiDsInitAmlWalk
                0x00000000c0006f76                AcpiDsDeleteWalkState
 .text          0x00000000c000709e      0x307 acpica/evevent.32
                0x00000000c000709e                AcpiEvInitializeEvents
                0x00000000c0007113                AcpiEvInstallXruptHandlers
                0x00000000c0007211                AcpiEvFixedEventDetect
 .text          0x00000000c00073a5      0x2d8 acpica/evglock.32
                0x00000000c00073a5                AcpiEvInitGlobalLockHandler
                0x00000000c0007431                AcpiEvRemoveGlobalLockHandler
                0x00000000c00074ea                AcpiEvAcquireGlobalLock
                0x00000000c00075f8                AcpiEvReleaseGlobalLock
 .text          0x00000000c000767d      0x960 acpica/evgpe.32
                0x00000000c000767d                AcpiEvUpdateGpeEnableMask
                0x00000000c00076eb                AcpiEvEnableGpe
                0x00000000c0007709                AcpiEvMaskGpe
                0x00000000c00077db                AcpiEvAddGpeReference
                0x00000000c000786e                AcpiEvRemoveGpeReference
                0x00000000c00078e9                AcpiEvLowGetGpeInfo
                0x00000000c000794a                AcpiEvGetGpeEventInfo
                0x00000000c00079d2                AcpiEvGpeDetect
                0x00000000c0007c8e                AcpiEvFinishGpe
                0x00000000c0007cde                AcpiEvDetectGpe
                0x00000000c0007e6b                AcpiEvGpeDispatch
 .text          0x00000000c0007fdd      0x726 acpica/evgpeblk.32
                0x00000000c00080a7                AcpiEvDeleteGpeBlock
                0x00000000c0008423                AcpiEvCreateGpeBlock
                0x00000000c0008598                AcpiEvInitializeGpeBlock
 .text          0x00000000c0008703      0x48d acpica/evgpeinit.32
                0x00000000c0008703                AcpiEvGpeInitialize
                0x00000000c0008905                AcpiEvUpdateGpes
                0x00000000c00089f9                AcpiEvMatchGpeMethod
 .text          0x00000000c0008b90      0x407 acpica/evgpeutil.32
                0x00000000c0008b90                AcpiEvWalkGpeList
                0x00000000c0008c2f                AcpiEvGetGpeDevice
                0x00000000c0008c90                AcpiEvGetGpeXruptBlock
                0x00000000c0008dbf                AcpiEvDeleteGpeXrupt
                0x00000000c0008e89                AcpiEvDeleteGpeHandlers
 .text          0x00000000c0008f97      0x4a5 acpica/evhandler.32
                0x00000000c0008f97                AcpiEvInstallRegionHandlers
                0x00000000c0009021                AcpiEvHasDefaultHandler
                0x00000000c0009183                AcpiEvFindRegionHandler
                0x00000000c00091b7                AcpiEvInstallSpaceHandler
 .text          0x00000000c000943c      0x32c acpica/evmisc.32
                0x00000000c000943c                AcpiEvIsNotifyObject
                0x00000000c0009462                AcpiEvQueueNotifyRequest
                0x00000000c0009619                AcpiEvTerminate
 .text          0x00000000c0009768      0x9c7 acpica/evregion.32
                0x00000000c0009768                AcpiEvInitializeOpRegions
                0x00000000c00097f1                AcpiEvAddressSpaceDispatch
                0x00000000c0009af2                AcpiEvDetachRegion
                0x00000000c0009cf4                AcpiEvAttachRegion
                0x00000000c0009d44                AcpiEvExecuteRegMethod
                0x00000000c0009f2b                AcpiEvExecuteRegMethods
 .text          0x00000000c000a12f      0x535 acpica/evrgnini.32
                0x00000000c000a12f                AcpiEvSystemMemoryRegionSetup
                0x00000000c000a1dc                AcpiEvIoSpaceRegionSetup
                0x00000000c000a1ff                AcpiEvPciConfigRegionSetup
                0x00000000c000a460                AcpiEvIsPciRootBridge
                0x00000000c000a52b                AcpiEvPciBarRegionSetup
                0x00000000c000a531                AcpiEvCmosRegionSetup
                0x00000000c000a537                AcpiEvDefaultRegionSetup
                0x00000000c000a55a                AcpiEvInitializeRegion
 .text          0x00000000c000a664      0x1a4 acpica/evsci.32
                0x00000000c000a664                AcpiEvSciDispatch
                0x00000000c000a720                AcpiEvGpeXruptHandler
                0x00000000c000a749                AcpiEvInstallSciHandler
                0x00000000c000a77f                AcpiEvRemoveAllSciHandlers
 .text          0x00000000c000a808      0xcf1 acpica/evxface.32
                0x00000000c000a808                AcpiInstallNotifyHandler
                0x00000000c000aa63                AcpiRemoveNotifyHandler
                0x00000000c000ac87                AcpiInstallExceptionHandler
                0x00000000c000acd4                AcpiInstallSciHandler
                0x00000000c000adc2                AcpiRemoveSciHandler
                0x00000000c000aea7                AcpiInstallGlobalEventHandler
                0x00000000c000af09                AcpiInstallFixedEventHandler
                0x00000000c000afe4                AcpiRemoveFixedEventHandler
                0x00000000c000b27c                AcpiInstallGpeHandler
                0x00000000c000b2a6                AcpiInstallGpeRawHandler
                0x00000000c000b2d0                AcpiRemoveGpeHandler
                0x00000000c000b460                AcpiAcquireGlobalLock
                0x00000000c000b4bf                AcpiReleaseGlobalLock
 .text          0x00000000c000b4f9      0x38d acpica/evxfevnt.32
                0x00000000c000b4f9                AcpiEnable
                0x00000000c000b56b                AcpiDisable
                0x00000000c000b5cc                AcpiEnableEvent
                0x00000000c000b69a                AcpiDisableEvent
                0x00000000c000b767                AcpiClearEvent
                0x00000000c000b7bc                AcpiGetEventStatus
 .text          0x00000000c000b886      0xa22 acpica/evxfgpe.32
                0x00000000c000b886                AcpiUpdateAllGpes
                0x00000000c000b911                AcpiEnableGpe
                0x00000000c000b991                AcpiDisableGpe
                0x00000000c000b9f6                AcpiSetGpe
                0x00000000c000baa1                AcpiMaskGpe
                0x00000000c000bb13                AcpiMarkGpeForWake
                0x00000000c000bb7f                AcpiSetupGpeForWake
                0x00000000c000bd05                AcpiSetGpeWakeMask
                0x00000000c000be0f                AcpiClearGpe
                0x00000000c000be7d                AcpiGetGpeStatus
                0x00000000c000beee                AcpiDispatchGpe
                0x00000000c000bf09                AcpiFinishGpe
                0x00000000c000bf70                AcpiDisableAllGpes
                0x00000000c000bfab                AcpiEnableAllRuntimeGpes
                0x00000000c000bfe6                AcpiEnableAllWakeupGpes
                0x00000000c000c021                AcpiInstallGpeBlock
                0x00000000c000c171                AcpiRemoveGpeBlock
                0x00000000c000c23a                AcpiGetGpeDevice
 .text          0x00000000c000c2a8      0x1f7 acpica/evxfregn.32
                0x00000000c000c2a8                AcpiInstallAddressSpaceHandler
                0x00000000c000c34e                AcpiRemoveAddressSpaceHandler
 .text          0x00000000c000c49f      0x4fd acpica/exconcat.32
                0x00000000c000c49f                AcpiExDoConcatenate
                0x00000000c000c89a                AcpiExConcatTemplate
 .text          0x00000000c000c99c      0x62b acpica/exconfig.32
                0x00000000c000c9fb                AcpiExLoadTableOp
                0x00000000c000cc80                AcpiExLoadOp
                0x00000000c000cf10                AcpiExUnloadTable
 .text          0x00000000c000cfc7      0x74e acpica/exconvrt.32
                0x00000000c000cfc7                AcpiExConvertToInteger
                0x00000000c000d126                AcpiExConvertToBuffer
                0x00000000c000d384                AcpiExConvertToString
                0x00000000c000d5ce                AcpiExConvertToTargetType
 .text          0x00000000c000d715      0x52a acpica/excreate.32
                0x00000000c000d715                AcpiExCreateAlias
                0x00000000c000d797                AcpiExCreateEvent
                0x00000000c000d81a                AcpiExCreateMutex
                0x00000000c000d8c7                AcpiExCreateRegion
                0x00000000c000da27                AcpiExCreateProcessor
                0x00000000c000dad0                AcpiExCreatePowerResource
                0x00000000c000db64                AcpiExCreateMethod
 .text          0x00000000c000dc3f      0x557 acpica/exdebug.32
                0x00000000c000dc3f                AcpiExDoDebugObject
 .text          0x00000000c000e196        0x0 acpica/exdump.32
 .text          0x00000000c000e196      0x4d5 acpica/exfield.32
                0x00000000c000e196                AcpiExGetProtocolBufferLength
                0x00000000c000e1ea                AcpiExReadDataFromField
                0x00000000c000e411                AcpiExWriteDataToField
 .text          0x00000000c000e66b      0xed6 acpica/exfldio.32
                0x00000000c000e8ae                AcpiExAccessRegion
                0x00000000c000ec96                AcpiExWriteWithUpdateRule
                0x00000000c000ee88                AcpiExExtractFromField
                0x00000000c000f1c0                AcpiExInsertIntoField
 .text          0x00000000c000f541      0x664 acpica/exmisc.32
                0x00000000c000f541                AcpiExGetObjectReference
                0x00000000c000f63c                AcpiExDoMathOp
                0x00000000c000f80d                AcpiExDoLogicalNumericOp
                0x00000000c000f911                AcpiExDoLogicalOp
 .text          0x00000000c000fba5      0x5d0 acpica/exmutex.32
                0x00000000c000fba5                AcpiExUnlinkMutex
                0x00000000c000fc4b                AcpiExAcquireMutexObject
                0x00000000c000fd20                AcpiExAcquireMutex
                0x00000000c000fe67                AcpiExReleaseMutexObject
                0x00000000c000ff06                AcpiExReleaseMutex
                0x00000000c00100e3                AcpiExReleaseAllMutexes
 .text          0x00000000c0010175      0x457 acpica/exnames.32
                0x00000000c001034d                AcpiExGetNameString
 .text          0x00000000c00105cc     0x1142 acpica/exoparg1.32
                0x00000000c00105cc                AcpiExOpcode_0A_0T_1R
                0x00000000c0010682                AcpiExOpcode_1A_0T_0R
                0x00000000c0010784                AcpiExOpcode_1A_1T_0R
                0x00000000c00107fe                AcpiExOpcode_1A_1T_1R
                0x00000000c0010fce                AcpiExOpcode_1A_0T_1R
 .text          0x00000000c001170e      0x8df acpica/exoparg2.32
                0x00000000c001170e                AcpiExOpcode_2A_0T_0R
                0x00000000c00117df                AcpiExOpcode_2A_2T_1R
                0x00000000c001195f                AcpiExOpcode_2A_1T_1R
                0x00000000c0011e0c                AcpiExOpcode_2A_0T_1R
 .text          0x00000000c0011fed      0x33c acpica/exoparg3.32
                0x00000000c0011fed                AcpiExOpcode_3A_0T_0R
                0x00000000c00120ec                AcpiExOpcode_3A_1T_1R
 .text          0x00000000c0012329      0x36c acpica/exoparg6.32
                0x00000000c0012436                AcpiExOpcode_6A_0T_1R
 .text          0x00000000c0012695      0x53f acpica/exprep.32
                0x00000000c001274f                AcpiExPrepCommonFieldObject
                0x00000000c00127e7                AcpiExPrepFieldValue
 .text          0x00000000c0012bd4      0x4b7 acpica/exregion.32
                0x00000000c0012bd4                AcpiExSystemMemorySpaceHandler
                0x00000000c0012ed9                AcpiExSystemIoSpaceHandler
                0x00000000c0012f56                AcpiExPciConfigSpaceHandler
                0x00000000c0012fe7                AcpiExCmosSpaceHandler
                0x00000000c0013005                AcpiExPciBarSpaceHandler
                0x00000000c0013023                AcpiExDataTableSpaceHandler
 .text          0x00000000c001308b      0x360 acpica/exresnte.32
                0x00000000c001308b                AcpiExResolveNodeToValue
 .text          0x00000000c00133eb      0x61b acpica/exresolv.32
                0x00000000c00133eb                AcpiExResolveToValue
                0x00000000c00136ec                AcpiExResolveMultiple
 .text          0x00000000c0013a06      0x7cc acpica/exresop.32
                0x00000000c0013a93                AcpiExResolveOperands
 .text          0x00000000c00141d2      0x3a2 acpica/exserial.32
                0x00000000c00141d2                AcpiExReadGpio
                0x00000000c001421c                AcpiExWriteGpio
                0x00000000c0014280                AcpiExReadSerialBus
                0x00000000c00143d8                AcpiExWriteSerialBus
 .text          0x00000000c0014574      0x588 acpica/exstore.32
                0x00000000c0014574                AcpiExStore
                0x00000000c00148b1                AcpiExStoreObjectToNode
 .text          0x00000000c0014afc      0x296 acpica/exstoren.32
                0x00000000c0014afc                AcpiExResolveObject
                0x00000000c0014c1a                AcpiExStoreObjectToObject
 .text          0x00000000c0014d92      0x202 acpica/exstorob.32
                0x00000000c0014d92                AcpiExStoreBufferToBuffer
                0x00000000c0014e89                AcpiExStoreStringToString
 .text          0x00000000c0014f94      0x206 acpica/exsystem.32
                0x00000000c0014f94                AcpiExSystemWaitSemaphore
                0x00000000c0014fee                AcpiExSystemWaitMutex
                0x00000000c0015048                AcpiExSystemDoStall
                0x00000000c0015094                AcpiExSystemDoSleep
                0x00000000c00150e8                AcpiExSystemSignalEvent
                0x00000000c0015117                AcpiExSystemWaitEvent
                0x00000000c0015151                AcpiExSystemResetEvent
 .text          0x00000000c001519a      0x1ec acpica/extrace.32
                0x00000000c0015205                AcpiExTracePoint
                0x00000000c0015214                AcpiExStartTraceMethod
                0x00000000c00152cb                AcpiExStopTraceMethod
                0x00000000c0015356                AcpiExStartTraceOpcode
                0x00000000c001536e                AcpiExStopTraceOpcode
 .text          0x00000000c0015386      0x525 acpica/exutils.32
                0x00000000c0015386                AcpiExEnterInterpreter
                0x00000000c00153f0                AcpiExExitInterpreter
                0x00000000c001545a                AcpiExTruncateFor32bitTable
                0x00000000c00154c0                AcpiExAcquireGlobalLock
                0x00000000c0015517                AcpiExReleaseGlobalLock
                0x00000000c00155ef                AcpiExEisaIdToString
                0x00000000c0015710                AcpiExIntegerToString
                0x00000000c0015789                AcpiExPciClsToString
                0x00000000c001587e                AcpiIsValidSpaceId
 .text          0x00000000c00158ab      0x1ae acpica/hwacpi.32
                0x00000000c00158ab                AcpiHwSetMode
                0x00000000c00159fd                AcpiHwGetMode
 .text          0x00000000c0015a59      0x284 acpica/hwesleep.32
                0x00000000c0015a59                AcpiHwExecuteSleepMethod
                0x00000000c0015ac7                AcpiHwExtendedSleep
                0x00000000c0015c06                AcpiHwExtendedWakePrep
                0x00000000c0015c6c                AcpiHwExtendedWake
 .text          0x00000000c0015cdd      0x55c acpica/hwgpe.32
                0x00000000c0015cdd                AcpiHwGetGpeRegisterBit
                0x00000000c0015d07                AcpiHwLowSetGpe
                0x00000000c0015e3e                AcpiHwClearGpe
                0x00000000c0015e8c                AcpiHwGetGpeStatus
                0x00000000c001602f                AcpiHwDisableGpeBlock
                0x00000000c001608b                AcpiHwClearGpeBlock
                0x00000000c00160ec                AcpiHwEnableRuntimeGpeBlock
                0x00000000c00161d9                AcpiHwDisableAllGpes
                0x00000000c00161f9                AcpiHwEnableAllRuntimeGpes
                0x00000000c0016219                AcpiHwEnableAllWakeupGpes
 .text          0x00000000c0016239      0x338 acpica/hwpci.32
                0x00000000c0016239                AcpiHwDerivePciId
 .text          0x00000000c0016571      0xbfa acpica/hwregs.32
                0x00000000c001678e                AcpiHwValidateRegister
                0x00000000c00168cf                AcpiHwRead
                0x00000000c0016ac5                AcpiHwWrite
                0x00000000c0016c75                AcpiHwClearAcpiStatus
                0x00000000c0016ce2                AcpiHwGetBitRegisterInfo
                0x00000000c0016d1c                AcpiHwWritePm1Control
                0x00000000c0016d94                AcpiHwRegisterRead
                0x00000000c0016ed1                AcpiHwRegisterWrite
 .text          0x00000000c001716b      0x3b7 acpica/hwsleep.32
                0x00000000c001716b                AcpiHwLegacySleep
                0x00000000c0017388                AcpiHwLegacyWakePrep
                0x00000000c0017469                AcpiHwLegacyWake
 .text          0x00000000c0017522      0x198 acpica/hwtimer.32
                0x00000000c0017522                AcpiGetTimerResolution
                0x00000000c001755b                AcpiGetTimer
                0x00000000c00175c9                AcpiGetTimerDuration
 .text          0x00000000c00176ba      0x331 acpica/hwvalid.32
                0x00000000c0017823                AcpiHwReadPort
                0x00000000c0017915                AcpiHwWritePort
 .text          0x00000000c00179eb      0x47c acpica/hwxface.32
                0x00000000c00179eb                AcpiReset
                0x00000000c0017a83                AcpiRead
                0x00000000c0017aa2                AcpiWrite
                0x00000000c0017ad0                AcpiReadBitRegister
                0x00000000c0017b4a                AcpiWriteBitRegister
                0x00000000c0017c6a                AcpiGetSleepTypeData
 .text          0x00000000c0017e67      0x36c acpica/hwxfsleep.32
                0x00000000c0017ecc                AcpiSetFirmwareWakingVector
                0x00000000c0017f17                AcpiEnterSleepStateS4bios
                0x00000000c0018042                AcpiEnterSleepStatePrep
                0x00000000c001811c                AcpiEnterSleepState
                0x00000000c0018187                AcpiLeaveSleepStatePrep
                0x00000000c00181ad                AcpiLeaveSleepState
 .text          0x00000000c00181d3      0x7cd acpica/nsaccess.32
                0x00000000c00181d3                AcpiNsRootInitialize
                0x00000000c001854a                AcpiNsLookup
 .text          0x00000000c00189a0      0x44a acpica/nsalloc.32
                0x00000000c00189a0                AcpiNsCreateNode
                0x00000000c00189dc                AcpiNsDeleteNode
                0x00000000c0018a78                AcpiNsRemoveNode
                0x00000000c0018ae1                AcpiNsInstallNode
                0x00000000c0018b95                AcpiNsDeleteChildren
                0x00000000c0018c09                AcpiNsDeleteNamespaceSubtree
                0x00000000c0018cbf                AcpiNsDeleteNamespaceByOwner
 .text          0x00000000c0018dea      0x3ca acpica/nsarguments.32
                0x00000000c0018dea                AcpiNsCheckArgumentTypes
                0x00000000c0018ef2                AcpiNsCheckAcpiCompliance
                0x00000000c0019045                AcpiNsCheckArgumentCount
 .text          0x00000000c00191b4      0x5e2 acpica/nsconvert.32
                0x00000000c00191b4                AcpiNsConvertToInteger
                0x00000000c00192cb                AcpiNsConvertToString
                0x00000000c00193ce                AcpiNsConvertToBuffer
                0x00000000c0019527                AcpiNsConvertToUnicode
                0x00000000c00195eb                AcpiNsConvertToResource
                0x00000000c001969f                AcpiNsConvertToReference
 .text          0x00000000c0019796        0x0 acpica/nsdump.32
 .text          0x00000000c0019796        0x0 acpica/nsdumpdv.32
 .text          0x00000000c0019796      0x38e acpica/nseval.32
                0x00000000c0019796                AcpiNsEvaluate
 .text          0x00000000c0019b24      0x6b7 acpica/nsinit.32
                0x00000000c0019b24                AcpiNsInitializeObjects
                0x00000000c0019b85                AcpiNsInitializeDevices
                0x00000000c0019d4f                AcpiNsInitOnePackage
 .text          0x00000000c001a1db       0xdb acpica/nsload.32
                0x00000000c001a1db                AcpiNsLoadTable
 .text          0x00000000c001a2b6      0x592 acpica/nsnames.32
                0x00000000c001a2b6                AcpiNsGetExternalPathname
                0x00000000c001a2d4                AcpiNsGetPathnameLength
                0x00000000c001a32b                AcpiNsHandleToName
                0x00000000c001a39e                AcpiNsHandleToPathname
                0x00000000c001a42c                AcpiNsBuildNormalizedPath
                0x00000000c001a585                AcpiNsGetNormalizedPathname
                0x00000000c001a608                AcpiNsBuildPrefixedPathname
 .text          0x00000000c001a848      0x45a acpica/nsobject.32
                0x00000000c001a848                AcpiNsAttachObject
                0x00000000c001a9b6                AcpiNsDetachObject
                0x00000000c001aaa2                AcpiNsGetAttachedObject
                0x00000000c001ab0a                AcpiNsGetSecondaryObject
                0x00000000c001ab40                AcpiNsAttachData
                0x00000000c001abde                AcpiNsDetachData
                0x00000000c001ac56                AcpiNsGetAttachedData
 .text          0x00000000c001aca2      0x359 acpica/nsparse.32
                0x00000000c001aca2                AcpiNsExecuteTable
                0x00000000c001ae4c                AcpiNsOneCompleteParse
                0x00000000c001afdc                AcpiNsParseTable
 .text          0x00000000c001affb      0x3b5 acpica/nspredef.32
                0x00000000c001affb                AcpiNsCheckReturnValue
                0x00000000c001b112                AcpiNsCheckObjectType
 .text          0x00000000c001b3b0      0x9d3 acpica/nsprepkg.32
                0x00000000c001b3b0                AcpiNsCheckPackage
 .text          0x00000000c001bd83      0x481 acpica/nsrepair.32
                0x00000000c001bd83                AcpiNsSimpleRepair
                0x00000000c001c069                AcpiNsRepairNullElement
                0x00000000c001c122                AcpiNsRemoveNullElements
                0x00000000c001c1b6                AcpiNsWrapWithPackage
 .text          0x00000000c001c204      0x9fb acpica/nsrepair2.32
                0x00000000c001c204                AcpiNsComplexRepairs
 .text          0x00000000c001cbff      0x27a acpica/nssearch.32
                0x00000000c001cbff                AcpiNsSearchOneScope
                0x00000000c001ccc7                AcpiNsSearchAndEnter
 .text          0x00000000c001ce79      0x819 acpica/nsutils.32
                0x00000000c001ce79                AcpiNsPrintNodePathname
                0x00000000c001cef9                AcpiNsGetType
                0x00000000c001cf31                AcpiNsLocal
                0x00000000c001cf7f                AcpiNsGetInternalNameLength
                0x00000000c001d058                AcpiNsBuildInternalName
                0x00000000c001d1ff                AcpiNsInternalizeName
                0x00000000c001d292                AcpiNsExternalizeName
                0x00000000c001d4d6                AcpiNsValidateHandle
                0x00000000c001d502                AcpiNsTerminate
                0x00000000c001d553                AcpiNsOpensScope
                0x00000000c001d592                AcpiNsGetNodeUnlocked
                0x00000000c001d648                AcpiNsGetNode
 .text          0x00000000c001d692      0x264 acpica/nswalk.32
                0x00000000c001d692                AcpiNsGetNextNode
                0x00000000c001d6ab                AcpiNsGetNextNodeTyped
                0x00000000c001d700                AcpiNsWalkNamespace
 .text          0x00000000c001d8f6      0x94e acpica/nsxfeval.32
                0x00000000c001d8f6                AcpiEvaluateObjectTyped
                0x00000000c001da6e                AcpiEvaluateObject
                0x00000000c001ddbd                AcpiWalkNamespace
                0x00000000c001e051                AcpiGetDevices
                0x00000000c001e0c4                AcpiAttachData
                0x00000000c001e147                AcpiDetachData
                0x00000000c001e1c1                AcpiGetData
 .text          0x00000000c001e244      0x7f2 acpica/nsxfname.32
                0x00000000c001e244                AcpiGetHandle
                0x00000000c001e2fb                AcpiGetName
                0x00000000c001e3db                AcpiGetObjectInfo
                0x00000000c001e7f2                AcpiInstallMethod
 .text          0x00000000c001ea36      0x1f1 acpica/nsxfobj.32
                0x00000000c001ea36                AcpiGetType
                0x00000000c001eac8                AcpiGetParent
                0x00000000c001eb56                AcpiGetNextObject
 .text          0x00000000c001ec27      0xb9c acpica/psargs.32
                0x00000000c001eca2                AcpiPsGetNextPackageEnd
                0x00000000c001ecc9                AcpiPsGetNextNamestring
                0x00000000c001ed4f                AcpiPsGetNextNamepath
                0x00000000c001ef91                AcpiPsGetNextSimpleArg
                0x00000000c001f4a3                AcpiPsGetNextArg
 .text          0x00000000c001f7c3      0x8ef acpica/psloop.32
                0x00000000c001f9e6                AcpiPsParseLoop
 .text          0x00000000c00200b2      0xb0d acpica/psobject.32
                0x00000000c00201f7                AcpiPsBuildNamedOp
                0x00000000c00203b9                AcpiPsCreateOp
                0x00000000c0020618                AcpiPsCompleteOp
                0x00000000c0020a30                AcpiPsCompleteFinalOp
 .text          0x00000000c0020bbf        0x0 acpica/psopcode.32
 .text          0x00000000c0020bbf       0x97 acpica/psopinfo.32
                0x00000000c0020bbf                AcpiPsGetOpcodeInfo
                0x00000000c0020c29                AcpiPsGetOpcodeName
                0x00000000c0020c3d                AcpiPsGetArgumentCount
 .text          0x00000000c0020c56      0x936 acpica/psparse.32
                0x00000000c0020c56                AcpiPsGetOpcodeSize
                0x00000000c0020c70                AcpiPsPeekOpcode
                0x00000000c0020cb2                AcpiPsCompleteThisOp
                0x00000000c0020fc8                AcpiPsNextParseState
                0x00000000c0021120                AcpiPsParseAml
 .text          0x00000000c002158c      0x1f4 acpica/psscope.32
                0x00000000c002158c                AcpiPsGetParentScope
                0x00000000c002159a                AcpiPsHasCompletedScope
                0x00000000c00215ce                AcpiPsInitScope
                0x00000000c0021634                AcpiPsPushScope
                0x00000000c00216b7                AcpiPsPopScope
                0x00000000c002173f                AcpiPsCleanupScope
 .text          0x00000000c0021780      0x218 acpica/pstree.32
                0x00000000c0021780                AcpiPsGetArg
                0x00000000c00217f8                AcpiPsAppendArg
                0x00000000c00218ce                AcpiPsGetDepthNext
 .text          0x00000000c0021998      0x1cc acpica/psutils.32
                0x00000000c0021998                AcpiPsCreateScopeOp
                0x00000000c00219cd                AcpiPsInitOp
                0x00000000c00219ee                AcpiPsAllocOp
                0x00000000c0021ab8                AcpiPsFreeOp
                0x00000000c0021afb                AcpiPsIsLeadingChar
                0x00000000c0021b21                AcpiPsGetName
                0x00000000c0021b43                AcpiPsSetName
 .text          0x00000000c0021b64       0x99 acpica/pswalk.32
                0x00000000c0021b64                AcpiPsDeleteParseTree
 .text          0x00000000c0021bfd      0x4a2 acpica/psxface.32
                0x00000000c0021bfd                AcpiDebugTrace
                0x00000000c0021c57                AcpiPsExecuteMethod
                0x00000000c0021ec4                AcpiPsExecuteTable
 .text          0x00000000c002209f       0xf7 acpica/rsaddr.32
                0x00000000c002209f                AcpiRsGetAddressCommon
                0x00000000c0022127                AcpiRsSetAddressCommon
 .text          0x00000000c0022196      0x7f5 acpica/rscalc.32
                0x00000000c002220c                AcpiRsGetAmlLength
                0x00000000c00224c6                AcpiRsGetListLength
                0x00000000c0022862                AcpiRsGetPciRoutingTableLength
 .text          0x00000000c002298b      0x567 acpica/rscreate.32
                0x00000000c002298b                AcpiBufferToResource
                0x00000000c0022a46                AcpiRsCreateResourceList
                0x00000000c0022ae2                AcpiRsCreatePciRoutingTable
                0x00000000c0022e69                AcpiRsCreateAmlResources
 .text          0x00000000c0022ef2        0x0 acpica/rsdump.32
 .text          0x00000000c0022ef2        0x0 acpica/rsdumpinfo.32
 .text          0x00000000c0022ef2        0x0 acpica/rsinfo.32
 .text          0x00000000c0022ef2        0x0 acpica/rsio.32
 .text          0x00000000c0022ef2        0x0 acpica/rsirq.32
 .text          0x00000000c0022ef2      0x2a0 acpica/rslist.32
                0x00000000c0022ef2                AcpiRsConvertAmlToResources
                0x00000000c0023006                AcpiRsConvertResourcesToAml
 .text          0x00000000c0023192        0x0 acpica/rsmemory.32
 .text          0x00000000c0023192      0xd8c acpica/rsmisc.32
                0x00000000c0023192                AcpiRsConvertAmlToResource
                0x00000000c002391d                AcpiRsConvertResourceToAml
 .text          0x00000000c0023f1e        0x0 acpica/rsserial.32
 .text          0x00000000c0023f1e      0x61c acpica/rsutils.32
                0x00000000c0023f1e                AcpiRsDecodeBitmask
                0x00000000c0023f6c                AcpiRsEncodeBitmask
                0x00000000c0023fbd                AcpiRsMoveData
                0x00000000c0024095                AcpiRsSetResourceLength
                0x00000000c00240ed                AcpiRsSetResourceHeader
                0x00000000c0024164                AcpiRsGetResourceSource
                0x00000000c002423d                AcpiRsSetResourceSource
                0x00000000c00242a2                AcpiRsGetPrtMethodData
                0x00000000c00242f5                AcpiRsGetCrsMethodData
                0x00000000c0024348                AcpiRsGetPrsMethodData
                0x00000000c002439b                AcpiRsGetAeiMethodData
                0x00000000c00243ee                AcpiRsGetMethodData
                0x00000000c002443f                AcpiRsSetSrsMethodData
 .text          0x00000000c002453a      0x698 acpica/rsxface.32
                0x00000000c00245a7                AcpiGetIrqRoutingTable
                0x00000000c00245ea                AcpiGetCurrentResources
                0x00000000c002462d                AcpiGetPossibleResources
                0x00000000c0024670                AcpiSetCurrentResources
                0x00000000c00246d3                AcpiGetEventResources
                0x00000000c0024716                AcpiResourceToAddress64
                0x00000000c0024937                AcpiGetVendorResource
                0x00000000c0024a5f                AcpiWalkResourceBuffer
                0x00000000c0024b1d                AcpiWalkResources
 .text          0x00000000c0024bd2      0xd8f acpica/tbdata.32
                0x00000000c0024c7f                AcpiTbInitTableDescriptor
                0x00000000c0024cde                AcpiTbAcquireTable
                0x00000000c0024d66                AcpiTbReleaseTable
                0x00000000c0024d95                AcpiTbAcquireTempTable
                0x00000000c0024e5c                AcpiTbReleaseTempTable
                0x00000000c0024e73                AcpiTbValidateTable
                0x00000000c0024ec3                AcpiTbInvalidateTable
                0x00000000c0024f06                AcpiTbValidateTempTable
                0x00000000c0024feb                AcpiTbVerifyTempTable
                0x00000000c00251b1                AcpiTbResizeRootTableList
                0x00000000c0025363                AcpiTbGetNextTableDescriptor
                0x00000000c00253e0                AcpiTbTerminate
                0x00000000c0025480                AcpiTbDeleteNamespaceByOwner
                0x00000000c0025539                AcpiTbAllocateOwnerId
                0x00000000c00255a1                AcpiTbReleaseOwnerId
                0x00000000c002560d                AcpiTbGetOwnerId
                0x00000000c0025673                AcpiTbIsTableLoaded
                0x00000000c00256d7                AcpiTbSetTableLoadedFlag
                0x00000000c00257a3                AcpiTbLoadTable
                0x00000000c002582c                AcpiTbInstallAndLoadTable
                0x00000000c00258a1                AcpiTbUnloadTable
                0x00000000c0025935                AcpiTbNotifyTable
 .text          0x00000000c0025961      0x8f3 acpica/tbfadt.32
                0x00000000c0025ac5                AcpiTbParseFadt
                0x00000000c0025bf3                AcpiTbCreateLocalFadt
 .text          0x00000000c0026254      0x27a acpica/tbfind.32
                0x00000000c0026254                AcpiTbFindTable
 .text          0x00000000c00264ce      0x47b acpica/tbinstal.32
                0x00000000c00264ce                AcpiTbInstallTableWithOverride
                0x00000000c00265ae                AcpiTbInstallStandardTable
                0x00000000c0026756                AcpiTbOverrideTable
                0x00000000c00268dc                AcpiTbUninstallTable
 .text          0x00000000c0026949      0x2b1 acpica/tbprint.32
                0x00000000c00269ed                AcpiTbPrintTableHeader
                0x00000000c0026b45                AcpiTbVerifyChecksum
                0x00000000c0026bc8                AcpiTbChecksum
 .text          0x00000000c0026bfa      0x609 acpica/tbutils.32
                0x00000000c0026bfa                AcpiTbInitializeFacs
                0x00000000c0026c9e                AcpiTbCheckDsdtHeader
                0x00000000c0026d28                AcpiTbCopyDsdt
                0x00000000c0026e8d                AcpiTbParseRootTable
                0x00000000c002711f                AcpiTbGetTable
                0x00000000c002719e                AcpiTbPutTable
 .text          0x00000000c0027203      0x62b acpica/tbxface.32
                0x00000000c0027203                AcpiAllocateRootTable
                0x00000000c002721f                AcpiInitializeTables
                0x00000000c00272e9                AcpiReallocateRootTable
                0x00000000c0027433                AcpiGetTableHeader
                0x00000000c00275b3                AcpiGetTable
                0x00000000c0027674                AcpiPutTable
                0x00000000c00276f6                AcpiGetTableByIndex
                0x00000000c0027776                AcpiInstallTableHandler
                0x00000000c00277d8                AcpiRemoveTableHandler
 .text          0x00000000c002782e      0x519 acpica/tbxfload.32
                0x00000000c002782e                AcpiLoadTables
                0x00000000c00278b3                AcpiTbLoadNamespace
                0x00000000c0027b55                AcpiInstallTable
                0x00000000c0027ba5                AcpiLoadTable
                0x00000000c0027c06                AcpiUnloadParentTable
                0x00000000c0027d1e                AcpiUnloadTable
 .text          0x00000000c0027d47      0x2e0 acpica/tbxfroot.32
                0x00000000c0027d47                AcpiTbGetRsdpLength
                0x00000000c0027d87                AcpiTbValidateRsdp
                0x00000000c0027df5                AcpiFindRootPointer
                0x00000000c0027fdf                AcpiTbScanMemoryForRsdp
 .text          0x00000000c0028027      0x31c acpica/utaddress.32
                0x00000000c0028027                AcpiUtAddAddressRange
                0x00000000c00280d1                AcpiUtRemoveAddressRange
                0x00000000c0028158                AcpiUtCheckAddressRange
                0x00000000c00282e9                AcpiUtDeleteAddressLists
 .text          0x00000000c0028343      0x28d acpica/utalloc.32
                0x00000000c0028343                AcpiOsAllocateZeroed
                0x00000000c0028378                AcpiUtCreateCaches
                0x00000000c002843c                AcpiUtDeleteCaches
                0x00000000c00284d0                AcpiUtValidateBuffer
                0x00000000c002851c                AcpiUtInitializeBuffer
 .text          0x00000000c00285d0       0xee acpica/utascii.32
                0x00000000c00285d0                AcpiUtValidNameseg
                0x00000000c0028613                AcpiUtValidNameChar
                0x00000000c0028655                AcpiUtCheckAndRepairAscii
 .text          0x00000000c00286be      0x2b9 acpica/utbuffer.32
                0x00000000c00286be                AcpiUtDumpBuffer
                0x00000000c002893f                AcpiUtDebugDumpBuffer
 .text          0x00000000c0028977      0x2d4 acpica/utcache.32
                0x00000000c0028977                AcpiOsCreateCache
                0x00000000c00289ff                AcpiOsPurgeCache
                0x00000000c0028a7f                AcpiOsDeleteCache
                0x00000000c0028ab6                AcpiOsReleaseObject
                0x00000000c0028b69                AcpiOsAcquireObject
 .text          0x00000000c0028c4b      0x6ff acpica/utclib.32
                0x00000000c0028c4b                memcmp
                0x00000000c0028ca3                memmove
                0x00000000c0028d10                memcpy
                0x00000000c0028d87                memset
                0x00000000c0028db0                strlen
                0x00000000c0028dd3                strpbrk
                0x00000000c0028e15                strtok
                0x00000000c0028ea3                strcpy
                0x00000000c0028ed5                strncpy
                0x00000000c0028f29                strcmp
                0x00000000c0028f6b                strchr
                0x00000000c0028f94                strncmp
                0x00000000c0028ff0                strcat
                0x00000000c0029031                strncat
                0x00000000c002908d                strstr
                0x00000000c00290e0                simple_strtoul
                0x00000000c00292fe                toupper
                0x00000000c0029324                tolower
 .text          0x00000000c002934a      0xaf8 acpica/utcopy.32
                0x00000000c00296a7                AcpiUtCopyIobjectToEobject
                0x00000000c00299b9                AcpiUtCopyEobjectToIobject
                0x00000000c0029da7                AcpiUtCopyIobjectToIobject
 .text          0x00000000c0029e42        0x0 acpica/utdebug.32
 .text          0x00000000c0029e42      0x1db acpica/utdecode.32
                0x00000000c0029e42                AcpiUtGetRegionName
                0x00000000c0029e90                AcpiUtGetEventName
                0x00000000c0029eac                AcpiUtGetTypeName
                0x00000000c0029ec8                AcpiUtGetObjectTypeName
                0x00000000c0029f0d                AcpiUtGetNodeName
                0x00000000c0029f68                AcpiUtGetDescriptorName
                0x00000000c0029f9b                AcpiUtGetReferenceName
                0x00000000c0029ff0                AcpiUtGetMutexName
                0x00000000c002a00c                AcpiUtValidObjectType
 .text          0x00000000c002a01d      0x83c acpica/utdelete.32
                0x00000000c002a39b                AcpiUtDeleteInternalObjectList
                0x00000000c002a54d                AcpiUtUpdateObjectReference
                0x00000000c002a7e4                AcpiUtAddReference
                0x00000000c002a815                AcpiUtRemoveReference
 .text          0x00000000c002a859      0x28c acpica/uterror.32
                0x00000000c002a859                AcpiUtPredefinedWarning
                0x00000000c002a8b9                AcpiUtPredefinedInfo
                0x00000000c002a919                AcpiUtPredefinedBiosError
                0x00000000c002a979                AcpiUtPrefixedNamespaceError
                0x00000000c002aa4a                AcpiUtMethodError
 .text          0x00000000c002aae5      0x323 acpica/uteval.32
                0x00000000c002aae5                AcpiUtEvaluateObject
                0x00000000c002acc0                AcpiUtEvaluateNumericObject
                0x00000000c002ad0d                AcpiUtExecute_STA
                0x00000000c002ad71                AcpiUtExecutePowerMethods
 .text          0x00000000c002ae08      0x127 acpica/utexcep.32
                0x00000000c002ae08                AcpiFormatException
                0x00000000c002ae4d                AcpiUtValidateException
 .text          0x00000000c002af2f        0x0 acpica/utglobal.32
 .text          0x00000000c002af2f       0xea acpica/uthex.32
                0x00000000c002af2f                AcpiUtHexToAsciiChar
                0x00000000c002af7b                AcpiUtAsciiToHexByte
                0x00000000c002aff2                AcpiUtAsciiCharToHex
 .text          0x00000000c002b019      0x4eb acpica/utids.32
                0x00000000c002b019                AcpiUtExecute_HID
                0x00000000c002b0f9                AcpiUtExecute_UID
                0x00000000c002b1d9                AcpiUtExecute_CID
                0x00000000c002b3d2                AcpiUtExecute_CLS
 .text          0x00000000c002b504      0x344 acpica/utinit.32
                0x00000000c002b58c                AcpiUtInitGlobals
                0x00000000c002b7eb                AcpiUtSubsystemShutdown
 .text          0x00000000c002b848      0x1c7 acpica/utlock.32
                0x00000000c002b848                AcpiUtCreateRwLock
                0x00000000c002b897                AcpiUtDeleteRwLock
                0x00000000c002b8e0                AcpiUtAcquireReadLock
                0x00000000c002b95b                AcpiUtReleaseReadLock
                0x00000000c002b9cd                AcpiUtAcquireWriteLock
                0x00000000c002b9f3                AcpiUtReleaseWriteLock
 .text          0x00000000c002ba0f      0x210 acpica/utmath.32
                0x00000000c002ba0f                AcpiUtShortMultiply
                0x00000000c002ba5a                AcpiUtShortShiftLeft
                0x00000000c002baa3                AcpiUtShortShiftRight
                0x00000000c002baec                AcpiUtShortDivide
                0x00000000c002bb7d                AcpiUtDivide
 .text          0x00000000c002bc1f      0x2ca acpica/utmisc.32
                0x00000000c002bc1f                AcpiUtIsPciRootBridge
                0x00000000c002bc5b                AcpiUtDwordByteSwap
                0x00000000c002bc84                AcpiUtSetIntegerWidth
                0x00000000c002bcc5                AcpiUtCreateUpdateStateAndPush
                0x00000000c002bd1a                AcpiUtWalkPackageTree
 .text          0x00000000c002bee9      0x371 acpica/utmutex.32
                0x00000000c002bee9                AcpiUtMutexInitialize
                0x00000000c002bfbf                AcpiUtMutexTerminate
                0x00000000c002c0f3                AcpiUtAcquireMutex
                0x00000000c002c1ae                AcpiUtReleaseMutex
 .text          0x00000000c002c25a       0xd0 acpica/utnonansi.32
                0x00000000c002c25a                AcpiUtStrlwr
                0x00000000c002c29a                AcpiUtStrupr
                0x00000000c002c2da                AcpiUtStricmp
 .text          0x00000000c002c32a      0x5ff acpica/utobject.32
                0x00000000c002c32a                AcpiUtCreateInternalObjectDbg
                0x00000000c002c3cc                AcpiUtCreatePackageObject
                0x00000000c002c440                AcpiUtCreateIntegerObject
                0x00000000c002c48c                AcpiUtCreateBufferObject
                0x00000000c002c533                AcpiUtCreateStringObject
                0x00000000c002c5be                AcpiUtValidInternalObject
                0x00000000c002c5e2                AcpiUtAllocateObjectDescDbg
                0x00000000c002c62b                AcpiUtDeleteObjectDesc
                0x00000000c002c8e0                AcpiUtGetObjectSize
 .text          0x00000000c002c929      0x4f3 acpica/utosi.32
                0x00000000c002c929                AcpiUtInitializeInterfaces
                0x00000000c002c9b3                AcpiUtInterfaceTerminate
                0x00000000c002ca84                AcpiUtInstallInterface
                0x00000000c002cb1d                AcpiUtRemoveInterface
                0x00000000c002cbf3                AcpiUtUpdateInterfaces
                0x00000000c002cc84                AcpiUtGetInterface
                0x00000000c002ccc7                AcpiUtOsiImplementation
 .text          0x00000000c002ce1c      0x246 acpica/utownerid.32
                0x00000000c002ce1c                AcpiUtAllocateOwnerId
                0x00000000c002cf80                AcpiUtReleaseOwnerId
 .text          0x00000000c002d062       0xfd acpica/utpredef.32
                0x00000000c002d062                AcpiUtGetNextPredefinedMethod
                0x00000000c002d08c                AcpiUtMatchPredefinedMethod
                0x00000000c002d0df                AcpiUtGetExpectedReturnTypes
 .text          0x00000000c002d15f      0x9ed acpica/utprint.32
                0x00000000c002d289                AcpiUtScanNumber
                0x00000000c002d30c                AcpiUtPrintNumber
                0x00000000c002d5e2                vsnprintf
                0x00000000c002dafb                snprintf
                0x00000000c002db24                sprintf
 .text          0x00000000c002db4c        0x0 acpica/utresdecode.32
 .text          0x00000000c002db4c      0x3b0 acpica/utresrc.32
                0x00000000c002db4c                AcpiUtWalkAmlResources
                0x00000000c002dc8b                AcpiUtValidateResource
                0x00000000c002de21                AcpiUtGetResourceType
                0x00000000c002de3e                AcpiUtGetResourceLength
                0x00000000c002de71                AcpiUtGetResourceHeaderLength
                0x00000000c002de85                AcpiUtGetDescriptorLength
                0x00000000c002deb2                AcpiUtGetResourceEndTag
 .text          0x00000000c002defc      0x1ce acpica/utstate.32
                0x00000000c002defc                AcpiUtPushGenericState
                0x00000000c002df14                AcpiUtPopGenericState
                0x00000000c002df37                AcpiUtCreateGenericState
                0x00000000c002df63                AcpiUtCreateThreadState
                0x00000000c002dfe9                AcpiUtCreateUpdateState
                0x00000000c002e02a                AcpiUtCreatePkgState
                0x00000000c002e076                AcpiUtCreateControlState
                0x00000000c002e0a6                AcpiUtDeleteGenericState
 .text          0x00000000c002e0ca      0x264 acpica/utstring.32
                0x00000000c002e0ca                AcpiUtPrintString
                0x00000000c002e293                AcpiUtRepairName
 .text          0x00000000c002e32e      0x425 acpica/utstrsuppt.32
                0x00000000c002e32e                AcpiUtConvertOctalString
                0x00000000c002e3a8                AcpiUtConvertDecimalString
                0x00000000c002e42b                AcpiUtConvertHexString
                0x00000000c002e4a8                AcpiUtRemoveLeadingZeros
                0x00000000c002e4ce                AcpiUtRemoveWhitespace
                0x00000000c002e503                AcpiUtDetectHexPrefix
                0x00000000c002e531                AcpiUtRemoveHexPrefix
                0x00000000c002e56e                AcpiUtDetectOctalPrefix
 .text          0x00000000c002e753      0x238 acpica/utstrtoul64.32
                0x00000000c002e753                AcpiUtStrtoul64
                0x00000000c002e865                AcpiUtImplicitStrtoul64
                0x00000000c002e8e1                AcpiUtExplicitStrtoul64
 .text          0x00000000c002e98b        0x0 acpica/uttrack.32
 .text          0x00000000c002e98b        0x0 acpica/utuuid.32
 .text          0x00000000c002e98b      0x641 acpica/utxface.32
                0x00000000c002e98b                AcpiTerminate
                0x00000000c002e9a8                AcpiSubsystemStatus
                0x00000000c002e9c0                AcpiGetSystemInfo
                0x00000000c002ea76                AcpiGetStatistics
                0x00000000c002eacc                AcpiInstallInitializationHandler
                0x00000000c002eafb                AcpiPurgeCachedObjects
                0x00000000c002eb4c                AcpiInstallInterface
                0x00000000c002ec0d                AcpiRemoveInterface
                0x00000000c002ec81                AcpiInstallInterfaceHandler
                0x00000000c002ece5                AcpiUpdateInterfaces
                0x00000000c002ed42                AcpiCheckAddressRange
                0x00000000c002edb2                AcpiDecodePldBuffer
 .text          0x00000000c002efcc      0x245 acpica/utxferror.32
                0x00000000c002efcc                AcpiError
                0x00000000c002f015                AcpiException
                0x00000000c002f085                AcpiWarning
                0x00000000c002f0ce                AcpiInfo
                0x00000000c002f10f                AcpiBiosError
                0x00000000c002f158                AcpiBiosException
                0x00000000c002f1c8                AcpiBiosWarning
 .text          0x00000000c002f211      0x218 acpica/utxfinit.32
                0x00000000c002f211                AcpiInitializeSubsystem
                0x00000000c002f30f                AcpiEnableSubsystem
                0x00000000c002f3da                AcpiInitializeObjects
 .text          0x00000000c002f429      0x129 acpica/utxfmutex.32
                0x00000000c002f4bd                AcpiAcquireMutex
                0x00000000c002f50e                AcpiReleaseMutex
 .text          0x00000000c002f552     0x1dd5 core/malloc.32
                0x00000000c002fb3b                dlmalloc
                0x00000000c003029e                dlfree
                0x00000000c003065a                dlrealloc
                0x00000000c00309ab                dlmemalign
                0x00000000c0030bbc                dlcalloc
                0x00000000c0030ce2                dlcfree
                0x00000000c0030cf9                dlindependent_calloc
                0x00000000c0030d1b                dlindependent_comalloc
                0x00000000c0030fba                dlvalloc
                0x00000000c0030ff5                dlpvalloc
                0x00000000c0031045                dlmalloc_trim
                0x00000000c0031064                dlmalloc_usable_size
                0x00000000c00310c3                dlmallinfo
                0x00000000c0031234                dlmalloc_stats
                0x00000000c0031246                dlmallopt
 .text          0x00000000c0031327        0x0 libk/string.32
 .text          0x00000000c0031327       0xd6 fs/fat/diskio.32
                0x00000000c0031327                disk_status
                0x00000000c0031337                disk_initialize
                0x00000000c0031347                disk_read
                0x00000000c0031387                disk_write
                0x00000000c00313c7                disk_ioctl
 .text          0x00000000c00313fd     0xb16e fs/fat/ff.32
                0x00000000c00363a3                f_mount
                0x00000000c003642e                f_open
                0x00000000c0036a7f                f_read
                0x00000000c0036ede                f_write
                0x00000000c00373e4                f_sync
                0x00000000c0037706                f_close
                0x00000000c003774d                f_lseek
                0x00000000c00380ad                f_opendir
                0x00000000c0038236                f_closedir
                0x00000000c0038266                f_readdir
                0x00000000c003834f                f_stat
                0x00000000c0038406                f_getfree
                0x00000000c0038678                f_truncate
                0x00000000c0038839                f_unlink
                0x00000000c0038a6b                f_mkdir
                0x00000000c0038ddd                f_rename
                0x00000000c0039263                f_chmod
                0x00000000c00393af                f_utime
                0x00000000c0039500                f_getlabel
                0x00000000c00397dd                f_setlabel
                0x00000000c0039b62                f_forward
                0x00000000c003a87a                f_mkfs
 .text          0x00000000c003c56b       0x2d fs/fat/ffsystem.32
                0x00000000c003c56b                ff_memalloc
                0x00000000c003c581                ff_memfree
 .text          0x00000000c003c598      0x20b fs/fat/ffunicode.32
                0x00000000c003c598                ff_uni2oem
                0x00000000c003c618                ff_oem2uni
                0x00000000c003c678                ff_wtoupper
 .text          0x00000000c003c7a3      0xb2f hal/libresample/samplerate.32
                0x00000000c003c7e5                src_new
                0x00000000c003c8a6                src_callback_new
                0x00000000c003c92a                src_delete
                0x00000000c003c97f                src_process
                0x00000000c003cb47                src_callback_read
                0x00000000c003cd39                src_set_ratio
                0x00000000c003cda1                src_get_channels
                0x00000000c003cddd                src_reset
                0x00000000c003ce45                src_get_name
                0x00000000c003cea6                src_get_description
                0x00000000c003cf07                src_get_version
                0x00000000c003cf0d                src_is_valid_ratio
                0x00000000c003cf3f                src_error
                0x00000000c003cf57                src_strerror
                0x00000000c003d034                src_simple
                0x00000000c003d08e                src_short_to_float_array
                0x00000000c003d0d7                src_float_to_short_array
                0x00000000c003d179                src_int_to_float_array
                0x00000000c003d1c3                src_float_to_int_array
 .text          0x00000000c003d2d2      0x700 hal/libresample/src_linear.32
                0x00000000c003d882                linear_get_name
                0x00000000c003d899                linear_get_description
                0x00000000c003d8b0                linear_set_converter
 .text          0x00000000c003d9d2     0x31a9 hal/libresample/src_sinc.32
                0x00000000c003dad7                sinc_get_name
                0x00000000c003db08                sinc_get_description
                0x00000000c003db3b                sinc_set_converter
 .text          0x00000000c0040b7b      0x680 hal/libresample/src_zoh.32
                0x00000000c00410b2                zoh_get_name
                0x00000000c00410c9                zoh_get_description
                0x00000000c00410e0                zoh_set_converter
 .text          0x00000000c00411fb      0xf96 acpica/osl.32
                0x00000000c00411fb                isalnum
                0x00000000c0041230                isalpha
                0x00000000c0041265                isblank
                0x00000000c004127f                iscntrl
                0x00000000c0041299                isdigit
                0x00000000c00412b3                isgraph
                0x00000000c00412e8                islower
                0x00000000c0041302                isprint
                0x00000000c004132b                ispunct
                0x00000000c0041372                isspace
                0x00000000c0041395                isupper
                0x00000000c00413af                isxdigit
                0x00000000c00413ea                AcpiOsInitialize
                0x00000000c00413f0                AcpiOsTerminate
                0x00000000c00413f6                AcpiOsGetRootPointer
                0x00000000c0041421                AcpiOsPredefinedOverride
                0x00000000c0041447                AcpiOsTableOverride
                0x00000000c004145a                AcpiOsPhysicalTableOverride
                0x00000000c0041474                AcpiOsReadPort
                0x00000000c0041508                AcpiOsWritePort
                0x00000000c0041590                AcpiOsGetTimer
                0x00000000c00415b1                AcpiOsWaitEventsComplete
                0x00000000c00415ca                AcpiOsReadPciConfiguration
                0x00000000c0041683                AcpiOsWritePciConfiguration
                0x00000000c0041758                AcpiOsSignal
                0x00000000c004178d                AcpiOsReadMemory
                0x00000000c0041842                AcpiOsEnterSleep
                0x00000000c0041855                AcpiOsWriteMemory
                0x00000000c00418f2                AcpiOsMapMemory
                0x00000000c00419d7                AcpiOsUnmapMemory
                0x00000000c00419d9                AcpiOsGetPhysicalAddress
                0x00000000c0041a08                AcpiOsAllocate
                0x00000000c0041a24                AcpiOsFree
                0x00000000c0041a3b                AcpiOsReadable
                0x00000000c0041a55                AcpiOsWritable
                0x00000000c0041a6f                AcpiOsGetThreadId
                0x00000000c0041a7a                AcpiOsExecute
                0x00000000c0041a97                AcpiOsSleep
                0x00000000c0041ad7                AcpiOsStall
                0x00000000c0041b30                AcpiOsCreateSemaphore
                0x00000000c0041b75                AcpiOsDeleteSemaphore
                0x00000000c0041b92                AcpiOsWaitSemaphore
                0x00000000c0041c56                AcpiOsSignalSemaphore
                0x00000000c0041c7e                AcpiOsCreateLock
                0x00000000c0041caa                AcpiOsDeleteLock
                0x00000000c0041cac                AcpiOsAcquireLock
                0x00000000c0041cc2                AcpiOsReleaseLock
                0x00000000c0041cdc                Subhandler
                0x00000000c0041d10                AcpiOsInstallInterruptHandler
                0x00000000c0041d69                AcpiOsRemoveInterruptHandler
                0x00000000c0041d86                __i__int_str
                0x00000000c00420cc                __i_displayCharacter
                0x00000000c0042123                __i_displayString
                0x00000000c0042168                __i_internal_printf
                0x00000000c004216e                AcpiOsVprintf
                0x00000000c0042170                AcpiOsPrintf
 *fill*         0x00000000c0042191        0x1 
 .text          0x00000000c0042192      0xc0f core/computer.32
                0x00000000c0042192                Computer::Computer()
                0x00000000c0042192                Computer::Computer()
                0x00000000c00422d6                Computer::setBootMessage(char const*)
                0x00000000c00422d8                Computer::open(int, int, void*)
                0x00000000c0042434                Computer::start()
                0x00000000c0042604                Computer::detectFeatures()
                0x00000000c0042ac2                Computer::displayFeatures()
                0x00000000c0042ac4                Computer::rdmsr(unsigned int)
                0x00000000c0042b00                Computer::wrmsr(unsigned int, unsigned long long)
                0x00000000c0042b40                Computer::close(int, int, void*)
                0x00000000c0042b88                Computer::nmiEnabled()
                0x00000000c0042b96                Computer::enableNMI(bool)
                0x00000000c0042bc2                Computer::disableNMI()
                0x00000000c0042bdb                firstTask()
                0x00000000c0042bf6                Computer::readCMOS(unsigned char)
                0x00000000c0042c44                Computer::writeCMOS(unsigned char, unsigned char)
                0x00000000c0042c9a                Computer::handleNMI()
                0x00000000c0042d2a                Computer::setDiskActivityLight(int, bool)
 .text          0x00000000c0042da1     0x167f core/elf.32
                0x00000000c0042da1                allocateMemoryForTask(Process*, File*, unsigned long, unsigned long, unsigned long)
                0x00000000c004303c                loadProgramIntoMemory(Process*, char const*)
                0x00000000c00433d4                runtimeReferenceHelper()
                0x00000000c00433ed                getAddressOfKernelSymbol(char const*)
                0x00000000c004346d                loadKernelSymbolTable(char const*)
                0x00000000c00438de                loadDriverIntoMemory(char const*, unsigned long)
                0x00000000c0044275                loadDLL(char const*)
                0x00000000c0044409                executeDLL(unsigned long, void*)
 .text          0x00000000c0044420      0x2be core/gdt.32
                0x00000000c0044420                GDTEntry::setBase(unsigned int)
                0x00000000c0044466                GDTEntry::setLimit(unsigned int)
                0x00000000c0044494                GDT::GDT()
                0x00000000c0044494                GDT::GDT()
                0x00000000c00444ac                GDT::addEntry(GDTEntry)
                0x00000000c00444da                GDT::getNumberOfEntries()
                0x00000000c00444e4                GDT::flush()
                0x00000000c004450c                GDT::setup()
 .text          0x00000000c00446de       0x91 core/idle.32
                0x00000000c00446de                idleFunction(void*)
 *fill*         0x00000000c004476f        0x1 
 .text          0x00000000c0044770      0x49b core/idt.32
                0x00000000c0044770                IDTEntry::IDTEntry(bool)
                0x00000000c0044770                IDTEntry::IDTEntry(bool)
                0x00000000c00447d8                IDTEntry::setOffset(unsigned int)
                0x00000000c00447f4                IDT::IDT()
                0x00000000c00447f4                IDT::IDT()
                0x00000000c00447f6                IDT::getPointerToInvalidOpcodeEntryForF00F()
                0x00000000c0044802                IDT::addEntry(IDTEntry, int)
                0x00000000c004481e                IDT::addEntry(int, void (*)(), bool)
                0x00000000c0044866                IDT::flush()
                0x00000000c0044884                IDT::setup()
 .text          0x00000000c0044c0b      0x6dc core/kconsole.32
                0x00000000c0044c0b                panic(char const*)
                0x00000000c0045051                stringifyxWithBase(unsigned int, char*, int)
                0x00000000c00450e8                logc(char)
                0x00000000c0045132                logs(char*)
                0x00000000c004515a                logWriteInt(unsigned int)
                0x00000000c004517d                logWriteIntBase(unsigned int, int)
                0x00000000c00451a1                kprintf(char const*, ...)
 .text          0x00000000c00452e7      0x23a core/kheap.32
                0x00000000c00452e7                sbrk
                0x00000000c00453e5                mmap
                0x00000000c0045402                munmap
                0x00000000c004541f                liballoc_lock()
                0x00000000c0045431                liballoc_unlock()
                0x00000000c0045443                liballoc_alloc(int)
                0x00000000c0045467                liballoc_free(void*, int)
                0x00000000c0045489                realloc
                0x00000000c00454a2                malloc
                0x00000000c00454b8                free
                0x00000000c00454cf                rfree
                0x00000000c00454e6                calloc
 .text          0x00000000c0045521      0x64a core/main.32
                0x00000000c0045521                hwTextMode_loadInData(VgaText*)
                0x00000000c0045585                hwTextMode_loadInTitle(VgaText*, char*)
                0x00000000c00455e7                hwTextMode_scrollScreen(VgaText*)
                0x00000000c00456e1                hwTextMode_writeCharacter(VgaText*, char, VgaColour, VgaColour, int, int)
                0x00000000c0045768                hwTextMode_showCursor(VgaText*, bool)
                0x00000000c0045835                hwTextMode_update(VgaText*)
                0x00000000c0045837                hwTextMode_updateCursor(VgaText*)
                0x00000000c00458d3                hwTextMode_disableBlink(VgaText*, bool)
                0x00000000c0045988                setupTextMode()
                0x00000000c00459da                kernel_main
 .text          0x00000000c0045b6b      0x67d core/physmgr.32
                0x00000000c0045b6b                PhysMem::allocateDMA(unsigned long)
                0x00000000c0045c71                PhysMem::freeDMA(unsigned long, unsigned long)
                0x00000000c0045cda                PhysMem::setPageState(unsigned long, bool)
                0x00000000c0045d61                PhysMem::getPageState(unsigned long)
                0x00000000c0045da1                PhysMem::freePage(unsigned long)
                0x00000000c0045e54                PhysMem::allocatePage()
                0x00000000c0045f45                PhysMem::allowSegmentToBeUsed(unsigned long, unsigned long)
                0x00000000c0045f98                PhysMem::physicalMemorySetup(unsigned int)
 .text          0x00000000c00461e8      0x347 core/pipe.32
                0x00000000c00461e8                Pipe::Pipe(int)
                0x00000000c00461e8                Pipe::Pipe(int)
                0x00000000c0046248                Pipe::~Pipe()
                0x00000000c0046248                Pipe::~Pipe()
                0x00000000c004626a                Pipe::~Pipe()
                0x00000000c0046290                Pipe::isAtty()
                0x00000000c0046294                Pipe::read(unsigned long long, void*, int*)
                0x00000000c00463ee                Pipe::write(unsigned long long, void*, int*)
 *fill*         0x00000000c004652f        0x1 
 .text          0x00000000c0046530     0x1832 core/prcssthr.32
                0x00000000c0046530                changeTSS
                0x00000000c0046567                switchToThread(ThreadControlBlock*)
                0x00000000c00465d0                Process::createUserThread()
                0x00000000c00465f0                Process::createThread(void (*)(void*), void*, int)
                0x00000000c0046808                Process::addArgs(char**)
                0x00000000c00468ed                setupMultitasking(void (*)())
                0x00000000c0046a5c                Process::Process(char const*, Process*, char**)
                0x00000000c0046a5c                Process::Process(char const*, Process*, char**)
                0x00000000c0046bfc                Process::Process(bool, char const*, Process*, char**)
                0x00000000c0046bfc                Process::Process(bool, char const*, Process*, char**)
                0x00000000c0046d6b                forkProcess(regs*)
                0x00000000c0046f73                execveProcess(char const*, char* const*, char* const*)
                0x00000000c0047035                disableIRQs()
                0x00000000c0047043                getIRQNestingLevel()
                0x00000000c0047049                enableIRQs()
                0x00000000c0047060                lockScheduler()
                0x00000000c004706e                unlockScheduler()
                0x00000000c004707c                lockStuff()
                0x00000000c0047095                unlockStuff()
                0x00000000c00470cf                userModeEntryPoint(void*)
                0x00000000c00470fa                taskStartupFunction
                0x00000000c0047105                schedule()
                0x00000000c00471b1                updateTimeUsed()
                0x00000000c004724a                cleanupTerminatedTask(ThreadControlBlock*)
                0x00000000c0047721                waitTask(int, int*, int)
                0x00000000c004777e                cleanerTaskFunction(void*)
                0x00000000c0047818                terminateTask(int)
                0x00000000c00478b3                blockTaskWithSchedulerLockAlreadyHeld(TaskState)
                0x00000000c00478ff                blockTask(TaskState)
                0x00000000c0047924                unblockTask(ThreadControlBlock*)
                0x00000000c00479f9                nanoSleepUntil(unsigned long long)
                0x00000000c0047a67                nanoSleep(unsigned long long)
                0x00000000c0047aa3                sleep(unsigned long long)
                0x00000000c0047ae3                taskReturned
                0x00000000c0047b26                Semaphore::Semaphore(int)
                0x00000000c0047b26                Semaphore::Semaphore(int)
                0x00000000c0047b52                Semaphore::tryAcquire()
                0x00000000c0047b8e                Semaphore::assertLocked(char const*)
                0x00000000c0047bbe                Semaphore::acquire()
                0x00000000c0047c42                Semaphore::release()
                0x00000000c0047c94                Mutex::Mutex()
                0x00000000c0047c94                Mutex::Mutex()
 .text          0x00000000c0047d62     0x15e0 core/syscalls.32
                0x00000000c0047d62                sysCallWrite(regs*)
                0x00000000c0047dfc                sysCallRead(regs*)
                0x00000000c0047e96                sysCallGetPID(regs*)
                0x00000000c0047ea4                sysCallGetCwd(regs*)
                0x00000000c0047ed5                sysCallSetCwd(regs*)
                0x00000000c0047efd                string_ends_with(char const*, char const*)
                0x00000000c0047f58                sysCallOpen(regs*)
                0x00000000c0048106                sysCallSeek(regs*)
                0x00000000c004817b                sysCallTell(regs*)
                0x00000000c00481ea                sysCallSizeFromFilename(regs*)
                0x00000000c00482a4                sysCallSize(regs*)
                0x00000000c0048319                sysCallClose(regs*)
                0x00000000c0048387                sysCallOpenDir(regs*)
                0x00000000c004843a                sysCallReadDir(regs*)
                0x00000000c00484f4                sysCallSeekDir(regs*)
                0x00000000c00484ff                sysCallTellDir(regs*)
                0x00000000c004850a                sysCallMakeDir(regs*)
                0x00000000c00485a5                sysCallCloseDir(regs*)
                0x00000000c0048613                sysCallVerify(regs*)
                0x00000000c0048623                sysCallWait(regs*)
                0x00000000c0048650                sysCallFork(regs*)
                0x00000000c0048677                sysCallExecve(regs*)
                0x00000000c00486e2                sysCallRmdir(regs*)
                0x00000000c004876e                sysCallUnlink(regs*)
                0x00000000c00487fa                sysCallGetArgc(regs*)
                0x00000000c004880c                sysCallGetArgv(regs*)
                0x00000000c00488a7                sysCallRealpath(regs*)
                0x00000000c0048908                sysCallTTYName(regs*)
                0x00000000c00489c1                sysCallIsATTY(regs*)
                0x00000000c0048a2c                sysCallUSleep(regs*)
                0x00000000c0048ab1                sysCallSpawn(regs*)
                0x00000000c0048b5c                sysCallGetEnv(regs*)
                0x00000000c0048bc8                sysAppSettings(regs*)
                0x00000000c0048d62                sysFormatDisk(regs*)
                0x00000000c0048e12                sysSetDiskVolumeLabel(regs*)
                0x00000000c0048ea4                sysGetDiskVolumeLabel(regs*)
                0x00000000c0048f51                sysSetFatAttrib(regs*)
                0x00000000c0048ff4                sysPanic(regs*)
                0x00000000c0049028                sysShutdown(regs*)
                0x00000000c0049095                sysPipe(regs*)
                0x00000000c004910c                sysGetUnixTime(regs*)
                0x00000000c004912b                setupSystemCalls()
                0x00000000c00492db                systemCall(regs*, void*)
 .text          0x00000000c0049342     0x1942 core/terminal.32
                0x00000000c0049342                setTerminalScrollLock(bool)
                0x00000000c0049351                doTerminalCycle()
                0x00000000c004937b                addToTerminalCycle(VgaText*)
                0x00000000c00493ca                setActiveTerminal(VgaText*)
                0x00000000c00494c2                installVgaTextImplementation()
                0x00000000c00494df                scrollTerminalScrollLock(int)
                0x00000000c00494e2                VgaText::updateTitle()
                0x00000000c004956a                VgaText::load()
                0x00000000c004960e                VgaText::scrollScreen()
                0x00000000c004975a                VgaText::writeCharacter(char, VgaColour, VgaColour, int, int)
                0x00000000c004980c                VgaText::puts(char const*, VgaColour, VgaColour)
                0x00000000c0049b14                VgaText::updateCursor()
                0x00000000c0049b48                VgaText::showCursor(bool)
                0x00000000c0049b6c                VgaText::disableBlink(bool)
                0x00000000c0049bbc                VgaText::putchar(char, VgaColour, VgaColour)
                0x00000000c0049d1a                VgaText::doANSI_SGR(int)
                0x00000000c0049e46                VgaText::putchar(char)
                0x00000000c004a014                VgaText::puts(char const*)
                0x00000000c004a054                VgaText::clearScreen()
                0x00000000c004a0e8                VgaText::setDefaultBgColour(VgaColour)
                0x00000000c004a106                VgaText::setDefaultFgColour(VgaColour)
                0x00000000c004a124                VgaText::setDefaultColours(VgaColour, VgaColour)
                0x00000000c004a150                VgaText::setTitleTextColour(VgaColour)
                0x00000000c004a174                VgaText::setTitleColour(VgaColour)
                0x00000000c004a198                VgaText::setTitle(char*)
                0x00000000c004a1c6                VgaText::combineColours(unsigned char, unsigned char)
                0x00000000c004a1ec                VgaText::combineCharAndColour(char, unsigned char)
                0x00000000c004a210                VgaText::getCursorX()
                0x00000000c004a21e                VgaText::getCursorY()
                0x00000000c004a22c                VgaText::setCursor(int, int)
                0x00000000c004a25c                VgaText::setCursorX(int)
                0x00000000c004a280                VgaText::setCursorY(int)
                0x00000000c004a2a4                VgaText::incrementCursor(bool)