Archive member included to satisfy reference by file (symbol)

/cygdrive/d/Users/Alex/Desktop/Toolchain/Output/bin/../lib/gcc/i386-banana/8.1.0/libgcc.a(_divdi3.o)
                              fs/fat/ff.32 (__divdi3)
/cygdrive/d/Users/Alex/Desktop/Toolchain/Output/bin/../lib/gcc/i386-banana/8.1.0/libgcc.a(_moddi3.o)
                              thr/elf.32 (__moddi3)
/cygdrive/d/Users/Alex/Desktop/Toolchain/Output/bin/../lib/gcc/i386-banana/8.1.0/libgcc.a(_udivdi3.o)
                              fs/fat/ff.32 (__udivdi3)
/cygdrive/d/Users/Alex/Desktop/Toolchain/Output/bin/../lib/gcc/i386-banana/8.1.0/libgcc.a(_umoddi3.o)
                              core/pipe.32 (__umoddi3)
D:/Users/Alex/Desktop/Banana/kernel/libk/libm32.a(s_fabs.c.o)
                              hal/libresample/samplerate.32 (fabs)
D:/Users/Alex/Desktop/Banana/kernel/libk/libm32.a(s_lrint.S.o)
                              hal/libresample/samplerate.32 (lrint)
D:/Users/Alex/Desktop/Banana/kernel/libk/libm32.a(s_lrintf.S.o)
                              hal/sound/sndhw.32 (lrintf)

Discarded input sections

 .comment       0x0000000000000000       0x12 /cygdrive/d/Users/Alex/Desktop/Toolchain/Output/bin/../lib/gcc/i386-banana/8.1.0/crtbegin.o
 .comment       0x0000000000000000       0x12 acpica/utclib.32
 .comment       0x0000000000000000       0x12 core/malloc.32
 .comment       0x0000000000000000       0x12 libk/string.32
 .comment       0x0000000000000000       0x12 fs/fat/diskio.32
 .comment       0x0000000000000000       0x12 fs/fat/ff.32
 .comment       0x0000000000000000       0x12 fs/fat/ffsystem.32
 .comment       0x0000000000000000       0x12 fs/fat/ffunicode.32
 .comment       0x0000000000000000       0x12 hal/libresample/samplerate.32
 .comment       0x0000000000000000       0x12 hal/libresample/src_linear.32
 .comment       0x0000000000000000       0x12 hal/libresample/src_sinc.32
 .comment       0x0000000000000000       0x12 hal/libresample/src_zoh.32
 .group         0x0000000000000000       0x14 core/computer.32
 .group         0x0000000000000000        0xc core/computer.32
 .comment       0x0000000000000000       0x12 core/computer.32
 .comment       0x0000000000000000       0x12 core/gdt.32
 .group         0x0000000000000000        0xc core/idle.32
 .comment       0x0000000000000000       0x12 core/idle.32
 .comment       0x0000000000000000       0x12 core/idt.32
 .group         0x0000000000000000        0x8 core/kheap.32
 .group         0x0000000000000000        0x8 core/kheap.32
 .comment       0x0000000000000000       0x12 core/kheap.32
 .comment       0x0000000000000000       0x12 core/main.32
 .comment       0x0000000000000000       0x12 core/physmgr.32
 .group         0x0000000000000000        0xc core/pipe.32
 .comment       0x0000000000000000       0x12 core/pipe.32
 .group         0x0000000000000000        0xc core/terminal.32
 .comment       0x0000000000000000       0x12 core/terminal.32
 .group         0x0000000000000000        0x8 core/tss.32
 .text._ZN3CPU7readCR3Ev
                0x0000000000000000       0x12 core/tss.32
 .comment       0x0000000000000000       0x12 core/tss.32
 .group         0x0000000000000000        0x8 core/unixfile.32
 .group         0x0000000000000000        0xc core/unixfile.32
 .group         0x0000000000000000        0xc core/unixfile.32
 .group         0x0000000000000000        0x8 core/unixfile.32
 .group         0x0000000000000000        0xc core/unixfile.32
 .group         0x0000000000000000        0x8 core/unixfile.32
 .group         0x0000000000000000        0xc core/unixfile.32
 .group         0x0000000000000000        0xc core/unixfile.32
 .comment       0x0000000000000000       0x12 core/unixfile.32
 .group         0x0000000000000000        0x8 core/virtmgr.32
 .group         0x0000000000000000        0x8 core/virtmgr.32
 .text._ZN3CPU7readCR3Ev
                0x0000000000000000       0x12 core/virtmgr.32
 .text._ZN3CPU8writeCR3Em
                0x0000000000000000        0x9 core/virtmgr.32
 .comment       0x0000000000000000       0x12 core/virtmgr.32
 .comment       0x0000000000000000       0x12 coreobjs/c++.32
 .comment       0x0000000000000000       0x12 dbg/kconsole.32
 .group         0x0000000000000000        0xc fs/vfs.32
 .group         0x0000000000000000        0xc fs/vfs.32
 .group         0x0000000000000000        0xc fs/vfs.32
 .comment       0x0000000000000000       0x12 fs/vfs.32
 .group         0x0000000000000000        0xc hal/bus.32
 .comment       0x0000000000000000       0x12 hal/bus.32
 .group         0x0000000000000000        0xc hal/buzzer.32
 .comment       0x0000000000000000       0x12 hal/buzzer.32
 .group         0x0000000000000000        0xc hal/clock.32
 .comment       0x0000000000000000       0x12 hal/clock.32
 .group         0x0000000000000000       0x14 hal/device.32
 .group         0x0000000000000000        0xc hal/device.32
 .group         0x0000000000000000        0xc hal/device.32
[...]
Memory Configuration

Name             Origin             Length             Attributes
*default*        0x0000000000000000 0xffffffffffffffff

Linker script and memory map

LOAD D:/Users/Alex/Desktop/Banana/kernel/boot.32
LOAD crti.32
LOAD /cygdrive/d/Users/Alex/Desktop/Toolchain/Output/bin/../lib/gcc/i386-banana/8.1.0/crtbegin.o
LOAD D:/Users/Alex/Desktop/Banana/kernel/morenasm.32
LOAD acpica/utclib.32
LOAD core/malloc.32
LOAD libk/string.32
LOAD fs/fat/diskio.32
LOAD fs/fat/ff.32
LOAD fs/fat/ffsystem.32
LOAD fs/fat/ffunicode.32
LOAD hal/libresample/samplerate.32
LOAD hal/libresample/src_linear.32
LOAD hal/libresample/src_sinc.32
LOAD hal/libresample/src_zoh.32
LOAD core/computer.32
LOAD core/gdt.32
LOAD core/idle.32
LOAD core/idt.32
LOAD core/kheap.32
LOAD core/main.32
LOAD core/physmgr.32
LOAD core/pipe.32
LOAD core/terminal.32
LOAD core/tss.32
LOAD core/unixfile.32
LOAD core/virtmgr.32
LOAD coreobjs/c++.32
LOAD dbg/kconsole.32
LOAD fs/vfs.32
LOAD hal/bus.32
LOAD hal/buzzer.32
LOAD hal/clock.32
LOAD hal/device.32
LOAD hal/diskctrl.32
LOAD hal/diskphys.32
LOAD hal/fpu.32
LOAD hal/intctrl.32
LOAD hal/keybrd.32
LOAD hal/logidisk.32
LOAD hal/mouse.32
LOAD hal/partition.32
LOAD hal/timer.32
LOAD hal/vcache.32
LOAD hal/video.32
LOAD hw/acpi.32
LOAD hw/cpu.32
LOAD hw/ports.32
LOAD krnl/panic.32
LOAD reg/registry.32
LOAD sys/sc_exit.32
LOAD sys/sc_loaddll.32
LOAD sys/sc_read.32
LOAD sys/sc_sbrk.32
LOAD sys/sc_write.32
LOAD sys/sc_yield.32
LOAD sys/syscalls.32
LOAD thr/elf.32
LOAD thr/prcssthr.32
LOAD vm86/vm8086.32
LOAD fs/fat/vfslink.32
LOAD fs/iso9660/vfslink.32
LOAD hal/sound/sndchannel.32
LOAD hal/sound/sndhw.32
LOAD hw/bus/isa.32
LOAD hw/bus/pci.32
LOAD hw/diskctrl/ide.32
LOAD hw/diskphys/ata.32
LOAD hw/diskphys/atapi.32
LOAD hw/fpu/avx.32
LOAD hw/fpu/mmx.32
LOAD hw/fpu/sse.32
LOAD hw/fpu/x87.32
LOAD hw/intctrl/apic.32
LOAD hw/intctrl/pic.32
LOAD hw/timer/apictimer.32
LOAD hw/timer/pit.32
LOAD hw/fpu/x86/avx.32
LOAD hw/fpu/x86/sse.32
LOAD hw/fpu/x86/x87.32
LOAD /cygdrive/d/Users/Alex/Desktop/Toolchain/Output/bin/../lib/gcc/i386-banana/8.1.0/crtend.o
LOAD crtn.32
LOAD /cygdrive/d/Users/Alex/Desktop/Toolchain/Output/bin/../lib/gcc/i386-banana/8.1.0/libgcc.a
LOAD D:/Users/Alex/Desktop/Banana/kernel/libk/libm32.a
                0x00000000c0000000                . = 0xc0000000

.text           0x00000000c0000000    0x1e858
 *(.text)
 .text          0x00000000c0000000       0x41 D:/Users/Alex/Desktop/Banana/kernel/boot.32
                0x00000000c0000020                callGlobalConstructors
 .text          0x00000000c0000041        0x0 crti.32
 *fill*         0x00000000c0000041        0x3 
 .text          0x00000000c0000044      0x101 /cygdrive/d/Users/Alex/Desktop/Toolchain/Output/bin/../lib/gcc/i386-banana/8.1.0/crtbegin.o
 *fill*         0x00000000c0000145        0xb 
 .text          0x00000000c0000150      0x41f D:/Users/Alex/Desktop/Banana/kernel/morenasm.32
                0x00000000c0000150                doTPAUSE
                0x00000000c000015a                hasLegacyFPU
                0x00000000c000017f                is486
                0x00000000c00001b5                goToVM86
                0x00000000c00001e6                goToUsermode
                0x00000000c0000211                switchToThreadASMFirstTime
                0x00000000c000021f                switchToThreadASM
                0x00000000c00002bf                detectCPUID
                0x00000000c00002d5                asmQuickAcquireLock
                0x00000000c00002f3                asmQuickReleaseLock
                0x00000000c00002ff                asmAcquireLock
                0x00000000c0000320                asmReleaseLock
                0x00000000c0000333                loadGDT
                0x00000000c0000353                isr0
                0x00000000c0000363                isr1
                0x00000000c000036d                isr2
                0x00000000c0000377                isr3
                0x00000000c0000381                isr4
                0x00000000c000038b                isr5
                0x00000000c0000395                isr6
                0x00000000c000039f                isr7
                0x00000000c00003a9                isr8
                0x00000000c00003b1                isr9
                0x00000000c00003bb                isr10
                0x00000000c00003c3                isr11
                0x00000000c00003cb                isr12
                0x00000000c00003d3                isr13
                0x00000000c00003db                isr14
                0x00000000c00003e3                isr15
                0x00000000c00003ed                isr16
                0x00000000c00003f7                isr17
                0x00000000c0000401                isr18
                0x00000000c000040b                isr96
                0x00000000c0000415                irq0
                0x00000000c000041f                irq1
                0x00000000c0000429                irq2
                0x00000000c0000433                irq3
                0x00000000c000043d                irq4
                0x00000000c0000447                irq5
                0x00000000c0000451                irq6
                0x00000000c000045b                irq7
                0x00000000c0000465                irq8
                0x00000000c000046f                irq9
                0x00000000c0000479                irq10
                0x00000000c0000483                irq11
                0x00000000c000048d                irq12
                0x00000000c0000497                irq13
                0x00000000c00004a1                irq14
                0x00000000c00004ab                irq15
                0x00000000c00004b5                irq16
                0x00000000c00004bf                irq17
                0x00000000c00004c9                irq18
                0x00000000c00004d3                irq19
                0x00000000c00004dd                irq20
                0x00000000c00004e7                irq21
                0x00000000c00004f1                irq22
                0x00000000c00004fb                irq23
                0x00000000c0000505                int_common_stub
                0x00000000c0000535                syscall_common_stub
 .text          0x00000000c000056f      0x40f acpica/utclib.32
                0x00000000c000056f                memcmp
                0x00000000c000059a                memmove
                0x00000000c00005d2                memcpy
                0x00000000c0000608                memset
                0x00000000c0000625                strlen
                0x00000000c0000635                strpbrk
                0x00000000c0000658                strtok
                0x00000000c00006a7                strcpy
                0x00000000c00006c7                strncpy
                0x00000000c00006f8                strcmp
                0x00000000c0000719                strchr
                0x00000000c000072f                strncmp
                0x00000000c000075e                strcat
                0x00000000c0000785                strncat
                0x00000000c00007bf                strstr
                0x00000000c00007fc                toupper
                0x00000000c0000810                tolower
                0x00000000c0000824                simple_strtoul
 .text          0x00000000c000097e      0xfbf core/malloc.32
                0x00000000c0000ae9                dlfree
                0x00000000c0000e44                dlmalloc
                0x00000000c0001381                dlrealloc
                0x00000000c0001536                dlmemalign
                0x00000000c0001659                dlcalloc
                0x00000000c00016f3                dlcfree
                0x00000000c00016f8                dlindependent_calloc
                0x00000000c000171d                dlindependent_comalloc
                0x00000000c0001734                dlvalloc
                0x00000000c000175f                dlpvalloc
                0x00000000c0001795                dlmalloc_trim
                0x00000000c00017a2                dlmalloc_usable_size
                0x00000000c00017d3                dlmallinfo
                0x00000000c00018a2                dlmalloc_stats
                0x00000000c00018b3                dlmallopt
 .text          0x00000000c000193d        0x0 libk/string.32
 .text          0x00000000c000193d       0x51 fs/fat/diskio.32
                0x00000000c000193d                disk_status
                0x00000000c0001940                disk_initialize
                0x00000000c0001943                disk_read
                0x00000000c0001959                disk_write
                0x00000000c000196f                disk_ioctl
 .text          0x00000000c000198e     0x6833 fs/fat/ff.32
                0x00000000c0004c5c                f_mount
                0x00000000c0004cbe                f_open
                0x00000000c00050fa                f_read
                0x00000000c000537a                f_write
                0x00000000c0005634                f_sync
                0x00000000c0005810                f_close
                0x00000000c000583f                f_lseek
                0x00000000c0005cf6                f_opendir
                0x00000000c0005df8                f_closedir
                0x00000000c0005e1a                f_readdir
                0x00000000c0005eb5                f_stat
                0x00000000c0005f44                f_getfree
                0x00000000c000610f                f_truncate
                0x00000000c0006207                f_unlink
                0x00000000c000638a                f_mkdir
                0x00000000c00065b6                f_rename
                0x00000000c00068a9                f_chmod
                0x00000000c0006987                f_utime
                0x00000000c0006a65                f_getlabel
                0x00000000c0006c53                f_setlabel
                0x00000000c0006ec0                f_forward
                0x00000000c000709e                f_mkfs
 .text          0x00000000c00081c1       0x2d fs/fat/ffsystem.32
                0x00000000c00081c1                ff_memalloc
                0x00000000c00081d7                ff_memfree
 .text          0x00000000c00081ee      0x253 fs/fat/ffunicode.32
                0x00000000c00081ee                ff_uni2oem
                0x00000000c000827e                ff_oem2uni
                0x00000000c00082ea                ff_wtoupper
 .text          0x00000000c0008441      0x70e hal/libresample/samplerate.32
                0x00000000c00084c9                src_delete
                0x00000000c0008505                src_process
                0x00000000c000862d                src_callback_read
                0x00000000c000878e                src_set_ratio
                0x00000000c00087e5                src_get_channels
                0x00000000c0008807                src_reset
                0x00000000c000884b                src_new
                0x00000000c00088d9                src_callback_new
                0x00000000c000893b                src_get_name
                0x00000000c0008972                src_get_description
                0x00000000c00089a9                src_get_version
                0x00000000c00089af                src_is_valid_ratio
                0x00000000c00089c9                src_error
                0x00000000c00089d7                src_strerror
                0x00000000c00089ea                src_simple
                0x00000000c0008a3d                src_short_to_float_array
                0x00000000c0008a63                src_float_to_short_array
                0x00000000c0008ac7                src_int_to_float_array
                0x00000000c0008aed                src_float_to_int_array
 .text          0x00000000c0008b4f      0x3fd hal/libresample/src_linear.32
                0x00000000c0008ea7                linear_get_name
                0x00000000c0008eb6                linear_get_description
                0x00000000c0008ec5                linear_set_converter
 .text          0x00000000c0008f4c     0x1a3f hal/libresample/src_sinc.32
                0x00000000c000a8a2                sinc_get_name
                0x00000000c000a8b5                sinc_get_description
                0x00000000c000a8c8                sinc_set_converter
 .text          0x00000000c000a98b      0x3d3 hal/libresample/src_zoh.32
                0x00000000c000acb9                zoh_get_name
                0x00000000c000acc8                zoh_get_description
                0x00000000c000acd7                zoh_set_converter
 .text          0x00000000c000ad5e      0x695 core/computer.32
                0x00000000c000ad5e                Computer::close(int, int, void*)
                0x00000000c000ada2                Computer::Computer()
                0x00000000c000ada2                Computer::Computer()
                0x00000000c000aefe                Computer::setBootMessage(char const*)
                0x00000000c000af00                Computer::start()
                0x00000000c000afdc                firstTask()
                0x00000000c000afea                Computer::detectFeatures()
                0x00000000c000b1c4                Computer::displayFeatures()
                0x00000000c000b1c6                Computer::rdmsr(unsigned int)
                0x00000000c000b1f2                Computer::wrmsr(unsigned int, unsigned long long)
                0x00000000c000b22a                Computer::nmiEnabled()
                0x00000000c000b236                Computer::readCMOS(unsigned char)
                0x00000000c000b250                Computer::enableNMI(bool)
                0x00000000c000b268                Computer::open(int, int, void*)
                0x00000000c000b336                Computer::disableNMI()
                0x00000000c000b344                Computer::writeCMOS(unsigned char, unsigned char)
                0x00000000c000b362                Computer::handleNMI()
                0x00000000c000b3c8                Computer::setDiskActivityLight(int, bool)
 *fill*         0x00000000c000b3f3        0x1 
 .text          0x00000000c000b3f4      0x1b7 core/gdt.32
                0x00000000c000b3f4                GDTEntry::setBase(unsigned int)
                0x00000000c000b410                GDTEntry::setLimit(unsigned int)
                0x00000000c000b42e                GDT::GDT()
                0x00000000c000b42e                GDT::GDT()
                0x00000000c000b444                GDT::addEntry(GDTEntry)
                0x00000000c000b480                GDT::getNumberOfEntries()
                0x00000000c000b488                GDT::flush()
                0x00000000c000b4aa                GDT::setup()
 .text          0x00000000c000b5ab       0x61 core/idle.32
                0x00000000c000b5ab                idleFunction(void*)
 .text          0x00000000c000b60c      0x45f core/idt.32
                0x00000000c000b60c                IDTEntry::IDTEntry(bool)
                0x00000000c000b60c                IDTEntry::IDTEntry(bool)
                0x00000000c000b67a                IDTEntry::setOffset(unsigned int)
                0x00000000c000b68e                IDT::IDT()
                0x00000000c000b68e                IDT::IDT()
                0x00000000c000b690                IDT::getPointerToInvalidOpcodeEntryForF00F()
                0x00000000c000b698                IDT::addEntry(IDTEntry, int)
                0x00000000c000b6b2                IDT::addEntry(int, void (*)(), bool)
                0x00000000c000b6ea                IDT::flush()
                0x00000000c000b704                IDT::setup()
 .text          0x00000000c000ba6b      0x20d core/kheap.32
                0x00000000c000ba6b                sbrk
                0x00000000c000bb83                mmap
                0x00000000c000bb99                munmap
                0x00000000c000bbaf                liballoc_lock()
                0x00000000c000bbc0                liballoc_unlock()
                0x00000000c000bbd1                liballoc_alloc(int)
                0x00000000c000bbec                liballoc_free(void*, int)
                0x00000000c000bc0a                realloc
                0x00000000c000bc1e                malloc
                0x00000000c000bc2e                free
                0x00000000c000bc3e                rfree
                0x00000000c000bc4e                calloc
 .text          0x00000000c000bc78      0x38d core/main.32
                0x00000000c000bc78                hwTextMode_loadInData(VgaText*)
                0x00000000c000bcbd                hwTextMode_loadInTitle(VgaText*, char*)
                0x00000000c000bcff                hwTextMode_showCursor(VgaText*, bool)
                0x00000000c000bd53                hwTextMode_update(VgaText*)
                0x00000000c000bd54                hwTextMode_updateCursor(VgaText*)
                0x00000000c000bd9c                hwTextMode_disableBlink(VgaText*, bool)
                0x00000000c000bdd8                hwTextMode_scrollScreen(VgaText*)
                0x00000000c000be5e                hwTextMode_writeCharacter(VgaText*, char, VgaColour, VgaColour, int, int)
                0x00000000c000bebc                setupTextMode()
                0x00000000c000bf0d                kernel_main
 .text          0x00000000c000c005      0x4f3 core/physmgr.32
                0x00000000c000c005                Phys::allocateDMA(unsigned long)
                0x00000000c000c0a8                Phys::freeDMA(unsigned long, unsigned long)
                0x00000000c000c0f0                Phys::setPageState(unsigned long, bool)
                0x00000000c000c122                Phys::getPageState(unsigned long)
                0x00000000c000c13e                Phys::freePage(unsigned long)
                0x00000000c000c1c8                Phys::allocatePage()
                0x00000000c000c290                Phys::allowSegmentToBeUsed(unsigned long, unsigned long)
                0x00000000c000c2c8                Phys::physicalMemorySetup(unsigned int)
 .text          0x00000000c000c4f8      0x273 core/pipe.32
                0x00000000c000c4f8                Pipe::isAtty()
                0x00000000c000c4fc                Pipe::~Pipe()
                0x00000000c000c4fc                Pipe::~Pipe()
                0x00000000c000c520                Pipe::~Pipe()
                0x00000000c000c548                Pipe::read(unsigned long long, void*, int*)
                0x00000000c000c63c                Pipe::write(unsigned long long, void*, int*)
                0x00000000c000c704                Pipe::Pipe(int)
                0x00000000c000c704                Pipe::Pipe(int)
 *fill*         0x00000000c000c76b        0x1 
 .text          0x00000000c000c76c      0xf65 core/terminal.32
                0x00000000c000c76c                VgaText::isAtty()
                0x00000000c000c770                VgaText::~VgaText()
                0x00000000c000c770                VgaText::~VgaText()
                0x00000000c000c794                VgaText::~VgaText()
                0x00000000c000c7be                VgaText::read(unsigned long long, void*, int*)
                0x00000000c000c7de                setTerminalScrollLock(bool)
                0x00000000c000c7df                addToTerminalCycle(VgaText*)
                0x00000000c000c80c                installVgaTextImplementation()
                0x00000000c000c821                scrollTerminalScrollLock(int)
                0x00000000c000c822                VgaText::load()
                0x00000000c000c876                VgaText::updateCursor()
                0x00000000c000c890                VgaText::showCursor(bool)
                0x00000000c000c8a0                VgaText::disableBlink(bool)
                0x00000000c000c8da                VgaText::doANSI_SGR(int)
                0x00000000c000c966                VgaText::setDefaultBgColour(VgaColour)
                0x00000000c000c97c                VgaText::setDefaultFgColour(VgaColour)
                0x00000000c000c992                VgaText::setDefaultColours(VgaColour, VgaColour)
                0x00000000c000c9b2                VgaText::combineColours(unsigned char, unsigned char)
                0x00000000c000c9c4                VgaText::scrollScreen()
                0x00000000c000ca58                VgaText::combineCharAndColour(char, unsigned char)
                0x00000000c000ca6a                VgaText::writeCharacter(char, VgaColour, VgaColour, int, int)
                0x00000000c000caca                VgaText::getCursorX()
                0x00000000c000cad6                VgaText::getCursorY()
                0x00000000c000cae2                VgaText::setCursor(int, int)
                0x00000000c000cb00                VgaText::setCursorX(int)
                0x00000000c000cb1c                VgaText::setCursorY(int)
                0x00000000c000cb38                VgaText::incrementCursor(bool)
                0x00000000c000cba0                VgaText::updateRAMUsageDisplay(int)
                0x00000000c000cbfa                VgaText::updateDiskUsage()
                0x00000000c000cd60                VgaText::updateTitle()
                0x00000000c000cda6                VgaText::setTitleTextColour(VgaColour)
                0x00000000c000cdb6                VgaText::setTitleColour(VgaColour)
                0x00000000c000cdc6                VgaText::setTitle(char*)
                0x00000000c000cdec                VgaText::decrementCursor(bool)
                0x00000000c000ce14                VgaText::putchar(char, VgaColour, VgaColour)
                0x00000000c000cf10                VgaText::isShowingCursor()
                0x00000000c000cf1c                VgaText::isBlinkDisabled()
                0x00000000c000cf2a                VgaText::setCursorHeight(int)
                0x00000000c000cf48                VgaText::getCursorHeight()
                0x00000000c000cf53                setActiveTerminal(VgaText*)
                0x00000000c000d005                doTerminalCycle()
                0x00000000c000d022                VgaText::doUpdate()
                0x00000000c000d034                VgaText::puts(char const*, VgaColour, VgaColour)
                0x00000000c000d1f4                VgaText::clearScreen()
                0x00000000c000d258                VgaText::putchar(char)
                0x00000000c000d372                VgaText::puts(char const*)
                0x00000000c000d398                VgaText::putx(unsigned int)
                0x00000000c000d3de                VgaText::VgaText(char const*)
                0x00000000c000d3de                VgaText::VgaText(char const*)
                0x00000000c000d570                VgaText::receiveKey(unsigned char)
                0x00000000c000d658                VgaText::write(unsigned long long, void*, int*)
                0x00000000c000d6ac                newTerminal(char*)
 *fill*         0x00000000c000d6d1        0x1 
 .text          0x00000000c000d6d2      0x18f core/tss.32
                0x00000000c000d6d2                TSS::TSS()
                0x00000000c000d6d2                TSS::TSS()
                0x00000000c000d6e0                TSS::setESP(unsigned long)
                0x00000000c000d6f2                TSS::flush()
                0x00000000c000d712                TSS::setup(unsigned long, unsigned long)
 *fill*         0x00000000c000d861        0x1 
 .text          0x00000000c000d862      0x545 core/unixfile.32
                0x00000000c000d862                ReservedFilename::read(unsigned long long, void*, int*)
                0x00000000c000d8f8                ReservedFilename::isAtty()
                0x00000000c000d92e                ReservedFilename::write(unsigned long long, void*, int*)
                0x00000000c000d9c8                UnixFile::getFileDescriptor()
                0x00000000c000d9d0                UnixFile::UnixFile(int)
                0x00000000c000d9d0                UnixFile::UnixFile(int)
                0x00000000c000db40                ReservedFilename::ReservedFilename(int)
                0x00000000c000db40                ReservedFilename::ReservedFilename(int)
                0x00000000c000db72                UnixFile::~UnixFile()
                0x00000000c000db72                UnixFile::~UnixFile()
                0x00000000c000dc0a                UnixFile::~UnixFile()
                0x00000000c000dc32                ReservedFilename::~ReservedFilename()
                0x00000000c000dc32                ReservedFilename::~ReservedFilename()
                0x00000000c000dc56                ReservedFilename::~ReservedFilename()
                0x00000000c000dc7d                getFromFileDescriptor(int)
 *fill*         0x00000000c000dda7        0x1 
 .text          0x00000000c000dda8      0xec7 core/virtmgr.32
                0x00000000c000dda8                Virt::setPageState(unsigned long, Virt::VirtPageState)
                0x00000000c000dddd                Virt::getPageState(unsigned long)
                0x00000000c000de01                Virt::allocateKernelVirtualPages(int)
                0x00000000c000df12                Virt::virtualMemorySetup()
                0x00000000c000df91                Virt::getAKernelVAS()
                0x00000000c000df97                Virt::setupPageSwapping(int)
                0x00000000c000e0bc                VAS::VAS()
                0x00000000c000e0bc                VAS::VAS()
                0x00000000c000e0ec                VAS::VAS(VAS*)
                0x00000000c000e0ec                VAS::VAS(VAS*)
                0x00000000c000e110                VAS::getForeignPageTableEntry(bool, unsigned long)
                0x00000000c000e13c                VAS::getPageTableEntry(unsigned long)
                0x00000000c000e15b                Virt::freeKernelVirtualPages(unsigned long)
                0x00000000c000e27e                VAS::freeAllocatedPages(unsigned long)
                0x00000000c000e2a2                VAS::virtualToPhysical(unsigned long)
                0x00000000c000e2ba                VAS::reflagRange(unsigned long, int, int, int)
                0x00000000c000e2fa                VAS::setToWriteCombining(unsigned long, int)
                0x00000000c000e332                VAS::mapOtherVASIn(bool, VAS*)
                0x00000000c000e368                VAS::~VAS()
                0x00000000c000e368                VAS::~VAS()
                0x00000000c000e4d4                VAS::mapPage(unsigned long, unsigned long, int)
                0x00000000c000e5d4                VAS::allocatePages(int, int)
                0x00000000c000e7a4                VAS::setCPUSpecific(unsigned long)
                0x00000000c000e7c0                VAS::mapRange(unsigned long, unsigned long, int, int)
                0x00000000c000e88a                VAS::mapForeignPage(bool, VAS*, unsigned long, unsigned long, int)
                0x00000000c000e978                VAS::VAS(bool)
                0x00000000c000e978                VAS::VAS(bool)
                0x00000000c000eba8                mapVASFirstTime
 .text          0x00000000c000ec6f       0x93 coreobjs/c++.32
                0x00000000c000ec6f                __cxa_atexit
                0x00000000c000ec72                __cxa_finalize
                0x00000000c000ec73                __stack_chk_fail
                0x00000000c000ecd3                __cxa_pure_virtual
                0x00000000c000ece4                operator new(unsigned long)
                0x00000000c000ece9                operator new[](unsigned long)
                0x00000000c000ecee                operator delete(void*)
                0x00000000c000ecf3                operator delete(void*, unsigned long)
                0x00000000c000ecf8                operator delete[](void*)
                0x00000000c000ecfd                operator delete[](void*, unsigned long)
 .text          0x00000000c000ed02      0x1ef dbg/kconsole.32
                0x00000000c000ed02                Dbg::stringifyxWithBase(unsigned int, char*, int)
                0x00000000c000ed63                Dbg::logc(char)
                0x00000000c000ed7a                Dbg::logs(char*)
                0x00000000c000ed97                Dbg::logWriteInt(unsigned int)
                0x00000000c000edb4                Dbg::logWriteIntBase(unsigned int, int)
                0x00000000c000edd3                Dbg::kprintf(char const*, ...)
 *fill*         0x00000000c000eef1        0x1 
 .text          0x00000000c000eef2      0xb68 fs/vfs.32
                0x00000000c000eef2                File::read(unsigned long long, void*, int*)
                0x00000000c000ef4a                File::write(unsigned long long, void*, int*)
                0x00000000c000efa2                Directory::read(unsigned long long, void*, int*)
                0x00000000c000effa                Directory::write(unsigned long long, void*, int*)
                0x00000000c000f028                File::isAtty()
                0x00000000c000f02c                Directory::isAtty()
                0x00000000c000f030                Filesystem::getlabel(LogicalDisk*, int, char*, unsigned int*)
                0x00000000c000f036                Filesystem::setlabel(LogicalDisk*, int, char*)
                0x00000000c000f03c                File::~File()
                0x00000000c000f03c                File::~File()
                0x00000000c000f060                File::~File()
                0x00000000c000f08a                Directory::~Directory()
                0x00000000c000f08a                Directory::~Directory()
                0x00000000c000f0ae                Directory::~Directory()
                0x00000000c000f0d8                Filesystem::Filesystem()
                0x00000000c000f0d8                Filesystem::Filesystem()
                0x00000000c000f0fc                Filesystem::~Filesystem()
                0x00000000c000f0fc                Filesystem::~Filesystem()
                0x00000000c000f10a                Filesystem::~Filesystem()
                0x00000000c000f12e                initVFS()
                0x00000000c000f158                standardiseFiles(char*, char const*, char const*)
                0x00000000c000f302                File::File(char const*, Process*)
                0x00000000c000f302                File::File(char const*, Process*)
                0x00000000c000f366                File::open(FileOpenMode)
                0x00000000c000f3c4                File::close()
                0x00000000c000f424                File::seek(unsigned long long)
                0x00000000c000f47a                File::tell(unsigned long long*)
                0x00000000c000f4ca                File::rewind()
                0x00000000c000f4de                File::unlink()
                0x00000000c000f52a                File::rename(char const*)
                0x00000000c000f578                File::chfatattr(unsigned char, unsigned char)
                0x00000000c000f5d4                File::exists()
                0x00000000c000f612                File::stat(unsigned long long*, bool*)
                0x00000000c000f673                getcwd(Process*, char*, int)
                0x00000000c000f69d                setcwd(Process*, char*)
                0x00000000c000f7c4                Directory::Directory(char const*, Process*)
                0x00000000c000f7c4                Directory::Directory(char const*, Process*)
                0x00000000c000f828                Directory::open()
                0x00000000c000f884                Directory::close()
                0x00000000c000f8e4                Directory::unlink()
                0x00000000c000f930                Directory::rename(char const*)
                0x00000000c000f97e                Directory::exists()
                0x00000000c000f9bc                Directory::read(dirent*)
                0x00000000c000fa08                Directory::create()
                0x00000000c000fa54                Filesystem::chfatattr(char const*, unsigned char, unsigned char)
 .text          0x00000000c000fa5a       0x84 hal/bus.32
                0x00000000c000fa5a                Bus::Bus(char const*)
                0x00000000c000fa5a                Bus::Bus(char const*)
                0x00000000c000fa90                Bus::~Bus()
                0x00000000c000fa90                Bus::~Bus()
                0x00000000c000fab4                Bus::~Bus()
 .text          0x00000000c000fade      0x14e hal/buzzer.32
                0x00000000c000fade                Buzzer::Buzzer(char const*)
                0x00000000c000fade                Buzzer::Buzzer(char const*)
                0x00000000c000fb22                Buzzer::~Buzzer()
                0x00000000c000fb22                Buzzer::~Buzzer()
                0x00000000c000fb46                Buzzer::~Buzzer()
                0x00000000c000fb70                Buzzer::stop()
                0x00000000c000fb83                beepThread(void*)
                0x00000000c000fbbe                Buzzer::beep(int, int, bool)
 .text          0x00000000c000fc2c      0x42f hal/clock.32
                0x00000000c000fc2c                loadClockSettings()
                0x00000000c000fc46                Clock::Clock(char const*)
                0x00000000c000fc46                Clock::Clock(char const*)
                0x00000000c000fc7c                Clock::~Clock()
                0x00000000c000fc7c                Clock::~Clock()
                0x00000000c000fca0                Clock::~Clock()
                0x00000000c000fcca                Clock::timeInSecondsLocal()
                0x00000000c000fd12                Clock::setTimeInSecondsLocal(unsigned long long)
                0x00000000c000fd6b                datetimeToSeconds(datetime_t)
                0x00000000c000fe92                Clock::setTimeInDatetimeLocal(datetime_t)
                0x00000000c000fef2                secondsToDatetime(unsigned long long)
                0x00000000c0010036                Clock::timeInDatetimeLocal()
 *fill*         0x00000000c001005b        0x1 
 .text          0x00000000c001005c      0x504 hal/device.32
                0x00000000c001005c                Device::hibernate()
                0x00000000c001005e                Device::wake()
                0x00000000c0010060                Device::detect()
                0x00000000c0010062                Device::disableLegacy()
                0x00000000c0010064                Device::powerSaving(PowerSavingLevel)
                0x00000000c0010066                DriverlessDevice::close(int, int, void*)
                0x00000000c001006a                DriverlessDevice::detect()
                0x00000000c001006c                DriverlessDevice::open(int, int, void*)
                0x00000000c0010080                Device::~Device()
                0x00000000c0010080                Device::~Device()
                0x00000000c001008e                Device::~Device()
                0x00000000c00100b6                Device::findAndLoadDriver()
                0x00000000c00100b8                Device::preOpenPCI(PCIDeviceInfo)
                0x00000000c00100de                Device::preOpenACPI(void*, char*, char*)
                0x00000000c0010132                Device::addIRQHandler(int, void (*)(regs*, void*), bool, void*)
                0x00000000c0010190                Device::removeIRQHandler(int, void (*)(regs*, void*), bool)
                0x00000000c00101de                Device::addChild(Device*)
                0x00000000c0010222                Device::removeAllChildren()
                0x00000000c0010268                Device::hibernateAll()
                0x00000000c0010298                Device::wakeAll()
                0x00000000c00102c8                Device::detectAll()
                0x00000000c00102f8                Device::disableLegacyAll()
                0x00000000c0010328                Device::loadDriversForAll()
                0x00000000c0010354                Device::closeAll()
                0x00000000c001038a                Device::powerSavingAll(PowerSavingLevel)
                0x00000000c00103c0                Device::setName(char const*)
                0x00000000c00103ce                Device::Device(char const*)
                0x00000000c00103ce                Device::Device(char const*)
                0x00000000c00104c0                Device::getName()
                0x00000000c00104ca                DriverlessDevice::DriverlessDevice(char const*)
                0x00000000c00104ca                DriverlessDevice::DriverlessDevice(char const*)
                0x00000000c00104f2                Device::addToLinkedList(LinkedList<Device>&, DeviceType)
                0x00000000c0010536                getDevicesOfType(DeviceType)
 .text          0x00000000c0010560       0x84 hal/diskctrl.32
                0x00000000c0010560                HardDiskController::HardDiskController(char const*)
                0x00000000c0010560                HardDiskController::HardDiskController(char const*)
                0x00000000c0010596                HardDiskController::~HardDiskController()
                0x00000000c0010596                HardDiskController::~HardDiskController()
                0x00000000c00105ba                HardDiskController::~HardDiskController()
 .text          0x00000000c00105e4       0xde hal/diskphys.32
                0x00000000c00105e4                PhysicalDisk::PhysicalDisk(char const*, int)
                0x00000000c00105e4                PhysicalDisk::PhysicalDisk(char const*, int)
                0x00000000c001064c                PhysicalDisk::startCache()
                0x00000000c0010674                PhysicalDisk::~PhysicalDisk()
                0x00000000c0010674                PhysicalDisk::~PhysicalDisk()
                0x00000000c0010698                PhysicalDisk::~PhysicalDisk()
 .text          0x00000000c00106c2      0x142 hal/fpu.32
                0x00000000c00106c2                FPU::FPU(char const*)
                0x00000000c00106c2                FPU::FPU(char const*)
                0x00000000c00106f8                FPU::~FPU()
                0x00000000c00106f8                FPU::~FPU()
                0x00000000c001071c                FPU::~FPU()
                0x00000000c0010746                setupFPU()
 .text          0x00000000c0010804      0xc21 hal/intctrl.32
                0x00000000c0010804                InterruptController::uninstallISRHandler(int, void (*)(regs*, void*))
                0x00000000c001083c                InterruptController::installISRHandler(int, void (*)(regs*, void*), void*)
                0x00000000c001088e                doubleFault(regs*, void*)
                0x00000000c001089c                InterruptController::installIRQHandler(int, void (*)(regs*, void*), bool, void*)
                0x00000000c0010938                InterruptController::clearAllHandlers(int, bool)
                0x00000000c00109e0                InterruptController::uninstallIRQHandler(int, void (*)(regs*, void*), bool)
                0x00000000c0010a67                nmiHandler(regs*, void*)
                0x00000000c0010a75                int_handler
                0x00000000c0010b10                InterruptController::InterruptController(char const*)
                0x00000000c0010b10                InterruptController::InterruptController(char const*)
                0x00000000c0010bb6                InterruptController::~InterruptController()
                0x00000000c0010bb6                InterruptController::~InterruptController()
                0x00000000c0010bda                InterruptController::~InterruptController()
                0x00000000c0010c04                displayDebugInfo(regs*)
                0x00000000c001101b                x87EmulHandler(regs*, void*)
                0x00000000c001107e                gpFault(regs*, void*)
                0x00000000c00110b7                pgFault(regs*, void*)
                0x00000000c00110ce                otherISRHandler(regs*, void*)
                0x00000000c00110ed                opcodeFault(regs*, void*)
                0x00000000c0011157                displayProgramFault(char const*)
                0x00000000c0011180                InterruptController::convertLegacyIRQNumber(int)
                0x00000000c00111ca                setupInterruptController()
 *fill*         0x00000000c0011425        0x1 
 .text          0x00000000c0011426      0x608 hal/keybrd.32
                0x00000000c0011426                startGUI(void*)
                0x00000000c0011498                sendKeyToTerminal(unsigned char)
                0x00000000c0011504                sendKeyboardToken(KeyboardToken)
                0x00000000c00118df                clearInternalKeybuffer(VgaText*)
                0x00000000c0011914                readKeyboard(VgaText*, char*, unsigned long)
                0x00000000c00119a4                Keyboard::Keyboard(char const*)
                0x00000000c00119a4                Keyboard::Keyboard(char const*)
                0x00000000c00119e0                Keyboard::~Keyboard()
                0x00000000c00119e0                Keyboard::~Keyboard()
                0x00000000c0011a04                Keyboard::~Keyboard()
 .text          0x00000000c0011a2e      0x400 hal/logidisk.32
                0x00000000c0011a2e                LogicalDisk::close(int, int, void*)
                0x00000000c0011a32                LogicalDisk::~LogicalDisk()
                0x00000000c0011a32                LogicalDisk::~LogicalDisk()
                0x00000000c0011a56                LogicalDisk::~LogicalDisk()
                0x00000000c0011a80                LogicalDisk::open(int, int, void*)
                0x00000000c0011a94                LogicalDisk::absoluteToRelative(unsigned long long)
                0x00000000c0011acc                LogicalDisk::relativeToAbsolute(unsigned long long)
                0x00000000c0011b12                LogicalDisk::LogicalDisk(char const*, PhysicalDisk*, unsigned long long, unsigned long long)
                0x00000000c0011b12                LogicalDisk::LogicalDisk(char const*, PhysicalDisk*, unsigned long long, unsigned long long)
                0x00000000c0011bc8                LogicalDisk::assignDriveLetter()
                0x00000000c0011c7e                LogicalDisk::mount()
                0x00000000c0011cf0                LogicalDisk::unmount()
                0x00000000c0011d00                LogicalDisk::unassignDriveLetter()
                0x00000000c0011d56                LogicalDisk::read(unsigned long long, int, void*)
                0x00000000c0011dc2                LogicalDisk::write(unsigned long long, int, void*)
 .text          0x00000000c0011e2e       0x84 hal/mouse.32
                0x00000000c0011e2e                Mouse::Mouse(char const*)
                0x00000000c0011e2e                Mouse::Mouse(char const*)
                0x00000000c0011e64                Mouse::~Mouse()
                0x00000000c0011e64                Mouse::~Mouse()
                0x00000000c0011e88                Mouse::~Mouse()
 .text          0x00000000c0011eb2      0x339 hal/partition.32
                0x00000000c0011eb2                makePartition(PhysicalDisk*, unsigned long long, unsigned long long)
                0x00000000c0011f5a                createPartitionsForDisk(PhysicalDisk*)
 *fill*         0x00000000c00121eb        0x1 
 .text          0x00000000c00121ec      0x2e7 hal/timer.32
                0x00000000c00121ec                Timer::Timer(char const*)
                0x00000000c00121ec                Timer::Timer(char const*)
                0x00000000c0012222                Timer::~Timer()
                0x00000000c0012222                Timer::~Timer()
                0x00000000c0012246                Timer::~Timer()
                0x00000000c0012270                Timer::read()
                0x00000000c001227b                timerHandler(unsigned long long)
                0x00000000c00123b2                setupTimer(int)
 *fill*         0x00000000c00124d3        0x1 
 .text          0x00000000c00124d4      0x2d1 hal/vcache.32
                0x00000000c00124d4                VCache::VCache(PhysicalDisk*)
                0x00000000c00124d4                VCache::VCache(PhysicalDisk*)
                0x00000000c00125c4                VCache::writeWriteBuffer()
                0x00000000c0012600                VCache::~VCache()
                0x00000000c0012600                VCache::~VCache()
                0x00000000c0012640                VCache::~VCache()
                0x00000000c0012668                VCache::write(unsigned long long, int, void*)
                0x00000000c001274c                VCache::read(unsigned long long, int, void*)
 *fill*         0x00000000c00127a5        0x1 
 .text          0x00000000c00127a6      0x26d hal/video.32
                0x00000000c00127a6                Video::putrect(int, int, int, int, unsigned int)
                0x00000000c00127f0                Video::blit(unsigned int*, int, int, int, int)
                0x00000000c001286e                Video::clearScreen(unsigned int)
                0x00000000c00128a2                Video::putpixel(int, int, unsigned int)
                0x00000000c00128b0                Video::Video(char const*)
                0x00000000c00128b0                Video::Video(char const*)
                0x00000000c00128e6                Video::~Video()
                0x00000000c00128e6                Video::~Video()
                0x00000000c001290a                Video::~Video()
                0x00000000c0012934                Video::isMonochrome()
                0x00000000c0012940                Video::getWidth()
                0x00000000c001294c                Video::getHeight()
                0x00000000c0012958                Video::drawCursor(int, int, unsigned char*, int)
 *fill*         0x00000000c0012a13        0x1 
 .text          0x00000000c0012a14      0xd28 hw/acpi.32
                0x00000000c0012a14                ACPI::close(int, int, void*)
                0x00000000c0012ac9                findRSDP()
                0x00000000c0012b53                loadACPITables(unsigned char*)
                0x00000000c0012d7a                findRSDT(unsigned char*)
                0x00000000c0012e98                findDataTable(unsigned char*, char*)
                0x00000000c0012f34                scanMADT()
                0x00000000c00132c8                ACPI::ACPI()
                0x00000000c00132c8                ACPI::ACPI()
                0x00000000c0013328                ACPI::getPCIIRQAssignment(unsigned char, unsigned short, unsigned char)
                0x00000000c001340a                ACPI::registerPCIIRQAssignment(void*, unsigned short, unsigned char, unsigned char)
                0x00000000c0013510                ACPI::setScreenBrightnessLevel(void*, int)
                0x00000000c0013516                ACPI::writeSimpleBootFlag(SimpleBootFlagTable*)
                0x00000000c001355e                ACPI::open(int, int, void*)
                0x00000000c0013724                ACPI::sleep()
 .text          0x00000000c001373c     0x15ae hw/cpu.32
                0x00000000c001373c                CPU::close(int, int, void*)
                0x00000000c001373f                lookupAMDCPUName(unsigned char, unsigned char)
                0x00000000c00138d3                lookupIntelCPUName(unsigned char, unsigned char)
                0x00000000c0013b81                AMD_K6_write_msr(unsigned int, unsigned int, unsigned int, REGS*)
                0x00000000c0013b9d                AMD_K6_read_msr(unsigned int, REGS*)
                0x00000000c0013bb5                AMD_K6_writeback(int, int, int)
                0x00000000c0013c28                cpuid(int, unsigned long*, unsigned long*, unsigned long*, unsigned long*)
                0x00000000c0013cab                cpuidCheckEDX(unsigned int)
                0x00000000c0013cd8                cpuidCheckECX(unsigned int)
                0x00000000c0013d05                cpuidCheckExtendedEBX(unsigned int)
                0x00000000c0013d32                cpuidCheckExtendedECX(unsigned int)
                0x00000000c0013d5f                getCPUNumber()
                0x00000000c0013d62                thisCPU()
                0x00000000c0013d76                CPU::CPU()
                0x00000000c0013d76                CPU::CPU()
                0x00000000c0013e04                CPU::displayFeatures()
                0x00000000c0014080                CPU::detectFeatures()
                0x00000000c0014a72                CPU::setupSMEP()
                0x00000000c0014a8c                CPU::setupUMIP()
                0x00000000c0014aa4                CPU::setupTSC()
                0x00000000c0014abc                CPU::setupLargePages()
                0x00000000c0014ad4                CPU::setupPAT()
                0x00000000c0014b10                CPU::setupMTRR()
                0x00000000c0014b12                CPU::setupGlobalPages()
                0x00000000c0014b28                CPU::allowUsermodeDataAccess()
                0x00000000c0014b3a                CPU::prohibitUsermodeDataAccess()
                0x00000000c0014b4c                CPU::setupSMAP()
                0x00000000c0014b72                CPU::setupFeatures()
                0x00000000c0014c14                CPU::open(int, int, void*)
 .text          0x00000000c0014cea        0x0 hw/ports.32
 .text          0x00000000c0014cea      0x338 krnl/panic.32
                0x00000000c0014cea                Krnl::panic(char const*)
 .text          0x00000000c0015022      0x503 reg/registry.32
                0x00000000c0015022                Reg::findLineFromLoadedData(char*, char*, char*)
                0x00000000c001517a                Reg::getLineFromRegistry(char*, char*, char*, char*)
                0x00000000c00152d9                Reg::getLine(char*, char*, char*)
                0x00000000c0015310                Reg::readInt(char*, char*, int*)
                0x00000000c00153fb                Reg::readString(char*, char*, char*, int)
                0x00000000c001547c                Reg::readBool(char*, char*, bool*)
                0x00000000c00154a1                Reg::readBoolWithDefault(char*, char*, bool)
                0x00000000c00154cd                Reg::readIntWithDefault(char*, char*, int)
                0x00000000c00154f9                Reg::readStringWithDefault(char*, char*, char*, int, char*)
 .text          0x00000000c0015525       0x18 sys/sc_exit.32
                0x00000000c0015525                Sys::exit(regs*)
 .text          0x00000000c001553d       0x95 sys/sc_loaddll.32
                0x00000000c001553d                Sys::loadDLL(regs*)
 .text          0x00000000c00155d2       0x68 sys/sc_read.32
                0x00000000c00155d2                Sys::read(regs*)
 .text          0x00000000c001563a       0x55 sys/sc_sbrk.32
                0x00000000c001563a                Sys::sbrk(regs*)
 .text          0x00000000c001568f       0x83 sys/sc_write.32
                0x00000000c001568f                Sys::write(regs*)
 .text          0x00000000c0015712       0x1a sys/sc_yield.32
                0x00000000c0015712                Sys::yield(regs*)
 .text          0x00000000c001572c      0xf85 sys/syscalls.32
                0x00000000c001572c                sysCallGetPID(regs*)
                0x00000000c0015738                sysCallSeekDir(regs*)
                0x00000000c001573d                sysCallTellDir(regs*)
                0x00000000c0015742                sysCallVerify(regs*)
                0x00000000c001574c                sysCallFork(regs*)
                0x00000000c0015757                sysCallExecve(regs*)
                0x00000000c0015762                sysCallGetArgc(regs*)
                0x00000000c0015772                sysFormatDisk(regs*)
                0x00000000c00157dc                sysSetDiskVolumeLabel(regs*)
                0x00000000c0015822                sysGetDiskVolumeLabel(regs*)
                0x00000000c0015873                sysShutdown(regs*)
                0x00000000c00158d1                sysCallGetCwd(regs*)
                0x00000000c00158f0                sysCallSetCwd(regs*)
                0x00000000c001590c                sysCallRealpath(regs*)
                0x00000000c001594f                sysCallReadDir(regs*)
                0x00000000c00159dd                sysCallIsATTY(regs*)
                0x00000000c0015a37                sysCallSeek(regs*)
                0x00000000c0015aa0                sysCallTell(regs*)
                0x00000000c0015b1d                sysCallSizeFromFilename(regs*)
                0x00000000c0015bce                sysCallSize(regs*)
                0x00000000c0015c51                sysCallClose(regs*)
                0x00000000c0015cd9                sysCallOpenDir(regs*)
                0x00000000c0015d46                sysCallMakeDir(regs*)
                0x00000000c0015d9f                sysCallCloseDir(regs*)
                0x00000000c0015e05                sysCallWait(regs*)
                0x00000000c0015e1f                sysCallRmdir(regs*)
                0x00000000c0015e71                sysCallUnlink(regs*)
                0x00000000c0015ec3                sysCallGetArgv(regs*)
                0x00000000c0015f0f                sysCallTTYName(regs*)
                0x00000000c0015f92                sysCallGetEnv(regs*)
                0x00000000c0015fe4                sysCallUSleep(regs*)
                0x00000000c001600b                sysCallSpawn(regs*)
                0x00000000c0016063                sysAppSettings(regs*)
                0x00000000c0016182                sysSetFatAttrib(regs*)
                0x00000000c00161e2                sysPanic(regs*)
                0x00000000c0016208                sysPipe(regs*)
                0x00000000c001624d                sysGetUnixTime(regs*)
                0x00000000c0016261                string_ends_with(char const*, char const*)
                0x00000000c00162a9                sysCallOpen(regs*)
                0x00000000c00164b6                setupSystemCalls()
                0x00000000c001666f                systemCall(regs*, void*)
 .text          0x00000000c00166b1     0x11c7 thr/elf.32
                0x00000000c00166b1                Thr::allocateMemoryForTask(Process*, File*, unsigned long, unsigned long, unsigned long)
                0x00000000c001692e                Thr::loadProgramIntoMemory(Process*, char const*)
                0x00000000c0016b44                Thr::runtimeReferenceHelper()
                0x00000000c0016b57                Thr::getAddressOfKernelSymbol(char const*)
                0x00000000c0016ba6                Thr::loadKernelSymbolTable(char const*)
                0x00000000c0016e67                Thr::loadDriverIntoMemory(char const*, unsigned long, bool)
                0x00000000c0017605                Thr::getDriverBaseFromAddress(unsigned long)
                0x00000000c0017637                Thr::getDriverNameFromAddress(unsigned long)
                0x00000000c001766e                Thr::getDriverOffsetFromAddress(unsigned long)
                0x00000000c0017688                Thr::loadDLL(char const*, bool)
                0x00000000c001784e                Thr::executeDLL(unsigned long, void*)
 .text          0x00000000c0017878      0xfce thr/prcssthr.32
                0x00000000c0017878                changeTSS
                0x00000000c00178a6                Process::addArgs(char**)
                0x00000000c0017900                Process::Process(char const*, Process*, char**)
                0x00000000c0017900                Process::Process(char const*, Process*, char**)
                0x00000000c0017ab8                Process::Process(bool, char const*, Process*, char**)
                0x00000000c0017ab8                Process::Process(bool, char const*, Process*, char**)
                0x00000000c0017c3b                disableIRQs()
                0x00000000c0017c43                getIRQNestingLevel()
                0x00000000c0017c49                enableIRQs()
                0x00000000c0017c58                lockScheduler()
                0x00000000c0017c5a                unlockScheduler()
                0x00000000c0017c5c                userModeEntryPoint(void*)
                0x00000000c0017c7f                lockStuff()
                0x00000000c0017c8b                taskStartupFunction
                0x00000000c0017c94                updateTimeUsed()
                0x00000000c0017cf2                switchToThread(ThreadControlBlock*)
                0x00000000c0017d42                Semaphore::Semaphore(int)
                0x00000000c0017d42                Semaphore::Semaphore(int)
                0x00000000c0017d70                Mutex::Mutex()
                0x00000000c0017d70                Mutex::Mutex()
                0x00000000c0017d82                Process::createThread(void (*)(void*), void*, int)
                0x00000000c0017e66                Process::createUserThread()
                0x00000000c0017e82                setupMultitasking(void (*)())
                0x00000000c0017f8c                schedule()
                0x00000000c0018011                unlockStuff()
                0x00000000c0018046                Semaphore::tryAcquire()
                0x00000000c0018074                Semaphore::assertLocked(char const*)
                0x00000000c00180a4                blockTaskWithSchedulerLockAlreadyHeld(TaskState)
                0x00000000c00180e6                blockTask(TaskState)
                0x00000000c0018107                waitTask(int, int*, int)
                0x00000000c0018149                nanoSleepUntil(unsigned long long)
                0x00000000c00181a0                nanoSleep(unsigned long long)
                0x00000000c00181b5                sleep(unsigned long long)
                0x00000000c00181d2                Semaphore::acquire()
                0x00000000c001823a                taskReturned
                0x00000000c0018268                unblockTask(ThreadControlBlock*)
                0x00000000c0018317                cleanupTerminatedTask(ThreadControlBlock*)
                0x00000000c00185bb                cleanerTaskFunction(void*)
                0x00000000c001866e                terminateTask(int)
                0x00000000c001874e                Thr::terminateFromIRQ(int)
                0x00000000c001875a                Semaphore::release()
 .text          0x00000000c0018846      0x8bf vm86/vm8086.32
                0x00000000c0018846                Vm::vm8086EntryPoint(void*)
                0x00000000c0018871                Vm::inbv(unsigned short)
                0x00000000c0018877                Vm::outbv(unsigned short, unsigned char)
                0x00000000c0018881                Vm::realToLinear(unsigned short, unsigned short)
                0x00000000c0018891                Vm::getSegment(unsigned int)
                0x00000000c0018899                Vm::getOffset(unsigned int)
                0x00000000c001889e                Vm::loadFileAsThread(Process*, char const*, unsigned short, unsigned short, unsigned short, unsigned short)
                0x00000000c00189cd                Vm::doISR(regs*, int, unsigned char*, unsigned short, unsigned short)
                0x00000000c0018a57                Vm::readByteFromReal(unsigned short, unsigned short)
                0x00000000c0018a68                Vm::readWordFromReal(unsigned short, unsigned short)
                0x00000000c0018a7a                Vm::readDwordFromReal(unsigned short, unsigned short)
                0x00000000c0018a8b                Vm::writeByteFromReal(unsigned short, unsigned short, unsigned char)
                0x00000000c0018aa0                Vm::writeWordFromReal(unsigned short, unsigned short, unsigned short)
                0x00000000c0018ab6                Vm::writeDwordFromReal(unsigned short, unsigned short, unsigned int)
                0x00000000c0018acb                Vm::faultHandler(regs*)
 *fill*         0x00000000c0019105        0x1 
 .text          0x00000000c0019106     0x10ed fs/fat/vfslink.32
                0x00000000c0019106                FAT::getName()
                0x00000000c001910c                FAT::tell(void*, unsigned long long*)
                0x00000000c0019140                FAT::stat(void*, unsigned long long*)
                0x00000000c0019174                FAT::~FAT()
                0x00000000c0019174                FAT::~FAT()
                0x00000000c0019198                FAT::~FAT()
                0x00000000c00191c0                FAT::getlabel(LogicalDisk*, int, char*, unsigned int*)
                0x00000000c001925e                FAT::setlabel(LogicalDisk*, int, char*)
                0x00000000c0019318                FAT::format(LogicalDisk*, int, char const*, int)
                0x00000000c00194fc                FAT::tryMount(LogicalDisk*, int)
                0x00000000c0019702                FAT::readDir(void*, unsigned long, void*, int*)
                0x00000000c0019808                FAT::read(void*, unsigned long, void*, int*)
                0x00000000c0019862                FAT::write(void*, unsigned long, void*, int*)
                0x00000000c00198bc                FAT::close(void*)
                0x00000000c0019908                FAT::closeDir(void*)
                0x00000000c0019954                FAT::seek(void*, unsigned long long)
                0x00000000c00199a8                fatWrapperReadDisk
                0x00000000c00199ef                fatWrapperWriteDisk
                0x00000000c0019a36                fatWrapperIoctl
                0x00000000c0019b3a                FAT::FAT()
                0x00000000c0019b3a                FAT::FAT()
                0x00000000c0019b8c                FAT::fixFilepath(char*)
                0x00000000c0019bc4                FAT::open(char const*, void**, FileOpenMode)
                0x00000000c0019cec                FAT::openDir(char const*, void**)
                0x00000000c0019d92                FAT::stat(char const*, unsigned long long*, bool*)
                0x00000000c0019e7c                FAT::unlink(char const*)
                0x00000000c0019ef6                FAT::chfatattr(char const*, unsigned char, unsigned char)
                0x00000000c001a04a                FAT::rename(char const*, char const*)
                0x00000000c001a10e                FAT::mkdir(char const*)
                0x00000000c001a188                FAT::exists(char const*)
 *fill*         0x00000000c001a1f3        0x1 
 .text          0x00000000c001a1f4      0xbdf fs/iso9660/vfslink.32
                0x00000000c001a1f4                ISO9660::format(LogicalDisk*, int, char const*, int)
                0x00000000c001a1fa                ISO9660::seek(void*, unsigned long long)
                0x00000000c001a22a                ISO9660::tell(void*, unsigned long long*)
                0x00000000c001a24e                ISO9660::getName()
                0x00000000c001a254                ISO9660::stat(void*, unsigned long long*)
                0x00000000c001a278                ISO9660::chfatattr(char const*, unsigned char, unsigned char)
                0x00000000c001a27e                ISO9660::unlink(char const*)
                0x00000000c001a284                ISO9660::write(void*, unsigned long, void*, int*)
                0x00000000c001a28a                ISO9660::rename(char const*, char const*)
                0x00000000c001a290                ISO9660::mkdir(char const*)
                0x00000000c001a296                ISO9660::close(void*)
                0x00000000c001a2b8                ISO9660::closeDir(void*)
                0x00000000c001a2da                ISO9660::~ISO9660()
                0x00000000c001a2da                ISO9660::~ISO9660()
                0x00000000c001a2fe                ISO9660::~ISO9660()
                0x00000000c001a325                __memmem(unsigned char*, int, unsigned char*, int)
                0x00000000c001a367                readSectorFromCDROM(unsigned int, unsigned char*, char)
                0x00000000c001a3ce                ISO9660::tryMount(LogicalDisk*, int)
                0x00000000c001a41e                ISO9660::read(void*, unsigned long, void*, int*)
                0x00000000c001a662                ISO9660::readDir(void*, unsigned long, void*, int*)
                0x00000000c001a8ef                readRoot(unsigned int*, unsigned int*, char)
                0x00000000c001a944                readRecursively(char*, unsigned int, unsigned int, unsigned int*, unsigned int*, char, int*)
                0x00000000c001ab17                getFileData(char*, unsigned int*, unsigned int*, char, int*)
                0x00000000c001aba6                ISO9660::open(char const*, void**, FileOpenMode)
                0x00000000c001ac40                ISO9660::exists(char const*)
                0x00000000c001ac64                ISO9660::stat(char const*, unsigned long long*, bool*)
                0x00000000c001acf8                ISO9660::openDir(char const*, void**)
                0x00000000c001adb0                ISO9660::ISO9660()
                0x00000000c001adb0                ISO9660::ISO9660()
 *fill*         0x00000000c001add3        0x1 
 .text          0x00000000c001add4      0x244 hal/sound/sndchannel.32
                0x00000000c001add4                SoundChannel::~SoundChannel()
                0x00000000c001add4                SoundChannel::~SoundChannel()
                0x00000000c001adf0                SoundChannel::setSpeed(float)
                0x00000000c001adfc                SoundChannel::getSpeed()
                0x00000000c001ae04                SoundChannel::setVolume(int)
                0x00000000c001ae20                SoundChannel::getVolume()
                0x00000000c001ae28                SoundChannel::pause()
                0x00000000c001ae32                SoundChannel::SoundChannel(int, int, int, int)
                0x00000000c001ae32                SoundChannel::SoundChannel(int, int, int, int)
                0x00000000c001af28                SoundChannel::play()
                0x00000000c001af32                SoundChannel::paused()
                0x00000000c001af3a                SoundChannel::getSampleRate()
                0x00000000c001af42                SoundChannel::getBits()
                0x00000000c001af4a                SoundChannel::getBufferUsed()
                0x00000000c001af52                SoundChannel::getBufferSize()
                0x00000000c001af5a                SoundChannel::unbuffer(float*, int, int)
                0x00000000c001afcc                SoundChannel::buffer8(unsigned char*, int)
 .text          0x00000000c001b018      0x317 hal/sound/sndhw.32
                0x00000000c001b018                SoundDevice::SoundDevice(char const*)
                0x00000000c001b018                SoundDevice::SoundDevice(char const*)
                0x00000000c001b084                SoundDevice::~SoundDevice()
                0x00000000c001b084                SoundDevice::~SoundDevice()
                0x00000000c001b0fe                SoundDevice::~SoundDevice()
                0x00000000c001b128                SoundDevice::getFreeChannelNum()
                0x00000000c001b142                SoundDevice::addChannel(SoundChannel*)
                0x00000000c001b1b2                SoundDevice::removeChannel(int)
                0x00000000c001b1e4                SoundDevice::floatTo8(float*, unsigned char*, int)
                0x00000000c001b250                SoundDevice::getAudio(int, float*, float*)
 .text          0x00000000c001b32f        0x0 hw/bus/isa.32
 *fill*         0x00000000c001b32f        0x1 
 .text          0x00000000c001b330      0x6e5 hw/bus/pci.32
                0x00000000c001b330                PCI::open(int, int, void*)
                0x00000000c001b344                PCI::close(int, int, void*)
                0x00000000c001b348                PCI::PCI()
                0x00000000c001b348                PCI::PCI()
                0x00000000c001b3c8                PCI::pciReadWord(unsigned char, unsigned char, unsigned char, unsigned char)
                0x00000000c001b410                PCI::getVendorID(unsigned char, unsigned char, unsigned char)
                0x00000000c001b432                PCI::getHeaderType(unsigned char, unsigned char, unsigned char)
                0x00000000c001b456                PCI::getClassCode(unsigned char, unsigned char, unsigned char)
                0x00000000c001b49a                PCI::getProgIF(unsigned char, unsigned char, unsigned char)
                0x00000000c001b4be                PCI::getRevisionID(unsigned char, unsigned char, unsigned char)
                0x00000000c001b4e0                PCI::getInterruptNumber(unsigned char, unsigned char, unsigned char)
                0x00000000c001b502                PCI::getSecondaryBus(unsigned char, unsigned char, unsigned char)
                0x00000000c001b526                PCI::getBARAddress(unsigned char, unsigned char, unsigned char, unsigned char)
                0x00000000c001b586                PCI::pciWriteWord(unsigned char, unsigned char, unsigned char, unsigned char, unsigned short)
                0x00000000c001b5f2                PCI::checkBus(unsigned char)
                0x00000000c001b616                PCI::foundDevice(PCIDeviceInfo)
                0x00000000c001b786                PCI::getDeviceData(unsigned char, unsigned char, unsigned char)
                0x00000000c001b956                PCI::checkDevice(unsigned char, unsigned char)
                0x00000000c001b9c2                PCI::detect()
 *fill*         0x00000000c001ba15        0x1 
 .text          0x00000000c001ba16      0xc70 hw/diskctrl/ide.32
                0x00000000c001ba16                IDE::close(int, int, void*)
                0x00000000c001ba1a                IDE::IDE()
                0x00000000c001ba1a                IDE::IDE()
                0x00000000c001ba4e                IDE::prepareInterrupt(unsigned char)
                0x00000000c001ba60                selectDrive(unsigned char, unsigned char)
                0x00000000c001ba62                IDE::getBase(unsigned char)
                0x00000000c001ba74                IDE::write(unsigned char, unsigned char, unsigned char)
                0x00000000c001bb34                IDE::read(unsigned char, unsigned char)
                0x00000000c001bbe2                IDE::waitInterrupt(unsigned char)
                0x00000000c001bc48                ideChannel0IRQHandler(regs*, void*)
                0x00000000c001bc64                ideChannel1IRQHandler(regs*, void*)
                0x00000000c001bc80                IDE::enableIRQs(unsigned char, bool)
                0x00000000c001bcc6                IDE::open(int, int, void*)
                0x00000000c001c0d6                IDE::readBuffer(unsigned char, unsigned char, unsigned int, unsigned int)
                0x00000000c001c1a2                IDE::detect()
                0x00000000c001c48a                IDE::printError(unsigned char, unsigned char, unsigned char)
                0x00000000c001c620                IDE::polling(unsigned char, unsigned int)
 .text          0x00000000c001c686      0x62b hw/diskphys/ata.32
                0x00000000c001c686                ATA::close(int, int, void*)
                0x00000000c001c6aa                ATA::powerSaving(PowerSavingLevel)
                0x00000000c001c6ac                ATA::ATA()
                0x00000000c001c6ac                ATA::ATA()
                0x00000000c001c6da                ATA::flush(bool)
                0x00000000c001c724                ATA::readyForCommand()
                0x00000000c001c774                ATA::access(unsigned long long, int, void*, bool)
                0x00000000c001caf2                ATA::read(unsigned long long, int, void*)
                0x00000000c001cb5a                ATA::write(unsigned long long, int, void*)
                0x00000000c001cbc2                ATA::detectCHS()
                0x00000000c001cbec                ATA::open(int, int, void*)
 *fill*         0x00000000c001ccb1        0x1 
 .text          0x00000000c001ccb2      0x5b3 hw/diskphys/atapi.32
                0x00000000c001ccb2                ATAPI::write(unsigned long long, int, void*)
                0x00000000c001ccb8                ATAPI::close(int, int, void*)
                0x00000000c001ccdc                ATAPI::ATAPI()
                0x00000000c001ccdc                ATAPI::ATAPI()
                0x00000000c001cd0a                ATAPI::readyForCommand()
                0x00000000c001cd5a                ATAPI::sendPacket(unsigned char*, int, bool, unsigned short*, int)
                0x00000000c001d01a                ATAPI::diskRemoved()
                0x00000000c001d036                ATAPI::eject()
                0x00000000c001d07c                ATAPI::diskInserted()
                0x00000000c001d0aa                ATAPI::detectMedia()
                0x00000000c001d166                ATAPI::open(int, int, void*)
                0x00000000c001d1e6                ATAPI::read(unsigned long long, int, void*)
 *fill*         0x00000000c001d265        0x1 
 .text          0x00000000c001d266       0x8e hw/fpu/avx.32
                0x00000000c001d266                AVX::open(int, int, void*)
                0x00000000c001d278                AVX::close(int, int, void*)
                0x00000000c001d28a                AVX::available()
                0x00000000c001d29c                AVX::save(void*)
                0x00000000c001d2b4                AVX::load(void*)
                0x00000000c001d2cc                AVX::AVX()
                0x00000000c001d2cc                AVX::AVX()
 .text          0x00000000c001d2f4       0x90 hw/fpu/mmx.32
                0x00000000c001d2f4                MMX::available()
                0x00000000c001d308                MMX::open(int, int, void*)
                0x00000000c001d31a                MMX::close(int, int, void*)
                0x00000000c001d32c                MMX::save(void*)
                0x00000000c001d344                MMX::load(void*)
                0x00000000c001d35c                MMX::MMX()
                0x00000000c001d35c                MMX::MMX()
 .text          0x00000000c001d384       0x96 hw/fpu/sse.32
                0x00000000c001d384                SSE::open(int, int, void*)
                0x00000000c001d396                SSE::close(int, int, void*)
                0x00000000c001d3a8                SSE::available()
                0x00000000c001d3c2                SSE::save(void*)
                0x00000000c001d3da                SSE::load(void*)
                0x00000000c001d3f2                SSE::SSE()
                0x00000000c001d3f2                SSE::SSE()
 .text          0x00000000c001d41a       0x8e hw/fpu/x87.32
                0x00000000c001d41a                x87::open(int, int, void*)
                0x00000000c001d42c                x87::close(int, int, void*)
                0x00000000c001d43e                x87::available()
                0x00000000c001d450                x87::save(void*)
                0x00000000c001d468                x87::load(void*)
                0x00000000c001d480                x87::x87()
                0x00000000c001d480                x87::x87()
 .text          0x00000000c001d4a8      0x5f3 hw/intctrl/apic.32
                0x00000000c001d4a8                APIC::disable()
                0x00000000c001d4aa                APIC::close(int, int, void*)
                0x00000000c001d4cc                IOAPIC::close(int, int, void*)
                0x00000000c001d4d2                APIC::io_wait()
                0x00000000c001d4d8                APIC::getBase()
                0x00000000c001d51a                APIC::eoi(unsigned char)
                0x00000000c001d548                APIC::open(int, int, void*)
                0x00000000c001d602                IOAPIC::IOAPIC()
                0x00000000c001d602                IOAPIC::IOAPIC()
                0x00000000c001d62a                APIC::APIC()
                0x00000000c001d62a                APIC::APIC()
                0x00000000c001d6fa                IOAPIC::handlesGSIWithNumber(unsigned int)
                0x00000000c001d72c                IOAPIC::read(int)
                0x00000000c001d754                IOAPIC::open(int, int, void*)
                0x00000000c001d84a                IOAPIC::write(int, int)
                0x00000000c001d876                IOAPIC::redirect(unsigned char, unsigned long long, unsigned char)
                0x00000000c001d930                APIC::installIRQHandler(int, void (*)(regs*, void*), bool, void*)
 *fill*         0x00000000c001da9b        0x1 
 .text          0x00000000c001da9c      0x3d3 hw/intctrl/pic.32
                0x00000000c001da9c                PIC::disable()
                0x00000000c001daca                PIC::close(int, int, void*)
                0x00000000c001daec                PIC::PIC()
                0x00000000c001daec                PIC::PIC()
                0x00000000c001dbc2                PIC::ioWait()
                0x00000000c001dbc8                PIC::getIRQReg(int)
                0x00000000c001dc32                PIC::eoi(unsigned char)
                0x00000000c001dcc4                PIC::remap()
                0x00000000c001de30                PIC::open(int, int, void*)
 *fill*         0x00000000c001de6f        0x1 
 .text          0x00000000c001de70      0x252 hw/timer/apictimer.32
                0x00000000c001de70                APICTimer::close(int, int, void*)
                0x00000000c001de76                apicTimerHandler(regs*, void*)
                0x00000000c001dea4                APICTimer::write(int)
                0x00000000c001dfa2                APICTimer::open(int, int, void*)
                0x00000000c001e09a                APICTimer::APICTimer()
                0x00000000c001e09a                APICTimer::APICTimer()
 .text          0x00000000c001e0c2      0x1a7 hw/timer/pit.32
                0x00000000c001e0c2                PIT::write(int)
                0x00000000c001e140                pitHandler(regs*, void*)
                0x00000000c001e16c                PIT::open(int, int, void*)
                0x00000000c001e1ba                PIT::close(int, int, void*)
                0x00000000c001e1ea                PIT::PIT()
                0x00000000c001e1ea                PIT::PIT()
 *fill*         0x00000000c001e269        0x7 
 .text          0x00000000c001e270        0xa hw/fpu/x86/avx.32
                0x00000000c001e270                avxDetect
                0x00000000c001e276                avxSave
                0x00000000c001e277                avxLoad
                0x00000000c001e278                avxInit
                0x00000000c001e279                avxClose
 *fill*         0x00000000c001e27a        0x6 
 .text          0x00000000c001e280       0x38 hw/fpu/x86/sse.32
                0x00000000c001e280                sseDetect
                0x00000000c001e29b                sseSave
                0x00000000c001e2a1                sseLoad
                0x00000000c001e2a7                sseInit
                0x00000000c001e2b7                sseClose
 *fill*         0x00000000c001e2b8        0x8 
 .text          0x00000000c001e2c0       0x47 hw/fpu/x86/x87.32
                0x00000000c001e2c6                x87Detect
                0x00000000c001e2e1                x87Save
                0x00000000c001e2e7                x87Load
                0x00000000c001e2ec                x87Init
                0x00000000c001e306                x87Close
 *fill*         0x00000000c001e307        0x1 
 .text          0x00000000c001e308       0x25 /cygdrive/d/Users/Alex/Desktop/Toolchain/Output/bin/../lib/gcc/i386-banana/8.1.0/crtend.o
 .text          0x00000000c001e32d        0x0 crtn.32
 *fill*         0x00000000c001e32d        0x3 
 .text          0x00000000c001e330      0x14b /cygdrive/d/Users/Alex/Desktop/Toolchain/Output/bin/../lib/gcc/i386-banana/8.1.0/libgcc.a(_divdi3.o)
                0x00000000c001e330                __divdi3
 *fill*         0x00000000c001e47b        0x1 
 .text          0x00000000c001e47c      0x17e /cygdrive/d/Users/Alex/Desktop/Toolchain/Output/bin/../lib/gcc/i386-banana/8.1.0/libgcc.a(_moddi3.o)
                0x00000000c001e47c                __moddi3
 *fill*         0x00000000c001e5fa        0x2 
 .text          0x00000000c001e5fc       0xff /cygdrive/d/Users/Alex/Desktop/Toolchain/Output/bin/../lib/gcc/i386-banana/8.1.0/libgcc.a(_udivdi3.o)
                0x00000000c001e5fc                __udivdi3
 *fill*         0x00000000c001e6fb        0x1 
 .text          0x00000000c001e6fc      0x11a /cygdrive/d/Users/Alex/Desktop/Toolchain/Output/bin/../lib/gcc/i386-banana/8.1.0/libgcc.a(_umoddi3.o)
                0x00000000c001e6fc                __umoddi3
 *fill*         0x00000000c001e816        0xa 
 .text          0x00000000c001e820       0x1e D:/Users/Alex/Desktop/Banana/kernel/libk/libm32.a(s_fabs.c.o)
                0x00000000c001e820                fabs
 *fill*         0x00000000c001e83e        0x2 
 .text          0x00000000c001e840        0xc D:/Users/Alex/Desktop/Banana/kernel/libk/libm32.a(s_lrint.S.o)
                0x00000000c001e840                lrint
 .text          0x00000000c001e84c        0xc D:/Users/Alex/Desktop/Banana/kernel/libk/libm32.a(s_lrintf.S.o)
                0x00000000c001e84c                lrintf
 *(.gnu.linkonce.t*)

.iplt           0x00000000c001e858        0x0
 .iplt          0x00000000c001e858        0x0 D:/Users/Alex/Desktop/Banana/kernel/boot.32

.init           0x00000000c001e858        0xf
 .init          0x00000000c001e858        0x3 crti.32
                0x00000000c001e858                _init
 .init          0x00000000c001e85b        0x5 /cygdrive/d/Users/Alex/Desktop/Toolchain/Output/bin/../lib/gcc/i386-banana/8.1.0/crtbegin.o
 .init          0x00000000c001e860        0x5 /cygdrive/d/Users/Alex/Desktop/Toolchain/Output/bin/../lib/gcc/i386-banana/8.1.0/crtend.o
 .init          0x00000000c001e865        0x2 crtn.32

.fini           0x00000000c001e867        0xa
 .fini          0x00000000c001e867        0x3 crti.32
                0x00000000c001e867                _fini
 .fini          0x00000000c001e86a        0x5 /cygdrive/d/Users/Alex/Desktop/Toolchain/Output/bin/../lib/gcc/i386-banana/8.1.0/crtbegin.o
 .fini          0x00000000c001e86f        0x2 crtn.32

.text._ZN8ComputerD2Ev
                0x00000000c001e872       0x23
 .text._ZN8ComputerD2Ev
                0x00000000c001e872       0x23 core/computer.32
                0x00000000c001e872                Computer::~Computer()
                0x00000000c001e872                Computer::~Computer()

.text._ZN8ComputerD0Ev
                0x00000000c001e896       0x2a
 .text._ZN8ComputerD0Ev
                0x00000000c001e896       0x2a core/computer.32
                0x00000000c001e896                Computer::~Computer()

.text._Z10idleCommonv
                0x00000000c001e8c0       0x15
 .text._Z10idleCommonv
                0x00000000c001e8c0       0x15 core/idle.32
                0x00000000c001e8c0                idleCommon()

.text._ZN3CPU7readCR3Ev
                0x00000000c001e8d5       0x12
 .text._ZN3CPU7readCR3Ev
                0x00000000c001e8d5       0x12 core/kheap.32
                0x00000000c001e8d5                CPU::readCR3()

.text._ZN3CPU8writeCR3Em
                0x00000000c001e8e7        0x9
 .text._ZN3CPU8writeCR3Em
                0x00000000c001e8e7        0x9 core/kheap.32
                0x00000000c001e8e7                CPU::writeCR3(unsigned long)

.text._ZN10LinkedListI8UnixFileED2Ev
                0x00000000c001e8f0        0x2
 .text._ZN10LinkedListI8UnixFileED2Ev
                0x00000000c001e8f0        0x2 core/unixfile.32
                0x00000000c001e8f0                LinkedList<UnixFile>::~LinkedList()
                0x00000000c001e8f0                LinkedList<UnixFile>::~LinkedList()

.text._ZN10LinkedListI8UnixFileEC2Ev
                0x00000000c001e8f2       0x58
 .text._ZN10LinkedListI8UnixFileEC2Ev
                0x00000000c001e8f2       0x58 core/unixfile.32
                0x00000000c001e8f2                LinkedList<UnixFile>::LinkedList()
                0x00000000c001e8f2                LinkedList<UnixFile>::LinkedList()

.text._ZN10LinkedListI8UnixFileE10addElementEPS0_
                0x00000000c001e94a       0xd3
 .text._ZN10LinkedListI8UnixFileE10addElementEPS0_
                0x00000000c001e94a       0xd3 core/unixfile.32
                0x00000000c001e94a                LinkedList<UnixFile>::addElement(UnixFile*)

.text._ZN10LinkedListI8UnixFileE15getFirstElementEv
                0x00000000c001ea1e        0x7
 .text._ZN10LinkedListI8UnixFileE15getFirstElementEv
                0x00000000c001ea1e        0x7 core/unixfile.32
                0x00000000c001ea1e                LinkedList<UnixFile>::getFirstElement()

.text._ZN10LinkedListI8UnixFileE11removeFirstEv
                0x00000000c001ea26       0xa1
 .text._ZN10LinkedListI8UnixFileE11removeFirstEv
                0x00000000c001ea26       0xa1 core/unixfile.32
                0x00000000c001ea26                LinkedList<UnixFile>::removeFirst()

.text._ZN10LinkedListI8UnixFileE7getNextEPS0_
                0x00000000c001eac8        0x8
 .text._ZN10LinkedListI8UnixFileE7getNextEPS0_
                0x00000000c001eac8        0x8 core/unixfile.32
                0x00000000c001eac8                LinkedList<UnixFile>::getNext(UnixFile*)

.text._ZN16DriverlessDeviceD2Ev
                0x00000000c001ead0       0x1a
 .text._ZN16DriverlessDeviceD2Ev
                0x00000000c001ead0       0x1a hal/device.32
                0x00000000c001ead0                DriverlessDevice::~DriverlessDevice()
                0x00000000c001ead0                DriverlessDevice::~DriverlessDevice()

.text._ZN16DriverlessDeviceD0Ev
                0x00000000c001eaea       0x2a
 .text._ZN16DriverlessDeviceD0Ev
                0x00000000c001eaea       0x2a hal/device.32
                0x00000000c001eaea                DriverlessDevice::~DriverlessDevice()

.text._ZN10LinkedListI6DeviceE10addElementEPS0_
                0x00000000c001eb14       0xdc
 .text._ZN10LinkedListI6DeviceE10addElementEPS0_
                0x00000000c001eb14       0xdc hal/device.32
                0x00000000c001eb14                LinkedList<Device>::addElement(Device*)

.text._ZN10LinkedListI6DeviceEC2Ev
                0x00000000c001ebf0       0x58
 .text._ZN10LinkedListI6DeviceEC2Ev
                0x00000000c001ebf0       0x58 hal/device.32
                0x00000000c001ebf0                LinkedList<Device>::LinkedList()
                0x00000000c001ebf0                LinkedList<Device>::LinkedList()

.text._ZN3CPU7readCR0Ev
                0x00000000c001ec48       0x12
 .text._ZN3CPU7readCR0Ev
                0x00000000c001ec48       0x12 hal/fpu.32
                0x00000000c001ec48                CPU::readCR0()

.text._ZN3CPU8writeCR0Em
                0x00000000c001ec5a        0x9
 .text._ZN3CPU8writeCR0Em
                0x00000000c001ec5a        0x9 hal/fpu.32
                0x00000000c001ec5a                CPU::writeCR0(unsigned long)

.text._ZN3CPU7readDR0Ev
                0x00000000c001ec63       0x12
 .text._ZN3CPU7readDR0Ev
                0x00000000c001ec63       0x12 hal/intctrl.32
                0x00000000c001ec63                CPU::readDR0()

.text._ZN3CPU7readDR1Ev
                0x00000000c001ec75       0x12
 .text._ZN3CPU7readDR1Ev
                0x00000000c001ec75       0x12 hal/intctrl.32
                0x00000000c001ec75                CPU::readDR1()

.text._ZN3CPU7readDR2Ev
                0x00000000c001ec87       0x12
 .text._ZN3CPU7readDR2Ev
                0x00000000c001ec87       0x12 hal/intctrl.32
                0x00000000c001ec87                CPU::readDR2()

.text._ZN3CPU7readDR3Ev
                0x00000000c001ec99       0x12
 .text._ZN3CPU7readDR3Ev
                0x00000000c001ec99       0x12 hal/intctrl.32
                0x00000000c001ec99                CPU::readDR3()

.text._ZN3CPU7readDR6Ev
                0x00000000c001ecab       0x12
 .text._ZN3CPU7readDR6Ev
                0x00000000c001ecab       0x12 hal/intctrl.32
                0x00000000c001ecab                CPU::readDR6()

.text._ZN3CPU7readDR7Ev
                0x00000000c001ecbd       0x12
 .text._ZN3CPU7readDR7Ev
                0x00000000c001ecbd       0x12 hal/intctrl.32
                0x00000000c001ecbd                CPU::readDR7()

.text._ZN10LinkedListIV18ThreadControlBlockE15getFirstElementEv
                0x00000000c001ecd0        0x7
 .text._ZN10LinkedListIV18ThreadControlBlockE15getFirstElementEv
                0x00000000c001ecd0        0x7 hal/timer.32
                0x00000000c001ecd0                LinkedList<ThreadControlBlock volatile>::getFirstElement()

.text._ZN10LinkedListIV18ThreadControlBlockE7isEmptyEv
                0x00000000c001ecd8       0x1c
 .text._ZN10LinkedListIV18ThreadControlBlockE7isEmptyEv
                0x00000000c001ecd8       0x1c hal/timer.32
                0x00000000c001ecd8                LinkedList<ThreadControlBlock volatile>::isEmpty()

.text._ZN10LinkedListIV18ThreadControlBlockE11removeFirstEv
                0x00000000c001ecf4       0xae
 .text._ZN10LinkedListIV18ThreadControlBlockE11removeFirstEv
                0x00000000c001ecf4       0xae hal/timer.32
                0x00000000c001ecf4                LinkedList<ThreadControlBlock volatile>::removeFirst()

.text._ZN10LinkedListIV18ThreadControlBlockE10addElementEPS1_
                0x00000000c001eda2       0xd3
 .text._ZN10LinkedListIV18ThreadControlBlockE10addElementEPS1_
                0x00000000c001eda2       0xd3 hal/timer.32
                0x00000000c001eda2                LinkedList<ThreadControlBlock volatile>::addElement(ThreadControlBlock volatile*)

.text._ZN4ACPID2Ev
                0x00000000c001ee76       0x23
 .text._ZN4ACPID2Ev
                0x00000000c001ee76       0x23 hw/acpi.32
                0x00000000c001ee76                ACPI::~ACPI()
                0x00000000c001ee76                ACPI::~ACPI()

.text._ZN4ACPID0Ev
                0x00000000c001ee9a       0x2a
 .text._ZN4ACPID0Ev
                0x00000000c001ee9a       0x2a hw/acpi.32
                0x00000000c001ee9a                ACPI::~ACPI()

.text._ZN3CPUD2Ev
                0x00000000c001eec4       0x23
 .text._ZN3CPUD2Ev
                0x00000000c001eec4       0x23 hw/cpu.32
                0x00000000c001eec4                CPU::~CPU()
                0x00000000c001eec4                CPU::~CPU()

.text._ZN3CPUD0Ev
                0x00000000c001eee8       0x2a
 .text._ZN3CPUD0Ev
                0x00000000c001eee8       0x2a hw/cpu.32
                0x00000000c001eee8                CPU::~CPU()

.text._ZN3CPU7readCR4Ev
                0x00000000c001ef12       0x12
 .text._ZN3CPU7readCR4Ev
                0x00000000c001ef12       0x12 hw/cpu.32
                0x00000000c001ef12                CPU::readCR4()

.text._ZN3CPU8writeDR7Em
                0x00000000c001ef24        0x9
 .text._ZN3CPU8writeDR7Em
                0x00000000c001ef24        0x9 hw/cpu.32
                0x00000000c001ef24                CPU::writeDR7(unsigned long)

.text._ZN3CPU8writeCR4Em
                0x00000000c001ef2d        0x9
 .text._ZN3CPU8writeCR4Em
                0x00000000c001ef2d        0x9 hw/cpu.32
                0x00000000c001ef2d                CPU::writeCR4(unsigned long)

.text._ZN3CPU7readCR2Ev
                0x00000000c001ef36       0x12
 .text._ZN3CPU7readCR2Ev
                0x00000000c001ef36       0x12 krnl/panic.32
                0x00000000c001ef36                CPU::readCR2()

.text._ZN10LinkedListIV18ThreadControlBlockED2Ev
                0x00000000c001ef48        0x2
 .text._ZN10LinkedListIV18ThreadControlBlockED2Ev
                0x00000000c001ef48        0x2 thr/prcssthr.32
                0x00000000c001ef48                LinkedList<ThreadControlBlock volatile>::~LinkedList()
                0x00000000c001ef48                LinkedList<ThreadControlBlock volatile>::~LinkedList()

.text._ZN18ThreadControlBlockC2Ev
                0x00000000c001ef4a       0x3e
 .text._ZN18ThreadControlBlockC2Ev
                0x00000000c001ef4a       0x3e thr/prcssthr.32
                0x00000000c001ef4a                ThreadControlBlock::ThreadControlBlock()
                0x00000000c001ef4a                ThreadControlBlock::ThreadControlBlock()

.text._ZN10LinkedListIV18ThreadControlBlockEC2Ev
                0x00000000c001ef88       0x58
 .text._ZN10LinkedListIV18ThreadControlBlockEC2Ev
                0x00000000c001ef88       0x58 thr/prcssthr.32
                0x00000000c001ef88                LinkedList<ThreadControlBlock volatile>::LinkedList()
                0x00000000c001ef88                LinkedList<ThreadControlBlock volatile>::LinkedList()

.text._ZN10LinkedListIV18ThreadControlBlockE7getNextEPS1_
                0x00000000c001efe0        0x8
 .text._ZN10LinkedListIV18ThreadControlBlockE7getNextEPS1_
                0x00000000c001efe0        0x8 thr/prcssthr.32
                0x00000000c001efe0                LinkedList<ThreadControlBlock volatile>::getNext(ThreadControlBlock volatile*)

.text._ZN3PCID2Ev
                0x00000000c001efe8       0x23
 .text._ZN3PCID2Ev
                0x00000000c001efe8       0x23 hw/bus/pci.32
                0x00000000c001efe8                PCI::~PCI()
                0x00000000c001efe8                PCI::~PCI()

.text._ZN3PCID0Ev
                0x00000000c001f00c       0x2a
 .text._ZN3PCID0Ev