Archive member included to satisfy reference by file (symbol)

/cygdrive/d/Users/Alex/Desktop/Toolchain/Output/bin/../lib/gcc/i386-banana/8.1.0/libkgcc.a(_divdi3.o)
                              fs/fat/ff.32 (__divdi3)
/cygdrive/d/Users/Alex/Desktop/Toolchain/Output/bin/../lib/gcc/i386-banana/8.1.0/libkgcc.a(_moddi3.o)
                              compat/resolve.32 (__moddi3)
/cygdrive/d/Users/Alex/Desktop/Toolchain/Output/bin/../lib/gcc/i386-banana/8.1.0/libkgcc.a(_udivdi3.o)
                              fs/fat/ff.32 (__udivdi3)
/cygdrive/d/Users/Alex/Desktop/Toolchain/Output/bin/../lib/gcc/i386-banana/8.1.0/libkgcc.a(_umoddi3.o)
                              compat/resolve.32 (__umoddi3)
D:/Users/Alex/Desktop/Banana/kernel/libsoftfp.a(sfieeelib.o)
                              hal/libresample/src_linear.32 (__subsf3)
D:/Users/Alex/Desktop/Banana/kernel/libsoftfp.a(dfieeelib.o)
                              hal/libresample/src_linear.32 (__adddf3)
D:/Users/Alex/Desktop/Banana/kernel/libsoftfp.a(sfdfcvt.o)
                              hal/libresample/samplerate.32 (__truncdfsf2)
D:/Users/Alex/Desktop/Banana/kernel/libk/libm32.a(s_fabs.c.o)
                              hal/libresample/samplerate.32 (fabs)
D:/Users/Alex/Desktop/Banana/kernel/libk/libm32.a(s_lrint.S.o)
                              hal/libresample/samplerate.32 (lrint)
D:/Users/Alex/Desktop/Banana/kernel/libk/libm32.a(s_lrintf.S.o)
                              hal/sound/sndhw.32 (lrintf)

Discarded input sections

 .comment       0x0000000000000000       0x12 /cygdrive/d/Users/Alex/Desktop/Toolchain/Output/bin/../lib/gcc/i386-banana/8.1.0/crtbegin.o
 .comment       0x0000000000000000       0x12 acpica/utclib.32
 .comment       0x0000000000000000       0x12 core/malloc.32
 .comment       0x0000000000000000       0x12 libk/string.32
 .comment       0x0000000000000000       0x12 fs/fat/diskio.32
 .comment       0x0000000000000000       0x12 fs/fat/ff.32
 .comment       0x0000000000000000       0x12 fs/fat/ffsystem.32
 .comment       0x0000000000000000       0x12 fs/fat/ffunicode.32
 .comment       0x0000000000000000       0x12 hal/libresample/samplerate.32
 .comment       0x0000000000000000       0x12 hal/libresample/src_linear.32
 .comment       0x0000000000000000       0x12 hal/libresample/src_sinc.32
 .comment       0x0000000000000000       0x12 hal/libresample/src_zoh.32
 .comment       0x0000000000000000       0x12 compat/inlines.32
 .comment       0x0000000000000000       0x12 compat/resolve.32
 .group         0x0000000000000000       0x14 core/computer.32
 .group         0x0000000000000000        0xc core/computer.32
 .comment       0x0000000000000000       0x12 core/computer.32
 .comment       0x0000000000000000       0x12 core/gdt.32
 .group         0x0000000000000000        0xc core/idle.32
 .comment       0x0000000000000000       0x12 core/idle.32
 .comment       0x0000000000000000       0x12 core/idt.32
 .comment       0x0000000000000000       0x12 core/kheap.32
 .comment       0x0000000000000000       0x12 core/main.32
 .comment       0x0000000000000000       0x12 core/physmgr.32
 .group         0x0000000000000000        0xc core/pipe.32
 .comment       0x0000000000000000       0x12 core/pipe.32
 .group         0x0000000000000000        0xc core/terminal.32
 .comment       0x0000000000000000       0x12 core/terminal.32
 .comment       0x0000000000000000       0x12 core/tss.32
 .group         0x0000000000000000        0x8 core/unixfile.32
 .group         0x0000000000000000        0x8 core/unixfile.32
 .group         0x0000000000000000        0xc core/unixfile.32
 .group         0x0000000000000000        0x8 core/unixfile.32
 .group         0x0000000000000000        0xc core/unixfile.32
 .group         0x0000000000000000        0x8 core/unixfile.32
 .group         0x0000000000000000        0xc core/unixfile.32
 .group         0x0000000000000000        0xc core/unixfile.32
 .comment       0x0000000000000000       0x12 core/unixfile.32
 .comment       0x0000000000000000       0x12 core/virtmgr.32
 .comment       0x0000000000000000       0x12 coreobjs/c++.32
 .comment       0x0000000000000000       0x12 dbg/kconsole.32
 .group         0x0000000000000000        0xc fs/vfs.32
 .group         0x0000000000000000        0xc fs/vfs.32
 .group         0x0000000000000000        0xc fs/vfs.32
 .comment       0x0000000000000000       0x12 fs/vfs.32
 .group         0x0000000000000000        0xc hal/bus.32
 .comment       0x0000000000000000       0x12 hal/bus.32
 .group         0x0000000000000000        0xc hal/buzzer.32
 .comment       0x0000000000000000       0x12 hal/buzzer.32
 .group         0x0000000000000000        0xc hal/clock.32
 .comment       0x0000000000000000       0x12 hal/clock.32
 .group         0x0000000000000000       0x14 hal/device.32
 .group         0x0000000000000000        0xc hal/device.32
 .group         0x0000000000000000        0x8 hal/device.32
 .group         0x0000000000000000        0xc hal/device.32
[...]
Memory Configuration

Name             Origin             Length             Attributes
*default*        0x0000000000000000 0xffffffffffffffff

Linker script and memory map

LOAD D:/Users/Alex/Desktop/Banana/kernel/boot.32
LOAD crti.32
LOAD /cygdrive/d/Users/Alex/Desktop/Toolchain/Output/bin/../lib/gcc/i386-banana/8.1.0/crtbegin.o
LOAD D:/Users/Alex/Desktop/Banana/kernel/morenasm.32
LOAD acpica/utclib.32
LOAD core/malloc.32
LOAD libk/string.32
LOAD fs/fat/diskio.32
LOAD fs/fat/ff.32
LOAD fs/fat/ffsystem.32
LOAD fs/fat/ffunicode.32
LOAD hal/libresample/samplerate.32
LOAD hal/libresample/src_linear.32
LOAD hal/libresample/src_sinc.32
LOAD hal/libresample/src_zoh.32
LOAD compat/inlines.32
LOAD compat/resolve.32
LOAD core/computer.32
LOAD core/gdt.32
LOAD core/idle.32
LOAD core/idt.32
LOAD core/kheap.32
LOAD core/main.32
LOAD core/physmgr.32
LOAD core/pipe.32
LOAD core/terminal.32
LOAD core/tss.32
LOAD core/unixfile.32
LOAD core/virtmgr.32
LOAD coreobjs/c++.32
LOAD dbg/kconsole.32
LOAD fs/vfs.32
LOAD hal/bus.32
LOAD hal/buzzer.32
LOAD hal/clock.32
LOAD hal/device.32
LOAD hal/diskctrl.32
LOAD hal/diskphys.32
LOAD hal/fpu.32
LOAD hal/intctrl.32
LOAD hal/keybrd.32
LOAD hal/logidisk.32
LOAD hal/mouse.32
LOAD hal/partition.32
LOAD hal/serial.32
LOAD hal/timer.32
LOAD hal/vcache.32
LOAD hal/video.32
LOAD hw/acpi.32
LOAD hw/cpu.32
LOAD hw/ports.32
LOAD hw/smp.32
LOAD krnl/env.32
LOAD krnl/panic.32
LOAD net/ethernet.32
LOAD reg/registry.32
LOAD sys/sc_eject.32
LOAD sys/sc_exit.32
LOAD sys/sc_getcwd.32
LOAD sys/sc_getpid.32
LOAD sys/sc_getramdata.32
LOAD sys/sc_getvgaptr.32
LOAD sys/sc_loaddll.32
LOAD sys/sc_read.32
LOAD sys/sc_sbrk.32
LOAD sys/sc_setcwd.32
LOAD sys/sc_settime.32
LOAD sys/sc_timezone.32
LOAD sys/sc_write.32
LOAD sys/sc_wsbe.32
LOAD sys/sc_yield.32
LOAD sys/syscalls.32
LOAD thr/elf.32
LOAD thr/prcssthr.32
LOAD vm86/vm8086.32
LOAD vm86/x87em.32
LOAD fs/fat/vfslink.32
LOAD fs/iso9660/vfslink.32
LOAD hal/sound/sndchannel.32
LOAD hal/sound/sndhw.32
LOAD hw/bus/isa.32
LOAD hw/bus/pci.32
LOAD hw/diskctrl/ide.32
LOAD hw/diskctrl/satabus.32
LOAD hw/diskphys/ata.32
LOAD hw/diskphys/atapi.32
LOAD hw/diskphys/sata.32
LOAD hw/diskphys/satapi.32
LOAD hw/fpu/avx.32
LOAD hw/fpu/mmx.32
LOAD hw/fpu/sse.32
LOAD hw/fpu/x87.32
LOAD hw/intctrl/apic.32
LOAD hw/intctrl/pic.32
LOAD hw/timer/apictimer.32
LOAD hw/timer/pit.32
LOAD hw/fpu/x86/avx.32
LOAD hw/fpu/x86/sse.32
LOAD hw/fpu/x86/x87.32
LOAD /cygdrive/d/Users/Alex/Desktop/Toolchain/Output/bin/../lib/gcc/i386-banana/8.1.0/crtend.o
LOAD crtn.32
LOAD /cygdrive/d/Users/Alex/Desktop/Toolchain/Output/bin/../lib/gcc/i386-banana/8.1.0/libkgcc.a
LOAD D:/Users/Alex/Desktop/Banana/kernel/libsoftfp.a
LOAD D:/Users/Alex/Desktop/Banana/kernel/libk/libm32.a
                0x00000000c0000000                . = 0xc0000000

.text           0x00000000c0000000    0x28598
 *(.text)
 .text          0x00000000c0000000       0x41 D:/Users/Alex/Desktop/Banana/kernel/boot.32
                0x00000000c0000020                callGlobalConstructors
 .text          0x00000000c0000041        0x0 crti.32
 *fill*         0x00000000c0000041        0x3 
 .text          0x00000000c0000044      0x101 /cygdrive/d/Users/Alex/Desktop/Toolchain/Output/bin/../lib/gcc/i386-banana/8.1.0/crtbegin.o
 *fill*         0x00000000c0000145        0xb 
 .text          0x00000000c0000150      0x4fb D:/Users/Alex/Desktop/Banana/kernel/morenasm.32
                0x00000000c0000150                manualPCIProbe
                0x00000000c000019b                prepareTramp
                0x00000000c00001b4                voodooXADD
                0x00000000c000027f                doTPAUSE
                0x00000000c0000289                hasLegacyFPU
                0x00000000c00002ae                is486
                0x00000000c00002e4                detectCPUID
                0x00000000c00002fa                goToVM86
                0x00000000c000032a                goToUsermode
                0x00000000c0000354                switchToThreadASMFirstTime
                0x00000000c0000362                switchToThreadASM
                0x00000000c00003f2                asmQuickAcquireLock
                0x00000000c0000410                asmQuickReleaseLock
                0x00000000c000041c                asmAcquireLock
                0x00000000c000043d                asmReleaseLock
                0x00000000c0000450                loadGDT
                0x00000000c0000470                isr0
                0x00000000c0000480                isr1
                0x00000000c000048a                isr2
                0x00000000c0000494                isr3
                0x00000000c000049e                isr4
                0x00000000c00004a8                isr5
                0x00000000c00004b2                isr6
                0x00000000c00004bc                isr7
                0x00000000c00004c6                isr8
                0x00000000c00004ce                isr9
                0x00000000c00004d8                isr10
                0x00000000c00004e0                isr11
                0x00000000c00004e8                isr12
                0x00000000c00004f0                isr13
                0x00000000c00004f8                isr14
                0x00000000c0000500                isr15
                0x00000000c000050a                isr16
                0x00000000c0000514                isr17
                0x00000000c000051e                isr18
                0x00000000c0000528                irq3
                0x00000000c0000532                irq4
                0x00000000c000053c                irq5
                0x00000000c0000546                irq6
                0x00000000c0000550                irq7
                0x00000000c000055a                irq8
                0x00000000c0000564                irq9
                0x00000000c000056e                irq10
                0x00000000c0000578                irq11
                0x00000000c0000582                irq12
                0x00000000c000058c                irq13
                0x00000000c0000596                irq14
                0x00000000c00005a0                irq15
                0x00000000c00005aa                irq1
                0x00000000c00005b1                irq2
                0x00000000c00005b8                isr96
                0x00000000c00005bf                irq0
                0x00000000c00005c4                syscall_common_stub
                0x00000000c00005c4                int_common_stub
                0x00000000c00005f6                irq16
                0x00000000c0000600                irq17
                0x00000000c000060a                irq18
                0x00000000c0000614                irq19
                0x00000000c000061e                irq20
                0x00000000c0000628                irq21
                0x00000000c0000632                irq22
                0x00000000c000063c                irq23
                0x00000000c0000646                memcpy
 *fill*         0x00000000c000064b        0x1 
 .text          0x00000000c000064c      0x5dd acpica/utclib.32
                0x00000000c000064c                memcmp
                0x00000000c0000688                memmove
                0x00000000c0000750                memset
                0x00000000c000076c                strlen
                0x00000000c0000784                strpbrk
                0x00000000c00007c0                strtok
                0x00000000c000080c                strcpy
                0x00000000c0000830                strncpy
                0x00000000c0000898                strcmp
                0x00000000c00008d8                strchr
                0x00000000c00008fc                strncmp
                0x00000000c000094c                strcat
                0x00000000c000097c                strncat
                0x00000000c00009b8                strstr
                0x00000000c0000a00                toupper
                0x00000000c0000a14                tolower
                0x00000000c0000a28                simple_strtoul
 .text          0x00000000c0000c29      0xfad core/malloc.32
                0x00000000c0000d94                dlfree
                0x00000000c00010ef                dlmalloc
                0x00000000c000162c                dlrealloc
                0x00000000c00017cf                dlmemalign
                0x00000000c00018f2                dlcalloc
                0x00000000c000198c                dlcfree
                0x00000000c0001991                dlindependent_calloc
                0x00000000c00019b6                dlindependent_comalloc
                0x00000000c00019cd                dlvalloc
                0x00000000c00019f8                dlpvalloc
                0x00000000c0001a2e                dlmalloc_trim
                0x00000000c0001a3b                dlmalloc_usable_size
                0x00000000c0001a6c                dlmallinfo
                0x00000000c0001b3b                dlmalloc_stats
                0x00000000c0001b4c                dlmallopt
 .text          0x00000000c0001bd6        0x0 libk/string.32
 .text          0x00000000c0001bd6       0x51 fs/fat/diskio.32
                0x00000000c0001bd6                disk_status
                0x00000000c0001bd9                disk_initialize
                0x00000000c0001bdc                disk_read
                0x00000000c0001bf2                disk_write
                0x00000000c0001c08                disk_ioctl
 .text          0x00000000c0001c27     0x6833 fs/fat/ff.32
                0x00000000c0004ef5                f_mount
                0x00000000c0004f57                f_open
                0x00000000c0005393                f_read
                0x00000000c0005613                f_write
                0x00000000c00058cd                f_sync
                0x00000000c0005aa9                f_close
                0x00000000c0005ad8                f_lseek
                0x00000000c0005f8f                f_opendir
                0x00000000c0006091                f_closedir
                0x00000000c00060b3                f_readdir
                0x00000000c000614e                f_stat
                0x00000000c00061dd                f_getfree
                0x00000000c00063a8                f_truncate
                0x00000000c00064a0                f_unlink
                0x00000000c0006623                f_mkdir
                0x00000000c000684f                f_rename
                0x00000000c0006b42                f_chmod
                0x00000000c0006c20                f_utime
                0x00000000c0006cfe                f_getlabel
                0x00000000c0006eec                f_setlabel
                0x00000000c0007159                f_forward
                0x00000000c0007337                f_mkfs
 .text          0x00000000c000845a       0x2d fs/fat/ffsystem.32
                0x00000000c000845a                ff_memalloc
                0x00000000c0008470                ff_memfree
 .text          0x00000000c0008487      0x253 fs/fat/ffunicode.32
                0x00000000c0008487                ff_uni2oem
                0x00000000c0008517                ff_oem2uni
                0x00000000c0008583                ff_wtoupper
 .text          0x00000000c00086da      0x8fb hal/libresample/samplerate.32
                0x00000000c000871e                src_delete
                0x00000000c000875a                src_process
                0x00000000c0008910                src_callback_read
                0x00000000c0008a8d                src_set_ratio
                0x00000000c0008af7                src_get_channels
                0x00000000c0008b19                src_reset
                0x00000000c0008b65                src_new
                0x00000000c0008bf3                src_callback_new
                0x00000000c0008c55                src_get_name
                0x00000000c0008c8c                src_get_description
                0x00000000c0008cc3                src_get_version
                0x00000000c0008cc9                src_is_valid_ratio
                0x00000000c0008d1d                src_error
                0x00000000c0008d2b                src_strerror
                0x00000000c0008d3e                src_simple
                0x00000000c0008d91                src_short_to_float_array
                0x00000000c0008df6                src_float_to_short_array
                0x00000000c0008eb5                src_int_to_float_array
                0x00000000c0008f18                src_float_to_int_array
 .text          0x00000000c0008fd5      0x8cb hal/libresample/src_linear.32
                0x00000000c00097fb                linear_get_name
                0x00000000c000980a                linear_get_description
                0x00000000c0009819                linear_set_converter
 .text          0x00000000c00098a0     0x447c hal/libresample/src_sinc.32
                0x00000000c000dc33                sinc_get_name
                0x00000000c000dc46                sinc_get_description
                0x00000000c000dc59                sinc_set_converter
 .text          0x00000000c000dd1c      0x77c hal/libresample/src_zoh.32
                0x00000000c000e3f3                zoh_get_name
                0x00000000c000e402                zoh_get_description
                0x00000000c000e411                zoh_set_converter
 .text          0x00000000c000e498       0xa7 compat/inlines.32
                0x00000000c000e498                CPU::current()
                0x00000000c000e4a4                operator new(unsigned long)
                0x00000000c000e4a9                operator delete(void*)
                0x00000000c000e4ae                disableIRQs()
                0x00000000c000e4b6                enableIRQs()
                0x00000000c000e4c5                lockScheduler()
                0x00000000c000e4cd                unlockScheduler()
                0x00000000c000e4dc                lockStuff()
                0x00000000c000e4ea                unlockStuff()
                0x00000000c000e524                Virt::getAKernelVAS()
                0x00000000c000e52a                __not_memcpy
 .text          0x00000000c000e53f      0x111 compat/resolve.32
                0x00000000c000e53f                Krnl::resolveCompatibilitySymbol(char*)
 .text          0x00000000c000e650      0x741 core/computer.32
                0x00000000c000e650                Computer::close(int, int, void*)
                0x00000000c000e694                Krnl::firstTask()
                0x00000000c000e7d6                Computer::Computer()
                0x00000000c000e7d6                Computer::Computer()
                0x00000000c000e932                Computer::setBootMessage(char const*)
                0x00000000c000e934                Computer::detectFeatures()
                0x00000000c000eb3e                Computer::displayFeatures()
                0x00000000c000eb40                Computer::rdmsr(unsigned int)
                0x00000000c000eb6c                Computer::wrmsr(unsigned int, unsigned long long)
                0x00000000c000eba4                Computer::nmiEnabled()
                0x00000000c000ebb0                Computer::readCMOS(unsigned char)
                0x00000000c000ebca                Computer::enableNMI(bool)
                0x00000000c000ebe2                Computer::open(int, int, void*)
                0x00000000c000ecd4                Computer::disableNMI()
                0x00000000c000ece2                Computer::writeCMOS(unsigned char, unsigned char)
                0x00000000c000ed00                Computer::handleNMI()
                0x00000000c000ed66                Computer::setDiskActivityLight(int, bool)
 *fill*         0x00000000c000ed91        0x1 
 .text          0x00000000c000ed92      0x19d core/gdt.32
                0x00000000c000ed92                GDTEntry::setBase(unsigned int)
                0x00000000c000edae                GDTEntry::setLimit(unsigned int)
                0x00000000c000edcc                GDT::GDT()
                0x00000000c000edcc                GDT::GDT()
                0x00000000c000ede2                GDT::addEntry(GDTEntry)
                0x00000000c000ee04                GDT::getNumberOfEntries()
                0x00000000c000ee0c                GDT::flush()
                0x00000000c000ee2e                GDT::setup()
 .text          0x00000000c000ef2f       0x6b core/idle.32
                0x00000000c000ef2f                idleFunction(void*)
 .text          0x00000000c000ef9a      0x45e core/idt.32
                0x00000000c000ef9a                IDTEntry::IDTEntry(bool)
                0x00000000c000ef9a                IDTEntry::IDTEntry(bool)
                0x00000000c000f008                IDTEntry::setOffset(unsigned int)
                0x00000000c000f01c                IDT::IDT()
                0x00000000c000f01c                IDT::IDT()
                0x00000000c000f01e                IDT::getPointerToInvalidOpcodeEntryForF00F()
                0x00000000c000f026                IDT::addEntry(IDTEntry, int)
                0x00000000c000f040                IDT::addEntry(int, void (*)(), bool)
                0x00000000c000f078                IDT::flush()
                0x00000000c000f092                IDT::setup()
 .text          0x00000000c000f3f8      0x1fb core/kheap.32
                0x00000000c000f3f8                sbrk
                0x00000000c000f505                mmap
                0x00000000c000f51b                munmap
                0x00000000c000f531                liballoc_lock()
                0x00000000c000f53e                liballoc_unlock()
                0x00000000c000f552                liballoc_alloc(int)
                0x00000000c000f56a                liballoc_free(void*, int)
                0x00000000c000f585                realloc
                0x00000000c000f599                malloc
                0x00000000c000f5a9                free
                0x00000000c000f5b9                rfree
                0x00000000c000f5c9                calloc
 .text          0x00000000c000f5f3      0x1b6 core/main.32
                0x00000000c000f5f3                Krnl::setBootMessage(char const*)
                0x00000000c000f65f                kernel_main
 .text          0x00000000c000f7a9      0x5b5 core/physmgr.32
                0x00000000c000f7a9                Phys::allocateDMA(unsigned long)
                0x00000000c000f877                Phys::freeDMA(unsigned long, unsigned long)
                0x00000000c000f8d6                Phys::setPageState(unsigned long, bool)
                0x00000000c000f908                Phys::getPageState(unsigned long)
                0x00000000c000f924                Phys::freePage(unsigned long)
                0x00000000c000f995                Phys::allocatePage()
                0x00000000c000fa8d                Phys::allocateContiguousPages(int)
                0x00000000c000fae9                Phys::allowSegmentToBeUsed(unsigned long, unsigned long)
                0x00000000c000fb21                Phys::physicalMemorySetup(unsigned int)
 .text          0x00000000c000fd5e      0x273 core/pipe.32
                0x00000000c000fd5e                Pipe::isAtty()
                0x00000000c000fd62                Pipe::~Pipe()
                0x00000000c000fd62                Pipe::~Pipe()
                0x00000000c000fd86                Pipe::~Pipe()
                0x00000000c000fdae                Pipe::read(unsigned long long, void*, int*)
                0x00000000c000feaa                Pipe::write(unsigned long long, void*, int*)
                0x00000000c000ff6a                Pipe::Pipe(int)
                0x00000000c000ff6a                Pipe::Pipe(int)
 *fill*         0x00000000c000ffd1        0x1 
 .text          0x00000000c000ffd2      0xb93 core/terminal.32
                0x00000000c000ffd2                VgaText::isAtty()
                0x00000000c000ffd6                VgaText::~VgaText()
                0x00000000c000ffd6                VgaText::~VgaText()
                0x00000000c000fffa                VgaText::~VgaText()
                0x00000000c0010024                VgaText::read(unsigned long long, void*, int*)
                0x00000000c0010044                setTerminalScrollLock(bool)
                0x00000000c0010045                addToTerminalCycle(VgaText*)
                0x00000000c0010066                installVgaTextImplementation()
                0x00000000c001007b                scrollTerminalScrollLock(int)
                0x00000000c001007c                VgaText::updateTitle()
                0x00000000c00100ba                VgaText::load()
                0x00000000c0010108                VgaText::updateCursor()
                0x00000000c001011e                VgaText::doANSI_SGR(int)
                0x00000000c0010192                VgaText::setDefaultBgColour(VgaColour)
                0x00000000c00101a2                VgaText::setDefaultFgColour(VgaColour)
                0x00000000c00101b2                VgaText::setDefaultColours(VgaColour, VgaColour)
                0x00000000c00101d2                VgaText::setTitleTextColour(VgaColour)
                0x00000000c00101e2                VgaText::setTitleColour(VgaColour)
                0x00000000c00101f2                VgaText::setTitle(char*)
                0x00000000c0010218                VgaText::combineColours(unsigned char, unsigned char)
                0x00000000c001022a                VgaText::scrollScreen()
                0x00000000c00102be                VgaText::combineCharAndColour(char, unsigned char)
                0x00000000c00102d0                VgaText::writeCharacter(char, VgaColour, VgaColour, int, int)
                0x00000000c001032c                VgaText::getCursorX()
                0x00000000c0010334                VgaText::getCursorY()
                0x00000000c001033c                VgaText::setCursor(int, int)
                0x00000000c0010353                setActiveTerminal(VgaText*)
                0x00000000c00103b5                doTerminalCycle()
                0x00000000c00103d0                VgaText::setCursorX(int)
                0x00000000c00103e8                VgaText::setCursorY(int)
                0x00000000c0010400                VgaText::incrementCursor(bool)
                0x00000000c0010454                VgaText::decrementCursor(bool)
                0x00000000c0010476                VgaText::putchar(char, VgaColour, VgaColour)
                0x00000000c001054e                VgaText::doUpdate()
                0x00000000c001055c                VgaText::puts(char const*, VgaColour, VgaColour)
                0x00000000c00106d4                VgaText::clearScreen()
                0x00000000c001072e                VgaText::putchar(char)
                0x00000000c001081a                VgaText::putx(unsigned int)
                0x00000000c0010860                VgaText::puts(char const*)
                0x00000000c0010886                VgaText::VgaText(char const*)
                0x00000000c0010886                VgaText::VgaText(char const*)
                0x00000000c0010a04                VgaText::receiveKey(unsigned char)
                0x00000000c0010aec                VgaText::write(unsigned long long, void*, int*)
                0x00000000c0010b40                newTerminal(char*)
 *fill*         0x00000000c0010b65        0x1 
 .text          0x00000000c0010b66      0x19d core/tss.32
                0x00000000c0010b66                TSS::TSS()
                0x00000000c0010b66                TSS::TSS()
                0x00000000c0010b74                TSS::setESP(unsigned long)
                0x00000000c0010b86                TSS::flush()
                0x00000000c0010ba6                TSS::setup(unsigned long, unsigned long)
 *fill*         0x00000000c0010d03        0x1 
 .text          0x00000000c0010d04      0x4c2 core/unixfile.32
                0x00000000c0010d04                ReservedFilename::read(unsigned long long, void*, int*)
                0x00000000c0010d5a                ReservedFilename::isAtty()
                0x00000000c0010d76                ReservedFilename::write(unsigned long long, void*, int*)
                0x00000000c0010dd4                UnixFile::getFileDescriptor()
                0x00000000c0010ddc                UnixFile::UnixFile(int)
                0x00000000c0010ddc                UnixFile::UnixFile(int)
                0x00000000c0010f8c                ReservedFilename::ReservedFilename(int)
                0x00000000c0010f8c                ReservedFilename::ReservedFilename(int)
                0x00000000c0010fbe                UnixFile::~UnixFile()
                0x00000000c0010fbe                UnixFile::~UnixFile()
                0x00000000c0011056                UnixFile::~UnixFile()
                0x00000000c001107e                ReservedFilename::~ReservedFilename()
                0x00000000c001107e                ReservedFilename::~ReservedFilename()
                0x00000000c00110a2                ReservedFilename::~ReservedFilename()
                0x00000000c00110c9                getFromFileDescriptor(int)
 .text          0x00000000c00111c6     0x1479 core/virtmgr.32
                0x00000000c00111c6                Virt::setPageState(unsigned long, Virt::VirtPageState)
                0x00000000c00111fb                Virt::getPageState(unsigned long)
                0x00000000c001121f                Virt::allocateKernelVirtualPages(int)
                0x00000000c0011330                Virt::freeSwapfilePage(unsigned long)
                0x00000000c001134e                Virt::swapIDToSector(unsigned long)
                0x00000000c0011360                Virt::allocateSwapfilePage()
                0x00000000c00113de                Virt::virtualMemorySetup()
                0x00000000c0011429                Virt::setupPageSwapping(int)
                0x00000000c0011646                VAS::VAS()
                0x00000000c0011646                VAS::VAS()
                0x00000000c0011682                VAS::VAS(VAS*)
                0x00000000c0011682                VAS::VAS(VAS*)
                0x00000000c00116b0                VAS::getForeignPageTableEntry(bool, unsigned long)
                0x00000000c00116dc                VAS::getPageTableEntry(unsigned long)
                0x00000000c00116fb                Virt::freeKernelVirtualPages(unsigned long)
                0x00000000c001181e                VAS::freeAllocatedPages(unsigned long)
                0x00000000c0011842                VAS::virtualToPhysical(unsigned long)
                0x00000000c001185a                VAS::reflagRange(unsigned long, int, int, int)
                0x00000000c001189a                VAS::setToWriteCombining(unsigned long, int)
                0x00000000c00118cc                VAS::mapOtherVASIn(bool, VAS*)
                0x00000000c00118f6                VAS::~VAS()
                0x00000000c00118f6                VAS::~VAS()
                0x00000000c0011a72                VAS::mapPage(unsigned long, unsigned long, int)
                0x00000000c0011b74                VAS::allocatePages(int, int)
                0x00000000c0011d4c                VAS::setCPUSpecific(unsigned long)
                0x00000000c0011d68                VAS::mapRange(unsigned long, unsigned long, int, int)
                0x00000000c0011e2e                VAS::mapForeignPage(bool, VAS*, unsigned long, unsigned long, int)
                0x00000000c0011f1c                VAS::VAS(bool)
                0x00000000c0011f1c                VAS::VAS(bool)
                0x00000000c001219c                VAS::evict(unsigned long)
                0x00000000c00122a4                VAS::tryLoadBackOffDisk(unsigned long)
                0x00000000c001242c                VAS::scanForEviction()
                0x00000000c0012513                mapVASFirstTime
 .text          0x00000000c001263f       0x95 coreobjs/c++.32
                0x00000000c001263f                __cxa_atexit
                0x00000000c0012642                __cxa_finalize
                0x00000000c0012643                __stack_chk_fail
                0x00000000c00126af                __cxa_pure_virtual
                0x00000000c00126c0                operator new[](unsigned long)
                0x00000000c00126c5                operator delete(void*, unsigned long)
                0x00000000c00126ca                operator delete[](void*)
                0x00000000c00126cf                operator delete[](void*, unsigned long)
 .text          0x00000000c00126d4      0x1e7 dbg/kconsole.32
                0x00000000c00126d4                Dbg::stringifyxWithBase(unsigned int, char*, int)
                0x00000000c001272d                Dbg::logc(char)
                0x00000000c0012744                Dbg::logs(char*)
                0x00000000c0012761                Dbg::logWriteInt(unsigned int)
                0x00000000c001277e                Dbg::logWriteIntBase(unsigned int, int)
                0x00000000c001279d                Dbg::kprintf(char const*, ...)
 *fill*         0x00000000c00128bb        0x1 
 .text          0x00000000c00128bc      0xb82 fs/vfs.32
                0x00000000c00128bc                File::read(unsigned long long, void*, int*)
                0x00000000c0012914                File::write(unsigned long long, void*, int*)
                0x00000000c001296c                Directory::read(unsigned long long, void*, int*)
                0x00000000c00129c4                Directory::write(unsigned long long, void*, int*)
                0x00000000c00129f2                File::isAtty()
                0x00000000c00129f6                Directory::isAtty()
                0x00000000c00129fa                Filesystem::getlabel(LogicalDisk*, int, char*, unsigned int*)
                0x00000000c0012a00                Filesystem::setlabel(LogicalDisk*, int, char*)
                0x00000000c0012a06                Filesystem::getFileFirstSector(char const*)
                0x00000000c0012a0c                File::~File()
                0x00000000c0012a0c                File::~File()
                0x00000000c0012a30                File::~File()
                0x00000000c0012a5a                Directory::~Directory()
                0x00000000c0012a5a                Directory::~Directory()
                0x00000000c0012a7e                Directory::~Directory()
                0x00000000c0012aa8                Filesystem::Filesystem()
                0x00000000c0012aa8                Filesystem::Filesystem()
                0x00000000c0012acc                Filesystem::~Filesystem()
                0x00000000c0012acc                Filesystem::~Filesystem()
                0x00000000c0012ada                Filesystem::~Filesystem()
                0x00000000c0012afe                Fs::getcwd(Process*, char*, int)
                0x00000000c0012b28                Fs::initVFS()
                0x00000000c0012b52                Fs::standardiseFiles(char*, char const*, char const*)
                0x00000000c0012cfc                File::File(char const*, Process*)
                0x00000000c0012cfc                File::File(char const*, Process*)
                0x00000000c0012d60                File::open(FileOpenMode)
                0x00000000c0012dbe                File::close()
                0x00000000c0012e1e                File::seek(unsigned long long)
                0x00000000c0012e74                File::tell(unsigned long long*)
                0x00000000c0012ec4                File::rewind()
                0x00000000c0012ed8                File::unlink()
                0x00000000c0012f24                File::rename(char const*)
                0x00000000c0012f72                File::chfatattr(unsigned char, unsigned char)
                0x00000000c0012fce                File::exists()
                0x00000000c001300c                File::stat(unsigned long long*, bool*)
                0x00000000c001306d                Fs::setcwd(Process*, char*)
                0x00000000c00131a8                Directory::Directory(char const*, Process*)
                0x00000000c00131a8                Directory::Directory(char const*, Process*)
                0x00000000c001320c                Directory::open()
                0x00000000c0013268                Directory::close()
                0x00000000c00132c8                Directory::unlink()
                0x00000000c0013314                Directory::rename(char const*)
                0x00000000c0013362                Directory::exists()
                0x00000000c00133a0                Directory::read(dirent*)
                0x00000000c00133ec                Directory::create()
                0x00000000c0013438                Filesystem::chfatattr(char const*, unsigned char, unsigned char)
 .text          0x00000000c001343e       0x84 hal/bus.32
                0x00000000c001343e                Bus::Bus(char const*)
                0x00000000c001343e                Bus::Bus(char const*)
                0x00000000c0013474                Bus::~Bus()
                0x00000000c0013474                Bus::~Bus()
                0x00000000c0013498                Bus::~Bus()
 .text          0x00000000c00134c2      0x156 hal/buzzer.32
                0x00000000c00134c2                Buzzer::Buzzer(char const*)
                0x00000000c00134c2                Buzzer::Buzzer(char const*)
                0x00000000c0013506                Buzzer::~Buzzer()
                0x00000000c0013506                Buzzer::~Buzzer()
                0x00000000c001352a                Buzzer::~Buzzer()
                0x00000000c0013554                Buzzer::stop()
                0x00000000c0013567                beepThread(void*)
                0x00000000c00135aa                Buzzer::beep(int, int, bool)
 .text          0x00000000c0013618      0x467 hal/clock.32
                0x00000000c0013618                User::loadClockSettings(int)
                0x00000000c001366a                Clock::Clock(char const*)
                0x00000000c001366a                Clock::Clock(char const*)
                0x00000000c00136a0                Clock::~Clock()
                0x00000000c00136a0                Clock::~Clock()
                0x00000000c00136c4                Clock::~Clock()
                0x00000000c00136ee                Clock::timeInSecondsLocal()
                0x00000000c0013736                Clock::setTimeInSecondsLocal(unsigned long long)
                0x00000000c001378f                datetimeToSeconds(datetime_t)
                0x00000000c00138b6                Clock::setTimeInDatetimeLocal(datetime_t)
                0x00000000c0013916                secondsToDatetime(unsigned long long)
                0x00000000c0013a5a                Clock::timeInDatetimeLocal()
 *fill*         0x00000000c0013a7f        0x1 
 .text          0x00000000c0013a80      0x504 hal/device.32
                0x00000000c0013a80                Device::hibernate()
                0x00000000c0013a82                Device::wake()
                0x00000000c0013a84                Device::detect()
                0x00000000c0013a86                Device::disableLegacy()
                0x00000000c0013a88                Device::powerSaving(PowerSavingLevel)
                0x00000000c0013a8a                DriverlessDevice::close(int, int, void*)
                0x00000000c0013a8e                DriverlessDevice::detect()
                0x00000000c0013a90                DriverlessDevice::open(int, int, void*)
                0x00000000c0013aa4                Device::~Device()
                0x00000000c0013aa4                Device::~Device()
                0x00000000c0013ab2                Device::~Device()
                0x00000000c0013ada                Device::findAndLoadDriver()
                0x00000000c0013ae8                Device::preOpenPCI(PCIDeviceInfo)
                0x00000000c0013b0e                Device::preOpenACPI(void*, char*, char*)
                0x00000000c0013b4e                Device::addIRQHandler(int, void (*)(regs*, void*), bool, void*)
                0x00000000c0013b8c                Device::getParent()
                0x00000000c0013b98                Device::removeIRQHandler(int, void (*)(regs*, void*), bool)
                0x00000000c0013bd6                Device::addChild(Device*)
                0x00000000c0013c1a                Device::removeAllChildren()
                0x00000000c0013c60                Device::hibernateAll()
                0x00000000c0013c90                Device::wakeAll()
                0x00000000c0013cc0                Device::detectAll()
                0x00000000c0013cf0                Device::disableLegacyAll()
                0x00000000c0013d20                Device::loadDriversForAll()
                0x00000000c0013d60                Device::closeAll()
                0x00000000c0013d96                Device::powerSavingAll(PowerSavingLevel)
                0x00000000c0013dcc                Device::setName(char const*)
                0x00000000c0013dda                Device::Device(char const*)
                0x00000000c0013dda                Device::Device(char const*)
                0x00000000c0013ed6                Device::getName()
                0x00000000c0013ee0                DriverlessDevice::DriverlessDevice(char const*)
                0x00000000c0013ee0                DriverlessDevice::DriverlessDevice(char const*)
                0x00000000c0013f16                Device::addToLinkedList(LinkedList<Device>&, DeviceType)
                0x00000000c0013f5a                getDevicesOfType(DeviceType)
 .text          0x00000000c0013f84       0x84 hal/diskctrl.32
                0x00000000c0013f84                HardDiskController::HardDiskController(char const*)
                0x00000000c0013f84                HardDiskController::HardDiskController(char const*)
                0x00000000c0013fba                HardDiskController::~HardDiskController()
                0x00000000c0013fba                HardDiskController::~HardDiskController()
                0x00000000c0013fde                HardDiskController::~HardDiskController()
 .text          0x00000000c0014008       0xe2 hal/diskphys.32
                0x00000000c0014008                PhysicalDisk::eject()
                0x00000000c001400c                PhysicalDisk::PhysicalDisk(char const*, int)
                0x00000000c001400c                PhysicalDisk::PhysicalDisk(char const*, int)
                0x00000000c0014074                PhysicalDisk::startCache()
                0x00000000c001409c                PhysicalDisk::~PhysicalDisk()
                0x00000000c001409c                PhysicalDisk::~PhysicalDisk()
                0x00000000c00140c0                PhysicalDisk::~PhysicalDisk()
 .text          0x00000000c00140ea      0x13b hal/fpu.32
                0x00000000c00140ea                FPU::FPU(char const*)
                0x00000000c00140ea                FPU::FPU(char const*)
                0x00000000c0014120                FPU::~FPU()
                0x00000000c0014120                FPU::~FPU()
                0x00000000c0014144                FPU::~FPU()
                0x00000000c001416e                setupFPU()
 *fill*         0x00000000c0014225        0x1 
 .text          0x00000000c0014226     0x143b hal/intctrl.32
                0x00000000c0014226                InterruptController::uninstallISRHandler(int, void (*)(regs*, void*))
                0x00000000c001425e                InterruptController::installISRHandler(int, void (*)(regs*, void*), void*)
                0x00000000c00142b0                doubleFault(regs*, void*)
                0x00000000c00142ca                InterruptController::installIRQHandler(int, void (*)(regs*, void*), bool, void*)
                0x00000000c0014366                InterruptController::clearAllHandlers(int, bool)
                0x00000000c001440e                InterruptController::uninstallIRQHandler(int, void (*)(regs*, void*), bool)
                0x00000000c0014495                nmiHandler(regs*, void*)
                0x00000000c00144a3                int_handler
                0x00000000c0014544                InterruptController::InterruptController(char const*)
                0x00000000c0014544                InterruptController::InterruptController(char const*)
                0x00000000c00145ea                InterruptController::~InterruptController()
                0x00000000c00145ea                InterruptController::~InterruptController()
                0x00000000c001460e                InterruptController::~InterruptController()
                0x00000000c0014638                displayDebugInfo(regs*)
                0x00000000c0014ac7                x87EmulHandler(regs*, void*)
                0x00000000c0014b3a                gpFault(regs*, void*)
                0x00000000c0014b73                pgFault(regs*, void*)
                0x00000000c0014bc2                otherISRHandler(regs*, void*)
                0x00000000c0014be1                opcodeFault(regs*, void*)
                0x00000000c00151fe                displayProgramFault(char const*)
                0x00000000c0015226                setupInterruptController()
                0x00000000c0015614                InterruptController::convertLegacyIRQNumber(int)
 *fill*         0x00000000c0015661        0x1 
 .text          0x00000000c0015662      0x784 hal/keybrd.32
                0x00000000c0015662                startGUI(void*)
                0x00000000c00156ce                startGUIVESA(void*)
                0x00000000c001573a                sendKeyToTerminal(unsigned char)
                0x00000000c00157f8                sendKeyboardToken(KeyboardToken)
                0x00000000c0015c35                clearInternalKeybuffer(VgaText*)
                0x00000000c0015c6a                readKeyboard(VgaText*, char*, unsigned long)
                0x00000000c0015d5c                Keyboard::Keyboard(char const*)
                0x00000000c0015d5c                Keyboard::Keyboard(char const*)
                0x00000000c0015d98                Keyboard::~Keyboard()
                0x00000000c0015d98                Keyboard::~Keyboard()
                0x00000000c0015dbc                Keyboard::~Keyboard()
 .text          0x00000000c0015de6      0x3ea hal/logidisk.32
                0x00000000c0015de6                LogicalDisk::close(int, int, void*)
                0x00000000c0015dea                LogicalDisk::~LogicalDisk()
                0x00000000c0015dea                LogicalDisk::~LogicalDisk()
                0x00000000c0015e0e                LogicalDisk::~LogicalDisk()
                0x00000000c0015e38                LogicalDisk::open(int, int, void*)
                0x00000000c0015e4c                LogicalDisk::absoluteToRelative(unsigned long long)
                0x00000000c0015e84                LogicalDisk::relativeToAbsolute(unsigned long long)
                0x00000000c0015eca                LogicalDisk::LogicalDisk(char const*, PhysicalDisk*, unsigned long long, unsigned long long)
                0x00000000c0015eca                LogicalDisk::LogicalDisk(char const*, PhysicalDisk*, unsigned long long, unsigned long long)
                0x00000000c0015f80                LogicalDisk::assignDriveLetter()
                0x00000000c0016036                LogicalDisk::mount()
                0x00000000c001607e                LogicalDisk::unmount()
                0x00000000c001608e                LogicalDisk::eject()
                0x00000000c00160a2                LogicalDisk::unassignDriveLetter()
                0x00000000c00160f8                LogicalDisk::read(unsigned long long, int, void*)
                0x00000000c0016164                LogicalDisk::write(unsigned long long, int, void*)
 .text          0x00000000c00161d0       0x84 hal/mouse.32
                0x00000000c00161d0                Mouse::Mouse(char const*)
                0x00000000c00161d0                Mouse::Mouse(char const*)
                0x00000000c0016206                Mouse::~Mouse()
                0x00000000c0016206                Mouse::~Mouse()
                0x00000000c001622a                Mouse::~Mouse()
 .text          0x00000000c0016254      0x339 hal/partition.32
                0x00000000c0016254                makePartition(PhysicalDisk*, unsigned long long, unsigned long long)
                0x00000000c00162fc                createPartitionsForDisk(PhysicalDisk*)
 *fill*         0x00000000c001658d        0x1 
 .text          0x00000000c001658e       0x84 hal/serial.32
                0x00000000c001658e                Serial::Serial(char const*)
                0x00000000c001658e                Serial::Serial(char const*)
                0x00000000c00165c4                Serial::~Serial()
                0x00000000c00165c4                Serial::~Serial()
                0x00000000c00165e8                Serial::~Serial()
 .text          0x00000000c0016612      0x2f3 hal/timer.32
                0x00000000c0016612                Timer::Timer(char const*)
                0x00000000c0016612                Timer::Timer(char const*)
                0x00000000c0016648                Timer::~Timer()
                0x00000000c0016648                Timer::~Timer()
                0x00000000c001666c                Timer::~Timer()
                0x00000000c0016696                Timer::read()
                0x00000000c00166a1                timerHandler(unsigned long long)
                0x00000000c0016813                setupTimer(int)
 *fill*         0x00000000c0016905        0x1 
 .text          0x00000000c0016906      0x484 hal/vcache.32
                0x00000000c0016906                VCache::VCache(PhysicalDisk*)
                0x00000000c0016906                VCache::VCache(PhysicalDisk*)
                0x00000000c0016a6e                VCache::invalidateReadBuffer()
                0x00000000c0016a7e                VCache::writeWriteBuffer()
                0x00000000c0016aca                VCache::~VCache()
                0x00000000c0016aca                VCache::~VCache()
                0x00000000c0016b1e                VCache::~VCache()
                0x00000000c0016b46                VCache::write(unsigned long long, int, void*)
                0x00000000c0016c70                VCache::read(unsigned long long, int, void*)
 .text          0x00000000c0016d8a      0x4b3 hal/video.32
                0x00000000c0016d8a                Video::putrect(int, int, int, int, unsigned int)
                0x00000000c0016dd6                Video::bitblit(int, int, int, int, int, int, int, unsigned int*)
                0x00000000c0016e46                Video::blit(unsigned int*, int, int, int, int)
                0x00000000c0016ec4                Video::clearScreen(unsigned int)
                0x00000000c0016ef8                Video::putpixel(int, int, unsigned int)
                0x00000000c0016f06                Video::Video(char const*)
                0x00000000c0016f06                Video::Video(char const*)
                0x00000000c0016f3c                Video::~Video()
                0x00000000c0016f3c                Video::~Video()
                0x00000000c0016f60                Video::~Video()
                0x00000000c0016f8a                Video::isMonochrome()
                0x00000000c0016f96                Video::getWidth()
                0x00000000c0016fa2                Video::getHeight()
                0x00000000c0016fae                Video::drawCursor(int, int, unsigned char*, int)
                0x00000000c001706a                Video::tgaParse(unsigned char*, int, int*, int*)
                0x00000000c00171d2                Video::putTGA(int, int, unsigned char*, int)
 *fill*         0x00000000c001723d        0x1 
 .text          0x00000000c001723e     0x11c9 hw/acpi.32
                0x00000000c001723e                ACPI::close(int, int, void*)
                0x00000000c00172e3                findRSDP()
                0x00000000c001736d                loadACPITables(unsigned char*)
                0x00000000c00175c4                findRSDT(unsigned char*)
                0x00000000c001770e                findDataTable(unsigned char*, char*)
                0x00000000c0017780                scanMADT()
                0x00000000c0017bee                ACPI::ACPI()
                0x00000000c0017bee                ACPI::ACPI()
                0x00000000c0017c42                ACPI::getPCIIRQAssignment(unsigned char, unsigned short, unsigned char)
                0x00000000c0017d24                ACPI::registerPCIIRQAssignment(void*, unsigned short, unsigned char, unsigned char)
                0x00000000c0017dea                ACPI::setScreenBrightnessLevel(void*, int)
                0x00000000c0017df0                ACPI::detectPCI()
                0x00000000c0017ff2                ACPI::writeSimpleBootFlag(SimpleBootFlagTable*)
                0x00000000c001803a                ACPI::sleep()
                0x00000000c0018052                ACPI::open(int, int, void*)
 *fill*         0x00000000c0018407        0x1 
 .text          0x00000000c0018408     0x1495 hw/cpu.32
                0x00000000c0018408                CPU::close(int, int, void*)
                0x00000000c001840c                CPU::lookupAMDName(unsigned char, unsigned char)
                0x00000000c00185a0                CPU::lookupIntelName(unsigned char, unsigned char)
                0x00000000c001884e                CPU::AMD_K6_write_msr(unsigned int, unsigned int, unsigned int, CPU::REGS*)
                0x00000000c001886a                CPU::AMD_K6_read_msr(unsigned int, CPU::REGS*)
                0x00000000c0018882                CPU::AMD_K6_writeback(int, int, int)
                0x00000000c00188f6                CPU::cpuid(int, unsigned long*, unsigned long*, unsigned long*, unsigned long*)
                0x00000000c001897a                CPU::cpuidCheckEDX(unsigned int)
                0x00000000c00189a8                CPU::cpuidCheckECX(unsigned int)
                0x00000000c00189d6                CPU::cpuidCheckExtendedEBX(unsigned int)
                0x00000000c0018a04                CPU::cpuidCheckExtendedECX(unsigned int)
                0x00000000c0018a32                CPU::CPU()
                0x00000000c0018a32                CPU::CPU()
                0x00000000c0018ac0                CPU::displayFeatures()
                0x00000000c0018ac2                CPU::detectFeatures()
                0x00000000c00194b4                CPU::setupSMEP()
                0x00000000c00194c0                CPU::setupUMIP()
                0x00000000c00194ca                CPU::setupTSC()
                0x00000000c00194d4                CPU::setupLargePages()
                0x00000000c00194de                CPU::setupPAT()
                0x00000000c001951a                CPU::setupMTRR()
                0x00000000c001951c                CPU::setupGlobalPages()
                0x00000000c0019526                CPU::allowUsermodeDataAccess()
                0x00000000c0019538                CPU::prohibitUsermodeDataAccess()
                0x00000000c001954a                CPU::setupSMAP()
                0x00000000c0019558                CPU::setupFeatures()
                0x00000000c00195d8                CPU::open(int, int, void*)
                0x00000000c00196a2                CPU::decodeAddress(regs*, int*, bool*, unsigned char*)
 .text          0x00000000c001989d        0x0 hw/ports.32
 .text          0x00000000c001989d      0x16a hw/smp.32
                0x00000000c001989d                Krnl::smpEntry()
                0x00000000c001989f                Krnl::startCPU(int)
                0x00000000c00199e8                Krnl::startCPUs()
 *fill*         0x00000000c0019a07        0x1 
 .text          0x00000000c0019a08      0x581 krnl/env.32
                0x00000000c0019a08                EnvVarContainer::getEnv(char const*)
                0x00000000c0019a46                EnvVarContainer::setEnv(char const*, char const*)
                0x00000000c0019b08                EnvVarContainer::deleteEnv(char const*)
                0x00000000c0019b0a                EnvVarContainer::loadFrom(char const*, char const*)
                0x00000000c0019cf0                EnvVarContainer::__loadSystem()
                0x00000000c0019d0a                EnvVarContainer::__loadUser()
                0x00000000c0019d0c                EnvVarContainer::EnvVarContainer(Process*)
                0x00000000c0019d0c                EnvVarContainer::EnvVarContainer(Process*)
                0x00000000c0019d2e                EnvVarContainer::~EnvVarContainer()
                0x00000000c0019d2e                EnvVarContainer::~EnvVarContainer()
                0x00000000c0019d5e                Krnl::getEnv(Process*, char const*)
                0x00000000c0019dc3                Krnl::setEnvSystem(char const*, char const*)
                0x00000000c0019ddd                Krnl::setEnvUser(char const*, char const*)
                0x00000000c0019dfc                Krnl::setEnvProcess(Process*, char const*, char const*)
                0x00000000c0019e0f                Krnl::deleteEnvSystem(char const*)
                0x00000000c0019e10                Krnl::deleteEnvUser(char const*)
                0x00000000c0019e11                Krnl::deleteEnvProcess(Process*, char const*)
                0x00000000c0019e12                Krnl::newProcessEnv(Process*)
                0x00000000c0019e34                Krnl::copyProcessEnv(Process*, Process*)
                0x00000000c0019e80                Krnl::loadSystemEnv()
                0x00000000c0019eae                Krnl::loadUserEnv()
                0x00000000c0019ed4                Krnl::flushEnv()
                0x00000000c0019ed5                Krnl::getProcessTotalEnvCount(Process*)
                0x00000000c0019ef5                Krnl::getProcessEnvPair(Process*, int)
 .text          0x00000000c0019f89      0x39c krnl/panic.32
                0x00000000c0019f89                Krnl::panic(char const*)
 .text          0x00000000c001a325      0x57f net/ethernet.32
                0x00000000c001a325                Net::switchEndian16(unsigned short)
                0x00000000c001a346                Net::switchEndian32(unsigned int)
                0x00000000c001a375                Net::crc32Calc(unsigned char*, int)
                0x00000000c001a406                Net::wrapEthernetFrame(Net::UnwrappedEthernetFrame, unsigned char*)
                0x00000000c001a619                Net::unwrapEthernetFrame(unsigned char*, int)
 .text          0x00000000c001a8a4      0x50e reg/registry.32
                0x00000000c001a8a4                Reg::findLineFromLoadedData(char*, char*, char*)
                0x00000000c001a9fc                Reg::getLineFromRegistry(char*, char*, char*, char*)
                0x00000000c001ab51                Reg::getLine(char*, char*, char*)
                0x00000000c001ab88                Reg::readInt(char*, char*, int*)
                0x00000000c001ac73                Reg::readString(char*, char*, char*, int)
                0x00000000c001acf4                Reg::readBool(char*, char*, bool*)
                0x00000000c001ad19                Reg::readBoolWithDefault(char*, char*, bool)
                0x00000000c001ad45                Reg::readIntWithDefault(char*, char*, int)
                0x00000000c001ad71                Reg::readStringWithDefault(char*, char*, char*, int, char*)
 .text          0x00000000c001adb2       0x36 sys/sc_eject.32
                0x00000000c001adb2                Sys::eject(regs*)
 .text          0x00000000c001ade8       0x18 sys/sc_exit.32
                0x00000000c001ade8                Sys::exit(regs*)
 .text          0x00000000c001ae00       0x1f sys/sc_getcwd.32
                0x00000000c001ae00                Sys::getCwd(regs*)
 .text          0x00000000c001ae1f        0xc sys/sc_getpid.32
                0x00000000c001ae1f                Sys::getPID(regs*)
 .text          0x00000000c001ae2b       0x1a sys/sc_getramdata.32
                0x00000000c001ae2b                Sys::getRAMData(regs*)
 .text          0x00000000c001ae45       0x84 sys/sc_getvgaptr.32
                0x00000000c001ae45                Sys::getVGAPtr(regs*)
 .text          0x00000000c001aec9       0xa8 sys/sc_loaddll.32
                0x00000000c001aec9                Sys::loadDLL(regs*)
 .text          0x00000000c001af71       0x68 sys/sc_read.32
                0x00000000c001af71                Sys::read(regs*)
 .text          0x00000000c001afd9       0x55 sys/sc_sbrk.32
                0x00000000c001afd9                Sys::sbrk(regs*)
 .text          0x00000000c001b02e       0x1c sys/sc_setcwd.32
                0x00000000c001b02e                Sys::setCwd(regs*)
 .text          0x00000000c001b04a       0x95 sys/sc_settime.32
                0x00000000c001b04a                Sys::setTime(regs*)
 .text          0x00000000c001b0df       0x4a sys/sc_timezone.32
                0x00000000c001b0df                Sys::timezone(regs*)
 .text          0x00000000c001b129       0x68 sys/sc_write.32
                0x00000000c001b129                Sys::write(regs*)
 .text          0x00000000c001b191       0x62 sys/sc_wsbe.32
                0x00000000c001b191                Sys::wsbe(regs*)
 .text          0x00000000c001b1f3       0x46 sys/sc_yield.32
                0x00000000c001b1f3                Sys::yield(regs*)
 .text          0x00000000c001b239      0xf84 sys/syscalls.32
                0x00000000c001b239                sysCallSeekDir(regs*)
                0x00000000c001b23e                sysCallTellDir(regs*)
                0x00000000c001b243                sysCallVerify(regs*)
                0x00000000c001b24d                sysCallGetArgc(regs*)
                0x00000000c001b25d                sysFormatDisk(regs*)
                0x00000000c001b2c7                sysSetDiskVolumeLabel(regs*)
                0x00000000c001b30d                sysGetDiskVolumeLabel(regs*)
                0x00000000c001b35e                sysShutdown(regs*)
                0x00000000c001b3bc                sysCallRealpath(regs*)
                0x00000000c001b3ff                sysCallReadDir(regs*)
                0x00000000c001b47e                sysCallIsATTY(regs*)
                0x00000000c001b4d8                sysCallSeek(regs*)
                0x00000000c001b52f                sysCallTell(regs*)
                0x00000000c001b59b                sysCallSize(regs*)
                0x00000000c001b60d                sysCallSizeFromFilename(regs*)
                0x00000000c001b6bc                sysCallClose(regs*)
                0x00000000c001b71c                sysCallOpenDir(regs*)
                0x00000000c001b791                sysCallCloseDir(regs*)
                0x00000000c001b7e5                sysCallMakeDir(regs*)
                0x00000000c001b855                sysCallWait(regs*)
                0x00000000c001b86f                sysCallNotImpl(regs*)
                0x00000000c001b88a                sysPanic(regs*)
                0x00000000c001b8a4                sysCallRmdir(regs*)
                0x00000000c001b908                sysCallUnlink(regs*)
                0x00000000c001b96c                sysCallGetArgv(regs*)
                0x00000000c001b9b8                sysCallTTYName(regs*)
                0x00000000c001ba3b                sysCallUSleep(regs*)
                0x00000000c001ba62                sysCallSpawn(regs*)
                0x00000000c001baca                sysCallGetEnv(regs*)
                0x00000000c001bb77                sysAppSettings(regs*)
                0x00000000c001bc8b                sysSetFatAttrib(regs*)
                0x00000000c001bcfd                sysPipe(regs*)
                0x00000000c001bd42                sysGetUnixTime(regs*)
                0x00000000c001bd56                string_ends_with(char const*, char const*)
                0x00000000c001bd9e                sysCallOpen(regs*)
                0x00000000c001bf86                Sys::loadSyscalls()
                0x00000000c001c17b                Sys::systemCall(regs*, void*)
 .text          0x00000000c001c1bd     0x1203 thr/elf.32
                0x00000000c001c1bd                Thr::allocateMemoryForTask(Process*, File*, unsigned long, unsigned long, unsigned long)
                0x00000000c001c467                Thr::loadProgramIntoMemory(Process*, char const*)
                0x00000000c001c67d                Thr::runtimeReferenceHelper()
                0x00000000c001c690                Thr::getAddressOfKernelSymbol(char const*)
                0x00000000c001c6df                Thr::loadKernelSymbolTable(char const*)
                0x00000000c001c99d                Thr::loadDriverIntoMemory(char const*, unsigned long, bool)
                0x00000000c001d0d3                Thr::getDriverBaseFromAddress(unsigned long)
                0x00000000c001d105                Thr::getDriverNameFromAddress(unsigned long)
                0x00000000c001d13c                Thr::getDriverOffsetFromAddress(unsigned long)
                0x00000000c001d156                Thr::loadDLL(char const*, bool)
                0x00000000c001d387                Thr::executeDLL(unsigned long, void*)
 .text          0x00000000c001d3c0     0x11ff thr/prcssthr.32
                0x00000000c001d3c0                userModeEntryPoint(void*)
                0x00000000c001d3e6                changeTSS
                0x00000000c001d416                switchToThread(ThreadControlBlock*)
                0x00000000c001d4c0                Process::addArgs(char**)
                0x00000000c001d51a                Process::Process(char const*, Process*, char**)
                0x00000000c001d51a                Process::Process(char const*, Process*, char**)
                0x00000000c001d6fe                Process::Process(bool, char const*, Process*, char**)
                0x00000000c001d6fe                Process::Process(bool, char const*, Process*, char**)
                0x00000000c001d8ad                taskStartupFunction
                0x00000000c001d8b6                Semaphore::Semaphore(int)
                0x00000000c001d8b6                Semaphore::Semaphore(int)
                0x00000000c001d8e4                Mutex::Mutex()
                0x00000000c001d8e4                Mutex::Mutex()
                0x00000000c001d8f6                Process::createThread(void (*)(void*), void*, int)
                0x00000000c001d9fc                Process::createUserThread()
                0x00000000c001da18                setupMultitasking(void (*)())
                0x00000000c001db1b                schedule()
                0x00000000c001dba0                Semaphore::tryAcquire()
                0x00000000c001dc5c                Semaphore::assertLocked(char const*)
                0x00000000c001dccb                blockTaskWithSchedulerLockAlreadyHeld(TaskState)
                0x00000000c001dcf1                blockTask(TaskState)
                0x00000000c001dd1e                waitTask(int, int*, int)
                0x00000000c001dd60                nanoSleepUntil(unsigned long long)
                0x00000000c001ddf5                nanoSleep(unsigned long long)
                0x00000000c001de0d                sleep(unsigned long long)
                0x00000000c001de2a                Semaphore::acquire()
                0x00000000c001dedb                taskReturned
                0x00000000c001df16                Thr::processFromPID(int)
                0x00000000c001dfad                unblockTask(ThreadControlBlock*)
                0x00000000c001e042                cleanupTerminatedTask(ThreadControlBlock*)
                0x00000000c001e2e9                cleanerTaskFunction(void*)
                0x00000000c001e3ca                terminateTask(int)
                0x00000000c001e489                Thr::terminateFromIRQ(int)
                0x00000000c001e496                Semaphore::release()
 .text          0x00000000c001e5bf      0xada vm86/vm8086.32
                0x00000000c001e5bf                Vm::inbv(unsigned short)
                0x00000000c001e5d2                Vm::outbv(unsigned short, unsigned char)
                0x00000000c001e608                Vm::realToLinear(unsigned short, unsigned short)
                0x00000000c001e618                Vm::getSegment(unsigned int)
                0x00000000c001e620                Vm::getOffset(unsigned int)
                0x00000000c001e625                Vm::mainloop2()
                0x00000000c001e65f                Vm::mainVm8086Loop(void*)
                0x00000000c001e66f                Vm::mainloop3(unsigned long)
                0x00000000c001e695                Vm::initialise8086()
                0x00000000c001e6d8                Vm::finish8086()
                0x00000000c001e739                Vm::getOutput8086(unsigned char*)
                0x00000000c001e75e                Vm::start8086(char const*, unsigned short, unsigned short, unsigned short, unsigned short)
                0x00000000c001e8c6                Vm::doISR(regs*, int, unsigned char*, unsigned short, unsigned short)
                0x00000000c001e950                Vm::readByteFromReal(unsigned short, unsigned short)
                0x00000000c001e961                Vm::readWordFromReal(unsigned short, unsigned short)
                0x00000000c001e973                Vm::readDwordFromReal(unsigned short, unsigned short)
                0x00000000c001e984                Vm::writeByteFromReal(unsigned short, unsigned short, unsigned char)
                0x00000000c001e999                Vm::writeWordFromReal(unsigned short, unsigned short, unsigned short)
                0x00000000c001e9af                Vm::writeDwordFromReal(unsigned short, unsigned short, unsigned int)
                0x00000000c001e9c4                Vm::faultHandler(regs*)
 .text          0x00000000c001f099      0xefd vm86/x87em.32
                0x00000000c001f099                Vm::fpuInternalTo32(unsigned long long)
                0x00000000c001f0f4                Vm::fpuInternalTo64(unsigned long long)
                0x00000000c001f0fd                Vm::fpu32ToInternal(unsigned int)
                0x00000000c001f142                Vm::fpu64ToInternal(unsigned long long)
                0x00000000c001f14b                Vm::fpuFloatToLong(unsigned long long)
                0x00000000c001f1a6                Vm::fpuULongToFloat(unsigned long long)
                0x00000000c001f1dc                Vm::fpuLongToFloat(long long)
                0x00000000c001f232                Vm::fpuGet0()
                0x00000000c001f237                Vm::fpuGet1()
                0x00000000c001f23f                Vm::fpuGetPi()
                0x00000000c001f247                Vm::fpuGetLog2E()
                0x00000000c001f25f                Vm::fpuGetLogE2()
                0x00000000c001f277                Vm::fpuGetLog210()
                0x00000000c001f28f                Vm::fpuGetLog102()
                0x00000000c001f2a7                Vm::fpuIsSecondLarger(unsigned long long, unsigned long long)
                0x00000000c001f2bb                Vm::fpuAreEqual(unsigned long long, unsigned long long)
                0x00000000c001f2d1                Vm::fpuUnorderedCompare(unsigned long long, unsigned long long)
                0x00000000c001f324                Vm::fpuAdd(unsigned long long, unsigned long long)
                0x00000000c001f335                Vm::fpuAbs(unsigned long long)
                0x00000000c001f33e                Vm::fpuChs(unsigned long long)
                0x00000000c001f34e                Vm::fpuSub(unsigned long long, unsigned long long)
                0x00000000c001f35d                Vm::fpuMultiply(unsigned long long, unsigned long long)
                0x00000000c001f37c                Vm::fpuDivide(unsigned long long, unsigned long long)
                0x00000000c001f398                Vm::fpuSquare(unsigned long long)
                0x00000000c001f3ae                Vm::fpuGetReg(int)
                0x00000000c001f3f1                Vm::fpuSetReg(int, unsigned long long)
                0x00000000c001f43c                Vm::fpuPush(unsigned long long)
                0x00000000c001f499                Vm::fpuPop()
                0x00000000c001f4eb                Vm::x87Handler(regs*)
 .text          0x00000000c001ff96     0x11c1 fs/fat/vfslink.32
                0x00000000c001ff96                FAT::getName()
                0x00000000c001ff9c                FAT::tell(void*, unsigned long long*)
                0x00000000c001ffd0                FAT::stat(void*, unsigned long long*)
                0x00000000c0020004                FAT::~FAT()
                0x00000000c0020004                FAT::~FAT()
                0x00000000c0020028                FAT::~FAT()
                0x00000000c0020050                FAT::getlabel(LogicalDisk*, int, char*, unsigned int*)
                0x00000000c00200ee                FAT::setlabel(LogicalDisk*, int, char*)
                0x00000000c00201a8                FAT::format(LogicalDisk*, int, char const*, int)
                0x00000000c0020366                FAT::tryMount(LogicalDisk*, int)
                0x00000000c002056c                FAT::getFileFirstSector(char const*)
                0x00000000c0020612                FAT::readDir(void*, unsigned long, void*, int*)
                0x00000000c002076c                FAT::read(void*, unsigned long, void*, int*)
                0x00000000c00207c6                FAT::write(void*, unsigned long, void*, int*)
                0x00000000c0020820                FAT::close(void*)
                0x00000000c002086c                FAT::closeDir(void*)
                0x00000000c00208b8                FAT::seek(void*, unsigned long long)
                0x00000000c002090c                fatWrapperReadDisk
                0x00000000c0020953                fatWrapperWriteDisk
                0x00000000c002099a                fatWrapperIoctl
                0x00000000c0020a9e                FAT::FAT()
                0x00000000c0020a9e                FAT::FAT()
                0x00000000c0020af0                FAT::fixFilepath(char*)
                0x00000000c0020b28                FAT::open(char const*, void**, FileOpenMode)
                0x00000000c0020c50                FAT::openDir(char const*, void**)
                0x00000000c0020cf6                FAT::stat(char const*, unsigned long long*, bool*)
                0x00000000c0020de0                FAT::unlink(char const*)
                0x00000000c0020e5a                FAT::chfatattr(char const*, unsigned char, unsigned char)
                0x00000000c0020fae                FAT::rename(char const*, char const*)
                0x00000000c0021072                FAT::mkdir(char const*)
                0x00000000c00210ec                FAT::exists(char const*)
 *fill*         0x00000000c0021157        0x1 
 .text          0x00000000c0021158      0xb75 fs/iso9660/vfslink.32
                0x00000000c0021158                ISO9660::format(LogicalDisk*, int, char const*, int)
                0x00000000c002115e                ISO9660::seek(void*, unsigned long long)
                0x00000000c002118e                ISO9660::tell(void*, unsigned long long*)
                0x00000000c00211b2                ISO9660::getName()
                0x00000000c00211b8                ISO9660::stat(void*, unsigned long long*)
                0x00000000c00211dc                ISO9660::chfatattr(char const*, unsigned char, unsigned char)
                0x00000000c00211e2                ISO9660::unlink(char const*)
                0x00000000c00211e8                ISO9660::write(void*, unsigned long, void*, int*)
                0x00000000c00211ee                ISO9660::rename(char const*, char const*)
                0x00000000c00211f4                ISO9660::mkdir(char const*)
                0x00000000c00211fa                ISO9660::close(void*)
                0x00000000c002121c                ISO9660::closeDir(void*)
                0x00000000c002123e                ISO9660::~ISO9660()
                0x00000000c002123e                ISO9660::~ISO9660()
                0x00000000c0021262                ISO9660::~ISO9660()
                0x00000000c0021289                __memmem(unsigned char*, int, unsigned char*, int)
                0x00000000c00212cb                readSectorFromCDROM(unsigned int, unsigned char*, char)
                0x00000000c0021326                ISO9660::tryMount(LogicalDisk*, int)
                0x00000000c0021376                ISO9660::read(void*, unsigned long, void*, int*)
                0x00000000c002157a                ISO9660::readDir(void*, unsigned long, void*, int*)
                0x00000000c00217f4                readRoot(unsigned int*, unsigned int*, char)
                0x00000000c0021848                readRecursively(char*, unsigned int, unsigned int, unsigned int*, unsigned int*, char, int*)
                0x00000000c0021a1b                getFileData(char*, unsigned int*, unsigned int*, char, int*)
                0x00000000c0021aaa                ISO9660::open(char const*, void**, FileOpenMode)
                0x00000000c0021b58                ISO9660::exists(char const*)
                0x00000000c0021b7c                ISO9660::stat(char const*, unsigned long long*, bool*)
                0x00000000c0021c10                ISO9660::openDir(char const*, void**)
                0x00000000c0021caa                ISO9660::ISO9660()
                0x00000000c0021caa                ISO9660::ISO9660()
 *fill*         0x00000000c0021ccd        0x1 
 .text          0x00000000c0021cce      0x396 hal/sound/sndchannel.32
                0x00000000c0021cce                SoundChannel::SoundChannel(int, int, int, int)
                0x00000000c0021cce                SoundChannel::SoundChannel(int, int, int, int)
                0x00000000c0021df8                SoundChannel::~SoundChannel()
                0x00000000c0021df8                SoundChannel::~SoundChannel()
                0x00000000c0021e14                SoundChannel::getSampleRate()
                0x00000000c0021e1c                SoundChannel::getBits()
                0x00000000c0021e24                SoundChannel::getBufferUsed()
                0x00000000c0021e2c                SoundChannel::getBufferSize()
                0x00000000c0021e34                SoundChannel::unbuffer(float*, int, int)
                0x00000000c0021ec8                SoundChannel::buffer16(short*, int)
                0x00000000c0021fc4                SoundChannel::buffer8(unsigned char*, int)
 .text          0x00000000c0022064      0x43e hal/sound/sndhw.32
                0x00000000c0022064                SoundDevice::SoundDevice(char const*)
                0x00000000c0022064                SoundDevice::SoundDevice(char const*)
                0x00000000c00220d0                SoundDevice::~SoundDevice()
                0x00000000c00220d0                SoundDevice::~SoundDevice()
                0x00000000c002214a                SoundDevice::~SoundDevice()
                0x00000000c0022174                SoundDevice::getFreeChannelNum()
                0x00000000c002218e                SoundDevice::addChannel(SoundChannel*)
                0x00000000c00221fe                SoundDevice::removeChannel(int)
                0x00000000c0022230                SoundDevice::floatTo16(float*, short*, int)
                0x00000000c002231e                SoundDevice::floatTo8(float*, unsigned char*, int)
                0x00000000c0022406                SoundDevice::getAudio(int, float*, float*)
 .text          0x00000000c00224a2        0x0 hw/bus/isa.32
 .text          0x00000000c00224a2      0xb87 hw/bus/pci.32
                0x00000000c00224a2                PCI::open(int, int, void*)
                0x00000000c00224c0                PCI::close(int, int, void*)
                0x00000000c00224c4                PCI::PCI()
                0x00000000c00224c4                PCI::PCI()
                0x00000000c002255a                PCI::readBAR8(unsigned int, int)
                0x00000000c0022576                PCI::readBAR16(unsigned int, int)
                0x00000000c0022594                PCI::readBAR32(unsigned int, int)
                0x00000000c00225b0                PCI::writeBAR8(unsigned int, unsigned char, int)
                0x00000000c00225d0                PCI::writeBAR16(unsigned int, unsigned short, int)
                0x00000000c00225f2                PCI::writeBAR32(unsigned int, unsigned int, int)
                0x00000000c0022612                PCI::legacyMechanism(unsigned char, unsigned char, unsigned char, unsigned char)
                0x00000000c0022680                PCI::pciReadWord(unsigned char, unsigned char, unsigned char, unsigned char)
                0x00000000c0022728                PCI::getVendorID(unsigned char, unsigned char, unsigned char)
                0x00000000c002274c                PCI::getHeaderType(unsigned char, unsigned char, unsigned char)
                0x00000000c0022774                PCI::getClassCode(unsigned char, unsigned char, unsigned char)
                0x00000000c00227be                PCI::getProgIF(unsigned char, unsigned char, unsigned char)
                0x00000000c00227e6                PCI::getRevisionID(unsigned char, unsigned char, unsigned char)
                0x00000000c002280a                PCI::getInterruptNumber(unsigned char, unsigned char, unsigned char)
                0x00000000c002282e                PCI::getSecondaryBus(unsigned char, unsigned char, unsigned char)
                0x00000000c0022856                PCI::getBARAddress(unsigned char, unsigned char, unsigned char, unsigned char)
                0x00000000c00228ba                PCI::pciWriteWord(unsigned char, unsigned char, unsigned char, unsigned char, unsigned short)
                0x00000000c00229a2                PCI::pciDetailsToFilepath(PCIDeviceInfo, char*)
                0x00000000c0022c1c                PCI::checkBus(unsigned char)
                0x00000000c0022c40                PCI::foundDevice(PCIDeviceInfo)
                0x00000000c0022db2                PCI::getDeviceData(unsigned char, unsigned char, unsigned char)
                0x00000000c0022f6a                PCI::checkDevice(unsigned char, unsigned char)
                0x00000000c0022fd6                PCI::detect()
 *fill*         0x00000000c0023029        0x1 
 .text          0x00000000c002302a      0xb54 hw/diskctrl/ide.32
                0x00000000c002302a                IDE::close(int, int, void*)
                0x00000000c002302e                IDE::IDE()
                0x00000000c002302e                IDE::IDE()
                0x00000000c0023062                IDE::prepareInterrupt(unsigned char)
                0x00000000c0023074                selectDrive(unsigned char, unsigned char)
                0x00000000c0023076                IDE::getBase(unsigned char)
                0x00000000c0023088                IDE::write(unsigned char, unsigned char, unsigned char)
                0x00000000c0023148                IDE::read(unsigned char, unsigned char)
                0x00000000c00231f6                IDE::waitInterrupt(unsigned char)
                0x00000000c002325c                ideChannel0IRQHandler(regs*, void*)
                0x00000000c0023278                ideChannel1IRQHandler(regs*, void*)
                0x00000000c0023294                IDE::enableIRQs(unsigned char, bool)
                0x00000000c00232da                IDE::open(int, int, void*)
                0x00000000c00236e8                IDE::readBuffer(unsigned char, unsigned char, unsigned int, unsigned int)
                0x00000000c00237b4                IDE::detect()
                0x00000000c0023a7a                IDE::printError(unsigned char, unsigned char, unsigned char)
                0x00000000c0023b2a                IDE::polling(unsigned char, unsigned int)
 .text          0x00000000c0023b7e      0x336 hw/diskctrl/satabus.32
                0x00000000c0023b7e                SATABus::close(int, int, void*)
                0x00000000c0023b82                SATABus::detect()
                0x00000000c0023b84                SATABus::SATABus()
                0x00000000c0023b84                SATABus::SATABus()
                0x00000000c0023c0a                SATABus::findCmdslot(SATABus::tagHBA_PORT volatile*)
                0x00000000c0023c52                SATABus::checkType(SATABus::tagHBA_PORT volatile*)
                0x00000000c0023c9a                SATABus::startCmd(SATABus::tagHBA_PORT volatile*)
                0x00000000c0023cba                SATABus::stopCmd(SATABus::tagHBA_PORT volatile*)
                0x00000000c0023ce4                SATABus::portRebase(SATABus::tagHBA_PORT volatile*, int)
                0x00000000c0023dea                SATABus::probePort(SATABus::tagHBA_MEM volatile*)
                0x00000000c0023e94                SATABus::open(int, int, void*)
 .text          0x00000000c0023eb4      0x688 hw/diskphys/ata.32
                0x00000000c0023eb4                ATA::close(int, int, void*)
                0x00000000c0023ed8                ATA::powerSaving(PowerSavingLevel)
                0x00000000c0023eda                ATA::ATA()
                0x00000000c0023eda                ATA::ATA()
                0x00000000c0023f08                ATA::flush(bool)
                0x00000000c0023f52                ATA::readyForCommand()
                0x00000000c0023fa2                ATA::access(unsigned long long, int, void*, bool)
                0x00000000c0024398                ATA::read(unsigned long long, int, void*)
                0x00000000c00243e4                ATA::write(unsigned long long, int, void*)
                0x00000000c0024446                ATA::detectCHS()
                0x00000000c0024470                ATA::open(int, int, void*)
 .text          0x00000000c002453c      0x5bd hw/diskphys/atapi.32
                0x00000000c002453c                ATAPI::write(unsigned long long, int, void*)
                0x00000000c0024542                ATAPI::close(int, int, void*)
                0x00000000c0024566                ATAPI::ATAPI()
                0x00000000c0024566                ATAPI::ATAPI()
                0x00000000c0024594                ATAPI::readyForCommand()
                0x00000000c00245e4                ATAPI::sendPacket(unsigned char*, int, bool, unsigned short*, int)
                0x00000000c00248a4                ATAPI::diskRemoved()
                0x00000000c00248c0                ATAPI::eject()
                0x00000000c0024908                ATAPI::diskInserted()
                0x00000000c0024936                ATAPI::detectMedia()
                0x00000000c00249f2                ATAPI::open(int, int, void*)
                0x00000000c0024a7a                ATAPI::read(unsigned long long, int, void*)
 *fill*         0x00000000c0024af9        0x1 
 .text          0x00000000c0024afa      0x41c hw/diskphys/sata.32
                0x00000000c0024afa                SATA::close(int, int, void*)
                0x00000000c0024b1e                SATA::powerSaving(PowerSavingLevel)
                0x00000000c0024b20                SATA::open(int, int, void*)
                0x00000000c0024bca                SATA::SATA()
                0x00000000c0024bca                SATA::SATA()
                0x00000000c0024bf8                SATA::access(unsigned long long, int, void*, bool)
                0x00000000c0024e5e                SATA::read(unsigned long long, int, void*)
                0x00000000c0024eaa                SATA::write(unsigned long long, int, void*)
 .text          0x00000000c0024f16      0x4fe hw/diskphys/satapi.32
                0x00000000c0024f16                SATAPI::write(unsigned long long, int, void*)
                0x00000000c0024f1c                SATAPI::close(int, int, void*)
                0x00000000c0024f40                SATAPI::SATAPI()
                0x00000000c0024f40                SATAPI::SATAPI()
                0x00000000c0024f6e                SATAPI::diskRemoved()
                0x00000000c0024f8a                SATAPI::diskInserted()
                0x00000000c0024fb8                SATAPI::sendPacket(unsigned char*, int, unsigned long long, unsigned short*, int)
                0x00000000c00251c0                SATAPI::eject()
                0x00000000c0025208                SATAPI::detectMedia()
                0x00000000c00252ca                SATAPI::open(int, int, void*)
                0x00000000c0025372                SATAPI::read(unsigned long long, int, void*)
 .text          0x00000000c0025414       0x8e hw/fpu/avx.32
                0x00000000c0025414                AVX::open(int, int, void*)
                0x00000000c0025426                AVX::close(int, int, void*)
                0x00000000c0025438                AVX::available()
                0x00000000c002544a                AVX::save(void*)
                0x00000000c0025462                AVX::load(void*)
                0x00000000c002547a                AVX::AVX()
                0x00000000c002547a                AVX::AVX()
 .text          0x00000000c00254a2       0x90 hw/fpu/mmx.32
                0x00000000c00254a2                MMX::available()
                0x00000000c00254b6                MMX::open(int, int, void*)
                0x00000000c00254c8                MMX::close(int, int, void*)
                0x00000000c00254da                MMX::save(void*)
                0x00000000c00254f2                MMX::load(void*)
                0x00000000c002550a                MMX::MMX()
                0x00000000c002550a                MMX::MMX()
 .text          0x00000000c0025532       0x96 hw/fpu/sse.32
                0x00000000c0025532                SSE::open(int, int, void*)
                0x00000000c0025544                SSE::close(int, int, void*)
                0x00000000c0025556                SSE::available()
                0x00000000c0025570                SSE::save(void*)
                0x00000000c0025588                SSE::load(void*)
                0x00000000c00255a0                SSE::SSE()
                0x00000000c00255a0                SSE::SSE()
 .text          0x00000000c00255c8       0x8e hw/fpu/x87.32
                0x00000000c00255c8                x87::open(int, int, void*)
                0x00000000c00255da                x87::close(int, int, void*)
                0x00000000c00255ec                x87::available()
                0x00000000c00255fe                x87::save(void*)
                0x00000000c0025616                x87::load(void*)
                0x00000000c002562e                x87::x87()
                0x00000000c002562e                x87::x87()
 .text          0x00000000c0025656      0x71e hw/intctrl/apic.32
                0x00000000c0025656                APIC::disable()
                0x00000000c0025658                APIC::close(int, int, void*)
                0x00000000c002567a                IOAPIC::close(int, int, void*)
                0x00000000c0025680                APIC::io_wait()
                0x00000000c0025686                APIC::getBase()
                0x00000000c00256c8                APIC::eoi(unsigned char)
                0x00000000c00256f6                APIC::open(int, int, void*)
                0x00000000c0025844                IOAPIC::IOAPIC()
                0x00000000c0025844                IOAPIC::IOAPIC()
                0x00000000c002586c                APIC::APIC()
                0x00000000c002586c                APIC::APIC()
                0x00000000c0025948                IOAPIC::handlesGSIWithNumber(unsigned int)
                0x00000000c002597a                IOAPIC::read(int)
                0x00000000c00259a2                IOAPIC::open(int, int, void*)
                0x00000000c0025a98                IOAPIC::write(int, int)
                0x00000000c0025ac4                IOAPIC::redirect(unsigned char, unsigned long long, unsigned char, bool, bool)
                0x00000000c0025bbe                APIC::installIRQHandler(int, void (*)(regs*, void*), bool, void*)
 .text          0x00000000c0025d74      0x3d3 hw/intctrl/pic.32
                0x00000000c0025d74                PIC::disable()
                0x00000000c0025da2                PIC::close(int, int, void*)
                0x00000000c0025dc4                PIC::PIC()
                0x00000000c0025dc4                PIC::PIC()
                0x00000000c0025e9a                PIC::ioWait()
                0x00000000c0025ea0                PIC::getIRQReg(int)
                0x00000000c0025f0a                PIC::eoi(unsigned char)
                0x00000000c0025f9c                PIC::remap()
                0x00000000c0026108                PIC::open(int, int, void*)
 *fill*         0x00000000c0026147        0x1 
 .text          0x00000000c0026148      0x25e hw/timer/apictimer.32
                0x00000000c0026148                APICTimer::close(int, int, void*)
                0x00000000c002614e                apicTimerHandler(regs*, void*)
                0x00000000c002617c                APICTimer::write(int)
                0x00000000c0026280                APICTimer::open(int, int, void*)
                0x00000000c002637e                APICTimer::APICTimer()
                0x00000000c002637e                APICTimer::APICTimer()
 .text          0x00000000c00263a6      0x1a7 hw/timer/pit.32
                0x00000000c00263a6                PIT::write(int)
                0x00000000c0026424                pitHandler(regs*, void*)
                0x00000000c0026450                PIT::open(int, int, void*)
                0x00000000c002649e                PIT::close(int, int, void*)
                0x00000000c00264ce                PIT::PIT()
                0x00000000c00264ce                PIT::PIT()
 *fill*         0x00000000c002654d        0x3 
 .text          0x00000000c0026550       0x1e hw/fpu/x86/avx.32
                0x00000000c0026550                avxDetect
                0x00000000c0026556                avxSave
                0x00000000c0026557                avxLoad
                0x00000000c0026558                avxInit
                0x00000000c0026559                avxClose
                0x00000000c002655a                wouldSheSayYes
 *fill*         0x00000000c002656e        0x2 
 .text          0x00000000c0026570       0x35 hw/fpu/x86/sse.32
                0x00000000c0026570                absolutelyNoChanceInHell
                0x00000000c0026570                sseDetect
                0x00000000c0026588                sseSave
                0x00000000c002658e                sseLoad
                0x00000000c0026594                sseInit
                0x00000000c00265a4                sseClose
 *fill*         0x00000000c00265a5        0xb 
 .text          0x00000000c00265b0       0x4d hw/fpu/x86/x87.32
                0x00000000c00265b6                x87Detect
                0x00000000c00265d1                x87Save
                0x00000000c00265da                x87Load
                0x00000000c00265e2                x87Init
                0x00000000c00265fc                x87Close
 *fill*         0x00000000c00265fd        0x3 
 .text          0x00000000c0026600       0x25 /cygdrive/d/Users/Alex/Desktop/Toolchain/Output/bin/../lib/gcc/i386-banana/8.1.0/crtend.o
 .text          0x00000000c0026625        0x0 crtn.32
 *fill*         0x00000000c0026625        0x3 
 .text          0x00000000c0026628      0x14b /cygdrive/d/Users/Alex/Desktop/Toolchain/Output/bin/../lib/gcc/i386-banana/8.1.0/libkgcc.a(_divdi3.o)
                0x00000000c0026628                __divdi3
 *fill*         0x00000000c0026773        0x1 
 .text          0x00000000c0026774      0x17e /cygdrive/d/Users/Alex/Desktop/Toolchain/Output/bin/../lib/gcc/i386-banana/8.1.0/libkgcc.a(_moddi3.o)
                0x00000000c0026774                __moddi3
 *fill*         0x00000000c00268f2        0x2 
 .text          0x00000000c00268f4       0xff /cygdrive/d/Users/Alex/Desktop/Toolchain/Output/bin/../lib/gcc/i386-banana/8.1.0/libkgcc.a(_udivdi3.o)
                0x00000000c00268f4                __udivdi3
 *fill*         0x00000000c00269f3        0x1 
 .text          0x00000000c00269f4      0x11a /cygdrive/d/Users/Alex/Desktop/Toolchain/Output/bin/../lib/gcc/i386-banana/8.1.0/libkgcc.a(_umoddi3.o)
                0x00000000c00269f4                __umoddi3
 .text          0x00000000c0026b0e      0x96d D:/Users/Alex/Desktop/Banana/kernel/libsoftfp.a(sfieeelib.o)
                0x00000000c0026b0e                __addsf3
                0x00000000c0026e10                __subsf3
                0x00000000c0026e24                __negsf2
                0x00000000c0026e31                __mulsf3
                0x00000000c0026ff4                __divsf3
                0x00000000c002721f                __floatsisf
                0x00000000c0027293                __floatunsisf
                0x00000000c00272d5                __fixsfsi
                0x00000000c0027337                __fixunssfsi
                0x00000000c0027368                __cmpsf2
                0x00000000c00273fd                __eqsf2
                0x00000000c0027438                __nesf2
                0x00000000c002743a                __gtsf2
                0x00000000c0027475                __gesf2
                0x00000000c0027477                __ltsf2
                0x00000000c0027479                __lesf2
 .text          0x00000000c002747b      0xf50 D:/Users/Alex/Desktop/Banana/kernel/libsoftfp.a(dfieeelib.o)
                0x00000000c002747b                __adddf3
                0x00000000c0027acc                __subdf3
                0x00000000c0027ae7                __negdf2