Archive member included to satisfy reference by file (symbol)

/cygdrive/d/Users/Alex/Desktop/Toolchain/Output/bin/../lib/gcc/i386-banana/8.1.0/libkgcc.a(_divdi3.o)
                              krnl/resolve.32 (__divdi3)
/cygdrive/d/Users/Alex/Desktop/Toolchain/Output/bin/../lib/gcc/i386-banana/8.1.0/libkgcc.a(_moddi3.o)
                              krnl/resolve.32 (__moddi3)
/cygdrive/d/Users/Alex/Desktop/Toolchain/Output/bin/../lib/gcc/i386-banana/8.1.0/libkgcc.a(_udivdi3.o)
                              hal/clock.32 (__udivdi3)
/cygdrive/d/Users/Alex/Desktop/Toolchain/Output/bin/../lib/gcc/i386-banana/8.1.0/libkgcc.a(_umoddi3.o)
                              core/pipe.32 (__umoddi3)

Allocating common symbols
Common symbol       size              file

current_iphdr_src   0x4               net/core/ipv4/ip.32
netif_list          0x4               net/core/netif.32
tcp_active_pcbs     0x4               net/core/tcp.32
udp_pcbs            0x4               net/core/udp.32
current_netif       0x4               net/core/ipv4/ip.32
tcp_ticks           0x4               net/core/tcp.32
tcp_listen_pcbs     0x4               net/core/tcp.32
current_iphdr_dest  0x4               net/core/ipv4/ip.32
tcp_tmp_pcb         0x4               net/core/tcp.32
tcp_input_pcb       0x4               net/core/tcp_in.32
dcache              0x40              fs/iso9660/iso9660.32
current_header      0x4               net/core/ipv4/ip.32
tcp_bound_pcbs      0x4               net/core/tcp.32
cdDriveLetter       0x1               fs/iso9660/iso9660.32
tcp_tw_pcbs         0x4               net/core/tcp.32
lwip_stats          0x150             net/core/stats.32
netif_default       0x4               net/core/netif.32
ram_heap            0x64d             net/core/mem.32
icache              0x40              fs/iso9660/iso9660.32

Discarded input sections

 .comment       0x0000000000000000       0x12 /cygdrive/d/Users/Alex/Desktop/Toolchain/Output/bin/../lib/gcc/i386-banana/8.1.0/crtbegin.o
 .comment       0x0000000000000000       0x12 acpica/utclib.32
 .comment       0x0000000000000000       0x12 arch/cc.32
 .comment       0x0000000000000000       0x12 arch/sys_arch.32
 .comment       0x0000000000000000       0x12 core/malloc.32
 .comment       0x0000000000000000       0x12 libk/ctype.32
 .comment       0x0000000000000000       0x12 libk/string.32
 .comment       0x0000000000000000       0x12 fs/fat/diskio.32
 .comment       0x0000000000000000       0x12 fs/fat/ff.32
 .comment       0x0000000000000000       0x12 fs/fat/ffsystem.32
 .comment       0x0000000000000000       0x12 fs/fat/ffunicode.32
 .comment       0x0000000000000000       0x12 fs/iso9660/iso9660.32
 .comment       0x0000000000000000       0x12 net/core/def.32
 .comment       0x0000000000000000       0x12 net/core/dhcp.32
 .comment       0x0000000000000000       0x12 net/core/dns.32
 .comment       0x0000000000000000       0x12 net/core/init.32
 .comment       0x0000000000000000       0x12 net/core/mem.32
 .comment       0x0000000000000000       0x12 net/core/memp.32
 .comment       0x0000000000000000       0x12 net/core/netif.32
 .comment       0x0000000000000000       0x12 net/core/pbuf.32
 .comment       0x0000000000000000       0x12 net/core/raw.32
 .comment       0x0000000000000000       0x12 net/core/stats.32
 .comment       0x0000000000000000       0x12 net/core/sys.32
 .comment       0x0000000000000000       0x12 net/core/tcp.32
 .comment       0x0000000000000000       0x12 net/core/tcp_in.32
 .comment       0x0000000000000000       0x12 net/core/tcp_out.32
 .comment       0x0000000000000000       0x12 net/core/timers.32
 .comment       0x0000000000000000       0x12 net/core/udp.32
 .comment       0x0000000000000000       0x12 net/netif/etharp.32
 .comment       0x0000000000000000       0x12 net/netif/ethernetif.32
 .comment       0x0000000000000000       0x12 net/netif/slipif.32
 .comment       0x0000000000000000       0x12 net/core/ipv4/autoip.32
 .comment       0x0000000000000000       0x12 net/core/ipv4/icmp.32
 .comment       0x0000000000000000       0x12 net/core/ipv4/igmp.32
 .comment       0x0000000000000000       0x12 net/core/ipv4/inet.32
 .comment       0x0000000000000000       0x12 net/core/ipv4/inet_chksum.32
 .comment       0x0000000000000000       0x12 net/core/ipv4/ip.32
 .comment       0x0000000000000000       0x12 net/core/ipv4/ip_addr.32
 .comment       0x0000000000000000       0x12 net/core/ipv4/ip_frag.32
 .comment       0x0000000000000000       0x12 net/core/snmp/asn1_dec.32
 .comment       0x0000000000000000       0x12 net/core/snmp/asn1_enc.32
 .comment       0x0000000000000000       0x12 net/core/snmp/mib2.32
 .comment       0x0000000000000000       0x12 net/core/snmp/mib_structs.32
 .comment       0x0000000000000000       0x12 net/core/snmp/msg_in.32
 .comment       0x0000000000000000       0x12 net/core/snmp/msg_out.32
 .comment       0x0000000000000000       0x12 net/netif/ppp/auth.32
[...]
Memory Configuration

Name             Origin             Length             Attributes
*default*        0x0000000000000000 0xffffffffffffffff

Linker script and memory map

LOAD D:/Users/Alex/Desktop/Banana/kernel/boot.32
LOAD crti.32
LOAD /cygdrive/d/Users/Alex/Desktop/Toolchain/Output/bin/../lib/gcc/i386-banana/8.1.0/crtbegin.o
LOAD D:/Users/Alex/Desktop/Banana/kernel/morenasm.32
LOAD acpica/utclib.32
LOAD arch/cc.32
LOAD arch/sys_arch.32
LOAD core/malloc.32
LOAD libk/ctype.32
LOAD libk/string.32
LOAD fs/fat/diskio.32
LOAD fs/fat/ff.32
LOAD fs/fat/ffsystem.32
LOAD fs/fat/ffunicode.32
LOAD fs/iso9660/iso9660.32
LOAD net/core/def.32
LOAD net/core/dhcp.32
LOAD net/core/dns.32
LOAD net/core/init.32
LOAD net/core/mem.32
LOAD net/core/memp.32
LOAD net/core/netif.32
LOAD net/core/pbuf.32
LOAD net/core/raw.32
LOAD net/core/stats.32
LOAD net/core/sys.32
LOAD net/core/tcp.32
LOAD net/core/tcp_in.32
LOAD net/core/tcp_out.32
LOAD net/core/timers.32
LOAD net/core/udp.32
LOAD net/netif/etharp.32
LOAD net/netif/ethernetif.32
LOAD net/netif/slipif.32
LOAD net/core/ipv4/autoip.32
LOAD net/core/ipv4/icmp.32
LOAD net/core/ipv4/igmp.32
LOAD net/core/ipv4/inet.32
LOAD net/core/ipv4/inet_chksum.32
LOAD net/core/ipv4/ip.32
LOAD net/core/ipv4/ip_addr.32
LOAD net/core/ipv4/ip_frag.32
LOAD net/core/snmp/asn1_dec.32
LOAD net/core/snmp/asn1_enc.32
LOAD net/core/snmp/mib2.32
LOAD net/core/snmp/mib_structs.32
LOAD net/core/snmp/msg_in.32
LOAD net/core/snmp/msg_out.32
LOAD net/netif/ppp/auth.32
LOAD net/netif/ppp/chap.32
LOAD net/netif/ppp/chpms.32
LOAD net/netif/ppp/fsm.32
LOAD net/netif/ppp/ipcp.32
LOAD net/netif/ppp/lcp.32
LOAD net/netif/ppp/magic.32
LOAD net/netif/ppp/md5.32
LOAD net/netif/ppp/pap.32
LOAD net/netif/ppp/ppp.32
LOAD net/netif/ppp/ppp_oe.32
LOAD net/netif/ppp/randm.32
LOAD net/netif/ppp/vj.32
LOAD core/computer.32
LOAD core/gdt.32
LOAD core/idle.32
LOAD core/idt.32
LOAD core/kheap.32
LOAD core/main.32
LOAD core/physmgr.32
LOAD core/pipe.32
LOAD core/terminal.32
LOAD core/tss.32
LOAD core/unixfile.32
LOAD core/virtmgr.32
LOAD coreobjs/c++.32
LOAD dbg/kconsole.32
LOAD dbg/usban.32
LOAD fs/symlink.32
LOAD fs/vfs.32
LOAD hal/bus.32
LOAD hal/buzzer.32
LOAD hal/clock.32
LOAD hal/device.32
LOAD hal/diskctrl.32
LOAD hal/diskphys.32
LOAD hal/fpu.32
LOAD hal/intctrl.32
LOAD hal/keybrd.32
LOAD hal/logidisk.32
LOAD hal/mouse.32
LOAD hal/nic.32
LOAD hal/partition.32
LOAD hal/serial.32
LOAD hal/timer.32
LOAD hal/vcache.32
LOAD hal/video.32
LOAD hw/acpi.32
LOAD hw/cpu.32
LOAD krnl/atexit.32
LOAD krnl/bootmsg.32
LOAD krnl/cdefs.32
LOAD krnl/compat.32
LOAD krnl/crc32.32
LOAD krnl/env.32
LOAD krnl/inlines.32
LOAD krnl/mutex.32
LOAD krnl/panic.32
LOAD krnl/powctrl.32
LOAD krnl/random.32
LOAD krnl/resolve.32
LOAD krnl/semaphore.32
LOAD krnl/signal.32
LOAD krnl/syscalls.32
LOAD net/ethernet.32
LOAD net/netosl.32
LOAD reg/cm.32
LOAD reg/registry.32
LOAD sys/eject.32
LOAD sys/exit.32
LOAD sys/getcwd.32
LOAD sys/getpid.32
LOAD sys/getramdata.32
LOAD sys/getvgaptr.32
LOAD sys/kill.32
LOAD sys/loaddll.32
LOAD sys/read.32
LOAD sys/registersignal.32
LOAD sys/registry.32
LOAD sys/sbrk.32
LOAD sys/setcwd.32
LOAD sys/settime.32
LOAD sys/symlink.32
LOAD sys/timezone.32
LOAD sys/truncate.32
LOAD sys/write.32
LOAD sys/wsbe.32
LOAD sys/yield.32
LOAD thr/elf.32
LOAD thr/prcssthr.32
LOAD vm86/vm8086.32
LOAD arch/i386/hal.32
LOAD arch/i386/pic.32
LOAD arch/i386/rtc.32
LOAD arch/i386/vga.32
LOAD fs/fat/vfslink.32
LOAD fs/iso9660/helper.32
LOAD fs/iso9660/vfslink.32
LOAD hal/sound/sndcard.32
LOAD hal/sound/sndport.32
LOAD hw/bus/isa.32
LOAD hw/bus/pci.32
LOAD hw/diskctrl/ide.32
LOAD hw/diskctrl/satabus.32
LOAD hw/diskphys/ata.32
LOAD hw/diskphys/atapi.32
LOAD hw/diskphys/sata.32
LOAD hw/diskphys/satapi.32
LOAD hw/intctrl/apic.32
LOAD hw/timer/apictimer.32
LOAD hw/timer/pit.32
LOAD arch/i386/avx.32
LOAD arch/i386/interrupt.32
LOAD arch/i386/rdrand.32
LOAD arch/i386/sse.32
LOAD arch/i386/x87.32
LOAD /cygdrive/d/Users/Alex/Desktop/Toolchain/Output/bin/../lib/gcc/i386-banana/8.1.0/crtend.o
LOAD crtn.32
LOAD /cygdrive/d/Users/Alex/Desktop/Toolchain/Output/bin/../lib/gcc/i386-banana/8.1.0/libkgcc.a
LOAD D:/Users/Alex/Desktop/Banana/kernel/libsoftfp.a
LOAD D:/Users/Alex/Desktop/Banana/kernel/libk/libm32.a
                0x00000000c0000000                . = 0xc0000000

.text           0x00000000c0000000    0x2e76a
 *(.text)
 .text          0x00000000c0000000       0x20 D:/Users/Alex/Desktop/Banana/kernel/boot.32
 .text          0x00000000c0000020        0x0 crti.32
 .text          0x00000000c0000020      0x101 /cygdrive/d/Users/Alex/Desktop/Toolchain/Output/bin/../lib/gcc/i386-banana/8.1.0/crtbegin.o
 *fill*         0x00000000c0000121        0xf 
 .text          0x00000000c0000130      0x24f D:/Users/Alex/Desktop/Banana/kernel/morenasm.32
                0x00000000c0000130                manualPCIProbe
                0x00000000c000017b                prepareTramp
                0x00000000c0000194                doTPAUSE
                0x00000000c000019e                hasLegacyFPU
                0x00000000c00001c3                is486
                0x00000000c00001f9                detectCPUID
                0x00000000c000020f                goToVM86
                0x00000000c000023f                goToUsermode
                0x00000000c0000269                switchToThreadASMFirstTime
                0x00000000c0000277                switchToThreadASM
                0x00000000c00002fc                asmQuickAcquireLock
                0x00000000c000031a                asmQuickReleaseLock
                0x00000000c0000326                asmAcquireLock
                0x00000000c0000347                asmReleaseLock
                0x00000000c000035a                loadGDT
                0x00000000c000037a                memcpy
 *fill*         0x00000000c000037f        0x1 
 .text          0x00000000c0000380      0x868 acpica/utclib.32
                0x00000000c0000380                memcmp
                0x00000000c00003d0                memmove
                0x00000000c00004f0                memset
                0x00000000c0000570                strlen
                0x00000000c00005a0                strpbrk
                0x00000000c00005f0                strtok
                0x00000000c0000640                strcpy
                0x00000000c0000680                strncpy
                0x00000000c0000750                strcmp
                0x00000000c00007a0                strchr
                0x00000000c00007e0                strncmp
                0x00000000c0000840                strcat
                0x00000000c0000870                strncat
                0x00000000c00008d0                strstr
                0x00000000c0000930                toupper
                0x00000000c0000950                tolower
                0x00000000c0000970                simple_strtoul
 .text          0x00000000c0000be8       0x53 arch/cc.32
                0x00000000c0000be8                LWIP_PLATFORM_HTONS
                0x00000000c0000c0c                LWIP_PLATFORM_HTONL
 *fill*         0x00000000c0000c3b        0x1 
 .text          0x00000000c0000c3c       0xa2 arch/sys_arch.32
                0x00000000c0000c3c                lwip_socket_init
                0x00000000c0000c40                sys_sem_new
                0x00000000c0000c68                sys_sem_free
                0x00000000c0000c80                sys_sem_signal
                0x00000000c0000c98                sys_arch_sem_wait
                0x00000000c0000cb4                sys_mbox_new
                0x00000000c0000cb8                sys_mbox_free
                0x00000000c0000cbc                sys_mbox_post
                0x00000000c0000cc0                sys_arch_mbox_fetch
                0x00000000c0000cc8                sys_arch_mbox_tryfetch
                0x00000000c0000cd0                sys_mbox_trypost
                0x00000000c0000cd4                sys_thread_new
                0x00000000c0000cdc                sys_init
 .text          0x00000000c0000cde      0xfaa core/malloc.32
                0x00000000c0000e49                dlfree
                0x00000000c00011a1                dlmalloc
                0x00000000c00016de                dlrealloc
                0x00000000c0001881                dlmemalign
                0x00000000c00019a4                dlcalloc
                0x00000000c0001a3e                dlcfree
                0x00000000c0001a43                dlindependent_calloc
                0x00000000c0001a68                dlindependent_comalloc
                0x00000000c0001a7f                dlvalloc
                0x00000000c0001aaa                dlpvalloc
                0x00000000c0001ae0                dlmalloc_trim
                0x00000000c0001aed                dlmalloc_usable_size
                0x00000000c0001b1e                dlmallinfo
                0x00000000c0001bed                dlmalloc_stats
                0x00000000c0001bfe                dlmallopt
 .text          0x00000000c0001c88      0x1f2 libk/ctype.32
                0x00000000c0001c88                isblank
                0x00000000c0001ca8                iscntrl
                0x00000000c0001cc8                isdigit
                0x00000000c0001ce4                islower
                0x00000000c0001d00                isspace
                0x00000000c0001d28                isupper
                0x00000000c0001d44                isalpha
                0x00000000c0001d74                isalnum
                0x00000000c0001da4                ispunct
                0x00000000c0001de4                isgraph
                0x00000000c0001e14                isprint
                0x00000000c0001e3c                isxdigit
 .text          0x00000000c0001e7a        0x0 libk/string.32
 .text          0x00000000c0001e7a       0x51 fs/fat/diskio.32
                0x00000000c0001e7a                disk_status
                0x00000000c0001e7d                disk_initialize
                0x00000000c0001e80                disk_read
                0x00000000c0001e96                disk_write
                0x00000000c0001eac                disk_ioctl
 .text          0x00000000c0001ecb     0x3e46 fs/fat/ff.32
                0x00000000c0003cec                f_mount
                0x00000000c0003d4e                f_open
                0x00000000c0004011                f_read
                0x00000000c0004210                f_write
                0x00000000c0004458                f_sync
                0x00000000c000451d                f_close
                0x00000000c000454c                f_lseek
                0x00000000c00046fd                f_opendir
                0x00000000c00047c8                f_closedir
                0x00000000c00047ea                f_readdir
                0x00000000c000487c                f_stat
                0x00000000c00048fb                f_getfree
                0x00000000c0004a04                f_truncate
                0x00000000c0004aee                f_unlink
                0x00000000c0004c10                f_mkdir
                0x00000000c0004dab                f_rename
                0x00000000c0004f63                f_chmod
                0x00000000c0005013                f_utime
                0x00000000c00050c3                f_getlabel
                0x00000000c0005214                f_setlabel
                0x00000000c00053a4                f_expand
                0x00000000c0005511                f_mkfs
 *fill*         0x00000000c0005d11        0x3 
 .text          0x00000000c0005d14       0x2f fs/fat/ffsystem.32
                0x00000000c0005d14                ff_memalloc
                0x00000000c0005d2c                ff_memfree
 *fill*         0x00000000c0005d43        0x1 
 .text          0x00000000c0005d44      0x2dc fs/fat/ffunicode.32
                0x00000000c0005d44                ff_uni2oem
                0x00000000c0005de4                ff_oem2uni
                0x00000000c0005e5c                ff_wtoupper
 .text          0x00000000c0006020      0xd32 fs/iso9660/iso9660.32
                0x00000000c000626b                isoReadDiscSector
                0x00000000c0006306                strnicmp
                0x00000000c00065b5                stricmp
                0x00000000c0006601                iso_open
                0x00000000c000668b                iso_close
                0x00000000c00066a9                iso_read
                0x00000000c00067bf                iso_seek
                0x00000000c0006843                iso_tell
                0x00000000c0006874                iso_total
                0x00000000c000689f                fn_postprocess
                0x00000000c00068c6                iso_readdir
                0x00000000c0006b1d                iso_reset
                0x00000000c0006b3a                init_percd
                0x00000000c0006c34                iso_ioctl
                0x00000000c0006c4c                fs_iso9660_init
                0x00000000c0006ce2                fs_iso9660_shutdown
 .text          0x00000000c0006d52        0x0 net/core/def.32
 .text          0x00000000c0006d52        0x0 net/core/dhcp.32
 .text          0x00000000c0006d52        0x0 net/core/dns.32
 *fill*         0x00000000c0006d52        0x2 
 .text          0x00000000c0006d54       0x2b net/core/init.32
                0x00000000c0006d54                lwip_init
 *fill*         0x00000000c0006d7f        0x1 
 .text          0x00000000c0006d80      0x9f0 net/core/mem.32
                0x00000000c0006f14                mem_init
                0x00000000c0006fbc                mem_free
                0x00000000c00070e0                mem_trim
                0x00000000c00073f0                mem_malloc
                0x00000000c000770c                mem_calloc
 .text          0x00000000c0007770      0x2e8 net/core/memp.32
                0x00000000c0007770                memp_init
                0x00000000c00078b4                memp_malloc
                0x00000000c00079e0                memp_free
 .text          0x00000000c0007a58      0x4ba net/core/netif.32
                0x00000000c0007a58                netif_init
                0x00000000c0007a5c                netif_find
                0x00000000c0007af4                netif_set_ipaddr
                0x00000000c0007bec                netif_set_gw
                0x00000000c0007c10                netif_set_netmask
                0x00000000c0007c34                netif_set_addr
                0x00000000c0007c78                netif_add
                0x00000000c0007d44                netif_set_default
                0x00000000c0007d50                netif_set_up
                0x00000000c0007db4                netif_set_down
                0x00000000c0007ddc                netif_remove
                0x00000000c0007e88                netif_set_link_up
                0x00000000c0007eec                netif_set_link_down
 *fill*         0x00000000c0007f12        0x2 
 .text          0x00000000c0007f14     0x16ac net/core/pbuf.32
                0x00000000c0007fdc                pbuf_alloced_custom
                0x00000000c0008100                pbuf_header
                0x00000000c000829c                pbuf_free
                0x00000000c0008474                pbuf_alloc
                0x00000000c000886c                pbuf_realloc
                0x00000000c0008a70                pbuf_clen
                0x00000000c0008aa4                pbuf_ref
                0x00000000c0008ad4                pbuf_cat
                0x00000000c0008bb4                pbuf_chain
                0x00000000c0008be0                pbuf_dechain
                0x00000000c0008cd4                pbuf_copy
                0x00000000c0008f3c                pbuf_copy_partial
                0x00000000c00090e0                pbuf_take
                0x00000000c0009260                pbuf_coalesce
                0x00000000c00092f4                pbuf_get_at
                0x00000000c000938c                pbuf_memcmp
                0x00000000c0009498                pbuf_memfind
                0x00000000c000954c                pbuf_strstr
 .text          0x00000000c00095c0      0x3e4 net/core/raw.32
                0x00000000c00095c0                raw_input
                0x00000000c00096cc                raw_bind
                0x00000000c00096f0                raw_connect
                0x00000000c0009714                raw_recv
                0x00000000c000972c                raw_sendto
                0x00000000c0009898                raw_send
                0x00000000c00098bc                raw_remove
                0x00000000c000993c                raw_new
 .text          0x00000000c00099a4        0x2 net/core/stats.32
                0x00000000c00099a4                stats_init
 *fill*         0x00000000c00099a6        0x2 
 .text          0x00000000c00099a8       0x55 net/core/sys.32
                0x00000000c00099a8                sys_msleep
 *fill*         0x00000000c00099fd        0x3 
 .text          0x00000000c0009a00     0x1dec net/core/tcp.32
                0x00000000c0009a10                tcp_listen_with_backlog
                0x00000000c0009bc0                tcp_update_rcv_ann_wnd
                0x00000000c0009c9c                tcp_recved
                0x00000000c0009de4                tcp_bind
                0x00000000c0009f14                tcp_seg_free
                0x00000000c0009f58                tcp_segs_free
                0x00000000c0009f90                tcp_setprio
                0x00000000c0009fac                tcp_seg_copy
                0x00000000c000a000                tcp_arg
                0x00000000c000a010                tcp_recv
                0x00000000c000a020                tcp_sent
                0x00000000c000a030                tcp_err
                0x00000000c000a040                tcp_accept
                0x00000000c000a050                tcp_poll
                0x00000000c000a078                tcp_pcb_purge
                0x00000000c000a15c                tcp_slowtmr
                0x00000000c000a8e0                tcp_pcb_remove
                0x00000000c000ad88                tcp_close
                0x00000000c000adc4                tcp_recv_null
                0x00000000c000ae28                tcp_fasttmr
                0x00000000c000af4c                tcp_tmr
                0x00000000c000af7c                tcp_shutdown
                0x00000000c000b028                tcp_abandon
                0x00000000c000b1bc                tcp_abort
                0x00000000c000b328                tcp_next_iss
                0x00000000c000b340                tcp_alloc
                0x00000000c000b4ec                tcp_new
                0x00000000c000b500                tcp_eff_send_mss
                0x00000000c000b570                tcp_connect
                0x00000000c000b7e0                tcp_debug_state_str
 .text          0x00000000c000b7ec     0x3131 net/core/tcp_in.32
                0x00000000c000de4c                tcp_input
 *fill*         0x00000000c000e91d        0x3 
 .text          0x00000000c000e920     0x1f81 net/core/tcp_out.32
                0x00000000c000ee90                tcp_write
                0x00000000c000f730                tcp_enqueue_flags
                0x00000000c000fa1c                tcp_send_fin
                0x00000000c000fabc                tcp_send_empty_ack
                0x00000000c000fdcc                tcp_output
                0x00000000c0010258                tcp_rst
                0x00000000c00103cc                tcp_rexmit_rto
                0x00000000c001045c                tcp_rexmit
                0x00000000c0010524                tcp_rexmit_fast
                0x00000000c0010608                tcp_keepalive
                0x00000000c00106d0                tcp_zero_window_probe
 *fill*         0x00000000c00108a1        0x3 
 .text          0x00000000c00108a4      0x44d net/core/timers.32
                0x00000000c00108a4                sys_timeout
                0x00000000c0010a5c                tcp_timer_needed
                0x00000000c0010af0                sys_timeouts_init
                0x00000000c0010b28                sys_untimeout
                0x00000000c0010bf4                sys_timeouts_mbox_fetch
 *fill*         0x00000000c0010cf1        0x3 
 .text          0x00000000c0010cf4      0xae8 net/core/udp.32
                0x00000000c0010cf4                udp_input
                0x00000000c0011168                udp_bind
                0x00000000c00112e8                udp_sendto_if
                0x00000000c0011568                udp_sendto
                0x00000000c00115cc                udp_send
                0x00000000c00115f8                udp_connect
                0x00000000c00116d8                udp_disconnect
                0x00000000c0011704                udp_recv
                0x00000000c001171c                udp_remove
                0x00000000c001179c                udp_new
 .text          0x00000000c00117dc     0x1204 net/netif/etharp.32
                0x00000000c0011834                etharp_tmr
                0x00000000c0011e04                etharp_find_addr
                0x00000000c0012364                etharp_request
                0x00000000c00123a0                etharp_query
                0x00000000c00126dc                etharp_output
                0x00000000c001289c                ethernet_input
 .text          0x00000000c00129e0        0x0 net/netif/ethernetif.32
 .text          0x00000000c00129e0        0x0 net/netif/slipif.32
 .text          0x00000000c00129e0        0x0 net/core/ipv4/autoip.32
 .text          0x00000000c00129e0      0x5dd net/core/ipv4/icmp.32
                0x00000000c00129e0                icmp_input
                0x00000000c0012f78                icmp_dest_unreach
                0x00000000c0012f9c                icmp_time_exceeded
 .text          0x00000000c0012fbd        0x0 net/core/ipv4/igmp.32
 .text          0x00000000c0012fbd        0x0 net/core/ipv4/inet.32
 *fill*         0x00000000c0012fbd        0x3 
 .text          0x00000000c0012fc0      0x582 net/core/ipv4/inet_chksum.32
                0x00000000c00130b8                inet_chksum_pseudo
                0x00000000c0013248                inet_chksum_pseudo_partial
                0x00000000c0013438                inet_chksum
                0x00000000c0013460                inet_chksum_pbuf
 *fill*         0x00000000c0013542        0x2 
 .text          0x00000000c0013544      0x84c net/core/ipv4/ip.32
                0x00000000c0013544                ip_route
                0x00000000c00135d8                ip_input
                0x00000000c0013a1c                ip_output_if
                0x00000000c0013cec                ip_output
 .text          0x00000000c0013d90      0x5ac net/core/ipv4/ip_addr.32
                0x00000000c0013d90                ip4_addr_isbroadcast
                0x00000000c0013e18                ip4_addr_netmask_valid
                0x00000000c0013e7c                ipaddr_aton
                0x00000000c00141ac                ipaddr_addr
                0x00000000c00141dc                ipaddr_ntoa_r
                0x00000000c0014328                ipaddr_ntoa
 .text          0x00000000c001433c     0x1161 net/core/ipv4/ip_frag.32
                0x00000000c00145a0                ip_reass_tmr
                0x00000000c0014c30                ip_reass
                0x00000000c00150f0                ip_frag
 .text          0x00000000c001549d        0x0 net/core/snmp/asn1_dec.32
 .text          0x00000000c001549d        0x0 net/core/snmp/asn1_enc.32
 .text          0x00000000c001549d        0x0 net/core/snmp/mib2.32
 .text          0x00000000c001549d        0x0 net/core/snmp/mib_structs.32
 .text          0x00000000c001549d        0x0 net/core/snmp/msg_in.32
 .text          0x00000000c001549d        0x0 net/core/snmp/msg_out.32
 .text          0x00000000c001549d        0x0 net/netif/ppp/auth.32
 .text          0x00000000c001549d        0x0 net/netif/ppp/chap.32
 .text          0x00000000c001549d        0x0 net/netif/ppp/chpms.32
 .text          0x00000000c001549d        0x0 net/netif/ppp/fsm.32
 .text          0x00000000c001549d        0x0 net/netif/ppp/ipcp.32
 .text          0x00000000c001549d        0x0 net/netif/ppp/lcp.32
 .text          0x00000000c001549d        0x0 net/netif/ppp/magic.32
 .text          0x00000000c001549d        0x0 net/netif/ppp/md5.32
 .text          0x00000000c001549d        0x0 net/netif/ppp/pap.32
 .text          0x00000000c001549d        0x0 net/netif/ppp/ppp.32
 .text          0x00000000c001549d        0x0 net/netif/ppp/ppp_oe.32
 .text          0x00000000c001549d        0x0 net/netif/ppp/randm.32
 .text          0x00000000c001549d        0x0 net/netif/ppp/vj.32
 *fill*         0x00000000c001549d        0x1 
 .text          0x00000000c001549e      0x6c7 core/computer.32
                0x00000000c001549e                Computer::close(int, int, void*)
                0x00000000c00154ec                Krnl::firstTask()
                0x00000000c001562a                Computer::Computer()
                0x00000000c001562a                Computer::Computer()
                0x00000000c00156da                Computer::setBootMessage(char const*)
                0x00000000c00156dc                Computer::detectFeatures()
                0x00000000c0015902                Computer::displayFeatures()
                0x00000000c0015904                Computer::rdmsr(unsigned int)
                0x00000000c0015930                Computer::wrmsr(unsigned int, unsigned long long)
                0x00000000c001596c                Computer::shutdown()
                0x00000000c0015984                Computer::restart()
                0x00000000c001599c                Computer::sleep()
                0x00000000c00159b0                Computer::nmiEnabled()
                0x00000000c00159bc                Computer::readCMOS(unsigned char)
                0x00000000c00159da                Computer::enableNMI(bool)
                0x00000000c00159f2                Computer::open(int, int, void*)
                0x00000000c0015ac6                Computer::disableNMI()
                0x00000000c0015ad6                Computer::writeCMOS(unsigned char, unsigned char)
                0x00000000c0015afa                Computer::handleNMI()
 *fill*         0x00000000c0015b65        0x1 
 .text          0x00000000c0015b66      0x1db core/gdt.32
                0x00000000c0015b66                GDTEntry::setBase(unsigned int)
                0x00000000c0015b82                GDTEntry::setLimit(unsigned int)
                0x00000000c0015ba0                GDT::GDT()
                0x00000000c0015ba0                GDT::GDT()
                0x00000000c0015bb6                GDT::addEntry(GDTEntry)
                0x00000000c0015bd8                GDT::getNumberOfEntries()
                0x00000000c0015be0                GDT::flush()
                0x00000000c0015c02                GDT::setup()
 .text          0x00000000c0015d41       0x1d core/idle.32
                0x00000000c0015d41                idleFunction(void*)
 *fill*         0x00000000c0015d5e        0x2 
 .text          0x00000000c0015d60      0x46c core/idt.32
                0x00000000c0015d60                IDTEntry::IDTEntry(bool)
                0x00000000c0015d60                IDTEntry::IDTEntry(bool)
                0x00000000c0015dda                IDTEntry::setOffset(unsigned int)
                0x00000000c0015df0                IDT::IDT()
                0x00000000c0015df0                IDT::IDT()
                0x00000000c0015df2                IDT::getPointerToInvalidOpcodeEntryForF00F()
                0x00000000c0015dfa                IDT::addEntry(IDTEntry, int)
                0x00000000c0015e14                IDT::addEntry(int, void (*)(), bool)
                0x00000000c0015e4c                IDT::flush()
                0x00000000c0015e66                IDT::setup()
 .text          0x00000000c00161cc      0x188 core/kheap.32
                0x00000000c00161cc                sbrk
                0x00000000c0016263                mmap
                0x00000000c0016279                munmap
                0x00000000c001628f                liballoc_lock()
                0x00000000c001629d                liballoc_unlock()
                0x00000000c00162b3                liballoc_alloc(int)
                0x00000000c00162cb                liballoc_free(void*, int)
                0x00000000c00162e6                realloc
                0x00000000c00162fa                malloc
                0x00000000c001630a                free
                0x00000000c001631a                rfree
                0x00000000c001632a                calloc
 .text          0x00000000c0016354       0xc7 core/main.32
                0x00000000c0016354                KeEntryPoint
 .text          0x00000000c001641b      0x644 core/physmgr.32
                0x00000000c001641b                Phys::allocateDMA(unsigned long)
                0x00000000c0016503                Phys::freeDMA(unsigned long, unsigned long)
                0x00000000c001653e                Phys::setPageState(unsigned long, bool)
                0x00000000c001657e                Phys::getPageState(unsigned long)
                0x00000000c001659a                Phys::freePage(unsigned long)
                0x00000000c0016603                Phys::allocatePage()
                0x00000000c00166d2                Phys::allocateContiguousPages(int)
                0x00000000c0016739                Phys::allowSegmentToBeUsed(unsigned long, unsigned long)
                0x00000000c0016771                Phys::physicalMemorySetup(unsigned int)
 *fill*         0x00000000c0016a5f        0x1 
 .text          0x00000000c0016a60      0x273 core/pipe.32
                0x00000000c0016a60                Pipe::isAtty()
                0x00000000c0016a64                Pipe::~Pipe()
                0x00000000c0016a64                Pipe::~Pipe()
                0x00000000c0016a88                Pipe::~Pipe()
                0x00000000c0016ab0                Pipe::write(unsigned long long, void*, int*)
                0x00000000c0016b70                Pipe::read(unsigned long long, void*, int*)
                0x00000000c0016c6c                Pipe::Pipe(int)
                0x00000000c0016c6c                Pipe::Pipe(int)
 *fill*         0x00000000c0016cd3        0x1 
 .text          0x00000000c0016cd4      0xab3 core/terminal.32
                0x00000000c0016cd4                VgaText::isAtty()
                0x00000000c0016cd8                VgaText::~VgaText()
                0x00000000c0016cd8                VgaText::~VgaText()
                0x00000000c0016cfc                VgaText::~VgaText()
                0x00000000c0016d26                VgaText::read(unsigned long long, void*, int*)
                0x00000000c0016d46                setTerminalScrollLock(bool)
                0x00000000c0016d47                doTerminalCycle()
                0x00000000c0016d48                addToTerminalCycle(VgaText*)
                0x00000000c0016d49                scrollTerminalScrollLock(int)
                0x00000000c0016d4a                VgaText::updateTitle()
                0x00000000c0016d4c                VgaText::load()
                0x00000000c0016d4e                VgaText::updateCursor()
                0x00000000c0016d64                VgaText::doANSI_SGR(int)
                0x00000000c0016dd8                VgaText::setDefaultBgColour(VgaColour)
                0x00000000c0016de8                VgaText::setDefaultFgColour(VgaColour)
                0x00000000c0016df8                VgaText::setDefaultColours(VgaColour, VgaColour)
                0x00000000c0016e18                VgaText::setTitleTextColour(VgaColour)
                0x00000000c0016e24                VgaText::setTitleColour(VgaColour)
                0x00000000c0016e30                VgaText::setTitle(char*)
                0x00000000c0016e32                VgaText::combineColours(unsigned char, unsigned char)
                0x00000000c0016e44                VgaText::scrollScreen()
                0x00000000c0016ed6                VgaText::combineCharAndColour(char, unsigned char)
                0x00000000c0016ee6                VgaText::writeCharacter(char, VgaColour, VgaColour, int, int)
                0x00000000c0016f76                VgaText::getCursorX()
                0x00000000c0016f7e                VgaText::getCursorY()
                0x00000000c0016f86                VgaText::setCursor(int, int)
                0x00000000c0016f9d                setActiveTerminal(VgaText*)
                0x00000000c0016fe8                VgaText::clearScreen()
                0x00000000c0017036                VgaText::setCursorX(int)
                0x00000000c001704e                VgaText::setCursorY(int)
                0x00000000c0017066                VgaText::incrementCursor(bool)
                0x00000000c00170ba                VgaText::decrementCursor(bool)
                0x00000000c00170dc                VgaText::putchar(char, VgaColour, VgaColour)
                0x00000000c00171ac                VgaText::putchar(char)
                0x00000000c00172a4                VgaText::putx(unsigned int)
                0x00000000c00172ea                VgaText::puts(char const*)
                0x00000000c0017310                VgaText::write(unsigned long long, void*, int*)
                0x00000000c001735c                VgaText::puts(char const*, VgaColour, VgaColour)
                0x00000000c00174aa                VgaText::VgaText(char const*)
                0x00000000c00174aa                VgaText::VgaText(char const*)
                0x00000000c00175fa                VgaText::receiveKey(unsigned char)
                0x00000000c0017786                VgaText::doUpdate()
 *fill*         0x00000000c0017787        0x1 
 .text          0x00000000c0017788      0x1a1 core/tss.32
                0x00000000c0017788                TSS::TSS()
                0x00000000c0017788                TSS::TSS()
                0x00000000c0017798                TSS::setESP(unsigned long)
                0x00000000c00177ac                TSS::flush()
                0x00000000c00177cc                TSS::setup(unsigned long, unsigned long)
 *fill*         0x00000000c0017929        0x1 
 .text          0x00000000c001792a      0x4ca core/unixfile.32
                0x00000000c001792a                ReservedFilename::read(unsigned long long, void*, int*)
                0x00000000c0017980                ReservedFilename::isAtty()
                0x00000000c001799c                ReservedFilename::write(unsigned long long, void*, int*)
                0x00000000c00179fa                UnixFile::getFileDescriptor()
                0x00000000c0017a02                UnixFile::UnixFile(int)
                0x00000000c0017a02                UnixFile::UnixFile(int)
                0x00000000c0017bb6                ReservedFilename::ReservedFilename(int)
                0x00000000c0017bb6                ReservedFilename::ReservedFilename(int)
                0x00000000c0017be8                UnixFile::~UnixFile()
                0x00000000c0017be8                UnixFile::~UnixFile()
                0x00000000c0017c84                UnixFile::~UnixFile()
                0x00000000c0017cac                ReservedFilename::~ReservedFilename()
                0x00000000c0017cac                ReservedFilename::~ReservedFilename()
                0x00000000c0017cd0                ReservedFilename::~ReservedFilename()
                0x00000000c0017cf7                KeGetFileFromDescriptor(int)
 .text          0x00000000c0017df4     0x1218 core/virtmgr.32
                0x00000000c0017df4                Virt::setPageState(unsigned long, Virt::VirtPageState)
                0x00000000c0017e2e                Virt::getPageState(unsigned long)
                0x00000000c0017e51                Virt::allocateKernelVirtualPages(int)
                0x00000000c0017f76                Virt::freeSwapfilePage(unsigned long)
                0x00000000c0017f99                Virt::swapIDToSector(unsigned long)
                0x00000000c0017faf                Virt::allocateSwapfilePage()
                0x00000000c001802f                Virt::virtualMemorySetup()
                0x00000000c0018080                Virt::setupPageSwapping(int)
                0x00000000c00180f2                VAS::setCPUSpecific(unsigned long)
                0x00000000c00180f4                VAS::VAS(VAS*)
                0x00000000c00180f4                VAS::VAS(VAS*)
                0x00000000c0018122                VAS::getForeignPageTableEntry(bool, unsigned long)
                0x00000000c0018150                VAS::getPageTableEntry(unsigned long)
                0x00000000c001816f                Virt::freeKernelVirtualPages(unsigned long)
                0x00000000c00182ac                VAS::freeAllocatedPages(unsigned long)
                0x00000000c00182d0                VAS::virtualToPhysical(unsigned long)
                0x00000000c00182ea                VAS::reflagRange(unsigned long, int, unsigned long, unsigned long)
                0x00000000c001832c                VAS::VAS()
                0x00000000c001832c                VAS::VAS()
                0x00000000c0018396                VAS::setToWriteCombining(unsigned long, int)
                0x00000000c00183ca                VAS::mapOtherVASIn(bool, VAS*)
                0x00000000c00183f6                VAS::~VAS()
                0x00000000c00183f6                VAS::~VAS()
                0x00000000c0018564                VAS::mapPage(unsigned long, unsigned long, int)
                0x00000000c0018668                VAS::allocatePages(int, int)
                0x00000000c001875e                VAS::mapRange(unsigned long, unsigned long, int, int)
                0x00000000c00187b6                VAS::mapForeignPage(bool, VAS*, unsigned long, unsigned long, int)
                0x00000000c00188ac                VAS::VAS(bool)
                0x00000000c00188ac                VAS::VAS(bool)
                0x00000000c0018af6                VAS::evict(unsigned long)
                0x00000000c0018bd4                VAS::tryLoadBackOffDisk(unsigned long)
                0x00000000c0018d6e                VAS::allocateSharedMemoryWithKernel(unsigned long, unsigned long*)
                0x00000000c0018de2                VAS::freeSharedMemoryWithKernel(unsigned long, unsigned long)
                0x00000000c0018e0e                VAS::scanForEviction()
                0x00000000c0018f11                mapVASFirstTime
 .text          0x00000000c001900c       0x5f coreobjs/c++.32
                0x00000000c001900c                __cxa_atexit
                0x00000000c001900f                __cxa_finalize
                0x00000000c0019010                __stack_chk_fail
                0x00000000c0019046                __cxa_pure_virtual
                0x00000000c0019057                operator new[](unsigned long)
                0x00000000c001905c                operator delete(void*, unsigned long)
                0x00000000c0019061                operator delete[](void*)
                0x00000000c0019066                operator delete[](void*, unsigned long)
 .text          0x00000000c001906b      0x254 dbg/kconsole.32
                0x00000000c001906b                Dbg::stringifyxWithBase(unsigned int, char*, int)
                0x00000000c001910b                Dbg::logc(char)
                0x00000000c001912b                Dbg::logs(char*)
                0x00000000c001914a                Dbg::logWriteInt(unsigned int)
                0x00000000c0019168                Dbg::logWriteIntBase(unsigned int, int)
                0x00000000c0019189                Dbg::kprintf(char const*, ...)
 *fill*         0x00000000c00192bf        0x1 
 .text          0x00000000c00192c0      0x2d4 dbg/usban.32
                0x00000000c00192c0                KiUbsanPrintDetails(char const*, void*)
                0x00000000c001932c                __ubsan_handle_type_mismatch_v1
                0x00000000c0019408                __ubsan_handle_pointer_overflow
                0x00000000c0019434                __ubsan_handle_out_of_bounds
                0x00000000c0019460                __ubsan_handle_add_overflow
                0x00000000c001948c                __ubsan_handle_load_invalid_value
                0x00000000c00194b8                __ubsan_handle_divrem_overflow
                0x00000000c00194e4                __ubsan_handle_mul_overflow
                0x00000000c0019510                __ubsan_handle_sub_overflow
                0x00000000c001953c                __ubsan_handle_shift_out_of_bounds
                0x00000000c0019568                __ubsan_handle_negate_overflow
 .text          0x00000000c0019594      0x86d fs/symlink.32
                0x00000000c00196e3                KiDeinitialiseSymlinks(void*)
                0x00000000c0019776                KeRegisterSymlink(char const*, unsigned long long)
                0x00000000c0019808                KeInitialiseSymlinks()
                0x00000000c001997c                KiIsSymlinkRegistered(char const*)
                0x00000000c0019b00                KeDereferenceSymlink(char const*, char*)
                0x00000000c0019ca7                KeCreateSymlink(char const*, char const*)
 *fill*         0x00000000c0019e01        0x1 
 .text          0x00000000c0019e02      0xd68 fs/vfs.32
                0x00000000c0019e02                File::read(unsigned long long, void*, int*)
                0x00000000c0019e5a                File::write(unsigned long long, void*, int*)
                0x00000000c0019eb2                Directory::read(unsigned long long, void*, int*)
                0x00000000c0019f0a                Directory::write(unsigned long long, void*, int*)
                0x00000000c0019f38                File::isAtty()
                0x00000000c0019f3c                Directory::isAtty()
                0x00000000c0019f40                Filesystem::getlabel(LogicalDisk*, int, char*, unsigned int*)
                0x00000000c0019f46                Filesystem::setlabel(LogicalDisk*, int, char*)
                0x00000000c0019f4c                Filesystem::allocateSwapfile(char const*, int)
                0x00000000c0019f52                File::~File()
                0x00000000c0019f52                File::~File()
                0x00000000c0019f76                File::~File()
                0x00000000c0019fa0                Directory::~Directory()
                0x00000000c0019fa0                Directory::~Directory()
                0x00000000c0019fc4                Directory::~Directory()
                0x00000000c0019fee                Filesystem::Filesystem()
                0x00000000c0019fee                Filesystem::Filesystem()
                0x00000000c001a012                Filesystem::~Filesystem()
                0x00000000c001a012                Filesystem::~Filesystem()
                0x00000000c001a020                Filesystem::~Filesystem()
                0x00000000c001a044                Fs::getcwd(Process*, char*, int)
                0x00000000c001a06e                Fs::initVFS()
                0x00000000c001a098                Fs::standardiseFiles(char*, char const*, char const*, bool)
                0x00000000c001a2b2                File::File(char const*, Process*, bool)
                0x00000000c001a2b2                File::File(char const*, Process*, bool)
                0x00000000c001a390                File::File(char const*, Process*)
                0x00000000c001a390                File::File(char const*, Process*)
                0x00000000c001a3ae                File::open(FileOpenMode)
                0x00000000c001a40c                File::close()
                0x00000000c001a46c                File::seek(unsigned long long)
                0x00000000c001a4c2                File::truncate(unsigned long long)
                0x00000000c001a518                File::tell(unsigned long long*)
                0x00000000c001a568                File::rewind()
                0x00000000c001a57c                File::unlink()
                0x00000000c001a5c8                File::rename(char const*)
                0x00000000c001a616                File::chfatattr(unsigned char, unsigned char)
                0x00000000c001a672                File::exists()
                0x00000000c001a6b0                File::stat(unsigned long long*, bool*)
                0x00000000c001a711                Fs::setcwd(Process*, char*)
                0x00000000c001a870                Directory::Directory(char const*, Process*)
                0x00000000c001a870                Directory::Directory(char const*, Process*)
                0x00000000c001a938                Directory::open()
                0x00000000c001a994                Directory::close()
                0x00000000c001a9f4                Directory::unlink()
                0x00000000c001aa40                Directory::rename(char const*)
                0x00000000c001aa8e                Directory::exists()
                0x00000000c001aacc                Directory::read(dirent*)
                0x00000000c001ab18                Directory::create()
                0x00000000c001ab64                Filesystem::chfatattr(char const*, unsigned char, unsigned char)
 *fill*         0x00000000c001ab6a        0x2 
 .text          0x00000000c001ab6c       0x86 hal/bus.32
                0x00000000c001ab6c                Bus::Bus(char const*)
                0x00000000c001ab6c                Bus::Bus(char const*)
                0x00000000c001aba4                Bus::~Bus()
                0x00000000c001aba4                Bus::~Bus()
                0x00000000c001abc8                Bus::~Bus()
 .text          0x00000000c001abf2       0x96 hal/buzzer.32
                0x00000000c001abf2                beepThread(void*)
                0x00000000c001ac2f                Krnl::beep(int, int, bool)
 .text          0x00000000c001ac88      0x45f hal/clock.32
                0x00000000c001ac88                User::loadClockSettings(int)
                0x00000000c001acda                Clock::Clock(char const*)
                0x00000000c001acda                Clock::Clock(char const*)
                0x00000000c001ad10                Clock::~Clock()
                0x00000000c001ad10                Clock::~Clock()
                0x00000000c001ad34                Clock::~Clock()
                0x00000000c001ad5e                Clock::timeInSecondsLocal()
                0x00000000c001ada6                Clock::setTimeInSecondsLocal(unsigned long long)
                0x00000000c001adff                datetimeToSeconds(datetime_t)
                0x00000000c001af1e                Clock::setTimeInDatetimeLocal(datetime_t)
                0x00000000c001af7e                secondsToDatetime(unsigned long long)
                0x00000000c001b0c2                Clock::timeInDatetimeLocal()
 *fill*         0x00000000c001b0e7        0x1 
 .text          0x00000000c001b0e8      0x47a hal/device.32
                0x00000000c001b0e8                Device::hibernate()
                0x00000000c001b0ea                Device::wake()
                0x00000000c001b0ec                Device::detect()
                0x00000000c001b0ee                Device::disableLegacy()
                0x00000000c001b0f0                Device::powerSaving(PowerSavingLevel)
                0x00000000c001b0f2                DriverlessDevice::close(int, int, void*)
                0x00000000c001b0f6                DriverlessDevice::detect()
                0x00000000c001b0f8                DriverlessDevice::open(int, int, void*)
                0x00000000c001b10c                Device::~Device()
                0x00000000c001b10c                Device::~Device()
                0x00000000c001b11a                Device::~Device()
                0x00000000c001b142                Device::findAndLoadDriver()
                0x00000000c001b150                Device::preOpenPCI(PCIDeviceInfo)
                0x00000000c001b176                Device::preOpenACPI(void*, char*, char*)
                0x00000000c001b1b6                Device::addIRQHandler(int, void (*)(regs*, void*), bool, void*)
                0x00000000c001b1e0                Device::getParent()
                0x00000000c001b1ec                Device::removeIRQHandler(int, void (*)(regs*, void*), bool)
                0x00000000c001b20a                Device::addChild(Device*)
                0x00000000c001b24e                Device::removeAllChildren()
                0x00000000c001b294                Device::hibernateAll()
                0x00000000c001b2c4                Device::wakeAll()
                0x00000000c001b2f4                Device::detectAll()
                0x00000000c001b324                Device::disableLegacyAll()
                0x00000000c001b326                Device::loadDriversForAll()
                0x00000000c001b328                Device::powerSavingAll(PowerSavingLevel)
                0x00000000c001b35e                Device::setName(char const*)
                0x00000000c001b36c                Device::Device(char const*)
                0x00000000c001b36c                Device::Device(char const*)
                0x00000000c001b468                Device::getName()
                0x00000000c001b472                Device::closeAll()
                0x00000000c001b4be                DriverlessDevice::DriverlessDevice(char const*)
                0x00000000c001b4be                DriverlessDevice::DriverlessDevice(char const*)
                0x00000000c001b4f4                Device::addToLinkedList(LinkedList<Device>&, DeviceType)
                0x00000000c001b538                getDevicesOfType(DeviceType)
 *fill*         0x00000000c001b562        0x2 
 .text          0x00000000c001b564       0x86 hal/diskctrl.32
                0x00000000c001b564                HardDiskController::HardDiskController(char const*)
                0x00000000c001b564                HardDiskController::HardDiskController(char const*)
                0x00000000c001b59c                HardDiskController::~HardDiskController()
                0x00000000c001b59c                HardDiskController::~HardDiskController()
                0x00000000c001b5c0                HardDiskController::~HardDiskController()
 .text          0x00000000c001b5ea       0xe2 hal/diskphys.32
                0x00000000c001b5ea                PhysicalDisk::eject()
                0x00000000c001b5ee                PhysicalDisk::PhysicalDisk(char const*, int)
                0x00000000c001b5ee                PhysicalDisk::PhysicalDisk(char const*, int)
                0x00000000c001b656                PhysicalDisk::startCache()
                0x00000000c001b67e                PhysicalDisk::~PhysicalDisk()
                0x00000000c001b67e                PhysicalDisk::~PhysicalDisk()
                0x00000000c001b6a2                PhysicalDisk::~PhysicalDisk()
 .text          0x00000000c001b6cc        0x0 hal/fpu.32
 .text          0x00000000c001b6cc      0x359 hal/intctrl.32
                0x00000000c001b6cc                int_handler
                0x00000000c001b756                installISRHandler(int, void (*)(regs*, void*), void*)
                0x00000000c001b7a0                installIRQHandler(int, void (*)(regs*, void*), bool, void*)
                0x00000000c001b8d4                uninstallISRHandler(int, void (*)(regs*, void*))
                0x00000000c001b908                uninstallIRQHandler(int, void (*)(regs*, void*), bool)
                0x00000000c001b986                setupINTS()
                0x00000000c001b9e3                convertLegacyIRQNumber(int)
 *fill*         0x00000000c001ba25        0x1 
 .text          0x00000000c001ba26      0x8b6 hal/keybrd.32
                0x00000000c001ba26                startGUI(void*)
                0x00000000c001ba90                startGUIVESA(void*)
                0x00000000c001bafa                sendKeyToTerminal(unsigned char)
                0x00000000c001bbd5                sendKeyboardToken(KeyboardToken)
                0x00000000c001c0bf                clearInternalKeybuffer(VgaText*)
                0x00000000c001c0f4                readKeyboard(VgaText*, char*, unsigned long)
                0x00000000c001c252                Keyboard::Keyboard(char const*)
                0x00000000c001c252                Keyboard::Keyboard(char const*)
                0x00000000c001c28e                Keyboard::~Keyboard()
                0x00000000c001c28e                Keyboard::~Keyboard()
                0x00000000c001c2b2                Keyboard::~Keyboard()
 .text          0x00000000c001c2dc      0x3f8 hal/logidisk.32
                0x00000000c001c2dc                LogicalDisk::close(int, int, void*)
                0x00000000c001c2e0                LogicalDisk::~LogicalDisk()
                0x00000000c001c2e0                LogicalDisk::~LogicalDisk()
                0x00000000c001c304                LogicalDisk::~LogicalDisk()
                0x00000000c001c32e                LogicalDisk::open(int, int, void*)
                0x00000000c001c342                LogicalDisk::absoluteToRelative(unsigned long long)
                0x00000000c001c37a                LogicalDisk::relativeToAbsolute(unsigned long long)
                0x00000000c001c3c0                LogicalDisk::LogicalDisk(char const*, PhysicalDisk*, unsigned long long, unsigned long long)
                0x00000000c001c3c0                LogicalDisk::LogicalDisk(char const*, PhysicalDisk*, unsigned long long, unsigned long long)
                0x00000000c001c480                LogicalDisk::assignDriveLetter()
                0x00000000c001c53a                LogicalDisk::mount()
                0x00000000c001c582                LogicalDisk::unmount()
                0x00000000c001c592                LogicalDisk::eject()
                0x00000000c001c5a6                LogicalDisk::unassignDriveLetter()
                0x00000000c001c5fc                LogicalDisk::read(unsigned long long, int, void*)
                0x00000000c001c668                LogicalDisk::write(unsigned long long, int, void*)
 .text          0x00000000c001c6d4       0x86 hal/mouse.32
                0x00000000c001c6d4                Mouse::Mouse(char const*)
                0x00000000c001c6d4                Mouse::Mouse(char const*)
                0x00000000c001c70c                Mouse::~Mouse()
                0x00000000c001c70c                Mouse::~Mouse()
                0x00000000c001c730                Mouse::~Mouse()
 .text          0x00000000c001c75a       0x90 hal/nic.32
                0x00000000c001c75a                NIC::getMAC()
                0x00000000c001c760                NIC::write(int, unsigned char*, int*)
                0x00000000c001c766                NIC::NIC(char const*)
                0x00000000c001c766                NIC::NIC(char const*)
                0x00000000c001c79c                NIC::~NIC()
                0x00000000c001c79c                NIC::~NIC()
                0x00000000c001c7c0                NIC::~NIC()
 .text          0x00000000c001c7ea      0x33b hal/partition.32
                0x00000000c001c7ea                makePartition(PhysicalDisk*, unsigned long long, unsigned long long)
                0x00000000c001c892                createPartitionsForDisk(PhysicalDisk*)
 *fill*         0x00000000c001cb25        0x3 
 .text          0x00000000c001cb28       0x86 hal/serial.32
                0x00000000c001cb28                Serial::Serial(char const*)
                0x00000000c001cb28                Serial::Serial(char const*)
                0x00000000c001cb60                Serial::~Serial()
                0x00000000c001cb60                Serial::~Serial()
                0x00000000c001cb84                Serial::~Serial()
 *fill*         0x00000000c001cbae        0x2 
 .text          0x00000000c001cbb0      0x230 hal/timer.32
                0x00000000c001cbb0                Timer::Timer(char const*)
                0x00000000c001cbb0                Timer::Timer(char const*)
                0x00000000c001cbe8                Timer::~Timer()
                0x00000000c001cbe8                Timer::~Timer()
                0x00000000c001cc0c                Timer::~Timer()
                0x00000000c001cc36                Timer::read()
                0x00000000c001cc41                setupTimer(int)
                0x00000000c001cc7c                timerHandler(unsigned int)
 .text          0x00000000c001cde0      0x444 hal/vcache.32
                0x00000000c001cde0                VCache::VCache(PhysicalDisk*)
                0x00000000c001cde0                VCache::VCache(PhysicalDisk*)
                0x00000000c001cf50                VCache::invalidateReadBuffer()
                0x00000000c001cf60                VCache::writeWriteBuffer()
                0x00000000c001cfac                VCache::~VCache()
                0x00000000c001cfac                VCache::~VCache()
                0x00000000c001d004                VCache::~VCache()
                0x00000000c001d02c                VCache::write(unsigned long long, int, void*)
                0x00000000c001d120                VCache::read(unsigned long long, int, void*)
 .text          0x00000000c001d224      0x70e hal/video.32
                0x00000000c001d224                Video::putrect(int, int, int, int, unsigned int)
                0x00000000c001d270                Video::bitblit(int, int, int, int, int, int, int, unsigned int*)
                0x00000000c001d2e0                Video::blit(unsigned int*, int, int, int, int)
                0x00000000c001d35e                Video::clearScreen(unsigned int)
                0x00000000c001d392                Video::putpixel(int, int, unsigned int)
                0x00000000c001d3a0                Video::readPixelApprox(int, int)
                0x00000000c001d3b4                Video::Video(char const*)
                0x00000000c001d3b4                Video::Video(char const*)
                0x00000000c001d3ea                Video::~Video()
                0x00000000c001d3ea                Video::~Video()
                0x00000000c001d40e                Video::~Video()
                0x00000000c001d438                Video::isMonochrome()
                0x00000000c001d444                Video::getWidth()
                0x00000000c001d450                Video::getHeight()
                0x00000000c001d45c                Video::drawCursor(int, int, unsigned int*, int)
                0x00000000c001d518                Video::tgaParse(unsigned char*, int, int*, int*)
                0x00000000c001d8c2                Video::putTGA(int, int, unsigned char*, int)
 *fill*         0x00000000c001d932        0x2 
 .text          0x00000000c001d934     0x1413 hw/acpi.32
                0x00000000c001d934                ACPI::close(int, int, void*)
                0x00000000c001da70                findRSDP()
                0x00000000c001db08                loadACPITables(unsigned char*)
                0x00000000c001dd74                findRSDT(unsigned char*)
                0x00000000c001decc                findDataTable(unsigned char*, char*)
                0x00000000c001df4c                scanMADT()
                0x00000000c001e404                ACPI::ACPI()
                0x00000000c001e404                ACPI::ACPI()
                0x00000000c001e458                ACPI::getPCIIRQAssignment(unsigned char, unsigned short, unsigned char)
                0x00000000c001e554                ACPI::registerPCIIRQAssignment(void*, unsigned short, unsigned char, unsigned char)
                0x00000000c001e620                ACPI::setScreenBrightnessLevel(void*, int)
                0x00000000c001e628                ACPI::detectPCI()
                0x00000000c001e848                ACPI::writeSimpleBootFlag(SimpleBootFlagTable*)
                0x00000000c001e890                ACPI::sleep()
                0x00000000c001e8ac                ACPI::open(int, int, void*)
 *fill*         0x00000000c001ed47        0x1 
 .text          0x00000000c001ed48      0xbc5 hw/cpu.32
                0x00000000c001ed48                CPU::close(int, int, void*)
                0x00000000c001ed4c                CPU::AMD_K6_write_msr(unsigned int, unsigned int, unsigned int, CPU::REGS*)
                0x00000000c001ed68                CPU::AMD_K6_read_msr(unsigned int, CPU::REGS*)
                0x00000000c001ed80                CPU::AMD_K6_writeback(int, int, int)
                0x00000000c001edf4                CPU::cpuid(int, unsigned long*, unsigned long*, unsigned long*, unsigned long*)
                0x00000000c001ee78                CPU::cpuidCheckEDX(unsigned int)
                0x00000000c001eea6                CPU::cpuidCheckECX(unsigned int)
                0x00000000c001eed4                CPU::cpuidCheckExtendedEBX(unsigned int)
                0x00000000c001ef02                CPU::cpuidCheckExtendedECX(unsigned int)
                0x00000000c001ef30                CPU::CPU()
                0x00000000c001ef30                CPU::CPU()
                0x00000000c001efbe                CPU::displayFeatures()
                0x00000000c001efc0                CPU::detectFeatures()
                0x00000000c001f694                CPU::setupSMEP()
                0x00000000c001f6a0                CPU::setupUMIP()
                0x00000000c001f6aa                CPU::setupTSC()
                0x00000000c001f6b4                CPU::setupLargePages()
                0x00000000c001f6be                CPU::setupPAT()
                0x00000000c001f6fa                CPU::setupMTRR()
                0x00000000c001f6fc                CPU::setupGlobalPages()
                0x00000000c001f706                CPU::allowUsermodeDataAccess()
                0x00000000c001f718                CPU::prohibitUsermodeDataAccess()
                0x00000000c001f72a                CPU::setupSMAP()
                0x00000000c001f738                CPU::setupFeatures()
                0x00000000c001f804                CPU::open(int, int, void*)
 .text          0x00000000c001f90d       0xb6 krnl/atexit.32
                0x00000000c001f90d                KeInitialiseAtexit()
                0x00000000c001f92c                KeRegisterAtexit(void (*)(void*), void*)
                0x00000000c001f960                KeExecuteAtexit()
 .text          0x00000000c001f9c3       0xdf krnl/bootmsg.32
                0x00000000c001f9c3                KeDisplaySplashScreen()
                0x00000000c001fa3f                KeSetBootMessage(char const*)
 *fill*         0x00000000c001faa2        0x2 
 .text          0x00000000c001faa4       0x48 krnl/cdefs.32
                0x00000000c001faa4                CUnlockScheduler
                0x00000000c001fac0                CLockScheduler
                0x00000000c001fad0                CPrintf
 .text          0x00000000c001faec       0x1d krnl/compat.32
                0x00000000c001faec                Krnl::handlePowerButton()
                0x00000000c001fafc                Krnl::handleSleepButton()
 .text          0x00000000c001fb09       0x2b krnl/crc32.32
                0x00000000c001fb09                KeCalculateCRC32(unsigned char*, int)
 .text          0x00000000c001fb34      0x5bf krnl/env.32
                0x00000000c001fb34                EnvVarContainer::getEnv(char const*)
                0x00000000c001fb72                EnvVarContainer::setEnv(char const*, char const*)
                0x00000000c001fc34                EnvVarContainer::deleteEnv(char const*)
                0x00000000c001fc36                EnvVarContainer::loadFrom(char const*, char const*)
                0x00000000c001fe5a                EnvVarContainer::__loadSystem()
                0x00000000c001fe74                EnvVarContainer::__loadUser()
                0x00000000c001fe76                EnvVarContainer::EnvVarContainer(Process*)
                0x00000000c001fe76                EnvVarContainer::EnvVarContainer(Process*)
                0x00000000c001fe98                EnvVarContainer::~EnvVarContainer()
                0x00000000c001fe98                EnvVarContainer::~EnvVarContainer()
                0x00000000c001fec8                KeGetEnv(Process*, char const*)
                0x00000000c001ff2d                KeSetEnvSystem(char const*, char const*)
                0x00000000c001ff47                KeSetEnvUser(char const*, char const*)
                0x00000000c001ff66                KeSetEnvProcess(Process*, char const*, char const*)
                0x00000000c001ff79                KeDeleteEnvSystem(char const*)
                0x00000000c001ff7a                KeDeleteEnvUser(char const*)
                0x00000000c001ff7b                KeDeleteEnvProcess(Process*, char const*)
                0x00000000c001ff7c                KeNewProcessEnv(Process*)
                0x00000000c001ff9e                KeCopyProcessEnv(Process*, Process*)
                0x00000000c001ffea                KeLoadSystemEnv()
                0x00000000c0020018                KeLoadUserEnv()
                0x00000000c002003e                KeFlushEnv()
                0x00000000c002003f                KeGetProcessTotalEnvCount(Process*)
                0x00000000c002005f                KeGetProcessEnvPair(Process*, int)
 .text          0x00000000c00200f3       0x94 krnl/inlines.32
                0x00000000c00200f3                CPU::current()
                0x00000000c00200ff                operator new(unsigned long)
                0x00000000c0020104                operator delete(void*)
                0x00000000c0020109                disableIRQs()
                0x00000000c002010b                enableIRQs()
                0x00000000c002010d                lockScheduler()
                0x00000000c0020115                unlockScheduler()
                0x00000000c0020124                lockStuff()
                0x00000000c0020132                unlockStuff()
                0x00000000c002016c                Virt::getAKernelVAS()
                0x00000000c0020172                __not_memcpy
 *fill*         0x00000000c0020187        0x1 
 .text          0x00000000c0020188       0x1a krnl/mutex.32
                0x00000000c0020188                Mutex::Mutex()
                0x00000000c0020188                Mutex::Mutex()
 .text          0x00000000c00201a2        0xc krnl/panic.32
                0x00000000c00201a2                KePanic(char const*)
 .text          0x00000000c00201ae      0x142 krnl/powctrl.32
                0x00000000c00201ae                KePowerThread(void*)
                0x00000000c00201dc                KeChangePowerSettings(PowerSettings)
                0x00000000c00201f2                KeUserIOReceived()
                0x00000000c00201fd                KeHandlePowerButton()
                0x00000000c0020232                KeHandleSleepButton()
                0x00000000c0020267                KeSetupPowerManager()
 .text          0x00000000c00202f0       0x9d krnl/random.32
                0x00000000c00202f0                KeRand()
                0x00000000c0020332                KeSeedRand(unsigned int)
                0x00000000c002035b                KeInitRand()
 *fill*         0x00000000c002038d        0x3 
 .text          0x00000000c0020390      0x1bc krnl/resolve.32
                0x00000000c0020390                KeResolveCompatibilitySymbol(char*)
 .text          0x00000000c002054c      0x415 krnl/semaphore.32
                0x00000000c002054c                Semaphore::Semaphore(int)
                0x00000000c002054c                Semaphore::Semaphore(int)
                0x00000000c002057c                Semaphore::tryAcquire()
                0x00000000c0020658                Semaphore::assertLocked(char const*)
                0x00000000c00206e8                Semaphore::acquire(int)
                0x00000000c0020890                Semaphore::acquire()
                0x00000000c00208ac                Semaphore::release()
 .text          0x00000000c0020961      0x322 krnl/signal.32
                0x00000000c0020961                KiSigKill(int)
                0x00000000c0020975                KiDefaultSignalHandlerIgnore(int)
                0x00000000c0020976                KiDefaultSignalHandlerPause(int)
                0x00000000c00209a2                KiDefaultSignalHandlerResume(int)
                0x00000000c00209ce                KeDeinitSignals(SigHandlerBlock*)
                0x00000000c00209d3                KeInitSignals()
                0x00000000c0020a25                KeRegisterSignalHandler(SigHandlerBlock*, int, void (*)(int), unsigned int, int)
                0x00000000c0020a5b                KeRaiseSignal(SigHandlerBlock*, int)
                0x00000000c0020ad8                KeCheckSignal(SigHandlerBlock*, int*)
                0x00000000c0020bcf                KiCheckSignalZ
                0x00000000c0020c11                KeCompleteSignal(SigHandlerBlock*, int)
                0x00000000c0020c4c                KiFinishSignalZ
 .text          0x00000000c0020c83      0xe10 krnl/syscalls.32
                0x00000000c0020c83                SysSeekDir(regs*)
                0x00000000c0020c88                SysTellDir(regs*)
                0x00000000c0020c8d                SysVerify(regs*)
                0x00000000c0020c97                SysGetArgc(regs*)
                0x00000000c0020cab                SysTTYName(regs*)
                0x00000000c0020cb3                SysFormatDisk(regs*)
                0x00000000c0020d2a                SysSetDiskVolumeLabel(regs*)
                0x00000000c0020d7e                SysGetDiskVolumeLabel(regs*)
                0x00000000c0020dd7                SysShutdown(regs*)
                0x00000000c0020e35                SysRealpath(regs*)
                0x00000000c0020e79                SysReadDir(regs*)
                0x00000000c0020ef9                SysIsATTY(regs*)
                0x00000000c0020f53                SysSeek(regs*)
                0x00000000c0020faa                SysTell(regs*)
                0x00000000c0021017                SysSize(regs*)
                0x00000000c002108a                SysSizeFromFilename(regs*)
                0x00000000c00211bb                SysSizeFromFilenameNoSymlink(regs*)
                0x00000000c00212ec                SysClose(regs*)
                0x00000000c002134c                SysOpenDir(regs*)
                0x00000000c00213c9                SysMakeDir(regs*)
                0x00000000c0021437                SysCloseDir(regs*)
                0x00000000c002148b                SysWait(regs*)
                0x00000000c00214ac                SysNotImpl(regs*)
                0x00000000c00214c7                SysPanic(regs*)
                0x00000000c00214e2                SysRmdir(regs*)
                0x00000000c0021547                SysUnlink(regs*)
                0x00000000c00215ac                SysGetArgv(regs*)
                0x00000000c00215f9                SysUSleep(regs*)
                0x00000000c0021622                SysSpawn(regs*)
                0x00000000c0021695                SysGetEnv(regs*)
                0x00000000c0021746                SysSetFatAttrib(regs*)
                0x00000000c00217b9                SysPipe(regs*)
                0x00000000c00217fe                SysGetUnixTime(regs*)
                0x00000000c0021812                string_ends_with(char const*, char const*)
                0x00000000c002185a                SysOpen(regs*)
                0x00000000c0021a51                KeSystemCall(regs*, void*)
 *fill*         0x00000000c0021a93        0x1 
 .text          0x00000000c0021a94      0x159 net/ethernet.32
                0x00000000c0021a94                KeSwitchEndian16(unsigned short)
                0x00000000c0021ab8                KeSwitchEndian32(unsigned int)
                0x00000000c0021ae8                EthernetCRC32(unsigned char*, int)
                0x00000000c0021b8c                EthernetReceivedPacket(EthernetUnwrappedFrame*, unsigned short)
 *fill*         0x00000000c0021bed        0x3 
 .text          0x00000000c0021bf0       0x8d net/netosl.32
                0x00000000c0021bf0                KeNetCreateSemaphore
                0x00000000c0021c28                KeNetFreeSemaphore
                0x00000000c0021c44                KeNetSignalSemaphore
                0x00000000c0021c60                KeNetWaitSemaphore
 .text          0x00000000c0021c7d      0xd56 reg/cm.32
                0x00000000c0021c7d                CmOpen(char const*)
                0x00000000c0021d9b                CmClose(Reghive_Tag*)
                0x00000000c0021db1                CmReadExtent(Reghive_Tag*, int, unsigned char*)
                0x00000000c0021ded                CmGetString(Reghive_Tag*, int, char*)
                0x00000000c0021e64                CmEnterDirectory(Reghive_Tag*, int)
                0x00000000c0021ea3                CmGetNext(Reghive_Tag*, int)
                0x00000000c0021ed5                CmWriteExtent(Reghive_Tag*, int, unsigned char*)
                0x00000000c0021f11                CmFreeExtent(Reghive_Tag*, int)
                0x00000000c0021f39                CmUpdateHeader(Reghive_Tag*)
                0x00000000c0021f5a                CmExpand(Reghive_Tag*, int)
                0x00000000c0021fd5                CmFindUnusedExtent(Reghive_Tag*)
                0x00000000c002205b                CmCreateExtent(Reghive_Tag*, int, int, unsigned char*)
                0x00000000c002214f                CmSetString(Reghive_Tag*, int, char const*)
                0x00000000c002228b                CmGetMatch(char*, char*, bool, bool*)
                0x00000000c00222ec                CmAddShift(unsigned int*, int*, unsigned char, int)
                0x00000000c002231c                CmGetShift(unsigned int*, int*, int, bool*)
                0x00000000c0022353                CmGetInteger(Reghive_Tag*, int, unsigned long long*)
                0x00000000c002237d                CmSetInteger(Reghive_Tag*, int, unsigned long long)
                0x00000000c00223bd                CmConvertFromInternalFilename(unsigned char const*, char*)
                0x00000000c0022461                CmGetNameAndTypeFromExtent(Reghive_Tag*, int, char*)
                0x00000000c002248f                CmConvertToInternalFilename(char const*, unsigned char*)
                0x00000000c002262d                CmCreateString(Reghive_Tag*, int, char const*)
                0x00000000c002267a                CmFindInDirectory(Reghive_Tag*, int, char const*)
                0x00000000c00226f4                CmCreateInteger(Reghive_Tag*, int, char const*, unsigned long long, int)
                0x00000000c0022747                CmCreateDirectory(Reghive_Tag*, int, char const*)
                0x00000000c002280b                zStrtok(char*, char const*)
                0x00000000c002287d                CmFindObjectFromPath(Reghive_Tag*, char const*)
                0x00000000c00228fe                CmDisplayTree(Reghive_Tag*, int, int)
                0x00000000c00229a1                CmSplitFinalSlashInPlace(char*)
 .text          0x00000000c00229d3      0x52a reg/registry.32
                0x00000000c00229d3                Reg::findLineFromLoadedData(char*, char*, char*)
                0x00000000c0022b44                Reg::getLineFromRegistry(char*, char*, char*, char*)
                0x00000000c0022c99                Reg::getLine(char*, char*, char*)
                0x00000000c0022cd0                Reg::readInt(char*, char*, int*)
                0x00000000c0022dbe                Reg::readString(char*, char*, char*, int)
                0x00000000c0022e3f                Reg::readBool(char*, char*, bool*)
                0x00000000c0022e64                Reg::readBoolWithDefault(char*, char*, bool)
                0x00000000c0022e90                Reg::readIntWithDefault(char*, char*, int)
                0x00000000c0022ebc                Reg::readStringWithDefault(char*, char*, char*, int, char*)
 .text          0x00000000c0022efd       0x36 sys/eject.32
                0x00000000c0022efd                SysEject(regs*)
 .text          0x00000000c0022f33       0x18 sys/exit.32
                0x00000000c0022f33                SysExit(regs*)
 .text          0x00000000c0022f4b       0x1f sys/getcwd.32
                0x00000000c0022f4b                SysGetCwd(regs*)
 .text          0x00000000c0022f6a        0xc sys/getpid.32
                0x00000000c0022f6a                SysGetPID(regs*)
 .text          0x00000000c0022f76       0x1a sys/getramdata.32
                0x00000000c0022f76                SysGetRAMData(regs*)
 .text          0x00000000c0022f90       0x82 sys/getvgaptr.32
                0x00000000c0022f90                SysGetVGAPtr(regs*)
 *fill*         0x00000000c0023012        0x2 
 .text          0x00000000c0023014       0xb9 sys/kill.32
                0x00000000c0023014                SysKill(regs*)
 .text          0x00000000c00230cd       0xa8 sys/loaddll.32
                0x00000000c00230cd                SysLoadDLL(regs*)
 .text          0x00000000c0023175       0x68 sys/read.32
                0x00000000c0023175                SysRead(regs*)
 .text          0x00000000c00231dd       0x29 sys/registersignal.32
                0x00000000c00231dd                SysRegisterSignal(regs*)
 .text          0x00000000c0023206      0x19c sys/registry.32
                0x00000000c0023206                SysRegistryGetTypeFromPath(regs*)
                0x00000000c002327d                SysRegistryReadExtent(regs*)
                0x00000000c00232c5                SysRegistryPathToExtentLookup(regs*)
                0x00000000c00232ed                SysRegistryEnterDirectory(regs*)
                0x00000000c0023315                SysRegistryGetNext(regs*)
                0x00000000c002333d                SysRegistryGetNameAndTypeFromExtent(regs*)
                0x00000000c0023377                SysRegistryOpen(regs*)
                0x00000000c002338b                SysRegistryClose(regs*)
 .text          0x00000000c00233a2       0x55 sys/sbrk.32
                0x00000000c00233a2                SysSbrk(regs*)
 .text          0x00000000c00233f7       0x1c sys/setcwd.32
                0x00000000c00233f7                SysSetCwd(regs*)
 .text          0x00000000c0023413       0x96 sys/settime.32
                0x00000000c0023413                SysSetTime(regs*)
 .text          0x00000000c00234a9       0x73 sys/symlink.32
                0x00000000c00234a9                SysSymlink(regs*)
 .text          0x00000000c002351c       0x4a sys/timezone.32
                0x00000000c002351c                SysTimezone(regs*)
 .text          0x00000000c0023566       0xfc sys/truncate.32
                0x00000000c0023566                SysTruncate(regs*)
 .text          0x00000000c0023662       0x68 sys/write.32
                0x00000000c0023662                SysWrite(regs*)
 .text          0x00000000c00236ca       0x62 sys/wsbe.32
                0x00000000c00236ca                SysWsbe(regs*)
 .text          0x00000000c002372c       0x25 sys/yield.32
                0x00000000c002372c                SysYield(regs*)
 .text          0x00000000c0023751     0x1207 thr/elf.32
                0x00000000c0023751                Thr::allocateMemoryForTask(Process*, File*, unsigned long, unsigned long, unsigned long)
                0x00000000c00239df                Thr::loadProgramIntoMemory(Process*, char const*)
                0x00000000c0023bf1                Thr::runtimeReferenceHelper()
                0x00000000c0023c04                Thr::getAddressOfKernelSymbol(char const*)
                0x00000000c0023c53                Thr::loadKernelSymbolTable(char const*)
                0x00000000c0023f11                Thr::loadDriverIntoMemory(char const*, unsigned long, bool)
                0x00000000c002464a                Thr::getDriverBaseFromAddress(unsigned long)
                0x00000000c002467c                Thr::getDriverNameFromAddress(unsigned long)
                0x00000000c00246b3                Thr::getDriverOffsetFromAddress(unsigned long)
                0x00000000c00246cd                Thr::loadDLL(char const*, bool)
                0x00000000c002491f                Thr::executeDLL(unsigned long, void*)
 .text          0x00000000c0024958     0x1131 thr/prcssthr.32
                0x00000000c0024958                userModeEntryPoint(void*)
                0x00000000c0024980                changeTSS
                0x00000000c00249b0                switchToThread(ThreadControlBlock*)
                0x00000000c0024a60                Process::addArgs(char**)
                0x00000000c0024acc                Process::Process(char const*, Process*, char**)
                0x00000000c0024acc                Process::Process(char const*, Process*, char**)
                0x00000000c0024cd8                Process::Process(bool, char const*, Process*, char**)
                0x00000000c0024cd8                Process::Process(bool, char const*, Process*, char**)
                0x00000000c0024eac                taskStartupFunction
                0x00000000c0024eb8                KeDisablePreemption()
                0x00000000c0024ee0                KeRestorePreemption()
                0x00000000c0024f00                Process::createThread(void (*)(void*), void*, int)
                0x00000000c002500c                Process::createUserThread()
                0x00000000c002502c                setupMultitasking(void (*)())
                0x00000000c0025150                schedule()
                0x00000000c00251e4                blockTaskWithSchedulerLockAlreadyHeld(TaskState)
                0x00000000c002520c                blockTask(TaskState)
                0x00000000c0025244                waitTask(int, int*, int)
                0x00000000c0025288                milliTenthSleepUntil(unsigned int)
                0x00000000c0025328                milliTenthSleep(unsigned int)
                0x00000000c002533c                sleep(unsigned int)
                0x00000000c0025358                taskReturned
                0x00000000c002539c                Thr::processFromPID(int)
                0x00000000c0025448                unblockTask(ThreadControlBlock*)
                0x00000000c00254f4                cleanupTerminatedTask(ThreadControlBlock*)
                0x00000000c00257c8                cleanerTaskFunction(void*)
                0x00000000c00258d0                terminateTask(int)
                0x00000000c00259bc                Thr::terminateFromIRQ(int)
 .text          0x00000000c0025a89      0xc27 vm86/vm8086.32
                0x00000000c0025a89                Vm::inbv(unsigned short)
                0x00000000c0025a9c                Vm::outbv(unsigned short, unsigned char)
                0x00000000c0025ad2                Vm::realToLinear(unsigned short, unsigned short)
                0x00000000c0025ae2                Vm::getSegment(unsigned int)
                0x00000000c0025aea                Vm::getOffset(unsigned int)
                0x00000000c0025aef                Vm::mainloop2()
                0x00000000c0025b29                Vm::mainVm8086Loop(void*)
                0x00000000c0025b39                Vm::mainloop3(unsigned long)
                0x00000000c0025b5f                Vm::initialise8086()
                0x00000000c0025ba2                Vm::finish8086()
                0x00000000c0025c03                Vm::getOutput8086(unsigned char*)
                0x00000000c0025c28                Vm::start8086FromBuffer(unsigned char*, int, unsigned short, unsigned short, unsigned short, unsigned short)
                0x00000000c0025ce1                Vm::start8086(char const*, unsigned short, unsigned short, unsigned short, unsigned short)
                0x00000000c0025e7f                Vm::doISR(regs*, int, unsigned char*, unsigned short, unsigned short)
                0x00000000c0025f18                Vm::readByteFromReal(unsigned short, unsigned short)
                0x00000000c0025f29                Vm::readWordFromReal(unsigned short, unsigned short)
                0x00000000c0025f3b                Vm::readDwordFromReal(unsigned short, unsigned short)
                0x00000000c0025f4c                Vm::writeByteFromReal(unsigned short, unsigned short, unsigned char)
                0x00000000c0025f61                Vm::writeWordFromReal(unsigned short, unsigned short, unsigned short)
                0x00000000c0025f77                Vm::writeDwordFromReal(unsigned short, unsigned short, unsigned int)
                0x00000000c0025f8c                Vm::faultHandler(regs*)
 .text          0x00000000c00266b0      0xaf0 arch/i386/hal.32
                0x00000000c00266b0                noCopro(unsigned long)
                0x00000000c00266b1                nmiHandler(regs*, void*)
                0x00000000c00266ca                doubleFault(regs*, void*)
                0x00000000c00266e3                displayDebugInfo(regs*)
                0x00000000c0026a68                HalSystemIdle()
                0x00000000c0026ae4                displayProgramFault(char const*)
                0x00000000c0026b30                gpFault(regs*, void*)
                0x00000000c0026b97                pgFault(regs*, void*)
                0x00000000c0026c20                otherISRHandler(regs*, void*)
                0x00000000c0026c54                opcodeFault(regs*, void*)
                0x00000000c0026cd7                i386SaveCoprocessor(void*)
                0x00000000c0026ceb                i386LoadCoprocessor(void*)
                0x00000000c0026cff                x87EmulHandler(regs*, void*)
                0x00000000c0026d9c                HalInitialiseCoprocessor()
                0x00000000c0026e4a                HalPanic(char const*)
                0x00000000c0026f5e                HalQueryPerformanceCounter()
                0x00000000c0026f79                HalInitialise()
                0x00000000c002712f                HalMakeBeep(int)
                0x00000000c0027169                HalGetRand()
                0x00000000c002716c                HalEndOfInterrupt(int)
                0x00000000c002719d                HalRestart()
                0x00000000c002719e                HalShutdown()
                0x00000000c002719f                HalSleep()
 .text          0x00000000c00271a0      0x2dc arch/i386/pic.32
                0x00000000c00271a0                picIoWait()
                0x00000000c00271a8                picDisable()
                0x00000000c00271dc                picGetIRQReg(int)
                0x00000000c0027258                picOpen()
                0x00000000c00273dc                picEOI(int)
 .text          0x00000000c002747c      0x674 arch/i386/rtc.32
                0x00000000c002747c                RTC::open(int, int, void*)
                0x00000000c0027480                RTC::close(int, int, void*)
                0x00000000c0027484                RTC::timeInSecondsUTC()
                0x00000000c0027496                RTC::timeInDatetimeUTC()
                0x00000000c00274bc                RTC::setTimeInSecondsUTC(unsigned long long)
                0x00000000c00274fa                RTC::~RTC()
                0x00000000c00274fa                RTC::~RTC()
                0x00000000c002751e                RTC::~RTC()
                0x00000000c0027548                RTC::get_update_in_progress_flag()
                0x00000000c0027562                RTC::completeRTCRefresh()
                0x00000000c0027842                RTC::setTimeInDatetimeUTC(datetime_t)
                0x00000000c00279f0                rtcIRQHandler(regs*, void*)
                0x00000000c0027a36                RTC::RTC()
                0x00000000c0027a36                RTC::RTC()
 .text          0x00000000c0027af0      0x1f4 arch/i386/vga.32
                0x00000000c0027af0                HalConsoleScroll(int, int)
                0x00000000c0027bf8                HalConsoleWriteCharacter(char, int, int, int, int)
                0x00000000c0027c5c                HalConsoleCursorUpdate(int, int)
 .text          0x00000000c0027ce4     0x14cf fs/fat/vfslink.32
                0x00000000c0027ce4                FAT::getName()
                0x00000000c0027cec                FAT::tell(void*, unsigned long long*)
                0x00000000c0027d28                FAT::stat(void*, unsigned long long*)
                0x00000000c0027d64                FAT::~FAT()
                0x00000000c0027d64                FAT::~FAT()
                0x00000000c0027d88                FAT::~FAT()
                0x00000000c0027db0                FAT::getlabel(LogicalDisk*, int, char*, unsigned int*)
                0x00000000c0027e54                FAT::setlabel(LogicalDisk*, int, char*)
                0x00000000c0027f18                FAT::format(LogicalDisk*, int, char const*, int)
                0x00000000c00280fc                FAT::tryMount(LogicalDisk*, int)
                0x00000000c0028318                FAT::allocateSwapfile(char const*, int)
                0x00000000c00284d8                FAT::readDir(void*, unsigned long, void*, int*)
                0x00000000c0028648                FAT::read(void*, unsigned long, void*, int*)
                0x00000000c00286a8                FAT::write(void*, unsigned long, void*, int*)
                0x00000000c0028708                FAT::close(void*)
                0x00000000c002875c                FAT::closeDir(void*)
                0x00000000c00287b0                FAT::truncate(void*, unsigned long long)
                0x00000000c002881c                FAT::seek(void*, unsigned long long)
                0x00000000c0028874                fatWrapperReadDisk
                0x00000000c00288b4                fatWrapperWriteDisk
                0x00000000c00288f4                fatWrapperIoctl
                0x00000000c0028a10                FAT::FAT()
                0x00000000c0028a10                FAT::FAT()
                0x00000000c0028a68                FAT::fixFilepath(char*)
                0x00000000c0028aa8                FAT::open(char const*, void**, FileOpenMode)
                0x00000000c0028c1c                FAT::openDir(char const*, void**)
                0x00000000c0028ccc                FAT::stat(char const*, unsigned long long*, bool*)
                0x00000000c0028dc4                FAT::unlink(char const*)
                0x00000000c0028e44                FAT::chfatattr(char const*, unsigned char, unsigned char)
                0x00000000c0028ff8                FAT::rename(char const*, char const*)
                0x00000000c00290c4                FAT::mkdir(char const*)
                0x00000000c0029144                FAT::exists(char const*)
 *fill*         0x00000000c00291b3        0x1 
 .text          0x00000000c00291b4       0x94 fs/iso9660/helper.32
                0x00000000c00291b4                isoReadDiscSectorHelper
                0x00000000c0029210                iso_kprintf
                0x00000000c002922c                iso_kprintfd
 .text          0x00000000c0029248      0x71c fs/iso9660/vfslink.32
                0x00000000c0029248                ISO9660::format(LogicalDisk*, int, char const*, int)
                0x00000000c002924e                ISO9660::truncate(void*, unsigned long long)
                0x00000000c0029254                ISO9660::getName()
                0x00000000c002925a                ISO9660::closeDir(void*)
                0x00000000c0029264                ISO9660::chfatattr(char const*, unsigned char, unsigned char)
                0x00000000c002926a                ISO9660::unlink(char const*)
                0x00000000c0029270                ISO9660::write(void*, unsigned long, void*, int*)
                0x00000000c0029276                ISO9660::rename(char const*, char const*)
                0x00000000c002927c                ISO9660::mkdir(char const*)
                0x00000000c0029282                ISO9660::~ISO9660()
                0x00000000c0029282                ISO9660::~ISO9660()
                0x00000000c00292a6                ISO9660::~ISO9660()
                0x00000000c00292ce                ISO9660::exists(char const*)
                0x00000000c00292e2                ISO9660::open(char const*, void**, FileOpenMode)
                0x00000000c00293c8                ISO9660::read(void*, unsigned long, void*, int*)
                0x00000000c0029410                ISO9660::seek(void*, unsigned long long)
                0x00000000c0029452                ISO9660::tell(void*, unsigned long long*)
                0x00000000c0029490                ISO9660::stat(void*, unsigned long long*)
                0x00000000c00294e2                ISO9660::stat(char const*, unsigned long long*, bool*)
                0x00000000c0029624                ISO9660::close(void*)
                0x00000000c0029654                ISO9660::openDir(char const*, void**)
                0x00000000c002972e                ISO9660::readDir(void*, unsigned long, void*, int*)
                0x00000000c002984b                readSectorFromCDROM(unsigned int, unsigned char*, char)
                0x00000000c00298ca                ISO9660::tryMount(LogicalDisk*, int)
                0x00000000c002993c                ISO9660::ISO9660()
                0x00000000c002993c                ISO9660::ISO9660()
 .text          0x00000000c0029964      0x26c hal/sound/sndcard.32
                0x00000000c0029964                SoundCard::beginPlayback()
                0x00000000c0029972                SoundCard::stopPlayback()
                0x00000000c0029980                SoundCard::SoundCard(char const*)