Archive member included to satisfy reference by file (symbol)

/cygdrive/d/Users/Alex/Desktop/Toolchain/Output/bin/../lib/gcc/i386-banana/8.1.0/libkgcc.a(_divdi3.o)
                              fs/fat/ff.32 (__divdi3)
/cygdrive/d/Users/Alex/Desktop/Toolchain/Output/bin/../lib/gcc/i386-banana/8.1.0/libkgcc.a(_moddi3.o)
                              compat/resolve.32 (__moddi3)
/cygdrive/d/Users/Alex/Desktop/Toolchain/Output/bin/../lib/gcc/i386-banana/8.1.0/libkgcc.a(_udivdi3.o)
                              fs/fat/ff.32 (__udivdi3)
/cygdrive/d/Users/Alex/Desktop/Toolchain/Output/bin/../lib/gcc/i386-banana/8.1.0/libkgcc.a(_umoddi3.o)
                              compat/resolve.32 (__umoddi3)
D:/Users/Alex/Desktop/Banana/kernel/libsoftfp.a(sfieeelib.o)
                              hal/sound/sndhw.32 (__addsf3)
D:/Users/Alex/Desktop/Banana/kernel/libsoftfp.a(dfieeelib.o)
                              hal/libresample/src_linear.32 (__adddf3)
D:/Users/Alex/Desktop/Banana/kernel/libsoftfp.a(sfdfcvt.o)
                              hal/libresample/samplerate.32 (__truncdfsf2)
D:/Users/Alex/Desktop/Banana/kernel/libk/libm32.a(s_fabs.c.o)
                              hal/libresample/samplerate.32 (fabs)
D:/Users/Alex/Desktop/Banana/kernel/libk/libm32.a(s_lrint.S.o)
                              hal/libresample/samplerate.32 (lrint)
D:/Users/Alex/Desktop/Banana/kernel/libk/libm32.a(s_lrintf.S.o)
                              hal/sound/sndhw.32 (lrintf)

Discarded input sections

 .comment       0x0000000000000000       0x12 /cygdrive/d/Users/Alex/Desktop/Toolchain/Output/bin/../lib/gcc/i386-banana/8.1.0/crtbegin.o
 .comment       0x0000000000000000       0x12 acpica/utclib.32
 .comment       0x0000000000000000       0x12 core/malloc.32
 .comment       0x0000000000000000       0x12 libk/string.32
 .comment       0x0000000000000000       0x12 fs/fat/diskio.32
 .comment       0x0000000000000000       0x12 fs/fat/ff.32
 .comment       0x0000000000000000       0x12 fs/fat/ffsystem.32
 .comment       0x0000000000000000       0x12 fs/fat/ffunicode.32
 .comment       0x0000000000000000       0x12 hal/libresample/samplerate.32
 .comment       0x0000000000000000       0x12 hal/libresample/src_linear.32
 .comment       0x0000000000000000       0x12 hal/libresample/src_sinc.32
 .comment       0x0000000000000000       0x12 hal/libresample/src_zoh.32
 .comment       0x0000000000000000       0x12 compat/inlines.32
 .comment       0x0000000000000000       0x12 compat/resolve.32
 .group         0x0000000000000000       0x14 core/computer.32
 .group         0x0000000000000000        0xc core/computer.32
 .comment       0x0000000000000000       0x12 core/computer.32
 .comment       0x0000000000000000       0x12 core/gdt.32
 .group         0x0000000000000000        0xc core/idle.32
 .comment       0x0000000000000000       0x12 core/idle.32
 .comment       0x0000000000000000       0x12 core/idt.32
 .comment       0x0000000000000000       0x12 core/kheap.32
 .comment       0x0000000000000000       0x12 core/main.32
 .comment       0x0000000000000000       0x12 core/physmgr.32
 .group         0x0000000000000000        0xc core/pipe.32
 .comment       0x0000000000000000       0x12 core/pipe.32
 .group         0x0000000000000000        0xc core/terminal.32
 .comment       0x0000000000000000       0x12 core/terminal.32
 .comment       0x0000000000000000       0x12 core/tss.32
 .group         0x0000000000000000        0x8 core/unixfile.32
 .group         0x0000000000000000        0xc core/unixfile.32
 .group         0x0000000000000000        0xc core/unixfile.32
 .group         0x0000000000000000        0x8 core/unixfile.32
 .group         0x0000000000000000        0xc core/unixfile.32
 .group         0x0000000000000000        0x8 core/unixfile.32
 .group         0x0000000000000000        0xc core/unixfile.32
 .group         0x0000000000000000        0xc core/unixfile.32
 .comment       0x0000000000000000       0x12 core/unixfile.32
 .comment       0x0000000000000000       0x12 core/virtmgr.32
 .comment       0x0000000000000000       0x12 coreobjs/c++.32
 .comment       0x0000000000000000       0x12 dbg/kconsole.32
 .group         0x0000000000000000        0xc fs/vfs.32
 .group         0x0000000000000000        0xc fs/vfs.32
 .group         0x0000000000000000        0xc fs/vfs.32
 .comment       0x0000000000000000       0x12 fs/vfs.32
 .group         0x0000000000000000        0xc hal/bus.32
 .comment       0x0000000000000000       0x12 hal/bus.32
 .group         0x0000000000000000        0xc hal/buzzer.32
 .comment       0x0000000000000000       0x12 hal/buzzer.32
 .group         0x0000000000000000        0xc hal/clock.32
 .comment       0x0000000000000000       0x12 hal/clock.32
 .group         0x0000000000000000       0x14 hal/device.32
 .group         0x0000000000000000        0xc hal/device.32
 .group         0x0000000000000000        0xc hal/device.32
 .group         0x0000000000000000        0xc hal/device.32
[...]
Memory Configuration

Name             Origin             Length             Attributes
*default*        0x0000000000000000 0xffffffffffffffff

Linker script and memory map

LOAD D:/Users/Alex/Desktop/Banana/kernel/boot.32
LOAD crti.32
LOAD /cygdrive/d/Users/Alex/Desktop/Toolchain/Output/bin/../lib/gcc/i386-banana/8.1.0/crtbegin.o
LOAD D:/Users/Alex/Desktop/Banana/kernel/morenasm.32
LOAD acpica/utclib.32
LOAD core/malloc.32
LOAD libk/string.32
LOAD fs/fat/diskio.32
LOAD fs/fat/ff.32
LOAD fs/fat/ffsystem.32
LOAD fs/fat/ffunicode.32
LOAD hal/libresample/samplerate.32
LOAD hal/libresample/src_linear.32
LOAD hal/libresample/src_sinc.32
LOAD hal/libresample/src_zoh.32
LOAD compat/inlines.32
LOAD compat/resolve.32
LOAD core/computer.32
LOAD core/gdt.32
LOAD core/idle.32
LOAD core/idt.32
LOAD core/kheap.32
LOAD core/main.32
LOAD core/physmgr.32
LOAD core/pipe.32
LOAD core/terminal.32
LOAD core/tss.32
LOAD core/unixfile.32
LOAD core/virtmgr.32
LOAD coreobjs/c++.32
LOAD dbg/kconsole.32
LOAD fs/vfs.32
LOAD hal/bus.32
LOAD hal/buzzer.32
LOAD hal/clock.32
LOAD hal/device.32
LOAD hal/diskctrl.32
LOAD hal/diskphys.32
LOAD hal/fpu.32
LOAD hal/intctrl.32
LOAD hal/keybrd.32
LOAD hal/logidisk.32
LOAD hal/mouse.32
LOAD hal/partition.32
LOAD hal/serial.32
LOAD hal/timer.32
LOAD hal/vcache.32
LOAD hal/video.32
LOAD hw/acpi.32
LOAD hw/cpu.32
LOAD hw/ports.32
LOAD hw/smp.32
LOAD krnl/env.32
LOAD krnl/panic.32
LOAD net/ethernet.32
LOAD reg/registry.32
LOAD sys/sc_eject.32
LOAD sys/sc_exit.32
LOAD sys/sc_getcwd.32
LOAD sys/sc_getpid.32
LOAD sys/sc_getramdata.32
LOAD sys/sc_loaddll.32
LOAD sys/sc_read.32
LOAD sys/sc_sbrk.32
LOAD sys/sc_setcwd.32
LOAD sys/sc_settime.32
LOAD sys/sc_timezone.32
LOAD sys/sc_write.32
LOAD sys/sc_wsbe.32
LOAD sys/sc_yield.32
LOAD sys/syscalls.32
LOAD thr/elf.32
LOAD thr/prcssthr.32
LOAD vm86/vm8086.32
LOAD vm86/x87em.32
LOAD fs/fat/vfslink.32
LOAD fs/iso9660/vfslink.32
LOAD hal/sound/sndchannel.32
LOAD hal/sound/sndhw.32
LOAD hw/bus/isa.32
LOAD hw/bus/pci.32
LOAD hw/diskctrl/ide.32
LOAD hw/diskctrl/satabus.32
LOAD hw/diskphys/ata.32
LOAD hw/diskphys/atapi.32
LOAD hw/diskphys/sata.32
LOAD hw/diskphys/satapi.32
LOAD hw/fpu/avx.32
LOAD hw/fpu/mmx.32
LOAD hw/fpu/sse.32
LOAD hw/fpu/x87.32
LOAD hw/intctrl/apic.32
LOAD hw/intctrl/pic.32
LOAD hw/timer/apictimer.32
LOAD hw/timer/pit.32
LOAD hw/fpu/x86/avx.32
LOAD hw/fpu/x86/sse.32
LOAD hw/fpu/x86/x87.32
LOAD /cygdrive/d/Users/Alex/Desktop/Toolchain/Output/bin/../lib/gcc/i386-banana/8.1.0/crtend.o
LOAD crtn.32
LOAD /cygdrive/d/Users/Alex/Desktop/Toolchain/Output/bin/../lib/gcc/i386-banana/8.1.0/libkgcc.a
LOAD D:/Users/Alex/Desktop/Banana/kernel/libsoftfp.a
LOAD D:/Users/Alex/Desktop/Banana/kernel/libk/libm32.a
                0x00000000c0000000                . = 0xc0000000

.text           0x00000000c0000000    0x282d8
 *(.text)
 .text          0x00000000c0000000       0x41 D:/Users/Alex/Desktop/Banana/kernel/boot.32
                0x00000000c0000020                callGlobalConstructors
 .text          0x00000000c0000041        0x0 crti.32
 *fill*         0x00000000c0000041        0x3 
 .text          0x00000000c0000044      0x101 /cygdrive/d/Users/Alex/Desktop/Toolchain/Output/bin/../lib/gcc/i386-banana/8.1.0/crtbegin.o
 *fill*         0x00000000c0000145        0xb 
 .text          0x00000000c0000150      0x4ed D:/Users/Alex/Desktop/Banana/kernel/morenasm.32
                0x00000000c0000150                manualPCIProbe
                0x00000000c000019b                prepareTramp
                0x00000000c00001b4                voodooXADD
                0x00000000c000027f                doTPAUSE
                0x00000000c0000289                hasLegacyFPU
                0x00000000c00002ae                is486
                0x00000000c00002e4                detectCPUID
                0x00000000c00002fa                goToVM86
                0x00000000c000032a                goToUsermode
                0x00000000c0000354                switchToThreadASMFirstTime
                0x00000000c0000362                switchToThreadASM
                0x00000000c00003ea                asmQuickAcquireLock
                0x00000000c0000408                asmQuickReleaseLock
                0x00000000c0000414                asmAcquireLock
                0x00000000c0000435                asmReleaseLock
                0x00000000c0000448                loadGDT
                0x00000000c0000468                isr0
                0x00000000c0000478                isr1
                0x00000000c0000482                isr2
                0x00000000c000048c                isr3
                0x00000000c0000496                isr4
                0x00000000c00004a0                isr5
                0x00000000c00004aa                isr6
                0x00000000c00004b4                isr7
                0x00000000c00004be                isr8
                0x00000000c00004c6                isr9
                0x00000000c00004d0                isr10
                0x00000000c00004d8                isr11
                0x00000000c00004e0                isr12
                0x00000000c00004e8                isr13
                0x00000000c00004f0                isr14
                0x00000000c00004f8                isr15
                0x00000000c0000502                isr16
                0x00000000c000050c                isr17
                0x00000000c0000516                isr18
                0x00000000c0000520                irq3
                0x00000000c000052a                irq4
                0x00000000c0000534                irq5
                0x00000000c000053e                irq6
                0x00000000c0000548                irq7
                0x00000000c0000552                irq8
                0x00000000c000055c                irq9
                0x00000000c0000566                irq10
                0x00000000c0000570                irq11
                0x00000000c000057a                irq12
                0x00000000c0000584                irq13
                0x00000000c000058e                irq14
                0x00000000c0000598                irq15
                0x00000000c00005a2                irq1
                0x00000000c00005a9                irq2
                0x00000000c00005b0                isr96
                0x00000000c00005b7                irq0
                0x00000000c00005bc                int_common_stub
                0x00000000c00005bc                syscall_common_stub
                0x00000000c00005ed                irq16
                0x00000000c00005f7                irq17
                0x00000000c0000601                irq18
                0x00000000c000060b                irq19
                0x00000000c0000615                irq20
                0x00000000c000061f                irq21
                0x00000000c0000629                irq22
                0x00000000c0000633                irq23
 *fill*         0x00000000c000063d        0x3 
 .text          0x00000000c0000640      0x611 acpica/utclib.32
                0x00000000c0000640                memcmp
                0x00000000c000067c                memmove
                0x00000000c0000744                memcpy
                0x00000000c0000778                memset
                0x00000000c0000794                strlen
                0x00000000c00007ac                strpbrk
                0x00000000c00007e8                strtok
                0x00000000c0000834                strcpy
                0x00000000c0000858                strncpy
                0x00000000c00008c0                strcmp
                0x00000000c0000900                strchr
                0x00000000c0000924                strncmp
                0x00000000c0000974                strcat
                0x00000000c00009a4                strncat
                0x00000000c00009e0                strstr
                0x00000000c0000a28                toupper
                0x00000000c0000a3c                tolower
                0x00000000c0000a50                simple_strtoul
 .text          0x00000000c0000c51      0xfbf core/malloc.32
                0x00000000c0000dbc                dlfree
                0x00000000c0001117                dlmalloc
                0x00000000c0001654                dlrealloc
                0x00000000c0001809                dlmemalign
                0x00000000c000192c                dlcalloc
                0x00000000c00019c6                dlcfree
                0x00000000c00019cb                dlindependent_calloc
                0x00000000c00019f0                dlindependent_comalloc
                0x00000000c0001a07                dlvalloc
                0x00000000c0001a32                dlpvalloc
                0x00000000c0001a68                dlmalloc_trim
                0x00000000c0001a75                dlmalloc_usable_size
                0x00000000c0001aa6                dlmallinfo
                0x00000000c0001b75                dlmalloc_stats
                0x00000000c0001b86                dlmallopt
 .text          0x00000000c0001c10        0x0 libk/string.32
 .text          0x00000000c0001c10       0x51 fs/fat/diskio.32
                0x00000000c0001c10                disk_status
                0x00000000c0001c13                disk_initialize
                0x00000000c0001c16                disk_read
                0x00000000c0001c2c                disk_write
                0x00000000c0001c42                disk_ioctl
 .text          0x00000000c0001c61     0x6833 fs/fat/ff.32
                0x00000000c0004f2f                f_mount
                0x00000000c0004f91                f_open
                0x00000000c00053cd                f_read
                0x00000000c000564d                f_write
                0x00000000c0005907                f_sync
                0x00000000c0005ae3                f_close
                0x00000000c0005b12                f_lseek
                0x00000000c0005fc9                f_opendir
                0x00000000c00060cb                f_closedir
                0x00000000c00060ed                f_readdir
                0x00000000c0006188                f_stat
                0x00000000c0006217                f_getfree
                0x00000000c00063e2                f_truncate
                0x00000000c00064da                f_unlink
                0x00000000c000665d                f_mkdir
                0x00000000c0006889                f_rename
                0x00000000c0006b7c                f_chmod
                0x00000000c0006c5a                f_utime
                0x00000000c0006d38                f_getlabel
                0x00000000c0006f26                f_setlabel
                0x00000000c0007193                f_forward
                0x00000000c0007371                f_mkfs
 .text          0x00000000c0008494       0x2d fs/fat/ffsystem.32
                0x00000000c0008494                ff_memalloc
                0x00000000c00084aa                ff_memfree
 .text          0x00000000c00084c1      0x253 fs/fat/ffunicode.32
                0x00000000c00084c1                ff_uni2oem
                0x00000000c0008551                ff_oem2uni
                0x00000000c00085bd                ff_wtoupper
 .text          0x00000000c0008714      0x8fb hal/libresample/samplerate.32
                0x00000000c0008758                src_delete
                0x00000000c0008794                src_process
                0x00000000c000894a                src_callback_read
                0x00000000c0008ac7                src_set_ratio
                0x00000000c0008b31                src_get_channels
                0x00000000c0008b53                src_reset
                0x00000000c0008b9f                src_new
                0x00000000c0008c2d                src_callback_new
                0x00000000c0008c8f                src_get_name
                0x00000000c0008cc6                src_get_description
                0x00000000c0008cfd                src_get_version
                0x00000000c0008d03                src_is_valid_ratio
                0x00000000c0008d57                src_error
                0x00000000c0008d65                src_strerror
                0x00000000c0008d78                src_simple
                0x00000000c0008dcb                src_short_to_float_array
                0x00000000c0008e30                src_float_to_short_array
                0x00000000c0008eef                src_int_to_float_array
                0x00000000c0008f52                src_float_to_int_array
 .text          0x00000000c000900f      0x8cb hal/libresample/src_linear.32
                0x00000000c0009835                linear_get_name
                0x00000000c0009844                linear_get_description
                0x00000000c0009853                linear_set_converter
 .text          0x00000000c00098da     0x447c hal/libresample/src_sinc.32
                0x00000000c000dc6d                sinc_get_name
                0x00000000c000dc80                sinc_get_description
                0x00000000c000dc93                sinc_set_converter
 .text          0x00000000c000dd56      0x77c hal/libresample/src_zoh.32
                0x00000000c000e42d                zoh_get_name
                0x00000000c000e43c                zoh_get_description
                0x00000000c000e44b                zoh_set_converter
 .text          0x00000000c000e4d2       0x23 compat/inlines.32
                0x00000000c000e4d2                CPU::current()
                0x00000000c000e4df                operator new(unsigned long)
 .text          0x00000000c000e4f5      0x111 compat/resolve.32
                0x00000000c000e4f5                Krnl::resolveCompatibilitySymbol(char*)
 .text          0x00000000c000e606      0xa17 core/computer.32
                0x00000000c000e606                Computer::close(int, int, void*)
                0x00000000c000e64a                Krnl::firstTask()
                0x00000000c000e73a                Computer::Computer()
                0x00000000c000e73a                Computer::Computer()
                0x00000000c000e896                Computer::setBootMessage(char const*)
                0x00000000c000e898                Computer::detectFeatures()
                0x00000000c000eaa2                Computer::displayFeatures()
                0x00000000c000ede8                Computer::rdmsr(unsigned int)
                0x00000000c000ee14                Computer::wrmsr(unsigned int, unsigned long long)
                0x00000000c000ee4c                Computer::nmiEnabled()
                0x00000000c000ee58                Computer::readCMOS(unsigned char)
                0x00000000c000ee72                Computer::enableNMI(bool)
                0x00000000c000ee8a                Computer::open(int, int, void*)
                0x00000000c000ef60                Computer::disableNMI()
                0x00000000c000ef6e                Computer::writeCMOS(unsigned char, unsigned char)
                0x00000000c000ef8c                Computer::handleNMI()
                0x00000000c000eff2                Computer::setDiskActivityLight(int, bool)
 *fill*         0x00000000c000f01d        0x1 
 .text          0x00000000c000f01e      0x1b7 core/gdt.32
                0x00000000c000f01e                GDTEntry::setBase(unsigned int)
                0x00000000c000f03a                GDTEntry::setLimit(unsigned int)
                0x00000000c000f058                GDT::GDT()
                0x00000000c000f058                GDT::GDT()
                0x00000000c000f06e                GDT::addEntry(GDTEntry)
                0x00000000c000f0aa                GDT::getNumberOfEntries()
                0x00000000c000f0b2                GDT::flush()
                0x00000000c000f0d4                GDT::setup()
 .text          0x00000000c000f1d5       0x62 core/idle.32
                0x00000000c000f1d5                idleFunction(void*)
 *fill*         0x00000000c000f237        0x1 
 .text          0x00000000c000f238      0x45f core/idt.32
                0x00000000c000f238                IDTEntry::IDTEntry(bool)
                0x00000000c000f238                IDTEntry::IDTEntry(bool)
                0x00000000c000f2a6                IDTEntry::setOffset(unsigned int)
                0x00000000c000f2ba                IDT::IDT()
                0x00000000c000f2ba                IDT::IDT()
                0x00000000c000f2bc                IDT::getPointerToInvalidOpcodeEntryForF00F()
                0x00000000c000f2c4                IDT::addEntry(IDTEntry, int)
                0x00000000c000f2de                IDT::addEntry(int, void (*)(), bool)
                0x00000000c000f316                IDT::flush()
                0x00000000c000f330                IDT::setup()
 .text          0x00000000c000f697      0x203 core/kheap.32
                0x00000000c000f697                sbrk
                0x00000000c000f7a5                mmap
                0x00000000c000f7bb                munmap
                0x00000000c000f7d1                liballoc_lock()
                0x00000000c000f7e2                liballoc_unlock()
                0x00000000c000f7f3                liballoc_alloc(int)
                0x00000000c000f80e                liballoc_free(void*, int)
                0x00000000c000f82c                realloc
                0x00000000c000f840                malloc
                0x00000000c000f850                free
                0x00000000c000f860                rfree
                0x00000000c000f870                calloc
 .text          0x00000000c000f89a      0x482 core/main.32
                0x00000000c000f89a                hwTextMode_loadInData(VgaText*)
                0x00000000c000f8e5                hwTextMode_loadInTitle(VgaText*, char*)
                0x00000000c000f963                hwTextMode_showCursor(VgaText*, bool)
                0x00000000c000f9c1                hwTextMode_update(VgaText*)
                0x00000000c000f9c2                hwTextMode_updateCursor(VgaText*)
                0x00000000c000fa13                hwTextMode_disableBlink(VgaText*, bool)
                0x00000000c000fa59                hwTextMode_scrollScreen(VgaText*)
                0x00000000c000fb06                hwTextMode_writeCharacter(VgaText*, char, VgaColour, VgaColour, int, int)
                0x00000000c000fb88                setupTextMode()
                0x00000000c000fbf8                kernel_main
 .text          0x00000000c000fd1c      0x54d core/physmgr.32
                0x00000000c000fd1c                Phys::allocateDMA(unsigned long)
                0x00000000c000fdbf                Phys::freeDMA(unsigned long, unsigned long)
                0x00000000c000fe07                Phys::setPageState(unsigned long, bool)
                0x00000000c000fe39                Phys::getPageState(unsigned long)
                0x00000000c000fe55                Phys::freePage(unsigned long)
                0x00000000c000fedf                Phys::allocatePage()
                0x00000000c000ffa7                Phys::allocateContiguousPages(int)
                0x00000000c0010001                Phys::allowSegmentToBeUsed(unsigned long, unsigned long)
                0x00000000c0010039                Phys::physicalMemorySetup(unsigned int)
 *fill*         0x00000000c0010269        0x1 
 .text          0x00000000c001026a      0x273 core/pipe.32
                0x00000000c001026a                Pipe::isAtty()
                0x00000000c001026e                Pipe::~Pipe()
                0x00000000c001026e                Pipe::~Pipe()
                0x00000000c0010292                Pipe::~Pipe()
                0x00000000c00102ba                Pipe::read(unsigned long long, void*, int*)
                0x00000000c00103ae                Pipe::write(unsigned long long, void*, int*)
                0x00000000c0010476                Pipe::Pipe(int)
                0x00000000c0010476                Pipe::Pipe(int)
 *fill*         0x00000000c00104dd        0x1 
 .text          0x00000000c00104de      0xf73 core/terminal.32
                0x00000000c00104de                VgaText::isAtty()
                0x00000000c00104e2                VgaText::~VgaText()
                0x00000000c00104e2                VgaText::~VgaText()
                0x00000000c0010506                VgaText::~VgaText()
                0x00000000c0010530                VgaText::read(unsigned long long, void*, int*)
                0x00000000c0010550                setTerminalScrollLock(bool)
                0x00000000c0010551                addToTerminalCycle(VgaText*)
                0x00000000c001057e                installVgaTextImplementation()
                0x00000000c0010593                scrollTerminalScrollLock(int)
                0x00000000c0010594                VgaText::load()
                0x00000000c00105e8                VgaText::updateCursor()
                0x00000000c0010602                VgaText::showCursor(bool)
                0x00000000c0010612                VgaText::disableBlink(bool)
                0x00000000c001064c                VgaText::doANSI_SGR(int)
                0x00000000c00106d8                VgaText::setDefaultBgColour(VgaColour)
                0x00000000c00106ee                VgaText::setDefaultFgColour(VgaColour)
                0x00000000c0010704                VgaText::setDefaultColours(VgaColour, VgaColour)
                0x00000000c0010724                VgaText::combineColours(unsigned char, unsigned char)
                0x00000000c0010736                VgaText::scrollScreen()
                0x00000000c00107ca                VgaText::combineCharAndColour(char, unsigned char)
                0x00000000c00107dc                VgaText::writeCharacter(char, VgaColour, VgaColour, int, int)
                0x00000000c001083c                VgaText::getCursorX()
                0x00000000c0010848                VgaText::getCursorY()
                0x00000000c0010854                VgaText::setCursor(int, int)
                0x00000000c0010872                VgaText::setCursorX(int)
                0x00000000c001088e                VgaText::setCursorY(int)
                0x00000000c00108aa                VgaText::incrementCursor(bool)
                0x00000000c0010912                VgaText::updateRAMUsageDisplay(int)
                0x00000000c0010976                VgaText::updateDiskUsage()
                0x00000000c0010ae0                VgaText::updateTitle()
                0x00000000c0010b26                VgaText::setTitleTextColour(VgaColour)
                0x00000000c0010b36                VgaText::setTitleColour(VgaColour)
                0x00000000c0010b46                VgaText::setTitle(char*)
                0x00000000c0010b6c                VgaText::decrementCursor(bool)
                0x00000000c0010b94                VgaText::putchar(char, VgaColour, VgaColour)
                0x00000000c0010c90                VgaText::isShowingCursor()
                0x00000000c0010c9c                VgaText::isBlinkDisabled()
                0x00000000c0010caa                VgaText::setCursorHeight(int)
                0x00000000c0010cc8                VgaText::getCursorHeight()
                0x00000000c0010cd3                setActiveTerminal(VgaText*)
                0x00000000c0010d85                doTerminalCycle()
                0x00000000c0010da2                VgaText::doUpdate()
                0x00000000c0010db4                VgaText::puts(char const*, VgaColour, VgaColour)
                0x00000000c0010f74                VgaText::clearScreen()
                0x00000000c0010fd8                VgaText::putchar(char)
                0x00000000c00110f2                VgaText::puts(char const*)
                0x00000000c0011118                VgaText::putx(unsigned int)
                0x00000000c001115e                VgaText::VgaText(char const*)
                0x00000000c001115e                VgaText::VgaText(char const*)
                0x00000000c00112f0                VgaText::receiveKey(unsigned char)
                0x00000000c00113d8                VgaText::write(unsigned long long, void*, int*)
                0x00000000c001142c                newTerminal(char*)
 *fill*         0x00000000c0011451        0x1 
 .text          0x00000000c0011452      0x1b3 core/tss.32
                0x00000000c0011452                TSS::TSS()
                0x00000000c0011452                TSS::TSS()
                0x00000000c0011460                TSS::setESP(unsigned long)
                0x00000000c0011472                TSS::flush()
                0x00000000c0011492                TSS::setup(unsigned long, unsigned long)
 *fill*         0x00000000c0011605        0x1 
 .text          0x00000000c0011606      0x4c2 core/unixfile.32
                0x00000000c0011606                ReservedFilename::read(unsigned long long, void*, int*)
                0x00000000c001165c                ReservedFilename::isAtty()
                0x00000000c0011678                ReservedFilename::write(unsigned long long, void*, int*)
                0x00000000c00116d6                UnixFile::getFileDescriptor()
                0x00000000c00116de                UnixFile::UnixFile(int)
                0x00000000c00116de                UnixFile::UnixFile(int)
                0x00000000c001188e                ReservedFilename::ReservedFilename(int)
                0x00000000c001188e                ReservedFilename::ReservedFilename(int)
                0x00000000c00118c0                UnixFile::~UnixFile()
                0x00000000c00118c0                UnixFile::~UnixFile()
                0x00000000c0011958                UnixFile::~UnixFile()
                0x00000000c0011980                ReservedFilename::~ReservedFilename()
                0x00000000c0011980                ReservedFilename::~ReservedFilename()
                0x00000000c00119a4                ReservedFilename::~ReservedFilename()
                0x00000000c00119cb                getFromFileDescriptor(int)
 .text          0x00000000c0011ac8      0xf8e core/virtmgr.32
                0x00000000c0011ac8                Virt::setPageState(unsigned long, Virt::VirtPageState)
                0x00000000c0011afd                Virt::getPageState(unsigned long)
                0x00000000c0011b21                Virt::allocateKernelVirtualPages(int)
                0x00000000c0011c32                Virt::virtualMemorySetup()
                0x00000000c0011cb1                Virt::getAKernelVAS()
                0x00000000c0011cb7                Virt::setupPageSwapping(int)
                0x00000000c0011de6                VAS::VAS()
                0x00000000c0011de6                VAS::VAS()
                0x00000000c0011e16                VAS::VAS(VAS*)
                0x00000000c0011e16                VAS::VAS(VAS*)
                0x00000000c0011e3a                VAS::getForeignPageTableEntry(bool, unsigned long)
                0x00000000c0011e66                VAS::getPageTableEntry(unsigned long)
                0x00000000c0011e85                Virt::freeKernelVirtualPages(unsigned long)
                0x00000000c0011fa8                VAS::freeAllocatedPages(unsigned long)
                0x00000000c0011fcc                VAS::virtualToPhysical(unsigned long)
                0x00000000c0011fe4                VAS::reflagRange(unsigned long, int, int, int)
                0x00000000c0012024                VAS::setToWriteCombining(unsigned long, int)
                0x00000000c0012056                VAS::mapOtherVASIn(bool, VAS*)
                0x00000000c0012080                VAS::~VAS()
                0x00000000c0012080                VAS::~VAS()
                0x00000000c00121ec                VAS::mapPage(unsigned long, unsigned long, int)
                0x00000000c00122ec                VAS::allocatePages(int, int)
                0x00000000c00124c4                VAS::setCPUSpecific(unsigned long)
                0x00000000c00124e0                VAS::mapRange(unsigned long, unsigned long, int, int)
                0x00000000c00125a6                VAS::mapForeignPage(bool, VAS*, unsigned long, unsigned long, int)
                0x00000000c0012694                VAS::VAS(bool)
                0x00000000c0012694                VAS::VAS(bool)
                0x00000000c00128f0                VAS::scanForSwappable()
                0x00000000c001298e                mapVASFirstTime
 .text          0x00000000c0012a56       0x95 coreobjs/c++.32
                0x00000000c0012a56                __cxa_atexit
                0x00000000c0012a59                __cxa_finalize
                0x00000000c0012a5a                __stack_chk_fail
                0x00000000c0012ac6                __cxa_pure_virtual
                0x00000000c0012ad7                operator new[](unsigned long)
                0x00000000c0012adc                operator delete(void*, unsigned long)
                0x00000000c0012ae1                operator delete[](void*)
                0x00000000c0012ae6                operator delete[](void*, unsigned long)
 .text          0x00000000c0012aeb      0x1ef dbg/kconsole.32
                0x00000000c0012aeb                Dbg::stringifyxWithBase(unsigned int, char*, int)
                0x00000000c0012b4c                Dbg::logc(char)
                0x00000000c0012b63                Dbg::logs(char*)
                0x00000000c0012b80                Dbg::logWriteInt(unsigned int)
                0x00000000c0012b9d                Dbg::logWriteIntBase(unsigned int, int)
                0x00000000c0012bbc                Dbg::kprintf(char const*, ...)
 .text          0x00000000c0012cda      0xb7c fs/vfs.32
                0x00000000c0012cda                File::read(unsigned long long, void*, int*)
                0x00000000c0012d32                File::write(unsigned long long, void*, int*)
                0x00000000c0012d8a                Directory::read(unsigned long long, void*, int*)
                0x00000000c0012de2                Directory::write(unsigned long long, void*, int*)
                0x00000000c0012e10                File::isAtty()
                0x00000000c0012e14                Directory::isAtty()
                0x00000000c0012e18                Filesystem::getlabel(LogicalDisk*, int, char*, unsigned int*)
                0x00000000c0012e1e                Filesystem::setlabel(LogicalDisk*, int, char*)
                0x00000000c0012e24                File::~File()
                0x00000000c0012e24                File::~File()
                0x00000000c0012e48                File::~File()
                0x00000000c0012e72                Directory::~Directory()
                0x00000000c0012e72                Directory::~Directory()
                0x00000000c0012e96                Directory::~Directory()
                0x00000000c0012ec0                Filesystem::Filesystem()
                0x00000000c0012ec0                Filesystem::Filesystem()
                0x00000000c0012ee4                Filesystem::~Filesystem()
                0x00000000c0012ee4                Filesystem::~Filesystem()
                0x00000000c0012ef2                Filesystem::~Filesystem()
                0x00000000c0012f16                Fs::getcwd(Process*, char*, int)
                0x00000000c0012f40                Fs::initVFS()
                0x00000000c0012f6a                Fs::standardiseFiles(char*, char const*, char const*)
                0x00000000c0013114                File::File(char const*, Process*)
                0x00000000c0013114                File::File(char const*, Process*)
                0x00000000c0013178                File::open(FileOpenMode)
                0x00000000c00131d6                File::close()
                0x00000000c0013236                File::seek(unsigned long long)
                0x00000000c001328c                File::tell(unsigned long long*)
                0x00000000c00132dc                File::rewind()
                0x00000000c00132f0                File::unlink()
                0x00000000c001333c                File::rename(char const*)
                0x00000000c001338a                File::chfatattr(unsigned char, unsigned char)
                0x00000000c00133e6                File::exists()
                0x00000000c0013424                File::stat(unsigned long long*, bool*)
                0x00000000c0013485                Fs::setcwd(Process*, char*)
                0x00000000c00135c0                Directory::Directory(char const*, Process*)
                0x00000000c00135c0                Directory::Directory(char const*, Process*)
                0x00000000c0013624                Directory::open()
                0x00000000c0013680                Directory::close()
                0x00000000c00136e0                Directory::unlink()
                0x00000000c001372c                Directory::rename(char const*)
                0x00000000c001377a                Directory::exists()
                0x00000000c00137b8                Directory::read(dirent*)
                0x00000000c0013804                Directory::create()
                0x00000000c0013850                Filesystem::chfatattr(char const*, unsigned char, unsigned char)
 .text          0x00000000c0013856       0x84 hal/bus.32
                0x00000000c0013856                Bus::Bus(char const*)
                0x00000000c0013856                Bus::Bus(char const*)
                0x00000000c001388c                Bus::~Bus()
                0x00000000c001388c                Bus::~Bus()
                0x00000000c00138b0                Bus::~Bus()
 .text          0x00000000c00138da      0x14e hal/buzzer.32
                0x00000000c00138da                Buzzer::Buzzer(char const*)
                0x00000000c00138da                Buzzer::Buzzer(char const*)
                0x00000000c001391e                Buzzer::~Buzzer()
                0x00000000c001391e                Buzzer::~Buzzer()
                0x00000000c0013942                Buzzer::~Buzzer()
                0x00000000c001396c                Buzzer::stop()
                0x00000000c001397f                beepThread(void*)
                0x00000000c00139ba                Buzzer::beep(int, int, bool)
 .text          0x00000000c0013a28      0x467 hal/clock.32
                0x00000000c0013a28                User::loadClockSettings(int)
                0x00000000c0013a7a                Clock::Clock(char const*)
                0x00000000c0013a7a                Clock::Clock(char const*)
                0x00000000c0013ab0                Clock::~Clock()
                0x00000000c0013ab0                Clock::~Clock()
                0x00000000c0013ad4                Clock::~Clock()
                0x00000000c0013afe                Clock::timeInSecondsLocal()
                0x00000000c0013b46                Clock::setTimeInSecondsLocal(unsigned long long)
                0x00000000c0013b9f                datetimeToSeconds(datetime_t)
                0x00000000c0013cc6                Clock::setTimeInDatetimeLocal(datetime_t)
                0x00000000c0013d26                secondsToDatetime(unsigned long long)
                0x00000000c0013e6a                Clock::timeInDatetimeLocal()
 *fill*         0x00000000c0013e8f        0x1 
 .text          0x00000000c0013e90      0x4de hal/device.32
                0x00000000c0013e90                Device::hibernate()
                0x00000000c0013e92                Device::wake()
                0x00000000c0013e94                Device::detect()
                0x00000000c0013e96                Device::disableLegacy()
                0x00000000c0013e98                Device::powerSaving(PowerSavingLevel)
                0x00000000c0013e9a                DriverlessDevice::close(int, int, void*)
                0x00000000c0013e9e                DriverlessDevice::detect()
                0x00000000c0013ea0                DriverlessDevice::open(int, int, void*)
                0x00000000c0013eb4                Device::~Device()
                0x00000000c0013eb4                Device::~Device()
                0x00000000c0013ec2                Device::~Device()
                0x00000000c0013eea                Device::findAndLoadDriver()
                0x00000000c0013eec                Device::preOpenPCI(PCIDeviceInfo)
                0x00000000c0013f12                Device::preOpenACPI(void*, char*, char*)
                0x00000000c0013f66                Device::addIRQHandler(int, void (*)(regs*, void*), bool, void*)
                0x00000000c0013fa4                Device::removeIRQHandler(int, void (*)(regs*, void*), bool)
                0x00000000c0013fe2                Device::addChild(Device*)
                0x00000000c0014026                Device::removeAllChildren()
                0x00000000c001406c                Device::hibernateAll()
                0x00000000c001409c                Device::wakeAll()
                0x00000000c00140cc                Device::detectAll()
                0x00000000c00140fc                Device::disableLegacyAll()
                0x00000000c001412c                Device::loadDriversForAll()
                0x00000000c0014158                Device::closeAll()
                0x00000000c001418e                Device::powerSavingAll(PowerSavingLevel)
                0x00000000c00141c4                Device::setName(char const*)
                0x00000000c00141d2                Device::Device(char const*)
                0x00000000c00141d2                Device::Device(char const*)
                0x00000000c00142ce                Device::getName()
                0x00000000c00142d8                DriverlessDevice::DriverlessDevice(char const*)
                0x00000000c00142d8                DriverlessDevice::DriverlessDevice(char const*)
                0x00000000c0014300                Device::addToLinkedList(LinkedList<Device>&, DeviceType)
                0x00000000c0014344                getDevicesOfType(DeviceType)
 .text          0x00000000c001436e       0x84 hal/diskctrl.32
                0x00000000c001436e                HardDiskController::HardDiskController(char const*)
                0x00000000c001436e                HardDiskController::HardDiskController(char const*)
                0x00000000c00143a4                HardDiskController::~HardDiskController()
                0x00000000c00143a4                HardDiskController::~HardDiskController()
                0x00000000c00143c8                HardDiskController::~HardDiskController()
 .text          0x00000000c00143f2       0xf2 hal/diskphys.32
                0x00000000c00143f2                PhysicalDisk::eject()
                0x00000000c0014406                PhysicalDisk::PhysicalDisk(char const*, int)
                0x00000000c0014406                PhysicalDisk::PhysicalDisk(char const*, int)
                0x00000000c001446e                PhysicalDisk::startCache()
                0x00000000c0014496                PhysicalDisk::~PhysicalDisk()
                0x00000000c0014496                PhysicalDisk::~PhysicalDisk()
                0x00000000c00144ba                PhysicalDisk::~PhysicalDisk()
 .text          0x00000000c00144e4      0x13b hal/fpu.32
                0x00000000c00144e4                FPU::FPU(char const*)
                0x00000000c00144e4                FPU::FPU(char const*)
                0x00000000c001451a                FPU::~FPU()
                0x00000000c001451a                FPU::~FPU()
                0x00000000c001453e                FPU::~FPU()
                0x00000000c0014568                setupFPU()
 *fill*         0x00000000c001461f        0x1 
 .text          0x00000000c0014620     0x1381 hal/intctrl.32
                0x00000000c0014620                InterruptController::uninstallISRHandler(int, void (*)(regs*, void*))
                0x00000000c0014658                InterruptController::installISRHandler(int, void (*)(regs*, void*), void*)
                0x00000000c00146aa                doubleFault(regs*, void*)
                0x00000000c00146c4                InterruptController::installIRQHandler(int, void (*)(regs*, void*), bool, void*)
                0x00000000c0014760                InterruptController::clearAllHandlers(int, bool)
                0x00000000c0014808                InterruptController::uninstallIRQHandler(int, void (*)(regs*, void*), bool)
                0x00000000c001488f                nmiHandler(regs*, void*)
                0x00000000c001489d                int_handler
                0x00000000c001493e                InterruptController::InterruptController(char const*)
                0x00000000c001493e                InterruptController::InterruptController(char const*)
                0x00000000c00149e4                InterruptController::~InterruptController()
                0x00000000c00149e4                InterruptController::~InterruptController()
                0x00000000c0014a08                InterruptController::~InterruptController()
                0x00000000c0014a32                displayDebugInfo(regs*)
                0x00000000c0014ec1                x87EmulHandler(regs*, void*)
                0x00000000c0014ef0                gpFault(regs*, void*)
                0x00000000c0014f29                pgFault(regs*, void*)
                0x00000000c0014f40                otherISRHandler(regs*, void*)
                0x00000000c0014f5f                opcodeFault(regs*, void*)
                0x00000000c0015565                displayProgramFault(char const*)
                0x00000000c001558d                setupInterruptController()
                0x00000000c0015954                InterruptController::convertLegacyIRQNumber(int)
 *fill*         0x00000000c00159a1        0x1 
 .text          0x00000000c00159a2      0x6c8 hal/keybrd.32
                0x00000000c00159a2                startGUI(void*)
                0x00000000c00159fe                startGUIVESA(void*)
                0x00000000c0015a5a                sendKeyToTerminal(unsigned char)
                0x00000000c0015ac6                sendKeyboardToken(KeyboardToken)
                0x00000000c0015f03                clearInternalKeybuffer(VgaText*)
                0x00000000c0015f38                readKeyboard(VgaText*, char*, unsigned long)
                0x00000000c0015fe0                Keyboard::Keyboard(char const*)
                0x00000000c0015fe0                Keyboard::Keyboard(char const*)
                0x00000000c001601c                Keyboard::~Keyboard()
                0x00000000c001601c                Keyboard::~Keyboard()
                0x00000000c0016040                Keyboard::~Keyboard()
 .text          0x00000000c001606a      0x414 hal/logidisk.32
                0x00000000c001606a                LogicalDisk::close(int, int, void*)
                0x00000000c001606e                LogicalDisk::~LogicalDisk()
                0x00000000c001606e                LogicalDisk::~LogicalDisk()
                0x00000000c0016092                LogicalDisk::~LogicalDisk()
                0x00000000c00160bc                LogicalDisk::open(int, int, void*)
                0x00000000c00160d0                LogicalDisk::absoluteToRelative(unsigned long long)
                0x00000000c0016108                LogicalDisk::relativeToAbsolute(unsigned long long)
                0x00000000c001614e                LogicalDisk::LogicalDisk(char const*, PhysicalDisk*, unsigned long long, unsigned long long)
                0x00000000c001614e                LogicalDisk::LogicalDisk(char const*, PhysicalDisk*, unsigned long long, unsigned long long)
                0x00000000c0016204                LogicalDisk::assignDriveLetter()
                0x00000000c00162ba                LogicalDisk::mount()
                0x00000000c001632c                LogicalDisk::unmount()
                0x00000000c001633c                LogicalDisk::eject()
                0x00000000c0016350                LogicalDisk::unassignDriveLetter()
                0x00000000c00163a6                LogicalDisk::read(unsigned long long, int, void*)
                0x00000000c0016412                LogicalDisk::write(unsigned long long, int, void*)
 .text          0x00000000c001647e       0x84 hal/mouse.32
                0x00000000c001647e                Mouse::Mouse(char const*)
                0x00000000c001647e                Mouse::Mouse(char const*)
                0x00000000c00164b4                Mouse::~Mouse()
                0x00000000c00164b4                Mouse::~Mouse()
                0x00000000c00164d8                Mouse::~Mouse()
 .text          0x00000000c0016502      0x34d hal/partition.32
                0x00000000c0016502                makePartition(PhysicalDisk*, unsigned long long, unsigned long long)
                0x00000000c00165be                createPartitionsForDisk(PhysicalDisk*)
 *fill*         0x00000000c001684f        0x1 
 .text          0x00000000c0016850       0x84 hal/serial.32
                0x00000000c0016850                Serial::Serial(char const*)
                0x00000000c0016850                Serial::Serial(char const*)
                0x00000000c0016886                Serial::~Serial()
                0x00000000c0016886                Serial::~Serial()
                0x00000000c00168aa                Serial::~Serial()
 .text          0x00000000c00168d4      0x2b8 hal/timer.32
                0x00000000c00168d4                Timer::Timer(char const*)
                0x00000000c00168d4                Timer::Timer(char const*)
                0x00000000c001690a                Timer::~Timer()
                0x00000000c001690a                Timer::~Timer()
                0x00000000c001692e                Timer::~Timer()
                0x00000000c0016958                Timer::read()
                0x00000000c0016963                timerHandler(unsigned long long)
                0x00000000c0016a9a                setupTimer(int)
 .text          0x00000000c0016b8c      0x425 hal/vcache.32
                0x00000000c0016b8c                VCache::VCache(PhysicalDisk*)
                0x00000000c0016b8c                VCache::VCache(PhysicalDisk*)
                0x00000000c0016cf4                VCache::invalidateReadBuffer()
                0x00000000c0016d04                VCache::writeWriteBuffer()
                0x00000000c0016d40                VCache::~VCache()
                0x00000000c0016d40                VCache::~VCache()
                0x00000000c0016d94                VCache::~VCache()
                0x00000000c0016dbc                VCache::write(unsigned long long, int, void*)
                0x00000000c0016eb2                VCache::read(unsigned long long, int, void*)
 *fill*         0x00000000c0016fb1        0x1 
 .text          0x00000000c0016fb2      0x4cd hal/video.32
                0x00000000c0016fb2                Video::putrect(int, int, int, int, unsigned int)
                0x00000000c0016ffe                Video::bitblit(int, int, int, int, int, int, int, unsigned int*)
                0x00000000c001706e                Video::blit(unsigned int*, int, int, int, int)
                0x00000000c00170ec                Video::clearScreen(unsigned int)
                0x00000000c0017120                Video::putpixel(int, int, unsigned int)
                0x00000000c001712e                Video::Video(char const*)
                0x00000000c001712e                Video::Video(char const*)
                0x00000000c0017164                Video::~Video()
                0x00000000c0017164                Video::~Video()
                0x00000000c0017188                Video::~Video()
                0x00000000c00171b2                Video::isMonochrome()
                0x00000000c00171be                Video::getWidth()
                0x00000000c00171ca                Video::getHeight()
                0x00000000c00171d6                Video::drawCursor(int, int, unsigned char*, int)
                0x00000000c0017292                Video::tgaParse(unsigned char*, int, int*, int*)
                0x00000000c0017414                Video::putTGA(int, int, unsigned char*, int)
 *fill*         0x00000000c001747f        0x1 
 .text          0x00000000c0017480      0xf64 hw/acpi.32
                0x00000000c0017480                ACPI::close(int, int, void*)
                0x00000000c0017535                findRSDP()
                0x00000000c00175bf                loadACPITables(unsigned char*)
                0x00000000c00177e6                findRSDT(unsigned char*)
                0x00000000c0017904                findDataTable(unsigned char*, char*)
                0x00000000c00179a0                scanMADT()
                0x00000000c0017e26                ACPI::ACPI()
                0x00000000c0017e26                ACPI::ACPI()
                0x00000000c0017e90                ACPI::getPCIIRQAssignment(unsigned char, unsigned short, unsigned char)
                0x00000000c0017f72                ACPI::registerPCIIRQAssignment(void*, unsigned short, unsigned char, unsigned char)
                0x00000000c0018038                ACPI::setScreenBrightnessLevel(void*, int)
                0x00000000c001803e                ACPI::writeSimpleBootFlag(SimpleBootFlagTable*)
                0x00000000c0018086                ACPI::open(int, int, void*)
                0x00000000c00183cc                ACPI::sleep()
 .text          0x00000000c00183e4     0x1715 hw/cpu.32
                0x00000000c00183e4                CPU::close(int, int, void*)
                0x00000000c00183e8                CPU::lookupAMDName(unsigned char, unsigned char)
                0x00000000c001857c                CPU::lookupIntelName(unsigned char, unsigned char)
                0x00000000c001882a                CPU::AMD_K6_write_msr(unsigned int, unsigned int, unsigned int, CPU::REGS*)
                0x00000000c0018846                CPU::AMD_K6_read_msr(unsigned int, CPU::REGS*)
                0x00000000c001885e                CPU::AMD_K6_writeback(int, int, int)
                0x00000000c00188d2                CPU::cpuid(int, unsigned long*, unsigned long*, unsigned long*, unsigned long*)
                0x00000000c0018956                CPU::cpuidCheckEDX(unsigned int)
                0x00000000c0018984                CPU::cpuidCheckECX(unsigned int)
                0x00000000c00189b2                CPU::cpuidCheckExtendedEBX(unsigned int)
                0x00000000c00189e0                CPU::cpuidCheckExtendedECX(unsigned int)
                0x00000000c0018a0e                CPU::CPU()
                0x00000000c0018a0e                CPU::CPU()
                0x00000000c0018a9c                CPU::displayFeatures()
                0x00000000c0018d18                CPU::detectFeatures()
                0x00000000c0019708                CPU::setupSMEP()
                0x00000000c0019714                CPU::setupUMIP()
                0x00000000c001971e                CPU::setupTSC()
                0x00000000c0019728                CPU::setupLargePages()
                0x00000000c0019732                CPU::setupPAT()
                0x00000000c001976e                CPU::setupMTRR()
                0x00000000c0019770                CPU::setupGlobalPages()
                0x00000000c001977a                CPU::allowUsermodeDataAccess()
                0x00000000c001978c                CPU::prohibitUsermodeDataAccess()
                0x00000000c001979e                CPU::setupSMAP()
                0x00000000c00197ac                CPU::setupFeatures()
                0x00000000c001982c                CPU::open(int, int, void*)
                0x00000000c00198fe                CPU::decodeAddress(regs*, int*, bool*, unsigned char*)
 .text          0x00000000c0019af9        0x0 hw/ports.32
 .text          0x00000000c0019af9      0x16a hw/smp.32
                0x00000000c0019af9                Krnl::smpEntry()
                0x00000000c0019afb                Krnl::startCPU(int)
                0x00000000c0019c44                Krnl::startCPUs()
 *fill*         0x00000000c0019c63        0x1 
 .text          0x00000000c0019c64      0x5d3 krnl/env.32
                0x00000000c0019c64                EnvVarContainer::getEnv(char const*)
                0x00000000c0019ca2                EnvVarContainer::setEnv(char const*, char const*)
                0x00000000c0019d6e                EnvVarContainer::deleteEnv(char const*)
                0x00000000c0019d70                EnvVarContainer::loadFrom(char const*, char const*)
                0x00000000c0019f66                EnvVarContainer::__loadSystem()
                0x00000000c0019f80                EnvVarContainer::__loadUser()
                0x00000000c0019f82                EnvVarContainer::EnvVarContainer(Process*)
                0x00000000c0019f82                EnvVarContainer::EnvVarContainer(Process*)
                0x00000000c0019fa4                EnvVarContainer::~EnvVarContainer()
                0x00000000c0019fa4                EnvVarContainer::~EnvVarContainer()
                0x00000000c0019fd4                Krnl::getEnv(Process*, char const*)
                0x00000000c001a039                Krnl::setEnvSystem(char const*, char const*)
                0x00000000c001a053                Krnl::setEnvUser(char const*, char const*)
                0x00000000c001a072                Krnl::setEnvProcess(Process*, char const*, char const*)
                0x00000000c001a085                Krnl::deleteEnvSystem(char const*)
                0x00000000c001a086                Krnl::deleteEnvUser(char const*)
                0x00000000c001a087                Krnl::deleteEnvProcess(Process*, char const*)
                0x00000000c001a088                Krnl::newProcessEnv(Process*)
                0x00000000c001a0aa                Krnl::copyProcessEnv(Process*, Process*)
                0x00000000c001a0fe                Krnl::loadSystemEnv()
                0x00000000c001a12c                Krnl::loadUserEnv()
                0x00000000c001a152                Krnl::flushEnv()
                0x00000000c001a153                Krnl::getProcessTotalEnvCount(Process*)
                0x00000000c001a173                Krnl::getProcessEnvPair(Process*, int)
 .text          0x00000000c001a237      0x396 krnl/panic.32
                0x00000000c001a237                Krnl::panic(char const*)
 .text          0x00000000c001a5cd      0x3b6 net/ethernet.32
                0x00000000c001a5cd                Net::switchEndian16(unsigned short)
                0x00000000c001a5ee                Net::switchEndian32(unsigned int)
                0x00000000c001a61d                Net::crc32Calc(unsigned char*, int)
                0x00000000c001a6ae                Net::wrapEthernetFrame(Net::UnwrappedEthernetFrame, unsigned char*)
                0x00000000c001a7ea                Net::unwrapEthernetFrame(unsigned char*, int)
 .text          0x00000000c001a983      0x513 reg/registry.32
                0x00000000c001a983                Reg::findLineFromLoadedData(char*, char*, char*)
                0x00000000c001aadb                Reg::getLineFromRegistry(char*, char*, char*, char*)
                0x00000000c001ac30                Reg::getLine(char*, char*, char*)
                0x00000000c001ac67                Reg::readInt(char*, char*, int*)
                0x00000000c001ad52                Reg::readString(char*, char*, char*, int)
                0x00000000c001add3                Reg::readBool(char*, char*, bool*)
                0x00000000c001adf8                Reg::readBoolWithDefault(char*, char*, bool)
                0x00000000c001ae24                Reg::readIntWithDefault(char*, char*, int)
                0x00000000c001ae50                Reg::readStringWithDefault(char*, char*, char*, int, char*)
 .text          0x00000000c001ae96       0x36 sys/sc_eject.32
                0x00000000c001ae96                Sys::eject(regs*)
 .text          0x00000000c001aecc       0x18 sys/sc_exit.32
                0x00000000c001aecc                Sys::exit(regs*)
 .text          0x00000000c001aee4       0x1f sys/sc_getcwd.32
                0x00000000c001aee4                Sys::getCwd(regs*)
 .text          0x00000000c001af03        0xc sys/sc_getpid.32
                0x00000000c001af03                Sys::getPID(regs*)
 .text          0x00000000c001af0f       0x17 sys/sc_getramdata.32
                0x00000000c001af0f                Sys::getRAMData(regs*)
 .text          0x00000000c001af26       0xa8 sys/sc_loaddll.32
                0x00000000c001af26                Sys::loadDLL(regs*)
 .text          0x00000000c001afce       0x68 sys/sc_read.32
                0x00000000c001afce                Sys::read(regs*)
 .text          0x00000000c001b036       0x9f sys/sc_sbrk.32
                0x00000000c001b036                Sys::sbrk(regs*)
 .text          0x00000000c001b0d5       0x1c sys/sc_setcwd.32
                0x00000000c001b0d5                Sys::setCwd(regs*)
 .text          0x00000000c001b0f1      0x128 sys/sc_settime.32
                0x00000000c001b0f1                Sys::setTime(regs*)
 .text          0x00000000c001b219       0x4a sys/sc_timezone.32
                0x00000000c001b219                Sys::timezone(regs*)
 .text          0x00000000c001b263       0x68 sys/sc_write.32
                0x00000000c001b263                Sys::write(regs*)
 .text          0x00000000c001b2cb       0x62 sys/sc_wsbe.32
                0x00000000c001b2cb                Sys::wsbe(regs*)
 .text          0x00000000c001b32d       0x3b sys/sc_yield.32
                0x00000000c001b32d                Sys::yield(regs*)
 .text          0x00000000c001b368     0x10e5 sys/syscalls.32
                0x00000000c001b368                sysCallSeekDir(regs*)
                0x00000000c001b36d                sysCallTellDir(regs*)
                0x00000000c001b372                sysCallVerify(regs*)
                0x00000000c001b37c                sysFormatDisk(regs*)
                0x00000000c001b3e6                sysSetDiskVolumeLabel(regs*)
                0x00000000c001b42c                sysGetDiskVolumeLabel(regs*)
                0x00000000c001b47d                sysShutdown(regs*)
                0x00000000c001b4db                sysCallRealpath(regs*)
                0x00000000c001b51e                sysCallGetArgc(regs*)
                0x00000000c001b54c                sysCallReadDir(regs*)
                0x00000000c001b5da                sysCallIsATTY(regs*)
                0x00000000c001b634                sysCallSeek(regs*)
                0x00000000c001b69d                sysCallTell(regs*)
                0x00000000c001b71a                sysCallSize(regs*)
                0x00000000c001b79d                sysCallSizeFromFilename(regs*)
                0x00000000c001b85d                sysCallClose(regs*)
                0x00000000c001b8e5                sysCallOpenDir(regs*)
                0x00000000c001b95a                sysCallCloseDir(regs*)
                0x00000000c001b9c0                sysCallMakeDir(regs*)
                0x00000000c001ba30                sysCallWait(regs*)
                0x00000000c001ba4a                sysCallNotImpl(regs*)
                0x00000000c001ba65                sysPanic(regs*)
                0x00000000c001ba8b                sysCallRmdir(regs*)
                0x00000000c001baef                sysCallUnlink(regs*)
                0x00000000c001bb53                sysCallGetArgv(regs*)
                0x00000000c001bb9f                sysCallTTYName(regs*)
                0x00000000c001bc22                sysCallUSleep(regs*)
                0x00000000c001bc49                sysCallSpawn(regs*)
                0x00000000c001bca1                sysCallGetEnv(regs*)
                0x00000000c001bdd9                sysAppSettings(regs*)
                0x00000000c001bef8                sysSetFatAttrib(regs*)
                0x00000000c001bf6a                sysPipe(regs*)
                0x00000000c001bfaf                sysGetUnixTime(regs*)
                0x00000000c001bfc3                string_ends_with(char const*, char const*)
                0x00000000c001c00b                sysCallOpen(regs*)
                0x00000000c001c220                Sys::loadSyscalls()
                0x00000000c001c40b                Sys::systemCall(regs*, void*)
 .text          0x00000000c001c44d     0x11d4 thr/elf.32
                0x00000000c001c44d                Thr::allocateMemoryForTask(Process*, File*, unsigned long, unsigned long, unsigned long)
                0x00000000c001c6df                Thr::loadProgramIntoMemory(Process*, char const*)
                0x00000000c001c8f5                Thr::runtimeReferenceHelper()
                0x00000000c001c908                Thr::getAddressOfKernelSymbol(char const*)
                0x00000000c001c957                Thr::loadKernelSymbolTable(char const*)
                0x00000000c001cc15                Thr::loadDriverIntoMemory(char const*, unsigned long, bool)
                0x00000000c001d331                Thr::getDriverBaseFromAddress(unsigned long)
                0x00000000c001d363                Thr::getDriverNameFromAddress(unsigned long)
                0x00000000c001d39a                Thr::getDriverOffsetFromAddress(unsigned long)
                0x00000000c001d3b4                Thr::loadDLL(char const*, bool)
                0x00000000c001d5e8                Thr::executeDLL(unsigned long, void*)
 *fill*         0x00000000c001d621        0x1 
 .text          0x00000000c001d622     0x1056 thr/prcssthr.32
                0x00000000c001d622                changeTSS
                0x00000000c001d652                Process::addArgs(char**)
                0x00000000c001d6ac                Process::Process(char const*, Process*, char**)
                0x00000000c001d6ac                Process::Process(char const*, Process*, char**)
                0x00000000c001d890                Process::Process(bool, char const*, Process*, char**)
                0x00000000c001d890                Process::Process(bool, char const*, Process*, char**)
                0x00000000c001da3f                disableIRQs()
                0x00000000c001da47                getIRQNestingLevel()
                0x00000000c001da4d                enableIRQs()
                0x00000000c001da5c                lockScheduler()
                0x00000000c001da5e                unlockScheduler()
                0x00000000c001da60                userModeEntryPoint(void*)
                0x00000000c001da83                lockStuff()
                0x00000000c001da8f                taskStartupFunction
                0x00000000c001da98                updateTimeUsed()
                0x00000000c001dafd                switchToThread(ThreadControlBlock*)
                0x00000000c001db4e                Semaphore::Semaphore(int)
                0x00000000c001db4e                Semaphore::Semaphore(int)
                0x00000000c001db7c                Mutex::Mutex()
                0x00000000c001db7c                Mutex::Mutex()
                0x00000000c001db8e                Process::createThread(void (*)(void*), void*, int)
                0x00000000c001dc72                Process::createUserThread()
                0x00000000c001dc8e                setupMultitasking(void (*)())
                0x00000000c001dd98                schedule()
                0x00000000c001de1d                unlockStuff()
                0x00000000c001de52                Semaphore::tryAcquire()
                0x00000000c001de80                Semaphore::assertLocked(char const*)
                0x00000000c001deb0                blockTaskWithSchedulerLockAlreadyHeld(TaskState)
                0x00000000c001def2                blockTask(TaskState)
                0x00000000c001df13                waitTask(int, int*, int)
                0x00000000c001df55                nanoSleepUntil(unsigned long long)
                0x00000000c001dfac                nanoSleep(unsigned long long)
                0x00000000c001dfc1                sleep(unsigned long long)
                0x00000000c001dfde                Semaphore::acquire()
                0x00000000c001e046                taskReturned
                0x00000000c001e074                unblockTask(ThreadControlBlock*)
                0x00000000c001e123                cleanupTerminatedTask(ThreadControlBlock*)
                0x00000000c001e3ec                cleanerTaskFunction(void*)
                0x00000000c001e49f                terminateTask(int)
                0x00000000c001e57f                Thr::terminateFromIRQ(int)
                0x00000000c001e58c                Semaphore::release()
 .text          0x00000000c001e678      0xc26 vm86/vm8086.32
                0x00000000c001e678                Vm::inbv(unsigned short)
                0x00000000c001e68b                Vm::outbv(unsigned short, unsigned char)
                0x00000000c001e6de                Vm::realToLinear(unsigned short, unsigned short)
                0x00000000c001e6ee                Vm::getSegment(unsigned int)
                0x00000000c001e6f6                Vm::getOffset(unsigned int)
                0x00000000c001e6fb                Vm::mainloop2()
                0x00000000c001e736                Vm::mainVm8086Loop(void*)
                0x00000000c001e743                Vm::mainloop3(unsigned long)
                0x00000000c001e76d                Vm::initialise8086()
                0x00000000c001e7b0                Vm::finish8086()
                0x00000000c001e7f5                Vm::getOutput8086(unsigned char*)
                0x00000000c001e81f                Vm::start8086(char const*, unsigned short, unsigned short, unsigned short, unsigned short)
                0x00000000c001e96f                Vm::doISR(regs*, int, unsigned char*, unsigned short, unsigned short)
                0x00000000c001e9f9                Vm::readByteFromReal(unsigned short, unsigned short)
                0x00000000c001ea0a                Vm::readWordFromReal(unsigned short, unsigned short)
                0x00000000c001ea1c                Vm::readDwordFromReal(unsigned short, unsigned short)
                0x00000000c001ea2d                Vm::writeByteFromReal(unsigned short, unsigned short, unsigned char)
                0x00000000c001ea42                Vm::writeWordFromReal(unsigned short, unsigned short, unsigned short)
                0x00000000c001ea58                Vm::writeDwordFromReal(unsigned short, unsigned short, unsigned int)
                0x00000000c001ea6d                Vm::faultHandler(regs*)
 .text          0x00000000c001f29e      0xefd vm86/x87em.32
                0x00000000c001f29e                Vm::fpuInternalTo32(unsigned long long)
                0x00000000c001f2f9                Vm::fpuInternalTo64(unsigned long long)
                0x00000000c001f302                Vm::fpu32ToInternal(unsigned int)
                0x00000000c001f347                Vm::fpu64ToInternal(unsigned long long)
                0x00000000c001f350                Vm::fpuFloatToLong(unsigned long long)
                0x00000000c001f3ab                Vm::fpuULongToFloat(unsigned long long)
                0x00000000c001f3e1                Vm::fpuLongToFloat(long long)
                0x00000000c001f437                Vm::fpuGet0()
                0x00000000c001f43c                Vm::fpuGet1()
                0x00000000c001f444                Vm::fpuGetPi()
                0x00000000c001f44c                Vm::fpuGetLog2E()
                0x00000000c001f464                Vm::fpuGetLogE2()
                0x00000000c001f47c                Vm::fpuGetLog210()
                0x00000000c001f494                Vm::fpuGetLog102()
                0x00000000c001f4ac                Vm::fpuIsSecondLarger(unsigned long long, unsigned long long)
                0x00000000c001f4c0                Vm::fpuAreEqual(unsigned long long, unsigned long long)
                0x00000000c001f4d6                Vm::fpuUnorderedCompare(unsigned long long, unsigned long long)
                0x00000000c001f529                Vm::fpuAdd(unsigned long long, unsigned long long)
                0x00000000c001f53a                Vm::fpuAbs(unsigned long long)
                0x00000000c001f543                Vm::fpuChs(unsigned long long)
                0x00000000c001f553                Vm::fpuSub(unsigned long long, unsigned long long)
                0x00000000c001f562                Vm::fpuMultiply(unsigned long long, unsigned long long)
                0x00000000c001f581                Vm::fpuDivide(unsigned long long, unsigned long long)
                0x00000000c001f59d                Vm::fpuSquare(unsigned long long)
                0x00000000c001f5b3                Vm::fpuGetReg(int)
                0x00000000c001f5f6                Vm::fpuSetReg(int, unsigned long long)
                0x00000000c001f641                Vm::fpuPush(unsigned long long)
                0x00000000c001f69e                Vm::fpuPop()
                0x00000000c001f6f0                Vm::x87Handler(regs*)
 *fill*         0x00000000c002019b        0x1 
 .text          0x00000000c002019c     0x10ed fs/fat/vfslink.32
                0x00000000c002019c                FAT::getName()
                0x00000000c00201a2                FAT::tell(void*, unsigned long long*)
                0x00000000c00201d6                FAT::stat(void*, unsigned long long*)
                0x00000000c002020a                FAT::~FAT()
                0x00000000c002020a                FAT::~FAT()
                0x00000000c002022e                FAT::~FAT()
                0x00000000c0020256                FAT::getlabel(LogicalDisk*, int, char*, unsigned int*)
                0x00000000c00202f4                FAT::setlabel(LogicalDisk*, int, char*)
                0x00000000c00203ae                FAT::format(LogicalDisk*, int, char const*, int)
                0x00000000c0020592                FAT::tryMount(LogicalDisk*, int)
                0x00000000c0020798                FAT::readDir(void*, unsigned long, void*, int*)
                0x00000000c002089e                FAT::read(void*, unsigned long, void*, int*)
                0x00000000c00208f8                FAT::write(void*, unsigned long, void*, int*)
                0x00000000c0020952                FAT::close(void*)
                0x00000000c002099e                FAT::closeDir(void*)
                0x00000000c00209ea                FAT::seek(void*, unsigned long long)
                0x00000000c0020a3e                fatWrapperReadDisk
                0x00000000c0020a85                fatWrapperWriteDisk
                0x00000000c0020acc                fatWrapperIoctl
                0x00000000c0020bd0                FAT::FAT()
                0x00000000c0020bd0                FAT::FAT()
                0x00000000c0020c22                FAT::fixFilepath(char*)
                0x00000000c0020c5a                FAT::open(char const*, void**, FileOpenMode)
                0x00000000c0020d82                FAT::openDir(char const*, void**)
                0x00000000c0020e28                FAT::stat(char const*, unsigned long long*, bool*)
                0x00000000c0020f12                FAT::unlink(char const*)
                0x00000000c0020f8c                FAT::chfatattr(char const*, unsigned char, unsigned char)
                0x00000000c00210e0                FAT::rename(char const*, char const*)
                0x00000000c00211a4                FAT::mkdir(char const*)
                0x00000000c002121e                FAT::exists(char const*)
 *fill*         0x00000000c0021289        0x1 
 .text          0x00000000c002128a      0xbc1 fs/iso9660/vfslink.32
                0x00000000c002128a                ISO9660::format(LogicalDisk*, int, char const*, int)
                0x00000000c0021290                ISO9660::seek(void*, unsigned long long)
                0x00000000c00212c0                ISO9660::tell(void*, unsigned long long*)
                0x00000000c00212e4                ISO9660::getName()
                0x00000000c00212ea                ISO9660::stat(void*, unsigned long long*)
                0x00000000c002130e                ISO9660::chfatattr(char const*, unsigned char, unsigned char)
                0x00000000c0021314                ISO9660::unlink(char const*)
                0x00000000c002131a                ISO9660::write(void*, unsigned long, void*, int*)
                0x00000000c0021320                ISO9660::rename(char const*, char const*)
                0x00000000c0021326                ISO9660::mkdir(char const*)
                0x00000000c002132c                ISO9660::close(void*)
                0x00000000c002134e                ISO9660::closeDir(void*)
                0x00000000c0021370                ISO9660::~ISO9660()
                0x00000000c0021370                ISO9660::~ISO9660()
                0x00000000c0021394                ISO9660::~ISO9660()
                0x00000000c00213bb                __memmem(unsigned char*, int, unsigned char*, int)
                0x00000000c00213fd                readSectorFromCDROM(unsigned int, unsigned char*, char)
                0x00000000c0021464                ISO9660::tryMount(LogicalDisk*, int)
                0x00000000c00214b4                ISO9660::read(void*, unsigned long, void*, int*)
                0x00000000c00216b4                ISO9660::readDir(void*, unsigned long, void*, int*)
                0x00000000c0021941                readRoot(unsigned int*, unsigned int*, char)
                0x00000000c0021996                readRecursively(char*, unsigned int, unsigned int, unsigned int*, unsigned int*, char, int*)
                0x00000000c0021b69                getFileData(char*, unsigned int*, unsigned int*, char, int*)
                0x00000000c0021bf8                ISO9660::open(char const*, void**, FileOpenMode)
                0x00000000c0021cb8                ISO9660::exists(char const*)
                0x00000000c0021cdc                ISO9660::stat(char const*, unsigned long long*, bool*)
                0x00000000c0021d70                ISO9660::openDir(char const*, void**)
                0x00000000c0021e28                ISO9660::ISO9660()
                0x00000000c0021e28                ISO9660::ISO9660()
 *fill*         0x00000000c0021e4b        0x1 
 .text          0x00000000c0021e4c      0x326 hal/sound/sndchannel.32
                0x00000000c0021e4c                SoundChannel::~SoundChannel()
                0x00000000c0021e4c                SoundChannel::~SoundChannel()
                0x00000000c0021e68                SoundChannel::setSpeed(float)
                0x00000000c0021e74                SoundChannel::getSpeed()
                0x00000000c0021e7c                SoundChannel::setVolume(int)
                0x00000000c0021e98                SoundChannel::getVolume()
                0x00000000c0021ea0                SoundChannel::pause()
                0x00000000c0021eaa                SoundChannel::SoundChannel(int, int, int, int)
                0x00000000c0021eaa                SoundChannel::SoundChannel(int, int, int, int)
                0x00000000c0022000                SoundChannel::play()
                0x00000000c002200a                SoundChannel::paused()
                0x00000000c0022012                SoundChannel::getSampleRate()
                0x00000000c002201a                SoundChannel::getBits()
                0x00000000c0022022                SoundChannel::getBufferUsed()
                0x00000000c002202a                SoundChannel::getBufferSize()
                0x00000000c0022032                SoundChannel::unbuffer(float*, int, int)
                0x00000000c00220d2                SoundChannel::buffer8(unsigned char*, int)
 .text          0x00000000c0022172      0x3d5 hal/sound/sndhw.32
                0x00000000c0022172                SoundDevice::SoundDevice(char const*)
                0x00000000c0022172                SoundDevice::SoundDevice(char const*)
                0x00000000c00221de                SoundDevice::~SoundDevice()
                0x00000000c00221de                SoundDevice::~SoundDevice()
                0x00000000c0022258                SoundDevice::~SoundDevice()
                0x00000000c0022282                SoundDevice::getFreeChannelNum()
                0x00000000c002229c                SoundDevice::addChannel(SoundChannel*)
                0x00000000c002230c                SoundDevice::removeChannel(int)
                0x00000000c002233e                SoundDevice::floatTo8(float*, unsigned char*, int)
                0x00000000c0022426                SoundDevice::getAudio(int, float*, float*)
 .text          0x00000000c0022547        0x0 hw/bus/isa.32
 *fill*         0x00000000c0022547        0x1 
 .text          0x00000000c0022548      0x6c3 hw/bus/pci.32
                0x00000000c0022548                PCI::open(int, int, void*)
                0x00000000c002255c                PCI::close(int, int, void*)
                0x00000000c0022560                PCI::PCI()
                0x00000000c0022560                PCI::PCI()
                0x00000000c00225e0                PCI::pciReadWord(unsigned char, unsigned char, unsigned char, unsigned char)
                0x00000000c0022628                PCI::getVendorID(unsigned char, unsigned char, unsigned char)
                0x00000000c002264a                PCI::getHeaderType(unsigned char, unsigned char, unsigned char)
                0x00000000c002266e                PCI::getClassCode(unsigned char, unsigned char, unsigned char)
                0x00000000c00226b2                PCI::getProgIF(unsigned char, unsigned char, unsigned char)
                0x00000000c00226d6                PCI::getRevisionID(unsigned char, unsigned char, unsigned char)
                0x00000000c00226f8                PCI::getInterruptNumber(unsigned char, unsigned char, unsigned char)
                0x00000000c002271a                PCI::getSecondaryBus(unsigned char, unsigned char, unsigned char)
                0x00000000c002273e                PCI::getBARAddress(unsigned char, unsigned char, unsigned char, unsigned char)
                0x00000000c002279e                PCI::pciWriteWord(unsigned char, unsigned char, unsigned char, unsigned char, unsigned short)
                0x00000000c002280a                PCI::checkBus(unsigned char)
                0x00000000c002282e                PCI::foundDevice(PCIDeviceInfo)
                0x00000000c00229a0                PCI::getDeviceData(unsigned char, unsigned char, unsigned char)
                0x00000000c0022b4c                PCI::checkDevice(unsigned char, unsigned char)
                0x00000000c0022bb8                PCI::detect()
 *fill*         0x00000000c0022c0b        0x1 
 .text          0x00000000c0022c0c      0xc70 hw/diskctrl/ide.32
                0x00000000c0022c0c                IDE::close(int, int, void*)
                0x00000000c0022c10                IDE::IDE()
                0x00000000c0022c10                IDE::IDE()
                0x00000000c0022c44                IDE::prepareInterrupt(unsigned char)
                0x00000000c0022c56                selectDrive(unsigned char, unsigned char)
                0x00000000c0022c58                IDE::getBase(unsigned char)
                0x00000000c0022c6a                IDE::write(unsigned char, unsigned char, unsigned char)
                0x00000000c0022d2a                IDE::read(unsigned char, unsigned char)
                0x00000000c0022dd8                IDE::waitInterrupt(unsigned char)
                0x00000000c0022e3e                ideChannel0IRQHandler(regs*, void*)
                0x00000000c0022e5a                ideChannel1IRQHandler(regs*, void*)
                0x00000000c0022e76                IDE::enableIRQs(unsigned char, bool)
                0x00000000c0022ebc                IDE::open(int, int, void*)
                0x00000000c00232cc                IDE::readBuffer(unsigned char, unsigned char, unsigned int, unsigned int)
                0x00000000c0023398                IDE::detect()
                0x00000000c0023680                IDE::printError(unsigned char, unsigned char, unsigned char)
                0x00000000c0023816                IDE::polling(unsigned char, unsigned int)
 .text          0x00000000c002387c      0x390 hw/diskctrl/satabus.32
                0x00000000c002387c                SATABus::close(int, int, void*)
                0x00000000c0023880                SATABus::detect()
                0x00000000c0023882                SATABus::SATABus()
                0x00000000c0023882                SATABus::SATABus()
                0x00000000c002392e                SATABus::findCmdslot(SATABus::tagHBA_PORT volatile*)
                0x00000000c0023976                SATABus::checkType(SATABus::tagHBA_PORT volatile*)
                0x00000000c00239be                SATABus::startCmd(SATABus::tagHBA_PORT volatile*)
                0x00000000c00239de                SATABus::stopCmd(SATABus::tagHBA_PORT volatile*)
                0x00000000c0023a08                SATABus::portRebase(SATABus::tagHBA_PORT volatile*, int)
                0x00000000c0023b0e                SATABus::probePort(SATABus::tagHBA_MEM volatile*)
                0x00000000c0023bec                SATABus::open(int, int, void*)
 .text          0x00000000c0023c0c      0x63c hw/diskphys/ata.32
                0x00000000c0023c0c                ATA::close(int, int, void*)
                0x00000000c0023c30                ATA::powerSaving(PowerSavingLevel)
                0x00000000c0023c32                ATA::ATA()
                0x00000000c0023c32                ATA::ATA()
                0x00000000c0023c60                ATA::flush(bool)
                0x00000000c0023caa                ATA::readyForCommand()
                0x00000000c0023cfa                ATA::access(unsigned long long, int, void*, bool)
                0x00000000c0024082                ATA::read(unsigned long long, int, void*)
                0x00000000c00240ea                ATA::write(unsigned long long, int, void*)
                0x00000000c0024152                ATA::detectCHS()
                0x00000000c002417c                ATA::open(int, int, void*)
 .text          0x00000000c0024248      0x5bd hw/diskphys/atapi.32
                0x00000000c0024248                ATAPI::write(unsigned long long, int, void*)
                0x00000000c002424e                ATAPI::close(int, int, void*)
                0x00000000c0024272                ATAPI::ATAPI()
                0x00000000c0024272                ATAPI::ATAPI()
                0x00000000c00242a0                ATAPI::readyForCommand()
                0x00000000c00242f0                ATAPI::sendPacket(unsigned char*, int, bool, unsigned short*, int)
                0x00000000c00245b0                ATAPI::diskRemoved()
                0x00000000c00245cc                ATAPI::eject()
                0x00000000c0024614                ATAPI::diskInserted()
                0x00000000c0024642                ATAPI::detectMedia()
                0x00000000c00246fe                ATAPI::open(int, int, void*)
                0x00000000c0024786                ATAPI::read(unsigned long long, int, void*)
 *fill*         0x00000000c0024805        0x1 
 .text          0x00000000c0024806      0x455 hw/diskphys/sata.32
                0x00000000c0024806                SATA::close(int, int, void*)
                0x00000000c002482a                SATA::powerSaving(PowerSavingLevel)
                0x00000000c002482c                SATA::open(int, int, void*)
                0x00000000c00248da                SATA::SATA()
                0x00000000c00248da                SATA::SATA()
                0x00000000c0024908                SATA::access(unsigned long long, int, void*, bool)
                0x00000000c0024b6e                SATA::read(unsigned long long, int, void*)
                0x00000000c0024bd6                SATA::write(unsigned long long, int, void*)
 *fill*         0x00000000c0024c5b        0x1 
 .text          0x00000000c0024c5c      0x500 hw/diskphys/satapi.32
                0x00000000c0024c5c                SATAPI::write(unsigned long long, int, void*)
                0x00000000c0024c62                SATAPI::close(int, int, void*)
                0x00000000c0024c86                SATAPI::SATAPI()
                0x00000000c0024c86                SATAPI::SATAPI()
                0x00000000c0024cb4                SATAPI::diskRemoved()
                0x00000000c0024cd0                SATAPI::diskInserted()
                0x00000000c0024cfe                SATAPI::sendPacket(unsigned char*, int, unsigned long long, unsigned short*, int)
                0x00000000c0024f02                SATAPI::eject()
                0x00000000c0024f4a                SATAPI::detectMedia()
                0x00000000c002500c                SATAPI::open(int, int, void*)
                0x00000000c00250ba                SATAPI::read(unsigned long long, int, void*)
 .text          0x00000000c002515c       0x8e hw/fpu/avx.32
                0x00000000c002515c                AVX::open(int, int, void*)
                0x00000000c002516e                AVX::close(int, int, void*)
                0x00000000c0025180                AVX::available()
                0x00000000c0025192                AVX::save(void*)
                0x00000000c00251aa                AVX::load(void*)
                0x00000000c00251c2                AVX::AVX()
                0x00000000c00251c2                AVX::AVX()
 .text          0x00000000c00251ea       0x90 hw/fpu/mmx.32
                0x00000000c00251ea                MMX::available()
                0x00000000c00251fe                MMX::open(int, int, void*)
                0x00000000c0025210                MMX::close(int, int, void*)
                0x00000000c0025222                MMX::save(void*)
                0x00000000c002523a                MMX::load(void*)
                0x00000000c0025252                MMX::MMX()
                0x00000000c0025252                MMX::MMX()
 .text          0x00000000c002527a       0x96 hw/fpu/sse.32
                0x00000000c002527a                SSE::open(int, int, void*)
                0x00000000c002528c                SSE::close(int, int, void*)
                0x00000000c002529e                SSE::available()
                0x00000000c00252b8                SSE::save(void*)
                0x00000000c00252d0                SSE::load(void*)
                0x00000000c00252e8                SSE::SSE()
                0x00000000c00252e8                SSE::SSE()
 .text          0x00000000c0025310       0x8e hw/fpu/x87.32
                0x00000000c0025310                x87::open(int, int, void*)
                0x00000000c0025322                x87::close(int, int, void*)
                0x00000000c0025334                x87::available()
                0x00000000c0025346                x87::save(void*)
                0x00000000c002535e                x87::load(void*)
                0x00000000c0025376                x87::x87()
                0x00000000c0025376                x87::x87()
 .text          0x00000000c002539e      0x71e hw/intctrl/apic.32
                0x00000000c002539e                APIC::disable()
                0x00000000c00253a0                APIC::close(int, int, void*)
                0x00000000c00253c2                IOAPIC::close(int, int, void*)
                0x00000000c00253c8                APIC::io_wait()
                0x00000000c00253ce                APIC::getBase()
                0x00000000c0025410                APIC::eoi(unsigned char)
                0x00000000c002543e                APIC::open(int, int, void*)
                0x00000000c002558c                IOAPIC::IOAPIC()
                0x00000000c002558c                IOAPIC::IOAPIC()
                0x00000000c00255b4                APIC::APIC()
                0x00000000c00255b4                APIC::APIC()
                0x00000000c0025690                IOAPIC::handlesGSIWithNumber(unsigned int)
                0x00000000c00256c2                IOAPIC::read(int)
                0x00000000c00256ea                IOAPIC::open(int, int, void*)
                0x00000000c00257e0                IOAPIC::write(int, int)
                0x00000000c002580c                IOAPIC::redirect(unsigned char, unsigned long long, unsigned char, bool, bool)
                0x00000000c0025906                APIC::installIRQHandler(int, void (*)(regs*, void*), bool, void*)
 .text          0x00000000c0025abc      0x3d3 hw/intctrl/pic.32
                0x00000000c0025abc                PIC::disable()
                0x00000000c0025aea                PIC::close(int, int, void*)
                0x00000000c0025b0c                PIC::PIC()
                0x00000000c0025b0c                PIC::PIC()
                0x00000000c0025be2                PIC::ioWait()
                0x00000000c0025be8                PIC::getIRQReg(int)
                0x00000000c0025c52                PIC::eoi(unsigned char)
                0x00000000c0025ce4                PIC::remap()
                0x00000000c0025e50                PIC::open(int, int, void*)
 *fill*         0x00000000c0025e8f        0x1 
 .text          0x00000000c0025e90      0x25e hw/timer/apictimer.32
                0x00000000c0025e90                APICTimer::close(int, int, void*)
                0x00000000c0025e96                apicTimerHandler(regs*, void*)
                0x00000000c0025ec4                APICTimer::write(int)
                0x00000000c0025fc8                APICTimer::open(int, int, void*)
                0x00000000c00260c6                APICTimer::APICTimer()
                0x00000000c00260c6                APICTimer::APICTimer()
 .text          0x00000000c00260ee      0x1a7 hw/timer/pit.32
                0x00000000c00260ee                PIT::write(int)
                0x00000000c002616c                pitHandler(regs*, void*)
                0x00000000c0026198                PIT::open(int, int, void*)
                0x00000000c00261e6                PIT::close(int, int, void*)
                0x00000000c0026216                PIT::PIT()
                0x00000000c0026216                PIT::PIT()
 *fill*         0x00000000c0026295        0xb 
 .text          0x00000000c00262a0       0x1e hw/fpu/x86/avx.32
                0x00000000c00262a0                avxDetect
                0x00000000c00262a6                avxSave
                0x00000000c00262a7                avxLoad
                0x00000000c00262a8                avxInit
                0x00000000c00262a9                avxClose
                0x00000000c00262aa                wouldSheSayYes
 *fill*         0x00000000c00262be        0x2 
 .text          0x00000000c00262c0       0x35 hw/fpu/x86/sse.32
                0x00000000c00262c0                absolutelyNoChanceInHell
                0x00000000c00262c0                sseDetect
                0x00000000c00262d8                sseSave
                0x00000000c00262de                sseLoad
                0x00000000c00262e4                sseInit
                0x00000000c00262f4                sseClose
 *fill*         0x00000000c00262f5        0xb 
 .text          0x00000000c0026300       0x47 hw/fpu/x86/x87.32
                0x00000000c0026306                x87Detect
                0x00000000c0026321                x87Save
                0x00000000c0026327                x87Load
                0x00000000c002632c                x87Init
                0x00000000c0026346                x87Close
 *fill*         0x00000000c0026347        0x1 
 .text          0x00000000c0026348       0x25 /cygdrive/d/Users/Alex/Desktop/Toolchain/Output/bin/../lib/gcc/i386-banana/8.1.0/crtend.o
 .text          0x00000000c002636d        0x0 crtn.32
 *fill*         0x00000000c002636d        0x3 
 .text          0x00000000c0026370      0x14b /cygdrive/d/Users/Alex/Desktop/Toolchain/Output/bin/../lib/gcc/i386-banana/8.1.0/libkgcc.a(_divdi3.o)
                0x00000000c0026370                __divdi3
 *fill*         0x00000000c00264bb        0x1 
 .text          0x00000000c00264bc      0x17e /cygdrive/d/Users/Alex/Desktop/Toolchain/Output/bin/../lib/gcc/i386-banana/8.1.0/libkgcc.a(_moddi3.o)
                0x00000000c00264bc                __moddi3
 *fill*         0x00000000c002663a        0x2 
 .text          0x00000000c002663c       0xff /cygdrive/d/Users/Alex/Desktop/Toolchain/Output/bin/../lib/gcc/i386-banana/8.1.0/libkgcc.a(_udivdi3.o)
                0x00000000c002663c                __udivdi3
 *fill*         0x00000000c002673b        0x1 
 .text          0x00000000c002673c      0x11a /cygdrive/d/Users/Alex/Desktop/Toolchain/Output/bin/../lib/gcc/i386-banana/8.1.0/libkgcc.a(_umoddi3.o)
                0x00000000c002673c                __umoddi3
 .text          0x00000000c0026856      0x96d D:/Users/Alex/Desktop/Banana/kernel/libsoftfp.a(sfieeelib.o)
                0x00000000c0026856                __addsf3
                0x00000000c0026b58                __subsf3
                0x00000000c0026b6c                __negsf2
                0x00000000c0026b79                __mulsf3
                0x00000000c0026d3c                __divsf3
                0x00000000c0026f67                __floatsisf
                0x00000000c0026fdb                __floatunsisf
                0x00000000c002701d                __fixsfsi
                0x00000000c002707f                __fixunssfsi
                0x00000000c00270b0                __cmpsf2
                0x00000000c0027145                __eqsf2
                0x00000000c0027180                __nesf2
                0x00000000c0027182                __gtsf2
                0x00000000c00271bd                __gesf2
                0x00000000c00271bf                __ltsf2
                0x00000000c00271c1                __lesf2
 .text          0x00000000c00271c3      0xf50 D:/Users/Alex/Desktop/Banana/kernel/libsoftfp.a(dfieeelib.o)
                0x00000000c00271c3                __adddf3