Archive member included to satisfy reference by file (symbol)

/cygdrive/d/Users/Alex/Desktop/Toolchain/Output/bin/../lib/gcc/i386-banana/8.1.0/libkgcc.a(_divdi3.o)
                              fs/fat/ff.32 (__divdi3)
/cygdrive/d/Users/Alex/Desktop/Toolchain/Output/bin/../lib/gcc/i386-banana/8.1.0/libkgcc.a(_moddi3.o)
                              compat/resolve.32 (__moddi3)
/cygdrive/d/Users/Alex/Desktop/Toolchain/Output/bin/../lib/gcc/i386-banana/8.1.0/libkgcc.a(_udivdi3.o)
                              fs/fat/ff.32 (__udivdi3)
/cygdrive/d/Users/Alex/Desktop/Toolchain/Output/bin/../lib/gcc/i386-banana/8.1.0/libkgcc.a(_umoddi3.o)
                              compat/resolve.32 (__umoddi3)
D:/Users/Alex/Desktop/Banana/kernel/libsoftfp.a(sfieeelib.o)
                              hal/sound/sndhw.32 (__addsf3)
D:/Users/Alex/Desktop/Banana/kernel/libsoftfp.a(dfieeelib.o)
                              hal/libresample/src_linear.32 (__adddf3)
D:/Users/Alex/Desktop/Banana/kernel/libsoftfp.a(sfdfcvt.o)
                              hal/libresample/samplerate.32 (__truncdfsf2)
D:/Users/Alex/Desktop/Banana/kernel/libk/libm32.a(s_fabs.c.o)
                              hal/libresample/samplerate.32 (fabs)
D:/Users/Alex/Desktop/Banana/kernel/libk/libm32.a(s_lrint.S.o)
                              hal/libresample/samplerate.32 (lrint)
D:/Users/Alex/Desktop/Banana/kernel/libk/libm32.a(s_lrintf.S.o)
                              hal/sound/sndhw.32 (lrintf)

Discarded input sections

 .comment       0x0000000000000000       0x12 /cygdrive/d/Users/Alex/Desktop/Toolchain/Output/bin/../lib/gcc/i386-banana/8.1.0/crtbegin.o
 .comment       0x0000000000000000       0x12 acpica/utclib.32
 .comment       0x0000000000000000       0x12 core/malloc.32
 .comment       0x0000000000000000       0x12 libk/string.32
 .comment       0x0000000000000000       0x12 fs/fat/diskio.32
 .comment       0x0000000000000000       0x12 fs/fat/ff.32
 .comment       0x0000000000000000       0x12 fs/fat/ffsystem.32
 .comment       0x0000000000000000       0x12 fs/fat/ffunicode.32
 .comment       0x0000000000000000       0x12 hal/libresample/samplerate.32
 .comment       0x0000000000000000       0x12 hal/libresample/src_linear.32
 .comment       0x0000000000000000       0x12 hal/libresample/src_sinc.32
 .comment       0x0000000000000000       0x12 hal/libresample/src_zoh.32
 .comment       0x0000000000000000       0x12 compat/inlines.32
 .comment       0x0000000000000000       0x12 compat/resolve.32
 .group         0x0000000000000000       0x14 core/computer.32
 .group         0x0000000000000000        0xc core/computer.32
 .comment       0x0000000000000000       0x12 core/computer.32
 .comment       0x0000000000000000       0x12 core/gdt.32
 .group         0x0000000000000000        0xc core/idle.32
 .comment       0x0000000000000000       0x12 core/idle.32
 .comment       0x0000000000000000       0x12 core/idt.32
 .comment       0x0000000000000000       0x12 core/kheap.32
 .comment       0x0000000000000000       0x12 core/main.32
 .comment       0x0000000000000000       0x12 core/physmgr.32
 .group         0x0000000000000000        0xc core/pipe.32
 .comment       0x0000000000000000       0x12 core/pipe.32
 .group         0x0000000000000000        0xc core/terminal.32
 .comment       0x0000000000000000       0x12 core/terminal.32
 .comment       0x0000000000000000       0x12 core/tss.32
 .group         0x0000000000000000        0x8 core/unixfile.32
 .group         0x0000000000000000        0xc core/unixfile.32
 .group         0x0000000000000000        0xc core/unixfile.32
 .group         0x0000000000000000        0x8 core/unixfile.32
 .group         0x0000000000000000        0xc core/unixfile.32
 .group         0x0000000000000000        0x8 core/unixfile.32
 .group         0x0000000000000000        0xc core/unixfile.32
 .group         0x0000000000000000        0xc core/unixfile.32
 .comment       0x0000000000000000       0x12 core/unixfile.32
 .comment       0x0000000000000000       0x12 core/virtmgr.32
 .comment       0x0000000000000000       0x12 coreobjs/c++.32
 .comment       0x0000000000000000       0x12 dbg/kconsole.32
 .group         0x0000000000000000        0xc fs/vfs.32
 .group         0x0000000000000000        0xc fs/vfs.32
 .group         0x0000000000000000        0xc fs/vfs.32
 .comment       0x0000000000000000       0x12 fs/vfs.32
 .group         0x0000000000000000        0xc hal/bus.32
 .comment       0x0000000000000000       0x12 hal/bus.32
 .group         0x0000000000000000        0xc hal/buzzer.32
 .comment       0x0000000000000000       0x12 hal/buzzer.32
 .group         0x0000000000000000        0xc hal/clock.32
 .comment       0x0000000000000000       0x12 hal/clock.32
 .group         0x0000000000000000       0x14 hal/device.32
 .group         0x0000000000000000        0xc hal/device.32
 .group         0x0000000000000000        0xc hal/device.32
 .group         0x0000000000000000        0xc hal/device.32
[...]
Memory Configuration

Name             Origin             Length             Attributes
*default*        0x0000000000000000 0xffffffffffffffff

Linker script and memory map

LOAD D:/Users/Alex/Desktop/Banana/kernel/boot.32
LOAD crti.32
LOAD /cygdrive/d/Users/Alex/Desktop/Toolchain/Output/bin/../lib/gcc/i386-banana/8.1.0/crtbegin.o
LOAD D:/Users/Alex/Desktop/Banana/kernel/morenasm.32
LOAD acpica/utclib.32
LOAD core/malloc.32
LOAD libk/string.32
LOAD fs/fat/diskio.32
LOAD fs/fat/ff.32
LOAD fs/fat/ffsystem.32
LOAD fs/fat/ffunicode.32
LOAD hal/libresample/samplerate.32
LOAD hal/libresample/src_linear.32
LOAD hal/libresample/src_sinc.32
LOAD hal/libresample/src_zoh.32
LOAD compat/inlines.32
LOAD compat/resolve.32
LOAD core/computer.32
LOAD core/gdt.32
LOAD core/idle.32
LOAD core/idt.32
LOAD core/kheap.32
LOAD core/main.32
LOAD core/physmgr.32
LOAD core/pipe.32
LOAD core/terminal.32
LOAD core/tss.32
LOAD core/unixfile.32
LOAD core/virtmgr.32
LOAD coreobjs/c++.32
LOAD dbg/kconsole.32
LOAD fs/vfs.32
LOAD hal/bus.32
LOAD hal/buzzer.32
LOAD hal/clock.32
LOAD hal/device.32
LOAD hal/diskctrl.32
LOAD hal/diskphys.32
LOAD hal/fpu.32
LOAD hal/intctrl.32
LOAD hal/keybrd.32
LOAD hal/logidisk.32
LOAD hal/mouse.32
LOAD hal/partition.32
LOAD hal/serial.32
LOAD hal/timer.32
LOAD hal/vcache.32
LOAD hal/video.32
LOAD hw/acpi.32
LOAD hw/cpu.32
LOAD hw/ports.32
LOAD hw/smp.32
LOAD krnl/env.32
LOAD krnl/panic.32
LOAD net/ethernet.32
LOAD reg/registry.32
LOAD sys/sc_eject.32
LOAD sys/sc_exit.32
LOAD sys/sc_getcwd.32
LOAD sys/sc_getpid.32
LOAD sys/sc_getramdata.32
LOAD sys/sc_loaddll.32
LOAD sys/sc_read.32
LOAD sys/sc_sbrk.32
LOAD sys/sc_setcwd.32
LOAD sys/sc_settime.32
LOAD sys/sc_timezone.32
LOAD sys/sc_write.32
LOAD sys/sc_wsbe.32
LOAD sys/sc_yield.32
LOAD sys/syscalls.32
LOAD thr/elf.32
LOAD thr/prcssthr.32
LOAD vm86/vm8086.32
LOAD vm86/x87em.32
LOAD fs/fat/vfslink.32
LOAD fs/iso9660/vfslink.32
LOAD hal/sound/sndchannel.32
LOAD hal/sound/sndhw.32
LOAD hw/bus/isa.32
LOAD hw/bus/pci.32
LOAD hw/diskctrl/ide.32
LOAD hw/diskctrl/satabus.32
LOAD hw/diskphys/ata.32
LOAD hw/diskphys/atapi.32
LOAD hw/diskphys/sata.32
LOAD hw/diskphys/satapi.32
LOAD hw/fpu/avx.32
LOAD hw/fpu/mmx.32
LOAD hw/fpu/sse.32
LOAD hw/fpu/x87.32
LOAD hw/intctrl/apic.32
LOAD hw/intctrl/pic.32
LOAD hw/timer/apictimer.32
LOAD hw/timer/pit.32
LOAD hw/fpu/x86/avx.32
LOAD hw/fpu/x86/sse.32
LOAD hw/fpu/x86/x87.32
LOAD /cygdrive/d/Users/Alex/Desktop/Toolchain/Output/bin/../lib/gcc/i386-banana/8.1.0/crtend.o
LOAD crtn.32
LOAD /cygdrive/d/Users/Alex/Desktop/Toolchain/Output/bin/../lib/gcc/i386-banana/8.1.0/libkgcc.a
LOAD D:/Users/Alex/Desktop/Banana/kernel/libsoftfp.a
LOAD D:/Users/Alex/Desktop/Banana/kernel/libk/libm32.a
                0x00000000c0000000                . = 0xc0000000

.text           0x00000000c0000000    0x28758
 *(.text)
 .text          0x00000000c0000000       0x41 D:/Users/Alex/Desktop/Banana/kernel/boot.32
                0x00000000c0000020                callGlobalConstructors
 .text          0x00000000c0000041        0x0 crti.32
 *fill*         0x00000000c0000041        0x3 
 .text          0x00000000c0000044      0x101 /cygdrive/d/Users/Alex/Desktop/Toolchain/Output/bin/../lib/gcc/i386-banana/8.1.0/crtbegin.o
 *fill*         0x00000000c0000145        0xb 
 .text          0x00000000c0000150      0x4ed D:/Users/Alex/Desktop/Banana/kernel/morenasm.32
                0x00000000c0000150                manualPCIProbe
                0x00000000c000019b                prepareTramp
                0x00000000c00001b4                voodooXADD
                0x00000000c000027f                doTPAUSE
                0x00000000c0000289                hasLegacyFPU
                0x00000000c00002ae                is486
                0x00000000c00002e4                detectCPUID
                0x00000000c00002fa                goToVM86
                0x00000000c000032a                goToUsermode
                0x00000000c0000354                switchToThreadASMFirstTime
                0x00000000c0000362                switchToThreadASM
                0x00000000c00003ea                asmQuickAcquireLock
                0x00000000c0000408                asmQuickReleaseLock
                0x00000000c0000414                asmAcquireLock
                0x00000000c0000435                asmReleaseLock
                0x00000000c0000448                loadGDT
                0x00000000c0000468                isr0
                0x00000000c0000478                isr1
                0x00000000c0000482                isr2
                0x00000000c000048c                isr3
                0x00000000c0000496                isr4
                0x00000000c00004a0                isr5
                0x00000000c00004aa                isr6
                0x00000000c00004b4                isr7
                0x00000000c00004be                isr8
                0x00000000c00004c6                isr9
                0x00000000c00004d0                isr10
                0x00000000c00004d8                isr11
                0x00000000c00004e0                isr12
                0x00000000c00004e8                isr13
                0x00000000c00004f0                isr14
                0x00000000c00004f8                isr15
                0x00000000c0000502                isr16
                0x00000000c000050c                isr17
                0x00000000c0000516                isr18
                0x00000000c0000520                irq3
                0x00000000c000052a                irq4
                0x00000000c0000534                irq5
                0x00000000c000053e                irq6
                0x00000000c0000548                irq7
                0x00000000c0000552                irq8
                0x00000000c000055c                irq9
                0x00000000c0000566                irq10
                0x00000000c0000570                irq11
                0x00000000c000057a                irq12
                0x00000000c0000584                irq13
                0x00000000c000058e                irq14
                0x00000000c0000598                irq15
                0x00000000c00005a2                irq1
                0x00000000c00005a9                irq2
                0x00000000c00005b0                isr96
                0x00000000c00005b7                irq0
                0x00000000c00005bc                int_common_stub
                0x00000000c00005bc                syscall_common_stub
                0x00000000c00005ed                irq16
                0x00000000c00005f7                irq17
                0x00000000c0000601                irq18
                0x00000000c000060b                irq19
                0x00000000c0000615                irq20
                0x00000000c000061f                irq21
                0x00000000c0000629                irq22
                0x00000000c0000633                irq23
 *fill*         0x00000000c000063d        0x3 
 .text          0x00000000c0000640      0x611 acpica/utclib.32
                0x00000000c0000640                memcmp
                0x00000000c000067c                memmove
                0x00000000c0000744                memcpy
                0x00000000c0000778                memset
                0x00000000c0000794                strlen
                0x00000000c00007ac                strpbrk
                0x00000000c00007e8                strtok
                0x00000000c0000834                strcpy
                0x00000000c0000858                strncpy
                0x00000000c00008c0                strcmp
                0x00000000c0000900                strchr
                0x00000000c0000924                strncmp
                0x00000000c0000974                strcat
                0x00000000c00009a4                strncat
                0x00000000c00009e0                strstr
                0x00000000c0000a28                toupper
                0x00000000c0000a3c                tolower
                0x00000000c0000a50                simple_strtoul
 .text          0x00000000c0000c51      0xfbf core/malloc.32
                0x00000000c0000dbc                dlfree
                0x00000000c0001117                dlmalloc
                0x00000000c0001654                dlrealloc
                0x00000000c0001809                dlmemalign
                0x00000000c000192c                dlcalloc
                0x00000000c00019c6                dlcfree
                0x00000000c00019cb                dlindependent_calloc
                0x00000000c00019f0                dlindependent_comalloc
                0x00000000c0001a07                dlvalloc
                0x00000000c0001a32                dlpvalloc
                0x00000000c0001a68                dlmalloc_trim
                0x00000000c0001a75                dlmalloc_usable_size
                0x00000000c0001aa6                dlmallinfo
                0x00000000c0001b75                dlmalloc_stats
                0x00000000c0001b86                dlmallopt
 .text          0x00000000c0001c10        0x0 libk/string.32
 .text          0x00000000c0001c10       0x51 fs/fat/diskio.32
                0x00000000c0001c10                disk_status
                0x00000000c0001c13                disk_initialize
                0x00000000c0001c16                disk_read
                0x00000000c0001c2c                disk_write
                0x00000000c0001c42                disk_ioctl
 .text          0x00000000c0001c61     0x6833 fs/fat/ff.32
                0x00000000c0004f2f                f_mount
                0x00000000c0004f91                f_open
                0x00000000c00053cd                f_read
                0x00000000c000564d                f_write
                0x00000000c0005907                f_sync
                0x00000000c0005ae3                f_close
                0x00000000c0005b12                f_lseek
                0x00000000c0005fc9                f_opendir
                0x00000000c00060cb                f_closedir
                0x00000000c00060ed                f_readdir
                0x00000000c0006188                f_stat
                0x00000000c0006217                f_getfree
                0x00000000c00063e2                f_truncate
                0x00000000c00064da                f_unlink
                0x00000000c000665d                f_mkdir
                0x00000000c0006889                f_rename
                0x00000000c0006b7c                f_chmod
                0x00000000c0006c5a                f_utime
                0x00000000c0006d38                f_getlabel
                0x00000000c0006f26                f_setlabel
                0x00000000c0007193                f_forward
                0x00000000c0007371                f_mkfs
 .text          0x00000000c0008494       0x2d fs/fat/ffsystem.32
                0x00000000c0008494                ff_memalloc
                0x00000000c00084aa                ff_memfree
 .text          0x00000000c00084c1      0x253 fs/fat/ffunicode.32
                0x00000000c00084c1                ff_uni2oem
                0x00000000c0008551                ff_oem2uni
                0x00000000c00085bd                ff_wtoupper
 .text          0x00000000c0008714      0x8fb hal/libresample/samplerate.32
                0x00000000c0008758                src_delete
                0x00000000c0008794                src_process
                0x00000000c000894a                src_callback_read
                0x00000000c0008ac7                src_set_ratio
                0x00000000c0008b31                src_get_channels
                0x00000000c0008b53                src_reset
                0x00000000c0008b9f                src_new
                0x00000000c0008c2d                src_callback_new
                0x00000000c0008c8f                src_get_name
                0x00000000c0008cc6                src_get_description
                0x00000000c0008cfd                src_get_version
                0x00000000c0008d03                src_is_valid_ratio
                0x00000000c0008d57                src_error
                0x00000000c0008d65                src_strerror
                0x00000000c0008d78                src_simple
                0x00000000c0008dcb                src_short_to_float_array
                0x00000000c0008e30                src_float_to_short_array
                0x00000000c0008eef                src_int_to_float_array
                0x00000000c0008f52                src_float_to_int_array
 .text          0x00000000c000900f      0x8cb hal/libresample/src_linear.32
                0x00000000c0009835                linear_get_name
                0x00000000c0009844                linear_get_description
                0x00000000c0009853                linear_set_converter
 .text          0x00000000c00098da     0x447c hal/libresample/src_sinc.32
                0x00000000c000dc6d                sinc_get_name
                0x00000000c000dc80                sinc_get_description
                0x00000000c000dc93                sinc_set_converter
 .text          0x00000000c000dd56      0x77c hal/libresample/src_zoh.32
                0x00000000c000e42d                zoh_get_name
                0x00000000c000e43c                zoh_get_description
                0x00000000c000e44b                zoh_set_converter
 .text          0x00000000c000e4d2       0x23 compat/inlines.32
                0x00000000c000e4d2                CPU::current()
                0x00000000c000e4df                operator new(unsigned long)
 .text          0x00000000c000e4f5      0x111 compat/resolve.32
                0x00000000c000e4f5                Krnl::resolveCompatibilitySymbol(char*)
 .text          0x00000000c000e606      0xad3 core/computer.32
                0x00000000c000e606                Computer::close(int, int, void*)
                0x00000000c000e64a                swapper(void*)
                0x00000000c000e6ed                Krnl::firstTask()
                0x00000000c000e7f6                Computer::Computer()
                0x00000000c000e7f6                Computer::Computer()
                0x00000000c000e952                Computer::setBootMessage(char const*)
                0x00000000c000e954                Computer::detectFeatures()
                0x00000000c000eb5e                Computer::displayFeatures()
                0x00000000c000eea4                Computer::rdmsr(unsigned int)
                0x00000000c000eed0                Computer::wrmsr(unsigned int, unsigned long long)
                0x00000000c000ef08                Computer::nmiEnabled()
                0x00000000c000ef14                Computer::readCMOS(unsigned char)
                0x00000000c000ef2e                Computer::enableNMI(bool)
                0x00000000c000ef46                Computer::open(int, int, void*)
                0x00000000c000f01c                Computer::disableNMI()
                0x00000000c000f02a                Computer::writeCMOS(unsigned char, unsigned char)
                0x00000000c000f048                Computer::handleNMI()
                0x00000000c000f0ae                Computer::setDiskActivityLight(int, bool)
 *fill*         0x00000000c000f0d9        0x1 
 .text          0x00000000c000f0da      0x1b7 core/gdt.32
                0x00000000c000f0da                GDTEntry::setBase(unsigned int)
                0x00000000c000f0f6                GDTEntry::setLimit(unsigned int)
                0x00000000c000f114                GDT::GDT()
                0x00000000c000f114                GDT::GDT()
                0x00000000c000f12a                GDT::addEntry(GDTEntry)
                0x00000000c000f166                GDT::getNumberOfEntries()
                0x00000000c000f16e                GDT::flush()
                0x00000000c000f190                GDT::setup()
 .text          0x00000000c000f291       0x62 core/idle.32
                0x00000000c000f291                idleFunction(void*)
 *fill*         0x00000000c000f2f3        0x1 
 .text          0x00000000c000f2f4      0x45f core/idt.32
                0x00000000c000f2f4                IDTEntry::IDTEntry(bool)
                0x00000000c000f2f4                IDTEntry::IDTEntry(bool)
                0x00000000c000f362                IDTEntry::setOffset(unsigned int)
                0x00000000c000f376                IDT::IDT()
                0x00000000c000f376                IDT::IDT()
                0x00000000c000f378                IDT::getPointerToInvalidOpcodeEntryForF00F()
                0x00000000c000f380                IDT::addEntry(IDTEntry, int)
                0x00000000c000f39a                IDT::addEntry(int, void (*)(), bool)
                0x00000000c000f3d2                IDT::flush()
                0x00000000c000f3ec                IDT::setup()
 .text          0x00000000c000f753      0x203 core/kheap.32
                0x00000000c000f753                sbrk
                0x00000000c000f861                mmap
                0x00000000c000f877                munmap
                0x00000000c000f88d                liballoc_lock()
                0x00000000c000f89e                liballoc_unlock()
                0x00000000c000f8af                liballoc_alloc(int)
                0x00000000c000f8ca                liballoc_free(void*, int)
                0x00000000c000f8e8                realloc
                0x00000000c000f8fc                malloc
                0x00000000c000f90c                free
                0x00000000c000f91c                rfree
                0x00000000c000f92c                calloc
 .text          0x00000000c000f956      0x485 core/main.32
                0x00000000c000f956                hwTextMode_loadInData(VgaText*)
                0x00000000c000f9a1                hwTextMode_loadInTitle(VgaText*, char*)
                0x00000000c000fa1f                hwTextMode_showCursor(VgaText*, bool)
                0x00000000c000fa7d                hwTextMode_update(VgaText*)
                0x00000000c000fa7e                hwTextMode_updateCursor(VgaText*)
                0x00000000c000facf                hwTextMode_disableBlink(VgaText*, bool)
                0x00000000c000fb15                hwTextMode_scrollScreen(VgaText*)
                0x00000000c000fbc2                hwTextMode_writeCharacter(VgaText*, char, VgaColour, VgaColour, int, int)
                0x00000000c000fc44                setupTextMode()
                0x00000000c000fcb4                kernel_main
 .text          0x00000000c000fddb      0x5b4 core/physmgr.32
                0x00000000c000fddb                Phys::allocateDMA(unsigned long)
                0x00000000c000fe7e                Phys::freeDMA(unsigned long, unsigned long)
                0x00000000c000fec6                Phys::setPageState(unsigned long, bool)
                0x00000000c000fef8                Phys::getPageState(unsigned long)
                0x00000000c000ff14                Phys::freePage(unsigned long)
                0x00000000c000ff9e                Phys::allocatePage()
                0x00000000c00100cd                Phys::allocateContiguousPages(int)
                0x00000000c0010127                Phys::allowSegmentToBeUsed(unsigned long, unsigned long)
                0x00000000c001015f                Phys::physicalMemorySetup(unsigned int)
 *fill*         0x00000000c001038f        0x1 
 .text          0x00000000c0010390      0x273 core/pipe.32
                0x00000000c0010390                Pipe::isAtty()
                0x00000000c0010394                Pipe::~Pipe()
                0x00000000c0010394                Pipe::~Pipe()
                0x00000000c00103b8                Pipe::~Pipe()
                0x00000000c00103e0                Pipe::read(unsigned long long, void*, int*)
                0x00000000c00104d4                Pipe::write(unsigned long long, void*, int*)
                0x00000000c001059c                Pipe::Pipe(int)
                0x00000000c001059c                Pipe::Pipe(int)
 *fill*         0x00000000c0010603        0x1 
 .text          0x00000000c0010604      0xf73 core/terminal.32
                0x00000000c0010604                VgaText::isAtty()
                0x00000000c0010608                VgaText::~VgaText()
                0x00000000c0010608                VgaText::~VgaText()
                0x00000000c001062c                VgaText::~VgaText()
                0x00000000c0010656                VgaText::read(unsigned long long, void*, int*)
                0x00000000c0010676                setTerminalScrollLock(bool)
                0x00000000c0010677                addToTerminalCycle(VgaText*)
                0x00000000c00106a4                installVgaTextImplementation()
                0x00000000c00106b9                scrollTerminalScrollLock(int)
                0x00000000c00106ba                VgaText::load()
                0x00000000c001070e                VgaText::updateCursor()
                0x00000000c0010728                VgaText::showCursor(bool)
                0x00000000c0010738                VgaText::disableBlink(bool)
                0x00000000c0010772                VgaText::doANSI_SGR(int)
                0x00000000c00107fe                VgaText::setDefaultBgColour(VgaColour)
                0x00000000c0010814                VgaText::setDefaultFgColour(VgaColour)
                0x00000000c001082a                VgaText::setDefaultColours(VgaColour, VgaColour)
                0x00000000c001084a                VgaText::combineColours(unsigned char, unsigned char)
                0x00000000c001085c                VgaText::scrollScreen()
                0x00000000c00108f0                VgaText::combineCharAndColour(char, unsigned char)
                0x00000000c0010902                VgaText::writeCharacter(char, VgaColour, VgaColour, int, int)
                0x00000000c0010962                VgaText::getCursorX()
                0x00000000c001096e                VgaText::getCursorY()
                0x00000000c001097a                VgaText::setCursor(int, int)
                0x00000000c0010998                VgaText::setCursorX(int)
                0x00000000c00109b4                VgaText::setCursorY(int)
                0x00000000c00109d0                VgaText::incrementCursor(bool)
                0x00000000c0010a38                VgaText::updateRAMUsageDisplay(int)
                0x00000000c0010a9c                VgaText::updateDiskUsage()
                0x00000000c0010c06                VgaText::updateTitle()
                0x00000000c0010c4c                VgaText::setTitleTextColour(VgaColour)
                0x00000000c0010c5c                VgaText::setTitleColour(VgaColour)
                0x00000000c0010c6c                VgaText::setTitle(char*)
                0x00000000c0010c92                VgaText::decrementCursor(bool)
                0x00000000c0010cba                VgaText::putchar(char, VgaColour, VgaColour)
                0x00000000c0010db6                VgaText::isShowingCursor()
                0x00000000c0010dc2                VgaText::isBlinkDisabled()
                0x00000000c0010dd0                VgaText::setCursorHeight(int)
                0x00000000c0010dee                VgaText::getCursorHeight()
                0x00000000c0010df9                setActiveTerminal(VgaText*)
                0x00000000c0010eab                doTerminalCycle()
                0x00000000c0010ec8                VgaText::doUpdate()
                0x00000000c0010eda                VgaText::puts(char const*, VgaColour, VgaColour)
                0x00000000c001109a                VgaText::clearScreen()
                0x00000000c00110fe                VgaText::putchar(char)
                0x00000000c0011218                VgaText::puts(char const*)
                0x00000000c001123e                VgaText::putx(unsigned int)
                0x00000000c0011284                VgaText::VgaText(char const*)
                0x00000000c0011284                VgaText::VgaText(char const*)
                0x00000000c0011416                VgaText::receiveKey(unsigned char)
                0x00000000c00114fe                VgaText::write(unsigned long long, void*, int*)
                0x00000000c0011552                newTerminal(char*)
 *fill*         0x00000000c0011577        0x1 
 .text          0x00000000c0011578      0x1b3 core/tss.32
                0x00000000c0011578                TSS::TSS()
                0x00000000c0011578                TSS::TSS()
                0x00000000c0011586                TSS::setESP(unsigned long)
                0x00000000c0011598                TSS::flush()
                0x00000000c00115b8                TSS::setup(unsigned long, unsigned long)
 *fill*         0x00000000c001172b        0x1 
 .text          0x00000000c001172c      0x4c2 core/unixfile.32
                0x00000000c001172c                ReservedFilename::read(unsigned long long, void*, int*)
                0x00000000c0011782                ReservedFilename::isAtty()
                0x00000000c001179e                ReservedFilename::write(unsigned long long, void*, int*)
                0x00000000c00117fc                UnixFile::getFileDescriptor()
                0x00000000c0011804                UnixFile::UnixFile(int)
                0x00000000c0011804                UnixFile::UnixFile(int)
                0x00000000c00119b4                ReservedFilename::ReservedFilename(int)
                0x00000000c00119b4                ReservedFilename::ReservedFilename(int)
                0x00000000c00119e6                UnixFile::~UnixFile()
                0x00000000c00119e6                UnixFile::~UnixFile()
                0x00000000c0011a7e                UnixFile::~UnixFile()
                0x00000000c0011aa6                ReservedFilename::~ReservedFilename()
                0x00000000c0011aa6                ReservedFilename::~ReservedFilename()
                0x00000000c0011aca                ReservedFilename::~ReservedFilename()
                0x00000000c0011af1                getFromFileDescriptor(int)
 .text          0x00000000c0011bee     0x12b3 core/virtmgr.32
                0x00000000c0011bee                Virt::setPageState(unsigned long, Virt::VirtPageState)
                0x00000000c0011c23                Virt::getPageState(unsigned long)
                0x00000000c0011c47                Virt::allocateKernelVirtualPages(int)
                0x00000000c0011d58                Virt::freeSwapfilePage(unsigned long)
                0x00000000c0011d76                Virt::swapIDToSector(unsigned long)
                0x00000000c0011d88                Virt::allocateSwapfilePage()
                0x00000000c0011e06                Virt::virtualMemorySetup()
                0x00000000c0011e85                Virt::swappingSetup()
                0x00000000c0011ee2                Virt::getAKernelVAS()
                0x00000000c0011ee8                Virt::setupPageSwapping(int)
                0x00000000c0012018                VAS::VAS()
                0x00000000c0012018                VAS::VAS()
                0x00000000c0012048                VAS::VAS(VAS*)
                0x00000000c0012048                VAS::VAS(VAS*)
                0x00000000c001206c                VAS::getForeignPageTableEntry(bool, unsigned long)
                0x00000000c0012098                VAS::getPageTableEntry(unsigned long)
                0x00000000c00120b7                Virt::freeKernelVirtualPages(unsigned long)
                0x00000000c00121da                VAS::freeAllocatedPages(unsigned long)
                0x00000000c00121fe                VAS::virtualToPhysical(unsigned long)
                0x00000000c0012216                VAS::reflagRange(unsigned long, int, int, int)
                0x00000000c0012256                VAS::setToWriteCombining(unsigned long, int)
                0x00000000c0012288                VAS::mapOtherVASIn(bool, VAS*)
                0x00000000c00122b2                VAS::~VAS()
                0x00000000c00122b2                VAS::~VAS()
                0x00000000c001241e                VAS::mapPage(unsigned long, unsigned long, int)
                0x00000000c001251e                VAS::allocatePages(int, int)
                0x00000000c00126f6                VAS::setCPUSpecific(unsigned long)
                0x00000000c0012712                VAS::mapRange(unsigned long, unsigned long, int, int)
                0x00000000c00127d8                VAS::mapForeignPage(bool, VAS*, unsigned long, unsigned long, int)
                0x00000000c00128c6                VAS::VAS(bool)
                0x00000000c00128c6                VAS::VAS(bool)
                0x00000000c0012b22                VAS::evict(unsigned long)
                0x00000000c0012bba                VAS::tryLoadBackOffDisk(unsigned long)
                0x00000000c0012ce4                VAS::scanForEviction(int, int)
                0x00000000c0012de5                mapVASFirstTime
 .text          0x00000000c0012ea1       0x95 coreobjs/c++.32
                0x00000000c0012ea1                __cxa_atexit
                0x00000000c0012ea4                __cxa_finalize
                0x00000000c0012ea5                __stack_chk_fail
                0x00000000c0012f11                __cxa_pure_virtual
                0x00000000c0012f22                operator new[](unsigned long)
                0x00000000c0012f27                operator delete(void*, unsigned long)
                0x00000000c0012f2c                operator delete[](void*)
                0x00000000c0012f31                operator delete[](void*, unsigned long)
 .text          0x00000000c0012f36      0x1ef dbg/kconsole.32
                0x00000000c0012f36                Dbg::stringifyxWithBase(unsigned int, char*, int)
                0x00000000c0012f97                Dbg::logc(char)
                0x00000000c0012fae                Dbg::logs(char*)
                0x00000000c0012fcb                Dbg::logWriteInt(unsigned int)
                0x00000000c0012fe8                Dbg::logWriteIntBase(unsigned int, int)
                0x00000000c0013007                Dbg::kprintf(char const*, ...)
 *fill*         0x00000000c0013125        0x1 
 .text          0x00000000c0013126      0xb7c fs/vfs.32
                0x00000000c0013126                File::read(unsigned long long, void*, int*)
                0x00000000c001317e                File::write(unsigned long long, void*, int*)
                0x00000000c00131d6                Directory::read(unsigned long long, void*, int*)
                0x00000000c001322e                Directory::write(unsigned long long, void*, int*)
                0x00000000c001325c                File::isAtty()
                0x00000000c0013260                Directory::isAtty()
                0x00000000c0013264                Filesystem::getlabel(LogicalDisk*, int, char*, unsigned int*)
                0x00000000c001326a                Filesystem::setlabel(LogicalDisk*, int, char*)
                0x00000000c0013270                File::~File()
                0x00000000c0013270                File::~File()
                0x00000000c0013294                File::~File()
                0x00000000c00132be                Directory::~Directory()
                0x00000000c00132be                Directory::~Directory()
                0x00000000c00132e2                Directory::~Directory()
                0x00000000c001330c                Filesystem::Filesystem()
                0x00000000c001330c                Filesystem::Filesystem()
                0x00000000c0013330                Filesystem::~Filesystem()
                0x00000000c0013330                Filesystem::~Filesystem()
                0x00000000c001333e                Filesystem::~Filesystem()
                0x00000000c0013362                Fs::getcwd(Process*, char*, int)
                0x00000000c001338c                Fs::initVFS()
                0x00000000c00133b6                Fs::standardiseFiles(char*, char const*, char const*)
                0x00000000c0013560                File::File(char const*, Process*)
                0x00000000c0013560                File::File(char const*, Process*)
                0x00000000c00135c4                File::open(FileOpenMode)
                0x00000000c0013622                File::close()
                0x00000000c0013682                File::seek(unsigned long long)
                0x00000000c00136d8                File::tell(unsigned long long*)
                0x00000000c0013728                File::rewind()
                0x00000000c001373c                File::unlink()
                0x00000000c0013788                File::rename(char const*)
                0x00000000c00137d6                File::chfatattr(unsigned char, unsigned char)
                0x00000000c0013832                File::exists()
                0x00000000c0013870                File::stat(unsigned long long*, bool*)
                0x00000000c00138d1                Fs::setcwd(Process*, char*)
                0x00000000c0013a0c                Directory::Directory(char const*, Process*)
                0x00000000c0013a0c                Directory::Directory(char const*, Process*)
                0x00000000c0013a70                Directory::open()
                0x00000000c0013acc                Directory::close()
                0x00000000c0013b2c                Directory::unlink()
                0x00000000c0013b78                Directory::rename(char const*)
                0x00000000c0013bc6                Directory::exists()
                0x00000000c0013c04                Directory::read(dirent*)
                0x00000000c0013c50                Directory::create()
                0x00000000c0013c9c                Filesystem::chfatattr(char const*, unsigned char, unsigned char)
 .text          0x00000000c0013ca2       0x84 hal/bus.32
                0x00000000c0013ca2                Bus::Bus(char const*)
                0x00000000c0013ca2                Bus::Bus(char const*)
                0x00000000c0013cd8                Bus::~Bus()
                0x00000000c0013cd8                Bus::~Bus()
                0x00000000c0013cfc                Bus::~Bus()
 .text          0x00000000c0013d26      0x14e hal/buzzer.32
                0x00000000c0013d26                Buzzer::Buzzer(char const*)
                0x00000000c0013d26                Buzzer::Buzzer(char const*)
                0x00000000c0013d6a                Buzzer::~Buzzer()
                0x00000000c0013d6a                Buzzer::~Buzzer()
                0x00000000c0013d8e                Buzzer::~Buzzer()
                0x00000000c0013db8                Buzzer::stop()
                0x00000000c0013dcb                beepThread(void*)
                0x00000000c0013e06                Buzzer::beep(int, int, bool)
 .text          0x00000000c0013e74      0x467 hal/clock.32
                0x00000000c0013e74                User::loadClockSettings(int)
                0x00000000c0013ec6                Clock::Clock(char const*)
                0x00000000c0013ec6                Clock::Clock(char const*)
                0x00000000c0013efc                Clock::~Clock()
                0x00000000c0013efc                Clock::~Clock()
                0x00000000c0013f20                Clock::~Clock()
                0x00000000c0013f4a                Clock::timeInSecondsLocal()
                0x00000000c0013f92                Clock::setTimeInSecondsLocal(unsigned long long)
                0x00000000c0013feb                datetimeToSeconds(datetime_t)
                0x00000000c0014112                Clock::setTimeInDatetimeLocal(datetime_t)
                0x00000000c0014172                secondsToDatetime(unsigned long long)
                0x00000000c00142b6                Clock::timeInDatetimeLocal()
 *fill*         0x00000000c00142db        0x1 
 .text          0x00000000c00142dc      0x4de hal/device.32
                0x00000000c00142dc                Device::hibernate()
                0x00000000c00142de                Device::wake()
                0x00000000c00142e0                Device::detect()
                0x00000000c00142e2                Device::disableLegacy()
                0x00000000c00142e4                Device::powerSaving(PowerSavingLevel)
                0x00000000c00142e6                DriverlessDevice::close(int, int, void*)
                0x00000000c00142ea                DriverlessDevice::detect()
                0x00000000c00142ec                DriverlessDevice::open(int, int, void*)
                0x00000000c0014300                Device::~Device()
                0x00000000c0014300                Device::~Device()
                0x00000000c001430e                Device::~Device()
                0x00000000c0014336                Device::findAndLoadDriver()
                0x00000000c0014338                Device::preOpenPCI(PCIDeviceInfo)
                0x00000000c001435e                Device::preOpenACPI(void*, char*, char*)
                0x00000000c00143b2                Device::addIRQHandler(int, void (*)(regs*, void*), bool, void*)
                0x00000000c00143f0                Device::removeIRQHandler(int, void (*)(regs*, void*), bool)
                0x00000000c001442e                Device::addChild(Device*)
                0x00000000c0014472                Device::removeAllChildren()
                0x00000000c00144b8                Device::hibernateAll()
                0x00000000c00144e8                Device::wakeAll()
                0x00000000c0014518                Device::detectAll()
                0x00000000c0014548                Device::disableLegacyAll()
                0x00000000c0014578                Device::loadDriversForAll()
                0x00000000c00145a4                Device::closeAll()
                0x00000000c00145da                Device::powerSavingAll(PowerSavingLevel)
                0x00000000c0014610                Device::setName(char const*)
                0x00000000c001461e                Device::Device(char const*)
                0x00000000c001461e                Device::Device(char const*)
                0x00000000c001471a                Device::getName()
                0x00000000c0014724                DriverlessDevice::DriverlessDevice(char const*)
                0x00000000c0014724                DriverlessDevice::DriverlessDevice(char const*)
                0x00000000c001474c                Device::addToLinkedList(LinkedList<Device>&, DeviceType)
                0x00000000c0014790                getDevicesOfType(DeviceType)
 .text          0x00000000c00147ba       0x84 hal/diskctrl.32
                0x00000000c00147ba                HardDiskController::HardDiskController(char const*)
                0x00000000c00147ba                HardDiskController::HardDiskController(char const*)
                0x00000000c00147f0                HardDiskController::~HardDiskController()
                0x00000000c00147f0                HardDiskController::~HardDiskController()
                0x00000000c0014814                HardDiskController::~HardDiskController()
 .text          0x00000000c001483e       0xf2 hal/diskphys.32
                0x00000000c001483e                PhysicalDisk::eject()
                0x00000000c0014852                PhysicalDisk::PhysicalDisk(char const*, int)
                0x00000000c0014852                PhysicalDisk::PhysicalDisk(char const*, int)
                0x00000000c00148ba                PhysicalDisk::startCache()
                0x00000000c00148e2                PhysicalDisk::~PhysicalDisk()
                0x00000000c00148e2                PhysicalDisk::~PhysicalDisk()
                0x00000000c0014906                PhysicalDisk::~PhysicalDisk()
 .text          0x00000000c0014930      0x13b hal/fpu.32
                0x00000000c0014930                FPU::FPU(char const*)
                0x00000000c0014930                FPU::FPU(char const*)
                0x00000000c0014966                FPU::~FPU()
                0x00000000c0014966                FPU::~FPU()
                0x00000000c001498a                FPU::~FPU()
                0x00000000c00149b4                setupFPU()
 *fill*         0x00000000c0014a6b        0x1 
 .text          0x00000000c0014a6c     0x13b7 hal/intctrl.32
                0x00000000c0014a6c                InterruptController::uninstallISRHandler(int, void (*)(regs*, void*))
                0x00000000c0014aa4                InterruptController::installISRHandler(int, void (*)(regs*, void*), void*)
                0x00000000c0014af6                doubleFault(regs*, void*)
                0x00000000c0014b10                InterruptController::installIRQHandler(int, void (*)(regs*, void*), bool, void*)
                0x00000000c0014bac                InterruptController::clearAllHandlers(int, bool)
                0x00000000c0014c54                InterruptController::uninstallIRQHandler(int, void (*)(regs*, void*), bool)
                0x00000000c0014cdb                nmiHandler(regs*, void*)
                0x00000000c0014ce9                int_handler
                0x00000000c0014d8a                InterruptController::InterruptController(char const*)
                0x00000000c0014d8a                InterruptController::InterruptController(char const*)
                0x00000000c0014e30                InterruptController::~InterruptController()
                0x00000000c0014e30                InterruptController::~InterruptController()
                0x00000000c0014e54                InterruptController::~InterruptController()
                0x00000000c0014e7e                displayDebugInfo(regs*)
                0x00000000c001530d                x87EmulHandler(regs*, void*)
                0x00000000c001533c                gpFault(regs*, void*)
                0x00000000c0015375                pgFault(regs*, void*)
                0x00000000c00153c1                otherISRHandler(regs*, void*)
                0x00000000c00153e0                opcodeFault(regs*, void*)
                0x00000000c00159e6                displayProgramFault(char const*)
                0x00000000c0015a0e                setupInterruptController()
                0x00000000c0015dd6                InterruptController::convertLegacyIRQNumber(int)
 *fill*         0x00000000c0015e23        0x1 
 .text          0x00000000c0015e24      0x6c8 hal/keybrd.32
                0x00000000c0015e24                startGUI(void*)
                0x00000000c0015e80                startGUIVESA(void*)
                0x00000000c0015edc                sendKeyToTerminal(unsigned char)
                0x00000000c0015f48                sendKeyboardToken(KeyboardToken)
                0x00000000c0016385                clearInternalKeybuffer(VgaText*)
                0x00000000c00163ba                readKeyboard(VgaText*, char*, unsigned long)
                0x00000000c0016462                Keyboard::Keyboard(char const*)
                0x00000000c0016462                Keyboard::Keyboard(char const*)
                0x00000000c001649e                Keyboard::~Keyboard()
                0x00000000c001649e                Keyboard::~Keyboard()
                0x00000000c00164c2                Keyboard::~Keyboard()
 .text          0x00000000c00164ec      0x414 hal/logidisk.32
                0x00000000c00164ec                LogicalDisk::close(int, int, void*)
                0x00000000c00164f0                LogicalDisk::~LogicalDisk()
                0x00000000c00164f0                LogicalDisk::~LogicalDisk()
                0x00000000c0016514                LogicalDisk::~LogicalDisk()
                0x00000000c001653e                LogicalDisk::open(int, int, void*)
                0x00000000c0016552                LogicalDisk::absoluteToRelative(unsigned long long)
                0x00000000c001658a                LogicalDisk::relativeToAbsolute(unsigned long long)
                0x00000000c00165d0                LogicalDisk::LogicalDisk(char const*, PhysicalDisk*, unsigned long long, unsigned long long)
                0x00000000c00165d0                LogicalDisk::LogicalDisk(char const*, PhysicalDisk*, unsigned long long, unsigned long long)
                0x00000000c0016686                LogicalDisk::assignDriveLetter()
                0x00000000c001673c                LogicalDisk::mount()
                0x00000000c00167ae                LogicalDisk::unmount()
                0x00000000c00167be                LogicalDisk::eject()
                0x00000000c00167d2                LogicalDisk::unassignDriveLetter()
                0x00000000c0016828                LogicalDisk::read(unsigned long long, int, void*)
                0x00000000c0016894                LogicalDisk::write(unsigned long long, int, void*)
 .text          0x00000000c0016900       0x84 hal/mouse.32
                0x00000000c0016900                Mouse::Mouse(char const*)
                0x00000000c0016900                Mouse::Mouse(char const*)
                0x00000000c0016936                Mouse::~Mouse()
                0x00000000c0016936                Mouse::~Mouse()
                0x00000000c001695a                Mouse::~Mouse()
 .text          0x00000000c0016984      0x34d hal/partition.32
                0x00000000c0016984                makePartition(PhysicalDisk*, unsigned long long, unsigned long long)
                0x00000000c0016a40                createPartitionsForDisk(PhysicalDisk*)
 *fill*         0x00000000c0016cd1        0x1 
 .text          0x00000000c0016cd2       0x84 hal/serial.32
                0x00000000c0016cd2                Serial::Serial(char const*)
                0x00000000c0016cd2                Serial::Serial(char const*)
                0x00000000c0016d08                Serial::~Serial()
                0x00000000c0016d08                Serial::~Serial()
                0x00000000c0016d2c                Serial::~Serial()
 .text          0x00000000c0016d56      0x2b8 hal/timer.32
                0x00000000c0016d56                Timer::Timer(char const*)
                0x00000000c0016d56                Timer::Timer(char const*)
                0x00000000c0016d8c                Timer::~Timer()
                0x00000000c0016d8c                Timer::~Timer()
                0x00000000c0016db0                Timer::~Timer()
                0x00000000c0016dda                Timer::read()
                0x00000000c0016de5                timerHandler(unsigned long long)
                0x00000000c0016f1c                setupTimer(int)
 .text          0x00000000c001700e      0x425 hal/vcache.32
                0x00000000c001700e                VCache::VCache(PhysicalDisk*)
                0x00000000c001700e                VCache::VCache(PhysicalDisk*)
                0x00000000c0017176                VCache::invalidateReadBuffer()
                0x00000000c0017186                VCache::writeWriteBuffer()
                0x00000000c00171c2                VCache::~VCache()
                0x00000000c00171c2                VCache::~VCache()
                0x00000000c0017216                VCache::~VCache()
                0x00000000c001723e                VCache::write(unsigned long long, int, void*)
                0x00000000c0017334                VCache::read(unsigned long long, int, void*)
 *fill*         0x00000000c0017433        0x1 
 .text          0x00000000c0017434      0x4cd hal/video.32
                0x00000000c0017434                Video::putrect(int, int, int, int, unsigned int)
                0x00000000c0017480                Video::bitblit(int, int, int, int, int, int, int, unsigned int*)
                0x00000000c00174f0                Video::blit(unsigned int*, int, int, int, int)
                0x00000000c001756e                Video::clearScreen(unsigned int)
                0x00000000c00175a2                Video::putpixel(int, int, unsigned int)
                0x00000000c00175b0                Video::Video(char const*)
                0x00000000c00175b0                Video::Video(char const*)
                0x00000000c00175e6                Video::~Video()
                0x00000000c00175e6                Video::~Video()
                0x00000000c001760a                Video::~Video()
                0x00000000c0017634                Video::isMonochrome()
                0x00000000c0017640                Video::getWidth()
                0x00000000c001764c                Video::getHeight()
                0x00000000c0017658                Video::drawCursor(int, int, unsigned char*, int)
                0x00000000c0017714                Video::tgaParse(unsigned char*, int, int*, int*)
                0x00000000c0017896                Video::putTGA(int, int, unsigned char*, int)
 *fill*         0x00000000c0017901        0x1 
 .text          0x00000000c0017902      0xf64 hw/acpi.32
                0x00000000c0017902                ACPI::close(int, int, void*)
                0x00000000c00179b7                findRSDP()
                0x00000000c0017a41                loadACPITables(unsigned char*)
                0x00000000c0017c68                findRSDT(unsigned char*)
                0x00000000c0017d86                findDataTable(unsigned char*, char*)
                0x00000000c0017e22                scanMADT()
                0x00000000c00182a8                ACPI::ACPI()
                0x00000000c00182a8                ACPI::ACPI()
                0x00000000c0018312                ACPI::getPCIIRQAssignment(unsigned char, unsigned short, unsigned char)
                0x00000000c00183f4                ACPI::registerPCIIRQAssignment(void*, unsigned short, unsigned char, unsigned char)
                0x00000000c00184ba                ACPI::setScreenBrightnessLevel(void*, int)
                0x00000000c00184c0                ACPI::writeSimpleBootFlag(SimpleBootFlagTable*)
                0x00000000c0018508                ACPI::open(int, int, void*)
                0x00000000c001884e                ACPI::sleep()
 .text          0x00000000c0018866     0x1715 hw/cpu.32
                0x00000000c0018866                CPU::close(int, int, void*)
                0x00000000c001886a                CPU::lookupAMDName(unsigned char, unsigned char)
                0x00000000c00189fe                CPU::lookupIntelName(unsigned char, unsigned char)
                0x00000000c0018cac                CPU::AMD_K6_write_msr(unsigned int, unsigned int, unsigned int, CPU::REGS*)
                0x00000000c0018cc8                CPU::AMD_K6_read_msr(unsigned int, CPU::REGS*)
                0x00000000c0018ce0                CPU::AMD_K6_writeback(int, int, int)
                0x00000000c0018d54                CPU::cpuid(int, unsigned long*, unsigned long*, unsigned long*, unsigned long*)
                0x00000000c0018dd8                CPU::cpuidCheckEDX(unsigned int)
                0x00000000c0018e06                CPU::cpuidCheckECX(unsigned int)
                0x00000000c0018e34                CPU::cpuidCheckExtendedEBX(unsigned int)
                0x00000000c0018e62                CPU::cpuidCheckExtendedECX(unsigned int)
                0x00000000c0018e90                CPU::CPU()
                0x00000000c0018e90                CPU::CPU()
                0x00000000c0018f1e                CPU::displayFeatures()
                0x00000000c001919a                CPU::detectFeatures()
                0x00000000c0019b8a                CPU::setupSMEP()
                0x00000000c0019b96                CPU::setupUMIP()
                0x00000000c0019ba0                CPU::setupTSC()
                0x00000000c0019baa                CPU::setupLargePages()
                0x00000000c0019bb4                CPU::setupPAT()
                0x00000000c0019bf0                CPU::setupMTRR()
                0x00000000c0019bf2                CPU::setupGlobalPages()
                0x00000000c0019bfc                CPU::allowUsermodeDataAccess()
                0x00000000c0019c0e                CPU::prohibitUsermodeDataAccess()
                0x00000000c0019c20                CPU::setupSMAP()
                0x00000000c0019c2e                CPU::setupFeatures()
                0x00000000c0019cae                CPU::open(int, int, void*)
                0x00000000c0019d80                CPU::decodeAddress(regs*, int*, bool*, unsigned char*)
 .text          0x00000000c0019f7b        0x0 hw/ports.32
 .text          0x00000000c0019f7b      0x16a hw/smp.32
                0x00000000c0019f7b                Krnl::smpEntry()
                0x00000000c0019f7d                Krnl::startCPU(int)
                0x00000000c001a0c6                Krnl::startCPUs()
 *fill*         0x00000000c001a0e5        0x1 
 .text          0x00000000c001a0e6      0x5d3 krnl/env.32
                0x00000000c001a0e6                EnvVarContainer::getEnv(char const*)
                0x00000000c001a124                EnvVarContainer::setEnv(char const*, char const*)
                0x00000000c001a1f0                EnvVarContainer::deleteEnv(char const*)
                0x00000000c001a1f2                EnvVarContainer::loadFrom(char const*, char const*)
                0x00000000c001a3e8                EnvVarContainer::__loadSystem()
                0x00000000c001a402                EnvVarContainer::__loadUser()
                0x00000000c001a404                EnvVarContainer::EnvVarContainer(Process*)
                0x00000000c001a404                EnvVarContainer::EnvVarContainer(Process*)
                0x00000000c001a426                EnvVarContainer::~EnvVarContainer()
                0x00000000c001a426                EnvVarContainer::~EnvVarContainer()
                0x00000000c001a456                Krnl::getEnv(Process*, char const*)
                0x00000000c001a4bb                Krnl::setEnvSystem(char const*, char const*)
                0x00000000c001a4d5                Krnl::setEnvUser(char const*, char const*)
                0x00000000c001a4f4                Krnl::setEnvProcess(Process*, char const*, char const*)
                0x00000000c001a507                Krnl::deleteEnvSystem(char const*)
                0x00000000c001a508                Krnl::deleteEnvUser(char const*)
                0x00000000c001a509                Krnl::deleteEnvProcess(Process*, char const*)
                0x00000000c001a50a                Krnl::newProcessEnv(Process*)
                0x00000000c001a52c                Krnl::copyProcessEnv(Process*, Process*)
                0x00000000c001a580                Krnl::loadSystemEnv()
                0x00000000c001a5ae                Krnl::loadUserEnv()
                0x00000000c001a5d4                Krnl::flushEnv()
                0x00000000c001a5d5                Krnl::getProcessTotalEnvCount(Process*)
                0x00000000c001a5f5                Krnl::getProcessEnvPair(Process*, int)
 .text          0x00000000c001a6b9      0x396 krnl/panic.32
                0x00000000c001a6b9                Krnl::panic(char const*)
 .text          0x00000000c001aa4f      0x3b6 net/ethernet.32
                0x00000000c001aa4f                Net::switchEndian16(unsigned short)
                0x00000000c001aa70                Net::switchEndian32(unsigned int)
                0x00000000c001aa9f                Net::crc32Calc(unsigned char*, int)
                0x00000000c001ab30                Net::wrapEthernetFrame(Net::UnwrappedEthernetFrame, unsigned char*)
                0x00000000c001ac6c                Net::unwrapEthernetFrame(unsigned char*, int)
 .text          0x00000000c001ae05      0x513 reg/registry.32
                0x00000000c001ae05                Reg::findLineFromLoadedData(char*, char*, char*)
                0x00000000c001af5d                Reg::getLineFromRegistry(char*, char*, char*, char*)
                0x00000000c001b0b2                Reg::getLine(char*, char*, char*)
                0x00000000c001b0e9                Reg::readInt(char*, char*, int*)
                0x00000000c001b1d4                Reg::readString(char*, char*, char*, int)
                0x00000000c001b255                Reg::readBool(char*, char*, bool*)
                0x00000000c001b27a                Reg::readBoolWithDefault(char*, char*, bool)
                0x00000000c001b2a6                Reg::readIntWithDefault(char*, char*, int)
                0x00000000c001b2d2                Reg::readStringWithDefault(char*, char*, char*, int, char*)
 .text          0x00000000c001b318       0x36 sys/sc_eject.32
                0x00000000c001b318                Sys::eject(regs*)
 .text          0x00000000c001b34e       0x18 sys/sc_exit.32
                0x00000000c001b34e                Sys::exit(regs*)
 .text          0x00000000c001b366       0x1f sys/sc_getcwd.32
                0x00000000c001b366                Sys::getCwd(regs*)
 .text          0x00000000c001b385        0xc sys/sc_getpid.32
                0x00000000c001b385                Sys::getPID(regs*)
 .text          0x00000000c001b391       0x17 sys/sc_getramdata.32
                0x00000000c001b391                Sys::getRAMData(regs*)
 .text          0x00000000c001b3a8       0xa8 sys/sc_loaddll.32
                0x00000000c001b3a8                Sys::loadDLL(regs*)
 .text          0x00000000c001b450       0x68 sys/sc_read.32
                0x00000000c001b450                Sys::read(regs*)
 .text          0x00000000c001b4b8       0x9f sys/sc_sbrk.32
                0x00000000c001b4b8                Sys::sbrk(regs*)
 .text          0x00000000c001b557       0x1c sys/sc_setcwd.32
                0x00000000c001b557                Sys::setCwd(regs*)
 .text          0x00000000c001b573      0x128 sys/sc_settime.32
                0x00000000c001b573                Sys::setTime(regs*)
 .text          0x00000000c001b69b       0x4a sys/sc_timezone.32
                0x00000000c001b69b                Sys::timezone(regs*)
 .text          0x00000000c001b6e5       0x68 sys/sc_write.32
                0x00000000c001b6e5                Sys::write(regs*)
 .text          0x00000000c001b74d       0x62 sys/sc_wsbe.32
                0x00000000c001b74d                Sys::wsbe(regs*)
 .text          0x00000000c001b7af       0x3b sys/sc_yield.32
                0x00000000c001b7af                Sys::yield(regs*)
 .text          0x00000000c001b7ea     0x10e5 sys/syscalls.32
                0x00000000c001b7ea                sysCallSeekDir(regs*)
                0x00000000c001b7ef                sysCallTellDir(regs*)
                0x00000000c001b7f4                sysCallVerify(regs*)
                0x00000000c001b7fe                sysFormatDisk(regs*)
                0x00000000c001b868                sysSetDiskVolumeLabel(regs*)
                0x00000000c001b8ae                sysGetDiskVolumeLabel(regs*)
                0x00000000c001b8ff                sysShutdown(regs*)
                0x00000000c001b95d                sysCallRealpath(regs*)
                0x00000000c001b9a0                sysCallGetArgc(regs*)
                0x00000000c001b9ce                sysCallReadDir(regs*)
                0x00000000c001ba5c                sysCallIsATTY(regs*)
                0x00000000c001bab6                sysCallSeek(regs*)
                0x00000000c001bb1f                sysCallTell(regs*)
                0x00000000c001bb9c                sysCallSize(regs*)
                0x00000000c001bc1f                sysCallSizeFromFilename(regs*)
                0x00000000c001bcdf                sysCallClose(regs*)
                0x00000000c001bd67                sysCallOpenDir(regs*)
                0x00000000c001bddc                sysCallCloseDir(regs*)
                0x00000000c001be42                sysCallMakeDir(regs*)
                0x00000000c001beb2                sysCallWait(regs*)
                0x00000000c001becc                sysCallNotImpl(regs*)
                0x00000000c001bee7                sysPanic(regs*)
                0x00000000c001bf0d                sysCallRmdir(regs*)
                0x00000000c001bf71                sysCallUnlink(regs*)
                0x00000000c001bfd5                sysCallGetArgv(regs*)
                0x00000000c001c021                sysCallTTYName(regs*)
                0x00000000c001c0a4                sysCallUSleep(regs*)
                0x00000000c001c0cb                sysCallSpawn(regs*)
                0x00000000c001c123                sysCallGetEnv(regs*)
                0x00000000c001c25b                sysAppSettings(regs*)
                0x00000000c001c37a                sysSetFatAttrib(regs*)
                0x00000000c001c3ec                sysPipe(regs*)
                0x00000000c001c431                sysGetUnixTime(regs*)
                0x00000000c001c445                string_ends_with(char const*, char const*)
                0x00000000c001c48d                sysCallOpen(regs*)
                0x00000000c001c6a2                Sys::loadSyscalls()
                0x00000000c001c88d                Sys::systemCall(regs*, void*)
 .text          0x00000000c001c8cf     0x11d4 thr/elf.32
                0x00000000c001c8cf                Thr::allocateMemoryForTask(Process*, File*, unsigned long, unsigned long, unsigned long)
                0x00000000c001cb61                Thr::loadProgramIntoMemory(Process*, char const*)
                0x00000000c001cd77                Thr::runtimeReferenceHelper()
                0x00000000c001cd8a                Thr::getAddressOfKernelSymbol(char const*)
                0x00000000c001cdd9                Thr::loadKernelSymbolTable(char const*)
                0x00000000c001d097                Thr::loadDriverIntoMemory(char const*, unsigned long, bool)
                0x00000000c001d7b3                Thr::getDriverBaseFromAddress(unsigned long)
                0x00000000c001d7e5                Thr::getDriverNameFromAddress(unsigned long)
                0x00000000c001d81c                Thr::getDriverOffsetFromAddress(unsigned long)
                0x00000000c001d836                Thr::loadDLL(char const*, bool)
                0x00000000c001da6a                Thr::executeDLL(unsigned long, void*)
 *fill*         0x00000000c001daa3        0x1 
 .text          0x00000000c001daa4     0x1056 thr/prcssthr.32
                0x00000000c001daa4                changeTSS
                0x00000000c001dad4                Process::addArgs(char**)
                0x00000000c001db2e                Process::Process(char const*, Process*, char**)
                0x00000000c001db2e                Process::Process(char const*, Process*, char**)
                0x00000000c001dd12                Process::Process(bool, char const*, Process*, char**)
                0x00000000c001dd12                Process::Process(bool, char const*, Process*, char**)
                0x00000000c001dec1                disableIRQs()
                0x00000000c001dec9                getIRQNestingLevel()
                0x00000000c001decf                enableIRQs()
                0x00000000c001dede                lockScheduler()
                0x00000000c001dee0                unlockScheduler()
                0x00000000c001dee2                userModeEntryPoint(void*)
                0x00000000c001df05                lockStuff()
                0x00000000c001df11                taskStartupFunction
                0x00000000c001df1a                updateTimeUsed()
                0x00000000c001df7f                switchToThread(ThreadControlBlock*)
                0x00000000c001dfd0                Semaphore::Semaphore(int)
                0x00000000c001dfd0                Semaphore::Semaphore(int)
                0x00000000c001dffe                Mutex::Mutex()
                0x00000000c001dffe                Mutex::Mutex()
                0x00000000c001e010                Process::createThread(void (*)(void*), void*, int)
                0x00000000c001e0f4                Process::createUserThread()
                0x00000000c001e110                setupMultitasking(void (*)())
                0x00000000c001e21a                schedule()
                0x00000000c001e29f                unlockStuff()
                0x00000000c001e2d4                Semaphore::tryAcquire()
                0x00000000c001e302                Semaphore::assertLocked(char const*)
                0x00000000c001e332                blockTaskWithSchedulerLockAlreadyHeld(TaskState)
                0x00000000c001e374                blockTask(TaskState)
                0x00000000c001e395                waitTask(int, int*, int)
                0x00000000c001e3d7                nanoSleepUntil(unsigned long long)
                0x00000000c001e42e                nanoSleep(unsigned long long)
                0x00000000c001e443                sleep(unsigned long long)
                0x00000000c001e460                Semaphore::acquire()
                0x00000000c001e4c8                taskReturned
                0x00000000c001e4f6                unblockTask(ThreadControlBlock*)
                0x00000000c001e5a5                cleanupTerminatedTask(ThreadControlBlock*)
                0x00000000c001e86e                cleanerTaskFunction(void*)
                0x00000000c001e921                terminateTask(int)
                0x00000000c001ea01                Thr::terminateFromIRQ(int)
                0x00000000c001ea0e                Semaphore::release()
 .text          0x00000000c001eafa      0xc26 vm86/vm8086.32
                0x00000000c001eafa                Vm::inbv(unsigned short)
                0x00000000c001eb0d                Vm::outbv(unsigned short, unsigned char)
                0x00000000c001eb60                Vm::realToLinear(unsigned short, unsigned short)
                0x00000000c001eb70                Vm::getSegment(unsigned int)
                0x00000000c001eb78                Vm::getOffset(unsigned int)
                0x00000000c001eb7d                Vm::mainloop2()
                0x00000000c001ebb8                Vm::mainVm8086Loop(void*)
                0x00000000c001ebc5                Vm::mainloop3(unsigned long)
                0x00000000c001ebef                Vm::initialise8086()
                0x00000000c001ec32                Vm::finish8086()
                0x00000000c001ec77                Vm::getOutput8086(unsigned char*)
                0x00000000c001eca1                Vm::start8086(char const*, unsigned short, unsigned short, unsigned short, unsigned short)
                0x00000000c001edf1                Vm::doISR(regs*, int, unsigned char*, unsigned short, unsigned short)
                0x00000000c001ee7b                Vm::readByteFromReal(unsigned short, unsigned short)
                0x00000000c001ee8c                Vm::readWordFromReal(unsigned short, unsigned short)
                0x00000000c001ee9e                Vm::readDwordFromReal(unsigned short, unsigned short)
                0x00000000c001eeaf                Vm::writeByteFromReal(unsigned short, unsigned short, unsigned char)
                0x00000000c001eec4                Vm::writeWordFromReal(unsigned short, unsigned short, unsigned short)
                0x00000000c001eeda                Vm::writeDwordFromReal(unsigned short, unsigned short, unsigned int)
                0x00000000c001eeef                Vm::faultHandler(regs*)
 .text          0x00000000c001f720      0xefd vm86/x87em.32
                0x00000000c001f720                Vm::fpuInternalTo32(unsigned long long)
                0x00000000c001f77b                Vm::fpuInternalTo64(unsigned long long)
                0x00000000c001f784                Vm::fpu32ToInternal(unsigned int)
                0x00000000c001f7c9                Vm::fpu64ToInternal(unsigned long long)
                0x00000000c001f7d2                Vm::fpuFloatToLong(unsigned long long)
                0x00000000c001f82d                Vm::fpuULongToFloat(unsigned long long)
                0x00000000c001f863                Vm::fpuLongToFloat(long long)
                0x00000000c001f8b9                Vm::fpuGet0()
                0x00000000c001f8be                Vm::fpuGet1()
                0x00000000c001f8c6                Vm::fpuGetPi()
                0x00000000c001f8ce                Vm::fpuGetLog2E()
                0x00000000c001f8e6                Vm::fpuGetLogE2()
                0x00000000c001f8fe                Vm::fpuGetLog210()
                0x00000000c001f916                Vm::fpuGetLog102()
                0x00000000c001f92e                Vm::fpuIsSecondLarger(unsigned long long, unsigned long long)
                0x00000000c001f942                Vm::fpuAreEqual(unsigned long long, unsigned long long)
                0x00000000c001f958                Vm::fpuUnorderedCompare(unsigned long long, unsigned long long)
                0x00000000c001f9ab                Vm::fpuAdd(unsigned long long, unsigned long long)
                0x00000000c001f9bc                Vm::fpuAbs(unsigned long long)
                0x00000000c001f9c5                Vm::fpuChs(unsigned long long)
                0x00000000c001f9d5                Vm::fpuSub(unsigned long long, unsigned long long)
                0x00000000c001f9e4                Vm::fpuMultiply(unsigned long long, unsigned long long)
                0x00000000c001fa03                Vm::fpuDivide(unsigned long long, unsigned long long)
                0x00000000c001fa1f                Vm::fpuSquare(unsigned long long)
                0x00000000c001fa35                Vm::fpuGetReg(int)
                0x00000000c001fa78                Vm::fpuSetReg(int, unsigned long long)
                0x00000000c001fac3                Vm::fpuPush(unsigned long long)
                0x00000000c001fb20                Vm::fpuPop()
                0x00000000c001fb72                Vm::x87Handler(regs*)
 *fill*         0x00000000c002061d        0x1 
 .text          0x00000000c002061e     0x10ed fs/fat/vfslink.32
                0x00000000c002061e                FAT::getName()
                0x00000000c0020624                FAT::tell(void*, unsigned long long*)
                0x00000000c0020658                FAT::stat(void*, unsigned long long*)
                0x00000000c002068c                FAT::~FAT()
                0x00000000c002068c                FAT::~FAT()
                0x00000000c00206b0                FAT::~FAT()
                0x00000000c00206d8                FAT::getlabel(LogicalDisk*, int, char*, unsigned int*)
                0x00000000c0020776                FAT::setlabel(LogicalDisk*, int, char*)
                0x00000000c0020830                FAT::format(LogicalDisk*, int, char const*, int)
                0x00000000c0020a14                FAT::tryMount(LogicalDisk*, int)
                0x00000000c0020c1a                FAT::readDir(void*, unsigned long, void*, int*)
                0x00000000c0020d20                FAT::read(void*, unsigned long, void*, int*)
                0x00000000c0020d7a                FAT::write(void*, unsigned long, void*, int*)
                0x00000000c0020dd4                FAT::close(void*)
                0x00000000c0020e20                FAT::closeDir(void*)
                0x00000000c0020e6c                FAT::seek(void*, unsigned long long)
                0x00000000c0020ec0                fatWrapperReadDisk
                0x00000000c0020f07                fatWrapperWriteDisk
                0x00000000c0020f4e                fatWrapperIoctl
                0x00000000c0021052                FAT::FAT()
                0x00000000c0021052                FAT::FAT()
                0x00000000c00210a4                FAT::fixFilepath(char*)
                0x00000000c00210dc                FAT::open(char const*, void**, FileOpenMode)
                0x00000000c0021204                FAT::openDir(char const*, void**)
                0x00000000c00212aa                FAT::stat(char const*, unsigned long long*, bool*)
                0x00000000c0021394                FAT::unlink(char const*)
                0x00000000c002140e                FAT::chfatattr(char const*, unsigned char, unsigned char)
                0x00000000c0021562                FAT::rename(char const*, char const*)
                0x00000000c0021626                FAT::mkdir(char const*)
                0x00000000c00216a0                FAT::exists(char const*)
 *fill*         0x00000000c002170b        0x1 
 .text          0x00000000c002170c      0xbc1 fs/iso9660/vfslink.32
                0x00000000c002170c                ISO9660::format(LogicalDisk*, int, char const*, int)
                0x00000000c0021712                ISO9660::seek(void*, unsigned long long)
                0x00000000c0021742                ISO9660::tell(void*, unsigned long long*)
                0x00000000c0021766                ISO9660::getName()
                0x00000000c002176c                ISO9660::stat(void*, unsigned long long*)
                0x00000000c0021790                ISO9660::chfatattr(char const*, unsigned char, unsigned char)
                0x00000000c0021796                ISO9660::unlink(char const*)
                0x00000000c002179c                ISO9660::write(void*, unsigned long, void*, int*)
                0x00000000c00217a2                ISO9660::rename(char const*, char const*)
                0x00000000c00217a8                ISO9660::mkdir(char const*)
                0x00000000c00217ae                ISO9660::close(void*)
                0x00000000c00217d0                ISO9660::closeDir(void*)
                0x00000000c00217f2                ISO9660::~ISO9660()
                0x00000000c00217f2                ISO9660::~ISO9660()
                0x00000000c0021816                ISO9660::~ISO9660()
                0x00000000c002183d                __memmem(unsigned char*, int, unsigned char*, int)
                0x00000000c002187f                readSectorFromCDROM(unsigned int, unsigned char*, char)
                0x00000000c00218e6                ISO9660::tryMount(LogicalDisk*, int)
                0x00000000c0021936                ISO9660::read(void*, unsigned long, void*, int*)
                0x00000000c0021b36                ISO9660::readDir(void*, unsigned long, void*, int*)
                0x00000000c0021dc3                readRoot(unsigned int*, unsigned int*, char)
                0x00000000c0021e18                readRecursively(char*, unsigned int, unsigned int, unsigned int*, unsigned int*, char, int*)
                0x00000000c0021feb                getFileData(char*, unsigned int*, unsigned int*, char, int*)
                0x00000000c002207a                ISO9660::open(char const*, void**, FileOpenMode)
                0x00000000c002213a                ISO9660::exists(char const*)
                0x00000000c002215e                ISO9660::stat(char const*, unsigned long long*, bool*)
                0x00000000c00221f2                ISO9660::openDir(char const*, void**)
                0x00000000c00222aa                ISO9660::ISO9660()
                0x00000000c00222aa                ISO9660::ISO9660()
 *fill*         0x00000000c00222cd        0x1 
 .text          0x00000000c00222ce      0x326 hal/sound/sndchannel.32
                0x00000000c00222ce                SoundChannel::~SoundChannel()
                0x00000000c00222ce                SoundChannel::~SoundChannel()
                0x00000000c00222ea                SoundChannel::setSpeed(float)
                0x00000000c00222f6                SoundChannel::getSpeed()
                0x00000000c00222fe                SoundChannel::setVolume(int)
                0x00000000c002231a                SoundChannel::getVolume()
                0x00000000c0022322                SoundChannel::pause()
                0x00000000c002232c                SoundChannel::SoundChannel(int, int, int, int)
                0x00000000c002232c                SoundChannel::SoundChannel(int, int, int, int)
                0x00000000c0022482                SoundChannel::play()
                0x00000000c002248c                SoundChannel::paused()
                0x00000000c0022494                SoundChannel::getSampleRate()
                0x00000000c002249c                SoundChannel::getBits()
                0x00000000c00224a4                SoundChannel::getBufferUsed()
                0x00000000c00224ac                SoundChannel::getBufferSize()
                0x00000000c00224b4                SoundChannel::unbuffer(float*, int, int)
                0x00000000c0022554                SoundChannel::buffer8(unsigned char*, int)
 .text          0x00000000c00225f4      0x3d5 hal/sound/sndhw.32
                0x00000000c00225f4                SoundDevice::SoundDevice(char const*)
                0x00000000c00225f4                SoundDevice::SoundDevice(char const*)
                0x00000000c0022660                SoundDevice::~SoundDevice()
                0x00000000c0022660                SoundDevice::~SoundDevice()
                0x00000000c00226da                SoundDevice::~SoundDevice()
                0x00000000c0022704                SoundDevice::getFreeChannelNum()
                0x00000000c002271e                SoundDevice::addChannel(SoundChannel*)
                0x00000000c002278e                SoundDevice::removeChannel(int)
                0x00000000c00227c0                SoundDevice::floatTo8(float*, unsigned char*, int)
                0x00000000c00228a8                SoundDevice::getAudio(int, float*, float*)
 .text          0x00000000c00229c9        0x0 hw/bus/isa.32
 *fill*         0x00000000c00229c9        0x1 
 .text          0x00000000c00229ca      0x6c3 hw/bus/pci.32
                0x00000000c00229ca                PCI::open(int, int, void*)
                0x00000000c00229de                PCI::close(int, int, void*)
                0x00000000c00229e2                PCI::PCI()
                0x00000000c00229e2                PCI::PCI()
                0x00000000c0022a62                PCI::pciReadWord(unsigned char, unsigned char, unsigned char, unsigned char)
                0x00000000c0022aaa                PCI::getVendorID(unsigned char, unsigned char, unsigned char)
                0x00000000c0022acc                PCI::getHeaderType(unsigned char, unsigned char, unsigned char)
                0x00000000c0022af0                PCI::getClassCode(unsigned char, unsigned char, unsigned char)
                0x00000000c0022b34                PCI::getProgIF(unsigned char, unsigned char, unsigned char)
                0x00000000c0022b58                PCI::getRevisionID(unsigned char, unsigned char, unsigned char)
                0x00000000c0022b7a                PCI::getInterruptNumber(unsigned char, unsigned char, unsigned char)
                0x00000000c0022b9c                PCI::getSecondaryBus(unsigned char, unsigned char, unsigned char)
                0x00000000c0022bc0                PCI::getBARAddress(unsigned char, unsigned char, unsigned char, unsigned char)
                0x00000000c0022c20                PCI::pciWriteWord(unsigned char, unsigned char, unsigned char, unsigned char, unsigned short)
                0x00000000c0022c8c                PCI::checkBus(unsigned char)
                0x00000000c0022cb0                PCI::foundDevice(PCIDeviceInfo)
                0x00000000c0022e22                PCI::getDeviceData(unsigned char, unsigned char, unsigned char)
                0x00000000c0022fce                PCI::checkDevice(unsigned char, unsigned char)
                0x00000000c002303a                PCI::detect()
 *fill*         0x00000000c002308d        0x1 
 .text          0x00000000c002308e      0xc70 hw/diskctrl/ide.32
                0x00000000c002308e                IDE::close(int, int, void*)
                0x00000000c0023092                IDE::IDE()
                0x00000000c0023092                IDE::IDE()
                0x00000000c00230c6                IDE::prepareInterrupt(unsigned char)
                0x00000000c00230d8                selectDrive(unsigned char, unsigned char)
                0x00000000c00230da                IDE::getBase(unsigned char)
                0x00000000c00230ec                IDE::write(unsigned char, unsigned char, unsigned char)
                0x00000000c00231ac                IDE::read(unsigned char, unsigned char)
                0x00000000c002325a                IDE::waitInterrupt(unsigned char)
                0x00000000c00232c0                ideChannel0IRQHandler(regs*, void*)
                0x00000000c00232dc                ideChannel1IRQHandler(regs*, void*)
                0x00000000c00232f8                IDE::enableIRQs(unsigned char, bool)
                0x00000000c002333e                IDE::open(int, int, void*)
                0x00000000c002374e                IDE::readBuffer(unsigned char, unsigned char, unsigned int, unsigned int)
                0x00000000c002381a                IDE::detect()
                0x00000000c0023b02                IDE::printError(unsigned char, unsigned char, unsigned char)
                0x00000000c0023c98                IDE::polling(unsigned char, unsigned int)
 .text          0x00000000c0023cfe      0x390 hw/diskctrl/satabus.32
                0x00000000c0023cfe                SATABus::close(int, int, void*)
                0x00000000c0023d02                SATABus::detect()
                0x00000000c0023d04                SATABus::SATABus()
                0x00000000c0023d04                SATABus::SATABus()
                0x00000000c0023db0                SATABus::findCmdslot(SATABus::tagHBA_PORT volatile*)
                0x00000000c0023df8                SATABus::checkType(SATABus::tagHBA_PORT volatile*)
                0x00000000c0023e40                SATABus::startCmd(SATABus::tagHBA_PORT volatile*)
                0x00000000c0023e60                SATABus::stopCmd(SATABus::tagHBA_PORT volatile*)
                0x00000000c0023e8a                SATABus::portRebase(SATABus::tagHBA_PORT volatile*, int)
                0x00000000c0023f90                SATABus::probePort(SATABus::tagHBA_MEM volatile*)
                0x00000000c002406e                SATABus::open(int, int, void*)
 .text          0x00000000c002408e      0x63c hw/diskphys/ata.32
                0x00000000c002408e                ATA::close(int, int, void*)
                0x00000000c00240b2                ATA::powerSaving(PowerSavingLevel)
                0x00000000c00240b4                ATA::ATA()
                0x00000000c00240b4                ATA::ATA()
                0x00000000c00240e2                ATA::flush(bool)
                0x00000000c002412c                ATA::readyForCommand()
                0x00000000c002417c                ATA::access(unsigned long long, int, void*, bool)
                0x00000000c0024504                ATA::read(unsigned long long, int, void*)
                0x00000000c002456c                ATA::write(unsigned long long, int, void*)
                0x00000000c00245d4                ATA::detectCHS()
                0x00000000c00245fe                ATA::open(int, int, void*)
 .text          0x00000000c00246ca      0x5bd hw/diskphys/atapi.32
                0x00000000c00246ca                ATAPI::write(unsigned long long, int, void*)
                0x00000000c00246d0                ATAPI::close(int, int, void*)
                0x00000000c00246f4                ATAPI::ATAPI()
                0x00000000c00246f4                ATAPI::ATAPI()
                0x00000000c0024722                ATAPI::readyForCommand()
                0x00000000c0024772                ATAPI::sendPacket(unsigned char*, int, bool, unsigned short*, int)
                0x00000000c0024a32                ATAPI::diskRemoved()
                0x00000000c0024a4e                ATAPI::eject()
                0x00000000c0024a96                ATAPI::diskInserted()
                0x00000000c0024ac4                ATAPI::detectMedia()
                0x00000000c0024b80                ATAPI::open(int, int, void*)
                0x00000000c0024c08                ATAPI::read(unsigned long long, int, void*)
 *fill*         0x00000000c0024c87        0x1 
 .text          0x00000000c0024c88      0x455 hw/diskphys/sata.32
                0x00000000c0024c88                SATA::close(int, int, void*)
                0x00000000c0024cac                SATA::powerSaving(PowerSavingLevel)
                0x00000000c0024cae                SATA::open(int, int, void*)
                0x00000000c0024d5c                SATA::SATA()
                0x00000000c0024d5c                SATA::SATA()
                0x00000000c0024d8a                SATA::access(unsigned long long, int, void*, bool)
                0x00000000c0024ff0                SATA::read(unsigned long long, int, void*)
                0x00000000c0025058                SATA::write(unsigned long long, int, void*)
 *fill*         0x00000000c00250dd        0x1 
 .text          0x00000000c00250de      0x500 hw/diskphys/satapi.32
                0x00000000c00250de                SATAPI::write(unsigned long long, int, void*)
                0x00000000c00250e4                SATAPI::close(int, int, void*)
                0x00000000c0025108                SATAPI::SATAPI()
                0x00000000c0025108                SATAPI::SATAPI()
                0x00000000c0025136                SATAPI::diskRemoved()
                0x00000000c0025152                SATAPI::diskInserted()
                0x00000000c0025180                SATAPI::sendPacket(unsigned char*, int, unsigned long long, unsigned short*, int)
                0x00000000c0025384                SATAPI::eject()
                0x00000000c00253cc                SATAPI::detectMedia()
                0x00000000c002548e                SATAPI::open(int, int, void*)
                0x00000000c002553c                SATAPI::read(unsigned long long, int, void*)
 .text          0x00000000c00255de       0x8e hw/fpu/avx.32
                0x00000000c00255de                AVX::open(int, int, void*)
                0x00000000c00255f0                AVX::close(int, int, void*)
                0x00000000c0025602                AVX::available()
                0x00000000c0025614                AVX::save(void*)
                0x00000000c002562c                AVX::load(void*)
                0x00000000c0025644                AVX::AVX()
                0x00000000c0025644                AVX::AVX()
 .text          0x00000000c002566c       0x90 hw/fpu/mmx.32
                0x00000000c002566c                MMX::available()
                0x00000000c0025680                MMX::open(int, int, void*)
                0x00000000c0025692                MMX::close(int, int, void*)
                0x00000000c00256a4                MMX::save(void*)
                0x00000000c00256bc                MMX::load(void*)
                0x00000000c00256d4                MMX::MMX()
                0x00000000c00256d4                MMX::MMX()
 .text          0x00000000c00256fc       0x96 hw/fpu/sse.32
                0x00000000c00256fc                SSE::open(int, int, void*)
                0x00000000c002570e                SSE::close(int, int, void*)
                0x00000000c0025720                SSE::available()
                0x00000000c002573a                SSE::save(void*)
                0x00000000c0025752                SSE::load(void*)
                0x00000000c002576a                SSE::SSE()
                0x00000000c002576a                SSE::SSE()
 .text          0x00000000c0025792       0x8e hw/fpu/x87.32
                0x00000000c0025792                x87::open(int, int, void*)
                0x00000000c00257a4                x87::close(int, int, void*)
                0x00000000c00257b6                x87::available()
                0x00000000c00257c8                x87::save(void*)
                0x00000000c00257e0                x87::load(void*)
                0x00000000c00257f8                x87::x87()
                0x00000000c00257f8                x87::x87()
 .text          0x00000000c0025820      0x71e hw/intctrl/apic.32
                0x00000000c0025820                APIC::disable()
                0x00000000c0025822                APIC::close(int, int, void*)
                0x00000000c0025844                IOAPIC::close(int, int, void*)
                0x00000000c002584a                APIC::io_wait()
                0x00000000c0025850                APIC::getBase()
                0x00000000c0025892                APIC::eoi(unsigned char)
                0x00000000c00258c0                APIC::open(int, int, void*)
                0x00000000c0025a0e                IOAPIC::IOAPIC()
                0x00000000c0025a0e                IOAPIC::IOAPIC()
                0x00000000c0025a36                APIC::APIC()
                0x00000000c0025a36                APIC::APIC()
                0x00000000c0025b12                IOAPIC::handlesGSIWithNumber(unsigned int)
                0x00000000c0025b44                IOAPIC::read(int)
                0x00000000c0025b6c                IOAPIC::open(int, int, void*)
                0x00000000c0025c62                IOAPIC::write(int, int)
                0x00000000c0025c8e                IOAPIC::redirect(unsigned char, unsigned long long, unsigned char, bool, bool)
                0x00000000c0025d88                APIC::installIRQHandler(int, void (*)(regs*, void*), bool, void*)
 .text          0x00000000c0025f3e      0x3d3 hw/intctrl/pic.32
                0x00000000c0025f3e                PIC::disable()
                0x00000000c0025f6c                PIC::close(int, int, void*)
                0x00000000c0025f8e                PIC::PIC()
                0x00000000c0025f8e                PIC::PIC()
                0x00000000c0026064                PIC::ioWait()
                0x00000000c002606a                PIC::getIRQReg(int)
                0x00000000c00260d4                PIC::eoi(unsigned char)
                0x00000000c0026166                PIC::remap()
                0x00000000c00262d2                PIC::open(int, int, void*)
 *fill*         0x00000000c0026311        0x1 
 .text          0x00000000c0026312      0x25e hw/timer/apictimer.32
                0x00000000c0026312                APICTimer::close(int, int, void*)
                0x00000000c0026318                apicTimerHandler(regs*, void*)
                0x00000000c0026346                APICTimer::write(int)
                0x00000000c002644a                APICTimer::open(int, int, void*)
                0x00000000c0026548                APICTimer::APICTimer()
                0x00000000c0026548                APICTimer::APICTimer()
 .text          0x00000000c0026570      0x1a7 hw/timer/pit.32
                0x00000000c0026570                PIT::write(int)
                0x00000000c00265ee                pitHandler(regs*, void*)
                0x00000000c002661a                PIT::open(int, int, void*)
                0x00000000c0026668                PIT::close(int, int, void*)
                0x00000000c0026698                PIT::PIT()
                0x00000000c0026698                PIT::PIT()
 *fill*         0x00000000c0026717        0x9 
 .text          0x00000000c0026720       0x1e hw/fpu/x86/avx.32
                0x00000000c0026720                avxDetect
                0x00000000c0026726                avxSave
                0x00000000c0026727                avxLoad
                0x00000000c0026728                avxInit
                0x00000000c0026729                avxClose
                0x00000000c002672a                wouldSheSayYes
 *fill*         0x00000000c002673e        0x2 
 .text          0x00000000c0026740       0x35 hw/fpu/x86/sse.32
                0x00000000c0026740                absolutelyNoChanceInHell
                0x00000000c0026740                sseDetect
                0x00000000c0026758                sseSave
                0x00000000c002675e                sseLoad
                0x00000000c0026764                sseInit
                0x00000000c0026774                sseClose
 *fill*         0x00000000c0026775        0xb 
 .text          0x00000000c0026780       0x47 hw/fpu/x86/x87.32
                0x00000000c0026786                x87Detect
                0x00000000c00267a1                x87Save
                0x00000000c00267a7                x87Load
                0x00000000c00267ac                x87Init
                0x00000000c00267c6                x87Close
 *fill*         0x00000000c00267c7        0x1 
 .text          0x00000000c00267c8       0x25 /cygdrive/d/Users/Alex/Desktop/Toolchain/Output/bin/../lib/gcc/i386-banana/8.1.0/crtend.o
 .text          0x00000000c00267ed        0x0 crtn.32
 *fill*         0x00000000c00267ed        0x3 
 .text          0x00000000c00267f0      0x14b /cygdrive/d/Users/Alex/Desktop/Toolchain/Output/bin/../lib/gcc/i386-banana/8.1.0/libkgcc.a(_divdi3.o)
                0x00000000c00267f0                __divdi3
 *fill*         0x00000000c002693b        0x1 
 .text          0x00000000c002693c      0x17e /cygdrive/d/Users/Alex/Desktop/Toolchain/Output/bin/../lib/gcc/i386-banana/8.1.0/libkgcc.a(_moddi3.o)
                0x00000000c002693c                __moddi3
 *fill*         0x00000000c0026aba        0x2 
 .text          0x00000000c0026abc       0xff /cygdrive/d/Users/Alex/Desktop/Toolchain/Output/bin/../lib/gcc/i386-banana/8.1.0/libkgcc.a(_udivdi3.o)
                0x00000000c0026abc                __udivdi3
 *fill*         0x00000000c0026bbb        0x1 
 .text          0x00000000c0026bbc      0x11a /cygdrive/d/Users/Alex/Desktop/Toolchain/Output/bin/../lib/gcc/i386-banana/8.1.0/libkgcc.a(_umoddi3.o)
                0x00000000c0026bbc                __umoddi3
 .text          0x00000000c0026cd6      0x96d D:/Users/Alex/Desktop/Banana/kernel/libsoftfp.a(sfieeelib.o)
                0x00000000c0026cd6                __addsf3
                0x00000000c0026fd8                __subsf3
                0x00000000c0026fec                __negsf2
                0x00000000c0026ff9                __mulsf3
                0x00000000c00271bc                __divsf3
                0x00000000c00273e7                __floatsisf
                0x00000000c002745b                __floatunsisf
                0x00000000c002749d                __fixsfsi
                0x00000000c00274ff                __fixunssfsi