Archive member included to satisfy reference by file (symbol)

/cygdrive/d/Users/Alex/Desktop/Toolchain/Output/bin/../lib/gcc/i386-banana/8.1.0/libgcc.a(_divdi3.o)
                              fs/fat/ff.32 (__divdi3)
/cygdrive/d/Users/Alex/Desktop/Toolchain/Output/bin/../lib/gcc/i386-banana/8.1.0/libgcc.a(_moddi3.o)
                              thr/elf.32 (__moddi3)
/cygdrive/d/Users/Alex/Desktop/Toolchain/Output/bin/../lib/gcc/i386-banana/8.1.0/libgcc.a(_udivdi3.o)
                              fs/fat/ff.32 (__udivdi3)
/cygdrive/d/Users/Alex/Desktop/Toolchain/Output/bin/../lib/gcc/i386-banana/8.1.0/libgcc.a(_umoddi3.o)
                              core/pipe.32 (__umoddi3)
D:/Users/Alex/Desktop/Banana/kernel/libk/libm32.a(s_fabs.c.o)
                              hal/libresample/samplerate.32 (fabs)
D:/Users/Alex/Desktop/Banana/kernel/libk/libm32.a(s_lrint.S.o)
                              hal/libresample/samplerate.32 (lrint)
D:/Users/Alex/Desktop/Banana/kernel/libk/libm32.a(s_lrintf.S.o)
                              hal/sound/sndhw.32 (lrintf)

Discarded input sections

 .comment       0x0000000000000000       0x12 /cygdrive/d/Users/Alex/Desktop/Toolchain/Output/bin/../lib/gcc/i386-banana/8.1.0/crtbegin.o
 .comment       0x0000000000000000       0x12 acpica/utclib.32
 .comment       0x0000000000000000       0x12 core/malloc.32
 .comment       0x0000000000000000       0x12 libk/string.32
 .comment       0x0000000000000000       0x12 fs/fat/diskio.32
 .comment       0x0000000000000000       0x12 fs/fat/ff.32
 .comment       0x0000000000000000       0x12 fs/fat/ffsystem.32
 .comment       0x0000000000000000       0x12 fs/fat/ffunicode.32
 .comment       0x0000000000000000       0x12 hal/libresample/samplerate.32
 .comment       0x0000000000000000       0x12 hal/libresample/src_linear.32
 .comment       0x0000000000000000       0x12 hal/libresample/src_sinc.32
 .comment       0x0000000000000000       0x12 hal/libresample/src_zoh.32
 .group         0x0000000000000000       0x14 core/computer.32
 .group         0x0000000000000000        0xc core/computer.32
 .comment       0x0000000000000000       0x12 core/computer.32
 .comment       0x0000000000000000       0x12 core/gdt.32
 .group         0x0000000000000000        0xc core/idle.32
 .comment       0x0000000000000000       0x12 core/idle.32
 .comment       0x0000000000000000       0x12 core/idt.32
 .group         0x0000000000000000        0x8 core/kheap.32
 .group         0x0000000000000000        0x8 core/kheap.32
 .comment       0x0000000000000000       0x12 core/kheap.32
 .comment       0x0000000000000000       0x12 core/main.32
 .comment       0x0000000000000000       0x12 core/physmgr.32
 .group         0x0000000000000000        0xc core/pipe.32
 .comment       0x0000000000000000       0x12 core/pipe.32
 .group         0x0000000000000000        0xc core/terminal.32
 .comment       0x0000000000000000       0x12 core/terminal.32
 .group         0x0000000000000000        0x8 core/tss.32
 .text._ZN3CPU7readCR3Ev
                0x0000000000000000       0x12 core/tss.32
 .comment       0x0000000000000000       0x12 core/tss.32
 .group         0x0000000000000000        0x8 core/unixfile.32
 .group         0x0000000000000000        0xc core/unixfile.32
 .group         0x0000000000000000        0xc core/unixfile.32
 .group         0x0000000000000000        0x8 core/unixfile.32
 .group         0x0000000000000000        0xc core/unixfile.32
 .group         0x0000000000000000        0x8 core/unixfile.32
 .group         0x0000000000000000        0xc core/unixfile.32
 .group         0x0000000000000000        0xc core/unixfile.32
 .comment       0x0000000000000000       0x12 core/unixfile.32
 .group         0x0000000000000000        0x8 core/virtmgr.32
 .group         0x0000000000000000        0x8 core/virtmgr.32
 .text._ZN3CPU7readCR3Ev
                0x0000000000000000       0x12 core/virtmgr.32
 .text._ZN3CPU8writeCR3Em
                0x0000000000000000        0x9 core/virtmgr.32
 .comment       0x0000000000000000       0x12 core/virtmgr.32
 .comment       0x0000000000000000       0x12 coreobjs/c++.32
 .comment       0x0000000000000000       0x12 dbg/kconsole.32
 .group         0x0000000000000000        0xc fs/vfs.32
 .group         0x0000000000000000        0xc fs/vfs.32
 .group         0x0000000000000000        0xc fs/vfs.32
 .comment       0x0000000000000000       0x12 fs/vfs.32
 .group         0x0000000000000000        0xc hal/bus.32
 .comment       0x0000000000000000       0x12 hal/bus.32
 .group         0x0000000000000000        0xc hal/buzzer.32
 .comment       0x0000000000000000       0x12 hal/buzzer.32
 .group         0x0000000000000000        0xc hal/clock.32
 .comment       0x0000000000000000       0x12 hal/clock.32
 .group         0x0000000000000000       0x14 hal/device.32
 .group         0x0000000000000000        0xc hal/device.32
 .group         0x0000000000000000        0xc hal/device.32
[...]
Memory Configuration

Name             Origin             Length             Attributes
*default*        0x0000000000000000 0xffffffffffffffff

Linker script and memory map

LOAD D:/Users/Alex/Desktop/Banana/kernel/boot.32
LOAD crti.32
LOAD /cygdrive/d/Users/Alex/Desktop/Toolchain/Output/bin/../lib/gcc/i386-banana/8.1.0/crtbegin.o
LOAD D:/Users/Alex/Desktop/Banana/kernel/morenasm.32
LOAD acpica/utclib.32
LOAD core/malloc.32
LOAD libk/string.32
LOAD fs/fat/diskio.32
LOAD fs/fat/ff.32
LOAD fs/fat/ffsystem.32
LOAD fs/fat/ffunicode.32
LOAD hal/libresample/samplerate.32
LOAD hal/libresample/src_linear.32
LOAD hal/libresample/src_sinc.32
LOAD hal/libresample/src_zoh.32
LOAD core/computer.32
LOAD core/gdt.32
LOAD core/idle.32
LOAD core/idt.32
LOAD core/kheap.32
LOAD core/main.32
LOAD core/physmgr.32
LOAD core/pipe.32
LOAD core/terminal.32
LOAD core/tss.32
LOAD core/unixfile.32
LOAD core/virtmgr.32
LOAD coreobjs/c++.32
LOAD dbg/kconsole.32
LOAD fs/vfs.32
LOAD hal/bus.32
LOAD hal/buzzer.32
LOAD hal/clock.32
LOAD hal/device.32
LOAD hal/diskctrl.32
LOAD hal/diskphys.32
LOAD hal/fpu.32
LOAD hal/intctrl.32
LOAD hal/keybrd.32
LOAD hal/logidisk.32
LOAD hal/mouse.32
LOAD hal/partition.32
LOAD hal/timer.32
LOAD hal/vcache.32
LOAD hal/video.32
LOAD hw/acpi.32
LOAD hw/cpu.32
LOAD hw/ports.32
LOAD krnl/panic.32
LOAD reg/registry.32
LOAD sys/sc_exit.32
LOAD sys/sc_loaddll.32
LOAD sys/sc_read.32
LOAD sys/sc_sbrk.32
LOAD sys/sc_write.32
LOAD sys/sc_yield.32
LOAD sys/syscalls.32
LOAD thr/elf.32
LOAD thr/prcssthr.32
LOAD vm86/vm8086.32
LOAD fs/fat/vfslink.32
LOAD fs/iso9660/vfslink.32
LOAD hal/sound/sndchannel.32
LOAD hal/sound/sndhw.32
LOAD hw/bus/isa.32
LOAD hw/bus/pci.32
LOAD hw/diskctrl/ide.32
LOAD hw/diskphys/ata.32
LOAD hw/diskphys/atapi.32
LOAD hw/fpu/avx.32
LOAD hw/fpu/mmx.32
LOAD hw/fpu/sse.32
LOAD hw/fpu/x87.32
LOAD hw/intctrl/apic.32
LOAD hw/intctrl/pic.32
LOAD hw/timer/apictimer.32
LOAD hw/timer/pit.32
LOAD hw/fpu/x86/avx.32
LOAD hw/fpu/x86/sse.32
LOAD hw/fpu/x86/x87.32
LOAD /cygdrive/d/Users/Alex/Desktop/Toolchain/Output/bin/../lib/gcc/i386-banana/8.1.0/crtend.o
LOAD crtn.32
LOAD /cygdrive/d/Users/Alex/Desktop/Toolchain/Output/bin/../lib/gcc/i386-banana/8.1.0/libgcc.a
LOAD D:/Users/Alex/Desktop/Banana/kernel/libk/libm32.a
                0x00000000c0000000                . = 0xc0000000

.text           0x00000000c0000000    0x1e978
 *(.text)
 .text          0x00000000c0000000       0x41 D:/Users/Alex/Desktop/Banana/kernel/boot.32
                0x00000000c0000020                callGlobalConstructors
 .text          0x00000000c0000041        0x0 crti.32
 *fill*         0x00000000c0000041        0x3 
 .text          0x00000000c0000044      0x101 /cygdrive/d/Users/Alex/Desktop/Toolchain/Output/bin/../lib/gcc/i386-banana/8.1.0/crtbegin.o
 *fill*         0x00000000c0000145        0xb 
 .text          0x00000000c0000150      0x41f D:/Users/Alex/Desktop/Banana/kernel/morenasm.32
                0x00000000c0000150                doTPAUSE
                0x00000000c000015a                hasLegacyFPU
                0x00000000c000017f                is486
                0x00000000c00001b5                goToVM86
                0x00000000c00001e6                goToUsermode
                0x00000000c0000211                switchToThreadASMFirstTime
                0x00000000c000021f                switchToThreadASM
                0x00000000c00002bf                detectCPUID
                0x00000000c00002d5                asmQuickAcquireLock
                0x00000000c00002f3                asmQuickReleaseLock
                0x00000000c00002ff                asmAcquireLock
                0x00000000c0000320                asmReleaseLock
                0x00000000c0000333                loadGDT
                0x00000000c0000353                isr0
                0x00000000c0000363                isr1
                0x00000000c000036d                isr2
                0x00000000c0000377                isr3
                0x00000000c0000381                isr4
                0x00000000c000038b                isr5
                0x00000000c0000395                isr6
                0x00000000c000039f                isr7
                0x00000000c00003a9                isr8
                0x00000000c00003b1                isr9
                0x00000000c00003bb                isr10
                0x00000000c00003c3                isr11
                0x00000000c00003cb                isr12
                0x00000000c00003d3                isr13
                0x00000000c00003db                isr14
                0x00000000c00003e3                isr15
                0x00000000c00003ed                isr16
                0x00000000c00003f7                isr17
                0x00000000c0000401                isr18
                0x00000000c000040b                isr96
                0x00000000c0000415                irq0
                0x00000000c000041f                irq1
                0x00000000c0000429                irq2
                0x00000000c0000433                irq3
                0x00000000c000043d                irq4
                0x00000000c0000447                irq5
                0x00000000c0000451                irq6
                0x00000000c000045b                irq7
                0x00000000c0000465                irq8
                0x00000000c000046f                irq9
                0x00000000c0000479                irq10
                0x00000000c0000483                irq11
                0x00000000c000048d                irq12
                0x00000000c0000497                irq13
                0x00000000c00004a1                irq14
                0x00000000c00004ab                irq15
                0x00000000c00004b5                irq16
                0x00000000c00004bf                irq17
                0x00000000c00004c9                irq18
                0x00000000c00004d3                irq19
                0x00000000c00004dd                irq20
                0x00000000c00004e7                irq21
                0x00000000c00004f1                irq22
                0x00000000c00004fb                irq23
                0x00000000c0000505                int_common_stub
                0x00000000c0000535                syscall_common_stub
 .text          0x00000000c000056f      0x40f acpica/utclib.32
                0x00000000c000056f                memcmp
                0x00000000c000059a                memmove
                0x00000000c00005d2                memcpy
                0x00000000c0000608                memset
                0x00000000c0000625                strlen
                0x00000000c0000635                strpbrk
                0x00000000c0000658                strtok
                0x00000000c00006a7                strcpy
                0x00000000c00006c7                strncpy
                0x00000000c00006f8                strcmp
                0x00000000c0000719                strchr
                0x00000000c000072f                strncmp
                0x00000000c000075e                strcat
                0x00000000c0000785                strncat
                0x00000000c00007bf                strstr
                0x00000000c00007fc                toupper
                0x00000000c0000810                tolower
                0x00000000c0000824                simple_strtoul
 .text          0x00000000c000097e      0xfbf core/malloc.32
                0x00000000c0000ae9                dlfree
                0x00000000c0000e44                dlmalloc
                0x00000000c0001381                dlrealloc
                0x00000000c0001536                dlmemalign
                0x00000000c0001659                dlcalloc
                0x00000000c00016f3                dlcfree
                0x00000000c00016f8                dlindependent_calloc
                0x00000000c000171d                dlindependent_comalloc
                0x00000000c0001734                dlvalloc
                0x00000000c000175f                dlpvalloc
                0x00000000c0001795                dlmalloc_trim
                0x00000000c00017a2                dlmalloc_usable_size
                0x00000000c00017d3                dlmallinfo
                0x00000000c00018a2                dlmalloc_stats
                0x00000000c00018b3                dlmallopt
 .text          0x00000000c000193d        0x0 libk/string.32
 .text          0x00000000c000193d       0x51 fs/fat/diskio.32
                0x00000000c000193d                disk_status
                0x00000000c0001940                disk_initialize
                0x00000000c0001943                disk_read
                0x00000000c0001959                disk_write
                0x00000000c000196f                disk_ioctl
 .text          0x00000000c000198e     0x6833 fs/fat/ff.32
                0x00000000c0004c5c                f_mount
                0x00000000c0004cbe                f_open
                0x00000000c00050fa                f_read
                0x00000000c000537a                f_write
                0x00000000c0005634                f_sync
                0x00000000c0005810                f_close
                0x00000000c000583f                f_lseek
                0x00000000c0005cf6                f_opendir
                0x00000000c0005df8                f_closedir
                0x00000000c0005e1a                f_readdir
                0x00000000c0005eb5                f_stat
                0x00000000c0005f44                f_getfree
                0x00000000c000610f                f_truncate
                0x00000000c0006207                f_unlink
                0x00000000c000638a                f_mkdir
                0x00000000c00065b6                f_rename
                0x00000000c00068a9                f_chmod
                0x00000000c0006987                f_utime
                0x00000000c0006a65                f_getlabel
                0x00000000c0006c53                f_setlabel
                0x00000000c0006ec0                f_forward
                0x00000000c000709e                f_mkfs
 .text          0x00000000c00081c1       0x2d fs/fat/ffsystem.32
                0x00000000c00081c1                ff_memalloc
                0x00000000c00081d7                ff_memfree
 .text          0x00000000c00081ee      0x253 fs/fat/ffunicode.32
                0x00000000c00081ee                ff_uni2oem
                0x00000000c000827e                ff_oem2uni
                0x00000000c00082ea                ff_wtoupper
 .text          0x00000000c0008441      0x70e hal/libresample/samplerate.32
                0x00000000c00084c9                src_delete
                0x00000000c0008505                src_process
                0x00000000c000862d                src_callback_read
                0x00000000c000878e                src_set_ratio
                0x00000000c00087e5                src_get_channels
                0x00000000c0008807                src_reset
                0x00000000c000884b                src_new
                0x00000000c00088d9                src_callback_new
                0x00000000c000893b                src_get_name
                0x00000000c0008972                src_get_description
                0x00000000c00089a9                src_get_version
                0x00000000c00089af                src_is_valid_ratio
                0x00000000c00089c9                src_error
                0x00000000c00089d7                src_strerror
                0x00000000c00089ea                src_simple
                0x00000000c0008a3d                src_short_to_float_array
                0x00000000c0008a63                src_float_to_short_array
                0x00000000c0008ac7                src_int_to_float_array
                0x00000000c0008aed                src_float_to_int_array
 .text          0x00000000c0008b4f      0x3fd hal/libresample/src_linear.32
                0x00000000c0008ea7                linear_get_name
                0x00000000c0008eb6                linear_get_description
                0x00000000c0008ec5                linear_set_converter
 .text          0x00000000c0008f4c     0x1a3f hal/libresample/src_sinc.32
                0x00000000c000a8a2                sinc_get_name
                0x00000000c000a8b5                sinc_get_description
                0x00000000c000a8c8                sinc_set_converter
 .text          0x00000000c000a98b      0x3d3 hal/libresample/src_zoh.32
                0x00000000c000acb9                zoh_get_name
                0x00000000c000acc8                zoh_get_description
                0x00000000c000acd7                zoh_set_converter
 .text          0x00000000c000ad5e      0x695 core/computer.32
                0x00000000c000ad5e                Computer::close(int, int, void*)
                0x00000000c000ada2                Computer::Computer()
                0x00000000c000ada2                Computer::Computer()
                0x00000000c000aefe                Computer::setBootMessage(char const*)
                0x00000000c000af00                Computer::start()
                0x00000000c000afdc                firstTask()
                0x00000000c000afea                Computer::detectFeatures()
                0x00000000c000b1c4                Computer::displayFeatures()
                0x00000000c000b1c6                Computer::rdmsr(unsigned int)
                0x00000000c000b1f2                Computer::wrmsr(unsigned int, unsigned long long)
                0x00000000c000b22a                Computer::nmiEnabled()
                0x00000000c000b236                Computer::readCMOS(unsigned char)
                0x00000000c000b250                Computer::enableNMI(bool)
                0x00000000c000b268                Computer::open(int, int, void*)
                0x00000000c000b336                Computer::disableNMI()
                0x00000000c000b344                Computer::writeCMOS(unsigned char, unsigned char)
                0x00000000c000b362                Computer::handleNMI()
                0x00000000c000b3c8                Computer::setDiskActivityLight(int, bool)
 *fill*         0x00000000c000b3f3        0x1 
 .text          0x00000000c000b3f4      0x1b7 core/gdt.32
                0x00000000c000b3f4                GDTEntry::setBase(unsigned int)
                0x00000000c000b410                GDTEntry::setLimit(unsigned int)
                0x00000000c000b42e                GDT::GDT()
                0x00000000c000b42e                GDT::GDT()
                0x00000000c000b444                GDT::addEntry(GDTEntry)
                0x00000000c000b480                GDT::getNumberOfEntries()
                0x00000000c000b488                GDT::flush()
                0x00000000c000b4aa                GDT::setup()
 .text          0x00000000c000b5ab       0x61 core/idle.32
                0x00000000c000b5ab                idleFunction(void*)
 .text          0x00000000c000b60c      0x45f core/idt.32
                0x00000000c000b60c                IDTEntry::IDTEntry(bool)
                0x00000000c000b60c                IDTEntry::IDTEntry(bool)
                0x00000000c000b67a                IDTEntry::setOffset(unsigned int)
                0x00000000c000b68e                IDT::IDT()
                0x00000000c000b68e                IDT::IDT()
                0x00000000c000b690                IDT::getPointerToInvalidOpcodeEntryForF00F()
                0x00000000c000b698                IDT::addEntry(IDTEntry, int)
                0x00000000c000b6b2                IDT::addEntry(int, void (*)(), bool)
                0x00000000c000b6ea                IDT::flush()
                0x00000000c000b704                IDT::setup()
 .text          0x00000000c000ba6b      0x20d core/kheap.32
                0x00000000c000ba6b                sbrk
                0x00000000c000bb83                mmap
                0x00000000c000bb99                munmap
                0x00000000c000bbaf                liballoc_lock()
                0x00000000c000bbc0                liballoc_unlock()
                0x00000000c000bbd1                liballoc_alloc(int)
                0x00000000c000bbec                liballoc_free(void*, int)
                0x00000000c000bc0a                realloc
                0x00000000c000bc1e                malloc
                0x00000000c000bc2e                free
                0x00000000c000bc3e                rfree
                0x00000000c000bc4e                calloc
 .text          0x00000000c000bc78      0x38d core/main.32
                0x00000000c000bc78                hwTextMode_loadInData(VgaText*)
                0x00000000c000bcbd                hwTextMode_loadInTitle(VgaText*, char*)
                0x00000000c000bcff                hwTextMode_showCursor(VgaText*, bool)
                0x00000000c000bd53                hwTextMode_update(VgaText*)
                0x00000000c000bd54                hwTextMode_updateCursor(VgaText*)
                0x00000000c000bd9c                hwTextMode_disableBlink(VgaText*, bool)
                0x00000000c000bdd8                hwTextMode_scrollScreen(VgaText*)
                0x00000000c000be5e                hwTextMode_writeCharacter(VgaText*, char, VgaColour, VgaColour, int, int)
                0x00000000c000bebc                setupTextMode()
                0x00000000c000bf0d                kernel_main
 .text          0x00000000c000c005      0x46c core/physmgr.32
                0x00000000c000c005                Phys::allocateDMA(unsigned long)
                0x00000000c000c0a8                Phys::freeDMA(unsigned long, unsigned long)
                0x00000000c000c0f0                Phys::setPageState(unsigned long, bool)
                0x00000000c000c122                Phys::getPageState(unsigned long)
                0x00000000c000c13e                Phys::freePage(unsigned long)
                0x00000000c000c1c8                Phys::allocatePage()
                0x00000000c000c284                Phys::allowSegmentToBeUsed(unsigned long, unsigned long)
                0x00000000c000c2bc                Phys::physicalMemorySetup(unsigned int)
 *fill*         0x00000000c000c471        0x1 
 .text          0x00000000c000c472      0x273 core/pipe.32
                0x00000000c000c472                Pipe::isAtty()
                0x00000000c000c476                Pipe::~Pipe()
                0x00000000c000c476                Pipe::~Pipe()
                0x00000000c000c49a                Pipe::~Pipe()
                0x00000000c000c4c2                Pipe::read(unsigned long long, void*, int*)
                0x00000000c000c5b6                Pipe::write(unsigned long long, void*, int*)
                0x00000000c000c67e                Pipe::Pipe(int)
                0x00000000c000c67e                Pipe::Pipe(int)
 *fill*         0x00000000c000c6e5        0x1 
 .text          0x00000000c000c6e6      0xf65 core/terminal.32
                0x00000000c000c6e6                VgaText::isAtty()
                0x00000000c000c6ea                VgaText::~VgaText()
                0x00000000c000c6ea                VgaText::~VgaText()
                0x00000000c000c70e                VgaText::~VgaText()
                0x00000000c000c738                VgaText::read(unsigned long long, void*, int*)
                0x00000000c000c758                setTerminalScrollLock(bool)
                0x00000000c000c759                addToTerminalCycle(VgaText*)
                0x00000000c000c786                installVgaTextImplementation()
                0x00000000c000c79b                scrollTerminalScrollLock(int)
                0x00000000c000c79c                VgaText::load()
                0x00000000c000c7f0                VgaText::updateCursor()
                0x00000000c000c80a                VgaText::showCursor(bool)
                0x00000000c000c81a                VgaText::disableBlink(bool)
                0x00000000c000c854                VgaText::doANSI_SGR(int)
                0x00000000c000c8e0                VgaText::setDefaultBgColour(VgaColour)
                0x00000000c000c8f6                VgaText::setDefaultFgColour(VgaColour)
                0x00000000c000c90c                VgaText::setDefaultColours(VgaColour, VgaColour)
                0x00000000c000c92c                VgaText::combineColours(unsigned char, unsigned char)
                0x00000000c000c93e                VgaText::scrollScreen()
                0x00000000c000c9d2                VgaText::combineCharAndColour(char, unsigned char)
                0x00000000c000c9e4                VgaText::writeCharacter(char, VgaColour, VgaColour, int, int)
                0x00000000c000ca44                VgaText::getCursorX()
                0x00000000c000ca50                VgaText::getCursorY()
                0x00000000c000ca5c                VgaText::setCursor(int, int)
                0x00000000c000ca7a                VgaText::setCursorX(int)
                0x00000000c000ca96                VgaText::setCursorY(int)
                0x00000000c000cab2                VgaText::incrementCursor(bool)
                0x00000000c000cb1a                VgaText::updateRAMUsageDisplay(int)
                0x00000000c000cb74                VgaText::updateDiskUsage()
                0x00000000c000ccda                VgaText::updateTitle()
                0x00000000c000cd20                VgaText::setTitleTextColour(VgaColour)
                0x00000000c000cd30                VgaText::setTitleColour(VgaColour)
                0x00000000c000cd40                VgaText::setTitle(char*)
                0x00000000c000cd66                VgaText::decrementCursor(bool)
                0x00000000c000cd8e                VgaText::putchar(char, VgaColour, VgaColour)
                0x00000000c000ce8a                VgaText::isShowingCursor()
                0x00000000c000ce96                VgaText::isBlinkDisabled()
                0x00000000c000cea4                VgaText::setCursorHeight(int)
                0x00000000c000cec2                VgaText::getCursorHeight()
                0x00000000c000cecd                setActiveTerminal(VgaText*)
                0x00000000c000cf7f                doTerminalCycle()
                0x00000000c000cf9c                VgaText::doUpdate()
                0x00000000c000cfae                VgaText::puts(char const*, VgaColour, VgaColour)
                0x00000000c000d16e                VgaText::clearScreen()
                0x00000000c000d1d2                VgaText::putchar(char)
                0x00000000c000d2ec                VgaText::puts(char const*)
                0x00000000c000d312                VgaText::putx(unsigned int)
                0x00000000c000d358                VgaText::VgaText(char const*)
                0x00000000c000d358                VgaText::VgaText(char const*)
                0x00000000c000d4ea                VgaText::receiveKey(unsigned char)
                0x00000000c000d5d2                VgaText::write(unsigned long long, void*, int*)
                0x00000000c000d626                newTerminal(char*)
 *fill*         0x00000000c000d64b        0x1 
 .text          0x00000000c000d64c      0x18f core/tss.32
                0x00000000c000d64c                TSS::TSS()
                0x00000000c000d64c                TSS::TSS()
                0x00000000c000d65a                TSS::setESP(unsigned long)
                0x00000000c000d66c                TSS::flush()
                0x00000000c000d68c                TSS::setup(unsigned long, unsigned long)
 *fill*         0x00000000c000d7db        0x1 
 .text          0x00000000c000d7dc      0x51d core/unixfile.32
                0x00000000c000d7dc                ReservedFilename::read(unsigned long long, void*, int*)
                0x00000000c000d872                ReservedFilename::isAtty()
                0x00000000c000d8a8                ReservedFilename::write(unsigned long long, void*, int*)
                0x00000000c000d942                UnixFile::getFileDescriptor()
                0x00000000c000d94a                UnixFile::UnixFile(int)
                0x00000000c000d94a                UnixFile::UnixFile(int)
                0x00000000c000daba                ReservedFilename::ReservedFilename(int)
                0x00000000c000daba                ReservedFilename::ReservedFilename(int)
                0x00000000c000dae2                UnixFile::~UnixFile()
                0x00000000c000dae2                UnixFile::~UnixFile()
                0x00000000c000db7a                UnixFile::~UnixFile()
                0x00000000c000dba2                ReservedFilename::~ReservedFilename()
                0x00000000c000dba2                ReservedFilename::~ReservedFilename()
                0x00000000c000dbc6                ReservedFilename::~ReservedFilename()
                0x00000000c000dbed                getFromFileDescriptor(int)
 *fill*         0x00000000c000dcf9        0x1 
 .text          0x00000000c000dcfa     0x1175 core/virtmgr.32
                0x00000000c000dcfa                Virt::setPageState(unsigned long, Virt::VirtPageState)
                0x00000000c000dd2f                Virt::getPageState(unsigned long)
                0x00000000c000dd53                Virt::allocateKernelVirtualPages(int)
                0x00000000c000de64                Virt::virtualMemorySetup()
                0x00000000c000dee3                Virt::getAKernelVAS()
                0x00000000c000dee9                Virt::setupPageSwapping(int)
                0x00000000c000e00e                VAS::VAS()
                0x00000000c000e00e                VAS::VAS()
                0x00000000c000e03e                VAS::getForeignPageTableEntry(bool, unsigned long)
                0x00000000c000e06a                VAS::getPageTableEntry(unsigned long)
                0x00000000c000e089                Virt::freeKernelVirtualPages(unsigned long)
                0x00000000c000e1ac                VAS::freeAllocatedPages(unsigned long)
                0x00000000c000e1d0                VAS::virtualToPhysical(unsigned long)
                0x00000000c000e1e8                VAS::mapOtherVASIn(bool, VAS*)
                0x00000000c000e21e                VAS::~VAS()
                0x00000000c000e21e                VAS::~VAS()
                0x00000000c000e38a                VAS::mapPage(unsigned long, unsigned long, int)
                0x00000000c000e48a                VAS::allocatePages(int, int)
                0x00000000c000e65a                VAS::setCPUSpecific(unsigned long)
                0x00000000c000e676                VAS::mapRange(unsigned long, unsigned long, int, int)
                0x00000000c000e740                VAS::VAS(VAS*)
                0x00000000c000e740                VAS::VAS(VAS*)
                0x00000000c000ea8a                VAS::mapForeignPage(bool, VAS*, unsigned long, unsigned long, int)
                0x00000000c000eb78                VAS::VAS(bool)
                0x00000000c000eb78                VAS::VAS(bool)
                0x00000000c000eda8                mapVASFirstTime
 .text          0x00000000c000ee6f       0x93 coreobjs/c++.32
                0x00000000c000ee6f                __cxa_atexit
                0x00000000c000ee72                __cxa_finalize
                0x00000000c000ee73                __stack_chk_fail
                0x00000000c000eed3                __cxa_pure_virtual
                0x00000000c000eee4                operator new(unsigned long)
                0x00000000c000eee9                operator new[](unsigned long)
                0x00000000c000eeee                operator delete(void*)
                0x00000000c000eef3                operator delete(void*, unsigned long)
                0x00000000c000eef8                operator delete[](void*)
                0x00000000c000eefd                operator delete[](void*, unsigned long)
 .text          0x00000000c000ef02      0x1ef dbg/kconsole.32
                0x00000000c000ef02                Dbg::stringifyxWithBase(unsigned int, char*, int)
                0x00000000c000ef63                Dbg::logc(char)
                0x00000000c000ef7a                Dbg::logs(char*)
                0x00000000c000ef97                Dbg::logWriteInt(unsigned int)
                0x00000000c000efb4                Dbg::logWriteIntBase(unsigned int, int)
                0x00000000c000efd3                Dbg::kprintf(char const*, ...)
 *fill*         0x00000000c000f0f1        0x1 
 .text          0x00000000c000f0f2      0xb68 fs/vfs.32
                0x00000000c000f0f2                File::read(unsigned long long, void*, int*)
                0x00000000c000f14a                File::write(unsigned long long, void*, int*)
                0x00000000c000f1a2                Directory::read(unsigned long long, void*, int*)
                0x00000000c000f1fa                Directory::write(unsigned long long, void*, int*)
                0x00000000c000f228                File::isAtty()
                0x00000000c000f22c                Directory::isAtty()
                0x00000000c000f230                Filesystem::getlabel(LogicalDisk*, int, char*, unsigned int*)
                0x00000000c000f236                Filesystem::setlabel(LogicalDisk*, int, char*)
                0x00000000c000f23c                File::~File()
                0x00000000c000f23c                File::~File()
                0x00000000c000f260                File::~File()
                0x00000000c000f28a                Directory::~Directory()
                0x00000000c000f28a                Directory::~Directory()
                0x00000000c000f2ae                Directory::~Directory()
                0x00000000c000f2d8                Filesystem::Filesystem()
                0x00000000c000f2d8                Filesystem::Filesystem()
                0x00000000c000f2fc                Filesystem::~Filesystem()
                0x00000000c000f2fc                Filesystem::~Filesystem()
                0x00000000c000f30a                Filesystem::~Filesystem()
                0x00000000c000f32e                initVFS()
                0x00000000c000f358                standardiseFiles(char*, char const*, char const*)
                0x00000000c000f502                File::File(char const*, Process*)
                0x00000000c000f502                File::File(char const*, Process*)
                0x00000000c000f566                File::open(FileOpenMode)
                0x00000000c000f5c4                File::close()
                0x00000000c000f624                File::seek(unsigned long long)
                0x00000000c000f67a                File::tell(unsigned long long*)
                0x00000000c000f6ca                File::rewind()
                0x00000000c000f6de                File::unlink()
                0x00000000c000f72a                File::rename(char const*)
                0x00000000c000f778                File::chfatattr(unsigned char, unsigned char)
                0x00000000c000f7d4                File::exists()
                0x00000000c000f812                File::stat(unsigned long long*, bool*)
                0x00000000c000f873                getcwd(Process*, char*, int)
                0x00000000c000f89d                setcwd(Process*, char*)
                0x00000000c000f9c4                Directory::Directory(char const*, Process*)
                0x00000000c000f9c4                Directory::Directory(char const*, Process*)
                0x00000000c000fa28                Directory::open()
                0x00000000c000fa84                Directory::close()
                0x00000000c000fae4                Directory::unlink()
                0x00000000c000fb30                Directory::rename(char const*)
                0x00000000c000fb7e                Directory::exists()
                0x00000000c000fbbc                Directory::read(dirent*)
                0x00000000c000fc08                Directory::create()
                0x00000000c000fc54                Filesystem::chfatattr(char const*, unsigned char, unsigned char)
 .text          0x00000000c000fc5a       0x84 hal/bus.32
                0x00000000c000fc5a                Bus::Bus(char const*)
                0x00000000c000fc5a                Bus::Bus(char const*)
                0x00000000c000fc90                Bus::~Bus()
                0x00000000c000fc90                Bus::~Bus()
                0x00000000c000fcb4                Bus::~Bus()
 .text          0x00000000c000fcde      0x14e hal/buzzer.32
                0x00000000c000fcde                Buzzer::Buzzer(char const*)
                0x00000000c000fcde                Buzzer::Buzzer(char const*)
                0x00000000c000fd22                Buzzer::~Buzzer()
                0x00000000c000fd22                Buzzer::~Buzzer()
                0x00000000c000fd46                Buzzer::~Buzzer()
                0x00000000c000fd70                Buzzer::stop()
                0x00000000c000fd83                beepThread(void*)
                0x00000000c000fdbe                Buzzer::beep(int, int, bool)
 .text          0x00000000c000fe2c      0x42f hal/clock.32
                0x00000000c000fe2c                loadClockSettings()
                0x00000000c000fe46                Clock::Clock(char const*)
                0x00000000c000fe46                Clock::Clock(char const*)
                0x00000000c000fe7c                Clock::~Clock()
                0x00000000c000fe7c                Clock::~Clock()
                0x00000000c000fea0                Clock::~Clock()
                0x00000000c000feca                Clock::timeInSecondsLocal()
                0x00000000c000ff12                Clock::setTimeInSecondsLocal(unsigned long long)
                0x00000000c000ff6b                datetimeToSeconds(datetime_t)
                0x00000000c0010092                Clock::setTimeInDatetimeLocal(datetime_t)
                0x00000000c00100f2                secondsToDatetime(unsigned long long)
                0x00000000c0010236                Clock::timeInDatetimeLocal()
 *fill*         0x00000000c001025b        0x1 
 .text          0x00000000c001025c      0x504 hal/device.32
                0x00000000c001025c                Device::hibernate()
                0x00000000c001025e                Device::wake()
                0x00000000c0010260                Device::detect()
                0x00000000c0010262                Device::disableLegacy()
                0x00000000c0010264                Device::powerSaving(PowerSavingLevel)
                0x00000000c0010266                DriverlessDevice::close(int, int, void*)
                0x00000000c001026a                DriverlessDevice::detect()
                0x00000000c001026c                DriverlessDevice::open(int, int, void*)
                0x00000000c0010280                Device::~Device()
                0x00000000c0010280                Device::~Device()
                0x00000000c001028e                Device::~Device()
                0x00000000c00102b6                Device::findAndLoadDriver()
                0x00000000c00102b8                Device::preOpenPCI(PCIDeviceInfo)
                0x00000000c00102de                Device::preOpenACPI(void*, char*, char*)
                0x00000000c0010332                Device::addIRQHandler(int, void (*)(regs*, void*), bool, void*)
                0x00000000c0010390                Device::removeIRQHandler(int, void (*)(regs*, void*), bool)
                0x00000000c00103de                Device::addChild(Device*)
                0x00000000c0010422                Device::removeAllChildren()
                0x00000000c0010468                Device::hibernateAll()
                0x00000000c0010498                Device::wakeAll()
                0x00000000c00104c8                Device::detectAll()
                0x00000000c00104f8                Device::disableLegacyAll()
                0x00000000c0010528                Device::loadDriversForAll()
                0x00000000c0010554                Device::closeAll()
                0x00000000c001058a                Device::powerSavingAll(PowerSavingLevel)
                0x00000000c00105c0                Device::setName(char const*)
                0x00000000c00105ce                Device::Device(char const*)
                0x00000000c00105ce                Device::Device(char const*)
                0x00000000c00106c0                Device::getName()
                0x00000000c00106ca                DriverlessDevice::DriverlessDevice(char const*)
                0x00000000c00106ca                DriverlessDevice::DriverlessDevice(char const*)
                0x00000000c00106f2                Device::addToLinkedList(LinkedList<Device>&, DeviceType)
                0x00000000c0010736                getDevicesOfType(DeviceType)
 .text          0x00000000c0010760       0x84 hal/diskctrl.32
                0x00000000c0010760                HardDiskController::HardDiskController(char const*)
                0x00000000c0010760                HardDiskController::HardDiskController(char const*)
                0x00000000c0010796                HardDiskController::~HardDiskController()
                0x00000000c0010796                HardDiskController::~HardDiskController()
                0x00000000c00107ba                HardDiskController::~HardDiskController()
 .text          0x00000000c00107e4       0xde hal/diskphys.32
                0x00000000c00107e4                PhysicalDisk::PhysicalDisk(char const*, int)
                0x00000000c00107e4                PhysicalDisk::PhysicalDisk(char const*, int)
                0x00000000c001084c                PhysicalDisk::startCache()
                0x00000000c0010874                PhysicalDisk::~PhysicalDisk()
                0x00000000c0010874                PhysicalDisk::~PhysicalDisk()
                0x00000000c0010898                PhysicalDisk::~PhysicalDisk()
 .text          0x00000000c00108c2      0x142 hal/fpu.32
                0x00000000c00108c2                FPU::FPU(char const*)
                0x00000000c00108c2                FPU::FPU(char const*)
                0x00000000c00108f8                FPU::~FPU()
                0x00000000c00108f8                FPU::~FPU()
                0x00000000c001091c                FPU::~FPU()
                0x00000000c0010946                setupFPU()
 .text          0x00000000c0010a04      0xc21 hal/intctrl.32
                0x00000000c0010a04                InterruptController::uninstallISRHandler(int, void (*)(regs*, void*))
                0x00000000c0010a3c                InterruptController::installISRHandler(int, void (*)(regs*, void*), void*)
                0x00000000c0010a8e                doubleFault(regs*, void*)
                0x00000000c0010a9c                InterruptController::installIRQHandler(int, void (*)(regs*, void*), bool, void*)
                0x00000000c0010b38                InterruptController::clearAllHandlers(int, bool)
                0x00000000c0010be0                InterruptController::uninstallIRQHandler(int, void (*)(regs*, void*), bool)
                0x00000000c0010c67                nmiHandler(regs*, void*)
                0x00000000c0010c75                int_handler
                0x00000000c0010d10                InterruptController::InterruptController(char const*)
                0x00000000c0010d10                InterruptController::InterruptController(char const*)
                0x00000000c0010db6                InterruptController::~InterruptController()
                0x00000000c0010db6                InterruptController::~InterruptController()
                0x00000000c0010dda                InterruptController::~InterruptController()
                0x00000000c0010e04                displayDebugInfo(regs*)
                0x00000000c001121b                x87EmulHandler(regs*, void*)
                0x00000000c001127e                gpFault(regs*, void*)
                0x00000000c00112b7                pgFault(regs*, void*)
                0x00000000c00112ce                otherISRHandler(regs*, void*)
                0x00000000c00112ed                opcodeFault(regs*, void*)
                0x00000000c0011357                displayProgramFault(char const*)
                0x00000000c0011380                InterruptController::convertLegacyIRQNumber(int)
                0x00000000c00113ca                setupInterruptController()
 *fill*         0x00000000c0011625        0x1 
 .text          0x00000000c0011626      0x608 hal/keybrd.32
                0x00000000c0011626                startGUI(void*)
                0x00000000c0011698                sendKeyToTerminal(unsigned char)
                0x00000000c0011704                sendKeyboardToken(KeyboardToken)
                0x00000000c0011adf                clearInternalKeybuffer(VgaText*)
                0x00000000c0011b14                readKeyboard(VgaText*, char*, unsigned long)
                0x00000000c0011ba4                Keyboard::Keyboard(char const*)
                0x00000000c0011ba4                Keyboard::Keyboard(char const*)
                0x00000000c0011be0                Keyboard::~Keyboard()
                0x00000000c0011be0                Keyboard::~Keyboard()
                0x00000000c0011c04                Keyboard::~Keyboard()
 .text          0x00000000c0011c2e      0x400 hal/logidisk.32
                0x00000000c0011c2e                LogicalDisk::close(int, int, void*)
                0x00000000c0011c32                LogicalDisk::~LogicalDisk()
                0x00000000c0011c32                LogicalDisk::~LogicalDisk()
                0x00000000c0011c56                LogicalDisk::~LogicalDisk()
                0x00000000c0011c80                LogicalDisk::open(int, int, void*)
                0x00000000c0011c94                LogicalDisk::absoluteToRelative(unsigned long long)
                0x00000000c0011ccc                LogicalDisk::relativeToAbsolute(unsigned long long)
                0x00000000c0011d12                LogicalDisk::LogicalDisk(char const*, PhysicalDisk*, unsigned long long, unsigned long long)
                0x00000000c0011d12                LogicalDisk::LogicalDisk(char const*, PhysicalDisk*, unsigned long long, unsigned long long)
                0x00000000c0011dc8                LogicalDisk::assignDriveLetter()
                0x00000000c0011e7e                LogicalDisk::mount()
                0x00000000c0011ef0                LogicalDisk::unmount()
                0x00000000c0011f00                LogicalDisk::unassignDriveLetter()
                0x00000000c0011f56                LogicalDisk::read(unsigned long long, int, void*)
                0x00000000c0011fc2                LogicalDisk::write(unsigned long long, int, void*)
 .text          0x00000000c001202e       0x84 hal/mouse.32
                0x00000000c001202e                Mouse::Mouse(char const*)
                0x00000000c001202e                Mouse::Mouse(char const*)
                0x00000000c0012064                Mouse::~Mouse()
                0x00000000c0012064                Mouse::~Mouse()
                0x00000000c0012088                Mouse::~Mouse()
 .text          0x00000000c00120b2      0x339 hal/partition.32
                0x00000000c00120b2                makePartition(PhysicalDisk*, unsigned long long, unsigned long long)
                0x00000000c001215a                createPartitionsForDisk(PhysicalDisk*)
 *fill*         0x00000000c00123eb        0x1 
 .text          0x00000000c00123ec      0x2e7 hal/timer.32
                0x00000000c00123ec                Timer::Timer(char const*)
                0x00000000c00123ec                Timer::Timer(char const*)
                0x00000000c0012422                Timer::~Timer()
                0x00000000c0012422                Timer::~Timer()
                0x00000000c0012446                Timer::~Timer()
                0x00000000c0012470                Timer::read()
                0x00000000c001247b                timerHandler(unsigned long long)
                0x00000000c00125b2                setupTimer(int)
 *fill*         0x00000000c00126d3        0x1 
 .text          0x00000000c00126d4      0x2d1 hal/vcache.32
                0x00000000c00126d4                VCache::VCache(PhysicalDisk*)
                0x00000000c00126d4                VCache::VCache(PhysicalDisk*)
                0x00000000c00127c4                VCache::writeWriteBuffer()
                0x00000000c0012800                VCache::~VCache()
                0x00000000c0012800                VCache::~VCache()
                0x00000000c0012840                VCache::~VCache()
                0x00000000c0012868                VCache::write(unsigned long long, int, void*)
                0x00000000c001294c                VCache::read(unsigned long long, int, void*)
 *fill*         0x00000000c00129a5        0x1 
 .text          0x00000000c00129a6      0x26d hal/video.32
                0x00000000c00129a6                Video::putrect(int, int, int, int, unsigned int)
                0x00000000c00129f0                Video::blit(unsigned int*, int, int, int, int)
                0x00000000c0012a6e                Video::clearScreen(unsigned int)
                0x00000000c0012aa2                Video::putpixel(int, int, unsigned int)
                0x00000000c0012ab0                Video::Video(char const*)
                0x00000000c0012ab0                Video::Video(char const*)
                0x00000000c0012ae6                Video::~Video()
                0x00000000c0012ae6                Video::~Video()
                0x00000000c0012b0a                Video::~Video()
                0x00000000c0012b34                Video::isMonochrome()
                0x00000000c0012b40                Video::getWidth()
                0x00000000c0012b4c                Video::getHeight()
                0x00000000c0012b58                Video::drawCursor(int, int, unsigned char*, int)
 *fill*         0x00000000c0012c13        0x1 
 .text          0x00000000c0012c14      0xd28 hw/acpi.32
                0x00000000c0012c14                ACPI::close(int, int, void*)
                0x00000000c0012cc9                findRSDP()
                0x00000000c0012d53                loadACPITables(unsigned char*)
                0x00000000c0012f7a                findRSDT(unsigned char*)
                0x00000000c0013098                findDataTable(unsigned char*, char*)
                0x00000000c0013134                scanMADT()
                0x00000000c00134c8                ACPI::ACPI()
                0x00000000c00134c8                ACPI::ACPI()
                0x00000000c0013528                ACPI::getPCIIRQAssignment(unsigned char, unsigned short, unsigned char)
                0x00000000c001360a                ACPI::registerPCIIRQAssignment(void*, unsigned short, unsigned char, unsigned char)
                0x00000000c0013710                ACPI::setScreenBrightnessLevel(void*, int)
                0x00000000c0013716                ACPI::writeSimpleBootFlag(SimpleBootFlagTable*)
                0x00000000c001375e                ACPI::open(int, int, void*)
                0x00000000c0013924                ACPI::sleep()
 .text          0x00000000c001393c     0x132c hw/cpu.32
                0x00000000c001393c                CPU::close(int, int, void*)
                0x00000000c001393f                lookupAMDCPUName(unsigned char, unsigned char)
                0x00000000c0013ad3                lookupIntelCPUName(unsigned char, unsigned char)
                0x00000000c0013d81                AMD_K6_write_msr(unsigned int, unsigned int, unsigned int, REGS*)
                0x00000000c0013d9d                AMD_K6_read_msr(unsigned int, REGS*)
                0x00000000c0013db5                AMD_K6_writeback(int, int, int)
                0x00000000c0013e28                cpuid(int, unsigned long*, unsigned long*, unsigned long*, unsigned long*)
                0x00000000c0013eab                cpuidCheckEDX(unsigned int)
                0x00000000c0013ed8                cpuidCheckECX(unsigned int)
                0x00000000c0013f05                cpuidCheckExtendedEBX(unsigned int)
                0x00000000c0013f32                cpuidCheckExtendedECX(unsigned int)
                0x00000000c0013f5f                getCPUNumber()
                0x00000000c0013f62                thisCPU()
                0x00000000c0013f76                CPU::CPU()
                0x00000000c0013f76                CPU::CPU()
                0x00000000c0014004                CPU::displayFeatures()
                0x00000000c0014006                CPU::detectFeatures()
                0x00000000c00149f8                CPU::setupSMEP()
                0x00000000c0014a12                CPU::setupUMIP()
                0x00000000c0014a2a                CPU::setupTSC()
                0x00000000c0014a42                CPU::setupLargePages()
                0x00000000c0014a5a                CPU::setupPAT()
                0x00000000c0014a96                CPU::setupMTRR()
                0x00000000c0014a98                CPU::setupGlobalPages()
                0x00000000c0014aae                CPU::allowUsermodeDataAccess()
                0x00000000c0014ac0                CPU::prohibitUsermodeDataAccess()
                0x00000000c0014ad2                CPU::setupSMAP()
                0x00000000c0014af8                CPU::setupFeatures()
                0x00000000c0014b9a                CPU::open(int, int, void*)
 .text          0x00000000c0014c68        0x0 hw/ports.32
 .text          0x00000000c0014c68      0x32c krnl/panic.32
                0x00000000c0014c68                Krnl::panic(char const*)
 .text          0x00000000c0014f94      0x503 reg/registry.32
                0x00000000c0014f94                Reg::findLineFromLoadedData(char*, char*, char*)
                0x00000000c00150ec                Reg::getLineFromRegistry(char*, char*, char*, char*)
                0x00000000c001524b                Reg::getLine(char*, char*, char*)
                0x00000000c0015282                Reg::readInt(char*, char*, int*)
                0x00000000c001536d                Reg::readString(char*, char*, char*, int)
                0x00000000c00153ee                Reg::readBool(char*, char*, bool*)
                0x00000000c0015413                Reg::readBoolWithDefault(char*, char*, bool)
                0x00000000c001543f                Reg::readIntWithDefault(char*, char*, int)
                0x00000000c001546b                Reg::readStringWithDefault(char*, char*, char*, int, char*)
 .text          0x00000000c0015497       0x18 sys/sc_exit.32
                0x00000000c0015497                Sys::exit(regs*)
 .text          0x00000000c00154af       0x95 sys/sc_loaddll.32
                0x00000000c00154af                Sys::loadDLL(regs*)
 .text          0x00000000c0015544       0x68 sys/sc_read.32
                0x00000000c0015544                Sys::read(regs*)
 .text          0x00000000c00155ac       0x55 sys/sc_sbrk.32
                0x00000000c00155ac                Sys::sbrk(regs*)
 .text          0x00000000c0015601       0x78 sys/sc_write.32
                0x00000000c0015601                Sys::write(regs*)
 .text          0x00000000c0015679       0x1a sys/sc_yield.32
                0x00000000c0015679                Sys::yield(regs*)
 .text          0x00000000c0015693      0xfde sys/syscalls.32
                0x00000000c0015693                sysCallGetPID(regs*)
                0x00000000c001569f                sysCallSeekDir(regs*)
                0x00000000c00156a4                sysCallTellDir(regs*)
                0x00000000c00156a9                sysCallVerify(regs*)
                0x00000000c00156b3                sysCallGetArgc(regs*)
                0x00000000c00156c3                sysFormatDisk(regs*)
                0x00000000c001572d                sysSetDiskVolumeLabel(regs*)
                0x00000000c0015773                sysGetDiskVolumeLabel(regs*)
                0x00000000c00157c4                sysShutdown(regs*)
                0x00000000c0015822                sysCallGetCwd(regs*)
                0x00000000c0015841                sysCallSetCwd(regs*)
                0x00000000c001585d                sysCallRealpath(regs*)
                0x00000000c00158a0                sysCallReadDir(regs*)
                0x00000000c001592e                sysCallIsATTY(regs*)
                0x00000000c0015988                sysCallSeek(regs*)
                0x00000000c00159f1                sysCallTell(regs*)
                0x00000000c0015a6e                sysCallSizeFromFilename(regs*)
                0x00000000c0015b1f                sysCallSize(regs*)
                0x00000000c0015ba2                sysCallClose(regs*)
                0x00000000c0015c2a                sysCallOpenDir(regs*)
                0x00000000c0015c97                sysCallMakeDir(regs*)
                0x00000000c0015cf0                sysCallCloseDir(regs*)
                0x00000000c0015d56                sysCallWait(regs*)
                0x00000000c0015d70                sysCallFork(regs*)
                0x00000000c0015d8c                sysCallExecve(regs*)
                0x00000000c0015de1                sysCallRmdir(regs*)
                0x00000000c0015e33                sysCallUnlink(regs*)
                0x00000000c0015e85                sysCallGetArgv(regs*)
                0x00000000c0015ed1                sysCallTTYName(regs*)
                0x00000000c0015f54                sysCallGetEnv(regs*)
                0x00000000c0015fa6                sysCallUSleep(regs*)
                0x00000000c0015fcd                sysCallSpawn(regs*)
                0x00000000c001603d                sysAppSettings(regs*)
                0x00000000c001615c                sysSetFatAttrib(regs*)
                0x00000000c00161bc                sysPanic(regs*)
                0x00000000c00161e2                sysPipe(regs*)
                0x00000000c0016227                sysGetUnixTime(regs*)
                0x00000000c001623b                string_ends_with(char const*, char const*)
                0x00000000c0016283                sysCallOpen(regs*)
                0x00000000c0016476                setupSystemCalls()
                0x00000000c001662f                systemCall(regs*, void*)
 .text          0x00000000c0016671     0x1137 thr/elf.32
                0x00000000c0016671                Thr::allocateMemoryForTask(Process*, File*, unsigned long, unsigned long, unsigned long)
                0x00000000c00168ee                Thr::loadProgramIntoMemory(Process*, char const*)
                0x00000000c0016b04                Thr::runtimeReferenceHelper()
                0x00000000c0016b17                Thr::getAddressOfKernelSymbol(char const*)
                0x00000000c0016b66                Thr::loadKernelSymbolTable(char const*)
                0x00000000c0016e27                Thr::loadDriverIntoMemory(char const*, unsigned long, bool)
                0x00000000c00175a8                Thr::getDriverBaseFromAddress(unsigned long)
                0x00000000c00175da                Thr::getDriverNameFromAddress(unsigned long)
                0x00000000c0017611                Thr::getDriverOffsetFromAddress(unsigned long)
                0x00000000c001762b                Thr::loadDLL(char const*, bool)
                0x00000000c001777e                Thr::executeDLL(unsigned long, void*)
 .text          0x00000000c00177a8     0x11c2 thr/prcssthr.32
                0x00000000c00177a8                changeTSS
                0x00000000c00177d6                Process::addArgs(char**)
                0x00000000c0017830                Process::Process(char const*, Process*, char**)
                0x00000000c0017830                Process::Process(char const*, Process*, char**)
                0x00000000c00179e8                Process::Process(bool, char const*, Process*, char**)
                0x00000000c00179e8                Process::Process(bool, char const*, Process*, char**)
                0x00000000c0017b6b                disableIRQs()
                0x00000000c0017b73                getIRQNestingLevel()
                0x00000000c0017b79                enableIRQs()
                0x00000000c0017b88                lockScheduler()
                0x00000000c0017b8a                unlockScheduler()
                0x00000000c0017b8c                userModeEntryPoint(void*)
                0x00000000c0017baf                lockStuff()
                0x00000000c0017bbb                taskStartupFunction
                0x00000000c0017bc4                updateTimeUsed()
                0x00000000c0017c22                switchToThread(ThreadControlBlock*)
                0x00000000c0017c72                Semaphore::Semaphore(int)
                0x00000000c0017c72                Semaphore::Semaphore(int)
                0x00000000c0017ca0                Mutex::Mutex()
                0x00000000c0017ca0                Mutex::Mutex()
                0x00000000c0017cb2                Process::createThread(void (*)(void*), void*, int)
                0x00000000c0017d96                Process::createUserThread()
                0x00000000c0017db2                setupMultitasking(void (*)())
                0x00000000c0017ebc                schedule()
                0x00000000c0017f41                unlockStuff()
                0x00000000c0017f76                forkProcess(regs*)
                0x00000000c00180e4                Semaphore::tryAcquire()
                0x00000000c0018112                Semaphore::assertLocked(char const*)
                0x00000000c0018145                blockTaskWithSchedulerLockAlreadyHeld(TaskState)
                0x00000000c0018187                blockTask(TaskState)
                0x00000000c00181a8                waitTask(int, int*, int)
                0x00000000c00181ea                nanoSleepUntil(unsigned long long)
                0x00000000c0018241                nanoSleep(unsigned long long)
                0x00000000c0018256                sleep(unsigned long long)
                0x00000000c0018274                Semaphore::acquire()
                0x00000000c00182dc                execveProcess(char const*, char* const*, char* const*)
                0x00000000c001836a                taskReturned
                0x00000000c0018398                unblockTask(ThreadControlBlock*)
                0x00000000c0018447                cleanupTerminatedTask(ThreadControlBlock*)
                0x00000000c00186eb                cleanerTaskFunction(void*)
                0x00000000c001879e                terminateTask(int)
                0x00000000c0018872                Thr::terminateFromIRQ(int)
                0x00000000c001887e                Semaphore::release()
 .text          0x00000000c001896a      0x8bf vm86/vm8086.32
                0x00000000c001896a                Vm::vm8086EntryPoint(void*)
                0x00000000c0018995                Vm::inbv(unsigned short)
                0x00000000c001899b                Vm::outbv(unsigned short, unsigned char)
                0x00000000c00189a5                Vm::realToLinear(unsigned short, unsigned short)
                0x00000000c00189b5                Vm::getSegment(unsigned int)
                0x00000000c00189bd                Vm::getOffset(unsigned int)
                0x00000000c00189c2                Vm::loadFileAsThread(Process*, char const*, unsigned short, unsigned short, unsigned short, unsigned short)
                0x00000000c0018af1                Vm::doISR(regs*, int, unsigned char*, unsigned short, unsigned short)
                0x00000000c0018b7b                Vm::readByteFromReal(unsigned short, unsigned short)
                0x00000000c0018b8c                Vm::readWordFromReal(unsigned short, unsigned short)
                0x00000000c0018b9e                Vm::readDwordFromReal(unsigned short, unsigned short)
                0x00000000c0018baf                Vm::writeByteFromReal(unsigned short, unsigned short, unsigned char)
                0x00000000c0018bc4                Vm::writeWordFromReal(unsigned short, unsigned short, unsigned short)
                0x00000000c0018bda                Vm::writeDwordFromReal(unsigned short, unsigned short, unsigned int)
                0x00000000c0018bef                Vm::faultHandler(regs*)
 *fill*         0x00000000c0019229        0x1 
 .text          0x00000000c001922a     0x10ed fs/fat/vfslink.32
                0x00000000c001922a                FAT::getName()
                0x00000000c0019230                FAT::tell(void*, unsigned long long*)
                0x00000000c0019264                FAT::stat(void*, unsigned long long*)
                0x00000000c0019298                FAT::~FAT()
                0x00000000c0019298                FAT::~FAT()
                0x00000000c00192bc                FAT::~FAT()
                0x00000000c00192e4                FAT::getlabel(LogicalDisk*, int, char*, unsigned int*)
                0x00000000c0019382                FAT::setlabel(LogicalDisk*, int, char*)
                0x00000000c001943c                FAT::format(LogicalDisk*, int, char const*, int)
                0x00000000c0019620                FAT::tryMount(LogicalDisk*, int)
                0x00000000c0019826                FAT::readDir(void*, unsigned long, void*, int*)
                0x00000000c001992c                FAT::read(void*, unsigned long, void*, int*)
                0x00000000c0019986                FAT::write(void*, unsigned long, void*, int*)
                0x00000000c00199e0                FAT::close(void*)
                0x00000000c0019a2c                FAT::closeDir(void*)
                0x00000000c0019a78                FAT::seek(void*, unsigned long long)
                0x00000000c0019acc                fatWrapperReadDisk
                0x00000000c0019b13                fatWrapperWriteDisk
                0x00000000c0019b5a                fatWrapperIoctl
                0x00000000c0019c5e                FAT::FAT()
                0x00000000c0019c5e                FAT::FAT()
                0x00000000c0019cb0                FAT::fixFilepath(char*)
                0x00000000c0019ce8                FAT::open(char const*, void**, FileOpenMode)
                0x00000000c0019e10                FAT::openDir(char const*, void**)
                0x00000000c0019eb6                FAT::stat(char const*, unsigned long long*, bool*)
                0x00000000c0019fa0                FAT::unlink(char const*)
                0x00000000c001a01a                FAT::chfatattr(char const*, unsigned char, unsigned char)
                0x00000000c001a16e                FAT::rename(char const*, char const*)
                0x00000000c001a232                FAT::mkdir(char const*)
                0x00000000c001a2ac                FAT::exists(char const*)
 *fill*         0x00000000c001a317        0x1 
 .text          0x00000000c001a318      0xbdf fs/iso9660/vfslink.32
                0x00000000c001a318                ISO9660::format(LogicalDisk*, int, char const*, int)
                0x00000000c001a31e                ISO9660::seek(void*, unsigned long long)
                0x00000000c001a34e                ISO9660::tell(void*, unsigned long long*)
                0x00000000c001a372                ISO9660::getName()
                0x00000000c001a378                ISO9660::stat(void*, unsigned long long*)
                0x00000000c001a39c                ISO9660::chfatattr(char const*, unsigned char, unsigned char)
                0x00000000c001a3a2                ISO9660::unlink(char const*)
                0x00000000c001a3a8                ISO9660::write(void*, unsigned long, void*, int*)
                0x00000000c001a3ae                ISO9660::rename(char const*, char const*)
                0x00000000c001a3b4                ISO9660::mkdir(char const*)
                0x00000000c001a3ba                ISO9660::close(void*)
                0x00000000c001a3dc                ISO9660::closeDir(void*)
                0x00000000c001a3fe                ISO9660::~ISO9660()
                0x00000000c001a3fe                ISO9660::~ISO9660()
                0x00000000c001a422                ISO9660::~ISO9660()
                0x00000000c001a449                __memmem(unsigned char*, int, unsigned char*, int)
                0x00000000c001a48b                readSectorFromCDROM(unsigned int, unsigned char*, char)
                0x00000000c001a4f2                ISO9660::tryMount(LogicalDisk*, int)
                0x00000000c001a542                ISO9660::read(void*, unsigned long, void*, int*)
                0x00000000c001a786                ISO9660::readDir(void*, unsigned long, void*, int*)
                0x00000000c001aa13                readRoot(unsigned int*, unsigned int*, char)
                0x00000000c001aa68                readRecursively(char*, unsigned int, unsigned int, unsigned int*, unsigned int*, char, int*)
                0x00000000c001ac3b                getFileData(char*, unsigned int*, unsigned int*, char, int*)
                0x00000000c001acca                ISO9660::open(char const*, void**, FileOpenMode)
                0x00000000c001ad64                ISO9660::exists(char const*)
                0x00000000c001ad88                ISO9660::stat(char const*, unsigned long long*, bool*)
                0x00000000c001ae1c                ISO9660::openDir(char const*, void**)
                0x00000000c001aed4                ISO9660::ISO9660()
                0x00000000c001aed4                ISO9660::ISO9660()
 *fill*         0x00000000c001aef7        0x1 
 .text          0x00000000c001aef8      0x244 hal/sound/sndchannel.32
                0x00000000c001aef8                SoundChannel::~SoundChannel()
                0x00000000c001aef8                SoundChannel::~SoundChannel()
                0x00000000c001af14                SoundChannel::setSpeed(float)
                0x00000000c001af20                SoundChannel::getSpeed()
                0x00000000c001af28                SoundChannel::setVolume(int)
                0x00000000c001af44                SoundChannel::getVolume()
                0x00000000c001af4c                SoundChannel::pause()
                0x00000000c001af56                SoundChannel::SoundChannel(int, int, int, int)
                0x00000000c001af56                SoundChannel::SoundChannel(int, int, int, int)
                0x00000000c001b04c                SoundChannel::play()
                0x00000000c001b056                SoundChannel::paused()
                0x00000000c001b05e                SoundChannel::getSampleRate()
                0x00000000c001b066                SoundChannel::getBits()
                0x00000000c001b06e                SoundChannel::getBufferUsed()
                0x00000000c001b076                SoundChannel::getBufferSize()
                0x00000000c001b07e                SoundChannel::unbuffer(float*, int, int)
                0x00000000c001b0f0                SoundChannel::buffer8(unsigned char*, int)
 .text          0x00000000c001b13c      0x317 hal/sound/sndhw.32
                0x00000000c001b13c                SoundDevice::SoundDevice(char const*)
                0x00000000c001b13c                SoundDevice::SoundDevice(char const*)
                0x00000000c001b1a8                SoundDevice::~SoundDevice()
                0x00000000c001b1a8                SoundDevice::~SoundDevice()
                0x00000000c001b222                SoundDevice::~SoundDevice()
                0x00000000c001b24c                SoundDevice::getFreeChannelNum()
                0x00000000c001b266                SoundDevice::addChannel(SoundChannel*)
                0x00000000c001b2d6                SoundDevice::removeChannel(int)
                0x00000000c001b308                SoundDevice::floatTo8(float*, unsigned char*, int)
                0x00000000c001b374                SoundDevice::getAudio(int, float*, float*)
 .text          0x00000000c001b453        0x0 hw/bus/isa.32
 *fill*         0x00000000c001b453        0x1 
 .text          0x00000000c001b454      0x6e5 hw/bus/pci.32
                0x00000000c001b454                PCI::open(int, int, void*)
                0x00000000c001b468                PCI::close(int, int, void*)
                0x00000000c001b46c                PCI::PCI()
                0x00000000c001b46c                PCI::PCI()
                0x00000000c001b4ec                PCI::pciReadWord(unsigned char, unsigned char, unsigned char, unsigned char)
                0x00000000c001b534                PCI::getVendorID(unsigned char, unsigned char, unsigned char)
                0x00000000c001b556                PCI::getHeaderType(unsigned char, unsigned char, unsigned char)
                0x00000000c001b57a                PCI::getClassCode(unsigned char, unsigned char, unsigned char)
                0x00000000c001b5be                PCI::getProgIF(unsigned char, unsigned char, unsigned char)
                0x00000000c001b5e2                PCI::getRevisionID(unsigned char, unsigned char, unsigned char)
                0x00000000c001b604                PCI::getInterruptNumber(unsigned char, unsigned char, unsigned char)
                0x00000000c001b626                PCI::getSecondaryBus(unsigned char, unsigned char, unsigned char)
                0x00000000c001b64a                PCI::getBARAddress(unsigned char, unsigned char, unsigned char, unsigned char)
                0x00000000c001b6aa                PCI::pciWriteWord(unsigned char, unsigned char, unsigned char, unsigned char, unsigned short)
                0x00000000c001b716                PCI::checkBus(unsigned char)
                0x00000000c001b73a                PCI::foundDevice(PCIDeviceInfo)
                0x00000000c001b8aa                PCI::getDeviceData(unsigned char, unsigned char, unsigned char)
                0x00000000c001ba7a                PCI::checkDevice(unsigned char, unsigned char)
                0x00000000c001bae6                PCI::detect()
 *fill*         0x00000000c001bb39        0x1 
 .text          0x00000000c001bb3a      0xc70 hw/diskctrl/ide.32
                0x00000000c001bb3a                IDE::close(int, int, void*)
                0x00000000c001bb3e                IDE::IDE()
                0x00000000c001bb3e                IDE::IDE()
                0x00000000c001bb72                IDE::prepareInterrupt(unsigned char)
                0x00000000c001bb84                selectDrive(unsigned char, unsigned char)
                0x00000000c001bb86                IDE::getBase(unsigned char)
                0x00000000c001bb98                IDE::write(unsigned char, unsigned char, unsigned char)
                0x00000000c001bc58                IDE::read(unsigned char, unsigned char)
                0x00000000c001bd06                IDE::waitInterrupt(unsigned char)
                0x00000000c001bd6c                ideChannel0IRQHandler(regs*, void*)
                0x00000000c001bd88                ideChannel1IRQHandler(regs*, void*)
                0x00000000c001bda4                IDE::enableIRQs(unsigned char, bool)
                0x00000000c001bdea                IDE::open(int, int, void*)
                0x00000000c001c1fa                IDE::readBuffer(unsigned char, unsigned char, unsigned int, unsigned int)
                0x00000000c001c2c6                IDE::detect()
                0x00000000c001c5ae                IDE::printError(unsigned char, unsigned char, unsigned char)
                0x00000000c001c744                IDE::polling(unsigned char, unsigned int)
 .text          0x00000000c001c7aa      0x62b hw/diskphys/ata.32
                0x00000000c001c7aa                ATA::close(int, int, void*)
                0x00000000c001c7ce                ATA::powerSaving(PowerSavingLevel)
                0x00000000c001c7d0                ATA::ATA()
                0x00000000c001c7d0                ATA::ATA()
                0x00000000c001c7fe                ATA::flush(bool)
                0x00000000c001c848                ATA::readyForCommand()
                0x00000000c001c898                ATA::access(unsigned long long, int, void*, bool)
                0x00000000c001cc16                ATA::read(unsigned long long, int, void*)
                0x00000000c001cc7e                ATA::write(unsigned long long, int, void*)
                0x00000000c001cce6                ATA::detectCHS()
                0x00000000c001cd10                ATA::open(int, int, void*)
 *fill*         0x00000000c001cdd5        0x1 
 .text          0x00000000c001cdd6      0x5b3 hw/diskphys/atapi.32
                0x00000000c001cdd6                ATAPI::write(unsigned long long, int, void*)
                0x00000000c001cddc                ATAPI::close(int, int, void*)
                0x00000000c001ce00                ATAPI::ATAPI()
                0x00000000c001ce00                ATAPI::ATAPI()
                0x00000000c001ce2e                ATAPI::readyForCommand()
                0x00000000c001ce7e                ATAPI::sendPacket(unsigned char*, int, bool, unsigned short*, int)
                0x00000000c001d13e                ATAPI::diskRemoved()
                0x00000000c001d15a                ATAPI::eject()
                0x00000000c001d1a0                ATAPI::diskInserted()
                0x00000000c001d1ce                ATAPI::detectMedia()
                0x00000000c001d28a                ATAPI::open(int, int, void*)
                0x00000000c001d30a                ATAPI::read(unsigned long long, int, void*)
 *fill*         0x00000000c001d389        0x1 
 .text          0x00000000c001d38a       0x8e hw/fpu/avx.32
                0x00000000c001d38a                AVX::open(int, int, void*)
                0x00000000c001d39c                AVX::close(int, int, void*)
                0x00000000c001d3ae                AVX::available()
                0x00000000c001d3c0                AVX::save(void*)
                0x00000000c001d3d8                AVX::load(void*)
                0x00000000c001d3f0                AVX::AVX()
                0x00000000c001d3f0                AVX::AVX()
 .text          0x00000000c001d418       0x90 hw/fpu/mmx.32
                0x00000000c001d418                MMX::available()
                0x00000000c001d42c                MMX::open(int, int, void*)
                0x00000000c001d43e                MMX::close(int, int, void*)
                0x00000000c001d450                MMX::save(void*)
                0x00000000c001d468                MMX::load(void*)
                0x00000000c001d480                MMX::MMX()
                0x00000000c001d480                MMX::MMX()
 .text          0x00000000c001d4a8       0x96 hw/fpu/sse.32
                0x00000000c001d4a8                SSE::open(int, int, void*)
                0x00000000c001d4ba                SSE::close(int, int, void*)
                0x00000000c001d4cc                SSE::available()
                0x00000000c001d4e6                SSE::save(void*)
                0x00000000c001d4fe                SSE::load(void*)
                0x00000000c001d516                SSE::SSE()
                0x00000000c001d516                SSE::SSE()
 .text          0x00000000c001d53e       0x8e hw/fpu/x87.32
                0x00000000c001d53e                x87::open(int, int, void*)
                0x00000000c001d550                x87::close(int, int, void*)
                0x00000000c001d562                x87::available()
                0x00000000c001d574                x87::save(void*)
                0x00000000c001d58c                x87::load(void*)
                0x00000000c001d5a4                x87::x87()
                0x00000000c001d5a4                x87::x87()
 .text          0x00000000c001d5cc      0x5f3 hw/intctrl/apic.32
                0x00000000c001d5cc                APIC::disable()
                0x00000000c001d5ce                APIC::close(int, int, void*)
                0x00000000c001d5f0                IOAPIC::close(int, int, void*)
                0x00000000c001d5f6                APIC::io_wait()
                0x00000000c001d5fc                APIC::getBase()
                0x00000000c001d63e                APIC::eoi(unsigned char)
                0x00000000c001d66c                APIC::open(int, int, void*)
                0x00000000c001d726                IOAPIC::IOAPIC()
                0x00000000c001d726                IOAPIC::IOAPIC()
                0x00000000c001d74e                APIC::APIC()
                0x00000000c001d74e                APIC::APIC()
                0x00000000c001d81e                IOAPIC::handlesGSIWithNumber(unsigned int)
                0x00000000c001d850                IOAPIC::read(int)
                0x00000000c001d878                IOAPIC::open(int, int, void*)
                0x00000000c001d96e                IOAPIC::write(int, int)
                0x00000000c001d99a                IOAPIC::redirect(unsigned char, unsigned long long, unsigned char)
                0x00000000c001da54                APIC::installIRQHandler(int, void (*)(regs*, void*), bool, void*)
 *fill*         0x00000000c001dbbf        0x1 
 .text          0x00000000c001dbc0      0x3d3 hw/intctrl/pic.32
                0x00000000c001dbc0                PIC::disable()
                0x00000000c001dbee                PIC::close(int, int, void*)
                0x00000000c001dc10                PIC::PIC()
                0x00000000c001dc10                PIC::PIC()
                0x00000000c001dce6                PIC::ioWait()
                0x00000000c001dcec                PIC::getIRQReg(int)
                0x00000000c001dd56                PIC::eoi(unsigned char)
                0x00000000c001dde8                PIC::remap()
                0x00000000c001df54                PIC::open(int, int, void*)
 *fill*         0x00000000c001df93        0x1 
 .text          0x00000000c001df94      0x252 hw/timer/apictimer.32
                0x00000000c001df94                APICTimer::close(int, int, void*)
                0x00000000c001df9a                apicTimerHandler(regs*, void*)
                0x00000000c001dfc8                APICTimer::write(int)
                0x00000000c001e0c6                APICTimer::open(int, int, void*)
                0x00000000c001e1be                APICTimer::APICTimer()
                0x00000000c001e1be                APICTimer::APICTimer()
 .text          0x00000000c001e1e6      0x1a7 hw/timer/pit.32
                0x00000000c001e1e6                PIT::write(int)
                0x00000000c001e264                pitHandler(regs*, void*)
                0x00000000c001e290                PIT::open(int, int, void*)
                0x00000000c001e2de                PIT::close(int, int, void*)
                0x00000000c001e30e                PIT::PIT()
                0x00000000c001e30e                PIT::PIT()
 *fill*         0x00000000c001e38d        0x3 
 .text          0x00000000c001e390        0xa hw/fpu/x86/avx.32
                0x00000000c001e390                avxDetect
                0x00000000c001e396                avxSave
                0x00000000c001e397                avxLoad
                0x00000000c001e398                avxInit
                0x00000000c001e399                avxClose
 *fill*         0x00000000c001e39a        0x6 
 .text          0x00000000c001e3a0       0x38 hw/fpu/x86/sse.32
                0x00000000c001e3a0                sseDetect
                0x00000000c001e3bb                sseSave
                0x00000000c001e3c1                sseLoad
                0x00000000c001e3c7                sseInit
                0x00000000c001e3d7                sseClose
 *fill*         0x00000000c001e3d8        0x8 
 .text          0x00000000c001e3e0       0x47 hw/fpu/x86/x87.32
                0x00000000c001e3e6                x87Detect
                0x00000000c001e401                x87Save
                0x00000000c001e407                x87Load
                0x00000000c001e40c                x87Init
                0x00000000c001e426                x87Close
 *fill*         0x00000000c001e427        0x1 
 .text          0x00000000c001e428       0x25 /cygdrive/d/Users/Alex/Desktop/Toolchain/Output/bin/../lib/gcc/i386-banana/8.1.0/crtend.o
 .text          0x00000000c001e44d        0x0 crtn.32
 *fill*         0x00000000c001e44d        0x3 
 .text          0x00000000c001e450      0x14b /cygdrive/d/Users/Alex/Desktop/Toolchain/Output/bin/../lib/gcc/i386-banana/8.1.0/libgcc.a(_divdi3.o)
                0x00000000c001e450                __divdi3
 *fill*         0x00000000c001e59b        0x1 
 .text          0x00000000c001e59c      0x17e /cygdrive/d/Users/Alex/Desktop/Toolchain/Output/bin/../lib/gcc/i386-banana/8.1.0/libgcc.a(_moddi3.o)
                0x00000000c001e59c                __moddi3
 *fill*         0x00000000c001e71a        0x2 
 .text          0x00000000c001e71c       0xff /cygdrive/d/Users/Alex/Desktop/Toolchain/Output/bin/../lib/gcc/i386-banana/8.1.0/libgcc.a(_udivdi3.o)
                0x00000000c001e71c                __udivdi3
 *fill*         0x00000000c001e81b        0x1 
 .text          0x00000000c001e81c      0x11a /cygdrive/d/Users/Alex/Desktop/Toolchain/Output/bin/../lib/gcc/i386-banana/8.1.0/libgcc.a(_umoddi3.o)
                0x00000000c001e81c                __umoddi3
 *fill*         0x00000000c001e936        0xa 
 .text          0x00000000c001e940       0x1e D:/Users/Alex/Desktop/Banana/kernel/libk/libm32.a(s_fabs.c.o)
                0x00000000c001e940                fabs
 *fill*         0x00000000c001e95e        0x2 
 .text          0x00000000c001e960        0xc D:/Users/Alex/Desktop/Banana/kernel/libk/libm32.a(s_lrint.S.o)
                0x00000000c001e960                lrint
 .text          0x00000000c001e96c        0xc D:/Users/Alex/Desktop/Banana/kernel/libk/libm32.a(s_lrintf.S.o)
                0x00000000c001e96c                lrintf
 *(.gnu.linkonce.t*)

.iplt           0x00000000c001e978        0x0
 .iplt          0x00000000c001e978        0x0 D:/Users/Alex/Desktop/Banana/kernel/boot.32

.init           0x00000000c001e978        0xf
 .init          0x00000000c001e978        0x3 crti.32
                0x00000000c001e978                _init
 .init          0x00000000c001e97b        0x5 /cygdrive/d/Users/Alex/Desktop/Toolchain/Output/bin/../lib/gcc/i386-banana/8.1.0/crtbegin.o
 .init          0x00000000c001e980        0x5 /cygdrive/d/Users/Alex/Desktop/Toolchain/Output/bin/../lib/gcc/i386-banana/8.1.0/crtend.o
 .init          0x00000000c001e985        0x2 crtn.32

.fini           0x00000000c001e987        0xa
 .fini          0x00000000c001e987        0x3 crti.32
                0x00000000c001e987                _fini
 .fini          0x00000000c001e98a        0x5 /cygdrive/d/Users/Alex/Desktop/Toolchain/Output/bin/../lib/gcc/i386-banana/8.1.0/crtbegin.o
 .fini          0x00000000c001e98f        0x2 crtn.32

.text._ZN8ComputerD2Ev
                0x00000000c001e992       0x23
 .text._ZN8ComputerD2Ev
                0x00000000c001e992       0x23 core/computer.32
                0x00000000c001e992                Computer::~Computer()
                0x00000000c001e992                Computer::~Computer()

.text._ZN8ComputerD0Ev
                0x00000000c001e9b6       0x2a
 .text._ZN8ComputerD0Ev
                0x00000000c001e9b6       0x2a core/computer.32
                0x00000000c001e9b6                Computer::~Computer()

.text._Z10idleCommonv
                0x00000000c001e9e0       0x15
 .text._Z10idleCommonv
                0x00000000c001e9e0       0x15 core/idle.32
                0x00000000c001e9e0                idleCommon()

.text._ZN3CPU7readCR3Ev
                0x00000000c001e9f5       0x12
 .text._ZN3CPU7readCR3Ev
                0x00000000c001e9f5       0x12 core/kheap.32
                0x00000000c001e9f5                CPU::readCR3()

.text._ZN3CPU8writeCR3Em
                0x00000000c001ea07        0x9
 .text._ZN3CPU8writeCR3Em
                0x00000000c001ea07        0x9 core/kheap.32
                0x00000000c001ea07                CPU::writeCR3(unsigned long)

.text._ZN10LinkedListI8UnixFileED2Ev
                0x00000000c001ea10        0x2
 .text._ZN10LinkedListI8UnixFileED2Ev
                0x00000000c001ea10        0x2 core/unixfile.32
                0x00000000c001ea10                LinkedList<UnixFile>::~LinkedList()
                0x00000000c001ea10                LinkedList<UnixFile>::~LinkedList()

.text._ZN10LinkedListI8UnixFileEC2Ev
                0x00000000c001ea12       0x58
 .text._ZN10LinkedListI8UnixFileEC2Ev
                0x00000000c001ea12       0x58 core/unixfile.32
                0x00000000c001ea12                LinkedList<UnixFile>::LinkedList()
                0x00000000c001ea12                LinkedList<UnixFile>::LinkedList()

.text._ZN10LinkedListI8UnixFileE10addElementEPS0_
                0x00000000c001ea6a       0xd3
 .text._ZN10LinkedListI8UnixFileE10addElementEPS0_
                0x00000000c001ea6a       0xd3 core/unixfile.32
                0x00000000c001ea6a                LinkedList<UnixFile>::addElement(UnixFile*)

.text._ZN10LinkedListI8UnixFileE15getFirstElementEv
                0x00000000c001eb3e        0x7
 .text._ZN10LinkedListI8UnixFileE15getFirstElementEv
                0x00000000c001eb3e        0x7 core/unixfile.32
                0x00000000c001eb3e                LinkedList<UnixFile>::getFirstElement()

.text._ZN10LinkedListI8UnixFileE11removeFirstEv
                0x00000000c001eb46       0xa1
 .text._ZN10LinkedListI8UnixFileE11removeFirstEv
                0x00000000c001eb46       0xa1 core/unixfile.32
                0x00000000c001eb46                LinkedList<UnixFile>::removeFirst()

.text._ZN10LinkedListI8UnixFileE7getNextEPS0_
                0x00000000c001ebe8        0x8
 .text._ZN10LinkedListI8UnixFileE7getNextEPS0_
                0x00000000c001ebe8        0x8 core/unixfile.32
                0x00000000c001ebe8                LinkedList<UnixFile>::getNext(UnixFile*)

.text._ZN16DriverlessDeviceD2Ev
                0x00000000c001ebf0       0x1a
 .text._ZN16DriverlessDeviceD2Ev
                0x00000000c001ebf0       0x1a hal/device.32
                0x00000000c001ebf0                DriverlessDevice::~DriverlessDevice()
                0x00000000c001ebf0                DriverlessDevice::~DriverlessDevice()

.text._ZN16DriverlessDeviceD0Ev
                0x00000000c001ec0a       0x2a
 .text._ZN16DriverlessDeviceD0Ev
                0x00000000c001ec0a       0x2a hal/device.32
                0x00000000c001ec0a                DriverlessDevice::~DriverlessDevice()

.text._ZN10LinkedListI6DeviceE10addElementEPS0_
                0x00000000c001ec34       0xdc
 .text._ZN10LinkedListI6DeviceE10addElementEPS0_
                0x00000000c001ec34       0xdc hal/device.32
                0x00000000c001ec34                LinkedList<Device>::addElement(Device*)

.text._ZN10LinkedListI6DeviceEC2Ev
                0x00000000c001ed10       0x58
 .text._ZN10LinkedListI6DeviceEC2Ev
                0x00000000c001ed10       0x58 hal/device.32
                0x00000000c001ed10                LinkedList<Device>::LinkedList()
                0x00000000c001ed10                LinkedList<Device>::LinkedList()

.text._ZN3CPU7readCR0Ev
                0x00000000c001ed68       0x12
 .text._ZN3CPU7readCR0Ev
                0x00000000c001ed68       0x12 hal/fpu.32
                0x00000000c001ed68                CPU::readCR0()

.text._ZN3CPU8writeCR0Em
                0x00000000c001ed7a        0x9
 .text._ZN3CPU8writeCR0Em
                0x00000000c001ed7a        0x9 hal/fpu.32
                0x00000000c001ed7a                CPU::writeCR0(unsigned long)

.text._ZN3CPU7readDR0Ev
                0x00000000c001ed83       0x12
 .text._ZN3CPU7readDR0Ev
                0x00000000c001ed83       0x12 hal/intctrl.32
                0x00000000c001ed83                CPU::readDR0()

.text._ZN3CPU7readDR1Ev
                0x00000000c001ed95       0x12
 .text._ZN3CPU7readDR1Ev
                0x00000000c001ed95       0x12 hal/intctrl.32
                0x00000000c001ed95                CPU::readDR1()

.text._ZN3CPU7readDR2Ev
                0x00000000c001eda7       0x12
 .text._ZN3CPU7readDR2Ev
                0x00000000c001eda7       0x12 hal/intctrl.32
                0x00000000c001eda7                CPU::readDR2()

.text._ZN3CPU7readDR3Ev
                0x00000000c001edb9       0x12
 .text._ZN3CPU7readDR3Ev
                0x00000000c001edb9       0x12 hal/intctrl.32
                0x00000000c001edb9                CPU::readDR3()

.text._ZN3CPU7readDR6Ev
                0x00000000c001edcb       0x12
 .text._ZN3CPU7readDR6Ev
                0x00000000c001edcb       0x12 hal/intctrl.32
                0x00000000c001edcb                CPU::readDR6()

.text._ZN3CPU7readDR7Ev
                0x00000000c001eddd       0x12
 .text._ZN3CPU7readDR7Ev
                0x00000000c001eddd       0x12 hal/intctrl.32
                0x00000000c001eddd                CPU::readDR7()

.text._ZN10LinkedListIV18ThreadControlBlockE15getFirstElementEv
                0x00000000c001edf0        0x7
 .text._ZN10LinkedListIV18ThreadControlBlockE15getFirstElementEv
                0x00000000c001edf0        0x7 hal/timer.32
                0x00000000c001edf0                LinkedList<ThreadControlBlock volatile>::getFirstElement()

.text._ZN10LinkedListIV18ThreadControlBlockE7isEmptyEv
                0x00000000c001edf8       0x1c
 .text._ZN10LinkedListIV18ThreadControlBlockE7isEmptyEv
                0x00000000c001edf8       0x1c hal/timer.32
                0x00000000c001edf8                LinkedList<ThreadControlBlock volatile>::isEmpty()

.text._ZN10LinkedListIV18ThreadControlBlockE11removeFirstEv
                0x00000000c001ee14       0xae
 .text._ZN10LinkedListIV18ThreadControlBlockE11removeFirstEv
                0x00000000c001ee14       0xae hal/timer.32
                0x00000000c001ee14                LinkedList<ThreadControlBlock volatile>::removeFirst()

.text._ZN10LinkedListIV18ThreadControlBlockE10addElementEPS1_
                0x00000000c001eec2       0xd3
 .text._ZN10LinkedListIV18ThreadControlBlockE10addElementEPS1_
                0x00000000c001eec2       0xd3 hal/timer.32
                0x00000000c001eec2                LinkedList<ThreadControlBlock volatile>::addElement(ThreadControlBlock volatile*)

.text._ZN4ACPID2Ev
                0x00000000c001ef96       0x23
 .text._ZN4ACPID2Ev
                0x00000000c001ef96       0x23 hw/acpi.32
                0x00000000c001ef96                ACPI::~ACPI()
                0x00000000c001ef96                ACPI::~ACPI()

.text._ZN4ACPID0Ev
                0x00000000c001efba       0x2a
 .text._ZN4ACPID0Ev
                0x00000000c001efba       0x2a hw/acpi.32
                0x00000000c001efba                ACPI::~ACPI()

.text._ZN3CPUD2Ev
                0x00000000c001efe4       0x23
 .text._ZN3CPUD2Ev
                0x00000000c001efe4       0x23 hw/cpu.32
                0x00000000c001efe4                CPU::~CPU()
                0x00000000c001efe4                CPU::~CPU()

.text._ZN3CPUD0Ev
                0x00000000c001f008       0x2a
 .text._ZN3CPUD0Ev
                0x00000000c001f008       0x2a hw/cpu.32
                0x00000000c001f008                CPU::~CPU()

.text._ZN3CPU7readCR4Ev
                0x00000000c001f032       0x12
 .text._ZN3CPU7readCR4Ev
                0x00000000c001f032       0x12 hw/cpu.32
                0x00000000c001f032                CPU::readCR4()

.text._ZN3CPU8writeDR7Em
                0x00000000c001f044        0x9
 .text._ZN3CPU8writeDR7Em
                0x00000000c001f044        0x9 hw/cpu.32
                0x00000000c001f044                CPU::writeDR7(unsigned long)

.text._ZN3CPU8writeCR4Em
                0x00000000c001f04d        0x9
 .text._ZN3CPU8writeCR4Em
                0x00000000c001f04d        0x9 hw/cpu.32
                0x00000000c001f04d                CPU::writeCR4(unsigned long)

.text._ZN3CPU7readCR2Ev
                0x00000000c001f056       0x12
 .text._ZN3CPU7readCR2Ev
                0x00000000c001f056       0x12 krnl/panic.32
                0x00000000c001f056                CPU::readCR2()

.text._ZN10LinkedListIV18ThreadControlBlockED2Ev
                0x00000000c001f068        0x2
 .text._ZN10LinkedListIV18ThreadControlBlockED2Ev
                0x00000000c001f068        0x2 thr/prcssthr.32
                0x00000000c001f068                LinkedList<ThreadControlBlock volatile>::~LinkedList()
                0x00000000c001f068                LinkedList<ThreadControlBlock volatile>::~LinkedList()

.text._ZN18ThreadControlBlockC2Ev
                0x00000000c001f06a       0x3e
 .text._ZN18ThreadControlBlockC2Ev
                0x00000000c001f06a       0x3e thr/prcssthr.32
                0x00000000c001f06a                ThreadControlBlock::ThreadControlBlock()
                0x00000000c001f06a                ThreadControlBlock::ThreadControlBlock()

.text._ZN10LinkedListIV18ThreadControlBlockEC2Ev
                0x00000000c001f0a8       0x58
 .text._ZN10LinkedListIV18ThreadControlBlockEC2Ev
                0x00000000c001f0a8       0x58 thr/prcssthr.32
                0x00000000c001f0a8                LinkedList<ThreadControlBlock volatile>::LinkedList()
                0x00000000c001f0a8                LinkedList<ThreadControlBlock volatile>::LinkedList()

.text._ZN10LinkedListIV18ThreadControlBlockE7getNextEPS1_
                0x00000000c001f100        0x8
 .text._ZN10LinkedListIV18ThreadControlBlockE7getNextEPS1_
                0x00000000c001f100        0x8 thr/prcssthr.32
                0x00000000c001f100                LinkedList<ThreadControlBlock volatile>::getNext(ThreadControlBlock volatile*)

.text._ZN3PCID2Ev
                0x00000000c001f108       0x23
 .text._ZN3PCID2Ev
                0x00000000c001f108       0x23 hw/bus/pci.32
                0x00000000c001f108                PCI::~PCI()
                0x00000000c001f108                PCI::~PCI()

.text._ZN3PCID0Ev
                0x00000000c001f12c       0x2a
 .text._ZN3PCID0Ev