Archive member included to satisfy reference by file (symbol)

/cygdrive/d/Users/Alex/Desktop/Toolchain/Output/bin/../lib/gcc/i386-banana/8.1.0/libkgcc.a(_divdi3.o)
                              fs/fat/ff.32 (__divdi3)
/cygdrive/d/Users/Alex/Desktop/Toolchain/Output/bin/../lib/gcc/i386-banana/8.1.0/libkgcc.a(_moddi3.o)
                              thr/elf.32 (__moddi3)
/cygdrive/d/Users/Alex/Desktop/Toolchain/Output/bin/../lib/gcc/i386-banana/8.1.0/libkgcc.a(_udivdi3.o)
                              fs/fat/ff.32 (__udivdi3)
/cygdrive/d/Users/Alex/Desktop/Toolchain/Output/bin/../lib/gcc/i386-banana/8.1.0/libkgcc.a(_umoddi3.o)
                              core/pipe.32 (__umoddi3)
D:/Users/Alex/Desktop/Banana/kernel/libsoftfp.a(sfieeelib.o)
                              hal/sound/sndhw.32 (__addsf3)
D:/Users/Alex/Desktop/Banana/kernel/libsoftfp.a(dfieeelib.o)
                              hal/libresample/src_linear.32 (__adddf3)
D:/Users/Alex/Desktop/Banana/kernel/libsoftfp.a(sfdfcvt.o)
                              hal/libresample/samplerate.32 (__truncdfsf2)
D:/Users/Alex/Desktop/Banana/kernel/libk/libm32.a(s_fabs.c.o)
                              hal/libresample/samplerate.32 (fabs)
D:/Users/Alex/Desktop/Banana/kernel/libk/libm32.a(s_lrint.S.o)
                              hal/libresample/samplerate.32 (lrint)
D:/Users/Alex/Desktop/Banana/kernel/libk/libm32.a(s_lrintf.S.o)
                              hal/sound/sndhw.32 (lrintf)

Discarded input sections

 .comment       0x0000000000000000       0x12 /cygdrive/d/Users/Alex/Desktop/Toolchain/Output/bin/../lib/gcc/i386-banana/8.1.0/crtbegin.o
 .comment       0x0000000000000000       0x12 acpica/utclib.32
 .comment       0x0000000000000000       0x12 core/malloc.32
 .comment       0x0000000000000000       0x12 libk/string.32
 .comment       0x0000000000000000       0x12 fs/fat/diskio.32
 .comment       0x0000000000000000       0x12 fs/fat/ff.32
 .comment       0x0000000000000000       0x12 fs/fat/ffsystem.32
 .comment       0x0000000000000000       0x12 fs/fat/ffunicode.32
 .comment       0x0000000000000000       0x12 hal/libresample/samplerate.32
 .comment       0x0000000000000000       0x12 hal/libresample/src_linear.32
 .comment       0x0000000000000000       0x12 hal/libresample/src_sinc.32
 .comment       0x0000000000000000       0x12 hal/libresample/src_zoh.32
 .group         0x0000000000000000       0x14 core/computer.32
 .group         0x0000000000000000        0xc core/computer.32
 .comment       0x0000000000000000       0x12 core/computer.32
 .comment       0x0000000000000000       0x12 core/gdt.32
 .group         0x0000000000000000        0xc core/idle.32
 .comment       0x0000000000000000       0x12 core/idle.32
 .comment       0x0000000000000000       0x12 core/idt.32
 .group         0x0000000000000000        0x8 core/kheap.32
 .group         0x0000000000000000        0x8 core/kheap.32
 .comment       0x0000000000000000       0x12 core/kheap.32
 .comment       0x0000000000000000       0x12 core/main.32
 .comment       0x0000000000000000       0x12 core/physmgr.32
 .group         0x0000000000000000        0xc core/pipe.32
 .comment       0x0000000000000000       0x12 core/pipe.32
 .group         0x0000000000000000        0xc core/terminal.32
 .comment       0x0000000000000000       0x12 core/terminal.32
 .group         0x0000000000000000        0x8 core/tss.32
 .text._ZN3CPU7readCR3Ev
                0x0000000000000000       0x12 core/tss.32
 .comment       0x0000000000000000       0x12 core/tss.32
 .group         0x0000000000000000        0x8 core/unixfile.32
 .group         0x0000000000000000        0xc core/unixfile.32
 .group         0x0000000000000000        0xc core/unixfile.32
 .group         0x0000000000000000        0x8 core/unixfile.32
 .group         0x0000000000000000        0xc core/unixfile.32
 .group         0x0000000000000000        0x8 core/unixfile.32
 .group         0x0000000000000000        0xc core/unixfile.32
 .group         0x0000000000000000        0xc core/unixfile.32
 .comment       0x0000000000000000       0x12 core/unixfile.32
 .group         0x0000000000000000        0x8 core/virtmgr.32
 .group         0x0000000000000000        0x8 core/virtmgr.32
 .text._ZN3CPU7readCR3Ev
                0x0000000000000000       0x12 core/virtmgr.32
 .text._ZN3CPU8writeCR3Em
                0x0000000000000000        0x9 core/virtmgr.32
 .comment       0x0000000000000000       0x12 core/virtmgr.32
 .comment       0x0000000000000000       0x12 coreobjs/c++.32
 .comment       0x0000000000000000       0x12 dbg/kconsole.32
 .group         0x0000000000000000        0xc fs/vfs.32
 .group         0x0000000000000000        0xc fs/vfs.32
 .group         0x0000000000000000        0xc fs/vfs.32
 .comment       0x0000000000000000       0x12 fs/vfs.32
 .group         0x0000000000000000        0xc hal/bus.32
 .comment       0x0000000000000000       0x12 hal/bus.32
 .group         0x0000000000000000        0xc hal/buzzer.32
[...]
Memory Configuration

Name             Origin             Length             Attributes
*default*        0x0000000000000000 0xffffffffffffffff

Linker script and memory map

LOAD D:/Users/Alex/Desktop/Banana/kernel/boot.32
LOAD crti.32
LOAD /cygdrive/d/Users/Alex/Desktop/Toolchain/Output/bin/../lib/gcc/i386-banana/8.1.0/crtbegin.o
LOAD D:/Users/Alex/Desktop/Banana/kernel/morenasm.32
LOAD acpica/utclib.32
LOAD core/malloc.32
LOAD libk/string.32
LOAD fs/fat/diskio.32
LOAD fs/fat/ff.32
LOAD fs/fat/ffsystem.32
LOAD fs/fat/ffunicode.32
LOAD hal/libresample/samplerate.32
LOAD hal/libresample/src_linear.32
LOAD hal/libresample/src_sinc.32
LOAD hal/libresample/src_zoh.32
LOAD core/computer.32
LOAD core/gdt.32
LOAD core/idle.32
LOAD core/idt.32
LOAD core/kheap.32
LOAD core/main.32
LOAD core/physmgr.32
LOAD core/pipe.32
LOAD core/terminal.32
LOAD core/tss.32
LOAD core/unixfile.32
LOAD core/virtmgr.32
LOAD coreobjs/c++.32
LOAD dbg/kconsole.32
LOAD fs/vfs.32
LOAD hal/bus.32
LOAD hal/buzzer.32
LOAD hal/clock.32
LOAD hal/device.32
LOAD hal/diskctrl.32
LOAD hal/diskphys.32
LOAD hal/fpu.32
LOAD hal/intctrl.32
LOAD hal/keybrd.32
LOAD hal/logidisk.32
LOAD hal/mouse.32
LOAD hal/partition.32
LOAD hal/timer.32
LOAD hal/vcache.32
LOAD hal/video.32
LOAD hw/acpi.32
LOAD hw/cpu.32
LOAD hw/ports.32
LOAD hw/x87em.32
LOAD krnl/panic.32
LOAD reg/registry.32
LOAD sys/sc_exit.32
LOAD sys/sc_loaddll.32
LOAD sys/sc_read.32
LOAD sys/sc_sbrk.32
LOAD sys/sc_write.32
LOAD sys/sc_yield.32
LOAD sys/syscalls.32
LOAD thr/elf.32
LOAD thr/prcssthr.32
LOAD vm86/vm8086.32
LOAD fs/fat/vfslink.32
LOAD fs/iso9660/vfslink.32
LOAD hal/sound/sndchannel.32
LOAD hal/sound/sndhw.32
LOAD hw/bus/isa.32
LOAD hw/bus/pci.32
LOAD hw/diskctrl/ide.32
LOAD hw/diskphys/ata.32
LOAD hw/diskphys/atapi.32
LOAD hw/fpu/avx.32
LOAD hw/fpu/mmx.32
LOAD hw/fpu/sse.32
LOAD hw/fpu/x87.32
LOAD hw/intctrl/apic.32
LOAD hw/intctrl/pic.32
LOAD hw/timer/apictimer.32
LOAD hw/timer/pit.32
LOAD hw/fpu/x86/avx.32
LOAD hw/fpu/x86/sse.32
LOAD hw/fpu/x86/x87.32
LOAD /cygdrive/d/Users/Alex/Desktop/Toolchain/Output/bin/../lib/gcc/i386-banana/8.1.0/crtend.o
LOAD crtn.32
LOAD /cygdrive/d/Users/Alex/Desktop/Toolchain/Output/bin/../lib/gcc/i386-banana/8.1.0/libkgcc.a
LOAD D:/Users/Alex/Desktop/Banana/kernel/libsoftfp.a
LOAD D:/Users/Alex/Desktop/Banana/kernel/libk/libm32.a
                0x00000000c0000000                . = 0xc0000000

.text           0x00000000c0000000    0x250b8
 *(.text)
 .text          0x00000000c0000000       0x41 D:/Users/Alex/Desktop/Banana/kernel/boot.32
                0x00000000c0000020                callGlobalConstructors
 .text          0x00000000c0000041        0x0 crti.32
 *fill*         0x00000000c0000041        0x3 
 .text          0x00000000c0000044      0x101 /cygdrive/d/Users/Alex/Desktop/Toolchain/Output/bin/../lib/gcc/i386-banana/8.1.0/crtbegin.o
 *fill*         0x00000000c0000145        0xb 
 .text          0x00000000c0000150      0x4fd D:/Users/Alex/Desktop/Banana/kernel/morenasm.32
                0x00000000c0000150                prepareTramp
                0x00000000c0000169                voodooXADD
                0x00000000c000022e                doTPAUSE
                0x00000000c0000238                hasLegacyFPU
                0x00000000c000025d                is486
                0x00000000c0000293                goToVM86
                0x00000000c00002c4                goToUsermode
                0x00000000c00002ef                switchToThreadASMFirstTime
                0x00000000c00002fd                switchToThreadASM
                0x00000000c000039d                detectCPUID
                0x00000000c00003b3                asmQuickAcquireLock
                0x00000000c00003d1                asmQuickReleaseLock
                0x00000000c00003dd                asmAcquireLock
                0x00000000c00003fe                asmReleaseLock
                0x00000000c0000411                loadGDT
                0x00000000c0000431                isr0
                0x00000000c0000441                isr1
                0x00000000c000044b                isr2
                0x00000000c0000455                isr3
                0x00000000c000045f                isr4
                0x00000000c0000469                isr5
                0x00000000c0000473                isr6
                0x00000000c000047d                isr7
                0x00000000c0000487                isr8
                0x00000000c000048f                isr9
                0x00000000c0000499                isr10
                0x00000000c00004a1                isr11
                0x00000000c00004a9                isr12
                0x00000000c00004b1                isr13
                0x00000000c00004b9                isr14
                0x00000000c00004c1                isr15
                0x00000000c00004cb                isr16
                0x00000000c00004d5                isr17
                0x00000000c00004df                isr18
                0x00000000c00004e9                isr96
                0x00000000c00004f3                irq0
                0x00000000c00004fd                irq1
                0x00000000c0000507                irq2
                0x00000000c0000511                irq3
                0x00000000c000051b                irq4
                0x00000000c0000525                irq5
                0x00000000c000052f                irq6
                0x00000000c0000539                irq7
                0x00000000c0000543                irq8
                0x00000000c000054d                irq9
                0x00000000c0000557                irq10
                0x00000000c0000561                irq11
                0x00000000c000056b                irq12
                0x00000000c0000575                irq13
                0x00000000c000057f                irq14
                0x00000000c0000589                irq15
                0x00000000c0000593                irq16
                0x00000000c000059d                irq17
                0x00000000c00005a7                irq18
                0x00000000c00005b1                irq19
                0x00000000c00005bb                irq20
                0x00000000c00005c5                irq21
                0x00000000c00005cf                irq22
                0x00000000c00005d9                irq23
                0x00000000c00005e3                int_common_stub
                0x00000000c0000613                syscall_common_stub
 .text          0x00000000c000064d      0x40f acpica/utclib.32
                0x00000000c000064d                memcmp
                0x00000000c0000678                memmove
                0x00000000c00006b0                memcpy
                0x00000000c00006e6                memset
                0x00000000c0000703                strlen
                0x00000000c0000713                strpbrk
                0x00000000c0000736                strtok
                0x00000000c0000785                strcpy
                0x00000000c00007a5                strncpy
                0x00000000c00007d6                strcmp
                0x00000000c00007f7                strchr
                0x00000000c000080d                strncmp
                0x00000000c000083c                strcat
                0x00000000c0000863                strncat
                0x00000000c000089d                strstr
                0x00000000c00008da                toupper
                0x00000000c00008ee                tolower
                0x00000000c0000902                simple_strtoul
 .text          0x00000000c0000a5c      0xfbf core/malloc.32
                0x00000000c0000bc7                dlfree
                0x00000000c0000f22                dlmalloc
                0x00000000c000145f                dlrealloc
                0x00000000c0001614                dlmemalign
                0x00000000c0001737                dlcalloc
                0x00000000c00017d1                dlcfree
                0x00000000c00017d6                dlindependent_calloc
                0x00000000c00017fb                dlindependent_comalloc
                0x00000000c0001812                dlvalloc
                0x00000000c000183d                dlpvalloc
                0x00000000c0001873                dlmalloc_trim
                0x00000000c0001880                dlmalloc_usable_size
                0x00000000c00018b1                dlmallinfo
                0x00000000c0001980                dlmalloc_stats
                0x00000000c0001991                dlmallopt
 .text          0x00000000c0001a1b        0x0 libk/string.32
 .text          0x00000000c0001a1b       0x51 fs/fat/diskio.32
                0x00000000c0001a1b                disk_status
                0x00000000c0001a1e                disk_initialize
                0x00000000c0001a21                disk_read
                0x00000000c0001a37                disk_write
                0x00000000c0001a4d                disk_ioctl
 .text          0x00000000c0001a6c     0x6833 fs/fat/ff.32
                0x00000000c0004d3a                f_mount
                0x00000000c0004d9c                f_open
                0x00000000c00051d8                f_read
                0x00000000c0005458                f_write
                0x00000000c0005712                f_sync
                0x00000000c00058ee                f_close
                0x00000000c000591d                f_lseek
                0x00000000c0005dd4                f_opendir
                0x00000000c0005ed6                f_closedir
                0x00000000c0005ef8                f_readdir
                0x00000000c0005f93                f_stat
                0x00000000c0006022                f_getfree
                0x00000000c00061ed                f_truncate
                0x00000000c00062e5                f_unlink
                0x00000000c0006468                f_mkdir
                0x00000000c0006694                f_rename
                0x00000000c0006987                f_chmod
                0x00000000c0006a65                f_utime
                0x00000000c0006b43                f_getlabel
                0x00000000c0006d31                f_setlabel
                0x00000000c0006f9e                f_forward
                0x00000000c000717c                f_mkfs
 .text          0x00000000c000829f       0x2d fs/fat/ffsystem.32
                0x00000000c000829f                ff_memalloc
                0x00000000c00082b5                ff_memfree
 .text          0x00000000c00082cc      0x253 fs/fat/ffunicode.32
                0x00000000c00082cc                ff_uni2oem
                0x00000000c000835c                ff_oem2uni
                0x00000000c00083c8                ff_wtoupper
 .text          0x00000000c000851f      0x8a1 hal/libresample/samplerate.32
                0x00000000c00085c6                src_delete
                0x00000000c0008602                src_process
                0x00000000c0008776                src_callback_read
                0x00000000c00088d1                src_set_ratio
                0x00000000c000891a                src_get_channels
                0x00000000c000893c                src_reset
                0x00000000c0008988                src_new
                0x00000000c0008a16                src_callback_new
                0x00000000c0008a78                src_get_name
                0x00000000c0008aaf                src_get_description
                0x00000000c0008ae6                src_get_version
                0x00000000c0008aec                src_is_valid_ratio
                0x00000000c0008b08                src_error
                0x00000000c0008b16                src_strerror
                0x00000000c0008b29                src_simple
                0x00000000c0008b7c                src_short_to_float_array
                0x00000000c0008be1                src_float_to_short_array
                0x00000000c0008ca0                src_int_to_float_array
                0x00000000c0008d03                src_float_to_int_array
 .text          0x00000000c0008dc0      0x8f0 hal/libresample/src_linear.32
                0x00000000c000960b                linear_get_name
                0x00000000c000961a                linear_get_description
                0x00000000c0009629                linear_set_converter
 .text          0x00000000c00096b0     0x40fd hal/libresample/src_sinc.32
                0x00000000c000d6c4                sinc_get_name
                0x00000000c000d6d7                sinc_get_description
                0x00000000c000d6ea                sinc_set_converter
 .text          0x00000000c000d7ad      0x7a6 hal/libresample/src_zoh.32
                0x00000000c000deae                zoh_get_name
                0x00000000c000debd                zoh_get_description
                0x00000000c000decc                zoh_set_converter
 *fill*         0x00000000c000df53        0x1 
 .text          0x00000000c000df54      0x9e1 core/computer.32
                0x00000000c000df54                Computer::close(int, int, void*)
                0x00000000c000df98                Computer::Computer()
                0x00000000c000df98                Computer::Computer()
                0x00000000c000e0f4                Computer::setBootMessage(char const*)
                0x00000000c000e0f6                Computer::start()
                0x00000000c000e1d2                firstTask()
                0x00000000c000e1e0                Computer::detectFeatures()
                0x00000000c000e3ba                Computer::displayFeatures()
                0x00000000c000e700                Computer::rdmsr(unsigned int)
                0x00000000c000e72c                Computer::wrmsr(unsigned int, unsigned long long)
                0x00000000c000e764                Computer::nmiEnabled()
                0x00000000c000e770                Computer::readCMOS(unsigned char)
                0x00000000c000e78a                Computer::enableNMI(bool)
                0x00000000c000e7a2                Computer::open(int, int, void*)
                0x00000000c000e878                Computer::disableNMI()
                0x00000000c000e886                Computer::writeCMOS(unsigned char, unsigned char)
                0x00000000c000e8a4                Computer::handleNMI()
                0x00000000c000e90a                Computer::setDiskActivityLight(int, bool)
 *fill*         0x00000000c000e935        0x1 
 .text          0x00000000c000e936      0x1b7 core/gdt.32
                0x00000000c000e936                GDTEntry::setBase(unsigned int)
                0x00000000c000e952                GDTEntry::setLimit(unsigned int)
                0x00000000c000e970                GDT::GDT()
                0x00000000c000e970                GDT::GDT()
                0x00000000c000e986                GDT::addEntry(GDTEntry)
                0x00000000c000e9c2                GDT::getNumberOfEntries()
                0x00000000c000e9ca                GDT::flush()
                0x00000000c000e9ec                GDT::setup()
 .text          0x00000000c000eaed       0x61 core/idle.32
                0x00000000c000eaed                idleFunction(void*)
 .text          0x00000000c000eb4e      0x45f core/idt.32
                0x00000000c000eb4e                IDTEntry::IDTEntry(bool)
                0x00000000c000eb4e                IDTEntry::IDTEntry(bool)
                0x00000000c000ebbc                IDTEntry::setOffset(unsigned int)
                0x00000000c000ebd0                IDT::IDT()
                0x00000000c000ebd0                IDT::IDT()
                0x00000000c000ebd2                IDT::getPointerToInvalidOpcodeEntryForF00F()
                0x00000000c000ebda                IDT::addEntry(IDTEntry, int)
                0x00000000c000ebf4                IDT::addEntry(int, void (*)(), bool)
                0x00000000c000ec2c                IDT::flush()
                0x00000000c000ec46                IDT::setup()
 .text          0x00000000c000efad      0x20d core/kheap.32
                0x00000000c000efad                sbrk
                0x00000000c000f0c5                mmap
                0x00000000c000f0db                munmap
                0x00000000c000f0f1                liballoc_lock()
                0x00000000c000f102                liballoc_unlock()
                0x00000000c000f113                liballoc_alloc(int)
                0x00000000c000f12e                liballoc_free(void*, int)
                0x00000000c000f14c                realloc
                0x00000000c000f160                malloc
                0x00000000c000f170                free
                0x00000000c000f180                rfree
                0x00000000c000f190                calloc
 .text          0x00000000c000f1ba      0x38d core/main.32
                0x00000000c000f1ba                hwTextMode_loadInData(VgaText*)
                0x00000000c000f1ff                hwTextMode_loadInTitle(VgaText*, char*)
                0x00000000c000f241                hwTextMode_showCursor(VgaText*, bool)
                0x00000000c000f295                hwTextMode_update(VgaText*)
                0x00000000c000f296                hwTextMode_updateCursor(VgaText*)
                0x00000000c000f2de                hwTextMode_disableBlink(VgaText*, bool)
                0x00000000c000f31a                hwTextMode_scrollScreen(VgaText*)
                0x00000000c000f3a0                hwTextMode_writeCharacter(VgaText*, char, VgaColour, VgaColour, int, int)
                0x00000000c000f3fe                setupTextMode()
                0x00000000c000f44f                kernel_main
 .text          0x00000000c000f547      0x4f3 core/physmgr.32
                0x00000000c000f547                Phys::allocateDMA(unsigned long)
                0x00000000c000f5ea                Phys::freeDMA(unsigned long, unsigned long)
                0x00000000c000f632                Phys::setPageState(unsigned long, bool)
                0x00000000c000f664                Phys::getPageState(unsigned long)
                0x00000000c000f680                Phys::freePage(unsigned long)
                0x00000000c000f70a                Phys::allocatePage()
                0x00000000c000f7d2                Phys::allowSegmentToBeUsed(unsigned long, unsigned long)
                0x00000000c000f80a                Phys::physicalMemorySetup(unsigned int)
 .text          0x00000000c000fa3a      0x273 core/pipe.32
                0x00000000c000fa3a                Pipe::isAtty()
                0x00000000c000fa3e                Pipe::~Pipe()
                0x00000000c000fa3e                Pipe::~Pipe()
                0x00000000c000fa62                Pipe::~Pipe()
                0x00000000c000fa8a                Pipe::read(unsigned long long, void*, int*)
                0x00000000c000fb7e                Pipe::write(unsigned long long, void*, int*)
                0x00000000c000fc46                Pipe::Pipe(int)
                0x00000000c000fc46                Pipe::Pipe(int)
 *fill*         0x00000000c000fcad        0x1 
 .text          0x00000000c000fcae      0xf65 core/terminal.32
                0x00000000c000fcae                VgaText::isAtty()
                0x00000000c000fcb2                VgaText::~VgaText()
                0x00000000c000fcb2                VgaText::~VgaText()
                0x00000000c000fcd6                VgaText::~VgaText()
                0x00000000c000fd00                VgaText::read(unsigned long long, void*, int*)
                0x00000000c000fd20                setTerminalScrollLock(bool)
                0x00000000c000fd21                addToTerminalCycle(VgaText*)
                0x00000000c000fd4e                installVgaTextImplementation()
                0x00000000c000fd63                scrollTerminalScrollLock(int)
                0x00000000c000fd64                VgaText::load()
                0x00000000c000fdb8                VgaText::updateCursor()
                0x00000000c000fdd2                VgaText::showCursor(bool)
                0x00000000c000fde2                VgaText::disableBlink(bool)
                0x00000000c000fe1c                VgaText::doANSI_SGR(int)
                0x00000000c000fea8                VgaText::setDefaultBgColour(VgaColour)
                0x00000000c000febe                VgaText::setDefaultFgColour(VgaColour)
                0x00000000c000fed4                VgaText::setDefaultColours(VgaColour, VgaColour)
                0x00000000c000fef4                VgaText::combineColours(unsigned char, unsigned char)
                0x00000000c000ff06                VgaText::scrollScreen()
                0x00000000c000ff9a                VgaText::combineCharAndColour(char, unsigned char)
                0x00000000c000ffac                VgaText::writeCharacter(char, VgaColour, VgaColour, int, int)
                0x00000000c001000c                VgaText::getCursorX()
                0x00000000c0010018                VgaText::getCursorY()
                0x00000000c0010024                VgaText::setCursor(int, int)
                0x00000000c0010042                VgaText::setCursorX(int)
                0x00000000c001005e                VgaText::setCursorY(int)
                0x00000000c001007a                VgaText::incrementCursor(bool)
                0x00000000c00100e2                VgaText::updateRAMUsageDisplay(int)
                0x00000000c001013c                VgaText::updateDiskUsage()
                0x00000000c00102a2                VgaText::updateTitle()
                0x00000000c00102e8                VgaText::setTitleTextColour(VgaColour)
                0x00000000c00102f8                VgaText::setTitleColour(VgaColour)
                0x00000000c0010308                VgaText::setTitle(char*)
                0x00000000c001032e                VgaText::decrementCursor(bool)
                0x00000000c0010356                VgaText::putchar(char, VgaColour, VgaColour)
                0x00000000c0010452                VgaText::isShowingCursor()
                0x00000000c001045e                VgaText::isBlinkDisabled()
                0x00000000c001046c                VgaText::setCursorHeight(int)
                0x00000000c001048a                VgaText::getCursorHeight()
                0x00000000c0010495                setActiveTerminal(VgaText*)
                0x00000000c0010547                doTerminalCycle()
                0x00000000c0010564                VgaText::doUpdate()
                0x00000000c0010576                VgaText::puts(char const*, VgaColour, VgaColour)
                0x00000000c0010736                VgaText::clearScreen()
                0x00000000c001079a                VgaText::putchar(char)
                0x00000000c00108b4                VgaText::puts(char const*)
                0x00000000c00108da                VgaText::putx(unsigned int)
                0x00000000c0010920                VgaText::VgaText(char const*)
                0x00000000c0010920                VgaText::VgaText(char const*)
                0x00000000c0010ab2                VgaText::receiveKey(unsigned char)
                0x00000000c0010b9a                VgaText::write(unsigned long long, void*, int*)
                0x00000000c0010bee                newTerminal(char*)
 *fill*         0x00000000c0010c13        0x1 
 .text          0x00000000c0010c14      0x18f core/tss.32
                0x00000000c0010c14                TSS::TSS()
                0x00000000c0010c14                TSS::TSS()
                0x00000000c0010c22                TSS::setESP(unsigned long)
                0x00000000c0010c34                TSS::flush()
                0x00000000c0010c54                TSS::setup(unsigned long, unsigned long)
 *fill*         0x00000000c0010da3        0x1 
 .text          0x00000000c0010da4      0x482 core/unixfile.32
                0x00000000c0010da4                ReservedFilename::read(unsigned long long, void*, int*)
                0x00000000c0010dfa                ReservedFilename::isAtty()
                0x00000000c0010e16                ReservedFilename::write(unsigned long long, void*, int*)
                0x00000000c0010e74                UnixFile::getFileDescriptor()
                0x00000000c0010e7c                UnixFile::UnixFile(int)
                0x00000000c0010e7c                UnixFile::UnixFile(int)
                0x00000000c0010fec                ReservedFilename::ReservedFilename(int)
                0x00000000c0010fec                ReservedFilename::ReservedFilename(int)
                0x00000000c001101e                UnixFile::~UnixFile()
                0x00000000c001101e                UnixFile::~UnixFile()
                0x00000000c00110b6                UnixFile::~UnixFile()
                0x00000000c00110de                ReservedFilename::~ReservedFilename()
                0x00000000c00110de                ReservedFilename::~ReservedFilename()
                0x00000000c0011102                ReservedFilename::~ReservedFilename()
                0x00000000c0011129                getFromFileDescriptor(int)
 .text          0x00000000c0011226      0xec7 core/virtmgr.32
                0x00000000c0011226                Virt::setPageState(unsigned long, Virt::VirtPageState)
                0x00000000c001125b                Virt::getPageState(unsigned long)
                0x00000000c001127f                Virt::allocateKernelVirtualPages(int)
                0x00000000c0011390                Virt::virtualMemorySetup()
                0x00000000c001140f                Virt::getAKernelVAS()
                0x00000000c0011415                Virt::setupPageSwapping(int)
                0x00000000c001153a                VAS::VAS()
                0x00000000c001153a                VAS::VAS()
                0x00000000c001156a                VAS::VAS(VAS*)
                0x00000000c001156a                VAS::VAS(VAS*)
                0x00000000c001158e                VAS::getForeignPageTableEntry(bool, unsigned long)
                0x00000000c00115ba                VAS::getPageTableEntry(unsigned long)
                0x00000000c00115d9                Virt::freeKernelVirtualPages(unsigned long)
                0x00000000c00116fc                VAS::freeAllocatedPages(unsigned long)
                0x00000000c0011720                VAS::virtualToPhysical(unsigned long)
                0x00000000c0011738                VAS::reflagRange(unsigned long, int, int, int)
                0x00000000c0011778                VAS::setToWriteCombining(unsigned long, int)
                0x00000000c00117b0                VAS::mapOtherVASIn(bool, VAS*)
                0x00000000c00117e6                VAS::~VAS()
                0x00000000c00117e6                VAS::~VAS()
                0x00000000c0011952                VAS::mapPage(unsigned long, unsigned long, int)
                0x00000000c0011a52                VAS::allocatePages(int, int)
                0x00000000c0011c22                VAS::setCPUSpecific(unsigned long)
                0x00000000c0011c3e                VAS::mapRange(unsigned long, unsigned long, int, int)
                0x00000000c0011d08                VAS::mapForeignPage(bool, VAS*, unsigned long, unsigned long, int)
                0x00000000c0011df6                VAS::VAS(bool)
                0x00000000c0011df6                VAS::VAS(bool)
                0x00000000c0012026                mapVASFirstTime
 .text          0x00000000c00120ed       0x93 coreobjs/c++.32
                0x00000000c00120ed                __cxa_atexit
                0x00000000c00120f0                __cxa_finalize
                0x00000000c00120f1                __stack_chk_fail
                0x00000000c0012151                __cxa_pure_virtual
                0x00000000c0012162                operator new(unsigned long)
                0x00000000c0012167                operator new[](unsigned long)
                0x00000000c001216c                operator delete(void*)
                0x00000000c0012171                operator delete(void*, unsigned long)
                0x00000000c0012176                operator delete[](void*)
                0x00000000c001217b                operator delete[](void*, unsigned long)
 .text          0x00000000c0012180      0x1ef dbg/kconsole.32
                0x00000000c0012180                Dbg::stringifyxWithBase(unsigned int, char*, int)
                0x00000000c00121e1                Dbg::logc(char)
                0x00000000c00121f8                Dbg::logs(char*)
                0x00000000c0012215                Dbg::logWriteInt(unsigned int)
                0x00000000c0012232                Dbg::logWriteIntBase(unsigned int, int)
                0x00000000c0012251                Dbg::kprintf(char const*, ...)
 *fill*         0x00000000c001236f        0x1 
 .text          0x00000000c0012370      0xb68 fs/vfs.32
                0x00000000c0012370                File::read(unsigned long long, void*, int*)
                0x00000000c00123c8                File::write(unsigned long long, void*, int*)
                0x00000000c0012420                Directory::read(unsigned long long, void*, int*)
                0x00000000c0012478                Directory::write(unsigned long long, void*, int*)
                0x00000000c00124a6                File::isAtty()
                0x00000000c00124aa                Directory::isAtty()
                0x00000000c00124ae                Filesystem::getlabel(LogicalDisk*, int, char*, unsigned int*)
                0x00000000c00124b4                Filesystem::setlabel(LogicalDisk*, int, char*)
                0x00000000c00124ba                File::~File()
                0x00000000c00124ba                File::~File()
                0x00000000c00124de                File::~File()
                0x00000000c0012508                Directory::~Directory()
                0x00000000c0012508                Directory::~Directory()
                0x00000000c001252c                Directory::~Directory()
                0x00000000c0012556                Filesystem::Filesystem()
                0x00000000c0012556                Filesystem::Filesystem()
                0x00000000c001257a                Filesystem::~Filesystem()
                0x00000000c001257a                Filesystem::~Filesystem()
                0x00000000c0012588                Filesystem::~Filesystem()
                0x00000000c00125ac                initVFS()
                0x00000000c00125d6                standardiseFiles(char*, char const*, char const*)
                0x00000000c0012780                File::File(char const*, Process*)
                0x00000000c0012780                File::File(char const*, Process*)
                0x00000000c00127e4                File::open(FileOpenMode)
                0x00000000c0012842                File::close()
                0x00000000c00128a2                File::seek(unsigned long long)
                0x00000000c00128f8                File::tell(unsigned long long*)
                0x00000000c0012948                File::rewind()
                0x00000000c001295c                File::unlink()
                0x00000000c00129a8                File::rename(char const*)
                0x00000000c00129f6                File::chfatattr(unsigned char, unsigned char)
                0x00000000c0012a52                File::exists()
                0x00000000c0012a90                File::stat(unsigned long long*, bool*)
                0x00000000c0012af1                getcwd(Process*, char*, int)
                0x00000000c0012b1b                setcwd(Process*, char*)
                0x00000000c0012c42                Directory::Directory(char const*, Process*)
                0x00000000c0012c42                Directory::Directory(char const*, Process*)
                0x00000000c0012ca6                Directory::open()
                0x00000000c0012d02                Directory::close()
                0x00000000c0012d62                Directory::unlink()
                0x00000000c0012dae                Directory::rename(char const*)
                0x00000000c0012dfc                Directory::exists()
                0x00000000c0012e3a                Directory::read(dirent*)
                0x00000000c0012e86                Directory::create()
                0x00000000c0012ed2                Filesystem::chfatattr(char const*, unsigned char, unsigned char)
 .text          0x00000000c0012ed8       0x84 hal/bus.32
                0x00000000c0012ed8                Bus::Bus(char const*)
                0x00000000c0012ed8                Bus::Bus(char const*)
                0x00000000c0012f0e                Bus::~Bus()
                0x00000000c0012f0e                Bus::~Bus()
                0x00000000c0012f32                Bus::~Bus()
 .text          0x00000000c0012f5c      0x14e hal/buzzer.32
                0x00000000c0012f5c                Buzzer::Buzzer(char const*)
                0x00000000c0012f5c                Buzzer::Buzzer(char const*)
                0x00000000c0012fa0                Buzzer::~Buzzer()
                0x00000000c0012fa0                Buzzer::~Buzzer()
                0x00000000c0012fc4                Buzzer::~Buzzer()
                0x00000000c0012fee                Buzzer::stop()
                0x00000000c0013001                beepThread(void*)
                0x00000000c001303c                Buzzer::beep(int, int, bool)
 .text          0x00000000c00130aa      0x42f hal/clock.32
                0x00000000c00130aa                loadClockSettings()
                0x00000000c00130c4                Clock::Clock(char const*)
                0x00000000c00130c4                Clock::Clock(char const*)
                0x00000000c00130fa                Clock::~Clock()
                0x00000000c00130fa                Clock::~Clock()
                0x00000000c001311e                Clock::~Clock()
                0x00000000c0013148                Clock::timeInSecondsLocal()
                0x00000000c0013190                Clock::setTimeInSecondsLocal(unsigned long long)
                0x00000000c00131e9                datetimeToSeconds(datetime_t)
                0x00000000c0013310                Clock::setTimeInDatetimeLocal(datetime_t)
                0x00000000c0013370                secondsToDatetime(unsigned long long)
                0x00000000c00134b4                Clock::timeInDatetimeLocal()
 *fill*         0x00000000c00134d9        0x1 
 .text          0x00000000c00134da      0x504 hal/device.32
                0x00000000c00134da                Device::hibernate()
                0x00000000c00134dc                Device::wake()
                0x00000000c00134de                Device::detect()
                0x00000000c00134e0                Device::disableLegacy()
                0x00000000c00134e2                Device::powerSaving(PowerSavingLevel)
                0x00000000c00134e4                DriverlessDevice::close(int, int, void*)
                0x00000000c00134e8                DriverlessDevice::detect()
                0x00000000c00134ea                DriverlessDevice::open(int, int, void*)
                0x00000000c00134fe                Device::~Device()
                0x00000000c00134fe                Device::~Device()
                0x00000000c001350c                Device::~Device()
                0x00000000c0013534                Device::findAndLoadDriver()
                0x00000000c0013536                Device::preOpenPCI(PCIDeviceInfo)
                0x00000000c001355c                Device::preOpenACPI(void*, char*, char*)
                0x00000000c00135b0                Device::addIRQHandler(int, void (*)(regs*, void*), bool, void*)
                0x00000000c001360e                Device::removeIRQHandler(int, void (*)(regs*, void*), bool)
                0x00000000c001365c                Device::addChild(Device*)
                0x00000000c00136a0                Device::removeAllChildren()
                0x00000000c00136e6                Device::hibernateAll()
                0x00000000c0013716                Device::wakeAll()
                0x00000000c0013746                Device::detectAll()
                0x00000000c0013776                Device::disableLegacyAll()
                0x00000000c00137a6                Device::loadDriversForAll()
                0x00000000c00137d2                Device::closeAll()
                0x00000000c0013808                Device::powerSavingAll(PowerSavingLevel)
                0x00000000c001383e                Device::setName(char const*)
                0x00000000c001384c                Device::Device(char const*)
                0x00000000c001384c                Device::Device(char const*)
                0x00000000c001393e                Device::getName()
                0x00000000c0013948                DriverlessDevice::DriverlessDevice(char const*)
                0x00000000c0013948                DriverlessDevice::DriverlessDevice(char const*)
                0x00000000c0013970                Device::addToLinkedList(LinkedList<Device>&, DeviceType)
                0x00000000c00139b4                getDevicesOfType(DeviceType)
 .text          0x00000000c00139de       0x84 hal/diskctrl.32
                0x00000000c00139de                HardDiskController::HardDiskController(char const*)
                0x00000000c00139de                HardDiskController::HardDiskController(char const*)
                0x00000000c0013a14                HardDiskController::~HardDiskController()
                0x00000000c0013a14                HardDiskController::~HardDiskController()
                0x00000000c0013a38                HardDiskController::~HardDiskController()
 .text          0x00000000c0013a62       0xde hal/diskphys.32
                0x00000000c0013a62                PhysicalDisk::PhysicalDisk(char const*, int)
                0x00000000c0013a62                PhysicalDisk::PhysicalDisk(char const*, int)
                0x00000000c0013aca                PhysicalDisk::startCache()
                0x00000000c0013af2                PhysicalDisk::~PhysicalDisk()
                0x00000000c0013af2                PhysicalDisk::~PhysicalDisk()
                0x00000000c0013b16                PhysicalDisk::~PhysicalDisk()
 .text          0x00000000c0013b40      0x14c hal/fpu.32
                0x00000000c0013b40                FPU::FPU(char const*)
                0x00000000c0013b40                FPU::FPU(char const*)
                0x00000000c0013b76                FPU::~FPU()
                0x00000000c0013b76                FPU::~FPU()
                0x00000000c0013b9a                FPU::~FPU()
                0x00000000c0013bc4                setupFPU()
 .text          0x00000000c0013c8c     0x12c1 hal/intctrl.32
                0x00000000c0013c8c                InterruptController::uninstallISRHandler(int, void (*)(regs*, void*))
                0x00000000c0013cc4                InterruptController::installISRHandler(int, void (*)(regs*, void*), void*)
                0x00000000c0013d16                doubleFault(regs*, void*)
                0x00000000c0013d30                InterruptController::installIRQHandler(int, void (*)(regs*, void*), bool, void*)
                0x00000000c0013dcc                InterruptController::clearAllHandlers(int, bool)
                0x00000000c0013e74                InterruptController::uninstallIRQHandler(int, void (*)(regs*, void*), bool)
                0x00000000c0013efb                nmiHandler(regs*, void*)
                0x00000000c0013f09                int_handler
                0x00000000c0013fa4                InterruptController::InterruptController(char const*)
                0x00000000c0013fa4                InterruptController::InterruptController(char const*)
                0x00000000c001404a                InterruptController::~InterruptController()
                0x00000000c001404a                InterruptController::~InterruptController()
                0x00000000c001406e                InterruptController::~InterruptController()
                0x00000000c0014098                displayDebugInfo(regs*)
                0x00000000c00144af                x87EmulHandler(regs*, void*)
                0x00000000c00144f7                gpFault(regs*, void*)
                0x00000000c0014530                pgFault(regs*, void*)
                0x00000000c0014547                otherISRHandler(regs*, void*)
                0x00000000c0014566                opcodeFault(regs*, void*)
                0x00000000c0014b1f                displayProgramFault(char const*)
                0x00000000c0014b47                setupInterruptController()
                0x00000000c0014f00                InterruptController::convertLegacyIRQNumber(int)
 *fill*         0x00000000c0014f4d        0x1 
 .text          0x00000000c0014f4e      0x620 hal/keybrd.32
                0x00000000c0014f4e                startGUI(void*)
                0x00000000c0014fc0                sendKeyToTerminal(unsigned char)
                0x00000000c001502c                sendKeyboardToken(KeyboardToken)
                0x00000000c0015407                clearInternalKeybuffer(VgaText*)
                0x00000000c001543c                readKeyboard(VgaText*, char*, unsigned long)
                0x00000000c00154e4                Keyboard::Keyboard(char const*)
                0x00000000c00154e4                Keyboard::Keyboard(char const*)
                0x00000000c0015520                Keyboard::~Keyboard()
                0x00000000c0015520                Keyboard::~Keyboard()
                0x00000000c0015544                Keyboard::~Keyboard()
 .text          0x00000000c001556e      0x400 hal/logidisk.32
                0x00000000c001556e                LogicalDisk::close(int, int, void*)
                0x00000000c0015572                LogicalDisk::~LogicalDisk()
                0x00000000c0015572                LogicalDisk::~LogicalDisk()
                0x00000000c0015596                LogicalDisk::~LogicalDisk()
                0x00000000c00155c0                LogicalDisk::open(int, int, void*)
                0x00000000c00155d4                LogicalDisk::absoluteToRelative(unsigned long long)
                0x00000000c001560c                LogicalDisk::relativeToAbsolute(unsigned long long)
                0x00000000c0015652                LogicalDisk::LogicalDisk(char const*, PhysicalDisk*, unsigned long long, unsigned long long)
                0x00000000c0015652                LogicalDisk::LogicalDisk(char const*, PhysicalDisk*, unsigned long long, unsigned long long)
                0x00000000c0015708                LogicalDisk::assignDriveLetter()
                0x00000000c00157be                LogicalDisk::mount()
                0x00000000c0015830                LogicalDisk::unmount()
                0x00000000c0015840                LogicalDisk::unassignDriveLetter()
                0x00000000c0015896                LogicalDisk::read(unsigned long long, int, void*)
                0x00000000c0015902                LogicalDisk::write(unsigned long long, int, void*)
 .text          0x00000000c001596e       0x84 hal/mouse.32
                0x00000000c001596e                Mouse::Mouse(char const*)
                0x00000000c001596e                Mouse::Mouse(char const*)
                0x00000000c00159a4                Mouse::~Mouse()
                0x00000000c00159a4                Mouse::~Mouse()
                0x00000000c00159c8                Mouse::~Mouse()
 .text          0x00000000c00159f2      0x339 hal/partition.32
                0x00000000c00159f2                makePartition(PhysicalDisk*, unsigned long long, unsigned long long)
                0x00000000c0015a9a                createPartitionsForDisk(PhysicalDisk*)
 *fill*         0x00000000c0015d2b        0x1 
 .text          0x00000000c0015d2c      0x2e7 hal/timer.32
                0x00000000c0015d2c                Timer::Timer(char const*)
                0x00000000c0015d2c                Timer::Timer(char const*)
                0x00000000c0015d62                Timer::~Timer()
                0x00000000c0015d62                Timer::~Timer()
                0x00000000c0015d86                Timer::~Timer()
                0x00000000c0015db0                Timer::read()
                0x00000000c0015dbb                timerHandler(unsigned long long)
                0x00000000c0015ef2                setupTimer(int)
 *fill*         0x00000000c0016013        0x1 
 .text          0x00000000c0016014      0x2d1 hal/vcache.32
                0x00000000c0016014                VCache::VCache(PhysicalDisk*)
                0x00000000c0016014                VCache::VCache(PhysicalDisk*)
                0x00000000c0016104                VCache::writeWriteBuffer()
                0x00000000c0016140                VCache::~VCache()
                0x00000000c0016140                VCache::~VCache()
                0x00000000c0016180                VCache::~VCache()
                0x00000000c00161a8                VCache::write(unsigned long long, int, void*)
                0x00000000c001628c                VCache::read(unsigned long long, int, void*)
 *fill*         0x00000000c00162e5        0x1 
 .text          0x00000000c00162e6      0x26d hal/video.32
                0x00000000c00162e6                Video::putrect(int, int, int, int, unsigned int)
                0x00000000c0016330                Video::blit(unsigned int*, int, int, int, int)
                0x00000000c00163ae                Video::clearScreen(unsigned int)
                0x00000000c00163e2                Video::putpixel(int, int, unsigned int)
                0x00000000c00163f0                Video::Video(char const*)
                0x00000000c00163f0                Video::Video(char const*)
                0x00000000c0016426                Video::~Video()
                0x00000000c0016426                Video::~Video()
                0x00000000c001644a                Video::~Video()
                0x00000000c0016474                Video::isMonochrome()
                0x00000000c0016480                Video::getWidth()
                0x00000000c001648c                Video::getHeight()
                0x00000000c0016498                Video::drawCursor(int, int, unsigned char*, int)
 *fill*         0x00000000c0016553        0x1 
 .text          0x00000000c0016554      0xd04 hw/acpi.32
                0x00000000c0016554                ACPI::close(int, int, void*)
                0x00000000c0016609                findRSDP()
                0x00000000c0016693                loadACPITables(unsigned char*)
                0x00000000c00168ba                findRSDT(unsigned char*)
                0x00000000c00169d8                findDataTable(unsigned char*, char*)
                0x00000000c0016a74                scanMADT()
                0x00000000c0016e08                ACPI::ACPI()
                0x00000000c0016e08                ACPI::ACPI()
                0x00000000c0016e68                ACPI::getPCIIRQAssignment(unsigned char, unsigned short, unsigned char)
                0x00000000c0016f4a                ACPI::registerPCIIRQAssignment(void*, unsigned short, unsigned char, unsigned char)
                0x00000000c0017050                ACPI::setScreenBrightnessLevel(void*, int)
                0x00000000c0017056                ACPI::writeSimpleBootFlag(SimpleBootFlagTable*)
                0x00000000c001709e                ACPI::open(int, int, void*)
                0x00000000c0017240                ACPI::sleep()
 .text          0x00000000c0017258     0x17a9 hw/cpu.32
                0x00000000c0017258                CPU::close(int, int, void*)
                0x00000000c001725b                lookupAMDCPUName(unsigned char, unsigned char)
                0x00000000c00173ef                lookupIntelCPUName(unsigned char, unsigned char)
                0x00000000c001769d                AMD_K6_write_msr(unsigned int, unsigned int, unsigned int, REGS*)
                0x00000000c00176b9                AMD_K6_read_msr(unsigned int, REGS*)
                0x00000000c00176d1                AMD_K6_writeback(int, int, int)
                0x00000000c0017744                cpuid(int, unsigned long*, unsigned long*, unsigned long*, unsigned long*)
                0x00000000c00177c7                cpuidCheckEDX(unsigned int)
                0x00000000c00177f4                cpuidCheckECX(unsigned int)
                0x00000000c0017821                cpuidCheckExtendedEBX(unsigned int)
                0x00000000c001784e                cpuidCheckExtendedECX(unsigned int)
                0x00000000c001787b                getCPUNumber()
                0x00000000c001787e                thisCPU()
                0x00000000c0017892                CPU::CPU()
                0x00000000c0017892                CPU::CPU()
                0x00000000c0017920                CPU::displayFeatures()
                0x00000000c0017b9c                CPU::detectFeatures()
                0x00000000c001858e                CPU::setupSMEP()
                0x00000000c00185a8                CPU::setupUMIP()
                0x00000000c00185c0                CPU::setupTSC()
                0x00000000c00185d8                CPU::setupLargePages()
                0x00000000c00185f0                CPU::setupPAT()
                0x00000000c001862c                CPU::setupMTRR()
                0x00000000c001862e                CPU::setupGlobalPages()
                0x00000000c0018644                CPU::allowUsermodeDataAccess()
                0x00000000c0018656                CPU::prohibitUsermodeDataAccess()
                0x00000000c0018668                CPU::setupSMAP()
                0x00000000c001868e                CPU::setupFeatures()
                0x00000000c0018730                CPU::open(int, int, void*)
                0x00000000c0018806                CPU::decodeAddress(regs*, int*, bool*, unsigned char*)
 .text          0x00000000c0018a01        0x0 hw/ports.32
 .text          0x00000000c0018a01      0xfa6 hw/x87em.32
                0x00000000c0018a01                fpuInternalTo32(unsigned long long)
                0x00000000c0018b01                fpuInternalTo64(unsigned long long)
                0x00000000c0018b1e                fpu32ToInternal(unsigned int)
                0x00000000c0018b9a                fpu64ToInternal(unsigned long long)
                0x00000000c0018bb7                fpuFloatToLong(unsigned long long)
                0x00000000c0018caa                fpuULongToFloat(unsigned long long)
                0x00000000c0018d72                fpuLongToFloat(long long)
                0x00000000c0018e95                fpuGet0()
                0x00000000c0018ea0                fpuGet1()
                0x00000000c0018eab                fpuGetPi()
                0x00000000c0018eb6                fpuGetLog2E()
                0x00000000c0018ed7                fpuGetLogE2()
                0x00000000c0018ef8                fpuGetLog210()
                0x00000000c0018f19                fpuGetLog102()
                0x00000000c0018f3a                fpuIsSecondLarger(unsigned long long, unsigned long long)
                0x00000000c0018f7b                fpuAreEqual(unsigned long long, unsigned long long)
                0x00000000c0018fb9                fpuUnorderedCompare(unsigned long long, unsigned long long)
                0x00000000c0019071                fpuAdd(unsigned long long, unsigned long long)
                0x00000000c00190ac                fpuAbs(unsigned long long)
                0x00000000c00190c9                fpuChs(unsigned long long)
                0x00000000c00190ed                fpuSub(unsigned long long, unsigned long long)
                0x00000000c0019133                fpuMultiply(unsigned long long, unsigned long long)
                0x00000000c001917a                fpuDivide(unsigned long long, unsigned long long)
                0x00000000c00191b8                fpuSquare(unsigned long long)
                0x00000000c00191e6                fpuGetReg(int)
                0x00000000c0019239                fpuSetReg(int, unsigned long long)
                0x00000000c00192a7                fpuPush(unsigned long long)
                0x00000000c001933e                fpuPop()
                0x00000000c00193cb                x87Handler(regs*)
 .text          0x00000000c00199a7      0x338 krnl/panic.32
                0x00000000c00199a7                Krnl::panic(char const*)
 .text          0x00000000c0019cdf      0x503 reg/registry.32
                0x00000000c0019cdf                Reg::findLineFromLoadedData(char*, char*, char*)
                0x00000000c0019e37                Reg::getLineFromRegistry(char*, char*, char*, char*)
                0x00000000c0019f96                Reg::getLine(char*, char*, char*)
                0x00000000c0019fcd                Reg::readInt(char*, char*, int*)
                0x00000000c001a0b8                Reg::readString(char*, char*, char*, int)
                0x00000000c001a139                Reg::readBool(char*, char*, bool*)
                0x00000000c001a15e                Reg::readBoolWithDefault(char*, char*, bool)
                0x00000000c001a18a                Reg::readIntWithDefault(char*, char*, int)
                0x00000000c001a1b6                Reg::readStringWithDefault(char*, char*, char*, int, char*)
 .text          0x00000000c001a1e2       0x18 sys/sc_exit.32
                0x00000000c001a1e2                Sys::exit(regs*)
 .text          0x00000000c001a1fa       0x95 sys/sc_loaddll.32
                0x00000000c001a1fa                Sys::loadDLL(regs*)
 .text          0x00000000c001a28f       0x68 sys/sc_read.32
                0x00000000c001a28f                Sys::read(regs*)
 .text          0x00000000c001a2f7       0x55 sys/sc_sbrk.32
                0x00000000c001a2f7                Sys::sbrk(regs*)
 .text          0x00000000c001a34c       0x68 sys/sc_write.32
                0x00000000c001a34c                Sys::write(regs*)
 .text          0x00000000c001a3b4       0x1a sys/sc_yield.32
                0x00000000c001a3b4                Sys::yield(regs*)
 .text          0x00000000c001a3ce      0xf85 sys/syscalls.32
                0x00000000c001a3ce                sysCallGetPID(regs*)
                0x00000000c001a3da                sysCallSeekDir(regs*)
                0x00000000c001a3df                sysCallTellDir(regs*)
                0x00000000c001a3e4                sysCallVerify(regs*)
                0x00000000c001a3ee                sysCallFork(regs*)
                0x00000000c001a3f9                sysCallExecve(regs*)
                0x00000000c001a404                sysCallGetArgc(regs*)
                0x00000000c001a414                sysFormatDisk(regs*)
                0x00000000c001a47e                sysSetDiskVolumeLabel(regs*)
                0x00000000c001a4c4                sysGetDiskVolumeLabel(regs*)
                0x00000000c001a515                sysShutdown(regs*)
                0x00000000c001a573                sysCallGetCwd(regs*)
                0x00000000c001a592                sysCallSetCwd(regs*)
                0x00000000c001a5ae                sysCallRealpath(regs*)
                0x00000000c001a5f1                sysCallReadDir(regs*)
                0x00000000c001a67f                sysCallIsATTY(regs*)
                0x00000000c001a6d9                sysCallSeek(regs*)
                0x00000000c001a742                sysCallTell(regs*)
                0x00000000c001a7bf                sysCallSizeFromFilename(regs*)
                0x00000000c001a870                sysCallSize(regs*)
                0x00000000c001a8f3                sysCallClose(regs*)
                0x00000000c001a97b                sysCallOpenDir(regs*)
                0x00000000c001a9e8                sysCallMakeDir(regs*)
                0x00000000c001aa41                sysCallCloseDir(regs*)
                0x00000000c001aaa7                sysCallWait(regs*)
                0x00000000c001aac1                sysCallRmdir(regs*)
                0x00000000c001ab13                sysCallUnlink(regs*)
                0x00000000c001ab65                sysCallGetArgv(regs*)
                0x00000000c001abb1                sysCallTTYName(regs*)
                0x00000000c001ac34                sysCallGetEnv(regs*)
                0x00000000c001ac86                sysCallUSleep(regs*)
                0x00000000c001acad                sysCallSpawn(regs*)
                0x00000000c001ad05                sysAppSettings(regs*)
                0x00000000c001ae24                sysSetFatAttrib(regs*)
                0x00000000c001ae84                sysPanic(regs*)
                0x00000000c001aeaa                sysPipe(regs*)
                0x00000000c001aeef                sysGetUnixTime(regs*)
                0x00000000c001af03                string_ends_with(char const*, char const*)
                0x00000000c001af4b                sysCallOpen(regs*)
                0x00000000c001b158                setupSystemCalls()
                0x00000000c001b311                systemCall(regs*, void*)
 .text          0x00000000c001b353     0x11c7 thr/elf.32
                0x00000000c001b353                Thr::allocateMemoryForTask(Process*, File*, unsigned long, unsigned long, unsigned long)
                0x00000000c001b5d0                Thr::loadProgramIntoMemory(Process*, char const*)
                0x00000000c001b7e6                Thr::runtimeReferenceHelper()
                0x00000000c001b7f9                Thr::getAddressOfKernelSymbol(char const*)
                0x00000000c001b848                Thr::loadKernelSymbolTable(char const*)
                0x00000000c001bb09                Thr::loadDriverIntoMemory(char const*, unsigned long, bool)
                0x00000000c001c2a7                Thr::getDriverBaseFromAddress(unsigned long)
                0x00000000c001c2d9                Thr::getDriverNameFromAddress(unsigned long)
                0x00000000c001c310                Thr::getDriverOffsetFromAddress(unsigned long)
                0x00000000c001c32a                Thr::loadDLL(char const*, bool)
                0x00000000c001c4f0                Thr::executeDLL(unsigned long, void*)
 .text          0x00000000c001c51a      0xfce thr/prcssthr.32
                0x00000000c001c51a                changeTSS
                0x00000000c001c548                Process::addArgs(char**)
                0x00000000c001c5a2                Process::Process(char const*, Process*, char**)
                0x00000000c001c5a2                Process::Process(char const*, Process*, char**)
                0x00000000c001c75a                Process::Process(bool, char const*, Process*, char**)
                0x00000000c001c75a                Process::Process(bool, char const*, Process*, char**)
                0x00000000c001c8dd                disableIRQs()
                0x00000000c001c8e5                getIRQNestingLevel()
                0x00000000c001c8eb                enableIRQs()
                0x00000000c001c8fa                lockScheduler()
                0x00000000c001c8fc                unlockScheduler()
                0x00000000c001c8fe                userModeEntryPoint(void*)
                0x00000000c001c921                lockStuff()
                0x00000000c001c92d                taskStartupFunction
                0x00000000c001c936                updateTimeUsed()
                0x00000000c001c994                switchToThread(ThreadControlBlock*)
                0x00000000c001c9e4                Semaphore::Semaphore(int)
                0x00000000c001c9e4                Semaphore::Semaphore(int)
                0x00000000c001ca12                Mutex::Mutex()
                0x00000000c001ca12                Mutex::Mutex()
                0x00000000c001ca24                Process::createThread(void (*)(void*), void*, int)
                0x00000000c001cb08                Process::createUserThread()
                0x00000000c001cb24                setupMultitasking(void (*)())
                0x00000000c001cc2e                schedule()
                0x00000000c001ccb3                unlockStuff()
                0x00000000c001cce8                Semaphore::tryAcquire()
                0x00000000c001cd16                Semaphore::assertLocked(char const*)
                0x00000000c001cd46                blockTaskWithSchedulerLockAlreadyHeld(TaskState)
                0x00000000c001cd88                blockTask(TaskState)
                0x00000000c001cda9                waitTask(int, int*, int)
                0x00000000c001cdeb                nanoSleepUntil(unsigned long long)
                0x00000000c001ce42                nanoSleep(unsigned long long)
                0x00000000c001ce57                sleep(unsigned long long)
                0x00000000c001ce74                Semaphore::acquire()
                0x00000000c001cedc                taskReturned
                0x00000000c001cf0a                unblockTask(ThreadControlBlock*)
                0x00000000c001cfb9                cleanupTerminatedTask(ThreadControlBlock*)
                0x00000000c001d25d                cleanerTaskFunction(void*)
                0x00000000c001d310                terminateTask(int)
                0x00000000c001d3f0                Thr::terminateFromIRQ(int)
                0x00000000c001d3fc                Semaphore::release()
 .text          0x00000000c001d4e8      0x8bf vm86/vm8086.32
                0x00000000c001d4e8                Vm::vm8086EntryPoint(void*)
                0x00000000c001d513                Vm::inbv(unsigned short)
                0x00000000c001d519                Vm::outbv(unsigned short, unsigned char)
                0x00000000c001d523                Vm::realToLinear(unsigned short, unsigned short)
                0x00000000c001d533                Vm::getSegment(unsigned int)
                0x00000000c001d53b                Vm::getOffset(unsigned int)
                0x00000000c001d540                Vm::loadFileAsThread(Process*, char const*, unsigned short, unsigned short, unsigned short, unsigned short)
                0x00000000c001d66f                Vm::doISR(regs*, int, unsigned char*, unsigned short, unsigned short)
                0x00000000c001d6f9                Vm::readByteFromReal(unsigned short, unsigned short)
                0x00000000c001d70a                Vm::readWordFromReal(unsigned short, unsigned short)
                0x00000000c001d71c                Vm::readDwordFromReal(unsigned short, unsigned short)
                0x00000000c001d72d                Vm::writeByteFromReal(unsigned short, unsigned short, unsigned char)
                0x00000000c001d742                Vm::writeWordFromReal(unsigned short, unsigned short, unsigned short)
                0x00000000c001d758                Vm::writeDwordFromReal(unsigned short, unsigned short, unsigned int)
                0x00000000c001d76d                Vm::faultHandler(regs*)
 *fill*         0x00000000c001dda7        0x1 
 .text          0x00000000c001dda8     0x10ed fs/fat/vfslink.32
                0x00000000c001dda8                FAT::getName()
                0x00000000c001ddae                FAT::tell(void*, unsigned long long*)
                0x00000000c001dde2                FAT::stat(void*, unsigned long long*)
                0x00000000c001de16                FAT::~FAT()
                0x00000000c001de16                FAT::~FAT()
                0x00000000c001de3a                FAT::~FAT()
                0x00000000c001de62                FAT::getlabel(LogicalDisk*, int, char*, unsigned int*)
                0x00000000c001df00                FAT::setlabel(LogicalDisk*, int, char*)
                0x00000000c001dfba                FAT::format(LogicalDisk*, int, char const*, int)
                0x00000000c001e19e                FAT::tryMount(LogicalDisk*, int)
                0x00000000c001e3a4                FAT::readDir(void*, unsigned long, void*, int*)
                0x00000000c001e4aa                FAT::read(void*, unsigned long, void*, int*)
                0x00000000c001e504                FAT::write(void*, unsigned long, void*, int*)
                0x00000000c001e55e                FAT::close(void*)
                0x00000000c001e5aa                FAT::closeDir(void*)
                0x00000000c001e5f6                FAT::seek(void*, unsigned long long)
                0x00000000c001e64a                fatWrapperReadDisk
                0x00000000c001e691                fatWrapperWriteDisk
                0x00000000c001e6d8                fatWrapperIoctl
                0x00000000c001e7dc                FAT::FAT()
                0x00000000c001e7dc                FAT::FAT()
                0x00000000c001e82e                FAT::fixFilepath(char*)
                0x00000000c001e866                FAT::open(char const*, void**, FileOpenMode)
                0x00000000c001e98e                FAT::openDir(char const*, void**)
                0x00000000c001ea34                FAT::stat(char const*, unsigned long long*, bool*)
                0x00000000c001eb1e                FAT::unlink(char const*)
                0x00000000c001eb98                FAT::chfatattr(char const*, unsigned char, unsigned char)
                0x00000000c001ecec                FAT::rename(char const*, char const*)
                0x00000000c001edb0                FAT::mkdir(char const*)
                0x00000000c001ee2a                FAT::exists(char const*)
 *fill*         0x00000000c001ee95        0x1 
 .text          0x00000000c001ee96      0xbdf fs/iso9660/vfslink.32
                0x00000000c001ee96                ISO9660::format(LogicalDisk*, int, char const*, int)
                0x00000000c001ee9c                ISO9660::seek(void*, unsigned long long)
                0x00000000c001eecc                ISO9660::tell(void*, unsigned long long*)
                0x00000000c001eef0                ISO9660::getName()
                0x00000000c001eef6                ISO9660::stat(void*, unsigned long long*)
                0x00000000c001ef1a                ISO9660::chfatattr(char const*, unsigned char, unsigned char)
                0x00000000c001ef20                ISO9660::unlink(char const*)
                0x00000000c001ef26                ISO9660::write(void*, unsigned long, void*, int*)
                0x00000000c001ef2c                ISO9660::rename(char const*, char const*)
                0x00000000c001ef32                ISO9660::mkdir(char const*)
                0x00000000c001ef38                ISO9660::close(void*)
                0x00000000c001ef5a                ISO9660::closeDir(void*)
                0x00000000c001ef7c                ISO9660::~ISO9660()
                0x00000000c001ef7c                ISO9660::~ISO9660()
                0x00000000c001efa0                ISO9660::~ISO9660()
                0x00000000c001efc7                __memmem(unsigned char*, int, unsigned char*, int)
                0x00000000c001f009                readSectorFromCDROM(unsigned int, unsigned char*, char)
                0x00000000c001f070                ISO9660::tryMount(LogicalDisk*, int)
                0x00000000c001f0c0                ISO9660::read(void*, unsigned long, void*, int*)
                0x00000000c001f304                ISO9660::readDir(void*, unsigned long, void*, int*)
                0x00000000c001f591                readRoot(unsigned int*, unsigned int*, char)
                0x00000000c001f5e6                readRecursively(char*, unsigned int, unsigned int, unsigned int*, unsigned int*, char, int*)
                0x00000000c001f7b9                getFileData(char*, unsigned int*, unsigned int*, char, int*)
                0x00000000c001f848                ISO9660::open(char const*, void**, FileOpenMode)
                0x00000000c001f8e2                ISO9660::exists(char const*)
                0x00000000c001f906                ISO9660::stat(char const*, unsigned long long*, bool*)
                0x00000000c001f99a                ISO9660::openDir(char const*, void**)
                0x00000000c001fa52                ISO9660::ISO9660()
                0x00000000c001fa52                ISO9660::ISO9660()
 *fill*         0x00000000c001fa75        0x1 
 .text          0x00000000c001fa76      0x326 hal/sound/sndchannel.32
                0x00000000c001fa76                SoundChannel::~SoundChannel()
                0x00000000c001fa76                SoundChannel::~SoundChannel()
                0x00000000c001fa92                SoundChannel::setSpeed(float)
                0x00000000c001fa9e                SoundChannel::getSpeed()
                0x00000000c001faa6                SoundChannel::setVolume(int)
                0x00000000c001fac2                SoundChannel::getVolume()
                0x00000000c001faca                SoundChannel::pause()
                0x00000000c001fad4                SoundChannel::SoundChannel(int, int, int, int)
                0x00000000c001fad4                SoundChannel::SoundChannel(int, int, int, int)
                0x00000000c001fc2a                SoundChannel::play()
                0x00000000c001fc34                SoundChannel::paused()
                0x00000000c001fc3c                SoundChannel::getSampleRate()
                0x00000000c001fc44                SoundChannel::getBits()
                0x00000000c001fc4c                SoundChannel::getBufferUsed()
                0x00000000c001fc54                SoundChannel::getBufferSize()
                0x00000000c001fc5c                SoundChannel::unbuffer(float*, int, int)
                0x00000000c001fcfc                SoundChannel::buffer8(unsigned char*, int)
 .text          0x00000000c001fd9c      0x3d5 hal/sound/sndhw.32
                0x00000000c001fd9c                SoundDevice::SoundDevice(char const*)
                0x00000000c001fd9c                SoundDevice::SoundDevice(char const*)
                0x00000000c001fe08                SoundDevice::~SoundDevice()
                0x00000000c001fe08                SoundDevice::~SoundDevice()
                0x00000000c001fe82                SoundDevice::~SoundDevice()
                0x00000000c001feac                SoundDevice::getFreeChannelNum()
                0x00000000c001fec6                SoundDevice::addChannel(SoundChannel*)
                0x00000000c001ff36                SoundDevice::removeChannel(int)
                0x00000000c001ff68                SoundDevice::floatTo8(float*, unsigned char*, int)
                0x00000000c0020050                SoundDevice::getAudio(int, float*, float*)
 .text          0x00000000c0020171        0x0 hw/bus/isa.32
 *fill*         0x00000000c0020171        0x1 
 .text          0x00000000c0020172      0x6c1 hw/bus/pci.32
                0x00000000c0020172                PCI::open(int, int, void*)
                0x00000000c0020186                PCI::close(int, int, void*)
                0x00000000c002018a                PCI::PCI()
                0x00000000c002018a                PCI::PCI()
                0x00000000c002020a                PCI::pciReadWord(unsigned char, unsigned char, unsigned char, unsigned char)
                0x00000000c0020252                PCI::getVendorID(unsigned char, unsigned char, unsigned char)
                0x00000000c0020274                PCI::getHeaderType(unsigned char, unsigned char, unsigned char)
                0x00000000c0020298                PCI::getClassCode(unsigned char, unsigned char, unsigned char)
                0x00000000c00202dc                PCI::getProgIF(unsigned char, unsigned char, unsigned char)
                0x00000000c0020300                PCI::getRevisionID(unsigned char, unsigned char, unsigned char)
                0x00000000c0020322                PCI::getInterruptNumber(unsigned char, unsigned char, unsigned char)
                0x00000000c0020344                PCI::getSecondaryBus(unsigned char, unsigned char, unsigned char)
                0x00000000c0020368                PCI::getBARAddress(unsigned char, unsigned char, unsigned char, unsigned char)
                0x00000000c00203c8                PCI::pciWriteWord(unsigned char, unsigned char, unsigned char, unsigned char, unsigned short)
                0x00000000c0020434                PCI::checkBus(unsigned char)
                0x00000000c0020458                PCI::foundDevice(PCIDeviceInfo)
                0x00000000c00205c8                PCI::getDeviceData(unsigned char, unsigned char, unsigned char)
                0x00000000c0020774                PCI::checkDevice(unsigned char, unsigned char)
                0x00000000c00207e0                PCI::detect()
 *fill*         0x00000000c0020833        0x1 
 .text          0x00000000c0020834      0xc70 hw/diskctrl/ide.32
                0x00000000c0020834                IDE::close(int, int, void*)
                0x00000000c0020838                IDE::IDE()
                0x00000000c0020838                IDE::IDE()
                0x00000000c002086c                IDE::prepareInterrupt(unsigned char)
                0x00000000c002087e                selectDrive(unsigned char, unsigned char)
                0x00000000c0020880                IDE::getBase(unsigned char)
                0x00000000c0020892                IDE::write(unsigned char, unsigned char, unsigned char)
                0x00000000c0020952                IDE::read(unsigned char, unsigned char)
                0x00000000c0020a00                IDE::waitInterrupt(unsigned char)
                0x00000000c0020a66                ideChannel0IRQHandler(regs*, void*)
                0x00000000c0020a82                ideChannel1IRQHandler(regs*, void*)
                0x00000000c0020a9e                IDE::enableIRQs(unsigned char, bool)
                0x00000000c0020ae4                IDE::open(int, int, void*)
                0x00000000c0020ef4                IDE::readBuffer(unsigned char, unsigned char, unsigned int, unsigned int)
                0x00000000c0020fc0                IDE::detect()
                0x00000000c00212a8                IDE::printError(unsigned char, unsigned char, unsigned char)
                0x00000000c002143e                IDE::polling(unsigned char, unsigned int)
 .text          0x00000000c00214a4      0x62b hw/diskphys/ata.32
                0x00000000c00214a4                ATA::close(int, int, void*)
                0x00000000c00214c8                ATA::powerSaving(PowerSavingLevel)
                0x00000000c00214ca                ATA::ATA()
                0x00000000c00214ca                ATA::ATA()
                0x00000000c00214f8                ATA::flush(bool)
                0x00000000c0021542                ATA::readyForCommand()
                0x00000000c0021592                ATA::access(unsigned long long, int, void*, bool)
                0x00000000c0021910                ATA::read(unsigned long long, int, void*)
                0x00000000c0021978                ATA::write(unsigned long long, int, void*)
                0x00000000c00219e0                ATA::detectCHS()
                0x00000000c0021a0a                ATA::open(int, int, void*)
 *fill*         0x00000000c0021acf        0x1 
 .text          0x00000000c0021ad0      0x5b3 hw/diskphys/atapi.32
                0x00000000c0021ad0                ATAPI::write(unsigned long long, int, void*)
                0x00000000c0021ad6                ATAPI::close(int, int, void*)
                0x00000000c0021afa                ATAPI::ATAPI()
                0x00000000c0021afa                ATAPI::ATAPI()
                0x00000000c0021b28                ATAPI::readyForCommand()
                0x00000000c0021b78                ATAPI::sendPacket(unsigned char*, int, bool, unsigned short*, int)
                0x00000000c0021e38                ATAPI::diskRemoved()
                0x00000000c0021e54                ATAPI::eject()
                0x00000000c0021e9a                ATAPI::diskInserted()
                0x00000000c0021ec8                ATAPI::detectMedia()
                0x00000000c0021f84                ATAPI::open(int, int, void*)
                0x00000000c0022004                ATAPI::read(unsigned long long, int, void*)
 *fill*         0x00000000c0022083        0x1 
 .text          0x00000000c0022084       0x8e hw/fpu/avx.32
                0x00000000c0022084                AVX::open(int, int, void*)
                0x00000000c0022096                AVX::close(int, int, void*)
                0x00000000c00220a8                AVX::available()
                0x00000000c00220ba                AVX::save(void*)
                0x00000000c00220d2                AVX::load(void*)
                0x00000000c00220ea                AVX::AVX()
                0x00000000c00220ea                AVX::AVX()
 .text          0x00000000c0022112       0x90 hw/fpu/mmx.32
                0x00000000c0022112                MMX::available()
                0x00000000c0022126                MMX::open(int, int, void*)
                0x00000000c0022138                MMX::close(int, int, void*)
                0x00000000c002214a                MMX::save(void*)
                0x00000000c0022162                MMX::load(void*)
                0x00000000c002217a                MMX::MMX()
                0x00000000c002217a                MMX::MMX()
 .text          0x00000000c00221a2       0x96 hw/fpu/sse.32
                0x00000000c00221a2                SSE::open(int, int, void*)
                0x00000000c00221b4                SSE::close(int, int, void*)
                0x00000000c00221c6                SSE::available()
                0x00000000c00221e0                SSE::save(void*)
                0x00000000c00221f8                SSE::load(void*)
                0x00000000c0022210                SSE::SSE()
                0x00000000c0022210                SSE::SSE()
 .text          0x00000000c0022238       0x8e hw/fpu/x87.32
                0x00000000c0022238                x87::open(int, int, void*)
                0x00000000c002224a                x87::close(int, int, void*)
                0x00000000c002225c                x87::available()
                0x00000000c002226e                x87::save(void*)
                0x00000000c0022286                x87::load(void*)
                0x00000000c002229e                x87::x87()
                0x00000000c002229e                x87::x87()
 .text          0x00000000c00222c6      0x5f3 hw/intctrl/apic.32
                0x00000000c00222c6                APIC::disable()
                0x00000000c00222c8                APIC::close(int, int, void*)
                0x00000000c00222ea                IOAPIC::close(int, int, void*)
                0x00000000c00222f0                APIC::io_wait()
                0x00000000c00222f6                APIC::getBase()
                0x00000000c0022338                APIC::eoi(unsigned char)
                0x00000000c0022366                APIC::open(int, int, void*)
                0x00000000c0022420                IOAPIC::IOAPIC()
                0x00000000c0022420                IOAPIC::IOAPIC()
                0x00000000c0022448                APIC::APIC()
                0x00000000c0022448                APIC::APIC()
                0x00000000c0022518                IOAPIC::handlesGSIWithNumber(unsigned int)
                0x00000000c002254a                IOAPIC::read(int)
                0x00000000c0022572                IOAPIC::open(int, int, void*)
                0x00000000c0022668                IOAPIC::write(int, int)
                0x00000000c0022694                IOAPIC::redirect(unsigned char, unsigned long long, unsigned char)
                0x00000000c002274e                APIC::installIRQHandler(int, void (*)(regs*, void*), bool, void*)
 *fill*         0x00000000c00228b9        0x1 
 .text          0x00000000c00228ba      0x3d3 hw/intctrl/pic.32
                0x00000000c00228ba                PIC::disable()
                0x00000000c00228e8                PIC::close(int, int, void*)
                0x00000000c002290a                PIC::PIC()
                0x00000000c002290a                PIC::PIC()
                0x00000000c00229e0                PIC::ioWait()
                0x00000000c00229e6                PIC::getIRQReg(int)
                0x00000000c0022a50                PIC::eoi(unsigned char)
                0x00000000c0022ae2                PIC::remap()
                0x00000000c0022c4e                PIC::open(int, int, void*)
 *fill*         0x00000000c0022c8d        0x1 
 .text          0x00000000c0022c8e      0x252 hw/timer/apictimer.32
                0x00000000c0022c8e                APICTimer::close(int, int, void*)
                0x00000000c0022c94                apicTimerHandler(regs*, void*)
                0x00000000c0022cc2                APICTimer::write(int)
                0x00000000c0022dc0                APICTimer::open(int, int, void*)
                0x00000000c0022eb8                APICTimer::APICTimer()
                0x00000000c0022eb8                APICTimer::APICTimer()
 .text          0x00000000c0022ee0      0x1a7 hw/timer/pit.32
                0x00000000c0022ee0                PIT::write(int)
                0x00000000c0022f5e                pitHandler(regs*, void*)
                0x00000000c0022f8a                PIT::open(int, int, void*)
                0x00000000c0022fd8                PIT::close(int, int, void*)
                0x00000000c0023008                PIT::PIT()
                0x00000000c0023008                PIT::PIT()
 *fill*         0x00000000c0023087        0x9 
 .text          0x00000000c0023090        0xa hw/fpu/x86/avx.32
                0x00000000c0023090                avxDetect
                0x00000000c0023096                avxSave
                0x00000000c0023097                avxLoad
                0x00000000c0023098                avxInit
                0x00000000c0023099                avxClose
 *fill*         0x00000000c002309a        0x6 
 .text          0x00000000c00230a0       0x38 hw/fpu/x86/sse.32
                0x00000000c00230a0                sseDetect
                0x00000000c00230bb                sseSave
                0x00000000c00230c1                sseLoad
                0x00000000c00230c7                sseInit
                0x00000000c00230d7                sseClose
 *fill*         0x00000000c00230d8        0x8 
 .text          0x00000000c00230e0       0x47 hw/fpu/x86/x87.32
                0x00000000c00230e6                x87Detect
                0x00000000c0023101                x87Save
                0x00000000c0023107                x87Load
                0x00000000c002310c                x87Init
                0x00000000c0023126                x87Close
 *fill*         0x00000000c0023127        0x1 
 .text          0x00000000c0023128       0x25 /cygdrive/d/Users/Alex/Desktop/Toolchain/Output/bin/../lib/gcc/i386-banana/8.1.0/crtend.o
 .text          0x00000000c002314d        0x0 crtn.32
 *fill*         0x00000000c002314d        0x3 
 .text          0x00000000c0023150      0x14b /cygdrive/d/Users/Alex/Desktop/Toolchain/Output/bin/../lib/gcc/i386-banana/8.1.0/libkgcc.a(_divdi3.o)
                0x00000000c0023150                __divdi3
 *fill*         0x00000000c002329b        0x1 
 .text          0x00000000c002329c      0x17e /cygdrive/d/Users/Alex/Desktop/Toolchain/Output/bin/../lib/gcc/i386-banana/8.1.0/libkgcc.a(_moddi3.o)
                0x00000000c002329c                __moddi3
 *fill*         0x00000000c002341a        0x2 
 .text          0x00000000c002341c       0xff /cygdrive/d/Users/Alex/Desktop/Toolchain/Output/bin/../lib/gcc/i386-banana/8.1.0/libkgcc.a(_udivdi3.o)
                0x00000000c002341c                __udivdi3
 *fill*         0x00000000c002351b        0x1 
 .text          0x00000000c002351c      0x11a /cygdrive/d/Users/Alex/Desktop/Toolchain/Output/bin/../lib/gcc/i386-banana/8.1.0/libkgcc.a(_umoddi3.o)
                0x00000000c002351c                __umoddi3
 .text          0x00000000c0023636      0x96d D:/Users/Alex/Desktop/Banana/kernel/libsoftfp.a(sfieeelib.o)
                0x00000000c0023636                __addsf3
                0x00000000c0023938                __subsf3
                0x00000000c002394c                __negsf2
                0x00000000c0023959                __mulsf3
                0x00000000c0023b1c                __divsf3
                0x00000000c0023d47                __floatsisf
                0x00000000c0023dbb                __floatunsisf
                0x00000000c0023dfd                __fixsfsi
                0x00000000c0023e5f                __fixunssfsi
                0x00000000c0023e90                __cmpsf2
                0x00000000c0023f25                __eqsf2
                0x00000000c0023f60                __nesf2
                0x00000000c0023f62                __gtsf2
                0x00000000c0023f9d                __gesf2
                0x00000000c0023f9f                __ltsf2
                0x00000000c0023fa1                __lesf2
 .text          0x00000000c0023fa3      0xf50 D:/Users/Alex/Desktop/Banana/kernel/libsoftfp.a(dfieeelib.o)
                0x00000000c0023fa3                __adddf3
                0x00000000c00245f4                __subdf3
                0x00000000c002460f                __negdf2
                0x00000000c0024620                __muldf3
                0x00000000c0024904                __divdf3
                0x00000000c0024c83                __floatsidf
                0x00000000c0024cde                __floatunsidf
                0x00000000c0024d1c                __fixdfsi
                0x00000000c0024d89                __fixunsdfsi
                0x00000000c0024dc5                __cmpdf2
                0x00000000c0024eb3                __eqdf2
                0x00000000c0024ecf                __nedf2
                0x00000000c0024ed1                __gtdf2
                0x00000000c0024eed                __gedf2
                0x00000000c0024eef                __ltdf2
                0x00000000c0024ef1                __ledf2
 .text          0x00000000c0024ef3      0x18d D:/Users/Alex/Desktop/Banana/kernel/libsoftfp.a(sfdfcvt.o)
                0x00000000c0024ef3                __truncdfsf2
                0x00000000c0025017                __extendsfdf2
 .text          0x00000000c0025080       0x1e D:/Users/Alex/Desktop/Banana/kernel/libk/libm32.a(s_fabs.c.o)
                0x00000000c0025080                fabs
 *fill*         0x00000000c002509e        0x2 
 .text          0x00000000c00250a0        0xc D:/Users/Alex/Desktop/Banana/kernel/libk/libm32.a(s_lrint.S.o)
                0x00000000c00250a0                lrint
 .text          0x00000000c00250ac        0xc D:/Users/Alex/Desktop/Banana/kernel/libk/libm32.a(s_lrintf.S.o)
                0x00000000c00250ac                lrintf
 *(.gnu.linkonce.t*)

.iplt           0x00000000c00250b8        0x0
 .iplt          0x00000000c00250b8        0x0 D:/Users/Alex/Desktop/Banana/kernel/boot.32

.init           0x00000000c00250b8        0xf
 .init          0x00000000c00250b8        0x3 crti.32
                0x00000000c00250b8                _init
 .init          0x00000000c00250bb        0x5 /cygdrive/d/Users/Alex/Desktop/Toolchain/Output/bin/../lib/gcc/i386-banana/8.1.0/crtbegin.o
 .init          0x00000000c00250c0        0x5 /cygdrive/d/Users/Alex/Desktop/Toolchain/Output/bin/../lib/gcc/i386-banana/8.1.0/crtend.o
 .init          0x00000000c00250c5        0x2 crtn.32

.fini           0x00000000c00250c7        0xa
 .fini          0x00000000c00250c7        0x3 crti.32
                0x00000000c00250c7                _fini
 .fini          0x00000000c00250ca        0x5 /cygdrive/d/Users/Alex/Desktop/Toolchain/Output/bin/../lib/gcc/i386-banana/8.1.0/crtbegin.o
 .fini          0x00000000c00250cf        0x2 crtn.32

.text._ZN8ComputerD2Ev
                0x00000000c00250d2       0x23
 .text._ZN8ComputerD2Ev
                0x00000000c00250d2       0x23 core/computer.32
                0x00000000c00250d2                Computer::~Computer()
                0x00000000c00250d2                Computer::~Computer()

.text._ZN8ComputerD0Ev
                0x00000000c00250f6       0x2a
 .text._ZN8ComputerD0Ev
                0x00000000c00250f6       0x2a core/computer.32
                0x00000000c00250f6                Computer::~Computer()

.text._Z10idleCommonv
                0x00000000c0025120       0x15
 .text._Z10idleCommonv
                0x00000000c0025120       0x15 core/idle.32
                0x00000000c0025120                idleCommon()

.text._ZN3CPU7readCR3Ev
                0x00000000c0025135       0x12
 .text._ZN3CPU7readCR3Ev
                0x00000000c0025135       0x12 core/kheap.32
                0x00000000c0025135                CPU::readCR3()

.text._ZN3CPU8writeCR3Em
                0x00000000c0025147        0x9
 .text._ZN3CPU8writeCR3Em
                0x00000000c0025147        0x9 core/kheap.32
                0x00000000c0025147                CPU::writeCR3(unsigned long)

.text._ZN10LinkedListI8UnixFileED2Ev
                0x00000000c0025150        0x2
 .text._ZN10LinkedListI8UnixFileED2Ev
                0x00000000c0025150        0x2 core/unixfile.32
                0x00000000c0025150                LinkedList<UnixFile>::~LinkedList()
                0x00000000c0025150                LinkedList<UnixFile>::~LinkedList()

.text._ZN10LinkedListI8UnixFileEC2Ev
                0x00000000c0025152       0x58
 .text._ZN10LinkedListI8UnixFileEC2Ev
                0x00000000c0025152       0x58 core/unixfile.32
                0x00000000c0025152                LinkedList<UnixFile>::LinkedList()
                0x00000000c0025152                LinkedList<UnixFile>::LinkedList()

.text._ZN10LinkedListI8UnixFileE10addElementEPS0_
                0x00000000c00251aa       0xd3
 .text._ZN10LinkedListI8UnixFileE10addElementEPS0_
                0x00000000c00251aa       0xd3 core/unixfile.32
                0x00000000c00251aa                LinkedList<UnixFile>::addElement(UnixFile*)

.text._ZN10LinkedListI8UnixFileE15getFirstElementEv
                0x00000000c002527e        0x7
 .text._ZN10LinkedListI8UnixFileE15getFirstElementEv
                0x00000000c002527e        0x7 core/unixfile.32
                0x00000000c002527e                LinkedList<UnixFile>::getFirstElement()

.text._ZN10LinkedListI8UnixFileE11removeFirstEv
                0x00000000c0025286       0xa1
 .text._ZN10LinkedListI8UnixFileE11removeFirstEv
                0x00000000c0025286       0xa1 core/unixfile.32
                0x00000000c0025286                LinkedList<UnixFile>::removeFirst()

.text._ZN10LinkedListI8UnixFileE7getNextEPS0_
                0x00000000c0025328        0x8
 .text._ZN10LinkedListI8UnixFileE7getNextEPS0_
                0x00000000c0025328        0x8 core/unixfile.32
                0x00000000c0025328                LinkedList<UnixFile>::getNext(UnixFile*)

.text._ZN16DriverlessDeviceD2Ev
                0x00000000c0025330       0x1a
 .text._ZN16DriverlessDeviceD2Ev
                0x00000000c0025330       0x1a hal/device.32
                0x00000000c0025330                DriverlessDevice::~DriverlessDevice()
                0x00000000c0025330                DriverlessDevice::~DriverlessDevice()

.text._ZN16DriverlessDeviceD0Ev
                0x00000000c002534a       0x2a
 .text._ZN16DriverlessDeviceD0Ev
                0x00000000c002534a       0x2a hal/device.32
                0x00000000c002534a                DriverlessDevice::~DriverlessDevice()

.text._ZN10LinkedListI6DeviceE10addElementEPS0_
                0x00000000c0025374       0xdc
 .text._ZN10LinkedListI6DeviceE10addElementEPS0_
                0x00000000c0025374       0xdc hal/device.32
                0x00000000c0025374                LinkedList<Device>::addElement(Device*)

.text._ZN10LinkedListI6DeviceEC2Ev
                0x00000000c0025450       0x58
 .text._ZN10LinkedListI6DeviceEC2Ev
                0x00000000c0025450       0x58 hal/device.32
                0x00000000c0025450                LinkedList<Device>::LinkedList()
                0x00000000c0025450                LinkedList<Device>::LinkedList()

.text._ZN3CPU7readCR0Ev
                0x00000000c00254a8       0x12
 .text._ZN3CPU7readCR0Ev
                0x00000000c00254a8       0x12 hal/fpu.32
                0x00000000c00254a8                CPU::readCR0()

.text._ZN3CPU8writeCR0Em
                0x00000000c00254ba        0x9
 .text._ZN3CPU8writeCR0Em
                0x00000000c00254ba        0x9 hal/fpu.32
                0x00000000c00254ba                CPU::writeCR0(unsigned long)

.text._ZN3CPU7readDR0Ev
                0x00000000c00254c3       0x12
 .text._ZN3CPU7readDR0Ev
                0x00000000c00254c3       0x12 hal/intctrl.32
                0x00000000c00254c3                CPU::readDR0()

.text._ZN3CPU7readDR1Ev
                0x00000000c00254d5       0x12
 .text._ZN3CPU7readDR1Ev
                0x00000000c00254d5       0x12 hal/intctrl.32
                0x00000000c00254d5                CPU::readDR1()

.text._ZN3CPU7readDR2Ev
                0x00000000c00254e7       0x12
 .text._ZN3CPU7readDR2Ev
                0x00000000c00254e7       0x12 hal/intctrl.32
                0x00000000c00254e7                CPU::readDR2()

.text._ZN3CPU7readDR3Ev
                0x00000000c00254f9       0x12
 .text._ZN3CPU7readDR3Ev
                0x00000000c00254f9       0x12 hal/intctrl.32
                0x00000000c00254f9                CPU::readDR3()

.text._ZN3CPU7readDR6Ev
                0x00000000c002550b       0x12
 .text._ZN3CPU7readDR6Ev
                0x00000000c002550b       0x12 hal/intctrl.32
                0x00000000c002550b                CPU::readDR6()

.text._ZN3CPU7readDR7Ev
                0x00000000c002551d       0x12
 .text._ZN3CPU7readDR7Ev
                0x00000000c002551d       0x12 hal/intctrl.32
                0x00000000c002551d                CPU::readDR7()

.text._ZN10LinkedListIV18ThreadControlBlockE15getFirstElementEv
                0x00000000c0025530        0x7