Archive member included to satisfy reference by file (symbol)

/cygdrive/d/Users/Alex/Desktop/Toolchain/Output/bin/../lib/gcc/i386-banana/8.1.0/libkgcc.a(_divdi3.o)
                              fs/fat/ff.32 (__divdi3)
/cygdrive/d/Users/Alex/Desktop/Toolchain/Output/bin/../lib/gcc/i386-banana/8.1.0/libkgcc.a(_moddi3.o)
                              compat/resolve.32 (__moddi3)
/cygdrive/d/Users/Alex/Desktop/Toolchain/Output/bin/../lib/gcc/i386-banana/8.1.0/libkgcc.a(_udivdi3.o)
                              fs/fat/ff.32 (__udivdi3)
/cygdrive/d/Users/Alex/Desktop/Toolchain/Output/bin/../lib/gcc/i386-banana/8.1.0/libkgcc.a(_umoddi3.o)
                              compat/resolve.32 (__umoddi3)

Discarded input sections

 .comment       0x0000000000000000       0x12 /cygdrive/d/Users/Alex/Desktop/Toolchain/Output/bin/../lib/gcc/i386-banana/8.1.0/crtbegin.o
 .comment       0x0000000000000000       0x12 acpica/utclib.32
 .comment       0x0000000000000000       0x12 core/malloc.32
 .comment       0x0000000000000000       0x12 libk/string.32
 .comment       0x0000000000000000       0x12 fs/fat/diskio.32
 .comment       0x0000000000000000       0x12 fs/fat/ff.32
 .comment       0x0000000000000000       0x12 fs/fat/ffsystem.32
 .comment       0x0000000000000000       0x12 fs/fat/ffunicode.32
 .comment       0x0000000000000000       0x12 compat/inlines.32
 .comment       0x0000000000000000       0x12 compat/resolve.32
 .group         0x0000000000000000       0x14 core/computer.32
 .group         0x0000000000000000        0xc core/computer.32
 .comment       0x0000000000000000       0x12 core/computer.32
 .comment       0x0000000000000000       0x12 core/gdt.32
 .group         0x0000000000000000        0xc core/idle.32
 .comment       0x0000000000000000       0x12 core/idle.32
 .comment       0x0000000000000000       0x12 core/idt.32
 .comment       0x0000000000000000       0x12 core/kheap.32
 .comment       0x0000000000000000       0x12 core/main.32
 .comment       0x0000000000000000       0x12 core/physmgr.32
 .group         0x0000000000000000        0xc core/pipe.32
 .comment       0x0000000000000000       0x12 core/pipe.32
 .group         0x0000000000000000        0xc core/terminal.32
 .comment       0x0000000000000000       0x12 core/terminal.32
 .comment       0x0000000000000000       0x12 core/tss.32
 .group         0x0000000000000000        0x8 core/unixfile.32
 .group         0x0000000000000000        0x8 core/unixfile.32
 .group         0x0000000000000000        0xc core/unixfile.32
 .group         0x0000000000000000        0x8 core/unixfile.32
 .group         0x0000000000000000        0xc core/unixfile.32
 .group         0x0000000000000000        0x8 core/unixfile.32
 .group         0x0000000000000000        0xc core/unixfile.32
 .group         0x0000000000000000        0xc core/unixfile.32
 .comment       0x0000000000000000       0x12 core/unixfile.32
 .comment       0x0000000000000000       0x12 core/virtmgr.32
 .comment       0x0000000000000000       0x12 coreobjs/c++.32
 .comment       0x0000000000000000       0x12 dbg/kconsole.32
 .group         0x0000000000000000        0xc fs/vfs.32
 .group         0x0000000000000000        0xc fs/vfs.32
 .group         0x0000000000000000        0xc fs/vfs.32
 .comment       0x0000000000000000       0x12 fs/vfs.32
 .group         0x0000000000000000        0xc hal/bus.32
 .comment       0x0000000000000000       0x12 hal/bus.32
 .group         0x0000000000000000        0xc hal/buzzer.32
 .comment       0x0000000000000000       0x12 hal/buzzer.32
 .group         0x0000000000000000        0xc hal/clock.32
 .comment       0x0000000000000000       0x12 hal/clock.32
 .group         0x0000000000000000       0x14 hal/device.32
 .group         0x0000000000000000        0xc hal/device.32
 .group         0x0000000000000000        0x8 hal/device.32
 .group         0x0000000000000000        0xc hal/device.32
 .group         0x0000000000000000        0xc hal/device.32
 .comment       0x0000000000000000       0x12 hal/device.32
 .group         0x0000000000000000        0xc hal/diskctrl.32
 .comment       0x0000000000000000       0x12 hal/diskctrl.32
 .group         0x0000000000000000        0xc hal/diskphys.32
 .comment       0x0000000000000000       0x12 hal/diskphys.32
 .group         0x0000000000000000        0xc hal/fpu.32
 .comment       0x0000000000000000       0x12 hal/fpu.32
 .group         0x0000000000000000        0xc hal/intctrl.32
 .comment       0x0000000000000000       0x12 hal/intctrl.32
 .group         0x0000000000000000        0xc hal/keybrd.32
 .comment       0x0000000000000000       0x12 hal/keybrd.32
 .group         0x0000000000000000        0xc hal/logidisk.32
 .comment       0x0000000000000000       0x12 hal/logidisk.32
 .group         0x0000000000000000        0xc hal/mouse.32
 .comment       0x0000000000000000       0x12 hal/mouse.32
 .comment       0x0000000000000000       0x12 hal/partition.32
 .group         0x0000000000000000        0xc hal/serial.32
[...]
Memory Configuration

Name             Origin             Length             Attributes
*default*        0x0000000000000000 0xffffffffffffffff

Linker script and memory map

LOAD D:/Users/Alex/Desktop/Banana/kernel/boot.32
LOAD crti.32
LOAD /cygdrive/d/Users/Alex/Desktop/Toolchain/Output/bin/../lib/gcc/i386-banana/8.1.0/crtbegin.o
LOAD D:/Users/Alex/Desktop/Banana/kernel/morenasm.32
LOAD acpica/utclib.32
LOAD core/malloc.32
LOAD libk/string.32
LOAD fs/fat/diskio.32
LOAD fs/fat/ff.32
LOAD fs/fat/ffsystem.32
LOAD fs/fat/ffunicode.32
LOAD compat/inlines.32
LOAD compat/resolve.32
LOAD core/computer.32
LOAD core/gdt.32
LOAD core/idle.32
LOAD core/idt.32
LOAD core/kheap.32
LOAD core/main.32
LOAD core/physmgr.32
LOAD core/pipe.32
LOAD core/terminal.32
LOAD core/tss.32
LOAD core/unixfile.32
LOAD core/virtmgr.32
LOAD coreobjs/c++.32
LOAD dbg/kconsole.32
LOAD fs/vfs.32
LOAD hal/bus.32
LOAD hal/buzzer.32
LOAD hal/clock.32
LOAD hal/device.32
LOAD hal/diskctrl.32
LOAD hal/diskphys.32
LOAD hal/fpu.32
LOAD hal/intctrl.32
LOAD hal/keybrd.32
LOAD hal/logidisk.32
LOAD hal/mouse.32
LOAD hal/partition.32
LOAD hal/serial.32
LOAD hal/timer.32
LOAD hal/vcache.32
LOAD hal/video.32
LOAD hw/acpi.32
LOAD hw/cpu.32
LOAD hw/ports.32
LOAD hw/smp.32
LOAD krnl/env.32
LOAD krnl/panic.32
LOAD net/ethernet.32
LOAD reg/registry.32
LOAD sys/sc_eject.32
LOAD sys/sc_exit.32
LOAD sys/sc_getcwd.32
LOAD sys/sc_getpid.32
LOAD sys/sc_getramdata.32
LOAD sys/sc_getvgaptr.32
LOAD sys/sc_loaddll.32
LOAD sys/sc_read.32
LOAD sys/sc_sbrk.32
LOAD sys/sc_setcwd.32
LOAD sys/sc_settime.32
LOAD sys/sc_timezone.32
LOAD sys/sc_write.32
LOAD sys/sc_wsbe.32
LOAD sys/sc_yield.32
LOAD sys/syscalls.32
LOAD thr/elf.32
LOAD thr/prcssthr.32
LOAD vm86/vm8086.32
LOAD vm86/x87em.32
LOAD fs/fat/vfslink.32
LOAD fs/iso9660/vfslink.32
LOAD hal/sound/sndcard.32
LOAD hal/sound/sndport.32
LOAD hw/bus/isa.32
LOAD hw/bus/pci.32
LOAD hw/diskctrl/ide.32
LOAD hw/diskctrl/satabus.32
LOAD hw/diskphys/ata.32
LOAD hw/diskphys/atapi.32
LOAD hw/diskphys/sata.32
LOAD hw/diskphys/satapi.32
LOAD hw/fpu/avx.32
LOAD hw/fpu/mmx.32
LOAD hw/fpu/sse.32
LOAD hw/fpu/x87.32
LOAD hw/intctrl/apic.32
LOAD hw/intctrl/pic.32
LOAD hw/timer/apictimer.32
LOAD hw/timer/pit.32
LOAD hw/fpu/x86/avx.32
LOAD hw/fpu/x86/sse.32
LOAD hw/fpu/x86/x87.32
LOAD /cygdrive/d/Users/Alex/Desktop/Toolchain/Output/bin/../lib/gcc/i386-banana/8.1.0/crtend.o
LOAD crtn.32
LOAD /cygdrive/d/Users/Alex/Desktop/Toolchain/Output/bin/../lib/gcc/i386-banana/8.1.0/libkgcc.a
LOAD D:/Users/Alex/Desktop/Banana/kernel/libsoftfp.a
LOAD D:/Users/Alex/Desktop/Banana/kernel/libk/libm32.a
                0x00000000c0000000                . = 0xc0000000

.text           0x00000000c0000000    0x20e1e
 *(.text)
 .text          0x00000000c0000000       0x41 D:/Users/Alex/Desktop/Banana/kernel/boot.32
                0x00000000c0000020                callGlobalConstructors
 .text          0x00000000c0000041        0x0 crti.32
 *fill*         0x00000000c0000041        0x3 
 .text          0x00000000c0000044      0x101 /cygdrive/d/Users/Alex/Desktop/Toolchain/Output/bin/../lib/gcc/i386-banana/8.1.0/crtbegin.o
 *fill*         0x00000000c0000145        0xb 
 .text          0x00000000c0000150      0x430 D:/Users/Alex/Desktop/Banana/kernel/morenasm.32
                0x00000000c0000150                manualPCIProbe
                0x00000000c000019b                prepareTramp
                0x00000000c00001b4                doTPAUSE
                0x00000000c00001be                hasLegacyFPU
                0x00000000c00001e3                is486
                0x00000000c0000219                detectCPUID
                0x00000000c000022f                goToVM86
                0x00000000c000025f                goToUsermode
                0x00000000c0000289                switchToThreadASMFirstTime
                0x00000000c0000297                switchToThreadASM
                0x00000000c0000327                asmQuickAcquireLock
                0x00000000c0000345                asmQuickReleaseLock
                0x00000000c0000351                asmAcquireLock
                0x00000000c0000372                asmReleaseLock
                0x00000000c0000385                loadGDT
                0x00000000c00003a5                isr0
                0x00000000c00003b5                isr1
                0x00000000c00003bf                isr2
                0x00000000c00003c9                isr3
                0x00000000c00003d3                isr4
                0x00000000c00003dd                isr5
                0x00000000c00003e7                isr6
                0x00000000c00003f1                isr7
                0x00000000c00003fb                isr8
                0x00000000c0000403                isr9
                0x00000000c000040d                isr10
                0x00000000c0000415                isr11
                0x00000000c000041d                isr12
                0x00000000c0000425                isr13
                0x00000000c000042d                isr14
                0x00000000c0000435                isr15
                0x00000000c000043f                isr16
                0x00000000c0000449                isr17
                0x00000000c0000453                isr18
                0x00000000c000045d                irq3
                0x00000000c0000467                irq4
                0x00000000c0000471                irq5
                0x00000000c000047b                irq6
                0x00000000c0000485                irq7
                0x00000000c000048f                irq8
                0x00000000c0000499                irq9
                0x00000000c00004a3                irq10
                0x00000000c00004ad                irq11
                0x00000000c00004b7                irq12
                0x00000000c00004c1                irq13
                0x00000000c00004cb                irq14
                0x00000000c00004d5                irq15
                0x00000000c00004df                irq1
                0x00000000c00004e6                irq2
                0x00000000c00004ed                isr96
                0x00000000c00004f4                irq0
                0x00000000c00004f9                int_common_stub
                0x00000000c00004f9                syscall_common_stub
                0x00000000c000052b                irq16
                0x00000000c0000535                irq17
                0x00000000c000053f                irq18
                0x00000000c0000549                irq19
                0x00000000c0000553                irq20
                0x00000000c000055d                irq21
                0x00000000c0000567                irq22
                0x00000000c0000571                irq23
                0x00000000c000057b                memcpy
 .text          0x00000000c0000580      0x5dd acpica/utclib.32
                0x00000000c0000580                memcmp
                0x00000000c00005bc                memmove
                0x00000000c0000684                memset
                0x00000000c00006a0                strlen
                0x00000000c00006b8                strpbrk
                0x00000000c00006f4                strtok
                0x00000000c0000740                strcpy
                0x00000000c0000764                strncpy
                0x00000000c00007cc                strcmp
                0x00000000c000080c                strchr
                0x00000000c0000830                strncmp
                0x00000000c0000880                strcat
                0x00000000c00008b0                strncat
                0x00000000c00008ec                strstr
                0x00000000c0000934                toupper
                0x00000000c0000948                tolower
                0x00000000c000095c                simple_strtoul
 .text          0x00000000c0000b5d      0xfad core/malloc.32
                0x00000000c0000cc8                dlfree
                0x00000000c0001023                dlmalloc
                0x00000000c0001560                dlrealloc
                0x00000000c0001703                dlmemalign
                0x00000000c0001826                dlcalloc
                0x00000000c00018c0                dlcfree
                0x00000000c00018c5                dlindependent_calloc
                0x00000000c00018ea                dlindependent_comalloc
                0x00000000c0001901                dlvalloc
                0x00000000c000192c                dlpvalloc
                0x00000000c0001962                dlmalloc_trim
                0x00000000c000196f                dlmalloc_usable_size
                0x00000000c00019a0                dlmallinfo
                0x00000000c0001a6f                dlmalloc_stats
                0x00000000c0001a80                dlmallopt
 .text          0x00000000c0001b0a        0x0 libk/string.32
 .text          0x00000000c0001b0a       0x51 fs/fat/diskio.32
                0x00000000c0001b0a                disk_status
                0x00000000c0001b0d                disk_initialize
                0x00000000c0001b10                disk_read
                0x00000000c0001b26                disk_write
                0x00000000c0001b3c                disk_ioctl
 .text          0x00000000c0001b5b     0x6a69 fs/fat/ff.32
                0x00000000c0004e29                f_mount
                0x00000000c0004e8b                f_open
                0x00000000c00052c7                f_read
                0x00000000c0005547                f_write
                0x00000000c0005801                f_sync
                0x00000000c00059dd                f_close
                0x00000000c0005a0c                f_lseek
                0x00000000c0005ec3                f_opendir
                0x00000000c0005fc5                f_closedir
                0x00000000c0005fe7                f_readdir
                0x00000000c0006082                f_stat
                0x00000000c0006111                f_getfree
                0x00000000c00062dc                f_truncate
                0x00000000c00063d4                f_unlink
                0x00000000c0006557                f_mkdir
                0x00000000c0006783                f_rename
                0x00000000c0006a76                f_chmod
                0x00000000c0006b54                f_utime
                0x00000000c0006c32                f_getlabel
                0x00000000c0006e20                f_setlabel
                0x00000000c000708d                f_expand
                0x00000000c00072c3                f_forward
                0x00000000c00074a1                f_mkfs
 .text          0x00000000c00085c4       0x2d fs/fat/ffsystem.32
                0x00000000c00085c4                ff_memalloc
                0x00000000c00085da                ff_memfree
 *fill*         0x00000000c00085f1        0x1 
 .text          0x00000000c00085f2      0x25e fs/fat/ffunicode.32
                0x00000000c00085f2                ff_uni2oem
                0x00000000c0008686                ff_oem2uni
                0x00000000c00086f4                ff_wtoupper
 .text          0x00000000c0008850       0xa7 compat/inlines.32
                0x00000000c0008850                CPU::current()
                0x00000000c000885c                operator new(unsigned long)
                0x00000000c0008861                operator delete(void*)
                0x00000000c0008866                disableIRQs()
                0x00000000c000886e                enableIRQs()
                0x00000000c000887d                lockScheduler()
                0x00000000c0008885                unlockScheduler()
                0x00000000c0008894                lockStuff()
                0x00000000c00088a2                unlockStuff()
                0x00000000c00088dc                Virt::getAKernelVAS()
                0x00000000c00088e2                __not_memcpy
 *fill*         0x00000000c00088f7        0x1 
 .text          0x00000000c00088f8      0x114 compat/resolve.32
                0x00000000c00088f8                Krnl::resolveCompatibilitySymbol(char*)
 .text          0x00000000c0008a0c      0x7f7 core/computer.32
                0x00000000c0008a0c                Computer::close(int, int, void*)
                0x00000000c0008a50                Krnl::firstTask()
                0x00000000c0008b9e                Computer::Computer()
                0x00000000c0008b9e                Computer::Computer()
                0x00000000c0008cfa                Computer::setBootMessage(char const*)
                0x00000000c0008cfc                Computer::detectFeatures()
                0x00000000c0008f06                Computer::displayFeatures()
                0x00000000c0008f08                Computer::rdmsr(unsigned int)
                0x00000000c0008f34                Computer::wrmsr(unsigned int, unsigned long long)
                0x00000000c0008f6c                Computer::nmiEnabled()
                0x00000000c0008f78                Computer::readCMOS(unsigned char)
                0x00000000c0008f92                Computer::enableNMI(bool)
                0x00000000c0008faa                Computer::open(int, int, void*)
                0x00000000c0009146                Computer::disableNMI()
                0x00000000c0009154                Computer::writeCMOS(unsigned char, unsigned char)
                0x00000000c0009172                Computer::handleNMI()
                0x00000000c00091d8                Computer::setDiskActivityLight(int, bool)
 *fill*         0x00000000c0009203        0x1 
 .text          0x00000000c0009204      0x19d core/gdt.32
                0x00000000c0009204                GDTEntry::setBase(unsigned int)
                0x00000000c0009220                GDTEntry::setLimit(unsigned int)
                0x00000000c000923e                GDT::GDT()
                0x00000000c000923e                GDT::GDT()
                0x00000000c0009254                GDT::addEntry(GDTEntry)
                0x00000000c0009276                GDT::getNumberOfEntries()
                0x00000000c000927e                GDT::flush()
                0x00000000c00092a0                GDT::setup()
 .text          0x00000000c00093a1       0x6b core/idle.32
                0x00000000c00093a1                idleFunction(void*)
 .text          0x00000000c000940c      0x460 core/idt.32
                0x00000000c000940c                IDTEntry::IDTEntry(bool)
                0x00000000c000940c                IDTEntry::IDTEntry(bool)
                0x00000000c000947c                IDTEntry::setOffset(unsigned int)
                0x00000000c0009490                IDT::IDT()
                0x00000000c0009490                IDT::IDT()
                0x00000000c0009492                IDT::getPointerToInvalidOpcodeEntryForF00F()
                0x00000000c000949a                IDT::addEntry(IDTEntry, int)
                0x00000000c00094b4                IDT::addEntry(int, void (*)(), bool)
                0x00000000c00094ec                IDT::flush()
                0x00000000c0009506                IDT::setup()
 .text          0x00000000c000986c      0x191 core/kheap.32
                0x00000000c000986c                sbrk
                0x00000000c000990f                mmap
                0x00000000c0009925                munmap
                0x00000000c000993b                liballoc_lock()
                0x00000000c0009948                liballoc_unlock()
                0x00000000c000995c                liballoc_alloc(int)
                0x00000000c0009974                liballoc_free(void*, int)
                0x00000000c000998f                realloc
                0x00000000c00099a3                malloc
                0x00000000c00099b3                free
                0x00000000c00099c3                rfree
                0x00000000c00099d3                calloc
 .text          0x00000000c00099fd      0x1b6 core/main.32
                0x00000000c00099fd                Krnl::setBootMessage(char const*)
                0x00000000c0009a69                kernel_main
 .text          0x00000000c0009bb3      0x5b5 core/physmgr.32
                0x00000000c0009bb3                Phys::allocateDMA(unsigned long)
                0x00000000c0009c81                Phys::freeDMA(unsigned long, unsigned long)
                0x00000000c0009ce0                Phys::setPageState(unsigned long, bool)
                0x00000000c0009d12                Phys::getPageState(unsigned long)
                0x00000000c0009d2e                Phys::freePage(unsigned long)
                0x00000000c0009d9f                Phys::allocatePage()
                0x00000000c0009e97                Phys::allocateContiguousPages(int)
                0x00000000c0009ef3                Phys::allowSegmentToBeUsed(unsigned long, unsigned long)
                0x00000000c0009f2b                Phys::physicalMemorySetup(unsigned int)
 .text          0x00000000c000a168      0x273 core/pipe.32
                0x00000000c000a168                Pipe::isAtty()
                0x00000000c000a16c                Pipe::~Pipe()
                0x00000000c000a16c                Pipe::~Pipe()
                0x00000000c000a190                Pipe::~Pipe()
                0x00000000c000a1b8                Pipe::read(unsigned long long, void*, int*)
                0x00000000c000a2b4                Pipe::write(unsigned long long, void*, int*)
                0x00000000c000a374                Pipe::Pipe(int)
                0x00000000c000a374                Pipe::Pipe(int)
 *fill*         0x00000000c000a3db        0x1 
 .text          0x00000000c000a3dc      0xb93 core/terminal.32
                0x00000000c000a3dc                VgaText::isAtty()
                0x00000000c000a3e0                VgaText::~VgaText()
                0x00000000c000a3e0                VgaText::~VgaText()
                0x00000000c000a404                VgaText::~VgaText()
                0x00000000c000a42e                VgaText::read(unsigned long long, void*, int*)
                0x00000000c000a44e                setTerminalScrollLock(bool)
                0x00000000c000a44f                addToTerminalCycle(VgaText*)
                0x00000000c000a470                installVgaTextImplementation()
                0x00000000c000a485                scrollTerminalScrollLock(int)
                0x00000000c000a486                VgaText::updateTitle()
                0x00000000c000a4c4                VgaText::load()
                0x00000000c000a512                VgaText::updateCursor()
                0x00000000c000a528                VgaText::doANSI_SGR(int)
                0x00000000c000a59c                VgaText::setDefaultBgColour(VgaColour)
                0x00000000c000a5ac                VgaText::setDefaultFgColour(VgaColour)
                0x00000000c000a5bc                VgaText::setDefaultColours(VgaColour, VgaColour)
                0x00000000c000a5dc                VgaText::setTitleTextColour(VgaColour)
                0x00000000c000a5ec                VgaText::setTitleColour(VgaColour)
                0x00000000c000a5fc                VgaText::setTitle(char*)
                0x00000000c000a622                VgaText::combineColours(unsigned char, unsigned char)
                0x00000000c000a634                VgaText::scrollScreen()
                0x00000000c000a6c8                VgaText::combineCharAndColour(char, unsigned char)
                0x00000000c000a6da                VgaText::writeCharacter(char, VgaColour, VgaColour, int, int)
                0x00000000c000a736                VgaText::getCursorX()
                0x00000000c000a73e                VgaText::getCursorY()
                0x00000000c000a746                VgaText::setCursor(int, int)
                0x00000000c000a75d                setActiveTerminal(VgaText*)
                0x00000000c000a7bf                doTerminalCycle()
                0x00000000c000a7da                VgaText::setCursorX(int)
                0x00000000c000a7f2                VgaText::setCursorY(int)
                0x00000000c000a80a                VgaText::incrementCursor(bool)
                0x00000000c000a85e                VgaText::decrementCursor(bool)
                0x00000000c000a880                VgaText::putchar(char, VgaColour, VgaColour)
                0x00000000c000a958                VgaText::doUpdate()
                0x00000000c000a966                VgaText::puts(char const*, VgaColour, VgaColour)
                0x00000000c000aade                VgaText::clearScreen()
                0x00000000c000ab38                VgaText::putchar(char)
                0x00000000c000ac24                VgaText::putx(unsigned int)
                0x00000000c000ac6a                VgaText::puts(char const*)
                0x00000000c000ac90                VgaText::VgaText(char const*)
                0x00000000c000ac90                VgaText::VgaText(char const*)
                0x00000000c000ae0e                VgaText::receiveKey(unsigned char)
                0x00000000c000aef6                VgaText::write(unsigned long long, void*, int*)
                0x00000000c000af4a                newTerminal(char*)
 *fill*         0x00000000c000af6f        0x1 
 .text          0x00000000c000af70      0x19d core/tss.32
                0x00000000c000af70                TSS::TSS()
                0x00000000c000af70                TSS::TSS()
                0x00000000c000af7e                TSS::setESP(unsigned long)
                0x00000000c000af90                TSS::flush()
                0x00000000c000afb0                TSS::setup(unsigned long, unsigned long)
 *fill*         0x00000000c000b10d        0x1 
 .text          0x00000000c000b10e      0x4c2 core/unixfile.32
                0x00000000c000b10e                ReservedFilename::read(unsigned long long, void*, int*)
                0x00000000c000b164                ReservedFilename::isAtty()
                0x00000000c000b180                ReservedFilename::write(unsigned long long, void*, int*)
                0x00000000c000b1de                UnixFile::getFileDescriptor()
                0x00000000c000b1e6                UnixFile::UnixFile(int)
                0x00000000c000b1e6                UnixFile::UnixFile(int)
                0x00000000c000b396                ReservedFilename::ReservedFilename(int)
                0x00000000c000b396                ReservedFilename::ReservedFilename(int)
                0x00000000c000b3c8                UnixFile::~UnixFile()
                0x00000000c000b3c8                UnixFile::~UnixFile()
                0x00000000c000b460                UnixFile::~UnixFile()
                0x00000000c000b488                ReservedFilename::~ReservedFilename()
                0x00000000c000b488                ReservedFilename::~ReservedFilename()
                0x00000000c000b4ac                ReservedFilename::~ReservedFilename()
                0x00000000c000b4d3                getFromFileDescriptor(int)
 .text          0x00000000c000b5d0     0x12cd core/virtmgr.32
                0x00000000c000b5d0                Virt::setPageState(unsigned long, Virt::VirtPageState)
                0x00000000c000b605                Virt::getPageState(unsigned long)
                0x00000000c000b629                Virt::allocateKernelVirtualPages(int)
                0x00000000c000b73a                Virt::freeSwapfilePage(unsigned long)
                0x00000000c000b758                Virt::swapIDToSector(unsigned long)
                0x00000000c000b76a                Virt::allocateSwapfilePage()
                0x00000000c000b7e8                Virt::virtualMemorySetup()
                0x00000000c000b833                Virt::setupPageSwapping(int)
                0x00000000c000b8a4                VAS::VAS()
                0x00000000c000b8a4                VAS::VAS()
                0x00000000c000b8e0                VAS::VAS(VAS*)
                0x00000000c000b8e0                VAS::VAS(VAS*)
                0x00000000c000b90e                VAS::getForeignPageTableEntry(bool, unsigned long)
                0x00000000c000b93a                VAS::getPageTableEntry(unsigned long)
                0x00000000c000b959                Virt::freeKernelVirtualPages(unsigned long)
                0x00000000c000ba7c                VAS::freeAllocatedPages(unsigned long)
                0x00000000c000baa0                VAS::virtualToPhysical(unsigned long)
                0x00000000c000bab8                VAS::reflagRange(unsigned long, int, int, int)
                0x00000000c000baf8                VAS::setToWriteCombining(unsigned long, int)
                0x00000000c000bb2a                VAS::mapOtherVASIn(bool, VAS*)
                0x00000000c000bb54                VAS::~VAS()
                0x00000000c000bb54                VAS::~VAS()
                0x00000000c000bcd0                VAS::mapPage(unsigned long, unsigned long, int)
                0x00000000c000bdd2                VAS::allocatePages(int, int)
                0x00000000c000bfaa                VAS::setCPUSpecific(unsigned long)
                0x00000000c000bfc6                VAS::mapRange(unsigned long, unsigned long, int, int)
                0x00000000c000c08c                VAS::mapForeignPage(bool, VAS*, unsigned long, unsigned long, int)
                0x00000000c000c17a                VAS::VAS(bool)
                0x00000000c000c17a                VAS::VAS(bool)
                0x00000000c000c3fa                VAS::evict(unsigned long)
                0x00000000c000c502                VAS::tryLoadBackOffDisk(unsigned long)
                0x00000000c000c68a                VAS::scanForEviction()
                0x00000000c000c771                mapVASFirstTime
 .text          0x00000000c000c89d       0x95 coreobjs/c++.32
                0x00000000c000c89d                __cxa_atexit
                0x00000000c000c8a0                __cxa_finalize
                0x00000000c000c8a1                __stack_chk_fail
                0x00000000c000c90d                __cxa_pure_virtual
                0x00000000c000c91e                operator new[](unsigned long)
                0x00000000c000c923                operator delete(void*, unsigned long)
                0x00000000c000c928                operator delete[](void*)
                0x00000000c000c92d                operator delete[](void*, unsigned long)
 .text          0x00000000c000c932      0x1fc dbg/kconsole.32
                0x00000000c000c932                Dbg::stringifyxWithBase(unsigned int, char*, int)
                0x00000000c000c98b                Dbg::logc(char)
                0x00000000c000c9ab                Dbg::logs(char*)
                0x00000000c000c9c8                Dbg::logWriteInt(unsigned int)
                0x00000000c000c9e5                Dbg::logWriteIntBase(unsigned int, int)
                0x00000000c000ca04                Dbg::kprintf(char const*, ...)
 .text          0x00000000c000cb2e      0xb82 fs/vfs.32
                0x00000000c000cb2e                File::read(unsigned long long, void*, int*)
                0x00000000c000cb86                File::write(unsigned long long, void*, int*)
                0x00000000c000cbde                Directory::read(unsigned long long, void*, int*)
                0x00000000c000cc36                Directory::write(unsigned long long, void*, int*)
                0x00000000c000cc64                File::isAtty()
                0x00000000c000cc68                Directory::isAtty()
                0x00000000c000cc6c                Filesystem::getlabel(LogicalDisk*, int, char*, unsigned int*)
                0x00000000c000cc72                Filesystem::setlabel(LogicalDisk*, int, char*)
                0x00000000c000cc78                Filesystem::allocateSwapfile(char const*, int)
                0x00000000c000cc7e                File::~File()
                0x00000000c000cc7e                File::~File()
                0x00000000c000cca2                File::~File()
                0x00000000c000cccc                Directory::~Directory()
                0x00000000c000cccc                Directory::~Directory()
                0x00000000c000ccf0                Directory::~Directory()
                0x00000000c000cd1a                Filesystem::Filesystem()
                0x00000000c000cd1a                Filesystem::Filesystem()
                0x00000000c000cd3e                Filesystem::~Filesystem()
                0x00000000c000cd3e                Filesystem::~Filesystem()
                0x00000000c000cd4c                Filesystem::~Filesystem()
                0x00000000c000cd70                Fs::getcwd(Process*, char*, int)
                0x00000000c000cd9a                Fs::initVFS()
                0x00000000c000cdc4                Fs::standardiseFiles(char*, char const*, char const*)
                0x00000000c000cf6e                File::File(char const*, Process*)
                0x00000000c000cf6e                File::File(char const*, Process*)
                0x00000000c000cfd2                File::open(FileOpenMode)
                0x00000000c000d030                File::close()
                0x00000000c000d090                File::seek(unsigned long long)
                0x00000000c000d0e6                File::tell(unsigned long long*)
                0x00000000c000d136                File::rewind()
                0x00000000c000d14a                File::unlink()
                0x00000000c000d196                File::rename(char const*)
                0x00000000c000d1e4                File::chfatattr(unsigned char, unsigned char)
                0x00000000c000d240                File::exists()
                0x00000000c000d27e                File::stat(unsigned long long*, bool*)
                0x00000000c000d2df                Fs::setcwd(Process*, char*)
                0x00000000c000d41a                Directory::Directory(char const*, Process*)
                0x00000000c000d41a                Directory::Directory(char const*, Process*)
                0x00000000c000d47e                Directory::open()
                0x00000000c000d4da                Directory::close()
                0x00000000c000d53a                Directory::unlink()
                0x00000000c000d586                Directory::rename(char const*)
                0x00000000c000d5d4                Directory::exists()
                0x00000000c000d612                Directory::read(dirent*)
                0x00000000c000d65e                Directory::create()
                0x00000000c000d6aa                Filesystem::chfatattr(char const*, unsigned char, unsigned char)
 .text          0x00000000c000d6b0       0x84 hal/bus.32
                0x00000000c000d6b0                Bus::Bus(char const*)
                0x00000000c000d6b0                Bus::Bus(char const*)
                0x00000000c000d6e6                Bus::~Bus()
                0x00000000c000d6e6                Bus::~Bus()
                0x00000000c000d70a                Bus::~Bus()
 .text          0x00000000c000d734      0x151 hal/buzzer.32
                0x00000000c000d734                Buzzer::Buzzer(char const*)
                0x00000000c000d734                Buzzer::Buzzer(char const*)
                0x00000000c000d778                Buzzer::~Buzzer()
                0x00000000c000d778                Buzzer::~Buzzer()
                0x00000000c000d79c                Buzzer::~Buzzer()
                0x00000000c000d7c6                Buzzer::stop()
                0x00000000c000d7d9                beepThread(void*)
                0x00000000c000d81a                Buzzer::beep(int, int, bool)
 *fill*         0x00000000c000d885        0x1 
 .text          0x00000000c000d886      0x467 hal/clock.32
                0x00000000c000d886                User::loadClockSettings(int)
                0x00000000c000d8d8                Clock::Clock(char const*)
                0x00000000c000d8d8                Clock::Clock(char const*)
                0x00000000c000d90e                Clock::~Clock()
                0x00000000c000d90e                Clock::~Clock()
                0x00000000c000d932                Clock::~Clock()
                0x00000000c000d95c                Clock::timeInSecondsLocal()
                0x00000000c000d9a4                Clock::setTimeInSecondsLocal(unsigned long long)
                0x00000000c000d9fd                datetimeToSeconds(datetime_t)
                0x00000000c000db24                Clock::setTimeInDatetimeLocal(datetime_t)
                0x00000000c000db84                secondsToDatetime(unsigned long long)
                0x00000000c000dcc8                Clock::timeInDatetimeLocal()
 *fill*         0x00000000c000dced        0x1 
 .text          0x00000000c000dcee      0x504 hal/device.32
                0x00000000c000dcee                Device::hibernate()
                0x00000000c000dcf0                Device::wake()
                0x00000000c000dcf2                Device::detect()
                0x00000000c000dcf4                Device::disableLegacy()
                0x00000000c000dcf6                Device::powerSaving(PowerSavingLevel)
                0x00000000c000dcf8                DriverlessDevice::close(int, int, void*)
                0x00000000c000dcfc                DriverlessDevice::detect()
                0x00000000c000dcfe                DriverlessDevice::open(int, int, void*)
                0x00000000c000dd12                Device::~Device()
                0x00000000c000dd12                Device::~Device()
                0x00000000c000dd20                Device::~Device()
                0x00000000c000dd48                Device::findAndLoadDriver()
                0x00000000c000dd56                Device::preOpenPCI(PCIDeviceInfo)
                0x00000000c000dd7c                Device::preOpenACPI(void*, char*, char*)
                0x00000000c000ddbc                Device::addIRQHandler(int, void (*)(regs*, void*), bool, void*)
                0x00000000c000ddfa                Device::getParent()
                0x00000000c000de06                Device::removeIRQHandler(int, void (*)(regs*, void*), bool)
                0x00000000c000de44                Device::addChild(Device*)
                0x00000000c000de88                Device::removeAllChildren()
                0x00000000c000dece                Device::hibernateAll()
                0x00000000c000defe                Device::wakeAll()
                0x00000000c000df2e                Device::detectAll()
                0x00000000c000df5e                Device::disableLegacyAll()
                0x00000000c000df8e                Device::loadDriversForAll()
                0x00000000c000dfce                Device::closeAll()
                0x00000000c000e004                Device::powerSavingAll(PowerSavingLevel)
                0x00000000c000e03a                Device::setName(char const*)
                0x00000000c000e048                Device::Device(char const*)
                0x00000000c000e048                Device::Device(char const*)
                0x00000000c000e144                Device::getName()
                0x00000000c000e14e                DriverlessDevice::DriverlessDevice(char const*)
                0x00000000c000e14e                DriverlessDevice::DriverlessDevice(char const*)
                0x00000000c000e184                Device::addToLinkedList(LinkedList<Device>&, DeviceType)
                0x00000000c000e1c8                getDevicesOfType(DeviceType)
 .text          0x00000000c000e1f2       0x84 hal/diskctrl.32
                0x00000000c000e1f2                HardDiskController::HardDiskController(char const*)
                0x00000000c000e1f2                HardDiskController::HardDiskController(char const*)
                0x00000000c000e228                HardDiskController::~HardDiskController()
                0x00000000c000e228                HardDiskController::~HardDiskController()
                0x00000000c000e24c                HardDiskController::~HardDiskController()
 .text          0x00000000c000e276       0xe2 hal/diskphys.32
                0x00000000c000e276                PhysicalDisk::eject()
                0x00000000c000e27a                PhysicalDisk::PhysicalDisk(char const*, int)
                0x00000000c000e27a                PhysicalDisk::PhysicalDisk(char const*, int)
                0x00000000c000e2e2                PhysicalDisk::startCache()
                0x00000000c000e30a                PhysicalDisk::~PhysicalDisk()
                0x00000000c000e30a                PhysicalDisk::~PhysicalDisk()
                0x00000000c000e32e                PhysicalDisk::~PhysicalDisk()
 .text          0x00000000c000e358      0x13f hal/fpu.32
                0x00000000c000e358                FPU::FPU(char const*)
                0x00000000c000e358                FPU::FPU(char const*)
                0x00000000c000e38e                FPU::~FPU()
                0x00000000c000e38e                FPU::~FPU()
                0x00000000c000e3b2                FPU::~FPU()
                0x00000000c000e3dc                setupFPU()
 *fill*         0x00000000c000e497        0x1 
 .text          0x00000000c000e498     0x11e1 hal/intctrl.32
                0x00000000c000e498                InterruptController::uninstallISRHandler(int, void (*)(regs*, void*))
                0x00000000c000e4d0                InterruptController::installISRHandler(int, void (*)(regs*, void*), void*)
                0x00000000c000e522                doubleFault(regs*, void*)
                0x00000000c000e53c                InterruptController::installIRQHandler(int, void (*)(regs*, void*), bool, void*)
                0x00000000c000e5d8                InterruptController::clearAllHandlers(int, bool)
                0x00000000c000e680                InterruptController::uninstallIRQHandler(int, void (*)(regs*, void*), bool)
                0x00000000c000e707                nmiHandler(regs*, void*)
                0x00000000c000e715                int_handler
                0x00000000c000e7b6                InterruptController::InterruptController(char const*)
                0x00000000c000e7b6                InterruptController::InterruptController(char const*)
                0x00000000c000e85c                InterruptController::~InterruptController()
                0x00000000c000e85c                InterruptController::~InterruptController()
                0x00000000c000e880                InterruptController::~InterruptController()
                0x00000000c000e8aa                displayDebugInfo(regs*)
                0x00000000c000ed39                x87EmulHandler(regs*, void*)
                0x00000000c000edac                gpFault(regs*, void*)
                0x00000000c000ede5                pgFault(regs*, void*)
                0x00000000c000ee34                otherISRHandler(regs*, void*)
                0x00000000c000ee53                opcodeFault(regs*, void*)
                0x00000000c000f216                displayProgramFault(char const*)
                0x00000000c000f23e                setupInterruptController()
                0x00000000c000f62c                InterruptController::convertLegacyIRQNumber(int)
 *fill*         0x00000000c000f679        0x1 
 .text          0x00000000c000f67a      0x784 hal/keybrd.32
                0x00000000c000f67a                startGUI(void*)
                0x00000000c000f6e6                startGUIVESA(void*)
                0x00000000c000f752                sendKeyToTerminal(unsigned char)
                0x00000000c000f810                sendKeyboardToken(KeyboardToken)
                0x00000000c000fc4d                clearInternalKeybuffer(VgaText*)
                0x00000000c000fc82                readKeyboard(VgaText*, char*, unsigned long)
                0x00000000c000fd74                Keyboard::Keyboard(char const*)
                0x00000000c000fd74                Keyboard::Keyboard(char const*)
                0x00000000c000fdb0                Keyboard::~Keyboard()
                0x00000000c000fdb0                Keyboard::~Keyboard()
                0x00000000c000fdd4                Keyboard::~Keyboard()
 .text          0x00000000c000fdfe      0x3ea hal/logidisk.32
                0x00000000c000fdfe                LogicalDisk::close(int, int, void*)
                0x00000000c000fe02                LogicalDisk::~LogicalDisk()
                0x00000000c000fe02                LogicalDisk::~LogicalDisk()
                0x00000000c000fe26                LogicalDisk::~LogicalDisk()
                0x00000000c000fe50                LogicalDisk::open(int, int, void*)
                0x00000000c000fe64                LogicalDisk::absoluteToRelative(unsigned long long)
                0x00000000c000fe9c                LogicalDisk::relativeToAbsolute(unsigned long long)
                0x00000000c000fee2                LogicalDisk::LogicalDisk(char const*, PhysicalDisk*, unsigned long long, unsigned long long)
                0x00000000c000fee2                LogicalDisk::LogicalDisk(char const*, PhysicalDisk*, unsigned long long, unsigned long long)
                0x00000000c000ff98                LogicalDisk::assignDriveLetter()
                0x00000000c001004e                LogicalDisk::mount()
                0x00000000c0010096                LogicalDisk::unmount()
                0x00000000c00100a6                LogicalDisk::eject()
                0x00000000c00100ba                LogicalDisk::unassignDriveLetter()
                0x00000000c0010110                LogicalDisk::read(unsigned long long, int, void*)
                0x00000000c001017c                LogicalDisk::write(unsigned long long, int, void*)
 .text          0x00000000c00101e8       0x84 hal/mouse.32
                0x00000000c00101e8                Mouse::Mouse(char const*)
                0x00000000c00101e8                Mouse::Mouse(char const*)
                0x00000000c001021e                Mouse::~Mouse()
                0x00000000c001021e                Mouse::~Mouse()
                0x00000000c0010242                Mouse::~Mouse()
 .text          0x00000000c001026c      0x339 hal/partition.32
                0x00000000c001026c                makePartition(PhysicalDisk*, unsigned long long, unsigned long long)
                0x00000000c0010314                createPartitionsForDisk(PhysicalDisk*)
 *fill*         0x00000000c00105a5        0x1 
 .text          0x00000000c00105a6       0x84 hal/serial.32
                0x00000000c00105a6                Serial::Serial(char const*)
                0x00000000c00105a6                Serial::Serial(char const*)
                0x00000000c00105dc                Serial::~Serial()
                0x00000000c00105dc                Serial::~Serial()
                0x00000000c0010600                Serial::~Serial()
 .text          0x00000000c001062a      0x2e0 hal/timer.32
                0x00000000c001062a                Timer::Timer(char const*)
                0x00000000c001062a                Timer::Timer(char const*)
                0x00000000c0010660                Timer::~Timer()
                0x00000000c0010660                Timer::~Timer()
                0x00000000c0010684                Timer::~Timer()
                0x00000000c00106ae                Timer::read()
                0x00000000c00106b9                timerHandler(unsigned int)
                0x00000000c0010812                setupTimer(int)
 .text          0x00000000c001090a      0x49f hal/vcache.32
                0x00000000c001090a                VCache::VCache(PhysicalDisk*)
                0x00000000c001090a                VCache::VCache(PhysicalDisk*)
                0x00000000c0010a72                VCache::invalidateReadBuffer()
                0x00000000c0010a82                VCache::writeWriteBuffer()
                0x00000000c0010ace                VCache::~VCache()
                0x00000000c0010ace                VCache::~VCache()
                0x00000000c0010b22                VCache::~VCache()
                0x00000000c0010b4a                VCache::write(unsigned long long, int, void*)
                0x00000000c0010c84                VCache::read(unsigned long long, int, void*)
 *fill*         0x00000000c0010da9        0x1 
 .text          0x00000000c0010daa      0x4b3 hal/video.32
                0x00000000c0010daa                Video::putrect(int, int, int, int, unsigned int)
                0x00000000c0010df6                Video::bitblit(int, int, int, int, int, int, int, unsigned int*)
                0x00000000c0010e66                Video::blit(unsigned int*, int, int, int, int)
                0x00000000c0010ee4                Video::clearScreen(unsigned int)
                0x00000000c0010f18                Video::putpixel(int, int, unsigned int)
                0x00000000c0010f26                Video::Video(char const*)
                0x00000000c0010f26                Video::Video(char const*)
                0x00000000c0010f5c                Video::~Video()
                0x00000000c0010f5c                Video::~Video()
                0x00000000c0010f80                Video::~Video()
                0x00000000c0010faa                Video::isMonochrome()
                0x00000000c0010fb6                Video::getWidth()
                0x00000000c0010fc2                Video::getHeight()
                0x00000000c0010fce                Video::drawCursor(int, int, unsigned char*, int)
                0x00000000c001108a                Video::tgaParse(unsigned char*, int, int*, int*)
                0x00000000c00111f2                Video::putTGA(int, int, unsigned char*, int)
 *fill*         0x00000000c001125d        0x1 
 .text          0x00000000c001125e     0x13d3 hw/acpi.32
                0x00000000c001125e                ACPI::close(int, int, void*)
                0x00000000c001130a                findRSDP()
                0x00000000c00113dc                loadACPITables(unsigned char*)
                0x00000000c0011638                findRSDT(unsigned char*)
                0x00000000c00117f4                findDataTable(unsigned char*, char*)
                0x00000000c0011868                scanMADT()
                0x00000000c0011d3a                ACPI::ACPI()
                0x00000000c0011d3a                ACPI::ACPI()
                0x00000000c0011d9e                ACPI::getPCIIRQAssignment(unsigned char, unsigned short, unsigned char)
                0x00000000c0011e82                ACPI::registerPCIIRQAssignment(void*, unsigned short, unsigned char, unsigned char)
                0x00000000c0011f48                ACPI::setScreenBrightnessLevel(void*, int)
                0x00000000c0011f4e                ACPI::detectPCI()
                0x00000000c001215a                ACPI::writeSimpleBootFlag(SimpleBootFlagTable*)
                0x00000000c00121a2                ACPI::sleep()
                0x00000000c00121bc                ACPI::open(int, int, void*)
 *fill*         0x00000000c0012631        0x1 
 .text          0x00000000c0012632     0x1525 hw/cpu.32
                0x00000000c0012632                CPU::close(int, int, void*)
                0x00000000c0012636                CPU::lookupAMDName(unsigned char, unsigned char)
                0x00000000c00127ca                CPU::lookupIntelName(unsigned char, unsigned char)
                0x00000000c0012a78                CPU::AMD_K6_write_msr(unsigned int, unsigned int, unsigned int, CPU::REGS*)
                0x00000000c0012a94                CPU::AMD_K6_read_msr(unsigned int, CPU::REGS*)
                0x00000000c0012aac                CPU::AMD_K6_writeback(int, int, int)
                0x00000000c0012b20                CPU::cpuid(int, unsigned long*, unsigned long*, unsigned long*, unsigned long*)
                0x00000000c0012ba4                CPU::cpuidCheckEDX(unsigned int)
                0x00000000c0012bd2                CPU::cpuidCheckECX(unsigned int)
                0x00000000c0012c00                CPU::cpuidCheckExtendedEBX(unsigned int)
                0x00000000c0012c2e                CPU::cpuidCheckExtendedECX(unsigned int)
                0x00000000c0012c5c                CPU::CPU()
                0x00000000c0012c5c                CPU::CPU()
                0x00000000c0012cea                CPU::displayFeatures()
                0x00000000c0012cec                CPU::detectFeatures()
                0x00000000c00136de                CPU::setupSMEP()
                0x00000000c00136ea                CPU::setupUMIP()
                0x00000000c00136f4                CPU::setupTSC()
                0x00000000c00136fe                CPU::setupLargePages()
                0x00000000c0013708                CPU::setupPAT()
                0x00000000c0013744                CPU::setupMTRR()
                0x00000000c0013746                CPU::setupGlobalPages()
                0x00000000c0013750                CPU::allowUsermodeDataAccess()
                0x00000000c0013762                CPU::prohibitUsermodeDataAccess()
                0x00000000c0013774                CPU::setupSMAP()
                0x00000000c0013782                CPU::setupFeatures()
                0x00000000c0013802                CPU::open(int, int, void*)
                0x00000000c001395c                CPU::decodeAddress(regs*, int*, bool*, unsigned char*)
 .text          0x00000000c0013b57        0x0 hw/ports.32
 .text          0x00000000c0013b57      0x16a hw/smp.32
                0x00000000c0013b57                Krnl::smpEntry()
                0x00000000c0013b59                Krnl::startCPU(int)
                0x00000000c0013ca2                Krnl::startCPUs()
 *fill*         0x00000000c0013cc1        0x1 
 .text          0x00000000c0013cc2      0x581 krnl/env.32
                0x00000000c0013cc2                EnvVarContainer::getEnv(char const*)
                0x00000000c0013d00                EnvVarContainer::setEnv(char const*, char const*)
                0x00000000c0013dc2                EnvVarContainer::deleteEnv(char const*)
                0x00000000c0013dc4                EnvVarContainer::loadFrom(char const*, char const*)
                0x00000000c0013faa                EnvVarContainer::__loadSystem()
                0x00000000c0013fc4                EnvVarContainer::__loadUser()
                0x00000000c0013fc6                EnvVarContainer::EnvVarContainer(Process*)
                0x00000000c0013fc6                EnvVarContainer::EnvVarContainer(Process*)
                0x00000000c0013fe8                EnvVarContainer::~EnvVarContainer()
                0x00000000c0013fe8                EnvVarContainer::~EnvVarContainer()
                0x00000000c0014018                Krnl::getEnv(Process*, char const*)
                0x00000000c001407d                Krnl::setEnvSystem(char const*, char const*)
                0x00000000c0014097                Krnl::setEnvUser(char const*, char const*)
                0x00000000c00140b6                Krnl::setEnvProcess(Process*, char const*, char const*)
                0x00000000c00140c9                Krnl::deleteEnvSystem(char const*)
                0x00000000c00140ca                Krnl::deleteEnvUser(char const*)
                0x00000000c00140cb                Krnl::deleteEnvProcess(Process*, char const*)
                0x00000000c00140cc                Krnl::newProcessEnv(Process*)
                0x00000000c00140ee                Krnl::copyProcessEnv(Process*, Process*)
                0x00000000c001413a                Krnl::loadSystemEnv()
                0x00000000c0014168                Krnl::loadUserEnv()
                0x00000000c001418e                Krnl::flushEnv()
                0x00000000c001418f                Krnl::getProcessTotalEnvCount(Process*)
                0x00000000c00141af                Krnl::getProcessEnvPair(Process*, int)
 .text          0x00000000c0014243      0x39c krnl/panic.32
                0x00000000c0014243                Krnl::panic(char const*)
 *fill*         0x00000000c00145df        0x1 
 .text          0x00000000c00145e0      0x588 net/ethernet.32
                0x00000000c00145e0                Net::switchEndian16(unsigned short)
                0x00000000c0014602                Net::switchEndian32(unsigned int)
                0x00000000c0014632                Net::crc32Calc(unsigned char*, int)
                0x00000000c00146c6                Net::wrapEthernetFrame(Net::UnwrappedEthernetFrame, unsigned char*)
                0x00000000c00148dc                Net::unwrapEthernetFrame(unsigned char*, int)
 .text          0x00000000c0014b68      0x50e reg/registry.32
                0x00000000c0014b68                Reg::findLineFromLoadedData(char*, char*, char*)
                0x00000000c0014cc0                Reg::getLineFromRegistry(char*, char*, char*, char*)
                0x00000000c0014e15                Reg::getLine(char*, char*, char*)
                0x00000000c0014e4c                Reg::readInt(char*, char*, int*)
                0x00000000c0014f37                Reg::readString(char*, char*, char*, int)
                0x00000000c0014fb8                Reg::readBool(char*, char*, bool*)
                0x00000000c0014fdd                Reg::readBoolWithDefault(char*, char*, bool)
                0x00000000c0015009                Reg::readIntWithDefault(char*, char*, int)
                0x00000000c0015035                Reg::readStringWithDefault(char*, char*, char*, int, char*)
 .text          0x00000000c0015076       0x36 sys/sc_eject.32
                0x00000000c0015076                Sys::eject(regs*)
 .text          0x00000000c00150ac       0x18 sys/sc_exit.32
                0x00000000c00150ac                Sys::exit(regs*)
 .text          0x00000000c00150c4       0x1f sys/sc_getcwd.32
                0x00000000c00150c4                Sys::getCwd(regs*)
 .text          0x00000000c00150e3        0xc sys/sc_getpid.32
                0x00000000c00150e3                Sys::getPID(regs*)
 .text          0x00000000c00150ef       0x1a sys/sc_getramdata.32
                0x00000000c00150ef                Sys::getRAMData(regs*)
 .text          0x00000000c0015109       0x84 sys/sc_getvgaptr.32
                0x00000000c0015109                Sys::getVGAPtr(regs*)
 .text          0x00000000c001518d       0xa8 sys/sc_loaddll.32
                0x00000000c001518d                Sys::loadDLL(regs*)
 .text          0x00000000c0015235       0x68 sys/sc_read.32
                0x00000000c0015235                Sys::read(regs*)
 .text          0x00000000c001529d       0x55 sys/sc_sbrk.32
                0x00000000c001529d                Sys::sbrk(regs*)
 .text          0x00000000c00152f2       0x1c sys/sc_setcwd.32
                0x00000000c00152f2                Sys::setCwd(regs*)
 .text          0x00000000c001530e       0x95 sys/sc_settime.32
                0x00000000c001530e                Sys::setTime(regs*)
 .text          0x00000000c00153a3       0x4a sys/sc_timezone.32
                0x00000000c00153a3                Sys::timezone(regs*)
 .text          0x00000000c00153ed       0x68 sys/sc_write.32
                0x00000000c00153ed                Sys::write(regs*)
 .text          0x00000000c0015455       0x62 sys/sc_wsbe.32
                0x00000000c0015455                Sys::wsbe(regs*)
 .text          0x00000000c00154b7       0x38 sys/sc_yield.32
                0x00000000c00154b7                Sys::yield(regs*)
 .text          0x00000000c00154ef      0xf8e sys/syscalls.32
                0x00000000c00154ef                sysCallSeekDir(regs*)
                0x00000000c00154f4                sysCallTellDir(regs*)
                0x00000000c00154f9                sysCallVerify(regs*)
                0x00000000c0015503                sysCallGetArgc(regs*)
                0x00000000c0015513                sysFormatDisk(regs*)
                0x00000000c001557d                sysSetDiskVolumeLabel(regs*)
                0x00000000c00155c7                sysGetDiskVolumeLabel(regs*)
                0x00000000c001561c                sysShutdown(regs*)
                0x00000000c001567a                sysCallRealpath(regs*)
                0x00000000c00156bd                sysCallReadDir(regs*)
                0x00000000c001573c                sysCallIsATTY(regs*)
                0x00000000c0015796                sysCallSeek(regs*)
                0x00000000c00157ed                sysCallTell(regs*)
                0x00000000c0015859                sysCallSize(regs*)
                0x00000000c00158cb                sysCallSizeFromFilename(regs*)
                0x00000000c001597a                sysCallClose(regs*)
                0x00000000c00159da                sysCallOpenDir(regs*)
                0x00000000c0015a4f                sysCallCloseDir(regs*)
                0x00000000c0015aa3                sysCallMakeDir(regs*)
                0x00000000c0015b13                sysCallWait(regs*)
                0x00000000c0015b2d                sysCallNotImpl(regs*)
                0x00000000c0015b48                sysPanic(regs*)
                0x00000000c0015b62                sysCallRmdir(regs*)
                0x00000000c0015bc6                sysCallUnlink(regs*)
                0x00000000c0015c2a                sysCallGetArgv(regs*)
                0x00000000c0015c76                sysCallTTYName(regs*)
                0x00000000c0015cf9                sysCallUSleep(regs*)
                0x00000000c0015d22                sysCallSpawn(regs*)
                0x00000000c0015d8a                sysCallGetEnv(regs*)
                0x00000000c0015e37                sysAppSettings(regs*)
                0x00000000c0015f4b                sysSetFatAttrib(regs*)
                0x00000000c0015fbd                sysPipe(regs*)
                0x00000000c0016002                sysGetUnixTime(regs*)
                0x00000000c0016016                string_ends_with(char const*, char const*)
                0x00000000c001605e                sysCallOpen(regs*)
                0x00000000c0016246                Sys::loadSyscalls()
                0x00000000c001643b                Sys::systemCall(regs*, void*)
 .text          0x00000000c001647d     0x1203 thr/elf.32
                0x00000000c001647d                Thr::allocateMemoryForTask(Process*, File*, unsigned long, unsigned long, unsigned long)
                0x00000000c0016727                Thr::loadProgramIntoMemory(Process*, char const*)
                0x00000000c001693d                Thr::runtimeReferenceHelper()
                0x00000000c0016950                Thr::getAddressOfKernelSymbol(char const*)
                0x00000000c001699f                Thr::loadKernelSymbolTable(char const*)
                0x00000000c0016c5d                Thr::loadDriverIntoMemory(char const*, unsigned long, bool)
                0x00000000c0017393                Thr::getDriverBaseFromAddress(unsigned long)
                0x00000000c00173c5                Thr::getDriverNameFromAddress(unsigned long)
                0x00000000c00173fc                Thr::getDriverOffsetFromAddress(unsigned long)
                0x00000000c0017416                Thr::loadDLL(char const*, bool)
                0x00000000c0017647                Thr::executeDLL(unsigned long, void*)
 .text          0x00000000c0017680     0x11ff thr/prcssthr.32
                0x00000000c0017680                userModeEntryPoint(void*)
                0x00000000c00176a6                changeTSS
                0x00000000c00176d6                switchToThread(ThreadControlBlock*)
                0x00000000c0017780                Process::addArgs(char**)
                0x00000000c00177dc                Process::Process(char const*, Process*, char**)
                0x00000000c00177dc                Process::Process(char const*, Process*, char**)
                0x00000000c00179c2                Process::Process(bool, char const*, Process*, char**)
                0x00000000c00179c2                Process::Process(bool, char const*, Process*, char**)
                0x00000000c0017b74                taskStartupFunction
                0x00000000c0017b7e                Semaphore::Semaphore(int)
                0x00000000c0017b7e                Semaphore::Semaphore(int)
                0x00000000c0017bac                Mutex::Mutex()
                0x00000000c0017bac                Mutex::Mutex()
                0x00000000c0017bbe                Process::createThread(void (*)(void*), void*, int)
                0x00000000c0017cb0                Process::createUserThread()
                0x00000000c0017ccc                setupMultitasking(void (*)())
                0x00000000c0017dd0                schedule()
                0x00000000c0017e58                Semaphore::tryAcquire()
                0x00000000c0017f1a                Semaphore::assertLocked(char const*)
                0x00000000c0017f8c                blockTaskWithSchedulerLockAlreadyHeld(TaskState)
                0x00000000c0017fb2                blockTask(TaskState)
                0x00000000c0017fe0                waitTask(int, int*, int)
                0x00000000c0018024                milliTenthSleepUntil(unsigned int)
                0x00000000c00180ac                milliTenthSleep(unsigned int)
                0x00000000c00180ba                sleep(unsigned int)
                0x00000000c00180d4                Semaphore::acquire()
                0x00000000c0018188                taskReturned
                0x00000000c00181c4                Thr::processFromPID(int)
                0x00000000c001825e                unblockTask(ThreadControlBlock*)
                0x00000000c00182f6                cleanupTerminatedTask(ThreadControlBlock*)
                0x00000000c00185a2                cleanerTaskFunction(void*)
                0x00000000c0018684                terminateTask(int)
                0x00000000c0018746                Thr::terminateFromIRQ(int)
                0x00000000c0018752                Semaphore::release()
 .text          0x00000000c001887f      0xada vm86/vm8086.32
                0x00000000c001887f                Vm::inbv(unsigned short)
                0x00000000c0018892                Vm::outbv(unsigned short, unsigned char)
                0x00000000c00188c8                Vm::realToLinear(unsigned short, unsigned short)
                0x00000000c00188d8                Vm::getSegment(unsigned int)
                0x00000000c00188e0                Vm::getOffset(unsigned int)
                0x00000000c00188e5                Vm::mainloop2()
                0x00000000c001891f                Vm::mainVm8086Loop(void*)
                0x00000000c001892f                Vm::mainloop3(unsigned long)
                0x00000000c0018955                Vm::initialise8086()
                0x00000000c0018998                Vm::finish8086()
                0x00000000c00189f9                Vm::getOutput8086(unsigned char*)
                0x00000000c0018a1e                Vm::start8086(char const*, unsigned short, unsigned short, unsigned short, unsigned short)
                0x00000000c0018b86                Vm::doISR(regs*, int, unsigned char*, unsigned short, unsigned short)
                0x00000000c0018c10                Vm::readByteFromReal(unsigned short, unsigned short)
                0x00000000c0018c21                Vm::readWordFromReal(unsigned short, unsigned short)
                0x00000000c0018c33                Vm::readDwordFromReal(unsigned short, unsigned short)
                0x00000000c0018c44                Vm::writeByteFromReal(unsigned short, unsigned short, unsigned char)
                0x00000000c0018c59                Vm::writeWordFromReal(unsigned short, unsigned short, unsigned short)
                0x00000000c0018c6f                Vm::writeDwordFromReal(unsigned short, unsigned short, unsigned int)
                0x00000000c0018c84                Vm::faultHandler(regs*)
 *fill*         0x00000000c0019359        0x1 
 .text          0x00000000c001935a      0xf45 vm86/x87em.32
                0x00000000c001935a                Vm::fpuInternalTo32(unsigned long long)
                0x00000000c00193b6                Vm::fpuInternalTo64(unsigned long long)
                0x00000000c00193bf                Vm::fpu32ToInternal(unsigned int)
                0x00000000c0019404                Vm::fpu64ToInternal(unsigned long long)
                0x00000000c001940d                Vm::fpuFloatToLong(unsigned long long)
                0x00000000c001946a                Vm::fpuULongToFloat(unsigned long long)
                0x00000000c00194a2                Vm::fpuLongToFloat(long long)
                0x00000000c00194f9                Vm::fpuGet0()
                0x00000000c00194fe                Vm::fpuGet1()
                0x00000000c0019506                Vm::fpuGetPi()
                0x00000000c001950e                Vm::fpuGetLog2E()
                0x00000000c0019526                Vm::fpuGetLogE2()
                0x00000000c001953e                Vm::fpuGetLog210()
                0x00000000c0019556                Vm::fpuGetLog102()
                0x00000000c001956e                Vm::fpuIsSecondLarger(unsigned long long, unsigned long long)
                0x00000000c0019582                Vm::fpuAreEqual(unsigned long long, unsigned long long)
                0x00000000c0019598                Vm::fpuUnorderedCompare(unsigned long long, unsigned long long)
                0x00000000c00195ec                Vm::fpuAdd(unsigned long long, unsigned long long)
                0x00000000c00195fd                Vm::fpuAbs(unsigned long long)
                0x00000000c0019606                Vm::fpuChs(unsigned long long)
                0x00000000c0019616                Vm::fpuSub(unsigned long long, unsigned long long)
                0x00000000c0019625                Vm::fpuMultiply(unsigned long long, unsigned long long)
                0x00000000c0019644                Vm::fpuDivide(unsigned long long, unsigned long long)
                0x00000000c0019660                Vm::fpuSquare(unsigned long long)
                0x00000000c0019676                Vm::fpuGetReg(int)
                0x00000000c00196b9                Vm::fpuSetReg(int, unsigned long long)
                0x00000000c0019705                Vm::fpuPush(unsigned long long)
                0x00000000c0019763                Vm::fpuPop()
                0x00000000c00197b6                Vm::x87Handler(regs*)
 *fill*         0x00000000c001a29f        0x1 
 .text          0x00000000c001a2a0     0x1319 fs/fat/vfslink.32
                0x00000000c001a2a0                FAT::getName()
                0x00000000c001a2a6                FAT::tell(void*, unsigned long long*)
                0x00000000c001a2dc                FAT::stat(void*, unsigned long long*)
                0x00000000c001a312                FAT::~FAT()
                0x00000000c001a312                FAT::~FAT()
                0x00000000c001a336                FAT::~FAT()
                0x00000000c001a35e                FAT::getlabel(LogicalDisk*, int, char*, unsigned int*)
                0x00000000c001a3fe                FAT::setlabel(LogicalDisk*, int, char*)
                0x00000000c001a4bc                FAT::format(LogicalDisk*, int, char const*, int)
                0x00000000c001a684                FAT::tryMount(LogicalDisk*, int)
                0x00000000c001a892                FAT::allocateSwapfile(char const*, int)
                0x00000000c001aa4e                FAT::readDir(void*, unsigned long, void*, int*)
                0x00000000c001abac                FAT::read(void*, unsigned long, void*, int*)
                0x00000000c001ac08                FAT::write(void*, unsigned long, void*, int*)
                0x00000000c001ac64                FAT::close(void*)
                0x00000000c001acb2                FAT::closeDir(void*)
                0x00000000c001ad00                FAT::seek(void*, unsigned long long)
                0x00000000c001ad56                fatWrapperReadDisk
                0x00000000c001ad9e                fatWrapperWriteDisk
                0x00000000c001ade6                fatWrapperIoctl
                0x00000000c001aeec                FAT::FAT()
                0x00000000c001aeec                FAT::FAT()
                0x00000000c001af3e                FAT::fixFilepath(char*)
                0x00000000c001af76                FAT::open(char const*, void**, FileOpenMode)
                0x00000000c001b0a0                FAT::openDir(char const*, void**)
                0x00000000c001b148                FAT::stat(char const*, unsigned long long*, bool*)
                0x00000000c001b236                FAT::unlink(char const*)
                0x00000000c001b2b4                FAT::chfatattr(char const*, unsigned char, unsigned char)
                0x00000000c001b40a                FAT::rename(char const*, char const*)
                0x00000000c001b4d0                FAT::mkdir(char const*)
                0x00000000c001b54e                FAT::exists(char const*)
 *fill*         0x00000000c001b5b9        0x1 
 .text          0x00000000c001b5ba      0xb75 fs/iso9660/vfslink.32
                0x00000000c001b5ba                ISO9660::format(LogicalDisk*, int, char const*, int)
                0x00000000c001b5c0                ISO9660::seek(void*, unsigned long long)
                0x00000000c001b5f0                ISO9660::tell(void*, unsigned long long*)
                0x00000000c001b614                ISO9660::getName()
                0x00000000c001b61a                ISO9660::stat(void*, unsigned long long*)
                0x00000000c001b63e                ISO9660::chfatattr(char const*, unsigned char, unsigned char)
                0x00000000c001b644                ISO9660::unlink(char const*)
                0x00000000c001b64a                ISO9660::write(void*, unsigned long, void*, int*)
                0x00000000c001b650                ISO9660::rename(char const*, char const*)
                0x00000000c001b656                ISO9660::mkdir(char const*)
                0x00000000c001b65c                ISO9660::close(void*)
                0x00000000c001b67e                ISO9660::closeDir(void*)
                0x00000000c001b6a0                ISO9660::~ISO9660()
                0x00000000c001b6a0                ISO9660::~ISO9660()
                0x00000000c001b6c4                ISO9660::~ISO9660()
                0x00000000c001b6eb                __memmem(unsigned char*, int, unsigned char*, int)
                0x00000000c001b72d                readSectorFromCDROM(unsigned int, unsigned char*, char)
                0x00000000c001b788                ISO9660::tryMount(LogicalDisk*, int)
                0x00000000c001b7d8                ISO9660::read(void*, unsigned long, void*, int*)
                0x00000000c001b9dc                ISO9660::readDir(void*, unsigned long, void*, int*)
                0x00000000c001bc56                readRoot(unsigned int*, unsigned int*, char)
                0x00000000c001bcaa                readRecursively(char*, unsigned int, unsigned int, unsigned int*, unsigned int*, char, int*)
                0x00000000c001be7d                getFileData(char*, unsigned int*, unsigned int*, char, int*)
                0x00000000c001bf0c                ISO9660::open(char const*, void**, FileOpenMode)
                0x00000000c001bfba                ISO9660::exists(char const*)
                0x00000000c001bfde                ISO9660::stat(char const*, unsigned long long*, bool*)
                0x00000000c001c072                ISO9660::openDir(char const*, void**)
                0x00000000c001c10c                ISO9660::ISO9660()
                0x00000000c001c10c                ISO9660::ISO9660()
 *fill*         0x00000000c001c12f        0x1 
 .text          0x00000000c001c130      0x2f0 hal/sound/sndcard.32
                0x00000000c001c130                SoundCard::beginPlayback()
                0x00000000c001c13e                SoundCard::stopPlayback()
                0x00000000c001c14c                SoundCard::SoundCard(char const*)
                0x00000000c001c14c                SoundCard::SoundCard(char const*)
                0x00000000c001c1ea                SoundCard::~SoundCard()
                0x00000000c001c1ea                SoundCard::~SoundCard()
                0x00000000c001c20e                SoundCard::~SoundCard()
                0x00000000c001c238                SoundCard::configureRates(int, int, int)
                0x00000000c001c268                SoundCard::getSamples16(int, short*)
                0x00000000c001c32a                SoundCard::getSamples32(int, int*)
                0x00000000c001c3b0                SoundCard::addChannel(SoundPort*)
                0x00000000c001c40c                SoundCard::removeChannel(int)
 .text          0x00000000c001c420      0x3d3 hal/sound/sndport.32
                0x00000000c001c420                SoundPort::SoundPort(int, int, int, int)
                0x00000000c001c420                SoundPort::SoundPort(int, int, int, int)
                0x00000000c001c4a8                SoundPort::~SoundPort()
                0x00000000c001c4a8                SoundPort::~SoundPort()
                0x00000000c001c4da                SoundPort::unpause()
                0x00000000c001c4e4                SoundPort::pause()
                0x00000000c001c4ee                SoundPort::getBufferUsed()
                0x00000000c001c4f6                SoundPort::getBufferSize()
                0x00000000c001c4fe                SoundPort::buffer16(short*, int)
                0x00000000c001c5a6                SoundPort::buffer32(int*, int)
                0x00000000c001c64a                SoundPort::unbufferAndAdd16(int, short*, SoundCard*)
                0x00000000c001c742                SoundPort::unbufferAndAdd32(int, int*, SoundCard*)
 .text          0x00000000c001c7f3        0x0 hw/bus/isa.32
 *fill*         0x00000000c001c7f3        0x1 
 .text          0x00000000c001c7f4      0xb87 hw/bus/pci.32
                0x00000000c001c7f4                PCI::open(int, int, void*)
                0x00000000c001c812                PCI::close(int, int, void*)
                0x00000000c001c816                PCI::PCI()
                0x00000000c001c816                PCI::PCI()
                0x00000000c001c8ac                PCI::readBAR8(unsigned int, int)
                0x00000000c001c8c8                PCI::readBAR16(unsigned int, int)
                0x00000000c001c8e6                PCI::readBAR32(unsigned int, int)
                0x00000000c001c902                PCI::writeBAR8(unsigned int, unsigned char, int)
                0x00000000c001c922                PCI::writeBAR16(unsigned int, unsigned short, int)
                0x00000000c001c944                PCI::writeBAR32(unsigned int, unsigned int, int)
                0x00000000c001c964                PCI::legacyMechanism(unsigned char, unsigned char, unsigned char, unsigned char)
                0x00000000c001c9d2                PCI::pciReadWord(unsigned char, unsigned char, unsigned char, unsigned char)
                0x00000000c001ca7a                PCI::getVendorID(unsigned char, unsigned char, unsigned char)
                0x00000000c001ca9e                PCI::getHeaderType(unsigned char, unsigned char, unsigned char)
                0x00000000c001cac6                PCI::getClassCode(unsigned char, unsigned char, unsigned char)
                0x00000000c001cb10                PCI::getProgIF(unsigned char, unsigned char, unsigned char)
                0x00000000c001cb38                PCI::getRevisionID(unsigned char, unsigned char, unsigned char)
                0x00000000c001cb5c                PCI::getInterruptNumber(unsigned char, unsigned char, unsigned char)
                0x00000000c001cb80                PCI::getSecondaryBus(unsigned char, unsigned char, unsigned char)
                0x00000000c001cba8                PCI::getBARAddress(unsigned char, unsigned char, unsigned char, unsigned char)
                0x00000000c001cc0c                PCI::pciWriteWord(unsigned char, unsigned char, unsigned char, unsigned char, unsigned short)
                0x00000000c001ccf4                PCI::pciDetailsToFilepath(PCIDeviceInfo, char*)
                0x00000000c001cf6e                PCI::checkBus(unsigned char)
                0x00000000c001cf92                PCI::foundDevice(PCIDeviceInfo)
                0x00000000c001d104                PCI::getDeviceData(unsigned char, unsigned char, unsigned char)
                0x00000000c001d2bc                PCI::checkDevice(unsigned char, unsigned char)
                0x00000000c001d328                PCI::detect()
 *fill*         0x00000000c001d37b        0x1 
 .text          0x00000000c001d37c      0xb4a hw/diskctrl/ide.32
                0x00000000c001d37c                IDE::close(int, int, void*)
                0x00000000c001d380                IDE::IDE()
                0x00000000c001d380                IDE::IDE()
                0x00000000c001d3b4                IDE::prepareInterrupt(unsigned char)
                0x00000000c001d3c6                selectDrive(unsigned char, unsigned char)
                0x00000000c001d3c8                IDE::getBase(unsigned char)
                0x00000000c001d3da                IDE::write(unsigned char, unsigned char, unsigned char)
                0x00000000c001d49a                IDE::read(unsigned char, unsigned char)
                0x00000000c001d548                IDE::waitInterrupt(unsigned char)
                0x00000000c001d5aa                ideChannel0IRQHandler(regs*, void*)
                0x00000000c001d5c6                ideChannel1IRQHandler(regs*, void*)
                0x00000000c001d5e2                IDE::enableIRQs(unsigned char, bool)
                0x00000000c001d628                IDE::open(int, int, void*)
                0x00000000c001da36                IDE::readBuffer(unsigned char, unsigned char, unsigned int, unsigned int)
                0x00000000c001db02                IDE::detect()
                0x00000000c001ddc2                IDE::printError(unsigned char, unsigned char, unsigned char)
                0x00000000c001de72                IDE::polling(unsigned char, unsigned int)
 .text          0x00000000c001dec6      0x336 hw/diskctrl/satabus.32
                0x00000000c001dec6                SATABus::close(int, int, void*)
                0x00000000c001deca                SATABus::detect()
                0x00000000c001decc                SATABus::SATABus()
                0x00000000c001decc                SATABus::SATABus()
                0x00000000c001df52                SATABus::findCmdslot(SATABus::tagHBA_PORT volatile*)
                0x00000000c001df9a                SATABus::checkType(SATABus::tagHBA_PORT volatile*)
                0x00000000c001dfe2                SATABus::startCmd(SATABus::tagHBA_PORT volatile*)
                0x00000000c001e002                SATABus::stopCmd(SATABus::tagHBA_PORT volatile*)
                0x00000000c001e02c                SATABus::portRebase(SATABus::tagHBA_PORT volatile*, int)
                0x00000000c001e132                SATABus::probePort(SATABus::tagHBA_MEM volatile*)
                0x00000000c001e1dc                SATABus::open(int, int, void*)
 .text          0x00000000c001e1fc      0x684 hw/diskphys/ata.32
                0x00000000c001e1fc                ATA::close(int, int, void*)
                0x00000000c001e220                ATA::powerSaving(PowerSavingLevel)
                0x00000000c001e222                ATA::ATA()
                0x00000000c001e222                ATA::ATA()
                0x00000000c001e250                ATA::flush(bool)
                0x00000000c001e29a                ATA::readyForCommand()
                0x00000000c001e2e6                ATA::access(unsigned long long, int, void*, bool)
                0x00000000c001e6dc                ATA::read(unsigned long long, int, void*)
                0x00000000c001e728                ATA::write(unsigned long long, int, void*)
                0x00000000c001e78a                ATA::detectCHS()
                0x00000000c001e7b4                ATA::open(int, int, void*)
 .text          0x00000000c001e880      0x5b9 hw/diskphys/atapi.32
                0x00000000c001e880                ATAPI::write(unsigned long long, int, void*)
                0x00000000c001e886                ATAPI::close(int, int, void*)
                0x00000000c001e8aa                ATAPI::ATAPI()
                0x00000000c001e8aa                ATAPI::ATAPI()
                0x00000000c001e8d8                ATAPI::readyForCommand()
                0x00000000c001e924                ATAPI::sendPacket(unsigned char*, int, bool, unsigned short*, int)
                0x00000000c001ebe4                ATAPI::diskRemoved()
                0x00000000c001ec00                ATAPI::eject()
                0x00000000c001ec48                ATAPI::diskInserted()
                0x00000000c001ec76                ATAPI::detectMedia()
                0x00000000c001ed32                ATAPI::open(int, int, void*)
                0x00000000c001edba                ATAPI::read(unsigned long long, int, void*)
 *fill*         0x00000000c001ee39        0x1 
 .text          0x00000000c001ee3a      0x41c hw/diskphys/sata.32
                0x00000000c001ee3a                SATA::close(int, int, void*)
                0x00000000c001ee5e                SATA::powerSaving(PowerSavingLevel)
                0x00000000c001ee60                SATA::open(int, int, void*)
                0x00000000c001ef0a                SATA::SATA()
                0x00000000c001ef0a                SATA::SATA()
                0x00000000c001ef38                SATA::access(unsigned long long, int, void*, bool)
                0x00000000c001f19e                SATA::read(unsigned long long, int, void*)
                0x00000000c001f1ea                SATA::write(unsigned long long, int, void*)
 .text          0x00000000c001f256      0x4fe hw/diskphys/satapi.32
                0x00000000c001f256                SATAPI::write(unsigned long long, int, void*)
                0x00000000c001f25c                SATAPI::close(int, int, void*)
                0x00000000c001f280                SATAPI::SATAPI()
                0x00000000c001f280                SATAPI::SATAPI()
                0x00000000c001f2ae                SATAPI::diskRemoved()
                0x00000000c001f2ca                SATAPI::diskInserted()
                0x00000000c001f2f8                SATAPI::sendPacket(unsigned char*, int, unsigned long long, unsigned short*, int)
                0x00000000c001f500                SATAPI::eject()
                0x00000000c001f548                SATAPI::detectMedia()
                0x00000000c001f60a                SATAPI::open(int, int, void*)
                0x00000000c001f6b2                SATAPI::read(unsigned long long, int, void*)
 .text          0x00000000c001f754       0x8e hw/fpu/avx.32
                0x00000000c001f754                AVX::open(int, int, void*)
                0x00000000c001f766                AVX::close(int, int, void*)
                0x00000000c001f778                AVX::available()
                0x00000000c001f78a                AVX::save(void*)
                0x00000000c001f7a2                AVX::load(void*)
                0x00000000c001f7ba                AVX::AVX()
                0x00000000c001f7ba                AVX::AVX()
 .text          0x00000000c001f7e2       0x90 hw/fpu/mmx.32
                0x00000000c001f7e2                MMX::available()
                0x00000000c001f7f6                MMX::open(int, int, void*)
                0x00000000c001f808                MMX::close(int, int, void*)
                0x00000000c001f81a                MMX::save(void*)
                0x00000000c001f832                MMX::load(void*)
                0x00000000c001f84a                MMX::MMX()
                0x00000000c001f84a                MMX::MMX()
 .text          0x00000000c001f872       0x96 hw/fpu/sse.32
                0x00000000c001f872                SSE::open(int, int, void*)
                0x00000000c001f884                SSE::close(int, int, void*)
                0x00000000c001f896                SSE::available()
                0x00000000c001f8b0                SSE::save(void*)
                0x00000000c001f8c8                SSE::load(void*)
                0x00000000c001f8e0                SSE::SSE()
                0x00000000c001f8e0                SSE::SSE()
 .text          0x00000000c001f908       0x8e hw/fpu/x87.32
                0x00000000c001f908                x87::open(int, int, void*)
                0x00000000c001f91a                x87::close(int, int, void*)
                0x00000000c001f92c                x87::available()
                0x00000000c001f93e                x87::save(void*)
                0x00000000c001f956                x87::load(void*)
                0x00000000c001f96e                x87::x87()
                0x00000000c001f96e                x87::x87()
 .text          0x00000000c001f996      0x71e hw/intctrl/apic.32
                0x00000000c001f996                APIC::disable()
                0x00000000c001f998                APIC::close(int, int, void*)
                0x00000000c001f9ba                IOAPIC::close(int, int, void*)
                0x00000000c001f9c0                APIC::io_wait()
                0x00000000c001f9c6                APIC::getBase()
                0x00000000c001fa08                APIC::eoi(unsigned char)
                0x00000000c001fa36                APIC::open(int, int, void*)
                0x00000000c001fb84                IOAPIC::IOAPIC()
                0x00000000c001fb84                IOAPIC::IOAPIC()
                0x00000000c001fbac                APIC::APIC()
                0x00000000c001fbac                APIC::APIC()
                0x00000000c001fc88                IOAPIC::handlesGSIWithNumber(unsigned int)
                0x00000000c001fcba                IOAPIC::read(int)
                0x00000000c001fce2                IOAPIC::open(int, int, void*)
                0x00000000c001fdd8                IOAPIC::write(int, int)
                0x00000000c001fe04                IOAPIC::redirect(unsigned char, unsigned long long, unsigned char, bool, bool)
                0x00000000c001fefe                APIC::installIRQHandler(int, void (*)(regs*, void*), bool, void*)
 .text          0x00000000c00200b4      0x3d3 hw/intctrl/pic.32
                0x00000000c00200b4                PIC::disable()
                0x00000000c00200e2                PIC::close(int, int, void*)
                0x00000000c0020104                PIC::PIC()
                0x00000000c0020104                PIC::PIC()
                0x00000000c00201da                PIC::ioWait()
                0x00000000c00201e0                PIC::getIRQReg(int)
                0x00000000c002024a                PIC::eoi(unsigned char)
                0x00000000c00202dc                PIC::remap()
                0x00000000c0020448                PIC::open(int, int, void*)
 *fill*         0x00000000c0020487        0x1 
 .text          0x00000000c0020488      0x234 hw/timer/apictimer.32
                0x00000000c0020488                APICTimer::close(int, int, void*)
                0x00000000c002048e                apicTimerHandler(regs*, void*)
                0x00000000c00204b4                APICTimer::write(int)
                0x00000000c0020596                APICTimer::open(int, int, void*)
                0x00000000c0020694                APICTimer::APICTimer()
                0x00000000c0020694                APICTimer::APICTimer()
 .text          0x00000000c00206bc      0x19d hw/timer/pit.32
                0x00000000c00206bc                PIT::write(int)
                0x00000000c002073a                pitHandler(regs*, void*)
                0x00000000c002075c                PIT::open(int, int, void*)
                0x00000000c00207aa                PIT::close(int, int, void*)
                0x00000000c00207da                PIT::PIT()
                0x00000000c00207da                PIT::PIT()
 *fill*         0x00000000c0020859        0x7 
 .text          0x00000000c0020860       0x1e hw/fpu/x86/avx.32
                0x00000000c0020860                avxDetect
                0x00000000c0020866                avxSave
                0x00000000c0020867                avxLoad
                0x00000000c0020868                avxInit
                0x00000000c0020869                avxClose
                0x00000000c002086a                wouldSheSayYes
 *fill*         0x00000000c002087e        0x2 
 .text          0x00000000c0020880       0x35 hw/fpu/x86/sse.32
                0x00000000c0020880                absolutelyNoChanceInHell
                0x00000000c0020880                sseDetect
                0x00000000c0020898                sseSave
                0x00000000c002089e                sseLoad
                0x00000000c00208a4                sseInit
                0x00000000c00208b4                sseClose
 *fill*         0x00000000c00208b5        0xb 
 .text          0x00000000c00208c0       0x4d hw/fpu/x86/x87.32
                0x00000000c00208c6                x87Detect
                0x00000000c00208e1                x87Save
                0x00000000c00208ea                x87Load
                0x00000000c00208f2                x87Init
                0x00000000c002090c                x87Close
 *fill*         0x00000000c002090d        0x3 
 .text          0x00000000c0020910       0x25 /cygdrive/d/Users/Alex/Desktop/Toolchain/Output/bin/../lib/gcc/i386-banana/8.1.0/crtend.o
 .text          0x00000000c0020935        0x0 crtn.32
 *fill*         0x00000000c0020935        0x3 
 .text          0x00000000c0020938      0x14b /cygdrive/d/Users/Alex/Desktop/Toolchain/Output/bin/../lib/gcc/i386-banana/8.1.0/libkgcc.a(_divdi3.o)
                0x00000000c0020938                __divdi3
 *fill*         0x00000000c0020a83        0x1 
 .text          0x00000000c0020a84      0x17e /cygdrive/d/Users/Alex/Desktop/Toolchain/Output/bin/../lib/gcc/i386-banana/8.1.0/libkgcc.a(_moddi3.o)
                0x00000000c0020a84                __moddi3
 *fill*         0x00000000c0020c02        0x2 
 .text          0x00000000c0020c04       0xff /cygdrive/d/Users/Alex/Desktop/Toolchain/Output/bin/../lib/gcc/i386-banana/8.1.0/libkgcc.a(_udivdi3.o)
                0x00000000c0020c04                __udivdi3
 *fill*         0x00000000c0020d03        0x1 
 .text          0x00000000c0020d04      0x11a /cygdrive/d/Users/Alex/Desktop/Toolchain/Output/bin/../lib/gcc/i386-banana/8.1.0/libkgcc.a(_umoddi3.o)
                0x00000000c0020d04                __umoddi3
 *(.gnu.linkonce.t*)

.iplt           0x00000000c0020e20        0x0
 .iplt          0x00000000c0020e20        0x0 D:/Users/Alex/Desktop/Banana/kernel/boot.32

.init           0x00000000c0020e1e        0xf
 .init          0x00000000c0020e1e        0x3 crti.32
                0x00000000c0020e1e                _init
 .init          0x00000000c0020e21        0x5 /cygdrive/d/Users/Alex/Desktop/Toolchain/Output/bin/../lib/gcc/i386-banana/8.1.0/crtbegin.o
 .init          0x00000000c0020e26        0x5 /cygdrive/d/Users/Alex/Desktop/Toolchain/Output/bin/../lib/gcc/i386-banana/8.1.0/crtend.o
 .init          0x00000000c0020e2b        0x2 crtn.32

.fini           0x00000000c0020e2d        0xa
 .fini          0x00000000c0020e2d        0x3 crti.32
                0x00000000c0020e2d                _fini
 .fini          0x00000000c0020e30        0x5 /cygdrive/d/Users/Alex/Desktop/Toolchain/Output/bin/../lib/gcc/i386-banana/8.1.0/crtbegin.o
 .fini          0x00000000c0020e35        0x2 crtn.32

.text._ZN8ComputerD2Ev
                0x00000000c0020e38       0x23
 .text._ZN8ComputerD2Ev
                0x00000000c0020e38       0x23 core/computer.32
                0x00000000c0020e38                Computer::~Computer()
                0x00000000c0020e38                Computer::~Computer()

.text._ZN8ComputerD0Ev
                0x00000000c0020e5c       0x2a
 .text._ZN8ComputerD0Ev
                0x00000000c0020e5c       0x2a core/computer.32
                0x00000000c0020e5c                Computer::~Computer()

.text._Z10idleCommonv
                0x00000000c0020e86       0x21
 .text._Z10idleCommonv
                0x00000000c0020e86       0x21 core/idle.32
                0x00000000c0020e86                idleCommon()

.text._ZN10LinkedListI8UnixFileED2Ev
                0x00000000c0020ea8        0x2
 .text._ZN10LinkedListI8UnixFileED2Ev
                0x00000000c0020ea8        0x2 core/unixfile.32
                0x00000000c0020ea8                LinkedList<UnixFile>::~LinkedList()
                0x00000000c0020ea8                LinkedList<UnixFile>::~LinkedList()

.text._ZN10LinkedListI8UnixFileEC2Ev
                0x00000000c0020eaa       0x42
 .text._ZN10LinkedListI8UnixFileEC2Ev
                0x00000000c0020eaa       0x42 core/unixfile.32
                0x00000000c0020eaa                LinkedList<UnixFile>::LinkedList()
                0x00000000c0020eaa                LinkedList<UnixFile>::LinkedList()

.text._ZN10LinkedListI8UnixFileE10addElementEPS0_
                0x00000000c0020eec       0xd3
 .text._ZN10LinkedListI8UnixFileE10addElementEPS0_
                0x00000000c0020eec       0xd3 core/unixfile.32
                0x00000000c0020eec                LinkedList<UnixFile>::addElement(UnixFile*)

.text._ZN10LinkedListI8UnixFileE15getFirstElementEv
                0x00000000c0020fc0        0x7
 .text._ZN10LinkedListI8UnixFileE15getFirstElementEv
                0x00000000c0020fc0        0x7 core/unixfile.32
                0x00000000c0020fc0                LinkedList<UnixFile>::getFirstElement()

.text._ZN10LinkedListI8UnixFileE11removeFirstEv
                0x00000000c0020fc8       0xa1
 .text._ZN10LinkedListI8UnixFileE11removeFirstEv
                0x00000000c0020fc8       0xa1 core/unixfile.32
                0x00000000c0020fc8                LinkedList<UnixFile>::removeFirst()
