Archive member included to satisfy reference by file (symbol)

/cygdrive/d/Users/Alex/Desktop/Toolchain/Output/bin/../lib/gcc/i386-banana/8.1.0/libkgcc.a(_divdi3.o)
                              fs/fat/ff.32 (__divdi3)
/cygdrive/d/Users/Alex/Desktop/Toolchain/Output/bin/../lib/gcc/i386-banana/8.1.0/libkgcc.a(_moddi3.o)
                              compat/resolve.32 (__moddi3)
/cygdrive/d/Users/Alex/Desktop/Toolchain/Output/bin/../lib/gcc/i386-banana/8.1.0/libkgcc.a(_udivdi3.o)
                              fs/fat/ff.32 (__udivdi3)
/cygdrive/d/Users/Alex/Desktop/Toolchain/Output/bin/../lib/gcc/i386-banana/8.1.0/libkgcc.a(_umoddi3.o)
                              compat/resolve.32 (__umoddi3)

Discarded input sections

 .comment       0x0000000000000000       0x12 /cygdrive/d/Users/Alex/Desktop/Toolchain/Output/bin/../lib/gcc/i386-banana/8.1.0/crtbegin.o
 .comment       0x0000000000000000       0x12 acpica/utclib.32
 .comment       0x0000000000000000       0x12 core/malloc.32
 .comment       0x0000000000000000       0x12 libk/string.32
 .comment       0x0000000000000000       0x12 fs/fat/diskio.32
 .comment       0x0000000000000000       0x12 fs/fat/ff.32
 .comment       0x0000000000000000       0x12 fs/fat/ffsystem.32
 .comment       0x0000000000000000       0x12 fs/fat/ffunicode.32
 .comment       0x0000000000000000       0x12 compat/inlines.32
 .comment       0x0000000000000000       0x12 compat/resolve.32
 .group         0x0000000000000000       0x14 core/computer.32
 .group         0x0000000000000000        0xc core/computer.32
 .comment       0x0000000000000000       0x12 core/computer.32
 .comment       0x0000000000000000       0x12 core/gdt.32
 .group         0x0000000000000000        0xc core/idle.32
 .comment       0x0000000000000000       0x12 core/idle.32
 .comment       0x0000000000000000       0x12 core/idt.32
 .comment       0x0000000000000000       0x12 core/kheap.32
 .comment       0x0000000000000000       0x12 core/main.32
 .comment       0x0000000000000000       0x12 core/physmgr.32
 .group         0x0000000000000000        0xc core/pipe.32
 .comment       0x0000000000000000       0x12 core/pipe.32
 .group         0x0000000000000000        0xc core/terminal.32
 .comment       0x0000000000000000       0x12 core/terminal.32
 .comment       0x0000000000000000       0x12 core/tss.32
 .group         0x0000000000000000        0x8 core/unixfile.32
 .group         0x0000000000000000        0x8 core/unixfile.32
 .group         0x0000000000000000        0xc core/unixfile.32
 .group         0x0000000000000000        0x8 core/unixfile.32
 .group         0x0000000000000000        0xc core/unixfile.32
 .group         0x0000000000000000        0x8 core/unixfile.32
 .group         0x0000000000000000        0xc core/unixfile.32
 .group         0x0000000000000000        0xc core/unixfile.32
 .comment       0x0000000000000000       0x12 core/unixfile.32
 .comment       0x0000000000000000       0x12 core/virtmgr.32
 .comment       0x0000000000000000       0x12 coreobjs/c++.32
 .comment       0x0000000000000000       0x12 dbg/kconsole.32
 .group         0x0000000000000000        0xc fs/vfs.32
 .group         0x0000000000000000        0xc fs/vfs.32
 .group         0x0000000000000000        0xc fs/vfs.32
 .comment       0x0000000000000000       0x12 fs/vfs.32
 .group         0x0000000000000000        0xc hal/bus.32
 .comment       0x0000000000000000       0x12 hal/bus.32
 .group         0x0000000000000000        0xc hal/buzzer.32
 .comment       0x0000000000000000       0x12 hal/buzzer.32
 .group         0x0000000000000000        0xc hal/clock.32
 .comment       0x0000000000000000       0x12 hal/clock.32
 .group         0x0000000000000000       0x14 hal/device.32
 .group         0x0000000000000000        0xc hal/device.32
 .group         0x0000000000000000        0x8 hal/device.32
 .group         0x0000000000000000        0xc hal/device.32
 .group         0x0000000000000000        0xc hal/device.32
 .comment       0x0000000000000000       0x12 hal/device.32
 .group         0x0000000000000000        0xc hal/diskctrl.32
 .comment       0x0000000000000000       0x12 hal/diskctrl.32
 .group         0x0000000000000000        0xc hal/diskphys.32
 .comment       0x0000000000000000       0x12 hal/diskphys.32
 .group         0x0000000000000000        0xc hal/fpu.32
 .comment       0x0000000000000000       0x12 hal/fpu.32
 .group         0x0000000000000000        0xc hal/intctrl.32
 .comment       0x0000000000000000       0x12 hal/intctrl.32
 .group         0x0000000000000000        0xc hal/keybrd.32
 .comment       0x0000000000000000       0x12 hal/keybrd.32
 .group         0x0000000000000000        0xc hal/logidisk.32
 .comment       0x0000000000000000       0x12 hal/logidisk.32
 .group         0x0000000000000000        0xc hal/mouse.32
 .comment       0x0000000000000000       0x12 hal/mouse.32
 .comment       0x0000000000000000       0x12 hal/partition.32
 .group         0x0000000000000000        0xc hal/serial.32
[...]
Memory Configuration

Name             Origin             Length             Attributes
*default*        0x0000000000000000 0xffffffffffffffff

Linker script and memory map

LOAD D:/Users/Alex/Desktop/Banana/kernel/boot.32
LOAD crti.32
LOAD /cygdrive/d/Users/Alex/Desktop/Toolchain/Output/bin/../lib/gcc/i386-banana/8.1.0/crtbegin.o
LOAD D:/Users/Alex/Desktop/Banana/kernel/morenasm.32
LOAD acpica/utclib.32
LOAD core/malloc.32
LOAD libk/string.32
LOAD fs/fat/diskio.32
LOAD fs/fat/ff.32
LOAD fs/fat/ffsystem.32
LOAD fs/fat/ffunicode.32
LOAD compat/inlines.32
LOAD compat/resolve.32
LOAD core/computer.32
LOAD core/gdt.32
LOAD core/idle.32
LOAD core/idt.32
LOAD core/kheap.32
LOAD core/main.32
LOAD core/physmgr.32
LOAD core/pipe.32
LOAD core/terminal.32
LOAD core/tss.32
LOAD core/unixfile.32
LOAD core/virtmgr.32
LOAD coreobjs/c++.32
LOAD dbg/kconsole.32
LOAD fs/vfs.32
LOAD hal/bus.32
LOAD hal/buzzer.32
LOAD hal/clock.32
LOAD hal/device.32
LOAD hal/diskctrl.32
LOAD hal/diskphys.32
LOAD hal/fpu.32
LOAD hal/intctrl.32
LOAD hal/keybrd.32
LOAD hal/logidisk.32
LOAD hal/mouse.32
LOAD hal/partition.32
LOAD hal/serial.32
LOAD hal/timer.32
LOAD hal/vcache.32
LOAD hal/video.32
LOAD hw/acpi.32
LOAD hw/cpu.32
LOAD hw/ports.32
LOAD hw/smp.32
LOAD krnl/env.32
LOAD krnl/panic.32
LOAD net/ethernet.32
LOAD reg/registry.32
LOAD sys/sc_eject.32
LOAD sys/sc_exit.32
LOAD sys/sc_getcwd.32
LOAD sys/sc_getpid.32
LOAD sys/sc_getramdata.32
LOAD sys/sc_getvgaptr.32
LOAD sys/sc_loaddll.32
LOAD sys/sc_read.32
LOAD sys/sc_sbrk.32
LOAD sys/sc_setcwd.32
LOAD sys/sc_settime.32
LOAD sys/sc_timezone.32
LOAD sys/sc_write.32
LOAD sys/sc_wsbe.32
LOAD sys/sc_yield.32
LOAD sys/syscalls.32
LOAD thr/elf.32
LOAD thr/prcssthr.32
LOAD vm86/vm8086.32
LOAD vm86/x87em.32
LOAD fs/fat/vfslink.32
LOAD fs/iso9660/vfslink.32
LOAD hal/sound/sndcard.32
LOAD hal/sound/sndport.32
LOAD hw/bus/isa.32
LOAD hw/bus/pci.32
LOAD hw/diskctrl/ide.32
LOAD hw/diskctrl/satabus.32
LOAD hw/diskphys/ata.32
LOAD hw/diskphys/atapi.32
LOAD hw/diskphys/sata.32
LOAD hw/diskphys/satapi.32
LOAD hw/fpu/avx.32
LOAD hw/fpu/mmx.32
LOAD hw/fpu/sse.32
LOAD hw/fpu/x87.32
LOAD hw/intctrl/apic.32
LOAD hw/intctrl/pic.32
LOAD hw/timer/apictimer.32
LOAD hw/timer/pit.32
LOAD hw/fpu/x86/avx.32
LOAD hw/fpu/x86/sse.32
LOAD hw/fpu/x86/x87.32
LOAD /cygdrive/d/Users/Alex/Desktop/Toolchain/Output/bin/../lib/gcc/i386-banana/8.1.0/crtend.o
LOAD crtn.32
LOAD /cygdrive/d/Users/Alex/Desktop/Toolchain/Output/bin/../lib/gcc/i386-banana/8.1.0/libkgcc.a
LOAD D:/Users/Alex/Desktop/Banana/kernel/libsoftfp.a
LOAD D:/Users/Alex/Desktop/Banana/kernel/libk/libm32.a
                0x00000000c0000000                . = 0xc0000000

.text           0x00000000c0000000    0x2114e
 *(.text)
 .text          0x00000000c0000000       0x41 D:/Users/Alex/Desktop/Banana/kernel/boot.32
                0x00000000c0000020                callGlobalConstructors
 .text          0x00000000c0000041        0x0 crti.32
 *fill*         0x00000000c0000041        0x3 
 .text          0x00000000c0000044      0x101 /cygdrive/d/Users/Alex/Desktop/Toolchain/Output/bin/../lib/gcc/i386-banana/8.1.0/crtbegin.o
 *fill*         0x00000000c0000145        0xb 
 .text          0x00000000c0000150      0x430 D:/Users/Alex/Desktop/Banana/kernel/morenasm.32
                0x00000000c0000150                manualPCIProbe
                0x00000000c000019b                prepareTramp
                0x00000000c00001b4                doTPAUSE
                0x00000000c00001be                hasLegacyFPU
                0x00000000c00001e3                is486
                0x00000000c0000219                detectCPUID
                0x00000000c000022f                goToVM86
                0x00000000c000025f                goToUsermode
                0x00000000c0000289                switchToThreadASMFirstTime
                0x00000000c0000297                switchToThreadASM
                0x00000000c0000327                asmQuickAcquireLock
                0x00000000c0000345                asmQuickReleaseLock
                0x00000000c0000351                asmAcquireLock
                0x00000000c0000372                asmReleaseLock
                0x00000000c0000385                loadGDT
                0x00000000c00003a5                isr0
                0x00000000c00003b5                isr1
                0x00000000c00003bf                isr2
                0x00000000c00003c9                isr3
                0x00000000c00003d3                isr4
                0x00000000c00003dd                isr5
                0x00000000c00003e7                isr6
                0x00000000c00003f1                isr7
                0x00000000c00003fb                isr8
                0x00000000c0000403                isr9
                0x00000000c000040d                isr10
                0x00000000c0000415                isr11
                0x00000000c000041d                isr12
                0x00000000c0000425                isr13
                0x00000000c000042d                isr14
                0x00000000c0000435                isr15
                0x00000000c000043f                isr16
                0x00000000c0000449                isr17
                0x00000000c0000453                isr18
                0x00000000c000045d                irq3
                0x00000000c0000467                irq4
                0x00000000c0000471                irq5
                0x00000000c000047b                irq6
                0x00000000c0000485                irq7
                0x00000000c000048f                irq8
                0x00000000c0000499                irq9
                0x00000000c00004a3                irq10
                0x00000000c00004ad                irq11
                0x00000000c00004b7                irq12
                0x00000000c00004c1                irq13
                0x00000000c00004cb                irq14
                0x00000000c00004d5                irq15
                0x00000000c00004df                irq1
                0x00000000c00004e6                irq2
                0x00000000c00004ed                isr96
                0x00000000c00004f4                irq0
                0x00000000c00004f9                int_common_stub
                0x00000000c00004f9                syscall_common_stub
                0x00000000c000052b                irq16
                0x00000000c0000535                irq17
                0x00000000c000053f                irq18
                0x00000000c0000549                irq19
                0x00000000c0000553                irq20
                0x00000000c000055d                irq21
                0x00000000c0000567                irq22
                0x00000000c0000571                irq23
                0x00000000c000057b                memcpy
 .text          0x00000000c0000580      0x5dd acpica/utclib.32
                0x00000000c0000580                memcmp
                0x00000000c00005bc                memmove
                0x00000000c0000684                memset
                0x00000000c00006a0                strlen
                0x00000000c00006b8                strpbrk
                0x00000000c00006f4                strtok
                0x00000000c0000740                strcpy
                0x00000000c0000764                strncpy
                0x00000000c00007cc                strcmp
                0x00000000c000080c                strchr
                0x00000000c0000830                strncmp
                0x00000000c0000880                strcat
                0x00000000c00008b0                strncat
                0x00000000c00008ec                strstr
                0x00000000c0000934                toupper
                0x00000000c0000948                tolower
                0x00000000c000095c                simple_strtoul
 .text          0x00000000c0000b5d      0xfad core/malloc.32
                0x00000000c0000cc8                dlfree
                0x00000000c0001023                dlmalloc
                0x00000000c0001560                dlrealloc
                0x00000000c0001703                dlmemalign
                0x00000000c0001826                dlcalloc
                0x00000000c00018c0                dlcfree
                0x00000000c00018c5                dlindependent_calloc
                0x00000000c00018ea                dlindependent_comalloc
                0x00000000c0001901                dlvalloc
                0x00000000c000192c                dlpvalloc
                0x00000000c0001962                dlmalloc_trim
                0x00000000c000196f                dlmalloc_usable_size
                0x00000000c00019a0                dlmallinfo
                0x00000000c0001a6f                dlmalloc_stats
                0x00000000c0001a80                dlmallopt
 .text          0x00000000c0001b0a        0x0 libk/string.32
 .text          0x00000000c0001b0a       0x51 fs/fat/diskio.32
                0x00000000c0001b0a                disk_status
                0x00000000c0001b0d                disk_initialize
                0x00000000c0001b10                disk_read
                0x00000000c0001b26                disk_write
                0x00000000c0001b3c                disk_ioctl
 .text          0x00000000c0001b5b     0x6a69 fs/fat/ff.32
                0x00000000c0004e29                f_mount
                0x00000000c0004e8b                f_open
                0x00000000c00052c7                f_read
                0x00000000c0005547                f_write
                0x00000000c0005801                f_sync
                0x00000000c00059dd                f_close
                0x00000000c0005a0c                f_lseek
                0x00000000c0005ec3                f_opendir
                0x00000000c0005fc5                f_closedir
                0x00000000c0005fe7                f_readdir
                0x00000000c0006082                f_stat
                0x00000000c0006111                f_getfree
                0x00000000c00062dc                f_truncate
                0x00000000c00063d4                f_unlink
                0x00000000c0006557                f_mkdir
                0x00000000c0006783                f_rename
                0x00000000c0006a76                f_chmod
                0x00000000c0006b54                f_utime
                0x00000000c0006c32                f_getlabel
                0x00000000c0006e20                f_setlabel
                0x00000000c000708d                f_expand
                0x00000000c00072c3                f_forward
                0x00000000c00074a1                f_mkfs
 .text          0x00000000c00085c4       0x2f fs/fat/ffsystem.32
                0x00000000c00085c4                ff_memalloc
                0x00000000c00085dc                ff_memfree
 *fill*         0x00000000c00085f3        0x1 
 .text          0x00000000c00085f4      0x274 fs/fat/ffunicode.32
                0x00000000c00085f4                ff_uni2oem
                0x00000000c000868c                ff_oem2uni
                0x00000000c0008700                ff_wtoupper
 .text          0x00000000c0008868       0xa7 compat/inlines.32
                0x00000000c0008868                CPU::current()
                0x00000000c0008874                operator new(unsigned long)
                0x00000000c0008879                operator delete(void*)
                0x00000000c000887e                disableIRQs()
                0x00000000c0008886                enableIRQs()
                0x00000000c0008895                lockScheduler()
                0x00000000c000889d                unlockScheduler()
                0x00000000c00088ac                lockStuff()
                0x00000000c00088ba                unlockStuff()
                0x00000000c00088f4                Virt::getAKernelVAS()
                0x00000000c00088fa                __not_memcpy
 *fill*         0x00000000c000890f        0x1 
 .text          0x00000000c0008910      0x118 compat/resolve.32
                0x00000000c0008910                Krnl::resolveCompatibilitySymbol(char*)
 .text          0x00000000c0008a28      0x7f7 core/computer.32
                0x00000000c0008a28                Computer::close(int, int, void*)
                0x00000000c0008a6c                Krnl::firstTask()
                0x00000000c0008bba                Computer::Computer()
                0x00000000c0008bba                Computer::Computer()
                0x00000000c0008d16                Computer::setBootMessage(char const*)
                0x00000000c0008d18                Computer::detectFeatures()
                0x00000000c0008f22                Computer::displayFeatures()
                0x00000000c0008f24                Computer::rdmsr(unsigned int)
                0x00000000c0008f50                Computer::wrmsr(unsigned int, unsigned long long)
                0x00000000c0008f88                Computer::nmiEnabled()
                0x00000000c0008f94                Computer::readCMOS(unsigned char)
                0x00000000c0008fae                Computer::enableNMI(bool)
                0x00000000c0008fc6                Computer::open(int, int, void*)
                0x00000000c0009162                Computer::disableNMI()
                0x00000000c0009170                Computer::writeCMOS(unsigned char, unsigned char)
                0x00000000c000918e                Computer::handleNMI()
                0x00000000c00091f4                Computer::setDiskActivityLight(int, bool)
 *fill*         0x00000000c000921f        0x1 
 .text          0x00000000c0009220      0x19d core/gdt.32
                0x00000000c0009220                GDTEntry::setBase(unsigned int)
                0x00000000c000923c                GDTEntry::setLimit(unsigned int)
                0x00000000c000925a                GDT::GDT()
                0x00000000c000925a                GDT::GDT()
                0x00000000c0009270                GDT::addEntry(GDTEntry)
                0x00000000c0009292                GDT::getNumberOfEntries()
                0x00000000c000929a                GDT::flush()
                0x00000000c00092bc                GDT::setup()
 .text          0x00000000c00093bd       0x6b core/idle.32
                0x00000000c00093bd                idleFunction(void*)
 .text          0x00000000c0009428      0x464 core/idt.32
                0x00000000c0009428                IDTEntry::IDTEntry(bool)
                0x00000000c0009428                IDTEntry::IDTEntry(bool)
                0x00000000c000949a                IDTEntry::setOffset(unsigned int)
                0x00000000c00094b0                IDT::IDT()
                0x00000000c00094b0                IDT::IDT()
                0x00000000c00094b2                IDT::getPointerToInvalidOpcodeEntryForF00F()
                0x00000000c00094ba                IDT::addEntry(IDTEntry, int)
                0x00000000c00094d4                IDT::addEntry(int, void (*)(), bool)
                0x00000000c000950c                IDT::flush()
                0x00000000c0009526                IDT::setup()
 .text          0x00000000c000988c      0x191 core/kheap.32
                0x00000000c000988c                sbrk
                0x00000000c000992f                mmap
                0x00000000c0009945                munmap
                0x00000000c000995b                liballoc_lock()
                0x00000000c0009968                liballoc_unlock()
                0x00000000c000997c                liballoc_alloc(int)
                0x00000000c0009994                liballoc_free(void*, int)
                0x00000000c00099af                realloc
                0x00000000c00099c3                malloc
                0x00000000c00099d3                free
                0x00000000c00099e3                rfree
                0x00000000c00099f3                calloc
 .text          0x00000000c0009a1d      0x1b6 core/main.32
                0x00000000c0009a1d                Krnl::setBootMessage(char const*)
                0x00000000c0009a89                kernel_main
 .text          0x00000000c0009bd3      0x609 core/physmgr.32
                0x00000000c0009bd3                Phys::allocateDMA(unsigned long)
                0x00000000c0009cba                Phys::freeDMA(unsigned long, unsigned long)
                0x00000000c0009d00                Phys::setPageState(unsigned long, bool)
                0x00000000c0009d32                Phys::getPageState(unsigned long)
                0x00000000c0009d4e                Phys::freePage(unsigned long)
                0x00000000c0009dd1                Phys::allocatePage()
                0x00000000c0009ebc                Phys::allocateContiguousPages(int)
                0x00000000c0009f18                Phys::allowSegmentToBeUsed(unsigned long, unsigned long)
                0x00000000c0009f50                Phys::physicalMemorySetup(unsigned int)
 .text          0x00000000c000a1dc      0x273 core/pipe.32
                0x00000000c000a1dc                Pipe::isAtty()
                0x00000000c000a1e0                Pipe::~Pipe()
                0x00000000c000a1e0                Pipe::~Pipe()
                0x00000000c000a204                Pipe::~Pipe()
                0x00000000c000a22c                Pipe::read(unsigned long long, void*, int*)
                0x00000000c000a328                Pipe::write(unsigned long long, void*, int*)
                0x00000000c000a3e8                Pipe::Pipe(int)
                0x00000000c000a3e8                Pipe::Pipe(int)
 *fill*         0x00000000c000a44f        0x1 
 .text          0x00000000c000a450      0xb93 core/terminal.32
                0x00000000c000a450                VgaText::isAtty()
                0x00000000c000a454                VgaText::~VgaText()
                0x00000000c000a454                VgaText::~VgaText()
                0x00000000c000a478                VgaText::~VgaText()
                0x00000000c000a4a2                VgaText::read(unsigned long long, void*, int*)
                0x00000000c000a4c2                setTerminalScrollLock(bool)
                0x00000000c000a4c3                addToTerminalCycle(VgaText*)
                0x00000000c000a4e4                installVgaTextImplementation()
                0x00000000c000a4f9                scrollTerminalScrollLock(int)
                0x00000000c000a4fa                VgaText::updateTitle()
                0x00000000c000a538                VgaText::load()
                0x00000000c000a586                VgaText::updateCursor()
                0x00000000c000a59c                VgaText::doANSI_SGR(int)
                0x00000000c000a610                VgaText::setDefaultBgColour(VgaColour)
                0x00000000c000a620                VgaText::setDefaultFgColour(VgaColour)
                0x00000000c000a630                VgaText::setDefaultColours(VgaColour, VgaColour)
                0x00000000c000a650                VgaText::setTitleTextColour(VgaColour)
                0x00000000c000a660                VgaText::setTitleColour(VgaColour)
                0x00000000c000a670                VgaText::setTitle(char*)
                0x00000000c000a696                VgaText::combineColours(unsigned char, unsigned char)
                0x00000000c000a6a8                VgaText::scrollScreen()
                0x00000000c000a73c                VgaText::combineCharAndColour(char, unsigned char)
                0x00000000c000a74e                VgaText::writeCharacter(char, VgaColour, VgaColour, int, int)
                0x00000000c000a7aa                VgaText::getCursorX()
                0x00000000c000a7b2                VgaText::getCursorY()
                0x00000000c000a7ba                VgaText::setCursor(int, int)
                0x00000000c000a7d1                setActiveTerminal(VgaText*)
                0x00000000c000a833                doTerminalCycle()
                0x00000000c000a84e                VgaText::setCursorX(int)
                0x00000000c000a866                VgaText::setCursorY(int)
                0x00000000c000a87e                VgaText::incrementCursor(bool)
                0x00000000c000a8d2                VgaText::decrementCursor(bool)
                0x00000000c000a8f4                VgaText::putchar(char, VgaColour, VgaColour)
                0x00000000c000a9cc                VgaText::doUpdate()
                0x00000000c000a9da                VgaText::puts(char const*, VgaColour, VgaColour)
                0x00000000c000ab52                VgaText::clearScreen()
                0x00000000c000abac                VgaText::putchar(char)
                0x00000000c000ac98                VgaText::putx(unsigned int)
                0x00000000c000acde                VgaText::puts(char const*)
                0x00000000c000ad04                VgaText::VgaText(char const*)
                0x00000000c000ad04                VgaText::VgaText(char const*)
                0x00000000c000ae82                VgaText::receiveKey(unsigned char)
                0x00000000c000af6a                VgaText::write(unsigned long long, void*, int*)
                0x00000000c000afbe                newTerminal(char*)
 *fill*         0x00000000c000afe3        0x1 
 .text          0x00000000c000afe4      0x1a1 core/tss.32
                0x00000000c000afe4                TSS::TSS()
                0x00000000c000afe4                TSS::TSS()
                0x00000000c000aff4                TSS::setESP(unsigned long)
                0x00000000c000b008                TSS::flush()
                0x00000000c000b028                TSS::setup(unsigned long, unsigned long)
 *fill*         0x00000000c000b185        0x1 
 .text          0x00000000c000b186      0x4c2 core/unixfile.32
                0x00000000c000b186                ReservedFilename::read(unsigned long long, void*, int*)
                0x00000000c000b1dc                ReservedFilename::isAtty()
                0x00000000c000b1f8                ReservedFilename::write(unsigned long long, void*, int*)
                0x00000000c000b256                UnixFile::getFileDescriptor()
                0x00000000c000b25e                UnixFile::UnixFile(int)
                0x00000000c000b25e                UnixFile::UnixFile(int)
                0x00000000c000b40e                ReservedFilename::ReservedFilename(int)
                0x00000000c000b40e                ReservedFilename::ReservedFilename(int)
                0x00000000c000b440                UnixFile::~UnixFile()
                0x00000000c000b440                UnixFile::~UnixFile()
                0x00000000c000b4d8                UnixFile::~UnixFile()
                0x00000000c000b500                ReservedFilename::~ReservedFilename()
                0x00000000c000b500                ReservedFilename::~ReservedFilename()
                0x00000000c000b524                ReservedFilename::~ReservedFilename()
                0x00000000c000b54b                getFromFileDescriptor(int)
 .text          0x00000000c000b648     0x12c4 core/virtmgr.32
                0x00000000c000b648                Virt::setPageState(unsigned long, Virt::VirtPageState)
                0x00000000c000b67d                Virt::getPageState(unsigned long)
                0x00000000c000b6a1                Virt::allocateKernelVirtualPages(int)
                0x00000000c000b7b2                Virt::freeSwapfilePage(unsigned long)
                0x00000000c000b7d0                Virt::swapIDToSector(unsigned long)
                0x00000000c000b7e2                Virt::allocateSwapfilePage()
                0x00000000c000b860                Virt::virtualMemorySetup()
                0x00000000c000b8ab                Virt::setupPageSwapping(int)
                0x00000000c000b91c                VAS::VAS()
                0x00000000c000b91c                VAS::VAS()
                0x00000000c000b958                VAS::VAS(VAS*)
                0x00000000c000b958                VAS::VAS(VAS*)
                0x00000000c000b986                VAS::getForeignPageTableEntry(bool, unsigned long)
                0x00000000c000b9b2                VAS::getPageTableEntry(unsigned long)
                0x00000000c000b9d1                Virt::freeKernelVirtualPages(unsigned long)
                0x00000000c000baf4                VAS::freeAllocatedPages(unsigned long)
                0x00000000c000bb18                VAS::virtualToPhysical(unsigned long)
                0x00000000c000bb30                VAS::reflagRange(unsigned long, int, int, int)
                0x00000000c000bb70                VAS::setToWriteCombining(unsigned long, int)
                0x00000000c000bba2                VAS::mapOtherVASIn(bool, VAS*)
                0x00000000c000bbcc                VAS::~VAS()
                0x00000000c000bbcc                VAS::~VAS()
                0x00000000c000bd48                VAS::mapPage(unsigned long, unsigned long, int)
                0x00000000c000be4a                VAS::allocatePages(int, int)
                0x00000000c000c022                VAS::setCPUSpecific(unsigned long)
                0x00000000c000c03e                VAS::mapRange(unsigned long, unsigned long, int, int)
                0x00000000c000c104                VAS::mapForeignPage(bool, VAS*, unsigned long, unsigned long, int)
                0x00000000c000c1f2                VAS::VAS(bool)
                0x00000000c000c1f2                VAS::VAS(bool)
                0x00000000c000c472                VAS::evict(unsigned long)
                0x00000000c000c57a                VAS::tryLoadBackOffDisk(unsigned long)
                0x00000000c000c702                VAS::scanForEviction()
                0x00000000c000c7e0                mapVASFirstTime
 .text          0x00000000c000c90c       0x95 coreobjs/c++.32
                0x00000000c000c90c                __cxa_atexit
                0x00000000c000c90f                __cxa_finalize
                0x00000000c000c910                __stack_chk_fail
                0x00000000c000c97c                __cxa_pure_virtual
                0x00000000c000c98d                operator new[](unsigned long)
                0x00000000c000c992                operator delete(void*, unsigned long)
                0x00000000c000c997                operator delete[](void*)
                0x00000000c000c99c                operator delete[](void*, unsigned long)
 .text          0x00000000c000c9a1      0x1fc dbg/kconsole.32
                0x00000000c000c9a1                Dbg::stringifyxWithBase(unsigned int, char*, int)
                0x00000000c000c9fa                Dbg::logc(char)
                0x00000000c000ca1a                Dbg::logs(char*)
                0x00000000c000ca37                Dbg::logWriteInt(unsigned int)
                0x00000000c000ca54                Dbg::logWriteIntBase(unsigned int, int)
                0x00000000c000ca73                Dbg::kprintf(char const*, ...)
 *fill*         0x00000000c000cb9d        0x1 
 .text          0x00000000c000cb9e      0xb82 fs/vfs.32
                0x00000000c000cb9e                File::read(unsigned long long, void*, int*)
                0x00000000c000cbf6                File::write(unsigned long long, void*, int*)
                0x00000000c000cc4e                Directory::read(unsigned long long, void*, int*)
                0x00000000c000cca6                Directory::write(unsigned long long, void*, int*)
                0x00000000c000ccd4                File::isAtty()
                0x00000000c000ccd8                Directory::isAtty()
                0x00000000c000ccdc                Filesystem::getlabel(LogicalDisk*, int, char*, unsigned int*)
                0x00000000c000cce2                Filesystem::setlabel(LogicalDisk*, int, char*)
                0x00000000c000cce8                Filesystem::allocateSwapfile(char const*, int)
                0x00000000c000ccee                File::~File()
                0x00000000c000ccee                File::~File()
                0x00000000c000cd12                File::~File()
                0x00000000c000cd3c                Directory::~Directory()
                0x00000000c000cd3c                Directory::~Directory()
                0x00000000c000cd60                Directory::~Directory()
                0x00000000c000cd8a                Filesystem::Filesystem()
                0x00000000c000cd8a                Filesystem::Filesystem()
                0x00000000c000cdae                Filesystem::~Filesystem()
                0x00000000c000cdae                Filesystem::~Filesystem()
                0x00000000c000cdbc                Filesystem::~Filesystem()
                0x00000000c000cde0                Fs::getcwd(Process*, char*, int)
                0x00000000c000ce0a                Fs::initVFS()
                0x00000000c000ce34                Fs::standardiseFiles(char*, char const*, char const*)
                0x00000000c000cfde                File::File(char const*, Process*)
                0x00000000c000cfde                File::File(char const*, Process*)
                0x00000000c000d042                File::open(FileOpenMode)
                0x00000000c000d0a0                File::close()
                0x00000000c000d100                File::seek(unsigned long long)
                0x00000000c000d156                File::tell(unsigned long long*)
                0x00000000c000d1a6                File::rewind()
                0x00000000c000d1ba                File::unlink()
                0x00000000c000d206                File::rename(char const*)
                0x00000000c000d254                File::chfatattr(unsigned char, unsigned char)
                0x00000000c000d2b0                File::exists()
                0x00000000c000d2ee                File::stat(unsigned long long*, bool*)
                0x00000000c000d34f                Fs::setcwd(Process*, char*)
                0x00000000c000d48a                Directory::Directory(char const*, Process*)
                0x00000000c000d48a                Directory::Directory(char const*, Process*)
                0x00000000c000d4ee                Directory::open()
                0x00000000c000d54a                Directory::close()
                0x00000000c000d5aa                Directory::unlink()
                0x00000000c000d5f6                Directory::rename(char const*)
                0x00000000c000d644                Directory::exists()
                0x00000000c000d682                Directory::read(dirent*)
                0x00000000c000d6ce                Directory::create()
                0x00000000c000d71a                Filesystem::chfatattr(char const*, unsigned char, unsigned char)
 .text          0x00000000c000d720       0x86 hal/bus.32
                0x00000000c000d720                Bus::Bus(char const*)
                0x00000000c000d720                Bus::Bus(char const*)
                0x00000000c000d758                Bus::~Bus()
                0x00000000c000d758                Bus::~Bus()
                0x00000000c000d77c                Bus::~Bus()
 *fill*         0x00000000c000d7a6        0x2 
 .text          0x00000000c000d7a8      0x153 hal/buzzer.32
                0x00000000c000d7a8                Buzzer::Buzzer(char const*)
                0x00000000c000d7a8                Buzzer::Buzzer(char const*)
                0x00000000c000d7ec                Buzzer::~Buzzer()
                0x00000000c000d7ec                Buzzer::~Buzzer()
                0x00000000c000d810                Buzzer::~Buzzer()
                0x00000000c000d83a                Buzzer::stop()
                0x00000000c000d84d                beepThread(void*)
                0x00000000c000d88e                Buzzer::beep(int, int, bool)
 *fill*         0x00000000c000d8fb        0x1 
 .text          0x00000000c000d8fc      0x467 hal/clock.32
                0x00000000c000d8fc                User::loadClockSettings(int)
                0x00000000c000d94e                Clock::Clock(char const*)
                0x00000000c000d94e                Clock::Clock(char const*)
                0x00000000c000d984                Clock::~Clock()
                0x00000000c000d984                Clock::~Clock()
                0x00000000c000d9a8                Clock::~Clock()
                0x00000000c000d9d2                Clock::timeInSecondsLocal()
                0x00000000c000da1a                Clock::setTimeInSecondsLocal(unsigned long long)
                0x00000000c000da73                datetimeToSeconds(datetime_t)
                0x00000000c000db9a                Clock::setTimeInDatetimeLocal(datetime_t)
                0x00000000c000dbfa                secondsToDatetime(unsigned long long)
                0x00000000c000dd3e                Clock::timeInDatetimeLocal()
 *fill*         0x00000000c000dd63        0x1 
 .text          0x00000000c000dd64      0x504 hal/device.32
                0x00000000c000dd64                Device::hibernate()
                0x00000000c000dd66                Device::wake()
                0x00000000c000dd68                Device::detect()
                0x00000000c000dd6a                Device::disableLegacy()
                0x00000000c000dd6c                Device::powerSaving(PowerSavingLevel)
                0x00000000c000dd6e                DriverlessDevice::close(int, int, void*)
                0x00000000c000dd72                DriverlessDevice::detect()
                0x00000000c000dd74                DriverlessDevice::open(int, int, void*)
                0x00000000c000dd88                Device::~Device()
                0x00000000c000dd88                Device::~Device()
                0x00000000c000dd96                Device::~Device()
                0x00000000c000ddbe                Device::findAndLoadDriver()
                0x00000000c000ddcc                Device::preOpenPCI(PCIDeviceInfo)
                0x00000000c000ddf2                Device::preOpenACPI(void*, char*, char*)
                0x00000000c000de32                Device::addIRQHandler(int, void (*)(regs*, void*), bool, void*)
                0x00000000c000de70                Device::getParent()
                0x00000000c000de7c                Device::removeIRQHandler(int, void (*)(regs*, void*), bool)
                0x00000000c000deba                Device::addChild(Device*)
                0x00000000c000defe                Device::removeAllChildren()
                0x00000000c000df44                Device::hibernateAll()
                0x00000000c000df74                Device::wakeAll()
                0x00000000c000dfa4                Device::detectAll()
                0x00000000c000dfd4                Device::disableLegacyAll()
                0x00000000c000e004                Device::loadDriversForAll()
                0x00000000c000e044                Device::closeAll()
                0x00000000c000e07a                Device::powerSavingAll(PowerSavingLevel)
                0x00000000c000e0b0                Device::setName(char const*)
                0x00000000c000e0be                Device::Device(char const*)
                0x00000000c000e0be                Device::Device(char const*)
                0x00000000c000e1ba                Device::getName()
                0x00000000c000e1c4                DriverlessDevice::DriverlessDevice(char const*)
                0x00000000c000e1c4                DriverlessDevice::DriverlessDevice(char const*)
                0x00000000c000e1fa                Device::addToLinkedList(LinkedList<Device>&, DeviceType)
                0x00000000c000e23e                getDevicesOfType(DeviceType)
 .text          0x00000000c000e268       0x86 hal/diskctrl.32
                0x00000000c000e268                HardDiskController::HardDiskController(char const*)
                0x00000000c000e268                HardDiskController::HardDiskController(char const*)
                0x00000000c000e2a0                HardDiskController::~HardDiskController()
                0x00000000c000e2a0                HardDiskController::~HardDiskController()
                0x00000000c000e2c4                HardDiskController::~HardDiskController()
 .text          0x00000000c000e2ee       0xe2 hal/diskphys.32
                0x00000000c000e2ee                PhysicalDisk::eject()
                0x00000000c000e2f2                PhysicalDisk::PhysicalDisk(char const*, int)
                0x00000000c000e2f2                PhysicalDisk::PhysicalDisk(char const*, int)
                0x00000000c000e35a                PhysicalDisk::startCache()
                0x00000000c000e382                PhysicalDisk::~PhysicalDisk()
                0x00000000c000e382                PhysicalDisk::~PhysicalDisk()
                0x00000000c000e3a6                PhysicalDisk::~PhysicalDisk()
 .text          0x00000000c000e3d0      0x147 hal/fpu.32
                0x00000000c000e3d0                FPU::FPU(char const*)
                0x00000000c000e3d0                FPU::FPU(char const*)
                0x00000000c000e408                FPU::~FPU()
                0x00000000c000e408                FPU::~FPU()
                0x00000000c000e42c                FPU::~FPU()
                0x00000000c000e456                setupFPU()
 *fill*         0x00000000c000e517        0x1 
 .text          0x00000000c000e518     0x11e1 hal/intctrl.32
                0x00000000c000e518                InterruptController::uninstallISRHandler(int, void (*)(regs*, void*))
                0x00000000c000e550                InterruptController::installISRHandler(int, void (*)(regs*, void*), void*)
                0x00000000c000e5a2                doubleFault(regs*, void*)
                0x00000000c000e5bc                InterruptController::installIRQHandler(int, void (*)(regs*, void*), bool, void*)
                0x00000000c000e658                InterruptController::clearAllHandlers(int, bool)
                0x00000000c000e700                InterruptController::uninstallIRQHandler(int, void (*)(regs*, void*), bool)
                0x00000000c000e787                nmiHandler(regs*, void*)
                0x00000000c000e795                int_handler
                0x00000000c000e836                InterruptController::InterruptController(char const*)
                0x00000000c000e836                InterruptController::InterruptController(char const*)
                0x00000000c000e8dc                InterruptController::~InterruptController()
                0x00000000c000e8dc                InterruptController::~InterruptController()
                0x00000000c000e900                InterruptController::~InterruptController()
                0x00000000c000e92a                displayDebugInfo(regs*)
                0x00000000c000edb9                x87EmulHandler(regs*, void*)
                0x00000000c000ee2c                gpFault(regs*, void*)
                0x00000000c000ee65                pgFault(regs*, void*)
                0x00000000c000eeb4                otherISRHandler(regs*, void*)
                0x00000000c000eed3                opcodeFault(regs*, void*)
                0x00000000c000f296                displayProgramFault(char const*)
                0x00000000c000f2be                setupInterruptController()
                0x00000000c000f6ac                InterruptController::convertLegacyIRQNumber(int)
 *fill*         0x00000000c000f6f9        0x1 
 .text          0x00000000c000f6fa      0x784 hal/keybrd.32
                0x00000000c000f6fa                startGUI(void*)
                0x00000000c000f766                startGUIVESA(void*)
                0x00000000c000f7d2                sendKeyToTerminal(unsigned char)
                0x00000000c000f890                sendKeyboardToken(KeyboardToken)
                0x00000000c000fccd                clearInternalKeybuffer(VgaText*)
                0x00000000c000fd02                readKeyboard(VgaText*, char*, unsigned long)
                0x00000000c000fdf4                Keyboard::Keyboard(char const*)
                0x00000000c000fdf4                Keyboard::Keyboard(char const*)
                0x00000000c000fe30                Keyboard::~Keyboard()
                0x00000000c000fe30                Keyboard::~Keyboard()
                0x00000000c000fe54                Keyboard::~Keyboard()
 .text          0x00000000c000fe7e      0x3ea hal/logidisk.32
                0x00000000c000fe7e                LogicalDisk::close(int, int, void*)
                0x00000000c000fe82                LogicalDisk::~LogicalDisk()
                0x00000000c000fe82                LogicalDisk::~LogicalDisk()
                0x00000000c000fea6                LogicalDisk::~LogicalDisk()
                0x00000000c000fed0                LogicalDisk::open(int, int, void*)
                0x00000000c000fee4                LogicalDisk::absoluteToRelative(unsigned long long)
                0x00000000c000ff1c                LogicalDisk::relativeToAbsolute(unsigned long long)
                0x00000000c000ff62                LogicalDisk::LogicalDisk(char const*, PhysicalDisk*, unsigned long long, unsigned long long)
                0x00000000c000ff62                LogicalDisk::LogicalDisk(char const*, PhysicalDisk*, unsigned long long, unsigned long long)
                0x00000000c0010018                LogicalDisk::assignDriveLetter()
                0x00000000c00100ce                LogicalDisk::mount()
                0x00000000c0010116                LogicalDisk::unmount()
                0x00000000c0010126                LogicalDisk::eject()
                0x00000000c001013a                LogicalDisk::unassignDriveLetter()
                0x00000000c0010190                LogicalDisk::read(unsigned long long, int, void*)
                0x00000000c00101fc                LogicalDisk::write(unsigned long long, int, void*)
 .text          0x00000000c0010268       0x86 hal/mouse.32
                0x00000000c0010268                Mouse::Mouse(char const*)
                0x00000000c0010268                Mouse::Mouse(char const*)
                0x00000000c00102a0                Mouse::~Mouse()
                0x00000000c00102a0                Mouse::~Mouse()
                0x00000000c00102c4                Mouse::~Mouse()
 .text          0x00000000c00102ee      0x339 hal/partition.32
                0x00000000c00102ee                makePartition(PhysicalDisk*, unsigned long long, unsigned long long)
                0x00000000c0010396                createPartitionsForDisk(PhysicalDisk*)
 *fill*         0x00000000c0010627        0x1 
 .text          0x00000000c0010628       0x86 hal/serial.32
                0x00000000c0010628                Serial::Serial(char const*)
                0x00000000c0010628                Serial::Serial(char const*)
                0x00000000c0010660                Serial::~Serial()
                0x00000000c0010660                Serial::~Serial()
                0x00000000c0010684                Serial::~Serial()
 *fill*         0x00000000c00106ae        0x2 
 .text          0x00000000c00106b0      0x2f2 hal/timer.32
                0x00000000c00106b0                Timer::Timer(char const*)
                0x00000000c00106b0                Timer::Timer(char const*)
                0x00000000c00106e8                Timer::~Timer()
                0x00000000c00106e8                Timer::~Timer()
                0x00000000c001070c                Timer::~Timer()
                0x00000000c0010736                Timer::read()
                0x00000000c0010741                timerHandler(unsigned int)
                0x00000000c00108a8                setupTimer(int)
 *fill*         0x00000000c00109a2        0x2 
 .text          0x00000000c00109a4      0x4af hal/vcache.32
                0x00000000c00109a4                VCache::VCache(PhysicalDisk*)
                0x00000000c00109a4                VCache::VCache(PhysicalDisk*)
                0x00000000c0010b0c                VCache::invalidateReadBuffer()
                0x00000000c0010b1c                VCache::writeWriteBuffer()
                0x00000000c0010b68                VCache::~VCache()
                0x00000000c0010b68                VCache::~VCache()
                0x00000000c0010bbc                VCache::~VCache()
                0x00000000c0010be4                VCache::write(unsigned long long, int, void*)
                0x00000000c0010d28                VCache::read(unsigned long long, int, void*)
 *fill*         0x00000000c0010e53        0x1 
 .text          0x00000000c0010e54      0x4b3 hal/video.32
                0x00000000c0010e54                Video::putrect(int, int, int, int, unsigned int)
                0x00000000c0010ea0                Video::bitblit(int, int, int, int, int, int, int, unsigned int*)
                0x00000000c0010f10                Video::blit(unsigned int*, int, int, int, int)
                0x00000000c0010f8e                Video::clearScreen(unsigned int)
                0x00000000c0010fc2                Video::putpixel(int, int, unsigned int)
                0x00000000c0010fd0                Video::Video(char const*)
                0x00000000c0010fd0                Video::Video(char const*)
                0x00000000c0011006                Video::~Video()
                0x00000000c0011006                Video::~Video()
                0x00000000c001102a                Video::~Video()
                0x00000000c0011054                Video::isMonochrome()
                0x00000000c0011060                Video::getWidth()
                0x00000000c001106c                Video::getHeight()
                0x00000000c0011078                Video::drawCursor(int, int, unsigned char*, int)
                0x00000000c0011134                Video::tgaParse(unsigned char*, int, int*, int*)
                0x00000000c001129c                Video::putTGA(int, int, unsigned char*, int)
 *fill*         0x00000000c0011307        0x1 
 .text          0x00000000c0011308     0x141b hw/acpi.32
                0x00000000c0011308                ACPI::close(int, int, void*)
                0x00000000c00113bc                findRSDP()
                0x00000000c0011490                loadACPITables(unsigned char*)
                0x00000000c00116f4                findRSDT(unsigned char*)
                0x00000000c00118b4                findDataTable(unsigned char*, char*)
                0x00000000c001192c                scanMADT()
                0x00000000c0011e08                ACPI::ACPI()
                0x00000000c0011e08                ACPI::ACPI()
                0x00000000c0011e6c                ACPI::getPCIIRQAssignment(unsigned char, unsigned short, unsigned char)
                0x00000000c0011f54                ACPI::registerPCIIRQAssignment(void*, unsigned short, unsigned char, unsigned char)
                0x00000000c001201c                ACPI::setScreenBrightnessLevel(void*, int)
                0x00000000c0012024                ACPI::detectPCI()
                0x00000000c001223c                ACPI::writeSimpleBootFlag(SimpleBootFlagTable*)
                0x00000000c0012284                ACPI::sleep()
                0x00000000c00122a0                ACPI::open(int, int, void*)
 *fill*         0x00000000c0012723        0x1 
 .text          0x00000000c0012724     0x1525 hw/cpu.32
                0x00000000c0012724                CPU::close(int, int, void*)
                0x00000000c0012728                CPU::lookupAMDName(unsigned char, unsigned char)
                0x00000000c00128bc                CPU::lookupIntelName(unsigned char, unsigned char)
                0x00000000c0012b6a                CPU::AMD_K6_write_msr(unsigned int, unsigned int, unsigned int, CPU::REGS*)
                0x00000000c0012b86                CPU::AMD_K6_read_msr(unsigned int, CPU::REGS*)
                0x00000000c0012b9e                CPU::AMD_K6_writeback(int, int, int)
                0x00000000c0012c12                CPU::cpuid(int, unsigned long*, unsigned long*, unsigned long*, unsigned long*)
                0x00000000c0012c96                CPU::cpuidCheckEDX(unsigned int)
                0x00000000c0012cc4                CPU::cpuidCheckECX(unsigned int)
                0x00000000c0012cf2                CPU::cpuidCheckExtendedEBX(unsigned int)
                0x00000000c0012d20                CPU::cpuidCheckExtendedECX(unsigned int)
                0x00000000c0012d4e                CPU::CPU()
                0x00000000c0012d4e                CPU::CPU()
                0x00000000c0012ddc                CPU::displayFeatures()
                0x00000000c0012dde                CPU::detectFeatures()
                0x00000000c00137d0                CPU::setupSMEP()
                0x00000000c00137dc                CPU::setupUMIP()
                0x00000000c00137e6                CPU::setupTSC()
                0x00000000c00137f0                CPU::setupLargePages()
                0x00000000c00137fa                CPU::setupPAT()
                0x00000000c0013836                CPU::setupMTRR()
                0x00000000c0013838                CPU::setupGlobalPages()
                0x00000000c0013842                CPU::allowUsermodeDataAccess()
                0x00000000c0013854                CPU::prohibitUsermodeDataAccess()
                0x00000000c0013866                CPU::setupSMAP()
                0x00000000c0013874                CPU::setupFeatures()
                0x00000000c00138f4                CPU::open(int, int, void*)
                0x00000000c0013a4e                CPU::decodeAddress(regs*, int*, bool*, unsigned char*)
 .text          0x00000000c0013c49        0x0 hw/ports.32
 .text          0x00000000c0013c49      0x16a hw/smp.32
                0x00000000c0013c49                Krnl::smpEntry()
                0x00000000c0013c4b                Krnl::startCPU(int)
                0x00000000c0013d94                Krnl::startCPUs()
 *fill*         0x00000000c0013db3        0x1 
 .text          0x00000000c0013db4      0x581 krnl/env.32
                0x00000000c0013db4                EnvVarContainer::getEnv(char const*)
                0x00000000c0013df2                EnvVarContainer::setEnv(char const*, char const*)
                0x00000000c0013eb4                EnvVarContainer::deleteEnv(char const*)
                0x00000000c0013eb6                EnvVarContainer::loadFrom(char const*, char const*)
                0x00000000c001409c                EnvVarContainer::__loadSystem()
                0x00000000c00140b6                EnvVarContainer::__loadUser()
                0x00000000c00140b8                EnvVarContainer::EnvVarContainer(Process*)
                0x00000000c00140b8                EnvVarContainer::EnvVarContainer(Process*)
                0x00000000c00140da                EnvVarContainer::~EnvVarContainer()
                0x00000000c00140da                EnvVarContainer::~EnvVarContainer()
                0x00000000c001410a                Krnl::getEnv(Process*, char const*)
                0x00000000c001416f                Krnl::setEnvSystem(char const*, char const*)
                0x00000000c0014189                Krnl::setEnvUser(char const*, char const*)
                0x00000000c00141a8                Krnl::setEnvProcess(Process*, char const*, char const*)
                0x00000000c00141bb                Krnl::deleteEnvSystem(char const*)
                0x00000000c00141bc                Krnl::deleteEnvUser(char const*)
                0x00000000c00141bd                Krnl::deleteEnvProcess(Process*, char const*)
                0x00000000c00141be                Krnl::newProcessEnv(Process*)
                0x00000000c00141e0                Krnl::copyProcessEnv(Process*, Process*)
                0x00000000c001422c                Krnl::loadSystemEnv()
                0x00000000c001425a                Krnl::loadUserEnv()
                0x00000000c0014280                Krnl::flushEnv()
                0x00000000c0014281                Krnl::getProcessTotalEnvCount(Process*)
                0x00000000c00142a1                Krnl::getProcessEnvPair(Process*, int)
 .text          0x00000000c0014335      0x39c krnl/panic.32
                0x00000000c0014335                Krnl::panic(char const*)
 *fill*         0x00000000c00146d1        0x3 
 .text          0x00000000c00146d4      0x5a0 net/ethernet.32
                0x00000000c00146d4                Net::switchEndian16(unsigned short)
                0x00000000c00146f8                Net::switchEndian32(unsigned int)
                0x00000000c0014728                Net::crc32Calc(unsigned char*, int)
                0x00000000c00147cc                Net::wrapEthernetFrame(Net::UnwrappedEthernetFrame, unsigned char*)
                0x00000000c00149e8                Net::unwrapEthernetFrame(unsigned char*, int)
 .text          0x00000000c0014c74      0x50e reg/registry.32
                0x00000000c0014c74                Reg::findLineFromLoadedData(char*, char*, char*)
                0x00000000c0014dcc                Reg::getLineFromRegistry(char*, char*, char*, char*)
                0x00000000c0014f21                Reg::getLine(char*, char*, char*)
                0x00000000c0014f58                Reg::readInt(char*, char*, int*)
                0x00000000c0015043                Reg::readString(char*, char*, char*, int)
                0x00000000c00150c4                Reg::readBool(char*, char*, bool*)
                0x00000000c00150e9                Reg::readBoolWithDefault(char*, char*, bool)
                0x00000000c0015115                Reg::readIntWithDefault(char*, char*, int)
                0x00000000c0015141                Reg::readStringWithDefault(char*, char*, char*, int, char*)
 .text          0x00000000c0015182       0x36 sys/sc_eject.32
                0x00000000c0015182                Sys::eject(regs*)
 .text          0x00000000c00151b8       0x18 sys/sc_exit.32
                0x00000000c00151b8                Sys::exit(regs*)
 .text          0x00000000c00151d0       0x1f sys/sc_getcwd.32
                0x00000000c00151d0                Sys::getCwd(regs*)
 .text          0x00000000c00151ef        0xc sys/sc_getpid.32
                0x00000000c00151ef                Sys::getPID(regs*)
 .text          0x00000000c00151fb       0x1a sys/sc_getramdata.32
                0x00000000c00151fb                Sys::getRAMData(regs*)
 .text          0x00000000c0015215       0x84 sys/sc_getvgaptr.32
                0x00000000c0015215                Sys::getVGAPtr(regs*)
 .text          0x00000000c0015299       0xa8 sys/sc_loaddll.32
                0x00000000c0015299                Sys::loadDLL(regs*)
 .text          0x00000000c0015341       0x68 sys/sc_read.32
                0x00000000c0015341                Sys::read(regs*)
 .text          0x00000000c00153a9       0x55 sys/sc_sbrk.32
                0x00000000c00153a9                Sys::sbrk(regs*)
 .text          0x00000000c00153fe       0x1c sys/sc_setcwd.32
                0x00000000c00153fe                Sys::setCwd(regs*)
 .text          0x00000000c001541a       0x95 sys/sc_settime.32
                0x00000000c001541a                Sys::setTime(regs*)
 .text          0x00000000c00154af       0x4a sys/sc_timezone.32
                0x00000000c00154af                Sys::timezone(regs*)
 .text          0x00000000c00154f9       0x68 sys/sc_write.32
                0x00000000c00154f9                Sys::write(regs*)
 .text          0x00000000c0015561       0x62 sys/sc_wsbe.32
                0x00000000c0015561                Sys::wsbe(regs*)
 .text          0x00000000c00155c3       0x38 sys/sc_yield.32
                0x00000000c00155c3                Sys::yield(regs*)
 .text          0x00000000c00155fb      0xf8e sys/syscalls.32
                0x00000000c00155fb                sysCallSeekDir(regs*)
                0x00000000c0015600                sysCallTellDir(regs*)
                0x00000000c0015605                sysCallVerify(regs*)
                0x00000000c001560f                sysCallGetArgc(regs*)
                0x00000000c001561f                sysFormatDisk(regs*)
                0x00000000c0015689                sysSetDiskVolumeLabel(regs*)
                0x00000000c00156d3                sysGetDiskVolumeLabel(regs*)
                0x00000000c0015728                sysShutdown(regs*)
                0x00000000c0015786                sysCallRealpath(regs*)
                0x00000000c00157c9                sysCallReadDir(regs*)
                0x00000000c0015848                sysCallIsATTY(regs*)
                0x00000000c00158a2                sysCallSeek(regs*)
                0x00000000c00158f9                sysCallTell(regs*)
                0x00000000c0015965                sysCallSize(regs*)
                0x00000000c00159d7                sysCallSizeFromFilename(regs*)
                0x00000000c0015a86                sysCallClose(regs*)
                0x00000000c0015ae6                sysCallOpenDir(regs*)
                0x00000000c0015b5b                sysCallCloseDir(regs*)
                0x00000000c0015baf                sysCallMakeDir(regs*)
                0x00000000c0015c1f                sysCallWait(regs*)
                0x00000000c0015c39                sysCallNotImpl(regs*)
                0x00000000c0015c54                sysPanic(regs*)
                0x00000000c0015c6e                sysCallRmdir(regs*)
                0x00000000c0015cd2                sysCallUnlink(regs*)
                0x00000000c0015d36                sysCallGetArgv(regs*)
                0x00000000c0015d82                sysCallTTYName(regs*)
                0x00000000c0015e05                sysCallUSleep(regs*)
                0x00000000c0015e2e                sysCallSpawn(regs*)
                0x00000000c0015e96                sysCallGetEnv(regs*)
                0x00000000c0015f43                sysAppSettings(regs*)
                0x00000000c0016057                sysSetFatAttrib(regs*)
                0x00000000c00160c9                sysPipe(regs*)
                0x00000000c001610e                sysGetUnixTime(regs*)
                0x00000000c0016122                string_ends_with(char const*, char const*)
                0x00000000c001616a                sysCallOpen(regs*)
                0x00000000c0016352                Sys::loadSyscalls()
                0x00000000c0016547                Sys::systemCall(regs*, void*)
 .text          0x00000000c0016589     0x1203 thr/elf.32
                0x00000000c0016589                Thr::allocateMemoryForTask(Process*, File*, unsigned long, unsigned long, unsigned long)
                0x00000000c0016833                Thr::loadProgramIntoMemory(Process*, char const*)
                0x00000000c0016a49                Thr::runtimeReferenceHelper()
                0x00000000c0016a5c                Thr::getAddressOfKernelSymbol(char const*)
                0x00000000c0016aab                Thr::loadKernelSymbolTable(char const*)
                0x00000000c0016d69                Thr::loadDriverIntoMemory(char const*, unsigned long, bool)
                0x00000000c001749f                Thr::getDriverBaseFromAddress(unsigned long)
                0x00000000c00174d1                Thr::getDriverNameFromAddress(unsigned long)
                0x00000000c0017508                Thr::getDriverOffsetFromAddress(unsigned long)
                0x00000000c0017522                Thr::loadDLL(char const*, bool)
                0x00000000c0017753                Thr::executeDLL(unsigned long, void*)
 .text          0x00000000c001778c     0x12a9 thr/prcssthr.32
                0x00000000c001778c                userModeEntryPoint(void*)
                0x00000000c00177b4                changeTSS
                0x00000000c00177e4                switchToThread(ThreadControlBlock*)
                0x00000000c0017898                Process::addArgs(char**)
                0x00000000c00178f8                Process::Process(char const*, Process*, char**)
                0x00000000c00178f8                Process::Process(char const*, Process*, char**)
                0x00000000c0017ae4                Process::Process(bool, char const*, Process*, char**)
                0x00000000c0017ae4                Process::Process(bool, char const*, Process*, char**)
                0x00000000c0017c9c                taskStartupFunction
                0x00000000c0017ca8                Semaphore::Semaphore(int)
                0x00000000c0017ca8                Semaphore::Semaphore(int)
                0x00000000c0017cd8                Mutex::Mutex()
                0x00000000c0017cd8                Mutex::Mutex()
                0x00000000c0017cec                Process::createThread(void (*)(void*), void*, int)
                0x00000000c0017de4                Process::createUserThread()
                0x00000000c0017e00                setupMultitasking(void (*)())
                0x00000000c0017f08                schedule()
                0x00000000c0017f94                Semaphore::tryAcquire()
                0x00000000c0018060                Semaphore::assertLocked(char const*)
                0x00000000c00180d8                blockTaskWithSchedulerLockAlreadyHeld(TaskState)
                0x00000000c0018100                blockTask(TaskState)
                0x00000000c0018130                waitTask(int, int*, int)
                0x00000000c0018174                milliTenthSleepUntil(unsigned int)
                0x00000000c0018200                milliTenthSleep(unsigned int)
                0x00000000c0018210                sleep(unsigned int)
                0x00000000c001822c                Semaphore::acquire()
                0x00000000c00182e8                taskReturned
                0x00000000c0018324                Thr::processFromPID(int)
                0x00000000c00183c4                unblockTask(ThreadControlBlock*)
                0x00000000c0018468                cleanupTerminatedTask(ThreadControlBlock*)
                0x00000000c0018730                cleanerTaskFunction(void*)
                0x00000000c0018820                terminateTask(int)
                0x00000000c00188ec                Thr::terminateFromIRQ(int)
                0x00000000c00188f8                Semaphore::release()
 .text          0x00000000c0018a35      0xada vm86/vm8086.32
                0x00000000c0018a35                Vm::inbv(unsigned short)
                0x00000000c0018a48                Vm::outbv(unsigned short, unsigned char)
                0x00000000c0018a7e                Vm::realToLinear(unsigned short, unsigned short)
                0x00000000c0018a8e                Vm::getSegment(unsigned int)
                0x00000000c0018a96                Vm::getOffset(unsigned int)
                0x00000000c0018a9b                Vm::mainloop2()
                0x00000000c0018ad5                Vm::mainVm8086Loop(void*)
                0x00000000c0018ae5                Vm::mainloop3(unsigned long)
                0x00000000c0018b0b                Vm::initialise8086()
                0x00000000c0018b4e                Vm::finish8086()
                0x00000000c0018baf                Vm::getOutput8086(unsigned char*)
                0x00000000c0018bd4                Vm::start8086(char const*, unsigned short, unsigned short, unsigned short, unsigned short)
                0x00000000c0018d3c                Vm::doISR(regs*, int, unsigned char*, unsigned short, unsigned short)
                0x00000000c0018dc6                Vm::readByteFromReal(unsigned short, unsigned short)
                0x00000000c0018dd7                Vm::readWordFromReal(unsigned short, unsigned short)
                0x00000000c0018de9                Vm::readDwordFromReal(unsigned short, unsigned short)
                0x00000000c0018dfa                Vm::writeByteFromReal(unsigned short, unsigned short, unsigned char)
                0x00000000c0018e0f                Vm::writeWordFromReal(unsigned short, unsigned short, unsigned short)
                0x00000000c0018e25                Vm::writeDwordFromReal(unsigned short, unsigned short, unsigned int)
                0x00000000c0018e3a                Vm::faultHandler(regs*)
 *fill*         0x00000000c001950f        0x1 
 .text          0x00000000c0019510      0xfcd vm86/x87em.32
                0x00000000c0019510                Vm::fpuInternalTo32(unsigned long long)
                0x00000000c001956e                Vm::fpuInternalTo64(unsigned long long)
                0x00000000c0019577                Vm::fpu32ToInternal(unsigned int)
                0x00000000c00195bc                Vm::fpu64ToInternal(unsigned long long)
                0x00000000c00195c5                Vm::fpuFloatToLong(unsigned long long)
                0x00000000c0019624                Vm::fpuULongToFloat(unsigned long long)
                0x00000000c0019660                Vm::fpuLongToFloat(long long)
                0x00000000c00196bf                Vm::fpuGet0()
                0x00000000c00196c4                Vm::fpuGet1()
                0x00000000c00196cc                Vm::fpuGetPi()
                0x00000000c00196d4                Vm::fpuGetLog2E()
                0x00000000c00196ec                Vm::fpuGetLogE2()
                0x00000000c0019704                Vm::fpuGetLog210()
                0x00000000c001971c                Vm::fpuGetLog102()
                0x00000000c0019734                Vm::fpuIsSecondLarger(unsigned long long, unsigned long long)
                0x00000000c0019748                Vm::fpuAreEqual(unsigned long long, unsigned long long)
                0x00000000c001975e                Vm::fpuUnorderedCompare(unsigned long long, unsigned long long)
                0x00000000c00197b4                Vm::fpuAdd(unsigned long long, unsigned long long)
                0x00000000c00197c5                Vm::fpuAbs(unsigned long long)
                0x00000000c00197ce                Vm::fpuChs(unsigned long long)
                0x00000000c00197de                Vm::fpuSub(unsigned long long, unsigned long long)
                0x00000000c00197ed                Vm::fpuMultiply(unsigned long long, unsigned long long)
                0x00000000c001980c                Vm::fpuDivide(unsigned long long, unsigned long long)
                0x00000000c0019828                Vm::fpuSquare(unsigned long long)
                0x00000000c001983e                Vm::fpuGetReg(int)
                0x00000000c0019881                Vm::fpuSetReg(int, unsigned long long)
                0x00000000c00198cd                Vm::fpuPush(unsigned long long)
                0x00000000c001992b                Vm::fpuPop()
                0x00000000c001997e                Vm::x87Handler(regs*)
 *fill*         0x00000000c001a4dd        0x3 
 .text          0x00000000c001a4e0     0x13b7 fs/fat/vfslink.32
                0x00000000c001a4e0                FAT::getName()
                0x00000000c001a4e8                FAT::tell(void*, unsigned long long*)
                0x00000000c001a524                FAT::stat(void*, unsigned long long*)
                0x00000000c001a560                FAT::~FAT()
                0x00000000c001a560                FAT::~FAT()
                0x00000000c001a584                FAT::~FAT()
                0x00000000c001a5ac                FAT::getlabel(LogicalDisk*, int, char*, unsigned int*)
                0x00000000c001a650                FAT::setlabel(LogicalDisk*, int, char*)
                0x00000000c001a714                FAT::format(LogicalDisk*, int, char const*, int)
                0x00000000c001a8e8                FAT::tryMount(LogicalDisk*, int)
                0x00000000c001ab00                FAT::allocateSwapfile(char const*, int)
                0x00000000c001acbc                FAT::readDir(void*, unsigned long, void*, int*)
                0x00000000c001ae28                FAT::read(void*, unsigned long, void*, int*)
                0x00000000c001ae88                FAT::write(void*, unsigned long, void*, int*)
                0x00000000c001aee8                FAT::close(void*)
                0x00000000c001af3c                FAT::closeDir(void*)
                0x00000000c001af90                FAT::seek(void*, unsigned long long)
                0x00000000c001afec                fatWrapperReadDisk
                0x00000000c001b034                fatWrapperWriteDisk
                0x00000000c001b07c                fatWrapperIoctl
                0x00000000c001b18c                FAT::FAT()
                0x00000000c001b18c                FAT::FAT()
                0x00000000c001b1e0                FAT::fixFilepath(char*)
                0x00000000c001b21c                FAT::open(char const*, void**, FileOpenMode)
                0x00000000c001b350                FAT::openDir(char const*, void**)
                0x00000000c001b400                FAT::stat(char const*, unsigned long long*, bool*)
                0x00000000c001b4f4                FAT::unlink(char const*)
                0x00000000c001b574                FAT::chfatattr(char const*, unsigned char, unsigned char)
                0x00000000c001b6dc                FAT::rename(char const*, char const*)
                0x00000000c001b7a8                FAT::mkdir(char const*)
                0x00000000c001b828                FAT::exists(char const*)
 *fill*         0x00000000c001b897        0x1 
 .text          0x00000000c001b898      0xb75 fs/iso9660/vfslink.32
                0x00000000c001b898                ISO9660::format(LogicalDisk*, int, char const*, int)
                0x00000000c001b89e                ISO9660::seek(void*, unsigned long long)
                0x00000000c001b8ce                ISO9660::tell(void*, unsigned long long*)
                0x00000000c001b8f2                ISO9660::getName()
                0x00000000c001b8f8                ISO9660::stat(void*, unsigned long long*)
                0x00000000c001b91c                ISO9660::chfatattr(char const*, unsigned char, unsigned char)
                0x00000000c001b922                ISO9660::unlink(char const*)
                0x00000000c001b928                ISO9660::write(void*, unsigned long, void*, int*)
                0x00000000c001b92e                ISO9660::rename(char const*, char const*)
                0x00000000c001b934                ISO9660::mkdir(char const*)
                0x00000000c001b93a                ISO9660::close(void*)
                0x00000000c001b95c                ISO9660::closeDir(void*)
                0x00000000c001b97e                ISO9660::~ISO9660()
                0x00000000c001b97e                ISO9660::~ISO9660()
                0x00000000c001b9a2                ISO9660::~ISO9660()
                0x00000000c001b9c9                __memmem(unsigned char*, int, unsigned char*, int)
                0x00000000c001ba0b                readSectorFromCDROM(unsigned int, unsigned char*, char)
                0x00000000c001ba66                ISO9660::tryMount(LogicalDisk*, int)
                0x00000000c001bab6                ISO9660::read(void*, unsigned long, void*, int*)
                0x00000000c001bcba                ISO9660::readDir(void*, unsigned long, void*, int*)
                0x00000000c001bf34                readRoot(unsigned int*, unsigned int*, char)
                0x00000000c001bf88                readRecursively(char*, unsigned int, unsigned int, unsigned int*, unsigned int*, char, int*)
                0x00000000c001c15b                getFileData(char*, unsigned int*, unsigned int*, char, int*)
                0x00000000c001c1ea                ISO9660::open(char const*, void**, FileOpenMode)
                0x00000000c001c298                ISO9660::exists(char const*)
                0x00000000c001c2bc                ISO9660::stat(char const*, unsigned long long*, bool*)
                0x00000000c001c350                ISO9660::openDir(char const*, void**)
                0x00000000c001c3ea                ISO9660::ISO9660()
                0x00000000c001c3ea                ISO9660::ISO9660()
 *fill*         0x00000000c001c40d        0x1 
 .text          0x00000000c001c40e      0x2f0 hal/sound/sndcard.32
                0x00000000c001c40e                SoundCard::beginPlayback()
                0x00000000c001c41c                SoundCard::stopPlayback()
                0x00000000c001c42a                SoundCard::SoundCard(char const*)
                0x00000000c001c42a                SoundCard::SoundCard(char const*)
                0x00000000c001c4c8                SoundCard::~SoundCard()
                0x00000000c001c4c8                SoundCard::~SoundCard()
                0x00000000c001c4ec                SoundCard::~SoundCard()
                0x00000000c001c516                SoundCard::configureRates(int, int, int)
                0x00000000c001c546                SoundCard::getSamples16(int, short*)
                0x00000000c001c608                SoundCard::getSamples32(int, int*)
                0x00000000c001c68e                SoundCard::addChannel(SoundPort*)
                0x00000000c001c6ea                SoundCard::removeChannel(int)
 *fill*         0x00000000c001c6fe        0x2 
 .text          0x00000000c001c700      0x3fb hal/sound/sndport.32
                0x00000000c001c700                SoundPort::SoundPort(int, int, int, int)
                0x00000000c001c700                SoundPort::SoundPort(int, int, int, int)
                0x00000000c001c78c                SoundPort::~SoundPort()
                0x00000000c001c78c                SoundPort::~SoundPort()
                0x00000000c001c7c0                SoundPort::unpause()
                0x00000000c001c7cc                SoundPort::pause()
                0x00000000c001c7d8                SoundPort::getBufferUsed()
                0x00000000c001c7e0                SoundPort::getBufferSize()
                0x00000000c001c7e8                SoundPort::buffer16(short*, int)
                0x00000000c001c89c                SoundPort::buffer32(int*, int)
                0x00000000c001c948                SoundPort::unbufferAndAdd16(int, short*, SoundCard*)
                0x00000000c001ca44                SoundPort::unbufferAndAdd32(int, int*, SoundCard*)
 .text          0x00000000c001cafb        0x0 hw/bus/isa.32
 *fill*         0x00000000c001cafb        0x1 
 .text          0x00000000c001cafc      0xb87 hw/bus/pci.32
                0x00000000c001cafc                PCI::open(int, int, void*)
                0x00000000c001cb1a                PCI::close(int, int, void*)
                0x00000000c001cb1e                PCI::PCI()
                0x00000000c001cb1e                PCI::PCI()
                0x00000000c001cbb4                PCI::readBAR8(unsigned int, int)
                0x00000000c001cbd0                PCI::readBAR16(unsigned int, int)
                0x00000000c001cbee                PCI::readBAR32(unsigned int, int)
                0x00000000c001cc0a                PCI::writeBAR8(unsigned int, unsigned char, int)
                0x00000000c001cc2a                PCI::writeBAR16(unsigned int, unsigned short, int)
                0x00000000c001cc4c                PCI::writeBAR32(unsigned int, unsigned int, int)
                0x00000000c001cc6c                PCI::legacyMechanism(unsigned char, unsigned char, unsigned char, unsigned char)
                0x00000000c001ccda                PCI::pciReadWord(unsigned char, unsigned char, unsigned char, unsigned char)
                0x00000000c001cd82                PCI::getVendorID(unsigned char, unsigned char, unsigned char)
                0x00000000c001cda6                PCI::getHeaderType(unsigned char, unsigned char, unsigned char)
                0x00000000c001cdce                PCI::getClassCode(unsigned char, unsigned char, unsigned char)
                0x00000000c001ce18                PCI::getProgIF(unsigned char, unsigned char, unsigned char)
                0x00000000c001ce40                PCI::getRevisionID(unsigned char, unsigned char, unsigned char)
                0x00000000c001ce64                PCI::getInterruptNumber(unsigned char, unsigned char, unsigned char)
                0x00000000c001ce88                PCI::getSecondaryBus(unsigned char, unsigned char, unsigned char)
                0x00000000c001ceb0                PCI::getBARAddress(unsigned char, unsigned char, unsigned char, unsigned char)
                0x00000000c001cf14                PCI::pciWriteWord(unsigned char, unsigned char, unsigned char, unsigned char, unsigned short)
                0x00000000c001cffc                PCI::pciDetailsToFilepath(PCIDeviceInfo, char*)
                0x00000000c001d276                PCI::checkBus(unsigned char)
                0x00000000c001d29a                PCI::foundDevice(PCIDeviceInfo)
                0x00000000c001d40c                PCI::getDeviceData(unsigned char, unsigned char, unsigned char)
                0x00000000c001d5c4                PCI::checkDevice(unsigned char, unsigned char)
                0x00000000c001d630                PCI::detect()
 *fill*         0x00000000c001d683        0x1 
 .text          0x00000000c001d684      0xb4a hw/diskctrl/ide.32
                0x00000000c001d684                IDE::close(int, int, void*)
                0x00000000c001d688                IDE::IDE()
                0x00000000c001d688                IDE::IDE()
                0x00000000c001d6bc                IDE::prepareInterrupt(unsigned char)
                0x00000000c001d6ce                selectDrive(unsigned char, unsigned char)
                0x00000000c001d6d0                IDE::getBase(unsigned char)
                0x00000000c001d6e2                IDE::write(unsigned char, unsigned char, unsigned char)
                0x00000000c001d7a2                IDE::read(unsigned char, unsigned char)
                0x00000000c001d850                IDE::waitInterrupt(unsigned char)
                0x00000000c001d8b2                ideChannel0IRQHandler(regs*, void*)
                0x00000000c001d8ce                ideChannel1IRQHandler(regs*, void*)
                0x00000000c001d8ea                IDE::enableIRQs(unsigned char, bool)
                0x00000000c001d930                IDE::open(int, int, void*)
                0x00000000c001dd3e                IDE::readBuffer(unsigned char, unsigned char, unsigned int, unsigned int)
                0x00000000c001de0a                IDE::detect()
                0x00000000c001e0ca                IDE::printError(unsigned char, unsigned char, unsigned char)
                0x00000000c001e17a                IDE::polling(unsigned char, unsigned int)
 .text          0x00000000c001e1ce      0x336 hw/diskctrl/satabus.32
                0x00000000c001e1ce                SATABus::close(int, int, void*)
                0x00000000c001e1d2                SATABus::detect()
                0x00000000c001e1d4                SATABus::SATABus()
                0x00000000c001e1d4                SATABus::SATABus()
                0x00000000c001e25a                SATABus::findCmdslot(SATABus::tagHBA_PORT volatile*)
                0x00000000c001e2a2                SATABus::checkType(SATABus::tagHBA_PORT volatile*)
                0x00000000c001e2ea                SATABus::startCmd(SATABus::tagHBA_PORT volatile*)
                0x00000000c001e30a                SATABus::stopCmd(SATABus::tagHBA_PORT volatile*)
                0x00000000c001e334                SATABus::portRebase(SATABus::tagHBA_PORT volatile*, int)
                0x00000000c001e43a                SATABus::probePort(SATABus::tagHBA_MEM volatile*)
                0x00000000c001e4e4                SATABus::open(int, int, void*)
 .text          0x00000000c001e504      0x684 hw/diskphys/ata.32
                0x00000000c001e504                ATA::close(int, int, void*)
                0x00000000c001e528                ATA::powerSaving(PowerSavingLevel)
                0x00000000c001e52a                ATA::ATA()
                0x00000000c001e52a                ATA::ATA()
                0x00000000c001e558                ATA::flush(bool)
                0x00000000c001e5a2                ATA::readyForCommand()
                0x00000000c001e5ee                ATA::access(unsigned long long, int, void*, bool)
                0x00000000c001e9e4                ATA::read(unsigned long long, int, void*)
                0x00000000c001ea30                ATA::write(unsigned long long, int, void*)
                0x00000000c001ea92                ATA::detectCHS()
                0x00000000c001eabc                ATA::open(int, int, void*)
 .text          0x00000000c001eb88      0x5b9 hw/diskphys/atapi.32
                0x00000000c001eb88                ATAPI::write(unsigned long long, int, void*)
                0x00000000c001eb8e                ATAPI::close(int, int, void*)
                0x00000000c001ebb2                ATAPI::ATAPI()
                0x00000000c001ebb2                ATAPI::ATAPI()
                0x00000000c001ebe0                ATAPI::readyForCommand()
                0x00000000c001ec2c                ATAPI::sendPacket(unsigned char*, int, bool, unsigned short*, int)
                0x00000000c001eeec                ATAPI::diskRemoved()
                0x00000000c001ef08                ATAPI::eject()
                0x00000000c001ef50                ATAPI::diskInserted()
                0x00000000c001ef7e                ATAPI::detectMedia()
                0x00000000c001f03a                ATAPI::open(int, int, void*)
                0x00000000c001f0c2                ATAPI::read(unsigned long long, int, void*)
 *fill*         0x00000000c001f141        0x1 
 .text          0x00000000c001f142      0x41c hw/diskphys/sata.32
                0x00000000c001f142                SATA::close(int, int, void*)
                0x00000000c001f166                SATA::powerSaving(PowerSavingLevel)
                0x00000000c001f168                SATA::open(int, int, void*)
                0x00000000c001f212                SATA::SATA()
                0x00000000c001f212                SATA::SATA()
                0x00000000c001f240                SATA::access(unsigned long long, int, void*, bool)
                0x00000000c001f4a6                SATA::read(unsigned long long, int, void*)
                0x00000000c001f4f2                SATA::write(unsigned long long, int, void*)
 .text          0x00000000c001f55e      0x4fe hw/diskphys/satapi.32
                0x00000000c001f55e                SATAPI::write(unsigned long long, int, void*)
                0x00000000c001f564                SATAPI::close(int, int, void*)
                0x00000000c001f588                SATAPI::SATAPI()
                0x00000000c001f588                SATAPI::SATAPI()
                0x00000000c001f5b6                SATAPI::diskRemoved()
                0x00000000c001f5d2                SATAPI::diskInserted()
                0x00000000c001f600                SATAPI::sendPacket(unsigned char*, int, unsigned long long, unsigned short*, int)
                0x00000000c001f808                SATAPI::eject()
                0x00000000c001f850                SATAPI::detectMedia()
                0x00000000c001f912                SATAPI::open(int, int, void*)
                0x00000000c001f9ba                SATAPI::read(unsigned long long, int, void*)
 .text          0x00000000c001fa5c       0x94 hw/fpu/avx.32
                0x00000000c001fa5c                AVX::open(int, int, void*)
                0x00000000c001fa70                AVX::close(int, int, void*)
                0x00000000c001fa84                AVX::available()
                0x00000000c001fa98                AVX::save(void*)
                0x00000000c001fab0                AVX::load(void*)
                0x00000000c001fac8                AVX::AVX()
                0x00000000c001fac8                AVX::AVX()
 .text          0x00000000c001faf0       0x94 hw/fpu/mmx.32
                0x00000000c001faf0                MMX::available()
                0x00000000c001fb04                MMX::open(int, int, void*)
                0x00000000c001fb18                MMX::close(int, int, void*)
                0x00000000c001fb2c                MMX::save(void*)
                0x00000000c001fb44                MMX::load(void*)
                0x00000000c001fb5c                MMX::MMX()
                0x00000000c001fb5c                MMX::MMX()
 .text          0x00000000c001fb84       0x9c hw/fpu/sse.32
                0x00000000c001fb84                SSE::open(int, int, void*)
                0x00000000c001fb98                SSE::close(int, int, void*)
                0x00000000c001fbac                SSE::available()
                0x00000000c001fbc8                SSE::save(void*)
                0x00000000c001fbe0                SSE::load(void*)
                0x00000000c001fbf8                SSE::SSE()
                0x00000000c001fbf8                SSE::SSE()
 .text          0x00000000c001fc20       0x94 hw/fpu/x87.32
                0x00000000c001fc20                x87::open(int, int, void*)
                0x00000000c001fc34                x87::close(int, int, void*)
                0x00000000c001fc48                x87::available()
                0x00000000c001fc5c                x87::save(void*)
                0x00000000c001fc74                x87::load(void*)
                0x00000000c001fc8c                x87::x87()
                0x00000000c001fc8c                x87::x87()
 .text          0x00000000c001fcb4      0x71e hw/intctrl/apic.32
                0x00000000c001fcb4                APIC::disable()
                0x00000000c001fcb6                APIC::close(int, int, void*)
                0x00000000c001fcd8                IOAPIC::close(int, int, void*)
                0x00000000c001fcde                APIC::io_wait()
                0x00000000c001fce4                APIC::getBase()
                0x00000000c001fd26                APIC::eoi(unsigned char)
                0x00000000c001fd54                APIC::open(int, int, void*)
                0x00000000c001fea2                IOAPIC::IOAPIC()
                0x00000000c001fea2                IOAPIC::IOAPIC()
                0x00000000c001feca                APIC::APIC()
                0x00000000c001feca                APIC::APIC()
                0x00000000c001ffa6                IOAPIC::handlesGSIWithNumber(unsigned int)
                0x00000000c001ffd8                IOAPIC::read(int)
                0x00000000c0020000                IOAPIC::open(int, int, void*)
                0x00000000c00200f6                IOAPIC::write(int, int)
                0x00000000c0020122                IOAPIC::redirect(unsigned char, unsigned long long, unsigned char, bool, bool)
                0x00000000c002021c                APIC::installIRQHandler(int, void (*)(regs*, void*), bool, void*)
 .text          0x00000000c00203d2      0x3d3 hw/intctrl/pic.32
                0x00000000c00203d2                PIC::disable()
                0x00000000c0020400                PIC::close(int, int, void*)
                0x00000000c0020422                PIC::PIC()
                0x00000000c0020422                PIC::PIC()
                0x00000000c00204f8                PIC::ioWait()
                0x00000000c00204fe                PIC::getIRQReg(int)
                0x00000000c0020568                PIC::eoi(unsigned char)
                0x00000000c00205fa                PIC::remap()
                0x00000000c0020766                PIC::open(int, int, void*)
 *fill*         0x00000000c00207a5        0x3 
 .text          0x00000000c00207a8      0x240 hw/timer/apictimer.32
                0x00000000c00207a8                APICTimer::close(int, int, void*)
                0x00000000c00207b0                apicTimerHandler(regs*, void*)
                0x00000000c00207d8                APICTimer::write(int)
                0x00000000c00208c0                APICTimer::open(int, int, void*)
                0x00000000c00209c0                APICTimer::APICTimer()
                0x00000000c00209c0                APICTimer::APICTimer()
 .text          0x00000000c00209e8      0x1a3 hw/timer/pit.32
                0x00000000c00209e8                PIT::write(int)
                0x00000000c0020a68                pitHandler(regs*, void*)
                0x00000000c0020a8c                PIT::open(int, int, void*)
                0x00000000c0020adc                PIT::close(int, int, void*)
                0x00000000c0020b0c                PIT::PIT()
                0x00000000c0020b0c                PIT::PIT()
 *fill*         0x00000000c0020b8b        0x5 
 .text          0x00000000c0020b90       0x1e hw/fpu/x86/avx.32
                0x00000000c0020b90                avxDetect
                0x00000000c0020b96                avxSave
                0x00000000c0020b97                avxLoad
                0x00000000c0020b98                avxInit
                0x00000000c0020b99                avxClose
                0x00000000c0020b9a                wouldSheSayYes
 *fill*         0x00000000c0020bae        0x2 
 .text          0x00000000c0020bb0       0x35 hw/fpu/x86/sse.32
                0x00000000c0020bb0                absolutelyNoChanceInHell
                0x00000000c0020bb0                sseDetect
                0x00000000c0020bc8                sseSave
                0x00000000c0020bce                sseLoad
                0x00000000c0020bd4                sseInit
                0x00000000c0020be4                sseClose
 *fill*         0x00000000c0020be5        0xb 
 .text          0x00000000c0020bf0       0x4d hw/fpu/x86/x87.32
                0x00000000c0020bf6                x87Detect
                0x00000000c0020c11                x87Save
                0x00000000c0020c1a                x87Load
                0x00000000c0020c22                x87Init
                0x00000000c0020c3c                x87Close
 *fill*         0x00000000c0020c3d        0x3 
 .text          0x00000000c0020c40       0x25 /cygdrive/d/Users/Alex/Desktop/Toolchain/Output/bin/../lib/gcc/i386-banana/8.1.0/crtend.o
 .text          0x00000000c0020c65        0x0 crtn.32
 *fill*         0x00000000c0020c65        0x3 
 .text          0x00000000c0020c68      0x14b /cygdrive/d/Users/Alex/Desktop/Toolchain/Output/bin/../lib/gcc/i386-banana/8.1.0/libkgcc.a(_divdi3.o)
                0x00000000c0020c68                __divdi3
 *fill*         0x00000000c0020db3        0x1 
 .text          0x00000000c0020db4      0x17e /cygdrive/d/Users/Alex/Desktop/Toolchain/Output/bin/../lib/gcc/i386-banana/8.1.0/libkgcc.a(_moddi3.o)
                0x00000000c0020db4                __moddi3
 *fill*         0x00000000c0020f32        0x2 
 .text          0x00000000c0020f34       0xff /cygdrive/d/Users/Alex/Desktop/Toolchain/Output/bin/../lib/gcc/i386-banana/8.1.0/libkgcc.a(_udivdi3.o)
                0x00000000c0020f34                __udivdi3
 *fill*         0x00000000c0021033        0x1 
 .text          0x00000000c0021034      0x11a /cygdrive/d/Users/Alex/Desktop/Toolchain/Output/bin/../lib/gcc/i386-banana/8.1.0/libkgcc.a(_umoddi3.o)
                0x00000000c0021034                __umoddi3
 *(.gnu.linkonce.t*)

.iplt           0x00000000c0021150        0x0
 .iplt          0x00000000c0021150        0x0 D:/Users/Alex/Desktop/Banana/kernel/boot.32

.init           0x00000000c002114e        0xf
 .init          0x00000000c002114e        0x3 crti.32
                0x00000000c002114e                _init
 .init          0x00000000c0021151        0x5 /cygdrive/d/Users/Alex/Desktop/Toolchain/Output/bin/../lib/gcc/i386-banana/8.1.0/crtbegin.o
 .init          0x00000000c0021156        0x5 /cygdrive/d/Users/Alex/Desktop/Toolchain/Output/bin/../lib/gcc/i386-banana/8.1.0/crtend.o
 .init          0x00000000c002115b        0x2 crtn.32

.fini           0x00000000c002115d        0xa
 .fini          0x00000000c002115d        0x3 crti.32
                0x00000000c002115d                _fini
 .fini          0x00000000c0021160        0x5 /cygdrive/d/Users/Alex/Desktop/Toolchain/Output/bin/../lib/gcc/i386-banana/8.1.0/crtbegin.o
 .fini          0x00000000c0021165        0x2 crtn.32

.text._ZN8ComputerD2Ev
                0x00000000c0021168       0x23
 .text._ZN8ComputerD2Ev
                0x00000000c0021168       0x23 core/computer.32
                0x00000000c0021168                Computer::~Computer()
                0x00000000c0021168                Computer::~Computer()

.text._ZN8ComputerD0Ev
                0x00000000c002118c       0x2a
 .text._ZN8ComputerD0Ev
                0x00000000c002118c       0x2a core/computer.32
                0x00000000c002118c                Computer::~Computer()

.text._Z10idleCommonv
                0x00000000c00211b6       0x21
 .text._Z10idleCommonv
                0x00000000c00211b6       0x21 core/idle.32
                0x00000000c00211b6                idleCommon()

.text._ZN10LinkedListI8UnixFileED2Ev
                0x00000000c00211d8        0x2
 .text._ZN10LinkedListI8UnixFileED2Ev
                0x00000000c00211d8        0x2 core/unixfile.32
                0x00000000c00211d8                LinkedList<UnixFile>::~LinkedList()
                0x00000000c00211d8                LinkedList<UnixFile>::~LinkedList()

.text._ZN10LinkedListI8UnixFileEC2Ev
                0x00000000c00211da       0x42
 .text._ZN10LinkedListI8UnixFileEC2Ev
                0x00000000c00211da       0x42 core/unixfile.32
                0x00000000c00211da                LinkedList<UnixFile>::LinkedList()
                0x00000000c00211da                LinkedList<UnixFile>::LinkedList()

.text._ZN10LinkedListI8UnixFileE10addElementEPS0_
                0x00000000c002121c       0xd3
 .text._ZN10LinkedListI8UnixFileE10addElementEPS0_
                0x00000000c002121c       0xd3 core/unixfile.32
                0x00000000c002121c                LinkedList<UnixFile>::addElement(UnixFile*)

.text._ZN10LinkedListI8UnixFileE15getFirstElementEv
                0x00000000c00212f0        0x7
 .text._ZN10LinkedListI8UnixFileE15getFirstElementEv
                0x00000000c00212f0        0x7 core/unixfile.32
                0x00000000c00212f0                LinkedList<UnixFile>::getFirstElement()

.text._ZN10LinkedListI8UnixFileE11removeFirstEv
                0x00000000c00212f8       0xa1