Archive member included to satisfy reference by file (symbol)

/cygdrive/d/Users/Alex/Desktop/Toolchain/Output/bin/../lib/gcc/i386-banana/8.1.0/libkgcc.a(_divdi3.o)
                              compat/resolve.32 (__divdi3)
/cygdrive/d/Users/Alex/Desktop/Toolchain/Output/bin/../lib/gcc/i386-banana/8.1.0/libkgcc.a(_moddi3.o)
                              compat/resolve.32 (__moddi3)
/cygdrive/d/Users/Alex/Desktop/Toolchain/Output/bin/../lib/gcc/i386-banana/8.1.0/libkgcc.a(_udivdi3.o)
                              compat/resolve.32 (__udivdi3)
/cygdrive/d/Users/Alex/Desktop/Toolchain/Output/bin/../lib/gcc/i386-banana/8.1.0/libkgcc.a(_umoddi3.o)
                              compat/resolve.32 (__umoddi3)

Discarded input sections

 .comment       0x0000000000000000       0x12 /cygdrive/d/Users/Alex/Desktop/Toolchain/Output/bin/../lib/gcc/i386-banana/8.1.0/crtbegin.o
 .comment       0x0000000000000000       0x12 acpica/utclib.32
 .comment       0x0000000000000000       0x12 core/malloc.32
 .comment       0x0000000000000000       0x12 libk/string.32
 .comment       0x0000000000000000       0x12 fs/fat/diskio.32
 .comment       0x0000000000000000       0x12 fs/fat/ff.32
 .comment       0x0000000000000000       0x12 fs/fat/ffsystem.32
 .comment       0x0000000000000000       0x12 fs/fat/ffunicode.32
 .comment       0x0000000000000000       0x12 compat/inlines.32
 .comment       0x0000000000000000       0x12 compat/resolve.32
 .group         0x0000000000000000       0x14 core/computer.32
 .group         0x0000000000000000        0xc core/computer.32
 .comment       0x0000000000000000       0x12 core/computer.32
 .comment       0x0000000000000000       0x12 core/gdt.32
 .group         0x0000000000000000        0xc core/idle.32
 .comment       0x0000000000000000       0x12 core/idle.32
 .comment       0x0000000000000000       0x12 core/idt.32
 .comment       0x0000000000000000       0x12 core/kheap.32
 .comment       0x0000000000000000       0x12 core/main.32
 .comment       0x0000000000000000       0x12 core/physmgr.32
 .group         0x0000000000000000        0xc core/pipe.32
 .comment       0x0000000000000000       0x12 core/pipe.32
 .group         0x0000000000000000        0xc core/terminal.32
 .comment       0x0000000000000000       0x12 core/terminal.32
 .comment       0x0000000000000000       0x12 core/tss.32
 .group         0x0000000000000000        0x8 core/unixfile.32
 .group         0x0000000000000000        0x8 core/unixfile.32
 .group         0x0000000000000000        0xc core/unixfile.32
 .group         0x0000000000000000        0x8 core/unixfile.32
 .group         0x0000000000000000        0xc core/unixfile.32
 .group         0x0000000000000000        0x8 core/unixfile.32
 .group         0x0000000000000000        0xc core/unixfile.32
 .group         0x0000000000000000        0xc core/unixfile.32
 .comment       0x0000000000000000       0x12 core/unixfile.32
 .comment       0x0000000000000000       0x12 core/virtmgr.32
 .comment       0x0000000000000000       0x12 coreobjs/c++.32
 .comment       0x0000000000000000       0x12 dbg/kconsole.32
 .group         0x0000000000000000        0xc fs/vfs.32
 .group         0x0000000000000000        0xc fs/vfs.32
 .group         0x0000000000000000        0xc fs/vfs.32
 .comment       0x0000000000000000       0x12 fs/vfs.32
 .group         0x0000000000000000        0xc hal/bus.32
 .comment       0x0000000000000000       0x12 hal/bus.32
 .comment       0x0000000000000000       0x12 hal/buzzer.32
 .group         0x0000000000000000        0xc hal/clock.32
 .comment       0x0000000000000000       0x12 hal/clock.32
 .group         0x0000000000000000       0x14 hal/device.32
 .group         0x0000000000000000        0xc hal/device.32
 .group         0x0000000000000000        0x8 hal/device.32
 .group         0x0000000000000000        0xc hal/device.32
 .group         0x0000000000000000        0xc hal/device.32
 .comment       0x0000000000000000       0x12 hal/device.32
 .group         0x0000000000000000        0xc hal/diskctrl.32
 .comment       0x0000000000000000       0x12 hal/diskctrl.32
 .group         0x0000000000000000        0xc hal/diskphys.32
 .comment       0x0000000000000000       0x12 hal/diskphys.32
 .comment       0x0000000000000000       0x12 hal/fpu.32
 .comment       0x0000000000000000       0x12 hal/intctrl.32
 .group         0x0000000000000000        0xc hal/keybrd.32
 .comment       0x0000000000000000       0x12 hal/keybrd.32
 .group         0x0000000000000000        0xc hal/logidisk.32
 .comment       0x0000000000000000       0x12 hal/logidisk.32
 .group         0x0000000000000000        0xc hal/mouse.32
 .comment       0x0000000000000000       0x12 hal/mouse.32
 .comment       0x0000000000000000       0x12 hal/partition.32
 .group         0x0000000000000000        0xc hal/serial.32
 .comment       0x0000000000000000       0x12 hal/serial.32
 .group         0x0000000000000000        0x8 hal/timer.32
[...]
Memory Configuration

Name             Origin             Length             Attributes
*default*        0x0000000000000000 0xffffffffffffffff

Linker script and memory map

LOAD D:/Users/Alex/Desktop/Banana/kernel/boot.32
LOAD crti.32
LOAD /cygdrive/d/Users/Alex/Desktop/Toolchain/Output/bin/../lib/gcc/i386-banana/8.1.0/crtbegin.o
LOAD D:/Users/Alex/Desktop/Banana/kernel/morenasm.32
LOAD acpica/utclib.32
LOAD core/malloc.32
LOAD libk/string.32
LOAD fs/fat/diskio.32
LOAD fs/fat/ff.32
LOAD fs/fat/ffsystem.32
LOAD fs/fat/ffunicode.32
LOAD compat/inlines.32
LOAD compat/resolve.32
LOAD core/computer.32
LOAD core/gdt.32
LOAD core/idle.32
LOAD core/idt.32
LOAD core/kheap.32
LOAD core/main.32
LOAD core/physmgr.32
LOAD core/pipe.32
LOAD core/terminal.32
LOAD core/tss.32
LOAD core/unixfile.32
LOAD core/virtmgr.32
LOAD coreobjs/c++.32
LOAD dbg/kconsole.32
LOAD fs/vfs.32
LOAD hal/bus.32
LOAD hal/buzzer.32
LOAD hal/clock.32
LOAD hal/device.32
LOAD hal/diskctrl.32
LOAD hal/diskphys.32
LOAD hal/fpu.32
LOAD hal/intctrl.32
LOAD hal/keybrd.32
LOAD hal/logidisk.32
LOAD hal/mouse.32
LOAD hal/partition.32
LOAD hal/serial.32
LOAD hal/timer.32
LOAD hal/vcache.32
LOAD hal/video.32
LOAD hw/acpi.32
LOAD hw/cpu.32
LOAD hw/smp.32
LOAD krnl/env.32
LOAD krnl/panic.32
LOAD krnl/powctrl.32
LOAD reg/registry.32
LOAD sys/sc_eject.32
LOAD sys/sc_exit.32
LOAD sys/sc_getcwd.32
LOAD sys/sc_getpid.32
LOAD sys/sc_getramdata.32
LOAD sys/sc_getvgaptr.32
LOAD sys/sc_loaddll.32
LOAD sys/sc_read.32
LOAD sys/sc_sbrk.32
LOAD sys/sc_setcwd.32
LOAD sys/sc_settime.32
LOAD sys/sc_timezone.32
LOAD sys/sc_write.32
LOAD sys/sc_wsbe.32
LOAD sys/sc_yield.32
LOAD sys/syscalls.32
LOAD thr/elf.32
LOAD thr/prcssthr.32
LOAD vm86/vm8086.32
LOAD vm86/x87em.32
LOAD arch/i386/hal.32
LOAD arch/i386/pic.32
LOAD arch/i386/rtc.32
LOAD arch/i386/vga.32
LOAD fs/fat/vfslink.32
LOAD fs/iso9660/vfslink.32
LOAD hal/sound/sndcard.32
LOAD hal/sound/sndport.32
LOAD hw/bus/isa.32
LOAD hw/bus/pci.32
LOAD hw/diskctrl/ide.32
LOAD hw/diskctrl/satabus.32
LOAD hw/diskphys/ata.32
LOAD hw/diskphys/atapi.32
LOAD hw/diskphys/sata.32
LOAD hw/diskphys/satapi.32
LOAD hw/intctrl/apic.32
LOAD hw/timer/apictimer.32
LOAD hw/timer/pit.32
LOAD arch/i386/avx.32
LOAD arch/i386/interrupt.32
LOAD arch/i386/rdrand.32
LOAD arch/i386/sse.32
LOAD arch/i386/x87.32
LOAD /cygdrive/d/Users/Alex/Desktop/Toolchain/Output/bin/../lib/gcc/i386-banana/8.1.0/crtend.o
LOAD crtn.32
LOAD /cygdrive/d/Users/Alex/Desktop/Toolchain/Output/bin/../lib/gcc/i386-banana/8.1.0/libkgcc.a
LOAD D:/Users/Alex/Desktop/Banana/kernel/libsoftfp.a
LOAD D:/Users/Alex/Desktop/Banana/kernel/libk/libm32.a
                0x00000000c0000000                . = 0xc0000000

.text           0x00000000c0000000    0x1cbca
 *(.text)
 .text          0x00000000c0000000       0x41 D:/Users/Alex/Desktop/Banana/kernel/boot.32
                0x00000000c0000020                callGlobalConstructors
 .text          0x00000000c0000041        0x0 crti.32
 *fill*         0x00000000c0000041        0x3 
 .text          0x00000000c0000044      0x101 /cygdrive/d/Users/Alex/Desktop/Toolchain/Output/bin/../lib/gcc/i386-banana/8.1.0/crtbegin.o
 *fill*         0x00000000c0000145        0xb 
 .text          0x00000000c0000150      0x252 D:/Users/Alex/Desktop/Banana/kernel/morenasm.32
                0x00000000c0000150                manualPCIProbe
                0x00000000c000019b                prepareTramp
                0x00000000c00001b4                doTPAUSE
                0x00000000c00001be                hasLegacyFPU
                0x00000000c00001e3                is486
                0x00000000c0000219                detectCPUID
                0x00000000c000022f                goToVM86
                0x00000000c000025f                goToUsermode
                0x00000000c0000289                switchToThreadASMFirstTime
                0x00000000c0000297                switchToThreadASM
                0x00000000c000031f                asmQuickAcquireLock
                0x00000000c000033d                asmQuickReleaseLock
                0x00000000c0000349                asmAcquireLock
                0x00000000c000036a                asmReleaseLock
                0x00000000c000037d                loadGDT
                0x00000000c000039d                memcpy
 *fill*         0x00000000c00003a2        0xe 
 .text          0x00000000c00003b0      0x79e acpica/utclib.32
                0x00000000c00003b0                memcmp
                0x00000000c0000400                memmove
                0x00000000c00004f0                memset
                0x00000000c0000560                strlen
                0x00000000c0000590                strpbrk
                0x00000000c00005d0                strtok
                0x00000000c0000620                strcpy
                0x00000000c0000650                strncpy
                0x00000000c0000700                strcmp
                0x00000000c0000750                strchr
                0x00000000c0000780                strncmp
                0x00000000c00007e0                strcat
                0x00000000c0000810                strncat
                0x00000000c0000870                strstr
                0x00000000c00008d0                toupper
                0x00000000c00008f0                tolower
                0x00000000c0000910                simple_strtoul
 .text          0x00000000c0000b4e      0xfad core/malloc.32
                0x00000000c0000cb9                dlfree
                0x00000000c0001014                dlmalloc
                0x00000000c0001551                dlrealloc
                0x00000000c00016f4                dlmemalign
                0x00000000c0001817                dlcalloc
                0x00000000c00018b1                dlcfree
                0x00000000c00018b6                dlindependent_calloc
                0x00000000c00018db                dlindependent_comalloc
                0x00000000c00018f2                dlvalloc
                0x00000000c000191d                dlpvalloc
                0x00000000c0001953                dlmalloc_trim
                0x00000000c0001960                dlmalloc_usable_size
                0x00000000c0001991                dlmallinfo
                0x00000000c0001a60                dlmalloc_stats
                0x00000000c0001a71                dlmallopt
 .text          0x00000000c0001afb        0x0 libk/string.32
 .text          0x00000000c0001afb       0x51 fs/fat/diskio.32
                0x00000000c0001afb                disk_status
                0x00000000c0001afe                disk_initialize
                0x00000000c0001b01                disk_read
                0x00000000c0001b17                disk_write
                0x00000000c0001b2d                disk_ioctl
 .text          0x00000000c0001b4c     0x3d4b fs/fat/ff.32
                0x00000000c00038e8                f_mount
                0x00000000c000394a                f_open
                0x00000000c0003c15                f_read
                0x00000000c0003e14                f_write
                0x00000000c0004048                f_sync
                0x00000000c00040fd                f_close
                0x00000000c000412c                f_lseek
                0x00000000c00042d3                f_opendir
                0x00000000c000439e                f_closedir
                0x00000000c00043c0                f_readdir
                0x00000000c0004452                f_stat
                0x00000000c00044d1                f_getfree
                0x00000000c00045d3                f_truncate
                0x00000000c00046b7                f_unlink
                0x00000000c00047d9                f_mkdir
                0x00000000c0004974                f_rename
                0x00000000c0004b2a                f_chmod
                0x00000000c0004bd3                f_utime
                0x00000000c0004c81                f_getlabel
                0x00000000c0004dd2                f_setlabel
                0x00000000c0004f62                f_expand
                0x00000000c00050c2                f_mkfs
 *fill*         0x00000000c0005897        0x1 
 .text          0x00000000c0005898       0x2f fs/fat/ffsystem.32
                0x00000000c0005898                ff_memalloc
                0x00000000c00058b0                ff_memfree
 *fill*         0x00000000c00058c7        0x1 
 .text          0x00000000c00058c8      0x2a8 fs/fat/ffunicode.32
                0x00000000c00058c8                ff_uni2oem
                0x00000000c0005968                ff_oem2uni
                0x00000000c00059e0                ff_wtoupper
 .text          0x00000000c0005b70       0xa7 compat/inlines.32
                0x00000000c0005b70                CPU::current()
                0x00000000c0005b7c                operator new(unsigned long)
                0x00000000c0005b81                operator delete(void*)
                0x00000000c0005b86                disableIRQs()
                0x00000000c0005b8e                enableIRQs()
                0x00000000c0005b9d                lockScheduler()
                0x00000000c0005ba5                unlockScheduler()
                0x00000000c0005bb4                lockStuff()
                0x00000000c0005bc2                unlockStuff()
                0x00000000c0005bfc                Virt::getAKernelVAS()
                0x00000000c0005c02                __not_memcpy
 *fill*         0x00000000c0005c17        0x1 
 .text          0x00000000c0005c18      0x118 compat/resolve.32
                0x00000000c0005c18                Krnl::resolveCompatibilitySymbol(char*)
 .text          0x00000000c0005d30      0x77b core/computer.32
                0x00000000c0005d30                Computer::close(int, int, void*)
                0x00000000c0005d75                Krnl::firstTask()
                0x00000000c0005ebe                Computer::Computer()
                0x00000000c0005ebe                Computer::Computer()
                0x00000000c0006024                Computer::setBootMessage(char const*)
                0x00000000c0006026                Computer::detectFeatures()
                0x00000000c0006230                Computer::displayFeatures()
                0x00000000c0006232                Computer::rdmsr(unsigned int)
                0x00000000c000625e                Computer::wrmsr(unsigned int, unsigned long long)
                0x00000000c0006296                Computer::shutdown()
                0x00000000c00062ae                Computer::restart()
                0x00000000c00062c6                Computer::sleep()
                0x00000000c00062da                Computer::nmiEnabled()
                0x00000000c00062e6                Computer::readCMOS(unsigned char)
                0x00000000c0006300                Computer::enableNMI(bool)
                0x00000000c0006318                Computer::open(int, int, void*)
                0x00000000c00063ec                Computer::disableNMI()
                0x00000000c00063fc                Computer::writeCMOS(unsigned char, unsigned char)
                0x00000000c000641a                Computer::handleNMI()
                0x00000000c0006480                Computer::setDiskActivityLight(int, bool)
 *fill*         0x00000000c00064ab        0x1 
 .text          0x00000000c00064ac      0x211 core/gdt.32
                0x00000000c00064ac                GDTEntry::setBase(unsigned int)
                0x00000000c00064c8                GDTEntry::setLimit(unsigned int)
                0x00000000c00064e6                GDT::GDT()
                0x00000000c00064e6                GDT::GDT()
                0x00000000c00064fc                GDT::addEntry(GDTEntry)
                0x00000000c000651e                GDT::getNumberOfEntries()
                0x00000000c0006526                GDT::flush()
                0x00000000c0006548                GDT::setup()
 .text          0x00000000c00066bd       0x19 core/idle.32
                0x00000000c00066bd                idleFunction(void*)
 *fill*         0x00000000c00066d6        0x2 
 .text          0x00000000c00066d8      0x464 core/idt.32
                0x00000000c00066d8                IDTEntry::IDTEntry(bool)
                0x00000000c00066d8                IDTEntry::IDTEntry(bool)
                0x00000000c000674a                IDTEntry::setOffset(unsigned int)
                0x00000000c0006760                IDT::IDT()
                0x00000000c0006760                IDT::IDT()
                0x00000000c0006762                IDT::getPointerToInvalidOpcodeEntryForF00F()
                0x00000000c000676a                IDT::addEntry(IDTEntry, int)
                0x00000000c0006784                IDT::addEntry(int, void (*)(), bool)
                0x00000000c00067bc                IDT::flush()
                0x00000000c00067d6                IDT::setup()
 .text          0x00000000c0006b3c      0x183 core/kheap.32
                0x00000000c0006b3c                sbrk
                0x00000000c0006bd1                mmap
                0x00000000c0006be7                munmap
                0x00000000c0006bfd                liballoc_lock()
                0x00000000c0006c0a                liballoc_unlock()
                0x00000000c0006c1e                liballoc_alloc(int)
                0x00000000c0006c36                liballoc_free(void*, int)
                0x00000000c0006c51                realloc
                0x00000000c0006c65                malloc
                0x00000000c0006c75                free
                0x00000000c0006c85                rfree
                0x00000000c0006c95                calloc
 .text          0x00000000c0006cbf      0x1b4 core/main.32
                0x00000000c0006cbf                Krnl::setBootMessage(char const*)
                0x00000000c0006d2b                kernel_main
 .text          0x00000000c0006e73      0x5dc core/physmgr.32
                0x00000000c0006e73                Phys::allocateDMA(unsigned long)
                0x00000000c0006f4a                Phys::freeDMA(unsigned long, unsigned long)
                0x00000000c0006f7d                Phys::setPageState(unsigned long, bool)
                0x00000000c0006faf                Phys::getPageState(unsigned long)
                0x00000000c0006fd0                Phys::freePage(unsigned long)
                0x00000000c0007032                Phys::allocatePage()
                0x00000000c00070f0                Phys::allocateContiguousPages(int)
                0x00000000c000714c                Phys::allowSegmentToBeUsed(unsigned long, unsigned long)
                0x00000000c0007184                Phys::physicalMemorySetup(unsigned int)
 *fill*         0x00000000c000744f        0x1 
 .text          0x00000000c0007450      0x273 core/pipe.32
                0x00000000c0007450                Pipe::isAtty()
                0x00000000c0007454                Pipe::~Pipe()
                0x00000000c0007454                Pipe::~Pipe()
                0x00000000c0007478                Pipe::~Pipe()
                0x00000000c00074a0                Pipe::write(unsigned long long, void*, int*)
                0x00000000c0007560                Pipe::read(unsigned long long, void*, int*)
                0x00000000c000765c                Pipe::Pipe(int)
                0x00000000c000765c                Pipe::Pipe(int)
 *fill*         0x00000000c00076c3        0x1 
 .text          0x00000000c00076c4      0xa1e core/terminal.32
                0x00000000c00076c4                VgaText::isAtty()
                0x00000000c00076c8                VgaText::~VgaText()
                0x00000000c00076c8                VgaText::~VgaText()
                0x00000000c00076ec                VgaText::~VgaText()
                0x00000000c0007716                VgaText::read(unsigned long long, void*, int*)
                0x00000000c0007736                setTerminalScrollLock(bool)
                0x00000000c0007737                doTerminalCycle()
                0x00000000c0007738                addToTerminalCycle(VgaText*)
                0x00000000c0007739                scrollTerminalScrollLock(int)
                0x00000000c000773a                VgaText::updateTitle()
                0x00000000c000773c                VgaText::load()
                0x00000000c000773e                VgaText::updateCursor()
                0x00000000c0007754                VgaText::doANSI_SGR(int)
                0x00000000c00077c8                VgaText::setDefaultBgColour(VgaColour)
                0x00000000c00077d8                VgaText::setDefaultFgColour(VgaColour)
                0x00000000c00077e8                VgaText::setDefaultColours(VgaColour, VgaColour)
                0x00000000c0007808                VgaText::setTitleTextColour(VgaColour)
                0x00000000c0007814                VgaText::setTitleColour(VgaColour)
                0x00000000c0007820                VgaText::setTitle(char*)
                0x00000000c0007822                VgaText::combineColours(unsigned char, unsigned char)
                0x00000000c0007834                VgaText::scrollScreen()
                0x00000000c00078cc                VgaText::combineCharAndColour(char, unsigned char)
                0x00000000c00078de                VgaText::writeCharacter(char, VgaColour, VgaColour, int, int)
                0x00000000c000796e                VgaText::getCursorX()
                0x00000000c0007976                VgaText::getCursorY()
                0x00000000c000797e                VgaText::setCursor(int, int)
                0x00000000c0007995                setActiveTerminal(VgaText*)
                0x00000000c00079e0                VgaText::clearScreen()
                0x00000000c0007a2e                VgaText::setCursorX(int)
                0x00000000c0007a46                VgaText::setCursorY(int)
                0x00000000c0007a5e                VgaText::incrementCursor(bool)
                0x00000000c0007ab2                VgaText::decrementCursor(bool)
                0x00000000c0007ad4                VgaText::putchar(char, VgaColour, VgaColour)
                0x00000000c0007ba2                VgaText::putchar(char)
                0x00000000c0007c8e                VgaText::putx(unsigned int)
                0x00000000c0007cd4                VgaText::puts(char const*)
                0x00000000c0007cfa                VgaText::write(unsigned long long, void*, int*)
                0x00000000c0007d46                VgaText::puts(char const*, VgaColour, VgaColour)
                0x00000000c0007e98                VgaText::VgaText(char const*)
                0x00000000c0007e98                VgaText::VgaText(char const*)
                0x00000000c0007fe4                VgaText::receiveKey(unsigned char)
                0x00000000c00080bc                VgaText::doUpdate()
                0x00000000c00080bd                newTerminal(char*)
 *fill*         0x00000000c00080e2        0x2 
 .text          0x00000000c00080e4      0x1a1 core/tss.32
                0x00000000c00080e4                TSS::TSS()
                0x00000000c00080e4                TSS::TSS()
                0x00000000c00080f4                TSS::setESP(unsigned long)
                0x00000000c0008108                TSS::flush()
                0x00000000c0008128                TSS::setup(unsigned long, unsigned long)
 *fill*         0x00000000c0008285        0x1 
 .text          0x00000000c0008286      0x4c2 core/unixfile.32
                0x00000000c0008286                ReservedFilename::read(unsigned long long, void*, int*)
                0x00000000c00082dc                ReservedFilename::isAtty()
                0x00000000c00082f8                ReservedFilename::write(unsigned long long, void*, int*)
                0x00000000c0008356                UnixFile::getFileDescriptor()
                0x00000000c000835e                UnixFile::UnixFile(int)
                0x00000000c000835e                UnixFile::UnixFile(int)
                0x00000000c000850e                ReservedFilename::ReservedFilename(int)
                0x00000000c000850e                ReservedFilename::ReservedFilename(int)
                0x00000000c0008540                UnixFile::~UnixFile()
                0x00000000c0008540                UnixFile::~UnixFile()
                0x00000000c00085d8                UnixFile::~UnixFile()
                0x00000000c0008600                ReservedFilename::~ReservedFilename()
                0x00000000c0008600                ReservedFilename::~ReservedFilename()
                0x00000000c0008624                ReservedFilename::~ReservedFilename()
                0x00000000c000864b                getFromFileDescriptor(int)
 .text          0x00000000c0008748     0x119a core/virtmgr.32
                0x00000000c0008748                Virt::setPageState(unsigned long, Virt::VirtPageState)
                0x00000000c000877d                Virt::getPageState(unsigned long)
                0x00000000c00087a1                Virt::allocateKernelVirtualPages(int)
                0x00000000c00088b2                Virt::freeSwapfilePage(unsigned long)
                0x00000000c00088d0                Virt::swapIDToSector(unsigned long)
                0x00000000c00088e2                Virt::allocateSwapfilePage()
                0x00000000c0008960                Virt::virtualMemorySetup()
                0x00000000c00089ab                Virt::setupPageSwapping(int)
                0x00000000c0008a1c                VAS::VAS(VAS*)
                0x00000000c0008a1c                VAS::VAS(VAS*)
                0x00000000c0008a4a                VAS::getForeignPageTableEntry(bool, unsigned long)
                0x00000000c0008a76                VAS::getPageTableEntry(unsigned long)
                0x00000000c0008a95                Virt::freeKernelVirtualPages(unsigned long)
                0x00000000c0008bba                VAS::freeAllocatedPages(unsigned long)
                0x00000000c0008bde                VAS::virtualToPhysical(unsigned long)
                0x00000000c0008bf8                VAS::reflagRange(unsigned long, int, int, int)
                0x00000000c0008c38                VAS::setToWriteCombining(unsigned long, int)
                0x00000000c0008c6c                VAS::mapOtherVASIn(bool, VAS*)
                0x00000000c0008c96                VAS::~VAS()
                0x00000000c0008c96                VAS::~VAS()
                0x00000000c0008dfa                VAS::mapPage(unsigned long, unsigned long, int)
                0x00000000c0008efe                VAS::allocatePages(int, int)
                0x00000000c00090d6                VAS::setCPUSpecific(unsigned long)
                0x00000000c00090f4                VAS::mapRange(unsigned long, unsigned long, int, int)
                0x00000000c00091ba                VAS::mapForeignPage(bool, VAS*, unsigned long, unsigned long, int)
                0x00000000c00092a8                VAS::VAS(bool)
                0x00000000c00092a8                VAS::VAS(bool)
                0x00000000c0009528                VAS::VAS()
                0x00000000c0009528                VAS::VAS()
                0x00000000c0009598                VAS::evict(unsigned long)
                0x00000000c000965a                VAS::tryLoadBackOffDisk(unsigned long)
                0x00000000c0009748                VAS::scanForEviction()
                0x00000000c0009828                mapVASFirstTime
 .text          0x00000000c00098e2       0x5f coreobjs/c++.32
                0x00000000c00098e2                __cxa_atexit
                0x00000000c00098e5                __cxa_finalize
                0x00000000c00098e6                __stack_chk_fail
                0x00000000c000991c                __cxa_pure_virtual
                0x00000000c000992d                operator new[](unsigned long)
                0x00000000c0009932                operator delete(void*, unsigned long)
                0x00000000c0009937                operator delete[](void*)
                0x00000000c000993c                operator delete[](void*, unsigned long)
 .text          0x00000000c0009941      0x21c dbg/kconsole.32
                0x00000000c0009941                Dbg::stringifyxWithBase(unsigned int, char*, int)
                0x00000000c00099ac                Dbg::logc(char)
                0x00000000c00099cc                Dbg::logs(char*)
                0x00000000c00099e9                Dbg::logWriteInt(unsigned int)
                0x00000000c0009a07                Dbg::logWriteIntBase(unsigned int, int)
                0x00000000c0009a28                Dbg::kprintf(char const*, ...)
 *fill*         0x00000000c0009b5d        0x1 
 .text          0x00000000c0009b5e      0xc5c fs/vfs.32
                0x00000000c0009b5e                File::read(unsigned long long, void*, int*)
                0x00000000c0009bb6                File::write(unsigned long long, void*, int*)
                0x00000000c0009c0e                Directory::read(unsigned long long, void*, int*)
                0x00000000c0009c66                Directory::write(unsigned long long, void*, int*)
                0x00000000c0009c94                File::isAtty()
                0x00000000c0009c98                Directory::isAtty()
                0x00000000c0009c9c                Filesystem::getlabel(LogicalDisk*, int, char*, unsigned int*)
                0x00000000c0009ca2                Filesystem::setlabel(LogicalDisk*, int, char*)
                0x00000000c0009ca8                Filesystem::allocateSwapfile(char const*, int)
                0x00000000c0009cae                File::~File()
                0x00000000c0009cae                File::~File()
                0x00000000c0009cd2                File::~File()
                0x00000000c0009cfc                Directory::~Directory()
                0x00000000c0009cfc                Directory::~Directory()
                0x00000000c0009d20                Directory::~Directory()
                0x00000000c0009d4a                Filesystem::Filesystem()
                0x00000000c0009d4a                Filesystem::Filesystem()
                0x00000000c0009d6e                Filesystem::~Filesystem()
                0x00000000c0009d6e                Filesystem::~Filesystem()
                0x00000000c0009d7c                Filesystem::~Filesystem()
                0x00000000c0009da0                Fs::getcwd(Process*, char*, int)
                0x00000000c0009dca                Fs::initVFS()
                0x00000000c0009df4                Fs::standardiseFiles(char*, char const*, char const*)
                0x00000000c0009f9e                File::File(char const*, Process*)
                0x00000000c0009f9e                File::File(char const*, Process*)
                0x00000000c000a05e                File::open(FileOpenMode)
                0x00000000c000a0bc                File::close()
                0x00000000c000a11c                File::seek(unsigned long long)
                0x00000000c000a172                File::tell(unsigned long long*)
                0x00000000c000a1c2                File::rewind()
                0x00000000c000a1d6                File::unlink()
                0x00000000c000a222                File::rename(char const*)
                0x00000000c000a270                File::chfatattr(unsigned char, unsigned char)
                0x00000000c000a2cc                File::exists()
                0x00000000c000a30a                File::stat(unsigned long long*, bool*)
                0x00000000c000a36b                Fs::setcwd(Process*, char*)
                0x00000000c000a4c8                Directory::Directory(char const*, Process*)
                0x00000000c000a4c8                Directory::Directory(char const*, Process*)
                0x00000000c000a588                Directory::open()
                0x00000000c000a5e4                Directory::close()
                0x00000000c000a644                Directory::unlink()
                0x00000000c000a690                Directory::rename(char const*)
                0x00000000c000a6de                Directory::exists()
                0x00000000c000a71c                Directory::read(dirent*)
                0x00000000c000a768                Directory::create()
                0x00000000c000a7b4                Filesystem::chfatattr(char const*, unsigned char, unsigned char)
 *fill*         0x00000000c000a7ba        0x2 
 .text          0x00000000c000a7bc       0x86 hal/bus.32
                0x00000000c000a7bc                Bus::Bus(char const*)
                0x00000000c000a7bc                Bus::Bus(char const*)
                0x00000000c000a7f4                Bus::~Bus()
                0x00000000c000a7f4                Bus::~Bus()
                0x00000000c000a818                Bus::~Bus()
 .text          0x00000000c000a842       0x96 hal/buzzer.32
                0x00000000c000a842                beepThread(void*)
                0x00000000c000a87f                Krnl::beep(int, int, bool)
 .text          0x00000000c000a8d8      0x46d hal/clock.32
                0x00000000c000a8d8                User::loadClockSettings(int)
                0x00000000c000a92a                Clock::Clock(char const*)
                0x00000000c000a92a                Clock::Clock(char const*)
                0x00000000c000a960                Clock::~Clock()
                0x00000000c000a960                Clock::~Clock()
                0x00000000c000a984                Clock::~Clock()
                0x00000000c000a9ae                Clock::timeInSecondsLocal()
                0x00000000c000a9f6                Clock::setTimeInSecondsLocal(unsigned long long)
                0x00000000c000aa4f                datetimeToSeconds(datetime_t)
                0x00000000c000ab7c                Clock::setTimeInDatetimeLocal(datetime_t)
                0x00000000c000abdc                secondsToDatetime(unsigned long long)
                0x00000000c000ad20                Clock::timeInDatetimeLocal()
 *fill*         0x00000000c000ad45        0x1 
 .text          0x00000000c000ad46      0x464 hal/device.32
                0x00000000c000ad46                Device::hibernate()
                0x00000000c000ad48                Device::wake()
                0x00000000c000ad4a                Device::detect()
                0x00000000c000ad4c                Device::disableLegacy()
                0x00000000c000ad4e                Device::powerSaving(PowerSavingLevel)
                0x00000000c000ad50                DriverlessDevice::close(int, int, void*)
                0x00000000c000ad54                DriverlessDevice::detect()
                0x00000000c000ad56                DriverlessDevice::open(int, int, void*)
                0x00000000c000ad6a                Device::~Device()
                0x00000000c000ad6a                Device::~Device()
                0x00000000c000ad78                Device::~Device()
                0x00000000c000ada0                Device::findAndLoadDriver()
                0x00000000c000adae                Device::preOpenPCI(PCIDeviceInfo)
                0x00000000c000add4                Device::preOpenACPI(void*, char*, char*)
                0x00000000c000ae14                Device::addIRQHandler(int, void (*)(regs*, void*), bool, void*)
                0x00000000c000ae3e                Device::getParent()
                0x00000000c000ae4a                Device::removeIRQHandler(int, void (*)(regs*, void*), bool)
                0x00000000c000ae68                Device::addChild(Device*)
                0x00000000c000aeac                Device::removeAllChildren()
                0x00000000c000aef2                Device::hibernateAll()
                0x00000000c000af22                Device::wakeAll()
                0x00000000c000af52                Device::detectAll()
                0x00000000c000af82                Device::disableLegacyAll()
                0x00000000c000af84                Device::loadDriversForAll()
                0x00000000c000af86                Device::closeAll()
                0x00000000c000afbc                Device::powerSavingAll(PowerSavingLevel)
                0x00000000c000aff2                Device::setName(char const*)
                0x00000000c000b000                Device::Device(char const*)
                0x00000000c000b000                Device::Device(char const*)
                0x00000000c000b0fc                Device::getName()
                0x00000000c000b106                DriverlessDevice::DriverlessDevice(char const*)
                0x00000000c000b106                DriverlessDevice::DriverlessDevice(char const*)
                0x00000000c000b13c                Device::addToLinkedList(LinkedList<Device>&, DeviceType)
                0x00000000c000b180                getDevicesOfType(DeviceType)
 *fill*         0x00000000c000b1aa        0x2 
 .text          0x00000000c000b1ac       0x86 hal/diskctrl.32
                0x00000000c000b1ac                HardDiskController::HardDiskController(char const*)
                0x00000000c000b1ac                HardDiskController::HardDiskController(char const*)
                0x00000000c000b1e4                HardDiskController::~HardDiskController()
                0x00000000c000b1e4                HardDiskController::~HardDiskController()
                0x00000000c000b208                HardDiskController::~HardDiskController()
 .text          0x00000000c000b232       0xe2 hal/diskphys.32
                0x00000000c000b232                PhysicalDisk::eject()
                0x00000000c000b236                PhysicalDisk::PhysicalDisk(char const*, int)
                0x00000000c000b236                PhysicalDisk::PhysicalDisk(char const*, int)
                0x00000000c000b29e                PhysicalDisk::startCache()
                0x00000000c000b2c6                PhysicalDisk::~PhysicalDisk()
                0x00000000c000b2c6                PhysicalDisk::~PhysicalDisk()
                0x00000000c000b2ea                PhysicalDisk::~PhysicalDisk()
 .text          0x00000000c000b314        0x0 hal/fpu.32
 .text          0x00000000c000b314      0x35d hal/intctrl.32
                0x00000000c000b314                int_handler
                0x00000000c000b39c                installISRHandler(int, void (*)(regs*, void*), void*)
                0x00000000c000b3e4                installIRQHandler(int, void (*)(regs*, void*), bool, void*)
                0x00000000c000b51c                uninstallISRHandler(int, void (*)(regs*, void*))
                0x00000000c000b550                uninstallIRQHandler(int, void (*)(regs*, void*), bool)
                0x00000000c000b5cf                setupINTS()
                0x00000000c000b62c                convertLegacyIRQNumber(int)
 *fill*         0x00000000c000b671        0x1 
 .text          0x00000000c000b672      0x78c hal/keybrd.32
                0x00000000c000b672                startGUI(void*)
                0x00000000c000b6de                startGUIVESA(void*)
                0x00000000c000b74a                sendKeyToTerminal(unsigned char)
                0x00000000c000b80d                sendKeyboardToken(KeyboardToken)
                0x00000000c000bc4d                clearInternalKeybuffer(VgaText*)
                0x00000000c000bc82                readKeyboard(VgaText*, char*, unsigned long)
                0x00000000c000bd74                Keyboard::Keyboard(char const*)
                0x00000000c000bd74                Keyboard::Keyboard(char const*)
                0x00000000c000bdb0                Keyboard::~Keyboard()
                0x00000000c000bdb0                Keyboard::~Keyboard()
                0x00000000c000bdd4                Keyboard::~Keyboard()
 .text          0x00000000c000bdfe      0x3ea hal/logidisk.32
                0x00000000c000bdfe                LogicalDisk::close(int, int, void*)
                0x00000000c000be02                LogicalDisk::~LogicalDisk()
                0x00000000c000be02                LogicalDisk::~LogicalDisk()
                0x00000000c000be26                LogicalDisk::~LogicalDisk()
                0x00000000c000be50                LogicalDisk::open(int, int, void*)
                0x00000000c000be64                LogicalDisk::absoluteToRelative(unsigned long long)
                0x00000000c000be9c                LogicalDisk::relativeToAbsolute(unsigned long long)
                0x00000000c000bee2                LogicalDisk::LogicalDisk(char const*, PhysicalDisk*, unsigned long long, unsigned long long)
                0x00000000c000bee2                LogicalDisk::LogicalDisk(char const*, PhysicalDisk*, unsigned long long, unsigned long long)
                0x00000000c000bf98                LogicalDisk::assignDriveLetter()
                0x00000000c000c04e                LogicalDisk::mount()
                0x00000000c000c096                LogicalDisk::unmount()
                0x00000000c000c0a6                LogicalDisk::eject()
                0x00000000c000c0ba                LogicalDisk::unassignDriveLetter()
                0x00000000c000c110                LogicalDisk::read(unsigned long long, int, void*)
                0x00000000c000c17c                LogicalDisk::write(unsigned long long, int, void*)
 .text          0x00000000c000c1e8       0x86 hal/mouse.32
                0x00000000c000c1e8                Mouse::Mouse(char const*)
                0x00000000c000c1e8                Mouse::Mouse(char const*)
                0x00000000c000c220                Mouse::~Mouse()
                0x00000000c000c220                Mouse::~Mouse()
                0x00000000c000c244                Mouse::~Mouse()
 .text          0x00000000c000c26e      0x339 hal/partition.32
                0x00000000c000c26e                makePartition(PhysicalDisk*, unsigned long long, unsigned long long)
                0x00000000c000c316                createPartitionsForDisk(PhysicalDisk*)
 *fill*         0x00000000c000c5a7        0x1 
 .text          0x00000000c000c5a8       0x86 hal/serial.32
                0x00000000c000c5a8                Serial::Serial(char const*)
                0x00000000c000c5a8                Serial::Serial(char const*)
                0x00000000c000c5e0                Serial::~Serial()
                0x00000000c000c5e0                Serial::~Serial()
                0x00000000c000c604                Serial::~Serial()
 *fill*         0x00000000c000c62e        0x2 
 .text          0x00000000c000c630      0x234 hal/timer.32
                0x00000000c000c630                Timer::Timer(char const*)
                0x00000000c000c630                Timer::Timer(char const*)
                0x00000000c000c668                Timer::~Timer()
                0x00000000c000c668                Timer::~Timer()
                0x00000000c000c68c                Timer::~Timer()
                0x00000000c000c6b6                Timer::read()
                0x00000000c000c6c1                setupTimer(int)
                0x00000000c000c6fc                timerHandler(unsigned int)
 .text          0x00000000c000c864      0x43e hal/vcache.32
                0x00000000c000c864                VCache::VCache(PhysicalDisk*)
                0x00000000c000c864                VCache::VCache(PhysicalDisk*)
                0x00000000c000c9cc                VCache::invalidateReadBuffer()
                0x00000000c000c9dc                VCache::writeWriteBuffer()
                0x00000000c000ca28                VCache::~VCache()
                0x00000000c000ca28                VCache::~VCache()
                0x00000000c000ca7c                VCache::~VCache()
                0x00000000c000caa4                VCache::write(unsigned long long, int, void*)
                0x00000000c000cb9e                VCache::read(unsigned long long, int, void*)
 .text          0x00000000c000cca2      0x4b3 hal/video.32
                0x00000000c000cca2                Video::putrect(int, int, int, int, unsigned int)
                0x00000000c000ccee                Video::bitblit(int, int, int, int, int, int, int, unsigned int*)
                0x00000000c000cd5e                Video::blit(unsigned int*, int, int, int, int)
                0x00000000c000cddc                Video::clearScreen(unsigned int)
                0x00000000c000ce10                Video::putpixel(int, int, unsigned int)
                0x00000000c000ce1e                Video::Video(char const*)
                0x00000000c000ce1e                Video::Video(char const*)
                0x00000000c000ce54                Video::~Video()
                0x00000000c000ce54                Video::~Video()
                0x00000000c000ce78                Video::~Video()
                0x00000000c000cea2                Video::isMonochrome()
                0x00000000c000ceae                Video::getWidth()
                0x00000000c000ceba                Video::getHeight()
                0x00000000c000cec6                Video::drawCursor(int, int, unsigned char*, int)
                0x00000000c000cf82                Video::tgaParse(unsigned char*, int, int*, int*)
                0x00000000c000d0ea                Video::putTGA(int, int, unsigned char*, int)
 *fill*         0x00000000c000d155        0x3 
 .text          0x00000000c000d158     0x1307 hw/acpi.32
                0x00000000c000d158                ACPI::close(int, int, void*)
                0x00000000c000d210                findRSDP()
                0x00000000c000d2a0                loadACPITables(unsigned char*)
                0x00000000c000d504                findRSDT(unsigned char*)
                0x00000000c000d654                findDataTable(unsigned char*, char*)
                0x00000000c000d6cc                scanMADT()
                0x00000000c000dba0                ACPI::ACPI()
                0x00000000c000dba0                ACPI::ACPI()
                0x00000000c000dbf4                ACPI::getPCIIRQAssignment(unsigned char, unsigned short, unsigned char)
                0x00000000c000dcdc                ACPI::registerPCIIRQAssignment(void*, unsigned short, unsigned char, unsigned char)
                0x00000000c000dda4                ACPI::setScreenBrightnessLevel(void*, int)
                0x00000000c000ddac                ACPI::detectPCI()
                0x00000000c000dfb4                ACPI::writeSimpleBootFlag(SimpleBootFlagTable*)
                0x00000000c000e008                ACPI::sleep()
                0x00000000c000e024                ACPI::open(int, int, void*)
 *fill*         0x00000000c000e45f        0x1 
 .text          0x00000000c000e460      0xda3 hw/cpu.32
                0x00000000c000e460                CPU::close(int, int, void*)
                0x00000000c000e464                CPU::AMD_K6_write_msr(unsigned int, unsigned int, unsigned int, CPU::REGS*)
                0x00000000c000e480                CPU::AMD_K6_read_msr(unsigned int, CPU::REGS*)
                0x00000000c000e498                CPU::AMD_K6_writeback(int, int, int)
                0x00000000c000e50c                CPU::cpuid(int, unsigned long*, unsigned long*, unsigned long*, unsigned long*)
                0x00000000c000e590                CPU::cpuidCheckEDX(unsigned int)
                0x00000000c000e5be                CPU::cpuidCheckECX(unsigned int)
                0x00000000c000e5ec                CPU::cpuidCheckExtendedEBX(unsigned int)
                0x00000000c000e61a                CPU::cpuidCheckExtendedECX(unsigned int)
                0x00000000c000e648                CPU::CPU()
                0x00000000c000e648                CPU::CPU()
                0x00000000c000e6d6                CPU::displayFeatures()
                0x00000000c000e6d8                CPU::detectFeatures()
                0x00000000c000edae                CPU::setupSMEP()
                0x00000000c000edba                CPU::setupUMIP()
                0x00000000c000edc4                CPU::setupTSC()
                0x00000000c000edce                CPU::setupLargePages()
                0x00000000c000edd8                CPU::setupPAT()
                0x00000000c000ee14                CPU::setupMTRR()
                0x00000000c000ee16                CPU::setupGlobalPages()
                0x00000000c000ee20                CPU::allowUsermodeDataAccess()
                0x00000000c000ee32                CPU::prohibitUsermodeDataAccess()
                0x00000000c000ee44                CPU::setupSMAP()
                0x00000000c000ee52                CPU::setupFeatures()
                0x00000000c000ef1e                CPU::open(int, int, void*)
                0x00000000c000f008                CPU::decodeAddress(regs*, int*, bool*, unsigned char*)
 .text          0x00000000c000f203        0x4 hw/smp.32
                0x00000000c000f203                Krnl::smpEntry()
                0x00000000c000f205                Krnl::startCPU(int)
                0x00000000c000f206                Krnl::startCPUs()
 *fill*         0x00000000c000f207        0x1 
 .text          0x00000000c000f208      0x581 krnl/env.32
                0x00000000c000f208                EnvVarContainer::getEnv(char const*)
                0x00000000c000f246                EnvVarContainer::setEnv(char const*, char const*)
                0x00000000c000f308                EnvVarContainer::deleteEnv(char const*)
                0x00000000c000f30a                EnvVarContainer::loadFrom(char const*, char const*)
                0x00000000c000f4f0                EnvVarContainer::__loadSystem()
                0x00000000c000f50a                EnvVarContainer::__loadUser()
                0x00000000c000f50c                EnvVarContainer::EnvVarContainer(Process*)
                0x00000000c000f50c                EnvVarContainer::EnvVarContainer(Process*)
                0x00000000c000f52e                EnvVarContainer::~EnvVarContainer()
                0x00000000c000f52e                EnvVarContainer::~EnvVarContainer()
                0x00000000c000f55e                Krnl::getEnv(Process*, char const*)
                0x00000000c000f5c3                Krnl::setEnvSystem(char const*, char const*)
                0x00000000c000f5dd                Krnl::setEnvUser(char const*, char const*)
                0x00000000c000f5fc                Krnl::setEnvProcess(Process*, char const*, char const*)
                0x00000000c000f60f                Krnl::deleteEnvSystem(char const*)
                0x00000000c000f610                Krnl::deleteEnvUser(char const*)
                0x00000000c000f611                Krnl::deleteEnvProcess(Process*, char const*)
                0x00000000c000f612                Krnl::newProcessEnv(Process*)
                0x00000000c000f634                Krnl::copyProcessEnv(Process*, Process*)
                0x00000000c000f680                Krnl::loadSystemEnv()
                0x00000000c000f6ae                Krnl::loadUserEnv()
                0x00000000c000f6d4                Krnl::flushEnv()
                0x00000000c000f6d5                Krnl::getProcessTotalEnvCount(Process*)
                0x00000000c000f6f5                Krnl::getProcessEnvPair(Process*, int)
 .text          0x00000000c000f789      0x26c krnl/panic.32
                0x00000000c000f789                Krnl::panic(char const*)
 .text          0x00000000c000f9f5      0x168 krnl/powctrl.32
                0x00000000c000f9f5                Krnl::powerThread(void*)
                0x00000000c000fa49                Krnl::changePowerSettings(Krnl::PowerSettings)
                0x00000000c000fa5f                Krnl::userIOReceived()
                0x00000000c000fa6a                Krnl::handlePowerButton()
                0x00000000c000fa9f                Krnl::handleSleepButton()
                0x00000000c000fad4                Krnl::setupPowerManager()
 .text          0x00000000c000fb5d      0x50e reg/registry.32
                0x00000000c000fb5d                Reg::findLineFromLoadedData(char*, char*, char*)
                0x00000000c000fcb5                Reg::getLineFromRegistry(char*, char*, char*, char*)
                0x00000000c000fe0a                Reg::getLine(char*, char*, char*)
                0x00000000c000fe41                Reg::readInt(char*, char*, int*)
                0x00000000c000ff2c                Reg::readString(char*, char*, char*, int)
                0x00000000c000ffad                Reg::readBool(char*, char*, bool*)
                0x00000000c000ffd2                Reg::readBoolWithDefault(char*, char*, bool)
                0x00000000c000fffe                Reg::readIntWithDefault(char*, char*, int)
                0x00000000c001002a                Reg::readStringWithDefault(char*, char*, char*, int, char*)
 .text          0x00000000c001006b       0x36 sys/sc_eject.32
                0x00000000c001006b                Sys::eject(regs*)
 .text          0x00000000c00100a1       0x18 sys/sc_exit.32
                0x00000000c00100a1                Sys::exit(regs*)
 .text          0x00000000c00100b9       0x1f sys/sc_getcwd.32
                0x00000000c00100b9                Sys::getCwd(regs*)
 .text          0x00000000c00100d8        0xc sys/sc_getpid.32
                0x00000000c00100d8                Sys::getPID(regs*)
 .text          0x00000000c00100e4       0x1a sys/sc_getramdata.32
                0x00000000c00100e4                Sys::getRAMData(regs*)
 .text          0x00000000c00100fe       0x82 sys/sc_getvgaptr.32
                0x00000000c00100fe                Sys::getVGAPtr(regs*)
 .text          0x00000000c0010180       0xa8 sys/sc_loaddll.32
                0x00000000c0010180                Sys::loadDLL(regs*)
 .text          0x00000000c0010228       0x68 sys/sc_read.32
                0x00000000c0010228                Sys::read(regs*)
 .text          0x00000000c0010290       0x55 sys/sc_sbrk.32
                0x00000000c0010290                Sys::sbrk(regs*)
 .text          0x00000000c00102e5       0x1c sys/sc_setcwd.32
                0x00000000c00102e5                Sys::setCwd(regs*)
 .text          0x00000000c0010301       0x95 sys/sc_settime.32
                0x00000000c0010301                Sys::setTime(regs*)
 .text          0x00000000c0010396       0x4a sys/sc_timezone.32
                0x00000000c0010396                Sys::timezone(regs*)
 .text          0x00000000c00103e0       0x68 sys/sc_write.32
                0x00000000c00103e0                Sys::write(regs*)
 .text          0x00000000c0010448       0x62 sys/sc_wsbe.32
                0x00000000c0010448                Sys::wsbe(regs*)
 .text          0x00000000c00104aa       0x25 sys/sc_yield.32
                0x00000000c00104aa                Sys::yield(regs*)
 .text          0x00000000c00104cf      0xe2c sys/syscalls.32
                0x00000000c00104cf                sysCallSeekDir(regs*)
                0x00000000c00104d4                sysCallTellDir(regs*)
                0x00000000c00104d9                sysCallVerify(regs*)
                0x00000000c00104e3                sysCallGetArgc(regs*)
                0x00000000c00104f3                sysCallTTYName(regs*)
                0x00000000c00104fb                sysFormatDisk(regs*)
                0x00000000c0010568                sysSetDiskVolumeLabel(regs*)
                0x00000000c00105b2                sysGetDiskVolumeLabel(regs*)
                0x00000000c0010607                sysShutdown(regs*)
                0x00000000c0010665                sysCallRealpath(regs*)
                0x00000000c00106a8                sysCallReadDir(regs*)
                0x00000000c0010728                sysCallIsATTY(regs*)
                0x00000000c0010784                sysCallSeek(regs*)
                0x00000000c00107dd                sysCallTell(regs*)
                0x00000000c001084c                sysCallSize(regs*)
                0x00000000c00108c1                sysCallSizeFromFilename(regs*)
                0x00000000c0010974                sysCallClose(regs*)
                0x00000000c00109d4                sysCallOpenDir(regs*)
                0x00000000c0010a4b                sysCallCloseDir(regs*)
                0x00000000c0010a9f                sysCallMakeDir(regs*)
                0x00000000c0010b11                sysCallWait(regs*)
                0x00000000c0010b2e                sysCallNotImpl(regs*)
                0x00000000c0010b49                sysPanic(regs*)
                0x00000000c0010b64                sysCallRmdir(regs*)
                0x00000000c0010bcb                sysCallUnlink(regs*)
                0x00000000c0010c32                sysCallGetArgv(regs*)
                0x00000000c0010c7f                sysCallUSleep(regs*)
                0x00000000c0010ca8                sysCallSpawn(regs*)
                0x00000000c0010d11                sysCallGetEnv(regs*)
                0x00000000c0010dc0                sysSetFatAttrib(regs*)
                0x00000000c0010e37                sysPipe(regs*)
                0x00000000c0010e7c                sysGetUnixTime(regs*)
                0x00000000c0010e90                string_ends_with(char const*, char const*)
                0x00000000c0010eda                sysCallOpen(regs*)
                0x00000000c00110ce                Sys::loadSyscalls()
                0x00000000c00112b9                Sys::systemCall(regs*, void*)
 .text          0x00000000c00112fb     0x11e5 thr/elf.32
                0x00000000c00112fb                Thr::allocateMemoryForTask(Process*, File*, unsigned long, unsigned long, unsigned long)
                0x00000000c0011587                Thr::loadProgramIntoMemory(Process*, char const*)
                0x00000000c001179d                Thr::runtimeReferenceHelper()
                0x00000000c00117b0                Thr::getAddressOfKernelSymbol(char const*)
                0x00000000c00117ff                Thr::loadKernelSymbolTable(char const*)
                0x00000000c0011abd                Thr::loadDriverIntoMemory(char const*, unsigned long, bool)
                0x00000000c00121f3                Thr::getDriverBaseFromAddress(unsigned long)
                0x00000000c0012225                Thr::getDriverNameFromAddress(unsigned long)
                0x00000000c001225c                Thr::getDriverOffsetFromAddress(unsigned long)
                0x00000000c0012276                Thr::loadDLL(char const*, bool)
                0x00000000c00124a7                Thr::executeDLL(unsigned long, void*)
 .text          0x00000000c00124e0     0x12c5 thr/prcssthr.32
                0x00000000c00124e0                userModeEntryPoint(void*)
                0x00000000c0012508                changeTSS
                0x00000000c0012538                switchToThread(ThreadControlBlock*)
                0x00000000c00125ec                Process::addArgs(char**)
                0x00000000c001264c                Process::Process(char const*, Process*, char**)
                0x00000000c001264c                Process::Process(char const*, Process*, char**)
                0x00000000c001283c                Process::Process(bool, char const*, Process*, char**)
                0x00000000c001283c                Process::Process(bool, char const*, Process*, char**)
                0x00000000c00129f8                taskStartupFunction
                0x00000000c0012a04                Semaphore::Semaphore(int)
                0x00000000c0012a04                Semaphore::Semaphore(int)
                0x00000000c0012a34                Mutex::Mutex()
                0x00000000c0012a34                Mutex::Mutex()
                0x00000000c0012a48                Process::createThread(void (*)(void*), void*, int)
                0x00000000c0012b40                Process::createUserThread()
                0x00000000c0012b60                setupMultitasking(void (*)())
                0x00000000c0012c68                schedule()
                0x00000000c0012cf8                Semaphore::tryAcquire()
                0x00000000c0012dc4                Semaphore::assertLocked(char const*)
                0x00000000c0012e3c                blockTaskWithSchedulerLockAlreadyHeld(TaskState)
                0x00000000c0012e64                blockTask(TaskState)
                0x00000000c0012e94                waitTask(int, int*, int)
                0x00000000c0012ed8                milliTenthSleepUntil(unsigned int)
                0x00000000c0012f68                milliTenthSleep(unsigned int)
                0x00000000c0012f78                sleep(unsigned int)
                0x00000000c0012f94                Semaphore::acquire()
                0x00000000c0013050                taskReturned
                0x00000000c001308c                Thr::processFromPID(int)
                0x00000000c001312c                unblockTask(ThreadControlBlock*)
                0x00000000c00131d0                cleanupTerminatedTask(ThreadControlBlock*)
                0x00000000c001349c                cleanerTaskFunction(void*)
                0x00000000c001358c                terminateTask(int)
                0x00000000c0013658                Thr::terminateFromIRQ(int)
                0x00000000c0013668                Semaphore::release()
 .text          0x00000000c00137a5      0xb93 vm86/vm8086.32
                0x00000000c00137a5                Vm::inbv(unsigned short)
                0x00000000c00137b8                Vm::outbv(unsigned short, unsigned char)
                0x00000000c00137ee                Vm::realToLinear(unsigned short, unsigned short)
                0x00000000c00137fe                Vm::getSegment(unsigned int)
                0x00000000c0013806                Vm::getOffset(unsigned int)
                0x00000000c001380b                Vm::mainloop2()
                0x00000000c0013845                Vm::mainVm8086Loop(void*)
                0x00000000c0013855                Vm::mainloop3(unsigned long)
                0x00000000c001387b                Vm::initialise8086()
                0x00000000c00138be                Vm::finish8086()
                0x00000000c001391f                Vm::getOutput8086(unsigned char*)
                0x00000000c0013944                Vm::start8086FromBuffer(unsigned char*, int, unsigned short, unsigned short, unsigned short, unsigned short)
                0x00000000c00139fd                Vm::start8086(char const*, unsigned short, unsigned short, unsigned short, unsigned short)
                0x00000000c0013b65                Vm::doISR(regs*, int, unsigned char*, unsigned short, unsigned short)
                0x00000000c0013bef                Vm::readByteFromReal(unsigned short, unsigned short)
                0x00000000c0013c00                Vm::readWordFromReal(unsigned short, unsigned short)
                0x00000000c0013c12                Vm::readDwordFromReal(unsigned short, unsigned short)
                0x00000000c0013c23                Vm::writeByteFromReal(unsigned short, unsigned short, unsigned char)
                0x00000000c0013c38                Vm::writeWordFromReal(unsigned short, unsigned short, unsigned short)
                0x00000000c0013c4e                Vm::writeDwordFromReal(unsigned short, unsigned short, unsigned int)
                0x00000000c0013c63                Vm::faultHandler(regs*)
 .text          0x00000000c0014338      0xfcd vm86/x87em.32
                0x00000000c0014338                Vm::fpuInternalTo32(unsigned long long)
                0x00000000c0014396                Vm::fpuInternalTo64(unsigned long long)
                0x00000000c001439f                Vm::fpu32ToInternal(unsigned int)
                0x00000000c00143e4                Vm::fpu64ToInternal(unsigned long long)
                0x00000000c00143ed                Vm::fpuFloatToLong(unsigned long long)
                0x00000000c001444c                Vm::fpuULongToFloat(unsigned long long)
                0x00000000c0014488                Vm::fpuLongToFloat(long long)
                0x00000000c00144e7                Vm::fpuGet0()
                0x00000000c00144ec                Vm::fpuGet1()
                0x00000000c00144f4                Vm::fpuGetPi()
                0x00000000c00144fc                Vm::fpuGetLog2E()
                0x00000000c0014514                Vm::fpuGetLogE2()
                0x00000000c001452c                Vm::fpuGetLog210()
                0x00000000c0014544                Vm::fpuGetLog102()
                0x00000000c001455c                Vm::fpuIsSecondLarger(unsigned long long, unsigned long long)
                0x00000000c0014570                Vm::fpuAreEqual(unsigned long long, unsigned long long)
                0x00000000c0014586                Vm::fpuUnorderedCompare(unsigned long long, unsigned long long)
                0x00000000c00145dc                Vm::fpuAdd(unsigned long long, unsigned long long)
                0x00000000c00145ed                Vm::fpuAbs(unsigned long long)
                0x00000000c00145f6                Vm::fpuChs(unsigned long long)
                0x00000000c0014606                Vm::fpuSub(unsigned long long, unsigned long long)
                0x00000000c0014615                Vm::fpuMultiply(unsigned long long, unsigned long long)
                0x00000000c0014634                Vm::fpuDivide(unsigned long long, unsigned long long)
                0x00000000c0014650                Vm::fpuSquare(unsigned long long)
                0x00000000c0014666                Vm::fpuGetReg(int)
                0x00000000c00146a9                Vm::fpuSetReg(int, unsigned long long)
                0x00000000c00146f5                Vm::fpuPush(unsigned long long)
                0x00000000c0014753                Vm::fpuPop()
                0x00000000c00147a6                Vm::x87Handler(regs*)
 .text          0x00000000c0015305      0x8e8 arch/i386/hal.32
                0x00000000c0015305                Hal::noCopro(unsigned long)
                0x00000000c0015306                Hal::noTSC()
                0x00000000c001530b                Hal::readTSC()
                0x00000000c001530e                nmiHandler(regs*, void*)
                0x00000000c0015327                doubleFault(regs*, void*)
                0x00000000c0015340                displayDebugInfo(regs*)
                0x00000000c0015661                displayProgramFault(char const*)
                0x00000000c00156ad                gpFault(regs*, void*)
                0x00000000c0015712                pgFault(regs*, void*)
                0x00000000c0015774                otherISRHandler(regs*, void*)
                0x00000000c00157a8                opcodeFault(regs*, void*)
                0x00000000c0015828                i386SaveCoprocessor(void*)
                0x00000000c001583c                i386LoadCoprocessor(void*)
                0x00000000c0015850                x87EmulHandler(regs*, void*)
                0x00000000c0015903                Hal::initialiseCoprocessor()
                0x00000000c00159b1                Hal::panic(char const*)
                0x00000000c00159b6                Hal::initialise()
                0x00000000c0015b7f                Hal::makeBeep(int)
                0x00000000c0015bb9                Hal::getRand()
                0x00000000c0015bbc                Hal::endOfInterrupt(int)
 *fill*         0x00000000c0015bed        0x3 
 .text          0x00000000c0015bf0      0x2f4 arch/i386/pic.32
                0x00000000c0015bf0                picIoWait()
                0x00000000c0015bf8                picDisable()
                0x00000000c0015c2c                picGetIRQReg(int)
                0x00000000c0015cb0                picOpen()
                0x00000000c0015e40                picEOI(int)
 .text          0x00000000c0015ee4      0x64d arch/i386/rtc.32
                0x00000000c0015ee4                RTC::open(int, int, void*)
                0x00000000c0015ee8                RTC::close(int, int, void*)
                0x00000000c0015eec                RTC::timeInSecondsUTC()
                0x00000000c0015efe                RTC::timeInDatetimeUTC()
                0x00000000c0015f24                RTC::setTimeInSecondsUTC(unsigned long long)
                0x00000000c0015f62                RTC::~RTC()
                0x00000000c0015f62                RTC::~RTC()
                0x00000000c0015f86                RTC::~RTC()
                0x00000000c0015fb0                RTC::get_update_in_progress_flag()
                0x00000000c0015fc8                RTC::completeRTCRefresh()
                0x00000000c0016280                RTC::setTimeInDatetimeUTC(datetime_t)
                0x00000000c0016433                rtcIRQHandler(regs*, void*)
                0x00000000c0016478                RTC::RTC()
                0x00000000c0016478                RTC::RTC()
 *fill*         0x00000000c0016531        0x3 
 .text          0x00000000c0016534      0x203 arch/i386/vga.32
                0x00000000c0016534                Hal::consoleScroll(int, int)
                0x00000000c001663c                Hal::consoleWriteCharacter(char, int, int, int, int)
                0x00000000c00166a8                Hal::consoleCursorUpdate(int, int)
 *fill*         0x00000000c0016737        0x1 
 .text          0x00000000c0016738     0x13e7 fs/fat/vfslink.32
                0x00000000c0016738                FAT::getName()
                0x00000000c0016740                FAT::tell(void*, unsigned long long*)
                0x00000000c001677c                FAT::stat(void*, unsigned long long*)
                0x00000000c00167b8                FAT::~FAT()
                0x00000000c00167b8                FAT::~FAT()
                0x00000000c00167dc                FAT::~FAT()
                0x00000000c0016804                FAT::getlabel(LogicalDisk*, int, char*, unsigned int*)
                0x00000000c00168a8                FAT::setlabel(LogicalDisk*, int, char*)
                0x00000000c001696c                FAT::format(LogicalDisk*, int, char const*, int)
                0x00000000c0016b40                FAT::tryMount(LogicalDisk*, int)
                0x00000000c0016d58                FAT::allocateSwapfile(char const*, int)
                0x00000000c0016f18                FAT::readDir(void*, unsigned long, void*, int*)
                0x00000000c0017084                FAT::read(void*, unsigned long, void*, int*)
                0x00000000c00170e4                FAT::write(void*, unsigned long, void*, int*)
                0x00000000c0017144                FAT::close(void*)
                0x00000000c0017198                FAT::closeDir(void*)
                0x00000000c00171ec                FAT::seek(void*, unsigned long long)
                0x00000000c0017244                fatWrapperReadDisk
                0x00000000c0017288                fatWrapperWriteDisk
                0x00000000c00172cc                fatWrapperIoctl
                0x00000000c00173e8                FAT::FAT()
                0x00000000c00173e8                FAT::FAT()
                0x00000000c001743c                FAT::fixFilepath(char*)
                0x00000000c0017478                FAT::open(char const*, void**, FileOpenMode)
                0x00000000c00175b0                FAT::openDir(char const*, void**)
                0x00000000c0017660                FAT::stat(char const*, unsigned long long*, bool*)
                0x00000000c0017758                FAT::unlink(char const*)
                0x00000000c00177d8                FAT::chfatattr(char const*, unsigned char, unsigned char)
                0x00000000c0017964                FAT::rename(char const*, char const*)
                0x00000000c0017a30                FAT::mkdir(char const*)
                0x00000000c0017ab0                FAT::exists(char const*)
 *fill*         0x00000000c0017b1f        0x1 
 .text          0x00000000c0017b20      0xba5 fs/iso9660/vfslink.32
                0x00000000c0017b20                ISO9660::format(LogicalDisk*, int, char const*, int)
                0x00000000c0017b26                ISO9660::seek(void*, unsigned long long)
                0x00000000c0017b56                ISO9660::tell(void*, unsigned long long*)
                0x00000000c0017b7a                ISO9660::getName()
                0x00000000c0017b80                ISO9660::stat(void*, unsigned long long*)
                0x00000000c0017ba4                ISO9660::chfatattr(char const*, unsigned char, unsigned char)
                0x00000000c0017baa                ISO9660::unlink(char const*)
                0x00000000c0017bb0                ISO9660::write(void*, unsigned long, void*, int*)
                0x00000000c0017bb6                ISO9660::rename(char const*, char const*)
                0x00000000c0017bbc                ISO9660::mkdir(char const*)
                0x00000000c0017bc2                ISO9660::close(void*)
                0x00000000c0017be4                ISO9660::closeDir(void*)
                0x00000000c0017c06                ISO9660::~ISO9660()
                0x00000000c0017c06                ISO9660::~ISO9660()
                0x00000000c0017c2a                ISO9660::~ISO9660()
                0x00000000c0017c51                __memmem(unsigned char*, int, unsigned char*, int)
                0x00000000c0017c93                readSectorFromCDROM(unsigned int, unsigned char*, char)
                0x00000000c0017d0e                ISO9660::tryMount(LogicalDisk*, int)
                0x00000000c0017d6e                ISO9660::read(void*, unsigned long, void*, int*)
                0x00000000c0017f72                ISO9660::readDir(void*, unsigned long, void*, int*)
                0x00000000c00181ea                readRoot(unsigned int*, unsigned int*, char)
                0x00000000c001823e                readRecursively(char*, unsigned int, unsigned int, unsigned int*, unsigned int*, char, int*)
                0x00000000c0018414                getFileData(char*, unsigned int*, unsigned int*, char, int*)
                0x00000000c00184a2                ISO9660::open(char const*, void**, FileOpenMode)
                0x00000000c0018550                ISO9660::exists(char const*)
                0x00000000c0018574                ISO9660::stat(char const*, unsigned long long*, bool*)
                0x00000000c0018608                ISO9660::openDir(char const*, void**)
                0x00000000c00186a2                ISO9660::ISO9660()
                0x00000000c00186a2                ISO9660::ISO9660()
 *fill*         0x00000000c00186c5        0x1 
 .text          0x00000000c00186c6      0x26c hal/sound/sndcard.32
                0x00000000c00186c6                SoundCard::beginPlayback()
                0x00000000c00186d4                SoundCard::stopPlayback()
                0x00000000c00186e2                SoundCard::SoundCard(char const*)
                0x00000000c00186e2                SoundCard::SoundCard(char const*)
                0x00000000c0018780                SoundCard::~SoundCard()
                0x00000000c0018780                SoundCard::~SoundCard()
                0x00000000c00187a4                SoundCard::~SoundCard()
                0x00000000c00187ce                SoundCard::configureRates(int, int, int)
                0x00000000c00187fe                SoundCard::getSamples16(int, short*)
                0x00000000c001885a                SoundCard::getSamples32(int, int*)
                0x00000000c00188e0                SoundCard::addChannel(SoundPort*)
                0x00000000c001891e                SoundCard::removeChannel(int)
 *fill*         0x00000000c0018932        0x2 
 .text          0x00000000c0018934      0x377 hal/sound/sndport.32
                0x00000000c0018934                SoundPort::SoundPort(int, int, int, int)
                0x00000000c0018934                SoundPort::SoundPort(int, int, int, int)
                0x00000000c00189c0                SoundPort::~SoundPort()
                0x00000000c00189c0                SoundPort::~SoundPort()
                0x00000000c00189f4                SoundPort::unpause()
                0x00000000c0018a00                SoundPort::pause()
                0x00000000c0018a0c                SoundPort::getBufferUsed()
                0x00000000c0018a14                SoundPort::getBufferSize()
                0x00000000c0018a1c                SoundPort::buffer16(short*, int)
                0x00000000c0018aa8                SoundPort::buffer32(int*, int)
                0x00000000c0018b30                SoundPort::unbufferAndAdd16(int, short*, SoundCard*)
                0x00000000c0018bf4                SoundPort::unbufferAndAdd32(int, int*, SoundCard*)
 .text          0x00000000c0018cab        0x0 hw/bus/isa.32
 *fill*         0x00000000c0018cab        0x1 
 .text          0x00000000c0018cac      0xb49 hw/bus/pci.32
                0x00000000c0018cac                PCI::open(int, int, void*)
                0x00000000c0018cca                PCI::close(int, int, void*)
                0x00000000c0018cce                PCI::PCI()
                0x00000000c0018cce                PCI::PCI()
                0x00000000c0018d68                PCI::readBAR8(unsigned int, int)
                0x00000000c0018d84                PCI::readBAR16(unsigned int, int)
                0x00000000c0018da2                PCI::readBAR32(unsigned int, int)
                0x00000000c0018dbe                PCI::writeBAR8(unsigned int, unsigned char, int)
                0x00000000c0018dde                PCI::writeBAR16(unsigned int, unsigned short, int)
                0x00000000c0018e00                PCI::writeBAR32(unsigned int, unsigned int, int)
                0x00000000c0018e20                PCI::legacyMechanism(unsigned char, unsigned char, unsigned char, unsigned char)
                0x00000000c0018e8e                PCI::pciReadWord(unsigned char, unsigned char, unsigned char, unsigned char)
                0x00000000c0018f36                PCI::getVendorID(unsigned char, unsigned char, unsigned char)
                0x00000000c0018f5a                PCI::getHeaderType(unsigned char, unsigned char, unsigned char)
                0x00000000c0018f82                PCI::getClassCode(unsigned char, unsigned char, unsigned char)
                0x00000000c0018fcc                PCI::getProgIF(unsigned char, unsigned char, unsigned char)
                0x00000000c0018ff4                PCI::getRevisionID(unsigned char, unsigned char, unsigned char)
                0x00000000c0019018                PCI::getInterruptNumber(unsigned char, unsigned char, unsigned char)
                0x00000000c001903c                PCI::getSecondaryBus(unsigned char, unsigned char, unsigned char)
                0x00000000c0019064                PCI::getBARAddress(unsigned char, unsigned char, unsigned char, unsigned char)
                0x00000000c00190c8                PCI::pciWriteWord(unsigned char, unsigned char, unsigned char, unsigned char, unsigned short)
                0x00000000c00191b0                PCI::pciDetailsToFilepath(PCIDeviceInfo, char*)
                0x00000000c001942a                PCI::checkBus(unsigned char)
                0x00000000c0019450                PCI::foundDevice(PCIDeviceInfo)
                0x00000000c00195c2                PCI::getDeviceData(unsigned char, unsigned char, unsigned char)
                0x00000000c0019736                PCI::checkDevice(unsigned char, unsigned char)
                0x00000000c00197a2                PCI::detect()
 *fill*         0x00000000c00197f5        0x1 
 .text          0x00000000c00197f6      0xb5a hw/diskctrl/ide.32
                0x00000000c00197f6                IDE::close(int, int, void*)
                0x00000000c00197fa                IDE::IDE()
                0x00000000c00197fa                IDE::IDE()
                0x00000000c001982e                IDE::prepareInterrupt(unsigned char)
                0x00000000c0019840                selectDrive(unsigned char, unsigned char)
                0x00000000c0019842                IDE::getBase(unsigned char)
                0x00000000c0019854                IDE::write(unsigned char, unsigned char, unsigned char)
                0x00000000c0019914                IDE::read(unsigned char, unsigned char)
                0x00000000c00199c2                IDE::waitInterrupt(unsigned char)
                0x00000000c0019a2a                ideChannel0IRQHandler(regs*, void*)
                0x00000000c0019a46                ideChannel1IRQHandler(regs*, void*)
                0x00000000c0019a62                IDE::enableIRQs(unsigned char, bool)
                0x00000000c0019aa8                IDE::open(int, int, void*)
                0x00000000c0019eb6                IDE::readBuffer(unsigned char, unsigned char, unsigned int, unsigned int)
                0x00000000c0019f82                IDE::detect()
                0x00000000c001a242                IDE::printError(unsigned char, unsigned char, unsigned char)
                0x00000000c001a2f2                IDE::polling(unsigned char, unsigned int)
 .text          0x00000000c001a350      0x320 hw/diskctrl/satabus.32
                0x00000000c001a350                SATABus::close(int, int, void*)
                0x00000000c001a354                SATABus::detect()
                0x00000000c001a356                SATABus::SATABus()
                0x00000000c001a356                SATABus::SATABus()
                0x00000000c001a3dc                SATABus::findCmdslot(SATABus::tagHBA_PORT volatile*)
                0x00000000c001a40e                SATABus::checkType(SATABus::tagHBA_PORT volatile*)
                0x00000000c001a456                SATABus::startCmd(SATABus::tagHBA_PORT volatile*)
                0x00000000c001a476                SATABus::stopCmd(SATABus::tagHBA_PORT volatile*)
                0x00000000c001a4a0                SATABus::portRebase(SATABus::tagHBA_PORT volatile*, int)
                0x00000000c001a5a6                SATABus::probePort(SATABus::tagHBA_MEM volatile*)
                0x00000000c001a650                SATABus::open(int, int, void*)
 .text          0x00000000c001a670      0x5f4 hw/diskphys/ata.32
                0x00000000c001a670                ATA::close(int, int, void*)
                0x00000000c001a694                ATA::powerSaving(PowerSavingLevel)
                0x00000000c001a696                ATA::ATA()
                0x00000000c001a696                ATA::ATA()
                0x00000000c001a6c4                ATA::flush(bool)
                0x00000000c001a70e                ATA::readyForCommand()
                0x00000000c001a75a                ATA::access(unsigned long long, int, void*, bool)
                0x00000000c001aad6                ATA::read(unsigned long long, int, void*)
                0x00000000c001ab22                ATA::write(unsigned long long, int, void*)
                0x00000000c001ab6e                ATA::detectCHS()
                0x00000000c001ab98                ATA::open(int, int, void*)
 .text          0x00000000c001ac64      0x60e hw/diskphys/atapi.32
                0x00000000c001ac64                ATAPI::write(unsigned long long, int, void*)
                0x00000000c001ac6a                ATAPI::close(int, int, void*)
                0x00000000c001ac8e                ATAPI::ATAPI()
                0x00000000c001ac8e                ATAPI::ATAPI()
                0x00000000c001acbc                ATAPI::readyForCommand()
                0x00000000c001ad0e                ATAPI::sendPacket(unsigned char*, int, bool, unsigned short*, int)
                0x00000000c001afce                ATAPI::diskRemoved()
                0x00000000c001b008                ATAPI::eject()
                0x00000000c001b050                ATAPI::diskInserted()
                0x00000000c001b05c                ATAPI::detectMedia()
                0x00000000c001b118                ATAPI::open(int, int, void*)
                0x00000000c001b1f8                ATAPI::read(unsigned long long, int, void*)
 .text          0x00000000c001b272      0x402 hw/diskphys/sata.32
                0x00000000c001b272                SATA::close(int, int, void*)
                0x00000000c001b296                SATA::powerSaving(PowerSavingLevel)
                0x00000000c001b298                SATA::open(int, int, void*)
                0x00000000c001b342                SATA::SATA()
                0x00000000c001b342                SATA::SATA()
                0x00000000c001b370                SATA::access(unsigned long long, int, void*, bool)
                0x00000000c001b5bc                SATA::read(unsigned long long, int, void*)
                0x00000000c001b608                SATA::write(unsigned long long, int, void*)
 .text          0x00000000c001b674      0x63d hw/diskphys/satapi.32
                0x00000000c001b674                SATAPI::write(unsigned long long, int, void*)
                0x00000000c001b67a                SATAPI::close(int, int, void*)
                0x00000000c001b69e                SATAPI::SATAPI()
                0x00000000c001b69e                SATAPI::SATAPI()
                0x00000000c001b6cc                SATAPI::diskRemoved()
                0x00000000c001b6ce                SATAPI::diskInserted()
                0x00000000c001b6ea                SATAPI::sendPacket(unsigned char*, int, unsigned long long, unsigned short*, int)
                0x00000000c001b978                SATAPI::eject()
                0x00000000c001b9b4                SATAPI::detectMedia()
                0x00000000c001bade                SATAPI::open(int, int, void*)
                0x00000000c001bbde                SATAPI::read(unsigned long long, int, void*)
 *fill*         0x00000000c001bcb1        0x1 
 .text          0x00000000c001bcb2      0x455 hw/intctrl/apic.32
                0x00000000c001bcb2                IOAPIC::close(int, int, void*)
                0x00000000c001bcb8                apicGetBase()
                0x00000000c001bcfa                IOAPIC::IOAPIC()
                0x00000000c001bcfa                IOAPIC::IOAPIC()
                0x00000000c001bd22                apicOpen()
                0x00000000c001be88                IOAPIC::handlesGSIWithNumber(unsigned int)
                0x00000000c001beba                IOAPIC::read(int)
                0x00000000c001bee2                IOAPIC::open(int, int, void*)
                0x00000000c001bfd6                IOAPIC::write(int, int)
                0x00000000c001c002                IOAPIC::redirect(unsigned char, unsigned long long, unsigned char, bool, bool)
 *fill*         0x00000000c001c107        0x1 
 .text          0x00000000c001c108       0xf0 hw/timer/apictimer.32
                0x00000000c001c108                APICTimer::close(int, int, void*)
                0x00000000c001c110                apicTimerHandler(regs*, void*)
                0x00000000c001c138                APICTimer::open(int, int, void*)
                0x00000000c001c1a8                APICTimer::write(int)
                0x00000000c001c1d0                APICTimer::APICTimer()
                0x00000000c001c1d0                APICTimer::APICTimer()
 .text          0x00000000c001c1f8      0x1aa hw/timer/pit.32
                0x00000000c001c1f8                PIT::write(int)
                0x00000000c001c27c                pitHandler(regs*, void*)
                0x00000000c001c2a0                PIT::open(int, int, void*)
                0x00000000c001c2f0                PIT::close(int, int, void*)
                0x00000000c001c320                PIT::PIT()
                0x00000000c001c320                PIT::PIT()
 *fill*         0x00000000c001c3a2        0xe 
 .text          0x00000000c001c3b0       0x83 arch/i386/avx.32
                0x00000000c001c3b0                avxDetect
                0x00000000c001c3da                avxSave
                0x00000000c001c3eb                avxLoad
                0x00000000c001c3fc                avxInit
                0x00000000c001c41e                avxClose
                0x00000000c001c41f                wouldSheSayYes
 *fill*         0x00000000c001c433        0xd 
 .text          0x00000000c001c440      0x1d6 arch/i386/interrupt.32
                0x00000000c001c440                isr0
                0x00000000c001c450                isr1
                0x00000000c001c45a                isr2
                0x00000000c001c464                isr3
                0x00000000c001c46e                isr4
                0x00000000c001c478                isr5
                0x00000000c001c482                isr6
                0x00000000c001c48c                isr7
                0x00000000c001c496                isr8
                0x00000000c001c49e                isr9
                0x00000000c001c4a8                isr10
                0x00000000c001c4b0                isr11
                0x00000000c001c4b8                isr12
                0x00000000c001c4c0                isr13
                0x00000000c001c4c8                isr14
                0x00000000c001c4d0                isr15
                0x00000000c001c4da                isr16
                0x00000000c001c4e4                isr17
                0x00000000c001c4ee                isr18
                0x00000000c001c4f8                irq3
                0x00000000c001c502                irq4
                0x00000000c001c50c                irq5
                0x00000000c001c516                irq6
                0x00000000c001c520                irq7
                0x00000000c001c52a                irq8
                0x00000000c001c534                irq9
                0x00000000c001c53e                irq10
                0x00000000c001c548                irq11
                0x00000000c001c552                irq12
                0x00000000c001c55c                irq13
                0x00000000c001c566                irq14
                0x00000000c001c570                irq15
                0x00000000c001c57a                irq1
                0x00000000c001c581                irq2
                0x00000000c001c588                isr96
                0x00000000c001c58f                irq0
                0x00000000c001c594                int_common_stub
                0x00000000c001c594                syscall_common_stub
                0x00000000c001c5c6                irq16
                0x00000000c001c5d0                irq17
                0x00000000c001c5da                irq18
                0x00000000c001c5e4                irq19
                0x00000000c001c5ee                irq20
                0x00000000c001c5f8                irq21
                0x00000000c001c602                irq22
                0x00000000c001c60c                irq23
 *fill*         0x00000000c001c616        0xa 
 .text          0x00000000c001c620       0x10 arch/i386/rdrand.32
                0x00000000c001c620                i386GetRDRAND
 .text          0x00000000c001c630       0x39 arch/i386/sse.32
                0x00000000c001c630                absolutelyNoChanceInHell
                0x00000000c001c630                sseDetect
                0x00000000c001c648                sseSave
                0x00000000c001c650                sseLoad
                0x00000000c001c658                sseInit
                0x00000000c001c668                sseClose
 *fill*         0x00000000c001c669        0x7 
 .text          0x00000000c001c670       0x49 arch/i386/x87.32
                0x00000000c001c676                x87Detect
                0x00000000c001c691                x87Save
                0x00000000c001c698                x87Load
                0x00000000c001c69f                x87Init
                0x00000000c001c6b8                x87Close
 *fill*         0x00000000c001c6b9        0x3 
 .text          0x00000000c001c6bc       0x25 /cygdrive/d/Users/Alex/Desktop/Toolchain/Output/bin/../lib/gcc/i386-banana/8.1.0/crtend.o
 .text          0x00000000c001c6e1        0x0 crtn.32
 *fill*         0x00000000c001c6e1        0x3 
 .text          0x00000000c001c6e4      0x14b /cygdrive/d/Users/Alex/Desktop/Toolchain/Output/bin/../lib/gcc/i386-banana/8.1.0/libkgcc.a(_divdi3.o)
                0x00000000c001c6e4                __divdi3
 *fill*         0x00000000c001c82f        0x1 
 .text          0x00000000c001c830      0x17e /cygdrive/d/Users/Alex/Desktop/Toolchain/Output/bin/../lib/gcc/i386-banana/8.1.0/libkgcc.a(_moddi3.o)
                0x00000000c001c830                __moddi3
 *fill*         0x00000000c001c9ae        0x2 
 .text          0x00000000c001c9b0       0xff /cygdrive/d/Users/Alex/Desktop/Toolchain/Output/bin/../lib/gcc/i386-banana/8.1.0/libkgcc.a(_udivdi3.o)
                0x00000000c001c9b0                __udivdi3
 *fill*         0x00000000c001caaf        0x1 
 .text          0x00000000c001cab0      0x11a /cygdrive/d/Users/Alex/Desktop/Toolchain/Output/bin/../lib/gcc/i386-banana/8.1.0/libkgcc.a(_umoddi3.o)
                0x00000000c001cab0                __umoddi3
 *(.gnu.linkonce.t*)

.iplt           0x00000000c001cbd0        0x0
 .iplt          0x00000000c001cbd0        0x0 D:/Users/Alex/Desktop/Banana/kernel/boot.32

.init           0x00000000c001cbca        0xf
 .init          0x00000000c001cbca        0x3 crti.32
                0x00000000c001cbca                _init
 .init          0x00000000c001cbcd        0x5 /cygdrive/d/Users/Alex/Desktop/Toolchain/Output/bin/../lib/gcc/i386-banana/8.1.0/crtbegin.o
 .init          0x00000000c001cbd2        0x5 /cygdrive/d/Users/Alex/Desktop/Toolchain/Output/bin/../lib/gcc/i386-banana/8.1.0/crtend.o
 .init          0x00000000c001cbd7        0x2 crtn.32

.fini           0x00000000c001cbd9        0xa
 .fini          0x00000000c001cbd9        0x3 crti.32
                0x00000000c001cbd9                _fini
 .fini          0x00000000c001cbdc        0x5 /cygdrive/d/Users/Alex/Desktop/Toolchain/Output/bin/../lib/gcc/i386-banana/8.1.0/crtbegin.o
 .fini          0x00000000c001cbe1        0x2 crtn.32

.text._ZN8ComputerD2Ev
                0x00000000c001cbe4       0x23
 .text._ZN8ComputerD2Ev
                0x00000000c001cbe4       0x23 core/computer.32
                0x00000000c001cbe4                Computer::~Computer()
                0x00000000c001cbe4                Computer::~Computer()

.text._ZN8ComputerD0Ev
                0x00000000c001cc08       0x2a
 .text._ZN8ComputerD0Ev
                0x00000000c001cc08       0x2a core/computer.32
                0x00000000c001cc08                Computer::~Computer()

.text._Z10idleCommonv
                0x00000000c001cc32       0x21
 .text._Z10idleCommonv
                0x00000000c001cc32       0x21 core/idle.32
                0x00000000c001cc32                idleCommon()

.text._ZN10LinkedListI8UnixFileED2Ev
                0x00000000c001cc54        0x2
 .text._ZN10LinkedListI8UnixFileED2Ev
                0x00000000c001cc54        0x2 core/unixfile.32
                0x00000000c001cc54                LinkedList<UnixFile>::~LinkedList()
                0x00000000c001cc54                LinkedList<UnixFile>::~LinkedList()

.text._ZN10LinkedListI8UnixFileEC2Ev
                0x00000000c001cc56       0x42
 .text._ZN10LinkedListI8UnixFileEC2Ev
                0x00000000c001cc56       0x42 core/unixfile.32
                0x00000000c001cc56                LinkedList<UnixFile>::LinkedList()
                0x00000000c001cc56                LinkedList<UnixFile>::LinkedList()

.text._ZN10LinkedListI8UnixFileE10addElementEPS0_
                0x00000000c001cc98       0xd3
 .text._ZN10LinkedListI8UnixFileE10addElementEPS0_
                0x00000000c001cc98       0xd3 core/unixfile.32
                0x00000000c001cc98                LinkedList<UnixFile>::addElement(UnixFile*)

.text._ZN10LinkedListI8UnixFileE15getFirstElementEv
                0x00000000c001cd6c        0x7
 .text._ZN10LinkedListI8UnixFileE15getFirstElementEv
                0x00000000c001cd6c        0x7 core/unixfile.32
                0x00000000c001cd6c                LinkedList<UnixFile>::getFirstElement()

.text._ZN10LinkedListI8UnixFileE11removeFirstEv
                0x00000000c001cd74       0xa1
 .text._ZN10LinkedListI8UnixFileE11removeFirstEv
                0x00000000c001cd74       0xa1 core/unixfile.32
                0x00000000c001cd74                LinkedList<UnixFile>::removeFirst()

.text._ZN10LinkedListI8UnixFileE7getNextEPS0_
                0x00000000c001ce16        0x8
 .text._ZN10LinkedListI8UnixFileE7getNextEPS0_
                0x00000000c001ce16        0x8 core/unixfile.32
                0x00000000c001ce16                LinkedList<UnixFile>::getNext(UnixFile*)

.text._ZN16DriverlessDeviceD2Ev
                0x00000000c001ce1e       0x1a
 .text._ZN16DriverlessDeviceD2Ev
                0x00000000c001ce1e       0x1a hal/device.32
                0x00000000c001ce1e                DriverlessDevice::~DriverlessDevice()
                0x00000000c001ce1e                DriverlessDevice::~DriverlessDevice()

.text._ZN16DriverlessDeviceD0Ev
                0x00000000c001ce38       0x2a
 .text._ZN16DriverlessDeviceD0Ev
                0x00000000c001ce38       0x2a hal/device.32
                0x00000000c001ce38                DriverlessDevice::~DriverlessDevice()

.text._ZN10LinkedListI6DeviceE10addElementEPS0_
                0x00000000c001ce62       0xdc
 .text._ZN10LinkedListI6DeviceE10addElementEPS0_
                0x00000000c001ce62       0xdc hal/device.32
                0x00000000c001ce62                LinkedList<Device>::addElement(Device*)

.text._ZN10LinkedListI6DeviceEC2Ev
                0x00000000c001cf3e       0x42
 .text._ZN10LinkedListI6DeviceEC2Ev
                0x00000000c001cf3e       0x42 hal/device.32
                0x00000000c001cf3e                LinkedList<Device>::LinkedList()
                0x00000000c001cf3e                LinkedList<Device>::LinkedList()

.text._ZN10LinkedListIV18ThreadControlBlockE7isEmptyEv
                0x00000000c001cf80       0x1c
 .text._ZN10LinkedListIV18ThreadControlBlockE7isEmptyEv
                0x00000000c001cf80       0x1c hal/timer.32