Archive member included to satisfy reference by file (symbol)

/cygdrive/d/Users/Alex/Desktop/Toolchain/Output/bin/../lib/gcc/i386-banana/8.1.0/libkgcc.a(_divdi3.o)
                              fs/fat/ff.32 (__divdi3)
/cygdrive/d/Users/Alex/Desktop/Toolchain/Output/bin/../lib/gcc/i386-banana/8.1.0/libkgcc.a(_moddi3.o)
                              thr/elf.32 (__moddi3)
/cygdrive/d/Users/Alex/Desktop/Toolchain/Output/bin/../lib/gcc/i386-banana/8.1.0/libkgcc.a(_udivdi3.o)
                              fs/fat/ff.32 (__udivdi3)
/cygdrive/d/Users/Alex/Desktop/Toolchain/Output/bin/../lib/gcc/i386-banana/8.1.0/libkgcc.a(_umoddi3.o)
                              core/pipe.32 (__umoddi3)
D:/Users/Alex/Desktop/Banana/kernel/libsoftfp.a(sfieeelib.o)
                              hal/sound/sndhw.32 (__addsf3)
D:/Users/Alex/Desktop/Banana/kernel/libsoftfp.a(dfieeelib.o)
                              hal/libresample/src_linear.32 (__adddf3)
D:/Users/Alex/Desktop/Banana/kernel/libsoftfp.a(sfdfcvt.o)
                              hal/libresample/samplerate.32 (__truncdfsf2)
D:/Users/Alex/Desktop/Banana/kernel/libk/libm32.a(s_fabs.c.o)
                              hal/libresample/samplerate.32 (fabs)
D:/Users/Alex/Desktop/Banana/kernel/libk/libm32.a(s_lrint.S.o)
                              hal/libresample/samplerate.32 (lrint)
D:/Users/Alex/Desktop/Banana/kernel/libk/libm32.a(s_lrintf.S.o)
                              hal/sound/sndhw.32 (lrintf)

Discarded input sections

 .comment       0x0000000000000000       0x12 /cygdrive/d/Users/Alex/Desktop/Toolchain/Output/bin/../lib/gcc/i386-banana/8.1.0/crtbegin.o
 .comment       0x0000000000000000       0x12 acpica/utclib.32
 .comment       0x0000000000000000       0x12 core/malloc.32
 .comment       0x0000000000000000       0x12 libk/string.32
 .comment       0x0000000000000000       0x12 fs/fat/diskio.32
 .comment       0x0000000000000000       0x12 fs/fat/ff.32
 .comment       0x0000000000000000       0x12 fs/fat/ffsystem.32
 .comment       0x0000000000000000       0x12 fs/fat/ffunicode.32
 .comment       0x0000000000000000       0x12 hal/libresample/samplerate.32
 .comment       0x0000000000000000       0x12 hal/libresample/src_linear.32
 .comment       0x0000000000000000       0x12 hal/libresample/src_sinc.32
 .comment       0x0000000000000000       0x12 hal/libresample/src_zoh.32
 .group         0x0000000000000000       0x14 core/computer.32
 .group         0x0000000000000000        0xc core/computer.32
 .comment       0x0000000000000000       0x12 core/computer.32
 .comment       0x0000000000000000       0x12 core/gdt.32
 .group         0x0000000000000000        0xc core/idle.32
 .comment       0x0000000000000000       0x12 core/idle.32
 .comment       0x0000000000000000       0x12 core/idt.32
 .group         0x0000000000000000        0x8 core/kheap.32
 .group         0x0000000000000000        0x8 core/kheap.32
 .comment       0x0000000000000000       0x12 core/kheap.32
 .comment       0x0000000000000000       0x12 core/main.32
 .comment       0x0000000000000000       0x12 core/physmgr.32
 .group         0x0000000000000000        0xc core/pipe.32
 .comment       0x0000000000000000       0x12 core/pipe.32
 .group         0x0000000000000000        0xc core/terminal.32
 .comment       0x0000000000000000       0x12 core/terminal.32
 .group         0x0000000000000000        0x8 core/tss.32
 .text._ZN3CPU7readCR3Ev
                0x0000000000000000       0x12 core/tss.32
 .comment       0x0000000000000000       0x12 core/tss.32
 .group         0x0000000000000000        0x8 core/unixfile.32
 .group         0x0000000000000000        0xc core/unixfile.32
 .group         0x0000000000000000        0xc core/unixfile.32
 .group         0x0000000000000000        0x8 core/unixfile.32
 .group         0x0000000000000000        0xc core/unixfile.32
 .group         0x0000000000000000        0x8 core/unixfile.32
 .group         0x0000000000000000        0xc core/unixfile.32
 .group         0x0000000000000000        0xc core/unixfile.32
 .comment       0x0000000000000000       0x12 core/unixfile.32
 .group         0x0000000000000000        0x8 core/virtmgr.32
 .group         0x0000000000000000        0x8 core/virtmgr.32
 .text._ZN3CPU7readCR3Ev
                0x0000000000000000       0x12 core/virtmgr.32
 .text._ZN3CPU8writeCR3Em
                0x0000000000000000        0x9 core/virtmgr.32
 .comment       0x0000000000000000       0x12 core/virtmgr.32
 .comment       0x0000000000000000       0x12 coreobjs/c++.32
 .comment       0x0000000000000000       0x12 dbg/kconsole.32
 .group         0x0000000000000000        0xc fs/vfs.32
 .group         0x0000000000000000        0xc fs/vfs.32
 .group         0x0000000000000000        0xc fs/vfs.32
 .comment       0x0000000000000000       0x12 fs/vfs.32
 .group         0x0000000000000000        0xc hal/bus.32
 .comment       0x0000000000000000       0x12 hal/bus.32
 .group         0x0000000000000000        0xc hal/buzzer.32
[...]
Memory Configuration

Name             Origin             Length             Attributes
*default*        0x0000000000000000 0xffffffffffffffff

Linker script and memory map

LOAD D:/Users/Alex/Desktop/Banana/kernel/boot.32
LOAD crti.32
LOAD /cygdrive/d/Users/Alex/Desktop/Toolchain/Output/bin/../lib/gcc/i386-banana/8.1.0/crtbegin.o
LOAD D:/Users/Alex/Desktop/Banana/kernel/morenasm.32
LOAD acpica/utclib.32
LOAD core/malloc.32
LOAD libk/string.32
LOAD fs/fat/diskio.32
LOAD fs/fat/ff.32
LOAD fs/fat/ffsystem.32
LOAD fs/fat/ffunicode.32
LOAD hal/libresample/samplerate.32
LOAD hal/libresample/src_linear.32
LOAD hal/libresample/src_sinc.32
LOAD hal/libresample/src_zoh.32
LOAD core/computer.32
LOAD core/gdt.32
LOAD core/idle.32
LOAD core/idt.32
LOAD core/kheap.32
LOAD core/main.32
LOAD core/physmgr.32
LOAD core/pipe.32
LOAD core/terminal.32
LOAD core/tss.32
LOAD core/unixfile.32
LOAD core/virtmgr.32
LOAD coreobjs/c++.32
LOAD dbg/kconsole.32
LOAD fs/vfs.32
LOAD hal/bus.32
LOAD hal/buzzer.32
LOAD hal/clock.32
LOAD hal/device.32
LOAD hal/diskctrl.32
LOAD hal/diskphys.32
LOAD hal/fpu.32
LOAD hal/intctrl.32
LOAD hal/keybrd.32
LOAD hal/logidisk.32
LOAD hal/mouse.32
LOAD hal/partition.32
LOAD hal/timer.32
LOAD hal/vcache.32
LOAD hal/video.32
LOAD hw/acpi.32
LOAD hw/cpu.32
LOAD hw/ports.32
LOAD hw/x87em.32
LOAD krnl/panic.32
LOAD reg/registry.32
LOAD sys/sc_exit.32
LOAD sys/sc_loaddll.32
LOAD sys/sc_read.32
LOAD sys/sc_sbrk.32
LOAD sys/sc_write.32
LOAD sys/sc_yield.32
LOAD sys/syscalls.32
LOAD thr/elf.32
LOAD thr/prcssthr.32
LOAD vm86/vm8086.32
LOAD fs/fat/vfslink.32
LOAD fs/iso9660/vfslink.32
LOAD hal/sound/sndchannel.32
LOAD hal/sound/sndhw.32
LOAD hw/bus/isa.32
LOAD hw/bus/pci.32
LOAD hw/diskctrl/ide.32
LOAD hw/diskphys/ata.32
LOAD hw/diskphys/atapi.32
LOAD hw/fpu/avx.32
LOAD hw/fpu/mmx.32
LOAD hw/fpu/sse.32
LOAD hw/fpu/x87.32
LOAD hw/intctrl/apic.32
LOAD hw/intctrl/pic.32
LOAD hw/timer/apictimer.32
LOAD hw/timer/pit.32
LOAD hw/fpu/x86/avx.32
LOAD hw/fpu/x86/sse.32
LOAD hw/fpu/x86/x87.32
LOAD /cygdrive/d/Users/Alex/Desktop/Toolchain/Output/bin/../lib/gcc/i386-banana/8.1.0/crtend.o
LOAD crtn.32
LOAD /cygdrive/d/Users/Alex/Desktop/Toolchain/Output/bin/../lib/gcc/i386-banana/8.1.0/libkgcc.a
LOAD D:/Users/Alex/Desktop/Banana/kernel/libsoftfp.a
LOAD D:/Users/Alex/Desktop/Banana/kernel/libk/libm32.a
                0x00000000c0000000                . = 0xc0000000

.text           0x00000000c0000000    0x26a28
 *(.text)
 .text          0x00000000c0000000       0x41 D:/Users/Alex/Desktop/Banana/kernel/boot.32
                0x00000000c0000020                callGlobalConstructors
 .text          0x00000000c0000041        0x0 crti.32
 *fill*         0x00000000c0000041        0x3 
 .text          0x00000000c0000044      0x101 /cygdrive/d/Users/Alex/Desktop/Toolchain/Output/bin/../lib/gcc/i386-banana/8.1.0/crtbegin.o
 *fill*         0x00000000c0000145        0xb 
 .text          0x00000000c0000150      0x4fd D:/Users/Alex/Desktop/Banana/kernel/morenasm.32
                0x00000000c0000150                prepareTramp
                0x00000000c0000169                voodooXADD
                0x00000000c000022e                doTPAUSE
                0x00000000c0000238                hasLegacyFPU
                0x00000000c000025d                is486
                0x00000000c0000293                goToVM86
                0x00000000c00002c4                goToUsermode
                0x00000000c00002ef                switchToThreadASMFirstTime
                0x00000000c00002fd                switchToThreadASM
                0x00000000c000039d                detectCPUID
                0x00000000c00003b3                asmQuickAcquireLock
                0x00000000c00003d1                asmQuickReleaseLock
                0x00000000c00003dd                asmAcquireLock
                0x00000000c00003fe                asmReleaseLock
                0x00000000c0000411                loadGDT
                0x00000000c0000431                isr0
                0x00000000c0000441                isr1
                0x00000000c000044b                isr2
                0x00000000c0000455                isr3
                0x00000000c000045f                isr4
                0x00000000c0000469                isr5
                0x00000000c0000473                isr6
                0x00000000c000047d                isr7
                0x00000000c0000487                isr8
                0x00000000c000048f                isr9
                0x00000000c0000499                isr10
                0x00000000c00004a1                isr11
                0x00000000c00004a9                isr12
                0x00000000c00004b1                isr13
                0x00000000c00004b9                isr14
                0x00000000c00004c1                isr15
                0x00000000c00004cb                isr16
                0x00000000c00004d5                isr17
                0x00000000c00004df                isr18
                0x00000000c00004e9                isr96
                0x00000000c00004f3                irq0
                0x00000000c00004fd                irq1
                0x00000000c0000507                irq2
                0x00000000c0000511                irq3
                0x00000000c000051b                irq4
                0x00000000c0000525                irq5
                0x00000000c000052f                irq6
                0x00000000c0000539                irq7
                0x00000000c0000543                irq8
                0x00000000c000054d                irq9
                0x00000000c0000557                irq10
                0x00000000c0000561                irq11
                0x00000000c000056b                irq12
                0x00000000c0000575                irq13
                0x00000000c000057f                irq14
                0x00000000c0000589                irq15
                0x00000000c0000593                irq16
                0x00000000c000059d                irq17
                0x00000000c00005a7                irq18
                0x00000000c00005b1                irq19
                0x00000000c00005bb                irq20
                0x00000000c00005c5                irq21
                0x00000000c00005cf                irq22
                0x00000000c00005d9                irq23
                0x00000000c00005e3                int_common_stub
                0x00000000c0000613                syscall_common_stub
 .text          0x00000000c000064d      0x40f acpica/utclib.32
                0x00000000c000064d                memcmp
                0x00000000c0000678                memmove
                0x00000000c00006b0                memcpy
                0x00000000c00006e6                memset
                0x00000000c0000703                strlen
                0x00000000c0000713                strpbrk
                0x00000000c0000736                strtok
                0x00000000c0000785                strcpy
                0x00000000c00007a5                strncpy
                0x00000000c00007d6                strcmp
                0x00000000c00007f7                strchr
                0x00000000c000080d                strncmp
                0x00000000c000083c                strcat
                0x00000000c0000863                strncat
                0x00000000c000089d                strstr
                0x00000000c00008da                toupper
                0x00000000c00008ee                tolower
                0x00000000c0000902                simple_strtoul
 .text          0x00000000c0000a5c      0xfbf core/malloc.32
                0x00000000c0000bc7                dlfree
                0x00000000c0000f22                dlmalloc
                0x00000000c000145f                dlrealloc
                0x00000000c0001614                dlmemalign
                0x00000000c0001737                dlcalloc
                0x00000000c00017d1                dlcfree
                0x00000000c00017d6                dlindependent_calloc
                0x00000000c00017fb                dlindependent_comalloc
                0x00000000c0001812                dlvalloc
                0x00000000c000183d                dlpvalloc
                0x00000000c0001873                dlmalloc_trim
                0x00000000c0001880                dlmalloc_usable_size
                0x00000000c00018b1                dlmallinfo
                0x00000000c0001980                dlmalloc_stats
                0x00000000c0001991                dlmallopt
 .text          0x00000000c0001a1b        0x0 libk/string.32
 .text          0x00000000c0001a1b       0x51 fs/fat/diskio.32
                0x00000000c0001a1b                disk_status
                0x00000000c0001a1e                disk_initialize
                0x00000000c0001a21                disk_read
                0x00000000c0001a37                disk_write
                0x00000000c0001a4d                disk_ioctl
 .text          0x00000000c0001a6c     0x6833 fs/fat/ff.32
                0x00000000c0004d3a                f_mount
                0x00000000c0004d9c                f_open
                0x00000000c00051d8                f_read
                0x00000000c0005458                f_write
                0x00000000c0005712                f_sync
                0x00000000c00058ee                f_close
                0x00000000c000591d                f_lseek
                0x00000000c0005dd4                f_opendir
                0x00000000c0005ed6                f_closedir
                0x00000000c0005ef8                f_readdir
                0x00000000c0005f93                f_stat
                0x00000000c0006022                f_getfree
                0x00000000c00061ed                f_truncate
                0x00000000c00062e5                f_unlink
                0x00000000c0006468                f_mkdir
                0x00000000c0006694                f_rename
                0x00000000c0006987                f_chmod
                0x00000000c0006a65                f_utime
                0x00000000c0006b43                f_getlabel
                0x00000000c0006d31                f_setlabel
                0x00000000c0006f9e                f_forward
                0x00000000c000717c                f_mkfs
 .text          0x00000000c000829f       0x2d fs/fat/ffsystem.32
                0x00000000c000829f                ff_memalloc
                0x00000000c00082b5                ff_memfree
 .text          0x00000000c00082cc      0x253 fs/fat/ffunicode.32
                0x00000000c00082cc                ff_uni2oem
                0x00000000c000835c                ff_oem2uni
                0x00000000c00083c8                ff_wtoupper
 .text          0x00000000c000851f      0x8a1 hal/libresample/samplerate.32
                0x00000000c00085c6                src_delete
                0x00000000c0008602                src_process
                0x00000000c0008776                src_callback_read
                0x00000000c00088d1                src_set_ratio
                0x00000000c000891a                src_get_channels
                0x00000000c000893c                src_reset
                0x00000000c0008988                src_new
                0x00000000c0008a16                src_callback_new
                0x00000000c0008a78                src_get_name
                0x00000000c0008aaf                src_get_description
                0x00000000c0008ae6                src_get_version
                0x00000000c0008aec                src_is_valid_ratio
                0x00000000c0008b08                src_error
                0x00000000c0008b16                src_strerror
                0x00000000c0008b29                src_simple
                0x00000000c0008b7c                src_short_to_float_array
                0x00000000c0008be1                src_float_to_short_array
                0x00000000c0008ca0                src_int_to_float_array
                0x00000000c0008d03                src_float_to_int_array
 .text          0x00000000c0008dc0      0x8f0 hal/libresample/src_linear.32
                0x00000000c000960b                linear_get_name
                0x00000000c000961a                linear_get_description
                0x00000000c0009629                linear_set_converter
 .text          0x00000000c00096b0     0x40fd hal/libresample/src_sinc.32
                0x00000000c000d6c4                sinc_get_name
                0x00000000c000d6d7                sinc_get_description
                0x00000000c000d6ea                sinc_set_converter
 .text          0x00000000c000d7ad      0x7a6 hal/libresample/src_zoh.32
                0x00000000c000deae                zoh_get_name
                0x00000000c000debd                zoh_get_description
                0x00000000c000decc                zoh_set_converter
 *fill*         0x00000000c000df53        0x1 
 .text          0x00000000c000df54      0x9e1 core/computer.32
                0x00000000c000df54                Computer::close(int, int, void*)
                0x00000000c000df98                Computer::Computer()
                0x00000000c000df98                Computer::Computer()
                0x00000000c000e0f4                Computer::setBootMessage(char const*)
                0x00000000c000e0f6                Computer::start()
                0x00000000c000e1d2                firstTask()
                0x00000000c000e1e0                Computer::detectFeatures()
                0x00000000c000e3ba                Computer::displayFeatures()
                0x00000000c000e700                Computer::rdmsr(unsigned int)
                0x00000000c000e72c                Computer::wrmsr(unsigned int, unsigned long long)
                0x00000000c000e764                Computer::nmiEnabled()
                0x00000000c000e770                Computer::readCMOS(unsigned char)
                0x00000000c000e78a                Computer::enableNMI(bool)
                0x00000000c000e7a2                Computer::open(int, int, void*)
                0x00000000c000e878                Computer::disableNMI()
                0x00000000c000e886                Computer::writeCMOS(unsigned char, unsigned char)
                0x00000000c000e8a4                Computer::handleNMI()
                0x00000000c000e90a                Computer::setDiskActivityLight(int, bool)
 *fill*         0x00000000c000e935        0x1 
 .text          0x00000000c000e936      0x1b7 core/gdt.32
                0x00000000c000e936                GDTEntry::setBase(unsigned int)
                0x00000000c000e952                GDTEntry::setLimit(unsigned int)
                0x00000000c000e970                GDT::GDT()
                0x00000000c000e970                GDT::GDT()
                0x00000000c000e986                GDT::addEntry(GDTEntry)
                0x00000000c000e9c2                GDT::getNumberOfEntries()
                0x00000000c000e9ca                GDT::flush()
                0x00000000c000e9ec                GDT::setup()
 .text          0x00000000c000eaed       0x61 core/idle.32
                0x00000000c000eaed                idleFunction(void*)
 .text          0x00000000c000eb4e      0x45f core/idt.32
                0x00000000c000eb4e                IDTEntry::IDTEntry(bool)
                0x00000000c000eb4e                IDTEntry::IDTEntry(bool)
                0x00000000c000ebbc                IDTEntry::setOffset(unsigned int)
                0x00000000c000ebd0                IDT::IDT()
                0x00000000c000ebd0                IDT::IDT()
                0x00000000c000ebd2                IDT::getPointerToInvalidOpcodeEntryForF00F()
                0x00000000c000ebda                IDT::addEntry(IDTEntry, int)
                0x00000000c000ebf4                IDT::addEntry(int, void (*)(), bool)
                0x00000000c000ec2c                IDT::flush()
                0x00000000c000ec46                IDT::setup()
 .text          0x00000000c000efad      0x20d core/kheap.32
                0x00000000c000efad                sbrk
                0x00000000c000f0c5                mmap
                0x00000000c000f0db                munmap
                0x00000000c000f0f1                liballoc_lock()
                0x00000000c000f102                liballoc_unlock()
                0x00000000c000f113                liballoc_alloc(int)
                0x00000000c000f12e                liballoc_free(void*, int)
                0x00000000c000f14c                realloc
                0x00000000c000f160                malloc
                0x00000000c000f170                free
                0x00000000c000f180                rfree
                0x00000000c000f190                calloc
 .text          0x00000000c000f1ba      0x38d core/main.32
                0x00000000c000f1ba                hwTextMode_loadInData(VgaText*)
                0x00000000c000f1ff                hwTextMode_loadInTitle(VgaText*, char*)
                0x00000000c000f241                hwTextMode_showCursor(VgaText*, bool)
                0x00000000c000f295                hwTextMode_update(VgaText*)
                0x00000000c000f296                hwTextMode_updateCursor(VgaText*)
                0x00000000c000f2de                hwTextMode_disableBlink(VgaText*, bool)
                0x00000000c000f31a                hwTextMode_scrollScreen(VgaText*)
                0x00000000c000f3a0                hwTextMode_writeCharacter(VgaText*, char, VgaColour, VgaColour, int, int)
                0x00000000c000f3fe                setupTextMode()
                0x00000000c000f44f                kernel_main
 .text          0x00000000c000f547      0x4f3 core/physmgr.32
                0x00000000c000f547                Phys::allocateDMA(unsigned long)
                0x00000000c000f5ea                Phys::freeDMA(unsigned long, unsigned long)
                0x00000000c000f632                Phys::setPageState(unsigned long, bool)
                0x00000000c000f664                Phys::getPageState(unsigned long)
                0x00000000c000f680                Phys::freePage(unsigned long)
                0x00000000c000f70a                Phys::allocatePage()
                0x00000000c000f7d2                Phys::allowSegmentToBeUsed(unsigned long, unsigned long)
                0x00000000c000f80a                Phys::physicalMemorySetup(unsigned int)
 .text          0x00000000c000fa3a      0x273 core/pipe.32
                0x00000000c000fa3a                Pipe::isAtty()
                0x00000000c000fa3e                Pipe::~Pipe()
                0x00000000c000fa3e                Pipe::~Pipe()
                0x00000000c000fa62                Pipe::~Pipe()
                0x00000000c000fa8a                Pipe::read(unsigned long long, void*, int*)
                0x00000000c000fb7e                Pipe::write(unsigned long long, void*, int*)
                0x00000000c000fc46                Pipe::Pipe(int)
                0x00000000c000fc46                Pipe::Pipe(int)
 *fill*         0x00000000c000fcad        0x1 
 .text          0x00000000c000fcae      0xf65 core/terminal.32
                0x00000000c000fcae                VgaText::isAtty()
                0x00000000c000fcb2                VgaText::~VgaText()
                0x00000000c000fcb2                VgaText::~VgaText()
                0x00000000c000fcd6                VgaText::~VgaText()
                0x00000000c000fd00                VgaText::read(unsigned long long, void*, int*)
                0x00000000c000fd20                setTerminalScrollLock(bool)
                0x00000000c000fd21                addToTerminalCycle(VgaText*)
                0x00000000c000fd4e                installVgaTextImplementation()
                0x00000000c000fd63                scrollTerminalScrollLock(int)
                0x00000000c000fd64                VgaText::load()
                0x00000000c000fdb8                VgaText::updateCursor()
                0x00000000c000fdd2                VgaText::showCursor(bool)
                0x00000000c000fde2                VgaText::disableBlink(bool)
                0x00000000c000fe1c                VgaText::doANSI_SGR(int)
                0x00000000c000fea8                VgaText::setDefaultBgColour(VgaColour)
                0x00000000c000febe                VgaText::setDefaultFgColour(VgaColour)
                0x00000000c000fed4                VgaText::setDefaultColours(VgaColour, VgaColour)
                0x00000000c000fef4                VgaText::combineColours(unsigned char, unsigned char)
                0x00000000c000ff06                VgaText::scrollScreen()
                0x00000000c000ff9a                VgaText::combineCharAndColour(char, unsigned char)
                0x00000000c000ffac                VgaText::writeCharacter(char, VgaColour, VgaColour, int, int)
                0x00000000c001000c                VgaText::getCursorX()
                0x00000000c0010018                VgaText::getCursorY()
                0x00000000c0010024                VgaText::setCursor(int, int)
                0x00000000c0010042                VgaText::setCursorX(int)
                0x00000000c001005e                VgaText::setCursorY(int)
                0x00000000c001007a                VgaText::incrementCursor(bool)
                0x00000000c00100e2                VgaText::updateRAMUsageDisplay(int)
                0x00000000c001013c                VgaText::updateDiskUsage()
                0x00000000c00102a2                VgaText::updateTitle()
                0x00000000c00102e8                VgaText::setTitleTextColour(VgaColour)
                0x00000000c00102f8                VgaText::setTitleColour(VgaColour)
                0x00000000c0010308                VgaText::setTitle(char*)
                0x00000000c001032e                VgaText::decrementCursor(bool)
                0x00000000c0010356                VgaText::putchar(char, VgaColour, VgaColour)
                0x00000000c0010452                VgaText::isShowingCursor()
                0x00000000c001045e                VgaText::isBlinkDisabled()
                0x00000000c001046c                VgaText::setCursorHeight(int)
                0x00000000c001048a                VgaText::getCursorHeight()
                0x00000000c0010495                setActiveTerminal(VgaText*)
                0x00000000c0010547                doTerminalCycle()
                0x00000000c0010564                VgaText::doUpdate()
                0x00000000c0010576                VgaText::puts(char const*, VgaColour, VgaColour)
                0x00000000c0010736                VgaText::clearScreen()
                0x00000000c001079a                VgaText::putchar(char)
                0x00000000c00108b4                VgaText::puts(char const*)
                0x00000000c00108da                VgaText::putx(unsigned int)
                0x00000000c0010920                VgaText::VgaText(char const*)
                0x00000000c0010920                VgaText::VgaText(char const*)
                0x00000000c0010ab2                VgaText::receiveKey(unsigned char)
                0x00000000c0010b9a                VgaText::write(unsigned long long, void*, int*)
                0x00000000c0010bee                newTerminal(char*)
 *fill*         0x00000000c0010c13        0x1 
 .text          0x00000000c0010c14      0x18f core/tss.32
                0x00000000c0010c14                TSS::TSS()
                0x00000000c0010c14                TSS::TSS()
                0x00000000c0010c22                TSS::setESP(unsigned long)
                0x00000000c0010c34                TSS::flush()
                0x00000000c0010c54                TSS::setup(unsigned long, unsigned long)
 *fill*         0x00000000c0010da3        0x1 
 .text          0x00000000c0010da4      0x482 core/unixfile.32
                0x00000000c0010da4                ReservedFilename::read(unsigned long long, void*, int*)
                0x00000000c0010dfa                ReservedFilename::isAtty()
                0x00000000c0010e16                ReservedFilename::write(unsigned long long, void*, int*)
                0x00000000c0010e74                UnixFile::getFileDescriptor()
                0x00000000c0010e7c                UnixFile::UnixFile(int)
                0x00000000c0010e7c                UnixFile::UnixFile(int)
                0x00000000c0010fec                ReservedFilename::ReservedFilename(int)
                0x00000000c0010fec                ReservedFilename::ReservedFilename(int)
                0x00000000c001101e                UnixFile::~UnixFile()
                0x00000000c001101e                UnixFile::~UnixFile()
                0x00000000c00110b6                UnixFile::~UnixFile()
                0x00000000c00110de                ReservedFilename::~ReservedFilename()
                0x00000000c00110de                ReservedFilename::~ReservedFilename()
                0x00000000c0011102                ReservedFilename::~ReservedFilename()
                0x00000000c0011129                getFromFileDescriptor(int)
 .text          0x00000000c0011226      0xec7 core/virtmgr.32
                0x00000000c0011226                Virt::setPageState(unsigned long, Virt::VirtPageState)
                0x00000000c001125b                Virt::getPageState(unsigned long)
                0x00000000c001127f                Virt::allocateKernelVirtualPages(int)
                0x00000000c0011390                Virt::virtualMemorySetup()
                0x00000000c001140f                Virt::getAKernelVAS()
                0x00000000c0011415                Virt::setupPageSwapping(int)
                0x00000000c001153a                VAS::VAS()
                0x00000000c001153a                VAS::VAS()
                0x00000000c001156a                VAS::VAS(VAS*)
                0x00000000c001156a                VAS::VAS(VAS*)
                0x00000000c001158e                VAS::getForeignPageTableEntry(bool, unsigned long)
                0x00000000c00115ba                VAS::getPageTableEntry(unsigned long)
                0x00000000c00115d9                Virt::freeKernelVirtualPages(unsigned long)
                0x00000000c00116fc                VAS::freeAllocatedPages(unsigned long)
                0x00000000c0011720                VAS::virtualToPhysical(unsigned long)
                0x00000000c0011738                VAS::reflagRange(unsigned long, int, int, int)
                0x00000000c0011778                VAS::setToWriteCombining(unsigned long, int)
                0x00000000c00117b0                VAS::mapOtherVASIn(bool, VAS*)
                0x00000000c00117e6                VAS::~VAS()
                0x00000000c00117e6                VAS::~VAS()
                0x00000000c0011952                VAS::mapPage(unsigned long, unsigned long, int)
                0x00000000c0011a52                VAS::allocatePages(int, int)
                0x00000000c0011c22                VAS::setCPUSpecific(unsigned long)
                0x00000000c0011c3e                VAS::mapRange(unsigned long, unsigned long, int, int)
                0x00000000c0011d08                VAS::mapForeignPage(bool, VAS*, unsigned long, unsigned long, int)
                0x00000000c0011df6                VAS::VAS(bool)
                0x00000000c0011df6                VAS::VAS(bool)
                0x00000000c0012026                mapVASFirstTime
 .text          0x00000000c00120ed       0x93 coreobjs/c++.32
                0x00000000c00120ed                __cxa_atexit
                0x00000000c00120f0                __cxa_finalize
                0x00000000c00120f1                __stack_chk_fail
                0x00000000c0012151                __cxa_pure_virtual
                0x00000000c0012162                operator new(unsigned long)
                0x00000000c0012167                operator new[](unsigned long)
                0x00000000c001216c                operator delete(void*)
                0x00000000c0012171                operator delete(void*, unsigned long)
                0x00000000c0012176                operator delete[](void*)
                0x00000000c001217b                operator delete[](void*, unsigned long)
 .text          0x00000000c0012180      0x1ef dbg/kconsole.32
                0x00000000c0012180                Dbg::stringifyxWithBase(unsigned int, char*, int)
                0x00000000c00121e1                Dbg::logc(char)
                0x00000000c00121f8                Dbg::logs(char*)
                0x00000000c0012215                Dbg::logWriteInt(unsigned int)
                0x00000000c0012232                Dbg::logWriteIntBase(unsigned int, int)
                0x00000000c0012251                Dbg::kprintf(char const*, ...)
 *fill*         0x00000000c001236f        0x1 
 .text          0x00000000c0012370      0xb68 fs/vfs.32
                0x00000000c0012370                File::read(unsigned long long, void*, int*)
                0x00000000c00123c8                File::write(unsigned long long, void*, int*)
                0x00000000c0012420                Directory::read(unsigned long long, void*, int*)
                0x00000000c0012478                Directory::write(unsigned long long, void*, int*)
                0x00000000c00124a6                File::isAtty()
                0x00000000c00124aa                Directory::isAtty()
                0x00000000c00124ae                Filesystem::getlabel(LogicalDisk*, int, char*, unsigned int*)
                0x00000000c00124b4                Filesystem::setlabel(LogicalDisk*, int, char*)
                0x00000000c00124ba                File::~File()
                0x00000000c00124ba                File::~File()
                0x00000000c00124de                File::~File()
                0x00000000c0012508                Directory::~Directory()
                0x00000000c0012508                Directory::~Directory()
                0x00000000c001252c                Directory::~Directory()
                0x00000000c0012556                Filesystem::Filesystem()
                0x00000000c0012556                Filesystem::Filesystem()
                0x00000000c001257a                Filesystem::~Filesystem()
                0x00000000c001257a                Filesystem::~Filesystem()
                0x00000000c0012588                Filesystem::~Filesystem()
                0x00000000c00125ac                initVFS()
                0x00000000c00125d6                standardiseFiles(char*, char const*, char const*)
                0x00000000c0012780                File::File(char const*, Process*)
                0x00000000c0012780                File::File(char const*, Process*)
                0x00000000c00127e4                File::open(FileOpenMode)
                0x00000000c0012842                File::close()
                0x00000000c00128a2                File::seek(unsigned long long)
                0x00000000c00128f8                File::tell(unsigned long long*)
                0x00000000c0012948                File::rewind()
                0x00000000c001295c                File::unlink()
                0x00000000c00129a8                File::rename(char const*)
                0x00000000c00129f6                File::chfatattr(unsigned char, unsigned char)
                0x00000000c0012a52                File::exists()
                0x00000000c0012a90                File::stat(unsigned long long*, bool*)
                0x00000000c0012af1                getcwd(Process*, char*, int)
                0x00000000c0012b1b                setcwd(Process*, char*)
                0x00000000c0012c42                Directory::Directory(char const*, Process*)
                0x00000000c0012c42                Directory::Directory(char const*, Process*)
                0x00000000c0012ca6                Directory::open()
                0x00000000c0012d02                Directory::close()
                0x00000000c0012d62                Directory::unlink()
                0x00000000c0012dae                Directory::rename(char const*)
                0x00000000c0012dfc                Directory::exists()
                0x00000000c0012e3a                Directory::read(dirent*)
                0x00000000c0012e86                Directory::create()
                0x00000000c0012ed2                Filesystem::chfatattr(char const*, unsigned char, unsigned char)
 .text          0x00000000c0012ed8       0x84 hal/bus.32
                0x00000000c0012ed8                Bus::Bus(char const*)
                0x00000000c0012ed8                Bus::Bus(char const*)
                0x00000000c0012f0e                Bus::~Bus()
                0x00000000c0012f0e                Bus::~Bus()
                0x00000000c0012f32                Bus::~Bus()
 .text          0x00000000c0012f5c      0x14e hal/buzzer.32
                0x00000000c0012f5c                Buzzer::Buzzer(char const*)
                0x00000000c0012f5c                Buzzer::Buzzer(char const*)
                0x00000000c0012fa0                Buzzer::~Buzzer()
                0x00000000c0012fa0                Buzzer::~Buzzer()
                0x00000000c0012fc4                Buzzer::~Buzzer()
                0x00000000c0012fee                Buzzer::stop()
                0x00000000c0013001                beepThread(void*)
                0x00000000c001303c                Buzzer::beep(int, int, bool)
 .text          0x00000000c00130aa      0x42f hal/clock.32
                0x00000000c00130aa                loadClockSettings()
                0x00000000c00130c4                Clock::Clock(char const*)
                0x00000000c00130c4                Clock::Clock(char const*)
                0x00000000c00130fa                Clock::~Clock()
                0x00000000c00130fa                Clock::~Clock()
                0x00000000c001311e                Clock::~Clock()
                0x00000000c0013148                Clock::timeInSecondsLocal()
                0x00000000c0013190                Clock::setTimeInSecondsLocal(unsigned long long)
                0x00000000c00131e9                datetimeToSeconds(datetime_t)
                0x00000000c0013310                Clock::setTimeInDatetimeLocal(datetime_t)
                0x00000000c0013370                secondsToDatetime(unsigned long long)
                0x00000000c00134b4                Clock::timeInDatetimeLocal()
 *fill*         0x00000000c00134d9        0x1 
 .text          0x00000000c00134da      0x504 hal/device.32
                0x00000000c00134da                Device::hibernate()
                0x00000000c00134dc                Device::wake()
                0x00000000c00134de                Device::detect()
                0x00000000c00134e0                Device::disableLegacy()
                0x00000000c00134e2                Device::powerSaving(PowerSavingLevel)
                0x00000000c00134e4                DriverlessDevice::close(int, int, void*)
                0x00000000c00134e8                DriverlessDevice::detect()
                0x00000000c00134ea                DriverlessDevice::open(int, int, void*)
                0x00000000c00134fe                Device::~Device()
                0x00000000c00134fe                Device::~Device()
                0x00000000c001350c                Device::~Device()
                0x00000000c0013534                Device::findAndLoadDriver()
                0x00000000c0013536                Device::preOpenPCI(PCIDeviceInfo)
                0x00000000c001355c                Device::preOpenACPI(void*, char*, char*)
                0x00000000c00135b0                Device::addIRQHandler(int, void (*)(regs*, void*), bool, void*)
                0x00000000c001360e                Device::removeIRQHandler(int, void (*)(regs*, void*), bool)
                0x00000000c001365c                Device::addChild(Device*)
                0x00000000c00136a0                Device::removeAllChildren()
                0x00000000c00136e6                Device::hibernateAll()
                0x00000000c0013716                Device::wakeAll()
                0x00000000c0013746                Device::detectAll()
                0x00000000c0013776                Device::disableLegacyAll()
                0x00000000c00137a6                Device::loadDriversForAll()
                0x00000000c00137d2                Device::closeAll()
                0x00000000c0013808                Device::powerSavingAll(PowerSavingLevel)
                0x00000000c001383e                Device::setName(char const*)
                0x00000000c001384c                Device::Device(char const*)
                0x00000000c001384c                Device::Device(char const*)
                0x00000000c001393e                Device::getName()
                0x00000000c0013948                DriverlessDevice::DriverlessDevice(char const*)
                0x00000000c0013948                DriverlessDevice::DriverlessDevice(char const*)
                0x00000000c0013970                Device::addToLinkedList(LinkedList<Device>&, DeviceType)
                0x00000000c00139b4                getDevicesOfType(DeviceType)
 .text          0x00000000c00139de       0x84 hal/diskctrl.32
                0x00000000c00139de                HardDiskController::HardDiskController(char const*)
                0x00000000c00139de                HardDiskController::HardDiskController(char const*)
                0x00000000c0013a14                HardDiskController::~HardDiskController()
                0x00000000c0013a14                HardDiskController::~HardDiskController()
                0x00000000c0013a38                HardDiskController::~HardDiskController()
 .text          0x00000000c0013a62       0xde hal/diskphys.32
                0x00000000c0013a62                PhysicalDisk::PhysicalDisk(char const*, int)
                0x00000000c0013a62                PhysicalDisk::PhysicalDisk(char const*, int)
                0x00000000c0013aca                PhysicalDisk::startCache()
                0x00000000c0013af2                PhysicalDisk::~PhysicalDisk()
                0x00000000c0013af2                PhysicalDisk::~PhysicalDisk()
                0x00000000c0013b16                PhysicalDisk::~PhysicalDisk()
 .text          0x00000000c0013b40      0x142 hal/fpu.32
                0x00000000c0013b40                FPU::FPU(char const*)
                0x00000000c0013b40                FPU::FPU(char const*)
                0x00000000c0013b76                FPU::~FPU()
                0x00000000c0013b76                FPU::~FPU()
                0x00000000c0013b9a                FPU::~FPU()
                0x00000000c0013bc4                setupFPU()
 .text          0x00000000c0013c82     0x12c1 hal/intctrl.32
                0x00000000c0013c82                InterruptController::uninstallISRHandler(int, void (*)(regs*, void*))
                0x00000000c0013cba                InterruptController::installISRHandler(int, void (*)(regs*, void*), void*)
                0x00000000c0013d0c                doubleFault(regs*, void*)
                0x00000000c0013d26                InterruptController::installIRQHandler(int, void (*)(regs*, void*), bool, void*)
                0x00000000c0013dc2                InterruptController::clearAllHandlers(int, bool)
                0x00000000c0013e6a                InterruptController::uninstallIRQHandler(int, void (*)(regs*, void*), bool)
                0x00000000c0013ef1                nmiHandler(regs*, void*)
                0x00000000c0013eff                int_handler
                0x00000000c0013f9a                InterruptController::InterruptController(char const*)
                0x00000000c0013f9a                InterruptController::InterruptController(char const*)
                0x00000000c0014040                InterruptController::~InterruptController()
                0x00000000c0014040                InterruptController::~InterruptController()
                0x00000000c0014064                InterruptController::~InterruptController()
                0x00000000c001408e                displayDebugInfo(regs*)
                0x00000000c00144a5                x87EmulHandler(regs*, void*)
                0x00000000c00144ed                gpFault(regs*, void*)
                0x00000000c0014526                pgFault(regs*, void*)
                0x00000000c001453d                otherISRHandler(regs*, void*)
                0x00000000c001455c                opcodeFault(regs*, void*)
                0x00000000c0014b15                displayProgramFault(char const*)
                0x00000000c0014b3d                setupInterruptController()
                0x00000000c0014ef6                InterruptController::convertLegacyIRQNumber(int)
 *fill*         0x00000000c0014f43        0x1 
 .text          0x00000000c0014f44      0x620 hal/keybrd.32
                0x00000000c0014f44                startGUI(void*)
                0x00000000c0014fb6                sendKeyToTerminal(unsigned char)
                0x00000000c0015022                sendKeyboardToken(KeyboardToken)
                0x00000000c00153fd                clearInternalKeybuffer(VgaText*)
                0x00000000c0015432                readKeyboard(VgaText*, char*, unsigned long)
                0x00000000c00154da                Keyboard::Keyboard(char const*)
                0x00000000c00154da                Keyboard::Keyboard(char const*)
                0x00000000c0015516                Keyboard::~Keyboard()
                0x00000000c0015516                Keyboard::~Keyboard()
                0x00000000c001553a                Keyboard::~Keyboard()
 .text          0x00000000c0015564      0x400 hal/logidisk.32
                0x00000000c0015564                LogicalDisk::close(int, int, void*)
                0x00000000c0015568                LogicalDisk::~LogicalDisk()
                0x00000000c0015568                LogicalDisk::~LogicalDisk()
                0x00000000c001558c                LogicalDisk::~LogicalDisk()
                0x00000000c00155b6                LogicalDisk::open(int, int, void*)
                0x00000000c00155ca                LogicalDisk::absoluteToRelative(unsigned long long)
                0x00000000c0015602                LogicalDisk::relativeToAbsolute(unsigned long long)
                0x00000000c0015648                LogicalDisk::LogicalDisk(char const*, PhysicalDisk*, unsigned long long, unsigned long long)
                0x00000000c0015648                LogicalDisk::LogicalDisk(char const*, PhysicalDisk*, unsigned long long, unsigned long long)
                0x00000000c00156fe                LogicalDisk::assignDriveLetter()
                0x00000000c00157b4                LogicalDisk::mount()
                0x00000000c0015826                LogicalDisk::unmount()
                0x00000000c0015836                LogicalDisk::unassignDriveLetter()
                0x00000000c001588c                LogicalDisk::read(unsigned long long, int, void*)
                0x00000000c00158f8                LogicalDisk::write(unsigned long long, int, void*)
 .text          0x00000000c0015964       0x84 hal/mouse.32
                0x00000000c0015964                Mouse::Mouse(char const*)
                0x00000000c0015964                Mouse::Mouse(char const*)
                0x00000000c001599a                Mouse::~Mouse()
                0x00000000c001599a                Mouse::~Mouse()
                0x00000000c00159be                Mouse::~Mouse()
 .text          0x00000000c00159e8      0x339 hal/partition.32
                0x00000000c00159e8                makePartition(PhysicalDisk*, unsigned long long, unsigned long long)
                0x00000000c0015a90                createPartitionsForDisk(PhysicalDisk*)
 *fill*         0x00000000c0015d21        0x1 
 .text          0x00000000c0015d22      0x2e7 hal/timer.32
                0x00000000c0015d22                Timer::Timer(char const*)
                0x00000000c0015d22                Timer::Timer(char const*)
                0x00000000c0015d58                Timer::~Timer()
                0x00000000c0015d58                Timer::~Timer()
                0x00000000c0015d7c                Timer::~Timer()
                0x00000000c0015da6                Timer::read()
                0x00000000c0015db1                timerHandler(unsigned long long)
                0x00000000c0015ee8                setupTimer(int)
 *fill*         0x00000000c0016009        0x1 
 .text          0x00000000c001600a      0x2d1 hal/vcache.32
                0x00000000c001600a                VCache::VCache(PhysicalDisk*)
                0x00000000c001600a                VCache::VCache(PhysicalDisk*)
                0x00000000c00160fa                VCache::writeWriteBuffer()
                0x00000000c0016136                VCache::~VCache()
                0x00000000c0016136                VCache::~VCache()
                0x00000000c0016176                VCache::~VCache()
                0x00000000c001619e                VCache::write(unsigned long long, int, void*)
                0x00000000c0016282                VCache::read(unsigned long long, int, void*)
 *fill*         0x00000000c00162db        0x1 
 .text          0x00000000c00162dc      0x26d hal/video.32
                0x00000000c00162dc                Video::putrect(int, int, int, int, unsigned int)
                0x00000000c0016326                Video::blit(unsigned int*, int, int, int, int)
                0x00000000c00163a4                Video::clearScreen(unsigned int)
                0x00000000c00163d8                Video::putpixel(int, int, unsigned int)
                0x00000000c00163e6                Video::Video(char const*)
                0x00000000c00163e6                Video::Video(char const*)
                0x00000000c001641c                Video::~Video()
                0x00000000c001641c                Video::~Video()
                0x00000000c0016440                Video::~Video()
                0x00000000c001646a                Video::isMonochrome()
                0x00000000c0016476                Video::getWidth()
                0x00000000c0016482                Video::getHeight()
                0x00000000c001648e                Video::drawCursor(int, int, unsigned char*, int)
 *fill*         0x00000000c0016549        0x1 
 .text          0x00000000c001654a      0xd04 hw/acpi.32
                0x00000000c001654a                ACPI::close(int, int, void*)
                0x00000000c00165ff                findRSDP()
                0x00000000c0016689                loadACPITables(unsigned char*)
                0x00000000c00168b0                findRSDT(unsigned char*)
                0x00000000c00169ce                findDataTable(unsigned char*, char*)
                0x00000000c0016a6a                scanMADT()
                0x00000000c0016dfe                ACPI::ACPI()
                0x00000000c0016dfe                ACPI::ACPI()
                0x00000000c0016e5e                ACPI::getPCIIRQAssignment(unsigned char, unsigned short, unsigned char)
                0x00000000c0016f40                ACPI::registerPCIIRQAssignment(void*, unsigned short, unsigned char, unsigned char)
                0x00000000c0017046                ACPI::setScreenBrightnessLevel(void*, int)
                0x00000000c001704c                ACPI::writeSimpleBootFlag(SimpleBootFlagTable*)
                0x00000000c0017094                ACPI::open(int, int, void*)
                0x00000000c0017236                ACPI::sleep()
 .text          0x00000000c001724e     0x17a6 hw/cpu.32
                0x00000000c001724e                CPU::close(int, int, void*)
                0x00000000c0017251                lookupAMDCPUName(unsigned char, unsigned char)
                0x00000000c00173e5                lookupIntelCPUName(unsigned char, unsigned char)
                0x00000000c0017693                AMD_K6_write_msr(unsigned int, unsigned int, unsigned int, REGS*)
                0x00000000c00176af                AMD_K6_read_msr(unsigned int, REGS*)
                0x00000000c00176c7                AMD_K6_writeback(int, int, int)
                0x00000000c001773a                cpuid(int, unsigned long*, unsigned long*, unsigned long*, unsigned long*)
                0x00000000c00177bd                cpuidCheckEDX(unsigned int)
                0x00000000c00177ea                cpuidCheckECX(unsigned int)
                0x00000000c0017817                cpuidCheckExtendedEBX(unsigned int)
                0x00000000c0017844                cpuidCheckExtendedECX(unsigned int)
                0x00000000c0017871                getCPUNumber()
                0x00000000c0017874                thisCPU()
                0x00000000c0017888                CPU::CPU()
                0x00000000c0017888                CPU::CPU()
                0x00000000c0017916                CPU::displayFeatures()
                0x00000000c0017b92                CPU::detectFeatures()
                0x00000000c0018584                CPU::setupSMEP()
                0x00000000c001859e                CPU::setupUMIP()
                0x00000000c00185b6                CPU::setupTSC()
                0x00000000c00185ce                CPU::setupLargePages()
                0x00000000c00185e6                CPU::setupPAT()
                0x00000000c0018622                CPU::setupMTRR()
                0x00000000c0018624                CPU::setupGlobalPages()
                0x00000000c001863a                CPU::allowUsermodeDataAccess()
                0x00000000c001864c                CPU::prohibitUsermodeDataAccess()
                0x00000000c001865e                CPU::setupSMAP()
                0x00000000c0018684                CPU::setupFeatures()
                0x00000000c0018726                CPU::open(int, int, void*)
                0x00000000c00187fc                CPU::decodeAddress(regs*, int*, bool*, unsigned char*)
 .text          0x00000000c00189f4        0x0 hw/ports.32
 .text          0x00000000c00189f4     0x2924 hw/x87em.32
                0x00000000c00189f4                fpuInternalTo32(unsigned long long)
                0x00000000c0018af4                fpuInternalTo64(unsigned long long)
                0x00000000c0018b11                fpu32ToInternal(unsigned int)
                0x00000000c0018b8d                fpu64ToInternal(unsigned long long)
                0x00000000c0018baa                fpuFloatToLong(unsigned long long)
                0x00000000c0018c9b                fpuULongToFloat(unsigned long long)
                0x00000000c0018d63                fpuLongToFloat(long long)
                0x00000000c0018e86                fpuGet0()
                0x00000000c0018e91                fpuGet1()
                0x00000000c0018e9c                fpuGetPi()
                0x00000000c0018ea7                fpuGetLog2E()
                0x00000000c0018ec8                fpuGetLogE2()
                0x00000000c0018ee9                fpuGetLog210()
                0x00000000c0018f0a                fpuGetLog102()
                0x00000000c0018f2b                fpuIsSecondLarger(unsigned long long, unsigned long long)
                0x00000000c0018f6c                fpuAreEqual(unsigned long long, unsigned long long)
                0x00000000c0018faa                fpuUnorderedCompare(unsigned long long, unsigned long long)
                0x00000000c0019062                fpuAdd(unsigned long long, unsigned long long)
                0x00000000c001909d                fpuAbs(unsigned long long)
                0x00000000c00190ba                fpuChs(unsigned long long)
                0x00000000c00190de                fpuSub(unsigned long long, unsigned long long)
                0x00000000c0019124                fpuMultiply(unsigned long long, unsigned long long)
                0x00000000c001916b                fpuDivide(unsigned long long, unsigned long long)
                0x00000000c00191a9                fpuSquare(unsigned long long)
                0x00000000c00191d7                fpuGetReg(int)
                0x00000000c001922a                fpuSetReg(int, unsigned long long)
                0x00000000c0019298                fpuPush(unsigned long long)
                0x00000000c001932f                fpuPop()
                0x00000000c00193bc                x87Handler(regs*)
 .text          0x00000000c001b318      0x338 krnl/panic.32
                0x00000000c001b318                Krnl::panic(char const*)
 .text          0x00000000c001b650      0x503 reg/registry.32
                0x00000000c001b650                Reg::findLineFromLoadedData(char*, char*, char*)
                0x00000000c001b7a8                Reg::getLineFromRegistry(char*, char*, char*, char*)
                0x00000000c001b907                Reg::getLine(char*, char*, char*)
                0x00000000c001b93e                Reg::readInt(char*, char*, int*)
                0x00000000c001ba29                Reg::readString(char*, char*, char*, int)
                0x00000000c001baaa                Reg::readBool(char*, char*, bool*)
                0x00000000c001bacf                Reg::readBoolWithDefault(char*, char*, bool)
                0x00000000c001bafb                Reg::readIntWithDefault(char*, char*, int)
                0x00000000c001bb27                Reg::readStringWithDefault(char*, char*, char*, int, char*)
 .text          0x00000000c001bb53       0x18 sys/sc_exit.32
                0x00000000c001bb53                Sys::exit(regs*)
 .text          0x00000000c001bb6b       0x95 sys/sc_loaddll.32
                0x00000000c001bb6b                Sys::loadDLL(regs*)
 .text          0x00000000c001bc00       0x68 sys/sc_read.32
                0x00000000c001bc00                Sys::read(regs*)
 .text          0x00000000c001bc68       0x55 sys/sc_sbrk.32
                0x00000000c001bc68                Sys::sbrk(regs*)
 .text          0x00000000c001bcbd       0x68 sys/sc_write.32
                0x00000000c001bcbd                Sys::write(regs*)
 .text          0x00000000c001bd25       0x1a sys/sc_yield.32
                0x00000000c001bd25                Sys::yield(regs*)
 .text          0x00000000c001bd3f      0xf85 sys/syscalls.32
                0x00000000c001bd3f                sysCallGetPID(regs*)
                0x00000000c001bd4b                sysCallSeekDir(regs*)
                0x00000000c001bd50                sysCallTellDir(regs*)
                0x00000000c001bd55                sysCallVerify(regs*)
                0x00000000c001bd5f                sysCallFork(regs*)
                0x00000000c001bd6a                sysCallExecve(regs*)
                0x00000000c001bd75                sysCallGetArgc(regs*)
                0x00000000c001bd85                sysFormatDisk(regs*)
                0x00000000c001bdef                sysSetDiskVolumeLabel(regs*)
                0x00000000c001be35                sysGetDiskVolumeLabel(regs*)
                0x00000000c001be86                sysShutdown(regs*)
                0x00000000c001bee4                sysCallGetCwd(regs*)
                0x00000000c001bf03                sysCallSetCwd(regs*)
                0x00000000c001bf1f                sysCallRealpath(regs*)
                0x00000000c001bf62                sysCallReadDir(regs*)
                0x00000000c001bff0                sysCallIsATTY(regs*)
                0x00000000c001c04a                sysCallSeek(regs*)
                0x00000000c001c0b3                sysCallTell(regs*)
                0x00000000c001c130                sysCallSizeFromFilename(regs*)
                0x00000000c001c1e1                sysCallSize(regs*)
                0x00000000c001c264                sysCallClose(regs*)
                0x00000000c001c2ec                sysCallOpenDir(regs*)
                0x00000000c001c359                sysCallMakeDir(regs*)
                0x00000000c001c3b2                sysCallCloseDir(regs*)
                0x00000000c001c418                sysCallWait(regs*)
                0x00000000c001c432                sysCallRmdir(regs*)
                0x00000000c001c484                sysCallUnlink(regs*)
                0x00000000c001c4d6                sysCallGetArgv(regs*)
                0x00000000c001c522                sysCallTTYName(regs*)
                0x00000000c001c5a5                sysCallGetEnv(regs*)
                0x00000000c001c5f7                sysCallUSleep(regs*)
                0x00000000c001c61e                sysCallSpawn(regs*)
                0x00000000c001c676                sysAppSettings(regs*)
                0x00000000c001c795                sysSetFatAttrib(regs*)
                0x00000000c001c7f5                sysPanic(regs*)
                0x00000000c001c81b                sysPipe(regs*)
                0x00000000c001c860                sysGetUnixTime(regs*)
                0x00000000c001c874                string_ends_with(char const*, char const*)
                0x00000000c001c8bc                sysCallOpen(regs*)
                0x00000000c001cac9                setupSystemCalls()
                0x00000000c001cc82                systemCall(regs*, void*)
 .text          0x00000000c001ccc4     0x11c7 thr/elf.32
                0x00000000c001ccc4                Thr::allocateMemoryForTask(Process*, File*, unsigned long, unsigned long, unsigned long)
                0x00000000c001cf41                Thr::loadProgramIntoMemory(Process*, char const*)
                0x00000000c001d157                Thr::runtimeReferenceHelper()
                0x00000000c001d16a                Thr::getAddressOfKernelSymbol(char const*)
                0x00000000c001d1b9                Thr::loadKernelSymbolTable(char const*)
                0x00000000c001d47a                Thr::loadDriverIntoMemory(char const*, unsigned long, bool)
                0x00000000c001dc18                Thr::getDriverBaseFromAddress(unsigned long)
                0x00000000c001dc4a                Thr::getDriverNameFromAddress(unsigned long)
                0x00000000c001dc81                Thr::getDriverOffsetFromAddress(unsigned long)
                0x00000000c001dc9b                Thr::loadDLL(char const*, bool)
                0x00000000c001de61                Thr::executeDLL(unsigned long, void*)
 *fill*         0x00000000c001de8b        0x1 
 .text          0x00000000c001de8c      0xfce thr/prcssthr.32
                0x00000000c001de8c                changeTSS
                0x00000000c001deba                Process::addArgs(char**)
                0x00000000c001df14                Process::Process(char const*, Process*, char**)
                0x00000000c001df14                Process::Process(char const*, Process*, char**)
                0x00000000c001e0cc                Process::Process(bool, char const*, Process*, char**)
                0x00000000c001e0cc                Process::Process(bool, char const*, Process*, char**)
                0x00000000c001e24f                disableIRQs()
                0x00000000c001e257                getIRQNestingLevel()
                0x00000000c001e25d                enableIRQs()
                0x00000000c001e26c                lockScheduler()
                0x00000000c001e26e                unlockScheduler()
                0x00000000c001e270                userModeEntryPoint(void*)
                0x00000000c001e293                lockStuff()
                0x00000000c001e29f                taskStartupFunction
                0x00000000c001e2a8                updateTimeUsed()
                0x00000000c001e306                switchToThread(ThreadControlBlock*)
                0x00000000c001e356                Semaphore::Semaphore(int)
                0x00000000c001e356                Semaphore::Semaphore(int)
                0x00000000c001e384                Mutex::Mutex()
                0x00000000c001e384                Mutex::Mutex()
                0x00000000c001e396                Process::createThread(void (*)(void*), void*, int)
                0x00000000c001e47a                Process::createUserThread()
                0x00000000c001e496                setupMultitasking(void (*)())
                0x00000000c001e5a0                schedule()
                0x00000000c001e625                unlockStuff()
                0x00000000c001e65a                Semaphore::tryAcquire()
                0x00000000c001e688                Semaphore::assertLocked(char const*)
                0x00000000c001e6b8                blockTaskWithSchedulerLockAlreadyHeld(TaskState)
                0x00000000c001e6fa                blockTask(TaskState)
                0x00000000c001e71b                waitTask(int, int*, int)
                0x00000000c001e75d                nanoSleepUntil(unsigned long long)
                0x00000000c001e7b4                nanoSleep(unsigned long long)
                0x00000000c001e7c9                sleep(unsigned long long)
                0x00000000c001e7e6                Semaphore::acquire()
                0x00000000c001e84e                taskReturned
                0x00000000c001e87c                unblockTask(ThreadControlBlock*)
                0x00000000c001e92b                cleanupTerminatedTask(ThreadControlBlock*)
                0x00000000c001ebcf                cleanerTaskFunction(void*)
                0x00000000c001ec82                terminateTask(int)
                0x00000000c001ed62                Thr::terminateFromIRQ(int)
                0x00000000c001ed6e                Semaphore::release()
 .text          0x00000000c001ee5a      0x8bf vm86/vm8086.32
                0x00000000c001ee5a                Vm::vm8086EntryPoint(void*)
                0x00000000c001ee85                Vm::inbv(unsigned short)
                0x00000000c001ee8b                Vm::outbv(unsigned short, unsigned char)
                0x00000000c001ee95                Vm::realToLinear(unsigned short, unsigned short)
                0x00000000c001eea5                Vm::getSegment(unsigned int)
                0x00000000c001eead                Vm::getOffset(unsigned int)
                0x00000000c001eeb2                Vm::loadFileAsThread(Process*, char const*, unsigned short, unsigned short, unsigned short, unsigned short)
                0x00000000c001efe1                Vm::doISR(regs*, int, unsigned char*, unsigned short, unsigned short)
                0x00000000c001f06b                Vm::readByteFromReal(unsigned short, unsigned short)
                0x00000000c001f07c                Vm::readWordFromReal(unsigned short, unsigned short)
                0x00000000c001f08e                Vm::readDwordFromReal(unsigned short, unsigned short)
                0x00000000c001f09f                Vm::writeByteFromReal(unsigned short, unsigned short, unsigned char)
                0x00000000c001f0b4                Vm::writeWordFromReal(unsigned short, unsigned short, unsigned short)
                0x00000000c001f0ca                Vm::writeDwordFromReal(unsigned short, unsigned short, unsigned int)
                0x00000000c001f0df                Vm::faultHandler(regs*)
 *fill*         0x00000000c001f719        0x1 
 .text          0x00000000c001f71a     0x10ed fs/fat/vfslink.32
                0x00000000c001f71a                FAT::getName()
                0x00000000c001f720                FAT::tell(void*, unsigned long long*)
                0x00000000c001f754                FAT::stat(void*, unsigned long long*)
                0x00000000c001f788                FAT::~FAT()
                0x00000000c001f788                FAT::~FAT()
                0x00000000c001f7ac                FAT::~FAT()
                0x00000000c001f7d4                FAT::getlabel(LogicalDisk*, int, char*, unsigned int*)
                0x00000000c001f872                FAT::setlabel(LogicalDisk*, int, char*)
                0x00000000c001f92c                FAT::format(LogicalDisk*, int, char const*, int)
                0x00000000c001fb10                FAT::tryMount(LogicalDisk*, int)
                0x00000000c001fd16                FAT::readDir(void*, unsigned long, void*, int*)
                0x00000000c001fe1c                FAT::read(void*, unsigned long, void*, int*)
                0x00000000c001fe76                FAT::write(void*, unsigned long, void*, int*)
                0x00000000c001fed0                FAT::close(void*)
                0x00000000c001ff1c                FAT::closeDir(void*)
                0x00000000c001ff68                FAT::seek(void*, unsigned long long)
                0x00000000c001ffbc                fatWrapperReadDisk
                0x00000000c0020003                fatWrapperWriteDisk
                0x00000000c002004a                fatWrapperIoctl
                0x00000000c002014e                FAT::FAT()
                0x00000000c002014e                FAT::FAT()
                0x00000000c00201a0                FAT::fixFilepath(char*)
                0x00000000c00201d8                FAT::open(char const*, void**, FileOpenMode)
                0x00000000c0020300                FAT::openDir(char const*, void**)
                0x00000000c00203a6                FAT::stat(char const*, unsigned long long*, bool*)
                0x00000000c0020490                FAT::unlink(char const*)
                0x00000000c002050a                FAT::chfatattr(char const*, unsigned char, unsigned char)
                0x00000000c002065e                FAT::rename(char const*, char const*)
                0x00000000c0020722                FAT::mkdir(char const*)
                0x00000000c002079c                FAT::exists(char const*)
 *fill*         0x00000000c0020807        0x1 
 .text          0x00000000c0020808      0xbdf fs/iso9660/vfslink.32
                0x00000000c0020808                ISO9660::format(LogicalDisk*, int, char const*, int)
                0x00000000c002080e                ISO9660::seek(void*, unsigned long long)
                0x00000000c002083e                ISO9660::tell(void*, unsigned long long*)
                0x00000000c0020862                ISO9660::getName()
                0x00000000c0020868                ISO9660::stat(void*, unsigned long long*)
                0x00000000c002088c                ISO9660::chfatattr(char const*, unsigned char, unsigned char)
                0x00000000c0020892                ISO9660::unlink(char const*)
                0x00000000c0020898                ISO9660::write(void*, unsigned long, void*, int*)
                0x00000000c002089e                ISO9660::rename(char const*, char const*)
                0x00000000c00208a4                ISO9660::mkdir(char const*)
                0x00000000c00208aa                ISO9660::close(void*)
                0x00000000c00208cc                ISO9660::closeDir(void*)
                0x00000000c00208ee                ISO9660::~ISO9660()
                0x00000000c00208ee                ISO9660::~ISO9660()
                0x00000000c0020912                ISO9660::~ISO9660()
                0x00000000c0020939                __memmem(unsigned char*, int, unsigned char*, int)
                0x00000000c002097b                readSectorFromCDROM(unsigned int, unsigned char*, char)
                0x00000000c00209e2                ISO9660::tryMount(LogicalDisk*, int)
                0x00000000c0020a32                ISO9660::read(void*, unsigned long, void*, int*)
                0x00000000c0020c76                ISO9660::readDir(void*, unsigned long, void*, int*)
                0x00000000c0020f03                readRoot(unsigned int*, unsigned int*, char)
                0x00000000c0020f58                readRecursively(char*, unsigned int, unsigned int, unsigned int*, unsigned int*, char, int*)
                0x00000000c002112b                getFileData(char*, unsigned int*, unsigned int*, char, int*)
                0x00000000c00211ba                ISO9660::open(char const*, void**, FileOpenMode)
                0x00000000c0021254                ISO9660::exists(char const*)
                0x00000000c0021278                ISO9660::stat(char const*, unsigned long long*, bool*)
                0x00000000c002130c                ISO9660::openDir(char const*, void**)
                0x00000000c00213c4                ISO9660::ISO9660()
                0x00000000c00213c4                ISO9660::ISO9660()
 *fill*         0x00000000c00213e7        0x1 
 .text          0x00000000c00213e8      0x326 hal/sound/sndchannel.32
                0x00000000c00213e8                SoundChannel::~SoundChannel()
                0x00000000c00213e8                SoundChannel::~SoundChannel()
                0x00000000c0021404                SoundChannel::setSpeed(float)
                0x00000000c0021410                SoundChannel::getSpeed()
                0x00000000c0021418                SoundChannel::setVolume(int)
                0x00000000c0021434                SoundChannel::getVolume()
                0x00000000c002143c                SoundChannel::pause()
                0x00000000c0021446                SoundChannel::SoundChannel(int, int, int, int)
                0x00000000c0021446                SoundChannel::SoundChannel(int, int, int, int)
                0x00000000c002159c                SoundChannel::play()
                0x00000000c00215a6                SoundChannel::paused()
                0x00000000c00215ae                SoundChannel::getSampleRate()
                0x00000000c00215b6                SoundChannel::getBits()
                0x00000000c00215be                SoundChannel::getBufferUsed()
                0x00000000c00215c6                SoundChannel::getBufferSize()
                0x00000000c00215ce                SoundChannel::unbuffer(float*, int, int)
                0x00000000c002166e                SoundChannel::buffer8(unsigned char*, int)
 .text          0x00000000c002170e      0x3d5 hal/sound/sndhw.32
                0x00000000c002170e                SoundDevice::SoundDevice(char const*)
                0x00000000c002170e                SoundDevice::SoundDevice(char const*)
                0x00000000c002177a                SoundDevice::~SoundDevice()
                0x00000000c002177a                SoundDevice::~SoundDevice()
                0x00000000c00217f4                SoundDevice::~SoundDevice()
                0x00000000c002181e                SoundDevice::getFreeChannelNum()
                0x00000000c0021838                SoundDevice::addChannel(SoundChannel*)
                0x00000000c00218a8                SoundDevice::removeChannel(int)
                0x00000000c00218da                SoundDevice::floatTo8(float*, unsigned char*, int)
                0x00000000c00219c2                SoundDevice::getAudio(int, float*, float*)
 .text          0x00000000c0021ae3        0x0 hw/bus/isa.32
 *fill*         0x00000000c0021ae3        0x1 
 .text          0x00000000c0021ae4      0x6c1 hw/bus/pci.32
                0x00000000c0021ae4                PCI::open(int, int, void*)
                0x00000000c0021af8                PCI::close(int, int, void*)
                0x00000000c0021afc                PCI::PCI()
                0x00000000c0021afc                PCI::PCI()
                0x00000000c0021b7c                PCI::pciReadWord(unsigned char, unsigned char, unsigned char, unsigned char)
                0x00000000c0021bc4                PCI::getVendorID(unsigned char, unsigned char, unsigned char)
                0x00000000c0021be6                PCI::getHeaderType(unsigned char, unsigned char, unsigned char)
                0x00000000c0021c0a                PCI::getClassCode(unsigned char, unsigned char, unsigned char)
                0x00000000c0021c4e                PCI::getProgIF(unsigned char, unsigned char, unsigned char)
                0x00000000c0021c72                PCI::getRevisionID(unsigned char, unsigned char, unsigned char)
                0x00000000c0021c94                PCI::getInterruptNumber(unsigned char, unsigned char, unsigned char)
                0x00000000c0021cb6                PCI::getSecondaryBus(unsigned char, unsigned char, unsigned char)
                0x00000000c0021cda                PCI::getBARAddress(unsigned char, unsigned char, unsigned char, unsigned char)
                0x00000000c0021d3a                PCI::pciWriteWord(unsigned char, unsigned char, unsigned char, unsigned char, unsigned short)
                0x00000000c0021da6                PCI::checkBus(unsigned char)
                0x00000000c0021dca                PCI::foundDevice(PCIDeviceInfo)
                0x00000000c0021f3a                PCI::getDeviceData(unsigned char, unsigned char, unsigned char)
                0x00000000c00220e6                PCI::checkDevice(unsigned char, unsigned char)
                0x00000000c0022152                PCI::detect()
 *fill*         0x00000000c00221a5        0x1 
 .text          0x00000000c00221a6      0xc70 hw/diskctrl/ide.32
                0x00000000c00221a6                IDE::close(int, int, void*)
                0x00000000c00221aa                IDE::IDE()
                0x00000000c00221aa                IDE::IDE()
                0x00000000c00221de                IDE::prepareInterrupt(unsigned char)
                0x00000000c00221f0                selectDrive(unsigned char, unsigned char)
                0x00000000c00221f2                IDE::getBase(unsigned char)
                0x00000000c0022204                IDE::write(unsigned char, unsigned char, unsigned char)
                0x00000000c00222c4                IDE::read(unsigned char, unsigned char)
                0x00000000c0022372                IDE::waitInterrupt(unsigned char)
                0x00000000c00223d8                ideChannel0IRQHandler(regs*, void*)
                0x00000000c00223f4                ideChannel1IRQHandler(regs*, void*)
                0x00000000c0022410                IDE::enableIRQs(unsigned char, bool)
                0x00000000c0022456                IDE::open(int, int, void*)
                0x00000000c0022866                IDE::readBuffer(unsigned char, unsigned char, unsigned int, unsigned int)
                0x00000000c0022932                IDE::detect()
                0x00000000c0022c1a                IDE::printError(unsigned char, unsigned char, unsigned char)
                0x00000000c0022db0                IDE::polling(unsigned char, unsigned int)
 .text          0x00000000c0022e16      0x62b hw/diskphys/ata.32
                0x00000000c0022e16                ATA::close(int, int, void*)
                0x00000000c0022e3a                ATA::powerSaving(PowerSavingLevel)
                0x00000000c0022e3c                ATA::ATA()
                0x00000000c0022e3c                ATA::ATA()
                0x00000000c0022e6a                ATA::flush(bool)
                0x00000000c0022eb4                ATA::readyForCommand()
                0x00000000c0022f04                ATA::access(unsigned long long, int, void*, bool)
                0x00000000c0023282                ATA::read(unsigned long long, int, void*)
                0x00000000c00232ea                ATA::write(unsigned long long, int, void*)
                0x00000000c0023352                ATA::detectCHS()
                0x00000000c002337c                ATA::open(int, int, void*)
 *fill*         0x00000000c0023441        0x1 
 .text          0x00000000c0023442      0x5b3 hw/diskphys/atapi.32
                0x00000000c0023442                ATAPI::write(unsigned long long, int, void*)
                0x00000000c0023448                ATAPI::close(int, int, void*)
                0x00000000c002346c                ATAPI::ATAPI()
                0x00000000c002346c                ATAPI::ATAPI()
                0x00000000c002349a                ATAPI::readyForCommand()
                0x00000000c00234ea                ATAPI::sendPacket(unsigned char*, int, bool, unsigned short*, int)
                0x00000000c00237aa                ATAPI::diskRemoved()
                0x00000000c00237c6                ATAPI::eject()
                0x00000000c002380c                ATAPI::diskInserted()
                0x00000000c002383a                ATAPI::detectMedia()
                0x00000000c00238f6                ATAPI::open(int, int, void*)
                0x00000000c0023976                ATAPI::read(unsigned long long, int, void*)
 *fill*         0x00000000c00239f5        0x1 
 .text          0x00000000c00239f6       0x8e hw/fpu/avx.32
                0x00000000c00239f6                AVX::open(int, int, void*)
                0x00000000c0023a08                AVX::close(int, int, void*)
                0x00000000c0023a1a                AVX::available()
                0x00000000c0023a2c                AVX::save(void*)
                0x00000000c0023a44                AVX::load(void*)
                0x00000000c0023a5c                AVX::AVX()
                0x00000000c0023a5c                AVX::AVX()
 .text          0x00000000c0023a84       0x90 hw/fpu/mmx.32
                0x00000000c0023a84                MMX::available()
                0x00000000c0023a98                MMX::open(int, int, void*)
                0x00000000c0023aaa                MMX::close(int, int, void*)
                0x00000000c0023abc                MMX::save(void*)
                0x00000000c0023ad4                MMX::load(void*)
                0x00000000c0023aec                MMX::MMX()
                0x00000000c0023aec                MMX::MMX()
 .text          0x00000000c0023b14       0x96 hw/fpu/sse.32
                0x00000000c0023b14                SSE::open(int, int, void*)
                0x00000000c0023b26                SSE::close(int, int, void*)
                0x00000000c0023b38                SSE::available()
                0x00000000c0023b52                SSE::save(void*)
                0x00000000c0023b6a                SSE::load(void*)
                0x00000000c0023b82                SSE::SSE()
                0x00000000c0023b82                SSE::SSE()
 .text          0x00000000c0023baa       0x8e hw/fpu/x87.32
                0x00000000c0023baa                x87::open(int, int, void*)
                0x00000000c0023bbc                x87::close(int, int, void*)
                0x00000000c0023bce                x87::available()
                0x00000000c0023be0                x87::save(void*)
                0x00000000c0023bf8                x87::load(void*)
                0x00000000c0023c10                x87::x87()
                0x00000000c0023c10                x87::x87()
 .text          0x00000000c0023c38      0x5f3 hw/intctrl/apic.32
                0x00000000c0023c38                APIC::disable()
                0x00000000c0023c3a                APIC::close(int, int, void*)
                0x00000000c0023c5c                IOAPIC::close(int, int, void*)
                0x00000000c0023c62                APIC::io_wait()
                0x00000000c0023c68                APIC::getBase()
                0x00000000c0023caa                APIC::eoi(unsigned char)
                0x00000000c0023cd8                APIC::open(int, int, void*)
                0x00000000c0023d92                IOAPIC::IOAPIC()
                0x00000000c0023d92                IOAPIC::IOAPIC()
                0x00000000c0023dba                APIC::APIC()
                0x00000000c0023dba                APIC::APIC()
                0x00000000c0023e8a                IOAPIC::handlesGSIWithNumber(unsigned int)
                0x00000000c0023ebc                IOAPIC::read(int)
                0x00000000c0023ee4                IOAPIC::open(int, int, void*)
                0x00000000c0023fda                IOAPIC::write(int, int)
                0x00000000c0024006                IOAPIC::redirect(unsigned char, unsigned long long, unsigned char)
                0x00000000c00240c0                APIC::installIRQHandler(int, void (*)(regs*, void*), bool, void*)
 *fill*         0x00000000c002422b        0x1 
 .text          0x00000000c002422c      0x3d3 hw/intctrl/pic.32
                0x00000000c002422c                PIC::disable()
                0x00000000c002425a                PIC::close(int, int, void*)
                0x00000000c002427c                PIC::PIC()
                0x00000000c002427c                PIC::PIC()
                0x00000000c0024352                PIC::ioWait()
                0x00000000c0024358                PIC::getIRQReg(int)
                0x00000000c00243c2                PIC::eoi(unsigned char)
                0x00000000c0024454                PIC::remap()
                0x00000000c00245c0                PIC::open(int, int, void*)
 *fill*         0x00000000c00245ff        0x1 
 .text          0x00000000c0024600      0x252 hw/timer/apictimer.32
                0x00000000c0024600                APICTimer::close(int, int, void*)
                0x00000000c0024606                apicTimerHandler(regs*, void*)
                0x00000000c0024634                APICTimer::write(int)
                0x00000000c0024732                APICTimer::open(int, int, void*)
                0x00000000c002482a                APICTimer::APICTimer()
                0x00000000c002482a                APICTimer::APICTimer()
 .text          0x00000000c0024852      0x1a7 hw/timer/pit.32
                0x00000000c0024852                PIT::write(int)
                0x00000000c00248d0                pitHandler(regs*, void*)
                0x00000000c00248fc                PIT::open(int, int, void*)
                0x00000000c002494a                PIT::close(int, int, void*)
                0x00000000c002497a                PIT::PIT()
                0x00000000c002497a                PIT::PIT()
 *fill*         0x00000000c00249f9        0x7 
 .text          0x00000000c0024a00        0xa hw/fpu/x86/avx.32
                0x00000000c0024a00                avxDetect
                0x00000000c0024a06                avxSave
                0x00000000c0024a07                avxLoad
                0x00000000c0024a08                avxInit
                0x00000000c0024a09                avxClose
 *fill*         0x00000000c0024a0a        0x6 
 .text          0x00000000c0024a10       0x38 hw/fpu/x86/sse.32
                0x00000000c0024a10                sseDetect
                0x00000000c0024a2b                sseSave
                0x00000000c0024a31                sseLoad
                0x00000000c0024a37                sseInit
                0x00000000c0024a47                sseClose
 *fill*         0x00000000c0024a48        0x8 
 .text          0x00000000c0024a50       0x47 hw/fpu/x86/x87.32
                0x00000000c0024a56                x87Detect
                0x00000000c0024a71                x87Save
                0x00000000c0024a77                x87Load
                0x00000000c0024a7c                x87Init
                0x00000000c0024a96                x87Close
 *fill*         0x00000000c0024a97        0x1 
 .text          0x00000000c0024a98       0x25 /cygdrive/d/Users/Alex/Desktop/Toolchain/Output/bin/../lib/gcc/i386-banana/8.1.0/crtend.o
 .text          0x00000000c0024abd        0x0 crtn.32
 *fill*         0x00000000c0024abd        0x3 
 .text          0x00000000c0024ac0      0x14b /cygdrive/d/Users/Alex/Desktop/Toolchain/Output/bin/../lib/gcc/i386-banana/8.1.0/libkgcc.a(_divdi3.o)
                0x00000000c0024ac0                __divdi3
 *fill*         0x00000000c0024c0b        0x1 
 .text          0x00000000c0024c0c      0x17e /cygdrive/d/Users/Alex/Desktop/Toolchain/Output/bin/../lib/gcc/i386-banana/8.1.0/libkgcc.a(_moddi3.o)
                0x00000000c0024c0c                __moddi3
 *fill*         0x00000000c0024d8a        0x2 
 .text          0x00000000c0024d8c       0xff /cygdrive/d/Users/Alex/Desktop/Toolchain/Output/bin/../lib/gcc/i386-banana/8.1.0/libkgcc.a(_udivdi3.o)
                0x00000000c0024d8c                __udivdi3
 *fill*         0x00000000c0024e8b        0x1 
 .text          0x00000000c0024e8c      0x11a /cygdrive/d/Users/Alex/Desktop/Toolchain/Output/bin/../lib/gcc/i386-banana/8.1.0/libkgcc.a(_umoddi3.o)
                0x00000000c0024e8c                __umoddi3
 .text          0x00000000c0024fa6      0x96d D:/Users/Alex/Desktop/Banana/kernel/libsoftfp.a(sfieeelib.o)
                0x00000000c0024fa6                __addsf3
                0x00000000c00252a8                __subsf3
                0x00000000c00252bc                __negsf2
                0x00000000c00252c9                __mulsf3
                0x00000000c002548c                __divsf3
                0x00000000c00256b7                __floatsisf
                0x00000000c002572b                __floatunsisf
                0x00000000c002576d                __fixsfsi
                0x00000000c00257cf                __fixunssfsi
                0x00000000c0025800                __cmpsf2
                0x00000000c0025895                __eqsf2
                0x00000000c00258d0                __nesf2
                0x00000000c00258d2                __gtsf2
                0x00000000c002590d                __gesf2
                0x00000000c002590f                __ltsf2
                0x00000000c0025911                __lesf2
 .text          0x00000000c0025913      0xf50 D:/Users/Alex/Desktop/Banana/kernel/libsoftfp.a(dfieeelib.o)
                0x00000000c0025913                __adddf3
                0x00000000c0025f64                __subdf3
                0x00000000c0025f7f                __negdf2
                0x00000000c0025f90                __muldf3
                0x00000000c0026274                __divdf3
                0x00000000c00265f3                __floatsidf
                0x00000000c002664e                __floatunsidf
                0x00000000c002668c                __fixdfsi
                0x00000000c00266f9                __fixunsdfsi
                0x00000000c0026735                __cmpdf2
                0x00000000c0026823                __eqdf2
                0x00000000c002683f                __nedf2
                0x00000000c0026841                __gtdf2
                0x00000000c002685d                __gedf2
                0x00000000c002685f                __ltdf2
                0x00000000c0026861                __ledf2
 .text          0x00000000c0026863      0x18d D:/Users/Alex/Desktop/Banana/kernel/libsoftfp.a(sfdfcvt.o)
                0x00000000c0026863                __truncdfsf2
                0x00000000c0026987                __extendsfdf2
 .text          0x00000000c00269f0       0x1e D:/Users/Alex/Desktop/Banana/kernel/libk/libm32.a(s_fabs.c.o)
                0x00000000c00269f0                fabs
 *fill*         0x00000000c0026a0e        0x2 
 .text          0x00000000c0026a10        0xc D:/Users/Alex/Desktop/Banana/kernel/libk/libm32.a(s_lrint.S.o)
                0x00000000c0026a10                lrint
 .text          0x00000000c0026a1c        0xc D:/Users/Alex/Desktop/Banana/kernel/libk/libm32.a(s_lrintf.S.o)
                0x00000000c0026a1c                lrintf
 *(.gnu.linkonce.t*)

.iplt           0x00000000c0026a28        0x0
 .iplt          0x00000000c0026a28        0x0 D:/Users/Alex/Desktop/Banana/kernel/boot.32

.init           0x00000000c0026a28        0xf
 .init          0x00000000c0026a28        0x3 crti.32
                0x00000000c0026a28                _init
 .init          0x00000000c0026a2b        0x5 /cygdrive/d/Users/Alex/Desktop/Toolchain/Output/bin/../lib/gcc/i386-banana/8.1.0/crtbegin.o
 .init          0x00000000c0026a30        0x5 /cygdrive/d/Users/Alex/Desktop/Toolchain/Output/bin/../lib/gcc/i386-banana/8.1.0/crtend.o
 .init          0x00000000c0026a35        0x2 crtn.32

.fini           0x00000000c0026a37        0xa
 .fini          0x00000000c0026a37        0x3 crti.32
                0x00000000c0026a37                _fini
 .fini          0x00000000c0026a3a        0x5 /cygdrive/d/Users/Alex/Desktop/Toolchain/Output/bin/../lib/gcc/i386-banana/8.1.0/crtbegin.o
 .fini          0x00000000c0026a3f        0x2 crtn.32

.text._ZN8ComputerD2Ev
                0x00000000c0026a42       0x23
 .text._ZN8ComputerD2Ev
                0x00000000c0026a42       0x23 core/computer.32
                0x00000000c0026a42                Computer::~Computer()
                0x00000000c0026a42                Computer::~Computer()

.text._ZN8ComputerD0Ev
                0x00000000c0026a66       0x2a
 .text._ZN8ComputerD0Ev
                0x00000000c0026a66       0x2a core/computer.32
                0x00000000c0026a66                Computer::~Computer()

.text._Z10idleCommonv
                0x00000000c0026a90       0x15
 .text._Z10idleCommonv
                0x00000000c0026a90       0x15 core/idle.32
                0x00000000c0026a90                idleCommon()

.text._ZN3CPU7readCR3Ev
                0x00000000c0026aa5       0x12
 .text._ZN3CPU7readCR3Ev
                0x00000000c0026aa5       0x12 core/kheap.32
                0x00000000c0026aa5                CPU::readCR3()

.text._ZN3CPU8writeCR3Em
                0x00000000c0026ab7        0x9
 .text._ZN3CPU8writeCR3Em
                0x00000000c0026ab7        0x9 core/kheap.32
                0x00000000c0026ab7                CPU::writeCR3(unsigned long)

.text._ZN10LinkedListI8UnixFileED2Ev
                0x00000000c0026ac0        0x2
 .text._ZN10LinkedListI8UnixFileED2Ev
                0x00000000c0026ac0        0x2 core/unixfile.32
                0x00000000c0026ac0                LinkedList<UnixFile>::~LinkedList()
                0x00000000c0026ac0                LinkedList<UnixFile>::~LinkedList()

.text._ZN10LinkedListI8UnixFileEC2Ev
                0x00000000c0026ac2       0x58
 .text._ZN10LinkedListI8UnixFileEC2Ev
                0x00000000c0026ac2       0x58 core/unixfile.32
                0x00000000c0026ac2                LinkedList<UnixFile>::LinkedList()
                0x00000000c0026ac2                LinkedList<UnixFile>::LinkedList()

.text._ZN10LinkedListI8UnixFileE10addElementEPS0_
                0x00000000c0026b1a       0xd3
 .text._ZN10LinkedListI8UnixFileE10addElementEPS0_
                0x00000000c0026b1a       0xd3 core/unixfile.32
                0x00000000c0026b1a                LinkedList<UnixFile>::addElement(UnixFile*)

.text._ZN10LinkedListI8UnixFileE15getFirstElementEv
                0x00000000c0026bee        0x7
 .text._ZN10LinkedListI8UnixFileE15getFirstElementEv
                0x00000000c0026bee        0x7 core/unixfile.32
                0x00000000c0026bee                LinkedList<UnixFile>::getFirstElement()

.text._ZN10LinkedListI8UnixFileE11removeFirstEv
                0x00000000c0026bf6       0xa1
 .text._ZN10LinkedListI8UnixFileE11removeFirstEv
                0x00000000c0026bf6       0xa1 core/unixfile.32
                0x00000000c0026bf6                LinkedList<UnixFile>::removeFirst()

.text._ZN10LinkedListI8UnixFileE7getNextEPS0_
                0x00000000c0026c98        0x8
 .text._ZN10LinkedListI8UnixFileE7getNextEPS0_
                0x00000000c0026c98        0x8 core/unixfile.32
                0x00000000c0026c98                LinkedList<UnixFile>::getNext(UnixFile*)

.text._ZN16DriverlessDeviceD2Ev
                0x00000000c0026ca0       0x1a
 .text._ZN16DriverlessDeviceD2Ev
                0x00000000c0026ca0       0x1a hal/device.32
                0x00000000c0026ca0                DriverlessDevice::~DriverlessDevice()
                0x00000000c0026ca0                DriverlessDevice::~DriverlessDevice()

.text._ZN16DriverlessDeviceD0Ev
                0x00000000c0026cba       0x2a
 .text._ZN16DriverlessDeviceD0Ev
                0x00000000c0026cba       0x2a hal/device.32
                0x00000000c0026cba                DriverlessDevice::~DriverlessDevice()

.text._ZN10LinkedListI6DeviceE10addElementEPS0_
                0x00000000c0026ce4       0xdc
 .text._ZN10LinkedListI6DeviceE10addElementEPS0_
                0x00000000c0026ce4       0xdc hal/device.32
                0x00000000c0026ce4                LinkedList<Device>::addElement(Device*)

.text._ZN10LinkedListI6DeviceEC2Ev
                0x00000000c0026dc0       0x58
 .text._ZN10LinkedListI6DeviceEC2Ev
                0x00000000c0026dc0       0x58 hal/device.32
                0x00000000c0026dc0                LinkedList<Device>::LinkedList()
                0x00000000c0026dc0                LinkedList<Device>::LinkedList()

.text._ZN3CPU7readCR0Ev
                0x00000000c0026e18       0x12
 .text._ZN3CPU7readCR0Ev
                0x00000000c0026e18       0x12 hal/fpu.32
                0x00000000c0026e18                CPU::readCR0()

.text._ZN3CPU8writeCR0Em
                0x00000000c0026e2a        0x9
 .text._ZN3CPU8writeCR0Em
                0x00000000c0026e2a        0x9 hal/fpu.32
                0x00000000c0026e2a                CPU::writeCR0(unsigned long)

.text._ZN3CPU7readDR0Ev
                0x00000000c0026e33       0x12
 .text._ZN3CPU7readDR0Ev
                0x00000000c0026e33       0x12 hal/intctrl.32
                0x00000000c0026e33                CPU::readDR0()

.text._ZN3CPU7readDR1Ev
                0x00000000c0026e45       0x12
 .text._ZN3CPU7readDR1Ev
                0x00000000c0026e45       0x12 hal/intctrl.32
                0x00000000c0026e45                CPU::readDR1()

.text._ZN3CPU7readDR2Ev
                0x00000000c0026e57       0x12
 .text._ZN3CPU7readDR2Ev
                0x00000000c0026e57       0x12 hal/intctrl.32
                0x00000000c0026e57                CPU::readDR2()

.text._ZN3CPU7readDR3Ev
                0x00000000c0026e69       0x12
 .text._ZN3CPU7readDR3Ev
                0x00000000c0026e69       0x12 hal/intctrl.32
                0x00000000c0026e69                CPU::readDR3()

.text._ZN3CPU7readDR6Ev
                0x00000000c0026e7b       0x12
 .text._ZN3CPU7readDR6Ev
                0x00000000c0026e7b       0x12 hal/intctrl.32
                0x00000000c0026e7b                CPU::readDR6()

.text._ZN3CPU7readDR7Ev
                0x00000000c0026e8d       0x12
 .text._ZN3CPU7readDR7Ev
                0x00000000c0026e8d       0x12 hal/intctrl.32
                0x00000000c0026e8d                CPU::readDR7()

.text._ZN10LinkedListIV18ThreadControlBlockE15getFirstElementEv
                0x00000000c0026ea0        0x7