Archive member included to satisfy reference by file (symbol)

/cygdrive/d/Users/Alex/Desktop/Toolchain/Output/bin/../lib/gcc/i386-banana/8.1.0/libkgcc.a(_divdi3.o)
                              krnl/resolve.32 (__divdi3)
/cygdrive/d/Users/Alex/Desktop/Toolchain/Output/bin/../lib/gcc/i386-banana/8.1.0/libkgcc.a(_moddi3.o)
                              krnl/resolve.32 (__moddi3)
/cygdrive/d/Users/Alex/Desktop/Toolchain/Output/bin/../lib/gcc/i386-banana/8.1.0/libkgcc.a(_udivdi3.o)
                              hal/clock.32 (__udivdi3)
/cygdrive/d/Users/Alex/Desktop/Toolchain/Output/bin/../lib/gcc/i386-banana/8.1.0/libkgcc.a(_umoddi3.o)
                              core/pipe.32 (__umoddi3)

Allocating common symbols
Common symbol       size              file

dcache              0x40              fs/iso9660/iso9660.32
cdDriveLetter       0x1               fs/iso9660/iso9660.32
icache              0x40              fs/iso9660/iso9660.32

Discarded input sections

 .comment       0x0000000000000000       0x12 /cygdrive/d/Users/Alex/Desktop/Toolchain/Output/bin/../lib/gcc/i386-banana/8.1.0/crtbegin.o
 .comment       0x0000000000000000       0x12 acpica/utclib.32
 .comment       0x0000000000000000       0x12 core/malloc.32
 .comment       0x0000000000000000       0x12 libk/ctype.32
 .comment       0x0000000000000000       0x12 libk/string.32
 .comment       0x0000000000000000       0x12 fs/fat/diskio.32
 .comment       0x0000000000000000       0x12 fs/fat/ff.32
 .comment       0x0000000000000000       0x12 fs/fat/ffsystem.32
 .comment       0x0000000000000000       0x12 fs/fat/ffunicode.32
 .comment       0x0000000000000000       0x12 fs/iso9660/iso9660.32
 .group         0x0000000000000000       0x14 core/computer.32
 .group         0x0000000000000000        0xc core/computer.32
 .comment       0x0000000000000000       0x12 core/computer.32
 .comment       0x0000000000000000       0x12 core/gdt.32
 .group         0x0000000000000000        0xc core/idle.32
 .comment       0x0000000000000000       0x12 core/idle.32
 .comment       0x0000000000000000       0x12 core/idt.32
 .comment       0x0000000000000000       0x12 core/kheap.32
 .comment       0x0000000000000000       0x12 core/main.32
 .comment       0x0000000000000000       0x12 core/physmgr.32
 .group         0x0000000000000000        0xc core/pipe.32
 .comment       0x0000000000000000       0x12 core/pipe.32
 .group         0x0000000000000000        0xc core/terminal.32
 .comment       0x0000000000000000       0x12 core/terminal.32
 .comment       0x0000000000000000       0x12 core/tss.32
 .group         0x0000000000000000        0x8 core/unixfile.32
 .group         0x0000000000000000        0x8 core/unixfile.32
 .group         0x0000000000000000        0xc core/unixfile.32
 .group         0x0000000000000000        0x8 core/unixfile.32
 .group         0x0000000000000000        0xc core/unixfile.32
 .group         0x0000000000000000        0x8 core/unixfile.32
 .group         0x0000000000000000        0xc core/unixfile.32
 .group         0x0000000000000000        0xc core/unixfile.32
 .comment       0x0000000000000000       0x12 core/unixfile.32
 .comment       0x0000000000000000       0x12 core/virtmgr.32
 .comment       0x0000000000000000       0x12 coreobjs/c++.32
 .comment       0x0000000000000000       0x12 dbg/kconsole.32
 .group         0x0000000000000000        0xc fs/vfs.32
 .group         0x0000000000000000        0xc fs/vfs.32
 .group         0x0000000000000000        0xc fs/vfs.32
 .comment       0x0000000000000000       0x12 fs/vfs.32
 .group         0x0000000000000000        0xc hal/bus.32
 .comment       0x0000000000000000       0x12 hal/bus.32
 .comment       0x0000000000000000       0x12 hal/buzzer.32
 .group         0x0000000000000000        0xc hal/clock.32
 .comment       0x0000000000000000       0x12 hal/clock.32
 .group         0x0000000000000000       0x14 hal/device.32
 .group         0x0000000000000000        0xc hal/device.32
 .group         0x0000000000000000        0x8 hal/device.32
 .group         0x0000000000000000        0xc hal/device.32
 .group         0x0000000000000000        0xc hal/device.32
 .comment       0x0000000000000000       0x12 hal/device.32
 .group         0x0000000000000000        0xc hal/diskctrl.32
 .comment       0x0000000000000000       0x12 hal/diskctrl.32
 .group         0x0000000000000000        0xc hal/diskphys.32
 .comment       0x0000000000000000       0x12 hal/diskphys.32
 .comment       0x0000000000000000       0x12 hal/fpu.32
 .comment       0x0000000000000000       0x12 hal/intctrl.32
 .group         0x0000000000000000        0xc hal/keybrd.32
 .comment       0x0000000000000000       0x12 hal/keybrd.32
 .group         0x0000000000000000        0xc hal/logidisk.32
 .comment       0x0000000000000000       0x12 hal/logidisk.32
 .group         0x0000000000000000        0xc hal/mouse.32
 .comment       0x0000000000000000       0x12 hal/mouse.32
[...]
Memory Configuration

Name             Origin             Length             Attributes
*default*        0x0000000000000000 0xffffffffffffffff

Linker script and memory map

LOAD D:/Users/Alex/Desktop/Banana/kernel/boot.32
LOAD crti.32
LOAD /cygdrive/d/Users/Alex/Desktop/Toolchain/Output/bin/../lib/gcc/i386-banana/8.1.0/crtbegin.o
LOAD D:/Users/Alex/Desktop/Banana/kernel/morenasm.32
LOAD acpica/utclib.32
LOAD core/malloc.32
LOAD libk/ctype.32
LOAD libk/string.32
LOAD fs/fat/diskio.32
LOAD fs/fat/ff.32
LOAD fs/fat/ffsystem.32
LOAD fs/fat/ffunicode.32
LOAD fs/iso9660/iso9660.32
LOAD core/computer.32
LOAD core/gdt.32
LOAD core/idle.32
LOAD core/idt.32
LOAD core/kheap.32
LOAD core/main.32
LOAD core/physmgr.32
LOAD core/pipe.32
LOAD core/terminal.32
LOAD core/tss.32
LOAD core/unixfile.32
LOAD core/virtmgr.32
LOAD coreobjs/c++.32
LOAD dbg/kconsole.32
LOAD fs/vfs.32
LOAD hal/bus.32
LOAD hal/buzzer.32
LOAD hal/clock.32
LOAD hal/device.32
LOAD hal/diskctrl.32
LOAD hal/diskphys.32
LOAD hal/fpu.32
LOAD hal/intctrl.32
LOAD hal/keybrd.32
LOAD hal/logidisk.32
LOAD hal/mouse.32
LOAD hal/partition.32
LOAD hal/serial.32
LOAD hal/timer.32
LOAD hal/vcache.32
LOAD hal/video.32
LOAD hw/acpi.32
LOAD hw/cpu.32
LOAD krnl/bootmsg.32
LOAD krnl/env.32
LOAD krnl/inlines.32
LOAD krnl/panic.32
LOAD krnl/powctrl.32
LOAD krnl/resolve.32
LOAD krnl/signal.32
LOAD krnl/syscalls.32
LOAD reg/registry.32
LOAD sys/eject.32
LOAD sys/exit.32
LOAD sys/getcwd.32
LOAD sys/getpid.32
LOAD sys/getramdata.32
LOAD sys/getvgaptr.32
LOAD sys/loaddll.32
LOAD sys/read.32
LOAD sys/registersignal.32
LOAD sys/sbrk.32
LOAD sys/setcwd.32
LOAD sys/settime.32
LOAD sys/timezone.32
LOAD sys/write.32
LOAD sys/wsbe.32
LOAD sys/yield.32
LOAD thr/elf.32
LOAD thr/prcssthr.32
LOAD vm86/vm8086.32
LOAD arch/i386/hal.32
LOAD arch/i386/pic.32
LOAD arch/i386/rtc.32
LOAD arch/i386/vga.32
LOAD fs/fat/vfslink.32
LOAD fs/iso9660/helper.32
LOAD fs/iso9660/vfslink.32
LOAD hal/sound/sndcard.32
LOAD hal/sound/sndport.32
LOAD hw/bus/isa.32
LOAD hw/bus/pci.32
LOAD hw/diskctrl/ide.32
LOAD hw/diskctrl/satabus.32
LOAD hw/diskphys/ata.32
LOAD hw/diskphys/atapi.32
LOAD hw/diskphys/sata.32
LOAD hw/diskphys/satapi.32
LOAD hw/intctrl/apic.32
LOAD hw/timer/apictimer.32
LOAD hw/timer/pit.32
LOAD arch/i386/avx.32
LOAD arch/i386/interrupt.32
LOAD arch/i386/rdrand.32
LOAD arch/i386/sse.32
LOAD arch/i386/x87.32
LOAD /cygdrive/d/Users/Alex/Desktop/Toolchain/Output/bin/../lib/gcc/i386-banana/8.1.0/crtend.o
LOAD crtn.32
LOAD /cygdrive/d/Users/Alex/Desktop/Toolchain/Output/bin/../lib/gcc/i386-banana/8.1.0/libkgcc.a
LOAD D:/Users/Alex/Desktop/Banana/kernel/libsoftfp.a
LOAD D:/Users/Alex/Desktop/Banana/kernel/libk/libm32.a
                0x00000000c0000000                . = 0xc0000000

.text           0x00000000c0000000    0x1c41a
 *(.text)
 .text          0x00000000c0000000       0x20 D:/Users/Alex/Desktop/Banana/kernel/boot.32
 .text          0x00000000c0000020        0x0 crti.32
 .text          0x00000000c0000020      0x101 /cygdrive/d/Users/Alex/Desktop/Toolchain/Output/bin/../lib/gcc/i386-banana/8.1.0/crtbegin.o
 *fill*         0x00000000c0000121        0xf 
 .text          0x00000000c0000130      0x252 D:/Users/Alex/Desktop/Banana/kernel/morenasm.32
                0x00000000c0000130                manualPCIProbe
                0x00000000c000017b                prepareTramp
                0x00000000c0000194                doTPAUSE
                0x00000000c000019e                hasLegacyFPU
                0x00000000c00001c3                is486
                0x00000000c00001f9                detectCPUID
                0x00000000c000020f                goToVM86
                0x00000000c000023f                goToUsermode
                0x00000000c0000269                switchToThreadASMFirstTime
                0x00000000c0000277                switchToThreadASM
                0x00000000c00002ff                asmQuickAcquireLock
                0x00000000c000031d                asmQuickReleaseLock
                0x00000000c0000329                asmAcquireLock
                0x00000000c000034a                asmReleaseLock
                0x00000000c000035d                loadGDT
                0x00000000c000037d                memcpy
 *fill*         0x00000000c0000382        0xe 
 .text          0x00000000c0000390      0x79e acpica/utclib.32
                0x00000000c0000390                memcmp
                0x00000000c00003e0                memmove
                0x00000000c00004d0                memset
                0x00000000c0000540                strlen
                0x00000000c0000570                strpbrk
                0x00000000c00005b0                strtok
                0x00000000c0000600                strcpy
                0x00000000c0000630                strncpy
                0x00000000c00006e0                strcmp
                0x00000000c0000730                strchr
                0x00000000c0000760                strncmp
                0x00000000c00007c0                strcat
                0x00000000c00007f0                strncat
                0x00000000c0000850                strstr
                0x00000000c00008b0                toupper
                0x00000000c00008d0                tolower
                0x00000000c00008f0                simple_strtoul
 .text          0x00000000c0000b2e      0xfad core/malloc.32
                0x00000000c0000c99                dlfree
                0x00000000c0000ff4                dlmalloc
                0x00000000c0001531                dlrealloc
                0x00000000c00016d4                dlmemalign
                0x00000000c00017f7                dlcalloc
                0x00000000c0001891                dlcfree
                0x00000000c0001896                dlindependent_calloc
                0x00000000c00018bb                dlindependent_comalloc
                0x00000000c00018d2                dlvalloc
                0x00000000c00018fd                dlpvalloc
                0x00000000c0001933                dlmalloc_trim
                0x00000000c0001940                dlmalloc_usable_size
                0x00000000c0001971                dlmallinfo
                0x00000000c0001a40                dlmalloc_stats
                0x00000000c0001a51                dlmallopt
 *fill*         0x00000000c0001adb        0x1 
 .text          0x00000000c0001adc      0x1f2 libk/ctype.32
                0x00000000c0001adc                isblank
                0x00000000c0001afc                iscntrl
                0x00000000c0001b1c                isdigit
                0x00000000c0001b38                islower
                0x00000000c0001b54                isspace
                0x00000000c0001b7c                isupper
                0x00000000c0001b98                isalpha
                0x00000000c0001bc8                isalnum
                0x00000000c0001bf8                ispunct
                0x00000000c0001c38                isgraph
                0x00000000c0001c68                isprint
                0x00000000c0001c90                isxdigit
 .text          0x00000000c0001cce        0x0 libk/string.32
 .text          0x00000000c0001cce       0x51 fs/fat/diskio.32
                0x00000000c0001cce                disk_status
                0x00000000c0001cd1                disk_initialize
                0x00000000c0001cd4                disk_read
                0x00000000c0001cea                disk_write
                0x00000000c0001d00                disk_ioctl
 .text          0x00000000c0001d1f     0x3d4b fs/fat/ff.32
                0x00000000c0003abb                f_mount
                0x00000000c0003b1d                f_open
                0x00000000c0003de8                f_read
                0x00000000c0003fe7                f_write
                0x00000000c000421b                f_sync
                0x00000000c00042d0                f_close
                0x00000000c00042ff                f_lseek
                0x00000000c00044a6                f_opendir
                0x00000000c0004571                f_closedir
                0x00000000c0004593                f_readdir
                0x00000000c0004625                f_stat
                0x00000000c00046a4                f_getfree
                0x00000000c00047a6                f_truncate
                0x00000000c000488a                f_unlink
                0x00000000c00049ac                f_mkdir
                0x00000000c0004b47                f_rename
                0x00000000c0004cfd                f_chmod
                0x00000000c0004da6                f_utime
                0x00000000c0004e54                f_getlabel
                0x00000000c0004fa5                f_setlabel
                0x00000000c0005135                f_expand
                0x00000000c0005295                f_mkfs
 *fill*         0x00000000c0005a6a        0x2 
 .text          0x00000000c0005a6c       0x2f fs/fat/ffsystem.32
                0x00000000c0005a6c                ff_memalloc
                0x00000000c0005a84                ff_memfree
 *fill*         0x00000000c0005a9b        0x1 
 .text          0x00000000c0005a9c      0x2a8 fs/fat/ffunicode.32
                0x00000000c0005a9c                ff_uni2oem
                0x00000000c0005b3c                ff_oem2uni
                0x00000000c0005bb4                ff_wtoupper
 .text          0x00000000c0005d44      0xc76 fs/iso9660/iso9660.32
                0x00000000c0005f63                isoReadDiscSector
                0x00000000c0005ffe                strnicmp
                0x00000000c00062b1                stricmp
                0x00000000c00062fd                iso_open
                0x00000000c0006387                iso_close
                0x00000000c00063a5                iso_read
                0x00000000c00064bb                iso_seek
                0x00000000c000653f                iso_tell
                0x00000000c0006570                iso_total
                0x00000000c000659b                fn_postprocess
                0x00000000c00065c1                iso_readdir
                0x00000000c00067b2                iso_reset
                0x00000000c00067bf                init_percd
                0x00000000c00068b9                iso_ioctl
                0x00000000c00068c1                fs_iso9660_init
                0x00000000c000694a                fs_iso9660_shutdown
 .text          0x00000000c00069ba      0x685 core/computer.32
                0x00000000c00069ba                Computer::close(int, int, void*)
                0x00000000c00069ff                Krnl::firstTask()
                0x00000000c0006b32                Computer::Computer()
                0x00000000c0006b32                Computer::Computer()
                0x00000000c0006be4                Computer::setBootMessage(char const*)
                0x00000000c0006be6                Computer::detectFeatures()
                0x00000000c0006df0                Computer::displayFeatures()
                0x00000000c0006df2                Computer::rdmsr(unsigned int)
                0x00000000c0006e1e                Computer::wrmsr(unsigned int, unsigned long long)
                0x00000000c0006e56                Computer::shutdown()
                0x00000000c0006e6e                Computer::restart()
                0x00000000c0006e86                Computer::sleep()
                0x00000000c0006e9a                Computer::nmiEnabled()
                0x00000000c0006ea6                Computer::readCMOS(unsigned char)
                0x00000000c0006ec0                Computer::enableNMI(bool)
                0x00000000c0006ed8                Computer::open(int, int, void*)
                0x00000000c0006fac                Computer::disableNMI()
                0x00000000c0006fbc                Computer::writeCMOS(unsigned char, unsigned char)
                0x00000000c0006fda                Computer::handleNMI()
 *fill*         0x00000000c000703f        0x1 
 .text          0x00000000c0007040      0x1cf core/gdt.32
                0x00000000c0007040                GDTEntry::setBase(unsigned int)
                0x00000000c000705c                GDTEntry::setLimit(unsigned int)
                0x00000000c000707a                GDT::GDT()
                0x00000000c000707a                GDT::GDT()
                0x00000000c0007090                GDT::addEntry(GDTEntry)
                0x00000000c00070b2                GDT::getNumberOfEntries()
                0x00000000c00070ba                GDT::flush()
                0x00000000c00070dc                GDT::setup()
 .text          0x00000000c000720f       0x1d core/idle.32
                0x00000000c000720f                idleFunction(void*)
 .text          0x00000000c000722c      0x464 core/idt.32
                0x00000000c000722c                IDTEntry::IDTEntry(bool)
                0x00000000c000722c                IDTEntry::IDTEntry(bool)
                0x00000000c000729e                IDTEntry::setOffset(unsigned int)
                0x00000000c00072b4                IDT::IDT()
                0x00000000c00072b4                IDT::IDT()
                0x00000000c00072b6                IDT::getPointerToInvalidOpcodeEntryForF00F()
                0x00000000c00072be                IDT::addEntry(IDTEntry, int)
                0x00000000c00072d8                IDT::addEntry(int, void (*)(), bool)
                0x00000000c0007310                IDT::flush()
                0x00000000c000732a                IDT::setup()
 .text          0x00000000c0007690      0x183 core/kheap.32
                0x00000000c0007690                sbrk
                0x00000000c0007725                mmap
                0x00000000c000773b                munmap
                0x00000000c0007751                liballoc_lock()
                0x00000000c000775e                liballoc_unlock()
                0x00000000c0007772                liballoc_alloc(int)
                0x00000000c000778a                liballoc_free(void*, int)
                0x00000000c00077a5                realloc
                0x00000000c00077b9                malloc
                0x00000000c00077c9                free
                0x00000000c00077d9                rfree
                0x00000000c00077e9                calloc
 .text          0x00000000c0007813       0xc3 core/main.32
                0x00000000c0007813                KeEntryPoint
 .text          0x00000000c00078d6      0x5dc core/physmgr.32
                0x00000000c00078d6                Phys::allocateDMA(unsigned long)
                0x00000000c00079ad                Phys::freeDMA(unsigned long, unsigned long)
                0x00000000c00079e0                Phys::setPageState(unsigned long, bool)
                0x00000000c0007a12                Phys::getPageState(unsigned long)
                0x00000000c0007a33                Phys::freePage(unsigned long)
                0x00000000c0007a95                Phys::allocatePage()
                0x00000000c0007b53                Phys::allocateContiguousPages(int)
                0x00000000c0007baf                Phys::allowSegmentToBeUsed(unsigned long, unsigned long)
                0x00000000c0007be7                Phys::physicalMemorySetup(unsigned int)
 .text          0x00000000c0007eb2      0x273 core/pipe.32
                0x00000000c0007eb2                Pipe::isAtty()
                0x00000000c0007eb6                Pipe::~Pipe()
                0x00000000c0007eb6                Pipe::~Pipe()
                0x00000000c0007eda                Pipe::~Pipe()
                0x00000000c0007f02                Pipe::write(unsigned long long, void*, int*)
                0x00000000c0007fc2                Pipe::read(unsigned long long, void*, int*)
                0x00000000c00080be                Pipe::Pipe(int)
                0x00000000c00080be                Pipe::Pipe(int)
 *fill*         0x00000000c0008125        0x1 
 .text          0x00000000c0008126      0xaa0 core/terminal.32
                0x00000000c0008126                VgaText::isAtty()
                0x00000000c000812a                VgaText::~VgaText()
                0x00000000c000812a                VgaText::~VgaText()
                0x00000000c000814e                VgaText::~VgaText()
                0x00000000c0008178                VgaText::read(unsigned long long, void*, int*)
                0x00000000c0008198                setTerminalScrollLock(bool)
                0x00000000c0008199                doTerminalCycle()
                0x00000000c000819a                addToTerminalCycle(VgaText*)
                0x00000000c000819b                scrollTerminalScrollLock(int)
                0x00000000c000819c                VgaText::updateTitle()
                0x00000000c000819e                VgaText::load()
                0x00000000c00081a0                VgaText::updateCursor()
                0x00000000c00081b6                VgaText::doANSI_SGR(int)
                0x00000000c000822a                VgaText::setDefaultBgColour(VgaColour)
                0x00000000c000823a                VgaText::setDefaultFgColour(VgaColour)
                0x00000000c000824a                VgaText::setDefaultColours(VgaColour, VgaColour)
                0x00000000c000826a                VgaText::setTitleTextColour(VgaColour)
                0x00000000c0008276                VgaText::setTitleColour(VgaColour)
                0x00000000c0008282                VgaText::setTitle(char*)
                0x00000000c0008284                VgaText::combineColours(unsigned char, unsigned char)
                0x00000000c0008296                VgaText::scrollScreen()
                0x00000000c000832e                VgaText::combineCharAndColour(char, unsigned char)
                0x00000000c0008340                VgaText::writeCharacter(char, VgaColour, VgaColour, int, int)
                0x00000000c00083d0                VgaText::getCursorX()
                0x00000000c00083d8                VgaText::getCursorY()
                0x00000000c00083e0                VgaText::setCursor(int, int)
                0x00000000c00083f7                setActiveTerminal(VgaText*)
                0x00000000c0008442                VgaText::clearScreen()
                0x00000000c0008490                VgaText::setCursorX(int)
                0x00000000c00084a8                VgaText::setCursorY(int)
                0x00000000c00084c0                VgaText::incrementCursor(bool)
                0x00000000c0008514                VgaText::decrementCursor(bool)
                0x00000000c0008536                VgaText::putchar(char, VgaColour, VgaColour)
                0x00000000c0008604                VgaText::putchar(char)
                0x00000000c00086f0                VgaText::putx(unsigned int)
                0x00000000c0008736                VgaText::puts(char const*)
                0x00000000c000875c                VgaText::write(unsigned long long, void*, int*)
                0x00000000c00087a8                VgaText::puts(char const*, VgaColour, VgaColour)
                0x00000000c00088fa                VgaText::VgaText(char const*)
                0x00000000c00088fa                VgaText::VgaText(char const*)
                0x00000000c0008a46                VgaText::receiveKey(unsigned char)
                0x00000000c0008ba0                VgaText::doUpdate()
                0x00000000c0008ba1                newTerminal(char*)
 *fill*         0x00000000c0008bc6        0x2 
 .text          0x00000000c0008bc8      0x1a1 core/tss.32
                0x00000000c0008bc8                TSS::TSS()
                0x00000000c0008bc8                TSS::TSS()
                0x00000000c0008bd8                TSS::setESP(unsigned long)
                0x00000000c0008bec                TSS::flush()
                0x00000000c0008c0c                TSS::setup(unsigned long, unsigned long)
 *fill*         0x00000000c0008d69        0x1 
 .text          0x00000000c0008d6a      0x4c2 core/unixfile.32
                0x00000000c0008d6a                ReservedFilename::read(unsigned long long, void*, int*)
                0x00000000c0008dc0                ReservedFilename::isAtty()
                0x00000000c0008ddc                ReservedFilename::write(unsigned long long, void*, int*)
                0x00000000c0008e3a                UnixFile::getFileDescriptor()
                0x00000000c0008e42                UnixFile::UnixFile(int)
                0x00000000c0008e42                UnixFile::UnixFile(int)
                0x00000000c0008ff2                ReservedFilename::ReservedFilename(int)
                0x00000000c0008ff2                ReservedFilename::ReservedFilename(int)
                0x00000000c0009024                UnixFile::~UnixFile()
                0x00000000c0009024                UnixFile::~UnixFile()
                0x00000000c00090bc                UnixFile::~UnixFile()
                0x00000000c00090e4                ReservedFilename::~ReservedFilename()
                0x00000000c00090e4                ReservedFilename::~ReservedFilename()
                0x00000000c0009108                ReservedFilename::~ReservedFilename()
                0x00000000c000912f                getFromFileDescriptor(int)
 .text          0x00000000c000922c     0x1166 core/virtmgr.32
                0x00000000c000922c                Virt::setPageState(unsigned long, Virt::VirtPageState)
                0x00000000c0009261                Virt::getPageState(unsigned long)
                0x00000000c0009285                Virt::allocateKernelVirtualPages(int)
                0x00000000c0009396                Virt::freeSwapfilePage(unsigned long)
                0x00000000c00093b4                Virt::swapIDToSector(unsigned long)
                0x00000000c00093c6                Virt::allocateSwapfilePage()
                0x00000000c0009444                Virt::virtualMemorySetup()
                0x00000000c000948f                Virt::setupPageSwapping(int)
                0x00000000c0009500                VAS::VAS()
                0x00000000c0009500                VAS::VAS()
                0x00000000c000953c                VAS::VAS(VAS*)
                0x00000000c000953c                VAS::VAS(VAS*)
                0x00000000c000956a                VAS::getForeignPageTableEntry(bool, unsigned long)
                0x00000000c0009596                VAS::getPageTableEntry(unsigned long)
                0x00000000c00095b5                Virt::freeKernelVirtualPages(unsigned long)
                0x00000000c00096da                VAS::freeAllocatedPages(unsigned long)
                0x00000000c00096fe                VAS::virtualToPhysical(unsigned long)
                0x00000000c0009718                VAS::reflagRange(unsigned long, int, int, int)
                0x00000000c0009758                VAS::setToWriteCombining(unsigned long, int)
                0x00000000c000978c                VAS::mapOtherVASIn(bool, VAS*)
                0x00000000c00097b6                VAS::~VAS()
                0x00000000c00097b6                VAS::~VAS()
                0x00000000c000991a                VAS::mapPage(unsigned long, unsigned long, int)
                0x00000000c0009a1e                VAS::allocatePages(int, int)
                0x00000000c0009bf6                VAS::setCPUSpecific(unsigned long)
                0x00000000c0009c14                VAS::mapRange(unsigned long, unsigned long, int, int)
                0x00000000c0009cda                VAS::mapForeignPage(bool, VAS*, unsigned long, unsigned long, int)
                0x00000000c0009dc8                VAS::VAS(bool)
                0x00000000c0009dc8                VAS::VAS(bool)
                0x00000000c000a048                VAS::evict(unsigned long)
                0x00000000c000a10a                VAS::tryLoadBackOffDisk(unsigned long)
                0x00000000c000a1f8                VAS::scanForEviction()
                0x00000000c000a2d8                mapVASFirstTime
 .text          0x00000000c000a392       0x5f coreobjs/c++.32
                0x00000000c000a392                __cxa_atexit
                0x00000000c000a395                __cxa_finalize
                0x00000000c000a396                __stack_chk_fail
                0x00000000c000a3cc                __cxa_pure_virtual
                0x00000000c000a3dd                operator new[](unsigned long)
                0x00000000c000a3e2                operator delete(void*, unsigned long)
                0x00000000c000a3e7                operator delete[](void*)
                0x00000000c000a3ec                operator delete[](void*, unsigned long)
 .text          0x00000000c000a3f1      0x21c dbg/kconsole.32
                0x00000000c000a3f1                Dbg::stringifyxWithBase(unsigned int, char*, int)
                0x00000000c000a45c                Dbg::logc(char)
                0x00000000c000a47c                Dbg::logs(char*)
                0x00000000c000a499                Dbg::logWriteInt(unsigned int)
                0x00000000c000a4b7                Dbg::logWriteIntBase(unsigned int, int)
                0x00000000c000a4d8                Dbg::kprintf(char const*, ...)
 *fill*         0x00000000c000a60d        0x1 
 .text          0x00000000c000a60e      0xc5c fs/vfs.32
                0x00000000c000a60e                File::read(unsigned long long, void*, int*)
                0x00000000c000a666                File::write(unsigned long long, void*, int*)
                0x00000000c000a6be                Directory::read(unsigned long long, void*, int*)
                0x00000000c000a716                Directory::write(unsigned long long, void*, int*)
                0x00000000c000a744                File::isAtty()
                0x00000000c000a748                Directory::isAtty()
                0x00000000c000a74c                Filesystem::getlabel(LogicalDisk*, int, char*, unsigned int*)
                0x00000000c000a752                Filesystem::setlabel(LogicalDisk*, int, char*)
                0x00000000c000a758                Filesystem::allocateSwapfile(char const*, int)
                0x00000000c000a75e                File::~File()
                0x00000000c000a75e                File::~File()
                0x00000000c000a782                File::~File()
                0x00000000c000a7ac                Directory::~Directory()
                0x00000000c000a7ac                Directory::~Directory()
                0x00000000c000a7d0                Directory::~Directory()
                0x00000000c000a7fa                Filesystem::Filesystem()
                0x00000000c000a7fa                Filesystem::Filesystem()
                0x00000000c000a81e                Filesystem::~Filesystem()
                0x00000000c000a81e                Filesystem::~Filesystem()
                0x00000000c000a82c                Filesystem::~Filesystem()
                0x00000000c000a850                Fs::getcwd(Process*, char*, int)
                0x00000000c000a87a                Fs::initVFS()
                0x00000000c000a8a4                Fs::standardiseFiles(char*, char const*, char const*)
                0x00000000c000aa4e                File::File(char const*, Process*)
                0x00000000c000aa4e                File::File(char const*, Process*)
                0x00000000c000ab0e                File::open(FileOpenMode)
                0x00000000c000ab6c                File::close()
                0x00000000c000abcc                File::seek(unsigned long long)
                0x00000000c000ac22                File::tell(unsigned long long*)
                0x00000000c000ac72                File::rewind()
                0x00000000c000ac86                File::unlink()
                0x00000000c000acd2                File::rename(char const*)
                0x00000000c000ad20                File::chfatattr(unsigned char, unsigned char)
                0x00000000c000ad7c                File::exists()
                0x00000000c000adba                File::stat(unsigned long long*, bool*)
                0x00000000c000ae1b                Fs::setcwd(Process*, char*)
                0x00000000c000af78                Directory::Directory(char const*, Process*)
                0x00000000c000af78                Directory::Directory(char const*, Process*)
                0x00000000c000b038                Directory::open()
                0x00000000c000b094                Directory::close()
                0x00000000c000b0f4                Directory::unlink()
                0x00000000c000b140                Directory::rename(char const*)
                0x00000000c000b18e                Directory::exists()
                0x00000000c000b1cc                Directory::read(dirent*)
                0x00000000c000b218                Directory::create()
                0x00000000c000b264                Filesystem::chfatattr(char const*, unsigned char, unsigned char)
 *fill*         0x00000000c000b26a        0x2 
 .text          0x00000000c000b26c       0x86 hal/bus.32
                0x00000000c000b26c                Bus::Bus(char const*)
                0x00000000c000b26c                Bus::Bus(char const*)
                0x00000000c000b2a4                Bus::~Bus()
                0x00000000c000b2a4                Bus::~Bus()
                0x00000000c000b2c8                Bus::~Bus()
 .text          0x00000000c000b2f2       0x96 hal/buzzer.32
                0x00000000c000b2f2                beepThread(void*)
                0x00000000c000b32f                Krnl::beep(int, int, bool)
 .text          0x00000000c000b388      0x46d hal/clock.32
                0x00000000c000b388                User::loadClockSettings(int)
                0x00000000c000b3da                Clock::Clock(char const*)
                0x00000000c000b3da                Clock::Clock(char const*)
                0x00000000c000b410                Clock::~Clock()
                0x00000000c000b410                Clock::~Clock()
                0x00000000c000b434                Clock::~Clock()
                0x00000000c000b45e                Clock::timeInSecondsLocal()
                0x00000000c000b4a6                Clock::setTimeInSecondsLocal(unsigned long long)
                0x00000000c000b4ff                datetimeToSeconds(datetime_t)
                0x00000000c000b62c                Clock::setTimeInDatetimeLocal(datetime_t)
                0x00000000c000b68c                secondsToDatetime(unsigned long long)
                0x00000000c000b7d0                Clock::timeInDatetimeLocal()
 *fill*         0x00000000c000b7f5        0x1 
 .text          0x00000000c000b7f6      0x464 hal/device.32
                0x00000000c000b7f6                Device::hibernate()
                0x00000000c000b7f8                Device::wake()
                0x00000000c000b7fa                Device::detect()
                0x00000000c000b7fc                Device::disableLegacy()
                0x00000000c000b7fe                Device::powerSaving(PowerSavingLevel)
                0x00000000c000b800                DriverlessDevice::close(int, int, void*)
                0x00000000c000b804                DriverlessDevice::detect()
                0x00000000c000b806                DriverlessDevice::open(int, int, void*)
                0x00000000c000b81a                Device::~Device()
                0x00000000c000b81a                Device::~Device()
                0x00000000c000b828                Device::~Device()
                0x00000000c000b850                Device::findAndLoadDriver()
                0x00000000c000b85e                Device::preOpenPCI(PCIDeviceInfo)
                0x00000000c000b884                Device::preOpenACPI(void*, char*, char*)
                0x00000000c000b8c4                Device::addIRQHandler(int, void (*)(regs*, void*), bool, void*)
                0x00000000c000b8ee                Device::getParent()
                0x00000000c000b8fa                Device::removeIRQHandler(int, void (*)(regs*, void*), bool)
                0x00000000c000b918                Device::addChild(Device*)
                0x00000000c000b95c                Device::removeAllChildren()
                0x00000000c000b9a2                Device::hibernateAll()
                0x00000000c000b9d2                Device::wakeAll()
                0x00000000c000ba02                Device::detectAll()
                0x00000000c000ba32                Device::disableLegacyAll()
                0x00000000c000ba34                Device::loadDriversForAll()
                0x00000000c000ba36                Device::closeAll()
                0x00000000c000ba6c                Device::powerSavingAll(PowerSavingLevel)
                0x00000000c000baa2                Device::setName(char const*)
                0x00000000c000bab0                Device::Device(char const*)
                0x00000000c000bab0                Device::Device(char const*)
                0x00000000c000bbac                Device::getName()
                0x00000000c000bbb6                DriverlessDevice::DriverlessDevice(char const*)
                0x00000000c000bbb6                DriverlessDevice::DriverlessDevice(char const*)
                0x00000000c000bbec                Device::addToLinkedList(LinkedList<Device>&, DeviceType)
                0x00000000c000bc30                getDevicesOfType(DeviceType)
 *fill*         0x00000000c000bc5a        0x2 
 .text          0x00000000c000bc5c       0x86 hal/diskctrl.32
                0x00000000c000bc5c                HardDiskController::HardDiskController(char const*)
                0x00000000c000bc5c                HardDiskController::HardDiskController(char const*)
                0x00000000c000bc94                HardDiskController::~HardDiskController()
                0x00000000c000bc94                HardDiskController::~HardDiskController()
                0x00000000c000bcb8                HardDiskController::~HardDiskController()
 .text          0x00000000c000bce2       0xe2 hal/diskphys.32
                0x00000000c000bce2                PhysicalDisk::eject()
                0x00000000c000bce6                PhysicalDisk::PhysicalDisk(char const*, int)
                0x00000000c000bce6                PhysicalDisk::PhysicalDisk(char const*, int)
                0x00000000c000bd4e                PhysicalDisk::startCache()
                0x00000000c000bd76                PhysicalDisk::~PhysicalDisk()
                0x00000000c000bd76                PhysicalDisk::~PhysicalDisk()
                0x00000000c000bd9a                PhysicalDisk::~PhysicalDisk()
 .text          0x00000000c000bdc4        0x0 hal/fpu.32
 .text          0x00000000c000bdc4      0x35d hal/intctrl.32
                0x00000000c000bdc4                int_handler
                0x00000000c000be4c                installISRHandler(int, void (*)(regs*, void*), void*)
                0x00000000c000be94                installIRQHandler(int, void (*)(regs*, void*), bool, void*)
                0x00000000c000bfcc                uninstallISRHandler(int, void (*)(regs*, void*))
                0x00000000c000c000                uninstallIRQHandler(int, void (*)(regs*, void*), bool)
                0x00000000c000c07f                setupINTS()
                0x00000000c000c0dc                convertLegacyIRQNumber(int)
 *fill*         0x00000000c000c121        0x1 
 .text          0x00000000c000c122      0x7b4 hal/keybrd.32
                0x00000000c000c122                startGUI(void*)
                0x00000000c000c18e                startGUIVESA(void*)
                0x00000000c000c1fa                sendKeyToTerminal(unsigned char)
                0x00000000c000c2c3                sendKeyboardToken(KeyboardToken)
                0x00000000c000c703                clearInternalKeybuffer(VgaText*)
                0x00000000c000c738                readKeyboard(VgaText*, char*, unsigned long)
                0x00000000c000c84c                Keyboard::Keyboard(char const*)
                0x00000000c000c84c                Keyboard::Keyboard(char const*)
                0x00000000c000c888                Keyboard::~Keyboard()
                0x00000000c000c888                Keyboard::~Keyboard()
                0x00000000c000c8ac                Keyboard::~Keyboard()
 .text          0x00000000c000c8d6      0x3ea hal/logidisk.32
                0x00000000c000c8d6                LogicalDisk::close(int, int, void*)
                0x00000000c000c8da                LogicalDisk::~LogicalDisk()
                0x00000000c000c8da                LogicalDisk::~LogicalDisk()
                0x00000000c000c8fe                LogicalDisk::~LogicalDisk()
                0x00000000c000c928                LogicalDisk::open(int, int, void*)
                0x00000000c000c93c                LogicalDisk::absoluteToRelative(unsigned long long)
                0x00000000c000c974                LogicalDisk::relativeToAbsolute(unsigned long long)
                0x00000000c000c9ba                LogicalDisk::LogicalDisk(char const*, PhysicalDisk*, unsigned long long, unsigned long long)
                0x00000000c000c9ba                LogicalDisk::LogicalDisk(char const*, PhysicalDisk*, unsigned long long, unsigned long long)
                0x00000000c000ca70                LogicalDisk::assignDriveLetter()
                0x00000000c000cb26                LogicalDisk::mount()
                0x00000000c000cb6e                LogicalDisk::unmount()
                0x00000000c000cb7e                LogicalDisk::eject()
                0x00000000c000cb92                LogicalDisk::unassignDriveLetter()
                0x00000000c000cbe8                LogicalDisk::read(unsigned long long, int, void*)
                0x00000000c000cc54                LogicalDisk::write(unsigned long long, int, void*)
 .text          0x00000000c000ccc0       0x86 hal/mouse.32
                0x00000000c000ccc0                Mouse::Mouse(char const*)
                0x00000000c000ccc0                Mouse::Mouse(char const*)
                0x00000000c000ccf8                Mouse::~Mouse()
                0x00000000c000ccf8                Mouse::~Mouse()
                0x00000000c000cd1c                Mouse::~Mouse()
 .text          0x00000000c000cd46      0x339 hal/partition.32
                0x00000000c000cd46                makePartition(PhysicalDisk*, unsigned long long, unsigned long long)
                0x00000000c000cdee                createPartitionsForDisk(PhysicalDisk*)
 *fill*         0x00000000c000d07f        0x1 
 .text          0x00000000c000d080       0x86 hal/serial.32
                0x00000000c000d080                Serial::Serial(char const*)
                0x00000000c000d080                Serial::Serial(char const*)
                0x00000000c000d0b8                Serial::~Serial()
                0x00000000c000d0b8                Serial::~Serial()
                0x00000000c000d0dc                Serial::~Serial()
 *fill*         0x00000000c000d106        0x2 
 .text          0x00000000c000d108      0x234 hal/timer.32
                0x00000000c000d108                Timer::Timer(char const*)
                0x00000000c000d108                Timer::Timer(char const*)
                0x00000000c000d140                Timer::~Timer()
                0x00000000c000d140                Timer::~Timer()
                0x00000000c000d164                Timer::~Timer()
                0x00000000c000d18e                Timer::read()
                0x00000000c000d199                setupTimer(int)
                0x00000000c000d1d4                timerHandler(unsigned int)
 .text          0x00000000c000d33c      0x3ce hal/vcache.32
                0x00000000c000d33c                VCache::VCache(PhysicalDisk*)
                0x00000000c000d33c                VCache::VCache(PhysicalDisk*)
                0x00000000c000d4a4                VCache::invalidateReadBuffer()
                0x00000000c000d4b4                VCache::writeWriteBuffer()
                0x00000000c000d500                VCache::~VCache()
                0x00000000c000d500                VCache::~VCache()
                0x00000000c000d554                VCache::~VCache()
                0x00000000c000d57c                VCache::write(unsigned long long, int, void*)
                0x00000000c000d692                VCache::read(unsigned long long, int, void*)
 .text          0x00000000c000d70a      0x4b3 hal/video.32
                0x00000000c000d70a                Video::putrect(int, int, int, int, unsigned int)
                0x00000000c000d756                Video::bitblit(int, int, int, int, int, int, int, unsigned int*)
                0x00000000c000d7c6                Video::blit(unsigned int*, int, int, int, int)
                0x00000000c000d844                Video::clearScreen(unsigned int)
                0x00000000c000d878                Video::putpixel(int, int, unsigned int)
                0x00000000c000d886                Video::Video(char const*)
                0x00000000c000d886                Video::Video(char const*)
                0x00000000c000d8bc                Video::~Video()
                0x00000000c000d8bc                Video::~Video()
                0x00000000c000d8e0                Video::~Video()
                0x00000000c000d90a                Video::isMonochrome()
                0x00000000c000d916                Video::getWidth()
                0x00000000c000d922                Video::getHeight()
                0x00000000c000d92e                Video::drawCursor(int, int, unsigned char*, int)
                0x00000000c000d9ea                Video::tgaParse(unsigned char*, int, int*, int*)
                0x00000000c000db52                Video::putTGA(int, int, unsigned char*, int)
 *fill*         0x00000000c000dbbd        0x3 
 .text          0x00000000c000dbc0     0x1307 hw/acpi.32
                0x00000000c000dbc0                ACPI::close(int, int, void*)
                0x00000000c000dc78                findRSDP()
                0x00000000c000dd08                loadACPITables(unsigned char*)
                0x00000000c000df6c                findRSDT(unsigned char*)
                0x00000000c000e0bc                findDataTable(unsigned char*, char*)
                0x00000000c000e134                scanMADT()
                0x00000000c000e608                ACPI::ACPI()
                0x00000000c000e608                ACPI::ACPI()
                0x00000000c000e65c                ACPI::getPCIIRQAssignment(unsigned char, unsigned short, unsigned char)
                0x00000000c000e744                ACPI::registerPCIIRQAssignment(void*, unsigned short, unsigned char, unsigned char)
                0x00000000c000e80c                ACPI::setScreenBrightnessLevel(void*, int)
                0x00000000c000e814                ACPI::detectPCI()
                0x00000000c000ea1c                ACPI::writeSimpleBootFlag(SimpleBootFlagTable*)
                0x00000000c000ea70                ACPI::sleep()
                0x00000000c000ea8c                ACPI::open(int, int, void*)
 *fill*         0x00000000c000eec7        0x1 
 .text          0x00000000c000eec8      0xb95 hw/cpu.32
                0x00000000c000eec8                CPU::close(int, int, void*)
                0x00000000c000eecc                CPU::AMD_K6_write_msr(unsigned int, unsigned int, unsigned int, CPU::REGS*)
                0x00000000c000eee8                CPU::AMD_K6_read_msr(unsigned int, CPU::REGS*)
                0x00000000c000ef00                CPU::AMD_K6_writeback(int, int, int)
                0x00000000c000ef74                CPU::cpuid(int, unsigned long*, unsigned long*, unsigned long*, unsigned long*)
                0x00000000c000eff8                CPU::cpuidCheckEDX(unsigned int)
                0x00000000c000f026                CPU::cpuidCheckECX(unsigned int)
                0x00000000c000f054                CPU::cpuidCheckExtendedEBX(unsigned int)
                0x00000000c000f082                CPU::cpuidCheckExtendedECX(unsigned int)
                0x00000000c000f0b0                CPU::CPU()
                0x00000000c000f0b0                CPU::CPU()
                0x00000000c000f13e                CPU::displayFeatures()
                0x00000000c000f140                CPU::detectFeatures()
                0x00000000c000f804                CPU::setupSMEP()
                0x00000000c000f810                CPU::setupUMIP()
                0x00000000c000f81a                CPU::setupTSC()
                0x00000000c000f824                CPU::setupLargePages()
                0x00000000c000f82e                CPU::setupPAT()
                0x00000000c000f86a                CPU::setupMTRR()
                0x00000000c000f86c                CPU::setupGlobalPages()
                0x00000000c000f876                CPU::allowUsermodeDataAccess()
                0x00000000c000f888                CPU::prohibitUsermodeDataAccess()
                0x00000000c000f89a                CPU::setupSMAP()
                0x00000000c000f8a8                CPU::setupFeatures()
                0x00000000c000f974                CPU::open(int, int, void*)
 .text          0x00000000c000fa5d       0xd1 krnl/bootmsg.32
                0x00000000c000fa5d                KeDisplaySplashScreen()
                0x00000000c000facb                KeSetBootMessage(char const*)
 .text          0x00000000c000fb2e      0x581 krnl/env.32
                0x00000000c000fb2e                EnvVarContainer::getEnv(char const*)
                0x00000000c000fb6c                EnvVarContainer::setEnv(char const*, char const*)
                0x00000000c000fc2e                EnvVarContainer::deleteEnv(char const*)
                0x00000000c000fc30                EnvVarContainer::loadFrom(char const*, char const*)
                0x00000000c000fe16                EnvVarContainer::__loadSystem()
                0x00000000c000fe30                EnvVarContainer::__loadUser()
                0x00000000c000fe32                EnvVarContainer::EnvVarContainer(Process*)
                0x00000000c000fe32                EnvVarContainer::EnvVarContainer(Process*)
                0x00000000c000fe54                EnvVarContainer::~EnvVarContainer()
                0x00000000c000fe54                EnvVarContainer::~EnvVarContainer()
                0x00000000c000fe84                Krnl::getEnv(Process*, char const*)
                0x00000000c000fee9                Krnl::setEnvSystem(char const*, char const*)
                0x00000000c000ff03                Krnl::setEnvUser(char const*, char const*)
                0x00000000c000ff22                Krnl::setEnvProcess(Process*, char const*, char const*)
                0x00000000c000ff35                Krnl::deleteEnvSystem(char const*)
                0x00000000c000ff36                Krnl::deleteEnvUser(char const*)
                0x00000000c000ff37                Krnl::deleteEnvProcess(Process*, char const*)
                0x00000000c000ff38                Krnl::newProcessEnv(Process*)
                0x00000000c000ff5a                Krnl::copyProcessEnv(Process*, Process*)
                0x00000000c000ffa6                Krnl::loadSystemEnv()
                0x00000000c000ffd4                Krnl::loadUserEnv()
                0x00000000c000fffa                Krnl::flushEnv()
                0x00000000c000fffb                Krnl::getProcessTotalEnvCount(Process*)
                0x00000000c001001b                Krnl::getProcessEnvPair(Process*, int)
 .text          0x00000000c00100af       0x94 krnl/inlines.32
                0x00000000c00100af                CPU::current()
                0x00000000c00100bb                operator new(unsigned long)
                0x00000000c00100c0                operator delete(void*)
                0x00000000c00100c5                disableIRQs()
                0x00000000c00100c7                enableIRQs()
                0x00000000c00100c9                lockScheduler()
                0x00000000c00100d1                unlockScheduler()
                0x00000000c00100e0                lockStuff()
                0x00000000c00100ee                unlockStuff()
                0x00000000c0010128                Virt::getAKernelVAS()
                0x00000000c001012e                __not_memcpy
 .text          0x00000000c0010143        0xc krnl/panic.32
                0x00000000c0010143                KePanic(char const*)
 .text          0x00000000c001014f      0x142 krnl/powctrl.32
                0x00000000c001014f                Krnl::powerThread(void*)
                0x00000000c001017d                Krnl::changePowerSettings(Krnl::PowerSettings)
                0x00000000c0010193                Krnl::userIOReceived()
                0x00000000c001019e                Krnl::handlePowerButton()
                0x00000000c00101d3                Krnl::handleSleepButton()
                0x00000000c0010208                Krnl::setupPowerManager()
 *fill*         0x00000000c0010291        0x3 
 .text          0x00000000c0010294      0x190 krnl/resolve.32
                0x00000000c0010294                KeResolveCompatibilitySymbol(char*)
 .text          0x00000000c0010424      0x33f krnl/signal.32
                0x00000000c0010424                KiDefaultSignalHandlerAbort(int)
                0x00000000c0010431                KiDefaultSignalHandlerTerminate(int)
                0x00000000c001043e                KiSigKill(int)
                0x00000000c001044b                KiDefaultSignalHandlerIgnore(int)
                0x00000000c001044c                KiDefaultSignalHandlerPause(int)
                0x00000000c0010459                KiDefaultSignalHandlerResume(int)
                0x00000000c0010466                KeInitSignals()
                0x00000000c00104c1                KeRegisterSignalHandler(SigHandlerBlock*, int, void (*)(int), unsigned int, int)
                0x00000000c0010526                KeRaiseSignal(SigHandlerBlock*, int)
                0x00000000c00105a2                KeCheckSignal(SigHandlerBlock*)
                0x00000000c0010728                KeCompleteSignal(SigHandlerBlock*, int)
 .text          0x00000000c0010763      0xcfe krnl/syscalls.32
                0x00000000c0010763                SysSeekDir(regs*)
                0x00000000c0010768                SysTellDir(regs*)
                0x00000000c001076d                SysVerify(regs*)
                0x00000000c0010777                SysGetArgc(regs*)
                0x00000000c0010787                SysTTYName(regs*)
                0x00000000c001078f                SysFormatDisk(regs*)
                0x00000000c00107fc                SysSetDiskVolumeLabel(regs*)
                0x00000000c0010846                SysGetDiskVolumeLabel(regs*)
                0x00000000c001089b                SysShutdown(regs*)
                0x00000000c00108f9                SysRealpath(regs*)
                0x00000000c001093c                SysReadDir(regs*)
                0x00000000c00109bc                SysIsATTY(regs*)
                0x00000000c0010a18                SysSeek(regs*)
                0x00000000c0010a71                SysTell(regs*)
                0x00000000c0010ae0                SysSize(regs*)
                0x00000000c0010b55                SysSizeFromFilename(regs*)
                0x00000000c0010c08                SysClose(regs*)
                0x00000000c0010c68                SysOpenDir(regs*)
                0x00000000c0010d79                SysCloseDir(regs*)
                0x00000000c0010dcd                SysMakeDir(regs*)
                0x00000000c0010e3f                SysWait(regs*)
                0x00000000c0010e5c                SysNotImpl(regs*)
                0x00000000c0010e77                SysPanic(regs*)
                0x00000000c0010e92                SysRmdir(regs*)
                0x00000000c0010ef9                SysUnlink(regs*)
                0x00000000c0010f60                SysGetArgv(regs*)
                0x00000000c0010fad                SysUSleep(regs*)
                0x00000000c0010fd6                SysSpawn(regs*)
                0x00000000c001103f                SysGetEnv(regs*)
                0x00000000c00110ee                SysSetFatAttrib(regs*)
                0x00000000c0011165                SysPipe(regs*)
                0x00000000c00111aa                SysGetUnixTime(regs*)
                0x00000000c00111be                string_ends_with(char const*, char const*)
                0x00000000c0011208                SysOpen(regs*)
                0x00000000c001140f                KeSystemCall(regs*, void*)
 .text          0x00000000c0011461      0x50e reg/registry.32
                0x00000000c0011461                Reg::findLineFromLoadedData(char*, char*, char*)
                0x00000000c00115b9                Reg::getLineFromRegistry(char*, char*, char*, char*)
                0x00000000c001170e                Reg::getLine(char*, char*, char*)
                0x00000000c0011745                Reg::readInt(char*, char*, int*)
                0x00000000c0011830                Reg::readString(char*, char*, char*, int)
                0x00000000c00118b1                Reg::readBool(char*, char*, bool*)
                0x00000000c00118d6                Reg::readBoolWithDefault(char*, char*, bool)
                0x00000000c0011902                Reg::readIntWithDefault(char*, char*, int)
                0x00000000c001192e                Reg::readStringWithDefault(char*, char*, char*, int, char*)
 .text          0x00000000c001196f       0x36 sys/eject.32
                0x00000000c001196f                SysEject(regs*)
 .text          0x00000000c00119a5       0x18 sys/exit.32
                0x00000000c00119a5                SysExit(regs*)
 .text          0x00000000c00119bd       0x1f sys/getcwd.32
                0x00000000c00119bd                SysGetCwd(regs*)
 .text          0x00000000c00119dc        0xc sys/getpid.32
                0x00000000c00119dc                SysGetPID(regs*)
 .text          0x00000000c00119e8       0x1a sys/getramdata.32
                0x00000000c00119e8                SysGetRAMData(regs*)
 .text          0x00000000c0011a02       0x82 sys/getvgaptr.32
                0x00000000c0011a02                SysGetVGAPtr(regs*)
 .text          0x00000000c0011a84       0xa8 sys/loaddll.32
                0x00000000c0011a84                SysLoadDLL(regs*)
 .text          0x00000000c0011b2c       0x68 sys/read.32
                0x00000000c0011b2c                SysRead(regs*)
 .text          0x00000000c0011b94       0x29 sys/registersignal.32
                0x00000000c0011b94                SysRegisterSignal(regs*)
 .text          0x00000000c0011bbd       0x67 sys/sbrk.32
                0x00000000c0011bbd                SysSbrk(regs*)
 .text          0x00000000c0011c24       0x1c sys/setcwd.32
                0x00000000c0011c24                SysSetCwd(regs*)
 .text          0x00000000c0011c40       0x95 sys/settime.32
                0x00000000c0011c40                SysSetTime(regs*)
 .text          0x00000000c0011cd5       0x4a sys/timezone.32
                0x00000000c0011cd5                SysTimezone(regs*)
 .text          0x00000000c0011d1f       0x68 sys/write.32
                0x00000000c0011d1f                SysWrite(regs*)
 .text          0x00000000c0011d87       0x62 sys/wsbe.32
                0x00000000c0011d87                SysWsbe(regs*)
 .text          0x00000000c0011de9       0x25 sys/yield.32
                0x00000000c0011de9                SysYield(regs*)
 .text          0x00000000c0011e0e     0x11e5 thr/elf.32
                0x00000000c0011e0e                Thr::allocateMemoryForTask(Process*, File*, unsigned long, unsigned long, unsigned long)
                0x00000000c001209a                Thr::loadProgramIntoMemory(Process*, char const*)
                0x00000000c00122b0                Thr::runtimeReferenceHelper()
                0x00000000c00122c3                Thr::getAddressOfKernelSymbol(char const*)
                0x00000000c0012312                Thr::loadKernelSymbolTable(char const*)
                0x00000000c00125d0                Thr::loadDriverIntoMemory(char const*, unsigned long, bool)
                0x00000000c0012d06                Thr::getDriverBaseFromAddress(unsigned long)
                0x00000000c0012d38                Thr::getDriverNameFromAddress(unsigned long)
                0x00000000c0012d6f                Thr::getDriverOffsetFromAddress(unsigned long)
                0x00000000c0012d89                Thr::loadDLL(char const*, bool)
                0x00000000c0012fba                Thr::executeDLL(unsigned long, void*)
 *fill*         0x00000000c0012ff3        0x1 
 .text          0x00000000c0012ff4     0x1445 thr/prcssthr.32
                0x00000000c0012ff4                userModeEntryPoint(void*)
                0x00000000c001301c                changeTSS
                0x00000000c001304c                switchToThread(ThreadControlBlock*)
                0x00000000c0013100                Process::addArgs(char**)
                0x00000000c0013160                Process::Process(char const*, Process*, char**)
                0x00000000c0013160                Process::Process(char const*, Process*, char**)
                0x00000000c0013414                Process::Process(bool, char const*, Process*, char**)
                0x00000000c0013414                Process::Process(bool, char const*, Process*, char**)
                0x00000000c001368c                taskStartupFunction
                0x00000000c0013698                Semaphore::Semaphore(int)
                0x00000000c0013698                Semaphore::Semaphore(int)
                0x00000000c00136c8                Mutex::Mutex()
                0x00000000c00136c8                Mutex::Mutex()
                0x00000000c00136dc                Process::createThread(void (*)(void*), void*, int)
                0x00000000c00137d4                Process::createUserThread()
                0x00000000c00137f4                setupMultitasking(void (*)())
                0x00000000c00138fc                schedule()
                0x00000000c001398c                Semaphore::tryAcquire()
                0x00000000c0013a58                Semaphore::assertLocked(char const*)
                0x00000000c0013ad0                blockTaskWithSchedulerLockAlreadyHeld(TaskState)
                0x00000000c0013af8                blockTask(TaskState)
                0x00000000c0013b28                waitTask(int, int*, int)
                0x00000000c0013b6c                milliTenthSleepUntil(unsigned int)
                0x00000000c0013bfc                milliTenthSleep(unsigned int)
                0x00000000c0013c0c                sleep(unsigned int)
                0x00000000c0013c28                Semaphore::acquire()
                0x00000000c0013ce4                taskReturned
                0x00000000c0013d20                Thr::processFromPID(int)
                0x00000000c0013dc0                unblockTask(ThreadControlBlock*)
                0x00000000c0013e64                cleanupTerminatedTask(ThreadControlBlock*)
                0x00000000c0014130                cleanerTaskFunction(void*)
                0x00000000c0014220                terminateTask(int)
                0x00000000c00142ec                Thr::terminateFromIRQ(int)
                0x00000000c00142fc                Semaphore::release()
 .text          0x00000000c0014439      0xb93 vm86/vm8086.32
                0x00000000c0014439                Vm::inbv(unsigned short)
                0x00000000c001444c                Vm::outbv(unsigned short, unsigned char)
                0x00000000c0014482                Vm::realToLinear(unsigned short, unsigned short)
                0x00000000c0014492                Vm::getSegment(unsigned int)
                0x00000000c001449a                Vm::getOffset(unsigned int)
                0x00000000c001449f                Vm::mainloop2()
                0x00000000c00144d9                Vm::mainVm8086Loop(void*)
                0x00000000c00144e9                Vm::mainloop3(unsigned long)
                0x00000000c001450f                Vm::initialise8086()
                0x00000000c0014552                Vm::finish8086()
                0x00000000c00145b3                Vm::getOutput8086(unsigned char*)
                0x00000000c00145d8                Vm::start8086FromBuffer(unsigned char*, int, unsigned short, unsigned short, unsigned short, unsigned short)
                0x00000000c0014691                Vm::start8086(char const*, unsigned short, unsigned short, unsigned short, unsigned short)
                0x00000000c00147f9                Vm::doISR(regs*, int, unsigned char*, unsigned short, unsigned short)
                0x00000000c0014883                Vm::readByteFromReal(unsigned short, unsigned short)
                0x00000000c0014894                Vm::readWordFromReal(unsigned short, unsigned short)
                0x00000000c00148a6                Vm::readDwordFromReal(unsigned short, unsigned short)
                0x00000000c00148b7                Vm::writeByteFromReal(unsigned short, unsigned short, unsigned char)
                0x00000000c00148cc                Vm::writeWordFromReal(unsigned short, unsigned short, unsigned short)
                0x00000000c00148e2                Vm::writeDwordFromReal(unsigned short, unsigned short, unsigned int)
                0x00000000c00148f7                Vm::faultHandler(regs*)
 .text          0x00000000c0014fcc      0xa53 arch/i386/hal.32
                0x00000000c0014fcc                noCopro(unsigned long)
                0x00000000c0014fcd                nmiHandler(regs*, void*)
                0x00000000c0014fe6                doubleFault(regs*, void*)
                0x00000000c0014fff                displayDebugInfo(regs*)
                0x00000000c0015320                HalSystemIdle()
                0x00000000c0015396                displayProgramFault(char const*)
                0x00000000c00153e2                gpFault(regs*, void*)
                0x00000000c0015447                pgFault(regs*, void*)
                0x00000000c00154cd                otherISRHandler(regs*, void*)
                0x00000000c0015501                opcodeFault(regs*, void*)
                0x00000000c0015581                i386SaveCoprocessor(void*)
                0x00000000c0015595                i386LoadCoprocessor(void*)
                0x00000000c00155a9                x87EmulHandler(regs*, void*)
                0x00000000c0015646                HalInitialiseCoprocessor()
                0x00000000c00156f4                HalPanic(char const*)
                0x00000000c00157ed                HalQueryPerformanceCounter()
                0x00000000c0015808                HalInitialise()
                0x00000000c00159ae                HalMakeBeep(int)
                0x00000000c00159e8                HalGetRand()
                0x00000000c00159eb                HalEndOfInterrupt(int)
                0x00000000c0015a1c                HalRestart()
                0x00000000c0015a1d                HalShutdown()
                0x00000000c0015a1e                HalSleep()
 *fill*         0x00000000c0015a1f        0x1 
 .text          0x00000000c0015a20      0x2f4 arch/i386/pic.32
                0x00000000c0015a20                picIoWait()
                0x00000000c0015a28                picDisable()
                0x00000000c0015a5c                picGetIRQReg(int)
                0x00000000c0015ae0                picOpen()
                0x00000000c0015c70                picEOI(int)
 .text          0x00000000c0015d14      0x64d arch/i386/rtc.32
                0x00000000c0015d14                RTC::open(int, int, void*)
                0x00000000c0015d18                RTC::close(int, int, void*)
                0x00000000c0015d1c                RTC::timeInSecondsUTC()
                0x00000000c0015d2e                RTC::timeInDatetimeUTC()
                0x00000000c0015d54                RTC::setTimeInSecondsUTC(unsigned long long)
                0x00000000c0015d92                RTC::~RTC()
                0x00000000c0015d92                RTC::~RTC()
                0x00000000c0015db6                RTC::~RTC()
                0x00000000c0015de0                RTC::get_update_in_progress_flag()
                0x00000000c0015df8                RTC::completeRTCRefresh()
                0x00000000c00160b0                RTC::setTimeInDatetimeUTC(datetime_t)
                0x00000000c0016263                rtcIRQHandler(regs*, void*)
                0x00000000c00162a8                RTC::RTC()
                0x00000000c00162a8                RTC::RTC()
 *fill*         0x00000000c0016361        0x3 
 .text          0x00000000c0016364      0x203 arch/i386/vga.32
                0x00000000c0016364                HalConsoleScroll(int, int)
                0x00000000c001646c                HalConsoleWriteCharacter(char, int, int, int, int)
                0x00000000c00164d8                HalConsoleCursorUpdate(int, int)
 *fill*         0x00000000c0016567        0x1 
 .text          0x00000000c0016568     0x13e7 fs/fat/vfslink.32
                0x00000000c0016568                FAT::getName()
                0x00000000c0016570                FAT::tell(void*, unsigned long long*)
                0x00000000c00165ac                FAT::stat(void*, unsigned long long*)
                0x00000000c00165e8                FAT::~FAT()
                0x00000000c00165e8                FAT::~FAT()
                0x00000000c001660c                FAT::~FAT()
                0x00000000c0016634                FAT::getlabel(LogicalDisk*, int, char*, unsigned int*)
                0x00000000c00166d8                FAT::setlabel(LogicalDisk*, int, char*)
                0x00000000c001679c                FAT::format(LogicalDisk*, int, char const*, int)
                0x00000000c0016970                FAT::tryMount(LogicalDisk*, int)
                0x00000000c0016b88                FAT::allocateSwapfile(char const*, int)
                0x00000000c0016d48                FAT::readDir(void*, unsigned long, void*, int*)
                0x00000000c0016eb4                FAT::read(void*, unsigned long, void*, int*)
                0x00000000c0016f14                FAT::write(void*, unsigned long, void*, int*)
                0x00000000c0016f74                FAT::close(void*)
                0x00000000c0016fc8                FAT::closeDir(void*)
                0x00000000c001701c                FAT::seek(void*, unsigned long long)
                0x00000000c0017074                fatWrapperReadDisk
                0x00000000c00170b8                fatWrapperWriteDisk
                0x00000000c00170fc                fatWrapperIoctl
                0x00000000c0017218                FAT::FAT()
                0x00000000c0017218                FAT::FAT()
                0x00000000c001726c                FAT::fixFilepath(char*)
                0x00000000c00172a8                FAT::open(char const*, void**, FileOpenMode)
                0x00000000c00173e0                FAT::openDir(char const*, void**)
                0x00000000c0017490                FAT::stat(char const*, unsigned long long*, bool*)
                0x00000000c0017588                FAT::unlink(char const*)
                0x00000000c0017608                FAT::chfatattr(char const*, unsigned char, unsigned char)
                0x00000000c0017794                FAT::rename(char const*, char const*)
                0x00000000c0017860                FAT::mkdir(char const*)
                0x00000000c00178e0                FAT::exists(char const*)
 *fill*         0x00000000c001794f        0x1 
 .text          0x00000000c0017950       0xc6 fs/iso9660/helper.32
                0x00000000c0017950                isoReadDiscSectorHelper
                0x00000000c00179ac                iso_kprintf
                0x00000000c00179cc                iso_kprintfd
 .text          0x00000000c0017a16      0x586 fs/iso9660/vfslink.32
                0x00000000c0017a16                ISO9660::format(LogicalDisk*, int, char const*, int)
                0x00000000c0017a1c                ISO9660::getName()
                0x00000000c0017a22                ISO9660::closeDir(void*)
                0x00000000c0017a2c                ISO9660::chfatattr(char const*, unsigned char, unsigned char)
                0x00000000c0017a32                ISO9660::unlink(char const*)
                0x00000000c0017a38                ISO9660::write(void*, unsigned long, void*, int*)
                0x00000000c0017a3e                ISO9660::rename(char const*, char const*)
                0x00000000c0017a44                ISO9660::mkdir(char const*)
                0x00000000c0017a4a                ISO9660::~ISO9660()
                0x00000000c0017a4a                ISO9660::~ISO9660()
                0x00000000c0017a6e                ISO9660::~ISO9660()
                0x00000000c0017a96                ISO9660::exists(char const*)
                0x00000000c0017aaa                ISO9660::open(char const*, void**, FileOpenMode)
                0x00000000c0017b4a                ISO9660::openDir(char const*, void**)
                0x00000000c0017bda                ISO9660::read(void*, unsigned long, void*, int*)
                0x00000000c0017c1a                ISO9660::seek(void*, unsigned long long)
                0x00000000c0017c52                ISO9660::tell(void*, unsigned long long*)
                0x00000000c0017c88                ISO9660::stat(void*, unsigned long long*)
                0x00000000c0017cc2                ISO9660::stat(char const*, unsigned long long*, bool*)
                0x00000000c0017d94                ISO9660::close(void*)
                0x00000000c0017dba                ISO9660::readDir(void*, unsigned long, void*, int*)
                0x00000000c0017e87                readSectorFromCDROM(unsigned int, unsigned char*, char)
                0x00000000c0017f02                ISO9660::tryMount(LogicalDisk*, int)
                0x00000000c0017f74                ISO9660::ISO9660()
                0x00000000c0017f74                ISO9660::ISO9660()
 .text          0x00000000c0017f9c      0x26c hal/sound/sndcard.32
                0x00000000c0017f9c                SoundCard::beginPlayback()
                0x00000000c0017faa                SoundCard::stopPlayback()
                0x00000000c0017fb8                SoundCard::SoundCard(char const*)
                0x00000000c0017fb8                SoundCard::SoundCard(char const*)
                0x00000000c0018056                SoundCard::~SoundCard()
                0x00000000c0018056                SoundCard::~SoundCard()
                0x00000000c001807a                SoundCard::~SoundCard()
                0x00000000c00180a4                SoundCard::configureRates(int, int, int)
                0x00000000c00180d4                SoundCard::getSamples16(int, short*)
                0x00000000c0018130                SoundCard::getSamples32(int, int*)
                0x00000000c00181b6                SoundCard::addChannel(SoundPort*)
                0x00000000c00181f4                SoundCard::removeChannel(int)
 .text          0x00000000c0018208      0x377 hal/sound/sndport.32
                0x00000000c0018208                SoundPort::SoundPort(int, int, int, int)
                0x00000000c0018208                SoundPort::SoundPort(int, int, int, int)
                0x00000000c0018294                SoundPort::~SoundPort()
                0x00000000c0018294                SoundPort::~SoundPort()
                0x00000000c00182c8                SoundPort::unpause()
                0x00000000c00182d4                SoundPort::pause()
                0x00000000c00182e0                SoundPort::getBufferUsed()
                0x00000000c00182e8                SoundPort::getBufferSize()
                0x00000000c00182f0                SoundPort::buffer16(short*, int)
                0x00000000c001837c                SoundPort::buffer32(int*, int)
                0x00000000c0018404                SoundPort::unbufferAndAdd16(int, short*, SoundCard*)
                0x00000000c00184c8                SoundPort::unbufferAndAdd32(int, int*, SoundCard*)
 .text          0x00000000c001857f        0x0 hw/bus/isa.32
 *fill*         0x00000000c001857f        0x1 
 .text          0x00000000c0018580      0xb49 hw/bus/pci.32
                0x00000000c0018580                PCI::open(int, int, void*)
                0x00000000c001859e                PCI::close(int, int, void*)
                0x00000000c00185a2                PCI::PCI()
                0x00000000c00185a2                PCI::PCI()
                0x00000000c001863c                PCI::readBAR8(unsigned int, int)
                0x00000000c0018658                PCI::readBAR16(unsigned int, int)
                0x00000000c0018676                PCI::readBAR32(unsigned int, int)
                0x00000000c0018692                PCI::writeBAR8(unsigned int, unsigned char, int)
                0x00000000c00186b2                PCI::writeBAR16(unsigned int, unsigned short, int)
                0x00000000c00186d4                PCI::writeBAR32(unsigned int, unsigned int, int)
                0x00000000c00186f4                PCI::legacyMechanism(unsigned char, unsigned char, unsigned char, unsigned char)
                0x00000000c0018762                PCI::pciReadWord(unsigned char, unsigned char, unsigned char, unsigned char)
                0x00000000c001880a                PCI::getVendorID(unsigned char, unsigned char, unsigned char)
                0x00000000c001882e                PCI::getHeaderType(unsigned char, unsigned char, unsigned char)
                0x00000000c0018856                PCI::getClassCode(unsigned char, unsigned char, unsigned char)
                0x00000000c00188a0                PCI::getProgIF(unsigned char, unsigned char, unsigned char)
                0x00000000c00188c8                PCI::getRevisionID(unsigned char, unsigned char, unsigned char)
                0x00000000c00188ec                PCI::getInterruptNumber(unsigned char, unsigned char, unsigned char)
                0x00000000c0018910                PCI::getSecondaryBus(unsigned char, unsigned char, unsigned char)
                0x00000000c0018938                PCI::getBARAddress(unsigned char, unsigned char, unsigned char, unsigned char)
                0x00000000c001899c                PCI::pciWriteWord(unsigned char, unsigned char, unsigned char, unsigned char, unsigned short)
                0x00000000c0018a84                PCI::pciDetailsToFilepath(PCIDeviceInfo, char*)
                0x00000000c0018cfe                PCI::checkBus(unsigned char)
                0x00000000c0018d24                PCI::foundDevice(PCIDeviceInfo)
                0x00000000c0018e96                PCI::getDeviceData(unsigned char, unsigned char, unsigned char)
                0x00000000c001900a                PCI::checkDevice(unsigned char, unsigned char)
                0x00000000c0019076                PCI::detect()
 *fill*         0x00000000c00190c9        0x1 
 .text          0x00000000c00190ca      0xb5a hw/diskctrl/ide.32
                0x00000000c00190ca                IDE::close(int, int, void*)
                0x00000000c00190ce                IDE::IDE()
                0x00000000c00190ce                IDE::IDE()
                0x00000000c0019102                IDE::prepareInterrupt(unsigned char)
                0x00000000c0019114                selectDrive(unsigned char, unsigned char)
                0x00000000c0019116                IDE::getBase(unsigned char)
                0x00000000c0019128                IDE::write(unsigned char, unsigned char, unsigned char)
                0x00000000c00191e8                IDE::read(unsigned char, unsigned char)
                0x00000000c0019296                IDE::waitInterrupt(unsigned char)
                0x00000000c00192fe                ideChannel0IRQHandler(regs*, void*)
                0x00000000c001931a                ideChannel1IRQHandler(regs*, void*)
                0x00000000c0019336                IDE::enableIRQs(unsigned char, bool)
                0x00000000c001937c                IDE::open(int, int, void*)
                0x00000000c001978a                IDE::readBuffer(unsigned char, unsigned char, unsigned int, unsigned int)
                0x00000000c0019856                IDE::detect()
                0x00000000c0019b16                IDE::printError(unsigned char, unsigned char, unsigned char)
                0x00000000c0019bc6                IDE::polling(unsigned char, unsigned int)
 .text          0x00000000c0019c24      0x32a hw/diskctrl/satabus.32
                0x00000000c0019c24                SATABus::close(int, int, void*)
                0x00000000c0019c28                SATABus::detect()
                0x00000000c0019c2a                SATABus::SATABus()
                0x00000000c0019c2a                SATABus::SATABus()
                0x00000000c0019cb0                SATABus::findCmdslot(SATABus::tagHBA_PORT volatile*)
                0x00000000c0019ce2                SATABus::checkType(SATABus::tagHBA_PORT volatile*)
                0x00000000c0019d2a                SATABus::startCmd(SATABus::tagHBA_PORT volatile*)
                0x00000000c0019d4a                SATABus::stopCmd(SATABus::tagHBA_PORT volatile*)
                0x00000000c0019d74                SATABus::portRebase(SATABus::tagHBA_PORT volatile*, int)
                0x00000000c0019e84                SATABus::probePort(SATABus::tagHBA_MEM volatile*)
                0x00000000c0019f2e                SATABus::open(int, int, void*)
 .text          0x00000000c0019f4e      0x5f4 hw/diskphys/ata.32
                0x00000000c0019f4e                ATA::close(int, int, void*)
                0x00000000c0019f72                ATA::powerSaving(PowerSavingLevel)
                0x00000000c0019f74                ATA::ATA()
                0x00000000c0019f74                ATA::ATA()
                0x00000000c0019fa2                ATA::flush(bool)
                0x00000000c0019fec                ATA::readyForCommand()
                0x00000000c001a038                ATA::access(unsigned long long, int, void*, bool)
                0x00000000c001a3b4                ATA::read(unsigned long long, int, void*)
                0x00000000c001a400                ATA::write(unsigned long long, int, void*)
                0x00000000c001a44c                ATA::detectCHS()
                0x00000000c001a476                ATA::open(int, int, void*)
 .text          0x00000000c001a542      0x60e hw/diskphys/atapi.32
                0x00000000c001a542                ATAPI::write(unsigned long long, int, void*)
                0x00000000c001a548                ATAPI::close(int, int, void*)
                0x00000000c001a56c                ATAPI::ATAPI()
                0x00000000c001a56c                ATAPI::ATAPI()
                0x00000000c001a59a                ATAPI::readyForCommand()
                0x00000000c001a5ec                ATAPI::sendPacket(unsigned char*, int, bool, unsigned short*, int)
                0x00000000c001a8ac                ATAPI::diskRemoved()
                0x00000000c001a8e6                ATAPI::eject()
                0x00000000c001a92e                ATAPI::diskInserted()
                0x00000000c001a93a                ATAPI::detectMedia()
                0x00000000c001a9f6                ATAPI::open(int, int, void*)
                0x00000000c001aad6                ATAPI::read(unsigned long long, int, void*)
 .text          0x00000000c001ab50      0x402 hw/diskphys/sata.32
                0x00000000c001ab50                SATA::close(int, int, void*)
                0x00000000c001ab74                SATA::powerSaving(PowerSavingLevel)
                0x00000000c001ab76                SATA::open(int, int, void*)
                0x00000000c001ac20                SATA::SATA()
                0x00000000c001ac20                SATA::SATA()
                0x00000000c001ac4e                SATA::access(unsigned long long, int, void*, bool)
                0x00000000c001ae9a                SATA::read(unsigned long long, int, void*)
                0x00000000c001aee6                SATA::write(unsigned long long, int, void*)
 .text          0x00000000c001af52      0x5af hw/diskphys/satapi.32
                0x00000000c001af52                SATAPI::write(unsigned long long, int, void*)
                0x00000000c001af58                SATAPI::close(int, int, void*)
                0x00000000c001af7c                SATAPI::SATAPI()
                0x00000000c001af7c                SATAPI::SATAPI()
                0x00000000c001afaa                SATAPI::diskRemoved()
                0x00000000c001afac                SATAPI::diskInserted()
                0x00000000c001afc8                SATAPI::sendPacket(unsigned char*, int, unsigned long long, unsigned short*, int)
                0x00000000c001b2a8                SATAPI::eject()
                0x00000000c001b2e4                SATAPI::detectMedia()
                0x00000000c001b30a                SATAPI::open(int, int, void*)
                0x00000000c001b40a                SATAPI::read(unsigned long long, int, void*)
 *fill*         0x00000000c001b501        0x1 
 .text          0x00000000c001b502      0x455 hw/intctrl/apic.32
                0x00000000c001b502                IOAPIC::close(int, int, void*)
                0x00000000c001b508                apicGetBase()
                0x00000000c001b54a                IOAPIC::IOAPIC()
                0x00000000c001b54a                IOAPIC::IOAPIC()
                0x00000000c001b572                apicOpen()
                0x00000000c001b6d8                IOAPIC::handlesGSIWithNumber(unsigned int)
                0x00000000c001b70a                IOAPIC::read(int)
                0x00000000c001b732                IOAPIC::open(int, int, void*)
                0x00000000c001b826                IOAPIC::write(int, int)
                0x00000000c001b852                IOAPIC::redirect(unsigned char, unsigned long long, unsigned char, bool, bool)
 *fill*         0x00000000c001b957        0x1 
 .text          0x00000000c001b958       0xf0 hw/timer/apictimer.32
                0x00000000c001b958                APICTimer::close(int, int, void*)
                0x00000000c001b960                apicTimerHandler(regs*, void*)
                0x00000000c001b988                APICTimer::open(int, int, void*)
                0x00000000c001b9f8                APICTimer::write(int)
                0x00000000c001ba20                APICTimer::APICTimer()
                0x00000000c001ba20                APICTimer::APICTimer()
 .text          0x00000000c001ba48      0x1aa hw/timer/pit.32
                0x00000000c001ba48                PIT::write(int)
                0x00000000c001bacc                pitHandler(regs*, void*)
                0x00000000c001baf0                PIT::open(int, int, void*)
                0x00000000c001bb40                PIT::close(int, int, void*)
                0x00000000c001bb70                PIT::PIT()
                0x00000000c001bb70                PIT::PIT()
 *fill*         0x00000000c001bbf2        0xe 
 .text          0x00000000c001bc00       0x83 arch/i386/avx.32
                0x00000000c001bc00                avxDetect
                0x00000000c001bc2a                avxSave
                0x00000000c001bc3b                avxLoad
                0x00000000c001bc4c                avxInit
                0x00000000c001bc6e                avxClose
                0x00000000c001bc6f                wouldSheSayYes
 *fill*         0x00000000c001bc83        0xd 
 .text          0x00000000c001bc90      0x1d6 arch/i386/interrupt.32
                0x00000000c001bc90                isr0
                0x00000000c001bca0                isr1
                0x00000000c001bcaa                isr2
                0x00000000c001bcb4                isr3
                0x00000000c001bcbe                isr4
                0x00000000c001bcc8                isr5
                0x00000000c001bcd2                isr6
                0x00000000c001bcdc                isr7
                0x00000000c001bce6                isr8
                0x00000000c001bcee                isr9
                0x00000000c001bcf8                isr10
                0x00000000c001bd00                isr11
                0x00000000c001bd08                isr12
                0x00000000c001bd10                isr13
                0x00000000c001bd18                isr14
                0x00000000c001bd20                isr15
                0x00000000c001bd2a                isr16
                0x00000000c001bd34                isr17
                0x00000000c001bd3e                isr18
                0x00000000c001bd48                irq3
                0x00000000c001bd52                irq4
                0x00000000c001bd5c                irq5
                0x00000000c001bd66                irq6
                0x00000000c001bd70                irq7
                0x00000000c001bd7a                irq8
                0x00000000c001bd84                irq9
                0x00000000c001bd8e                irq10
                0x00000000c001bd98                irq11
                0x00000000c001bda2                irq12
                0x00000000c001bdac                irq13
                0x00000000c001bdb6                irq14
                0x00000000c001bdc0                irq15
                0x00000000c001bdca                irq1
                0x00000000c001bdd1                irq2
                0x00000000c001bdd8                isr96
                0x00000000c001bddf                irq0
                0x00000000c001bde4                int_common_stub
                0x00000000c001bde4                syscall_common_stub
                0x00000000c001be16                irq16
                0x00000000c001be20                irq17
                0x00000000c001be2a                irq18
                0x00000000c001be34                irq19
                0x00000000c001be3e                irq20
                0x00000000c001be48                irq21
                0x00000000c001be52                irq22
                0x00000000c001be5c                irq23
 *fill*         0x00000000c001be66        0xa 
 .text          0x00000000c001be70       0x10 arch/i386/rdrand.32
                0x00000000c001be70                i386GetRDRAND
 .text          0x00000000c001be80       0x39 arch/i386/sse.32
                0x00000000c001be80                absolutelyNoChanceInHell
                0x00000000c001be80                sseDetect
                0x00000000c001be98                sseSave
                0x00000000c001bea0                sseLoad
                0x00000000c001bea8                sseInit
                0x00000000c001beb8                sseClose
 *fill*         0x00000000c001beb9        0x7 
 .text          0x00000000c001bec0       0x49 arch/i386/x87.32
                0x00000000c001bec6                x87Detect
                0x00000000c001bee1                x87Save
                0x00000000c001bee8                x87Load
                0x00000000c001beef                x87Init
                0x00000000c001bf08                x87Close
 *fill*         0x00000000c001bf09        0x3 
 .text          0x00000000c001bf0c       0x25 /cygdrive/d/Users/Alex/Desktop/Toolchain/Output/bin/../lib/gcc/i386-banana/8.1.0/crtend.o
 .text          0x00000000c001bf31        0x0 crtn.32
 *fill*         0x00000000c001bf31        0x3 
 .text          0x00000000c001bf34      0x14b /cygdrive/d/Users/Alex/Desktop/Toolchain/Output/bin/../lib/gcc/i386-banana/8.1.0/libkgcc.a(_divdi3.o)
                0x00000000c001bf34                __divdi3
 *fill*         0x00000000c001c07f        0x1 
 .text          0x00000000c001c080      0x17e /cygdrive/d/Users/Alex/Desktop/Toolchain/Output/bin/../lib/gcc/i386-banana/8.1.0/libkgcc.a(_moddi3.o)
                0x00000000c001c080                __moddi3
 *fill*         0x00000000c001c1fe        0x2 
 .text          0x00000000c001c200       0xff /cygdrive/d/Users/Alex/Desktop/Toolchain/Output/bin/../lib/gcc/i386-banana/8.1.0/libkgcc.a(_udivdi3.o)
                0x00000000c001c200                __udivdi3
 *fill*         0x00000000c001c2ff        0x1 
 .text          0x00000000c001c300      0x11a /cygdrive/d/Users/Alex/Desktop/Toolchain/Output/bin/../lib/gcc/i386-banana/8.1.0/libkgcc.a(_umoddi3.o)
                0x00000000c001c300                __umoddi3
 *(.gnu.linkonce.t*)

.iplt           0x00000000c001c420        0x0
 .iplt          0x00000000c001c420        0x0 D:/Users/Alex/Desktop/Banana/kernel/boot.32

.init           0x00000000c001c41a        0xf
 .init          0x00000000c001c41a        0x3 crti.32
                0x00000000c001c41a                _init
 .init          0x00000000c001c41d        0x5 /cygdrive/d/Users/Alex/Desktop/Toolchain/Output/bin/../lib/gcc/i386-banana/8.1.0/crtbegin.o
 .init          0x00000000c001c422        0x5 /cygdrive/d/Users/Alex/Desktop/Toolchain/Output/bin/../lib/gcc/i386-banana/8.1.0/crtend.o
 .init          0x00000000c001c427        0x2 crtn.32

.fini           0x00000000c001c429        0xa
 .fini          0x00000000c001c429        0x3 crti.32
                0x00000000c001c429                _fini
 .fini          0x00000000c001c42c        0x5 /cygdrive/d/Users/Alex/Desktop/Toolchain/Output/bin/../lib/gcc/i386-banana/8.1.0/crtbegin.o
 .fini          0x00000000c001c431        0x2 crtn.32

.text._ZN8ComputerD2Ev
                0x00000000c001c434       0x23
 .text._ZN8ComputerD2Ev
                0x00000000c001c434       0x23 core/computer.32
                0x00000000c001c434                Computer::~Computer()
                0x00000000c001c434                Computer::~Computer()

.text._ZN8ComputerD0Ev
                0x00000000c001c458       0x2a
 .text._ZN8ComputerD0Ev
                0x00000000c001c458       0x2a core/computer.32
                0x00000000c001c458                Computer::~Computer()

.text._Z10idleCommonv
                0x00000000c001c482       0x21
 .text._Z10idleCommonv
                0x00000000c001c482       0x21 core/idle.32
                0x00000000c001c482                idleCommon()

.text._ZN10LinkedListI8UnixFileED2Ev
                0x00000000c001c4a4        0x2
 .text._ZN10LinkedListI8UnixFileED2Ev
                0x00000000c001c4a4        0x2 core/unixfile.32
                0x00000000c001c4a4                LinkedList<UnixFile>::~LinkedList()
                0x00000000c001c4a4                LinkedList<UnixFile>::~LinkedList()

.text._ZN10LinkedListI8UnixFileEC2Ev
                0x00000000c001c4a6       0x42
 .text._ZN10LinkedListI8UnixFileEC2Ev
                0x00000000c001c4a6       0x42 core/unixfile.32
                0x00000000c001c4a6                LinkedList<UnixFile>::LinkedList()
                0x00000000c001c4a6                LinkedList<UnixFile>::LinkedList()

.text._ZN10LinkedListI8UnixFileE10addElementEPS0_
                0x00000000c001c4e8       0xd3
 .text._ZN10LinkedListI8UnixFileE10addElementEPS0_
                0x00000000c001c4e8       0xd3 core/unixfile.32
                0x00000000c001c4e8                LinkedList<UnixFile>::addElement(UnixFile*)

.text._ZN10LinkedListI8UnixFileE15getFirstElementEv
                0x00000000c001c5bc        0x7
 .text._ZN10LinkedListI8UnixFileE15getFirstElementEv
                0x00000000c001c5bc        0x7 core/unixfile.32
                0x00000000c001c5bc                LinkedList<UnixFile>::getFirstElement()

.text._ZN10LinkedListI8UnixFileE11removeFirstEv
                0x00000000c001c5c4       0xa1
 .text._ZN10LinkedListI8UnixFileE11removeFirstEv
                0x00000000c001c5c4       0xa1 core/unixfile.32
                0x00000000c001c5c4                LinkedList<UnixFile>::removeFirst()

.text._ZN10LinkedListI8UnixFileE7getNextEPS0_
                0x00000000c001c666        0x8
 .text._ZN10LinkedListI8UnixFileE7getNextEPS0_
                0x00000000c001c666        0x8 core/unixfile.32
                0x00000000c001c666                LinkedList<UnixFile>::getNext(UnixFile*)

.text._ZN16DriverlessDeviceD2Ev
                0x00000000c001c66e       0x1a
 .text._ZN16DriverlessDeviceD2Ev
                0x00000000c001c66e       0x1a hal/device.32
                0x00000000c001c66e                DriverlessDevice::~DriverlessDevice()
                0x00000000c001c66e                DriverlessDevice::~DriverlessDevice()

.text._ZN16DriverlessDeviceD0Ev
                0x00000000c001c688       0x2a
 .text._ZN16DriverlessDeviceD0Ev
                0x00000000c001c688       0x2a hal/device.32
                0x00000000c001c688                DriverlessDevice::~DriverlessDevice()

.text._ZN10LinkedListI6DeviceE10addElementEPS0_
                0x00000000c001c6b2       0xdc
 .text._ZN10LinkedListI6DeviceE10addElementEPS0_
                0x00000000c001c6b2       0xdc hal/device.32
                0x00000000c001c6b2                LinkedList<Device>::addElement(Device*)

.text._ZN10LinkedListI6DeviceEC2Ev
                0x00000000c001c78e       0x42
 .text._ZN10LinkedListI6DeviceEC2Ev
                0x00000000c001c78e       0x42 hal/device.32
                0x00000000c001c78e                LinkedList<Device>::LinkedList()
                0x00000000c001c78e                LinkedList<Device>::LinkedList()

.text._ZN10LinkedListIV18ThreadControlBlockE7isEmptyEv
                0x00000000c001c7d0       0x1c
 .text._ZN10LinkedListIV18ThreadControlBlockE7isEmptyEv
                0x00000000c001c7d0       0x1c hal/timer.32
                0x00000000c001c7d0                LinkedList<ThreadControlBlock volatile>::isEmpty()

.text._ZN10LinkedListIV18ThreadControlBlockE15getFirstElementEv
                0x00000000c001c7ec        0x7
 .text._ZN10LinkedListIV18ThreadControlBlockE15getFirstElementEv
                0x00000000c001c7ec        0x7 hal/timer.32