Archive member included to satisfy reference by file (symbol)

/cygdrive/d/Users/Alex/Desktop/Toolchain/Output/bin/../lib/gcc/i386-banana/8.1.0/libkgcc.a(_divdi3.o)
                              krnl/resolve.32 (__divdi3)
/cygdrive/d/Users/Alex/Desktop/Toolchain/Output/bin/../lib/gcc/i386-banana/8.1.0/libkgcc.a(_moddi3.o)
                              krnl/resolve.32 (__moddi3)
/cygdrive/d/Users/Alex/Desktop/Toolchain/Output/bin/../lib/gcc/i386-banana/8.1.0/libkgcc.a(_udivdi3.o)
                              hal/clock.32 (__udivdi3)
/cygdrive/d/Users/Alex/Desktop/Toolchain/Output/bin/../lib/gcc/i386-banana/8.1.0/libkgcc.a(_umoddi3.o)
                              core/pipe.32 (__umoddi3)

Allocating common symbols
Common symbol       size              file

dcache              0x40              fs/iso9660/iso9660.32
cdDriveLetter       0x1               fs/iso9660/iso9660.32
icache              0x40              fs/iso9660/iso9660.32

Discarded input sections

 .comment       0x0000000000000000       0x12 /cygdrive/d/Users/Alex/Desktop/Toolchain/Output/bin/../lib/gcc/i386-banana/8.1.0/crtbegin.o
 .comment       0x0000000000000000       0x12 acpica/utclib.32
 .comment       0x0000000000000000       0x12 core/malloc.32
 .comment       0x0000000000000000       0x12 libk/ctype.32
 .comment       0x0000000000000000       0x12 libk/string.32
 .comment       0x0000000000000000       0x12 fs/fat/diskio.32
 .comment       0x0000000000000000       0x12 fs/fat/ff.32
 .comment       0x0000000000000000       0x12 fs/fat/ffsystem.32
 .comment       0x0000000000000000       0x12 fs/fat/ffunicode.32
 .comment       0x0000000000000000       0x12 fs/iso9660/iso9660.32
 .group         0x0000000000000000       0x14 core/computer.32
 .group         0x0000000000000000        0xc core/computer.32
 .comment       0x0000000000000000       0x12 core/computer.32
 .comment       0x0000000000000000       0x12 core/gdt.32
 .group         0x0000000000000000        0xc core/idle.32
 .comment       0x0000000000000000       0x12 core/idle.32
 .comment       0x0000000000000000       0x12 core/idt.32
 .comment       0x0000000000000000       0x12 core/kheap.32
 .comment       0x0000000000000000       0x12 core/main.32
 .comment       0x0000000000000000       0x12 core/physmgr.32
 .group         0x0000000000000000        0xc core/pipe.32
 .comment       0x0000000000000000       0x12 core/pipe.32
 .group         0x0000000000000000        0xc core/terminal.32
 .comment       0x0000000000000000       0x12 core/terminal.32
 .comment       0x0000000000000000       0x12 core/tss.32
 .group         0x0000000000000000        0xc core/unixfile.32
 .group         0x0000000000000000        0xc core/unixfile.32
 .group         0x0000000000000000        0xc core/unixfile.32
 .group         0x0000000000000000        0xc core/unixfile.32
 .group         0x0000000000000000        0xc core/unixfile.32
 .group         0x0000000000000000        0xc core/unixfile.32
 .group         0x0000000000000000        0xc core/unixfile.32
 .group         0x0000000000000000        0xc core/unixfile.32
 .comment       0x0000000000000000       0x12 core/unixfile.32
 .comment       0x0000000000000000       0x12 core/virtmgr.32
 .comment       0x0000000000000000       0x12 coreobjs/c++.32
 .comment       0x0000000000000000       0x12 dbg/kconsole.32
 .comment       0x0000000000000000       0x12 dbg/usban.32
 .group         0x0000000000000000        0xc fs/vfs.32
 .group         0x0000000000000000        0xc fs/vfs.32
 .group         0x0000000000000000        0xc fs/vfs.32
 .comment       0x0000000000000000       0x12 fs/vfs.32
 .group         0x0000000000000000        0xc hal/bus.32
 .comment       0x0000000000000000       0x12 hal/bus.32
 .comment       0x0000000000000000       0x12 hal/buzzer.32
 .group         0x0000000000000000        0xc hal/clock.32
 .comment       0x0000000000000000       0x12 hal/clock.32
 .group         0x0000000000000000       0x14 hal/device.32
 .group         0x0000000000000000        0xc hal/device.32
 .group         0x0000000000000000        0xc hal/device.32
 .group         0x0000000000000000        0xc hal/device.32
 .group         0x0000000000000000        0xc hal/device.32
 .comment       0x0000000000000000       0x12 hal/device.32
 .group         0x0000000000000000        0xc hal/diskctrl.32
 .comment       0x0000000000000000       0x12 hal/diskctrl.32
 .group         0x0000000000000000        0xc hal/diskphys.32
 .comment       0x0000000000000000       0x12 hal/diskphys.32
 .comment       0x0000000000000000       0x12 hal/fpu.32
 .comment       0x0000000000000000       0x12 hal/intctrl.32
 .group         0x0000000000000000        0xc hal/keybrd.32
 .comment       0x0000000000000000       0x12 hal/keybrd.32
 .group         0x0000000000000000        0xc hal/logidisk.32
 .comment       0x0000000000000000       0x12 hal/logidisk.32
 .group         0x0000000000000000        0xc hal/mouse.32
[...]
Memory Configuration

Name             Origin             Length             Attributes
*default*        0x0000000000000000 0xffffffffffffffff

Linker script and memory map

LOAD D:/Users/Alex/Desktop/Banana/kernel/boot.32
LOAD crti.32
LOAD /cygdrive/d/Users/Alex/Desktop/Toolchain/Output/bin/../lib/gcc/i386-banana/8.1.0/crtbegin.o
LOAD D:/Users/Alex/Desktop/Banana/kernel/morenasm.32
LOAD acpica/utclib.32
LOAD core/malloc.32
LOAD libk/ctype.32
LOAD libk/string.32
LOAD fs/fat/diskio.32
LOAD fs/fat/ff.32
LOAD fs/fat/ffsystem.32
LOAD fs/fat/ffunicode.32
LOAD fs/iso9660/iso9660.32
LOAD core/computer.32
LOAD core/gdt.32
LOAD core/idle.32
LOAD core/idt.32
LOAD core/kheap.32
LOAD core/main.32
LOAD core/physmgr.32
LOAD core/pipe.32
LOAD core/terminal.32
LOAD core/tss.32
LOAD core/unixfile.32
LOAD core/virtmgr.32
LOAD coreobjs/c++.32
LOAD dbg/kconsole.32
LOAD dbg/usban.32
LOAD fs/vfs.32
LOAD hal/bus.32
LOAD hal/buzzer.32
LOAD hal/clock.32
LOAD hal/device.32
LOAD hal/diskctrl.32
LOAD hal/diskphys.32
LOAD hal/fpu.32
LOAD hal/intctrl.32
LOAD hal/keybrd.32
LOAD hal/logidisk.32
LOAD hal/mouse.32
LOAD hal/nic.32
LOAD hal/partition.32
LOAD hal/serial.32
LOAD hal/timer.32
LOAD hal/vcache.32
LOAD hal/video.32
LOAD hw/acpi.32
LOAD hw/cpu.32
LOAD krnl/bootmsg.32
LOAD krnl/env.32
LOAD krnl/inlines.32
LOAD krnl/panic.32
LOAD krnl/powctrl.32
LOAD krnl/random.32
LOAD krnl/resolve.32
LOAD krnl/signal.32
LOAD krnl/syscalls.32
LOAD net/ethernet.32
LOAD reg/cm.32
LOAD reg/registry.32
LOAD sys/eject.32
LOAD sys/exit.32
LOAD sys/getcwd.32
LOAD sys/getpid.32
LOAD sys/getramdata.32
LOAD sys/getvgaptr.32
LOAD sys/kill.32
LOAD sys/loaddll.32
LOAD sys/read.32
LOAD sys/registersignal.32
LOAD sys/registry.32
LOAD sys/sbrk.32
LOAD sys/setcwd.32
LOAD sys/settime.32
LOAD sys/timezone.32
LOAD sys/write.32
LOAD sys/wsbe.32
LOAD sys/yield.32
LOAD thr/elf.32
LOAD thr/prcssthr.32
LOAD vm86/vm8086.32
LOAD arch/i386/hal.32
LOAD arch/i386/pic.32
LOAD arch/i386/rtc.32
LOAD arch/i386/vga.32
LOAD fs/fat/vfslink.32
LOAD fs/iso9660/helper.32
LOAD fs/iso9660/vfslink.32
LOAD hal/sound/sndcard.32
LOAD hal/sound/sndport.32
LOAD hw/bus/isa.32
LOAD hw/bus/pci.32
LOAD hw/diskctrl/ide.32
LOAD hw/diskctrl/satabus.32
LOAD hw/diskphys/ata.32
LOAD hw/diskphys/atapi.32
LOAD hw/diskphys/sata.32
LOAD hw/diskphys/satapi.32
LOAD hw/intctrl/apic.32
LOAD hw/timer/apictimer.32
LOAD hw/timer/pit.32
LOAD arch/i386/avx.32
LOAD arch/i386/interrupt.32
LOAD arch/i386/rdrand.32
LOAD arch/i386/sse.32
LOAD arch/i386/x87.32
LOAD /cygdrive/d/Users/Alex/Desktop/Toolchain/Output/bin/../lib/gcc/i386-banana/8.1.0/crtend.o
LOAD crtn.32
LOAD /cygdrive/d/Users/Alex/Desktop/Toolchain/Output/bin/../lib/gcc/i386-banana/8.1.0/libkgcc.a
LOAD D:/Users/Alex/Desktop/Banana/kernel/libsoftfp.a
LOAD D:/Users/Alex/Desktop/Banana/kernel/libk/libm32.a
                0x00000000c0000000                . = 0xc0000000

.text           0x00000000c0000000    0x7073a
 *(.text)
 .text          0x00000000c0000000       0x20 D:/Users/Alex/Desktop/Banana/kernel/boot.32
 .text          0x00000000c0000020        0x0 crti.32
 .text          0x00000000c0000020      0x101 /cygdrive/d/Users/Alex/Desktop/Toolchain/Output/bin/../lib/gcc/i386-banana/8.1.0/crtbegin.o
 *fill*         0x00000000c0000121        0xf 
 .text          0x00000000c0000130      0x24f D:/Users/Alex/Desktop/Banana/kernel/morenasm.32
                0x00000000c0000130                manualPCIProbe
                0x00000000c000017b                prepareTramp
                0x00000000c0000194                doTPAUSE
                0x00000000c000019e                hasLegacyFPU
                0x00000000c00001c3                is486
                0x00000000c00001f9                detectCPUID
                0x00000000c000020f                goToVM86
                0x00000000c000023f                goToUsermode
                0x00000000c0000269                switchToThreadASMFirstTime
                0x00000000c0000277                switchToThreadASM
                0x00000000c00002fc                asmQuickAcquireLock
                0x00000000c000031a                asmQuickReleaseLock
                0x00000000c0000326                asmAcquireLock
                0x00000000c0000347                asmReleaseLock
                0x00000000c000035a                loadGDT
                0x00000000c000037a                memcpy
 *fill*         0x00000000c000037f        0x1 
 .text          0x00000000c0000380     0x1d37 acpica/utclib.32
                0x00000000c0000380                memcmp
                0x00000000c0000520                memmove
                0x00000000c00007a0                memset
                0x00000000c0000830                strlen
                0x00000000c00008d0                strpbrk
                0x00000000c0000a50                strtok
                0x00000000c0000b70                strcpy
                0x00000000c0000cb0                strncpy
                0x00000000c0000ff0                strcmp
                0x00000000c0001190                strchr
                0x00000000c0001240                strncmp
                0x00000000c0001430                strcat
                0x00000000c0001590                strncat
                0x00000000c0001770                strstr
                0x00000000c0001800                toupper
                0x00000000c0001890                tolower
                0x00000000c0001920                simple_strtoul
 .text          0x00000000c00020b7     0x4f41 core/malloc.32
                0x00000000c0002bae                dlfree
                0x00000000c0003b72                dlmalloc
                0x00000000c00056d7                dlrealloc
                0x00000000c0006202                dlmemalign
                0x00000000c00066d2                dlcalloc
                0x00000000c00069c0                dlcfree
                0x00000000c00069c5                dlindependent_calloc
                0x00000000c00069ea                dlindependent_comalloc
                0x00000000c0006a01                dlvalloc
                0x00000000c0006a2c                dlpvalloc
                0x00000000c0006a62                dlmalloc_trim
                0x00000000c0006a75                dlmalloc_usable_size
                0x00000000c0006b9d                dlmallinfo
                0x00000000c0006f58                dlmalloc_stats
                0x00000000c0006f6c                dlmallopt
 .text          0x00000000c0006ff8      0x1f2 libk/ctype.32
                0x00000000c0006ff8                isblank
                0x00000000c0007018                iscntrl
                0x00000000c0007038                isdigit
                0x00000000c0007054                islower
                0x00000000c0007070                isspace
                0x00000000c0007098                isupper
                0x00000000c00070b4                isalpha
                0x00000000c00070e4                isalnum
                0x00000000c0007114                ispunct
                0x00000000c0007154                isgraph
                0x00000000c0007184                isprint
                0x00000000c00071ac                isxdigit
 .text          0x00000000c00071ea        0x0 libk/string.32
 .text          0x00000000c00071ea      0x1c8 fs/fat/diskio.32
                0x00000000c00071ea                disk_status
                0x00000000c00071ed                disk_initialize
                0x00000000c00071f0                disk_read
                0x00000000c000728b                disk_write
                0x00000000c0007326                disk_ioctl
 .text          0x00000000c00073b2     0xc2a5 fs/fat/ff.32
                0x00000000c000dbe3                f_mount
                0x00000000c000dd5d                f_open
                0x00000000c000e4f6                f_read
                0x00000000c000ee43                f_write
                0x00000000c000f954                f_sync
                0x00000000c000fca6                f_close
                0x00000000c000fd0f                f_lseek
                0x00000000c0010515                f_opendir
                0x00000000c0010721                f_closedir
                0x00000000c001077d                f_readdir
                0x00000000c0010865                f_stat
                0x00000000c0010919                f_getfree
                0x00000000c0010cd6                f_truncate
                0x00000000c00110a3                f_unlink
                0x00000000c00111f0                f_mkdir
                0x00000000c0011623                f_rename
                0x00000000c0011946                f_chmod
                0x00000000c0011a9e                f_utime
                0x00000000c0011c3c                f_getlabel
                0x00000000c0011f6e                f_setlabel
                0x00000000c00122dd                f_expand
                0x00000000c0012745                f_mkfs
 *fill*         0x00000000c0013657        0x1 
 .text          0x00000000c0013658       0x2f fs/fat/ffsystem.32
                0x00000000c0013658                ff_memalloc
                0x00000000c0013670                ff_memfree
 *fill*         0x00000000c0013687        0x1 
 .text          0x00000000c0013688      0x4ea fs/fat/ffunicode.32
                0x00000000c0013688                ff_uni2oem
                0x00000000c0013790                ff_oem2uni
                0x00000000c001386c                ff_wtoupper
 .text          0x00000000c0013b72     0x4b94 fs/iso9660/iso9660.32
                0x00000000c00148a6                isoReadDiscSector
                0x00000000c0014aaf                strnicmp
                0x00000000c00151b6                stricmp
                0x00000000c0015286                iso_open
                0x00000000c0015605                iso_close
                0x00000000c0015693                iso_read
                0x00000000c0015e6b                iso_seek
                0x00000000c00164af                iso_tell
                0x00000000c0016650                iso_total
                0x00000000c00167ed                fn_postprocess
                0x00000000c0016877                iso_readdir
                0x00000000c0017fa4                iso_reset
                0x00000000c0017fc1                init_percd
                0x00000000c0018393                iso_ioctl
                0x00000000c00183ab                fs_iso9660_init
                0x00000000c00185de                fs_iso9660_shutdown
 *fill*         0x00000000c0018706        0x2 
 .text          0x00000000c0018708     0x1cd6 core/computer.32
                0x00000000c0018708                Computer::close(int, int, void*)
                0x00000000c00188c4                Krnl::firstTask()
                0x00000000c0018c10                Computer::Computer()
                0x00000000c0018c10                Computer::Computer()
                0x00000000c00190e0                Computer::setBootMessage(char const*)
                0x00000000c00190e4                Computer::detectFeatures()
                0x00000000c0019b28                Computer::displayFeatures()
                0x00000000c0019b2c                Computer::rdmsr(unsigned int)
                0x00000000c0019ba4                Computer::wrmsr(unsigned int, unsigned long long)
                0x00000000c0019c24                Computer::shutdown()
                0x00000000c0019cbc                Computer::restart()
                0x00000000c0019d54                Computer::sleep()
                0x00000000c0019dd4                Computer::nmiEnabled()
                0x00000000c0019e18                Computer::readCMOS(unsigned char)
                0x00000000c0019e78                Computer::enableNMI(bool)
                0x00000000c0019f14                Computer::open(int, int, void*)
                0x00000000c001a2c8                Computer::disableNMI()
                0x00000000c001a300                Computer::writeCMOS(unsigned char, unsigned char)
                0x00000000c001a368                Computer::handleNMI()
 .text          0x00000000c001a3de      0x50f core/gdt.32
                0x00000000c001a3de                GDTEntry::setBase(unsigned int)
                0x00000000c001a46e                GDTEntry::setLimit(unsigned int)
                0x00000000c001a4dc                GDT::GDT()
                0x00000000c001a4dc                GDT::GDT()
                0x00000000c001a562                GDT::addEntry(GDTEntry)
                0x00000000c001a63e                GDT::getNumberOfEntries()
                0x00000000c001a666                GDT::flush()
                0x00000000c001a6d4                GDT::setup()
 .text          0x00000000c001a8ed       0x38 core/idle.32
                0x00000000c001a8ed                idleFunction(void*)
 *fill*         0x00000000c001a925        0x3 
 .text          0x00000000c001a928      0xcf0 core/idt.32
                0x00000000c001a928                IDTEntry::IDTEntry(bool)
                0x00000000c001a928                IDTEntry::IDTEntry(bool)
                0x00000000c001ab94                IDTEntry::setOffset(unsigned int)
                0x00000000c001abf8                IDT::IDT()
                0x00000000c001abf8                IDT::IDT()
                0x00000000c001ac2a                IDT::getPointerToInvalidOpcodeEntryForF00F()
                0x00000000c001ac6a                IDT::addEntry(IDTEntry, int)
                0x00000000c001acd0                IDT::addEntry(int, void (*)(), bool)
                0x00000000c001ad2c                IDT::flush()
                0x00000000c001ad6a                IDT::setup()
 .text          0x00000000c001b618      0x2a5 core/kheap.32
                0x00000000c001b618                sbrk
                0x00000000c001b734                mmap
                0x00000000c001b74a                munmap
                0x00000000c001b760                liballoc_lock()
                0x00000000c001b79a                liballoc_unlock()
                0x00000000c001b7d8                liballoc_alloc(int)
                0x00000000c001b812                liballoc_free(void*, int)
                0x00000000c001b84f                realloc
                0x00000000c001b863                malloc
                0x00000000c001b873                free
                0x00000000c001b883                rfree
                0x00000000c001b893                calloc
 .text          0x00000000c001b8bd      0x135 core/main.32
                0x00000000c001b8bd                KeEntryPoint
 .text          0x00000000c001b9f2      0xd45 core/physmgr.32
                0x00000000c001b9f2                Phys::allocateDMA(unsigned long)
                0x00000000c001bce0                Phys::freeDMA(unsigned long, unsigned long)
                0x00000000c001bd96                Phys::setPageState(unsigned long, bool)
                0x00000000c001bed3                Phys::getPageState(unsigned long)
                0x00000000c001bf32                Phys::freePage(unsigned long)
                0x00000000c001bfc0                Phys::allocatePage()
                0x00000000c001c188                Phys::allocateContiguousPages(int)
                0x00000000c001c277                Phys::allowSegmentToBeUsed(unsigned long, unsigned long)
                0x00000000c001c2b9                Phys::physicalMemorySetup(unsigned int)
 *fill*         0x00000000c001c737        0x1 
 .text          0x00000000c001c738      0xaa5 core/pipe.32
                0x00000000c001c738                Pipe::isAtty()
                0x00000000c001c73c                Pipe::~Pipe()
                0x00000000c001c73c                Pipe::~Pipe()
                0x00000000c001c80c                Pipe::~Pipe()
                0x00000000c001c834                Pipe::write(unsigned long long, void*, int*)
                0x00000000c001cb9c                Pipe::read(unsigned long long, void*, int*)
                0x00000000c001cf76                Pipe::Pipe(int)
                0x00000000c001cf76                Pipe::Pipe(int)
 *fill*         0x00000000c001d1dd        0x1 
 .text          0x00000000c001d1de     0x306f core/terminal.32
                0x00000000c001d1de                VgaText::isAtty()
                0x00000000c001d1e2                VgaText::~VgaText()
                0x00000000c001d1e2                VgaText::~VgaText()
                0x00000000c001d2b2                VgaText::~VgaText()
                0x00000000c001d2dc                VgaText::read(unsigned long long, void*, int*)
                0x00000000c001d31c                setTerminalScrollLock(bool)
                0x00000000c001d31d                doTerminalCycle()
                0x00000000c001d31e                addToTerminalCycle(VgaText*)
                0x00000000c001d31f                scrollTerminalScrollLock(int)
                0x00000000c001d320                VgaText::updateTitle()
                0x00000000c001d322                VgaText::load()
                0x00000000c001d324                VgaText::updateCursor()
                0x00000000c001d370                VgaText::doANSI_SGR(int)
                0x00000000c001d7e4                VgaText::setDefaultBgColour(VgaColour)
                0x00000000c001d85c                VgaText::setDefaultFgColour(VgaColour)
                0x00000000c001d8d4                VgaText::setDefaultColours(VgaColour, VgaColour)
                0x00000000c001d932                VgaText::setTitleTextColour(VgaColour)
                0x00000000c001d990                VgaText::setTitleColour(VgaColour)
                0x00000000c001d9ee                VgaText::setTitle(char*)
                0x00000000c001da12                VgaText::combineColours(unsigned char, unsigned char)
                0x00000000c001da26                VgaText::scrollScreen()
                0x00000000c001dd9c                VgaText::combineCharAndColour(char, unsigned char)
                0x00000000c001ddac                VgaText::writeCharacter(char, VgaColour, VgaColour, int, int)
                0x00000000c001deb0                VgaText::getCursorX()
                0x00000000c001def2                VgaText::getCursorY()
                0x00000000c001df34                VgaText::setCursor(int, int)
                0x00000000c001dfd0                setActiveTerminal(VgaText*)
                0x00000000c001e064                VgaText::clearScreen()
                0x00000000c001e180                VgaText::setCursorX(int)
                0x00000000c001e1cc                VgaText::setCursorY(int)
                0x00000000c001e218                VgaText::incrementCursor(bool)
                0x00000000c001e41a                VgaText::decrementCursor(bool)
                0x00000000c001e4e6                VgaText::putchar(char, VgaColour, VgaColour)
                0x00000000c001e822                VgaText::putchar(char)
                0x00000000c001ee00                VgaText::putx(unsigned int)
                0x00000000c001eeae                VgaText::puts(char const*)
                0x00000000c001ef1e                VgaText::write(unsigned long long, void*, int*)
                0x00000000c001f084                VgaText::puts(char const*, VgaColour, VgaColour)
                0x00000000c001f714                VgaText::VgaText(char const*)
                0x00000000c001f714                VgaText::VgaText(char const*)
                0x00000000c001fda2                VgaText::receiveKey(unsigned char)
                0x00000000c002020e                VgaText::doUpdate()
                0x00000000c002020f                newTerminal(char*)
 *fill*         0x00000000c002024d        0x3 
 .text          0x00000000c0020250      0xc60 core/tss.32
                0x00000000c0020250                TSS::TSS()
                0x00000000c0020250                TSS::TSS()
                0x00000000c00202d8                TSS::setESP(unsigned long)
                0x00000000c002037c                TSS::flush()
                0x00000000c00203c4                TSS::setup(unsigned long, unsigned long)
 .text          0x00000000c0020eb0     0x11bd core/unixfile.32
                0x00000000c0020eb0                ReservedFilename::read(unsigned long long, void*, int*)
                0x00000000c0021176                ReservedFilename::isAtty()
                0x00000000c0021274                ReservedFilename::write(unsigned long long, void*, int*)
                0x00000000c002153e                UnixFile::getFileDescriptor()
                0x00000000c0021580                UnixFile::UnixFile(int)
                0x00000000c0021580                UnixFile::UnixFile(int)
                0x00000000c0021a88                ReservedFilename::ReservedFilename(int)
                0x00000000c0021a88                ReservedFilename::ReservedFilename(int)
                0x00000000c0021bc8                UnixFile::~UnixFile()
                0x00000000c0021bc8                UnixFile::~UnixFile()
                0x00000000c0021d4c                UnixFile::~UnixFile()
                0x00000000c0021d74                ReservedFilename::~ReservedFilename()
                0x00000000c0021d74                ReservedFilename::~ReservedFilename()
                0x00000000c0021e58                ReservedFilename::~ReservedFilename()
                0x00000000c0021e7f                getFromFileDescriptor(int)
 *fill*         0x00000000c002206d        0x1 
 .text          0x00000000c002206e     0x3e09 core/virtmgr.32
                0x00000000c002206e                Virt::setPageState(unsigned long, Virt::VirtPageState)
                0x00000000c0022155                Virt::getPageState(unsigned long)
                0x00000000c00221fb                Virt::allocateKernelVirtualPages(int)
                0x00000000c002236d                Virt::freeSwapfilePage(unsigned long)
                0x00000000c00223f8                Virt::swapIDToSector(unsigned long)
                0x00000000c002240e                Virt::allocateSwapfilePage()
                0x00000000c00225c5                Virt::virtualMemorySetup()
                0x00000000c0022628                Virt::setupPageSwapping(int)
                0x00000000c0022850                VAS::VAS(VAS*)
                0x00000000c0022850                VAS::VAS(VAS*)
                0x00000000c002292a                VAS::getForeignPageTableEntry(bool, unsigned long)
                0x00000000c002297a                VAS::getPageTableEntry(unsigned long)
                0x00000000c00229b9                Virt::freeKernelVirtualPages(unsigned long)
                0x00000000c0022be0                VAS::freeAllocatedPages(unsigned long)
                0x00000000c0022c3c                VAS::virtualToPhysical(unsigned long)
                0x00000000c0022c9e                VAS::reflagRange(unsigned long, int, int, int)
                0x00000000c0022d84                VAS::VAS()
                0x00000000c0022d84                VAS::VAS()
                0x00000000c0022f70                VAS::setToWriteCombining(unsigned long, int)
                0x00000000c0023064                VAS::mapOtherVASIn(bool, VAS*)
                0x00000000c0023172                VAS::~VAS()
                0x00000000c0023172                VAS::~VAS()
                0x00000000c0023670                VAS::mapPage(unsigned long, unsigned long, int)
                0x00000000c00239a8                VAS::allocatePages(int, int)
                0x00000000c0023ea8                VAS::setCPUSpecific(unsigned long)
                0x00000000c0023ee2                VAS::mapRange(unsigned long, unsigned long, int, int)
                0x00000000c00240c4                VAS::mapForeignPage(bool, VAS*, unsigned long, unsigned long, int)
                0x00000000c0024322                VAS::VAS(bool)
                0x00000000c0024322                VAS::VAS(bool)
                0x00000000c0024f98                VAS::evict(unsigned long)
                0x00000000c002530a                VAS::tryLoadBackOffDisk(unsigned long)
                0x00000000c00256f6                VAS::scanForEviction()
                0x00000000c0025b9e                mapVASFirstTime
 .text          0x00000000c0025e77       0x5f coreobjs/c++.32
                0x00000000c0025e77                __cxa_atexit
                0x00000000c0025e7a                __cxa_finalize
                0x00000000c0025e7b                __stack_chk_fail
                0x00000000c0025eb1                __cxa_pure_virtual
                0x00000000c0025ec2                operator new[](unsigned long)
                0x00000000c0025ec7                operator delete(void*, unsigned long)
                0x00000000c0025ecc                operator delete[](void*)
                0x00000000c0025ed1                operator delete[](void*, unsigned long)
 .text          0x00000000c0025ed6      0x623 dbg/kconsole.32
                0x00000000c0025ed6                Dbg::stringifyxWithBase(unsigned int, char*, int)
                0x00000000c00260f0                Dbg::logc(char)
                0x00000000c0026110                Dbg::logs(char*)
                0x00000000c002619f                Dbg::logWriteInt(unsigned int)
                0x00000000c00261bf                Dbg::logWriteIntBase(unsigned int, int)
                0x00000000c00261e2                Dbg::kprintf(char const*, ...)
 *fill*         0x00000000c00264f9        0x3 
 .text          0x00000000c00264fc      0x504 dbg/usban.32
                0x00000000c00264fc                KiUbsanPrintDetails(char const*, void*)
                0x00000000c002662c                __ubsan_handle_type_mismatch_v1
                0x00000000c0026900                __ubsan_handle_pointer_overflow
                0x00000000c002692c                __ubsan_handle_out_of_bounds
                0x00000000c0026958                __ubsan_handle_add_overflow
                0x00000000c0026970                __ubsan_handle_load_invalid_value
                0x00000000c0026988                __ubsan_handle_divrem_overflow
                0x00000000c00269a0                __ubsan_handle_mul_overflow
                0x00000000c00269b8                __ubsan_handle_sub_overflow
                0x00000000c00269d0                __ubsan_handle_shift_out_of_bounds
                0x00000000c00269e8                __ubsan_handle_negate_overflow
 .text          0x00000000c0026a00     0x7506 fs/vfs.32
                0x00000000c0026a00                File::isAtty()
                0x00000000c0026a04                Directory::isAtty()
                0x00000000c0026a08                Filesystem::getlabel(LogicalDisk*, int, char*, unsigned int*)
                0x00000000c0026a0e                Filesystem::setlabel(LogicalDisk*, int, char*)
                0x00000000c0026a14                Filesystem::allocateSwapfile(char const*, int)
                0x00000000c0026a1a                File::~File()
                0x00000000c0026a1a                File::~File()
                0x00000000c0026aea                File::~File()
                0x00000000c0026b14                Directory::~Directory()
                0x00000000c0026b14                Directory::~Directory()
                0x00000000c0026be4                Directory::~Directory()
                0x00000000c0026c0e                Directory::write(unsigned long long, void*, int*)
                0x00000000c0026dbe                File::read(unsigned long long, void*, int*)
                0x00000000c0027214                File::write(unsigned long long, void*, int*)
                0x00000000c002766a                Directory::read(unsigned long long, void*, int*)
                0x00000000c0027ac0                Filesystem::Filesystem()
                0x00000000c0027ac0                Filesystem::Filesystem()
                0x00000000c0027b98                Filesystem::~Filesystem()
                0x00000000c0027b98                Filesystem::~Filesystem()
                0x00000000c0027c16                Filesystem::~Filesystem()
                0x00000000c0027c3d                Fs::getcwd(Process*, char*, int)
                0x00000000c0027d78                Fs::initVFS()
                0x00000000c0027da2                Fs::standardiseFiles(char*, char const*, char const*)
                0x00000000c0028bf8                File::File(char const*, Process*)
                0x00000000c0028bf8                File::File(char const*, Process*)
                0x00000000c0029186                File::open(FileOpenMode)
                0x00000000c00295ea                File::close()
                0x00000000c0029a3c                File::seek(unsigned long long)
                0x00000000c0029e72                File::tell(unsigned long long*)
                0x00000000c002a296                File::rewind()
                0x00000000c002a2c8                File::unlink()
                0x00000000c002a6dc                File::rename(char const*)
                0x00000000c002aae0                File::chfatattr(unsigned char, unsigned char)
                0x00000000c002af02                File::exists()
                0x00000000c002b296                File::stat(unsigned long long*, bool*)
                0x00000000c002b910                Fs::setcwd(Process*, char*)
                0x00000000c002bec8                Directory::Directory(char const*, Process*)
                0x00000000c002bec8                Directory::Directory(char const*, Process*)
                0x00000000c002c456                Directory::open()
                0x00000000c002c8ca                Directory::close()
                0x00000000c002cd1c                Directory::unlink()
                0x00000000c002d130                Directory::rename(char const*)
                0x00000000c002d534                Directory::exists()
                0x00000000c002d8c8                Directory::read(dirent*)
                0x00000000c002daec                Directory::create()
                0x00000000c002df00                Filesystem::chfatattr(char const*, unsigned char, unsigned char)
 *fill*         0x00000000c002df06        0x2 
 .text          0x00000000c002df08      0x252 hal/bus.32
                0x00000000c002df08                Bus::Bus(char const*)
                0x00000000c002df08                Bus::Bus(char const*)
                0x00000000c002e04c                Bus::~Bus()
                0x00000000c002e04c                Bus::~Bus()
                0x00000000c002e130                Bus::~Bus()
 .text          0x00000000c002e15a       0xee hal/buzzer.32
                0x00000000c002e15a                beepThread(void*)
                0x00000000c002e1c6                Krnl::beep(int, int, bool)
 .text          0x00000000c002e248      0xad8 hal/clock.32
                0x00000000c002e248                User::loadClockSettings(int)
                0x00000000c002e334                Clock::Clock(char const*)
                0x00000000c002e334                Clock::Clock(char const*)
                0x00000000c002e45e                Clock::~Clock()
                0x00000000c002e45e                Clock::~Clock()
                0x00000000c002e52e                Clock::~Clock()
                0x00000000c002e558                Clock::timeInSecondsLocal()
                0x00000000c002e6a8                Clock::setTimeInSecondsLocal(unsigned long long)
                0x00000000c002e7f1                datetimeToSeconds(datetime_t)
                0x00000000c002e9ea                Clock::setTimeInDatetimeLocal(datetime_t)
                0x00000000c002eb6a                secondsToDatetime(unsigned long long)
                0x00000000c002ecde                Clock::timeInDatetimeLocal()
 .text          0x00000000c002ed20     0x167b hal/device.32
                0x00000000c002ed20                Device::hibernate()
                0x00000000c002ed22                Device::wake()
                0x00000000c002ed24                Device::detect()
                0x00000000c002ed26                Device::disableLegacy()
                0x00000000c002ed28                Device::powerSaving(PowerSavingLevel)
                0x00000000c002ed2a                DriverlessDevice::close(int, int, void*)
                0x00000000c002ed2e                DriverlessDevice::detect()
                0x00000000c002ed30                DriverlessDevice::open(int, int, void*)
                0x00000000c002ed44                Device::~Device()
                0x00000000c002ed44                Device::~Device()
                0x00000000c002edc2                Device::~Device()
                0x00000000c002edec                Device::findAndLoadDriver()
                0x00000000c002edfa                Device::preOpenPCI(PCIDeviceInfo)
                0x00000000c002ee94                Device::preOpenACPI(void*, char*, char*)
                0x00000000c002efa6                Device::addIRQHandler(int, void (*)(regs*, void*), bool, void*)
                0x00000000c002efd0                Device::getParent()
                0x00000000c002f01a                Device::removeIRQHandler(int, void (*)(regs*, void*), bool)
                0x00000000c002f038                Device::addChild(Device*)
                0x00000000c002f1d4                Device::removeAllChildren()
                0x00000000c002f398                Device::hibernateAll()
                0x00000000c002f4ec                Device::wakeAll()
                0x00000000c002f640                Device::detectAll()
                0x00000000c002f794                Device::disableLegacyAll()
                0x00000000c002f796                Device::loadDriversForAll()
                0x00000000c002f798                Device::closeAll()
                0x00000000c002f8f0                Device::powerSavingAll(PowerSavingLevel)
                0x00000000c002fa50                Device::setName(char const*)
                0x00000000c002faa2                Device::Device(char const*)
                0x00000000c002faa2                Device::Device(char const*)
                0x00000000c0030092                Device::getName()
                0x00000000c00300d6                DriverlessDevice::DriverlessDevice(char const*)
                0x00000000c00300d6                DriverlessDevice::DriverlessDevice(char const*)
                0x00000000c0030200                Device::addToLinkedList(LinkedList<Device>&, DeviceType)
                0x00000000c003033b                getDevicesOfType(DeviceType)
 *fill*         0x00000000c003039b        0x1 
 .text          0x00000000c003039c      0x252 hal/diskctrl.32
                0x00000000c003039c                HardDiskController::HardDiskController(char const*)
                0x00000000c003039c                HardDiskController::HardDiskController(char const*)
                0x00000000c00304e0                HardDiskController::~HardDiskController()
                0x00000000c00304e0                HardDiskController::~HardDiskController()
                0x00000000c00305c4                HardDiskController::~HardDiskController()
 .text          0x00000000c00305ee      0x3f8 hal/diskphys.32
                0x00000000c00305ee                PhysicalDisk::eject()
                0x00000000c00305f2                PhysicalDisk::PhysicalDisk(char const*, int)
                0x00000000c00305f2                PhysicalDisk::PhysicalDisk(char const*, int)
                0x00000000c0030872                PhysicalDisk::startCache()
                0x00000000c00308ec                PhysicalDisk::~PhysicalDisk()
                0x00000000c00308ec                PhysicalDisk::~PhysicalDisk()
                0x00000000c00309bc                PhysicalDisk::~PhysicalDisk()
 .text          0x00000000c00309e6        0x0 hal/fpu.32
 .text          0x00000000c00309e6     0x1907 hal/intctrl.32
                0x00000000c00309e6                int_handler
                0x00000000c0030dfa                installISRHandler(int, void (*)(regs*, void*), void*)
                0x00000000c00310b7                installIRQHandler(int, void (*)(regs*, void*), bool, void*)
                0x00000000c0031860                uninstallISRHandler(int, void (*)(regs*, void*))
                0x00000000c0031b5f                uninstallIRQHandler(int, void (*)(regs*, void*), bool)
                0x00000000c0031f91                setupINTS()
                0x00000000c00321ba                convertLegacyIRQNumber(int)
 *fill*         0x00000000c00322ed        0x1 
 .text          0x00000000c00322ee     0x12a0 hal/keybrd.32
                0x00000000c00322ee                startGUI(void*)
                0x00000000c0032375                startGUIVESA(void*)
                0x00000000c00323fc                sendKeyToTerminal(unsigned char)
                0x00000000c0032597                sendKeyboardToken(KeyboardToken)
                0x00000000c0032dc4                clearInternalKeybuffer(VgaText*)
                0x00000000c0032e8c                readKeyboard(VgaText*, char*, unsigned long)
                0x00000000c0033362                Keyboard::Keyboard(char const*)
                0x00000000c0033362                Keyboard::Keyboard(char const*)
                0x00000000c0033494                Keyboard::~Keyboard()
                0x00000000c0033494                Keyboard::~Keyboard()
                0x00000000c0033564                Keyboard::~Keyboard()
 .text          0x00000000c003358e      0xf99 hal/logidisk.32
                0x00000000c003358e                LogicalDisk::close(int, int, void*)
                0x00000000c0033592                LogicalDisk::~LogicalDisk()
                0x00000000c0033592                LogicalDisk::~LogicalDisk()
                0x00000000c0033662                LogicalDisk::~LogicalDisk()
                0x00000000c003368c                LogicalDisk::open(int, int, void*)
                0x00000000c00336a0                LogicalDisk::absoluteToRelative(unsigned long long)
                0x00000000c0033776                LogicalDisk::relativeToAbsolute(unsigned long long)
                0x00000000c0033808                LogicalDisk::LogicalDisk(char const*, PhysicalDisk*, unsigned long long, unsigned long long)
                0x00000000c0033808                LogicalDisk::LogicalDisk(char const*, PhysicalDisk*, unsigned long long, unsigned long long)
                0x00000000c0033bbc                LogicalDisk::assignDriveLetter()
                0x00000000c0033e20                LogicalDisk::mount()
                0x00000000c0033f86                LogicalDisk::unmount()
                0x00000000c0033fd4                LogicalDisk::eject()
                0x00000000c003408c                LogicalDisk::unassignDriveLetter()
                0x00000000c0034214                LogicalDisk::read(unsigned long long, int, void*)
                0x00000000c003439e                LogicalDisk::write(unsigned long long, int, void*)
 *fill*         0x00000000c0034527        0x1 
 .text          0x00000000c0034528      0x252 hal/mouse.32
                0x00000000c0034528                Mouse::Mouse(char const*)
                0x00000000c0034528                Mouse::Mouse(char const*)
                0x00000000c003466c                Mouse::~Mouse()
                0x00000000c003466c                Mouse::~Mouse()
                0x00000000c0034750                Mouse::~Mouse()
 .text          0x00000000c003477a      0x230 hal/nic.32
                0x00000000c003477a                NIC::getMAC()
                0x00000000c0034780                NIC::write(int, unsigned char*, int*)
                0x00000000c0034786                NIC::NIC(char const*)
                0x00000000c0034786                NIC::NIC(char const*)
                0x00000000c00348b0                NIC::~NIC()
                0x00000000c00348b0                NIC::~NIC()
                0x00000000c0034980                NIC::~NIC()
 .text          0x00000000c00349aa      0xe6c hal/partition.32
                0x00000000c00349aa                makePartition(PhysicalDisk*, unsigned long long, unsigned long long)
                0x00000000c0034b14                createPartitionsForDisk(PhysicalDisk*)
 *fill*         0x00000000c0035816        0x2 
 .text          0x00000000c0035818      0x252 hal/serial.32
                0x00000000c0035818                Serial::Serial(char const*)
                0x00000000c0035818                Serial::Serial(char const*)
                0x00000000c003595c                Serial::~Serial()
                0x00000000c003595c                Serial::~Serial()
                0x00000000c0035a40                Serial::~Serial()
 *fill*         0x00000000c0035a6a        0x2 
 .text          0x00000000c0035a6c      0x7a4 hal/timer.32
                0x00000000c0035a6c                Timer::Timer(char const*)
                0x00000000c0035a6c                Timer::Timer(char const*)
                0x00000000c0035bb0                Timer::~Timer()
                0x00000000c0035bb0                Timer::~Timer()
                0x00000000c0035c94                Timer::~Timer()
                0x00000000c0035cbe                Timer::read()
                0x00000000c0035d0b                setupTimer(int)
                0x00000000c0035df9                timerHandler(unsigned int)
 .text          0x00000000c0036210     0x1a4c hal/vcache.32
                0x00000000c0036210                VCache::VCache(PhysicalDisk*)
                0x00000000c0036210                VCache::VCache(PhysicalDisk*)
                0x00000000c0036bb6                VCache::invalidateReadBuffer()
                0x00000000c0036c52                VCache::writeWriteBuffer()
                0x00000000c0036e54                VCache::~VCache()
                0x00000000c0036e54                VCache::~VCache()
                0x00000000c0037030                VCache::~VCache()
                0x00000000c0037058                VCache::write(unsigned long long, int, void*)
                0x00000000c0037626                VCache::read(unsigned long long, int, void*)
 .text          0x00000000c0037c5c     0x123e hal/video.32
                0x00000000c0037c5c                Video::putpixel(int, int, unsigned int)
                0x00000000c0037c6a                Video::readPixelApprox(int, int)
                0x00000000c0037c7e                Video::putrect(int, int, int, int, unsigned int)
                0x00000000c0037da6                Video::bitblit(int, int, int, int, int, int, int, unsigned int*)
                0x00000000c0037fb6                Video::blit(unsigned int*, int, int, int, int)
                0x00000000c00381bc                Video::clearScreen(unsigned int)
                0x00000000c00382f2                Video::Video(char const*)
                0x00000000c00382f2                Video::Video(char const*)
                0x00000000c003841c                Video::~Video()
                0x00000000c003841c                Video::~Video()
                0x00000000c00384ec                Video::~Video()
                0x00000000c0038516                Video::isMonochrome()
                0x00000000c0038560                Video::getWidth()
                0x00000000c00385aa                Video::getHeight()
                0x00000000c00385f4                Video::drawCursor(int, int, unsigned int*, int)
                0x00000000c00388a2                Video::tgaParse(unsigned char*, int, int*, int*)
                0x00000000c0038cec                Video::putTGA(int, int, unsigned char*, int)
 *fill*         0x00000000c0038e9a        0x2 
 .text          0x00000000c0038e9c     0x3d8f hw/acpi.32
                0x00000000c0038e9c                ACPI::close(int, int, void*)
                0x00000000c0038f50                findRSDP()
                0x00000000c00390a4                loadACPITables(unsigned char*)
                0x00000000c003996c                findRSDT(unsigned char*)
                0x00000000c0039b54                findDataTable(unsigned char*, char*)
                0x00000000c0039d60                scanMADT()
                0x00000000c003b298                ACPI::ACPI()
                0x00000000c003b298                ACPI::ACPI()
                0x00000000c003b49c                ACPI::getPCIIRQAssignment(unsigned char, unsigned short, unsigned char)
                0x00000000c003b870                ACPI::registerPCIIRQAssignment(void*, unsigned short, unsigned char, unsigned char)
                0x00000000c003bda4                ACPI::setScreenBrightnessLevel(void*, int)
                0x00000000c003bdac                ACPI::detectPCI()
                0x00000000c003c2e4                ACPI::writeSimpleBootFlag(SimpleBootFlagTable*)
                0x00000000c003c3b8                ACPI::sleep()
                0x00000000c003c3d4                ACPI::open(int, int, void*)
 *fill*         0x00000000c003cc2b        0x1 
 .text          0x00000000c003cc2c     0x2198 hw/cpu.32
                0x00000000c003cc2c                CPU::close(int, int, void*)
                0x00000000c003cc30                CPU::AMD_K6_write_msr(unsigned int, unsigned int, unsigned int, CPU::REGS*)
                0x00000000c003cc4c                CPU::AMD_K6_read_msr(unsigned int, CPU::REGS*)
                0x00000000c003cc64                CPU::AMD_K6_writeback(int, int, int)
                0x00000000c003ccd8                CPU::cpuid(int, unsigned long*, unsigned long*, unsigned long*, unsigned long*)
                0x00000000c003ce56                CPU::cpuidCheckEDX(unsigned int)
                0x00000000c003ce84                CPU::cpuidCheckECX(unsigned int)
                0x00000000c003ceb2                CPU::cpuidCheckExtendedEBX(unsigned int)
                0x00000000c003cee0                CPU::cpuidCheckExtendedECX(unsigned int)
                0x00000000c003cf0e                CPU::CPU()
                0x00000000c003cf0e                CPU::CPU()
                0x00000000c003d25c                CPU::displayFeatures()
                0x00000000c003d25e                CPU::detectFeatures()
                0x00000000c003e5c0                CPU::setupSMEP()
                0x00000000c003e5cc                CPU::setupUMIP()
                0x00000000c003e5d6                CPU::setupTSC()
                0x00000000c003e5e0                CPU::setupLargePages()
                0x00000000c003e5ea                CPU::setupPAT()
                0x00000000c003e69a                CPU::setupMTRR()
                0x00000000c003e69c                CPU::setupGlobalPages()
                0x00000000c003e6a6                CPU::allowUsermodeDataAccess()
                0x00000000c003e6f6                CPU::prohibitUsermodeDataAccess()
                0x00000000c003e746                CPU::setupSMAP()
                0x00000000c003e780                CPU::setupFeatures()
                0x00000000c003ea18                CPU::open(int, int, void*)
 .text          0x00000000c003edc4      0x501 krnl/bootmsg.32
                0x00000000c003edc4                KeDisplaySplashScreen()
                0x00000000c003f157                KeSetBootMessage(char const*)
 *fill*         0x00000000c003f2c5        0x1 
 .text          0x00000000c003f2c6     0x175a krnl/env.32
                0x00000000c003f2c6                EnvVarContainer::getEnv(char const*)
                0x00000000c003f41e                EnvVarContainer::setEnv(char const*, char const*)
                0x00000000c003f5e6                EnvVarContainer::deleteEnv(char const*)
                0x00000000c003f5e8                EnvVarContainer::loadFrom(char const*, char const*)
                0x00000000c003fc0e                EnvVarContainer::__loadSystem()
                0x00000000c003fc46                EnvVarContainer::__loadUser()
                0x00000000c003fc48                EnvVarContainer::EnvVarContainer(Process*)
                0x00000000c003fc48                EnvVarContainer::EnvVarContainer(Process*)
                0x00000000c003fd3e                EnvVarContainer::~EnvVarContainer()
                0x00000000c003fd3e                EnvVarContainer::~EnvVarContainer()
                0x00000000c003fe40                Krnl::getEnv(Process*, char const*)
                0x00000000c003ff20                Krnl::setEnvSystem(char const*, char const*)
                0x00000000c003ff57                Krnl::setEnvUser(char const*, char const*)
                0x00000000c003ff91                Krnl::setEnvProcess(Process*, char const*, char const*)
                0x00000000c0040006                Krnl::deleteEnvSystem(char const*)
                0x00000000c0040026                Krnl::deleteEnvUser(char const*)
                0x00000000c0040046                Krnl::deleteEnvProcess(Process*, char const*)
                0x00000000c00400a4                Krnl::newProcessEnv(Process*)
                0x00000000c00400df                Krnl::copyProcessEnv(Process*, Process*)
                0x00000000c0040278                Krnl::loadSystemEnv()
                0x00000000c00402de                Krnl::loadUserEnv()
                0x00000000c004033b                Krnl::flushEnv()
                0x00000000c004033c                Krnl::getProcessTotalEnvCount(Process*)
                0x00000000c00404b1                Krnl::getProcessEnvPair(Process*, int)
 .text          0x00000000c0040a20      0x193 krnl/inlines.32
                0x00000000c0040a20                CPU::current()
                0x00000000c0040a6c                operator new(unsigned long)
                0x00000000c0040a71                operator delete(void*)
                0x00000000c0040a76                disableIRQs()
                0x00000000c0040a78                enableIRQs()
                0x00000000c0040a7a                lockScheduler()
                0x00000000c0040aa7                unlockScheduler()
                0x00000000c0040ad8                lockStuff()
                0x00000000c0040b28                unlockStuff()
                0x00000000c0040b98                Virt::getAKernelVAS()
                0x00000000c0040b9e                __not_memcpy
 .text          0x00000000c0040bb3        0xc krnl/panic.32
                0x00000000c0040bb3                KePanic(char const*)
 .text          0x00000000c0040bbf      0x1fd krnl/powctrl.32
                0x00000000c0040bbf                Krnl::powerThread(void*)
                0x00000000c0040c24                Krnl::changePowerSettings(Krnl::PowerSettings)
                0x00000000c0040c3a                Krnl::userIOReceived()
                0x00000000c0040c45                Krnl::handlePowerButton()
                0x00000000c0040cb0                Krnl::handleSleepButton()
                0x00000000c0040d1b                Krnl::setupPowerManager()
 .text          0x00000000c0040dbc       0x9d krnl/random.32
                0x00000000c0040dbc                KeRand()
                0x00000000c0040dfe                KeSeedRand(unsigned int)
                0x00000000c0040e27                KeInitRand()
 *fill*         0x00000000c0040e59        0x3 
 .text          0x00000000c0040e5c      0x1bc krnl/resolve.32
                0x00000000c0040e5c                KeResolveCompatibilitySymbol(char*)
 .text          0x00000000c0041018      0xde7 krnl/signal.32
                0x00000000c0041018                KiSigKill(int)
                0x00000000c004102c                KiDefaultSignalHandlerIgnore(int)
                0x00000000c004102d                KiDefaultSignalHandlerPause(int)
                0x00000000c0041059                KiDefaultSignalHandlerResume(int)
                0x00000000c0041085                KeDeinitSignals(SigHandlerBlock*)
                0x00000000c004108a                KeInitSignals()
                0x00000000c0041176                KeRegisterSignalHandler(SigHandlerBlock*, int, void (*)(int), unsigned int, int)
                0x00000000c00412ed                KeRaiseSignal(SigHandlerBlock*, int)
                0x00000000c004147a                KeCheckSignal(SigHandlerBlock*, int*)
                0x00000000c0041a76                KiCheckSignalZ
                0x00000000c0041bd6                KeCompleteSignal(SigHandlerBlock*, int)
                0x00000000c0041cd7                KiFinishSignalZ
 .text          0x00000000c0041dff     0x4829 krnl/syscalls.32
                0x00000000c0041dff                SysSeekDir(regs*)
                0x00000000c0041e04                SysTellDir(regs*)
                0x00000000c0041e09                SysTTYName(regs*)
                0x00000000c0041e11                SysNotImpl(regs*)
                0x00000000c0041e2c                SysVerify(regs*)
                0x00000000c0041e73                SysGetArgc(regs*)
                0x00000000c0041ef8                SysFormatDisk(regs*)
                0x00000000c004222c                SysSetDiskVolumeLabel(regs*)
                0x00000000c00428fa                SysGetDiskVolumeLabel(regs*)
                0x00000000c004301a                SysShutdown(regs*)
                0x00000000c0043235                SysRealpath(regs*)
                0x00000000c00433cd                SysReadDir(regs*)
                0x00000000c00435fc                SysIsATTY(regs*)
                0x00000000c00437f5                SysSeek(regs*)
                0x00000000c004396b                SysTell(regs*)
                0x00000000c0043b69                SysSize(regs*)
                0x00000000c0043d6c                SysClose(regs*)
                0x00000000c0043f4b                SysCloseDir(regs*)
                0x00000000c00440c6                SysWait(regs*)
                0x00000000c0044158                SysPanic(regs*)
                0x00000000c00441ad                SysGetArgv(regs*)
                0x00000000c0044466                SysUSleep(regs*)
                0x00000000c0044502                SysGetEnv(regs*)
                0x00000000c004470a                SysGetUnixTime(regs*)
                0x00000000c004477d                SysSizeFromFilename(regs*)
                0x00000000c0044a90                SysOpenDir(regs*)
                0x00000000c0044cba                SysMakeDir(regs*)
                0x00000000c0044e72                SysRmdir(regs*)
                0x00000000c004502d                SysUnlink(regs*)
                0x00000000c00451e8                SysSetFatAttrib(regs*)
                0x00000000c0045433                SysPipe(regs*)
                0x00000000c00455f0                SysSpawn(regs*)
                0x00000000c00457d1                string_ends_with(char const*, char const*)
                0x00000000c0045857                SysOpen(regs*)
                0x00000000c004647e                KeSystemCall(regs*, void*)
 .text          0x00000000c0046628      0x2cd net/ethernet.32
                0x00000000c0046628                KeSwitchEndian16(unsigned short)
                0x00000000c004667c                KeSwitchEndian32(unsigned int)
                0x00000000c00466b0                EthernetCRC32(unsigned char*, int)
                0x00000000c00467fc                EthernetReceivedPacket(EthernetUnwrappedFrame*, unsigned short)
 .text          0x00000000c00468f5     0x238f reg/cm.32
                0x00000000c00468f5                CmOpen(char const*)
                0x00000000c0046c94                CmClose(Reghive_Tag*)
                0x00000000c0046d05                CmReadExtent(Reghive_Tag*, int, unsigned char*)
                0x00000000c0046e20                CmGetString(Reghive_Tag*, int, char*)
                0x00000000c0046fb5                CmEnterDirectory(Reghive_Tag*, int)
                0x00000000c0046ff4                CmGetNext(Reghive_Tag*, int)
                0x00000000c0047026                CmWriteExtent(Reghive_Tag*, int, unsigned char*)
                0x00000000c0047141                CmFreeExtent(Reghive_Tag*, int)
                0x00000000c0047169                CmUpdateHeader(Reghive_Tag*)
                0x00000000c00471d9                CmExpand(Reghive_Tag*, int)
                0x00000000c0047356                CmFindUnusedExtent(Reghive_Tag*)
                0x00000000c0047507                CmCreateExtent(Reghive_Tag*, int, int, unsigned char*)
                0x00000000c00475fb                CmSetString(Reghive_Tag*, int, char const*)
                0x00000000c0047ac7                CmGetMatch(char*, char*, bool, bool*)
                0x00000000c0047bbb                CmAddShift(unsigned int*, int*, unsigned char, int)
                0x00000000c0047cb5                CmGetShift(unsigned int*, int*, int, bool*)
                0x00000000c0047e01                CmGetInteger(Reghive_Tag*, int, unsigned long long*)
                0x00000000c0047e4d                CmSetInteger(Reghive_Tag*, int, unsigned long long)
                0x00000000c0047e8d                CmConvertFromInternalFilename(unsigned char const*, char*)
                0x00000000c00480c6                CmGetNameAndTypeFromExtent(Reghive_Tag*, int, char*)
                0x00000000c00480f4                CmConvertToInternalFilename(char const*, unsigned char*)
                0x00000000c004869f                CmCreateString(Reghive_Tag*, int, char const*)
                0x00000000c00486ec                CmFindInDirectory(Reghive_Tag*, int, char const*)
                0x00000000c0048766                CmCreateInteger(Reghive_Tag*, int, char const*, unsigned long long, int)
                0x00000000c00487b9                CmCreateDirectory(Reghive_Tag*, int, char const*)
                0x00000000c004887d                zStrtok(char*, char const*)
                0x00000000c0048a5e                CmFindObjectFromPath(Reghive_Tag*, char const*)
                0x00000000c0048adf                CmDisplayTree(Reghive_Tag*, int, int)
                0x00000000c0048bba                CmSplitFinalSlashInPlace(char*)
 .text          0x00000000c0048c84     0x1267 reg/registry.32
                0x00000000c0048c84                Reg::findLineFromLoadedData(char*, char*, char*)
                0x00000000c00490b5                Reg::getLineFromRegistry(char*, char*, char*, char*)
                0x00000000c004945a                Reg::getLine(char*, char*, char*)
                0x00000000c0049491                Reg::readInt(char*, char*, int*)
                0x00000000c0049b51                Reg::readString(char*, char*, char*, int)
                0x00000000c0049dd5                Reg::readBool(char*, char*, bool*)
                0x00000000c0049e20                Reg::readBoolWithDefault(char*, char*, bool)
                0x00000000c0049e67                Reg::readIntWithDefault(char*, char*, int)
                0x00000000c0049e93                Reg::readStringWithDefault(char*, char*, char*, int, char*)
 .text          0x00000000c0049eeb      0x172 sys/eject.32
                0x00000000c0049eeb                SysEject(regs*)
 .text          0x00000000c004a05d       0x4e sys/exit.32
                0x00000000c004a05d                SysExit(regs*)
 .text          0x00000000c004a0ab       0x9d sys/getcwd.32
                0x00000000c004a0ab                SysGetCwd(regs*)
 .text          0x00000000c004a148       0x57 sys/getpid.32
                0x00000000c004a148                SysGetPID(regs*)
 .text          0x00000000c004a19f       0x86 sys/getramdata.32
                0x00000000c004a19f                SysGetRAMData(regs*)
 .text          0x00000000c004a225      0x23f sys/getvgaptr.32
                0x00000000c004a225                SysGetVGAPtr(regs*)
 .text          0x00000000c004a464      0x330 sys/kill.32
                0x00000000c004a464                SysKill(regs*)
 .text          0x00000000c004a794      0x21f sys/loaddll.32
                0x00000000c004a794                SysLoadDLL(regs*)
 .text          0x00000000c004a9b3      0x1e6 sys/read.32
                0x00000000c004a9b3                SysRead(regs*)
 .text          0x00000000c004ab99       0xdc sys/registersignal.32
                0x00000000c004ab99                SysRegisterSignal(regs*)
 .text          0x00000000c004ac75      0x4e1 sys/registry.32
                0x00000000c004ac75                SysRegistryGetTypeFromPath(regs*)
                0x00000000c004ad6c                SysRegistryReadExtent(regs*)
                0x00000000c004ae6a                SysRegistryPathToExtentLookup(regs*)
                0x00000000c004aefb                SysRegistryEnterDirectory(regs*)
                0x00000000c004af8c                SysRegistryGetNext(regs*)
                0x00000000c004b01d                SysRegistryGetNameAndTypeFromExtent(regs*)
                0x00000000c004b0bf                SysRegistryOpen(regs*)
                0x00000000c004b109                SysRegistryClose(regs*)
 .text          0x00000000c004b156      0x18c sys/sbrk.32
                0x00000000c004b156                SysSbrk(regs*)
 .text          0x00000000c004b2e2       0x80 sys/setcwd.32
                0x00000000c004b2e2                SysSetCwd(regs*)
 .text          0x00000000c004b362      0x206 sys/settime.32
                0x00000000c004b362                SysSetTime(regs*)
 .text          0x00000000c004b568       0x99 sys/timezone.32
                0x00000000c004b568                SysTimezone(regs*)
 .text          0x00000000c004b601      0x1e6 sys/write.32
                0x00000000c004b601                SysWrite(regs*)
 .text          0x00000000c004b7e7      0x166 sys/wsbe.32
                0x00000000c004b7e7                SysWsbe(regs*)
 .text          0x00000000c004b94d       0x5e sys/yield.32
                0x00000000c004b94d                SysYield(regs*)
 .text          0x00000000c004b9ab     0x425b thr/elf.32
                0x00000000c004b9ab                Thr::allocateMemoryForTask(Process*, File*, unsigned long, unsigned long, unsigned long)
                0x00000000c004c089                Thr::loadProgramIntoMemory(Process*, char const*)
                0x00000000c004c8ee                Thr::runtimeReferenceHelper()
                0x00000000c004c901                Thr::getAddressOfKernelSymbol(char const*)
                0x00000000c004cba2                Thr::loadKernelSymbolTable(char const*)
                0x00000000c004d62c                Thr::loadDriverIntoMemory(char const*, unsigned long, bool)
                0x00000000c004f23a                Thr::getDriverBaseFromAddress(unsigned long)
                0x00000000c004f445                Thr::getDriverNameFromAddress(unsigned long)
                0x00000000c004f64b                Thr::getDriverOffsetFromAddress(unsigned long)
                0x00000000c004f66d                Thr::loadDLL(char const*, bool)
                0x00000000c004fbcd                Thr::executeDLL(unsigned long, void*)
 *fill*         0x00000000c004fc06        0x2 
 .text          0x00000000c004fc08     0x4ced thr/prcssthr.32
                0x00000000c004fc08                userModeEntryPoint(void*)
                0x00000000c004fcd0                changeTSS
                0x00000000c004fe0c                switchToThread(ThreadControlBlock*)
                0x00000000c004fff8                Process::addArgs(char**)
                0x00000000c0050404                Process::Process(char const*, Process*, char**)
                0x00000000c0050404                Process::Process(char const*, Process*, char**)
                0x00000000c0050c70                Process::Process(bool, char const*, Process*, char**)
                0x00000000c0050c70                Process::Process(bool, char const*, Process*, char**)
                0x00000000c0051464                taskStartupFunction
                0x00000000c00514ac                Semaphore::Semaphore(int)
                0x00000000c00514ac                Semaphore::Semaphore(int)
                0x00000000c0051614                Mutex::Mutex()
                0x00000000c0051614                Mutex::Mutex()
                0x00000000c00516a4                Process::createThread(void (*)(void*), void*, int)
                0x00000000c0051d2c                Process::createUserThread()
                0x00000000c0051d64                setupMultitasking(void (*)())
                0x00000000c0051f80                schedule()
                0x00000000c005208c                Semaphore::tryAcquire()
                0x00000000c0052334                Semaphore::assertLocked(char const*)
                0x00000000c00524a8                blockTaskWithSchedulerLockAlreadyHeld(TaskState)
                0x00000000c0052528                blockTask(TaskState)
                0x00000000c00525d4                waitTask(int, int*, int)
                0x00000000c005277c                milliTenthSleepUntil(unsigned int)
                0x00000000c00528ec                milliTenthSleep(unsigned int)
                0x00000000c0052900                sleep(unsigned int)
                0x00000000c005291c                Semaphore::acquire()
                0x00000000c0052cac                taskReturned
                0x00000000c0052d34                Thr::processFromPID(int)
                0x00000000c0052eb8                unblockTask(ThreadControlBlock*)
                0x00000000c005300c                cleanupTerminatedTask(ThreadControlBlock*)
                0x00000000c0054048                cleanerTaskFunction(void*)
                0x00000000c00542a4                terminateTask(int)
                0x00000000c005458c                Thr::terminateFromIRQ(int)
                0x00000000c005459c                Semaphore::release()
 .text          0x00000000c00548f5     0x2e23 vm86/vm8086.32
                0x00000000c00548f5                Vm::inbv(unsigned short)
                0x00000000c0054908                Vm::outbv(unsigned short, unsigned char)
                0x00000000c00549cf                Vm::realToLinear(unsigned short, unsigned short)
                0x00000000c00549df                Vm::getSegment(unsigned int)
                0x00000000c00549e7                Vm::getOffset(unsigned int)
                0x00000000c00549ec                Vm::mainloop2()
                0x00000000c0054a79                Vm::mainVm8086Loop(void*)
                0x00000000c0054aae                Vm::mainloop3(unsigned long)
                0x00000000c0054afa                Vm::initialise8086()
                0x00000000c0054ba4                Vm::finish8086()
                0x00000000c0054c69                Vm::getOutput8086(unsigned char*)
                0x00000000c0054c8e                Vm::start8086FromBuffer(unsigned char*, int, unsigned short, unsigned short, unsigned short, unsigned short)
                0x00000000c0054e4f                Vm::start8086(char const*, unsigned short, unsigned short, unsigned short, unsigned short)
                0x00000000c0055229                Vm::doISR(regs*, int, unsigned char*, unsigned short, unsigned short)
                0x00000000c0055512                Vm::readByteFromReal(unsigned short, unsigned short)
                0x00000000c005553f                Vm::readWordFromReal(unsigned short, unsigned short)
                0x00000000c0055571                Vm::readDwordFromReal(unsigned short, unsigned short)
                0x00000000c00555a2                Vm::writeByteFromReal(unsigned short, unsigned short, unsigned char)
                0x00000000c00555d3                Vm::writeWordFromReal(unsigned short, unsigned short, unsigned short)
                0x00000000c0055607                Vm::writeDwordFromReal(unsigned short, unsigned short, unsigned int)
                0x00000000c005563c                Vm::faultHandler(regs*)
 .text          0x00000000c0057718     0x20ed arch/i386/hal.32
                0x00000000c0057718                noCopro(unsigned long)
                0x00000000c0057719                nmiHandler(regs*, void*)
                0x00000000c0057753                doubleFault(regs*, void*)
                0x00000000c005776c                displayDebugInfo(regs*)
                0x00000000c0058731                HalSystemIdle()
                0x00000000c0058872                displayProgramFault(char const*)
                0x00000000c00589f2                gpFault(regs*, void*)
                0x00000000c0058a59                pgFault(regs*, void*)
                0x00000000c0058bce                otherISRHandler(regs*, void*)
                0x00000000c0058c02                opcodeFault(regs*, void*)
                0x00000000c0058dd9                i386SaveCoprocessor(void*)
                0x00000000c0058ded                i386LoadCoprocessor(void*)
                0x00000000c0058e01                x87EmulHandler(regs*, void*)
                0x00000000c0058f46                HalInitialiseCoprocessor()
                0x00000000c005904f                HalPanic(char const*)
                0x00000000c00592d2                HalQueryPerformanceCounter()
                0x00000000c0059364                HalInitialise()
                0x00000000c0059736                HalMakeBeep(int)
                0x00000000c0059770                HalGetRand()
                0x00000000c0059773                HalEndOfInterrupt(int)
                0x00000000c0059802                HalRestart()
                0x00000000c0059803                HalShutdown()
                0x00000000c0059804                HalSleep()
 *fill*         0x00000000c0059805        0x3 
 .text          0x00000000c0059808      0x30c arch/i386/pic.32
                0x00000000c0059808                picIoWait()
                0x00000000c0059810                picDisable()
                0x00000000c0059844                picGetIRQReg(int)
                0x00000000c00598ec                picOpen()
                0x00000000c0059a70                picEOI(int)
 .text          0x00000000c0059b14      0xdd9 arch/i386/rtc.32
                0x00000000c0059b14                RTC::open(int, int, void*)
                0x00000000c0059b18                RTC::close(int, int, void*)
                0x00000000c0059b1c                RTC::~RTC()
                0x00000000c0059b1c                RTC::~RTC()
                0x00000000c0059bec                RTC::~RTC()
                0x00000000c0059c16                RTC::timeInSecondsUTC()
                0x00000000c0059c66                RTC::timeInDatetimeUTC()
                0x00000000c0059cfc                RTC::setTimeInSecondsUTC(unsigned long long)
                0x00000000c0059daa                RTC::get_update_in_progress_flag()
                0x00000000c0059de2                RTC::completeRTCRefresh()
                0x00000000c005a2b0                RTC::setTimeInDatetimeUTC(datetime_t)
                0x00000000c005a58c                rtcIRQHandler(regs*, void*)
                0x00000000c005a66a                RTC::RTC()
                0x00000000c005a66a                RTC::RTC()
 *fill*         0x00000000c005a8ed        0x3 
 .text          0x00000000c005a8f0      0x590 arch/i386/vga.32
                0x00000000c005a8f0                HalConsoleScroll(int, int)
                0x00000000c005ac9c                HalConsoleWriteCharacter(char, int, int, int, int)
                0x00000000c005adf8                HalConsoleCursorUpdate(int, int)
 .text          0x00000000c005ae80     0x30f7 fs/fat/vfslink.32
                0x00000000c005ae80                FAT::getName()
                0x00000000c005ae88                FAT::tell(void*, unsigned long long*)
                0x00000000c005af4c                FAT::stat(void*, unsigned long long*)
                0x00000000c005b010                FAT::~FAT()
                0x00000000c005b010                FAT::~FAT()
                0x00000000c005b0f4                FAT::~FAT()
                0x00000000c005b11c                FAT::getlabel(LogicalDisk*, int, char*, unsigned int*)
                0x00000000c005b4a0                FAT::setlabel(LogicalDisk*, int, char*)
                0x00000000c005b840                FAT::format(LogicalDisk*, int, char const*, int)
                0x00000000c005bd08                FAT::tryMount(LogicalDisk*, int)
                0x00000000c005c1f0                FAT::allocateSwapfile(char const*, int)
                0x00000000c005c710                FAT::readDir(void*, unsigned long, void*, int*)
                0x00000000c005c8b0                FAT::read(void*, unsigned long, void*, int*)
                0x00000000c005c940                FAT::write(void*, unsigned long, void*, int*)
                0x00000000c005c9d0                FAT::close(void*)
                0x00000000c005ca24                FAT::closeDir(void*)
                0x00000000c005ca78                FAT::seek(void*, unsigned long long)
                0x00000000c005cad0                fatWrapperReadDisk
                0x00000000c005cbd8                fatWrapperWriteDisk
                0x00000000c005cce0                fatWrapperIoctl
                0x00000000c005d260                FAT::FAT()
                0x00000000c005d260                FAT::FAT()
                0x00000000c005d428                FAT::fixFilepath(char*)
                0x00000000c005d5bc                FAT::open(char const*, void**, FileOpenMode)
                0x00000000c005d7b8                FAT::openDir(char const*, void**)
                0x00000000c005d8f4                FAT::stat(char const*, unsigned long long*, bool*)
                0x00000000c005da70                FAT::unlink(char const*)
                0x00000000c005db20                FAT::chfatattr(char const*, unsigned char, unsigned char)
                0x00000000c005dd00                FAT::rename(char const*, char const*)
                0x00000000c005de28                FAT::mkdir(char const*)
                0x00000000c005ded8                FAT::exists(char const*)
 *fill*         0x00000000c005df77        0x1 
 .text          0x00000000c005df78      0x198 fs/iso9660/helper.32
                0x00000000c005df78                isoReadDiscSectorHelper
                0x00000000c005e0d8                iso_kprintf
                0x00000000c005e0f4                iso_kprintfd
 .text          0x00000000c005e110     0x14a6 fs/iso9660/vfslink.32
                0x00000000c005e110                ISO9660::format(LogicalDisk*, int, char const*, int)
                0x00000000c005e116                ISO9660::getName()
                0x00000000c005e11c                ISO9660::chfatattr(char const*, unsigned char, unsigned char)
                0x00000000c005e122                ISO9660::unlink(char const*)
                0x00000000c005e128                ISO9660::write(void*, unsigned long, void*, int*)
                0x00000000c005e12e                ISO9660::rename(char const*, char const*)
                0x00000000c005e134                ISO9660::mkdir(char const*)
                0x00000000c005e13a                ISO9660::~ISO9660()
                0x00000000c005e13a                ISO9660::~ISO9660()
                0x00000000c005e20a                ISO9660::~ISO9660()
                0x00000000c005e232                ISO9660::exists(char const*)
                0x00000000c005e246                ISO9660::seek(void*, unsigned long long)
                0x00000000c005e288                ISO9660::close(void*)
                0x00000000c005e2b8                ISO9660::closeDir(void*)
                0x00000000c005e344                ISO9660::read(void*, unsigned long, void*, int*)
                0x00000000c005e3a6                ISO9660::tell(void*, unsigned long long*)
                0x00000000c005e40e                ISO9660::stat(void*, unsigned long long*)
                0x00000000c005e47a                ISO9660::readDir(void*, unsigned long, void*, int*)
                0x00000000c005e6ce                ISO9660::open(char const*, void**, FileOpenMode)
                0x00000000c005ea96                ISO9660::stat(char const*, unsigned long long*, bool*)
                0x00000000c005eed6                ISO9660::openDir(char const*, void**)
                0x00000000c005f33a                readSectorFromCDROM(unsigned int, unsigned char*, char)
                0x00000000c005f45a                ISO9660::tryMount(LogicalDisk*, int)
                0x00000000c005f4e2                ISO9660::ISO9660()
                0x00000000c005f4e2                ISO9660::ISO9660()
 .text          0x00000000c005f5b6      0xb96 hal/sound/sndcard.32
                0x00000000c005f5b6                SoundCard::beginPlayback()
                0x00000000c005f5c4                SoundCard::stopPlayback()
                0x00000000c005f5d2                SoundCard::SoundCard(char const*)
                0x00000000c005f5d2                SoundCard::SoundCard(char const*)
                0x00000000c005f95a                SoundCard::~SoundCard()
                0x00000000c005f95a                SoundCard::~SoundCard()
                0x00000000c005fa2a                SoundCard::~SoundCard()
                0x00000000c005fa54                SoundCard::configureRates(int, int, int)
                0x00000000c005fb52                SoundCard::getSamples16(int, short*)
                0x00000000c005fcfa                SoundCard::getSamples32(int, int*)
                0x00000000c0060012                SoundCard::addChannel(SoundPort*)
                0x00000000c00600dc                SoundCard::removeChannel(int)
 .text          0x00000000c006014c     0x1c81 hal/sound/sndport.32
                0x00000000c006014c                SoundPort::SoundPort(int, int, int, int)
                0x00000000c006014c                SoundPort::SoundPort(int, int, int, int)
                0x00000000c00604e8                SoundPort::~SoundPort()
                0x00000000c00604e8                SoundPort::~SoundPort()
                0x00000000c0060630                SoundPort::unpause()
                0x00000000c0060680                SoundPort::pause()
                0x00000000c00606d0                SoundPort::getBufferUsed()
                0x00000000c006071c                SoundPort::getBufferSize()
                0x00000000c0060768                SoundPort::buffer16(short*, int)
                0x00000000c0060cd8                SoundPort::buffer32(int*, int)
                0x00000000c0061238                SoundPort::unbufferAndAdd16(int, short*, SoundCard*)
                0x00000000c0061790                SoundPort::unbufferAndAdd32(int, int*, SoundCard*)
 .text          0x00000000c0061dcd        0x0 hw/bus/isa.32
 *fill*         0x00000000c0061dcd        0x1 
 .text          0x00000000c0061dce     0x243f hw/bus/pci.32
                0x00000000c0061dce                PCI::close(int, int, void*)
                0x00000000c0061dd2                PCI::open(int, int, void*)
                0x00000000c0061e92                PCI::PCI()
                0x00000000c0061e92                PCI::PCI()
                0x00000000c0062264                PCI::readBAR8(unsigned int, int)
                0x00000000c006229e                PCI::readBAR16(unsigned int, int)
                0x00000000c00622de                PCI::readBAR32(unsigned int, int)
                0x00000000c006231c                PCI::writeBAR8(unsigned int, unsigned char, int)
                0x00000000c0062360                PCI::writeBAR16(unsigned int, unsigned short, int)
                0x00000000c00623a2                PCI::writeBAR32(unsigned int, unsigned int, int)
                0x00000000c00623e6                PCI::legacyMechanism(unsigned char, unsigned char, unsigned char, unsigned char)
                0x00000000c006245c                PCI::pciReadWord(unsigned char, unsigned char, unsigned char, unsigned char)
                0x00000000c0062594                PCI::getVendorID(unsigned char, unsigned char, unsigned char)
                0x00000000c00625ea                PCI::getHeaderType(unsigned char, unsigned char, unsigned char)
                0x00000000c0062642                PCI::getClassCode(unsigned char, unsigned char, unsigned char)
                0x00000000c00626d6                PCI::getProgIF(unsigned char, unsigned char, unsigned char)
                0x00000000c006272e                PCI::getRevisionID(unsigned char, unsigned char, unsigned char)
                0x00000000c0062784                PCI::getInterruptNumber(unsigned char, unsigned char, unsigned char)
                0x00000000c00627da                PCI::getSecondaryBus(unsigned char, unsigned char, unsigned char)
                0x00000000c0062832                PCI::getBARAddress(unsigned char, unsigned char, unsigned char, unsigned char)
                0x00000000c00628e4                PCI::pciWriteWord(unsigned char, unsigned char, unsigned char, unsigned char, unsigned short)
                0x00000000c0062a50                PCI::pciDetailsToFilepath(PCIDeviceInfo, char*)
                0x00000000c00634f6                PCI::checkBus(unsigned char)
                0x00000000c0063536                PCI::foundDevice(PCIDeviceInfo)
                0x00000000c0063ad4                PCI::getDeviceData(unsigned char, unsigned char, unsigned char)
                0x00000000c0064052                PCI::checkDevice(unsigned char, unsigned char)
                0x00000000c006414c                PCI::detect()
 *fill*         0x00000000c006420d        0x1 
 .text          0x00000000c006420e     0x33da hw/diskctrl/ide.32
                0x00000000c006420e                IDE::close(int, int, void*)
                0x00000000c0064212                IDE::IDE()
                0x00000000c0064212                IDE::IDE()
                0x00000000c006433a                IDE::prepareInterrupt(unsigned char)
                0x00000000c006439b                selectDrive(unsigned char, unsigned char)
                0x00000000c006439c                IDE::getBase(unsigned char)
                0x00000000c00643fe                IDE::write(unsigned char, unsigned char, unsigned char)
                0x00000000c00646d4                IDE::read(unsigned char, unsigned char)
                0x00000000c006499c                IDE::waitInterrupt(unsigned char)
                0x00000000c0064ac1                ideChannel0IRQHandler(regs*, void*)
                0x00000000c0064b30                ideChannel1IRQHandler(regs*, void*)
                0x00000000c0064ba0                IDE::enableIRQs(unsigned char, bool)
                0x00000000c0064cb6                IDE::open(int, int, void*)
                0x00000000c006634c                IDE::readBuffer(unsigned char, unsigned char, unsigned int, unsigned int)
                0x00000000c006663e                IDE::detect()
                0x00000000c0067432                IDE::printError(unsigned char, unsigned char, unsigned char)
                0x00000000c0067562                IDE::polling(unsigned char, unsigned int)
 .text          0x00000000c00675e8      0xf7b hw/diskctrl/satabus.32
                0x00000000c00675e8                SATABus::close(int, int, void*)
                0x00000000c00675ec                SATABus::detect()
                0x00000000c00675ee                SATABus::SATABus()
                0x00000000c00675ee                SATABus::SATABus()
                0x00000000c0067864                SATABus::findCmdslot(SATABus::tagHBA_PORT volatile*)
                0x00000000c0067958                SATABus::checkType(SATABus::tagHBA_PORT volatile*)
                0x00000000c00679f2                SATABus::startCmd(SATABus::tagHBA_PORT volatile*)
                0x00000000c0067a7e                SATABus::stopCmd(SATABus::tagHBA_PORT volatile*)
                0x00000000c0067b2c                SATABus::portRebase(SATABus::tagHBA_PORT volatile*, int)
                0x00000000c0068164                SATABus::probePort(SATABus::tagHBA_MEM volatile*)
                0x00000000c00684b8                SATABus::open(int, int, void*)
 *fill*         0x00000000c0068563        0x1 
 .text          0x00000000c0068564     0x195e hw/diskphys/ata.32
                0x00000000c0068564                ATA::powerSaving(PowerSavingLevel)
                0x00000000c0068566                ATA::close(int, int, void*)
                0x00000000c006860a                ATA::ATA()
                0x00000000c006860a                ATA::ATA()
                0x00000000c00686e4                ATA::flush(bool)
                0x00000000c0068812                ATA::readyForCommand()
                0x00000000c006890a                ATA::access(unsigned long long, int, void*, bool)
                0x00000000c00694b4                ATA::detectCHS()
                0x00000000c00695ae                ATA::open(int, int, void*)
                0x00000000c0069ab5                combineCharAndColour(char, unsigned char)
                0x00000000c0069ac6                combineColours(unsigned char, unsigned char)
                0x00000000c0069ad4                ATA::read(unsigned long long, int, void*)
                0x00000000c0069cca                ATA::write(unsigned long long, int, void*)
 .text          0x00000000c0069ec2     0x1731 hw/diskphys/atapi.32
                0x00000000c0069ec2                ATAPI::write(unsigned long long, int, void*)
                0x00000000c0069ec8                ATAPI::close(int, int, void*)
                0x00000000c0069f6c                ATAPI::ATAPI()
                0x00000000c0069f6c                ATAPI::ATAPI()
                0x00000000c006a046                ATAPI::readyForCommand()
                0x00000000c006a144                ATAPI::sendPacket(unsigned char*, int, bool, unsigned short*, int)
                0x00000000c006ac20                ATAPI::diskRemoved()
                0x00000000c006ad56                ATAPI::eject()
                0x00000000c006add2                ATAPI::diskInserted()
                0x00000000c006ae1e                ATAPI::detectMedia()
                0x00000000c006b014                ATAPI::open(int, int, void*)
                0x00000000c006b4b6                ATAPI::read(unsigned long long, int, void*)
 *fill*         0x00000000c006b5f3        0x1 
 .text          0x00000000c006b5f4     0x131b hw/diskphys/sata.32
                0x00000000c006b5f4                SATA::powerSaving(PowerSavingLevel)
                0x00000000c006b5f6                SATA::close(int, int, void*)
                0x00000000c006b69a                SATA::open(int, int, void*)
                0x00000000c006b8f4                SATA::SATA()
                0x00000000c006b8f4                SATA::SATA()
                0x00000000c006b9ce                SATA::access(unsigned long long, int, void*, bool)
                0x00000000c006c3de                SATA::read(unsigned long long, int, void*)
                0x00000000c006c65a                SATA::write(unsigned long long, int, void*)
 *fill*         0x00000000c006c90f        0x1 
 .text          0x00000000c006c910     0x16c5 hw/diskphys/satapi.32
                0x00000000c006c910                SATAPI::write(unsigned long long, int, void*)
                0x00000000c006c916                SATAPI::close(int, int, void*)
                0x00000000c006c9ba                SATAPI::SATAPI()
                0x00000000c006c9ba                SATAPI::SATAPI()
                0x00000000c006ca94                SATAPI::diskRemoved()
                0x00000000c006ca96                SATAPI::diskInserted()
                0x00000000c006caee                SATAPI::sendPacket(unsigned char*, int, unsigned long long, unsigned short*, int)
                0x00000000c006d68a                SATAPI::eject()
                0x00000000c006d742                SATAPI::detectMedia()
                0x00000000c006d9e2                SATAPI::open(int, int, void*)
                0x00000000c006dd4a                SATAPI::read(unsigned long long, int, void*)
 *fill*         0x00000000c006dfd5        0x1 
 .text          0x00000000c006dfd6     0x128b hw/intctrl/apic.32
                0x00000000c006dfd6                IOAPIC::close(int, int, void*)
                0x00000000c006dfdc                apicGetBase()
                0x00000000c006e08a                IOAPIC::IOAPIC()
                0x00000000c006e08a                IOAPIC::IOAPIC()
                0x00000000c006e15e                apicOpen()
                0x00000000c006e756                IOAPIC::handlesGSIWithNumber(unsigned int)
                0x00000000c006e868                IOAPIC::read(int)
                0x00000000c006e93c                IOAPIC::open(int, int, void*)
                0x00000000c006ef68                IOAPIC::write(int, int)
                0x00000000c006f044                IOAPIC::redirect(unsigned char, unsigned long long, unsigned char, bool, bool)
 *fill*         0x00000000c006f261        0x3 
 .text          0x00000000c006f264      0x45c hw/timer/apictimer.32
                0x00000000c006f264                APICTimer::close(int, int, void*)
                0x00000000c006f26c                apicTimerHandler(regs*, void*)
                0x00000000c006f2d8                APICTimer::open(int, int, void*)
                0x00000000c006f560                APICTimer::write(int)
                0x00000000c006f5d8                APICTimer::APICTimer()
                0x00000000c006f5d8                APICTimer::APICTimer()
 .text          0x00000000c006f6c0      0x741 hw/timer/pit.32
                0x00000000c006f6c0                PIT::write(int)
                0x00000000c006f7bc                pitHandler(regs*, void*)
                0x00000000c006f80c                PIT::open(int, int, void*)
                0x00000000c006f984                PIT::close(int, int, void*)
                0x00000000c006fa50                PIT::PIT()
                0x00000000c006fa50                PIT::PIT()
 *fill*         0x00000000c006fe01        0xf 
 .text          0x00000000c006fe10       0x83 arch/i386/avx.32
                0x00000000c006fe10                avxDetect
                0x00000000c006fe3a                avxSave
                0x00000000c006fe4b                avxLoad
                0x00000000c006fe5c                avxInit
                0x00000000c006fe7e                avxClose
                0x00000000c006fe7f                wouldSheSayYes
 *fill*         0x00000000c006fe93        0xd 
 .text          0x00000000c006fea0      0x2ec arch/i386/interrupt.32
                0x00000000c006fea0                isr0
                0x00000000c006feb0                isr1
                0x00000000c006feba                isr2
                0x00000000c006fec4                isr3
                0x00000000c006fece                isr4
                0x00000000c006fed8                isr5
                0x00000000c006fee2                isr6
                0x00000000c006feec                isr7
                0x00000000c006fef6                isr8
                0x00000000c006fefe                isr9
                0x00000000c006ff08                isr10
                0x00000000c006ff10                isr11
                0x00000000c006ff18                isr12
                0x00000000c006ff20                isr13
                0x00000000c006ff3a                isr14
                0x00000000c006ff42                isr15
                0x00000000c006ff4c                isr16
                0x00000000c006ff56                isr17
                0x00000000c006ff60                isr18
                0x00000000c006ff6a                irq3
                0x00000000c006ff74                irq4
                0x00000000c006ff7e                irq5
                0x00000000c006ff88                irq6
                0x00000000c006ff92                irq7
                0x00000000c006ff9c                irq8
                0x00000000c006ffa6                irq9
                0x00000000c006ffb0                irq10
                0x00000000c006ffba                irq11
                0x00000000c006ffc4                irq12
                0x00000000c006ffce                irq13
                0x00000000c006ffd8                irq14
                0x00000000c006ffe2                irq15
                0x00000000c006ffec                irq1
                0x00000000c006fff3                irq2
                0x00000000c006fffa                isr96
                0x00000000c0070001                irq0
                0x00000000c0070006                int_common_stub
                0x00000000c0070038                syscall_common_stub
                0x00000000c007013c                irq16
                0x00000000c0070146                irq17
                0x00000000c0070150                irq18
                0x00000000c007015a                irq19
                0x00000000c0070164                irq20
                0x00000000c007016e                irq21
                0x00000000c0070178                irq22
                0x00000000c0070182                irq23
 *fill*         0x00000000c007018c        0x4 
 .text          0x00000000c0070190       0x10 arch/i386/rdrand.32
                0x00000000c0070190                i386GetRDRAND
 .text          0x00000000c00701a0       0x39 arch/i386/sse.32
                0x00000000c00701a0                absolutelyNoChanceInHell
                0x00000000c00701a0                sseDetect
                0x00000000c00701b8                sseSave
                0x00000000c00701c0                sseLoad
                0x00000000c00701c8                sseInit
                0x00000000c00701d8                sseClose
 *fill*         0x00000000c00701d9        0x7 
 .text          0x00000000c00701e0       0x49 arch/i386/x87.32
                0x00000000c00701e6                x87Detect
                0x00000000c0070201                x87Save
                0x00000000c0070208                x87Load
                0x00000000c007020f                x87Init
                0x00000000c0070228                x87Close
 *fill*         0x00000000c0070229        0x3 
 .text          0x00000000c007022c       0x25 /cygdrive/d/Users/Alex/Desktop/Toolchain/Output/bin/../lib/gcc/i386-banana/8.1.0/crtend.o
 .text          0x00000000c0070251        0x0 crtn.32
 *fill*         0x00000000c0070251        0x3 