Archive member included to satisfy reference by file (symbol)

/cygdrive/d/Users/Alex/Desktop/Toolchain/Output/bin/../lib/gcc/i386-banana/8.1.0/libkgcc.a(_fixunssfdi.o)
                              hw/x87em.32 (__fixunssfdi)
/cygdrive/d/Users/Alex/Desktop/Toolchain/Output/bin/../lib/gcc/i386-banana/8.1.0/libkgcc.a(_fixunsdfdi.o)
                              hw/x87em.32 (__fixunsdfdi)
/cygdrive/d/Users/Alex/Desktop/Toolchain/Output/bin/../lib/gcc/i386-banana/8.1.0/libkgcc.a(_floatundisf.o)
                              hw/x87em.32 (__floatundisf)
/cygdrive/d/Users/Alex/Desktop/Toolchain/Output/bin/../lib/gcc/i386-banana/8.1.0/libkgcc.a(_floatundidf.o)
                              hw/x87em.32 (__floatundidf)
/cygdrive/d/Users/Alex/Desktop/Toolchain/Output/bin/../lib/gcc/i386-banana/8.1.0/libkgcc.a(_divdi3.o)
                              fs/fat/ff.32 (__divdi3)
/cygdrive/d/Users/Alex/Desktop/Toolchain/Output/bin/../lib/gcc/i386-banana/8.1.0/libkgcc.a(_moddi3.o)
                              thr/elf.32 (__moddi3)
/cygdrive/d/Users/Alex/Desktop/Toolchain/Output/bin/../lib/gcc/i386-banana/8.1.0/libkgcc.a(_udivdi3.o)
                              fs/fat/ff.32 (__udivdi3)
/cygdrive/d/Users/Alex/Desktop/Toolchain/Output/bin/../lib/gcc/i386-banana/8.1.0/libkgcc.a(_umoddi3.o)
                              core/pipe.32 (__umoddi3)
D:/Users/Alex/Desktop/Banana/kernel/libsoftfp.a(sfieeelib.o)
                              hal/sound/sndhw.32 (__addsf3)
D:/Users/Alex/Desktop/Banana/kernel/libsoftfp.a(dfieeelib.o)
                              hal/libresample/src_linear.32 (__adddf3)
D:/Users/Alex/Desktop/Banana/kernel/libsoftfp.a(sfdfcvt.o)
                              hal/libresample/samplerate.32 (__truncdfsf2)
D:/Users/Alex/Desktop/Banana/kernel/libk/libm32.a(s_fabs.c.o)
                              hal/libresample/samplerate.32 (fabs)
D:/Users/Alex/Desktop/Banana/kernel/libk/libm32.a(s_lrint.S.o)
                              hal/libresample/samplerate.32 (lrint)
D:/Users/Alex/Desktop/Banana/kernel/libk/libm32.a(s_lrintf.S.o)
                              hal/sound/sndhw.32 (lrintf)

Discarded input sections

 .comment       0x0000000000000000       0x12 /cygdrive/d/Users/Alex/Desktop/Toolchain/Output/bin/../lib/gcc/i386-banana/8.1.0/crtbegin.o
 .comment       0x0000000000000000       0x12 acpica/utclib.32
 .comment       0x0000000000000000       0x12 core/malloc.32
 .comment       0x0000000000000000       0x12 libk/string.32
 .comment       0x0000000000000000       0x12 fs/fat/diskio.32
 .comment       0x0000000000000000       0x12 fs/fat/ff.32
 .comment       0x0000000000000000       0x12 fs/fat/ffsystem.32
 .comment       0x0000000000000000       0x12 fs/fat/ffunicode.32
 .comment       0x0000000000000000       0x12 hal/libresample/samplerate.32
 .comment       0x0000000000000000       0x12 hal/libresample/src_linear.32
 .comment       0x0000000000000000       0x12 hal/libresample/src_sinc.32
 .comment       0x0000000000000000       0x12 hal/libresample/src_zoh.32
 .group         0x0000000000000000       0x14 core/computer.32
 .group         0x0000000000000000        0xc core/computer.32
 .comment       0x0000000000000000       0x12 core/computer.32
 .comment       0x0000000000000000       0x12 core/gdt.32
 .group         0x0000000000000000        0xc core/idle.32
 .comment       0x0000000000000000       0x12 core/idle.32
 .comment       0x0000000000000000       0x12 core/idt.32
 .group         0x0000000000000000        0x8 core/kheap.32
 .group         0x0000000000000000        0x8 core/kheap.32
 .comment       0x0000000000000000       0x12 core/kheap.32
 .comment       0x0000000000000000       0x12 core/main.32
 .comment       0x0000000000000000       0x12 core/physmgr.32
 .group         0x0000000000000000        0xc core/pipe.32
 .comment       0x0000000000000000       0x12 core/pipe.32
 .group         0x0000000000000000        0xc core/terminal.32
 .comment       0x0000000000000000       0x12 core/terminal.32
 .group         0x0000000000000000        0x8 core/tss.32
 .text._ZN3CPU7readCR3Ev
                0x0000000000000000       0x12 core/tss.32
 .comment       0x0000000000000000       0x12 core/tss.32
 .group         0x0000000000000000        0x8 core/unixfile.32
 .group         0x0000000000000000        0xc core/unixfile.32
 .group         0x0000000000000000        0xc core/unixfile.32
 .group         0x0000000000000000        0x8 core/unixfile.32
 .group         0x0000000000000000        0xc core/unixfile.32
 .group         0x0000000000000000        0x8 core/unixfile.32
 .group         0x0000000000000000        0xc core/unixfile.32
 .group         0x0000000000000000        0xc core/unixfile.32
 .comment       0x0000000000000000       0x12 core/unixfile.32
 .group         0x0000000000000000        0x8 core/virtmgr.32
 .group         0x0000000000000000        0x8 core/virtmgr.32
 .text._ZN3CPU7readCR3Ev
                0x0000000000000000       0x12 core/virtmgr.32
 .text._ZN3CPU8writeCR3Em
[...]
Memory Configuration

Name             Origin             Length             Attributes
*default*        0x0000000000000000 0xffffffffffffffff

Linker script and memory map

LOAD D:/Users/Alex/Desktop/Banana/kernel/boot.32
LOAD crti.32
LOAD /cygdrive/d/Users/Alex/Desktop/Toolchain/Output/bin/../lib/gcc/i386-banana/8.1.0/crtbegin.o
LOAD D:/Users/Alex/Desktop/Banana/kernel/morenasm.32
LOAD acpica/utclib.32
LOAD core/malloc.32
LOAD libk/string.32
LOAD fs/fat/diskio.32
LOAD fs/fat/ff.32
LOAD fs/fat/ffsystem.32
LOAD fs/fat/ffunicode.32
LOAD hal/libresample/samplerate.32
LOAD hal/libresample/src_linear.32
LOAD hal/libresample/src_sinc.32
LOAD hal/libresample/src_zoh.32
LOAD core/computer.32
LOAD core/gdt.32
LOAD core/idle.32
LOAD core/idt.32
LOAD core/kheap.32
LOAD core/main.32
LOAD core/physmgr.32
LOAD core/pipe.32
LOAD core/terminal.32
LOAD core/tss.32
LOAD core/unixfile.32
LOAD core/virtmgr.32
LOAD coreobjs/c++.32
LOAD dbg/kconsole.32
LOAD fs/vfs.32
LOAD hal/bus.32
LOAD hal/buzzer.32
LOAD hal/clock.32
LOAD hal/device.32
LOAD hal/diskctrl.32
LOAD hal/diskphys.32
LOAD hal/fpu.32
LOAD hal/intctrl.32
LOAD hal/keybrd.32
LOAD hal/logidisk.32
LOAD hal/mouse.32
LOAD hal/partition.32
LOAD hal/timer.32
LOAD hal/vcache.32
LOAD hal/video.32
LOAD hw/acpi.32
LOAD hw/cpu.32
LOAD hw/ports.32
LOAD hw/x87em.32
LOAD krnl/panic.32
LOAD reg/registry.32
LOAD sys/sc_exit.32
LOAD sys/sc_loaddll.32
LOAD sys/sc_read.32
LOAD sys/sc_sbrk.32
LOAD sys/sc_write.32
LOAD sys/sc_yield.32
LOAD sys/syscalls.32
LOAD thr/elf.32
LOAD thr/prcssthr.32
LOAD vm86/vm8086.32
LOAD fs/fat/vfslink.32
LOAD fs/iso9660/vfslink.32
LOAD hal/sound/sndchannel.32
LOAD hal/sound/sndhw.32
LOAD hw/bus/isa.32
LOAD hw/bus/pci.32
LOAD hw/diskctrl/ide.32
LOAD hw/diskphys/ata.32
LOAD hw/diskphys/atapi.32
LOAD hw/fpu/avx.32
LOAD hw/fpu/mmx.32
LOAD hw/fpu/sse.32
LOAD hw/fpu/x87.32
LOAD hw/intctrl/apic.32
LOAD hw/intctrl/pic.32
LOAD hw/timer/apictimer.32
LOAD hw/timer/pit.32
LOAD hw/fpu/x86/avx.32
LOAD hw/fpu/x86/sse.32
LOAD hw/fpu/x86/x87.32
LOAD /cygdrive/d/Users/Alex/Desktop/Toolchain/Output/bin/../lib/gcc/i386-banana/8.1.0/crtend.o
LOAD crtn.32
LOAD /cygdrive/d/Users/Alex/Desktop/Toolchain/Output/bin/../lib/gcc/i386-banana/8.1.0/libkgcc.a
LOAD D:/Users/Alex/Desktop/Banana/kernel/libsoftfp.a
LOAD D:/Users/Alex/Desktop/Banana/kernel/libk/libm32.a
                0x00000000c0000000                . = 0xc0000000

.text           0x00000000c0000000    0x24f38
 *(.text)
 .text          0x00000000c0000000       0x41 D:/Users/Alex/Desktop/Banana/kernel/boot.32
                0x00000000c0000020                callGlobalConstructors
 .text          0x00000000c0000041        0x0 crti.32
 *fill*         0x00000000c0000041        0x3 
 .text          0x00000000c0000044      0x101 /cygdrive/d/Users/Alex/Desktop/Toolchain/Output/bin/../lib/gcc/i386-banana/8.1.0/crtbegin.o
 *fill*         0x00000000c0000145        0xb 
 .text          0x00000000c0000150      0x4fd D:/Users/Alex/Desktop/Banana/kernel/morenasm.32
                0x00000000c0000150                prepareTramp
                0x00000000c0000169                voodooXADD
                0x00000000c000022e                doTPAUSE
                0x00000000c0000238                hasLegacyFPU
                0x00000000c000025d                is486
                0x00000000c0000293                goToVM86
                0x00000000c00002c4                goToUsermode
                0x00000000c00002ef                switchToThreadASMFirstTime
                0x00000000c00002fd                switchToThreadASM
                0x00000000c000039d                detectCPUID
                0x00000000c00003b3                asmQuickAcquireLock
                0x00000000c00003d1                asmQuickReleaseLock
                0x00000000c00003dd                asmAcquireLock
                0x00000000c00003fe                asmReleaseLock
                0x00000000c0000411                loadGDT
                0x00000000c0000431                isr0
                0x00000000c0000441                isr1
                0x00000000c000044b                isr2
                0x00000000c0000455                isr3
                0x00000000c000045f                isr4
                0x00000000c0000469                isr5
                0x00000000c0000473                isr6
                0x00000000c000047d                isr7
                0x00000000c0000487                isr8
                0x00000000c000048f                isr9
                0x00000000c0000499                isr10
                0x00000000c00004a1                isr11
                0x00000000c00004a9                isr12
                0x00000000c00004b1                isr13
                0x00000000c00004b9                isr14
                0x00000000c00004c1                isr15
                0x00000000c00004cb                isr16
                0x00000000c00004d5                isr17
                0x00000000c00004df                isr18
                0x00000000c00004e9                isr96
                0x00000000c00004f3                irq0
                0x00000000c00004fd                irq1
                0x00000000c0000507                irq2
                0x00000000c0000511                irq3
                0x00000000c000051b                irq4
                0x00000000c0000525                irq5
                0x00000000c000052f                irq6
                0x00000000c0000539                irq7
                0x00000000c0000543                irq8
                0x00000000c000054d                irq9
                0x00000000c0000557                irq10
                0x00000000c0000561                irq11
                0x00000000c000056b                irq12
                0x00000000c0000575                irq13
                0x00000000c000057f                irq14
                0x00000000c0000589                irq15
                0x00000000c0000593                irq16
                0x00000000c000059d                irq17
                0x00000000c00005a7                irq18
                0x00000000c00005b1                irq19
                0x00000000c00005bb                irq20
                0x00000000c00005c5                irq21
                0x00000000c00005cf                irq22
                0x00000000c00005d9                irq23
                0x00000000c00005e3                int_common_stub
                0x00000000c0000613                syscall_common_stub
 .text          0x00000000c000064d      0x40f acpica/utclib.32
                0x00000000c000064d                memcmp
                0x00000000c0000678                memmove
                0x00000000c00006b0                memcpy
                0x00000000c00006e6                memset
                0x00000000c0000703                strlen
                0x00000000c0000713                strpbrk
                0x00000000c0000736                strtok
                0x00000000c0000785                strcpy
                0x00000000c00007a5                strncpy
                0x00000000c00007d6                strcmp
                0x00000000c00007f7                strchr
                0x00000000c000080d                strncmp
                0x00000000c000083c                strcat
                0x00000000c0000863                strncat
                0x00000000c000089d                strstr
                0x00000000c00008da                toupper
                0x00000000c00008ee                tolower
                0x00000000c0000902                simple_strtoul
 .text          0x00000000c0000a5c      0xfbf core/malloc.32
                0x00000000c0000bc7                dlfree
                0x00000000c0000f22                dlmalloc
                0x00000000c000145f                dlrealloc
                0x00000000c0001614                dlmemalign
                0x00000000c0001737                dlcalloc
                0x00000000c00017d1                dlcfree
                0x00000000c00017d6                dlindependent_calloc
                0x00000000c00017fb                dlindependent_comalloc
                0x00000000c0001812                dlvalloc
                0x00000000c000183d                dlpvalloc
                0x00000000c0001873                dlmalloc_trim
                0x00000000c0001880                dlmalloc_usable_size
                0x00000000c00018b1                dlmallinfo
                0x00000000c0001980                dlmalloc_stats
                0x00000000c0001991                dlmallopt
 .text          0x00000000c0001a1b        0x0 libk/string.32
 .text          0x00000000c0001a1b       0x51 fs/fat/diskio.32
                0x00000000c0001a1b                disk_status
                0x00000000c0001a1e                disk_initialize
                0x00000000c0001a21                disk_read
                0x00000000c0001a37                disk_write
                0x00000000c0001a4d                disk_ioctl
 .text          0x00000000c0001a6c     0x6833 fs/fat/ff.32
                0x00000000c0004d3a                f_mount
                0x00000000c0004d9c                f_open
                0x00000000c00051d8                f_read
                0x00000000c0005458                f_write
                0x00000000c0005712                f_sync
                0x00000000c00058ee                f_close
                0x00000000c000591d                f_lseek
                0x00000000c0005dd4                f_opendir
                0x00000000c0005ed6                f_closedir
                0x00000000c0005ef8                f_readdir
                0x00000000c0005f93                f_stat
                0x00000000c0006022                f_getfree
                0x00000000c00061ed                f_truncate
                0x00000000c00062e5                f_unlink
                0x00000000c0006468                f_mkdir
                0x00000000c0006694                f_rename
                0x00000000c0006987                f_chmod
                0x00000000c0006a65                f_utime
                0x00000000c0006b43                f_getlabel
                0x00000000c0006d31                f_setlabel
                0x00000000c0006f9e                f_forward
                0x00000000c000717c                f_mkfs
 .text          0x00000000c000829f       0x2d fs/fat/ffsystem.32
                0x00000000c000829f                ff_memalloc
                0x00000000c00082b5                ff_memfree
 .text          0x00000000c00082cc      0x253 fs/fat/ffunicode.32
                0x00000000c00082cc                ff_uni2oem
                0x00000000c000835c                ff_oem2uni
                0x00000000c00083c8                ff_wtoupper
 .text          0x00000000c000851f      0x8a1 hal/libresample/samplerate.32
                0x00000000c00085c6                src_delete
                0x00000000c0008602                src_process
                0x00000000c0008776                src_callback_read
                0x00000000c00088d1                src_set_ratio
                0x00000000c000891a                src_get_channels
                0x00000000c000893c                src_reset
                0x00000000c0008988                src_new
                0x00000000c0008a16                src_callback_new
                0x00000000c0008a78                src_get_name
                0x00000000c0008aaf                src_get_description
                0x00000000c0008ae6                src_get_version
                0x00000000c0008aec                src_is_valid_ratio
                0x00000000c0008b08                src_error
                0x00000000c0008b16                src_strerror
                0x00000000c0008b29                src_simple
                0x00000000c0008b7c                src_short_to_float_array
                0x00000000c0008be1                src_float_to_short_array
                0x00000000c0008ca0                src_int_to_float_array
                0x00000000c0008d03                src_float_to_int_array
 .text          0x00000000c0008dc0      0x8f0 hal/libresample/src_linear.32
                0x00000000c000960b                linear_get_name
                0x00000000c000961a                linear_get_description
                0x00000000c0009629                linear_set_converter
 .text          0x00000000c00096b0     0x40fd hal/libresample/src_sinc.32
                0x00000000c000d6c4                sinc_get_name
                0x00000000c000d6d7                sinc_get_description
                0x00000000c000d6ea                sinc_set_converter
 .text          0x00000000c000d7ad      0x7a6 hal/libresample/src_zoh.32
                0x00000000c000deae                zoh_get_name
                0x00000000c000debd                zoh_get_description
                0x00000000c000decc                zoh_set_converter
 *fill*         0x00000000c000df53        0x1 
 .text          0x00000000c000df54      0x9e1 core/computer.32
                0x00000000c000df54                Computer::close(int, int, void*)
                0x00000000c000df98                Computer::Computer()
                0x00000000c000df98                Computer::Computer()
                0x00000000c000e0f4                Computer::setBootMessage(char const*)
                0x00000000c000e0f6                Computer::start()
                0x00000000c000e1d2                firstTask()
                0x00000000c000e1e0                Computer::detectFeatures()
                0x00000000c000e3ba                Computer::displayFeatures()
                0x00000000c000e700                Computer::rdmsr(unsigned int)
                0x00000000c000e72c                Computer::wrmsr(unsigned int, unsigned long long)
                0x00000000c000e764                Computer::nmiEnabled()
                0x00000000c000e770                Computer::readCMOS(unsigned char)
                0x00000000c000e78a                Computer::enableNMI(bool)
                0x00000000c000e7a2                Computer::open(int, int, void*)
                0x00000000c000e878                Computer::disableNMI()
                0x00000000c000e886                Computer::writeCMOS(unsigned char, unsigned char)
                0x00000000c000e8a4                Computer::handleNMI()
                0x00000000c000e90a                Computer::setDiskActivityLight(int, bool)
 *fill*         0x00000000c000e935        0x1 
 .text          0x00000000c000e936      0x1b7 core/gdt.32
                0x00000000c000e936                GDTEntry::setBase(unsigned int)
                0x00000000c000e952                GDTEntry::setLimit(unsigned int)
                0x00000000c000e970                GDT::GDT()
                0x00000000c000e970                GDT::GDT()
                0x00000000c000e986                GDT::addEntry(GDTEntry)
                0x00000000c000e9c2                GDT::getNumberOfEntries()
                0x00000000c000e9ca                GDT::flush()
                0x00000000c000e9ec                GDT::setup()
 .text          0x00000000c000eaed       0x61 core/idle.32
                0x00000000c000eaed                idleFunction(void*)
 .text          0x00000000c000eb4e      0x45f core/idt.32
                0x00000000c000eb4e                IDTEntry::IDTEntry(bool)
                0x00000000c000eb4e                IDTEntry::IDTEntry(bool)
                0x00000000c000ebbc                IDTEntry::setOffset(unsigned int)
                0x00000000c000ebd0                IDT::IDT()
                0x00000000c000ebd0                IDT::IDT()
                0x00000000c000ebd2                IDT::getPointerToInvalidOpcodeEntryForF00F()
                0x00000000c000ebda                IDT::addEntry(IDTEntry, int)
                0x00000000c000ebf4                IDT::addEntry(int, void (*)(), bool)
                0x00000000c000ec2c                IDT::flush()
                0x00000000c000ec46                IDT::setup()
 .text          0x00000000c000efad      0x20d core/kheap.32
                0x00000000c000efad                sbrk
                0x00000000c000f0c5                mmap
                0x00000000c000f0db                munmap
                0x00000000c000f0f1                liballoc_lock()
                0x00000000c000f102                liballoc_unlock()
                0x00000000c000f113                liballoc_alloc(int)
                0x00000000c000f12e                liballoc_free(void*, int)
                0x00000000c000f14c                realloc
                0x00000000c000f160                malloc
                0x00000000c000f170                free
                0x00000000c000f180                rfree
                0x00000000c000f190                calloc
 .text          0x00000000c000f1ba      0x38d core/main.32
                0x00000000c000f1ba                hwTextMode_loadInData(VgaText*)
                0x00000000c000f1ff                hwTextMode_loadInTitle(VgaText*, char*)
                0x00000000c000f241                hwTextMode_showCursor(VgaText*, bool)
                0x00000000c000f295                hwTextMode_update(VgaText*)
                0x00000000c000f296                hwTextMode_updateCursor(VgaText*)
                0x00000000c000f2de                hwTextMode_disableBlink(VgaText*, bool)
                0x00000000c000f31a                hwTextMode_scrollScreen(VgaText*)
                0x00000000c000f3a0                hwTextMode_writeCharacter(VgaText*, char, VgaColour, VgaColour, int, int)
                0x00000000c000f3fe                setupTextMode()
                0x00000000c000f44f                kernel_main
 .text          0x00000000c000f547      0x4f3 core/physmgr.32
                0x00000000c000f547                Phys::allocateDMA(unsigned long)
                0x00000000c000f5ea                Phys::freeDMA(unsigned long, unsigned long)
                0x00000000c000f632                Phys::setPageState(unsigned long, bool)
                0x00000000c000f664                Phys::getPageState(unsigned long)
                0x00000000c000f680                Phys::freePage(unsigned long)
                0x00000000c000f70a                Phys::allocatePage()
                0x00000000c000f7d2                Phys::allowSegmentToBeUsed(unsigned long, unsigned long)
                0x00000000c000f80a                Phys::physicalMemorySetup(unsigned int)
 .text          0x00000000c000fa3a      0x273 core/pipe.32
                0x00000000c000fa3a                Pipe::isAtty()
                0x00000000c000fa3e                Pipe::~Pipe()
                0x00000000c000fa3e                Pipe::~Pipe()
                0x00000000c000fa62                Pipe::~Pipe()
                0x00000000c000fa8a                Pipe::read(unsigned long long, void*, int*)
                0x00000000c000fb7e                Pipe::write(unsigned long long, void*, int*)
                0x00000000c000fc46                Pipe::Pipe(int)
                0x00000000c000fc46                Pipe::Pipe(int)
 *fill*         0x00000000c000fcad        0x1 
 .text          0x00000000c000fcae      0xf65 core/terminal.32
                0x00000000c000fcae                VgaText::isAtty()
                0x00000000c000fcb2                VgaText::~VgaText()
                0x00000000c000fcb2                VgaText::~VgaText()
                0x00000000c000fcd6                VgaText::~VgaText()
                0x00000000c000fd00                VgaText::read(unsigned long long, void*, int*)
                0x00000000c000fd20                setTerminalScrollLock(bool)
                0x00000000c000fd21                addToTerminalCycle(VgaText*)
                0x00000000c000fd4e                installVgaTextImplementation()
                0x00000000c000fd63                scrollTerminalScrollLock(int)
                0x00000000c000fd64                VgaText::load()
                0x00000000c000fdb8                VgaText::updateCursor()
                0x00000000c000fdd2                VgaText::showCursor(bool)
                0x00000000c000fde2                VgaText::disableBlink(bool)
                0x00000000c000fe1c                VgaText::doANSI_SGR(int)
                0x00000000c000fea8                VgaText::setDefaultBgColour(VgaColour)
                0x00000000c000febe                VgaText::setDefaultFgColour(VgaColour)
                0x00000000c000fed4                VgaText::setDefaultColours(VgaColour, VgaColour)
                0x00000000c000fef4                VgaText::combineColours(unsigned char, unsigned char)
                0x00000000c000ff06                VgaText::scrollScreen()
                0x00000000c000ff9a                VgaText::combineCharAndColour(char, unsigned char)
                0x00000000c000ffac                VgaText::writeCharacter(char, VgaColour, VgaColour, int, int)
                0x00000000c001000c                VgaText::getCursorX()
                0x00000000c0010018                VgaText::getCursorY()
                0x00000000c0010024                VgaText::setCursor(int, int)
                0x00000000c0010042                VgaText::setCursorX(int)
                0x00000000c001005e                VgaText::setCursorY(int)
                0x00000000c001007a                VgaText::incrementCursor(bool)
                0x00000000c00100e2                VgaText::updateRAMUsageDisplay(int)
                0x00000000c001013c                VgaText::updateDiskUsage()
                0x00000000c00102a2                VgaText::updateTitle()
                0x00000000c00102e8                VgaText::setTitleTextColour(VgaColour)
                0x00000000c00102f8                VgaText::setTitleColour(VgaColour)
                0x00000000c0010308                VgaText::setTitle(char*)
                0x00000000c001032e                VgaText::decrementCursor(bool)
                0x00000000c0010356                VgaText::putchar(char, VgaColour, VgaColour)
                0x00000000c0010452                VgaText::isShowingCursor()
                0x00000000c001045e                VgaText::isBlinkDisabled()
                0x00000000c001046c                VgaText::setCursorHeight(int)
                0x00000000c001048a                VgaText::getCursorHeight()
                0x00000000c0010495                setActiveTerminal(VgaText*)
                0x00000000c0010547                doTerminalCycle()
                0x00000000c0010564                VgaText::doUpdate()
                0x00000000c0010576                VgaText::puts(char const*, VgaColour, VgaColour)
                0x00000000c0010736                VgaText::clearScreen()
                0x00000000c001079a                VgaText::putchar(char)
                0x00000000c00108b4                VgaText::puts(char const*)
                0x00000000c00108da                VgaText::putx(unsigned int)
                0x00000000c0010920                VgaText::VgaText(char const*)
                0x00000000c0010920                VgaText::VgaText(char const*)
                0x00000000c0010ab2                VgaText::receiveKey(unsigned char)
                0x00000000c0010b9a                VgaText::write(unsigned long long, void*, int*)
                0x00000000c0010bee                newTerminal(char*)
 *fill*         0x00000000c0010c13        0x1 
 .text          0x00000000c0010c14      0x18f core/tss.32
                0x00000000c0010c14                TSS::TSS()
                0x00000000c0010c14                TSS::TSS()
                0x00000000c0010c22                TSS::setESP(unsigned long)
                0x00000000c0010c34                TSS::flush()
                0x00000000c0010c54                TSS::setup(unsigned long, unsigned long)
 *fill*         0x00000000c0010da3        0x1 
 .text          0x00000000c0010da4      0x482 core/unixfile.32
                0x00000000c0010da4                ReservedFilename::read(unsigned long long, void*, int*)
                0x00000000c0010dfa                ReservedFilename::isAtty()
                0x00000000c0010e16                ReservedFilename::write(unsigned long long, void*, int*)
                0x00000000c0010e74                UnixFile::getFileDescriptor()
                0x00000000c0010e7c                UnixFile::UnixFile(int)
                0x00000000c0010e7c                UnixFile::UnixFile(int)
                0x00000000c0010fec                ReservedFilename::ReservedFilename(int)
                0x00000000c0010fec                ReservedFilename::ReservedFilename(int)
                0x00000000c001101e                UnixFile::~UnixFile()
                0x00000000c001101e                UnixFile::~UnixFile()
                0x00000000c00110b6                UnixFile::~UnixFile()
                0x00000000c00110de                ReservedFilename::~ReservedFilename()
                0x00000000c00110de                ReservedFilename::~ReservedFilename()
                0x00000000c0011102                ReservedFilename::~ReservedFilename()
                0x00000000c0011129                getFromFileDescriptor(int)
 .text          0x00000000c0011226      0xec7 core/virtmgr.32
                0x00000000c0011226                Virt::setPageState(unsigned long, Virt::VirtPageState)
                0x00000000c001125b                Virt::getPageState(unsigned long)
                0x00000000c001127f                Virt::allocateKernelVirtualPages(int)
                0x00000000c0011390                Virt::virtualMemorySetup()
                0x00000000c001140f                Virt::getAKernelVAS()
                0x00000000c0011415                Virt::setupPageSwapping(int)
                0x00000000c001153a                VAS::VAS()
                0x00000000c001153a                VAS::VAS()
                0x00000000c001156a                VAS::VAS(VAS*)
                0x00000000c001156a                VAS::VAS(VAS*)
                0x00000000c001158e                VAS::getForeignPageTableEntry(bool, unsigned long)
                0x00000000c00115ba                VAS::getPageTableEntry(unsigned long)
                0x00000000c00115d9                Virt::freeKernelVirtualPages(unsigned long)
                0x00000000c00116fc                VAS::freeAllocatedPages(unsigned long)
                0x00000000c0011720                VAS::virtualToPhysical(unsigned long)
                0x00000000c0011738                VAS::reflagRange(unsigned long, int, int, int)
                0x00000000c0011778                VAS::setToWriteCombining(unsigned long, int)
                0x00000000c00117b0                VAS::mapOtherVASIn(bool, VAS*)
                0x00000000c00117e6                VAS::~VAS()
                0x00000000c00117e6                VAS::~VAS()
                0x00000000c0011952                VAS::mapPage(unsigned long, unsigned long, int)
                0x00000000c0011a52                VAS::allocatePages(int, int)
                0x00000000c0011c22                VAS::setCPUSpecific(unsigned long)
                0x00000000c0011c3e                VAS::mapRange(unsigned long, unsigned long, int, int)
                0x00000000c0011d08                VAS::mapForeignPage(bool, VAS*, unsigned long, unsigned long, int)
                0x00000000c0011df6                VAS::VAS(bool)
                0x00000000c0011df6                VAS::VAS(bool)
                0x00000000c0012026                mapVASFirstTime
 .text          0x00000000c00120ed       0x93 coreobjs/c++.32
                0x00000000c00120ed                __cxa_atexit
                0x00000000c00120f0                __cxa_finalize
                0x00000000c00120f1                __stack_chk_fail
                0x00000000c0012151                __cxa_pure_virtual
                0x00000000c0012162                operator new(unsigned long)
                0x00000000c0012167                operator new[](unsigned long)
                0x00000000c001216c                operator delete(void*)
                0x00000000c0012171                operator delete(void*, unsigned long)
                0x00000000c0012176                operator delete[](void*)
                0x00000000c001217b                operator delete[](void*, unsigned long)
 .text          0x00000000c0012180      0x1ef dbg/kconsole.32
                0x00000000c0012180                Dbg::stringifyxWithBase(unsigned int, char*, int)
                0x00000000c00121e1                Dbg::logc(char)
                0x00000000c00121f8                Dbg::logs(char*)
                0x00000000c0012215                Dbg::logWriteInt(unsigned int)
                0x00000000c0012232                Dbg::logWriteIntBase(unsigned int, int)
                0x00000000c0012251                Dbg::kprintf(char const*, ...)
 *fill*         0x00000000c001236f        0x1 
 .text          0x00000000c0012370      0xb68 fs/vfs.32
                0x00000000c0012370                File::read(unsigned long long, void*, int*)
                0x00000000c00123c8                File::write(unsigned long long, void*, int*)
                0x00000000c0012420                Directory::read(unsigned long long, void*, int*)
                0x00000000c0012478                Directory::write(unsigned long long, void*, int*)
                0x00000000c00124a6                File::isAtty()
                0x00000000c00124aa                Directory::isAtty()
                0x00000000c00124ae                Filesystem::getlabel(LogicalDisk*, int, char*, unsigned int*)
                0x00000000c00124b4                Filesystem::setlabel(LogicalDisk*, int, char*)
                0x00000000c00124ba                File::~File()
                0x00000000c00124ba                File::~File()
                0x00000000c00124de                File::~File()
                0x00000000c0012508                Directory::~Directory()
                0x00000000c0012508                Directory::~Directory()
                0x00000000c001252c                Directory::~Directory()
                0x00000000c0012556                Filesystem::Filesystem()
                0x00000000c0012556                Filesystem::Filesystem()
                0x00000000c001257a                Filesystem::~Filesystem()
                0x00000000c001257a                Filesystem::~Filesystem()
                0x00000000c0012588                Filesystem::~Filesystem()
                0x00000000c00125ac                initVFS()
                0x00000000c00125d6                standardiseFiles(char*, char const*, char const*)
                0x00000000c0012780                File::File(char const*, Process*)
                0x00000000c0012780                File::File(char const*, Process*)
                0x00000000c00127e4                File::open(FileOpenMode)
                0x00000000c0012842                File::close()
                0x00000000c00128a2                File::seek(unsigned long long)
                0x00000000c00128f8                File::tell(unsigned long long*)
                0x00000000c0012948                File::rewind()
                0x00000000c001295c                File::unlink()
                0x00000000c00129a8                File::rename(char const*)
                0x00000000c00129f6                File::chfatattr(unsigned char, unsigned char)
                0x00000000c0012a52                File::exists()
                0x00000000c0012a90                File::stat(unsigned long long*, bool*)
                0x00000000c0012af1                getcwd(Process*, char*, int)
                0x00000000c0012b1b                setcwd(Process*, char*)
                0x00000000c0012c42                Directory::Directory(char const*, Process*)
                0x00000000c0012c42                Directory::Directory(char const*, Process*)
                0x00000000c0012ca6                Directory::open()
                0x00000000c0012d02                Directory::close()
                0x00000000c0012d62                Directory::unlink()
                0x00000000c0012dae                Directory::rename(char const*)
                0x00000000c0012dfc                Directory::exists()
                0x00000000c0012e3a                Directory::read(dirent*)
                0x00000000c0012e86                Directory::create()
                0x00000000c0012ed2                Filesystem::chfatattr(char const*, unsigned char, unsigned char)
 .text          0x00000000c0012ed8       0x84 hal/bus.32
                0x00000000c0012ed8                Bus::Bus(char const*)
                0x00000000c0012ed8                Bus::Bus(char const*)
                0x00000000c0012f0e                Bus::~Bus()
                0x00000000c0012f0e                Bus::~Bus()
                0x00000000c0012f32                Bus::~Bus()
 .text          0x00000000c0012f5c      0x14e hal/buzzer.32
                0x00000000c0012f5c                Buzzer::Buzzer(char const*)
                0x00000000c0012f5c                Buzzer::Buzzer(char const*)
                0x00000000c0012fa0                Buzzer::~Buzzer()
                0x00000000c0012fa0                Buzzer::~Buzzer()
                0x00000000c0012fc4                Buzzer::~Buzzer()
                0x00000000c0012fee                Buzzer::stop()
                0x00000000c0013001                beepThread(void*)
                0x00000000c001303c                Buzzer::beep(int, int, bool)
 .text          0x00000000c00130aa      0x42f hal/clock.32
                0x00000000c00130aa                loadClockSettings()
                0x00000000c00130c4                Clock::Clock(char const*)
                0x00000000c00130c4                Clock::Clock(char const*)
                0x00000000c00130fa                Clock::~Clock()
                0x00000000c00130fa                Clock::~Clock()
                0x00000000c001311e                Clock::~Clock()
                0x00000000c0013148                Clock::timeInSecondsLocal()
                0x00000000c0013190                Clock::setTimeInSecondsLocal(unsigned long long)
                0x00000000c00131e9                datetimeToSeconds(datetime_t)
                0x00000000c0013310                Clock::setTimeInDatetimeLocal(datetime_t)
                0x00000000c0013370                secondsToDatetime(unsigned long long)
                0x00000000c00134b4                Clock::timeInDatetimeLocal()
 *fill*         0x00000000c00134d9        0x1 
 .text          0x00000000c00134da      0x504 hal/device.32
                0x00000000c00134da                Device::hibernate()
                0x00000000c00134dc                Device::wake()
                0x00000000c00134de                Device::detect()
                0x00000000c00134e0                Device::disableLegacy()
                0x00000000c00134e2                Device::powerSaving(PowerSavingLevel)
                0x00000000c00134e4                DriverlessDevice::close(int, int, void*)
                0x00000000c00134e8                DriverlessDevice::detect()
                0x00000000c00134ea                DriverlessDevice::open(int, int, void*)
                0x00000000c00134fe                Device::~Device()
                0x00000000c00134fe                Device::~Device()
                0x00000000c001350c                Device::~Device()
                0x00000000c0013534                Device::findAndLoadDriver()
                0x00000000c0013536                Device::preOpenPCI(PCIDeviceInfo)
                0x00000000c001355c                Device::preOpenACPI(void*, char*, char*)
                0x00000000c00135b0                Device::addIRQHandler(int, void (*)(regs*, void*), bool, void*)
                0x00000000c001360e                Device::removeIRQHandler(int, void (*)(regs*, void*), bool)
                0x00000000c001365c                Device::addChild(Device*)
                0x00000000c00136a0                Device::removeAllChildren()
                0x00000000c00136e6                Device::hibernateAll()
                0x00000000c0013716                Device::wakeAll()
                0x00000000c0013746                Device::detectAll()
                0x00000000c0013776                Device::disableLegacyAll()
                0x00000000c00137a6                Device::loadDriversForAll()
                0x00000000c00137d2                Device::closeAll()
                0x00000000c0013808                Device::powerSavingAll(PowerSavingLevel)
                0x00000000c001383e                Device::setName(char const*)
                0x00000000c001384c                Device::Device(char const*)
                0x00000000c001384c                Device::Device(char const*)
                0x00000000c001393e                Device::getName()
                0x00000000c0013948                DriverlessDevice::DriverlessDevice(char const*)
                0x00000000c0013948                DriverlessDevice::DriverlessDevice(char const*)
                0x00000000c0013970                Device::addToLinkedList(LinkedList<Device>&, DeviceType)
                0x00000000c00139b4                getDevicesOfType(DeviceType)
 .text          0x00000000c00139de       0x84 hal/diskctrl.32
                0x00000000c00139de                HardDiskController::HardDiskController(char const*)
                0x00000000c00139de                HardDiskController::HardDiskController(char const*)
                0x00000000c0013a14                HardDiskController::~HardDiskController()
                0x00000000c0013a14                HardDiskController::~HardDiskController()
                0x00000000c0013a38                HardDiskController::~HardDiskController()
 .text          0x00000000c0013a62       0xde hal/diskphys.32
                0x00000000c0013a62                PhysicalDisk::PhysicalDisk(char const*, int)
                0x00000000c0013a62                PhysicalDisk::PhysicalDisk(char const*, int)
                0x00000000c0013aca                PhysicalDisk::startCache()
                0x00000000c0013af2                PhysicalDisk::~PhysicalDisk()
                0x00000000c0013af2                PhysicalDisk::~PhysicalDisk()
                0x00000000c0013b16                PhysicalDisk::~PhysicalDisk()
 .text          0x00000000c0013b40      0x14c hal/fpu.32
                0x00000000c0013b40                FPU::FPU(char const*)
                0x00000000c0013b40                FPU::FPU(char const*)
                0x00000000c0013b76                FPU::~FPU()
                0x00000000c0013b76                FPU::~FPU()
                0x00000000c0013b9a                FPU::~FPU()
                0x00000000c0013bc4                setupFPU()
 .text          0x00000000c0013c8c     0x130d hal/intctrl.32
                0x00000000c0013c8c                InterruptController::uninstallISRHandler(int, void (*)(regs*, void*))
                0x00000000c0013cc4                InterruptController::installISRHandler(int, void (*)(regs*, void*), void*)
                0x00000000c0013d16                doubleFault(regs*, void*)
                0x00000000c0013d30                InterruptController::installIRQHandler(int, void (*)(regs*, void*), bool, void*)
                0x00000000c0013dcc                InterruptController::clearAllHandlers(int, bool)
                0x00000000c0013e74                InterruptController::uninstallIRQHandler(int, void (*)(regs*, void*), bool)
                0x00000000c0013efb                nmiHandler(regs*, void*)
                0x00000000c0013f09                int_handler
                0x00000000c0013fa4                InterruptController::InterruptController(char const*)
                0x00000000c0013fa4                InterruptController::InterruptController(char const*)
                0x00000000c001404a                InterruptController::~InterruptController()
                0x00000000c001404a                InterruptController::~InterruptController()
                0x00000000c001406e                InterruptController::~InterruptController()
                0x00000000c0014098                displayDebugInfo(regs*)
                0x00000000c00144af                x87EmulHandler(regs*, void*)
                0x00000000c0014543                gpFault(regs*, void*)
                0x00000000c001457c                pgFault(regs*, void*)
                0x00000000c0014593                otherISRHandler(regs*, void*)
                0x00000000c00145b2                opcodeFault(regs*, void*)
                0x00000000c0014b6b                displayProgramFault(char const*)
                0x00000000c0014b93                setupInterruptController()
                0x00000000c0014f4c                InterruptController::convertLegacyIRQNumber(int)
 *fill*         0x00000000c0014f99        0x1 
 .text          0x00000000c0014f9a      0x620 hal/keybrd.32
                0x00000000c0014f9a                startGUI(void*)
                0x00000000c001500c                sendKeyToTerminal(unsigned char)
                0x00000000c0015078                sendKeyboardToken(KeyboardToken)
                0x00000000c0015453                clearInternalKeybuffer(VgaText*)
                0x00000000c0015488                readKeyboard(VgaText*, char*, unsigned long)
                0x00000000c0015530                Keyboard::Keyboard(char const*)
                0x00000000c0015530                Keyboard::Keyboard(char const*)
                0x00000000c001556c                Keyboard::~Keyboard()
                0x00000000c001556c                Keyboard::~Keyboard()
                0x00000000c0015590                Keyboard::~Keyboard()
 .text          0x00000000c00155ba      0x400 hal/logidisk.32
                0x00000000c00155ba                LogicalDisk::close(int, int, void*)
                0x00000000c00155be                LogicalDisk::~LogicalDisk()
                0x00000000c00155be                LogicalDisk::~LogicalDisk()
                0x00000000c00155e2                LogicalDisk::~LogicalDisk()
                0x00000000c001560c                LogicalDisk::open(int, int, void*)
                0x00000000c0015620                LogicalDisk::absoluteToRelative(unsigned long long)
                0x00000000c0015658                LogicalDisk::relativeToAbsolute(unsigned long long)
                0x00000000c001569e                LogicalDisk::LogicalDisk(char const*, PhysicalDisk*, unsigned long long, unsigned long long)
                0x00000000c001569e                LogicalDisk::LogicalDisk(char const*, PhysicalDisk*, unsigned long long, unsigned long long)
                0x00000000c0015754                LogicalDisk::assignDriveLetter()
                0x00000000c001580a                LogicalDisk::mount()
                0x00000000c001587c                LogicalDisk::unmount()
                0x00000000c001588c                LogicalDisk::unassignDriveLetter()
                0x00000000c00158e2                LogicalDisk::read(unsigned long long, int, void*)
                0x00000000c001594e                LogicalDisk::write(unsigned long long, int, void*)
 .text          0x00000000c00159ba       0x84 hal/mouse.32
                0x00000000c00159ba                Mouse::Mouse(char const*)
                0x00000000c00159ba                Mouse::Mouse(char const*)
                0x00000000c00159f0                Mouse::~Mouse()
                0x00000000c00159f0                Mouse::~Mouse()
                0x00000000c0015a14                Mouse::~Mouse()
 .text          0x00000000c0015a3e      0x339 hal/partition.32
                0x00000000c0015a3e                makePartition(PhysicalDisk*, unsigned long long, unsigned long long)
                0x00000000c0015ae6                createPartitionsForDisk(PhysicalDisk*)
 *fill*         0x00000000c0015d77        0x1 
 .text          0x00000000c0015d78      0x2e7 hal/timer.32
                0x00000000c0015d78                Timer::Timer(char const*)
                0x00000000c0015d78                Timer::Timer(char const*)
                0x00000000c0015dae                Timer::~Timer()
                0x00000000c0015dae                Timer::~Timer()
                0x00000000c0015dd2                Timer::~Timer()
                0x00000000c0015dfc                Timer::read()
                0x00000000c0015e07                timerHandler(unsigned long long)
                0x00000000c0015f3e                setupTimer(int)
 *fill*         0x00000000c001605f        0x1 
 .text          0x00000000c0016060      0x2d1 hal/vcache.32
                0x00000000c0016060                VCache::VCache(PhysicalDisk*)
                0x00000000c0016060                VCache::VCache(PhysicalDisk*)
                0x00000000c0016150                VCache::writeWriteBuffer()
                0x00000000c001618c                VCache::~VCache()
                0x00000000c001618c                VCache::~VCache()
                0x00000000c00161cc                VCache::~VCache()
                0x00000000c00161f4                VCache::write(unsigned long long, int, void*)
                0x00000000c00162d8                VCache::read(unsigned long long, int, void*)
 *fill*         0x00000000c0016331        0x1 
 .text          0x00000000c0016332      0x26d hal/video.32
                0x00000000c0016332                Video::putrect(int, int, int, int, unsigned int)
                0x00000000c001637c                Video::blit(unsigned int*, int, int, int, int)
                0x00000000c00163fa                Video::clearScreen(unsigned int)
                0x00000000c001642e                Video::putpixel(int, int, unsigned int)
                0x00000000c001643c                Video::Video(char const*)
                0x00000000c001643c                Video::Video(char const*)
                0x00000000c0016472                Video::~Video()
                0x00000000c0016472                Video::~Video()
                0x00000000c0016496                Video::~Video()
                0x00000000c00164c0                Video::isMonochrome()
                0x00000000c00164cc                Video::getWidth()
                0x00000000c00164d8                Video::getHeight()
                0x00000000c00164e4                Video::drawCursor(int, int, unsigned char*, int)
 *fill*         0x00000000c001659f        0x1 
 .text          0x00000000c00165a0      0xd04 hw/acpi.32
                0x00000000c00165a0                ACPI::close(int, int, void*)
                0x00000000c0016655                findRSDP()
                0x00000000c00166df                loadACPITables(unsigned char*)
                0x00000000c0016906                findRSDT(unsigned char*)
                0x00000000c0016a24                findDataTable(unsigned char*, char*)
                0x00000000c0016ac0                scanMADT()
                0x00000000c0016e54                ACPI::ACPI()
                0x00000000c0016e54                ACPI::ACPI()
                0x00000000c0016eb4                ACPI::getPCIIRQAssignment(unsigned char, unsigned short, unsigned char)
                0x00000000c0016f96                ACPI::registerPCIIRQAssignment(void*, unsigned short, unsigned char, unsigned char)
                0x00000000c001709c                ACPI::setScreenBrightnessLevel(void*, int)
                0x00000000c00170a2                ACPI::writeSimpleBootFlag(SimpleBootFlagTable*)
                0x00000000c00170ea                ACPI::open(int, int, void*)
                0x00000000c001728c                ACPI::sleep()
 .text          0x00000000c00172a4     0x17a9 hw/cpu.32
                0x00000000c00172a4                CPU::close(int, int, void*)
                0x00000000c00172a7                lookupAMDCPUName(unsigned char, unsigned char)
                0x00000000c001743b                lookupIntelCPUName(unsigned char, unsigned char)
                0x00000000c00176e9                AMD_K6_write_msr(unsigned int, unsigned int, unsigned int, REGS*)
                0x00000000c0017705                AMD_K6_read_msr(unsigned int, REGS*)
                0x00000000c001771d                AMD_K6_writeback(int, int, int)
                0x00000000c0017790                cpuid(int, unsigned long*, unsigned long*, unsigned long*, unsigned long*)
                0x00000000c0017813                cpuidCheckEDX(unsigned int)
                0x00000000c0017840                cpuidCheckECX(unsigned int)
                0x00000000c001786d                cpuidCheckExtendedEBX(unsigned int)
                0x00000000c001789a                cpuidCheckExtendedECX(unsigned int)
                0x00000000c00178c7                getCPUNumber()
                0x00000000c00178ca                thisCPU()
                0x00000000c00178de                CPU::CPU()
                0x00000000c00178de                CPU::CPU()
                0x00000000c001796c                CPU::displayFeatures()
                0x00000000c0017be8                CPU::detectFeatures()
                0x00000000c00185da                CPU::setupSMEP()
                0x00000000c00185f4                CPU::setupUMIP()
                0x00000000c001860c                CPU::setupTSC()
                0x00000000c0018624                CPU::setupLargePages()
                0x00000000c001863c                CPU::setupPAT()
                0x00000000c0018678                CPU::setupMTRR()
                0x00000000c001867a                CPU::setupGlobalPages()
                0x00000000c0018690                CPU::allowUsermodeDataAccess()
                0x00000000c00186a2                CPU::prohibitUsermodeDataAccess()
                0x00000000c00186b4                CPU::setupSMAP()
                0x00000000c00186da                CPU::setupFeatures()
                0x00000000c001877c                CPU::open(int, int, void*)
                0x00000000c0018852                CPU::decodeAddress(regs*, int*, bool*, unsigned char*)
 .text          0x00000000c0018a4d        0x0 hw/ports.32
 .text          0x00000000c0018a4d      0xc4f hw/x87em.32
                0x00000000c0018a4d                fpuInternalTo32(unsigned long long)
                0x00000000c0018a7f                fpuInternalTo64(unsigned long long)
                0x00000000c0018a9c                fpu32ToInternal(unsigned int)
                0x00000000c0018abb                fpu64ToInternal(unsigned long long)
                0x00000000c0018ad8                fpuFloatToLong(unsigned long long)
                0x00000000c0018b12                fpuULongToFloat(unsigned long long)
                0x00000000c0018b4e                fpuLongToFloat(long long)
                0x00000000c0018b8a                fpuGet0()
                0x00000000c0018b95                fpuGet1()
                0x00000000c0018ba0                fpuGetPi()
                0x00000000c0018bab                fpuGetLog2E()
                0x00000000c0018bcc                fpuGetLogE2()
                0x00000000c0018bed                fpuGetLog210()
                0x00000000c0018c0e                fpuGetLog102()
                0x00000000c0018c2f                fpuIsSecondLarger(unsigned long long, unsigned long long)
                0x00000000c0018c70                fpuAreEqual(unsigned long long, unsigned long long)
                0x00000000c0018cae                fpuUnorderedCompare(unsigned long long, unsigned long long)
                0x00000000c0018d66                fpuAdd(unsigned long long, unsigned long long)
                0x00000000c0018da1                fpuAbs(unsigned long long)
                0x00000000c0018dbe                fpuChs(unsigned long long)
                0x00000000c0018de2                fpuSub(unsigned long long, unsigned long long)
                0x00000000c0018e28                fpuMultiply(unsigned long long, unsigned long long)
                0x00000000c0018e6f                fpuDivide(unsigned long long, unsigned long long)
                0x00000000c0018ead                fpuSquare(unsigned long long)
                0x00000000c0018edb                fpuGetReg(int)
                0x00000000c0018f2e                fpuSetReg(int, unsigned long long)
                0x00000000c0018f9c                fpuPush(unsigned long long)
                0x00000000c0019033                fpuPop()
                0x00000000c00190c0                x87Handler(regs*)
 .text          0x00000000c001969c      0x338 krnl/panic.32
                0x00000000c001969c                Krnl::panic(char const*)
 .text          0x00000000c00199d4      0x503 reg/registry.32
                0x00000000c00199d4                Reg::findLineFromLoadedData(char*, char*, char*)
                0x00000000c0019b2c                Reg::getLineFromRegistry(char*, char*, char*, char*)
                0x00000000c0019c8b                Reg::getLine(char*, char*, char*)
                0x00000000c0019cc2                Reg::readInt(char*, char*, int*)
                0x00000000c0019dad                Reg::readString(char*, char*, char*, int)
                0x00000000c0019e2e                Reg::readBool(char*, char*, bool*)
                0x00000000c0019e53                Reg::readBoolWithDefault(char*, char*, bool)
                0x00000000c0019e7f                Reg::readIntWithDefault(char*, char*, int)
                0x00000000c0019eab                Reg::readStringWithDefault(char*, char*, char*, int, char*)
 .text          0x00000000c0019ed7       0x18 sys/sc_exit.32
                0x00000000c0019ed7                Sys::exit(regs*)
 .text          0x00000000c0019eef       0x95 sys/sc_loaddll.32
                0x00000000c0019eef                Sys::loadDLL(regs*)
 .text          0x00000000c0019f84       0x68 sys/sc_read.32
                0x00000000c0019f84                Sys::read(regs*)
 .text          0x00000000c0019fec       0x55 sys/sc_sbrk.32
                0x00000000c0019fec                Sys::sbrk(regs*)
 .text          0x00000000c001a041       0x68 sys/sc_write.32
                0x00000000c001a041                Sys::write(regs*)
 .text          0x00000000c001a0a9       0x1a sys/sc_yield.32
                0x00000000c001a0a9                Sys::yield(regs*)
 .text          0x00000000c001a0c3      0xf85 sys/syscalls.32
                0x00000000c001a0c3                sysCallGetPID(regs*)
                0x00000000c001a0cf                sysCallSeekDir(regs*)
                0x00000000c001a0d4                sysCallTellDir(regs*)
                0x00000000c001a0d9                sysCallVerify(regs*)
                0x00000000c001a0e3                sysCallFork(regs*)
                0x00000000c001a0ee                sysCallExecve(regs*)
                0x00000000c001a0f9                sysCallGetArgc(regs*)
                0x00000000c001a109                sysFormatDisk(regs*)
                0x00000000c001a173                sysSetDiskVolumeLabel(regs*)
                0x00000000c001a1b9                sysGetDiskVolumeLabel(regs*)
                0x00000000c001a20a                sysShutdown(regs*)
                0x00000000c001a268                sysCallGetCwd(regs*)
                0x00000000c001a287                sysCallSetCwd(regs*)
                0x00000000c001a2a3                sysCallRealpath(regs*)
                0x00000000c001a2e6                sysCallReadDir(regs*)
                0x00000000c001a374                sysCallIsATTY(regs*)
                0x00000000c001a3ce                sysCallSeek(regs*)
                0x00000000c001a437                sysCallTell(regs*)
                0x00000000c001a4b4                sysCallSizeFromFilename(regs*)
                0x00000000c001a565                sysCallSize(regs*)
                0x00000000c001a5e8                sysCallClose(regs*)
                0x00000000c001a670                sysCallOpenDir(regs*)
                0x00000000c001a6dd                sysCallMakeDir(regs*)
                0x00000000c001a736                sysCallCloseDir(regs*)
                0x00000000c001a79c                sysCallWait(regs*)
                0x00000000c001a7b6                sysCallRmdir(regs*)
                0x00000000c001a808                sysCallUnlink(regs*)
                0x00000000c001a85a                sysCallGetArgv(regs*)
                0x00000000c001a8a6                sysCallTTYName(regs*)
                0x00000000c001a929                sysCallGetEnv(regs*)
                0x00000000c001a97b                sysCallUSleep(regs*)
                0x00000000c001a9a2                sysCallSpawn(regs*)
                0x00000000c001a9fa                sysAppSettings(regs*)
                0x00000000c001ab19                sysSetFatAttrib(regs*)
                0x00000000c001ab79                sysPanic(regs*)
                0x00000000c001ab9f                sysPipe(regs*)
                0x00000000c001abe4                sysGetUnixTime(regs*)
                0x00000000c001abf8                string_ends_with(char const*, char const*)
                0x00000000c001ac40                sysCallOpen(regs*)
                0x00000000c001ae4d                setupSystemCalls()
                0x00000000c001b006                systemCall(regs*, void*)
 .text          0x00000000c001b048     0x11c7 thr/elf.32
                0x00000000c001b048                Thr::allocateMemoryForTask(Process*, File*, unsigned long, unsigned long, unsigned long)
                0x00000000c001b2c5                Thr::loadProgramIntoMemory(Process*, char const*)
                0x00000000c001b4db                Thr::runtimeReferenceHelper()
                0x00000000c001b4ee                Thr::getAddressOfKernelSymbol(char const*)
                0x00000000c001b53d                Thr::loadKernelSymbolTable(char const*)
                0x00000000c001b7fe                Thr::loadDriverIntoMemory(char const*, unsigned long, bool)
                0x00000000c001bf9c                Thr::getDriverBaseFromAddress(unsigned long)
                0x00000000c001bfce                Thr::getDriverNameFromAddress(unsigned long)
                0x00000000c001c005                Thr::getDriverOffsetFromAddress(unsigned long)
                0x00000000c001c01f                Thr::loadDLL(char const*, bool)
                0x00000000c001c1e5                Thr::executeDLL(unsigned long, void*)
 *fill*         0x00000000c001c20f        0x1 
 .text          0x00000000c001c210      0xfce thr/prcssthr.32
                0x00000000c001c210                changeTSS
                0x00000000c001c23e                Process::addArgs(char**)
                0x00000000c001c298                Process::Process(char const*, Process*, char**)
                0x00000000c001c298                Process::Process(char const*, Process*, char**)
                0x00000000c001c450                Process::Process(bool, char const*, Process*, char**)
                0x00000000c001c450                Process::Process(bool, char const*, Process*, char**)
                0x00000000c001c5d3                disableIRQs()
                0x00000000c001c5db                getIRQNestingLevel()
                0x00000000c001c5e1                enableIRQs()
                0x00000000c001c5f0                lockScheduler()
                0x00000000c001c5f2                unlockScheduler()
                0x00000000c001c5f4                userModeEntryPoint(void*)
                0x00000000c001c617                lockStuff()
                0x00000000c001c623                taskStartupFunction
                0x00000000c001c62c                updateTimeUsed()
                0x00000000c001c68a                switchToThread(ThreadControlBlock*)
                0x00000000c001c6da                Semaphore::Semaphore(int)
                0x00000000c001c6da                Semaphore::Semaphore(int)
                0x00000000c001c708                Mutex::Mutex()
                0x00000000c001c708                Mutex::Mutex()
                0x00000000c001c71a                Process::createThread(void (*)(void*), void*, int)
                0x00000000c001c7fe                Process::createUserThread()
                0x00000000c001c81a                setupMultitasking(void (*)())
                0x00000000c001c924                schedule()
                0x00000000c001c9a9                unlockStuff()
                0x00000000c001c9de                Semaphore::tryAcquire()
                0x00000000c001ca0c                Semaphore::assertLocked(char const*)
                0x00000000c001ca3c                blockTaskWithSchedulerLockAlreadyHeld(TaskState)
                0x00000000c001ca7e                blockTask(TaskState)
                0x00000000c001ca9f                waitTask(int, int*, int)
                0x00000000c001cae1                nanoSleepUntil(unsigned long long)
                0x00000000c001cb38                nanoSleep(unsigned long long)
                0x00000000c001cb4d                sleep(unsigned long long)
                0x00000000c001cb6a                Semaphore::acquire()
                0x00000000c001cbd2                taskReturned
                0x00000000c001cc00                unblockTask(ThreadControlBlock*)
                0x00000000c001ccaf                cleanupTerminatedTask(ThreadControlBlock*)
                0x00000000c001cf53                cleanerTaskFunction(void*)
                0x00000000c001d006                terminateTask(int)
                0x00000000c001d0e6                Thr::terminateFromIRQ(int)
                0x00000000c001d0f2                Semaphore::release()
 .text          0x00000000c001d1de      0x8bf vm86/vm8086.32
                0x00000000c001d1de                Vm::vm8086EntryPoint(void*)
                0x00000000c001d209                Vm::inbv(unsigned short)
                0x00000000c001d20f                Vm::outbv(unsigned short, unsigned char)
                0x00000000c001d219                Vm::realToLinear(unsigned short, unsigned short)
                0x00000000c001d229                Vm::getSegment(unsigned int)
                0x00000000c001d231                Vm::getOffset(unsigned int)
                0x00000000c001d236                Vm::loadFileAsThread(Process*, char const*, unsigned short, unsigned short, unsigned short, unsigned short)
                0x00000000c001d365                Vm::doISR(regs*, int, unsigned char*, unsigned short, unsigned short)
                0x00000000c001d3ef                Vm::readByteFromReal(unsigned short, unsigned short)
                0x00000000c001d400                Vm::readWordFromReal(unsigned short, unsigned short)
                0x00000000c001d412                Vm::readDwordFromReal(unsigned short, unsigned short)
                0x00000000c001d423                Vm::writeByteFromReal(unsigned short, unsigned short, unsigned char)
                0x00000000c001d438                Vm::writeWordFromReal(unsigned short, unsigned short, unsigned short)
                0x00000000c001d44e                Vm::writeDwordFromReal(unsigned short, unsigned short, unsigned int)
                0x00000000c001d463                Vm::faultHandler(regs*)
 *fill*         0x00000000c001da9d        0x1 
 .text          0x00000000c001da9e     0x10ed fs/fat/vfslink.32
                0x00000000c001da9e                FAT::getName()
                0x00000000c001daa4                FAT::tell(void*, unsigned long long*)
                0x00000000c001dad8                FAT::stat(void*, unsigned long long*)
                0x00000000c001db0c                FAT::~FAT()
                0x00000000c001db0c                FAT::~FAT()
                0x00000000c001db30                FAT::~FAT()
                0x00000000c001db58                FAT::getlabel(LogicalDisk*, int, char*, unsigned int*)
                0x00000000c001dbf6                FAT::setlabel(LogicalDisk*, int, char*)
                0x00000000c001dcb0                FAT::format(LogicalDisk*, int, char const*, int)
                0x00000000c001de94                FAT::tryMount(LogicalDisk*, int)
                0x00000000c001e09a                FAT::readDir(void*, unsigned long, void*, int*)
                0x00000000c001e1a0                FAT::read(void*, unsigned long, void*, int*)
                0x00000000c001e1fa                FAT::write(void*, unsigned long, void*, int*)
                0x00000000c001e254                FAT::close(void*)
                0x00000000c001e2a0                FAT::closeDir(void*)
                0x00000000c001e2ec                FAT::seek(void*, unsigned long long)
                0x00000000c001e340                fatWrapperReadDisk
                0x00000000c001e387                fatWrapperWriteDisk
                0x00000000c001e3ce                fatWrapperIoctl
                0x00000000c001e4d2                FAT::FAT()
                0x00000000c001e4d2                FAT::FAT()
                0x00000000c001e524                FAT::fixFilepath(char*)
                0x00000000c001e55c                FAT::open(char const*, void**, FileOpenMode)
                0x00000000c001e684                FAT::openDir(char const*, void**)
                0x00000000c001e72a                FAT::stat(char const*, unsigned long long*, bool*)
                0x00000000c001e814                FAT::unlink(char const*)
                0x00000000c001e88e                FAT::chfatattr(char const*, unsigned char, unsigned char)
                0x00000000c001e9e2                FAT::rename(char const*, char const*)
                0x00000000c001eaa6                FAT::mkdir(char const*)
                0x00000000c001eb20                FAT::exists(char const*)
 *fill*         0x00000000c001eb8b        0x1 
 .text          0x00000000c001eb8c      0xbdf fs/iso9660/vfslink.32
                0x00000000c001eb8c                ISO9660::format(LogicalDisk*, int, char const*, int)
                0x00000000c001eb92                ISO9660::seek(void*, unsigned long long)
                0x00000000c001ebc2                ISO9660::tell(void*, unsigned long long*)
                0x00000000c001ebe6                ISO9660::getName()
                0x00000000c001ebec                ISO9660::stat(void*, unsigned long long*)
                0x00000000c001ec10                ISO9660::chfatattr(char const*, unsigned char, unsigned char)
                0x00000000c001ec16                ISO9660::unlink(char const*)
                0x00000000c001ec1c                ISO9660::write(void*, unsigned long, void*, int*)
                0x00000000c001ec22                ISO9660::rename(char const*, char const*)
                0x00000000c001ec28                ISO9660::mkdir(char const*)
                0x00000000c001ec2e                ISO9660::close(void*)
                0x00000000c001ec50                ISO9660::closeDir(void*)
                0x00000000c001ec72                ISO9660::~ISO9660()
                0x00000000c001ec72                ISO9660::~ISO9660()
                0x00000000c001ec96                ISO9660::~ISO9660()
                0x00000000c001ecbd                __memmem(unsigned char*, int, unsigned char*, int)
                0x00000000c001ecff                readSectorFromCDROM(unsigned int, unsigned char*, char)
                0x00000000c001ed66                ISO9660::tryMount(LogicalDisk*, int)
                0x00000000c001edb6                ISO9660::read(void*, unsigned long, void*, int*)
                0x00000000c001effa                ISO9660::readDir(void*, unsigned long, void*, int*)
                0x00000000c001f287                readRoot(unsigned int*, unsigned int*, char)
                0x00000000c001f2dc                readRecursively(char*, unsigned int, unsigned int, unsigned int*, unsigned int*, char, int*)
                0x00000000c001f4af                getFileData(char*, unsigned int*, unsigned int*, char, int*)
                0x00000000c001f53e                ISO9660::open(char const*, void**, FileOpenMode)
                0x00000000c001f5d8                ISO9660::exists(char const*)
                0x00000000c001f5fc                ISO9660::stat(char const*, unsigned long long*, bool*)
                0x00000000c001f690                ISO9660::openDir(char const*, void**)
                0x00000000c001f748                ISO9660::ISO9660()
                0x00000000c001f748                ISO9660::ISO9660()
 *fill*         0x00000000c001f76b        0x1 
 .text          0x00000000c001f76c      0x326 hal/sound/sndchannel.32
                0x00000000c001f76c                SoundChannel::~SoundChannel()
                0x00000000c001f76c                SoundChannel::~SoundChannel()
                0x00000000c001f788                SoundChannel::setSpeed(float)
                0x00000000c001f794                SoundChannel::getSpeed()
                0x00000000c001f79c                SoundChannel::setVolume(int)
                0x00000000c001f7b8                SoundChannel::getVolume()
                0x00000000c001f7c0                SoundChannel::pause()
                0x00000000c001f7ca                SoundChannel::SoundChannel(int, int, int, int)
                0x00000000c001f7ca                SoundChannel::SoundChannel(int, int, int, int)
                0x00000000c001f920                SoundChannel::play()
                0x00000000c001f92a                SoundChannel::paused()
                0x00000000c001f932                SoundChannel::getSampleRate()
                0x00000000c001f93a                SoundChannel::getBits()
                0x00000000c001f942                SoundChannel::getBufferUsed()
                0x00000000c001f94a                SoundChannel::getBufferSize()
                0x00000000c001f952                SoundChannel::unbuffer(float*, int, int)
                0x00000000c001f9f2                SoundChannel::buffer8(unsigned char*, int)
 .text          0x00000000c001fa92      0x3d5 hal/sound/sndhw.32
                0x00000000c001fa92                SoundDevice::SoundDevice(char const*)
                0x00000000c001fa92                SoundDevice::SoundDevice(char const*)
                0x00000000c001fafe                SoundDevice::~SoundDevice()
                0x00000000c001fafe                SoundDevice::~SoundDevice()
                0x00000000c001fb78                SoundDevice::~SoundDevice()
                0x00000000c001fba2                SoundDevice::getFreeChannelNum()
                0x00000000c001fbbc                SoundDevice::addChannel(SoundChannel*)
                0x00000000c001fc2c                SoundDevice::removeChannel(int)
                0x00000000c001fc5e                SoundDevice::floatTo8(float*, unsigned char*, int)
                0x00000000c001fd46                SoundDevice::getAudio(int, float*, float*)
 .text          0x00000000c001fe67        0x0 hw/bus/isa.32
 *fill*         0x00000000c001fe67        0x1 
 .text          0x00000000c001fe68      0x6c1 hw/bus/pci.32
                0x00000000c001fe68                PCI::open(int, int, void*)
                0x00000000c001fe7c                PCI::close(int, int, void*)
                0x00000000c001fe80                PCI::PCI()
                0x00000000c001fe80                PCI::PCI()
                0x00000000c001ff00                PCI::pciReadWord(unsigned char, unsigned char, unsigned char, unsigned char)
                0x00000000c001ff48                PCI::getVendorID(unsigned char, unsigned char, unsigned char)
                0x00000000c001ff6a                PCI::getHeaderType(unsigned char, unsigned char, unsigned char)
                0x00000000c001ff8e                PCI::getClassCode(unsigned char, unsigned char, unsigned char)
                0x00000000c001ffd2                PCI::getProgIF(unsigned char, unsigned char, unsigned char)
                0x00000000c001fff6                PCI::getRevisionID(unsigned char, unsigned char, unsigned char)
                0x00000000c0020018                PCI::getInterruptNumber(unsigned char, unsigned char, unsigned char)
                0x00000000c002003a                PCI::getSecondaryBus(unsigned char, unsigned char, unsigned char)
                0x00000000c002005e                PCI::getBARAddress(unsigned char, unsigned char, unsigned char, unsigned char)
                0x00000000c00200be                PCI::pciWriteWord(unsigned char, unsigned char, unsigned char, unsigned char, unsigned short)
                0x00000000c002012a                PCI::checkBus(unsigned char)
                0x00000000c002014e                PCI::foundDevice(PCIDeviceInfo)
                0x00000000c00202be                PCI::getDeviceData(unsigned char, unsigned char, unsigned char)
                0x00000000c002046a                PCI::checkDevice(unsigned char, unsigned char)
                0x00000000c00204d6                PCI::detect()
 *fill*         0x00000000c0020529        0x1 
 .text          0x00000000c002052a      0xc70 hw/diskctrl/ide.32
                0x00000000c002052a                IDE::close(int, int, void*)
                0x00000000c002052e                IDE::IDE()
                0x00000000c002052e                IDE::IDE()
                0x00000000c0020562                IDE::prepareInterrupt(unsigned char)
                0x00000000c0020574                selectDrive(unsigned char, unsigned char)
                0x00000000c0020576                IDE::getBase(unsigned char)
                0x00000000c0020588                IDE::write(unsigned char, unsigned char, unsigned char)
                0x00000000c0020648                IDE::read(unsigned char, unsigned char)
                0x00000000c00206f6                IDE::waitInterrupt(unsigned char)
                0x00000000c002075c                ideChannel0IRQHandler(regs*, void*)
                0x00000000c0020778                ideChannel1IRQHandler(regs*, void*)
                0x00000000c0020794                IDE::enableIRQs(unsigned char, bool)
                0x00000000c00207da                IDE::open(int, int, void*)
                0x00000000c0020bea                IDE::readBuffer(unsigned char, unsigned char, unsigned int, unsigned int)
                0x00000000c0020cb6                IDE::detect()
                0x00000000c0020f9e                IDE::printError(unsigned char, unsigned char, unsigned char)
                0x00000000c0021134                IDE::polling(unsigned char, unsigned int)
 .text          0x00000000c002119a      0x62b hw/diskphys/ata.32
                0x00000000c002119a                ATA::close(int, int, void*)
                0x00000000c00211be                ATA::powerSaving(PowerSavingLevel)
                0x00000000c00211c0                ATA::ATA()
                0x00000000c00211c0                ATA::ATA()
                0x00000000c00211ee                ATA::flush(bool)
                0x00000000c0021238                ATA::readyForCommand()
                0x00000000c0021288                ATA::access(unsigned long long, int, void*, bool)
                0x00000000c0021606                ATA::read(unsigned long long, int, void*)
                0x00000000c002166e                ATA::write(unsigned long long, int, void*)
                0x00000000c00216d6                ATA::detectCHS()
                0x00000000c0021700                ATA::open(int, int, void*)
 *fill*         0x00000000c00217c5        0x1 
 .text          0x00000000c00217c6      0x5b3 hw/diskphys/atapi.32
                0x00000000c00217c6                ATAPI::write(unsigned long long, int, void*)
                0x00000000c00217cc                ATAPI::close(int, int, void*)
                0x00000000c00217f0                ATAPI::ATAPI()
                0x00000000c00217f0                ATAPI::ATAPI()
                0x00000000c002181e                ATAPI::readyForCommand()
                0x00000000c002186e                ATAPI::sendPacket(unsigned char*, int, bool, unsigned short*, int)
                0x00000000c0021b2e                ATAPI::diskRemoved()
                0x00000000c0021b4a                ATAPI::eject()
                0x00000000c0021b90                ATAPI::diskInserted()
                0x00000000c0021bbe                ATAPI::detectMedia()
                0x00000000c0021c7a                ATAPI::open(int, int, void*)
                0x00000000c0021cfa                ATAPI::read(unsigned long long, int, void*)
 *fill*         0x00000000c0021d79        0x1 
 .text          0x00000000c0021d7a       0x8e hw/fpu/avx.32
                0x00000000c0021d7a                AVX::open(int, int, void*)
                0x00000000c0021d8c                AVX::close(int, int, void*)
                0x00000000c0021d9e                AVX::available()
                0x00000000c0021db0                AVX::save(void*)
                0x00000000c0021dc8                AVX::load(void*)
                0x00000000c0021de0                AVX::AVX()
                0x00000000c0021de0                AVX::AVX()
 .text          0x00000000c0021e08       0x90 hw/fpu/mmx.32
                0x00000000c0021e08                MMX::available()
                0x00000000c0021e1c                MMX::open(int, int, void*)
                0x00000000c0021e2e                MMX::close(int, int, void*)
                0x00000000c0021e40                MMX::save(void*)
                0x00000000c0021e58                MMX::load(void*)
                0x00000000c0021e70                MMX::MMX()
                0x00000000c0021e70                MMX::MMX()
 .text          0x00000000c0021e98       0x96 hw/fpu/sse.32
                0x00000000c0021e98                SSE::open(int, int, void*)
                0x00000000c0021eaa                SSE::close(int, int, void*)
                0x00000000c0021ebc                SSE::available()
                0x00000000c0021ed6                SSE::save(void*)
                0x00000000c0021eee                SSE::load(void*)
                0x00000000c0021f06                SSE::SSE()
                0x00000000c0021f06                SSE::SSE()
 .text          0x00000000c0021f2e       0x8e hw/fpu/x87.32
                0x00000000c0021f2e                x87::open(int, int, void*)
                0x00000000c0021f40                x87::close(int, int, void*)
                0x00000000c0021f52                x87::available()
                0x00000000c0021f64                x87::save(void*)
                0x00000000c0021f7c                x87::load(void*)
                0x00000000c0021f94                x87::x87()
                0x00000000c0021f94                x87::x87()
 .text          0x00000000c0021fbc      0x5f3 hw/intctrl/apic.32
                0x00000000c0021fbc                APIC::disable()
                0x00000000c0021fbe                APIC::close(int, int, void*)
                0x00000000c0021fe0                IOAPIC::close(int, int, void*)
                0x00000000c0021fe6                APIC::io_wait()
                0x00000000c0021fec                APIC::getBase()
                0x00000000c002202e                APIC::eoi(unsigned char)
                0x00000000c002205c                APIC::open(int, int, void*)
                0x00000000c0022116                IOAPIC::IOAPIC()
                0x00000000c0022116                IOAPIC::IOAPIC()
                0x00000000c002213e                APIC::APIC()
                0x00000000c002213e                APIC::APIC()
                0x00000000c002220e                IOAPIC::handlesGSIWithNumber(unsigned int)
                0x00000000c0022240                IOAPIC::read(int)
                0x00000000c0022268                IOAPIC::open(int, int, void*)
                0x00000000c002235e                IOAPIC::write(int, int)
                0x00000000c002238a                IOAPIC::redirect(unsigned char, unsigned long long, unsigned char)
                0x00000000c0022444                APIC::installIRQHandler(int, void (*)(regs*, void*), bool, void*)
 *fill*         0x00000000c00225af        0x1 
 .text          0x00000000c00225b0      0x3d3 hw/intctrl/pic.32
                0x00000000c00225b0                PIC::disable()
                0x00000000c00225de                PIC::close(int, int, void*)
                0x00000000c0022600                PIC::PIC()
                0x00000000c0022600                PIC::PIC()
                0x00000000c00226d6                PIC::ioWait()
                0x00000000c00226dc                PIC::getIRQReg(int)
                0x00000000c0022746                PIC::eoi(unsigned char)
                0x00000000c00227d8                PIC::remap()
                0x00000000c0022944                PIC::open(int, int, void*)
 *fill*         0x00000000c0022983        0x1 
 .text          0x00000000c0022984      0x252 hw/timer/apictimer.32
                0x00000000c0022984                APICTimer::close(int, int, void*)
                0x00000000c002298a                apicTimerHandler(regs*, void*)
                0x00000000c00229b8                APICTimer::write(int)
                0x00000000c0022ab6                APICTimer::open(int, int, void*)
                0x00000000c0022bae                APICTimer::APICTimer()
                0x00000000c0022bae                APICTimer::APICTimer()
 .text          0x00000000c0022bd6      0x1a7 hw/timer/pit.32
                0x00000000c0022bd6                PIT::write(int)
                0x00000000c0022c54                pitHandler(regs*, void*)
                0x00000000c0022c80                PIT::open(int, int, void*)
                0x00000000c0022cce                PIT::close(int, int, void*)
                0x00000000c0022cfe                PIT::PIT()
                0x00000000c0022cfe                PIT::PIT()
 *fill*         0x00000000c0022d7d        0x3 
 .text          0x00000000c0022d80        0xa hw/fpu/x86/avx.32
                0x00000000c0022d80                avxDetect
                0x00000000c0022d86                avxSave
                0x00000000c0022d87                avxLoad
                0x00000000c0022d88                avxInit
                0x00000000c0022d89                avxClose
 *fill*         0x00000000c0022d8a        0x6 
 .text          0x00000000c0022d90       0x38 hw/fpu/x86/sse.32
                0x00000000c0022d90                sseDetect
                0x00000000c0022dab                sseSave
                0x00000000c0022db1                sseLoad
                0x00000000c0022db7                sseInit
                0x00000000c0022dc7                sseClose
 *fill*         0x00000000c0022dc8        0x8 
 .text          0x00000000c0022dd0       0x47 hw/fpu/x86/x87.32
                0x00000000c0022dd6                x87Detect
                0x00000000c0022df1                x87Save
                0x00000000c0022df7                x87Load
                0x00000000c0022dfc                x87Init
                0x00000000c0022e16                x87Close
 *fill*         0x00000000c0022e17        0x1 
 .text          0x00000000c0022e18       0x25 /cygdrive/d/Users/Alex/Desktop/Toolchain/Output/bin/../lib/gcc/i386-banana/8.1.0/crtend.o
 .text          0x00000000c0022e3d        0x0 crtn.32
 *fill*         0x00000000c0022e3d        0x3 
 .text          0x00000000c0022e40       0x71 /cygdrive/d/Users/Alex/Desktop/Toolchain/Output/bin/../lib/gcc/i386-banana/8.1.0/libkgcc.a(_fixunssfdi.o)
                0x00000000c0022e40                __fixunssfdi
 *fill*         0x00000000c0022eb1        0x3 
 .text          0x00000000c0022eb4       0x71 /cygdrive/d/Users/Alex/Desktop/Toolchain/Output/bin/../lib/gcc/i386-banana/8.1.0/libkgcc.a(_fixunsdfdi.o)
                0x00000000c0022eb4                __fixunsdfdi
 *fill*         0x00000000c0022f25        0x3 
 .text          0x00000000c0022f28       0x5d /cygdrive/d/Users/Alex/Desktop/Toolchain/Output/bin/../lib/gcc/i386-banana/8.1.0/libkgcc.a(_floatundisf.o)
                0x00000000c0022f28                __floatundisf
 *fill*         0x00000000c0022f85        0x3 
 .text          0x00000000c0022f88       0x3c /cygdrive/d/Users/Alex/Desktop/Toolchain/Output/bin/../lib/gcc/i386-banana/8.1.0/libkgcc.a(_floatundidf.o)
                0x00000000c0022f88                __floatundidf
 .text          0x00000000c0022fc4      0x14b /cygdrive/d/Users/Alex/Desktop/Toolchain/Output/bin/../lib/gcc/i386-banana/8.1.0/libkgcc.a(_divdi3.o)
                0x00000000c0022fc4                __divdi3
 *fill*         0x00000000c002310f        0x1 
 .text          0x00000000c0023110      0x17e /cygdrive/d/Users/Alex/Desktop/Toolchain/Output/bin/../lib/gcc/i386-banana/8.1.0/libkgcc.a(_moddi3.o)
                0x00000000c0023110                __moddi3
 *fill*         0x00000000c002328e        0x2 
 .text          0x00000000c0023290       0xff /cygdrive/d/Users/Alex/Desktop/Toolchain/Output/bin/../lib/gcc/i386-banana/8.1.0/libkgcc.a(_udivdi3.o)
                0x00000000c0023290                __udivdi3
 *fill*         0x00000000c002338f        0x1 
 .text          0x00000000c0023390      0x11a /cygdrive/d/Users/Alex/Desktop/Toolchain/Output/bin/../lib/gcc/i386-banana/8.1.0/libkgcc.a(_umoddi3.o)
                0x00000000c0023390                __umoddi3
 .text          0x00000000c00234aa      0x96d D:/Users/Alex/Desktop/Banana/kernel/libsoftfp.a(sfieeelib.o)
                0x00000000c00234aa                __addsf3
                0x00000000c00237ac                __subsf3
                0x00000000c00237c0                __negsf2
                0x00000000c00237cd                __mulsf3
                0x00000000c0023990                __divsf3
                0x00000000c0023bbb                __floatsisf
                0x00000000c0023c2f                __floatunsisf
                0x00000000c0023c71                __fixsfsi
                0x00000000c0023cd3                __fixunssfsi
                0x00000000c0023d04                __cmpsf2
                0x00000000c0023d99                __eqsf2
                0x00000000c0023dd4                __nesf2
                0x00000000c0023dd6                __gtsf2
                0x00000000c0023e11                __gesf2
                0x00000000c0023e13                __ltsf2
                0x00000000c0023e15                __lesf2
 .text          0x00000000c0023e17      0xf50 D:/Users/Alex/Desktop/Banana/kernel/libsoftfp.a(dfieeelib.o)
                0x00000000c0023e17                __adddf3
                0x00000000c0024468                __subdf3
                0x00000000c0024483                __negdf2
                0x00000000c0024494                __muldf3
                0x00000000c0024778                __divdf3
                0x00000000c0024af7                __floatsidf
                0x00000000c0024b52                __floatunsidf
                0x00000000c0024b90                __fixdfsi
                0x00000000c0024bfd                __fixunsdfsi
                0x00000000c0024c39                __cmpdf2
                0x00000000c0024d27                __eqdf2
                0x00000000c0024d43                __nedf2
                0x00000000c0024d45                __gtdf2
                0x00000000c0024d61                __gedf2
                0x00000000c0024d63                __ltdf2
                0x00000000c0024d65                __ledf2
 .text          0x00000000c0024d67      0x18d D:/Users/Alex/Desktop/Banana/kernel/libsoftfp.a(sfdfcvt.o)
                0x00000000c0024d67                __truncdfsf2
                0x00000000c0024e8b                __extendsfdf2
 *fill*         0x00000000c0024ef4        0xc 
 .text          0x00000000c0024f00       0x1e D:/Users/Alex/Desktop/Banana/kernel/libk/libm32.a(s_fabs.c.o)
                0x00000000c0024f00                fabs
 *fill*         0x00000000c0024f1e        0x2 
 .text          0x00000000c0024f20        0xc D:/Users/Alex/Desktop/Banana/kernel/libk/libm32.a(s_lrint.S.o)
                0x00000000c0024f20                lrint
 .text          0x00000000c0024f2c        0xc D:/Users/Alex/Desktop/Banana/kernel/libk/libm32.a(s_lrintf.S.o)
                0x00000000c0024f2c                lrintf
 *(.gnu.linkonce.t*)

.iplt           0x00000000c0024f38        0x0
 .iplt          0x00000000c0024f38        0x0 D:/Users/Alex/Desktop/Banana/kernel/boot.32

.init           0x00000000c0024f38        0xf
 .init          0x00000000c0024f38        0x3 crti.32
                0x00000000c0024f38                _init
 .init          0x00000000c0024f3b        0x5 /cygdrive/d/Users/Alex/Desktop/Toolchain/Output/bin/../lib/gcc/i386-banana/8.1.0/crtbegin.o
 .init          0x00000000c0024f40        0x5 /cygdrive/d/Users/Alex/Desktop/Toolchain/Output/bin/../lib/gcc/i386-banana/8.1.0/crtend.o
 .init          0x00000000c0024f45        0x2 crtn.32

.fini           0x00000000c0024f47        0xa
 .fini          0x00000000c0024f47        0x3 crti.32
                0x00000000c0024f47                _fini
 .fini          0x00000000c0024f4a        0x5 /cygdrive/d/Users/Alex/Desktop/Toolchain/Output/bin/../lib/gcc/i386-banana/8.1.0/crtbegin.o
 .fini          0x00000000c0024f4f        0x2 crtn.32

.text._ZN8ComputerD2Ev
                0x00000000c0024f52       0x23
 .text._ZN8ComputerD2Ev
                0x00000000c0024f52       0x23 core/computer.32
                0x00000000c0024f52                Computer::~Computer()
                0x00000000c0024f52                Computer::~Computer()

.text._ZN8ComputerD0Ev
                0x00000000c0024f76       0x2a
 .text._ZN8ComputerD0Ev
                0x00000000c0024f76       0x2a core/computer.32
                0x00000000c0024f76                Computer::~Computer()

.text._Z10idleCommonv
                0x00000000c0024fa0       0x15
 .text._Z10idleCommonv
                0x00000000c0024fa0       0x15 core/idle.32
                0x00000000c0024fa0                idleCommon()

.text._ZN3CPU7readCR3Ev
                0x00000000c0024fb5       0x12
 .text._ZN3CPU7readCR3Ev
                0x00000000c0024fb5       0x12 core/kheap.32
                0x00000000c0024fb5                CPU::readCR3()

.text._ZN3CPU8writeCR3Em
                0x00000000c0024fc7        0x9
 .text._ZN3CPU8writeCR3Em
                0x00000000c0024fc7        0x9 core/kheap.32
                0x00000000c0024fc7                CPU::writeCR3(unsigned long)

.text._ZN10LinkedListI8UnixFileED2Ev
                0x00000000c0024fd0        0x2
 .text._ZN10LinkedListI8UnixFileED2Ev
                0x00000000c0024fd0        0x2 core/unixfile.32
                0x00000000c0024fd0                LinkedList<UnixFile>::~LinkedList()
                0x00000000c0024fd0                LinkedList<UnixFile>::~LinkedList()

.text._ZN10LinkedListI8UnixFileEC2Ev
                0x00000000c0024fd2       0x58
 .text._ZN10LinkedListI8UnixFileEC2Ev
                0x00000000c0024fd2       0x58 core/unixfile.32
                0x00000000c0024fd2                LinkedList<UnixFile>::LinkedList()
                0x00000000c0024fd2                LinkedList<UnixFile>::LinkedList()

.text._ZN10LinkedListI8UnixFileE10addElementEPS0_
                0x00000000c002502a       0xd3
 .text._ZN10LinkedListI8UnixFileE10addElementEPS0_
                0x00000000c002502a       0xd3 core/unixfile.32
                0x00000000c002502a                LinkedList<UnixFile>::addElement(UnixFile*)

.text._ZN10LinkedListI8UnixFileE15getFirstElementEv
                0x00000000c00250fe        0x7
 .text._ZN10LinkedListI8UnixFileE15getFirstElementEv
                0x00000000c00250fe        0x7 core/unixfile.32
                0x00000000c00250fe                LinkedList<UnixFile>::getFirstElement()

.text._ZN10LinkedListI8UnixFileE11removeFirstEv
                0x00000000c0025106       0xa1
 .text._ZN10LinkedListI8UnixFileE11removeFirstEv
                0x00000000c0025106       0xa1 core/unixfile.32
                0x00000000c0025106                LinkedList<UnixFile>::removeFirst()

.text._ZN10LinkedListI8UnixFileE7getNextEPS0_
                0x00000000c00251a8        0x8
 .text._ZN10LinkedListI8UnixFileE7getNextEPS0_
                0x00000000c00251a8        0x8 core/unixfile.32
                0x00000000c00251a8                LinkedList<UnixFile>::getNext(UnixFile*)

.text._ZN16DriverlessDeviceD2Ev
                0x00000000c00251b0       0x1a
 .text._ZN16DriverlessDeviceD2Ev
                0x00000000c00251b0       0x1a hal/device.32
                0x00000000c00251b0                DriverlessDevice::~DriverlessDevice()
                0x00000000c00251b0                DriverlessDevice::~DriverlessDevice()

.text._ZN16DriverlessDeviceD0Ev
                0x00000000c00251ca       0x2a
 .text._ZN16DriverlessDeviceD0Ev
                0x00000000c00251ca       0x2a hal/device.32
                0x00000000c00251ca                DriverlessDevice::~DriverlessDevice()

.text._ZN10LinkedListI6DeviceE10addElementEPS0_
                0x00000000c00251f4       0xdc
 .text._ZN10LinkedListI6DeviceE10addElementEPS0_
                0x00000000c00251f4       0xdc hal/device.32
                0x00000000c00251f4                LinkedList<Device>::addElement(Device*)

.text._ZN10LinkedListI6DeviceEC2Ev
                0x00000000c00252d0       0x58
 .text._ZN10LinkedListI6DeviceEC2Ev
                0x00000000c00252d0       0x58 hal/device.32
                0x00000000c00252d0                LinkedList<Device>::LinkedList()
                0x00000000c00252d0                LinkedList<Device>::LinkedList()

.text._ZN3CPU7readCR0Ev
                0x00000000c0025328       0x12
 .text._ZN3CPU7readCR0Ev
                0x00000000c0025328       0x12 hal/fpu.32
                0x00000000c0025328                CPU::readCR0()

.text._ZN3CPU8writeCR0Em
                0x00000000c002533a        0x9
 .text._ZN3CPU8writeCR0Em
                0x00000000c002533a        0x9 hal/fpu.32
                0x00000000c002533a                CPU::writeCR0(unsigned long)

.text._ZN3CPU7readDR0Ev
                0x00000000c0025343       0x12
 .text._ZN3CPU7readDR0Ev
                0x00000000c0025343       0x12 hal/intctrl.32
                0x00000000c0025343                CPU::readDR0()

.text._ZN3CPU7readDR1Ev
                0x00000000c0025355       0x12
 .text._ZN3CPU7readDR1Ev
                0x00000000c0025355       0x12 hal/intctrl.32