Archive member included to satisfy reference by file (symbol)

/cygdrive/d/Users/Alex/Desktop/Toolchain/Output/bin/../lib/gcc/i386-banana/8.1.0/libkgcc.a(_divdi3.o)
                              krnl/resolve.32 (__divdi3)
/cygdrive/d/Users/Alex/Desktop/Toolchain/Output/bin/../lib/gcc/i386-banana/8.1.0/libkgcc.a(_moddi3.o)
                              krnl/resolve.32 (__moddi3)
/cygdrive/d/Users/Alex/Desktop/Toolchain/Output/bin/../lib/gcc/i386-banana/8.1.0/libkgcc.a(_udivdi3.o)
                              hal/clock.32 (__udivdi3)
/cygdrive/d/Users/Alex/Desktop/Toolchain/Output/bin/../lib/gcc/i386-banana/8.1.0/libkgcc.a(_umoddi3.o)
                              core/pipe.32 (__umoddi3)

Allocating common symbols
Common symbol       size              file

dcache              0x40              fs/iso9660/iso9660.32
cdDriveLetter       0x1               fs/iso9660/iso9660.32
icache              0x40              fs/iso9660/iso9660.32

Discarded input sections

 .comment       0x0000000000000000       0x12 /cygdrive/d/Users/Alex/Desktop/Toolchain/Output/bin/../lib/gcc/i386-banana/8.1.0/crtbegin.o
 .comment       0x0000000000000000       0x12 acpica/utclib.32
 .comment       0x0000000000000000       0x12 core/malloc.32
 .comment       0x0000000000000000       0x12 libk/ctype.32
 .comment       0x0000000000000000       0x12 libk/string.32
 .comment       0x0000000000000000       0x12 fs/fat/diskio.32
 .comment       0x0000000000000000       0x12 fs/fat/ff.32
 .comment       0x0000000000000000       0x12 fs/fat/ffsystem.32
 .comment       0x0000000000000000       0x12 fs/fat/ffunicode.32
 .comment       0x0000000000000000       0x12 fs/iso9660/iso9660.32
 .group         0x0000000000000000       0x14 core/computer.32
 .group         0x0000000000000000        0xc core/computer.32
 .comment       0x0000000000000000       0x12 core/computer.32
 .comment       0x0000000000000000       0x12 core/gdt.32
 .group         0x0000000000000000        0xc core/idle.32
 .comment       0x0000000000000000       0x12 core/idle.32
 .comment       0x0000000000000000       0x12 core/idt.32
 .comment       0x0000000000000000       0x12 core/kheap.32
 .comment       0x0000000000000000       0x12 core/main.32
 .comment       0x0000000000000000       0x12 core/physmgr.32
 .group         0x0000000000000000        0xc core/pipe.32
 .comment       0x0000000000000000       0x12 core/pipe.32
 .group         0x0000000000000000        0xc core/terminal.32
 .comment       0x0000000000000000       0x12 core/terminal.32
 .comment       0x0000000000000000       0x12 core/tss.32
 .group         0x0000000000000000        0xc core/unixfile.32
 .group         0x0000000000000000        0xc core/unixfile.32
 .group         0x0000000000000000        0xc core/unixfile.32
 .group         0x0000000000000000        0xc core/unixfile.32
 .group         0x0000000000000000        0xc core/unixfile.32
 .group         0x0000000000000000        0xc core/unixfile.32
 .group         0x0000000000000000        0xc core/unixfile.32
 .group         0x0000000000000000        0xc core/unixfile.32
 .comment       0x0000000000000000       0x12 core/unixfile.32
 .comment       0x0000000000000000       0x12 core/virtmgr.32
 .comment       0x0000000000000000       0x12 coreobjs/c++.32
 .comment       0x0000000000000000       0x12 dbg/kconsole.32
 .comment       0x0000000000000000       0x12 dbg/usban.32
 .group         0x0000000000000000        0xc fs/vfs.32
 .group         0x0000000000000000        0xc fs/vfs.32
 .group         0x0000000000000000        0xc fs/vfs.32
 .comment       0x0000000000000000       0x12 fs/vfs.32
 .group         0x0000000000000000        0xc hal/bus.32
 .comment       0x0000000000000000       0x12 hal/bus.32
 .comment       0x0000000000000000       0x12 hal/buzzer.32
 .group         0x0000000000000000        0xc hal/clock.32
 .comment       0x0000000000000000       0x12 hal/clock.32
 .group         0x0000000000000000       0x14 hal/device.32
 .group         0x0000000000000000        0xc hal/device.32
 .group         0x0000000000000000        0xc hal/device.32
 .group         0x0000000000000000        0xc hal/device.32
 .group         0x0000000000000000        0xc hal/device.32
 .comment       0x0000000000000000       0x12 hal/device.32
 .group         0x0000000000000000        0xc hal/diskctrl.32
 .comment       0x0000000000000000       0x12 hal/diskctrl.32
 .group         0x0000000000000000        0xc hal/diskphys.32
 .comment       0x0000000000000000       0x12 hal/diskphys.32
 .comment       0x0000000000000000       0x12 hal/fpu.32
 .comment       0x0000000000000000       0x12 hal/intctrl.32
 .group         0x0000000000000000        0xc hal/keybrd.32
 .comment       0x0000000000000000       0x12 hal/keybrd.32
 .group         0x0000000000000000        0xc hal/logidisk.32
 .comment       0x0000000000000000       0x12 hal/logidisk.32
 .group         0x0000000000000000        0xc hal/mouse.32
[...]
Memory Configuration

Name             Origin             Length             Attributes
*default*        0x0000000000000000 0xffffffffffffffff

Linker script and memory map

LOAD D:/Users/Alex/Desktop/Banana/kernel/boot.32
LOAD crti.32
LOAD /cygdrive/d/Users/Alex/Desktop/Toolchain/Output/bin/../lib/gcc/i386-banana/8.1.0/crtbegin.o
LOAD D:/Users/Alex/Desktop/Banana/kernel/morenasm.32
LOAD acpica/utclib.32
LOAD core/malloc.32
LOAD libk/ctype.32
LOAD libk/string.32
LOAD fs/fat/diskio.32
LOAD fs/fat/ff.32
LOAD fs/fat/ffsystem.32
LOAD fs/fat/ffunicode.32
LOAD fs/iso9660/iso9660.32
LOAD core/computer.32
LOAD core/gdt.32
LOAD core/idle.32
LOAD core/idt.32
LOAD core/kheap.32
LOAD core/main.32
LOAD core/physmgr.32
LOAD core/pipe.32
LOAD core/terminal.32
LOAD core/tss.32
LOAD core/unixfile.32
LOAD core/virtmgr.32
LOAD coreobjs/c++.32
LOAD dbg/kconsole.32
LOAD dbg/usban.32
LOAD fs/vfs.32
LOAD hal/bus.32
LOAD hal/buzzer.32
LOAD hal/clock.32
LOAD hal/device.32
LOAD hal/diskctrl.32
LOAD hal/diskphys.32
LOAD hal/fpu.32
LOAD hal/intctrl.32
LOAD hal/keybrd.32
LOAD hal/logidisk.32
LOAD hal/mouse.32
LOAD hal/nic.32
LOAD hal/partition.32
LOAD hal/serial.32
LOAD hal/timer.32
LOAD hal/vcache.32
LOAD hal/video.32
LOAD hw/acpi.32
LOAD hw/cpu.32
LOAD krnl/bootmsg.32
LOAD krnl/env.32
LOAD krnl/inlines.32
LOAD krnl/panic.32
LOAD krnl/powctrl.32
LOAD krnl/random.32
LOAD krnl/resolve.32
LOAD krnl/signal.32
LOAD krnl/syscalls.32
LOAD net/ethernet.32
LOAD reg/cm.32
LOAD reg/registry.32
LOAD sys/eject.32
LOAD sys/exit.32
LOAD sys/getcwd.32
LOAD sys/getpid.32
LOAD sys/getramdata.32
LOAD sys/getvgaptr.32
LOAD sys/kill.32
LOAD sys/loaddll.32
LOAD sys/read.32
LOAD sys/registersignal.32
LOAD sys/registry.32
LOAD sys/sbrk.32
LOAD sys/setcwd.32
LOAD sys/settime.32
LOAD sys/timezone.32
LOAD sys/write.32
LOAD sys/wsbe.32
LOAD sys/yield.32
LOAD thr/elf.32
LOAD thr/prcssthr.32
LOAD vm86/vm8086.32
LOAD arch/i386/hal.32
LOAD arch/i386/pic.32
LOAD arch/i386/rtc.32
LOAD arch/i386/vga.32
LOAD fs/fat/vfslink.32
LOAD fs/iso9660/helper.32
LOAD fs/iso9660/vfslink.32
LOAD hal/sound/sndcard.32
LOAD hal/sound/sndport.32
LOAD hw/bus/isa.32
LOAD hw/bus/pci.32
LOAD hw/diskctrl/ide.32
LOAD hw/diskctrl/satabus.32
LOAD hw/diskphys/ata.32
LOAD hw/diskphys/atapi.32
LOAD hw/diskphys/sata.32
LOAD hw/diskphys/satapi.32
LOAD hw/intctrl/apic.32
LOAD hw/timer/apictimer.32
LOAD hw/timer/pit.32
LOAD arch/i386/avx.32
LOAD arch/i386/interrupt.32
LOAD arch/i386/rdrand.32
LOAD arch/i386/sse.32
LOAD arch/i386/x87.32
LOAD /cygdrive/d/Users/Alex/Desktop/Toolchain/Output/bin/../lib/gcc/i386-banana/8.1.0/crtend.o
LOAD crtn.32
LOAD /cygdrive/d/Users/Alex/Desktop/Toolchain/Output/bin/../lib/gcc/i386-banana/8.1.0/libkgcc.a
LOAD D:/Users/Alex/Desktop/Banana/kernel/libsoftfp.a
LOAD D:/Users/Alex/Desktop/Banana/kernel/libk/libm32.a
                0x00000000c0000000                . = 0xc0000000

.text           0x00000000c0000000    0x70d4a
 *(.text)
 .text          0x00000000c0000000       0x20 D:/Users/Alex/Desktop/Banana/kernel/boot.32
 .text          0x00000000c0000020        0x0 crti.32
 .text          0x00000000c0000020      0x101 /cygdrive/d/Users/Alex/Desktop/Toolchain/Output/bin/../lib/gcc/i386-banana/8.1.0/crtbegin.o
 *fill*         0x00000000c0000121        0xf 
 .text          0x00000000c0000130      0x24f D:/Users/Alex/Desktop/Banana/kernel/morenasm.32
                0x00000000c0000130                manualPCIProbe
                0x00000000c000017b                prepareTramp
                0x00000000c0000194                doTPAUSE
                0x00000000c000019e                hasLegacyFPU
                0x00000000c00001c3                is486
                0x00000000c00001f9                detectCPUID
                0x00000000c000020f                goToVM86
                0x00000000c000023f                goToUsermode
                0x00000000c0000269                switchToThreadASMFirstTime
                0x00000000c0000277                switchToThreadASM
                0x00000000c00002fc                asmQuickAcquireLock
                0x00000000c000031a                asmQuickReleaseLock
                0x00000000c0000326                asmAcquireLock
                0x00000000c0000347                asmReleaseLock
                0x00000000c000035a                loadGDT
                0x00000000c000037a                memcpy
 *fill*         0x00000000c000037f        0x1 
 .text          0x00000000c0000380     0x1d37 acpica/utclib.32
                0x00000000c0000380                memcmp
                0x00000000c0000520                memmove
                0x00000000c00007a0                memset
                0x00000000c0000830                strlen
                0x00000000c00008d0                strpbrk
                0x00000000c0000a50                strtok
                0x00000000c0000b70                strcpy
                0x00000000c0000cb0                strncpy
                0x00000000c0000ff0                strcmp
                0x00000000c0001190                strchr
                0x00000000c0001240                strncmp
                0x00000000c0001430                strcat
                0x00000000c0001590                strncat
                0x00000000c0001770                strstr
                0x00000000c0001800                toupper
                0x00000000c0001890                tolower
                0x00000000c0001920                simple_strtoul
 .text          0x00000000c00020b7     0x4f41 core/malloc.32
                0x00000000c0002bae                dlfree
                0x00000000c0003b72                dlmalloc
                0x00000000c00056d7                dlrealloc
                0x00000000c0006202                dlmemalign
                0x00000000c00066d2                dlcalloc
                0x00000000c00069c0                dlcfree
                0x00000000c00069c5                dlindependent_calloc
                0x00000000c00069ea                dlindependent_comalloc
                0x00000000c0006a01                dlvalloc
                0x00000000c0006a2c                dlpvalloc
                0x00000000c0006a62                dlmalloc_trim
                0x00000000c0006a75                dlmalloc_usable_size
                0x00000000c0006b9d                dlmallinfo
                0x00000000c0006f58                dlmalloc_stats
                0x00000000c0006f6c                dlmallopt
 .text          0x00000000c0006ff8      0x1f2 libk/ctype.32
                0x00000000c0006ff8                isblank
                0x00000000c0007018                iscntrl
                0x00000000c0007038                isdigit
                0x00000000c0007054                islower
                0x00000000c0007070                isspace
                0x00000000c0007098                isupper
                0x00000000c00070b4                isalpha
                0x00000000c00070e4                isalnum
                0x00000000c0007114                ispunct
                0x00000000c0007154                isgraph
                0x00000000c0007184                isprint
                0x00000000c00071ac                isxdigit
 .text          0x00000000c00071ea        0x0 libk/string.32
 .text          0x00000000c00071ea      0x1c8 fs/fat/diskio.32
                0x00000000c00071ea                disk_status
                0x00000000c00071ed                disk_initialize
                0x00000000c00071f0                disk_read
                0x00000000c000728b                disk_write
                0x00000000c0007326                disk_ioctl
 .text          0x00000000c00073b2     0xc2a5 fs/fat/ff.32
                0x00000000c000dbe3                f_mount
                0x00000000c000dd5d                f_open
                0x00000000c000e4f6                f_read
                0x00000000c000ee43                f_write
                0x00000000c000f954                f_sync
                0x00000000c000fca6                f_close
                0x00000000c000fd0f                f_lseek
                0x00000000c0010515                f_opendir
                0x00000000c0010721                f_closedir
                0x00000000c001077d                f_readdir
                0x00000000c0010865                f_stat
                0x00000000c0010919                f_getfree
                0x00000000c0010cd6                f_truncate
                0x00000000c00110a3                f_unlink
                0x00000000c00111f0                f_mkdir
                0x00000000c0011623                f_rename
                0x00000000c0011946                f_chmod
                0x00000000c0011a9e                f_utime
                0x00000000c0011c3c                f_getlabel
                0x00000000c0011f6e                f_setlabel
                0x00000000c00122dd                f_expand
                0x00000000c0012745                f_mkfs
 *fill*         0x00000000c0013657        0x1 
 .text          0x00000000c0013658       0x2f fs/fat/ffsystem.32
                0x00000000c0013658                ff_memalloc
                0x00000000c0013670                ff_memfree
 *fill*         0x00000000c0013687        0x1 
 .text          0x00000000c0013688      0x4ea fs/fat/ffunicode.32
                0x00000000c0013688                ff_uni2oem
                0x00000000c0013790                ff_oem2uni
                0x00000000c001386c                ff_wtoupper
 .text          0x00000000c0013b72     0x4b94 fs/iso9660/iso9660.32
                0x00000000c00148a6                isoReadDiscSector
                0x00000000c0014aaf                strnicmp
                0x00000000c00151b6                stricmp
                0x00000000c0015286                iso_open
                0x00000000c0015605                iso_close
                0x00000000c0015693                iso_read
                0x00000000c0015e6b                iso_seek
                0x00000000c00164af                iso_tell
                0x00000000c0016650                iso_total
                0x00000000c00167ed                fn_postprocess
                0x00000000c0016877                iso_readdir
                0x00000000c0017fa4                iso_reset
                0x00000000c0017fc1                init_percd
                0x00000000c0018393                iso_ioctl
                0x00000000c00183ab                fs_iso9660_init
                0x00000000c00185de                fs_iso9660_shutdown
 *fill*         0x00000000c0018706        0x2 
 .text          0x00000000c0018708     0x1cd6 core/computer.32
                0x00000000c0018708                Computer::close(int, int, void*)
                0x00000000c00188c4                Krnl::firstTask()
                0x00000000c0018c10                Computer::Computer()
                0x00000000c0018c10                Computer::Computer()
                0x00000000c00190e0                Computer::setBootMessage(char const*)
                0x00000000c00190e4                Computer::detectFeatures()
                0x00000000c0019b28                Computer::displayFeatures()
                0x00000000c0019b2c                Computer::rdmsr(unsigned int)
                0x00000000c0019ba4                Computer::wrmsr(unsigned int, unsigned long long)
                0x00000000c0019c24                Computer::shutdown()
                0x00000000c0019cbc                Computer::restart()
                0x00000000c0019d54                Computer::sleep()
                0x00000000c0019dd4                Computer::nmiEnabled()
                0x00000000c0019e18                Computer::readCMOS(unsigned char)
                0x00000000c0019e78                Computer::enableNMI(bool)
                0x00000000c0019f14                Computer::open(int, int, void*)
                0x00000000c001a2c8                Computer::disableNMI()
                0x00000000c001a300                Computer::writeCMOS(unsigned char, unsigned char)
                0x00000000c001a368                Computer::handleNMI()
 .text          0x00000000c001a3de      0x50f core/gdt.32
                0x00000000c001a3de                GDTEntry::setBase(unsigned int)
                0x00000000c001a46e                GDTEntry::setLimit(unsigned int)
                0x00000000c001a4dc                GDT::GDT()
                0x00000000c001a4dc                GDT::GDT()
                0x00000000c001a562                GDT::addEntry(GDTEntry)
                0x00000000c001a63e                GDT::getNumberOfEntries()
                0x00000000c001a666                GDT::flush()
                0x00000000c001a6d4                GDT::setup()
 .text          0x00000000c001a8ed       0x38 core/idle.32
                0x00000000c001a8ed                idleFunction(void*)
 *fill*         0x00000000c001a925        0x3 
 .text          0x00000000c001a928      0xcf0 core/idt.32
                0x00000000c001a928                IDTEntry::IDTEntry(bool)
                0x00000000c001a928                IDTEntry::IDTEntry(bool)
                0x00000000c001ab94                IDTEntry::setOffset(unsigned int)
                0x00000000c001abf8                IDT::IDT()
                0x00000000c001abf8                IDT::IDT()
                0x00000000c001ac2a                IDT::getPointerToInvalidOpcodeEntryForF00F()
                0x00000000c001ac6a                IDT::addEntry(IDTEntry, int)
                0x00000000c001acd0                IDT::addEntry(int, void (*)(), bool)
                0x00000000c001ad2c                IDT::flush()
                0x00000000c001ad6a                IDT::setup()
 .text          0x00000000c001b618      0x2a5 core/kheap.32
                0x00000000c001b618                sbrk
                0x00000000c001b734                mmap
                0x00000000c001b74a                munmap
                0x00000000c001b760                liballoc_lock()
                0x00000000c001b79a                liballoc_unlock()
                0x00000000c001b7d8                liballoc_alloc(int)
                0x00000000c001b812                liballoc_free(void*, int)
                0x00000000c001b84f                realloc
                0x00000000c001b863                malloc
                0x00000000c001b873                free
                0x00000000c001b883                rfree
                0x00000000c001b893                calloc
 .text          0x00000000c001b8bd      0x134 core/main.32
                0x00000000c001b8bd                KeEntryPoint
 .text          0x00000000c001b9f1      0xd3a core/physmgr.32
                0x00000000c001b9f1                Phys::allocateDMA(unsigned long)
                0x00000000c001bcdf                Phys::freeDMA(unsigned long, unsigned long)
                0x00000000c001bd95                Phys::setPageState(unsigned long, bool)
                0x00000000c001bed2                Phys::getPageState(unsigned long)
                0x00000000c001bf31                Phys::freePage(unsigned long)
                0x00000000c001bfbf                Phys::allocatePage()
                0x00000000c001c187                Phys::allocateContiguousPages(int)
                0x00000000c001c276                Phys::allowSegmentToBeUsed(unsigned long, unsigned long)
                0x00000000c001c2b8                Phys::physicalMemorySetup(unsigned int)
 *fill*         0x00000000c001c72b        0x1 
 .text          0x00000000c001c72c      0xaa5 core/pipe.32
                0x00000000c001c72c                Pipe::isAtty()
                0x00000000c001c730                Pipe::~Pipe()
                0x00000000c001c730                Pipe::~Pipe()
                0x00000000c001c800                Pipe::~Pipe()
                0x00000000c001c828                Pipe::write(unsigned long long, void*, int*)
                0x00000000c001cb90                Pipe::read(unsigned long long, void*, int*)
                0x00000000c001cf6a                Pipe::Pipe(int)
                0x00000000c001cf6a                Pipe::Pipe(int)
 *fill*         0x00000000c001d1d1        0x1 
 .text          0x00000000c001d1d2     0x306f core/terminal.32
                0x00000000c001d1d2                VgaText::isAtty()
                0x00000000c001d1d6                VgaText::~VgaText()
                0x00000000c001d1d6                VgaText::~VgaText()
                0x00000000c001d2a6                VgaText::~VgaText()
                0x00000000c001d2d0                VgaText::read(unsigned long long, void*, int*)
                0x00000000c001d310                setTerminalScrollLock(bool)
                0x00000000c001d311                doTerminalCycle()
                0x00000000c001d312                addToTerminalCycle(VgaText*)
                0x00000000c001d313                scrollTerminalScrollLock(int)
                0x00000000c001d314                VgaText::updateTitle()
                0x00000000c001d316                VgaText::load()
                0x00000000c001d318                VgaText::updateCursor()
                0x00000000c001d364                VgaText::doANSI_SGR(int)
                0x00000000c001d7d8                VgaText::setDefaultBgColour(VgaColour)
                0x00000000c001d850                VgaText::setDefaultFgColour(VgaColour)
                0x00000000c001d8c8                VgaText::setDefaultColours(VgaColour, VgaColour)
                0x00000000c001d926                VgaText::setTitleTextColour(VgaColour)
                0x00000000c001d984                VgaText::setTitleColour(VgaColour)
                0x00000000c001d9e2                VgaText::setTitle(char*)
                0x00000000c001da06                VgaText::combineColours(unsigned char, unsigned char)
                0x00000000c001da1a                VgaText::scrollScreen()
                0x00000000c001dd90                VgaText::combineCharAndColour(char, unsigned char)
                0x00000000c001dda0                VgaText::writeCharacter(char, VgaColour, VgaColour, int, int)
                0x00000000c001dea4                VgaText::getCursorX()
                0x00000000c001dee6                VgaText::getCursorY()
                0x00000000c001df28                VgaText::setCursor(int, int)
                0x00000000c001dfc4                setActiveTerminal(VgaText*)
                0x00000000c001e058                VgaText::clearScreen()
                0x00000000c001e174                VgaText::setCursorX(int)
                0x00000000c001e1c0                VgaText::setCursorY(int)
                0x00000000c001e20c                VgaText::incrementCursor(bool)
                0x00000000c001e40e                VgaText::decrementCursor(bool)
                0x00000000c001e4da                VgaText::putchar(char, VgaColour, VgaColour)
                0x00000000c001e816                VgaText::putchar(char)
                0x00000000c001edf4                VgaText::putx(unsigned int)
                0x00000000c001eea2                VgaText::puts(char const*)
                0x00000000c001ef12                VgaText::write(unsigned long long, void*, int*)
                0x00000000c001f078                VgaText::puts(char const*, VgaColour, VgaColour)
                0x00000000c001f708                VgaText::VgaText(char const*)
                0x00000000c001f708                VgaText::VgaText(char const*)
                0x00000000c001fd96                VgaText::receiveKey(unsigned char)
                0x00000000c0020202                VgaText::doUpdate()
                0x00000000c0020203                newTerminal(char*)
 *fill*         0x00000000c0020241        0x3 
 .text          0x00000000c0020244      0xc60 core/tss.32
                0x00000000c0020244                TSS::TSS()
                0x00000000c0020244                TSS::TSS()
                0x00000000c00202cc                TSS::setESP(unsigned long)
                0x00000000c0020370                TSS::flush()
                0x00000000c00203b8                TSS::setup(unsigned long, unsigned long)
 .text          0x00000000c0020ea4     0x11bd core/unixfile.32
                0x00000000c0020ea4                ReservedFilename::read(unsigned long long, void*, int*)
                0x00000000c002116a                ReservedFilename::isAtty()
                0x00000000c0021268                ReservedFilename::write(unsigned long long, void*, int*)
                0x00000000c0021532                UnixFile::getFileDescriptor()
                0x00000000c0021574                UnixFile::UnixFile(int)
                0x00000000c0021574                UnixFile::UnixFile(int)
                0x00000000c0021a7c                ReservedFilename::ReservedFilename(int)
                0x00000000c0021a7c                ReservedFilename::ReservedFilename(int)
                0x00000000c0021bbc                UnixFile::~UnixFile()
                0x00000000c0021bbc                UnixFile::~UnixFile()
                0x00000000c0021d40                UnixFile::~UnixFile()
                0x00000000c0021d68                ReservedFilename::~ReservedFilename()
                0x00000000c0021d68                ReservedFilename::~ReservedFilename()
                0x00000000c0021e4c                ReservedFilename::~ReservedFilename()
                0x00000000c0021e73                getFromFileDescriptor(int)
 *fill*         0x00000000c0022061        0x1 
 .text          0x00000000c0022062     0x3e47 core/virtmgr.32
                0x00000000c0022062                Virt::setPageState(unsigned long, Virt::VirtPageState)
                0x00000000c0022149                Virt::getPageState(unsigned long)
                0x00000000c00221ef                Virt::allocateKernelVirtualPages(int)
                0x00000000c0022361                Virt::freeSwapfilePage(unsigned long)
                0x00000000c00223ec                Virt::swapIDToSector(unsigned long)
                0x00000000c0022402                Virt::allocateSwapfilePage()
                0x00000000c00225b9                Virt::virtualMemorySetup()
                0x00000000c002261c                Virt::setupPageSwapping(int)
                0x00000000c0022844                VAS::VAS(VAS*)
                0x00000000c0022844                VAS::VAS(VAS*)
                0x00000000c002291e                VAS::getForeignPageTableEntry(bool, unsigned long)
                0x00000000c002296e                VAS::getPageTableEntry(unsigned long)
                0x00000000c00229ad                Virt::freeKernelVirtualPages(unsigned long)
                0x00000000c0022bd4                VAS::freeAllocatedPages(unsigned long)
                0x00000000c0022c30                VAS::virtualToPhysical(unsigned long)
                0x00000000c0022c92                VAS::reflagRange(unsigned long, int, int, int)
                0x00000000c0022d78                VAS::VAS()
                0x00000000c0022d78                VAS::VAS()
                0x00000000c0022f64                VAS::setToWriteCombining(unsigned long, int)
                0x00000000c0023058                VAS::mapOtherVASIn(bool, VAS*)
                0x00000000c0023166                VAS::~VAS()
                0x00000000c0023166                VAS::~VAS()
                0x00000000c0023664                VAS::mapPage(unsigned long, unsigned long, int)
                0x00000000c002399c                VAS::allocatePages(int, int)
                0x00000000c0023e9c                VAS::setCPUSpecific(unsigned long)
                0x00000000c0023ed6                VAS::mapRange(unsigned long, unsigned long, int, int)
                0x00000000c00240f6                VAS::mapForeignPage(bool, VAS*, unsigned long, unsigned long, int)
                0x00000000c0024354                VAS::VAS(bool)
                0x00000000c0024354                VAS::VAS(bool)
                0x00000000c0024fca                VAS::evict(unsigned long)
                0x00000000c002533c                VAS::tryLoadBackOffDisk(unsigned long)
                0x00000000c0025728                VAS::scanForEviction()
                0x00000000c0025bd0                mapVASFirstTime
 .text          0x00000000c0025ea9       0x5f coreobjs/c++.32
                0x00000000c0025ea9                __cxa_atexit
                0x00000000c0025eac                __cxa_finalize
                0x00000000c0025ead                __stack_chk_fail
                0x00000000c0025ee3                __cxa_pure_virtual
                0x00000000c0025ef4                operator new[](unsigned long)
                0x00000000c0025ef9                operator delete(void*, unsigned long)
                0x00000000c0025efe                operator delete[](void*)
                0x00000000c0025f03                operator delete[](void*, unsigned long)
 .text          0x00000000c0025f08      0x623 dbg/kconsole.32
                0x00000000c0025f08                Dbg::stringifyxWithBase(unsigned int, char*, int)
                0x00000000c0026122                Dbg::logc(char)
                0x00000000c0026142                Dbg::logs(char*)
                0x00000000c00261d1                Dbg::logWriteInt(unsigned int)
                0x00000000c00261f1                Dbg::logWriteIntBase(unsigned int, int)
                0x00000000c0026214                Dbg::kprintf(char const*, ...)
 *fill*         0x00000000c002652b        0x1 
 .text          0x00000000c002652c      0x5fc dbg/usban.32
                0x00000000c002652c                KiUbsanPrintDetails(char const*, void*)
                0x00000000c002665c                __ubsan_handle_type_mismatch_v1
                0x00000000c002699c                __ubsan_handle_pointer_overflow
                0x00000000c00269c8                __ubsan_handle_out_of_bounds
                0x00000000c00269f4                __ubsan_handle_add_overflow
                0x00000000c0026a20                __ubsan_handle_load_invalid_value
                0x00000000c0026a4c                __ubsan_handle_divrem_overflow
                0x00000000c0026a78                __ubsan_handle_mul_overflow
                0x00000000c0026aa4                __ubsan_handle_sub_overflow
                0x00000000c0026ad0                __ubsan_handle_shift_out_of_bounds
                0x00000000c0026afc                __ubsan_handle_negate_overflow
 .text          0x00000000c0026b28     0x7506 fs/vfs.32
                0x00000000c0026b28                File::isAtty()
                0x00000000c0026b2c                Directory::isAtty()
                0x00000000c0026b30                Filesystem::getlabel(LogicalDisk*, int, char*, unsigned int*)
                0x00000000c0026b36                Filesystem::setlabel(LogicalDisk*, int, char*)
                0x00000000c0026b3c                Filesystem::allocateSwapfile(char const*, int)
                0x00000000c0026b42                File::~File()
                0x00000000c0026b42                File::~File()
                0x00000000c0026c12                File::~File()
                0x00000000c0026c3c                Directory::~Directory()
                0x00000000c0026c3c                Directory::~Directory()
                0x00000000c0026d0c                Directory::~Directory()
                0x00000000c0026d36                Directory::write(unsigned long long, void*, int*)
                0x00000000c0026ee6                File::read(unsigned long long, void*, int*)
                0x00000000c002733c                File::write(unsigned long long, void*, int*)
                0x00000000c0027792                Directory::read(unsigned long long, void*, int*)
                0x00000000c0027be8                Filesystem::Filesystem()
                0x00000000c0027be8                Filesystem::Filesystem()
                0x00000000c0027cc0                Filesystem::~Filesystem()
                0x00000000c0027cc0                Filesystem::~Filesystem()
                0x00000000c0027d3e                Filesystem::~Filesystem()
                0x00000000c0027d65                Fs::getcwd(Process*, char*, int)
                0x00000000c0027ea0                Fs::initVFS()
                0x00000000c0027eca                Fs::standardiseFiles(char*, char const*, char const*)
                0x00000000c0028d20                File::File(char const*, Process*)
                0x00000000c0028d20                File::File(char const*, Process*)
                0x00000000c00292ae                File::open(FileOpenMode)
                0x00000000c0029712                File::close()
                0x00000000c0029b64                File::seek(unsigned long long)
                0x00000000c0029f9a                File::tell(unsigned long long*)
                0x00000000c002a3be                File::rewind()
                0x00000000c002a3f0                File::unlink()
                0x00000000c002a804                File::rename(char const*)
                0x00000000c002ac08                File::chfatattr(unsigned char, unsigned char)
                0x00000000c002b02a                File::exists()
                0x00000000c002b3be                File::stat(unsigned long long*, bool*)
                0x00000000c002ba38                Fs::setcwd(Process*, char*)
                0x00000000c002bff0                Directory::Directory(char const*, Process*)
                0x00000000c002bff0                Directory::Directory(char const*, Process*)
                0x00000000c002c57e                Directory::open()
                0x00000000c002c9f2                Directory::close()
                0x00000000c002ce44                Directory::unlink()
                0x00000000c002d258                Directory::rename(char const*)
                0x00000000c002d65c                Directory::exists()
                0x00000000c002d9f0                Directory::read(dirent*)
                0x00000000c002dc14                Directory::create()
                0x00000000c002e028                Filesystem::chfatattr(char const*, unsigned char, unsigned char)
 *fill*         0x00000000c002e02e        0x2 
 .text          0x00000000c002e030      0x252 hal/bus.32
                0x00000000c002e030                Bus::Bus(char const*)
                0x00000000c002e030                Bus::Bus(char const*)
                0x00000000c002e174                Bus::~Bus()
                0x00000000c002e174                Bus::~Bus()
                0x00000000c002e258                Bus::~Bus()
 .text          0x00000000c002e282       0xee hal/buzzer.32
                0x00000000c002e282                beepThread(void*)
                0x00000000c002e2ee                Krnl::beep(int, int, bool)
 .text          0x00000000c002e370      0xad8 hal/clock.32
                0x00000000c002e370                User::loadClockSettings(int)
                0x00000000c002e45c                Clock::Clock(char const*)
                0x00000000c002e45c                Clock::Clock(char const*)
                0x00000000c002e586                Clock::~Clock()
                0x00000000c002e586                Clock::~Clock()
                0x00000000c002e656                Clock::~Clock()
                0x00000000c002e680                Clock::timeInSecondsLocal()
                0x00000000c002e7d0                Clock::setTimeInSecondsLocal(unsigned long long)
                0x00000000c002e919                datetimeToSeconds(datetime_t)
                0x00000000c002eb12                Clock::setTimeInDatetimeLocal(datetime_t)
                0x00000000c002ec92                secondsToDatetime(unsigned long long)
                0x00000000c002ee06                Clock::timeInDatetimeLocal()
 .text          0x00000000c002ee48     0x167b hal/device.32
                0x00000000c002ee48                Device::hibernate()
                0x00000000c002ee4a                Device::wake()
                0x00000000c002ee4c                Device::detect()
                0x00000000c002ee4e                Device::disableLegacy()
                0x00000000c002ee50                Device::powerSaving(PowerSavingLevel)
                0x00000000c002ee52                DriverlessDevice::close(int, int, void*)
                0x00000000c002ee56                DriverlessDevice::detect()
                0x00000000c002ee58                DriverlessDevice::open(int, int, void*)
                0x00000000c002ee6c                Device::~Device()
                0x00000000c002ee6c                Device::~Device()
                0x00000000c002eeea                Device::~Device()
                0x00000000c002ef14                Device::findAndLoadDriver()
                0x00000000c002ef22                Device::preOpenPCI(PCIDeviceInfo)
                0x00000000c002efbc                Device::preOpenACPI(void*, char*, char*)
                0x00000000c002f0ce                Device::addIRQHandler(int, void (*)(regs*, void*), bool, void*)
                0x00000000c002f0f8                Device::getParent()
                0x00000000c002f142                Device::removeIRQHandler(int, void (*)(regs*, void*), bool)
                0x00000000c002f160                Device::addChild(Device*)
                0x00000000c002f2fc                Device::removeAllChildren()
                0x00000000c002f4c0                Device::hibernateAll()
                0x00000000c002f614                Device::wakeAll()
                0x00000000c002f768                Device::detectAll()
                0x00000000c002f8bc                Device::disableLegacyAll()
                0x00000000c002f8be                Device::loadDriversForAll()
                0x00000000c002f8c0                Device::closeAll()
                0x00000000c002fa18                Device::powerSavingAll(PowerSavingLevel)
                0x00000000c002fb78                Device::setName(char const*)
                0x00000000c002fbca                Device::Device(char const*)
                0x00000000c002fbca                Device::Device(char const*)
                0x00000000c00301ba                Device::getName()
                0x00000000c00301fe                DriverlessDevice::DriverlessDevice(char const*)
                0x00000000c00301fe                DriverlessDevice::DriverlessDevice(char const*)
                0x00000000c0030328                Device::addToLinkedList(LinkedList<Device>&, DeviceType)
                0x00000000c0030463                getDevicesOfType(DeviceType)
 *fill*         0x00000000c00304c3        0x1 
 .text          0x00000000c00304c4      0x252 hal/diskctrl.32
                0x00000000c00304c4                HardDiskController::HardDiskController(char const*)
                0x00000000c00304c4                HardDiskController::HardDiskController(char const*)
                0x00000000c0030608                HardDiskController::~HardDiskController()
                0x00000000c0030608                HardDiskController::~HardDiskController()
                0x00000000c00306ec                HardDiskController::~HardDiskController()
 .text          0x00000000c0030716      0x3f8 hal/diskphys.32
                0x00000000c0030716                PhysicalDisk::eject()
                0x00000000c003071a                PhysicalDisk::PhysicalDisk(char const*, int)
                0x00000000c003071a                PhysicalDisk::PhysicalDisk(char const*, int)
                0x00000000c003099a                PhysicalDisk::startCache()
                0x00000000c0030a14                PhysicalDisk::~PhysicalDisk()
                0x00000000c0030a14                PhysicalDisk::~PhysicalDisk()
                0x00000000c0030ae4                PhysicalDisk::~PhysicalDisk()
 .text          0x00000000c0030b0e        0x0 hal/fpu.32
 .text          0x00000000c0030b0e     0x1907 hal/intctrl.32
                0x00000000c0030b0e                int_handler
                0x00000000c0030f22                installISRHandler(int, void (*)(regs*, void*), void*)
                0x00000000c00311df                installIRQHandler(int, void (*)(regs*, void*), bool, void*)
                0x00000000c0031988                uninstallISRHandler(int, void (*)(regs*, void*))
                0x00000000c0031c87                uninstallIRQHandler(int, void (*)(regs*, void*), bool)
                0x00000000c00320b9                setupINTS()
                0x00000000c00322e2                convertLegacyIRQNumber(int)
 *fill*         0x00000000c0032415        0x1 
 .text          0x00000000c0032416     0x12a0 hal/keybrd.32
                0x00000000c0032416                startGUI(void*)
                0x00000000c003249d                startGUIVESA(void*)
                0x00000000c0032524                sendKeyToTerminal(unsigned char)
                0x00000000c00326bf                sendKeyboardToken(KeyboardToken)
                0x00000000c0032eec                clearInternalKeybuffer(VgaText*)
                0x00000000c0032fb4                readKeyboard(VgaText*, char*, unsigned long)
                0x00000000c003348a                Keyboard::Keyboard(char const*)
                0x00000000c003348a                Keyboard::Keyboard(char const*)
                0x00000000c00335bc                Keyboard::~Keyboard()
                0x00000000c00335bc                Keyboard::~Keyboard()
                0x00000000c003368c                Keyboard::~Keyboard()
 .text          0x00000000c00336b6      0xf99 hal/logidisk.32
                0x00000000c00336b6                LogicalDisk::close(int, int, void*)
                0x00000000c00336ba                LogicalDisk::~LogicalDisk()
                0x00000000c00336ba                LogicalDisk::~LogicalDisk()
                0x00000000c003378a                LogicalDisk::~LogicalDisk()
                0x00000000c00337b4                LogicalDisk::open(int, int, void*)
                0x00000000c00337c8                LogicalDisk::absoluteToRelative(unsigned long long)
                0x00000000c003389e                LogicalDisk::relativeToAbsolute(unsigned long long)
                0x00000000c0033930                LogicalDisk::LogicalDisk(char const*, PhysicalDisk*, unsigned long long, unsigned long long)
                0x00000000c0033930                LogicalDisk::LogicalDisk(char const*, PhysicalDisk*, unsigned long long, unsigned long long)
                0x00000000c0033ce4                LogicalDisk::assignDriveLetter()
                0x00000000c0033f48                LogicalDisk::mount()
                0x00000000c00340ae                LogicalDisk::unmount()
                0x00000000c00340fc                LogicalDisk::eject()
                0x00000000c00341b4                LogicalDisk::unassignDriveLetter()
                0x00000000c003433c                LogicalDisk::read(unsigned long long, int, void*)
                0x00000000c00344c6                LogicalDisk::write(unsigned long long, int, void*)
 *fill*         0x00000000c003464f        0x1 
 .text          0x00000000c0034650      0x252 hal/mouse.32
                0x00000000c0034650                Mouse::Mouse(char const*)
                0x00000000c0034650                Mouse::Mouse(char const*)
                0x00000000c0034794                Mouse::~Mouse()
                0x00000000c0034794                Mouse::~Mouse()
                0x00000000c0034878                Mouse::~Mouse()
 .text          0x00000000c00348a2      0x230 hal/nic.32
                0x00000000c00348a2                NIC::getMAC()
                0x00000000c00348a8                NIC::write(int, unsigned char*, int*)
                0x00000000c00348ae                NIC::NIC(char const*)
                0x00000000c00348ae                NIC::NIC(char const*)
                0x00000000c00349d8                NIC::~NIC()
                0x00000000c00349d8                NIC::~NIC()
                0x00000000c0034aa8                NIC::~NIC()
 .text          0x00000000c0034ad2      0xe6c hal/partition.32
                0x00000000c0034ad2                makePartition(PhysicalDisk*, unsigned long long, unsigned long long)
                0x00000000c0034c3c                createPartitionsForDisk(PhysicalDisk*)
 *fill*         0x00000000c003593e        0x2 
 .text          0x00000000c0035940      0x252 hal/serial.32
                0x00000000c0035940                Serial::Serial(char const*)
                0x00000000c0035940                Serial::Serial(char const*)
                0x00000000c0035a84                Serial::~Serial()
                0x00000000c0035a84                Serial::~Serial()
                0x00000000c0035b68                Serial::~Serial()
 *fill*         0x00000000c0035b92        0x2 
 .text          0x00000000c0035b94      0x7a4 hal/timer.32
                0x00000000c0035b94                Timer::Timer(char const*)
                0x00000000c0035b94                Timer::Timer(char const*)
                0x00000000c0035cd8                Timer::~Timer()
                0x00000000c0035cd8                Timer::~Timer()
                0x00000000c0035dbc                Timer::~Timer()
                0x00000000c0035de6                Timer::read()
                0x00000000c0035e33                setupTimer(int)
                0x00000000c0035f21                timerHandler(unsigned int)
 .text          0x00000000c0036338     0x1a4c hal/vcache.32
                0x00000000c0036338                VCache::VCache(PhysicalDisk*)
                0x00000000c0036338                VCache::VCache(PhysicalDisk*)
                0x00000000c0036cde                VCache::invalidateReadBuffer()
                0x00000000c0036d7a                VCache::writeWriteBuffer()
                0x00000000c0036f7c                VCache::~VCache()
                0x00000000c0036f7c                VCache::~VCache()
                0x00000000c0037158                VCache::~VCache()
                0x00000000c0037180                VCache::write(unsigned long long, int, void*)
                0x00000000c003774e                VCache::read(unsigned long long, int, void*)
 .text          0x00000000c0037d84     0x123e hal/video.32
                0x00000000c0037d84                Video::putpixel(int, int, unsigned int)
                0x00000000c0037d92                Video::readPixelApprox(int, int)
                0x00000000c0037da6                Video::putrect(int, int, int, int, unsigned int)
                0x00000000c0037ece                Video::bitblit(int, int, int, int, int, int, int, unsigned int*)
                0x00000000c00380de                Video::blit(unsigned int*, int, int, int, int)
                0x00000000c00382e4                Video::clearScreen(unsigned int)
                0x00000000c003841a                Video::Video(char const*)
                0x00000000c003841a                Video::Video(char const*)
                0x00000000c0038544                Video::~Video()
                0x00000000c0038544                Video::~Video()
                0x00000000c0038614                Video::~Video()
                0x00000000c003863e                Video::isMonochrome()
                0x00000000c0038688                Video::getWidth()
                0x00000000c00386d2                Video::getHeight()
                0x00000000c003871c                Video::drawCursor(int, int, unsigned int*, int)
                0x00000000c00389ca                Video::tgaParse(unsigned char*, int, int*, int*)
                0x00000000c0038e14                Video::putTGA(int, int, unsigned char*, int)
 *fill*         0x00000000c0038fc2        0x2 
 .text          0x00000000c0038fc4     0x3d8f hw/acpi.32
                0x00000000c0038fc4                ACPI::close(int, int, void*)
                0x00000000c0039078                findRSDP()
                0x00000000c00391cc                loadACPITables(unsigned char*)
                0x00000000c0039a94                findRSDT(unsigned char*)
                0x00000000c0039c7c                findDataTable(unsigned char*, char*)
                0x00000000c0039e88                scanMADT()
                0x00000000c003b3c0                ACPI::ACPI()
                0x00000000c003b3c0                ACPI::ACPI()
                0x00000000c003b5c4                ACPI::getPCIIRQAssignment(unsigned char, unsigned short, unsigned char)
                0x00000000c003b998                ACPI::registerPCIIRQAssignment(void*, unsigned short, unsigned char, unsigned char)
                0x00000000c003becc                ACPI::setScreenBrightnessLevel(void*, int)
                0x00000000c003bed4                ACPI::detectPCI()
                0x00000000c003c40c                ACPI::writeSimpleBootFlag(SimpleBootFlagTable*)
                0x00000000c003c4e0                ACPI::sleep()
                0x00000000c003c4fc                ACPI::open(int, int, void*)
 *fill*         0x00000000c003cd53        0x1 
 .text          0x00000000c003cd54     0x21ab hw/cpu.32
                0x00000000c003cd54                CPU::close(int, int, void*)
                0x00000000c003cd58                CPU::AMD_K6_write_msr(unsigned int, unsigned int, unsigned int, CPU::REGS*)
                0x00000000c003cd74                CPU::AMD_K6_read_msr(unsigned int, CPU::REGS*)
                0x00000000c003cd8c                CPU::AMD_K6_writeback(int, int, int)
                0x00000000c003ce00                CPU::cpuid(int, unsigned long*, unsigned long*, unsigned long*, unsigned long*)
                0x00000000c003cf7e                CPU::cpuidCheckEDX(unsigned int)
                0x00000000c003cfac                CPU::cpuidCheckECX(unsigned int)
                0x00000000c003cfda                CPU::cpuidCheckExtendedEBX(unsigned int)
                0x00000000c003d008                CPU::cpuidCheckExtendedECX(unsigned int)
                0x00000000c003d036                CPU::CPU()
                0x00000000c003d036                CPU::CPU()
                0x00000000c003d384                CPU::displayFeatures()
                0x00000000c003d386                CPU::detectFeatures()
                0x00000000c003e6e8                CPU::setupSMEP()
                0x00000000c003e6f4                CPU::setupUMIP()
                0x00000000c003e6fe                CPU::setupTSC()
                0x00000000c003e708                CPU::setupLargePages()
                0x00000000c003e712                CPU::setupPAT()
                0x00000000c003e7c2                CPU::setupMTRR()
                0x00000000c003e7c4                CPU::setupGlobalPages()
                0x00000000c003e7ce                CPU::allowUsermodeDataAccess()
                0x00000000c003e81e                CPU::prohibitUsermodeDataAccess()
                0x00000000c003e86e                CPU::setupSMAP()
                0x00000000c003e8a8                CPU::setupFeatures()
                0x00000000c003eb40                CPU::open(int, int, void*)
 .text          0x00000000c003eeff      0x501 krnl/bootmsg.32
                0x00000000c003eeff                KeDisplaySplashScreen()
                0x00000000c003f292                KeSetBootMessage(char const*)
 .text          0x00000000c003f400     0x1760 krnl/env.32
                0x00000000c003f400                EnvVarContainer::getEnv(char const*)
                0x00000000c003f558                EnvVarContainer::setEnv(char const*, char const*)
                0x00000000c003f720                EnvVarContainer::deleteEnv(char const*)
                0x00000000c003f722                EnvVarContainer::loadFrom(char const*, char const*)
                0x00000000c003fd4e                EnvVarContainer::__loadSystem()
                0x00000000c003fd86                EnvVarContainer::__loadUser()
                0x00000000c003fd88                EnvVarContainer::EnvVarContainer(Process*)
                0x00000000c003fd88                EnvVarContainer::EnvVarContainer(Process*)
                0x00000000c003fe7e                EnvVarContainer::~EnvVarContainer()
                0x00000000c003fe7e                EnvVarContainer::~EnvVarContainer()
                0x00000000c003ff80                Krnl::getEnv(Process*, char const*)
                0x00000000c0040060                Krnl::setEnvSystem(char const*, char const*)
                0x00000000c0040097                Krnl::setEnvUser(char const*, char const*)
                0x00000000c00400d1                Krnl::setEnvProcess(Process*, char const*, char const*)
                0x00000000c0040146                Krnl::deleteEnvSystem(char const*)
                0x00000000c0040166                Krnl::deleteEnvUser(char const*)
                0x00000000c0040186                Krnl::deleteEnvProcess(Process*, char const*)
                0x00000000c00401e4                Krnl::newProcessEnv(Process*)
                0x00000000c004021f                Krnl::copyProcessEnv(Process*, Process*)
                0x00000000c00403b8                Krnl::loadSystemEnv()
                0x00000000c004041e                Krnl::loadUserEnv()
                0x00000000c004047b                Krnl::flushEnv()
                0x00000000c004047c                Krnl::getProcessTotalEnvCount(Process*)
                0x00000000c00405f1                Krnl::getProcessEnvPair(Process*, int)
 .text          0x00000000c0040b60      0x193 krnl/inlines.32
                0x00000000c0040b60                CPU::current()
                0x00000000c0040bac                operator new(unsigned long)
                0x00000000c0040bb1                operator delete(void*)
                0x00000000c0040bb6                disableIRQs()
                0x00000000c0040bb8                enableIRQs()
                0x00000000c0040bba                lockScheduler()
                0x00000000c0040be7                unlockScheduler()
                0x00000000c0040c18                lockStuff()
                0x00000000c0040c68                unlockStuff()
                0x00000000c0040cd8                Virt::getAKernelVAS()
                0x00000000c0040cde                __not_memcpy
 .text          0x00000000c0040cf3        0xc krnl/panic.32
                0x00000000c0040cf3                KePanic(char const*)
 .text          0x00000000c0040cff      0x1fd krnl/powctrl.32
                0x00000000c0040cff                Krnl::powerThread(void*)
                0x00000000c0040d64                Krnl::changePowerSettings(Krnl::PowerSettings)
                0x00000000c0040d7a                Krnl::userIOReceived()
                0x00000000c0040d85                Krnl::handlePowerButton()
                0x00000000c0040df0                Krnl::handleSleepButton()
                0x00000000c0040e5b                Krnl::setupPowerManager()
 .text          0x00000000c0040efc       0x9d krnl/random.32
                0x00000000c0040efc                KeRand()
                0x00000000c0040f3e                KeSeedRand(unsigned int)
                0x00000000c0040f67                KeInitRand()
 *fill*         0x00000000c0040f99        0x3 
 .text          0x00000000c0040f9c      0x1bc krnl/resolve.32
                0x00000000c0040f9c                KeResolveCompatibilitySymbol(char*)
 .text          0x00000000c0041158      0xe2f krnl/signal.32
                0x00000000c0041158                KiSigKill(int)
                0x00000000c004116c                KiDefaultSignalHandlerIgnore(int)
                0x00000000c004116d                KiDefaultSignalHandlerPause(int)
                0x00000000c0041199                KiDefaultSignalHandlerResume(int)
                0x00000000c00411c5                KeDeinitSignals(SigHandlerBlock*)
                0x00000000c00411ca                KeInitSignals()
                0x00000000c00412f4                KeRegisterSignalHandler(SigHandlerBlock*, int, void (*)(int), unsigned int, int)
                0x00000000c004146b                KeRaiseSignal(SigHandlerBlock*, int)
                0x00000000c00415f8                KeCheckSignal(SigHandlerBlock*, int*)
                0x00000000c0041bfe                KiCheckSignalZ
                0x00000000c0041d5e                KeCompleteSignal(SigHandlerBlock*, int)
                0x00000000c0041e5f                KiFinishSignalZ
 .text          0x00000000c0041f87     0x4829 krnl/syscalls.32
                0x00000000c0041f87                SysSeekDir(regs*)
                0x00000000c0041f8c                SysTellDir(regs*)
                0x00000000c0041f91                SysTTYName(regs*)
                0x00000000c0041f99                SysNotImpl(regs*)
                0x00000000c0041fb4                SysVerify(regs*)
                0x00000000c0041ffb                SysGetArgc(regs*)
                0x00000000c0042080                SysFormatDisk(regs*)
                0x00000000c00423b4                SysSetDiskVolumeLabel(regs*)
                0x00000000c0042a82                SysGetDiskVolumeLabel(regs*)
                0x00000000c00431a2                SysShutdown(regs*)
                0x00000000c00433bd                SysRealpath(regs*)
                0x00000000c0043555                SysReadDir(regs*)
                0x00000000c0043784                SysIsATTY(regs*)
                0x00000000c004397d                SysSeek(regs*)
                0x00000000c0043af3                SysTell(regs*)
                0x00000000c0043cf1                SysSize(regs*)
                0x00000000c0043ef4                SysClose(regs*)
                0x00000000c00440d3                SysCloseDir(regs*)
                0x00000000c004424e                SysWait(regs*)
                0x00000000c00442e0                SysPanic(regs*)
                0x00000000c0044335                SysGetArgv(regs*)
                0x00000000c00445ee                SysUSleep(regs*)
                0x00000000c004468a                SysGetEnv(regs*)
                0x00000000c0044892                SysGetUnixTime(regs*)
                0x00000000c0044905                SysSizeFromFilename(regs*)
                0x00000000c0044c18                SysOpenDir(regs*)
                0x00000000c0044e42                SysMakeDir(regs*)
                0x00000000c0044ffa                SysRmdir(regs*)
                0x00000000c00451b5                SysUnlink(regs*)
                0x00000000c0045370                SysSetFatAttrib(regs*)
                0x00000000c00455bb                SysPipe(regs*)
                0x00000000c0045778                SysSpawn(regs*)
                0x00000000c0045959                string_ends_with(char const*, char const*)
                0x00000000c00459df                SysOpen(regs*)
                0x00000000c0046606                KeSystemCall(regs*, void*)
 .text          0x00000000c00467b0      0x2cd net/ethernet.32
                0x00000000c00467b0                KeSwitchEndian16(unsigned short)
                0x00000000c0046804                KeSwitchEndian32(unsigned int)
                0x00000000c0046838                EthernetCRC32(unsigned char*, int)
                0x00000000c0046984                EthernetReceivedPacket(EthernetUnwrappedFrame*, unsigned short)
 .text          0x00000000c0046a7d     0x238f reg/cm.32
                0x00000000c0046a7d                CmOpen(char const*)
                0x00000000c0046e1c                CmClose(Reghive_Tag*)
                0x00000000c0046e8d                CmReadExtent(Reghive_Tag*, int, unsigned char*)
                0x00000000c0046fa8                CmGetString(Reghive_Tag*, int, char*)
                0x00000000c004713d                CmEnterDirectory(Reghive_Tag*, int)
                0x00000000c004717c                CmGetNext(Reghive_Tag*, int)
                0x00000000c00471ae                CmWriteExtent(Reghive_Tag*, int, unsigned char*)
                0x00000000c00472c9                CmFreeExtent(Reghive_Tag*, int)
                0x00000000c00472f1                CmUpdateHeader(Reghive_Tag*)
                0x00000000c0047361                CmExpand(Reghive_Tag*, int)
                0x00000000c00474de                CmFindUnusedExtent(Reghive_Tag*)
                0x00000000c004768f                CmCreateExtent(Reghive_Tag*, int, int, unsigned char*)
                0x00000000c0047783                CmSetString(Reghive_Tag*, int, char const*)
                0x00000000c0047c4f                CmGetMatch(char*, char*, bool, bool*)
                0x00000000c0047d43                CmAddShift(unsigned int*, int*, unsigned char, int)
                0x00000000c0047e3d                CmGetShift(unsigned int*, int*, int, bool*)
                0x00000000c0047f89                CmGetInteger(Reghive_Tag*, int, unsigned long long*)
                0x00000000c0047fd5                CmSetInteger(Reghive_Tag*, int, unsigned long long)
                0x00000000c0048015                CmConvertFromInternalFilename(unsigned char const*, char*)
                0x00000000c004824e                CmGetNameAndTypeFromExtent(Reghive_Tag*, int, char*)
                0x00000000c004827c                CmConvertToInternalFilename(char const*, unsigned char*)
                0x00000000c0048827                CmCreateString(Reghive_Tag*, int, char const*)
                0x00000000c0048874                CmFindInDirectory(Reghive_Tag*, int, char const*)
                0x00000000c00488ee                CmCreateInteger(Reghive_Tag*, int, char const*, unsigned long long, int)
                0x00000000c0048941                CmCreateDirectory(Reghive_Tag*, int, char const*)
                0x00000000c0048a05                zStrtok(char*, char const*)
                0x00000000c0048be6                CmFindObjectFromPath(Reghive_Tag*, char const*)
                0x00000000c0048c67                CmDisplayTree(Reghive_Tag*, int, int)
                0x00000000c0048d42                CmSplitFinalSlashInPlace(char*)
 .text          0x00000000c0048e0c     0x1267 reg/registry.32
                0x00000000c0048e0c                Reg::findLineFromLoadedData(char*, char*, char*)
                0x00000000c004923d                Reg::getLineFromRegistry(char*, char*, char*, char*)
                0x00000000c00495e2                Reg::getLine(char*, char*, char*)
                0x00000000c0049619                Reg::readInt(char*, char*, int*)
                0x00000000c0049cd9                Reg::readString(char*, char*, char*, int)
                0x00000000c0049f5d                Reg::readBool(char*, char*, bool*)
                0x00000000c0049fa8                Reg::readBoolWithDefault(char*, char*, bool)
                0x00000000c0049fef                Reg::readIntWithDefault(char*, char*, int)
                0x00000000c004a01b                Reg::readStringWithDefault(char*, char*, char*, int, char*)
 .text          0x00000000c004a073      0x172 sys/eject.32
                0x00000000c004a073                SysEject(regs*)
 .text          0x00000000c004a1e5       0x4e sys/exit.32
                0x00000000c004a1e5                SysExit(regs*)
 .text          0x00000000c004a233       0x9d sys/getcwd.32
                0x00000000c004a233                SysGetCwd(regs*)
 .text          0x00000000c004a2d0       0x57 sys/getpid.32
                0x00000000c004a2d0                SysGetPID(regs*)
 .text          0x00000000c004a327       0x86 sys/getramdata.32
                0x00000000c004a327                SysGetRAMData(regs*)
 .text          0x00000000c004a3ad      0x23f sys/getvgaptr.32
                0x00000000c004a3ad                SysGetVGAPtr(regs*)
 .text          0x00000000c004a5ec      0x330 sys/kill.32
                0x00000000c004a5ec                SysKill(regs*)
 .text          0x00000000c004a91c      0x21f sys/loaddll.32
                0x00000000c004a91c                SysLoadDLL(regs*)
 .text          0x00000000c004ab3b      0x1e6 sys/read.32
                0x00000000c004ab3b                SysRead(regs*)
 .text          0x00000000c004ad21       0xdc sys/registersignal.32
                0x00000000c004ad21                SysRegisterSignal(regs*)
 .text          0x00000000c004adfd      0x4e1 sys/registry.32
                0x00000000c004adfd                SysRegistryGetTypeFromPath(regs*)
                0x00000000c004aef4                SysRegistryReadExtent(regs*)
                0x00000000c004aff2                SysRegistryPathToExtentLookup(regs*)
                0x00000000c004b083                SysRegistryEnterDirectory(regs*)
                0x00000000c004b114                SysRegistryGetNext(regs*)
                0x00000000c004b1a5                SysRegistryGetNameAndTypeFromExtent(regs*)
                0x00000000c004b247                SysRegistryOpen(regs*)
                0x00000000c004b291                SysRegistryClose(regs*)
 .text          0x00000000c004b2de      0x18c sys/sbrk.32
                0x00000000c004b2de                SysSbrk(regs*)
 .text          0x00000000c004b46a       0x80 sys/setcwd.32
                0x00000000c004b46a                SysSetCwd(regs*)
 .text          0x00000000c004b4ea      0x206 sys/settime.32
                0x00000000c004b4ea                SysSetTime(regs*)
 .text          0x00000000c004b6f0       0x99 sys/timezone.32
                0x00000000c004b6f0                SysTimezone(regs*)
 .text          0x00000000c004b789      0x1e6 sys/write.32
                0x00000000c004b789                SysWrite(regs*)
 .text          0x00000000c004b96f      0x166 sys/wsbe.32
                0x00000000c004b96f                SysWsbe(regs*)
 .text          0x00000000c004bad5       0x5e sys/yield.32
                0x00000000c004bad5                SysYield(regs*)
 .text          0x00000000c004bb33     0x46e7 thr/elf.32
                0x00000000c004bb33                Thr::allocateMemoryForTask(Process*, File*, unsigned long, unsigned long, unsigned long)
                0x00000000c004c211                Thr::loadProgramIntoMemory(Process*, char const*)
                0x00000000c004ca76                Thr::runtimeReferenceHelper()
                0x00000000c004ca89                Thr::getAddressOfKernelSymbol(char const*)
                0x00000000c004cd2a                Thr::loadKernelSymbolTable(char const*)
                0x00000000c004d7b4                Thr::loadDriverIntoMemory(char const*, unsigned long, bool)
                0x00000000c004f84e                Thr::getDriverBaseFromAddress(unsigned long)
                0x00000000c004fa59                Thr::getDriverNameFromAddress(unsigned long)
                0x00000000c004fc5f                Thr::getDriverOffsetFromAddress(unsigned long)
                0x00000000c004fc81                Thr::loadDLL(char const*, bool)
                0x00000000c00501e1                Thr::executeDLL(unsigned long, void*)
 *fill*         0x00000000c005021a        0x2 
 .text          0x00000000c005021c     0x4ced thr/prcssthr.32
                0x00000000c005021c                userModeEntryPoint(void*)
                0x00000000c00502e4                changeTSS
                0x00000000c0050420                switchToThread(ThreadControlBlock*)
                0x00000000c005060c                Process::addArgs(char**)
                0x00000000c0050a18                Process::Process(char const*, Process*, char**)
                0x00000000c0050a18                Process::Process(char const*, Process*, char**)
                0x00000000c0051284                Process::Process(bool, char const*, Process*, char**)
                0x00000000c0051284                Process::Process(bool, char const*, Process*, char**)
                0x00000000c0051a78                taskStartupFunction
                0x00000000c0051ac0                Semaphore::Semaphore(int)
                0x00000000c0051ac0                Semaphore::Semaphore(int)
                0x00000000c0051c28                Mutex::Mutex()
                0x00000000c0051c28                Mutex::Mutex()
                0x00000000c0051cb8                Process::createThread(void (*)(void*), void*, int)
                0x00000000c0052340                Process::createUserThread()
                0x00000000c0052378                setupMultitasking(void (*)())
                0x00000000c0052594                schedule()
                0x00000000c00526a0                Semaphore::tryAcquire()
                0x00000000c0052948                Semaphore::assertLocked(char const*)
                0x00000000c0052abc                blockTaskWithSchedulerLockAlreadyHeld(TaskState)
                0x00000000c0052b3c                blockTask(TaskState)
                0x00000000c0052be8                waitTask(int, int*, int)
                0x00000000c0052d90                milliTenthSleepUntil(unsigned int)
                0x00000000c0052f00                milliTenthSleep(unsigned int)
                0x00000000c0052f14                sleep(unsigned int)
                0x00000000c0052f30                Semaphore::acquire()
                0x00000000c00532c0                taskReturned
                0x00000000c0053348                Thr::processFromPID(int)
                0x00000000c00534cc                unblockTask(ThreadControlBlock*)
                0x00000000c0053620                cleanupTerminatedTask(ThreadControlBlock*)
                0x00000000c005465c                cleanerTaskFunction(void*)
                0x00000000c00548b8                terminateTask(int)
                0x00000000c0054ba0                Thr::terminateFromIRQ(int)
                0x00000000c0054bb0                Semaphore::release()
 .text          0x00000000c0054f09     0x2e23 vm86/vm8086.32
                0x00000000c0054f09                Vm::inbv(unsigned short)
                0x00000000c0054f1c                Vm::outbv(unsigned short, unsigned char)
                0x00000000c0054fe3                Vm::realToLinear(unsigned short, unsigned short)
                0x00000000c0054ff3                Vm::getSegment(unsigned int)
                0x00000000c0054ffb                Vm::getOffset(unsigned int)
                0x00000000c0055000                Vm::mainloop2()
                0x00000000c005508d                Vm::mainVm8086Loop(void*)
                0x00000000c00550c2                Vm::mainloop3(unsigned long)
                0x00000000c005510e                Vm::initialise8086()
                0x00000000c00551b8                Vm::finish8086()
                0x00000000c005527d                Vm::getOutput8086(unsigned char*)
                0x00000000c00552a2                Vm::start8086FromBuffer(unsigned char*, int, unsigned short, unsigned short, unsigned short, unsigned short)
                0x00000000c0055463                Vm::start8086(char const*, unsigned short, unsigned short, unsigned short, unsigned short)
                0x00000000c005583d                Vm::doISR(regs*, int, unsigned char*, unsigned short, unsigned short)
                0x00000000c0055b26                Vm::readByteFromReal(unsigned short, unsigned short)
                0x00000000c0055b53                Vm::readWordFromReal(unsigned short, unsigned short)
                0x00000000c0055b85                Vm::readDwordFromReal(unsigned short, unsigned short)
                0x00000000c0055bb6                Vm::writeByteFromReal(unsigned short, unsigned short, unsigned char)
                0x00000000c0055be7                Vm::writeWordFromReal(unsigned short, unsigned short, unsigned short)
                0x00000000c0055c1b                Vm::writeDwordFromReal(unsigned short, unsigned short, unsigned int)
                0x00000000c0055c50                Vm::faultHandler(regs*)
 .text          0x00000000c0057d2c     0x20ed arch/i386/hal.32
                0x00000000c0057d2c                noCopro(unsigned long)
                0x00000000c0057d2d                nmiHandler(regs*, void*)
                0x00000000c0057d67                doubleFault(regs*, void*)
                0x00000000c0057d80                displayDebugInfo(regs*)
                0x00000000c0058d45                HalSystemIdle()
                0x00000000c0058e86                displayProgramFault(char const*)
                0x00000000c0059006                gpFault(regs*, void*)
                0x00000000c005906d                pgFault(regs*, void*)
                0x00000000c00591e2                otherISRHandler(regs*, void*)
                0x00000000c0059216                opcodeFault(regs*, void*)
                0x00000000c00593ed                i386SaveCoprocessor(void*)
                0x00000000c0059401                i386LoadCoprocessor(void*)
                0x00000000c0059415                x87EmulHandler(regs*, void*)
                0x00000000c005955a                HalInitialiseCoprocessor()
                0x00000000c0059663                HalPanic(char const*)
                0x00000000c00598e6                HalQueryPerformanceCounter()
                0x00000000c0059978                HalInitialise()
                0x00000000c0059d4a                HalMakeBeep(int)
                0x00000000c0059d84                HalGetRand()
                0x00000000c0059d87                HalEndOfInterrupt(int)
                0x00000000c0059e16                HalRestart()
                0x00000000c0059e17                HalShutdown()
                0x00000000c0059e18                HalSleep()
 *fill*         0x00000000c0059e19        0x3 
 .text          0x00000000c0059e1c      0x30c arch/i386/pic.32
                0x00000000c0059e1c                picIoWait()
                0x00000000c0059e24                picDisable()
                0x00000000c0059e58                picGetIRQReg(int)
                0x00000000c0059f00                picOpen()
                0x00000000c005a084                picEOI(int)
 .text          0x00000000c005a128      0xdd9 arch/i386/rtc.32
                0x00000000c005a128                RTC::open(int, int, void*)
                0x00000000c005a12c                RTC::close(int, int, void*)
                0x00000000c005a130                RTC::~RTC()
                0x00000000c005a130                RTC::~RTC()
                0x00000000c005a200                RTC::~RTC()
                0x00000000c005a22a                RTC::timeInSecondsUTC()
                0x00000000c005a27a                RTC::timeInDatetimeUTC()
                0x00000000c005a310                RTC::setTimeInSecondsUTC(unsigned long long)
                0x00000000c005a3be                RTC::get_update_in_progress_flag()
                0x00000000c005a3f6                RTC::completeRTCRefresh()
                0x00000000c005a8c4                RTC::setTimeInDatetimeUTC(datetime_t)
                0x00000000c005aba0                rtcIRQHandler(regs*, void*)
                0x00000000c005ac7e                RTC::RTC()
                0x00000000c005ac7e                RTC::RTC()
 *fill*         0x00000000c005af01        0x3 
 .text          0x00000000c005af04      0x590 arch/i386/vga.32
                0x00000000c005af04                HalConsoleScroll(int, int)
                0x00000000c005b2b0                HalConsoleWriteCharacter(char, int, int, int, int)
                0x00000000c005b40c                HalConsoleCursorUpdate(int, int)
 .text          0x00000000c005b494     0x30f7 fs/fat/vfslink.32
                0x00000000c005b494                FAT::getName()
                0x00000000c005b49c                FAT::tell(void*, unsigned long long*)
                0x00000000c005b560                FAT::stat(void*, unsigned long long*)
                0x00000000c005b624                FAT::~FAT()
                0x00000000c005b624                FAT::~FAT()
                0x00000000c005b708                FAT::~FAT()
                0x00000000c005b730                FAT::getlabel(LogicalDisk*, int, char*, unsigned int*)
                0x00000000c005bab4                FAT::setlabel(LogicalDisk*, int, char*)
                0x00000000c005be54                FAT::format(LogicalDisk*, int, char const*, int)
                0x00000000c005c31c                FAT::tryMount(LogicalDisk*, int)
                0x00000000c005c804                FAT::allocateSwapfile(char const*, int)
                0x00000000c005cd24                FAT::readDir(void*, unsigned long, void*, int*)
                0x00000000c005cec4                FAT::read(void*, unsigned long, void*, int*)
                0x00000000c005cf54                FAT::write(void*, unsigned long, void*, int*)
                0x00000000c005cfe4                FAT::close(void*)
                0x00000000c005d038                FAT::closeDir(void*)
                0x00000000c005d08c                FAT::seek(void*, unsigned long long)
                0x00000000c005d0e4                fatWrapperReadDisk
                0x00000000c005d1ec                fatWrapperWriteDisk
                0x00000000c005d2f4                fatWrapperIoctl
                0x00000000c005d874                FAT::FAT()
                0x00000000c005d874                FAT::FAT()
                0x00000000c005da3c                FAT::fixFilepath(char*)
                0x00000000c005dbd0                FAT::open(char const*, void**, FileOpenMode)
                0x00000000c005ddcc                FAT::openDir(char const*, void**)
                0x00000000c005df08                FAT::stat(char const*, unsigned long long*, bool*)
                0x00000000c005e084                FAT::unlink(char const*)
                0x00000000c005e134                FAT::chfatattr(char const*, unsigned char, unsigned char)
                0x00000000c005e314                FAT::rename(char const*, char const*)
                0x00000000c005e43c                FAT::mkdir(char const*)
                0x00000000c005e4ec                FAT::exists(char const*)
 *fill*         0x00000000c005e58b        0x1 
 .text          0x00000000c005e58c      0x198 fs/iso9660/helper.32
                0x00000000c005e58c                isoReadDiscSectorHelper
                0x00000000c005e6ec                iso_kprintf
                0x00000000c005e708                iso_kprintfd
 .text          0x00000000c005e724     0x14a6 fs/iso9660/vfslink.32
                0x00000000c005e724                ISO9660::format(LogicalDisk*, int, char const*, int)
                0x00000000c005e72a                ISO9660::getName()
                0x00000000c005e730                ISO9660::chfatattr(char const*, unsigned char, unsigned char)
                0x00000000c005e736                ISO9660::unlink(char const*)
                0x00000000c005e73c                ISO9660::write(void*, unsigned long, void*, int*)
                0x00000000c005e742                ISO9660::rename(char const*, char const*)
                0x00000000c005e748                ISO9660::mkdir(char const*)
                0x00000000c005e74e                ISO9660::~ISO9660()
                0x00000000c005e74e                ISO9660::~ISO9660()
                0x00000000c005e81e                ISO9660::~ISO9660()
                0x00000000c005e846                ISO9660::exists(char const*)
                0x00000000c005e85a                ISO9660::seek(void*, unsigned long long)
                0x00000000c005e89c                ISO9660::close(void*)
                0x00000000c005e8cc                ISO9660::closeDir(void*)
                0x00000000c005e958                ISO9660::read(void*, unsigned long, void*, int*)
                0x00000000c005e9ba                ISO9660::tell(void*, unsigned long long*)
                0x00000000c005ea22                ISO9660::stat(void*, unsigned long long*)
                0x00000000c005ea8e                ISO9660::readDir(void*, unsigned long, void*, int*)
                0x00000000c005ece2                ISO9660::open(char const*, void**, FileOpenMode)
                0x00000000c005f0aa                ISO9660::stat(char const*, unsigned long long*, bool*)
                0x00000000c005f4ea                ISO9660::openDir(char const*, void**)
                0x00000000c005f94e                readSectorFromCDROM(unsigned int, unsigned char*, char)
                0x00000000c005fa6e                ISO9660::tryMount(LogicalDisk*, int)
                0x00000000c005faf6                ISO9660::ISO9660()
                0x00000000c005faf6                ISO9660::ISO9660()
 .text          0x00000000c005fbca      0xb96 hal/sound/sndcard.32
                0x00000000c005fbca                SoundCard::beginPlayback()
                0x00000000c005fbd8                SoundCard::stopPlayback()
                0x00000000c005fbe6                SoundCard::SoundCard(char const*)
                0x00000000c005fbe6                SoundCard::SoundCard(char const*)
                0x00000000c005ff6e                SoundCard::~SoundCard()
                0x00000000c005ff6e                SoundCard::~SoundCard()
                0x00000000c006003e                SoundCard::~SoundCard()
                0x00000000c0060068                SoundCard::configureRates(int, int, int)
                0x00000000c0060166                SoundCard::getSamples16(int, short*)
                0x00000000c006030e                SoundCard::getSamples32(int, int*)
                0x00000000c0060626                SoundCard::addChannel(SoundPort*)
                0x00000000c00606f0                SoundCard::removeChannel(int)
 .text          0x00000000c0060760     0x1c81 hal/sound/sndport.32
                0x00000000c0060760                SoundPort::SoundPort(int, int, int, int)
                0x00000000c0060760                SoundPort::SoundPort(int, int, int, int)
                0x00000000c0060afc                SoundPort::~SoundPort()
                0x00000000c0060afc                SoundPort::~SoundPort()
                0x00000000c0060c44                SoundPort::unpause()
                0x00000000c0060c94                SoundPort::pause()
                0x00000000c0060ce4                SoundPort::getBufferUsed()
                0x00000000c0060d30                SoundPort::getBufferSize()
                0x00000000c0060d7c                SoundPort::buffer16(short*, int)
                0x00000000c00612ec                SoundPort::buffer32(int*, int)
                0x00000000c006184c                SoundPort::unbufferAndAdd16(int, short*, SoundCard*)
                0x00000000c0061da4                SoundPort::unbufferAndAdd32(int, int*, SoundCard*)
 .text          0x00000000c00623e1        0x0 hw/bus/isa.32
 *fill*         0x00000000c00623e1        0x1 
 .text          0x00000000c00623e2     0x243f hw/bus/pci.32
                0x00000000c00623e2                PCI::close(int, int, void*)
                0x00000000c00623e6                PCI::open(int, int, void*)
                0x00000000c00624a6                PCI::PCI()
                0x00000000c00624a6                PCI::PCI()
                0x00000000c0062878                PCI::readBAR8(unsigned int, int)
                0x00000000c00628b2                PCI::readBAR16(unsigned int, int)
                0x00000000c00628f2                PCI::readBAR32(unsigned int, int)
                0x00000000c0062930                PCI::writeBAR8(unsigned int, unsigned char, int)
                0x00000000c0062974                PCI::writeBAR16(unsigned int, unsigned short, int)
                0x00000000c00629b6                PCI::writeBAR32(unsigned int, unsigned int, int)
                0x00000000c00629fa                PCI::legacyMechanism(unsigned char, unsigned char, unsigned char, unsigned char)
                0x00000000c0062a70                PCI::pciReadWord(unsigned char, unsigned char, unsigned char, unsigned char)
                0x00000000c0062ba8                PCI::getVendorID(unsigned char, unsigned char, unsigned char)
                0x00000000c0062bfe                PCI::getHeaderType(unsigned char, unsigned char, unsigned char)
                0x00000000c0062c56                PCI::getClassCode(unsigned char, unsigned char, unsigned char)
                0x00000000c0062cea                PCI::getProgIF(unsigned char, unsigned char, unsigned char)
                0x00000000c0062d42                PCI::getRevisionID(unsigned char, unsigned char, unsigned char)
                0x00000000c0062d98                PCI::getInterruptNumber(unsigned char, unsigned char, unsigned char)
                0x00000000c0062dee                PCI::getSecondaryBus(unsigned char, unsigned char, unsigned char)
                0x00000000c0062e46                PCI::getBARAddress(unsigned char, unsigned char, unsigned char, unsigned char)
                0x00000000c0062ef8                PCI::pciWriteWord(unsigned char, unsigned char, unsigned char, unsigned char, unsigned short)
                0x00000000c0063064                PCI::pciDetailsToFilepath(PCIDeviceInfo, char*)
                0x00000000c0063b0a                PCI::checkBus(unsigned char)
                0x00000000c0063b4a                PCI::foundDevice(PCIDeviceInfo)
                0x00000000c00640e8                PCI::getDeviceData(unsigned char, unsigned char, unsigned char)
                0x00000000c0064666                PCI::checkDevice(unsigned char, unsigned char)
                0x00000000c0064760                PCI::detect()
 *fill*         0x00000000c0064821        0x1 
 .text          0x00000000c0064822     0x33da hw/diskctrl/ide.32
                0x00000000c0064822                IDE::close(int, int, void*)
                0x00000000c0064826                IDE::IDE()
                0x00000000c0064826                IDE::IDE()
                0x00000000c006494e                IDE::prepareInterrupt(unsigned char)
                0x00000000c00649af                selectDrive(unsigned char, unsigned char)
                0x00000000c00649b0                IDE::getBase(unsigned char)
                0x00000000c0064a12                IDE::write(unsigned char, unsigned char, unsigned char)
                0x00000000c0064ce8                IDE::read(unsigned char, unsigned char)
                0x00000000c0064fb0                IDE::waitInterrupt(unsigned char)
                0x00000000c00650d5                ideChannel0IRQHandler(regs*, void*)
                0x00000000c0065144                ideChannel1IRQHandler(regs*, void*)
                0x00000000c00651b4                IDE::enableIRQs(unsigned char, bool)
                0x00000000c00652ca                IDE::open(int, int, void*)
                0x00000000c0066960                IDE::readBuffer(unsigned char, unsigned char, unsigned int, unsigned int)
                0x00000000c0066c52                IDE::detect()
                0x00000000c0067a46                IDE::printError(unsigned char, unsigned char, unsigned char)
                0x00000000c0067b76                IDE::polling(unsigned char, unsigned int)
 .text          0x00000000c0067bfc      0xf7b hw/diskctrl/satabus.32
                0x00000000c0067bfc                SATABus::close(int, int, void*)
                0x00000000c0067c00                SATABus::detect()
                0x00000000c0067c02                SATABus::SATABus()
                0x00000000c0067c02                SATABus::SATABus()
                0x00000000c0067e78                SATABus::findCmdslot(SATABus::tagHBA_PORT volatile*)
                0x00000000c0067f6c                SATABus::checkType(SATABus::tagHBA_PORT volatile*)
                0x00000000c0068006                SATABus::startCmd(SATABus::tagHBA_PORT volatile*)
                0x00000000c0068092                SATABus::stopCmd(SATABus::tagHBA_PORT volatile*)
                0x00000000c0068140                SATABus::portRebase(SATABus::tagHBA_PORT volatile*, int)
                0x00000000c0068778                SATABus::probePort(SATABus::tagHBA_MEM volatile*)
                0x00000000c0068acc                SATABus::open(int, int, void*)
 *fill*         0x00000000c0068b77        0x1 
 .text          0x00000000c0068b78     0x195e hw/diskphys/ata.32
                0x00000000c0068b78                ATA::powerSaving(PowerSavingLevel)
                0x00000000c0068b7a                ATA::close(int, int, void*)
                0x00000000c0068c1e                ATA::ATA()
                0x00000000c0068c1e                ATA::ATA()
                0x00000000c0068cf8                ATA::flush(bool)
                0x00000000c0068e26                ATA::readyForCommand()
                0x00000000c0068f1e                ATA::access(unsigned long long, int, void*, bool)
                0x00000000c0069ac8                ATA::detectCHS()
                0x00000000c0069bc2                ATA::open(int, int, void*)
                0x00000000c006a0c9                combineCharAndColour(char, unsigned char)
                0x00000000c006a0da                combineColours(unsigned char, unsigned char)
                0x00000000c006a0e8                ATA::read(unsigned long long, int, void*)
                0x00000000c006a2de                ATA::write(unsigned long long, int, void*)
 .text          0x00000000c006a4d6     0x1731 hw/diskphys/atapi.32
                0x00000000c006a4d6                ATAPI::write(unsigned long long, int, void*)
                0x00000000c006a4dc                ATAPI::close(int, int, void*)
                0x00000000c006a580                ATAPI::ATAPI()
                0x00000000c006a580                ATAPI::ATAPI()
                0x00000000c006a65a                ATAPI::readyForCommand()
                0x00000000c006a758                ATAPI::sendPacket(unsigned char*, int, bool, unsigned short*, int)
                0x00000000c006b234                ATAPI::diskRemoved()
                0x00000000c006b36a                ATAPI::eject()
                0x00000000c006b3e6                ATAPI::diskInserted()
                0x00000000c006b432                ATAPI::detectMedia()
                0x00000000c006b628                ATAPI::open(int, int, void*)
                0x00000000c006baca                ATAPI::read(unsigned long long, int, void*)
 *fill*         0x00000000c006bc07        0x1 
 .text          0x00000000c006bc08     0x131b hw/diskphys/sata.32
                0x00000000c006bc08                SATA::powerSaving(PowerSavingLevel)
                0x00000000c006bc0a                SATA::close(int, int, void*)
                0x00000000c006bcae                SATA::open(int, int, void*)
                0x00000000c006bf08                SATA::SATA()
                0x00000000c006bf08                SATA::SATA()
                0x00000000c006bfe2                SATA::access(unsigned long long, int, void*, bool)
                0x00000000c006c9f2                SATA::read(unsigned long long, int, void*)
                0x00000000c006cc6e                SATA::write(unsigned long long, int, void*)
 *fill*         0x00000000c006cf23        0x1 
 .text          0x00000000c006cf24     0x16c5 hw/diskphys/satapi.32
                0x00000000c006cf24                SATAPI::write(unsigned long long, int, void*)
                0x00000000c006cf2a                SATAPI::close(int, int, void*)
                0x00000000c006cfce                SATAPI::SATAPI()
                0x00000000c006cfce                SATAPI::SATAPI()
                0x00000000c006d0a8                SATAPI::diskRemoved()
                0x00000000c006d0aa                SATAPI::diskInserted()
                0x00000000c006d102                SATAPI::sendPacket(unsigned char*, int, unsigned long long, unsigned short*, int)
                0x00000000c006dc9e                SATAPI::eject()
                0x00000000c006dd56                SATAPI::detectMedia()
                0x00000000c006dff6                SATAPI::open(int, int, void*)
                0x00000000c006e35e                SATAPI::read(unsigned long long, int, void*)
 *fill*         0x00000000c006e5e9        0x1 
 .text          0x00000000c006e5ea     0x128b hw/intctrl/apic.32
                0x00000000c006e5ea                IOAPIC::close(int, int, void*)
                0x00000000c006e5f0                apicGetBase()
                0x00000000c006e69e                IOAPIC::IOAPIC()
                0x00000000c006e69e                IOAPIC::IOAPIC()
                0x00000000c006e772                apicOpen()
                0x00000000c006ed6a                IOAPIC::handlesGSIWithNumber(unsigned int)
                0x00000000c006ee7c                IOAPIC::read(int)
                0x00000000c006ef50                IOAPIC::open(int, int, void*)
                0x00000000c006f57c                IOAPIC::write(int, int)
                0x00000000c006f658                IOAPIC::redirect(unsigned char, unsigned long long, unsigned char, bool, bool)
 *fill*         0x00000000c006f875        0x3 
 .text          0x00000000c006f878      0x45c hw/timer/apictimer.32
                0x00000000c006f878                APICTimer::close(int, int, void*)
                0x00000000c006f880                apicTimerHandler(regs*, void*)
                0x00000000c006f8ec                APICTimer::open(int, int, void*)
                0x00000000c006fb74                APICTimer::write(int)
                0x00000000c006fbec                APICTimer::APICTimer()
                0x00000000c006fbec                APICTimer::APICTimer()
 .text          0x00000000c006fcd4      0x741 hw/timer/pit.32
                0x00000000c006fcd4                PIT::write(int)
                0x00000000c006fdd0                pitHandler(regs*, void*)
                0x00000000c006fe20                PIT::open(int, int, void*)
                0x00000000c006ff98                PIT::close(int, int, void*)
                0x00000000c0070064                PIT::PIT()
                0x00000000c0070064                PIT::PIT()
 *fill*         0x00000000c0070415        0xb 
 .text          0x00000000c0070420       0x83 arch/i386/avx.32
                0x00000000c0070420                avxDetect
                0x00000000c007044a                avxSave
                0x00000000c007045b                avxLoad
                0x00000000c007046c                avxInit
                0x00000000c007048e                avxClose
                0x00000000c007048f                wouldSheSayYes
 *fill*         0x00000000c00704a3        0xd 
 .text          0x00000000c00704b0      0x2ec arch/i386/interrupt.32
                0x00000000c00704b0                isr0
                0x00000000c00704c0                isr1
                0x00000000c00704ca                isr2
                0x00000000c00704d4                isr3
                0x00000000c00704de                isr4
                0x00000000c00704e8                isr5
                0x00000000c00704f2                isr6
                0x00000000c00704fc                isr7
                0x00000000c0070506                isr8
                0x00000000c007050e                isr9
                0x00000000c0070518                isr10
                0x00000000c0070520                isr11
                0x00000000c0070528                isr12
                0x00000000c0070530                isr13
                0x00000000c007054a                isr14
                0x00000000c0070552                isr15
                0x00000000c007055c                isr16
                0x00000000c0070566                isr17
                0x00000000c0070570                isr18
                0x00000000c007057a                irq3
                0x00000000c0070584                irq4
                0x00000000c007058e                irq5
                0x00000000c0070598                irq6
                0x00000000c00705a2                irq7
                0x00000000c00705ac                irq8
                0x00000000c00705b6                irq9
                0x00000000c00705c0                irq10
                0x00000000c00705ca                irq11
                0x00000000c00705d4                irq12
                0x00000000c00705de                irq13
                0x00000000c00705e8                irq14
                0x00000000c00705f2                irq15
                0x00000000c00705fc                irq1
                0x00000000c0070603                irq2
                0x00000000c007060a                isr96
                0x00000000c0070611                irq0
                0x00000000c0070616                int_common_stub
                0x00000000c0070648                syscall_common_stub
                0x00000000c007074c                irq16
                0x00000000c0070756                irq17
                0x00000000c0070760                irq18
                0x00000000c007076a                irq19
                0x00000000c0070774                irq20
                0x00000000c007077e                irq21
                0x00000000c0070788                irq22
                0x00000000c0070792                irq23
 *fill*         0x00000000c007079c        0x4 
 .text          0x00000000c00707a0       0x10 arch/i386/rdrand.32
                0x00000000c00707a0                i386GetRDRAND
 .text          0x00000000c00707b0       0x39 arch/i386/sse.32
                0x00000000c00707b0                absolutelyNoChanceInHell
                0x00000000c00707b0                sseDetect
                0x00000000c00707c8                sseSave
                0x00000000c00707d0                sseLoad
                0x00000000c00707d8                sseInit
                0x00000000c00707e8                sseClose
 *fill*         0x00000000c00707e9        0x7 
 .text          0x00000000c00707f0       0x49 arch/i386/x87.32
                0x00000000c00707f6                x87Detect
                0x00000000c0070811                x87Save
                0x00000000c0070818                x87Load
                0x00000000c007081f                x87Init
                0x00000000c0070838                x87Close
 *fill*         0x00000000c0070839        0x3 
 .text          0x00000000c007083c       0x25 /cygdrive/d/Users/Alex/Desktop/Toolchain/Output/bin/../lib/gcc/i386-banana/8.1.0/crtend.o
 .text          0x00000000c0070861        0x0 crtn.32
 *fill*         0x00000000c0070861        0x3 
 .text          0x00000000c0070864      0x14b /cygdrive/d/Users/Alex/Desktop/Toolchain/Output/bin/../lib/gcc/i386-banana/8.1.0/libkgcc.a(_divdi3.o)