Archive member included to satisfy reference by file (symbol)

/cygdrive/d/Users/Alex/Desktop/Toolchain/Output/bin/../lib/gcc/i386-banana/8.1.0/libkgcc.a(_divdi3.o)
                              fs/fat/ff.32 (__divdi3)
/cygdrive/d/Users/Alex/Desktop/Toolchain/Output/bin/../lib/gcc/i386-banana/8.1.0/libkgcc.a(_moddi3.o)
                              compat/resolve.32 (__moddi3)
/cygdrive/d/Users/Alex/Desktop/Toolchain/Output/bin/../lib/gcc/i386-banana/8.1.0/libkgcc.a(_udivdi3.o)
                              fs/fat/ff.32 (__udivdi3)
/cygdrive/d/Users/Alex/Desktop/Toolchain/Output/bin/../lib/gcc/i386-banana/8.1.0/libkgcc.a(_umoddi3.o)
                              compat/resolve.32 (__umoddi3)

Discarded input sections

 .comment       0x0000000000000000       0x12 /cygdrive/d/Users/Alex/Desktop/Toolchain/Output/bin/../lib/gcc/i386-banana/8.1.0/crtbegin.o
 .comment       0x0000000000000000       0x12 acpica/utclib.32
 .comment       0x0000000000000000       0x12 core/malloc.32
 .comment       0x0000000000000000       0x12 libk/string.32
 .comment       0x0000000000000000       0x12 fs/fat/diskio.32
 .comment       0x0000000000000000       0x12 fs/fat/ff.32
 .comment       0x0000000000000000       0x12 fs/fat/ffsystem.32
 .comment       0x0000000000000000       0x12 fs/fat/ffunicode.32
 .comment       0x0000000000000000       0x12 compat/inlines.32
 .comment       0x0000000000000000       0x12 compat/resolve.32
 .group         0x0000000000000000       0x14 core/computer.32
 .group         0x0000000000000000        0xc core/computer.32
 .comment       0x0000000000000000       0x12 core/computer.32
 .comment       0x0000000000000000       0x12 core/gdt.32
 .group         0x0000000000000000        0xc core/idle.32
 .comment       0x0000000000000000       0x12 core/idle.32
 .comment       0x0000000000000000       0x12 core/idt.32
 .comment       0x0000000000000000       0x12 core/kheap.32
 .comment       0x0000000000000000       0x12 core/main.32
 .comment       0x0000000000000000       0x12 core/physmgr.32
 .group         0x0000000000000000        0xc core/pipe.32
 .comment       0x0000000000000000       0x12 core/pipe.32
 .group         0x0000000000000000        0xc core/terminal.32
 .comment       0x0000000000000000       0x12 core/terminal.32
 .comment       0x0000000000000000       0x12 core/tss.32
 .group         0x0000000000000000        0x8 core/unixfile.32
 .group         0x0000000000000000        0x8 core/unixfile.32
 .group         0x0000000000000000        0xc core/unixfile.32
 .group         0x0000000000000000        0x8 core/unixfile.32
 .group         0x0000000000000000        0xc core/unixfile.32
 .group         0x0000000000000000        0x8 core/unixfile.32
 .group         0x0000000000000000        0xc core/unixfile.32
 .group         0x0000000000000000        0xc core/unixfile.32
 .comment       0x0000000000000000       0x12 core/unixfile.32
 .comment       0x0000000000000000       0x12 core/virtmgr.32
 .comment       0x0000000000000000       0x12 coreobjs/c++.32
 .comment       0x0000000000000000       0x12 dbg/kconsole.32
 .group         0x0000000000000000        0xc fs/vfs.32
 .group         0x0000000000000000        0xc fs/vfs.32
 .group         0x0000000000000000        0xc fs/vfs.32
 .comment       0x0000000000000000       0x12 fs/vfs.32
 .group         0x0000000000000000        0xc hal/bus.32
 .comment       0x0000000000000000       0x12 hal/bus.32
 .group         0x0000000000000000        0xc hal/buzzer.32
 .comment       0x0000000000000000       0x12 hal/buzzer.32
 .group         0x0000000000000000        0xc hal/clock.32
 .comment       0x0000000000000000       0x12 hal/clock.32
 .group         0x0000000000000000       0x14 hal/device.32
 .group         0x0000000000000000        0xc hal/device.32
 .group         0x0000000000000000        0x8 hal/device.32
 .group         0x0000000000000000        0xc hal/device.32
 .group         0x0000000000000000        0xc hal/device.32
 .comment       0x0000000000000000       0x12 hal/device.32
 .group         0x0000000000000000        0xc hal/diskctrl.32
 .comment       0x0000000000000000       0x12 hal/diskctrl.32
 .group         0x0000000000000000        0xc hal/diskphys.32
 .comment       0x0000000000000000       0x12 hal/diskphys.32
 .group         0x0000000000000000        0xc hal/fpu.32
 .comment       0x0000000000000000       0x12 hal/fpu.32
 .group         0x0000000000000000        0xc hal/intctrl.32
 .comment       0x0000000000000000       0x12 hal/intctrl.32
 .group         0x0000000000000000        0xc hal/keybrd.32
 .comment       0x0000000000000000       0x12 hal/keybrd.32
 .group         0x0000000000000000        0xc hal/logidisk.32
 .comment       0x0000000000000000       0x12 hal/logidisk.32
 .group         0x0000000000000000        0xc hal/mouse.32
 .comment       0x0000000000000000       0x12 hal/mouse.32
 .comment       0x0000000000000000       0x12 hal/partition.32
 .group         0x0000000000000000        0xc hal/serial.32
[...]
Memory Configuration

Name             Origin             Length             Attributes
*default*        0x0000000000000000 0xffffffffffffffff

Linker script and memory map

LOAD D:/Users/Alex/Desktop/Banana/kernel/boot.32
LOAD crti.32
LOAD /cygdrive/d/Users/Alex/Desktop/Toolchain/Output/bin/../lib/gcc/i386-banana/8.1.0/crtbegin.o
LOAD D:/Users/Alex/Desktop/Banana/kernel/morenasm.32
LOAD acpica/utclib.32
LOAD core/malloc.32
LOAD libk/string.32
LOAD fs/fat/diskio.32
LOAD fs/fat/ff.32
LOAD fs/fat/ffsystem.32
LOAD fs/fat/ffunicode.32
LOAD compat/inlines.32
LOAD compat/resolve.32
LOAD core/computer.32
LOAD core/gdt.32
LOAD core/idle.32
LOAD core/idt.32
LOAD core/kheap.32
LOAD core/main.32
LOAD core/physmgr.32
LOAD core/pipe.32
LOAD core/terminal.32
LOAD core/tss.32
LOAD core/unixfile.32
LOAD core/virtmgr.32
LOAD coreobjs/c++.32
LOAD dbg/kconsole.32
LOAD fs/vfs.32
LOAD hal/bus.32
LOAD hal/buzzer.32
LOAD hal/clock.32
LOAD hal/device.32
LOAD hal/diskctrl.32
LOAD hal/diskphys.32
LOAD hal/fpu.32
LOAD hal/intctrl.32
LOAD hal/keybrd.32
LOAD hal/logidisk.32
LOAD hal/mouse.32
LOAD hal/partition.32
LOAD hal/serial.32
LOAD hal/timer.32
LOAD hal/vcache.32
LOAD hal/video.32
LOAD hw/acpi.32
LOAD hw/cpu.32
LOAD hw/ports.32
LOAD hw/smp.32
LOAD krnl/env.32
LOAD krnl/panic.32
LOAD krnl/powctrl.32
LOAD net/ethernet.32
LOAD reg/registry.32
LOAD sys/sc_eject.32
LOAD sys/sc_exit.32
LOAD sys/sc_getcwd.32
LOAD sys/sc_getpid.32
LOAD sys/sc_getramdata.32
LOAD sys/sc_getvgaptr.32
LOAD sys/sc_loaddll.32
LOAD sys/sc_read.32
LOAD sys/sc_sbrk.32
LOAD sys/sc_setcwd.32
LOAD sys/sc_settime.32
LOAD sys/sc_timezone.32
LOAD sys/sc_write.32
LOAD sys/sc_wsbe.32
LOAD sys/sc_yield.32
LOAD sys/syscalls.32
LOAD thr/elf.32
LOAD thr/prcssthr.32
LOAD vm86/vm8086.32
LOAD vm86/x87em.32
LOAD fs/fat/vfslink.32
LOAD fs/iso9660/vfslink.32
LOAD hal/sound/sndcard.32
LOAD hal/sound/sndport.32
LOAD hw/bus/isa.32
LOAD hw/bus/pci.32
LOAD hw/diskctrl/ide.32
LOAD hw/diskctrl/satabus.32
LOAD hw/diskphys/ata.32
LOAD hw/diskphys/atapi.32
LOAD hw/diskphys/sata.32
LOAD hw/diskphys/satapi.32
LOAD hw/fpu/avx.32
LOAD hw/fpu/mmx.32
LOAD hw/fpu/sse.32
LOAD hw/fpu/x87.32
LOAD hw/intctrl/apic.32
LOAD hw/intctrl/pic.32
LOAD hw/timer/apictimer.32
LOAD hw/timer/pit.32
LOAD hw/fpu/x86/avx.32
LOAD hw/fpu/x86/sse.32
LOAD hw/fpu/x86/x87.32
LOAD /cygdrive/d/Users/Alex/Desktop/Toolchain/Output/bin/../lib/gcc/i386-banana/8.1.0/crtend.o
LOAD crtn.32
LOAD /cygdrive/d/Users/Alex/Desktop/Toolchain/Output/bin/../lib/gcc/i386-banana/8.1.0/libkgcc.a
LOAD D:/Users/Alex/Desktop/Banana/kernel/libsoftfp.a
LOAD D:/Users/Alex/Desktop/Banana/kernel/libk/libm32.a
                0x00000000c0000000                . = 0xc0000000

.text           0x00000000c0000000    0x227ee
 *(.text)
 .text          0x00000000c0000000       0x41 D:/Users/Alex/Desktop/Banana/kernel/boot.32
                0x00000000c0000020                callGlobalConstructors
 .text          0x00000000c0000041        0x0 crti.32
 *fill*         0x00000000c0000041        0x3 
 .text          0x00000000c0000044      0x101 /cygdrive/d/Users/Alex/Desktop/Toolchain/Output/bin/../lib/gcc/i386-banana/8.1.0/crtbegin.o
 *fill*         0x00000000c0000145        0xb 
 .text          0x00000000c0000150      0x430 D:/Users/Alex/Desktop/Banana/kernel/morenasm.32
                0x00000000c0000150                manualPCIProbe
                0x00000000c000019b                prepareTramp
                0x00000000c00001b4                doTPAUSE
                0x00000000c00001be                hasLegacyFPU
                0x00000000c00001e3                is486
                0x00000000c0000219                detectCPUID
                0x00000000c000022f                goToVM86
                0x00000000c000025f                goToUsermode
                0x00000000c0000289                switchToThreadASMFirstTime
                0x00000000c0000297                switchToThreadASM
                0x00000000c0000327                asmQuickAcquireLock
                0x00000000c0000345                asmQuickReleaseLock
                0x00000000c0000351                asmAcquireLock
                0x00000000c0000372                asmReleaseLock
                0x00000000c0000385                loadGDT
                0x00000000c00003a5                isr0
                0x00000000c00003b5                isr1
                0x00000000c00003bf                isr2
                0x00000000c00003c9                isr3
                0x00000000c00003d3                isr4
                0x00000000c00003dd                isr5
                0x00000000c00003e7                isr6
                0x00000000c00003f1                isr7
                0x00000000c00003fb                isr8
                0x00000000c0000403                isr9
                0x00000000c000040d                isr10
                0x00000000c0000415                isr11
                0x00000000c000041d                isr12
                0x00000000c0000425                isr13
                0x00000000c000042d                isr14
                0x00000000c0000435                isr15
                0x00000000c000043f                isr16
                0x00000000c0000449                isr17
                0x00000000c0000453                isr18
                0x00000000c000045d                irq3
                0x00000000c0000467                irq4
                0x00000000c0000471                irq5
                0x00000000c000047b                irq6
                0x00000000c0000485                irq7
                0x00000000c000048f                irq8
                0x00000000c0000499                irq9
                0x00000000c00004a3                irq10
                0x00000000c00004ad                irq11
                0x00000000c00004b7                irq12
                0x00000000c00004c1                irq13
                0x00000000c00004cb                irq14
                0x00000000c00004d5                irq15
                0x00000000c00004df                irq1
                0x00000000c00004e6                irq2
                0x00000000c00004ed                isr96
                0x00000000c00004f4                irq0
                0x00000000c00004f9                int_common_stub
                0x00000000c00004f9                syscall_common_stub
                0x00000000c000052b                irq16
                0x00000000c0000535                irq17
                0x00000000c000053f                irq18
                0x00000000c0000549                irq19
                0x00000000c0000553                irq20
                0x00000000c000055d                irq21
                0x00000000c0000567                irq22
                0x00000000c0000571                irq23
                0x00000000c000057b                memcpy
 .text          0x00000000c0000580      0x5dd acpica/utclib.32
                0x00000000c0000580                memcmp
                0x00000000c00005bc                memmove
                0x00000000c0000684                memset
                0x00000000c00006a0                strlen
                0x00000000c00006b8                strpbrk
                0x00000000c00006f4                strtok
                0x00000000c0000740                strcpy
                0x00000000c0000764                strncpy
                0x00000000c00007cc                strcmp
                0x00000000c000080c                strchr
                0x00000000c0000830                strncmp
                0x00000000c0000880                strcat
                0x00000000c00008b0                strncat
                0x00000000c00008ec                strstr
                0x00000000c0000934                toupper
                0x00000000c0000948                tolower
                0x00000000c000095c                simple_strtoul
 .text          0x00000000c0000b5d      0xfad core/malloc.32
                0x00000000c0000cc8                dlfree
                0x00000000c0001023                dlmalloc
                0x00000000c0001560                dlrealloc
                0x00000000c0001703                dlmemalign
                0x00000000c0001826                dlcalloc
                0x00000000c00018c0                dlcfree
                0x00000000c00018c5                dlindependent_calloc
                0x00000000c00018ea                dlindependent_comalloc
                0x00000000c0001901                dlvalloc
                0x00000000c000192c                dlpvalloc
                0x00000000c0001962                dlmalloc_trim
                0x00000000c000196f                dlmalloc_usable_size
                0x00000000c00019a0                dlmallinfo
                0x00000000c0001a6f                dlmalloc_stats
                0x00000000c0001a80                dlmallopt
 .text          0x00000000c0001b0a        0x0 libk/string.32
 .text          0x00000000c0001b0a       0x51 fs/fat/diskio.32
                0x00000000c0001b0a                disk_status
                0x00000000c0001b0d                disk_initialize
                0x00000000c0001b10                disk_read
                0x00000000c0001b26                disk_write
                0x00000000c0001b3c                disk_ioctl
 .text          0x00000000c0001b5b     0x6a69 fs/fat/ff.32
                0x00000000c0004e29                f_mount
                0x00000000c0004e8b                f_open
                0x00000000c00052c7                f_read
                0x00000000c0005547                f_write
                0x00000000c0005801                f_sync
                0x00000000c00059dd                f_close
                0x00000000c0005a0c                f_lseek
                0x00000000c0005ec3                f_opendir
                0x00000000c0005fc5                f_closedir
                0x00000000c0005fe7                f_readdir
                0x00000000c0006082                f_stat
                0x00000000c0006111                f_getfree
                0x00000000c00062dc                f_truncate
                0x00000000c00063d4                f_unlink
                0x00000000c0006557                f_mkdir
                0x00000000c0006783                f_rename
                0x00000000c0006a76                f_chmod
                0x00000000c0006b54                f_utime
                0x00000000c0006c32                f_getlabel
                0x00000000c0006e20                f_setlabel
                0x00000000c000708d                f_expand
                0x00000000c00072c3                f_forward
                0x00000000c00074a1                f_mkfs
 .text          0x00000000c00085c4       0x2f fs/fat/ffsystem.32
                0x00000000c00085c4                ff_memalloc
                0x00000000c00085dc                ff_memfree
 *fill*         0x00000000c00085f3        0x1 
 .text          0x00000000c00085f4      0x274 fs/fat/ffunicode.32
                0x00000000c00085f4                ff_uni2oem
                0x00000000c000868c                ff_oem2uni
                0x00000000c0008700                ff_wtoupper
 .text          0x00000000c0008868       0xa7 compat/inlines.32
                0x00000000c0008868                CPU::current()
                0x00000000c0008874                operator new(unsigned long)
                0x00000000c0008879                operator delete(void*)
                0x00000000c000887e                disableIRQs()
                0x00000000c0008886                enableIRQs()
                0x00000000c0008895                lockScheduler()
                0x00000000c000889d                unlockScheduler()
                0x00000000c00088ac                lockStuff()
                0x00000000c00088ba                unlockStuff()
                0x00000000c00088f4                Virt::getAKernelVAS()
                0x00000000c00088fa                __not_memcpy
 *fill*         0x00000000c000890f        0x1 
 .text          0x00000000c0008910      0x118 compat/resolve.32
                0x00000000c0008910                Krnl::resolveCompatibilitySymbol(char*)
 .text          0x00000000c0008a28      0x841 core/computer.32
                0x00000000c0008a28                Computer::close(int, int, void*)
                0x00000000c0008a6c                Krnl::firstTask()
                0x00000000c0008bc0                Computer::Computer()
                0x00000000c0008bc0                Computer::Computer()
                0x00000000c0008d1c                Computer::setBootMessage(char const*)
                0x00000000c0008d1e                Computer::detectFeatures()
                0x00000000c0008f28                Computer::displayFeatures()
                0x00000000c0008f2a                Computer::rdmsr(unsigned int)
                0x00000000c0008f56                Computer::wrmsr(unsigned int, unsigned long long)
                0x00000000c0008f8e                Computer::shutdown()
                0x00000000c0008fa6                Computer::restart()
                0x00000000c0008fbe                Computer::sleep()
                0x00000000c0008fd2                Computer::nmiEnabled()
                0x00000000c0008fde                Computer::readCMOS(unsigned char)
                0x00000000c0008ff8                Computer::enableNMI(bool)
                0x00000000c0009010                Computer::open(int, int, void*)
                0x00000000c00091ac                Computer::disableNMI()
                0x00000000c00091ba                Computer::writeCMOS(unsigned char, unsigned char)
                0x00000000c00091d8                Computer::handleNMI()
                0x00000000c000923e                Computer::setDiskActivityLight(int, bool)
 *fill*         0x00000000c0009269        0x1 
 .text          0x00000000c000926a      0x19d core/gdt.32
                0x00000000c000926a                GDTEntry::setBase(unsigned int)
                0x00000000c0009286                GDTEntry::setLimit(unsigned int)
                0x00000000c00092a4                GDT::GDT()
                0x00000000c00092a4                GDT::GDT()
                0x00000000c00092ba                GDT::addEntry(GDTEntry)
                0x00000000c00092dc                GDT::getNumberOfEntries()
                0x00000000c00092e4                GDT::flush()
                0x00000000c0009306                GDT::setup()
 .text          0x00000000c0009407       0x6b core/idle.32
                0x00000000c0009407                idleFunction(void*)
 *fill*         0x00000000c0009472        0x2 
 .text          0x00000000c0009474      0x464 core/idt.32
                0x00000000c0009474                IDTEntry::IDTEntry(bool)
                0x00000000c0009474                IDTEntry::IDTEntry(bool)
                0x00000000c00094e6                IDTEntry::setOffset(unsigned int)
                0x00000000c00094fc                IDT::IDT()
                0x00000000c00094fc                IDT::IDT()
                0x00000000c00094fe                IDT::getPointerToInvalidOpcodeEntryForF00F()
                0x00000000c0009506                IDT::addEntry(IDTEntry, int)
                0x00000000c0009520                IDT::addEntry(int, void (*)(), bool)
                0x00000000c0009558                IDT::flush()
                0x00000000c0009572                IDT::setup()
 .text          0x00000000c00098d8      0x191 core/kheap.32
                0x00000000c00098d8                sbrk
                0x00000000c000997b                mmap
                0x00000000c0009991                munmap
                0x00000000c00099a7                liballoc_lock()
                0x00000000c00099b4                liballoc_unlock()
                0x00000000c00099c8                liballoc_alloc(int)
                0x00000000c00099e0                liballoc_free(void*, int)
                0x00000000c00099fb                realloc
                0x00000000c0009a0f                malloc
                0x00000000c0009a1f                free
                0x00000000c0009a2f                rfree
                0x00000000c0009a3f                calloc
 .text          0x00000000c0009a69      0x437 core/main.32
                0x00000000c0009a69                Krnl::setBootMessage(char const*)
                0x00000000c0009ad5                kernel_main
 .text          0x00000000c0009ea0      0x673 core/physmgr.32
                0x00000000c0009ea0                Phys::allocateDMA(unsigned long)
                0x00000000c0009faf                Phys::freeDMA(unsigned long, unsigned long)
                0x00000000c0009ff5                Phys::setPageState(unsigned long, bool)
                0x00000000c000a027                Phys::getPageState(unsigned long)
                0x00000000c000a043                Phys::freePage(unsigned long)
                0x00000000c000a0c6                Phys::allocatePage()
                0x00000000c000a1b1                Phys::allocateContiguousPages(int)
                0x00000000c000a20d                Phys::allowSegmentToBeUsed(unsigned long, unsigned long)
                0x00000000c000a245                Phys::physicalMemorySetup(unsigned int)
 *fill*         0x00000000c000a513        0x1 
 .text          0x00000000c000a514      0x273 core/pipe.32
                0x00000000c000a514                Pipe::isAtty()
                0x00000000c000a518                Pipe::~Pipe()
                0x00000000c000a518                Pipe::~Pipe()
                0x00000000c000a53c                Pipe::~Pipe()
                0x00000000c000a564                Pipe::read(unsigned long long, void*, int*)
                0x00000000c000a660                Pipe::write(unsigned long long, void*, int*)
                0x00000000c000a720                Pipe::Pipe(int)
                0x00000000c000a720                Pipe::Pipe(int)
 *fill*         0x00000000c000a787        0x1 
 .text          0x00000000c000a788      0xb93 core/terminal.32
                0x00000000c000a788                VgaText::isAtty()
                0x00000000c000a78c                VgaText::~VgaText()
                0x00000000c000a78c                VgaText::~VgaText()
                0x00000000c000a7b0                VgaText::~VgaText()
                0x00000000c000a7da                VgaText::read(unsigned long long, void*, int*)
                0x00000000c000a7fa                setTerminalScrollLock(bool)
                0x00000000c000a7fb                addToTerminalCycle(VgaText*)
                0x00000000c000a81c                installVgaTextImplementation()
                0x00000000c000a831                scrollTerminalScrollLock(int)
                0x00000000c000a832                VgaText::updateTitle()
                0x00000000c000a870                VgaText::load()
                0x00000000c000a8be                VgaText::updateCursor()
                0x00000000c000a8d4                VgaText::doANSI_SGR(int)
                0x00000000c000a948                VgaText::setDefaultBgColour(VgaColour)
                0x00000000c000a958                VgaText::setDefaultFgColour(VgaColour)
                0x00000000c000a968                VgaText::setDefaultColours(VgaColour, VgaColour)
                0x00000000c000a988                VgaText::setTitleTextColour(VgaColour)
                0x00000000c000a998                VgaText::setTitleColour(VgaColour)
                0x00000000c000a9a8                VgaText::setTitle(char*)
                0x00000000c000a9ce                VgaText::combineColours(unsigned char, unsigned char)
                0x00000000c000a9e0                VgaText::scrollScreen()
                0x00000000c000aa74                VgaText::combineCharAndColour(char, unsigned char)
                0x00000000c000aa86                VgaText::writeCharacter(char, VgaColour, VgaColour, int, int)
                0x00000000c000aae2                VgaText::getCursorX()
                0x00000000c000aaea                VgaText::getCursorY()
                0x00000000c000aaf2                VgaText::setCursor(int, int)
                0x00000000c000ab09                setActiveTerminal(VgaText*)
                0x00000000c000ab6b                doTerminalCycle()
                0x00000000c000ab86                VgaText::setCursorX(int)
                0x00000000c000ab9e                VgaText::setCursorY(int)
                0x00000000c000abb6                VgaText::incrementCursor(bool)
                0x00000000c000ac0a                VgaText::decrementCursor(bool)
                0x00000000c000ac2c                VgaText::putchar(char, VgaColour, VgaColour)
                0x00000000c000ad04                VgaText::doUpdate()
                0x00000000c000ad12                VgaText::puts(char const*, VgaColour, VgaColour)
                0x00000000c000ae8a                VgaText::clearScreen()
                0x00000000c000aee4                VgaText::putchar(char)
                0x00000000c000afd0                VgaText::putx(unsigned int)
                0x00000000c000b016                VgaText::puts(char const*)
                0x00000000c000b03c                VgaText::VgaText(char const*)
                0x00000000c000b03c                VgaText::VgaText(char const*)
                0x00000000c000b1ba                VgaText::receiveKey(unsigned char)
                0x00000000c000b2a2                VgaText::write(unsigned long long, void*, int*)
                0x00000000c000b2f6                newTerminal(char*)
 *fill*         0x00000000c000b31b        0x1 
 .text          0x00000000c000b31c      0x1a1 core/tss.32
                0x00000000c000b31c                TSS::TSS()
                0x00000000c000b31c                TSS::TSS()
                0x00000000c000b32c                TSS::setESP(unsigned long)
                0x00000000c000b340                TSS::flush()
                0x00000000c000b360                TSS::setup(unsigned long, unsigned long)
 *fill*         0x00000000c000b4bd        0x1 
 .text          0x00000000c000b4be      0x4c2 core/unixfile.32
                0x00000000c000b4be                ReservedFilename::read(unsigned long long, void*, int*)
                0x00000000c000b514                ReservedFilename::isAtty()
                0x00000000c000b530                ReservedFilename::write(unsigned long long, void*, int*)
                0x00000000c000b58e                UnixFile::getFileDescriptor()
                0x00000000c000b596                UnixFile::UnixFile(int)
                0x00000000c000b596                UnixFile::UnixFile(int)
                0x00000000c000b746                ReservedFilename::ReservedFilename(int)
                0x00000000c000b746                ReservedFilename::ReservedFilename(int)
                0x00000000c000b778                UnixFile::~UnixFile()
                0x00000000c000b778                UnixFile::~UnixFile()
                0x00000000c000b810                UnixFile::~UnixFile()
                0x00000000c000b838                ReservedFilename::~ReservedFilename()
                0x00000000c000b838                ReservedFilename::~ReservedFilename()
                0x00000000c000b85c                ReservedFilename::~ReservedFilename()
                0x00000000c000b883                getFromFileDescriptor(int)
 .text          0x00000000c000b980     0x1218 core/virtmgr.32
                0x00000000c000b980                Virt::setPageState(unsigned long, Virt::VirtPageState)
                0x00000000c000b9b5                Virt::getPageState(unsigned long)
                0x00000000c000b9d9                Virt::allocateKernelVirtualPages(int)
                0x00000000c000baea                Virt::freeSwapfilePage(unsigned long)
                0x00000000c000bb08                Virt::swapIDToSector(unsigned long)
                0x00000000c000bb1a                Virt::allocateSwapfilePage()
                0x00000000c000bb98                Virt::virtualMemorySetup()
                0x00000000c000bbe3                Virt::setupPageSwapping(int)
                0x00000000c000bc54                VAS::VAS()
                0x00000000c000bc54                VAS::VAS()
                0x00000000c000bc90                VAS::VAS(VAS*)
                0x00000000c000bc90                VAS::VAS(VAS*)
                0x00000000c000bcbe                VAS::getForeignPageTableEntry(bool, unsigned long)
                0x00000000c000bcea                VAS::getPageTableEntry(unsigned long)
                0x00000000c000bd09                Virt::freeKernelVirtualPages(unsigned long)
                0x00000000c000be2c                VAS::freeAllocatedPages(unsigned long)
                0x00000000c000be50                VAS::virtualToPhysical(unsigned long)
                0x00000000c000be68                VAS::reflagRange(unsigned long, int, int, int)
                0x00000000c000bea8                VAS::setToWriteCombining(unsigned long, int)
                0x00000000c000beda                VAS::mapOtherVASIn(bool, VAS*)
                0x00000000c000bf04                VAS::~VAS()
                0x00000000c000bf04                VAS::~VAS()
                0x00000000c000c080                VAS::mapPage(unsigned long, unsigned long, int)
                0x00000000c000c182                VAS::allocatePages(int, int)
                0x00000000c000c35a                VAS::setCPUSpecific(unsigned long)
                0x00000000c000c376                VAS::mapRange(unsigned long, unsigned long, int, int)
                0x00000000c000c43c                VAS::mapForeignPage(bool, VAS*, unsigned long, unsigned long, int)
                0x00000000c000c52a                VAS::VAS(bool)
                0x00000000c000c52a                VAS::VAS(bool)
                0x00000000c000c7aa                VAS::evict(unsigned long)
                0x00000000c000c87a                VAS::tryLoadBackOffDisk(unsigned long)
                0x00000000c000c98e                VAS::scanForEviction()
                0x00000000c000ca6c                mapVASFirstTime
 .text          0x00000000c000cb98       0x95 coreobjs/c++.32
                0x00000000c000cb98                __cxa_atexit
                0x00000000c000cb9b                __cxa_finalize
                0x00000000c000cb9c                __stack_chk_fail
                0x00000000c000cc08                __cxa_pure_virtual
                0x00000000c000cc19                operator new[](unsigned long)
                0x00000000c000cc1e                operator delete(void*, unsigned long)
                0x00000000c000cc23                operator delete[](void*)
                0x00000000c000cc28                operator delete[](void*, unsigned long)
 .text          0x00000000c000cc2d      0x1fc dbg/kconsole.32
                0x00000000c000cc2d                Dbg::stringifyxWithBase(unsigned int, char*, int)
                0x00000000c000cc86                Dbg::logc(char)
                0x00000000c000cca6                Dbg::logs(char*)
                0x00000000c000ccc3                Dbg::logWriteInt(unsigned int)
                0x00000000c000cce0                Dbg::logWriteIntBase(unsigned int, int)
                0x00000000c000ccff                Dbg::kprintf(char const*, ...)
 *fill*         0x00000000c000ce29        0x1 
 .text          0x00000000c000ce2a      0xbc0 fs/vfs.32
                0x00000000c000ce2a                File::read(unsigned long long, void*, int*)
                0x00000000c000ce82                File::write(unsigned long long, void*, int*)
                0x00000000c000ceda                Directory::read(unsigned long long, void*, int*)
                0x00000000c000cf32                Directory::write(unsigned long long, void*, int*)
                0x00000000c000cf60                File::isAtty()
                0x00000000c000cf64                Directory::isAtty()
                0x00000000c000cf68                Filesystem::getlabel(LogicalDisk*, int, char*, unsigned int*)
                0x00000000c000cf6e                Filesystem::setlabel(LogicalDisk*, int, char*)
                0x00000000c000cf74                Filesystem::allocateSwapfile(char const*, int)
                0x00000000c000cf7a                File::~File()
                0x00000000c000cf7a                File::~File()
                0x00000000c000cf9e                File::~File()
                0x00000000c000cfc8                Directory::~Directory()
                0x00000000c000cfc8                Directory::~Directory()
                0x00000000c000cfec                Directory::~Directory()
                0x00000000c000d016                Filesystem::Filesystem()
                0x00000000c000d016                Filesystem::Filesystem()
                0x00000000c000d03a                Filesystem::~Filesystem()
                0x00000000c000d03a                Filesystem::~Filesystem()
                0x00000000c000d048                Filesystem::~Filesystem()
                0x00000000c000d06c                Fs::getcwd(Process*, char*, int)
                0x00000000c000d096                Fs::initVFS()
                0x00000000c000d0c0                Fs::standardiseFiles(char*, char const*, char const*)
                0x00000000c000d26a                File::File(char const*, Process*)
                0x00000000c000d26a                File::File(char const*, Process*)
                0x00000000c000d30c                File::open(FileOpenMode)
                0x00000000c000d36a                File::close()
                0x00000000c000d3ca                File::seek(unsigned long long)
                0x00000000c000d420                File::tell(unsigned long long*)
                0x00000000c000d470                File::rewind()
                0x00000000c000d484                File::unlink()
                0x00000000c000d4d0                File::rename(char const*)
                0x00000000c000d51e                File::chfatattr(unsigned char, unsigned char)
                0x00000000c000d57a                File::exists()
                0x00000000c000d5b8                File::stat(unsigned long long*, bool*)
                0x00000000c000d619                Fs::setcwd(Process*, char*)
                0x00000000c000d754                Directory::Directory(char const*, Process*)
                0x00000000c000d754                Directory::Directory(char const*, Process*)
                0x00000000c000d7b8                Directory::open()
                0x00000000c000d814                Directory::close()
                0x00000000c000d874                Directory::unlink()
                0x00000000c000d8c0                Directory::rename(char const*)
                0x00000000c000d90e                Directory::exists()
                0x00000000c000d94c                Directory::read(dirent*)
                0x00000000c000d998                Directory::create()
                0x00000000c000d9e4                Filesystem::chfatattr(char const*, unsigned char, unsigned char)
 *fill*         0x00000000c000d9ea        0x2 
 .text          0x00000000c000d9ec       0x86 hal/bus.32
                0x00000000c000d9ec                Bus::Bus(char const*)
                0x00000000c000d9ec                Bus::Bus(char const*)
                0x00000000c000da24                Bus::~Bus()
                0x00000000c000da24                Bus::~Bus()
                0x00000000c000da48                Bus::~Bus()
 *fill*         0x00000000c000da72        0x2 
 .text          0x00000000c000da74      0x153 hal/buzzer.32
                0x00000000c000da74                Buzzer::Buzzer(char const*)
                0x00000000c000da74                Buzzer::Buzzer(char const*)
                0x00000000c000dab8                Buzzer::~Buzzer()
                0x00000000c000dab8                Buzzer::~Buzzer()
                0x00000000c000dadc                Buzzer::~Buzzer()
                0x00000000c000db06                Buzzer::stop()
                0x00000000c000db19                beepThread(void*)
                0x00000000c000db5a                Buzzer::beep(int, int, bool)
 *fill*         0x00000000c000dbc7        0x1 
 .text          0x00000000c000dbc8      0x467 hal/clock.32
                0x00000000c000dbc8                User::loadClockSettings(int)
                0x00000000c000dc1a                Clock::Clock(char const*)
                0x00000000c000dc1a                Clock::Clock(char const*)
                0x00000000c000dc50                Clock::~Clock()
                0x00000000c000dc50                Clock::~Clock()
                0x00000000c000dc74                Clock::~Clock()
                0x00000000c000dc9e                Clock::timeInSecondsLocal()
                0x00000000c000dce6                Clock::setTimeInSecondsLocal(unsigned long long)
                0x00000000c000dd3f                datetimeToSeconds(datetime_t)
                0x00000000c000de66                Clock::setTimeInDatetimeLocal(datetime_t)
                0x00000000c000dec6                secondsToDatetime(unsigned long long)
                0x00000000c000e00a                Clock::timeInDatetimeLocal()
 *fill*         0x00000000c000e02f        0x1 
 .text          0x00000000c000e030      0x504 hal/device.32
                0x00000000c000e030                Device::hibernate()
                0x00000000c000e032                Device::wake()
                0x00000000c000e034                Device::detect()
                0x00000000c000e036                Device::disableLegacy()
                0x00000000c000e038                Device::powerSaving(PowerSavingLevel)
                0x00000000c000e03a                DriverlessDevice::close(int, int, void*)
                0x00000000c000e03e                DriverlessDevice::detect()
                0x00000000c000e040                DriverlessDevice::open(int, int, void*)
                0x00000000c000e054                Device::~Device()
                0x00000000c000e054                Device::~Device()
                0x00000000c000e062                Device::~Device()
                0x00000000c000e08a                Device::findAndLoadDriver()
                0x00000000c000e098                Device::preOpenPCI(PCIDeviceInfo)
                0x00000000c000e0be                Device::preOpenACPI(void*, char*, char*)
                0x00000000c000e0fe                Device::addIRQHandler(int, void (*)(regs*, void*), bool, void*)
                0x00000000c000e13c                Device::getParent()
                0x00000000c000e148                Device::removeIRQHandler(int, void (*)(regs*, void*), bool)
                0x00000000c000e186                Device::addChild(Device*)
                0x00000000c000e1ca                Device::removeAllChildren()
                0x00000000c000e210                Device::hibernateAll()
                0x00000000c000e240                Device::wakeAll()
                0x00000000c000e270                Device::detectAll()
                0x00000000c000e2a0                Device::disableLegacyAll()
                0x00000000c000e2d0                Device::loadDriversForAll()
                0x00000000c000e310                Device::closeAll()
                0x00000000c000e346                Device::powerSavingAll(PowerSavingLevel)
                0x00000000c000e37c                Device::setName(char const*)
                0x00000000c000e38a                Device::Device(char const*)
                0x00000000c000e38a                Device::Device(char const*)
                0x00000000c000e486                Device::getName()
                0x00000000c000e490                DriverlessDevice::DriverlessDevice(char const*)
                0x00000000c000e490                DriverlessDevice::DriverlessDevice(char const*)
                0x00000000c000e4c6                Device::addToLinkedList(LinkedList<Device>&, DeviceType)
                0x00000000c000e50a                getDevicesOfType(DeviceType)
 .text          0x00000000c000e534       0x86 hal/diskctrl.32
                0x00000000c000e534                HardDiskController::HardDiskController(char const*)
                0x00000000c000e534                HardDiskController::HardDiskController(char const*)
                0x00000000c000e56c                HardDiskController::~HardDiskController()
                0x00000000c000e56c                HardDiskController::~HardDiskController()
                0x00000000c000e590                HardDiskController::~HardDiskController()
 .text          0x00000000c000e5ba       0xe2 hal/diskphys.32
                0x00000000c000e5ba                PhysicalDisk::eject()
                0x00000000c000e5be                PhysicalDisk::PhysicalDisk(char const*, int)
                0x00000000c000e5be                PhysicalDisk::PhysicalDisk(char const*, int)
                0x00000000c000e626                PhysicalDisk::startCache()
                0x00000000c000e64e                PhysicalDisk::~PhysicalDisk()
                0x00000000c000e64e                PhysicalDisk::~PhysicalDisk()
                0x00000000c000e672                PhysicalDisk::~PhysicalDisk()
 .text          0x00000000c000e69c      0x147 hal/fpu.32
                0x00000000c000e69c                FPU::FPU(char const*)
                0x00000000c000e69c                FPU::FPU(char const*)
                0x00000000c000e6d4                FPU::~FPU()
                0x00000000c000e6d4                FPU::~FPU()
                0x00000000c000e6f8                FPU::~FPU()
                0x00000000c000e722                setupFPU()
 *fill*         0x00000000c000e7e3        0x1 
 .text          0x00000000c000e7e4     0x11e1 hal/intctrl.32
                0x00000000c000e7e4                InterruptController::uninstallISRHandler(int, void (*)(regs*, void*))
                0x00000000c000e81c                InterruptController::installISRHandler(int, void (*)(regs*, void*), void*)
                0x00000000c000e86e                doubleFault(regs*, void*)
                0x00000000c000e888                InterruptController::installIRQHandler(int, void (*)(regs*, void*), bool, void*)
                0x00000000c000e924                InterruptController::clearAllHandlers(int, bool)
                0x00000000c000e9cc                InterruptController::uninstallIRQHandler(int, void (*)(regs*, void*), bool)
                0x00000000c000ea53                nmiHandler(regs*, void*)
                0x00000000c000ea61                int_handler
                0x00000000c000eb02                InterruptController::InterruptController(char const*)
                0x00000000c000eb02                InterruptController::InterruptController(char const*)
                0x00000000c000eba8                InterruptController::~InterruptController()
                0x00000000c000eba8                InterruptController::~InterruptController()
                0x00000000c000ebcc                InterruptController::~InterruptController()
                0x00000000c000ebf6                displayDebugInfo(regs*)
                0x00000000c000f085                x87EmulHandler(regs*, void*)
                0x00000000c000f0f8                gpFault(regs*, void*)
                0x00000000c000f131                pgFault(regs*, void*)
                0x00000000c000f180                otherISRHandler(regs*, void*)
                0x00000000c000f19f                opcodeFault(regs*, void*)
                0x00000000c000f562                displayProgramFault(char const*)
                0x00000000c000f58a                setupInterruptController()
                0x00000000c000f978                InterruptController::convertLegacyIRQNumber(int)
 *fill*         0x00000000c000f9c5        0x1 
 .text          0x00000000c000f9c6      0x788 hal/keybrd.32
                0x00000000c000f9c6                startGUI(void*)
                0x00000000c000fa32                startGUIVESA(void*)
                0x00000000c000fa9e                sendKeyToTerminal(unsigned char)
                0x00000000c000fb5c                sendKeyboardToken(KeyboardToken)
                0x00000000c000ff9e                clearInternalKeybuffer(VgaText*)
                0x00000000c000ffd3                readKeyboard(VgaText*, char*, unsigned long)
                0x00000000c00100c4                Keyboard::Keyboard(char const*)
                0x00000000c00100c4                Keyboard::Keyboard(char const*)
                0x00000000c0010100                Keyboard::~Keyboard()
                0x00000000c0010100                Keyboard::~Keyboard()
                0x00000000c0010124                Keyboard::~Keyboard()
 .text          0x00000000c001014e      0x3ea hal/logidisk.32
                0x00000000c001014e                LogicalDisk::close(int, int, void*)
                0x00000000c0010152                LogicalDisk::~LogicalDisk()
                0x00000000c0010152                LogicalDisk::~LogicalDisk()
                0x00000000c0010176                LogicalDisk::~LogicalDisk()
                0x00000000c00101a0                LogicalDisk::open(int, int, void*)
                0x00000000c00101b4                LogicalDisk::absoluteToRelative(unsigned long long)
                0x00000000c00101ec                LogicalDisk::relativeToAbsolute(unsigned long long)
                0x00000000c0010232                LogicalDisk::LogicalDisk(char const*, PhysicalDisk*, unsigned long long, unsigned long long)
                0x00000000c0010232                LogicalDisk::LogicalDisk(char const*, PhysicalDisk*, unsigned long long, unsigned long long)
                0x00000000c00102e8                LogicalDisk::assignDriveLetter()
                0x00000000c001039e                LogicalDisk::mount()
                0x00000000c00103e6                LogicalDisk::unmount()
                0x00000000c00103f6                LogicalDisk::eject()
                0x00000000c001040a                LogicalDisk::unassignDriveLetter()
                0x00000000c0010460                LogicalDisk::read(unsigned long long, int, void*)
                0x00000000c00104cc                LogicalDisk::write(unsigned long long, int, void*)
 .text          0x00000000c0010538       0x86 hal/mouse.32
                0x00000000c0010538                Mouse::Mouse(char const*)
                0x00000000c0010538                Mouse::Mouse(char const*)
                0x00000000c0010570                Mouse::~Mouse()
                0x00000000c0010570                Mouse::~Mouse()
                0x00000000c0010594                Mouse::~Mouse()
 .text          0x00000000c00105be      0x339 hal/partition.32
                0x00000000c00105be                makePartition(PhysicalDisk*, unsigned long long, unsigned long long)
                0x00000000c0010666                createPartitionsForDisk(PhysicalDisk*)
 *fill*         0x00000000c00108f7        0x1 
 .text          0x00000000c00108f8       0x86 hal/serial.32
                0x00000000c00108f8                Serial::Serial(char const*)
                0x00000000c00108f8                Serial::Serial(char const*)
                0x00000000c0010930                Serial::~Serial()
                0x00000000c0010930                Serial::~Serial()
                0x00000000c0010954                Serial::~Serial()
 *fill*         0x00000000c001097e        0x2 
 .text          0x00000000c0010980      0x2f2 hal/timer.32
                0x00000000c0010980                Timer::Timer(char const*)
                0x00000000c0010980                Timer::Timer(char const*)
                0x00000000c00109b8                Timer::~Timer()
                0x00000000c00109b8                Timer::~Timer()
                0x00000000c00109dc                Timer::~Timer()
                0x00000000c0010a06                Timer::read()
                0x00000000c0010a11                timerHandler(unsigned int)
                0x00000000c0010b78                setupTimer(int)
 *fill*         0x00000000c0010c72        0x2 
 .text          0x00000000c0010c74      0x42e hal/vcache.32
                0x00000000c0010c74                VCache::VCache(PhysicalDisk*)
                0x00000000c0010c74                VCache::VCache(PhysicalDisk*)
                0x00000000c0010ddc                VCache::invalidateReadBuffer()
                0x00000000c0010dec                VCache::writeWriteBuffer()
                0x00000000c0010e28                VCache::~VCache()
                0x00000000c0010e28                VCache::~VCache()
                0x00000000c0010e7c                VCache::~VCache()
                0x00000000c0010ea4                VCache::write(unsigned long long, int, void*)
                0x00000000c0010f9e                VCache::read(unsigned long long, int, void*)
 .text          0x00000000c00110a2      0x4b3 hal/video.32
                0x00000000c00110a2                Video::putrect(int, int, int, int, unsigned int)
                0x00000000c00110ee                Video::bitblit(int, int, int, int, int, int, int, unsigned int*)
                0x00000000c001115e                Video::blit(unsigned int*, int, int, int, int)
                0x00000000c00111dc                Video::clearScreen(unsigned int)
                0x00000000c0011210                Video::putpixel(int, int, unsigned int)
                0x00000000c001121e                Video::Video(char const*)
                0x00000000c001121e                Video::Video(char const*)
                0x00000000c0011254                Video::~Video()
                0x00000000c0011254                Video::~Video()
                0x00000000c0011278                Video::~Video()
                0x00000000c00112a2                Video::isMonochrome()
                0x00000000c00112ae                Video::getWidth()
                0x00000000c00112ba                Video::getHeight()
                0x00000000c00112c6                Video::drawCursor(int, int, unsigned char*, int)
                0x00000000c0011382                Video::tgaParse(unsigned char*, int, int*, int*)
                0x00000000c00114ea                Video::putTGA(int, int, unsigned char*, int)
 *fill*         0x00000000c0011555        0x3 
 .text          0x00000000c0011558     0x1707 hw/acpi.32
                0x00000000c0011558                ACPI::close(int, int, void*)
                0x00000000c001160c                findRSDP()
                0x00000000c00116e0                loadACPITables(unsigned char*)
                0x00000000c0011944                findRSDT(unsigned char*)
                0x00000000c0011b04                findDataTable(unsigned char*, char*)
                0x00000000c0011b7c                scanMADT()
                0x00000000c0012058                ACPI::ACPI()
                0x00000000c0012058                ACPI::ACPI()
                0x00000000c00120bc                ACPI::getPCIIRQAssignment(unsigned char, unsigned short, unsigned char)
                0x00000000c00121a4                ACPI::registerPCIIRQAssignment(void*, unsigned short, unsigned char, unsigned char)
                0x00000000c001226c                ACPI::setScreenBrightnessLevel(void*, int)
                0x00000000c0012274                ACPI::detectPCI()
                0x00000000c0012758                ACPI::writeSimpleBootFlag(SimpleBootFlagTable*)
                0x00000000c00127a0                ACPI::sleep()
                0x00000000c00127dc                ACPI::open(int, int, void*)
 *fill*         0x00000000c0012c5f        0x1 
 .text          0x00000000c0012c60     0x1583 hw/cpu.32
                0x00000000c0012c60                CPU::close(int, int, void*)
                0x00000000c0012c64                CPU::lookupAMDName(unsigned char, unsigned char)
                0x00000000c0012df8                CPU::lookupIntelName(unsigned char, unsigned char)
                0x00000000c00130a6                CPU::AMD_K6_write_msr(unsigned int, unsigned int, unsigned int, CPU::REGS*)
                0x00000000c00130c2                CPU::AMD_K6_read_msr(unsigned int, CPU::REGS*)
                0x00000000c00130da                CPU::AMD_K6_writeback(int, int, int)
                0x00000000c001314e                CPU::cpuid(int, unsigned long*, unsigned long*, unsigned long*, unsigned long*)
                0x00000000c00131d2                CPU::cpuidCheckEDX(unsigned int)
                0x00000000c0013200                CPU::cpuidCheckECX(unsigned int)
                0x00000000c001322e                CPU::cpuidCheckExtendedEBX(unsigned int)
                0x00000000c001325c                CPU::cpuidCheckExtendedECX(unsigned int)
                0x00000000c001328a                CPU::CPU()
                0x00000000c001328a                CPU::CPU()
                0x00000000c0013318                CPU::displayFeatures()
                0x00000000c001331a                CPU::detectFeatures()
                0x00000000c0013d0c                CPU::setupSMEP()
                0x00000000c0013d18                CPU::setupUMIP()
                0x00000000c0013d22                CPU::setupTSC()
                0x00000000c0013d2c                CPU::setupLargePages()
                0x00000000c0013d36                CPU::setupPAT()
                0x00000000c0013d72                CPU::setupMTRR()
                0x00000000c0013d74                CPU::setupGlobalPages()
                0x00000000c0013d7e                CPU::allowUsermodeDataAccess()
                0x00000000c0013d90                CPU::prohibitUsermodeDataAccess()
                0x00000000c0013da2                CPU::setupSMAP()
                0x00000000c0013db0                CPU::setupFeatures()
                0x00000000c0013e7c                CPU::open(int, int, void*)
                0x00000000c0013fe8                CPU::decodeAddress(regs*, int*, bool*, unsigned char*)
 .text          0x00000000c00141e3        0x0 hw/ports.32
 .text          0x00000000c00141e3      0x16a hw/smp.32
                0x00000000c00141e3                Krnl::smpEntry()
                0x00000000c00141e5                Krnl::startCPU(int)
                0x00000000c001432e                Krnl::startCPUs()
 *fill*         0x00000000c001434d        0x1 
 .text          0x00000000c001434e      0x581 krnl/env.32
                0x00000000c001434e                EnvVarContainer::getEnv(char const*)
                0x00000000c001438c                EnvVarContainer::setEnv(char const*, char const*)
                0x00000000c001444e                EnvVarContainer::deleteEnv(char const*)
                0x00000000c0014450                EnvVarContainer::loadFrom(char const*, char const*)
                0x00000000c0014636                EnvVarContainer::__loadSystem()
                0x00000000c0014650                EnvVarContainer::__loadUser()
                0x00000000c0014652                EnvVarContainer::EnvVarContainer(Process*)
                0x00000000c0014652                EnvVarContainer::EnvVarContainer(Process*)
                0x00000000c0014674                EnvVarContainer::~EnvVarContainer()
                0x00000000c0014674                EnvVarContainer::~EnvVarContainer()
                0x00000000c00146a4                Krnl::getEnv(Process*, char const*)
                0x00000000c0014709                Krnl::setEnvSystem(char const*, char const*)
                0x00000000c0014723                Krnl::setEnvUser(char const*, char const*)
                0x00000000c0014742                Krnl::setEnvProcess(Process*, char const*, char const*)
                0x00000000c0014755                Krnl::deleteEnvSystem(char const*)
                0x00000000c0014756                Krnl::deleteEnvUser(char const*)
                0x00000000c0014757                Krnl::deleteEnvProcess(Process*, char const*)
                0x00000000c0014758                Krnl::newProcessEnv(Process*)
                0x00000000c001477a                Krnl::copyProcessEnv(Process*, Process*)
                0x00000000c00147c6                Krnl::loadSystemEnv()
                0x00000000c00147f4                Krnl::loadUserEnv()
                0x00000000c001481a                Krnl::flushEnv()
                0x00000000c001481b                Krnl::getProcessTotalEnvCount(Process*)
                0x00000000c001483b                Krnl::getProcessEnvPair(Process*, int)
 .text          0x00000000c00148cf      0x39c krnl/panic.32
                0x00000000c00148cf                Krnl::panic(char const*)
 .text          0x00000000c0014c6b      0x193 krnl/powctrl.32
                0x00000000c0014c6b                Krnl::powerThread(void*)
                0x00000000c0014cea                Krnl::changePowerSettings(Krnl::PowerSettings)
                0x00000000c0014d00                Krnl::userIOReceived()
                0x00000000c0014d0b                Krnl::handlePowerButton()
                0x00000000c0014d40                Krnl::handleSleepButton()
                0x00000000c0014d75                Krnl::setupPowerManager()
 *fill*         0x00000000c0014dfe        0x2 
 .text          0x00000000c0014e00      0x5a0 net/ethernet.32
                0x00000000c0014e00                Net::switchEndian16(unsigned short)
                0x00000000c0014e24                Net::switchEndian32(unsigned int)
                0x00000000c0014e54                Net::crc32Calc(unsigned char*, int)
                0x00000000c0014ef8                Net::wrapEthernetFrame(Net::UnwrappedEthernetFrame, unsigned char*)
                0x00000000c0015114                Net::unwrapEthernetFrame(unsigned char*, int)
 .text          0x00000000c00153a0      0x50e reg/registry.32
                0x00000000c00153a0                Reg::findLineFromLoadedData(char*, char*, char*)
                0x00000000c00154f8                Reg::getLineFromRegistry(char*, char*, char*, char*)
                0x00000000c001564d                Reg::getLine(char*, char*, char*)
                0x00000000c0015684                Reg::readInt(char*, char*, int*)
                0x00000000c001576f                Reg::readString(char*, char*, char*, int)
                0x00000000c00157f0                Reg::readBool(char*, char*, bool*)
                0x00000000c0015815                Reg::readBoolWithDefault(char*, char*, bool)
                0x00000000c0015841                Reg::readIntWithDefault(char*, char*, int)
                0x00000000c001586d                Reg::readStringWithDefault(char*, char*, char*, int, char*)
 .text          0x00000000c00158ae       0x36 sys/sc_eject.32
                0x00000000c00158ae                Sys::eject(regs*)
 .text          0x00000000c00158e4       0x18 sys/sc_exit.32
                0x00000000c00158e4                Sys::exit(regs*)
 .text          0x00000000c00158fc       0x1f sys/sc_getcwd.32
                0x00000000c00158fc                Sys::getCwd(regs*)
 .text          0x00000000c001591b        0xc sys/sc_getpid.32
                0x00000000c001591b                Sys::getPID(regs*)
 .text          0x00000000c0015927       0x1a sys/sc_getramdata.32
                0x00000000c0015927                Sys::getRAMData(regs*)
 .text          0x00000000c0015941       0x84 sys/sc_getvgaptr.32
                0x00000000c0015941                Sys::getVGAPtr(regs*)
 .text          0x00000000c00159c5       0xa8 sys/sc_loaddll.32
                0x00000000c00159c5                Sys::loadDLL(regs*)
 .text          0x00000000c0015a6d       0x68 sys/sc_read.32
                0x00000000c0015a6d                Sys::read(regs*)
 .text          0x00000000c0015ad5       0x55 sys/sc_sbrk.32
                0x00000000c0015ad5                Sys::sbrk(regs*)
 .text          0x00000000c0015b2a       0x1c sys/sc_setcwd.32
                0x00000000c0015b2a                Sys::setCwd(regs*)
 .text          0x00000000c0015b46       0x95 sys/sc_settime.32
                0x00000000c0015b46                Sys::setTime(regs*)
 .text          0x00000000c0015bdb       0x4a sys/sc_timezone.32
                0x00000000c0015bdb                Sys::timezone(regs*)
 .text          0x00000000c0015c25       0x68 sys/sc_write.32
                0x00000000c0015c25                Sys::write(regs*)
 .text          0x00000000c0015c8d       0x62 sys/sc_wsbe.32
                0x00000000c0015c8d                Sys::wsbe(regs*)
 .text          0x00000000c0015cef       0x38 sys/sc_yield.32
                0x00000000c0015cef                Sys::yield(regs*)
 .text          0x00000000c0015d27      0xf8e sys/syscalls.32
                0x00000000c0015d27                sysCallSeekDir(regs*)
                0x00000000c0015d2c                sysCallTellDir(regs*)
                0x00000000c0015d31                sysCallVerify(regs*)
                0x00000000c0015d3b                sysCallGetArgc(regs*)
                0x00000000c0015d4b                sysFormatDisk(regs*)
                0x00000000c0015db5                sysSetDiskVolumeLabel(regs*)
                0x00000000c0015dff                sysGetDiskVolumeLabel(regs*)
                0x00000000c0015e54                sysShutdown(regs*)
                0x00000000c0015eb2                sysCallRealpath(regs*)
                0x00000000c0015ef5                sysCallReadDir(regs*)
                0x00000000c0015f74                sysCallIsATTY(regs*)
                0x00000000c0015fce                sysCallSeek(regs*)
                0x00000000c0016025                sysCallTell(regs*)
                0x00000000c0016091                sysCallSize(regs*)
                0x00000000c0016103                sysCallSizeFromFilename(regs*)
                0x00000000c00161b2                sysCallClose(regs*)
                0x00000000c0016212                sysCallOpenDir(regs*)
                0x00000000c0016287                sysCallCloseDir(regs*)
                0x00000000c00162db                sysCallMakeDir(regs*)
                0x00000000c001634b                sysCallWait(regs*)
                0x00000000c0016365                sysCallNotImpl(regs*)
                0x00000000c0016380                sysPanic(regs*)
                0x00000000c001639a                sysCallRmdir(regs*)
                0x00000000c00163fe                sysCallUnlink(regs*)
                0x00000000c0016462                sysCallGetArgv(regs*)
                0x00000000c00164ae                sysCallTTYName(regs*)
                0x00000000c0016531                sysCallUSleep(regs*)
                0x00000000c001655a                sysCallSpawn(regs*)
                0x00000000c00165c2                sysCallGetEnv(regs*)
                0x00000000c001666f                sysAppSettings(regs*)
                0x00000000c0016783                sysSetFatAttrib(regs*)
                0x00000000c00167f5                sysPipe(regs*)
                0x00000000c001683a                sysGetUnixTime(regs*)
                0x00000000c001684e                string_ends_with(char const*, char const*)
                0x00000000c0016896                sysCallOpen(regs*)
                0x00000000c0016a7e                Sys::loadSyscalls()
                0x00000000c0016c73                Sys::systemCall(regs*, void*)
 .text          0x00000000c0016cb5     0x1203 thr/elf.32
                0x00000000c0016cb5                Thr::allocateMemoryForTask(Process*, File*, unsigned long, unsigned long, unsigned long)
                0x00000000c0016f5f                Thr::loadProgramIntoMemory(Process*, char const*)
                0x00000000c0017175                Thr::runtimeReferenceHelper()
                0x00000000c0017188                Thr::getAddressOfKernelSymbol(char const*)
                0x00000000c00171d7                Thr::loadKernelSymbolTable(char const*)
                0x00000000c0017495                Thr::loadDriverIntoMemory(char const*, unsigned long, bool)
                0x00000000c0017bcb                Thr::getDriverBaseFromAddress(unsigned long)
                0x00000000c0017bfd                Thr::getDriverNameFromAddress(unsigned long)
                0x00000000c0017c34                Thr::getDriverOffsetFromAddress(unsigned long)
                0x00000000c0017c4e                Thr::loadDLL(char const*, bool)
                0x00000000c0017e7f                Thr::executeDLL(unsigned long, void*)
 .text          0x00000000c0017eb8     0x12a9 thr/prcssthr.32
                0x00000000c0017eb8                userModeEntryPoint(void*)
                0x00000000c0017ee0                changeTSS
                0x00000000c0017f10                switchToThread(ThreadControlBlock*)
                0x00000000c0017fc4                Process::addArgs(char**)
                0x00000000c0018024                Process::Process(char const*, Process*, char**)
                0x00000000c0018024                Process::Process(char const*, Process*, char**)
                0x00000000c0018210                Process::Process(bool, char const*, Process*, char**)
                0x00000000c0018210                Process::Process(bool, char const*, Process*, char**)
                0x00000000c00183c8                taskStartupFunction
                0x00000000c00183d4                Semaphore::Semaphore(int)
                0x00000000c00183d4                Semaphore::Semaphore(int)
                0x00000000c0018404                Mutex::Mutex()
                0x00000000c0018404                Mutex::Mutex()
                0x00000000c0018418                Process::createThread(void (*)(void*), void*, int)
                0x00000000c0018510                Process::createUserThread()
                0x00000000c001852c                setupMultitasking(void (*)())
                0x00000000c0018634                schedule()
                0x00000000c00186c0                Semaphore::tryAcquire()
                0x00000000c001878c                Semaphore::assertLocked(char const*)
                0x00000000c0018804                blockTaskWithSchedulerLockAlreadyHeld(TaskState)
                0x00000000c001882c                blockTask(TaskState)
                0x00000000c001885c                waitTask(int, int*, int)
                0x00000000c00188a0                milliTenthSleepUntil(unsigned int)
                0x00000000c001892c                milliTenthSleep(unsigned int)
                0x00000000c001893c                sleep(unsigned int)
                0x00000000c0018958                Semaphore::acquire()
                0x00000000c0018a14                taskReturned
                0x00000000c0018a50                Thr::processFromPID(int)
                0x00000000c0018af0                unblockTask(ThreadControlBlock*)
                0x00000000c0018b94                cleanupTerminatedTask(ThreadControlBlock*)
                0x00000000c0018e5c                cleanerTaskFunction(void*)
                0x00000000c0018f4c                terminateTask(int)
                0x00000000c0019018                Thr::terminateFromIRQ(int)
                0x00000000c0019024                Semaphore::release()
 .text          0x00000000c0019161      0xada vm86/vm8086.32
                0x00000000c0019161                Vm::inbv(unsigned short)
                0x00000000c0019174                Vm::outbv(unsigned short, unsigned char)
                0x00000000c00191aa                Vm::realToLinear(unsigned short, unsigned short)
                0x00000000c00191ba                Vm::getSegment(unsigned int)
                0x00000000c00191c2                Vm::getOffset(unsigned int)
                0x00000000c00191c7                Vm::mainloop2()
                0x00000000c0019201                Vm::mainVm8086Loop(void*)
                0x00000000c0019211                Vm::mainloop3(unsigned long)
                0x00000000c0019237                Vm::initialise8086()
                0x00000000c001927a                Vm::finish8086()
                0x00000000c00192db                Vm::getOutput8086(unsigned char*)
                0x00000000c0019300                Vm::start8086(char const*, unsigned short, unsigned short, unsigned short, unsigned short)
                0x00000000c0019468                Vm::doISR(regs*, int, unsigned char*, unsigned short, unsigned short)
                0x00000000c00194f2                Vm::readByteFromReal(unsigned short, unsigned short)
                0x00000000c0019503                Vm::readWordFromReal(unsigned short, unsigned short)
                0x00000000c0019515                Vm::readDwordFromReal(unsigned short, unsigned short)
                0x00000000c0019526                Vm::writeByteFromReal(unsigned short, unsigned short, unsigned char)
                0x00000000c001953b                Vm::writeWordFromReal(unsigned short, unsigned short, unsigned short)
                0x00000000c0019551                Vm::writeDwordFromReal(unsigned short, unsigned short, unsigned int)
                0x00000000c0019566                Vm::faultHandler(regs*)
 *fill*         0x00000000c0019c3b        0x1 
 .text          0x00000000c0019c3c      0xfcd vm86/x87em.32
                0x00000000c0019c3c                Vm::fpuInternalTo32(unsigned long long)
                0x00000000c0019c9a                Vm::fpuInternalTo64(unsigned long long)
                0x00000000c0019ca3                Vm::fpu32ToInternal(unsigned int)
                0x00000000c0019ce8                Vm::fpu64ToInternal(unsigned long long)
                0x00000000c0019cf1                Vm::fpuFloatToLong(unsigned long long)
                0x00000000c0019d50                Vm::fpuULongToFloat(unsigned long long)
                0x00000000c0019d8c                Vm::fpuLongToFloat(long long)
                0x00000000c0019deb                Vm::fpuGet0()
                0x00000000c0019df0                Vm::fpuGet1()
                0x00000000c0019df8                Vm::fpuGetPi()
                0x00000000c0019e00                Vm::fpuGetLog2E()
                0x00000000c0019e18                Vm::fpuGetLogE2()
                0x00000000c0019e30                Vm::fpuGetLog210()
                0x00000000c0019e48                Vm::fpuGetLog102()
                0x00000000c0019e60                Vm::fpuIsSecondLarger(unsigned long long, unsigned long long)
                0x00000000c0019e74                Vm::fpuAreEqual(unsigned long long, unsigned long long)
                0x00000000c0019e8a                Vm::fpuUnorderedCompare(unsigned long long, unsigned long long)
                0x00000000c0019ee0                Vm::fpuAdd(unsigned long long, unsigned long long)
                0x00000000c0019ef1                Vm::fpuAbs(unsigned long long)
                0x00000000c0019efa                Vm::fpuChs(unsigned long long)
                0x00000000c0019f0a                Vm::fpuSub(unsigned long long, unsigned long long)
                0x00000000c0019f19                Vm::fpuMultiply(unsigned long long, unsigned long long)
                0x00000000c0019f38                Vm::fpuDivide(unsigned long long, unsigned long long)
                0x00000000c0019f54                Vm::fpuSquare(unsigned long long)
                0x00000000c0019f6a                Vm::fpuGetReg(int)
                0x00000000c0019fad                Vm::fpuSetReg(int, unsigned long long)
                0x00000000c0019ff9                Vm::fpuPush(unsigned long long)
                0x00000000c001a057                Vm::fpuPop()
                0x00000000c001a0aa                Vm::x87Handler(regs*)
 *fill*         0x00000000c001ac09        0x3 
 .text          0x00000000c001ac0c     0x13b7 fs/fat/vfslink.32
                0x00000000c001ac0c                FAT::getName()
                0x00000000c001ac14                FAT::tell(void*, unsigned long long*)
                0x00000000c001ac50                FAT::stat(void*, unsigned long long*)
                0x00000000c001ac8c                FAT::~FAT()
                0x00000000c001ac8c                FAT::~FAT()
                0x00000000c001acb0                FAT::~FAT()
                0x00000000c001acd8                FAT::getlabel(LogicalDisk*, int, char*, unsigned int*)
                0x00000000c001ad7c                FAT::setlabel(LogicalDisk*, int, char*)
                0x00000000c001ae40                FAT::format(LogicalDisk*, int, char const*, int)
                0x00000000c001b014                FAT::tryMount(LogicalDisk*, int)
                0x00000000c001b22c                FAT::allocateSwapfile(char const*, int)
                0x00000000c001b3e8                FAT::readDir(void*, unsigned long, void*, int*)
                0x00000000c001b554                FAT::read(void*, unsigned long, void*, int*)
                0x00000000c001b5b4                FAT::write(void*, unsigned long, void*, int*)
                0x00000000c001b614                FAT::close(void*)
                0x00000000c001b668                FAT::closeDir(void*)
                0x00000000c001b6bc                FAT::seek(void*, unsigned long long)
                0x00000000c001b718                fatWrapperReadDisk
                0x00000000c001b760                fatWrapperWriteDisk
                0x00000000c001b7a8                fatWrapperIoctl
                0x00000000c001b8b8                FAT::FAT()
                0x00000000c001b8b8                FAT::FAT()
                0x00000000c001b90c                FAT::fixFilepath(char*)
                0x00000000c001b948                FAT::open(char const*, void**, FileOpenMode)
                0x00000000c001ba7c                FAT::openDir(char const*, void**)
                0x00000000c001bb2c                FAT::stat(char const*, unsigned long long*, bool*)
                0x00000000c001bc20                FAT::unlink(char const*)
                0x00000000c001bca0                FAT::chfatattr(char const*, unsigned char, unsigned char)
                0x00000000c001be08                FAT::rename(char const*, char const*)
                0x00000000c001bed4                FAT::mkdir(char const*)
                0x00000000c001bf54                FAT::exists(char const*)
 *fill*         0x00000000c001bfc3        0x1 
 .text          0x00000000c001bfc4      0xb75 fs/iso9660/vfslink.32
                0x00000000c001bfc4                ISO9660::format(LogicalDisk*, int, char const*, int)
                0x00000000c001bfca                ISO9660::seek(void*, unsigned long long)
                0x00000000c001bffa                ISO9660::tell(void*, unsigned long long*)
                0x00000000c001c01e                ISO9660::getName()
                0x00000000c001c024                ISO9660::stat(void*, unsigned long long*)
                0x00000000c001c048                ISO9660::chfatattr(char const*, unsigned char, unsigned char)
                0x00000000c001c04e                ISO9660::unlink(char const*)
                0x00000000c001c054                ISO9660::write(void*, unsigned long, void*, int*)
                0x00000000c001c05a                ISO9660::rename(char const*, char const*)
                0x00000000c001c060                ISO9660::mkdir(char const*)
                0x00000000c001c066                ISO9660::close(void*)
                0x00000000c001c088                ISO9660::closeDir(void*)
                0x00000000c001c0aa                ISO9660::~ISO9660()
                0x00000000c001c0aa                ISO9660::~ISO9660()
                0x00000000c001c0ce                ISO9660::~ISO9660()
                0x00000000c001c0f5                __memmem(unsigned char*, int, unsigned char*, int)
                0x00000000c001c137                readSectorFromCDROM(unsigned int, unsigned char*, char)
                0x00000000c001c192                ISO9660::tryMount(LogicalDisk*, int)
                0x00000000c001c1e2                ISO9660::read(void*, unsigned long, void*, int*)
                0x00000000c001c3e6                ISO9660::readDir(void*, unsigned long, void*, int*)
                0x00000000c001c660                readRoot(unsigned int*, unsigned int*, char)
                0x00000000c001c6b4                readRecursively(char*, unsigned int, unsigned int, unsigned int*, unsigned int*, char, int*)
                0x00000000c001c887                getFileData(char*, unsigned int*, unsigned int*, char, int*)
                0x00000000c001c916                ISO9660::open(char const*, void**, FileOpenMode)
                0x00000000c001c9c4                ISO9660::exists(char const*)
                0x00000000c001c9e8                ISO9660::stat(char const*, unsigned long long*, bool*)
                0x00000000c001ca7c                ISO9660::openDir(char const*, void**)
                0x00000000c001cb16                ISO9660::ISO9660()
                0x00000000c001cb16                ISO9660::ISO9660()
 *fill*         0x00000000c001cb39        0x1 
 .text          0x00000000c001cb3a      0x298 hal/sound/sndcard.32
                0x00000000c001cb3a                SoundCard::beginPlayback()
                0x00000000c001cb48                SoundCard::stopPlayback()
                0x00000000c001cb56                SoundCard::SoundCard(char const*)
                0x00000000c001cb56                SoundCard::SoundCard(char const*)
                0x00000000c001cbf4                SoundCard::~SoundCard()
                0x00000000c001cbf4                SoundCard::~SoundCard()
                0x00000000c001cc18                SoundCard::~SoundCard()
                0x00000000c001cc42                SoundCard::configureRates(int, int, int)
                0x00000000c001cc72                SoundCard::getSamples16(int, short*)
                0x00000000c001ccdc                SoundCard::getSamples32(int, int*)
                0x00000000c001cd62                SoundCard::addChannel(SoundPort*)
                0x00000000c001cdbe                SoundCard::removeChannel(int)
 *fill*         0x00000000c001cdd2        0x2 
 .text          0x00000000c001cdd4      0x3fb hal/sound/sndport.32
                0x00000000c001cdd4                SoundPort::SoundPort(int, int, int, int)
                0x00000000c001cdd4                SoundPort::SoundPort(int, int, int, int)
                0x00000000c001ce60                SoundPort::~SoundPort()
                0x00000000c001ce60                SoundPort::~SoundPort()
                0x00000000c001ce94                SoundPort::unpause()
                0x00000000c001cea0                SoundPort::pause()
                0x00000000c001ceac                SoundPort::getBufferUsed()
                0x00000000c001ceb4                SoundPort::getBufferSize()
                0x00000000c001cebc                SoundPort::buffer16(short*, int)
                0x00000000c001cf70                SoundPort::buffer32(int*, int)
                0x00000000c001d01c                SoundPort::unbufferAndAdd16(int, short*, SoundCard*)
                0x00000000c001d118                SoundPort::unbufferAndAdd32(int, int*, SoundCard*)
 .text          0x00000000c001d1cf        0x0 hw/bus/isa.32
 *fill*         0x00000000c001d1cf        0x1 
 .text          0x00000000c001d1d0     0x1187 hw/bus/pci.32
                0x00000000c001d1d0                PCI::open(int, int, void*)
                0x00000000c001d1ee                PCI::close(int, int, void*)
                0x00000000c001d1f2                PCI::PCI()
                0x00000000c001d1f2                PCI::PCI()
                0x00000000c001d288                PCI::readBAR8(unsigned int, int)
                0x00000000c001d2a4                PCI::readBAR16(unsigned int, int)
                0x00000000c001d2c2                PCI::readBAR32(unsigned int, int)
                0x00000000c001d2de                PCI::writeBAR8(unsigned int, unsigned char, int)
                0x00000000c001d2fe                PCI::writeBAR16(unsigned int, unsigned short, int)
                0x00000000c001d320                PCI::writeBAR32(unsigned int, unsigned int, int)
                0x00000000c001d340                PCI::legacyMechanism(unsigned char, unsigned char, unsigned char, unsigned char)
                0x00000000c001d3ae                PCI::pciReadWord(unsigned char, unsigned char, unsigned char, unsigned char)
                0x00000000c001d456                PCI::getVendorID(unsigned char, unsigned char, unsigned char)
                0x00000000c001d47a                PCI::getHeaderType(unsigned char, unsigned char, unsigned char)
                0x00000000c001d4a2                PCI::getClassCode(unsigned char, unsigned char, unsigned char)
                0x00000000c001d4ec                PCI::getProgIF(unsigned char, unsigned char, unsigned char)
                0x00000000c001d514                PCI::getRevisionID(unsigned char, unsigned char, unsigned char)
                0x00000000c001d538                PCI::getInterruptNumber(unsigned char, unsigned char, unsigned char)
                0x00000000c001d55c                PCI::getSecondaryBus(unsigned char, unsigned char, unsigned char)
                0x00000000c001d584                PCI::getBARAddress(unsigned char, unsigned char, unsigned char, unsigned char)
                0x00000000c001d5e8                PCI::pciWriteWord(unsigned char, unsigned char, unsigned char, unsigned char, unsigned short)
                0x00000000c001d6d0                PCI::pciDetailsToFilepath(PCIDeviceInfo, char*)
                0x00000000c001dac2                PCI::checkBus(unsigned char)
                0x00000000c001dae6                PCI::foundDevice(PCIDeviceInfo)
                0x00000000c001df26                PCI::getDeviceData(unsigned char, unsigned char, unsigned char)
                0x00000000c001e298                PCI::checkDevice(unsigned char, unsigned char)
                0x00000000c001e304                PCI::detect()
 *fill*         0x00000000c001e357        0x1 
 .text          0x00000000c001e358      0xb4a hw/diskctrl/ide.32
                0x00000000c001e358                IDE::close(int, int, void*)
                0x00000000c001e35c                IDE::IDE()
                0x00000000c001e35c                IDE::IDE()
                0x00000000c001e390                IDE::prepareInterrupt(unsigned char)
                0x00000000c001e3a2                selectDrive(unsigned char, unsigned char)
                0x00000000c001e3a4                IDE::getBase(unsigned char)
                0x00000000c001e3b6                IDE::write(unsigned char, unsigned char, unsigned char)
                0x00000000c001e476                IDE::read(unsigned char, unsigned char)
                0x00000000c001e524                IDE::waitInterrupt(unsigned char)
                0x00000000c001e586                ideChannel0IRQHandler(regs*, void*)
                0x00000000c001e5a2                ideChannel1IRQHandler(regs*, void*)
                0x00000000c001e5be                IDE::enableIRQs(unsigned char, bool)
                0x00000000c001e604                IDE::open(int, int, void*)
                0x00000000c001ea12                IDE::readBuffer(unsigned char, unsigned char, unsigned int, unsigned int)
                0x00000000c001eade                IDE::detect()
                0x00000000c001ed9e                IDE::printError(unsigned char, unsigned char, unsigned char)
                0x00000000c001ee4e                IDE::polling(unsigned char, unsigned int)
 .text          0x00000000c001eea2      0x5ba hw/diskctrl/satabus.32
                0x00000000c001eea2                SATABus::close(int, int, void*)
                0x00000000c001eea6                SATABus::detect()
                0x00000000c001eea8                SATABus::SATABus()
                0x00000000c001eea8                SATABus::SATABus()
                0x00000000c001ef2e                SATABus::findCmdslot(SATABus::tagHBA_PORT volatile*)
                0x00000000c001f0c2                SATABus::checkType(SATABus::tagHBA_PORT volatile*)
                0x00000000c001f10a                SATABus::startCmd(SATABus::tagHBA_PORT volatile*)
                0x00000000c001f12a                SATABus::stopCmd(SATABus::tagHBA_PORT volatile*)
                0x00000000c001f154                SATABus::portRebase(SATABus::tagHBA_PORT volatile*, int)
                0x00000000c001f25a                SATABus::probePort(SATABus::tagHBA_MEM volatile*)
                0x00000000c001f43c                SATABus::open(int, int, void*)
 .text          0x00000000c001f45c      0x684 hw/diskphys/ata.32
                0x00000000c001f45c                ATA::close(int, int, void*)
                0x00000000c001f480                ATA::powerSaving(PowerSavingLevel)
                0x00000000c001f482                ATA::ATA()
                0x00000000c001f482                ATA::ATA()
                0x00000000c001f4b0                ATA::flush(bool)
                0x00000000c001f4fa                ATA::readyForCommand()
                0x00000000c001f546                ATA::access(unsigned long long, int, void*, bool)
                0x00000000c001f93c                ATA::read(unsigned long long, int, void*)
                0x00000000c001f988                ATA::write(unsigned long long, int, void*)
                0x00000000c001f9ea                ATA::detectCHS()
                0x00000000c001fa14                ATA::open(int, int, void*)
 .text          0x00000000c001fae0      0x5bf hw/diskphys/atapi.32
                0x00000000c001fae0                ATAPI::write(unsigned long long, int, void*)
                0x00000000c001fae6                ATAPI::close(int, int, void*)
                0x00000000c001fb0a                ATAPI::ATAPI()
                0x00000000c001fb0a                ATAPI::ATAPI()
                0x00000000c001fb38                ATAPI::readyForCommand()
                0x00000000c001fb8a                ATAPI::sendPacket(unsigned char*, int, bool, unsigned short*, int)
                0x00000000c001fe4a                ATAPI::diskRemoved()
                0x00000000c001fe66                ATAPI::eject()
                0x00000000c001feae                ATAPI::diskInserted()
                0x00000000c001fedc                ATAPI::detectMedia()
                0x00000000c001ff98                ATAPI::open(int, int, void*)
                0x00000000c0020020                ATAPI::read(unsigned long long, int, void*)
 *fill*         0x00000000c002009f        0x1 
 .text          0x00000000c00200a0      0xa68 hw/diskphys/sata.32
                0x00000000c00200a0                SATA::close(int, int, void*)
                0x00000000c00200c4                SATA::powerSaving(PowerSavingLevel)
                0x00000000c00200c6                SATA::open(int, int, void*)
                0x00000000c00202bc                SATA::SATA()
                0x00000000c00202bc                SATA::SATA()
                0x00000000c00202ea                SATA::access(unsigned long long, int, void*, bool)
                0x00000000c00208e2                SATA::read(unsigned long long, int, void*)
                0x00000000c00209e2                SATA::write(unsigned long long, int, void*)
 .text          0x00000000c0020b08      0x5f4 hw/diskphys/satapi.32
                0x00000000c0020b08                SATAPI::write(unsigned long long, int, void*)
                0x00000000c0020b0e                SATAPI::close(int, int, void*)
                0x00000000c0020b32                SATAPI::SATAPI()
                0x00000000c0020b32                SATAPI::SATAPI()
                0x00000000c0020b60                SATAPI::diskRemoved()
                0x00000000c0020b8c                SATAPI::diskInserted()
                0x00000000c0020ba8                SATAPI::sendPacket(unsigned char*, int, unsigned long long, unsigned short*, int)
                0x00000000c0020e30                SATAPI::eject()
                0x00000000c0020e88                SATAPI::detectMedia()
                0x00000000c0020f6a                SATAPI::open(int, int, void*)
                0x00000000c002105a                SATAPI::read(unsigned long long, int, void*)
 .text          0x00000000c00210fc       0x94 hw/fpu/avx.32
                0x00000000c00210fc                AVX::open(int, int, void*)
                0x00000000c0021110                AVX::close(int, int, void*)
                0x00000000c0021124                AVX::available()
                0x00000000c0021138                AVX::save(void*)
                0x00000000c0021150                AVX::load(void*)
                0x00000000c0021168                AVX::AVX()
                0x00000000c0021168                AVX::AVX()
 .text          0x00000000c0021190       0x94 hw/fpu/mmx.32
                0x00000000c0021190                MMX::available()
                0x00000000c00211a4                MMX::open(int, int, void*)
                0x00000000c00211b8                MMX::close(int, int, void*)
                0x00000000c00211cc                MMX::save(void*)
                0x00000000c00211e4                MMX::load(void*)
                0x00000000c00211fc                MMX::MMX()
                0x00000000c00211fc                MMX::MMX()
 .text          0x00000000c0021224       0x9c hw/fpu/sse.32
                0x00000000c0021224                SSE::open(int, int, void*)
                0x00000000c0021238                SSE::close(int, int, void*)
                0x00000000c002124c                SSE::available()
                0x00000000c0021268                SSE::save(void*)
                0x00000000c0021280                SSE::load(void*)
                0x00000000c0021298                SSE::SSE()
                0x00000000c0021298                SSE::SSE()
 .text          0x00000000c00212c0       0x94 hw/fpu/x87.32
                0x00000000c00212c0                x87::open(int, int, void*)
                0x00000000c00212d4                x87::close(int, int, void*)
                0x00000000c00212e8                x87::available()
                0x00000000c00212fc                x87::save(void*)
                0x00000000c0021314                x87::load(void*)
                0x00000000c002132c                x87::x87()
                0x00000000c002132c                x87::x87()
 .text          0x00000000c0021354      0x71e hw/intctrl/apic.32
                0x00000000c0021354                APIC::disable()
                0x00000000c0021356                APIC::close(int, int, void*)
                0x00000000c0021378                IOAPIC::close(int, int, void*)
                0x00000000c002137e                APIC::io_wait()
                0x00000000c0021384                APIC::getBase()
                0x00000000c00213c6                APIC::eoi(unsigned char)
                0x00000000c00213f4                APIC::open(int, int, void*)
                0x00000000c0021542                IOAPIC::IOAPIC()
                0x00000000c0021542                IOAPIC::IOAPIC()
                0x00000000c002156a                APIC::APIC()
                0x00000000c002156a                APIC::APIC()
                0x00000000c0021646                IOAPIC::handlesGSIWithNumber(unsigned int)
                0x00000000c0021678                IOAPIC::read(int)
                0x00000000c00216a0                IOAPIC::open(int, int, void*)
                0x00000000c0021796                IOAPIC::write(int, int)
                0x00000000c00217c2                IOAPIC::redirect(unsigned char, unsigned long long, unsigned char, bool, bool)
                0x00000000c00218bc                APIC::installIRQHandler(int, void (*)(regs*, void*), bool, void*)
 .text          0x00000000c0021a72      0x3d3 hw/intctrl/pic.32
                0x00000000c0021a72                PIC::disable()
                0x00000000c0021aa0                PIC::close(int, int, void*)
                0x00000000c0021ac2                PIC::PIC()
                0x00000000c0021ac2                PIC::PIC()
                0x00000000c0021b98                PIC::ioWait()
                0x00000000c0021b9e                PIC::getIRQReg(int)
                0x00000000c0021c08                PIC::eoi(unsigned char)
                0x00000000c0021c9a                PIC::remap()
                0x00000000c0021e06                PIC::open(int, int, void*)
 *fill*         0x00000000c0021e45        0x3 
 .text          0x00000000c0021e48      0x240 hw/timer/apictimer.32
                0x00000000c0021e48                APICTimer::close(int, int, void*)
                0x00000000c0021e50                apicTimerHandler(regs*, void*)
                0x00000000c0021e78                APICTimer::write(int)
                0x00000000c0021f60                APICTimer::open(int, int, void*)
                0x00000000c0022060                APICTimer::APICTimer()
                0x00000000c0022060                APICTimer::APICTimer()
 .text          0x00000000c0022088      0x1a3 hw/timer/pit.32
                0x00000000c0022088                PIT::write(int)
                0x00000000c0022108                pitHandler(regs*, void*)
                0x00000000c002212c                PIT::open(int, int, void*)
                0x00000000c002217c                PIT::close(int, int, void*)
                0x00000000c00221ac                PIT::PIT()
                0x00000000c00221ac                PIT::PIT()
 *fill*         0x00000000c002222b        0x5 
 .text          0x00000000c0022230       0x1e hw/fpu/x86/avx.32
                0x00000000c0022230                avxDetect
                0x00000000c0022236                avxSave
                0x00000000c0022237                avxLoad
                0x00000000c0022238                avxInit
                0x00000000c0022239                avxClose
                0x00000000c002223a                wouldSheSayYes
 *fill*         0x00000000c002224e        0x2 
 .text          0x00000000c0022250       0x35 hw/fpu/x86/sse.32
                0x00000000c0022250                absolutelyNoChanceInHell
                0x00000000c0022250                sseDetect
                0x00000000c0022268                sseSave
                0x00000000c002226e                sseLoad
                0x00000000c0022274                sseInit
                0x00000000c0022284                sseClose
 *fill*         0x00000000c0022285        0xb 
 .text          0x00000000c0022290       0x4d hw/fpu/x86/x87.32
                0x00000000c0022296                x87Detect
                0x00000000c00222b1                x87Save
                0x00000000c00222ba                x87Load
                0x00000000c00222c2                x87Init
                0x00000000c00222dc                x87Close
 *fill*         0x00000000c00222dd        0x3 
 .text          0x00000000c00222e0       0x25 /cygdrive/d/Users/Alex/Desktop/Toolchain/Output/bin/../lib/gcc/i386-banana/8.1.0/crtend.o
 .text          0x00000000c0022305        0x0 crtn.32
 *fill*         0x00000000c0022305        0x3 
 .text          0x00000000c0022308      0x14b /cygdrive/d/Users/Alex/Desktop/Toolchain/Output/bin/../lib/gcc/i386-banana/8.1.0/libkgcc.a(_divdi3.o)
                0x00000000c0022308                __divdi3
 *fill*         0x00000000c0022453        0x1 
 .text          0x00000000c0022454      0x17e /cygdrive/d/Users/Alex/Desktop/Toolchain/Output/bin/../lib/gcc/i386-banana/8.1.0/libkgcc.a(_moddi3.o)
                0x00000000c0022454                __moddi3
 *fill*         0x00000000c00225d2        0x2 
 .text          0x00000000c00225d4       0xff /cygdrive/d/Users/Alex/Desktop/Toolchain/Output/bin/../lib/gcc/i386-banana/8.1.0/libkgcc.a(_udivdi3.o)
                0x00000000c00225d4                __udivdi3
 *fill*         0x00000000c00226d3        0x1 
 .text          0x00000000c00226d4      0x11a /cygdrive/d/Users/Alex/Desktop/Toolchain/Output/bin/../lib/gcc/i386-banana/8.1.0/libkgcc.a(_umoddi3.o)
                0x00000000c00226d4                __umoddi3
 *(.gnu.linkonce.t*)

.iplt           0x00000000c00227f0        0x0
 .iplt          0x00000000c00227f0        0x0 D:/Users/Alex/Desktop/Banana/kernel/boot.32

.init           0x00000000c00227ee        0xf
 .init          0x00000000c00227ee        0x3 crti.32
                0x00000000c00227ee                _init
 .init          0x00000000c00227f1        0x5 /cygdrive/d/Users/Alex/Desktop/Toolchain/Output/bin/../lib/gcc/i386-banana/8.1.0/crtbegin.o
 .init          0x00000000c00227f6        0x5 /cygdrive/d/Users/Alex/Desktop/Toolchain/Output/bin/../lib/gcc/i386-banana/8.1.0/crtend.o
 .init          0x00000000c00227fb        0x2 crtn.32

.fini           0x00000000c00227fd        0xa
 .fini          0x00000000c00227fd        0x3 crti.32
                0x00000000c00227fd                _fini
 .fini          0x00000000c0022800        0x5 /cygdrive/d/Users/Alex/Desktop/Toolchain/Output/bin/../lib/gcc/i386-banana/8.1.0/crtbegin.o
 .fini          0x00000000c0022805        0x2 crtn.32

.text._ZN8ComputerD2Ev
                0x00000000c0022808       0x23
 .text._ZN8ComputerD2Ev
                0x00000000c0022808       0x23 core/computer.32
                0x00000000c0022808                Computer::~Computer()
                0x00000000c0022808                Computer::~Computer()

.text._ZN8ComputerD0Ev
                0x00000000c002282c       0x2a
 .text._ZN8ComputerD0Ev
                0x00000000c002282c       0x2a core/computer.32
                0x00000000c002282c                Computer::~Computer()

.text._Z10idleCommonv
                0x00000000c0022856       0x21
 .text._Z10idleCommonv
                0x00000000c0022856       0x21 core/idle.32
                0x00000000c0022856                idleCommon()

.text._ZN10LinkedListI8UnixFileED2Ev
                0x00000000c0022878        0x2
 .text._ZN10LinkedListI8UnixFileED2Ev
                0x00000000c0022878        0x2 core/unixfile.32
                0x00000000c0022878                LinkedList<UnixFile>::~LinkedList()
                0x00000000c0022878                LinkedList<UnixFile>::~LinkedList()

.text._ZN10LinkedListI8UnixFileEC2Ev
                0x00000000c002287a       0x42
 .text._ZN10LinkedListI8UnixFileEC2Ev
                0x00000000c002287a       0x42 core/unixfile.32