Archive member included to satisfy reference by file (symbol)

/cygdrive/d/Users/Alex/Desktop/Toolchain/Output/bin/../lib/gcc/i386-banana/8.1.0/libkgcc.a(_divdi3.o)
                              fs/fat/ff.32 (__divdi3)
/cygdrive/d/Users/Alex/Desktop/Toolchain/Output/bin/../lib/gcc/i386-banana/8.1.0/libkgcc.a(_moddi3.o)
                              compat/resolve.32 (__moddi3)
/cygdrive/d/Users/Alex/Desktop/Toolchain/Output/bin/../lib/gcc/i386-banana/8.1.0/libkgcc.a(_udivdi3.o)
                              fs/fat/ff.32 (__udivdi3)
/cygdrive/d/Users/Alex/Desktop/Toolchain/Output/bin/../lib/gcc/i386-banana/8.1.0/libkgcc.a(_umoddi3.o)
                              compat/resolve.32 (__umoddi3)
D:/Users/Alex/Desktop/Banana/kernel/libsoftfp.a(sfieeelib.o)
                              hal/sound/sndhw.32 (__addsf3)
D:/Users/Alex/Desktop/Banana/kernel/libsoftfp.a(dfieeelib.o)
                              hal/libresample/src_linear.32 (__adddf3)
D:/Users/Alex/Desktop/Banana/kernel/libsoftfp.a(sfdfcvt.o)
                              hal/libresample/samplerate.32 (__truncdfsf2)
D:/Users/Alex/Desktop/Banana/kernel/libk/libm32.a(s_fabs.c.o)
                              hal/libresample/samplerate.32 (fabs)
D:/Users/Alex/Desktop/Banana/kernel/libk/libm32.a(s_lrint.S.o)
                              hal/libresample/samplerate.32 (lrint)
D:/Users/Alex/Desktop/Banana/kernel/libk/libm32.a(s_lrintf.S.o)
                              hal/sound/sndhw.32 (lrintf)

Discarded input sections

 .comment       0x0000000000000000       0x12 /cygdrive/d/Users/Alex/Desktop/Toolchain/Output/bin/../lib/gcc/i386-banana/8.1.0/crtbegin.o
 .comment       0x0000000000000000       0x12 acpica/utclib.32
 .comment       0x0000000000000000       0x12 core/malloc.32
 .comment       0x0000000000000000       0x12 libk/string.32
 .comment       0x0000000000000000       0x12 fs/fat/diskio.32
 .comment       0x0000000000000000       0x12 fs/fat/ff.32
 .comment       0x0000000000000000       0x12 fs/fat/ffsystem.32
 .comment       0x0000000000000000       0x12 fs/fat/ffunicode.32
 .comment       0x0000000000000000       0x12 hal/libresample/samplerate.32
 .comment       0x0000000000000000       0x12 hal/libresample/src_linear.32
 .comment       0x0000000000000000       0x12 hal/libresample/src_sinc.32
 .comment       0x0000000000000000       0x12 hal/libresample/src_zoh.32
 .comment       0x0000000000000000       0x12 compat/inlines.32
 .comment       0x0000000000000000       0x12 compat/resolve.32
 .group         0x0000000000000000       0x14 core/computer.32
 .group         0x0000000000000000        0xc core/computer.32
 .comment       0x0000000000000000       0x12 core/computer.32
 .comment       0x0000000000000000       0x12 core/gdt.32
 .group         0x0000000000000000        0xc core/idle.32
 .comment       0x0000000000000000       0x12 core/idle.32
 .comment       0x0000000000000000       0x12 core/idt.32
 .comment       0x0000000000000000       0x12 core/kheap.32
 .comment       0x0000000000000000       0x12 core/main.32
 .comment       0x0000000000000000       0x12 core/physmgr.32
 .group         0x0000000000000000        0xc core/pipe.32
 .comment       0x0000000000000000       0x12 core/pipe.32
 .group         0x0000000000000000        0xc core/terminal.32
 .comment       0x0000000000000000       0x12 core/terminal.32
 .comment       0x0000000000000000       0x12 core/tss.32
 .group         0x0000000000000000        0x8 core/unixfile.32
 .group         0x0000000000000000        0xc core/unixfile.32
 .group         0x0000000000000000        0xc core/unixfile.32
 .group         0x0000000000000000        0x8 core/unixfile.32
 .group         0x0000000000000000        0xc core/unixfile.32
 .group         0x0000000000000000        0x8 core/unixfile.32
 .group         0x0000000000000000        0xc core/unixfile.32
 .group         0x0000000000000000        0xc core/unixfile.32
 .comment       0x0000000000000000       0x12 core/unixfile.32
 .comment       0x0000000000000000       0x12 core/virtmgr.32
 .comment       0x0000000000000000       0x12 coreobjs/c++.32
 .comment       0x0000000000000000       0x12 dbg/kconsole.32
 .group         0x0000000000000000        0xc fs/vfs.32
 .group         0x0000000000000000        0xc fs/vfs.32
 .group         0x0000000000000000        0xc fs/vfs.32
 .comment       0x0000000000000000       0x12 fs/vfs.32
 .group         0x0000000000000000        0xc hal/bus.32
 .comment       0x0000000000000000       0x12 hal/bus.32
 .group         0x0000000000000000        0xc hal/buzzer.32
 .comment       0x0000000000000000       0x12 hal/buzzer.32
 .group         0x0000000000000000        0xc hal/clock.32
 .comment       0x0000000000000000       0x12 hal/clock.32
 .group         0x0000000000000000       0x14 hal/device.32
 .group         0x0000000000000000        0xc hal/device.32
 .group         0x0000000000000000        0xc hal/device.32
 .group         0x0000000000000000        0xc hal/device.32
[...]
Memory Configuration

Name             Origin             Length             Attributes
*default*        0x0000000000000000 0xffffffffffffffff

Linker script and memory map

LOAD D:/Users/Alex/Desktop/Banana/kernel/boot.32
LOAD crti.32
LOAD /cygdrive/d/Users/Alex/Desktop/Toolchain/Output/bin/../lib/gcc/i386-banana/8.1.0/crtbegin.o
LOAD D:/Users/Alex/Desktop/Banana/kernel/morenasm.32
LOAD acpica/utclib.32
LOAD core/malloc.32
LOAD libk/string.32
LOAD fs/fat/diskio.32
LOAD fs/fat/ff.32
LOAD fs/fat/ffsystem.32
LOAD fs/fat/ffunicode.32
LOAD hal/libresample/samplerate.32
LOAD hal/libresample/src_linear.32
LOAD hal/libresample/src_sinc.32
LOAD hal/libresample/src_zoh.32
LOAD compat/inlines.32
LOAD compat/resolve.32
LOAD core/computer.32
LOAD core/gdt.32
LOAD core/idle.32
LOAD core/idt.32
LOAD core/kheap.32
LOAD core/main.32
LOAD core/physmgr.32
LOAD core/pipe.32
LOAD core/terminal.32
LOAD core/tss.32
LOAD core/unixfile.32
LOAD core/virtmgr.32
LOAD coreobjs/c++.32
LOAD dbg/kconsole.32
LOAD fs/vfs.32
LOAD hal/bus.32
LOAD hal/buzzer.32
LOAD hal/clock.32
LOAD hal/device.32
LOAD hal/diskctrl.32
LOAD hal/diskphys.32
LOAD hal/fpu.32
LOAD hal/intctrl.32
LOAD hal/keybrd.32
LOAD hal/logidisk.32
LOAD hal/mouse.32
LOAD hal/partition.32
LOAD hal/serial.32
LOAD hal/timer.32
LOAD hal/vcache.32
LOAD hal/video.32
LOAD hw/acpi.32
LOAD hw/cpu.32
LOAD hw/ports.32
LOAD hw/smp.32
LOAD krnl/env.32
LOAD krnl/panic.32
LOAD net/ethernet.32
LOAD reg/registry.32
LOAD sys/sc_eject.32
LOAD sys/sc_exit.32
LOAD sys/sc_getcwd.32
LOAD sys/sc_getpid.32
LOAD sys/sc_getramdata.32
LOAD sys/sc_loaddll.32
LOAD sys/sc_read.32
LOAD sys/sc_sbrk.32
LOAD sys/sc_setcwd.32
LOAD sys/sc_settime.32
LOAD sys/sc_timezone.32
LOAD sys/sc_write.32
LOAD sys/sc_wsbe.32
LOAD sys/sc_yield.32
LOAD sys/syscalls.32
LOAD thr/elf.32
LOAD thr/prcssthr.32
LOAD vm86/vm8086.32
LOAD vm86/x87em.32
LOAD fs/fat/vfslink.32
LOAD fs/iso9660/vfslink.32
LOAD hal/sound/sndchannel.32
LOAD hal/sound/sndhw.32
LOAD hw/bus/isa.32
LOAD hw/bus/pci.32
LOAD hw/diskctrl/ide.32
LOAD hw/diskctrl/satabus.32
LOAD hw/diskphys/ata.32
LOAD hw/diskphys/atapi.32
LOAD hw/diskphys/sata.32
LOAD hw/diskphys/satapi.32
LOAD hw/fpu/avx.32
LOAD hw/fpu/mmx.32
LOAD hw/fpu/sse.32
LOAD hw/fpu/x87.32
LOAD hw/intctrl/apic.32
LOAD hw/intctrl/pic.32
LOAD hw/timer/apictimer.32
LOAD hw/timer/pit.32
LOAD hw/fpu/x86/avx.32
LOAD hw/fpu/x86/sse.32
LOAD hw/fpu/x86/x87.32
LOAD /cygdrive/d/Users/Alex/Desktop/Toolchain/Output/bin/../lib/gcc/i386-banana/8.1.0/crtend.o
LOAD crtn.32
LOAD /cygdrive/d/Users/Alex/Desktop/Toolchain/Output/bin/../lib/gcc/i386-banana/8.1.0/libkgcc.a
LOAD D:/Users/Alex/Desktop/Banana/kernel/libsoftfp.a
LOAD D:/Users/Alex/Desktop/Banana/kernel/libk/libm32.a
                0x00000000c0000000                . = 0xc0000000

.text           0x00000000c0000000    0x285d8
 *(.text)
 .text          0x00000000c0000000       0x41 D:/Users/Alex/Desktop/Banana/kernel/boot.32
                0x00000000c0000020                callGlobalConstructors
 .text          0x00000000c0000041        0x0 crti.32
 *fill*         0x00000000c0000041        0x3 
 .text          0x00000000c0000044      0x101 /cygdrive/d/Users/Alex/Desktop/Toolchain/Output/bin/../lib/gcc/i386-banana/8.1.0/crtbegin.o
 *fill*         0x00000000c0000145        0xb 
 .text          0x00000000c0000150      0x4ed D:/Users/Alex/Desktop/Banana/kernel/morenasm.32
                0x00000000c0000150                manualPCIProbe
                0x00000000c000019b                prepareTramp
                0x00000000c00001b4                voodooXADD
                0x00000000c000027f                doTPAUSE
                0x00000000c0000289                hasLegacyFPU
                0x00000000c00002ae                is486
                0x00000000c00002e4                detectCPUID
                0x00000000c00002fa                goToVM86
                0x00000000c000032a                goToUsermode
                0x00000000c0000354                switchToThreadASMFirstTime
                0x00000000c0000362                switchToThreadASM
                0x00000000c00003ea                asmQuickAcquireLock
                0x00000000c0000408                asmQuickReleaseLock
                0x00000000c0000414                asmAcquireLock
                0x00000000c0000435                asmReleaseLock
                0x00000000c0000448                loadGDT
                0x00000000c0000468                isr0
                0x00000000c0000478                isr1
                0x00000000c0000482                isr2
                0x00000000c000048c                isr3
                0x00000000c0000496                isr4
                0x00000000c00004a0                isr5
                0x00000000c00004aa                isr6
                0x00000000c00004b4                isr7
                0x00000000c00004be                isr8
                0x00000000c00004c6                isr9
                0x00000000c00004d0                isr10
                0x00000000c00004d8                isr11
                0x00000000c00004e0                isr12
                0x00000000c00004e8                isr13
                0x00000000c00004f0                isr14
                0x00000000c00004f8                isr15
                0x00000000c0000502                isr16
                0x00000000c000050c                isr17
                0x00000000c0000516                isr18
                0x00000000c0000520                irq3
                0x00000000c000052a                irq4
                0x00000000c0000534                irq5
                0x00000000c000053e                irq6
                0x00000000c0000548                irq7
                0x00000000c0000552                irq8
                0x00000000c000055c                irq9
                0x00000000c0000566                irq10
                0x00000000c0000570                irq11
                0x00000000c000057a                irq12
                0x00000000c0000584                irq13
                0x00000000c000058e                irq14
                0x00000000c0000598                irq15
                0x00000000c00005a2                irq1
                0x00000000c00005a9                irq2
                0x00000000c00005b0                isr96
                0x00000000c00005b7                irq0
                0x00000000c00005bc                int_common_stub
                0x00000000c00005bc                syscall_common_stub
                0x00000000c00005ed                irq16
                0x00000000c00005f7                irq17
                0x00000000c0000601                irq18
                0x00000000c000060b                irq19
                0x00000000c0000615                irq20
                0x00000000c000061f                irq21
                0x00000000c0000629                irq22
                0x00000000c0000633                irq23
 *fill*         0x00000000c000063d        0x3 
 .text          0x00000000c0000640      0x611 acpica/utclib.32
                0x00000000c0000640                memcmp
                0x00000000c000067c                memmove
                0x00000000c0000744                memcpy
                0x00000000c0000778                memset
                0x00000000c0000794                strlen
                0x00000000c00007ac                strpbrk
                0x00000000c00007e8                strtok
                0x00000000c0000834                strcpy
                0x00000000c0000858                strncpy
                0x00000000c00008c0                strcmp
                0x00000000c0000900                strchr
                0x00000000c0000924                strncmp
                0x00000000c0000974                strcat
                0x00000000c00009a4                strncat
                0x00000000c00009e0                strstr
                0x00000000c0000a28                toupper
                0x00000000c0000a3c                tolower
                0x00000000c0000a50                simple_strtoul
 .text          0x00000000c0000c51      0xfbf core/malloc.32
                0x00000000c0000dbc                dlfree
                0x00000000c0001117                dlmalloc
                0x00000000c0001654                dlrealloc
                0x00000000c0001809                dlmemalign
                0x00000000c000192c                dlcalloc
                0x00000000c00019c6                dlcfree
                0x00000000c00019cb                dlindependent_calloc
                0x00000000c00019f0                dlindependent_comalloc
                0x00000000c0001a07                dlvalloc
                0x00000000c0001a32                dlpvalloc
                0x00000000c0001a68                dlmalloc_trim
                0x00000000c0001a75                dlmalloc_usable_size
                0x00000000c0001aa6                dlmallinfo
                0x00000000c0001b75                dlmalloc_stats
                0x00000000c0001b86                dlmallopt
 .text          0x00000000c0001c10        0x0 libk/string.32
 .text          0x00000000c0001c10       0x51 fs/fat/diskio.32
                0x00000000c0001c10                disk_status
                0x00000000c0001c13                disk_initialize
                0x00000000c0001c16                disk_read
                0x00000000c0001c2c                disk_write
                0x00000000c0001c42                disk_ioctl
 .text          0x00000000c0001c61     0x6833 fs/fat/ff.32
                0x00000000c0004f2f                f_mount
                0x00000000c0004f91                f_open
                0x00000000c00053cd                f_read
                0x00000000c000564d                f_write
                0x00000000c0005907                f_sync
                0x00000000c0005ae3                f_close
                0x00000000c0005b12                f_lseek
                0x00000000c0005fc9                f_opendir
                0x00000000c00060cb                f_closedir
                0x00000000c00060ed                f_readdir
                0x00000000c0006188                f_stat
                0x00000000c0006217                f_getfree
                0x00000000c00063e2                f_truncate
                0x00000000c00064da                f_unlink
                0x00000000c000665d                f_mkdir
                0x00000000c0006889                f_rename
                0x00000000c0006b7c                f_chmod
                0x00000000c0006c5a                f_utime
                0x00000000c0006d38                f_getlabel
                0x00000000c0006f26                f_setlabel
                0x00000000c0007193                f_forward
                0x00000000c0007371                f_mkfs
 .text          0x00000000c0008494       0x2d fs/fat/ffsystem.32
                0x00000000c0008494                ff_memalloc
                0x00000000c00084aa                ff_memfree
 .text          0x00000000c00084c1      0x253 fs/fat/ffunicode.32
                0x00000000c00084c1                ff_uni2oem
                0x00000000c0008551                ff_oem2uni
                0x00000000c00085bd                ff_wtoupper
 .text          0x00000000c0008714      0x8fb hal/libresample/samplerate.32
                0x00000000c0008758                src_delete
                0x00000000c0008794                src_process
                0x00000000c000894a                src_callback_read
                0x00000000c0008ac7                src_set_ratio
                0x00000000c0008b31                src_get_channels
                0x00000000c0008b53                src_reset
                0x00000000c0008b9f                src_new
                0x00000000c0008c2d                src_callback_new
                0x00000000c0008c8f                src_get_name
                0x00000000c0008cc6                src_get_description
                0x00000000c0008cfd                src_get_version
                0x00000000c0008d03                src_is_valid_ratio
                0x00000000c0008d57                src_error
                0x00000000c0008d65                src_strerror
                0x00000000c0008d78                src_simple
                0x00000000c0008dcb                src_short_to_float_array
                0x00000000c0008e30                src_float_to_short_array
                0x00000000c0008eef                src_int_to_float_array
                0x00000000c0008f52                src_float_to_int_array
 .text          0x00000000c000900f      0x8cb hal/libresample/src_linear.32
                0x00000000c0009835                linear_get_name
                0x00000000c0009844                linear_get_description
                0x00000000c0009853                linear_set_converter
 .text          0x00000000c00098da     0x447c hal/libresample/src_sinc.32
                0x00000000c000dc6d                sinc_get_name
                0x00000000c000dc80                sinc_get_description
                0x00000000c000dc93                sinc_set_converter
 .text          0x00000000c000dd56      0x77c hal/libresample/src_zoh.32
                0x00000000c000e42d                zoh_get_name
                0x00000000c000e43c                zoh_get_description
                0x00000000c000e44b                zoh_set_converter
 .text          0x00000000c000e4d2       0x23 compat/inlines.32
                0x00000000c000e4d2                CPU::current()
                0x00000000c000e4df                operator new(unsigned long)
 .text          0x00000000c000e4f5      0x111 compat/resolve.32
                0x00000000c000e4f5                Krnl::resolveCompatibilitySymbol(char*)
 .text          0x00000000c000e606      0xa17 core/computer.32
                0x00000000c000e606                Computer::close(int, int, void*)
                0x00000000c000e64a                Krnl::firstTask()
                0x00000000c000e73a                Computer::Computer()
                0x00000000c000e73a                Computer::Computer()
                0x00000000c000e896                Computer::setBootMessage(char const*)
                0x00000000c000e898                Computer::detectFeatures()
                0x00000000c000eaa2                Computer::displayFeatures()
                0x00000000c000ede8                Computer::rdmsr(unsigned int)
                0x00000000c000ee14                Computer::wrmsr(unsigned int, unsigned long long)
                0x00000000c000ee4c                Computer::nmiEnabled()
                0x00000000c000ee58                Computer::readCMOS(unsigned char)
                0x00000000c000ee72                Computer::enableNMI(bool)
                0x00000000c000ee8a                Computer::open(int, int, void*)
                0x00000000c000ef60                Computer::disableNMI()
                0x00000000c000ef6e                Computer::writeCMOS(unsigned char, unsigned char)
                0x00000000c000ef8c                Computer::handleNMI()
                0x00000000c000eff2                Computer::setDiskActivityLight(int, bool)
 *fill*         0x00000000c000f01d        0x1 
 .text          0x00000000c000f01e      0x1b7 core/gdt.32
                0x00000000c000f01e                GDTEntry::setBase(unsigned int)
                0x00000000c000f03a                GDTEntry::setLimit(unsigned int)
                0x00000000c000f058                GDT::GDT()
                0x00000000c000f058                GDT::GDT()
                0x00000000c000f06e                GDT::addEntry(GDTEntry)
                0x00000000c000f0aa                GDT::getNumberOfEntries()
                0x00000000c000f0b2                GDT::flush()
                0x00000000c000f0d4                GDT::setup()
 .text          0x00000000c000f1d5       0x62 core/idle.32
                0x00000000c000f1d5                idleFunction(void*)
 *fill*         0x00000000c000f237        0x1 
 .text          0x00000000c000f238      0x45f core/idt.32
                0x00000000c000f238                IDTEntry::IDTEntry(bool)
                0x00000000c000f238                IDTEntry::IDTEntry(bool)
                0x00000000c000f2a6                IDTEntry::setOffset(unsigned int)
                0x00000000c000f2ba                IDT::IDT()
                0x00000000c000f2ba                IDT::IDT()
                0x00000000c000f2bc                IDT::getPointerToInvalidOpcodeEntryForF00F()
                0x00000000c000f2c4                IDT::addEntry(IDTEntry, int)
                0x00000000c000f2de                IDT::addEntry(int, void (*)(), bool)
                0x00000000c000f316                IDT::flush()
                0x00000000c000f330                IDT::setup()
 .text          0x00000000c000f697      0x206 core/kheap.32
                0x00000000c000f697                sbrk
                0x00000000c000f7a5                mmap
                0x00000000c000f7bb                munmap
                0x00000000c000f7d1                liballoc_lock()
                0x00000000c000f7e2                liballoc_unlock()
                0x00000000c000f7f3                liballoc_alloc(int)
                0x00000000c000f811                liballoc_free(void*, int)
                0x00000000c000f82f                realloc
                0x00000000c000f843                malloc
                0x00000000c000f853                free
                0x00000000c000f863                rfree
                0x00000000c000f873                calloc
 .text          0x00000000c000f89d      0x480 core/main.32
                0x00000000c000f89d                hwTextMode_loadInData(VgaText*)
                0x00000000c000f8e8                hwTextMode_loadInTitle(VgaText*, char*)
                0x00000000c000f966                hwTextMode_showCursor(VgaText*, bool)
                0x00000000c000f9c4                hwTextMode_update(VgaText*)
                0x00000000c000f9c5                hwTextMode_updateCursor(VgaText*)
                0x00000000c000fa16                hwTextMode_disableBlink(VgaText*, bool)
                0x00000000c000fa5c                hwTextMode_scrollScreen(VgaText*)
                0x00000000c000fb09                hwTextMode_writeCharacter(VgaText*, char, VgaColour, VgaColour, int, int)
                0x00000000c000fb8b                setupTextMode()
                0x00000000c000fbfb                kernel_main
 .text          0x00000000c000fd1d      0x5a6 core/physmgr.32
                0x00000000c000fd1d                Phys::allocateDMA(unsigned long)
                0x00000000c000fdc0                Phys::freeDMA(unsigned long, unsigned long)
                0x00000000c000fe08                Phys::setPageState(unsigned long, bool)
                0x00000000c000fe3a                Phys::getPageState(unsigned long)
                0x00000000c000fe56                Phys::freePage(unsigned long)
                0x00000000c000fee0                Phys::allocatePage()
                0x00000000c0010001                Phys::allocateContiguousPages(int)
                0x00000000c001005b                Phys::allowSegmentToBeUsed(unsigned long, unsigned long)
                0x00000000c0010093                Phys::physicalMemorySetup(unsigned int)
 *fill*         0x00000000c00102c3        0x1 
 .text          0x00000000c00102c4      0x273 core/pipe.32
                0x00000000c00102c4                Pipe::isAtty()
                0x00000000c00102c8                Pipe::~Pipe()
                0x00000000c00102c8                Pipe::~Pipe()
                0x00000000c00102ec                Pipe::~Pipe()
                0x00000000c0010314                Pipe::read(unsigned long long, void*, int*)
                0x00000000c0010408                Pipe::write(unsigned long long, void*, int*)
                0x00000000c00104d0                Pipe::Pipe(int)
                0x00000000c00104d0                Pipe::Pipe(int)
 *fill*         0x00000000c0010537        0x1 
 .text          0x00000000c0010538      0xf73 core/terminal.32
                0x00000000c0010538                VgaText::isAtty()
                0x00000000c001053c                VgaText::~VgaText()
                0x00000000c001053c                VgaText::~VgaText()
                0x00000000c0010560                VgaText::~VgaText()
                0x00000000c001058a                VgaText::read(unsigned long long, void*, int*)
                0x00000000c00105aa                setTerminalScrollLock(bool)
                0x00000000c00105ab                addToTerminalCycle(VgaText*)
                0x00000000c00105d8                installVgaTextImplementation()
                0x00000000c00105ed                scrollTerminalScrollLock(int)
                0x00000000c00105ee                VgaText::load()
                0x00000000c0010642                VgaText::updateCursor()
                0x00000000c001065c                VgaText::showCursor(bool)
                0x00000000c001066c                VgaText::disableBlink(bool)
                0x00000000c00106a6                VgaText::doANSI_SGR(int)
                0x00000000c0010732                VgaText::setDefaultBgColour(VgaColour)
                0x00000000c0010748                VgaText::setDefaultFgColour(VgaColour)
                0x00000000c001075e                VgaText::setDefaultColours(VgaColour, VgaColour)
                0x00000000c001077e                VgaText::combineColours(unsigned char, unsigned char)
                0x00000000c0010790                VgaText::scrollScreen()
                0x00000000c0010824                VgaText::combineCharAndColour(char, unsigned char)
                0x00000000c0010836                VgaText::writeCharacter(char, VgaColour, VgaColour, int, int)
                0x00000000c0010896                VgaText::getCursorX()
                0x00000000c00108a2                VgaText::getCursorY()
                0x00000000c00108ae                VgaText::setCursor(int, int)
                0x00000000c00108cc                VgaText::setCursorX(int)
                0x00000000c00108e8                VgaText::setCursorY(int)
                0x00000000c0010904                VgaText::incrementCursor(bool)
                0x00000000c001096c                VgaText::updateRAMUsageDisplay(int)
                0x00000000c00109d0                VgaText::updateDiskUsage()
                0x00000000c0010b3a                VgaText::updateTitle()
                0x00000000c0010b80                VgaText::setTitleTextColour(VgaColour)
                0x00000000c0010b90                VgaText::setTitleColour(VgaColour)
                0x00000000c0010ba0                VgaText::setTitle(char*)
                0x00000000c0010bc6                VgaText::decrementCursor(bool)
                0x00000000c0010bee                VgaText::putchar(char, VgaColour, VgaColour)
                0x00000000c0010cea                VgaText::isShowingCursor()
                0x00000000c0010cf6                VgaText::isBlinkDisabled()
                0x00000000c0010d04                VgaText::setCursorHeight(int)
                0x00000000c0010d22                VgaText::getCursorHeight()
                0x00000000c0010d2d                setActiveTerminal(VgaText*)
                0x00000000c0010ddf                doTerminalCycle()
                0x00000000c0010dfc                VgaText::doUpdate()
                0x00000000c0010e0e                VgaText::puts(char const*, VgaColour, VgaColour)
                0x00000000c0010fce                VgaText::clearScreen()
                0x00000000c0011032                VgaText::putchar(char)
                0x00000000c001114c                VgaText::puts(char const*)
                0x00000000c0011172                VgaText::putx(unsigned int)
                0x00000000c00111b8                VgaText::VgaText(char const*)
                0x00000000c00111b8                VgaText::VgaText(char const*)
                0x00000000c001134a                VgaText::receiveKey(unsigned char)
                0x00000000c0011432                VgaText::write(unsigned long long, void*, int*)
                0x00000000c0011486                newTerminal(char*)
 *fill*         0x00000000c00114ab        0x1 
 .text          0x00000000c00114ac      0x1b3 core/tss.32
                0x00000000c00114ac                TSS::TSS()
                0x00000000c00114ac                TSS::TSS()
                0x00000000c00114ba                TSS::setESP(unsigned long)
                0x00000000c00114cc                TSS::flush()
                0x00000000c00114ec                TSS::setup(unsigned long, unsigned long)
 *fill*         0x00000000c001165f        0x1 
 .text          0x00000000c0011660      0x4c2 core/unixfile.32
                0x00000000c0011660                ReservedFilename::read(unsigned long long, void*, int*)
                0x00000000c00116b6                ReservedFilename::isAtty()
                0x00000000c00116d2                ReservedFilename::write(unsigned long long, void*, int*)
                0x00000000c0011730                UnixFile::getFileDescriptor()
                0x00000000c0011738                UnixFile::UnixFile(int)
                0x00000000c0011738                UnixFile::UnixFile(int)
                0x00000000c00118e8                ReservedFilename::ReservedFilename(int)
                0x00000000c00118e8                ReservedFilename::ReservedFilename(int)
                0x00000000c001191a                UnixFile::~UnixFile()
                0x00000000c001191a                UnixFile::~UnixFile()
                0x00000000c00119b2                UnixFile::~UnixFile()
                0x00000000c00119da                ReservedFilename::~ReservedFilename()
                0x00000000c00119da                ReservedFilename::~ReservedFilename()
                0x00000000c00119fe                ReservedFilename::~ReservedFilename()
                0x00000000c0011a25                getFromFileDescriptor(int)
 .text          0x00000000c0011b22     0x123e core/virtmgr.32
                0x00000000c0011b22                Virt::swappingSetup()
                0x00000000c0011c9c                Virt::setPageState(unsigned long, Virt::VirtPageState)
                0x00000000c0011cd1                Virt::getPageState(unsigned long)
                0x00000000c0011cf5                Virt::allocateKernelVirtualPages(int)
                0x00000000c0011e06                Virt::freeSwapfilePage(unsigned long)
                0x00000000c0011e24                Virt::swapIDToSector(unsigned long)
                0x00000000c0011e36                Virt::allocateSwapfilePage()
                0x00000000c0011eb4                Virt::virtualMemorySetup()
                0x00000000c0011f33                Virt::getAKernelVAS()
                0x00000000c0011f3a                VAS::VAS()
                0x00000000c0011f3a                VAS::VAS()
                0x00000000c0011f76                VAS::VAS(VAS*)
                0x00000000c0011f76                VAS::VAS(VAS*)
                0x00000000c0011fa4                VAS::getForeignPageTableEntry(bool, unsigned long)
                0x00000000c0011fd0                VAS::getPageTableEntry(unsigned long)
                0x00000000c0011fef                Virt::freeKernelVirtualPages(unsigned long)
                0x00000000c0012112                VAS::freeAllocatedPages(unsigned long)
                0x00000000c0012136                VAS::virtualToPhysical(unsigned long)
                0x00000000c001214e                VAS::reflagRange(unsigned long, int, int, int)
                0x00000000c001218e                VAS::setToWriteCombining(unsigned long, int)
                0x00000000c00121c0                VAS::mapOtherVASIn(bool, VAS*)
                0x00000000c00121ea                VAS::~VAS()
                0x00000000c00121ea                VAS::~VAS()
                0x00000000c0012356                VAS::mapPage(unsigned long, unsigned long, int)
                0x00000000c0012456                VAS::allocatePages(int, int)
                0x00000000c001262e                VAS::setCPUSpecific(unsigned long)
                0x00000000c001264a                VAS::mapRange(unsigned long, unsigned long, int, int)
                0x00000000c0012710                VAS::mapForeignPage(bool, VAS*, unsigned long, unsigned long, int)
                0x00000000c00127fe                VAS::VAS(bool)
                0x00000000c00127fe                VAS::VAS(bool)
                0x00000000c0012a64                VAS::evict(unsigned long)
                0x00000000c0012aec                VAS::tryLoadBackOffDisk(unsigned long)
                0x00000000c0012bc2                VAS::scanForEviction()
                0x00000000c0012ca4                mapVASFirstTime
 .text          0x00000000c0012d60       0x95 coreobjs/c++.32
                0x00000000c0012d60                __cxa_atexit
                0x00000000c0012d63                __cxa_finalize
                0x00000000c0012d64                __stack_chk_fail
                0x00000000c0012dd0                __cxa_pure_virtual
                0x00000000c0012de1                operator new[](unsigned long)
                0x00000000c0012de6                operator delete(void*, unsigned long)
                0x00000000c0012deb                operator delete[](void*)
                0x00000000c0012df0                operator delete[](void*, unsigned long)
 .text          0x00000000c0012df5      0x1ef dbg/kconsole.32
                0x00000000c0012df5                Dbg::stringifyxWithBase(unsigned int, char*, int)
                0x00000000c0012e56                Dbg::logc(char)
                0x00000000c0012e6d                Dbg::logs(char*)
                0x00000000c0012e8a                Dbg::logWriteInt(unsigned int)
                0x00000000c0012ea7                Dbg::logWriteIntBase(unsigned int, int)
                0x00000000c0012ec6                Dbg::kprintf(char const*, ...)
 .text          0x00000000c0012fe4      0xb7c fs/vfs.32
                0x00000000c0012fe4                File::read(unsigned long long, void*, int*)
                0x00000000c001303c                File::write(unsigned long long, void*, int*)
                0x00000000c0013094                Directory::read(unsigned long long, void*, int*)
                0x00000000c00130ec                Directory::write(unsigned long long, void*, int*)
                0x00000000c001311a                File::isAtty()
                0x00000000c001311e                Directory::isAtty()
                0x00000000c0013122                Filesystem::getlabel(LogicalDisk*, int, char*, unsigned int*)
                0x00000000c0013128                Filesystem::setlabel(LogicalDisk*, int, char*)
                0x00000000c001312e                File::~File()
                0x00000000c001312e                File::~File()
                0x00000000c0013152                File::~File()
                0x00000000c001317c                Directory::~Directory()
                0x00000000c001317c                Directory::~Directory()
                0x00000000c00131a0                Directory::~Directory()
                0x00000000c00131ca                Filesystem::Filesystem()
                0x00000000c00131ca                Filesystem::Filesystem()
                0x00000000c00131ee                Filesystem::~Filesystem()
                0x00000000c00131ee                Filesystem::~Filesystem()
                0x00000000c00131fc                Filesystem::~Filesystem()
                0x00000000c0013220                Fs::getcwd(Process*, char*, int)
                0x00000000c001324a                Fs::initVFS()
                0x00000000c0013274                Fs::standardiseFiles(char*, char const*, char const*)
                0x00000000c001341e                File::File(char const*, Process*)
                0x00000000c001341e                File::File(char const*, Process*)
                0x00000000c0013482                File::open(FileOpenMode)
                0x00000000c00134e0                File::close()
                0x00000000c0013540                File::seek(unsigned long long)
                0x00000000c0013596                File::tell(unsigned long long*)
                0x00000000c00135e6                File::rewind()
                0x00000000c00135fa                File::unlink()
                0x00000000c0013646                File::rename(char const*)
                0x00000000c0013694                File::chfatattr(unsigned char, unsigned char)
                0x00000000c00136f0                File::exists()
                0x00000000c001372e                File::stat(unsigned long long*, bool*)
                0x00000000c001378f                Fs::setcwd(Process*, char*)
                0x00000000c00138ca                Directory::Directory(char const*, Process*)
                0x00000000c00138ca                Directory::Directory(char const*, Process*)
                0x00000000c001392e                Directory::open()
                0x00000000c001398a                Directory::close()
                0x00000000c00139ea                Directory::unlink()
                0x00000000c0013a36                Directory::rename(char const*)
                0x00000000c0013a84                Directory::exists()
                0x00000000c0013ac2                Directory::read(dirent*)
                0x00000000c0013b0e                Directory::create()
                0x00000000c0013b5a                Filesystem::chfatattr(char const*, unsigned char, unsigned char)
 .text          0x00000000c0013b60       0x84 hal/bus.32
                0x00000000c0013b60                Bus::Bus(char const*)
                0x00000000c0013b60                Bus::Bus(char const*)
                0x00000000c0013b96                Bus::~Bus()
                0x00000000c0013b96                Bus::~Bus()
                0x00000000c0013bba                Bus::~Bus()
 .text          0x00000000c0013be4      0x14e hal/buzzer.32
                0x00000000c0013be4                Buzzer::Buzzer(char const*)
                0x00000000c0013be4                Buzzer::Buzzer(char const*)
                0x00000000c0013c28                Buzzer::~Buzzer()
                0x00000000c0013c28                Buzzer::~Buzzer()
                0x00000000c0013c4c                Buzzer::~Buzzer()
                0x00000000c0013c76                Buzzer::stop()
                0x00000000c0013c89                beepThread(void*)
                0x00000000c0013cc4                Buzzer::beep(int, int, bool)
 .text          0x00000000c0013d32      0x467 hal/clock.32
                0x00000000c0013d32                User::loadClockSettings(int)
                0x00000000c0013d84                Clock::Clock(char const*)
                0x00000000c0013d84                Clock::Clock(char const*)
                0x00000000c0013dba                Clock::~Clock()
                0x00000000c0013dba                Clock::~Clock()
                0x00000000c0013dde                Clock::~Clock()
                0x00000000c0013e08                Clock::timeInSecondsLocal()
                0x00000000c0013e50                Clock::setTimeInSecondsLocal(unsigned long long)
                0x00000000c0013ea9                datetimeToSeconds(datetime_t)
                0x00000000c0013fd0                Clock::setTimeInDatetimeLocal(datetime_t)
                0x00000000c0014030                secondsToDatetime(unsigned long long)
                0x00000000c0014174                Clock::timeInDatetimeLocal()
 *fill*         0x00000000c0014199        0x1 
 .text          0x00000000c001419a      0x4de hal/device.32
                0x00000000c001419a                Device::hibernate()
                0x00000000c001419c                Device::wake()
                0x00000000c001419e                Device::detect()
                0x00000000c00141a0                Device::disableLegacy()
                0x00000000c00141a2                Device::powerSaving(PowerSavingLevel)
                0x00000000c00141a4                DriverlessDevice::close(int, int, void*)
                0x00000000c00141a8                DriverlessDevice::detect()
                0x00000000c00141aa                DriverlessDevice::open(int, int, void*)
                0x00000000c00141be                Device::~Device()
                0x00000000c00141be                Device::~Device()
                0x00000000c00141cc                Device::~Device()
                0x00000000c00141f4                Device::findAndLoadDriver()
                0x00000000c00141f6                Device::preOpenPCI(PCIDeviceInfo)
                0x00000000c001421c                Device::preOpenACPI(void*, char*, char*)
                0x00000000c0014270                Device::addIRQHandler(int, void (*)(regs*, void*), bool, void*)
                0x00000000c00142ae                Device::removeIRQHandler(int, void (*)(regs*, void*), bool)
                0x00000000c00142ec                Device::addChild(Device*)
                0x00000000c0014330                Device::removeAllChildren()
                0x00000000c0014376                Device::hibernateAll()
                0x00000000c00143a6                Device::wakeAll()
                0x00000000c00143d6                Device::detectAll()
                0x00000000c0014406                Device::disableLegacyAll()
                0x00000000c0014436                Device::loadDriversForAll()
                0x00000000c0014462                Device::closeAll()
                0x00000000c0014498                Device::powerSavingAll(PowerSavingLevel)
                0x00000000c00144ce                Device::setName(char const*)
                0x00000000c00144dc                Device::Device(char const*)
                0x00000000c00144dc                Device::Device(char const*)
                0x00000000c00145d8                Device::getName()
                0x00000000c00145e2                DriverlessDevice::DriverlessDevice(char const*)
                0x00000000c00145e2                DriverlessDevice::DriverlessDevice(char const*)
                0x00000000c001460a                Device::addToLinkedList(LinkedList<Device>&, DeviceType)
                0x00000000c001464e                getDevicesOfType(DeviceType)
 .text          0x00000000c0014678       0x84 hal/diskctrl.32
                0x00000000c0014678                HardDiskController::HardDiskController(char const*)
                0x00000000c0014678                HardDiskController::HardDiskController(char const*)
                0x00000000c00146ae                HardDiskController::~HardDiskController()
                0x00000000c00146ae                HardDiskController::~HardDiskController()
                0x00000000c00146d2                HardDiskController::~HardDiskController()
 .text          0x00000000c00146fc       0xf2 hal/diskphys.32
                0x00000000c00146fc                PhysicalDisk::eject()
                0x00000000c0014710                PhysicalDisk::PhysicalDisk(char const*, int)
                0x00000000c0014710                PhysicalDisk::PhysicalDisk(char const*, int)
                0x00000000c0014778                PhysicalDisk::startCache()
                0x00000000c00147a0                PhysicalDisk::~PhysicalDisk()
                0x00000000c00147a0                PhysicalDisk::~PhysicalDisk()
                0x00000000c00147c4                PhysicalDisk::~PhysicalDisk()
 .text          0x00000000c00147ee      0x13b hal/fpu.32
                0x00000000c00147ee                FPU::FPU(char const*)
                0x00000000c00147ee                FPU::FPU(char const*)
                0x00000000c0014824                FPU::~FPU()
                0x00000000c0014824                FPU::~FPU()
                0x00000000c0014848                FPU::~FPU()
                0x00000000c0014872                setupFPU()
 *fill*         0x00000000c0014929        0x1 
 .text          0x00000000c001492a     0x13a7 hal/intctrl.32
                0x00000000c001492a                InterruptController::uninstallISRHandler(int, void (*)(regs*, void*))
                0x00000000c0014962                InterruptController::installISRHandler(int, void (*)(regs*, void*), void*)
                0x00000000c00149b4                doubleFault(regs*, void*)
                0x00000000c00149ce                InterruptController::installIRQHandler(int, void (*)(regs*, void*), bool, void*)
                0x00000000c0014a6a                InterruptController::clearAllHandlers(int, bool)
                0x00000000c0014b12                InterruptController::uninstallIRQHandler(int, void (*)(regs*, void*), bool)
                0x00000000c0014b99                nmiHandler(regs*, void*)
                0x00000000c0014ba7                int_handler
                0x00000000c0014c48                InterruptController::InterruptController(char const*)
                0x00000000c0014c48                InterruptController::InterruptController(char const*)
                0x00000000c0014cee                InterruptController::~InterruptController()
                0x00000000c0014cee                InterruptController::~InterruptController()
                0x00000000c0014d12                InterruptController::~InterruptController()
                0x00000000c0014d3c                displayDebugInfo(regs*)
                0x00000000c00151cb                x87EmulHandler(regs*, void*)
                0x00000000c00151fa                gpFault(regs*, void*)
                0x00000000c0015233                pgFault(regs*, void*)
                0x00000000c001526f                otherISRHandler(regs*, void*)
                0x00000000c001528e                opcodeFault(regs*, void*)
                0x00000000c0015894                displayProgramFault(char const*)
                0x00000000c00158bc                setupInterruptController()
                0x00000000c0015c84                InterruptController::convertLegacyIRQNumber(int)
 *fill*         0x00000000c0015cd1        0x1 
 .text          0x00000000c0015cd2      0x6c8 hal/keybrd.32
                0x00000000c0015cd2                startGUI(void*)
                0x00000000c0015d2e                startGUIVESA(void*)
                0x00000000c0015d8a                sendKeyToTerminal(unsigned char)
                0x00000000c0015df6                sendKeyboardToken(KeyboardToken)
                0x00000000c0016233                clearInternalKeybuffer(VgaText*)
                0x00000000c0016268                readKeyboard(VgaText*, char*, unsigned long)
                0x00000000c0016310                Keyboard::Keyboard(char const*)
                0x00000000c0016310                Keyboard::Keyboard(char const*)
                0x00000000c001634c                Keyboard::~Keyboard()
                0x00000000c001634c                Keyboard::~Keyboard()
                0x00000000c0016370                Keyboard::~Keyboard()
 .text          0x00000000c001639a      0x414 hal/logidisk.32
                0x00000000c001639a                LogicalDisk::close(int, int, void*)
                0x00000000c001639e                LogicalDisk::~LogicalDisk()
                0x00000000c001639e                LogicalDisk::~LogicalDisk()
                0x00000000c00163c2                LogicalDisk::~LogicalDisk()
                0x00000000c00163ec                LogicalDisk::open(int, int, void*)
                0x00000000c0016400                LogicalDisk::absoluteToRelative(unsigned long long)
                0x00000000c0016438                LogicalDisk::relativeToAbsolute(unsigned long long)
                0x00000000c001647e                LogicalDisk::LogicalDisk(char const*, PhysicalDisk*, unsigned long long, unsigned long long)
                0x00000000c001647e                LogicalDisk::LogicalDisk(char const*, PhysicalDisk*, unsigned long long, unsigned long long)
                0x00000000c0016534                LogicalDisk::assignDriveLetter()
                0x00000000c00165ea                LogicalDisk::mount()
                0x00000000c001665c                LogicalDisk::unmount()
                0x00000000c001666c                LogicalDisk::eject()
                0x00000000c0016680                LogicalDisk::unassignDriveLetter()
                0x00000000c00166d6                LogicalDisk::read(unsigned long long, int, void*)
                0x00000000c0016742                LogicalDisk::write(unsigned long long, int, void*)
 .text          0x00000000c00167ae       0x84 hal/mouse.32
                0x00000000c00167ae                Mouse::Mouse(char const*)
                0x00000000c00167ae                Mouse::Mouse(char const*)
                0x00000000c00167e4                Mouse::~Mouse()
                0x00000000c00167e4                Mouse::~Mouse()
                0x00000000c0016808                Mouse::~Mouse()
 .text          0x00000000c0016832      0x34d hal/partition.32
                0x00000000c0016832                makePartition(PhysicalDisk*, unsigned long long, unsigned long long)
                0x00000000c00168ee                createPartitionsForDisk(PhysicalDisk*)
 *fill*         0x00000000c0016b7f        0x1 
 .text          0x00000000c0016b80       0x84 hal/serial.32
                0x00000000c0016b80                Serial::Serial(char const*)
                0x00000000c0016b80                Serial::Serial(char const*)
                0x00000000c0016bb6                Serial::~Serial()
                0x00000000c0016bb6                Serial::~Serial()
                0x00000000c0016bda                Serial::~Serial()
 .text          0x00000000c0016c04      0x2b8 hal/timer.32
                0x00000000c0016c04                Timer::Timer(char const*)
                0x00000000c0016c04                Timer::Timer(char const*)
                0x00000000c0016c3a                Timer::~Timer()
                0x00000000c0016c3a                Timer::~Timer()
                0x00000000c0016c5e                Timer::~Timer()
                0x00000000c0016c88                Timer::read()
                0x00000000c0016c93                timerHandler(unsigned long long)
                0x00000000c0016dca                setupTimer(int)
 .text          0x00000000c0016ebc      0x425 hal/vcache.32
                0x00000000c0016ebc                VCache::VCache(PhysicalDisk*)
                0x00000000c0016ebc                VCache::VCache(PhysicalDisk*)
                0x00000000c0017024                VCache::invalidateReadBuffer()
                0x00000000c0017034                VCache::writeWriteBuffer()
                0x00000000c0017070                VCache::~VCache()
                0x00000000c0017070                VCache::~VCache()
                0x00000000c00170c4                VCache::~VCache()
                0x00000000c00170ec                VCache::write(unsigned long long, int, void*)
                0x00000000c00171e2                VCache::read(unsigned long long, int, void*)
 *fill*         0x00000000c00172e1        0x1 
 .text          0x00000000c00172e2      0x4cd hal/video.32
                0x00000000c00172e2                Video::putrect(int, int, int, int, unsigned int)
                0x00000000c001732e                Video::bitblit(int, int, int, int, int, int, int, unsigned int*)
                0x00000000c001739e                Video::blit(unsigned int*, int, int, int, int)
                0x00000000c001741c                Video::clearScreen(unsigned int)
                0x00000000c0017450                Video::putpixel(int, int, unsigned int)
                0x00000000c001745e                Video::Video(char const*)
                0x00000000c001745e                Video::Video(char const*)
                0x00000000c0017494                Video::~Video()
                0x00000000c0017494                Video::~Video()
                0x00000000c00174b8                Video::~Video()
                0x00000000c00174e2                Video::isMonochrome()
                0x00000000c00174ee                Video::getWidth()
                0x00000000c00174fa                Video::getHeight()
                0x00000000c0017506                Video::drawCursor(int, int, unsigned char*, int)
                0x00000000c00175c2                Video::tgaParse(unsigned char*, int, int*, int*)
                0x00000000c0017744                Video::putTGA(int, int, unsigned char*, int)
 *fill*         0x00000000c00177af        0x1 
 .text          0x00000000c00177b0      0xf68 hw/acpi.32
                0x00000000c00177b0                ACPI::close(int, int, void*)
                0x00000000c0017865                findRSDP()
                0x00000000c00178ef                loadACPITables(unsigned char*)
                0x00000000c0017b16                findRSDT(unsigned char*)
                0x00000000c0017c34                findDataTable(unsigned char*, char*)
                0x00000000c0017cd0                scanMADT()
                0x00000000c0018156                ACPI::ACPI()
                0x00000000c0018156                ACPI::ACPI()
                0x00000000c00181c0                ACPI::getPCIIRQAssignment(unsigned char, unsigned short, unsigned char)
                0x00000000c00182a2                ACPI::registerPCIIRQAssignment(void*, unsigned short, unsigned char, unsigned char)
                0x00000000c0018368                ACPI::setScreenBrightnessLevel(void*, int)
                0x00000000c001836e                ACPI::writeSimpleBootFlag(SimpleBootFlagTable*)
                0x00000000c00183b6                ACPI::open(int, int, void*)
                0x00000000c0018700                ACPI::sleep()
 .text          0x00000000c0018718     0x1715 hw/cpu.32
                0x00000000c0018718                CPU::close(int, int, void*)
                0x00000000c001871c                CPU::lookupAMDName(unsigned char, unsigned char)
                0x00000000c00188b0                CPU::lookupIntelName(unsigned char, unsigned char)
                0x00000000c0018b5e                CPU::AMD_K6_write_msr(unsigned int, unsigned int, unsigned int, CPU::REGS*)
                0x00000000c0018b7a                CPU::AMD_K6_read_msr(unsigned int, CPU::REGS*)
                0x00000000c0018b92                CPU::AMD_K6_writeback(int, int, int)
                0x00000000c0018c06                CPU::cpuid(int, unsigned long*, unsigned long*, unsigned long*, unsigned long*)
                0x00000000c0018c8a                CPU::cpuidCheckEDX(unsigned int)
                0x00000000c0018cb8                CPU::cpuidCheckECX(unsigned int)
                0x00000000c0018ce6                CPU::cpuidCheckExtendedEBX(unsigned int)
                0x00000000c0018d14                CPU::cpuidCheckExtendedECX(unsigned int)
                0x00000000c0018d42                CPU::CPU()
                0x00000000c0018d42                CPU::CPU()
                0x00000000c0018dd0                CPU::displayFeatures()
                0x00000000c001904c                CPU::detectFeatures()
                0x00000000c0019a3c                CPU::setupSMEP()
                0x00000000c0019a48                CPU::setupUMIP()
                0x00000000c0019a52                CPU::setupTSC()
                0x00000000c0019a5c                CPU::setupLargePages()
                0x00000000c0019a66                CPU::setupPAT()
                0x00000000c0019aa2                CPU::setupMTRR()
                0x00000000c0019aa4                CPU::setupGlobalPages()
                0x00000000c0019aae                CPU::allowUsermodeDataAccess()
                0x00000000c0019ac0                CPU::prohibitUsermodeDataAccess()
                0x00000000c0019ad2                CPU::setupSMAP()
                0x00000000c0019ae0                CPU::setupFeatures()
                0x00000000c0019b60                CPU::open(int, int, void*)
                0x00000000c0019c32                CPU::decodeAddress(regs*, int*, bool*, unsigned char*)
 .text          0x00000000c0019e2d        0x0 hw/ports.32
 .text          0x00000000c0019e2d      0x16a hw/smp.32
                0x00000000c0019e2d                Krnl::smpEntry()
                0x00000000c0019e2f                Krnl::startCPU(int)
                0x00000000c0019f78                Krnl::startCPUs()
 *fill*         0x00000000c0019f97        0x1 
 .text          0x00000000c0019f98      0x5d3 krnl/env.32
                0x00000000c0019f98                EnvVarContainer::getEnv(char const*)
                0x00000000c0019fd6                EnvVarContainer::setEnv(char const*, char const*)
                0x00000000c001a0a2                EnvVarContainer::deleteEnv(char const*)
                0x00000000c001a0a4                EnvVarContainer::loadFrom(char const*, char const*)
                0x00000000c001a29a                EnvVarContainer::__loadSystem()
                0x00000000c001a2b4                EnvVarContainer::__loadUser()
                0x00000000c001a2b6                EnvVarContainer::EnvVarContainer(Process*)
                0x00000000c001a2b6                EnvVarContainer::EnvVarContainer(Process*)
                0x00000000c001a2d8                EnvVarContainer::~EnvVarContainer()
                0x00000000c001a2d8                EnvVarContainer::~EnvVarContainer()
                0x00000000c001a308                Krnl::getEnv(Process*, char const*)
                0x00000000c001a36d                Krnl::setEnvSystem(char const*, char const*)
                0x00000000c001a387                Krnl::setEnvUser(char const*, char const*)
                0x00000000c001a3a6                Krnl::setEnvProcess(Process*, char const*, char const*)
                0x00000000c001a3b9                Krnl::deleteEnvSystem(char const*)
                0x00000000c001a3ba                Krnl::deleteEnvUser(char const*)
                0x00000000c001a3bb                Krnl::deleteEnvProcess(Process*, char const*)
                0x00000000c001a3bc                Krnl::newProcessEnv(Process*)
                0x00000000c001a3de                Krnl::copyProcessEnv(Process*, Process*)
                0x00000000c001a432                Krnl::loadSystemEnv()
                0x00000000c001a460                Krnl::loadUserEnv()
                0x00000000c001a486                Krnl::flushEnv()
                0x00000000c001a487                Krnl::getProcessTotalEnvCount(Process*)
                0x00000000c001a4a7                Krnl::getProcessEnvPair(Process*, int)
 .text          0x00000000c001a56b      0x396 krnl/panic.32
                0x00000000c001a56b                Krnl::panic(char const*)
 .text          0x00000000c001a901      0x3b6 net/ethernet.32
                0x00000000c001a901                Net::switchEndian16(unsigned short)
                0x00000000c001a922                Net::switchEndian32(unsigned int)
                0x00000000c001a951                Net::crc32Calc(unsigned char*, int)
                0x00000000c001a9e2                Net::wrapEthernetFrame(Net::UnwrappedEthernetFrame, unsigned char*)
                0x00000000c001ab1e                Net::unwrapEthernetFrame(unsigned char*, int)
 .text          0x00000000c001acb7      0x513 reg/registry.32
                0x00000000c001acb7                Reg::findLineFromLoadedData(char*, char*, char*)
                0x00000000c001ae0f                Reg::getLineFromRegistry(char*, char*, char*, char*)
                0x00000000c001af64                Reg::getLine(char*, char*, char*)
                0x00000000c001af9b                Reg::readInt(char*, char*, int*)
                0x00000000c001b086                Reg::readString(char*, char*, char*, int)
                0x00000000c001b107                Reg::readBool(char*, char*, bool*)
                0x00000000c001b12c                Reg::readBoolWithDefault(char*, char*, bool)
                0x00000000c001b158                Reg::readIntWithDefault(char*, char*, int)
                0x00000000c001b184                Reg::readStringWithDefault(char*, char*, char*, int, char*)
 .text          0x00000000c001b1ca       0x36 sys/sc_eject.32
                0x00000000c001b1ca                Sys::eject(regs*)
 .text          0x00000000c001b200       0x18 sys/sc_exit.32
                0x00000000c001b200                Sys::exit(regs*)
 .text          0x00000000c001b218       0x1f sys/sc_getcwd.32
                0x00000000c001b218                Sys::getCwd(regs*)
 .text          0x00000000c001b237        0xc sys/sc_getpid.32
                0x00000000c001b237                Sys::getPID(regs*)
 .text          0x00000000c001b243       0x17 sys/sc_getramdata.32
                0x00000000c001b243                Sys::getRAMData(regs*)
 .text          0x00000000c001b25a       0xa8 sys/sc_loaddll.32
                0x00000000c001b25a                Sys::loadDLL(regs*)
 .text          0x00000000c001b302       0x68 sys/sc_read.32
                0x00000000c001b302                Sys::read(regs*)
 .text          0x00000000c001b36a       0x55 sys/sc_sbrk.32
                0x00000000c001b36a                Sys::sbrk(regs*)
 .text          0x00000000c001b3bf       0x1c sys/sc_setcwd.32
                0x00000000c001b3bf                Sys::setCwd(regs*)
 .text          0x00000000c001b3db      0x128 sys/sc_settime.32
                0x00000000c001b3db                Sys::setTime(regs*)
 .text          0x00000000c001b503       0x4a sys/sc_timezone.32
                0x00000000c001b503                Sys::timezone(regs*)
 .text          0x00000000c001b54d       0x68 sys/sc_write.32
                0x00000000c001b54d                Sys::write(regs*)
 .text          0x00000000c001b5b5       0x62 sys/sc_wsbe.32
                0x00000000c001b5b5                Sys::wsbe(regs*)
 .text          0x00000000c001b617       0x3b sys/sc_yield.32
                0x00000000c001b617                Sys::yield(regs*)
 .text          0x00000000c001b652     0x10e5 sys/syscalls.32
                0x00000000c001b652                sysCallSeekDir(regs*)
                0x00000000c001b657                sysCallTellDir(regs*)
                0x00000000c001b65c                sysCallVerify(regs*)
                0x00000000c001b666                sysFormatDisk(regs*)
                0x00000000c001b6d0                sysSetDiskVolumeLabel(regs*)
                0x00000000c001b716                sysGetDiskVolumeLabel(regs*)
                0x00000000c001b767                sysShutdown(regs*)
                0x00000000c001b7c5                sysCallRealpath(regs*)
                0x00000000c001b808                sysCallGetArgc(regs*)
                0x00000000c001b836                sysCallReadDir(regs*)
                0x00000000c001b8c4                sysCallIsATTY(regs*)
                0x00000000c001b91e                sysCallSeek(regs*)
                0x00000000c001b987                sysCallTell(regs*)
                0x00000000c001ba04                sysCallSize(regs*)
                0x00000000c001ba87                sysCallSizeFromFilename(regs*)
                0x00000000c001bb47                sysCallClose(regs*)
                0x00000000c001bbcf                sysCallOpenDir(regs*)
                0x00000000c001bc44                sysCallCloseDir(regs*)
                0x00000000c001bcaa                sysCallMakeDir(regs*)
                0x00000000c001bd1a                sysCallWait(regs*)
                0x00000000c001bd34                sysCallNotImpl(regs*)
                0x00000000c001bd4f                sysPanic(regs*)
                0x00000000c001bd75                sysCallRmdir(regs*)
                0x00000000c001bdd9                sysCallUnlink(regs*)
                0x00000000c001be3d                sysCallGetArgv(regs*)
                0x00000000c001be89                sysCallTTYName(regs*)
                0x00000000c001bf0c                sysCallUSleep(regs*)
                0x00000000c001bf33                sysCallSpawn(regs*)
                0x00000000c001bf8b                sysCallGetEnv(regs*)
                0x00000000c001c0c3                sysAppSettings(regs*)
                0x00000000c001c1e2                sysSetFatAttrib(regs*)
                0x00000000c001c254                sysPipe(regs*)
                0x00000000c001c299                sysGetUnixTime(regs*)
                0x00000000c001c2ad                string_ends_with(char const*, char const*)
                0x00000000c001c2f5                sysCallOpen(regs*)
                0x00000000c001c50a                Sys::loadSyscalls()
                0x00000000c001c6f5                Sys::systemCall(regs*, void*)
 .text          0x00000000c001c737     0x11ef thr/elf.32
                0x00000000c001c737                Thr::allocateMemoryForTask(Process*, File*, unsigned long, unsigned long, unsigned long)
                0x00000000c001c9c9                Thr::loadProgramIntoMemory(Process*, char const*)
                0x00000000c001cbdf                Thr::runtimeReferenceHelper()
                0x00000000c001cbf2                Thr::getAddressOfKernelSymbol(char const*)
                0x00000000c001cc41                Thr::loadKernelSymbolTable(char const*)
                0x00000000c001ceff                Thr::loadDriverIntoMemory(char const*, unsigned long, bool)
                0x00000000c001d61b                Thr::getDriverBaseFromAddress(unsigned long)
                0x00000000c001d64d                Thr::getDriverNameFromAddress(unsigned long)
                0x00000000c001d684                Thr::getDriverOffsetFromAddress(unsigned long)
                0x00000000c001d69e                Thr::loadDLL(char const*, bool)
                0x00000000c001d8ed                Thr::executeDLL(unsigned long, void*)
 .text          0x00000000c001d926     0x1056 thr/prcssthr.32
                0x00000000c001d926                changeTSS
                0x00000000c001d956                Process::addArgs(char**)
                0x00000000c001d9b0                Process::Process(char const*, Process*, char**)
                0x00000000c001d9b0                Process::Process(char const*, Process*, char**)
                0x00000000c001db94                Process::Process(bool, char const*, Process*, char**)
                0x00000000c001db94                Process::Process(bool, char const*, Process*, char**)
                0x00000000c001dd43                disableIRQs()
                0x00000000c001dd4b                getIRQNestingLevel()
                0x00000000c001dd51                enableIRQs()
                0x00000000c001dd60                lockScheduler()
                0x00000000c001dd62                unlockScheduler()
                0x00000000c001dd64                userModeEntryPoint(void*)
                0x00000000c001dd87                lockStuff()
                0x00000000c001dd93                taskStartupFunction
                0x00000000c001dd9c                updateTimeUsed()
                0x00000000c001de01                switchToThread(ThreadControlBlock*)
                0x00000000c001de52                Semaphore::Semaphore(int)
                0x00000000c001de52                Semaphore::Semaphore(int)
                0x00000000c001de80                Mutex::Mutex()
                0x00000000c001de80                Mutex::Mutex()
                0x00000000c001de92                Process::createThread(void (*)(void*), void*, int)
                0x00000000c001df76                Process::createUserThread()
                0x00000000c001df92                setupMultitasking(void (*)())
                0x00000000c001e09c                schedule()
                0x00000000c001e121                unlockStuff()
                0x00000000c001e156                Semaphore::tryAcquire()
                0x00000000c001e184                Semaphore::assertLocked(char const*)
                0x00000000c001e1b4                blockTaskWithSchedulerLockAlreadyHeld(TaskState)
                0x00000000c001e1f6                blockTask(TaskState)
                0x00000000c001e217                waitTask(int, int*, int)
                0x00000000c001e259                nanoSleepUntil(unsigned long long)
                0x00000000c001e2b0                nanoSleep(unsigned long long)
                0x00000000c001e2c5                sleep(unsigned long long)
                0x00000000c001e2e2                Semaphore::acquire()
                0x00000000c001e34a                taskReturned
                0x00000000c001e378                unblockTask(ThreadControlBlock*)
                0x00000000c001e427                cleanupTerminatedTask(ThreadControlBlock*)
                0x00000000c001e6f0                cleanerTaskFunction(void*)
                0x00000000c001e7a3                terminateTask(int)
                0x00000000c001e883                Thr::terminateFromIRQ(int)
                0x00000000c001e890                Semaphore::release()
 .text          0x00000000c001e97c      0xc26 vm86/vm8086.32
                0x00000000c001e97c                Vm::inbv(unsigned short)
                0x00000000c001e98f                Vm::outbv(unsigned short, unsigned char)
                0x00000000c001e9e2                Vm::realToLinear(unsigned short, unsigned short)
                0x00000000c001e9f2                Vm::getSegment(unsigned int)
                0x00000000c001e9fa                Vm::getOffset(unsigned int)
                0x00000000c001e9ff                Vm::mainloop2()
                0x00000000c001ea3a                Vm::mainVm8086Loop(void*)
                0x00000000c001ea47                Vm::mainloop3(unsigned long)
                0x00000000c001ea71                Vm::initialise8086()
                0x00000000c001eab4                Vm::finish8086()
                0x00000000c001eaf9                Vm::getOutput8086(unsigned char*)
                0x00000000c001eb23                Vm::start8086(char const*, unsigned short, unsigned short, unsigned short, unsigned short)
                0x00000000c001ec73                Vm::doISR(regs*, int, unsigned char*, unsigned short, unsigned short)
                0x00000000c001ecfd                Vm::readByteFromReal(unsigned short, unsigned short)
                0x00000000c001ed0e                Vm::readWordFromReal(unsigned short, unsigned short)
                0x00000000c001ed20                Vm::readDwordFromReal(unsigned short, unsigned short)
                0x00000000c001ed31                Vm::writeByteFromReal(unsigned short, unsigned short, unsigned char)
                0x00000000c001ed46                Vm::writeWordFromReal(unsigned short, unsigned short, unsigned short)
                0x00000000c001ed5c                Vm::writeDwordFromReal(unsigned short, unsigned short, unsigned int)
                0x00000000c001ed71                Vm::faultHandler(regs*)
 .text          0x00000000c001f5a2      0xefd vm86/x87em.32
                0x00000000c001f5a2                Vm::fpuInternalTo32(unsigned long long)
                0x00000000c001f5fd                Vm::fpuInternalTo64(unsigned long long)
                0x00000000c001f606                Vm::fpu32ToInternal(unsigned int)
                0x00000000c001f64b                Vm::fpu64ToInternal(unsigned long long)
                0x00000000c001f654                Vm::fpuFloatToLong(unsigned long long)
                0x00000000c001f6af                Vm::fpuULongToFloat(unsigned long long)
                0x00000000c001f6e5                Vm::fpuLongToFloat(long long)
                0x00000000c001f73b                Vm::fpuGet0()
                0x00000000c001f740                Vm::fpuGet1()
                0x00000000c001f748                Vm::fpuGetPi()
                0x00000000c001f750                Vm::fpuGetLog2E()
                0x00000000c001f768                Vm::fpuGetLogE2()
                0x00000000c001f780                Vm::fpuGetLog210()
                0x00000000c001f798                Vm::fpuGetLog102()
                0x00000000c001f7b0                Vm::fpuIsSecondLarger(unsigned long long, unsigned long long)
                0x00000000c001f7c4                Vm::fpuAreEqual(unsigned long long, unsigned long long)
                0x00000000c001f7da                Vm::fpuUnorderedCompare(unsigned long long, unsigned long long)
                0x00000000c001f82d                Vm::fpuAdd(unsigned long long, unsigned long long)
                0x00000000c001f83e                Vm::fpuAbs(unsigned long long)
                0x00000000c001f847                Vm::fpuChs(unsigned long long)
                0x00000000c001f857                Vm::fpuSub(unsigned long long, unsigned long long)
                0x00000000c001f866                Vm::fpuMultiply(unsigned long long, unsigned long long)
                0x00000000c001f885                Vm::fpuDivide(unsigned long long, unsigned long long)
                0x00000000c001f8a1                Vm::fpuSquare(unsigned long long)
                0x00000000c001f8b7                Vm::fpuGetReg(int)
                0x00000000c001f8fa                Vm::fpuSetReg(int, unsigned long long)
                0x00000000c001f945                Vm::fpuPush(unsigned long long)
                0x00000000c001f9a2                Vm::fpuPop()
                0x00000000c001f9f4                Vm::x87Handler(regs*)
 *fill*         0x00000000c002049f        0x1 
 .text          0x00000000c00204a0     0x10ed fs/fat/vfslink.32
                0x00000000c00204a0                FAT::getName()
                0x00000000c00204a6                FAT::tell(void*, unsigned long long*)
                0x00000000c00204da                FAT::stat(void*, unsigned long long*)
                0x00000000c002050e                FAT::~FAT()
                0x00000000c002050e                FAT::~FAT()
                0x00000000c0020532                FAT::~FAT()
                0x00000000c002055a                FAT::getlabel(LogicalDisk*, int, char*, unsigned int*)
                0x00000000c00205f8                FAT::setlabel(LogicalDisk*, int, char*)
                0x00000000c00206b2                FAT::format(LogicalDisk*, int, char const*, int)
                0x00000000c0020896                FAT::tryMount(LogicalDisk*, int)
                0x00000000c0020a9c                FAT::readDir(void*, unsigned long, void*, int*)
                0x00000000c0020ba2                FAT::read(void*, unsigned long, void*, int*)
                0x00000000c0020bfc                FAT::write(void*, unsigned long, void*, int*)
                0x00000000c0020c56                FAT::close(void*)
                0x00000000c0020ca2                FAT::closeDir(void*)
                0x00000000c0020cee                FAT::seek(void*, unsigned long long)
                0x00000000c0020d42                fatWrapperReadDisk
                0x00000000c0020d89                fatWrapperWriteDisk
                0x00000000c0020dd0                fatWrapperIoctl
                0x00000000c0020ed4                FAT::FAT()
                0x00000000c0020ed4                FAT::FAT()
                0x00000000c0020f26                FAT::fixFilepath(char*)
                0x00000000c0020f5e                FAT::open(char const*, void**, FileOpenMode)
                0x00000000c0021086                FAT::openDir(char const*, void**)
                0x00000000c002112c                FAT::stat(char const*, unsigned long long*, bool*)
                0x00000000c0021216                FAT::unlink(char const*)
                0x00000000c0021290                FAT::chfatattr(char const*, unsigned char, unsigned char)
                0x00000000c00213e4                FAT::rename(char const*, char const*)
                0x00000000c00214a8                FAT::mkdir(char const*)
                0x00000000c0021522                FAT::exists(char const*)
 *fill*         0x00000000c002158d        0x1 
 .text          0x00000000c002158e      0xbc1 fs/iso9660/vfslink.32
                0x00000000c002158e                ISO9660::format(LogicalDisk*, int, char const*, int)
                0x00000000c0021594                ISO9660::seek(void*, unsigned long long)
                0x00000000c00215c4                ISO9660::tell(void*, unsigned long long*)
                0x00000000c00215e8                ISO9660::getName()
                0x00000000c00215ee                ISO9660::stat(void*, unsigned long long*)
                0x00000000c0021612                ISO9660::chfatattr(char const*, unsigned char, unsigned char)
                0x00000000c0021618                ISO9660::unlink(char const*)
                0x00000000c002161e                ISO9660::write(void*, unsigned long, void*, int*)
                0x00000000c0021624                ISO9660::rename(char const*, char const*)
                0x00000000c002162a                ISO9660::mkdir(char const*)
                0x00000000c0021630                ISO9660::close(void*)
                0x00000000c0021652                ISO9660::closeDir(void*)
                0x00000000c0021674                ISO9660::~ISO9660()
                0x00000000c0021674                ISO9660::~ISO9660()
                0x00000000c0021698                ISO9660::~ISO9660()
                0x00000000c00216bf                __memmem(unsigned char*, int, unsigned char*, int)
                0x00000000c0021701                readSectorFromCDROM(unsigned int, unsigned char*, char)
                0x00000000c0021768                ISO9660::tryMount(LogicalDisk*, int)
                0x00000000c00217b8                ISO9660::read(void*, unsigned long, void*, int*)
                0x00000000c00219b8                ISO9660::readDir(void*, unsigned long, void*, int*)
                0x00000000c0021c45                readRoot(unsigned int*, unsigned int*, char)
                0x00000000c0021c9a                readRecursively(char*, unsigned int, unsigned int, unsigned int*, unsigned int*, char, int*)
                0x00000000c0021e6d                getFileData(char*, unsigned int*, unsigned int*, char, int*)
                0x00000000c0021efc                ISO9660::open(char const*, void**, FileOpenMode)
                0x00000000c0021fbc                ISO9660::exists(char const*)
                0x00000000c0021fe0                ISO9660::stat(char const*, unsigned long long*, bool*)
                0x00000000c0022074                ISO9660::openDir(char const*, void**)
                0x00000000c002212c                ISO9660::ISO9660()
                0x00000000c002212c                ISO9660::ISO9660()
 *fill*         0x00000000c002214f        0x1 
 .text          0x00000000c0022150      0x326 hal/sound/sndchannel.32
                0x00000000c0022150                SoundChannel::~SoundChannel()
                0x00000000c0022150                SoundChannel::~SoundChannel()
                0x00000000c002216c                SoundChannel::setSpeed(float)
                0x00000000c0022178                SoundChannel::getSpeed()
                0x00000000c0022180                SoundChannel::setVolume(int)
                0x00000000c002219c                SoundChannel::getVolume()
                0x00000000c00221a4                SoundChannel::pause()
                0x00000000c00221ae                SoundChannel::SoundChannel(int, int, int, int)
                0x00000000c00221ae                SoundChannel::SoundChannel(int, int, int, int)
                0x00000000c0022304                SoundChannel::play()
                0x00000000c002230e                SoundChannel::paused()
                0x00000000c0022316                SoundChannel::getSampleRate()
                0x00000000c002231e                SoundChannel::getBits()
                0x00000000c0022326                SoundChannel::getBufferUsed()
                0x00000000c002232e                SoundChannel::getBufferSize()
                0x00000000c0022336                SoundChannel::unbuffer(float*, int, int)
                0x00000000c00223d6                SoundChannel::buffer8(unsigned char*, int)
 .text          0x00000000c0022476      0x3d5 hal/sound/sndhw.32
                0x00000000c0022476                SoundDevice::SoundDevice(char const*)
                0x00000000c0022476                SoundDevice::SoundDevice(char const*)
                0x00000000c00224e2                SoundDevice::~SoundDevice()
                0x00000000c00224e2                SoundDevice::~SoundDevice()
                0x00000000c002255c                SoundDevice::~SoundDevice()
                0x00000000c0022586                SoundDevice::getFreeChannelNum()
                0x00000000c00225a0                SoundDevice::addChannel(SoundChannel*)
                0x00000000c0022610                SoundDevice::removeChannel(int)
                0x00000000c0022642                SoundDevice::floatTo8(float*, unsigned char*, int)
                0x00000000c002272a                SoundDevice::getAudio(int, float*, float*)
 .text          0x00000000c002284b        0x0 hw/bus/isa.32
 *fill*         0x00000000c002284b        0x1 
 .text          0x00000000c002284c      0x6c3 hw/bus/pci.32
                0x00000000c002284c                PCI::open(int, int, void*)
                0x00000000c0022860                PCI::close(int, int, void*)
                0x00000000c0022864                PCI::PCI()
                0x00000000c0022864                PCI::PCI()
                0x00000000c00228e4                PCI::pciReadWord(unsigned char, unsigned char, unsigned char, unsigned char)
                0x00000000c002292c                PCI::getVendorID(unsigned char, unsigned char, unsigned char)
                0x00000000c002294e                PCI::getHeaderType(unsigned char, unsigned char, unsigned char)
                0x00000000c0022972                PCI::getClassCode(unsigned char, unsigned char, unsigned char)
                0x00000000c00229b6                PCI::getProgIF(unsigned char, unsigned char, unsigned char)
                0x00000000c00229da                PCI::getRevisionID(unsigned char, unsigned char, unsigned char)
                0x00000000c00229fc                PCI::getInterruptNumber(unsigned char, unsigned char, unsigned char)
                0x00000000c0022a1e                PCI::getSecondaryBus(unsigned char, unsigned char, unsigned char)
                0x00000000c0022a42                PCI::getBARAddress(unsigned char, unsigned char, unsigned char, unsigned char)
                0x00000000c0022aa2                PCI::pciWriteWord(unsigned char, unsigned char, unsigned char, unsigned char, unsigned short)
                0x00000000c0022b0e                PCI::checkBus(unsigned char)
                0x00000000c0022b32                PCI::foundDevice(PCIDeviceInfo)
                0x00000000c0022ca4                PCI::getDeviceData(unsigned char, unsigned char, unsigned char)
                0x00000000c0022e50                PCI::checkDevice(unsigned char, unsigned char)
                0x00000000c0022ebc                PCI::detect()
 *fill*         0x00000000c0022f0f        0x1 
 .text          0x00000000c0022f10      0xc70 hw/diskctrl/ide.32
                0x00000000c0022f10                IDE::close(int, int, void*)
                0x00000000c0022f14                IDE::IDE()
                0x00000000c0022f14                IDE::IDE()
                0x00000000c0022f48                IDE::prepareInterrupt(unsigned char)
                0x00000000c0022f5a                selectDrive(unsigned char, unsigned char)
                0x00000000c0022f5c                IDE::getBase(unsigned char)
                0x00000000c0022f6e                IDE::write(unsigned char, unsigned char, unsigned char)
                0x00000000c002302e                IDE::read(unsigned char, unsigned char)
                0x00000000c00230dc                IDE::waitInterrupt(unsigned char)
                0x00000000c0023142                ideChannel0IRQHandler(regs*, void*)
                0x00000000c002315e                ideChannel1IRQHandler(regs*, void*)
                0x00000000c002317a                IDE::enableIRQs(unsigned char, bool)
                0x00000000c00231c0                IDE::open(int, int, void*)
                0x00000000c00235d0                IDE::readBuffer(unsigned char, unsigned char, unsigned int, unsigned int)
                0x00000000c002369c                IDE::detect()
                0x00000000c0023984                IDE::printError(unsigned char, unsigned char, unsigned char)
                0x00000000c0023b1a                IDE::polling(unsigned char, unsigned int)
 .text          0x00000000c0023b80      0x390 hw/diskctrl/satabus.32
                0x00000000c0023b80                SATABus::close(int, int, void*)
                0x00000000c0023b84                SATABus::detect()
                0x00000000c0023b86                SATABus::SATABus()
                0x00000000c0023b86                SATABus::SATABus()
                0x00000000c0023c32                SATABus::findCmdslot(SATABus::tagHBA_PORT volatile*)
                0x00000000c0023c7a                SATABus::checkType(SATABus::tagHBA_PORT volatile*)
                0x00000000c0023cc2                SATABus::startCmd(SATABus::tagHBA_PORT volatile*)
                0x00000000c0023ce2                SATABus::stopCmd(SATABus::tagHBA_PORT volatile*)
                0x00000000c0023d0c                SATABus::portRebase(SATABus::tagHBA_PORT volatile*, int)
                0x00000000c0023e12                SATABus::probePort(SATABus::tagHBA_MEM volatile*)
                0x00000000c0023ef0                SATABus::open(int, int, void*)
 .text          0x00000000c0023f10      0x63c hw/diskphys/ata.32
                0x00000000c0023f10                ATA::close(int, int, void*)
                0x00000000c0023f34                ATA::powerSaving(PowerSavingLevel)
                0x00000000c0023f36                ATA::ATA()
                0x00000000c0023f36                ATA::ATA()
                0x00000000c0023f64                ATA::flush(bool)
                0x00000000c0023fae                ATA::readyForCommand()
                0x00000000c0023ffe                ATA::access(unsigned long long, int, void*, bool)
                0x00000000c0024386                ATA::read(unsigned long long, int, void*)
                0x00000000c00243ee                ATA::write(unsigned long long, int, void*)
                0x00000000c0024456                ATA::detectCHS()
                0x00000000c0024480                ATA::open(int, int, void*)
 .text          0x00000000c002454c      0x5bd hw/diskphys/atapi.32
                0x00000000c002454c                ATAPI::write(unsigned long long, int, void*)
                0x00000000c0024552                ATAPI::close(int, int, void*)
                0x00000000c0024576                ATAPI::ATAPI()
                0x00000000c0024576                ATAPI::ATAPI()
                0x00000000c00245a4                ATAPI::readyForCommand()
                0x00000000c00245f4                ATAPI::sendPacket(unsigned char*, int, bool, unsigned short*, int)
                0x00000000c00248b4                ATAPI::diskRemoved()
                0x00000000c00248d0                ATAPI::eject()
                0x00000000c0024918                ATAPI::diskInserted()
                0x00000000c0024946                ATAPI::detectMedia()
                0x00000000c0024a02                ATAPI::open(int, int, void*)
                0x00000000c0024a8a                ATAPI::read(unsigned long long, int, void*)
 *fill*         0x00000000c0024b09        0x1 
 .text          0x00000000c0024b0a      0x455 hw/diskphys/sata.32
                0x00000000c0024b0a                SATA::close(int, int, void*)
                0x00000000c0024b2e                SATA::powerSaving(PowerSavingLevel)
                0x00000000c0024b30                SATA::open(int, int, void*)
                0x00000000c0024bde                SATA::SATA()
                0x00000000c0024bde                SATA::SATA()
                0x00000000c0024c0c                SATA::access(unsigned long long, int, void*, bool)
                0x00000000c0024e72                SATA::read(unsigned long long, int, void*)
                0x00000000c0024eda                SATA::write(unsigned long long, int, void*)
 *fill*         0x00000000c0024f5f        0x1 
 .text          0x00000000c0024f60      0x500 hw/diskphys/satapi.32
                0x00000000c0024f60                SATAPI::write(unsigned long long, int, void*)
                0x00000000c0024f66                SATAPI::close(int, int, void*)
                0x00000000c0024f8a                SATAPI::SATAPI()
                0x00000000c0024f8a                SATAPI::SATAPI()
                0x00000000c0024fb8                SATAPI::diskRemoved()
                0x00000000c0024fd4                SATAPI::diskInserted()
                0x00000000c0025002                SATAPI::sendPacket(unsigned char*, int, unsigned long long, unsigned short*, int)
                0x00000000c0025206                SATAPI::eject()
                0x00000000c002524e                SATAPI::detectMedia()
                0x00000000c0025310                SATAPI::open(int, int, void*)
                0x00000000c00253be                SATAPI::read(unsigned long long, int, void*)
 .text          0x00000000c0025460       0x8e hw/fpu/avx.32
                0x00000000c0025460                AVX::open(int, int, void*)
                0x00000000c0025472                AVX::close(int, int, void*)
                0x00000000c0025484                AVX::available()
                0x00000000c0025496                AVX::save(void*)
                0x00000000c00254ae                AVX::load(void*)
                0x00000000c00254c6                AVX::AVX()
                0x00000000c00254c6                AVX::AVX()
 .text          0x00000000c00254ee       0x90 hw/fpu/mmx.32
                0x00000000c00254ee                MMX::available()
                0x00000000c0025502                MMX::open(int, int, void*)
                0x00000000c0025514                MMX::close(int, int, void*)
                0x00000000c0025526                MMX::save(void*)
                0x00000000c002553e                MMX::load(void*)
                0x00000000c0025556                MMX::MMX()
                0x00000000c0025556                MMX::MMX()
 .text          0x00000000c002557e       0x96 hw/fpu/sse.32
                0x00000000c002557e                SSE::open(int, int, void*)
                0x00000000c0025590                SSE::close(int, int, void*)
                0x00000000c00255a2                SSE::available()
                0x00000000c00255bc                SSE::save(void*)
                0x00000000c00255d4                SSE::load(void*)
                0x00000000c00255ec                SSE::SSE()
                0x00000000c00255ec                SSE::SSE()
 .text          0x00000000c0025614       0x8e hw/fpu/x87.32
                0x00000000c0025614                x87::open(int, int, void*)
                0x00000000c0025626                x87::close(int, int, void*)
                0x00000000c0025638                x87::available()
                0x00000000c002564a                x87::save(void*)
                0x00000000c0025662                x87::load(void*)
                0x00000000c002567a                x87::x87()
                0x00000000c002567a                x87::x87()
 .text          0x00000000c00256a2      0x71e hw/intctrl/apic.32
                0x00000000c00256a2                APIC::disable()
                0x00000000c00256a4                APIC::close(int, int, void*)
                0x00000000c00256c6                IOAPIC::close(int, int, void*)
                0x00000000c00256cc                APIC::io_wait()
                0x00000000c00256d2                APIC::getBase()
                0x00000000c0025714                APIC::eoi(unsigned char)
                0x00000000c0025742                APIC::open(int, int, void*)
                0x00000000c0025890                IOAPIC::IOAPIC()
                0x00000000c0025890                IOAPIC::IOAPIC()
                0x00000000c00258b8                APIC::APIC()
                0x00000000c00258b8                APIC::APIC()
                0x00000000c0025994                IOAPIC::handlesGSIWithNumber(unsigned int)
                0x00000000c00259c6                IOAPIC::read(int)
                0x00000000c00259ee                IOAPIC::open(int, int, void*)
                0x00000000c0025ae4                IOAPIC::write(int, int)
                0x00000000c0025b10                IOAPIC::redirect(unsigned char, unsigned long long, unsigned char, bool, bool)
                0x00000000c0025c0a                APIC::installIRQHandler(int, void (*)(regs*, void*), bool, void*)
 .text          0x00000000c0025dc0      0x3d3 hw/intctrl/pic.32
                0x00000000c0025dc0                PIC::disable()
                0x00000000c0025dee                PIC::close(int, int, void*)
                0x00000000c0025e10                PIC::PIC()
                0x00000000c0025e10                PIC::PIC()
                0x00000000c0025ee6                PIC::ioWait()
                0x00000000c0025eec                PIC::getIRQReg(int)
                0x00000000c0025f56                PIC::eoi(unsigned char)
                0x00000000c0025fe8                PIC::remap()
                0x00000000c0026154                PIC::open(int, int, void*)
 *fill*         0x00000000c0026193        0x1 
 .text          0x00000000c0026194      0x25e hw/timer/apictimer.32
                0x00000000c0026194                APICTimer::close(int, int, void*)
                0x00000000c002619a                apicTimerHandler(regs*, void*)
                0x00000000c00261c8                APICTimer::write(int)
                0x00000000c00262cc                APICTimer::open(int, int, void*)
                0x00000000c00263ca                APICTimer::APICTimer()
                0x00000000c00263ca                APICTimer::APICTimer()
 .text          0x00000000c00263f2      0x1a7 hw/timer/pit.32
                0x00000000c00263f2                PIT::write(int)
                0x00000000c0026470                pitHandler(regs*, void*)
                0x00000000c002649c                PIT::open(int, int, void*)
                0x00000000c00264ea                PIT::close(int, int, void*)
                0x00000000c002651a                PIT::PIT()
                0x00000000c002651a                PIT::PIT()
 *fill*         0x00000000c0026599        0x7 
 .text          0x00000000c00265a0       0x1e hw/fpu/x86/avx.32
                0x00000000c00265a0                avxDetect
                0x00000000c00265a6                avxSave
                0x00000000c00265a7                avxLoad
                0x00000000c00265a8                avxInit
                0x00000000c00265a9                avxClose
                0x00000000c00265aa                wouldSheSayYes
 *fill*         0x00000000c00265be        0x2 
 .text          0x00000000c00265c0       0x35 hw/fpu/x86/sse.32
                0x00000000c00265c0                absolutelyNoChanceInHell
                0x00000000c00265c0                sseDetect
                0x00000000c00265d8                sseSave
                0x00000000c00265de                sseLoad
                0x00000000c00265e4                sseInit
                0x00000000c00265f4                sseClose
 *fill*         0x00000000c00265f5        0xb 
 .text          0x00000000c0026600       0x47 hw/fpu/x86/x87.32
                0x00000000c0026606                x87Detect
                0x00000000c0026621                x87Save
                0x00000000c0026627                x87Load
                0x00000000c002662c                x87Init
                0x00000000c0026646                x87Close
 *fill*         0x00000000c0026647        0x1 
 .text          0x00000000c0026648       0x25 /cygdrive/d/Users/Alex/Desktop/Toolchain/Output/bin/../lib/gcc/i386-banana/8.1.0/crtend.o
 .text          0x00000000c002666d        0x0 crtn.32
 *fill*         0x00000000c002666d        0x3 
 .text          0x00000000c0026670      0x14b /cygdrive/d/Users/Alex/Desktop/Toolchain/Output/bin/../lib/gcc/i386-banana/8.1.0/libkgcc.a(_divdi3.o)
                0x00000000c0026670                __divdi3
 *fill*         0x00000000c00267bb        0x1 
 .text          0x00000000c00267bc      0x17e /cygdrive/d/Users/Alex/Desktop/Toolchain/Output/bin/../lib/gcc/i386-banana/8.1.0/libkgcc.a(_moddi3.o)
                0x00000000c00267bc                __moddi3
 *fill*         0x00000000c002693a        0x2 
 .text          0x00000000c002693c       0xff /cygdrive/d/Users/Alex/Desktop/Toolchain/Output/bin/../lib/gcc/i386-banana/8.1.0/libkgcc.a(_udivdi3.o)
                0x00000000c002693c                __udivdi3
 *fill*         0x00000000c0026a3b        0x1 
 .text          0x00000000c0026a3c      0x11a /cygdrive/d/Users/Alex/Desktop/Toolchain/Output/bin/../lib/gcc/i386-banana/8.1.0/libkgcc.a(_umoddi3.o)
                0x00000000c0026a3c                __umoddi3
 .text          0x00000000c0026b56      0x96d D:/Users/Alex/Desktop/Banana/kernel/libsoftfp.a(sfieeelib.o)
                0x00000000c0026b56                __addsf3
                0x00000000c0026e58                __subsf3
                0x00000000c0026e6c                __negsf2
                0x00000000c0026e79                __mulsf3
                0x00000000c002703c                __divsf3
                0x00000000c0027267                __floatsisf
                0x00000000c00272db                __floatunsisf
                0x00000000c002731d                __fixsfsi
                0x00000000c002737f                __fixunssfsi
                0x00000000c00273b0                __cmpsf2
                0x00000000c0027445                __eqsf2
                0x00000000c0027480                __nesf2
                0x00000000c0027482                __gtsf2