Archive member included to satisfy reference by file (symbol)

/cygdrive/d/Users/Alex/Desktop/Toolchain/Output/bin/../lib/gcc/i386-banana/8.1.0/libkgcc.a(_divdi3.o)
                              fs/fat/ff.32 (__divdi3)
/cygdrive/d/Users/Alex/Desktop/Toolchain/Output/bin/../lib/gcc/i386-banana/8.1.0/libkgcc.a(_moddi3.o)
                              compat/resolve.32 (__moddi3)
/cygdrive/d/Users/Alex/Desktop/Toolchain/Output/bin/../lib/gcc/i386-banana/8.1.0/libkgcc.a(_udivdi3.o)
                              fs/fat/ff.32 (__udivdi3)
/cygdrive/d/Users/Alex/Desktop/Toolchain/Output/bin/../lib/gcc/i386-banana/8.1.0/libkgcc.a(_umoddi3.o)
                              compat/resolve.32 (__umoddi3)
D:/Users/Alex/Desktop/Banana/kernel/libsoftfp.a(sfieeelib.o)
                              hal/sound/sndhw.32 (__addsf3)
D:/Users/Alex/Desktop/Banana/kernel/libsoftfp.a(dfieeelib.o)
                              hal/libresample/src_linear.32 (__adddf3)
D:/Users/Alex/Desktop/Banana/kernel/libsoftfp.a(sfdfcvt.o)
                              hal/libresample/samplerate.32 (__truncdfsf2)
D:/Users/Alex/Desktop/Banana/kernel/libk/libm32.a(s_fabs.c.o)
                              hal/libresample/samplerate.32 (fabs)
D:/Users/Alex/Desktop/Banana/kernel/libk/libm32.a(s_lrint.S.o)
                              hal/libresample/samplerate.32 (lrint)
D:/Users/Alex/Desktop/Banana/kernel/libk/libm32.a(s_lrintf.S.o)
                              hal/sound/sndhw.32 (lrintf)

Discarded input sections

 .comment       0x0000000000000000       0x12 /cygdrive/d/Users/Alex/Desktop/Toolchain/Output/bin/../lib/gcc/i386-banana/8.1.0/crtbegin.o
 .comment       0x0000000000000000       0x12 acpica/utclib.32
 .comment       0x0000000000000000       0x12 core/malloc.32
 .comment       0x0000000000000000       0x12 libk/string.32
 .comment       0x0000000000000000       0x12 fs/fat/diskio.32
 .comment       0x0000000000000000       0x12 fs/fat/ff.32
 .comment       0x0000000000000000       0x12 fs/fat/ffsystem.32
 .comment       0x0000000000000000       0x12 fs/fat/ffunicode.32
 .comment       0x0000000000000000       0x12 hal/libresample/samplerate.32
 .comment       0x0000000000000000       0x12 hal/libresample/src_linear.32
 .comment       0x0000000000000000       0x12 hal/libresample/src_sinc.32
 .comment       0x0000000000000000       0x12 hal/libresample/src_zoh.32
 .comment       0x0000000000000000       0x12 compat/inlines.32
 .comment       0x0000000000000000       0x12 compat/resolve.32
 .group         0x0000000000000000       0x14 core/computer.32
 .group         0x0000000000000000        0xc core/computer.32
 .comment       0x0000000000000000       0x12 core/computer.32
 .comment       0x0000000000000000       0x12 core/gdt.32
 .group         0x0000000000000000        0xc core/idle.32
 .comment       0x0000000000000000       0x12 core/idle.32
 .comment       0x0000000000000000       0x12 core/idt.32
 .comment       0x0000000000000000       0x12 core/kheap.32
 .comment       0x0000000000000000       0x12 core/main.32
 .comment       0x0000000000000000       0x12 core/physmgr.32
 .group         0x0000000000000000        0xc core/pipe.32
 .comment       0x0000000000000000       0x12 core/pipe.32
 .group         0x0000000000000000        0xc core/terminal.32
 .comment       0x0000000000000000       0x12 core/terminal.32
 .comment       0x0000000000000000       0x12 core/tss.32
 .group         0x0000000000000000        0x8 core/unixfile.32
 .group         0x0000000000000000        0xc core/unixfile.32
 .group         0x0000000000000000        0xc core/unixfile.32
 .group         0x0000000000000000        0x8 core/unixfile.32
 .group         0x0000000000000000        0xc core/unixfile.32
 .group         0x0000000000000000        0x8 core/unixfile.32
 .group         0x0000000000000000        0xc core/unixfile.32
 .group         0x0000000000000000        0xc core/unixfile.32
 .comment       0x0000000000000000       0x12 core/unixfile.32
 .comment       0x0000000000000000       0x12 core/virtmgr.32
 .comment       0x0000000000000000       0x12 coreobjs/c++.32
 .comment       0x0000000000000000       0x12 dbg/kconsole.32
 .group         0x0000000000000000        0xc fs/vfs.32
 .group         0x0000000000000000        0xc fs/vfs.32
 .group         0x0000000000000000        0xc fs/vfs.32
 .comment       0x0000000000000000       0x12 fs/vfs.32
 .group         0x0000000000000000        0xc hal/bus.32
 .comment       0x0000000000000000       0x12 hal/bus.32
 .group         0x0000000000000000        0xc hal/buzzer.32
 .comment       0x0000000000000000       0x12 hal/buzzer.32
 .group         0x0000000000000000        0xc hal/clock.32
 .comment       0x0000000000000000       0x12 hal/clock.32
 .group         0x0000000000000000       0x14 hal/device.32
 .group         0x0000000000000000        0xc hal/device.32
 .group         0x0000000000000000        0xc hal/device.32
 .group         0x0000000000000000        0xc hal/device.32
[...]
Memory Configuration

Name             Origin             Length             Attributes
*default*        0x0000000000000000 0xffffffffffffffff

Linker script and memory map

LOAD D:/Users/Alex/Desktop/Banana/kernel/boot.32
LOAD crti.32
LOAD /cygdrive/d/Users/Alex/Desktop/Toolchain/Output/bin/../lib/gcc/i386-banana/8.1.0/crtbegin.o
LOAD D:/Users/Alex/Desktop/Banana/kernel/morenasm.32
LOAD acpica/utclib.32
LOAD core/malloc.32
LOAD libk/string.32
LOAD fs/fat/diskio.32
LOAD fs/fat/ff.32
LOAD fs/fat/ffsystem.32
LOAD fs/fat/ffunicode.32
LOAD hal/libresample/samplerate.32
LOAD hal/libresample/src_linear.32
LOAD hal/libresample/src_sinc.32
LOAD hal/libresample/src_zoh.32
LOAD compat/inlines.32
LOAD compat/resolve.32
LOAD core/computer.32
LOAD core/gdt.32
LOAD core/idle.32
LOAD core/idt.32
LOAD core/kheap.32
LOAD core/main.32
LOAD core/physmgr.32
LOAD core/pipe.32
LOAD core/terminal.32
LOAD core/tss.32
LOAD core/unixfile.32
LOAD core/virtmgr.32
LOAD coreobjs/c++.32
LOAD dbg/kconsole.32
LOAD fs/vfs.32
LOAD hal/bus.32
LOAD hal/buzzer.32
LOAD hal/clock.32
LOAD hal/device.32
LOAD hal/diskctrl.32
LOAD hal/diskphys.32
LOAD hal/fpu.32
LOAD hal/intctrl.32
LOAD hal/keybrd.32
LOAD hal/logidisk.32
LOAD hal/mouse.32
LOAD hal/partition.32
LOAD hal/serial.32
LOAD hal/timer.32
LOAD hal/vcache.32
LOAD hal/video.32
LOAD hw/acpi.32
LOAD hw/cpu.32
LOAD hw/ports.32
LOAD krnl/env.32
LOAD krnl/panic.32
LOAD net/ethernet.32
LOAD reg/registry.32
LOAD sys/sc_eject.32
LOAD sys/sc_exit.32
LOAD sys/sc_getcwd.32
LOAD sys/sc_getpid.32
LOAD sys/sc_loaddll.32
LOAD sys/sc_read.32
LOAD sys/sc_sbrk.32
LOAD sys/sc_setcwd.32
LOAD sys/sc_settime.32
LOAD sys/sc_timezone.32
LOAD sys/sc_write.32
LOAD sys/sc_yield.32
LOAD sys/syscalls.32
LOAD thr/elf.32
LOAD thr/prcssthr.32
LOAD vm86/vm8086.32
LOAD vm86/x87em.32
LOAD fs/fat/vfslink.32
LOAD fs/iso9660/vfslink.32
LOAD hal/sound/sndchannel.32
LOAD hal/sound/sndhw.32
LOAD hw/bus/isa.32
LOAD hw/bus/pci.32
LOAD hw/diskctrl/ide.32
LOAD hw/diskctrl/satabus.32
LOAD hw/diskphys/ata.32
LOAD hw/diskphys/atapi.32
LOAD hw/diskphys/sata.32
LOAD hw/diskphys/satapi.32
LOAD hw/fpu/avx.32
LOAD hw/fpu/mmx.32
LOAD hw/fpu/sse.32
LOAD hw/fpu/x87.32
LOAD hw/intctrl/apic.32
LOAD hw/intctrl/pic.32
LOAD hw/timer/apictimer.32
LOAD hw/timer/pit.32
LOAD hw/fpu/x86/avx.32
LOAD hw/fpu/x86/sse.32
LOAD hw/fpu/x86/x87.32
LOAD /cygdrive/d/Users/Alex/Desktop/Toolchain/Output/bin/../lib/gcc/i386-banana/8.1.0/crtend.o
LOAD crtn.32
LOAD /cygdrive/d/Users/Alex/Desktop/Toolchain/Output/bin/../lib/gcc/i386-banana/8.1.0/libkgcc.a
LOAD D:/Users/Alex/Desktop/Banana/kernel/libsoftfp.a
LOAD D:/Users/Alex/Desktop/Banana/kernel/libk/libm32.a
                0x00000000c0000000                . = 0xc0000000

.text           0x00000000c0000000    0x27f68
 *(.text)
 .text          0x00000000c0000000       0x41 D:/Users/Alex/Desktop/Banana/kernel/boot.32
                0x00000000c0000020                callGlobalConstructors
 .text          0x00000000c0000041        0x0 crti.32
 *fill*         0x00000000c0000041        0x3 
 .text          0x00000000c0000044      0x101 /cygdrive/d/Users/Alex/Desktop/Toolchain/Output/bin/../lib/gcc/i386-banana/8.1.0/crtbegin.o
 *fill*         0x00000000c0000145        0xb 
 .text          0x00000000c0000150      0x4ed D:/Users/Alex/Desktop/Banana/kernel/morenasm.32
                0x00000000c0000150                manualPCIProbe
                0x00000000c000019b                prepareTramp
                0x00000000c00001b4                voodooXADD
                0x00000000c000027f                doTPAUSE
                0x00000000c0000289                hasLegacyFPU
                0x00000000c00002ae                is486
                0x00000000c00002e4                detectCPUID
                0x00000000c00002fa                goToVM86
                0x00000000c000032a                goToUsermode
                0x00000000c0000354                switchToThreadASMFirstTime
                0x00000000c0000362                switchToThreadASM
                0x00000000c00003ea                asmQuickAcquireLock
                0x00000000c0000408                asmQuickReleaseLock
                0x00000000c0000414                asmAcquireLock
                0x00000000c0000435                asmReleaseLock
                0x00000000c0000448                loadGDT
                0x00000000c0000468                isr0
                0x00000000c0000478                isr1
                0x00000000c0000482                isr2
                0x00000000c000048c                isr3
                0x00000000c0000496                isr4
                0x00000000c00004a0                isr5
                0x00000000c00004aa                isr6
                0x00000000c00004b4                isr7
                0x00000000c00004be                isr8
                0x00000000c00004c6                isr9
                0x00000000c00004d0                isr10
                0x00000000c00004d8                isr11
                0x00000000c00004e0                isr12
                0x00000000c00004e8                isr13
                0x00000000c00004f0                isr14
                0x00000000c00004f8                isr15
                0x00000000c0000502                isr16
                0x00000000c000050c                isr17
                0x00000000c0000516                isr18
                0x00000000c0000520                irq3
                0x00000000c000052a                irq4
                0x00000000c0000534                irq5
                0x00000000c000053e                irq6
                0x00000000c0000548                irq7
                0x00000000c0000552                irq8
                0x00000000c000055c                irq9
                0x00000000c0000566                irq10
                0x00000000c0000570                irq11
                0x00000000c000057a                irq12
                0x00000000c0000584                irq13
                0x00000000c000058e                irq14
                0x00000000c0000598                irq15
                0x00000000c00005a2                irq1
                0x00000000c00005a9                irq2
                0x00000000c00005b0                isr96
                0x00000000c00005b7                irq0
                0x00000000c00005bc                int_common_stub
                0x00000000c00005bc                syscall_common_stub
                0x00000000c00005ed                irq16
                0x00000000c00005f7                irq17
                0x00000000c0000601                irq18
                0x00000000c000060b                irq19
                0x00000000c0000615                irq20
                0x00000000c000061f                irq21
                0x00000000c0000629                irq22
                0x00000000c0000633                irq23
 *fill*         0x00000000c000063d        0x3 
 .text          0x00000000c0000640      0x611 acpica/utclib.32
                0x00000000c0000640                memcmp
                0x00000000c000067c                memmove
                0x00000000c0000744                memcpy
                0x00000000c0000778                memset
                0x00000000c0000794                strlen
                0x00000000c00007ac                strpbrk
                0x00000000c00007e8                strtok
                0x00000000c0000834                strcpy
                0x00000000c0000858                strncpy
                0x00000000c00008c0                strcmp
                0x00000000c0000900                strchr
                0x00000000c0000924                strncmp
                0x00000000c0000974                strcat
                0x00000000c00009a4                strncat
                0x00000000c00009e0                strstr
                0x00000000c0000a28                toupper
                0x00000000c0000a3c                tolower
                0x00000000c0000a50                simple_strtoul
 .text          0x00000000c0000c51      0xfbf core/malloc.32
                0x00000000c0000dbc                dlfree
                0x00000000c0001117                dlmalloc
                0x00000000c0001654                dlrealloc
                0x00000000c0001809                dlmemalign
                0x00000000c000192c                dlcalloc
                0x00000000c00019c6                dlcfree
                0x00000000c00019cb                dlindependent_calloc
                0x00000000c00019f0                dlindependent_comalloc
                0x00000000c0001a07                dlvalloc
                0x00000000c0001a32                dlpvalloc
                0x00000000c0001a68                dlmalloc_trim
                0x00000000c0001a75                dlmalloc_usable_size
                0x00000000c0001aa6                dlmallinfo
                0x00000000c0001b75                dlmalloc_stats
                0x00000000c0001b86                dlmallopt
 .text          0x00000000c0001c10        0x0 libk/string.32
 .text          0x00000000c0001c10       0x51 fs/fat/diskio.32
                0x00000000c0001c10                disk_status
                0x00000000c0001c13                disk_initialize
                0x00000000c0001c16                disk_read
                0x00000000c0001c2c                disk_write
                0x00000000c0001c42                disk_ioctl
 .text          0x00000000c0001c61     0x6833 fs/fat/ff.32
                0x00000000c0004f2f                f_mount
                0x00000000c0004f91                f_open
                0x00000000c00053cd                f_read
                0x00000000c000564d                f_write
                0x00000000c0005907                f_sync
                0x00000000c0005ae3                f_close
                0x00000000c0005b12                f_lseek
                0x00000000c0005fc9                f_opendir
                0x00000000c00060cb                f_closedir
                0x00000000c00060ed                f_readdir
                0x00000000c0006188                f_stat
                0x00000000c0006217                f_getfree
                0x00000000c00063e2                f_truncate
                0x00000000c00064da                f_unlink
                0x00000000c000665d                f_mkdir
                0x00000000c0006889                f_rename
                0x00000000c0006b7c                f_chmod
                0x00000000c0006c5a                f_utime
                0x00000000c0006d38                f_getlabel
                0x00000000c0006f26                f_setlabel
                0x00000000c0007193                f_forward
                0x00000000c0007371                f_mkfs
 .text          0x00000000c0008494       0x2d fs/fat/ffsystem.32
                0x00000000c0008494                ff_memalloc
                0x00000000c00084aa                ff_memfree
 .text          0x00000000c00084c1      0x253 fs/fat/ffunicode.32
                0x00000000c00084c1                ff_uni2oem
                0x00000000c0008551                ff_oem2uni
                0x00000000c00085bd                ff_wtoupper
 .text          0x00000000c0008714      0x8fb hal/libresample/samplerate.32
                0x00000000c0008758                src_delete
                0x00000000c0008794                src_process
                0x00000000c000894a                src_callback_read
                0x00000000c0008ac7                src_set_ratio
                0x00000000c0008b31                src_get_channels
                0x00000000c0008b53                src_reset
                0x00000000c0008b9f                src_new
                0x00000000c0008c2d                src_callback_new
                0x00000000c0008c8f                src_get_name
                0x00000000c0008cc6                src_get_description
                0x00000000c0008cfd                src_get_version
                0x00000000c0008d03                src_is_valid_ratio
                0x00000000c0008d57                src_error
                0x00000000c0008d65                src_strerror
                0x00000000c0008d78                src_simple
                0x00000000c0008dcb                src_short_to_float_array
                0x00000000c0008e30                src_float_to_short_array
                0x00000000c0008eef                src_int_to_float_array
                0x00000000c0008f52                src_float_to_int_array
 .text          0x00000000c000900f      0x8cb hal/libresample/src_linear.32
                0x00000000c0009835                linear_get_name
                0x00000000c0009844                linear_get_description
                0x00000000c0009853                linear_set_converter
 .text          0x00000000c00098da     0x447c hal/libresample/src_sinc.32
                0x00000000c000dc6d                sinc_get_name
                0x00000000c000dc80                sinc_get_description
                0x00000000c000dc93                sinc_set_converter
 .text          0x00000000c000dd56      0x77c hal/libresample/src_zoh.32
                0x00000000c000e42d                zoh_get_name
                0x00000000c000e43c                zoh_get_description
                0x00000000c000e44b                zoh_set_converter
 .text          0x00000000c000e4d2       0x23 compat/inlines.32
                0x00000000c000e4d2                CPU::current()
                0x00000000c000e4df                operator new(unsigned long)
 .text          0x00000000c000e4f5      0x111 compat/resolve.32
                0x00000000c000e4f5                Krnl::resolveCompatibilitySymbol(char*)
 .text          0x00000000c000e606      0xa11 core/computer.32
                0x00000000c000e606                Computer::close(int, int, void*)
                0x00000000c000e64a                Krnl::firstTask()
                0x00000000c000e734                Computer::Computer()
                0x00000000c000e734                Computer::Computer()
                0x00000000c000e890                Computer::setBootMessage(char const*)
                0x00000000c000e892                Computer::detectFeatures()
                0x00000000c000ea9c                Computer::displayFeatures()
                0x00000000c000ede2                Computer::rdmsr(unsigned int)
                0x00000000c000ee0e                Computer::wrmsr(unsigned int, unsigned long long)
                0x00000000c000ee46                Computer::nmiEnabled()
                0x00000000c000ee52                Computer::readCMOS(unsigned char)
                0x00000000c000ee6c                Computer::enableNMI(bool)
                0x00000000c000ee84                Computer::open(int, int, void*)
                0x00000000c000ef5a                Computer::disableNMI()
                0x00000000c000ef68                Computer::writeCMOS(unsigned char, unsigned char)
                0x00000000c000ef86                Computer::handleNMI()
                0x00000000c000efec                Computer::setDiskActivityLight(int, bool)
 *fill*         0x00000000c000f017        0x1 
 .text          0x00000000c000f018      0x1b7 core/gdt.32
                0x00000000c000f018                GDTEntry::setBase(unsigned int)
                0x00000000c000f034                GDTEntry::setLimit(unsigned int)
                0x00000000c000f052                GDT::GDT()
                0x00000000c000f052                GDT::GDT()
                0x00000000c000f068                GDT::addEntry(GDTEntry)
                0x00000000c000f0a4                GDT::getNumberOfEntries()
                0x00000000c000f0ac                GDT::flush()
                0x00000000c000f0ce                GDT::setup()
 .text          0x00000000c000f1cf       0x62 core/idle.32
                0x00000000c000f1cf                idleFunction(void*)
 *fill*         0x00000000c000f231        0x1 
 .text          0x00000000c000f232      0x45f core/idt.32
                0x00000000c000f232                IDTEntry::IDTEntry(bool)
                0x00000000c000f232                IDTEntry::IDTEntry(bool)
                0x00000000c000f2a0                IDTEntry::setOffset(unsigned int)
                0x00000000c000f2b4                IDT::IDT()
                0x00000000c000f2b4                IDT::IDT()
                0x00000000c000f2b6                IDT::getPointerToInvalidOpcodeEntryForF00F()
                0x00000000c000f2be                IDT::addEntry(IDTEntry, int)
                0x00000000c000f2d8                IDT::addEntry(int, void (*)(), bool)
                0x00000000c000f310                IDT::flush()
                0x00000000c000f32a                IDT::setup()
 .text          0x00000000c000f691      0x203 core/kheap.32
                0x00000000c000f691                sbrk
                0x00000000c000f79f                mmap
                0x00000000c000f7b5                munmap
                0x00000000c000f7cb                liballoc_lock()
                0x00000000c000f7dc                liballoc_unlock()
                0x00000000c000f7ed                liballoc_alloc(int)
                0x00000000c000f808                liballoc_free(void*, int)
                0x00000000c000f826                realloc
                0x00000000c000f83a                malloc
                0x00000000c000f84a                free
                0x00000000c000f85a                rfree
                0x00000000c000f86a                calloc
 .text          0x00000000c000f894      0x480 core/main.32
                0x00000000c000f894                hwTextMode_loadInData(VgaText*)
                0x00000000c000f8df                hwTextMode_loadInTitle(VgaText*, char*)
                0x00000000c000f95d                hwTextMode_showCursor(VgaText*, bool)
                0x00000000c000f9bb                hwTextMode_update(VgaText*)
                0x00000000c000f9bc                hwTextMode_updateCursor(VgaText*)
                0x00000000c000fa0d                hwTextMode_disableBlink(VgaText*, bool)
                0x00000000c000fa53                hwTextMode_scrollScreen(VgaText*)
                0x00000000c000fb00                hwTextMode_writeCharacter(VgaText*, char, VgaColour, VgaColour, int, int)
                0x00000000c000fb82                setupTextMode()
                0x00000000c000fbf2                kernel_main
 .text          0x00000000c000fd14      0x54d core/physmgr.32
                0x00000000c000fd14                Phys::allocateDMA(unsigned long)
                0x00000000c000fdb7                Phys::freeDMA(unsigned long, unsigned long)
                0x00000000c000fdff                Phys::setPageState(unsigned long, bool)
                0x00000000c000fe31                Phys::getPageState(unsigned long)
                0x00000000c000fe4d                Phys::freePage(unsigned long)
                0x00000000c000fed7                Phys::allocatePage()
                0x00000000c000ff9f                Phys::allocateContiguousPages(int)
                0x00000000c000fff9                Phys::allowSegmentToBeUsed(unsigned long, unsigned long)
                0x00000000c0010031                Phys::physicalMemorySetup(unsigned int)
 *fill*         0x00000000c0010261        0x1 
 .text          0x00000000c0010262      0x273 core/pipe.32
                0x00000000c0010262                Pipe::isAtty()
                0x00000000c0010266                Pipe::~Pipe()
                0x00000000c0010266                Pipe::~Pipe()
                0x00000000c001028a                Pipe::~Pipe()
                0x00000000c00102b2                Pipe::read(unsigned long long, void*, int*)
                0x00000000c00103a6                Pipe::write(unsigned long long, void*, int*)
                0x00000000c001046e                Pipe::Pipe(int)
                0x00000000c001046e                Pipe::Pipe(int)
 *fill*         0x00000000c00104d5        0x1 
 .text          0x00000000c00104d6      0xf73 core/terminal.32
                0x00000000c00104d6                VgaText::isAtty()
                0x00000000c00104da                VgaText::~VgaText()
                0x00000000c00104da                VgaText::~VgaText()
                0x00000000c00104fe                VgaText::~VgaText()
                0x00000000c0010528                VgaText::read(unsigned long long, void*, int*)
                0x00000000c0010548                setTerminalScrollLock(bool)
                0x00000000c0010549                addToTerminalCycle(VgaText*)
                0x00000000c0010576                installVgaTextImplementation()
                0x00000000c001058b                scrollTerminalScrollLock(int)
                0x00000000c001058c                VgaText::load()
                0x00000000c00105e0                VgaText::updateCursor()
                0x00000000c00105fa                VgaText::showCursor(bool)
                0x00000000c001060a                VgaText::disableBlink(bool)
                0x00000000c0010644                VgaText::doANSI_SGR(int)
                0x00000000c00106d0                VgaText::setDefaultBgColour(VgaColour)
                0x00000000c00106e6                VgaText::setDefaultFgColour(VgaColour)
                0x00000000c00106fc                VgaText::setDefaultColours(VgaColour, VgaColour)
                0x00000000c001071c                VgaText::combineColours(unsigned char, unsigned char)
                0x00000000c001072e                VgaText::scrollScreen()
                0x00000000c00107c2                VgaText::combineCharAndColour(char, unsigned char)
                0x00000000c00107d4                VgaText::writeCharacter(char, VgaColour, VgaColour, int, int)
                0x00000000c0010834                VgaText::getCursorX()
                0x00000000c0010840                VgaText::getCursorY()
                0x00000000c001084c                VgaText::setCursor(int, int)
                0x00000000c001086a                VgaText::setCursorX(int)
                0x00000000c0010886                VgaText::setCursorY(int)
                0x00000000c00108a2                VgaText::incrementCursor(bool)
                0x00000000c001090a                VgaText::updateRAMUsageDisplay(int)
                0x00000000c001096e                VgaText::updateDiskUsage()
                0x00000000c0010ad8                VgaText::updateTitle()
                0x00000000c0010b1e                VgaText::setTitleTextColour(VgaColour)
                0x00000000c0010b2e                VgaText::setTitleColour(VgaColour)
                0x00000000c0010b3e                VgaText::setTitle(char*)
                0x00000000c0010b64                VgaText::decrementCursor(bool)
                0x00000000c0010b8c                VgaText::putchar(char, VgaColour, VgaColour)
                0x00000000c0010c88                VgaText::isShowingCursor()
                0x00000000c0010c94                VgaText::isBlinkDisabled()
                0x00000000c0010ca2                VgaText::setCursorHeight(int)
                0x00000000c0010cc0                VgaText::getCursorHeight()
                0x00000000c0010ccb                setActiveTerminal(VgaText*)
                0x00000000c0010d7d                doTerminalCycle()
                0x00000000c0010d9a                VgaText::doUpdate()
                0x00000000c0010dac                VgaText::puts(char const*, VgaColour, VgaColour)
                0x00000000c0010f6c                VgaText::clearScreen()
                0x00000000c0010fd0                VgaText::putchar(char)
                0x00000000c00110ea                VgaText::puts(char const*)
                0x00000000c0011110                VgaText::putx(unsigned int)
                0x00000000c0011156                VgaText::VgaText(char const*)
                0x00000000c0011156                VgaText::VgaText(char const*)
                0x00000000c00112e8                VgaText::receiveKey(unsigned char)
                0x00000000c00113d0                VgaText::write(unsigned long long, void*, int*)
                0x00000000c0011424                newTerminal(char*)
 *fill*         0x00000000c0011449        0x1 
 .text          0x00000000c001144a      0x1b3 core/tss.32
                0x00000000c001144a                TSS::TSS()
                0x00000000c001144a                TSS::TSS()
                0x00000000c0011458                TSS::setESP(unsigned long)
                0x00000000c001146a                TSS::flush()
                0x00000000c001148a                TSS::setup(unsigned long, unsigned long)
 *fill*         0x00000000c00115fd        0x1 
 .text          0x00000000c00115fe      0x4c2 core/unixfile.32
                0x00000000c00115fe                ReservedFilename::read(unsigned long long, void*, int*)
                0x00000000c0011654                ReservedFilename::isAtty()
                0x00000000c0011670                ReservedFilename::write(unsigned long long, void*, int*)
                0x00000000c00116ce                UnixFile::getFileDescriptor()
                0x00000000c00116d6                UnixFile::UnixFile(int)
                0x00000000c00116d6                UnixFile::UnixFile(int)
                0x00000000c0011886                ReservedFilename::ReservedFilename(int)
                0x00000000c0011886                ReservedFilename::ReservedFilename(int)
                0x00000000c00118b8                UnixFile::~UnixFile()
                0x00000000c00118b8                UnixFile::~UnixFile()
                0x00000000c0011950                UnixFile::~UnixFile()
                0x00000000c0011978                ReservedFilename::~ReservedFilename()
                0x00000000c0011978                ReservedFilename::~ReservedFilename()
                0x00000000c001199c                ReservedFilename::~ReservedFilename()
                0x00000000c00119c3                getFromFileDescriptor(int)
 .text          0x00000000c0011ac0      0xee3 core/virtmgr.32
                0x00000000c0011ac0                Virt::setPageState(unsigned long, Virt::VirtPageState)
                0x00000000c0011af5                Virt::getPageState(unsigned long)
                0x00000000c0011b19                Virt::allocateKernelVirtualPages(int)
                0x00000000c0011c2a                Virt::virtualMemorySetup()
                0x00000000c0011ca9                Virt::getAKernelVAS()
                0x00000000c0011caf                Virt::setupPageSwapping(int)
                0x00000000c0011dde                VAS::VAS()
                0x00000000c0011dde                VAS::VAS()
                0x00000000c0011e0e                VAS::VAS(VAS*)
                0x00000000c0011e0e                VAS::VAS(VAS*)
                0x00000000c0011e32                VAS::getForeignPageTableEntry(bool, unsigned long)
                0x00000000c0011e5e                VAS::getPageTableEntry(unsigned long)
                0x00000000c0011e7d                Virt::freeKernelVirtualPages(unsigned long)
                0x00000000c0011fa0                VAS::freeAllocatedPages(unsigned long)
                0x00000000c0011fc4                VAS::virtualToPhysical(unsigned long)
                0x00000000c0011fdc                VAS::reflagRange(unsigned long, int, int, int)
                0x00000000c001201c                VAS::setToWriteCombining(unsigned long, int)
                0x00000000c001204e                VAS::mapOtherVASIn(bool, VAS*)
                0x00000000c0012078                VAS::~VAS()
                0x00000000c0012078                VAS::~VAS()
                0x00000000c00121e4                VAS::mapPage(unsigned long, unsigned long, int)
                0x00000000c00122e4                VAS::allocatePages(int, int)
                0x00000000c00124bc                VAS::setCPUSpecific(unsigned long)
                0x00000000c00124d8                VAS::mapRange(unsigned long, unsigned long, int, int)
                0x00000000c001259e                VAS::mapForeignPage(bool, VAS*, unsigned long, unsigned long, int)
                0x00000000c001268c                VAS::VAS(bool)
                0x00000000c001268c                VAS::VAS(bool)
                0x00000000c00128e7                mapVASFirstTime
 .text          0x00000000c00129a3       0x95 coreobjs/c++.32
                0x00000000c00129a3                __cxa_atexit
                0x00000000c00129a6                __cxa_finalize
                0x00000000c00129a7                __stack_chk_fail
                0x00000000c0012a13                __cxa_pure_virtual
                0x00000000c0012a24                operator new[](unsigned long)
                0x00000000c0012a29                operator delete(void*, unsigned long)
                0x00000000c0012a2e                operator delete[](void*)
                0x00000000c0012a33                operator delete[](void*, unsigned long)
 .text          0x00000000c0012a38      0x1ef dbg/kconsole.32
                0x00000000c0012a38                Dbg::stringifyxWithBase(unsigned int, char*, int)
                0x00000000c0012a99                Dbg::logc(char)
                0x00000000c0012ab0                Dbg::logs(char*)
                0x00000000c0012acd                Dbg::logWriteInt(unsigned int)
                0x00000000c0012aea                Dbg::logWriteIntBase(unsigned int, int)
                0x00000000c0012b09                Dbg::kprintf(char const*, ...)
 *fill*         0x00000000c0012c27        0x1 
 .text          0x00000000c0012c28      0xb7c fs/vfs.32
                0x00000000c0012c28                File::read(unsigned long long, void*, int*)
                0x00000000c0012c80                File::write(unsigned long long, void*, int*)
                0x00000000c0012cd8                Directory::read(unsigned long long, void*, int*)
                0x00000000c0012d30                Directory::write(unsigned long long, void*, int*)
                0x00000000c0012d5e                File::isAtty()
                0x00000000c0012d62                Directory::isAtty()
                0x00000000c0012d66                Filesystem::getlabel(LogicalDisk*, int, char*, unsigned int*)
                0x00000000c0012d6c                Filesystem::setlabel(LogicalDisk*, int, char*)
                0x00000000c0012d72                File::~File()
                0x00000000c0012d72                File::~File()
                0x00000000c0012d96                File::~File()
                0x00000000c0012dc0                Directory::~Directory()
                0x00000000c0012dc0                Directory::~Directory()
                0x00000000c0012de4                Directory::~Directory()
                0x00000000c0012e0e                Filesystem::Filesystem()
                0x00000000c0012e0e                Filesystem::Filesystem()
                0x00000000c0012e32                Filesystem::~Filesystem()
                0x00000000c0012e32                Filesystem::~Filesystem()
                0x00000000c0012e40                Filesystem::~Filesystem()
                0x00000000c0012e64                Fs::getcwd(Process*, char*, int)
                0x00000000c0012e8e                Fs::initVFS()
                0x00000000c0012eb8                Fs::standardiseFiles(char*, char const*, char const*)
                0x00000000c0013062                File::File(char const*, Process*)
                0x00000000c0013062                File::File(char const*, Process*)
                0x00000000c00130c6                File::open(FileOpenMode)
                0x00000000c0013124                File::close()
                0x00000000c0013184                File::seek(unsigned long long)
                0x00000000c00131da                File::tell(unsigned long long*)
                0x00000000c001322a                File::rewind()
                0x00000000c001323e                File::unlink()
                0x00000000c001328a                File::rename(char const*)
                0x00000000c00132d8                File::chfatattr(unsigned char, unsigned char)
                0x00000000c0013334                File::exists()
                0x00000000c0013372                File::stat(unsigned long long*, bool*)
                0x00000000c00133d3                Fs::setcwd(Process*, char*)
                0x00000000c001350e                Directory::Directory(char const*, Process*)
                0x00000000c001350e                Directory::Directory(char const*, Process*)
                0x00000000c0013572                Directory::open()
                0x00000000c00135ce                Directory::close()
                0x00000000c001362e                Directory::unlink()
                0x00000000c001367a                Directory::rename(char const*)
                0x00000000c00136c8                Directory::exists()
                0x00000000c0013706                Directory::read(dirent*)
                0x00000000c0013752                Directory::create()
                0x00000000c001379e                Filesystem::chfatattr(char const*, unsigned char, unsigned char)
 .text          0x00000000c00137a4       0x84 hal/bus.32
                0x00000000c00137a4                Bus::Bus(char const*)
                0x00000000c00137a4                Bus::Bus(char const*)
                0x00000000c00137da                Bus::~Bus()
                0x00000000c00137da                Bus::~Bus()
                0x00000000c00137fe                Bus::~Bus()
 .text          0x00000000c0013828      0x14e hal/buzzer.32
                0x00000000c0013828                Buzzer::Buzzer(char const*)
                0x00000000c0013828                Buzzer::Buzzer(char const*)
                0x00000000c001386c                Buzzer::~Buzzer()
                0x00000000c001386c                Buzzer::~Buzzer()
                0x00000000c0013890                Buzzer::~Buzzer()
                0x00000000c00138ba                Buzzer::stop()
                0x00000000c00138cd                beepThread(void*)
                0x00000000c0013908                Buzzer::beep(int, int, bool)
 .text          0x00000000c0013976      0x467 hal/clock.32
                0x00000000c0013976                User::loadClockSettings(int)
                0x00000000c00139c8                Clock::Clock(char const*)
                0x00000000c00139c8                Clock::Clock(char const*)
                0x00000000c00139fe                Clock::~Clock()
                0x00000000c00139fe                Clock::~Clock()
                0x00000000c0013a22                Clock::~Clock()
                0x00000000c0013a4c                Clock::timeInSecondsLocal()
                0x00000000c0013a94                Clock::setTimeInSecondsLocal(unsigned long long)
                0x00000000c0013aed                datetimeToSeconds(datetime_t)
                0x00000000c0013c14                Clock::setTimeInDatetimeLocal(datetime_t)
                0x00000000c0013c74                secondsToDatetime(unsigned long long)
                0x00000000c0013db8                Clock::timeInDatetimeLocal()
 *fill*         0x00000000c0013ddd        0x1 
 .text          0x00000000c0013dde      0x4de hal/device.32
                0x00000000c0013dde                Device::hibernate()
                0x00000000c0013de0                Device::wake()
                0x00000000c0013de2                Device::detect()
                0x00000000c0013de4                Device::disableLegacy()
                0x00000000c0013de6                Device::powerSaving(PowerSavingLevel)
                0x00000000c0013de8                DriverlessDevice::close(int, int, void*)
                0x00000000c0013dec                DriverlessDevice::detect()
                0x00000000c0013dee                DriverlessDevice::open(int, int, void*)
                0x00000000c0013e02                Device::~Device()
                0x00000000c0013e02                Device::~Device()
                0x00000000c0013e10                Device::~Device()
                0x00000000c0013e38                Device::findAndLoadDriver()
                0x00000000c0013e3a                Device::preOpenPCI(PCIDeviceInfo)
                0x00000000c0013e60                Device::preOpenACPI(void*, char*, char*)
                0x00000000c0013eb4                Device::addIRQHandler(int, void (*)(regs*, void*), bool, void*)
                0x00000000c0013ef2                Device::removeIRQHandler(int, void (*)(regs*, void*), bool)
                0x00000000c0013f30                Device::addChild(Device*)
                0x00000000c0013f74                Device::removeAllChildren()
                0x00000000c0013fba                Device::hibernateAll()
                0x00000000c0013fea                Device::wakeAll()
                0x00000000c001401a                Device::detectAll()
                0x00000000c001404a                Device::disableLegacyAll()
                0x00000000c001407a                Device::loadDriversForAll()
                0x00000000c00140a6                Device::closeAll()
                0x00000000c00140dc                Device::powerSavingAll(PowerSavingLevel)
                0x00000000c0014112                Device::setName(char const*)
                0x00000000c0014120                Device::Device(char const*)
                0x00000000c0014120                Device::Device(char const*)
                0x00000000c001421c                Device::getName()
                0x00000000c0014226                DriverlessDevice::DriverlessDevice(char const*)
                0x00000000c0014226                DriverlessDevice::DriverlessDevice(char const*)
                0x00000000c001424e                Device::addToLinkedList(LinkedList<Device>&, DeviceType)
                0x00000000c0014292                getDevicesOfType(DeviceType)
 .text          0x00000000c00142bc       0x84 hal/diskctrl.32
                0x00000000c00142bc                HardDiskController::HardDiskController(char const*)
                0x00000000c00142bc                HardDiskController::HardDiskController(char const*)
                0x00000000c00142f2                HardDiskController::~HardDiskController()
                0x00000000c00142f2                HardDiskController::~HardDiskController()
                0x00000000c0014316                HardDiskController::~HardDiskController()
 .text          0x00000000c0014340       0xf2 hal/diskphys.32
                0x00000000c0014340                PhysicalDisk::eject()
                0x00000000c0014354                PhysicalDisk::PhysicalDisk(char const*, int)
                0x00000000c0014354                PhysicalDisk::PhysicalDisk(char const*, int)
                0x00000000c00143bc                PhysicalDisk::startCache()
                0x00000000c00143e4                PhysicalDisk::~PhysicalDisk()
                0x00000000c00143e4                PhysicalDisk::~PhysicalDisk()
                0x00000000c0014408                PhysicalDisk::~PhysicalDisk()
 .text          0x00000000c0014432      0x13b hal/fpu.32
                0x00000000c0014432                FPU::FPU(char const*)
                0x00000000c0014432                FPU::FPU(char const*)
                0x00000000c0014468                FPU::~FPU()
                0x00000000c0014468                FPU::~FPU()
                0x00000000c001448c                FPU::~FPU()
                0x00000000c00144b6                setupFPU()
 *fill*         0x00000000c001456d        0x1 
 .text          0x00000000c001456e     0x1381 hal/intctrl.32
                0x00000000c001456e                InterruptController::uninstallISRHandler(int, void (*)(regs*, void*))
                0x00000000c00145a6                InterruptController::installISRHandler(int, void (*)(regs*, void*), void*)
                0x00000000c00145f8                doubleFault(regs*, void*)
                0x00000000c0014612                InterruptController::installIRQHandler(int, void (*)(regs*, void*), bool, void*)
                0x00000000c00146ae                InterruptController::clearAllHandlers(int, bool)
                0x00000000c0014756                InterruptController::uninstallIRQHandler(int, void (*)(regs*, void*), bool)
                0x00000000c00147dd                nmiHandler(regs*, void*)
                0x00000000c00147eb                int_handler
                0x00000000c001488c                InterruptController::InterruptController(char const*)
                0x00000000c001488c                InterruptController::InterruptController(char const*)
                0x00000000c0014932                InterruptController::~InterruptController()
                0x00000000c0014932                InterruptController::~InterruptController()
                0x00000000c0014956                InterruptController::~InterruptController()
                0x00000000c0014980                displayDebugInfo(regs*)
                0x00000000c0014e0f                x87EmulHandler(regs*, void*)
                0x00000000c0014e3e                gpFault(regs*, void*)
                0x00000000c0014e77                pgFault(regs*, void*)
                0x00000000c0014e8e                otherISRHandler(regs*, void*)
                0x00000000c0014ead                opcodeFault(regs*, void*)
                0x00000000c00154b3                displayProgramFault(char const*)
                0x00000000c00154db                setupInterruptController()
                0x00000000c00158a2                InterruptController::convertLegacyIRQNumber(int)
 *fill*         0x00000000c00158ef        0x1 
 .text          0x00000000c00158f0      0x69a hal/keybrd.32
                0x00000000c00158f0                startGUI(void*)
                0x00000000c001594c                startGUIVESA(void*)
                0x00000000c00159a8                sendKeyToTerminal(unsigned char)
                0x00000000c0015a14                sendKeyboardToken(KeyboardToken)
                0x00000000c0015e24                clearInternalKeybuffer(VgaText*)
                0x00000000c0015e59                readKeyboard(VgaText*, char*, unsigned long)
                0x00000000c0015f00                Keyboard::Keyboard(char const*)
                0x00000000c0015f00                Keyboard::Keyboard(char const*)
                0x00000000c0015f3c                Keyboard::~Keyboard()
                0x00000000c0015f3c                Keyboard::~Keyboard()
                0x00000000c0015f60                Keyboard::~Keyboard()
 .text          0x00000000c0015f8a      0x414 hal/logidisk.32
                0x00000000c0015f8a                LogicalDisk::close(int, int, void*)
                0x00000000c0015f8e                LogicalDisk::~LogicalDisk()
                0x00000000c0015f8e                LogicalDisk::~LogicalDisk()
                0x00000000c0015fb2                LogicalDisk::~LogicalDisk()
                0x00000000c0015fdc                LogicalDisk::open(int, int, void*)
                0x00000000c0015ff0                LogicalDisk::absoluteToRelative(unsigned long long)
                0x00000000c0016028                LogicalDisk::relativeToAbsolute(unsigned long long)
                0x00000000c001606e                LogicalDisk::LogicalDisk(char const*, PhysicalDisk*, unsigned long long, unsigned long long)
                0x00000000c001606e                LogicalDisk::LogicalDisk(char const*, PhysicalDisk*, unsigned long long, unsigned long long)
                0x00000000c0016124                LogicalDisk::assignDriveLetter()
                0x00000000c00161da                LogicalDisk::mount()
                0x00000000c001624c                LogicalDisk::unmount()
                0x00000000c001625c                LogicalDisk::eject()
                0x00000000c0016270                LogicalDisk::unassignDriveLetter()
                0x00000000c00162c6                LogicalDisk::read(unsigned long long, int, void*)
                0x00000000c0016332                LogicalDisk::write(unsigned long long, int, void*)
 .text          0x00000000c001639e       0x84 hal/mouse.32
                0x00000000c001639e                Mouse::Mouse(char const*)
                0x00000000c001639e                Mouse::Mouse(char const*)
                0x00000000c00163d4                Mouse::~Mouse()
                0x00000000c00163d4                Mouse::~Mouse()
                0x00000000c00163f8                Mouse::~Mouse()
 .text          0x00000000c0016422      0x34d hal/partition.32
                0x00000000c0016422                makePartition(PhysicalDisk*, unsigned long long, unsigned long long)
                0x00000000c00164de                createPartitionsForDisk(PhysicalDisk*)
 *fill*         0x00000000c001676f        0x1 
 .text          0x00000000c0016770       0x84 hal/serial.32
                0x00000000c0016770                Serial::Serial(char const*)
                0x00000000c0016770                Serial::Serial(char const*)
                0x00000000c00167a6                Serial::~Serial()
                0x00000000c00167a6                Serial::~Serial()
                0x00000000c00167ca                Serial::~Serial()
 .text          0x00000000c00167f4      0x2b8 hal/timer.32
                0x00000000c00167f4                Timer::Timer(char const*)
                0x00000000c00167f4                Timer::Timer(char const*)
                0x00000000c001682a                Timer::~Timer()
                0x00000000c001682a                Timer::~Timer()
                0x00000000c001684e                Timer::~Timer()
                0x00000000c0016878                Timer::read()
                0x00000000c0016883                timerHandler(unsigned long long)
                0x00000000c00169ba                setupTimer(int)
 .text          0x00000000c0016aac      0x425 hal/vcache.32
                0x00000000c0016aac                VCache::VCache(PhysicalDisk*)
                0x00000000c0016aac                VCache::VCache(PhysicalDisk*)
                0x00000000c0016c14                VCache::invalidateReadBuffer()
                0x00000000c0016c24                VCache::writeWriteBuffer()
                0x00000000c0016c60                VCache::~VCache()
                0x00000000c0016c60                VCache::~VCache()
                0x00000000c0016cb4                VCache::~VCache()
                0x00000000c0016cdc                VCache::write(unsigned long long, int, void*)
                0x00000000c0016dd2                VCache::read(unsigned long long, int, void*)
 *fill*         0x00000000c0016ed1        0x1 
 .text          0x00000000c0016ed2      0x4cd hal/video.32
                0x00000000c0016ed2                Video::putrect(int, int, int, int, unsigned int)
                0x00000000c0016f1e                Video::bitblit(int, int, int, int, int, int, int, unsigned int*)
                0x00000000c0016f8e                Video::blit(unsigned int*, int, int, int, int)
                0x00000000c001700c                Video::clearScreen(unsigned int)
                0x00000000c0017040                Video::putpixel(int, int, unsigned int)
                0x00000000c001704e                Video::Video(char const*)
                0x00000000c001704e                Video::Video(char const*)
                0x00000000c0017084                Video::~Video()
                0x00000000c0017084                Video::~Video()
                0x00000000c00170a8                Video::~Video()
                0x00000000c00170d2                Video::isMonochrome()
                0x00000000c00170de                Video::getWidth()
                0x00000000c00170ea                Video::getHeight()
                0x00000000c00170f6                Video::drawCursor(int, int, unsigned char*, int)
                0x00000000c00171b2                Video::tgaParse(unsigned char*, int, int*, int*)
                0x00000000c0017334                Video::putTGA(int, int, unsigned char*, int)
 *fill*         0x00000000c001739f        0x1 
 .text          0x00000000c00173a0      0xf64 hw/acpi.32
                0x00000000c00173a0                ACPI::close(int, int, void*)
                0x00000000c0017455                findRSDP()
                0x00000000c00174df                loadACPITables(unsigned char*)
                0x00000000c0017706                findRSDT(unsigned char*)
                0x00000000c0017824                findDataTable(unsigned char*, char*)
                0x00000000c00178c0                scanMADT()
                0x00000000c0017d46                ACPI::ACPI()
                0x00000000c0017d46                ACPI::ACPI()
                0x00000000c0017db0                ACPI::getPCIIRQAssignment(unsigned char, unsigned short, unsigned char)
                0x00000000c0017e92                ACPI::registerPCIIRQAssignment(void*, unsigned short, unsigned char, unsigned char)
                0x00000000c0017f58                ACPI::setScreenBrightnessLevel(void*, int)
                0x00000000c0017f5e                ACPI::writeSimpleBootFlag(SimpleBootFlagTable*)
                0x00000000c0017fa6                ACPI::open(int, int, void*)
                0x00000000c00182ec                ACPI::sleep()
 .text          0x00000000c0018304     0x1715 hw/cpu.32
                0x00000000c0018304                CPU::close(int, int, void*)
                0x00000000c0018308                CPU::lookupAMDName(unsigned char, unsigned char)
                0x00000000c001849c                CPU::lookupIntelName(unsigned char, unsigned char)
                0x00000000c001874a                CPU::AMD_K6_write_msr(unsigned int, unsigned int, unsigned int, CPU::REGS*)
                0x00000000c0018766                CPU::AMD_K6_read_msr(unsigned int, CPU::REGS*)
                0x00000000c001877e                CPU::AMD_K6_writeback(int, int, int)
                0x00000000c00187f2                CPU::cpuid(int, unsigned long*, unsigned long*, unsigned long*, unsigned long*)
                0x00000000c0018876                CPU::cpuidCheckEDX(unsigned int)
                0x00000000c00188a4                CPU::cpuidCheckECX(unsigned int)
                0x00000000c00188d2                CPU::cpuidCheckExtendedEBX(unsigned int)
                0x00000000c0018900                CPU::cpuidCheckExtendedECX(unsigned int)
                0x00000000c001892e                CPU::CPU()
                0x00000000c001892e                CPU::CPU()
                0x00000000c00189bc                CPU::displayFeatures()
                0x00000000c0018c38                CPU::detectFeatures()
                0x00000000c0019628                CPU::setupSMEP()
                0x00000000c0019634                CPU::setupUMIP()
                0x00000000c001963e                CPU::setupTSC()
                0x00000000c0019648                CPU::setupLargePages()
                0x00000000c0019652                CPU::setupPAT()
                0x00000000c001968e                CPU::setupMTRR()
                0x00000000c0019690                CPU::setupGlobalPages()
                0x00000000c001969a                CPU::allowUsermodeDataAccess()
                0x00000000c00196ac                CPU::prohibitUsermodeDataAccess()
                0x00000000c00196be                CPU::setupSMAP()
                0x00000000c00196cc                CPU::setupFeatures()
                0x00000000c001974c                CPU::open(int, int, void*)
                0x00000000c001981e                CPU::decodeAddress(regs*, int*, bool*, unsigned char*)
 .text          0x00000000c0019a19        0x0 hw/ports.32
 *fill*         0x00000000c0019a19        0x1 
 .text          0x00000000c0019a1a      0x5d3 krnl/env.32
                0x00000000c0019a1a                EnvVarContainer::getEnv(char const*)
                0x00000000c0019a58                EnvVarContainer::setEnv(char const*, char const*)
                0x00000000c0019b24                EnvVarContainer::deleteEnv(char const*)
                0x00000000c0019b26                EnvVarContainer::loadFrom(char const*, char const*)
                0x00000000c0019d1c                EnvVarContainer::__loadSystem()
                0x00000000c0019d36                EnvVarContainer::__loadUser()
                0x00000000c0019d38                EnvVarContainer::EnvVarContainer(Process*)
                0x00000000c0019d38                EnvVarContainer::EnvVarContainer(Process*)
                0x00000000c0019d5a                EnvVarContainer::~EnvVarContainer()
                0x00000000c0019d5a                EnvVarContainer::~EnvVarContainer()
                0x00000000c0019d8a                Krnl::getEnv(Process*, char const*)
                0x00000000c0019def                Krnl::setEnvSystem(char const*, char const*)
                0x00000000c0019e09                Krnl::setEnvUser(char const*, char const*)
                0x00000000c0019e28                Krnl::setEnvProcess(Process*, char const*, char const*)
                0x00000000c0019e3b                Krnl::deleteEnvSystem(char const*)
                0x00000000c0019e3c                Krnl::deleteEnvUser(char const*)
                0x00000000c0019e3d                Krnl::deleteEnvProcess(Process*, char const*)
                0x00000000c0019e3e                Krnl::newProcessEnv(Process*)
                0x00000000c0019e60                Krnl::copyProcessEnv(Process*, Process*)
                0x00000000c0019eb4                Krnl::loadSystemEnv()
                0x00000000c0019ee2                Krnl::loadUserEnv()
                0x00000000c0019f08                Krnl::flushEnv()
                0x00000000c0019f09                Krnl::getProcessTotalEnvCount(Process*)
                0x00000000c0019f29                Krnl::getProcessEnvPair(Process*, int)
 .text          0x00000000c0019fed      0x396 krnl/panic.32
                0x00000000c0019fed                Krnl::panic(char const*)
 .text          0x00000000c001a383      0x3b6 net/ethernet.32
                0x00000000c001a383                Net::switchEndian16(unsigned short)
                0x00000000c001a3a4                Net::switchEndian32(unsigned int)
                0x00000000c001a3d3                Net::crc32Calc(unsigned char*, int)
                0x00000000c001a464                Net::wrapEthernetFrame(Net::UnwrappedEthernetFrame, unsigned char*)
                0x00000000c001a5a0                Net::unwrapEthernetFrame(unsigned char*, int)
 .text          0x00000000c001a739      0x513 reg/registry.32
                0x00000000c001a739                Reg::findLineFromLoadedData(char*, char*, char*)
                0x00000000c001a891                Reg::getLineFromRegistry(char*, char*, char*, char*)
                0x00000000c001a9e6                Reg::getLine(char*, char*, char*)
                0x00000000c001aa1d                Reg::readInt(char*, char*, int*)
                0x00000000c001ab08                Reg::readString(char*, char*, char*, int)
                0x00000000c001ab89                Reg::readBool(char*, char*, bool*)
                0x00000000c001abae                Reg::readBoolWithDefault(char*, char*, bool)
                0x00000000c001abda                Reg::readIntWithDefault(char*, char*, int)
                0x00000000c001ac06                Reg::readStringWithDefault(char*, char*, char*, int, char*)
 .text          0x00000000c001ac4c       0x36 sys/sc_eject.32
                0x00000000c001ac4c                Sys::eject(regs*)
 .text          0x00000000c001ac82       0x18 sys/sc_exit.32
                0x00000000c001ac82                Sys::exit(regs*)
 .text          0x00000000c001ac9a       0x1f sys/sc_getcwd.32
                0x00000000c001ac9a                Sys::getCwd(regs*)
 .text          0x00000000c001acb9        0xc sys/sc_getpid.32
                0x00000000c001acb9                Sys::getPID(regs*)
 .text          0x00000000c001acc5       0xa8 sys/sc_loaddll.32
                0x00000000c001acc5                Sys::loadDLL(regs*)
 .text          0x00000000c001ad6d       0x68 sys/sc_read.32
                0x00000000c001ad6d                Sys::read(regs*)
 .text          0x00000000c001add5       0x55 sys/sc_sbrk.32
                0x00000000c001add5                Sys::sbrk(regs*)
 .text          0x00000000c001ae2a       0x1c sys/sc_setcwd.32
                0x00000000c001ae2a                Sys::setCwd(regs*)
 .text          0x00000000c001ae46      0x128 sys/sc_settime.32
                0x00000000c001ae46                Sys::setTime(regs*)
 .text          0x00000000c001af6e       0x4a sys/sc_timezone.32
                0x00000000c001af6e                Sys::timezone(regs*)
 .text          0x00000000c001afb8       0x68 sys/sc_write.32
                0x00000000c001afb8                Sys::write(regs*)
 .text          0x00000000c001b020       0x3b sys/sc_yield.32
                0x00000000c001b020                Sys::yield(regs*)
 .text          0x00000000c001b05b     0x1028 sys/syscalls.32
                0x00000000c001b05b                sysCallSeekDir(regs*)
                0x00000000c001b060                sysCallTellDir(regs*)
                0x00000000c001b065                sysCallVerify(regs*)
                0x00000000c001b06f                sysCallGetArgc(regs*)
                0x00000000c001b07f                sysFormatDisk(regs*)
                0x00000000c001b0e9                sysSetDiskVolumeLabel(regs*)
                0x00000000c001b12f                sysGetDiskVolumeLabel(regs*)
                0x00000000c001b180                sysShutdown(regs*)
                0x00000000c001b1de                sysCallRealpath(regs*)
                0x00000000c001b221                sysCallReadDir(regs*)
                0x00000000c001b2af                sysCallIsATTY(regs*)
                0x00000000c001b309                sysCallSeek(regs*)
                0x00000000c001b372                sysCallTell(regs*)
                0x00000000c001b3ef                sysCallSize(regs*)
                0x00000000c001b472                sysCallSizeFromFilename(regs*)
                0x00000000c001b532                sysCallClose(regs*)
                0x00000000c001b5ba                sysCallOpenDir(regs*)
                0x00000000c001b62f                sysCallCloseDir(regs*)
                0x00000000c001b695                sysCallMakeDir(regs*)
                0x00000000c001b705                sysCallWait(regs*)
                0x00000000c001b71f                sysCallNotImpl(regs*)
                0x00000000c001b73a                sysPanic(regs*)
                0x00000000c001b760                sysCallRmdir(regs*)
                0x00000000c001b7c4                sysCallUnlink(regs*)
                0x00000000c001b828                sysCallGetArgv(regs*)
                0x00000000c001b874                sysCallTTYName(regs*)
                0x00000000c001b8f7                sysCallUSleep(regs*)
                0x00000000c001b91e                sysCallSpawn(regs*)
                0x00000000c001b976                sysCallGetEnv(regs*)
                0x00000000c001ba23                sysAppSettings(regs*)
                0x00000000c001bb42                sysSetFatAttrib(regs*)
                0x00000000c001bbb4                sysPipe(regs*)
                0x00000000c001bbf9                sysGetUnixTime(regs*)
                0x00000000c001bc0d                string_ends_with(char const*, char const*)
                0x00000000c001bc55                sysCallOpen(regs*)
                0x00000000c001be6a                Sys::loadSyscalls()
                0x00000000c001c041                Sys::systemCall(regs*, void*)
 .text          0x00000000c001c083     0x11bf thr/elf.32
                0x00000000c001c083                Thr::allocateMemoryForTask(Process*, File*, unsigned long, unsigned long, unsigned long)
                0x00000000c001c300                Thr::loadProgramIntoMemory(Process*, char const*)
                0x00000000c001c516                Thr::runtimeReferenceHelper()
                0x00000000c001c529                Thr::getAddressOfKernelSymbol(char const*)
                0x00000000c001c578                Thr::loadKernelSymbolTable(char const*)
                0x00000000c001c836                Thr::loadDriverIntoMemory(char const*, unsigned long, bool)
                0x00000000c001cf52                Thr::getDriverBaseFromAddress(unsigned long)
                0x00000000c001cf84                Thr::getDriverNameFromAddress(unsigned long)
                0x00000000c001cfbb                Thr::getDriverOffsetFromAddress(unsigned long)
                0x00000000c001cfd5                Thr::loadDLL(char const*, bool)
                0x00000000c001d209                Thr::executeDLL(unsigned long, void*)
 .text          0x00000000c001d242     0x1056 thr/prcssthr.32
                0x00000000c001d242                changeTSS
                0x00000000c001d272                Process::addArgs(char**)
                0x00000000c001d2cc                Process::Process(char const*, Process*, char**)
                0x00000000c001d2cc                Process::Process(char const*, Process*, char**)
                0x00000000c001d4b0                Process::Process(bool, char const*, Process*, char**)
                0x00000000c001d4b0                Process::Process(bool, char const*, Process*, char**)
                0x00000000c001d65f                disableIRQs()
                0x00000000c001d667                getIRQNestingLevel()
                0x00000000c001d66d                enableIRQs()
                0x00000000c001d67c                lockScheduler()
                0x00000000c001d67e                unlockScheduler()
                0x00000000c001d680                userModeEntryPoint(void*)
                0x00000000c001d6a3                lockStuff()
                0x00000000c001d6af                taskStartupFunction
                0x00000000c001d6b8                updateTimeUsed()
                0x00000000c001d71d                switchToThread(ThreadControlBlock*)
                0x00000000c001d76e                Semaphore::Semaphore(int)
                0x00000000c001d76e                Semaphore::Semaphore(int)
                0x00000000c001d79c                Mutex::Mutex()
                0x00000000c001d79c                Mutex::Mutex()
                0x00000000c001d7ae                Process::createThread(void (*)(void*), void*, int)
                0x00000000c001d892                Process::createUserThread()
                0x00000000c001d8ae                setupMultitasking(void (*)())
                0x00000000c001d9b8                schedule()
                0x00000000c001da3d                unlockStuff()
                0x00000000c001da72                Semaphore::tryAcquire()
                0x00000000c001daa0                Semaphore::assertLocked(char const*)
                0x00000000c001dad0                blockTaskWithSchedulerLockAlreadyHeld(TaskState)
                0x00000000c001db12                blockTask(TaskState)
                0x00000000c001db33                waitTask(int, int*, int)
                0x00000000c001db75                nanoSleepUntil(unsigned long long)
                0x00000000c001dbcc                nanoSleep(unsigned long long)
                0x00000000c001dbe1                sleep(unsigned long long)
                0x00000000c001dbfe                Semaphore::acquire()
                0x00000000c001dc66                taskReturned
                0x00000000c001dc94                unblockTask(ThreadControlBlock*)
                0x00000000c001dd43                cleanupTerminatedTask(ThreadControlBlock*)
                0x00000000c001e00c                cleanerTaskFunction(void*)
                0x00000000c001e0bf                terminateTask(int)
                0x00000000c001e19f                Thr::terminateFromIRQ(int)
                0x00000000c001e1ac                Semaphore::release()
 .text          0x00000000c001e298      0xc26 vm86/vm8086.32
                0x00000000c001e298                Vm::inbv(unsigned short)
                0x00000000c001e2ab                Vm::outbv(unsigned short, unsigned char)
                0x00000000c001e2fe                Vm::realToLinear(unsigned short, unsigned short)
                0x00000000c001e30e                Vm::getSegment(unsigned int)
                0x00000000c001e316                Vm::getOffset(unsigned int)
                0x00000000c001e31b                Vm::mainloop2()
                0x00000000c001e356                Vm::mainVm8086Loop(void*)
                0x00000000c001e363                Vm::mainloop3(unsigned long)
                0x00000000c001e38d                Vm::initialise8086()
                0x00000000c001e3d0                Vm::finish8086()
                0x00000000c001e415                Vm::getOutput8086(unsigned char*)
                0x00000000c001e43f                Vm::start8086(char const*, unsigned short, unsigned short, unsigned short, unsigned short)
                0x00000000c001e58f                Vm::doISR(regs*, int, unsigned char*, unsigned short, unsigned short)
                0x00000000c001e619                Vm::readByteFromReal(unsigned short, unsigned short)
                0x00000000c001e62a                Vm::readWordFromReal(unsigned short, unsigned short)
                0x00000000c001e63c                Vm::readDwordFromReal(unsigned short, unsigned short)
                0x00000000c001e64d                Vm::writeByteFromReal(unsigned short, unsigned short, unsigned char)
                0x00000000c001e662                Vm::writeWordFromReal(unsigned short, unsigned short, unsigned short)
                0x00000000c001e678                Vm::writeDwordFromReal(unsigned short, unsigned short, unsigned int)
                0x00000000c001e68d                Vm::faultHandler(regs*)
 .text          0x00000000c001eebe      0xefd vm86/x87em.32
                0x00000000c001eebe                Vm::fpuInternalTo32(unsigned long long)
                0x00000000c001ef19                Vm::fpuInternalTo64(unsigned long long)
                0x00000000c001ef22                Vm::fpu32ToInternal(unsigned int)
                0x00000000c001ef67                Vm::fpu64ToInternal(unsigned long long)
                0x00000000c001ef70                Vm::fpuFloatToLong(unsigned long long)
                0x00000000c001efcb                Vm::fpuULongToFloat(unsigned long long)
                0x00000000c001f001                Vm::fpuLongToFloat(long long)
                0x00000000c001f057                Vm::fpuGet0()
                0x00000000c001f05c                Vm::fpuGet1()
                0x00000000c001f064                Vm::fpuGetPi()
                0x00000000c001f06c                Vm::fpuGetLog2E()
                0x00000000c001f084                Vm::fpuGetLogE2()
                0x00000000c001f09c                Vm::fpuGetLog210()
                0x00000000c001f0b4                Vm::fpuGetLog102()
                0x00000000c001f0cc                Vm::fpuIsSecondLarger(unsigned long long, unsigned long long)
                0x00000000c001f0e0                Vm::fpuAreEqual(unsigned long long, unsigned long long)
                0x00000000c001f0f6                Vm::fpuUnorderedCompare(unsigned long long, unsigned long long)
                0x00000000c001f149                Vm::fpuAdd(unsigned long long, unsigned long long)
                0x00000000c001f15a                Vm::fpuAbs(unsigned long long)
                0x00000000c001f163                Vm::fpuChs(unsigned long long)
                0x00000000c001f173                Vm::fpuSub(unsigned long long, unsigned long long)
                0x00000000c001f182                Vm::fpuMultiply(unsigned long long, unsigned long long)
                0x00000000c001f1a1                Vm::fpuDivide(unsigned long long, unsigned long long)
                0x00000000c001f1bd                Vm::fpuSquare(unsigned long long)
                0x00000000c001f1d3                Vm::fpuGetReg(int)
                0x00000000c001f216                Vm::fpuSetReg(int, unsigned long long)
                0x00000000c001f261                Vm::fpuPush(unsigned long long)
                0x00000000c001f2be                Vm::fpuPop()
                0x00000000c001f310                Vm::x87Handler(regs*)
 *fill*         0x00000000c001fdbb        0x1 
 .text          0x00000000c001fdbc     0x10ed fs/fat/vfslink.32
                0x00000000c001fdbc                FAT::getName()
                0x00000000c001fdc2                FAT::tell(void*, unsigned long long*)
                0x00000000c001fdf6                FAT::stat(void*, unsigned long long*)
                0x00000000c001fe2a                FAT::~FAT()
                0x00000000c001fe2a                FAT::~FAT()
                0x00000000c001fe4e                FAT::~FAT()
                0x00000000c001fe76                FAT::getlabel(LogicalDisk*, int, char*, unsigned int*)
                0x00000000c001ff14                FAT::setlabel(LogicalDisk*, int, char*)
                0x00000000c001ffce                FAT::format(LogicalDisk*, int, char const*, int)
                0x00000000c00201b2                FAT::tryMount(LogicalDisk*, int)
                0x00000000c00203b8                FAT::readDir(void*, unsigned long, void*, int*)
                0x00000000c00204be                FAT::read(void*, unsigned long, void*, int*)
                0x00000000c0020518                FAT::write(void*, unsigned long, void*, int*)
                0x00000000c0020572                FAT::close(void*)
                0x00000000c00205be                FAT::closeDir(void*)
                0x00000000c002060a                FAT::seek(void*, unsigned long long)
                0x00000000c002065e                fatWrapperReadDisk
                0x00000000c00206a5                fatWrapperWriteDisk
                0x00000000c00206ec                fatWrapperIoctl
                0x00000000c00207f0                FAT::FAT()
                0x00000000c00207f0                FAT::FAT()
                0x00000000c0020842                FAT::fixFilepath(char*)
                0x00000000c002087a                FAT::open(char const*, void**, FileOpenMode)
                0x00000000c00209a2                FAT::openDir(char const*, void**)
                0x00000000c0020a48                FAT::stat(char const*, unsigned long long*, bool*)
                0x00000000c0020b32                FAT::unlink(char const*)
                0x00000000c0020bac                FAT::chfatattr(char const*, unsigned char, unsigned char)
                0x00000000c0020d00                FAT::rename(char const*, char const*)
                0x00000000c0020dc4                FAT::mkdir(char const*)
                0x00000000c0020e3e                FAT::exists(char const*)
 *fill*         0x00000000c0020ea9        0x1 
 .text          0x00000000c0020eaa      0xbc1 fs/iso9660/vfslink.32
                0x00000000c0020eaa                ISO9660::format(LogicalDisk*, int, char const*, int)
                0x00000000c0020eb0                ISO9660::seek(void*, unsigned long long)
                0x00000000c0020ee0                ISO9660::tell(void*, unsigned long long*)
                0x00000000c0020f04                ISO9660::getName()
                0x00000000c0020f0a                ISO9660::stat(void*, unsigned long long*)
                0x00000000c0020f2e                ISO9660::chfatattr(char const*, unsigned char, unsigned char)
                0x00000000c0020f34                ISO9660::unlink(char const*)
                0x00000000c0020f3a                ISO9660::write(void*, unsigned long, void*, int*)
                0x00000000c0020f40                ISO9660::rename(char const*, char const*)
                0x00000000c0020f46                ISO9660::mkdir(char const*)
                0x00000000c0020f4c                ISO9660::close(void*)
                0x00000000c0020f6e                ISO9660::closeDir(void*)
                0x00000000c0020f90                ISO9660::~ISO9660()
                0x00000000c0020f90                ISO9660::~ISO9660()
                0x00000000c0020fb4                ISO9660::~ISO9660()
                0x00000000c0020fdb                __memmem(unsigned char*, int, unsigned char*, int)
                0x00000000c002101d                readSectorFromCDROM(unsigned int, unsigned char*, char)
                0x00000000c0021084                ISO9660::tryMount(LogicalDisk*, int)
                0x00000000c00210d4                ISO9660::read(void*, unsigned long, void*, int*)
                0x00000000c00212d4                ISO9660::readDir(void*, unsigned long, void*, int*)
                0x00000000c0021561                readRoot(unsigned int*, unsigned int*, char)
                0x00000000c00215b6                readRecursively(char*, unsigned int, unsigned int, unsigned int*, unsigned int*, char, int*)
                0x00000000c0021789                getFileData(char*, unsigned int*, unsigned int*, char, int*)
                0x00000000c0021818                ISO9660::open(char const*, void**, FileOpenMode)
                0x00000000c00218d8                ISO9660::exists(char const*)
                0x00000000c00218fc                ISO9660::stat(char const*, unsigned long long*, bool*)
                0x00000000c0021990                ISO9660::openDir(char const*, void**)
                0x00000000c0021a48                ISO9660::ISO9660()
                0x00000000c0021a48                ISO9660::ISO9660()
 *fill*         0x00000000c0021a6b        0x1 
 .text          0x00000000c0021a6c      0x326 hal/sound/sndchannel.32
                0x00000000c0021a6c                SoundChannel::~SoundChannel()
                0x00000000c0021a6c                SoundChannel::~SoundChannel()
                0x00000000c0021a88                SoundChannel::setSpeed(float)
                0x00000000c0021a94                SoundChannel::getSpeed()
                0x00000000c0021a9c                SoundChannel::setVolume(int)
                0x00000000c0021ab8                SoundChannel::getVolume()
                0x00000000c0021ac0                SoundChannel::pause()
                0x00000000c0021aca                SoundChannel::SoundChannel(int, int, int, int)
                0x00000000c0021aca                SoundChannel::SoundChannel(int, int, int, int)
                0x00000000c0021c20                SoundChannel::play()
                0x00000000c0021c2a                SoundChannel::paused()
                0x00000000c0021c32                SoundChannel::getSampleRate()
                0x00000000c0021c3a                SoundChannel::getBits()
                0x00000000c0021c42                SoundChannel::getBufferUsed()
                0x00000000c0021c4a                SoundChannel::getBufferSize()
                0x00000000c0021c52                SoundChannel::unbuffer(float*, int, int)
                0x00000000c0021cf2                SoundChannel::buffer8(unsigned char*, int)
 .text          0x00000000c0021d92      0x3d5 hal/sound/sndhw.32
                0x00000000c0021d92                SoundDevice::SoundDevice(char const*)
                0x00000000c0021d92                SoundDevice::SoundDevice(char const*)
                0x00000000c0021dfe                SoundDevice::~SoundDevice()
                0x00000000c0021dfe                SoundDevice::~SoundDevice()
                0x00000000c0021e78                SoundDevice::~SoundDevice()
                0x00000000c0021ea2                SoundDevice::getFreeChannelNum()
                0x00000000c0021ebc                SoundDevice::addChannel(SoundChannel*)
                0x00000000c0021f2c                SoundDevice::removeChannel(int)
                0x00000000c0021f5e                SoundDevice::floatTo8(float*, unsigned char*, int)
                0x00000000c0022046                SoundDevice::getAudio(int, float*, float*)
 .text          0x00000000c0022167        0x0 hw/bus/isa.32
 *fill*         0x00000000c0022167        0x1 
 .text          0x00000000c0022168      0x6c3 hw/bus/pci.32
                0x00000000c0022168                PCI::open(int, int, void*)
                0x00000000c002217c                PCI::close(int, int, void*)
                0x00000000c0022180                PCI::PCI()
                0x00000000c0022180                PCI::PCI()
                0x00000000c0022200                PCI::pciReadWord(unsigned char, unsigned char, unsigned char, unsigned char)
                0x00000000c0022248                PCI::getVendorID(unsigned char, unsigned char, unsigned char)
                0x00000000c002226a                PCI::getHeaderType(unsigned char, unsigned char, unsigned char)
                0x00000000c002228e                PCI::getClassCode(unsigned char, unsigned char, unsigned char)
                0x00000000c00222d2                PCI::getProgIF(unsigned char, unsigned char, unsigned char)
                0x00000000c00222f6                PCI::getRevisionID(unsigned char, unsigned char, unsigned char)
                0x00000000c0022318                PCI::getInterruptNumber(unsigned char, unsigned char, unsigned char)
                0x00000000c002233a                PCI::getSecondaryBus(unsigned char, unsigned char, unsigned char)
                0x00000000c002235e                PCI::getBARAddress(unsigned char, unsigned char, unsigned char, unsigned char)
                0x00000000c00223be                PCI::pciWriteWord(unsigned char, unsigned char, unsigned char, unsigned char, unsigned short)
                0x00000000c002242a                PCI::checkBus(unsigned char)
                0x00000000c002244e                PCI::foundDevice(PCIDeviceInfo)
                0x00000000c00225c0                PCI::getDeviceData(unsigned char, unsigned char, unsigned char)
                0x00000000c002276c                PCI::checkDevice(unsigned char, unsigned char)
                0x00000000c00227d8                PCI::detect()
 *fill*         0x00000000c002282b        0x1 
 .text          0x00000000c002282c      0xc70 hw/diskctrl/ide.32
                0x00000000c002282c                IDE::close(int, int, void*)
                0x00000000c0022830                IDE::IDE()
                0x00000000c0022830                IDE::IDE()
                0x00000000c0022864                IDE::prepareInterrupt(unsigned char)
                0x00000000c0022876                selectDrive(unsigned char, unsigned char)
                0x00000000c0022878                IDE::getBase(unsigned char)
                0x00000000c002288a                IDE::write(unsigned char, unsigned char, unsigned char)
                0x00000000c002294a                IDE::read(unsigned char, unsigned char)
                0x00000000c00229f8                IDE::waitInterrupt(unsigned char)
                0x00000000c0022a5e                ideChannel0IRQHandler(regs*, void*)
                0x00000000c0022a7a                ideChannel1IRQHandler(regs*, void*)
                0x00000000c0022a96                IDE::enableIRQs(unsigned char, bool)
                0x00000000c0022adc                IDE::open(int, int, void*)
                0x00000000c0022eec                IDE::readBuffer(unsigned char, unsigned char, unsigned int, unsigned int)
                0x00000000c0022fb8                IDE::detect()
                0x00000000c00232a0                IDE::printError(unsigned char, unsigned char, unsigned char)
                0x00000000c0023436                IDE::polling(unsigned char, unsigned int)
 .text          0x00000000c002349c      0x390 hw/diskctrl/satabus.32
                0x00000000c002349c                SATABus::close(int, int, void*)
                0x00000000c00234a0                SATABus::detect()
                0x00000000c00234a2                SATABus::SATABus()
                0x00000000c00234a2                SATABus::SATABus()
                0x00000000c002354e                SATABus::findCmdslot(SATABus::tagHBA_PORT volatile*)
                0x00000000c0023596                SATABus::checkType(SATABus::tagHBA_PORT volatile*)
                0x00000000c00235de                SATABus::startCmd(SATABus::tagHBA_PORT volatile*)
                0x00000000c00235fe                SATABus::stopCmd(SATABus::tagHBA_PORT volatile*)
                0x00000000c0023628                SATABus::portRebase(SATABus::tagHBA_PORT volatile*, int)
                0x00000000c002372e                SATABus::probePort(SATABus::tagHBA_MEM volatile*)
                0x00000000c002380c                SATABus::open(int, int, void*)
 .text          0x00000000c002382c      0x63c hw/diskphys/ata.32
                0x00000000c002382c                ATA::close(int, int, void*)
                0x00000000c0023850                ATA::powerSaving(PowerSavingLevel)
                0x00000000c0023852                ATA::ATA()
                0x00000000c0023852                ATA::ATA()
                0x00000000c0023880                ATA::flush(bool)
                0x00000000c00238ca                ATA::readyForCommand()
                0x00000000c002391a                ATA::access(unsigned long long, int, void*, bool)
                0x00000000c0023ca2                ATA::read(unsigned long long, int, void*)
                0x00000000c0023d0a                ATA::write(unsigned long long, int, void*)
                0x00000000c0023d72                ATA::detectCHS()
                0x00000000c0023d9c                ATA::open(int, int, void*)
 .text          0x00000000c0023e68      0x5bd hw/diskphys/atapi.32
                0x00000000c0023e68                ATAPI::write(unsigned long long, int, void*)
                0x00000000c0023e6e                ATAPI::close(int, int, void*)
                0x00000000c0023e92                ATAPI::ATAPI()
                0x00000000c0023e92                ATAPI::ATAPI()
                0x00000000c0023ec0                ATAPI::readyForCommand()
                0x00000000c0023f10                ATAPI::sendPacket(unsigned char*, int, bool, unsigned short*, int)
                0x00000000c00241d0                ATAPI::diskRemoved()
                0x00000000c00241ec                ATAPI::eject()
                0x00000000c0024234                ATAPI::diskInserted()
                0x00000000c0024262                ATAPI::detectMedia()
                0x00000000c002431e                ATAPI::open(int, int, void*)
                0x00000000c00243a6                ATAPI::read(unsigned long long, int, void*)
 *fill*         0x00000000c0024425        0x1 
 .text          0x00000000c0024426      0x4c6 hw/diskphys/sata.32
                0x00000000c0024426                SATA::close(int, int, void*)
                0x00000000c002444a                SATA::powerSaving(PowerSavingLevel)
                0x00000000c002444c                SATA::open(int, int, void*)
                0x00000000c00244fa                SATA::SATA()
                0x00000000c00244fa                SATA::SATA()
                0x00000000c0024528                SATA::access(unsigned long long, int, void*, bool)
                0x00000000c002481c                SATA::read(unsigned long long, int, void*)
                0x00000000c0024884                SATA::write(unsigned long long, int, void*)
 .text          0x00000000c00248ec      0x500 hw/diskphys/satapi.32
                0x00000000c00248ec                SATAPI::write(unsigned long long, int, void*)
                0x00000000c00248f2                SATAPI::close(int, int, void*)
                0x00000000c0024916                SATAPI::SATAPI()
                0x00000000c0024916                SATAPI::SATAPI()
                0x00000000c0024944                SATAPI::diskRemoved()
                0x00000000c0024960                SATAPI::diskInserted()
                0x00000000c002498e                SATAPI::sendPacket(unsigned char*, int, unsigned long long, unsigned short*, int)
                0x00000000c0024b92                SATAPI::eject()
                0x00000000c0024bda                SATAPI::detectMedia()
                0x00000000c0024c9c                SATAPI::open(int, int, void*)
                0x00000000c0024d4a                SATAPI::read(unsigned long long, int, void*)
 .text          0x00000000c0024dec       0x8e hw/fpu/avx.32
                0x00000000c0024dec                AVX::open(int, int, void*)
                0x00000000c0024dfe                AVX::close(int, int, void*)
                0x00000000c0024e10                AVX::available()
                0x00000000c0024e22                AVX::save(void*)
                0x00000000c0024e3a                AVX::load(void*)
                0x00000000c0024e52                AVX::AVX()
                0x00000000c0024e52                AVX::AVX()
 .text          0x00000000c0024e7a       0x90 hw/fpu/mmx.32
                0x00000000c0024e7a                MMX::available()
                0x00000000c0024e8e                MMX::open(int, int, void*)
                0x00000000c0024ea0                MMX::close(int, int, void*)
                0x00000000c0024eb2                MMX::save(void*)
                0x00000000c0024eca                MMX::load(void*)
                0x00000000c0024ee2                MMX::MMX()
                0x00000000c0024ee2                MMX::MMX()
 .text          0x00000000c0024f0a       0x96 hw/fpu/sse.32
                0x00000000c0024f0a                SSE::open(int, int, void*)
                0x00000000c0024f1c                SSE::close(int, int, void*)
                0x00000000c0024f2e                SSE::available()
                0x00000000c0024f48                SSE::save(void*)
                0x00000000c0024f60                SSE::load(void*)
                0x00000000c0024f78                SSE::SSE()
                0x00000000c0024f78                SSE::SSE()
 .text          0x00000000c0024fa0       0x8e hw/fpu/x87.32
                0x00000000c0024fa0                x87::open(int, int, void*)
                0x00000000c0024fb2                x87::close(int, int, void*)
                0x00000000c0024fc4                x87::available()
                0x00000000c0024fd6                x87::save(void*)
                0x00000000c0024fee                x87::load(void*)
                0x00000000c0025006                x87::x87()
                0x00000000c0025006                x87::x87()
 .text          0x00000000c002502e      0x71e hw/intctrl/apic.32
                0x00000000c002502e                APIC::disable()
                0x00000000c0025030                APIC::close(int, int, void*)
                0x00000000c0025052                IOAPIC::close(int, int, void*)
                0x00000000c0025058                APIC::io_wait()
                0x00000000c002505e                APIC::getBase()
                0x00000000c00250a0                APIC::eoi(unsigned char)
                0x00000000c00250ce                APIC::open(int, int, void*)
                0x00000000c002521c                IOAPIC::IOAPIC()
                0x00000000c002521c                IOAPIC::IOAPIC()
                0x00000000c0025244                APIC::APIC()
                0x00000000c0025244                APIC::APIC()
                0x00000000c0025320                IOAPIC::handlesGSIWithNumber(unsigned int)
                0x00000000c0025352                IOAPIC::read(int)
                0x00000000c002537a                IOAPIC::open(int, int, void*)
                0x00000000c0025470                IOAPIC::write(int, int)
                0x00000000c002549c                IOAPIC::redirect(unsigned char, unsigned long long, unsigned char, bool, bool)
                0x00000000c0025596                APIC::installIRQHandler(int, void (*)(regs*, void*), bool, void*)
 .text          0x00000000c002574c      0x3d3 hw/intctrl/pic.32
                0x00000000c002574c                PIC::disable()
                0x00000000c002577a                PIC::close(int, int, void*)
                0x00000000c002579c                PIC::PIC()
                0x00000000c002579c                PIC::PIC()
                0x00000000c0025872                PIC::ioWait()
                0x00000000c0025878                PIC::getIRQReg(int)
                0x00000000c00258e2                PIC::eoi(unsigned char)
                0x00000000c0025974                PIC::remap()
                0x00000000c0025ae0                PIC::open(int, int, void*)
 *fill*         0x00000000c0025b1f        0x1 
 .text          0x00000000c0025b20      0x25e hw/timer/apictimer.32
                0x00000000c0025b20                APICTimer::close(int, int, void*)
                0x00000000c0025b26                apicTimerHandler(regs*, void*)
                0x00000000c0025b54                APICTimer::write(int)
                0x00000000c0025c58                APICTimer::open(int, int, void*)
                0x00000000c0025d56                APICTimer::APICTimer()
                0x00000000c0025d56                APICTimer::APICTimer()
 .text          0x00000000c0025d7e      0x1a7 hw/timer/pit.32
                0x00000000c0025d7e                PIT::write(int)
                0x00000000c0025dfc                pitHandler(regs*, void*)
                0x00000000c0025e28                PIT::open(int, int, void*)
                0x00000000c0025e76                PIT::close(int, int, void*)
                0x00000000c0025ea6                PIT::PIT()
                0x00000000c0025ea6                PIT::PIT()
 *fill*         0x00000000c0025f25        0xb 
 .text          0x00000000c0025f30       0x1e hw/fpu/x86/avx.32
                0x00000000c0025f30                avxDetect
                0x00000000c0025f36                avxSave
                0x00000000c0025f37                avxLoad
                0x00000000c0025f38                avxInit
                0x00000000c0025f39                avxClose
                0x00000000c0025f3a                wouldSheSayYes
 *fill*         0x00000000c0025f4e        0x2 
 .text          0x00000000c0025f50       0x35 hw/fpu/x86/sse.32
                0x00000000c0025f50                absolutelyNoChanceInHell
                0x00000000c0025f50                sseDetect
                0x00000000c0025f68                sseSave
                0x00000000c0025f6e                sseLoad
                0x00000000c0025f74                sseInit
                0x00000000c0025f84                sseClose
 *fill*         0x00000000c0025f85        0xb 
 .text          0x00000000c0025f90       0x47 hw/fpu/x86/x87.32
                0x00000000c0025f96                x87Detect
                0x00000000c0025fb1                x87Save
                0x00000000c0025fb7                x87Load
                0x00000000c0025fbc                x87Init
                0x00000000c0025fd6                x87Close
 *fill*         0x00000000c0025fd7        0x1 
 .text          0x00000000c0025fd8       0x25 /cygdrive/d/Users/Alex/Desktop/Toolchain/Output/bin/../lib/gcc/i386-banana/8.1.0/crtend.o
 .text          0x00000000c0025ffd        0x0 crtn.32
 *fill*         0x00000000c0025ffd        0x3 
 .text          0x00000000c0026000      0x14b /cygdrive/d/Users/Alex/Desktop/Toolchain/Output/bin/../lib/gcc/i386-banana/8.1.0/libkgcc.a(_divdi3.o)
                0x00000000c0026000                __divdi3
 *fill*         0x00000000c002614b        0x1 
 .text          0x00000000c002614c      0x17e /cygdrive/d/Users/Alex/Desktop/Toolchain/Output/bin/../lib/gcc/i386-banana/8.1.0/libkgcc.a(_moddi3.o)
                0x00000000c002614c                __moddi3
 *fill*         0x00000000c00262ca        0x2 
 .text          0x00000000c00262cc       0xff /cygdrive/d/Users/Alex/Desktop/Toolchain/Output/bin/../lib/gcc/i386-banana/8.1.0/libkgcc.a(_udivdi3.o)
                0x00000000c00262cc                __udivdi3
 *fill*         0x00000000c00263cb        0x1 
 .text          0x00000000c00263cc      0x11a /cygdrive/d/Users/Alex/Desktop/Toolchain/Output/bin/../lib/gcc/i386-banana/8.1.0/libkgcc.a(_umoddi3.o)
                0x00000000c00263cc                __umoddi3
 .text          0x00000000c00264e6      0x96d D:/Users/Alex/Desktop/Banana/kernel/libsoftfp.a(sfieeelib.o)
                0x00000000c00264e6                __addsf3
                0x00000000c00267e8                __subsf3
                0x00000000c00267fc                __negsf2
                0x00000000c0026809                __mulsf3
                0x00000000c00269cc                __divsf3
                0x00000000c0026bf7                __floatsisf
                0x00000000c0026c6b                __floatunsisf
                0x00000000c0026cad                __fixsfsi
                0x00000000c0026d0f                __fixunssfsi
                0x00000000c0026d40                __cmpsf2
                0x00000000c0026dd5                __eqsf2
                0x00000000c0026e10                __nesf2
                0x00000000c0026e12                __gtsf2
                0x00000000c0026e4d                __gesf2
                0x00000000c0026e4f                __ltsf2
                0x00000000c0026e51                __lesf2
 .text          0x00000000c0026e53      0xf50 D:/Users/Alex/Desktop/Banana/kernel/libsoftfp.a(dfieeelib.o)
                0x00000000c0026e53                __adddf3
                0x00000000c00274a4                __subdf3
                0x00000000c00274bf                __negdf2
                0x00000000c00274d0                __muldf3
                0x00000000c00277b4                __divdf3
                0x00000000c0027b33                __floatsidf
                0x00000000c0027b8e                __floatunsidf
                0x00000000c0027bcc                __fixdfsi
                0x00000000c0027c39                __fixunsdfsi
                0x00000000c0027c75                __cmpdf2
                0x00000000c0027d63                __eqdf2
                0x00000000c0027d7f                __nedf2
                0x00000000c0027d81                __gtdf2