Archive member included to satisfy reference by file (symbol)

/cygdrive/d/Users/Alex/Desktop/Toolchain/Output/bin/../lib/gcc/i386-banana/8.1.0/libgcc.a(_divdi3.o)
                              fs/fat/ff.32 (__divdi3)
/cygdrive/d/Users/Alex/Desktop/Toolchain/Output/bin/../lib/gcc/i386-banana/8.1.0/libgcc.a(_moddi3.o)
                              acpica/osl.32 (__moddi3)
/cygdrive/d/Users/Alex/Desktop/Toolchain/Output/bin/../lib/gcc/i386-banana/8.1.0/libgcc.a(_udivdi3.o)
                              acpica/utmath.32 (__udivdi3)
/cygdrive/d/Users/Alex/Desktop/Toolchain/Output/bin/../lib/gcc/i386-banana/8.1.0/libgcc.a(_umoddi3.o)
                              acpica/utmath.32 (__umoddi3)
D:/Users/Alex/Desktop/Banana/kernel/libk/libm32.a(s_fabs.c.o)
                              hal/libresample/samplerate.32 (fabs)
D:/Users/Alex/Desktop/Banana/kernel/libk/libm32.a(s_lrint.S.o)
                              hal/libresample/samplerate.32 (lrint)
D:/Users/Alex/Desktop/Banana/kernel/libk/libm32.a(s_lrintf.S.o)
                              hal/sound/sndhw.32 (lrintf)

Allocating common symbols
Common symbol       size              file

AcpiGbl_StateCache  0x4               acpica/utglobal.32
AcpiGbl_OwnerIdMask
                    0x200             acpica/utglobal.32
AcpiGbl_StepToNextCall
                    0x1               acpica/utglobal.32
AcpiGbl_RootTableList
                    0x10              acpica/utglobal.32
AcpiGbl_FadtGpeDevice
                    0x4               acpica/utglobal.32
AcpiGbl_GpeXruptListHead
                    0x4               acpica/utglobal.32
AcpiGbl_GlobalLockHandle
                    0x2               acpica/utglobal.32
AcpiGbl_RootNodeStruct
                    0x1c              acpica/utglobal.32
AcpiGbl_FACS        0x4               acpica/utglobal.32
AcpiGbl_AllGpesInitialized
                    0x1               acpica/utglobal.32
AcpiGbl_GlobalLockMutex
                    0x4               acpica/utglobal.32
AcpiGbl_IntegerByteWidth
                    0x1               acpica/utglobal.32
AcpiGbl_Pm1EnableRegisterSave
                    0x2               acpica/utglobal.32
AcpiGbl_NsLookupCount
                    0x4               acpica/utglobal.32
AcpiCurrentGpeCount
                    0x4               acpica/utglobal.32
AcpiGbl_IntegerBitWidth
                    0x1               acpica/utglobal.32
AcpiGbl_NamespaceCache
                    0x4               acpica/utglobal.32
AcpiGbl_TableHandler
                    0x4               acpica/utglobal.32
AcpiGbl_HardwareLock
                    0x4               acpica/utglobal.32
AcpiGbl_FixedEventHandlers
                    0x28              acpica/utglobal.32
AcpiSciCount        0x4               acpica/utglobal.32
AcpiGbl_DSDT        0x4               acpica/utglobal.32
AcpiGbl_GlobalNotify
                    0x10              acpica/utglobal.32
AcpiGbl_GlobalLockSemaphore
                    0x4               acpica/utglobal.32
AcpiGbl_SystemAwakeAndRunning
                    0x1               acpica/utglobal.32
AcpiGbl_InterfaceHandler
                    0x4               acpica/utglobal.32
AcpiGbl_EventsInitialized
                    0x1               acpica/utglobal.32
AcpiGbl_SupportedInterfaces
                    0x4               acpica/utglobal.32
AcpiGbl_GpeLock     0x4               acpica/utglobal.32
AcpiGbl_SleepTypeB  0x1               acpica/utglobal.32
AcpiGbl_InitHandler
                    0x4               acpica/utglobal.32
AcpiGbl_GlobalLockAcquired
                    0x1               acpica/utglobal.32
AcpiGbl_XPm1bEnable
                    0xc               acpica/utglobal.32
AcpiGbl_OriginalDsdtHeader
                    0x24              acpica/utglobal.32
AcpiGbl_ReferenceCountLock
                    0x4               acpica/utglobal.32
AcpiGpeCount        0x4               acpica/utglobal.32
AcpiGbl_TableHandlerContext
                    0x4               acpica/utglobal.32
AcpiGbl_XPm1aStatus
                    0xc               acpica/utglobal.32
AcpiGbl_OriginalMode
                    0x4               acpica/utglobal.32
AcpiGbl_CmSingleStep
                    0x1               acpica/utglobal.32
AcpiGbl_GlobalEventHandlerContext
                    0x4               acpica/utglobal.32
AcpiGbl_PsFindCount
                    0x4               acpica/utglobal.32
AcpiFixedEventCount
                    0x14              acpica/utglobal.32
AcpiGbl_AcpiHardwarePresent
                    0x1               acpica/utglobal.32
AcpiGbl_MutexInfo   0x60              acpica/utglobal.32
AcpiGbl_RootNode    0x4               acpica/utglobal.32
AcpiGbl_AddressRangeList
                    0x8               acpica/utglobal.32
AcpiGbl_FADT        0x114             acpica/utglobal.32
AcpiGbl_IntegerNybbleWidth
                    0x1               acpica/utglobal.32
AcpiGbl_XPm1aEnable
                    0xc               acpica/utglobal.32
AcpiGbl_OperandCache
[...]
Memory Configuration

Name             Origin             Length             Attributes
*default*        0x0000000000000000 0xffffffffffffffff

Linker script and memory map

LOAD D:/Users/Alex/Desktop/Banana/kernel/boot.32
LOAD crti.32
LOAD /cygdrive/d/Users/Alex/Desktop/Toolchain/Output/bin/../lib/gcc/i386-banana/8.1.0/crtbegin.o
LOAD D:/Users/Alex/Desktop/Banana/kernel/morenasm.32
LOAD acpica/dsargs.32
LOAD acpica/dscontrol.32
LOAD acpica/dsdebug.32
LOAD acpica/dsfield.32
LOAD acpica/dsinit.32
LOAD acpica/dsmethod.32
LOAD acpica/dsmthdat.32
LOAD acpica/dsobject.32
LOAD acpica/dsopcode.32
LOAD acpica/dspkginit.32
LOAD acpica/dsutils.32
LOAD acpica/dswexec.32
LOAD acpica/dswload.32
LOAD acpica/dswload2.32
LOAD acpica/dswscope.32
LOAD acpica/dswstate.32
LOAD acpica/evevent.32
LOAD acpica/evglock.32
LOAD acpica/evgpe.32
LOAD acpica/evgpeblk.32
LOAD acpica/evgpeinit.32
LOAD acpica/evgpeutil.32
LOAD acpica/evhandler.32
LOAD acpica/evmisc.32
LOAD acpica/evregion.32
LOAD acpica/evrgnini.32
LOAD acpica/evsci.32
LOAD acpica/evxface.32
LOAD acpica/evxfevnt.32
LOAD acpica/evxfgpe.32
LOAD acpica/evxfregn.32
LOAD acpica/exconcat.32
LOAD acpica/exconfig.32
LOAD acpica/exconvrt.32
LOAD acpica/excreate.32
LOAD acpica/exdebug.32
LOAD acpica/exdump.32
LOAD acpica/exfield.32
LOAD acpica/exfldio.32
LOAD acpica/exmisc.32
LOAD acpica/exmutex.32
LOAD acpica/exnames.32
LOAD acpica/exoparg1.32
LOAD acpica/exoparg2.32
LOAD acpica/exoparg3.32
LOAD acpica/exoparg6.32
LOAD acpica/exprep.32
LOAD acpica/exregion.32
LOAD acpica/exresnte.32
LOAD acpica/exresolv.32
LOAD acpica/exresop.32
LOAD acpica/exserial.32
LOAD acpica/exstore.32
LOAD acpica/exstoren.32
LOAD acpica/exstorob.32
LOAD acpica/exsystem.32
LOAD acpica/extrace.32
LOAD acpica/exutils.32
LOAD acpica/hwacpi.32
LOAD acpica/hwesleep.32
LOAD acpica/hwgpe.32
LOAD acpica/hwpci.32
LOAD acpica/hwregs.32
LOAD acpica/hwsleep.32
LOAD acpica/hwtimer.32
LOAD acpica/hwvalid.32
LOAD acpica/hwxface.32
LOAD acpica/hwxfsleep.32
LOAD acpica/nsaccess.32
LOAD acpica/nsalloc.32
LOAD acpica/nsarguments.32
LOAD acpica/nsconvert.32
LOAD acpica/nsdump.32
LOAD acpica/nsdumpdv.32
LOAD acpica/nseval.32
LOAD acpica/nsinit.32
LOAD acpica/nsload.32
LOAD acpica/nsnames.32
LOAD acpica/nsobject.32
LOAD acpica/nsparse.32
LOAD acpica/nspredef.32
LOAD acpica/nsprepkg.32
LOAD acpica/nsrepair.32
LOAD acpica/nsrepair2.32
LOAD acpica/nssearch.32
LOAD acpica/nsutils.32
LOAD acpica/nswalk.32
LOAD acpica/nsxfeval.32
LOAD acpica/nsxfname.32
LOAD acpica/nsxfobj.32
LOAD acpica/psargs.32
LOAD acpica/psloop.32
LOAD acpica/psobject.32
LOAD acpica/psopcode.32
LOAD acpica/psopinfo.32
LOAD acpica/psparse.32
LOAD acpica/psscope.32
LOAD acpica/pstree.32
LOAD acpica/psutils.32
LOAD acpica/pswalk.32
LOAD acpica/psxface.32
LOAD acpica/rsaddr.32
LOAD acpica/rscalc.32
LOAD acpica/rscreate.32
LOAD acpica/rsdump.32
LOAD acpica/rsdumpinfo.32
LOAD acpica/rsinfo.32
LOAD acpica/rsio.32
LOAD acpica/rsirq.32
LOAD acpica/rslist.32
LOAD acpica/rsmemory.32
LOAD acpica/rsmisc.32
LOAD acpica/rsserial.32
LOAD acpica/rsutils.32
LOAD acpica/rsxface.32
LOAD acpica/tbdata.32
LOAD acpica/tbfadt.32
LOAD acpica/tbfind.32
LOAD acpica/tbinstal.32
LOAD acpica/tbprint.32
LOAD acpica/tbutils.32
LOAD acpica/tbxface.32
LOAD acpica/tbxfload.32
LOAD acpica/tbxfroot.32
LOAD acpica/utaddress.32
LOAD acpica/utalloc.32
LOAD acpica/utascii.32
LOAD acpica/utbuffer.32
LOAD acpica/utcache.32
LOAD acpica/utclib.32
LOAD acpica/utcopy.32
LOAD acpica/utdebug.32
LOAD acpica/utdecode.32
LOAD acpica/utdelete.32
LOAD acpica/uterror.32
LOAD acpica/uteval.32
LOAD acpica/utexcep.32
LOAD acpica/utglobal.32
LOAD acpica/uthex.32
LOAD acpica/utids.32
LOAD acpica/utinit.32
LOAD acpica/utlock.32
LOAD acpica/utmath.32
LOAD acpica/utmisc.32
LOAD acpica/utmutex.32
LOAD acpica/utnonansi.32
LOAD acpica/utobject.32
LOAD acpica/utosi.32
LOAD acpica/utownerid.32
LOAD acpica/utpredef.32
LOAD acpica/utprint.32
LOAD acpica/utresdecode.32
LOAD acpica/utresrc.32
LOAD acpica/utstate.32
LOAD acpica/utstring.32
LOAD acpica/utstrsuppt.32
LOAD acpica/utstrtoul64.32
LOAD acpica/uttrack.32
LOAD acpica/utuuid.32
LOAD acpica/utxface.32
LOAD acpica/utxferror.32
LOAD acpica/utxfinit.32
LOAD acpica/utxfmutex.32
LOAD core/malloc.32
LOAD libk/string.32
LOAD fs/fat/diskio.32
LOAD fs/fat/ff.32
LOAD fs/fat/ffsystem.32
LOAD fs/fat/ffunicode.32
LOAD hal/libresample/samplerate.32
LOAD hal/libresample/src_linear.32
LOAD hal/libresample/src_sinc.32
LOAD hal/libresample/src_zoh.32
LOAD acpica/osl.32
LOAD core/computer.32
LOAD core/elf.32
LOAD core/gdt.32
LOAD core/idle.32
LOAD core/idt.32
LOAD core/kconsole.32
LOAD core/kheap.32
LOAD core/main.32
LOAD core/physmgr.32
LOAD core/pipe.32
LOAD core/prcssthr.32
LOAD core/syscalls.32
LOAD core/terminal.32
LOAD core/tss.32
LOAD core/unixfile.32
LOAD core/virtmgr.32
LOAD coreobjs/c++.32
LOAD debugger/debug.32
LOAD fs/vfs.32
LOAD hal/bus.32
LOAD hal/buzzer.32
LOAD hal/clock.32
LOAD hal/device.32
LOAD hal/diskctrl.32
LOAD hal/diskphys.32
LOAD hal/fpu.32
LOAD hal/intctrl.32
LOAD hal/keybrd.32
LOAD hal/logidisk.32
LOAD hal/partition.32
LOAD hal/timer.32
LOAD hal/vcache.32
LOAD hw/acpi.32
LOAD hw/cpu.32
LOAD hw/ports.32
LOAD registry/registry.32
LOAD syscalls/sc_exit.32
LOAD syscalls/sc_sbrk.32
LOAD syscalls/sc_yield.32
LOAD vm86/vm8086.32
LOAD fs/fat/vfslink.32
LOAD fs/iso9660/vfslink.32
LOAD hal/sound/sndchannel.32
LOAD hal/sound/sndhw.32
LOAD hw/audio/sb16.32
LOAD hw/bus/isa.32
LOAD hw/bus/pci.32
LOAD hw/bus/ps2.32
LOAD hw/bus/ps2port.32
LOAD hw/buzzer/pcspk.32
LOAD hw/clock/rtc.32
LOAD hw/diskctrl/ide.32
LOAD hw/diskphys/ata.32
LOAD hw/diskphys/atapi.32
LOAD hw/dma/isadma.32
LOAD hw/fpu/avx.32
LOAD hw/fpu/mmx.32
LOAD hw/fpu/sse.32
LOAD hw/fpu/x87.32
LOAD hw/intctrl/apic.32
LOAD hw/intctrl/pic.32
LOAD hw/keybrd/ps2key.32
LOAD hw/timer/apictimer.32
LOAD hw/timer/pit.32
LOAD hw/fpu/x86/avx.32
LOAD hw/fpu/x86/sse.32
LOAD hw/fpu/x86/x87.32
LOAD /cygdrive/d/Users/Alex/Desktop/Toolchain/Output/bin/../lib/gcc/i386-banana/8.1.0/crtend.o
LOAD crtn.32
LOAD /cygdrive/d/Users/Alex/Desktop/Toolchain/Output/bin/../lib/gcc/i386-banana/8.1.0/libgcc.a
LOAD D:/Users/Alex/Desktop/Banana/kernel/libk/libm32.a
                0x00000000c0000000                . = 0xc0000000

.text           0x00000000c0000000    0x57518
 *(.text)
 .text          0x00000000c0000000       0x39 D:/Users/Alex/Desktop/Banana/kernel/boot.32
                0x00000000c000001e                callGlobalConstructors
 .text          0x00000000c0000039        0x0 crti.32
 *fill*         0x00000000c0000039        0x3 
 .text          0x00000000c000003c      0x101 /cygdrive/d/Users/Alex/Desktop/Toolchain/Output/bin/../lib/gcc/i386-banana/8.1.0/crtbegin.o
 *fill*         0x00000000c000013d        0x3 
 .text          0x00000000c0000140      0x55c D:/Users/Alex/Desktop/Banana/kernel/morenasm.32
                0x00000000c0000140                doTPAUSE
                0x00000000c000014a                hasLegacyFPU
                0x00000000c000017c                is486
                0x00000000c00001e4                goToVM86
                0x00000000c0000215                goToUsermode
                0x00000000c0000240                switchToThreadASMFirstTime
                0x00000000c000024e                switchToThreadASM
                0x00000000c00002f0                detectCPUID
                0x00000000c0000306                asmQuickAcquireLock
                0x00000000c0000324                asmQuickReleaseLock
                0x00000000c0000330                asmAcquireLock
                0x00000000c0000351                asmReleaseLock
                0x00000000c0000364                loadGDT
                0x00000000c0000384                isr0
                0x00000000c0000394                isr1
                0x00000000c00003a4                isr2
                0x00000000c00003b4                isr3
                0x00000000c00003c4                isr4
                0x00000000c00003d4                isr5
                0x00000000c00003e4                isr6
                0x00000000c00003f4                isr7
                0x00000000c0000404                isr8
                0x00000000c000040f                isr9
                0x00000000c000041f                isr10
                0x00000000c000042a                isr11
                0x00000000c0000435                isr12
                0x00000000c0000440                isr13
                0x00000000c000044b                isr14
                0x00000000c0000456                isr15
                0x00000000c0000466                isr16
                0x00000000c0000476                isr17
                0x00000000c0000486                isr18
                0x00000000c0000496                isr96
                0x00000000c00004a6                irq0
                0x00000000c00004b6                irq1
                0x00000000c00004c6                irq2
                0x00000000c00004d6                irq3
                0x00000000c00004e6                irq4
                0x00000000c00004f6                irq5
                0x00000000c0000506                irq6
                0x00000000c0000516                irq7
                0x00000000c0000526                irq8
                0x00000000c0000536                irq9
                0x00000000c0000546                irq10
                0x00000000c0000556                irq11
                0x00000000c0000566                irq12
                0x00000000c0000576                irq13
                0x00000000c0000586                irq14
                0x00000000c0000596                irq15
                0x00000000c00005a6                irq16
                0x00000000c00005b6                irq17
                0x00000000c00005c6                irq18
                0x00000000c00005d6                irq19
                0x00000000c00005e6                irq20
                0x00000000c00005f6                irq21
                0x00000000c0000606                irq22
                0x00000000c0000616                irq23
                0x00000000c0000626                int_common_stub
                0x00000000c0000656                syscall_common_stub
                0x00000000c000068f                ebcdicToASCII
 .text          0x00000000c000069c      0x3da acpica/dsargs.32
                0x00000000c000082b                AcpiDsGetBufferFieldArguments
                0x00000000c000088a                AcpiDsGetBankFieldArguments
                0x00000000c00008e9                AcpiDsGetBufferArguments
                0x00000000c000095a                AcpiDsGetPackageArguments
                0x00000000c00009cb                AcpiDsGetRegionArguments
 .text          0x00000000c0000a76      0x47a acpica/dscontrol.32
                0x00000000c0000a78                AcpiDsExecBeginControlOp
                0x00000000c0000ba8                AcpiDsExecEndControlOp
 .text          0x00000000c0000ef0        0x2 acpica/dsdebug.32
                0x00000000c0000ef0                AcpiDsDumpMethodStack
 .text          0x00000000c0000ef2      0x9f6 acpica/dsfield.32
                0x00000000c0000ef2                AcpiDsCreateBufferField
                0x00000000c00013e8                AcpiDsCreateField
                0x00000000c00014f2                AcpiDsInitFieldObjects
                0x00000000c0001693                AcpiDsCreateBankField
                0x00000000c00017c7                AcpiDsCreateIndexField
 .text          0x00000000c00018e8      0x22d acpica/dsinit.32
                0x00000000c0001a63                AcpiDsInitializeObjects
 .text          0x00000000c0001b15      0x9d7 acpica/dsmethod.32
                0x00000000c0001b64                AcpiDsAutoSerializeMethod
                0x00000000c0001c6d                AcpiDsMethodError
                0x00000000c0001dc9                AcpiDsBeginMethodExecution
                0x00000000c000206c                AcpiDsRestartControlMethod
                0x00000000c000210b                AcpiDsTerminateControlMethod
                0x00000000c00022ef                AcpiDsCallControlMethod
 .text          0x00000000c00024ec      0x743 acpica/dsmthdat.32
                0x00000000c00024ec                AcpiDsMethodDataInit
                0x00000000c00026d5                AcpiDsMethodDataDeleteAll
                0x00000000c00027a2                AcpiDsMethodDataGetNode
                0x00000000c00028dd                AcpiDsMethodDataInitArgs
                0x00000000c0002954                AcpiDsMethodDataGetValue
                0x00000000c0002ae3                AcpiDsStoreObjectToLocal
 .text          0x00000000c0002c2f      0x736 acpica/dsobject.32
                0x00000000c0002c2f                AcpiDsBuildInternalBufferObj
                0x00000000c0002d98                AcpiDsInitObjectFromOp
                0x00000000c000312d                AcpiDsBuildInternalObject
                0x00000000c00032cf                AcpiDsCreateNode
 .text          0x00000000c0003365      0xa93 acpica/dsopcode.32
                0x00000000c0003365                AcpiDsInitializeRegion
                0x00000000c0003678                AcpiDsEvalBufferFieldOperands
                0x00000000c00037e9                AcpiDsEvalRegionOperands
                0x00000000c000398e                AcpiDsEvalTableRegionOperands
                0x00000000c0003b48                AcpiDsEvalDataObjectOperands
                0x00000000c0003cfc                AcpiDsEvalBankFieldOperands
 .text          0x00000000c0003df8      0x597 acpica/dspkginit.32
                0x00000000c0003fca                AcpiDsInitPackageElement
                0x00000000c0004036                AcpiDsBuildInternalPackageObj
 .text          0x00000000c000438f      0x956 acpica/dsutils.32
                0x00000000c0004391                AcpiDsClearImplicitReturn
                0x00000000c00043d4                AcpiDsDoImplicitReturn
                0x00000000c0004444                AcpiDsIsResultUsed
                0x00000000c00045d6                AcpiDsDeleteResultIfNotUsed
                0x00000000c000464e                AcpiDsResolveOperands
                0x00000000c00046aa                AcpiDsClearOperands
                0x00000000c00046fe                AcpiDsCreateOperand
                0x00000000c0004a69                AcpiDsCreateOperands
                0x00000000c0004b59                AcpiDsEvaluateNamePath
 .text          0x00000000c0004ce5      0xa84 acpica/dswexec.32
                0x00000000c0004ced                AcpiDsGetPredicateValue
                0x00000000c0004f09                AcpiDsExecBeginOp
                0x00000000c0005106                AcpiDsExecEndOp
 .text          0x00000000c0005769      0x6f7 acpica/dswload.32
                0x00000000c0005769                AcpiDsLoad1BeginOp
                0x00000000c0005ad2                AcpiDsLoad1EndOp
                0x00000000c0005d90                AcpiDsInitCallbacks
 .text          0x00000000c0005e60      0x901 acpica/dswload2.32
                0x00000000c0005e60                AcpiDsLoad2BeginOp
                0x00000000c00062cf                AcpiDsLoad2EndOp
 .text          0x00000000c0006761      0x161 acpica/dswscope.32
                0x00000000c0006761                AcpiDsScopeStackClear
                0x00000000c00067a1                AcpiDsScopeStackPush
                0x00000000c0006868                AcpiDsScopeStackPop
 .text          0x00000000c00068c2      0x8f5 acpica/dswstate.32
                0x00000000c0006952                AcpiDsResultPush
                0x00000000c0006b25                AcpiDsResultPop
                0x00000000c0006c57                AcpiDsObjStackPush
                0x00000000c0006cd6                AcpiDsObjStackPop
                0x00000000c0006d58                AcpiDsObjStackPopAndDelete
                0x00000000c0006dd7                AcpiDsGetCurrentWalkState
                0x00000000c0006def                AcpiDsPushWalkState
                0x00000000c0006e09                AcpiDsPopWalkState
                0x00000000c0006e2e                AcpiDsCreateWalkState
                0x00000000c0006ec3                AcpiDsInitAmlWalk
                0x00000000c000708f                AcpiDsDeleteWalkState
 .text          0x00000000c00071b7      0x307 acpica/evevent.32
                0x00000000c00071b7                AcpiEvInstallXruptHandlers
                0x00000000c00072b5                AcpiEvInitializeEvents
                0x00000000c00073d6                AcpiEvFixedEventDetect
 .text          0x00000000c00074be      0x2d8 acpica/evglock.32
                0x00000000c000753f                AcpiEvInitGlobalLockHandler
                0x00000000c00075cb                AcpiEvRemoveGlobalLockHandler
                0x00000000c0007603                AcpiEvAcquireGlobalLock
                0x00000000c0007711                AcpiEvReleaseGlobalLock
 .text          0x00000000c0007796      0x960 acpica/evgpe.32
                0x00000000c0007796                AcpiEvUpdateGpeEnableMask
                0x00000000c0007804                AcpiEvEnableGpe
                0x00000000c0007822                AcpiEvMaskGpe
                0x00000000c00078f4                AcpiEvAddGpeReference
                0x00000000c0007987                AcpiEvRemoveGpeReference
                0x00000000c0007a02                AcpiEvLowGetGpeInfo
                0x00000000c0007a63                AcpiEvGetGpeEventInfo
                0x00000000c0007aeb                AcpiEvFinishGpe
                0x00000000c0007caa                AcpiEvGpeDispatch
                0x00000000c0007e1c                AcpiEvDetectGpe
                0x00000000c0007fa9                AcpiEvGpeDetect
 .text          0x00000000c00080f6      0x726 acpica/evgpeblk.32
                0x00000000c00081c0                AcpiEvDeleteGpeBlock
                0x00000000c000853c                AcpiEvCreateGpeBlock
                0x00000000c00086b1                AcpiEvInitializeGpeBlock
 .text          0x00000000c000881c      0x48d acpica/evgpeinit.32
                0x00000000c000881c                AcpiEvMatchGpeMethod
                0x00000000c00089b3                AcpiEvGpeInitialize
                0x00000000c0008bb5                AcpiEvUpdateGpes
 .text          0x00000000c0008ca9      0x407 acpica/evgpeutil.32
                0x00000000c0008ca9                AcpiEvWalkGpeList
                0x00000000c0008d48                AcpiEvGetGpeDevice
                0x00000000c0008da9                AcpiEvGetGpeXruptBlock
                0x00000000c0008ed8                AcpiEvDeleteGpeXrupt
                0x00000000c0008fa2                AcpiEvDeleteGpeHandlers
 .text          0x00000000c00090b0      0x4a5 acpica/evhandler.32
                0x00000000c00090b0                AcpiEvHasDefaultHandler
                0x00000000c0009110                AcpiEvFindRegionHandler
                0x00000000c0009246                AcpiEvInstallSpaceHandler
                0x00000000c00094cb                AcpiEvInstallRegionHandlers
 .text          0x00000000c0009555      0x32c acpica/evmisc.32
                0x00000000c00095fc                AcpiEvIsNotifyObject
                0x00000000c0009622                AcpiEvQueueNotifyRequest
                0x00000000c0009732                AcpiEvTerminate
 .text          0x00000000c0009881      0x9c7 acpica/evregion.32
                0x00000000c0009881                AcpiEvAddressSpaceDispatch
                0x00000000c0009b82                AcpiEvAttachRegion
                0x00000000c0009bd2                AcpiEvExecuteRegMethod
                0x00000000c0009db9                AcpiEvDetachRegion
                0x00000000c000a153                AcpiEvExecuteRegMethods
                0x00000000c000a1bf                AcpiEvInitializeOpRegions
 .text          0x00000000c000a248      0x535 acpica/evrgnini.32
                0x00000000c000a248                AcpiEvSystemMemoryRegionSetup
                0x00000000c000a2f5                AcpiEvIoSpaceRegionSetup
                0x00000000c000a318                AcpiEvIsPciRootBridge
                0x00000000c000a3e3                AcpiEvPciConfigRegionSetup
                0x00000000c000a644                AcpiEvPciBarRegionSetup
                0x00000000c000a64a                AcpiEvCmosRegionSetup
                0x00000000c000a650                AcpiEvDefaultRegionSetup
                0x00000000c000a673                AcpiEvInitializeRegion
 .text          0x00000000c000a77d      0x1a4 acpica/evsci.32
                0x00000000c000a77d                AcpiEvSciDispatch
                0x00000000c000a839                AcpiEvGpeXruptHandler
                0x00000000c000a862                AcpiEvInstallSciHandler
                0x00000000c000a898                AcpiEvRemoveAllSciHandlers
 .text          0x00000000c000a921      0xcf1 acpica/evxface.32
                0x00000000c000a921                AcpiInstallNotifyHandler
                0x00000000c000ab7c                AcpiRemoveNotifyHandler
                0x00000000c000ada0                AcpiInstallExceptionHandler
                0x00000000c000aded                AcpiInstallSciHandler
                0x00000000c000aedb                AcpiRemoveSciHandler
                0x00000000c000afc0                AcpiInstallGlobalEventHandler
                0x00000000c000b022                AcpiInstallFixedEventHandler
                0x00000000c000b0fd                AcpiRemoveFixedEventHandler
                0x00000000c000b395                AcpiInstallGpeHandler
                0x00000000c000b3bf                AcpiInstallGpeRawHandler
                0x00000000c000b3e9                AcpiRemoveGpeHandler
                0x00000000c000b579                AcpiAcquireGlobalLock
                0x00000000c000b5d8                AcpiReleaseGlobalLock
 .text          0x00000000c000b612      0x38d acpica/evxfevnt.32
                0x00000000c000b612                AcpiEnable
                0x00000000c000b684                AcpiDisable
                0x00000000c000b6e5                AcpiEnableEvent
                0x00000000c000b7b3                AcpiDisableEvent
                0x00000000c000b880                AcpiClearEvent
                0x00000000c000b8d5                AcpiGetEventStatus
 .text          0x00000000c000b99f      0xa22 acpica/evxfgpe.32
                0x00000000c000b99f                AcpiUpdateAllGpes
                0x00000000c000ba2a                AcpiEnableGpe
                0x00000000c000baaa                AcpiDisableGpe
                0x00000000c000bb0f                AcpiSetGpe
                0x00000000c000bbba                AcpiMaskGpe
                0x00000000c000bc2c                AcpiMarkGpeForWake
                0x00000000c000bc98                AcpiSetupGpeForWake
                0x00000000c000be1e                AcpiSetGpeWakeMask
                0x00000000c000bf28                AcpiClearGpe
                0x00000000c000bf96                AcpiGetGpeStatus
                0x00000000c000c007                AcpiDispatchGpe
                0x00000000c000c022                AcpiFinishGpe
                0x00000000c000c089                AcpiDisableAllGpes
                0x00000000c000c0c4                AcpiEnableAllRuntimeGpes
                0x00000000c000c0ff                AcpiEnableAllWakeupGpes
                0x00000000c000c13a                AcpiInstallGpeBlock
                0x00000000c000c28a                AcpiRemoveGpeBlock
                0x00000000c000c353                AcpiGetGpeDevice
 .text          0x00000000c000c3c1      0x1f7 acpica/evxfregn.32
                0x00000000c000c3c1                AcpiInstallAddressSpaceHandler
                0x00000000c000c467                AcpiRemoveAddressSpaceHandler
 .text          0x00000000c000c5b8      0x4fd acpica/exconcat.32
                0x00000000c000c655                AcpiExDoConcatenate
                0x00000000c000c9b3                AcpiExConcatTemplate
 .text          0x00000000c000cab5      0x62b acpica/exconfig.32
                0x00000000c000cb78                AcpiExUnloadTable
                0x00000000c000cc2f                AcpiExLoadTableOp
                0x00000000c000ce50                AcpiExLoadOp
 .text          0x00000000c000d0e0      0x74e acpica/exconvrt.32
                0x00000000c000d0e0                AcpiExConvertToInteger
                0x00000000c000d23f                AcpiExConvertToBuffer
                0x00000000c000d49d                AcpiExConvertToString
                0x00000000c000d6e7                AcpiExConvertToTargetType
 .text          0x00000000c000d82e      0x52a acpica/excreate.32
                0x00000000c000d82e                AcpiExCreateAlias
                0x00000000c000d8b0                AcpiExCreateEvent
                0x00000000c000d933                AcpiExCreateMutex
                0x00000000c000d9e0                AcpiExCreateRegion
                0x00000000c000db40                AcpiExCreateProcessor
                0x00000000c000dbe9                AcpiExCreatePowerResource
                0x00000000c000dc7d                AcpiExCreateMethod
 .text          0x00000000c000dd58      0x557 acpica/exdebug.32
                0x00000000c000dd58                AcpiExDoDebugObject
 .text          0x00000000c000e2af        0x0 acpica/exdump.32
 .text          0x00000000c000e2af      0x4d5 acpica/exfield.32
                0x00000000c000e2af                AcpiExGetProtocolBufferLength
                0x00000000c000e303                AcpiExReadDataFromField
                0x00000000c000e52a                AcpiExWriteDataToField
 .text          0x00000000c000e784      0xed6 acpica/exfldio.32
                0x00000000c000e9c7                AcpiExAccessRegion
                0x00000000c000eb59                AcpiExInsertIntoField
                0x00000000c000f130                AcpiExWriteWithUpdateRule
                0x00000000c000f322                AcpiExExtractFromField
 .text          0x00000000c000f65a      0x664 acpica/exmisc.32
                0x00000000c000f65a                AcpiExGetObjectReference
                0x00000000c000f755                AcpiExDoMathOp
                0x00000000c000f926                AcpiExDoLogicalNumericOp
                0x00000000c000fa2a                AcpiExDoLogicalOp
 .text          0x00000000c000fcbe      0x5d0 acpica/exmutex.32
                0x00000000c000fcbe                AcpiExUnlinkMutex
                0x00000000c000fd64                AcpiExAcquireMutexObject
                0x00000000c000fe39                AcpiExAcquireMutex
                0x00000000c000ff80                AcpiExReleaseMutexObject
                0x00000000c001001f                AcpiExReleaseMutex
                0x00000000c00101fc                AcpiExReleaseAllMutexes
 .text          0x00000000c001028e      0x457 acpica/exnames.32
                0x00000000c0010466                AcpiExGetNameString
 .text          0x00000000c00106e5     0x1142 acpica/exoparg1.32
                0x00000000c00106e5                AcpiExOpcode_0A_0T_1R
                0x00000000c001079b                AcpiExOpcode_1A_0T_0R
                0x00000000c001089d                AcpiExOpcode_1A_1T_0R
                0x00000000c0010917                AcpiExOpcode_1A_1T_1R
                0x00000000c00110e7                AcpiExOpcode_1A_0T_1R
 .text          0x00000000c0011827      0x8df acpica/exoparg2.32
                0x00000000c0011827                AcpiExOpcode_2A_0T_0R
                0x00000000c00118f8                AcpiExOpcode_2A_2T_1R
                0x00000000c0011a78                AcpiExOpcode_2A_1T_1R
                0x00000000c0011f25                AcpiExOpcode_2A_0T_1R
 .text          0x00000000c0012106      0x33c acpica/exoparg3.32
                0x00000000c0012106                AcpiExOpcode_3A_0T_0R
                0x00000000c0012205                AcpiExOpcode_3A_1T_1R
 .text          0x00000000c0012442      0x36c acpica/exoparg6.32
                0x00000000c001254f                AcpiExOpcode_6A_0T_1R
 .text          0x00000000c00127ae      0x53f acpica/exprep.32
                0x00000000c0012868                AcpiExPrepCommonFieldObject
                0x00000000c0012900                AcpiExPrepFieldValue
 .text          0x00000000c0012ced      0x4b7 acpica/exregion.32
                0x00000000c0012ced                AcpiExSystemMemorySpaceHandler
                0x00000000c0012ff2                AcpiExSystemIoSpaceHandler
                0x00000000c001306f                AcpiExPciConfigSpaceHandler
                0x00000000c0013100                AcpiExCmosSpaceHandler
                0x00000000c001311e                AcpiExPciBarSpaceHandler
                0x00000000c001313c                AcpiExDataTableSpaceHandler
 .text          0x00000000c00131a4      0x360 acpica/exresnte.32
                0x00000000c00131a4                AcpiExResolveNodeToValue
 .text          0x00000000c0013504      0x61b acpica/exresolv.32
                0x00000000c0013745                AcpiExResolveToValue
                0x00000000c0013805                AcpiExResolveMultiple
 .text          0x00000000c0013b1f      0x7cc acpica/exresop.32
                0x00000000c0013bac                AcpiExResolveOperands
 .text          0x00000000c00142eb      0x3a2 acpica/exserial.32
                0x00000000c00142eb                AcpiExReadGpio
                0x00000000c0014335                AcpiExWriteGpio
                0x00000000c0014399                AcpiExReadSerialBus
                0x00000000c00144f1                AcpiExWriteSerialBus
 .text          0x00000000c001468d      0x588 acpica/exstore.32
                0x00000000c00148a4                AcpiExStoreObjectToNode
                0x00000000c0014a93                AcpiExStore
 .text          0x00000000c0014c15      0x296 acpica/exstoren.32
                0x00000000c0014c15                AcpiExResolveObject
                0x00000000c0014d33                AcpiExStoreObjectToObject
 .text          0x00000000c0014eab      0x202 acpica/exstorob.32
                0x00000000c0014eab                AcpiExStoreBufferToBuffer
                0x00000000c0014fa2                AcpiExStoreStringToString
 .text          0x00000000c00150ad      0x206 acpica/exsystem.32
                0x00000000c00150ad                AcpiExSystemWaitSemaphore
                0x00000000c0015107                AcpiExSystemWaitMutex
                0x00000000c0015161                AcpiExSystemDoStall
                0x00000000c00151ad                AcpiExSystemDoSleep
                0x00000000c0015201                AcpiExSystemSignalEvent
                0x00000000c0015230                AcpiExSystemWaitEvent
                0x00000000c001526a                AcpiExSystemResetEvent
 .text          0x00000000c00152b3      0x1ec acpica/extrace.32
                0x00000000c001531e                AcpiExTracePoint
                0x00000000c001532d                AcpiExStartTraceMethod
                0x00000000c00153e4                AcpiExStopTraceMethod
                0x00000000c001546f                AcpiExStartTraceOpcode
                0x00000000c0015487                AcpiExStopTraceOpcode
 .text          0x00000000c001549f      0x525 acpica/exutils.32
                0x00000000c001549f                AcpiExEnterInterpreter
                0x00000000c0015509                AcpiExExitInterpreter
                0x00000000c0015573                AcpiExTruncateFor32bitTable
                0x00000000c00155d9                AcpiExAcquireGlobalLock
                0x00000000c0015630                AcpiExReleaseGlobalLock
                0x00000000c0015708                AcpiExEisaIdToString
                0x00000000c0015829                AcpiExIntegerToString
                0x00000000c00158a2                AcpiExPciClsToString
                0x00000000c0015997                AcpiIsValidSpaceId
 .text          0x00000000c00159c4      0x1ae acpica/hwacpi.32
                0x00000000c00159c4                AcpiHwGetMode
                0x00000000c0015a20                AcpiHwSetMode
 .text          0x00000000c0015b72      0x2a5 acpica/hwesleep.32
                0x00000000c0015b72                AcpiHwExecuteSleepMethod
                0x00000000c0015bea                AcpiHwExtendedSleep
                0x00000000c0015d39                AcpiHwExtendedWakePrep
                0x00000000c0015da4                AcpiHwExtendedWake
 .text          0x00000000c0015e17      0x55c acpica/hwgpe.32
                0x00000000c0015e17                AcpiHwGetGpeRegisterBit
                0x00000000c0015e41                AcpiHwLowSetGpe
                0x00000000c0015f78                AcpiHwClearGpe
                0x00000000c0015fc6                AcpiHwGetGpeStatus
                0x00000000c0016169                AcpiHwDisableGpeBlock
                0x00000000c00161c5                AcpiHwEnableRuntimeGpeBlock
                0x00000000c00162b2                AcpiHwClearGpeBlock
                0x00000000c0016313                AcpiHwDisableAllGpes
                0x00000000c0016333                AcpiHwEnableAllRuntimeGpes
                0x00000000c0016353                AcpiHwEnableAllWakeupGpes
 .text          0x00000000c0016373      0x338 acpica/hwpci.32
                0x00000000c0016651                AcpiHwDerivePciId
 .text          0x00000000c00166ab      0xbfa acpica/hwregs.32
                0x00000000c00168c8                AcpiHwValidateRegister
                0x00000000c0016a09                AcpiHwRead
                0x00000000c0016bff                AcpiHwWrite
                0x00000000c0016daf                AcpiHwGetBitRegisterInfo
                0x00000000c0016de9                AcpiHwWritePm1Control
                0x00000000c0016f01                AcpiHwRegisterRead
                0x00000000c00170b0                AcpiHwRegisterWrite
                0x00000000c0017238                AcpiHwClearAcpiStatus
 .text          0x00000000c00172a5      0x417 acpica/hwsleep.32
                0x00000000c00172a5                AcpiHwLegacySleep
                0x00000000c0017500                AcpiHwLegacyWakePrep
                0x00000000c00175f7                AcpiHwLegacyWake
 .text          0x00000000c00176bc      0x1a6 acpica/hwtimer.32
                0x00000000c00176bc                AcpiGetTimerResolution
                0x00000000c00176f1                AcpiGetTimer
                0x00000000c0017760                AcpiGetTimerDuration
 .text          0x00000000c0017862      0x331 acpica/hwvalid.32
                0x00000000c00179cb                AcpiHwReadPort
                0x00000000c0017abd                AcpiHwWritePort
 .text          0x00000000c0017b93      0x47c acpica/hwxface.32
                0x00000000c0017b93                AcpiReset
                0x00000000c0017c2b                AcpiRead
                0x00000000c0017c4a                AcpiWrite
                0x00000000c0017c78                AcpiReadBitRegister
                0x00000000c0017cf2                AcpiWriteBitRegister
                0x00000000c0017e12                AcpiGetSleepTypeData
 .text          0x00000000c001800f      0x3c1 acpica/hwxfsleep.32
                0x00000000c0018081                AcpiSetFirmwareWakingVector
                0x00000000c00180d6                AcpiEnterSleepStateS4bios
                0x00000000c001821e                AcpiEnterSleepStatePrep
                0x00000000c001830d                AcpiEnterSleepState
                0x00000000c001837c                AcpiLeaveSleepStatePrep
                0x00000000c00183a6                AcpiLeaveSleepState
 .text          0x00000000c00183d0      0x7cd acpica/nsaccess.32
                0x00000000c00183d0                AcpiNsRootInitialize
                0x00000000c0018747                AcpiNsLookup
 .text          0x00000000c0018b9d      0x44a acpica/nsalloc.32
                0x00000000c0018b9d                AcpiNsCreateNode
                0x00000000c0018bd9                AcpiNsDeleteNode
                0x00000000c0018c75                AcpiNsRemoveNode
                0x00000000c0018cde                AcpiNsInstallNode
                0x00000000c0018d92                AcpiNsDeleteChildren
                0x00000000c0018e06                AcpiNsDeleteNamespaceSubtree
                0x00000000c0018ebc                AcpiNsDeleteNamespaceByOwner
 .text          0x00000000c0018fe7      0x3ca acpica/nsarguments.32
                0x00000000c0018fe7                AcpiNsCheckArgumentTypes
                0x00000000c00190ef                AcpiNsCheckAcpiCompliance
                0x00000000c0019242                AcpiNsCheckArgumentCount
 .text          0x00000000c00193b1      0x5e2 acpica/nsconvert.32
                0x00000000c00193b1                AcpiNsConvertToInteger
                0x00000000c00194c8                AcpiNsConvertToString
                0x00000000c00195cb                AcpiNsConvertToBuffer
                0x00000000c0019724                AcpiNsConvertToUnicode
                0x00000000c00197e8                AcpiNsConvertToResource
                0x00000000c001989c                AcpiNsConvertToReference
 .text          0x00000000c0019993        0x0 acpica/nsdump.32
 .text          0x00000000c0019993        0x0 acpica/nsdumpdv.32
 .text          0x00000000c0019993      0x38e acpica/nseval.32
                0x00000000c0019993                AcpiNsEvaluate
 .text          0x00000000c0019d21      0x6b7 acpica/nsinit.32
                0x00000000c0019f3a                AcpiNsInitializeObjects
                0x00000000c0019f9b                AcpiNsInitializeDevices
                0x00000000c001a165                AcpiNsInitOnePackage
 .text          0x00000000c001a3d8       0xdb acpica/nsload.32
                0x00000000c001a3d8                AcpiNsLoadTable
 .text          0x00000000c001a4b3      0x592 acpica/nsnames.32
                0x00000000c001a4b3                AcpiNsHandleToName
                0x00000000c001a526                AcpiNsBuildNormalizedPath
                0x00000000c001a67f                AcpiNsGetPathnameLength
                0x00000000c001a6d6                AcpiNsHandleToPathname
                0x00000000c001a764                AcpiNsGetNormalizedPathname
                0x00000000c001a7e7                AcpiNsGetExternalPathname
                0x00000000c001a8fb                AcpiNsBuildPrefixedPathname
 .text          0x00000000c001aa45      0x45a acpica/nsobject.32
                0x00000000c001aa45                AcpiNsDetachObject
                0x00000000c001ab31                AcpiNsAttachObject
                0x00000000c001ac9f                AcpiNsGetAttachedObject
                0x00000000c001ad07                AcpiNsGetSecondaryObject
                0x00000000c001ad3d                AcpiNsAttachData
                0x00000000c001addb                AcpiNsDetachData
                0x00000000c001ae53                AcpiNsGetAttachedData
 .text          0x00000000c001ae9f      0x359 acpica/nsparse.32
                0x00000000c001ae9f                AcpiNsExecuteTable
                0x00000000c001b049                AcpiNsOneCompleteParse
                0x00000000c001b1d9                AcpiNsParseTable
 .text          0x00000000c001b1f8      0x3b5 acpica/nspredef.32
                0x00000000c001b2c5                AcpiNsCheckObjectType
                0x00000000c001b496                AcpiNsCheckReturnValue
 .text          0x00000000c001b5ad      0x9d3 acpica/nsprepkg.32
                0x00000000c001baf5                AcpiNsCheckPackage
 .text          0x00000000c001bf80      0x47e acpica/nsrepair.32
                0x00000000c001bfe4                AcpiNsRepairNullElement
                0x00000000c001c09d                AcpiNsRemoveNullElements
                0x00000000c001c131                AcpiNsWrapWithPackage
                0x00000000c001c17f                AcpiNsSimpleRepair
 .text          0x00000000c001c3fe      0x9f8 acpica/nsrepair2.32
                0x00000000c001c7de                AcpiNsComplexRepairs
 .text          0x00000000c001cdf6      0x27a acpica/nssearch.32
                0x00000000c001cdf6                AcpiNsSearchOneScope
                0x00000000c001cebe                AcpiNsSearchAndEnter
 .text          0x00000000c001d070      0x819 acpica/nsutils.32
                0x00000000c001d070                AcpiNsPrintNodePathname
                0x00000000c001d0f0                AcpiNsGetType
                0x00000000c001d128                AcpiNsLocal
                0x00000000c001d176                AcpiNsGetInternalNameLength
                0x00000000c001d24f                AcpiNsBuildInternalName
                0x00000000c001d3f6                AcpiNsInternalizeName
                0x00000000c001d489                AcpiNsExternalizeName
                0x00000000c001d6cd                AcpiNsValidateHandle
                0x00000000c001d6f9                AcpiNsTerminate
                0x00000000c001d74a                AcpiNsOpensScope
                0x00000000c001d789                AcpiNsGetNodeUnlocked
                0x00000000c001d83f                AcpiNsGetNode
 .text          0x00000000c001d889      0x264 acpica/nswalk.32
                0x00000000c001d889                AcpiNsGetNextNode
                0x00000000c001d8a2                AcpiNsGetNextNodeTyped
                0x00000000c001d8f7                AcpiNsWalkNamespace
 .text          0x00000000c001daed      0x94e acpica/nsxfeval.32
                0x00000000c001dd59                AcpiEvaluateObject
                0x00000000c001e012                AcpiEvaluateObjectTyped
                0x00000000c001e18a                AcpiWalkNamespace
                0x00000000c001e248                AcpiGetDevices
                0x00000000c001e2bb                AcpiAttachData
                0x00000000c001e33e                AcpiDetachData
                0x00000000c001e3b8                AcpiGetData
 .text          0x00000000c001e43b      0x7f2 acpica/nsxfname.32
                0x00000000c001e43b                AcpiGetHandle
                0x00000000c001e4f2                AcpiGetName
                0x00000000c001e5d2                AcpiGetObjectInfo
                0x00000000c001e9e9                AcpiInstallMethod
 .text          0x00000000c001ec2d      0x1f1 acpica/nsxfobj.32
                0x00000000c001ec2d                AcpiGetType
                0x00000000c001ecbf                AcpiGetParent
                0x00000000c001ed4d                AcpiGetNextObject
 .text          0x00000000c001ee1e      0xb9c acpica/psargs.32
                0x00000000c001ee99                AcpiPsGetNextPackageEnd
                0x00000000c001eec0                AcpiPsGetNextNamestring
                0x00000000c001ef46                AcpiPsGetNextNamepath
                0x00000000c001f188                AcpiPsGetNextSimpleArg
                0x00000000c001f69a                AcpiPsGetNextArg
 .text          0x00000000c001f9ba      0x8ef acpica/psloop.32
                0x00000000c001fbdd                AcpiPsParseLoop
 .text          0x00000000c00202a9      0xb0d acpica/psobject.32
                0x00000000c00203ee                AcpiPsBuildNamedOp
                0x00000000c00205b0                AcpiPsCreateOp
                0x00000000c002080f                AcpiPsCompleteOp
                0x00000000c0020c27                AcpiPsCompleteFinalOp
 .text          0x00000000c0020db6        0x0 acpica/psopcode.32
 .text          0x00000000c0020db6       0x97 acpica/psopinfo.32
                0x00000000c0020db6                AcpiPsGetOpcodeInfo
                0x00000000c0020e20                AcpiPsGetOpcodeName
                0x00000000c0020e34                AcpiPsGetArgumentCount
 .text          0x00000000c0020e4d      0x936 acpica/psparse.32
                0x00000000c0020e4d                AcpiPsGetOpcodeSize
                0x00000000c0020e67                AcpiPsPeekOpcode
                0x00000000c0020ea9                AcpiPsCompleteThisOp
                0x00000000c00211bf                AcpiPsNextParseState
                0x00000000c0021317                AcpiPsParseAml
 .text          0x00000000c0021783      0x1f4 acpica/psscope.32
                0x00000000c0021783                AcpiPsGetParentScope
                0x00000000c0021791                AcpiPsHasCompletedScope
                0x00000000c00217c5                AcpiPsInitScope
                0x00000000c002182b                AcpiPsPushScope
                0x00000000c00218ae                AcpiPsPopScope
                0x00000000c0021936                AcpiPsCleanupScope
 .text          0x00000000c0021977      0x218 acpica/pstree.32
                0x00000000c0021977                AcpiPsGetArg
                0x00000000c00219ef                AcpiPsAppendArg
                0x00000000c0021ac5                AcpiPsGetDepthNext
 .text          0x00000000c0021b8f      0x1cc acpica/psutils.32
                0x00000000c0021b8f                AcpiPsInitOp
                0x00000000c0021bb0                AcpiPsAllocOp
                0x00000000c0021c7a                AcpiPsCreateScopeOp
                0x00000000c0021caf                AcpiPsFreeOp
                0x00000000c0021cf2                AcpiPsIsLeadingChar
                0x00000000c0021d18                AcpiPsGetName
                0x00000000c0021d3a                AcpiPsSetName
 .text          0x00000000c0021d5b       0x99 acpica/pswalk.32
                0x00000000c0021d5b                AcpiPsDeleteParseTree
 .text          0x00000000c0021df4      0x4a2 acpica/psxface.32
                0x00000000c0021df4                AcpiDebugTrace
                0x00000000c0021e4e                AcpiPsExecuteTable
                0x00000000c0022029                AcpiPsExecuteMethod
 .text          0x00000000c0022296       0xf7 acpica/rsaddr.32
                0x00000000c0022296                AcpiRsGetAddressCommon
                0x00000000c002231e                AcpiRsSetAddressCommon
 .text          0x00000000c002238d      0x7f5 acpica/rscalc.32
                0x00000000c0022403                AcpiRsGetAmlLength
                0x00000000c00226bd                AcpiRsGetListLength
                0x00000000c0022a59                AcpiRsGetPciRoutingTableLength
 .text          0x00000000c0022b82      0x567 acpica/rscreate.32
                0x00000000c0022b82                AcpiBufferToResource
                0x00000000c0022c3d                AcpiRsCreateResourceList
                0x00000000c0022cd9                AcpiRsCreatePciRoutingTable
                0x00000000c0023060                AcpiRsCreateAmlResources
 .text          0x00000000c00230e9        0x0 acpica/rsdump.32
 .text          0x00000000c00230e9        0x0 acpica/rsdumpinfo.32
 .text          0x00000000c00230e9        0x0 acpica/rsinfo.32
 .text          0x00000000c00230e9        0x0 acpica/rsio.32
 .text          0x00000000c00230e9        0x0 acpica/rsirq.32
 .text          0x00000000c00230e9      0x2a0 acpica/rslist.32
                0x00000000c00230e9                AcpiRsConvertAmlToResources
                0x00000000c00231fd                AcpiRsConvertResourcesToAml
 .text          0x00000000c0023389        0x0 acpica/rsmemory.32
 .text          0x00000000c0023389      0xd8c acpica/rsmisc.32
                0x00000000c0023389                AcpiRsConvertAmlToResource
                0x00000000c0023b14                AcpiRsConvertResourceToAml
 .text          0x00000000c0024115        0x0 acpica/rsserial.32
 .text          0x00000000c0024115      0x61c acpica/rsutils.32
                0x00000000c0024115                AcpiRsDecodeBitmask
                0x00000000c0024163                AcpiRsEncodeBitmask
                0x00000000c00241b4                AcpiRsMoveData
                0x00000000c002428c                AcpiRsSetResourceLength
                0x00000000c00242e4                AcpiRsSetResourceHeader
                0x00000000c002435b                AcpiRsGetResourceSource
                0x00000000c0024434                AcpiRsSetResourceSource
                0x00000000c0024499                AcpiRsGetPrtMethodData
                0x00000000c00244ec                AcpiRsGetCrsMethodData
                0x00000000c002453f                AcpiRsGetPrsMethodData
                0x00000000c0024592                AcpiRsGetAeiMethodData
                0x00000000c00245e5                AcpiRsGetMethodData
                0x00000000c0024636                AcpiRsSetSrsMethodData
 .text          0x00000000c0024731      0x698 acpica/rsxface.32
                0x00000000c0024870                AcpiGetIrqRoutingTable
                0x00000000c00248b3                AcpiGetCurrentResources
                0x00000000c00248f6                AcpiGetPossibleResources
                0x00000000c0024939                AcpiSetCurrentResources
                0x00000000c002499c                AcpiGetEventResources
                0x00000000c00249df                AcpiResourceToAddress64
                0x00000000c0024c00                AcpiWalkResourceBuffer
                0x00000000c0024cbe                AcpiWalkResources
                0x00000000c0024d73                AcpiGetVendorResource
 .text          0x00000000c0024dc9      0xd8f acpica/tbdata.32
                0x00000000c0024dc9                AcpiTbInitTableDescriptor
                0x00000000c0024e28                AcpiTbAcquireTable
                0x00000000c0024eb0                AcpiTbReleaseTable
                0x00000000c0024f8c                AcpiTbAcquireTempTable
                0x00000000c0025053                AcpiTbValidateTable
                0x00000000c00250a3                AcpiTbInvalidateTable
                0x00000000c00250e6                AcpiTbReleaseTempTable
                0x00000000c00250fd                AcpiTbValidateTempTable
                0x00000000c00251e2                AcpiTbVerifyTempTable
                0x00000000c00253a8                AcpiTbResizeRootTableList
                0x00000000c002555a                AcpiTbGetNextTableDescriptor
                0x00000000c00255d7                AcpiTbTerminate
                0x00000000c0025677                AcpiTbDeleteNamespaceByOwner
                0x00000000c0025730                AcpiTbAllocateOwnerId
                0x00000000c0025798                AcpiTbReleaseOwnerId
                0x00000000c0025804                AcpiTbGetOwnerId
                0x00000000c002586a                AcpiTbIsTableLoaded
                0x00000000c00258ce                AcpiTbSetTableLoadedFlag
                0x00000000c002599a                AcpiTbNotifyTable
                0x00000000c00259c6                AcpiTbLoadTable
                0x00000000c0025a4f                AcpiTbInstallAndLoadTable
                0x00000000c0025ac4                AcpiTbUnloadTable
 .text          0x00000000c0025b58      0x8f3 acpica/tbfadt.32
                0x00000000c002627a                AcpiTbCreateLocalFadt
                0x00000000c002631d                AcpiTbParseFadt
 .text          0x00000000c002644b      0x27a acpica/tbfind.32
                0x00000000c002644b                AcpiTbFindTable
 .text          0x00000000c00266c5      0x47b acpica/tbinstal.32
                0x00000000c00266c5                AcpiTbUninstallTable
                0x00000000c0026732                AcpiTbOverrideTable
                0x00000000c00268b8                AcpiTbInstallTableWithOverride
                0x00000000c0026998                AcpiTbInstallStandardTable
 .text          0x00000000c0026b40      0x2ae acpica/tbprint.32
                0x00000000c0026be4                AcpiTbPrintTableHeader
                0x00000000c0026d3c                AcpiTbChecksum
                0x00000000c0026d6e                AcpiTbVerifyChecksum
 .text          0x00000000c0026dee      0x609 acpica/tbutils.32
                0x00000000c0026dee                AcpiTbInitializeFacs
                0x00000000c0026e92                AcpiTbCheckDsdtHeader
                0x00000000c0026f1c                AcpiTbCopyDsdt
                0x00000000c0027081                AcpiTbParseRootTable
                0x00000000c0027313                AcpiTbGetTable
                0x00000000c0027392                AcpiTbPutTable
 .text          0x00000000c00273f7      0x62b acpica/tbxface.32
                0x00000000c00273f7                AcpiAllocateRootTable
                0x00000000c0027413                AcpiInitializeTables
                0x00000000c00274dd                AcpiReallocateRootTable
                0x00000000c0027627                AcpiGetTableHeader
                0x00000000c00277a7                AcpiGetTable
                0x00000000c0027868                AcpiPutTable
                0x00000000c00278ea                AcpiGetTableByIndex
                0x00000000c002796a                AcpiInstallTableHandler
                0x00000000c00279cc                AcpiRemoveTableHandler
 .text          0x00000000c0027a22      0x519 acpica/tbxfload.32
                0x00000000c0027a22                AcpiTbLoadNamespace
                0x00000000c0027cc4                AcpiLoadTables
                0x00000000c0027d49                AcpiInstallTable
                0x00000000c0027d99                AcpiLoadTable
                0x00000000c0027dfa                AcpiUnloadParentTable
                0x00000000c0027f12                AcpiUnloadTable
 .text          0x00000000c0027f3b      0x2e0 acpica/tbxfroot.32
                0x00000000c0027f3b                AcpiTbGetRsdpLength
                0x00000000c0027f7b                AcpiTbValidateRsdp
                0x00000000c0027fe9                AcpiTbScanMemoryForRsdp
                0x00000000c0028031                AcpiFindRootPointer
 .text          0x00000000c002821b      0x31c acpica/utaddress.32
                0x00000000c002821b                AcpiUtAddAddressRange
                0x00000000c00282c5                AcpiUtRemoveAddressRange
                0x00000000c002834c                AcpiUtCheckAddressRange
                0x00000000c00284dd                AcpiUtDeleteAddressLists
 .text          0x00000000c0028537      0x28d acpica/utalloc.32
                0x00000000c0028537                AcpiOsAllocateZeroed
                0x00000000c002856c                AcpiUtCreateCaches
                0x00000000c0028630                AcpiUtDeleteCaches
                0x00000000c00286c4                AcpiUtValidateBuffer
                0x00000000c0028710                AcpiUtInitializeBuffer
 .text          0x00000000c00287c4       0xeb acpica/utascii.32
                0x00000000c00287c4                AcpiUtValidNameChar
                0x00000000c0028806                AcpiUtValidNameseg
                0x00000000c0028846                AcpiUtCheckAndRepairAscii
 .text          0x00000000c00288af      0x2b9 acpica/utbuffer.32
                0x00000000c00288af                AcpiUtDumpBuffer
                0x00000000c0028b30                AcpiUtDebugDumpBuffer
 .text          0x00000000c0028b68      0x2d4 acpica/utcache.32
                0x00000000c0028b68                AcpiOsCreateCache
                0x00000000c0028bf0                AcpiOsPurgeCache
                0x00000000c0028c70                AcpiOsDeleteCache
                0x00000000c0028ca7                AcpiOsReleaseObject
                0x00000000c0028d5a                AcpiOsAcquireObject
 .text          0x00000000c0028e3c      0x6ff acpica/utclib.32
                0x00000000c0028e3c                memcmp
                0x00000000c0028e94                memmove
                0x00000000c0028f01                memcpy
                0x00000000c0028f78                memset
                0x00000000c0028fa1                strlen
                0x00000000c0028fc4                strpbrk
                0x00000000c0029006                strtok
                0x00000000c0029094                strcpy
                0x00000000c00290c6                strncpy
                0x00000000c002911a                strcmp
                0x00000000c002915c                strchr
                0x00000000c0029185                strncmp
                0x00000000c00291e1                strcat
                0x00000000c0029222                strncat
                0x00000000c002927e                strstr
                0x00000000c00292d1                toupper
                0x00000000c00292f7                tolower
                0x00000000c002931d                simple_strtoul
 .text          0x00000000c002953b      0xaf8 acpica/utcopy.32
                0x00000000c0029898                AcpiUtCopyIobjectToEobject
                0x00000000c0029aca                AcpiUtCopyEobjectToIobject
                0x00000000c0029f98                AcpiUtCopyIobjectToIobject
 .text          0x00000000c002a033        0x0 acpica/utdebug.32
 .text          0x00000000c002a033      0x1db acpica/utdecode.32
                0x00000000c002a033                AcpiUtGetRegionName
                0x00000000c002a081                AcpiUtGetEventName
                0x00000000c002a09d                AcpiUtGetTypeName
                0x00000000c002a0b9                AcpiUtGetObjectTypeName
                0x00000000c002a0fe                AcpiUtGetNodeName
                0x00000000c002a159                AcpiUtGetDescriptorName
                0x00000000c002a18c                AcpiUtGetReferenceName
                0x00000000c002a1e1                AcpiUtGetMutexName
                0x00000000c002a1fd                AcpiUtValidObjectType
 .text          0x00000000c002a20e      0x83c acpica/utdelete.32
                0x00000000c002a20e                AcpiUtRemoveReference
                0x00000000c002a745                AcpiUtUpdateObjectReference
                0x00000000c002a9dc                AcpiUtAddReference
                0x00000000c002aa0d                AcpiUtDeleteInternalObjectList
 .text          0x00000000c002aa4a      0x28c acpica/uterror.32
                0x00000000c002aa4a                AcpiUtPredefinedWarning
                0x00000000c002aaaa                AcpiUtPredefinedInfo
                0x00000000c002ab0a                AcpiUtPredefinedBiosError
                0x00000000c002ab6a                AcpiUtPrefixedNamespaceError
                0x00000000c002ac3b                AcpiUtMethodError
 .text          0x00000000c002acd6      0x323 acpica/uteval.32
                0x00000000c002acd6                AcpiUtEvaluateObject
                0x00000000c002aeb1                AcpiUtEvaluateNumericObject
                0x00000000c002aefe                AcpiUtExecute_STA
                0x00000000c002af62                AcpiUtExecutePowerMethods
 .text          0x00000000c002aff9      0x124 acpica/utexcep.32
                0x00000000c002aff9                AcpiUtValidateException
                0x00000000c002b0db                AcpiFormatException
 .text          0x00000000c002b11d        0x0 acpica/utglobal.32
 .text          0x00000000c002b11d       0xea acpica/uthex.32
                0x00000000c002b11d                AcpiUtHexToAsciiChar
                0x00000000c002b169                AcpiUtAsciiCharToHex
                0x00000000c002b190                AcpiUtAsciiToHexByte
 .text          0x00000000c002b207      0x4eb acpica/utids.32
                0x00000000c002b207                AcpiUtExecute_HID
                0x00000000c002b2e7                AcpiUtExecute_UID
                0x00000000c002b3c7                AcpiUtExecute_CID
                0x00000000c002b5c0                AcpiUtExecute_CLS
 .text          0x00000000c002b6f2      0x344 acpica/utinit.32
                0x00000000c002b77a                AcpiUtInitGlobals
                0x00000000c002b9d9                AcpiUtSubsystemShutdown
 .text          0x00000000c002ba36      0x1c7 acpica/utlock.32
                0x00000000c002ba36                AcpiUtCreateRwLock
                0x00000000c002ba85                AcpiUtDeleteRwLock
                0x00000000c002bace                AcpiUtAcquireReadLock
                0x00000000c002bb49                AcpiUtReleaseReadLock
                0x00000000c002bbbb                AcpiUtAcquireWriteLock
                0x00000000c002bbe1                AcpiUtReleaseWriteLock
 .text          0x00000000c002bbfd      0x210 acpica/utmath.32
                0x00000000c002bbfd                AcpiUtShortMultiply
                0x00000000c002bc48                AcpiUtShortShiftLeft
                0x00000000c002bc91                AcpiUtShortShiftRight
                0x00000000c002bcda                AcpiUtShortDivide
                0x00000000c002bd6b                AcpiUtDivide
 .text          0x00000000c002be0d      0x2ca acpica/utmisc.32
                0x00000000c002be0d                AcpiUtIsPciRootBridge
                0x00000000c002be49                AcpiUtDwordByteSwap
                0x00000000c002be72                AcpiUtSetIntegerWidth
                0x00000000c002beb3                AcpiUtCreateUpdateStateAndPush
                0x00000000c002bf08                AcpiUtWalkPackageTree
 .text          0x00000000c002c0d7      0x371 acpica/utmutex.32
                0x00000000c002c142                AcpiUtMutexInitialize
                0x00000000c002c264                AcpiUtMutexTerminate
                0x00000000c002c2e1                AcpiUtAcquireMutex
                0x00000000c002c39c                AcpiUtReleaseMutex
 .text          0x00000000c002c448       0xd0 acpica/utnonansi.32
                0x00000000c002c448                AcpiUtStrlwr
                0x00000000c002c488                AcpiUtStrupr
                0x00000000c002c4c8                AcpiUtStricmp
 .text          0x00000000c002c518      0x5ff acpica/utobject.32
                0x00000000c002c518                AcpiUtValidInternalObject
                0x00000000c002c53c                AcpiUtAllocateObjectDescDbg
                0x00000000c002c585                AcpiUtDeleteObjectDesc
                0x00000000c002c5da                AcpiUtCreateInternalObjectDbg
                0x00000000c002c67c                AcpiUtCreatePackageObject
                0x00000000c002c6f0                AcpiUtCreateIntegerObject
                0x00000000c002c73c                AcpiUtCreateBufferObject
                0x00000000c002c7e3                AcpiUtCreateStringObject
                0x00000000c002cace                AcpiUtGetObjectSize
 .text          0x00000000c002cb17      0x4f3 acpica/utosi.32
                0x00000000c002cb17                AcpiUtInitializeInterfaces
                0x00000000c002cba1                AcpiUtInterfaceTerminate
                0x00000000c002cc72                AcpiUtInstallInterface
                0x00000000c002cd0b                AcpiUtRemoveInterface
                0x00000000c002cde1                AcpiUtUpdateInterfaces
                0x00000000c002ce72                AcpiUtGetInterface
                0x00000000c002ceb5                AcpiUtOsiImplementation
 .text          0x00000000c002d00a      0x246 acpica/utownerid.32
                0x00000000c002d00a                AcpiUtAllocateOwnerId
                0x00000000c002d16e                AcpiUtReleaseOwnerId
 .text          0x00000000c002d250       0xfd acpica/utpredef.32
                0x00000000c002d250                AcpiUtGetNextPredefinedMethod
                0x00000000c002d27a                AcpiUtMatchPredefinedMethod
                0x00000000c002d2cd                AcpiUtGetExpectedReturnTypes
 .text          0x00000000c002d34d      0x9ed acpica/utprint.32
                0x00000000c002d477                AcpiUtScanNumber
                0x00000000c002d4fa                AcpiUtPrintNumber
                0x00000000c002d7d0                vsnprintf
                0x00000000c002dce9                snprintf
                0x00000000c002dd12                sprintf
 .text          0x00000000c002dd3a        0x0 acpica/utresdecode.32
 .text          0x00000000c002dd3a      0x3ad acpica/utresrc.32
                0x00000000c002dd3a                AcpiUtGetResourceType
                0x00000000c002dd57                AcpiUtGetResourceLength
                0x00000000c002dd8a                AcpiUtValidateResource
                0x00000000c002df1d                AcpiUtGetResourceHeaderLength
                0x00000000c002df31                AcpiUtGetDescriptorLength
                0x00000000c002df5e                AcpiUtWalkAmlResources
                0x00000000c002e09d                AcpiUtGetResourceEndTag
 .text          0x00000000c002e0e7      0x1ce acpica/utstate.32
                0x00000000c002e0e7                AcpiUtPushGenericState
                0x00000000c002e0ff                AcpiUtPopGenericState
                0x00000000c002e122                AcpiUtCreateGenericState
                0x00000000c002e14e                AcpiUtCreateThreadState
                0x00000000c002e1d4                AcpiUtCreateUpdateState
                0x00000000c002e215                AcpiUtCreatePkgState
                0x00000000c002e261                AcpiUtCreateControlState
                0x00000000c002e291                AcpiUtDeleteGenericState
 .text          0x00000000c002e2b5      0x264 acpica/utstring.32
                0x00000000c002e2b5                AcpiUtPrintString
                0x00000000c002e47e                AcpiUtRepairName
 .text          0x00000000c002e519      0x425 acpica/utstrsuppt.32
                0x00000000c002e519                AcpiUtRemoveLeadingZeros
                0x00000000c002e53f                AcpiUtRemoveWhitespace
                0x00000000c002e574                AcpiUtRemoveHexPrefix
                0x00000000c002e5b1                AcpiUtDetectHexPrefix
                0x00000000c002e5df                AcpiUtDetectOctalPrefix
                0x00000000c002e7c4                AcpiUtConvertOctalString
                0x00000000c002e83e                AcpiUtConvertDecimalString
                0x00000000c002e8c1                AcpiUtConvertHexString
 .text          0x00000000c002e93e      0x238 acpica/utstrtoul64.32
                0x00000000c002e93e                AcpiUtStrtoul64
                0x00000000c002ea50                AcpiUtImplicitStrtoul64
                0x00000000c002eacc                AcpiUtExplicitStrtoul64
 .text          0x00000000c002eb76        0x0 acpica/uttrack.32
 .text          0x00000000c002eb76        0x0 acpica/utuuid.32
 .text          0x00000000c002eb76      0x641 acpica/utxface.32
                0x00000000c002eb76                AcpiTerminate
                0x00000000c002eb93                AcpiSubsystemStatus
                0x00000000c002ebab                AcpiGetSystemInfo
                0x00000000c002ec61                AcpiGetStatistics
                0x00000000c002ecb7                AcpiInstallInitializationHandler
                0x00000000c002ece6                AcpiPurgeCachedObjects
                0x00000000c002ed37                AcpiInstallInterface
                0x00000000c002edf8                AcpiRemoveInterface
                0x00000000c002ee6c                AcpiInstallInterfaceHandler
                0x00000000c002eed0                AcpiUpdateInterfaces
                0x00000000c002ef2d                AcpiCheckAddressRange
                0x00000000c002ef9d                AcpiDecodePldBuffer
 .text          0x00000000c002f1b7      0x245 acpica/utxferror.32
                0x00000000c002f1b7                AcpiError
                0x00000000c002f200                AcpiException
                0x00000000c002f270                AcpiWarning
                0x00000000c002f2b9                AcpiInfo
                0x00000000c002f2fa                AcpiBiosError
                0x00000000c002f343                AcpiBiosException
                0x00000000c002f3b3                AcpiBiosWarning
 .text          0x00000000c002f3fc      0x218 acpica/utxfinit.32
                0x00000000c002f3fc                AcpiInitializeSubsystem
                0x00000000c002f4fa                AcpiEnableSubsystem
                0x00000000c002f5c5                AcpiInitializeObjects
 .text          0x00000000c002f614      0x129 acpica/utxfmutex.32
                0x00000000c002f6a8                AcpiAcquireMutex
                0x00000000c002f6f9                AcpiReleaseMutex
 .text          0x00000000c002f73d      0xfd0 core/malloc.32
                0x00000000c002f8a8                dlfree
                0x00000000c002fc05                dlmalloc
                0x00000000c0030151                dlrealloc
                0x00000000c0030306                dlmemalign
                0x00000000c0030429                dlcalloc
                0x00000000c00304c3                dlcfree
                0x00000000c00304c8                dlindependent_calloc
                0x00000000c00304ed                dlindependent_comalloc
                0x00000000c0030504                dlvalloc
                0x00000000c003052f                dlpvalloc
                0x00000000c0030565                dlmalloc_trim
                0x00000000c0030572                dlmalloc_usable_size
                0x00000000c00305a3                dlmallinfo
                0x00000000c0030672                dlmalloc_stats
                0x00000000c0030683                dlmallopt
 .text          0x00000000c003070d        0x0 libk/string.32
 .text          0x00000000c003070d       0x51 fs/fat/diskio.32
                0x00000000c003070d                disk_status
                0x00000000c0030710                disk_initialize
                0x00000000c0030713                disk_read
                0x00000000c0030729                disk_write
                0x00000000c003073f                disk_ioctl
 .text          0x00000000c003075e     0x681b fs/fat/ff.32
                0x00000000c0033a27                f_mount
                0x00000000c0033a85                f_open
                0x00000000c0033ebd                f_read
                0x00000000c003413d                f_write
                0x00000000c00343f7                f_sync
                0x00000000c00345cf                f_close
                0x00000000c00345fe                f_lseek
                0x00000000c0034ab5                f_opendir
                0x00000000c0034bb7                f_closedir
                0x00000000c0034bd9                f_readdir
                0x00000000c0034c74                f_stat
                0x00000000c0034d03                f_getfree
                0x00000000c0034ece                f_truncate
                0x00000000c0034fc6                f_unlink
                0x00000000c003514a                f_mkdir
                0x00000000c0035376                f_rename
                0x00000000c0035665                f_chmod
                0x00000000c0035743                f_utime
                0x00000000c0035821                f_getlabel
                0x00000000c0035a0f                f_setlabel
                0x00000000c0035c78                f_forward
                0x00000000c0035e56                f_mkfs
 .text          0x00000000c0036f79       0x2d fs/fat/ffsystem.32
                0x00000000c0036f79                ff_memalloc
                0x00000000c0036f8f                ff_memfree
 .text          0x00000000c0036fa6      0x253 fs/fat/ffunicode.32
                0x00000000c0036fa6                ff_uni2oem
                0x00000000c0037036                ff_oem2uni
                0x00000000c00370a2                ff_wtoupper
 .text          0x00000000c00371f9      0xc07 hal/libresample/samplerate.32
                0x00000000c003723d                src_delete
                0x00000000c0037298                src_process
                0x00000000c0037487                src_callback_read
                0x00000000c00376c1                src_set_ratio
                0x00000000c0037733                src_get_channels
                0x00000000c0037774                src_reset
                0x00000000c00377e6                src_get_name
                0x00000000c0037852                src_get_description
                0x00000000c00378be                src_get_version
                0x00000000c00378c4                src_is_valid_ratio
                0x00000000c00378fa                src_error
                0x00000000c003790f                src_strerror
                0x00000000c00379c0                src_short_to_float_array
                0x00000000c0037a12                src_float_to_short_array
                0x00000000c0037ac2                src_int_to_float_array
                0x00000000c0037b13                src_float_to_int_array
                0x00000000c0037c33                src_new
                0x00000000c0037d07                src_callback_new
                0x00000000c0037d9b                src_simple
 .text          0x00000000c0037e00      0x7bb hal/libresample/src_linear.32
                0x00000000c00384bc                linear_get_name
                0x00000000c00384cf                linear_get_description
                0x00000000c00384e2                linear_set_converter
 .text          0x00000000c00385bb     0x3a11 hal/libresample/src_sinc.32
                0x00000000c0039ff5                sinc_get_name
                0x00000000c003a022                sinc_get_description
                0x00000000c003a051                sinc_set_converter
 .text          0x00000000c003bfcc      0x743 hal/libresample/src_zoh.32
                0x00000000c003c610                zoh_get_name
                0x00000000c003c623                zoh_get_description
                0x00000000c003c636                zoh_set_converter
 .text          0x00000000c003c70f     0x1053 acpica/osl.32
                0x00000000c003c70f                Subhandler
                0x00000000c003c74b                isblank
                0x00000000c003c763                iscntrl
                0x00000000c003c77b                isdigit
                0x00000000c003c793                islower
                0x00000000c003c7ab                isspace
                0x00000000c003c7cc                isupper
                0x00000000c003c7e4                isalpha
                0x00000000c003c80e                isalnum
                0x00000000c003c838                ispunct
                0x00000000c003c872                isgraph
                0x00000000c003c89c                isprint
                0x00000000c003c8bd                isxdigit
                0x00000000c003c8f3                AcpiOsInitialize
                0x00000000c003c8f9                AcpiOsTerminate
                0x00000000c003c8ff                AcpiOsGetRootPointer
                0x00000000c003c92e                AcpiOsPredefinedOverride
                0x00000000c003c952                AcpiOsTableOverride
                0x00000000c003c962                AcpiOsPhysicalTableOverride
                0x00000000c003c979                AcpiOsReadPort
                0x00000000c003ca0a                AcpiOsWritePort
                0x00000000c003ca95                AcpiOsGetTimer
                0x00000000c003cab5                AcpiOsWaitEventsComplete
                0x00000000c003cacd                AcpiOsReadPciConfiguration
                0x00000000c003cb95                AcpiOsWritePciConfiguration
                0x00000000c003cc77                AcpiOsSignal
                0x00000000c003ccad                AcpiOsReadMemory
                0x00000000c003cd79                AcpiOsEnterSleep
                0x00000000c003cd8c                AcpiOsWriteMemory
                0x00000000c003ce40                AcpiOsMapMemory
                0x00000000c003cf39                AcpiOsUnmapMemory
                0x00000000c003cf3b                AcpiOsGetPhysicalAddress
                0x00000000c003cf6b                AcpiOsAllocate
                0x00000000c003cf89                AcpiOsFree
                0x00000000c003cfa0                AcpiOsReadable
                0x00000000c003cfb9                AcpiOsWritable
                0x00000000c003cfd2                AcpiOsGetThreadId
                0x00000000c003cfdd                AcpiOsExecute
                0x00000000c003cff9                AcpiOsSleep
                0x00000000c003d03f                AcpiOsStall
                0x00000000c003d099                AcpiOsCreateSemaphore
                0x00000000c003d0e0                AcpiOsDeleteSemaphore
                0x00000000c003d0fd                AcpiOsWaitSemaphore
                0x00000000c003d1d1                AcpiOsSignalSemaphore
                0x00000000c003d1fa                AcpiOsCreateLock
                0x00000000c003d227                AcpiOsDeleteLock
                0x00000000c003d229                AcpiOsAcquireLock
                0x00000000c003d23f                AcpiOsReleaseLock
                0x00000000c003d25a                AcpiOsInstallInterruptHandler
                0x00000000c003d2b9                AcpiOsRemoveInterruptHandler
                0x00000000c003d2d5                __i__int_str
                0x00000000c003d692                __i_displayCharacter
                0x00000000c003d6e8                __i_displayString
                0x00000000c003d739                __i_internal_printf
                0x00000000c003d73f                AcpiOsVprintf
                0x00000000c003d741                AcpiOsPrintf
 .text          0x00000000c003d762      0xc10 core/computer.32
                0x00000000c003d762                Computer::close(int, int, void*)
                0x00000000c003d7aa                Computer::Computer()
                0x00000000c003d7aa                Computer::Computer()
                0x00000000c003d906                Computer::setBootMessage(char const*)
                0x00000000c003d908                Computer::start()
                0x00000000c003dad7                firstTask()
                0x00000000c003daf2                Computer::detectFeatures()
                0x00000000c003dfb0                Computer::displayFeatures()
                0x00000000c003dfb2                Computer::rdmsr(unsigned int)
                0x00000000c003dfee                Computer::wrmsr(unsigned int, unsigned long long)
                0x00000000c003e02e                Computer::nmiEnabled()
                0x00000000c003e03c                Computer::readCMOS(unsigned char)
                0x00000000c003e080                Computer::enableNMI(bool)
                0x00000000c003e0ac                Computer::open(int, int, void*)
                0x00000000c003e208                Computer::disableNMI()
                0x00000000c003e222                Computer::writeCMOS(unsigned char, unsigned char)
                0x00000000c003e272                Computer::handleNMI()
                0x00000000c003e2fc                Computer::setDiskActivityLight(int, bool)
 .text          0x00000000c003e372      0xe65 core/elf.32
                0x00000000c003e372                allocateMemoryForTask(Process*, File*, unsigned long, unsigned long, unsigned long)
                0x00000000c003e5ef                loadProgramIntoMemory(Process*, char const*)
                0x00000000c003e813                runtimeReferenceHelper()
                0x00000000c003e826                getAddressOfKernelSymbol(char const*)
                0x00000000c003e875                loadKernelSymbolTable(char const*)
                0x00000000c003eb3d                loadDriverIntoMemory(char const*, unsigned long)
                0x00000000c003f100                loadDLL(char const*)
                0x00000000c003f1c9                executeDLL(unsigned long, void*)
 *fill*         0x00000000c003f1d7        0x1 
 .text          0x00000000c003f1d8      0x19f core/gdt.32
                0x00000000c003f1d8                GDTEntry::setBase(unsigned int)
                0x00000000c003f1f4                GDTEntry::setLimit(unsigned int)
                0x00000000c003f214                GDT::GDT()
                0x00000000c003f214                GDT::GDT()
                0x00000000c003f22a                GDT::addEntry(GDTEntry)
                0x00000000c003f24c                GDT::getNumberOfEntries()
                0x00000000c003f254                GDT::flush()
                0x00000000c003f276                GDT::setup()
 .text          0x00000000c003f377       0x61 core/idle.32
                0x00000000c003f377                idleFunction(void*)
 .text          0x00000000c003f3d8      0x3dd core/idt.32
                0x00000000c003f3d8                IDTEntry::IDTEntry(bool)
                0x00000000c003f3d8                IDTEntry::IDTEntry(bool)
                0x00000000c003f446                IDTEntry::setOffset(unsigned int)
                0x00000000c003f45a                IDT::IDT()
                0x00000000c003f45a                IDT::IDT()
                0x00000000c003f45c                IDT::getPointerToInvalidOpcodeEntryForF00F()
                0x00000000c003f464                IDT::addEntry(IDTEntry, int)
                0x00000000c003f47e                IDT::addEntry(int, void (*)(), bool)
                0x00000000c003f4b6                IDT::flush()
                0x00000000c003f4d0                IDT::setup()
 .text          0x00000000c003f7b5      0x6fa core/kconsole.32
                0x00000000c003f7b5                stringifyxWithBase(unsigned int, char*, int)
                0x00000000c003f84c                logc(char)
                0x00000000c003f893                logs(char*)
                0x00000000c003f8c1                logWriteInt(unsigned int)
                0x00000000c003f8e7                logWriteIntBase(unsigned int, int)
                0x00000000c003f90e                kprintf(char const*, ...)
                0x00000000c003fa72                panic(char const*)
 .text          0x00000000c003feaf      0x1d6 core/kheap.32
                0x00000000c003feaf                sbrk
                0x00000000c003ff90                mmap
                0x00000000c003ffa6                munmap
                0x00000000c003ffbc                liballoc_lock()
                0x00000000c003ffcd                liballoc_unlock()
                0x00000000c003ffde                liballoc_alloc(int)
                0x00000000c003fff9                liballoc_free(void*, int)
                0x00000000c0040017                realloc
                0x00000000c004002b                malloc
                0x00000000c004003b                free
                0x00000000c004004b                rfree
                0x00000000c004005b                calloc
 .text          0x00000000c0040085      0x647 core/main.32
                0x00000000c0040085                hwTextMode_loadInData(VgaText*)
                0x00000000c00400e9                hwTextMode_loadInTitle(VgaText*, char*)
                0x00000000c004014b                hwTextMode_update(VgaText*)
                0x00000000c004014d                hwTextMode_scrollScreen(VgaText*)
                0x00000000c0040247                hwTextMode_writeCharacter(VgaText*, char, VgaColour, VgaColour, int, int)
                0x00000000c00402ce                hwTextMode_updateCursor(VgaText*)
                0x00000000c004036d                hwTextMode_showCursor(VgaText*, bool)
                0x00000000c0040434                hwTextMode_disableBlink(VgaText*, bool)
                0x00000000c00404e3                setupTextMode()
                0x00000000c0040535                kernel_main
 .text          0x00000000c00406cc      0x67d core/physmgr.32
                0x00000000c00406cc                PhysMem::allocateDMA(unsigned long)
                0x00000000c00407d2                PhysMem::freeDMA(unsigned long, unsigned long)
                0x00000000c004083b                PhysMem::setPageState(unsigned long, bool)
                0x00000000c00408c2                PhysMem::getPageState(unsigned long)
                0x00000000c0040902                PhysMem::freePage(unsigned long)
                0x00000000c00409b5                PhysMem::allocatePage()
                0x00000000c0040aa6                PhysMem::allowSegmentToBeUsed(unsigned long, unsigned long)
                0x00000000c0040af9                PhysMem::physicalMemorySetup(unsigned int)
 *fill*         0x00000000c0040d49        0x3 
 .text          0x00000000c0040d4c      0x273 core/pipe.32
                0x00000000c0040d4c                Pipe::isAtty()
                0x00000000c0040d50                Pipe::~Pipe()
                0x00000000c0040d50                Pipe::~Pipe()
                0x00000000c0040d74                Pipe::~Pipe()
                0x00000000c0040d9c                Pipe::read(unsigned long long, void*, int*)
                0x00000000c0040e90                Pipe::write(unsigned long long, void*, int*)
                0x00000000c0040f58                Pipe::Pipe(int)
                0x00000000c0040f58                Pipe::Pipe(int)
 *fill*         0x00000000c0040fbf        0x1 
 .text          0x00000000c0040fc0     0x1859 core/prcssthr.32
                0x00000000c0040fc0                changeTSS
                0x00000000c0040ff8                Process::addArgs(char**)
                0x00000000c00410de                Process::Process(char const*, Process*, char**)
                0x00000000c00410de                Process::Process(char const*, Process*, char**)
                0x00000000c0041296                Process::Process(bool, char const*, Process*, char**)
                0x00000000c0041296                Process::Process(bool, char const*, Process*, char**)
                0x00000000c0041419                disableIRQs()
                0x00000000c0041427                getIRQNestingLevel()
                0x00000000c004142d                enableIRQs()
                0x00000000c0041444                lockScheduler()
                0x00000000c0041452                unlockScheduler()
                0x00000000c0041460                userModeEntryPoint(void*)
                0x00000000c004148b                lockStuff()
                0x00000000c00414a4                taskStartupFunction
                0x00000000c00414af                updateTimeUsed()
                0x00000000c0041548                switchToThread(ThreadControlBlock*)
                0x00000000c00415b2                Semaphore::Semaphore(int)
                0x00000000c00415b2                Semaphore::Semaphore(int)
                0x00000000c00415e0                Mutex::Mutex()
                0x00000000c00415e0                Mutex::Mutex()
                0x00000000c00415f2                Process::createThread(void (*)(void*), void*, int)
                0x00000000c004180a                Process::createUserThread()
                0x00000000c0041829                setupMultitasking(void (*)())
                0x00000000c0041998                schedule()
                0x00000000c0041a44                unlockStuff()
                0x00000000c0041a7e                forkProcess(regs*)
                0x00000000c0041c86                Semaphore::tryAcquire()
                0x00000000c0041cc2                Semaphore::assertLocked(char const*)
                0x00000000c0041cf2                blockTaskWithSchedulerLockAlreadyHeld(TaskState)
                0x00000000c0041d3e                blockTask(TaskState)
                0x00000000c0041d63                waitTask(int, int*, int)
                0x00000000c0041dc0                nanoSleepUntil(unsigned long long)
                0x00000000c0041e2e                nanoSleep(unsigned long long)
                0x00000000c0041e6a                sleep(unsigned long long)
                0x00000000c0041eaa                Semaphore::acquire()
                0x00000000c0041f2e                execveProcess(char const*, char* const*, char* const*)
                0x00000000c0041ff0                taskReturned
                0x00000000c0042032                unblockTask(ThreadControlBlock*)
                0x00000000c0042107                cleanupTerminatedTask(ThreadControlBlock*)
                0x00000000c00425de                cleanerTaskFunction(void*)
                0x00000000c0042678                terminateTask(int)
                0x00000000c0042714                Semaphore::release()
 .text          0x00000000c0042819     0x15ba core/syscalls.32
                0x00000000c0042819                sysCallGetPID(regs*)
                0x00000000c0042827                sysCallSeekDir(regs*)
                0x00000000c0042832                sysCallTellDir(regs*)
                0x00000000c004283d                sysCallVerify(regs*)
                0x00000000c004284d                sysCallGetArgc(regs*)
                0x00000000c004285f                sysFormatDisk(regs*)
                0x00000000c004290f                sysSetDiskVolumeLabel(regs*)
                0x00000000c00429a1                sysGetDiskVolumeLabel(regs*)
                0x00000000c0042a4e                sysShutdown(regs*)
                0x00000000c0042abb                sysCallWrite(regs*)
                0x00000000c0042b55                sysCallRead(regs*)
                0x00000000c0042bef                sysCallReadDir(regs*)
                0x00000000c0042ca9                sysCallIsATTY(regs*)
                0x00000000c0042d14                sysCallGetCwd(regs*)
                0x00000000c0042d45                sysCallSetCwd(regs*)
                0x00000000c0042d6d                sysCallRealpath(regs*)
                0x00000000c0042dce                sysCallOpen(regs*)
                0x00000000c0042f7c                sysCallSeek(regs*)
                0x00000000c0042ff1                sysCallTell(regs*)
                0x00000000c0043060                sysCallSizeFromFilename(regs*)
                0x00000000c004311a                sysCallSize(regs*)
                0x00000000c004318f                sysCallClose(regs*)
                0x00000000c00431fd                sysCallOpenDir(regs*)
                0x00000000c00432b0                sysCallMakeDir(regs*)
                0x00000000c004334b                sysCallCloseDir(regs*)
                0x00000000c00433b9                sysCallWait(regs*)
                0x00000000c00433e6                sysCallFork(regs*)
                0x00000000c004340d                sysCallExecve(regs*)
                0x00000000c0043478                sysCallRmdir(regs*)
                0x00000000c0043504                sysCallUnlink(regs*)
                0x00000000c0043590                sysCallGetArgv(regs*)
                0x00000000c004362b                sysCallTTYName(regs*)
                0x00000000c00436e4                sysCallGetEnv(regs*)
                0x00000000c0043750                sysCallUSleep(regs*)
                0x00000000c00437d5                sysCallSpawn(regs*)
                0x00000000c0043880                sysAppSettings(regs*)
                0x00000000c0043a1a                sysSetFatAttrib(regs*)
                0x00000000c0043abd                sysPanic(regs*)
                0x00000000c0043af1                sysPipe(regs*)
                0x00000000c0043b68                sysGetUnixTime(regs*)
                0x00000000c0043b87                string_ends_with(char const*, char const*)
                0x00000000c0043be2                setupSystemCalls()
                0x00000000c0043d91                systemCall(regs*, void*)
 *fill*         0x00000000c0043dd3        0x1 
 .text          0x00000000c0043dd4      0xf53 core/terminal.32
                0x00000000c0043dd4                VgaText::isAtty()
                0x00000000c0043dd8                VgaText::~VgaText()
                0x00000000c0043dd8                VgaText::~VgaText()
                0x00000000c0043dfc                VgaText::~VgaText()
                0x00000000c0043e26                VgaText::read(unsigned long long, void*, int*)
                0x00000000c0043e46                setTerminalScrollLock(bool)
                0x00000000c0043e47                addToTerminalCycle(VgaText*)
                0x00000000c0043e74                installVgaTextImplementation()
                0x00000000c0043e89                scrollTerminalScrollLock(int)
                0x00000000c0043e8a                VgaText::load()
                0x00000000c0043ede                VgaText::updateCursor()
                0x00000000c0043ef8                VgaText::showCursor(bool)
                0x00000000c0043f08                VgaText::disableBlink(bool)
                0x00000000c0043f42                VgaText::doANSI_SGR(int)
                0x00000000c0043fce                VgaText::setDefaultBgColour(VgaColour)
                0x00000000c0043fe4                VgaText::setDefaultFgColour(VgaColour)
                0x00000000c0043ffa                VgaText::setDefaultColours(VgaColour, VgaColour)
                0x00000000c004401a                VgaText::combineColours(unsigned char, unsigned char)
                0x00000000c004402c                VgaText::scrollScreen()
                0x00000000c00440c0                VgaText::combineCharAndColour(char, unsigned char)
                0x00000000c00440d2                VgaText::writeCharacter(char, VgaColour, VgaColour, int, int)
                0x00000000c0044132                VgaText::getCursorX()
                0x00000000c004413e                VgaText::getCursorY()
                0x00000000c004414a                VgaText::setCursor(int, int)
                0x00000000c0044168                VgaText::setCursorX(int)
                0x00000000c0044184                VgaText::setCursorY(int)
                0x00000000c00441a0                VgaText::incrementCursor(bool)
                0x00000000c0044208                VgaText::updateRAMUsageDisplay(int)
                0x00000000c0044262                VgaText::updateDiskUsage()
                0x00000000c00443b4                VgaText::updateTitle()
                0x00000000c00443fa                VgaText::setTitleTextColour(VgaColour)
                0x00000000c004440a                VgaText::setTitleColour(VgaColour)