Archive member included to satisfy reference by file (symbol)

/cygdrive/d/Users/Alex/Desktop/Toolchain/Output/bin/../lib/gcc/i386-banana/8.1.0/libkgcc.a(_divdi3.o)
                              fs/fat/ff.32 (__divdi3)
/cygdrive/d/Users/Alex/Desktop/Toolchain/Output/bin/../lib/gcc/i386-banana/8.1.0/libkgcc.a(_moddi3.o)
                              compat/resolve.32 (__moddi3)
/cygdrive/d/Users/Alex/Desktop/Toolchain/Output/bin/../lib/gcc/i386-banana/8.1.0/libkgcc.a(_udivdi3.o)
                              fs/fat/ff.32 (__udivdi3)
/cygdrive/d/Users/Alex/Desktop/Toolchain/Output/bin/../lib/gcc/i386-banana/8.1.0/libkgcc.a(_umoddi3.o)
                              compat/resolve.32 (__umoddi3)
D:/Users/Alex/Desktop/Banana/kernel/libsoftfp.a(sfieeelib.o)
                              hal/libresample/src_linear.32 (__subsf3)
D:/Users/Alex/Desktop/Banana/kernel/libsoftfp.a(dfieeelib.o)
                              hal/libresample/src_linear.32 (__adddf3)
D:/Users/Alex/Desktop/Banana/kernel/libsoftfp.a(sfdfcvt.o)
                              hal/libresample/samplerate.32 (__truncdfsf2)
D:/Users/Alex/Desktop/Banana/kernel/libk/libm32.a(s_fabs.c.o)
                              hal/libresample/samplerate.32 (fabs)
D:/Users/Alex/Desktop/Banana/kernel/libk/libm32.a(s_lrint.S.o)
                              hal/libresample/samplerate.32 (lrint)
D:/Users/Alex/Desktop/Banana/kernel/libk/libm32.a(s_lrintf.S.o)
                              hal/sound/sndhw.32 (lrintf)

Discarded input sections

 .comment       0x0000000000000000       0x12 /cygdrive/d/Users/Alex/Desktop/Toolchain/Output/bin/../lib/gcc/i386-banana/8.1.0/crtbegin.o
 .comment       0x0000000000000000       0x12 acpica/utclib.32
 .comment       0x0000000000000000       0x12 core/malloc.32
 .comment       0x0000000000000000       0x12 libk/string.32
 .comment       0x0000000000000000       0x12 fs/fat/diskio.32
 .comment       0x0000000000000000       0x12 fs/fat/ff.32
 .comment       0x0000000000000000       0x12 fs/fat/ffsystem.32
 .comment       0x0000000000000000       0x12 fs/fat/ffunicode.32
 .comment       0x0000000000000000       0x12 hal/libresample/samplerate.32
 .comment       0x0000000000000000       0x12 hal/libresample/src_linear.32
 .comment       0x0000000000000000       0x12 hal/libresample/src_sinc.32
 .comment       0x0000000000000000       0x12 hal/libresample/src_zoh.32
 .comment       0x0000000000000000       0x12 compat/inlines.32
 .comment       0x0000000000000000       0x12 compat/resolve.32
 .group         0x0000000000000000       0x14 core/computer.32
 .group         0x0000000000000000        0xc core/computer.32
 .comment       0x0000000000000000       0x12 core/computer.32
 .comment       0x0000000000000000       0x12 core/gdt.32
 .group         0x0000000000000000        0xc core/idle.32
 .comment       0x0000000000000000       0x12 core/idle.32
 .comment       0x0000000000000000       0x12 core/idt.32
 .comment       0x0000000000000000       0x12 core/kheap.32
 .comment       0x0000000000000000       0x12 core/main.32
 .comment       0x0000000000000000       0x12 core/physmgr.32
 .group         0x0000000000000000        0xc core/pipe.32
 .comment       0x0000000000000000       0x12 core/pipe.32
 .group         0x0000000000000000        0xc core/terminal.32
 .comment       0x0000000000000000       0x12 core/terminal.32
 .comment       0x0000000000000000       0x12 core/tss.32
 .group         0x0000000000000000        0x8 core/unixfile.32
 .group         0x0000000000000000        0x8 core/unixfile.32
 .group         0x0000000000000000        0xc core/unixfile.32
 .group         0x0000000000000000        0x8 core/unixfile.32
 .group         0x0000000000000000        0xc core/unixfile.32
 .group         0x0000000000000000        0x8 core/unixfile.32
 .group         0x0000000000000000        0xc core/unixfile.32
 .group         0x0000000000000000        0xc core/unixfile.32
 .comment       0x0000000000000000       0x12 core/unixfile.32
 .comment       0x0000000000000000       0x12 core/virtmgr.32
 .comment       0x0000000000000000       0x12 coreobjs/c++.32
 .comment       0x0000000000000000       0x12 dbg/kconsole.32
 .group         0x0000000000000000        0xc fs/vfs.32
 .group         0x0000000000000000        0xc fs/vfs.32
 .group         0x0000000000000000        0xc fs/vfs.32
 .comment       0x0000000000000000       0x12 fs/vfs.32
 .group         0x0000000000000000        0xc hal/bus.32
 .comment       0x0000000000000000       0x12 hal/bus.32
 .group         0x0000000000000000        0xc hal/buzzer.32
 .comment       0x0000000000000000       0x12 hal/buzzer.32
 .group         0x0000000000000000        0xc hal/clock.32
 .comment       0x0000000000000000       0x12 hal/clock.32
 .group         0x0000000000000000       0x14 hal/device.32
 .group         0x0000000000000000        0xc hal/device.32
 .group         0x0000000000000000        0x8 hal/device.32
 .group         0x0000000000000000        0xc hal/device.32
[...]
Memory Configuration

Name             Origin             Length             Attributes
*default*        0x0000000000000000 0xffffffffffffffff

Linker script and memory map

LOAD D:/Users/Alex/Desktop/Banana/kernel/boot.32
LOAD crti.32
LOAD /cygdrive/d/Users/Alex/Desktop/Toolchain/Output/bin/../lib/gcc/i386-banana/8.1.0/crtbegin.o
LOAD D:/Users/Alex/Desktop/Banana/kernel/morenasm.32
LOAD acpica/utclib.32
LOAD core/malloc.32
LOAD libk/string.32
LOAD fs/fat/diskio.32
LOAD fs/fat/ff.32
LOAD fs/fat/ffsystem.32
LOAD fs/fat/ffunicode.32
LOAD hal/libresample/samplerate.32
LOAD hal/libresample/src_linear.32
LOAD hal/libresample/src_sinc.32
LOAD hal/libresample/src_zoh.32
LOAD compat/inlines.32
LOAD compat/resolve.32
LOAD core/computer.32
LOAD core/gdt.32
LOAD core/idle.32
LOAD core/idt.32
LOAD core/kheap.32
LOAD core/main.32
LOAD core/physmgr.32
LOAD core/pipe.32
LOAD core/terminal.32
LOAD core/tss.32
LOAD core/unixfile.32
LOAD core/virtmgr.32
LOAD coreobjs/c++.32
LOAD dbg/kconsole.32
LOAD fs/vfs.32
LOAD hal/bus.32
LOAD hal/buzzer.32
LOAD hal/clock.32
LOAD hal/device.32
LOAD hal/diskctrl.32
LOAD hal/diskphys.32
LOAD hal/fpu.32
LOAD hal/intctrl.32
LOAD hal/keybrd.32
LOAD hal/logidisk.32
LOAD hal/mouse.32
LOAD hal/partition.32
LOAD hal/serial.32
LOAD hal/timer.32
LOAD hal/vcache.32
LOAD hal/video.32
LOAD hw/acpi.32
LOAD hw/cpu.32
LOAD hw/ports.32
LOAD hw/smp.32
LOAD krnl/env.32
LOAD krnl/panic.32
LOAD net/ethernet.32
LOAD reg/registry.32
LOAD sys/sc_eject.32
LOAD sys/sc_exit.32
LOAD sys/sc_getcwd.32
LOAD sys/sc_getpid.32
LOAD sys/sc_getramdata.32
LOAD sys/sc_getvgaptr.32
LOAD sys/sc_loaddll.32
LOAD sys/sc_read.32
LOAD sys/sc_sbrk.32
LOAD sys/sc_setcwd.32
LOAD sys/sc_settime.32
LOAD sys/sc_timezone.32
LOAD sys/sc_write.32
LOAD sys/sc_wsbe.32
LOAD sys/sc_yield.32
LOAD sys/syscalls.32
LOAD thr/elf.32
LOAD thr/prcssthr.32
LOAD vm86/vm8086.32
LOAD vm86/x87em.32
LOAD fs/fat/vfslink.32
LOAD fs/iso9660/vfslink.32
LOAD hal/sound/sndchannel.32
LOAD hal/sound/sndhw.32
LOAD hw/bus/isa.32
LOAD hw/bus/pci.32
LOAD hw/diskctrl/ide.32
LOAD hw/diskctrl/satabus.32
LOAD hw/diskphys/ata.32
LOAD hw/diskphys/atapi.32
LOAD hw/diskphys/sata.32
LOAD hw/diskphys/satapi.32
LOAD hw/fpu/avx.32
LOAD hw/fpu/mmx.32
LOAD hw/fpu/sse.32
LOAD hw/fpu/x87.32
LOAD hw/intctrl/apic.32
LOAD hw/intctrl/pic.32
LOAD hw/timer/apictimer.32
LOAD hw/timer/pit.32
LOAD hw/fpu/x86/avx.32
LOAD hw/fpu/x86/sse.32
LOAD hw/fpu/x86/x87.32
LOAD /cygdrive/d/Users/Alex/Desktop/Toolchain/Output/bin/../lib/gcc/i386-banana/8.1.0/crtend.o
LOAD crtn.32
LOAD /cygdrive/d/Users/Alex/Desktop/Toolchain/Output/bin/../lib/gcc/i386-banana/8.1.0/libkgcc.a
LOAD D:/Users/Alex/Desktop/Banana/kernel/libsoftfp.a
LOAD D:/Users/Alex/Desktop/Banana/kernel/libk/libm32.a
                0x00000000c0000000                . = 0xc0000000

.text           0x00000000c0000000    0x281e8
 *(.text)
 .text          0x00000000c0000000       0x41 D:/Users/Alex/Desktop/Banana/kernel/boot.32
                0x00000000c0000020                callGlobalConstructors
 .text          0x00000000c0000041        0x0 crti.32
 *fill*         0x00000000c0000041        0x3 
 .text          0x00000000c0000044      0x101 /cygdrive/d/Users/Alex/Desktop/Toolchain/Output/bin/../lib/gcc/i386-banana/8.1.0/crtbegin.o
 *fill*         0x00000000c0000145        0xb 
 .text          0x00000000c0000150      0x4fb D:/Users/Alex/Desktop/Banana/kernel/morenasm.32
                0x00000000c0000150                manualPCIProbe
                0x00000000c000019b                prepareTramp
                0x00000000c00001b4                voodooXADD
                0x00000000c000027f                doTPAUSE
                0x00000000c0000289                hasLegacyFPU
                0x00000000c00002ae                is486
                0x00000000c00002e4                detectCPUID
                0x00000000c00002fa                goToVM86
                0x00000000c000032a                goToUsermode
                0x00000000c0000354                switchToThreadASMFirstTime
                0x00000000c0000362                switchToThreadASM
                0x00000000c00003f2                asmQuickAcquireLock
                0x00000000c0000410                asmQuickReleaseLock
                0x00000000c000041c                asmAcquireLock
                0x00000000c000043d                asmReleaseLock
                0x00000000c0000450                loadGDT
                0x00000000c0000470                isr0
                0x00000000c0000480                isr1
                0x00000000c000048a                isr2
                0x00000000c0000494                isr3
                0x00000000c000049e                isr4
                0x00000000c00004a8                isr5
                0x00000000c00004b2                isr6
                0x00000000c00004bc                isr7
                0x00000000c00004c6                isr8
                0x00000000c00004ce                isr9
                0x00000000c00004d8                isr10
                0x00000000c00004e0                isr11
                0x00000000c00004e8                isr12
                0x00000000c00004f0                isr13
                0x00000000c00004f8                isr14
                0x00000000c0000500                isr15
                0x00000000c000050a                isr16
                0x00000000c0000514                isr17
                0x00000000c000051e                isr18
                0x00000000c0000528                irq3
                0x00000000c0000532                irq4
                0x00000000c000053c                irq5
                0x00000000c0000546                irq6
                0x00000000c0000550                irq7
                0x00000000c000055a                irq8
                0x00000000c0000564                irq9
                0x00000000c000056e                irq10
                0x00000000c0000578                irq11
                0x00000000c0000582                irq12
                0x00000000c000058c                irq13
                0x00000000c0000596                irq14
                0x00000000c00005a0                irq15
                0x00000000c00005aa                irq1
                0x00000000c00005b1                irq2
                0x00000000c00005b8                isr96
                0x00000000c00005bf                irq0
                0x00000000c00005c4                syscall_common_stub
                0x00000000c00005c4                int_common_stub
                0x00000000c00005f6                irq16
                0x00000000c0000600                irq17
                0x00000000c000060a                irq18
                0x00000000c0000614                irq19
                0x00000000c000061e                irq20
                0x00000000c0000628                irq21
                0x00000000c0000632                irq22
                0x00000000c000063c                irq23
                0x00000000c0000646                memcpy
 *fill*         0x00000000c000064b        0x1 
 .text          0x00000000c000064c      0x5dd acpica/utclib.32
                0x00000000c000064c                memcmp
                0x00000000c0000688                memmove
                0x00000000c0000750                memset
                0x00000000c000076c                strlen
                0x00000000c0000784                strpbrk
                0x00000000c00007c0                strtok
                0x00000000c000080c                strcpy
                0x00000000c0000830                strncpy
                0x00000000c0000898                strcmp
                0x00000000c00008d8                strchr
                0x00000000c00008fc                strncmp
                0x00000000c000094c                strcat
                0x00000000c000097c                strncat
                0x00000000c00009b8                strstr
                0x00000000c0000a00                toupper
                0x00000000c0000a14                tolower
                0x00000000c0000a28                simple_strtoul
 .text          0x00000000c0000c29      0xfad core/malloc.32
                0x00000000c0000d94                dlfree
                0x00000000c00010ef                dlmalloc
                0x00000000c000162c                dlrealloc
                0x00000000c00017cf                dlmemalign
                0x00000000c00018f2                dlcalloc
                0x00000000c000198c                dlcfree
                0x00000000c0001991                dlindependent_calloc
                0x00000000c00019b6                dlindependent_comalloc
                0x00000000c00019cd                dlvalloc
                0x00000000c00019f8                dlpvalloc
                0x00000000c0001a2e                dlmalloc_trim
                0x00000000c0001a3b                dlmalloc_usable_size
                0x00000000c0001a6c                dlmallinfo
                0x00000000c0001b3b                dlmalloc_stats
                0x00000000c0001b4c                dlmallopt
 .text          0x00000000c0001bd6        0x0 libk/string.32
 .text          0x00000000c0001bd6       0x51 fs/fat/diskio.32
                0x00000000c0001bd6                disk_status
                0x00000000c0001bd9                disk_initialize
                0x00000000c0001bdc                disk_read
                0x00000000c0001bf2                disk_write
                0x00000000c0001c08                disk_ioctl
 .text          0x00000000c0001c27     0x6833 fs/fat/ff.32
                0x00000000c0004ef5                f_mount
                0x00000000c0004f57                f_open
                0x00000000c0005393                f_read
                0x00000000c0005613                f_write
                0x00000000c00058cd                f_sync
                0x00000000c0005aa9                f_close
                0x00000000c0005ad8                f_lseek
                0x00000000c0005f8f                f_opendir
                0x00000000c0006091                f_closedir
                0x00000000c00060b3                f_readdir
                0x00000000c000614e                f_stat
                0x00000000c00061dd                f_getfree
                0x00000000c00063a8                f_truncate
                0x00000000c00064a0                f_unlink
                0x00000000c0006623                f_mkdir
                0x00000000c000684f                f_rename
                0x00000000c0006b42                f_chmod
                0x00000000c0006c20                f_utime
                0x00000000c0006cfe                f_getlabel
                0x00000000c0006eec                f_setlabel
                0x00000000c0007159                f_forward
                0x00000000c0007337                f_mkfs
 .text          0x00000000c000845a       0x2d fs/fat/ffsystem.32
                0x00000000c000845a                ff_memalloc
                0x00000000c0008470                ff_memfree
 .text          0x00000000c0008487      0x253 fs/fat/ffunicode.32
                0x00000000c0008487                ff_uni2oem
                0x00000000c0008517                ff_oem2uni
                0x00000000c0008583                ff_wtoupper
 .text          0x00000000c00086da      0x8fb hal/libresample/samplerate.32
                0x00000000c000871e                src_delete
                0x00000000c000875a                src_process
                0x00000000c0008910                src_callback_read
                0x00000000c0008a8d                src_set_ratio
                0x00000000c0008af7                src_get_channels
                0x00000000c0008b19                src_reset
                0x00000000c0008b65                src_new
                0x00000000c0008bf3                src_callback_new
                0x00000000c0008c55                src_get_name
                0x00000000c0008c8c                src_get_description
                0x00000000c0008cc3                src_get_version
                0x00000000c0008cc9                src_is_valid_ratio
                0x00000000c0008d1d                src_error
                0x00000000c0008d2b                src_strerror
                0x00000000c0008d3e                src_simple
                0x00000000c0008d91                src_short_to_float_array
                0x00000000c0008df6                src_float_to_short_array
                0x00000000c0008eb5                src_int_to_float_array
                0x00000000c0008f18                src_float_to_int_array
 .text          0x00000000c0008fd5      0x8cb hal/libresample/src_linear.32
                0x00000000c00097fb                linear_get_name
                0x00000000c000980a                linear_get_description
                0x00000000c0009819                linear_set_converter
 .text          0x00000000c00098a0     0x447c hal/libresample/src_sinc.32
                0x00000000c000dc33                sinc_get_name
                0x00000000c000dc46                sinc_get_description
                0x00000000c000dc59                sinc_set_converter
 .text          0x00000000c000dd1c      0x77c hal/libresample/src_zoh.32
                0x00000000c000e3f3                zoh_get_name
                0x00000000c000e402                zoh_get_description
                0x00000000c000e411                zoh_set_converter
 .text          0x00000000c000e498       0xa7 compat/inlines.32
                0x00000000c000e498                CPU::current()
                0x00000000c000e4a4                operator new(unsigned long)
                0x00000000c000e4a9                operator delete(void*)
                0x00000000c000e4ae                disableIRQs()
                0x00000000c000e4b6                enableIRQs()
                0x00000000c000e4c5                lockScheduler()
                0x00000000c000e4cd                unlockScheduler()
                0x00000000c000e4dc                lockStuff()
                0x00000000c000e4ea                unlockStuff()
                0x00000000c000e524                Virt::getAKernelVAS()
                0x00000000c000e52a                __not_memcpy
 .text          0x00000000c000e53f      0x111 compat/resolve.32
                0x00000000c000e53f                Krnl::resolveCompatibilitySymbol(char*)
 .text          0x00000000c000e650      0x741 core/computer.32
                0x00000000c000e650                Computer::close(int, int, void*)
                0x00000000c000e694                Krnl::firstTask()
                0x00000000c000e7d6                Computer::Computer()
                0x00000000c000e7d6                Computer::Computer()
                0x00000000c000e932                Computer::setBootMessage(char const*)
                0x00000000c000e934                Computer::detectFeatures()
                0x00000000c000eb3e                Computer::displayFeatures()
                0x00000000c000eb40                Computer::rdmsr(unsigned int)
                0x00000000c000eb6c                Computer::wrmsr(unsigned int, unsigned long long)
                0x00000000c000eba4                Computer::nmiEnabled()
                0x00000000c000ebb0                Computer::readCMOS(unsigned char)
                0x00000000c000ebca                Computer::enableNMI(bool)
                0x00000000c000ebe2                Computer::open(int, int, void*)
                0x00000000c000ecd4                Computer::disableNMI()
                0x00000000c000ece2                Computer::writeCMOS(unsigned char, unsigned char)
                0x00000000c000ed00                Computer::handleNMI()
                0x00000000c000ed66                Computer::setDiskActivityLight(int, bool)
 *fill*         0x00000000c000ed91        0x1 
 .text          0x00000000c000ed92      0x19d core/gdt.32
                0x00000000c000ed92                GDTEntry::setBase(unsigned int)
                0x00000000c000edae                GDTEntry::setLimit(unsigned int)
                0x00000000c000edcc                GDT::GDT()
                0x00000000c000edcc                GDT::GDT()
                0x00000000c000ede2                GDT::addEntry(GDTEntry)
                0x00000000c000ee04                GDT::getNumberOfEntries()
                0x00000000c000ee0c                GDT::flush()
                0x00000000c000ee2e                GDT::setup()
 .text          0x00000000c000ef2f       0x6b core/idle.32
                0x00000000c000ef2f                idleFunction(void*)
 .text          0x00000000c000ef9a      0x45e core/idt.32
                0x00000000c000ef9a                IDTEntry::IDTEntry(bool)
                0x00000000c000ef9a                IDTEntry::IDTEntry(bool)
                0x00000000c000f008                IDTEntry::setOffset(unsigned int)
                0x00000000c000f01c                IDT::IDT()
                0x00000000c000f01c                IDT::IDT()
                0x00000000c000f01e                IDT::getPointerToInvalidOpcodeEntryForF00F()
                0x00000000c000f026                IDT::addEntry(IDTEntry, int)
                0x00000000c000f040                IDT::addEntry(int, void (*)(), bool)
                0x00000000c000f078                IDT::flush()
                0x00000000c000f092                IDT::setup()
 .text          0x00000000c000f3f8      0x1fe core/kheap.32
                0x00000000c000f3f8                sbrk
                0x00000000c000f505                mmap
                0x00000000c000f51b                munmap
                0x00000000c000f531                liballoc_lock()
                0x00000000c000f53e                liballoc_unlock()
                0x00000000c000f552                liballoc_alloc(int)
                0x00000000c000f56d                liballoc_free(void*, int)
                0x00000000c000f588                realloc
                0x00000000c000f59c                malloc
                0x00000000c000f5ac                free
                0x00000000c000f5bc                rfree
                0x00000000c000f5cc                calloc
 .text          0x00000000c000f5f6      0x1b6 core/main.32
                0x00000000c000f5f6                Krnl::setBootMessage(char const*)
                0x00000000c000f662                kernel_main
 .text          0x00000000c000f7ac      0x535 core/physmgr.32
                0x00000000c000f7ac                Phys::allocateDMA(unsigned long)
                0x00000000c000f84f                Phys::freeDMA(unsigned long, unsigned long)
                0x00000000c000f897                Phys::setPageState(unsigned long, bool)
                0x00000000c000f8c9                Phys::getPageState(unsigned long)
                0x00000000c000f8e5                Phys::freePage(unsigned long)
                0x00000000c000f940                Phys::allocatePage()
                0x00000000c000f9e9                Phys::allocateContiguousPages(int)
                0x00000000c000fa45                Phys::allowSegmentToBeUsed(unsigned long, unsigned long)
                0x00000000c000fa7d                Phys::physicalMemorySetup(unsigned int)
 *fill*         0x00000000c000fce1        0x1 
 .text          0x00000000c000fce2      0x273 core/pipe.32
                0x00000000c000fce2                Pipe::isAtty()
                0x00000000c000fce6                Pipe::~Pipe()
                0x00000000c000fce6                Pipe::~Pipe()
                0x00000000c000fd0a                Pipe::~Pipe()
                0x00000000c000fd32                Pipe::read(unsigned long long, void*, int*)
                0x00000000c000fe2e                Pipe::write(unsigned long long, void*, int*)
                0x00000000c000feee                Pipe::Pipe(int)
                0x00000000c000feee                Pipe::Pipe(int)
 *fill*         0x00000000c000ff55        0x1 
 .text          0x00000000c000ff56      0xb91 core/terminal.32
                0x00000000c000ff56                VgaText::isAtty()
                0x00000000c000ff5a                VgaText::~VgaText()
                0x00000000c000ff5a                VgaText::~VgaText()
                0x00000000c000ff7e                VgaText::~VgaText()
                0x00000000c000ffa8                VgaText::read(unsigned long long, void*, int*)
                0x00000000c000ffc8                setTerminalScrollLock(bool)
                0x00000000c000ffc9                addToTerminalCycle(VgaText*)
                0x00000000c000ffea                installVgaTextImplementation()
                0x00000000c000ffff                scrollTerminalScrollLock(int)
                0x00000000c0010000                VgaText::updateTitle()
                0x00000000c001003e                VgaText::load()
                0x00000000c001008c                VgaText::updateCursor()
                0x00000000c00100a2                VgaText::doANSI_SGR(int)
                0x00000000c0010116                VgaText::setDefaultBgColour(VgaColour)
                0x00000000c0010126                VgaText::setDefaultFgColour(VgaColour)
                0x00000000c0010136                VgaText::setDefaultColours(VgaColour, VgaColour)
                0x00000000c0010156                VgaText::setTitleTextColour(VgaColour)
                0x00000000c0010166                VgaText::setTitleColour(VgaColour)
                0x00000000c0010176                VgaText::setTitle(char*)
                0x00000000c001019c                VgaText::combineColours(unsigned char, unsigned char)
                0x00000000c00101ae                VgaText::scrollScreen()
                0x00000000c0010242                VgaText::combineCharAndColour(char, unsigned char)
                0x00000000c0010254                VgaText::writeCharacter(char, VgaColour, VgaColour, int, int)
                0x00000000c00102b0                VgaText::getCursorX()
                0x00000000c00102b8                VgaText::getCursorY()
                0x00000000c00102c0                VgaText::setCursor(int, int)
                0x00000000c00102d7                setActiveTerminal(VgaText*)
                0x00000000c0010339                doTerminalCycle()
                0x00000000c0010354                VgaText::setCursorX(int)
                0x00000000c001036c                VgaText::setCursorY(int)
                0x00000000c0010384                VgaText::incrementCursor(bool)
                0x00000000c00103d8                VgaText::decrementCursor(bool)
                0x00000000c00103fa                VgaText::putchar(char, VgaColour, VgaColour)
                0x00000000c00104d2                VgaText::doUpdate()
                0x00000000c00104e0                VgaText::puts(char const*, VgaColour, VgaColour)
                0x00000000c0010658                VgaText::clearScreen()
                0x00000000c00106b2                VgaText::putchar(char)
                0x00000000c001079e                VgaText::putx(unsigned int)
                0x00000000c00107e4                VgaText::puts(char const*)
                0x00000000c001080a                VgaText::VgaText(char const*)
                0x00000000c001080a                VgaText::VgaText(char const*)
                0x00000000c0010986                VgaText::receiveKey(unsigned char)
                0x00000000c0010a6e                VgaText::write(unsigned long long, void*, int*)
                0x00000000c0010ac2                newTerminal(char*)
 *fill*         0x00000000c0010ae7        0x1 
 .text          0x00000000c0010ae8      0x19d core/tss.32
                0x00000000c0010ae8                TSS::TSS()
                0x00000000c0010ae8                TSS::TSS()
                0x00000000c0010af6                TSS::setESP(unsigned long)
                0x00000000c0010b08                TSS::flush()
                0x00000000c0010b28                TSS::setup(unsigned long, unsigned long)
 *fill*         0x00000000c0010c85        0x1 
 .text          0x00000000c0010c86      0x4c2 core/unixfile.32
                0x00000000c0010c86                ReservedFilename::read(unsigned long long, void*, int*)
                0x00000000c0010cdc                ReservedFilename::isAtty()
                0x00000000c0010cf8                ReservedFilename::write(unsigned long long, void*, int*)
                0x00000000c0010d56                UnixFile::getFileDescriptor()
                0x00000000c0010d5e                UnixFile::UnixFile(int)
                0x00000000c0010d5e                UnixFile::UnixFile(int)
                0x00000000c0010f0e                ReservedFilename::ReservedFilename(int)
                0x00000000c0010f0e                ReservedFilename::ReservedFilename(int)
                0x00000000c0010f40                UnixFile::~UnixFile()
                0x00000000c0010f40                UnixFile::~UnixFile()
                0x00000000c0010fd8                UnixFile::~UnixFile()
                0x00000000c0011000                ReservedFilename::~ReservedFilename()
                0x00000000c0011000                ReservedFilename::~ReservedFilename()
                0x00000000c0011024                ReservedFilename::~ReservedFilename()
                0x00000000c001104b                getFromFileDescriptor(int)
 .text          0x00000000c0011148     0x1265 core/virtmgr.32
                0x00000000c0011148                Virt::setPageState(unsigned long, Virt::VirtPageState)
                0x00000000c001117d                Virt::getPageState(unsigned long)
                0x00000000c00111a1                Virt::allocateKernelVirtualPages(int)
                0x00000000c00112b2                Virt::freeSwapfilePage(unsigned long)
                0x00000000c00112d0                Virt::swapIDToSector(unsigned long)
                0x00000000c00112e2                Virt::allocateSwapfilePage()
                0x00000000c0011360                Virt::virtualMemorySetup()
                0x00000000c00113ab                Virt::setupPageSwapping(int)
                0x00000000c0011532                VAS::VAS()
                0x00000000c0011532                VAS::VAS()
                0x00000000c001156e                VAS::VAS(VAS*)
                0x00000000c001156e                VAS::VAS(VAS*)
                0x00000000c001159c                VAS::getForeignPageTableEntry(bool, unsigned long)
                0x00000000c00115c8                VAS::getPageTableEntry(unsigned long)
                0x00000000c00115e7                Virt::freeKernelVirtualPages(unsigned long)
                0x00000000c001170a                VAS::freeAllocatedPages(unsigned long)
                0x00000000c001172e                VAS::virtualToPhysical(unsigned long)
                0x00000000c0011746                VAS::reflagRange(unsigned long, int, int, int)
                0x00000000c0011786                VAS::setToWriteCombining(unsigned long, int)
                0x00000000c00117b8                VAS::mapOtherVASIn(bool, VAS*)
                0x00000000c00117e2                VAS::~VAS()
                0x00000000c00117e2                VAS::~VAS()
                0x00000000c001195e                VAS::mapPage(unsigned long, unsigned long, int)
                0x00000000c0011a60                VAS::allocatePages(int, int)
                0x00000000c0011c38                VAS::setCPUSpecific(unsigned long)
                0x00000000c0011c54                VAS::mapRange(unsigned long, unsigned long, int, int)
                0x00000000c0011d1a                VAS::mapForeignPage(bool, VAS*, unsigned long, unsigned long, int)
                0x00000000c0011e08                VAS::VAS(bool)
                0x00000000c0011e08                VAS::VAS(bool)
                0x00000000c0012088                VAS::evict(unsigned long)
                0x00000000c001214a                VAS::tryLoadBackOffDisk(unsigned long)
                0x00000000c0012248                VAS::scanForEviction()
                0x00000000c00122f1                mapVASFirstTime
 .text          0x00000000c00123ad       0x95 coreobjs/c++.32
                0x00000000c00123ad                __cxa_atexit
                0x00000000c00123b0                __cxa_finalize
                0x00000000c00123b1                __stack_chk_fail
                0x00000000c001241d                __cxa_pure_virtual
                0x00000000c001242e                operator new[](unsigned long)
                0x00000000c0012433                operator delete(void*, unsigned long)
                0x00000000c0012438                operator delete[](void*)
                0x00000000c001243d                operator delete[](void*, unsigned long)
 .text          0x00000000c0012442      0x1e7 dbg/kconsole.32
                0x00000000c0012442                Dbg::stringifyxWithBase(unsigned int, char*, int)
                0x00000000c001249b                Dbg::logc(char)
                0x00000000c00124b2                Dbg::logs(char*)
                0x00000000c00124cf                Dbg::logWriteInt(unsigned int)
                0x00000000c00124ec                Dbg::logWriteIntBase(unsigned int, int)
                0x00000000c001250b                Dbg::kprintf(char const*, ...)
 *fill*         0x00000000c0012629        0x1 
 .text          0x00000000c001262a      0xb82 fs/vfs.32
                0x00000000c001262a                File::read(unsigned long long, void*, int*)
                0x00000000c0012682                File::write(unsigned long long, void*, int*)
                0x00000000c00126da                Directory::read(unsigned long long, void*, int*)
                0x00000000c0012732                Directory::write(unsigned long long, void*, int*)
                0x00000000c0012760                File::isAtty()
                0x00000000c0012764                Directory::isAtty()
                0x00000000c0012768                Filesystem::getlabel(LogicalDisk*, int, char*, unsigned int*)
                0x00000000c001276e                Filesystem::setlabel(LogicalDisk*, int, char*)
                0x00000000c0012774                Filesystem::getFileFirstSector(char const*)
                0x00000000c001277a                File::~File()
                0x00000000c001277a                File::~File()
                0x00000000c001279e                File::~File()
                0x00000000c00127c8                Directory::~Directory()
                0x00000000c00127c8                Directory::~Directory()
                0x00000000c00127ec                Directory::~Directory()
                0x00000000c0012816                Filesystem::Filesystem()
                0x00000000c0012816                Filesystem::Filesystem()
                0x00000000c001283a                Filesystem::~Filesystem()
                0x00000000c001283a                Filesystem::~Filesystem()
                0x00000000c0012848                Filesystem::~Filesystem()
                0x00000000c001286c                Fs::getcwd(Process*, char*, int)
                0x00000000c0012896                Fs::initVFS()
                0x00000000c00128c0                Fs::standardiseFiles(char*, char const*, char const*)
                0x00000000c0012a6a                File::File(char const*, Process*)
                0x00000000c0012a6a                File::File(char const*, Process*)
                0x00000000c0012ace                File::open(FileOpenMode)
                0x00000000c0012b2c                File::close()
                0x00000000c0012b8c                File::seek(unsigned long long)
                0x00000000c0012be2                File::tell(unsigned long long*)
                0x00000000c0012c32                File::rewind()
                0x00000000c0012c46                File::unlink()
                0x00000000c0012c92                File::rename(char const*)
                0x00000000c0012ce0                File::chfatattr(unsigned char, unsigned char)
                0x00000000c0012d3c                File::exists()
                0x00000000c0012d7a                File::stat(unsigned long long*, bool*)
                0x00000000c0012ddb                Fs::setcwd(Process*, char*)
                0x00000000c0012f16                Directory::Directory(char const*, Process*)
                0x00000000c0012f16                Directory::Directory(char const*, Process*)
                0x00000000c0012f7a                Directory::open()
                0x00000000c0012fd6                Directory::close()
                0x00000000c0013036                Directory::unlink()
                0x00000000c0013082                Directory::rename(char const*)
                0x00000000c00130d0                Directory::exists()
                0x00000000c001310e                Directory::read(dirent*)
                0x00000000c001315a                Directory::create()
                0x00000000c00131a6                Filesystem::chfatattr(char const*, unsigned char, unsigned char)
 .text          0x00000000c00131ac       0x84 hal/bus.32
                0x00000000c00131ac                Bus::Bus(char const*)
                0x00000000c00131ac                Bus::Bus(char const*)
                0x00000000c00131e2                Bus::~Bus()
                0x00000000c00131e2                Bus::~Bus()
                0x00000000c0013206                Bus::~Bus()
 .text          0x00000000c0013230      0x156 hal/buzzer.32
                0x00000000c0013230                Buzzer::Buzzer(char const*)
                0x00000000c0013230                Buzzer::Buzzer(char const*)
                0x00000000c0013274                Buzzer::~Buzzer()
                0x00000000c0013274                Buzzer::~Buzzer()
                0x00000000c0013298                Buzzer::~Buzzer()
                0x00000000c00132c2                Buzzer::stop()
                0x00000000c00132d5                beepThread(void*)
                0x00000000c0013318                Buzzer::beep(int, int, bool)
 .text          0x00000000c0013386      0x467 hal/clock.32
                0x00000000c0013386                User::loadClockSettings(int)
                0x00000000c00133d8                Clock::Clock(char const*)
                0x00000000c00133d8                Clock::Clock(char const*)
                0x00000000c001340e                Clock::~Clock()
                0x00000000c001340e                Clock::~Clock()
                0x00000000c0013432                Clock::~Clock()
                0x00000000c001345c                Clock::timeInSecondsLocal()
                0x00000000c00134a4                Clock::setTimeInSecondsLocal(unsigned long long)
                0x00000000c00134fd                datetimeToSeconds(datetime_t)
                0x00000000c0013624                Clock::setTimeInDatetimeLocal(datetime_t)
                0x00000000c0013684                secondsToDatetime(unsigned long long)
                0x00000000c00137c8                Clock::timeInDatetimeLocal()
 *fill*         0x00000000c00137ed        0x1 
 .text          0x00000000c00137ee      0x504 hal/device.32
                0x00000000c00137ee                Device::hibernate()
                0x00000000c00137f0                Device::wake()
                0x00000000c00137f2                Device::detect()
                0x00000000c00137f4                Device::disableLegacy()
                0x00000000c00137f6                Device::powerSaving(PowerSavingLevel)
                0x00000000c00137f8                DriverlessDevice::close(int, int, void*)
                0x00000000c00137fc                DriverlessDevice::detect()
                0x00000000c00137fe                DriverlessDevice::open(int, int, void*)
                0x00000000c0013812                Device::~Device()
                0x00000000c0013812                Device::~Device()
                0x00000000c0013820                Device::~Device()
                0x00000000c0013848                Device::findAndLoadDriver()
                0x00000000c0013856                Device::preOpenPCI(PCIDeviceInfo)
                0x00000000c001387c                Device::preOpenACPI(void*, char*, char*)
                0x00000000c00138bc                Device::addIRQHandler(int, void (*)(regs*, void*), bool, void*)
                0x00000000c00138fa                Device::getParent()
                0x00000000c0013906                Device::removeIRQHandler(int, void (*)(regs*, void*), bool)
                0x00000000c0013944                Device::addChild(Device*)
                0x00000000c0013988                Device::removeAllChildren()
                0x00000000c00139ce                Device::hibernateAll()
                0x00000000c00139fe                Device::wakeAll()
                0x00000000c0013a2e                Device::detectAll()
                0x00000000c0013a5e                Device::disableLegacyAll()
                0x00000000c0013a8e                Device::loadDriversForAll()
                0x00000000c0013ace                Device::closeAll()
                0x00000000c0013b04                Device::powerSavingAll(PowerSavingLevel)
                0x00000000c0013b3a                Device::setName(char const*)
                0x00000000c0013b48                Device::Device(char const*)
                0x00000000c0013b48                Device::Device(char const*)
                0x00000000c0013c44                Device::getName()
                0x00000000c0013c4e                DriverlessDevice::DriverlessDevice(char const*)
                0x00000000c0013c4e                DriverlessDevice::DriverlessDevice(char const*)
                0x00000000c0013c84                Device::addToLinkedList(LinkedList<Device>&, DeviceType)
                0x00000000c0013cc8                getDevicesOfType(DeviceType)
 .text          0x00000000c0013cf2       0x84 hal/diskctrl.32
                0x00000000c0013cf2                HardDiskController::HardDiskController(char const*)
                0x00000000c0013cf2                HardDiskController::HardDiskController(char const*)
                0x00000000c0013d28                HardDiskController::~HardDiskController()
                0x00000000c0013d28                HardDiskController::~HardDiskController()
                0x00000000c0013d4c                HardDiskController::~HardDiskController()
 .text          0x00000000c0013d76       0xe2 hal/diskphys.32
                0x00000000c0013d76                PhysicalDisk::eject()
                0x00000000c0013d7a                PhysicalDisk::PhysicalDisk(char const*, int)
                0x00000000c0013d7a                PhysicalDisk::PhysicalDisk(char const*, int)
                0x00000000c0013de2                PhysicalDisk::startCache()
                0x00000000c0013e0a                PhysicalDisk::~PhysicalDisk()
                0x00000000c0013e0a                PhysicalDisk::~PhysicalDisk()
                0x00000000c0013e2e                PhysicalDisk::~PhysicalDisk()
 .text          0x00000000c0013e58      0x13b hal/fpu.32
                0x00000000c0013e58                FPU::FPU(char const*)
                0x00000000c0013e58                FPU::FPU(char const*)
                0x00000000c0013e8e                FPU::~FPU()
                0x00000000c0013e8e                FPU::~FPU()
                0x00000000c0013eb2                FPU::~FPU()
                0x00000000c0013edc                setupFPU()
 *fill*         0x00000000c0013f93        0x1 
 .text          0x00000000c0013f94     0x1429 hal/intctrl.32
                0x00000000c0013f94                InterruptController::uninstallISRHandler(int, void (*)(regs*, void*))
                0x00000000c0013fcc                InterruptController::installISRHandler(int, void (*)(regs*, void*), void*)
                0x00000000c001401e                doubleFault(regs*, void*)
                0x00000000c0014038                InterruptController::installIRQHandler(int, void (*)(regs*, void*), bool, void*)
                0x00000000c00140d4                InterruptController::clearAllHandlers(int, bool)
                0x00000000c001417c                InterruptController::uninstallIRQHandler(int, void (*)(regs*, void*), bool)
                0x00000000c0014203                nmiHandler(regs*, void*)
                0x00000000c0014211                int_handler
                0x00000000c00142b2                InterruptController::InterruptController(char const*)
                0x00000000c00142b2                InterruptController::InterruptController(char const*)
                0x00000000c0014358                InterruptController::~InterruptController()
                0x00000000c0014358                InterruptController::~InterruptController()
                0x00000000c001437c                InterruptController::~InterruptController()
                0x00000000c00143a6                displayDebugInfo(regs*)
                0x00000000c0014835                x87EmulHandler(regs*, void*)
                0x00000000c00148a8                gpFault(regs*, void*)
                0x00000000c00148e1                pgFault(regs*, void*)
                0x00000000c001491d                otherISRHandler(regs*, void*)
                0x00000000c001493c                opcodeFault(regs*, void*)
                0x00000000c0014f59                displayProgramFault(char const*)
                0x00000000c0014f81                setupInterruptController()
                0x00000000c0015370                InterruptController::convertLegacyIRQNumber(int)
 *fill*         0x00000000c00153bd        0x1 
 .text          0x00000000c00153be      0x784 hal/keybrd.32
                0x00000000c00153be                startGUI(void*)
                0x00000000c001542a                startGUIVESA(void*)
                0x00000000c0015496                sendKeyToTerminal(unsigned char)
                0x00000000c0015554                sendKeyboardToken(KeyboardToken)
                0x00000000c0015991                clearInternalKeybuffer(VgaText*)
                0x00000000c00159c6                readKeyboard(VgaText*, char*, unsigned long)
                0x00000000c0015ab8                Keyboard::Keyboard(char const*)
                0x00000000c0015ab8                Keyboard::Keyboard(char const*)
                0x00000000c0015af4                Keyboard::~Keyboard()
                0x00000000c0015af4                Keyboard::~Keyboard()
                0x00000000c0015b18                Keyboard::~Keyboard()
 .text          0x00000000c0015b42      0x3ea hal/logidisk.32
                0x00000000c0015b42                LogicalDisk::close(int, int, void*)
                0x00000000c0015b46                LogicalDisk::~LogicalDisk()
                0x00000000c0015b46                LogicalDisk::~LogicalDisk()
                0x00000000c0015b6a                LogicalDisk::~LogicalDisk()
                0x00000000c0015b94                LogicalDisk::open(int, int, void*)
                0x00000000c0015ba8                LogicalDisk::absoluteToRelative(unsigned long long)
                0x00000000c0015be0                LogicalDisk::relativeToAbsolute(unsigned long long)
                0x00000000c0015c26                LogicalDisk::LogicalDisk(char const*, PhysicalDisk*, unsigned long long, unsigned long long)
                0x00000000c0015c26                LogicalDisk::LogicalDisk(char const*, PhysicalDisk*, unsigned long long, unsigned long long)
                0x00000000c0015cdc                LogicalDisk::assignDriveLetter()
                0x00000000c0015d92                LogicalDisk::mount()
                0x00000000c0015dda                LogicalDisk::unmount()
                0x00000000c0015dea                LogicalDisk::eject()
                0x00000000c0015dfe                LogicalDisk::unassignDriveLetter()
                0x00000000c0015e54                LogicalDisk::read(unsigned long long, int, void*)
                0x00000000c0015ec0                LogicalDisk::write(unsigned long long, int, void*)
 .text          0x00000000c0015f2c       0x84 hal/mouse.32
                0x00000000c0015f2c                Mouse::Mouse(char const*)
                0x00000000c0015f2c                Mouse::Mouse(char const*)
                0x00000000c0015f62                Mouse::~Mouse()
                0x00000000c0015f62                Mouse::~Mouse()
                0x00000000c0015f86                Mouse::~Mouse()
 .text          0x00000000c0015fb0      0x339 hal/partition.32
                0x00000000c0015fb0                makePartition(PhysicalDisk*, unsigned long long, unsigned long long)
                0x00000000c0016058                createPartitionsForDisk(PhysicalDisk*)
 *fill*         0x00000000c00162e9        0x1 
 .text          0x00000000c00162ea       0x84 hal/serial.32
                0x00000000c00162ea                Serial::Serial(char const*)
                0x00000000c00162ea                Serial::Serial(char const*)
                0x00000000c0016320                Serial::~Serial()
                0x00000000c0016320                Serial::~Serial()
                0x00000000c0016344                Serial::~Serial()
 .text          0x00000000c001636e      0x2f3 hal/timer.32
                0x00000000c001636e                Timer::Timer(char const*)
                0x00000000c001636e                Timer::Timer(char const*)
                0x00000000c00163a4                Timer::~Timer()
                0x00000000c00163a4                Timer::~Timer()
                0x00000000c00163c8                Timer::~Timer()
                0x00000000c00163f2                Timer::read()
                0x00000000c00163fd                timerHandler(unsigned long long)
                0x00000000c001656f                setupTimer(int)
 *fill*         0x00000000c0016661        0x1 
 .text          0x00000000c0016662      0x409 hal/vcache.32
                0x00000000c0016662                VCache::VCache(PhysicalDisk*)
                0x00000000c0016662                VCache::VCache(PhysicalDisk*)
                0x00000000c00167ca                VCache::invalidateReadBuffer()
                0x00000000c00167da                VCache::writeWriteBuffer()
                0x00000000c0016816                VCache::~VCache()
                0x00000000c0016816                VCache::~VCache()
                0x00000000c001686a                VCache::~VCache()
                0x00000000c0016892                VCache::write(unsigned long long, int, void*)
                0x00000000c001697c                VCache::read(unsigned long long, int, void*)
 *fill*         0x00000000c0016a6b        0x1 
 .text          0x00000000c0016a6c      0x4b3 hal/video.32
                0x00000000c0016a6c                Video::putrect(int, int, int, int, unsigned int)
                0x00000000c0016ab8                Video::bitblit(int, int, int, int, int, int, int, unsigned int*)
                0x00000000c0016b28                Video::blit(unsigned int*, int, int, int, int)
                0x00000000c0016ba6                Video::clearScreen(unsigned int)
                0x00000000c0016bda                Video::putpixel(int, int, unsigned int)
                0x00000000c0016be8                Video::Video(char const*)
                0x00000000c0016be8                Video::Video(char const*)
                0x00000000c0016c1e                Video::~Video()
                0x00000000c0016c1e                Video::~Video()
                0x00000000c0016c42                Video::~Video()
                0x00000000c0016c6c                Video::isMonochrome()
                0x00000000c0016c78                Video::getWidth()
                0x00000000c0016c84                Video::getHeight()
                0x00000000c0016c90                Video::drawCursor(int, int, unsigned char*, int)
                0x00000000c0016d4c                Video::tgaParse(unsigned char*, int, int*, int*)
                0x00000000c0016eb4                Video::putTGA(int, int, unsigned char*, int)
 *fill*         0x00000000c0016f1f        0x1 
 .text          0x00000000c0016f20     0x11c9 hw/acpi.32
                0x00000000c0016f20                ACPI::close(int, int, void*)
                0x00000000c0016fc5                findRSDP()
                0x00000000c001704f                loadACPITables(unsigned char*)
                0x00000000c00172a6                findRSDT(unsigned char*)
                0x00000000c00173f0                findDataTable(unsigned char*, char*)
                0x00000000c0017462                scanMADT()
                0x00000000c00178d0                ACPI::ACPI()
                0x00000000c00178d0                ACPI::ACPI()
                0x00000000c0017924                ACPI::getPCIIRQAssignment(unsigned char, unsigned short, unsigned char)
                0x00000000c0017a06                ACPI::registerPCIIRQAssignment(void*, unsigned short, unsigned char, unsigned char)
                0x00000000c0017acc                ACPI::setScreenBrightnessLevel(void*, int)
                0x00000000c0017ad2                ACPI::detectPCI()
                0x00000000c0017cd4                ACPI::writeSimpleBootFlag(SimpleBootFlagTable*)
                0x00000000c0017d1c                ACPI::sleep()
                0x00000000c0017d34                ACPI::open(int, int, void*)
 *fill*         0x00000000c00180e9        0x1 
 .text          0x00000000c00180ea     0x1495 hw/cpu.32
                0x00000000c00180ea                CPU::close(int, int, void*)
                0x00000000c00180ee                CPU::lookupAMDName(unsigned char, unsigned char)
                0x00000000c0018282                CPU::lookupIntelName(unsigned char, unsigned char)
                0x00000000c0018530                CPU::AMD_K6_write_msr(unsigned int, unsigned int, unsigned int, CPU::REGS*)
                0x00000000c001854c                CPU::AMD_K6_read_msr(unsigned int, CPU::REGS*)
                0x00000000c0018564                CPU::AMD_K6_writeback(int, int, int)
                0x00000000c00185d8                CPU::cpuid(int, unsigned long*, unsigned long*, unsigned long*, unsigned long*)
                0x00000000c001865c                CPU::cpuidCheckEDX(unsigned int)
                0x00000000c001868a                CPU::cpuidCheckECX(unsigned int)
                0x00000000c00186b8                CPU::cpuidCheckExtendedEBX(unsigned int)
                0x00000000c00186e6                CPU::cpuidCheckExtendedECX(unsigned int)
                0x00000000c0018714                CPU::CPU()
                0x00000000c0018714                CPU::CPU()
                0x00000000c00187a2                CPU::displayFeatures()
                0x00000000c00187a4                CPU::detectFeatures()
                0x00000000c0019196                CPU::setupSMEP()
                0x00000000c00191a2                CPU::setupUMIP()
                0x00000000c00191ac                CPU::setupTSC()
                0x00000000c00191b6                CPU::setupLargePages()
                0x00000000c00191c0                CPU::setupPAT()
                0x00000000c00191fc                CPU::setupMTRR()
                0x00000000c00191fe                CPU::setupGlobalPages()
                0x00000000c0019208                CPU::allowUsermodeDataAccess()
                0x00000000c001921a                CPU::prohibitUsermodeDataAccess()
                0x00000000c001922c                CPU::setupSMAP()
                0x00000000c001923a                CPU::setupFeatures()
                0x00000000c00192ba                CPU::open(int, int, void*)
                0x00000000c0019384                CPU::decodeAddress(regs*, int*, bool*, unsigned char*)
 .text          0x00000000c001957f        0x0 hw/ports.32
 .text          0x00000000c001957f      0x16a hw/smp.32
                0x00000000c001957f                Krnl::smpEntry()
                0x00000000c0019581                Krnl::startCPU(int)
                0x00000000c00196ca                Krnl::startCPUs()
 *fill*         0x00000000c00196e9        0x1 
 .text          0x00000000c00196ea      0x581 krnl/env.32
                0x00000000c00196ea                EnvVarContainer::getEnv(char const*)
                0x00000000c0019728                EnvVarContainer::setEnv(char const*, char const*)
                0x00000000c00197ea                EnvVarContainer::deleteEnv(char const*)
                0x00000000c00197ec                EnvVarContainer::loadFrom(char const*, char const*)
                0x00000000c00199d2                EnvVarContainer::__loadSystem()
                0x00000000c00199ec                EnvVarContainer::__loadUser()
                0x00000000c00199ee                EnvVarContainer::EnvVarContainer(Process*)
                0x00000000c00199ee                EnvVarContainer::EnvVarContainer(Process*)
                0x00000000c0019a10                EnvVarContainer::~EnvVarContainer()
                0x00000000c0019a10                EnvVarContainer::~EnvVarContainer()
                0x00000000c0019a40                Krnl::getEnv(Process*, char const*)
                0x00000000c0019aa5                Krnl::setEnvSystem(char const*, char const*)
                0x00000000c0019abf                Krnl::setEnvUser(char const*, char const*)
                0x00000000c0019ade                Krnl::setEnvProcess(Process*, char const*, char const*)
                0x00000000c0019af1                Krnl::deleteEnvSystem(char const*)
                0x00000000c0019af2                Krnl::deleteEnvUser(char const*)
                0x00000000c0019af3                Krnl::deleteEnvProcess(Process*, char const*)
                0x00000000c0019af4                Krnl::newProcessEnv(Process*)
                0x00000000c0019b16                Krnl::copyProcessEnv(Process*, Process*)
                0x00000000c0019b62                Krnl::loadSystemEnv()
                0x00000000c0019b90                Krnl::loadUserEnv()
                0x00000000c0019bb6                Krnl::flushEnv()
                0x00000000c0019bb7                Krnl::getProcessTotalEnvCount(Process*)
                0x00000000c0019bd7                Krnl::getProcessEnvPair(Process*, int)
 .text          0x00000000c0019c6b      0x39c krnl/panic.32
                0x00000000c0019c6b                Krnl::panic(char const*)
 .text          0x00000000c001a007      0x57f net/ethernet.32
                0x00000000c001a007                Net::switchEndian16(unsigned short)
                0x00000000c001a028                Net::switchEndian32(unsigned int)
                0x00000000c001a057                Net::crc32Calc(unsigned char*, int)
                0x00000000c001a0e8                Net::wrapEthernetFrame(Net::UnwrappedEthernetFrame, unsigned char*)
                0x00000000c001a2fb                Net::unwrapEthernetFrame(unsigned char*, int)
 .text          0x00000000c001a586      0x50e reg/registry.32
                0x00000000c001a586                Reg::findLineFromLoadedData(char*, char*, char*)
                0x00000000c001a6de                Reg::getLineFromRegistry(char*, char*, char*, char*)
                0x00000000c001a833                Reg::getLine(char*, char*, char*)
                0x00000000c001a86a                Reg::readInt(char*, char*, int*)
                0x00000000c001a955                Reg::readString(char*, char*, char*, int)
                0x00000000c001a9d6                Reg::readBool(char*, char*, bool*)
                0x00000000c001a9fb                Reg::readBoolWithDefault(char*, char*, bool)
                0x00000000c001aa27                Reg::readIntWithDefault(char*, char*, int)
                0x00000000c001aa53                Reg::readStringWithDefault(char*, char*, char*, int, char*)
 .text          0x00000000c001aa94       0x36 sys/sc_eject.32
                0x00000000c001aa94                Sys::eject(regs*)
 .text          0x00000000c001aaca       0x18 sys/sc_exit.32
                0x00000000c001aaca                Sys::exit(regs*)
 .text          0x00000000c001aae2       0x1f sys/sc_getcwd.32
                0x00000000c001aae2                Sys::getCwd(regs*)
 .text          0x00000000c001ab01        0xc sys/sc_getpid.32
                0x00000000c001ab01                Sys::getPID(regs*)
 .text          0x00000000c001ab0d       0x17 sys/sc_getramdata.32
                0x00000000c001ab0d                Sys::getRAMData(regs*)
 .text          0x00000000c001ab24       0x84 sys/sc_getvgaptr.32
                0x00000000c001ab24                Sys::getVGAPtr(regs*)
 .text          0x00000000c001aba8       0xa8 sys/sc_loaddll.32
                0x00000000c001aba8                Sys::loadDLL(regs*)
 .text          0x00000000c001ac50       0x68 sys/sc_read.32
                0x00000000c001ac50                Sys::read(regs*)
 .text          0x00000000c001acb8       0x55 sys/sc_sbrk.32
                0x00000000c001acb8                Sys::sbrk(regs*)
 .text          0x00000000c001ad0d       0x1c sys/sc_setcwd.32
                0x00000000c001ad0d                Sys::setCwd(regs*)
 .text          0x00000000c001ad29       0x95 sys/sc_settime.32
                0x00000000c001ad29                Sys::setTime(regs*)
 .text          0x00000000c001adbe       0x4a sys/sc_timezone.32
                0x00000000c001adbe                Sys::timezone(regs*)
 .text          0x00000000c001ae08       0x68 sys/sc_write.32
                0x00000000c001ae08                Sys::write(regs*)
 .text          0x00000000c001ae70       0x62 sys/sc_wsbe.32
                0x00000000c001ae70                Sys::wsbe(regs*)
 .text          0x00000000c001aed2       0x46 sys/sc_yield.32
                0x00000000c001aed2                Sys::yield(regs*)
 .text          0x00000000c001af18      0xf84 sys/syscalls.32
                0x00000000c001af18                sysCallSeekDir(regs*)
                0x00000000c001af1d                sysCallTellDir(regs*)
                0x00000000c001af22                sysCallVerify(regs*)
                0x00000000c001af2c                sysCallGetArgc(regs*)
                0x00000000c001af3c                sysFormatDisk(regs*)
                0x00000000c001afa6                sysSetDiskVolumeLabel(regs*)
                0x00000000c001afec                sysGetDiskVolumeLabel(regs*)
                0x00000000c001b03d                sysShutdown(regs*)
                0x00000000c001b09b                sysCallRealpath(regs*)
                0x00000000c001b0de                sysCallReadDir(regs*)
                0x00000000c001b15d                sysCallIsATTY(regs*)
                0x00000000c001b1b7                sysCallSeek(regs*)
                0x00000000c001b20e                sysCallTell(regs*)
                0x00000000c001b27a                sysCallSize(regs*)
                0x00000000c001b2ec                sysCallSizeFromFilename(regs*)
                0x00000000c001b39b                sysCallClose(regs*)
                0x00000000c001b3fb                sysCallOpenDir(regs*)
                0x00000000c001b470                sysCallCloseDir(regs*)
                0x00000000c001b4c4                sysCallMakeDir(regs*)
                0x00000000c001b534                sysCallWait(regs*)
                0x00000000c001b54e                sysCallNotImpl(regs*)
                0x00000000c001b569                sysPanic(regs*)
                0x00000000c001b583                sysCallRmdir(regs*)
                0x00000000c001b5e7                sysCallUnlink(regs*)
                0x00000000c001b64b                sysCallGetArgv(regs*)
                0x00000000c001b697                sysCallTTYName(regs*)
                0x00000000c001b71a                sysCallUSleep(regs*)
                0x00000000c001b741                sysCallSpawn(regs*)
                0x00000000c001b7a9                sysCallGetEnv(regs*)
                0x00000000c001b856                sysAppSettings(regs*)
                0x00000000c001b96a                sysSetFatAttrib(regs*)
                0x00000000c001b9dc                sysPipe(regs*)
                0x00000000c001ba21                sysGetUnixTime(regs*)
                0x00000000c001ba35                string_ends_with(char const*, char const*)
                0x00000000c001ba7d                sysCallOpen(regs*)
                0x00000000c001bc65                Sys::loadSyscalls()
                0x00000000c001be5a                Sys::systemCall(regs*, void*)
 .text          0x00000000c001be9c     0x1200 thr/elf.32
                0x00000000c001be9c                Thr::allocateMemoryForTask(Process*, File*, unsigned long, unsigned long, unsigned long)
                0x00000000c001c146                Thr::loadProgramIntoMemory(Process*, char const*)
                0x00000000c001c35c                Thr::runtimeReferenceHelper()
                0x00000000c001c36f                Thr::getAddressOfKernelSymbol(char const*)
                0x00000000c001c3be                Thr::loadKernelSymbolTable(char const*)
                0x00000000c001c67c                Thr::loadDriverIntoMemory(char const*, unsigned long, bool)
                0x00000000c001cdb2                Thr::getDriverBaseFromAddress(unsigned long)
                0x00000000c001cde4                Thr::getDriverNameFromAddress(unsigned long)
                0x00000000c001ce1b                Thr::getDriverOffsetFromAddress(unsigned long)
                0x00000000c001ce35                Thr::loadDLL(char const*, bool)
                0x00000000c001d063                Thr::executeDLL(unsigned long, void*)
 .text          0x00000000c001d09c     0x11ef thr/prcssthr.32
                0x00000000c001d09c                userModeEntryPoint(void*)
                0x00000000c001d0c2                changeTSS
                0x00000000c001d0f2                switchToThread(ThreadControlBlock*)
                0x00000000c001d19c                Process::addArgs(char**)
                0x00000000c001d1f6                Process::Process(char const*, Process*, char**)
                0x00000000c001d1f6                Process::Process(char const*, Process*, char**)
                0x00000000c001d3da                Process::Process(bool, char const*, Process*, char**)
                0x00000000c001d3da                Process::Process(bool, char const*, Process*, char**)
                0x00000000c001d589                taskStartupFunction
                0x00000000c001d592                Semaphore::Semaphore(int)
                0x00000000c001d592                Semaphore::Semaphore(int)
                0x00000000c001d5c0                Mutex::Mutex()
                0x00000000c001d5c0                Mutex::Mutex()
                0x00000000c001d5d2                Process::createThread(void (*)(void*), void*, int)
                0x00000000c001d6d8                Process::createUserThread()
                0x00000000c001d6f4                setupMultitasking(void (*)())
                0x00000000c001d7f7                schedule()
                0x00000000c001d87c                Semaphore::tryAcquire()
                0x00000000c001d938                Semaphore::assertLocked(char const*)
                0x00000000c001d9a7                blockTaskWithSchedulerLockAlreadyHeld(TaskState)
                0x00000000c001d9cd                blockTask(TaskState)
                0x00000000c001d9fa                waitTask(int, int*, int)
                0x00000000c001da3c                nanoSleepUntil(unsigned long long)
                0x00000000c001dad1                nanoSleep(unsigned long long)
                0x00000000c001dae9                sleep(unsigned long long)
                0x00000000c001db06                Semaphore::acquire()
                0x00000000c001dba8                taskReturned
                0x00000000c001dbe3                Thr::processFromPID(int)
                0x00000000c001dc7a                unblockTask(ThreadControlBlock*)
                0x00000000c001dd0f                cleanupTerminatedTask(ThreadControlBlock*)
                0x00000000c001dfb6                cleanerTaskFunction(void*)
                0x00000000c001e097                terminateTask(int)
                0x00000000c001e156                Thr::terminateFromIRQ(int)
                0x00000000c001e162                Semaphore::release()
 .text          0x00000000c001e28b      0xada vm86/vm8086.32
                0x00000000c001e28b                Vm::inbv(unsigned short)
                0x00000000c001e29e                Vm::outbv(unsigned short, unsigned char)
                0x00000000c001e2d4                Vm::realToLinear(unsigned short, unsigned short)
                0x00000000c001e2e4                Vm::getSegment(unsigned int)
                0x00000000c001e2ec                Vm::getOffset(unsigned int)
                0x00000000c001e2f1                Vm::mainloop2()
                0x00000000c001e32b                Vm::mainVm8086Loop(void*)
                0x00000000c001e33b                Vm::mainloop3(unsigned long)
                0x00000000c001e361                Vm::initialise8086()
                0x00000000c001e3a4                Vm::finish8086()
                0x00000000c001e405                Vm::getOutput8086(unsigned char*)
                0x00000000c001e42a                Vm::start8086(char const*, unsigned short, unsigned short, unsigned short, unsigned short)
                0x00000000c001e592                Vm::doISR(regs*, int, unsigned char*, unsigned short, unsigned short)
                0x00000000c001e61c                Vm::readByteFromReal(unsigned short, unsigned short)
                0x00000000c001e62d                Vm::readWordFromReal(unsigned short, unsigned short)
                0x00000000c001e63f                Vm::readDwordFromReal(unsigned short, unsigned short)
                0x00000000c001e650                Vm::writeByteFromReal(unsigned short, unsigned short, unsigned char)
                0x00000000c001e665                Vm::writeWordFromReal(unsigned short, unsigned short, unsigned short)
                0x00000000c001e67b                Vm::writeDwordFromReal(unsigned short, unsigned short, unsigned int)
                0x00000000c001e690                Vm::faultHandler(regs*)
 .text          0x00000000c001ed65      0xefd vm86/x87em.32
                0x00000000c001ed65                Vm::fpuInternalTo32(unsigned long long)
                0x00000000c001edc0                Vm::fpuInternalTo64(unsigned long long)
                0x00000000c001edc9                Vm::fpu32ToInternal(unsigned int)
                0x00000000c001ee0e                Vm::fpu64ToInternal(unsigned long long)
                0x00000000c001ee17                Vm::fpuFloatToLong(unsigned long long)
                0x00000000c001ee72                Vm::fpuULongToFloat(unsigned long long)
                0x00000000c001eea8                Vm::fpuLongToFloat(long long)
                0x00000000c001eefe                Vm::fpuGet0()
                0x00000000c001ef03                Vm::fpuGet1()
                0x00000000c001ef0b                Vm::fpuGetPi()
                0x00000000c001ef13                Vm::fpuGetLog2E()
                0x00000000c001ef2b                Vm::fpuGetLogE2()
                0x00000000c001ef43                Vm::fpuGetLog210()
                0x00000000c001ef5b                Vm::fpuGetLog102()
                0x00000000c001ef73                Vm::fpuIsSecondLarger(unsigned long long, unsigned long long)
                0x00000000c001ef87                Vm::fpuAreEqual(unsigned long long, unsigned long long)
                0x00000000c001ef9d                Vm::fpuUnorderedCompare(unsigned long long, unsigned long long)
                0x00000000c001eff0                Vm::fpuAdd(unsigned long long, unsigned long long)
                0x00000000c001f001                Vm::fpuAbs(unsigned long long)
                0x00000000c001f00a                Vm::fpuChs(unsigned long long)
                0x00000000c001f01a                Vm::fpuSub(unsigned long long, unsigned long long)
                0x00000000c001f029                Vm::fpuMultiply(unsigned long long, unsigned long long)
                0x00000000c001f048                Vm::fpuDivide(unsigned long long, unsigned long long)
                0x00000000c001f064                Vm::fpuSquare(unsigned long long)
                0x00000000c001f07a                Vm::fpuGetReg(int)
                0x00000000c001f0bd                Vm::fpuSetReg(int, unsigned long long)
                0x00000000c001f108                Vm::fpuPush(unsigned long long)
                0x00000000c001f165                Vm::fpuPop()
                0x00000000c001f1b7                Vm::x87Handler(regs*)
 .text          0x00000000c001fc62     0x11c1 fs/fat/vfslink.32
                0x00000000c001fc62                FAT::getName()
                0x00000000c001fc68                FAT::tell(void*, unsigned long long*)
                0x00000000c001fc9c                FAT::stat(void*, unsigned long long*)
                0x00000000c001fcd0                FAT::~FAT()
                0x00000000c001fcd0                FAT::~FAT()
                0x00000000c001fcf4                FAT::~FAT()
                0x00000000c001fd1c                FAT::getlabel(LogicalDisk*, int, char*, unsigned int*)
                0x00000000c001fdba                FAT::setlabel(LogicalDisk*, int, char*)
                0x00000000c001fe74                FAT::format(LogicalDisk*, int, char const*, int)
                0x00000000c0020032                FAT::tryMount(LogicalDisk*, int)
                0x00000000c0020238                FAT::getFileFirstSector(char const*)
                0x00000000c00202de                FAT::readDir(void*, unsigned long, void*, int*)
                0x00000000c0020438                FAT::read(void*, unsigned long, void*, int*)
                0x00000000c0020492                FAT::write(void*, unsigned long, void*, int*)
                0x00000000c00204ec                FAT::close(void*)
                0x00000000c0020538                FAT::closeDir(void*)
                0x00000000c0020584                FAT::seek(void*, unsigned long long)
                0x00000000c00205d8                fatWrapperReadDisk
                0x00000000c002061f                fatWrapperWriteDisk
                0x00000000c0020666                fatWrapperIoctl
                0x00000000c002076a                FAT::FAT()
                0x00000000c002076a                FAT::FAT()
                0x00000000c00207bc                FAT::fixFilepath(char*)
                0x00000000c00207f4                FAT::open(char const*, void**, FileOpenMode)
                0x00000000c002091c                FAT::openDir(char const*, void**)
                0x00000000c00209c2                FAT::stat(char const*, unsigned long long*, bool*)
                0x00000000c0020aac                FAT::unlink(char const*)
                0x00000000c0020b26                FAT::chfatattr(char const*, unsigned char, unsigned char)
                0x00000000c0020c7a                FAT::rename(char const*, char const*)
                0x00000000c0020d3e                FAT::mkdir(char const*)
                0x00000000c0020db8                FAT::exists(char const*)
 *fill*         0x00000000c0020e23        0x1 
 .text          0x00000000c0020e24      0xb75 fs/iso9660/vfslink.32
                0x00000000c0020e24                ISO9660::format(LogicalDisk*, int, char const*, int)
                0x00000000c0020e2a                ISO9660::seek(void*, unsigned long long)
                0x00000000c0020e5a                ISO9660::tell(void*, unsigned long long*)
                0x00000000c0020e7e                ISO9660::getName()
                0x00000000c0020e84                ISO9660::stat(void*, unsigned long long*)
                0x00000000c0020ea8                ISO9660::chfatattr(char const*, unsigned char, unsigned char)
                0x00000000c0020eae                ISO9660::unlink(char const*)
                0x00000000c0020eb4                ISO9660::write(void*, unsigned long, void*, int*)
                0x00000000c0020eba                ISO9660::rename(char const*, char const*)
                0x00000000c0020ec0                ISO9660::mkdir(char const*)
                0x00000000c0020ec6                ISO9660::close(void*)
                0x00000000c0020ee8                ISO9660::closeDir(void*)
                0x00000000c0020f0a                ISO9660::~ISO9660()
                0x00000000c0020f0a                ISO9660::~ISO9660()
                0x00000000c0020f2e                ISO9660::~ISO9660()
                0x00000000c0020f55                __memmem(unsigned char*, int, unsigned char*, int)
                0x00000000c0020f97                readSectorFromCDROM(unsigned int, unsigned char*, char)
                0x00000000c0020ff2                ISO9660::tryMount(LogicalDisk*, int)
                0x00000000c0021042                ISO9660::read(void*, unsigned long, void*, int*)
                0x00000000c0021246                ISO9660::readDir(void*, unsigned long, void*, int*)
                0x00000000c00214c0                readRoot(unsigned int*, unsigned int*, char)
                0x00000000c0021514                readRecursively(char*, unsigned int, unsigned int, unsigned int*, unsigned int*, char, int*)
                0x00000000c00216e7                getFileData(char*, unsigned int*, unsigned int*, char, int*)
                0x00000000c0021776                ISO9660::open(char const*, void**, FileOpenMode)
                0x00000000c0021824                ISO9660::exists(char const*)
                0x00000000c0021848                ISO9660::stat(char const*, unsigned long long*, bool*)
                0x00000000c00218dc                ISO9660::openDir(char const*, void**)
                0x00000000c0021976                ISO9660::ISO9660()
                0x00000000c0021976                ISO9660::ISO9660()
 *fill*         0x00000000c0021999        0x1 
 .text          0x00000000c002199a      0x396 hal/sound/sndchannel.32
                0x00000000c002199a                SoundChannel::SoundChannel(int, int, int, int)
                0x00000000c002199a                SoundChannel::SoundChannel(int, int, int, int)
                0x00000000c0021ac4                SoundChannel::~SoundChannel()
                0x00000000c0021ac4                SoundChannel::~SoundChannel()
                0x00000000c0021ae0                SoundChannel::getSampleRate()
                0x00000000c0021ae8                SoundChannel::getBits()
                0x00000000c0021af0                SoundChannel::getBufferUsed()
                0x00000000c0021af8                SoundChannel::getBufferSize()
                0x00000000c0021b00                SoundChannel::unbuffer(float*, int, int)
                0x00000000c0021b94                SoundChannel::buffer16(short*, int)
                0x00000000c0021c90                SoundChannel::buffer8(unsigned char*, int)
 .text          0x00000000c0021d30      0x43e hal/sound/sndhw.32
                0x00000000c0021d30                SoundDevice::SoundDevice(char const*)
                0x00000000c0021d30                SoundDevice::SoundDevice(char const*)
                0x00000000c0021d9c                SoundDevice::~SoundDevice()
                0x00000000c0021d9c                SoundDevice::~SoundDevice()
                0x00000000c0021e16                SoundDevice::~SoundDevice()
                0x00000000c0021e40                SoundDevice::getFreeChannelNum()
                0x00000000c0021e5a                SoundDevice::addChannel(SoundChannel*)
                0x00000000c0021eca                SoundDevice::removeChannel(int)
                0x00000000c0021efc                SoundDevice::floatTo16(float*, short*, int)
                0x00000000c0021fea                SoundDevice::floatTo8(float*, unsigned char*, int)
                0x00000000c00220d2                SoundDevice::getAudio(int, float*, float*)
 .text          0x00000000c002216e        0x0 hw/bus/isa.32
 .text          0x00000000c002216e      0xb87 hw/bus/pci.32
                0x00000000c002216e                PCI::open(int, int, void*)
                0x00000000c002218c                PCI::close(int, int, void*)
                0x00000000c0022190                PCI::PCI()
                0x00000000c0022190                PCI::PCI()
                0x00000000c0022226                PCI::readBAR8(unsigned int, int)
                0x00000000c0022242                PCI::readBAR16(unsigned int, int)
                0x00000000c0022260                PCI::readBAR32(unsigned int, int)
                0x00000000c002227c                PCI::writeBAR8(unsigned int, unsigned char, int)
                0x00000000c002229c                PCI::writeBAR16(unsigned int, unsigned short, int)
                0x00000000c00222be                PCI::writeBAR32(unsigned int, unsigned int, int)
                0x00000000c00222de                PCI::legacyMechanism(unsigned char, unsigned char, unsigned char, unsigned char)
                0x00000000c002234c                PCI::pciReadWord(unsigned char, unsigned char, unsigned char, unsigned char)
                0x00000000c00223f4                PCI::getVendorID(unsigned char, unsigned char, unsigned char)
                0x00000000c0022418                PCI::getHeaderType(unsigned char, unsigned char, unsigned char)
                0x00000000c0022440                PCI::getClassCode(unsigned char, unsigned char, unsigned char)
                0x00000000c002248a                PCI::getProgIF(unsigned char, unsigned char, unsigned char)
                0x00000000c00224b2                PCI::getRevisionID(unsigned char, unsigned char, unsigned char)
                0x00000000c00224d6                PCI::getInterruptNumber(unsigned char, unsigned char, unsigned char)
                0x00000000c00224fa                PCI::getSecondaryBus(unsigned char, unsigned char, unsigned char)
                0x00000000c0022522                PCI::getBARAddress(unsigned char, unsigned char, unsigned char, unsigned char)
                0x00000000c0022586                PCI::pciWriteWord(unsigned char, unsigned char, unsigned char, unsigned char, unsigned short)
                0x00000000c002266e                PCI::pciDetailsToFilepath(PCIDeviceInfo, char*)
                0x00000000c00228e8                PCI::checkBus(unsigned char)
                0x00000000c002290c                PCI::foundDevice(PCIDeviceInfo)
                0x00000000c0022a7e                PCI::getDeviceData(unsigned char, unsigned char, unsigned char)
                0x00000000c0022c36                PCI::checkDevice(unsigned char, unsigned char)
                0x00000000c0022ca2                PCI::detect()
 *fill*         0x00000000c0022cf5        0x1 
 .text          0x00000000c0022cf6      0xb54 hw/diskctrl/ide.32
                0x00000000c0022cf6                IDE::close(int, int, void*)
                0x00000000c0022cfa                IDE::IDE()
                0x00000000c0022cfa                IDE::IDE()
                0x00000000c0022d2e                IDE::prepareInterrupt(unsigned char)
                0x00000000c0022d40                selectDrive(unsigned char, unsigned char)
                0x00000000c0022d42                IDE::getBase(unsigned char)
                0x00000000c0022d54                IDE::write(unsigned char, unsigned char, unsigned char)
                0x00000000c0022e14                IDE::read(unsigned char, unsigned char)
                0x00000000c0022ec2                IDE::waitInterrupt(unsigned char)
                0x00000000c0022f28                ideChannel0IRQHandler(regs*, void*)
                0x00000000c0022f44                ideChannel1IRQHandler(regs*, void*)
                0x00000000c0022f60                IDE::enableIRQs(unsigned char, bool)
                0x00000000c0022fa6                IDE::open(int, int, void*)
                0x00000000c00233b4                IDE::readBuffer(unsigned char, unsigned char, unsigned int, unsigned int)
                0x00000000c0023480                IDE::detect()
                0x00000000c0023746                IDE::printError(unsigned char, unsigned char, unsigned char)
                0x00000000c00237f6                IDE::polling(unsigned char, unsigned int)
 .text          0x00000000c002384a      0x336 hw/diskctrl/satabus.32
                0x00000000c002384a                SATABus::close(int, int, void*)
                0x00000000c002384e                SATABus::detect()
                0x00000000c0023850                SATABus::SATABus()
                0x00000000c0023850                SATABus::SATABus()
                0x00000000c00238d6                SATABus::findCmdslot(SATABus::tagHBA_PORT volatile*)
                0x00000000c002391e                SATABus::checkType(SATABus::tagHBA_PORT volatile*)
                0x00000000c0023966                SATABus::startCmd(SATABus::tagHBA_PORT volatile*)
                0x00000000c0023986                SATABus::stopCmd(SATABus::tagHBA_PORT volatile*)
                0x00000000c00239b0                SATABus::portRebase(SATABus::tagHBA_PORT volatile*, int)
                0x00000000c0023ab6                SATABus::probePort(SATABus::tagHBA_MEM volatile*)
                0x00000000c0023b60                SATABus::open(int, int, void*)
 .text          0x00000000c0023b80      0x604 hw/diskphys/ata.32
                0x00000000c0023b80                ATA::close(int, int, void*)
                0x00000000c0023ba4                ATA::powerSaving(PowerSavingLevel)
                0x00000000c0023ba6                ATA::ATA()
                0x00000000c0023ba6                ATA::ATA()
                0x00000000c0023bd4                ATA::flush(bool)
                0x00000000c0023c1e                ATA::readyForCommand()
                0x00000000c0023c6e                ATA::access(unsigned long long, int, void*, bool)
                0x00000000c0023ff6                ATA::read(unsigned long long, int, void*)
                0x00000000c0024042                ATA::write(unsigned long long, int, void*)
                0x00000000c002408e                ATA::detectCHS()
                0x00000000c00240b8                ATA::open(int, int, void*)
 .text          0x00000000c0024184      0x5bd hw/diskphys/atapi.32
                0x00000000c0024184                ATAPI::write(unsigned long long, int, void*)
                0x00000000c002418a                ATAPI::close(int, int, void*)
                0x00000000c00241ae                ATAPI::ATAPI()
                0x00000000c00241ae                ATAPI::ATAPI()
                0x00000000c00241dc                ATAPI::readyForCommand()
                0x00000000c002422c                ATAPI::sendPacket(unsigned char*, int, bool, unsigned short*, int)
                0x00000000c00244ec                ATAPI::diskRemoved()
                0x00000000c0024508                ATAPI::eject()
                0x00000000c0024550                ATAPI::diskInserted()
                0x00000000c002457e                ATAPI::detectMedia()
                0x00000000c002463a                ATAPI::open(int, int, void*)
                0x00000000c00246c2                ATAPI::read(unsigned long long, int, void*)
 *fill*         0x00000000c0024741        0x1 
 .text          0x00000000c0024742      0x41c hw/diskphys/sata.32
                0x00000000c0024742                SATA::close(int, int, void*)
                0x00000000c0024766                SATA::powerSaving(PowerSavingLevel)
                0x00000000c0024768                SATA::open(int, int, void*)
                0x00000000c0024812                SATA::SATA()
                0x00000000c0024812                SATA::SATA()
                0x00000000c0024840                SATA::access(unsigned long long, int, void*, bool)
                0x00000000c0024aa6                SATA::read(unsigned long long, int, void*)
                0x00000000c0024af2                SATA::write(unsigned long long, int, void*)
 .text          0x00000000c0024b5e      0x4fe hw/diskphys/satapi.32
                0x00000000c0024b5e                SATAPI::write(unsigned long long, int, void*)
                0x00000000c0024b64                SATAPI::close(int, int, void*)
                0x00000000c0024b88                SATAPI::SATAPI()
                0x00000000c0024b88                SATAPI::SATAPI()
                0x00000000c0024bb6                SATAPI::diskRemoved()
                0x00000000c0024bd2                SATAPI::diskInserted()
                0x00000000c0024c00                SATAPI::sendPacket(unsigned char*, int, unsigned long long, unsigned short*, int)
                0x00000000c0024e08                SATAPI::eject()
                0x00000000c0024e50                SATAPI::detectMedia()
                0x00000000c0024f12                SATAPI::open(int, int, void*)
                0x00000000c0024fba                SATAPI::read(unsigned long long, int, void*)
 .text          0x00000000c002505c       0x8e hw/fpu/avx.32
                0x00000000c002505c                AVX::open(int, int, void*)
                0x00000000c002506e                AVX::close(int, int, void*)
                0x00000000c0025080                AVX::available()
                0x00000000c0025092                AVX::save(void*)
                0x00000000c00250aa                AVX::load(void*)
                0x00000000c00250c2                AVX::AVX()
                0x00000000c00250c2                AVX::AVX()
 .text          0x00000000c00250ea       0x90 hw/fpu/mmx.32
                0x00000000c00250ea                MMX::available()
                0x00000000c00250fe                MMX::open(int, int, void*)
                0x00000000c0025110                MMX::close(int, int, void*)
                0x00000000c0025122                MMX::save(void*)
                0x00000000c002513a                MMX::load(void*)
                0x00000000c0025152                MMX::MMX()
                0x00000000c0025152                MMX::MMX()
 .text          0x00000000c002517a       0x96 hw/fpu/sse.32
                0x00000000c002517a                SSE::open(int, int, void*)
                0x00000000c002518c                SSE::close(int, int, void*)
                0x00000000c002519e                SSE::available()
                0x00000000c00251b8                SSE::save(void*)
                0x00000000c00251d0                SSE::load(void*)
                0x00000000c00251e8                SSE::SSE()
                0x00000000c00251e8                SSE::SSE()
 .text          0x00000000c0025210       0x8e hw/fpu/x87.32
                0x00000000c0025210                x87::open(int, int, void*)
                0x00000000c0025222                x87::close(int, int, void*)
                0x00000000c0025234                x87::available()
                0x00000000c0025246                x87::save(void*)
                0x00000000c002525e                x87::load(void*)
                0x00000000c0025276                x87::x87()
                0x00000000c0025276                x87::x87()
 .text          0x00000000c002529e      0x71e hw/intctrl/apic.32
                0x00000000c002529e                APIC::disable()
                0x00000000c00252a0                APIC::close(int, int, void*)
                0x00000000c00252c2                IOAPIC::close(int, int, void*)
                0x00000000c00252c8                APIC::io_wait()
                0x00000000c00252ce                APIC::getBase()
                0x00000000c0025310                APIC::eoi(unsigned char)
                0x00000000c002533e                APIC::open(int, int, void*)
                0x00000000c002548c                IOAPIC::IOAPIC()
                0x00000000c002548c                IOAPIC::IOAPIC()
                0x00000000c00254b4                APIC::APIC()
                0x00000000c00254b4                APIC::APIC()
                0x00000000c0025590                IOAPIC::handlesGSIWithNumber(unsigned int)
                0x00000000c00255c2                IOAPIC::read(int)
                0x00000000c00255ea                IOAPIC::open(int, int, void*)
                0x00000000c00256e0                IOAPIC::write(int, int)
                0x00000000c002570c                IOAPIC::redirect(unsigned char, unsigned long long, unsigned char, bool, bool)
                0x00000000c0025806                APIC::installIRQHandler(int, void (*)(regs*, void*), bool, void*)
 .text          0x00000000c00259bc      0x3d3 hw/intctrl/pic.32
                0x00000000c00259bc                PIC::disable()
                0x00000000c00259ea                PIC::close(int, int, void*)
                0x00000000c0025a0c                PIC::PIC()
                0x00000000c0025a0c                PIC::PIC()
                0x00000000c0025ae2                PIC::ioWait()
                0x00000000c0025ae8                PIC::getIRQReg(int)
                0x00000000c0025b52                PIC::eoi(unsigned char)
                0x00000000c0025be4                PIC::remap()
                0x00000000c0025d50                PIC::open(int, int, void*)
 *fill*         0x00000000c0025d8f        0x1 
 .text          0x00000000c0025d90      0x25e hw/timer/apictimer.32
                0x00000000c0025d90                APICTimer::close(int, int, void*)
                0x00000000c0025d96                apicTimerHandler(regs*, void*)
                0x00000000c0025dc4                APICTimer::write(int)
                0x00000000c0025ec8                APICTimer::open(int, int, void*)
                0x00000000c0025fc6                APICTimer::APICTimer()
                0x00000000c0025fc6                APICTimer::APICTimer()
 .text          0x00000000c0025fee      0x1a7 hw/timer/pit.32
                0x00000000c0025fee                PIT::write(int)
                0x00000000c002606c                pitHandler(regs*, void*)
                0x00000000c0026098                PIT::open(int, int, void*)
                0x00000000c00260e6                PIT::close(int, int, void*)
                0x00000000c0026116                PIT::PIT()
                0x00000000c0026116                PIT::PIT()
 *fill*         0x00000000c0026195        0xb 
 .text          0x00000000c00261a0       0x1e hw/fpu/x86/avx.32
                0x00000000c00261a0                avxDetect
                0x00000000c00261a6                avxSave
                0x00000000c00261a7                avxLoad
                0x00000000c00261a8                avxInit
                0x00000000c00261a9                avxClose
                0x00000000c00261aa                wouldSheSayYes
 *fill*         0x00000000c00261be        0x2 
 .text          0x00000000c00261c0       0x35 hw/fpu/x86/sse.32
                0x00000000c00261c0                absolutelyNoChanceInHell
                0x00000000c00261c0                sseDetect
                0x00000000c00261d8                sseSave
                0x00000000c00261de                sseLoad
                0x00000000c00261e4                sseInit
                0x00000000c00261f4                sseClose
 *fill*         0x00000000c00261f5        0xb 
 .text          0x00000000c0026200       0x4d hw/fpu/x86/x87.32
                0x00000000c0026206                x87Detect
                0x00000000c0026221                x87Save
                0x00000000c002622a                x87Load
                0x00000000c0026232                x87Init
                0x00000000c002624c                x87Close
 *fill*         0x00000000c002624d        0x3 
 .text          0x00000000c0026250       0x25 /cygdrive/d/Users/Alex/Desktop/Toolchain/Output/bin/../lib/gcc/i386-banana/8.1.0/crtend.o
 .text          0x00000000c0026275        0x0 crtn.32
 *fill*         0x00000000c0026275        0x3 
 .text          0x00000000c0026278      0x14b /cygdrive/d/Users/Alex/Desktop/Toolchain/Output/bin/../lib/gcc/i386-banana/8.1.0/libkgcc.a(_divdi3.o)
                0x00000000c0026278                __divdi3
 *fill*         0x00000000c00263c3        0x1 
 .text          0x00000000c00263c4      0x17e /cygdrive/d/Users/Alex/Desktop/Toolchain/Output/bin/../lib/gcc/i386-banana/8.1.0/libkgcc.a(_moddi3.o)
                0x00000000c00263c4                __moddi3
 *fill*         0x00000000c0026542        0x2 
 .text          0x00000000c0026544       0xff /cygdrive/d/Users/Alex/Desktop/Toolchain/Output/bin/../lib/gcc/i386-banana/8.1.0/libkgcc.a(_udivdi3.o)
                0x00000000c0026544                __udivdi3
 *fill*         0x00000000c0026643        0x1 
 .text          0x00000000c0026644      0x11a /cygdrive/d/Users/Alex/Desktop/Toolchain/Output/bin/../lib/gcc/i386-banana/8.1.0/libkgcc.a(_umoddi3.o)
                0x00000000c0026644                __umoddi3
 .text          0x00000000c002675e      0x96d D:/Users/Alex/Desktop/Banana/kernel/libsoftfp.a(sfieeelib.o)
                0x00000000c002675e                __addsf3
                0x00000000c0026a60                __subsf3
                0x00000000c0026a74                __negsf2
                0x00000000c0026a81                __mulsf3
                0x00000000c0026c44                __divsf3
                0x00000000c0026e6f                __floatsisf
                0x00000000c0026ee3                __floatunsisf
                0x00000000c0026f25                __fixsfsi
                0x00000000c0026f87                __fixunssfsi
                0x00000000c0026fb8                __cmpsf2
                0x00000000c002704d                __eqsf2
                0x00000000c0027088                __nesf2
                0x00000000c002708a                __gtsf2
                0x00000000c00270c5                __gesf2
                0x00000000c00270c7                __ltsf2
                0x00000000c00270c9                __lesf2
 .text          0x00000000c00270cb      0xf50 D:/Users/Alex/Desktop/Banana/kernel/libsoftfp.a(dfieeelib.o)
                0x00000000c00270cb                __adddf3
                0x00000000c002771c                __subdf3