Archive member included to satisfy reference by file (symbol)

/cygdrive/d/Users/Alex/Desktop/Toolchain/Output/bin/../lib/gcc/i386-banana/8.1.0/libgcc.a(_divdi3.o)
                              fs/fat/ff.32 (__divdi3)
/cygdrive/d/Users/Alex/Desktop/Toolchain/Output/bin/../lib/gcc/i386-banana/8.1.0/libgcc.a(_moddi3.o)
                              thr/elf.32 (__moddi3)
/cygdrive/d/Users/Alex/Desktop/Toolchain/Output/bin/../lib/gcc/i386-banana/8.1.0/libgcc.a(_udivdi3.o)
                              fs/fat/ff.32 (__udivdi3)
/cygdrive/d/Users/Alex/Desktop/Toolchain/Output/bin/../lib/gcc/i386-banana/8.1.0/libgcc.a(_umoddi3.o)
                              core/pipe.32 (__umoddi3)
D:/Users/Alex/Desktop/Banana/kernel/libk/libm32.a(s_fabs.c.o)
                              hal/libresample/samplerate.32 (fabs)
D:/Users/Alex/Desktop/Banana/kernel/libk/libm32.a(s_lrint.S.o)
                              hal/libresample/samplerate.32 (lrint)
D:/Users/Alex/Desktop/Banana/kernel/libk/libm32.a(s_lrintf.S.o)
                              hal/sound/sndhw.32 (lrintf)

Discarded input sections

 .comment       0x0000000000000000       0x12 /cygdrive/d/Users/Alex/Desktop/Toolchain/Output/bin/../lib/gcc/i386-banana/8.1.0/crtbegin.o
 .comment       0x0000000000000000       0x12 acpica/utclib.32
 .comment       0x0000000000000000       0x12 core/malloc.32
 .comment       0x0000000000000000       0x12 libk/string.32
 .comment       0x0000000000000000       0x12 fs/fat/diskio.32
 .comment       0x0000000000000000       0x12 fs/fat/ff.32
 .comment       0x0000000000000000       0x12 fs/fat/ffsystem.32
 .comment       0x0000000000000000       0x12 fs/fat/ffunicode.32
 .comment       0x0000000000000000       0x12 hal/libresample/samplerate.32
 .comment       0x0000000000000000       0x12 hal/libresample/src_linear.32
 .comment       0x0000000000000000       0x12 hal/libresample/src_sinc.32
 .comment       0x0000000000000000       0x12 hal/libresample/src_zoh.32
 .group         0x0000000000000000       0x14 core/computer.32
 .group         0x0000000000000000        0xc core/computer.32
 .comment       0x0000000000000000       0x12 core/computer.32
 .comment       0x0000000000000000       0x12 core/gdt.32
 .group         0x0000000000000000        0xc core/idle.32
 .comment       0x0000000000000000       0x12 core/idle.32
 .comment       0x0000000000000000       0x12 core/idt.32
 .group         0x0000000000000000        0x8 core/kheap.32
 .group         0x0000000000000000        0x8 core/kheap.32
 .comment       0x0000000000000000       0x12 core/kheap.32
 .comment       0x0000000000000000       0x12 core/main.32
 .comment       0x0000000000000000       0x12 core/physmgr.32
 .group         0x0000000000000000        0xc core/pipe.32
 .comment       0x0000000000000000       0x12 core/pipe.32
 .group         0x0000000000000000        0xc core/terminal.32
 .comment       0x0000000000000000       0x12 core/terminal.32
 .group         0x0000000000000000        0x8 core/tss.32
 .text._ZN3CPU7readCR3Ev
                0x0000000000000000       0x12 core/tss.32
 .comment       0x0000000000000000       0x12 core/tss.32
 .group         0x0000000000000000        0x8 core/unixfile.32
 .group         0x0000000000000000        0xc core/unixfile.32
 .group         0x0000000000000000        0xc core/unixfile.32
 .group         0x0000000000000000        0x8 core/unixfile.32
 .group         0x0000000000000000        0xc core/unixfile.32
 .group         0x0000000000000000        0x8 core/unixfile.32
 .group         0x0000000000000000        0xc core/unixfile.32
 .group         0x0000000000000000        0xc core/unixfile.32
 .comment       0x0000000000000000       0x12 core/unixfile.32
 .group         0x0000000000000000        0x8 core/virtmgr.32
 .group         0x0000000000000000        0x8 core/virtmgr.32
 .text._ZN3CPU7readCR3Ev
                0x0000000000000000       0x12 core/virtmgr.32
 .text._ZN3CPU8writeCR3Em
                0x0000000000000000        0x9 core/virtmgr.32
 .comment       0x0000000000000000       0x12 core/virtmgr.32
 .comment       0x0000000000000000       0x12 coreobjs/c++.32
 .comment       0x0000000000000000       0x12 dbg/kconsole.32
 .group         0x0000000000000000        0xc fs/vfs.32
 .group         0x0000000000000000        0xc fs/vfs.32
 .group         0x0000000000000000        0xc fs/vfs.32
 .comment       0x0000000000000000       0x12 fs/vfs.32
 .group         0x0000000000000000        0xc hal/bus.32
 .comment       0x0000000000000000       0x12 hal/bus.32
 .group         0x0000000000000000        0xc hal/buzzer.32
 .comment       0x0000000000000000       0x12 hal/buzzer.32
 .group         0x0000000000000000        0xc hal/clock.32
 .comment       0x0000000000000000       0x12 hal/clock.32
 .group         0x0000000000000000       0x14 hal/device.32
 .group         0x0000000000000000        0xc hal/device.32
 .group         0x0000000000000000        0xc hal/device.32
[...]
Memory Configuration

Name             Origin             Length             Attributes
*default*        0x0000000000000000 0xffffffffffffffff

Linker script and memory map

LOAD D:/Users/Alex/Desktop/Banana/kernel/boot.32
LOAD crti.32
LOAD /cygdrive/d/Users/Alex/Desktop/Toolchain/Output/bin/../lib/gcc/i386-banana/8.1.0/crtbegin.o
LOAD D:/Users/Alex/Desktop/Banana/kernel/morenasm.32
LOAD acpica/utclib.32
LOAD core/malloc.32
LOAD libk/string.32
LOAD fs/fat/diskio.32
LOAD fs/fat/ff.32
LOAD fs/fat/ffsystem.32
LOAD fs/fat/ffunicode.32
LOAD hal/libresample/samplerate.32
LOAD hal/libresample/src_linear.32
LOAD hal/libresample/src_sinc.32
LOAD hal/libresample/src_zoh.32
LOAD core/computer.32
LOAD core/gdt.32
LOAD core/idle.32
LOAD core/idt.32
LOAD core/kheap.32
LOAD core/main.32
LOAD core/physmgr.32
LOAD core/pipe.32
LOAD core/terminal.32
LOAD core/tss.32
LOAD core/unixfile.32
LOAD core/virtmgr.32
LOAD coreobjs/c++.32
LOAD dbg/kconsole.32
LOAD fs/vfs.32
LOAD hal/bus.32
LOAD hal/buzzer.32
LOAD hal/clock.32
LOAD hal/device.32
LOAD hal/diskctrl.32
LOAD hal/diskphys.32
LOAD hal/fpu.32
LOAD hal/intctrl.32
LOAD hal/keybrd.32
LOAD hal/logidisk.32
LOAD hal/mouse.32
LOAD hal/partition.32
LOAD hal/timer.32
LOAD hal/vcache.32
LOAD hal/video.32
LOAD hw/acpi.32
LOAD hw/cpu.32
LOAD hw/ports.32
LOAD krnl/panic.32
LOAD reg/registry.32
LOAD sys/sc_exit.32
LOAD sys/sc_loaddll.32
LOAD sys/sc_read.32
LOAD sys/sc_sbrk.32
LOAD sys/sc_write.32
LOAD sys/sc_yield.32
LOAD sys/syscalls.32
LOAD thr/elf.32
LOAD thr/prcssthr.32
LOAD vm86/vm8086.32
LOAD fs/fat/vfslink.32
LOAD fs/iso9660/vfslink.32
LOAD hal/sound/sndchannel.32
LOAD hal/sound/sndhw.32
LOAD hw/bus/isa.32
LOAD hw/bus/pci.32
LOAD hw/diskctrl/ide.32
LOAD hw/diskphys/ata.32
LOAD hw/diskphys/atapi.32
LOAD hw/fpu/avx.32
LOAD hw/fpu/mmx.32
LOAD hw/fpu/sse.32
LOAD hw/fpu/x87.32
LOAD hw/intctrl/apic.32
LOAD hw/intctrl/pic.32
LOAD hw/timer/apictimer.32
LOAD hw/timer/pit.32
LOAD hw/fpu/x86/avx.32
LOAD hw/fpu/x86/sse.32
LOAD hw/fpu/x86/x87.32
LOAD /cygdrive/d/Users/Alex/Desktop/Toolchain/Output/bin/../lib/gcc/i386-banana/8.1.0/crtend.o
LOAD crtn.32
LOAD /cygdrive/d/Users/Alex/Desktop/Toolchain/Output/bin/../lib/gcc/i386-banana/8.1.0/libgcc.a
LOAD D:/Users/Alex/Desktop/Banana/kernel/libk/libm32.a
                0x00000000c0000000                . = 0xc0000000

.text           0x00000000c0000000    0x1ea08
 *(.text)
 .text          0x00000000c0000000       0x41 D:/Users/Alex/Desktop/Banana/kernel/boot.32
                0x00000000c0000020                callGlobalConstructors
 .text          0x00000000c0000041        0x0 crti.32
 *fill*         0x00000000c0000041        0x3 
 .text          0x00000000c0000044      0x101 /cygdrive/d/Users/Alex/Desktop/Toolchain/Output/bin/../lib/gcc/i386-banana/8.1.0/crtbegin.o
 *fill*         0x00000000c0000145        0xb 
 .text          0x00000000c0000150      0x41f D:/Users/Alex/Desktop/Banana/kernel/morenasm.32
                0x00000000c0000150                doTPAUSE
                0x00000000c000015a                hasLegacyFPU
                0x00000000c000017f                is486
                0x00000000c00001b5                goToVM86
                0x00000000c00001e6                goToUsermode
                0x00000000c0000211                switchToThreadASMFirstTime
                0x00000000c000021f                switchToThreadASM
                0x00000000c00002bf                detectCPUID
                0x00000000c00002d5                asmQuickAcquireLock
                0x00000000c00002f3                asmQuickReleaseLock
                0x00000000c00002ff                asmAcquireLock
                0x00000000c0000320                asmReleaseLock
                0x00000000c0000333                loadGDT
                0x00000000c0000353                isr0
                0x00000000c0000363                isr1
                0x00000000c000036d                isr2
                0x00000000c0000377                isr3
                0x00000000c0000381                isr4
                0x00000000c000038b                isr5
                0x00000000c0000395                isr6
                0x00000000c000039f                isr7
                0x00000000c00003a9                isr8
                0x00000000c00003b1                isr9
                0x00000000c00003bb                isr10
                0x00000000c00003c3                isr11
                0x00000000c00003cb                isr12
                0x00000000c00003d3                isr13
                0x00000000c00003db                isr14
                0x00000000c00003e3                isr15
                0x00000000c00003ed                isr16
                0x00000000c00003f7                isr17
                0x00000000c0000401                isr18
                0x00000000c000040b                isr96
                0x00000000c0000415                irq0
                0x00000000c000041f                irq1
                0x00000000c0000429                irq2
                0x00000000c0000433                irq3
                0x00000000c000043d                irq4
                0x00000000c0000447                irq5
                0x00000000c0000451                irq6
                0x00000000c000045b                irq7
                0x00000000c0000465                irq8
                0x00000000c000046f                irq9
                0x00000000c0000479                irq10
                0x00000000c0000483                irq11
                0x00000000c000048d                irq12
                0x00000000c0000497                irq13
                0x00000000c00004a1                irq14
                0x00000000c00004ab                irq15
                0x00000000c00004b5                irq16
                0x00000000c00004bf                irq17
                0x00000000c00004c9                irq18
                0x00000000c00004d3                irq19
                0x00000000c00004dd                irq20
                0x00000000c00004e7                irq21
                0x00000000c00004f1                irq22
                0x00000000c00004fb                irq23
                0x00000000c0000505                int_common_stub
                0x00000000c0000535                syscall_common_stub
 .text          0x00000000c000056f      0x41c acpica/utclib.32
                0x00000000c000056f                memcmp
                0x00000000c000059a                memmove
                0x00000000c00005d2                memcpy
                0x00000000c0000608                memset
                0x00000000c0000625                strlen
                0x00000000c0000635                strpbrk
                0x00000000c0000658                strtok
                0x00000000c00006a7                strcpy
                0x00000000c00006d4                strncpy
                0x00000000c0000705                strcmp
                0x00000000c0000726                strchr
                0x00000000c000073c                strncmp
                0x00000000c000076b                strcat
                0x00000000c0000792                strncat
                0x00000000c00007cc                strstr
                0x00000000c0000809                toupper
                0x00000000c000081d                tolower
                0x00000000c0000831                simple_strtoul
 .text          0x00000000c000098b      0xfbf core/malloc.32
                0x00000000c0000af6                dlfree
                0x00000000c0000e51                dlmalloc
                0x00000000c000138e                dlrealloc
                0x00000000c0001543                dlmemalign
                0x00000000c0001666                dlcalloc
                0x00000000c0001700                dlcfree
                0x00000000c0001705                dlindependent_calloc
                0x00000000c000172a                dlindependent_comalloc
                0x00000000c0001741                dlvalloc
                0x00000000c000176c                dlpvalloc
                0x00000000c00017a2                dlmalloc_trim
                0x00000000c00017af                dlmalloc_usable_size
                0x00000000c00017e0                dlmallinfo
                0x00000000c00018af                dlmalloc_stats
                0x00000000c00018c0                dlmallopt
 .text          0x00000000c000194a        0x0 libk/string.32
 .text          0x00000000c000194a       0x51 fs/fat/diskio.32
                0x00000000c000194a                disk_status
                0x00000000c000194d                disk_initialize
                0x00000000c0001950                disk_read
                0x00000000c0001966                disk_write
                0x00000000c000197c                disk_ioctl
 .text          0x00000000c000199b     0x6833 fs/fat/ff.32
                0x00000000c0004c69                f_mount
                0x00000000c0004ccb                f_open
                0x00000000c0005107                f_read
                0x00000000c0005387                f_write
                0x00000000c0005641                f_sync
                0x00000000c000581d                f_close
                0x00000000c000584c                f_lseek
                0x00000000c0005d03                f_opendir
                0x00000000c0005e05                f_closedir
                0x00000000c0005e27                f_readdir
                0x00000000c0005ec2                f_stat
                0x00000000c0005f51                f_getfree
                0x00000000c000611c                f_truncate
                0x00000000c0006214                f_unlink
                0x00000000c0006397                f_mkdir
                0x00000000c00065c3                f_rename
                0x00000000c00068b6                f_chmod
                0x00000000c0006994                f_utime
                0x00000000c0006a72                f_getlabel
                0x00000000c0006c60                f_setlabel
                0x00000000c0006ecd                f_forward
                0x00000000c00070ab                f_mkfs
 .text          0x00000000c00081ce       0x2d fs/fat/ffsystem.32
                0x00000000c00081ce                ff_memalloc
                0x00000000c00081e4                ff_memfree
 .text          0x00000000c00081fb      0x253 fs/fat/ffunicode.32
                0x00000000c00081fb                ff_uni2oem
                0x00000000c000828b                ff_oem2uni
                0x00000000c00082f7                ff_wtoupper
 .text          0x00000000c000844e      0x70e hal/libresample/samplerate.32
                0x00000000c00084d6                src_delete
                0x00000000c0008512                src_process
                0x00000000c000863a                src_callback_read
                0x00000000c000879b                src_set_ratio
                0x00000000c00087f2                src_get_channels
                0x00000000c0008814                src_reset
                0x00000000c0008858                src_new
                0x00000000c00088e6                src_callback_new
                0x00000000c0008948                src_get_name
                0x00000000c000897f                src_get_description
                0x00000000c00089b6                src_get_version
                0x00000000c00089bc                src_is_valid_ratio
                0x00000000c00089d6                src_error
                0x00000000c00089e4                src_strerror
                0x00000000c00089f7                src_simple
                0x00000000c0008a4a                src_short_to_float_array
                0x00000000c0008a70                src_float_to_short_array
                0x00000000c0008ad4                src_int_to_float_array
                0x00000000c0008afa                src_float_to_int_array
 .text          0x00000000c0008b5c      0x3fd hal/libresample/src_linear.32
                0x00000000c0008eb4                linear_get_name
                0x00000000c0008ec3                linear_get_description
                0x00000000c0008ed2                linear_set_converter
 .text          0x00000000c0008f59     0x1a3f hal/libresample/src_sinc.32
                0x00000000c000a8af                sinc_get_name
                0x00000000c000a8c2                sinc_get_description
                0x00000000c000a8d5                sinc_set_converter
 .text          0x00000000c000a998      0x3d3 hal/libresample/src_zoh.32
                0x00000000c000acc6                zoh_get_name
                0x00000000c000acd5                zoh_get_description
                0x00000000c000ace4                zoh_set_converter
 *fill*         0x00000000c000ad6b        0x1 
 .text          0x00000000c000ad6c      0x6c0 core/computer.32
                0x00000000c000ad6c                Computer::close(int, int, void*)
                0x00000000c000adb0                Computer::Computer()
                0x00000000c000adb0                Computer::Computer()
                0x00000000c000af0c                Computer::setBootMessage(char const*)
                0x00000000c000af0e                Computer::start()
                0x00000000c000afea                firstTask()
                0x00000000c000aff8                Computer::detectFeatures()
                0x00000000c000b1d2                Computer::displayFeatures()
                0x00000000c000b1d4                Computer::rdmsr(unsigned int)
                0x00000000c000b200                Computer::wrmsr(unsigned int, unsigned long long)
                0x00000000c000b238                Computer::nmiEnabled()
                0x00000000c000b244                Computer::readCMOS(unsigned char)
                0x00000000c000b25e                Computer::enableNMI(bool)
                0x00000000c000b276                Computer::open(int, int, void*)
                0x00000000c000b344                Computer::disableNMI()
                0x00000000c000b352                Computer::writeCMOS(unsigned char, unsigned char)
                0x00000000c000b370                Computer::handleNMI()
                0x00000000c000b3d6                Computer::setDiskActivityLight(int, bool)
                0x00000000c000b401                debug_strcpy
 .text          0x00000000c000b42c      0x1b7 core/gdt.32
                0x00000000c000b42c                GDTEntry::setBase(unsigned int)
                0x00000000c000b448                GDTEntry::setLimit(unsigned int)
                0x00000000c000b466                GDT::GDT()
                0x00000000c000b466                GDT::GDT()
                0x00000000c000b47c                GDT::addEntry(GDTEntry)
                0x00000000c000b4b8                GDT::getNumberOfEntries()
                0x00000000c000b4c0                GDT::flush()
                0x00000000c000b4e2                GDT::setup()
 .text          0x00000000c000b5e3       0x61 core/idle.32
                0x00000000c000b5e3                idleFunction(void*)
 .text          0x00000000c000b644      0x45f core/idt.32
                0x00000000c000b644                IDTEntry::IDTEntry(bool)
                0x00000000c000b644                IDTEntry::IDTEntry(bool)
                0x00000000c000b6b2                IDTEntry::setOffset(unsigned int)
                0x00000000c000b6c6                IDT::IDT()
                0x00000000c000b6c6                IDT::IDT()
                0x00000000c000b6c8                IDT::getPointerToInvalidOpcodeEntryForF00F()
                0x00000000c000b6d0                IDT::addEntry(IDTEntry, int)
                0x00000000c000b6ea                IDT::addEntry(int, void (*)(), bool)
                0x00000000c000b722                IDT::flush()
                0x00000000c000b73c                IDT::setup()
 .text          0x00000000c000baa3      0x20d core/kheap.32
                0x00000000c000baa3                sbrk
                0x00000000c000bbbb                mmap
                0x00000000c000bbd1                munmap
                0x00000000c000bbe7                liballoc_lock()
                0x00000000c000bbf8                liballoc_unlock()
                0x00000000c000bc09                liballoc_alloc(int)
                0x00000000c000bc24                liballoc_free(void*, int)
                0x00000000c000bc42                realloc
                0x00000000c000bc56                malloc
                0x00000000c000bc66                free
                0x00000000c000bc76                rfree
                0x00000000c000bc86                calloc
 .text          0x00000000c000bcb0      0x38d core/main.32
                0x00000000c000bcb0                hwTextMode_loadInData(VgaText*)
                0x00000000c000bcf5                hwTextMode_loadInTitle(VgaText*, char*)
                0x00000000c000bd37                hwTextMode_showCursor(VgaText*, bool)
                0x00000000c000bd8b                hwTextMode_update(VgaText*)
                0x00000000c000bd8c                hwTextMode_updateCursor(VgaText*)
                0x00000000c000bdd4                hwTextMode_disableBlink(VgaText*, bool)
                0x00000000c000be10                hwTextMode_scrollScreen(VgaText*)
                0x00000000c000be96                hwTextMode_writeCharacter(VgaText*, char, VgaColour, VgaColour, int, int)
                0x00000000c000bef4                setupTextMode()
                0x00000000c000bf45                kernel_main
 .text          0x00000000c000c03d      0x46c core/physmgr.32
                0x00000000c000c03d                Phys::allocateDMA(unsigned long)
                0x00000000c000c0e0                Phys::freeDMA(unsigned long, unsigned long)
                0x00000000c000c128                Phys::setPageState(unsigned long, bool)
                0x00000000c000c15a                Phys::getPageState(unsigned long)
                0x00000000c000c176                Phys::freePage(unsigned long)
                0x00000000c000c200                Phys::allocatePage()
                0x00000000c000c2bc                Phys::allowSegmentToBeUsed(unsigned long, unsigned long)
                0x00000000c000c2f4                Phys::physicalMemorySetup(unsigned int)
 *fill*         0x00000000c000c4a9        0x1 
 .text          0x00000000c000c4aa      0x273 core/pipe.32
                0x00000000c000c4aa                Pipe::isAtty()
                0x00000000c000c4ae                Pipe::~Pipe()
                0x00000000c000c4ae                Pipe::~Pipe()
                0x00000000c000c4d2                Pipe::~Pipe()
                0x00000000c000c4fa                Pipe::read(unsigned long long, void*, int*)
                0x00000000c000c5ee                Pipe::write(unsigned long long, void*, int*)
                0x00000000c000c6b6                Pipe::Pipe(int)
                0x00000000c000c6b6                Pipe::Pipe(int)
 *fill*         0x00000000c000c71d        0x1 
 .text          0x00000000c000c71e      0xf65 core/terminal.32
                0x00000000c000c71e                VgaText::isAtty()
                0x00000000c000c722                VgaText::~VgaText()
                0x00000000c000c722                VgaText::~VgaText()
                0x00000000c000c746                VgaText::~VgaText()
                0x00000000c000c770                VgaText::read(unsigned long long, void*, int*)
                0x00000000c000c790                setTerminalScrollLock(bool)
                0x00000000c000c791                addToTerminalCycle(VgaText*)
                0x00000000c000c7be                installVgaTextImplementation()
                0x00000000c000c7d3                scrollTerminalScrollLock(int)
                0x00000000c000c7d4                VgaText::load()
                0x00000000c000c828                VgaText::updateCursor()
                0x00000000c000c842                VgaText::showCursor(bool)
                0x00000000c000c852                VgaText::disableBlink(bool)
                0x00000000c000c88c                VgaText::doANSI_SGR(int)
                0x00000000c000c918                VgaText::setDefaultBgColour(VgaColour)
                0x00000000c000c92e                VgaText::setDefaultFgColour(VgaColour)
                0x00000000c000c944                VgaText::setDefaultColours(VgaColour, VgaColour)
                0x00000000c000c964                VgaText::combineColours(unsigned char, unsigned char)
                0x00000000c000c976                VgaText::scrollScreen()
                0x00000000c000ca0a                VgaText::combineCharAndColour(char, unsigned char)
                0x00000000c000ca1c                VgaText::writeCharacter(char, VgaColour, VgaColour, int, int)
                0x00000000c000ca7c                VgaText::getCursorX()
                0x00000000c000ca88                VgaText::getCursorY()
                0x00000000c000ca94                VgaText::setCursor(int, int)
                0x00000000c000cab2                VgaText::setCursorX(int)
                0x00000000c000cace                VgaText::setCursorY(int)
                0x00000000c000caea                VgaText::incrementCursor(bool)
                0x00000000c000cb52                VgaText::updateRAMUsageDisplay(int)
                0x00000000c000cbac                VgaText::updateDiskUsage()
                0x00000000c000cd12                VgaText::updateTitle()
                0x00000000c000cd58                VgaText::setTitleTextColour(VgaColour)
                0x00000000c000cd68                VgaText::setTitleColour(VgaColour)
                0x00000000c000cd78                VgaText::setTitle(char*)
                0x00000000c000cd9e                VgaText::decrementCursor(bool)
                0x00000000c000cdc6                VgaText::putchar(char, VgaColour, VgaColour)
                0x00000000c000cec2                VgaText::isShowingCursor()
                0x00000000c000cece                VgaText::isBlinkDisabled()
                0x00000000c000cedc                VgaText::setCursorHeight(int)
                0x00000000c000cefa                VgaText::getCursorHeight()
                0x00000000c000cf05                setActiveTerminal(VgaText*)
                0x00000000c000cfb7                doTerminalCycle()
                0x00000000c000cfd4                VgaText::doUpdate()
                0x00000000c000cfe6                VgaText::puts(char const*, VgaColour, VgaColour)
                0x00000000c000d1a6                VgaText::clearScreen()
                0x00000000c000d20a                VgaText::putchar(char)
                0x00000000c000d324                VgaText::puts(char const*)
                0x00000000c000d34a                VgaText::putx(unsigned int)
                0x00000000c000d390                VgaText::VgaText(char const*)
                0x00000000c000d390                VgaText::VgaText(char const*)
                0x00000000c000d522                VgaText::receiveKey(unsigned char)
                0x00000000c000d60a                VgaText::write(unsigned long long, void*, int*)
                0x00000000c000d65e                newTerminal(char*)
 *fill*         0x00000000c000d683        0x1 
 .text          0x00000000c000d684      0x18f core/tss.32
                0x00000000c000d684                TSS::TSS()
                0x00000000c000d684                TSS::TSS()
                0x00000000c000d692                TSS::setESP(unsigned long)
                0x00000000c000d6a4                TSS::flush()
                0x00000000c000d6c4                TSS::setup(unsigned long, unsigned long)
 *fill*         0x00000000c000d813        0x1 
 .text          0x00000000c000d814      0x545 core/unixfile.32
                0x00000000c000d814                ReservedFilename::read(unsigned long long, void*, int*)
                0x00000000c000d8aa                ReservedFilename::isAtty()
                0x00000000c000d8e0                ReservedFilename::write(unsigned long long, void*, int*)
                0x00000000c000d97a                UnixFile::getFileDescriptor()
                0x00000000c000d982                UnixFile::UnixFile(int)
                0x00000000c000d982                UnixFile::UnixFile(int)
                0x00000000c000daf2                ReservedFilename::ReservedFilename(int)
                0x00000000c000daf2                ReservedFilename::ReservedFilename(int)
                0x00000000c000db24                UnixFile::~UnixFile()
                0x00000000c000db24                UnixFile::~UnixFile()
                0x00000000c000dbbc                UnixFile::~UnixFile()
                0x00000000c000dbe4                ReservedFilename::~ReservedFilename()
                0x00000000c000dbe4                ReservedFilename::~ReservedFilename()
                0x00000000c000dc08                ReservedFilename::~ReservedFilename()
                0x00000000c000dc2f                getFromFileDescriptor(int)
 *fill*         0x00000000c000dd59        0x1 
 .text          0x00000000c000dd5a     0x1175 core/virtmgr.32
                0x00000000c000dd5a                Virt::setPageState(unsigned long, Virt::VirtPageState)
                0x00000000c000dd8f                Virt::getPageState(unsigned long)
                0x00000000c000ddb3                Virt::allocateKernelVirtualPages(int)
                0x00000000c000dec4                Virt::virtualMemorySetup()
                0x00000000c000df43                Virt::getAKernelVAS()
                0x00000000c000df49                Virt::setupPageSwapping(int)
                0x00000000c000e06e                VAS::VAS()
                0x00000000c000e06e                VAS::VAS()
                0x00000000c000e09e                VAS::getForeignPageTableEntry(bool, unsigned long)
                0x00000000c000e0ca                VAS::getPageTableEntry(unsigned long)
                0x00000000c000e0e9                Virt::freeKernelVirtualPages(unsigned long)
                0x00000000c000e20c                VAS::freeAllocatedPages(unsigned long)
                0x00000000c000e230                VAS::virtualToPhysical(unsigned long)
                0x00000000c000e248                VAS::mapOtherVASIn(bool, VAS*)
                0x00000000c000e27e                VAS::~VAS()
                0x00000000c000e27e                VAS::~VAS()
                0x00000000c000e3ea                VAS::mapPage(unsigned long, unsigned long, int)
                0x00000000c000e4ea                VAS::allocatePages(int, int)
                0x00000000c000e6ba                VAS::setCPUSpecific(unsigned long)
                0x00000000c000e6d6                VAS::mapRange(unsigned long, unsigned long, int, int)
                0x00000000c000e7a0                VAS::VAS(VAS*)
                0x00000000c000e7a0                VAS::VAS(VAS*)
                0x00000000c000eaea                VAS::mapForeignPage(bool, VAS*, unsigned long, unsigned long, int)
                0x00000000c000ebd8                VAS::VAS(bool)
                0x00000000c000ebd8                VAS::VAS(bool)
                0x00000000c000ee08                mapVASFirstTime
 .text          0x00000000c000eecf       0x93 coreobjs/c++.32
                0x00000000c000eecf                __cxa_atexit
                0x00000000c000eed2                __cxa_finalize
                0x00000000c000eed3                __stack_chk_fail
                0x00000000c000ef33                __cxa_pure_virtual
                0x00000000c000ef44                operator new(unsigned long)
                0x00000000c000ef49                operator new[](unsigned long)
                0x00000000c000ef4e                operator delete(void*)
                0x00000000c000ef53                operator delete(void*, unsigned long)
                0x00000000c000ef58                operator delete[](void*)
                0x00000000c000ef5d                operator delete[](void*, unsigned long)
 .text          0x00000000c000ef62      0x1ef dbg/kconsole.32
                0x00000000c000ef62                Dbg::stringifyxWithBase(unsigned int, char*, int)
                0x00000000c000efc3                Dbg::logc(char)
                0x00000000c000efda                Dbg::logs(char*)
                0x00000000c000eff7                Dbg::logWriteInt(unsigned int)
                0x00000000c000f014                Dbg::logWriteIntBase(unsigned int, int)
                0x00000000c000f033                Dbg::kprintf(char const*, ...)
 *fill*         0x00000000c000f151        0x1 
 .text          0x00000000c000f152      0xb68 fs/vfs.32
                0x00000000c000f152                File::read(unsigned long long, void*, int*)
                0x00000000c000f1aa                File::write(unsigned long long, void*, int*)
                0x00000000c000f202                Directory::read(unsigned long long, void*, int*)
                0x00000000c000f25a                Directory::write(unsigned long long, void*, int*)
                0x00000000c000f288                File::isAtty()
                0x00000000c000f28c                Directory::isAtty()
                0x00000000c000f290                Filesystem::getlabel(LogicalDisk*, int, char*, unsigned int*)
                0x00000000c000f296                Filesystem::setlabel(LogicalDisk*, int, char*)
                0x00000000c000f29c                File::~File()
                0x00000000c000f29c                File::~File()
                0x00000000c000f2c0                File::~File()
                0x00000000c000f2ea                Directory::~Directory()
                0x00000000c000f2ea                Directory::~Directory()
                0x00000000c000f30e                Directory::~Directory()
                0x00000000c000f338                Filesystem::Filesystem()
                0x00000000c000f338                Filesystem::Filesystem()
                0x00000000c000f35c                Filesystem::~Filesystem()
                0x00000000c000f35c                Filesystem::~Filesystem()
                0x00000000c000f36a                Filesystem::~Filesystem()
                0x00000000c000f38e                initVFS()
                0x00000000c000f3b8                standardiseFiles(char*, char const*, char const*)
                0x00000000c000f562                File::File(char const*, Process*)
                0x00000000c000f562                File::File(char const*, Process*)
                0x00000000c000f5c6                File::open(FileOpenMode)
                0x00000000c000f624                File::close()
                0x00000000c000f684                File::seek(unsigned long long)
                0x00000000c000f6da                File::tell(unsigned long long*)
                0x00000000c000f72a                File::rewind()
                0x00000000c000f73e                File::unlink()
                0x00000000c000f78a                File::rename(char const*)
                0x00000000c000f7d8                File::chfatattr(unsigned char, unsigned char)
                0x00000000c000f834                File::exists()
                0x00000000c000f872                File::stat(unsigned long long*, bool*)
                0x00000000c000f8d3                getcwd(Process*, char*, int)
                0x00000000c000f8fd                setcwd(Process*, char*)
                0x00000000c000fa24                Directory::Directory(char const*, Process*)
                0x00000000c000fa24                Directory::Directory(char const*, Process*)
                0x00000000c000fa88                Directory::open()
                0x00000000c000fae4                Directory::close()
                0x00000000c000fb44                Directory::unlink()
                0x00000000c000fb90                Directory::rename(char const*)
                0x00000000c000fbde                Directory::exists()
                0x00000000c000fc1c                Directory::read(dirent*)
                0x00000000c000fc68                Directory::create()
                0x00000000c000fcb4                Filesystem::chfatattr(char const*, unsigned char, unsigned char)
 .text          0x00000000c000fcba       0x84 hal/bus.32
                0x00000000c000fcba                Bus::Bus(char const*)
                0x00000000c000fcba                Bus::Bus(char const*)
                0x00000000c000fcf0                Bus::~Bus()
                0x00000000c000fcf0                Bus::~Bus()
                0x00000000c000fd14                Bus::~Bus()
 .text          0x00000000c000fd3e      0x14e hal/buzzer.32
                0x00000000c000fd3e                Buzzer::Buzzer(char const*)
                0x00000000c000fd3e                Buzzer::Buzzer(char const*)
                0x00000000c000fd82                Buzzer::~Buzzer()
                0x00000000c000fd82                Buzzer::~Buzzer()
                0x00000000c000fda6                Buzzer::~Buzzer()
                0x00000000c000fdd0                Buzzer::stop()
                0x00000000c000fde3                beepThread(void*)
                0x00000000c000fe1e                Buzzer::beep(int, int, bool)
 .text          0x00000000c000fe8c      0x42f hal/clock.32
                0x00000000c000fe8c                loadClockSettings()
                0x00000000c000fea6                Clock::Clock(char const*)
                0x00000000c000fea6                Clock::Clock(char const*)
                0x00000000c000fedc                Clock::~Clock()
                0x00000000c000fedc                Clock::~Clock()
                0x00000000c000ff00                Clock::~Clock()
                0x00000000c000ff2a                Clock::timeInSecondsLocal()
                0x00000000c000ff72                Clock::setTimeInSecondsLocal(unsigned long long)
                0x00000000c000ffcb                datetimeToSeconds(datetime_t)
                0x00000000c00100f2                Clock::setTimeInDatetimeLocal(datetime_t)
                0x00000000c0010152                secondsToDatetime(unsigned long long)
                0x00000000c0010296                Clock::timeInDatetimeLocal()
 *fill*         0x00000000c00102bb        0x1 
 .text          0x00000000c00102bc      0x504 hal/device.32
                0x00000000c00102bc                Device::hibernate()
                0x00000000c00102be                Device::wake()
                0x00000000c00102c0                Device::detect()
                0x00000000c00102c2                Device::disableLegacy()
                0x00000000c00102c4                Device::powerSaving(PowerSavingLevel)
                0x00000000c00102c6                DriverlessDevice::close(int, int, void*)
                0x00000000c00102ca                DriverlessDevice::detect()
                0x00000000c00102cc                DriverlessDevice::open(int, int, void*)
                0x00000000c00102e0                Device::~Device()
                0x00000000c00102e0                Device::~Device()
                0x00000000c00102ee                Device::~Device()
                0x00000000c0010316                Device::findAndLoadDriver()
                0x00000000c0010318                Device::preOpenPCI(PCIDeviceInfo)
                0x00000000c001033e                Device::preOpenACPI(void*, char*, char*)
                0x00000000c0010392                Device::addIRQHandler(int, void (*)(regs*, void*), bool, void*)
                0x00000000c00103f0                Device::removeIRQHandler(int, void (*)(regs*, void*), bool)
                0x00000000c001043e                Device::addChild(Device*)
                0x00000000c0010482                Device::removeAllChildren()
                0x00000000c00104c8                Device::hibernateAll()
                0x00000000c00104f8                Device::wakeAll()
                0x00000000c0010528                Device::detectAll()
                0x00000000c0010558                Device::disableLegacyAll()
                0x00000000c0010588                Device::loadDriversForAll()
                0x00000000c00105b4                Device::closeAll()
                0x00000000c00105ea                Device::powerSavingAll(PowerSavingLevel)
                0x00000000c0010620                Device::setName(char const*)
                0x00000000c001062e                Device::Device(char const*)
                0x00000000c001062e                Device::Device(char const*)
                0x00000000c0010720                Device::getName()
                0x00000000c001072a                DriverlessDevice::DriverlessDevice(char const*)
                0x00000000c001072a                DriverlessDevice::DriverlessDevice(char const*)
                0x00000000c0010752                Device::addToLinkedList(LinkedList<Device>&, DeviceType)
                0x00000000c0010796                getDevicesOfType(DeviceType)
 .text          0x00000000c00107c0       0x84 hal/diskctrl.32
                0x00000000c00107c0                HardDiskController::HardDiskController(char const*)
                0x00000000c00107c0                HardDiskController::HardDiskController(char const*)
                0x00000000c00107f6                HardDiskController::~HardDiskController()
                0x00000000c00107f6                HardDiskController::~HardDiskController()
                0x00000000c001081a                HardDiskController::~HardDiskController()
 .text          0x00000000c0010844       0xde hal/diskphys.32
                0x00000000c0010844                PhysicalDisk::PhysicalDisk(char const*, int)
                0x00000000c0010844                PhysicalDisk::PhysicalDisk(char const*, int)
                0x00000000c00108ac                PhysicalDisk::startCache()
                0x00000000c00108d4                PhysicalDisk::~PhysicalDisk()
                0x00000000c00108d4                PhysicalDisk::~PhysicalDisk()
                0x00000000c00108f8                PhysicalDisk::~PhysicalDisk()
 .text          0x00000000c0010922      0x142 hal/fpu.32
                0x00000000c0010922                FPU::FPU(char const*)
                0x00000000c0010922                FPU::FPU(char const*)
                0x00000000c0010958                FPU::~FPU()
                0x00000000c0010958                FPU::~FPU()
                0x00000000c001097c                FPU::~FPU()
                0x00000000c00109a6                setupFPU()
 .text          0x00000000c0010a64      0xc21 hal/intctrl.32
                0x00000000c0010a64                InterruptController::uninstallISRHandler(int, void (*)(regs*, void*))
                0x00000000c0010a9c                InterruptController::installISRHandler(int, void (*)(regs*, void*), void*)
                0x00000000c0010aee                doubleFault(regs*, void*)
                0x00000000c0010afc                InterruptController::installIRQHandler(int, void (*)(regs*, void*), bool, void*)
                0x00000000c0010b98                InterruptController::clearAllHandlers(int, bool)
                0x00000000c0010c40                InterruptController::uninstallIRQHandler(int, void (*)(regs*, void*), bool)
                0x00000000c0010cc7                nmiHandler(regs*, void*)
                0x00000000c0010cd5                int_handler
                0x00000000c0010d70                InterruptController::InterruptController(char const*)
                0x00000000c0010d70                InterruptController::InterruptController(char const*)
                0x00000000c0010e16                InterruptController::~InterruptController()
                0x00000000c0010e16                InterruptController::~InterruptController()
                0x00000000c0010e3a                InterruptController::~InterruptController()
                0x00000000c0010e64                displayDebugInfo(regs*)
                0x00000000c001127b                x87EmulHandler(regs*, void*)
                0x00000000c00112de                gpFault(regs*, void*)
                0x00000000c0011317                pgFault(regs*, void*)
                0x00000000c001132e                otherISRHandler(regs*, void*)
                0x00000000c001134d                opcodeFault(regs*, void*)
                0x00000000c00113b7                displayProgramFault(char const*)
                0x00000000c00113e0                InterruptController::convertLegacyIRQNumber(int)
                0x00000000c001142a                setupInterruptController()
 *fill*         0x00000000c0011685        0x1 
 .text          0x00000000c0011686      0x608 hal/keybrd.32
                0x00000000c0011686                startGUI(void*)
                0x00000000c00116f8                sendKeyToTerminal(unsigned char)
                0x00000000c0011764                sendKeyboardToken(KeyboardToken)
                0x00000000c0011b3f                clearInternalKeybuffer(VgaText*)
                0x00000000c0011b74                readKeyboard(VgaText*, char*, unsigned long)
                0x00000000c0011c04                Keyboard::Keyboard(char const*)
                0x00000000c0011c04                Keyboard::Keyboard(char const*)
                0x00000000c0011c40                Keyboard::~Keyboard()
                0x00000000c0011c40                Keyboard::~Keyboard()
                0x00000000c0011c64                Keyboard::~Keyboard()
 .text          0x00000000c0011c8e      0x400 hal/logidisk.32
                0x00000000c0011c8e                LogicalDisk::close(int, int, void*)
                0x00000000c0011c92                LogicalDisk::~LogicalDisk()
                0x00000000c0011c92                LogicalDisk::~LogicalDisk()
                0x00000000c0011cb6                LogicalDisk::~LogicalDisk()
                0x00000000c0011ce0                LogicalDisk::open(int, int, void*)
                0x00000000c0011cf4                LogicalDisk::absoluteToRelative(unsigned long long)
                0x00000000c0011d2c                LogicalDisk::relativeToAbsolute(unsigned long long)
                0x00000000c0011d72                LogicalDisk::LogicalDisk(char const*, PhysicalDisk*, unsigned long long, unsigned long long)
                0x00000000c0011d72                LogicalDisk::LogicalDisk(char const*, PhysicalDisk*, unsigned long long, unsigned long long)
                0x00000000c0011e28                LogicalDisk::assignDriveLetter()
                0x00000000c0011ede                LogicalDisk::mount()
                0x00000000c0011f50                LogicalDisk::unmount()
                0x00000000c0011f60                LogicalDisk::unassignDriveLetter()
                0x00000000c0011fb6                LogicalDisk::read(unsigned long long, int, void*)
                0x00000000c0012022                LogicalDisk::write(unsigned long long, int, void*)
 .text          0x00000000c001208e       0x84 hal/mouse.32
                0x00000000c001208e                Mouse::Mouse(char const*)
                0x00000000c001208e                Mouse::Mouse(char const*)
                0x00000000c00120c4                Mouse::~Mouse()
                0x00000000c00120c4                Mouse::~Mouse()
                0x00000000c00120e8                Mouse::~Mouse()
 .text          0x00000000c0012112      0x339 hal/partition.32
                0x00000000c0012112                makePartition(PhysicalDisk*, unsigned long long, unsigned long long)
                0x00000000c00121ba                createPartitionsForDisk(PhysicalDisk*)
 *fill*         0x00000000c001244b        0x1 
 .text          0x00000000c001244c      0x2e7 hal/timer.32
                0x00000000c001244c                Timer::Timer(char const*)
                0x00000000c001244c                Timer::Timer(char const*)
                0x00000000c0012482                Timer::~Timer()
                0x00000000c0012482                Timer::~Timer()
                0x00000000c00124a6                Timer::~Timer()
                0x00000000c00124d0                Timer::read()
                0x00000000c00124db                timerHandler(unsigned long long)
                0x00000000c0012612                setupTimer(int)
 *fill*         0x00000000c0012733        0x1 
 .text          0x00000000c0012734      0x2d1 hal/vcache.32
                0x00000000c0012734                VCache::VCache(PhysicalDisk*)
                0x00000000c0012734                VCache::VCache(PhysicalDisk*)
                0x00000000c0012824                VCache::writeWriteBuffer()
                0x00000000c0012860                VCache::~VCache()
                0x00000000c0012860                VCache::~VCache()
                0x00000000c00128a0                VCache::~VCache()
                0x00000000c00128c8                VCache::write(unsigned long long, int, void*)
                0x00000000c00129ac                VCache::read(unsigned long long, int, void*)
 *fill*         0x00000000c0012a05        0x1 
 .text          0x00000000c0012a06      0x26d hal/video.32
                0x00000000c0012a06                Video::putrect(int, int, int, int, unsigned int)
                0x00000000c0012a50                Video::blit(unsigned int*, int, int, int, int)
                0x00000000c0012ace                Video::clearScreen(unsigned int)
                0x00000000c0012b02                Video::putpixel(int, int, unsigned int)
                0x00000000c0012b10                Video::Video(char const*)
                0x00000000c0012b10                Video::Video(char const*)
                0x00000000c0012b46                Video::~Video()
                0x00000000c0012b46                Video::~Video()
                0x00000000c0012b6a                Video::~Video()
                0x00000000c0012b94                Video::isMonochrome()
                0x00000000c0012ba0                Video::getWidth()
                0x00000000c0012bac                Video::getHeight()
                0x00000000c0012bb8                Video::drawCursor(int, int, unsigned char*, int)
 *fill*         0x00000000c0012c73        0x1 
 .text          0x00000000c0012c74      0xd28 hw/acpi.32
                0x00000000c0012c74                ACPI::close(int, int, void*)
                0x00000000c0012d29                findRSDP()
                0x00000000c0012db3                loadACPITables(unsigned char*)
                0x00000000c0012fda                findRSDT(unsigned char*)
                0x00000000c00130f8                findDataTable(unsigned char*, char*)
                0x00000000c0013194                scanMADT()
                0x00000000c0013528                ACPI::ACPI()
                0x00000000c0013528                ACPI::ACPI()
                0x00000000c0013588                ACPI::getPCIIRQAssignment(unsigned char, unsigned short, unsigned char)
                0x00000000c001366a                ACPI::registerPCIIRQAssignment(void*, unsigned short, unsigned char, unsigned char)
                0x00000000c0013770                ACPI::setScreenBrightnessLevel(void*, int)
                0x00000000c0013776                ACPI::writeSimpleBootFlag(SimpleBootFlagTable*)
                0x00000000c00137be                ACPI::open(int, int, void*)
                0x00000000c0013984                ACPI::sleep()
 .text          0x00000000c001399c     0x132c hw/cpu.32
                0x00000000c001399c                CPU::close(int, int, void*)
                0x00000000c001399f                lookupAMDCPUName(unsigned char, unsigned char)
                0x00000000c0013b33                lookupIntelCPUName(unsigned char, unsigned char)
                0x00000000c0013de1                AMD_K6_write_msr(unsigned int, unsigned int, unsigned int, REGS*)
                0x00000000c0013dfd                AMD_K6_read_msr(unsigned int, REGS*)
                0x00000000c0013e15                AMD_K6_writeback(int, int, int)
                0x00000000c0013e88                cpuid(int, unsigned long*, unsigned long*, unsigned long*, unsigned long*)
                0x00000000c0013f0b                cpuidCheckEDX(unsigned int)
                0x00000000c0013f38                cpuidCheckECX(unsigned int)
                0x00000000c0013f65                cpuidCheckExtendedEBX(unsigned int)
                0x00000000c0013f92                cpuidCheckExtendedECX(unsigned int)
                0x00000000c0013fbf                getCPUNumber()
                0x00000000c0013fc2                thisCPU()
                0x00000000c0013fd6                CPU::CPU()
                0x00000000c0013fd6                CPU::CPU()
                0x00000000c0014064                CPU::displayFeatures()
                0x00000000c0014066                CPU::detectFeatures()
                0x00000000c0014a58                CPU::setupSMEP()
                0x00000000c0014a72                CPU::setupUMIP()
                0x00000000c0014a8a                CPU::setupTSC()
                0x00000000c0014aa2                CPU::setupLargePages()
                0x00000000c0014aba                CPU::setupPAT()
                0x00000000c0014af6                CPU::setupMTRR()
                0x00000000c0014af8                CPU::setupGlobalPages()
                0x00000000c0014b0e                CPU::allowUsermodeDataAccess()
                0x00000000c0014b20                CPU::prohibitUsermodeDataAccess()
                0x00000000c0014b32                CPU::setupSMAP()
                0x00000000c0014b58                CPU::setupFeatures()
                0x00000000c0014bfa                CPU::open(int, int, void*)
 .text          0x00000000c0014cc8        0x0 hw/ports.32
 .text          0x00000000c0014cc8      0x32c krnl/panic.32
                0x00000000c0014cc8                Krnl::panic(char const*)
 .text          0x00000000c0014ff4      0x503 reg/registry.32
                0x00000000c0014ff4                Reg::findLineFromLoadedData(char*, char*, char*)
                0x00000000c001514c                Reg::getLineFromRegistry(char*, char*, char*, char*)
                0x00000000c00152ab                Reg::getLine(char*, char*, char*)
                0x00000000c00152e2                Reg::readInt(char*, char*, int*)
                0x00000000c00153cd                Reg::readString(char*, char*, char*, int)
                0x00000000c001544e                Reg::readBool(char*, char*, bool*)
                0x00000000c0015473                Reg::readBoolWithDefault(char*, char*, bool)
                0x00000000c001549f                Reg::readIntWithDefault(char*, char*, int)
                0x00000000c00154cb                Reg::readStringWithDefault(char*, char*, char*, int, char*)
 .text          0x00000000c00154f7       0x18 sys/sc_exit.32
                0x00000000c00154f7                Sys::exit(regs*)
 .text          0x00000000c001550f       0x95 sys/sc_loaddll.32
                0x00000000c001550f                Sys::loadDLL(regs*)
 .text          0x00000000c00155a4       0x68 sys/sc_read.32
                0x00000000c00155a4                Sys::read(regs*)
 .text          0x00000000c001560c       0x55 sys/sc_sbrk.32
                0x00000000c001560c                Sys::sbrk(regs*)
 .text          0x00000000c0015661       0x83 sys/sc_write.32
                0x00000000c0015661                Sys::write(regs*)
 .text          0x00000000c00156e4       0x1a sys/sc_yield.32
                0x00000000c00156e4                Sys::yield(regs*)
 .text          0x00000000c00156fe      0xfef sys/syscalls.32
                0x00000000c00156fe                sysCallGetPID(regs*)
                0x00000000c001570a                sysCallSeekDir(regs*)
                0x00000000c001570f                sysCallTellDir(regs*)
                0x00000000c0015714                sysCallVerify(regs*)
                0x00000000c001571e                sysCallGetArgc(regs*)
                0x00000000c001572e                sysFormatDisk(regs*)
                0x00000000c0015798                sysSetDiskVolumeLabel(regs*)
                0x00000000c00157de                sysGetDiskVolumeLabel(regs*)
                0x00000000c001582f                sysShutdown(regs*)
                0x00000000c001588d                sysCallGetCwd(regs*)
                0x00000000c00158ac                sysCallSetCwd(regs*)
                0x00000000c00158c8                sysCallRealpath(regs*)
                0x00000000c001590b                sysCallReadDir(regs*)
                0x00000000c0015999                sysCallIsATTY(regs*)
                0x00000000c00159f3                sysCallSeek(regs*)
                0x00000000c0015a5c                sysCallTell(regs*)
                0x00000000c0015ad9                sysCallSizeFromFilename(regs*)
                0x00000000c0015b8a                sysCallSize(regs*)
                0x00000000c0015c0d                sysCallClose(regs*)
                0x00000000c0015c95                sysCallOpenDir(regs*)
                0x00000000c0015d02                sysCallMakeDir(regs*)
                0x00000000c0015d5b                sysCallCloseDir(regs*)
                0x00000000c0015dc1                sysCallWait(regs*)
                0x00000000c0015ddb                sysCallFork(regs*)
                0x00000000c0015df7                sysCallExecve(regs*)
                0x00000000c0015e4c                sysCallRmdir(regs*)
                0x00000000c0015e9e                sysCallUnlink(regs*)
                0x00000000c0015ef0                sysCallGetArgv(regs*)
                0x00000000c0015f3c                sysCallTTYName(regs*)
                0x00000000c0015fbf                sysCallGetEnv(regs*)
                0x00000000c0016011                sysCallUSleep(regs*)
                0x00000000c0016038                sysCallSpawn(regs*)
                0x00000000c00160a8                sysAppSettings(regs*)
                0x00000000c00161c7                sysSetFatAttrib(regs*)
                0x00000000c0016227                sysPanic(regs*)
                0x00000000c001624d                sysPipe(regs*)
                0x00000000c0016292                sysGetUnixTime(regs*)
                0x00000000c00162a6                string_ends_with(char const*, char const*)
                0x00000000c00162ee                sysCallOpen(regs*)
                0x00000000c00164f2                setupSystemCalls()
                0x00000000c00166ab                systemCall(regs*, void*)
 .text          0x00000000c00166ed     0x1137 thr/elf.32
                0x00000000c00166ed                Thr::allocateMemoryForTask(Process*, File*, unsigned long, unsigned long, unsigned long)
                0x00000000c001696a                Thr::loadProgramIntoMemory(Process*, char const*)
                0x00000000c0016b80                Thr::runtimeReferenceHelper()
                0x00000000c0016b93                Thr::getAddressOfKernelSymbol(char const*)
                0x00000000c0016be2                Thr::loadKernelSymbolTable(char const*)
                0x00000000c0016ea3                Thr::loadDriverIntoMemory(char const*, unsigned long, bool)
                0x00000000c0017624                Thr::getDriverBaseFromAddress(unsigned long)
                0x00000000c0017656                Thr::getDriverNameFromAddress(unsigned long)
                0x00000000c001768d                Thr::getDriverOffsetFromAddress(unsigned long)
                0x00000000c00176a7                Thr::loadDLL(char const*, bool)
                0x00000000c00177fa                Thr::executeDLL(unsigned long, void*)
 .text          0x00000000c0017824     0x11ce thr/prcssthr.32
                0x00000000c0017824                changeTSS
                0x00000000c0017852                Process::addArgs(char**)
                0x00000000c00178ac                Process::Process(char const*, Process*, char**)
                0x00000000c00178ac                Process::Process(char const*, Process*, char**)
                0x00000000c0017a64                Process::Process(bool, char const*, Process*, char**)
                0x00000000c0017a64                Process::Process(bool, char const*, Process*, char**)
                0x00000000c0017be7                disableIRQs()
                0x00000000c0017bef                getIRQNestingLevel()
                0x00000000c0017bf5                enableIRQs()
                0x00000000c0017c04                lockScheduler()
                0x00000000c0017c06                unlockScheduler()
                0x00000000c0017c08                userModeEntryPoint(void*)
                0x00000000c0017c2b                lockStuff()
                0x00000000c0017c37                taskStartupFunction
                0x00000000c0017c40                updateTimeUsed()
                0x00000000c0017c9e                switchToThread(ThreadControlBlock*)
                0x00000000c0017cee                Semaphore::Semaphore(int)
                0x00000000c0017cee                Semaphore::Semaphore(int)
                0x00000000c0017d1c                Mutex::Mutex()
                0x00000000c0017d1c                Mutex::Mutex()
                0x00000000c0017d2e                Process::createThread(void (*)(void*), void*, int)
                0x00000000c0017e12                Process::createUserThread()
                0x00000000c0017e2e                setupMultitasking(void (*)())
                0x00000000c0017f38                schedule()
                0x00000000c0017fbd                unlockStuff()
                0x00000000c0017ff2                forkProcess(regs*)
                0x00000000c0018160                Semaphore::tryAcquire()
                0x00000000c001818e                Semaphore::assertLocked(char const*)
                0x00000000c00181c1                blockTaskWithSchedulerLockAlreadyHeld(TaskState)
                0x00000000c0018203                blockTask(TaskState)
                0x00000000c0018224                waitTask(int, int*, int)
                0x00000000c0018266                nanoSleepUntil(unsigned long long)
                0x00000000c00182bd                nanoSleep(unsigned long long)
                0x00000000c00182d2                sleep(unsigned long long)
                0x00000000c00182f0                Semaphore::acquire()
                0x00000000c0018358                execveProcess(char const*, char* const*, char* const*)
                0x00000000c00183e6                taskReturned
                0x00000000c0018414                unblockTask(ThreadControlBlock*)
                0x00000000c00184c3                cleanupTerminatedTask(ThreadControlBlock*)
                0x00000000c0018767                cleanerTaskFunction(void*)
                0x00000000c001881a                terminateTask(int)
                0x00000000c00188fa                Thr::terminateFromIRQ(int)
                0x00000000c0018906                Semaphore::release()
 .text          0x00000000c00189f2      0x8bf vm86/vm8086.32
                0x00000000c00189f2                Vm::vm8086EntryPoint(void*)
                0x00000000c0018a1d                Vm::inbv(unsigned short)
                0x00000000c0018a23                Vm::outbv(unsigned short, unsigned char)
                0x00000000c0018a2d                Vm::realToLinear(unsigned short, unsigned short)
                0x00000000c0018a3d                Vm::getSegment(unsigned int)
                0x00000000c0018a45                Vm::getOffset(unsigned int)
                0x00000000c0018a4a                Vm::loadFileAsThread(Process*, char const*, unsigned short, unsigned short, unsigned short, unsigned short)
                0x00000000c0018b79                Vm::doISR(regs*, int, unsigned char*, unsigned short, unsigned short)
                0x00000000c0018c03                Vm::readByteFromReal(unsigned short, unsigned short)
                0x00000000c0018c14                Vm::readWordFromReal(unsigned short, unsigned short)
                0x00000000c0018c26                Vm::readDwordFromReal(unsigned short, unsigned short)
                0x00000000c0018c37                Vm::writeByteFromReal(unsigned short, unsigned short, unsigned char)
                0x00000000c0018c4c                Vm::writeWordFromReal(unsigned short, unsigned short, unsigned short)
                0x00000000c0018c62                Vm::writeDwordFromReal(unsigned short, unsigned short, unsigned int)
                0x00000000c0018c77                Vm::faultHandler(regs*)
 *fill*         0x00000000c00192b1        0x1 
 .text          0x00000000c00192b2     0x10ed fs/fat/vfslink.32
                0x00000000c00192b2                FAT::getName()
                0x00000000c00192b8                FAT::tell(void*, unsigned long long*)
                0x00000000c00192ec                FAT::stat(void*, unsigned long long*)
                0x00000000c0019320                FAT::~FAT()
                0x00000000c0019320                FAT::~FAT()
                0x00000000c0019344                FAT::~FAT()
                0x00000000c001936c                FAT::getlabel(LogicalDisk*, int, char*, unsigned int*)
                0x00000000c001940a                FAT::setlabel(LogicalDisk*, int, char*)
                0x00000000c00194c4                FAT::format(LogicalDisk*, int, char const*, int)
                0x00000000c00196a8                FAT::tryMount(LogicalDisk*, int)
                0x00000000c00198ae                FAT::readDir(void*, unsigned long, void*, int*)
                0x00000000c00199b4                FAT::read(void*, unsigned long, void*, int*)
                0x00000000c0019a0e                FAT::write(void*, unsigned long, void*, int*)
                0x00000000c0019a68                FAT::close(void*)
                0x00000000c0019ab4                FAT::closeDir(void*)
                0x00000000c0019b00                FAT::seek(void*, unsigned long long)
                0x00000000c0019b54                fatWrapperReadDisk
                0x00000000c0019b9b                fatWrapperWriteDisk
                0x00000000c0019be2                fatWrapperIoctl
                0x00000000c0019ce6                FAT::FAT()
                0x00000000c0019ce6                FAT::FAT()
                0x00000000c0019d38                FAT::fixFilepath(char*)
                0x00000000c0019d70                FAT::open(char const*, void**, FileOpenMode)
                0x00000000c0019e98                FAT::openDir(char const*, void**)
                0x00000000c0019f3e                FAT::stat(char const*, unsigned long long*, bool*)
                0x00000000c001a028                FAT::unlink(char const*)
                0x00000000c001a0a2                FAT::chfatattr(char const*, unsigned char, unsigned char)
                0x00000000c001a1f6                FAT::rename(char const*, char const*)
                0x00000000c001a2ba                FAT::mkdir(char const*)
                0x00000000c001a334                FAT::exists(char const*)
 *fill*         0x00000000c001a39f        0x1 
 .text          0x00000000c001a3a0      0xbdf fs/iso9660/vfslink.32
                0x00000000c001a3a0                ISO9660::format(LogicalDisk*, int, char const*, int)
                0x00000000c001a3a6                ISO9660::seek(void*, unsigned long long)
                0x00000000c001a3d6                ISO9660::tell(void*, unsigned long long*)
                0x00000000c001a3fa                ISO9660::getName()
                0x00000000c001a400                ISO9660::stat(void*, unsigned long long*)
                0x00000000c001a424                ISO9660::chfatattr(char const*, unsigned char, unsigned char)
                0x00000000c001a42a                ISO9660::unlink(char const*)
                0x00000000c001a430                ISO9660::write(void*, unsigned long, void*, int*)
                0x00000000c001a436                ISO9660::rename(char const*, char const*)
                0x00000000c001a43c                ISO9660::mkdir(char const*)
                0x00000000c001a442                ISO9660::close(void*)
                0x00000000c001a464                ISO9660::closeDir(void*)
                0x00000000c001a486                ISO9660::~ISO9660()
                0x00000000c001a486                ISO9660::~ISO9660()
                0x00000000c001a4aa                ISO9660::~ISO9660()
                0x00000000c001a4d1                __memmem(unsigned char*, int, unsigned char*, int)
                0x00000000c001a513                readSectorFromCDROM(unsigned int, unsigned char*, char)
                0x00000000c001a57a                ISO9660::tryMount(LogicalDisk*, int)
                0x00000000c001a5ca                ISO9660::read(void*, unsigned long, void*, int*)
                0x00000000c001a80e                ISO9660::readDir(void*, unsigned long, void*, int*)
                0x00000000c001aa9b                readRoot(unsigned int*, unsigned int*, char)
                0x00000000c001aaf0                readRecursively(char*, unsigned int, unsigned int, unsigned int*, unsigned int*, char, int*)
                0x00000000c001acc3                getFileData(char*, unsigned int*, unsigned int*, char, int*)
                0x00000000c001ad52                ISO9660::open(char const*, void**, FileOpenMode)
                0x00000000c001adec                ISO9660::exists(char const*)
                0x00000000c001ae10                ISO9660::stat(char const*, unsigned long long*, bool*)
                0x00000000c001aea4                ISO9660::openDir(char const*, void**)
                0x00000000c001af5c                ISO9660::ISO9660()
                0x00000000c001af5c                ISO9660::ISO9660()
 *fill*         0x00000000c001af7f        0x1 
 .text          0x00000000c001af80      0x244 hal/sound/sndchannel.32
                0x00000000c001af80                SoundChannel::~SoundChannel()
                0x00000000c001af80                SoundChannel::~SoundChannel()
                0x00000000c001af9c                SoundChannel::setSpeed(float)
                0x00000000c001afa8                SoundChannel::getSpeed()
                0x00000000c001afb0                SoundChannel::setVolume(int)
                0x00000000c001afcc                SoundChannel::getVolume()
                0x00000000c001afd4                SoundChannel::pause()
                0x00000000c001afde                SoundChannel::SoundChannel(int, int, int, int)
                0x00000000c001afde                SoundChannel::SoundChannel(int, int, int, int)
                0x00000000c001b0d4                SoundChannel::play()
                0x00000000c001b0de                SoundChannel::paused()
                0x00000000c001b0e6                SoundChannel::getSampleRate()
                0x00000000c001b0ee                SoundChannel::getBits()
                0x00000000c001b0f6                SoundChannel::getBufferUsed()
                0x00000000c001b0fe                SoundChannel::getBufferSize()
                0x00000000c001b106                SoundChannel::unbuffer(float*, int, int)
                0x00000000c001b178                SoundChannel::buffer8(unsigned char*, int)
 .text          0x00000000c001b1c4      0x317 hal/sound/sndhw.32
                0x00000000c001b1c4                SoundDevice::SoundDevice(char const*)
                0x00000000c001b1c4                SoundDevice::SoundDevice(char const*)
                0x00000000c001b230                SoundDevice::~SoundDevice()
                0x00000000c001b230                SoundDevice::~SoundDevice()
                0x00000000c001b2aa                SoundDevice::~SoundDevice()
                0x00000000c001b2d4                SoundDevice::getFreeChannelNum()
                0x00000000c001b2ee                SoundDevice::addChannel(SoundChannel*)
                0x00000000c001b35e                SoundDevice::removeChannel(int)
                0x00000000c001b390                SoundDevice::floatTo8(float*, unsigned char*, int)
                0x00000000c001b3fc                SoundDevice::getAudio(int, float*, float*)
 .text          0x00000000c001b4db        0x0 hw/bus/isa.32
 *fill*         0x00000000c001b4db        0x1 
 .text          0x00000000c001b4dc      0x6e5 hw/bus/pci.32
                0x00000000c001b4dc                PCI::open(int, int, void*)
                0x00000000c001b4f0                PCI::close(int, int, void*)
                0x00000000c001b4f4                PCI::PCI()
                0x00000000c001b4f4                PCI::PCI()
                0x00000000c001b574                PCI::pciReadWord(unsigned char, unsigned char, unsigned char, unsigned char)
                0x00000000c001b5bc                PCI::getVendorID(unsigned char, unsigned char, unsigned char)
                0x00000000c001b5de                PCI::getHeaderType(unsigned char, unsigned char, unsigned char)
                0x00000000c001b602                PCI::getClassCode(unsigned char, unsigned char, unsigned char)
                0x00000000c001b646                PCI::getProgIF(unsigned char, unsigned char, unsigned char)
                0x00000000c001b66a                PCI::getRevisionID(unsigned char, unsigned char, unsigned char)
                0x00000000c001b68c                PCI::getInterruptNumber(unsigned char, unsigned char, unsigned char)
                0x00000000c001b6ae                PCI::getSecondaryBus(unsigned char, unsigned char, unsigned char)
                0x00000000c001b6d2                PCI::getBARAddress(unsigned char, unsigned char, unsigned char, unsigned char)
                0x00000000c001b732                PCI::pciWriteWord(unsigned char, unsigned char, unsigned char, unsigned char, unsigned short)
                0x00000000c001b79e                PCI::checkBus(unsigned char)
                0x00000000c001b7c2                PCI::foundDevice(PCIDeviceInfo)
                0x00000000c001b932                PCI::getDeviceData(unsigned char, unsigned char, unsigned char)
                0x00000000c001bb02                PCI::checkDevice(unsigned char, unsigned char)
                0x00000000c001bb6e                PCI::detect()
 *fill*         0x00000000c001bbc1        0x1 
 .text          0x00000000c001bbc2      0xc70 hw/diskctrl/ide.32
                0x00000000c001bbc2                IDE::close(int, int, void*)
                0x00000000c001bbc6                IDE::IDE()
                0x00000000c001bbc6                IDE::IDE()
                0x00000000c001bbfa                IDE::prepareInterrupt(unsigned char)
                0x00000000c001bc0c                selectDrive(unsigned char, unsigned char)
                0x00000000c001bc0e                IDE::getBase(unsigned char)
                0x00000000c001bc20                IDE::write(unsigned char, unsigned char, unsigned char)
                0x00000000c001bce0                IDE::read(unsigned char, unsigned char)
                0x00000000c001bd8e                IDE::waitInterrupt(unsigned char)
                0x00000000c001bdf4                ideChannel0IRQHandler(regs*, void*)
                0x00000000c001be10                ideChannel1IRQHandler(regs*, void*)
                0x00000000c001be2c                IDE::enableIRQs(unsigned char, bool)
                0x00000000c001be72                IDE::open(int, int, void*)
                0x00000000c001c282                IDE::readBuffer(unsigned char, unsigned char, unsigned int, unsigned int)
                0x00000000c001c34e                IDE::detect()
                0x00000000c001c636                IDE::printError(unsigned char, unsigned char, unsigned char)
                0x00000000c001c7cc                IDE::polling(unsigned char, unsigned int)
 .text          0x00000000c001c832      0x62b hw/diskphys/ata.32
                0x00000000c001c832                ATA::close(int, int, void*)
                0x00000000c001c856                ATA::powerSaving(PowerSavingLevel)
                0x00000000c001c858                ATA::ATA()
                0x00000000c001c858                ATA::ATA()
                0x00000000c001c886                ATA::flush(bool)
                0x00000000c001c8d0                ATA::readyForCommand()
                0x00000000c001c920                ATA::access(unsigned long long, int, void*, bool)
                0x00000000c001cc9e                ATA::read(unsigned long long, int, void*)
                0x00000000c001cd06                ATA::write(unsigned long long, int, void*)
                0x00000000c001cd6e                ATA::detectCHS()
                0x00000000c001cd98                ATA::open(int, int, void*)
 *fill*         0x00000000c001ce5d        0x1 
 .text          0x00000000c001ce5e      0x5b3 hw/diskphys/atapi.32
                0x00000000c001ce5e                ATAPI::write(unsigned long long, int, void*)
                0x00000000c001ce64                ATAPI::close(int, int, void*)
                0x00000000c001ce88                ATAPI::ATAPI()
                0x00000000c001ce88                ATAPI::ATAPI()
                0x00000000c001ceb6                ATAPI::readyForCommand()
                0x00000000c001cf06                ATAPI::sendPacket(unsigned char*, int, bool, unsigned short*, int)
                0x00000000c001d1c6                ATAPI::diskRemoved()
                0x00000000c001d1e2                ATAPI::eject()
                0x00000000c001d228                ATAPI::diskInserted()
                0x00000000c001d256                ATAPI::detectMedia()
                0x00000000c001d312                ATAPI::open(int, int, void*)
                0x00000000c001d392                ATAPI::read(unsigned long long, int, void*)
 *fill*         0x00000000c001d411        0x1 
 .text          0x00000000c001d412       0x8e hw/fpu/avx.32
                0x00000000c001d412                AVX::open(int, int, void*)
                0x00000000c001d424                AVX::close(int, int, void*)
                0x00000000c001d436                AVX::available()
                0x00000000c001d448                AVX::save(void*)
                0x00000000c001d460                AVX::load(void*)
                0x00000000c001d478                AVX::AVX()
                0x00000000c001d478                AVX::AVX()
 .text          0x00000000c001d4a0       0x90 hw/fpu/mmx.32
                0x00000000c001d4a0                MMX::available()
                0x00000000c001d4b4                MMX::open(int, int, void*)
                0x00000000c001d4c6                MMX::close(int, int, void*)
                0x00000000c001d4d8                MMX::save(void*)
                0x00000000c001d4f0                MMX::load(void*)
                0x00000000c001d508                MMX::MMX()
                0x00000000c001d508                MMX::MMX()
 .text          0x00000000c001d530       0x96 hw/fpu/sse.32
                0x00000000c001d530                SSE::open(int, int, void*)
                0x00000000c001d542                SSE::close(int, int, void*)
                0x00000000c001d554                SSE::available()
                0x00000000c001d56e                SSE::save(void*)
                0x00000000c001d586                SSE::load(void*)
                0x00000000c001d59e                SSE::SSE()
                0x00000000c001d59e                SSE::SSE()
 .text          0x00000000c001d5c6       0x8e hw/fpu/x87.32
                0x00000000c001d5c6                x87::open(int, int, void*)
                0x00000000c001d5d8                x87::close(int, int, void*)
                0x00000000c001d5ea                x87::available()
                0x00000000c001d5fc                x87::save(void*)
                0x00000000c001d614                x87::load(void*)
                0x00000000c001d62c                x87::x87()
                0x00000000c001d62c                x87::x87()
 .text          0x00000000c001d654      0x5f3 hw/intctrl/apic.32
                0x00000000c001d654                APIC::disable()
                0x00000000c001d656                APIC::close(int, int, void*)
                0x00000000c001d678                IOAPIC::close(int, int, void*)
                0x00000000c001d67e                APIC::io_wait()
                0x00000000c001d684                APIC::getBase()
                0x00000000c001d6c6                APIC::eoi(unsigned char)
                0x00000000c001d6f4                APIC::open(int, int, void*)
                0x00000000c001d7ae                IOAPIC::IOAPIC()
                0x00000000c001d7ae                IOAPIC::IOAPIC()
                0x00000000c001d7d6                APIC::APIC()
                0x00000000c001d7d6                APIC::APIC()
                0x00000000c001d8a6                IOAPIC::handlesGSIWithNumber(unsigned int)
                0x00000000c001d8d8                IOAPIC::read(int)
                0x00000000c001d900                IOAPIC::open(int, int, void*)
                0x00000000c001d9f6                IOAPIC::write(int, int)
                0x00000000c001da22                IOAPIC::redirect(unsigned char, unsigned long long, unsigned char)
                0x00000000c001dadc                APIC::installIRQHandler(int, void (*)(regs*, void*), bool, void*)
 *fill*         0x00000000c001dc47        0x1 
 .text          0x00000000c001dc48      0x3d3 hw/intctrl/pic.32
                0x00000000c001dc48                PIC::disable()
                0x00000000c001dc76                PIC::close(int, int, void*)
                0x00000000c001dc98                PIC::PIC()
                0x00000000c001dc98                PIC::PIC()
                0x00000000c001dd6e                PIC::ioWait()
                0x00000000c001dd74                PIC::getIRQReg(int)
                0x00000000c001ddde                PIC::eoi(unsigned char)
                0x00000000c001de70                PIC::remap()
                0x00000000c001dfdc                PIC::open(int, int, void*)
 *fill*         0x00000000c001e01b        0x1 
 .text          0x00000000c001e01c      0x252 hw/timer/apictimer.32
                0x00000000c001e01c                APICTimer::close(int, int, void*)
                0x00000000c001e022                apicTimerHandler(regs*, void*)
                0x00000000c001e050                APICTimer::write(int)
                0x00000000c001e14e                APICTimer::open(int, int, void*)
                0x00000000c001e246                APICTimer::APICTimer()
                0x00000000c001e246                APICTimer::APICTimer()
 .text          0x00000000c001e26e      0x1a7 hw/timer/pit.32
                0x00000000c001e26e                PIT::write(int)
                0x00000000c001e2ec                pitHandler(regs*, void*)
                0x00000000c001e318                PIT::open(int, int, void*)
                0x00000000c001e366                PIT::close(int, int, void*)
                0x00000000c001e396                PIT::PIT()
                0x00000000c001e396                PIT::PIT()
 *fill*         0x00000000c001e415        0xb 
 .text          0x00000000c001e420        0xa hw/fpu/x86/avx.32
                0x00000000c001e420                avxDetect
                0x00000000c001e426                avxSave
                0x00000000c001e427                avxLoad
                0x00000000c001e428                avxInit
                0x00000000c001e429                avxClose
 *fill*         0x00000000c001e42a        0x6 
 .text          0x00000000c001e430       0x38 hw/fpu/x86/sse.32
                0x00000000c001e430                sseDetect
                0x00000000c001e44b                sseSave
                0x00000000c001e451                sseLoad
                0x00000000c001e457                sseInit
                0x00000000c001e467                sseClose
 *fill*         0x00000000c001e468        0x8 
 .text          0x00000000c001e470       0x47 hw/fpu/x86/x87.32
                0x00000000c001e476                x87Detect
                0x00000000c001e491                x87Save
                0x00000000c001e497                x87Load
                0x00000000c001e49c                x87Init
                0x00000000c001e4b6                x87Close
 *fill*         0x00000000c001e4b7        0x1 
 .text          0x00000000c001e4b8       0x25 /cygdrive/d/Users/Alex/Desktop/Toolchain/Output/bin/../lib/gcc/i386-banana/8.1.0/crtend.o
 .text          0x00000000c001e4dd        0x0 crtn.32
 *fill*         0x00000000c001e4dd        0x3 
 .text          0x00000000c001e4e0      0x14b /cygdrive/d/Users/Alex/Desktop/Toolchain/Output/bin/../lib/gcc/i386-banana/8.1.0/libgcc.a(_divdi3.o)
                0x00000000c001e4e0                __divdi3
 *fill*         0x00000000c001e62b        0x1 
 .text          0x00000000c001e62c      0x17e /cygdrive/d/Users/Alex/Desktop/Toolchain/Output/bin/../lib/gcc/i386-banana/8.1.0/libgcc.a(_moddi3.o)
                0x00000000c001e62c                __moddi3
 *fill*         0x00000000c001e7aa        0x2 
 .text          0x00000000c001e7ac       0xff /cygdrive/d/Users/Alex/Desktop/Toolchain/Output/bin/../lib/gcc/i386-banana/8.1.0/libgcc.a(_udivdi3.o)
                0x00000000c001e7ac                __udivdi3
 *fill*         0x00000000c001e8ab        0x1 
 .text          0x00000000c001e8ac      0x11a /cygdrive/d/Users/Alex/Desktop/Toolchain/Output/bin/../lib/gcc/i386-banana/8.1.0/libgcc.a(_umoddi3.o)
                0x00000000c001e8ac                __umoddi3
 *fill*         0x00000000c001e9c6        0xa 
 .text          0x00000000c001e9d0       0x1e D:/Users/Alex/Desktop/Banana/kernel/libk/libm32.a(s_fabs.c.o)
                0x00000000c001e9d0                fabs
 *fill*         0x00000000c001e9ee        0x2 
 .text          0x00000000c001e9f0        0xc D:/Users/Alex/Desktop/Banana/kernel/libk/libm32.a(s_lrint.S.o)
                0x00000000c001e9f0                lrint
 .text          0x00000000c001e9fc        0xc D:/Users/Alex/Desktop/Banana/kernel/libk/libm32.a(s_lrintf.S.o)
                0x00000000c001e9fc                lrintf
 *(.gnu.linkonce.t*)

.iplt           0x00000000c001ea08        0x0
 .iplt          0x00000000c001ea08        0x0 D:/Users/Alex/Desktop/Banana/kernel/boot.32

.init           0x00000000c001ea08        0xf
 .init          0x00000000c001ea08        0x3 crti.32
                0x00000000c001ea08                _init
 .init          0x00000000c001ea0b        0x5 /cygdrive/d/Users/Alex/Desktop/Toolchain/Output/bin/../lib/gcc/i386-banana/8.1.0/crtbegin.o
 .init          0x00000000c001ea10        0x5 /cygdrive/d/Users/Alex/Desktop/Toolchain/Output/bin/../lib/gcc/i386-banana/8.1.0/crtend.o
 .init          0x00000000c001ea15        0x2 crtn.32

.fini           0x00000000c001ea17        0xa
 .fini          0x00000000c001ea17        0x3 crti.32
                0x00000000c001ea17                _fini
 .fini          0x00000000c001ea1a        0x5 /cygdrive/d/Users/Alex/Desktop/Toolchain/Output/bin/../lib/gcc/i386-banana/8.1.0/crtbegin.o
 .fini          0x00000000c001ea1f        0x2 crtn.32

.text._ZN8ComputerD2Ev
                0x00000000c001ea22       0x23
 .text._ZN8ComputerD2Ev
                0x00000000c001ea22       0x23 core/computer.32
                0x00000000c001ea22                Computer::~Computer()
                0x00000000c001ea22                Computer::~Computer()

.text._ZN8ComputerD0Ev
                0x00000000c001ea46       0x2a
 .text._ZN8ComputerD0Ev
                0x00000000c001ea46       0x2a core/computer.32
                0x00000000c001ea46                Computer::~Computer()

.text._Z10idleCommonv
                0x00000000c001ea70       0x15
 .text._Z10idleCommonv
                0x00000000c001ea70       0x15 core/idle.32
                0x00000000c001ea70                idleCommon()

.text._ZN3CPU7readCR3Ev
                0x00000000c001ea85       0x12
 .text._ZN3CPU7readCR3Ev
                0x00000000c001ea85       0x12 core/kheap.32
                0x00000000c001ea85                CPU::readCR3()

.text._ZN3CPU8writeCR3Em
                0x00000000c001ea97        0x9
 .text._ZN3CPU8writeCR3Em
                0x00000000c001ea97        0x9 core/kheap.32
                0x00000000c001ea97                CPU::writeCR3(unsigned long)

.text._ZN10LinkedListI8UnixFileED2Ev
                0x00000000c001eaa0        0x2
 .text._ZN10LinkedListI8UnixFileED2Ev
                0x00000000c001eaa0        0x2 core/unixfile.32
                0x00000000c001eaa0                LinkedList<UnixFile>::~LinkedList()
                0x00000000c001eaa0                LinkedList<UnixFile>::~LinkedList()

.text._ZN10LinkedListI8UnixFileEC2Ev
                0x00000000c001eaa2       0x58
 .text._ZN10LinkedListI8UnixFileEC2Ev
                0x00000000c001eaa2       0x58 core/unixfile.32
                0x00000000c001eaa2                LinkedList<UnixFile>::LinkedList()
                0x00000000c001eaa2                LinkedList<UnixFile>::LinkedList()

.text._ZN10LinkedListI8UnixFileE10addElementEPS0_
                0x00000000c001eafa       0xd3
 .text._ZN10LinkedListI8UnixFileE10addElementEPS0_
                0x00000000c001eafa       0xd3 core/unixfile.32
                0x00000000c001eafa                LinkedList<UnixFile>::addElement(UnixFile*)

.text._ZN10LinkedListI8UnixFileE15getFirstElementEv
                0x00000000c001ebce        0x7
 .text._ZN10LinkedListI8UnixFileE15getFirstElementEv
                0x00000000c001ebce        0x7 core/unixfile.32
                0x00000000c001ebce                LinkedList<UnixFile>::getFirstElement()

.text._ZN10LinkedListI8UnixFileE11removeFirstEv
                0x00000000c001ebd6       0xa1
 .text._ZN10LinkedListI8UnixFileE11removeFirstEv
                0x00000000c001ebd6       0xa1 core/unixfile.32
                0x00000000c001ebd6                LinkedList<UnixFile>::removeFirst()

.text._ZN10LinkedListI8UnixFileE7getNextEPS0_
                0x00000000c001ec78        0x8
 .text._ZN10LinkedListI8UnixFileE7getNextEPS0_
                0x00000000c001ec78        0x8 core/unixfile.32
                0x00000000c001ec78                LinkedList<UnixFile>::getNext(UnixFile*)

.text._ZN16DriverlessDeviceD2Ev
                0x00000000c001ec80       0x1a
 .text._ZN16DriverlessDeviceD2Ev
                0x00000000c001ec80       0x1a hal/device.32
                0x00000000c001ec80                DriverlessDevice::~DriverlessDevice()
                0x00000000c001ec80                DriverlessDevice::~DriverlessDevice()

.text._ZN16DriverlessDeviceD0Ev
                0x00000000c001ec9a       0x2a
 .text._ZN16DriverlessDeviceD0Ev
                0x00000000c001ec9a       0x2a hal/device.32
                0x00000000c001ec9a                DriverlessDevice::~DriverlessDevice()

.text._ZN10LinkedListI6DeviceE10addElementEPS0_
                0x00000000c001ecc4       0xdc
 .text._ZN10LinkedListI6DeviceE10addElementEPS0_
                0x00000000c001ecc4       0xdc hal/device.32
                0x00000000c001ecc4                LinkedList<Device>::addElement(Device*)

.text._ZN10LinkedListI6DeviceEC2Ev
                0x00000000c001eda0       0x58
 .text._ZN10LinkedListI6DeviceEC2Ev
                0x00000000c001eda0       0x58 hal/device.32
                0x00000000c001eda0                LinkedList<Device>::LinkedList()
                0x00000000c001eda0                LinkedList<Device>::LinkedList()

.text._ZN3CPU7readCR0Ev
                0x00000000c001edf8       0x12
 .text._ZN3CPU7readCR0Ev
                0x00000000c001edf8       0x12 hal/fpu.32
                0x00000000c001edf8                CPU::readCR0()

.text._ZN3CPU8writeCR0Em
                0x00000000c001ee0a        0x9
 .text._ZN3CPU8writeCR0Em
                0x00000000c001ee0a        0x9 hal/fpu.32
                0x00000000c001ee0a                CPU::writeCR0(unsigned long)

.text._ZN3CPU7readDR0Ev
                0x00000000c001ee13       0x12
 .text._ZN3CPU7readDR0Ev
                0x00000000c001ee13       0x12 hal/intctrl.32
                0x00000000c001ee13                CPU::readDR0()

.text._ZN3CPU7readDR1Ev
                0x00000000c001ee25       0x12
 .text._ZN3CPU7readDR1Ev
                0x00000000c001ee25       0x12 hal/intctrl.32
                0x00000000c001ee25                CPU::readDR1()

.text._ZN3CPU7readDR2Ev
                0x00000000c001ee37       0x12
 .text._ZN3CPU7readDR2Ev
                0x00000000c001ee37       0x12 hal/intctrl.32
                0x00000000c001ee37                CPU::readDR2()

.text._ZN3CPU7readDR3Ev
                0x00000000c001ee49       0x12
 .text._ZN3CPU7readDR3Ev
                0x00000000c001ee49       0x12 hal/intctrl.32
                0x00000000c001ee49                CPU::readDR3()

.text._ZN3CPU7readDR6Ev
                0x00000000c001ee5b       0x12
 .text._ZN3CPU7readDR6Ev
                0x00000000c001ee5b       0x12 hal/intctrl.32
                0x00000000c001ee5b                CPU::readDR6()

.text._ZN3CPU7readDR7Ev
                0x00000000c001ee6d       0x12
 .text._ZN3CPU7readDR7Ev
                0x00000000c001ee6d       0x12 hal/intctrl.32
                0x00000000c001ee6d                CPU::readDR7()

.text._ZN10LinkedListIV18ThreadControlBlockE15getFirstElementEv
                0x00000000c001ee80        0x7
 .text._ZN10LinkedListIV18ThreadControlBlockE15getFirstElementEv
                0x00000000c001ee80        0x7 hal/timer.32
                0x00000000c001ee80                LinkedList<ThreadControlBlock volatile>::getFirstElement()

.text._ZN10LinkedListIV18ThreadControlBlockE7isEmptyEv
                0x00000000c001ee88       0x1c
 .text._ZN10LinkedListIV18ThreadControlBlockE7isEmptyEv
                0x00000000c001ee88       0x1c hal/timer.32
                0x00000000c001ee88                LinkedList<ThreadControlBlock volatile>::isEmpty()

.text._ZN10LinkedListIV18ThreadControlBlockE11removeFirstEv
                0x00000000c001eea4       0xae
 .text._ZN10LinkedListIV18ThreadControlBlockE11removeFirstEv
                0x00000000c001eea4       0xae hal/timer.32
                0x00000000c001eea4                LinkedList<ThreadControlBlock volatile>::removeFirst()

.text._ZN10LinkedListIV18ThreadControlBlockE10addElementEPS1_
                0x00000000c001ef52       0xd3
 .text._ZN10LinkedListIV18ThreadControlBlockE10addElementEPS1_
                0x00000000c001ef52       0xd3 hal/timer.32
                0x00000000c001ef52                LinkedList<ThreadControlBlock volatile>::addElement(ThreadControlBlock volatile*)

.text._ZN4ACPID2Ev
                0x00000000c001f026       0x23
 .text._ZN4ACPID2Ev
                0x00000000c001f026       0x23 hw/acpi.32
                0x00000000c001f026                ACPI::~ACPI()
                0x00000000c001f026                ACPI::~ACPI()

.text._ZN4ACPID0Ev
                0x00000000c001f04a       0x2a
 .text._ZN4ACPID0Ev
                0x00000000c001f04a       0x2a hw/acpi.32
                0x00000000c001f04a                ACPI::~ACPI()

.text._ZN3CPUD2Ev
                0x00000000c001f074       0x23
 .text._ZN3CPUD2Ev
                0x00000000c001f074       0x23 hw/cpu.32
                0x00000000c001f074                CPU::~CPU()
                0x00000000c001f074                CPU::~CPU()

.text._ZN3CPUD0Ev
                0x00000000c001f098       0x2a
 .text._ZN3CPUD0Ev
                0x00000000c001f098       0x2a hw/cpu.32
                0x00000000c001f098                CPU::~CPU()

.text._ZN3CPU7readCR4Ev
                0x00000000c001f0c2       0x12
 .text._ZN3CPU7readCR4Ev
                0x00000000c001f0c2       0x12 hw/cpu.32
                0x00000000c001f0c2                CPU::readCR4()

.text._ZN3CPU8writeDR7Em
                0x00000000c001f0d4        0x9
 .text._ZN3CPU8writeDR7Em
                0x00000000c001f0d4        0x9 hw/cpu.32
                0x00000000c001f0d4                CPU::writeDR7(unsigned long)

.text._ZN3CPU8writeCR4Em
                0x00000000c001f0dd        0x9
 .text._ZN3CPU8writeCR4Em
                0x00000000c001f0dd        0x9 hw/cpu.32
                0x00000000c001f0dd                CPU::writeCR4(unsigned long)

.text._ZN3CPU7readCR2Ev
                0x00000000c001f0e6       0x12
 .text._ZN3CPU7readCR2Ev
                0x00000000c001f0e6       0x12 krnl/panic.32
                0x00000000c001f0e6                CPU::readCR2()

.text._ZN10LinkedListIV18ThreadControlBlockED2Ev
                0x00000000c001f0f8        0x2
 .text._ZN10LinkedListIV18ThreadControlBlockED2Ev
                0x00000000c001f0f8        0x2 thr/prcssthr.32
                0x00000000c001f0f8                LinkedList<ThreadControlBlock volatile>::~LinkedList()
                0x00000000c001f0f8                LinkedList<ThreadControlBlock volatile>::~LinkedList()

.text._ZN18ThreadControlBlockC2Ev
                0x00000000c001f0fa       0x3e
 .text._ZN18ThreadControlBlockC2Ev
                0x00000000c001f0fa       0x3e thr/prcssthr.32
                0x00000000c001f0fa                ThreadControlBlock::ThreadControlBlock()
                0x00000000c001f0fa                ThreadControlBlock::ThreadControlBlock()

.text._ZN10LinkedListIV18ThreadControlBlockEC2Ev
                0x00000000c001f138       0x58
 .text._ZN10LinkedListIV18ThreadControlBlockEC2Ev
                0x00000000c001f138       0x58 thr/prcssthr.32
                0x00000000c001f138                LinkedList<ThreadControlBlock volatile>::LinkedList()
                0x00000000c001f138                LinkedList<ThreadControlBlock volatile>::LinkedList()

.text._ZN10LinkedListIV18ThreadControlBlockE7getNextEPS1_
                0x00000000c001f190        0x8
 .text._ZN10LinkedListIV18ThreadControlBlockE7getNextEPS1_
                0x00000000c001f190        0x8 thr/prcssthr.32
                0x00000000c001f190                LinkedList<ThreadControlBlock volatile>::getNext(ThreadControlBlock volatile*)

.text._ZN3PCID2Ev
                0x00000000c001f198       0x23
 .text._ZN3PCID2Ev
                0x00000000c001f198       0x23 hw/bus/pci.32
                0x00000000c001f198                PCI::~PCI()
                0x00000000c001f198                PCI::~PCI()

.text._ZN3PCID0Ev