Archive member included to satisfy reference by file (symbol)

/cygdrive/c/Users/Alex/Toolchain/Output/bin/../lib/gcc/i386-banana/8.1.0/libkgcc.a(_divdi3.o)
                              krnl/intops.32 (__divdi3)
/cygdrive/c/Users/Alex/Toolchain/Output/bin/../lib/gcc/i386-banana/8.1.0/libkgcc.a(_moddi3.o)
                              krnl/intops.32 (__moddi3)
/cygdrive/c/Users/Alex/Toolchain/Output/bin/../lib/gcc/i386-banana/8.1.0/libkgcc.a(_udivdi3.o)
                              hal/clock.32 (__udivdi3)
/cygdrive/c/Users/Alex/Toolchain/Output/bin/../lib/gcc/i386-banana/8.1.0/libkgcc.a(_umoddi3.o)
                              hal/clock.32 (__umoddi3)

Allocating common symbols
Common symbol       size              file

dcache              0x40              fs/iso9660/iso9660.32
cdDriveLetter       0x1               fs/iso9660/iso9660.32
icache              0x40              fs/iso9660/iso9660.32

Discarded input sections

 .comment       0x0000000000000000       0x12 /cygdrive/c/Users/Alex/Toolchain/Output/bin/../lib/gcc/i386-banana/8.1.0/crtbegin.o
 .comment       0x0000000000000000       0x12 acpica/utclib.32
 .comment       0x0000000000000000       0x12 krnl/malloc.32
 .comment       0x0000000000000000       0x12 libk/ctype.32
 .comment       0x0000000000000000       0x12 libk/string.32
 .comment       0x0000000000000000       0x12 arch/i386/cc.32
 .comment       0x0000000000000000       0x12 fs/fat/diskio.32
 .comment       0x0000000000000000       0x12 fs/fat/ff.32
 .comment       0x0000000000000000       0x12 fs/fat/ffsystem.32
 .comment       0x0000000000000000       0x12 fs/fat/ffunicode.32
 .comment       0x0000000000000000       0x12 fs/iso9660/iso9660.32
 .comment       0x0000000000000000       0x12 dbg/kconsole.32
 .comment       0x0000000000000000       0x12 dbg/usban.32
 .comment       0x0000000000000000       0x12 fs/symlink.32
 .group         0x0000000000000000        0xc fs/vfs.32
 .group         0x0000000000000000        0xc fs/vfs.32
 .group         0x0000000000000000        0xc fs/vfs.32
 .comment       0x0000000000000000       0x12 fs/vfs.32
 .group         0x0000000000000000        0xc hal/bus.32
 .comment       0x0000000000000000       0x12 hal/bus.32
 .comment       0x0000000000000000       0x12 hal/buzzer.32
 .group         0x0000000000000000        0xc hal/clock.32
 .comment       0x0000000000000000       0x12 hal/clock.32
 .group         0x0000000000000000       0x14 hal/device.32
 .group         0x0000000000000000        0xc hal/device.32
 .group         0x0000000000000000        0x8 hal/device.32
 .group         0x0000000000000000        0xc hal/device.32
 .group         0x0000000000000000        0xc hal/device.32
 .comment       0x0000000000000000       0x12 hal/device.32
 .group         0x0000000000000000        0xc hal/diskctrl.32
 .comment       0x0000000000000000       0x12 hal/diskctrl.32
 .group         0x0000000000000000        0xc hal/diskphys.32
 .comment       0x0000000000000000       0x12 hal/diskphys.32
 .comment       0x0000000000000000       0x12 hal/fpu.32
 .group         0x0000000000000000        0xc hal/keybrd.32
 .comment       0x0000000000000000       0x12 hal/keybrd.32
 .group         0x0000000000000000        0xc hal/logidisk.32
 .comment       0x0000000000000000       0x12 hal/logidisk.32
 .group         0x0000000000000000        0xc hal/mouse.32
 .comment       0x0000000000000000       0x12 hal/mouse.32
 .group         0x0000000000000000        0xc hal/nic.32
 .comment       0x0000000000000000       0x12 hal/nic.32
 .comment       0x0000000000000000       0x12 hal/partition.32
 .group         0x0000000000000000        0xc hal/serial.32
 .comment       0x0000000000000000       0x12 hal/serial.32
 .group         0x0000000000000000        0x8 hal/timer.32
 .group         0x0000000000000000        0x8 hal/timer.32
 .group         0x0000000000000000        0xc hal/timer.32
 .group         0x0000000000000000        0xc hal/timer.32
 .group         0x0000000000000000        0xc hal/timer.32
 .comment       0x0000000000000000       0x12 hal/timer.32
 .group         0x0000000000000000        0xc hal/vcache.32
 .comment       0x0000000000000000       0x12 hal/vcache.32
 .group         0x0000000000000000        0xc hal/video.32
 .comment       0x0000000000000000       0x12 hal/video.32
 .group         0x0000000000000000       0x14 hw/acpi.32
 .group         0x0000000000000000        0x8 hw/acpi.32
 .group         0x0000000000000000        0x8 hw/acpi.32
 .group         0x0000000000000000        0x8 hw/acpi.32
 .group         0x0000000000000000        0xc hw/acpi.32
 .group         0x0000000000000000        0xc hw/acpi.32
 .comment       0x0000000000000000       0x12 hw/acpi.32
 .comment       0x0000000000000000       0x12 krnl/assert.32
 .comment       0x0000000000000000       0x12 krnl/atexit.32
 .comment       0x0000000000000000       0x12 krnl/bootflags.32
 .comment       0x0000000000000000       0x12 krnl/bootmsg.32
[...]
Memory Configuration

Name             Origin             Length             Attributes
*default*        0x0000000000000000 0xffffffffffffffff

Linker script and memory map

LOAD C:/Users/Alex/Desktop/Banana/kernel/boot.32
LOAD crti.32
LOAD /cygdrive/c/Users/Alex/Toolchain/Output/bin/../lib/gcc/i386-banana/8.1.0/crtbegin.o
LOAD C:/Users/Alex/Desktop/Banana/kernel/morenasm.32
LOAD acpica/utclib.32
LOAD krnl/malloc.32
LOAD libk/ctype.32
LOAD libk/string.32
LOAD arch/i386/cc.32
LOAD fs/fat/diskio.32
LOAD fs/fat/ff.32
LOAD fs/fat/ffsystem.32
LOAD fs/fat/ffunicode.32
LOAD fs/iso9660/iso9660.32
LOAD dbg/kconsole.32
LOAD dbg/usban.32
LOAD fs/symlink.32
LOAD fs/vfs.32
LOAD hal/bus.32
LOAD hal/buzzer.32
LOAD hal/clock.32
LOAD hal/device.32
LOAD hal/diskctrl.32
LOAD hal/diskphys.32
LOAD hal/fpu.32
LOAD hal/keybrd.32
LOAD hal/logidisk.32
LOAD hal/mouse.32
LOAD hal/nic.32
LOAD hal/partition.32
LOAD hal/serial.32
LOAD hal/timer.32
LOAD hal/vcache.32
LOAD hal/video.32
LOAD hw/acpi.32
LOAD krnl/assert.32
LOAD krnl/atexit.32
LOAD krnl/bootflags.32
LOAD krnl/bootmsg.32
LOAD krnl/c++.32
LOAD krnl/cdefs.32
LOAD krnl/cm.32
LOAD krnl/computer.32
LOAD krnl/crc32.32
LOAD krnl/env.32
LOAD krnl/fault.32
LOAD krnl/gdt.32
LOAD krnl/idle.32
LOAD krnl/idt.32
LOAD krnl/inlines.32
LOAD krnl/intlformat.32
LOAD krnl/intops.32
LOAD krnl/kheap.32
LOAD krnl/mailbox.32
LOAD krnl/main.32
LOAD krnl/mutex.32
LOAD krnl/panic.32
LOAD krnl/physmgr.32
LOAD krnl/pipe.32
LOAD krnl/powctrl.32
LOAD krnl/random.32
LOAD krnl/resolve.32
LOAD krnl/semaphore.32
LOAD krnl/signal.32
LOAD krnl/syscalls.32
LOAD krnl/terminal.32
LOAD krnl/tss.32
LOAD krnl/unixfile.32
LOAD krnl/virtmgr.32
LOAD sys/alarm.32
LOAD sys/eject.32
LOAD sys/exit.32
LOAD sys/getcwd.32
LOAD sys/getpid.32
LOAD sys/getramdata.32
LOAD sys/getvgaptr.32
LOAD sys/kill.32
LOAD sys/loaddll.32
LOAD sys/pause.32
LOAD sys/pthread.32
LOAD sys/read.32
LOAD sys/registersignal.32
LOAD sys/registry.32
LOAD sys/sbrk.32
LOAD sys/setcwd.32
LOAD sys/settime.32
LOAD sys/symlink.32
LOAD sys/timezone.32
LOAD sys/truncate.32
LOAD sys/write.32
LOAD sys/wsbe.32
LOAD sys/yield.32
LOAD thr/alarm.32
LOAD thr/elf.32
LOAD thr/exec.32
LOAD thr/prcssthr.32
LOAD vm86/vm8086.32
LOAD arch/i386/apic.32
LOAD arch/i386/hal.32
LOAD arch/i386/intctrl.32
LOAD arch/i386/pic.32
LOAD arch/i386/rtc.32
LOAD arch/i386/vga.32
LOAD fs/fat/vfslink.32
LOAD fs/iso9660/helper.32
LOAD fs/iso9660/vfslink.32
LOAD hal/sound/sndcard.32
LOAD hal/sound/sndport.32
LOAD hw/bus/pci.32
LOAD hw/diskctrl/ide.32
LOAD hw/diskctrl/satabus.32
LOAD hw/diskphys/ata.32
LOAD hw/diskphys/atapi.32
LOAD hw/diskphys/sata.32
LOAD hw/diskphys/satapi.32
LOAD hw/timer/apictimer.32
LOAD hw/timer/pit.32
LOAD arch/i386/avx.32
LOAD arch/i386/interrupt.32
LOAD arch/i386/rdrand.32
LOAD arch/i386/sse.32
LOAD arch/i386/x87.32
LOAD /cygdrive/c/Users/Alex/Toolchain/Output/bin/../lib/gcc/i386-banana/8.1.0/crtend.o
LOAD crtn.32
LOAD /cygdrive/c/Users/Alex/Toolchain/Output/bin/../lib/gcc/i386-banana/8.1.0/libkgcc.a
LOAD C:/Users/Alex/Desktop/Banana/kernel/libsoftfp.a
LOAD C:/Users/Alex/Desktop/Banana/kernel/libk/libm32.a
                0x00000000c0000000                . = 0xc0000000

.text           0x00000000c0000000    0x21cfe
 *(.text)
 .text          0x00000000c0000000       0x20 C:/Users/Alex/Desktop/Banana/kernel/boot.32
 .text          0x00000000c0000020        0x0 crti.32
 .text          0x00000000c0000020      0x101 /cygdrive/c/Users/Alex/Toolchain/Output/bin/../lib/gcc/i386-banana/8.1.0/crtbegin.o
 *fill*         0x00000000c0000121        0xf 
 .text          0x00000000c0000130      0x24f C:/Users/Alex/Desktop/Banana/kernel/morenasm.32
                0x00000000c0000130                manualPCIProbe
                0x00000000c000017b                prepareTramp
                0x00000000c0000194                doTPAUSE
                0x00000000c000019e                hasLegacyFPU
                0x00000000c00001c3                is486
                0x00000000c00001f9                detectCPUID
                0x00000000c000020f                goToVM86
                0x00000000c000023f                goToUsermode
                0x00000000c0000269                switchToThreadASMFirstTime
                0x00000000c0000277                switchToThreadASM
                0x00000000c00002fc                asmQuickAcquireLock
                0x00000000c000031a                asmQuickReleaseLock
                0x00000000c0000326                asmAcquireLock
                0x00000000c0000347                asmReleaseLock
                0x00000000c000035a                loadGDT
                0x00000000c000037a                memcpy
 *fill*         0x00000000c000037f        0x1 
 .text          0x00000000c0000380      0x868 acpica/utclib.32
                0x00000000c0000380                memcmp
                0x00000000c00003d0                memmove
                0x00000000c00004f0                memset
                0x00000000c0000570                strlen
                0x00000000c00005a0                strpbrk
                0x00000000c00005f0                strtok
                0x00000000c0000640                strcpy
                0x00000000c0000680                strncpy
                0x00000000c0000750                strcmp
                0x00000000c00007a0                strchr
                0x00000000c00007e0                strncmp
                0x00000000c0000840                strcat
                0x00000000c0000870                strncat
                0x00000000c00008d0                strstr
                0x00000000c0000930                toupper
                0x00000000c0000950                tolower
                0x00000000c0000970                simple_strtoul
 .text          0x00000000c0000be8     0x1140 krnl/malloc.32
                0x00000000c0000d53                dlfree
                0x00000000c000121a                dlmalloc
                0x00000000c0001757                dlrealloc
                0x00000000c0001934                dlmemalign
                0x00000000c0001a57                dlcalloc
                0x00000000c0001ae8                dlcfree
                0x00000000c0001aed                dlindependent_calloc
                0x00000000c0001b12                dlindependent_comalloc
                0x00000000c0001b29                dlvalloc
                0x00000000c0001b54                dlpvalloc
                0x00000000c0001b8a                dlmalloc_trim
                0x00000000c0001b97                dlmalloc_usable_size
                0x00000000c0001bc8                dlmallinfo
                0x00000000c0001c97                dlmalloc_stats
                0x00000000c0001ca8                dlmallopt
 .text          0x00000000c0001d28      0x1f2 libk/ctype.32
                0x00000000c0001d28                isblank
                0x00000000c0001d48                iscntrl
                0x00000000c0001d68                isdigit
                0x00000000c0001d84                islower
                0x00000000c0001da0                isspace
                0x00000000c0001dc8                isupper
                0x00000000c0001de4                isalpha
                0x00000000c0001e14                isalnum
                0x00000000c0001e44                ispunct
                0x00000000c0001e84                isgraph
                0x00000000c0001eb4                isprint
                0x00000000c0001edc                isxdigit
 .text          0x00000000c0001f1a        0x0 libk/string.32
 *fill*         0x00000000c0001f1a        0x2 
 .text          0x00000000c0001f1c       0x53 arch/i386/cc.32
                0x00000000c0001f1c                LWIP_PLATFORM_HTONS
                0x00000000c0001f40                LWIP_PLATFORM_HTONL
 .text          0x00000000c0001f6f       0x51 fs/fat/diskio.32
                0x00000000c0001f6f                disk_status
                0x00000000c0001f72                disk_initialize
                0x00000000c0001f75                disk_read
                0x00000000c0001f8b                disk_write
                0x00000000c0001fa1                disk_ioctl
 .text          0x00000000c0001fc0     0x3e46 fs/fat/ff.32
                0x00000000c0003de1                f_mount
                0x00000000c0003e43                f_open
                0x00000000c0004106                f_read
                0x00000000c0004305                f_write
                0x00000000c000454d                f_sync
                0x00000000c0004612                f_close
                0x00000000c0004641                f_lseek
                0x00000000c00047f2                f_opendir
                0x00000000c00048bd                f_closedir
                0x00000000c00048df                f_readdir
                0x00000000c0004971                f_stat
                0x00000000c00049f0                f_getfree
                0x00000000c0004af9                f_truncate
                0x00000000c0004be3                f_unlink
                0x00000000c0004d05                f_mkdir
                0x00000000c0004ea0                f_rename
                0x00000000c0005058                f_chmod
                0x00000000c0005108                f_utime
                0x00000000c00051b8                f_getlabel
                0x00000000c0005309                f_setlabel
                0x00000000c0005499                f_expand
                0x00000000c0005606                f_mkfs
 *fill*         0x00000000c0005e06        0x2 
 .text          0x00000000c0005e08       0x2f fs/fat/ffsystem.32
                0x00000000c0005e08                ff_memalloc
                0x00000000c0005e20                ff_memfree
 *fill*         0x00000000c0005e37        0x1 
 .text          0x00000000c0005e38      0x2dc fs/fat/ffunicode.32
                0x00000000c0005e38                ff_uni2oem
                0x00000000c0005ed8                ff_oem2uni
                0x00000000c0005f50                ff_wtoupper
 .text          0x00000000c0006114      0xd32 fs/iso9660/iso9660.32
                0x00000000c000635f                isoReadDiscSector
                0x00000000c00063fa                strnicmp
                0x00000000c00066a9                stricmp
                0x00000000c00066f5                iso_open
                0x00000000c000677f                iso_close
                0x00000000c000679d                iso_read
                0x00000000c00068b3                iso_seek
                0x00000000c0006937                iso_tell
                0x00000000c0006968                iso_total
                0x00000000c0006993                fn_postprocess
                0x00000000c00069ba                iso_readdir
                0x00000000c0006c11                iso_reset
                0x00000000c0006c2e                init_percd
                0x00000000c0006d28                iso_ioctl
                0x00000000c0006d40                fs_iso9660_init
                0x00000000c0006dd6                fs_iso9660_shutdown
 .text          0x00000000c0006e46      0x2ad dbg/kconsole.32
                0x00000000c0006e46                Dbg::stringifyxWithBase(unsigned int, char*, int)
                0x00000000c0006ee6                Dbg::logc(char)
                0x00000000c0006f13                Dbg::logs(char*)
                0x00000000c0006f3d                Dbg::logWriteInt(unsigned int)
                0x00000000c0006f5b                Dbg::logWriteIntBase(unsigned int, int)
                0x00000000c0006f7c                Dbg::kprintf(char const*, ...)
 *fill*         0x00000000c00070f3        0x1 
 .text          0x00000000c00070f4      0x2d4 dbg/usban.32
                0x00000000c00070f4                KiUbsanPrintDetails(char const*, void*)
                0x00000000c0007160                __ubsan_handle_type_mismatch_v1
                0x00000000c000723c                __ubsan_handle_pointer_overflow
                0x00000000c0007268                __ubsan_handle_out_of_bounds
                0x00000000c0007294                __ubsan_handle_add_overflow
                0x00000000c00072c0                __ubsan_handle_load_invalid_value
                0x00000000c00072ec                __ubsan_handle_divrem_overflow
                0x00000000c0007318                __ubsan_handle_mul_overflow
                0x00000000c0007344                __ubsan_handle_sub_overflow
                0x00000000c0007370                __ubsan_handle_shift_out_of_bounds
                0x00000000c000739c                __ubsan_handle_negate_overflow
 .text          0x00000000c00073c8      0x814 fs/symlink.32
                0x00000000c0007517                KiDeinitialiseSymlinks(void*)
                0x00000000c00075aa                KeRegisterSymlink(char const*, unsigned long long)
                0x00000000c000762d                KeInitialiseSymlinks()
                0x00000000c000778f                KiIsSymlinkRegistered(char const*)
                0x00000000c00078f9                KeDereferenceSymlink(char const*, char*)
                0x00000000c0007aa0                KeCreateSymlink(char const*, char const*)
 .text          0x00000000c0007bdc      0xd88 fs/vfs.32
                0x00000000c0007bdc                File::read(unsigned long long, void*, int*)
                0x00000000c0007c34                File::write(unsigned long long, void*, int*)
                0x00000000c0007c8c                Directory::read(unsigned long long, void*, int*)
                0x00000000c0007ce4                Directory::write(unsigned long long, void*, int*)
                0x00000000c0007d12                File::isAtty()
                0x00000000c0007d16                Directory::isAtty()
                0x00000000c0007d1a                Filesystem::getlabel(LogicalDisk*, int, char*, unsigned int*)
                0x00000000c0007d20                Filesystem::setlabel(LogicalDisk*, int, char*)
                0x00000000c0007d26                Filesystem::allocateSwapfile(char const*, int)
                0x00000000c0007d2c                File::~File()
                0x00000000c0007d2c                File::~File()
                0x00000000c0007d50                File::~File()
                0x00000000c0007d7a                Directory::~Directory()
                0x00000000c0007d7a                Directory::~Directory()
                0x00000000c0007d9e                Directory::~Directory()
                0x00000000c0007dc8                Filesystem::Filesystem()
                0x00000000c0007dc8                Filesystem::Filesystem()
                0x00000000c0007dec                Filesystem::~Filesystem()
                0x00000000c0007dec                Filesystem::~Filesystem()
                0x00000000c0007dfa                Filesystem::~Filesystem()
                0x00000000c0007e1e                Fs::getcwd(Process*, char*, int)
                0x00000000c0007e48                Fs::initVFS()
                0x00000000c0007e72                Fs::standardiseFiles(char*, char const*, char const*, bool)
                0x00000000c000808c                File::File(char const*, Process*, bool)
                0x00000000c000808c                File::File(char const*, Process*, bool)
                0x00000000c000818a                File::File(char const*, Process*)
                0x00000000c000818a                File::File(char const*, Process*)
                0x00000000c00081a8                File::open(FileOpenMode)
                0x00000000c0008206                File::close()
                0x00000000c0008266                File::seek(unsigned long long)
                0x00000000c00082bc                File::truncate(unsigned long long)
                0x00000000c0008312                File::tell(unsigned long long*)
                0x00000000c0008362                File::rewind()
                0x00000000c0008376                File::unlink()
                0x00000000c00083c2                File::rename(char const*)
                0x00000000c0008410                File::chfatattr(unsigned char, unsigned char)
                0x00000000c000846c                File::exists()
                0x00000000c00084aa                File::stat(unsigned long long*, bool*)
                0x00000000c000850b                Fs::setcwd(Process*, char*)
                0x00000000c000866a                Directory::Directory(char const*, Process*)
                0x00000000c000866a                Directory::Directory(char const*, Process*)
                0x00000000c0008732                Directory::open()
                0x00000000c000878e                Directory::close()
                0x00000000c00087ee                Directory::unlink()
                0x00000000c000883a                Directory::rename(char const*)
                0x00000000c0008888                Directory::exists()
                0x00000000c00088c6                Directory::read(dirent*)
                0x00000000c0008912                Directory::create()
                0x00000000c000895e                Filesystem::chfatattr(char const*, unsigned char, unsigned char)
 .text          0x00000000c0008964       0x86 hal/bus.32
                0x00000000c0008964                Bus::Bus(char const*)
                0x00000000c0008964                Bus::Bus(char const*)
                0x00000000c000899c                Bus::~Bus()
                0x00000000c000899c                Bus::~Bus()
                0x00000000c00089c0                Bus::~Bus()
 .text          0x00000000c00089ea       0x9b hal/buzzer.32
                0x00000000c00089ea                KeBeepThread(void*)
                0x00000000c0008a2b                KeBeep(int, int, bool)
 *fill*         0x00000000c0008a85        0x1 
 .text          0x00000000c0008a86      0xeac hal/clock.32
                0x00000000c0008a86                KeLoadTimezoneStrings()
                0x00000000c0008e15                KeGetTimezoneStringFromID(int)
                0x00000000c0008eb2                KeUpdateTimezone(char const*)
                0x00000000c0008fac                KeSetTimezone(char const*)
                0x00000000c0009009                KeSetTimezone(int)
                0x00000000c000903c                KeLoadTimezone()
                0x00000000c00090b6                Clock::Clock(char const*)
                0x00000000c00090b6                Clock::Clock(char const*)
                0x00000000c00090ec                Clock::~Clock()
                0x00000000c00090ec                Clock::~Clock()
                0x00000000c0009110                Clock::~Clock()
                0x00000000c000913a                Clock::timeInSecondsLocal()
                0x00000000c00091b0                Clock::setTimeInSecondsLocal(unsigned long long)
                0x00000000c000923c                KeDatetimeToSeconds(datetime_t)
                0x00000000c000957c                Clock::setTimeInDatetimeLocal(datetime_t)
                0x00000000c000964a                KeSecondsToDatetime(unsigned long long)
                0x00000000c0009906                Clock::timeInDatetimeLocal()
 .text          0x00000000c0009932      0x47a hal/device.32
                0x00000000c0009932                Device::hibernate()
                0x00000000c0009934                Device::wake()
                0x00000000c0009936                Device::detect()
                0x00000000c0009938                Device::disableLegacy()
                0x00000000c000993a                Device::powerSaving(PowerSavingLevel)
                0x00000000c000993c                DriverlessDevice::close(int, int, void*)
                0x00000000c0009940                DriverlessDevice::detect()
                0x00000000c0009942                DriverlessDevice::open(int, int, void*)
                0x00000000c0009956                Device::~Device()
                0x00000000c0009956                Device::~Device()
                0x00000000c0009964                Device::~Device()
                0x00000000c000998c                Device::findAndLoadDriver()
                0x00000000c000999a                Device::preOpenPCI(PCIDeviceInfo)
                0x00000000c00099c0                Device::preOpenACPI(void*, char*, char*)
                0x00000000c0009a00                Device::addIRQHandler(int, void (*)(regs*, void*), bool, void*)
                0x00000000c0009a2a                Device::getParent()
                0x00000000c0009a36                Device::removeIRQHandler(int, void (*)(regs*, void*), bool)
                0x00000000c0009a54                Device::addChild(Device*)
                0x00000000c0009a98                Device::removeAllChildren()
                0x00000000c0009ade                Device::hibernateAll()
                0x00000000c0009b0e                Device::wakeAll()
                0x00000000c0009b3e                Device::detectAll()
                0x00000000c0009b6e                Device::disableLegacyAll()
                0x00000000c0009b70                Device::loadDriversForAll()
                0x00000000c0009b72                Device::powerSavingAll(PowerSavingLevel)
                0x00000000c0009ba8                Device::setName(char const*)
                0x00000000c0009bb6                Device::Device(char const*)
                0x00000000c0009bb6                Device::Device(char const*)
                0x00000000c0009cb2                Device::getName()
                0x00000000c0009cbc                Device::closeAll()
                0x00000000c0009d08                DriverlessDevice::DriverlessDevice(char const*)
                0x00000000c0009d08                DriverlessDevice::DriverlessDevice(char const*)
                0x00000000c0009d3e                Device::addToLinkedList(LinkedList<Device>&, DeviceType)
                0x00000000c0009d82                getDevicesOfType(DeviceType)
 .text          0x00000000c0009dac       0x86 hal/diskctrl.32
                0x00000000c0009dac                HardDiskController::HardDiskController(char const*)
                0x00000000c0009dac                HardDiskController::HardDiskController(char const*)
                0x00000000c0009de4                HardDiskController::~HardDiskController()
                0x00000000c0009de4                HardDiskController::~HardDiskController()
                0x00000000c0009e08                HardDiskController::~HardDiskController()
 .text          0x00000000c0009e32       0xe2 hal/diskphys.32
                0x00000000c0009e32                PhysicalDisk::eject()
                0x00000000c0009e36                PhysicalDisk::PhysicalDisk(char const*, int)
                0x00000000c0009e36                PhysicalDisk::PhysicalDisk(char const*, int)
                0x00000000c0009e9e                PhysicalDisk::startCache()
                0x00000000c0009ec6                PhysicalDisk::~PhysicalDisk()
                0x00000000c0009ec6                PhysicalDisk::~PhysicalDisk()
                0x00000000c0009eea                PhysicalDisk::~PhysicalDisk()
 .text          0x00000000c0009f14        0x0 hal/fpu.32
 .text          0x00000000c0009f14      0x874 hal/keybrd.32
                0x00000000c0009f14                startGUI(void*)
                0x00000000c0009f79                startGUIVESA(void*)
                0x00000000c0009fde                sendKeyToTerminal(unsigned char)
                0x00000000c000a0b4                sendKeyboardToken(KeyboardToken)
                0x00000000c000a570                clearInternalKeybuffer(VgaText*)
                0x00000000c000a5a5                readKeyboard(VgaText*, char*, unsigned long)
                0x00000000c000a6fe                Keyboard::Keyboard(char const*)
                0x00000000c000a6fe                Keyboard::Keyboard(char const*)
                0x00000000c000a73a                Keyboard::~Keyboard()
                0x00000000c000a73a                Keyboard::~Keyboard()
                0x00000000c000a75e                Keyboard::~Keyboard()
 .text          0x00000000c000a788      0x3f8 hal/logidisk.32
                0x00000000c000a788                LogicalDisk::close(int, int, void*)
                0x00000000c000a78c                LogicalDisk::~LogicalDisk()
                0x00000000c000a78c                LogicalDisk::~LogicalDisk()
                0x00000000c000a7b0                LogicalDisk::~LogicalDisk()
                0x00000000c000a7da                LogicalDisk::open(int, int, void*)
                0x00000000c000a7ee                LogicalDisk::absoluteToRelative(unsigned long long)
                0x00000000c000a826                LogicalDisk::relativeToAbsolute(unsigned long long)
                0x00000000c000a86c                LogicalDisk::LogicalDisk(char const*, PhysicalDisk*, unsigned long long, unsigned long long)
                0x00000000c000a86c                LogicalDisk::LogicalDisk(char const*, PhysicalDisk*, unsigned long long, unsigned long long)
                0x00000000c000a92c                LogicalDisk::assignDriveLetter()
                0x00000000c000a9e6                LogicalDisk::mount()
                0x00000000c000aa2e                LogicalDisk::unmount()
                0x00000000c000aa3e                LogicalDisk::eject()
                0x00000000c000aa52                LogicalDisk::unassignDriveLetter()
                0x00000000c000aaa8                LogicalDisk::read(unsigned long long, int, void*)
                0x00000000c000ab14                LogicalDisk::write(unsigned long long, int, void*)
 .text          0x00000000c000ab80       0x86 hal/mouse.32
                0x00000000c000ab80                Mouse::Mouse(char const*)
                0x00000000c000ab80                Mouse::Mouse(char const*)
                0x00000000c000abb8                Mouse::~Mouse()
                0x00000000c000abb8                Mouse::~Mouse()
                0x00000000c000abdc                Mouse::~Mouse()
 .text          0x00000000c000ac06       0x90 hal/nic.32
                0x00000000c000ac06                NIC::getMAC()
                0x00000000c000ac0c                NIC::write(int, unsigned char*, int*)
                0x00000000c000ac12                NIC::NIC(char const*)
                0x00000000c000ac12                NIC::NIC(char const*)
                0x00000000c000ac48                NIC::~NIC()
                0x00000000c000ac48                NIC::~NIC()
                0x00000000c000ac6c                NIC::~NIC()
 .text          0x00000000c000ac96      0x33b hal/partition.32
                0x00000000c000ac96                makePartition(PhysicalDisk*, unsigned long long, unsigned long long)
                0x00000000c000ad3e                createPartitionsForDisk(PhysicalDisk*)
 *fill*         0x00000000c000afd1        0x3 
 .text          0x00000000c000afd4       0x86 hal/serial.32
                0x00000000c000afd4                Serial::Serial(char const*)
                0x00000000c000afd4                Serial::Serial(char const*)
                0x00000000c000b00c                Serial::~Serial()
                0x00000000c000b00c                Serial::~Serial()
                0x00000000c000b030                Serial::~Serial()
 *fill*         0x00000000c000b05a        0x2 
 .text          0x00000000c000b05c      0x230 hal/timer.32
                0x00000000c000b05c                Timer::Timer(char const*)
                0x00000000c000b05c                Timer::Timer(char const*)
                0x00000000c000b094                Timer::~Timer()
                0x00000000c000b094                Timer::~Timer()
                0x00000000c000b0b8                Timer::~Timer()
                0x00000000c000b0e2                Timer::read()
                0x00000000c000b0ed                setupTimer(int)
                0x00000000c000b128                timerHandler(unsigned int)
 .text          0x00000000c000b28c      0x5fe hal/vcache.32
                0x00000000c000b28c                VCache::VCache(PhysicalDisk*)
                0x00000000c000b28c                VCache::VCache(PhysicalDisk*)
                0x00000000c000b3fc                VCache::invalidateReadBuffer()
                0x00000000c000b40c                VCache::writeWriteBuffer()
                0x00000000c000b458                VCache::~VCache()
                0x00000000c000b458                VCache::~VCache()
                0x00000000c000b4b0                VCache::~VCache()
                0x00000000c000b4d8                VCache::write(unsigned long long, int, void*)
                0x00000000c000b6a6                VCache::read(unsigned long long, int, void*)
 .text          0x00000000c000b88a      0x70e hal/video.32
                0x00000000c000b88a                Video::putrect(int, int, int, int, unsigned int)
                0x00000000c000b8d6                Video::bitblit(int, int, int, int, int, int, int, unsigned int*)
                0x00000000c000b946                Video::blit(unsigned int*, int, int, int, int)
                0x00000000c000b9c4                Video::clearScreen(unsigned int)
                0x00000000c000b9f8                Video::putpixel(int, int, unsigned int)
                0x00000000c000ba06                Video::readPixelApprox(int, int)
                0x00000000c000ba1a                Video::Video(char const*)
                0x00000000c000ba1a                Video::Video(char const*)
                0x00000000c000ba50                Video::~Video()
                0x00000000c000ba50                Video::~Video()
                0x00000000c000ba74                Video::~Video()
                0x00000000c000ba9e                Video::isMonochrome()
                0x00000000c000baaa                Video::getWidth()
                0x00000000c000bab6                Video::getHeight()
                0x00000000c000bac2                Video::drawCursor(int, int, unsigned int*, int)
                0x00000000c000bb7e                Video::tgaParse(unsigned char*, int, int*, int*)
                0x00000000c000bf28                Video::putTGA(int, int, unsigned char*, int)
 .text          0x00000000c000bf98     0x11a3 hw/acpi.32
                0x00000000c000bf98                ACPI::close(int, int, void*)
                0x00000000c000bfa0                loadACPITables(unsigned char*)
                0x00000000c000c200                findRSDT(unsigned char*)
                0x00000000c000c34c                findDataTable(unsigned char*, char*)
                0x00000000c000c3c0                scanMADT()
                0x00000000c000c870                ACPI::ACPI()
                0x00000000c000c870                ACPI::ACPI()
                0x00000000c000c8c0                ACPI::getPCIIRQAssignment(unsigned char, unsigned short, unsigned char)
                0x00000000c000c9bc                ACPI::registerPCIIRQAssignment(void*, unsigned short, unsigned char, unsigned char)
                0x00000000c000ca88                ACPI::setScreenBrightnessLevel(void*, int)
                0x00000000c000ca90                ACPI::detectPCI()
                0x00000000c000cc9c                ACPI::writeSimpleBootFlag(SimpleBootFlagTable*)
                0x00000000c000ccb4                ACPI::open(int, int, void*)
 *fill*         0x00000000c000d13b        0x1 
 .text          0x00000000c000d13c       0xea krnl/assert.32
                0x00000000c000d13c                KeAssertionFailed(char*, char const*, char const*, int)
 .text          0x00000000c000d226       0x91 krnl/atexit.32
                0x00000000c000d226                KeInitialiseAtexit()
                0x00000000c000d248                KeRegisterAtexit(void (*)(void*), void*)
                0x00000000c000d27c                KeExecuteAtexit()
 *fill*         0x00000000c000d2b7        0x1 
 .text          0x00000000c000d2b8       0x1e krnl/bootflags.32
                0x00000000c000d2b8                KeGetBootConfigurationFlag(BootConfigurationFlag)
                0x00000000c000d2c8                KeInitialiseBootConfigurationFlags()
 .text          0x00000000c000d2d6       0x8a krnl/bootmsg.32
                0x00000000c000d2d6                KeDisplaySplashScreen()
                0x00000000c000d305                KeSetBootMessage(char const*)
 .text          0x00000000c000d360       0x5f krnl/c++.32
                0x00000000c000d360                __cxa_atexit
                0x00000000c000d363                __cxa_finalize
                0x00000000c000d364                __stack_chk_fail
                0x00000000c000d39a                __cxa_pure_virtual
                0x00000000c000d3ab                operator new[](unsigned long)
                0x00000000c000d3b0                operator delete(void*, unsigned long)
                0x00000000c000d3b5                operator delete[](void*)
                0x00000000c000d3ba                operator delete[](void*, unsigned long)
 *fill*         0x00000000c000d3bf        0x1 
 .text          0x00000000c000d3c0       0x44 krnl/cdefs.32
                0x00000000c000d3c0                CUnlockScheduler
                0x00000000c000d3d8                CLockScheduler
                0x00000000c000d3e8                CPrintf
 .text          0x00000000c000d404      0xd56 krnl/cm.32
                0x00000000c000d404                CmOpen(char const*)
                0x00000000c000d522                CmClose(Reghive_Tag*)
                0x00000000c000d538                CmReadExtent(Reghive_Tag*, int, unsigned char*)
                0x00000000c000d574                CmGetString(Reghive_Tag*, int, char*)
                0x00000000c000d5eb                CmEnterDirectory(Reghive_Tag*, int)
                0x00000000c000d62a                CmGetNext(Reghive_Tag*, int)
                0x00000000c000d65c                CmWriteExtent(Reghive_Tag*, int, unsigned char*)
                0x00000000c000d698                CmFreeExtent(Reghive_Tag*, int)
                0x00000000c000d6c0                CmUpdateHeader(Reghive_Tag*)
                0x00000000c000d6e1                CmExpand(Reghive_Tag*, int)
                0x00000000c000d75c                CmFindUnusedExtent(Reghive_Tag*)
                0x00000000c000d7e2                CmCreateExtent(Reghive_Tag*, int, int, unsigned char*)
                0x00000000c000d8d6                CmSetString(Reghive_Tag*, int, char const*)
                0x00000000c000da12                CmGetMatch(char*, char*, bool, bool*)
                0x00000000c000da73                CmAddShift(unsigned int*, int*, unsigned char, int)
                0x00000000c000daa3                CmGetShift(unsigned int*, int*, int, bool*)
                0x00000000c000dada                CmGetInteger(Reghive_Tag*, int, unsigned long long*)
                0x00000000c000db04                CmSetInteger(Reghive_Tag*, int, unsigned long long)
                0x00000000c000db44                CmConvertFromInternalFilename(unsigned char const*, char*)
                0x00000000c000dbe8                CmGetNameAndTypeFromExtent(Reghive_Tag*, int, char*)
                0x00000000c000dc16                CmConvertToInternalFilename(char const*, unsigned char*)
                0x00000000c000ddb4                CmCreateString(Reghive_Tag*, int, char const*)
                0x00000000c000de01                CmFindInDirectory(Reghive_Tag*, int, char const*)
                0x00000000c000de7b                CmCreateInteger(Reghive_Tag*, int, char const*, unsigned long long, int)
                0x00000000c000dece                CmCreateDirectory(Reghive_Tag*, int, char const*)
                0x00000000c000df92                zStrtok(char*, char const*)
                0x00000000c000e004                CmFindObjectFromPath(Reghive_Tag*, char const*)
                0x00000000c000e085                CmDisplayTree(Reghive_Tag*, int, int)
                0x00000000c000e128                CmSplitFinalSlashInPlace(char*)
 .text          0x00000000c000e15a       0xe3 krnl/computer.32
                0x00000000c000e15a                Computer::close(int, int, void*)
                0x00000000c000e160                Computer::Computer()
                0x00000000c000e160                Computer::Computer()
                0x00000000c000e1a4                Computer::open(int, int, void*)
 .text          0x00000000c000e23d       0x2b krnl/crc32.32
                0x00000000c000e23d                KeCalculateCRC32(unsigned char*, int)
 .text          0x00000000c000e268      0x5bf krnl/env.32
                0x00000000c000e268                EnvVarContainer::getEnv(char const*)
                0x00000000c000e2a6                EnvVarContainer::setEnv(char const*, char const*)
                0x00000000c000e368                EnvVarContainer::deleteEnv(char const*)
                0x00000000c000e36a                EnvVarContainer::loadFrom(char const*, char const*)
                0x00000000c000e58e                EnvVarContainer::__loadSystem()
                0x00000000c000e5a8                EnvVarContainer::__loadUser()
                0x00000000c000e5aa                EnvVarContainer::EnvVarContainer(Process*)
                0x00000000c000e5aa                EnvVarContainer::EnvVarContainer(Process*)
                0x00000000c000e5cc                EnvVarContainer::~EnvVarContainer()
                0x00000000c000e5cc                EnvVarContainer::~EnvVarContainer()
                0x00000000c000e5fc                KeGetEnv(Process*, char const*)
                0x00000000c000e661                KeSetEnvSystem(char const*, char const*)
                0x00000000c000e67b                KeSetEnvUser(char const*, char const*)
                0x00000000c000e69a                KeSetEnvProcess(Process*, char const*, char const*)
                0x00000000c000e6ad                KeDeleteEnvSystem(char const*)
                0x00000000c000e6ae                KeDeleteEnvUser(char const*)
                0x00000000c000e6af                KeDeleteEnvProcess(Process*, char const*)
                0x00000000c000e6b0                KeNewProcessEnv(Process*)
                0x00000000c000e6d2                KeCopyProcessEnv(Process*, Process*)
                0x00000000c000e71e                KeLoadSystemEnv()
                0x00000000c000e74c                KeLoadUserEnv()
                0x00000000c000e772                KeFlushEnv()
                0x00000000c000e773                KeGetProcessTotalEnvCount(Process*)
                0x00000000c000e793                KeGetProcessEnvPair(Process*, int)
 *fill*         0x00000000c000e827        0x1 
 .text          0x00000000c000e828      0x1a8 krnl/fault.32
                0x00000000c000e828                KeDisplayProgramFault(char const*)
                0x00000000c000e878                KeGeneralProtectionFault(void*, void*)
                0x00000000c000e8cc                KePageFault(void*, void*)
                0x00000000c000e920                KeOpcodeFault(void*, void*)
                0x00000000c000e974                KeOtherFault(void*, void*)
                0x00000000c000e9a8                KeNonMaskableInterrupt(void*, void*)
                0x00000000c000e9b8                KeDoubleFault(void*, void*)
 .text          0x00000000c000e9d0      0x1db krnl/gdt.32
                0x00000000c000e9d0                GDTEntry::setBase(unsigned int)
                0x00000000c000e9ec                GDTEntry::setLimit(unsigned int)
                0x00000000c000ea0a                GDT::GDT()
                0x00000000c000ea0a                GDT::GDT()
                0x00000000c000ea20                GDT::addEntry(GDTEntry)
                0x00000000c000ea42                GDT::getNumberOfEntries()
                0x00000000c000ea4a                GDT::flush()
                0x00000000c000ea6c                GDT::setup()
 .text          0x00000000c000ebab       0x20 krnl/idle.32
                0x00000000c000ebab                idleFunction(void*)
 *fill*         0x00000000c000ebcb        0x1 
 .text          0x00000000c000ebcc      0x46c krnl/idt.32
                0x00000000c000ebcc                IDTEntry::IDTEntry(bool)
                0x00000000c000ebcc                IDTEntry::IDTEntry(bool)
                0x00000000c000ec46                IDTEntry::setOffset(unsigned int)
                0x00000000c000ec5c                IDT::IDT()
                0x00000000c000ec5c                IDT::IDT()
                0x00000000c000ec5e                IDT::getPointerToInvalidOpcodeEntryForF00F()
                0x00000000c000ec66                IDT::addEntry(IDTEntry, int)
                0x00000000c000ec80                IDT::addEntry(int, void (*)(), bool)
                0x00000000c000ecb8                IDT::flush()
                0x00000000c000ecd2                IDT::setup()
 .text          0x00000000c000f038       0x9a krnl/inlines.32
                0x00000000c000f038                CPU::current()
                0x00000000c000f044                operator new(unsigned long)
                0x00000000c000f049                operator delete(void*)
                0x00000000c000f04e                disableIRQs()
                0x00000000c000f050                enableIRQs()
                0x00000000c000f052                lockScheduler()
                0x00000000c000f05a                unlockScheduler()
                0x00000000c000f06c                lockStuff()
                0x00000000c000f07a                unlockStuff()
                0x00000000c000f0b7                Virt::getAKernelVAS()
                0x00000000c000f0bd                __not_memcpy
 .text          0x00000000c000f0d2      0x2bc krnl/intlformat.32
                0x00000000c000f0d2                KeFormatDate(char*, int, int, int, int, bool)
                0x00000000c000f2c2                KeFormatShortDate(char*, int, int, int, int)
                0x00000000c000f2e4                KeFormatLongDate(char*, int, int, int, int)
                0x00000000c000f306                KeSetLocale(klocale_t)
                0x00000000c000f31c                KeInitialiseLocale()
                0x00000000c000f38a                KeFormatCurrency(char*, int, long long, long long)
                0x00000000c000f38b                KeFormatCurrency(char*, int, double)
                0x00000000c000f38c                KeFormatNumber(char*, long long, long long)
                0x00000000c000f38d                KeFormatNumber(char*, double)
 *fill*         0x00000000c000f38e        0x2 
 .text          0x00000000c000f390      0x42e krnl/intops.32
                0x00000000c000f390                KeBasedUnsignedIntegerToString(unsigned long long, char*, int)
                0x00000000c000f518                KeBasedSignedIntegerToString(long long, char*, int)
                0x00000000c000f6c4                KeGetDigitsInNumber(long long)
                0x00000000c000f730                KeItoa(unsigned long long, char*)
                0x00000000c000f760                KeItoa(long long, char*)
                0x00000000c000f790                KeXtoa(unsigned long long, char*)
 .text          0x00000000c000f7be      0x207 krnl/kheap.32
                0x00000000c000f7be                sbrk
                0x00000000c000f855                sbrk_thunk
                0x00000000c000f88b                mmap
                0x00000000c000f8e9                munmap
                0x00000000c000f8fe                liballoc_lock()
                0x00000000c000f90c                liballoc_unlock()
                0x00000000c000f924                liballoc_alloc(int)
                0x00000000c000f93c                liballoc_free(void*, int)
                0x00000000c000f957                realloc
                0x00000000c000f96b                malloc
                0x00000000c000f97b                free
                0x00000000c000f98b                rfree
                0x00000000c000f99b                calloc
 *fill*         0x00000000c000f9c5        0x3 
 .text          0x00000000c000f9c8      0x1d3 krnl/mailbox.32
                0x00000000c000f9c8                KeMailboxTryPost(Mailbox*, void*)
                0x00000000c000fa28                KeMailboxTryGet(Mailbox*, void**)
                0x00000000c000fa88                KeMailboxCreate()
                0x00000000c000fabc                KeMailboxPost(Mailbox*, void*)
                0x00000000c000fb20                KeMailboxGet(Mailbox*, void**)
                0x00000000c000fb84                KeMailboxDestroy(Mailbox*)
 .text          0x00000000c000fb9b      0x20b krnl/main.32
                0x00000000c000fb9b                KeFirstTask()
                0x00000000c000fca6                KeEntryPoint
 *fill*         0x00000000c000fda6        0x2 
 .text          0x00000000c000fda8       0x1a krnl/mutex.32
                0x00000000c000fda8                Mutex::Mutex()
                0x00000000c000fda8                Mutex::Mutex()
 .text          0x00000000c000fdc2       0x12 krnl/panic.32
                0x00000000c000fdc2                KeIsKernelInPanic()
                0x00000000c000fdc8                KePanic(char const*)
 .text          0x00000000c000fdd4      0x667 krnl/physmgr.32
                0x00000000c000fdd4                Phys::allocateDMA(unsigned long)
                0x00000000c000febc                Phys::freeDMA(unsigned long, unsigned long)
                0x00000000c000fef7                Phys::setPageState(unsigned long, bool)
                0x00000000c000ff37                Phys::getPageState(unsigned long)
                0x00000000c000ff53                Phys::freePage(unsigned long)
                0x00000000c000ffbc                Phys::allocatePage()
                0x00000000c001009a                Phys::allocateContiguousPages(int)
                0x00000000c0010115                Phys::allowSegmentToBeUsed(unsigned long, unsigned long)
                0x00000000c001014d                Phys::physicalMemorySetup(unsigned int)
 *fill*         0x00000000c001043b        0x1 
 .text          0x00000000c001043c      0x275 krnl/pipe.32
                0x00000000c001043c                Pipe::isAtty()
                0x00000000c0010440                Pipe::~Pipe()
                0x00000000c0010440                Pipe::~Pipe()
                0x00000000c0010464                Pipe::~Pipe()
                0x00000000c001048c                Pipe::write(unsigned long long, void*, int*)
                0x00000000c001054c                Pipe::read(unsigned long long, void*, int*)
                0x00000000c001064a                Pipe::Pipe(int)
                0x00000000c001064a                Pipe::Pipe(int)
 .text          0x00000000c00106b1      0x1a3 krnl/powctrl.32
                0x00000000c00106b1                KePowerThread(void*)
                0x00000000c00106e3                KeChangePowerSettings(PowerSettings)
                0x00000000c00106f9                KeUserIOReceived()
                0x00000000c0010704                KeSetupPowerManager()
                0x00000000c001078d                KePrepareShutdown()
                0x00000000c00107ac                KeRegisterShutdownHandler(void (*)())
                0x00000000c00107b6                KeRegisterRestartHandler(void (*)())
                0x00000000c00107c0                KeRegisterSleepHandler(void (*)())
                0x00000000c00107ca                KeShutdown()
                0x00000000c0010800                KeSleep()
                0x00000000c001080c                KeHandlePowerButton()
                0x00000000c001081e                KeHandleSleepButton()
                0x00000000c0010830                KeRestart()
 .text          0x00000000c0010854       0x9d krnl/random.32
                0x00000000c0010854                KeRand()
                0x00000000c0010896                KeSeedRand(unsigned int)
                0x00000000c00108bf                KeInitRand()
 *fill*         0x00000000c00108f1        0x3 
 .text          0x00000000c00108f4      0x26c krnl/resolve.32
                0x00000000c00108f4                KeResolveCompatibilitySymbol(char*)
 .text          0x00000000c0010b60      0x415 krnl/semaphore.32
                0x00000000c0010b60                Semaphore::Semaphore(int)
                0x00000000c0010b60                Semaphore::Semaphore(int)
                0x00000000c0010b90                Semaphore::tryAcquire()
                0x00000000c0010c64                Semaphore::assertLocked(char const*)
                0x00000000c0010cf0                Semaphore::acquire(int)
                0x00000000c0010ea8                Semaphore::acquire()
                0x00000000c0010ec4                Semaphore::release()
 .text          0x00000000c0010f75      0x3a8 krnl/signal.32
                0x00000000c0010f75                KiSigKill(int)
                0x00000000c0010f89                KiDefaultSignalHandlerIgnore(int)
                0x00000000c0010f8a                KiDefaultSignalHandlerPause(int)
                0x00000000c0010fb6                KiDefaultSignalHandlerResume(int)
                0x00000000c0010fe2                KeDeinitSignals(SigHandlerBlock*)
                0x00000000c0010fe7                KeInitSignals()
                0x00000000c0011059                KeRegisterSignalHandler(SigHandlerBlock*, int, void (*)(int), unsigned int, int)
                0x00000000c001108f                KeRaiseSignal(SigHandlerBlock*, int)
                0x00000000c0011110                KeCheckSignal(SigHandlerBlock*, int*)
                0x00000000c001123f                KiCheckSignalZ
                0x00000000c0011290                KeCompleteSignal(SigHandlerBlock*, int)
                0x00000000c00112cb                KiFinishSignalZ
 .text          0x00000000c001131d      0xe91 krnl/syscalls.32
                0x00000000c001131d                SysSeekDir(regs*)
                0x00000000c0011322                SysTellDir(regs*)
                0x00000000c0011327                SysVerify(regs*)
                0x00000000c0011331                SysGetArgc(regs*)
                0x00000000c0011345                SysTTYName(regs*)
                0x00000000c001134d                SysFormatDisk(regs*)
                0x00000000c00113c4                SysSetDiskVolumeLabel(regs*)
                0x00000000c0011418                SysGetDiskVolumeLabel(regs*)
                0x00000000c0011471                SysRealpath(regs*)
                0x00000000c00114b5                SysReadDir(regs*)
                0x00000000c0011535                SysIsATTY(regs*)
                0x00000000c001158f                SysSeek(regs*)
                0x00000000c00115ed                SysTell(regs*)
                0x00000000c0011662                SysSize(regs*)
                0x00000000c00116dc                SysSizeFromFilename(regs*)
                0x00000000c0011806                SysSizeFromFilenameNoSymlink(regs*)
                0x00000000c0011930                SysClose(regs*)
                0x00000000c0011990                SysOpenDir(regs*)
                0x00000000c0011a0d                SysMakeDir(regs*)
                0x00000000c0011a7b                SysCloseDir(regs*)
                0x00000000c0011acf                SysWait(regs*)
                0x00000000c0011af0                SysNotImpl(regs*)
                0x00000000c0011b0b                SysPanic(regs*)
                0x00000000c0011b26                SysRmdir(regs*)
                0x00000000c0011b8b                SysUnlink(regs*)
                0x00000000c0011bf0                SysGetArgv(regs*)
                0x00000000c0011c3d                SysUSleep(regs*)
                0x00000000c0011c67                SysSpawn(regs*)
                0x00000000c0011cda                SysGetEnv(regs*)
                0x00000000c0011d8b                SysSetFatAttrib(regs*)
                0x00000000c0011dfe                SysShutdown(regs*)
                0x00000000c0011e5b                SysPipe(regs*)
                0x00000000c0011ea0                SysGetUnixTime(regs*)
                0x00000000c0011f2d                string_ends_with(char const*, char const*)
                0x00000000c0011f75                SysOpen(regs*)
                0x00000000c001216c                KeSystemCall(regs*, void*)
 .text          0x00000000c00121ae      0xb0b krnl/terminal.32
                0x00000000c00121ae                VgaText::isAtty()
                0x00000000c00121b2                VgaText::~VgaText()
                0x00000000c00121b2                VgaText::~VgaText()
                0x00000000c00121d6                VgaText::~VgaText()
                0x00000000c0012200                VgaText::read(unsigned long long, void*, int*)
                0x00000000c0012220                setTerminalScrollLock(bool)
                0x00000000c0012221                doTerminalCycle()
                0x00000000c0012222                addToTerminalCycle(VgaText*)
                0x00000000c0012223                scrollTerminalScrollLock(int)
                0x00000000c0012224                VgaText::updateTitle()
                0x00000000c0012226                VgaText::load()
                0x00000000c0012228                VgaText::updateCursor()
                0x00000000c001223e                VgaText::doANSI_SGR(int)
                0x00000000c00122b2                VgaText::setDefaultBgColour(VgaColour)
                0x00000000c00122c2                VgaText::setDefaultFgColour(VgaColour)
                0x00000000c00122d2                VgaText::setDefaultColours(VgaColour, VgaColour)
                0x00000000c00122f2                VgaText::setTitleTextColour(VgaColour)
                0x00000000c00122fe                VgaText::setTitleColour(VgaColour)
                0x00000000c001230a                VgaText::setTitle(char*)
                0x00000000c001230c                VgaText::combineColours(unsigned char, unsigned char)
                0x00000000c001231e                VgaText::scrollScreen()
                0x00000000c00123b0                VgaText::combineCharAndColour(char, unsigned char)
                0x00000000c00123c0                VgaText::writeCharacter(char, VgaColour, VgaColour, int, int)
                0x00000000c001246c                VgaText::getCursorX()
                0x00000000c0012474                VgaText::getCursorY()
                0x00000000c001247c                VgaText::setCursor(int, int)
                0x00000000c0012493                setActiveTerminal(VgaText*)
                0x00000000c00124de                VgaText::clearScreen()
                0x00000000c001252c                VgaText::setCursorX(int)
                0x00000000c0012544                VgaText::setCursorY(int)
                0x00000000c001255c                VgaText::incrementCursor(bool)
                0x00000000c00125b0                VgaText::decrementCursor(bool)
                0x00000000c00125d2                VgaText::putchar(char, VgaColour, VgaColour)
                0x00000000c00126a2                VgaText::putchar(char)
                0x00000000c001279a                VgaText::putx(unsigned int)
                0x00000000c00127e0                VgaText::puts(char const*)
                0x00000000c0012806                VgaText::write(unsigned long long, void*, int*)
                0x00000000c0012852                VgaText::puts(char const*, VgaColour, VgaColour)
                0x00000000c00129cc                VgaText::VgaText(char const*)
                0x00000000c00129cc                VgaText::VgaText(char const*)
                0x00000000c0012b2c                VgaText::receiveKey(unsigned char)
                0x00000000c0012cb8                VgaText::doUpdate()
 *fill*         0x00000000c0012cb9        0x3 
 .text          0x00000000c0012cbc      0x224 krnl/tss.32
                0x00000000c0012cbc                TSS::TSS()
                0x00000000c0012cbc                TSS::TSS()
                0x00000000c0012ccc                TSS::setESP(unsigned long)
                0x00000000c0012ce0                TSS::flush()
                0x00000000c0012d00                TSS::setup(unsigned long, unsigned long)
 .text          0x00000000c0012ee0      0x4ce krnl/unixfile.32
                0x00000000c0012ee0                ReservedFilename::read(unsigned long long, void*, int*)
                0x00000000c0012f36                ReservedFilename::isAtty()
                0x00000000c0012f52                ReservedFilename::write(unsigned long long, void*, int*)
                0x00000000c0012fb0                UnixFile::getFileDescriptor()
                0x00000000c0012fb8                UnixFile::UnixFile(int)
                0x00000000c0012fb8                UnixFile::UnixFile(int)
                0x00000000c001316c                ReservedFilename::ReservedFilename(int)
                0x00000000c001316c                ReservedFilename::ReservedFilename(int)
                0x00000000c001319e                UnixFile::~UnixFile()
                0x00000000c001319e                UnixFile::~UnixFile()
                0x00000000c001323a                UnixFile::~UnixFile()
                0x00000000c0013262                ReservedFilename::~ReservedFilename()
                0x00000000c0013262                ReservedFilename::~ReservedFilename()
                0x00000000c0013286                ReservedFilename::~ReservedFilename()
                0x00000000c00132ad                KeGetFileFromDescriptor(int)
 .text          0x00000000c00133ae     0x132c krnl/virtmgr.32
                0x00000000c00133ae                Virt::setPageState(unsigned long, Virt::VirtPageState)
                0x00000000c00133e8                Virt::getPageState(unsigned long)
                0x00000000c001340b                Virt::allocateKernelVirtualPages(int)
                0x00000000c0013530                Virt::freeSwapfilePage(unsigned long)
                0x00000000c0013553                Virt::swapIDToSector(unsigned long)
                0x00000000c0013569                Virt::allocateSwapfilePage()
                0x00000000c00135e9                Virt::virtualMemorySetup()
                0x00000000c001363a                Virt::setupPageSwapping(int)
                0x00000000c00136ac                VAS::setCPUSpecific(unsigned long)
                0x00000000c00136ae                VAS::VAS(VAS*)
                0x00000000c00136ae                VAS::VAS(VAS*)
                0x00000000c00136c6                VAS::getForeignPageTableEntry(bool, unsigned long)
                0x00000000c00136f4                VAS::getPageTableEntry(unsigned long)
                0x00000000c0013713                Virt::freeKernelVirtualPages(unsigned long)
                0x00000000c0013850                VAS::freeAllocatedPages(unsigned long)
                0x00000000c0013874                VAS::virtualToPhysical(unsigned long)
                0x00000000c001388e                VAS::reflagRange(unsigned long, int, unsigned long, unsigned long)
                0x00000000c00138d0                VAS::VAS()
                0x00000000c00138d0                VAS::VAS()
                0x00000000c001393a                VAS::setToWriteCombining(unsigned long, int)
                0x00000000c001395a                VAS::mapOtherVASIn(bool, VAS*)
                0x00000000c0013986                VAS::~VAS()
                0x00000000c0013986                VAS::~VAS()
                0x00000000c0013aee                VAS::mapPage(unsigned long, unsigned long, int)
                0x00000000c0013bf2                VAS::allocatePages(int, int)
                0x00000000c0013cd8                VAS::mapRange(unsigned long, unsigned long, int, int)
                0x00000000c0013d30                VAS::mapForeignPage(bool, VAS*, unsigned long, unsigned long, int)
                0x00000000c0013e26                VAS::VAS(bool)
                0x00000000c0013e26                VAS::VAS(bool)
                0x00000000c001400e                VAS::evict(unsigned long)
                0x00000000c0014112                VAS::canLockPage(unsigned long)
                0x00000000c001412c                VAS::unlockPage(unsigned long)
                0x00000000c0014160                VAS::canLockPages(unsigned long, int)
                0x00000000c001419c                VAS::unlockPages(unsigned long, int)
                0x00000000c00141d8                VAS::tryLoadBackOffDisk(unsigned long)
                0x00000000c0014358                VAS::lockPage(unsigned long)
                0x00000000c00143ca                VAS::lockPages(unsigned long, int)
                0x00000000c0014406                VAS::allocateSharedMemoryWithKernel(unsigned long, unsigned long*)
                0x00000000c001447a                VAS::freeSharedMemoryWithKernel(unsigned long, unsigned long)
                0x00000000c00144a6                VAS::scanForEviction()
                0x00000000c00145df                mapVASFirstTime
 .text          0x00000000c00146da       0x2f sys/alarm.32
                0x00000000c00146da                SysAlarm(regs*)
 .text          0x00000000c0014709       0x36 sys/eject.32
                0x00000000c0014709                SysEject(regs*)
 .text          0x00000000c001473f       0x18 sys/exit.32
                0x00000000c001473f                SysExit(regs*)
 .text          0x00000000c0014757       0x1f sys/getcwd.32
                0x00000000c0014757                SysGetCwd(regs*)
 .text          0x00000000c0014776       0x26 sys/getpid.32
                0x00000000c0014776                SysGetPID(regs*)
 .text          0x00000000c001479c       0x21 sys/getramdata.32
                0x00000000c001479c                SysGetRAMData(regs*)
 .text          0x00000000c00147bd       0xbe sys/getvgaptr.32
                0x00000000c00147bd                SysGetVGAPtr(regs*)
 *fill*         0x00000000c001487b        0x1 
 .text          0x00000000c001487c       0xb9 sys/kill.32
                0x00000000c001487c                SysKill(regs*)
 .text          0x00000000c0014935       0xa8 sys/loaddll.32
                0x00000000c0014935                SysLoadDLL(regs*)
 .text          0x00000000c00149dd       0x12 sys/pause.32
                0x00000000c00149dd                SysPause(regs*)
 .text          0x00000000c00149ef       0x49 sys/pthread.32
                0x00000000c00149ef                SysPthreadCreate(regs*)
                0x00000000c0014a07                SysPthreadGetTID(regs*)
                0x00000000c0014a11                SysInternalPthreadGetContext(regs*)
                0x00000000c0014a16                SysInternalPthreadGetStartLocation(regs*)
                0x00000000c0014a1b                SysPthreadJoin(regs*)
                0x00000000c0014a20                SysPthreadExit(regs*)
 .text          0x00000000c0014a38       0x68 sys/read.32
                0x00000000c0014a38                SysRead(regs*)
 .text          0x00000000c0014aa0       0x29 sys/registersignal.32
                0x00000000c0014aa0                SysRegisterSignal(regs*)
 .text          0x00000000c0014ac9      0x1cc sys/registry.32
                0x00000000c0014ac9                SysRegistryGetTypeFromPath(regs*)
                0x00000000c0014b0d                SysRegistryReadExtent(regs*)
                0x00000000c0014b55                SysRegistryPathToExtentLookup(regs*)
                0x00000000c0014b6c                SysRegistryEnterDirectory(regs*)
                0x00000000c0014b83                SysRegistryGetNext(regs*)
                0x00000000c0014b9a                SysRegistryGetNameAndTypeFromExtent(regs*)
                0x00000000c0014bd4                SysRegistryOpen(regs*)
                0x00000000c0014be8                SysRegistryClose(regs*)
                0x00000000c0014bff                SysRegistryEasyReadString(regs*)
                0x00000000c0014c4b                SysRegistryEasyReadInteger(regs*)
 .text          0x00000000c0014c95       0x55 sys/sbrk.32
                0x00000000c0014c95                SysSbrk(regs*)
 .text          0x00000000c0014cea       0x1c sys/setcwd.32
                0x00000000c0014cea                SysSetCwd(regs*)
 .text          0x00000000c0014d06       0xd7 sys/settime.32
                0x00000000c0014d06                SysSetTime(regs*)
 .text          0x00000000c0014ddd       0x73 sys/symlink.32
                0x00000000c0014ddd                SysSymlink(regs*)
 .text          0x00000000c0014e50       0x3e sys/timezone.32
                0x00000000c0014e50                SysTimezone(regs*)
 .text          0x00000000c0014e8e       0xfc sys/truncate.32
                0x00000000c0014e8e                SysTruncate(regs*)
 .text          0x00000000c0014f8a       0x68 sys/write.32
                0x00000000c0014f8a                SysWrite(regs*)
 .text          0x00000000c0014ff2       0x9d sys/wsbe.32
                0x00000000c0014ff2                SysWsbe(regs*)
 .text          0x00000000c001508f       0x28 sys/yield.32
                0x00000000c001508f                SysYield(regs*)
 *fill*         0x00000000c00150b7        0x1 
 .text          0x00000000c00150b8      0x281 thr/alarm.32
                0x00000000c00150b8                KeAlarm(ThreadControlBlock*, unsigned long long)
                0x00000000c0015248                KeCheckAlarm(ThreadControlBlock*)
 .text          0x00000000c0015339     0x12a0 thr/elf.32
                0x00000000c0015339                Thr::allocateMemoryForTask(Process*, File*, unsigned long, unsigned long, unsigned long)
                0x00000000c00155cb                Thr::loadProgramIntoMemory(Process*, char const*)
                0x00000000c0015863                Thr::runtimeReferenceHelper()
                0x00000000c0015876                Thr::getAddressOfKernelSymbol(char const*)
                0x00000000c00158c5                Thr::loadKernelSymbolTable(char const*)
                0x00000000c0015b83                Thr::loadDriverIntoMemory(char const*, unsigned long, bool)
                0x00000000c00162cb                Thr::getDriverBaseFromAddress(unsigned long)
                0x00000000c00162fd                Thr::getDriverNameFromAddress(unsigned long)
                0x00000000c0016334                Thr::getDriverOffsetFromAddress(unsigned long)
                0x00000000c001634e                Thr::loadDLL(char const*, bool)
                0x00000000c00165a0                Thr::executeDLL(unsigned long, void*)
 .text          0x00000000c00165d9       0x5a thr/exec.32
                0x00000000c00165d9                KeProcessExec(Process*, char const*)
 *fill*         0x00000000c0016633        0x1 
 .text          0x00000000c0016634     0x128d thr/prcssthr.32
                0x00000000c0016634                userModeEntryPoint(void*)
                0x00000000c0016660                changeTSS
                0x00000000c0016690                switchToThread(ThreadControlBlock*)
                0x00000000c0016750                Process::addArgs(char**)
                0x00000000c00167bc                Process::Process(char const*, Process*, char**)
                0x00000000c00167bc                Process::Process(char const*, Process*, char**)
                0x00000000c00169f4                Process::Process(bool, char const*, Process*, char**)
                0x00000000c00169f4                Process::Process(bool, char const*, Process*, char**)
                0x00000000c0016be0                taskStartupFunction
                0x00000000c0016bec                KeDisablePreemption()
                0x00000000c0016c14                KeRestorePreemption()
                0x00000000c0016c34                Process::createThread(void (*)(void*), void*, int)
                0x00000000c0016d8c                Process::createUserThread()
                0x00000000c0016dac                setupMultitasking(void (*)())
                0x00000000c0016ef4                schedule()
                0x00000000c0016f88                blockTaskWithSchedulerLockAlreadyHeld(TaskState)
                0x00000000c0016fb4                blockTask(TaskState)
                0x00000000c0016ff0                waitTask(int, int*, int)
                0x00000000c0017034                milliTenthSleepUntil(unsigned long long)
                0x00000000c00170e8                milliTenthSleep(unsigned long long)
                0x00000000c0017100                sleep(unsigned long long)
                0x00000000c0017120                sleep(unsigned int)
                0x00000000c0017138                milliTenthSleep(unsigned int)
                0x00000000c0017158                taskReturned
                0x00000000c00171a0                KeProcessFromPID(int)
                0x00000000c0017250                unblockTask(ThreadControlBlock*)
                0x00000000c0017304                cleanupTerminatedTask(ThreadControlBlock*)
                0x00000000c00175dc                cleanerTaskFunction(void*)
                0x00000000c00176f4                KeTerminateCurrentThread(int)
 .text          0x00000000c00178c1      0xe5f vm86/vm8086.32
                0x00000000c00178c1                Vm::inbv(unsigned short)
                0x00000000c00178d4                Vm::outbv(unsigned short, unsigned char)
                0x00000000c001790a                Vm::realToLinear(unsigned short, unsigned short)
                0x00000000c001791a                Vm::getSegment(unsigned int)
                0x00000000c0017922                Vm::getOffset(unsigned int)
                0x00000000c0017927                Vm::mainloop2()
                0x00000000c0017968                Vm::mainVm8086Loop(void*)
                0x00000000c001797c                Vm::mainloop3(unsigned long)
                0x00000000c00179ae                Vm::initialise8086()
                0x00000000c00179f2                Vm::resetConventionalMemory8086()
                0x00000000c00179f3                Vm::finish8086()
                0x00000000c0017a64                Vm::getOutput8086(unsigned char*)
                0x00000000c0017a89                Vm::start8086FromBuffer(unsigned char*, int, unsigned short, unsigned short, unsigned short, unsigned short)
                0x00000000c0017beb                Vm::start8086(char const*, unsigned short, unsigned short, unsigned short, unsigned short)
                0x00000000c0017e33                Vm::doISR(regs*, int, unsigned char*, unsigned short, unsigned short)
                0x00000000c0017ecd                Vm::readByteFromReal(unsigned short, unsigned short)
                0x00000000c0017ede                Vm::readWordFromReal(unsigned short, unsigned short)
                0x00000000c0017ef0                Vm::readDwordFromReal(unsigned short, unsigned short)
                0x00000000c0017f01                Vm::writeByteFromReal(unsigned short, unsigned short, unsigned char)
                0x00000000c0017f16                Vm::writeWordFromReal(unsigned short, unsigned short, unsigned short)
                0x00000000c0017f2c                Vm::writeDwordFromReal(unsigned short, unsigned short, unsigned int)
                0x00000000c0017f41                Vm::faultHandler(regs*)
 .text          0x00000000c0018720      0x45f arch/i386/apic.32
                0x00000000c0018720                IOAPIC::close(int, int, void*)
                0x00000000c0018726                apicGetBase()
                0x00000000c0018760                IOAPIC::IOAPIC()
                0x00000000c0018760                IOAPIC::IOAPIC()
                0x00000000c0018788                apicOpen()
                0x00000000c0018914                IOAPIC::handlesGSIWithNumber(unsigned int)
                0x00000000c0018946                IOAPIC::read(int)
                0x00000000c001896e                IOAPIC::open(int, int, void*)
                0x00000000c0018a54                IOAPIC::write(int, int)
                0x00000000c0018a80                IOAPIC::redirect(unsigned char, unsigned long long, unsigned char, bool, bool)
 *fill*         0x00000000c0018b7f        0x1 
 .text          0x00000000c0018b80     0x1f3f arch/i386/hal.32
                0x00000000c0018b80                noCopro(unsigned long)
                0x00000000c0018b81                HalRestart()
                0x00000000c0018b8c                HalShutdown()
                0x00000000c0018b8d                HalSleep()
                0x00000000c0018b8e                CPU::close(int, int, void*)
                0x00000000c0018b91                x86ReadCMOS(unsigned char)
                0x00000000c0018be5                x86WriteCMOS(unsigned char, unsigned char)
                0x00000000c0018c45                AMD_K6_write_msr(unsigned int, unsigned int, unsigned int, REGS*)
                0x00000000c0018c64                AMD_K6_read_msr(unsigned int, REGS*)
                0x00000000c0018c81                AMD_K6_writeback(int, int, int)
                0x00000000c0018d41                cpuid(int, unsigned long*, unsigned long*, unsigned long*, unsigned long*)
                0x00000000c0018ddf                cpuidCheckEDX(unsigned int)
                0x00000000c0018e0c                cpuidCheckECX(unsigned int)
                0x00000000c0018e3a                cpuidCheckExtendedEBX(unsigned int)
                0x00000000c0018e68                cpuidCheckExtendedECX(unsigned int)
                0x00000000c0018e96                HalDetectFeatures()
                0x00000000c0019c81                HalEnableNMI()
                0x00000000c0019c94                HalDisableNMI()
                0x00000000c0019ca7                HalGetNMIState()
                0x00000000c0019cad                x86rdmsr(unsigned int)
                0x00000000c0019ceb                x86wrmsr(unsigned int, unsigned long long)
                0x00000000c0019d30                HalHandleGeneralProtectionFault(void*, void*)
                0x00000000c0019d46                HalFindRSDP()
                0x00000000c0019e23                HalHandlePageFault(void*, void*)
                0x00000000c0019e52                HalHandleOpcodeFault(void*, void*)
                0x00000000c0019e94                HalDisplayDebugInfo(void*)
                0x00000000c001a222                HalReceivedNMI()
                0x00000000c001a2bd                HalSystemIdle()
                0x00000000c001a31c                i386SaveCoprocessor(void*)
                0x00000000c001a330                i386LoadCoprocessor(void*)
                0x00000000c001a344                x87EmulHandler(regs*, void*)
                0x00000000c001a3e1                HalInitialiseCoprocessor()
                0x00000000c001a465                HalPanic(char const*)
                0x00000000c001a579                HalQueryPerformanceCounter()
                0x00000000c001a589                HalInitialise()
                0x00000000c001a771                HalMakeBeep(int)
                0x00000000c001a7ab                HalGetRand()
                0x00000000c001a7ae                HalEndOfInterrupt(int)
                0x00000000c001a7da                CPU::CPU()
                0x00000000c001a7da                CPU::CPU()
                0x00000000c001a85e                CPU::setupSMEP()
                0x00000000c001a86a                CPU::setupUMIP()
                0x00000000c001a874                CPU::setupTSC()
                0x00000000c001a87e                CPU::setupLargePages()
                0x00000000c001a888                CPU::setupPAT()
                0x00000000c001a8ba                CPU::setupMTRR()
                0x00000000c001a8bc                CPU::setupGlobalPages()
                0x00000000c001a8c6                CPU::allowUsermodeDataAccess()
                0x00000000c001a8d4                CPU::prohibitUsermodeDataAccess()
                0x00000000c001a8e2                CPU::setupSMAP()
                0x00000000c001a8f0                CPU::setupFeatures()
                0x00000000c001a9bc                CPU::open(int, int, void*)
 .text          0x00000000c001aabf      0x341 arch/i386/intctrl.32
                0x00000000c001aabf                convertLegacyIRQNumber(int)
                0x00000000c001aafb                KeSetupInterrupts()
                0x00000000c001ab58                int_handler
                0x00000000c001abdb                HalInstallISRHandler(int, void (*)(regs*, void*), void*)
                0x00000000c001ac25                HalInstallIRQHandler(int, void (*)(regs*, void*), bool, void*)
                0x00000000c001ad53                HalUninstallISRHandler(int, void (*)(regs*, void*))
                0x00000000c001ad87                HalUninstallIRQHandler(int, void (*)(regs*, void*), bool)
 .text          0x00000000c001ae00      0x2dc arch/i386/pic.32
                0x00000000c001ae00                picIoWait()
                0x00000000c001ae08                picDisable()
                0x00000000c001ae3c                picGetIRQReg(int)
                0x00000000c001aeb8                picOpen()
                0x00000000c001b03c                picEOI(int)
 .text          0x00000000c001b0dc      0x5f3 arch/i386/rtc.32
                0x00000000c001b0dc                RTC::open(int, int, void*)
                0x00000000c001b0e0                RTC::close(int, int, void*)
                0x00000000c001b0e4                RTC::timeInSecondsUTC()
                0x00000000c001b0f6                RTC::timeInDatetimeUTC()
                0x00000000c001b11c                RTC::setTimeInSecondsUTC(unsigned long long)
                0x00000000c001b15a                RTC::~RTC()
                0x00000000c001b15a                RTC::~RTC()
                0x00000000c001b17e                RTC::~RTC()
                0x00000000c001b1a8                RTC::get_update_in_progress_flag()
                0x00000000c001b1bc                RTC::completeRTCRefresh()
                0x00000000c001b470                RTC::setTimeInDatetimeUTC(datetime_t)
                0x00000000c001b5e6                rtcIRQHandler(regs*, void*)
                0x00000000c001b626                RTC::RTC()
                0x00000000c001b626                RTC::RTC()
 *fill*         0x00000000c001b6cf        0x1 
 .text          0x00000000c001b6d0      0x1f4 arch/i386/vga.32
                0x00000000c001b6d0                HalConsoleScroll(int, int)
                0x00000000c001b7d8                HalConsoleWriteCharacter(char, int, int, int, int)
                0x00000000c001b83c                HalConsoleCursorUpdate(int, int)
 .text          0x00000000c001b8c4     0x14cf fs/fat/vfslink.32
                0x00000000c001b8c4                FAT::getName()
                0x00000000c001b8cc                FAT::tell(void*, unsigned long long*)
                0x00000000c001b908                FAT::stat(void*, unsigned long long*)
                0x00000000c001b944                FAT::~FAT()
                0x00000000c001b944                FAT::~FAT()
                0x00000000c001b968                FAT::~FAT()
                0x00000000c001b990                FAT::getlabel(LogicalDisk*, int, char*, unsigned int*)
                0x00000000c001ba34                FAT::setlabel(LogicalDisk*, int, char*)
                0x00000000c001baf8                FAT::format(LogicalDisk*, int, char const*, int)
                0x00000000c001bcdc                FAT::tryMount(LogicalDisk*, int)
                0x00000000c001bef8                FAT::allocateSwapfile(char const*, int)
                0x00000000c001c0b8                FAT::readDir(void*, unsigned long, void*, int*)
                0x00000000c001c228                FAT::read(void*, unsigned long, void*, int*)
                0x00000000c001c288                FAT::write(void*, unsigned long, void*, int*)
                0x00000000c001c2e8                FAT::close(void*)
                0x00000000c001c33c                FAT::closeDir(void*)
                0x00000000c001c390                FAT::truncate(void*, unsigned long long)
                0x00000000c001c3fc                FAT::seek(void*, unsigned long long)
                0x00000000c001c454                fatWrapperReadDisk
                0x00000000c001c494                fatWrapperWriteDisk
                0x00000000c001c4d4                fatWrapperIoctl
                0x00000000c001c5f0                FAT::FAT()
                0x00000000c001c5f0                FAT::FAT()
                0x00000000c001c648                FAT::fixFilepath(char*)
                0x00000000c001c688                FAT::open(char const*, void**, FileOpenMode)
                0x00000000c001c7fc                FAT::openDir(char const*, void**)
                0x00000000c001c8ac                FAT::stat(char const*, unsigned long long*, bool*)
                0x00000000c001c9a4                FAT::unlink(char const*)
                0x00000000c001ca24                FAT::chfatattr(char const*, unsigned char, unsigned char)
                0x00000000c001cbd8                FAT::rename(char const*, char const*)
                0x00000000c001cca4                FAT::mkdir(char const*)
                0x00000000c001cd24                FAT::exists(char const*)
 *fill*         0x00000000c001cd93        0x1 
 .text          0x00000000c001cd94       0x94 fs/iso9660/helper.32
                0x00000000c001cd94                isoReadDiscSectorHelper
                0x00000000c001cdf0                iso_kprintf
                0x00000000c001ce0c                iso_kprintfd
 .text          0x00000000c001ce28      0x71c fs/iso9660/vfslink.32
                0x00000000c001ce28                ISO9660::format(LogicalDisk*, int, char const*, int)
                0x00000000c001ce2e                ISO9660::truncate(void*, unsigned long long)
                0x00000000c001ce34                ISO9660::getName()
                0x00000000c001ce3a                ISO9660::closeDir(void*)
                0x00000000c001ce44                ISO9660::chfatattr(char const*, unsigned char, unsigned char)
                0x00000000c001ce4a                ISO9660::unlink(char const*)
                0x00000000c001ce50                ISO9660::write(void*, unsigned long, void*, int*)
                0x00000000c001ce56                ISO9660::rename(char const*, char const*)
                0x00000000c001ce5c                ISO9660::mkdir(char const*)
                0x00000000c001ce62                ISO9660::~ISO9660()
                0x00000000c001ce62                ISO9660::~ISO9660()
                0x00000000c001ce86                ISO9660::~ISO9660()
                0x00000000c001ceae                ISO9660::exists(char const*)
                0x00000000c001cec2                ISO9660::open(char const*, void**, FileOpenMode)
                0x00000000c001cfa8                ISO9660::read(void*, unsigned long, void*, int*)
                0x00000000c001cff0                ISO9660::seek(void*, unsigned long long)
                0x00000000c001d032                ISO9660::tell(void*, unsigned long long*)
                0x00000000c001d070                ISO9660::stat(void*, unsigned long long*)
                0x00000000c001d0c2                ISO9660::stat(char const*, unsigned long long*, bool*)
                0x00000000c001d204                ISO9660::close(void*)
                0x00000000c001d234                ISO9660::openDir(char const*, void**)
                0x00000000c001d30e                ISO9660::readDir(void*, unsigned long, void*, int*)
                0x00000000c001d42b                readSectorFromCDROM(unsigned int, unsigned char*, char)
                0x00000000c001d4aa                ISO9660::tryMount(LogicalDisk*, int)
                0x00000000c001d51c                ISO9660::ISO9660()
                0x00000000c001d51c                ISO9660::ISO9660()
 .text          0x00000000c001d544      0x26c hal/sound/sndcard.32
                0x00000000c001d544                SoundCard::beginPlayback()
                0x00000000c001d552                SoundCard::stopPlayback()
                0x00000000c001d560                SoundCard::SoundCard(char const*)
                0x00000000c001d560                SoundCard::SoundCard(char const*)
                0x00000000c001d5fe                SoundCard::~SoundCard()
                0x00000000c001d5fe                SoundCard::~SoundCard()
                0x00000000c001d622                SoundCard::~SoundCard()
                0x00000000c001d64c                SoundCard::configureRates(int, int, int)
                0x00000000c001d67c                SoundCard::getSamples16(int, short*)
                0x00000000c001d6d8                SoundCard::getSamples32(int, int*)
                0x00000000c001d75e                SoundCard::addChannel(SoundPort*)
                0x00000000c001d79c                SoundCard::removeChannel(int)
 .text          0x00000000c001d7b0      0x426 hal/sound/sndport.32
                0x00000000c001d7b0                SoundPort::SoundPort(int, int, int, int)
                0x00000000c001d7b0                SoundPort::SoundPort(int, int, int, int)
                0x00000000c001d83c                SoundPort::~SoundPort()
                0x00000000c001d83c                SoundPort::~SoundPort()
                0x00000000c001d870                SoundPort::unpause()
                0x00000000c001d87c                SoundPort::pause()
                0x00000000c001d888                SoundPort::getBufferUsed()
                0x00000000c001d890                SoundPort::getBufferSize()
                0x00000000c001d898                SoundPort::buffer8(signed char*, int)
                0x00000000c001d92c                SoundPort::buffer16(short*, int)
                0x00000000c001d9c0                SoundPort::buffer32(int*, int)
                0x00000000c001da4c                SoundPort::unbufferAndAdd16(int, short*, SoundCard*)
                0x00000000c001db18                SoundPort::unbufferAndAdd32(int, int*, SoundCard*)
 .text          0x00000000c001dbd6      0xc23 hw/bus/pci.32
                0x00000000c001dbd6                PCI::open(int, int, void*)
                0x00000000c001dbf4                PCI::close(int, int, void*)
                0x00000000c001dbf8                PCI::PCI()
                0x00000000c001dbf8                PCI::PCI()
                0x00000000c001dc90                PCI::readBAR8(unsigned int, int)
                0x00000000c001dcac                PCI::readBAR16(unsigned int, int)
                0x00000000c001dcca                PCI::readBAR32(unsigned int, int)
                0x00000000c001dce6                PCI::writeBAR8(unsigned int, unsigned char, int)
                0x00000000c001dd06                PCI::writeBAR16(unsigned int, unsigned short, int)
                0x00000000c001dd28                PCI::writeBAR32(unsigned int, unsigned int, int)
                0x00000000c001dd48                PCI::legacyMechanism(unsigned char, unsigned char, unsigned char, unsigned char)
                0x00000000c001ddbe                PCI::pciReadWord(unsigned char, unsigned char, unsigned char, unsigned char)
                0x00000000c001de68                PCI::getVendorID(unsigned char, unsigned char, unsigned char)
                0x00000000c001de8c                PCI::getHeaderType(unsigned char, unsigned char, unsigned char)
                0x00000000c001deb4                PCI::getClassCode(unsigned char, unsigned char, unsigned char)
                0x00000000c001defe                PCI::getProgIF(unsigned char, unsigned char, unsigned char)
                0x00000000c001df26                PCI::getRevisionID(unsigned char, unsigned char, unsigned char)
                0x00000000c001df4a                PCI::getInterruptNumber(unsigned char, unsigned char, unsigned char)
                0x00000000c001df6e                PCI::getSecondaryBus(unsigned char, unsigned char, unsigned char)
                0x00000000c001df96                PCI::getBARAddress(unsigned char, unsigned char, unsigned char, unsigned char)
                0x00000000c001dffa                PCI::pciWriteWord(unsigned char, unsigned char, unsigned char, unsigned char, unsigned short)
                0x00000000c001e0e2                PCI::pciDetailsToFilepath(PCIDeviceInfo, char*)
                0x00000000c001e3a8                PCI::checkBus(unsigned char)
                0x00000000c001e3cc                PCI::foundDevice(PCIDeviceInfo)
                0x00000000c001e5b2                PCI::getDeviceData(unsigned char, unsigned char, unsigned char)
                0x00000000c001e72e                PCI::checkDevice(unsigned char, unsigned char)
                0x00000000c001e7a0                PCI::detect()
 *fill*         0x00000000c001e7f9        0x1 
 .text          0x00000000c001e7fa      0xe58 hw/diskctrl/ide.32
                0x00000000c001e7fa                IDE::close(int, int, void*)
                0x00000000c001e7fe                IDE::IDE()
                0x00000000c001e7fe                IDE::IDE()
                0x00000000c001e832                IDE::prepareInterrupt(unsigned char)
                0x00000000c001e844                selectDrive(unsigned char, unsigned char)
                0x00000000c001e846                IDE::getBase(unsigned char)
                0x00000000c001e858                IDE::write(unsigned char, unsigned char, unsigned char)
                0x00000000c001e918                IDE::read(unsigned char, unsigned char)
                0x00000000c001e9c6                IDE::waitInterrupt(unsigned char)
                0x00000000c001ea29                ideChannel0IRQHandler(regs*, void*)
                0x00000000c001ea45                ideChannel1IRQHandler(regs*, void*)
                0x00000000c001ea62                IDE::enableIRQs(unsigned char, bool)
                0x00000000c001eaac                IDE::open(int, int, void*)
                0x00000000c001f006                IDE::readBuffer(unsigned char, unsigned char, unsigned int, unsigned int)
                0x00000000c001f0d6                IDE::detect()
                0x00000000c001f544                IDE::printError(unsigned char, unsigned char, unsigned char)
                0x00000000c001f5fe                IDE::polling(unsigned char, unsigned int)
 .text          0x00000000c001f652      0x33d hw/diskctrl/satabus.32
                0x00000000c001f652                SATABus::close(int, int, void*)
                0x00000000c001f656                SATABus::detect()
                0x00000000c001f658                SATABus::SATABus()
                0x00000000c001f658                SATABus::SATABus()
                0x00000000c001f6de                SATABus::findCmdslot(SATABus::tagHBA_PORT volatile*)
                0x00000000c001f710                SATABus::checkType(SATABus::tagHBA_PORT volatile*)
                0x00000000c001f758                SATABus::startCmd(SATABus::tagHBA_PORT volatile*)
                0x00000000c001f778                SATABus::stopCmd(SATABus::tagHBA_PORT volatile*)
                0x00000000c001f7a2                SATABus::portRebase(SATABus::tagHBA_PORT volatile*, int)
                0x00000000c001f8b2                SATABus::probePort(SATABus::tagHBA_MEM volatile*)
                0x00000000c001f95c                SATABus::open(int, int, void*)
 *fill*         0x00000000c001f98f        0x1 
 .text          0x00000000c001f990      0x7a9 hw/diskphys/ata.32
                0x00000000c001f990                ATA::close(int, int, void*)
                0x00000000c001f9b4                ATA::powerSaving(PowerSavingLevel)
                0x00000000c001f9b6                ATA::ATA()
                0x00000000c001f9b6                ATA::ATA()
                0x00000000c001f9e4                ATA::flush(bool)
                0x00000000c001fa32                ATA::readyForCommand()
                0x00000000c001fa7e                ATA::access(unsigned long long, int, void*, bool)
                0x00000000c001fe6e                ATA::read(unsigned long long, int, void*)
                0x00000000c001feba                ATA::write(unsigned long long, int, void*)
                0x00000000c001ff06                ATA::detectCHS()
                0x00000000c001ff30                ATA::open(int, int, void*)
                0x00000000c002011b                combineCharAndColour(char, unsigned char)
                0x00000000c002012c                combineColours(unsigned char, unsigned char)
 *fill*         0x00000000c0020139        0x1 
 .text          0x00000000c002013a      0x618 hw/diskphys/atapi.32
                0x00000000c002013a                ATAPI::write(unsigned long long, int, void*)
                0x00000000c0020140                ATAPI::close(int, int, void*)
                0x00000000c0020164                ATAPI::ATAPI()
                0x00000000c0020164                ATAPI::ATAPI()
                0x00000000c0020192                ATAPI::readyForCommand()
                0x00000000c00201e4                ATAPI::sendPacket(unsigned char*, int, bool, unsigned short*, int)
                0x00000000c00204ac                ATAPI::diskRemoved()
                0x00000000c00204e6                ATAPI::eject()
                0x00000000c002052e                ATAPI::diskInserted()
                0x00000000c002053a                ATAPI::detectMedia()
                0x00000000c00205f8                ATAPI::open(int, int, void*)
                0x00000000c00206d8                ATAPI::read(unsigned long long, int, void*)
 .text          0x00000000c0020752      0x44c hw/diskphys/sata.32
                0x00000000c0020752                SATA::close(int, int, void*)
                0x00000000c0020776                SATA::powerSaving(PowerSavingLevel)
                0x00000000c0020778                SATA::open(int, int, void*)
                0x00000000c0020830                SATA::SATA()
                0x00000000c0020830                SATA::SATA()
                0x00000000c002085e                SATA::access(unsigned long long, int, void*, bool)
                0x00000000c0020ae6                SATA::read(unsigned long long, int, void*)