Archive member included to satisfy reference by file (symbol)

/cygdrive/d/Users/Alex/Desktop/Toolchain/Output/bin/../lib/gcc/i386-banana/8.1.0/libkgcc.a(_divdi3.o)
                              fs/fat/ff.32 (__divdi3)
/cygdrive/d/Users/Alex/Desktop/Toolchain/Output/bin/../lib/gcc/i386-banana/8.1.0/libkgcc.a(_moddi3.o)
                              compat/resolve.32 (__moddi3)
/cygdrive/d/Users/Alex/Desktop/Toolchain/Output/bin/../lib/gcc/i386-banana/8.1.0/libkgcc.a(_udivdi3.o)
                              fs/fat/ff.32 (__udivdi3)
/cygdrive/d/Users/Alex/Desktop/Toolchain/Output/bin/../lib/gcc/i386-banana/8.1.0/libkgcc.a(_umoddi3.o)
                              compat/resolve.32 (__umoddi3)
D:/Users/Alex/Desktop/Banana/kernel/libsoftfp.a(sfieeelib.o)
                              hal/libresample/src_linear.32 (__subsf3)
D:/Users/Alex/Desktop/Banana/kernel/libsoftfp.a(dfieeelib.o)
                              hal/libresample/src_linear.32 (__adddf3)
D:/Users/Alex/Desktop/Banana/kernel/libsoftfp.a(sfdfcvt.o)
                              hal/libresample/samplerate.32 (__truncdfsf2)
D:/Users/Alex/Desktop/Banana/kernel/libk/libm32.a(s_fabs.c.o)
                              hal/libresample/samplerate.32 (fabs)
D:/Users/Alex/Desktop/Banana/kernel/libk/libm32.a(s_lrint.S.o)
                              hal/libresample/samplerate.32 (lrint)
D:/Users/Alex/Desktop/Banana/kernel/libk/libm32.a(s_lrintf.S.o)
                              hal/sound/sndhw.32 (lrintf)

Discarded input sections

 .comment       0x0000000000000000       0x12 /cygdrive/d/Users/Alex/Desktop/Toolchain/Output/bin/../lib/gcc/i386-banana/8.1.0/crtbegin.o
 .comment       0x0000000000000000       0x12 acpica/utclib.32
 .comment       0x0000000000000000       0x12 core/malloc.32
 .comment       0x0000000000000000       0x12 libk/string.32
 .comment       0x0000000000000000       0x12 fs/fat/diskio.32
 .comment       0x0000000000000000       0x12 fs/fat/ff.32
 .comment       0x0000000000000000       0x12 fs/fat/ffsystem.32
 .comment       0x0000000000000000       0x12 fs/fat/ffunicode.32
 .comment       0x0000000000000000       0x12 hal/libresample/samplerate.32
 .comment       0x0000000000000000       0x12 hal/libresample/src_linear.32
 .comment       0x0000000000000000       0x12 hal/libresample/src_sinc.32
 .comment       0x0000000000000000       0x12 hal/libresample/src_zoh.32
 .comment       0x0000000000000000       0x12 compat/inlines.32
 .comment       0x0000000000000000       0x12 compat/resolve.32
 .group         0x0000000000000000       0x14 core/computer.32
 .group         0x0000000000000000        0xc core/computer.32
 .comment       0x0000000000000000       0x12 core/computer.32
 .comment       0x0000000000000000       0x12 core/gdt.32
 .group         0x0000000000000000        0xc core/idle.32
 .comment       0x0000000000000000       0x12 core/idle.32
 .comment       0x0000000000000000       0x12 core/idt.32
 .comment       0x0000000000000000       0x12 core/kheap.32
 .comment       0x0000000000000000       0x12 core/main.32
 .comment       0x0000000000000000       0x12 core/physmgr.32
 .group         0x0000000000000000        0xc core/pipe.32
 .comment       0x0000000000000000       0x12 core/pipe.32
 .group         0x0000000000000000        0xc core/terminal.32
 .comment       0x0000000000000000       0x12 core/terminal.32
 .comment       0x0000000000000000       0x12 core/tss.32
 .group         0x0000000000000000        0x8 core/unixfile.32
 .group         0x0000000000000000        0x8 core/unixfile.32
 .group         0x0000000000000000        0xc core/unixfile.32
 .group         0x0000000000000000        0x8 core/unixfile.32
 .group         0x0000000000000000        0xc core/unixfile.32
 .group         0x0000000000000000        0x8 core/unixfile.32
 .group         0x0000000000000000        0xc core/unixfile.32
 .group         0x0000000000000000        0xc core/unixfile.32
 .comment       0x0000000000000000       0x12 core/unixfile.32
 .comment       0x0000000000000000       0x12 core/virtmgr.32
 .comment       0x0000000000000000       0x12 coreobjs/c++.32
 .comment       0x0000000000000000       0x12 dbg/kconsole.32
 .group         0x0000000000000000        0xc fs/vfs.32
 .group         0x0000000000000000        0xc fs/vfs.32
 .group         0x0000000000000000        0xc fs/vfs.32
 .comment       0x0000000000000000       0x12 fs/vfs.32
 .group         0x0000000000000000        0xc hal/bus.32
 .comment       0x0000000000000000       0x12 hal/bus.32
 .group         0x0000000000000000        0xc hal/buzzer.32
 .comment       0x0000000000000000       0x12 hal/buzzer.32
 .group         0x0000000000000000        0xc hal/clock.32
 .comment       0x0000000000000000       0x12 hal/clock.32
 .group         0x0000000000000000       0x14 hal/device.32
 .group         0x0000000000000000        0xc hal/device.32
 .group         0x0000000000000000        0x8 hal/device.32
 .group         0x0000000000000000        0xc hal/device.32
[...]
Memory Configuration

Name             Origin             Length             Attributes
*default*        0x0000000000000000 0xffffffffffffffff

Linker script and memory map

LOAD D:/Users/Alex/Desktop/Banana/kernel/boot.32
LOAD crti.32
LOAD /cygdrive/d/Users/Alex/Desktop/Toolchain/Output/bin/../lib/gcc/i386-banana/8.1.0/crtbegin.o
LOAD D:/Users/Alex/Desktop/Banana/kernel/morenasm.32
LOAD acpica/utclib.32
LOAD core/malloc.32
LOAD libk/string.32
LOAD fs/fat/diskio.32
LOAD fs/fat/ff.32
LOAD fs/fat/ffsystem.32
LOAD fs/fat/ffunicode.32
LOAD hal/libresample/samplerate.32
LOAD hal/libresample/src_linear.32
LOAD hal/libresample/src_sinc.32
LOAD hal/libresample/src_zoh.32
LOAD compat/inlines.32
LOAD compat/resolve.32
LOAD core/computer.32
LOAD core/gdt.32
LOAD core/idle.32
LOAD core/idt.32
LOAD core/kheap.32
LOAD core/main.32
LOAD core/physmgr.32
LOAD core/pipe.32
LOAD core/terminal.32
LOAD core/tss.32
LOAD core/unixfile.32
LOAD core/virtmgr.32
LOAD coreobjs/c++.32
LOAD dbg/kconsole.32
LOAD fs/vfs.32
LOAD hal/bus.32
LOAD hal/buzzer.32
LOAD hal/clock.32
LOAD hal/device.32
LOAD hal/diskctrl.32
LOAD hal/diskphys.32
LOAD hal/fpu.32
LOAD hal/intctrl.32
LOAD hal/keybrd.32
LOAD hal/logidisk.32
LOAD hal/mouse.32
LOAD hal/partition.32
LOAD hal/serial.32
LOAD hal/timer.32
LOAD hal/vcache.32
LOAD hal/video.32
LOAD hw/acpi.32
LOAD hw/cpu.32
LOAD hw/ports.32
LOAD hw/smp.32
LOAD krnl/env.32
LOAD krnl/panic.32
LOAD net/ethernet.32
LOAD reg/registry.32
LOAD sys/sc_eject.32
LOAD sys/sc_exit.32
LOAD sys/sc_getcwd.32
LOAD sys/sc_getpid.32
LOAD sys/sc_getramdata.32
LOAD sys/sc_getvgaptr.32
LOAD sys/sc_loaddll.32
LOAD sys/sc_read.32
LOAD sys/sc_sbrk.32
LOAD sys/sc_setcwd.32
LOAD sys/sc_settime.32
LOAD sys/sc_timezone.32
LOAD sys/sc_write.32
LOAD sys/sc_wsbe.32
LOAD sys/sc_yield.32
LOAD sys/syscalls.32
LOAD thr/elf.32
LOAD thr/prcssthr.32
LOAD vm86/vm8086.32
LOAD vm86/x87em.32
LOAD fs/fat/vfslink.32
LOAD fs/iso9660/vfslink.32
LOAD hal/sound/sndchannel.32
LOAD hal/sound/sndhw.32
LOAD hw/bus/isa.32
LOAD hw/bus/pci.32
LOAD hw/diskctrl/ide.32
LOAD hw/diskctrl/satabus.32
LOAD hw/diskphys/ata.32
LOAD hw/diskphys/atapi.32
LOAD hw/diskphys/sata.32
LOAD hw/diskphys/satapi.32
LOAD hw/fpu/avx.32
LOAD hw/fpu/mmx.32
LOAD hw/fpu/sse.32
LOAD hw/fpu/x87.32
LOAD hw/intctrl/apic.32
LOAD hw/intctrl/pic.32
LOAD hw/timer/apictimer.32
LOAD hw/timer/pit.32
LOAD hw/fpu/x86/avx.32
LOAD hw/fpu/x86/sse.32
LOAD hw/fpu/x86/x87.32
LOAD /cygdrive/d/Users/Alex/Desktop/Toolchain/Output/bin/../lib/gcc/i386-banana/8.1.0/crtend.o
LOAD crtn.32
LOAD /cygdrive/d/Users/Alex/Desktop/Toolchain/Output/bin/../lib/gcc/i386-banana/8.1.0/libkgcc.a
LOAD D:/Users/Alex/Desktop/Banana/kernel/libsoftfp.a
LOAD D:/Users/Alex/Desktop/Banana/kernel/libk/libm32.a
                0x00000000c0000000                . = 0xc0000000

.text           0x00000000c0000000    0x28778
 *(.text)
 .text          0x00000000c0000000       0x41 D:/Users/Alex/Desktop/Banana/kernel/boot.32
                0x00000000c0000020                callGlobalConstructors
 .text          0x00000000c0000041        0x0 crti.32
 *fill*         0x00000000c0000041        0x3 
 .text          0x00000000c0000044      0x101 /cygdrive/d/Users/Alex/Desktop/Toolchain/Output/bin/../lib/gcc/i386-banana/8.1.0/crtbegin.o
 *fill*         0x00000000c0000145        0xb 
 .text          0x00000000c0000150      0x4fb D:/Users/Alex/Desktop/Banana/kernel/morenasm.32
                0x00000000c0000150                manualPCIProbe
                0x00000000c000019b                prepareTramp
                0x00000000c00001b4                voodooXADD
                0x00000000c000027f                doTPAUSE
                0x00000000c0000289                hasLegacyFPU
                0x00000000c00002ae                is486
                0x00000000c00002e4                detectCPUID
                0x00000000c00002fa                goToVM86
                0x00000000c000032a                goToUsermode
                0x00000000c0000354                switchToThreadASMFirstTime
                0x00000000c0000362                switchToThreadASM
                0x00000000c00003f2                asmQuickAcquireLock
                0x00000000c0000410                asmQuickReleaseLock
                0x00000000c000041c                asmAcquireLock
                0x00000000c000043d                asmReleaseLock
                0x00000000c0000450                loadGDT
                0x00000000c0000470                isr0
                0x00000000c0000480                isr1
                0x00000000c000048a                isr2
                0x00000000c0000494                isr3
                0x00000000c000049e                isr4
                0x00000000c00004a8                isr5
                0x00000000c00004b2                isr6
                0x00000000c00004bc                isr7
                0x00000000c00004c6                isr8
                0x00000000c00004ce                isr9
                0x00000000c00004d8                isr10
                0x00000000c00004e0                isr11
                0x00000000c00004e8                isr12
                0x00000000c00004f0                isr13
                0x00000000c00004f8                isr14
                0x00000000c0000500                isr15
                0x00000000c000050a                isr16
                0x00000000c0000514                isr17
                0x00000000c000051e                isr18
                0x00000000c0000528                irq3
                0x00000000c0000532                irq4
                0x00000000c000053c                irq5
                0x00000000c0000546                irq6
                0x00000000c0000550                irq7
                0x00000000c000055a                irq8
                0x00000000c0000564                irq9
                0x00000000c000056e                irq10
                0x00000000c0000578                irq11
                0x00000000c0000582                irq12
                0x00000000c000058c                irq13
                0x00000000c0000596                irq14
                0x00000000c00005a0                irq15
                0x00000000c00005aa                irq1
                0x00000000c00005b1                irq2
                0x00000000c00005b8                isr96
                0x00000000c00005bf                irq0
                0x00000000c00005c4                syscall_common_stub
                0x00000000c00005c4                int_common_stub
                0x00000000c00005f6                irq16
                0x00000000c0000600                irq17
                0x00000000c000060a                irq18
                0x00000000c0000614                irq19
                0x00000000c000061e                irq20
                0x00000000c0000628                irq21
                0x00000000c0000632                irq22
                0x00000000c000063c                irq23
                0x00000000c0000646                memcpy
 *fill*         0x00000000c000064b        0x1 
 .text          0x00000000c000064c      0x5dd acpica/utclib.32
                0x00000000c000064c                memcmp
                0x00000000c0000688                memmove
                0x00000000c0000750                memset
                0x00000000c000076c                strlen
                0x00000000c0000784                strpbrk
                0x00000000c00007c0                strtok
                0x00000000c000080c                strcpy
                0x00000000c0000830                strncpy
                0x00000000c0000898                strcmp
                0x00000000c00008d8                strchr
                0x00000000c00008fc                strncmp
                0x00000000c000094c                strcat
                0x00000000c000097c                strncat
                0x00000000c00009b8                strstr
                0x00000000c0000a00                toupper
                0x00000000c0000a14                tolower
                0x00000000c0000a28                simple_strtoul
 .text          0x00000000c0000c29      0xfad core/malloc.32
                0x00000000c0000d94                dlfree
                0x00000000c00010ef                dlmalloc
                0x00000000c000162c                dlrealloc
                0x00000000c00017cf                dlmemalign
                0x00000000c00018f2                dlcalloc
                0x00000000c000198c                dlcfree
                0x00000000c0001991                dlindependent_calloc
                0x00000000c00019b6                dlindependent_comalloc
                0x00000000c00019cd                dlvalloc
                0x00000000c00019f8                dlpvalloc
                0x00000000c0001a2e                dlmalloc_trim
                0x00000000c0001a3b                dlmalloc_usable_size
                0x00000000c0001a6c                dlmallinfo
                0x00000000c0001b3b                dlmalloc_stats
                0x00000000c0001b4c                dlmallopt
 .text          0x00000000c0001bd6        0x0 libk/string.32
 .text          0x00000000c0001bd6       0x51 fs/fat/diskio.32
                0x00000000c0001bd6                disk_status
                0x00000000c0001bd9                disk_initialize
                0x00000000c0001bdc                disk_read
                0x00000000c0001bf2                disk_write
                0x00000000c0001c08                disk_ioctl
 .text          0x00000000c0001c27     0x6a69 fs/fat/ff.32
                0x00000000c0004ef5                f_mount
                0x00000000c0004f57                f_open
                0x00000000c0005393                f_read
                0x00000000c0005613                f_write
                0x00000000c00058cd                f_sync
                0x00000000c0005aa9                f_close
                0x00000000c0005ad8                f_lseek
                0x00000000c0005f8f                f_opendir
                0x00000000c0006091                f_closedir
                0x00000000c00060b3                f_readdir
                0x00000000c000614e                f_stat
                0x00000000c00061dd                f_getfree
                0x00000000c00063a8                f_truncate
                0x00000000c00064a0                f_unlink
                0x00000000c0006623                f_mkdir
                0x00000000c000684f                f_rename
                0x00000000c0006b42                f_chmod
                0x00000000c0006c20                f_utime
                0x00000000c0006cfe                f_getlabel
                0x00000000c0006eec                f_setlabel
                0x00000000c0007159                f_expand
                0x00000000c000738f                f_forward
                0x00000000c000756d                f_mkfs
 .text          0x00000000c0008690       0x2d fs/fat/ffsystem.32
                0x00000000c0008690                ff_memalloc
                0x00000000c00086a6                ff_memfree
 .text          0x00000000c00086bd      0x253 fs/fat/ffunicode.32
                0x00000000c00086bd                ff_uni2oem
                0x00000000c000874d                ff_oem2uni
                0x00000000c00087b9                ff_wtoupper
 .text          0x00000000c0008910      0x8fb hal/libresample/samplerate.32
                0x00000000c0008954                src_delete
                0x00000000c0008990                src_process
                0x00000000c0008b46                src_callback_read
                0x00000000c0008cc3                src_set_ratio
                0x00000000c0008d2d                src_get_channels
                0x00000000c0008d4f                src_reset
                0x00000000c0008d9b                src_new
                0x00000000c0008e29                src_callback_new
                0x00000000c0008e8b                src_get_name
                0x00000000c0008ec2                src_get_description
                0x00000000c0008ef9                src_get_version
                0x00000000c0008eff                src_is_valid_ratio
                0x00000000c0008f53                src_error
                0x00000000c0008f61                src_strerror
                0x00000000c0008f74                src_simple
                0x00000000c0008fc7                src_short_to_float_array
                0x00000000c000902c                src_float_to_short_array
                0x00000000c00090eb                src_int_to_float_array
                0x00000000c000914e                src_float_to_int_array
 .text          0x00000000c000920b      0x8cb hal/libresample/src_linear.32
                0x00000000c0009a31                linear_get_name
                0x00000000c0009a40                linear_get_description
                0x00000000c0009a4f                linear_set_converter
 .text          0x00000000c0009ad6     0x447c hal/libresample/src_sinc.32
                0x00000000c000de69                sinc_get_name
                0x00000000c000de7c                sinc_get_description
                0x00000000c000de8f                sinc_set_converter
 .text          0x00000000c000df52      0x77c hal/libresample/src_zoh.32
                0x00000000c000e629                zoh_get_name
                0x00000000c000e638                zoh_get_description
                0x00000000c000e647                zoh_set_converter
 .text          0x00000000c000e6ce       0xa7 compat/inlines.32
                0x00000000c000e6ce                CPU::current()
                0x00000000c000e6da                operator new(unsigned long)
                0x00000000c000e6df                operator delete(void*)
                0x00000000c000e6e4                disableIRQs()
                0x00000000c000e6ec                enableIRQs()
                0x00000000c000e6fb                lockScheduler()
                0x00000000c000e703                unlockScheduler()
                0x00000000c000e712                lockStuff()
                0x00000000c000e720                unlockStuff()
                0x00000000c000e75a                Virt::getAKernelVAS()
                0x00000000c000e760                __not_memcpy
 .text          0x00000000c000e775      0x111 compat/resolve.32
                0x00000000c000e775                Krnl::resolveCompatibilitySymbol(char*)
 .text          0x00000000c000e886      0x741 core/computer.32
                0x00000000c000e886                Computer::close(int, int, void*)
                0x00000000c000e8ca                Krnl::firstTask()
                0x00000000c000ea0c                Computer::Computer()
                0x00000000c000ea0c                Computer::Computer()
                0x00000000c000eb68                Computer::setBootMessage(char const*)
                0x00000000c000eb6a                Computer::detectFeatures()
                0x00000000c000ed74                Computer::displayFeatures()
                0x00000000c000ed76                Computer::rdmsr(unsigned int)
                0x00000000c000eda2                Computer::wrmsr(unsigned int, unsigned long long)
                0x00000000c000edda                Computer::nmiEnabled()
                0x00000000c000ede6                Computer::readCMOS(unsigned char)
                0x00000000c000ee00                Computer::enableNMI(bool)
                0x00000000c000ee18                Computer::open(int, int, void*)
                0x00000000c000ef0a                Computer::disableNMI()
                0x00000000c000ef18                Computer::writeCMOS(unsigned char, unsigned char)
                0x00000000c000ef36                Computer::handleNMI()
                0x00000000c000ef9c                Computer::setDiskActivityLight(int, bool)
 *fill*         0x00000000c000efc7        0x1 
 .text          0x00000000c000efc8      0x19d core/gdt.32
                0x00000000c000efc8                GDTEntry::setBase(unsigned int)
                0x00000000c000efe4                GDTEntry::setLimit(unsigned int)
                0x00000000c000f002                GDT::GDT()
                0x00000000c000f002                GDT::GDT()
                0x00000000c000f018                GDT::addEntry(GDTEntry)
                0x00000000c000f03a                GDT::getNumberOfEntries()
                0x00000000c000f042                GDT::flush()
                0x00000000c000f064                GDT::setup()
 .text          0x00000000c000f165       0x6b core/idle.32
                0x00000000c000f165                idleFunction(void*)
 .text          0x00000000c000f1d0      0x45e core/idt.32
                0x00000000c000f1d0                IDTEntry::IDTEntry(bool)
                0x00000000c000f1d0                IDTEntry::IDTEntry(bool)
                0x00000000c000f23e                IDTEntry::setOffset(unsigned int)
                0x00000000c000f252                IDT::IDT()
                0x00000000c000f252                IDT::IDT()
                0x00000000c000f254                IDT::getPointerToInvalidOpcodeEntryForF00F()
                0x00000000c000f25c                IDT::addEntry(IDTEntry, int)
                0x00000000c000f276                IDT::addEntry(int, void (*)(), bool)
                0x00000000c000f2ae                IDT::flush()
                0x00000000c000f2c8                IDT::setup()
 .text          0x00000000c000f62e      0x1fb core/kheap.32
                0x00000000c000f62e                sbrk
                0x00000000c000f73b                mmap
                0x00000000c000f751                munmap
                0x00000000c000f767                liballoc_lock()
                0x00000000c000f774                liballoc_unlock()
                0x00000000c000f788                liballoc_alloc(int)
                0x00000000c000f7a0                liballoc_free(void*, int)
                0x00000000c000f7bb                realloc
                0x00000000c000f7cf                malloc
                0x00000000c000f7df                free
                0x00000000c000f7ef                rfree
                0x00000000c000f7ff                calloc
 .text          0x00000000c000f829      0x1b6 core/main.32
                0x00000000c000f829                Krnl::setBootMessage(char const*)
                0x00000000c000f895                kernel_main
 .text          0x00000000c000f9df      0x5b5 core/physmgr.32
                0x00000000c000f9df                Phys::allocateDMA(unsigned long)
                0x00000000c000faad                Phys::freeDMA(unsigned long, unsigned long)
                0x00000000c000fb0c                Phys::setPageState(unsigned long, bool)
                0x00000000c000fb3e                Phys::getPageState(unsigned long)
                0x00000000c000fb5a                Phys::freePage(unsigned long)
                0x00000000c000fbcb                Phys::allocatePage()
                0x00000000c000fcc3                Phys::allocateContiguousPages(int)
                0x00000000c000fd1f                Phys::allowSegmentToBeUsed(unsigned long, unsigned long)
                0x00000000c000fd57                Phys::physicalMemorySetup(unsigned int)
 .text          0x00000000c000ff94      0x273 core/pipe.32
                0x00000000c000ff94                Pipe::isAtty()
                0x00000000c000ff98                Pipe::~Pipe()
                0x00000000c000ff98                Pipe::~Pipe()
                0x00000000c000ffbc                Pipe::~Pipe()
                0x00000000c000ffe4                Pipe::read(unsigned long long, void*, int*)
                0x00000000c00100e0                Pipe::write(unsigned long long, void*, int*)
                0x00000000c00101a0                Pipe::Pipe(int)
                0x00000000c00101a0                Pipe::Pipe(int)
 *fill*         0x00000000c0010207        0x1 
 .text          0x00000000c0010208      0xb93 core/terminal.32
                0x00000000c0010208                VgaText::isAtty()
                0x00000000c001020c                VgaText::~VgaText()
                0x00000000c001020c                VgaText::~VgaText()
                0x00000000c0010230                VgaText::~VgaText()
                0x00000000c001025a                VgaText::read(unsigned long long, void*, int*)
                0x00000000c001027a                setTerminalScrollLock(bool)
                0x00000000c001027b                addToTerminalCycle(VgaText*)
                0x00000000c001029c                installVgaTextImplementation()
                0x00000000c00102b1                scrollTerminalScrollLock(int)
                0x00000000c00102b2                VgaText::updateTitle()
                0x00000000c00102f0                VgaText::load()
                0x00000000c001033e                VgaText::updateCursor()
                0x00000000c0010354                VgaText::doANSI_SGR(int)
                0x00000000c00103c8                VgaText::setDefaultBgColour(VgaColour)
                0x00000000c00103d8                VgaText::setDefaultFgColour(VgaColour)
                0x00000000c00103e8                VgaText::setDefaultColours(VgaColour, VgaColour)
                0x00000000c0010408                VgaText::setTitleTextColour(VgaColour)
                0x00000000c0010418                VgaText::setTitleColour(VgaColour)
                0x00000000c0010428                VgaText::setTitle(char*)
                0x00000000c001044e                VgaText::combineColours(unsigned char, unsigned char)
                0x00000000c0010460                VgaText::scrollScreen()
                0x00000000c00104f4                VgaText::combineCharAndColour(char, unsigned char)
                0x00000000c0010506                VgaText::writeCharacter(char, VgaColour, VgaColour, int, int)
                0x00000000c0010562                VgaText::getCursorX()
                0x00000000c001056a                VgaText::getCursorY()
                0x00000000c0010572                VgaText::setCursor(int, int)
                0x00000000c0010589                setActiveTerminal(VgaText*)
                0x00000000c00105eb                doTerminalCycle()
                0x00000000c0010606                VgaText::setCursorX(int)
                0x00000000c001061e                VgaText::setCursorY(int)
                0x00000000c0010636                VgaText::incrementCursor(bool)
                0x00000000c001068a                VgaText::decrementCursor(bool)
                0x00000000c00106ac                VgaText::putchar(char, VgaColour, VgaColour)
                0x00000000c0010784                VgaText::doUpdate()
                0x00000000c0010792                VgaText::puts(char const*, VgaColour, VgaColour)
                0x00000000c001090a                VgaText::clearScreen()
                0x00000000c0010964                VgaText::putchar(char)
                0x00000000c0010a50                VgaText::putx(unsigned int)
                0x00000000c0010a96                VgaText::puts(char const*)
                0x00000000c0010abc                VgaText::VgaText(char const*)
                0x00000000c0010abc                VgaText::VgaText(char const*)
                0x00000000c0010c3a                VgaText::receiveKey(unsigned char)
                0x00000000c0010d22                VgaText::write(unsigned long long, void*, int*)
                0x00000000c0010d76                newTerminal(char*)
 *fill*         0x00000000c0010d9b        0x1 
 .text          0x00000000c0010d9c      0x19d core/tss.32
                0x00000000c0010d9c                TSS::TSS()
                0x00000000c0010d9c                TSS::TSS()
                0x00000000c0010daa                TSS::setESP(unsigned long)
                0x00000000c0010dbc                TSS::flush()
                0x00000000c0010ddc                TSS::setup(unsigned long, unsigned long)
 *fill*         0x00000000c0010f39        0x1 
 .text          0x00000000c0010f3a      0x4c2 core/unixfile.32
                0x00000000c0010f3a                ReservedFilename::read(unsigned long long, void*, int*)
                0x00000000c0010f90                ReservedFilename::isAtty()
                0x00000000c0010fac                ReservedFilename::write(unsigned long long, void*, int*)
                0x00000000c001100a                UnixFile::getFileDescriptor()
                0x00000000c0011012                UnixFile::UnixFile(int)
                0x00000000c0011012                UnixFile::UnixFile(int)
                0x00000000c00111c2                ReservedFilename::ReservedFilename(int)
                0x00000000c00111c2                ReservedFilename::ReservedFilename(int)
                0x00000000c00111f4                UnixFile::~UnixFile()
                0x00000000c00111f4                UnixFile::~UnixFile()
                0x00000000c001128c                UnixFile::~UnixFile()
                0x00000000c00112b4                ReservedFilename::~ReservedFilename()
                0x00000000c00112b4                ReservedFilename::~ReservedFilename()
                0x00000000c00112d8                ReservedFilename::~ReservedFilename()
                0x00000000c00112ff                getFromFileDescriptor(int)
 .text          0x00000000c00113fc     0x12cd core/virtmgr.32
                0x00000000c00113fc                Virt::setPageState(unsigned long, Virt::VirtPageState)
                0x00000000c0011431                Virt::getPageState(unsigned long)
                0x00000000c0011455                Virt::allocateKernelVirtualPages(int)
                0x00000000c0011566                Virt::freeSwapfilePage(unsigned long)
                0x00000000c0011584                Virt::swapIDToSector(unsigned long)
                0x00000000c0011596                Virt::allocateSwapfilePage()
                0x00000000c0011614                Virt::virtualMemorySetup()
                0x00000000c001165f                Virt::setupPageSwapping(int)
                0x00000000c00116d0                VAS::VAS()
                0x00000000c00116d0                VAS::VAS()
                0x00000000c001170c                VAS::VAS(VAS*)
                0x00000000c001170c                VAS::VAS(VAS*)
                0x00000000c001173a                VAS::getForeignPageTableEntry(bool, unsigned long)
                0x00000000c0011766                VAS::getPageTableEntry(unsigned long)
                0x00000000c0011785                Virt::freeKernelVirtualPages(unsigned long)
                0x00000000c00118a8                VAS::freeAllocatedPages(unsigned long)
                0x00000000c00118cc                VAS::virtualToPhysical(unsigned long)
                0x00000000c00118e4                VAS::reflagRange(unsigned long, int, int, int)
                0x00000000c0011924                VAS::setToWriteCombining(unsigned long, int)
                0x00000000c0011956                VAS::mapOtherVASIn(bool, VAS*)
                0x00000000c0011980                VAS::~VAS()
                0x00000000c0011980                VAS::~VAS()
                0x00000000c0011afc                VAS::mapPage(unsigned long, unsigned long, int)
                0x00000000c0011bfe                VAS::allocatePages(int, int)
                0x00000000c0011dd6                VAS::setCPUSpecific(unsigned long)
                0x00000000c0011df2                VAS::mapRange(unsigned long, unsigned long, int, int)
                0x00000000c0011eb8                VAS::mapForeignPage(bool, VAS*, unsigned long, unsigned long, int)
                0x00000000c0011fa6                VAS::VAS(bool)
                0x00000000c0011fa6                VAS::VAS(bool)
                0x00000000c0012226                VAS::evict(unsigned long)
                0x00000000c001232e                VAS::tryLoadBackOffDisk(unsigned long)
                0x00000000c00124b6                VAS::scanForEviction()
                0x00000000c001259d                mapVASFirstTime
 .text          0x00000000c00126c9       0x95 coreobjs/c++.32
                0x00000000c00126c9                __cxa_atexit
                0x00000000c00126cc                __cxa_finalize
                0x00000000c00126cd                __stack_chk_fail
                0x00000000c0012739                __cxa_pure_virtual
                0x00000000c001274a                operator new[](unsigned long)
                0x00000000c001274f                operator delete(void*, unsigned long)
                0x00000000c0012754                operator delete[](void*)
                0x00000000c0012759                operator delete[](void*, unsigned long)
 .text          0x00000000c001275e      0x1e7 dbg/kconsole.32
                0x00000000c001275e                Dbg::stringifyxWithBase(unsigned int, char*, int)
                0x00000000c00127b7                Dbg::logc(char)
                0x00000000c00127ce                Dbg::logs(char*)
                0x00000000c00127eb                Dbg::logWriteInt(unsigned int)
                0x00000000c0012808                Dbg::logWriteIntBase(unsigned int, int)
                0x00000000c0012827                Dbg::kprintf(char const*, ...)
 *fill*         0x00000000c0012945        0x1 
 .text          0x00000000c0012946      0xb82 fs/vfs.32
                0x00000000c0012946                File::read(unsigned long long, void*, int*)
                0x00000000c001299e                File::write(unsigned long long, void*, int*)
                0x00000000c00129f6                Directory::read(unsigned long long, void*, int*)
                0x00000000c0012a4e                Directory::write(unsigned long long, void*, int*)
                0x00000000c0012a7c                File::isAtty()
                0x00000000c0012a80                Directory::isAtty()
                0x00000000c0012a84                Filesystem::getlabel(LogicalDisk*, int, char*, unsigned int*)
                0x00000000c0012a8a                Filesystem::setlabel(LogicalDisk*, int, char*)
                0x00000000c0012a90                Filesystem::allocateSwapfile(char const*, int)
                0x00000000c0012a96                File::~File()
                0x00000000c0012a96                File::~File()
                0x00000000c0012aba                File::~File()
                0x00000000c0012ae4                Directory::~Directory()
                0x00000000c0012ae4                Directory::~Directory()
                0x00000000c0012b08                Directory::~Directory()
                0x00000000c0012b32                Filesystem::Filesystem()
                0x00000000c0012b32                Filesystem::Filesystem()
                0x00000000c0012b56                Filesystem::~Filesystem()
                0x00000000c0012b56                Filesystem::~Filesystem()
                0x00000000c0012b64                Filesystem::~Filesystem()
                0x00000000c0012b88                Fs::getcwd(Process*, char*, int)
                0x00000000c0012bb2                Fs::initVFS()
                0x00000000c0012bdc                Fs::standardiseFiles(char*, char const*, char const*)
                0x00000000c0012d86                File::File(char const*, Process*)
                0x00000000c0012d86                File::File(char const*, Process*)
                0x00000000c0012dea                File::open(FileOpenMode)
                0x00000000c0012e48                File::close()
                0x00000000c0012ea8                File::seek(unsigned long long)
                0x00000000c0012efe                File::tell(unsigned long long*)
                0x00000000c0012f4e                File::rewind()
                0x00000000c0012f62                File::unlink()
                0x00000000c0012fae                File::rename(char const*)
                0x00000000c0012ffc                File::chfatattr(unsigned char, unsigned char)
                0x00000000c0013058                File::exists()
                0x00000000c0013096                File::stat(unsigned long long*, bool*)
                0x00000000c00130f7                Fs::setcwd(Process*, char*)
                0x00000000c0013232                Directory::Directory(char const*, Process*)
                0x00000000c0013232                Directory::Directory(char const*, Process*)
                0x00000000c0013296                Directory::open()
                0x00000000c00132f2                Directory::close()
                0x00000000c0013352                Directory::unlink()
                0x00000000c001339e                Directory::rename(char const*)
                0x00000000c00133ec                Directory::exists()
                0x00000000c001342a                Directory::read(dirent*)
                0x00000000c0013476                Directory::create()
                0x00000000c00134c2                Filesystem::chfatattr(char const*, unsigned char, unsigned char)
 .text          0x00000000c00134c8       0x84 hal/bus.32
                0x00000000c00134c8                Bus::Bus(char const*)
                0x00000000c00134c8                Bus::Bus(char const*)
                0x00000000c00134fe                Bus::~Bus()
                0x00000000c00134fe                Bus::~Bus()
                0x00000000c0013522                Bus::~Bus()
 .text          0x00000000c001354c      0x156 hal/buzzer.32
                0x00000000c001354c                Buzzer::Buzzer(char const*)
                0x00000000c001354c                Buzzer::Buzzer(char const*)
                0x00000000c0013590                Buzzer::~Buzzer()
                0x00000000c0013590                Buzzer::~Buzzer()
                0x00000000c00135b4                Buzzer::~Buzzer()
                0x00000000c00135de                Buzzer::stop()
                0x00000000c00135f1                beepThread(void*)
                0x00000000c0013634                Buzzer::beep(int, int, bool)
 .text          0x00000000c00136a2      0x467 hal/clock.32
                0x00000000c00136a2                User::loadClockSettings(int)
                0x00000000c00136f4                Clock::Clock(char const*)
                0x00000000c00136f4                Clock::Clock(char const*)
                0x00000000c001372a                Clock::~Clock()
                0x00000000c001372a                Clock::~Clock()
                0x00000000c001374e                Clock::~Clock()
                0x00000000c0013778                Clock::timeInSecondsLocal()
                0x00000000c00137c0                Clock::setTimeInSecondsLocal(unsigned long long)
                0x00000000c0013819                datetimeToSeconds(datetime_t)
                0x00000000c0013940                Clock::setTimeInDatetimeLocal(datetime_t)
                0x00000000c00139a0                secondsToDatetime(unsigned long long)
                0x00000000c0013ae4                Clock::timeInDatetimeLocal()
 *fill*         0x00000000c0013b09        0x1 
 .text          0x00000000c0013b0a      0x504 hal/device.32
                0x00000000c0013b0a                Device::hibernate()
                0x00000000c0013b0c                Device::wake()
                0x00000000c0013b0e                Device::detect()
                0x00000000c0013b10                Device::disableLegacy()
                0x00000000c0013b12                Device::powerSaving(PowerSavingLevel)
                0x00000000c0013b14                DriverlessDevice::close(int, int, void*)
                0x00000000c0013b18                DriverlessDevice::detect()
                0x00000000c0013b1a                DriverlessDevice::open(int, int, void*)
                0x00000000c0013b2e                Device::~Device()
                0x00000000c0013b2e                Device::~Device()
                0x00000000c0013b3c                Device::~Device()
                0x00000000c0013b64                Device::findAndLoadDriver()
                0x00000000c0013b72                Device::preOpenPCI(PCIDeviceInfo)
                0x00000000c0013b98                Device::preOpenACPI(void*, char*, char*)
                0x00000000c0013bd8                Device::addIRQHandler(int, void (*)(regs*, void*), bool, void*)
                0x00000000c0013c16                Device::getParent()
                0x00000000c0013c22                Device::removeIRQHandler(int, void (*)(regs*, void*), bool)
                0x00000000c0013c60                Device::addChild(Device*)
                0x00000000c0013ca4                Device::removeAllChildren()
                0x00000000c0013cea                Device::hibernateAll()
                0x00000000c0013d1a                Device::wakeAll()
                0x00000000c0013d4a                Device::detectAll()
                0x00000000c0013d7a                Device::disableLegacyAll()
                0x00000000c0013daa                Device::loadDriversForAll()
                0x00000000c0013dea                Device::closeAll()
                0x00000000c0013e20                Device::powerSavingAll(PowerSavingLevel)
                0x00000000c0013e56                Device::setName(char const*)
                0x00000000c0013e64                Device::Device(char const*)
                0x00000000c0013e64                Device::Device(char const*)
                0x00000000c0013f60                Device::getName()
                0x00000000c0013f6a                DriverlessDevice::DriverlessDevice(char const*)
                0x00000000c0013f6a                DriverlessDevice::DriverlessDevice(char const*)
                0x00000000c0013fa0                Device::addToLinkedList(LinkedList<Device>&, DeviceType)
                0x00000000c0013fe4                getDevicesOfType(DeviceType)
 .text          0x00000000c001400e       0x84 hal/diskctrl.32
                0x00000000c001400e                HardDiskController::HardDiskController(char const*)
                0x00000000c001400e                HardDiskController::HardDiskController(char const*)
                0x00000000c0014044                HardDiskController::~HardDiskController()
                0x00000000c0014044                HardDiskController::~HardDiskController()
                0x00000000c0014068                HardDiskController::~HardDiskController()
 .text          0x00000000c0014092       0xe2 hal/diskphys.32
                0x00000000c0014092                PhysicalDisk::eject()
                0x00000000c0014096                PhysicalDisk::PhysicalDisk(char const*, int)
                0x00000000c0014096                PhysicalDisk::PhysicalDisk(char const*, int)
                0x00000000c00140fe                PhysicalDisk::startCache()
                0x00000000c0014126                PhysicalDisk::~PhysicalDisk()
                0x00000000c0014126                PhysicalDisk::~PhysicalDisk()
                0x00000000c001414a                PhysicalDisk::~PhysicalDisk()
 .text          0x00000000c0014174      0x13b hal/fpu.32
                0x00000000c0014174                FPU::FPU(char const*)
                0x00000000c0014174                FPU::FPU(char const*)
                0x00000000c00141aa                FPU::~FPU()
                0x00000000c00141aa                FPU::~FPU()
                0x00000000c00141ce                FPU::~FPU()
                0x00000000c00141f8                setupFPU()
 *fill*         0x00000000c00142af        0x1 
 .text          0x00000000c00142b0     0x143b hal/intctrl.32
                0x00000000c00142b0                InterruptController::uninstallISRHandler(int, void (*)(regs*, void*))
                0x00000000c00142e8                InterruptController::installISRHandler(int, void (*)(regs*, void*), void*)
                0x00000000c001433a                doubleFault(regs*, void*)
                0x00000000c0014354                InterruptController::installIRQHandler(int, void (*)(regs*, void*), bool, void*)
                0x00000000c00143f0                InterruptController::clearAllHandlers(int, bool)
                0x00000000c0014498                InterruptController::uninstallIRQHandler(int, void (*)(regs*, void*), bool)
                0x00000000c001451f                nmiHandler(regs*, void*)
                0x00000000c001452d                int_handler
                0x00000000c00145ce                InterruptController::InterruptController(char const*)
                0x00000000c00145ce                InterruptController::InterruptController(char const*)
                0x00000000c0014674                InterruptController::~InterruptController()
                0x00000000c0014674                InterruptController::~InterruptController()
                0x00000000c0014698                InterruptController::~InterruptController()
                0x00000000c00146c2                displayDebugInfo(regs*)
                0x00000000c0014b51                x87EmulHandler(regs*, void*)
                0x00000000c0014bc4                gpFault(regs*, void*)
                0x00000000c0014bfd                pgFault(regs*, void*)
                0x00000000c0014c4c                otherISRHandler(regs*, void*)
                0x00000000c0014c6b                opcodeFault(regs*, void*)
                0x00000000c0015288                displayProgramFault(char const*)
                0x00000000c00152b0                setupInterruptController()
                0x00000000c001569e                InterruptController::convertLegacyIRQNumber(int)
 *fill*         0x00000000c00156eb        0x1 
 .text          0x00000000c00156ec      0x784 hal/keybrd.32
                0x00000000c00156ec                startGUI(void*)
                0x00000000c0015758                startGUIVESA(void*)
                0x00000000c00157c4                sendKeyToTerminal(unsigned char)
                0x00000000c0015882                sendKeyboardToken(KeyboardToken)
                0x00000000c0015cbf                clearInternalKeybuffer(VgaText*)
                0x00000000c0015cf4                readKeyboard(VgaText*, char*, unsigned long)
                0x00000000c0015de6                Keyboard::Keyboard(char const*)
                0x00000000c0015de6                Keyboard::Keyboard(char const*)
                0x00000000c0015e22                Keyboard::~Keyboard()
                0x00000000c0015e22                Keyboard::~Keyboard()
                0x00000000c0015e46                Keyboard::~Keyboard()
 .text          0x00000000c0015e70      0x3ea hal/logidisk.32
                0x00000000c0015e70                LogicalDisk::close(int, int, void*)
                0x00000000c0015e74                LogicalDisk::~LogicalDisk()
                0x00000000c0015e74                LogicalDisk::~LogicalDisk()
                0x00000000c0015e98                LogicalDisk::~LogicalDisk()
                0x00000000c0015ec2                LogicalDisk::open(int, int, void*)
                0x00000000c0015ed6                LogicalDisk::absoluteToRelative(unsigned long long)
                0x00000000c0015f0e                LogicalDisk::relativeToAbsolute(unsigned long long)
                0x00000000c0015f54                LogicalDisk::LogicalDisk(char const*, PhysicalDisk*, unsigned long long, unsigned long long)
                0x00000000c0015f54                LogicalDisk::LogicalDisk(char const*, PhysicalDisk*, unsigned long long, unsigned long long)
                0x00000000c001600a                LogicalDisk::assignDriveLetter()
                0x00000000c00160c0                LogicalDisk::mount()
                0x00000000c0016108                LogicalDisk::unmount()
                0x00000000c0016118                LogicalDisk::eject()
                0x00000000c001612c                LogicalDisk::unassignDriveLetter()
                0x00000000c0016182                LogicalDisk::read(unsigned long long, int, void*)
                0x00000000c00161ee                LogicalDisk::write(unsigned long long, int, void*)
 .text          0x00000000c001625a       0x84 hal/mouse.32
                0x00000000c001625a                Mouse::Mouse(char const*)
                0x00000000c001625a                Mouse::Mouse(char const*)
                0x00000000c0016290                Mouse::~Mouse()
                0x00000000c0016290                Mouse::~Mouse()
                0x00000000c00162b4                Mouse::~Mouse()
 .text          0x00000000c00162de      0x339 hal/partition.32
                0x00000000c00162de                makePartition(PhysicalDisk*, unsigned long long, unsigned long long)
                0x00000000c0016386                createPartitionsForDisk(PhysicalDisk*)
 *fill*         0x00000000c0016617        0x1 
 .text          0x00000000c0016618       0x84 hal/serial.32
                0x00000000c0016618                Serial::Serial(char const*)
                0x00000000c0016618                Serial::Serial(char const*)
                0x00000000c001664e                Serial::~Serial()
                0x00000000c001664e                Serial::~Serial()
                0x00000000c0016672                Serial::~Serial()
 .text          0x00000000c001669c      0x2f3 hal/timer.32
                0x00000000c001669c                Timer::Timer(char const*)
                0x00000000c001669c                Timer::Timer(char const*)
                0x00000000c00166d2                Timer::~Timer()
                0x00000000c00166d2                Timer::~Timer()
                0x00000000c00166f6                Timer::~Timer()
                0x00000000c0016720                Timer::read()
                0x00000000c001672b                timerHandler(unsigned long long)
                0x00000000c001689d                setupTimer(int)
 *fill*         0x00000000c001698f        0x1 
 .text          0x00000000c0016990      0x484 hal/vcache.32
                0x00000000c0016990                VCache::VCache(PhysicalDisk*)
                0x00000000c0016990                VCache::VCache(PhysicalDisk*)
                0x00000000c0016af8                VCache::invalidateReadBuffer()
                0x00000000c0016b08                VCache::writeWriteBuffer()
                0x00000000c0016b54                VCache::~VCache()
                0x00000000c0016b54                VCache::~VCache()
                0x00000000c0016ba8                VCache::~VCache()
                0x00000000c0016bd0                VCache::write(unsigned long long, int, void*)
                0x00000000c0016cfa                VCache::read(unsigned long long, int, void*)
 .text          0x00000000c0016e14      0x4b3 hal/video.32
                0x00000000c0016e14                Video::putrect(int, int, int, int, unsigned int)
                0x00000000c0016e60                Video::bitblit(int, int, int, int, int, int, int, unsigned int*)
                0x00000000c0016ed0                Video::blit(unsigned int*, int, int, int, int)
                0x00000000c0016f4e                Video::clearScreen(unsigned int)
                0x00000000c0016f82                Video::putpixel(int, int, unsigned int)
                0x00000000c0016f90                Video::Video(char const*)
                0x00000000c0016f90                Video::Video(char const*)
                0x00000000c0016fc6                Video::~Video()
                0x00000000c0016fc6                Video::~Video()
                0x00000000c0016fea                Video::~Video()
                0x00000000c0017014                Video::isMonochrome()
                0x00000000c0017020                Video::getWidth()
                0x00000000c001702c                Video::getHeight()
                0x00000000c0017038                Video::drawCursor(int, int, unsigned char*, int)
                0x00000000c00170f4                Video::tgaParse(unsigned char*, int, int*, int*)
                0x00000000c001725c                Video::putTGA(int, int, unsigned char*, int)
 *fill*         0x00000000c00172c7        0x1 
 .text          0x00000000c00172c8     0x11c9 hw/acpi.32
                0x00000000c00172c8                ACPI::close(int, int, void*)
                0x00000000c001736d                findRSDP()
                0x00000000c00173f7                loadACPITables(unsigned char*)
                0x00000000c001764e                findRSDT(unsigned char*)
                0x00000000c0017798                findDataTable(unsigned char*, char*)
                0x00000000c001780a                scanMADT()
                0x00000000c0017c78                ACPI::ACPI()
                0x00000000c0017c78                ACPI::ACPI()
                0x00000000c0017ccc                ACPI::getPCIIRQAssignment(unsigned char, unsigned short, unsigned char)
                0x00000000c0017dae                ACPI::registerPCIIRQAssignment(void*, unsigned short, unsigned char, unsigned char)
                0x00000000c0017e74                ACPI::setScreenBrightnessLevel(void*, int)
                0x00000000c0017e7a                ACPI::detectPCI()
                0x00000000c001807c                ACPI::writeSimpleBootFlag(SimpleBootFlagTable*)
                0x00000000c00180c4                ACPI::sleep()
                0x00000000c00180dc                ACPI::open(int, int, void*)
 *fill*         0x00000000c0018491        0x1 
 .text          0x00000000c0018492     0x1495 hw/cpu.32
                0x00000000c0018492                CPU::close(int, int, void*)
                0x00000000c0018496                CPU::lookupAMDName(unsigned char, unsigned char)
                0x00000000c001862a                CPU::lookupIntelName(unsigned char, unsigned char)
                0x00000000c00188d8                CPU::AMD_K6_write_msr(unsigned int, unsigned int, unsigned int, CPU::REGS*)
                0x00000000c00188f4                CPU::AMD_K6_read_msr(unsigned int, CPU::REGS*)
                0x00000000c001890c                CPU::AMD_K6_writeback(int, int, int)
                0x00000000c0018980                CPU::cpuid(int, unsigned long*, unsigned long*, unsigned long*, unsigned long*)
                0x00000000c0018a04                CPU::cpuidCheckEDX(unsigned int)
                0x00000000c0018a32                CPU::cpuidCheckECX(unsigned int)
                0x00000000c0018a60                CPU::cpuidCheckExtendedEBX(unsigned int)
                0x00000000c0018a8e                CPU::cpuidCheckExtendedECX(unsigned int)
                0x00000000c0018abc                CPU::CPU()
                0x00000000c0018abc                CPU::CPU()
                0x00000000c0018b4a                CPU::displayFeatures()
                0x00000000c0018b4c                CPU::detectFeatures()
                0x00000000c001953e                CPU::setupSMEP()
                0x00000000c001954a                CPU::setupUMIP()
                0x00000000c0019554                CPU::setupTSC()
                0x00000000c001955e                CPU::setupLargePages()
                0x00000000c0019568                CPU::setupPAT()
                0x00000000c00195a4                CPU::setupMTRR()
                0x00000000c00195a6                CPU::setupGlobalPages()
                0x00000000c00195b0                CPU::allowUsermodeDataAccess()
                0x00000000c00195c2                CPU::prohibitUsermodeDataAccess()
                0x00000000c00195d4                CPU::setupSMAP()
                0x00000000c00195e2                CPU::setupFeatures()
                0x00000000c0019662                CPU::open(int, int, void*)
                0x00000000c001972c                CPU::decodeAddress(regs*, int*, bool*, unsigned char*)
 .text          0x00000000c0019927        0x0 hw/ports.32
 .text          0x00000000c0019927      0x16a hw/smp.32
                0x00000000c0019927                Krnl::smpEntry()
                0x00000000c0019929                Krnl::startCPU(int)
                0x00000000c0019a72                Krnl::startCPUs()
 *fill*         0x00000000c0019a91        0x1 
 .text          0x00000000c0019a92      0x581 krnl/env.32
                0x00000000c0019a92                EnvVarContainer::getEnv(char const*)
                0x00000000c0019ad0                EnvVarContainer::setEnv(char const*, char const*)
                0x00000000c0019b92                EnvVarContainer::deleteEnv(char const*)
                0x00000000c0019b94                EnvVarContainer::loadFrom(char const*, char const*)
                0x00000000c0019d7a                EnvVarContainer::__loadSystem()
                0x00000000c0019d94                EnvVarContainer::__loadUser()
                0x00000000c0019d96                EnvVarContainer::EnvVarContainer(Process*)
                0x00000000c0019d96                EnvVarContainer::EnvVarContainer(Process*)
                0x00000000c0019db8                EnvVarContainer::~EnvVarContainer()
                0x00000000c0019db8                EnvVarContainer::~EnvVarContainer()
                0x00000000c0019de8                Krnl::getEnv(Process*, char const*)
                0x00000000c0019e4d                Krnl::setEnvSystem(char const*, char const*)
                0x00000000c0019e67                Krnl::setEnvUser(char const*, char const*)
                0x00000000c0019e86                Krnl::setEnvProcess(Process*, char const*, char const*)
                0x00000000c0019e99                Krnl::deleteEnvSystem(char const*)
                0x00000000c0019e9a                Krnl::deleteEnvUser(char const*)
                0x00000000c0019e9b                Krnl::deleteEnvProcess(Process*, char const*)
                0x00000000c0019e9c                Krnl::newProcessEnv(Process*)
                0x00000000c0019ebe                Krnl::copyProcessEnv(Process*, Process*)
                0x00000000c0019f0a                Krnl::loadSystemEnv()
                0x00000000c0019f38                Krnl::loadUserEnv()
                0x00000000c0019f5e                Krnl::flushEnv()
                0x00000000c0019f5f                Krnl::getProcessTotalEnvCount(Process*)
                0x00000000c0019f7f                Krnl::getProcessEnvPair(Process*, int)
 .text          0x00000000c001a013      0x39c krnl/panic.32
                0x00000000c001a013                Krnl::panic(char const*)
 .text          0x00000000c001a3af      0x57f net/ethernet.32
                0x00000000c001a3af                Net::switchEndian16(unsigned short)
                0x00000000c001a3d0                Net::switchEndian32(unsigned int)
                0x00000000c001a3ff                Net::crc32Calc(unsigned char*, int)
                0x00000000c001a490                Net::wrapEthernetFrame(Net::UnwrappedEthernetFrame, unsigned char*)
                0x00000000c001a6a3                Net::unwrapEthernetFrame(unsigned char*, int)
 .text          0x00000000c001a92e      0x50e reg/registry.32
                0x00000000c001a92e                Reg::findLineFromLoadedData(char*, char*, char*)
                0x00000000c001aa86                Reg::getLineFromRegistry(char*, char*, char*, char*)
                0x00000000c001abdb                Reg::getLine(char*, char*, char*)
                0x00000000c001ac12                Reg::readInt(char*, char*, int*)
                0x00000000c001acfd                Reg::readString(char*, char*, char*, int)
                0x00000000c001ad7e                Reg::readBool(char*, char*, bool*)
                0x00000000c001ada3                Reg::readBoolWithDefault(char*, char*, bool)
                0x00000000c001adcf                Reg::readIntWithDefault(char*, char*, int)
                0x00000000c001adfb                Reg::readStringWithDefault(char*, char*, char*, int, char*)
 .text          0x00000000c001ae3c       0x36 sys/sc_eject.32
                0x00000000c001ae3c                Sys::eject(regs*)
 .text          0x00000000c001ae72       0x18 sys/sc_exit.32
                0x00000000c001ae72                Sys::exit(regs*)
 .text          0x00000000c001ae8a       0x1f sys/sc_getcwd.32
                0x00000000c001ae8a                Sys::getCwd(regs*)
 .text          0x00000000c001aea9        0xc sys/sc_getpid.32
                0x00000000c001aea9                Sys::getPID(regs*)
 .text          0x00000000c001aeb5       0x1a sys/sc_getramdata.32
                0x00000000c001aeb5                Sys::getRAMData(regs*)
 .text          0x00000000c001aecf       0x84 sys/sc_getvgaptr.32
                0x00000000c001aecf                Sys::getVGAPtr(regs*)
 .text          0x00000000c001af53       0xa8 sys/sc_loaddll.32
                0x00000000c001af53                Sys::loadDLL(regs*)
 .text          0x00000000c001affb       0x68 sys/sc_read.32
                0x00000000c001affb                Sys::read(regs*)
 .text          0x00000000c001b063       0x55 sys/sc_sbrk.32
                0x00000000c001b063                Sys::sbrk(regs*)
 .text          0x00000000c001b0b8       0x1c sys/sc_setcwd.32
                0x00000000c001b0b8                Sys::setCwd(regs*)
 .text          0x00000000c001b0d4       0x95 sys/sc_settime.32
                0x00000000c001b0d4                Sys::setTime(regs*)
 .text          0x00000000c001b169       0x4a sys/sc_timezone.32
                0x00000000c001b169                Sys::timezone(regs*)
 .text          0x00000000c001b1b3       0x68 sys/sc_write.32
                0x00000000c001b1b3                Sys::write(regs*)
 .text          0x00000000c001b21b       0x62 sys/sc_wsbe.32
                0x00000000c001b21b                Sys::wsbe(regs*)
 .text          0x00000000c001b27d       0x46 sys/sc_yield.32
                0x00000000c001b27d                Sys::yield(regs*)
 .text          0x00000000c001b2c3      0xf84 sys/syscalls.32
                0x00000000c001b2c3                sysCallSeekDir(regs*)
                0x00000000c001b2c8                sysCallTellDir(regs*)
                0x00000000c001b2cd                sysCallVerify(regs*)
                0x00000000c001b2d7                sysCallGetArgc(regs*)
                0x00000000c001b2e7                sysFormatDisk(regs*)
                0x00000000c001b351                sysSetDiskVolumeLabel(regs*)
                0x00000000c001b397                sysGetDiskVolumeLabel(regs*)
                0x00000000c001b3e8                sysShutdown(regs*)
                0x00000000c001b446                sysCallRealpath(regs*)
                0x00000000c001b489                sysCallReadDir(regs*)
                0x00000000c001b508                sysCallIsATTY(regs*)
                0x00000000c001b562                sysCallSeek(regs*)
                0x00000000c001b5b9                sysCallTell(regs*)
                0x00000000c001b625                sysCallSize(regs*)
                0x00000000c001b697                sysCallSizeFromFilename(regs*)
                0x00000000c001b746                sysCallClose(regs*)
                0x00000000c001b7a6                sysCallOpenDir(regs*)
                0x00000000c001b81b                sysCallCloseDir(regs*)
                0x00000000c001b86f                sysCallMakeDir(regs*)
                0x00000000c001b8df                sysCallWait(regs*)
                0x00000000c001b8f9                sysCallNotImpl(regs*)
                0x00000000c001b914                sysPanic(regs*)
                0x00000000c001b92e                sysCallRmdir(regs*)
                0x00000000c001b992                sysCallUnlink(regs*)
                0x00000000c001b9f6                sysCallGetArgv(regs*)
                0x00000000c001ba42                sysCallTTYName(regs*)
                0x00000000c001bac5                sysCallUSleep(regs*)
                0x00000000c001baec                sysCallSpawn(regs*)
                0x00000000c001bb54                sysCallGetEnv(regs*)
                0x00000000c001bc01                sysAppSettings(regs*)
                0x00000000c001bd15                sysSetFatAttrib(regs*)
                0x00000000c001bd87                sysPipe(regs*)
                0x00000000c001bdcc                sysGetUnixTime(regs*)
                0x00000000c001bde0                string_ends_with(char const*, char const*)
                0x00000000c001be28                sysCallOpen(regs*)
                0x00000000c001c010                Sys::loadSyscalls()
                0x00000000c001c205                Sys::systemCall(regs*, void*)
 .text          0x00000000c001c247     0x1203 thr/elf.32
                0x00000000c001c247                Thr::allocateMemoryForTask(Process*, File*, unsigned long, unsigned long, unsigned long)
                0x00000000c001c4f1                Thr::loadProgramIntoMemory(Process*, char const*)
                0x00000000c001c707                Thr::runtimeReferenceHelper()
                0x00000000c001c71a                Thr::getAddressOfKernelSymbol(char const*)
                0x00000000c001c769                Thr::loadKernelSymbolTable(char const*)
                0x00000000c001ca27                Thr::loadDriverIntoMemory(char const*, unsigned long, bool)
                0x00000000c001d15d                Thr::getDriverBaseFromAddress(unsigned long)
                0x00000000c001d18f                Thr::getDriverNameFromAddress(unsigned long)
                0x00000000c001d1c6                Thr::getDriverOffsetFromAddress(unsigned long)
                0x00000000c001d1e0                Thr::loadDLL(char const*, bool)
                0x00000000c001d411                Thr::executeDLL(unsigned long, void*)
 .text          0x00000000c001d44a     0x11ff thr/prcssthr.32
                0x00000000c001d44a                userModeEntryPoint(void*)
                0x00000000c001d470                changeTSS
                0x00000000c001d4a0                switchToThread(ThreadControlBlock*)
                0x00000000c001d54a                Process::addArgs(char**)
                0x00000000c001d5a4                Process::Process(char const*, Process*, char**)
                0x00000000c001d5a4                Process::Process(char const*, Process*, char**)
                0x00000000c001d788                Process::Process(bool, char const*, Process*, char**)
                0x00000000c001d788                Process::Process(bool, char const*, Process*, char**)
                0x00000000c001d937                taskStartupFunction
                0x00000000c001d940                Semaphore::Semaphore(int)
                0x00000000c001d940                Semaphore::Semaphore(int)
                0x00000000c001d96e                Mutex::Mutex()
                0x00000000c001d96e                Mutex::Mutex()
                0x00000000c001d980                Process::createThread(void (*)(void*), void*, int)
                0x00000000c001da86                Process::createUserThread()
                0x00000000c001daa2                setupMultitasking(void (*)())
                0x00000000c001dba5                schedule()
                0x00000000c001dc2a                Semaphore::tryAcquire()
                0x00000000c001dce6                Semaphore::assertLocked(char const*)
                0x00000000c001dd55                blockTaskWithSchedulerLockAlreadyHeld(TaskState)
                0x00000000c001dd7b                blockTask(TaskState)
                0x00000000c001dda8                waitTask(int, int*, int)
                0x00000000c001ddea                nanoSleepUntil(unsigned long long)
                0x00000000c001de7f                nanoSleep(unsigned long long)
                0x00000000c001de97                sleep(unsigned long long)
                0x00000000c001deb4                Semaphore::acquire()
                0x00000000c001df65                taskReturned
                0x00000000c001dfa0                Thr::processFromPID(int)
                0x00000000c001e037                unblockTask(ThreadControlBlock*)
                0x00000000c001e0cc                cleanupTerminatedTask(ThreadControlBlock*)
                0x00000000c001e373                cleanerTaskFunction(void*)
                0x00000000c001e454                terminateTask(int)
                0x00000000c001e513                Thr::terminateFromIRQ(int)
                0x00000000c001e520                Semaphore::release()
 .text          0x00000000c001e649      0xada vm86/vm8086.32
                0x00000000c001e649                Vm::inbv(unsigned short)
                0x00000000c001e65c                Vm::outbv(unsigned short, unsigned char)
                0x00000000c001e692                Vm::realToLinear(unsigned short, unsigned short)
                0x00000000c001e6a2                Vm::getSegment(unsigned int)
                0x00000000c001e6aa                Vm::getOffset(unsigned int)
                0x00000000c001e6af                Vm::mainloop2()
                0x00000000c001e6e9                Vm::mainVm8086Loop(void*)
                0x00000000c001e6f9                Vm::mainloop3(unsigned long)
                0x00000000c001e71f                Vm::initialise8086()
                0x00000000c001e762                Vm::finish8086()
                0x00000000c001e7c3                Vm::getOutput8086(unsigned char*)
                0x00000000c001e7e8                Vm::start8086(char const*, unsigned short, unsigned short, unsigned short, unsigned short)
                0x00000000c001e950                Vm::doISR(regs*, int, unsigned char*, unsigned short, unsigned short)
                0x00000000c001e9da                Vm::readByteFromReal(unsigned short, unsigned short)
                0x00000000c001e9eb                Vm::readWordFromReal(unsigned short, unsigned short)
                0x00000000c001e9fd                Vm::readDwordFromReal(unsigned short, unsigned short)
                0x00000000c001ea0e                Vm::writeByteFromReal(unsigned short, unsigned short, unsigned char)
                0x00000000c001ea23                Vm::writeWordFromReal(unsigned short, unsigned short, unsigned short)
                0x00000000c001ea39                Vm::writeDwordFromReal(unsigned short, unsigned short, unsigned int)
                0x00000000c001ea4e                Vm::faultHandler(regs*)
 .text          0x00000000c001f123      0xefd vm86/x87em.32
                0x00000000c001f123                Vm::fpuInternalTo32(unsigned long long)
                0x00000000c001f17e                Vm::fpuInternalTo64(unsigned long long)
                0x00000000c001f187                Vm::fpu32ToInternal(unsigned int)
                0x00000000c001f1cc                Vm::fpu64ToInternal(unsigned long long)
                0x00000000c001f1d5                Vm::fpuFloatToLong(unsigned long long)
                0x00000000c001f230                Vm::fpuULongToFloat(unsigned long long)
                0x00000000c001f266                Vm::fpuLongToFloat(long long)
                0x00000000c001f2bc                Vm::fpuGet0()
                0x00000000c001f2c1                Vm::fpuGet1()
                0x00000000c001f2c9                Vm::fpuGetPi()
                0x00000000c001f2d1                Vm::fpuGetLog2E()
                0x00000000c001f2e9                Vm::fpuGetLogE2()
                0x00000000c001f301                Vm::fpuGetLog210()
                0x00000000c001f319                Vm::fpuGetLog102()
                0x00000000c001f331                Vm::fpuIsSecondLarger(unsigned long long, unsigned long long)
                0x00000000c001f345                Vm::fpuAreEqual(unsigned long long, unsigned long long)
                0x00000000c001f35b                Vm::fpuUnorderedCompare(unsigned long long, unsigned long long)
                0x00000000c001f3ae                Vm::fpuAdd(unsigned long long, unsigned long long)
                0x00000000c001f3bf                Vm::fpuAbs(unsigned long long)
                0x00000000c001f3c8                Vm::fpuChs(unsigned long long)
                0x00000000c001f3d8                Vm::fpuSub(unsigned long long, unsigned long long)
                0x00000000c001f3e7                Vm::fpuMultiply(unsigned long long, unsigned long long)
                0x00000000c001f406                Vm::fpuDivide(unsigned long long, unsigned long long)
                0x00000000c001f422                Vm::fpuSquare(unsigned long long)
                0x00000000c001f438                Vm::fpuGetReg(int)
                0x00000000c001f47b                Vm::fpuSetReg(int, unsigned long long)
                0x00000000c001f4c6                Vm::fpuPush(unsigned long long)
                0x00000000c001f523                Vm::fpuPop()
                0x00000000c001f575                Vm::x87Handler(regs*)
 .text          0x00000000c0020020     0x1311 fs/fat/vfslink.32
                0x00000000c0020020                FAT::getName()
                0x00000000c0020026                FAT::tell(void*, unsigned long long*)
                0x00000000c002005a                FAT::stat(void*, unsigned long long*)
                0x00000000c002008e                FAT::~FAT()
                0x00000000c002008e                FAT::~FAT()
                0x00000000c00200b2                FAT::~FAT()
                0x00000000c00200da                FAT::getlabel(LogicalDisk*, int, char*, unsigned int*)
                0x00000000c0020178                FAT::setlabel(LogicalDisk*, int, char*)
                0x00000000c0020232                FAT::format(LogicalDisk*, int, char const*, int)
                0x00000000c00203f0                FAT::tryMount(LogicalDisk*, int)
                0x00000000c00205f6                FAT::allocateSwapfile(char const*, int)
                0x00000000c00207ec                FAT::readDir(void*, unsigned long, void*, int*)
                0x00000000c0020946                FAT::read(void*, unsigned long, void*, int*)
                0x00000000c00209a0                FAT::write(void*, unsigned long, void*, int*)
                0x00000000c00209fa                FAT::close(void*)
                0x00000000c0020a46                FAT::closeDir(void*)
                0x00000000c0020a92                FAT::seek(void*, unsigned long long)
                0x00000000c0020ae6                fatWrapperReadDisk
                0x00000000c0020b2d                fatWrapperWriteDisk
                0x00000000c0020b74                fatWrapperIoctl
                0x00000000c0020c78                FAT::FAT()
                0x00000000c0020c78                FAT::FAT()
                0x00000000c0020cca                FAT::fixFilepath(char*)
                0x00000000c0020d02                FAT::open(char const*, void**, FileOpenMode)
                0x00000000c0020e2a                FAT::openDir(char const*, void**)
                0x00000000c0020ed0                FAT::stat(char const*, unsigned long long*, bool*)
                0x00000000c0020fba                FAT::unlink(char const*)
                0x00000000c0021034                FAT::chfatattr(char const*, unsigned char, unsigned char)
                0x00000000c0021188                FAT::rename(char const*, char const*)
                0x00000000c002124c                FAT::mkdir(char const*)
                0x00000000c00212c6                FAT::exists(char const*)
 *fill*         0x00000000c0021331        0x1 
 .text          0x00000000c0021332      0xb75 fs/iso9660/vfslink.32
                0x00000000c0021332                ISO9660::format(LogicalDisk*, int, char const*, int)
                0x00000000c0021338                ISO9660::seek(void*, unsigned long long)
                0x00000000c0021368                ISO9660::tell(void*, unsigned long long*)
                0x00000000c002138c                ISO9660::getName()
                0x00000000c0021392                ISO9660::stat(void*, unsigned long long*)
                0x00000000c00213b6                ISO9660::chfatattr(char const*, unsigned char, unsigned char)
                0x00000000c00213bc                ISO9660::unlink(char const*)
                0x00000000c00213c2                ISO9660::write(void*, unsigned long, void*, int*)
                0x00000000c00213c8                ISO9660::rename(char const*, char const*)
                0x00000000c00213ce                ISO9660::mkdir(char const*)
                0x00000000c00213d4                ISO9660::close(void*)
                0x00000000c00213f6                ISO9660::closeDir(void*)
                0x00000000c0021418                ISO9660::~ISO9660()
                0x00000000c0021418                ISO9660::~ISO9660()
                0x00000000c002143c                ISO9660::~ISO9660()
                0x00000000c0021463                __memmem(unsigned char*, int, unsigned char*, int)
                0x00000000c00214a5                readSectorFromCDROM(unsigned int, unsigned char*, char)
                0x00000000c0021500                ISO9660::tryMount(LogicalDisk*, int)
                0x00000000c0021550                ISO9660::read(void*, unsigned long, void*, int*)
                0x00000000c0021754                ISO9660::readDir(void*, unsigned long, void*, int*)
                0x00000000c00219ce                readRoot(unsigned int*, unsigned int*, char)
                0x00000000c0021a22                readRecursively(char*, unsigned int, unsigned int, unsigned int*, unsigned int*, char, int*)
                0x00000000c0021bf5                getFileData(char*, unsigned int*, unsigned int*, char, int*)
                0x00000000c0021c84                ISO9660::open(char const*, void**, FileOpenMode)
                0x00000000c0021d32                ISO9660::exists(char const*)
                0x00000000c0021d56                ISO9660::stat(char const*, unsigned long long*, bool*)
                0x00000000c0021dea                ISO9660::openDir(char const*, void**)
                0x00000000c0021e84                ISO9660::ISO9660()
                0x00000000c0021e84                ISO9660::ISO9660()
 *fill*         0x00000000c0021ea7        0x1 
 .text          0x00000000c0021ea8      0x396 hal/sound/sndchannel.32
                0x00000000c0021ea8                SoundChannel::SoundChannel(int, int, int, int)
                0x00000000c0021ea8                SoundChannel::SoundChannel(int, int, int, int)
                0x00000000c0021fd2                SoundChannel::~SoundChannel()
                0x00000000c0021fd2                SoundChannel::~SoundChannel()
                0x00000000c0021fee                SoundChannel::getSampleRate()
                0x00000000c0021ff6                SoundChannel::getBits()
                0x00000000c0021ffe                SoundChannel::getBufferUsed()
                0x00000000c0022006                SoundChannel::getBufferSize()
                0x00000000c002200e                SoundChannel::unbuffer(float*, int, int)
                0x00000000c00220a2                SoundChannel::buffer16(short*, int)
                0x00000000c002219e                SoundChannel::buffer8(unsigned char*, int)
 .text          0x00000000c002223e      0x43e hal/sound/sndhw.32
                0x00000000c002223e                SoundDevice::SoundDevice(char const*)
                0x00000000c002223e                SoundDevice::SoundDevice(char const*)
                0x00000000c00222aa                SoundDevice::~SoundDevice()
                0x00000000c00222aa                SoundDevice::~SoundDevice()
                0x00000000c0022324                SoundDevice::~SoundDevice()
                0x00000000c002234e                SoundDevice::getFreeChannelNum()
                0x00000000c0022368                SoundDevice::addChannel(SoundChannel*)
                0x00000000c00223d8                SoundDevice::removeChannel(int)
                0x00000000c002240a                SoundDevice::floatTo16(float*, short*, int)
                0x00000000c00224f8                SoundDevice::floatTo8(float*, unsigned char*, int)
                0x00000000c00225e0                SoundDevice::getAudio(int, float*, float*)
 .text          0x00000000c002267c        0x0 hw/bus/isa.32
 .text          0x00000000c002267c      0xb87 hw/bus/pci.32
                0x00000000c002267c                PCI::open(int, int, void*)
                0x00000000c002269a                PCI::close(int, int, void*)
                0x00000000c002269e                PCI::PCI()
                0x00000000c002269e                PCI::PCI()
                0x00000000c0022734                PCI::readBAR8(unsigned int, int)
                0x00000000c0022750                PCI::readBAR16(unsigned int, int)
                0x00000000c002276e                PCI::readBAR32(unsigned int, int)
                0x00000000c002278a                PCI::writeBAR8(unsigned int, unsigned char, int)
                0x00000000c00227aa                PCI::writeBAR16(unsigned int, unsigned short, int)
                0x00000000c00227cc                PCI::writeBAR32(unsigned int, unsigned int, int)
                0x00000000c00227ec                PCI::legacyMechanism(unsigned char, unsigned char, unsigned char, unsigned char)
                0x00000000c002285a                PCI::pciReadWord(unsigned char, unsigned char, unsigned char, unsigned char)
                0x00000000c0022902                PCI::getVendorID(unsigned char, unsigned char, unsigned char)
                0x00000000c0022926                PCI::getHeaderType(unsigned char, unsigned char, unsigned char)
                0x00000000c002294e                PCI::getClassCode(unsigned char, unsigned char, unsigned char)
                0x00000000c0022998                PCI::getProgIF(unsigned char, unsigned char, unsigned char)
                0x00000000c00229c0                PCI::getRevisionID(unsigned char, unsigned char, unsigned char)
                0x00000000c00229e4                PCI::getInterruptNumber(unsigned char, unsigned char, unsigned char)
                0x00000000c0022a08                PCI::getSecondaryBus(unsigned char, unsigned char, unsigned char)
                0x00000000c0022a30                PCI::getBARAddress(unsigned char, unsigned char, unsigned char, unsigned char)
                0x00000000c0022a94                PCI::pciWriteWord(unsigned char, unsigned char, unsigned char, unsigned char, unsigned short)
                0x00000000c0022b7c                PCI::pciDetailsToFilepath(PCIDeviceInfo, char*)
                0x00000000c0022df6                PCI::checkBus(unsigned char)
                0x00000000c0022e1a                PCI::foundDevice(PCIDeviceInfo)
                0x00000000c0022f8c                PCI::getDeviceData(unsigned char, unsigned char, unsigned char)
                0x00000000c0023144                PCI::checkDevice(unsigned char, unsigned char)
                0x00000000c00231b0                PCI::detect()
 *fill*         0x00000000c0023203        0x1 
 .text          0x00000000c0023204      0xb54 hw/diskctrl/ide.32
                0x00000000c0023204                IDE::close(int, int, void*)
                0x00000000c0023208                IDE::IDE()
                0x00000000c0023208                IDE::IDE()
                0x00000000c002323c                IDE::prepareInterrupt(unsigned char)
                0x00000000c002324e                selectDrive(unsigned char, unsigned char)
                0x00000000c0023250                IDE::getBase(unsigned char)
                0x00000000c0023262                IDE::write(unsigned char, unsigned char, unsigned char)
                0x00000000c0023322                IDE::read(unsigned char, unsigned char)
                0x00000000c00233d0                IDE::waitInterrupt(unsigned char)
                0x00000000c0023436                ideChannel0IRQHandler(regs*, void*)
                0x00000000c0023452                ideChannel1IRQHandler(regs*, void*)
                0x00000000c002346e                IDE::enableIRQs(unsigned char, bool)
                0x00000000c00234b4                IDE::open(int, int, void*)
                0x00000000c00238c2                IDE::readBuffer(unsigned char, unsigned char, unsigned int, unsigned int)
                0x00000000c002398e                IDE::detect()
                0x00000000c0023c54                IDE::printError(unsigned char, unsigned char, unsigned char)
                0x00000000c0023d04                IDE::polling(unsigned char, unsigned int)
 .text          0x00000000c0023d58      0x336 hw/diskctrl/satabus.32
                0x00000000c0023d58                SATABus::close(int, int, void*)
                0x00000000c0023d5c                SATABus::detect()
                0x00000000c0023d5e                SATABus::SATABus()
                0x00000000c0023d5e                SATABus::SATABus()
                0x00000000c0023de4                SATABus::findCmdslot(SATABus::tagHBA_PORT volatile*)
                0x00000000c0023e2c                SATABus::checkType(SATABus::tagHBA_PORT volatile*)
                0x00000000c0023e74                SATABus::startCmd(SATABus::tagHBA_PORT volatile*)
                0x00000000c0023e94                SATABus::stopCmd(SATABus::tagHBA_PORT volatile*)
                0x00000000c0023ebe                SATABus::portRebase(SATABus::tagHBA_PORT volatile*, int)
                0x00000000c0023fc4                SATABus::probePort(SATABus::tagHBA_MEM volatile*)
                0x00000000c002406e                SATABus::open(int, int, void*)
 .text          0x00000000c002408e      0x688 hw/diskphys/ata.32
                0x00000000c002408e                ATA::close(int, int, void*)
                0x00000000c00240b2                ATA::powerSaving(PowerSavingLevel)
                0x00000000c00240b4                ATA::ATA()
                0x00000000c00240b4                ATA::ATA()
                0x00000000c00240e2                ATA::flush(bool)
                0x00000000c002412c                ATA::readyForCommand()
                0x00000000c002417c                ATA::access(unsigned long long, int, void*, bool)
                0x00000000c0024572                ATA::read(unsigned long long, int, void*)
                0x00000000c00245be                ATA::write(unsigned long long, int, void*)
                0x00000000c0024620                ATA::detectCHS()
                0x00000000c002464a                ATA::open(int, int, void*)
 .text          0x00000000c0024716      0x5bd hw/diskphys/atapi.32
                0x00000000c0024716                ATAPI::write(unsigned long long, int, void*)
                0x00000000c002471c                ATAPI::close(int, int, void*)
                0x00000000c0024740                ATAPI::ATAPI()
                0x00000000c0024740                ATAPI::ATAPI()
                0x00000000c002476e                ATAPI::readyForCommand()
                0x00000000c00247be                ATAPI::sendPacket(unsigned char*, int, bool, unsigned short*, int)
                0x00000000c0024a7e                ATAPI::diskRemoved()
                0x00000000c0024a9a                ATAPI::eject()
                0x00000000c0024ae2                ATAPI::diskInserted()
                0x00000000c0024b10                ATAPI::detectMedia()
                0x00000000c0024bcc                ATAPI::open(int, int, void*)
                0x00000000c0024c54                ATAPI::read(unsigned long long, int, void*)
 *fill*         0x00000000c0024cd3        0x1 
 .text          0x00000000c0024cd4      0x41c hw/diskphys/sata.32
                0x00000000c0024cd4                SATA::close(int, int, void*)
                0x00000000c0024cf8                SATA::powerSaving(PowerSavingLevel)
                0x00000000c0024cfa                SATA::open(int, int, void*)
                0x00000000c0024da4                SATA::SATA()
                0x00000000c0024da4                SATA::SATA()
                0x00000000c0024dd2                SATA::access(unsigned long long, int, void*, bool)
                0x00000000c0025038                SATA::read(unsigned long long, int, void*)
                0x00000000c0025084                SATA::write(unsigned long long, int, void*)
 .text          0x00000000c00250f0      0x4fe hw/diskphys/satapi.32
                0x00000000c00250f0                SATAPI::write(unsigned long long, int, void*)
                0x00000000c00250f6                SATAPI::close(int, int, void*)
                0x00000000c002511a                SATAPI::SATAPI()
                0x00000000c002511a                SATAPI::SATAPI()
                0x00000000c0025148                SATAPI::diskRemoved()
                0x00000000c0025164                SATAPI::diskInserted()
                0x00000000c0025192                SATAPI::sendPacket(unsigned char*, int, unsigned long long, unsigned short*, int)
                0x00000000c002539a                SATAPI::eject()
                0x00000000c00253e2                SATAPI::detectMedia()
                0x00000000c00254a4                SATAPI::open(int, int, void*)
                0x00000000c002554c                SATAPI::read(unsigned long long, int, void*)
 .text          0x00000000c00255ee       0x8e hw/fpu/avx.32
                0x00000000c00255ee                AVX::open(int, int, void*)
                0x00000000c0025600                AVX::close(int, int, void*)
                0x00000000c0025612                AVX::available()
                0x00000000c0025624                AVX::save(void*)
                0x00000000c002563c                AVX::load(void*)
                0x00000000c0025654                AVX::AVX()
                0x00000000c0025654                AVX::AVX()
 .text          0x00000000c002567c       0x90 hw/fpu/mmx.32
                0x00000000c002567c                MMX::available()
                0x00000000c0025690                MMX::open(int, int, void*)
                0x00000000c00256a2                MMX::close(int, int, void*)
                0x00000000c00256b4                MMX::save(void*)
                0x00000000c00256cc                MMX::load(void*)
                0x00000000c00256e4                MMX::MMX()
                0x00000000c00256e4                MMX::MMX()
 .text          0x00000000c002570c       0x96 hw/fpu/sse.32
                0x00000000c002570c                SSE::open(int, int, void*)
                0x00000000c002571e                SSE::close(int, int, void*)
                0x00000000c0025730                SSE::available()
                0x00000000c002574a                SSE::save(void*)
                0x00000000c0025762                SSE::load(void*)
                0x00000000c002577a                SSE::SSE()
                0x00000000c002577a                SSE::SSE()
 .text          0x00000000c00257a2       0x8e hw/fpu/x87.32
                0x00000000c00257a2                x87::open(int, int, void*)
                0x00000000c00257b4                x87::close(int, int, void*)
                0x00000000c00257c6                x87::available()
                0x00000000c00257d8                x87::save(void*)
                0x00000000c00257f0                x87::load(void*)
                0x00000000c0025808                x87::x87()
                0x00000000c0025808                x87::x87()
 .text          0x00000000c0025830      0x71e hw/intctrl/apic.32
                0x00000000c0025830                APIC::disable()
                0x00000000c0025832                APIC::close(int, int, void*)
                0x00000000c0025854                IOAPIC::close(int, int, void*)
                0x00000000c002585a                APIC::io_wait()
                0x00000000c0025860                APIC::getBase()
                0x00000000c00258a2                APIC::eoi(unsigned char)
                0x00000000c00258d0                APIC::open(int, int, void*)
                0x00000000c0025a1e                IOAPIC::IOAPIC()
                0x00000000c0025a1e                IOAPIC::IOAPIC()
                0x00000000c0025a46                APIC::APIC()
                0x00000000c0025a46                APIC::APIC()
                0x00000000c0025b22                IOAPIC::handlesGSIWithNumber(unsigned int)
                0x00000000c0025b54                IOAPIC::read(int)
                0x00000000c0025b7c                IOAPIC::open(int, int, void*)
                0x00000000c0025c72                IOAPIC::write(int, int)
                0x00000000c0025c9e                IOAPIC::redirect(unsigned char, unsigned long long, unsigned char, bool, bool)
                0x00000000c0025d98                APIC::installIRQHandler(int, void (*)(regs*, void*), bool, void*)
 .text          0x00000000c0025f4e      0x3d3 hw/intctrl/pic.32
                0x00000000c0025f4e                PIC::disable()
                0x00000000c0025f7c                PIC::close(int, int, void*)
                0x00000000c0025f9e                PIC::PIC()
                0x00000000c0025f9e                PIC::PIC()
                0x00000000c0026074                PIC::ioWait()
                0x00000000c002607a                PIC::getIRQReg(int)
                0x00000000c00260e4                PIC::eoi(unsigned char)
                0x00000000c0026176                PIC::remap()
                0x00000000c00262e2                PIC::open(int, int, void*)
 *fill*         0x00000000c0026321        0x1 
 .text          0x00000000c0026322      0x25e hw/timer/apictimer.32
                0x00000000c0026322                APICTimer::close(int, int, void*)
                0x00000000c0026328                apicTimerHandler(regs*, void*)
                0x00000000c0026356                APICTimer::write(int)
                0x00000000c002645a                APICTimer::open(int, int, void*)
                0x00000000c0026558                APICTimer::APICTimer()
                0x00000000c0026558                APICTimer::APICTimer()
 .text          0x00000000c0026580      0x1a7 hw/timer/pit.32
                0x00000000c0026580                PIT::write(int)
                0x00000000c00265fe                pitHandler(regs*, void*)
                0x00000000c002662a                PIT::open(int, int, void*)
                0x00000000c0026678                PIT::close(int, int, void*)
                0x00000000c00266a8                PIT::PIT()
                0x00000000c00266a8                PIT::PIT()
 *fill*         0x00000000c0026727        0x9 
 .text          0x00000000c0026730       0x1e hw/fpu/x86/avx.32
                0x00000000c0026730                avxDetect
                0x00000000c0026736                avxSave
                0x00000000c0026737                avxLoad
                0x00000000c0026738                avxInit
                0x00000000c0026739                avxClose
                0x00000000c002673a                wouldSheSayYes
 *fill*         0x00000000c002674e        0x2 
 .text          0x00000000c0026750       0x35 hw/fpu/x86/sse.32
                0x00000000c0026750                absolutelyNoChanceInHell
                0x00000000c0026750                sseDetect
                0x00000000c0026768                sseSave
                0x00000000c002676e                sseLoad
                0x00000000c0026774                sseInit
                0x00000000c0026784                sseClose
 *fill*         0x00000000c0026785        0xb 
 .text          0x00000000c0026790       0x4d hw/fpu/x86/x87.32
                0x00000000c0026796                x87Detect
                0x00000000c00267b1                x87Save
                0x00000000c00267ba                x87Load
                0x00000000c00267c2                x87Init
                0x00000000c00267dc                x87Close
 *fill*         0x00000000c00267dd        0x3 
 .text          0x00000000c00267e0       0x25 /cygdrive/d/Users/Alex/Desktop/Toolchain/Output/bin/../lib/gcc/i386-banana/8.1.0/crtend.o
 .text          0x00000000c0026805        0x0 crtn.32
 *fill*         0x00000000c0026805        0x3 
 .text          0x00000000c0026808      0x14b /cygdrive/d/Users/Alex/Desktop/Toolchain/Output/bin/../lib/gcc/i386-banana/8.1.0/libkgcc.a(_divdi3.o)
                0x00000000c0026808                __divdi3
 *fill*         0x00000000c0026953        0x1 
 .text          0x00000000c0026954      0x17e /cygdrive/d/Users/Alex/Desktop/Toolchain/Output/bin/../lib/gcc/i386-banana/8.1.0/libkgcc.a(_moddi3.o)
                0x00000000c0026954                __moddi3
 *fill*         0x00000000c0026ad2        0x2 
 .text          0x00000000c0026ad4       0xff /cygdrive/d/Users/Alex/Desktop/Toolchain/Output/bin/../lib/gcc/i386-banana/8.1.0/libkgcc.a(_udivdi3.o)
                0x00000000c0026ad4                __udivdi3
 *fill*         0x00000000c0026bd3        0x1 
 .text          0x00000000c0026bd4      0x11a /cygdrive/d/Users/Alex/Desktop/Toolchain/Output/bin/../lib/gcc/i386-banana/8.1.0/libkgcc.a(_umoddi3.o)
                0x00000000c0026bd4                __umoddi3
 .text          0x00000000c0026cee      0x96d D:/Users/Alex/Desktop/Banana/kernel/libsoftfp.a(sfieeelib.o)
                0x00000000c0026cee                __addsf3
                0x00000000c0026ff0                __subsf3
                0x00000000c0027004                __negsf2
                0x00000000c0027011                __mulsf3
                0x00000000c00271d4                __divsf3
                0x00000000c00273ff                __floatsisf
                0x00000000c0027473                __floatunsisf
                0x00000000c00274b5                __fixsfsi
                0x00000000c0027517                __fixunssfsi
                0x00000000c0027548                __cmpsf2
                0x00000000c00275dd                __eqsf2
                0x00000000c0027618                __nesf2
                0x00000000c002761a                __gtsf2
                0x00000000c0027655                __gesf2
                0x00000000c0027657                __ltsf2
                0x00000000c0027659                __lesf2
 .text          0x00000000c002765b      0xf50 D:/Users/Alex/Desktop/Banana/kernel/libsoftfp.a(dfieeelib.o)
                0x00000000c002765b                __adddf3
                0x00000000c0027cac                __subdf3