Archive member included to satisfy reference by file (symbol)

/cygdrive/d/Users/Alex/Desktop/Toolchain/Output/bin/../lib/gcc/i386-banana/8.1.0/libkgcc.a(_divdi3.o)
                              fs/fat/ff.32 (__divdi3)
/cygdrive/d/Users/Alex/Desktop/Toolchain/Output/bin/../lib/gcc/i386-banana/8.1.0/libkgcc.a(_moddi3.o)
                              thr/elf.32 (__moddi3)
/cygdrive/d/Users/Alex/Desktop/Toolchain/Output/bin/../lib/gcc/i386-banana/8.1.0/libkgcc.a(_udivdi3.o)
                              fs/fat/ff.32 (__udivdi3)
/cygdrive/d/Users/Alex/Desktop/Toolchain/Output/bin/../lib/gcc/i386-banana/8.1.0/libkgcc.a(_umoddi3.o)
                              core/pipe.32 (__umoddi3)
D:/Users/Alex/Desktop/Banana/kernel/libsoftfp.a(sfieeelib.o)
                              hal/sound/sndhw.32 (__addsf3)
D:/Users/Alex/Desktop/Banana/kernel/libsoftfp.a(dfieeelib.o)
                              hal/libresample/src_linear.32 (__adddf3)
D:/Users/Alex/Desktop/Banana/kernel/libsoftfp.a(sfdfcvt.o)
                              hal/libresample/samplerate.32 (__truncdfsf2)
D:/Users/Alex/Desktop/Banana/kernel/libk/libm32.a(s_fabs.c.o)
                              hal/libresample/samplerate.32 (fabs)
D:/Users/Alex/Desktop/Banana/kernel/libk/libm32.a(s_lrint.S.o)
                              hal/libresample/samplerate.32 (lrint)
D:/Users/Alex/Desktop/Banana/kernel/libk/libm32.a(s_lrintf.S.o)
                              hal/sound/sndhw.32 (lrintf)

Discarded input sections

 .comment       0x0000000000000000       0x12 /cygdrive/d/Users/Alex/Desktop/Toolchain/Output/bin/../lib/gcc/i386-banana/8.1.0/crtbegin.o
 .comment       0x0000000000000000       0x12 acpica/utclib.32
 .comment       0x0000000000000000       0x12 core/malloc.32
 .comment       0x0000000000000000       0x12 libk/string.32
 .comment       0x0000000000000000       0x12 fs/fat/diskio.32
 .comment       0x0000000000000000       0x12 fs/fat/ff.32
 .comment       0x0000000000000000       0x12 fs/fat/ffsystem.32
 .comment       0x0000000000000000       0x12 fs/fat/ffunicode.32
 .comment       0x0000000000000000       0x12 hal/libresample/samplerate.32
 .comment       0x0000000000000000       0x12 hal/libresample/src_linear.32
 .comment       0x0000000000000000       0x12 hal/libresample/src_sinc.32
 .comment       0x0000000000000000       0x12 hal/libresample/src_zoh.32
 .group         0x0000000000000000       0x14 core/computer.32
 .group         0x0000000000000000        0xc core/computer.32
 .comment       0x0000000000000000       0x12 core/computer.32
 .comment       0x0000000000000000       0x12 core/gdt.32
 .group         0x0000000000000000        0xc core/idle.32
 .group         0x0000000000000000        0xc core/idle.32
 .comment       0x0000000000000000       0x12 core/idle.32
 .comment       0x0000000000000000       0x12 core/idt.32
 .group         0x0000000000000000        0x8 core/kheap.32
 .group         0x0000000000000000        0x8 core/kheap.32
 .group         0x0000000000000000        0xc core/kheap.32
 .text._ZN3CPU7currentEv
                0x0000000000000000        0xc core/kheap.32
 .comment       0x0000000000000000       0x12 core/kheap.32
 .comment       0x0000000000000000       0x12 core/main.32
 .comment       0x0000000000000000       0x12 core/physmgr.32
 .group         0x0000000000000000        0xc core/pipe.32
 .comment       0x0000000000000000       0x12 core/pipe.32
 .group         0x0000000000000000        0xc core/terminal.32
 .comment       0x0000000000000000       0x12 core/terminal.32
 .group         0x0000000000000000        0x8 core/tss.32
 .group         0x0000000000000000        0xc core/tss.32
 .text._ZN3CPU7readCR3Ev
                0x0000000000000000       0x12 core/tss.32
 .text._ZN3CPU7currentEv
                0x0000000000000000        0xc core/tss.32
 .comment       0x0000000000000000       0x12 core/tss.32
 .group         0x0000000000000000        0x8 core/unixfile.32
 .group         0x0000000000000000        0xc core/unixfile.32
 .group         0x0000000000000000        0xc core/unixfile.32
 .group         0x0000000000000000        0x8 core/unixfile.32
 .group         0x0000000000000000        0xc core/unixfile.32
 .group         0x0000000000000000        0x8 core/unixfile.32
 .group         0x0000000000000000        0xc core/unixfile.32
 .group         0x0000000000000000        0xc core/unixfile.32
 .comment       0x0000000000000000       0x12 core/unixfile.32
 .group         0x0000000000000000        0x8 core/virtmgr.32
 .group         0x0000000000000000        0x8 core/virtmgr.32
 .group         0x0000000000000000        0xc core/virtmgr.32
 .text._ZN3CPU7readCR3Ev
                0x0000000000000000       0x12 core/virtmgr.32
 .text._ZN3CPU8writeCR3Em
                0x0000000000000000        0x9 core/virtmgr.32
 .text._ZN3CPU7currentEv
                0x0000000000000000        0xc core/virtmgr.32
 .comment       0x0000000000000000       0x12 core/virtmgr.32
[...]
Memory Configuration

Name             Origin             Length             Attributes
*default*        0x0000000000000000 0xffffffffffffffff

Linker script and memory map

LOAD D:/Users/Alex/Desktop/Banana/kernel/boot.32
LOAD crti.32
LOAD /cygdrive/d/Users/Alex/Desktop/Toolchain/Output/bin/../lib/gcc/i386-banana/8.1.0/crtbegin.o
LOAD D:/Users/Alex/Desktop/Banana/kernel/morenasm.32
LOAD acpica/utclib.32
LOAD core/malloc.32
LOAD libk/string.32
LOAD fs/fat/diskio.32
LOAD fs/fat/ff.32
LOAD fs/fat/ffsystem.32
LOAD fs/fat/ffunicode.32
LOAD hal/libresample/samplerate.32
LOAD hal/libresample/src_linear.32
LOAD hal/libresample/src_sinc.32
LOAD hal/libresample/src_zoh.32
LOAD core/computer.32
LOAD core/gdt.32
LOAD core/idle.32
LOAD core/idt.32
LOAD core/kheap.32
LOAD core/main.32
LOAD core/physmgr.32
LOAD core/pipe.32
LOAD core/terminal.32
LOAD core/tss.32
LOAD core/unixfile.32
LOAD core/virtmgr.32
LOAD coreobjs/c++.32
LOAD dbg/kconsole.32
LOAD fs/vfs.32
LOAD hal/bus.32
LOAD hal/buzzer.32
LOAD hal/clock.32
LOAD hal/device.32
LOAD hal/diskctrl.32
LOAD hal/diskphys.32
LOAD hal/fpu.32
LOAD hal/intctrl.32
LOAD hal/keybrd.32
LOAD hal/logidisk.32
LOAD hal/mouse.32
LOAD hal/partition.32
LOAD hal/timer.32
LOAD hal/vcache.32
LOAD hal/video.32
LOAD hw/acpi.32
LOAD hw/cpu.32
LOAD hw/ports.32
LOAD krnl/panic.32
LOAD reg/registry.32
LOAD sys/sc_exit.32
LOAD sys/sc_loaddll.32
LOAD sys/sc_read.32
LOAD sys/sc_sbrk.32
LOAD sys/sc_write.32
LOAD sys/sc_yield.32
LOAD sys/syscalls.32
LOAD thr/elf.32
LOAD thr/prcssthr.32
LOAD vm86/vm8086.32
LOAD vm86/x87em.32
LOAD fs/fat/vfslink.32
LOAD fs/iso9660/vfslink.32
LOAD hal/sound/sndchannel.32
LOAD hal/sound/sndhw.32
LOAD hw/bus/isa.32
LOAD hw/bus/pci.32
LOAD hw/diskctrl/ide.32
LOAD hw/diskphys/ata.32
LOAD hw/diskphys/atapi.32
LOAD hw/fpu/avx.32
LOAD hw/fpu/mmx.32
LOAD hw/fpu/sse.32
LOAD hw/fpu/x87.32
LOAD hw/intctrl/apic.32
LOAD hw/intctrl/pic.32
LOAD hw/timer/apictimer.32
LOAD hw/timer/pit.32
LOAD hw/fpu/x86/avx.32
LOAD hw/fpu/x86/sse.32
LOAD hw/fpu/x86/x87.32
LOAD /cygdrive/d/Users/Alex/Desktop/Toolchain/Output/bin/../lib/gcc/i386-banana/8.1.0/crtend.o
LOAD crtn.32
LOAD /cygdrive/d/Users/Alex/Desktop/Toolchain/Output/bin/../lib/gcc/i386-banana/8.1.0/libkgcc.a
LOAD D:/Users/Alex/Desktop/Banana/kernel/libsoftfp.a
LOAD D:/Users/Alex/Desktop/Banana/kernel/libk/libm32.a
                0x00000000c0000000                . = 0xc0000000

.text           0x00000000c0000000    0x251d8
 *(.text)
 .text          0x00000000c0000000       0x41 D:/Users/Alex/Desktop/Banana/kernel/boot.32
                0x00000000c0000020                callGlobalConstructors
 .text          0x00000000c0000041        0x0 crti.32
 *fill*         0x00000000c0000041        0x3 
 .text          0x00000000c0000044      0x101 /cygdrive/d/Users/Alex/Desktop/Toolchain/Output/bin/../lib/gcc/i386-banana/8.1.0/crtbegin.o
 *fill*         0x00000000c0000145        0xb 
 .text          0x00000000c0000150      0x494 D:/Users/Alex/Desktop/Banana/kernel/morenasm.32
                0x00000000c0000150                prepareTramp
                0x00000000c0000169                voodooXADD
                0x00000000c0000234                doTPAUSE
                0x00000000c000023e                hasLegacyFPU
                0x00000000c0000263                is486
                0x00000000c0000299                detectCPUID
                0x00000000c00002af                goToVM86
                0x00000000c00002e0                goToUsermode
                0x00000000c000030b                switchToThreadASMFirstTime
                0x00000000c0000319                switchToThreadASM
                0x00000000c00003a1                asmQuickAcquireLock
                0x00000000c00003bf                asmQuickReleaseLock
                0x00000000c00003cb                asmAcquireLock
                0x00000000c00003ec                asmReleaseLock
                0x00000000c00003ff                loadGDT
                0x00000000c000041f                isr0
                0x00000000c000042f                isr1
                0x00000000c0000439                isr2
                0x00000000c0000443                isr3
                0x00000000c000044d                isr4
                0x00000000c0000457                isr5
                0x00000000c0000461                isr6
                0x00000000c000046b                isr7
                0x00000000c0000475                isr8
                0x00000000c000047d                isr9
                0x00000000c0000487                isr10
                0x00000000c000048f                isr11
                0x00000000c0000497                isr12
                0x00000000c000049f                isr13
                0x00000000c00004a7                isr14
                0x00000000c00004af                isr15
                0x00000000c00004b9                isr16
                0x00000000c00004c3                isr17
                0x00000000c00004cd                isr18
                0x00000000c00004d7                irq3
                0x00000000c00004e1                irq4
                0x00000000c00004eb                irq5
                0x00000000c00004f5                irq6
                0x00000000c00004ff                irq7
                0x00000000c0000509                irq8
                0x00000000c0000513                irq9
                0x00000000c000051d                irq10
                0x00000000c0000527                irq11
                0x00000000c0000531                irq12
                0x00000000c000053b                irq13
                0x00000000c0000545                irq14
                0x00000000c000054f                irq15
                0x00000000c0000559                irq1
                0x00000000c0000560                irq2
                0x00000000c0000567                isr96
                0x00000000c000056e                irq0
                0x00000000c0000573                syscall_common_stub
                0x00000000c0000573                int_common_stub
                0x00000000c0000594                irq16
                0x00000000c000059e                irq17
                0x00000000c00005a8                irq18
                0x00000000c00005b2                irq19
                0x00000000c00005bc                irq20
                0x00000000c00005c6                irq21
                0x00000000c00005d0                irq22
                0x00000000c00005da                irq23
 .text          0x00000000c00005e4      0x40f acpica/utclib.32
                0x00000000c00005e4                memcmp
                0x00000000c000060f                memmove
                0x00000000c0000647                memcpy
                0x00000000c000067d                memset
                0x00000000c000069a                strlen
                0x00000000c00006aa                strpbrk
                0x00000000c00006cd                strtok
                0x00000000c000071c                strcpy
                0x00000000c000073c                strncpy
                0x00000000c000076d                strcmp
                0x00000000c000078e                strchr
                0x00000000c00007a4                strncmp
                0x00000000c00007d3                strcat
                0x00000000c00007fa                strncat
                0x00000000c0000834                strstr
                0x00000000c0000871                toupper
                0x00000000c0000885                tolower
                0x00000000c0000899                simple_strtoul
 .text          0x00000000c00009f3      0xfbf core/malloc.32
                0x00000000c0000b5e                dlfree
                0x00000000c0000eb9                dlmalloc
                0x00000000c00013f6                dlrealloc
                0x00000000c00015ab                dlmemalign
                0x00000000c00016ce                dlcalloc
                0x00000000c0001768                dlcfree
                0x00000000c000176d                dlindependent_calloc
                0x00000000c0001792                dlindependent_comalloc
                0x00000000c00017a9                dlvalloc
                0x00000000c00017d4                dlpvalloc
                0x00000000c000180a                dlmalloc_trim
                0x00000000c0001817                dlmalloc_usable_size
                0x00000000c0001848                dlmallinfo
                0x00000000c0001917                dlmalloc_stats
                0x00000000c0001928                dlmallopt
 .text          0x00000000c00019b2        0x0 libk/string.32
 .text          0x00000000c00019b2       0x51 fs/fat/diskio.32
                0x00000000c00019b2                disk_status
                0x00000000c00019b5                disk_initialize
                0x00000000c00019b8                disk_read
                0x00000000c00019ce                disk_write
                0x00000000c00019e4                disk_ioctl
 .text          0x00000000c0001a03     0x6833 fs/fat/ff.32
                0x00000000c0004cd1                f_mount
                0x00000000c0004d33                f_open
                0x00000000c000516f                f_read
                0x00000000c00053ef                f_write
                0x00000000c00056a9                f_sync
                0x00000000c0005885                f_close
                0x00000000c00058b4                f_lseek
                0x00000000c0005d6b                f_opendir
                0x00000000c0005e6d                f_closedir
                0x00000000c0005e8f                f_readdir
                0x00000000c0005f2a                f_stat
                0x00000000c0005fb9                f_getfree
                0x00000000c0006184                f_truncate
                0x00000000c000627c                f_unlink
                0x00000000c00063ff                f_mkdir
                0x00000000c000662b                f_rename
                0x00000000c000691e                f_chmod
                0x00000000c00069fc                f_utime
                0x00000000c0006ada                f_getlabel
                0x00000000c0006cc8                f_setlabel
                0x00000000c0006f35                f_forward
                0x00000000c0007113                f_mkfs
 .text          0x00000000c0008236       0x2d fs/fat/ffsystem.32
                0x00000000c0008236                ff_memalloc
                0x00000000c000824c                ff_memfree
 .text          0x00000000c0008263      0x253 fs/fat/ffunicode.32
                0x00000000c0008263                ff_uni2oem
                0x00000000c00082f3                ff_oem2uni
                0x00000000c000835f                ff_wtoupper
 .text          0x00000000c00084b6      0x8a1 hal/libresample/samplerate.32
                0x00000000c000855d                src_delete
                0x00000000c0008599                src_process
                0x00000000c000870d                src_callback_read
                0x00000000c0008868                src_set_ratio
                0x00000000c00088b1                src_get_channels
                0x00000000c00088d3                src_reset
                0x00000000c000891f                src_new
                0x00000000c00089ad                src_callback_new
                0x00000000c0008a0f                src_get_name
                0x00000000c0008a46                src_get_description
                0x00000000c0008a7d                src_get_version
                0x00000000c0008a83                src_is_valid_ratio
                0x00000000c0008a9f                src_error
                0x00000000c0008aad                src_strerror
                0x00000000c0008ac0                src_simple
                0x00000000c0008b13                src_short_to_float_array
                0x00000000c0008b78                src_float_to_short_array
                0x00000000c0008c37                src_int_to_float_array
                0x00000000c0008c9a                src_float_to_int_array
 .text          0x00000000c0008d57      0x8f0 hal/libresample/src_linear.32
                0x00000000c00095a2                linear_get_name
                0x00000000c00095b1                linear_get_description
                0x00000000c00095c0                linear_set_converter
 .text          0x00000000c0009647     0x40fd hal/libresample/src_sinc.32
                0x00000000c000d65b                sinc_get_name
                0x00000000c000d66e                sinc_get_description
                0x00000000c000d681                sinc_set_converter
 .text          0x00000000c000d744      0x7a6 hal/libresample/src_zoh.32
                0x00000000c000de45                zoh_get_name
                0x00000000c000de54                zoh_get_description
                0x00000000c000de63                zoh_set_converter
 .text          0x00000000c000deea      0xa11 core/computer.32
                0x00000000c000deea                Computer::close(int, int, void*)
                0x00000000c000df2e                Computer::Computer()
                0x00000000c000df2e                Computer::Computer()
                0x00000000c000e08a                Computer::setBootMessage(char const*)
                0x00000000c000e08c                Computer::start()
                0x00000000c000e168                firstTask()
                0x00000000c000e176                Computer::detectFeatures()
                0x00000000c000e380                Computer::displayFeatures()
                0x00000000c000e6c6                Computer::rdmsr(unsigned int)
                0x00000000c000e6f2                Computer::wrmsr(unsigned int, unsigned long long)
                0x00000000c000e72a                Computer::nmiEnabled()
                0x00000000c000e736                Computer::readCMOS(unsigned char)
                0x00000000c000e750                Computer::enableNMI(bool)
                0x00000000c000e768                Computer::open(int, int, void*)
                0x00000000c000e83e                Computer::disableNMI()
                0x00000000c000e84c                Computer::writeCMOS(unsigned char, unsigned char)
                0x00000000c000e86a                Computer::handleNMI()
                0x00000000c000e8d0                Computer::setDiskActivityLight(int, bool)
 *fill*         0x00000000c000e8fb        0x1 
 .text          0x00000000c000e8fc      0x1b7 core/gdt.32
                0x00000000c000e8fc                GDTEntry::setBase(unsigned int)
                0x00000000c000e918                GDTEntry::setLimit(unsigned int)
                0x00000000c000e936                GDT::GDT()
                0x00000000c000e936                GDT::GDT()
                0x00000000c000e94c                GDT::addEntry(GDTEntry)
                0x00000000c000e988                GDT::getNumberOfEntries()
                0x00000000c000e990                GDT::flush()
                0x00000000c000e9b2                GDT::setup()
 .text          0x00000000c000eab3       0x61 core/idle.32
                0x00000000c000eab3                idleFunction(void*)
 .text          0x00000000c000eb14      0x45f core/idt.32
                0x00000000c000eb14                IDTEntry::IDTEntry(bool)
                0x00000000c000eb14                IDTEntry::IDTEntry(bool)
                0x00000000c000eb82                IDTEntry::setOffset(unsigned int)
                0x00000000c000eb96                IDT::IDT()
                0x00000000c000eb96                IDT::IDT()
                0x00000000c000eb98                IDT::getPointerToInvalidOpcodeEntryForF00F()
                0x00000000c000eba0                IDT::addEntry(IDTEntry, int)
                0x00000000c000ebba                IDT::addEntry(int, void (*)(), bool)
                0x00000000c000ebf2                IDT::flush()
                0x00000000c000ec0c                IDT::setup()
 .text          0x00000000c000ef73      0x20d core/kheap.32
                0x00000000c000ef73                sbrk
                0x00000000c000f08b                mmap
                0x00000000c000f0a1                munmap
                0x00000000c000f0b7                liballoc_lock()
                0x00000000c000f0c8                liballoc_unlock()
                0x00000000c000f0d9                liballoc_alloc(int)
                0x00000000c000f0f4                liballoc_free(void*, int)
                0x00000000c000f112                realloc
                0x00000000c000f126                malloc
                0x00000000c000f136                free
                0x00000000c000f146                rfree
                0x00000000c000f156                calloc
 .text          0x00000000c000f180      0x38d core/main.32
                0x00000000c000f180                hwTextMode_loadInData(VgaText*)
                0x00000000c000f1c5                hwTextMode_loadInTitle(VgaText*, char*)
                0x00000000c000f207                hwTextMode_showCursor(VgaText*, bool)
                0x00000000c000f25b                hwTextMode_update(VgaText*)
                0x00000000c000f25c                hwTextMode_updateCursor(VgaText*)
                0x00000000c000f2a4                hwTextMode_disableBlink(VgaText*, bool)
                0x00000000c000f2e0                hwTextMode_scrollScreen(VgaText*)
                0x00000000c000f366                hwTextMode_writeCharacter(VgaText*, char, VgaColour, VgaColour, int, int)
                0x00000000c000f3c4                setupTextMode()
                0x00000000c000f415                kernel_main
 .text          0x00000000c000f50d      0x4f3 core/physmgr.32
                0x00000000c000f50d                Phys::allocateDMA(unsigned long)
                0x00000000c000f5b0                Phys::freeDMA(unsigned long, unsigned long)
                0x00000000c000f5f8                Phys::setPageState(unsigned long, bool)
                0x00000000c000f62a                Phys::getPageState(unsigned long)
                0x00000000c000f646                Phys::freePage(unsigned long)
                0x00000000c000f6d0                Phys::allocatePage()
                0x00000000c000f798                Phys::allowSegmentToBeUsed(unsigned long, unsigned long)
                0x00000000c000f7d0                Phys::physicalMemorySetup(unsigned int)
 .text          0x00000000c000fa00      0x273 core/pipe.32
                0x00000000c000fa00                Pipe::isAtty()
                0x00000000c000fa04                Pipe::~Pipe()
                0x00000000c000fa04                Pipe::~Pipe()
                0x00000000c000fa28                Pipe::~Pipe()
                0x00000000c000fa50                Pipe::read(unsigned long long, void*, int*)
                0x00000000c000fb44                Pipe::write(unsigned long long, void*, int*)
                0x00000000c000fc0c                Pipe::Pipe(int)
                0x00000000c000fc0c                Pipe::Pipe(int)
 *fill*         0x00000000c000fc73        0x1 
 .text          0x00000000c000fc74      0xf65 core/terminal.32
                0x00000000c000fc74                VgaText::isAtty()
                0x00000000c000fc78                VgaText::~VgaText()
                0x00000000c000fc78                VgaText::~VgaText()
                0x00000000c000fc9c                VgaText::~VgaText()
                0x00000000c000fcc6                VgaText::read(unsigned long long, void*, int*)
                0x00000000c000fce6                setTerminalScrollLock(bool)
                0x00000000c000fce7                addToTerminalCycle(VgaText*)
                0x00000000c000fd14                installVgaTextImplementation()
                0x00000000c000fd29                scrollTerminalScrollLock(int)
                0x00000000c000fd2a                VgaText::load()
                0x00000000c000fd7e                VgaText::updateCursor()
                0x00000000c000fd98                VgaText::showCursor(bool)
                0x00000000c000fda8                VgaText::disableBlink(bool)
                0x00000000c000fde2                VgaText::doANSI_SGR(int)
                0x00000000c000fe6e                VgaText::setDefaultBgColour(VgaColour)
                0x00000000c000fe84                VgaText::setDefaultFgColour(VgaColour)
                0x00000000c000fe9a                VgaText::setDefaultColours(VgaColour, VgaColour)
                0x00000000c000feba                VgaText::combineColours(unsigned char, unsigned char)
                0x00000000c000fecc                VgaText::scrollScreen()
                0x00000000c000ff60                VgaText::combineCharAndColour(char, unsigned char)
                0x00000000c000ff72                VgaText::writeCharacter(char, VgaColour, VgaColour, int, int)
                0x00000000c000ffd2                VgaText::getCursorX()
                0x00000000c000ffde                VgaText::getCursorY()
                0x00000000c000ffea                VgaText::setCursor(int, int)
                0x00000000c0010008                VgaText::setCursorX(int)
                0x00000000c0010024                VgaText::setCursorY(int)
                0x00000000c0010040                VgaText::incrementCursor(bool)
                0x00000000c00100a8                VgaText::updateRAMUsageDisplay(int)
                0x00000000c0010102                VgaText::updateDiskUsage()
                0x00000000c0010268                VgaText::updateTitle()
                0x00000000c00102ae                VgaText::setTitleTextColour(VgaColour)
                0x00000000c00102be                VgaText::setTitleColour(VgaColour)
                0x00000000c00102ce                VgaText::setTitle(char*)
                0x00000000c00102f4                VgaText::decrementCursor(bool)
                0x00000000c001031c                VgaText::putchar(char, VgaColour, VgaColour)
                0x00000000c0010418                VgaText::isShowingCursor()
                0x00000000c0010424                VgaText::isBlinkDisabled()
                0x00000000c0010432                VgaText::setCursorHeight(int)
                0x00000000c0010450                VgaText::getCursorHeight()
                0x00000000c001045b                setActiveTerminal(VgaText*)
                0x00000000c001050d                doTerminalCycle()
                0x00000000c001052a                VgaText::doUpdate()
                0x00000000c001053c                VgaText::puts(char const*, VgaColour, VgaColour)
                0x00000000c00106fc                VgaText::clearScreen()
                0x00000000c0010760                VgaText::putchar(char)
                0x00000000c001087a                VgaText::puts(char const*)
                0x00000000c00108a0                VgaText::putx(unsigned int)
                0x00000000c00108e6                VgaText::VgaText(char const*)
                0x00000000c00108e6                VgaText::VgaText(char const*)
                0x00000000c0010a78                VgaText::receiveKey(unsigned char)
                0x00000000c0010b60                VgaText::write(unsigned long long, void*, int*)
                0x00000000c0010bb4                newTerminal(char*)
 *fill*         0x00000000c0010bd9        0x1 
 .text          0x00000000c0010bda      0x1a7 core/tss.32
                0x00000000c0010bda                TSS::TSS()
                0x00000000c0010bda                TSS::TSS()
                0x00000000c0010be8                TSS::setESP(unsigned long)
                0x00000000c0010bfa                TSS::flush()
                0x00000000c0010c1a                TSS::setup(unsigned long, unsigned long)
 *fill*         0x00000000c0010d81        0x1 
 .text          0x00000000c0010d82      0x482 core/unixfile.32
                0x00000000c0010d82                ReservedFilename::read(unsigned long long, void*, int*)
                0x00000000c0010dd8                ReservedFilename::isAtty()
                0x00000000c0010df4                ReservedFilename::write(unsigned long long, void*, int*)
                0x00000000c0010e52                UnixFile::getFileDescriptor()
                0x00000000c0010e5a                UnixFile::UnixFile(int)
                0x00000000c0010e5a                UnixFile::UnixFile(int)
                0x00000000c0010fca                ReservedFilename::ReservedFilename(int)
                0x00000000c0010fca                ReservedFilename::ReservedFilename(int)
                0x00000000c0010ffc                UnixFile::~UnixFile()
                0x00000000c0010ffc                UnixFile::~UnixFile()
                0x00000000c0011094                UnixFile::~UnixFile()
                0x00000000c00110bc                ReservedFilename::~ReservedFilename()
                0x00000000c00110bc                ReservedFilename::~ReservedFilename()
                0x00000000c00110e0                ReservedFilename::~ReservedFilename()
                0x00000000c0011107                getFromFileDescriptor(int)
 .text          0x00000000c0011204      0xec7 core/virtmgr.32
                0x00000000c0011204                Virt::setPageState(unsigned long, Virt::VirtPageState)
                0x00000000c0011239                Virt::getPageState(unsigned long)
                0x00000000c001125d                Virt::allocateKernelVirtualPages(int)
                0x00000000c001136e                Virt::virtualMemorySetup()
                0x00000000c00113ed                Virt::getAKernelVAS()
                0x00000000c00113f3                Virt::setupPageSwapping(int)
                0x00000000c0011518                VAS::VAS()
                0x00000000c0011518                VAS::VAS()
                0x00000000c0011548                VAS::VAS(VAS*)
                0x00000000c0011548                VAS::VAS(VAS*)
                0x00000000c001156c                VAS::getForeignPageTableEntry(bool, unsigned long)
                0x00000000c0011598                VAS::getPageTableEntry(unsigned long)
                0x00000000c00115b7                Virt::freeKernelVirtualPages(unsigned long)
                0x00000000c00116da                VAS::freeAllocatedPages(unsigned long)
                0x00000000c00116fe                VAS::virtualToPhysical(unsigned long)
                0x00000000c0011716                VAS::reflagRange(unsigned long, int, int, int)
                0x00000000c0011756                VAS::setToWriteCombining(unsigned long, int)
                0x00000000c001178e                VAS::mapOtherVASIn(bool, VAS*)
                0x00000000c00117c4                VAS::~VAS()
                0x00000000c00117c4                VAS::~VAS()
                0x00000000c0011930                VAS::mapPage(unsigned long, unsigned long, int)
                0x00000000c0011a30                VAS::allocatePages(int, int)
                0x00000000c0011c00                VAS::setCPUSpecific(unsigned long)
                0x00000000c0011c1c                VAS::mapRange(unsigned long, unsigned long, int, int)
                0x00000000c0011ce6                VAS::mapForeignPage(bool, VAS*, unsigned long, unsigned long, int)
                0x00000000c0011dd4                VAS::VAS(bool)
                0x00000000c0011dd4                VAS::VAS(bool)
                0x00000000c0012004                mapVASFirstTime
 .text          0x00000000c00120cb       0x93 coreobjs/c++.32
                0x00000000c00120cb                __cxa_atexit
                0x00000000c00120ce                __cxa_finalize
                0x00000000c00120cf                __stack_chk_fail
                0x00000000c001212f                __cxa_pure_virtual
                0x00000000c0012140                operator new(unsigned long)
                0x00000000c0012145                operator new[](unsigned long)
                0x00000000c001214a                operator delete(void*)
                0x00000000c001214f                operator delete(void*, unsigned long)
                0x00000000c0012154                operator delete[](void*)
                0x00000000c0012159                operator delete[](void*, unsigned long)
 .text          0x00000000c001215e      0x1ef dbg/kconsole.32
                0x00000000c001215e                Dbg::stringifyxWithBase(unsigned int, char*, int)
                0x00000000c00121bf                Dbg::logc(char)
                0x00000000c00121d6                Dbg::logs(char*)
                0x00000000c00121f3                Dbg::logWriteInt(unsigned int)
                0x00000000c0012210                Dbg::logWriteIntBase(unsigned int, int)
                0x00000000c001222f                Dbg::kprintf(char const*, ...)
 *fill*         0x00000000c001234d        0x1 
 .text          0x00000000c001234e      0xb68 fs/vfs.32
                0x00000000c001234e                File::read(unsigned long long, void*, int*)
                0x00000000c00123a6                File::write(unsigned long long, void*, int*)
                0x00000000c00123fe                Directory::read(unsigned long long, void*, int*)
                0x00000000c0012456                Directory::write(unsigned long long, void*, int*)
                0x00000000c0012484                File::isAtty()
                0x00000000c0012488                Directory::isAtty()
                0x00000000c001248c                Filesystem::getlabel(LogicalDisk*, int, char*, unsigned int*)
                0x00000000c0012492                Filesystem::setlabel(LogicalDisk*, int, char*)
                0x00000000c0012498                File::~File()
                0x00000000c0012498                File::~File()
                0x00000000c00124bc                File::~File()
                0x00000000c00124e6                Directory::~Directory()
                0x00000000c00124e6                Directory::~Directory()
                0x00000000c001250a                Directory::~Directory()
                0x00000000c0012534                Filesystem::Filesystem()
                0x00000000c0012534                Filesystem::Filesystem()
                0x00000000c0012558                Filesystem::~Filesystem()
                0x00000000c0012558                Filesystem::~Filesystem()
                0x00000000c0012566                Filesystem::~Filesystem()
                0x00000000c001258a                initVFS()
                0x00000000c00125b4                standardiseFiles(char*, char const*, char const*)
                0x00000000c001275e                File::File(char const*, Process*)
                0x00000000c001275e                File::File(char const*, Process*)
                0x00000000c00127c2                File::open(FileOpenMode)
                0x00000000c0012820                File::close()
                0x00000000c0012880                File::seek(unsigned long long)
                0x00000000c00128d6                File::tell(unsigned long long*)
                0x00000000c0012926                File::rewind()
                0x00000000c001293a                File::unlink()
                0x00000000c0012986                File::rename(char const*)
                0x00000000c00129d4                File::chfatattr(unsigned char, unsigned char)
                0x00000000c0012a30                File::exists()
                0x00000000c0012a6e                File::stat(unsigned long long*, bool*)
                0x00000000c0012acf                getcwd(Process*, char*, int)
                0x00000000c0012af9                setcwd(Process*, char*)
                0x00000000c0012c20                Directory::Directory(char const*, Process*)
                0x00000000c0012c20                Directory::Directory(char const*, Process*)
                0x00000000c0012c84                Directory::open()
                0x00000000c0012ce0                Directory::close()
                0x00000000c0012d40                Directory::unlink()
                0x00000000c0012d8c                Directory::rename(char const*)
                0x00000000c0012dda                Directory::exists()
                0x00000000c0012e18                Directory::read(dirent*)
                0x00000000c0012e64                Directory::create()
                0x00000000c0012eb0                Filesystem::chfatattr(char const*, unsigned char, unsigned char)
 .text          0x00000000c0012eb6       0x84 hal/bus.32
                0x00000000c0012eb6                Bus::Bus(char const*)
                0x00000000c0012eb6                Bus::Bus(char const*)
                0x00000000c0012eec                Bus::~Bus()
                0x00000000c0012eec                Bus::~Bus()
                0x00000000c0012f10                Bus::~Bus()
 .text          0x00000000c0012f3a      0x14e hal/buzzer.32
                0x00000000c0012f3a                Buzzer::Buzzer(char const*)
                0x00000000c0012f3a                Buzzer::Buzzer(char const*)
                0x00000000c0012f7e                Buzzer::~Buzzer()
                0x00000000c0012f7e                Buzzer::~Buzzer()
                0x00000000c0012fa2                Buzzer::~Buzzer()
                0x00000000c0012fcc                Buzzer::stop()
                0x00000000c0012fdf                beepThread(void*)
                0x00000000c001301a                Buzzer::beep(int, int, bool)
 .text          0x00000000c0013088      0x42f hal/clock.32
                0x00000000c0013088                loadClockSettings()
                0x00000000c00130a2                Clock::Clock(char const*)
                0x00000000c00130a2                Clock::Clock(char const*)
                0x00000000c00130d8                Clock::~Clock()
                0x00000000c00130d8                Clock::~Clock()
                0x00000000c00130fc                Clock::~Clock()
                0x00000000c0013126                Clock::timeInSecondsLocal()
                0x00000000c001316e                Clock::setTimeInSecondsLocal(unsigned long long)
                0x00000000c00131c7                datetimeToSeconds(datetime_t)
                0x00000000c00132ee                Clock::setTimeInDatetimeLocal(datetime_t)
                0x00000000c001334e                secondsToDatetime(unsigned long long)
                0x00000000c0013492                Clock::timeInDatetimeLocal()
 *fill*         0x00000000c00134b7        0x1 
 .text          0x00000000c00134b8      0x504 hal/device.32
                0x00000000c00134b8                Device::hibernate()
                0x00000000c00134ba                Device::wake()
                0x00000000c00134bc                Device::detect()
                0x00000000c00134be                Device::disableLegacy()
                0x00000000c00134c0                Device::powerSaving(PowerSavingLevel)
                0x00000000c00134c2                DriverlessDevice::close(int, int, void*)
                0x00000000c00134c6                DriverlessDevice::detect()
                0x00000000c00134c8                DriverlessDevice::open(int, int, void*)
                0x00000000c00134dc                Device::~Device()
                0x00000000c00134dc                Device::~Device()
                0x00000000c00134ea                Device::~Device()
                0x00000000c0013512                Device::findAndLoadDriver()
                0x00000000c0013514                Device::preOpenPCI(PCIDeviceInfo)
                0x00000000c001353a                Device::preOpenACPI(void*, char*, char*)
                0x00000000c001358e                Device::addIRQHandler(int, void (*)(regs*, void*), bool, void*)
                0x00000000c00135ec                Device::removeIRQHandler(int, void (*)(regs*, void*), bool)
                0x00000000c001363a                Device::addChild(Device*)
                0x00000000c001367e                Device::removeAllChildren()
                0x00000000c00136c4                Device::hibernateAll()
                0x00000000c00136f4                Device::wakeAll()
                0x00000000c0013724                Device::detectAll()
                0x00000000c0013754                Device::disableLegacyAll()
                0x00000000c0013784                Device::loadDriversForAll()
                0x00000000c00137b0                Device::closeAll()
                0x00000000c00137e6                Device::powerSavingAll(PowerSavingLevel)
                0x00000000c001381c                Device::setName(char const*)
                0x00000000c001382a                Device::Device(char const*)
                0x00000000c001382a                Device::Device(char const*)
                0x00000000c001391c                Device::getName()
                0x00000000c0013926                DriverlessDevice::DriverlessDevice(char const*)
                0x00000000c0013926                DriverlessDevice::DriverlessDevice(char const*)
                0x00000000c001394e                Device::addToLinkedList(LinkedList<Device>&, DeviceType)
                0x00000000c0013992                getDevicesOfType(DeviceType)
 .text          0x00000000c00139bc       0x84 hal/diskctrl.32
                0x00000000c00139bc                HardDiskController::HardDiskController(char const*)
                0x00000000c00139bc                HardDiskController::HardDiskController(char const*)
                0x00000000c00139f2                HardDiskController::~HardDiskController()
                0x00000000c00139f2                HardDiskController::~HardDiskController()
                0x00000000c0013a16                HardDiskController::~HardDiskController()
 .text          0x00000000c0013a40       0xde hal/diskphys.32
                0x00000000c0013a40                PhysicalDisk::PhysicalDisk(char const*, int)
                0x00000000c0013a40                PhysicalDisk::PhysicalDisk(char const*, int)
                0x00000000c0013aa8                PhysicalDisk::startCache()
                0x00000000c0013ad0                PhysicalDisk::~PhysicalDisk()
                0x00000000c0013ad0                PhysicalDisk::~PhysicalDisk()
                0x00000000c0013af4                PhysicalDisk::~PhysicalDisk()
 .text          0x00000000c0013b1e      0x14c hal/fpu.32
                0x00000000c0013b1e                FPU::FPU(char const*)
                0x00000000c0013b1e                FPU::FPU(char const*)
                0x00000000c0013b54                FPU::~FPU()
                0x00000000c0013b54                FPU::~FPU()
                0x00000000c0013b78                FPU::~FPU()
                0x00000000c0013ba2                setupFPU()
 .text          0x00000000c0013c6a     0x12a7 hal/intctrl.32
                0x00000000c0013c6a                InterruptController::uninstallISRHandler(int, void (*)(regs*, void*))
                0x00000000c0013ca2                InterruptController::installISRHandler(int, void (*)(regs*, void*), void*)
                0x00000000c0013cf4                doubleFault(regs*, void*)
                0x00000000c0013d0e                InterruptController::installIRQHandler(int, void (*)(regs*, void*), bool, void*)
                0x00000000c0013daa                InterruptController::clearAllHandlers(int, bool)
                0x00000000c0013e52                InterruptController::uninstallIRQHandler(int, void (*)(regs*, void*), bool)
                0x00000000c0013ed9                nmiHandler(regs*, void*)
                0x00000000c0013ee7                int_handler
                0x00000000c0013f82                InterruptController::InterruptController(char const*)
                0x00000000c0013f82                InterruptController::InterruptController(char const*)
                0x00000000c0014028                InterruptController::~InterruptController()
                0x00000000c0014028                InterruptController::~InterruptController()
                0x00000000c001404c                InterruptController::~InterruptController()
                0x00000000c0014076                displayDebugInfo(regs*)
                0x00000000c001448d                x87EmulHandler(regs*, void*)
                0x00000000c00144bc                gpFault(regs*, void*)
                0x00000000c00144f5                pgFault(regs*, void*)
                0x00000000c001450c                otherISRHandler(regs*, void*)
                0x00000000c001452b                opcodeFault(regs*, void*)
                0x00000000c0014ae4                displayProgramFault(char const*)
                0x00000000c0014b0c                setupInterruptController()
                0x00000000c0014ec4                InterruptController::convertLegacyIRQNumber(int)
 *fill*         0x00000000c0014f11        0x1 
 .text          0x00000000c0014f12      0x620 hal/keybrd.32
                0x00000000c0014f12                startGUI(void*)
                0x00000000c0014f84                sendKeyToTerminal(unsigned char)
                0x00000000c0014ff0                sendKeyboardToken(KeyboardToken)
                0x00000000c00153cb                clearInternalKeybuffer(VgaText*)
                0x00000000c0015400                readKeyboard(VgaText*, char*, unsigned long)
                0x00000000c00154a8                Keyboard::Keyboard(char const*)
                0x00000000c00154a8                Keyboard::Keyboard(char const*)
                0x00000000c00154e4                Keyboard::~Keyboard()
                0x00000000c00154e4                Keyboard::~Keyboard()
                0x00000000c0015508                Keyboard::~Keyboard()
 .text          0x00000000c0015532      0x400 hal/logidisk.32
                0x00000000c0015532                LogicalDisk::close(int, int, void*)
                0x00000000c0015536                LogicalDisk::~LogicalDisk()
                0x00000000c0015536                LogicalDisk::~LogicalDisk()
                0x00000000c001555a                LogicalDisk::~LogicalDisk()
                0x00000000c0015584                LogicalDisk::open(int, int, void*)
                0x00000000c0015598                LogicalDisk::absoluteToRelative(unsigned long long)
                0x00000000c00155d0                LogicalDisk::relativeToAbsolute(unsigned long long)
                0x00000000c0015616                LogicalDisk::LogicalDisk(char const*, PhysicalDisk*, unsigned long long, unsigned long long)
                0x00000000c0015616                LogicalDisk::LogicalDisk(char const*, PhysicalDisk*, unsigned long long, unsigned long long)
                0x00000000c00156cc                LogicalDisk::assignDriveLetter()
                0x00000000c0015782                LogicalDisk::mount()
                0x00000000c00157f4                LogicalDisk::unmount()
                0x00000000c0015804                LogicalDisk::unassignDriveLetter()
                0x00000000c001585a                LogicalDisk::read(unsigned long long, int, void*)
                0x00000000c00158c6                LogicalDisk::write(unsigned long long, int, void*)
 .text          0x00000000c0015932       0x84 hal/mouse.32
                0x00000000c0015932                Mouse::Mouse(char const*)
                0x00000000c0015932                Mouse::Mouse(char const*)
                0x00000000c0015968                Mouse::~Mouse()
                0x00000000c0015968                Mouse::~Mouse()
                0x00000000c001598c                Mouse::~Mouse()
 .text          0x00000000c00159b6      0x339 hal/partition.32
                0x00000000c00159b6                makePartition(PhysicalDisk*, unsigned long long, unsigned long long)
                0x00000000c0015a5e                createPartitionsForDisk(PhysicalDisk*)
 *fill*         0x00000000c0015cef        0x1 
 .text          0x00000000c0015cf0      0x2e7 hal/timer.32
                0x00000000c0015cf0                Timer::Timer(char const*)
                0x00000000c0015cf0                Timer::Timer(char const*)
                0x00000000c0015d26                Timer::~Timer()
                0x00000000c0015d26                Timer::~Timer()
                0x00000000c0015d4a                Timer::~Timer()
                0x00000000c0015d74                Timer::read()
                0x00000000c0015d7f                timerHandler(unsigned long long)
                0x00000000c0015eb6                setupTimer(int)
 *fill*         0x00000000c0015fd7        0x1 
 .text          0x00000000c0015fd8      0x2d1 hal/vcache.32
                0x00000000c0015fd8                VCache::VCache(PhysicalDisk*)
                0x00000000c0015fd8                VCache::VCache(PhysicalDisk*)
                0x00000000c00160c8                VCache::writeWriteBuffer()
                0x00000000c0016104                VCache::~VCache()
                0x00000000c0016104                VCache::~VCache()
                0x00000000c0016144                VCache::~VCache()
                0x00000000c001616c                VCache::write(unsigned long long, int, void*)
                0x00000000c0016250                VCache::read(unsigned long long, int, void*)
 *fill*         0x00000000c00162a9        0x1 
 .text          0x00000000c00162aa      0x26d hal/video.32
                0x00000000c00162aa                Video::putrect(int, int, int, int, unsigned int)
                0x00000000c00162f4                Video::blit(unsigned int*, int, int, int, int)
                0x00000000c0016372                Video::clearScreen(unsigned int)
                0x00000000c00163a6                Video::putpixel(int, int, unsigned int)
                0x00000000c00163b4                Video::Video(char const*)
                0x00000000c00163b4                Video::Video(char const*)
                0x00000000c00163ea                Video::~Video()
                0x00000000c00163ea                Video::~Video()
                0x00000000c001640e                Video::~Video()
                0x00000000c0016438                Video::isMonochrome()
                0x00000000c0016444                Video::getWidth()
                0x00000000c0016450                Video::getHeight()
                0x00000000c001645c                Video::drawCursor(int, int, unsigned char*, int)
 *fill*         0x00000000c0016517        0x1 
 .text          0x00000000c0016518      0xdf6 hw/acpi.32
                0x00000000c0016518                ACPI::close(int, int, void*)
                0x00000000c00165cd                findRSDP()
                0x00000000c0016657                loadACPITables(unsigned char*)
                0x00000000c001687e                findRSDT(unsigned char*)
                0x00000000c001699c                findDataTable(unsigned char*, char*)
                0x00000000c0016a38                scanMADT()
                0x00000000c0016ebe                ACPI::ACPI()
                0x00000000c0016ebe                ACPI::ACPI()
                0x00000000c0016f1e                ACPI::getPCIIRQAssignment(unsigned char, unsigned short, unsigned char)
                0x00000000c0017000                ACPI::registerPCIIRQAssignment(void*, unsigned short, unsigned char, unsigned char)
                0x00000000c0017106                ACPI::setScreenBrightnessLevel(void*, int)
                0x00000000c001710c                ACPI::writeSimpleBootFlag(SimpleBootFlagTable*)
                0x00000000c0017154                ACPI::open(int, int, void*)
                0x00000000c00172f6                ACPI::sleep()
 .text          0x00000000c001730e     0x1799 hw/cpu.32
                0x00000000c001730e                CPU::close(int, int, void*)
                0x00000000c0017312                CPU::lookupAMDName(unsigned char, unsigned char)
                0x00000000c00174a6                CPU::lookupIntelName(unsigned char, unsigned char)
                0x00000000c0017754                CPU::AMD_K6_write_msr(unsigned int, unsigned int, unsigned int, CPU::REGS*)
                0x00000000c0017770                CPU::AMD_K6_read_msr(unsigned int, CPU::REGS*)
                0x00000000c0017788                CPU::AMD_K6_writeback(int, int, int)
                0x00000000c00177fc                CPU::cpuid(int, unsigned long*, unsigned long*, unsigned long*, unsigned long*)
                0x00000000c0017880                CPU::cpuidCheckEDX(unsigned int)
                0x00000000c00178ae                CPU::cpuidCheckECX(unsigned int)
                0x00000000c00178dc                CPU::cpuidCheckExtendedEBX(unsigned int)
                0x00000000c001790a                CPU::cpuidCheckExtendedECX(unsigned int)
                0x00000000c0017938                CPU::CPU()
                0x00000000c0017938                CPU::CPU()
                0x00000000c00179c6                CPU::displayFeatures()
                0x00000000c0017c42                CPU::detectFeatures()
                0x00000000c0018634                CPU::setupSMEP()
                0x00000000c001864e                CPU::setupUMIP()
                0x00000000c0018666                CPU::setupTSC()
                0x00000000c001867e                CPU::setupLargePages()
                0x00000000c0018696                CPU::setupPAT()
                0x00000000c00186d2                CPU::setupMTRR()
                0x00000000c00186d4                CPU::setupGlobalPages()
                0x00000000c00186ea                CPU::allowUsermodeDataAccess()
                0x00000000c00186fc                CPU::prohibitUsermodeDataAccess()
                0x00000000c001870e                CPU::setupSMAP()
                0x00000000c0018734                CPU::setupFeatures()
                0x00000000c00187d6                CPU::open(int, int, void*)
                0x00000000c00188ac                CPU::decodeAddress(regs*, int*, bool*, unsigned char*)
 .text          0x00000000c0018aa7        0x0 hw/ports.32
 .text          0x00000000c0018aa7      0x338 krnl/panic.32
                0x00000000c0018aa7                Krnl::panic(char const*)
 .text          0x00000000c0018ddf      0x503 reg/registry.32
                0x00000000c0018ddf                Reg::findLineFromLoadedData(char*, char*, char*)
                0x00000000c0018f37                Reg::getLineFromRegistry(char*, char*, char*, char*)
                0x00000000c0019096                Reg::getLine(char*, char*, char*)
                0x00000000c00190cd                Reg::readInt(char*, char*, int*)
                0x00000000c00191b8                Reg::readString(char*, char*, char*, int)
                0x00000000c0019239                Reg::readBool(char*, char*, bool*)
                0x00000000c001925e                Reg::readBoolWithDefault(char*, char*, bool)
                0x00000000c001928a                Reg::readIntWithDefault(char*, char*, int)
                0x00000000c00192b6                Reg::readStringWithDefault(char*, char*, char*, int, char*)
 .text          0x00000000c00192e2       0x18 sys/sc_exit.32
                0x00000000c00192e2                Sys::exit(regs*)
 .text          0x00000000c00192fa       0x95 sys/sc_loaddll.32
                0x00000000c00192fa                Sys::loadDLL(regs*)
 .text          0x00000000c001938f       0x68 sys/sc_read.32
                0x00000000c001938f                Sys::read(regs*)
 .text          0x00000000c00193f7       0x55 sys/sc_sbrk.32
                0x00000000c00193f7                Sys::sbrk(regs*)
 .text          0x00000000c001944c       0x68 sys/sc_write.32
                0x00000000c001944c                Sys::write(regs*)
 .text          0x00000000c00194b4       0x1a sys/sc_yield.32
                0x00000000c00194b4                Sys::yield(regs*)
 .text          0x00000000c00194ce      0xf85 sys/syscalls.32
                0x00000000c00194ce                sysCallGetPID(regs*)
                0x00000000c00194da                sysCallSeekDir(regs*)
                0x00000000c00194df                sysCallTellDir(regs*)
                0x00000000c00194e4                sysCallVerify(regs*)
                0x00000000c00194ee                sysCallFork(regs*)
                0x00000000c00194f9                sysCallExecve(regs*)
                0x00000000c0019504                sysCallGetArgc(regs*)
                0x00000000c0019514                sysFormatDisk(regs*)
                0x00000000c001957e                sysSetDiskVolumeLabel(regs*)
                0x00000000c00195c4                sysGetDiskVolumeLabel(regs*)
                0x00000000c0019615                sysShutdown(regs*)
                0x00000000c0019673                sysCallGetCwd(regs*)
                0x00000000c0019692                sysCallSetCwd(regs*)
                0x00000000c00196ae                sysCallRealpath(regs*)
                0x00000000c00196f1                sysCallReadDir(regs*)
                0x00000000c001977f                sysCallIsATTY(regs*)
                0x00000000c00197d9                sysCallSeek(regs*)
                0x00000000c0019842                sysCallTell(regs*)
                0x00000000c00198bf                sysCallSizeFromFilename(regs*)
                0x00000000c0019970                sysCallSize(regs*)
                0x00000000c00199f3                sysCallClose(regs*)
                0x00000000c0019a7b                sysCallOpenDir(regs*)
                0x00000000c0019ae8                sysCallMakeDir(regs*)
                0x00000000c0019b41                sysCallCloseDir(regs*)
                0x00000000c0019ba7                sysCallWait(regs*)
                0x00000000c0019bc1                sysCallRmdir(regs*)
                0x00000000c0019c13                sysCallUnlink(regs*)
                0x00000000c0019c65                sysCallGetArgv(regs*)
                0x00000000c0019cb1                sysCallTTYName(regs*)
                0x00000000c0019d34                sysCallGetEnv(regs*)
                0x00000000c0019d86                sysCallUSleep(regs*)
                0x00000000c0019dad                sysCallSpawn(regs*)
                0x00000000c0019e05                sysAppSettings(regs*)
                0x00000000c0019f24                sysSetFatAttrib(regs*)
                0x00000000c0019f84                sysPanic(regs*)
                0x00000000c0019faa                sysPipe(regs*)
                0x00000000c0019fef                sysGetUnixTime(regs*)
                0x00000000c001a003                string_ends_with(char const*, char const*)
                0x00000000c001a04b                sysCallOpen(regs*)
                0x00000000c001a258                setupSystemCalls()
                0x00000000c001a411                systemCall(regs*, void*)
 .text          0x00000000c001a453     0x11c7 thr/elf.32
                0x00000000c001a453                Thr::allocateMemoryForTask(Process*, File*, unsigned long, unsigned long, unsigned long)
                0x00000000c001a6d0                Thr::loadProgramIntoMemory(Process*, char const*)
                0x00000000c001a8e6                Thr::runtimeReferenceHelper()
                0x00000000c001a8f9                Thr::getAddressOfKernelSymbol(char const*)
                0x00000000c001a948                Thr::loadKernelSymbolTable(char const*)
                0x00000000c001ac09                Thr::loadDriverIntoMemory(char const*, unsigned long, bool)
                0x00000000c001b3a7                Thr::getDriverBaseFromAddress(unsigned long)
                0x00000000c001b3d9                Thr::getDriverNameFromAddress(unsigned long)
                0x00000000c001b410                Thr::getDriverOffsetFromAddress(unsigned long)
                0x00000000c001b42a                Thr::loadDLL(char const*, bool)
                0x00000000c001b5f0                Thr::executeDLL(unsigned long, void*)
 .text          0x00000000c001b61a      0xfce thr/prcssthr.32
                0x00000000c001b61a                changeTSS
                0x00000000c001b648                Process::addArgs(char**)
                0x00000000c001b6a2                Process::Process(char const*, Process*, char**)
                0x00000000c001b6a2                Process::Process(char const*, Process*, char**)
                0x00000000c001b85a                Process::Process(bool, char const*, Process*, char**)
                0x00000000c001b85a                Process::Process(bool, char const*, Process*, char**)
                0x00000000c001b9dd                disableIRQs()
                0x00000000c001b9e5                getIRQNestingLevel()
                0x00000000c001b9eb                enableIRQs()
                0x00000000c001b9fa                lockScheduler()
                0x00000000c001b9fc                unlockScheduler()
                0x00000000c001b9fe                userModeEntryPoint(void*)
                0x00000000c001ba21                lockStuff()
                0x00000000c001ba2d                taskStartupFunction
                0x00000000c001ba36                updateTimeUsed()
                0x00000000c001ba94                switchToThread(ThreadControlBlock*)
                0x00000000c001bae4                Semaphore::Semaphore(int)
                0x00000000c001bae4                Semaphore::Semaphore(int)
                0x00000000c001bb12                Mutex::Mutex()
                0x00000000c001bb12                Mutex::Mutex()
                0x00000000c001bb24                Process::createThread(void (*)(void*), void*, int)
                0x00000000c001bc08                Process::createUserThread()
                0x00000000c001bc24                setupMultitasking(void (*)())
                0x00000000c001bd2e                schedule()
                0x00000000c001bdb3                unlockStuff()
                0x00000000c001bde8                Semaphore::tryAcquire()
                0x00000000c001be16                Semaphore::assertLocked(char const*)
                0x00000000c001be46                blockTaskWithSchedulerLockAlreadyHeld(TaskState)
                0x00000000c001be88                blockTask(TaskState)
                0x00000000c001bea9                waitTask(int, int*, int)
                0x00000000c001beeb                nanoSleepUntil(unsigned long long)
                0x00000000c001bf42                nanoSleep(unsigned long long)
                0x00000000c001bf57                sleep(unsigned long long)
                0x00000000c001bf74                Semaphore::acquire()
                0x00000000c001bfdc                taskReturned
                0x00000000c001c00a                unblockTask(ThreadControlBlock*)
                0x00000000c001c0b9                cleanupTerminatedTask(ThreadControlBlock*)
                0x00000000c001c35d                cleanerTaskFunction(void*)
                0x00000000c001c410                terminateTask(int)
                0x00000000c001c4f0                Thr::terminateFromIRQ(int)
                0x00000000c001c4fc                Semaphore::release()
 .text          0x00000000c001c5e8      0x8bf vm86/vm8086.32
                0x00000000c001c5e8                Vm::vm8086EntryPoint(void*)
                0x00000000c001c613                Vm::inbv(unsigned short)
                0x00000000c001c619                Vm::outbv(unsigned short, unsigned char)
                0x00000000c001c623                Vm::realToLinear(unsigned short, unsigned short)
                0x00000000c001c633                Vm::getSegment(unsigned int)
                0x00000000c001c63b                Vm::getOffset(unsigned int)
                0x00000000c001c640                Vm::loadFileAsThread(Process*, char const*, unsigned short, unsigned short, unsigned short, unsigned short)
                0x00000000c001c76f                Vm::doISR(regs*, int, unsigned char*, unsigned short, unsigned short)
                0x00000000c001c7f9                Vm::readByteFromReal(unsigned short, unsigned short)
                0x00000000c001c80a                Vm::readWordFromReal(unsigned short, unsigned short)
                0x00000000c001c81c                Vm::readDwordFromReal(unsigned short, unsigned short)
                0x00000000c001c82d                Vm::writeByteFromReal(unsigned short, unsigned short, unsigned char)
                0x00000000c001c842                Vm::writeWordFromReal(unsigned short, unsigned short, unsigned short)
                0x00000000c001c858                Vm::writeDwordFromReal(unsigned short, unsigned short, unsigned int)
                0x00000000c001c86d                Vm::faultHandler(regs*)
 .text          0x00000000c001cea7      0xefd vm86/x87em.32
                0x00000000c001cea7                Vm::fpuInternalTo32(unsigned long long)
                0x00000000c001cf02                Vm::fpuInternalTo64(unsigned long long)
                0x00000000c001cf0b                Vm::fpu32ToInternal(unsigned int)
                0x00000000c001cf50                Vm::fpu64ToInternal(unsigned long long)
                0x00000000c001cf59                Vm::fpuFloatToLong(unsigned long long)
                0x00000000c001cfb4                Vm::fpuULongToFloat(unsigned long long)
                0x00000000c001cfea                Vm::fpuLongToFloat(long long)
                0x00000000c001d040                Vm::fpuGet0()
                0x00000000c001d045                Vm::fpuGet1()
                0x00000000c001d04d                Vm::fpuGetPi()
                0x00000000c001d055                Vm::fpuGetLog2E()
                0x00000000c001d06d                Vm::fpuGetLogE2()
                0x00000000c001d085                Vm::fpuGetLog210()
                0x00000000c001d09d                Vm::fpuGetLog102()
                0x00000000c001d0b5                Vm::fpuIsSecondLarger(unsigned long long, unsigned long long)
                0x00000000c001d0c9                Vm::fpuAreEqual(unsigned long long, unsigned long long)
                0x00000000c001d0df                Vm::fpuUnorderedCompare(unsigned long long, unsigned long long)
                0x00000000c001d132                Vm::fpuAdd(unsigned long long, unsigned long long)
                0x00000000c001d143                Vm::fpuAbs(unsigned long long)
                0x00000000c001d14c                Vm::fpuChs(unsigned long long)
                0x00000000c001d15c                Vm::fpuSub(unsigned long long, unsigned long long)
                0x00000000c001d16b                Vm::fpuMultiply(unsigned long long, unsigned long long)
                0x00000000c001d18a                Vm::fpuDivide(unsigned long long, unsigned long long)
                0x00000000c001d1a6                Vm::fpuSquare(unsigned long long)
                0x00000000c001d1bc                Vm::fpuGetReg(int)
                0x00000000c001d1ff                Vm::fpuSetReg(int, unsigned long long)
                0x00000000c001d24a                Vm::fpuPush(unsigned long long)
                0x00000000c001d2a7                Vm::fpuPop()
                0x00000000c001d2f9                Vm::x87Handler(regs*)
 .text          0x00000000c001dda4     0x10ed fs/fat/vfslink.32
                0x00000000c001dda4                FAT::getName()
                0x00000000c001ddaa                FAT::tell(void*, unsigned long long*)
                0x00000000c001ddde                FAT::stat(void*, unsigned long long*)
                0x00000000c001de12                FAT::~FAT()
                0x00000000c001de12                FAT::~FAT()
                0x00000000c001de36                FAT::~FAT()
                0x00000000c001de5e                FAT::getlabel(LogicalDisk*, int, char*, unsigned int*)
                0x00000000c001defc                FAT::setlabel(LogicalDisk*, int, char*)
                0x00000000c001dfb6                FAT::format(LogicalDisk*, int, char const*, int)
                0x00000000c001e19a                FAT::tryMount(LogicalDisk*, int)
                0x00000000c001e3a0                FAT::readDir(void*, unsigned long, void*, int*)
                0x00000000c001e4a6                FAT::read(void*, unsigned long, void*, int*)
                0x00000000c001e500                FAT::write(void*, unsigned long, void*, int*)
                0x00000000c001e55a                FAT::close(void*)
                0x00000000c001e5a6                FAT::closeDir(void*)
                0x00000000c001e5f2                FAT::seek(void*, unsigned long long)
                0x00000000c001e646                fatWrapperReadDisk
                0x00000000c001e68d                fatWrapperWriteDisk
                0x00000000c001e6d4                fatWrapperIoctl
                0x00000000c001e7d8                FAT::FAT()
                0x00000000c001e7d8                FAT::FAT()
                0x00000000c001e82a                FAT::fixFilepath(char*)
                0x00000000c001e862                FAT::open(char const*, void**, FileOpenMode)
                0x00000000c001e98a                FAT::openDir(char const*, void**)
                0x00000000c001ea30                FAT::stat(char const*, unsigned long long*, bool*)
                0x00000000c001eb1a                FAT::unlink(char const*)
                0x00000000c001eb94                FAT::chfatattr(char const*, unsigned char, unsigned char)
                0x00000000c001ece8                FAT::rename(char const*, char const*)
                0x00000000c001edac                FAT::mkdir(char const*)
                0x00000000c001ee26                FAT::exists(char const*)
 *fill*         0x00000000c001ee91        0x1 
 .text          0x00000000c001ee92      0xbdf fs/iso9660/vfslink.32
                0x00000000c001ee92                ISO9660::format(LogicalDisk*, int, char const*, int)
                0x00000000c001ee98                ISO9660::seek(void*, unsigned long long)
                0x00000000c001eec8                ISO9660::tell(void*, unsigned long long*)
                0x00000000c001eeec                ISO9660::getName()
                0x00000000c001eef2                ISO9660::stat(void*, unsigned long long*)
                0x00000000c001ef16                ISO9660::chfatattr(char const*, unsigned char, unsigned char)
                0x00000000c001ef1c                ISO9660::unlink(char const*)
                0x00000000c001ef22                ISO9660::write(void*, unsigned long, void*, int*)
                0x00000000c001ef28                ISO9660::rename(char const*, char const*)
                0x00000000c001ef2e                ISO9660::mkdir(char const*)
                0x00000000c001ef34                ISO9660::close(void*)
                0x00000000c001ef56                ISO9660::closeDir(void*)
                0x00000000c001ef78                ISO9660::~ISO9660()
                0x00000000c001ef78                ISO9660::~ISO9660()
                0x00000000c001ef9c                ISO9660::~ISO9660()
                0x00000000c001efc3                __memmem(unsigned char*, int, unsigned char*, int)
                0x00000000c001f005                readSectorFromCDROM(unsigned int, unsigned char*, char)
                0x00000000c001f06c                ISO9660::tryMount(LogicalDisk*, int)
                0x00000000c001f0bc                ISO9660::read(void*, unsigned long, void*, int*)
                0x00000000c001f300                ISO9660::readDir(void*, unsigned long, void*, int*)
                0x00000000c001f58d                readRoot(unsigned int*, unsigned int*, char)
                0x00000000c001f5e2                readRecursively(char*, unsigned int, unsigned int, unsigned int*, unsigned int*, char, int*)
                0x00000000c001f7b5                getFileData(char*, unsigned int*, unsigned int*, char, int*)
                0x00000000c001f844                ISO9660::open(char const*, void**, FileOpenMode)
                0x00000000c001f8de                ISO9660::exists(char const*)
                0x00000000c001f902                ISO9660::stat(char const*, unsigned long long*, bool*)
                0x00000000c001f996                ISO9660::openDir(char const*, void**)
                0x00000000c001fa4e                ISO9660::ISO9660()
                0x00000000c001fa4e                ISO9660::ISO9660()
 *fill*         0x00000000c001fa71        0x1 
 .text          0x00000000c001fa72      0x326 hal/sound/sndchannel.32
                0x00000000c001fa72                SoundChannel::~SoundChannel()
                0x00000000c001fa72                SoundChannel::~SoundChannel()
                0x00000000c001fa8e                SoundChannel::setSpeed(float)
                0x00000000c001fa9a                SoundChannel::getSpeed()
                0x00000000c001faa2                SoundChannel::setVolume(int)
                0x00000000c001fabe                SoundChannel::getVolume()
                0x00000000c001fac6                SoundChannel::pause()
                0x00000000c001fad0                SoundChannel::SoundChannel(int, int, int, int)
                0x00000000c001fad0                SoundChannel::SoundChannel(int, int, int, int)
                0x00000000c001fc26                SoundChannel::play()
                0x00000000c001fc30                SoundChannel::paused()
                0x00000000c001fc38                SoundChannel::getSampleRate()
                0x00000000c001fc40                SoundChannel::getBits()
                0x00000000c001fc48                SoundChannel::getBufferUsed()
                0x00000000c001fc50                SoundChannel::getBufferSize()
                0x00000000c001fc58                SoundChannel::unbuffer(float*, int, int)
                0x00000000c001fcf8                SoundChannel::buffer8(unsigned char*, int)
 .text          0x00000000c001fd98      0x3d5 hal/sound/sndhw.32
                0x00000000c001fd98                SoundDevice::SoundDevice(char const*)
                0x00000000c001fd98                SoundDevice::SoundDevice(char const*)
                0x00000000c001fe04                SoundDevice::~SoundDevice()
                0x00000000c001fe04                SoundDevice::~SoundDevice()
                0x00000000c001fe7e                SoundDevice::~SoundDevice()
                0x00000000c001fea8                SoundDevice::getFreeChannelNum()
                0x00000000c001fec2                SoundDevice::addChannel(SoundChannel*)
                0x00000000c001ff32                SoundDevice::removeChannel(int)
                0x00000000c001ff64                SoundDevice::floatTo8(float*, unsigned char*, int)
                0x00000000c002004c                SoundDevice::getAudio(int, float*, float*)
 .text          0x00000000c002016d        0x0 hw/bus/isa.32
 *fill*         0x00000000c002016d        0x1 
 .text          0x00000000c002016e      0x6c1 hw/bus/pci.32
                0x00000000c002016e                PCI::open(int, int, void*)
                0x00000000c0020182                PCI::close(int, int, void*)
                0x00000000c0020186                PCI::PCI()
                0x00000000c0020186                PCI::PCI()
                0x00000000c0020206                PCI::pciReadWord(unsigned char, unsigned char, unsigned char, unsigned char)
                0x00000000c002024e                PCI::getVendorID(unsigned char, unsigned char, unsigned char)
                0x00000000c0020270                PCI::getHeaderType(unsigned char, unsigned char, unsigned char)
                0x00000000c0020294                PCI::getClassCode(unsigned char, unsigned char, unsigned char)
                0x00000000c00202d8                PCI::getProgIF(unsigned char, unsigned char, unsigned char)
                0x00000000c00202fc                PCI::getRevisionID(unsigned char, unsigned char, unsigned char)
                0x00000000c002031e                PCI::getInterruptNumber(unsigned char, unsigned char, unsigned char)
                0x00000000c0020340                PCI::getSecondaryBus(unsigned char, unsigned char, unsigned char)
                0x00000000c0020364                PCI::getBARAddress(unsigned char, unsigned char, unsigned char, unsigned char)
                0x00000000c00203c4                PCI::pciWriteWord(unsigned char, unsigned char, unsigned char, unsigned char, unsigned short)
                0x00000000c0020430                PCI::checkBus(unsigned char)
                0x00000000c0020454                PCI::foundDevice(PCIDeviceInfo)
                0x00000000c00205c4                PCI::getDeviceData(unsigned char, unsigned char, unsigned char)
                0x00000000c0020770                PCI::checkDevice(unsigned char, unsigned char)
                0x00000000c00207dc                PCI::detect()
 *fill*         0x00000000c002082f        0x1 
 .text          0x00000000c0020830      0xc70 hw/diskctrl/ide.32
                0x00000000c0020830                IDE::close(int, int, void*)
                0x00000000c0020834                IDE::IDE()
                0x00000000c0020834                IDE::IDE()
                0x00000000c0020868                IDE::prepareInterrupt(unsigned char)
                0x00000000c002087a                selectDrive(unsigned char, unsigned char)
                0x00000000c002087c                IDE::getBase(unsigned char)
                0x00000000c002088e                IDE::write(unsigned char, unsigned char, unsigned char)
                0x00000000c002094e                IDE::read(unsigned char, unsigned char)
                0x00000000c00209fc                IDE::waitInterrupt(unsigned char)
                0x00000000c0020a62                ideChannel0IRQHandler(regs*, void*)
                0x00000000c0020a7e                ideChannel1IRQHandler(regs*, void*)
                0x00000000c0020a9a                IDE::enableIRQs(unsigned char, bool)
                0x00000000c0020ae0                IDE::open(int, int, void*)
                0x00000000c0020ef0                IDE::readBuffer(unsigned char, unsigned char, unsigned int, unsigned int)
                0x00000000c0020fbc                IDE::detect()
                0x00000000c00212a4                IDE::printError(unsigned char, unsigned char, unsigned char)
                0x00000000c002143a                IDE::polling(unsigned char, unsigned int)
 .text          0x00000000c00214a0      0x62b hw/diskphys/ata.32
                0x00000000c00214a0                ATA::close(int, int, void*)
                0x00000000c00214c4                ATA::powerSaving(PowerSavingLevel)
                0x00000000c00214c6                ATA::ATA()
                0x00000000c00214c6                ATA::ATA()
                0x00000000c00214f4                ATA::flush(bool)
                0x00000000c002153e                ATA::readyForCommand()
                0x00000000c002158e                ATA::access(unsigned long long, int, void*, bool)
                0x00000000c002190c                ATA::read(unsigned long long, int, void*)
                0x00000000c0021974                ATA::write(unsigned long long, int, void*)
                0x00000000c00219dc                ATA::detectCHS()
                0x00000000c0021a06                ATA::open(int, int, void*)
 *fill*         0x00000000c0021acb        0x1 
 .text          0x00000000c0021acc      0x5b3 hw/diskphys/atapi.32
                0x00000000c0021acc                ATAPI::write(unsigned long long, int, void*)
                0x00000000c0021ad2                ATAPI::close(int, int, void*)
                0x00000000c0021af6                ATAPI::ATAPI()
                0x00000000c0021af6                ATAPI::ATAPI()
                0x00000000c0021b24                ATAPI::readyForCommand()
                0x00000000c0021b74                ATAPI::sendPacket(unsigned char*, int, bool, unsigned short*, int)
                0x00000000c0021e34                ATAPI::diskRemoved()
                0x00000000c0021e50                ATAPI::eject()
                0x00000000c0021e96                ATAPI::diskInserted()
                0x00000000c0021ec4                ATAPI::detectMedia()
                0x00000000c0021f80                ATAPI::open(int, int, void*)
                0x00000000c0022000                ATAPI::read(unsigned long long, int, void*)
 *fill*         0x00000000c002207f        0x1 
 .text          0x00000000c0022080       0x8e hw/fpu/avx.32
                0x00000000c0022080                AVX::open(int, int, void*)
                0x00000000c0022092                AVX::close(int, int, void*)
                0x00000000c00220a4                AVX::available()
                0x00000000c00220b6                AVX::save(void*)
                0x00000000c00220ce                AVX::load(void*)
                0x00000000c00220e6                AVX::AVX()
                0x00000000c00220e6                AVX::AVX()
 .text          0x00000000c002210e       0x90 hw/fpu/mmx.32
                0x00000000c002210e                MMX::available()
                0x00000000c0022122                MMX::open(int, int, void*)
                0x00000000c0022134                MMX::close(int, int, void*)
                0x00000000c0022146                MMX::save(void*)
                0x00000000c002215e                MMX::load(void*)
                0x00000000c0022176                MMX::MMX()
                0x00000000c0022176                MMX::MMX()
 .text          0x00000000c002219e       0x96 hw/fpu/sse.32
                0x00000000c002219e                SSE::open(int, int, void*)
                0x00000000c00221b0                SSE::close(int, int, void*)
                0x00000000c00221c2                SSE::available()
                0x00000000c00221dc                SSE::save(void*)
                0x00000000c00221f4                SSE::load(void*)
                0x00000000c002220c                SSE::SSE()
                0x00000000c002220c                SSE::SSE()
 .text          0x00000000c0022234       0x8e hw/fpu/x87.32
                0x00000000c0022234                x87::open(int, int, void*)
                0x00000000c0022246                x87::close(int, int, void*)
                0x00000000c0022258                x87::available()
                0x00000000c002226a                x87::save(void*)
                0x00000000c0022282                x87::load(void*)
                0x00000000c002229a                x87::x87()
                0x00000000c002229a                x87::x87()
 .text          0x00000000c00222c2      0x712 hw/intctrl/apic.32
                0x00000000c00222c2                APIC::disable()
                0x00000000c00222c4                APIC::close(int, int, void*)
                0x00000000c00222e6                IOAPIC::close(int, int, void*)
                0x00000000c00222ec                APIC::io_wait()
                0x00000000c00222f2                APIC::getBase()
                0x00000000c0022334                APIC::eoi(unsigned char)
                0x00000000c0022362                APIC::open(int, int, void*)
                0x00000000c00224b0                IOAPIC::IOAPIC()
                0x00000000c00224b0                IOAPIC::IOAPIC()
                0x00000000c00224d8                APIC::APIC()
                0x00000000c00224d8                APIC::APIC()
                0x00000000c00225a8                IOAPIC::handlesGSIWithNumber(unsigned int)
                0x00000000c00225da                IOAPIC::read(int)
                0x00000000c0022602                IOAPIC::open(int, int, void*)
                0x00000000c00226f8                IOAPIC::write(int, int)
                0x00000000c0022724                IOAPIC::redirect(unsigned char, unsigned long long, unsigned char, bool, bool)
                0x00000000c002281e                APIC::installIRQHandler(int, void (*)(regs*, void*), bool, void*)
 .text          0x00000000c00229d4      0x3d3 hw/intctrl/pic.32
                0x00000000c00229d4                PIC::disable()
                0x00000000c0022a02                PIC::close(int, int, void*)
                0x00000000c0022a24                PIC::PIC()
                0x00000000c0022a24                PIC::PIC()
                0x00000000c0022afa                PIC::ioWait()
                0x00000000c0022b00                PIC::getIRQReg(int)
                0x00000000c0022b6a                PIC::eoi(unsigned char)
                0x00000000c0022bfc                PIC::remap()
                0x00000000c0022d68                PIC::open(int, int, void*)
 *fill*         0x00000000c0022da7        0x1 
 .text          0x00000000c0022da8      0x252 hw/timer/apictimer.32
                0x00000000c0022da8                APICTimer::close(int, int, void*)
                0x00000000c0022dae                apicTimerHandler(regs*, void*)
                0x00000000c0022ddc                APICTimer::open(int, int, void*)
                0x00000000c0022ed4                APICTimer::write(int)
                0x00000000c0022fd2                APICTimer::APICTimer()
                0x00000000c0022fd2                APICTimer::APICTimer()
 .text          0x00000000c0022ffa      0x1a7 hw/timer/pit.32
                0x00000000c0022ffa                PIT::write(int)
                0x00000000c0023078                pitHandler(regs*, void*)
                0x00000000c00230a4                PIT::open(int, int, void*)
                0x00000000c00230f2                PIT::close(int, int, void*)
                0x00000000c0023122                PIT::PIT()
                0x00000000c0023122                PIT::PIT()
 *fill*         0x00000000c00231a1        0xf 
 .text          0x00000000c00231b0        0xa hw/fpu/x86/avx.32
                0x00000000c00231b0                avxDetect
                0x00000000c00231b6                avxSave
                0x00000000c00231b7                avxLoad
                0x00000000c00231b8                avxInit
                0x00000000c00231b9                avxClose
 *fill*         0x00000000c00231ba        0x6 
 .text          0x00000000c00231c0       0x38 hw/fpu/x86/sse.32
                0x00000000c00231c0                sseDetect
                0x00000000c00231db                sseSave
                0x00000000c00231e1                sseLoad
                0x00000000c00231e7                sseInit
                0x00000000c00231f7                sseClose
 *fill*         0x00000000c00231f8        0x8 
 .text          0x00000000c0023200       0x47 hw/fpu/x86/x87.32
                0x00000000c0023206                x87Detect
                0x00000000c0023221                x87Save
                0x00000000c0023227                x87Load
                0x00000000c002322c                x87Init
                0x00000000c0023246                x87Close
 *fill*         0x00000000c0023247        0x1 
 .text          0x00000000c0023248       0x25 /cygdrive/d/Users/Alex/Desktop/Toolchain/Output/bin/../lib/gcc/i386-banana/8.1.0/crtend.o
 .text          0x00000000c002326d        0x0 crtn.32
 *fill*         0x00000000c002326d        0x3 
 .text          0x00000000c0023270      0x14b /cygdrive/d/Users/Alex/Desktop/Toolchain/Output/bin/../lib/gcc/i386-banana/8.1.0/libkgcc.a(_divdi3.o)
                0x00000000c0023270                __divdi3
 *fill*         0x00000000c00233bb        0x1 
 .text          0x00000000c00233bc      0x17e /cygdrive/d/Users/Alex/Desktop/Toolchain/Output/bin/../lib/gcc/i386-banana/8.1.0/libkgcc.a(_moddi3.o)
                0x00000000c00233bc                __moddi3
 *fill*         0x00000000c002353a        0x2 
 .text          0x00000000c002353c       0xff /cygdrive/d/Users/Alex/Desktop/Toolchain/Output/bin/../lib/gcc/i386-banana/8.1.0/libkgcc.a(_udivdi3.o)
                0x00000000c002353c                __udivdi3
 *fill*         0x00000000c002363b        0x1 
 .text          0x00000000c002363c      0x11a /cygdrive/d/Users/Alex/Desktop/Toolchain/Output/bin/../lib/gcc/i386-banana/8.1.0/libkgcc.a(_umoddi3.o)
                0x00000000c002363c                __umoddi3
 .text          0x00000000c0023756      0x96d D:/Users/Alex/Desktop/Banana/kernel/libsoftfp.a(sfieeelib.o)
                0x00000000c0023756                __addsf3
                0x00000000c0023a58                __subsf3
                0x00000000c0023a6c                __negsf2
                0x00000000c0023a79                __mulsf3
                0x00000000c0023c3c                __divsf3
                0x00000000c0023e67                __floatsisf
                0x00000000c0023edb                __floatunsisf
                0x00000000c0023f1d                __fixsfsi
                0x00000000c0023f7f                __fixunssfsi
                0x00000000c0023fb0                __cmpsf2
                0x00000000c0024045                __eqsf2
                0x00000000c0024080                __nesf2
                0x00000000c0024082                __gtsf2
                0x00000000c00240bd                __gesf2
                0x00000000c00240bf                __ltsf2
                0x00000000c00240c1                __lesf2
 .text          0x00000000c00240c3      0xf50 D:/Users/Alex/Desktop/Banana/kernel/libsoftfp.a(dfieeelib.o)
                0x00000000c00240c3                __adddf3
                0x00000000c0024714                __subdf3
                0x00000000c002472f                __negdf2
                0x00000000c0024740                __muldf3
                0x00000000c0024a24                __divdf3
                0x00000000c0024da3                __floatsidf
                0x00000000c0024dfe                __floatunsidf
                0x00000000c0024e3c                __fixdfsi
                0x00000000c0024ea9                __fixunsdfsi
                0x00000000c0024ee5                __cmpdf2
                0x00000000c0024fd3                __eqdf2
                0x00000000c0024fef                __nedf2
                0x00000000c0024ff1                __gtdf2
                0x00000000c002500d                __gedf2
                0x00000000c002500f                __ltdf2
                0x00000000c0025011                __ledf2
 .text          0x00000000c0025013      0x18d D:/Users/Alex/Desktop/Banana/kernel/libsoftfp.a(sfdfcvt.o)
                0x00000000c0025013                __truncdfsf2
                0x00000000c0025137                __extendsfdf2
 .text          0x00000000c00251a0       0x1e D:/Users/Alex/Desktop/Banana/kernel/libk/libm32.a(s_fabs.c.o)
                0x00000000c00251a0                fabs
 *fill*         0x00000000c00251be        0x2 
 .text          0x00000000c00251c0        0xc D:/Users/Alex/Desktop/Banana/kernel/libk/libm32.a(s_lrint.S.o)
                0x00000000c00251c0                lrint
 .text          0x00000000c00251cc        0xc D:/Users/Alex/Desktop/Banana/kernel/libk/libm32.a(s_lrintf.S.o)
                0x00000000c00251cc                lrintf
 *(.gnu.linkonce.t*)

.iplt           0x00000000c00251d8        0x0
 .iplt          0x00000000c00251d8        0x0 D:/Users/Alex/Desktop/Banana/kernel/boot.32

.init           0x00000000c00251d8        0xf
 .init          0x00000000c00251d8        0x3 crti.32
                0x00000000c00251d8                _init
 .init          0x00000000c00251db        0x5 /cygdrive/d/Users/Alex/Desktop/Toolchain/Output/bin/../lib/gcc/i386-banana/8.1.0/crtbegin.o
 .init          0x00000000c00251e0        0x5 /cygdrive/d/Users/Alex/Desktop/Toolchain/Output/bin/../lib/gcc/i386-banana/8.1.0/crtend.o
 .init          0x00000000c00251e5        0x2 crtn.32

.fini           0x00000000c00251e7        0xa
 .fini          0x00000000c00251e7        0x3 crti.32
                0x00000000c00251e7                _fini
 .fini          0x00000000c00251ea        0x5 /cygdrive/d/Users/Alex/Desktop/Toolchain/Output/bin/../lib/gcc/i386-banana/8.1.0/crtbegin.o
 .fini          0x00000000c00251ef        0x2 crtn.32

.text._ZN8ComputerD2Ev
                0x00000000c00251f2       0x23
 .text._ZN8ComputerD2Ev
                0x00000000c00251f2       0x23 core/computer.32
                0x00000000c00251f2                Computer::~Computer()
                0x00000000c00251f2                Computer::~Computer()

.text._ZN8ComputerD0Ev
                0x00000000c0025216       0x2a
 .text._ZN8ComputerD0Ev
                0x00000000c0025216       0x2a core/computer.32
                0x00000000c0025216                Computer::~Computer()

.text._ZN3CPU7currentEv
                0x00000000c0025240        0xc
 .text._ZN3CPU7currentEv
                0x00000000c0025240        0xc core/idle.32
                0x00000000c0025240                CPU::current()

.text._Z10idleCommonv
                0x00000000c002524c       0x15
 .text._Z10idleCommonv
                0x00000000c002524c       0x15 core/idle.32
                0x00000000c002524c                idleCommon()

.text._ZN3CPU7readCR3Ev
                0x00000000c0025261       0x12
 .text._ZN3CPU7readCR3Ev
                0x00000000c0025261       0x12 core/kheap.32
                0x00000000c0025261                CPU::readCR3()

.text._ZN3CPU8writeCR3Em
                0x00000000c0025273        0x9
 .text._ZN3CPU8writeCR3Em
                0x00000000c0025273        0x9 core/kheap.32
                0x00000000c0025273                CPU::writeCR3(unsigned long)

.text._ZN10LinkedListI8UnixFileED2Ev
                0x00000000c002527c        0x2
 .text._ZN10LinkedListI8UnixFileED2Ev
                0x00000000c002527c        0x2 core/unixfile.32
                0x00000000c002527c                LinkedList<UnixFile>::~LinkedList()
                0x00000000c002527c                LinkedList<UnixFile>::~LinkedList()

.text._ZN10LinkedListI8UnixFileEC2Ev
                0x00000000c002527e       0x58
 .text._ZN10LinkedListI8UnixFileEC2Ev
                0x00000000c002527e       0x58 core/unixfile.32
                0x00000000c002527e                LinkedList<UnixFile>::LinkedList()
                0x00000000c002527e                LinkedList<UnixFile>::LinkedList()

.text._ZN10LinkedListI8UnixFileE10addElementEPS0_
                0x00000000c00252d6       0xd3
 .text._ZN10LinkedListI8UnixFileE10addElementEPS0_
                0x00000000c00252d6       0xd3 core/unixfile.32
                0x00000000c00252d6                LinkedList<UnixFile>::addElement(UnixFile*)

.text._ZN10LinkedListI8UnixFileE15getFirstElementEv
                0x00000000c00253aa        0x7
 .text._ZN10LinkedListI8UnixFileE15getFirstElementEv
                0x00000000c00253aa        0x7 core/unixfile.32
                0x00000000c00253aa                LinkedList<UnixFile>::getFirstElement()

.text._ZN10LinkedListI8UnixFileE11removeFirstEv
                0x00000000c00253b2       0xa1
 .text._ZN10LinkedListI8UnixFileE11removeFirstEv
                0x00000000c00253b2       0xa1 core/unixfile.32
                0x00000000c00253b2                LinkedList<UnixFile>::removeFirst()

.text._ZN10LinkedListI8UnixFileE7getNextEPS0_
                0x00000000c0025454        0x8
 .text._ZN10LinkedListI8UnixFileE7getNextEPS0_
                0x00000000c0025454        0x8 core/unixfile.32
                0x00000000c0025454                LinkedList<UnixFile>::getNext(UnixFile*)

.text._ZN16DriverlessDeviceD2Ev
                0x00000000c002545c       0x1a
 .text._ZN16DriverlessDeviceD2Ev
                0x00000000c002545c       0x1a hal/device.32
                0x00000000c002545c                DriverlessDevice::~DriverlessDevice()
                0x00000000c002545c                DriverlessDevice::~DriverlessDevice()

.text._ZN16DriverlessDeviceD0Ev
                0x00000000c0025476       0x2a
 .text._ZN16DriverlessDeviceD0Ev
                0x00000000c0025476       0x2a hal/device.32
                0x00000000c0025476                DriverlessDevice::~DriverlessDevice()

.text._ZN10LinkedListI6DeviceE10addElementEPS0_
                0x00000000c00254a0       0xdc
 .text._ZN10LinkedListI6DeviceE10addElementEPS0_
                0x00000000c00254a0       0xdc hal/device.32
                0x00000000c00254a0                LinkedList<Device>::addElement(Device*)

.text._ZN10LinkedListI6DeviceEC2Ev
                0x00000000c002557c       0x58
 .text._ZN10LinkedListI6DeviceEC2Ev
                0x00000000c002557c       0x58 hal/device.32
                0x00000000c002557c                LinkedList<Device>::LinkedList()
                0x00000000c002557c                LinkedList<Device>::LinkedList()

.text._ZN3CPU7readCR0Ev
                0x00000000c00255d4       0x12
 .text._ZN3CPU7readCR0Ev
                0x00000000c00255d4       0x12 hal/fpu.32
                0x00000000c00255d4                CPU::readCR0()

.text._ZN3CPU8writeCR0Em
                0x00000000c00255e6        0x9
 .text._ZN3CPU8writeCR0Em
                0x00000000c00255e6        0x9 hal/fpu.32
                0x00000000c00255e6                CPU::writeCR0(unsigned long)

.text._ZN3CPU7readDR0Ev
                0x00000000c00255ef       0x12
 .text._ZN3CPU7readDR0Ev
                0x00000000c00255ef       0x12 hal/intctrl.32
                0x00000000c00255ef                CPU::readDR0()

.text._ZN3CPU7readDR1Ev
                0x00000000c0025601       0x12
 .text._ZN3CPU7readDR1Ev
                0x00000000c0025601       0x12 hal/intctrl.32
                0x00000000c0025601                CPU::readDR1()

.text._ZN3CPU7readDR2Ev
                0x00000000c0025613       0x12
 .text._ZN3CPU7readDR2Ev
                0x00000000c0025613       0x12 hal/intctrl.32
                0x00000000c0025613                CPU::readDR2()

.text._ZN3CPU7readDR3Ev
                0x00000000c0025625       0x12
 .text._ZN3CPU7readDR3Ev
                0x00000000c0025625       0x12 hal/intctrl.32
                0x00000000c0025625                CPU::readDR3()

.text._ZN3CPU7readDR6Ev
                0x00000000c0025637       0x12
 .text._ZN3CPU7readDR6Ev
                0x00000000c0025637       0x12 hal/intctrl.32
                0x00000000c0025637                CPU::readDR6()

.text._ZN3CPU7readDR7Ev
                0x00000000c0025649       0x12
 .text._ZN3CPU7readDR7Ev
                0x00000000c0025649       0x12 hal/intctrl.32
                0x00000000c0025649                CPU::readDR7()

.text._ZN3CPU9getNumberEv