Archive member included to satisfy reference by file (symbol)

/cygdrive/d/Users/Alex/Desktop/Toolchain/Output/bin/../lib/gcc/i386-banana/8.1.0/libkgcc.a(_divdi3.o)
                              fs/fat/ff.32 (__divdi3)
/cygdrive/d/Users/Alex/Desktop/Toolchain/Output/bin/../lib/gcc/i386-banana/8.1.0/libkgcc.a(_moddi3.o)
                              compat/resolve.32 (__moddi3)
/cygdrive/d/Users/Alex/Desktop/Toolchain/Output/bin/../lib/gcc/i386-banana/8.1.0/libkgcc.a(_udivdi3.o)
                              fs/fat/ff.32 (__udivdi3)
/cygdrive/d/Users/Alex/Desktop/Toolchain/Output/bin/../lib/gcc/i386-banana/8.1.0/libkgcc.a(_umoddi3.o)
                              compat/resolve.32 (__umoddi3)
D:/Users/Alex/Desktop/Banana/kernel/libsoftfp.a(sfieeelib.o)
                              hal/libresample/src_linear.32 (__subsf3)
D:/Users/Alex/Desktop/Banana/kernel/libsoftfp.a(dfieeelib.o)
                              hal/libresample/src_linear.32 (__adddf3)
D:/Users/Alex/Desktop/Banana/kernel/libsoftfp.a(sfdfcvt.o)
                              hal/libresample/samplerate.32 (__truncdfsf2)
D:/Users/Alex/Desktop/Banana/kernel/libk/libm32.a(s_fabs.c.o)
                              hal/libresample/samplerate.32 (fabs)
D:/Users/Alex/Desktop/Banana/kernel/libk/libm32.a(s_lrint.S.o)
                              hal/libresample/samplerate.32 (lrint)
D:/Users/Alex/Desktop/Banana/kernel/libk/libm32.a(s_lrintf.S.o)
                              hal/sound/sndhw.32 (lrintf)

Discarded input sections

 .comment       0x0000000000000000       0x12 /cygdrive/d/Users/Alex/Desktop/Toolchain/Output/bin/../lib/gcc/i386-banana/8.1.0/crtbegin.o
 .comment       0x0000000000000000       0x12 acpica/utclib.32
 .comment       0x0000000000000000       0x12 core/malloc.32
 .comment       0x0000000000000000       0x12 libk/string.32
 .comment       0x0000000000000000       0x12 fs/fat/diskio.32
 .comment       0x0000000000000000       0x12 fs/fat/ff.32
 .comment       0x0000000000000000       0x12 fs/fat/ffsystem.32
 .comment       0x0000000000000000       0x12 fs/fat/ffunicode.32
 .comment       0x0000000000000000       0x12 hal/libresample/samplerate.32
 .comment       0x0000000000000000       0x12 hal/libresample/src_linear.32
 .comment       0x0000000000000000       0x12 hal/libresample/src_sinc.32
 .comment       0x0000000000000000       0x12 hal/libresample/src_zoh.32
 .comment       0x0000000000000000       0x12 compat/inlines.32
 .comment       0x0000000000000000       0x12 compat/resolve.32
 .group         0x0000000000000000       0x14 core/computer.32
 .group         0x0000000000000000        0xc core/computer.32
 .comment       0x0000000000000000       0x12 core/computer.32
 .comment       0x0000000000000000       0x12 core/gdt.32
 .group         0x0000000000000000        0xc core/idle.32
 .comment       0x0000000000000000       0x12 core/idle.32
 .comment       0x0000000000000000       0x12 core/idt.32
 .comment       0x0000000000000000       0x12 core/kheap.32
 .comment       0x0000000000000000       0x12 core/main.32
 .comment       0x0000000000000000       0x12 core/physmgr.32
 .group         0x0000000000000000        0xc core/pipe.32
 .comment       0x0000000000000000       0x12 core/pipe.32
 .group         0x0000000000000000        0xc core/terminal.32
 .comment       0x0000000000000000       0x12 core/terminal.32
 .comment       0x0000000000000000       0x12 core/tss.32
 .group         0x0000000000000000        0x8 core/unixfile.32
 .group         0x0000000000000000        0x8 core/unixfile.32
 .group         0x0000000000000000        0xc core/unixfile.32
 .group         0x0000000000000000        0x8 core/unixfile.32
 .group         0x0000000000000000        0xc core/unixfile.32
 .group         0x0000000000000000        0x8 core/unixfile.32
 .group         0x0000000000000000        0xc core/unixfile.32
 .group         0x0000000000000000        0xc core/unixfile.32
 .comment       0x0000000000000000       0x12 core/unixfile.32
 .comment       0x0000000000000000       0x12 core/virtmgr.32
 .comment       0x0000000000000000       0x12 coreobjs/c++.32
 .comment       0x0000000000000000       0x12 dbg/kconsole.32
 .group         0x0000000000000000        0xc fs/vfs.32
 .group         0x0000000000000000        0xc fs/vfs.32
 .group         0x0000000000000000        0xc fs/vfs.32
 .comment       0x0000000000000000       0x12 fs/vfs.32
 .group         0x0000000000000000        0xc hal/bus.32
 .comment       0x0000000000000000       0x12 hal/bus.32
 .group         0x0000000000000000        0xc hal/buzzer.32
 .comment       0x0000000000000000       0x12 hal/buzzer.32
 .group         0x0000000000000000        0xc hal/clock.32
 .comment       0x0000000000000000       0x12 hal/clock.32
 .group         0x0000000000000000       0x14 hal/device.32
 .group         0x0000000000000000        0xc hal/device.32
 .group         0x0000000000000000        0x8 hal/device.32
 .group         0x0000000000000000        0xc hal/device.32
[...]
Memory Configuration

Name             Origin             Length             Attributes
*default*        0x0000000000000000 0xffffffffffffffff

Linker script and memory map

LOAD D:/Users/Alex/Desktop/Banana/kernel/boot.32
LOAD crti.32
LOAD /cygdrive/d/Users/Alex/Desktop/Toolchain/Output/bin/../lib/gcc/i386-banana/8.1.0/crtbegin.o
LOAD D:/Users/Alex/Desktop/Banana/kernel/morenasm.32
LOAD acpica/utclib.32
LOAD core/malloc.32
LOAD libk/string.32
LOAD fs/fat/diskio.32
LOAD fs/fat/ff.32
LOAD fs/fat/ffsystem.32
LOAD fs/fat/ffunicode.32
LOAD hal/libresample/samplerate.32
LOAD hal/libresample/src_linear.32
LOAD hal/libresample/src_sinc.32
LOAD hal/libresample/src_zoh.32
LOAD compat/inlines.32
LOAD compat/resolve.32
LOAD core/computer.32
LOAD core/gdt.32
LOAD core/idle.32
LOAD core/idt.32
LOAD core/kheap.32
LOAD core/main.32
LOAD core/physmgr.32
LOAD core/pipe.32
LOAD core/terminal.32
LOAD core/tss.32
LOAD core/unixfile.32
LOAD core/virtmgr.32
LOAD coreobjs/c++.32
LOAD dbg/kconsole.32
LOAD fs/vfs.32
LOAD hal/bus.32
LOAD hal/buzzer.32
LOAD hal/clock.32
LOAD hal/device.32
LOAD hal/diskctrl.32
LOAD hal/diskphys.32
LOAD hal/fpu.32
LOAD hal/intctrl.32
LOAD hal/keybrd.32
LOAD hal/logidisk.32
LOAD hal/mouse.32
LOAD hal/partition.32
LOAD hal/serial.32
LOAD hal/timer.32
LOAD hal/vcache.32
LOAD hal/video.32
LOAD hw/acpi.32
LOAD hw/cpu.32
LOAD hw/ports.32
LOAD hw/smp.32
LOAD krnl/env.32
LOAD krnl/panic.32
LOAD net/ethernet.32
LOAD reg/registry.32
LOAD sys/sc_eject.32
LOAD sys/sc_exit.32
LOAD sys/sc_getcwd.32
LOAD sys/sc_getpid.32
LOAD sys/sc_getramdata.32
LOAD sys/sc_getvgaptr.32
LOAD sys/sc_loaddll.32
LOAD sys/sc_read.32
LOAD sys/sc_sbrk.32
LOAD sys/sc_setcwd.32
LOAD sys/sc_settime.32
LOAD sys/sc_timezone.32
LOAD sys/sc_write.32
LOAD sys/sc_wsbe.32
LOAD sys/sc_yield.32
LOAD sys/syscalls.32
LOAD thr/elf.32
LOAD thr/prcssthr.32
LOAD vm86/vm8086.32
LOAD vm86/x87em.32
LOAD fs/fat/vfslink.32
LOAD fs/iso9660/vfslink.32
LOAD hal/sound/sndchannel.32
LOAD hal/sound/sndhw.32
LOAD hw/bus/isa.32
LOAD hw/bus/pci.32
LOAD hw/diskctrl/ide.32
LOAD hw/diskctrl/satabus.32
LOAD hw/diskphys/ata.32
LOAD hw/diskphys/atapi.32
LOAD hw/diskphys/sata.32
LOAD hw/diskphys/satapi.32
LOAD hw/fpu/avx.32
LOAD hw/fpu/mmx.32
LOAD hw/fpu/sse.32
LOAD hw/fpu/x87.32
LOAD hw/intctrl/apic.32
LOAD hw/intctrl/pic.32
LOAD hw/timer/apictimer.32
LOAD hw/timer/pit.32
LOAD hw/fpu/x86/avx.32
LOAD hw/fpu/x86/sse.32
LOAD hw/fpu/x86/x87.32
LOAD /cygdrive/d/Users/Alex/Desktop/Toolchain/Output/bin/../lib/gcc/i386-banana/8.1.0/crtend.o
LOAD crtn.32
LOAD /cygdrive/d/Users/Alex/Desktop/Toolchain/Output/bin/../lib/gcc/i386-banana/8.1.0/libkgcc.a
LOAD D:/Users/Alex/Desktop/Banana/kernel/libsoftfp.a
LOAD D:/Users/Alex/Desktop/Banana/kernel/libk/libm32.a
                0x00000000c0000000                . = 0xc0000000

.text           0x00000000c0000000    0x28448
 *(.text)
 .text          0x00000000c0000000       0x41 D:/Users/Alex/Desktop/Banana/kernel/boot.32
                0x00000000c0000020                callGlobalConstructors
 .text          0x00000000c0000041        0x0 crti.32
 *fill*         0x00000000c0000041        0x3 
 .text          0x00000000c0000044      0x101 /cygdrive/d/Users/Alex/Desktop/Toolchain/Output/bin/../lib/gcc/i386-banana/8.1.0/crtbegin.o
 *fill*         0x00000000c0000145        0xb 
 .text          0x00000000c0000150      0x4fb D:/Users/Alex/Desktop/Banana/kernel/morenasm.32
                0x00000000c0000150                manualPCIProbe
                0x00000000c000019b                prepareTramp
                0x00000000c00001b4                voodooXADD
                0x00000000c000027f                doTPAUSE
                0x00000000c0000289                hasLegacyFPU
                0x00000000c00002ae                is486
                0x00000000c00002e4                detectCPUID
                0x00000000c00002fa                goToVM86
                0x00000000c000032a                goToUsermode
                0x00000000c0000354                switchToThreadASMFirstTime
                0x00000000c0000362                switchToThreadASM
                0x00000000c00003f2                asmQuickAcquireLock
                0x00000000c0000410                asmQuickReleaseLock
                0x00000000c000041c                asmAcquireLock
                0x00000000c000043d                asmReleaseLock
                0x00000000c0000450                loadGDT
                0x00000000c0000470                isr0
                0x00000000c0000480                isr1
                0x00000000c000048a                isr2
                0x00000000c0000494                isr3
                0x00000000c000049e                isr4
                0x00000000c00004a8                isr5
                0x00000000c00004b2                isr6
                0x00000000c00004bc                isr7
                0x00000000c00004c6                isr8
                0x00000000c00004ce                isr9
                0x00000000c00004d8                isr10
                0x00000000c00004e0                isr11
                0x00000000c00004e8                isr12
                0x00000000c00004f0                isr13
                0x00000000c00004f8                isr14
                0x00000000c0000500                isr15
                0x00000000c000050a                isr16
                0x00000000c0000514                isr17
                0x00000000c000051e                isr18
                0x00000000c0000528                irq3
                0x00000000c0000532                irq4
                0x00000000c000053c                irq5
                0x00000000c0000546                irq6
                0x00000000c0000550                irq7
                0x00000000c000055a                irq8
                0x00000000c0000564                irq9
                0x00000000c000056e                irq10
                0x00000000c0000578                irq11
                0x00000000c0000582                irq12
                0x00000000c000058c                irq13
                0x00000000c0000596                irq14
                0x00000000c00005a0                irq15
                0x00000000c00005aa                irq1
                0x00000000c00005b1                irq2
                0x00000000c00005b8                isr96
                0x00000000c00005bf                irq0
                0x00000000c00005c4                syscall_common_stub
                0x00000000c00005c4                int_common_stub
                0x00000000c00005f6                irq16
                0x00000000c0000600                irq17
                0x00000000c000060a                irq18
                0x00000000c0000614                irq19
                0x00000000c000061e                irq20
                0x00000000c0000628                irq21
                0x00000000c0000632                irq22
                0x00000000c000063c                irq23
                0x00000000c0000646                memcpy
 *fill*         0x00000000c000064b        0x1 
 .text          0x00000000c000064c      0x5dd acpica/utclib.32
                0x00000000c000064c                memcmp
                0x00000000c0000688                memmove
                0x00000000c0000750                memset
                0x00000000c000076c                strlen
                0x00000000c0000784                strpbrk
                0x00000000c00007c0                strtok
                0x00000000c000080c                strcpy
                0x00000000c0000830                strncpy
                0x00000000c0000898                strcmp
                0x00000000c00008d8                strchr
                0x00000000c00008fc                strncmp
                0x00000000c000094c                strcat
                0x00000000c000097c                strncat
                0x00000000c00009b8                strstr
                0x00000000c0000a00                toupper
                0x00000000c0000a14                tolower
                0x00000000c0000a28                simple_strtoul
 .text          0x00000000c0000c29      0xfad core/malloc.32
                0x00000000c0000d94                dlfree
                0x00000000c00010ef                dlmalloc
                0x00000000c000162c                dlrealloc
                0x00000000c00017cf                dlmemalign
                0x00000000c00018f2                dlcalloc
                0x00000000c000198c                dlcfree
                0x00000000c0001991                dlindependent_calloc
                0x00000000c00019b6                dlindependent_comalloc
                0x00000000c00019cd                dlvalloc
                0x00000000c00019f8                dlpvalloc
                0x00000000c0001a2e                dlmalloc_trim
                0x00000000c0001a3b                dlmalloc_usable_size
                0x00000000c0001a6c                dlmallinfo
                0x00000000c0001b3b                dlmalloc_stats
                0x00000000c0001b4c                dlmallopt
 .text          0x00000000c0001bd6        0x0 libk/string.32
 .text          0x00000000c0001bd6       0x51 fs/fat/diskio.32
                0x00000000c0001bd6                disk_status
                0x00000000c0001bd9                disk_initialize
                0x00000000c0001bdc                disk_read
                0x00000000c0001bf2                disk_write
                0x00000000c0001c08                disk_ioctl
 .text          0x00000000c0001c27     0x6833 fs/fat/ff.32
                0x00000000c0004ef5                f_mount
                0x00000000c0004f57                f_open
                0x00000000c0005393                f_read
                0x00000000c0005613                f_write
                0x00000000c00058cd                f_sync
                0x00000000c0005aa9                f_close
                0x00000000c0005ad8                f_lseek
                0x00000000c0005f8f                f_opendir
                0x00000000c0006091                f_closedir
                0x00000000c00060b3                f_readdir
                0x00000000c000614e                f_stat
                0x00000000c00061dd                f_getfree
                0x00000000c00063a8                f_truncate
                0x00000000c00064a0                f_unlink
                0x00000000c0006623                f_mkdir
                0x00000000c000684f                f_rename
                0x00000000c0006b42                f_chmod
                0x00000000c0006c20                f_utime
                0x00000000c0006cfe                f_getlabel
                0x00000000c0006eec                f_setlabel
                0x00000000c0007159                f_forward
                0x00000000c0007337                f_mkfs
 .text          0x00000000c000845a       0x2d fs/fat/ffsystem.32
                0x00000000c000845a                ff_memalloc
                0x00000000c0008470                ff_memfree
 .text          0x00000000c0008487      0x253 fs/fat/ffunicode.32
                0x00000000c0008487                ff_uni2oem
                0x00000000c0008517                ff_oem2uni
                0x00000000c0008583                ff_wtoupper
 .text          0x00000000c00086da      0x8fb hal/libresample/samplerate.32
                0x00000000c000871e                src_delete
                0x00000000c000875a                src_process
                0x00000000c0008910                src_callback_read
                0x00000000c0008a8d                src_set_ratio
                0x00000000c0008af7                src_get_channels
                0x00000000c0008b19                src_reset
                0x00000000c0008b65                src_new
                0x00000000c0008bf3                src_callback_new
                0x00000000c0008c55                src_get_name
                0x00000000c0008c8c                src_get_description
                0x00000000c0008cc3                src_get_version
                0x00000000c0008cc9                src_is_valid_ratio
                0x00000000c0008d1d                src_error
                0x00000000c0008d2b                src_strerror
                0x00000000c0008d3e                src_simple
                0x00000000c0008d91                src_short_to_float_array
                0x00000000c0008df6                src_float_to_short_array
                0x00000000c0008eb5                src_int_to_float_array
                0x00000000c0008f18                src_float_to_int_array
 .text          0x00000000c0008fd5      0x8cb hal/libresample/src_linear.32
                0x00000000c00097fb                linear_get_name
                0x00000000c000980a                linear_get_description
                0x00000000c0009819                linear_set_converter
 .text          0x00000000c00098a0     0x447c hal/libresample/src_sinc.32
                0x00000000c000dc33                sinc_get_name
                0x00000000c000dc46                sinc_get_description
                0x00000000c000dc59                sinc_set_converter
 .text          0x00000000c000dd1c      0x77c hal/libresample/src_zoh.32
                0x00000000c000e3f3                zoh_get_name
                0x00000000c000e402                zoh_get_description
                0x00000000c000e411                zoh_set_converter
 .text          0x00000000c000e498       0xa7 compat/inlines.32
                0x00000000c000e498                CPU::current()
                0x00000000c000e4a4                operator new(unsigned long)
                0x00000000c000e4a9                operator delete(void*)
                0x00000000c000e4ae                disableIRQs()
                0x00000000c000e4b6                enableIRQs()
                0x00000000c000e4c5                lockScheduler()
                0x00000000c000e4cd                unlockScheduler()
                0x00000000c000e4dc                lockStuff()
                0x00000000c000e4ea                unlockStuff()
                0x00000000c000e524                Virt::getAKernelVAS()
                0x00000000c000e52a                __not_memcpy
 .text          0x00000000c000e53f      0x111 compat/resolve.32
                0x00000000c000e53f                Krnl::resolveCompatibilitySymbol(char*)
 .text          0x00000000c000e650      0x741 core/computer.32
                0x00000000c000e650                Computer::close(int, int, void*)
                0x00000000c000e694                Krnl::firstTask()
                0x00000000c000e7d6                Computer::Computer()
                0x00000000c000e7d6                Computer::Computer()
                0x00000000c000e932                Computer::setBootMessage(char const*)
                0x00000000c000e934                Computer::detectFeatures()
                0x00000000c000eb3e                Computer::displayFeatures()
                0x00000000c000eb40                Computer::rdmsr(unsigned int)
                0x00000000c000eb6c                Computer::wrmsr(unsigned int, unsigned long long)
                0x00000000c000eba4                Computer::nmiEnabled()
                0x00000000c000ebb0                Computer::readCMOS(unsigned char)
                0x00000000c000ebca                Computer::enableNMI(bool)
                0x00000000c000ebe2                Computer::open(int, int, void*)
                0x00000000c000ecd4                Computer::disableNMI()
                0x00000000c000ece2                Computer::writeCMOS(unsigned char, unsigned char)
                0x00000000c000ed00                Computer::handleNMI()
                0x00000000c000ed66                Computer::setDiskActivityLight(int, bool)
 *fill*         0x00000000c000ed91        0x1 
 .text          0x00000000c000ed92      0x19d core/gdt.32
                0x00000000c000ed92                GDTEntry::setBase(unsigned int)
                0x00000000c000edae                GDTEntry::setLimit(unsigned int)
                0x00000000c000edcc                GDT::GDT()
                0x00000000c000edcc                GDT::GDT()
                0x00000000c000ede2                GDT::addEntry(GDTEntry)
                0x00000000c000ee04                GDT::getNumberOfEntries()
                0x00000000c000ee0c                GDT::flush()
                0x00000000c000ee2e                GDT::setup()
 .text          0x00000000c000ef2f       0x6b core/idle.32
                0x00000000c000ef2f                idleFunction(void*)
 .text          0x00000000c000ef9a      0x45e core/idt.32
                0x00000000c000ef9a                IDTEntry::IDTEntry(bool)
                0x00000000c000ef9a                IDTEntry::IDTEntry(bool)
                0x00000000c000f008                IDTEntry::setOffset(unsigned int)
                0x00000000c000f01c                IDT::IDT()
                0x00000000c000f01c                IDT::IDT()
                0x00000000c000f01e                IDT::getPointerToInvalidOpcodeEntryForF00F()
                0x00000000c000f026                IDT::addEntry(IDTEntry, int)
                0x00000000c000f040                IDT::addEntry(int, void (*)(), bool)
                0x00000000c000f078                IDT::flush()
                0x00000000c000f092                IDT::setup()
 .text          0x00000000c000f3f8      0x1fb core/kheap.32
                0x00000000c000f3f8                sbrk
                0x00000000c000f505                mmap
                0x00000000c000f51b                munmap
                0x00000000c000f531                liballoc_lock()
                0x00000000c000f53e                liballoc_unlock()
                0x00000000c000f552                liballoc_alloc(int)
                0x00000000c000f56a                liballoc_free(void*, int)
                0x00000000c000f585                realloc
                0x00000000c000f599                malloc
                0x00000000c000f5a9                free
                0x00000000c000f5b9                rfree
                0x00000000c000f5c9                calloc
 .text          0x00000000c000f5f3      0x1b6 core/main.32
                0x00000000c000f5f3                Krnl::setBootMessage(char const*)
                0x00000000c000f65f                kernel_main
 .text          0x00000000c000f7a9      0x5b5 core/physmgr.32
                0x00000000c000f7a9                Phys::allocateDMA(unsigned long)
                0x00000000c000f877                Phys::freeDMA(unsigned long, unsigned long)
                0x00000000c000f8d6                Phys::setPageState(unsigned long, bool)
                0x00000000c000f908                Phys::getPageState(unsigned long)
                0x00000000c000f924                Phys::freePage(unsigned long)
                0x00000000c000f995                Phys::allocatePage()
                0x00000000c000fa8d                Phys::allocateContiguousPages(int)
                0x00000000c000fae9                Phys::allowSegmentToBeUsed(unsigned long, unsigned long)
                0x00000000c000fb21                Phys::physicalMemorySetup(unsigned int)
 .text          0x00000000c000fd5e      0x273 core/pipe.32
                0x00000000c000fd5e                Pipe::isAtty()
                0x00000000c000fd62                Pipe::~Pipe()
                0x00000000c000fd62                Pipe::~Pipe()
                0x00000000c000fd86                Pipe::~Pipe()
                0x00000000c000fdae                Pipe::read(unsigned long long, void*, int*)
                0x00000000c000feaa                Pipe::write(unsigned long long, void*, int*)
                0x00000000c000ff6a                Pipe::Pipe(int)
                0x00000000c000ff6a                Pipe::Pipe(int)
 *fill*         0x00000000c000ffd1        0x1 
 .text          0x00000000c000ffd2      0xb91 core/terminal.32
                0x00000000c000ffd2                VgaText::isAtty()
                0x00000000c000ffd6                VgaText::~VgaText()
                0x00000000c000ffd6                VgaText::~VgaText()
                0x00000000c000fffa                VgaText::~VgaText()
                0x00000000c0010024                VgaText::read(unsigned long long, void*, int*)
                0x00000000c0010044                setTerminalScrollLock(bool)
                0x00000000c0010045                addToTerminalCycle(VgaText*)
                0x00000000c0010066                installVgaTextImplementation()
                0x00000000c001007b                scrollTerminalScrollLock(int)
                0x00000000c001007c                VgaText::updateTitle()
                0x00000000c00100ba                VgaText::load()
                0x00000000c0010108                VgaText::updateCursor()
                0x00000000c001011e                VgaText::doANSI_SGR(int)
                0x00000000c0010192                VgaText::setDefaultBgColour(VgaColour)
                0x00000000c00101a2                VgaText::setDefaultFgColour(VgaColour)
                0x00000000c00101b2                VgaText::setDefaultColours(VgaColour, VgaColour)
                0x00000000c00101d2                VgaText::setTitleTextColour(VgaColour)
                0x00000000c00101e2                VgaText::setTitleColour(VgaColour)
                0x00000000c00101f2                VgaText::setTitle(char*)
                0x00000000c0010218                VgaText::combineColours(unsigned char, unsigned char)
                0x00000000c001022a                VgaText::scrollScreen()
                0x00000000c00102be                VgaText::combineCharAndColour(char, unsigned char)
                0x00000000c00102d0                VgaText::writeCharacter(char, VgaColour, VgaColour, int, int)
                0x00000000c001032c                VgaText::getCursorX()
                0x00000000c0010334                VgaText::getCursorY()
                0x00000000c001033c                VgaText::setCursor(int, int)
                0x00000000c0010353                setActiveTerminal(VgaText*)
                0x00000000c00103b5                doTerminalCycle()
                0x00000000c00103d0                VgaText::setCursorX(int)
                0x00000000c00103e8                VgaText::setCursorY(int)
                0x00000000c0010400                VgaText::incrementCursor(bool)
                0x00000000c0010454                VgaText::decrementCursor(bool)
                0x00000000c0010476                VgaText::putchar(char, VgaColour, VgaColour)
                0x00000000c001054e                VgaText::doUpdate()
                0x00000000c001055c                VgaText::puts(char const*, VgaColour, VgaColour)
                0x00000000c00106d4                VgaText::clearScreen()
                0x00000000c001072e                VgaText::putchar(char)
                0x00000000c001081a                VgaText::putx(unsigned int)
                0x00000000c0010860                VgaText::puts(char const*)
                0x00000000c0010886                VgaText::VgaText(char const*)
                0x00000000c0010886                VgaText::VgaText(char const*)
                0x00000000c0010a02                VgaText::receiveKey(unsigned char)
                0x00000000c0010aea                VgaText::write(unsigned long long, void*, int*)
                0x00000000c0010b3e                newTerminal(char*)
 *fill*         0x00000000c0010b63        0x1 
 .text          0x00000000c0010b64      0x19d core/tss.32
                0x00000000c0010b64                TSS::TSS()
                0x00000000c0010b64                TSS::TSS()
                0x00000000c0010b72                TSS::setESP(unsigned long)
                0x00000000c0010b84                TSS::flush()
                0x00000000c0010ba4                TSS::setup(unsigned long, unsigned long)
 *fill*         0x00000000c0010d01        0x1 
 .text          0x00000000c0010d02      0x4c2 core/unixfile.32
                0x00000000c0010d02                ReservedFilename::read(unsigned long long, void*, int*)
                0x00000000c0010d58                ReservedFilename::isAtty()
                0x00000000c0010d74                ReservedFilename::write(unsigned long long, void*, int*)
                0x00000000c0010dd2                UnixFile::getFileDescriptor()
                0x00000000c0010dda                UnixFile::UnixFile(int)
                0x00000000c0010dda                UnixFile::UnixFile(int)
                0x00000000c0010f8a                ReservedFilename::ReservedFilename(int)
                0x00000000c0010f8a                ReservedFilename::ReservedFilename(int)
                0x00000000c0010fbc                UnixFile::~UnixFile()
                0x00000000c0010fbc                UnixFile::~UnixFile()
                0x00000000c0011054                UnixFile::~UnixFile()
                0x00000000c001107c                ReservedFilename::~ReservedFilename()
                0x00000000c001107c                ReservedFilename::~ReservedFilename()
                0x00000000c00110a0                ReservedFilename::~ReservedFilename()
                0x00000000c00110c7                getFromFileDescriptor(int)
 .text          0x00000000c00111c4     0x143d core/virtmgr.32
                0x00000000c00111c4                Virt::setPageState(unsigned long, Virt::VirtPageState)
                0x00000000c00111f9                Virt::getPageState(unsigned long)
                0x00000000c001121d                Virt::allocateKernelVirtualPages(int)
                0x00000000c001132e                Virt::freeSwapfilePage(unsigned long)
                0x00000000c001134c                Virt::swapIDToSector(unsigned long)
                0x00000000c001135e                Virt::allocateSwapfilePage()
                0x00000000c00113dc                Virt::virtualMemorySetup()
                0x00000000c0011427                Virt::setupPageSwapping(int)
                0x00000000c00115ae                VAS::VAS(VAS*)
                0x00000000c00115ae                VAS::VAS(VAS*)
                0x00000000c00115dc                VAS::getForeignPageTableEntry(bool, unsigned long)
                0x00000000c0011608                VAS::getPageTableEntry(unsigned long)
                0x00000000c0011627                Virt::freeKernelVirtualPages(unsigned long)
                0x00000000c001174a                VAS::freeAllocatedPages(unsigned long)
                0x00000000c001176e                VAS::virtualToPhysical(unsigned long)
                0x00000000c0011786                VAS::VAS()
                0x00000000c0011786                VAS::VAS()
                0x00000000c001180c                VAS::reflagRange(unsigned long, int, int, int)
                0x00000000c001184c                VAS::setToWriteCombining(unsigned long, int)
                0x00000000c001187e                VAS::mapOtherVASIn(bool, VAS*)
                0x00000000c00118a8                VAS::~VAS()
                0x00000000c00118a8                VAS::~VAS()
                0x00000000c0011a24                VAS::mapPage(unsigned long, unsigned long, int)
                0x00000000c0011b26                VAS::allocatePages(int, int)
                0x00000000c0011cfe                VAS::setCPUSpecific(unsigned long)
                0x00000000c0011d1a                VAS::mapRange(unsigned long, unsigned long, int, int)
                0x00000000c0011de0                VAS::mapForeignPage(bool, VAS*, unsigned long, unsigned long, int)
                0x00000000c0011ece                VAS::VAS(bool)
                0x00000000c0011ece                VAS::VAS(bool)
                0x00000000c001219a                VAS::evict(unsigned long)
                0x00000000c0012288                VAS::tryLoadBackOffDisk(unsigned long)
                0x00000000c0012424                VAS::scanForEviction()
                0x00000000c00124d5                mapVASFirstTime
 .text          0x00000000c0012601       0x95 coreobjs/c++.32
                0x00000000c0012601                __cxa_atexit
                0x00000000c0012604                __cxa_finalize
                0x00000000c0012605                __stack_chk_fail
                0x00000000c0012671                __cxa_pure_virtual
                0x00000000c0012682                operator new[](unsigned long)
                0x00000000c0012687                operator delete(void*, unsigned long)
                0x00000000c001268c                operator delete[](void*)
                0x00000000c0012691                operator delete[](void*, unsigned long)
 .text          0x00000000c0012696      0x1e7 dbg/kconsole.32
                0x00000000c0012696                Dbg::stringifyxWithBase(unsigned int, char*, int)
                0x00000000c00126ef                Dbg::logc(char)
                0x00000000c0012706                Dbg::logs(char*)
                0x00000000c0012723                Dbg::logWriteInt(unsigned int)
                0x00000000c0012740                Dbg::logWriteIntBase(unsigned int, int)
                0x00000000c001275f                Dbg::kprintf(char const*, ...)
 *fill*         0x00000000c001287d        0x1 
 .text          0x00000000c001287e      0xb82 fs/vfs.32
                0x00000000c001287e                File::read(unsigned long long, void*, int*)
                0x00000000c00128d6                File::write(unsigned long long, void*, int*)
                0x00000000c001292e                Directory::read(unsigned long long, void*, int*)
                0x00000000c0012986                Directory::write(unsigned long long, void*, int*)
                0x00000000c00129b4                File::isAtty()
                0x00000000c00129b8                Directory::isAtty()
                0x00000000c00129bc                Filesystem::getlabel(LogicalDisk*, int, char*, unsigned int*)
                0x00000000c00129c2                Filesystem::setlabel(LogicalDisk*, int, char*)
                0x00000000c00129c8                Filesystem::getFileFirstSector(char const*)
                0x00000000c00129ce                File::~File()
                0x00000000c00129ce                File::~File()
                0x00000000c00129f2                File::~File()
                0x00000000c0012a1c                Directory::~Directory()
                0x00000000c0012a1c                Directory::~Directory()
                0x00000000c0012a40                Directory::~Directory()
                0x00000000c0012a6a                Filesystem::Filesystem()
                0x00000000c0012a6a                Filesystem::Filesystem()
                0x00000000c0012a8e                Filesystem::~Filesystem()
                0x00000000c0012a8e                Filesystem::~Filesystem()
                0x00000000c0012a9c                Filesystem::~Filesystem()
                0x00000000c0012ac0                Fs::getcwd(Process*, char*, int)
                0x00000000c0012aea                Fs::initVFS()
                0x00000000c0012b14                Fs::standardiseFiles(char*, char const*, char const*)
                0x00000000c0012cbe                File::File(char const*, Process*)
                0x00000000c0012cbe                File::File(char const*, Process*)
                0x00000000c0012d22                File::open(FileOpenMode)
                0x00000000c0012d80                File::close()
                0x00000000c0012de0                File::seek(unsigned long long)
                0x00000000c0012e36                File::tell(unsigned long long*)
                0x00000000c0012e86                File::rewind()
                0x00000000c0012e9a                File::unlink()
                0x00000000c0012ee6                File::rename(char const*)
                0x00000000c0012f34                File::chfatattr(unsigned char, unsigned char)
                0x00000000c0012f90                File::exists()
                0x00000000c0012fce                File::stat(unsigned long long*, bool*)
                0x00000000c001302f                Fs::setcwd(Process*, char*)
                0x00000000c001316a                Directory::Directory(char const*, Process*)
                0x00000000c001316a                Directory::Directory(char const*, Process*)
                0x00000000c00131ce                Directory::open()
                0x00000000c001322a                Directory::close()
                0x00000000c001328a                Directory::unlink()
                0x00000000c00132d6                Directory::rename(char const*)
                0x00000000c0013324                Directory::exists()
                0x00000000c0013362                Directory::read(dirent*)
                0x00000000c00133ae                Directory::create()
                0x00000000c00133fa                Filesystem::chfatattr(char const*, unsigned char, unsigned char)
 .text          0x00000000c0013400       0x84 hal/bus.32
                0x00000000c0013400                Bus::Bus(char const*)
                0x00000000c0013400                Bus::Bus(char const*)
                0x00000000c0013436                Bus::~Bus()
                0x00000000c0013436                Bus::~Bus()
                0x00000000c001345a                Bus::~Bus()
 .text          0x00000000c0013484      0x156 hal/buzzer.32
                0x00000000c0013484                Buzzer::Buzzer(char const*)
                0x00000000c0013484                Buzzer::Buzzer(char const*)
                0x00000000c00134c8                Buzzer::~Buzzer()
                0x00000000c00134c8                Buzzer::~Buzzer()
                0x00000000c00134ec                Buzzer::~Buzzer()
                0x00000000c0013516                Buzzer::stop()
                0x00000000c0013529                beepThread(void*)
                0x00000000c001356c                Buzzer::beep(int, int, bool)
 .text          0x00000000c00135da      0x467 hal/clock.32
                0x00000000c00135da                User::loadClockSettings(int)
                0x00000000c001362c                Clock::Clock(char const*)
                0x00000000c001362c                Clock::Clock(char const*)
                0x00000000c0013662                Clock::~Clock()
                0x00000000c0013662                Clock::~Clock()
                0x00000000c0013686                Clock::~Clock()
                0x00000000c00136b0                Clock::timeInSecondsLocal()
                0x00000000c00136f8                Clock::setTimeInSecondsLocal(unsigned long long)
                0x00000000c0013751                datetimeToSeconds(datetime_t)
                0x00000000c0013878                Clock::setTimeInDatetimeLocal(datetime_t)
                0x00000000c00138d8                secondsToDatetime(unsigned long long)
                0x00000000c0013a1c                Clock::timeInDatetimeLocal()
 *fill*         0x00000000c0013a41        0x1 
 .text          0x00000000c0013a42      0x504 hal/device.32
                0x00000000c0013a42                Device::hibernate()
                0x00000000c0013a44                Device::wake()
                0x00000000c0013a46                Device::detect()
                0x00000000c0013a48                Device::disableLegacy()
                0x00000000c0013a4a                Device::powerSaving(PowerSavingLevel)
                0x00000000c0013a4c                DriverlessDevice::close(int, int, void*)
                0x00000000c0013a50                DriverlessDevice::detect()
                0x00000000c0013a52                DriverlessDevice::open(int, int, void*)
                0x00000000c0013a66                Device::~Device()
                0x00000000c0013a66                Device::~Device()
                0x00000000c0013a74                Device::~Device()
                0x00000000c0013a9c                Device::findAndLoadDriver()
                0x00000000c0013aaa                Device::preOpenPCI(PCIDeviceInfo)
                0x00000000c0013ad0                Device::preOpenACPI(void*, char*, char*)
                0x00000000c0013b10                Device::addIRQHandler(int, void (*)(regs*, void*), bool, void*)
                0x00000000c0013b4e                Device::getParent()
                0x00000000c0013b5a                Device::removeIRQHandler(int, void (*)(regs*, void*), bool)
                0x00000000c0013b98                Device::addChild(Device*)
                0x00000000c0013bdc                Device::removeAllChildren()
                0x00000000c0013c22                Device::hibernateAll()
                0x00000000c0013c52                Device::wakeAll()
                0x00000000c0013c82                Device::detectAll()
                0x00000000c0013cb2                Device::disableLegacyAll()
                0x00000000c0013ce2                Device::loadDriversForAll()
                0x00000000c0013d22                Device::closeAll()
                0x00000000c0013d58                Device::powerSavingAll(PowerSavingLevel)
                0x00000000c0013d8e                Device::setName(char const*)
                0x00000000c0013d9c                Device::Device(char const*)
                0x00000000c0013d9c                Device::Device(char const*)
                0x00000000c0013e98                Device::getName()
                0x00000000c0013ea2                DriverlessDevice::DriverlessDevice(char const*)
                0x00000000c0013ea2                DriverlessDevice::DriverlessDevice(char const*)
                0x00000000c0013ed8                Device::addToLinkedList(LinkedList<Device>&, DeviceType)
                0x00000000c0013f1c                getDevicesOfType(DeviceType)
 .text          0x00000000c0013f46       0x84 hal/diskctrl.32
                0x00000000c0013f46                HardDiskController::HardDiskController(char const*)
                0x00000000c0013f46                HardDiskController::HardDiskController(char const*)
                0x00000000c0013f7c                HardDiskController::~HardDiskController()
                0x00000000c0013f7c                HardDiskController::~HardDiskController()
                0x00000000c0013fa0                HardDiskController::~HardDiskController()
 .text          0x00000000c0013fca       0xe2 hal/diskphys.32
                0x00000000c0013fca                PhysicalDisk::eject()
                0x00000000c0013fce                PhysicalDisk::PhysicalDisk(char const*, int)
                0x00000000c0013fce                PhysicalDisk::PhysicalDisk(char const*, int)
                0x00000000c0014036                PhysicalDisk::startCache()
                0x00000000c001405e                PhysicalDisk::~PhysicalDisk()
                0x00000000c001405e                PhysicalDisk::~PhysicalDisk()
                0x00000000c0014082                PhysicalDisk::~PhysicalDisk()
 .text          0x00000000c00140ac      0x13b hal/fpu.32
                0x00000000c00140ac                FPU::FPU(char const*)
                0x00000000c00140ac                FPU::FPU(char const*)
                0x00000000c00140e2                FPU::~FPU()
                0x00000000c00140e2                FPU::~FPU()
                0x00000000c0014106                FPU::~FPU()
                0x00000000c0014130                setupFPU()
 *fill*         0x00000000c00141e7        0x1 
 .text          0x00000000c00141e8     0x1435 hal/intctrl.32
                0x00000000c00141e8                InterruptController::uninstallISRHandler(int, void (*)(regs*, void*))
                0x00000000c0014220                InterruptController::installISRHandler(int, void (*)(regs*, void*), void*)
                0x00000000c0014272                doubleFault(regs*, void*)
                0x00000000c001428c                InterruptController::installIRQHandler(int, void (*)(regs*, void*), bool, void*)
                0x00000000c0014328                InterruptController::clearAllHandlers(int, bool)
                0x00000000c00143d0                InterruptController::uninstallIRQHandler(int, void (*)(regs*, void*), bool)
                0x00000000c0014457                nmiHandler(regs*, void*)
                0x00000000c0014465                int_handler
                0x00000000c0014506                InterruptController::InterruptController(char const*)
                0x00000000c0014506                InterruptController::InterruptController(char const*)
                0x00000000c00145ac                InterruptController::~InterruptController()
                0x00000000c00145ac                InterruptController::~InterruptController()
                0x00000000c00145d0                InterruptController::~InterruptController()
                0x00000000c00145fa                displayDebugInfo(regs*)
                0x00000000c0014a89                x87EmulHandler(regs*, void*)
                0x00000000c0014afc                gpFault(regs*, void*)
                0x00000000c0014b35                pgFault(regs*, void*)
                0x00000000c0014b7d                otherISRHandler(regs*, void*)
                0x00000000c0014b9c                opcodeFault(regs*, void*)
                0x00000000c00151b9                displayProgramFault(char const*)
                0x00000000c00151e1                setupInterruptController()
                0x00000000c00155d0                InterruptController::convertLegacyIRQNumber(int)
 *fill*         0x00000000c001561d        0x1 
 .text          0x00000000c001561e      0x784 hal/keybrd.32
                0x00000000c001561e                startGUI(void*)
                0x00000000c001568a                startGUIVESA(void*)
                0x00000000c00156f6                sendKeyToTerminal(unsigned char)
                0x00000000c00157b4                sendKeyboardToken(KeyboardToken)
                0x00000000c0015bf1                clearInternalKeybuffer(VgaText*)
                0x00000000c0015c26                readKeyboard(VgaText*, char*, unsigned long)
                0x00000000c0015d18                Keyboard::Keyboard(char const*)
                0x00000000c0015d18                Keyboard::Keyboard(char const*)
                0x00000000c0015d54                Keyboard::~Keyboard()
                0x00000000c0015d54                Keyboard::~Keyboard()
                0x00000000c0015d78                Keyboard::~Keyboard()
 .text          0x00000000c0015da2      0x3ea hal/logidisk.32
                0x00000000c0015da2                LogicalDisk::close(int, int, void*)
                0x00000000c0015da6                LogicalDisk::~LogicalDisk()
                0x00000000c0015da6                LogicalDisk::~LogicalDisk()
                0x00000000c0015dca                LogicalDisk::~LogicalDisk()
                0x00000000c0015df4                LogicalDisk::open(int, int, void*)
                0x00000000c0015e08                LogicalDisk::absoluteToRelative(unsigned long long)
                0x00000000c0015e40                LogicalDisk::relativeToAbsolute(unsigned long long)
                0x00000000c0015e86                LogicalDisk::LogicalDisk(char const*, PhysicalDisk*, unsigned long long, unsigned long long)
                0x00000000c0015e86                LogicalDisk::LogicalDisk(char const*, PhysicalDisk*, unsigned long long, unsigned long long)
                0x00000000c0015f3c                LogicalDisk::assignDriveLetter()
                0x00000000c0015ff2                LogicalDisk::mount()
                0x00000000c001603a                LogicalDisk::unmount()
                0x00000000c001604a                LogicalDisk::eject()
                0x00000000c001605e                LogicalDisk::unassignDriveLetter()
                0x00000000c00160b4                LogicalDisk::read(unsigned long long, int, void*)
                0x00000000c0016120                LogicalDisk::write(unsigned long long, int, void*)
 .text          0x00000000c001618c       0x84 hal/mouse.32
                0x00000000c001618c                Mouse::Mouse(char const*)
                0x00000000c001618c                Mouse::Mouse(char const*)
                0x00000000c00161c2                Mouse::~Mouse()
                0x00000000c00161c2                Mouse::~Mouse()
                0x00000000c00161e6                Mouse::~Mouse()
 .text          0x00000000c0016210      0x339 hal/partition.32
                0x00000000c0016210                makePartition(PhysicalDisk*, unsigned long long, unsigned long long)
                0x00000000c00162b8                createPartitionsForDisk(PhysicalDisk*)
 *fill*         0x00000000c0016549        0x1 
 .text          0x00000000c001654a       0x84 hal/serial.32
                0x00000000c001654a                Serial::Serial(char const*)
                0x00000000c001654a                Serial::Serial(char const*)
                0x00000000c0016580                Serial::~Serial()
                0x00000000c0016580                Serial::~Serial()
                0x00000000c00165a4                Serial::~Serial()
 .text          0x00000000c00165ce      0x2f3 hal/timer.32
                0x00000000c00165ce                Timer::Timer(char const*)
                0x00000000c00165ce                Timer::Timer(char const*)
                0x00000000c0016604                Timer::~Timer()
                0x00000000c0016604                Timer::~Timer()
                0x00000000c0016628                Timer::~Timer()
                0x00000000c0016652                Timer::read()
                0x00000000c001665d                timerHandler(unsigned long long)
                0x00000000c00167cf                setupTimer(int)
 *fill*         0x00000000c00168c1        0x1 
 .text          0x00000000c00168c2      0x409 hal/vcache.32
                0x00000000c00168c2                VCache::VCache(PhysicalDisk*)
                0x00000000c00168c2                VCache::VCache(PhysicalDisk*)
                0x00000000c0016a2a                VCache::invalidateReadBuffer()
                0x00000000c0016a3a                VCache::writeWriteBuffer()
                0x00000000c0016a76                VCache::~VCache()
                0x00000000c0016a76                VCache::~VCache()
                0x00000000c0016aca                VCache::~VCache()
                0x00000000c0016af2                VCache::write(unsigned long long, int, void*)
                0x00000000c0016bdc                VCache::read(unsigned long long, int, void*)
 *fill*         0x00000000c0016ccb        0x1 
 .text          0x00000000c0016ccc      0x4b3 hal/video.32
                0x00000000c0016ccc                Video::putrect(int, int, int, int, unsigned int)
                0x00000000c0016d18                Video::bitblit(int, int, int, int, int, int, int, unsigned int*)
                0x00000000c0016d88                Video::blit(unsigned int*, int, int, int, int)
                0x00000000c0016e06                Video::clearScreen(unsigned int)
                0x00000000c0016e3a                Video::putpixel(int, int, unsigned int)
                0x00000000c0016e48                Video::Video(char const*)
                0x00000000c0016e48                Video::Video(char const*)
                0x00000000c0016e7e                Video::~Video()
                0x00000000c0016e7e                Video::~Video()
                0x00000000c0016ea2                Video::~Video()
                0x00000000c0016ecc                Video::isMonochrome()
                0x00000000c0016ed8                Video::getWidth()
                0x00000000c0016ee4                Video::getHeight()
                0x00000000c0016ef0                Video::drawCursor(int, int, unsigned char*, int)
                0x00000000c0016fac                Video::tgaParse(unsigned char*, int, int*, int*)
                0x00000000c0017114                Video::putTGA(int, int, unsigned char*, int)
 *fill*         0x00000000c001717f        0x1 
 .text          0x00000000c0017180     0x11c9 hw/acpi.32
                0x00000000c0017180                ACPI::close(int, int, void*)
                0x00000000c0017225                findRSDP()
                0x00000000c00172af                loadACPITables(unsigned char*)
                0x00000000c0017506                findRSDT(unsigned char*)
                0x00000000c0017650                findDataTable(unsigned char*, char*)
                0x00000000c00176c2                scanMADT()
                0x00000000c0017b30                ACPI::ACPI()
                0x00000000c0017b30                ACPI::ACPI()
                0x00000000c0017b84                ACPI::getPCIIRQAssignment(unsigned char, unsigned short, unsigned char)
                0x00000000c0017c66                ACPI::registerPCIIRQAssignment(void*, unsigned short, unsigned char, unsigned char)
                0x00000000c0017d2c                ACPI::setScreenBrightnessLevel(void*, int)
                0x00000000c0017d32                ACPI::detectPCI()
                0x00000000c0017f34                ACPI::writeSimpleBootFlag(SimpleBootFlagTable*)
                0x00000000c0017f7c                ACPI::sleep()
                0x00000000c0017f94                ACPI::open(int, int, void*)
 *fill*         0x00000000c0018349        0x1 
 .text          0x00000000c001834a     0x1495 hw/cpu.32
                0x00000000c001834a                CPU::close(int, int, void*)
                0x00000000c001834e                CPU::lookupAMDName(unsigned char, unsigned char)
                0x00000000c00184e2                CPU::lookupIntelName(unsigned char, unsigned char)
                0x00000000c0018790                CPU::AMD_K6_write_msr(unsigned int, unsigned int, unsigned int, CPU::REGS*)
                0x00000000c00187ac                CPU::AMD_K6_read_msr(unsigned int, CPU::REGS*)
                0x00000000c00187c4                CPU::AMD_K6_writeback(int, int, int)
                0x00000000c0018838                CPU::cpuid(int, unsigned long*, unsigned long*, unsigned long*, unsigned long*)
                0x00000000c00188bc                CPU::cpuidCheckEDX(unsigned int)
                0x00000000c00188ea                CPU::cpuidCheckECX(unsigned int)
                0x00000000c0018918                CPU::cpuidCheckExtendedEBX(unsigned int)
                0x00000000c0018946                CPU::cpuidCheckExtendedECX(unsigned int)
                0x00000000c0018974                CPU::CPU()
                0x00000000c0018974                CPU::CPU()
                0x00000000c0018a02                CPU::displayFeatures()
                0x00000000c0018a04                CPU::detectFeatures()
                0x00000000c00193f6                CPU::setupSMEP()
                0x00000000c0019402                CPU::setupUMIP()
                0x00000000c001940c                CPU::setupTSC()
                0x00000000c0019416                CPU::setupLargePages()
                0x00000000c0019420                CPU::setupPAT()
                0x00000000c001945c                CPU::setupMTRR()
                0x00000000c001945e                CPU::setupGlobalPages()
                0x00000000c0019468                CPU::allowUsermodeDataAccess()
                0x00000000c001947a                CPU::prohibitUsermodeDataAccess()
                0x00000000c001948c                CPU::setupSMAP()
                0x00000000c001949a                CPU::setupFeatures()
                0x00000000c001951a                CPU::open(int, int, void*)
                0x00000000c00195e4                CPU::decodeAddress(regs*, int*, bool*, unsigned char*)
 .text          0x00000000c00197df        0x0 hw/ports.32
 .text          0x00000000c00197df      0x16a hw/smp.32
                0x00000000c00197df                Krnl::smpEntry()
                0x00000000c00197e1                Krnl::startCPU(int)
                0x00000000c001992a                Krnl::startCPUs()
 *fill*         0x00000000c0019949        0x1 
 .text          0x00000000c001994a      0x581 krnl/env.32
                0x00000000c001994a                EnvVarContainer::getEnv(char const*)
                0x00000000c0019988                EnvVarContainer::setEnv(char const*, char const*)
                0x00000000c0019a4a                EnvVarContainer::deleteEnv(char const*)
                0x00000000c0019a4c                EnvVarContainer::loadFrom(char const*, char const*)
                0x00000000c0019c32                EnvVarContainer::__loadSystem()
                0x00000000c0019c4c                EnvVarContainer::__loadUser()
                0x00000000c0019c4e                EnvVarContainer::EnvVarContainer(Process*)
                0x00000000c0019c4e                EnvVarContainer::EnvVarContainer(Process*)
                0x00000000c0019c70                EnvVarContainer::~EnvVarContainer()
                0x00000000c0019c70                EnvVarContainer::~EnvVarContainer()
                0x00000000c0019ca0                Krnl::getEnv(Process*, char const*)
                0x00000000c0019d05                Krnl::setEnvSystem(char const*, char const*)
                0x00000000c0019d1f                Krnl::setEnvUser(char const*, char const*)
                0x00000000c0019d3e                Krnl::setEnvProcess(Process*, char const*, char const*)
                0x00000000c0019d51                Krnl::deleteEnvSystem(char const*)
                0x00000000c0019d52                Krnl::deleteEnvUser(char const*)
                0x00000000c0019d53                Krnl::deleteEnvProcess(Process*, char const*)
                0x00000000c0019d54                Krnl::newProcessEnv(Process*)
                0x00000000c0019d76                Krnl::copyProcessEnv(Process*, Process*)
                0x00000000c0019dc2                Krnl::loadSystemEnv()
                0x00000000c0019df0                Krnl::loadUserEnv()
                0x00000000c0019e16                Krnl::flushEnv()
                0x00000000c0019e17                Krnl::getProcessTotalEnvCount(Process*)
                0x00000000c0019e37                Krnl::getProcessEnvPair(Process*, int)
 .text          0x00000000c0019ecb      0x39c krnl/panic.32
                0x00000000c0019ecb                Krnl::panic(char const*)
 .text          0x00000000c001a267      0x57f net/ethernet.32
                0x00000000c001a267                Net::switchEndian16(unsigned short)
                0x00000000c001a288                Net::switchEndian32(unsigned int)
                0x00000000c001a2b7                Net::crc32Calc(unsigned char*, int)
                0x00000000c001a348                Net::wrapEthernetFrame(Net::UnwrappedEthernetFrame, unsigned char*)
                0x00000000c001a55b                Net::unwrapEthernetFrame(unsigned char*, int)
 .text          0x00000000c001a7e6      0x50e reg/registry.32
                0x00000000c001a7e6                Reg::findLineFromLoadedData(char*, char*, char*)
                0x00000000c001a93e                Reg::getLineFromRegistry(char*, char*, char*, char*)
                0x00000000c001aa93                Reg::getLine(char*, char*, char*)
                0x00000000c001aaca                Reg::readInt(char*, char*, int*)
                0x00000000c001abb5                Reg::readString(char*, char*, char*, int)
                0x00000000c001ac36                Reg::readBool(char*, char*, bool*)
                0x00000000c001ac5b                Reg::readBoolWithDefault(char*, char*, bool)
                0x00000000c001ac87                Reg::readIntWithDefault(char*, char*, int)
                0x00000000c001acb3                Reg::readStringWithDefault(char*, char*, char*, int, char*)
 .text          0x00000000c001acf4       0x36 sys/sc_eject.32
                0x00000000c001acf4                Sys::eject(regs*)
 .text          0x00000000c001ad2a       0x18 sys/sc_exit.32
                0x00000000c001ad2a                Sys::exit(regs*)
 .text          0x00000000c001ad42       0x1f sys/sc_getcwd.32
                0x00000000c001ad42                Sys::getCwd(regs*)
 .text          0x00000000c001ad61        0xc sys/sc_getpid.32
                0x00000000c001ad61                Sys::getPID(regs*)
 .text          0x00000000c001ad6d       0x17 sys/sc_getramdata.32
                0x00000000c001ad6d                Sys::getRAMData(regs*)
 .text          0x00000000c001ad84       0x84 sys/sc_getvgaptr.32
                0x00000000c001ad84                Sys::getVGAPtr(regs*)
 .text          0x00000000c001ae08       0xa8 sys/sc_loaddll.32
                0x00000000c001ae08                Sys::loadDLL(regs*)
 .text          0x00000000c001aeb0       0x68 sys/sc_read.32
                0x00000000c001aeb0                Sys::read(regs*)
 .text          0x00000000c001af18       0x55 sys/sc_sbrk.32
                0x00000000c001af18                Sys::sbrk(regs*)
 .text          0x00000000c001af6d       0x1c sys/sc_setcwd.32
                0x00000000c001af6d                Sys::setCwd(regs*)
 .text          0x00000000c001af89       0x95 sys/sc_settime.32
                0x00000000c001af89                Sys::setTime(regs*)
 .text          0x00000000c001b01e       0x4a sys/sc_timezone.32
                0x00000000c001b01e                Sys::timezone(regs*)
 .text          0x00000000c001b068       0x68 sys/sc_write.32
                0x00000000c001b068                Sys::write(regs*)
 .text          0x00000000c001b0d0       0x62 sys/sc_wsbe.32
                0x00000000c001b0d0                Sys::wsbe(regs*)
 .text          0x00000000c001b132       0x46 sys/sc_yield.32
                0x00000000c001b132                Sys::yield(regs*)
 .text          0x00000000c001b178      0xf84 sys/syscalls.32
                0x00000000c001b178                sysCallSeekDir(regs*)
                0x00000000c001b17d                sysCallTellDir(regs*)
                0x00000000c001b182                sysCallVerify(regs*)
                0x00000000c001b18c                sysCallGetArgc(regs*)
                0x00000000c001b19c                sysFormatDisk(regs*)
                0x00000000c001b206                sysSetDiskVolumeLabel(regs*)
                0x00000000c001b24c                sysGetDiskVolumeLabel(regs*)
                0x00000000c001b29d                sysShutdown(regs*)
                0x00000000c001b2fb                sysCallRealpath(regs*)
                0x00000000c001b33e                sysCallReadDir(regs*)
                0x00000000c001b3bd                sysCallIsATTY(regs*)
                0x00000000c001b417                sysCallSeek(regs*)
                0x00000000c001b46e                sysCallTell(regs*)
                0x00000000c001b4da                sysCallSize(regs*)
                0x00000000c001b54c                sysCallSizeFromFilename(regs*)
                0x00000000c001b5fb                sysCallClose(regs*)
                0x00000000c001b65b                sysCallOpenDir(regs*)
                0x00000000c001b6d0                sysCallCloseDir(regs*)
                0x00000000c001b724                sysCallMakeDir(regs*)
                0x00000000c001b794                sysCallWait(regs*)
                0x00000000c001b7ae                sysCallNotImpl(regs*)
                0x00000000c001b7c9                sysPanic(regs*)
                0x00000000c001b7e3                sysCallRmdir(regs*)
                0x00000000c001b847                sysCallUnlink(regs*)
                0x00000000c001b8ab                sysCallGetArgv(regs*)
                0x00000000c001b8f7                sysCallTTYName(regs*)
                0x00000000c001b97a                sysCallUSleep(regs*)
                0x00000000c001b9a1                sysCallSpawn(regs*)
                0x00000000c001ba09                sysCallGetEnv(regs*)
                0x00000000c001bab6                sysAppSettings(regs*)
                0x00000000c001bbca                sysSetFatAttrib(regs*)
                0x00000000c001bc3c                sysPipe(regs*)
                0x00000000c001bc81                sysGetUnixTime(regs*)
                0x00000000c001bc95                string_ends_with(char const*, char const*)
                0x00000000c001bcdd                sysCallOpen(regs*)
                0x00000000c001bec5                Sys::loadSyscalls()
                0x00000000c001c0ba                Sys::systemCall(regs*, void*)
 .text          0x00000000c001c0fc     0x1203 thr/elf.32
                0x00000000c001c0fc                Thr::allocateMemoryForTask(Process*, File*, unsigned long, unsigned long, unsigned long)
                0x00000000c001c3a6                Thr::loadProgramIntoMemory(Process*, char const*)
                0x00000000c001c5bc                Thr::runtimeReferenceHelper()
                0x00000000c001c5cf                Thr::getAddressOfKernelSymbol(char const*)
                0x00000000c001c61e                Thr::loadKernelSymbolTable(char const*)
                0x00000000c001c8dc                Thr::loadDriverIntoMemory(char const*, unsigned long, bool)
                0x00000000c001d012                Thr::getDriverBaseFromAddress(unsigned long)
                0x00000000c001d044                Thr::getDriverNameFromAddress(unsigned long)
                0x00000000c001d07b                Thr::getDriverOffsetFromAddress(unsigned long)
                0x00000000c001d095                Thr::loadDLL(char const*, bool)
                0x00000000c001d2c6                Thr::executeDLL(unsigned long, void*)
 *fill*         0x00000000c001d2ff        0x1 
 .text          0x00000000c001d300     0x11ef thr/prcssthr.32
                0x00000000c001d300                userModeEntryPoint(void*)
                0x00000000c001d326                changeTSS
                0x00000000c001d356                switchToThread(ThreadControlBlock*)
                0x00000000c001d400                Process::addArgs(char**)
                0x00000000c001d45a                Process::Process(char const*, Process*, char**)
                0x00000000c001d45a                Process::Process(char const*, Process*, char**)
                0x00000000c001d63e                Process::Process(bool, char const*, Process*, char**)
                0x00000000c001d63e                Process::Process(bool, char const*, Process*, char**)
                0x00000000c001d7ed                taskStartupFunction
                0x00000000c001d7f6                Semaphore::Semaphore(int)
                0x00000000c001d7f6                Semaphore::Semaphore(int)
                0x00000000c001d824                Mutex::Mutex()
                0x00000000c001d824                Mutex::Mutex()
                0x00000000c001d836                Process::createThread(void (*)(void*), void*, int)
                0x00000000c001d93c                Process::createUserThread()
                0x00000000c001d958                setupMultitasking(void (*)())
                0x00000000c001da5b                schedule()
                0x00000000c001dae0                Semaphore::tryAcquire()
                0x00000000c001db9c                Semaphore::assertLocked(char const*)
                0x00000000c001dc0b                blockTaskWithSchedulerLockAlreadyHeld(TaskState)
                0x00000000c001dc31                blockTask(TaskState)
                0x00000000c001dc5e                waitTask(int, int*, int)
                0x00000000c001dca0                nanoSleepUntil(unsigned long long)
                0x00000000c001dd35                nanoSleep(unsigned long long)
                0x00000000c001dd4d                sleep(unsigned long long)
                0x00000000c001dd6a                Semaphore::acquire()
                0x00000000c001de0c                taskReturned
                0x00000000c001de47                Thr::processFromPID(int)
                0x00000000c001dede                unblockTask(ThreadControlBlock*)
                0x00000000c001df73                cleanupTerminatedTask(ThreadControlBlock*)
                0x00000000c001e21a                cleanerTaskFunction(void*)
                0x00000000c001e2fb                terminateTask(int)
                0x00000000c001e3ba                Thr::terminateFromIRQ(int)
                0x00000000c001e3c6                Semaphore::release()
 .text          0x00000000c001e4ef      0xada vm86/vm8086.32
                0x00000000c001e4ef                Vm::inbv(unsigned short)
                0x00000000c001e502                Vm::outbv(unsigned short, unsigned char)
                0x00000000c001e538                Vm::realToLinear(unsigned short, unsigned short)
                0x00000000c001e548                Vm::getSegment(unsigned int)
                0x00000000c001e550                Vm::getOffset(unsigned int)
                0x00000000c001e555                Vm::mainloop2()
                0x00000000c001e58f                Vm::mainVm8086Loop(void*)
                0x00000000c001e59f                Vm::mainloop3(unsigned long)
                0x00000000c001e5c5                Vm::initialise8086()
                0x00000000c001e608                Vm::finish8086()
                0x00000000c001e669                Vm::getOutput8086(unsigned char*)
                0x00000000c001e68e                Vm::start8086(char const*, unsigned short, unsigned short, unsigned short, unsigned short)
                0x00000000c001e7f6                Vm::doISR(regs*, int, unsigned char*, unsigned short, unsigned short)
                0x00000000c001e880                Vm::readByteFromReal(unsigned short, unsigned short)
                0x00000000c001e891                Vm::readWordFromReal(unsigned short, unsigned short)
                0x00000000c001e8a3                Vm::readDwordFromReal(unsigned short, unsigned short)
                0x00000000c001e8b4                Vm::writeByteFromReal(unsigned short, unsigned short, unsigned char)
                0x00000000c001e8c9                Vm::writeWordFromReal(unsigned short, unsigned short, unsigned short)
                0x00000000c001e8df                Vm::writeDwordFromReal(unsigned short, unsigned short, unsigned int)
                0x00000000c001e8f4                Vm::faultHandler(regs*)
 .text          0x00000000c001efc9      0xefd vm86/x87em.32
                0x00000000c001efc9                Vm::fpuInternalTo32(unsigned long long)
                0x00000000c001f024                Vm::fpuInternalTo64(unsigned long long)
                0x00000000c001f02d                Vm::fpu32ToInternal(unsigned int)
                0x00000000c001f072                Vm::fpu64ToInternal(unsigned long long)
                0x00000000c001f07b                Vm::fpuFloatToLong(unsigned long long)
                0x00000000c001f0d6                Vm::fpuULongToFloat(unsigned long long)
                0x00000000c001f10c                Vm::fpuLongToFloat(long long)
                0x00000000c001f162                Vm::fpuGet0()
                0x00000000c001f167                Vm::fpuGet1()
                0x00000000c001f16f                Vm::fpuGetPi()
                0x00000000c001f177                Vm::fpuGetLog2E()
                0x00000000c001f18f                Vm::fpuGetLogE2()
                0x00000000c001f1a7                Vm::fpuGetLog210()
                0x00000000c001f1bf                Vm::fpuGetLog102()
                0x00000000c001f1d7                Vm::fpuIsSecondLarger(unsigned long long, unsigned long long)
                0x00000000c001f1eb                Vm::fpuAreEqual(unsigned long long, unsigned long long)
                0x00000000c001f201                Vm::fpuUnorderedCompare(unsigned long long, unsigned long long)
                0x00000000c001f254                Vm::fpuAdd(unsigned long long, unsigned long long)
                0x00000000c001f265                Vm::fpuAbs(unsigned long long)
                0x00000000c001f26e                Vm::fpuChs(unsigned long long)
                0x00000000c001f27e                Vm::fpuSub(unsigned long long, unsigned long long)
                0x00000000c001f28d                Vm::fpuMultiply(unsigned long long, unsigned long long)
                0x00000000c001f2ac                Vm::fpuDivide(unsigned long long, unsigned long long)
                0x00000000c001f2c8                Vm::fpuSquare(unsigned long long)
                0x00000000c001f2de                Vm::fpuGetReg(int)
                0x00000000c001f321                Vm::fpuSetReg(int, unsigned long long)
                0x00000000c001f36c                Vm::fpuPush(unsigned long long)
                0x00000000c001f3c9                Vm::fpuPop()
                0x00000000c001f41b                Vm::x87Handler(regs*)
 .text          0x00000000c001fec6     0x11c1 fs/fat/vfslink.32
                0x00000000c001fec6                FAT::getName()
                0x00000000c001fecc                FAT::tell(void*, unsigned long long*)
                0x00000000c001ff00                FAT::stat(void*, unsigned long long*)
                0x00000000c001ff34                FAT::~FAT()
                0x00000000c001ff34                FAT::~FAT()
                0x00000000c001ff58                FAT::~FAT()
                0x00000000c001ff80                FAT::getlabel(LogicalDisk*, int, char*, unsigned int*)
                0x00000000c002001e                FAT::setlabel(LogicalDisk*, int, char*)
                0x00000000c00200d8                FAT::format(LogicalDisk*, int, char const*, int)
                0x00000000c0020296                FAT::tryMount(LogicalDisk*, int)
                0x00000000c002049c                FAT::getFileFirstSector(char const*)
                0x00000000c0020542                FAT::readDir(void*, unsigned long, void*, int*)
                0x00000000c002069c                FAT::read(void*, unsigned long, void*, int*)
                0x00000000c00206f6                FAT::write(void*, unsigned long, void*, int*)
                0x00000000c0020750                FAT::close(void*)
                0x00000000c002079c                FAT::closeDir(void*)
                0x00000000c00207e8                FAT::seek(void*, unsigned long long)
                0x00000000c002083c                fatWrapperReadDisk
                0x00000000c0020883                fatWrapperWriteDisk
                0x00000000c00208ca                fatWrapperIoctl
                0x00000000c00209ce                FAT::FAT()
                0x00000000c00209ce                FAT::FAT()
                0x00000000c0020a20                FAT::fixFilepath(char*)
                0x00000000c0020a58                FAT::open(char const*, void**, FileOpenMode)
                0x00000000c0020b80                FAT::openDir(char const*, void**)
                0x00000000c0020c26                FAT::stat(char const*, unsigned long long*, bool*)
                0x00000000c0020d10                FAT::unlink(char const*)
                0x00000000c0020d8a                FAT::chfatattr(char const*, unsigned char, unsigned char)
                0x00000000c0020ede                FAT::rename(char const*, char const*)
                0x00000000c0020fa2                FAT::mkdir(char const*)
                0x00000000c002101c                FAT::exists(char const*)
 *fill*         0x00000000c0021087        0x1 
 .text          0x00000000c0021088      0xb75 fs/iso9660/vfslink.32
                0x00000000c0021088                ISO9660::format(LogicalDisk*, int, char const*, int)
                0x00000000c002108e                ISO9660::seek(void*, unsigned long long)
                0x00000000c00210be                ISO9660::tell(void*, unsigned long long*)
                0x00000000c00210e2                ISO9660::getName()
                0x00000000c00210e8                ISO9660::stat(void*, unsigned long long*)
                0x00000000c002110c                ISO9660::chfatattr(char const*, unsigned char, unsigned char)
                0x00000000c0021112                ISO9660::unlink(char const*)
                0x00000000c0021118                ISO9660::write(void*, unsigned long, void*, int*)
                0x00000000c002111e                ISO9660::rename(char const*, char const*)
                0x00000000c0021124                ISO9660::mkdir(char const*)
                0x00000000c002112a                ISO9660::close(void*)
                0x00000000c002114c                ISO9660::closeDir(void*)
                0x00000000c002116e                ISO9660::~ISO9660()
                0x00000000c002116e                ISO9660::~ISO9660()
                0x00000000c0021192                ISO9660::~ISO9660()
                0x00000000c00211b9                __memmem(unsigned char*, int, unsigned char*, int)
                0x00000000c00211fb                readSectorFromCDROM(unsigned int, unsigned char*, char)
                0x00000000c0021256                ISO9660::tryMount(LogicalDisk*, int)
                0x00000000c00212a6                ISO9660::read(void*, unsigned long, void*, int*)
                0x00000000c00214aa                ISO9660::readDir(void*, unsigned long, void*, int*)
                0x00000000c0021724                readRoot(unsigned int*, unsigned int*, char)
                0x00000000c0021778                readRecursively(char*, unsigned int, unsigned int, unsigned int*, unsigned int*, char, int*)
                0x00000000c002194b                getFileData(char*, unsigned int*, unsigned int*, char, int*)
                0x00000000c00219da                ISO9660::open(char const*, void**, FileOpenMode)
                0x00000000c0021a88                ISO9660::exists(char const*)
                0x00000000c0021aac                ISO9660::stat(char const*, unsigned long long*, bool*)
                0x00000000c0021b40                ISO9660::openDir(char const*, void**)
                0x00000000c0021bda                ISO9660::ISO9660()
                0x00000000c0021bda                ISO9660::ISO9660()
 *fill*         0x00000000c0021bfd        0x1 
 .text          0x00000000c0021bfe      0x396 hal/sound/sndchannel.32
                0x00000000c0021bfe                SoundChannel::SoundChannel(int, int, int, int)
                0x00000000c0021bfe                SoundChannel::SoundChannel(int, int, int, int)
                0x00000000c0021d28                SoundChannel::~SoundChannel()
                0x00000000c0021d28                SoundChannel::~SoundChannel()
                0x00000000c0021d44                SoundChannel::getSampleRate()
                0x00000000c0021d4c                SoundChannel::getBits()
                0x00000000c0021d54                SoundChannel::getBufferUsed()
                0x00000000c0021d5c                SoundChannel::getBufferSize()
                0x00000000c0021d64                SoundChannel::unbuffer(float*, int, int)
                0x00000000c0021df8                SoundChannel::buffer16(short*, int)
                0x00000000c0021ef4                SoundChannel::buffer8(unsigned char*, int)
 .text          0x00000000c0021f94      0x43e hal/sound/sndhw.32
                0x00000000c0021f94                SoundDevice::SoundDevice(char const*)
                0x00000000c0021f94                SoundDevice::SoundDevice(char const*)
                0x00000000c0022000                SoundDevice::~SoundDevice()
                0x00000000c0022000                SoundDevice::~SoundDevice()
                0x00000000c002207a                SoundDevice::~SoundDevice()
                0x00000000c00220a4                SoundDevice::getFreeChannelNum()
                0x00000000c00220be                SoundDevice::addChannel(SoundChannel*)
                0x00000000c002212e                SoundDevice::removeChannel(int)
                0x00000000c0022160                SoundDevice::floatTo16(float*, short*, int)
                0x00000000c002224e                SoundDevice::floatTo8(float*, unsigned char*, int)
                0x00000000c0022336                SoundDevice::getAudio(int, float*, float*)
 .text          0x00000000c00223d2        0x0 hw/bus/isa.32
 .text          0x00000000c00223d2      0xb87 hw/bus/pci.32
                0x00000000c00223d2                PCI::open(int, int, void*)
                0x00000000c00223f0                PCI::close(int, int, void*)
                0x00000000c00223f4                PCI::PCI()
                0x00000000c00223f4                PCI::PCI()
                0x00000000c002248a                PCI::readBAR8(unsigned int, int)
                0x00000000c00224a6                PCI::readBAR16(unsigned int, int)
                0x00000000c00224c4                PCI::readBAR32(unsigned int, int)
                0x00000000c00224e0                PCI::writeBAR8(unsigned int, unsigned char, int)
                0x00000000c0022500                PCI::writeBAR16(unsigned int, unsigned short, int)
                0x00000000c0022522                PCI::writeBAR32(unsigned int, unsigned int, int)
                0x00000000c0022542                PCI::legacyMechanism(unsigned char, unsigned char, unsigned char, unsigned char)
                0x00000000c00225b0                PCI::pciReadWord(unsigned char, unsigned char, unsigned char, unsigned char)
                0x00000000c0022658                PCI::getVendorID(unsigned char, unsigned char, unsigned char)
                0x00000000c002267c                PCI::getHeaderType(unsigned char, unsigned char, unsigned char)
                0x00000000c00226a4                PCI::getClassCode(unsigned char, unsigned char, unsigned char)
                0x00000000c00226ee                PCI::getProgIF(unsigned char, unsigned char, unsigned char)
                0x00000000c0022716                PCI::getRevisionID(unsigned char, unsigned char, unsigned char)
                0x00000000c002273a                PCI::getInterruptNumber(unsigned char, unsigned char, unsigned char)
                0x00000000c002275e                PCI::getSecondaryBus(unsigned char, unsigned char, unsigned char)
                0x00000000c0022786                PCI::getBARAddress(unsigned char, unsigned char, unsigned char, unsigned char)
                0x00000000c00227ea                PCI::pciWriteWord(unsigned char, unsigned char, unsigned char, unsigned char, unsigned short)
                0x00000000c00228d2                PCI::pciDetailsToFilepath(PCIDeviceInfo, char*)
                0x00000000c0022b4c                PCI::checkBus(unsigned char)
                0x00000000c0022b70                PCI::foundDevice(PCIDeviceInfo)
                0x00000000c0022ce2                PCI::getDeviceData(unsigned char, unsigned char, unsigned char)
                0x00000000c0022e9a                PCI::checkDevice(unsigned char, unsigned char)
                0x00000000c0022f06                PCI::detect()
 *fill*         0x00000000c0022f59        0x1 
 .text          0x00000000c0022f5a      0xb54 hw/diskctrl/ide.32
                0x00000000c0022f5a                IDE::close(int, int, void*)
                0x00000000c0022f5e                IDE::IDE()
                0x00000000c0022f5e                IDE::IDE()
                0x00000000c0022f92                IDE::prepareInterrupt(unsigned char)
                0x00000000c0022fa4                selectDrive(unsigned char, unsigned char)
                0x00000000c0022fa6                IDE::getBase(unsigned char)
                0x00000000c0022fb8                IDE::write(unsigned char, unsigned char, unsigned char)
                0x00000000c0023078                IDE::read(unsigned char, unsigned char)
                0x00000000c0023126                IDE::waitInterrupt(unsigned char)
                0x00000000c002318c                ideChannel0IRQHandler(regs*, void*)
                0x00000000c00231a8                ideChannel1IRQHandler(regs*, void*)
                0x00000000c00231c4                IDE::enableIRQs(unsigned char, bool)
                0x00000000c002320a                IDE::open(int, int, void*)
                0x00000000c0023618                IDE::readBuffer(unsigned char, unsigned char, unsigned int, unsigned int)
                0x00000000c00236e4                IDE::detect()
                0x00000000c00239aa                IDE::printError(unsigned char, unsigned char, unsigned char)
                0x00000000c0023a5a                IDE::polling(unsigned char, unsigned int)
 .text          0x00000000c0023aae      0x336 hw/diskctrl/satabus.32
                0x00000000c0023aae                SATABus::close(int, int, void*)
                0x00000000c0023ab2                SATABus::detect()
                0x00000000c0023ab4                SATABus::SATABus()
                0x00000000c0023ab4                SATABus::SATABus()
                0x00000000c0023b3a                SATABus::findCmdslot(SATABus::tagHBA_PORT volatile*)
                0x00000000c0023b82                SATABus::checkType(SATABus::tagHBA_PORT volatile*)
                0x00000000c0023bca                SATABus::startCmd(SATABus::tagHBA_PORT volatile*)
                0x00000000c0023bea                SATABus::stopCmd(SATABus::tagHBA_PORT volatile*)
                0x00000000c0023c14                SATABus::portRebase(SATABus::tagHBA_PORT volatile*, int)
                0x00000000c0023d1a                SATABus::probePort(SATABus::tagHBA_MEM volatile*)
                0x00000000c0023dc4                SATABus::open(int, int, void*)
 .text          0x00000000c0023de4      0x604 hw/diskphys/ata.32
                0x00000000c0023de4                ATA::close(int, int, void*)
                0x00000000c0023e08                ATA::powerSaving(PowerSavingLevel)
                0x00000000c0023e0a                ATA::ATA()
                0x00000000c0023e0a                ATA::ATA()
                0x00000000c0023e38                ATA::flush(bool)
                0x00000000c0023e82                ATA::readyForCommand()
                0x00000000c0023ed2                ATA::access(unsigned long long, int, void*, bool)
                0x00000000c002425a                ATA::read(unsigned long long, int, void*)
                0x00000000c00242a6                ATA::write(unsigned long long, int, void*)
                0x00000000c00242f2                ATA::detectCHS()
                0x00000000c002431c                ATA::open(int, int, void*)
 .text          0x00000000c00243e8      0x5bd hw/diskphys/atapi.32
                0x00000000c00243e8                ATAPI::write(unsigned long long, int, void*)
                0x00000000c00243ee                ATAPI::close(int, int, void*)
                0x00000000c0024412                ATAPI::ATAPI()
                0x00000000c0024412                ATAPI::ATAPI()
                0x00000000c0024440                ATAPI::readyForCommand()
                0x00000000c0024490                ATAPI::sendPacket(unsigned char*, int, bool, unsigned short*, int)
                0x00000000c0024750                ATAPI::diskRemoved()
                0x00000000c002476c                ATAPI::eject()
                0x00000000c00247b4                ATAPI::diskInserted()
                0x00000000c00247e2                ATAPI::detectMedia()
                0x00000000c002489e                ATAPI::open(int, int, void*)
                0x00000000c0024926                ATAPI::read(unsigned long long, int, void*)
 *fill*         0x00000000c00249a5        0x1 
 .text          0x00000000c00249a6      0x41c hw/diskphys/sata.32
                0x00000000c00249a6                SATA::close(int, int, void*)
                0x00000000c00249ca                SATA::powerSaving(PowerSavingLevel)
                0x00000000c00249cc                SATA::open(int, int, void*)
                0x00000000c0024a76                SATA::SATA()
                0x00000000c0024a76                SATA::SATA()
                0x00000000c0024aa4                SATA::access(unsigned long long, int, void*, bool)
                0x00000000c0024d0a                SATA::read(unsigned long long, int, void*)
                0x00000000c0024d56                SATA::write(unsigned long long, int, void*)
 .text          0x00000000c0024dc2      0x4fe hw/diskphys/satapi.32
                0x00000000c0024dc2                SATAPI::write(unsigned long long, int, void*)
                0x00000000c0024dc8                SATAPI::close(int, int, void*)
                0x00000000c0024dec                SATAPI::SATAPI()
                0x00000000c0024dec                SATAPI::SATAPI()
                0x00000000c0024e1a                SATAPI::diskRemoved()
                0x00000000c0024e36                SATAPI::diskInserted()
                0x00000000c0024e64                SATAPI::sendPacket(unsigned char*, int, unsigned long long, unsigned short*, int)
                0x00000000c002506c                SATAPI::eject()
                0x00000000c00250b4                SATAPI::detectMedia()
                0x00000000c0025176                SATAPI::open(int, int, void*)
                0x00000000c002521e                SATAPI::read(unsigned long long, int, void*)
 .text          0x00000000c00252c0       0x8e hw/fpu/avx.32
                0x00000000c00252c0                AVX::open(int, int, void*)
                0x00000000c00252d2                AVX::close(int, int, void*)
                0x00000000c00252e4                AVX::available()
                0x00000000c00252f6                AVX::save(void*)
                0x00000000c002530e                AVX::load(void*)
                0x00000000c0025326                AVX::AVX()
                0x00000000c0025326                AVX::AVX()
 .text          0x00000000c002534e       0x90 hw/fpu/mmx.32
                0x00000000c002534e                MMX::available()
                0x00000000c0025362                MMX::open(int, int, void*)
                0x00000000c0025374                MMX::close(int, int, void*)
                0x00000000c0025386                MMX::save(void*)
                0x00000000c002539e                MMX::load(void*)
                0x00000000c00253b6                MMX::MMX()
                0x00000000c00253b6                MMX::MMX()
 .text          0x00000000c00253de       0x96 hw/fpu/sse.32
                0x00000000c00253de                SSE::open(int, int, void*)
                0x00000000c00253f0                SSE::close(int, int, void*)
                0x00000000c0025402                SSE::available()
                0x00000000c002541c                SSE::save(void*)
                0x00000000c0025434                SSE::load(void*)
                0x00000000c002544c                SSE::SSE()
                0x00000000c002544c                SSE::SSE()
 .text          0x00000000c0025474       0x8e hw/fpu/x87.32
                0x00000000c0025474                x87::open(int, int, void*)
                0x00000000c0025486                x87::close(int, int, void*)
                0x00000000c0025498                x87::available()
                0x00000000c00254aa                x87::save(void*)
                0x00000000c00254c2                x87::load(void*)
                0x00000000c00254da                x87::x87()
                0x00000000c00254da                x87::x87()
 .text          0x00000000c0025502      0x71e hw/intctrl/apic.32
                0x00000000c0025502                APIC::disable()
                0x00000000c0025504                APIC::close(int, int, void*)
                0x00000000c0025526                IOAPIC::close(int, int, void*)
                0x00000000c002552c                APIC::io_wait()
                0x00000000c0025532                APIC::getBase()
                0x00000000c0025574                APIC::eoi(unsigned char)
                0x00000000c00255a2                APIC::open(int, int, void*)
                0x00000000c00256f0                IOAPIC::IOAPIC()
                0x00000000c00256f0                IOAPIC::IOAPIC()
                0x00000000c0025718                APIC::APIC()
                0x00000000c0025718                APIC::APIC()
                0x00000000c00257f4                IOAPIC::handlesGSIWithNumber(unsigned int)
                0x00000000c0025826                IOAPIC::read(int)
                0x00000000c002584e                IOAPIC::open(int, int, void*)
                0x00000000c0025944                IOAPIC::write(int, int)
                0x00000000c0025970                IOAPIC::redirect(unsigned char, unsigned long long, unsigned char, bool, bool)
                0x00000000c0025a6a                APIC::installIRQHandler(int, void (*)(regs*, void*), bool, void*)
 .text          0x00000000c0025c20      0x3d3 hw/intctrl/pic.32
                0x00000000c0025c20                PIC::disable()
                0x00000000c0025c4e                PIC::close(int, int, void*)
                0x00000000c0025c70                PIC::PIC()
                0x00000000c0025c70                PIC::PIC()
                0x00000000c0025d46                PIC::ioWait()
                0x00000000c0025d4c                PIC::getIRQReg(int)
                0x00000000c0025db6                PIC::eoi(unsigned char)
                0x00000000c0025e48                PIC::remap()
                0x00000000c0025fb4                PIC::open(int, int, void*)
 *fill*         0x00000000c0025ff3        0x1 
 .text          0x00000000c0025ff4      0x25e hw/timer/apictimer.32
                0x00000000c0025ff4                APICTimer::close(int, int, void*)
                0x00000000c0025ffa                apicTimerHandler(regs*, void*)
                0x00000000c0026028                APICTimer::write(int)
                0x00000000c002612c                APICTimer::open(int, int, void*)
                0x00000000c002622a                APICTimer::APICTimer()
                0x00000000c002622a                APICTimer::APICTimer()
 .text          0x00000000c0026252      0x1a7 hw/timer/pit.32
                0x00000000c0026252                PIT::write(int)
                0x00000000c00262d0                pitHandler(regs*, void*)
                0x00000000c00262fc                PIT::open(int, int, void*)
                0x00000000c002634a                PIT::close(int, int, void*)
                0x00000000c002637a                PIT::PIT()
                0x00000000c002637a                PIT::PIT()
 *fill*         0x00000000c00263f9        0x7 
 .text          0x00000000c0026400       0x1e hw/fpu/x86/avx.32
                0x00000000c0026400                avxDetect
                0x00000000c0026406                avxSave
                0x00000000c0026407                avxLoad
                0x00000000c0026408                avxInit
                0x00000000c0026409                avxClose
                0x00000000c002640a                wouldSheSayYes
 *fill*         0x00000000c002641e        0x2 
 .text          0x00000000c0026420       0x35 hw/fpu/x86/sse.32
                0x00000000c0026420                absolutelyNoChanceInHell
                0x00000000c0026420                sseDetect
                0x00000000c0026438                sseSave
                0x00000000c002643e                sseLoad
                0x00000000c0026444                sseInit
                0x00000000c0026454                sseClose
 *fill*         0x00000000c0026455        0xb 
 .text          0x00000000c0026460       0x4d hw/fpu/x86/x87.32
                0x00000000c0026466                x87Detect
                0x00000000c0026481                x87Save
                0x00000000c002648a                x87Load
                0x00000000c0026492                x87Init
                0x00000000c00264ac                x87Close
 *fill*         0x00000000c00264ad        0x3 
 .text          0x00000000c00264b0       0x25 /cygdrive/d/Users/Alex/Desktop/Toolchain/Output/bin/../lib/gcc/i386-banana/8.1.0/crtend.o
 .text          0x00000000c00264d5        0x0 crtn.32
 *fill*         0x00000000c00264d5        0x3 
 .text          0x00000000c00264d8      0x14b /cygdrive/d/Users/Alex/Desktop/Toolchain/Output/bin/../lib/gcc/i386-banana/8.1.0/libkgcc.a(_divdi3.o)
                0x00000000c00264d8                __divdi3
 *fill*         0x00000000c0026623        0x1 
 .text          0x00000000c0026624      0x17e /cygdrive/d/Users/Alex/Desktop/Toolchain/Output/bin/../lib/gcc/i386-banana/8.1.0/libkgcc.a(_moddi3.o)
                0x00000000c0026624                __moddi3
 *fill*         0x00000000c00267a2        0x2 
 .text          0x00000000c00267a4       0xff /cygdrive/d/Users/Alex/Desktop/Toolchain/Output/bin/../lib/gcc/i386-banana/8.1.0/libkgcc.a(_udivdi3.o)
                0x00000000c00267a4                __udivdi3
 *fill*         0x00000000c00268a3        0x1 
 .text          0x00000000c00268a4      0x11a /cygdrive/d/Users/Alex/Desktop/Toolchain/Output/bin/../lib/gcc/i386-banana/8.1.0/libkgcc.a(_umoddi3.o)
                0x00000000c00268a4                __umoddi3
 .text          0x00000000c00269be      0x96d D:/Users/Alex/Desktop/Banana/kernel/libsoftfp.a(sfieeelib.o)
                0x00000000c00269be                __addsf3
                0x00000000c0026cc0                __subsf3
                0x00000000c0026cd4                __negsf2
                0x00000000c0026ce1                __mulsf3
                0x00000000c0026ea4                __divsf3
                0x00000000c00270cf                __floatsisf
                0x00000000c0027143                __floatunsisf
                0x00000000c0027185                __fixsfsi
                0x00000000c00271e7                __fixunssfsi
                0x00000000c0027218                __cmpsf2
                0x00000000c00272ad                __eqsf2
                0x00000000c00272e8                __nesf2
                0x00000000c00272ea                __gtsf2
                0x00000000c0027325                __gesf2
                0x00000000c0027327                __ltsf2
                0x00000000c0027329                __lesf2
 .text          0x00000000c002732b      0xf50 D:/Users/Alex/Desktop/Banana/kernel/libsoftfp.a(dfieeelib.o)
                0x00000000c002732b                __adddf3
                0x00000000c002797c                __subdf3