Archive member included to satisfy reference by file (symbol)

/cygdrive/c/Users/Alex/Toolchain/Output/bin/../lib/gcc/i386-banana/8.1.0/libkgcc.a(_divdi3.o)
                              krnl/intops.32 (__divdi3)
/cygdrive/c/Users/Alex/Toolchain/Output/bin/../lib/gcc/i386-banana/8.1.0/libkgcc.a(_moddi3.o)
                              krnl/intops.32 (__moddi3)
/cygdrive/c/Users/Alex/Toolchain/Output/bin/../lib/gcc/i386-banana/8.1.0/libkgcc.a(_udivdi3.o)
                              hal/clock.32 (__udivdi3)
/cygdrive/c/Users/Alex/Toolchain/Output/bin/../lib/gcc/i386-banana/8.1.0/libkgcc.a(_umoddi3.o)
                              hal/clock.32 (__umoddi3)
C:/Users/Alex/Desktop/Banana/kernel/libk/libm32.a(e_acos.c.o)
                              krnl/mathlinker.32 (acos)
C:/Users/Alex/Desktop/Banana/kernel/libk/libm32.a(e_asin.c.o)
                              krnl/mathlinker.32 (asin)
C:/Users/Alex/Desktop/Banana/kernel/libk/libm32.a(e_atan2.c.o)
                              krnl/mathlinker.32 (atan2)
C:/Users/Alex/Desktop/Banana/kernel/libk/libm32.a(e_cosh.c.o)
                              krnl/mathlinker.32 (cosh)
C:/Users/Alex/Desktop/Banana/kernel/libk/libm32.a(e_pow.c.o)
                              krnl/mathlinker.32 (pow)
C:/Users/Alex/Desktop/Banana/kernel/libk/libm32.a(e_sinh.c.o)
                              krnl/mathlinker.32 (sinh)
C:/Users/Alex/Desktop/Banana/kernel/libk/libm32.a(k_exp.c.o)
                              C:/Users/Alex/Desktop/Banana/kernel/libk/libm32.a(e_cosh.c.o) (__ldexp_exp)
C:/Users/Alex/Desktop/Banana/kernel/libk/libm32.a(s_atan.c.o)
                              krnl/mathlinker.32 (atan)
C:/Users/Alex/Desktop/Banana/kernel/libk/libm32.a(s_cos.c.o)
                              krnl/mathlinker.32 (cos)
C:/Users/Alex/Desktop/Banana/kernel/libk/libm32.a(s_expm1.c.o)
                              C:/Users/Alex/Desktop/Banana/kernel/libk/libm32.a(e_cosh.c.o) (expm1)
C:/Users/Alex/Desktop/Banana/kernel/libk/libm32.a(s_fabs.c.o)
                              C:/Users/Alex/Desktop/Banana/kernel/libk/libm32.a(e_asin.c.o) (fabs)
C:/Users/Alex/Desktop/Banana/kernel/libk/libm32.a(s_frexp.c.o)
                              krnl/mathlinker.32 (frexp)
C:/Users/Alex/Desktop/Banana/kernel/libk/libm32.a(s_modf.c.o)
                              krnl/mathlinker.32 (modf)
C:/Users/Alex/Desktop/Banana/kernel/libk/libm32.a(s_round.c.o)
                              krnl/mathlinker.32 (round)
C:/Users/Alex/Desktop/Banana/kernel/libk/libm32.a(s_sin.c.o)
                              krnl/mathlinker.32 (sin)
C:/Users/Alex/Desktop/Banana/kernel/libk/libm32.a(s_tanh.c.o)
                              krnl/mathlinker.32 (tanh)
C:/Users/Alex/Desktop/Banana/kernel/libk/libm32.a(s_cimag.c.o)
                              C:/Users/Alex/Desktop/Banana/kernel/libk/libm32.a(k_exp.c.o) (cimag)
C:/Users/Alex/Desktop/Banana/kernel/libk/libm32.a(s_creal.c.o)
                              C:/Users/Alex/Desktop/Banana/kernel/libk/libm32.a(k_exp.c.o) (creal)
C:/Users/Alex/Desktop/Banana/kernel/libk/libm32.a(e_exp.S.o)
                              krnl/mathlinker.32 (exp)
C:/Users/Alex/Desktop/Banana/kernel/libk/libm32.a(e_fmod.S.o)
                              krnl/mathlinker.32 (fmod)
C:/Users/Alex/Desktop/Banana/kernel/libk/libm32.a(e_log.S.o)
                              krnl/mathlinker.32 (log)
C:/Users/Alex/Desktop/Banana/kernel/libk/libm32.a(e_log10.S.o)
                              krnl/mathlinker.32 (log10)
C:/Users/Alex/Desktop/Banana/kernel/libk/libm32.a(e_sqrt.S.o)
                              krnl/mathlinker.32 (sqrt)
C:/Users/Alex/Desktop/Banana/kernel/libk/libm32.a(s_ceil.S.o)
                              krnl/mathlinker.32 (ceil)
C:/Users/Alex/Desktop/Banana/kernel/libk/libm32.a(s_floor.S.o)
                              krnl/mathlinker.32 (floor)
C:/Users/Alex/Desktop/Banana/kernel/libk/libm32.a(s_tan.S.o)
                              krnl/mathlinker.32 (tan)
C:/Users/Alex/Desktop/Banana/kernel/libk/libm32.a(s_scalbn.S.o)
                              C:/Users/Alex/Desktop/Banana/kernel/libk/libm32.a(e_pow.c.o) (scalbn)
C:/Users/Alex/Desktop/Banana/kernel/libk/libm32.a(e_rem_pio2.c.o)
                              C:/Users/Alex/Desktop/Banana/kernel/libk/libm32.a(s_cos.c.o) (__ieee754_rem_pio2)
C:/Users/Alex/Desktop/Banana/kernel/libk/libm32.a(k_cos.c.o)
                              C:/Users/Alex/Desktop/Banana/kernel/libk/libm32.a(s_cos.c.o) (__kernel_cos)
C:/Users/Alex/Desktop/Banana/kernel/libk/libm32.a(k_rem_pio2.c.o)
                              C:/Users/Alex/Desktop/Banana/kernel/libk/libm32.a(e_rem_pio2.c.o) (__kernel_rem_pio2)
C:/Users/Alex/Desktop/Banana/kernel/libk/libm32.a(k_sin.c.o)
                              C:/Users/Alex/Desktop/Banana/kernel/libk/libm32.a(s_cos.c.o) (__kernel_sin)

Allocating common symbols
Common symbol       size              file

dcache              0x40              fs/iso9660/iso9660.32
[...]
Memory Configuration

Name             Origin             Length             Attributes
*default*        0x0000000000000000 0xffffffffffffffff

Linker script and memory map

LOAD C:/Users/Alex/Desktop/Banana/kernel/boot.32
LOAD crti.32
LOAD /cygdrive/c/Users/Alex/Toolchain/Output/bin/../lib/gcc/i386-banana/8.1.0/crtbegin.o
LOAD C:/Users/Alex/Desktop/Banana/kernel/morenasm.32
LOAD acpica/utclib.32
LOAD krnl/malloc.32
LOAD libk/ctype.32
LOAD libk/string.32
LOAD arch/i386/cc.32
LOAD fs/fat/diskio.32
LOAD fs/fat/ff.32
LOAD fs/fat/ffsystem.32
LOAD fs/fat/ffunicode.32
LOAD fs/iso9660/iso9660.32
LOAD dbg/kconsole.32
LOAD dbg/usban.32
LOAD fs/symlink.32
LOAD fs/vfs.32
LOAD hal/bus.32
LOAD hal/buzzer.32
LOAD hal/clock.32
LOAD hal/device.32
LOAD hal/diskctrl.32
LOAD hal/diskphys.32
LOAD hal/fpu.32
LOAD hal/keybrd.32
LOAD hal/logidisk.32
LOAD hal/mouse.32
LOAD hal/nic.32
LOAD hal/partition.32
LOAD hal/serial.32
LOAD hal/timer.32
LOAD hal/vcache.32
LOAD hal/video.32
LOAD hw/acpi.32
LOAD krnl/assert.32
LOAD krnl/atexit.32
LOAD krnl/bootflags.32
LOAD krnl/bootmsg.32
LOAD krnl/c++.32
LOAD krnl/cdefs.32
LOAD krnl/cm.32
LOAD krnl/computer.32
LOAD krnl/crc32.32
LOAD krnl/env.32
LOAD krnl/fault.32
LOAD krnl/gdt.32
LOAD krnl/idle.32
LOAD krnl/idt.32
LOAD krnl/inlines.32
LOAD krnl/intlformat.32
LOAD krnl/intops.32
LOAD krnl/kheap.32
LOAD krnl/mailbox.32
LOAD krnl/main.32
LOAD krnl/mathlinker.32
LOAD krnl/mutex.32
LOAD krnl/panic.32
LOAD krnl/physmgr.32
LOAD krnl/pipe.32
LOAD krnl/powctrl.32
LOAD krnl/random.32
LOAD krnl/resolve.32
LOAD krnl/semaphore.32
LOAD krnl/signal.32
LOAD krnl/syscalls.32
LOAD krnl/terminal.32
LOAD krnl/tss.32
LOAD krnl/unixfile.32
LOAD krnl/virtmgr.32
LOAD sys/alarm.32
LOAD sys/eject.32
LOAD sys/exit.32
LOAD sys/getcwd.32
LOAD sys/getpid.32
LOAD sys/getramdata.32
LOAD sys/getvgaptr.32
LOAD sys/kill.32
LOAD sys/loaddll.32
LOAD sys/pause.32
LOAD sys/pthread.32
LOAD sys/read.32
LOAD sys/registersignal.32
LOAD sys/registry.32
LOAD sys/sbrk.32
LOAD sys/setcwd.32
LOAD sys/settime.32
LOAD sys/symlink.32
LOAD sys/timezone.32
LOAD sys/truncate.32
LOAD sys/write.32
LOAD sys/wsbe.32
LOAD sys/yield.32
LOAD thr/alarm.32
LOAD thr/elf.32
LOAD thr/elf2.32
LOAD thr/exec.32
LOAD thr/prcssthr.32
LOAD vm86/vm8086.32
LOAD arch/i386/apic.32
LOAD arch/i386/hal.32
LOAD arch/i386/intctrl.32
LOAD arch/i386/pic.32
LOAD arch/i386/rtc.32
LOAD arch/i386/vga.32
LOAD fs/fat/vfslink.32
LOAD fs/iso9660/helper.32
LOAD fs/iso9660/vfslink.32
LOAD hal/sound/sndcard.32
LOAD hal/sound/sndport.32
LOAD hw/bus/pci.32
LOAD hw/diskctrl/ide.32
LOAD hw/diskctrl/satabus.32
LOAD hw/diskphys/ata.32
LOAD hw/diskphys/atapi.32
LOAD hw/diskphys/sata.32
LOAD hw/diskphys/satapi.32
LOAD hw/timer/apictimer.32
LOAD hw/timer/pit.32
LOAD arch/i386/avx.32
LOAD arch/i386/interrupt.32
LOAD arch/i386/rdrand.32
LOAD arch/i386/sse.32
LOAD arch/i386/x87.32
LOAD /cygdrive/c/Users/Alex/Toolchain/Output/bin/../lib/gcc/i386-banana/8.1.0/crtend.o
LOAD crtn.32
LOAD /cygdrive/c/Users/Alex/Toolchain/Output/bin/../lib/gcc/i386-banana/8.1.0/libkgcc.a
LOAD C:/Users/Alex/Desktop/Banana/kernel/libsoftfp.a
LOAD C:/Users/Alex/Desktop/Banana/kernel/libk/libm32.a
                0x00000000c0000000                . = 0xc0000000

.text           0x00000000c0000000    0x25998
 *(.text)
 .text          0x00000000c0000000       0x20 C:/Users/Alex/Desktop/Banana/kernel/boot.32
 .text          0x00000000c0000020        0x0 crti.32
 .text          0x00000000c0000020      0x101 /cygdrive/c/Users/Alex/Toolchain/Output/bin/../lib/gcc/i386-banana/8.1.0/crtbegin.o
 *fill*         0x00000000c0000121        0xf 
 .text          0x00000000c0000130      0x24f C:/Users/Alex/Desktop/Banana/kernel/morenasm.32
                0x00000000c0000130                manualPCIProbe
                0x00000000c000017b                prepareTramp
                0x00000000c0000194                doTPAUSE
                0x00000000c000019e                hasLegacyFPU
                0x00000000c00001c3                is486
                0x00000000c00001f9                detectCPUID
                0x00000000c000020f                goToVM86
                0x00000000c000023f                goToUsermode
                0x00000000c0000269                switchToThreadASMFirstTime
                0x00000000c0000277                switchToThreadASM
                0x00000000c00002fc                asmQuickAcquireLock
                0x00000000c000031a                asmQuickReleaseLock
                0x00000000c0000326                asmAcquireLock
                0x00000000c0000347                asmReleaseLock
                0x00000000c000035a                loadGDT
                0x00000000c000037a                memcpy
 *fill*         0x00000000c000037f        0x1 
 .text          0x00000000c0000380      0x868 acpica/utclib.32
                0x00000000c0000380                memcmp
                0x00000000c00003d0                memmove
                0x00000000c00004f0                memset
                0x00000000c0000570                strlen
                0x00000000c00005a0                strpbrk
                0x00000000c00005f0                strtok
                0x00000000c0000640                strcpy
                0x00000000c0000680                strncpy
                0x00000000c0000750                strcmp
                0x00000000c00007a0                strchr
                0x00000000c00007e0                strncmp
                0x00000000c0000840                strcat
                0x00000000c0000870                strncat
                0x00000000c00008d0                strstr
                0x00000000c0000930                toupper
                0x00000000c0000950                tolower
                0x00000000c0000970                simple_strtoul
 .text          0x00000000c0000be8     0x1140 krnl/malloc.32
                0x00000000c0000d53                dlfree
                0x00000000c000121a                dlmalloc
                0x00000000c0001757                dlrealloc
                0x00000000c0001934                dlmemalign
                0x00000000c0001a57                dlcalloc
                0x00000000c0001ae8                dlcfree
                0x00000000c0001aed                dlindependent_calloc
                0x00000000c0001b12                dlindependent_comalloc
                0x00000000c0001b29                dlvalloc
                0x00000000c0001b54                dlpvalloc
                0x00000000c0001b8a                dlmalloc_trim
                0x00000000c0001b97                dlmalloc_usable_size
                0x00000000c0001bc8                dlmallinfo
                0x00000000c0001c97                dlmalloc_stats
                0x00000000c0001ca8                dlmallopt
 .text          0x00000000c0001d28      0x1f2 libk/ctype.32
                0x00000000c0001d28                isblank
                0x00000000c0001d48                iscntrl
                0x00000000c0001d68                isdigit
                0x00000000c0001d84                islower
                0x00000000c0001da0                isspace
                0x00000000c0001dc8                isupper
                0x00000000c0001de4                isalpha
                0x00000000c0001e14                isalnum
                0x00000000c0001e44                ispunct
                0x00000000c0001e84                isgraph
                0x00000000c0001eb4                isprint
                0x00000000c0001edc                isxdigit
 .text          0x00000000c0001f1a        0x0 libk/string.32
 *fill*         0x00000000c0001f1a        0x2 
 .text          0x00000000c0001f1c       0x53 arch/i386/cc.32
                0x00000000c0001f1c                LWIP_PLATFORM_HTONS
                0x00000000c0001f40                LWIP_PLATFORM_HTONL
 .text          0x00000000c0001f6f       0x51 fs/fat/diskio.32
                0x00000000c0001f6f                disk_status
                0x00000000c0001f72                disk_initialize
                0x00000000c0001f75                disk_read
                0x00000000c0001f8b                disk_write
                0x00000000c0001fa1                disk_ioctl
 .text          0x00000000c0001fc0     0x3e46 fs/fat/ff.32
                0x00000000c0003de1                f_mount
                0x00000000c0003e43                f_open
                0x00000000c0004106                f_read
                0x00000000c0004305                f_write
                0x00000000c000454d                f_sync
                0x00000000c0004612                f_close
                0x00000000c0004641                f_lseek
                0x00000000c00047f2                f_opendir
                0x00000000c00048bd                f_closedir
                0x00000000c00048df                f_readdir
                0x00000000c0004971                f_stat
                0x00000000c00049f0                f_getfree
                0x00000000c0004af9                f_truncate
                0x00000000c0004be3                f_unlink
                0x00000000c0004d05                f_mkdir
                0x00000000c0004ea0                f_rename
                0x00000000c0005058                f_chmod
                0x00000000c0005108                f_utime
                0x00000000c00051b8                f_getlabel
                0x00000000c0005309                f_setlabel
                0x00000000c0005499                f_expand
                0x00000000c0005606                f_mkfs
 *fill*         0x00000000c0005e06        0x2 
 .text          0x00000000c0005e08       0x2f fs/fat/ffsystem.32
                0x00000000c0005e08                ff_memalloc
                0x00000000c0005e20                ff_memfree
 *fill*         0x00000000c0005e37        0x1 
 .text          0x00000000c0005e38      0x2dc fs/fat/ffunicode.32
                0x00000000c0005e38                ff_uni2oem
                0x00000000c0005ed8                ff_oem2uni
                0x00000000c0005f50                ff_wtoupper
 .text          0x00000000c0006114      0xd32 fs/iso9660/iso9660.32
                0x00000000c000635f                isoReadDiscSector
                0x00000000c00063fa                strnicmp
                0x00000000c00066a9                stricmp
                0x00000000c00066f5                iso_open
                0x00000000c000677f                iso_close
                0x00000000c000679d                iso_read
                0x00000000c00068b3                iso_seek
                0x00000000c0006937                iso_tell
                0x00000000c0006968                iso_total
                0x00000000c0006993                fn_postprocess
                0x00000000c00069ba                iso_readdir
                0x00000000c0006c11                iso_reset
                0x00000000c0006c2e                init_percd
                0x00000000c0006d28                iso_ioctl
                0x00000000c0006d40                fs_iso9660_init
                0x00000000c0006dd6                fs_iso9660_shutdown
 .text          0x00000000c0006e46      0x2ad dbg/kconsole.32
                0x00000000c0006e46                Dbg::stringifyxWithBase(unsigned int, char*, int)
                0x00000000c0006ee6                Dbg::logc(char)
                0x00000000c0006f13                Dbg::logs(char*)
                0x00000000c0006f3d                Dbg::logWriteInt(unsigned int)
                0x00000000c0006f5b                Dbg::logWriteIntBase(unsigned int, int)
                0x00000000c0006f7c                Dbg::kprintf(char const*, ...)
 *fill*         0x00000000c00070f3        0x1 
 .text          0x00000000c00070f4      0x2d4 dbg/usban.32
                0x00000000c00070f4                KiUbsanPrintDetails(char const*, void*)
                0x00000000c0007160                __ubsan_handle_type_mismatch_v1
                0x00000000c000723c                __ubsan_handle_pointer_overflow
                0x00000000c0007268                __ubsan_handle_out_of_bounds
                0x00000000c0007294                __ubsan_handle_add_overflow
                0x00000000c00072c0                __ubsan_handle_load_invalid_value
                0x00000000c00072ec                __ubsan_handle_divrem_overflow
                0x00000000c0007318                __ubsan_handle_mul_overflow
                0x00000000c0007344                __ubsan_handle_sub_overflow
                0x00000000c0007370                __ubsan_handle_shift_out_of_bounds
                0x00000000c000739c                __ubsan_handle_negate_overflow
 .text          0x00000000c00073c8      0x814 fs/symlink.32
                0x00000000c0007517                KiDeinitialiseSymlinks(void*)
                0x00000000c00075aa                KeRegisterSymlink(char const*, unsigned long long)
                0x00000000c000762d                KeInitialiseSymlinks()
                0x00000000c000778f                KiIsSymlinkRegistered(char const*)
                0x00000000c00078f9                KeDereferenceSymlink(char const*, char*)
                0x00000000c0007aa0                KeCreateSymlink(char const*, char const*)
 .text          0x00000000c0007bdc      0xd88 fs/vfs.32
                0x00000000c0007bdc                File::read(unsigned long long, void*, int*)
                0x00000000c0007c34                File::write(unsigned long long, void*, int*)
                0x00000000c0007c8c                Directory::read(unsigned long long, void*, int*)
                0x00000000c0007ce4                Directory::write(unsigned long long, void*, int*)
                0x00000000c0007d12                File::isAtty()
                0x00000000c0007d16                Directory::isAtty()
                0x00000000c0007d1a                Filesystem::getlabel(LogicalDisk*, int, char*, unsigned int*)
                0x00000000c0007d20                Filesystem::setlabel(LogicalDisk*, int, char*)
                0x00000000c0007d26                Filesystem::allocateSwapfile(char const*, int)
                0x00000000c0007d2c                File::~File()
                0x00000000c0007d2c                File::~File()
                0x00000000c0007d50                File::~File()
                0x00000000c0007d7a                Directory::~Directory()
                0x00000000c0007d7a                Directory::~Directory()
                0x00000000c0007d9e                Directory::~Directory()
                0x00000000c0007dc8                Filesystem::Filesystem()
                0x00000000c0007dc8                Filesystem::Filesystem()
                0x00000000c0007dec                Filesystem::~Filesystem()
                0x00000000c0007dec                Filesystem::~Filesystem()
                0x00000000c0007dfa                Filesystem::~Filesystem()
                0x00000000c0007e1e                Fs::getcwd(Process*, char*, int)
                0x00000000c0007e48                Fs::initVFS()
                0x00000000c0007e72                Fs::standardiseFiles(char*, char const*, char const*, bool)
                0x00000000c000808c                File::File(char const*, Process*, bool)
                0x00000000c000808c                File::File(char const*, Process*, bool)
                0x00000000c000818a                File::File(char const*, Process*)
                0x00000000c000818a                File::File(char const*, Process*)
                0x00000000c00081a8                File::open(FileOpenMode)
                0x00000000c0008206                File::close()
                0x00000000c0008266                File::seek(unsigned long long)
                0x00000000c00082bc                File::truncate(unsigned long long)
                0x00000000c0008312                File::tell(unsigned long long*)
                0x00000000c0008362                File::rewind()
                0x00000000c0008376                File::unlink()
                0x00000000c00083c2                File::rename(char const*)
                0x00000000c0008410                File::chfatattr(unsigned char, unsigned char)
                0x00000000c000846c                File::exists()
                0x00000000c00084aa                File::stat(unsigned long long*, bool*)
                0x00000000c000850b                Fs::setcwd(Process*, char*)
                0x00000000c000866a                Directory::Directory(char const*, Process*)
                0x00000000c000866a                Directory::Directory(char const*, Process*)
                0x00000000c0008732                Directory::open()
                0x00000000c000878e                Directory::close()
                0x00000000c00087ee                Directory::unlink()
                0x00000000c000883a                Directory::rename(char const*)
                0x00000000c0008888                Directory::exists()
                0x00000000c00088c6                Directory::read(dirent*)
                0x00000000c0008912                Directory::create()
                0x00000000c000895e                Filesystem::chfatattr(char const*, unsigned char, unsigned char)
 .text          0x00000000c0008964       0x86 hal/bus.32
                0x00000000c0008964                Bus::Bus(char const*)
                0x00000000c0008964                Bus::Bus(char const*)
                0x00000000c000899c                Bus::~Bus()
                0x00000000c000899c                Bus::~Bus()
                0x00000000c00089c0                Bus::~Bus()
 .text          0x00000000c00089ea       0x9b hal/buzzer.32
                0x00000000c00089ea                KeBeepThread(void*)
                0x00000000c0008a2b                KeBeep(int, int, bool)
 *fill*         0x00000000c0008a85        0x1 
 .text          0x00000000c0008a86      0xeac hal/clock.32
                0x00000000c0008a86                KeLoadTimezoneStrings()
                0x00000000c0008e15                KeGetTimezoneStringFromID(int)
                0x00000000c0008eb2                KeUpdateTimezone(char const*)
                0x00000000c0008fac                KeSetTimezone(char const*)
                0x00000000c0009009                KeSetTimezone(int)
                0x00000000c000903c                KeLoadTimezone()
                0x00000000c00090b6                Clock::Clock(char const*)
                0x00000000c00090b6                Clock::Clock(char const*)
                0x00000000c00090ec                Clock::~Clock()
                0x00000000c00090ec                Clock::~Clock()
                0x00000000c0009110                Clock::~Clock()
                0x00000000c000913a                Clock::timeInSecondsLocal()
                0x00000000c00091b0                Clock::setTimeInSecondsLocal(unsigned long long)
                0x00000000c000923c                KeDatetimeToSeconds(datetime_t)
                0x00000000c000957c                Clock::setTimeInDatetimeLocal(datetime_t)
                0x00000000c000964a                KeSecondsToDatetime(unsigned long long)
                0x00000000c0009906                Clock::timeInDatetimeLocal()
 .text          0x00000000c0009932      0x47a hal/device.32
                0x00000000c0009932                Device::hibernate()
                0x00000000c0009934                Device::wake()
                0x00000000c0009936                Device::detect()
                0x00000000c0009938                Device::disableLegacy()
                0x00000000c000993a                Device::powerSaving(PowerSavingLevel)
                0x00000000c000993c                DriverlessDevice::close(int, int, void*)
                0x00000000c0009940                DriverlessDevice::detect()
                0x00000000c0009942                DriverlessDevice::open(int, int, void*)
                0x00000000c0009956                Device::~Device()
                0x00000000c0009956                Device::~Device()
                0x00000000c0009964                Device::~Device()
                0x00000000c000998c                Device::findAndLoadDriver()
                0x00000000c000999a                Device::preOpenPCI(PCIDeviceInfo)
                0x00000000c00099c0                Device::preOpenACPI(void*, char*, char*)
                0x00000000c0009a00                Device::addIRQHandler(int, void (*)(regs*, void*), bool, void*)
                0x00000000c0009a2a                Device::getParent()
                0x00000000c0009a36                Device::removeIRQHandler(int, void (*)(regs*, void*), bool)
                0x00000000c0009a54                Device::addChild(Device*)
                0x00000000c0009a98                Device::removeAllChildren()
                0x00000000c0009ade                Device::hibernateAll()
                0x00000000c0009b0e                Device::wakeAll()
                0x00000000c0009b3e                Device::detectAll()
                0x00000000c0009b6e                Device::disableLegacyAll()
                0x00000000c0009b70                Device::loadDriversForAll()
                0x00000000c0009b72                Device::powerSavingAll(PowerSavingLevel)
                0x00000000c0009ba8                Device::setName(char const*)
                0x00000000c0009bb6                Device::Device(char const*)
                0x00000000c0009bb6                Device::Device(char const*)
                0x00000000c0009cb2                Device::getName()
                0x00000000c0009cbc                Device::closeAll()
                0x00000000c0009d08                DriverlessDevice::DriverlessDevice(char const*)
                0x00000000c0009d08                DriverlessDevice::DriverlessDevice(char const*)
                0x00000000c0009d3e                Device::addToLinkedList(LinkedList<Device>&, DeviceType)
                0x00000000c0009d82                getDevicesOfType(DeviceType)
 .text          0x00000000c0009dac       0x86 hal/diskctrl.32
                0x00000000c0009dac                HardDiskController::HardDiskController(char const*)
                0x00000000c0009dac                HardDiskController::HardDiskController(char const*)
                0x00000000c0009de4                HardDiskController::~HardDiskController()
                0x00000000c0009de4                HardDiskController::~HardDiskController()
                0x00000000c0009e08                HardDiskController::~HardDiskController()
 .text          0x00000000c0009e32       0xe2 hal/diskphys.32
                0x00000000c0009e32                PhysicalDisk::eject()
                0x00000000c0009e36                PhysicalDisk::PhysicalDisk(char const*, int)
                0x00000000c0009e36                PhysicalDisk::PhysicalDisk(char const*, int)
                0x00000000c0009e9e                PhysicalDisk::startCache()
                0x00000000c0009ec6                PhysicalDisk::~PhysicalDisk()
                0x00000000c0009ec6                PhysicalDisk::~PhysicalDisk()
                0x00000000c0009eea                PhysicalDisk::~PhysicalDisk()
 .text          0x00000000c0009f14        0x0 hal/fpu.32
 .text          0x00000000c0009f14      0x83e hal/keybrd.32
                0x00000000c0009f14                startGUI(void*)
                0x00000000c0009f5e                startGUIVESA(void*)
                0x00000000c0009fa8                sendKeyToTerminal(unsigned char)
                0x00000000c000a07e                sendKeyboardToken(KeyboardToken)
                0x00000000c000a53a                clearInternalKeybuffer(VgaText*)
                0x00000000c000a56f                readKeyboard(VgaText*, char*, unsigned long)
                0x00000000c000a6c8                Keyboard::Keyboard(char const*)
                0x00000000c000a6c8                Keyboard::Keyboard(char const*)
                0x00000000c000a704                Keyboard::~Keyboard()
                0x00000000c000a704                Keyboard::~Keyboard()
                0x00000000c000a728                Keyboard::~Keyboard()
 .text          0x00000000c000a752      0x3f8 hal/logidisk.32
                0x00000000c000a752                LogicalDisk::close(int, int, void*)
                0x00000000c000a756                LogicalDisk::~LogicalDisk()
                0x00000000c000a756                LogicalDisk::~LogicalDisk()
                0x00000000c000a77a                LogicalDisk::~LogicalDisk()
                0x00000000c000a7a4                LogicalDisk::open(int, int, void*)
                0x00000000c000a7b8                LogicalDisk::absoluteToRelative(unsigned long long)
                0x00000000c000a7f0                LogicalDisk::relativeToAbsolute(unsigned long long)
                0x00000000c000a836                LogicalDisk::LogicalDisk(char const*, PhysicalDisk*, unsigned long long, unsigned long long)
                0x00000000c000a836                LogicalDisk::LogicalDisk(char const*, PhysicalDisk*, unsigned long long, unsigned long long)
                0x00000000c000a8f6                LogicalDisk::assignDriveLetter()
                0x00000000c000a9b0                LogicalDisk::mount()
                0x00000000c000a9f8                LogicalDisk::unmount()
                0x00000000c000aa08                LogicalDisk::eject()
                0x00000000c000aa1c                LogicalDisk::unassignDriveLetter()
                0x00000000c000aa72                LogicalDisk::read(unsigned long long, int, void*)
                0x00000000c000aade                LogicalDisk::write(unsigned long long, int, void*)
 *fill*         0x00000000c000ab4a        0x2 
 .text          0x00000000c000ab4c       0x86 hal/mouse.32
                0x00000000c000ab4c                Mouse::Mouse(char const*)
                0x00000000c000ab4c                Mouse::Mouse(char const*)
                0x00000000c000ab84                Mouse::~Mouse()
                0x00000000c000ab84                Mouse::~Mouse()
                0x00000000c000aba8                Mouse::~Mouse()
 .text          0x00000000c000abd2       0x90 hal/nic.32
                0x00000000c000abd2                NIC::getMAC()
                0x00000000c000abd8                NIC::write(int, unsigned char*, int*)
                0x00000000c000abde                NIC::NIC(char const*)
                0x00000000c000abde                NIC::NIC(char const*)
                0x00000000c000ac14                NIC::~NIC()
                0x00000000c000ac14                NIC::~NIC()
                0x00000000c000ac38                NIC::~NIC()
 .text          0x00000000c000ac62      0x33b hal/partition.32
                0x00000000c000ac62                makePartition(PhysicalDisk*, unsigned long long, unsigned long long)
                0x00000000c000ad0a                createPartitionsForDisk(PhysicalDisk*)
 *fill*         0x00000000c000af9d        0x3 
 .text          0x00000000c000afa0       0x86 hal/serial.32
                0x00000000c000afa0                Serial::Serial(char const*)
                0x00000000c000afa0                Serial::Serial(char const*)
                0x00000000c000afd8                Serial::~Serial()
                0x00000000c000afd8                Serial::~Serial()
                0x00000000c000affc                Serial::~Serial()
 *fill*         0x00000000c000b026        0x2 
 .text          0x00000000c000b028      0x248 hal/timer.32
                0x00000000c000b028                Timer::Timer(char const*)
                0x00000000c000b028                Timer::Timer(char const*)
                0x00000000c000b060                Timer::~Timer()
                0x00000000c000b060                Timer::~Timer()
                0x00000000c000b084                Timer::~Timer()
                0x00000000c000b0ae                Timer::read()
                0x00000000c000b0b9                setupTimer(int)
                0x00000000c000b0f4                timerHandler(unsigned int)
 .text          0x00000000c000b270      0x5fe hal/vcache.32
                0x00000000c000b270                VCache::VCache(PhysicalDisk*)
                0x00000000c000b270                VCache::VCache(PhysicalDisk*)
                0x00000000c000b3e0                VCache::invalidateReadBuffer()
                0x00000000c000b3f0                VCache::writeWriteBuffer()
                0x00000000c000b43c                VCache::~VCache()
                0x00000000c000b43c                VCache::~VCache()
                0x00000000c000b494                VCache::~VCache()
                0x00000000c000b4bc                VCache::write(unsigned long long, int, void*)
                0x00000000c000b68a                VCache::read(unsigned long long, int, void*)
 .text          0x00000000c000b86e      0x71a hal/video.32
                0x00000000c000b86e                Video::putrect(int, int, int, int, unsigned int)
                0x00000000c000b8ba                Video::bitblit(int, int, int, int, int, int, int, unsigned int*)
                0x00000000c000b92a                Video::blit(unsigned int*, int, int, int, int)
                0x00000000c000b9a8                Video::clearScreen(unsigned int)
                0x00000000c000b9ce                Video::putpixel(int, int, unsigned int)
                0x00000000c000b9dc                Video::readPixelApprox(int, int)
                0x00000000c000b9f0                Video::Video(char const*)
                0x00000000c000b9f0                Video::Video(char const*)
                0x00000000c000ba26                Video::~Video()
                0x00000000c000ba26                Video::~Video()
                0x00000000c000ba4a                Video::~Video()
                0x00000000c000ba74                Video::isMonochrome()
                0x00000000c000ba80                Video::getWidth()
                0x00000000c000ba8c                Video::getHeight()
                0x00000000c000ba98                Video::drawCursor(int, int, unsigned int*, int)
                0x00000000c000bb6e                Video::tgaParse(unsigned char*, int, int*, int*)
                0x00000000c000bf18                Video::putTGA(int, int, unsigned char*, int)
 .text          0x00000000c000bf88     0x117f hw/acpi.32
                0x00000000c000bf88                ACPI::close(int, int, void*)
                0x00000000c000bf90                loadACPITables(unsigned char*)
                0x00000000c000c1f0                findRSDT(unsigned char*)
                0x00000000c000c33c                findDataTable(unsigned char*, char*)
                0x00000000c000c3b0                scanMADT()
                0x00000000c000c860                ACPI::ACPI()
                0x00000000c000c860                ACPI::ACPI()
                0x00000000c000c8b0                ACPI::getPCIIRQAssignment(unsigned char, unsigned short, unsigned char)
                0x00000000c000c9ac                ACPI::registerPCIIRQAssignment(void*, unsigned short, unsigned char, unsigned char)
                0x00000000c000ca78                ACPI::setScreenBrightnessLevel(void*, int)
                0x00000000c000ca80                ACPI::detectPCI()
                0x00000000c000cc8c                ACPI::writeSimpleBootFlag(SimpleBootFlagTable*)
                0x00000000c000cca4                ACPI::open(int, int, void*)
 *fill*         0x00000000c000d107        0x1 
 .text          0x00000000c000d108       0xea krnl/assert.32
                0x00000000c000d108                KeAssertionFailed(char*, char const*, char const*, int)
 .text          0x00000000c000d1f2       0x91 krnl/atexit.32
                0x00000000c000d1f2                KeInitialiseAtexit()
                0x00000000c000d214                KeRegisterAtexit(void (*)(void*), void*)
                0x00000000c000d248                KeExecuteAtexit()
 *fill*         0x00000000c000d283        0x1 
 .text          0x00000000c000d284       0x1e krnl/bootflags.32
                0x00000000c000d284                KeGetBootConfigurationFlag(BootConfigurationFlag)
                0x00000000c000d294                KeInitialiseBootConfigurationFlags()
 .text          0x00000000c000d2a2       0x8a krnl/bootmsg.32
                0x00000000c000d2a2                KeDisplaySplashScreen()
                0x00000000c000d2d1                KeSetBootMessage(char const*)
 .text          0x00000000c000d32c       0x5f krnl/c++.32
                0x00000000c000d32c                __cxa_atexit
                0x00000000c000d32f                __cxa_finalize
                0x00000000c000d330                __stack_chk_fail
                0x00000000c000d366                __cxa_pure_virtual
                0x00000000c000d377                operator new[](unsigned long)
                0x00000000c000d37c                operator delete(void*, unsigned long)
                0x00000000c000d381                operator delete[](void*)
                0x00000000c000d386                operator delete[](void*, unsigned long)
 *fill*         0x00000000c000d38b        0x1 
 .text          0x00000000c000d38c       0x44 krnl/cdefs.32
                0x00000000c000d38c                CUnlockScheduler
                0x00000000c000d3a4                CLockScheduler
                0x00000000c000d3b4                CPrintf
 .text          0x00000000c000d3d0      0xc81 krnl/cm.32
                0x00000000c000d3d0                CmOpen(char const*)
                0x00000000c000d4ee                CmClose(Reghive_Tag*)
                0x00000000c000d504                CmReadExtent(Reghive_Tag*, int, unsigned char*)
                0x00000000c000d540                CmGetString(Reghive_Tag*, int, char*)
                0x00000000c000d5b7                CmEnterDirectory(Reghive_Tag*, int)
                0x00000000c000d5f6                CmGetNext(Reghive_Tag*, int)
                0x00000000c000d628                CmWriteExtent(Reghive_Tag*, int, unsigned char*)
                0x00000000c000d664                CmFreeExtent(Reghive_Tag*, int)
                0x00000000c000d68c                CmUpdateHeader(Reghive_Tag*)
                0x00000000c000d6ad                CmExpand(Reghive_Tag*, int)
                0x00000000c000d728                CmFindUnusedExtent(Reghive_Tag*)
                0x00000000c000d7ae                CmCreateExtent(Reghive_Tag*, int, int, unsigned char*)
                0x00000000c000d8a2                CmSetString(Reghive_Tag*, int, char const*)
                0x00000000c000d9de                CmGetMatch(char*, char*, bool, bool*)
                0x00000000c000da3f                CmAddShift(unsigned int*, int*, unsigned char, int)
                0x00000000c000da6f                CmGetShift(unsigned int*, int*, int, bool*)
                0x00000000c000daa6                CmGetInteger(Reghive_Tag*, int, unsigned long long*)
                0x00000000c000dad0                CmSetInteger(Reghive_Tag*, int, unsigned long long)
                0x00000000c000db10                CmConvertFromInternalFilename(unsigned char const*, char*)
                0x00000000c000dbb4                CmGetNameAndTypeFromExtent(Reghive_Tag*, int, char*)
                0x00000000c000dbe2                CmConvertToInternalFilename(char const*, unsigned char*)
                0x00000000c000dd80                CmCreateString(Reghive_Tag*, int, char const*)
                0x00000000c000ddcd                CmFindInDirectory(Reghive_Tag*, int, char const*)
                0x00000000c000de47                CmCreateInteger(Reghive_Tag*, int, char const*, unsigned long long, int)
                0x00000000c000de9a                CmCreateDirectory(Reghive_Tag*, int, char const*)
                0x00000000c000df5e                zStrtok(char*, char const*)
                0x00000000c000dfd0                CmFindObjectFromPath(Reghive_Tag*, char const*)
 *fill*         0x00000000c000e051        0x1 
 .text          0x00000000c000e052       0xe3 krnl/computer.32
                0x00000000c000e052                Computer::close(int, int, void*)
                0x00000000c000e058                Computer::Computer()
                0x00000000c000e058                Computer::Computer()
                0x00000000c000e09c                Computer::open(int, int, void*)
 .text          0x00000000c000e135       0x2b krnl/crc32.32
                0x00000000c000e135                KeCalculateCRC32(unsigned char*, int)
 .text          0x00000000c000e160      0x5bf krnl/env.32
                0x00000000c000e160                EnvVarContainer::getEnv(char const*)
                0x00000000c000e19e                EnvVarContainer::setEnv(char const*, char const*)
                0x00000000c000e260                EnvVarContainer::deleteEnv(char const*)
                0x00000000c000e262                EnvVarContainer::loadFrom(char const*, char const*)
                0x00000000c000e486                EnvVarContainer::__loadSystem()
                0x00000000c000e4a0                EnvVarContainer::__loadUser()
                0x00000000c000e4a2                EnvVarContainer::EnvVarContainer(Process*)
                0x00000000c000e4a2                EnvVarContainer::EnvVarContainer(Process*)
                0x00000000c000e4c4                EnvVarContainer::~EnvVarContainer()
                0x00000000c000e4c4                EnvVarContainer::~EnvVarContainer()
                0x00000000c000e4f4                KeGetEnv(Process*, char const*)
                0x00000000c000e559                KeSetEnvSystem(char const*, char const*)
                0x00000000c000e573                KeSetEnvUser(char const*, char const*)
                0x00000000c000e592                KeSetEnvProcess(Process*, char const*, char const*)
                0x00000000c000e5a5                KeDeleteEnvSystem(char const*)
                0x00000000c000e5a6                KeDeleteEnvUser(char const*)
                0x00000000c000e5a7                KeDeleteEnvProcess(Process*, char const*)
                0x00000000c000e5a8                KeNewProcessEnv(Process*)
                0x00000000c000e5ca                KeCopyProcessEnv(Process*, Process*)
                0x00000000c000e616                KeLoadSystemEnv()
                0x00000000c000e644                KeLoadUserEnv()
                0x00000000c000e66a                KeFlushEnv()
                0x00000000c000e66b                KeGetProcessTotalEnvCount(Process*)
                0x00000000c000e68b                KeGetProcessEnvPair(Process*, int)
 *fill*         0x00000000c000e71f        0x1 
 .text          0x00000000c000e720      0x1a8 krnl/fault.32
                0x00000000c000e720                KeDisplayProgramFault(char const*)
                0x00000000c000e770                KeGeneralProtectionFault(void*, void*)
                0x00000000c000e7c4                KePageFault(void*, void*)
                0x00000000c000e818                KeOpcodeFault(void*, void*)
                0x00000000c000e86c                KeOtherFault(void*, void*)
                0x00000000c000e8a0                KeNonMaskableInterrupt(void*, void*)
                0x00000000c000e8b0                KeDoubleFault(void*, void*)
 .text          0x00000000c000e8c8      0x1db krnl/gdt.32
                0x00000000c000e8c8                GDTEntry::setBase(unsigned int)
                0x00000000c000e8e4                GDTEntry::setLimit(unsigned int)
                0x00000000c000e902                GDT::GDT()
                0x00000000c000e902                GDT::GDT()
                0x00000000c000e918                GDT::addEntry(GDTEntry)
                0x00000000c000e93a                GDT::getNumberOfEntries()
                0x00000000c000e942                GDT::flush()
                0x00000000c000e964                GDT::setup()
 .text          0x00000000c000eaa3       0x20 krnl/idle.32
                0x00000000c000eaa3                idleFunction(void*)
 *fill*         0x00000000c000eac3        0x1 
 .text          0x00000000c000eac4      0x46c krnl/idt.32
                0x00000000c000eac4                IDTEntry::IDTEntry(bool)
                0x00000000c000eac4                IDTEntry::IDTEntry(bool)
                0x00000000c000eb3e                IDTEntry::setOffset(unsigned int)
                0x00000000c000eb54                IDT::IDT()
                0x00000000c000eb54                IDT::IDT()
                0x00000000c000eb56                IDT::getPointerToInvalidOpcodeEntryForF00F()
                0x00000000c000eb5e                IDT::addEntry(IDTEntry, int)
                0x00000000c000eb78                IDT::addEntry(int, void (*)(), bool)
                0x00000000c000ebb0                IDT::flush()
                0x00000000c000ebca                IDT::setup()
 .text          0x00000000c000ef30       0x9a krnl/inlines.32
                0x00000000c000ef30                CPU::current()
                0x00000000c000ef3c                operator new(unsigned long)
                0x00000000c000ef41                operator delete(void*)
                0x00000000c000ef46                disableIRQs()
                0x00000000c000ef48                enableIRQs()
                0x00000000c000ef4a                lockScheduler()
                0x00000000c000ef52                unlockScheduler()
                0x00000000c000ef64                lockStuff()
                0x00000000c000ef72                unlockStuff()
                0x00000000c000efaf                Virt::getAKernelVAS()
                0x00000000c000efb5                __not_memcpy
 .text          0x00000000c000efca      0x2bc krnl/intlformat.32
                0x00000000c000efca                KeFormatDate(char*, int, int, int, int, bool)
                0x00000000c000f1ba                KeFormatShortDate(char*, int, int, int, int)
                0x00000000c000f1dc                KeFormatLongDate(char*, int, int, int, int)
                0x00000000c000f1fe                KeSetLocale(klocale_t)
                0x00000000c000f214                KeInitialiseLocale()
                0x00000000c000f282                KeFormatCurrency(char*, int, long long, long long)
                0x00000000c000f283                KeFormatCurrency(char*, int, double)
                0x00000000c000f284                KeFormatNumber(char*, long long, long long)
                0x00000000c000f285                KeFormatNumber(char*, double)
 *fill*         0x00000000c000f286        0x2 
 .text          0x00000000c000f288      0x42e krnl/intops.32
                0x00000000c000f288                KeBasedUnsignedIntegerToString(unsigned long long, char*, int)
                0x00000000c000f410                KeBasedSignedIntegerToString(long long, char*, int)
                0x00000000c000f5bc                KeGetDigitsInNumber(long long)
                0x00000000c000f628                KeItoa(unsigned long long, char*)
                0x00000000c000f658                KeItoa(long long, char*)
                0x00000000c000f688                KeXtoa(unsigned long long, char*)
 .text          0x00000000c000f6b6      0x207 krnl/kheap.32
                0x00000000c000f6b6                sbrk
                0x00000000c000f74d                sbrk_thunk
                0x00000000c000f783                mmap
                0x00000000c000f7e1                munmap
                0x00000000c000f7f6                liballoc_lock()
                0x00000000c000f804                liballoc_unlock()
                0x00000000c000f81c                liballoc_alloc(int)
                0x00000000c000f834                liballoc_free(void*, int)
                0x00000000c000f84f                realloc
                0x00000000c000f863                malloc
                0x00000000c000f873                free
                0x00000000c000f883                rfree
                0x00000000c000f893                calloc
 *fill*         0x00000000c000f8bd        0x3 
 .text          0x00000000c000f8c0      0x1d3 krnl/mailbox.32
                0x00000000c000f8c0                KeMailboxTryPost(Mailbox*, void*)
                0x00000000c000f920                KeMailboxTryGet(Mailbox*, void**)
                0x00000000c000f980                KeMailboxCreate()
                0x00000000c000f9b4                KeMailboxPost(Mailbox*, void*)
                0x00000000c000fa18                KeMailboxGet(Mailbox*, void**)
                0x00000000c000fa7c                KeMailboxDestroy(Mailbox*)
 .text          0x00000000c000fa93      0x204 krnl/main.32
                0x00000000c000fa93                KeFirstTask()
                0x00000000c000fb97                KeEntryPoint
 .text          0x00000000c000fc97        0x0 krnl/mathlinker.32
 *fill*         0x00000000c000fc97        0x1 
 .text          0x00000000c000fc98       0x1a krnl/mutex.32
                0x00000000c000fc98                Mutex::Mutex()
                0x00000000c000fc98                Mutex::Mutex()
 .text          0x00000000c000fcb2       0x12 krnl/panic.32
                0x00000000c000fcb2                KeIsKernelInPanic()
                0x00000000c000fcb8                KePanic(char const*)
 .text          0x00000000c000fcc4      0x5bc krnl/physmgr.32
                0x00000000c000fcc4                Phys::allocateDMA(unsigned long)
                0x00000000c000fdac                Phys::freeDMA(unsigned long, unsigned long)
                0x00000000c000fde7                Phys::setPageState(unsigned long, bool)
                0x00000000c000fe27                Phys::getPageState(unsigned long)
                0x00000000c000fe43                Phys::freePage(unsigned long)
                0x00000000c000feac                Phys::allocatePage()
                0x00000000c000ff93                Phys::allocateContiguousPages(int)
                0x00000000c001000e                Phys::allowSegmentToBeUsed(unsigned long, unsigned long)
                0x00000000c0010046                Phys::physicalMemorySetup(unsigned int)
 .text          0x00000000c0010280      0x275 krnl/pipe.32
                0x00000000c0010280                Pipe::isAtty()
                0x00000000c0010284                Pipe::~Pipe()
                0x00000000c0010284                Pipe::~Pipe()
                0x00000000c00102a8                Pipe::~Pipe()
                0x00000000c00102d0                Pipe::write(unsigned long long, void*, int*)
                0x00000000c0010390                Pipe::read(unsigned long long, void*, int*)
                0x00000000c001048e                Pipe::Pipe(int)
                0x00000000c001048e                Pipe::Pipe(int)
 .text          0x00000000c00104f5      0x1a3 krnl/powctrl.32
                0x00000000c00104f5                KePowerThread(void*)
                0x00000000c0010527                KeChangePowerSettings(PowerSettings)
                0x00000000c001053d                KeUserIOReceived()
                0x00000000c0010548                KeSetupPowerManager()
                0x00000000c00105d1                KePrepareShutdown()
                0x00000000c00105f0                KeRegisterShutdownHandler(void (*)())
                0x00000000c00105fa                KeRegisterRestartHandler(void (*)())
                0x00000000c0010604                KeRegisterSleepHandler(void (*)())
                0x00000000c001060e                KeShutdown()
                0x00000000c0010644                KeSleep()
                0x00000000c0010650                KeHandlePowerButton()
                0x00000000c0010662                KeHandleSleepButton()
                0x00000000c0010674                KeRestart()
 .text          0x00000000c0010698       0x9d krnl/random.32
                0x00000000c0010698                KeRand()
                0x00000000c00106da                KeSeedRand(unsigned int)
                0x00000000c0010703                KeInitRand()
 *fill*         0x00000000c0010735        0x3 
 .text          0x00000000c0010738      0x26c krnl/resolve.32
                0x00000000c0010738                KeResolveCompatibilitySymbol(char*)
 .text          0x00000000c00109a4      0x415 krnl/semaphore.32
                0x00000000c00109a4                Semaphore::Semaphore(int)
                0x00000000c00109a4                Semaphore::Semaphore(int)
                0x00000000c00109d4                Semaphore::tryAcquire()
                0x00000000c0010aa8                Semaphore::assertLocked(char const*)
                0x00000000c0010b34                Semaphore::acquire(int)
                0x00000000c0010cec                Semaphore::acquire()
                0x00000000c0010d08                Semaphore::release()
 .text          0x00000000c0010db9      0x3a8 krnl/signal.32
                0x00000000c0010db9                KiSigKill(int)
                0x00000000c0010dcd                KiDefaultSignalHandlerIgnore(int)
                0x00000000c0010dce                KiDefaultSignalHandlerPause(int)
                0x00000000c0010dfa                KiDefaultSignalHandlerResume(int)
                0x00000000c0010e26                KeDeinitSignals(SigHandlerBlock*)
                0x00000000c0010e2b                KeInitSignals()
                0x00000000c0010e9d                KeRegisterSignalHandler(SigHandlerBlock*, int, void (*)(int), unsigned int, int)
                0x00000000c0010ed3                KeRaiseSignal(SigHandlerBlock*, int)
                0x00000000c0010f54                KeCheckSignal(SigHandlerBlock*, int*)
                0x00000000c0011083                KiCheckSignalZ
                0x00000000c00110d4                KeCompleteSignal(SigHandlerBlock*, int)
                0x00000000c001110f                KiFinishSignalZ
 .text          0x00000000c0011161      0xe91 krnl/syscalls.32
                0x00000000c0011161                SysSeekDir(regs*)
                0x00000000c0011166                SysTellDir(regs*)
                0x00000000c001116b                SysVerify(regs*)
                0x00000000c0011175                SysGetArgc(regs*)
                0x00000000c0011189                SysTTYName(regs*)
                0x00000000c0011191                SysFormatDisk(regs*)
                0x00000000c0011208                SysSetDiskVolumeLabel(regs*)
                0x00000000c001125c                SysGetDiskVolumeLabel(regs*)
                0x00000000c00112b5                SysRealpath(regs*)
                0x00000000c00112f9                SysReadDir(regs*)
                0x00000000c0011379                SysIsATTY(regs*)
                0x00000000c00113d3                SysSeek(regs*)
                0x00000000c0011431                SysTell(regs*)
                0x00000000c00114a6                SysSize(regs*)
                0x00000000c0011520                SysSizeFromFilename(regs*)
                0x00000000c001164a                SysSizeFromFilenameNoSymlink(regs*)
                0x00000000c0011774                SysClose(regs*)
                0x00000000c00117d4                SysOpenDir(regs*)
                0x00000000c0011851                SysMakeDir(regs*)
                0x00000000c00118bf                SysCloseDir(regs*)
                0x00000000c0011913                SysWait(regs*)
                0x00000000c0011934                SysNotImpl(regs*)
                0x00000000c001194f                SysPanic(regs*)
                0x00000000c001196a                SysRmdir(regs*)
                0x00000000c00119cf                SysUnlink(regs*)
                0x00000000c0011a34                SysGetArgv(regs*)
                0x00000000c0011a81                SysUSleep(regs*)
                0x00000000c0011aab                SysSpawn(regs*)
                0x00000000c0011b1e                SysGetEnv(regs*)
                0x00000000c0011bcf                SysSetFatAttrib(regs*)
                0x00000000c0011c42                SysShutdown(regs*)
                0x00000000c0011c9f                SysPipe(regs*)
                0x00000000c0011ce4                SysGetUnixTime(regs*)
                0x00000000c0011d71                string_ends_with(char const*, char const*)
                0x00000000c0011db9                SysOpen(regs*)
                0x00000000c0011fb0                KeSystemCall(regs*, void*)
 .text          0x00000000c0011ff2      0xb0b krnl/terminal.32
                0x00000000c0011ff2                VgaText::isAtty()
                0x00000000c0011ff6                VgaText::~VgaText()
                0x00000000c0011ff6                VgaText::~VgaText()
                0x00000000c001201a                VgaText::~VgaText()
                0x00000000c0012044                VgaText::read(unsigned long long, void*, int*)
                0x00000000c0012064                setTerminalScrollLock(bool)
                0x00000000c0012065                doTerminalCycle()
                0x00000000c0012066                addToTerminalCycle(VgaText*)
                0x00000000c0012067                scrollTerminalScrollLock(int)
                0x00000000c0012068                VgaText::updateTitle()
                0x00000000c001206a                VgaText::load()
                0x00000000c001206c                VgaText::updateCursor()
                0x00000000c0012082                VgaText::doANSI_SGR(int)
                0x00000000c00120f6                VgaText::setDefaultBgColour(VgaColour)
                0x00000000c0012106                VgaText::setDefaultFgColour(VgaColour)
                0x00000000c0012116                VgaText::setDefaultColours(VgaColour, VgaColour)
                0x00000000c0012136                VgaText::setTitleTextColour(VgaColour)
                0x00000000c0012142                VgaText::setTitleColour(VgaColour)
                0x00000000c001214e                VgaText::setTitle(char*)
                0x00000000c0012150                VgaText::combineColours(unsigned char, unsigned char)
                0x00000000c0012162                VgaText::scrollScreen()
                0x00000000c00121f4                VgaText::combineCharAndColour(char, unsigned char)
                0x00000000c0012204                VgaText::writeCharacter(char, VgaColour, VgaColour, int, int)
                0x00000000c00122b0                VgaText::getCursorX()
                0x00000000c00122b8                VgaText::getCursorY()
                0x00000000c00122c0                VgaText::setCursor(int, int)
                0x00000000c00122d7                setActiveTerminal(VgaText*)
                0x00000000c0012322                VgaText::clearScreen()
                0x00000000c0012370                VgaText::setCursorX(int)
                0x00000000c0012388                VgaText::setCursorY(int)
                0x00000000c00123a0                VgaText::incrementCursor(bool)
                0x00000000c00123f4                VgaText::decrementCursor(bool)
                0x00000000c0012416                VgaText::putchar(char, VgaColour, VgaColour)
                0x00000000c00124e6                VgaText::putchar(char)
                0x00000000c00125de                VgaText::putx(unsigned int)
                0x00000000c0012624                VgaText::puts(char const*)
                0x00000000c001264a                VgaText::write(unsigned long long, void*, int*)
                0x00000000c0012696                VgaText::puts(char const*, VgaColour, VgaColour)
                0x00000000c0012810                VgaText::VgaText(char const*)
                0x00000000c0012810                VgaText::VgaText(char const*)
                0x00000000c0012970                VgaText::receiveKey(unsigned char)
                0x00000000c0012afc                VgaText::doUpdate()
 *fill*         0x00000000c0012afd        0x3 
 .text          0x00000000c0012b00      0x224 krnl/tss.32
                0x00000000c0012b00                TSS::TSS()
                0x00000000c0012b00                TSS::TSS()
                0x00000000c0012b10                TSS::setESP(unsigned long)
                0x00000000c0012b24                TSS::flush()
                0x00000000c0012b44                TSS::setup(unsigned long, unsigned long)
 .text          0x00000000c0012d24      0x4ce krnl/unixfile.32
                0x00000000c0012d24                ReservedFilename::read(unsigned long long, void*, int*)
                0x00000000c0012d7a                ReservedFilename::isAtty()
                0x00000000c0012d96                ReservedFilename::write(unsigned long long, void*, int*)
                0x00000000c0012df4                UnixFile::getFileDescriptor()
                0x00000000c0012dfc                UnixFile::UnixFile(int)
                0x00000000c0012dfc                UnixFile::UnixFile(int)
                0x00000000c0012fb0                ReservedFilename::ReservedFilename(int)
                0x00000000c0012fb0                ReservedFilename::ReservedFilename(int)
                0x00000000c0012fe2                UnixFile::~UnixFile()
                0x00000000c0012fe2                UnixFile::~UnixFile()
                0x00000000c001307e                UnixFile::~UnixFile()
                0x00000000c00130a6                ReservedFilename::~ReservedFilename()
                0x00000000c00130a6                ReservedFilename::~ReservedFilename()
                0x00000000c00130ca                ReservedFilename::~ReservedFilename()
                0x00000000c00130f1                KeGetFileFromDescriptor(int)
 .text          0x00000000c00131f2     0x132b krnl/virtmgr.32
                0x00000000c00131f2                Virt::setPageState(unsigned long, Virt::VirtPageState)
                0x00000000c001322c                Virt::getPageState(unsigned long)
                0x00000000c001324f                Virt::allocateKernelVirtualPages(int)
                0x00000000c0013374                Virt::freeSwapfilePage(unsigned long)
                0x00000000c0013397                Virt::swapIDToSector(unsigned long)
                0x00000000c00133ad                Virt::allocateSwapfilePage()
                0x00000000c001342d                Virt::virtualMemorySetup()
                0x00000000c001347e                Virt::setupPageSwapping(int)
                0x00000000c00134f0                VAS::setCPUSpecific(unsigned long)
                0x00000000c00134f2                VAS::VAS(VAS*)
                0x00000000c00134f2                VAS::VAS(VAS*)
                0x00000000c001350a                VAS::getForeignPageTableEntry(bool, unsigned long)
                0x00000000c0013538                VAS::getPageTableEntry(unsigned long)
                0x00000000c0013557                Virt::freeKernelVirtualPages(unsigned long)
                0x00000000c0013694                VAS::freeAllocatedPages(unsigned long)
                0x00000000c00136b8                VAS::virtualToPhysical(unsigned long)
                0x00000000c00136d2                VAS::reflagRange(unsigned long, int, unsigned long, unsigned long)
                0x00000000c0013714                VAS::VAS()
                0x00000000c0013714                VAS::VAS()
                0x00000000c001377e                VAS::setToWriteCombining(unsigned long, int)
                0x00000000c001379e                VAS::mapOtherVASIn(bool, VAS*)
                0x00000000c00137ca                VAS::~VAS()
                0x00000000c00137ca                VAS::~VAS()
                0x00000000c0013932                VAS::mapPage(unsigned long, unsigned long, int)
                0x00000000c0013a36                VAS::allocatePages(int, int)
                0x00000000c0013b1c                VAS::mapRange(unsigned long, unsigned long, int, int)
                0x00000000c0013b74                VAS::mapForeignPage(bool, VAS*, unsigned long, unsigned long, int)
                0x00000000c0013c6a                VAS::VAS(bool)
                0x00000000c0013c6a                VAS::VAS(bool)
                0x00000000c0013e52                VAS::evict(unsigned long)
                0x00000000c0013f56                VAS::canLockPage(unsigned long)
                0x00000000c0013f70                VAS::unlockPage(unsigned long)
                0x00000000c0013fa4                VAS::canLockPages(unsigned long, int)
                0x00000000c0013fe0                VAS::unlockPages(unsigned long, int)
                0x00000000c001401c                VAS::tryLoadBackOffDisk(unsigned long)
                0x00000000c0014196                VAS::lockPage(unsigned long)
                0x00000000c0014208                VAS::lockPages(unsigned long, int)
                0x00000000c0014244                VAS::allocateSharedMemoryWithKernel(unsigned long, unsigned long*)
                0x00000000c00142b8                VAS::freeSharedMemoryWithKernel(unsigned long, unsigned long)
                0x00000000c00142e4                VAS::scanForEviction()
                0x00000000c0014422                mapVASFirstTime
 .text          0x00000000c001451d       0x2f sys/alarm.32
                0x00000000c001451d                SysAlarm(regs*)
 .text          0x00000000c001454c       0x36 sys/eject.32
                0x00000000c001454c                SysEject(regs*)
 .text          0x00000000c0014582       0x18 sys/exit.32
                0x00000000c0014582                SysExit(regs*)
 .text          0x00000000c001459a       0x1f sys/getcwd.32
                0x00000000c001459a                SysGetCwd(regs*)
 .text          0x00000000c00145b9       0x26 sys/getpid.32
                0x00000000c00145b9                SysGetPID(regs*)
 .text          0x00000000c00145df       0x21 sys/getramdata.32
                0x00000000c00145df                SysGetRAMData(regs*)
 .text          0x00000000c0014600       0xbe sys/getvgaptr.32
                0x00000000c0014600                SysGetVGAPtr(regs*)
 *fill*         0x00000000c00146be        0x2 
 .text          0x00000000c00146c0       0xb9 sys/kill.32
                0x00000000c00146c0                SysKill(regs*)
 .text          0x00000000c0014779       0x9e sys/loaddll.32
                0x00000000c0014779                SysLoadDLL(regs*)
 .text          0x00000000c0014817       0x12 sys/pause.32
                0x00000000c0014817                SysPause(regs*)
 .text          0x00000000c0014829       0x49 sys/pthread.32
                0x00000000c0014829                SysPthreadCreate(regs*)
                0x00000000c0014841                SysPthreadGetTID(regs*)
                0x00000000c001484b                SysInternalPthreadGetContext(regs*)
                0x00000000c0014850                SysInternalPthreadGetStartLocation(regs*)
                0x00000000c0014855                SysPthreadJoin(regs*)
                0x00000000c001485a                SysPthreadExit(regs*)
 .text          0x00000000c0014872       0x68 sys/read.32
                0x00000000c0014872                SysRead(regs*)
 .text          0x00000000c00148da       0x29 sys/registersignal.32
                0x00000000c00148da                SysRegisterSignal(regs*)
 .text          0x00000000c0014903      0x1cc sys/registry.32
                0x00000000c0014903                SysRegistryGetTypeFromPath(regs*)
                0x00000000c0014947                SysRegistryReadExtent(regs*)
                0x00000000c001498f                SysRegistryPathToExtentLookup(regs*)
                0x00000000c00149a6                SysRegistryEnterDirectory(regs*)
                0x00000000c00149bd                SysRegistryGetNext(regs*)
                0x00000000c00149d4                SysRegistryGetNameAndTypeFromExtent(regs*)
                0x00000000c0014a0e                SysRegistryOpen(regs*)
                0x00000000c0014a22                SysRegistryClose(regs*)
                0x00000000c0014a39                SysRegistryEasyReadString(regs*)
                0x00000000c0014a85                SysRegistryEasyReadInteger(regs*)
 .text          0x00000000c0014acf       0x55 sys/sbrk.32
                0x00000000c0014acf                SysSbrk(regs*)
 .text          0x00000000c0014b24       0x1c sys/setcwd.32
                0x00000000c0014b24                SysSetCwd(regs*)
 .text          0x00000000c0014b40       0xd7 sys/settime.32
                0x00000000c0014b40                SysSetTime(regs*)
 .text          0x00000000c0014c17       0x73 sys/symlink.32
                0x00000000c0014c17                SysSymlink(regs*)
 .text          0x00000000c0014c8a       0x3e sys/timezone.32
                0x00000000c0014c8a                SysTimezone(regs*)
 .text          0x00000000c0014cc8       0xfc sys/truncate.32
                0x00000000c0014cc8                SysTruncate(regs*)
 .text          0x00000000c0014dc4       0x68 sys/write.32
                0x00000000c0014dc4                SysWrite(regs*)
 .text          0x00000000c0014e2c       0x9d sys/wsbe.32
                0x00000000c0014e2c                SysWsbe(regs*)
 .text          0x00000000c0014ec9       0x28 sys/yield.32
                0x00000000c0014ec9                SysYield(regs*)
 *fill*         0x00000000c0014ef1        0x3 
 .text          0x00000000c0014ef4      0x281 thr/alarm.32
                0x00000000c0014ef4                KeAlarm(ThreadControlBlock*, unsigned long long)
                0x00000000c0015084                KeCheckAlarm(ThreadControlBlock*)
 .text          0x00000000c0015175      0x84a thr/elf.32
                0x00000000c0015175                Thr::allocateMemoryForTask(Process*, File*, unsigned long, unsigned long, unsigned long)
                0x00000000c0015407                Thr::loadProgramIntoMemory(Process*, char const*)
                0x00000000c001569f                Thr::runtimeReferenceHelper()
                0x00000000c00156b2                Thr::getAddressOfKernelSymbol(char const*)
                0x00000000c0015701                Thr::loadKernelSymbolTable(char const*)
 .text          0x00000000c00159bf      0x568 thr/elf2.32
                0x00000000c00159bf                KeIsELFValid(Elf32_Ehdr*)
                0x00000000c00159de                KeGetELFSectionHeader(unsigned char*, int)
                0x00000000c00159ed                KeGetELFProgramHeader(unsigned char*, int)
                0x00000000c00159fe                KeLookupELFString(unsigned char*, int)
                0x00000000c0015a21                KeLoadELFProgramHeaders(unsigned char*, bool, unsigned long)
                0x00000000c0015adb                KeGetELFSymbolValue(unsigned char*, int, int, bool*, unsigned long, unsigned long)
                0x00000000c0015b77                KePerformRelocation(unsigned char*, unsigned long, Elf32_Shdr*, Elf32_Rel*)
                0x00000000c0015bf7                KePerformRelocations(unsigned char*, unsigned long)
                0x00000000c0015cac                KeLoadELF(unsigned char*, bool, unsigned long)
                0x00000000c0015d21                KeLoadDriver(char const*)
                0x00000000c0015e8a                KeExecuteDriver(unsigned long, void*)
                0x00000000c0015eb4                KeLoadAndExecuteDriver(char const*, void*, bool)
 .text          0x00000000c0015f27       0x5a thr/exec.32
                0x00000000c0015f27                KeProcessExec(Process*, char const*)
 *fill*         0x00000000c0015f81        0x3 
 .text          0x00000000c0015f84     0x1299 thr/prcssthr.32
                0x00000000c0015f84                userModeEntryPoint(void*)
                0x00000000c0015fb0                changeTSS
                0x00000000c0015fe0                switchToThread(ThreadControlBlock*)
                0x00000000c00160a0                Process::addArgs(char**)
                0x00000000c001610c                Process::Process(char const*, Process*, char**)
                0x00000000c001610c                Process::Process(char const*, Process*, char**)
                0x00000000c0016344                Process::Process(bool, char const*, Process*, char**)
                0x00000000c0016344                Process::Process(bool, char const*, Process*, char**)
                0x00000000c0016530                taskStartupFunction
                0x00000000c001653c                KeDisablePreemption()
                0x00000000c0016564                KeRestorePreemption()
                0x00000000c0016584                Process::createThread(void (*)(void*), void*, int)
                0x00000000c00166e8                Process::createUserThread()
                0x00000000c0016708                setupMultitasking(void (*)())
                0x00000000c0016850                schedule()
                0x00000000c00168e4                blockTaskWithSchedulerLockAlreadyHeld(TaskState)
                0x00000000c0016910                blockTask(TaskState)
                0x00000000c001694c                waitTask(int, int*, int)
                0x00000000c0016990                milliTenthSleepUntil(unsigned long long)
                0x00000000c0016a44                milliTenthSleep(unsigned long long)
                0x00000000c0016a5c                sleep(unsigned long long)
                0x00000000c0016a7c                sleep(unsigned int)
                0x00000000c0016a94                milliTenthSleep(unsigned int)
                0x00000000c0016ab4                taskReturned
                0x00000000c0016afc                KeProcessFromPID(int)
                0x00000000c0016bac                unblockTask(ThreadControlBlock*)
                0x00000000c0016c60                cleanupTerminatedTask(ThreadControlBlock*)
                0x00000000c0016f38                cleanerTaskFunction(void*)
                0x00000000c0017050                KeTerminateCurrentThread(int)
 .text          0x00000000c001721d     0x1899 vm86/vm8086.32
                0x00000000c001721d                Vm::inbv(unsigned short)
                0x00000000c0017254                Vm::outbv(unsigned short, unsigned char)
                0x00000000c00172bb                Vm::realToLinear(unsigned short, unsigned short)
                0x00000000c00172e0                Vm::getSegment(unsigned int)
                0x00000000c00172eb                Vm::getOffset(unsigned int)
                0x00000000c00172f3                Vm::mainloop2()
                0x00000000c0017366                Vm::mainVm8086Loop(void*)
                0x00000000c0017386                Vm::mainloop3(unsigned long)
                0x00000000c00173be                Vm::initialise8086()
                0x00000000c0017408                Vm::finish8086()
                0x00000000c0017479                Vm::getOutput8086(unsigned char*)
                0x00000000c00174da                Vm::start8086FromBuffer(unsigned char*, int, unsigned short, unsigned short, unsigned short, unsigned short)
                0x00000000c0017620                Vm::start8086(char const*, unsigned short, unsigned short, unsigned short, unsigned short)
                0x00000000c001785c                Vm::doISR(regs*, int, unsigned char*, unsigned short, unsigned short)
                0x00000000c0017a60                Vm::readByteFromReal(unsigned short, unsigned short)
                0x00000000c0017ab3                Vm::readWordFromReal(unsigned short, unsigned short)
                0x00000000c0017b07                Vm::readDwordFromReal(unsigned short, unsigned short)
                0x00000000c0017b5a                Vm::writeByteFromReal(unsigned short, unsigned short, unsigned char)
                0x00000000c0017bb9                Vm::writeWordFromReal(unsigned short, unsigned short, unsigned short)
                0x00000000c0017c18                Vm::writeDwordFromReal(unsigned short, unsigned short, unsigned int)
                0x00000000c0017c6f                Vm::faultHandler(regs*)
 .text          0x00000000c0018ab6      0x45f arch/i386/apic.32
                0x00000000c0018ab6                IOAPIC::close(int, int, void*)
                0x00000000c0018abc                apicGetBase()
                0x00000000c0018af6                IOAPIC::IOAPIC()
                0x00000000c0018af6                IOAPIC::IOAPIC()
                0x00000000c0018b1e                apicOpen()
                0x00000000c0018caa                IOAPIC::handlesGSIWithNumber(unsigned int)
                0x00000000c0018cdc                IOAPIC::read(int)
                0x00000000c0018d04                IOAPIC::open(int, int, void*)
                0x00000000c0018dea                IOAPIC::write(int, int)
                0x00000000c0018e16                IOAPIC::redirect(unsigned char, unsigned long long, unsigned char, bool, bool)
 *fill*         0x00000000c0018f15        0x1 
 .text          0x00000000c0018f16     0x1f67 arch/i386/hal.32
                0x00000000c0018f16                noCopro(unsigned long)
                0x00000000c0018f17                HalRestart()
                0x00000000c0018f22                HalShutdown()
                0x00000000c0018f23                HalSleep()
                0x00000000c0018f24                CPU::close(int, int, void*)
                0x00000000c0018f27                x86ReadCMOS(unsigned char)
                0x00000000c0018f7b                x86WriteCMOS(unsigned char, unsigned char)
                0x00000000c0018fdb                AMD_K6_write_msr(unsigned int, unsigned int, unsigned int, REGS*)
                0x00000000c0018ffa                AMD_K6_read_msr(unsigned int, REGS*)
                0x00000000c0019017                AMD_K6_writeback(int, int, int)
                0x00000000c00190d7                cpuid(int, unsigned long*, unsigned long*, unsigned long*, unsigned long*)
                0x00000000c0019175                cpuidCheckEDX(unsigned int)
                0x00000000c00191a2                cpuidCheckECX(unsigned int)
                0x00000000c00191d0                cpuidCheckExtendedEBX(unsigned int)
                0x00000000c00191fe                cpuidCheckExtendedECX(unsigned int)
                0x00000000c001922c                HalDetectFeatures()
                0x00000000c001a017                HalEnableNMI()
                0x00000000c001a02a                HalDisableNMI()
                0x00000000c001a03d                HalGetNMIState()
                0x00000000c001a043                HalIsAPICEnabled()
                0x00000000c001a054                x86rdmsr(unsigned int)
                0x00000000c001a092                x86wrmsr(unsigned int, unsigned long long)
                0x00000000c001a0d7                HalHandleGeneralProtectionFault(void*, void*)
                0x00000000c001a102                HalFindRSDP()
                0x00000000c001a1df                HalHandlePageFault(void*, void*)
                0x00000000c001a20e                HalHandleOpcodeFault(void*, void*)
                0x00000000c001a250                HalDisplayDebugInfo(void*)
                0x00000000c001a5de                HalReceivedNMI()
                0x00000000c001a679                HalSystemIdle()
                0x00000000c001a6d8                i386SaveCoprocessor(void*)
                0x00000000c001a6ec                i386LoadCoprocessor(void*)
                0x00000000c001a700                x87EmulHandler(regs*, void*)
                0x00000000c001a79d                HalInitialiseCoprocessor()
                0x00000000c001a821                HalPanic(char const*)
                0x00000000c001a935                HalQueryPerformanceCounter()
                0x00000000c001a945                HalInitialise()
                0x00000000c001ab2d                HalMakeBeep(int)
                0x00000000c001ab67                HalGetRand()
                0x00000000c001ab6a                HalEndOfInterrupt(int)
                0x00000000c001ab96                CPU::CPU()
                0x00000000c001ab96                CPU::CPU()
                0x00000000c001ac1a                CPU::setupSMEP()
                0x00000000c001ac26                CPU::setupUMIP()
                0x00000000c001ac30                CPU::setupTSC()
                0x00000000c001ac3a                CPU::setupLargePages()
                0x00000000c001ac44                CPU::setupPAT()
                0x00000000c001ac76                CPU::setupMTRR()
                0x00000000c001ac78                CPU::setupGlobalPages()
                0x00000000c001ac82                CPU::allowUsermodeDataAccess()
                0x00000000c001ac90                CPU::prohibitUsermodeDataAccess()
                0x00000000c001ac9e                CPU::setupSMAP()
                0x00000000c001acac                CPU::setupFeatures()
                0x00000000c001ad78                CPU::open(int, int, void*)
 .text          0x00000000c001ae7d      0x341 arch/i386/intctrl.32
                0x00000000c001ae7d                convertLegacyIRQNumber(int)
                0x00000000c001aeb9                KeSetupInterrupts()
                0x00000000c001af16                int_handler
                0x00000000c001af99                HalInstallISRHandler(int, void (*)(regs*, void*), void*)
                0x00000000c001afe3                HalInstallIRQHandler(int, void (*)(regs*, void*), bool, void*)
                0x00000000c001b111                HalUninstallISRHandler(int, void (*)(regs*, void*))
                0x00000000c001b145                HalUninstallIRQHandler(int, void (*)(regs*, void*), bool)
 *fill*         0x00000000c001b1be        0x2 
 .text          0x00000000c001b1c0      0x2dc arch/i386/pic.32
                0x00000000c001b1c0                picIoWait()
                0x00000000c001b1c8                picDisable()
                0x00000000c001b1fc                picGetIRQReg(int)
                0x00000000c001b278                picOpen()
                0x00000000c001b3fc                picEOI(int)
 .text          0x00000000c001b49c      0x5f3 arch/i386/rtc.32
                0x00000000c001b49c                RTC::open(int, int, void*)
                0x00000000c001b4a0                RTC::close(int, int, void*)
                0x00000000c001b4a4                RTC::timeInSecondsUTC()
                0x00000000c001b4b6                RTC::timeInDatetimeUTC()
                0x00000000c001b4dc                RTC::setTimeInSecondsUTC(unsigned long long)
                0x00000000c001b51a                RTC::~RTC()
                0x00000000c001b51a                RTC::~RTC()
                0x00000000c001b53e                RTC::~RTC()
                0x00000000c001b568                RTC::get_update_in_progress_flag()
                0x00000000c001b57c                RTC::completeRTCRefresh()
                0x00000000c001b830                RTC::setTimeInDatetimeUTC(datetime_t)
                0x00000000c001b9a6                rtcIRQHandler(regs*, void*)
                0x00000000c001b9e6                RTC::RTC()
                0x00000000c001b9e6                RTC::RTC()
 *fill*         0x00000000c001ba8f        0x1 
 .text          0x00000000c001ba90      0x1f4 arch/i386/vga.32
                0x00000000c001ba90                HalConsoleScroll(int, int)
                0x00000000c001bb98                HalConsoleWriteCharacter(char, int, int, int, int)
                0x00000000c001bbfc                HalConsoleCursorUpdate(int, int)
 .text          0x00000000c001bc84     0x14cf fs/fat/vfslink.32
                0x00000000c001bc84                FAT::getName()
                0x00000000c001bc8c                FAT::tell(void*, unsigned long long*)
                0x00000000c001bcc8                FAT::stat(void*, unsigned long long*)
                0x00000000c001bd04                FAT::~FAT()
                0x00000000c001bd04                FAT::~FAT()
                0x00000000c001bd28                FAT::~FAT()
                0x00000000c001bd50                FAT::getlabel(LogicalDisk*, int, char*, unsigned int*)
                0x00000000c001bdf4                FAT::setlabel(LogicalDisk*, int, char*)
                0x00000000c001beb8                FAT::format(LogicalDisk*, int, char const*, int)
                0x00000000c001c09c                FAT::tryMount(LogicalDisk*, int)
                0x00000000c001c2b8                FAT::allocateSwapfile(char const*, int)
                0x00000000c001c478                FAT::readDir(void*, unsigned long, void*, int*)
                0x00000000c001c5e8                FAT::read(void*, unsigned long, void*, int*)
                0x00000000c001c648                FAT::write(void*, unsigned long, void*, int*)
                0x00000000c001c6a8                FAT::close(void*)
                0x00000000c001c6fc                FAT::closeDir(void*)
                0x00000000c001c750                FAT::truncate(void*, unsigned long long)
                0x00000000c001c7bc                FAT::seek(void*, unsigned long long)
                0x00000000c001c814                fatWrapperReadDisk
                0x00000000c001c854                fatWrapperWriteDisk
                0x00000000c001c894                fatWrapperIoctl
                0x00000000c001c9b0                FAT::FAT()
                0x00000000c001c9b0                FAT::FAT()
                0x00000000c001ca08                FAT::fixFilepath(char*)
                0x00000000c001ca48                FAT::open(char const*, void**, FileOpenMode)
                0x00000000c001cbbc                FAT::openDir(char const*, void**)
                0x00000000c001cc6c                FAT::stat(char const*, unsigned long long*, bool*)
                0x00000000c001cd64                FAT::unlink(char const*)
                0x00000000c001cde4                FAT::chfatattr(char const*, unsigned char, unsigned char)
                0x00000000c001cf98                FAT::rename(char const*, char const*)
                0x00000000c001d064                FAT::mkdir(char const*)
                0x00000000c001d0e4                FAT::exists(char const*)
 *fill*         0x00000000c001d153        0x1 
 .text          0x00000000c001d154       0x94 fs/iso9660/helper.32
                0x00000000c001d154                isoReadDiscSectorHelper
                0x00000000c001d1b0                iso_kprintf
                0x00000000c001d1cc                iso_kprintfd
 .text          0x00000000c001d1e8      0x71c fs/iso9660/vfslink.32
                0x00000000c001d1e8                ISO9660::format(LogicalDisk*, int, char const*, int)
                0x00000000c001d1ee                ISO9660::truncate(void*, unsigned long long)
                0x00000000c001d1f4                ISO9660::getName()
                0x00000000c001d1fa                ISO9660::closeDir(void*)
                0x00000000c001d204                ISO9660::chfatattr(char const*, unsigned char, unsigned char)
                0x00000000c001d20a                ISO9660::unlink(char const*)
                0x00000000c001d210                ISO9660::write(void*, unsigned long, void*, int*)
                0x00000000c001d216                ISO9660::rename(char const*, char const*)
                0x00000000c001d21c                ISO9660::mkdir(char const*)
                0x00000000c001d222                ISO9660::~ISO9660()
                0x00000000c001d222                ISO9660::~ISO9660()
                0x00000000c001d246                ISO9660::~ISO9660()
                0x00000000c001d26e                ISO9660::exists(char const*)
                0x00000000c001d282                ISO9660::open(char const*, void**, FileOpenMode)
                0x00000000c001d368                ISO9660::read(void*, unsigned long, void*, int*)
                0x00000000c001d3b0                ISO9660::seek(void*, unsigned long long)
                0x00000000c001d3f2                ISO9660::tell(void*, unsigned long long*)
                0x00000000c001d430                ISO9660::stat(void*, unsigned long long*)
                0x00000000c001d482                ISO9660::stat(char const*, unsigned long long*, bool*)
                0x00000000c001d5c4                ISO9660::close(void*)
                0x00000000c001d5f4                ISO9660::openDir(char const*, void**)
                0x00000000c001d6ce                ISO9660::readDir(void*, unsigned long, void*, int*)
                0x00000000c001d7eb                readSectorFromCDROM(unsigned int, unsigned char*, char)
                0x00000000c001d86a                ISO9660::tryMount(LogicalDisk*, int)
                0x00000000c001d8dc                ISO9660::ISO9660()
                0x00000000c001d8dc                ISO9660::ISO9660()
 .text          0x00000000c001d904      0x26c hal/sound/sndcard.32
                0x00000000c001d904                SoundCard::beginPlayback()
                0x00000000c001d912                SoundCard::stopPlayback()
                0x00000000c001d920                SoundCard::SoundCard(char const*)
                0x00000000c001d920                SoundCard::SoundCard(char const*)
                0x00000000c001d9be                SoundCard::~SoundCard()
                0x00000000c001d9be                SoundCard::~SoundCard()
                0x00000000c001d9e2                SoundCard::~SoundCard()
                0x00000000c001da0c                SoundCard::configureRates(int, int, int)
                0x00000000c001da3c                SoundCard::getSamples16(int, short*)
                0x00000000c001da98                SoundCard::getSamples32(int, int*)
                0x00000000c001db1e                SoundCard::addChannel(SoundPort*)
                0x00000000c001db5c                SoundCard::removeChannel(int)
 .text          0x00000000c001db70      0x426 hal/sound/sndport.32
                0x00000000c001db70                SoundPort::SoundPort(int, int, int, int)
                0x00000000c001db70                SoundPort::SoundPort(int, int, int, int)
                0x00000000c001dbfc                SoundPort::~SoundPort()
                0x00000000c001dbfc                SoundPort::~SoundPort()
                0x00000000c001dc30                SoundPort::unpause()
                0x00000000c001dc3c                SoundPort::pause()
                0x00000000c001dc48                SoundPort::getBufferUsed()
                0x00000000c001dc50                SoundPort::getBufferSize()
                0x00000000c001dc58                SoundPort::buffer8(signed char*, int)
                0x00000000c001dcec                SoundPort::buffer16(short*, int)
                0x00000000c001dd80                SoundPort::buffer32(int*, int)
                0x00000000c001de0c                SoundPort::unbufferAndAdd16(int, short*, SoundCard*)
                0x00000000c001ded8                SoundPort::unbufferAndAdd32(int, int*, SoundCard*)
 .text          0x00000000c001df96      0xc23 hw/bus/pci.32
                0x00000000c001df96                PCI::open(int, int, void*)
                0x00000000c001dfb4                PCI::close(int, int, void*)
                0x00000000c001dfb8                PCI::PCI()
                0x00000000c001dfb8                PCI::PCI()
                0x00000000c001e050                PCI::readBAR8(unsigned int, int)
                0x00000000c001e06c                PCI::readBAR16(unsigned int, int)
                0x00000000c001e08a                PCI::readBAR32(unsigned int, int)
                0x00000000c001e0a6                PCI::writeBAR8(unsigned int, unsigned char, int)
                0x00000000c001e0c6                PCI::writeBAR16(unsigned int, unsigned short, int)
                0x00000000c001e0e8                PCI::writeBAR32(unsigned int, unsigned int, int)
                0x00000000c001e108                PCI::legacyMechanism(unsigned char, unsigned char, unsigned char, unsigned char)
                0x00000000c001e17e                PCI::pciReadWord(unsigned char, unsigned char, unsigned char, unsigned char)
                0x00000000c001e228                PCI::getVendorID(unsigned char, unsigned char, unsigned char)
                0x00000000c001e24c                PCI::getHeaderType(unsigned char, unsigned char, unsigned char)
                0x00000000c001e274                PCI::getClassCode(unsigned char, unsigned char, unsigned char)
                0x00000000c001e2be                PCI::getProgIF(unsigned char, unsigned char, unsigned char)
                0x00000000c001e2e6                PCI::getRevisionID(unsigned char, unsigned char, unsigned char)
                0x00000000c001e30a                PCI::getInterruptNumber(unsigned char, unsigned char, unsigned char)
                0x00000000c001e32e                PCI::getSecondaryBus(unsigned char, unsigned char, unsigned char)
                0x00000000c001e356                PCI::getBARAddress(unsigned char, unsigned char, unsigned char, unsigned char)
                0x00000000c001e3ba                PCI::pciWriteWord(unsigned char, unsigned char, unsigned char, unsigned char, unsigned short)
                0x00000000c001e4a2                PCI::pciDetailsToFilepath(PCIDeviceInfo, char*)
                0x00000000c001e768                PCI::checkBus(unsigned char)
                0x00000000c001e78c                PCI::foundDevice(PCIDeviceInfo)
                0x00000000c001e972                PCI::getDeviceData(unsigned char, unsigned char, unsigned char)
                0x00000000c001eaee                PCI::checkDevice(unsigned char, unsigned char)
                0x00000000c001eb60                PCI::detect()
 *fill*         0x00000000c001ebb9        0x1 
 .text          0x00000000c001ebba      0xe58 hw/diskctrl/ide.32
                0x00000000c001ebba                IDE::close(int, int, void*)
                0x00000000c001ebbe                IDE::IDE()
                0x00000000c001ebbe                IDE::IDE()
                0x00000000c001ebf2                IDE::prepareInterrupt(unsigned char)
                0x00000000c001ec04                selectDrive(unsigned char, unsigned char)
                0x00000000c001ec06                IDE::getBase(unsigned char)
                0x00000000c001ec18                IDE::write(unsigned char, unsigned char, unsigned char)
                0x00000000c001ecd8                IDE::read(unsigned char, unsigned char)
                0x00000000c001ed86                IDE::waitInterrupt(unsigned char)
                0x00000000c001ede9                ideChannel0IRQHandler(regs*, void*)
                0x00000000c001ee05                ideChannel1IRQHandler(regs*, void*)
                0x00000000c001ee22                IDE::enableIRQs(unsigned char, bool)
                0x00000000c001ee6c                IDE::open(int, int, void*)
                0x00000000c001f3c6                IDE::readBuffer(unsigned char, unsigned char, unsigned int, unsigned int)
                0x00000000c001f496                IDE::detect()
                0x00000000c001f904                IDE::printError(unsigned char, unsigned char, unsigned char)
                0x00000000c001f9be                IDE::polling(unsigned char, unsigned int)
 .text          0x00000000c001fa12      0x33d hw/diskctrl/satabus.32
                0x00000000c001fa12                SATABus::close(int, int, void*)
                0x00000000c001fa16                SATABus::detect()
                0x00000000c001fa18                SATABus::SATABus()
                0x00000000c001fa18                SATABus::SATABus()
                0x00000000c001fa9e                SATABus::findCmdslot(SATABus::tagHBA_PORT volatile*)
                0x00000000c001fad0                SATABus::checkType(SATABus::tagHBA_PORT volatile*)
                0x00000000c001fb18                SATABus::startCmd(SATABus::tagHBA_PORT volatile*)
                0x00000000c001fb38                SATABus::stopCmd(SATABus::tagHBA_PORT volatile*)
                0x00000000c001fb62                SATABus::portRebase(SATABus::tagHBA_PORT volatile*, int)
                0x00000000c001fc72                SATABus::probePort(SATABus::tagHBA_MEM volatile*)
                0x00000000c001fd1c                SATABus::open(int, int, void*)
 *fill*         0x00000000c001fd4f        0x1 
 .text          0x00000000c001fd50      0x7a9 hw/diskphys/ata.32
                0x00000000c001fd50                ATA::close(int, int, void*)
                0x00000000c001fd74                ATA::powerSaving(PowerSavingLevel)
                0x00000000c001fd76                ATA::ATA()
                0x00000000c001fd76                ATA::ATA()
                0x00000000c001fda4                ATA::flush(bool)
                0x00000000c001fdf2                ATA::readyForCommand()
                0x00000000c001fe3e                ATA::access(unsigned long long, int, void*, bool)
                0x00000000c002022e                ATA::read(unsigned long long, int, void*)
                0x00000000c002027a                ATA::write(unsigned long long, int, void*)
                0x00000000c00202c6                ATA::detectCHS()
                0x00000000c00202f0                ATA::open(int, int, void*)
                0x00000000c00204db                combineCharAndColour(char, unsigned char)
                0x00000000c00204ec                combineColours(unsigned char, unsigned char)
 *fill*         0x00000000c00204f9        0x1 
 .text          0x00000000c00204fa      0x618 hw/diskphys/atapi.32
                0x00000000c00204fa                ATAPI::write(unsigned long long, int, void*)
                0x00000000c0020500                ATAPI::close(int, int, void*)
                0x00000000c0020524                ATAPI::ATAPI()
                0x00000000c0020524                ATAPI::ATAPI()
                0x00000000c0020552                ATAPI::readyForCommand()
                0x00000000c00205a4                ATAPI::sendPacket(unsigned char*, int, bool, unsigned short*, int)
                0x00000000c002086c                ATAPI::diskRemoved()
                0x00000000c00208a6                ATAPI::eject()
                0x00000000c00208ee                ATAPI::diskInserted()
                0x00000000c00208fa                ATAPI::detectMedia()
                0x00000000c00209b8                ATAPI::open(int, int, void*)