Archive member included to satisfy reference by file (symbol)

/cygdrive/d/Users/Alex/Desktop/Toolchain/Output/bin/../lib/gcc/i386-banana/8.1.0/libkgcc.a(_divdi3.o)
                              krnl/resolve.32 (__divdi3)
/cygdrive/d/Users/Alex/Desktop/Toolchain/Output/bin/../lib/gcc/i386-banana/8.1.0/libkgcc.a(_moddi3.o)
                              krnl/resolve.32 (__moddi3)
/cygdrive/d/Users/Alex/Desktop/Toolchain/Output/bin/../lib/gcc/i386-banana/8.1.0/libkgcc.a(_udivdi3.o)
                              hal/clock.32 (__udivdi3)
/cygdrive/d/Users/Alex/Desktop/Toolchain/Output/bin/../lib/gcc/i386-banana/8.1.0/libkgcc.a(_umoddi3.o)
                              core/pipe.32 (__umoddi3)

Allocating common symbols
Common symbol       size              file

dcache              0x40              fs/iso9660/iso9660.32
cdDriveLetter       0x1               fs/iso9660/iso9660.32
icache              0x40              fs/iso9660/iso9660.32

Discarded input sections

 .comment       0x0000000000000000       0x12 /cygdrive/d/Users/Alex/Desktop/Toolchain/Output/bin/../lib/gcc/i386-banana/8.1.0/crtbegin.o
 .comment       0x0000000000000000       0x12 acpica/utclib.32
 .comment       0x0000000000000000       0x12 core/malloc.32
 .comment       0x0000000000000000       0x12 libk/ctype.32
 .comment       0x0000000000000000       0x12 libk/string.32
 .comment       0x0000000000000000       0x12 fs/fat/diskio.32
 .comment       0x0000000000000000       0x12 fs/fat/ff.32
 .comment       0x0000000000000000       0x12 fs/fat/ffsystem.32
 .comment       0x0000000000000000       0x12 fs/fat/ffunicode.32
 .comment       0x0000000000000000       0x12 fs/iso9660/iso9660.32
 .group         0x0000000000000000       0x14 core/computer.32
 .group         0x0000000000000000        0xc core/computer.32
 .comment       0x0000000000000000       0x12 core/computer.32
 .comment       0x0000000000000000       0x12 core/gdt.32
 .group         0x0000000000000000        0xc core/idle.32
 .comment       0x0000000000000000       0x12 core/idle.32
 .comment       0x0000000000000000       0x12 core/idt.32
 .comment       0x0000000000000000       0x12 core/kheap.32
 .comment       0x0000000000000000       0x12 core/main.32
 .comment       0x0000000000000000       0x12 core/physmgr.32
 .group         0x0000000000000000        0xc core/pipe.32
 .comment       0x0000000000000000       0x12 core/pipe.32
 .group         0x0000000000000000        0xc core/terminal.32
 .comment       0x0000000000000000       0x12 core/terminal.32
 .comment       0x0000000000000000       0x12 core/tss.32
 .group         0x0000000000000000        0x8 core/unixfile.32
 .group         0x0000000000000000        0x8 core/unixfile.32
 .group         0x0000000000000000        0xc core/unixfile.32
 .group         0x0000000000000000        0x8 core/unixfile.32
 .group         0x0000000000000000        0xc core/unixfile.32
 .group         0x0000000000000000        0x8 core/unixfile.32
 .group         0x0000000000000000        0xc core/unixfile.32
 .group         0x0000000000000000        0xc core/unixfile.32
 .comment       0x0000000000000000       0x12 core/unixfile.32
 .comment       0x0000000000000000       0x12 core/virtmgr.32
 .comment       0x0000000000000000       0x12 coreobjs/c++.32
 .comment       0x0000000000000000       0x12 dbg/kconsole.32
 .comment       0x0000000000000000       0x12 dbg/usban.32
 .comment       0x0000000000000000       0x12 fs/symlink.32
 .group         0x0000000000000000        0xc fs/vfs.32
 .group         0x0000000000000000        0xc fs/vfs.32
 .group         0x0000000000000000        0xc fs/vfs.32
 .comment       0x0000000000000000       0x12 fs/vfs.32
 .group         0x0000000000000000        0xc hal/bus.32
 .comment       0x0000000000000000       0x12 hal/bus.32
 .comment       0x0000000000000000       0x12 hal/buzzer.32
 .group         0x0000000000000000        0xc hal/clock.32
 .comment       0x0000000000000000       0x12 hal/clock.32
 .group         0x0000000000000000       0x14 hal/device.32
 .group         0x0000000000000000        0xc hal/device.32
 .group         0x0000000000000000        0x8 hal/device.32
 .group         0x0000000000000000        0xc hal/device.32
 .group         0x0000000000000000        0xc hal/device.32
 .comment       0x0000000000000000       0x12 hal/device.32
 .group         0x0000000000000000        0xc hal/diskctrl.32
 .comment       0x0000000000000000       0x12 hal/diskctrl.32
 .group         0x0000000000000000        0xc hal/diskphys.32
 .comment       0x0000000000000000       0x12 hal/diskphys.32
 .comment       0x0000000000000000       0x12 hal/fpu.32
 .comment       0x0000000000000000       0x12 hal/intctrl.32
 .group         0x0000000000000000        0xc hal/keybrd.32
 .comment       0x0000000000000000       0x12 hal/keybrd.32
 .group         0x0000000000000000        0xc hal/logidisk.32
 .comment       0x0000000000000000       0x12 hal/logidisk.32
[...]
Memory Configuration

Name             Origin             Length             Attributes
*default*        0x0000000000000000 0xffffffffffffffff

Linker script and memory map

LOAD D:/Users/Alex/Desktop/Banana/kernel/boot.32
LOAD crti.32
LOAD /cygdrive/d/Users/Alex/Desktop/Toolchain/Output/bin/../lib/gcc/i386-banana/8.1.0/crtbegin.o
LOAD D:/Users/Alex/Desktop/Banana/kernel/morenasm.32
LOAD acpica/utclib.32
LOAD core/malloc.32
LOAD libk/ctype.32
LOAD libk/string.32
LOAD fs/fat/diskio.32
LOAD fs/fat/ff.32
LOAD fs/fat/ffsystem.32
LOAD fs/fat/ffunicode.32
LOAD fs/iso9660/iso9660.32
LOAD core/computer.32
LOAD core/gdt.32
LOAD core/idle.32
LOAD core/idt.32
LOAD core/kheap.32
LOAD core/main.32
LOAD core/physmgr.32
LOAD core/pipe.32
LOAD core/terminal.32
LOAD core/tss.32
LOAD core/unixfile.32
LOAD core/virtmgr.32
LOAD coreobjs/c++.32
LOAD dbg/kconsole.32
LOAD dbg/usban.32
LOAD fs/symlink.32
LOAD fs/vfs.32
LOAD hal/bus.32
LOAD hal/buzzer.32
LOAD hal/clock.32
LOAD hal/device.32
LOAD hal/diskctrl.32
LOAD hal/diskphys.32
LOAD hal/fpu.32
LOAD hal/intctrl.32
LOAD hal/keybrd.32
LOAD hal/logidisk.32
LOAD hal/mouse.32
LOAD hal/nic.32
LOAD hal/partition.32
LOAD hal/serial.32
LOAD hal/timer.32
LOAD hal/vcache.32
LOAD hal/video.32
LOAD hw/acpi.32
LOAD hw/cpu.32
LOAD krnl/atexit.32
LOAD krnl/bootmsg.32
LOAD krnl/compat.32
LOAD krnl/crc32.32
LOAD krnl/env.32
LOAD krnl/inlines.32
LOAD krnl/panic.32
LOAD krnl/powctrl.32
LOAD krnl/random.32
LOAD krnl/resolve.32
LOAD krnl/signal.32
LOAD krnl/syscalls.32
LOAD net/ethernet.32
LOAD reg/cm.32
LOAD reg/registry.32
LOAD sys/eject.32
LOAD sys/exit.32
LOAD sys/getcwd.32
LOAD sys/getpid.32
LOAD sys/getramdata.32
LOAD sys/getvgaptr.32
LOAD sys/kill.32
LOAD sys/loaddll.32
LOAD sys/read.32
LOAD sys/registersignal.32
LOAD sys/registry.32
LOAD sys/sbrk.32
LOAD sys/setcwd.32
LOAD sys/settime.32
LOAD sys/symlink.32
LOAD sys/timezone.32
LOAD sys/truncate.32
LOAD sys/write.32
LOAD sys/wsbe.32
LOAD sys/yield.32
LOAD thr/elf.32
LOAD thr/prcssthr.32
LOAD vm86/vm8086.32
LOAD arch/i386/hal.32
LOAD arch/i386/pic.32
LOAD arch/i386/rtc.32
LOAD arch/i386/vga.32
LOAD fs/fat/vfslink.32
LOAD fs/iso9660/helper.32
LOAD fs/iso9660/vfslink.32
LOAD hal/sound/sndcard.32
LOAD hal/sound/sndport.32
LOAD hw/bus/isa.32
LOAD hw/bus/pci.32
LOAD hw/diskctrl/ide.32
LOAD hw/diskctrl/satabus.32
LOAD hw/diskphys/ata.32
LOAD hw/diskphys/atapi.32
LOAD hw/diskphys/sata.32
LOAD hw/diskphys/satapi.32
LOAD hw/intctrl/apic.32
LOAD hw/timer/apictimer.32
LOAD hw/timer/pit.32
LOAD arch/i386/avx.32
LOAD arch/i386/interrupt.32
LOAD arch/i386/rdrand.32
LOAD arch/i386/sse.32
LOAD arch/i386/x87.32
LOAD /cygdrive/d/Users/Alex/Desktop/Toolchain/Output/bin/../lib/gcc/i386-banana/8.1.0/crtend.o
LOAD crtn.32
LOAD /cygdrive/d/Users/Alex/Desktop/Toolchain/Output/bin/../lib/gcc/i386-banana/8.1.0/libkgcc.a
LOAD D:/Users/Alex/Desktop/Banana/kernel/libsoftfp.a
LOAD D:/Users/Alex/Desktop/Banana/kernel/libk/libm32.a
                0x00000000c0000000                . = 0xc0000000

.text           0x00000000c0000000    0x1fa6a
 *(.text)
 .text          0x00000000c0000000       0x20 D:/Users/Alex/Desktop/Banana/kernel/boot.32
 .text          0x00000000c0000020        0x0 crti.32
 .text          0x00000000c0000020      0x101 /cygdrive/d/Users/Alex/Desktop/Toolchain/Output/bin/../lib/gcc/i386-banana/8.1.0/crtbegin.o
 *fill*         0x00000000c0000121        0xf 
 .text          0x00000000c0000130      0x24f D:/Users/Alex/Desktop/Banana/kernel/morenasm.32
                0x00000000c0000130                manualPCIProbe
                0x00000000c000017b                prepareTramp
                0x00000000c0000194                doTPAUSE
                0x00000000c000019e                hasLegacyFPU
                0x00000000c00001c3                is486
                0x00000000c00001f9                detectCPUID
                0x00000000c000020f                goToVM86
                0x00000000c000023f                goToUsermode
                0x00000000c0000269                switchToThreadASMFirstTime
                0x00000000c0000277                switchToThreadASM
                0x00000000c00002fc                asmQuickAcquireLock
                0x00000000c000031a                asmQuickReleaseLock
                0x00000000c0000326                asmAcquireLock
                0x00000000c0000347                asmReleaseLock
                0x00000000c000035a                loadGDT
                0x00000000c000037a                memcpy
 *fill*         0x00000000c000037f        0x1 
 .text          0x00000000c0000380      0x868 acpica/utclib.32
                0x00000000c0000380                memcmp
                0x00000000c00003d0                memmove
                0x00000000c00004f0                memset
                0x00000000c0000570                strlen
                0x00000000c00005a0                strpbrk
                0x00000000c00005f0                strtok
                0x00000000c0000640                strcpy
                0x00000000c0000680                strncpy
                0x00000000c0000750                strcmp
                0x00000000c00007a0                strchr
                0x00000000c00007e0                strncmp
                0x00000000c0000840                strcat
                0x00000000c0000870                strncat
                0x00000000c00008d0                strstr
                0x00000000c0000930                toupper
                0x00000000c0000950                tolower
                0x00000000c0000970                simple_strtoul
 .text          0x00000000c0000be8      0xfaa core/malloc.32
                0x00000000c0000d53                dlfree
                0x00000000c00010ab                dlmalloc
                0x00000000c00015e8                dlrealloc
                0x00000000c000178b                dlmemalign
                0x00000000c00018ae                dlcalloc
                0x00000000c0001948                dlcfree
                0x00000000c000194d                dlindependent_calloc
                0x00000000c0001972                dlindependent_comalloc
                0x00000000c0001989                dlvalloc
                0x00000000c00019b4                dlpvalloc
                0x00000000c00019ea                dlmalloc_trim
                0x00000000c00019f7                dlmalloc_usable_size
                0x00000000c0001a28                dlmallinfo
                0x00000000c0001af7                dlmalloc_stats
                0x00000000c0001b08                dlmallopt
 *fill*         0x00000000c0001b92        0x2 
 .text          0x00000000c0001b94      0x1f2 libk/ctype.32
                0x00000000c0001b94                isblank
                0x00000000c0001bb4                iscntrl
                0x00000000c0001bd4                isdigit
                0x00000000c0001bf0                islower
                0x00000000c0001c0c                isspace
                0x00000000c0001c34                isupper
                0x00000000c0001c50                isalpha
                0x00000000c0001c80                isalnum
                0x00000000c0001cb0                ispunct
                0x00000000c0001cf0                isgraph
                0x00000000c0001d20                isprint
                0x00000000c0001d48                isxdigit
 .text          0x00000000c0001d86        0x0 libk/string.32
 .text          0x00000000c0001d86       0x51 fs/fat/diskio.32
                0x00000000c0001d86                disk_status
                0x00000000c0001d89                disk_initialize
                0x00000000c0001d8c                disk_read
                0x00000000c0001da2                disk_write
                0x00000000c0001db8                disk_ioctl
 .text          0x00000000c0001dd7     0x3e46 fs/fat/ff.32
                0x00000000c0003bf8                f_mount
                0x00000000c0003c5a                f_open
                0x00000000c0003f1d                f_read
                0x00000000c000411c                f_write
                0x00000000c0004364                f_sync
                0x00000000c0004429                f_close
                0x00000000c0004458                f_lseek
                0x00000000c0004609                f_opendir
                0x00000000c00046d4                f_closedir
                0x00000000c00046f6                f_readdir
                0x00000000c0004788                f_stat
                0x00000000c0004807                f_getfree
                0x00000000c0004910                f_truncate
                0x00000000c00049fa                f_unlink
                0x00000000c0004b1c                f_mkdir
                0x00000000c0004cb7                f_rename
                0x00000000c0004e6f                f_chmod
                0x00000000c0004f1f                f_utime
                0x00000000c0004fcf                f_getlabel
                0x00000000c0005120                f_setlabel
                0x00000000c00052b0                f_expand
                0x00000000c000541d                f_mkfs
 *fill*         0x00000000c0005c1d        0x3 
 .text          0x00000000c0005c20       0x2f fs/fat/ffsystem.32
                0x00000000c0005c20                ff_memalloc
                0x00000000c0005c38                ff_memfree
 *fill*         0x00000000c0005c4f        0x1 
 .text          0x00000000c0005c50      0x2dc fs/fat/ffunicode.32
                0x00000000c0005c50                ff_uni2oem
                0x00000000c0005cf0                ff_oem2uni
                0x00000000c0005d68                ff_wtoupper
 .text          0x00000000c0005f2c      0xd32 fs/iso9660/iso9660.32
                0x00000000c0006177                isoReadDiscSector
                0x00000000c0006212                strnicmp
                0x00000000c00064c1                stricmp
                0x00000000c000650d                iso_open
                0x00000000c0006597                iso_close
                0x00000000c00065b5                iso_read
                0x00000000c00066cb                iso_seek
                0x00000000c000674f                iso_tell
                0x00000000c0006780                iso_total
                0x00000000c00067ab                fn_postprocess
                0x00000000c00067d2                iso_readdir
                0x00000000c0006a29                iso_reset
                0x00000000c0006a46                init_percd
                0x00000000c0006b40                iso_ioctl
                0x00000000c0006b58                fs_iso9660_init
                0x00000000c0006bee                fs_iso9660_shutdown
 .text          0x00000000c0006c5e      0x725 core/computer.32
                0x00000000c0006c5e                Computer::close(int, int, void*)
                0x00000000c0006d0a                Krnl::firstTask()
                0x00000000c0006e48                Computer::Computer()
                0x00000000c0006e48                Computer::Computer()
                0x00000000c0006ef8                Computer::setBootMessage(char const*)
                0x00000000c0006efa                Computer::detectFeatures()
                0x00000000c0007120                Computer::displayFeatures()
                0x00000000c0007122                Computer::rdmsr(unsigned int)
                0x00000000c000714e                Computer::wrmsr(unsigned int, unsigned long long)
                0x00000000c000718a                Computer::shutdown()
                0x00000000c00071a2                Computer::restart()
                0x00000000c00071ba                Computer::sleep()
                0x00000000c00071ce                Computer::nmiEnabled()
                0x00000000c00071da                Computer::readCMOS(unsigned char)
                0x00000000c00071f8                Computer::enableNMI(bool)
                0x00000000c0007210                Computer::open(int, int, void*)
                0x00000000c00072e4                Computer::disableNMI()
                0x00000000c00072f4                Computer::writeCMOS(unsigned char, unsigned char)
                0x00000000c0007318                Computer::handleNMI()
 *fill*         0x00000000c0007383        0x1 
 .text          0x00000000c0007384      0x1db core/gdt.32
                0x00000000c0007384                GDTEntry::setBase(unsigned int)
                0x00000000c00073a0                GDTEntry::setLimit(unsigned int)
                0x00000000c00073be                GDT::GDT()
                0x00000000c00073be                GDT::GDT()
                0x00000000c00073d4                GDT::addEntry(GDTEntry)
                0x00000000c00073f6                GDT::getNumberOfEntries()
                0x00000000c00073fe                GDT::flush()
                0x00000000c0007420                GDT::setup()
 .text          0x00000000c000755f       0x1d core/idle.32
                0x00000000c000755f                idleFunction(void*)
 .text          0x00000000c000757c      0x46c core/idt.32
                0x00000000c000757c                IDTEntry::IDTEntry(bool)
                0x00000000c000757c                IDTEntry::IDTEntry(bool)
                0x00000000c00075f6                IDTEntry::setOffset(unsigned int)
                0x00000000c000760c                IDT::IDT()
                0x00000000c000760c                IDT::IDT()
                0x00000000c000760e                IDT::getPointerToInvalidOpcodeEntryForF00F()
                0x00000000c0007616                IDT::addEntry(IDTEntry, int)
                0x00000000c0007630                IDT::addEntry(int, void (*)(), bool)
                0x00000000c0007668                IDT::flush()
                0x00000000c0007682                IDT::setup()
 .text          0x00000000c00079e8      0x188 core/kheap.32
                0x00000000c00079e8                sbrk
                0x00000000c0007a7f                mmap
                0x00000000c0007a95                munmap
                0x00000000c0007aab                liballoc_lock()
                0x00000000c0007ab9                liballoc_unlock()
                0x00000000c0007acf                liballoc_alloc(int)
                0x00000000c0007ae7                liballoc_free(void*, int)
                0x00000000c0007b02                realloc
                0x00000000c0007b16                malloc
                0x00000000c0007b26                free
                0x00000000c0007b36                rfree
                0x00000000c0007b46                calloc
 .text          0x00000000c0007b70       0xc7 core/main.32
                0x00000000c0007b70                KeEntryPoint
 .text          0x00000000c0007c37      0x644 core/physmgr.32
                0x00000000c0007c37                Phys::allocateDMA(unsigned long)
                0x00000000c0007d1f                Phys::freeDMA(unsigned long, unsigned long)
                0x00000000c0007d5a                Phys::setPageState(unsigned long, bool)
                0x00000000c0007d9a                Phys::getPageState(unsigned long)
                0x00000000c0007db6                Phys::freePage(unsigned long)
                0x00000000c0007e1f                Phys::allocatePage()
                0x00000000c0007eee                Phys::allocateContiguousPages(int)
                0x00000000c0007f55                Phys::allowSegmentToBeUsed(unsigned long, unsigned long)
                0x00000000c0007f8d                Phys::physicalMemorySetup(unsigned int)
 *fill*         0x00000000c000827b        0x1 
 .text          0x00000000c000827c      0x273 core/pipe.32
                0x00000000c000827c                Pipe::isAtty()
                0x00000000c0008280                Pipe::~Pipe()
                0x00000000c0008280                Pipe::~Pipe()
                0x00000000c00082a4                Pipe::~Pipe()
                0x00000000c00082cc                Pipe::write(unsigned long long, void*, int*)
                0x00000000c000838c                Pipe::read(unsigned long long, void*, int*)
                0x00000000c0008488                Pipe::Pipe(int)
                0x00000000c0008488                Pipe::Pipe(int)
 *fill*         0x00000000c00084ef        0x1 
 .text          0x00000000c00084f0      0xab3 core/terminal.32
                0x00000000c00084f0                VgaText::isAtty()
                0x00000000c00084f4                VgaText::~VgaText()
                0x00000000c00084f4                VgaText::~VgaText()
                0x00000000c0008518                VgaText::~VgaText()
                0x00000000c0008542                VgaText::read(unsigned long long, void*, int*)
                0x00000000c0008562                setTerminalScrollLock(bool)
                0x00000000c0008563                doTerminalCycle()
                0x00000000c0008564                addToTerminalCycle(VgaText*)
                0x00000000c0008565                scrollTerminalScrollLock(int)
                0x00000000c0008566                VgaText::updateTitle()
                0x00000000c0008568                VgaText::load()
                0x00000000c000856a                VgaText::updateCursor()
                0x00000000c0008580                VgaText::doANSI_SGR(int)
                0x00000000c00085f4                VgaText::setDefaultBgColour(VgaColour)
                0x00000000c0008604                VgaText::setDefaultFgColour(VgaColour)
                0x00000000c0008614                VgaText::setDefaultColours(VgaColour, VgaColour)
                0x00000000c0008634                VgaText::setTitleTextColour(VgaColour)
                0x00000000c0008640                VgaText::setTitleColour(VgaColour)
                0x00000000c000864c                VgaText::setTitle(char*)
                0x00000000c000864e                VgaText::combineColours(unsigned char, unsigned char)
                0x00000000c0008660                VgaText::scrollScreen()
                0x00000000c00086f2                VgaText::combineCharAndColour(char, unsigned char)
                0x00000000c0008702                VgaText::writeCharacter(char, VgaColour, VgaColour, int, int)
                0x00000000c0008792                VgaText::getCursorX()
                0x00000000c000879a                VgaText::getCursorY()
                0x00000000c00087a2                VgaText::setCursor(int, int)
                0x00000000c00087b9                setActiveTerminal(VgaText*)
                0x00000000c0008804                VgaText::clearScreen()
                0x00000000c0008852                VgaText::setCursorX(int)
                0x00000000c000886a                VgaText::setCursorY(int)
                0x00000000c0008882                VgaText::incrementCursor(bool)
                0x00000000c00088d6                VgaText::decrementCursor(bool)
                0x00000000c00088f8                VgaText::putchar(char, VgaColour, VgaColour)
                0x00000000c00089c8                VgaText::putchar(char)
                0x00000000c0008ac0                VgaText::putx(unsigned int)
                0x00000000c0008b06                VgaText::puts(char const*)
                0x00000000c0008b2c                VgaText::write(unsigned long long, void*, int*)
                0x00000000c0008b78                VgaText::puts(char const*, VgaColour, VgaColour)
                0x00000000c0008cc6                VgaText::VgaText(char const*)
                0x00000000c0008cc6                VgaText::VgaText(char const*)
                0x00000000c0008e16                VgaText::receiveKey(unsigned char)
                0x00000000c0008fa2                VgaText::doUpdate()
 *fill*         0x00000000c0008fa3        0x1 
 .text          0x00000000c0008fa4      0x1a1 core/tss.32
                0x00000000c0008fa4                TSS::TSS()
                0x00000000c0008fa4                TSS::TSS()
                0x00000000c0008fb4                TSS::setESP(unsigned long)
                0x00000000c0008fc8                TSS::flush()
                0x00000000c0008fe8                TSS::setup(unsigned long, unsigned long)
 *fill*         0x00000000c0009145        0x1 
 .text          0x00000000c0009146      0x4ca core/unixfile.32
                0x00000000c0009146                ReservedFilename::read(unsigned long long, void*, int*)
                0x00000000c000919c                ReservedFilename::isAtty()
                0x00000000c00091b8                ReservedFilename::write(unsigned long long, void*, int*)
                0x00000000c0009216                UnixFile::getFileDescriptor()
                0x00000000c000921e                UnixFile::UnixFile(int)
                0x00000000c000921e                UnixFile::UnixFile(int)
                0x00000000c00093d2                ReservedFilename::ReservedFilename(int)
                0x00000000c00093d2                ReservedFilename::ReservedFilename(int)
                0x00000000c0009404                UnixFile::~UnixFile()
                0x00000000c0009404                UnixFile::~UnixFile()
                0x00000000c00094a0                UnixFile::~UnixFile()
                0x00000000c00094c8                ReservedFilename::~ReservedFilename()
                0x00000000c00094c8                ReservedFilename::~ReservedFilename()
                0x00000000c00094ec                ReservedFilename::~ReservedFilename()
                0x00000000c0009513                KeGetFileFromDescriptor(int)
 .text          0x00000000c0009610     0x1218 core/virtmgr.32
                0x00000000c0009610                Virt::setPageState(unsigned long, Virt::VirtPageState)
                0x00000000c000964a                Virt::getPageState(unsigned long)
                0x00000000c000966d                Virt::allocateKernelVirtualPages(int)
                0x00000000c0009792                Virt::freeSwapfilePage(unsigned long)
                0x00000000c00097b5                Virt::swapIDToSector(unsigned long)
                0x00000000c00097cb                Virt::allocateSwapfilePage()
                0x00000000c000984b                Virt::virtualMemorySetup()
                0x00000000c000989c                Virt::setupPageSwapping(int)
                0x00000000c000990e                VAS::setCPUSpecific(unsigned long)
                0x00000000c0009910                VAS::VAS(VAS*)
                0x00000000c0009910                VAS::VAS(VAS*)
                0x00000000c000993e                VAS::getForeignPageTableEntry(bool, unsigned long)
                0x00000000c000996c                VAS::getPageTableEntry(unsigned long)
                0x00000000c000998b                Virt::freeKernelVirtualPages(unsigned long)
                0x00000000c0009ac8                VAS::freeAllocatedPages(unsigned long)
                0x00000000c0009aec                VAS::virtualToPhysical(unsigned long)
                0x00000000c0009b06                VAS::reflagRange(unsigned long, int, unsigned long, unsigned long)
                0x00000000c0009b48                VAS::VAS()
                0x00000000c0009b48                VAS::VAS()
                0x00000000c0009bb2                VAS::setToWriteCombining(unsigned long, int)
                0x00000000c0009be6                VAS::mapOtherVASIn(bool, VAS*)
                0x00000000c0009c12                VAS::~VAS()
                0x00000000c0009c12                VAS::~VAS()
                0x00000000c0009d80                VAS::mapPage(unsigned long, unsigned long, int)
                0x00000000c0009e84                VAS::allocatePages(int, int)
                0x00000000c0009f7a                VAS::mapRange(unsigned long, unsigned long, int, int)
                0x00000000c0009fd2                VAS::mapForeignPage(bool, VAS*, unsigned long, unsigned long, int)
                0x00000000c000a0c8                VAS::VAS(bool)
                0x00000000c000a0c8                VAS::VAS(bool)
                0x00000000c000a312                VAS::evict(unsigned long)
                0x00000000c000a3f0                VAS::tryLoadBackOffDisk(unsigned long)
                0x00000000c000a58a                VAS::allocateSharedMemoryWithKernel(unsigned long, unsigned long*)
                0x00000000c000a5fe                VAS::freeSharedMemoryWithKernel(unsigned long, unsigned long)
                0x00000000c000a62a                VAS::scanForEviction()
                0x00000000c000a72d                mapVASFirstTime
 .text          0x00000000c000a828       0x5f coreobjs/c++.32
                0x00000000c000a828                __cxa_atexit
                0x00000000c000a82b                __cxa_finalize
                0x00000000c000a82c                __stack_chk_fail
                0x00000000c000a862                __cxa_pure_virtual
                0x00000000c000a873                operator new[](unsigned long)
                0x00000000c000a878                operator delete(void*, unsigned long)
                0x00000000c000a87d                operator delete[](void*)
                0x00000000c000a882                operator delete[](void*, unsigned long)
 .text          0x00000000c000a887      0x254 dbg/kconsole.32
                0x00000000c000a887                Dbg::stringifyxWithBase(unsigned int, char*, int)
                0x00000000c000a927                Dbg::logc(char)
                0x00000000c000a947                Dbg::logs(char*)
                0x00000000c000a966                Dbg::logWriteInt(unsigned int)
                0x00000000c000a984                Dbg::logWriteIntBase(unsigned int, int)
                0x00000000c000a9a5                Dbg::kprintf(char const*, ...)
 *fill*         0x00000000c000aadb        0x1 
 .text          0x00000000c000aadc      0x2d4 dbg/usban.32
                0x00000000c000aadc                KiUbsanPrintDetails(char const*, void*)
                0x00000000c000ab48                __ubsan_handle_type_mismatch_v1
                0x00000000c000ac24                __ubsan_handle_pointer_overflow
                0x00000000c000ac50                __ubsan_handle_out_of_bounds
                0x00000000c000ac7c                __ubsan_handle_add_overflow
                0x00000000c000aca8                __ubsan_handle_load_invalid_value
                0x00000000c000acd4                __ubsan_handle_divrem_overflow
                0x00000000c000ad00                __ubsan_handle_mul_overflow
                0x00000000c000ad2c                __ubsan_handle_sub_overflow
                0x00000000c000ad58                __ubsan_handle_shift_out_of_bounds
                0x00000000c000ad84                __ubsan_handle_negate_overflow
 .text          0x00000000c000adb0      0x86d fs/symlink.32
                0x00000000c000aeff                KiDeinitialiseSymlinks(void*)
                0x00000000c000af92                KeRegisterSymlink(char const*, unsigned long long)
                0x00000000c000b024                KeInitialiseSymlinks()
                0x00000000c000b198                KiIsSymlinkRegistered(char const*)
                0x00000000c000b31c                KeDereferenceSymlink(char const*, char*)
                0x00000000c000b4c3                KeCreateSymlink(char const*, char const*)
 *fill*         0x00000000c000b61d        0x1 
 .text          0x00000000c000b61e      0xd68 fs/vfs.32
                0x00000000c000b61e                File::read(unsigned long long, void*, int*)
                0x00000000c000b676                File::write(unsigned long long, void*, int*)
                0x00000000c000b6ce                Directory::read(unsigned long long, void*, int*)
                0x00000000c000b726                Directory::write(unsigned long long, void*, int*)
                0x00000000c000b754                File::isAtty()
                0x00000000c000b758                Directory::isAtty()
                0x00000000c000b75c                Filesystem::getlabel(LogicalDisk*, int, char*, unsigned int*)
                0x00000000c000b762                Filesystem::setlabel(LogicalDisk*, int, char*)
                0x00000000c000b768                Filesystem::allocateSwapfile(char const*, int)
                0x00000000c000b76e                File::~File()
                0x00000000c000b76e                File::~File()
                0x00000000c000b792                File::~File()
                0x00000000c000b7bc                Directory::~Directory()
                0x00000000c000b7bc                Directory::~Directory()
                0x00000000c000b7e0                Directory::~Directory()
                0x00000000c000b80a                Filesystem::Filesystem()
                0x00000000c000b80a                Filesystem::Filesystem()
                0x00000000c000b82e                Filesystem::~Filesystem()
                0x00000000c000b82e                Filesystem::~Filesystem()
                0x00000000c000b83c                Filesystem::~Filesystem()
                0x00000000c000b860                Fs::getcwd(Process*, char*, int)
                0x00000000c000b88a                Fs::initVFS()
                0x00000000c000b8b4                Fs::standardiseFiles(char*, char const*, char const*, bool)
                0x00000000c000bace                File::File(char const*, Process*, bool)
                0x00000000c000bace                File::File(char const*, Process*, bool)
                0x00000000c000bbac                File::File(char const*, Process*)
                0x00000000c000bbac                File::File(char const*, Process*)
                0x00000000c000bbca                File::open(FileOpenMode)
                0x00000000c000bc28                File::close()
                0x00000000c000bc88                File::seek(unsigned long long)
                0x00000000c000bcde                File::truncate(unsigned long long)
                0x00000000c000bd34                File::tell(unsigned long long*)
                0x00000000c000bd84                File::rewind()
                0x00000000c000bd98                File::unlink()
                0x00000000c000bde4                File::rename(char const*)
                0x00000000c000be32                File::chfatattr(unsigned char, unsigned char)
                0x00000000c000be8e                File::exists()
                0x00000000c000becc                File::stat(unsigned long long*, bool*)
                0x00000000c000bf2d                Fs::setcwd(Process*, char*)
                0x00000000c000c08c                Directory::Directory(char const*, Process*)
                0x00000000c000c08c                Directory::Directory(char const*, Process*)
                0x00000000c000c154                Directory::open()
                0x00000000c000c1b0                Directory::close()
                0x00000000c000c210                Directory::unlink()
                0x00000000c000c25c                Directory::rename(char const*)
                0x00000000c000c2aa                Directory::exists()
                0x00000000c000c2e8                Directory::read(dirent*)
                0x00000000c000c334                Directory::create()
                0x00000000c000c380                Filesystem::chfatattr(char const*, unsigned char, unsigned char)
 *fill*         0x00000000c000c386        0x2 
 .text          0x00000000c000c388       0x86 hal/bus.32
                0x00000000c000c388                Bus::Bus(char const*)
                0x00000000c000c388                Bus::Bus(char const*)
                0x00000000c000c3c0                Bus::~Bus()
                0x00000000c000c3c0                Bus::~Bus()
                0x00000000c000c3e4                Bus::~Bus()
 .text          0x00000000c000c40e       0x96 hal/buzzer.32
                0x00000000c000c40e                beepThread(void*)
                0x00000000c000c44b                Krnl::beep(int, int, bool)
 .text          0x00000000c000c4a4      0x45f hal/clock.32
                0x00000000c000c4a4                User::loadClockSettings(int)
                0x00000000c000c4f6                Clock::Clock(char const*)
                0x00000000c000c4f6                Clock::Clock(char const*)
                0x00000000c000c52c                Clock::~Clock()
                0x00000000c000c52c                Clock::~Clock()
                0x00000000c000c550                Clock::~Clock()
                0x00000000c000c57a                Clock::timeInSecondsLocal()
                0x00000000c000c5c2                Clock::setTimeInSecondsLocal(unsigned long long)
                0x00000000c000c61b                datetimeToSeconds(datetime_t)
                0x00000000c000c73a                Clock::setTimeInDatetimeLocal(datetime_t)
                0x00000000c000c79a                secondsToDatetime(unsigned long long)
                0x00000000c000c8de                Clock::timeInDatetimeLocal()
 *fill*         0x00000000c000c903        0x1 
 .text          0x00000000c000c904      0x464 hal/device.32
                0x00000000c000c904                Device::hibernate()
                0x00000000c000c906                Device::wake()
                0x00000000c000c908                Device::detect()
                0x00000000c000c90a                Device::disableLegacy()
                0x00000000c000c90c                Device::powerSaving(PowerSavingLevel)
                0x00000000c000c90e                DriverlessDevice::close(int, int, void*)
                0x00000000c000c912                DriverlessDevice::detect()
                0x00000000c000c914                DriverlessDevice::open(int, int, void*)
                0x00000000c000c928                Device::~Device()
                0x00000000c000c928                Device::~Device()
                0x00000000c000c936                Device::~Device()
                0x00000000c000c95e                Device::findAndLoadDriver()
                0x00000000c000c96c                Device::preOpenPCI(PCIDeviceInfo)
                0x00000000c000c992                Device::preOpenACPI(void*, char*, char*)
                0x00000000c000c9d2                Device::addIRQHandler(int, void (*)(regs*, void*), bool, void*)
                0x00000000c000c9fc                Device::getParent()
                0x00000000c000ca08                Device::removeIRQHandler(int, void (*)(regs*, void*), bool)
                0x00000000c000ca26                Device::addChild(Device*)
                0x00000000c000ca6a                Device::removeAllChildren()
                0x00000000c000cab0                Device::hibernateAll()
                0x00000000c000cae0                Device::wakeAll()
                0x00000000c000cb10                Device::detectAll()
                0x00000000c000cb40                Device::disableLegacyAll()
                0x00000000c000cb42                Device::loadDriversForAll()
                0x00000000c000cb44                Device::closeAll()
                0x00000000c000cb7a                Device::powerSavingAll(PowerSavingLevel)
                0x00000000c000cbb0                Device::setName(char const*)
                0x00000000c000cbbe                Device::Device(char const*)
                0x00000000c000cbbe                Device::Device(char const*)
                0x00000000c000ccba                Device::getName()
                0x00000000c000ccc4                DriverlessDevice::DriverlessDevice(char const*)
                0x00000000c000ccc4                DriverlessDevice::DriverlessDevice(char const*)
                0x00000000c000ccfa                Device::addToLinkedList(LinkedList<Device>&, DeviceType)
                0x00000000c000cd3e                getDevicesOfType(DeviceType)
 .text          0x00000000c000cd68       0x86 hal/diskctrl.32
                0x00000000c000cd68                HardDiskController::HardDiskController(char const*)
                0x00000000c000cd68                HardDiskController::HardDiskController(char const*)
                0x00000000c000cda0                HardDiskController::~HardDiskController()
                0x00000000c000cda0                HardDiskController::~HardDiskController()
                0x00000000c000cdc4                HardDiskController::~HardDiskController()
 .text          0x00000000c000cdee       0xe2 hal/diskphys.32
                0x00000000c000cdee                PhysicalDisk::eject()
                0x00000000c000cdf2                PhysicalDisk::PhysicalDisk(char const*, int)
                0x00000000c000cdf2                PhysicalDisk::PhysicalDisk(char const*, int)
                0x00000000c000ce5a                PhysicalDisk::startCache()
                0x00000000c000ce82                PhysicalDisk::~PhysicalDisk()
                0x00000000c000ce82                PhysicalDisk::~PhysicalDisk()
                0x00000000c000cea6                PhysicalDisk::~PhysicalDisk()
 .text          0x00000000c000ced0        0x0 hal/fpu.32
 .text          0x00000000c000ced0      0x359 hal/intctrl.32
                0x00000000c000ced0                int_handler
                0x00000000c000cf5a                installISRHandler(int, void (*)(regs*, void*), void*)
                0x00000000c000cfa4                installIRQHandler(int, void (*)(regs*, void*), bool, void*)
                0x00000000c000d0d8                uninstallISRHandler(int, void (*)(regs*, void*))
                0x00000000c000d10c                uninstallIRQHandler(int, void (*)(regs*, void*), bool)
                0x00000000c000d18a                setupINTS()
                0x00000000c000d1e7                convertLegacyIRQNumber(int)
 *fill*         0x00000000c000d229        0x1 
 .text          0x00000000c000d22a      0x8be hal/keybrd.32
                0x00000000c000d22a                startGUI(void*)
                0x00000000c000d298                startGUIVESA(void*)
                0x00000000c000d306                sendKeyToTerminal(unsigned char)
                0x00000000c000d3e1                sendKeyboardToken(KeyboardToken)
                0x00000000c000d8cb                clearInternalKeybuffer(VgaText*)
                0x00000000c000d900                readKeyboard(VgaText*, char*, unsigned long)
                0x00000000c000da5e                Keyboard::Keyboard(char const*)
                0x00000000c000da5e                Keyboard::Keyboard(char const*)
                0x00000000c000da9a                Keyboard::~Keyboard()
                0x00000000c000da9a                Keyboard::~Keyboard()
                0x00000000c000dabe                Keyboard::~Keyboard()
 .text          0x00000000c000dae8      0x3f8 hal/logidisk.32
                0x00000000c000dae8                LogicalDisk::close(int, int, void*)
                0x00000000c000daec                LogicalDisk::~LogicalDisk()
                0x00000000c000daec                LogicalDisk::~LogicalDisk()
                0x00000000c000db10                LogicalDisk::~LogicalDisk()
                0x00000000c000db3a                LogicalDisk::open(int, int, void*)
                0x00000000c000db4e                LogicalDisk::absoluteToRelative(unsigned long long)
                0x00000000c000db86                LogicalDisk::relativeToAbsolute(unsigned long long)
                0x00000000c000dbcc                LogicalDisk::LogicalDisk(char const*, PhysicalDisk*, unsigned long long, unsigned long long)
                0x00000000c000dbcc                LogicalDisk::LogicalDisk(char const*, PhysicalDisk*, unsigned long long, unsigned long long)
                0x00000000c000dc8c                LogicalDisk::assignDriveLetter()
                0x00000000c000dd46                LogicalDisk::mount()
                0x00000000c000dd8e                LogicalDisk::unmount()
                0x00000000c000dd9e                LogicalDisk::eject()
                0x00000000c000ddb2                LogicalDisk::unassignDriveLetter()
                0x00000000c000de08                LogicalDisk::read(unsigned long long, int, void*)
                0x00000000c000de74                LogicalDisk::write(unsigned long long, int, void*)
 .text          0x00000000c000dee0       0x86 hal/mouse.32
                0x00000000c000dee0                Mouse::Mouse(char const*)
                0x00000000c000dee0                Mouse::Mouse(char const*)
                0x00000000c000df18                Mouse::~Mouse()
                0x00000000c000df18                Mouse::~Mouse()
                0x00000000c000df3c                Mouse::~Mouse()
 .text          0x00000000c000df66       0x90 hal/nic.32
                0x00000000c000df66                NIC::getMAC()
                0x00000000c000df6c                NIC::write(int, unsigned char*, int*)
                0x00000000c000df72                NIC::NIC(char const*)
                0x00000000c000df72                NIC::NIC(char const*)
                0x00000000c000dfa8                NIC::~NIC()
                0x00000000c000dfa8                NIC::~NIC()
                0x00000000c000dfcc                NIC::~NIC()
 .text          0x00000000c000dff6      0x33b hal/partition.32
                0x00000000c000dff6                makePartition(PhysicalDisk*, unsigned long long, unsigned long long)
                0x00000000c000e09e                createPartitionsForDisk(PhysicalDisk*)
 *fill*         0x00000000c000e331        0x3 
 .text          0x00000000c000e334       0x86 hal/serial.32
                0x00000000c000e334                Serial::Serial(char const*)
                0x00000000c000e334                Serial::Serial(char const*)
                0x00000000c000e36c                Serial::~Serial()
                0x00000000c000e36c                Serial::~Serial()
                0x00000000c000e390                Serial::~Serial()
 *fill*         0x00000000c000e3ba        0x2 
 .text          0x00000000c000e3bc      0x234 hal/timer.32
                0x00000000c000e3bc                Timer::Timer(char const*)
                0x00000000c000e3bc                Timer::Timer(char const*)
                0x00000000c000e3f4                Timer::~Timer()
                0x00000000c000e3f4                Timer::~Timer()
                0x00000000c000e418                Timer::~Timer()
                0x00000000c000e442                Timer::read()
                0x00000000c000e44d                setupTimer(int)
                0x00000000c000e488                timerHandler(unsigned int)
 .text          0x00000000c000e5f0      0x444 hal/vcache.32
                0x00000000c000e5f0                VCache::VCache(PhysicalDisk*)
                0x00000000c000e5f0                VCache::VCache(PhysicalDisk*)
                0x00000000c000e760                VCache::invalidateReadBuffer()
                0x00000000c000e770                VCache::writeWriteBuffer()
                0x00000000c000e7bc                VCache::~VCache()
                0x00000000c000e7bc                VCache::~VCache()
                0x00000000c000e814                VCache::~VCache()
                0x00000000c000e83c                VCache::write(unsigned long long, int, void*)
                0x00000000c000e92a                VCache::read(unsigned long long, int, void*)
 .text          0x00000000c000ea34      0x4c7 hal/video.32
                0x00000000c000ea34                Video::putrect(int, int, int, int, unsigned int)
                0x00000000c000ea80                Video::bitblit(int, int, int, int, int, int, int, unsigned int*)
                0x00000000c000eaf0                Video::blit(unsigned int*, int, int, int, int)
                0x00000000c000eb6e                Video::clearScreen(unsigned int)
                0x00000000c000eba2                Video::putpixel(int, int, unsigned int)
                0x00000000c000ebb0                Video::readPixelApprox(int, int)
                0x00000000c000ebc4                Video::Video(char const*)
                0x00000000c000ebc4                Video::Video(char const*)
                0x00000000c000ebfa                Video::~Video()
                0x00000000c000ebfa                Video::~Video()
                0x00000000c000ec1e                Video::~Video()
                0x00000000c000ec48                Video::isMonochrome()
                0x00000000c000ec54                Video::getWidth()
                0x00000000c000ec60                Video::getHeight()
                0x00000000c000ec6c                Video::drawCursor(int, int, unsigned int*, int)
                0x00000000c000ed28                Video::tgaParse(unsigned char*, int, int*, int*)
                0x00000000c000ee90                Video::putTGA(int, int, unsigned char*, int)
 *fill*         0x00000000c000eefb        0x1 
 .text          0x00000000c000eefc     0x1403 hw/acpi.32
                0x00000000c000eefc                ACPI::close(int, int, void*)
                0x00000000c000f028                findRSDP()
                0x00000000c000f0c0                loadACPITables(unsigned char*)
                0x00000000c000f32c                findRSDT(unsigned char*)
                0x00000000c000f484                findDataTable(unsigned char*, char*)
                0x00000000c000f504                scanMADT()
                0x00000000c000f9bc                ACPI::ACPI()
                0x00000000c000f9bc                ACPI::ACPI()
                0x00000000c000fa10                ACPI::getPCIIRQAssignment(unsigned char, unsigned short, unsigned char)
                0x00000000c000fb0c                ACPI::registerPCIIRQAssignment(void*, unsigned short, unsigned char, unsigned char)
                0x00000000c000fbd8                ACPI::setScreenBrightnessLevel(void*, int)
                0x00000000c000fbe0                ACPI::detectPCI()
                0x00000000c000fe00                ACPI::writeSimpleBootFlag(SimpleBootFlagTable*)
                0x00000000c000fe48                ACPI::sleep()
                0x00000000c000fe64                ACPI::open(int, int, void*)
 *fill*         0x00000000c00102ff        0x1 
 .text          0x00000000c0010300      0xbc5 hw/cpu.32
                0x00000000c0010300                CPU::close(int, int, void*)
                0x00000000c0010304                CPU::AMD_K6_write_msr(unsigned int, unsigned int, unsigned int, CPU::REGS*)
                0x00000000c0010320                CPU::AMD_K6_read_msr(unsigned int, CPU::REGS*)
                0x00000000c0010338                CPU::AMD_K6_writeback(int, int, int)
                0x00000000c00103ac                CPU::cpuid(int, unsigned long*, unsigned long*, unsigned long*, unsigned long*)
                0x00000000c0010430                CPU::cpuidCheckEDX(unsigned int)
                0x00000000c001045e                CPU::cpuidCheckECX(unsigned int)
                0x00000000c001048c                CPU::cpuidCheckExtendedEBX(unsigned int)
                0x00000000c00104ba                CPU::cpuidCheckExtendedECX(unsigned int)
                0x00000000c00104e8                CPU::CPU()
                0x00000000c00104e8                CPU::CPU()
                0x00000000c0010576                CPU::displayFeatures()
                0x00000000c0010578                CPU::detectFeatures()
                0x00000000c0010c4c                CPU::setupSMEP()
                0x00000000c0010c58                CPU::setupUMIP()
                0x00000000c0010c62                CPU::setupTSC()
                0x00000000c0010c6c                CPU::setupLargePages()
                0x00000000c0010c76                CPU::setupPAT()
                0x00000000c0010cb2                CPU::setupMTRR()
                0x00000000c0010cb4                CPU::setupGlobalPages()
                0x00000000c0010cbe                CPU::allowUsermodeDataAccess()
                0x00000000c0010cd0                CPU::prohibitUsermodeDataAccess()
                0x00000000c0010ce2                CPU::setupSMAP()
                0x00000000c0010cf0                CPU::setupFeatures()
                0x00000000c0010dbc                CPU::open(int, int, void*)
 .text          0x00000000c0010ec5       0xb6 krnl/atexit.32
                0x00000000c0010ec5                KeInitialiseAtexit()
                0x00000000c0010ee4                KeRegisterAtexit(void (*)(void*), void*)
                0x00000000c0010f18                KeExecuteAtexit()
 .text          0x00000000c0010f7b       0xdf krnl/bootmsg.32
                0x00000000c0010f7b                KeDisplaySplashScreen()
                0x00000000c0010ff7                KeSetBootMessage(char const*)
 *fill*         0x00000000c001105a        0x2 
 .text          0x00000000c001105c       0x1d krnl/compat.32
                0x00000000c001105c                Krnl::handlePowerButton()
                0x00000000c001106c                Krnl::handleSleepButton()
 .text          0x00000000c0011079       0x2b krnl/crc32.32
                0x00000000c0011079                KeCalculateCRC32(unsigned char*, int)
 .text          0x00000000c00110a4      0x5bf krnl/env.32
                0x00000000c00110a4                EnvVarContainer::getEnv(char const*)
                0x00000000c00110e2                EnvVarContainer::setEnv(char const*, char const*)
                0x00000000c00111a4                EnvVarContainer::deleteEnv(char const*)
                0x00000000c00111a6                EnvVarContainer::loadFrom(char const*, char const*)
                0x00000000c00113ca                EnvVarContainer::__loadSystem()
                0x00000000c00113e4                EnvVarContainer::__loadUser()
                0x00000000c00113e6                EnvVarContainer::EnvVarContainer(Process*)
                0x00000000c00113e6                EnvVarContainer::EnvVarContainer(Process*)
                0x00000000c0011408                EnvVarContainer::~EnvVarContainer()
                0x00000000c0011408                EnvVarContainer::~EnvVarContainer()
                0x00000000c0011438                KeGetEnv(Process*, char const*)
                0x00000000c001149d                KeSetEnvSystem(char const*, char const*)
                0x00000000c00114b7                KeSetEnvUser(char const*, char const*)
                0x00000000c00114d6                KeSetEnvProcess(Process*, char const*, char const*)
                0x00000000c00114e9                KeDeleteEnvSystem(char const*)
                0x00000000c00114ea                KeDeleteEnvUser(char const*)
                0x00000000c00114eb                KeDeleteEnvProcess(Process*, char const*)
                0x00000000c00114ec                KeNewProcessEnv(Process*)
                0x00000000c001150e                KeCopyProcessEnv(Process*, Process*)
                0x00000000c001155a                KeLoadSystemEnv()
                0x00000000c0011588                KeLoadUserEnv()
                0x00000000c00115ae                KeFlushEnv()
                0x00000000c00115af                KeGetProcessTotalEnvCount(Process*)
                0x00000000c00115cf                KeGetProcessEnvPair(Process*, int)
 .text          0x00000000c0011663       0x94 krnl/inlines.32
                0x00000000c0011663                CPU::current()
                0x00000000c001166f                operator new(unsigned long)
                0x00000000c0011674                operator delete(void*)
                0x00000000c0011679                disableIRQs()
                0x00000000c001167b                enableIRQs()
                0x00000000c001167d                lockScheduler()
                0x00000000c0011685                unlockScheduler()
                0x00000000c0011694                lockStuff()
                0x00000000c00116a2                unlockStuff()
                0x00000000c00116dc                Virt::getAKernelVAS()
                0x00000000c00116e2                __not_memcpy
 .text          0x00000000c00116f7        0xc krnl/panic.32
                0x00000000c00116f7                KePanic(char const*)
 .text          0x00000000c0011703      0x142 krnl/powctrl.32
                0x00000000c0011703                KePowerThread(void*)
                0x00000000c0011731                KeChangePowerSettings(PowerSettings)
                0x00000000c0011747                KeUserIOReceived()
                0x00000000c0011752                KeHandlePowerButton()
                0x00000000c0011787                KeHandleSleepButton()
                0x00000000c00117bc                KeSetupPowerManager()
 .text          0x00000000c0011845       0x9d krnl/random.32
                0x00000000c0011845                KeRand()
                0x00000000c0011887                KeSeedRand(unsigned int)
                0x00000000c00118b0                KeInitRand()
 *fill*         0x00000000c00118e2        0x2 
 .text          0x00000000c00118e4      0x1bc krnl/resolve.32
                0x00000000c00118e4                KeResolveCompatibilitySymbol(char*)
 .text          0x00000000c0011aa0      0x322 krnl/signal.32
                0x00000000c0011aa0                KiSigKill(int)
                0x00000000c0011ab4                KiDefaultSignalHandlerIgnore(int)
                0x00000000c0011ab5                KiDefaultSignalHandlerPause(int)
                0x00000000c0011ae1                KiDefaultSignalHandlerResume(int)
                0x00000000c0011b0d                KeDeinitSignals(SigHandlerBlock*)
                0x00000000c0011b12                KeInitSignals()
                0x00000000c0011b64                KeRegisterSignalHandler(SigHandlerBlock*, int, void (*)(int), unsigned int, int)
                0x00000000c0011b9a                KeRaiseSignal(SigHandlerBlock*, int)
                0x00000000c0011c17                KeCheckSignal(SigHandlerBlock*, int*)
                0x00000000c0011d0e                KiCheckSignalZ
                0x00000000c0011d50                KeCompleteSignal(SigHandlerBlock*, int)
                0x00000000c0011d8b                KiFinishSignalZ
 .text          0x00000000c0011dc2      0xe10 krnl/syscalls.32
                0x00000000c0011dc2                SysSeekDir(regs*)
                0x00000000c0011dc7                SysTellDir(regs*)
                0x00000000c0011dcc                SysVerify(regs*)
                0x00000000c0011dd6                SysGetArgc(regs*)
                0x00000000c0011dea                SysTTYName(regs*)
                0x00000000c0011df2                SysFormatDisk(regs*)
                0x00000000c0011e69                SysSetDiskVolumeLabel(regs*)
                0x00000000c0011ebd                SysGetDiskVolumeLabel(regs*)
                0x00000000c0011f16                SysShutdown(regs*)
                0x00000000c0011f74                SysRealpath(regs*)
                0x00000000c0011fb8                SysReadDir(regs*)
                0x00000000c0012038                SysIsATTY(regs*)
                0x00000000c0012092                SysSeek(regs*)
                0x00000000c00120e9                SysTell(regs*)
                0x00000000c0012156                SysSize(regs*)
                0x00000000c00121c9                SysSizeFromFilename(regs*)
                0x00000000c00122fa                SysSizeFromFilenameNoSymlink(regs*)
                0x00000000c001242b                SysClose(regs*)
                0x00000000c001248b                SysOpenDir(regs*)
                0x00000000c0012508                SysMakeDir(regs*)
                0x00000000c0012576                SysCloseDir(regs*)
                0x00000000c00125ca                SysWait(regs*)
                0x00000000c00125eb                SysNotImpl(regs*)
                0x00000000c0012606                SysPanic(regs*)
                0x00000000c0012621                SysRmdir(regs*)
                0x00000000c0012686                SysUnlink(regs*)
                0x00000000c00126eb                SysGetArgv(regs*)
                0x00000000c0012738                SysUSleep(regs*)
                0x00000000c0012761                SysSpawn(regs*)
                0x00000000c00127d4                SysGetEnv(regs*)
                0x00000000c0012885                SysSetFatAttrib(regs*)
                0x00000000c00128f8                SysPipe(regs*)
                0x00000000c001293d                SysGetUnixTime(regs*)
                0x00000000c0012951                string_ends_with(char const*, char const*)
                0x00000000c0012999                SysOpen(regs*)
                0x00000000c0012b90                KeSystemCall(regs*, void*)
 *fill*         0x00000000c0012bd2        0x2 
 .text          0x00000000c0012bd4      0x159 net/ethernet.32
                0x00000000c0012bd4                KeSwitchEndian16(unsigned short)
                0x00000000c0012bf8                KeSwitchEndian32(unsigned int)
                0x00000000c0012c28                EthernetCRC32(unsigned char*, int)
                0x00000000c0012ccc                EthernetReceivedPacket(EthernetUnwrappedFrame*, unsigned short)
 .text          0x00000000c0012d2d      0xd56 reg/cm.32
                0x00000000c0012d2d                CmOpen(char const*)
                0x00000000c0012e4b                CmClose(Reghive_Tag*)
                0x00000000c0012e61                CmReadExtent(Reghive_Tag*, int, unsigned char*)
                0x00000000c0012e9d                CmGetString(Reghive_Tag*, int, char*)
                0x00000000c0012f14                CmEnterDirectory(Reghive_Tag*, int)
                0x00000000c0012f53                CmGetNext(Reghive_Tag*, int)
                0x00000000c0012f85                CmWriteExtent(Reghive_Tag*, int, unsigned char*)
                0x00000000c0012fc1                CmFreeExtent(Reghive_Tag*, int)
                0x00000000c0012fe9                CmUpdateHeader(Reghive_Tag*)
                0x00000000c001300a                CmExpand(Reghive_Tag*, int)
                0x00000000c0013085                CmFindUnusedExtent(Reghive_Tag*)
                0x00000000c001310b                CmCreateExtent(Reghive_Tag*, int, int, unsigned char*)
                0x00000000c00131ff                CmSetString(Reghive_Tag*, int, char const*)
                0x00000000c001333b                CmGetMatch(char*, char*, bool, bool*)
                0x00000000c001339c                CmAddShift(unsigned int*, int*, unsigned char, int)
                0x00000000c00133cc                CmGetShift(unsigned int*, int*, int, bool*)
                0x00000000c0013403                CmGetInteger(Reghive_Tag*, int, unsigned long long*)
                0x00000000c001342d                CmSetInteger(Reghive_Tag*, int, unsigned long long)
                0x00000000c001346d                CmConvertFromInternalFilename(unsigned char const*, char*)
                0x00000000c0013511                CmGetNameAndTypeFromExtent(Reghive_Tag*, int, char*)
                0x00000000c001353f                CmConvertToInternalFilename(char const*, unsigned char*)
                0x00000000c00136dd                CmCreateString(Reghive_Tag*, int, char const*)
                0x00000000c001372a                CmFindInDirectory(Reghive_Tag*, int, char const*)
                0x00000000c00137a4                CmCreateInteger(Reghive_Tag*, int, char const*, unsigned long long, int)
                0x00000000c00137f7                CmCreateDirectory(Reghive_Tag*, int, char const*)
                0x00000000c00138bb                zStrtok(char*, char const*)
                0x00000000c001392d                CmFindObjectFromPath(Reghive_Tag*, char const*)
                0x00000000c00139ae                CmDisplayTree(Reghive_Tag*, int, int)
                0x00000000c0013a51                CmSplitFinalSlashInPlace(char*)
 .text          0x00000000c0013a83      0x52a reg/registry.32
                0x00000000c0013a83                Reg::findLineFromLoadedData(char*, char*, char*)
                0x00000000c0013bf4                Reg::getLineFromRegistry(char*, char*, char*, char*)
                0x00000000c0013d49                Reg::getLine(char*, char*, char*)
                0x00000000c0013d80                Reg::readInt(char*, char*, int*)
                0x00000000c0013e6e                Reg::readString(char*, char*, char*, int)
                0x00000000c0013eef                Reg::readBool(char*, char*, bool*)
                0x00000000c0013f14                Reg::readBoolWithDefault(char*, char*, bool)
                0x00000000c0013f40                Reg::readIntWithDefault(char*, char*, int)
                0x00000000c0013f6c                Reg::readStringWithDefault(char*, char*, char*, int, char*)
 .text          0x00000000c0013fad       0x36 sys/eject.32
                0x00000000c0013fad                SysEject(regs*)
 .text          0x00000000c0013fe3       0x18 sys/exit.32
                0x00000000c0013fe3                SysExit(regs*)
 .text          0x00000000c0013ffb       0x1f sys/getcwd.32
                0x00000000c0013ffb                SysGetCwd(regs*)
 .text          0x00000000c001401a        0xc sys/getpid.32
                0x00000000c001401a                SysGetPID(regs*)
 .text          0x00000000c0014026       0x1a sys/getramdata.32
                0x00000000c0014026                SysGetRAMData(regs*)
 .text          0x00000000c0014040       0x82 sys/getvgaptr.32
                0x00000000c0014040                SysGetVGAPtr(regs*)
 *fill*         0x00000000c00140c2        0x2 
 .text          0x00000000c00140c4       0xb9 sys/kill.32
                0x00000000c00140c4                SysKill(regs*)
 .text          0x00000000c001417d       0xa8 sys/loaddll.32
                0x00000000c001417d                SysLoadDLL(regs*)
 .text          0x00000000c0014225       0x68 sys/read.32
                0x00000000c0014225                SysRead(regs*)
 .text          0x00000000c001428d       0x29 sys/registersignal.32
                0x00000000c001428d                SysRegisterSignal(regs*)
 .text          0x00000000c00142b6      0x19c sys/registry.32
                0x00000000c00142b6                SysRegistryGetTypeFromPath(regs*)
                0x00000000c001432d                SysRegistryReadExtent(regs*)
                0x00000000c0014375                SysRegistryPathToExtentLookup(regs*)
                0x00000000c001439d                SysRegistryEnterDirectory(regs*)
                0x00000000c00143c5                SysRegistryGetNext(regs*)
                0x00000000c00143ed                SysRegistryGetNameAndTypeFromExtent(regs*)
                0x00000000c0014427                SysRegistryOpen(regs*)
                0x00000000c001443b                SysRegistryClose(regs*)
 .text          0x00000000c0014452       0x55 sys/sbrk.32
                0x00000000c0014452                SysSbrk(regs*)
 .text          0x00000000c00144a7       0x1c sys/setcwd.32
                0x00000000c00144a7                SysSetCwd(regs*)
 .text          0x00000000c00144c3       0x96 sys/settime.32
                0x00000000c00144c3                SysSetTime(regs*)
 .text          0x00000000c0014559       0x73 sys/symlink.32
                0x00000000c0014559                SysSymlink(regs*)
 .text          0x00000000c00145cc       0x4a sys/timezone.32
                0x00000000c00145cc                SysTimezone(regs*)
 .text          0x00000000c0014616       0xfc sys/truncate.32
                0x00000000c0014616                SysTruncate(regs*)
 .text          0x00000000c0014712       0x68 sys/write.32
                0x00000000c0014712                SysWrite(regs*)
 .text          0x00000000c001477a       0x62 sys/wsbe.32
                0x00000000c001477a                SysWsbe(regs*)
 .text          0x00000000c00147dc       0x25 sys/yield.32
                0x00000000c00147dc                SysYield(regs*)
 .text          0x00000000c0014801     0x11e6 thr/elf.32
                0x00000000c0014801                Thr::allocateMemoryForTask(Process*, File*, unsigned long, unsigned long, unsigned long)
                0x00000000c0014a8f                Thr::loadProgramIntoMemory(Process*, char const*)
                0x00000000c0014ca1                Thr::runtimeReferenceHelper()
                0x00000000c0014cb4                Thr::getAddressOfKernelSymbol(char const*)
                0x00000000c0014d03                Thr::loadKernelSymbolTable(char const*)
                0x00000000c0014fc1                Thr::loadDriverIntoMemory(char const*, unsigned long, bool)
                0x00000000c00156fa                Thr::getDriverBaseFromAddress(unsigned long)
                0x00000000c001572c                Thr::getDriverNameFromAddress(unsigned long)
                0x00000000c0015763                Thr::getDriverOffsetFromAddress(unsigned long)
                0x00000000c001577d                Thr::loadDLL(char const*, bool)
                0x00000000c00159ae                Thr::executeDLL(unsigned long, void*)
 *fill*         0x00000000c00159e7        0x1 
 .text          0x00000000c00159e8     0x13d9 thr/prcssthr.32
                0x00000000c00159e8                userModeEntryPoint(void*)
                0x00000000c0015a10                changeTSS
                0x00000000c0015a40                switchToThread(ThreadControlBlock*)
                0x00000000c0015af0                Process::addArgs(char**)
                0x00000000c0015b5c                Process::Process(char const*, Process*, char**)
                0x00000000c0015b5c                Process::Process(char const*, Process*, char**)
                0x00000000c0015d68                Process::Process(bool, char const*, Process*, char**)
                0x00000000c0015d68                Process::Process(bool, char const*, Process*, char**)
                0x00000000c0015f3c                taskStartupFunction
                0x00000000c0015f48                Semaphore::Semaphore(int)
                0x00000000c0015f48                Semaphore::Semaphore(int)
                0x00000000c0015f78                Mutex::Mutex()
                0x00000000c0015f78                Mutex::Mutex()
                0x00000000c0015f8c                Process::createThread(void (*)(void*), void*, int)
                0x00000000c0016098                Process::createUserThread()
                0x00000000c00160b8                setupMultitasking(void (*)())
                0x00000000c00161dc                schedule()
                0x00000000c0016270                Semaphore::tryAcquire()
                0x00000000c0016344                Semaphore::assertLocked(char const*)
                0x00000000c00163c8                blockTaskWithSchedulerLockAlreadyHeld(TaskState)
                0x00000000c00163f0                blockTask(TaskState)
                0x00000000c0016428                waitTask(int, int*, int)
                0x00000000c001646c                milliTenthSleepUntil(unsigned int)
                0x00000000c001650c                milliTenthSleep(unsigned int)
                0x00000000c0016520                sleep(unsigned int)
                0x00000000c001653c                Semaphore::acquire()
                0x00000000c0016604                taskReturned
                0x00000000c0016648                Thr::processFromPID(int)
                0x00000000c00166f4                unblockTask(ThreadControlBlock*)
                0x00000000c00167a0                cleanupTerminatedTask(ThreadControlBlock*)
                0x00000000c0016a74                cleanerTaskFunction(void*)
                0x00000000c0016b7c                terminateTask(int)
                0x00000000c0016c68                Thr::terminateFromIRQ(int)
                0x00000000c0016c78                Semaphore::release()
 .text          0x00000000c0016dc1      0xc27 vm86/vm8086.32
                0x00000000c0016dc1                Vm::inbv(unsigned short)
                0x00000000c0016dd4                Vm::outbv(unsigned short, unsigned char)
                0x00000000c0016e0a                Vm::realToLinear(unsigned short, unsigned short)
                0x00000000c0016e1a                Vm::getSegment(unsigned int)
                0x00000000c0016e22                Vm::getOffset(unsigned int)
                0x00000000c0016e27                Vm::mainloop2()
                0x00000000c0016e61                Vm::mainVm8086Loop(void*)
                0x00000000c0016e71                Vm::mainloop3(unsigned long)
                0x00000000c0016e97                Vm::initialise8086()
                0x00000000c0016eda                Vm::finish8086()
                0x00000000c0016f3b                Vm::getOutput8086(unsigned char*)
                0x00000000c0016f60                Vm::start8086FromBuffer(unsigned char*, int, unsigned short, unsigned short, unsigned short, unsigned short)
                0x00000000c0017019                Vm::start8086(char const*, unsigned short, unsigned short, unsigned short, unsigned short)
                0x00000000c00171b7                Vm::doISR(regs*, int, unsigned char*, unsigned short, unsigned short)
                0x00000000c0017250                Vm::readByteFromReal(unsigned short, unsigned short)
                0x00000000c0017261                Vm::readWordFromReal(unsigned short, unsigned short)
                0x00000000c0017273                Vm::readDwordFromReal(unsigned short, unsigned short)
                0x00000000c0017284                Vm::writeByteFromReal(unsigned short, unsigned short, unsigned char)
                0x00000000c0017299                Vm::writeWordFromReal(unsigned short, unsigned short, unsigned short)
                0x00000000c00172af                Vm::writeDwordFromReal(unsigned short, unsigned short, unsigned int)
                0x00000000c00172c4                Vm::faultHandler(regs*)
 .text          0x00000000c00179e8      0xaf0 arch/i386/hal.32
                0x00000000c00179e8                noCopro(unsigned long)
                0x00000000c00179e9                nmiHandler(regs*, void*)
                0x00000000c0017a02                doubleFault(regs*, void*)
                0x00000000c0017a1b                displayDebugInfo(regs*)
                0x00000000c0017da0                HalSystemIdle()
                0x00000000c0017e1c                displayProgramFault(char const*)
                0x00000000c0017e68                gpFault(regs*, void*)
                0x00000000c0017ecf                pgFault(regs*, void*)
                0x00000000c0017f58                otherISRHandler(regs*, void*)
                0x00000000c0017f8c                opcodeFault(regs*, void*)
                0x00000000c001800f                i386SaveCoprocessor(void*)
                0x00000000c0018023                i386LoadCoprocessor(void*)
                0x00000000c0018037                x87EmulHandler(regs*, void*)
                0x00000000c00180d4                HalInitialiseCoprocessor()
                0x00000000c0018182                HalPanic(char const*)
                0x00000000c0018296                HalQueryPerformanceCounter()
                0x00000000c00182b1                HalInitialise()
                0x00000000c0018467                HalMakeBeep(int)
                0x00000000c00184a1                HalGetRand()
                0x00000000c00184a4                HalEndOfInterrupt(int)
                0x00000000c00184d5                HalRestart()
                0x00000000c00184d6                HalShutdown()
                0x00000000c00184d7                HalSleep()
 .text          0x00000000c00184d8      0x2dc arch/i386/pic.32
                0x00000000c00184d8                picIoWait()
                0x00000000c00184e0                picDisable()
                0x00000000c0018514                picGetIRQReg(int)
                0x00000000c0018590                picOpen()
                0x00000000c0018714                picEOI(int)
 .text          0x00000000c00187b4      0x674 arch/i386/rtc.32
                0x00000000c00187b4                RTC::open(int, int, void*)
                0x00000000c00187b8                RTC::close(int, int, void*)
                0x00000000c00187bc                RTC::timeInSecondsUTC()
                0x00000000c00187ce                RTC::timeInDatetimeUTC()
                0x00000000c00187f4                RTC::setTimeInSecondsUTC(unsigned long long)
                0x00000000c0018832                RTC::~RTC()
                0x00000000c0018832                RTC::~RTC()
                0x00000000c0018856                RTC::~RTC()
                0x00000000c0018880                RTC::get_update_in_progress_flag()
                0x00000000c001889a                RTC::completeRTCRefresh()
                0x00000000c0018b7a                RTC::setTimeInDatetimeUTC(datetime_t)
                0x00000000c0018d28                rtcIRQHandler(regs*, void*)
                0x00000000c0018d6e                RTC::RTC()
                0x00000000c0018d6e                RTC::RTC()
 .text          0x00000000c0018e28      0x1f4 arch/i386/vga.32
                0x00000000c0018e28                HalConsoleScroll(int, int)
                0x00000000c0018f30                HalConsoleWriteCharacter(char, int, int, int, int)
                0x00000000c0018f94                HalConsoleCursorUpdate(int, int)
 .text          0x00000000c001901c     0x14cf fs/fat/vfslink.32
                0x00000000c001901c                FAT::getName()
                0x00000000c0019024                FAT::tell(void*, unsigned long long*)
                0x00000000c0019060                FAT::stat(void*, unsigned long long*)
                0x00000000c001909c                FAT::~FAT()
                0x00000000c001909c                FAT::~FAT()
                0x00000000c00190c0                FAT::~FAT()
                0x00000000c00190e8                FAT::getlabel(LogicalDisk*, int, char*, unsigned int*)
                0x00000000c001918c                FAT::setlabel(LogicalDisk*, int, char*)
                0x00000000c0019250                FAT::format(LogicalDisk*, int, char const*, int)
                0x00000000c0019434                FAT::tryMount(LogicalDisk*, int)
                0x00000000c0019650                FAT::allocateSwapfile(char const*, int)
                0x00000000c0019810                FAT::readDir(void*, unsigned long, void*, int*)
                0x00000000c0019980                FAT::read(void*, unsigned long, void*, int*)
                0x00000000c00199e0                FAT::write(void*, unsigned long, void*, int*)
                0x00000000c0019a40                FAT::close(void*)
                0x00000000c0019a94                FAT::closeDir(void*)
                0x00000000c0019ae8                FAT::truncate(void*, unsigned long long)
                0x00000000c0019b54                FAT::seek(void*, unsigned long long)
                0x00000000c0019bac                fatWrapperReadDisk
                0x00000000c0019bec                fatWrapperWriteDisk
                0x00000000c0019c2c                fatWrapperIoctl
                0x00000000c0019d48                FAT::FAT()
                0x00000000c0019d48                FAT::FAT()
                0x00000000c0019da0                FAT::fixFilepath(char*)
                0x00000000c0019de0                FAT::open(char const*, void**, FileOpenMode)
                0x00000000c0019f54                FAT::openDir(char const*, void**)
                0x00000000c001a004                FAT::stat(char const*, unsigned long long*, bool*)
                0x00000000c001a0fc                FAT::unlink(char const*)
                0x00000000c001a17c                FAT::chfatattr(char const*, unsigned char, unsigned char)
                0x00000000c001a330                FAT::rename(char const*, char const*)
                0x00000000c001a3fc                FAT::mkdir(char const*)
                0x00000000c001a47c                FAT::exists(char const*)
 *fill*         0x00000000c001a4eb        0x1 
 .text          0x00000000c001a4ec       0x94 fs/iso9660/helper.32
                0x00000000c001a4ec                isoReadDiscSectorHelper
                0x00000000c001a548                iso_kprintf
                0x00000000c001a564                iso_kprintfd
 .text          0x00000000c001a580      0x71c fs/iso9660/vfslink.32
                0x00000000c001a580                ISO9660::format(LogicalDisk*, int, char const*, int)
                0x00000000c001a586                ISO9660::truncate(void*, unsigned long long)
                0x00000000c001a58c                ISO9660::getName()
                0x00000000c001a592                ISO9660::closeDir(void*)
                0x00000000c001a59c                ISO9660::chfatattr(char const*, unsigned char, unsigned char)
                0x00000000c001a5a2                ISO9660::unlink(char const*)
                0x00000000c001a5a8                ISO9660::write(void*, unsigned long, void*, int*)
                0x00000000c001a5ae                ISO9660::rename(char const*, char const*)
                0x00000000c001a5b4                ISO9660::mkdir(char const*)
                0x00000000c001a5ba                ISO9660::~ISO9660()
                0x00000000c001a5ba                ISO9660::~ISO9660()
                0x00000000c001a5de                ISO9660::~ISO9660()
                0x00000000c001a606                ISO9660::exists(char const*)
                0x00000000c001a61a                ISO9660::open(char const*, void**, FileOpenMode)
                0x00000000c001a700                ISO9660::read(void*, unsigned long, void*, int*)
                0x00000000c001a748                ISO9660::seek(void*, unsigned long long)
                0x00000000c001a78a                ISO9660::tell(void*, unsigned long long*)
                0x00000000c001a7c8                ISO9660::stat(void*, unsigned long long*)
                0x00000000c001a81a                ISO9660::stat(char const*, unsigned long long*, bool*)
                0x00000000c001a95c                ISO9660::close(void*)
                0x00000000c001a98c                ISO9660::openDir(char const*, void**)
                0x00000000c001aa66                ISO9660::readDir(void*, unsigned long, void*, int*)
                0x00000000c001ab83                readSectorFromCDROM(unsigned int, unsigned char*, char)
                0x00000000c001ac02                ISO9660::tryMount(LogicalDisk*, int)
                0x00000000c001ac74                ISO9660::ISO9660()
                0x00000000c001ac74                ISO9660::ISO9660()
 .text          0x00000000c001ac9c      0x26c hal/sound/sndcard.32
                0x00000000c001ac9c                SoundCard::beginPlayback()
                0x00000000c001acaa                SoundCard::stopPlayback()
                0x00000000c001acb8                SoundCard::SoundCard(char const*)
                0x00000000c001acb8                SoundCard::SoundCard(char const*)
                0x00000000c001ad56                SoundCard::~SoundCard()
                0x00000000c001ad56                SoundCard::~SoundCard()
                0x00000000c001ad7a                SoundCard::~SoundCard()
                0x00000000c001ada4                SoundCard::configureRates(int, int, int)
                0x00000000c001add4                SoundCard::getSamples16(int, short*)
                0x00000000c001ae30                SoundCard::getSamples32(int, int*)
                0x00000000c001aeb6                SoundCard::addChannel(SoundPort*)
                0x00000000c001aef4                SoundCard::removeChannel(int)
 .text          0x00000000c001af08      0x38a hal/sound/sndport.32
                0x00000000c001af08                SoundPort::SoundPort(int, int, int, int)
                0x00000000c001af08                SoundPort::SoundPort(int, int, int, int)
                0x00000000c001af94                SoundPort::~SoundPort()
                0x00000000c001af94                SoundPort::~SoundPort()
                0x00000000c001afc8                SoundPort::unpause()
                0x00000000c001afd4                SoundPort::pause()
                0x00000000c001afe0                SoundPort::getBufferUsed()
                0x00000000c001afe8                SoundPort::getBufferSize()
                0x00000000c001aff0                SoundPort::buffer16(short*, int)
                0x00000000c001b07c                SoundPort::buffer32(int*, int)
                0x00000000c001b108                SoundPort::unbufferAndAdd16(int, short*, SoundCard*)
                0x00000000c001b1d4                SoundPort::unbufferAndAdd32(int, int*, SoundCard*)
 .text          0x00000000c001b292        0x0 hw/bus/isa.32
 .text          0x00000000c001b292      0xbb7 hw/bus/pci.32
                0x00000000c001b292                PCI::open(int, int, void*)
                0x00000000c001b2b0                PCI::close(int, int, void*)
                0x00000000c001b2b4                PCI::PCI()
                0x00000000c001b2b4                PCI::PCI()
                0x00000000c001b34c                PCI::readBAR8(unsigned int, int)
                0x00000000c001b368                PCI::readBAR16(unsigned int, int)
                0x00000000c001b386                PCI::readBAR32(unsigned int, int)
                0x00000000c001b3a2                PCI::writeBAR8(unsigned int, unsigned char, int)
                0x00000000c001b3c2                PCI::writeBAR16(unsigned int, unsigned short, int)
                0x00000000c001b3e4                PCI::writeBAR32(unsigned int, unsigned int, int)
                0x00000000c001b404                PCI::legacyMechanism(unsigned char, unsigned char, unsigned char, unsigned char)
                0x00000000c001b47a                PCI::pciReadWord(unsigned char, unsigned char, unsigned char, unsigned char)
                0x00000000c001b524                PCI::getVendorID(unsigned char, unsigned char, unsigned char)
                0x00000000c001b548                PCI::getHeaderType(unsigned char, unsigned char, unsigned char)
                0x00000000c001b570                PCI::getClassCode(unsigned char, unsigned char, unsigned char)
                0x00000000c001b5ba                PCI::getProgIF(unsigned char, unsigned char, unsigned char)
                0x00000000c001b5e2                PCI::getRevisionID(unsigned char, unsigned char, unsigned char)
                0x00000000c001b606                PCI::getInterruptNumber(unsigned char, unsigned char, unsigned char)
                0x00000000c001b62a                PCI::getSecondaryBus(unsigned char, unsigned char, unsigned char)
                0x00000000c001b652                PCI::getBARAddress(unsigned char, unsigned char, unsigned char, unsigned char)
                0x00000000c001b6b6                PCI::pciWriteWord(unsigned char, unsigned char, unsigned char, unsigned char, unsigned short)
                0x00000000c001b79e                PCI::pciDetailsToFilepath(PCIDeviceInfo, char*)
                0x00000000c001ba64                PCI::checkBus(unsigned char)
                0x00000000c001ba88                PCI::foundDevice(PCIDeviceInfo)
                0x00000000c001bc02                PCI::getDeviceData(unsigned char, unsigned char, unsigned char)
                0x00000000c001bd7e                PCI::checkDevice(unsigned char, unsigned char)
                0x00000000c001bdf0                PCI::detect()
 *fill*         0x00000000c001be49        0x1 
 .text          0x00000000c001be4a      0xb9a hw/diskctrl/ide.32
                0x00000000c001be4a                IDE::close(int, int, void*)
                0x00000000c001be4e                IDE::IDE()
                0x00000000c001be4e                IDE::IDE()
                0x00000000c001be82                IDE::prepareInterrupt(unsigned char)
                0x00000000c001be94                selectDrive(unsigned char, unsigned char)
                0x00000000c001be96                IDE::getBase(unsigned char)
                0x00000000c001bea8                IDE::write(unsigned char, unsigned char, unsigned char)
                0x00000000c001bf68                IDE::read(unsigned char, unsigned char)
                0x00000000c001c016                IDE::waitInterrupt(unsigned char)
                0x00000000c001c078                ideChannel0IRQHandler(regs*, void*)
                0x00000000c001c094                ideChannel1IRQHandler(regs*, void*)
                0x00000000c001c0b0                IDE::enableIRQs(unsigned char, bool)
                0x00000000c001c0fa                IDE::open(int, int, void*)
                0x00000000c001c538                IDE::readBuffer(unsigned char, unsigned char, unsigned int, unsigned int)
                0x00000000c001c608                IDE::detect()
                0x00000000c001c8d6                IDE::printError(unsigned char, unsigned char, unsigned char)
                0x00000000c001c990                IDE::polling(unsigned char, unsigned int)
 .text          0x00000000c001c9e4      0x32a hw/diskctrl/satabus.32
                0x00000000c001c9e4                SATABus::close(int, int, void*)
                0x00000000c001c9e8                SATABus::detect()
                0x00000000c001c9ea                SATABus::SATABus()
                0x00000000c001c9ea                SATABus::SATABus()
                0x00000000c001ca70                SATABus::findCmdslot(SATABus::tagHBA_PORT volatile*)
                0x00000000c001caa2                SATABus::checkType(SATABus::tagHBA_PORT volatile*)
                0x00000000c001caea                SATABus::startCmd(SATABus::tagHBA_PORT volatile*)
                0x00000000c001cb0a                SATABus::stopCmd(SATABus::tagHBA_PORT volatile*)
                0x00000000c001cb34                SATABus::portRebase(SATABus::tagHBA_PORT volatile*, int)
                0x00000000c001cc44                SATABus::probePort(SATABus::tagHBA_MEM volatile*)
                0x00000000c001ccee                SATABus::open(int, int, void*)
 .text          0x00000000c001cd0e      0x93f hw/diskphys/ata.32
                0x00000000c001cd0e                ATA::close(int, int, void*)
                0x00000000c001cd32                ATA::powerSaving(PowerSavingLevel)
                0x00000000c001cd34                ATA::ATA()
                0x00000000c001cd34                ATA::ATA()
                0x00000000c001cd62                ATA::flush(bool)
                0x00000000c001cdb0                ATA::readyForCommand()
                0x00000000c001cdfc                ATA::access(unsigned long long, int, void*, bool)
                0x00000000c001d192                ATA::detectCHS()
                0x00000000c001d1bc                ATA::open(int, int, void*)
                0x00000000c001d288                combineCharAndColour(char, unsigned char)
                0x00000000c001d299                combineColours(unsigned char, unsigned char)
                0x00000000c001d2a6                ATA::read(unsigned long long, int, void*)
                0x00000000c001d47c                ATA::write(unsigned long long, int, void*)
 *fill*         0x00000000c001d64d        0x1 
 .text          0x00000000c001d64e      0x618 hw/diskphys/atapi.32
                0x00000000c001d64e                ATAPI::write(unsigned long long, int, void*)
                0x00000000c001d654                ATAPI::close(int, int, void*)
                0x00000000c001d678                ATAPI::ATAPI()
                0x00000000c001d678                ATAPI::ATAPI()
                0x00000000c001d6a6                ATAPI::readyForCommand()
                0x00000000c001d6f8                ATAPI::sendPacket(unsigned char*, int, bool, unsigned short*, int)
                0x00000000c001d9c0                ATAPI::diskRemoved()
                0x00000000c001d9fa                ATAPI::eject()
                0x00000000c001da42                ATAPI::diskInserted()
                0x00000000c001da4e                ATAPI::detectMedia()
                0x00000000c001db0c                ATAPI::open(int, int, void*)
                0x00000000c001dbec                ATAPI::read(unsigned long long, int, void*)
 .text          0x00000000c001dc66      0x807 hw/diskphys/sata.32
                0x00000000c001dc66                SATA::close(int, int, void*)
                0x00000000c001dc8a                SATA::powerSaving(PowerSavingLevel)
                0x00000000c001dc8c                SATA::open(int, int, void*)
                0x00000000c001dd36                SATA::SATA()
                0x00000000c001dd36                SATA::SATA()
                0x00000000c001dd64                SATA::access(unsigned long long, int, void*, bool)
                0x00000000c001dfb8                SATA::read(unsigned long long, int, void*)
                0x00000000c001e208                SATA::write(unsigned long long, int, void*)
 *fill*         0x00000000c001e46d        0x1 
 .text          0x00000000c001e46e      0x5d0 hw/diskphys/satapi.32
                0x00000000c001e46e                SATAPI::write(unsigned long long, int, void*)
                0x00000000c001e474                SATAPI::close(int, int, void*)
                0x00000000c001e498                SATAPI::SATAPI()
                0x00000000c001e498                SATAPI::SATAPI()
                0x00000000c001e4c6                SATAPI::diskRemoved()
                0x00000000c001e4c8                SATAPI::diskInserted()
                0x00000000c001e4e4                SATAPI::sendPacket(unsigned char*, int, unsigned long long, unsigned short*, int)
                0x00000000c001e7c2                SATAPI::eject()
                0x00000000c001e7fe                SATAPI::detectMedia()
                0x00000000c001e854                SATAPI::open(int, int, void*)
                0x00000000c001e954                SATAPI::read(unsigned long long, int, void*)
 .text          0x00000000c001ea3e      0x45b hw/intctrl/apic.32
                0x00000000c001ea3e                IOAPIC::close(int, int, void*)
                0x00000000c001ea44                apicGetBase()
                0x00000000c001ea8a                IOAPIC::IOAPIC()
                0x00000000c001ea8a                IOAPIC::IOAPIC()
                0x00000000c001eab2                apicOpen()
                0x00000000c001ec2e                IOAPIC::handlesGSIWithNumber(unsigned int)
                0x00000000c001ec60                IOAPIC::read(int)
                0x00000000c001ec88                IOAPIC::open(int, int, void*)
                0x00000000c001ed6e                IOAPIC::write(int, int)
                0x00000000c001ed9a                IOAPIC::redirect(unsigned char, unsigned long long, unsigned char, bool, bool)
 *fill*         0x00000000c001ee99        0x3 
 .text          0x00000000c001ee9c       0xf0 hw/timer/apictimer.32
                0x00000000c001ee9c                APICTimer::close(int, int, void*)
                0x00000000c001eea4                apicTimerHandler(regs*, void*)
                0x00000000c001eecc                APICTimer::open(int, int, void*)
                0x00000000c001ef3c                APICTimer::write(int)
                0x00000000c001ef64                APICTimer::APICTimer()
                0x00000000c001ef64                APICTimer::APICTimer()
 .text          0x00000000c001ef8c      0x1ad hw/timer/pit.32
                0x00000000c001ef8c                PIT::write(int)
                0x00000000c001f010                pitHandler(regs*, void*)
                0x00000000c001f038                PIT::open(int, int, void*)
                0x00000000c001f088                PIT::close(int, int, void*)
                0x00000000c001f0b8                PIT::PIT()
                0x00000000c001f0b8                PIT::PIT()
 *fill*         0x00000000c001f139        0x7 
 .text          0x00000000c001f140       0x83 arch/i386/avx.32
                0x00000000c001f140                avxDetect
                0x00000000c001f16a                avxSave
                0x00000000c001f17b                avxLoad
                0x00000000c001f18c                avxInit
                0x00000000c001f1ae                avxClose
                0x00000000c001f1af                wouldSheSayYes
 *fill*         0x00000000c001f1c3        0xd 
 .text          0x00000000c001f1d0      0x2ec arch/i386/interrupt.32
                0x00000000c001f1d0                isr0
                0x00000000c001f1e0                isr1
                0x00000000c001f1ea                isr2
                0x00000000c001f1f4                isr3
                0x00000000c001f1fe                isr4
                0x00000000c001f208                isr5
                0x00000000c001f212                isr6
                0x00000000c001f21c                isr7
                0x00000000c001f226                isr8
                0x00000000c001f22e                isr9
                0x00000000c001f238                isr10
                0x00000000c001f240                isr11
                0x00000000c001f248                isr12
                0x00000000c001f250                isr13
                0x00000000c001f26a                isr14
                0x00000000c001f272                isr15
                0x00000000c001f27c                isr16
                0x00000000c001f286                isr17
                0x00000000c001f290                isr18
                0x00000000c001f29a                irq3
                0x00000000c001f2a4                irq4
                0x00000000c001f2ae                irq5
                0x00000000c001f2b8                irq6
                0x00000000c001f2c2                irq7
                0x00000000c001f2cc                irq8
                0x00000000c001f2d6                irq9
                0x00000000c001f2e0                irq10
                0x00000000c001f2ea                irq11
                0x00000000c001f2f4                irq12
                0x00000000c001f2fe                irq13
                0x00000000c001f308                irq14
                0x00000000c001f312                irq15
                0x00000000c001f31c                irq1