Archive member included to satisfy reference by file (symbol)

/cygdrive/d/Users/Alex/Desktop/Toolchain/Output/bin/../lib/gcc/i386-banana/8.1.0/libkgcc.a(_divdi3.o)
                              krnl/resolve.32 (__divdi3)
/cygdrive/d/Users/Alex/Desktop/Toolchain/Output/bin/../lib/gcc/i386-banana/8.1.0/libkgcc.a(_moddi3.o)
                              krnl/resolve.32 (__moddi3)
/cygdrive/d/Users/Alex/Desktop/Toolchain/Output/bin/../lib/gcc/i386-banana/8.1.0/libkgcc.a(_udivdi3.o)
                              hal/clock.32 (__udivdi3)
/cygdrive/d/Users/Alex/Desktop/Toolchain/Output/bin/../lib/gcc/i386-banana/8.1.0/libkgcc.a(_umoddi3.o)
                              core/pipe.32 (__umoddi3)

Allocating common symbols
Common symbol       size              file

dcache              0x40              fs/iso9660/iso9660.32
cdDriveLetter       0x1               fs/iso9660/iso9660.32
icache              0x40              fs/iso9660/iso9660.32

Discarded input sections

 .comment       0x0000000000000000       0x12 /cygdrive/d/Users/Alex/Desktop/Toolchain/Output/bin/../lib/gcc/i386-banana/8.1.0/crtbegin.o
 .comment       0x0000000000000000       0x12 acpica/utclib.32
 .comment       0x0000000000000000       0x12 core/malloc.32
 .comment       0x0000000000000000       0x12 libk/ctype.32
 .comment       0x0000000000000000       0x12 libk/string.32
 .comment       0x0000000000000000       0x12 fs/fat/diskio.32
 .comment       0x0000000000000000       0x12 fs/fat/ff.32
 .comment       0x0000000000000000       0x12 fs/fat/ffsystem.32
 .comment       0x0000000000000000       0x12 fs/fat/ffunicode.32
 .comment       0x0000000000000000       0x12 fs/iso9660/iso9660.32
 .group         0x0000000000000000       0x14 core/computer.32
 .group         0x0000000000000000        0xc core/computer.32
 .comment       0x0000000000000000       0x12 core/computer.32
 .comment       0x0000000000000000       0x12 core/gdt.32
 .group         0x0000000000000000        0xc core/idle.32
 .comment       0x0000000000000000       0x12 core/idle.32
 .comment       0x0000000000000000       0x12 core/idt.32
 .comment       0x0000000000000000       0x12 core/kheap.32
 .comment       0x0000000000000000       0x12 core/main.32
 .comment       0x0000000000000000       0x12 core/physmgr.32
 .group         0x0000000000000000        0xc core/pipe.32
 .comment       0x0000000000000000       0x12 core/pipe.32
 .group         0x0000000000000000        0xc core/terminal.32
 .comment       0x0000000000000000       0x12 core/terminal.32
 .comment       0x0000000000000000       0x12 core/tss.32
 .group         0x0000000000000000        0x8 core/unixfile.32
 .group         0x0000000000000000        0x8 core/unixfile.32
 .group         0x0000000000000000        0xc core/unixfile.32
 .group         0x0000000000000000        0x8 core/unixfile.32
 .group         0x0000000000000000        0xc core/unixfile.32
 .group         0x0000000000000000        0x8 core/unixfile.32
 .group         0x0000000000000000        0xc core/unixfile.32
 .group         0x0000000000000000        0xc core/unixfile.32
 .comment       0x0000000000000000       0x12 core/unixfile.32
 .comment       0x0000000000000000       0x12 core/virtmgr.32
 .comment       0x0000000000000000       0x12 coreobjs/c++.32
 .comment       0x0000000000000000       0x12 dbg/kconsole.32
 .group         0x0000000000000000        0xc fs/vfs.32
 .group         0x0000000000000000        0xc fs/vfs.32
 .group         0x0000000000000000        0xc fs/vfs.32
 .comment       0x0000000000000000       0x12 fs/vfs.32
 .group         0x0000000000000000        0xc hal/bus.32
 .comment       0x0000000000000000       0x12 hal/bus.32
 .comment       0x0000000000000000       0x12 hal/buzzer.32
 .group         0x0000000000000000        0xc hal/clock.32
 .comment       0x0000000000000000       0x12 hal/clock.32
 .group         0x0000000000000000       0x14 hal/device.32
 .group         0x0000000000000000        0xc hal/device.32
 .group         0x0000000000000000        0x8 hal/device.32
 .group         0x0000000000000000        0xc hal/device.32
 .group         0x0000000000000000        0xc hal/device.32
 .comment       0x0000000000000000       0x12 hal/device.32
 .group         0x0000000000000000        0xc hal/diskctrl.32
 .comment       0x0000000000000000       0x12 hal/diskctrl.32
 .group         0x0000000000000000        0xc hal/diskphys.32
 .comment       0x0000000000000000       0x12 hal/diskphys.32
 .comment       0x0000000000000000       0x12 hal/fpu.32
 .comment       0x0000000000000000       0x12 hal/intctrl.32
 .group         0x0000000000000000        0xc hal/keybrd.32
 .comment       0x0000000000000000       0x12 hal/keybrd.32
 .group         0x0000000000000000        0xc hal/logidisk.32
 .comment       0x0000000000000000       0x12 hal/logidisk.32
 .group         0x0000000000000000        0xc hal/mouse.32
 .comment       0x0000000000000000       0x12 hal/mouse.32
 .group         0x0000000000000000        0xc hal/nic.32
[...]
Memory Configuration

Name             Origin             Length             Attributes
*default*        0x0000000000000000 0xffffffffffffffff

Linker script and memory map

LOAD D:/Users/Alex/Desktop/Banana/kernel/boot.32
LOAD crti.32
LOAD /cygdrive/d/Users/Alex/Desktop/Toolchain/Output/bin/../lib/gcc/i386-banana/8.1.0/crtbegin.o
LOAD D:/Users/Alex/Desktop/Banana/kernel/morenasm.32
LOAD acpica/utclib.32
LOAD core/malloc.32
LOAD libk/ctype.32
LOAD libk/string.32
LOAD fs/fat/diskio.32
LOAD fs/fat/ff.32
LOAD fs/fat/ffsystem.32
LOAD fs/fat/ffunicode.32
LOAD fs/iso9660/iso9660.32
LOAD core/computer.32
LOAD core/gdt.32
LOAD core/idle.32
LOAD core/idt.32
LOAD core/kheap.32
LOAD core/main.32
LOAD core/physmgr.32
LOAD core/pipe.32
LOAD core/terminal.32
LOAD core/tss.32
LOAD core/unixfile.32
LOAD core/virtmgr.32
LOAD coreobjs/c++.32
LOAD dbg/kconsole.32
LOAD fs/vfs.32
LOAD hal/bus.32
LOAD hal/buzzer.32
LOAD hal/clock.32
LOAD hal/device.32
LOAD hal/diskctrl.32
LOAD hal/diskphys.32
LOAD hal/fpu.32
LOAD hal/intctrl.32
LOAD hal/keybrd.32
LOAD hal/logidisk.32
LOAD hal/mouse.32
LOAD hal/nic.32
LOAD hal/partition.32
LOAD hal/serial.32
LOAD hal/timer.32
LOAD hal/vcache.32
LOAD hal/video.32
LOAD hw/acpi.32
LOAD hw/cpu.32
LOAD krnl/bootmsg.32
LOAD krnl/env.32
LOAD krnl/inlines.32
LOAD krnl/panic.32
LOAD krnl/powctrl.32
LOAD krnl/random.32
LOAD krnl/resolve.32
LOAD krnl/signal.32
LOAD krnl/syscalls.32
LOAD net/ethernet.32
LOAD reg/cm.32
LOAD reg/registry.32
LOAD sys/eject.32
LOAD sys/exit.32
LOAD sys/getcwd.32
LOAD sys/getpid.32
LOAD sys/getramdata.32
LOAD sys/getvgaptr.32
LOAD sys/kill.32
LOAD sys/loaddll.32
LOAD sys/read.32
LOAD sys/registersignal.32
LOAD sys/registry.32
LOAD sys/sbrk.32
LOAD sys/setcwd.32
LOAD sys/settime.32
LOAD sys/timezone.32
LOAD sys/write.32
LOAD sys/wsbe.32
LOAD sys/yield.32
LOAD thr/elf.32
LOAD thr/prcssthr.32
LOAD vm86/vm8086.32
LOAD arch/i386/hal.32
LOAD arch/i386/pic.32
LOAD arch/i386/rtc.32
LOAD arch/i386/vga.32
LOAD fs/fat/vfslink.32
LOAD fs/iso9660/helper.32
LOAD fs/iso9660/vfslink.32
LOAD hal/sound/sndcard.32
LOAD hal/sound/sndport.32
LOAD hw/bus/isa.32
LOAD hw/bus/pci.32
LOAD hw/diskctrl/ide.32
LOAD hw/diskctrl/satabus.32
LOAD hw/diskphys/ata.32
LOAD hw/diskphys/atapi.32
LOAD hw/diskphys/sata.32
LOAD hw/diskphys/satapi.32
LOAD hw/intctrl/apic.32
LOAD hw/timer/apictimer.32
LOAD hw/timer/pit.32
LOAD arch/i386/avx.32
LOAD arch/i386/interrupt.32
LOAD arch/i386/rdrand.32
LOAD arch/i386/sse.32
LOAD arch/i386/x87.32
LOAD /cygdrive/d/Users/Alex/Desktop/Toolchain/Output/bin/../lib/gcc/i386-banana/8.1.0/crtend.o
LOAD crtn.32
LOAD /cygdrive/d/Users/Alex/Desktop/Toolchain/Output/bin/../lib/gcc/i386-banana/8.1.0/libkgcc.a
LOAD D:/Users/Alex/Desktop/Banana/kernel/libsoftfp.a
LOAD D:/Users/Alex/Desktop/Banana/kernel/libk/libm32.a
                0x00000000c0000000                . = 0xc0000000

.text           0x00000000c0000000    0x1e7aa
 *(.text)
 .text          0x00000000c0000000       0x20 D:/Users/Alex/Desktop/Banana/kernel/boot.32
 .text          0x00000000c0000020        0x0 crti.32
 .text          0x00000000c0000020      0x101 /cygdrive/d/Users/Alex/Desktop/Toolchain/Output/bin/../lib/gcc/i386-banana/8.1.0/crtbegin.o
 *fill*         0x00000000c0000121        0xf 
 .text          0x00000000c0000130      0x24f D:/Users/Alex/Desktop/Banana/kernel/morenasm.32
                0x00000000c0000130                manualPCIProbe
                0x00000000c000017b                prepareTramp
                0x00000000c0000194                doTPAUSE
                0x00000000c000019e                hasLegacyFPU
                0x00000000c00001c3                is486
                0x00000000c00001f9                detectCPUID
                0x00000000c000020f                goToVM86
                0x00000000c000023f                goToUsermode
                0x00000000c0000269                switchToThreadASMFirstTime
                0x00000000c0000277                switchToThreadASM
                0x00000000c00002fc                asmQuickAcquireLock
                0x00000000c000031a                asmQuickReleaseLock
                0x00000000c0000326                asmAcquireLock
                0x00000000c0000347                asmReleaseLock
                0x00000000c000035a                loadGDT
                0x00000000c000037a                memcpy
 *fill*         0x00000000c000037f        0x1 
 .text          0x00000000c0000380      0x89b acpica/utclib.32
                0x00000000c0000380                memcmp
                0x00000000c00003d0                memmove
                0x00000000c00004f0                memset
                0x00000000c0000580                strlen
                0x00000000c00005b0                strpbrk
                0x00000000c0000600                strtok
                0x00000000c0000650                strcpy
                0x00000000c0000690                strncpy
                0x00000000c0000780                strcmp
                0x00000000c00007d0                strchr
                0x00000000c0000810                strncmp
                0x00000000c0000870                strcat
                0x00000000c00008a0                strncat
                0x00000000c0000900                strstr
                0x00000000c0000960                toupper
                0x00000000c0000980                tolower
                0x00000000c00009a0                simple_strtoul
 .text          0x00000000c0000c1b      0xfb1 core/malloc.32
                0x00000000c0000d86                dlfree
                0x00000000c00010e4                dlmalloc
                0x00000000c0001621                dlrealloc
                0x00000000c00017c5                dlmemalign
                0x00000000c00018e8                dlcalloc
                0x00000000c0001982                dlcfree
                0x00000000c0001987                dlindependent_calloc
                0x00000000c00019ac                dlindependent_comalloc
                0x00000000c00019c3                dlvalloc
                0x00000000c00019ee                dlpvalloc
                0x00000000c0001a24                dlmalloc_trim
                0x00000000c0001a31                dlmalloc_usable_size
                0x00000000c0001a62                dlmallinfo
                0x00000000c0001b31                dlmalloc_stats
                0x00000000c0001b42                dlmallopt
 .text          0x00000000c0001bcc      0x1f2 libk/ctype.32
                0x00000000c0001bcc                isblank
                0x00000000c0001bec                iscntrl
                0x00000000c0001c0c                isdigit
                0x00000000c0001c28                islower
                0x00000000c0001c44                isspace
                0x00000000c0001c6c                isupper
                0x00000000c0001c88                isalpha
                0x00000000c0001cb8                isalnum
                0x00000000c0001ce8                ispunct
                0x00000000c0001d28                isgraph
                0x00000000c0001d58                isprint
                0x00000000c0001d80                isxdigit
 .text          0x00000000c0001dbe        0x0 libk/string.32
 .text          0x00000000c0001dbe       0x51 fs/fat/diskio.32
                0x00000000c0001dbe                disk_status
                0x00000000c0001dc1                disk_initialize
                0x00000000c0001dc4                disk_read
                0x00000000c0001dda                disk_write
                0x00000000c0001df0                disk_ioctl
 .text          0x00000000c0001e0f     0x3e44 fs/fat/ff.32
                0x00000000c0003c3e                f_mount
                0x00000000c0003ca0                f_open
                0x00000000c0003f63                f_read
                0x00000000c0004144                f_write
                0x00000000c000438b                f_sync
                0x00000000c0004450                f_close
                0x00000000c000447f                f_lseek
                0x00000000c000462f                f_opendir
                0x00000000c00046fa                f_closedir
                0x00000000c000471c                f_readdir
                0x00000000c00047ae                f_stat
                0x00000000c000482d                f_getfree
                0x00000000c0004936                f_truncate
                0x00000000c0004a20                f_unlink
                0x00000000c0004b40                f_mkdir
                0x00000000c0004cdb                f_rename
                0x00000000c0004e93                f_chmod
                0x00000000c0004f43                f_utime
                0x00000000c0004ff3                f_getlabel
                0x00000000c0005147                f_setlabel
                0x00000000c00052d7                f_expand
                0x00000000c0005444                f_mkfs
 *fill*         0x00000000c0005c53        0x1 
 .text          0x00000000c0005c54       0x2f fs/fat/ffsystem.32
                0x00000000c0005c54                ff_memalloc
                0x00000000c0005c6c                ff_memfree
 *fill*         0x00000000c0005c83        0x1 
 .text          0x00000000c0005c84      0x2d4 fs/fat/ffunicode.32
                0x00000000c0005c84                ff_uni2oem
                0x00000000c0005d20                ff_oem2uni
                0x00000000c0005d98                ff_wtoupper
 .text          0x00000000c0005f58      0xd27 fs/iso9660/iso9660.32
                0x00000000c00061a3                isoReadDiscSector
                0x00000000c000623e                strnicmp
                0x00000000c00064de                stricmp
                0x00000000c000652a                iso_open
                0x00000000c00065b4                iso_close
                0x00000000c00065d2                iso_read
                0x00000000c00066e8                iso_seek
                0x00000000c000676c                iso_tell
                0x00000000c000679d                iso_total
                0x00000000c00067c8                fn_postprocess
                0x00000000c00067ef                iso_readdir
                0x00000000c0006a4a                iso_reset
                0x00000000c0006a67                init_percd
                0x00000000c0006b61                iso_ioctl
                0x00000000c0006b79                fs_iso9660_init
                0x00000000c0006c0f                fs_iso9660_shutdown
 *fill*         0x00000000c0006c7f        0x1 
 .text          0x00000000c0006c80      0x6b9 core/computer.32
                0x00000000c0006c80                Computer::close(int, int, void*)
                0x00000000c0006cc5                Krnl::firstTask()
                0x00000000c0006e00                Computer::Computer()
                0x00000000c0006e00                Computer::Computer()
                0x00000000c0006eb0                Computer::setBootMessage(char const*)
                0x00000000c0006eb2                Computer::detectFeatures()
                0x00000000c00070d8                Computer::displayFeatures()
                0x00000000c00070da                Computer::rdmsr(unsigned int)
                0x00000000c0007106                Computer::wrmsr(unsigned int, unsigned long long)
                0x00000000c0007142                Computer::shutdown()
                0x00000000c000715a                Computer::restart()
                0x00000000c0007172                Computer::sleep()
                0x00000000c0007186                Computer::nmiEnabled()
                0x00000000c0007192                Computer::readCMOS(unsigned char)
                0x00000000c00071ae                Computer::enableNMI(bool)
                0x00000000c00071c6                Computer::open(int, int, void*)
                0x00000000c000729a                Computer::disableNMI()
                0x00000000c00072aa                Computer::writeCMOS(unsigned char, unsigned char)
                0x00000000c00072ce                Computer::handleNMI()
 *fill*         0x00000000c0007339        0x1 
 .text          0x00000000c000733a      0x1db core/gdt.32
                0x00000000c000733a                GDTEntry::setBase(unsigned int)
                0x00000000c0007356                GDTEntry::setLimit(unsigned int)
                0x00000000c0007374                GDT::GDT()
                0x00000000c0007374                GDT::GDT()
                0x00000000c000738a                GDT::addEntry(GDTEntry)
                0x00000000c00073ac                GDT::getNumberOfEntries()
                0x00000000c00073b4                GDT::flush()
                0x00000000c00073d6                GDT::setup()
 .text          0x00000000c0007515       0x1d core/idle.32
                0x00000000c0007515                idleFunction(void*)
 *fill*         0x00000000c0007532        0x2 
 .text          0x00000000c0007534      0x46c core/idt.32
                0x00000000c0007534                IDTEntry::IDTEntry(bool)
                0x00000000c0007534                IDTEntry::IDTEntry(bool)
                0x00000000c00075ae                IDTEntry::setOffset(unsigned int)
                0x00000000c00075c4                IDT::IDT()
                0x00000000c00075c4                IDT::IDT()
                0x00000000c00075c6                IDT::getPointerToInvalidOpcodeEntryForF00F()
                0x00000000c00075ce                IDT::addEntry(IDTEntry, int)
                0x00000000c00075e8                IDT::addEntry(int, void (*)(), bool)
                0x00000000c0007620                IDT::flush()
                0x00000000c000763a                IDT::setup()
 .text          0x00000000c00079a0      0x185 core/kheap.32
                0x00000000c00079a0                sbrk
                0x00000000c0007a34                mmap
                0x00000000c0007a4a                munmap
                0x00000000c0007a60                liballoc_lock()
                0x00000000c0007a6e                liballoc_unlock()
                0x00000000c0007a84                liballoc_alloc(int)
                0x00000000c0007a9c                liballoc_free(void*, int)
                0x00000000c0007ab7                realloc
                0x00000000c0007acb                malloc
                0x00000000c0007adb                free
                0x00000000c0007aeb                rfree
                0x00000000c0007afb                calloc
 .text          0x00000000c0007b25       0xc3 core/main.32
                0x00000000c0007b25                KeEntryPoint
 .text          0x00000000c0007be8      0x639 core/physmgr.32
                0x00000000c0007be8                Phys::allocateDMA(unsigned long)
                0x00000000c0007cd6                Phys::freeDMA(unsigned long, unsigned long)
                0x00000000c0007d11                Phys::setPageState(unsigned long, bool)
                0x00000000c0007d51                Phys::getPageState(unsigned long)
                0x00000000c0007d6d                Phys::freePage(unsigned long)
                0x00000000c0007dd6                Phys::allocatePage()
                0x00000000c0007ea5                Phys::allocateContiguousPages(int)
                0x00000000c0007f0c                Phys::allowSegmentToBeUsed(unsigned long, unsigned long)
                0x00000000c0007f44                Phys::physicalMemorySetup(unsigned int)
 *fill*         0x00000000c0008221        0x1 
 .text          0x00000000c0008222      0x26d core/pipe.32
                0x00000000c0008222                Pipe::isAtty()
                0x00000000c0008226                Pipe::~Pipe()
                0x00000000c0008226                Pipe::~Pipe()
                0x00000000c000824a                Pipe::~Pipe()
                0x00000000c0008272                Pipe::write(unsigned long long, void*, int*)
                0x00000000c0008336                Pipe::read(unsigned long long, void*, int*)
                0x00000000c0008428                Pipe::Pipe(int)
                0x00000000c0008428                Pipe::Pipe(int)
 *fill*         0x00000000c000848f        0x1 
 .text          0x00000000c0008490      0xaaa core/terminal.32
                0x00000000c0008490                VgaText::isAtty()
                0x00000000c0008494                VgaText::~VgaText()
                0x00000000c0008494                VgaText::~VgaText()
                0x00000000c00084b8                VgaText::~VgaText()
                0x00000000c00084e2                VgaText::read(unsigned long long, void*, int*)
                0x00000000c0008502                setTerminalScrollLock(bool)
                0x00000000c0008503                doTerminalCycle()
                0x00000000c0008504                addToTerminalCycle(VgaText*)
                0x00000000c0008505                scrollTerminalScrollLock(int)
                0x00000000c0008506                VgaText::updateTitle()
                0x00000000c0008508                VgaText::load()
                0x00000000c000850a                VgaText::updateCursor()
                0x00000000c0008520                VgaText::doANSI_SGR(int)
                0x00000000c0008594                VgaText::setDefaultBgColour(VgaColour)
                0x00000000c00085a4                VgaText::setDefaultFgColour(VgaColour)
                0x00000000c00085b4                VgaText::setDefaultColours(VgaColour, VgaColour)
                0x00000000c00085d4                VgaText::setTitleTextColour(VgaColour)
                0x00000000c00085e0                VgaText::setTitleColour(VgaColour)
                0x00000000c00085ec                VgaText::setTitle(char*)
                0x00000000c00085ee                VgaText::combineColours(unsigned char, unsigned char)
                0x00000000c0008600                VgaText::scrollScreen()
                0x00000000c0008692                VgaText::combineCharAndColour(char, unsigned char)
                0x00000000c00086a2                VgaText::writeCharacter(char, VgaColour, VgaColour, int, int)
                0x00000000c0008732                VgaText::getCursorX()
                0x00000000c000873a                VgaText::getCursorY()
                0x00000000c0008742                VgaText::setCursor(int, int)
                0x00000000c0008759                setActiveTerminal(VgaText*)
                0x00000000c00087a4                VgaText::clearScreen()
                0x00000000c00087f2                VgaText::setCursorX(int)
                0x00000000c000880a                VgaText::setCursorY(int)
                0x00000000c0008822                VgaText::incrementCursor(bool)
                0x00000000c0008876                VgaText::decrementCursor(bool)
                0x00000000c0008898                VgaText::putchar(char, VgaColour, VgaColour)
                0x00000000c0008968                VgaText::putchar(char)
                0x00000000c0008a50                VgaText::putx(unsigned int)
                0x00000000c0008a96                VgaText::puts(char const*)
                0x00000000c0008abc                VgaText::write(unsigned long long, void*, int*)
                0x00000000c0008b08                VgaText::puts(char const*, VgaColour, VgaColour)
                0x00000000c0008c56                VgaText::VgaText(char const*)
                0x00000000c0008c56                VgaText::VgaText(char const*)
                0x00000000c0008da6                VgaText::receiveKey(unsigned char)
                0x00000000c0008f14                VgaText::doUpdate()
                0x00000000c0008f15                newTerminal(char*)
 *fill*         0x00000000c0008f3a        0x2 
 .text          0x00000000c0008f3c      0x1a1 core/tss.32
                0x00000000c0008f3c                TSS::TSS()
                0x00000000c0008f3c                TSS::TSS()
                0x00000000c0008f4c                TSS::setESP(unsigned long)
                0x00000000c0008f60                TSS::flush()
                0x00000000c0008f80                TSS::setup(unsigned long, unsigned long)
 *fill*         0x00000000c00090dd        0x1 
 .text          0x00000000c00090de      0x4ca core/unixfile.32
                0x00000000c00090de                ReservedFilename::read(unsigned long long, void*, int*)
                0x00000000c0009134                ReservedFilename::isAtty()
                0x00000000c0009150                ReservedFilename::write(unsigned long long, void*, int*)
                0x00000000c00091ae                UnixFile::getFileDescriptor()
                0x00000000c00091b6                UnixFile::UnixFile(int)
                0x00000000c00091b6                UnixFile::UnixFile(int)
                0x00000000c000936a                ReservedFilename::ReservedFilename(int)
                0x00000000c000936a                ReservedFilename::ReservedFilename(int)
                0x00000000c000939c                UnixFile::~UnixFile()
                0x00000000c000939c                UnixFile::~UnixFile()
                0x00000000c0009438                UnixFile::~UnixFile()
                0x00000000c0009460                ReservedFilename::~ReservedFilename()
                0x00000000c0009460                ReservedFilename::~ReservedFilename()
                0x00000000c0009484                ReservedFilename::~ReservedFilename()
                0x00000000c00094ab                getFromFileDescriptor(int)
 .text          0x00000000c00095a8     0x125b core/virtmgr.32
                0x00000000c00095a8                Virt::setPageState(unsigned long, Virt::VirtPageState)
                0x00000000c00095e2                Virt::getPageState(unsigned long)
                0x00000000c0009605                Virt::allocateKernelVirtualPages(int)
                0x00000000c0009721                Virt::freeSwapfilePage(unsigned long)
                0x00000000c0009744                Virt::swapIDToSector(unsigned long)
                0x00000000c000975a                Virt::allocateSwapfilePage()
                0x00000000c00097d9                Virt::virtualMemorySetup()
                0x00000000c000982a                Virt::setupPageSwapping(int)
                0x00000000c000989c                VAS::VAS(VAS*)
                0x00000000c000989c                VAS::VAS(VAS*)
                0x00000000c00098ca                VAS::getForeignPageTableEntry(bool, unsigned long)
                0x00000000c00098f8                VAS::getPageTableEntry(unsigned long)
                0x00000000c0009917                Virt::freeKernelVirtualPages(unsigned long)
                0x00000000c0009a2a                VAS::freeAllocatedPages(unsigned long)
                0x00000000c0009a4e                VAS::virtualToPhysical(unsigned long)
                0x00000000c0009a68                VAS::reflagRange(unsigned long, int, int, int)
                0x00000000c0009aac                VAS::VAS()
                0x00000000c0009aac                VAS::VAS()
                0x00000000c0009b16                VAS::setToWriteCombining(unsigned long, int)
                0x00000000c0009b4a                VAS::mapOtherVASIn(bool, VAS*)
                0x00000000c0009b76                VAS::~VAS()
                0x00000000c0009b76                VAS::~VAS()
                0x00000000c0009ce4                VAS::mapPage(unsigned long, unsigned long, int)
                0x00000000c0009df0                VAS::allocatePages(int, int)
                0x00000000c0009fe0                VAS::setCPUSpecific(unsigned long)
                0x00000000c0009ffe                VAS::mapRange(unsigned long, unsigned long, int, int)
                0x00000000c000a0c6                VAS::mapForeignPage(bool, VAS*, unsigned long, unsigned long, int)
                0x00000000c000a1b6                VAS::VAS(bool)
                0x00000000c000a1b6                VAS::VAS(bool)
                0x00000000c000a448                VAS::evict(unsigned long)
                0x00000000c000a514                VAS::tryLoadBackOffDisk(unsigned long)
                0x00000000c000a622                VAS::scanForEviction()
                0x00000000c000a708                mapVASFirstTime
 .text          0x00000000c000a803       0x5f coreobjs/c++.32
                0x00000000c000a803                __cxa_atexit
                0x00000000c000a806                __cxa_finalize
                0x00000000c000a807                __stack_chk_fail
                0x00000000c000a83d                __cxa_pure_virtual
                0x00000000c000a84e                operator new[](unsigned long)
                0x00000000c000a853                operator delete(void*, unsigned long)
                0x00000000c000a858                operator delete[](void*)
                0x00000000c000a85d                operator delete[](void*, unsigned long)
 .text          0x00000000c000a862      0x225 dbg/kconsole.32
                0x00000000c000a862                Dbg::stringifyxWithBase(unsigned int, char*, int)
                0x00000000c000a8d3                Dbg::logc(char)
                0x00000000c000a8f3                Dbg::logs(char*)
                0x00000000c000a912                Dbg::logWriteInt(unsigned int)
                0x00000000c000a930                Dbg::logWriteIntBase(unsigned int, int)
                0x00000000c000a951                Dbg::kprintf(char const*, ...)
 *fill*         0x00000000c000aa87        0x1 
 .text          0x00000000c000aa88      0xc86 fs/vfs.32
                0x00000000c000aa88                File::read(unsigned long long, void*, int*)
                0x00000000c000aae0                File::write(unsigned long long, void*, int*)
                0x00000000c000ab38                Directory::read(unsigned long long, void*, int*)
                0x00000000c000ab90                Directory::write(unsigned long long, void*, int*)
                0x00000000c000abbe                File::isAtty()
                0x00000000c000abc2                Directory::isAtty()
                0x00000000c000abc6                Filesystem::getlabel(LogicalDisk*, int, char*, unsigned int*)
                0x00000000c000abcc                Filesystem::setlabel(LogicalDisk*, int, char*)
                0x00000000c000abd2                Filesystem::allocateSwapfile(char const*, int)
                0x00000000c000abd8                File::~File()
                0x00000000c000abd8                File::~File()
                0x00000000c000abfc                File::~File()
                0x00000000c000ac26                Directory::~Directory()
                0x00000000c000ac26                Directory::~Directory()
                0x00000000c000ac4a                Directory::~Directory()
                0x00000000c000ac74                Filesystem::Filesystem()
                0x00000000c000ac74                Filesystem::Filesystem()
                0x00000000c000ac98                Filesystem::~Filesystem()
                0x00000000c000ac98                Filesystem::~Filesystem()
                0x00000000c000aca6                Filesystem::~Filesystem()
                0x00000000c000acca                Fs::getcwd(Process*, char*, int)
                0x00000000c000acf4                Fs::initVFS()
                0x00000000c000ad1e                Fs::standardiseFiles(char*, char const*, char const*)
                0x00000000c000aefa                File::File(char const*, Process*)
                0x00000000c000aefa                File::File(char const*, Process*)
                0x00000000c000afb6                File::open(FileOpenMode)
                0x00000000c000b014                File::close()
                0x00000000c000b074                File::seek(unsigned long long)
                0x00000000c000b0ca                File::tell(unsigned long long*)
                0x00000000c000b11a                File::rewind()
                0x00000000c000b12e                File::unlink()
                0x00000000c000b17a                File::rename(char const*)
                0x00000000c000b1c8                File::chfatattr(unsigned char, unsigned char)
                0x00000000c000b224                File::exists()
                0x00000000c000b262                File::stat(unsigned long long*, bool*)
                0x00000000c000b2c3                Fs::setcwd(Process*, char*)
                0x00000000c000b420                Directory::Directory(char const*, Process*)
                0x00000000c000b420                Directory::Directory(char const*, Process*)
                0x00000000c000b4dc                Directory::open()
                0x00000000c000b538                Directory::close()
                0x00000000c000b598                Directory::unlink()
                0x00000000c000b5e4                Directory::rename(char const*)
                0x00000000c000b632                Directory::exists()
                0x00000000c000b670                Directory::read(dirent*)
                0x00000000c000b6bc                Directory::create()
                0x00000000c000b708                Filesystem::chfatattr(char const*, unsigned char, unsigned char)
 *fill*         0x00000000c000b70e        0x2 
 .text          0x00000000c000b710       0x86 hal/bus.32
                0x00000000c000b710                Bus::Bus(char const*)
                0x00000000c000b710                Bus::Bus(char const*)
                0x00000000c000b748                Bus::~Bus()
                0x00000000c000b748                Bus::~Bus()
                0x00000000c000b76c                Bus::~Bus()
 .text          0x00000000c000b796       0x96 hal/buzzer.32
                0x00000000c000b796                beepThread(void*)
                0x00000000c000b7d3                Krnl::beep(int, int, bool)
 .text          0x00000000c000b82c      0x465 hal/clock.32
                0x00000000c000b82c                User::loadClockSettings(int)
                0x00000000c000b87e                Clock::Clock(char const*)
                0x00000000c000b87e                Clock::Clock(char const*)
                0x00000000c000b8b4                Clock::~Clock()
                0x00000000c000b8b4                Clock::~Clock()
                0x00000000c000b8d8                Clock::~Clock()
                0x00000000c000b902                Clock::timeInSecondsLocal()
                0x00000000c000b94a                Clock::setTimeInSecondsLocal(unsigned long long)
                0x00000000c000b9a3                datetimeToSeconds(datetime_t)
                0x00000000c000bac8                Clock::setTimeInDatetimeLocal(datetime_t)
                0x00000000c000bb28                secondsToDatetime(unsigned long long)
                0x00000000c000bc6c                Clock::timeInDatetimeLocal()
 *fill*         0x00000000c000bc91        0x1 
 .text          0x00000000c000bc92      0x464 hal/device.32
                0x00000000c000bc92                Device::hibernate()
                0x00000000c000bc94                Device::wake()
                0x00000000c000bc96                Device::detect()
                0x00000000c000bc98                Device::disableLegacy()
                0x00000000c000bc9a                Device::powerSaving(PowerSavingLevel)
                0x00000000c000bc9c                DriverlessDevice::close(int, int, void*)
                0x00000000c000bca0                DriverlessDevice::detect()
                0x00000000c000bca2                DriverlessDevice::open(int, int, void*)
                0x00000000c000bcb6                Device::~Device()
                0x00000000c000bcb6                Device::~Device()
                0x00000000c000bcc4                Device::~Device()
                0x00000000c000bcec                Device::findAndLoadDriver()
                0x00000000c000bcfa                Device::preOpenPCI(PCIDeviceInfo)
                0x00000000c000bd20                Device::preOpenACPI(void*, char*, char*)
                0x00000000c000bd60                Device::addIRQHandler(int, void (*)(regs*, void*), bool, void*)
                0x00000000c000bd8a                Device::getParent()
                0x00000000c000bd96                Device::removeIRQHandler(int, void (*)(regs*, void*), bool)
                0x00000000c000bdb4                Device::addChild(Device*)
                0x00000000c000bdf8                Device::removeAllChildren()
                0x00000000c000be3e                Device::hibernateAll()
                0x00000000c000be6e                Device::wakeAll()
                0x00000000c000be9e                Device::detectAll()
                0x00000000c000bece                Device::disableLegacyAll()
                0x00000000c000bed0                Device::loadDriversForAll()
                0x00000000c000bed2                Device::closeAll()
                0x00000000c000bf08                Device::powerSavingAll(PowerSavingLevel)
                0x00000000c000bf3e                Device::setName(char const*)
                0x00000000c000bf4c                Device::Device(char const*)
                0x00000000c000bf4c                Device::Device(char const*)
                0x00000000c000c048                Device::getName()
                0x00000000c000c052                DriverlessDevice::DriverlessDevice(char const*)
                0x00000000c000c052                DriverlessDevice::DriverlessDevice(char const*)
                0x00000000c000c088                Device::addToLinkedList(LinkedList<Device>&, DeviceType)
                0x00000000c000c0cc                getDevicesOfType(DeviceType)
 *fill*         0x00000000c000c0f6        0x2 
 .text          0x00000000c000c0f8       0x86 hal/diskctrl.32
                0x00000000c000c0f8                HardDiskController::HardDiskController(char const*)
                0x00000000c000c0f8                HardDiskController::HardDiskController(char const*)
                0x00000000c000c130                HardDiskController::~HardDiskController()
                0x00000000c000c130                HardDiskController::~HardDiskController()
                0x00000000c000c154                HardDiskController::~HardDiskController()
 .text          0x00000000c000c17e       0xe2 hal/diskphys.32
                0x00000000c000c17e                PhysicalDisk::eject()
                0x00000000c000c182                PhysicalDisk::PhysicalDisk(char const*, int)
                0x00000000c000c182                PhysicalDisk::PhysicalDisk(char const*, int)
                0x00000000c000c1ea                PhysicalDisk::startCache()
                0x00000000c000c212                PhysicalDisk::~PhysicalDisk()
                0x00000000c000c212                PhysicalDisk::~PhysicalDisk()
                0x00000000c000c236                PhysicalDisk::~PhysicalDisk()
 .text          0x00000000c000c260        0x0 hal/fpu.32
 .text          0x00000000c000c260      0x360 hal/intctrl.32
                0x00000000c000c260                int_handler
                0x00000000c000c2ea                installISRHandler(int, void (*)(regs*, void*), void*)
                0x00000000c000c334                installIRQHandler(int, void (*)(regs*, void*), bool, void*)
                0x00000000c000c477                uninstallISRHandler(int, void (*)(regs*, void*))
                0x00000000c000c4ab                uninstallIRQHandler(int, void (*)(regs*, void*), bool)
                0x00000000c000c521                setupINTS()
                0x00000000c000c57e                convertLegacyIRQNumber(int)
 .text          0x00000000c000c5c0      0x8be hal/keybrd.32
                0x00000000c000c5c0                startGUI(void*)
                0x00000000c000c62e                startGUIVESA(void*)
                0x00000000c000c69c                sendKeyToTerminal(unsigned char)
                0x00000000c000c777                sendKeyboardToken(KeyboardToken)
                0x00000000c000cc61                clearInternalKeybuffer(VgaText*)
                0x00000000c000cc96                readKeyboard(VgaText*, char*, unsigned long)
                0x00000000c000cdf4                Keyboard::Keyboard(char const*)
                0x00000000c000cdf4                Keyboard::Keyboard(char const*)
                0x00000000c000ce30                Keyboard::~Keyboard()
                0x00000000c000ce30                Keyboard::~Keyboard()
                0x00000000c000ce54                Keyboard::~Keyboard()
 .text          0x00000000c000ce7e      0x3f8 hal/logidisk.32
                0x00000000c000ce7e                LogicalDisk::close(int, int, void*)
                0x00000000c000ce82                LogicalDisk::~LogicalDisk()
                0x00000000c000ce82                LogicalDisk::~LogicalDisk()
                0x00000000c000cea6                LogicalDisk::~LogicalDisk()
                0x00000000c000ced0                LogicalDisk::open(int, int, void*)
                0x00000000c000cee4                LogicalDisk::absoluteToRelative(unsigned long long)
                0x00000000c000cf1c                LogicalDisk::relativeToAbsolute(unsigned long long)
                0x00000000c000cf62                LogicalDisk::LogicalDisk(char const*, PhysicalDisk*, unsigned long long, unsigned long long)
                0x00000000c000cf62                LogicalDisk::LogicalDisk(char const*, PhysicalDisk*, unsigned long long, unsigned long long)
                0x00000000c000d022                LogicalDisk::assignDriveLetter()
                0x00000000c000d0dc                LogicalDisk::mount()
                0x00000000c000d124                LogicalDisk::unmount()
                0x00000000c000d134                LogicalDisk::eject()
                0x00000000c000d148                LogicalDisk::unassignDriveLetter()
                0x00000000c000d19e                LogicalDisk::read(unsigned long long, int, void*)
                0x00000000c000d20a                LogicalDisk::write(unsigned long long, int, void*)
 *fill*         0x00000000c000d276        0x2 
 .text          0x00000000c000d278       0x86 hal/mouse.32
                0x00000000c000d278                Mouse::Mouse(char const*)
                0x00000000c000d278                Mouse::Mouse(char const*)
                0x00000000c000d2b0                Mouse::~Mouse()
                0x00000000c000d2b0                Mouse::~Mouse()
                0x00000000c000d2d4                Mouse::~Mouse()
 .text          0x00000000c000d2fe       0x90 hal/nic.32
                0x00000000c000d2fe                NIC::getMAC()
                0x00000000c000d304                NIC::write(int, unsigned char*, int*)
                0x00000000c000d30a                NIC::NIC(char const*)
                0x00000000c000d30a                NIC::NIC(char const*)
                0x00000000c000d340                NIC::~NIC()
                0x00000000c000d340                NIC::~NIC()
                0x00000000c000d364                NIC::~NIC()
 .text          0x00000000c000d38e      0x33b hal/partition.32
                0x00000000c000d38e                makePartition(PhysicalDisk*, unsigned long long, unsigned long long)
                0x00000000c000d436                createPartitionsForDisk(PhysicalDisk*)
 *fill*         0x00000000c000d6c9        0x3 
 .text          0x00000000c000d6cc       0x86 hal/serial.32
                0x00000000c000d6cc                Serial::Serial(char const*)
                0x00000000c000d6cc                Serial::Serial(char const*)
                0x00000000c000d704                Serial::~Serial()
                0x00000000c000d704                Serial::~Serial()
                0x00000000c000d728                Serial::~Serial()
 *fill*         0x00000000c000d752        0x2 
 .text          0x00000000c000d754      0x234 hal/timer.32
                0x00000000c000d754                Timer::Timer(char const*)
                0x00000000c000d754                Timer::Timer(char const*)
                0x00000000c000d78c                Timer::~Timer()
                0x00000000c000d78c                Timer::~Timer()
                0x00000000c000d7b0                Timer::~Timer()
                0x00000000c000d7da                Timer::read()
                0x00000000c000d7e5                setupTimer(int)
                0x00000000c000d820                timerHandler(unsigned int)
 .text          0x00000000c000d988      0x450 hal/vcache.32
                0x00000000c000d988                VCache::VCache(PhysicalDisk*)
                0x00000000c000d988                VCache::VCache(PhysicalDisk*)
                0x00000000c000daf8                VCache::invalidateReadBuffer()
                0x00000000c000db08                VCache::writeWriteBuffer()
                0x00000000c000db54                VCache::~VCache()
                0x00000000c000db54                VCache::~VCache()
                0x00000000c000dbac                VCache::~VCache()
                0x00000000c000dbd4                VCache::write(unsigned long long, int, void*)
                0x00000000c000dcce                VCache::read(unsigned long long, int, void*)
 .text          0x00000000c000ddd8      0x4d9 hal/video.32
                0x00000000c000ddd8                Video::putrect(int, int, int, int, unsigned int)
                0x00000000c000de24                Video::bitblit(int, int, int, int, int, int, int, unsigned int*)
                0x00000000c000de94                Video::blit(unsigned int*, int, int, int, int)
                0x00000000c000df24                Video::clearScreen(unsigned int)
                0x00000000c000df58                Video::putpixel(int, int, unsigned int)
                0x00000000c000df66                Video::readPixelApprox(int, int)
                0x00000000c000df7a                Video::Video(char const*)
                0x00000000c000df7a                Video::Video(char const*)
                0x00000000c000dfb0                Video::~Video()
                0x00000000c000dfb0                Video::~Video()
                0x00000000c000dfd4                Video::~Video()
                0x00000000c000dffe                Video::isMonochrome()
                0x00000000c000e00a                Video::getWidth()
                0x00000000c000e016                Video::getHeight()
                0x00000000c000e022                Video::drawCursor(int, int, unsigned int*, int)
                0x00000000c000e0de                Video::tgaParse(unsigned char*, int, int*, int*)
                0x00000000c000e246                Video::putTGA(int, int, unsigned char*, int)
 *fill*         0x00000000c000e2b1        0x3 
 .text          0x00000000c000e2b4     0x128a hw/acpi.32
                0x00000000c000e2b4                ACPI::close(int, int, void*)
                0x00000000c000e368                findRSDP()
                0x00000000c000e400                loadACPITables(unsigned char*)
                0x00000000c000e66c                findRSDT(unsigned char*)
                0x00000000c000e7c4                findDataTable(unsigned char*, char*)
                0x00000000c000e844                scanMADT()
                0x00000000c000ecfc                ACPI::ACPI()
                0x00000000c000ecfc                ACPI::ACPI()
                0x00000000c000ed50                ACPI::getPCIIRQAssignment(unsigned char, unsigned short, unsigned char)
                0x00000000c000ee4c                ACPI::registerPCIIRQAssignment(void*, unsigned short, unsigned char, unsigned char)
                0x00000000c000ef18                ACPI::setScreenBrightnessLevel(void*, int)
                0x00000000c000ef20                ACPI::detectPCI()
                0x00000000c000f140                ACPI::writeSimpleBootFlag(SimpleBootFlagTable*)
                0x00000000c000f188                ACPI::sleep()
                0x00000000c000f1a4                ACPI::open(int, int, void*)
 .text          0x00000000c000f53e      0xba5 hw/cpu.32
                0x00000000c000f53e                CPU::close(int, int, void*)
                0x00000000c000f542                CPU::AMD_K6_write_msr(unsigned int, unsigned int, unsigned int, CPU::REGS*)
                0x00000000c000f55e                CPU::AMD_K6_read_msr(unsigned int, CPU::REGS*)
                0x00000000c000f576                CPU::AMD_K6_writeback(int, int, int)
                0x00000000c000f5ea                CPU::cpuid(int, unsigned long*, unsigned long*, unsigned long*, unsigned long*)
                0x00000000c000f66e                CPU::cpuidCheckEDX(unsigned int)
                0x00000000c000f69c                CPU::cpuidCheckECX(unsigned int)
                0x00000000c000f6ca                CPU::cpuidCheckExtendedEBX(unsigned int)
                0x00000000c000f6f8                CPU::cpuidCheckExtendedECX(unsigned int)
                0x00000000c000f726                CPU::CPU()
                0x00000000c000f726                CPU::CPU()
                0x00000000c000f7b4                CPU::displayFeatures()
                0x00000000c000f7b6                CPU::detectFeatures()
                0x00000000c000fe8a                CPU::setupSMEP()
                0x00000000c000fe96                CPU::setupUMIP()
                0x00000000c000fea0                CPU::setupTSC()
                0x00000000c000feaa                CPU::setupLargePages()
                0x00000000c000feb4                CPU::setupPAT()
                0x00000000c000fef0                CPU::setupMTRR()
                0x00000000c000fef2                CPU::setupGlobalPages()
                0x00000000c000fefc                CPU::allowUsermodeDataAccess()
                0x00000000c000ff0e                CPU::prohibitUsermodeDataAccess()
                0x00000000c000ff20                CPU::setupSMAP()
                0x00000000c000ff2e                CPU::setupFeatures()
                0x00000000c000fffa                CPU::open(int, int, void*)
 .text          0x00000000c00100e3       0xd8 krnl/bootmsg.32
                0x00000000c00100e3                KeDisplaySplashScreen()
                0x00000000c0010158                KeSetBootMessage(char const*)
 *fill*         0x00000000c00101bb        0x1 
 .text          0x00000000c00101bc      0x585 krnl/env.32
                0x00000000c00101bc                EnvVarContainer::getEnv(char const*)
                0x00000000c00101fa                EnvVarContainer::setEnv(char const*, char const*)
                0x00000000c00102bc                EnvVarContainer::deleteEnv(char const*)
                0x00000000c00102be                EnvVarContainer::loadFrom(char const*, char const*)
                0x00000000c00104a8                EnvVarContainer::__loadSystem()
                0x00000000c00104c2                EnvVarContainer::__loadUser()
                0x00000000c00104c4                EnvVarContainer::EnvVarContainer(Process*)
                0x00000000c00104c4                EnvVarContainer::EnvVarContainer(Process*)
                0x00000000c00104e6                EnvVarContainer::~EnvVarContainer()
                0x00000000c00104e6                EnvVarContainer::~EnvVarContainer()
                0x00000000c0010516                Krnl::getEnv(Process*, char const*)
                0x00000000c001057b                Krnl::setEnvSystem(char const*, char const*)
                0x00000000c0010595                Krnl::setEnvUser(char const*, char const*)
                0x00000000c00105b4                Krnl::setEnvProcess(Process*, char const*, char const*)
                0x00000000c00105c7                Krnl::deleteEnvSystem(char const*)
                0x00000000c00105c8                Krnl::deleteEnvUser(char const*)
                0x00000000c00105c9                Krnl::deleteEnvProcess(Process*, char const*)
                0x00000000c00105ca                Krnl::newProcessEnv(Process*)
                0x00000000c00105ec                Krnl::copyProcessEnv(Process*, Process*)
                0x00000000c0010638                Krnl::loadSystemEnv()
                0x00000000c0010666                Krnl::loadUserEnv()
                0x00000000c001068c                Krnl::flushEnv()
                0x00000000c001068d                Krnl::getProcessTotalEnvCount(Process*)
                0x00000000c00106ad                Krnl::getProcessEnvPair(Process*, int)
 .text          0x00000000c0010741       0x94 krnl/inlines.32
                0x00000000c0010741                CPU::current()
                0x00000000c001074d                operator new(unsigned long)
                0x00000000c0010752                operator delete(void*)
                0x00000000c0010757                disableIRQs()
                0x00000000c0010759                enableIRQs()
                0x00000000c001075b                lockScheduler()
                0x00000000c0010763                unlockScheduler()
                0x00000000c0010772                lockStuff()
                0x00000000c0010780                unlockStuff()
                0x00000000c00107ba                Virt::getAKernelVAS()
                0x00000000c00107c0                __not_memcpy
 .text          0x00000000c00107d5        0xc krnl/panic.32
                0x00000000c00107d5                KePanic(char const*)
 .text          0x00000000c00107e1      0x142 krnl/powctrl.32
                0x00000000c00107e1                Krnl::powerThread(void*)
                0x00000000c001080f                Krnl::changePowerSettings(Krnl::PowerSettings)
                0x00000000c0010825                Krnl::userIOReceived()
                0x00000000c0010830                Krnl::handlePowerButton()
                0x00000000c0010865                Krnl::handleSleepButton()
                0x00000000c001089a                Krnl::setupPowerManager()
 .text          0x00000000c0010923       0x9b krnl/random.32
                0x00000000c0010923                KeRand()
                0x00000000c0010963                KeSeedRand(unsigned int)
                0x00000000c001098c                KeInitRand()
 *fill*         0x00000000c00109be        0x2 
 .text          0x00000000c00109c0      0x1bc krnl/resolve.32
                0x00000000c00109c0                KeResolveCompatibilitySymbol(char*)
 .text          0x00000000c0010b7c      0x313 krnl/signal.32
                0x00000000c0010b7c                KiSigKill(int)
                0x00000000c0010b90                KiDefaultSignalHandlerIgnore(int)
                0x00000000c0010b91                KiDefaultSignalHandlerPause(int)
                0x00000000c0010bbd                KiDefaultSignalHandlerResume(int)
                0x00000000c0010be9                KeDeinitSignals(SigHandlerBlock*)
                0x00000000c0010bee                KeInitSignals()
                0x00000000c0010c39                KeRegisterSignalHandler(SigHandlerBlock*, int, void (*)(int), unsigned int, int)
                0x00000000c0010c6f                KeRaiseSignal(SigHandlerBlock*, int)
                0x00000000c0010cec                KeCheckSignal(SigHandlerBlock*, int*)
                0x00000000c0010ddb                KiCheckSignalZ
                0x00000000c0010e1d                KeCompleteSignal(SigHandlerBlock*, int)
                0x00000000c0010e58                KiFinishSignalZ
 .text          0x00000000c0010e8f      0xc76 krnl/syscalls.32
                0x00000000c0010e8f                SysSeekDir(regs*)
                0x00000000c0010e94                SysTellDir(regs*)
                0x00000000c0010e99                SysVerify(regs*)
                0x00000000c0010ea3                SysGetArgc(regs*)
                0x00000000c0010eb7                SysTTYName(regs*)
                0x00000000c0010ebf                SysFormatDisk(regs*)
                0x00000000c0010f26                SysSetDiskVolumeLabel(regs*)
                0x00000000c0010f7a                SysGetDiskVolumeLabel(regs*)
                0x00000000c0010fd3                SysShutdown(regs*)
                0x00000000c0011060                SysRealpath(regs*)
                0x00000000c00110af                SysReadDir(regs*)
                0x00000000c001112f                SysIsATTY(regs*)
                0x00000000c0011189                SysSeek(regs*)
                0x00000000c00111e3                SysTell(regs*)
                0x00000000c0011250                SysSize(regs*)
                0x00000000c00112c3                SysSizeFromFilename(regs*)
                0x00000000c001136d                SysClose(regs*)
                0x00000000c00113cd                SysOpenDir(regs*)
                0x00000000c001144a                SysMakeDir(regs*)
                0x00000000c00114b8                SysCloseDir(regs*)
                0x00000000c0011507                SysWait(regs*)
                0x00000000c0011528                SysNotImpl(regs*)
                0x00000000c0011543                SysPanic(regs*)
                0x00000000c001155e                SysRmdir(regs*)
                0x00000000c00115bc                SysUnlink(regs*)
                0x00000000c001161a                SysGetArgv(regs*)
                0x00000000c0011667                SysUSleep(regs*)
                0x00000000c0011690                SysSpawn(regs*)
                0x00000000c0011701                SysGetEnv(regs*)
                0x00000000c00117b6                SysSetFatAttrib(regs*)
                0x00000000c001181f                SysPipe(regs*)
                0x00000000c0011864                SysGetUnixTime(regs*)
                0x00000000c0011878                string_ends_with(char const*, char const*)
                0x00000000c00118c3                SysOpen(regs*)
                0x00000000c0011ac3                KeSystemCall(regs*, void*)
 *fill*         0x00000000c0011b05        0x3 
 .text          0x00000000c0011b08      0x159 net/ethernet.32
                0x00000000c0011b08                KeSwitchEndian16(unsigned short)
                0x00000000c0011b2c                KeSwitchEndian32(unsigned int)
                0x00000000c0011b5c                EthernetCRC32(unsigned char*, int)
                0x00000000c0011c00                EthernetReceivedPacket(EthernetUnwrappedFrame*, unsigned short)
 .text          0x00000000c0011c61      0xd51 reg/cm.32
                0x00000000c0011c61                CmOpen(char const*)
                0x00000000c0011d7f                CmClose(Reghive_Tag*)
                0x00000000c0011d95                CmReadExtent(Reghive_Tag*, int, unsigned char*)
                0x00000000c0011dd1                CmGetString(Reghive_Tag*, int, char*)
                0x00000000c0011e48                CmEnterDirectory(Reghive_Tag*, int)
                0x00000000c0011e87                CmGetNext(Reghive_Tag*, int)
                0x00000000c0011eb9                CmWriteExtent(Reghive_Tag*, int, unsigned char*)
                0x00000000c0011ef5                CmFreeExtent(Reghive_Tag*, int)
                0x00000000c0011f1d                CmUpdateHeader(Reghive_Tag*)
                0x00000000c0011f3e                CmExpand(Reghive_Tag*, int)
                0x00000000c0011fb9                CmFindUnusedExtent(Reghive_Tag*)
                0x00000000c001203f                CmCreateExtent(Reghive_Tag*, int, int, unsigned char*)
                0x00000000c0012133                CmSetString(Reghive_Tag*, int, char const*)
                0x00000000c001226b                CmGetMatch(char*, char*, bool, bool*)
                0x00000000c00122cc                CmAddShift(unsigned int*, int*, unsigned char, int)
                0x00000000c00122fc                CmGetShift(unsigned int*, int*, int, bool*)
                0x00000000c0012333                CmGetInteger(Reghive_Tag*, int, unsigned long long*)
                0x00000000c001235d                CmSetInteger(Reghive_Tag*, int, unsigned long long)
                0x00000000c001239d                CmConvertFromInternalFilename(unsigned char const*, char*)
                0x00000000c0012441                CmGetNameAndTypeFromExtent(Reghive_Tag*, int, char*)
                0x00000000c001246f                CmConvertToInternalFilename(char const*, unsigned char*)
                0x00000000c001260c                CmCreateString(Reghive_Tag*, int, char const*)
                0x00000000c0012659                CmFindInDirectory(Reghive_Tag*, int, char const*)
                0x00000000c00126d3                CmCreateInteger(Reghive_Tag*, int, char const*, unsigned long long, int)
                0x00000000c0012726                CmCreateDirectory(Reghive_Tag*, int, char const*)
                0x00000000c00127ea                zStrtok(char*, char const*)
                0x00000000c001285c                CmFindObjectFromPath(Reghive_Tag*, char const*)
                0x00000000c00128dd                CmDisplayTree(Reghive_Tag*, int, int)
                0x00000000c0012980                CmSplitFinalSlashInPlace(char*)
 .text          0x00000000c00129b2      0x545 reg/registry.32
                0x00000000c00129b2                Reg::findLineFromLoadedData(char*, char*, char*)
                0x00000000c0012b3e                Reg::getLineFromRegistry(char*, char*, char*, char*)
                0x00000000c0012c93                Reg::getLine(char*, char*, char*)
                0x00000000c0012cca                Reg::readInt(char*, char*, int*)
                0x00000000c0012db8                Reg::readString(char*, char*, char*, int)
                0x00000000c0012e39                Reg::readBool(char*, char*, bool*)
                0x00000000c0012e5e                Reg::readBoolWithDefault(char*, char*, bool)
                0x00000000c0012e8a                Reg::readIntWithDefault(char*, char*, int)
                0x00000000c0012eb6                Reg::readStringWithDefault(char*, char*, char*, int, char*)
 .text          0x00000000c0012ef7       0x36 sys/eject.32
                0x00000000c0012ef7                SysEject(regs*)
 .text          0x00000000c0012f2d       0x18 sys/exit.32
                0x00000000c0012f2d                SysExit(regs*)
 .text          0x00000000c0012f45       0x1f sys/getcwd.32
                0x00000000c0012f45                SysGetCwd(regs*)
 .text          0x00000000c0012f64        0xc sys/getpid.32
                0x00000000c0012f64                SysGetPID(regs*)
 .text          0x00000000c0012f70       0x1a sys/getramdata.32
                0x00000000c0012f70                SysGetRAMData(regs*)
 .text          0x00000000c0012f8a       0x82 sys/getvgaptr.32
                0x00000000c0012f8a                SysGetVGAPtr(regs*)
 .text          0x00000000c001300c       0xb9 sys/kill.32
                0x00000000c001300c                SysKill(regs*)
 .text          0x00000000c00130c5       0xa8 sys/loaddll.32
                0x00000000c00130c5                SysLoadDLL(regs*)
 .text          0x00000000c001316d       0x68 sys/read.32
                0x00000000c001316d                SysRead(regs*)
 .text          0x00000000c00131d5       0x29 sys/registersignal.32
                0x00000000c00131d5                SysRegisterSignal(regs*)
 .text          0x00000000c00131fe      0x19c sys/registry.32
                0x00000000c00131fe                SysRegistryGetTypeFromPath(regs*)
                0x00000000c0013275                SysRegistryReadExtent(regs*)
                0x00000000c00132bd                SysRegistryPathToExtentLookup(regs*)
                0x00000000c00132e5                SysRegistryEnterDirectory(regs*)
                0x00000000c001330d                SysRegistryGetNext(regs*)
                0x00000000c0013335                SysRegistryGetNameAndTypeFromExtent(regs*)
                0x00000000c001336f                SysRegistryOpen(regs*)
                0x00000000c0013383                SysRegistryClose(regs*)
 .text          0x00000000c001339a       0x55 sys/sbrk.32
                0x00000000c001339a                SysSbrk(regs*)
 .text          0x00000000c00133ef       0x1c sys/setcwd.32
                0x00000000c00133ef                SysSetCwd(regs*)
 .text          0x00000000c001340b       0x96 sys/settime.32
                0x00000000c001340b                SysSetTime(regs*)
 .text          0x00000000c00134a1       0x4a sys/timezone.32
                0x00000000c00134a1                SysTimezone(regs*)
 .text          0x00000000c00134eb       0x68 sys/write.32
                0x00000000c00134eb                SysWrite(regs*)
 .text          0x00000000c0013553       0x62 sys/wsbe.32
                0x00000000c0013553                SysWsbe(regs*)
 .text          0x00000000c00135b5       0x25 sys/yield.32
                0x00000000c00135b5                SysYield(regs*)
 .text          0x00000000c00135da     0x1203 thr/elf.32
                0x00000000c00135da                Thr::allocateMemoryForTask(Process*, File*, unsigned long, unsigned long, unsigned long)
                0x00000000c0013861                Thr::loadProgramIntoMemory(Process*, char const*)
                0x00000000c0013a80                Thr::runtimeReferenceHelper()
                0x00000000c0013a93                Thr::getAddressOfKernelSymbol(char const*)
                0x00000000c0013ae2                Thr::loadKernelSymbolTable(char const*)
                0x00000000c0013da0                Thr::loadDriverIntoMemory(char const*, unsigned long, bool)
                0x00000000c00144e1                Thr::getDriverBaseFromAddress(unsigned long)
                0x00000000c0014513                Thr::getDriverNameFromAddress(unsigned long)
                0x00000000c001454a                Thr::getDriverOffsetFromAddress(unsigned long)
                0x00000000c0014564                Thr::loadDLL(char const*, bool)
                0x00000000c00147a4                Thr::executeDLL(unsigned long, void*)
 *fill*         0x00000000c00147dd        0x3 
 .text          0x00000000c00147e0     0x13b5 thr/prcssthr.32
                0x00000000c00147e0                userModeEntryPoint(void*)
                0x00000000c0014808                changeTSS
                0x00000000c0014838                switchToThread(ThreadControlBlock*)
                0x00000000c00148e8                Process::addArgs(char**)
                0x00000000c0014954                Process::Process(char const*, Process*, char**)
                0x00000000c0014954                Process::Process(char const*, Process*, char**)
                0x00000000c0014b60                Process::Process(bool, char const*, Process*, char**)
                0x00000000c0014b60                Process::Process(bool, char const*, Process*, char**)
                0x00000000c0014d34                taskStartupFunction
                0x00000000c0014d40                Semaphore::Semaphore(int)
                0x00000000c0014d40                Semaphore::Semaphore(int)
                0x00000000c0014d70                Mutex::Mutex()
                0x00000000c0014d70                Mutex::Mutex()
                0x00000000c0014d84                Process::createThread(void (*)(void*), void*, int)
                0x00000000c0014e8c                Process::createUserThread()
                0x00000000c0014eac                setupMultitasking(void (*)())
                0x00000000c0014fd0                schedule()
                0x00000000c0015064                Semaphore::tryAcquire()
                0x00000000c0015124                Semaphore::assertLocked(char const*)
                0x00000000c00151a8                blockTaskWithSchedulerLockAlreadyHeld(TaskState)
                0x00000000c00151d0                blockTask(TaskState)
                0x00000000c0015208                waitTask(int, int*, int)
                0x00000000c001524c                milliTenthSleepUntil(unsigned int)
                0x00000000c00152ec                milliTenthSleep(unsigned int)
                0x00000000c0015300                sleep(unsigned int)
                0x00000000c0015310                Semaphore::acquire()
                0x00000000c00153d8                taskReturned
                0x00000000c001541c                Thr::processFromPID(int)
                0x00000000c00154c8                unblockTask(ThreadControlBlock*)
                0x00000000c0015574                cleanupTerminatedTask(ThreadControlBlock*)
                0x00000000c0015848                cleanerTaskFunction(void*)
                0x00000000c0015950                terminateTask(int)
                0x00000000c0015a3c                Thr::terminateFromIRQ(int)
                0x00000000c0015a4c                Semaphore::release()
 .text          0x00000000c0015b95      0xbec vm86/vm8086.32
                0x00000000c0015b95                Vm::inbv(unsigned short)
                0x00000000c0015ba8                Vm::outbv(unsigned short, unsigned char)
                0x00000000c0015bde                Vm::realToLinear(unsigned short, unsigned short)
                0x00000000c0015bee                Vm::getSegment(unsigned int)
                0x00000000c0015bf6                Vm::getOffset(unsigned int)
                0x00000000c0015bfb                Vm::mainloop2()
                0x00000000c0015c35                Vm::mainVm8086Loop(void*)
                0x00000000c0015c45                Vm::mainloop3(unsigned long)
                0x00000000c0015c6b                Vm::initialise8086()
                0x00000000c0015cae                Vm::finish8086()
                0x00000000c0015d0f                Vm::getOutput8086(unsigned char*)
                0x00000000c0015d34                Vm::start8086FromBuffer(unsigned char*, int, unsigned short, unsigned short, unsigned short, unsigned short)
                0x00000000c0015ded                Vm::start8086(char const*, unsigned short, unsigned short, unsigned short, unsigned short)
                0x00000000c0015f7a                Vm::doISR(regs*, int, unsigned char*, unsigned short, unsigned short)
                0x00000000c0016003                Vm::readByteFromReal(unsigned short, unsigned short)
                0x00000000c0016014                Vm::readWordFromReal(unsigned short, unsigned short)
                0x00000000c0016026                Vm::readDwordFromReal(unsigned short, unsigned short)
                0x00000000c0016037                Vm::writeByteFromReal(unsigned short, unsigned short, unsigned char)
                0x00000000c001604c                Vm::writeWordFromReal(unsigned short, unsigned short, unsigned short)
                0x00000000c0016062                Vm::writeDwordFromReal(unsigned short, unsigned short, unsigned int)
                0x00000000c0016077                Vm::faultHandler(regs*)
 .text          0x00000000c0016781      0xaac arch/i386/hal.32
                0x00000000c0016781                noCopro(unsigned long)
                0x00000000c0016782                nmiHandler(regs*, void*)
                0x00000000c001679b                doubleFault(regs*, void*)
                0x00000000c00167b4                displayDebugInfo(regs*)
                0x00000000c0016b10                HalSystemIdle()
                0x00000000c0016b8c                displayProgramFault(char const*)
                0x00000000c0016bd8                gpFault(regs*, void*)
                0x00000000c0016c3f                pgFault(regs*, void*)
                0x00000000c0016cc8                otherISRHandler(regs*, void*)
                0x00000000c0016cfc                opcodeFault(regs*, void*)
                0x00000000c0016d7f                i386SaveCoprocessor(void*)
                0x00000000c0016d93                i386LoadCoprocessor(void*)
                0x00000000c0016da7                x87EmulHandler(regs*, void*)
                0x00000000c0016e44                HalInitialiseCoprocessor()
                0x00000000c0016ef2                HalPanic(char const*)
                0x00000000c0016feb                HalQueryPerformanceCounter()
                0x00000000c0017006                HalInitialise()
                0x00000000c00171bc                HalMakeBeep(int)
                0x00000000c00171f6                HalGetRand()
                0x00000000c00171f9                HalEndOfInterrupt(int)
                0x00000000c001722a                HalRestart()
                0x00000000c001722b                HalShutdown()
                0x00000000c001722c                HalSleep()
 *fill*         0x00000000c001722d        0x3 
 .text          0x00000000c0017230      0x2dc arch/i386/pic.32
                0x00000000c0017230                picIoWait()
                0x00000000c0017238                picDisable()
                0x00000000c001726c                picGetIRQReg(int)
                0x00000000c00172e8                picOpen()
                0x00000000c001746c                picEOI(int)
 .text          0x00000000c001750c      0x66e arch/i386/rtc.32
                0x00000000c001750c                RTC::open(int, int, void*)
                0x00000000c0017510                RTC::close(int, int, void*)
                0x00000000c0017514                RTC::timeInSecondsUTC()
                0x00000000c0017526                RTC::timeInDatetimeUTC()
                0x00000000c001754c                RTC::setTimeInSecondsUTC(unsigned long long)
                0x00000000c001758a                RTC::~RTC()
                0x00000000c001758a                RTC::~RTC()
                0x00000000c00175ae                RTC::~RTC()
                0x00000000c00175d8                RTC::get_update_in_progress_flag()
                0x00000000c00175f2                RTC::completeRTCRefresh()
                0x00000000c00178cc                RTC::setTimeInDatetimeUTC(datetime_t)
                0x00000000c0017a7a                rtcIRQHandler(regs*, void*)
                0x00000000c0017ac0                RTC::RTC()
                0x00000000c0017ac0                RTC::RTC()
 *fill*         0x00000000c0017b7a        0x2 
 .text          0x00000000c0017b7c      0x1f4 arch/i386/vga.32
                0x00000000c0017b7c                HalConsoleScroll(int, int)
                0x00000000c0017c84                HalConsoleWriteCharacter(char, int, int, int, int)
                0x00000000c0017ce8                HalConsoleCursorUpdate(int, int)
 .text          0x00000000c0017d70     0x1487 fs/fat/vfslink.32
                0x00000000c0017d70                FAT::getName()
                0x00000000c0017d78                FAT::tell(void*, unsigned long long*)
                0x00000000c0017db4                FAT::stat(void*, unsigned long long*)
                0x00000000c0017df0                FAT::~FAT()
                0x00000000c0017df0                FAT::~FAT()
                0x00000000c0017e14                FAT::~FAT()
                0x00000000c0017e3c                FAT::getlabel(LogicalDisk*, int, char*, unsigned int*)
                0x00000000c0017ee0                FAT::setlabel(LogicalDisk*, int, char*)
                0x00000000c0017fc0                FAT::format(LogicalDisk*, int, char const*, int)
                0x00000000c00181a4                FAT::tryMount(LogicalDisk*, int)
                0x00000000c00183c0                FAT::allocateSwapfile(char const*, int)
                0x00000000c0018580                FAT::readDir(void*, unsigned long, void*, int*)
                0x00000000c00186f0                FAT::read(void*, unsigned long, void*, int*)
                0x00000000c0018750                FAT::write(void*, unsigned long, void*, int*)
                0x00000000c00187b0                FAT::close(void*)
                0x00000000c0018804                FAT::closeDir(void*)
                0x00000000c0018858                FAT::seek(void*, unsigned long long)
                0x00000000c00188b0                fatWrapperReadDisk
                0x00000000c00188f0                fatWrapperWriteDisk
                0x00000000c0018930                fatWrapperIoctl
                0x00000000c0018a50                FAT::FAT()
                0x00000000c0018a50                FAT::FAT()
                0x00000000c0018aa8                FAT::fixFilepath(char*)
                0x00000000c0018ae8                FAT::open(char const*, void**, FileOpenMode)
                0x00000000c0018c5c                FAT::openDir(char const*, void**)
                0x00000000c0018d0c                FAT::stat(char const*, unsigned long long*, bool*)
                0x00000000c0018e04                FAT::unlink(char const*)
                0x00000000c0018e84                FAT::chfatattr(char const*, unsigned char, unsigned char)
                0x00000000c001903c                FAT::rename(char const*, char const*)
                0x00000000c0019108                FAT::mkdir(char const*)
                0x00000000c0019188                FAT::exists(char const*)
 *fill*         0x00000000c00191f7        0x1 
 .text          0x00000000c00191f8       0x94 fs/iso9660/helper.32
                0x00000000c00191f8                isoReadDiscSectorHelper
                0x00000000c0019254                iso_kprintf
                0x00000000c0019270                iso_kprintfd
 .text          0x00000000c001928c      0x714 fs/iso9660/vfslink.32
                0x00000000c001928c                ISO9660::format(LogicalDisk*, int, char const*, int)
                0x00000000c0019292                ISO9660::getName()
                0x00000000c0019298                ISO9660::closeDir(void*)
                0x00000000c00192a2                ISO9660::chfatattr(char const*, unsigned char, unsigned char)
                0x00000000c00192a8                ISO9660::unlink(char const*)
                0x00000000c00192ae                ISO9660::write(void*, unsigned long, void*, int*)
                0x00000000c00192b4                ISO9660::rename(char const*, char const*)
                0x00000000c00192ba                ISO9660::mkdir(char const*)
                0x00000000c00192c0                ISO9660::~ISO9660()
                0x00000000c00192c0                ISO9660::~ISO9660()
                0x00000000c00192e4                ISO9660::~ISO9660()
                0x00000000c001930c                ISO9660::exists(char const*)
                0x00000000c0019320                ISO9660::open(char const*, void**, FileOpenMode)
                0x00000000c0019406                ISO9660::read(void*, unsigned long, void*, int*)
                0x00000000c001944e                ISO9660::seek(void*, unsigned long long)
                0x00000000c0019490                ISO9660::tell(void*, unsigned long long*)
                0x00000000c00194ce                ISO9660::stat(void*, unsigned long long*)
                0x00000000c0019520                ISO9660::stat(char const*, unsigned long long*, bool*)
                0x00000000c0019662                ISO9660::close(void*)
                0x00000000c0019692                ISO9660::openDir(char const*, void**)
                0x00000000c001976c                ISO9660::readDir(void*, unsigned long, void*, int*)
                0x00000000c0019887                readSectorFromCDROM(unsigned int, unsigned char*, char)
                0x00000000c0019906                ISO9660::tryMount(LogicalDisk*, int)
                0x00000000c0019978                ISO9660::ISO9660()
                0x00000000c0019978                ISO9660::ISO9660()
 .text          0x00000000c00199a0      0x26c hal/sound/sndcard.32
                0x00000000c00199a0                SoundCard::beginPlayback()
                0x00000000c00199ae                SoundCard::stopPlayback()
                0x00000000c00199bc                SoundCard::SoundCard(char const*)
                0x00000000c00199bc                SoundCard::SoundCard(char const*)
                0x00000000c0019a5a                SoundCard::~SoundCard()
                0x00000000c0019a5a                SoundCard::~SoundCard()
                0x00000000c0019a7e                SoundCard::~SoundCard()
                0x00000000c0019aa8                SoundCard::configureRates(int, int, int)
                0x00000000c0019ad8                SoundCard::getSamples16(int, short*)
                0x00000000c0019b34                SoundCard::getSamples32(int, int*)
                0x00000000c0019bba                SoundCard::addChannel(SoundPort*)
                0x00000000c0019bf8                SoundCard::removeChannel(int)
 .text          0x00000000c0019c0c      0x393 hal/sound/sndport.32
                0x00000000c0019c0c                SoundPort::SoundPort(int, int, int, int)
                0x00000000c0019c0c                SoundPort::SoundPort(int, int, int, int)
                0x00000000c0019c98                SoundPort::~SoundPort()
                0x00000000c0019c98                SoundPort::~SoundPort()
                0x00000000c0019ccc                SoundPort::unpause()
                0x00000000c0019cd8                SoundPort::pause()
                0x00000000c0019ce4                SoundPort::getBufferUsed()
                0x00000000c0019cec                SoundPort::getBufferSize()
                0x00000000c0019cf4                SoundPort::buffer16(short*, int)
                0x00000000c0019d80                SoundPort::buffer32(int*, int)
                0x00000000c0019e0c                SoundPort::unbufferAndAdd16(int, short*, SoundCard*)
                0x00000000c0019edc                SoundPort::unbufferAndAdd32(int, int*, SoundCard*)
 .text          0x00000000c0019f9f        0x0 hw/bus/isa.32
 *fill*         0x00000000c0019f9f        0x1 
 .text          0x00000000c0019fa0      0xbc5 hw/bus/pci.32
                0x00000000c0019fa0                PCI::open(int, int, void*)
                0x00000000c0019fbe                PCI::close(int, int, void*)
                0x00000000c0019fc2                PCI::PCI()
                0x00000000c0019fc2                PCI::PCI()
                0x00000000c001a05a                PCI::readBAR8(unsigned int, int)
                0x00000000c001a076                PCI::readBAR16(unsigned int, int)
                0x00000000c001a094                PCI::readBAR32(unsigned int, int)
                0x00000000c001a0b0                PCI::writeBAR8(unsigned int, unsigned char, int)
                0x00000000c001a0d0                PCI::writeBAR16(unsigned int, unsigned short, int)
                0x00000000c001a0f2                PCI::writeBAR32(unsigned int, unsigned int, int)
                0x00000000c001a112                PCI::legacyMechanism(unsigned char, unsigned char, unsigned char, unsigned char)
                0x00000000c001a188                PCI::pciReadWord(unsigned char, unsigned char, unsigned char, unsigned char)
                0x00000000c001a232                PCI::getVendorID(unsigned char, unsigned char, unsigned char)
                0x00000000c001a256                PCI::getHeaderType(unsigned char, unsigned char, unsigned char)
                0x00000000c001a27e                PCI::getClassCode(unsigned char, unsigned char, unsigned char)
                0x00000000c001a2c8                PCI::getProgIF(unsigned char, unsigned char, unsigned char)
                0x00000000c001a2f0                PCI::getRevisionID(unsigned char, unsigned char, unsigned char)
                0x00000000c001a314                PCI::getInterruptNumber(unsigned char, unsigned char, unsigned char)
                0x00000000c001a338                PCI::getSecondaryBus(unsigned char, unsigned char, unsigned char)
                0x00000000c001a360                PCI::getBARAddress(unsigned char, unsigned char, unsigned char, unsigned char)
                0x00000000c001a3c4                PCI::pciWriteWord(unsigned char, unsigned char, unsigned char, unsigned char, unsigned short)
                0x00000000c001a4aa                PCI::pciDetailsToFilepath(PCIDeviceInfo, char*)
                0x00000000c001a774                PCI::checkBus(unsigned char)
                0x00000000c001a798                PCI::foundDevice(PCIDeviceInfo)
                0x00000000c001a91e                PCI::getDeviceData(unsigned char, unsigned char, unsigned char)
                0x00000000c001aa9a                PCI::checkDevice(unsigned char, unsigned char)
                0x00000000c001ab0c                PCI::detect()
 *fill*         0x00000000c001ab65        0x1 
 .text          0x00000000c001ab66      0xb96 hw/diskctrl/ide.32
                0x00000000c001ab66                IDE::close(int, int, void*)
                0x00000000c001ab6a                IDE::IDE()
                0x00000000c001ab6a                IDE::IDE()
                0x00000000c001ab9e                IDE::prepareInterrupt(unsigned char)
                0x00000000c001abb0                selectDrive(unsigned char, unsigned char)
                0x00000000c001abb2                IDE::getBase(unsigned char)
                0x00000000c001abc4                IDE::write(unsigned char, unsigned char, unsigned char)
                0x00000000c001ac84                IDE::read(unsigned char, unsigned char)
                0x00000000c001ad38                IDE::waitInterrupt(unsigned char)
                0x00000000c001ad9a                ideChannel0IRQHandler(regs*, void*)
                0x00000000c001adb6                ideChannel1IRQHandler(regs*, void*)
                0x00000000c001add2                IDE::enableIRQs(unsigned char, bool)
                0x00000000c001ae1c                IDE::open(int, int, void*)
                0x00000000c001b256                IDE::readBuffer(unsigned char, unsigned char, unsigned int, unsigned int)
                0x00000000c001b326                IDE::detect()
                0x00000000c001b5ee                IDE::printError(unsigned char, unsigned char, unsigned char)
                0x00000000c001b6a8                IDE::polling(unsigned char, unsigned int)
 .text          0x00000000c001b6fc      0x32c hw/diskctrl/satabus.32
                0x00000000c001b6fc                SATABus::close(int, int, void*)
                0x00000000c001b700                SATABus::detect()
                0x00000000c001b702                SATABus::SATABus()
                0x00000000c001b702                SATABus::SATABus()
                0x00000000c001b788                SATABus::findCmdslot(SATABus::tagHBA_PORT volatile*)
                0x00000000c001b7ba                SATABus::checkType(SATABus::tagHBA_PORT volatile*)
                0x00000000c001b802                SATABus::startCmd(SATABus::tagHBA_PORT volatile*)
                0x00000000c001b822                SATABus::stopCmd(SATABus::tagHBA_PORT volatile*)
                0x00000000c001b84c                SATABus::portRebase(SATABus::tagHBA_PORT volatile*, int)
                0x00000000c001b95e                SATABus::probePort(SATABus::tagHBA_MEM volatile*)
                0x00000000c001ba08                SATABus::open(int, int, void*)
 .text          0x00000000c001ba28      0x96d hw/diskphys/ata.32
                0x00000000c001ba28                ATA::close(int, int, void*)
                0x00000000c001ba4c                ATA::powerSaving(PowerSavingLevel)
                0x00000000c001ba4e                ATA::ATA()
                0x00000000c001ba4e                ATA::ATA()
                0x00000000c001ba7c                ATA::flush(bool)
                0x00000000c001baca                ATA::readyForCommand()
                0x00000000c001bb16                ATA::access(unsigned long long, int, void*, bool)
                0x00000000c001beda                ATA::detectCHS()
                0x00000000c001bf04                ATA::open(int, int, void*)
                0x00000000c001bfd0                combineCharAndColour(char, unsigned char)
                0x00000000c001bfe1                combineColours(unsigned char, unsigned char)
                0x00000000c001bfee                ATA::read(unsigned long long, int, void*)
                0x00000000c001c1c4                ATA::write(unsigned long long, int, void*)
 *fill*         0x00000000c001c395        0x1 
 .text          0x00000000c001c396      0x612 hw/diskphys/atapi.32
                0x00000000c001c396                ATAPI::write(unsigned long long, int, void*)
                0x00000000c001c39c                ATAPI::close(int, int, void*)
                0x00000000c001c3c0                ATAPI::ATAPI()
                0x00000000c001c3c0                ATAPI::ATAPI()
                0x00000000c001c3ee                ATAPI::readyForCommand()
                0x00000000c001c440                ATAPI::sendPacket(unsigned char*, int, bool, unsigned short*, int)
                0x00000000c001c700                ATAPI::diskRemoved()
                0x00000000c001c73a                ATAPI::eject()
                0x00000000c001c782                ATAPI::diskInserted()
                0x00000000c001c78e                ATAPI::detectMedia()
                0x00000000c001c84e                ATAPI::open(int, int, void*)
                0x00000000c001c92e                ATAPI::read(unsigned long long, int, void*)
 .text          0x00000000c001c9a8      0x7ff hw/diskphys/sata.32
                0x00000000c001c9a8                SATA::close(int, int, void*)
                0x00000000c001c9cc                SATA::powerSaving(PowerSavingLevel)
                0x00000000c001c9ce                SATA::open(int, int, void*)
                0x00000000c001ca78                SATA::SATA()
                0x00000000c001ca78                SATA::SATA()
                0x00000000c001caa6                SATA::access(unsigned long long, int, void*, bool)
                0x00000000c001ccf8                SATA::read(unsigned long long, int, void*)
                0x00000000c001cf48                SATA::write(unsigned long long, int, void*)
 *fill*         0x00000000c001d1a7        0x1 
 .text          0x00000000c001d1a8      0x5d8 hw/diskphys/satapi.32
                0x00000000c001d1a8                SATAPI::write(unsigned long long, int, void*)
                0x00000000c001d1ae                SATAPI::close(int, int, void*)
                0x00000000c001d1d2                SATAPI::SATAPI()
                0x00000000c001d1d2                SATAPI::SATAPI()
                0x00000000c001d200                SATAPI::diskRemoved()
                0x00000000c001d202                SATAPI::diskInserted()
                0x00000000c001d21e                SATAPI::sendPacket(unsigned char*, int, unsigned long long, unsigned short*, int)
                0x00000000c001d504                SATAPI::eject()
                0x00000000c001d540                SATAPI::detectMedia()
                0x00000000c001d596                SATAPI::open(int, int, void*)
                0x00000000c001d696                SATAPI::read(unsigned long long, int, void*)
 .text          0x00000000c001d780      0x45b hw/intctrl/apic.32
                0x00000000c001d780                IOAPIC::close(int, int, void*)
                0x00000000c001d786                apicGetBase()
                0x00000000c001d7cc                IOAPIC::IOAPIC()
                0x00000000c001d7cc                IOAPIC::IOAPIC()
                0x00000000c001d7f4                apicOpen()
                0x00000000c001d970                IOAPIC::handlesGSIWithNumber(unsigned int)
                0x00000000c001d9a2                IOAPIC::read(int)
                0x00000000c001d9ca                IOAPIC::open(int, int, void*)
                0x00000000c001dab0                IOAPIC::write(int, int)
                0x00000000c001dadc                IOAPIC::redirect(unsigned char, unsigned long long, unsigned char, bool, bool)
 *fill*         0x00000000c001dbdb        0x1 
 .text          0x00000000c001dbdc       0xf0 hw/timer/apictimer.32
                0x00000000c001dbdc                APICTimer::close(int, int, void*)
                0x00000000c001dbe4                apicTimerHandler(regs*, void*)
                0x00000000c001dc0c                APICTimer::open(int, int, void*)
                0x00000000c001dc7c                APICTimer::write(int)
                0x00000000c001dca4                APICTimer::APICTimer()
                0x00000000c001dca4                APICTimer::APICTimer()
 .text          0x00000000c001dccc      0x1ad hw/timer/pit.32
                0x00000000c001dccc                PIT::write(int)
                0x00000000c001dd50                pitHandler(regs*, void*)
                0x00000000c001dd78                PIT::open(int, int, void*)
                0x00000000c001ddc8                PIT::close(int, int, void*)
                0x00000000c001ddf8                PIT::PIT()
                0x00000000c001ddf8                PIT::PIT()
 *fill*         0x00000000c001de79        0x7 
 .text          0x00000000c001de80       0x83 arch/i386/avx.32
                0x00000000c001de80                avxDetect
                0x00000000c001deaa                avxSave
                0x00000000c001debb                avxLoad
                0x00000000c001decc                avxInit
                0x00000000c001deee                avxClose
                0x00000000c001deef                wouldSheSayYes
 *fill*         0x00000000c001df03        0xd 
 .text          0x00000000c001df10      0x2ec arch/i386/interrupt.32
                0x00000000c001df10                isr0
                0x00000000c001df20                isr1
                0x00000000c001df2a                isr2
                0x00000000c001df34                isr3
                0x00000000c001df3e                isr4
                0x00000000c001df48                isr5
                0x00000000c001df52                isr6
                0x00000000c001df5c                isr7
                0x00000000c001df66                isr8
                0x00000000c001df6e                isr9
                0x00000000c001df78                isr10
                0x00000000c001df80                isr11
                0x00000000c001df88                isr12
                0x00000000c001df90                isr13
                0x00000000c001dfaa                isr14
                0x00000000c001dfb2                isr15
                0x00000000c001dfbc                isr16
                0x00000000c001dfc6                isr17
                0x00000000c001dfd0                isr18
                0x00000000c001dfda                irq3
                0x00000000c001dfe4                irq4
                0x00000000c001dfee                irq5
                0x00000000c001dff8                irq6
                0x00000000c001e002                irq7
                0x00000000c001e00c                irq8
                0x00000000c001e016                irq9
                0x00000000c001e020                irq10
                0x00000000c001e02a                irq11
                0x00000000c001e034                irq12
                0x00000000c001e03e                irq13
                0x00000000c001e048                irq14
                0x00000000c001e052                irq15
                0x00000000c001e05c                irq1
                0x00000000c001e063                irq2
                0x00000000c001e06a                isr96
                0x00000000c001e071                irq0
                0x00000000c001e076                int_common_stub
                0x00000000c001e0a8                syscall_common_stub
                0x00000000c001e1ac                irq16
                0x00000000c001e1b6                irq17
                0x00000000c001e1c0                irq18
                0x00000000c001e1ca                irq19
                0x00000000c001e1d4                irq20
                0x00000000c001e1de                irq21
                0x00000000c001e1e8                irq22
                0x00000000c001e1f2                irq23
 *fill*         0x00000000c001e1fc        0x4 
 .text          0x00000000c001e200       0x10 arch/i386/rdrand.32
                0x00000000c001e200                i386GetRDRAND
 .text          0x00000000c001e210       0x39 arch/i386/sse.32
                0x00000000c001e210                absolutelyNoChanceInHell
                0x00000000c001e210                sseDetect
                0x00000000c001e228                sseSave
                0x00000000c001e230                sseLoad
                0x00000000c001e238                sseInit
                0x00000000c001e248                sseClose
 *fill*         0x00000000c001e249        0x7 
 .text          0x00000000c001e250       0x49 arch/i386/x87.32
                0x00000000c001e256                x87Detect
                0x00000000c001e271                x87Save
                0x00000000c001e278                x87Load
                0x00000000c001e27f                x87Init
                0x00000000c001e298                x87Close
 *fill*         0x00000000c001e299        0x3 
 .text          0x00000000c001e29c       0x25 /cygdrive/d/Users/Alex/Desktop/Toolchain/Output/bin/../lib/gcc/i386-banana/8.1.0/crtend.o
 .text          0x00000000c001e2c1        0x0 crtn.32
 *fill*         0x00000000c001e2c1        0x3 
 .text          0x00000000c001e2c4      0x14b /cygdrive/d/Users/Alex/Desktop/Toolchain/Output/bin/../lib/gcc/i386-banana/8.1.0/libkgcc.a(_divdi3.o)
                0x00000000c001e2c4                __divdi3
 *fill*         0x00000000c001e40f        0x1 
 .text          0x00000000c001e410      0x17e /cygdrive/d/Users/Alex/Desktop/Toolchain/Output/bin/../lib/gcc/i386-banana/8.1.0/libkgcc.a(_moddi3.o)
                0x00000000c001e410                __moddi3
 *fill*         0x00000000c001e58e        0x2 
 .text          0x00000000c001e590       0xff /cygdrive/d/Users/Alex/Desktop/Toolchain/Output/bin/../lib/gcc/i386-banana/8.1.0/libkgcc.a(_udivdi3.o)
                0x00000000c001e590                __udivdi3
 *fill*         0x00000000c001e68f        0x1 
 .text          0x00000000c001e690      0x11a /cygdrive/d/Users/Alex/Desktop/Toolchain/Output/bin/../lib/gcc/i386-banana/8.1.0/libkgcc.a(_umoddi3.o)
                0x00000000c001e690                __umoddi3
 *(.gnu.linkonce.t*)

.iplt           0x00000000c001e7b0        0x0
 .iplt          0x00000000c001e7b0        0x0 D:/Users/Alex/Desktop/Banana/kernel/boot.32
