Archive member included to satisfy reference by file (symbol)

/cygdrive/d/Users/Alex/Desktop/Toolchain/Output/bin/../lib/gcc/i386-banana/8.1.0/libkgcc.a(_divdi3.o)
                              fs/fat/ff.32 (__divdi3)
/cygdrive/d/Users/Alex/Desktop/Toolchain/Output/bin/../lib/gcc/i386-banana/8.1.0/libkgcc.a(_moddi3.o)
                              compat/resolve.32 (__moddi3)
/cygdrive/d/Users/Alex/Desktop/Toolchain/Output/bin/../lib/gcc/i386-banana/8.1.0/libkgcc.a(_udivdi3.o)
                              fs/fat/ff.32 (__udivdi3)
/cygdrive/d/Users/Alex/Desktop/Toolchain/Output/bin/../lib/gcc/i386-banana/8.1.0/libkgcc.a(_umoddi3.o)
                              compat/resolve.32 (__umoddi3)
D:/Users/Alex/Desktop/Banana/kernel/libsoftfp.a(sfieeelib.o)
                              hal/libresample/src_linear.32 (__subsf3)
D:/Users/Alex/Desktop/Banana/kernel/libsoftfp.a(dfieeelib.o)
                              hal/libresample/src_linear.32 (__adddf3)
D:/Users/Alex/Desktop/Banana/kernel/libsoftfp.a(sfdfcvt.o)
                              hal/libresample/samplerate.32 (__truncdfsf2)
D:/Users/Alex/Desktop/Banana/kernel/libk/libm32.a(s_fabs.c.o)
                              hal/libresample/samplerate.32 (fabs)
D:/Users/Alex/Desktop/Banana/kernel/libk/libm32.a(s_lrint.S.o)
                              hal/libresample/samplerate.32 (lrint)
D:/Users/Alex/Desktop/Banana/kernel/libk/libm32.a(s_lrintf.S.o)
                              hal/sound/sndhw.32 (lrintf)

Discarded input sections

 .comment       0x0000000000000000       0x12 /cygdrive/d/Users/Alex/Desktop/Toolchain/Output/bin/../lib/gcc/i386-banana/8.1.0/crtbegin.o
 .comment       0x0000000000000000       0x12 acpica/utclib.32
 .comment       0x0000000000000000       0x12 core/malloc.32
 .comment       0x0000000000000000       0x12 libk/string.32
 .comment       0x0000000000000000       0x12 fs/fat/diskio.32
 .comment       0x0000000000000000       0x12 fs/fat/ff.32
 .comment       0x0000000000000000       0x12 fs/fat/ffsystem.32
 .comment       0x0000000000000000       0x12 fs/fat/ffunicode.32
 .comment       0x0000000000000000       0x12 hal/libresample/samplerate.32
 .comment       0x0000000000000000       0x12 hal/libresample/src_linear.32
 .comment       0x0000000000000000       0x12 hal/libresample/src_sinc.32
 .comment       0x0000000000000000       0x12 hal/libresample/src_zoh.32
 .comment       0x0000000000000000       0x12 compat/inlines.32
 .comment       0x0000000000000000       0x12 compat/resolve.32
 .group         0x0000000000000000       0x14 core/computer.32
 .group         0x0000000000000000        0xc core/computer.32
 .comment       0x0000000000000000       0x12 core/computer.32
 .comment       0x0000000000000000       0x12 core/gdt.32
 .group         0x0000000000000000        0xc core/idle.32
 .comment       0x0000000000000000       0x12 core/idle.32
 .comment       0x0000000000000000       0x12 core/idt.32
 .comment       0x0000000000000000       0x12 core/kheap.32
 .comment       0x0000000000000000       0x12 core/main.32
 .comment       0x0000000000000000       0x12 core/physmgr.32
 .group         0x0000000000000000        0xc core/pipe.32
 .comment       0x0000000000000000       0x12 core/pipe.32
 .group         0x0000000000000000        0xc core/terminal.32
 .comment       0x0000000000000000       0x12 core/terminal.32
 .comment       0x0000000000000000       0x12 core/tss.32
 .group         0x0000000000000000        0x8 core/unixfile.32
 .group         0x0000000000000000        0x8 core/unixfile.32
 .group         0x0000000000000000        0xc core/unixfile.32
 .group         0x0000000000000000        0x8 core/unixfile.32
 .group         0x0000000000000000        0xc core/unixfile.32
 .group         0x0000000000000000        0x8 core/unixfile.32
 .group         0x0000000000000000        0xc core/unixfile.32
 .group         0x0000000000000000        0xc core/unixfile.32
 .comment       0x0000000000000000       0x12 core/unixfile.32
 .comment       0x0000000000000000       0x12 core/virtmgr.32
 .comment       0x0000000000000000       0x12 coreobjs/c++.32
 .comment       0x0000000000000000       0x12 dbg/kconsole.32
 .group         0x0000000000000000        0xc fs/vfs.32
 .group         0x0000000000000000        0xc fs/vfs.32
 .group         0x0000000000000000        0xc fs/vfs.32
 .comment       0x0000000000000000       0x12 fs/vfs.32
 .group         0x0000000000000000        0xc hal/bus.32
 .comment       0x0000000000000000       0x12 hal/bus.32
 .group         0x0000000000000000        0xc hal/buzzer.32
 .comment       0x0000000000000000       0x12 hal/buzzer.32
 .group         0x0000000000000000        0xc hal/clock.32
 .comment       0x0000000000000000       0x12 hal/clock.32
 .group         0x0000000000000000       0x14 hal/device.32
 .group         0x0000000000000000        0xc hal/device.32
 .group         0x0000000000000000        0x8 hal/device.32
 .group         0x0000000000000000        0xc hal/device.32
[...]
Memory Configuration

Name             Origin             Length             Attributes
*default*        0x0000000000000000 0xffffffffffffffff

Linker script and memory map

LOAD D:/Users/Alex/Desktop/Banana/kernel/boot.32
LOAD crti.32
LOAD /cygdrive/d/Users/Alex/Desktop/Toolchain/Output/bin/../lib/gcc/i386-banana/8.1.0/crtbegin.o
LOAD D:/Users/Alex/Desktop/Banana/kernel/morenasm.32
LOAD acpica/utclib.32
LOAD core/malloc.32
LOAD libk/string.32
LOAD fs/fat/diskio.32
LOAD fs/fat/ff.32
LOAD fs/fat/ffsystem.32
LOAD fs/fat/ffunicode.32
LOAD hal/libresample/samplerate.32
LOAD hal/libresample/src_linear.32
LOAD hal/libresample/src_sinc.32
LOAD hal/libresample/src_zoh.32
LOAD compat/inlines.32
LOAD compat/resolve.32
LOAD core/computer.32
LOAD core/gdt.32
LOAD core/idle.32
LOAD core/idt.32
LOAD core/kheap.32
LOAD core/main.32
LOAD core/physmgr.32
LOAD core/pipe.32
LOAD core/terminal.32
LOAD core/tss.32
LOAD core/unixfile.32
LOAD core/virtmgr.32
LOAD coreobjs/c++.32
LOAD dbg/kconsole.32
LOAD fs/vfs.32
LOAD hal/bus.32
LOAD hal/buzzer.32
LOAD hal/clock.32
LOAD hal/device.32
LOAD hal/diskctrl.32
LOAD hal/diskphys.32
LOAD hal/fpu.32
LOAD hal/intctrl.32
LOAD hal/keybrd.32
LOAD hal/logidisk.32
LOAD hal/mouse.32
LOAD hal/partition.32
LOAD hal/serial.32
LOAD hal/timer.32
LOAD hal/vcache.32
LOAD hal/video.32
LOAD hw/acpi.32
LOAD hw/cpu.32
LOAD hw/ports.32
LOAD hw/smp.32
LOAD krnl/env.32
LOAD krnl/panic.32
LOAD net/ethernet.32
LOAD reg/registry.32
LOAD sys/sc_eject.32
LOAD sys/sc_exit.32
LOAD sys/sc_getcwd.32
LOAD sys/sc_getpid.32
LOAD sys/sc_getramdata.32
LOAD sys/sc_getvgaptr.32
LOAD sys/sc_loaddll.32
LOAD sys/sc_read.32
LOAD sys/sc_sbrk.32
LOAD sys/sc_setcwd.32
LOAD sys/sc_settime.32
LOAD sys/sc_timezone.32
LOAD sys/sc_write.32
LOAD sys/sc_wsbe.32
LOAD sys/sc_yield.32
LOAD sys/syscalls.32
LOAD thr/elf.32
LOAD thr/prcssthr.32
LOAD vm86/vm8086.32
LOAD vm86/x87em.32
LOAD fs/fat/vfslink.32
LOAD fs/iso9660/vfslink.32
LOAD hal/sound/sndchannel.32
LOAD hal/sound/sndhw.32
LOAD hw/bus/isa.32
LOAD hw/bus/pci.32
LOAD hw/diskctrl/ide.32
LOAD hw/diskctrl/satabus.32
LOAD hw/diskphys/ata.32
LOAD hw/diskphys/atapi.32
LOAD hw/diskphys/sata.32
LOAD hw/diskphys/satapi.32
LOAD hw/fpu/avx.32
LOAD hw/fpu/mmx.32
LOAD hw/fpu/sse.32
LOAD hw/fpu/x87.32
LOAD hw/intctrl/apic.32
LOAD hw/intctrl/pic.32
LOAD hw/timer/apictimer.32
LOAD hw/timer/pit.32
LOAD hw/fpu/x86/avx.32
LOAD hw/fpu/x86/sse.32
LOAD hw/fpu/x86/x87.32
LOAD /cygdrive/d/Users/Alex/Desktop/Toolchain/Output/bin/../lib/gcc/i386-banana/8.1.0/crtend.o
LOAD crtn.32
LOAD /cygdrive/d/Users/Alex/Desktop/Toolchain/Output/bin/../lib/gcc/i386-banana/8.1.0/libkgcc.a
LOAD D:/Users/Alex/Desktop/Banana/kernel/libsoftfp.a
LOAD D:/Users/Alex/Desktop/Banana/kernel/libk/libm32.a
                0x00000000c0000000                . = 0xc0000000

.text           0x00000000c0000000    0x287c8
 *(.text)
 .text          0x00000000c0000000       0x41 D:/Users/Alex/Desktop/Banana/kernel/boot.32
                0x00000000c0000020                callGlobalConstructors
 .text          0x00000000c0000041        0x0 crti.32
 *fill*         0x00000000c0000041        0x3 
 .text          0x00000000c0000044      0x101 /cygdrive/d/Users/Alex/Desktop/Toolchain/Output/bin/../lib/gcc/i386-banana/8.1.0/crtbegin.o
 *fill*         0x00000000c0000145        0xb 
 .text          0x00000000c0000150      0x4fb D:/Users/Alex/Desktop/Banana/kernel/morenasm.32
                0x00000000c0000150                manualPCIProbe
                0x00000000c000019b                prepareTramp
                0x00000000c00001b4                voodooXADD
                0x00000000c000027f                doTPAUSE
                0x00000000c0000289                hasLegacyFPU
                0x00000000c00002ae                is486
                0x00000000c00002e4                detectCPUID
                0x00000000c00002fa                goToVM86
                0x00000000c000032a                goToUsermode
                0x00000000c0000354                switchToThreadASMFirstTime
                0x00000000c0000362                switchToThreadASM
                0x00000000c00003f2                asmQuickAcquireLock
                0x00000000c0000410                asmQuickReleaseLock
                0x00000000c000041c                asmAcquireLock
                0x00000000c000043d                asmReleaseLock
                0x00000000c0000450                loadGDT
                0x00000000c0000470                isr0
                0x00000000c0000480                isr1
                0x00000000c000048a                isr2
                0x00000000c0000494                isr3
                0x00000000c000049e                isr4
                0x00000000c00004a8                isr5
                0x00000000c00004b2                isr6
                0x00000000c00004bc                isr7
                0x00000000c00004c6                isr8
                0x00000000c00004ce                isr9
                0x00000000c00004d8                isr10
                0x00000000c00004e0                isr11
                0x00000000c00004e8                isr12
                0x00000000c00004f0                isr13
                0x00000000c00004f8                isr14
                0x00000000c0000500                isr15
                0x00000000c000050a                isr16
                0x00000000c0000514                isr17
                0x00000000c000051e                isr18
                0x00000000c0000528                irq3
                0x00000000c0000532                irq4
                0x00000000c000053c                irq5
                0x00000000c0000546                irq6
                0x00000000c0000550                irq7
                0x00000000c000055a                irq8
                0x00000000c0000564                irq9
                0x00000000c000056e                irq10
                0x00000000c0000578                irq11
                0x00000000c0000582                irq12
                0x00000000c000058c                irq13
                0x00000000c0000596                irq14
                0x00000000c00005a0                irq15
                0x00000000c00005aa                irq1
                0x00000000c00005b1                irq2
                0x00000000c00005b8                isr96
                0x00000000c00005bf                irq0
                0x00000000c00005c4                syscall_common_stub
                0x00000000c00005c4                int_common_stub
                0x00000000c00005f6                irq16
                0x00000000c0000600                irq17
                0x00000000c000060a                irq18
                0x00000000c0000614                irq19
                0x00000000c000061e                irq20
                0x00000000c0000628                irq21
                0x00000000c0000632                irq22
                0x00000000c000063c                irq23
                0x00000000c0000646                memcpy
 *fill*         0x00000000c000064b        0x1 
 .text          0x00000000c000064c      0x5dd acpica/utclib.32
                0x00000000c000064c                memcmp
                0x00000000c0000688                memmove
                0x00000000c0000750                memset
                0x00000000c000076c                strlen
                0x00000000c0000784                strpbrk
                0x00000000c00007c0                strtok
                0x00000000c000080c                strcpy
                0x00000000c0000830                strncpy
                0x00000000c0000898                strcmp
                0x00000000c00008d8                strchr
                0x00000000c00008fc                strncmp
                0x00000000c000094c                strcat
                0x00000000c000097c                strncat
                0x00000000c00009b8                strstr
                0x00000000c0000a00                toupper
                0x00000000c0000a14                tolower
                0x00000000c0000a28                simple_strtoul
 .text          0x00000000c0000c29      0xfad core/malloc.32
                0x00000000c0000d94                dlfree
                0x00000000c00010ef                dlmalloc
                0x00000000c000162c                dlrealloc
                0x00000000c00017cf                dlmemalign
                0x00000000c00018f2                dlcalloc
                0x00000000c000198c                dlcfree
                0x00000000c0001991                dlindependent_calloc
                0x00000000c00019b6                dlindependent_comalloc
                0x00000000c00019cd                dlvalloc
                0x00000000c00019f8                dlpvalloc
                0x00000000c0001a2e                dlmalloc_trim
                0x00000000c0001a3b                dlmalloc_usable_size
                0x00000000c0001a6c                dlmallinfo
                0x00000000c0001b3b                dlmalloc_stats
                0x00000000c0001b4c                dlmallopt
 .text          0x00000000c0001bd6        0x0 libk/string.32
 .text          0x00000000c0001bd6       0x51 fs/fat/diskio.32
                0x00000000c0001bd6                disk_status
                0x00000000c0001bd9                disk_initialize
                0x00000000c0001bdc                disk_read
                0x00000000c0001bf2                disk_write
                0x00000000c0001c08                disk_ioctl
 .text          0x00000000c0001c27     0x6a69 fs/fat/ff.32
                0x00000000c0004ef5                f_mount
                0x00000000c0004f57                f_open
                0x00000000c0005393                f_read
                0x00000000c0005613                f_write
                0x00000000c00058cd                f_sync
                0x00000000c0005aa9                f_close
                0x00000000c0005ad8                f_lseek
                0x00000000c0005f8f                f_opendir
                0x00000000c0006091                f_closedir
                0x00000000c00060b3                f_readdir
                0x00000000c000614e                f_stat
                0x00000000c00061dd                f_getfree
                0x00000000c00063a8                f_truncate
                0x00000000c00064a0                f_unlink
                0x00000000c0006623                f_mkdir
                0x00000000c000684f                f_rename
                0x00000000c0006b42                f_chmod
                0x00000000c0006c20                f_utime
                0x00000000c0006cfe                f_getlabel
                0x00000000c0006eec                f_setlabel
                0x00000000c0007159                f_expand
                0x00000000c000738f                f_forward
                0x00000000c000756d                f_mkfs
 .text          0x00000000c0008690       0x2d fs/fat/ffsystem.32
                0x00000000c0008690                ff_memalloc
                0x00000000c00086a6                ff_memfree
 .text          0x00000000c00086bd      0x253 fs/fat/ffunicode.32
                0x00000000c00086bd                ff_uni2oem
                0x00000000c000874d                ff_oem2uni
                0x00000000c00087b9                ff_wtoupper
 .text          0x00000000c0008910      0x8fb hal/libresample/samplerate.32
                0x00000000c0008954                src_delete
                0x00000000c0008990                src_process
                0x00000000c0008b46                src_callback_read
                0x00000000c0008cc3                src_set_ratio
                0x00000000c0008d2d                src_get_channels
                0x00000000c0008d4f                src_reset
                0x00000000c0008d9b                src_new
                0x00000000c0008e29                src_callback_new
                0x00000000c0008e8b                src_get_name
                0x00000000c0008ec2                src_get_description
                0x00000000c0008ef9                src_get_version
                0x00000000c0008eff                src_is_valid_ratio
                0x00000000c0008f53                src_error
                0x00000000c0008f61                src_strerror
                0x00000000c0008f74                src_simple
                0x00000000c0008fc7                src_short_to_float_array
                0x00000000c000902c                src_float_to_short_array
                0x00000000c00090eb                src_int_to_float_array
                0x00000000c000914e                src_float_to_int_array
 .text          0x00000000c000920b      0x8cb hal/libresample/src_linear.32
                0x00000000c0009a31                linear_get_name
                0x00000000c0009a40                linear_get_description
                0x00000000c0009a4f                linear_set_converter
 .text          0x00000000c0009ad6     0x447c hal/libresample/src_sinc.32
                0x00000000c000de69                sinc_get_name
                0x00000000c000de7c                sinc_get_description
                0x00000000c000de8f                sinc_set_converter
 .text          0x00000000c000df52      0x77c hal/libresample/src_zoh.32
                0x00000000c000e629                zoh_get_name
                0x00000000c000e638                zoh_get_description
                0x00000000c000e647                zoh_set_converter
 .text          0x00000000c000e6ce       0xa7 compat/inlines.32
                0x00000000c000e6ce                CPU::current()
                0x00000000c000e6da                operator new(unsigned long)
                0x00000000c000e6df                operator delete(void*)
                0x00000000c000e6e4                disableIRQs()
                0x00000000c000e6ec                enableIRQs()
                0x00000000c000e6fb                lockScheduler()
                0x00000000c000e703                unlockScheduler()
                0x00000000c000e712                lockStuff()
                0x00000000c000e720                unlockStuff()
                0x00000000c000e75a                Virt::getAKernelVAS()
                0x00000000c000e760                __not_memcpy
 .text          0x00000000c000e775      0x111 compat/resolve.32
                0x00000000c000e775                Krnl::resolveCompatibilitySymbol(char*)
 .text          0x00000000c000e886      0x78b core/computer.32
                0x00000000c000e886                Computer::close(int, int, void*)
                0x00000000c000e8ca                Krnl::firstTask()
                0x00000000c000ea18                Computer::Computer()
                0x00000000c000ea18                Computer::Computer()
                0x00000000c000eb74                Computer::setBootMessage(char const*)
                0x00000000c000eb76                Computer::detectFeatures()
                0x00000000c000ed80                Computer::displayFeatures()
                0x00000000c000ed82                Computer::rdmsr(unsigned int)
                0x00000000c000edae                Computer::wrmsr(unsigned int, unsigned long long)
                0x00000000c000ede6                Computer::nmiEnabled()
                0x00000000c000edf2                Computer::readCMOS(unsigned char)
                0x00000000c000ee0c                Computer::enableNMI(bool)
                0x00000000c000ee24                Computer::open(int, int, void*)
                0x00000000c000ef54                Computer::disableNMI()
                0x00000000c000ef62                Computer::writeCMOS(unsigned char, unsigned char)
                0x00000000c000ef80                Computer::handleNMI()
                0x00000000c000efe6                Computer::setDiskActivityLight(int, bool)
 *fill*         0x00000000c000f011        0x1 
 .text          0x00000000c000f012      0x19d core/gdt.32
                0x00000000c000f012                GDTEntry::setBase(unsigned int)
                0x00000000c000f02e                GDTEntry::setLimit(unsigned int)
                0x00000000c000f04c                GDT::GDT()
                0x00000000c000f04c                GDT::GDT()
                0x00000000c000f062                GDT::addEntry(GDTEntry)
                0x00000000c000f084                GDT::getNumberOfEntries()
                0x00000000c000f08c                GDT::flush()
                0x00000000c000f0ae                GDT::setup()
 .text          0x00000000c000f1af       0x6b core/idle.32
                0x00000000c000f1af                idleFunction(void*)
 .text          0x00000000c000f21a      0x45e core/idt.32
                0x00000000c000f21a                IDTEntry::IDTEntry(bool)
                0x00000000c000f21a                IDTEntry::IDTEntry(bool)
                0x00000000c000f288                IDTEntry::setOffset(unsigned int)
                0x00000000c000f29c                IDT::IDT()
                0x00000000c000f29c                IDT::IDT()
                0x00000000c000f29e                IDT::getPointerToInvalidOpcodeEntryForF00F()
                0x00000000c000f2a6                IDT::addEntry(IDTEntry, int)
                0x00000000c000f2c0                IDT::addEntry(int, void (*)(), bool)
                0x00000000c000f2f8                IDT::flush()
                0x00000000c000f312                IDT::setup()
 .text          0x00000000c000f678      0x1fb core/kheap.32
                0x00000000c000f678                sbrk
                0x00000000c000f785                mmap
                0x00000000c000f79b                munmap
                0x00000000c000f7b1                liballoc_lock()
                0x00000000c000f7be                liballoc_unlock()
                0x00000000c000f7d2                liballoc_alloc(int)
                0x00000000c000f7ea                liballoc_free(void*, int)
                0x00000000c000f805                realloc
                0x00000000c000f819                malloc
                0x00000000c000f829                free
                0x00000000c000f839                rfree
                0x00000000c000f849                calloc
 .text          0x00000000c000f873      0x1b6 core/main.32
                0x00000000c000f873                Krnl::setBootMessage(char const*)
                0x00000000c000f8df                kernel_main
 .text          0x00000000c000fa29      0x5b5 core/physmgr.32
                0x00000000c000fa29                Phys::allocateDMA(unsigned long)
                0x00000000c000faf7                Phys::freeDMA(unsigned long, unsigned long)
                0x00000000c000fb56                Phys::setPageState(unsigned long, bool)
                0x00000000c000fb88                Phys::getPageState(unsigned long)
                0x00000000c000fba4                Phys::freePage(unsigned long)
                0x00000000c000fc15                Phys::allocatePage()
                0x00000000c000fd0d                Phys::allocateContiguousPages(int)
                0x00000000c000fd69                Phys::allowSegmentToBeUsed(unsigned long, unsigned long)
                0x00000000c000fda1                Phys::physicalMemorySetup(unsigned int)
 .text          0x00000000c000ffde      0x273 core/pipe.32
                0x00000000c000ffde                Pipe::isAtty()
                0x00000000c000ffe2                Pipe::~Pipe()
                0x00000000c000ffe2                Pipe::~Pipe()
                0x00000000c0010006                Pipe::~Pipe()
                0x00000000c001002e                Pipe::read(unsigned long long, void*, int*)
                0x00000000c001012a                Pipe::write(unsigned long long, void*, int*)
                0x00000000c00101ea                Pipe::Pipe(int)
                0x00000000c00101ea                Pipe::Pipe(int)
 *fill*         0x00000000c0010251        0x1 
 .text          0x00000000c0010252      0xb93 core/terminal.32
                0x00000000c0010252                VgaText::isAtty()
                0x00000000c0010256                VgaText::~VgaText()
                0x00000000c0010256                VgaText::~VgaText()
                0x00000000c001027a                VgaText::~VgaText()
                0x00000000c00102a4                VgaText::read(unsigned long long, void*, int*)
                0x00000000c00102c4                setTerminalScrollLock(bool)
                0x00000000c00102c5                addToTerminalCycle(VgaText*)
                0x00000000c00102e6                installVgaTextImplementation()
                0x00000000c00102fb                scrollTerminalScrollLock(int)
                0x00000000c00102fc                VgaText::updateTitle()
                0x00000000c001033a                VgaText::load()
                0x00000000c0010388                VgaText::updateCursor()
                0x00000000c001039e                VgaText::doANSI_SGR(int)
                0x00000000c0010412                VgaText::setDefaultBgColour(VgaColour)
                0x00000000c0010422                VgaText::setDefaultFgColour(VgaColour)
                0x00000000c0010432                VgaText::setDefaultColours(VgaColour, VgaColour)
                0x00000000c0010452                VgaText::setTitleTextColour(VgaColour)
                0x00000000c0010462                VgaText::setTitleColour(VgaColour)
                0x00000000c0010472                VgaText::setTitle(char*)
                0x00000000c0010498                VgaText::combineColours(unsigned char, unsigned char)
                0x00000000c00104aa                VgaText::scrollScreen()
                0x00000000c001053e                VgaText::combineCharAndColour(char, unsigned char)
                0x00000000c0010550                VgaText::writeCharacter(char, VgaColour, VgaColour, int, int)
                0x00000000c00105ac                VgaText::getCursorX()
                0x00000000c00105b4                VgaText::getCursorY()
                0x00000000c00105bc                VgaText::setCursor(int, int)
                0x00000000c00105d3                setActiveTerminal(VgaText*)
                0x00000000c0010635                doTerminalCycle()
                0x00000000c0010650                VgaText::setCursorX(int)
                0x00000000c0010668                VgaText::setCursorY(int)
                0x00000000c0010680                VgaText::incrementCursor(bool)
                0x00000000c00106d4                VgaText::decrementCursor(bool)
                0x00000000c00106f6                VgaText::putchar(char, VgaColour, VgaColour)
                0x00000000c00107ce                VgaText::doUpdate()
                0x00000000c00107dc                VgaText::puts(char const*, VgaColour, VgaColour)
                0x00000000c0010954                VgaText::clearScreen()
                0x00000000c00109ae                VgaText::putchar(char)
                0x00000000c0010a9a                VgaText::putx(unsigned int)
                0x00000000c0010ae0                VgaText::puts(char const*)
                0x00000000c0010b06                VgaText::VgaText(char const*)
                0x00000000c0010b06                VgaText::VgaText(char const*)
                0x00000000c0010c84                VgaText::receiveKey(unsigned char)
                0x00000000c0010d6c                VgaText::write(unsigned long long, void*, int*)
                0x00000000c0010dc0                newTerminal(char*)
 *fill*         0x00000000c0010de5        0x1 
 .text          0x00000000c0010de6      0x19d core/tss.32
                0x00000000c0010de6                TSS::TSS()
                0x00000000c0010de6                TSS::TSS()
                0x00000000c0010df4                TSS::setESP(unsigned long)
                0x00000000c0010e06                TSS::flush()
                0x00000000c0010e26                TSS::setup(unsigned long, unsigned long)
 *fill*         0x00000000c0010f83        0x1 
 .text          0x00000000c0010f84      0x4c2 core/unixfile.32
                0x00000000c0010f84                ReservedFilename::read(unsigned long long, void*, int*)
                0x00000000c0010fda                ReservedFilename::isAtty()
                0x00000000c0010ff6                ReservedFilename::write(unsigned long long, void*, int*)
                0x00000000c0011054                UnixFile::getFileDescriptor()
                0x00000000c001105c                UnixFile::UnixFile(int)
                0x00000000c001105c                UnixFile::UnixFile(int)
                0x00000000c001120c                ReservedFilename::ReservedFilename(int)
                0x00000000c001120c                ReservedFilename::ReservedFilename(int)
                0x00000000c001123e                UnixFile::~UnixFile()
                0x00000000c001123e                UnixFile::~UnixFile()
                0x00000000c00112d6                UnixFile::~UnixFile()
                0x00000000c00112fe                ReservedFilename::~ReservedFilename()
                0x00000000c00112fe                ReservedFilename::~ReservedFilename()
                0x00000000c0011322                ReservedFilename::~ReservedFilename()
                0x00000000c0011349                getFromFileDescriptor(int)
 .text          0x00000000c0011446     0x12cd core/virtmgr.32
                0x00000000c0011446                Virt::setPageState(unsigned long, Virt::VirtPageState)
                0x00000000c001147b                Virt::getPageState(unsigned long)
                0x00000000c001149f                Virt::allocateKernelVirtualPages(int)
                0x00000000c00115b0                Virt::freeSwapfilePage(unsigned long)
                0x00000000c00115ce                Virt::swapIDToSector(unsigned long)
                0x00000000c00115e0                Virt::allocateSwapfilePage()
                0x00000000c001165e                Virt::virtualMemorySetup()
                0x00000000c00116a9                Virt::setupPageSwapping(int)
                0x00000000c001171a                VAS::VAS()
                0x00000000c001171a                VAS::VAS()
                0x00000000c0011756                VAS::VAS(VAS*)
                0x00000000c0011756                VAS::VAS(VAS*)
                0x00000000c0011784                VAS::getForeignPageTableEntry(bool, unsigned long)
                0x00000000c00117b0                VAS::getPageTableEntry(unsigned long)
                0x00000000c00117cf                Virt::freeKernelVirtualPages(unsigned long)
                0x00000000c00118f2                VAS::freeAllocatedPages(unsigned long)
                0x00000000c0011916                VAS::virtualToPhysical(unsigned long)
                0x00000000c001192e                VAS::reflagRange(unsigned long, int, int, int)
                0x00000000c001196e                VAS::setToWriteCombining(unsigned long, int)
                0x00000000c00119a0                VAS::mapOtherVASIn(bool, VAS*)
                0x00000000c00119ca                VAS::~VAS()
                0x00000000c00119ca                VAS::~VAS()
                0x00000000c0011b46                VAS::mapPage(unsigned long, unsigned long, int)
                0x00000000c0011c48                VAS::allocatePages(int, int)
                0x00000000c0011e20                VAS::setCPUSpecific(unsigned long)
                0x00000000c0011e3c                VAS::mapRange(unsigned long, unsigned long, int, int)
                0x00000000c0011f02                VAS::mapForeignPage(bool, VAS*, unsigned long, unsigned long, int)
                0x00000000c0011ff0                VAS::VAS(bool)
                0x00000000c0011ff0                VAS::VAS(bool)
                0x00000000c0012270                VAS::evict(unsigned long)
                0x00000000c0012378                VAS::tryLoadBackOffDisk(unsigned long)
                0x00000000c0012500                VAS::scanForEviction()
                0x00000000c00125e7                mapVASFirstTime
 .text          0x00000000c0012713       0x95 coreobjs/c++.32
                0x00000000c0012713                __cxa_atexit
                0x00000000c0012716                __cxa_finalize
                0x00000000c0012717                __stack_chk_fail
                0x00000000c0012783                __cxa_pure_virtual
                0x00000000c0012794                operator new[](unsigned long)
                0x00000000c0012799                operator delete(void*, unsigned long)
                0x00000000c001279e                operator delete[](void*)
                0x00000000c00127a3                operator delete[](void*, unsigned long)
 .text          0x00000000c00127a8      0x1e7 dbg/kconsole.32
                0x00000000c00127a8                Dbg::stringifyxWithBase(unsigned int, char*, int)
                0x00000000c0012801                Dbg::logc(char)
                0x00000000c0012818                Dbg::logs(char*)
                0x00000000c0012835                Dbg::logWriteInt(unsigned int)
                0x00000000c0012852                Dbg::logWriteIntBase(unsigned int, int)
                0x00000000c0012871                Dbg::kprintf(char const*, ...)
 *fill*         0x00000000c001298f        0x1 
 .text          0x00000000c0012990      0xb82 fs/vfs.32
                0x00000000c0012990                File::read(unsigned long long, void*, int*)
                0x00000000c00129e8                File::write(unsigned long long, void*, int*)
                0x00000000c0012a40                Directory::read(unsigned long long, void*, int*)
                0x00000000c0012a98                Directory::write(unsigned long long, void*, int*)
                0x00000000c0012ac6                File::isAtty()
                0x00000000c0012aca                Directory::isAtty()
                0x00000000c0012ace                Filesystem::getlabel(LogicalDisk*, int, char*, unsigned int*)
                0x00000000c0012ad4                Filesystem::setlabel(LogicalDisk*, int, char*)
                0x00000000c0012ada                Filesystem::allocateSwapfile(char const*, int)
                0x00000000c0012ae0                File::~File()
                0x00000000c0012ae0                File::~File()
                0x00000000c0012b04                File::~File()
                0x00000000c0012b2e                Directory::~Directory()
                0x00000000c0012b2e                Directory::~Directory()
                0x00000000c0012b52                Directory::~Directory()
                0x00000000c0012b7c                Filesystem::Filesystem()
                0x00000000c0012b7c                Filesystem::Filesystem()
                0x00000000c0012ba0                Filesystem::~Filesystem()
                0x00000000c0012ba0                Filesystem::~Filesystem()
                0x00000000c0012bae                Filesystem::~Filesystem()
                0x00000000c0012bd2                Fs::getcwd(Process*, char*, int)
                0x00000000c0012bfc                Fs::initVFS()
                0x00000000c0012c26                Fs::standardiseFiles(char*, char const*, char const*)
                0x00000000c0012dd0                File::File(char const*, Process*)
                0x00000000c0012dd0                File::File(char const*, Process*)
                0x00000000c0012e34                File::open(FileOpenMode)
                0x00000000c0012e92                File::close()
                0x00000000c0012ef2                File::seek(unsigned long long)
                0x00000000c0012f48                File::tell(unsigned long long*)
                0x00000000c0012f98                File::rewind()
                0x00000000c0012fac                File::unlink()
                0x00000000c0012ff8                File::rename(char const*)
                0x00000000c0013046                File::chfatattr(unsigned char, unsigned char)
                0x00000000c00130a2                File::exists()
                0x00000000c00130e0                File::stat(unsigned long long*, bool*)
                0x00000000c0013141                Fs::setcwd(Process*, char*)
                0x00000000c001327c                Directory::Directory(char const*, Process*)
                0x00000000c001327c                Directory::Directory(char const*, Process*)
                0x00000000c00132e0                Directory::open()
                0x00000000c001333c                Directory::close()
                0x00000000c001339c                Directory::unlink()
                0x00000000c00133e8                Directory::rename(char const*)
                0x00000000c0013436                Directory::exists()
                0x00000000c0013474                Directory::read(dirent*)
                0x00000000c00134c0                Directory::create()
                0x00000000c001350c                Filesystem::chfatattr(char const*, unsigned char, unsigned char)
 .text          0x00000000c0013512       0x84 hal/bus.32
                0x00000000c0013512                Bus::Bus(char const*)
                0x00000000c0013512                Bus::Bus(char const*)
                0x00000000c0013548                Bus::~Bus()
                0x00000000c0013548                Bus::~Bus()
                0x00000000c001356c                Bus::~Bus()
 .text          0x00000000c0013596      0x156 hal/buzzer.32
                0x00000000c0013596                Buzzer::Buzzer(char const*)
                0x00000000c0013596                Buzzer::Buzzer(char const*)
                0x00000000c00135da                Buzzer::~Buzzer()
                0x00000000c00135da                Buzzer::~Buzzer()
                0x00000000c00135fe                Buzzer::~Buzzer()
                0x00000000c0013628                Buzzer::stop()
                0x00000000c001363b                beepThread(void*)
                0x00000000c001367e                Buzzer::beep(int, int, bool)
 .text          0x00000000c00136ec      0x467 hal/clock.32
                0x00000000c00136ec                User::loadClockSettings(int)
                0x00000000c001373e                Clock::Clock(char const*)
                0x00000000c001373e                Clock::Clock(char const*)
                0x00000000c0013774                Clock::~Clock()
                0x00000000c0013774                Clock::~Clock()
                0x00000000c0013798                Clock::~Clock()
                0x00000000c00137c2                Clock::timeInSecondsLocal()
                0x00000000c001380a                Clock::setTimeInSecondsLocal(unsigned long long)
                0x00000000c0013863                datetimeToSeconds(datetime_t)
                0x00000000c001398a                Clock::setTimeInDatetimeLocal(datetime_t)
                0x00000000c00139ea                secondsToDatetime(unsigned long long)
                0x00000000c0013b2e                Clock::timeInDatetimeLocal()
 *fill*         0x00000000c0013b53        0x1 
 .text          0x00000000c0013b54      0x504 hal/device.32
                0x00000000c0013b54                Device::hibernate()
                0x00000000c0013b56                Device::wake()
                0x00000000c0013b58                Device::detect()
                0x00000000c0013b5a                Device::disableLegacy()
                0x00000000c0013b5c                Device::powerSaving(PowerSavingLevel)
                0x00000000c0013b5e                DriverlessDevice::close(int, int, void*)
                0x00000000c0013b62                DriverlessDevice::detect()
                0x00000000c0013b64                DriverlessDevice::open(int, int, void*)
                0x00000000c0013b78                Device::~Device()
                0x00000000c0013b78                Device::~Device()
                0x00000000c0013b86                Device::~Device()
                0x00000000c0013bae                Device::findAndLoadDriver()
                0x00000000c0013bbc                Device::preOpenPCI(PCIDeviceInfo)
                0x00000000c0013be2                Device::preOpenACPI(void*, char*, char*)
                0x00000000c0013c22                Device::addIRQHandler(int, void (*)(regs*, void*), bool, void*)
                0x00000000c0013c60                Device::getParent()
                0x00000000c0013c6c                Device::removeIRQHandler(int, void (*)(regs*, void*), bool)
                0x00000000c0013caa                Device::addChild(Device*)
                0x00000000c0013cee                Device::removeAllChildren()
                0x00000000c0013d34                Device::hibernateAll()
                0x00000000c0013d64                Device::wakeAll()
                0x00000000c0013d94                Device::detectAll()
                0x00000000c0013dc4                Device::disableLegacyAll()
                0x00000000c0013df4                Device::loadDriversForAll()
                0x00000000c0013e34                Device::closeAll()
                0x00000000c0013e6a                Device::powerSavingAll(PowerSavingLevel)
                0x00000000c0013ea0                Device::setName(char const*)
                0x00000000c0013eae                Device::Device(char const*)
                0x00000000c0013eae                Device::Device(char const*)
                0x00000000c0013faa                Device::getName()
                0x00000000c0013fb4                DriverlessDevice::DriverlessDevice(char const*)
                0x00000000c0013fb4                DriverlessDevice::DriverlessDevice(char const*)
                0x00000000c0013fea                Device::addToLinkedList(LinkedList<Device>&, DeviceType)
                0x00000000c001402e                getDevicesOfType(DeviceType)
 .text          0x00000000c0014058       0x84 hal/diskctrl.32
                0x00000000c0014058                HardDiskController::HardDiskController(char const*)
                0x00000000c0014058                HardDiskController::HardDiskController(char const*)
                0x00000000c001408e                HardDiskController::~HardDiskController()
                0x00000000c001408e                HardDiskController::~HardDiskController()
                0x00000000c00140b2                HardDiskController::~HardDiskController()
 .text          0x00000000c00140dc       0xe2 hal/diskphys.32
                0x00000000c00140dc                PhysicalDisk::eject()
                0x00000000c00140e0                PhysicalDisk::PhysicalDisk(char const*, int)
                0x00000000c00140e0                PhysicalDisk::PhysicalDisk(char const*, int)
                0x00000000c0014148                PhysicalDisk::startCache()
                0x00000000c0014170                PhysicalDisk::~PhysicalDisk()
                0x00000000c0014170                PhysicalDisk::~PhysicalDisk()
                0x00000000c0014194                PhysicalDisk::~PhysicalDisk()
 .text          0x00000000c00141be      0x13b hal/fpu.32
                0x00000000c00141be                FPU::FPU(char const*)
                0x00000000c00141be                FPU::FPU(char const*)
                0x00000000c00141f4                FPU::~FPU()
                0x00000000c00141f4                FPU::~FPU()
                0x00000000c0014218                FPU::~FPU()
                0x00000000c0014242                setupFPU()
 *fill*         0x00000000c00142f9        0x1 
 .text          0x00000000c00142fa     0x143b hal/intctrl.32
                0x00000000c00142fa                InterruptController::uninstallISRHandler(int, void (*)(regs*, void*))
                0x00000000c0014332                InterruptController::installISRHandler(int, void (*)(regs*, void*), void*)
                0x00000000c0014384                doubleFault(regs*, void*)
                0x00000000c001439e                InterruptController::installIRQHandler(int, void (*)(regs*, void*), bool, void*)
                0x00000000c001443a                InterruptController::clearAllHandlers(int, bool)
                0x00000000c00144e2                InterruptController::uninstallIRQHandler(int, void (*)(regs*, void*), bool)
                0x00000000c0014569                nmiHandler(regs*, void*)
                0x00000000c0014577                int_handler
                0x00000000c0014618                InterruptController::InterruptController(char const*)
                0x00000000c0014618                InterruptController::InterruptController(char const*)
                0x00000000c00146be                InterruptController::~InterruptController()
                0x00000000c00146be                InterruptController::~InterruptController()
                0x00000000c00146e2                InterruptController::~InterruptController()
                0x00000000c001470c                displayDebugInfo(regs*)
                0x00000000c0014b9b                x87EmulHandler(regs*, void*)
                0x00000000c0014c0e                gpFault(regs*, void*)
                0x00000000c0014c47                pgFault(regs*, void*)
                0x00000000c0014c96                otherISRHandler(regs*, void*)
                0x00000000c0014cb5                opcodeFault(regs*, void*)
                0x00000000c00152d2                displayProgramFault(char const*)
                0x00000000c00152fa                setupInterruptController()
                0x00000000c00156e8                InterruptController::convertLegacyIRQNumber(int)
 *fill*         0x00000000c0015735        0x1 
 .text          0x00000000c0015736      0x784 hal/keybrd.32
                0x00000000c0015736                startGUI(void*)
                0x00000000c00157a2                startGUIVESA(void*)
                0x00000000c001580e                sendKeyToTerminal(unsigned char)
                0x00000000c00158cc                sendKeyboardToken(KeyboardToken)
                0x00000000c0015d09                clearInternalKeybuffer(VgaText*)
                0x00000000c0015d3e                readKeyboard(VgaText*, char*, unsigned long)
                0x00000000c0015e30                Keyboard::Keyboard(char const*)
                0x00000000c0015e30                Keyboard::Keyboard(char const*)
                0x00000000c0015e6c                Keyboard::~Keyboard()
                0x00000000c0015e6c                Keyboard::~Keyboard()
                0x00000000c0015e90                Keyboard::~Keyboard()
 .text          0x00000000c0015eba      0x3ea hal/logidisk.32
                0x00000000c0015eba                LogicalDisk::close(int, int, void*)
                0x00000000c0015ebe                LogicalDisk::~LogicalDisk()
                0x00000000c0015ebe                LogicalDisk::~LogicalDisk()
                0x00000000c0015ee2                LogicalDisk::~LogicalDisk()
                0x00000000c0015f0c                LogicalDisk::open(int, int, void*)
                0x00000000c0015f20                LogicalDisk::absoluteToRelative(unsigned long long)
                0x00000000c0015f58                LogicalDisk::relativeToAbsolute(unsigned long long)
                0x00000000c0015f9e                LogicalDisk::LogicalDisk(char const*, PhysicalDisk*, unsigned long long, unsigned long long)
                0x00000000c0015f9e                LogicalDisk::LogicalDisk(char const*, PhysicalDisk*, unsigned long long, unsigned long long)
                0x00000000c0016054                LogicalDisk::assignDriveLetter()
                0x00000000c001610a                LogicalDisk::mount()
                0x00000000c0016152                LogicalDisk::unmount()
                0x00000000c0016162                LogicalDisk::eject()
                0x00000000c0016176                LogicalDisk::unassignDriveLetter()
                0x00000000c00161cc                LogicalDisk::read(unsigned long long, int, void*)
                0x00000000c0016238                LogicalDisk::write(unsigned long long, int, void*)
 .text          0x00000000c00162a4       0x84 hal/mouse.32
                0x00000000c00162a4                Mouse::Mouse(char const*)
                0x00000000c00162a4                Mouse::Mouse(char const*)
                0x00000000c00162da                Mouse::~Mouse()
                0x00000000c00162da                Mouse::~Mouse()
                0x00000000c00162fe                Mouse::~Mouse()
 .text          0x00000000c0016328      0x339 hal/partition.32
                0x00000000c0016328                makePartition(PhysicalDisk*, unsigned long long, unsigned long long)
                0x00000000c00163d0                createPartitionsForDisk(PhysicalDisk*)
 *fill*         0x00000000c0016661        0x1 
 .text          0x00000000c0016662       0x84 hal/serial.32
                0x00000000c0016662                Serial::Serial(char const*)
                0x00000000c0016662                Serial::Serial(char const*)
                0x00000000c0016698                Serial::~Serial()
                0x00000000c0016698                Serial::~Serial()
                0x00000000c00166bc                Serial::~Serial()
 .text          0x00000000c00166e6      0x2f3 hal/timer.32
                0x00000000c00166e6                Timer::Timer(char const*)
                0x00000000c00166e6                Timer::Timer(char const*)
                0x00000000c001671c                Timer::~Timer()
                0x00000000c001671c                Timer::~Timer()
                0x00000000c0016740                Timer::~Timer()
                0x00000000c001676a                Timer::read()
                0x00000000c0016775                timerHandler(unsigned long long)
                0x00000000c00168e7                setupTimer(int)
 *fill*         0x00000000c00169d9        0x1 
 .text          0x00000000c00169da      0x484 hal/vcache.32
                0x00000000c00169da                VCache::VCache(PhysicalDisk*)
                0x00000000c00169da                VCache::VCache(PhysicalDisk*)
                0x00000000c0016b42                VCache::invalidateReadBuffer()
                0x00000000c0016b52                VCache::writeWriteBuffer()
                0x00000000c0016b9e                VCache::~VCache()
                0x00000000c0016b9e                VCache::~VCache()
                0x00000000c0016bf2                VCache::~VCache()
                0x00000000c0016c1a                VCache::write(unsigned long long, int, void*)
                0x00000000c0016d44                VCache::read(unsigned long long, int, void*)
 .text          0x00000000c0016e5e      0x4b3 hal/video.32
                0x00000000c0016e5e                Video::putrect(int, int, int, int, unsigned int)
                0x00000000c0016eaa                Video::bitblit(int, int, int, int, int, int, int, unsigned int*)
                0x00000000c0016f1a                Video::blit(unsigned int*, int, int, int, int)
                0x00000000c0016f98                Video::clearScreen(unsigned int)
                0x00000000c0016fcc                Video::putpixel(int, int, unsigned int)
                0x00000000c0016fda                Video::Video(char const*)
                0x00000000c0016fda                Video::Video(char const*)
                0x00000000c0017010                Video::~Video()
                0x00000000c0017010                Video::~Video()
                0x00000000c0017034                Video::~Video()
                0x00000000c001705e                Video::isMonochrome()
                0x00000000c001706a                Video::getWidth()
                0x00000000c0017076                Video::getHeight()
                0x00000000c0017082                Video::drawCursor(int, int, unsigned char*, int)
                0x00000000c001713e                Video::tgaParse(unsigned char*, int, int*, int*)
                0x00000000c00172a6                Video::putTGA(int, int, unsigned char*, int)
 *fill*         0x00000000c0017311        0x1 
 .text          0x00000000c0017312     0x11c9 hw/acpi.32
                0x00000000c0017312                ACPI::close(int, int, void*)
                0x00000000c00173b7                findRSDP()
                0x00000000c0017441                loadACPITables(unsigned char*)
                0x00000000c0017698                findRSDT(unsigned char*)
                0x00000000c00177e2                findDataTable(unsigned char*, char*)
                0x00000000c0017854                scanMADT()
                0x00000000c0017cc2                ACPI::ACPI()
                0x00000000c0017cc2                ACPI::ACPI()
                0x00000000c0017d16                ACPI::getPCIIRQAssignment(unsigned char, unsigned short, unsigned char)
                0x00000000c0017df8                ACPI::registerPCIIRQAssignment(void*, unsigned short, unsigned char, unsigned char)
                0x00000000c0017ebe                ACPI::setScreenBrightnessLevel(void*, int)
                0x00000000c0017ec4                ACPI::detectPCI()
                0x00000000c00180c6                ACPI::writeSimpleBootFlag(SimpleBootFlagTable*)
                0x00000000c001810e                ACPI::sleep()
                0x00000000c0018126                ACPI::open(int, int, void*)
 *fill*         0x00000000c00184db        0x1 
 .text          0x00000000c00184dc     0x1525 hw/cpu.32
                0x00000000c00184dc                CPU::close(int, int, void*)
                0x00000000c00184e0                CPU::lookupAMDName(unsigned char, unsigned char)
                0x00000000c0018674                CPU::lookupIntelName(unsigned char, unsigned char)
                0x00000000c0018922                CPU::AMD_K6_write_msr(unsigned int, unsigned int, unsigned int, CPU::REGS*)
                0x00000000c001893e                CPU::AMD_K6_read_msr(unsigned int, CPU::REGS*)
                0x00000000c0018956                CPU::AMD_K6_writeback(int, int, int)
                0x00000000c00189ca                CPU::cpuid(int, unsigned long*, unsigned long*, unsigned long*, unsigned long*)
                0x00000000c0018a4e                CPU::cpuidCheckEDX(unsigned int)
                0x00000000c0018a7c                CPU::cpuidCheckECX(unsigned int)
                0x00000000c0018aaa                CPU::cpuidCheckExtendedEBX(unsigned int)
                0x00000000c0018ad8                CPU::cpuidCheckExtendedECX(unsigned int)
                0x00000000c0018b06                CPU::CPU()
                0x00000000c0018b06                CPU::CPU()
                0x00000000c0018b94                CPU::displayFeatures()
                0x00000000c0018b96                CPU::detectFeatures()
                0x00000000c0019588                CPU::setupSMEP()
                0x00000000c0019594                CPU::setupUMIP()
                0x00000000c001959e                CPU::setupTSC()
                0x00000000c00195a8                CPU::setupLargePages()
                0x00000000c00195b2                CPU::setupPAT()
                0x00000000c00195ee                CPU::setupMTRR()
                0x00000000c00195f0                CPU::setupGlobalPages()
                0x00000000c00195fa                CPU::allowUsermodeDataAccess()
                0x00000000c001960c                CPU::prohibitUsermodeDataAccess()
                0x00000000c001961e                CPU::setupSMAP()
                0x00000000c001962c                CPU::setupFeatures()
                0x00000000c00196ac                CPU::open(int, int, void*)
                0x00000000c0019806                CPU::decodeAddress(regs*, int*, bool*, unsigned char*)
 .text          0x00000000c0019a01        0x0 hw/ports.32
 .text          0x00000000c0019a01      0x16a hw/smp.32
                0x00000000c0019a01                Krnl::smpEntry()
                0x00000000c0019a03                Krnl::startCPU(int)
                0x00000000c0019b4c                Krnl::startCPUs()
 *fill*         0x00000000c0019b6b        0x1 
 .text          0x00000000c0019b6c      0x581 krnl/env.32
                0x00000000c0019b6c                EnvVarContainer::getEnv(char const*)
                0x00000000c0019baa                EnvVarContainer::setEnv(char const*, char const*)
                0x00000000c0019c6c                EnvVarContainer::deleteEnv(char const*)
                0x00000000c0019c6e                EnvVarContainer::loadFrom(char const*, char const*)
                0x00000000c0019e54                EnvVarContainer::__loadSystem()
                0x00000000c0019e6e                EnvVarContainer::__loadUser()
                0x00000000c0019e70                EnvVarContainer::EnvVarContainer(Process*)
                0x00000000c0019e70                EnvVarContainer::EnvVarContainer(Process*)
                0x00000000c0019e92                EnvVarContainer::~EnvVarContainer()
                0x00000000c0019e92                EnvVarContainer::~EnvVarContainer()
                0x00000000c0019ec2                Krnl::getEnv(Process*, char const*)
                0x00000000c0019f27                Krnl::setEnvSystem(char const*, char const*)
                0x00000000c0019f41                Krnl::setEnvUser(char const*, char const*)
                0x00000000c0019f60                Krnl::setEnvProcess(Process*, char const*, char const*)
                0x00000000c0019f73                Krnl::deleteEnvSystem(char const*)
                0x00000000c0019f74                Krnl::deleteEnvUser(char const*)
                0x00000000c0019f75                Krnl::deleteEnvProcess(Process*, char const*)
                0x00000000c0019f76                Krnl::newProcessEnv(Process*)
                0x00000000c0019f98                Krnl::copyProcessEnv(Process*, Process*)
                0x00000000c0019fe4                Krnl::loadSystemEnv()
                0x00000000c001a012                Krnl::loadUserEnv()
                0x00000000c001a038                Krnl::flushEnv()
                0x00000000c001a039                Krnl::getProcessTotalEnvCount(Process*)
                0x00000000c001a059                Krnl::getProcessEnvPair(Process*, int)
 .text          0x00000000c001a0ed      0x39c krnl/panic.32
                0x00000000c001a0ed                Krnl::panic(char const*)
 .text          0x00000000c001a489      0x57f net/ethernet.32
                0x00000000c001a489                Net::switchEndian16(unsigned short)
                0x00000000c001a4aa                Net::switchEndian32(unsigned int)
                0x00000000c001a4d9                Net::crc32Calc(unsigned char*, int)
                0x00000000c001a56a                Net::wrapEthernetFrame(Net::UnwrappedEthernetFrame, unsigned char*)
                0x00000000c001a77d                Net::unwrapEthernetFrame(unsigned char*, int)
 .text          0x00000000c001aa08      0x50e reg/registry.32
                0x00000000c001aa08                Reg::findLineFromLoadedData(char*, char*, char*)
                0x00000000c001ab60                Reg::getLineFromRegistry(char*, char*, char*, char*)
                0x00000000c001acb5                Reg::getLine(char*, char*, char*)
                0x00000000c001acec                Reg::readInt(char*, char*, int*)
                0x00000000c001add7                Reg::readString(char*, char*, char*, int)
                0x00000000c001ae58                Reg::readBool(char*, char*, bool*)
                0x00000000c001ae7d                Reg::readBoolWithDefault(char*, char*, bool)
                0x00000000c001aea9                Reg::readIntWithDefault(char*, char*, int)
                0x00000000c001aed5                Reg::readStringWithDefault(char*, char*, char*, int, char*)
 .text          0x00000000c001af16       0x36 sys/sc_eject.32
                0x00000000c001af16                Sys::eject(regs*)
 .text          0x00000000c001af4c       0x18 sys/sc_exit.32
                0x00000000c001af4c                Sys::exit(regs*)
 .text          0x00000000c001af64       0x1f sys/sc_getcwd.32
                0x00000000c001af64                Sys::getCwd(regs*)
 .text          0x00000000c001af83        0xc sys/sc_getpid.32
                0x00000000c001af83                Sys::getPID(regs*)
 .text          0x00000000c001af8f       0x1a sys/sc_getramdata.32
                0x00000000c001af8f                Sys::getRAMData(regs*)
 .text          0x00000000c001afa9       0x84 sys/sc_getvgaptr.32
                0x00000000c001afa9                Sys::getVGAPtr(regs*)
 .text          0x00000000c001b02d       0xa8 sys/sc_loaddll.32
                0x00000000c001b02d                Sys::loadDLL(regs*)
 .text          0x00000000c001b0d5       0x68 sys/sc_read.32
                0x00000000c001b0d5                Sys::read(regs*)
 .text          0x00000000c001b13d       0x55 sys/sc_sbrk.32
                0x00000000c001b13d                Sys::sbrk(regs*)
 .text          0x00000000c001b192       0x1c sys/sc_setcwd.32
                0x00000000c001b192                Sys::setCwd(regs*)
 .text          0x00000000c001b1ae       0x95 sys/sc_settime.32
                0x00000000c001b1ae                Sys::setTime(regs*)
 .text          0x00000000c001b243       0x4a sys/sc_timezone.32
                0x00000000c001b243                Sys::timezone(regs*)
 .text          0x00000000c001b28d       0x68 sys/sc_write.32
                0x00000000c001b28d                Sys::write(regs*)
 .text          0x00000000c001b2f5       0x62 sys/sc_wsbe.32
                0x00000000c001b2f5                Sys::wsbe(regs*)
 .text          0x00000000c001b357       0x46 sys/sc_yield.32
                0x00000000c001b357                Sys::yield(regs*)
 .text          0x00000000c001b39d      0xf84 sys/syscalls.32
                0x00000000c001b39d                sysCallSeekDir(regs*)
                0x00000000c001b3a2                sysCallTellDir(regs*)
                0x00000000c001b3a7                sysCallVerify(regs*)
                0x00000000c001b3b1                sysCallGetArgc(regs*)
                0x00000000c001b3c1                sysFormatDisk(regs*)
                0x00000000c001b42b                sysSetDiskVolumeLabel(regs*)
                0x00000000c001b471                sysGetDiskVolumeLabel(regs*)
                0x00000000c001b4c2                sysShutdown(regs*)
                0x00000000c001b520                sysCallRealpath(regs*)
                0x00000000c001b563                sysCallReadDir(regs*)
                0x00000000c001b5e2                sysCallIsATTY(regs*)
                0x00000000c001b63c                sysCallSeek(regs*)
                0x00000000c001b693                sysCallTell(regs*)
                0x00000000c001b6ff                sysCallSize(regs*)
                0x00000000c001b771                sysCallSizeFromFilename(regs*)
                0x00000000c001b820                sysCallClose(regs*)
                0x00000000c001b880                sysCallOpenDir(regs*)
                0x00000000c001b8f5                sysCallCloseDir(regs*)
                0x00000000c001b949                sysCallMakeDir(regs*)
                0x00000000c001b9b9                sysCallWait(regs*)
                0x00000000c001b9d3                sysCallNotImpl(regs*)
                0x00000000c001b9ee                sysPanic(regs*)
                0x00000000c001ba08                sysCallRmdir(regs*)
                0x00000000c001ba6c                sysCallUnlink(regs*)
                0x00000000c001bad0                sysCallGetArgv(regs*)
                0x00000000c001bb1c                sysCallTTYName(regs*)
                0x00000000c001bb9f                sysCallUSleep(regs*)
                0x00000000c001bbc6                sysCallSpawn(regs*)
                0x00000000c001bc2e                sysCallGetEnv(regs*)
                0x00000000c001bcdb                sysAppSettings(regs*)
                0x00000000c001bdef                sysSetFatAttrib(regs*)
                0x00000000c001be61                sysPipe(regs*)
                0x00000000c001bea6                sysGetUnixTime(regs*)
                0x00000000c001beba                string_ends_with(char const*, char const*)
                0x00000000c001bf02                sysCallOpen(regs*)
                0x00000000c001c0ea                Sys::loadSyscalls()
                0x00000000c001c2df                Sys::systemCall(regs*, void*)
 .text          0x00000000c001c321     0x1203 thr/elf.32
                0x00000000c001c321                Thr::allocateMemoryForTask(Process*, File*, unsigned long, unsigned long, unsigned long)
                0x00000000c001c5cb                Thr::loadProgramIntoMemory(Process*, char const*)
                0x00000000c001c7e1                Thr::runtimeReferenceHelper()
                0x00000000c001c7f4                Thr::getAddressOfKernelSymbol(char const*)
                0x00000000c001c843                Thr::loadKernelSymbolTable(char const*)
                0x00000000c001cb01                Thr::loadDriverIntoMemory(char const*, unsigned long, bool)
                0x00000000c001d237                Thr::getDriverBaseFromAddress(unsigned long)
                0x00000000c001d269                Thr::getDriverNameFromAddress(unsigned long)
                0x00000000c001d2a0                Thr::getDriverOffsetFromAddress(unsigned long)
                0x00000000c001d2ba                Thr::loadDLL(char const*, bool)
                0x00000000c001d4eb                Thr::executeDLL(unsigned long, void*)
 .text          0x00000000c001d524     0x11ff thr/prcssthr.32
                0x00000000c001d524                userModeEntryPoint(void*)
                0x00000000c001d54a                changeTSS
                0x00000000c001d57a                switchToThread(ThreadControlBlock*)
                0x00000000c001d624                Process::addArgs(char**)
                0x00000000c001d67e                Process::Process(char const*, Process*, char**)
                0x00000000c001d67e                Process::Process(char const*, Process*, char**)
                0x00000000c001d862                Process::Process(bool, char const*, Process*, char**)
                0x00000000c001d862                Process::Process(bool, char const*, Process*, char**)
                0x00000000c001da11                taskStartupFunction
                0x00000000c001da1a                Semaphore::Semaphore(int)
                0x00000000c001da1a                Semaphore::Semaphore(int)
                0x00000000c001da48                Mutex::Mutex()
                0x00000000c001da48                Mutex::Mutex()
                0x00000000c001da5a                Process::createThread(void (*)(void*), void*, int)
                0x00000000c001db60                Process::createUserThread()
                0x00000000c001db7c                setupMultitasking(void (*)())
                0x00000000c001dc7f                schedule()
                0x00000000c001dd04                Semaphore::tryAcquire()
                0x00000000c001ddc0                Semaphore::assertLocked(char const*)
                0x00000000c001de2f                blockTaskWithSchedulerLockAlreadyHeld(TaskState)
                0x00000000c001de55                blockTask(TaskState)
                0x00000000c001de82                waitTask(int, int*, int)
                0x00000000c001dec4                nanoSleepUntil(unsigned long long)
                0x00000000c001df59                nanoSleep(unsigned long long)
                0x00000000c001df71                sleep(unsigned long long)
                0x00000000c001df8e                Semaphore::acquire()
                0x00000000c001e03f                taskReturned
                0x00000000c001e07a                Thr::processFromPID(int)
                0x00000000c001e111                unblockTask(ThreadControlBlock*)
                0x00000000c001e1a6                cleanupTerminatedTask(ThreadControlBlock*)
                0x00000000c001e44d                cleanerTaskFunction(void*)
                0x00000000c001e52e                terminateTask(int)
                0x00000000c001e5ed                Thr::terminateFromIRQ(int)
                0x00000000c001e5fa                Semaphore::release()
 .text          0x00000000c001e723      0xada vm86/vm8086.32
                0x00000000c001e723                Vm::inbv(unsigned short)
                0x00000000c001e736                Vm::outbv(unsigned short, unsigned char)
                0x00000000c001e76c                Vm::realToLinear(unsigned short, unsigned short)
                0x00000000c001e77c                Vm::getSegment(unsigned int)
                0x00000000c001e784                Vm::getOffset(unsigned int)
                0x00000000c001e789                Vm::mainloop2()
                0x00000000c001e7c3                Vm::mainVm8086Loop(void*)
                0x00000000c001e7d3                Vm::mainloop3(unsigned long)
                0x00000000c001e7f9                Vm::initialise8086()
                0x00000000c001e83c                Vm::finish8086()
                0x00000000c001e89d                Vm::getOutput8086(unsigned char*)
                0x00000000c001e8c2                Vm::start8086(char const*, unsigned short, unsigned short, unsigned short, unsigned short)
                0x00000000c001ea2a                Vm::doISR(regs*, int, unsigned char*, unsigned short, unsigned short)
                0x00000000c001eab4                Vm::readByteFromReal(unsigned short, unsigned short)
                0x00000000c001eac5                Vm::readWordFromReal(unsigned short, unsigned short)
                0x00000000c001ead7                Vm::readDwordFromReal(unsigned short, unsigned short)
                0x00000000c001eae8                Vm::writeByteFromReal(unsigned short, unsigned short, unsigned char)
                0x00000000c001eafd                Vm::writeWordFromReal(unsigned short, unsigned short, unsigned short)
                0x00000000c001eb13                Vm::writeDwordFromReal(unsigned short, unsigned short, unsigned int)
                0x00000000c001eb28                Vm::faultHandler(regs*)
 .text          0x00000000c001f1fd      0xefd vm86/x87em.32
                0x00000000c001f1fd                Vm::fpuInternalTo32(unsigned long long)
                0x00000000c001f258                Vm::fpuInternalTo64(unsigned long long)
                0x00000000c001f261                Vm::fpu32ToInternal(unsigned int)
                0x00000000c001f2a6                Vm::fpu64ToInternal(unsigned long long)
                0x00000000c001f2af                Vm::fpuFloatToLong(unsigned long long)
                0x00000000c001f30a                Vm::fpuULongToFloat(unsigned long long)
                0x00000000c001f340                Vm::fpuLongToFloat(long long)
                0x00000000c001f396                Vm::fpuGet0()
                0x00000000c001f39b                Vm::fpuGet1()
                0x00000000c001f3a3                Vm::fpuGetPi()
                0x00000000c001f3ab                Vm::fpuGetLog2E()
                0x00000000c001f3c3                Vm::fpuGetLogE2()
                0x00000000c001f3db                Vm::fpuGetLog210()
                0x00000000c001f3f3                Vm::fpuGetLog102()
                0x00000000c001f40b                Vm::fpuIsSecondLarger(unsigned long long, unsigned long long)
                0x00000000c001f41f                Vm::fpuAreEqual(unsigned long long, unsigned long long)
                0x00000000c001f435                Vm::fpuUnorderedCompare(unsigned long long, unsigned long long)
                0x00000000c001f488                Vm::fpuAdd(unsigned long long, unsigned long long)
                0x00000000c001f499                Vm::fpuAbs(unsigned long long)
                0x00000000c001f4a2                Vm::fpuChs(unsigned long long)
                0x00000000c001f4b2                Vm::fpuSub(unsigned long long, unsigned long long)
                0x00000000c001f4c1                Vm::fpuMultiply(unsigned long long, unsigned long long)
                0x00000000c001f4e0                Vm::fpuDivide(unsigned long long, unsigned long long)
                0x00000000c001f4fc                Vm::fpuSquare(unsigned long long)
                0x00000000c001f512                Vm::fpuGetReg(int)
                0x00000000c001f555                Vm::fpuSetReg(int, unsigned long long)
                0x00000000c001f5a0                Vm::fpuPush(unsigned long long)
                0x00000000c001f5fd                Vm::fpuPop()
                0x00000000c001f64f                Vm::x87Handler(regs*)
 .text          0x00000000c00200fa     0x1287 fs/fat/vfslink.32
                0x00000000c00200fa                FAT::getName()
                0x00000000c0020100                FAT::tell(void*, unsigned long long*)
                0x00000000c0020134                FAT::stat(void*, unsigned long long*)
                0x00000000c0020168                FAT::~FAT()
                0x00000000c0020168                FAT::~FAT()
                0x00000000c002018c                FAT::~FAT()
                0x00000000c00201b4                FAT::getlabel(LogicalDisk*, int, char*, unsigned int*)
                0x00000000c0020252                FAT::setlabel(LogicalDisk*, int, char*)
                0x00000000c002030c                FAT::format(LogicalDisk*, int, char const*, int)
                0x00000000c00204ca                FAT::tryMount(LogicalDisk*, int)
                0x00000000c00206d0                FAT::allocateSwapfile(char const*, int)
                0x00000000c002083c                FAT::readDir(void*, unsigned long, void*, int*)
                0x00000000c0020996                FAT::read(void*, unsigned long, void*, int*)
                0x00000000c00209f0                FAT::write(void*, unsigned long, void*, int*)
                0x00000000c0020a4a                FAT::close(void*)
                0x00000000c0020a96                FAT::closeDir(void*)
                0x00000000c0020ae2                FAT::seek(void*, unsigned long long)
                0x00000000c0020b36                fatWrapperReadDisk
                0x00000000c0020b7d                fatWrapperWriteDisk
                0x00000000c0020bc4                fatWrapperIoctl
                0x00000000c0020cc8                FAT::FAT()
                0x00000000c0020cc8                FAT::FAT()
                0x00000000c0020d1a                FAT::fixFilepath(char*)
                0x00000000c0020d52                FAT::open(char const*, void**, FileOpenMode)
                0x00000000c0020e7a                FAT::openDir(char const*, void**)
                0x00000000c0020f20                FAT::stat(char const*, unsigned long long*, bool*)
                0x00000000c002100a                FAT::unlink(char const*)
                0x00000000c0021084                FAT::chfatattr(char const*, unsigned char, unsigned char)
                0x00000000c00211d8                FAT::rename(char const*, char const*)
                0x00000000c002129c                FAT::mkdir(char const*)
                0x00000000c0021316                FAT::exists(char const*)
 *fill*         0x00000000c0021381        0x1 
 .text          0x00000000c0021382      0xb75 fs/iso9660/vfslink.32
                0x00000000c0021382                ISO9660::format(LogicalDisk*, int, char const*, int)
                0x00000000c0021388                ISO9660::seek(void*, unsigned long long)
                0x00000000c00213b8                ISO9660::tell(void*, unsigned long long*)
                0x00000000c00213dc                ISO9660::getName()
                0x00000000c00213e2                ISO9660::stat(void*, unsigned long long*)
                0x00000000c0021406                ISO9660::chfatattr(char const*, unsigned char, unsigned char)
                0x00000000c002140c                ISO9660::unlink(char const*)
                0x00000000c0021412                ISO9660::write(void*, unsigned long, void*, int*)
                0x00000000c0021418                ISO9660::rename(char const*, char const*)
                0x00000000c002141e                ISO9660::mkdir(char const*)
                0x00000000c0021424                ISO9660::close(void*)
                0x00000000c0021446                ISO9660::closeDir(void*)
                0x00000000c0021468                ISO9660::~ISO9660()
                0x00000000c0021468                ISO9660::~ISO9660()
                0x00000000c002148c                ISO9660::~ISO9660()
                0x00000000c00214b3                __memmem(unsigned char*, int, unsigned char*, int)
                0x00000000c00214f5                readSectorFromCDROM(unsigned int, unsigned char*, char)
                0x00000000c0021550                ISO9660::tryMount(LogicalDisk*, int)
                0x00000000c00215a0                ISO9660::read(void*, unsigned long, void*, int*)
                0x00000000c00217a4                ISO9660::readDir(void*, unsigned long, void*, int*)
                0x00000000c0021a1e                readRoot(unsigned int*, unsigned int*, char)
                0x00000000c0021a72                readRecursively(char*, unsigned int, unsigned int, unsigned int*, unsigned int*, char, int*)
                0x00000000c0021c45                getFileData(char*, unsigned int*, unsigned int*, char, int*)
                0x00000000c0021cd4                ISO9660::open(char const*, void**, FileOpenMode)
                0x00000000c0021d82                ISO9660::exists(char const*)
                0x00000000c0021da6                ISO9660::stat(char const*, unsigned long long*, bool*)
                0x00000000c0021e3a                ISO9660::openDir(char const*, void**)
                0x00000000c0021ed4                ISO9660::ISO9660()
                0x00000000c0021ed4                ISO9660::ISO9660()
 *fill*         0x00000000c0021ef7        0x1 
 .text          0x00000000c0021ef8      0x396 hal/sound/sndchannel.32
                0x00000000c0021ef8                SoundChannel::SoundChannel(int, int, int, int)
                0x00000000c0021ef8                SoundChannel::SoundChannel(int, int, int, int)
                0x00000000c0022022                SoundChannel::~SoundChannel()
                0x00000000c0022022                SoundChannel::~SoundChannel()
                0x00000000c002203e                SoundChannel::getSampleRate()
                0x00000000c0022046                SoundChannel::getBits()
                0x00000000c002204e                SoundChannel::getBufferUsed()
                0x00000000c0022056                SoundChannel::getBufferSize()
                0x00000000c002205e                SoundChannel::unbuffer(float*, int, int)
                0x00000000c00220f2                SoundChannel::buffer16(short*, int)
                0x00000000c00221ee                SoundChannel::buffer8(unsigned char*, int)
 .text          0x00000000c002228e      0x43e hal/sound/sndhw.32
                0x00000000c002228e                SoundDevice::SoundDevice(char const*)
                0x00000000c002228e                SoundDevice::SoundDevice(char const*)
                0x00000000c00222fa                SoundDevice::~SoundDevice()
                0x00000000c00222fa                SoundDevice::~SoundDevice()
                0x00000000c0022374                SoundDevice::~SoundDevice()
                0x00000000c002239e                SoundDevice::getFreeChannelNum()
                0x00000000c00223b8                SoundDevice::addChannel(SoundChannel*)
                0x00000000c0022428                SoundDevice::removeChannel(int)
                0x00000000c002245a                SoundDevice::floatTo16(float*, short*, int)
                0x00000000c0022548                SoundDevice::floatTo8(float*, unsigned char*, int)
                0x00000000c0022630                SoundDevice::getAudio(int, float*, float*)
 .text          0x00000000c00226cc        0x0 hw/bus/isa.32
 .text          0x00000000c00226cc      0xb87 hw/bus/pci.32
                0x00000000c00226cc                PCI::open(int, int, void*)
                0x00000000c00226ea                PCI::close(int, int, void*)
                0x00000000c00226ee                PCI::PCI()
                0x00000000c00226ee                PCI::PCI()
                0x00000000c0022784                PCI::readBAR8(unsigned int, int)
                0x00000000c00227a0                PCI::readBAR16(unsigned int, int)
                0x00000000c00227be                PCI::readBAR32(unsigned int, int)
                0x00000000c00227da                PCI::writeBAR8(unsigned int, unsigned char, int)
                0x00000000c00227fa                PCI::writeBAR16(unsigned int, unsigned short, int)
                0x00000000c002281c                PCI::writeBAR32(unsigned int, unsigned int, int)
                0x00000000c002283c                PCI::legacyMechanism(unsigned char, unsigned char, unsigned char, unsigned char)
                0x00000000c00228aa                PCI::pciReadWord(unsigned char, unsigned char, unsigned char, unsigned char)
                0x00000000c0022952                PCI::getVendorID(unsigned char, unsigned char, unsigned char)
                0x00000000c0022976                PCI::getHeaderType(unsigned char, unsigned char, unsigned char)
                0x00000000c002299e                PCI::getClassCode(unsigned char, unsigned char, unsigned char)
                0x00000000c00229e8                PCI::getProgIF(unsigned char, unsigned char, unsigned char)
                0x00000000c0022a10                PCI::getRevisionID(unsigned char, unsigned char, unsigned char)
                0x00000000c0022a34                PCI::getInterruptNumber(unsigned char, unsigned char, unsigned char)
                0x00000000c0022a58                PCI::getSecondaryBus(unsigned char, unsigned char, unsigned char)
                0x00000000c0022a80                PCI::getBARAddress(unsigned char, unsigned char, unsigned char, unsigned char)
                0x00000000c0022ae4                PCI::pciWriteWord(unsigned char, unsigned char, unsigned char, unsigned char, unsigned short)
                0x00000000c0022bcc                PCI::pciDetailsToFilepath(PCIDeviceInfo, char*)
                0x00000000c0022e46                PCI::checkBus(unsigned char)
                0x00000000c0022e6a                PCI::foundDevice(PCIDeviceInfo)
                0x00000000c0022fdc                PCI::getDeviceData(unsigned char, unsigned char, unsigned char)
                0x00000000c0023194                PCI::checkDevice(unsigned char, unsigned char)
                0x00000000c0023200                PCI::detect()
 *fill*         0x00000000c0023253        0x1 
 .text          0x00000000c0023254      0xb54 hw/diskctrl/ide.32
                0x00000000c0023254                IDE::close(int, int, void*)
                0x00000000c0023258                IDE::IDE()
                0x00000000c0023258                IDE::IDE()
                0x00000000c002328c                IDE::prepareInterrupt(unsigned char)
                0x00000000c002329e                selectDrive(unsigned char, unsigned char)
                0x00000000c00232a0                IDE::getBase(unsigned char)
                0x00000000c00232b2                IDE::write(unsigned char, unsigned char, unsigned char)
                0x00000000c0023372                IDE::read(unsigned char, unsigned char)
                0x00000000c0023420                IDE::waitInterrupt(unsigned char)
                0x00000000c0023486                ideChannel0IRQHandler(regs*, void*)
                0x00000000c00234a2                ideChannel1IRQHandler(regs*, void*)
                0x00000000c00234be                IDE::enableIRQs(unsigned char, bool)
                0x00000000c0023504                IDE::open(int, int, void*)
                0x00000000c0023912                IDE::readBuffer(unsigned char, unsigned char, unsigned int, unsigned int)
                0x00000000c00239de                IDE::detect()
                0x00000000c0023ca4                IDE::printError(unsigned char, unsigned char, unsigned char)
                0x00000000c0023d54                IDE::polling(unsigned char, unsigned int)
 .text          0x00000000c0023da8      0x336 hw/diskctrl/satabus.32
                0x00000000c0023da8                SATABus::close(int, int, void*)
                0x00000000c0023dac                SATABus::detect()
                0x00000000c0023dae                SATABus::SATABus()
                0x00000000c0023dae                SATABus::SATABus()
                0x00000000c0023e34                SATABus::findCmdslot(SATABus::tagHBA_PORT volatile*)
                0x00000000c0023e7c                SATABus::checkType(SATABus::tagHBA_PORT volatile*)
                0x00000000c0023ec4                SATABus::startCmd(SATABus::tagHBA_PORT volatile*)
                0x00000000c0023ee4                SATABus::stopCmd(SATABus::tagHBA_PORT volatile*)
                0x00000000c0023f0e                SATABus::portRebase(SATABus::tagHBA_PORT volatile*, int)
                0x00000000c0024014                SATABus::probePort(SATABus::tagHBA_MEM volatile*)
                0x00000000c00240be                SATABus::open(int, int, void*)
 .text          0x00000000c00240de      0x688 hw/diskphys/ata.32
                0x00000000c00240de                ATA::close(int, int, void*)
                0x00000000c0024102                ATA::powerSaving(PowerSavingLevel)
                0x00000000c0024104                ATA::ATA()
                0x00000000c0024104                ATA::ATA()
                0x00000000c0024132                ATA::flush(bool)
                0x00000000c002417c                ATA::readyForCommand()
                0x00000000c00241cc                ATA::access(unsigned long long, int, void*, bool)
                0x00000000c00245c2                ATA::read(unsigned long long, int, void*)
                0x00000000c002460e                ATA::write(unsigned long long, int, void*)
                0x00000000c0024670                ATA::detectCHS()
                0x00000000c002469a                ATA::open(int, int, void*)
 .text          0x00000000c0024766      0x5bd hw/diskphys/atapi.32
                0x00000000c0024766                ATAPI::write(unsigned long long, int, void*)
                0x00000000c002476c                ATAPI::close(int, int, void*)
                0x00000000c0024790                ATAPI::ATAPI()
                0x00000000c0024790                ATAPI::ATAPI()
                0x00000000c00247be                ATAPI::readyForCommand()
                0x00000000c002480e                ATAPI::sendPacket(unsigned char*, int, bool, unsigned short*, int)
                0x00000000c0024ace                ATAPI::diskRemoved()
                0x00000000c0024aea                ATAPI::eject()
                0x00000000c0024b32                ATAPI::diskInserted()
                0x00000000c0024b60                ATAPI::detectMedia()
                0x00000000c0024c1c                ATAPI::open(int, int, void*)
                0x00000000c0024ca4                ATAPI::read(unsigned long long, int, void*)
 *fill*         0x00000000c0024d23        0x1 
 .text          0x00000000c0024d24      0x41c hw/diskphys/sata.32
                0x00000000c0024d24                SATA::close(int, int, void*)
                0x00000000c0024d48                SATA::powerSaving(PowerSavingLevel)
                0x00000000c0024d4a                SATA::open(int, int, void*)
                0x00000000c0024df4                SATA::SATA()
                0x00000000c0024df4                SATA::SATA()
                0x00000000c0024e22                SATA::access(unsigned long long, int, void*, bool)
                0x00000000c0025088                SATA::read(unsigned long long, int, void*)
                0x00000000c00250d4                SATA::write(unsigned long long, int, void*)
 .text          0x00000000c0025140      0x4fe hw/diskphys/satapi.32
                0x00000000c0025140                SATAPI::write(unsigned long long, int, void*)
                0x00000000c0025146                SATAPI::close(int, int, void*)
                0x00000000c002516a                SATAPI::SATAPI()
                0x00000000c002516a                SATAPI::SATAPI()
                0x00000000c0025198                SATAPI::diskRemoved()
                0x00000000c00251b4                SATAPI::diskInserted()
                0x00000000c00251e2                SATAPI::sendPacket(unsigned char*, int, unsigned long long, unsigned short*, int)
                0x00000000c00253ea                SATAPI::eject()
                0x00000000c0025432                SATAPI::detectMedia()
                0x00000000c00254f4                SATAPI::open(int, int, void*)
                0x00000000c002559c                SATAPI::read(unsigned long long, int, void*)
 .text          0x00000000c002563e       0x8e hw/fpu/avx.32
                0x00000000c002563e                AVX::open(int, int, void*)
                0x00000000c0025650                AVX::close(int, int, void*)
                0x00000000c0025662                AVX::available()
                0x00000000c0025674                AVX::save(void*)
                0x00000000c002568c                AVX::load(void*)
                0x00000000c00256a4                AVX::AVX()
                0x00000000c00256a4                AVX::AVX()
 .text          0x00000000c00256cc       0x90 hw/fpu/mmx.32
                0x00000000c00256cc                MMX::available()
                0x00000000c00256e0                MMX::open(int, int, void*)
                0x00000000c00256f2                MMX::close(int, int, void*)
                0x00000000c0025704                MMX::save(void*)
                0x00000000c002571c                MMX::load(void*)
                0x00000000c0025734                MMX::MMX()
                0x00000000c0025734                MMX::MMX()
 .text          0x00000000c002575c       0x96 hw/fpu/sse.32
                0x00000000c002575c                SSE::open(int, int, void*)
                0x00000000c002576e                SSE::close(int, int, void*)
                0x00000000c0025780                SSE::available()
                0x00000000c002579a                SSE::save(void*)
                0x00000000c00257b2                SSE::load(void*)
                0x00000000c00257ca                SSE::SSE()
                0x00000000c00257ca                SSE::SSE()
 .text          0x00000000c00257f2       0x8e hw/fpu/x87.32
                0x00000000c00257f2                x87::open(int, int, void*)
                0x00000000c0025804                x87::close(int, int, void*)
                0x00000000c0025816                x87::available()
                0x00000000c0025828                x87::save(void*)
                0x00000000c0025840                x87::load(void*)
                0x00000000c0025858                x87::x87()
                0x00000000c0025858                x87::x87()
 .text          0x00000000c0025880      0x71e hw/intctrl/apic.32
                0x00000000c0025880                APIC::disable()
                0x00000000c0025882                APIC::close(int, int, void*)
                0x00000000c00258a4                IOAPIC::close(int, int, void*)
                0x00000000c00258aa                APIC::io_wait()
                0x00000000c00258b0                APIC::getBase()
                0x00000000c00258f2                APIC::eoi(unsigned char)
                0x00000000c0025920                APIC::open(int, int, void*)
                0x00000000c0025a6e                IOAPIC::IOAPIC()
                0x00000000c0025a6e                IOAPIC::IOAPIC()
                0x00000000c0025a96                APIC::APIC()
                0x00000000c0025a96                APIC::APIC()
                0x00000000c0025b72                IOAPIC::handlesGSIWithNumber(unsigned int)
                0x00000000c0025ba4                IOAPIC::read(int)
                0x00000000c0025bcc                IOAPIC::open(int, int, void*)
                0x00000000c0025cc2                IOAPIC::write(int, int)
                0x00000000c0025cee                IOAPIC::redirect(unsigned char, unsigned long long, unsigned char, bool, bool)
                0x00000000c0025de8                APIC::installIRQHandler(int, void (*)(regs*, void*), bool, void*)
 .text          0x00000000c0025f9e      0x3d3 hw/intctrl/pic.32
                0x00000000c0025f9e                PIC::disable()
                0x00000000c0025fcc                PIC::close(int, int, void*)
                0x00000000c0025fee                PIC::PIC()
                0x00000000c0025fee                PIC::PIC()
                0x00000000c00260c4                PIC::ioWait()
                0x00000000c00260ca                PIC::getIRQReg(int)
                0x00000000c0026134                PIC::eoi(unsigned char)
                0x00000000c00261c6                PIC::remap()
                0x00000000c0026332                PIC::open(int, int, void*)
 *fill*         0x00000000c0026371        0x1 
 .text          0x00000000c0026372      0x25e hw/timer/apictimer.32
                0x00000000c0026372                APICTimer::close(int, int, void*)
                0x00000000c0026378                apicTimerHandler(regs*, void*)
                0x00000000c00263a6                APICTimer::write(int)
                0x00000000c00264aa                APICTimer::open(int, int, void*)
                0x00000000c00265a8                APICTimer::APICTimer()
                0x00000000c00265a8                APICTimer::APICTimer()
 .text          0x00000000c00265d0      0x1a7 hw/timer/pit.32
                0x00000000c00265d0                PIT::write(int)
                0x00000000c002664e                pitHandler(regs*, void*)
                0x00000000c002667a                PIT::open(int, int, void*)
                0x00000000c00266c8                PIT::close(int, int, void*)
                0x00000000c00266f8                PIT::PIT()
                0x00000000c00266f8                PIT::PIT()
 *fill*         0x00000000c0026777        0x9 
 .text          0x00000000c0026780       0x1e hw/fpu/x86/avx.32
                0x00000000c0026780                avxDetect
                0x00000000c0026786                avxSave
                0x00000000c0026787                avxLoad
                0x00000000c0026788                avxInit
                0x00000000c0026789                avxClose
                0x00000000c002678a                wouldSheSayYes
 *fill*         0x00000000c002679e        0x2 
 .text          0x00000000c00267a0       0x35 hw/fpu/x86/sse.32
                0x00000000c00267a0                absolutelyNoChanceInHell
                0x00000000c00267a0                sseDetect
                0x00000000c00267b8                sseSave
                0x00000000c00267be                sseLoad
                0x00000000c00267c4                sseInit
                0x00000000c00267d4                sseClose
 *fill*         0x00000000c00267d5        0xb 
 .text          0x00000000c00267e0       0x4d hw/fpu/x86/x87.32
                0x00000000c00267e6                x87Detect
                0x00000000c0026801                x87Save
                0x00000000c002680a                x87Load
                0x00000000c0026812                x87Init
                0x00000000c002682c                x87Close
 *fill*         0x00000000c002682d        0x3 
 .text          0x00000000c0026830       0x25 /cygdrive/d/Users/Alex/Desktop/Toolchain/Output/bin/../lib/gcc/i386-banana/8.1.0/crtend.o
 .text          0x00000000c0026855        0x0 crtn.32
 *fill*         0x00000000c0026855        0x3 
 .text          0x00000000c0026858      0x14b /cygdrive/d/Users/Alex/Desktop/Toolchain/Output/bin/../lib/gcc/i386-banana/8.1.0/libkgcc.a(_divdi3.o)
                0x00000000c0026858                __divdi3
 *fill*         0x00000000c00269a3        0x1 
 .text          0x00000000c00269a4      0x17e /cygdrive/d/Users/Alex/Desktop/Toolchain/Output/bin/../lib/gcc/i386-banana/8.1.0/libkgcc.a(_moddi3.o)
                0x00000000c00269a4                __moddi3
 *fill*         0x00000000c0026b22        0x2 
 .text          0x00000000c0026b24       0xff /cygdrive/d/Users/Alex/Desktop/Toolchain/Output/bin/../lib/gcc/i386-banana/8.1.0/libkgcc.a(_udivdi3.o)
                0x00000000c0026b24                __udivdi3
 *fill*         0x00000000c0026c23        0x1 
 .text          0x00000000c0026c24      0x11a /cygdrive/d/Users/Alex/Desktop/Toolchain/Output/bin/../lib/gcc/i386-banana/8.1.0/libkgcc.a(_umoddi3.o)
                0x00000000c0026c24                __umoddi3
 .text          0x00000000c0026d3e      0x96d D:/Users/Alex/Desktop/Banana/kernel/libsoftfp.a(sfieeelib.o)
                0x00000000c0026d3e                __addsf3
                0x00000000c0027040                __subsf3
                0x00000000c0027054                __negsf2
                0x00000000c0027061                __mulsf3
                0x00000000c0027224                __divsf3
                0x00000000c002744f                __floatsisf
                0x00000000c00274c3                __floatunsisf
                0x00000000c0027505                __fixsfsi
                0x00000000c0027567                __fixunssfsi
                0x00000000c0027598                __cmpsf2
                0x00000000c002762d                __eqsf2
                0x00000000c0027668                __nesf2
                0x00000000c002766a                __gtsf2
                0x00000000c00276a5                __gesf2
                0x00000000c00276a7                __ltsf2
                0x00000000c00276a9                __lesf2
 .text          0x00000000c00276ab      0xf50 D:/Users/Alex/Desktop/Banana/kernel/libsoftfp.a(dfieeelib.o)
                0x00000000c00276ab                __adddf3
                0x00000000c0027cfc                __subdf3