Archive member included to satisfy reference by file (symbol)

/cygdrive/d/Users/Alex/Desktop/Toolchain/Output/bin/../lib/gcc/i386-banana/8.1.0/libkgcc.a(_divdi3.o)
                              fs/fat/ff.32 (__divdi3)
/cygdrive/d/Users/Alex/Desktop/Toolchain/Output/bin/../lib/gcc/i386-banana/8.1.0/libkgcc.a(_moddi3.o)
                              compat/resolve.32 (__moddi3)
/cygdrive/d/Users/Alex/Desktop/Toolchain/Output/bin/../lib/gcc/i386-banana/8.1.0/libkgcc.a(_udivdi3.o)
                              fs/fat/ff.32 (__udivdi3)
/cygdrive/d/Users/Alex/Desktop/Toolchain/Output/bin/../lib/gcc/i386-banana/8.1.0/libkgcc.a(_umoddi3.o)
                              compat/resolve.32 (__umoddi3)
D:/Users/Alex/Desktop/Banana/kernel/libsoftfp.a(sfieeelib.o)
                              hal/sound/sndhw.32 (__addsf3)
D:/Users/Alex/Desktop/Banana/kernel/libsoftfp.a(dfieeelib.o)
                              hal/libresample/src_linear.32 (__adddf3)
D:/Users/Alex/Desktop/Banana/kernel/libsoftfp.a(sfdfcvt.o)
                              hal/libresample/samplerate.32 (__truncdfsf2)
D:/Users/Alex/Desktop/Banana/kernel/libk/libm32.a(s_fabs.c.o)
                              hal/libresample/samplerate.32 (fabs)
D:/Users/Alex/Desktop/Banana/kernel/libk/libm32.a(s_lrint.S.o)
                              hal/libresample/samplerate.32 (lrint)
D:/Users/Alex/Desktop/Banana/kernel/libk/libm32.a(s_lrintf.S.o)
                              hal/sound/sndhw.32 (lrintf)

Discarded input sections

 .comment       0x0000000000000000       0x12 /cygdrive/d/Users/Alex/Desktop/Toolchain/Output/bin/../lib/gcc/i386-banana/8.1.0/crtbegin.o
 .comment       0x0000000000000000       0x12 acpica/utclib.32
 .comment       0x0000000000000000       0x12 core/malloc.32
 .comment       0x0000000000000000       0x12 libk/string.32
 .comment       0x0000000000000000       0x12 fs/fat/diskio.32
 .comment       0x0000000000000000       0x12 fs/fat/ff.32
 .comment       0x0000000000000000       0x12 fs/fat/ffsystem.32
 .comment       0x0000000000000000       0x12 fs/fat/ffunicode.32
 .comment       0x0000000000000000       0x12 hal/libresample/samplerate.32
 .comment       0x0000000000000000       0x12 hal/libresample/src_linear.32
 .comment       0x0000000000000000       0x12 hal/libresample/src_sinc.32
 .comment       0x0000000000000000       0x12 hal/libresample/src_zoh.32
 .comment       0x0000000000000000       0x12 compat/inlines.32
 .comment       0x0000000000000000       0x12 compat/resolve.32
 .group         0x0000000000000000       0x14 core/computer.32
 .group         0x0000000000000000        0xc core/computer.32
 .comment       0x0000000000000000       0x12 core/computer.32
 .comment       0x0000000000000000       0x12 core/gdt.32
 .group         0x0000000000000000        0xc core/idle.32
 .comment       0x0000000000000000       0x12 core/idle.32
 .comment       0x0000000000000000       0x12 core/idt.32
 .comment       0x0000000000000000       0x12 core/kheap.32
 .comment       0x0000000000000000       0x12 core/main.32
 .comment       0x0000000000000000       0x12 core/physmgr.32
 .group         0x0000000000000000        0xc core/pipe.32
 .comment       0x0000000000000000       0x12 core/pipe.32
 .group         0x0000000000000000        0xc core/terminal.32
 .comment       0x0000000000000000       0x12 core/terminal.32
 .comment       0x0000000000000000       0x12 core/tss.32
 .group         0x0000000000000000        0x8 core/unixfile.32
 .group         0x0000000000000000        0xc core/unixfile.32
 .group         0x0000000000000000        0xc core/unixfile.32
 .group         0x0000000000000000        0x8 core/unixfile.32
 .group         0x0000000000000000        0xc core/unixfile.32
 .group         0x0000000000000000        0x8 core/unixfile.32
 .group         0x0000000000000000        0xc core/unixfile.32
 .group         0x0000000000000000        0xc core/unixfile.32
 .comment       0x0000000000000000       0x12 core/unixfile.32
 .comment       0x0000000000000000       0x12 core/virtmgr.32
 .comment       0x0000000000000000       0x12 coreobjs/c++.32
 .comment       0x0000000000000000       0x12 dbg/kconsole.32
 .group         0x0000000000000000        0xc fs/vfs.32
 .group         0x0000000000000000        0xc fs/vfs.32
 .group         0x0000000000000000        0xc fs/vfs.32
 .comment       0x0000000000000000       0x12 fs/vfs.32
 .group         0x0000000000000000        0xc hal/bus.32
 .comment       0x0000000000000000       0x12 hal/bus.32
 .group         0x0000000000000000        0xc hal/buzzer.32
 .comment       0x0000000000000000       0x12 hal/buzzer.32
 .group         0x0000000000000000        0xc hal/clock.32
 .comment       0x0000000000000000       0x12 hal/clock.32
 .group         0x0000000000000000       0x14 hal/device.32
 .group         0x0000000000000000        0xc hal/device.32
 .group         0x0000000000000000        0xc hal/device.32
 .group         0x0000000000000000        0xc hal/device.32
[...]
Memory Configuration

Name             Origin             Length             Attributes
*default*        0x0000000000000000 0xffffffffffffffff

Linker script and memory map

LOAD D:/Users/Alex/Desktop/Banana/kernel/boot.32
LOAD crti.32
LOAD /cygdrive/d/Users/Alex/Desktop/Toolchain/Output/bin/../lib/gcc/i386-banana/8.1.0/crtbegin.o
LOAD D:/Users/Alex/Desktop/Banana/kernel/morenasm.32
LOAD acpica/utclib.32
LOAD core/malloc.32
LOAD libk/string.32
LOAD fs/fat/diskio.32
LOAD fs/fat/ff.32
LOAD fs/fat/ffsystem.32
LOAD fs/fat/ffunicode.32
LOAD hal/libresample/samplerate.32
LOAD hal/libresample/src_linear.32
LOAD hal/libresample/src_sinc.32
LOAD hal/libresample/src_zoh.32
LOAD compat/inlines.32
LOAD compat/resolve.32
LOAD core/computer.32
LOAD core/gdt.32
LOAD core/idle.32
LOAD core/idt.32
LOAD core/kheap.32
LOAD core/main.32
LOAD core/physmgr.32
LOAD core/pipe.32
LOAD core/terminal.32
LOAD core/tss.32
LOAD core/unixfile.32
LOAD core/virtmgr.32
LOAD coreobjs/c++.32
LOAD dbg/kconsole.32
LOAD fs/vfs.32
LOAD hal/bus.32
LOAD hal/buzzer.32
LOAD hal/clock.32
LOAD hal/device.32
LOAD hal/diskctrl.32
LOAD hal/diskphys.32
LOAD hal/fpu.32
LOAD hal/intctrl.32
LOAD hal/keybrd.32
LOAD hal/logidisk.32
LOAD hal/mouse.32
LOAD hal/partition.32
LOAD hal/serial.32
LOAD hal/timer.32
LOAD hal/vcache.32
LOAD hal/video.32
LOAD hw/acpi.32
LOAD hw/cpu.32
LOAD hw/ports.32
LOAD hw/smp.32
LOAD krnl/env.32
LOAD krnl/panic.32
LOAD net/ethernet.32
LOAD reg/registry.32
LOAD sys/sc_eject.32
LOAD sys/sc_exit.32
LOAD sys/sc_getcwd.32
LOAD sys/sc_getpid.32
LOAD sys/sc_getramdata.32
LOAD sys/sc_loaddll.32
LOAD sys/sc_read.32
LOAD sys/sc_sbrk.32
LOAD sys/sc_setcwd.32
LOAD sys/sc_settime.32
LOAD sys/sc_timezone.32
LOAD sys/sc_write.32
LOAD sys/sc_wsbe.32
LOAD sys/sc_yield.32
LOAD sys/syscalls.32
LOAD thr/elf.32
LOAD thr/prcssthr.32
LOAD vm86/vm8086.32
LOAD vm86/x87em.32
LOAD fs/fat/vfslink.32
LOAD fs/iso9660/vfslink.32
LOAD hal/sound/sndchannel.32
LOAD hal/sound/sndhw.32
LOAD hw/bus/isa.32
LOAD hw/bus/pci.32
LOAD hw/diskctrl/ide.32
LOAD hw/diskctrl/satabus.32
LOAD hw/diskphys/ata.32
LOAD hw/diskphys/atapi.32
LOAD hw/diskphys/sata.32
LOAD hw/diskphys/satapi.32
LOAD hw/fpu/avx.32
LOAD hw/fpu/mmx.32
LOAD hw/fpu/sse.32
LOAD hw/fpu/x87.32
LOAD hw/intctrl/apic.32
LOAD hw/intctrl/pic.32
LOAD hw/timer/apictimer.32
LOAD hw/timer/pit.32
LOAD hw/fpu/x86/avx.32
LOAD hw/fpu/x86/sse.32
LOAD hw/fpu/x86/x87.32
LOAD /cygdrive/d/Users/Alex/Desktop/Toolchain/Output/bin/../lib/gcc/i386-banana/8.1.0/crtend.o
LOAD crtn.32
LOAD /cygdrive/d/Users/Alex/Desktop/Toolchain/Output/bin/../lib/gcc/i386-banana/8.1.0/libkgcc.a
LOAD D:/Users/Alex/Desktop/Banana/kernel/libsoftfp.a
LOAD D:/Users/Alex/Desktop/Banana/kernel/libk/libm32.a
                0x00000000c0000000                . = 0xc0000000

.text           0x00000000c0000000    0x28708
 *(.text)
 .text          0x00000000c0000000       0x41 D:/Users/Alex/Desktop/Banana/kernel/boot.32
                0x00000000c0000020                callGlobalConstructors
 .text          0x00000000c0000041        0x0 crti.32
 *fill*         0x00000000c0000041        0x3 
 .text          0x00000000c0000044      0x101 /cygdrive/d/Users/Alex/Desktop/Toolchain/Output/bin/../lib/gcc/i386-banana/8.1.0/crtbegin.o
 *fill*         0x00000000c0000145        0xb 
 .text          0x00000000c0000150      0x4ed D:/Users/Alex/Desktop/Banana/kernel/morenasm.32
                0x00000000c0000150                manualPCIProbe
                0x00000000c000019b                prepareTramp
                0x00000000c00001b4                voodooXADD
                0x00000000c000027f                doTPAUSE
                0x00000000c0000289                hasLegacyFPU
                0x00000000c00002ae                is486
                0x00000000c00002e4                detectCPUID
                0x00000000c00002fa                goToVM86
                0x00000000c000032a                goToUsermode
                0x00000000c0000354                switchToThreadASMFirstTime
                0x00000000c0000362                switchToThreadASM
                0x00000000c00003ea                asmQuickAcquireLock
                0x00000000c0000408                asmQuickReleaseLock
                0x00000000c0000414                asmAcquireLock
                0x00000000c0000435                asmReleaseLock
                0x00000000c0000448                loadGDT
                0x00000000c0000468                isr0
                0x00000000c0000478                isr1
                0x00000000c0000482                isr2
                0x00000000c000048c                isr3
                0x00000000c0000496                isr4
                0x00000000c00004a0                isr5
                0x00000000c00004aa                isr6
                0x00000000c00004b4                isr7
                0x00000000c00004be                isr8
                0x00000000c00004c6                isr9
                0x00000000c00004d0                isr10
                0x00000000c00004d8                isr11
                0x00000000c00004e0                isr12
                0x00000000c00004e8                isr13
                0x00000000c00004f0                isr14
                0x00000000c00004f8                isr15
                0x00000000c0000502                isr16
                0x00000000c000050c                isr17
                0x00000000c0000516                isr18
                0x00000000c0000520                irq3
                0x00000000c000052a                irq4
                0x00000000c0000534                irq5
                0x00000000c000053e                irq6
                0x00000000c0000548                irq7
                0x00000000c0000552                irq8
                0x00000000c000055c                irq9
                0x00000000c0000566                irq10
                0x00000000c0000570                irq11
                0x00000000c000057a                irq12
                0x00000000c0000584                irq13
                0x00000000c000058e                irq14
                0x00000000c0000598                irq15
                0x00000000c00005a2                irq1
                0x00000000c00005a9                irq2
                0x00000000c00005b0                isr96
                0x00000000c00005b7                irq0
                0x00000000c00005bc                int_common_stub
                0x00000000c00005bc                syscall_common_stub
                0x00000000c00005ed                irq16
                0x00000000c00005f7                irq17
                0x00000000c0000601                irq18
                0x00000000c000060b                irq19
                0x00000000c0000615                irq20
                0x00000000c000061f                irq21
                0x00000000c0000629                irq22
                0x00000000c0000633                irq23
 *fill*         0x00000000c000063d        0x3 
 .text          0x00000000c0000640      0x611 acpica/utclib.32
                0x00000000c0000640                memcmp
                0x00000000c000067c                memmove
                0x00000000c0000744                memcpy
                0x00000000c0000778                memset
                0x00000000c0000794                strlen
                0x00000000c00007ac                strpbrk
                0x00000000c00007e8                strtok
                0x00000000c0000834                strcpy
                0x00000000c0000858                strncpy
                0x00000000c00008c0                strcmp
                0x00000000c0000900                strchr
                0x00000000c0000924                strncmp
                0x00000000c0000974                strcat
                0x00000000c00009a4                strncat
                0x00000000c00009e0                strstr
                0x00000000c0000a28                toupper
                0x00000000c0000a3c                tolower
                0x00000000c0000a50                simple_strtoul
 .text          0x00000000c0000c51      0xfbf core/malloc.32
                0x00000000c0000dbc                dlfree
                0x00000000c0001117                dlmalloc
                0x00000000c0001654                dlrealloc
                0x00000000c0001809                dlmemalign
                0x00000000c000192c                dlcalloc
                0x00000000c00019c6                dlcfree
                0x00000000c00019cb                dlindependent_calloc
                0x00000000c00019f0                dlindependent_comalloc
                0x00000000c0001a07                dlvalloc
                0x00000000c0001a32                dlpvalloc
                0x00000000c0001a68                dlmalloc_trim
                0x00000000c0001a75                dlmalloc_usable_size
                0x00000000c0001aa6                dlmallinfo
                0x00000000c0001b75                dlmalloc_stats
                0x00000000c0001b86                dlmallopt
 .text          0x00000000c0001c10        0x0 libk/string.32
 .text          0x00000000c0001c10       0x51 fs/fat/diskio.32
                0x00000000c0001c10                disk_status
                0x00000000c0001c13                disk_initialize
                0x00000000c0001c16                disk_read
                0x00000000c0001c2c                disk_write
                0x00000000c0001c42                disk_ioctl
 .text          0x00000000c0001c61     0x6833 fs/fat/ff.32
                0x00000000c0004f2f                f_mount
                0x00000000c0004f91                f_open
                0x00000000c00053cd                f_read
                0x00000000c000564d                f_write
                0x00000000c0005907                f_sync
                0x00000000c0005ae3                f_close
                0x00000000c0005b12                f_lseek
                0x00000000c0005fc9                f_opendir
                0x00000000c00060cb                f_closedir
                0x00000000c00060ed                f_readdir
                0x00000000c0006188                f_stat
                0x00000000c0006217                f_getfree
                0x00000000c00063e2                f_truncate
                0x00000000c00064da                f_unlink
                0x00000000c000665d                f_mkdir
                0x00000000c0006889                f_rename
                0x00000000c0006b7c                f_chmod
                0x00000000c0006c5a                f_utime
                0x00000000c0006d38                f_getlabel
                0x00000000c0006f26                f_setlabel
                0x00000000c0007193                f_forward
                0x00000000c0007371                f_mkfs
 .text          0x00000000c0008494       0x2d fs/fat/ffsystem.32
                0x00000000c0008494                ff_memalloc
                0x00000000c00084aa                ff_memfree
 .text          0x00000000c00084c1      0x253 fs/fat/ffunicode.32
                0x00000000c00084c1                ff_uni2oem
                0x00000000c0008551                ff_oem2uni
                0x00000000c00085bd                ff_wtoupper
 .text          0x00000000c0008714      0x8fb hal/libresample/samplerate.32
                0x00000000c0008758                src_delete
                0x00000000c0008794                src_process
                0x00000000c000894a                src_callback_read
                0x00000000c0008ac7                src_set_ratio
                0x00000000c0008b31                src_get_channels
                0x00000000c0008b53                src_reset
                0x00000000c0008b9f                src_new
                0x00000000c0008c2d                src_callback_new
                0x00000000c0008c8f                src_get_name
                0x00000000c0008cc6                src_get_description
                0x00000000c0008cfd                src_get_version
                0x00000000c0008d03                src_is_valid_ratio
                0x00000000c0008d57                src_error
                0x00000000c0008d65                src_strerror
                0x00000000c0008d78                src_simple
                0x00000000c0008dcb                src_short_to_float_array
                0x00000000c0008e30                src_float_to_short_array
                0x00000000c0008eef                src_int_to_float_array
                0x00000000c0008f52                src_float_to_int_array
 .text          0x00000000c000900f      0x8cb hal/libresample/src_linear.32
                0x00000000c0009835                linear_get_name
                0x00000000c0009844                linear_get_description
                0x00000000c0009853                linear_set_converter
 .text          0x00000000c00098da     0x447c hal/libresample/src_sinc.32
                0x00000000c000dc6d                sinc_get_name
                0x00000000c000dc80                sinc_get_description
                0x00000000c000dc93                sinc_set_converter
 .text          0x00000000c000dd56      0x77c hal/libresample/src_zoh.32
                0x00000000c000e42d                zoh_get_name
                0x00000000c000e43c                zoh_get_description
                0x00000000c000e44b                zoh_set_converter
 .text          0x00000000c000e4d2       0x23 compat/inlines.32
                0x00000000c000e4d2                CPU::current()
                0x00000000c000e4df                operator new(unsigned long)
 .text          0x00000000c000e4f5      0x111 compat/resolve.32
                0x00000000c000e4f5                Krnl::resolveCompatibilitySymbol(char*)
 .text          0x00000000c000e606      0xa17 core/computer.32
                0x00000000c000e606                Computer::close(int, int, void*)
                0x00000000c000e64a                Krnl::firstTask()
                0x00000000c000e73a                Computer::Computer()
                0x00000000c000e73a                Computer::Computer()
                0x00000000c000e896                Computer::setBootMessage(char const*)
                0x00000000c000e898                Computer::detectFeatures()
                0x00000000c000eaa2                Computer::displayFeatures()
                0x00000000c000ede8                Computer::rdmsr(unsigned int)
                0x00000000c000ee14                Computer::wrmsr(unsigned int, unsigned long long)
                0x00000000c000ee4c                Computer::nmiEnabled()
                0x00000000c000ee58                Computer::readCMOS(unsigned char)
                0x00000000c000ee72                Computer::enableNMI(bool)
                0x00000000c000ee8a                Computer::open(int, int, void*)
                0x00000000c000ef60                Computer::disableNMI()
                0x00000000c000ef6e                Computer::writeCMOS(unsigned char, unsigned char)
                0x00000000c000ef8c                Computer::handleNMI()
                0x00000000c000eff2                Computer::setDiskActivityLight(int, bool)
 *fill*         0x00000000c000f01d        0x1 
 .text          0x00000000c000f01e      0x1b7 core/gdt.32
                0x00000000c000f01e                GDTEntry::setBase(unsigned int)
                0x00000000c000f03a                GDTEntry::setLimit(unsigned int)
                0x00000000c000f058                GDT::GDT()
                0x00000000c000f058                GDT::GDT()
                0x00000000c000f06e                GDT::addEntry(GDTEntry)
                0x00000000c000f0aa                GDT::getNumberOfEntries()
                0x00000000c000f0b2                GDT::flush()
                0x00000000c000f0d4                GDT::setup()
 .text          0x00000000c000f1d5       0x62 core/idle.32
                0x00000000c000f1d5                idleFunction(void*)
 *fill*         0x00000000c000f237        0x1 
 .text          0x00000000c000f238      0x45f core/idt.32
                0x00000000c000f238                IDTEntry::IDTEntry(bool)
                0x00000000c000f238                IDTEntry::IDTEntry(bool)
                0x00000000c000f2a6                IDTEntry::setOffset(unsigned int)
                0x00000000c000f2ba                IDT::IDT()
                0x00000000c000f2ba                IDT::IDT()
                0x00000000c000f2bc                IDT::getPointerToInvalidOpcodeEntryForF00F()
                0x00000000c000f2c4                IDT::addEntry(IDTEntry, int)
                0x00000000c000f2de                IDT::addEntry(int, void (*)(), bool)
                0x00000000c000f316                IDT::flush()
                0x00000000c000f330                IDT::setup()
 .text          0x00000000c000f697      0x206 core/kheap.32
                0x00000000c000f697                sbrk
                0x00000000c000f7a5                mmap
                0x00000000c000f7bb                munmap
                0x00000000c000f7d1                liballoc_lock()
                0x00000000c000f7e2                liballoc_unlock()
                0x00000000c000f7f3                liballoc_alloc(int)
                0x00000000c000f811                liballoc_free(void*, int)
                0x00000000c000f82f                realloc
                0x00000000c000f843                malloc
                0x00000000c000f853                free
                0x00000000c000f863                rfree
                0x00000000c000f873                calloc
 .text          0x00000000c000f89d      0x485 core/main.32
                0x00000000c000f89d                hwTextMode_loadInData(VgaText*)
                0x00000000c000f8e8                hwTextMode_loadInTitle(VgaText*, char*)
                0x00000000c000f966                hwTextMode_showCursor(VgaText*, bool)
                0x00000000c000f9c4                hwTextMode_update(VgaText*)
                0x00000000c000f9c5                hwTextMode_updateCursor(VgaText*)
                0x00000000c000fa16                hwTextMode_disableBlink(VgaText*, bool)
                0x00000000c000fa5c                hwTextMode_scrollScreen(VgaText*)
                0x00000000c000fb09                hwTextMode_writeCharacter(VgaText*, char, VgaColour, VgaColour, int, int)
                0x00000000c000fb8b                setupTextMode()
                0x00000000c000fbfb                kernel_main
 .text          0x00000000c000fd22      0x5a6 core/physmgr.32
                0x00000000c000fd22                Phys::allocateDMA(unsigned long)
                0x00000000c000fdc5                Phys::freeDMA(unsigned long, unsigned long)
                0x00000000c000fe0d                Phys::setPageState(unsigned long, bool)
                0x00000000c000fe3f                Phys::getPageState(unsigned long)
                0x00000000c000fe5b                Phys::freePage(unsigned long)
                0x00000000c000fee5                Phys::allocatePage()
                0x00000000c0010006                Phys::allocateContiguousPages(int)
                0x00000000c0010060                Phys::allowSegmentToBeUsed(unsigned long, unsigned long)
                0x00000000c0010098                Phys::physicalMemorySetup(unsigned int)
 .text          0x00000000c00102c8      0x273 core/pipe.32
                0x00000000c00102c8                Pipe::isAtty()
                0x00000000c00102cc                Pipe::~Pipe()
                0x00000000c00102cc                Pipe::~Pipe()
                0x00000000c00102f0                Pipe::~Pipe()
                0x00000000c0010318                Pipe::read(unsigned long long, void*, int*)
                0x00000000c001040c                Pipe::write(unsigned long long, void*, int*)
                0x00000000c00104d4                Pipe::Pipe(int)
                0x00000000c00104d4                Pipe::Pipe(int)
 *fill*         0x00000000c001053b        0x1 
 .text          0x00000000c001053c      0xf73 core/terminal.32
                0x00000000c001053c                VgaText::isAtty()
                0x00000000c0010540                VgaText::~VgaText()
                0x00000000c0010540                VgaText::~VgaText()
                0x00000000c0010564                VgaText::~VgaText()
                0x00000000c001058e                VgaText::read(unsigned long long, void*, int*)
                0x00000000c00105ae                setTerminalScrollLock(bool)
                0x00000000c00105af                addToTerminalCycle(VgaText*)
                0x00000000c00105dc                installVgaTextImplementation()
                0x00000000c00105f1                scrollTerminalScrollLock(int)
                0x00000000c00105f2                VgaText::load()
                0x00000000c0010646                VgaText::updateCursor()
                0x00000000c0010660                VgaText::showCursor(bool)
                0x00000000c0010670                VgaText::disableBlink(bool)
                0x00000000c00106aa                VgaText::doANSI_SGR(int)
                0x00000000c0010736                VgaText::setDefaultBgColour(VgaColour)
                0x00000000c001074c                VgaText::setDefaultFgColour(VgaColour)
                0x00000000c0010762                VgaText::setDefaultColours(VgaColour, VgaColour)
                0x00000000c0010782                VgaText::combineColours(unsigned char, unsigned char)
                0x00000000c0010794                VgaText::scrollScreen()
                0x00000000c0010828                VgaText::combineCharAndColour(char, unsigned char)
                0x00000000c001083a                VgaText::writeCharacter(char, VgaColour, VgaColour, int, int)
                0x00000000c001089a                VgaText::getCursorX()
                0x00000000c00108a6                VgaText::getCursorY()
                0x00000000c00108b2                VgaText::setCursor(int, int)
                0x00000000c00108d0                VgaText::setCursorX(int)
                0x00000000c00108ec                VgaText::setCursorY(int)
                0x00000000c0010908                VgaText::incrementCursor(bool)
                0x00000000c0010970                VgaText::updateRAMUsageDisplay(int)
                0x00000000c00109d4                VgaText::updateDiskUsage()
                0x00000000c0010b3e                VgaText::updateTitle()
                0x00000000c0010b84                VgaText::setTitleTextColour(VgaColour)
                0x00000000c0010b94                VgaText::setTitleColour(VgaColour)
                0x00000000c0010ba4                VgaText::setTitle(char*)
                0x00000000c0010bca                VgaText::decrementCursor(bool)
                0x00000000c0010bf2                VgaText::putchar(char, VgaColour, VgaColour)
                0x00000000c0010cee                VgaText::isShowingCursor()
                0x00000000c0010cfa                VgaText::isBlinkDisabled()
                0x00000000c0010d08                VgaText::setCursorHeight(int)
                0x00000000c0010d26                VgaText::getCursorHeight()
                0x00000000c0010d31                setActiveTerminal(VgaText*)
                0x00000000c0010de3                doTerminalCycle()
                0x00000000c0010e00                VgaText::doUpdate()
                0x00000000c0010e12                VgaText::puts(char const*, VgaColour, VgaColour)
                0x00000000c0010fd2                VgaText::clearScreen()
                0x00000000c0011036                VgaText::putchar(char)
                0x00000000c0011150                VgaText::puts(char const*)
                0x00000000c0011176                VgaText::putx(unsigned int)
                0x00000000c00111bc                VgaText::VgaText(char const*)
                0x00000000c00111bc                VgaText::VgaText(char const*)
                0x00000000c001134e                VgaText::receiveKey(unsigned char)
                0x00000000c0011436                VgaText::write(unsigned long long, void*, int*)
                0x00000000c001148a                newTerminal(char*)
 *fill*         0x00000000c00114af        0x1 
 .text          0x00000000c00114b0      0x1b3 core/tss.32
                0x00000000c00114b0                TSS::TSS()
                0x00000000c00114b0                TSS::TSS()
                0x00000000c00114be                TSS::setESP(unsigned long)
                0x00000000c00114d0                TSS::flush()
                0x00000000c00114f0                TSS::setup(unsigned long, unsigned long)
 *fill*         0x00000000c0011663        0x1 
 .text          0x00000000c0011664      0x4c2 core/unixfile.32
                0x00000000c0011664                ReservedFilename::read(unsigned long long, void*, int*)
                0x00000000c00116ba                ReservedFilename::isAtty()
                0x00000000c00116d6                ReservedFilename::write(unsigned long long, void*, int*)
                0x00000000c0011734                UnixFile::getFileDescriptor()
                0x00000000c001173c                UnixFile::UnixFile(int)
                0x00000000c001173c                UnixFile::UnixFile(int)
                0x00000000c00118ec                ReservedFilename::ReservedFilename(int)
                0x00000000c00118ec                ReservedFilename::ReservedFilename(int)
                0x00000000c001191e                UnixFile::~UnixFile()
                0x00000000c001191e                UnixFile::~UnixFile()
                0x00000000c00119b6                UnixFile::~UnixFile()
                0x00000000c00119de                ReservedFilename::~ReservedFilename()
                0x00000000c00119de                ReservedFilename::~ReservedFilename()
                0x00000000c0011a02                ReservedFilename::~ReservedFilename()
                0x00000000c0011a29                getFromFileDescriptor(int)
 .text          0x00000000c0011b26     0x1363 core/virtmgr.32
                0x00000000c0011b26                Virt::setPageState(unsigned long, Virt::VirtPageState)
                0x00000000c0011b5b                Virt::getPageState(unsigned long)
                0x00000000c0011b7f                Virt::allocateKernelVirtualPages(int)
                0x00000000c0011c90                Virt::freeSwapfilePage(unsigned long)
                0x00000000c0011cae                Virt::swapIDToSector(unsigned long)
                0x00000000c0011cc0                Virt::allocateSwapfilePage()
                0x00000000c0011d3e                Virt::virtualMemorySetup()
                0x00000000c0011dbd                Virt::swappingSetup()
                0x00000000c0011e1a                Virt::getAKernelVAS()
                0x00000000c0011e20                Virt::setupPageSwapping(int)
                0x00000000c0011f50                VAS::VAS()
                0x00000000c0011f50                VAS::VAS()
                0x00000000c0011f8c                VAS::VAS(VAS*)
                0x00000000c0011f8c                VAS::VAS(VAS*)
                0x00000000c0011fba                VAS::getForeignPageTableEntry(bool, unsigned long)
                0x00000000c0011fe6                VAS::getPageTableEntry(unsigned long)
                0x00000000c0012005                Virt::freeKernelVirtualPages(unsigned long)
                0x00000000c0012128                VAS::freeAllocatedPages(unsigned long)
                0x00000000c001214c                VAS::virtualToPhysical(unsigned long)
                0x00000000c0012164                VAS::reflagRange(unsigned long, int, int, int)
                0x00000000c00121a4                VAS::setToWriteCombining(unsigned long, int)
                0x00000000c00121d6                VAS::mapOtherVASIn(bool, VAS*)
                0x00000000c0012200                VAS::~VAS()
                0x00000000c0012200                VAS::~VAS()
                0x00000000c001236c                VAS::mapPage(unsigned long, unsigned long, int)
                0x00000000c001246c                VAS::allocatePages(int, int)
                0x00000000c0012644                VAS::setCPUSpecific(unsigned long)
                0x00000000c0012660                VAS::mapRange(unsigned long, unsigned long, int, int)
                0x00000000c0012726                VAS::mapForeignPage(bool, VAS*, unsigned long, unsigned long, int)
                0x00000000c0012814                VAS::VAS(bool)
                0x00000000c0012814                VAS::VAS(bool)
                0x00000000c0012a7a                VAS::evict(unsigned long)
                0x00000000c0012b16                VAS::tryLoadBackOffDisk(unsigned long)
                0x00000000c0012cf6                VAS::scanForEviction()
                0x00000000c0012dcd                mapVASFirstTime
 .text          0x00000000c0012e89       0x95 coreobjs/c++.32
                0x00000000c0012e89                __cxa_atexit
                0x00000000c0012e8c                __cxa_finalize
                0x00000000c0012e8d                __stack_chk_fail
                0x00000000c0012ef9                __cxa_pure_virtual
                0x00000000c0012f0a                operator new[](unsigned long)
                0x00000000c0012f0f                operator delete(void*, unsigned long)
                0x00000000c0012f14                operator delete[](void*)
                0x00000000c0012f19                operator delete[](void*, unsigned long)
 .text          0x00000000c0012f1e      0x1ef dbg/kconsole.32
                0x00000000c0012f1e                Dbg::stringifyxWithBase(unsigned int, char*, int)
                0x00000000c0012f7f                Dbg::logc(char)
                0x00000000c0012f96                Dbg::logs(char*)
                0x00000000c0012fb3                Dbg::logWriteInt(unsigned int)
                0x00000000c0012fd0                Dbg::logWriteIntBase(unsigned int, int)
                0x00000000c0012fef                Dbg::kprintf(char const*, ...)
 *fill*         0x00000000c001310d        0x1 
 .text          0x00000000c001310e      0xb7c fs/vfs.32
                0x00000000c001310e                File::read(unsigned long long, void*, int*)
                0x00000000c0013166                File::write(unsigned long long, void*, int*)
                0x00000000c00131be                Directory::read(unsigned long long, void*, int*)
                0x00000000c0013216                Directory::write(unsigned long long, void*, int*)
                0x00000000c0013244                File::isAtty()
                0x00000000c0013248                Directory::isAtty()
                0x00000000c001324c                Filesystem::getlabel(LogicalDisk*, int, char*, unsigned int*)
                0x00000000c0013252                Filesystem::setlabel(LogicalDisk*, int, char*)
                0x00000000c0013258                File::~File()
                0x00000000c0013258                File::~File()
                0x00000000c001327c                File::~File()
                0x00000000c00132a6                Directory::~Directory()
                0x00000000c00132a6                Directory::~Directory()
                0x00000000c00132ca                Directory::~Directory()
                0x00000000c00132f4                Filesystem::Filesystem()
                0x00000000c00132f4                Filesystem::Filesystem()
                0x00000000c0013318                Filesystem::~Filesystem()
                0x00000000c0013318                Filesystem::~Filesystem()
                0x00000000c0013326                Filesystem::~Filesystem()
                0x00000000c001334a                Fs::getcwd(Process*, char*, int)
                0x00000000c0013374                Fs::initVFS()
                0x00000000c001339e                Fs::standardiseFiles(char*, char const*, char const*)
                0x00000000c0013548                File::File(char const*, Process*)
                0x00000000c0013548                File::File(char const*, Process*)
                0x00000000c00135ac                File::open(FileOpenMode)
                0x00000000c001360a                File::close()
                0x00000000c001366a                File::seek(unsigned long long)
                0x00000000c00136c0                File::tell(unsigned long long*)
                0x00000000c0013710                File::rewind()
                0x00000000c0013724                File::unlink()
                0x00000000c0013770                File::rename(char const*)
                0x00000000c00137be                File::chfatattr(unsigned char, unsigned char)
                0x00000000c001381a                File::exists()
                0x00000000c0013858                File::stat(unsigned long long*, bool*)
                0x00000000c00138b9                Fs::setcwd(Process*, char*)
                0x00000000c00139f4                Directory::Directory(char const*, Process*)
                0x00000000c00139f4                Directory::Directory(char const*, Process*)
                0x00000000c0013a58                Directory::open()
                0x00000000c0013ab4                Directory::close()
                0x00000000c0013b14                Directory::unlink()
                0x00000000c0013b60                Directory::rename(char const*)
                0x00000000c0013bae                Directory::exists()
                0x00000000c0013bec                Directory::read(dirent*)
                0x00000000c0013c38                Directory::create()
                0x00000000c0013c84                Filesystem::chfatattr(char const*, unsigned char, unsigned char)
 .text          0x00000000c0013c8a       0x84 hal/bus.32
                0x00000000c0013c8a                Bus::Bus(char const*)
                0x00000000c0013c8a                Bus::Bus(char const*)
                0x00000000c0013cc0                Bus::~Bus()
                0x00000000c0013cc0                Bus::~Bus()
                0x00000000c0013ce4                Bus::~Bus()
 .text          0x00000000c0013d0e      0x14e hal/buzzer.32
                0x00000000c0013d0e                Buzzer::Buzzer(char const*)
                0x00000000c0013d0e                Buzzer::Buzzer(char const*)
                0x00000000c0013d52                Buzzer::~Buzzer()
                0x00000000c0013d52                Buzzer::~Buzzer()
                0x00000000c0013d76                Buzzer::~Buzzer()
                0x00000000c0013da0                Buzzer::stop()
                0x00000000c0013db3                beepThread(void*)
                0x00000000c0013dee                Buzzer::beep(int, int, bool)
 .text          0x00000000c0013e5c      0x467 hal/clock.32
                0x00000000c0013e5c                User::loadClockSettings(int)
                0x00000000c0013eae                Clock::Clock(char const*)
                0x00000000c0013eae                Clock::Clock(char const*)
                0x00000000c0013ee4                Clock::~Clock()
                0x00000000c0013ee4                Clock::~Clock()
                0x00000000c0013f08                Clock::~Clock()
                0x00000000c0013f32                Clock::timeInSecondsLocal()
                0x00000000c0013f7a                Clock::setTimeInSecondsLocal(unsigned long long)
                0x00000000c0013fd3                datetimeToSeconds(datetime_t)
                0x00000000c00140fa                Clock::setTimeInDatetimeLocal(datetime_t)
                0x00000000c001415a                secondsToDatetime(unsigned long long)
                0x00000000c001429e                Clock::timeInDatetimeLocal()
 *fill*         0x00000000c00142c3        0x1 
 .text          0x00000000c00142c4      0x4de hal/device.32
                0x00000000c00142c4                Device::hibernate()
                0x00000000c00142c6                Device::wake()
                0x00000000c00142c8                Device::detect()
                0x00000000c00142ca                Device::disableLegacy()
                0x00000000c00142cc                Device::powerSaving(PowerSavingLevel)
                0x00000000c00142ce                DriverlessDevice::close(int, int, void*)
                0x00000000c00142d2                DriverlessDevice::detect()
                0x00000000c00142d4                DriverlessDevice::open(int, int, void*)
                0x00000000c00142e8                Device::~Device()
                0x00000000c00142e8                Device::~Device()
                0x00000000c00142f6                Device::~Device()
                0x00000000c001431e                Device::findAndLoadDriver()
                0x00000000c0014320                Device::preOpenPCI(PCIDeviceInfo)
                0x00000000c0014346                Device::preOpenACPI(void*, char*, char*)
                0x00000000c001439a                Device::addIRQHandler(int, void (*)(regs*, void*), bool, void*)
                0x00000000c00143d8                Device::removeIRQHandler(int, void (*)(regs*, void*), bool)
                0x00000000c0014416                Device::addChild(Device*)
                0x00000000c001445a                Device::removeAllChildren()
                0x00000000c00144a0                Device::hibernateAll()
                0x00000000c00144d0                Device::wakeAll()
                0x00000000c0014500                Device::detectAll()
                0x00000000c0014530                Device::disableLegacyAll()
                0x00000000c0014560                Device::loadDriversForAll()
                0x00000000c001458c                Device::closeAll()
                0x00000000c00145c2                Device::powerSavingAll(PowerSavingLevel)
                0x00000000c00145f8                Device::setName(char const*)
                0x00000000c0014606                Device::Device(char const*)
                0x00000000c0014606                Device::Device(char const*)
                0x00000000c0014702                Device::getName()
                0x00000000c001470c                DriverlessDevice::DriverlessDevice(char const*)
                0x00000000c001470c                DriverlessDevice::DriverlessDevice(char const*)
                0x00000000c0014734                Device::addToLinkedList(LinkedList<Device>&, DeviceType)
                0x00000000c0014778                getDevicesOfType(DeviceType)
 .text          0x00000000c00147a2       0x84 hal/diskctrl.32
                0x00000000c00147a2                HardDiskController::HardDiskController(char const*)
                0x00000000c00147a2                HardDiskController::HardDiskController(char const*)
                0x00000000c00147d8                HardDiskController::~HardDiskController()
                0x00000000c00147d8                HardDiskController::~HardDiskController()
                0x00000000c00147fc                HardDiskController::~HardDiskController()
 .text          0x00000000c0014826       0xf2 hal/diskphys.32
                0x00000000c0014826                PhysicalDisk::eject()
                0x00000000c001483a                PhysicalDisk::PhysicalDisk(char const*, int)
                0x00000000c001483a                PhysicalDisk::PhysicalDisk(char const*, int)
                0x00000000c00148a2                PhysicalDisk::startCache()
                0x00000000c00148ca                PhysicalDisk::~PhysicalDisk()
                0x00000000c00148ca                PhysicalDisk::~PhysicalDisk()
                0x00000000c00148ee                PhysicalDisk::~PhysicalDisk()
 .text          0x00000000c0014918      0x13b hal/fpu.32
                0x00000000c0014918                FPU::FPU(char const*)
                0x00000000c0014918                FPU::FPU(char const*)
                0x00000000c001494e                FPU::~FPU()
                0x00000000c001494e                FPU::~FPU()
                0x00000000c0014972                FPU::~FPU()
                0x00000000c001499c                setupFPU()
 *fill*         0x00000000c0014a53        0x1 
 .text          0x00000000c0014a54     0x13b3 hal/intctrl.32
                0x00000000c0014a54                InterruptController::uninstallISRHandler(int, void (*)(regs*, void*))
                0x00000000c0014a8c                InterruptController::installISRHandler(int, void (*)(regs*, void*), void*)
                0x00000000c0014ade                doubleFault(regs*, void*)
                0x00000000c0014af8                InterruptController::installIRQHandler(int, void (*)(regs*, void*), bool, void*)
                0x00000000c0014b94                InterruptController::clearAllHandlers(int, bool)
                0x00000000c0014c3c                InterruptController::uninstallIRQHandler(int, void (*)(regs*, void*), bool)
                0x00000000c0014cc3                nmiHandler(regs*, void*)
                0x00000000c0014cd1                int_handler
                0x00000000c0014d72                InterruptController::InterruptController(char const*)
                0x00000000c0014d72                InterruptController::InterruptController(char const*)
                0x00000000c0014e18                InterruptController::~InterruptController()
                0x00000000c0014e18                InterruptController::~InterruptController()
                0x00000000c0014e3c                InterruptController::~InterruptController()
                0x00000000c0014e66                displayDebugInfo(regs*)
                0x00000000c00152f5                x87EmulHandler(regs*, void*)
                0x00000000c0015324                gpFault(regs*, void*)
                0x00000000c001535d                pgFault(regs*, void*)
                0x00000000c00153a5                otherISRHandler(regs*, void*)
                0x00000000c00153c4                opcodeFault(regs*, void*)
                0x00000000c00159ca                displayProgramFault(char const*)
                0x00000000c00159f2                setupInterruptController()
                0x00000000c0015dba                InterruptController::convertLegacyIRQNumber(int)
 *fill*         0x00000000c0015e07        0x1 
 .text          0x00000000c0015e08      0x6c8 hal/keybrd.32
                0x00000000c0015e08                startGUI(void*)
                0x00000000c0015e64                startGUIVESA(void*)
                0x00000000c0015ec0                sendKeyToTerminal(unsigned char)
                0x00000000c0015f2c                sendKeyboardToken(KeyboardToken)
                0x00000000c0016369                clearInternalKeybuffer(VgaText*)
                0x00000000c001639e                readKeyboard(VgaText*, char*, unsigned long)
                0x00000000c0016446                Keyboard::Keyboard(char const*)
                0x00000000c0016446                Keyboard::Keyboard(char const*)
                0x00000000c0016482                Keyboard::~Keyboard()
                0x00000000c0016482                Keyboard::~Keyboard()
                0x00000000c00164a6                Keyboard::~Keyboard()
 .text          0x00000000c00164d0      0x414 hal/logidisk.32
                0x00000000c00164d0                LogicalDisk::close(int, int, void*)
                0x00000000c00164d4                LogicalDisk::~LogicalDisk()
                0x00000000c00164d4                LogicalDisk::~LogicalDisk()
                0x00000000c00164f8                LogicalDisk::~LogicalDisk()
                0x00000000c0016522                LogicalDisk::open(int, int, void*)
                0x00000000c0016536                LogicalDisk::absoluteToRelative(unsigned long long)
                0x00000000c001656e                LogicalDisk::relativeToAbsolute(unsigned long long)
                0x00000000c00165b4                LogicalDisk::LogicalDisk(char const*, PhysicalDisk*, unsigned long long, unsigned long long)
                0x00000000c00165b4                LogicalDisk::LogicalDisk(char const*, PhysicalDisk*, unsigned long long, unsigned long long)
                0x00000000c001666a                LogicalDisk::assignDriveLetter()
                0x00000000c0016720                LogicalDisk::mount()
                0x00000000c0016792                LogicalDisk::unmount()
                0x00000000c00167a2                LogicalDisk::eject()
                0x00000000c00167b6                LogicalDisk::unassignDriveLetter()
                0x00000000c001680c                LogicalDisk::read(unsigned long long, int, void*)
                0x00000000c0016878                LogicalDisk::write(unsigned long long, int, void*)
 .text          0x00000000c00168e4       0x84 hal/mouse.32
                0x00000000c00168e4                Mouse::Mouse(char const*)
                0x00000000c00168e4                Mouse::Mouse(char const*)
                0x00000000c001691a                Mouse::~Mouse()
                0x00000000c001691a                Mouse::~Mouse()
                0x00000000c001693e                Mouse::~Mouse()
 .text          0x00000000c0016968      0x34d hal/partition.32
                0x00000000c0016968                makePartition(PhysicalDisk*, unsigned long long, unsigned long long)
                0x00000000c0016a24                createPartitionsForDisk(PhysicalDisk*)
 *fill*         0x00000000c0016cb5        0x1 
 .text          0x00000000c0016cb6       0x84 hal/serial.32
                0x00000000c0016cb6                Serial::Serial(char const*)
                0x00000000c0016cb6                Serial::Serial(char const*)
                0x00000000c0016cec                Serial::~Serial()
                0x00000000c0016cec                Serial::~Serial()
                0x00000000c0016d10                Serial::~Serial()
 .text          0x00000000c0016d3a      0x2b8 hal/timer.32
                0x00000000c0016d3a                Timer::Timer(char const*)
                0x00000000c0016d3a                Timer::Timer(char const*)
                0x00000000c0016d70                Timer::~Timer()
                0x00000000c0016d70                Timer::~Timer()
                0x00000000c0016d94                Timer::~Timer()
                0x00000000c0016dbe                Timer::read()
                0x00000000c0016dc9                timerHandler(unsigned long long)
                0x00000000c0016f00                setupTimer(int)
 .text          0x00000000c0016ff2      0x425 hal/vcache.32
                0x00000000c0016ff2                VCache::VCache(PhysicalDisk*)
                0x00000000c0016ff2                VCache::VCache(PhysicalDisk*)
                0x00000000c001715a                VCache::invalidateReadBuffer()
                0x00000000c001716a                VCache::writeWriteBuffer()
                0x00000000c00171a6                VCache::~VCache()
                0x00000000c00171a6                VCache::~VCache()
                0x00000000c00171fa                VCache::~VCache()
                0x00000000c0017222                VCache::write(unsigned long long, int, void*)
                0x00000000c0017318                VCache::read(unsigned long long, int, void*)
 *fill*         0x00000000c0017417        0x1 
 .text          0x00000000c0017418      0x4cd hal/video.32
                0x00000000c0017418                Video::putrect(int, int, int, int, unsigned int)
                0x00000000c0017464                Video::bitblit(int, int, int, int, int, int, int, unsigned int*)
                0x00000000c00174d4                Video::blit(unsigned int*, int, int, int, int)
                0x00000000c0017552                Video::clearScreen(unsigned int)
                0x00000000c0017586                Video::putpixel(int, int, unsigned int)
                0x00000000c0017594                Video::Video(char const*)
                0x00000000c0017594                Video::Video(char const*)
                0x00000000c00175ca                Video::~Video()
                0x00000000c00175ca                Video::~Video()
                0x00000000c00175ee                Video::~Video()
                0x00000000c0017618                Video::isMonochrome()
                0x00000000c0017624                Video::getWidth()
                0x00000000c0017630                Video::getHeight()
                0x00000000c001763c                Video::drawCursor(int, int, unsigned char*, int)
                0x00000000c00176f8                Video::tgaParse(unsigned char*, int, int*, int*)
                0x00000000c001787a                Video::putTGA(int, int, unsigned char*, int)
 *fill*         0x00000000c00178e5        0x1 
 .text          0x00000000c00178e6      0xf64 hw/acpi.32
                0x00000000c00178e6                ACPI::close(int, int, void*)
                0x00000000c001799b                findRSDP()
                0x00000000c0017a25                loadACPITables(unsigned char*)
                0x00000000c0017c4c                findRSDT(unsigned char*)
                0x00000000c0017d6a                findDataTable(unsigned char*, char*)
                0x00000000c0017e06                scanMADT()
                0x00000000c001828c                ACPI::ACPI()
                0x00000000c001828c                ACPI::ACPI()
                0x00000000c00182f6                ACPI::getPCIIRQAssignment(unsigned char, unsigned short, unsigned char)
                0x00000000c00183d8                ACPI::registerPCIIRQAssignment(void*, unsigned short, unsigned char, unsigned char)
                0x00000000c001849e                ACPI::setScreenBrightnessLevel(void*, int)
                0x00000000c00184a4                ACPI::writeSimpleBootFlag(SimpleBootFlagTable*)
                0x00000000c00184ec                ACPI::open(int, int, void*)
                0x00000000c0018832                ACPI::sleep()
 .text          0x00000000c001884a     0x1715 hw/cpu.32
                0x00000000c001884a                CPU::close(int, int, void*)
                0x00000000c001884e                CPU::lookupAMDName(unsigned char, unsigned char)
                0x00000000c00189e2                CPU::lookupIntelName(unsigned char, unsigned char)
                0x00000000c0018c90                CPU::AMD_K6_write_msr(unsigned int, unsigned int, unsigned int, CPU::REGS*)
                0x00000000c0018cac                CPU::AMD_K6_read_msr(unsigned int, CPU::REGS*)
                0x00000000c0018cc4                CPU::AMD_K6_writeback(int, int, int)
                0x00000000c0018d38                CPU::cpuid(int, unsigned long*, unsigned long*, unsigned long*, unsigned long*)
                0x00000000c0018dbc                CPU::cpuidCheckEDX(unsigned int)
                0x00000000c0018dea                CPU::cpuidCheckECX(unsigned int)
                0x00000000c0018e18                CPU::cpuidCheckExtendedEBX(unsigned int)
                0x00000000c0018e46                CPU::cpuidCheckExtendedECX(unsigned int)
                0x00000000c0018e74                CPU::CPU()
                0x00000000c0018e74                CPU::CPU()
                0x00000000c0018f02                CPU::displayFeatures()
                0x00000000c001917e                CPU::detectFeatures()
                0x00000000c0019b6e                CPU::setupSMEP()
                0x00000000c0019b7a                CPU::setupUMIP()
                0x00000000c0019b84                CPU::setupTSC()
                0x00000000c0019b8e                CPU::setupLargePages()
                0x00000000c0019b98                CPU::setupPAT()
                0x00000000c0019bd4                CPU::setupMTRR()
                0x00000000c0019bd6                CPU::setupGlobalPages()
                0x00000000c0019be0                CPU::allowUsermodeDataAccess()
                0x00000000c0019bf2                CPU::prohibitUsermodeDataAccess()
                0x00000000c0019c04                CPU::setupSMAP()
                0x00000000c0019c12                CPU::setupFeatures()
                0x00000000c0019c92                CPU::open(int, int, void*)
                0x00000000c0019d64                CPU::decodeAddress(regs*, int*, bool*, unsigned char*)
 .text          0x00000000c0019f5f        0x0 hw/ports.32
 .text          0x00000000c0019f5f      0x16a hw/smp.32
                0x00000000c0019f5f                Krnl::smpEntry()
                0x00000000c0019f61                Krnl::startCPU(int)
                0x00000000c001a0aa                Krnl::startCPUs()
 *fill*         0x00000000c001a0c9        0x1 
 .text          0x00000000c001a0ca      0x5d3 krnl/env.32
                0x00000000c001a0ca                EnvVarContainer::getEnv(char const*)
                0x00000000c001a108                EnvVarContainer::setEnv(char const*, char const*)
                0x00000000c001a1d4                EnvVarContainer::deleteEnv(char const*)
                0x00000000c001a1d6                EnvVarContainer::loadFrom(char const*, char const*)
                0x00000000c001a3cc                EnvVarContainer::__loadSystem()
                0x00000000c001a3e6                EnvVarContainer::__loadUser()
                0x00000000c001a3e8                EnvVarContainer::EnvVarContainer(Process*)
                0x00000000c001a3e8                EnvVarContainer::EnvVarContainer(Process*)
                0x00000000c001a40a                EnvVarContainer::~EnvVarContainer()
                0x00000000c001a40a                EnvVarContainer::~EnvVarContainer()
                0x00000000c001a43a                Krnl::getEnv(Process*, char const*)
                0x00000000c001a49f                Krnl::setEnvSystem(char const*, char const*)
                0x00000000c001a4b9                Krnl::setEnvUser(char const*, char const*)
                0x00000000c001a4d8                Krnl::setEnvProcess(Process*, char const*, char const*)
                0x00000000c001a4eb                Krnl::deleteEnvSystem(char const*)
                0x00000000c001a4ec                Krnl::deleteEnvUser(char const*)
                0x00000000c001a4ed                Krnl::deleteEnvProcess(Process*, char const*)
                0x00000000c001a4ee                Krnl::newProcessEnv(Process*)
                0x00000000c001a510                Krnl::copyProcessEnv(Process*, Process*)
                0x00000000c001a564                Krnl::loadSystemEnv()
                0x00000000c001a592                Krnl::loadUserEnv()
                0x00000000c001a5b8                Krnl::flushEnv()
                0x00000000c001a5b9                Krnl::getProcessTotalEnvCount(Process*)
                0x00000000c001a5d9                Krnl::getProcessEnvPair(Process*, int)
 .text          0x00000000c001a69d      0x396 krnl/panic.32
                0x00000000c001a69d                Krnl::panic(char const*)
 .text          0x00000000c001aa33      0x3b6 net/ethernet.32
                0x00000000c001aa33                Net::switchEndian16(unsigned short)
                0x00000000c001aa54                Net::switchEndian32(unsigned int)
                0x00000000c001aa83                Net::crc32Calc(unsigned char*, int)
                0x00000000c001ab14                Net::wrapEthernetFrame(Net::UnwrappedEthernetFrame, unsigned char*)
                0x00000000c001ac50                Net::unwrapEthernetFrame(unsigned char*, int)
 .text          0x00000000c001ade9      0x513 reg/registry.32
                0x00000000c001ade9                Reg::findLineFromLoadedData(char*, char*, char*)
                0x00000000c001af41                Reg::getLineFromRegistry(char*, char*, char*, char*)
                0x00000000c001b096                Reg::getLine(char*, char*, char*)
                0x00000000c001b0cd                Reg::readInt(char*, char*, int*)
                0x00000000c001b1b8                Reg::readString(char*, char*, char*, int)
                0x00000000c001b239                Reg::readBool(char*, char*, bool*)
                0x00000000c001b25e                Reg::readBoolWithDefault(char*, char*, bool)
                0x00000000c001b28a                Reg::readIntWithDefault(char*, char*, int)
                0x00000000c001b2b6                Reg::readStringWithDefault(char*, char*, char*, int, char*)
 .text          0x00000000c001b2fc       0x36 sys/sc_eject.32
                0x00000000c001b2fc                Sys::eject(regs*)
 .text          0x00000000c001b332       0x18 sys/sc_exit.32
                0x00000000c001b332                Sys::exit(regs*)
 .text          0x00000000c001b34a       0x1f sys/sc_getcwd.32
                0x00000000c001b34a                Sys::getCwd(regs*)
 .text          0x00000000c001b369        0xc sys/sc_getpid.32
                0x00000000c001b369                Sys::getPID(regs*)
 .text          0x00000000c001b375       0x17 sys/sc_getramdata.32
                0x00000000c001b375                Sys::getRAMData(regs*)
 .text          0x00000000c001b38c       0xa8 sys/sc_loaddll.32
                0x00000000c001b38c                Sys::loadDLL(regs*)
 .text          0x00000000c001b434       0x68 sys/sc_read.32
                0x00000000c001b434                Sys::read(regs*)
 .text          0x00000000c001b49c       0x55 sys/sc_sbrk.32
                0x00000000c001b49c                Sys::sbrk(regs*)
 .text          0x00000000c001b4f1       0x1c sys/sc_setcwd.32
                0x00000000c001b4f1                Sys::setCwd(regs*)
 .text          0x00000000c001b50d      0x128 sys/sc_settime.32
                0x00000000c001b50d                Sys::setTime(regs*)
 .text          0x00000000c001b635       0x4a sys/sc_timezone.32
                0x00000000c001b635                Sys::timezone(regs*)
 .text          0x00000000c001b67f       0x68 sys/sc_write.32
                0x00000000c001b67f                Sys::write(regs*)
 .text          0x00000000c001b6e7       0x62 sys/sc_wsbe.32
                0x00000000c001b6e7                Sys::wsbe(regs*)
 .text          0x00000000c001b749       0x3b sys/sc_yield.32
                0x00000000c001b749                Sys::yield(regs*)
 .text          0x00000000c001b784     0x10e5 sys/syscalls.32
                0x00000000c001b784                sysCallSeekDir(regs*)
                0x00000000c001b789                sysCallTellDir(regs*)
                0x00000000c001b78e                sysCallVerify(regs*)
                0x00000000c001b798                sysFormatDisk(regs*)
                0x00000000c001b802                sysSetDiskVolumeLabel(regs*)
                0x00000000c001b848                sysGetDiskVolumeLabel(regs*)
                0x00000000c001b899                sysShutdown(regs*)
                0x00000000c001b8f7                sysCallRealpath(regs*)
                0x00000000c001b93a                sysCallGetArgc(regs*)
                0x00000000c001b968                sysCallReadDir(regs*)
                0x00000000c001b9f6                sysCallIsATTY(regs*)
                0x00000000c001ba50                sysCallSeek(regs*)
                0x00000000c001bab9                sysCallTell(regs*)
                0x00000000c001bb36                sysCallSize(regs*)
                0x00000000c001bbb9                sysCallSizeFromFilename(regs*)
                0x00000000c001bc79                sysCallClose(regs*)
                0x00000000c001bd01                sysCallOpenDir(regs*)
                0x00000000c001bd76                sysCallCloseDir(regs*)
                0x00000000c001bddc                sysCallMakeDir(regs*)
                0x00000000c001be4c                sysCallWait(regs*)
                0x00000000c001be66                sysCallNotImpl(regs*)
                0x00000000c001be81                sysPanic(regs*)
                0x00000000c001bea7                sysCallRmdir(regs*)
                0x00000000c001bf0b                sysCallUnlink(regs*)
                0x00000000c001bf6f                sysCallGetArgv(regs*)
                0x00000000c001bfbb                sysCallTTYName(regs*)
                0x00000000c001c03e                sysCallUSleep(regs*)
                0x00000000c001c065                sysCallSpawn(regs*)
                0x00000000c001c0bd                sysCallGetEnv(regs*)
                0x00000000c001c1f5                sysAppSettings(regs*)
                0x00000000c001c314                sysSetFatAttrib(regs*)
                0x00000000c001c386                sysPipe(regs*)
                0x00000000c001c3cb                sysGetUnixTime(regs*)
                0x00000000c001c3df                string_ends_with(char const*, char const*)
                0x00000000c001c427                sysCallOpen(regs*)
                0x00000000c001c63c                Sys::loadSyscalls()
                0x00000000c001c827                Sys::systemCall(regs*, void*)
 .text          0x00000000c001c869     0x11ef thr/elf.32
                0x00000000c001c869                Thr::allocateMemoryForTask(Process*, File*, unsigned long, unsigned long, unsigned long)
                0x00000000c001cafb                Thr::loadProgramIntoMemory(Process*, char const*)
                0x00000000c001cd11                Thr::runtimeReferenceHelper()
                0x00000000c001cd24                Thr::getAddressOfKernelSymbol(char const*)
                0x00000000c001cd73                Thr::loadKernelSymbolTable(char const*)
                0x00000000c001d031                Thr::loadDriverIntoMemory(char const*, unsigned long, bool)
                0x00000000c001d74d                Thr::getDriverBaseFromAddress(unsigned long)
                0x00000000c001d77f                Thr::getDriverNameFromAddress(unsigned long)
                0x00000000c001d7b6                Thr::getDriverOffsetFromAddress(unsigned long)
                0x00000000c001d7d0                Thr::loadDLL(char const*, bool)
                0x00000000c001da1f                Thr::executeDLL(unsigned long, void*)
 .text          0x00000000c001da58     0x1056 thr/prcssthr.32
                0x00000000c001da58                changeTSS
                0x00000000c001da88                Process::addArgs(char**)
                0x00000000c001dae2                Process::Process(char const*, Process*, char**)
                0x00000000c001dae2                Process::Process(char const*, Process*, char**)
                0x00000000c001dcc6                Process::Process(bool, char const*, Process*, char**)
                0x00000000c001dcc6                Process::Process(bool, char const*, Process*, char**)
                0x00000000c001de75                disableIRQs()
                0x00000000c001de7d                getIRQNestingLevel()
                0x00000000c001de83                enableIRQs()
                0x00000000c001de92                lockScheduler()
                0x00000000c001de94                unlockScheduler()
                0x00000000c001de96                userModeEntryPoint(void*)
                0x00000000c001deb9                lockStuff()
                0x00000000c001dec5                taskStartupFunction
                0x00000000c001dece                updateTimeUsed()
                0x00000000c001df33                switchToThread(ThreadControlBlock*)
                0x00000000c001df84                Semaphore::Semaphore(int)
                0x00000000c001df84                Semaphore::Semaphore(int)
                0x00000000c001dfb2                Mutex::Mutex()
                0x00000000c001dfb2                Mutex::Mutex()
                0x00000000c001dfc4                Process::createThread(void (*)(void*), void*, int)
                0x00000000c001e0a8                Process::createUserThread()
                0x00000000c001e0c4                setupMultitasking(void (*)())
                0x00000000c001e1ce                schedule()
                0x00000000c001e253                unlockStuff()
                0x00000000c001e288                Semaphore::tryAcquire()
                0x00000000c001e2b6                Semaphore::assertLocked(char const*)
                0x00000000c001e2e6                blockTaskWithSchedulerLockAlreadyHeld(TaskState)
                0x00000000c001e328                blockTask(TaskState)
                0x00000000c001e349                waitTask(int, int*, int)
                0x00000000c001e38b                nanoSleepUntil(unsigned long long)
                0x00000000c001e3e2                nanoSleep(unsigned long long)
                0x00000000c001e3f7                sleep(unsigned long long)
                0x00000000c001e414                Semaphore::acquire()
                0x00000000c001e47c                taskReturned
                0x00000000c001e4aa                unblockTask(ThreadControlBlock*)
                0x00000000c001e559                cleanupTerminatedTask(ThreadControlBlock*)
                0x00000000c001e822                cleanerTaskFunction(void*)
                0x00000000c001e8d5                terminateTask(int)
                0x00000000c001e9b5                Thr::terminateFromIRQ(int)
                0x00000000c001e9c2                Semaphore::release()
 .text          0x00000000c001eaae      0xc26 vm86/vm8086.32
                0x00000000c001eaae                Vm::inbv(unsigned short)
                0x00000000c001eac1                Vm::outbv(unsigned short, unsigned char)
                0x00000000c001eb14                Vm::realToLinear(unsigned short, unsigned short)
                0x00000000c001eb24                Vm::getSegment(unsigned int)
                0x00000000c001eb2c                Vm::getOffset(unsigned int)
                0x00000000c001eb31                Vm::mainloop2()
                0x00000000c001eb6c                Vm::mainVm8086Loop(void*)
                0x00000000c001eb79                Vm::mainloop3(unsigned long)
                0x00000000c001eba3                Vm::initialise8086()
                0x00000000c001ebe6                Vm::finish8086()
                0x00000000c001ec2b                Vm::getOutput8086(unsigned char*)
                0x00000000c001ec55                Vm::start8086(char const*, unsigned short, unsigned short, unsigned short, unsigned short)
                0x00000000c001eda5                Vm::doISR(regs*, int, unsigned char*, unsigned short, unsigned short)
                0x00000000c001ee2f                Vm::readByteFromReal(unsigned short, unsigned short)
                0x00000000c001ee40                Vm::readWordFromReal(unsigned short, unsigned short)
                0x00000000c001ee52                Vm::readDwordFromReal(unsigned short, unsigned short)
                0x00000000c001ee63                Vm::writeByteFromReal(unsigned short, unsigned short, unsigned char)
                0x00000000c001ee78                Vm::writeWordFromReal(unsigned short, unsigned short, unsigned short)
                0x00000000c001ee8e                Vm::writeDwordFromReal(unsigned short, unsigned short, unsigned int)
                0x00000000c001eea3                Vm::faultHandler(regs*)
 .text          0x00000000c001f6d4      0xefd vm86/x87em.32
                0x00000000c001f6d4                Vm::fpuInternalTo32(unsigned long long)
                0x00000000c001f72f                Vm::fpuInternalTo64(unsigned long long)
                0x00000000c001f738                Vm::fpu32ToInternal(unsigned int)
                0x00000000c001f77d                Vm::fpu64ToInternal(unsigned long long)
                0x00000000c001f786                Vm::fpuFloatToLong(unsigned long long)
                0x00000000c001f7e1                Vm::fpuULongToFloat(unsigned long long)
                0x00000000c001f817                Vm::fpuLongToFloat(long long)
                0x00000000c001f86d                Vm::fpuGet0()
                0x00000000c001f872                Vm::fpuGet1()
                0x00000000c001f87a                Vm::fpuGetPi()
                0x00000000c001f882                Vm::fpuGetLog2E()
                0x00000000c001f89a                Vm::fpuGetLogE2()
                0x00000000c001f8b2                Vm::fpuGetLog210()
                0x00000000c001f8ca                Vm::fpuGetLog102()
                0x00000000c001f8e2                Vm::fpuIsSecondLarger(unsigned long long, unsigned long long)
                0x00000000c001f8f6                Vm::fpuAreEqual(unsigned long long, unsigned long long)
                0x00000000c001f90c                Vm::fpuUnorderedCompare(unsigned long long, unsigned long long)
                0x00000000c001f95f                Vm::fpuAdd(unsigned long long, unsigned long long)
                0x00000000c001f970                Vm::fpuAbs(unsigned long long)
                0x00000000c001f979                Vm::fpuChs(unsigned long long)
                0x00000000c001f989                Vm::fpuSub(unsigned long long, unsigned long long)
                0x00000000c001f998                Vm::fpuMultiply(unsigned long long, unsigned long long)
                0x00000000c001f9b7                Vm::fpuDivide(unsigned long long, unsigned long long)
                0x00000000c001f9d3                Vm::fpuSquare(unsigned long long)
                0x00000000c001f9e9                Vm::fpuGetReg(int)
                0x00000000c001fa2c                Vm::fpuSetReg(int, unsigned long long)
                0x00000000c001fa77                Vm::fpuPush(unsigned long long)
                0x00000000c001fad4                Vm::fpuPop()
                0x00000000c001fb26                Vm::x87Handler(regs*)
 *fill*         0x00000000c00205d1        0x1 
 .text          0x00000000c00205d2     0x10ed fs/fat/vfslink.32
                0x00000000c00205d2                FAT::getName()
                0x00000000c00205d8                FAT::tell(void*, unsigned long long*)
                0x00000000c002060c                FAT::stat(void*, unsigned long long*)
                0x00000000c0020640                FAT::~FAT()
                0x00000000c0020640                FAT::~FAT()
                0x00000000c0020664                FAT::~FAT()
                0x00000000c002068c                FAT::getlabel(LogicalDisk*, int, char*, unsigned int*)
                0x00000000c002072a                FAT::setlabel(LogicalDisk*, int, char*)
                0x00000000c00207e4                FAT::format(LogicalDisk*, int, char const*, int)
                0x00000000c00209c8                FAT::tryMount(LogicalDisk*, int)
                0x00000000c0020bce                FAT::readDir(void*, unsigned long, void*, int*)
                0x00000000c0020cd4                FAT::read(void*, unsigned long, void*, int*)
                0x00000000c0020d2e                FAT::write(void*, unsigned long, void*, int*)
                0x00000000c0020d88                FAT::close(void*)
                0x00000000c0020dd4                FAT::closeDir(void*)
                0x00000000c0020e20                FAT::seek(void*, unsigned long long)
                0x00000000c0020e74                fatWrapperReadDisk
                0x00000000c0020ebb                fatWrapperWriteDisk
                0x00000000c0020f02                fatWrapperIoctl
                0x00000000c0021006                FAT::FAT()
                0x00000000c0021006                FAT::FAT()
                0x00000000c0021058                FAT::fixFilepath(char*)
                0x00000000c0021090                FAT::open(char const*, void**, FileOpenMode)
                0x00000000c00211b8                FAT::openDir(char const*, void**)
                0x00000000c002125e                FAT::stat(char const*, unsigned long long*, bool*)
                0x00000000c0021348                FAT::unlink(char const*)
                0x00000000c00213c2                FAT::chfatattr(char const*, unsigned char, unsigned char)
                0x00000000c0021516                FAT::rename(char const*, char const*)
                0x00000000c00215da                FAT::mkdir(char const*)
                0x00000000c0021654                FAT::exists(char const*)
 *fill*         0x00000000c00216bf        0x1 
 .text          0x00000000c00216c0      0xbc1 fs/iso9660/vfslink.32
                0x00000000c00216c0                ISO9660::format(LogicalDisk*, int, char const*, int)
                0x00000000c00216c6                ISO9660::seek(void*, unsigned long long)
                0x00000000c00216f6                ISO9660::tell(void*, unsigned long long*)
                0x00000000c002171a                ISO9660::getName()
                0x00000000c0021720                ISO9660::stat(void*, unsigned long long*)
                0x00000000c0021744                ISO9660::chfatattr(char const*, unsigned char, unsigned char)
                0x00000000c002174a                ISO9660::unlink(char const*)
                0x00000000c0021750                ISO9660::write(void*, unsigned long, void*, int*)
                0x00000000c0021756                ISO9660::rename(char const*, char const*)
                0x00000000c002175c                ISO9660::mkdir(char const*)
                0x00000000c0021762                ISO9660::close(void*)
                0x00000000c0021784                ISO9660::closeDir(void*)
                0x00000000c00217a6                ISO9660::~ISO9660()
                0x00000000c00217a6                ISO9660::~ISO9660()
                0x00000000c00217ca                ISO9660::~ISO9660()
                0x00000000c00217f1                __memmem(unsigned char*, int, unsigned char*, int)
                0x00000000c0021833                readSectorFromCDROM(unsigned int, unsigned char*, char)
                0x00000000c002189a                ISO9660::tryMount(LogicalDisk*, int)
                0x00000000c00218ea                ISO9660::read(void*, unsigned long, void*, int*)
                0x00000000c0021aea                ISO9660::readDir(void*, unsigned long, void*, int*)
                0x00000000c0021d77                readRoot(unsigned int*, unsigned int*, char)
                0x00000000c0021dcc                readRecursively(char*, unsigned int, unsigned int, unsigned int*, unsigned int*, char, int*)
                0x00000000c0021f9f                getFileData(char*, unsigned int*, unsigned int*, char, int*)
                0x00000000c002202e                ISO9660::open(char const*, void**, FileOpenMode)
                0x00000000c00220ee                ISO9660::exists(char const*)
                0x00000000c0022112                ISO9660::stat(char const*, unsigned long long*, bool*)
                0x00000000c00221a6                ISO9660::openDir(char const*, void**)
                0x00000000c002225e                ISO9660::ISO9660()
                0x00000000c002225e                ISO9660::ISO9660()
 *fill*         0x00000000c0022281        0x1 
 .text          0x00000000c0022282      0x326 hal/sound/sndchannel.32
                0x00000000c0022282                SoundChannel::~SoundChannel()
                0x00000000c0022282                SoundChannel::~SoundChannel()
                0x00000000c002229e                SoundChannel::setSpeed(float)
                0x00000000c00222aa                SoundChannel::getSpeed()
                0x00000000c00222b2                SoundChannel::setVolume(int)
                0x00000000c00222ce                SoundChannel::getVolume()
                0x00000000c00222d6                SoundChannel::pause()
                0x00000000c00222e0                SoundChannel::SoundChannel(int, int, int, int)
                0x00000000c00222e0                SoundChannel::SoundChannel(int, int, int, int)
                0x00000000c0022436                SoundChannel::play()
                0x00000000c0022440                SoundChannel::paused()
                0x00000000c0022448                SoundChannel::getSampleRate()
                0x00000000c0022450                SoundChannel::getBits()
                0x00000000c0022458                SoundChannel::getBufferUsed()
                0x00000000c0022460                SoundChannel::getBufferSize()
                0x00000000c0022468                SoundChannel::unbuffer(float*, int, int)
                0x00000000c0022508                SoundChannel::buffer8(unsigned char*, int)
 .text          0x00000000c00225a8      0x3d5 hal/sound/sndhw.32
                0x00000000c00225a8                SoundDevice::SoundDevice(char const*)
                0x00000000c00225a8                SoundDevice::SoundDevice(char const*)
                0x00000000c0022614                SoundDevice::~SoundDevice()
                0x00000000c0022614                SoundDevice::~SoundDevice()
                0x00000000c002268e                SoundDevice::~SoundDevice()
                0x00000000c00226b8                SoundDevice::getFreeChannelNum()
                0x00000000c00226d2                SoundDevice::addChannel(SoundChannel*)
                0x00000000c0022742                SoundDevice::removeChannel(int)
                0x00000000c0022774                SoundDevice::floatTo8(float*, unsigned char*, int)
                0x00000000c002285c                SoundDevice::getAudio(int, float*, float*)
 .text          0x00000000c002297d        0x0 hw/bus/isa.32
 *fill*         0x00000000c002297d        0x1 
 .text          0x00000000c002297e      0x6c3 hw/bus/pci.32
                0x00000000c002297e                PCI::open(int, int, void*)
                0x00000000c0022992                PCI::close(int, int, void*)
                0x00000000c0022996                PCI::PCI()
                0x00000000c0022996                PCI::PCI()
                0x00000000c0022a16                PCI::pciReadWord(unsigned char, unsigned char, unsigned char, unsigned char)
                0x00000000c0022a5e                PCI::getVendorID(unsigned char, unsigned char, unsigned char)
                0x00000000c0022a80                PCI::getHeaderType(unsigned char, unsigned char, unsigned char)
                0x00000000c0022aa4                PCI::getClassCode(unsigned char, unsigned char, unsigned char)
                0x00000000c0022ae8                PCI::getProgIF(unsigned char, unsigned char, unsigned char)
                0x00000000c0022b0c                PCI::getRevisionID(unsigned char, unsigned char, unsigned char)
                0x00000000c0022b2e                PCI::getInterruptNumber(unsigned char, unsigned char, unsigned char)
                0x00000000c0022b50                PCI::getSecondaryBus(unsigned char, unsigned char, unsigned char)
                0x00000000c0022b74                PCI::getBARAddress(unsigned char, unsigned char, unsigned char, unsigned char)
                0x00000000c0022bd4                PCI::pciWriteWord(unsigned char, unsigned char, unsigned char, unsigned char, unsigned short)
                0x00000000c0022c40                PCI::checkBus(unsigned char)
                0x00000000c0022c64                PCI::foundDevice(PCIDeviceInfo)
                0x00000000c0022dd6                PCI::getDeviceData(unsigned char, unsigned char, unsigned char)
                0x00000000c0022f82                PCI::checkDevice(unsigned char, unsigned char)
                0x00000000c0022fee                PCI::detect()
 *fill*         0x00000000c0023041        0x1 
 .text          0x00000000c0023042      0xc70 hw/diskctrl/ide.32
                0x00000000c0023042                IDE::close(int, int, void*)
                0x00000000c0023046                IDE::IDE()
                0x00000000c0023046                IDE::IDE()
                0x00000000c002307a                IDE::prepareInterrupt(unsigned char)
                0x00000000c002308c                selectDrive(unsigned char, unsigned char)
                0x00000000c002308e                IDE::getBase(unsigned char)
                0x00000000c00230a0                IDE::write(unsigned char, unsigned char, unsigned char)
                0x00000000c0023160                IDE::read(unsigned char, unsigned char)
                0x00000000c002320e                IDE::waitInterrupt(unsigned char)
                0x00000000c0023274                ideChannel0IRQHandler(regs*, void*)
                0x00000000c0023290                ideChannel1IRQHandler(regs*, void*)
                0x00000000c00232ac                IDE::enableIRQs(unsigned char, bool)
                0x00000000c00232f2                IDE::open(int, int, void*)
                0x00000000c0023702                IDE::readBuffer(unsigned char, unsigned char, unsigned int, unsigned int)
                0x00000000c00237ce                IDE::detect()
                0x00000000c0023ab6                IDE::printError(unsigned char, unsigned char, unsigned char)
                0x00000000c0023c4c                IDE::polling(unsigned char, unsigned int)
 .text          0x00000000c0023cb2      0x390 hw/diskctrl/satabus.32
                0x00000000c0023cb2                SATABus::close(int, int, void*)
                0x00000000c0023cb6                SATABus::detect()
                0x00000000c0023cb8                SATABus::SATABus()
                0x00000000c0023cb8                SATABus::SATABus()
                0x00000000c0023d64                SATABus::findCmdslot(SATABus::tagHBA_PORT volatile*)
                0x00000000c0023dac                SATABus::checkType(SATABus::tagHBA_PORT volatile*)
                0x00000000c0023df4                SATABus::startCmd(SATABus::tagHBA_PORT volatile*)
                0x00000000c0023e14                SATABus::stopCmd(SATABus::tagHBA_PORT volatile*)
                0x00000000c0023e3e                SATABus::portRebase(SATABus::tagHBA_PORT volatile*, int)
                0x00000000c0023f44                SATABus::probePort(SATABus::tagHBA_MEM volatile*)
                0x00000000c0024022                SATABus::open(int, int, void*)
 .text          0x00000000c0024042      0x63c hw/diskphys/ata.32
                0x00000000c0024042                ATA::close(int, int, void*)
                0x00000000c0024066                ATA::powerSaving(PowerSavingLevel)
                0x00000000c0024068                ATA::ATA()
                0x00000000c0024068                ATA::ATA()
                0x00000000c0024096                ATA::flush(bool)
                0x00000000c00240e0                ATA::readyForCommand()
                0x00000000c0024130                ATA::access(unsigned long long, int, void*, bool)
                0x00000000c00244b8                ATA::read(unsigned long long, int, void*)
                0x00000000c0024520                ATA::write(unsigned long long, int, void*)
                0x00000000c0024588                ATA::detectCHS()
                0x00000000c00245b2                ATA::open(int, int, void*)
 .text          0x00000000c002467e      0x5bd hw/diskphys/atapi.32
                0x00000000c002467e                ATAPI::write(unsigned long long, int, void*)
                0x00000000c0024684                ATAPI::close(int, int, void*)
                0x00000000c00246a8                ATAPI::ATAPI()
                0x00000000c00246a8                ATAPI::ATAPI()
                0x00000000c00246d6                ATAPI::readyForCommand()
                0x00000000c0024726                ATAPI::sendPacket(unsigned char*, int, bool, unsigned short*, int)
                0x00000000c00249e6                ATAPI::diskRemoved()
                0x00000000c0024a02                ATAPI::eject()
                0x00000000c0024a4a                ATAPI::diskInserted()
                0x00000000c0024a78                ATAPI::detectMedia()
                0x00000000c0024b34                ATAPI::open(int, int, void*)
                0x00000000c0024bbc                ATAPI::read(unsigned long long, int, void*)
 *fill*         0x00000000c0024c3b        0x1 
 .text          0x00000000c0024c3c      0x455 hw/diskphys/sata.32
                0x00000000c0024c3c                SATA::close(int, int, void*)
                0x00000000c0024c60                SATA::powerSaving(PowerSavingLevel)
                0x00000000c0024c62                SATA::open(int, int, void*)
                0x00000000c0024d10                SATA::SATA()
                0x00000000c0024d10                SATA::SATA()
                0x00000000c0024d3e                SATA::access(unsigned long long, int, void*, bool)
                0x00000000c0024fa4                SATA::read(unsigned long long, int, void*)
                0x00000000c002500c                SATA::write(unsigned long long, int, void*)
 *fill*         0x00000000c0025091        0x1 
 .text          0x00000000c0025092      0x500 hw/diskphys/satapi.32
                0x00000000c0025092                SATAPI::write(unsigned long long, int, void*)
                0x00000000c0025098                SATAPI::close(int, int, void*)
                0x00000000c00250bc                SATAPI::SATAPI()
                0x00000000c00250bc                SATAPI::SATAPI()
                0x00000000c00250ea                SATAPI::diskRemoved()
                0x00000000c0025106                SATAPI::diskInserted()
                0x00000000c0025134                SATAPI::sendPacket(unsigned char*, int, unsigned long long, unsigned short*, int)
                0x00000000c0025338                SATAPI::eject()
                0x00000000c0025380                SATAPI::detectMedia()
                0x00000000c0025442                SATAPI::open(int, int, void*)
                0x00000000c00254f0                SATAPI::read(unsigned long long, int, void*)
 .text          0x00000000c0025592       0x8e hw/fpu/avx.32
                0x00000000c0025592                AVX::open(int, int, void*)
                0x00000000c00255a4                AVX::close(int, int, void*)
                0x00000000c00255b6                AVX::available()
                0x00000000c00255c8                AVX::save(void*)
                0x00000000c00255e0                AVX::load(void*)
                0x00000000c00255f8                AVX::AVX()
                0x00000000c00255f8                AVX::AVX()
 .text          0x00000000c0025620       0x90 hw/fpu/mmx.32
                0x00000000c0025620                MMX::available()
                0x00000000c0025634                MMX::open(int, int, void*)
                0x00000000c0025646                MMX::close(int, int, void*)
                0x00000000c0025658                MMX::save(void*)
                0x00000000c0025670                MMX::load(void*)
                0x00000000c0025688                MMX::MMX()
                0x00000000c0025688                MMX::MMX()
 .text          0x00000000c00256b0       0x96 hw/fpu/sse.32
                0x00000000c00256b0                SSE::open(int, int, void*)
                0x00000000c00256c2                SSE::close(int, int, void*)
                0x00000000c00256d4                SSE::available()
                0x00000000c00256ee                SSE::save(void*)
                0x00000000c0025706                SSE::load(void*)
                0x00000000c002571e                SSE::SSE()
                0x00000000c002571e                SSE::SSE()
 .text          0x00000000c0025746       0x8e hw/fpu/x87.32
                0x00000000c0025746                x87::open(int, int, void*)
                0x00000000c0025758                x87::close(int, int, void*)
                0x00000000c002576a                x87::available()
                0x00000000c002577c                x87::save(void*)
                0x00000000c0025794                x87::load(void*)
                0x00000000c00257ac                x87::x87()
                0x00000000c00257ac                x87::x87()
 .text          0x00000000c00257d4      0x71e hw/intctrl/apic.32
                0x00000000c00257d4                APIC::disable()
                0x00000000c00257d6                APIC::close(int, int, void*)
                0x00000000c00257f8                IOAPIC::close(int, int, void*)
                0x00000000c00257fe                APIC::io_wait()
                0x00000000c0025804                APIC::getBase()
                0x00000000c0025846                APIC::eoi(unsigned char)
                0x00000000c0025874                APIC::open(int, int, void*)
                0x00000000c00259c2                IOAPIC::IOAPIC()
                0x00000000c00259c2                IOAPIC::IOAPIC()
                0x00000000c00259ea                APIC::APIC()
                0x00000000c00259ea                APIC::APIC()
                0x00000000c0025ac6                IOAPIC::handlesGSIWithNumber(unsigned int)
                0x00000000c0025af8                IOAPIC::read(int)
                0x00000000c0025b20                IOAPIC::open(int, int, void*)
                0x00000000c0025c16                IOAPIC::write(int, int)
                0x00000000c0025c42                IOAPIC::redirect(unsigned char, unsigned long long, unsigned char, bool, bool)
                0x00000000c0025d3c                APIC::installIRQHandler(int, void (*)(regs*, void*), bool, void*)
 .text          0x00000000c0025ef2      0x3d3 hw/intctrl/pic.32
                0x00000000c0025ef2                PIC::disable()
                0x00000000c0025f20                PIC::close(int, int, void*)
                0x00000000c0025f42                PIC::PIC()
                0x00000000c0025f42                PIC::PIC()
                0x00000000c0026018                PIC::ioWait()
                0x00000000c002601e                PIC::getIRQReg(int)
                0x00000000c0026088                PIC::eoi(unsigned char)
                0x00000000c002611a                PIC::remap()
                0x00000000c0026286                PIC::open(int, int, void*)
 *fill*         0x00000000c00262c5        0x1 
 .text          0x00000000c00262c6      0x25e hw/timer/apictimer.32
                0x00000000c00262c6                APICTimer::close(int, int, void*)
                0x00000000c00262cc                apicTimerHandler(regs*, void*)
                0x00000000c00262fa                APICTimer::write(int)
                0x00000000c00263fe                APICTimer::open(int, int, void*)
                0x00000000c00264fc                APICTimer::APICTimer()
                0x00000000c00264fc                APICTimer::APICTimer()
 .text          0x00000000c0026524      0x1a7 hw/timer/pit.32
                0x00000000c0026524                PIT::write(int)
                0x00000000c00265a2                pitHandler(regs*, void*)
                0x00000000c00265ce                PIT::open(int, int, void*)
                0x00000000c002661c                PIT::close(int, int, void*)
                0x00000000c002664c                PIT::PIT()
                0x00000000c002664c                PIT::PIT()
 *fill*         0x00000000c00266cb        0x5 
 .text          0x00000000c00266d0       0x1e hw/fpu/x86/avx.32
                0x00000000c00266d0                avxDetect
                0x00000000c00266d6                avxSave
                0x00000000c00266d7                avxLoad
                0x00000000c00266d8                avxInit
                0x00000000c00266d9                avxClose
                0x00000000c00266da                wouldSheSayYes
 *fill*         0x00000000c00266ee        0x2 
 .text          0x00000000c00266f0       0x35 hw/fpu/x86/sse.32
                0x00000000c00266f0                absolutelyNoChanceInHell
                0x00000000c00266f0                sseDetect
                0x00000000c0026708                sseSave
                0x00000000c002670e                sseLoad
                0x00000000c0026714                sseInit
                0x00000000c0026724                sseClose
 *fill*         0x00000000c0026725        0xb 
 .text          0x00000000c0026730       0x47 hw/fpu/x86/x87.32
                0x00000000c0026736                x87Detect
                0x00000000c0026751                x87Save
                0x00000000c0026757                x87Load
                0x00000000c002675c                x87Init
                0x00000000c0026776                x87Close
 *fill*         0x00000000c0026777        0x1 
 .text          0x00000000c0026778       0x25 /cygdrive/d/Users/Alex/Desktop/Toolchain/Output/bin/../lib/gcc/i386-banana/8.1.0/crtend.o
 .text          0x00000000c002679d        0x0 crtn.32
 *fill*         0x00000000c002679d        0x3 
 .text          0x00000000c00267a0      0x14b /cygdrive/d/Users/Alex/Desktop/Toolchain/Output/bin/../lib/gcc/i386-banana/8.1.0/libkgcc.a(_divdi3.o)
                0x00000000c00267a0                __divdi3
 *fill*         0x00000000c00268eb        0x1 
 .text          0x00000000c00268ec      0x17e /cygdrive/d/Users/Alex/Desktop/Toolchain/Output/bin/../lib/gcc/i386-banana/8.1.0/libkgcc.a(_moddi3.o)
                0x00000000c00268ec                __moddi3
 *fill*         0x00000000c0026a6a        0x2 
 .text          0x00000000c0026a6c       0xff /cygdrive/d/Users/Alex/Desktop/Toolchain/Output/bin/../lib/gcc/i386-banana/8.1.0/libkgcc.a(_udivdi3.o)
                0x00000000c0026a6c                __udivdi3
 *fill*         0x00000000c0026b6b        0x1 
 .text          0x00000000c0026b6c      0x11a /cygdrive/d/Users/Alex/Desktop/Toolchain/Output/bin/../lib/gcc/i386-banana/8.1.0/libkgcc.a(_umoddi3.o)
                0x00000000c0026b6c                __umoddi3
 .text          0x00000000c0026c86      0x96d D:/Users/Alex/Desktop/Banana/kernel/libsoftfp.a(sfieeelib.o)
                0x00000000c0026c86                __addsf3
                0x00000000c0026f88                __subsf3
                0x00000000c0026f9c                __negsf2
                0x00000000c0026fa9                __mulsf3
                0x00000000c002716c                __divsf3
                0x00000000c0027397                __floatsisf
                0x00000000c002740b                __floatunsisf
                0x00000000c002744d                __fixsfsi
                0x00000000c00274af                __fixunssfsi
                0x00000000c00274e0                __cmpsf2
                0x00000000c0027575                __eqsf2
                0x00000000c00275b0                __nesf2