Archive member included to satisfy reference by file (symbol)

/cygdrive/d/Users/Alex/Desktop/Toolchain/Output/bin/../lib/gcc/i386-banana/8.1.0/libgcc.a(_divdi3.o)
                              fs/fat/ff.32 (__divdi3)
/cygdrive/d/Users/Alex/Desktop/Toolchain/Output/bin/../lib/gcc/i386-banana/8.1.0/libgcc.a(_moddi3.o)
                              thr/elf.32 (__moddi3)
/cygdrive/d/Users/Alex/Desktop/Toolchain/Output/bin/../lib/gcc/i386-banana/8.1.0/libgcc.a(_udivdi3.o)
                              fs/fat/ff.32 (__udivdi3)
/cygdrive/d/Users/Alex/Desktop/Toolchain/Output/bin/../lib/gcc/i386-banana/8.1.0/libgcc.a(_umoddi3.o)
                              core/pipe.32 (__umoddi3)
D:/Users/Alex/Desktop/Banana/kernel/libk/libm32.a(s_fabs.c.o)
                              hal/libresample/samplerate.32 (fabs)
D:/Users/Alex/Desktop/Banana/kernel/libk/libm32.a(s_lrint.S.o)
                              hal/libresample/samplerate.32 (lrint)
D:/Users/Alex/Desktop/Banana/kernel/libk/libm32.a(s_lrintf.S.o)
                              hal/sound/sndhw.32 (lrintf)

Discarded input sections

 .comment       0x0000000000000000       0x12 /cygdrive/d/Users/Alex/Desktop/Toolchain/Output/bin/../lib/gcc/i386-banana/8.1.0/crtbegin.o
 .comment       0x0000000000000000       0x12 acpica/utclib.32
 .comment       0x0000000000000000       0x12 core/malloc.32
 .comment       0x0000000000000000       0x12 libk/string.32
 .comment       0x0000000000000000       0x12 fs/fat/diskio.32
 .comment       0x0000000000000000       0x12 fs/fat/ff.32
 .comment       0x0000000000000000       0x12 fs/fat/ffsystem.32
 .comment       0x0000000000000000       0x12 fs/fat/ffunicode.32
 .comment       0x0000000000000000       0x12 hal/libresample/samplerate.32
 .comment       0x0000000000000000       0x12 hal/libresample/src_linear.32
 .comment       0x0000000000000000       0x12 hal/libresample/src_sinc.32
 .comment       0x0000000000000000       0x12 hal/libresample/src_zoh.32
 .group         0x0000000000000000       0x14 core/computer.32
 .group         0x0000000000000000        0xc core/computer.32
 .comment       0x0000000000000000       0x12 core/computer.32
 .comment       0x0000000000000000       0x12 core/gdt.32
 .group         0x0000000000000000        0xc core/idle.32
 .comment       0x0000000000000000       0x12 core/idle.32
 .comment       0x0000000000000000       0x12 core/idt.32
 .group         0x0000000000000000        0x8 core/kheap.32
 .group         0x0000000000000000        0x8 core/kheap.32
 .comment       0x0000000000000000       0x12 core/kheap.32
 .comment       0x0000000000000000       0x12 core/main.32
 .comment       0x0000000000000000       0x12 core/physmgr.32
 .group         0x0000000000000000        0xc core/pipe.32
 .comment       0x0000000000000000       0x12 core/pipe.32
 .group         0x0000000000000000        0xc core/terminal.32
 .comment       0x0000000000000000       0x12 core/terminal.32
 .group         0x0000000000000000        0x8 core/tss.32
 .text._ZN3CPU7readCR3Ev
                0x0000000000000000       0x12 core/tss.32
 .comment       0x0000000000000000       0x12 core/tss.32
 .group         0x0000000000000000        0x8 core/unixfile.32
 .group         0x0000000000000000        0xc core/unixfile.32
 .group         0x0000000000000000        0xc core/unixfile.32
 .group         0x0000000000000000        0x8 core/unixfile.32
 .group         0x0000000000000000        0xc core/unixfile.32
 .group         0x0000000000000000        0x8 core/unixfile.32
 .group         0x0000000000000000        0xc core/unixfile.32
 .group         0x0000000000000000        0xc core/unixfile.32
 .comment       0x0000000000000000       0x12 core/unixfile.32
 .group         0x0000000000000000        0x8 core/virtmgr.32
 .group         0x0000000000000000        0x8 core/virtmgr.32
 .text._ZN3CPU7readCR3Ev
                0x0000000000000000       0x12 core/virtmgr.32
 .text._ZN3CPU8writeCR3Em
                0x0000000000000000        0x9 core/virtmgr.32
 .comment       0x0000000000000000       0x12 core/virtmgr.32
 .comment       0x0000000000000000       0x12 coreobjs/c++.32
 .comment       0x0000000000000000       0x12 dbg/kconsole.32
 .group         0x0000000000000000        0xc fs/vfs.32
 .group         0x0000000000000000        0xc fs/vfs.32
 .group         0x0000000000000000        0xc fs/vfs.32
 .comment       0x0000000000000000       0x12 fs/vfs.32
 .group         0x0000000000000000        0xc hal/bus.32
 .comment       0x0000000000000000       0x12 hal/bus.32
 .group         0x0000000000000000        0xc hal/buzzer.32
 .comment       0x0000000000000000       0x12 hal/buzzer.32
 .group         0x0000000000000000        0xc hal/clock.32
 .comment       0x0000000000000000       0x12 hal/clock.32
 .group         0x0000000000000000       0x14 hal/device.32
 .group         0x0000000000000000        0xc hal/device.32
 .group         0x0000000000000000        0xc hal/device.32
[...]
Memory Configuration

Name             Origin             Length             Attributes
*default*        0x0000000000000000 0xffffffffffffffff

Linker script and memory map

LOAD D:/Users/Alex/Desktop/Banana/kernel/boot.32
LOAD crti.32
LOAD /cygdrive/d/Users/Alex/Desktop/Toolchain/Output/bin/../lib/gcc/i386-banana/8.1.0/crtbegin.o
LOAD D:/Users/Alex/Desktop/Banana/kernel/morenasm.32
LOAD acpica/utclib.32
LOAD core/malloc.32
LOAD libk/string.32
LOAD fs/fat/diskio.32
LOAD fs/fat/ff.32
LOAD fs/fat/ffsystem.32
LOAD fs/fat/ffunicode.32
LOAD hal/libresample/samplerate.32
LOAD hal/libresample/src_linear.32
LOAD hal/libresample/src_sinc.32
LOAD hal/libresample/src_zoh.32
LOAD core/computer.32
LOAD core/gdt.32
LOAD core/idle.32
LOAD core/idt.32
LOAD core/kheap.32
LOAD core/main.32
LOAD core/physmgr.32
LOAD core/pipe.32
LOAD core/terminal.32
LOAD core/tss.32
LOAD core/unixfile.32
LOAD core/virtmgr.32
LOAD coreobjs/c++.32
LOAD dbg/kconsole.32
LOAD fs/vfs.32
LOAD hal/bus.32
LOAD hal/buzzer.32
LOAD hal/clock.32
LOAD hal/device.32
LOAD hal/diskctrl.32
LOAD hal/diskphys.32
LOAD hal/fpu.32
LOAD hal/intctrl.32
LOAD hal/keybrd.32
LOAD hal/logidisk.32
LOAD hal/mouse.32
LOAD hal/partition.32
LOAD hal/timer.32
LOAD hal/vcache.32
LOAD hal/video.32
LOAD hw/acpi.32
LOAD hw/cpu.32
LOAD hw/ports.32
LOAD krnl/panic.32
LOAD reg/registry.32
LOAD sys/sc_exit.32
LOAD sys/sc_loaddll.32
LOAD sys/sc_read.32
LOAD sys/sc_sbrk.32
LOAD sys/sc_write.32
LOAD sys/sc_yield.32
LOAD sys/syscalls.32
LOAD thr/elf.32
LOAD thr/prcssthr.32
LOAD vm86/vm8086.32
LOAD fs/fat/vfslink.32
LOAD fs/iso9660/vfslink.32
LOAD hal/sound/sndchannel.32
LOAD hal/sound/sndhw.32
LOAD hw/bus/isa.32
LOAD hw/bus/pci.32
LOAD hw/diskctrl/ide.32
LOAD hw/diskphys/ata.32
LOAD hw/diskphys/atapi.32
LOAD hw/fpu/avx.32
LOAD hw/fpu/mmx.32
LOAD hw/fpu/sse.32
LOAD hw/fpu/x87.32
LOAD hw/intctrl/apic.32
LOAD hw/intctrl/pic.32
LOAD hw/timer/apictimer.32
LOAD hw/timer/pit.32
LOAD hw/fpu/x86/avx.32
LOAD hw/fpu/x86/sse.32
LOAD hw/fpu/x86/x87.32
LOAD /cygdrive/d/Users/Alex/Desktop/Toolchain/Output/bin/../lib/gcc/i386-banana/8.1.0/crtend.o
LOAD crtn.32
LOAD /cygdrive/d/Users/Alex/Desktop/Toolchain/Output/bin/../lib/gcc/i386-banana/8.1.0/libgcc.a
LOAD D:/Users/Alex/Desktop/Banana/kernel/libk/libm32.a
                0x00000000c0000000                . = 0xc0000000

.text           0x00000000c0000000    0x1e458
 *(.text)
 .text          0x00000000c0000000       0x41 D:/Users/Alex/Desktop/Banana/kernel/boot.32
                0x00000000c0000020                callGlobalConstructors
 .text          0x00000000c0000041        0x0 crti.32
 *fill*         0x00000000c0000041        0x3 
 .text          0x00000000c0000044      0x101 /cygdrive/d/Users/Alex/Desktop/Toolchain/Output/bin/../lib/gcc/i386-banana/8.1.0/crtbegin.o
 *fill*         0x00000000c0000145        0xb 
 .text          0x00000000c0000150      0x41f D:/Users/Alex/Desktop/Banana/kernel/morenasm.32
                0x00000000c0000150                doTPAUSE
                0x00000000c000015a                hasLegacyFPU
                0x00000000c000017f                is486
                0x00000000c00001b5                goToVM86
                0x00000000c00001e6                goToUsermode
                0x00000000c0000211                switchToThreadASMFirstTime
                0x00000000c000021f                switchToThreadASM
                0x00000000c00002bf                detectCPUID
                0x00000000c00002d5                asmQuickAcquireLock
                0x00000000c00002f3                asmQuickReleaseLock
                0x00000000c00002ff                asmAcquireLock
                0x00000000c0000320                asmReleaseLock
                0x00000000c0000333                loadGDT
                0x00000000c0000353                isr0
                0x00000000c0000363                isr1
                0x00000000c000036d                isr2
                0x00000000c0000377                isr3
                0x00000000c0000381                isr4
                0x00000000c000038b                isr5
                0x00000000c0000395                isr6
                0x00000000c000039f                isr7
                0x00000000c00003a9                isr8
                0x00000000c00003b1                isr9
                0x00000000c00003bb                isr10
                0x00000000c00003c3                isr11
                0x00000000c00003cb                isr12
                0x00000000c00003d3                isr13
                0x00000000c00003db                isr14
                0x00000000c00003e3                isr15
                0x00000000c00003ed                isr16
                0x00000000c00003f7                isr17
                0x00000000c0000401                isr18
                0x00000000c000040b                isr96
                0x00000000c0000415                irq0
                0x00000000c000041f                irq1
                0x00000000c0000429                irq2
                0x00000000c0000433                irq3
                0x00000000c000043d                irq4
                0x00000000c0000447                irq5
                0x00000000c0000451                irq6
                0x00000000c000045b                irq7
                0x00000000c0000465                irq8
                0x00000000c000046f                irq9
                0x00000000c0000479                irq10
                0x00000000c0000483                irq11
                0x00000000c000048d                irq12
                0x00000000c0000497                irq13
                0x00000000c00004a1                irq14
                0x00000000c00004ab                irq15
                0x00000000c00004b5                irq16
                0x00000000c00004bf                irq17
                0x00000000c00004c9                irq18
                0x00000000c00004d3                irq19
                0x00000000c00004dd                irq20
                0x00000000c00004e7                irq21
                0x00000000c00004f1                irq22
                0x00000000c00004fb                irq23
                0x00000000c0000505                int_common_stub
                0x00000000c0000535                syscall_common_stub
 .text          0x00000000c000056f      0x40f acpica/utclib.32
                0x00000000c000056f                memcmp
                0x00000000c000059a                memmove
                0x00000000c00005d2                memcpy
                0x00000000c0000608                memset
                0x00000000c0000625                strlen
                0x00000000c0000635                strpbrk
                0x00000000c0000658                strtok
                0x00000000c00006a7                strcpy
                0x00000000c00006c7                strncpy
                0x00000000c00006f8                strcmp
                0x00000000c0000719                strchr
                0x00000000c000072f                strncmp
                0x00000000c000075e                strcat
                0x00000000c0000785                strncat
                0x00000000c00007bf                strstr
                0x00000000c00007fc                toupper
                0x00000000c0000810                tolower
                0x00000000c0000824                simple_strtoul
 .text          0x00000000c000097e      0xfbf core/malloc.32
                0x00000000c0000ae9                dlfree
                0x00000000c0000e44                dlmalloc
                0x00000000c0001381                dlrealloc
                0x00000000c0001536                dlmemalign
                0x00000000c0001659                dlcalloc
                0x00000000c00016f3                dlcfree
                0x00000000c00016f8                dlindependent_calloc
                0x00000000c000171d                dlindependent_comalloc
                0x00000000c0001734                dlvalloc
                0x00000000c000175f                dlpvalloc
                0x00000000c0001795                dlmalloc_trim
                0x00000000c00017a2                dlmalloc_usable_size
                0x00000000c00017d3                dlmallinfo
                0x00000000c00018a2                dlmalloc_stats
                0x00000000c00018b3                dlmallopt
 .text          0x00000000c000193d        0x0 libk/string.32
 .text          0x00000000c000193d       0x51 fs/fat/diskio.32
                0x00000000c000193d                disk_status
                0x00000000c0001940                disk_initialize
                0x00000000c0001943                disk_read
                0x00000000c0001959                disk_write
                0x00000000c000196f                disk_ioctl
 .text          0x00000000c000198e     0x6833 fs/fat/ff.32
                0x00000000c0004c5c                f_mount
                0x00000000c0004cbe                f_open
                0x00000000c00050fa                f_read
                0x00000000c000537a                f_write
                0x00000000c0005634                f_sync
                0x00000000c0005810                f_close
                0x00000000c000583f                f_lseek
                0x00000000c0005cf6                f_opendir
                0x00000000c0005df8                f_closedir
                0x00000000c0005e1a                f_readdir
                0x00000000c0005eb5                f_stat
                0x00000000c0005f44                f_getfree
                0x00000000c000610f                f_truncate
                0x00000000c0006207                f_unlink
                0x00000000c000638a                f_mkdir
                0x00000000c00065b6                f_rename
                0x00000000c00068a9                f_chmod
                0x00000000c0006987                f_utime
                0x00000000c0006a65                f_getlabel
                0x00000000c0006c53                f_setlabel
                0x00000000c0006ec0                f_forward
                0x00000000c000709e                f_mkfs
 .text          0x00000000c00081c1       0x2d fs/fat/ffsystem.32
                0x00000000c00081c1                ff_memalloc
                0x00000000c00081d7                ff_memfree
 .text          0x00000000c00081ee      0x253 fs/fat/ffunicode.32
                0x00000000c00081ee                ff_uni2oem
                0x00000000c000827e                ff_oem2uni
                0x00000000c00082ea                ff_wtoupper
 .text          0x00000000c0008441      0x70e hal/libresample/samplerate.32
                0x00000000c00084c9                src_delete
                0x00000000c0008505                src_process
                0x00000000c000862d                src_callback_read
                0x00000000c000878e                src_set_ratio
                0x00000000c00087e5                src_get_channels
                0x00000000c0008807                src_reset
                0x00000000c000884b                src_new
                0x00000000c00088d9                src_callback_new
                0x00000000c000893b                src_get_name
                0x00000000c0008972                src_get_description
                0x00000000c00089a9                src_get_version
                0x00000000c00089af                src_is_valid_ratio
                0x00000000c00089c9                src_error
                0x00000000c00089d7                src_strerror
                0x00000000c00089ea                src_simple
                0x00000000c0008a3d                src_short_to_float_array
                0x00000000c0008a63                src_float_to_short_array
                0x00000000c0008ac7                src_int_to_float_array
                0x00000000c0008aed                src_float_to_int_array
 .text          0x00000000c0008b4f      0x3fd hal/libresample/src_linear.32
                0x00000000c0008ea7                linear_get_name
                0x00000000c0008eb6                linear_get_description
                0x00000000c0008ec5                linear_set_converter
 .text          0x00000000c0008f4c     0x1a3f hal/libresample/src_sinc.32
                0x00000000c000a8a2                sinc_get_name
                0x00000000c000a8b5                sinc_get_description
                0x00000000c000a8c8                sinc_set_converter
 .text          0x00000000c000a98b      0x3d3 hal/libresample/src_zoh.32
                0x00000000c000acb9                zoh_get_name
                0x00000000c000acc8                zoh_get_description
                0x00000000c000acd7                zoh_set_converter
 .text          0x00000000c000ad5e      0x695 core/computer.32
                0x00000000c000ad5e                Computer::close(int, int, void*)
                0x00000000c000ada2                Computer::Computer()
                0x00000000c000ada2                Computer::Computer()
                0x00000000c000aefe                Computer::setBootMessage(char const*)
                0x00000000c000af00                Computer::start()
                0x00000000c000afdc                firstTask()
                0x00000000c000afea                Computer::detectFeatures()
                0x00000000c000b1c4                Computer::displayFeatures()
                0x00000000c000b1c6                Computer::rdmsr(unsigned int)
                0x00000000c000b1f2                Computer::wrmsr(unsigned int, unsigned long long)
                0x00000000c000b22a                Computer::nmiEnabled()
                0x00000000c000b236                Computer::readCMOS(unsigned char)
                0x00000000c000b250                Computer::enableNMI(bool)
                0x00000000c000b268                Computer::open(int, int, void*)
                0x00000000c000b336                Computer::disableNMI()
                0x00000000c000b344                Computer::writeCMOS(unsigned char, unsigned char)
                0x00000000c000b362                Computer::handleNMI()
                0x00000000c000b3c8                Computer::setDiskActivityLight(int, bool)
 *fill*         0x00000000c000b3f3        0x1 
 .text          0x00000000c000b3f4      0x1b7 core/gdt.32
                0x00000000c000b3f4                GDTEntry::setBase(unsigned int)
                0x00000000c000b410                GDTEntry::setLimit(unsigned int)
                0x00000000c000b42e                GDT::GDT()
                0x00000000c000b42e                GDT::GDT()
                0x00000000c000b444                GDT::addEntry(GDTEntry)
                0x00000000c000b480                GDT::getNumberOfEntries()
                0x00000000c000b488                GDT::flush()
                0x00000000c000b4aa                GDT::setup()
 .text          0x00000000c000b5ab       0x61 core/idle.32
                0x00000000c000b5ab                idleFunction(void*)
 .text          0x00000000c000b60c      0x45f core/idt.32
                0x00000000c000b60c                IDTEntry::IDTEntry(bool)
                0x00000000c000b60c                IDTEntry::IDTEntry(bool)
                0x00000000c000b67a                IDTEntry::setOffset(unsigned int)
                0x00000000c000b68e                IDT::IDT()
                0x00000000c000b68e                IDT::IDT()
                0x00000000c000b690                IDT::getPointerToInvalidOpcodeEntryForF00F()
                0x00000000c000b698                IDT::addEntry(IDTEntry, int)
                0x00000000c000b6b2                IDT::addEntry(int, void (*)(), bool)
                0x00000000c000b6ea                IDT::flush()
                0x00000000c000b704                IDT::setup()
 .text          0x00000000c000ba6b      0x20d core/kheap.32
                0x00000000c000ba6b                sbrk
                0x00000000c000bb83                mmap
                0x00000000c000bb99                munmap
                0x00000000c000bbaf                liballoc_lock()
                0x00000000c000bbc0                liballoc_unlock()
                0x00000000c000bbd1                liballoc_alloc(int)
                0x00000000c000bbec                liballoc_free(void*, int)
                0x00000000c000bc0a                realloc
                0x00000000c000bc1e                malloc
                0x00000000c000bc2e                free
                0x00000000c000bc3e                rfree
                0x00000000c000bc4e                calloc
 .text          0x00000000c000bc78      0x38d core/main.32
                0x00000000c000bc78                hwTextMode_loadInData(VgaText*)
                0x00000000c000bcbd                hwTextMode_loadInTitle(VgaText*, char*)
                0x00000000c000bcff                hwTextMode_showCursor(VgaText*, bool)
                0x00000000c000bd53                hwTextMode_update(VgaText*)
                0x00000000c000bd54                hwTextMode_updateCursor(VgaText*)
                0x00000000c000bd9c                hwTextMode_disableBlink(VgaText*, bool)
                0x00000000c000bdd8                hwTextMode_scrollScreen(VgaText*)
                0x00000000c000be5e                hwTextMode_writeCharacter(VgaText*, char, VgaColour, VgaColour, int, int)
                0x00000000c000bebc                setupTextMode()
                0x00000000c000bf0d                kernel_main
 .text          0x00000000c000c005      0x46c core/physmgr.32
                0x00000000c000c005                Phys::allocateDMA(unsigned long)
                0x00000000c000c0a8                Phys::freeDMA(unsigned long, unsigned long)
                0x00000000c000c0f0                Phys::setPageState(unsigned long, bool)
                0x00000000c000c122                Phys::getPageState(unsigned long)
                0x00000000c000c13e                Phys::freePage(unsigned long)
                0x00000000c000c1c8                Phys::allocatePage()
                0x00000000c000c284                Phys::allowSegmentToBeUsed(unsigned long, unsigned long)
                0x00000000c000c2bc                Phys::physicalMemorySetup(unsigned int)
 *fill*         0x00000000c000c471        0x1 
 .text          0x00000000c000c472      0x273 core/pipe.32
                0x00000000c000c472                Pipe::isAtty()
                0x00000000c000c476                Pipe::~Pipe()
                0x00000000c000c476                Pipe::~Pipe()
                0x00000000c000c49a                Pipe::~Pipe()
                0x00000000c000c4c2                Pipe::read(unsigned long long, void*, int*)
                0x00000000c000c5b6                Pipe::write(unsigned long long, void*, int*)
                0x00000000c000c67e                Pipe::Pipe(int)
                0x00000000c000c67e                Pipe::Pipe(int)
 *fill*         0x00000000c000c6e5        0x1 
 .text          0x00000000c000c6e6      0xf65 core/terminal.32
                0x00000000c000c6e6                VgaText::isAtty()
                0x00000000c000c6ea                VgaText::~VgaText()
                0x00000000c000c6ea                VgaText::~VgaText()
                0x00000000c000c70e                VgaText::~VgaText()
                0x00000000c000c738                VgaText::read(unsigned long long, void*, int*)
                0x00000000c000c758                setTerminalScrollLock(bool)
                0x00000000c000c759                addToTerminalCycle(VgaText*)
                0x00000000c000c786                installVgaTextImplementation()
                0x00000000c000c79b                scrollTerminalScrollLock(int)
                0x00000000c000c79c                VgaText::load()
                0x00000000c000c7f0                VgaText::updateCursor()
                0x00000000c000c80a                VgaText::showCursor(bool)
                0x00000000c000c81a                VgaText::disableBlink(bool)
                0x00000000c000c854                VgaText::doANSI_SGR(int)
                0x00000000c000c8e0                VgaText::setDefaultBgColour(VgaColour)
                0x00000000c000c8f6                VgaText::setDefaultFgColour(VgaColour)
                0x00000000c000c90c                VgaText::setDefaultColours(VgaColour, VgaColour)
                0x00000000c000c92c                VgaText::combineColours(unsigned char, unsigned char)
                0x00000000c000c93e                VgaText::scrollScreen()
                0x00000000c000c9d2                VgaText::combineCharAndColour(char, unsigned char)
                0x00000000c000c9e4                VgaText::writeCharacter(char, VgaColour, VgaColour, int, int)
                0x00000000c000ca44                VgaText::getCursorX()
                0x00000000c000ca50                VgaText::getCursorY()
                0x00000000c000ca5c                VgaText::setCursor(int, int)
                0x00000000c000ca7a                VgaText::setCursorX(int)
                0x00000000c000ca96                VgaText::setCursorY(int)
                0x00000000c000cab2                VgaText::incrementCursor(bool)
                0x00000000c000cb1a                VgaText::updateRAMUsageDisplay(int)
                0x00000000c000cb74                VgaText::updateDiskUsage()
                0x00000000c000ccda                VgaText::updateTitle()
                0x00000000c000cd20                VgaText::setTitleTextColour(VgaColour)
                0x00000000c000cd30                VgaText::setTitleColour(VgaColour)
                0x00000000c000cd40                VgaText::setTitle(char*)
                0x00000000c000cd66                VgaText::decrementCursor(bool)
                0x00000000c000cd8e                VgaText::putchar(char, VgaColour, VgaColour)
                0x00000000c000ce8a                VgaText::isShowingCursor()
                0x00000000c000ce96                VgaText::isBlinkDisabled()
                0x00000000c000cea4                VgaText::setCursorHeight(int)
                0x00000000c000cec2                VgaText::getCursorHeight()
                0x00000000c000cecd                setActiveTerminal(VgaText*)
                0x00000000c000cf7f                doTerminalCycle()
                0x00000000c000cf9c                VgaText::doUpdate()
                0x00000000c000cfae                VgaText::puts(char const*, VgaColour, VgaColour)
                0x00000000c000d16e                VgaText::clearScreen()
                0x00000000c000d1d2                VgaText::putchar(char)
                0x00000000c000d2ec                VgaText::puts(char const*)
                0x00000000c000d312                VgaText::putx(unsigned int)
                0x00000000c000d358                VgaText::VgaText(char const*)
                0x00000000c000d358                VgaText::VgaText(char const*)
                0x00000000c000d4ea                VgaText::receiveKey(unsigned char)
                0x00000000c000d5d2                VgaText::write(unsigned long long, void*, int*)
                0x00000000c000d626                newTerminal(char*)
 *fill*         0x00000000c000d64b        0x1 
 .text          0x00000000c000d64c      0x18f core/tss.32
                0x00000000c000d64c                TSS::TSS()
                0x00000000c000d64c                TSS::TSS()
                0x00000000c000d65a                TSS::setESP(unsigned long)
                0x00000000c000d66c                TSS::flush()
                0x00000000c000d68c                TSS::setup(unsigned long, unsigned long)
 *fill*         0x00000000c000d7db        0x1 
 .text          0x00000000c000d7dc      0x545 core/unixfile.32
                0x00000000c000d7dc                ReservedFilename::read(unsigned long long, void*, int*)
                0x00000000c000d872                ReservedFilename::isAtty()
                0x00000000c000d8a8                ReservedFilename::write(unsigned long long, void*, int*)
                0x00000000c000d942                UnixFile::getFileDescriptor()
                0x00000000c000d94a                UnixFile::UnixFile(int)
                0x00000000c000d94a                UnixFile::UnixFile(int)
                0x00000000c000daba                ReservedFilename::ReservedFilename(int)
                0x00000000c000daba                ReservedFilename::ReservedFilename(int)
                0x00000000c000daec                UnixFile::~UnixFile()
                0x00000000c000daec                UnixFile::~UnixFile()
                0x00000000c000db84                UnixFile::~UnixFile()
                0x00000000c000dbac                ReservedFilename::~ReservedFilename()
                0x00000000c000dbac                ReservedFilename::~ReservedFilename()
                0x00000000c000dbd0                ReservedFilename::~ReservedFilename()
                0x00000000c000dbf7                getFromFileDescriptor(int)
 *fill*         0x00000000c000dd21        0x1 
 .text          0x00000000c000dd22      0xe4f core/virtmgr.32
                0x00000000c000dd22                Virt::setPageState(unsigned long, Virt::VirtPageState)
                0x00000000c000dd57                Virt::getPageState(unsigned long)
                0x00000000c000dd7b                Virt::allocateKernelVirtualPages(int)
                0x00000000c000de8c                Virt::virtualMemorySetup()
                0x00000000c000df0b                Virt::getAKernelVAS()
                0x00000000c000df11                Virt::setupPageSwapping(int)
                0x00000000c000e036                VAS::VAS()
                0x00000000c000e036                VAS::VAS()
                0x00000000c000e066                VAS::VAS(VAS*)
                0x00000000c000e066                VAS::VAS(VAS*)
                0x00000000c000e08a                VAS::getForeignPageTableEntry(bool, unsigned long)
                0x00000000c000e0b6                VAS::getPageTableEntry(unsigned long)
                0x00000000c000e0d5                Virt::freeKernelVirtualPages(unsigned long)
                0x00000000c000e1f8                VAS::freeAllocatedPages(unsigned long)
                0x00000000c000e21c                VAS::virtualToPhysical(unsigned long)
                0x00000000c000e234                VAS::mapOtherVASIn(bool, VAS*)
                0x00000000c000e26a                VAS::~VAS()
                0x00000000c000e26a                VAS::~VAS()
                0x00000000c000e3d6                VAS::mapPage(unsigned long, unsigned long, int)
                0x00000000c000e4d6                VAS::allocatePages(int, int)
                0x00000000c000e6a6                VAS::setCPUSpecific(unsigned long)
                0x00000000c000e6c2                VAS::mapRange(unsigned long, unsigned long, int, int)
                0x00000000c000e78c                VAS::mapForeignPage(bool, VAS*, unsigned long, unsigned long, int)
                0x00000000c000e87a                VAS::VAS(bool)
                0x00000000c000e87a                VAS::VAS(bool)
                0x00000000c000eaaa                mapVASFirstTime
 .text          0x00000000c000eb71       0x93 coreobjs/c++.32
                0x00000000c000eb71                __cxa_atexit
                0x00000000c000eb74                __cxa_finalize
                0x00000000c000eb75                __stack_chk_fail
                0x00000000c000ebd5                __cxa_pure_virtual
                0x00000000c000ebe6                operator new(unsigned long)
                0x00000000c000ebeb                operator new[](unsigned long)
                0x00000000c000ebf0                operator delete(void*)
                0x00000000c000ebf5                operator delete(void*, unsigned long)
                0x00000000c000ebfa                operator delete[](void*)
                0x00000000c000ebff                operator delete[](void*, unsigned long)
 .text          0x00000000c000ec04      0x1ef dbg/kconsole.32
                0x00000000c000ec04                Dbg::stringifyxWithBase(unsigned int, char*, int)
                0x00000000c000ec65                Dbg::logc(char)
                0x00000000c000ec7c                Dbg::logs(char*)
                0x00000000c000ec99                Dbg::logWriteInt(unsigned int)
                0x00000000c000ecb6                Dbg::logWriteIntBase(unsigned int, int)
                0x00000000c000ecd5                Dbg::kprintf(char const*, ...)
 *fill*         0x00000000c000edf3        0x1 
 .text          0x00000000c000edf4      0xb68 fs/vfs.32
                0x00000000c000edf4                File::read(unsigned long long, void*, int*)
                0x00000000c000ee4c                File::write(unsigned long long, void*, int*)
                0x00000000c000eea4                Directory::read(unsigned long long, void*, int*)
                0x00000000c000eefc                Directory::write(unsigned long long, void*, int*)
                0x00000000c000ef2a                File::isAtty()
                0x00000000c000ef2e                Directory::isAtty()
                0x00000000c000ef32                Filesystem::getlabel(LogicalDisk*, int, char*, unsigned int*)
                0x00000000c000ef38                Filesystem::setlabel(LogicalDisk*, int, char*)
                0x00000000c000ef3e                File::~File()
                0x00000000c000ef3e                File::~File()
                0x00000000c000ef62                File::~File()
                0x00000000c000ef8c                Directory::~Directory()
                0x00000000c000ef8c                Directory::~Directory()
                0x00000000c000efb0                Directory::~Directory()
                0x00000000c000efda                Filesystem::Filesystem()
                0x00000000c000efda                Filesystem::Filesystem()
                0x00000000c000effe                Filesystem::~Filesystem()
                0x00000000c000effe                Filesystem::~Filesystem()
                0x00000000c000f00c                Filesystem::~Filesystem()
                0x00000000c000f030                initVFS()
                0x00000000c000f05a                standardiseFiles(char*, char const*, char const*)
                0x00000000c000f204                File::File(char const*, Process*)
                0x00000000c000f204                File::File(char const*, Process*)
                0x00000000c000f268                File::open(FileOpenMode)
                0x00000000c000f2c6                File::close()
                0x00000000c000f326                File::seek(unsigned long long)
                0x00000000c000f37c                File::tell(unsigned long long*)
                0x00000000c000f3cc                File::rewind()
                0x00000000c000f3e0                File::unlink()
                0x00000000c000f42c                File::rename(char const*)
                0x00000000c000f47a                File::chfatattr(unsigned char, unsigned char)
                0x00000000c000f4d6                File::exists()
                0x00000000c000f514                File::stat(unsigned long long*, bool*)
                0x00000000c000f575                getcwd(Process*, char*, int)
                0x00000000c000f59f                setcwd(Process*, char*)
                0x00000000c000f6c6                Directory::Directory(char const*, Process*)
                0x00000000c000f6c6                Directory::Directory(char const*, Process*)
                0x00000000c000f72a                Directory::open()
                0x00000000c000f786                Directory::close()
                0x00000000c000f7e6                Directory::unlink()
                0x00000000c000f832                Directory::rename(char const*)
                0x00000000c000f880                Directory::exists()
                0x00000000c000f8be                Directory::read(dirent*)
                0x00000000c000f90a                Directory::create()
                0x00000000c000f956                Filesystem::chfatattr(char const*, unsigned char, unsigned char)
 .text          0x00000000c000f95c       0x84 hal/bus.32
                0x00000000c000f95c                Bus::Bus(char const*)
                0x00000000c000f95c                Bus::Bus(char const*)
                0x00000000c000f992                Bus::~Bus()
                0x00000000c000f992                Bus::~Bus()
                0x00000000c000f9b6                Bus::~Bus()
 .text          0x00000000c000f9e0      0x14e hal/buzzer.32
                0x00000000c000f9e0                Buzzer::Buzzer(char const*)
                0x00000000c000f9e0                Buzzer::Buzzer(char const*)
                0x00000000c000fa24                Buzzer::~Buzzer()
                0x00000000c000fa24                Buzzer::~Buzzer()
                0x00000000c000fa48                Buzzer::~Buzzer()
                0x00000000c000fa72                Buzzer::stop()
                0x00000000c000fa85                beepThread(void*)
                0x00000000c000fac0                Buzzer::beep(int, int, bool)
 .text          0x00000000c000fb2e      0x42f hal/clock.32
                0x00000000c000fb2e                loadClockSettings()
                0x00000000c000fb48                Clock::Clock(char const*)
                0x00000000c000fb48                Clock::Clock(char const*)
                0x00000000c000fb7e                Clock::~Clock()
                0x00000000c000fb7e                Clock::~Clock()
                0x00000000c000fba2                Clock::~Clock()
                0x00000000c000fbcc                Clock::timeInSecondsLocal()
                0x00000000c000fc14                Clock::setTimeInSecondsLocal(unsigned long long)
                0x00000000c000fc6d                datetimeToSeconds(datetime_t)
                0x00000000c000fd94                Clock::setTimeInDatetimeLocal(datetime_t)
                0x00000000c000fdf4                secondsToDatetime(unsigned long long)
                0x00000000c000ff38                Clock::timeInDatetimeLocal()
 *fill*         0x00000000c000ff5d        0x1 
 .text          0x00000000c000ff5e      0x504 hal/device.32
                0x00000000c000ff5e                Device::hibernate()
                0x00000000c000ff60                Device::wake()
                0x00000000c000ff62                Device::detect()
                0x00000000c000ff64                Device::disableLegacy()
                0x00000000c000ff66                Device::powerSaving(PowerSavingLevel)
                0x00000000c000ff68                DriverlessDevice::close(int, int, void*)
                0x00000000c000ff6c                DriverlessDevice::detect()
                0x00000000c000ff6e                DriverlessDevice::open(int, int, void*)
                0x00000000c000ff82                Device::~Device()
                0x00000000c000ff82                Device::~Device()
                0x00000000c000ff90                Device::~Device()
                0x00000000c000ffb8                Device::findAndLoadDriver()
                0x00000000c000ffba                Device::preOpenPCI(PCIDeviceInfo)
                0x00000000c000ffe0                Device::preOpenACPI(void*, char*, char*)
                0x00000000c0010034                Device::addIRQHandler(int, void (*)(regs*, void*), bool, void*)
                0x00000000c0010092                Device::removeIRQHandler(int, void (*)(regs*, void*), bool)
                0x00000000c00100e0                Device::addChild(Device*)
                0x00000000c0010124                Device::removeAllChildren()
                0x00000000c001016a                Device::hibernateAll()
                0x00000000c001019a                Device::wakeAll()
                0x00000000c00101ca                Device::detectAll()
                0x00000000c00101fa                Device::disableLegacyAll()
                0x00000000c001022a                Device::loadDriversForAll()
                0x00000000c0010256                Device::closeAll()
                0x00000000c001028c                Device::powerSavingAll(PowerSavingLevel)
                0x00000000c00102c2                Device::setName(char const*)
                0x00000000c00102d0                Device::Device(char const*)
                0x00000000c00102d0                Device::Device(char const*)
                0x00000000c00103c2                Device::getName()
                0x00000000c00103cc                DriverlessDevice::DriverlessDevice(char const*)
                0x00000000c00103cc                DriverlessDevice::DriverlessDevice(char const*)
                0x00000000c00103f4                Device::addToLinkedList(LinkedList<Device>&, DeviceType)
                0x00000000c0010438                getDevicesOfType(DeviceType)
 .text          0x00000000c0010462       0x84 hal/diskctrl.32
                0x00000000c0010462                HardDiskController::HardDiskController(char const*)
                0x00000000c0010462                HardDiskController::HardDiskController(char const*)
                0x00000000c0010498                HardDiskController::~HardDiskController()
                0x00000000c0010498                HardDiskController::~HardDiskController()
                0x00000000c00104bc                HardDiskController::~HardDiskController()
 .text          0x00000000c00104e6       0xde hal/diskphys.32
                0x00000000c00104e6                PhysicalDisk::PhysicalDisk(char const*, int)
                0x00000000c00104e6                PhysicalDisk::PhysicalDisk(char const*, int)
                0x00000000c001054e                PhysicalDisk::startCache()
                0x00000000c0010576                PhysicalDisk::~PhysicalDisk()
                0x00000000c0010576                PhysicalDisk::~PhysicalDisk()
                0x00000000c001059a                PhysicalDisk::~PhysicalDisk()
 .text          0x00000000c00105c4      0x142 hal/fpu.32
                0x00000000c00105c4                FPU::FPU(char const*)
                0x00000000c00105c4                FPU::FPU(char const*)
                0x00000000c00105fa                FPU::~FPU()
                0x00000000c00105fa                FPU::~FPU()
                0x00000000c001061e                FPU::~FPU()
                0x00000000c0010648                setupFPU()
 .text          0x00000000c0010706      0xc21 hal/intctrl.32
                0x00000000c0010706                InterruptController::uninstallISRHandler(int, void (*)(regs*, void*))
                0x00000000c001073e                InterruptController::installISRHandler(int, void (*)(regs*, void*), void*)
                0x00000000c0010790                doubleFault(regs*, void*)
                0x00000000c001079e                InterruptController::installIRQHandler(int, void (*)(regs*, void*), bool, void*)
                0x00000000c001083a                InterruptController::clearAllHandlers(int, bool)
                0x00000000c00108e2                InterruptController::uninstallIRQHandler(int, void (*)(regs*, void*), bool)
                0x00000000c0010969                nmiHandler(regs*, void*)
                0x00000000c0010977                int_handler
                0x00000000c0010a12                InterruptController::InterruptController(char const*)
                0x00000000c0010a12                InterruptController::InterruptController(char const*)
                0x00000000c0010ab8                InterruptController::~InterruptController()
                0x00000000c0010ab8                InterruptController::~InterruptController()
                0x00000000c0010adc                InterruptController::~InterruptController()
                0x00000000c0010b06                displayDebugInfo(regs*)
                0x00000000c0010f1d                x87EmulHandler(regs*, void*)
                0x00000000c0010f80                gpFault(regs*, void*)
                0x00000000c0010fb9                pgFault(regs*, void*)
                0x00000000c0010fd0                otherISRHandler(regs*, void*)
                0x00000000c0010fef                opcodeFault(regs*, void*)
                0x00000000c0011059                displayProgramFault(char const*)
                0x00000000c0011082                InterruptController::convertLegacyIRQNumber(int)
                0x00000000c00110cc                setupInterruptController()
 *fill*         0x00000000c0011327        0x1 
 .text          0x00000000c0011328      0x608 hal/keybrd.32
                0x00000000c0011328                startGUI(void*)
                0x00000000c001139a                sendKeyToTerminal(unsigned char)
                0x00000000c0011406                sendKeyboardToken(KeyboardToken)
                0x00000000c00117e1                clearInternalKeybuffer(VgaText*)
                0x00000000c0011816                readKeyboard(VgaText*, char*, unsigned long)
                0x00000000c00118a6                Keyboard::Keyboard(char const*)
                0x00000000c00118a6                Keyboard::Keyboard(char const*)
                0x00000000c00118e2                Keyboard::~Keyboard()
                0x00000000c00118e2                Keyboard::~Keyboard()
                0x00000000c0011906                Keyboard::~Keyboard()
 .text          0x00000000c0011930      0x400 hal/logidisk.32
                0x00000000c0011930                LogicalDisk::close(int, int, void*)
                0x00000000c0011934                LogicalDisk::~LogicalDisk()
                0x00000000c0011934                LogicalDisk::~LogicalDisk()
                0x00000000c0011958                LogicalDisk::~LogicalDisk()
                0x00000000c0011982                LogicalDisk::open(int, int, void*)
                0x00000000c0011996                LogicalDisk::absoluteToRelative(unsigned long long)
                0x00000000c00119ce                LogicalDisk::relativeToAbsolute(unsigned long long)
                0x00000000c0011a14                LogicalDisk::LogicalDisk(char const*, PhysicalDisk*, unsigned long long, unsigned long long)
                0x00000000c0011a14                LogicalDisk::LogicalDisk(char const*, PhysicalDisk*, unsigned long long, unsigned long long)
                0x00000000c0011aca                LogicalDisk::assignDriveLetter()
                0x00000000c0011b80                LogicalDisk::mount()
                0x00000000c0011bf2                LogicalDisk::unmount()
                0x00000000c0011c02                LogicalDisk::unassignDriveLetter()
                0x00000000c0011c58                LogicalDisk::read(unsigned long long, int, void*)
                0x00000000c0011cc4                LogicalDisk::write(unsigned long long, int, void*)
 .text          0x00000000c0011d30       0x84 hal/mouse.32
                0x00000000c0011d30                Mouse::Mouse(char const*)
                0x00000000c0011d30                Mouse::Mouse(char const*)
                0x00000000c0011d66                Mouse::~Mouse()
                0x00000000c0011d66                Mouse::~Mouse()
                0x00000000c0011d8a                Mouse::~Mouse()
 .text          0x00000000c0011db4      0x339 hal/partition.32
                0x00000000c0011db4                makePartition(PhysicalDisk*, unsigned long long, unsigned long long)
                0x00000000c0011e5c                createPartitionsForDisk(PhysicalDisk*)
 *fill*         0x00000000c00120ed        0x1 
 .text          0x00000000c00120ee      0x2e7 hal/timer.32
                0x00000000c00120ee                Timer::Timer(char const*)
                0x00000000c00120ee                Timer::Timer(char const*)
                0x00000000c0012124                Timer::~Timer()
                0x00000000c0012124                Timer::~Timer()
                0x00000000c0012148                Timer::~Timer()
                0x00000000c0012172                Timer::read()
                0x00000000c001217d                timerHandler(unsigned long long)
                0x00000000c00122b4                setupTimer(int)
 *fill*         0x00000000c00123d5        0x1 
 .text          0x00000000c00123d6      0x2d1 hal/vcache.32
                0x00000000c00123d6                VCache::VCache(PhysicalDisk*)
                0x00000000c00123d6                VCache::VCache(PhysicalDisk*)
                0x00000000c00124c6                VCache::writeWriteBuffer()
                0x00000000c0012502                VCache::~VCache()
                0x00000000c0012502                VCache::~VCache()
                0x00000000c0012542                VCache::~VCache()
                0x00000000c001256a                VCache::write(unsigned long long, int, void*)
                0x00000000c001264e                VCache::read(unsigned long long, int, void*)
 *fill*         0x00000000c00126a7        0x1 
 .text          0x00000000c00126a8      0x26d hal/video.32
                0x00000000c00126a8                Video::putrect(int, int, int, int, unsigned int)
                0x00000000c00126f2                Video::blit(unsigned int*, int, int, int, int)
                0x00000000c0012770                Video::clearScreen(unsigned int)
                0x00000000c00127a4                Video::putpixel(int, int, unsigned int)
                0x00000000c00127b2                Video::Video(char const*)
                0x00000000c00127b2                Video::Video(char const*)
                0x00000000c00127e8                Video::~Video()
                0x00000000c00127e8                Video::~Video()
                0x00000000c001280c                Video::~Video()
                0x00000000c0012836                Video::isMonochrome()
                0x00000000c0012842                Video::getWidth()
                0x00000000c001284e                Video::getHeight()
                0x00000000c001285a                Video::drawCursor(int, int, unsigned char*, int)
 *fill*         0x00000000c0012915        0x1 
 .text          0x00000000c0012916      0xd28 hw/acpi.32
                0x00000000c0012916                ACPI::close(int, int, void*)
                0x00000000c00129cb                findRSDP()
                0x00000000c0012a55                loadACPITables(unsigned char*)
                0x00000000c0012c7c                findRSDT(unsigned char*)
                0x00000000c0012d9a                findDataTable(unsigned char*, char*)
                0x00000000c0012e36                scanMADT()
                0x00000000c00131ca                ACPI::ACPI()
                0x00000000c00131ca                ACPI::ACPI()
                0x00000000c001322a                ACPI::getPCIIRQAssignment(unsigned char, unsigned short, unsigned char)
                0x00000000c001330c                ACPI::registerPCIIRQAssignment(void*, unsigned short, unsigned char, unsigned char)
                0x00000000c0013412                ACPI::setScreenBrightnessLevel(void*, int)
                0x00000000c0013418                ACPI::writeSimpleBootFlag(SimpleBootFlagTable*)
                0x00000000c0013460                ACPI::open(int, int, void*)
                0x00000000c0013626                ACPI::sleep()
 .text          0x00000000c001363e     0x132c hw/cpu.32
                0x00000000c001363e                CPU::close(int, int, void*)
                0x00000000c0013641                lookupAMDCPUName(unsigned char, unsigned char)
                0x00000000c00137d5                lookupIntelCPUName(unsigned char, unsigned char)
                0x00000000c0013a83                AMD_K6_write_msr(unsigned int, unsigned int, unsigned int, REGS*)
                0x00000000c0013a9f                AMD_K6_read_msr(unsigned int, REGS*)
                0x00000000c0013ab7                AMD_K6_writeback(int, int, int)
                0x00000000c0013b2a                cpuid(int, unsigned long*, unsigned long*, unsigned long*, unsigned long*)
                0x00000000c0013bad                cpuidCheckEDX(unsigned int)
                0x00000000c0013bda                cpuidCheckECX(unsigned int)
                0x00000000c0013c07                cpuidCheckExtendedEBX(unsigned int)
                0x00000000c0013c34                cpuidCheckExtendedECX(unsigned int)
                0x00000000c0013c61                getCPUNumber()
                0x00000000c0013c64                thisCPU()
                0x00000000c0013c78                CPU::CPU()
                0x00000000c0013c78                CPU::CPU()
                0x00000000c0013d06                CPU::displayFeatures()
                0x00000000c0013d08                CPU::detectFeatures()
                0x00000000c00146fa                CPU::setupSMEP()
                0x00000000c0014714                CPU::setupUMIP()
                0x00000000c001472c                CPU::setupTSC()
                0x00000000c0014744                CPU::setupLargePages()
                0x00000000c001475c                CPU::setupPAT()
                0x00000000c0014798                CPU::setupMTRR()
                0x00000000c001479a                CPU::setupGlobalPages()
                0x00000000c00147b0                CPU::allowUsermodeDataAccess()
                0x00000000c00147c2                CPU::prohibitUsermodeDataAccess()
                0x00000000c00147d4                CPU::setupSMAP()
                0x00000000c00147fa                CPU::setupFeatures()
                0x00000000c001489c                CPU::open(int, int, void*)
 .text          0x00000000c001496a        0x0 hw/ports.32
 .text          0x00000000c001496a      0x32c krnl/panic.32
                0x00000000c001496a                Krnl::panic(char const*)
 .text          0x00000000c0014c96      0x503 reg/registry.32
                0x00000000c0014c96                Reg::findLineFromLoadedData(char*, char*, char*)
                0x00000000c0014dee                Reg::getLineFromRegistry(char*, char*, char*, char*)
                0x00000000c0014f4d                Reg::getLine(char*, char*, char*)
                0x00000000c0014f84                Reg::readInt(char*, char*, int*)
                0x00000000c001506f                Reg::readString(char*, char*, char*, int)
                0x00000000c00150f0                Reg::readBool(char*, char*, bool*)
                0x00000000c0015115                Reg::readBoolWithDefault(char*, char*, bool)
                0x00000000c0015141                Reg::readIntWithDefault(char*, char*, int)
                0x00000000c001516d                Reg::readStringWithDefault(char*, char*, char*, int, char*)
 .text          0x00000000c0015199       0x18 sys/sc_exit.32
                0x00000000c0015199                Sys::exit(regs*)
 .text          0x00000000c00151b1       0x95 sys/sc_loaddll.32
                0x00000000c00151b1                Sys::loadDLL(regs*)
 .text          0x00000000c0015246       0x68 sys/sc_read.32
                0x00000000c0015246                Sys::read(regs*)
 .text          0x00000000c00152ae       0x55 sys/sc_sbrk.32
                0x00000000c00152ae                Sys::sbrk(regs*)
 .text          0x00000000c0015303       0x83 sys/sc_write.32
                0x00000000c0015303                Sys::write(regs*)
 .text          0x00000000c0015386       0x1a sys/sc_yield.32
                0x00000000c0015386                Sys::yield(regs*)
 .text          0x00000000c00153a0      0xfa7 sys/syscalls.32
                0x00000000c00153a0                sysCallGetPID(regs*)
                0x00000000c00153ac                sysCallSeekDir(regs*)
                0x00000000c00153b1                sysCallTellDir(regs*)
                0x00000000c00153b6                sysCallVerify(regs*)
                0x00000000c00153c0                sysCallFork(regs*)
                0x00000000c00153cb                sysCallExecve(regs*)
                0x00000000c00153d6                sysCallGetArgc(regs*)
                0x00000000c00153e6                sysFormatDisk(regs*)
                0x00000000c0015450                sysSetDiskVolumeLabel(regs*)
                0x00000000c0015496                sysGetDiskVolumeLabel(regs*)
                0x00000000c00154e7                sysShutdown(regs*)
                0x00000000c0015545                sysCallGetCwd(regs*)
                0x00000000c0015564                sysCallSetCwd(regs*)
                0x00000000c0015580                sysCallRealpath(regs*)
                0x00000000c00155c3                sysCallReadDir(regs*)
                0x00000000c0015651                sysCallIsATTY(regs*)
                0x00000000c00156ab                sysCallSeek(regs*)
                0x00000000c0015714                sysCallTell(regs*)
                0x00000000c0015791                sysCallSizeFromFilename(regs*)
                0x00000000c0015842                sysCallSize(regs*)
                0x00000000c00158c5                sysCallClose(regs*)
                0x00000000c001594d                sysCallOpenDir(regs*)
                0x00000000c00159ba                sysCallMakeDir(regs*)
                0x00000000c0015a13                sysCallCloseDir(regs*)
                0x00000000c0015a79                sysCallWait(regs*)
                0x00000000c0015a93                sysCallRmdir(regs*)
                0x00000000c0015ae5                sysCallUnlink(regs*)
                0x00000000c0015b37                sysCallGetArgv(regs*)
                0x00000000c0015b83                sysCallTTYName(regs*)
                0x00000000c0015c06                sysCallGetEnv(regs*)
                0x00000000c0015c58                sysCallUSleep(regs*)
                0x00000000c0015c7f                sysCallSpawn(regs*)
                0x00000000c0015cef                sysAppSettings(regs*)
                0x00000000c0015e0e                sysSetFatAttrib(regs*)
                0x00000000c0015e6e                sysPanic(regs*)
                0x00000000c0015e94                sysPipe(regs*)
                0x00000000c0015ed9                sysGetUnixTime(regs*)
                0x00000000c0015eed                string_ends_with(char const*, char const*)
                0x00000000c0015f35                sysCallOpen(regs*)
                0x00000000c0016139                setupSystemCalls()
                0x00000000c00162f2                systemCall(regs*, void*)
 .text          0x00000000c0016347     0x1137 thr/elf.32
                0x00000000c0016347                Thr::allocateMemoryForTask(Process*, File*, unsigned long, unsigned long, unsigned long)
                0x00000000c00165c4                Thr::loadProgramIntoMemory(Process*, char const*)
                0x00000000c00167da                Thr::runtimeReferenceHelper()
                0x00000000c00167ed                Thr::getAddressOfKernelSymbol(char const*)
                0x00000000c001683c                Thr::loadKernelSymbolTable(char const*)
                0x00000000c0016afd                Thr::loadDriverIntoMemory(char const*, unsigned long, bool)
                0x00000000c001727e                Thr::getDriverBaseFromAddress(unsigned long)
                0x00000000c00172b0                Thr::getDriverNameFromAddress(unsigned long)
                0x00000000c00172e7                Thr::getDriverOffsetFromAddress(unsigned long)
                0x00000000c0017301                Thr::loadDLL(char const*, bool)
                0x00000000c0017454                Thr::executeDLL(unsigned long, void*)
 .text          0x00000000c001747e      0xfce thr/prcssthr.32
                0x00000000c001747e                changeTSS
                0x00000000c00174ac                Process::addArgs(char**)
                0x00000000c0017506                Process::Process(char const*, Process*, char**)
                0x00000000c0017506                Process::Process(char const*, Process*, char**)
                0x00000000c00176be                Process::Process(bool, char const*, Process*, char**)
                0x00000000c00176be                Process::Process(bool, char const*, Process*, char**)
                0x00000000c0017841                disableIRQs()
                0x00000000c0017849                getIRQNestingLevel()
                0x00000000c001784f                enableIRQs()
                0x00000000c001785e                lockScheduler()
                0x00000000c0017860                unlockScheduler()
                0x00000000c0017862                userModeEntryPoint(void*)
                0x00000000c0017885                lockStuff()
                0x00000000c0017891                taskStartupFunction
                0x00000000c001789a                updateTimeUsed()
                0x00000000c00178f8                switchToThread(ThreadControlBlock*)
                0x00000000c0017948                Semaphore::Semaphore(int)
                0x00000000c0017948                Semaphore::Semaphore(int)
                0x00000000c0017976                Mutex::Mutex()
                0x00000000c0017976                Mutex::Mutex()
                0x00000000c0017988                Process::createThread(void (*)(void*), void*, int)
                0x00000000c0017a6c                Process::createUserThread()
                0x00000000c0017a88                setupMultitasking(void (*)())
                0x00000000c0017b92                schedule()
                0x00000000c0017c17                unlockStuff()
                0x00000000c0017c4c                Semaphore::tryAcquire()
                0x00000000c0017c7a                Semaphore::assertLocked(char const*)
                0x00000000c0017caa                blockTaskWithSchedulerLockAlreadyHeld(TaskState)
                0x00000000c0017cec                blockTask(TaskState)
                0x00000000c0017d0d                waitTask(int, int*, int)
                0x00000000c0017d4f                nanoSleepUntil(unsigned long long)
                0x00000000c0017da6                nanoSleep(unsigned long long)
                0x00000000c0017dbb                sleep(unsigned long long)
                0x00000000c0017dd8                Semaphore::acquire()
                0x00000000c0017e40                taskReturned
                0x00000000c0017e6e                unblockTask(ThreadControlBlock*)
                0x00000000c0017f1d                cleanupTerminatedTask(ThreadControlBlock*)
                0x00000000c00181c1                cleanerTaskFunction(void*)
                0x00000000c0018274                terminateTask(int)
                0x00000000c0018354                Thr::terminateFromIRQ(int)
                0x00000000c0018360                Semaphore::release()
 .text          0x00000000c001844c      0x8bf vm86/vm8086.32
                0x00000000c001844c                Vm::vm8086EntryPoint(void*)
                0x00000000c0018477                Vm::inbv(unsigned short)
                0x00000000c001847d                Vm::outbv(unsigned short, unsigned char)
                0x00000000c0018487                Vm::realToLinear(unsigned short, unsigned short)
                0x00000000c0018497                Vm::getSegment(unsigned int)
                0x00000000c001849f                Vm::getOffset(unsigned int)
                0x00000000c00184a4                Vm::loadFileAsThread(Process*, char const*, unsigned short, unsigned short, unsigned short, unsigned short)
                0x00000000c00185d3                Vm::doISR(regs*, int, unsigned char*, unsigned short, unsigned short)
                0x00000000c001865d                Vm::readByteFromReal(unsigned short, unsigned short)
                0x00000000c001866e                Vm::readWordFromReal(unsigned short, unsigned short)
                0x00000000c0018680                Vm::readDwordFromReal(unsigned short, unsigned short)
                0x00000000c0018691                Vm::writeByteFromReal(unsigned short, unsigned short, unsigned char)
                0x00000000c00186a6                Vm::writeWordFromReal(unsigned short, unsigned short, unsigned short)
                0x00000000c00186bc                Vm::writeDwordFromReal(unsigned short, unsigned short, unsigned int)
                0x00000000c00186d1                Vm::faultHandler(regs*)
 *fill*         0x00000000c0018d0b        0x1 
 .text          0x00000000c0018d0c     0x10ed fs/fat/vfslink.32
                0x00000000c0018d0c                FAT::getName()
                0x00000000c0018d12                FAT::tell(void*, unsigned long long*)
                0x00000000c0018d46                FAT::stat(void*, unsigned long long*)
                0x00000000c0018d7a                FAT::~FAT()
                0x00000000c0018d7a                FAT::~FAT()
                0x00000000c0018d9e                FAT::~FAT()
                0x00000000c0018dc6                FAT::getlabel(LogicalDisk*, int, char*, unsigned int*)
                0x00000000c0018e64                FAT::setlabel(LogicalDisk*, int, char*)
                0x00000000c0018f1e                FAT::format(LogicalDisk*, int, char const*, int)
                0x00000000c0019102                FAT::tryMount(LogicalDisk*, int)
                0x00000000c0019308                FAT::readDir(void*, unsigned long, void*, int*)
                0x00000000c001940e                FAT::read(void*, unsigned long, void*, int*)
                0x00000000c0019468                FAT::write(void*, unsigned long, void*, int*)
                0x00000000c00194c2                FAT::close(void*)
                0x00000000c001950e                FAT::closeDir(void*)
                0x00000000c001955a                FAT::seek(void*, unsigned long long)
                0x00000000c00195ae                fatWrapperReadDisk
                0x00000000c00195f5                fatWrapperWriteDisk
                0x00000000c001963c                fatWrapperIoctl
                0x00000000c0019740                FAT::FAT()
                0x00000000c0019740                FAT::FAT()
                0x00000000c0019792                FAT::fixFilepath(char*)
                0x00000000c00197ca                FAT::open(char const*, void**, FileOpenMode)
                0x00000000c00198f2                FAT::openDir(char const*, void**)
                0x00000000c0019998                FAT::stat(char const*, unsigned long long*, bool*)
                0x00000000c0019a82                FAT::unlink(char const*)
                0x00000000c0019afc                FAT::chfatattr(char const*, unsigned char, unsigned char)
                0x00000000c0019c50                FAT::rename(char const*, char const*)
                0x00000000c0019d14                FAT::mkdir(char const*)
                0x00000000c0019d8e                FAT::exists(char const*)
 *fill*         0x00000000c0019df9        0x1 
 .text          0x00000000c0019dfa      0xbdf fs/iso9660/vfslink.32
                0x00000000c0019dfa                ISO9660::format(LogicalDisk*, int, char const*, int)
                0x00000000c0019e00                ISO9660::seek(void*, unsigned long long)
                0x00000000c0019e30                ISO9660::tell(void*, unsigned long long*)
                0x00000000c0019e54                ISO9660::getName()
                0x00000000c0019e5a                ISO9660::stat(void*, unsigned long long*)
                0x00000000c0019e7e                ISO9660::chfatattr(char const*, unsigned char, unsigned char)
                0x00000000c0019e84                ISO9660::unlink(char const*)
                0x00000000c0019e8a                ISO9660::write(void*, unsigned long, void*, int*)
                0x00000000c0019e90                ISO9660::rename(char const*, char const*)
                0x00000000c0019e96                ISO9660::mkdir(char const*)
                0x00000000c0019e9c                ISO9660::close(void*)
                0x00000000c0019ebe                ISO9660::closeDir(void*)
                0x00000000c0019ee0                ISO9660::~ISO9660()
                0x00000000c0019ee0                ISO9660::~ISO9660()
                0x00000000c0019f04                ISO9660::~ISO9660()
                0x00000000c0019f2b                __memmem(unsigned char*, int, unsigned char*, int)
                0x00000000c0019f6d                readSectorFromCDROM(unsigned int, unsigned char*, char)
                0x00000000c0019fd4                ISO9660::tryMount(LogicalDisk*, int)
                0x00000000c001a024                ISO9660::read(void*, unsigned long, void*, int*)
                0x00000000c001a268                ISO9660::readDir(void*, unsigned long, void*, int*)
                0x00000000c001a4f5                readRoot(unsigned int*, unsigned int*, char)
                0x00000000c001a54a                readRecursively(char*, unsigned int, unsigned int, unsigned int*, unsigned int*, char, int*)
                0x00000000c001a71d                getFileData(char*, unsigned int*, unsigned int*, char, int*)
                0x00000000c001a7ac                ISO9660::open(char const*, void**, FileOpenMode)
                0x00000000c001a846                ISO9660::exists(char const*)
                0x00000000c001a86a                ISO9660::stat(char const*, unsigned long long*, bool*)
                0x00000000c001a8fe                ISO9660::openDir(char const*, void**)
                0x00000000c001a9b6                ISO9660::ISO9660()
                0x00000000c001a9b6                ISO9660::ISO9660()
 *fill*         0x00000000c001a9d9        0x1 
 .text          0x00000000c001a9da      0x244 hal/sound/sndchannel.32
                0x00000000c001a9da                SoundChannel::~SoundChannel()
                0x00000000c001a9da                SoundChannel::~SoundChannel()
                0x00000000c001a9f6                SoundChannel::setSpeed(float)
                0x00000000c001aa02                SoundChannel::getSpeed()
                0x00000000c001aa0a                SoundChannel::setVolume(int)
                0x00000000c001aa26                SoundChannel::getVolume()
                0x00000000c001aa2e                SoundChannel::pause()
                0x00000000c001aa38                SoundChannel::SoundChannel(int, int, int, int)
                0x00000000c001aa38                SoundChannel::SoundChannel(int, int, int, int)
                0x00000000c001ab2e                SoundChannel::play()
                0x00000000c001ab38                SoundChannel::paused()
                0x00000000c001ab40                SoundChannel::getSampleRate()
                0x00000000c001ab48                SoundChannel::getBits()
                0x00000000c001ab50                SoundChannel::getBufferUsed()
                0x00000000c001ab58                SoundChannel::getBufferSize()
                0x00000000c001ab60                SoundChannel::unbuffer(float*, int, int)
                0x00000000c001abd2                SoundChannel::buffer8(unsigned char*, int)
 .text          0x00000000c001ac1e      0x317 hal/sound/sndhw.32
                0x00000000c001ac1e                SoundDevice::SoundDevice(char const*)
                0x00000000c001ac1e                SoundDevice::SoundDevice(char const*)
                0x00000000c001ac8a                SoundDevice::~SoundDevice()
                0x00000000c001ac8a                SoundDevice::~SoundDevice()
                0x00000000c001ad04                SoundDevice::~SoundDevice()
                0x00000000c001ad2e                SoundDevice::getFreeChannelNum()
                0x00000000c001ad48                SoundDevice::addChannel(SoundChannel*)
                0x00000000c001adb8                SoundDevice::removeChannel(int)
                0x00000000c001adea                SoundDevice::floatTo8(float*, unsigned char*, int)
                0x00000000c001ae56                SoundDevice::getAudio(int, float*, float*)
 .text          0x00000000c001af35        0x0 hw/bus/isa.32
 *fill*         0x00000000c001af35        0x1 
 .text          0x00000000c001af36      0x6e5 hw/bus/pci.32
                0x00000000c001af36                PCI::open(int, int, void*)
                0x00000000c001af4a                PCI::close(int, int, void*)
                0x00000000c001af4e                PCI::PCI()
                0x00000000c001af4e                PCI::PCI()
                0x00000000c001afce                PCI::pciReadWord(unsigned char, unsigned char, unsigned char, unsigned char)
                0x00000000c001b016                PCI::getVendorID(unsigned char, unsigned char, unsigned char)
                0x00000000c001b038                PCI::getHeaderType(unsigned char, unsigned char, unsigned char)
                0x00000000c001b05c                PCI::getClassCode(unsigned char, unsigned char, unsigned char)
                0x00000000c001b0a0                PCI::getProgIF(unsigned char, unsigned char, unsigned char)
                0x00000000c001b0c4                PCI::getRevisionID(unsigned char, unsigned char, unsigned char)
                0x00000000c001b0e6                PCI::getInterruptNumber(unsigned char, unsigned char, unsigned char)
                0x00000000c001b108                PCI::getSecondaryBus(unsigned char, unsigned char, unsigned char)
                0x00000000c001b12c                PCI::getBARAddress(unsigned char, unsigned char, unsigned char, unsigned char)
                0x00000000c001b18c                PCI::pciWriteWord(unsigned char, unsigned char, unsigned char, unsigned char, unsigned short)
                0x00000000c001b1f8                PCI::checkBus(unsigned char)
                0x00000000c001b21c                PCI::foundDevice(PCIDeviceInfo)
                0x00000000c001b38c                PCI::getDeviceData(unsigned char, unsigned char, unsigned char)
                0x00000000c001b55c                PCI::checkDevice(unsigned char, unsigned char)
                0x00000000c001b5c8                PCI::detect()
 *fill*         0x00000000c001b61b        0x1 
 .text          0x00000000c001b61c      0xc70 hw/diskctrl/ide.32
                0x00000000c001b61c                IDE::close(int, int, void*)
                0x00000000c001b620                IDE::IDE()
                0x00000000c001b620                IDE::IDE()
                0x00000000c001b654                IDE::prepareInterrupt(unsigned char)
                0x00000000c001b666                selectDrive(unsigned char, unsigned char)
                0x00000000c001b668                IDE::getBase(unsigned char)
                0x00000000c001b67a                IDE::write(unsigned char, unsigned char, unsigned char)
                0x00000000c001b73a                IDE::read(unsigned char, unsigned char)
                0x00000000c001b7e8                IDE::waitInterrupt(unsigned char)
                0x00000000c001b84e                ideChannel0IRQHandler(regs*, void*)
                0x00000000c001b86a                ideChannel1IRQHandler(regs*, void*)
                0x00000000c001b886                IDE::enableIRQs(unsigned char, bool)
                0x00000000c001b8cc                IDE::open(int, int, void*)
                0x00000000c001bcdc                IDE::readBuffer(unsigned char, unsigned char, unsigned int, unsigned int)
                0x00000000c001bda8                IDE::detect()
                0x00000000c001c090                IDE::printError(unsigned char, unsigned char, unsigned char)
                0x00000000c001c226                IDE::polling(unsigned char, unsigned int)
 .text          0x00000000c001c28c      0x62b hw/diskphys/ata.32
                0x00000000c001c28c                ATA::close(int, int, void*)
                0x00000000c001c2b0                ATA::powerSaving(PowerSavingLevel)
                0x00000000c001c2b2                ATA::ATA()
                0x00000000c001c2b2                ATA::ATA()
                0x00000000c001c2e0                ATA::flush(bool)
                0x00000000c001c32a                ATA::readyForCommand()
                0x00000000c001c37a                ATA::access(unsigned long long, int, void*, bool)
                0x00000000c001c6f8                ATA::read(unsigned long long, int, void*)
                0x00000000c001c760                ATA::write(unsigned long long, int, void*)
                0x00000000c001c7c8                ATA::detectCHS()
                0x00000000c001c7f2                ATA::open(int, int, void*)
 *fill*         0x00000000c001c8b7        0x1 
 .text          0x00000000c001c8b8      0x5b3 hw/diskphys/atapi.32
                0x00000000c001c8b8                ATAPI::write(unsigned long long, int, void*)
                0x00000000c001c8be                ATAPI::close(int, int, void*)
                0x00000000c001c8e2                ATAPI::ATAPI()
                0x00000000c001c8e2                ATAPI::ATAPI()
                0x00000000c001c910                ATAPI::readyForCommand()
                0x00000000c001c960                ATAPI::sendPacket(unsigned char*, int, bool, unsigned short*, int)
                0x00000000c001cc20                ATAPI::diskRemoved()
                0x00000000c001cc3c                ATAPI::eject()
                0x00000000c001cc82                ATAPI::diskInserted()
                0x00000000c001ccb0                ATAPI::detectMedia()
                0x00000000c001cd6c                ATAPI::open(int, int, void*)
                0x00000000c001cdec                ATAPI::read(unsigned long long, int, void*)
 *fill*         0x00000000c001ce6b        0x1 
 .text          0x00000000c001ce6c       0x8e hw/fpu/avx.32
                0x00000000c001ce6c                AVX::open(int, int, void*)
                0x00000000c001ce7e                AVX::close(int, int, void*)
                0x00000000c001ce90                AVX::available()
                0x00000000c001cea2                AVX::save(void*)
                0x00000000c001ceba                AVX::load(void*)
                0x00000000c001ced2                AVX::AVX()
                0x00000000c001ced2                AVX::AVX()
 .text          0x00000000c001cefa       0x90 hw/fpu/mmx.32
                0x00000000c001cefa                MMX::available()
                0x00000000c001cf0e                MMX::open(int, int, void*)
                0x00000000c001cf20                MMX::close(int, int, void*)
                0x00000000c001cf32                MMX::save(void*)
                0x00000000c001cf4a                MMX::load(void*)
                0x00000000c001cf62                MMX::MMX()
                0x00000000c001cf62                MMX::MMX()
 .text          0x00000000c001cf8a       0x96 hw/fpu/sse.32
                0x00000000c001cf8a                SSE::open(int, int, void*)
                0x00000000c001cf9c                SSE::close(int, int, void*)
                0x00000000c001cfae                SSE::available()
                0x00000000c001cfc8                SSE::save(void*)
                0x00000000c001cfe0                SSE::load(void*)
                0x00000000c001cff8                SSE::SSE()
                0x00000000c001cff8                SSE::SSE()
 .text          0x00000000c001d020       0x8e hw/fpu/x87.32
                0x00000000c001d020                x87::open(int, int, void*)
                0x00000000c001d032                x87::close(int, int, void*)
                0x00000000c001d044                x87::available()
                0x00000000c001d056                x87::save(void*)
                0x00000000c001d06e                x87::load(void*)
                0x00000000c001d086                x87::x87()
                0x00000000c001d086                x87::x87()
 .text          0x00000000c001d0ae      0x5f3 hw/intctrl/apic.32
                0x00000000c001d0ae                APIC::disable()
                0x00000000c001d0b0                APIC::close(int, int, void*)
                0x00000000c001d0d2                IOAPIC::close(int, int, void*)
                0x00000000c001d0d8                APIC::io_wait()
                0x00000000c001d0de                APIC::getBase()
                0x00000000c001d120                APIC::eoi(unsigned char)
                0x00000000c001d14e                APIC::open(int, int, void*)
                0x00000000c001d208                IOAPIC::IOAPIC()
                0x00000000c001d208                IOAPIC::IOAPIC()
                0x00000000c001d230                APIC::APIC()
                0x00000000c001d230                APIC::APIC()
                0x00000000c001d300                IOAPIC::handlesGSIWithNumber(unsigned int)
                0x00000000c001d332                IOAPIC::read(int)
                0x00000000c001d35a                IOAPIC::open(int, int, void*)
                0x00000000c001d450                IOAPIC::write(int, int)
                0x00000000c001d47c                IOAPIC::redirect(unsigned char, unsigned long long, unsigned char)
                0x00000000c001d536                APIC::installIRQHandler(int, void (*)(regs*, void*), bool, void*)
 *fill*         0x00000000c001d6a1        0x1 
 .text          0x00000000c001d6a2      0x3d3 hw/intctrl/pic.32
                0x00000000c001d6a2                PIC::disable()
                0x00000000c001d6d0                PIC::close(int, int, void*)
                0x00000000c001d6f2                PIC::PIC()
                0x00000000c001d6f2                PIC::PIC()
                0x00000000c001d7c8                PIC::ioWait()
                0x00000000c001d7ce                PIC::getIRQReg(int)
                0x00000000c001d838                PIC::eoi(unsigned char)
                0x00000000c001d8ca                PIC::remap()
                0x00000000c001da36                PIC::open(int, int, void*)
 *fill*         0x00000000c001da75        0x1 
 .text          0x00000000c001da76      0x252 hw/timer/apictimer.32
                0x00000000c001da76                APICTimer::close(int, int, void*)
                0x00000000c001da7c                apicTimerHandler(regs*, void*)
                0x00000000c001daaa                APICTimer::write(int)
                0x00000000c001dba8                APICTimer::open(int, int, void*)
                0x00000000c001dca0                APICTimer::APICTimer()
                0x00000000c001dca0                APICTimer::APICTimer()
 .text          0x00000000c001dcc8      0x1a7 hw/timer/pit.32
                0x00000000c001dcc8                PIT::write(int)
                0x00000000c001dd46                pitHandler(regs*, void*)
                0x00000000c001dd72                PIT::open(int, int, void*)
                0x00000000c001ddc0                PIT::close(int, int, void*)
                0x00000000c001ddf0                PIT::PIT()
                0x00000000c001ddf0                PIT::PIT()
 *fill*         0x00000000c001de6f        0x1 
 .text          0x00000000c001de70        0xa hw/fpu/x86/avx.32
                0x00000000c001de70                avxDetect
                0x00000000c001de76                avxSave
                0x00000000c001de77                avxLoad
                0x00000000c001de78                avxInit
                0x00000000c001de79                avxClose
 *fill*         0x00000000c001de7a        0x6 
 .text          0x00000000c001de80       0x38 hw/fpu/x86/sse.32
                0x00000000c001de80                sseDetect
                0x00000000c001de9b                sseSave
                0x00000000c001dea1                sseLoad
                0x00000000c001dea7                sseInit
                0x00000000c001deb7                sseClose
 *fill*         0x00000000c001deb8        0x8 
 .text          0x00000000c001dec0       0x47 hw/fpu/x86/x87.32
                0x00000000c001dec6                x87Detect
                0x00000000c001dee1                x87Save
                0x00000000c001dee7                x87Load
                0x00000000c001deec                x87Init
                0x00000000c001df06                x87Close
 *fill*         0x00000000c001df07        0x1 
 .text          0x00000000c001df08       0x25 /cygdrive/d/Users/Alex/Desktop/Toolchain/Output/bin/../lib/gcc/i386-banana/8.1.0/crtend.o
 .text          0x00000000c001df2d        0x0 crtn.32
 *fill*         0x00000000c001df2d        0x3 
 .text          0x00000000c001df30      0x14b /cygdrive/d/Users/Alex/Desktop/Toolchain/Output/bin/../lib/gcc/i386-banana/8.1.0/libgcc.a(_divdi3.o)
                0x00000000c001df30                __divdi3
 *fill*         0x00000000c001e07b        0x1 
 .text          0x00000000c001e07c      0x17e /cygdrive/d/Users/Alex/Desktop/Toolchain/Output/bin/../lib/gcc/i386-banana/8.1.0/libgcc.a(_moddi3.o)
                0x00000000c001e07c                __moddi3
 *fill*         0x00000000c001e1fa        0x2 
 .text          0x00000000c001e1fc       0xff /cygdrive/d/Users/Alex/Desktop/Toolchain/Output/bin/../lib/gcc/i386-banana/8.1.0/libgcc.a(_udivdi3.o)
                0x00000000c001e1fc                __udivdi3
 *fill*         0x00000000c001e2fb        0x1 
 .text          0x00000000c001e2fc      0x11a /cygdrive/d/Users/Alex/Desktop/Toolchain/Output/bin/../lib/gcc/i386-banana/8.1.0/libgcc.a(_umoddi3.o)
                0x00000000c001e2fc                __umoddi3
 *fill*         0x00000000c001e416        0xa 
 .text          0x00000000c001e420       0x1e D:/Users/Alex/Desktop/Banana/kernel/libk/libm32.a(s_fabs.c.o)
                0x00000000c001e420                fabs
 *fill*         0x00000000c001e43e        0x2 
 .text          0x00000000c001e440        0xc D:/Users/Alex/Desktop/Banana/kernel/libk/libm32.a(s_lrint.S.o)
                0x00000000c001e440                lrint
 .text          0x00000000c001e44c        0xc D:/Users/Alex/Desktop/Banana/kernel/libk/libm32.a(s_lrintf.S.o)
                0x00000000c001e44c                lrintf
 *(.gnu.linkonce.t*)

.iplt           0x00000000c001e458        0x0
 .iplt          0x00000000c001e458        0x0 D:/Users/Alex/Desktop/Banana/kernel/boot.32

.init           0x00000000c001e458        0xf
 .init          0x00000000c001e458        0x3 crti.32
                0x00000000c001e458                _init
 .init          0x00000000c001e45b        0x5 /cygdrive/d/Users/Alex/Desktop/Toolchain/Output/bin/../lib/gcc/i386-banana/8.1.0/crtbegin.o
 .init          0x00000000c001e460        0x5 /cygdrive/d/Users/Alex/Desktop/Toolchain/Output/bin/../lib/gcc/i386-banana/8.1.0/crtend.o
 .init          0x00000000c001e465        0x2 crtn.32

.fini           0x00000000c001e467        0xa
 .fini          0x00000000c001e467        0x3 crti.32
                0x00000000c001e467                _fini
 .fini          0x00000000c001e46a        0x5 /cygdrive/d/Users/Alex/Desktop/Toolchain/Output/bin/../lib/gcc/i386-banana/8.1.0/crtbegin.o
 .fini          0x00000000c001e46f        0x2 crtn.32

.text._ZN8ComputerD2Ev
                0x00000000c001e472       0x23
 .text._ZN8ComputerD2Ev
                0x00000000c001e472       0x23 core/computer.32
                0x00000000c001e472                Computer::~Computer()
                0x00000000c001e472                Computer::~Computer()

.text._ZN8ComputerD0Ev
                0x00000000c001e496       0x2a
 .text._ZN8ComputerD0Ev
                0x00000000c001e496       0x2a core/computer.32
                0x00000000c001e496                Computer::~Computer()

.text._Z10idleCommonv
                0x00000000c001e4c0       0x15
 .text._Z10idleCommonv
                0x00000000c001e4c0       0x15 core/idle.32
                0x00000000c001e4c0                idleCommon()

.text._ZN3CPU7readCR3Ev
                0x00000000c001e4d5       0x12
 .text._ZN3CPU7readCR3Ev
                0x00000000c001e4d5       0x12 core/kheap.32
                0x00000000c001e4d5                CPU::readCR3()

.text._ZN3CPU8writeCR3Em
                0x00000000c001e4e7        0x9
 .text._ZN3CPU8writeCR3Em
                0x00000000c001e4e7        0x9 core/kheap.32
                0x00000000c001e4e7                CPU::writeCR3(unsigned long)

.text._ZN10LinkedListI8UnixFileED2Ev
                0x00000000c001e4f0        0x2
 .text._ZN10LinkedListI8UnixFileED2Ev
                0x00000000c001e4f0        0x2 core/unixfile.32
                0x00000000c001e4f0                LinkedList<UnixFile>::~LinkedList()
                0x00000000c001e4f0                LinkedList<UnixFile>::~LinkedList()

.text._ZN10LinkedListI8UnixFileEC2Ev
                0x00000000c001e4f2       0x58
 .text._ZN10LinkedListI8UnixFileEC2Ev
                0x00000000c001e4f2       0x58 core/unixfile.32
                0x00000000c001e4f2                LinkedList<UnixFile>::LinkedList()
                0x00000000c001e4f2                LinkedList<UnixFile>::LinkedList()

.text._ZN10LinkedListI8UnixFileE10addElementEPS0_
                0x00000000c001e54a       0xd3
 .text._ZN10LinkedListI8UnixFileE10addElementEPS0_
                0x00000000c001e54a       0xd3 core/unixfile.32
                0x00000000c001e54a                LinkedList<UnixFile>::addElement(UnixFile*)

.text._ZN10LinkedListI8UnixFileE15getFirstElementEv
                0x00000000c001e61e        0x7
 .text._ZN10LinkedListI8UnixFileE15getFirstElementEv
                0x00000000c001e61e        0x7 core/unixfile.32
                0x00000000c001e61e                LinkedList<UnixFile>::getFirstElement()

.text._ZN10LinkedListI8UnixFileE11removeFirstEv
                0x00000000c001e626       0xa1
 .text._ZN10LinkedListI8UnixFileE11removeFirstEv
                0x00000000c001e626       0xa1 core/unixfile.32
                0x00000000c001e626                LinkedList<UnixFile>::removeFirst()

.text._ZN10LinkedListI8UnixFileE7getNextEPS0_
                0x00000000c001e6c8        0x8
 .text._ZN10LinkedListI8UnixFileE7getNextEPS0_
                0x00000000c001e6c8        0x8 core/unixfile.32
                0x00000000c001e6c8                LinkedList<UnixFile>::getNext(UnixFile*)

.text._ZN16DriverlessDeviceD2Ev
                0x00000000c001e6d0       0x1a
 .text._ZN16DriverlessDeviceD2Ev
                0x00000000c001e6d0       0x1a hal/device.32
                0x00000000c001e6d0                DriverlessDevice::~DriverlessDevice()
                0x00000000c001e6d0                DriverlessDevice::~DriverlessDevice()

.text._ZN16DriverlessDeviceD0Ev
                0x00000000c001e6ea       0x2a
 .text._ZN16DriverlessDeviceD0Ev
                0x00000000c001e6ea       0x2a hal/device.32
                0x00000000c001e6ea                DriverlessDevice::~DriverlessDevice()

.text._ZN10LinkedListI6DeviceE10addElementEPS0_
                0x00000000c001e714       0xdc
 .text._ZN10LinkedListI6DeviceE10addElementEPS0_
                0x00000000c001e714       0xdc hal/device.32
                0x00000000c001e714                LinkedList<Device>::addElement(Device*)

.text._ZN10LinkedListI6DeviceEC2Ev
                0x00000000c001e7f0       0x58
 .text._ZN10LinkedListI6DeviceEC2Ev
                0x00000000c001e7f0       0x58 hal/device.32
                0x00000000c001e7f0                LinkedList<Device>::LinkedList()
                0x00000000c001e7f0                LinkedList<Device>::LinkedList()

.text._ZN3CPU7readCR0Ev
                0x00000000c001e848       0x12
 .text._ZN3CPU7readCR0Ev
                0x00000000c001e848       0x12 hal/fpu.32
                0x00000000c001e848                CPU::readCR0()

.text._ZN3CPU8writeCR0Em
                0x00000000c001e85a        0x9
 .text._ZN3CPU8writeCR0Em
                0x00000000c001e85a        0x9 hal/fpu.32
                0x00000000c001e85a                CPU::writeCR0(unsigned long)

.text._ZN3CPU7readDR0Ev
                0x00000000c001e863       0x12
 .text._ZN3CPU7readDR0Ev
                0x00000000c001e863       0x12 hal/intctrl.32
                0x00000000c001e863                CPU::readDR0()

.text._ZN3CPU7readDR1Ev
                0x00000000c001e875       0x12
 .text._ZN3CPU7readDR1Ev
                0x00000000c001e875       0x12 hal/intctrl.32
                0x00000000c001e875                CPU::readDR1()

.text._ZN3CPU7readDR2Ev
                0x00000000c001e887       0x12
 .text._ZN3CPU7readDR2Ev
                0x00000000c001e887       0x12 hal/intctrl.32
                0x00000000c001e887                CPU::readDR2()

.text._ZN3CPU7readDR3Ev
                0x00000000c001e899       0x12
 .text._ZN3CPU7readDR3Ev
                0x00000000c001e899       0x12 hal/intctrl.32
                0x00000000c001e899                CPU::readDR3()

.text._ZN3CPU7readDR6Ev
                0x00000000c001e8ab       0x12
 .text._ZN3CPU7readDR6Ev
                0x00000000c001e8ab       0x12 hal/intctrl.32
                0x00000000c001e8ab                CPU::readDR6()

.text._ZN3CPU7readDR7Ev
                0x00000000c001e8bd       0x12
 .text._ZN3CPU7readDR7Ev
                0x00000000c001e8bd       0x12 hal/intctrl.32
                0x00000000c001e8bd                CPU::readDR7()

.text._ZN10LinkedListIV18ThreadControlBlockE15getFirstElementEv
                0x00000000c001e8d0        0x7
 .text._ZN10LinkedListIV18ThreadControlBlockE15getFirstElementEv
                0x00000000c001e8d0        0x7 hal/timer.32
                0x00000000c001e8d0                LinkedList<ThreadControlBlock volatile>::getFirstElement()

.text._ZN10LinkedListIV18ThreadControlBlockE7isEmptyEv
                0x00000000c001e8d8       0x1c
 .text._ZN10LinkedListIV18ThreadControlBlockE7isEmptyEv
                0x00000000c001e8d8       0x1c hal/timer.32
                0x00000000c001e8d8                LinkedList<ThreadControlBlock volatile>::isEmpty()

.text._ZN10LinkedListIV18ThreadControlBlockE11removeFirstEv
                0x00000000c001e8f4       0xae
 .text._ZN10LinkedListIV18ThreadControlBlockE11removeFirstEv
                0x00000000c001e8f4       0xae hal/timer.32
                0x00000000c001e8f4                LinkedList<ThreadControlBlock volatile>::removeFirst()

.text._ZN10LinkedListIV18ThreadControlBlockE10addElementEPS1_
                0x00000000c001e9a2       0xd3
 .text._ZN10LinkedListIV18ThreadControlBlockE10addElementEPS1_
                0x00000000c001e9a2       0xd3 hal/timer.32
                0x00000000c001e9a2                LinkedList<ThreadControlBlock volatile>::addElement(ThreadControlBlock volatile*)

.text._ZN4ACPID2Ev
                0x00000000c001ea76       0x23
 .text._ZN4ACPID2Ev
                0x00000000c001ea76       0x23 hw/acpi.32
                0x00000000c001ea76                ACPI::~ACPI()
                0x00000000c001ea76                ACPI::~ACPI()

.text._ZN4ACPID0Ev
                0x00000000c001ea9a       0x2a
 .text._ZN4ACPID0Ev
                0x00000000c001ea9a       0x2a hw/acpi.32
                0x00000000c001ea9a                ACPI::~ACPI()

.text._ZN3CPUD2Ev
                0x00000000c001eac4       0x23
 .text._ZN3CPUD2Ev
                0x00000000c001eac4       0x23 hw/cpu.32
                0x00000000c001eac4                CPU::~CPU()
                0x00000000c001eac4                CPU::~CPU()

.text._ZN3CPUD0Ev
                0x00000000c001eae8       0x2a
 .text._ZN3CPUD0Ev
                0x00000000c001eae8       0x2a hw/cpu.32
                0x00000000c001eae8                CPU::~CPU()

.text._ZN3CPU7readCR4Ev
                0x00000000c001eb12       0x12
 .text._ZN3CPU7readCR4Ev
                0x00000000c001eb12       0x12 hw/cpu.32
                0x00000000c001eb12                CPU::readCR4()

.text._ZN3CPU8writeDR7Em
                0x00000000c001eb24        0x9
 .text._ZN3CPU8writeDR7Em
                0x00000000c001eb24        0x9 hw/cpu.32
                0x00000000c001eb24                CPU::writeDR7(unsigned long)

.text._ZN3CPU8writeCR4Em
                0x00000000c001eb2d        0x9
 .text._ZN3CPU8writeCR4Em
                0x00000000c001eb2d        0x9 hw/cpu.32
                0x00000000c001eb2d                CPU::writeCR4(unsigned long)

.text._ZN3CPU7readCR2Ev
                0x00000000c001eb36       0x12
 .text._ZN3CPU7readCR2Ev
                0x00000000c001eb36       0x12 krnl/panic.32
                0x00000000c001eb36                CPU::readCR2()

.text._ZN10LinkedListIV18ThreadControlBlockED2Ev
                0x00000000c001eb48        0x2
 .text._ZN10LinkedListIV18ThreadControlBlockED2Ev
                0x00000000c001eb48        0x2 thr/prcssthr.32
                0x00000000c001eb48                LinkedList<ThreadControlBlock volatile>::~LinkedList()
                0x00000000c001eb48                LinkedList<ThreadControlBlock volatile>::~LinkedList()

.text._ZN18ThreadControlBlockC2Ev
                0x00000000c001eb4a       0x3e
 .text._ZN18ThreadControlBlockC2Ev
                0x00000000c001eb4a       0x3e thr/prcssthr.32
                0x00000000c001eb4a                ThreadControlBlock::ThreadControlBlock()
                0x00000000c001eb4a                ThreadControlBlock::ThreadControlBlock()

.text._ZN10LinkedListIV18ThreadControlBlockEC2Ev
                0x00000000c001eb88       0x58
 .text._ZN10LinkedListIV18ThreadControlBlockEC2Ev
                0x00000000c001eb88       0x58 thr/prcssthr.32
                0x00000000c001eb88                LinkedList<ThreadControlBlock volatile>::LinkedList()
                0x00000000c001eb88                LinkedList<ThreadControlBlock volatile>::LinkedList()

.text._ZN10LinkedListIV18ThreadControlBlockE7getNextEPS1_
                0x00000000c001ebe0        0x8
 .text._ZN10LinkedListIV18ThreadControlBlockE7getNextEPS1_
                0x00000000c001ebe0        0x8 thr/prcssthr.32
                0x00000000c001ebe0                LinkedList<ThreadControlBlock volatile>::getNext(ThreadControlBlock volatile*)

.text._ZN3PCID2Ev
                0x00000000c001ebe8       0x23
 .text._ZN3PCID2Ev
                0x00000000c001ebe8       0x23 hw/bus/pci.32
                0x00000000c001ebe8                PCI::~PCI()
                0x00000000c001ebe8                PCI::~PCI()

.text._ZN3PCID0Ev
                0x00000000c001ec0c       0x2a
 .text._ZN3PCID0Ev
                0x00000000c001ec0c       0x2a hw/bus/pci.32
                0x00000000c001ec0c                PCI::~PCI()

.text._ZN3IDED2Ev
                0x00000000c001ec36       0x23