Archive member included to satisfy reference by file (symbol)

/cygdrive/d/Users/Alex/Desktop/Toolchain/Output/bin/../lib/gcc/i386-banana/8.1.0/libkgcc.a(_divdi3.o)
                              fs/fat/ff.32 (__divdi3)
/cygdrive/d/Users/Alex/Desktop/Toolchain/Output/bin/../lib/gcc/i386-banana/8.1.0/libkgcc.a(_moddi3.o)
                              compat/resolve.32 (__moddi3)
/cygdrive/d/Users/Alex/Desktop/Toolchain/Output/bin/../lib/gcc/i386-banana/8.1.0/libkgcc.a(_udivdi3.o)
                              fs/fat/ff.32 (__udivdi3)
/cygdrive/d/Users/Alex/Desktop/Toolchain/Output/bin/../lib/gcc/i386-banana/8.1.0/libkgcc.a(_umoddi3.o)
                              compat/resolve.32 (__umoddi3)
D:/Users/Alex/Desktop/Banana/kernel/libsoftfp.a(sfieeelib.o)
                              hal/sound/sndhw.32 (__addsf3)
D:/Users/Alex/Desktop/Banana/kernel/libsoftfp.a(dfieeelib.o)
                              hal/libresample/src_linear.32 (__adddf3)
D:/Users/Alex/Desktop/Banana/kernel/libsoftfp.a(sfdfcvt.o)
                              hal/libresample/samplerate.32 (__truncdfsf2)
D:/Users/Alex/Desktop/Banana/kernel/libk/libm32.a(s_fabs.c.o)
                              hal/libresample/samplerate.32 (fabs)
D:/Users/Alex/Desktop/Banana/kernel/libk/libm32.a(s_lrint.S.o)
                              hal/libresample/samplerate.32 (lrint)
D:/Users/Alex/Desktop/Banana/kernel/libk/libm32.a(s_lrintf.S.o)
                              hal/sound/sndhw.32 (lrintf)

Discarded input sections

 .comment       0x0000000000000000       0x12 /cygdrive/d/Users/Alex/Desktop/Toolchain/Output/bin/../lib/gcc/i386-banana/8.1.0/crtbegin.o
 .comment       0x0000000000000000       0x12 acpica/utclib.32
 .comment       0x0000000000000000       0x12 core/malloc.32
 .comment       0x0000000000000000       0x12 libk/string.32
 .comment       0x0000000000000000       0x12 fs/fat/diskio.32
 .comment       0x0000000000000000       0x12 fs/fat/ff.32
 .comment       0x0000000000000000       0x12 fs/fat/ffsystem.32
 .comment       0x0000000000000000       0x12 fs/fat/ffunicode.32
 .comment       0x0000000000000000       0x12 hal/libresample/samplerate.32
 .comment       0x0000000000000000       0x12 hal/libresample/src_linear.32
 .comment       0x0000000000000000       0x12 hal/libresample/src_sinc.32
 .comment       0x0000000000000000       0x12 hal/libresample/src_zoh.32
 .comment       0x0000000000000000       0x12 compat/inlines.32
 .comment       0x0000000000000000       0x12 compat/resolve.32
 .group         0x0000000000000000       0x14 core/computer.32
 .group         0x0000000000000000        0xc core/computer.32
 .comment       0x0000000000000000       0x12 core/computer.32
 .comment       0x0000000000000000       0x12 core/gdt.32
 .group         0x0000000000000000        0xc core/idle.32
 .comment       0x0000000000000000       0x12 core/idle.32
 .comment       0x0000000000000000       0x12 core/idt.32
 .comment       0x0000000000000000       0x12 core/kheap.32
 .comment       0x0000000000000000       0x12 core/main.32
 .comment       0x0000000000000000       0x12 core/physmgr.32
 .group         0x0000000000000000        0xc core/pipe.32
 .comment       0x0000000000000000       0x12 core/pipe.32
 .group         0x0000000000000000        0xc core/terminal.32
 .comment       0x0000000000000000       0x12 core/terminal.32
 .comment       0x0000000000000000       0x12 core/tss.32
 .group         0x0000000000000000        0x8 core/unixfile.32
 .group         0x0000000000000000        0xc core/unixfile.32
 .group         0x0000000000000000        0xc core/unixfile.32
 .group         0x0000000000000000        0x8 core/unixfile.32
 .group         0x0000000000000000        0xc core/unixfile.32
 .group         0x0000000000000000        0x8 core/unixfile.32
 .group         0x0000000000000000        0xc core/unixfile.32
 .group         0x0000000000000000        0xc core/unixfile.32
 .comment       0x0000000000000000       0x12 core/unixfile.32
 .comment       0x0000000000000000       0x12 core/virtmgr.32
 .comment       0x0000000000000000       0x12 coreobjs/c++.32
 .comment       0x0000000000000000       0x12 dbg/kconsole.32
 .group         0x0000000000000000        0xc fs/vfs.32
 .group         0x0000000000000000        0xc fs/vfs.32
 .group         0x0000000000000000        0xc fs/vfs.32
 .comment       0x0000000000000000       0x12 fs/vfs.32
 .group         0x0000000000000000        0xc hal/bus.32
 .comment       0x0000000000000000       0x12 hal/bus.32
 .group         0x0000000000000000        0xc hal/buzzer.32
 .comment       0x0000000000000000       0x12 hal/buzzer.32
 .group         0x0000000000000000        0xc hal/clock.32
 .comment       0x0000000000000000       0x12 hal/clock.32
 .group         0x0000000000000000       0x14 hal/device.32
 .group         0x0000000000000000        0xc hal/device.32
 .group         0x0000000000000000        0xc hal/device.32
 .group         0x0000000000000000        0xc hal/device.32
[...]
Memory Configuration

Name             Origin             Length             Attributes
*default*        0x0000000000000000 0xffffffffffffffff

Linker script and memory map

LOAD D:/Users/Alex/Desktop/Banana/kernel/boot.32
LOAD crti.32
LOAD /cygdrive/d/Users/Alex/Desktop/Toolchain/Output/bin/../lib/gcc/i386-banana/8.1.0/crtbegin.o
LOAD D:/Users/Alex/Desktop/Banana/kernel/morenasm.32
LOAD acpica/utclib.32
LOAD core/malloc.32
LOAD libk/string.32
LOAD fs/fat/diskio.32
LOAD fs/fat/ff.32
LOAD fs/fat/ffsystem.32
LOAD fs/fat/ffunicode.32
LOAD hal/libresample/samplerate.32
LOAD hal/libresample/src_linear.32
LOAD hal/libresample/src_sinc.32
LOAD hal/libresample/src_zoh.32
LOAD compat/inlines.32
LOAD compat/resolve.32
LOAD core/computer.32
LOAD core/gdt.32
LOAD core/idle.32
LOAD core/idt.32
LOAD core/kheap.32
LOAD core/main.32
LOAD core/physmgr.32
LOAD core/pipe.32
LOAD core/terminal.32
LOAD core/tss.32
LOAD core/unixfile.32
LOAD core/virtmgr.32
LOAD coreobjs/c++.32
LOAD dbg/kconsole.32
LOAD fs/vfs.32
LOAD hal/bus.32
LOAD hal/buzzer.32
LOAD hal/clock.32
LOAD hal/device.32
LOAD hal/diskctrl.32
LOAD hal/diskphys.32
LOAD hal/fpu.32
LOAD hal/intctrl.32
LOAD hal/keybrd.32
LOAD hal/logidisk.32
LOAD hal/mouse.32
LOAD hal/partition.32
LOAD hal/serial.32
LOAD hal/timer.32
LOAD hal/vcache.32
LOAD hal/video.32
LOAD hw/acpi.32
LOAD hw/cpu.32
LOAD hw/ports.32
LOAD hw/smp.32
LOAD krnl/env.32
LOAD krnl/panic.32
LOAD net/ethernet.32
LOAD reg/registry.32
LOAD sys/sc_eject.32
LOAD sys/sc_exit.32
LOAD sys/sc_getcwd.32
LOAD sys/sc_getpid.32
LOAD sys/sc_getramdata.32
LOAD sys/sc_loaddll.32
LOAD sys/sc_read.32
LOAD sys/sc_sbrk.32
LOAD sys/sc_setcwd.32
LOAD sys/sc_settime.32
LOAD sys/sc_timezone.32
LOAD sys/sc_write.32
LOAD sys/sc_wsbe.32
LOAD sys/sc_yield.32
LOAD sys/syscalls.32
LOAD thr/elf.32
LOAD thr/prcssthr.32
LOAD vm86/vm8086.32
LOAD vm86/x87em.32
LOAD fs/fat/vfslink.32
LOAD fs/iso9660/vfslink.32
LOAD hal/sound/sndchannel.32
LOAD hal/sound/sndhw.32
LOAD hw/bus/isa.32
LOAD hw/bus/pci.32
LOAD hw/diskctrl/ide.32
LOAD hw/diskctrl/satabus.32
LOAD hw/diskphys/ata.32
LOAD hw/diskphys/atapi.32
LOAD hw/diskphys/sata.32
LOAD hw/diskphys/satapi.32
LOAD hw/fpu/avx.32
LOAD hw/fpu/mmx.32
LOAD hw/fpu/sse.32
LOAD hw/fpu/x87.32
LOAD hw/intctrl/apic.32
LOAD hw/intctrl/pic.32
LOAD hw/timer/apictimer.32
LOAD hw/timer/pit.32
LOAD hw/fpu/x86/avx.32
LOAD hw/fpu/x86/sse.32
LOAD hw/fpu/x86/x87.32
LOAD /cygdrive/d/Users/Alex/Desktop/Toolchain/Output/bin/../lib/gcc/i386-banana/8.1.0/crtend.o
LOAD crtn.32
LOAD /cygdrive/d/Users/Alex/Desktop/Toolchain/Output/bin/../lib/gcc/i386-banana/8.1.0/libkgcc.a
LOAD D:/Users/Alex/Desktop/Banana/kernel/libsoftfp.a
LOAD D:/Users/Alex/Desktop/Banana/kernel/libk/libm32.a
                0x00000000c0000000                . = 0xc0000000

.text           0x00000000c0000000    0x28708
 *(.text)
 .text          0x00000000c0000000       0x41 D:/Users/Alex/Desktop/Banana/kernel/boot.32
                0x00000000c0000020                callGlobalConstructors
 .text          0x00000000c0000041        0x0 crti.32
 *fill*         0x00000000c0000041        0x3 
 .text          0x00000000c0000044      0x101 /cygdrive/d/Users/Alex/Desktop/Toolchain/Output/bin/../lib/gcc/i386-banana/8.1.0/crtbegin.o
 *fill*         0x00000000c0000145        0xb 
 .text          0x00000000c0000150      0x4f5 D:/Users/Alex/Desktop/Banana/kernel/morenasm.32
                0x00000000c0000150                manualPCIProbe
                0x00000000c000019b                prepareTramp
                0x00000000c00001b4                voodooXADD
                0x00000000c000027f                doTPAUSE
                0x00000000c0000289                hasLegacyFPU
                0x00000000c00002ae                is486
                0x00000000c00002e4                detectCPUID
                0x00000000c00002fa                goToVM86
                0x00000000c000032a                goToUsermode
                0x00000000c0000354                switchToThreadASMFirstTime
                0x00000000c0000362                switchToThreadASM
                0x00000000c00003f2                asmQuickAcquireLock
                0x00000000c0000410                asmQuickReleaseLock
                0x00000000c000041c                asmAcquireLock
                0x00000000c000043d                asmReleaseLock
                0x00000000c0000450                loadGDT
                0x00000000c0000470                isr0
                0x00000000c0000480                isr1
                0x00000000c000048a                isr2
                0x00000000c0000494                isr3
                0x00000000c000049e                isr4
                0x00000000c00004a8                isr5
                0x00000000c00004b2                isr6
                0x00000000c00004bc                isr7
                0x00000000c00004c6                isr8
                0x00000000c00004ce                isr9
                0x00000000c00004d8                isr10
                0x00000000c00004e0                isr11
                0x00000000c00004e8                isr12
                0x00000000c00004f0                isr13
                0x00000000c00004f8                isr14
                0x00000000c0000500                isr15
                0x00000000c000050a                isr16
                0x00000000c0000514                isr17
                0x00000000c000051e                isr18
                0x00000000c0000528                irq3
                0x00000000c0000532                irq4
                0x00000000c000053c                irq5
                0x00000000c0000546                irq6
                0x00000000c0000550                irq7
                0x00000000c000055a                irq8
                0x00000000c0000564                irq9
                0x00000000c000056e                irq10
                0x00000000c0000578                irq11
                0x00000000c0000582                irq12
                0x00000000c000058c                irq13
                0x00000000c0000596                irq14
                0x00000000c00005a0                irq15
                0x00000000c00005aa                irq1
                0x00000000c00005b1                irq2
                0x00000000c00005b8                isr96
                0x00000000c00005bf                irq0
                0x00000000c00005c4                int_common_stub
                0x00000000c00005c4                syscall_common_stub
                0x00000000c00005f5                irq16
                0x00000000c00005ff                irq17
                0x00000000c0000609                irq18
                0x00000000c0000613                irq19
                0x00000000c000061d                irq20
                0x00000000c0000627                irq21
                0x00000000c0000631                irq22
                0x00000000c000063b                irq23
 *fill*         0x00000000c0000645        0x3 
 .text          0x00000000c0000648      0x611 acpica/utclib.32
                0x00000000c0000648                memcmp
                0x00000000c0000684                memmove
                0x00000000c000074c                memcpy
                0x00000000c0000780                memset
                0x00000000c000079c                strlen
                0x00000000c00007b4                strpbrk
                0x00000000c00007f0                strtok
                0x00000000c000083c                strcpy
                0x00000000c0000860                strncpy
                0x00000000c00008c8                strcmp
                0x00000000c0000908                strchr
                0x00000000c000092c                strncmp
                0x00000000c000097c                strcat
                0x00000000c00009ac                strncat
                0x00000000c00009e8                strstr
                0x00000000c0000a30                toupper
                0x00000000c0000a44                tolower
                0x00000000c0000a58                simple_strtoul
 .text          0x00000000c0000c59      0xfbf core/malloc.32
                0x00000000c0000dc4                dlfree
                0x00000000c000111f                dlmalloc
                0x00000000c000165c                dlrealloc
                0x00000000c0001811                dlmemalign
                0x00000000c0001934                dlcalloc
                0x00000000c00019ce                dlcfree
                0x00000000c00019d3                dlindependent_calloc
                0x00000000c00019f8                dlindependent_comalloc
                0x00000000c0001a0f                dlvalloc
                0x00000000c0001a3a                dlpvalloc
                0x00000000c0001a70                dlmalloc_trim
                0x00000000c0001a7d                dlmalloc_usable_size
                0x00000000c0001aae                dlmallinfo
                0x00000000c0001b7d                dlmalloc_stats
                0x00000000c0001b8e                dlmallopt
 .text          0x00000000c0001c18        0x0 libk/string.32
 .text          0x00000000c0001c18       0x51 fs/fat/diskio.32
                0x00000000c0001c18                disk_status
                0x00000000c0001c1b                disk_initialize
                0x00000000c0001c1e                disk_read
                0x00000000c0001c34                disk_write
                0x00000000c0001c4a                disk_ioctl
 .text          0x00000000c0001c69     0x6833 fs/fat/ff.32
                0x00000000c0004f37                f_mount
                0x00000000c0004f99                f_open
                0x00000000c00053d5                f_read
                0x00000000c0005655                f_write
                0x00000000c000590f                f_sync
                0x00000000c0005aeb                f_close
                0x00000000c0005b1a                f_lseek
                0x00000000c0005fd1                f_opendir
                0x00000000c00060d3                f_closedir
                0x00000000c00060f5                f_readdir
                0x00000000c0006190                f_stat
                0x00000000c000621f                f_getfree
                0x00000000c00063ea                f_truncate
                0x00000000c00064e2                f_unlink
                0x00000000c0006665                f_mkdir
                0x00000000c0006891                f_rename
                0x00000000c0006b84                f_chmod
                0x00000000c0006c62                f_utime
                0x00000000c0006d40                f_getlabel
                0x00000000c0006f2e                f_setlabel
                0x00000000c000719b                f_forward
                0x00000000c0007379                f_mkfs
 .text          0x00000000c000849c       0x2d fs/fat/ffsystem.32
                0x00000000c000849c                ff_memalloc
                0x00000000c00084b2                ff_memfree
 .text          0x00000000c00084c9      0x253 fs/fat/ffunicode.32
                0x00000000c00084c9                ff_uni2oem
                0x00000000c0008559                ff_oem2uni
                0x00000000c00085c5                ff_wtoupper
 .text          0x00000000c000871c      0x8fb hal/libresample/samplerate.32
                0x00000000c0008760                src_delete
                0x00000000c000879c                src_process
                0x00000000c0008952                src_callback_read
                0x00000000c0008acf                src_set_ratio
                0x00000000c0008b39                src_get_channels
                0x00000000c0008b5b                src_reset
                0x00000000c0008ba7                src_new
                0x00000000c0008c35                src_callback_new
                0x00000000c0008c97                src_get_name
                0x00000000c0008cce                src_get_description
                0x00000000c0008d05                src_get_version
                0x00000000c0008d0b                src_is_valid_ratio
                0x00000000c0008d5f                src_error
                0x00000000c0008d6d                src_strerror
                0x00000000c0008d80                src_simple
                0x00000000c0008dd3                src_short_to_float_array
                0x00000000c0008e38                src_float_to_short_array
                0x00000000c0008ef7                src_int_to_float_array
                0x00000000c0008f5a                src_float_to_int_array
 .text          0x00000000c0009017      0x8cb hal/libresample/src_linear.32
                0x00000000c000983d                linear_get_name
                0x00000000c000984c                linear_get_description
                0x00000000c000985b                linear_set_converter
 .text          0x00000000c00098e2     0x447c hal/libresample/src_sinc.32
                0x00000000c000dc75                sinc_get_name
                0x00000000c000dc88                sinc_get_description
                0x00000000c000dc9b                sinc_set_converter
 .text          0x00000000c000dd5e      0x77c hal/libresample/src_zoh.32
                0x00000000c000e435                zoh_get_name
                0x00000000c000e444                zoh_get_description
                0x00000000c000e453                zoh_set_converter
 .text          0x00000000c000e4da       0x23 compat/inlines.32
                0x00000000c000e4da                CPU::current()
                0x00000000c000e4e7                operator new(unsigned long)
 .text          0x00000000c000e4fd      0x111 compat/resolve.32
                0x00000000c000e4fd                Krnl::resolveCompatibilitySymbol(char*)
 .text          0x00000000c000e60e      0xa17 core/computer.32
                0x00000000c000e60e                Computer::close(int, int, void*)
                0x00000000c000e652                Krnl::firstTask()
                0x00000000c000e742                Computer::Computer()
                0x00000000c000e742                Computer::Computer()
                0x00000000c000e89e                Computer::setBootMessage(char const*)
                0x00000000c000e8a0                Computer::detectFeatures()
                0x00000000c000eaaa                Computer::displayFeatures()
                0x00000000c000edf0                Computer::rdmsr(unsigned int)
                0x00000000c000ee1c                Computer::wrmsr(unsigned int, unsigned long long)
                0x00000000c000ee54                Computer::nmiEnabled()
                0x00000000c000ee60                Computer::readCMOS(unsigned char)
                0x00000000c000ee7a                Computer::enableNMI(bool)
                0x00000000c000ee92                Computer::open(int, int, void*)
                0x00000000c000ef68                Computer::disableNMI()
                0x00000000c000ef76                Computer::writeCMOS(unsigned char, unsigned char)
                0x00000000c000ef94                Computer::handleNMI()
                0x00000000c000effa                Computer::setDiskActivityLight(int, bool)
 *fill*         0x00000000c000f025        0x1 
 .text          0x00000000c000f026      0x1b7 core/gdt.32
                0x00000000c000f026                GDTEntry::setBase(unsigned int)
                0x00000000c000f042                GDTEntry::setLimit(unsigned int)
                0x00000000c000f060                GDT::GDT()
                0x00000000c000f060                GDT::GDT()
                0x00000000c000f076                GDT::addEntry(GDTEntry)
                0x00000000c000f0b2                GDT::getNumberOfEntries()
                0x00000000c000f0ba                GDT::flush()
                0x00000000c000f0dc                GDT::setup()
 .text          0x00000000c000f1dd       0x62 core/idle.32
                0x00000000c000f1dd                idleFunction(void*)
 *fill*         0x00000000c000f23f        0x1 
 .text          0x00000000c000f240      0x45f core/idt.32
                0x00000000c000f240                IDTEntry::IDTEntry(bool)
                0x00000000c000f240                IDTEntry::IDTEntry(bool)
                0x00000000c000f2ae                IDTEntry::setOffset(unsigned int)
                0x00000000c000f2c2                IDT::IDT()
                0x00000000c000f2c2                IDT::IDT()
                0x00000000c000f2c4                IDT::getPointerToInvalidOpcodeEntryForF00F()
                0x00000000c000f2cc                IDT::addEntry(IDTEntry, int)
                0x00000000c000f2e6                IDT::addEntry(int, void (*)(), bool)
                0x00000000c000f31e                IDT::flush()
                0x00000000c000f338                IDT::setup()
 .text          0x00000000c000f69f      0x206 core/kheap.32
                0x00000000c000f69f                sbrk
                0x00000000c000f7ad                mmap
                0x00000000c000f7c3                munmap
                0x00000000c000f7d9                liballoc_lock()
                0x00000000c000f7ea                liballoc_unlock()
                0x00000000c000f7fb                liballoc_alloc(int)
                0x00000000c000f819                liballoc_free(void*, int)
                0x00000000c000f837                realloc
                0x00000000c000f84b                malloc
                0x00000000c000f85b                free
                0x00000000c000f86b                rfree
                0x00000000c000f87b                calloc
 .text          0x00000000c000f8a5      0x485 core/main.32
                0x00000000c000f8a5                hwTextMode_loadInData(VgaText*)
                0x00000000c000f8f0                hwTextMode_loadInTitle(VgaText*, char*)
                0x00000000c000f96e                hwTextMode_showCursor(VgaText*, bool)
                0x00000000c000f9cc                hwTextMode_update(VgaText*)
                0x00000000c000f9cd                hwTextMode_updateCursor(VgaText*)
                0x00000000c000fa1e                hwTextMode_disableBlink(VgaText*, bool)
                0x00000000c000fa64                hwTextMode_scrollScreen(VgaText*)
                0x00000000c000fb11                hwTextMode_writeCharacter(VgaText*, char, VgaColour, VgaColour, int, int)
                0x00000000c000fb93                setupTextMode()
                0x00000000c000fc03                kernel_main
 .text          0x00000000c000fd2a      0x56a core/physmgr.32
                0x00000000c000fd2a                Phys::allocateDMA(unsigned long)
                0x00000000c000fdcd                Phys::freeDMA(unsigned long, unsigned long)
                0x00000000c000fe15                Phys::setPageState(unsigned long, bool)
                0x00000000c000fe47                Phys::getPageState(unsigned long)
                0x00000000c000fe63                Phys::freePage(unsigned long)
                0x00000000c000feed                Phys::allocatePage()
                0x00000000c000ffd2                Phys::allocateContiguousPages(int)
                0x00000000c001002c                Phys::allowSegmentToBeUsed(unsigned long, unsigned long)
                0x00000000c0010064                Phys::physicalMemorySetup(unsigned int)
 .text          0x00000000c0010294      0x273 core/pipe.32
                0x00000000c0010294                Pipe::isAtty()
                0x00000000c0010298                Pipe::~Pipe()
                0x00000000c0010298                Pipe::~Pipe()
                0x00000000c00102bc                Pipe::~Pipe()
                0x00000000c00102e4                Pipe::read(unsigned long long, void*, int*)
                0x00000000c00103d8                Pipe::write(unsigned long long, void*, int*)
                0x00000000c00104a0                Pipe::Pipe(int)
                0x00000000c00104a0                Pipe::Pipe(int)
 *fill*         0x00000000c0010507        0x1 
 .text          0x00000000c0010508      0xf73 core/terminal.32
                0x00000000c0010508                VgaText::isAtty()
                0x00000000c001050c                VgaText::~VgaText()
                0x00000000c001050c                VgaText::~VgaText()
                0x00000000c0010530                VgaText::~VgaText()
                0x00000000c001055a                VgaText::read(unsigned long long, void*, int*)
                0x00000000c001057a                setTerminalScrollLock(bool)
                0x00000000c001057b                addToTerminalCycle(VgaText*)
                0x00000000c00105a8                installVgaTextImplementation()
                0x00000000c00105bd                scrollTerminalScrollLock(int)
                0x00000000c00105be                VgaText::load()
                0x00000000c0010612                VgaText::updateCursor()
                0x00000000c001062c                VgaText::showCursor(bool)
                0x00000000c001063c                VgaText::disableBlink(bool)
                0x00000000c0010676                VgaText::doANSI_SGR(int)
                0x00000000c0010702                VgaText::setDefaultBgColour(VgaColour)
                0x00000000c0010718                VgaText::setDefaultFgColour(VgaColour)
                0x00000000c001072e                VgaText::setDefaultColours(VgaColour, VgaColour)
                0x00000000c001074e                VgaText::combineColours(unsigned char, unsigned char)
                0x00000000c0010760                VgaText::scrollScreen()
                0x00000000c00107f4                VgaText::combineCharAndColour(char, unsigned char)
                0x00000000c0010806                VgaText::writeCharacter(char, VgaColour, VgaColour, int, int)
                0x00000000c0010866                VgaText::getCursorX()
                0x00000000c0010872                VgaText::getCursorY()
                0x00000000c001087e                VgaText::setCursor(int, int)
                0x00000000c001089c                VgaText::setCursorX(int)
                0x00000000c00108b8                VgaText::setCursorY(int)
                0x00000000c00108d4                VgaText::incrementCursor(bool)
                0x00000000c001093c                VgaText::updateRAMUsageDisplay(int)
                0x00000000c00109a0                VgaText::updateDiskUsage()
                0x00000000c0010b0a                VgaText::updateTitle()
                0x00000000c0010b50                VgaText::setTitleTextColour(VgaColour)
                0x00000000c0010b60                VgaText::setTitleColour(VgaColour)
                0x00000000c0010b70                VgaText::setTitle(char*)
                0x00000000c0010b96                VgaText::decrementCursor(bool)
                0x00000000c0010bbe                VgaText::putchar(char, VgaColour, VgaColour)
                0x00000000c0010cba                VgaText::isShowingCursor()
                0x00000000c0010cc6                VgaText::isBlinkDisabled()
                0x00000000c0010cd4                VgaText::setCursorHeight(int)
                0x00000000c0010cf2                VgaText::getCursorHeight()
                0x00000000c0010cfd                setActiveTerminal(VgaText*)
                0x00000000c0010daf                doTerminalCycle()
                0x00000000c0010dcc                VgaText::doUpdate()
                0x00000000c0010dde                VgaText::puts(char const*, VgaColour, VgaColour)
                0x00000000c0010f9e                VgaText::clearScreen()
                0x00000000c0011002                VgaText::putchar(char)
                0x00000000c001111c                VgaText::puts(char const*)
                0x00000000c0011142                VgaText::putx(unsigned int)
                0x00000000c0011188                VgaText::VgaText(char const*)
                0x00000000c0011188                VgaText::VgaText(char const*)
                0x00000000c001131a                VgaText::receiveKey(unsigned char)
                0x00000000c0011402                VgaText::write(unsigned long long, void*, int*)
                0x00000000c0011456                newTerminal(char*)
 *fill*         0x00000000c001147b        0x1 
 .text          0x00000000c001147c      0x1b3 core/tss.32
                0x00000000c001147c                TSS::TSS()
                0x00000000c001147c                TSS::TSS()
                0x00000000c001148a                TSS::setESP(unsigned long)
                0x00000000c001149c                TSS::flush()
                0x00000000c00114bc                TSS::setup(unsigned long, unsigned long)
 *fill*         0x00000000c001162f        0x1 
 .text          0x00000000c0011630      0x4c2 core/unixfile.32
                0x00000000c0011630                ReservedFilename::read(unsigned long long, void*, int*)
                0x00000000c0011686                ReservedFilename::isAtty()
                0x00000000c00116a2                ReservedFilename::write(unsigned long long, void*, int*)
                0x00000000c0011700                UnixFile::getFileDescriptor()
                0x00000000c0011708                UnixFile::UnixFile(int)
                0x00000000c0011708                UnixFile::UnixFile(int)
                0x00000000c00118b8                ReservedFilename::ReservedFilename(int)
                0x00000000c00118b8                ReservedFilename::ReservedFilename(int)
                0x00000000c00118ea                UnixFile::~UnixFile()
                0x00000000c00118ea                UnixFile::~UnixFile()
                0x00000000c0011982                UnixFile::~UnixFile()
                0x00000000c00119aa                ReservedFilename::~ReservedFilename()
                0x00000000c00119aa                ReservedFilename::~ReservedFilename()
                0x00000000c00119ce                ReservedFilename::~ReservedFilename()
                0x00000000c00119f5                getFromFileDescriptor(int)
 .text          0x00000000c0011af2     0x124d core/virtmgr.32
                0x00000000c0011af2                Virt::setPageState(unsigned long, Virt::VirtPageState)
                0x00000000c0011b27                Virt::getPageState(unsigned long)
                0x00000000c0011b4b                Virt::allocateKernelVirtualPages(int)
                0x00000000c0011c5c                Virt::freeSwapfilePage(unsigned long)
                0x00000000c0011c7a                Virt::swapIDToSector(unsigned long)
                0x00000000c0011c8c                Virt::allocateSwapfilePage()
                0x00000000c0011d0a                Virt::virtualMemorySetup()
                0x00000000c0011d89                Virt::swappingSetup()
                0x00000000c0011de6                Virt::getAKernelVAS()
                0x00000000c0011dec                Virt::setupPageSwapping(int)
                0x00000000c0011f1c                VAS::VAS()
                0x00000000c0011f1c                VAS::VAS()
                0x00000000c0011f58                VAS::VAS(VAS*)
                0x00000000c0011f58                VAS::VAS(VAS*)
                0x00000000c0011f86                VAS::getForeignPageTableEntry(bool, unsigned long)
                0x00000000c0011fb2                VAS::getPageTableEntry(unsigned long)
                0x00000000c0011fd1                Virt::freeKernelVirtualPages(unsigned long)
                0x00000000c00120f4                VAS::freeAllocatedPages(unsigned long)
                0x00000000c0012118                VAS::virtualToPhysical(unsigned long)
                0x00000000c0012130                VAS::reflagRange(unsigned long, int, int, int)
                0x00000000c0012170                VAS::setToWriteCombining(unsigned long, int)
                0x00000000c00121a2                VAS::mapOtherVASIn(bool, VAS*)
                0x00000000c00121cc                VAS::~VAS()
                0x00000000c00121cc                VAS::~VAS()
                0x00000000c0012338                VAS::mapPage(unsigned long, unsigned long, int)
                0x00000000c0012438                VAS::allocatePages(int, int)
                0x00000000c0012610                VAS::setCPUSpecific(unsigned long)
                0x00000000c001262c                VAS::mapRange(unsigned long, unsigned long, int, int)
                0x00000000c00126f2                VAS::mapForeignPage(bool, VAS*, unsigned long, unsigned long, int)
                0x00000000c00127e0                VAS::VAS(bool)
                0x00000000c00127e0                VAS::VAS(bool)
                0x00000000c0012a46                VAS::evict(unsigned long)
                0x00000000c0012ae2                VAS::tryLoadBackOffDisk(unsigned long)
                0x00000000c0012be6                VAS::scanForEviction()
                0x00000000c0012c83                mapVASFirstTime
 .text          0x00000000c0012d3f       0x95 coreobjs/c++.32
                0x00000000c0012d3f                __cxa_atexit
                0x00000000c0012d42                __cxa_finalize
                0x00000000c0012d43                __stack_chk_fail
                0x00000000c0012daf                __cxa_pure_virtual
                0x00000000c0012dc0                operator new[](unsigned long)
                0x00000000c0012dc5                operator delete(void*, unsigned long)
                0x00000000c0012dca                operator delete[](void*)
                0x00000000c0012dcf                operator delete[](void*, unsigned long)
 .text          0x00000000c0012dd4      0x1ef dbg/kconsole.32
                0x00000000c0012dd4                Dbg::stringifyxWithBase(unsigned int, char*, int)
                0x00000000c0012e35                Dbg::logc(char)
                0x00000000c0012e4c                Dbg::logs(char*)
                0x00000000c0012e69                Dbg::logWriteInt(unsigned int)
                0x00000000c0012e86                Dbg::logWriteIntBase(unsigned int, int)
                0x00000000c0012ea5                Dbg::kprintf(char const*, ...)
 *fill*         0x00000000c0012fc3        0x1 
 .text          0x00000000c0012fc4      0xb7c fs/vfs.32
                0x00000000c0012fc4                File::read(unsigned long long, void*, int*)
                0x00000000c001301c                File::write(unsigned long long, void*, int*)
                0x00000000c0013074                Directory::read(unsigned long long, void*, int*)
                0x00000000c00130cc                Directory::write(unsigned long long, void*, int*)
                0x00000000c00130fa                File::isAtty()
                0x00000000c00130fe                Directory::isAtty()
                0x00000000c0013102                Filesystem::getlabel(LogicalDisk*, int, char*, unsigned int*)
                0x00000000c0013108                Filesystem::setlabel(LogicalDisk*, int, char*)
                0x00000000c001310e                File::~File()
                0x00000000c001310e                File::~File()
                0x00000000c0013132                File::~File()
                0x00000000c001315c                Directory::~Directory()
                0x00000000c001315c                Directory::~Directory()
                0x00000000c0013180                Directory::~Directory()
                0x00000000c00131aa                Filesystem::Filesystem()
                0x00000000c00131aa                Filesystem::Filesystem()
                0x00000000c00131ce                Filesystem::~Filesystem()
                0x00000000c00131ce                Filesystem::~Filesystem()
                0x00000000c00131dc                Filesystem::~Filesystem()
                0x00000000c0013200                Fs::getcwd(Process*, char*, int)
                0x00000000c001322a                Fs::initVFS()
                0x00000000c0013254                Fs::standardiseFiles(char*, char const*, char const*)
                0x00000000c00133fe                File::File(char const*, Process*)
                0x00000000c00133fe                File::File(char const*, Process*)
                0x00000000c0013462                File::open(FileOpenMode)
                0x00000000c00134c0                File::close()
                0x00000000c0013520                File::seek(unsigned long long)
                0x00000000c0013576                File::tell(unsigned long long*)
                0x00000000c00135c6                File::rewind()
                0x00000000c00135da                File::unlink()
                0x00000000c0013626                File::rename(char const*)
                0x00000000c0013674                File::chfatattr(unsigned char, unsigned char)
                0x00000000c00136d0                File::exists()
                0x00000000c001370e                File::stat(unsigned long long*, bool*)
                0x00000000c001376f                Fs::setcwd(Process*, char*)
                0x00000000c00138aa                Directory::Directory(char const*, Process*)
                0x00000000c00138aa                Directory::Directory(char const*, Process*)
                0x00000000c001390e                Directory::open()
                0x00000000c001396a                Directory::close()
                0x00000000c00139ca                Directory::unlink()
                0x00000000c0013a16                Directory::rename(char const*)
                0x00000000c0013a64                Directory::exists()
                0x00000000c0013aa2                Directory::read(dirent*)
                0x00000000c0013aee                Directory::create()
                0x00000000c0013b3a                Filesystem::chfatattr(char const*, unsigned char, unsigned char)
 .text          0x00000000c0013b40       0x84 hal/bus.32
                0x00000000c0013b40                Bus::Bus(char const*)
                0x00000000c0013b40                Bus::Bus(char const*)
                0x00000000c0013b76                Bus::~Bus()
                0x00000000c0013b76                Bus::~Bus()
                0x00000000c0013b9a                Bus::~Bus()
 .text          0x00000000c0013bc4      0x14e hal/buzzer.32
                0x00000000c0013bc4                Buzzer::Buzzer(char const*)
                0x00000000c0013bc4                Buzzer::Buzzer(char const*)
                0x00000000c0013c08                Buzzer::~Buzzer()
                0x00000000c0013c08                Buzzer::~Buzzer()
                0x00000000c0013c2c                Buzzer::~Buzzer()
                0x00000000c0013c56                Buzzer::stop()
                0x00000000c0013c69                beepThread(void*)
                0x00000000c0013ca4                Buzzer::beep(int, int, bool)
 .text          0x00000000c0013d12      0x467 hal/clock.32
                0x00000000c0013d12                User::loadClockSettings(int)
                0x00000000c0013d64                Clock::Clock(char const*)
                0x00000000c0013d64                Clock::Clock(char const*)
                0x00000000c0013d9a                Clock::~Clock()
                0x00000000c0013d9a                Clock::~Clock()
                0x00000000c0013dbe                Clock::~Clock()
                0x00000000c0013de8                Clock::timeInSecondsLocal()
                0x00000000c0013e30                Clock::setTimeInSecondsLocal(unsigned long long)
                0x00000000c0013e89                datetimeToSeconds(datetime_t)
                0x00000000c0013fb0                Clock::setTimeInDatetimeLocal(datetime_t)
                0x00000000c0014010                secondsToDatetime(unsigned long long)
                0x00000000c0014154                Clock::timeInDatetimeLocal()
 *fill*         0x00000000c0014179        0x1 
 .text          0x00000000c001417a      0x4de hal/device.32
                0x00000000c001417a                Device::hibernate()
                0x00000000c001417c                Device::wake()
                0x00000000c001417e                Device::detect()
                0x00000000c0014180                Device::disableLegacy()
                0x00000000c0014182                Device::powerSaving(PowerSavingLevel)
                0x00000000c0014184                DriverlessDevice::close(int, int, void*)
                0x00000000c0014188                DriverlessDevice::detect()
                0x00000000c001418a                DriverlessDevice::open(int, int, void*)
                0x00000000c001419e                Device::~Device()
                0x00000000c001419e                Device::~Device()
                0x00000000c00141ac                Device::~Device()
                0x00000000c00141d4                Device::findAndLoadDriver()
                0x00000000c00141d6                Device::preOpenPCI(PCIDeviceInfo)
                0x00000000c00141fc                Device::preOpenACPI(void*, char*, char*)
                0x00000000c0014250                Device::addIRQHandler(int, void (*)(regs*, void*), bool, void*)
                0x00000000c001428e                Device::removeIRQHandler(int, void (*)(regs*, void*), bool)
                0x00000000c00142cc                Device::addChild(Device*)
                0x00000000c0014310                Device::removeAllChildren()
                0x00000000c0014356                Device::hibernateAll()
                0x00000000c0014386                Device::wakeAll()
                0x00000000c00143b6                Device::detectAll()
                0x00000000c00143e6                Device::disableLegacyAll()
                0x00000000c0014416                Device::loadDriversForAll()
                0x00000000c0014442                Device::closeAll()
                0x00000000c0014478                Device::powerSavingAll(PowerSavingLevel)
                0x00000000c00144ae                Device::setName(char const*)
                0x00000000c00144bc                Device::Device(char const*)
                0x00000000c00144bc                Device::Device(char const*)
                0x00000000c00145b8                Device::getName()
                0x00000000c00145c2                DriverlessDevice::DriverlessDevice(char const*)
                0x00000000c00145c2                DriverlessDevice::DriverlessDevice(char const*)
                0x00000000c00145ea                Device::addToLinkedList(LinkedList<Device>&, DeviceType)
                0x00000000c001462e                getDevicesOfType(DeviceType)
 .text          0x00000000c0014658       0x84 hal/diskctrl.32
                0x00000000c0014658                HardDiskController::HardDiskController(char const*)
                0x00000000c0014658                HardDiskController::HardDiskController(char const*)
                0x00000000c001468e                HardDiskController::~HardDiskController()
                0x00000000c001468e                HardDiskController::~HardDiskController()
                0x00000000c00146b2                HardDiskController::~HardDiskController()
 .text          0x00000000c00146dc       0xf2 hal/diskphys.32
                0x00000000c00146dc                PhysicalDisk::eject()
                0x00000000c00146f0                PhysicalDisk::PhysicalDisk(char const*, int)
                0x00000000c00146f0                PhysicalDisk::PhysicalDisk(char const*, int)
                0x00000000c0014758                PhysicalDisk::startCache()
                0x00000000c0014780                PhysicalDisk::~PhysicalDisk()
                0x00000000c0014780                PhysicalDisk::~PhysicalDisk()
                0x00000000c00147a4                PhysicalDisk::~PhysicalDisk()
 .text          0x00000000c00147ce      0x13b hal/fpu.32
                0x00000000c00147ce                FPU::FPU(char const*)
                0x00000000c00147ce                FPU::FPU(char const*)
                0x00000000c0014804                FPU::~FPU()
                0x00000000c0014804                FPU::~FPU()
                0x00000000c0014828                FPU::~FPU()
                0x00000000c0014852                setupFPU()
 *fill*         0x00000000c0014909        0x1 
 .text          0x00000000c001490a     0x14c3 hal/intctrl.32
                0x00000000c001490a                InterruptController::uninstallISRHandler(int, void (*)(regs*, void*))
                0x00000000c0014942                InterruptController::installISRHandler(int, void (*)(regs*, void*), void*)
                0x00000000c0014994                doubleFault(regs*, void*)
                0x00000000c00149ae                InterruptController::installIRQHandler(int, void (*)(regs*, void*), bool, void*)
                0x00000000c0014a4a                InterruptController::clearAllHandlers(int, bool)
                0x00000000c0014af2                InterruptController::uninstallIRQHandler(int, void (*)(regs*, void*), bool)
                0x00000000c0014b79                nmiHandler(regs*, void*)
                0x00000000c0014b87                int_handler
                0x00000000c0014c28                InterruptController::InterruptController(char const*)
                0x00000000c0014c28                InterruptController::InterruptController(char const*)
                0x00000000c0014cce                InterruptController::~InterruptController()
                0x00000000c0014cce                InterruptController::~InterruptController()
                0x00000000c0014cf2                InterruptController::~InterruptController()
                0x00000000c0014d1c                displayDebugInfo(regs*)
                0x00000000c00151ab                x87EmulHandler(regs*, void*)
                0x00000000c00152bf                gpFault(regs*, void*)
                0x00000000c00152f8                pgFault(regs*, void*)
                0x00000000c0015334                otherISRHandler(regs*, void*)
                0x00000000c0015353                opcodeFault(regs*, void*)
                0x00000000c0015959                displayProgramFault(char const*)
                0x00000000c0015981                setupInterruptController()
                0x00000000c0015d80                InterruptController::convertLegacyIRQNumber(int)
 *fill*         0x00000000c0015dcd        0x1 
 .text          0x00000000c0015dce      0x6c8 hal/keybrd.32
                0x00000000c0015dce                startGUI(void*)
                0x00000000c0015e2a                startGUIVESA(void*)
                0x00000000c0015e86                sendKeyToTerminal(unsigned char)
                0x00000000c0015ef2                sendKeyboardToken(KeyboardToken)
                0x00000000c001632f                clearInternalKeybuffer(VgaText*)
                0x00000000c0016364                readKeyboard(VgaText*, char*, unsigned long)
                0x00000000c001640c                Keyboard::Keyboard(char const*)
                0x00000000c001640c                Keyboard::Keyboard(char const*)
                0x00000000c0016448                Keyboard::~Keyboard()
                0x00000000c0016448                Keyboard::~Keyboard()
                0x00000000c001646c                Keyboard::~Keyboard()
 .text          0x00000000c0016496      0x414 hal/logidisk.32
                0x00000000c0016496                LogicalDisk::close(int, int, void*)
                0x00000000c001649a                LogicalDisk::~LogicalDisk()
                0x00000000c001649a                LogicalDisk::~LogicalDisk()
                0x00000000c00164be                LogicalDisk::~LogicalDisk()
                0x00000000c00164e8                LogicalDisk::open(int, int, void*)
                0x00000000c00164fc                LogicalDisk::absoluteToRelative(unsigned long long)
                0x00000000c0016534                LogicalDisk::relativeToAbsolute(unsigned long long)
                0x00000000c001657a                LogicalDisk::LogicalDisk(char const*, PhysicalDisk*, unsigned long long, unsigned long long)
                0x00000000c001657a                LogicalDisk::LogicalDisk(char const*, PhysicalDisk*, unsigned long long, unsigned long long)
                0x00000000c0016630                LogicalDisk::assignDriveLetter()
                0x00000000c00166e6                LogicalDisk::mount()
                0x00000000c0016758                LogicalDisk::unmount()
                0x00000000c0016768                LogicalDisk::eject()
                0x00000000c001677c                LogicalDisk::unassignDriveLetter()
                0x00000000c00167d2                LogicalDisk::read(unsigned long long, int, void*)
                0x00000000c001683e                LogicalDisk::write(unsigned long long, int, void*)
 .text          0x00000000c00168aa       0x84 hal/mouse.32
                0x00000000c00168aa                Mouse::Mouse(char const*)
                0x00000000c00168aa                Mouse::Mouse(char const*)
                0x00000000c00168e0                Mouse::~Mouse()
                0x00000000c00168e0                Mouse::~Mouse()
                0x00000000c0016904                Mouse::~Mouse()
 .text          0x00000000c001692e      0x34d hal/partition.32
                0x00000000c001692e                makePartition(PhysicalDisk*, unsigned long long, unsigned long long)
                0x00000000c00169ea                createPartitionsForDisk(PhysicalDisk*)
 *fill*         0x00000000c0016c7b        0x1 
 .text          0x00000000c0016c7c       0x84 hal/serial.32
                0x00000000c0016c7c                Serial::Serial(char const*)
                0x00000000c0016c7c                Serial::Serial(char const*)
                0x00000000c0016cb2                Serial::~Serial()
                0x00000000c0016cb2                Serial::~Serial()
                0x00000000c0016cd6                Serial::~Serial()
 .text          0x00000000c0016d00      0x2b8 hal/timer.32
                0x00000000c0016d00                Timer::Timer(char const*)
                0x00000000c0016d00                Timer::Timer(char const*)
                0x00000000c0016d36                Timer::~Timer()
                0x00000000c0016d36                Timer::~Timer()
                0x00000000c0016d5a                Timer::~Timer()
                0x00000000c0016d84                Timer::read()
                0x00000000c0016d8f                timerHandler(unsigned long long)
                0x00000000c0016ec6                setupTimer(int)
 .text          0x00000000c0016fb8      0x425 hal/vcache.32
                0x00000000c0016fb8                VCache::VCache(PhysicalDisk*)
                0x00000000c0016fb8                VCache::VCache(PhysicalDisk*)
                0x00000000c0017120                VCache::invalidateReadBuffer()
                0x00000000c0017130                VCache::writeWriteBuffer()
                0x00000000c001716c                VCache::~VCache()
                0x00000000c001716c                VCache::~VCache()
                0x00000000c00171c0                VCache::~VCache()
                0x00000000c00171e8                VCache::write(unsigned long long, int, void*)
                0x00000000c00172de                VCache::read(unsigned long long, int, void*)
 *fill*         0x00000000c00173dd        0x1 
 .text          0x00000000c00173de      0x4cd hal/video.32
                0x00000000c00173de                Video::putrect(int, int, int, int, unsigned int)
                0x00000000c001742a                Video::bitblit(int, int, int, int, int, int, int, unsigned int*)
                0x00000000c001749a                Video::blit(unsigned int*, int, int, int, int)
                0x00000000c0017518                Video::clearScreen(unsigned int)
                0x00000000c001754c                Video::putpixel(int, int, unsigned int)
                0x00000000c001755a                Video::Video(char const*)
                0x00000000c001755a                Video::Video(char const*)
                0x00000000c0017590                Video::~Video()
                0x00000000c0017590                Video::~Video()
                0x00000000c00175b4                Video::~Video()
                0x00000000c00175de                Video::isMonochrome()
                0x00000000c00175ea                Video::getWidth()
                0x00000000c00175f6                Video::getHeight()
                0x00000000c0017602                Video::drawCursor(int, int, unsigned char*, int)
                0x00000000c00176be                Video::tgaParse(unsigned char*, int, int*, int*)
                0x00000000c0017840                Video::putTGA(int, int, unsigned char*, int)
 *fill*         0x00000000c00178ab        0x1 
 .text          0x00000000c00178ac      0xf74 hw/acpi.32
                0x00000000c00178ac                ACPI::close(int, int, void*)
                0x00000000c0017961                findRSDP()
                0x00000000c00179fb                loadACPITables(unsigned char*)
                0x00000000c0017c22                findRSDT(unsigned char*)
                0x00000000c0017d40                findDataTable(unsigned char*, char*)
                0x00000000c0017ddc                scanMADT()
                0x00000000c0018262                ACPI::ACPI()
                0x00000000c0018262                ACPI::ACPI()
                0x00000000c00182cc                ACPI::getPCIIRQAssignment(unsigned char, unsigned short, unsigned char)
                0x00000000c00183ae                ACPI::registerPCIIRQAssignment(void*, unsigned short, unsigned char, unsigned char)
                0x00000000c0018474                ACPI::setScreenBrightnessLevel(void*, int)
                0x00000000c001847a                ACPI::writeSimpleBootFlag(SimpleBootFlagTable*)
                0x00000000c00184c2                ACPI::open(int, int, void*)
                0x00000000c0018808                ACPI::sleep()
 .text          0x00000000c0018820     0x1715 hw/cpu.32
                0x00000000c0018820                CPU::close(int, int, void*)
                0x00000000c0018824                CPU::lookupAMDName(unsigned char, unsigned char)
                0x00000000c00189b8                CPU::lookupIntelName(unsigned char, unsigned char)
                0x00000000c0018c66                CPU::AMD_K6_write_msr(unsigned int, unsigned int, unsigned int, CPU::REGS*)
                0x00000000c0018c82                CPU::AMD_K6_read_msr(unsigned int, CPU::REGS*)
                0x00000000c0018c9a                CPU::AMD_K6_writeback(int, int, int)
                0x00000000c0018d0e                CPU::cpuid(int, unsigned long*, unsigned long*, unsigned long*, unsigned long*)
                0x00000000c0018d92                CPU::cpuidCheckEDX(unsigned int)
                0x00000000c0018dc0                CPU::cpuidCheckECX(unsigned int)
                0x00000000c0018dee                CPU::cpuidCheckExtendedEBX(unsigned int)
                0x00000000c0018e1c                CPU::cpuidCheckExtendedECX(unsigned int)
                0x00000000c0018e4a                CPU::CPU()
                0x00000000c0018e4a                CPU::CPU()
                0x00000000c0018ed8                CPU::displayFeatures()
                0x00000000c0019154                CPU::detectFeatures()
                0x00000000c0019b44                CPU::setupSMEP()
                0x00000000c0019b50                CPU::setupUMIP()
                0x00000000c0019b5a                CPU::setupTSC()
                0x00000000c0019b64                CPU::setupLargePages()
                0x00000000c0019b6e                CPU::setupPAT()
                0x00000000c0019baa                CPU::setupMTRR()
                0x00000000c0019bac                CPU::setupGlobalPages()
                0x00000000c0019bb6                CPU::allowUsermodeDataAccess()
                0x00000000c0019bc8                CPU::prohibitUsermodeDataAccess()
                0x00000000c0019bda                CPU::setupSMAP()
                0x00000000c0019be8                CPU::setupFeatures()
                0x00000000c0019c68                CPU::open(int, int, void*)
                0x00000000c0019d3a                CPU::decodeAddress(regs*, int*, bool*, unsigned char*)
 .text          0x00000000c0019f35        0x0 hw/ports.32
 .text          0x00000000c0019f35      0x16a hw/smp.32
                0x00000000c0019f35                Krnl::smpEntry()
                0x00000000c0019f37                Krnl::startCPU(int)
                0x00000000c001a080                Krnl::startCPUs()
 *fill*         0x00000000c001a09f        0x1 
 .text          0x00000000c001a0a0      0x5d3 krnl/env.32
                0x00000000c001a0a0                EnvVarContainer::getEnv(char const*)
                0x00000000c001a0de                EnvVarContainer::setEnv(char const*, char const*)
                0x00000000c001a1aa                EnvVarContainer::deleteEnv(char const*)
                0x00000000c001a1ac                EnvVarContainer::loadFrom(char const*, char const*)
                0x00000000c001a3a2                EnvVarContainer::__loadSystem()
                0x00000000c001a3bc                EnvVarContainer::__loadUser()
                0x00000000c001a3be                EnvVarContainer::EnvVarContainer(Process*)
                0x00000000c001a3be                EnvVarContainer::EnvVarContainer(Process*)
                0x00000000c001a3e0                EnvVarContainer::~EnvVarContainer()
                0x00000000c001a3e0                EnvVarContainer::~EnvVarContainer()
                0x00000000c001a410                Krnl::getEnv(Process*, char const*)
                0x00000000c001a475                Krnl::setEnvSystem(char const*, char const*)
                0x00000000c001a48f                Krnl::setEnvUser(char const*, char const*)
                0x00000000c001a4ae                Krnl::setEnvProcess(Process*, char const*, char const*)
                0x00000000c001a4c1                Krnl::deleteEnvSystem(char const*)
                0x00000000c001a4c2                Krnl::deleteEnvUser(char const*)
                0x00000000c001a4c3                Krnl::deleteEnvProcess(Process*, char const*)
                0x00000000c001a4c4                Krnl::newProcessEnv(Process*)
                0x00000000c001a4e6                Krnl::copyProcessEnv(Process*, Process*)
                0x00000000c001a53a                Krnl::loadSystemEnv()
                0x00000000c001a568                Krnl::loadUserEnv()
                0x00000000c001a58e                Krnl::flushEnv()
                0x00000000c001a58f                Krnl::getProcessTotalEnvCount(Process*)
                0x00000000c001a5af                Krnl::getProcessEnvPair(Process*, int)
 .text          0x00000000c001a673      0x396 krnl/panic.32
                0x00000000c001a673                Krnl::panic(char const*)
 .text          0x00000000c001aa09      0x3b6 net/ethernet.32
                0x00000000c001aa09                Net::switchEndian16(unsigned short)
                0x00000000c001aa2a                Net::switchEndian32(unsigned int)
                0x00000000c001aa59                Net::crc32Calc(unsigned char*, int)
                0x00000000c001aaea                Net::wrapEthernetFrame(Net::UnwrappedEthernetFrame, unsigned char*)
                0x00000000c001ac26                Net::unwrapEthernetFrame(unsigned char*, int)
 .text          0x00000000c001adbf      0x513 reg/registry.32
                0x00000000c001adbf                Reg::findLineFromLoadedData(char*, char*, char*)
                0x00000000c001af17                Reg::getLineFromRegistry(char*, char*, char*, char*)
                0x00000000c001b06c                Reg::getLine(char*, char*, char*)
                0x00000000c001b0a3                Reg::readInt(char*, char*, int*)
                0x00000000c001b18e                Reg::readString(char*, char*, char*, int)
                0x00000000c001b20f                Reg::readBool(char*, char*, bool*)
                0x00000000c001b234                Reg::readBoolWithDefault(char*, char*, bool)
                0x00000000c001b260                Reg::readIntWithDefault(char*, char*, int)
                0x00000000c001b28c                Reg::readStringWithDefault(char*, char*, char*, int, char*)
 .text          0x00000000c001b2d2       0x36 sys/sc_eject.32
                0x00000000c001b2d2                Sys::eject(regs*)
 .text          0x00000000c001b308       0x18 sys/sc_exit.32
                0x00000000c001b308                Sys::exit(regs*)
 .text          0x00000000c001b320       0x1f sys/sc_getcwd.32
                0x00000000c001b320                Sys::getCwd(regs*)
 .text          0x00000000c001b33f        0xc sys/sc_getpid.32
                0x00000000c001b33f                Sys::getPID(regs*)
 .text          0x00000000c001b34b       0x17 sys/sc_getramdata.32
                0x00000000c001b34b                Sys::getRAMData(regs*)
 .text          0x00000000c001b362       0xa8 sys/sc_loaddll.32
                0x00000000c001b362                Sys::loadDLL(regs*)
 .text          0x00000000c001b40a       0x68 sys/sc_read.32
                0x00000000c001b40a                Sys::read(regs*)
 .text          0x00000000c001b472       0x55 sys/sc_sbrk.32
                0x00000000c001b472                Sys::sbrk(regs*)
 .text          0x00000000c001b4c7       0x1c sys/sc_setcwd.32
                0x00000000c001b4c7                Sys::setCwd(regs*)
 .text          0x00000000c001b4e3      0x128 sys/sc_settime.32
                0x00000000c001b4e3                Sys::setTime(regs*)
 .text          0x00000000c001b60b       0x4a sys/sc_timezone.32
                0x00000000c001b60b                Sys::timezone(regs*)
 .text          0x00000000c001b655       0x68 sys/sc_write.32
                0x00000000c001b655                Sys::write(regs*)
 .text          0x00000000c001b6bd       0x62 sys/sc_wsbe.32
                0x00000000c001b6bd                Sys::wsbe(regs*)
 .text          0x00000000c001b71f       0x3b sys/sc_yield.32
                0x00000000c001b71f                Sys::yield(regs*)
 .text          0x00000000c001b75a     0x10e5 sys/syscalls.32
                0x00000000c001b75a                sysCallSeekDir(regs*)
                0x00000000c001b75f                sysCallTellDir(regs*)
                0x00000000c001b764                sysCallVerify(regs*)
                0x00000000c001b76e                sysFormatDisk(regs*)
                0x00000000c001b7d8                sysSetDiskVolumeLabel(regs*)
                0x00000000c001b81e                sysGetDiskVolumeLabel(regs*)
                0x00000000c001b86f                sysShutdown(regs*)
                0x00000000c001b8cd                sysCallRealpath(regs*)
                0x00000000c001b910                sysCallGetArgc(regs*)
                0x00000000c001b93e                sysCallReadDir(regs*)
                0x00000000c001b9cc                sysCallIsATTY(regs*)
                0x00000000c001ba26                sysCallSeek(regs*)
                0x00000000c001ba8f                sysCallTell(regs*)
                0x00000000c001bb0c                sysCallSize(regs*)
                0x00000000c001bb8f                sysCallSizeFromFilename(regs*)
                0x00000000c001bc4f                sysCallClose(regs*)
                0x00000000c001bcd7                sysCallOpenDir(regs*)
                0x00000000c001bd4c                sysCallCloseDir(regs*)
                0x00000000c001bdb2                sysCallMakeDir(regs*)
                0x00000000c001be22                sysCallWait(regs*)
                0x00000000c001be3c                sysCallNotImpl(regs*)
                0x00000000c001be57                sysPanic(regs*)
                0x00000000c001be7d                sysCallRmdir(regs*)
                0x00000000c001bee1                sysCallUnlink(regs*)
                0x00000000c001bf45                sysCallGetArgv(regs*)
                0x00000000c001bf91                sysCallTTYName(regs*)
                0x00000000c001c014                sysCallUSleep(regs*)
                0x00000000c001c03b                sysCallSpawn(regs*)
                0x00000000c001c093                sysCallGetEnv(regs*)
                0x00000000c001c1cb                sysAppSettings(regs*)
                0x00000000c001c2ea                sysSetFatAttrib(regs*)
                0x00000000c001c35c                sysPipe(regs*)
                0x00000000c001c3a1                sysGetUnixTime(regs*)
                0x00000000c001c3b5                string_ends_with(char const*, char const*)
                0x00000000c001c3fd                sysCallOpen(regs*)
                0x00000000c001c612                Sys::loadSyscalls()
                0x00000000c001c7fd                Sys::systemCall(regs*, void*)
 .text          0x00000000c001c83f     0x11d4 thr/elf.32
                0x00000000c001c83f                Thr::allocateMemoryForTask(Process*, File*, unsigned long, unsigned long, unsigned long)
                0x00000000c001cad1                Thr::loadProgramIntoMemory(Process*, char const*)
                0x00000000c001cce7                Thr::runtimeReferenceHelper()
                0x00000000c001ccfa                Thr::getAddressOfKernelSymbol(char const*)
                0x00000000c001cd49                Thr::loadKernelSymbolTable(char const*)
                0x00000000c001d007                Thr::loadDriverIntoMemory(char const*, unsigned long, bool)
                0x00000000c001d723                Thr::getDriverBaseFromAddress(unsigned long)
                0x00000000c001d755                Thr::getDriverNameFromAddress(unsigned long)
                0x00000000c001d78c                Thr::getDriverOffsetFromAddress(unsigned long)
                0x00000000c001d7a6                Thr::loadDLL(char const*, bool)
                0x00000000c001d9da                Thr::executeDLL(unsigned long, void*)
 *fill*         0x00000000c001da13        0x1 
 .text          0x00000000c001da14     0x1090 thr/prcssthr.32
                0x00000000c001da14                changeTSS
                0x00000000c001da44                Process::addArgs(char**)
                0x00000000c001da9e                Process::Process(char const*, Process*, char**)
                0x00000000c001da9e                Process::Process(char const*, Process*, char**)
                0x00000000c001dc82                Process::Process(bool, char const*, Process*, char**)
                0x00000000c001dc82                Process::Process(bool, char const*, Process*, char**)
                0x00000000c001de31                disableIRQs()
                0x00000000c001de39                getIRQNestingLevel()
                0x00000000c001de3f                enableIRQs()
                0x00000000c001de4e                lockScheduler()
                0x00000000c001de50                unlockScheduler()
                0x00000000c001de52                userModeEntryPoint(void*)
                0x00000000c001de75                lockStuff()
                0x00000000c001de81                taskStartupFunction
                0x00000000c001de8a                updateTimeUsed()
                0x00000000c001deef                switchToThread(ThreadControlBlock*)
                0x00000000c001df40                Semaphore::Semaphore(int)
                0x00000000c001df40                Semaphore::Semaphore(int)
                0x00000000c001df6e                Mutex::Mutex()
                0x00000000c001df6e                Mutex::Mutex()
                0x00000000c001df80                Process::createThread(void (*)(void*), void*, int)
                0x00000000c001e086                Process::createUserThread()
                0x00000000c001e0a2                setupMultitasking(void (*)())
                0x00000000c001e1c4                schedule()
                0x00000000c001e249                unlockStuff()
                0x00000000c001e27e                Semaphore::tryAcquire()
                0x00000000c001e2ac                Semaphore::assertLocked(char const*)
                0x00000000c001e2dc                blockTaskWithSchedulerLockAlreadyHeld(TaskState)
                0x00000000c001e31e                blockTask(TaskState)
                0x00000000c001e33f                waitTask(int, int*, int)
                0x00000000c001e381                nanoSleepUntil(unsigned long long)
                0x00000000c001e3d8                nanoSleep(unsigned long long)
                0x00000000c001e3ed                sleep(unsigned long long)
                0x00000000c001e40a                Semaphore::acquire()
                0x00000000c001e472                taskReturned
                0x00000000c001e4a0                unblockTask(ThreadControlBlock*)
                0x00000000c001e54f                cleanupTerminatedTask(ThreadControlBlock*)
                0x00000000c001e818                cleanerTaskFunction(void*)
                0x00000000c001e8cb                terminateTask(int)
                0x00000000c001e9ab                Thr::terminateFromIRQ(int)
                0x00000000c001e9b8                Semaphore::release()
 .text          0x00000000c001eaa4      0xc26 vm86/vm8086.32
                0x00000000c001eaa4                Vm::inbv(unsigned short)
                0x00000000c001eab7                Vm::outbv(unsigned short, unsigned char)
                0x00000000c001eb0a                Vm::realToLinear(unsigned short, unsigned short)
                0x00000000c001eb1a                Vm::getSegment(unsigned int)
                0x00000000c001eb22                Vm::getOffset(unsigned int)
                0x00000000c001eb27                Vm::mainloop2()
                0x00000000c001eb62                Vm::mainVm8086Loop(void*)
                0x00000000c001eb6f                Vm::mainloop3(unsigned long)
                0x00000000c001eb99                Vm::initialise8086()
                0x00000000c001ebdc                Vm::finish8086()
                0x00000000c001ec21                Vm::getOutput8086(unsigned char*)
                0x00000000c001ec4b                Vm::start8086(char const*, unsigned short, unsigned short, unsigned short, unsigned short)
                0x00000000c001ed9b                Vm::doISR(regs*, int, unsigned char*, unsigned short, unsigned short)
                0x00000000c001ee25                Vm::readByteFromReal(unsigned short, unsigned short)
                0x00000000c001ee36                Vm::readWordFromReal(unsigned short, unsigned short)
                0x00000000c001ee48                Vm::readDwordFromReal(unsigned short, unsigned short)
                0x00000000c001ee59                Vm::writeByteFromReal(unsigned short, unsigned short, unsigned char)
                0x00000000c001ee6e                Vm::writeWordFromReal(unsigned short, unsigned short, unsigned short)
                0x00000000c001ee84                Vm::writeDwordFromReal(unsigned short, unsigned short, unsigned int)
                0x00000000c001ee99                Vm::faultHandler(regs*)
 .text          0x00000000c001f6ca      0xefd vm86/x87em.32
                0x00000000c001f6ca                Vm::fpuInternalTo32(unsigned long long)
                0x00000000c001f725                Vm::fpuInternalTo64(unsigned long long)
                0x00000000c001f72e                Vm::fpu32ToInternal(unsigned int)
                0x00000000c001f773                Vm::fpu64ToInternal(unsigned long long)
                0x00000000c001f77c                Vm::fpuFloatToLong(unsigned long long)
                0x00000000c001f7d7                Vm::fpuULongToFloat(unsigned long long)
                0x00000000c001f80d                Vm::fpuLongToFloat(long long)
                0x00000000c001f863                Vm::fpuGet0()
                0x00000000c001f868                Vm::fpuGet1()
                0x00000000c001f870                Vm::fpuGetPi()
                0x00000000c001f878                Vm::fpuGetLog2E()
                0x00000000c001f890                Vm::fpuGetLogE2()
                0x00000000c001f8a8                Vm::fpuGetLog210()
                0x00000000c001f8c0                Vm::fpuGetLog102()
                0x00000000c001f8d8                Vm::fpuIsSecondLarger(unsigned long long, unsigned long long)
                0x00000000c001f8ec                Vm::fpuAreEqual(unsigned long long, unsigned long long)
                0x00000000c001f902                Vm::fpuUnorderedCompare(unsigned long long, unsigned long long)
                0x00000000c001f955                Vm::fpuAdd(unsigned long long, unsigned long long)
                0x00000000c001f966                Vm::fpuAbs(unsigned long long)
                0x00000000c001f96f                Vm::fpuChs(unsigned long long)
                0x00000000c001f97f                Vm::fpuSub(unsigned long long, unsigned long long)
                0x00000000c001f98e                Vm::fpuMultiply(unsigned long long, unsigned long long)
                0x00000000c001f9ad                Vm::fpuDivide(unsigned long long, unsigned long long)
                0x00000000c001f9c9                Vm::fpuSquare(unsigned long long)
                0x00000000c001f9df                Vm::fpuGetReg(int)
                0x00000000c001fa22                Vm::fpuSetReg(int, unsigned long long)
                0x00000000c001fa6d                Vm::fpuPush(unsigned long long)
                0x00000000c001faca                Vm::fpuPop()
                0x00000000c001fb1c                Vm::x87Handler(regs*)
 *fill*         0x00000000c00205c7        0x1 
 .text          0x00000000c00205c8     0x10ed fs/fat/vfslink.32
                0x00000000c00205c8                FAT::getName()
                0x00000000c00205ce                FAT::tell(void*, unsigned long long*)
                0x00000000c0020602                FAT::stat(void*, unsigned long long*)
                0x00000000c0020636                FAT::~FAT()
                0x00000000c0020636                FAT::~FAT()
                0x00000000c002065a                FAT::~FAT()
                0x00000000c0020682                FAT::getlabel(LogicalDisk*, int, char*, unsigned int*)
                0x00000000c0020720                FAT::setlabel(LogicalDisk*, int, char*)
                0x00000000c00207da                FAT::format(LogicalDisk*, int, char const*, int)
                0x00000000c00209be                FAT::tryMount(LogicalDisk*, int)
                0x00000000c0020bc4                FAT::readDir(void*, unsigned long, void*, int*)
                0x00000000c0020cca                FAT::read(void*, unsigned long, void*, int*)
                0x00000000c0020d24                FAT::write(void*, unsigned long, void*, int*)
                0x00000000c0020d7e                FAT::close(void*)
                0x00000000c0020dca                FAT::closeDir(void*)
                0x00000000c0020e16                FAT::seek(void*, unsigned long long)
                0x00000000c0020e6a                fatWrapperReadDisk
                0x00000000c0020eb1                fatWrapperWriteDisk
                0x00000000c0020ef8                fatWrapperIoctl
                0x00000000c0020ffc                FAT::FAT()
                0x00000000c0020ffc                FAT::FAT()
                0x00000000c002104e                FAT::fixFilepath(char*)
                0x00000000c0021086                FAT::open(char const*, void**, FileOpenMode)
                0x00000000c00211ae                FAT::openDir(char const*, void**)
                0x00000000c0021254                FAT::stat(char const*, unsigned long long*, bool*)
                0x00000000c002133e                FAT::unlink(char const*)
                0x00000000c00213b8                FAT::chfatattr(char const*, unsigned char, unsigned char)
                0x00000000c002150c                FAT::rename(char const*, char const*)
                0x00000000c00215d0                FAT::mkdir(char const*)
                0x00000000c002164a                FAT::exists(char const*)
 *fill*         0x00000000c00216b5        0x1 
 .text          0x00000000c00216b6      0xbc1 fs/iso9660/vfslink.32
                0x00000000c00216b6                ISO9660::format(LogicalDisk*, int, char const*, int)
                0x00000000c00216bc                ISO9660::seek(void*, unsigned long long)
                0x00000000c00216ec                ISO9660::tell(void*, unsigned long long*)
                0x00000000c0021710                ISO9660::getName()
                0x00000000c0021716                ISO9660::stat(void*, unsigned long long*)
                0x00000000c002173a                ISO9660::chfatattr(char const*, unsigned char, unsigned char)
                0x00000000c0021740                ISO9660::unlink(char const*)
                0x00000000c0021746                ISO9660::write(void*, unsigned long, void*, int*)
                0x00000000c002174c                ISO9660::rename(char const*, char const*)
                0x00000000c0021752                ISO9660::mkdir(char const*)
                0x00000000c0021758                ISO9660::close(void*)
                0x00000000c002177a                ISO9660::closeDir(void*)
                0x00000000c002179c                ISO9660::~ISO9660()
                0x00000000c002179c                ISO9660::~ISO9660()
                0x00000000c00217c0                ISO9660::~ISO9660()
                0x00000000c00217e7                __memmem(unsigned char*, int, unsigned char*, int)
                0x00000000c0021829                readSectorFromCDROM(unsigned int, unsigned char*, char)
                0x00000000c0021890                ISO9660::tryMount(LogicalDisk*, int)
                0x00000000c00218e0                ISO9660::read(void*, unsigned long, void*, int*)
                0x00000000c0021ae0                ISO9660::readDir(void*, unsigned long, void*, int*)
                0x00000000c0021d6d                readRoot(unsigned int*, unsigned int*, char)
                0x00000000c0021dc2                readRecursively(char*, unsigned int, unsigned int, unsigned int*, unsigned int*, char, int*)
                0x00000000c0021f95                getFileData(char*, unsigned int*, unsigned int*, char, int*)
                0x00000000c0022024                ISO9660::open(char const*, void**, FileOpenMode)
                0x00000000c00220e4                ISO9660::exists(char const*)
                0x00000000c0022108                ISO9660::stat(char const*, unsigned long long*, bool*)
                0x00000000c002219c                ISO9660::openDir(char const*, void**)
                0x00000000c0022254                ISO9660::ISO9660()
                0x00000000c0022254                ISO9660::ISO9660()
 *fill*         0x00000000c0022277        0x1 
 .text          0x00000000c0022278      0x326 hal/sound/sndchannel.32
                0x00000000c0022278                SoundChannel::~SoundChannel()
                0x00000000c0022278                SoundChannel::~SoundChannel()
                0x00000000c0022294                SoundChannel::setSpeed(float)
                0x00000000c00222a0                SoundChannel::getSpeed()
                0x00000000c00222a8                SoundChannel::setVolume(int)
                0x00000000c00222c4                SoundChannel::getVolume()
                0x00000000c00222cc                SoundChannel::pause()
                0x00000000c00222d6                SoundChannel::SoundChannel(int, int, int, int)
                0x00000000c00222d6                SoundChannel::SoundChannel(int, int, int, int)
                0x00000000c002242c                SoundChannel::play()
                0x00000000c0022436                SoundChannel::paused()
                0x00000000c002243e                SoundChannel::getSampleRate()
                0x00000000c0022446                SoundChannel::getBits()
                0x00000000c002244e                SoundChannel::getBufferUsed()
                0x00000000c0022456                SoundChannel::getBufferSize()
                0x00000000c002245e                SoundChannel::unbuffer(float*, int, int)
                0x00000000c00224fe                SoundChannel::buffer8(unsigned char*, int)
 .text          0x00000000c002259e      0x3d5 hal/sound/sndhw.32
                0x00000000c002259e                SoundDevice::SoundDevice(char const*)
                0x00000000c002259e                SoundDevice::SoundDevice(char const*)
                0x00000000c002260a                SoundDevice::~SoundDevice()
                0x00000000c002260a                SoundDevice::~SoundDevice()
                0x00000000c0022684                SoundDevice::~SoundDevice()
                0x00000000c00226ae                SoundDevice::getFreeChannelNum()
                0x00000000c00226c8                SoundDevice::addChannel(SoundChannel*)
                0x00000000c0022738                SoundDevice::removeChannel(int)
                0x00000000c002276a                SoundDevice::floatTo8(float*, unsigned char*, int)
                0x00000000c0022852                SoundDevice::getAudio(int, float*, float*)
 .text          0x00000000c0022973        0x0 hw/bus/isa.32
 *fill*         0x00000000c0022973        0x1 
 .text          0x00000000c0022974      0x6c3 hw/bus/pci.32
                0x00000000c0022974                PCI::open(int, int, void*)
                0x00000000c0022988                PCI::close(int, int, void*)
                0x00000000c002298c                PCI::PCI()
                0x00000000c002298c                PCI::PCI()
                0x00000000c0022a0c                PCI::pciReadWord(unsigned char, unsigned char, unsigned char, unsigned char)
                0x00000000c0022a54                PCI::getVendorID(unsigned char, unsigned char, unsigned char)
                0x00000000c0022a76                PCI::getHeaderType(unsigned char, unsigned char, unsigned char)
                0x00000000c0022a9a                PCI::getClassCode(unsigned char, unsigned char, unsigned char)
                0x00000000c0022ade                PCI::getProgIF(unsigned char, unsigned char, unsigned char)
                0x00000000c0022b02                PCI::getRevisionID(unsigned char, unsigned char, unsigned char)
                0x00000000c0022b24                PCI::getInterruptNumber(unsigned char, unsigned char, unsigned char)
                0x00000000c0022b46                PCI::getSecondaryBus(unsigned char, unsigned char, unsigned char)
                0x00000000c0022b6a                PCI::getBARAddress(unsigned char, unsigned char, unsigned char, unsigned char)
                0x00000000c0022bca                PCI::pciWriteWord(unsigned char, unsigned char, unsigned char, unsigned char, unsigned short)
                0x00000000c0022c36                PCI::checkBus(unsigned char)
                0x00000000c0022c5a                PCI::foundDevice(PCIDeviceInfo)
                0x00000000c0022dcc                PCI::getDeviceData(unsigned char, unsigned char, unsigned char)
                0x00000000c0022f78                PCI::checkDevice(unsigned char, unsigned char)
                0x00000000c0022fe4                PCI::detect()
 *fill*         0x00000000c0023037        0x1 
 .text          0x00000000c0023038      0xc70 hw/diskctrl/ide.32
                0x00000000c0023038                IDE::close(int, int, void*)
                0x00000000c002303c                IDE::IDE()
                0x00000000c002303c                IDE::IDE()
                0x00000000c0023070                IDE::prepareInterrupt(unsigned char)
                0x00000000c0023082                selectDrive(unsigned char, unsigned char)
                0x00000000c0023084                IDE::getBase(unsigned char)
                0x00000000c0023096                IDE::write(unsigned char, unsigned char, unsigned char)
                0x00000000c0023156                IDE::read(unsigned char, unsigned char)
                0x00000000c0023204                IDE::waitInterrupt(unsigned char)
                0x00000000c002326a                ideChannel0IRQHandler(regs*, void*)
                0x00000000c0023286                ideChannel1IRQHandler(regs*, void*)
                0x00000000c00232a2                IDE::enableIRQs(unsigned char, bool)
                0x00000000c00232e8                IDE::open(int, int, void*)
                0x00000000c00236f8                IDE::readBuffer(unsigned char, unsigned char, unsigned int, unsigned int)
                0x00000000c00237c4                IDE::detect()
                0x00000000c0023aac                IDE::printError(unsigned char, unsigned char, unsigned char)
                0x00000000c0023c42                IDE::polling(unsigned char, unsigned int)
 .text          0x00000000c0023ca8      0x390 hw/diskctrl/satabus.32
                0x00000000c0023ca8                SATABus::close(int, int, void*)
                0x00000000c0023cac                SATABus::detect()
                0x00000000c0023cae                SATABus::SATABus()
                0x00000000c0023cae                SATABus::SATABus()
                0x00000000c0023d5a                SATABus::findCmdslot(SATABus::tagHBA_PORT volatile*)
                0x00000000c0023da2                SATABus::checkType(SATABus::tagHBA_PORT volatile*)
                0x00000000c0023dea                SATABus::startCmd(SATABus::tagHBA_PORT volatile*)
                0x00000000c0023e0a                SATABus::stopCmd(SATABus::tagHBA_PORT volatile*)
                0x00000000c0023e34                SATABus::portRebase(SATABus::tagHBA_PORT volatile*, int)
                0x00000000c0023f3a                SATABus::probePort(SATABus::tagHBA_MEM volatile*)
                0x00000000c0024018                SATABus::open(int, int, void*)
 .text          0x00000000c0024038      0x63c hw/diskphys/ata.32
                0x00000000c0024038                ATA::close(int, int, void*)
                0x00000000c002405c                ATA::powerSaving(PowerSavingLevel)
                0x00000000c002405e                ATA::ATA()
                0x00000000c002405e                ATA::ATA()
                0x00000000c002408c                ATA::flush(bool)
                0x00000000c00240d6                ATA::readyForCommand()
                0x00000000c0024126                ATA::access(unsigned long long, int, void*, bool)
                0x00000000c00244ae                ATA::read(unsigned long long, int, void*)
                0x00000000c0024516                ATA::write(unsigned long long, int, void*)
                0x00000000c002457e                ATA::detectCHS()
                0x00000000c00245a8                ATA::open(int, int, void*)
 .text          0x00000000c0024674      0x5bd hw/diskphys/atapi.32
                0x00000000c0024674                ATAPI::write(unsigned long long, int, void*)
                0x00000000c002467a                ATAPI::close(int, int, void*)
                0x00000000c002469e                ATAPI::ATAPI()
                0x00000000c002469e                ATAPI::ATAPI()
                0x00000000c00246cc                ATAPI::readyForCommand()
                0x00000000c002471c                ATAPI::sendPacket(unsigned char*, int, bool, unsigned short*, int)
                0x00000000c00249dc                ATAPI::diskRemoved()
                0x00000000c00249f8                ATAPI::eject()
                0x00000000c0024a40                ATAPI::diskInserted()
                0x00000000c0024a6e                ATAPI::detectMedia()
                0x00000000c0024b2a                ATAPI::open(int, int, void*)
                0x00000000c0024bb2                ATAPI::read(unsigned long long, int, void*)
 *fill*         0x00000000c0024c31        0x1 
 .text          0x00000000c0024c32      0x455 hw/diskphys/sata.32
                0x00000000c0024c32                SATA::close(int, int, void*)
                0x00000000c0024c56                SATA::powerSaving(PowerSavingLevel)
                0x00000000c0024c58                SATA::open(int, int, void*)
                0x00000000c0024d06                SATA::SATA()
                0x00000000c0024d06                SATA::SATA()
                0x00000000c0024d34                SATA::access(unsigned long long, int, void*, bool)
                0x00000000c0024f9a                SATA::read(unsigned long long, int, void*)
                0x00000000c0025002                SATA::write(unsigned long long, int, void*)
 *fill*         0x00000000c0025087        0x1 
 .text          0x00000000c0025088      0x500 hw/diskphys/satapi.32
                0x00000000c0025088                SATAPI::write(unsigned long long, int, void*)
                0x00000000c002508e                SATAPI::close(int, int, void*)
                0x00000000c00250b2                SATAPI::SATAPI()
                0x00000000c00250b2                SATAPI::SATAPI()
                0x00000000c00250e0                SATAPI::diskRemoved()
                0x00000000c00250fc                SATAPI::diskInserted()
                0x00000000c002512a                SATAPI::sendPacket(unsigned char*, int, unsigned long long, unsigned short*, int)
                0x00000000c002532e                SATAPI::eject()
                0x00000000c0025376                SATAPI::detectMedia()
                0x00000000c0025438                SATAPI::open(int, int, void*)
                0x00000000c00254e6                SATAPI::read(unsigned long long, int, void*)
 .text          0x00000000c0025588       0x8e hw/fpu/avx.32
                0x00000000c0025588                AVX::open(int, int, void*)
                0x00000000c002559a                AVX::close(int, int, void*)
                0x00000000c00255ac                AVX::available()
                0x00000000c00255be                AVX::save(void*)
                0x00000000c00255d6                AVX::load(void*)
                0x00000000c00255ee                AVX::AVX()
                0x00000000c00255ee                AVX::AVX()
 .text          0x00000000c0025616       0x90 hw/fpu/mmx.32
                0x00000000c0025616                MMX::available()
                0x00000000c002562a                MMX::open(int, int, void*)
                0x00000000c002563c                MMX::close(int, int, void*)
                0x00000000c002564e                MMX::save(void*)
                0x00000000c0025666                MMX::load(void*)
                0x00000000c002567e                MMX::MMX()
                0x00000000c002567e                MMX::MMX()
 .text          0x00000000c00256a6       0x96 hw/fpu/sse.32
                0x00000000c00256a6                SSE::open(int, int, void*)
                0x00000000c00256b8                SSE::close(int, int, void*)
                0x00000000c00256ca                SSE::available()
                0x00000000c00256e4                SSE::save(void*)
                0x00000000c00256fc                SSE::load(void*)
                0x00000000c0025714                SSE::SSE()
                0x00000000c0025714                SSE::SSE()
 .text          0x00000000c002573c       0x8e hw/fpu/x87.32
                0x00000000c002573c                x87::open(int, int, void*)
                0x00000000c002574e                x87::close(int, int, void*)
                0x00000000c0025760                x87::available()
                0x00000000c0025772                x87::save(void*)
                0x00000000c002578a                x87::load(void*)
                0x00000000c00257a2                x87::x87()
                0x00000000c00257a2                x87::x87()
 .text          0x00000000c00257ca      0x71e hw/intctrl/apic.32
                0x00000000c00257ca                APIC::disable()
                0x00000000c00257cc                APIC::close(int, int, void*)
                0x00000000c00257ee                IOAPIC::close(int, int, void*)
                0x00000000c00257f4                APIC::io_wait()
                0x00000000c00257fa                APIC::getBase()
                0x00000000c002583c                APIC::eoi(unsigned char)
                0x00000000c002586a                APIC::open(int, int, void*)
                0x00000000c00259b8                IOAPIC::IOAPIC()
                0x00000000c00259b8                IOAPIC::IOAPIC()
                0x00000000c00259e0                APIC::APIC()
                0x00000000c00259e0                APIC::APIC()
                0x00000000c0025abc                IOAPIC::handlesGSIWithNumber(unsigned int)
                0x00000000c0025aee                IOAPIC::read(int)
                0x00000000c0025b16                IOAPIC::open(int, int, void*)
                0x00000000c0025c0c                IOAPIC::write(int, int)
                0x00000000c0025c38                IOAPIC::redirect(unsigned char, unsigned long long, unsigned char, bool, bool)
                0x00000000c0025d32                APIC::installIRQHandler(int, void (*)(regs*, void*), bool, void*)
 .text          0x00000000c0025ee8      0x3d3 hw/intctrl/pic.32
                0x00000000c0025ee8                PIC::disable()
                0x00000000c0025f16                PIC::close(int, int, void*)
                0x00000000c0025f38                PIC::PIC()
                0x00000000c0025f38                PIC::PIC()
                0x00000000c002600e                PIC::ioWait()
                0x00000000c0026014                PIC::getIRQReg(int)
                0x00000000c002607e                PIC::eoi(unsigned char)
                0x00000000c0026110                PIC::remap()
                0x00000000c002627c                PIC::open(int, int, void*)
 *fill*         0x00000000c00262bb        0x1 
 .text          0x00000000c00262bc      0x25e hw/timer/apictimer.32
                0x00000000c00262bc                APICTimer::close(int, int, void*)
                0x00000000c00262c2                apicTimerHandler(regs*, void*)
                0x00000000c00262f0                APICTimer::write(int)
                0x00000000c00263f4                APICTimer::open(int, int, void*)
                0x00000000c00264f2                APICTimer::APICTimer()
                0x00000000c00264f2                APICTimer::APICTimer()
 .text          0x00000000c002651a      0x1a7 hw/timer/pit.32
                0x00000000c002651a                PIT::write(int)
                0x00000000c0026598                pitHandler(regs*, void*)
                0x00000000c00265c4                PIT::open(int, int, void*)
                0x00000000c0026612                PIT::close(int, int, void*)
                0x00000000c0026642                PIT::PIT()
                0x00000000c0026642                PIT::PIT()
 *fill*         0x00000000c00266c1        0xf 
 .text          0x00000000c00266d0       0x1e hw/fpu/x86/avx.32
                0x00000000c00266d0                avxDetect
                0x00000000c00266d6                avxSave
                0x00000000c00266d7                avxLoad
                0x00000000c00266d8                avxInit
                0x00000000c00266d9                avxClose
                0x00000000c00266da                wouldSheSayYes
 *fill*         0x00000000c00266ee        0x2 
 .text          0x00000000c00266f0       0x35 hw/fpu/x86/sse.32
                0x00000000c00266f0                absolutelyNoChanceInHell
                0x00000000c00266f0                sseDetect
                0x00000000c0026708                sseSave
                0x00000000c002670e                sseLoad
                0x00000000c0026714                sseInit
                0x00000000c0026724                sseClose
 *fill*         0x00000000c0026725        0xb 
 .text          0x00000000c0026730       0x47 hw/fpu/x86/x87.32
                0x00000000c0026736                x87Detect
                0x00000000c0026751                x87Save
                0x00000000c0026757                x87Load
                0x00000000c002675c                x87Init
                0x00000000c0026776                x87Close
 *fill*         0x00000000c0026777        0x1 
 .text          0x00000000c0026778       0x25 /cygdrive/d/Users/Alex/Desktop/Toolchain/Output/bin/../lib/gcc/i386-banana/8.1.0/crtend.o
 .text          0x00000000c002679d        0x0 crtn.32
 *fill*         0x00000000c002679d        0x3 
 .text          0x00000000c00267a0      0x14b /cygdrive/d/Users/Alex/Desktop/Toolchain/Output/bin/../lib/gcc/i386-banana/8.1.0/libkgcc.a(_divdi3.o)
                0x00000000c00267a0                __divdi3
 *fill*         0x00000000c00268eb        0x1 
 .text          0x00000000c00268ec      0x17e /cygdrive/d/Users/Alex/Desktop/Toolchain/Output/bin/../lib/gcc/i386-banana/8.1.0/libkgcc.a(_moddi3.o)
                0x00000000c00268ec                __moddi3
 *fill*         0x00000000c0026a6a        0x2 
 .text          0x00000000c0026a6c       0xff /cygdrive/d/Users/Alex/Desktop/Toolchain/Output/bin/../lib/gcc/i386-banana/8.1.0/libkgcc.a(_udivdi3.o)
                0x00000000c0026a6c                __udivdi3
 *fill*         0x00000000c0026b6b        0x1 
 .text          0x00000000c0026b6c      0x11a /cygdrive/d/Users/Alex/Desktop/Toolchain/Output/bin/../lib/gcc/i386-banana/8.1.0/libkgcc.a(_umoddi3.o)
                0x00000000c0026b6c                __umoddi3
 .text          0x00000000c0026c86      0x96d D:/Users/Alex/Desktop/Banana/kernel/libsoftfp.a(sfieeelib.o)
                0x00000000c0026c86                __addsf3
                0x00000000c0026f88                __subsf3
                0x00000000c0026f9c                __negsf2
                0x00000000c0026fa9                __mulsf3
                0x00000000c002716c                __divsf3
                0x00000000c0027397                __floatsisf
                0x00000000c002740b                __floatunsisf
                0x00000000c002744d                __fixsfsi
                0x00000000c00274af                __fixunssfsi
                0x00000000c00274e0                __cmpsf2
                0x00000000c0027575                __eqsf2