Archive member included to satisfy reference by file (symbol)

/cygdrive/d/Users/Alex/Desktop/Toolchain/Output/bin/../lib/gcc/i386-banana/8.1.0/libkgcc.a(_divdi3.o)
                              fs/fat/ff.32 (__divdi3)
/cygdrive/d/Users/Alex/Desktop/Toolchain/Output/bin/../lib/gcc/i386-banana/8.1.0/libkgcc.a(_moddi3.o)
                              thr/elf.32 (__moddi3)
/cygdrive/d/Users/Alex/Desktop/Toolchain/Output/bin/../lib/gcc/i386-banana/8.1.0/libkgcc.a(_udivdi3.o)
                              fs/fat/ff.32 (__udivdi3)
/cygdrive/d/Users/Alex/Desktop/Toolchain/Output/bin/../lib/gcc/i386-banana/8.1.0/libkgcc.a(_umoddi3.o)
                              core/pipe.32 (__umoddi3)
D:/Users/Alex/Desktop/Banana/kernel/libsoftfp.a(sfieeelib.o)
                              hal/sound/sndhw.32 (__addsf3)
D:/Users/Alex/Desktop/Banana/kernel/libsoftfp.a(dfieeelib.o)
                              hal/libresample/src_linear.32 (__adddf3)
D:/Users/Alex/Desktop/Banana/kernel/libsoftfp.a(sfdfcvt.o)
                              hal/libresample/samplerate.32 (__truncdfsf2)
D:/Users/Alex/Desktop/Banana/kernel/libk/libm32.a(s_fabs.c.o)
                              hal/libresample/samplerate.32 (fabs)
D:/Users/Alex/Desktop/Banana/kernel/libk/libm32.a(s_lrint.S.o)
                              hal/libresample/samplerate.32 (lrint)
D:/Users/Alex/Desktop/Banana/kernel/libk/libm32.a(s_lrintf.S.o)
                              hal/sound/sndhw.32 (lrintf)

Discarded input sections

 .comment       0x0000000000000000       0x12 /cygdrive/d/Users/Alex/Desktop/Toolchain/Output/bin/../lib/gcc/i386-banana/8.1.0/crtbegin.o
 .comment       0x0000000000000000       0x12 acpica/utclib.32
 .comment       0x0000000000000000       0x12 core/malloc.32
 .comment       0x0000000000000000       0x12 libk/string.32
 .comment       0x0000000000000000       0x12 fs/fat/diskio.32
 .comment       0x0000000000000000       0x12 fs/fat/ff.32
 .comment       0x0000000000000000       0x12 fs/fat/ffsystem.32
 .comment       0x0000000000000000       0x12 fs/fat/ffunicode.32
 .comment       0x0000000000000000       0x12 hal/libresample/samplerate.32
 .comment       0x0000000000000000       0x12 hal/libresample/src_linear.32
 .comment       0x0000000000000000       0x12 hal/libresample/src_sinc.32
 .comment       0x0000000000000000       0x12 hal/libresample/src_zoh.32
 .comment       0x0000000000000000       0x12 compat/inlines.32
 .group         0x0000000000000000       0x14 core/computer.32
 .group         0x0000000000000000        0xc core/computer.32
 .comment       0x0000000000000000       0x12 core/computer.32
 .comment       0x0000000000000000       0x12 core/gdt.32
 .group         0x0000000000000000        0xc core/idle.32
 .comment       0x0000000000000000       0x12 core/idle.32
 .comment       0x0000000000000000       0x12 core/idt.32
 .comment       0x0000000000000000       0x12 core/kheap.32
 .comment       0x0000000000000000       0x12 core/main.32
 .comment       0x0000000000000000       0x12 core/physmgr.32
 .group         0x0000000000000000        0xc core/pipe.32
 .comment       0x0000000000000000       0x12 core/pipe.32
 .group         0x0000000000000000        0xc core/terminal.32
 .comment       0x0000000000000000       0x12 core/terminal.32
 .comment       0x0000000000000000       0x12 core/tss.32
 .group         0x0000000000000000        0x8 core/unixfile.32
 .group         0x0000000000000000        0xc core/unixfile.32
 .group         0x0000000000000000        0xc core/unixfile.32
 .group         0x0000000000000000        0x8 core/unixfile.32
 .group         0x0000000000000000        0xc core/unixfile.32
 .group         0x0000000000000000        0x8 core/unixfile.32
 .group         0x0000000000000000        0xc core/unixfile.32
 .group         0x0000000000000000        0xc core/unixfile.32
 .comment       0x0000000000000000       0x12 core/unixfile.32
 .comment       0x0000000000000000       0x12 core/virtmgr.32
 .comment       0x0000000000000000       0x12 coreobjs/c++.32
 .comment       0x0000000000000000       0x12 dbg/kconsole.32
 .group         0x0000000000000000        0xc fs/vfs.32
 .group         0x0000000000000000        0xc fs/vfs.32
 .group         0x0000000000000000        0xc fs/vfs.32
 .comment       0x0000000000000000       0x12 fs/vfs.32
 .group         0x0000000000000000        0xc hal/bus.32
 .comment       0x0000000000000000       0x12 hal/bus.32
 .group         0x0000000000000000        0xc hal/buzzer.32
 .comment       0x0000000000000000       0x12 hal/buzzer.32
 .group         0x0000000000000000        0xc hal/clock.32
 .comment       0x0000000000000000       0x12 hal/clock.32
 .group         0x0000000000000000       0x14 hal/device.32
 .group         0x0000000000000000        0xc hal/device.32
 .group         0x0000000000000000        0xc hal/device.32
 .group         0x0000000000000000        0xc hal/device.32
 .group         0x0000000000000000        0xc hal/device.32
[...]
Memory Configuration

Name             Origin             Length             Attributes
*default*        0x0000000000000000 0xffffffffffffffff

Linker script and memory map

LOAD D:/Users/Alex/Desktop/Banana/kernel/boot.32
LOAD crti.32
LOAD /cygdrive/d/Users/Alex/Desktop/Toolchain/Output/bin/../lib/gcc/i386-banana/8.1.0/crtbegin.o
LOAD D:/Users/Alex/Desktop/Banana/kernel/morenasm.32
LOAD acpica/utclib.32
LOAD core/malloc.32
LOAD libk/string.32
LOAD fs/fat/diskio.32
LOAD fs/fat/ff.32
LOAD fs/fat/ffsystem.32
LOAD fs/fat/ffunicode.32
LOAD hal/libresample/samplerate.32
LOAD hal/libresample/src_linear.32
LOAD hal/libresample/src_sinc.32
LOAD hal/libresample/src_zoh.32
LOAD compat/inlines.32
LOAD core/computer.32
LOAD core/gdt.32
LOAD core/idle.32
LOAD core/idt.32
LOAD core/kheap.32
LOAD core/main.32
LOAD core/physmgr.32
LOAD core/pipe.32
LOAD core/terminal.32
LOAD core/tss.32
LOAD core/unixfile.32
LOAD core/virtmgr.32
LOAD coreobjs/c++.32
LOAD dbg/kconsole.32
LOAD fs/vfs.32
LOAD hal/bus.32
LOAD hal/buzzer.32
LOAD hal/clock.32
LOAD hal/device.32
LOAD hal/diskctrl.32
LOAD hal/diskphys.32
LOAD hal/fpu.32
LOAD hal/intctrl.32
LOAD hal/keybrd.32
LOAD hal/logidisk.32
LOAD hal/mouse.32
LOAD hal/partition.32
LOAD hal/timer.32
LOAD hal/vcache.32
LOAD hal/video.32
LOAD hw/acpi.32
LOAD hw/cpu.32
LOAD hw/ports.32
LOAD krnl/panic.32
LOAD reg/registry.32
LOAD sys/sc_exit.32
LOAD sys/sc_loaddll.32
LOAD sys/sc_read.32
LOAD sys/sc_sbrk.32
LOAD sys/sc_write.32
LOAD sys/sc_yield.32
LOAD sys/syscalls.32
LOAD thr/elf.32
LOAD thr/prcssthr.32
LOAD vm86/vm8086.32
LOAD vm86/x87em.32
LOAD fs/fat/vfslink.32
LOAD fs/iso9660/vfslink.32
LOAD hal/sound/sndchannel.32
LOAD hal/sound/sndhw.32
LOAD hw/bus/isa.32
LOAD hw/bus/pci.32
LOAD hw/diskctrl/ide.32
LOAD hw/diskphys/ata.32
LOAD hw/diskphys/atapi.32
LOAD hw/fpu/avx.32
LOAD hw/fpu/mmx.32
LOAD hw/fpu/sse.32
LOAD hw/fpu/x87.32
LOAD hw/intctrl/apic.32
LOAD hw/intctrl/pic.32
LOAD hw/timer/apictimer.32
LOAD hw/timer/pit.32
LOAD hw/fpu/x86/avx.32
LOAD hw/fpu/x86/sse.32
LOAD hw/fpu/x86/x87.32
LOAD /cygdrive/d/Users/Alex/Desktop/Toolchain/Output/bin/../lib/gcc/i386-banana/8.1.0/crtend.o
LOAD crtn.32
LOAD /cygdrive/d/Users/Alex/Desktop/Toolchain/Output/bin/../lib/gcc/i386-banana/8.1.0/libkgcc.a
LOAD D:/Users/Alex/Desktop/Banana/kernel/libsoftfp.a
LOAD D:/Users/Alex/Desktop/Banana/kernel/libk/libm32.a
                0x00000000c0000000                . = 0xc0000000

.text           0x00000000c0000000    0x25708
 *(.text)
 .text          0x00000000c0000000       0x41 D:/Users/Alex/Desktop/Banana/kernel/boot.32
                0x00000000c0000020                callGlobalConstructors
 .text          0x00000000c0000041        0x0 crti.32
 *fill*         0x00000000c0000041        0x3 
 .text          0x00000000c0000044      0x101 /cygdrive/d/Users/Alex/Desktop/Toolchain/Output/bin/../lib/gcc/i386-banana/8.1.0/crtbegin.o
 *fill*         0x00000000c0000145        0xb 
 .text          0x00000000c0000150      0x494 D:/Users/Alex/Desktop/Banana/kernel/morenasm.32
                0x00000000c0000150                prepareTramp
                0x00000000c0000169                voodooXADD
                0x00000000c0000234                doTPAUSE
                0x00000000c000023e                hasLegacyFPU
                0x00000000c0000263                is486
                0x00000000c0000299                detectCPUID
                0x00000000c00002af                goToVM86
                0x00000000c00002e0                goToUsermode
                0x00000000c000030b                switchToThreadASMFirstTime
                0x00000000c0000319                switchToThreadASM
                0x00000000c00003a1                asmQuickAcquireLock
                0x00000000c00003bf                asmQuickReleaseLock
                0x00000000c00003cb                asmAcquireLock
                0x00000000c00003ec                asmReleaseLock
                0x00000000c00003ff                loadGDT
                0x00000000c000041f                isr0
                0x00000000c000042f                isr1
                0x00000000c0000439                isr2
                0x00000000c0000443                isr3
                0x00000000c000044d                isr4
                0x00000000c0000457                isr5
                0x00000000c0000461                isr6
                0x00000000c000046b                isr7
                0x00000000c0000475                isr8
                0x00000000c000047d                isr9
                0x00000000c0000487                isr10
                0x00000000c000048f                isr11
                0x00000000c0000497                isr12
                0x00000000c000049f                isr13
                0x00000000c00004a7                isr14
                0x00000000c00004af                isr15
                0x00000000c00004b9                isr16
                0x00000000c00004c3                isr17
                0x00000000c00004cd                isr18
                0x00000000c00004d7                irq3
                0x00000000c00004e1                irq4
                0x00000000c00004eb                irq5
                0x00000000c00004f5                irq6
                0x00000000c00004ff                irq7
                0x00000000c0000509                irq8
                0x00000000c0000513                irq9
                0x00000000c000051d                irq10
                0x00000000c0000527                irq11
                0x00000000c0000531                irq12
                0x00000000c000053b                irq13
                0x00000000c0000545                irq14
                0x00000000c000054f                irq15
                0x00000000c0000559                irq1
                0x00000000c0000560                irq2
                0x00000000c0000567                isr96
                0x00000000c000056e                irq0
                0x00000000c0000573                syscall_common_stub
                0x00000000c0000573                int_common_stub
                0x00000000c0000594                irq16
                0x00000000c000059e                irq17
                0x00000000c00005a8                irq18
                0x00000000c00005b2                irq19
                0x00000000c00005bc                irq20
                0x00000000c00005c6                irq21
                0x00000000c00005d0                irq22
                0x00000000c00005da                irq23
 .text          0x00000000c00005e4      0x40f acpica/utclib.32
                0x00000000c00005e4                memcmp
                0x00000000c000060f                memmove
                0x00000000c0000647                memcpy
                0x00000000c000067d                memset
                0x00000000c000069a                strlen
                0x00000000c00006aa                strpbrk
                0x00000000c00006cd                strtok
                0x00000000c000071c                strcpy
                0x00000000c000073c                strncpy
                0x00000000c000076d                strcmp
                0x00000000c000078e                strchr
                0x00000000c00007a4                strncmp
                0x00000000c00007d3                strcat
                0x00000000c00007fa                strncat
                0x00000000c0000834                strstr
                0x00000000c0000871                toupper
                0x00000000c0000885                tolower
                0x00000000c0000899                simple_strtoul
 .text          0x00000000c00009f3      0xfbf core/malloc.32
                0x00000000c0000b5e                dlfree
                0x00000000c0000eb9                dlmalloc
                0x00000000c00013f6                dlrealloc
                0x00000000c00015ab                dlmemalign
                0x00000000c00016ce                dlcalloc
                0x00000000c0001768                dlcfree
                0x00000000c000176d                dlindependent_calloc
                0x00000000c0001792                dlindependent_comalloc
                0x00000000c00017a9                dlvalloc
                0x00000000c00017d4                dlpvalloc
                0x00000000c000180a                dlmalloc_trim
                0x00000000c0001817                dlmalloc_usable_size
                0x00000000c0001848                dlmallinfo
                0x00000000c0001917                dlmalloc_stats
                0x00000000c0001928                dlmallopt
 .text          0x00000000c00019b2        0x0 libk/string.32
 .text          0x00000000c00019b2       0x51 fs/fat/diskio.32
                0x00000000c00019b2                disk_status
                0x00000000c00019b5                disk_initialize
                0x00000000c00019b8                disk_read
                0x00000000c00019ce                disk_write
                0x00000000c00019e4                disk_ioctl
 .text          0x00000000c0001a03     0x6833 fs/fat/ff.32
                0x00000000c0004cd1                f_mount
                0x00000000c0004d33                f_open
                0x00000000c000516f                f_read
                0x00000000c00053ef                f_write
                0x00000000c00056a9                f_sync
                0x00000000c0005885                f_close
                0x00000000c00058b4                f_lseek
                0x00000000c0005d6b                f_opendir
                0x00000000c0005e6d                f_closedir
                0x00000000c0005e8f                f_readdir
                0x00000000c0005f2a                f_stat
                0x00000000c0005fb9                f_getfree
                0x00000000c0006184                f_truncate
                0x00000000c000627c                f_unlink
                0x00000000c00063ff                f_mkdir
                0x00000000c000662b                f_rename
                0x00000000c000691e                f_chmod
                0x00000000c00069fc                f_utime
                0x00000000c0006ada                f_getlabel
                0x00000000c0006cc8                f_setlabel
                0x00000000c0006f35                f_forward
                0x00000000c0007113                f_mkfs
 .text          0x00000000c0008236       0x2d fs/fat/ffsystem.32
                0x00000000c0008236                ff_memalloc
                0x00000000c000824c                ff_memfree
 .text          0x00000000c0008263      0x253 fs/fat/ffunicode.32
                0x00000000c0008263                ff_uni2oem
                0x00000000c00082f3                ff_oem2uni
                0x00000000c000835f                ff_wtoupper
 .text          0x00000000c00084b6      0x8fb hal/libresample/samplerate.32
                0x00000000c00084fa                src_delete
                0x00000000c0008536                src_process
                0x00000000c00086ec                src_callback_read
                0x00000000c0008869                src_set_ratio
                0x00000000c00088d3                src_get_channels
                0x00000000c00088f5                src_reset
                0x00000000c0008941                src_new
                0x00000000c00089cf                src_callback_new
                0x00000000c0008a31                src_get_name
                0x00000000c0008a68                src_get_description
                0x00000000c0008a9f                src_get_version
                0x00000000c0008aa5                src_is_valid_ratio
                0x00000000c0008af9                src_error
                0x00000000c0008b07                src_strerror
                0x00000000c0008b1a                src_simple
                0x00000000c0008b6d                src_short_to_float_array
                0x00000000c0008bd2                src_float_to_short_array
                0x00000000c0008c91                src_int_to_float_array
                0x00000000c0008cf4                src_float_to_int_array
 .text          0x00000000c0008db1      0x8cb hal/libresample/src_linear.32
                0x00000000c00095d7                linear_get_name
                0x00000000c00095e6                linear_get_description
                0x00000000c00095f5                linear_set_converter
 .text          0x00000000c000967c     0x447c hal/libresample/src_sinc.32
                0x00000000c000da0f                sinc_get_name
                0x00000000c000da22                sinc_get_description
                0x00000000c000da35                sinc_set_converter
 .text          0x00000000c000daf8      0x77c hal/libresample/src_zoh.32
                0x00000000c000e1cf                zoh_get_name
                0x00000000c000e1de                zoh_get_description
                0x00000000c000e1ed                zoh_set_converter
 .text          0x00000000c000e274       0x23 compat/inlines.32
                0x00000000c000e274                CPU::current()
                0x00000000c000e281                operator new(unsigned long)
 *fill*         0x00000000c000e297        0x1 
 .text          0x00000000c000e298      0xa07 core/computer.32
                0x00000000c000e298                Computer::close(int, int, void*)
                0x00000000c000e2dc                Computer::Computer()
                0x00000000c000e2dc                Computer::Computer()
                0x00000000c000e438                Computer::setBootMessage(char const*)
                0x00000000c000e43a                Computer::start()
                0x00000000c000e50b                firstTask()
                0x00000000c000e51a                Computer::detectFeatures()
                0x00000000c000e724                Computer::displayFeatures()
                0x00000000c000ea6a                Computer::rdmsr(unsigned int)
                0x00000000c000ea96                Computer::wrmsr(unsigned int, unsigned long long)
                0x00000000c000eace                Computer::nmiEnabled()
                0x00000000c000eada                Computer::readCMOS(unsigned char)
                0x00000000c000eaf4                Computer::enableNMI(bool)
                0x00000000c000eb0c                Computer::open(int, int, void*)
                0x00000000c000ebe2                Computer::disableNMI()
                0x00000000c000ebf0                Computer::writeCMOS(unsigned char, unsigned char)
                0x00000000c000ec0e                Computer::handleNMI()
                0x00000000c000ec74                Computer::setDiskActivityLight(int, bool)
 *fill*         0x00000000c000ec9f        0x1 
 .text          0x00000000c000eca0      0x1b7 core/gdt.32
                0x00000000c000eca0                GDTEntry::setBase(unsigned int)
                0x00000000c000ecbc                GDTEntry::setLimit(unsigned int)
                0x00000000c000ecda                GDT::GDT()
                0x00000000c000ecda                GDT::GDT()
                0x00000000c000ecf0                GDT::addEntry(GDTEntry)
                0x00000000c000ed2c                GDT::getNumberOfEntries()
                0x00000000c000ed34                GDT::flush()
                0x00000000c000ed56                GDT::setup()
 .text          0x00000000c000ee57       0x62 core/idle.32
                0x00000000c000ee57                idleFunction(void*)
 *fill*         0x00000000c000eeb9        0x1 
 .text          0x00000000c000eeba      0x45f core/idt.32
                0x00000000c000eeba                IDTEntry::IDTEntry(bool)
                0x00000000c000eeba                IDTEntry::IDTEntry(bool)
                0x00000000c000ef28                IDTEntry::setOffset(unsigned int)
                0x00000000c000ef3c                IDT::IDT()
                0x00000000c000ef3c                IDT::IDT()
                0x00000000c000ef3e                IDT::getPointerToInvalidOpcodeEntryForF00F()
                0x00000000c000ef46                IDT::addEntry(IDTEntry, int)
                0x00000000c000ef60                IDT::addEntry(int, void (*)(), bool)
                0x00000000c000ef98                IDT::flush()
                0x00000000c000efb2                IDT::setup()
 .text          0x00000000c000f319      0x203 core/kheap.32
                0x00000000c000f319                sbrk
                0x00000000c000f427                mmap
                0x00000000c000f43d                munmap
                0x00000000c000f453                liballoc_lock()
                0x00000000c000f464                liballoc_unlock()
                0x00000000c000f475                liballoc_alloc(int)
                0x00000000c000f490                liballoc_free(void*, int)
                0x00000000c000f4ae                realloc
                0x00000000c000f4c2                malloc
                0x00000000c000f4d2                free
                0x00000000c000f4e2                rfree
                0x00000000c000f4f2                calloc
 .text          0x00000000c000f51c      0x38d core/main.32
                0x00000000c000f51c                hwTextMode_loadInData(VgaText*)
                0x00000000c000f561                hwTextMode_loadInTitle(VgaText*, char*)
                0x00000000c000f5a3                hwTextMode_showCursor(VgaText*, bool)
                0x00000000c000f5f7                hwTextMode_update(VgaText*)
                0x00000000c000f5f8                hwTextMode_updateCursor(VgaText*)
                0x00000000c000f640                hwTextMode_disableBlink(VgaText*, bool)
                0x00000000c000f67c                hwTextMode_scrollScreen(VgaText*)
                0x00000000c000f702                hwTextMode_writeCharacter(VgaText*, char, VgaColour, VgaColour, int, int)
                0x00000000c000f760                setupTextMode()
                0x00000000c000f7b1                kernel_main
 .text          0x00000000c000f8a9      0x4f3 core/physmgr.32
                0x00000000c000f8a9                Phys::allocateDMA(unsigned long)
                0x00000000c000f94c                Phys::freeDMA(unsigned long, unsigned long)
                0x00000000c000f994                Phys::setPageState(unsigned long, bool)
                0x00000000c000f9c6                Phys::getPageState(unsigned long)
                0x00000000c000f9e2                Phys::freePage(unsigned long)
                0x00000000c000fa6c                Phys::allocatePage()
                0x00000000c000fb34                Phys::allowSegmentToBeUsed(unsigned long, unsigned long)
                0x00000000c000fb6c                Phys::physicalMemorySetup(unsigned int)
 .text          0x00000000c000fd9c      0x273 core/pipe.32
                0x00000000c000fd9c                Pipe::isAtty()
                0x00000000c000fda0                Pipe::~Pipe()
                0x00000000c000fda0                Pipe::~Pipe()
                0x00000000c000fdc4                Pipe::~Pipe()
                0x00000000c000fdec                Pipe::read(unsigned long long, void*, int*)
                0x00000000c000fee0                Pipe::write(unsigned long long, void*, int*)
                0x00000000c000ffa8                Pipe::Pipe(int)
                0x00000000c000ffa8                Pipe::Pipe(int)
 *fill*         0x00000000c001000f        0x1 
 .text          0x00000000c0010010      0xf65 core/terminal.32
                0x00000000c0010010                VgaText::isAtty()
                0x00000000c0010014                VgaText::~VgaText()
                0x00000000c0010014                VgaText::~VgaText()
                0x00000000c0010038                VgaText::~VgaText()
                0x00000000c0010062                VgaText::read(unsigned long long, void*, int*)
                0x00000000c0010082                setTerminalScrollLock(bool)
                0x00000000c0010083                addToTerminalCycle(VgaText*)
                0x00000000c00100b0                installVgaTextImplementation()
                0x00000000c00100c5                scrollTerminalScrollLock(int)
                0x00000000c00100c6                VgaText::load()
                0x00000000c001011a                VgaText::updateCursor()
                0x00000000c0010134                VgaText::showCursor(bool)
                0x00000000c0010144                VgaText::disableBlink(bool)
                0x00000000c001017e                VgaText::doANSI_SGR(int)
                0x00000000c001020a                VgaText::setDefaultBgColour(VgaColour)
                0x00000000c0010220                VgaText::setDefaultFgColour(VgaColour)
                0x00000000c0010236                VgaText::setDefaultColours(VgaColour, VgaColour)
                0x00000000c0010256                VgaText::combineColours(unsigned char, unsigned char)
                0x00000000c0010268                VgaText::scrollScreen()
                0x00000000c00102fc                VgaText::combineCharAndColour(char, unsigned char)
                0x00000000c001030e                VgaText::writeCharacter(char, VgaColour, VgaColour, int, int)
                0x00000000c001036e                VgaText::getCursorX()
                0x00000000c001037a                VgaText::getCursorY()
                0x00000000c0010386                VgaText::setCursor(int, int)
                0x00000000c00103a4                VgaText::setCursorX(int)
                0x00000000c00103c0                VgaText::setCursorY(int)
                0x00000000c00103dc                VgaText::incrementCursor(bool)
                0x00000000c0010444                VgaText::updateRAMUsageDisplay(int)
                0x00000000c001049e                VgaText::updateDiskUsage()
                0x00000000c0010604                VgaText::updateTitle()
                0x00000000c001064a                VgaText::setTitleTextColour(VgaColour)
                0x00000000c001065a                VgaText::setTitleColour(VgaColour)
                0x00000000c001066a                VgaText::setTitle(char*)
                0x00000000c0010690                VgaText::decrementCursor(bool)
                0x00000000c00106b8                VgaText::putchar(char, VgaColour, VgaColour)
                0x00000000c00107b4                VgaText::isShowingCursor()
                0x00000000c00107c0                VgaText::isBlinkDisabled()
                0x00000000c00107ce                VgaText::setCursorHeight(int)
                0x00000000c00107ec                VgaText::getCursorHeight()
                0x00000000c00107f7                setActiveTerminal(VgaText*)
                0x00000000c00108a9                doTerminalCycle()
                0x00000000c00108c6                VgaText::doUpdate()
                0x00000000c00108d8                VgaText::puts(char const*, VgaColour, VgaColour)
                0x00000000c0010a98                VgaText::clearScreen()
                0x00000000c0010afc                VgaText::putchar(char)
                0x00000000c0010c16                VgaText::puts(char const*)
                0x00000000c0010c3c                VgaText::putx(unsigned int)
                0x00000000c0010c82                VgaText::VgaText(char const*)
                0x00000000c0010c82                VgaText::VgaText(char const*)
                0x00000000c0010e14                VgaText::receiveKey(unsigned char)
                0x00000000c0010efc                VgaText::write(unsigned long long, void*, int*)
                0x00000000c0010f50                newTerminal(char*)
 *fill*         0x00000000c0010f75        0x1 
 .text          0x00000000c0010f76      0x1b3 core/tss.32
                0x00000000c0010f76                TSS::TSS()
                0x00000000c0010f76                TSS::TSS()
                0x00000000c0010f84                TSS::setESP(unsigned long)
                0x00000000c0010f96                TSS::flush()
                0x00000000c0010fb6                TSS::setup(unsigned long, unsigned long)
 *fill*         0x00000000c0011129        0x1 
 .text          0x00000000c001112a      0x4c2 core/unixfile.32
                0x00000000c001112a                ReservedFilename::read(unsigned long long, void*, int*)
                0x00000000c0011180                ReservedFilename::isAtty()
                0x00000000c001119c                ReservedFilename::write(unsigned long long, void*, int*)
                0x00000000c00111fa                UnixFile::getFileDescriptor()
                0x00000000c0011202                UnixFile::UnixFile(int)
                0x00000000c0011202                UnixFile::UnixFile(int)
                0x00000000c00113b2                ReservedFilename::ReservedFilename(int)
                0x00000000c00113b2                ReservedFilename::ReservedFilename(int)
                0x00000000c00113e4                UnixFile::~UnixFile()
                0x00000000c00113e4                UnixFile::~UnixFile()
                0x00000000c001147c                UnixFile::~UnixFile()
                0x00000000c00114a4                ReservedFilename::~ReservedFilename()
                0x00000000c00114a4                ReservedFilename::~ReservedFilename()
                0x00000000c00114c8                ReservedFilename::~ReservedFilename()
                0x00000000c00114ef                getFromFileDescriptor(int)
 .text          0x00000000c00115ec      0xee3 core/virtmgr.32
                0x00000000c00115ec                Virt::setPageState(unsigned long, Virt::VirtPageState)
                0x00000000c0011621                Virt::getPageState(unsigned long)
                0x00000000c0011645                Virt::allocateKernelVirtualPages(int)
                0x00000000c0011756                Virt::virtualMemorySetup()
                0x00000000c00117d5                Virt::getAKernelVAS()
                0x00000000c00117db                Virt::setupPageSwapping(int)
                0x00000000c001190a                VAS::VAS()
                0x00000000c001190a                VAS::VAS()
                0x00000000c001193a                VAS::VAS(VAS*)
                0x00000000c001193a                VAS::VAS(VAS*)
                0x00000000c001195e                VAS::getForeignPageTableEntry(bool, unsigned long)
                0x00000000c001198a                VAS::getPageTableEntry(unsigned long)
                0x00000000c00119a9                Virt::freeKernelVirtualPages(unsigned long)
                0x00000000c0011acc                VAS::freeAllocatedPages(unsigned long)
                0x00000000c0011af0                VAS::virtualToPhysical(unsigned long)
                0x00000000c0011b08                VAS::reflagRange(unsigned long, int, int, int)
                0x00000000c0011b48                VAS::setToWriteCombining(unsigned long, int)
                0x00000000c0011b7a                VAS::mapOtherVASIn(bool, VAS*)
                0x00000000c0011ba4                VAS::~VAS()
                0x00000000c0011ba4                VAS::~VAS()
                0x00000000c0011d10                VAS::mapPage(unsigned long, unsigned long, int)
                0x00000000c0011e10                VAS::allocatePages(int, int)
                0x00000000c0011fe8                VAS::setCPUSpecific(unsigned long)
                0x00000000c0012004                VAS::mapRange(unsigned long, unsigned long, int, int)
                0x00000000c00120ca                VAS::mapForeignPage(bool, VAS*, unsigned long, unsigned long, int)
                0x00000000c00121b8                VAS::VAS(bool)
                0x00000000c00121b8                VAS::VAS(bool)
                0x00000000c0012413                mapVASFirstTime
 .text          0x00000000c00124cf       0x95 coreobjs/c++.32
                0x00000000c00124cf                __cxa_atexit
                0x00000000c00124d2                __cxa_finalize
                0x00000000c00124d3                __stack_chk_fail
                0x00000000c001253f                __cxa_pure_virtual
                0x00000000c0012550                operator new[](unsigned long)
                0x00000000c0012555                operator delete(void*, unsigned long)
                0x00000000c001255a                operator delete[](void*)
                0x00000000c001255f                operator delete[](void*, unsigned long)
 .text          0x00000000c0012564      0x1ef dbg/kconsole.32
                0x00000000c0012564                Dbg::stringifyxWithBase(unsigned int, char*, int)
                0x00000000c00125c5                Dbg::logc(char)
                0x00000000c00125dc                Dbg::logs(char*)
                0x00000000c00125f9                Dbg::logWriteInt(unsigned int)
                0x00000000c0012616                Dbg::logWriteIntBase(unsigned int, int)
                0x00000000c0012635                Dbg::kprintf(char const*, ...)
 *fill*         0x00000000c0012753        0x1 
 .text          0x00000000c0012754      0xb7c fs/vfs.32
                0x00000000c0012754                File::read(unsigned long long, void*, int*)
                0x00000000c00127ac                File::write(unsigned long long, void*, int*)
                0x00000000c0012804                Directory::read(unsigned long long, void*, int*)
                0x00000000c001285c                Directory::write(unsigned long long, void*, int*)
                0x00000000c001288a                File::isAtty()
                0x00000000c001288e                Directory::isAtty()
                0x00000000c0012892                Filesystem::getlabel(LogicalDisk*, int, char*, unsigned int*)
                0x00000000c0012898                Filesystem::setlabel(LogicalDisk*, int, char*)
                0x00000000c001289e                File::~File()
                0x00000000c001289e                File::~File()
                0x00000000c00128c2                File::~File()
                0x00000000c00128ec                Directory::~Directory()
                0x00000000c00128ec                Directory::~Directory()
                0x00000000c0012910                Directory::~Directory()
                0x00000000c001293a                Filesystem::Filesystem()
                0x00000000c001293a                Filesystem::Filesystem()
                0x00000000c001295e                Filesystem::~Filesystem()
                0x00000000c001295e                Filesystem::~Filesystem()
                0x00000000c001296c                Filesystem::~Filesystem()
                0x00000000c0012990                initVFS()
                0x00000000c00129ba                standardiseFiles(char*, char const*, char const*)
                0x00000000c0012b64                File::File(char const*, Process*)
                0x00000000c0012b64                File::File(char const*, Process*)
                0x00000000c0012bc8                File::open(FileOpenMode)
                0x00000000c0012c26                File::close()
                0x00000000c0012c86                File::seek(unsigned long long)
                0x00000000c0012cdc                File::tell(unsigned long long*)
                0x00000000c0012d2c                File::rewind()
                0x00000000c0012d40                File::unlink()
                0x00000000c0012d8c                File::rename(char const*)
                0x00000000c0012dda                File::chfatattr(unsigned char, unsigned char)
                0x00000000c0012e36                File::exists()
                0x00000000c0012e74                File::stat(unsigned long long*, bool*)
                0x00000000c0012ed5                getcwd(Process*, char*, int)
                0x00000000c0012eff                setcwd(Process*, char*)
                0x00000000c001303a                Directory::Directory(char const*, Process*)
                0x00000000c001303a                Directory::Directory(char const*, Process*)
                0x00000000c001309e                Directory::open()
                0x00000000c00130fa                Directory::close()
                0x00000000c001315a                Directory::unlink()
                0x00000000c00131a6                Directory::rename(char const*)
                0x00000000c00131f4                Directory::exists()
                0x00000000c0013232                Directory::read(dirent*)
                0x00000000c001327e                Directory::create()
                0x00000000c00132ca                Filesystem::chfatattr(char const*, unsigned char, unsigned char)
 .text          0x00000000c00132d0       0x84 hal/bus.32
                0x00000000c00132d0                Bus::Bus(char const*)
                0x00000000c00132d0                Bus::Bus(char const*)
                0x00000000c0013306                Bus::~Bus()
                0x00000000c0013306                Bus::~Bus()
                0x00000000c001332a                Bus::~Bus()
 .text          0x00000000c0013354      0x14e hal/buzzer.32
                0x00000000c0013354                Buzzer::Buzzer(char const*)
                0x00000000c0013354                Buzzer::Buzzer(char const*)
                0x00000000c0013398                Buzzer::~Buzzer()
                0x00000000c0013398                Buzzer::~Buzzer()
                0x00000000c00133bc                Buzzer::~Buzzer()
                0x00000000c00133e6                Buzzer::stop()
                0x00000000c00133f9                beepThread(void*)
                0x00000000c0013434                Buzzer::beep(int, int, bool)
 .text          0x00000000c00134a2      0x42f hal/clock.32
                0x00000000c00134a2                loadClockSettings()
                0x00000000c00134bc                Clock::Clock(char const*)
                0x00000000c00134bc                Clock::Clock(char const*)
                0x00000000c00134f2                Clock::~Clock()
                0x00000000c00134f2                Clock::~Clock()
                0x00000000c0013516                Clock::~Clock()
                0x00000000c0013540                Clock::timeInSecondsLocal()
                0x00000000c0013588                Clock::setTimeInSecondsLocal(unsigned long long)
                0x00000000c00135e1                datetimeToSeconds(datetime_t)
                0x00000000c0013708                Clock::setTimeInDatetimeLocal(datetime_t)
                0x00000000c0013768                secondsToDatetime(unsigned long long)
                0x00000000c00138ac                Clock::timeInDatetimeLocal()
 *fill*         0x00000000c00138d1        0x1 
 .text          0x00000000c00138d2      0x4de hal/device.32
                0x00000000c00138d2                Device::hibernate()
                0x00000000c00138d4                Device::wake()
                0x00000000c00138d6                Device::detect()
                0x00000000c00138d8                Device::disableLegacy()
                0x00000000c00138da                Device::powerSaving(PowerSavingLevel)
                0x00000000c00138dc                DriverlessDevice::close(int, int, void*)
                0x00000000c00138e0                DriverlessDevice::detect()
                0x00000000c00138e2                DriverlessDevice::open(int, int, void*)
                0x00000000c00138f6                Device::~Device()
                0x00000000c00138f6                Device::~Device()
                0x00000000c0013904                Device::~Device()
                0x00000000c001392c                Device::findAndLoadDriver()
                0x00000000c001392e                Device::preOpenPCI(PCIDeviceInfo)
                0x00000000c0013954                Device::preOpenACPI(void*, char*, char*)
                0x00000000c00139a8                Device::addIRQHandler(int, void (*)(regs*, void*), bool, void*)
                0x00000000c00139e6                Device::removeIRQHandler(int, void (*)(regs*, void*), bool)
                0x00000000c0013a24                Device::addChild(Device*)
                0x00000000c0013a68                Device::removeAllChildren()
                0x00000000c0013aae                Device::hibernateAll()
                0x00000000c0013ade                Device::wakeAll()
                0x00000000c0013b0e                Device::detectAll()
                0x00000000c0013b3e                Device::disableLegacyAll()
                0x00000000c0013b6e                Device::loadDriversForAll()
                0x00000000c0013b9a                Device::closeAll()
                0x00000000c0013bd0                Device::powerSavingAll(PowerSavingLevel)
                0x00000000c0013c06                Device::setName(char const*)
                0x00000000c0013c14                Device::Device(char const*)
                0x00000000c0013c14                Device::Device(char const*)
                0x00000000c0013d10                Device::getName()
                0x00000000c0013d1a                DriverlessDevice::DriverlessDevice(char const*)
                0x00000000c0013d1a                DriverlessDevice::DriverlessDevice(char const*)
                0x00000000c0013d42                Device::addToLinkedList(LinkedList<Device>&, DeviceType)
                0x00000000c0013d86                getDevicesOfType(DeviceType)
 .text          0x00000000c0013db0       0x84 hal/diskctrl.32
                0x00000000c0013db0                HardDiskController::HardDiskController(char const*)
                0x00000000c0013db0                HardDiskController::HardDiskController(char const*)
                0x00000000c0013de6                HardDiskController::~HardDiskController()
                0x00000000c0013de6                HardDiskController::~HardDiskController()
                0x00000000c0013e0a                HardDiskController::~HardDiskController()
 .text          0x00000000c0013e34       0xde hal/diskphys.32
                0x00000000c0013e34                PhysicalDisk::PhysicalDisk(char const*, int)
                0x00000000c0013e34                PhysicalDisk::PhysicalDisk(char const*, int)
                0x00000000c0013e9c                PhysicalDisk::startCache()
                0x00000000c0013ec4                PhysicalDisk::~PhysicalDisk()
                0x00000000c0013ec4                PhysicalDisk::~PhysicalDisk()
                0x00000000c0013ee8                PhysicalDisk::~PhysicalDisk()
 .text          0x00000000c0013f12      0x13b hal/fpu.32
                0x00000000c0013f12                FPU::FPU(char const*)
                0x00000000c0013f12                FPU::FPU(char const*)
                0x00000000c0013f48                FPU::~FPU()
                0x00000000c0013f48                FPU::~FPU()
                0x00000000c0013f6c                FPU::~FPU()
                0x00000000c0013f96                setupFPU()
 *fill*         0x00000000c001404d        0x1 
 .text          0x00000000c001404e     0x12b1 hal/intctrl.32
                0x00000000c001404e                InterruptController::uninstallISRHandler(int, void (*)(regs*, void*))
                0x00000000c0014086                InterruptController::installISRHandler(int, void (*)(regs*, void*), void*)
                0x00000000c00140d8                doubleFault(regs*, void*)
                0x00000000c00140f2                InterruptController::installIRQHandler(int, void (*)(regs*, void*), bool, void*)
                0x00000000c001418e                InterruptController::clearAllHandlers(int, bool)
                0x00000000c0014236                InterruptController::uninstallIRQHandler(int, void (*)(regs*, void*), bool)
                0x00000000c00142bd                nmiHandler(regs*, void*)
                0x00000000c00142cb                int_handler
                0x00000000c001436c                InterruptController::InterruptController(char const*)
                0x00000000c001436c                InterruptController::InterruptController(char const*)
                0x00000000c0014412                InterruptController::~InterruptController()
                0x00000000c0014412                InterruptController::~InterruptController()
                0x00000000c0014436                InterruptController::~InterruptController()
                0x00000000c0014460                displayDebugInfo(regs*)
                0x00000000c0014865                x87EmulHandler(regs*, void*)
                0x00000000c0014894                gpFault(regs*, void*)
                0x00000000c00148cd                pgFault(regs*, void*)
                0x00000000c00148e4                otherISRHandler(regs*, void*)
                0x00000000c0014903                opcodeFault(regs*, void*)
                0x00000000c0014ec2                displayProgramFault(char const*)
                0x00000000c0014eea                setupInterruptController()
                0x00000000c00152b2                InterruptController::convertLegacyIRQNumber(int)
 *fill*         0x00000000c00152ff        0x1 
 .text          0x00000000c0015300      0x620 hal/keybrd.32
                0x00000000c0015300                startGUI(void*)
                0x00000000c0015372                sendKeyToTerminal(unsigned char)
                0x00000000c00153de                sendKeyboardToken(KeyboardToken)
                0x00000000c00157b9                clearInternalKeybuffer(VgaText*)
                0x00000000c00157ee                readKeyboard(VgaText*, char*, unsigned long)
                0x00000000c0015896                Keyboard::Keyboard(char const*)
                0x00000000c0015896                Keyboard::Keyboard(char const*)
                0x00000000c00158d2                Keyboard::~Keyboard()
                0x00000000c00158d2                Keyboard::~Keyboard()
                0x00000000c00158f6                Keyboard::~Keyboard()
 .text          0x00000000c0015920      0x400 hal/logidisk.32
                0x00000000c0015920                LogicalDisk::close(int, int, void*)
                0x00000000c0015924                LogicalDisk::~LogicalDisk()
                0x00000000c0015924                LogicalDisk::~LogicalDisk()
                0x00000000c0015948                LogicalDisk::~LogicalDisk()
                0x00000000c0015972                LogicalDisk::open(int, int, void*)
                0x00000000c0015986                LogicalDisk::absoluteToRelative(unsigned long long)
                0x00000000c00159be                LogicalDisk::relativeToAbsolute(unsigned long long)
                0x00000000c0015a04                LogicalDisk::LogicalDisk(char const*, PhysicalDisk*, unsigned long long, unsigned long long)
                0x00000000c0015a04                LogicalDisk::LogicalDisk(char const*, PhysicalDisk*, unsigned long long, unsigned long long)
                0x00000000c0015aba                LogicalDisk::assignDriveLetter()
                0x00000000c0015b70                LogicalDisk::mount()
                0x00000000c0015be2                LogicalDisk::unmount()
                0x00000000c0015bf2                LogicalDisk::unassignDriveLetter()
                0x00000000c0015c48                LogicalDisk::read(unsigned long long, int, void*)
                0x00000000c0015cb4                LogicalDisk::write(unsigned long long, int, void*)
 .text          0x00000000c0015d20       0x84 hal/mouse.32
                0x00000000c0015d20                Mouse::Mouse(char const*)
                0x00000000c0015d20                Mouse::Mouse(char const*)
                0x00000000c0015d56                Mouse::~Mouse()
                0x00000000c0015d56                Mouse::~Mouse()
                0x00000000c0015d7a                Mouse::~Mouse()
 .text          0x00000000c0015da4      0x339 hal/partition.32
                0x00000000c0015da4                makePartition(PhysicalDisk*, unsigned long long, unsigned long long)
                0x00000000c0015e4c                createPartitionsForDisk(PhysicalDisk*)
 *fill*         0x00000000c00160dd        0x1 
 .text          0x00000000c00160de      0x2b8 hal/timer.32
                0x00000000c00160de                Timer::Timer(char const*)
                0x00000000c00160de                Timer::Timer(char const*)
                0x00000000c0016114                Timer::~Timer()
                0x00000000c0016114                Timer::~Timer()
                0x00000000c0016138                Timer::~Timer()
                0x00000000c0016162                Timer::read()
                0x00000000c001616d                timerHandler(unsigned long long)
                0x00000000c00162a4                setupTimer(int)
 .text          0x00000000c0016396      0x2db hal/vcache.32
                0x00000000c0016396                VCache::VCache(PhysicalDisk*)
                0x00000000c0016396                VCache::VCache(PhysicalDisk*)
                0x00000000c0016490                VCache::writeWriteBuffer()
                0x00000000c00164cc                VCache::~VCache()
                0x00000000c00164cc                VCache::~VCache()
                0x00000000c001650c                VCache::~VCache()
                0x00000000c0016534                VCache::write(unsigned long long, int, void*)
                0x00000000c0016618                VCache::read(unsigned long long, int, void*)
 *fill*         0x00000000c0016671        0x1 
 .text          0x00000000c0016672      0x26d hal/video.32
                0x00000000c0016672                Video::putrect(int, int, int, int, unsigned int)
                0x00000000c00166bc                Video::blit(unsigned int*, int, int, int, int)
                0x00000000c001673a                Video::clearScreen(unsigned int)
                0x00000000c001676e                Video::putpixel(int, int, unsigned int)
                0x00000000c001677c                Video::Video(char const*)
                0x00000000c001677c                Video::Video(char const*)
                0x00000000c00167b2                Video::~Video()
                0x00000000c00167b2                Video::~Video()
                0x00000000c00167d6                Video::~Video()
                0x00000000c0016800                Video::isMonochrome()
                0x00000000c001680c                Video::getWidth()
                0x00000000c0016818                Video::getHeight()
                0x00000000c0016824                Video::drawCursor(int, int, unsigned char*, int)
 *fill*         0x00000000c00168df        0x1 
 .text          0x00000000c00168e0      0xe04 hw/acpi.32
                0x00000000c00168e0                ACPI::close(int, int, void*)
                0x00000000c0016995                findRSDP()
                0x00000000c0016a1f                loadACPITables(unsigned char*)
                0x00000000c0016c46                findRSDT(unsigned char*)
                0x00000000c0016d64                findDataTable(unsigned char*, char*)
                0x00000000c0016e00                scanMADT()
                0x00000000c0017286                ACPI::ACPI()
                0x00000000c0017286                ACPI::ACPI()
                0x00000000c00172e6                ACPI::getPCIIRQAssignment(unsigned char, unsigned short, unsigned char)
                0x00000000c00173c8                ACPI::registerPCIIRQAssignment(void*, unsigned short, unsigned char, unsigned char)
                0x00000000c00174ce                ACPI::setScreenBrightnessLevel(void*, int)
                0x00000000c00174d4                ACPI::writeSimpleBootFlag(SimpleBootFlagTable*)
                0x00000000c001751c                ACPI::open(int, int, void*)
                0x00000000c00176cc                ACPI::sleep()
 .text          0x00000000c00176e4     0x1715 hw/cpu.32
                0x00000000c00176e4                CPU::close(int, int, void*)
                0x00000000c00176e8                CPU::lookupAMDName(unsigned char, unsigned char)
                0x00000000c001787c                CPU::lookupIntelName(unsigned char, unsigned char)
                0x00000000c0017b2a                CPU::AMD_K6_write_msr(unsigned int, unsigned int, unsigned int, CPU::REGS*)
                0x00000000c0017b46                CPU::AMD_K6_read_msr(unsigned int, CPU::REGS*)
                0x00000000c0017b5e                CPU::AMD_K6_writeback(int, int, int)
                0x00000000c0017bd2                CPU::cpuid(int, unsigned long*, unsigned long*, unsigned long*, unsigned long*)
                0x00000000c0017c56                CPU::cpuidCheckEDX(unsigned int)
                0x00000000c0017c84                CPU::cpuidCheckECX(unsigned int)
                0x00000000c0017cb2                CPU::cpuidCheckExtendedEBX(unsigned int)
                0x00000000c0017ce0                CPU::cpuidCheckExtendedECX(unsigned int)
                0x00000000c0017d0e                CPU::CPU()
                0x00000000c0017d0e                CPU::CPU()
                0x00000000c0017d9c                CPU::displayFeatures()
                0x00000000c0018018                CPU::detectFeatures()
                0x00000000c0018a08                CPU::setupSMEP()
                0x00000000c0018a14                CPU::setupUMIP()
                0x00000000c0018a1e                CPU::setupTSC()
                0x00000000c0018a28                CPU::setupLargePages()
                0x00000000c0018a32                CPU::setupPAT()
                0x00000000c0018a6e                CPU::setupMTRR()
                0x00000000c0018a70                CPU::setupGlobalPages()
                0x00000000c0018a7a                CPU::allowUsermodeDataAccess()
                0x00000000c0018a8c                CPU::prohibitUsermodeDataAccess()
                0x00000000c0018a9e                CPU::setupSMAP()
                0x00000000c0018aac                CPU::setupFeatures()
                0x00000000c0018b2c                CPU::open(int, int, void*)
                0x00000000c0018bfe                CPU::decodeAddress(regs*, int*, bool*, unsigned char*)
 .text          0x00000000c0018df9        0x0 hw/ports.32
 .text          0x00000000c0018df9      0x32c krnl/panic.32
                0x00000000c0018df9                Krnl::panic(char const*)
 .text          0x00000000c0019125      0x4f9 reg/registry.32
                0x00000000c0019125                Reg::findLineFromLoadedData(char*, char*, char*)
                0x00000000c001927d                Reg::getLineFromRegistry(char*, char*, char*, char*)
                0x00000000c00193d2                Reg::getLine(char*, char*, char*)
                0x00000000c0019409                Reg::readInt(char*, char*, int*)
                0x00000000c00194f4                Reg::readString(char*, char*, char*, int)
                0x00000000c0019575                Reg::readBool(char*, char*, bool*)
                0x00000000c001959a                Reg::readBoolWithDefault(char*, char*, bool)
                0x00000000c00195c6                Reg::readIntWithDefault(char*, char*, int)
                0x00000000c00195f2                Reg::readStringWithDefault(char*, char*, char*, int, char*)
 .text          0x00000000c001961e       0x18 sys/sc_exit.32
                0x00000000c001961e                Sys::exit(regs*)
 .text          0x00000000c0019636       0xa8 sys/sc_loaddll.32
                0x00000000c0019636                Sys::loadDLL(regs*)
 .text          0x00000000c00196de       0x68 sys/sc_read.32
                0x00000000c00196de                Sys::read(regs*)
 .text          0x00000000c0019746       0x55 sys/sc_sbrk.32
                0x00000000c0019746                Sys::sbrk(regs*)
 .text          0x00000000c001979b       0x68 sys/sc_write.32
                0x00000000c001979b                Sys::write(regs*)
 .text          0x00000000c0019803       0x1a sys/sc_yield.32
                0x00000000c0019803                Sys::yield(regs*)
 .text          0x00000000c001981d      0xff6 sys/syscalls.32
                0x00000000c001981d                sysCallGetPID(regs*)
                0x00000000c0019829                sysCallSeekDir(regs*)
                0x00000000c001982e                sysCallTellDir(regs*)
                0x00000000c0019833                sysCallVerify(regs*)
                0x00000000c001983d                sysCallGetArgc(regs*)
                0x00000000c001984d                sysFormatDisk(regs*)
                0x00000000c00198b7                sysSetDiskVolumeLabel(regs*)
                0x00000000c00198fd                sysGetDiskVolumeLabel(regs*)
                0x00000000c001994e                sysShutdown(regs*)
                0x00000000c00199ac                sysCallGetCwd(regs*)
                0x00000000c00199cb                sysCallSetCwd(regs*)
                0x00000000c00199e7                sysCallRealpath(regs*)
                0x00000000c0019a2a                sysCallReadDir(regs*)
                0x00000000c0019ab8                sysCallIsATTY(regs*)
                0x00000000c0019b12                sysCallSeek(regs*)
                0x00000000c0019b7b                sysCallTell(regs*)
                0x00000000c0019bf8                sysCallSize(regs*)
                0x00000000c0019c7b                sysCallSizeFromFilename(regs*)
                0x00000000c0019d3b                sysCallClose(regs*)
                0x00000000c0019dc3                sysCallOpenDir(regs*)
                0x00000000c0019e38                sysCallCloseDir(regs*)
                0x00000000c0019e9e                sysCallMakeDir(regs*)
                0x00000000c0019f0e                sysCallWait(regs*)
                0x00000000c0019f28                sysCallNotImpl(regs*)
                0x00000000c0019f43                sysPanic(regs*)
                0x00000000c0019f69                sysCallRmdir(regs*)
                0x00000000c0019fcd                sysCallUnlink(regs*)
                0x00000000c001a031                sysCallGetArgv(regs*)
                0x00000000c001a07d                sysCallTTYName(regs*)
                0x00000000c001a100                sysCallGetEnv(regs*)
                0x00000000c001a152                sysCallUSleep(regs*)
                0x00000000c001a179                sysCallSpawn(regs*)
                0x00000000c001a1d1                sysAppSettings(regs*)
                0x00000000c001a2f0                sysSetFatAttrib(regs*)
                0x00000000c001a362                sysPipe(regs*)
                0x00000000c001a3a7                sysGetUnixTime(regs*)
                0x00000000c001a3bb                string_ends_with(char const*, char const*)
                0x00000000c001a403                sysCallOpen(regs*)
                0x00000000c001a618                setupSystemCalls()
                0x00000000c001a7d1                systemCall(regs*, void*)
 .text          0x00000000c001a813     0x11ee thr/elf.32
                0x00000000c001a813                Thr::allocateMemoryForTask(Process*, File*, unsigned long, unsigned long, unsigned long)
                0x00000000c001aa90                Thr::loadProgramIntoMemory(Process*, char const*)
                0x00000000c001aca6                Thr::runtimeReferenceHelper()
                0x00000000c001acb9                Thr::getAddressOfKernelSymbol(char const*)
                0x00000000c001ad08                Thr::loadKernelSymbolTable(char const*)
                0x00000000c001afc4                Thr::loadDriverIntoMemory(char const*, unsigned long, bool)
                0x00000000c001b745                Thr::getDriverBaseFromAddress(unsigned long)
                0x00000000c001b777                Thr::getDriverNameFromAddress(unsigned long)
                0x00000000c001b7ae                Thr::getDriverOffsetFromAddress(unsigned long)
                0x00000000c001b7c8                Thr::loadDLL(char const*, bool)
                0x00000000c001b9d7                Thr::executeDLL(unsigned long, void*)
 *fill*         0x00000000c001ba01        0x1 
 .text          0x00000000c001ba02      0xff8 thr/prcssthr.32
                0x00000000c001ba02                changeTSS
                0x00000000c001ba32                Process::addArgs(char**)
                0x00000000c001ba8c                Process::Process(char const*, Process*, char**)
                0x00000000c001ba8c                Process::Process(char const*, Process*, char**)
                0x00000000c001bc54                Process::Process(bool, char const*, Process*, char**)
                0x00000000c001bc54                Process::Process(bool, char const*, Process*, char**)
                0x00000000c001bde8                disableIRQs()
                0x00000000c001bdf0                getIRQNestingLevel()
                0x00000000c001bdf6                enableIRQs()
                0x00000000c001be05                lockScheduler()
                0x00000000c001be07                unlockScheduler()
                0x00000000c001be09                userModeEntryPoint(void*)
                0x00000000c001be2c                lockStuff()
                0x00000000c001be38                taskStartupFunction
                0x00000000c001be41                updateTimeUsed()
                0x00000000c001bea6                switchToThread(ThreadControlBlock*)
                0x00000000c001bef6                Semaphore::Semaphore(int)
                0x00000000c001bef6                Semaphore::Semaphore(int)
                0x00000000c001bf24                Mutex::Mutex()
                0x00000000c001bf24                Mutex::Mutex()
                0x00000000c001bf36                Process::createThread(void (*)(void*), void*, int)
                0x00000000c001c01a                Process::createUserThread()
                0x00000000c001c036                setupMultitasking(void (*)())
                0x00000000c001c140                schedule()
                0x00000000c001c1c5                unlockStuff()
                0x00000000c001c1fa                Semaphore::tryAcquire()
                0x00000000c001c228                Semaphore::assertLocked(char const*)
                0x00000000c001c258                blockTaskWithSchedulerLockAlreadyHeld(TaskState)
                0x00000000c001c29a                blockTask(TaskState)
                0x00000000c001c2bb                waitTask(int, int*, int)
                0x00000000c001c2fd                nanoSleepUntil(unsigned long long)
                0x00000000c001c354                nanoSleep(unsigned long long)
                0x00000000c001c369                sleep(unsigned long long)
                0x00000000c001c386                Semaphore::acquire()
                0x00000000c001c3ee                taskReturned
                0x00000000c001c41c                unblockTask(ThreadControlBlock*)
                0x00000000c001c4cb                cleanupTerminatedTask(ThreadControlBlock*)
                0x00000000c001c76f                cleanerTaskFunction(void*)
                0x00000000c001c822                terminateTask(int)
                0x00000000c001c902                Thr::terminateFromIRQ(int)
                0x00000000c001c90e                Semaphore::release()
 .text          0x00000000c001c9fa      0x9c7 vm86/vm8086.32
                0x00000000c001c9fa                Vm::inbv(unsigned short)
                0x00000000c001ca00                Vm::outbv(unsigned short, unsigned char)
                0x00000000c001ca0a                Vm::vm8086EntryPoint(void*)
                0x00000000c001ca35                Vm::mainVm8086Loop(void*)
                0x00000000c001ca8b                Vm::realToLinear(unsigned short, unsigned short)
                0x00000000c001ca9b                Vm::getSegment(unsigned int)
                0x00000000c001caa3                Vm::getOffset(unsigned int)
                0x00000000c001caa8                Vm::initialise8086()
                0x00000000c001caeb                Vm::finish8086()
                0x00000000c001cb20                Vm::start8086(char const*, unsigned short, unsigned short, unsigned short, unsigned short)
                0x00000000c001cc89                Vm::doISR(regs*, int, unsigned char*, unsigned short, unsigned short)
                0x00000000c001cd13                Vm::readByteFromReal(unsigned short, unsigned short)
                0x00000000c001cd24                Vm::readWordFromReal(unsigned short, unsigned short)
                0x00000000c001cd36                Vm::readDwordFromReal(unsigned short, unsigned short)
                0x00000000c001cd47                Vm::writeByteFromReal(unsigned short, unsigned short, unsigned char)
                0x00000000c001cd5c                Vm::writeWordFromReal(unsigned short, unsigned short, unsigned short)
                0x00000000c001cd72                Vm::writeDwordFromReal(unsigned short, unsigned short, unsigned int)
                0x00000000c001cd87                Vm::faultHandler(regs*)
 .text          0x00000000c001d3c1      0xefd vm86/x87em.32
                0x00000000c001d3c1                Vm::fpuInternalTo32(unsigned long long)
                0x00000000c001d41c                Vm::fpuInternalTo64(unsigned long long)
                0x00000000c001d425                Vm::fpu32ToInternal(unsigned int)
                0x00000000c001d46a                Vm::fpu64ToInternal(unsigned long long)
                0x00000000c001d473                Vm::fpuFloatToLong(unsigned long long)
                0x00000000c001d4ce                Vm::fpuULongToFloat(unsigned long long)
                0x00000000c001d504                Vm::fpuLongToFloat(long long)
                0x00000000c001d55a                Vm::fpuGet0()
                0x00000000c001d55f                Vm::fpuGet1()
                0x00000000c001d567                Vm::fpuGetPi()
                0x00000000c001d56f                Vm::fpuGetLog2E()
                0x00000000c001d587                Vm::fpuGetLogE2()
                0x00000000c001d59f                Vm::fpuGetLog210()
                0x00000000c001d5b7                Vm::fpuGetLog102()
                0x00000000c001d5cf                Vm::fpuIsSecondLarger(unsigned long long, unsigned long long)
                0x00000000c001d5e3                Vm::fpuAreEqual(unsigned long long, unsigned long long)
                0x00000000c001d5f9                Vm::fpuUnorderedCompare(unsigned long long, unsigned long long)
                0x00000000c001d64c                Vm::fpuAdd(unsigned long long, unsigned long long)
                0x00000000c001d65d                Vm::fpuAbs(unsigned long long)
                0x00000000c001d666                Vm::fpuChs(unsigned long long)
                0x00000000c001d676                Vm::fpuSub(unsigned long long, unsigned long long)
                0x00000000c001d685                Vm::fpuMultiply(unsigned long long, unsigned long long)
                0x00000000c001d6a4                Vm::fpuDivide(unsigned long long, unsigned long long)
                0x00000000c001d6c0                Vm::fpuSquare(unsigned long long)
                0x00000000c001d6d6                Vm::fpuGetReg(int)
                0x00000000c001d719                Vm::fpuSetReg(int, unsigned long long)
                0x00000000c001d764                Vm::fpuPush(unsigned long long)
                0x00000000c001d7c1                Vm::fpuPop()
                0x00000000c001d813                Vm::x87Handler(regs*)
 .text          0x00000000c001e2be     0x10ed fs/fat/vfslink.32
                0x00000000c001e2be                FAT::getName()
                0x00000000c001e2c4                FAT::tell(void*, unsigned long long*)
                0x00000000c001e2f8                FAT::stat(void*, unsigned long long*)
                0x00000000c001e32c                FAT::~FAT()
                0x00000000c001e32c                FAT::~FAT()
                0x00000000c001e350                FAT::~FAT()
                0x00000000c001e378                FAT::getlabel(LogicalDisk*, int, char*, unsigned int*)
                0x00000000c001e416                FAT::setlabel(LogicalDisk*, int, char*)
                0x00000000c001e4d0                FAT::format(LogicalDisk*, int, char const*, int)
                0x00000000c001e6b4                FAT::tryMount(LogicalDisk*, int)
                0x00000000c001e8ba                FAT::readDir(void*, unsigned long, void*, int*)
                0x00000000c001e9c0                FAT::read(void*, unsigned long, void*, int*)
                0x00000000c001ea1a                FAT::write(void*, unsigned long, void*, int*)
                0x00000000c001ea74                FAT::close(void*)
                0x00000000c001eac0                FAT::closeDir(void*)
                0x00000000c001eb0c                FAT::seek(void*, unsigned long long)
                0x00000000c001eb60                fatWrapperReadDisk
                0x00000000c001eba7                fatWrapperWriteDisk
                0x00000000c001ebee                fatWrapperIoctl
                0x00000000c001ecf2                FAT::FAT()
                0x00000000c001ecf2                FAT::FAT()
                0x00000000c001ed44                FAT::fixFilepath(char*)
                0x00000000c001ed7c                FAT::open(char const*, void**, FileOpenMode)
                0x00000000c001eea4                FAT::openDir(char const*, void**)
                0x00000000c001ef4a                FAT::stat(char const*, unsigned long long*, bool*)
                0x00000000c001f034                FAT::unlink(char const*)
                0x00000000c001f0ae                FAT::chfatattr(char const*, unsigned char, unsigned char)
                0x00000000c001f202                FAT::rename(char const*, char const*)
                0x00000000c001f2c6                FAT::mkdir(char const*)
                0x00000000c001f340                FAT::exists(char const*)
 *fill*         0x00000000c001f3ab        0x1 
 .text          0x00000000c001f3ac      0xbdf fs/iso9660/vfslink.32
                0x00000000c001f3ac                ISO9660::format(LogicalDisk*, int, char const*, int)
                0x00000000c001f3b2                ISO9660::seek(void*, unsigned long long)
                0x00000000c001f3e2                ISO9660::tell(void*, unsigned long long*)
                0x00000000c001f406                ISO9660::getName()
                0x00000000c001f40c                ISO9660::stat(void*, unsigned long long*)
                0x00000000c001f430                ISO9660::chfatattr(char const*, unsigned char, unsigned char)
                0x00000000c001f436                ISO9660::unlink(char const*)
                0x00000000c001f43c                ISO9660::write(void*, unsigned long, void*, int*)
                0x00000000c001f442                ISO9660::rename(char const*, char const*)
                0x00000000c001f448                ISO9660::mkdir(char const*)
                0x00000000c001f44e                ISO9660::close(void*)
                0x00000000c001f470                ISO9660::closeDir(void*)
                0x00000000c001f492                ISO9660::~ISO9660()
                0x00000000c001f492                ISO9660::~ISO9660()
                0x00000000c001f4b6                ISO9660::~ISO9660()
                0x00000000c001f4dd                __memmem(unsigned char*, int, unsigned char*, int)
                0x00000000c001f51f                readSectorFromCDROM(unsigned int, unsigned char*, char)
                0x00000000c001f586                ISO9660::tryMount(LogicalDisk*, int)
                0x00000000c001f5d6                ISO9660::read(void*, unsigned long, void*, int*)
                0x00000000c001f81a                ISO9660::readDir(void*, unsigned long, void*, int*)
                0x00000000c001faa7                readRoot(unsigned int*, unsigned int*, char)
                0x00000000c001fafc                readRecursively(char*, unsigned int, unsigned int, unsigned int*, unsigned int*, char, int*)
                0x00000000c001fccf                getFileData(char*, unsigned int*, unsigned int*, char, int*)
                0x00000000c001fd5e                ISO9660::open(char const*, void**, FileOpenMode)
                0x00000000c001fdf8                ISO9660::exists(char const*)
                0x00000000c001fe1c                ISO9660::stat(char const*, unsigned long long*, bool*)
                0x00000000c001feb0                ISO9660::openDir(char const*, void**)
                0x00000000c001ff68                ISO9660::ISO9660()
                0x00000000c001ff68                ISO9660::ISO9660()
 *fill*         0x00000000c001ff8b        0x1 
 .text          0x00000000c001ff8c      0x326 hal/sound/sndchannel.32
                0x00000000c001ff8c                SoundChannel::~SoundChannel()
                0x00000000c001ff8c                SoundChannel::~SoundChannel()
                0x00000000c001ffa8                SoundChannel::setSpeed(float)
                0x00000000c001ffb4                SoundChannel::getSpeed()
                0x00000000c001ffbc                SoundChannel::setVolume(int)
                0x00000000c001ffd8                SoundChannel::getVolume()
                0x00000000c001ffe0                SoundChannel::pause()
                0x00000000c001ffea                SoundChannel::SoundChannel(int, int, int, int)
                0x00000000c001ffea                SoundChannel::SoundChannel(int, int, int, int)
                0x00000000c0020140                SoundChannel::play()
                0x00000000c002014a                SoundChannel::paused()
                0x00000000c0020152                SoundChannel::getSampleRate()
                0x00000000c002015a                SoundChannel::getBits()
                0x00000000c0020162                SoundChannel::getBufferUsed()
                0x00000000c002016a                SoundChannel::getBufferSize()
                0x00000000c0020172                SoundChannel::unbuffer(float*, int, int)
                0x00000000c0020212                SoundChannel::buffer8(unsigned char*, int)
 .text          0x00000000c00202b2      0x3d5 hal/sound/sndhw.32
                0x00000000c00202b2                SoundDevice::SoundDevice(char const*)
                0x00000000c00202b2                SoundDevice::SoundDevice(char const*)
                0x00000000c002031e                SoundDevice::~SoundDevice()
                0x00000000c002031e                SoundDevice::~SoundDevice()
                0x00000000c0020398                SoundDevice::~SoundDevice()
                0x00000000c00203c2                SoundDevice::getFreeChannelNum()
                0x00000000c00203dc                SoundDevice::addChannel(SoundChannel*)
                0x00000000c002044c                SoundDevice::removeChannel(int)
                0x00000000c002047e                SoundDevice::floatTo8(float*, unsigned char*, int)
                0x00000000c0020566                SoundDevice::getAudio(int, float*, float*)
 .text          0x00000000c0020687        0x0 hw/bus/isa.32
 *fill*         0x00000000c0020687        0x1 
 .text          0x00000000c0020688      0x6c1 hw/bus/pci.32
                0x00000000c0020688                PCI::open(int, int, void*)
                0x00000000c002069c                PCI::close(int, int, void*)
                0x00000000c00206a0                PCI::PCI()
                0x00000000c00206a0                PCI::PCI()
                0x00000000c0020720                PCI::pciReadWord(unsigned char, unsigned char, unsigned char, unsigned char)
                0x00000000c0020768                PCI::getVendorID(unsigned char, unsigned char, unsigned char)
                0x00000000c002078a                PCI::getHeaderType(unsigned char, unsigned char, unsigned char)
                0x00000000c00207ae                PCI::getClassCode(unsigned char, unsigned char, unsigned char)
                0x00000000c00207f2                PCI::getProgIF(unsigned char, unsigned char, unsigned char)
                0x00000000c0020816                PCI::getRevisionID(unsigned char, unsigned char, unsigned char)
                0x00000000c0020838                PCI::getInterruptNumber(unsigned char, unsigned char, unsigned char)
                0x00000000c002085a                PCI::getSecondaryBus(unsigned char, unsigned char, unsigned char)
                0x00000000c002087e                PCI::getBARAddress(unsigned char, unsigned char, unsigned char, unsigned char)
                0x00000000c00208de                PCI::pciWriteWord(unsigned char, unsigned char, unsigned char, unsigned char, unsigned short)
                0x00000000c002094a                PCI::checkBus(unsigned char)
                0x00000000c002096e                PCI::foundDevice(PCIDeviceInfo)
                0x00000000c0020ade                PCI::getDeviceData(unsigned char, unsigned char, unsigned char)
                0x00000000c0020c8a                PCI::checkDevice(unsigned char, unsigned char)
                0x00000000c0020cf6                PCI::detect()
 *fill*         0x00000000c0020d49        0x1 
 .text          0x00000000c0020d4a      0xc70 hw/diskctrl/ide.32
                0x00000000c0020d4a                IDE::close(int, int, void*)
                0x00000000c0020d4e                IDE::IDE()
                0x00000000c0020d4e                IDE::IDE()
                0x00000000c0020d82                IDE::prepareInterrupt(unsigned char)
                0x00000000c0020d94                selectDrive(unsigned char, unsigned char)
                0x00000000c0020d96                IDE::getBase(unsigned char)
                0x00000000c0020da8                IDE::write(unsigned char, unsigned char, unsigned char)
                0x00000000c0020e68                IDE::read(unsigned char, unsigned char)
                0x00000000c0020f16                IDE::waitInterrupt(unsigned char)
                0x00000000c0020f7c                ideChannel0IRQHandler(regs*, void*)
                0x00000000c0020f98                ideChannel1IRQHandler(regs*, void*)
                0x00000000c0020fb4                IDE::enableIRQs(unsigned char, bool)
                0x00000000c0020ffa                IDE::open(int, int, void*)
                0x00000000c002140a                IDE::readBuffer(unsigned char, unsigned char, unsigned int, unsigned int)
                0x00000000c00214d6                IDE::detect()
                0x00000000c00217be                IDE::printError(unsigned char, unsigned char, unsigned char)
                0x00000000c0021954                IDE::polling(unsigned char, unsigned int)
 .text          0x00000000c00219ba      0x62b hw/diskphys/ata.32
                0x00000000c00219ba                ATA::close(int, int, void*)
                0x00000000c00219de                ATA::powerSaving(PowerSavingLevel)
                0x00000000c00219e0                ATA::ATA()
                0x00000000c00219e0                ATA::ATA()
                0x00000000c0021a0e                ATA::flush(bool)
                0x00000000c0021a58                ATA::readyForCommand()
                0x00000000c0021aa8                ATA::access(unsigned long long, int, void*, bool)
                0x00000000c0021e26                ATA::read(unsigned long long, int, void*)
                0x00000000c0021e8e                ATA::write(unsigned long long, int, void*)
                0x00000000c0021ef6                ATA::detectCHS()
                0x00000000c0021f20                ATA::open(int, int, void*)
 *fill*         0x00000000c0021fe5        0x1 
 .text          0x00000000c0021fe6      0x5b3 hw/diskphys/atapi.32
                0x00000000c0021fe6                ATAPI::write(unsigned long long, int, void*)
                0x00000000c0021fec                ATAPI::close(int, int, void*)
                0x00000000c0022010                ATAPI::ATAPI()
                0x00000000c0022010                ATAPI::ATAPI()
                0x00000000c002203e                ATAPI::readyForCommand()
                0x00000000c002208e                ATAPI::sendPacket(unsigned char*, int, bool, unsigned short*, int)
                0x00000000c002234e                ATAPI::diskRemoved()
                0x00000000c002236a                ATAPI::eject()
                0x00000000c00223b0                ATAPI::diskInserted()
                0x00000000c00223de                ATAPI::detectMedia()
                0x00000000c002249a                ATAPI::open(int, int, void*)
                0x00000000c002251a                ATAPI::read(unsigned long long, int, void*)
 *fill*         0x00000000c0022599        0x1 
 .text          0x00000000c002259a       0x8e hw/fpu/avx.32
                0x00000000c002259a                AVX::open(int, int, void*)
                0x00000000c00225ac                AVX::close(int, int, void*)
                0x00000000c00225be                AVX::available()
                0x00000000c00225d0                AVX::save(void*)
                0x00000000c00225e8                AVX::load(void*)
                0x00000000c0022600                AVX::AVX()
                0x00000000c0022600                AVX::AVX()
 .text          0x00000000c0022628       0x90 hw/fpu/mmx.32
                0x00000000c0022628                MMX::available()
                0x00000000c002263c                MMX::open(int, int, void*)
                0x00000000c002264e                MMX::close(int, int, void*)
                0x00000000c0022660                MMX::save(void*)
                0x00000000c0022678                MMX::load(void*)
                0x00000000c0022690                MMX::MMX()
                0x00000000c0022690                MMX::MMX()
 .text          0x00000000c00226b8       0x96 hw/fpu/sse.32
                0x00000000c00226b8                SSE::open(int, int, void*)
                0x00000000c00226ca                SSE::close(int, int, void*)
                0x00000000c00226dc                SSE::available()
                0x00000000c00226f6                SSE::save(void*)
                0x00000000c002270e                SSE::load(void*)
                0x00000000c0022726                SSE::SSE()
                0x00000000c0022726                SSE::SSE()
 .text          0x00000000c002274e       0x8e hw/fpu/x87.32
                0x00000000c002274e                x87::open(int, int, void*)
                0x00000000c0022760                x87::close(int, int, void*)
                0x00000000c0022772                x87::available()
                0x00000000c0022784                x87::save(void*)
                0x00000000c002279c                x87::load(void*)
                0x00000000c00227b4                x87::x87()
                0x00000000c00227b4                x87::x87()
 .text          0x00000000c00227dc      0x71e hw/intctrl/apic.32
                0x00000000c00227dc                APIC::disable()
                0x00000000c00227de                APIC::close(int, int, void*)
                0x00000000c0022800                IOAPIC::close(int, int, void*)
                0x00000000c0022806                APIC::io_wait()
                0x00000000c002280c                APIC::getBase()
                0x00000000c002284e                APIC::eoi(unsigned char)
                0x00000000c002287c                APIC::open(int, int, void*)
                0x00000000c00229ca                IOAPIC::IOAPIC()
                0x00000000c00229ca                IOAPIC::IOAPIC()
                0x00000000c00229f2                APIC::APIC()
                0x00000000c00229f2                APIC::APIC()
                0x00000000c0022ace                IOAPIC::handlesGSIWithNumber(unsigned int)
                0x00000000c0022b00                IOAPIC::read(int)
                0x00000000c0022b28                IOAPIC::open(int, int, void*)
                0x00000000c0022c1e                IOAPIC::write(int, int)
                0x00000000c0022c4a                IOAPIC::redirect(unsigned char, unsigned long long, unsigned char, bool, bool)
                0x00000000c0022d44                APIC::installIRQHandler(int, void (*)(regs*, void*), bool, void*)
 .text          0x00000000c0022efa      0x3d3 hw/intctrl/pic.32
                0x00000000c0022efa                PIC::disable()
                0x00000000c0022f28                PIC::close(int, int, void*)
                0x00000000c0022f4a                PIC::PIC()
                0x00000000c0022f4a                PIC::PIC()
                0x00000000c0023020                PIC::ioWait()
                0x00000000c0023026                PIC::getIRQReg(int)
                0x00000000c0023090                PIC::eoi(unsigned char)
                0x00000000c0023122                PIC::remap()
                0x00000000c002328e                PIC::open(int, int, void*)
 *fill*         0x00000000c00232cd        0x1 
 .text          0x00000000c00232ce      0x25e hw/timer/apictimer.32
                0x00000000c00232ce                APICTimer::close(int, int, void*)
                0x00000000c00232d4                apicTimerHandler(regs*, void*)
                0x00000000c0023302                APICTimer::write(int)
                0x00000000c0023406                APICTimer::open(int, int, void*)
                0x00000000c0023504                APICTimer::APICTimer()
                0x00000000c0023504                APICTimer::APICTimer()
 .text          0x00000000c002352c      0x1a7 hw/timer/pit.32
                0x00000000c002352c                PIT::write(int)
                0x00000000c00235aa                pitHandler(regs*, void*)
                0x00000000c00235d6                PIT::open(int, int, void*)
                0x00000000c0023624                PIT::close(int, int, void*)
                0x00000000c0023654                PIT::PIT()
                0x00000000c0023654                PIT::PIT()
 *fill*         0x00000000c00236d3        0xd 
 .text          0x00000000c00236e0        0xa hw/fpu/x86/avx.32
                0x00000000c00236e0                avxDetect
                0x00000000c00236e6                avxSave
                0x00000000c00236e7                avxLoad
                0x00000000c00236e8                avxInit
                0x00000000c00236e9                avxClose
 *fill*         0x00000000c00236ea        0x6 
 .text          0x00000000c00236f0       0x38 hw/fpu/x86/sse.32
                0x00000000c00236f0                sseDetect
                0x00000000c002370b                sseSave
                0x00000000c0023711                sseLoad
                0x00000000c0023717                sseInit
                0x00000000c0023727                sseClose
 *fill*         0x00000000c0023728        0x8 
 .text          0x00000000c0023730       0x47 hw/fpu/x86/x87.32
                0x00000000c0023736                x87Detect
                0x00000000c0023751                x87Save
                0x00000000c0023757                x87Load
                0x00000000c002375c                x87Init
                0x00000000c0023776                x87Close
 *fill*         0x00000000c0023777        0x1 
 .text          0x00000000c0023778       0x25 /cygdrive/d/Users/Alex/Desktop/Toolchain/Output/bin/../lib/gcc/i386-banana/8.1.0/crtend.o
 .text          0x00000000c002379d        0x0 crtn.32
 *fill*         0x00000000c002379d        0x3 
 .text          0x00000000c00237a0      0x14b /cygdrive/d/Users/Alex/Desktop/Toolchain/Output/bin/../lib/gcc/i386-banana/8.1.0/libkgcc.a(_divdi3.o)
                0x00000000c00237a0                __divdi3
 *fill*         0x00000000c00238eb        0x1 
 .text          0x00000000c00238ec      0x17e /cygdrive/d/Users/Alex/Desktop/Toolchain/Output/bin/../lib/gcc/i386-banana/8.1.0/libkgcc.a(_moddi3.o)
                0x00000000c00238ec                __moddi3
 *fill*         0x00000000c0023a6a        0x2 
 .text          0x00000000c0023a6c       0xff /cygdrive/d/Users/Alex/Desktop/Toolchain/Output/bin/../lib/gcc/i386-banana/8.1.0/libkgcc.a(_udivdi3.o)
                0x00000000c0023a6c                __udivdi3
 *fill*         0x00000000c0023b6b        0x1 
 .text          0x00000000c0023b6c      0x11a /cygdrive/d/Users/Alex/Desktop/Toolchain/Output/bin/../lib/gcc/i386-banana/8.1.0/libkgcc.a(_umoddi3.o)
                0x00000000c0023b6c                __umoddi3
 .text          0x00000000c0023c86      0x96d D:/Users/Alex/Desktop/Banana/kernel/libsoftfp.a(sfieeelib.o)
                0x00000000c0023c86                __addsf3
                0x00000000c0023f88                __subsf3
                0x00000000c0023f9c                __negsf2
                0x00000000c0023fa9                __mulsf3
                0x00000000c002416c                __divsf3
                0x00000000c0024397                __floatsisf
                0x00000000c002440b                __floatunsisf
                0x00000000c002444d                __fixsfsi
                0x00000000c00244af                __fixunssfsi
                0x00000000c00244e0                __cmpsf2
                0x00000000c0024575                __eqsf2
                0x00000000c00245b0                __nesf2
                0x00000000c00245b2                __gtsf2
                0x00000000c00245ed                __gesf2
                0x00000000c00245ef                __ltsf2
                0x00000000c00245f1                __lesf2
 .text          0x00000000c00245f3      0xf50 D:/Users/Alex/Desktop/Banana/kernel/libsoftfp.a(dfieeelib.o)
                0x00000000c00245f3                __adddf3
                0x00000000c0024c44                __subdf3
                0x00000000c0024c5f                __negdf2
                0x00000000c0024c70                __muldf3
                0x00000000c0024f54                __divdf3
                0x00000000c00252d3                __floatsidf
                0x00000000c002532e                __floatunsidf
                0x00000000c002536c                __fixdfsi
                0x00000000c00253d9                __fixunsdfsi
                0x00000000c0025415                __cmpdf2
                0x00000000c0025503                __eqdf2
                0x00000000c002551f                __nedf2
                0x00000000c0025521                __gtdf2
                0x00000000c002553d                __gedf2
                0x00000000c002553f                __ltdf2
                0x00000000c0025541                __ledf2
 .text          0x00000000c0025543      0x18d D:/Users/Alex/Desktop/Banana/kernel/libsoftfp.a(sfdfcvt.o)
                0x00000000c0025543                __truncdfsf2
                0x00000000c0025667                __extendsfdf2
 .text          0x00000000c00256d0       0x1e D:/Users/Alex/Desktop/Banana/kernel/libk/libm32.a(s_fabs.c.o)
                0x00000000c00256d0                fabs
 *fill*         0x00000000c00256ee        0x2 
 .text          0x00000000c00256f0        0xc D:/Users/Alex/Desktop/Banana/kernel/libk/libm32.a(s_lrint.S.o)
                0x00000000c00256f0                lrint
 .text          0x00000000c00256fc        0xc D:/Users/Alex/Desktop/Banana/kernel/libk/libm32.a(s_lrintf.S.o)
                0x00000000c00256fc                lrintf
 *(.gnu.linkonce.t*)

.iplt           0x00000000c0025708        0x0
 .iplt          0x00000000c0025708        0x0 D:/Users/Alex/Desktop/Banana/kernel/boot.32

.init           0x00000000c0025708        0xf
 .init          0x00000000c0025708        0x3 crti.32
                0x00000000c0025708                _init
 .init          0x00000000c002570b        0x5 /cygdrive/d/Users/Alex/Desktop/Toolchain/Output/bin/../lib/gcc/i386-banana/8.1.0/crtbegin.o
 .init          0x00000000c0025710        0x5 /cygdrive/d/Users/Alex/Desktop/Toolchain/Output/bin/../lib/gcc/i386-banana/8.1.0/crtend.o
 .init          0x00000000c0025715        0x2 crtn.32

.fini           0x00000000c0025717        0xa
 .fini          0x00000000c0025717        0x3 crti.32
                0x00000000c0025717                _fini
 .fini          0x00000000c002571a        0x5 /cygdrive/d/Users/Alex/Desktop/Toolchain/Output/bin/../lib/gcc/i386-banana/8.1.0/crtbegin.o
 .fini          0x00000000c002571f        0x2 crtn.32

.text._ZN8ComputerD2Ev
                0x00000000c0025722       0x23
 .text._ZN8ComputerD2Ev
                0x00000000c0025722       0x23 core/computer.32
                0x00000000c0025722                Computer::~Computer()
                0x00000000c0025722                Computer::~Computer()

.text._ZN8ComputerD0Ev
                0x00000000c0025746       0x2a
 .text._ZN8ComputerD0Ev
                0x00000000c0025746       0x2a core/computer.32
                0x00000000c0025746                Computer::~Computer()

.text._Z10idleCommonv
                0x00000000c0025770       0x15
 .text._Z10idleCommonv
                0x00000000c0025770       0x15 core/idle.32
                0x00000000c0025770                idleCommon()

.text._ZN10LinkedListI8UnixFileED2Ev
                0x00000000c0025786        0x2
 .text._ZN10LinkedListI8UnixFileED2Ev
                0x00000000c0025786        0x2 core/unixfile.32
                0x00000000c0025786                LinkedList<UnixFile>::~LinkedList()
                0x00000000c0025786                LinkedList<UnixFile>::~LinkedList()

.text._ZN10LinkedListI8UnixFileEC2Ev
                0x00000000c0025788       0x58
 .text._ZN10LinkedListI8UnixFileEC2Ev
                0x00000000c0025788       0x58 core/unixfile.32
                0x00000000c0025788                LinkedList<UnixFile>::LinkedList()
                0x00000000c0025788                LinkedList<UnixFile>::LinkedList()

.text._ZN10LinkedListI8UnixFileE10addElementEPS0_
                0x00000000c00257e0       0xd3
 .text._ZN10LinkedListI8UnixFileE10addElementEPS0_
                0x00000000c00257e0       0xd3 core/unixfile.32
                0x00000000c00257e0                LinkedList<UnixFile>::addElement(UnixFile*)

.text._ZN10LinkedListI8UnixFileE15getFirstElementEv
                0x00000000c00258b4        0x7
 .text._ZN10LinkedListI8UnixFileE15getFirstElementEv
                0x00000000c00258b4        0x7 core/unixfile.32
                0x00000000c00258b4                LinkedList<UnixFile>::getFirstElement()

.text._ZN10LinkedListI8UnixFileE11removeFirstEv
                0x00000000c00258bc       0xa1
 .text._ZN10LinkedListI8UnixFileE11removeFirstEv
                0x00000000c00258bc       0xa1 core/unixfile.32
                0x00000000c00258bc                LinkedList<UnixFile>::removeFirst()

.text._ZN10LinkedListI8UnixFileE7getNextEPS0_
                0x00000000c002595e        0x8
 .text._ZN10LinkedListI8UnixFileE7getNextEPS0_
                0x00000000c002595e        0x8 core/unixfile.32
                0x00000000c002595e                LinkedList<UnixFile>::getNext(UnixFile*)

.text._ZN16DriverlessDeviceD2Ev
                0x00000000c0025966       0x1a
 .text._ZN16DriverlessDeviceD2Ev
                0x00000000c0025966       0x1a hal/device.32
                0x00000000c0025966                DriverlessDevice::~DriverlessDevice()
                0x00000000c0025966                DriverlessDevice::~DriverlessDevice()

.text._ZN16DriverlessDeviceD0Ev
                0x00000000c0025980       0x2a
 .text._ZN16DriverlessDeviceD0Ev
                0x00000000c0025980       0x2a hal/device.32
                0x00000000c0025980                DriverlessDevice::~DriverlessDevice()

.text._ZN10LinkedListI6DeviceE10addElementEPS0_
                0x00000000c00259aa       0xdc
 .text._ZN10LinkedListI6DeviceE10addElementEPS0_
                0x00000000c00259aa       0xdc hal/device.32
                0x00000000c00259aa                LinkedList<Device>::addElement(Device*)

.text._ZN10LinkedListI6DeviceEC2Ev
                0x00000000c0025a86       0x58
 .text._ZN10LinkedListI6DeviceEC2Ev
                0x00000000c0025a86       0x58 hal/device.32
                0x00000000c0025a86                LinkedList<Device>::LinkedList()
                0x00000000c0025a86                LinkedList<Device>::LinkedList()

.text._ZN10LinkedListIV18ThreadControlBlockE15getFirstElementEv
                0x00000000c0025ade        0x7
 .text._ZN10LinkedListIV18ThreadControlBlockE15getFirstElementEv
                0x00000000c0025ade        0x7 hal/timer.32
                0x00000000c0025ade                LinkedList<ThreadControlBlock volatile>::getFirstElement()

.text._ZN10LinkedListIV18ThreadControlBlockE7isEmptyEv
                0x00000000c0025ae6       0x1c
 .text._ZN10LinkedListIV18ThreadControlBlockE7isEmptyEv
                0x00000000c0025ae6       0x1c hal/timer.32
                0x00000000c0025ae6                LinkedList<ThreadControlBlock volatile>::isEmpty()

.text._ZN10LinkedListIV18ThreadControlBlockE11removeFirstEv
                0x00000000c0025b02       0xae
 .text._ZN10LinkedListIV18ThreadControlBlockE11removeFirstEv
                0x00000000c0025b02       0xae hal/timer.32
                0x00000000c0025b02                LinkedList<ThreadControlBlock volatile>::removeFirst()

.text._ZN10LinkedListIV18ThreadControlBlockE10addElementEPS1_
                0x00000000c0025bb0       0xd3
 .text._ZN10LinkedListIV18ThreadControlBlockE10addElementEPS1_
                0x00000000c0025bb0       0xd3 hal/timer.32
                0x00000000c0025bb0                LinkedList<ThreadControlBlock volatile>::addElement(ThreadControlBlock volatile*)

.text._ZN4ACPID2Ev
                0x00000000c0025c84       0x23
 .text._ZN4ACPID2Ev
                0x00000000c0025c84       0x23 hw/acpi.32
                0x00000000c0025c84                ACPI::~ACPI()
                0x00000000c0025c84                ACPI::~ACPI()

.text._ZN4ACPID0Ev
                0x00000000c0025ca8       0x2a
 .text._ZN4ACPID0Ev
                0x00000000c0025ca8       0x2a hw/acpi.32
                0x00000000c0025ca8                ACPI::~ACPI()

.text._ZN3CPUD2Ev
                0x00000000c0025cd2       0x23
 .text._ZN3CPUD2Ev
                0x00000000c0025cd2       0x23 hw/cpu.32
                0x00000000c0025cd2                CPU::~CPU()
                0x00000000c0025cd2                CPU::~CPU()

.text._ZN3CPUD0Ev