Archive member included to satisfy reference by file (symbol)

/cygdrive/d/Users/Alex/Desktop/Toolchain/Output/bin/../lib/gcc/i386-banana/8.1.0/libkgcc.a(_divdi3.o)
                              fs/fat/ff.32 (__divdi3)
/cygdrive/d/Users/Alex/Desktop/Toolchain/Output/bin/../lib/gcc/i386-banana/8.1.0/libkgcc.a(_moddi3.o)
                              compat/resolve.32 (__moddi3)
/cygdrive/d/Users/Alex/Desktop/Toolchain/Output/bin/../lib/gcc/i386-banana/8.1.0/libkgcc.a(_udivdi3.o)
                              fs/fat/ff.32 (__udivdi3)
/cygdrive/d/Users/Alex/Desktop/Toolchain/Output/bin/../lib/gcc/i386-banana/8.1.0/libkgcc.a(_umoddi3.o)
                              compat/resolve.32 (__umoddi3)

Discarded input sections

 .comment       0x0000000000000000       0x12 /cygdrive/d/Users/Alex/Desktop/Toolchain/Output/bin/../lib/gcc/i386-banana/8.1.0/crtbegin.o
 .comment       0x0000000000000000       0x12 acpica/utclib.32
 .comment       0x0000000000000000       0x12 core/malloc.32
 .comment       0x0000000000000000       0x12 libk/string.32
 .comment       0x0000000000000000       0x12 fs/fat/diskio.32
 .comment       0x0000000000000000       0x12 fs/fat/ff.32
 .comment       0x0000000000000000       0x12 fs/fat/ffsystem.32
 .comment       0x0000000000000000       0x12 fs/fat/ffunicode.32
 .comment       0x0000000000000000       0x12 compat/inlines.32
 .comment       0x0000000000000000       0x12 compat/resolve.32
 .group         0x0000000000000000       0x14 core/computer.32
 .group         0x0000000000000000        0xc core/computer.32
 .comment       0x0000000000000000       0x12 core/computer.32
 .comment       0x0000000000000000       0x12 core/gdt.32
 .group         0x0000000000000000        0xc core/idle.32
 .comment       0x0000000000000000       0x12 core/idle.32
 .comment       0x0000000000000000       0x12 core/idt.32
 .comment       0x0000000000000000       0x12 core/kheap.32
 .comment       0x0000000000000000       0x12 core/main.32
 .comment       0x0000000000000000       0x12 core/physmgr.32
 .group         0x0000000000000000        0xc core/pipe.32
 .comment       0x0000000000000000       0x12 core/pipe.32
 .group         0x0000000000000000        0xc core/terminal.32
 .comment       0x0000000000000000       0x12 core/terminal.32
 .comment       0x0000000000000000       0x12 core/tss.32
 .group         0x0000000000000000        0x8 core/unixfile.32
 .group         0x0000000000000000        0x8 core/unixfile.32
 .group         0x0000000000000000        0xc core/unixfile.32
 .group         0x0000000000000000        0x8 core/unixfile.32
 .group         0x0000000000000000        0xc core/unixfile.32
 .group         0x0000000000000000        0x8 core/unixfile.32
 .group         0x0000000000000000        0xc core/unixfile.32
 .group         0x0000000000000000        0xc core/unixfile.32
 .comment       0x0000000000000000       0x12 core/unixfile.32
 .comment       0x0000000000000000       0x12 core/virtmgr.32
 .comment       0x0000000000000000       0x12 coreobjs/c++.32
 .comment       0x0000000000000000       0x12 dbg/kconsole.32
 .group         0x0000000000000000        0xc fs/vfs.32
 .group         0x0000000000000000        0xc fs/vfs.32
 .group         0x0000000000000000        0xc fs/vfs.32
 .comment       0x0000000000000000       0x12 fs/vfs.32
 .group         0x0000000000000000        0xc hal/bus.32
 .comment       0x0000000000000000       0x12 hal/bus.32
 .comment       0x0000000000000000       0x12 hal/buzzer.32
 .group         0x0000000000000000        0xc hal/clock.32
 .comment       0x0000000000000000       0x12 hal/clock.32
 .group         0x0000000000000000       0x14 hal/device.32
 .group         0x0000000000000000        0xc hal/device.32
 .group         0x0000000000000000        0x8 hal/device.32
 .group         0x0000000000000000        0xc hal/device.32
 .group         0x0000000000000000        0xc hal/device.32
 .comment       0x0000000000000000       0x12 hal/device.32
 .group         0x0000000000000000        0xc hal/diskctrl.32
 .comment       0x0000000000000000       0x12 hal/diskctrl.32
 .group         0x0000000000000000        0xc hal/diskphys.32
 .comment       0x0000000000000000       0x12 hal/diskphys.32
 .comment       0x0000000000000000       0x12 hal/fpu.32
 .comment       0x0000000000000000       0x12 hal/intctrl.32
 .group         0x0000000000000000        0xc hal/keybrd.32
 .comment       0x0000000000000000       0x12 hal/keybrd.32
 .group         0x0000000000000000        0xc hal/logidisk.32
 .comment       0x0000000000000000       0x12 hal/logidisk.32
 .group         0x0000000000000000        0xc hal/mouse.32
 .comment       0x0000000000000000       0x12 hal/mouse.32
 .comment       0x0000000000000000       0x12 hal/partition.32
 .group         0x0000000000000000        0xc hal/serial.32
 .comment       0x0000000000000000       0x12 hal/serial.32
 .group         0x0000000000000000        0x8 hal/timer.32
 .group         0x0000000000000000        0x8 hal/timer.32
[...]
Memory Configuration

Name             Origin             Length             Attributes
*default*        0x0000000000000000 0xffffffffffffffff

Linker script and memory map

LOAD D:/Users/Alex/Desktop/Banana/kernel/boot.32
LOAD crti.32
LOAD /cygdrive/d/Users/Alex/Desktop/Toolchain/Output/bin/../lib/gcc/i386-banana/8.1.0/crtbegin.o
LOAD D:/Users/Alex/Desktop/Banana/kernel/morenasm.32
LOAD acpica/utclib.32
LOAD core/malloc.32
LOAD libk/string.32
LOAD fs/fat/diskio.32
LOAD fs/fat/ff.32
LOAD fs/fat/ffsystem.32
LOAD fs/fat/ffunicode.32
LOAD compat/inlines.32
LOAD compat/resolve.32
LOAD core/computer.32
LOAD core/gdt.32
LOAD core/idle.32
LOAD core/idt.32
LOAD core/kheap.32
LOAD core/main.32
LOAD core/physmgr.32
LOAD core/pipe.32
LOAD core/terminal.32
LOAD core/tss.32
LOAD core/unixfile.32
LOAD core/virtmgr.32
LOAD coreobjs/c++.32
LOAD dbg/kconsole.32
LOAD fs/vfs.32
LOAD hal/bus.32
LOAD hal/buzzer.32
LOAD hal/clock.32
LOAD hal/device.32
LOAD hal/diskctrl.32
LOAD hal/diskphys.32
LOAD hal/fpu.32
LOAD hal/intctrl.32
LOAD hal/keybrd.32
LOAD hal/logidisk.32
LOAD hal/mouse.32
LOAD hal/partition.32
LOAD hal/serial.32
LOAD hal/timer.32
LOAD hal/vcache.32
LOAD hal/video.32
LOAD hw/acpi.32
LOAD hw/cpu.32
LOAD hw/smp.32
LOAD krnl/env.32
LOAD krnl/panic.32
LOAD krnl/powctrl.32
LOAD reg/registry.32
LOAD sys/sc_eject.32
LOAD sys/sc_exit.32
LOAD sys/sc_getcwd.32
LOAD sys/sc_getpid.32
LOAD sys/sc_getramdata.32
LOAD sys/sc_getvgaptr.32
LOAD sys/sc_loaddll.32
LOAD sys/sc_read.32
LOAD sys/sc_sbrk.32
LOAD sys/sc_setcwd.32
LOAD sys/sc_settime.32
LOAD sys/sc_timezone.32
LOAD sys/sc_write.32
LOAD sys/sc_wsbe.32
LOAD sys/sc_yield.32
LOAD sys/syscalls.32
LOAD thr/elf.32
LOAD thr/prcssthr.32
LOAD vm86/vm8086.32
LOAD vm86/x87em.32
LOAD arch/i386/hal.32
LOAD arch/i386/pic.32
LOAD arch/i386/rtc.32
LOAD arch/i386/vga.32
LOAD fs/fat/vfslink.32
LOAD fs/iso9660/vfslink.32
LOAD hal/sound/sndcard.32
LOAD hal/sound/sndport.32
LOAD hw/bus/isa.32
LOAD hw/bus/pci.32
LOAD hw/diskctrl/ide.32
LOAD hw/diskctrl/satabus.32
LOAD hw/diskphys/ata.32
LOAD hw/diskphys/atapi.32
LOAD hw/diskphys/sata.32
LOAD hw/diskphys/satapi.32
LOAD hw/intctrl/apic.32
LOAD hw/timer/apictimer.32
LOAD hw/timer/pit.32
LOAD arch/i386/avx.32
LOAD arch/i386/interrupt.32
LOAD arch/i386/rdrand.32
LOAD arch/i386/sse.32
LOAD arch/i386/x87.32
LOAD /cygdrive/d/Users/Alex/Desktop/Toolchain/Output/bin/../lib/gcc/i386-banana/8.1.0/crtend.o
LOAD crtn.32
LOAD /cygdrive/d/Users/Alex/Desktop/Toolchain/Output/bin/../lib/gcc/i386-banana/8.1.0/libkgcc.a
LOAD D:/Users/Alex/Desktop/Banana/kernel/libsoftfp.a
LOAD D:/Users/Alex/Desktop/Banana/kernel/libk/libm32.a
                0x00000000c0000000                . = 0xc0000000

.text           0x00000000c0000000    0x1fcba
 *(.text)
 .text          0x00000000c0000000       0x41 D:/Users/Alex/Desktop/Banana/kernel/boot.32
                0x00000000c0000020                callGlobalConstructors
 .text          0x00000000c0000041        0x0 crti.32
 *fill*         0x00000000c0000041        0x3 
 .text          0x00000000c0000044      0x101 /cygdrive/d/Users/Alex/Desktop/Toolchain/Output/bin/../lib/gcc/i386-banana/8.1.0/crtbegin.o
 *fill*         0x00000000c0000145        0xb 
 .text          0x00000000c0000150      0x252 D:/Users/Alex/Desktop/Banana/kernel/morenasm.32
                0x00000000c0000150                manualPCIProbe
                0x00000000c000019b                prepareTramp
                0x00000000c00001b4                doTPAUSE
                0x00000000c00001be                hasLegacyFPU
                0x00000000c00001e3                is486
                0x00000000c0000219                detectCPUID
                0x00000000c000022f                goToVM86
                0x00000000c000025f                goToUsermode
                0x00000000c0000289                switchToThreadASMFirstTime
                0x00000000c0000297                switchToThreadASM
                0x00000000c000031f                asmQuickAcquireLock
                0x00000000c000033d                asmQuickReleaseLock
                0x00000000c0000349                asmAcquireLock
                0x00000000c000036a                asmReleaseLock
                0x00000000c000037d                loadGDT
                0x00000000c000039d                memcpy
 *fill*         0x00000000c00003a2        0x2 
 .text          0x00000000c00003a4      0x5dd acpica/utclib.32
                0x00000000c00003a4                memcmp
                0x00000000c00003e0                memmove
                0x00000000c00004a8                memset
                0x00000000c00004c4                strlen
                0x00000000c00004dc                strpbrk
                0x00000000c0000518                strtok
                0x00000000c0000564                strcpy
                0x00000000c0000588                strncpy
                0x00000000c00005f0                strcmp
                0x00000000c0000630                strchr
                0x00000000c0000654                strncmp
                0x00000000c00006a4                strcat
                0x00000000c00006d4                strncat
                0x00000000c0000710                strstr
                0x00000000c0000758                toupper
                0x00000000c000076c                tolower
                0x00000000c0000780                simple_strtoul
 .text          0x00000000c0000981      0xfad core/malloc.32
                0x00000000c0000aec                dlfree
                0x00000000c0000e47                dlmalloc
                0x00000000c0001384                dlrealloc
                0x00000000c0001527                dlmemalign
                0x00000000c000164a                dlcalloc
                0x00000000c00016e4                dlcfree
                0x00000000c00016e9                dlindependent_calloc
                0x00000000c000170e                dlindependent_comalloc
                0x00000000c0001725                dlvalloc
                0x00000000c0001750                dlpvalloc
                0x00000000c0001786                dlmalloc_trim
                0x00000000c0001793                dlmalloc_usable_size
                0x00000000c00017c4                dlmallinfo
                0x00000000c0001893                dlmalloc_stats
                0x00000000c00018a4                dlmallopt
 .text          0x00000000c000192e        0x0 libk/string.32
 .text          0x00000000c000192e       0x51 fs/fat/diskio.32
                0x00000000c000192e                disk_status
                0x00000000c0001931                disk_initialize
                0x00000000c0001934                disk_read
                0x00000000c000194a                disk_write
                0x00000000c0001960                disk_ioctl
 .text          0x00000000c000197f     0x6a69 fs/fat/ff.32
                0x00000000c0004c4d                f_mount
                0x00000000c0004caf                f_open
                0x00000000c00050eb                f_read
                0x00000000c000536b                f_write
                0x00000000c0005625                f_sync
                0x00000000c0005801                f_close
                0x00000000c0005830                f_lseek
                0x00000000c0005ce7                f_opendir
                0x00000000c0005de9                f_closedir
                0x00000000c0005e0b                f_readdir
                0x00000000c0005ea6                f_stat
                0x00000000c0005f35                f_getfree
                0x00000000c0006100                f_truncate
                0x00000000c00061f8                f_unlink
                0x00000000c000637b                f_mkdir
                0x00000000c00065a7                f_rename
                0x00000000c000689a                f_chmod
                0x00000000c0006978                f_utime
                0x00000000c0006a56                f_getlabel
                0x00000000c0006c44                f_setlabel
                0x00000000c0006eb1                f_expand
                0x00000000c00070e7                f_forward
                0x00000000c00072c5                f_mkfs
 .text          0x00000000c00083e8       0x2f fs/fat/ffsystem.32
                0x00000000c00083e8                ff_memalloc
                0x00000000c0008400                ff_memfree
 *fill*         0x00000000c0008417        0x1 
 .text          0x00000000c0008418      0x274 fs/fat/ffunicode.32
                0x00000000c0008418                ff_uni2oem
                0x00000000c00084b0                ff_oem2uni
                0x00000000c0008524                ff_wtoupper
 .text          0x00000000c000868c       0xa7 compat/inlines.32
                0x00000000c000868c                CPU::current()
                0x00000000c0008698                operator new(unsigned long)
                0x00000000c000869d                operator delete(void*)
                0x00000000c00086a2                disableIRQs()
                0x00000000c00086aa                enableIRQs()
                0x00000000c00086b9                lockScheduler()
                0x00000000c00086c1                unlockScheduler()
                0x00000000c00086d0                lockStuff()
                0x00000000c00086de                unlockStuff()
                0x00000000c0008718                Virt::getAKernelVAS()
                0x00000000c000871e                __not_memcpy
 *fill*         0x00000000c0008733        0x1 
 .text          0x00000000c0008734      0x118 compat/resolve.32
                0x00000000c0008734                Krnl::resolveCompatibilitySymbol(char*)
 .text          0x00000000c000884c      0x76b core/computer.32
                0x00000000c000884c                Computer::close(int, int, void*)
                0x00000000c0008890                Krnl::firstTask()
                0x00000000c00089d8                Computer::Computer()
                0x00000000c00089d8                Computer::Computer()
                0x00000000c0008b34                Computer::setBootMessage(char const*)
                0x00000000c0008b36                Computer::detectFeatures()
                0x00000000c0008d40                Computer::displayFeatures()
                0x00000000c0008d42                Computer::rdmsr(unsigned int)
                0x00000000c0008d6e                Computer::wrmsr(unsigned int, unsigned long long)
                0x00000000c0008da6                Computer::shutdown()
                0x00000000c0008dbe                Computer::restart()
                0x00000000c0008dd6                Computer::sleep()
                0x00000000c0008dea                Computer::nmiEnabled()
                0x00000000c0008df6                Computer::readCMOS(unsigned char)
                0x00000000c0008e10                Computer::enableNMI(bool)
                0x00000000c0008e28                Computer::open(int, int, void*)
                0x00000000c0008efa                Computer::disableNMI()
                0x00000000c0008f08                Computer::writeCMOS(unsigned char, unsigned char)
                0x00000000c0008f26                Computer::handleNMI()
                0x00000000c0008f8c                Computer::setDiskActivityLight(int, bool)
 *fill*         0x00000000c0008fb7        0x1 
 .text          0x00000000c0008fb8      0x211 core/gdt.32
                0x00000000c0008fb8                GDTEntry::setBase(unsigned int)
                0x00000000c0008fd4                GDTEntry::setLimit(unsigned int)
                0x00000000c0008ff2                GDT::GDT()
                0x00000000c0008ff2                GDT::GDT()
                0x00000000c0009008                GDT::addEntry(GDTEntry)
                0x00000000c000902a                GDT::getNumberOfEntries()
                0x00000000c0009032                GDT::flush()
                0x00000000c0009054                GDT::setup()
 .text          0x00000000c00091c9       0x19 core/idle.32
                0x00000000c00091c9                idleFunction(void*)
 *fill*         0x00000000c00091e2        0x2 
 .text          0x00000000c00091e4      0x464 core/idt.32
                0x00000000c00091e4                IDTEntry::IDTEntry(bool)
                0x00000000c00091e4                IDTEntry::IDTEntry(bool)
                0x00000000c0009256                IDTEntry::setOffset(unsigned int)
                0x00000000c000926c                IDT::IDT()
                0x00000000c000926c                IDT::IDT()
                0x00000000c000926e                IDT::getPointerToInvalidOpcodeEntryForF00F()
                0x00000000c0009276                IDT::addEntry(IDTEntry, int)
                0x00000000c0009290                IDT::addEntry(int, void (*)(), bool)
                0x00000000c00092c8                IDT::flush()
                0x00000000c00092e2                IDT::setup()
 .text          0x00000000c0009648      0x191 core/kheap.32
                0x00000000c0009648                sbrk
                0x00000000c00096eb                mmap
                0x00000000c0009701                munmap
                0x00000000c0009717                liballoc_lock()
                0x00000000c0009724                liballoc_unlock()
                0x00000000c0009738                liballoc_alloc(int)
                0x00000000c0009750                liballoc_free(void*, int)
                0x00000000c000976b                realloc
                0x00000000c000977f                malloc
                0x00000000c000978f                free
                0x00000000c000979f                rfree
                0x00000000c00097af                calloc
 .text          0x00000000c00097d9      0x1b3 core/main.32
                0x00000000c00097d9                Krnl::setBootMessage(char const*)
                0x00000000c0009845                kernel_main
 .text          0x00000000c000998c      0x668 core/physmgr.32
                0x00000000c000998c                Phys::allocateDMA(unsigned long)
                0x00000000c0009a9b                Phys::freeDMA(unsigned long, unsigned long)
                0x00000000c0009ae1                Phys::setPageState(unsigned long, bool)
                0x00000000c0009b13                Phys::getPageState(unsigned long)
                0x00000000c0009b2f                Phys::freePage(unsigned long)
                0x00000000c0009bb2                Phys::allocatePage()
                0x00000000c0009c9d                Phys::allocateContiguousPages(int)
                0x00000000c0009cf9                Phys::allowSegmentToBeUsed(unsigned long, unsigned long)
                0x00000000c0009d31                Phys::physicalMemorySetup(unsigned int)
 .text          0x00000000c0009ff4      0x273 core/pipe.32
                0x00000000c0009ff4                Pipe::isAtty()
                0x00000000c0009ff8                Pipe::~Pipe()
                0x00000000c0009ff8                Pipe::~Pipe()
                0x00000000c000a01c                Pipe::~Pipe()
                0x00000000c000a044                Pipe::write(unsigned long long, void*, int*)
                0x00000000c000a104                Pipe::read(unsigned long long, void*, int*)
                0x00000000c000a200                Pipe::Pipe(int)
                0x00000000c000a200                Pipe::Pipe(int)
 *fill*         0x00000000c000a267        0x1 
 .text          0x00000000c000a268      0xa40 core/terminal.32
                0x00000000c000a268                VgaText::isAtty()
                0x00000000c000a26c                VgaText::~VgaText()
                0x00000000c000a26c                VgaText::~VgaText()
                0x00000000c000a290                VgaText::~VgaText()
                0x00000000c000a2ba                VgaText::read(unsigned long long, void*, int*)
                0x00000000c000a2da                setTerminalScrollLock(bool)
                0x00000000c000a2db                doTerminalCycle()
                0x00000000c000a2dc                addToTerminalCycle(VgaText*)
                0x00000000c000a2dd                scrollTerminalScrollLock(int)
                0x00000000c000a2de                VgaText::updateTitle()
                0x00000000c000a2e0                VgaText::load()
                0x00000000c000a2e2                VgaText::updateCursor()
                0x00000000c000a2f8                VgaText::doANSI_SGR(int)
                0x00000000c000a36c                VgaText::setDefaultBgColour(VgaColour)
                0x00000000c000a37c                VgaText::setDefaultFgColour(VgaColour)
                0x00000000c000a38c                VgaText::setDefaultColours(VgaColour, VgaColour)
                0x00000000c000a3ac                VgaText::setTitleTextColour(VgaColour)
                0x00000000c000a3b8                VgaText::setTitleColour(VgaColour)
                0x00000000c000a3c4                VgaText::setTitle(char*)
                0x00000000c000a3d2                VgaText::combineColours(unsigned char, unsigned char)
                0x00000000c000a3e4                VgaText::scrollScreen()
                0x00000000c000a47c                VgaText::combineCharAndColour(char, unsigned char)
                0x00000000c000a48e                VgaText::writeCharacter(char, VgaColour, VgaColour, int, int)
                0x00000000c000a51e                VgaText::getCursorX()
                0x00000000c000a526                VgaText::getCursorY()
                0x00000000c000a52e                VgaText::setCursor(int, int)
                0x00000000c000a545                setActiveTerminal(VgaText*)
                0x00000000c000a590                VgaText::clearScreen()
                0x00000000c000a5de                VgaText::setCursorX(int)
                0x00000000c000a5f6                VgaText::setCursorY(int)
                0x00000000c000a60e                VgaText::incrementCursor(bool)
                0x00000000c000a662                VgaText::decrementCursor(bool)
                0x00000000c000a684                VgaText::putchar(char, VgaColour, VgaColour)
                0x00000000c000a752                VgaText::putchar(char)
                0x00000000c000a83e                VgaText::putx(unsigned int)
                0x00000000c000a884                VgaText::puts(char const*)
                0x00000000c000a8aa                VgaText::write(unsigned long long, void*, int*)
                0x00000000c000a8f6                VgaText::puts(char const*, VgaColour, VgaColour)
                0x00000000c000aa44                VgaText::VgaText(char const*)
                0x00000000c000aa44                VgaText::VgaText(char const*)
                0x00000000c000abaa                VgaText::receiveKey(unsigned char)
                0x00000000c000ac82                VgaText::doUpdate()
                0x00000000c000ac83                newTerminal(char*)
 .text          0x00000000c000aca8      0x1a1 core/tss.32
                0x00000000c000aca8                TSS::TSS()
                0x00000000c000aca8                TSS::TSS()
                0x00000000c000acb8                TSS::setESP(unsigned long)
                0x00000000c000accc                TSS::flush()
                0x00000000c000acec                TSS::setup(unsigned long, unsigned long)
 *fill*         0x00000000c000ae49        0x1 
 .text          0x00000000c000ae4a      0x4c2 core/unixfile.32
                0x00000000c000ae4a                ReservedFilename::read(unsigned long long, void*, int*)
                0x00000000c000aea0                ReservedFilename::isAtty()
                0x00000000c000aebc                ReservedFilename::write(unsigned long long, void*, int*)
                0x00000000c000af1a                UnixFile::getFileDescriptor()
                0x00000000c000af22                UnixFile::UnixFile(int)
                0x00000000c000af22                UnixFile::UnixFile(int)
                0x00000000c000b0d2                ReservedFilename::ReservedFilename(int)
                0x00000000c000b0d2                ReservedFilename::ReservedFilename(int)
                0x00000000c000b104                UnixFile::~UnixFile()
                0x00000000c000b104                UnixFile::~UnixFile()
                0x00000000c000b19c                UnixFile::~UnixFile()
                0x00000000c000b1c4                ReservedFilename::~ReservedFilename()
                0x00000000c000b1c4                ReservedFilename::~ReservedFilename()
                0x00000000c000b1e8                ReservedFilename::~ReservedFilename()
                0x00000000c000b20f                getFromFileDescriptor(int)
 .text          0x00000000c000b30c     0x124e core/virtmgr.32
                0x00000000c000b30c                Virt::setPageState(unsigned long, Virt::VirtPageState)
                0x00000000c000b341                Virt::getPageState(unsigned long)
                0x00000000c000b365                Virt::allocateKernelVirtualPages(int)
                0x00000000c000b476                Virt::freeSwapfilePage(unsigned long)
                0x00000000c000b494                Virt::swapIDToSector(unsigned long)
                0x00000000c000b4a6                Virt::allocateSwapfilePage()
                0x00000000c000b524                Virt::virtualMemorySetup()
                0x00000000c000b56f                Virt::setupPageSwapping(int)
                0x00000000c000b5e0                VAS::VAS(VAS*)
                0x00000000c000b5e0                VAS::VAS(VAS*)
                0x00000000c000b60e                VAS::getForeignPageTableEntry(bool, unsigned long)
                0x00000000c000b63a                VAS::getPageTableEntry(unsigned long)
                0x00000000c000b659                Virt::freeKernelVirtualPages(unsigned long)
                0x00000000c000b77c                VAS::freeAllocatedPages(unsigned long)
                0x00000000c000b7a0                VAS::virtualToPhysical(unsigned long)
                0x00000000c000b7b8                VAS::reflagRange(unsigned long, int, int, int)
                0x00000000c000b7f8                VAS::setToWriteCombining(unsigned long, int)
                0x00000000c000b82a                VAS::mapOtherVASIn(bool, VAS*)
                0x00000000c000b854                VAS::~VAS()
                0x00000000c000b854                VAS::~VAS()
                0x00000000c000b9d0                VAS::mapPage(unsigned long, unsigned long, int)
                0x00000000c000bad4                VAS::allocatePages(int, int)
                0x00000000c000bcac                VAS::setCPUSpecific(unsigned long)
                0x00000000c000bcc8                VAS::mapRange(unsigned long, unsigned long, int, int)
                0x00000000c000bd8e                VAS::mapForeignPage(bool, VAS*, unsigned long, unsigned long, int)
                0x00000000c000be7c                VAS::VAS(bool)
                0x00000000c000be7c                VAS::VAS(bool)
                0x00000000c000c0fc                VAS::VAS()
                0x00000000c000c0fc                VAS::VAS()
                0x00000000c000c16c                VAS::evict(unsigned long)
                0x00000000c000c23c                VAS::tryLoadBackOffDisk(unsigned long)
                0x00000000c000c350                VAS::scanForEviction()
                0x00000000c000c42e                mapVASFirstTime
 .text          0x00000000c000c55a       0x95 coreobjs/c++.32
                0x00000000c000c55a                __cxa_atexit
                0x00000000c000c55d                __cxa_finalize
                0x00000000c000c55e                __stack_chk_fail
                0x00000000c000c5ca                __cxa_pure_virtual
                0x00000000c000c5db                operator new[](unsigned long)
                0x00000000c000c5e0                operator delete(void*, unsigned long)
                0x00000000c000c5e5                operator delete[](void*)
                0x00000000c000c5ea                operator delete[](void*, unsigned long)
 .text          0x00000000c000c5ef      0x1fc dbg/kconsole.32
                0x00000000c000c5ef                Dbg::stringifyxWithBase(unsigned int, char*, int)
                0x00000000c000c648                Dbg::logc(char)
                0x00000000c000c668                Dbg::logs(char*)
                0x00000000c000c685                Dbg::logWriteInt(unsigned int)
                0x00000000c000c6a2                Dbg::logWriteIntBase(unsigned int, int)
                0x00000000c000c6c1                Dbg::kprintf(char const*, ...)
 *fill*         0x00000000c000c7eb        0x1 
 .text          0x00000000c000c7ec      0xcac fs/vfs.32
                0x00000000c000c7ec                File::read(unsigned long long, void*, int*)
                0x00000000c000c844                File::write(unsigned long long, void*, int*)
                0x00000000c000c89c                Directory::read(unsigned long long, void*, int*)
                0x00000000c000c8f4                Directory::write(unsigned long long, void*, int*)
                0x00000000c000c922                File::isAtty()
                0x00000000c000c926                Directory::isAtty()
                0x00000000c000c92a                Filesystem::getlabel(LogicalDisk*, int, char*, unsigned int*)
                0x00000000c000c930                Filesystem::setlabel(LogicalDisk*, int, char*)
                0x00000000c000c936                Filesystem::allocateSwapfile(char const*, int)
                0x00000000c000c93c                File::~File()
                0x00000000c000c93c                File::~File()
                0x00000000c000c960                File::~File()
                0x00000000c000c98a                Directory::~Directory()
                0x00000000c000c98a                Directory::~Directory()
                0x00000000c000c9ae                Directory::~Directory()
                0x00000000c000c9d8                Filesystem::Filesystem()
                0x00000000c000c9d8                Filesystem::Filesystem()
                0x00000000c000c9fc                Filesystem::~Filesystem()
                0x00000000c000c9fc                Filesystem::~Filesystem()
                0x00000000c000ca0a                Filesystem::~Filesystem()
                0x00000000c000ca2e                Fs::getcwd(Process*, char*, int)
                0x00000000c000ca58                Fs::initVFS()
                0x00000000c000ca82                Fs::standardiseFiles(char*, char const*, char const*)
                0x00000000c000cc2c                File::File(char const*, Process*)
                0x00000000c000cc2c                File::File(char const*, Process*)
                0x00000000c000cd06                File::open(FileOpenMode)
                0x00000000c000cd64                File::close()
                0x00000000c000cdc4                File::seek(unsigned long long)
                0x00000000c000ce1a                File::tell(unsigned long long*)
                0x00000000c000ce6a                File::rewind()
                0x00000000c000ce7e                File::unlink()
                0x00000000c000ceca                File::rename(char const*)
                0x00000000c000cf18                File::chfatattr(unsigned char, unsigned char)
                0x00000000c000cf74                File::exists()
                0x00000000c000cfb2                File::stat(unsigned long long*, bool*)
                0x00000000c000d013                Fs::setcwd(Process*, char*)
                0x00000000c000d18c                Directory::Directory(char const*, Process*)
                0x00000000c000d18c                Directory::Directory(char const*, Process*)
                0x00000000c000d266                Directory::open()
                0x00000000c000d2c2                Directory::close()
                0x00000000c000d322                Directory::unlink()
                0x00000000c000d36e                Directory::rename(char const*)
                0x00000000c000d3bc                Directory::exists()
                0x00000000c000d3fa                Directory::read(dirent*)
                0x00000000c000d446                Directory::create()
                0x00000000c000d492                Filesystem::chfatattr(char const*, unsigned char, unsigned char)
 .text          0x00000000c000d498       0x86 hal/bus.32
                0x00000000c000d498                Bus::Bus(char const*)
                0x00000000c000d498                Bus::Bus(char const*)
                0x00000000c000d4d0                Bus::~Bus()
                0x00000000c000d4d0                Bus::~Bus()
                0x00000000c000d4f4                Bus::~Bus()
 .text          0x00000000c000d51e       0x96 hal/buzzer.32
                0x00000000c000d51e                beepThread(void*)
                0x00000000c000d55b                Krnl::beep(int, int, bool)
 .text          0x00000000c000d5b4      0x467 hal/clock.32
                0x00000000c000d5b4                User::loadClockSettings(int)
                0x00000000c000d606                Clock::Clock(char const*)
                0x00000000c000d606                Clock::Clock(char const*)
                0x00000000c000d63c                Clock::~Clock()
                0x00000000c000d63c                Clock::~Clock()
                0x00000000c000d660                Clock::~Clock()
                0x00000000c000d68a                Clock::timeInSecondsLocal()
                0x00000000c000d6d2                Clock::setTimeInSecondsLocal(unsigned long long)
                0x00000000c000d72b                datetimeToSeconds(datetime_t)
                0x00000000c000d852                Clock::setTimeInDatetimeLocal(datetime_t)
                0x00000000c000d8b2                secondsToDatetime(unsigned long long)
                0x00000000c000d9f6                Clock::timeInDatetimeLocal()
 *fill*         0x00000000c000da1b        0x1 
 .text          0x00000000c000da1c      0x4d0 hal/device.32
                0x00000000c000da1c                Device::hibernate()
                0x00000000c000da1e                Device::wake()
                0x00000000c000da20                Device::detect()
                0x00000000c000da22                Device::disableLegacy()
                0x00000000c000da24                Device::powerSaving(PowerSavingLevel)
                0x00000000c000da26                DriverlessDevice::close(int, int, void*)
                0x00000000c000da2a                DriverlessDevice::detect()
                0x00000000c000da2c                DriverlessDevice::open(int, int, void*)
                0x00000000c000da40                Device::~Device()
                0x00000000c000da40                Device::~Device()
                0x00000000c000da4e                Device::~Device()
                0x00000000c000da76                Device::findAndLoadDriver()
                0x00000000c000da84                Device::preOpenPCI(PCIDeviceInfo)
                0x00000000c000daaa                Device::preOpenACPI(void*, char*, char*)
                0x00000000c000daea                Device::addIRQHandler(int, void (*)(regs*, void*), bool, void*)
                0x00000000c000db14                Device::getParent()
                0x00000000c000db20                Device::removeIRQHandler(int, void (*)(regs*, void*), bool)
                0x00000000c000db3e                Device::addChild(Device*)
                0x00000000c000db82                Device::removeAllChildren()
                0x00000000c000dbc8                Device::hibernateAll()
                0x00000000c000dbf8                Device::wakeAll()
                0x00000000c000dc28                Device::detectAll()
                0x00000000c000dc58                Device::disableLegacyAll()
                0x00000000c000dc88                Device::loadDriversForAll()
                0x00000000c000dcc8                Device::closeAll()
                0x00000000c000dcfe                Device::powerSavingAll(PowerSavingLevel)
                0x00000000c000dd34                Device::setName(char const*)
                0x00000000c000dd42                Device::Device(char const*)
                0x00000000c000dd42                Device::Device(char const*)
                0x00000000c000de3e                Device::getName()
                0x00000000c000de48                DriverlessDevice::DriverlessDevice(char const*)
                0x00000000c000de48                DriverlessDevice::DriverlessDevice(char const*)
                0x00000000c000de7e                Device::addToLinkedList(LinkedList<Device>&, DeviceType)
                0x00000000c000dec2                getDevicesOfType(DeviceType)
 .text          0x00000000c000deec       0x86 hal/diskctrl.32
                0x00000000c000deec                HardDiskController::HardDiskController(char const*)
                0x00000000c000deec                HardDiskController::HardDiskController(char const*)
                0x00000000c000df24                HardDiskController::~HardDiskController()
                0x00000000c000df24                HardDiskController::~HardDiskController()
                0x00000000c000df48                HardDiskController::~HardDiskController()
 .text          0x00000000c000df72       0xe2 hal/diskphys.32
                0x00000000c000df72                PhysicalDisk::eject()
                0x00000000c000df76                PhysicalDisk::PhysicalDisk(char const*, int)
                0x00000000c000df76                PhysicalDisk::PhysicalDisk(char const*, int)
                0x00000000c000dfde                PhysicalDisk::startCache()
                0x00000000c000e006                PhysicalDisk::~PhysicalDisk()
                0x00000000c000e006                PhysicalDisk::~PhysicalDisk()
                0x00000000c000e02a                PhysicalDisk::~PhysicalDisk()
 .text          0x00000000c000e054        0x0 hal/fpu.32
 .text          0x00000000c000e054      0x34c hal/intctrl.32
                0x00000000c000e054                int_handler
                0x00000000c000e0dc                installISRHandler(int, void (*)(regs*, void*), void*)
                0x00000000c000e124                installIRQHandler(int, void (*)(regs*, void*), bool, void*)
                0x00000000c000e24f                uninstallISRHandler(int, void (*)(regs*, void*))
                0x00000000c000e283                uninstallIRQHandler(int, void (*)(regs*, void*), bool)
                0x00000000c000e301                setupINTS()
                0x00000000c000e35e                convertLegacyIRQNumber(int)
 .text          0x00000000c000e3a0      0x778 hal/keybrd.32
                0x00000000c000e3a0                startGUI(void*)
                0x00000000c000e40c                startGUIVESA(void*)
                0x00000000c000e478                sendKeyToTerminal(unsigned char)
                0x00000000c000e536                sendKeyboardToken(KeyboardToken)
                0x00000000c000e968                clearInternalKeybuffer(VgaText*)
                0x00000000c000e99d                readKeyboard(VgaText*, char*, unsigned long)
                0x00000000c000ea8e                Keyboard::Keyboard(char const*)
                0x00000000c000ea8e                Keyboard::Keyboard(char const*)
                0x00000000c000eaca                Keyboard::~Keyboard()
                0x00000000c000eaca                Keyboard::~Keyboard()
                0x00000000c000eaee                Keyboard::~Keyboard()
 .text          0x00000000c000eb18      0x42a hal/logidisk.32
                0x00000000c000eb18                LogicalDisk::close(int, int, void*)
                0x00000000c000eb1c                LogicalDisk::~LogicalDisk()
                0x00000000c000eb1c                LogicalDisk::~LogicalDisk()
                0x00000000c000eb40                LogicalDisk::~LogicalDisk()
                0x00000000c000eb6a                LogicalDisk::open(int, int, void*)
                0x00000000c000eb7e                LogicalDisk::absoluteToRelative(unsigned long long)
                0x00000000c000ebb6                LogicalDisk::relativeToAbsolute(unsigned long long)
                0x00000000c000ebfc                LogicalDisk::LogicalDisk(char const*, PhysicalDisk*, unsigned long long, unsigned long long)
                0x00000000c000ebfc                LogicalDisk::LogicalDisk(char const*, PhysicalDisk*, unsigned long long, unsigned long long)
                0x00000000c000ecb2                LogicalDisk::assignDriveLetter()
                0x00000000c000ed68                LogicalDisk::mount()
                0x00000000c000edf0                LogicalDisk::unmount()
                0x00000000c000ee00                LogicalDisk::eject()
                0x00000000c000ee14                LogicalDisk::unassignDriveLetter()
                0x00000000c000ee6a                LogicalDisk::read(unsigned long long, int, void*)
                0x00000000c000eed6                LogicalDisk::write(unsigned long long, int, void*)
 *fill*         0x00000000c000ef42        0x2 
 .text          0x00000000c000ef44       0x86 hal/mouse.32
                0x00000000c000ef44                Mouse::Mouse(char const*)
                0x00000000c000ef44                Mouse::Mouse(char const*)
                0x00000000c000ef7c                Mouse::~Mouse()
                0x00000000c000ef7c                Mouse::~Mouse()
                0x00000000c000efa0                Mouse::~Mouse()
 .text          0x00000000c000efca      0x339 hal/partition.32
                0x00000000c000efca                makePartition(PhysicalDisk*, unsigned long long, unsigned long long)
                0x00000000c000f072                createPartitionsForDisk(PhysicalDisk*)
 *fill*         0x00000000c000f303        0x1 
 .text          0x00000000c000f304       0x86 hal/serial.32
                0x00000000c000f304                Serial::Serial(char const*)
                0x00000000c000f304                Serial::Serial(char const*)
                0x00000000c000f33c                Serial::~Serial()
                0x00000000c000f33c                Serial::~Serial()
                0x00000000c000f360                Serial::~Serial()
 *fill*         0x00000000c000f38a        0x2 
 .text          0x00000000c000f38c      0x234 hal/timer.32
                0x00000000c000f38c                Timer::Timer(char const*)
                0x00000000c000f38c                Timer::Timer(char const*)
                0x00000000c000f3c4                Timer::~Timer()
                0x00000000c000f3c4                Timer::~Timer()
                0x00000000c000f3e8                Timer::~Timer()
                0x00000000c000f412                Timer::read()
                0x00000000c000f41d                setupTimer(int)
                0x00000000c000f458                timerHandler(unsigned int)
 .text          0x00000000c000f5c0      0x43e hal/vcache.32
                0x00000000c000f5c0                VCache::VCache(PhysicalDisk*)
                0x00000000c000f5c0                VCache::VCache(PhysicalDisk*)
                0x00000000c000f728                VCache::invalidateReadBuffer()
                0x00000000c000f738                VCache::writeWriteBuffer()
                0x00000000c000f784                VCache::~VCache()
                0x00000000c000f784                VCache::~VCache()
                0x00000000c000f7d8                VCache::~VCache()
                0x00000000c000f800                VCache::write(unsigned long long, int, void*)
                0x00000000c000f8fa                VCache::read(unsigned long long, int, void*)
 .text          0x00000000c000f9fe      0x4b3 hal/video.32
                0x00000000c000f9fe                Video::putrect(int, int, int, int, unsigned int)
                0x00000000c000fa4a                Video::bitblit(int, int, int, int, int, int, int, unsigned int*)
                0x00000000c000faba                Video::blit(unsigned int*, int, int, int, int)
                0x00000000c000fb38                Video::clearScreen(unsigned int)
                0x00000000c000fb6c                Video::putpixel(int, int, unsigned int)
                0x00000000c000fb7a                Video::Video(char const*)
                0x00000000c000fb7a                Video::Video(char const*)
                0x00000000c000fbb0                Video::~Video()
                0x00000000c000fbb0                Video::~Video()
                0x00000000c000fbd4                Video::~Video()
                0x00000000c000fbfe                Video::isMonochrome()
                0x00000000c000fc0a                Video::getWidth()
                0x00000000c000fc16                Video::getHeight()
                0x00000000c000fc22                Video::drawCursor(int, int, unsigned char*, int)
                0x00000000c000fcde                Video::tgaParse(unsigned char*, int, int*, int*)
                0x00000000c000fe46                Video::putTGA(int, int, unsigned char*, int)
 *fill*         0x00000000c000feb1        0x3 
 .text          0x00000000c000feb4     0x12bf hw/acpi.32
                0x00000000c000feb4                ACPI::close(int, int, void*)
                0x00000000c000ff68                findRSDP()
                0x00000000c000fff8                loadACPITables(unsigned char*)
                0x00000000c001025c                findRSDT(unsigned char*)
                0x00000000c00103ac                findDataTable(unsigned char*, char*)
                0x00000000c0010424                scanMADT()
                0x00000000c00108c0                ACPI::ACPI()
                0x00000000c00108c0                ACPI::ACPI()
                0x00000000c0010914                ACPI::getPCIIRQAssignment(unsigned char, unsigned short, unsigned char)
                0x00000000c00109fc                ACPI::registerPCIIRQAssignment(void*, unsigned short, unsigned char, unsigned char)
                0x00000000c0010ac4                ACPI::setScreenBrightnessLevel(void*, int)
                0x00000000c0010acc                ACPI::detectPCI()
                0x00000000c0010cd4                ACPI::writeSimpleBootFlag(SimpleBootFlagTable*)
                0x00000000c0010d1c                ACPI::sleep()
                0x00000000c0010d38                ACPI::open(int, int, void*)
 *fill*         0x00000000c0011173        0x1 
 .text          0x00000000c0011174      0xda3 hw/cpu.32
                0x00000000c0011174                CPU::close(int, int, void*)
                0x00000000c0011178                CPU::AMD_K6_write_msr(unsigned int, unsigned int, unsigned int, CPU::REGS*)
                0x00000000c0011194                CPU::AMD_K6_read_msr(unsigned int, CPU::REGS*)
                0x00000000c00111ac                CPU::AMD_K6_writeback(int, int, int)
                0x00000000c0011220                CPU::cpuid(int, unsigned long*, unsigned long*, unsigned long*, unsigned long*)
                0x00000000c00112a4                CPU::cpuidCheckEDX(unsigned int)
                0x00000000c00112d2                CPU::cpuidCheckECX(unsigned int)
                0x00000000c0011300                CPU::cpuidCheckExtendedEBX(unsigned int)
                0x00000000c001132e                CPU::cpuidCheckExtendedECX(unsigned int)
                0x00000000c001135c                CPU::CPU()
                0x00000000c001135c                CPU::CPU()
                0x00000000c00113ea                CPU::displayFeatures()
                0x00000000c00113ec                CPU::detectFeatures()
                0x00000000c0011ac2                CPU::setupSMEP()
                0x00000000c0011ace                CPU::setupUMIP()
                0x00000000c0011ad8                CPU::setupTSC()
                0x00000000c0011ae2                CPU::setupLargePages()
                0x00000000c0011aec                CPU::setupPAT()
                0x00000000c0011b28                CPU::setupMTRR()
                0x00000000c0011b2a                CPU::setupGlobalPages()
                0x00000000c0011b34                CPU::allowUsermodeDataAccess()
                0x00000000c0011b46                CPU::prohibitUsermodeDataAccess()
                0x00000000c0011b58                CPU::setupSMAP()
                0x00000000c0011b66                CPU::setupFeatures()
                0x00000000c0011c32                CPU::open(int, int, void*)
                0x00000000c0011d1c                CPU::decodeAddress(regs*, int*, bool*, unsigned char*)
 .text          0x00000000c0011f17      0x16a hw/smp.32
                0x00000000c0011f17                Krnl::smpEntry()
                0x00000000c0011f19                Krnl::startCPU(int)
                0x00000000c0012062                Krnl::startCPUs()
 *fill*         0x00000000c0012081        0x1 
 .text          0x00000000c0012082      0x581 krnl/env.32
                0x00000000c0012082                EnvVarContainer::getEnv(char const*)
                0x00000000c00120c0                EnvVarContainer::setEnv(char const*, char const*)
                0x00000000c0012182                EnvVarContainer::deleteEnv(char const*)
                0x00000000c0012184                EnvVarContainer::loadFrom(char const*, char const*)
                0x00000000c001236a                EnvVarContainer::__loadSystem()
                0x00000000c0012384                EnvVarContainer::__loadUser()
                0x00000000c0012386                EnvVarContainer::EnvVarContainer(Process*)
                0x00000000c0012386                EnvVarContainer::EnvVarContainer(Process*)
                0x00000000c00123a8                EnvVarContainer::~EnvVarContainer()
                0x00000000c00123a8                EnvVarContainer::~EnvVarContainer()
                0x00000000c00123d8                Krnl::getEnv(Process*, char const*)
                0x00000000c001243d                Krnl::setEnvSystem(char const*, char const*)
                0x00000000c0012457                Krnl::setEnvUser(char const*, char const*)
                0x00000000c0012476                Krnl::setEnvProcess(Process*, char const*, char const*)
                0x00000000c0012489                Krnl::deleteEnvSystem(char const*)
                0x00000000c001248a                Krnl::deleteEnvUser(char const*)
                0x00000000c001248b                Krnl::deleteEnvProcess(Process*, char const*)
                0x00000000c001248c                Krnl::newProcessEnv(Process*)
                0x00000000c00124ae                Krnl::copyProcessEnv(Process*, Process*)
                0x00000000c00124fa                Krnl::loadSystemEnv()
                0x00000000c0012528                Krnl::loadUserEnv()
                0x00000000c001254e                Krnl::flushEnv()
                0x00000000c001254f                Krnl::getProcessTotalEnvCount(Process*)
                0x00000000c001256f                Krnl::getProcessEnvPair(Process*, int)
 .text          0x00000000c0012603      0x243 krnl/panic.32
                0x00000000c0012603                Krnl::panic(char const*)
 .text          0x00000000c0012846      0x194 krnl/powctrl.32
                0x00000000c0012846                Krnl::powerThread(void*)
                0x00000000c00128c6                Krnl::changePowerSettings(Krnl::PowerSettings)
                0x00000000c00128dc                Krnl::userIOReceived()
                0x00000000c00128e7                Krnl::handlePowerButton()
                0x00000000c001291c                Krnl::handleSleepButton()
                0x00000000c0012951                Krnl::setupPowerManager()
 .text          0x00000000c00129da      0x50e reg/registry.32
                0x00000000c00129da                Reg::findLineFromLoadedData(char*, char*, char*)
                0x00000000c0012b32                Reg::getLineFromRegistry(char*, char*, char*, char*)
                0x00000000c0012c87                Reg::getLine(char*, char*, char*)
                0x00000000c0012cbe                Reg::readInt(char*, char*, int*)
                0x00000000c0012da9                Reg::readString(char*, char*, char*, int)
                0x00000000c0012e2a                Reg::readBool(char*, char*, bool*)
                0x00000000c0012e4f                Reg::readBoolWithDefault(char*, char*, bool)
                0x00000000c0012e7b                Reg::readIntWithDefault(char*, char*, int)
                0x00000000c0012ea7                Reg::readStringWithDefault(char*, char*, char*, int, char*)
 .text          0x00000000c0012ee8       0x36 sys/sc_eject.32
                0x00000000c0012ee8                Sys::eject(regs*)
 .text          0x00000000c0012f1e       0x18 sys/sc_exit.32
                0x00000000c0012f1e                Sys::exit(regs*)
 .text          0x00000000c0012f36       0x1f sys/sc_getcwd.32
                0x00000000c0012f36                Sys::getCwd(regs*)
 .text          0x00000000c0012f55        0xc sys/sc_getpid.32
                0x00000000c0012f55                Sys::getPID(regs*)
 .text          0x00000000c0012f61       0x1a sys/sc_getramdata.32
                0x00000000c0012f61                Sys::getRAMData(regs*)
 .text          0x00000000c0012f7b       0x84 sys/sc_getvgaptr.32
                0x00000000c0012f7b                Sys::getVGAPtr(regs*)
 .text          0x00000000c0012fff       0xa8 sys/sc_loaddll.32
                0x00000000c0012fff                Sys::loadDLL(regs*)
 .text          0x00000000c00130a7       0x68 sys/sc_read.32
                0x00000000c00130a7                Sys::read(regs*)
 .text          0x00000000c001310f       0x55 sys/sc_sbrk.32
                0x00000000c001310f                Sys::sbrk(regs*)
 .text          0x00000000c0013164       0x1c sys/sc_setcwd.32
                0x00000000c0013164                Sys::setCwd(regs*)
 .text          0x00000000c0013180       0x95 sys/sc_settime.32
                0x00000000c0013180                Sys::setTime(regs*)
 .text          0x00000000c0013215       0x4a sys/sc_timezone.32
                0x00000000c0013215                Sys::timezone(regs*)
 .text          0x00000000c001325f       0x68 sys/sc_write.32
                0x00000000c001325f                Sys::write(regs*)
 .text          0x00000000c00132c7       0x62 sys/sc_wsbe.32
                0x00000000c00132c7                Sys::wsbe(regs*)
 .text          0x00000000c0013329       0x25 sys/sc_yield.32
                0x00000000c0013329                Sys::yield(regs*)
 .text          0x00000000c001334e      0xe70 sys/syscalls.32
                0x00000000c001334e                sysCallSeekDir(regs*)
                0x00000000c0013353                sysCallTellDir(regs*)
                0x00000000c0013358                sysCallVerify(regs*)
                0x00000000c0013362                sysCallGetArgc(regs*)
                0x00000000c0013372                sysFormatDisk(regs*)
                0x00000000c00133dc                sysSetDiskVolumeLabel(regs*)
                0x00000000c0013426                sysGetDiskVolumeLabel(regs*)
                0x00000000c001347b                sysShutdown(regs*)
                0x00000000c00134d9                sysCallRealpath(regs*)
                0x00000000c001351c                sysCallReadDir(regs*)
                0x00000000c001359b                sysCallIsATTY(regs*)
                0x00000000c00135f5                sysCallSeek(regs*)
                0x00000000c001364c                sysCallTell(regs*)
                0x00000000c00136b8                sysCallSize(regs*)
                0x00000000c001372a                sysCallSizeFromFilename(regs*)
                0x00000000c00137d9                sysCallClose(regs*)
                0x00000000c0013839                sysCallOpenDir(regs*)
                0x00000000c00138ae                sysCallCloseDir(regs*)
                0x00000000c0013902                sysCallMakeDir(regs*)
                0x00000000c0013972                sysCallWait(regs*)
                0x00000000c001398c                sysCallNotImpl(regs*)
                0x00000000c00139a7                sysPanic(regs*)
                0x00000000c00139c1                sysCallRmdir(regs*)
                0x00000000c0013a25                sysCallUnlink(regs*)
                0x00000000c0013a89                sysCallGetArgv(regs*)
                0x00000000c0013ad5                sysCallTTYName(regs*)
                0x00000000c0013b58                sysCallUSleep(regs*)
                0x00000000c0013b81                sysCallSpawn(regs*)
                0x00000000c0013be9                sysCallGetEnv(regs*)
                0x00000000c0013c96                sysSetFatAttrib(regs*)
                0x00000000c0013d08                sysPipe(regs*)
                0x00000000c0013d4d                sysGetUnixTime(regs*)
                0x00000000c0013d61                string_ends_with(char const*, char const*)
                0x00000000c0013da9                sysCallOpen(regs*)
                0x00000000c0013f91                Sys::loadSyscalls()
                0x00000000c001417c                Sys::systemCall(regs*, void*)
 .text          0x00000000c00141be     0x1203 thr/elf.32
                0x00000000c00141be                Thr::allocateMemoryForTask(Process*, File*, unsigned long, unsigned long, unsigned long)
                0x00000000c0014468                Thr::loadProgramIntoMemory(Process*, char const*)
                0x00000000c001467e                Thr::runtimeReferenceHelper()
                0x00000000c0014691                Thr::getAddressOfKernelSymbol(char const*)
                0x00000000c00146e0                Thr::loadKernelSymbolTable(char const*)
                0x00000000c001499e                Thr::loadDriverIntoMemory(char const*, unsigned long, bool)
                0x00000000c00150d4                Thr::getDriverBaseFromAddress(unsigned long)
                0x00000000c0015106                Thr::getDriverNameFromAddress(unsigned long)
                0x00000000c001513d                Thr::getDriverOffsetFromAddress(unsigned long)
                0x00000000c0015157                Thr::loadDLL(char const*, bool)
                0x00000000c0015388                Thr::executeDLL(unsigned long, void*)
 *fill*         0x00000000c00153c1        0x3 
 .text          0x00000000c00153c4     0x12a1 thr/prcssthr.32
                0x00000000c00153c4                userModeEntryPoint(void*)
                0x00000000c00153ec                changeTSS
                0x00000000c001541c                switchToThread(ThreadControlBlock*)
                0x00000000c00154c8                Process::addArgs(char**)
                0x00000000c0015528                Process::Process(char const*, Process*, char**)
                0x00000000c0015528                Process::Process(char const*, Process*, char**)
                0x00000000c0015714                Process::Process(bool, char const*, Process*, char**)
                0x00000000c0015714                Process::Process(bool, char const*, Process*, char**)
                0x00000000c00158cc                taskStartupFunction
                0x00000000c00158d8                Semaphore::Semaphore(int)
                0x00000000c00158d8                Semaphore::Semaphore(int)
                0x00000000c0015908                Mutex::Mutex()
                0x00000000c0015908                Mutex::Mutex()
                0x00000000c001591c                Process::createThread(void (*)(void*), void*, int)
                0x00000000c0015a14                Process::createUserThread()
                0x00000000c0015a30                setupMultitasking(void (*)())
                0x00000000c0015b38                schedule()
                0x00000000c0015bc4                Semaphore::tryAcquire()
                0x00000000c0015c90                Semaphore::assertLocked(char const*)
                0x00000000c0015d08                blockTaskWithSchedulerLockAlreadyHeld(TaskState)
                0x00000000c0015d30                blockTask(TaskState)
                0x00000000c0015d60                waitTask(int, int*, int)
                0x00000000c0015da4                milliTenthSleepUntil(unsigned int)
                0x00000000c0015e30                milliTenthSleep(unsigned int)
                0x00000000c0015e40                sleep(unsigned int)
                0x00000000c0015e5c                Semaphore::acquire()
                0x00000000c0015f18                taskReturned
                0x00000000c0015f54                Thr::processFromPID(int)
                0x00000000c0015ff4                unblockTask(ThreadControlBlock*)
                0x00000000c0016098                cleanupTerminatedTask(ThreadControlBlock*)
                0x00000000c0016360                cleanerTaskFunction(void*)
                0x00000000c0016450                terminateTask(int)
                0x00000000c001651c                Thr::terminateFromIRQ(int)
                0x00000000c0016528                Semaphore::release()
 .text          0x00000000c0016665      0xb93 vm86/vm8086.32
                0x00000000c0016665                Vm::inbv(unsigned short)
                0x00000000c0016678                Vm::outbv(unsigned short, unsigned char)
                0x00000000c00166ae                Vm::realToLinear(unsigned short, unsigned short)
                0x00000000c00166be                Vm::getSegment(unsigned int)
                0x00000000c00166c6                Vm::getOffset(unsigned int)
                0x00000000c00166cb                Vm::mainloop2()
                0x00000000c0016705                Vm::mainVm8086Loop(void*)
                0x00000000c0016715                Vm::mainloop3(unsigned long)
                0x00000000c001673b                Vm::initialise8086()
                0x00000000c001677e                Vm::finish8086()
                0x00000000c00167df                Vm::getOutput8086(unsigned char*)
                0x00000000c0016804                Vm::start8086FromBuffer(unsigned char*, int, unsigned short, unsigned short, unsigned short, unsigned short)
                0x00000000c00168bd                Vm::start8086(char const*, unsigned short, unsigned short, unsigned short, unsigned short)
                0x00000000c0016a25                Vm::doISR(regs*, int, unsigned char*, unsigned short, unsigned short)
                0x00000000c0016aaf                Vm::readByteFromReal(unsigned short, unsigned short)
                0x00000000c0016ac0                Vm::readWordFromReal(unsigned short, unsigned short)
                0x00000000c0016ad2                Vm::readDwordFromReal(unsigned short, unsigned short)
                0x00000000c0016ae3                Vm::writeByteFromReal(unsigned short, unsigned short, unsigned char)
                0x00000000c0016af8                Vm::writeWordFromReal(unsigned short, unsigned short, unsigned short)
                0x00000000c0016b0e                Vm::writeDwordFromReal(unsigned short, unsigned short, unsigned int)
                0x00000000c0016b23                Vm::faultHandler(regs*)
 .text          0x00000000c00171f8      0xfcd vm86/x87em.32
                0x00000000c00171f8                Vm::fpuInternalTo32(unsigned long long)
                0x00000000c0017256                Vm::fpuInternalTo64(unsigned long long)
                0x00000000c001725f                Vm::fpu32ToInternal(unsigned int)
                0x00000000c00172a4                Vm::fpu64ToInternal(unsigned long long)
                0x00000000c00172ad                Vm::fpuFloatToLong(unsigned long long)
                0x00000000c001730c                Vm::fpuULongToFloat(unsigned long long)
                0x00000000c0017348                Vm::fpuLongToFloat(long long)
                0x00000000c00173a7                Vm::fpuGet0()
                0x00000000c00173ac                Vm::fpuGet1()
                0x00000000c00173b4                Vm::fpuGetPi()
                0x00000000c00173bc                Vm::fpuGetLog2E()
                0x00000000c00173d4                Vm::fpuGetLogE2()
                0x00000000c00173ec                Vm::fpuGetLog210()
                0x00000000c0017404                Vm::fpuGetLog102()
                0x00000000c001741c                Vm::fpuIsSecondLarger(unsigned long long, unsigned long long)
                0x00000000c0017430                Vm::fpuAreEqual(unsigned long long, unsigned long long)
                0x00000000c0017446                Vm::fpuUnorderedCompare(unsigned long long, unsigned long long)
                0x00000000c001749c                Vm::fpuAdd(unsigned long long, unsigned long long)
                0x00000000c00174ad                Vm::fpuAbs(unsigned long long)
                0x00000000c00174b6                Vm::fpuChs(unsigned long long)
                0x00000000c00174c6                Vm::fpuSub(unsigned long long, unsigned long long)
                0x00000000c00174d5                Vm::fpuMultiply(unsigned long long, unsigned long long)
                0x00000000c00174f4                Vm::fpuDivide(unsigned long long, unsigned long long)
                0x00000000c0017510                Vm::fpuSquare(unsigned long long)
                0x00000000c0017526                Vm::fpuGetReg(int)
                0x00000000c0017569                Vm::fpuSetReg(int, unsigned long long)
                0x00000000c00175b5                Vm::fpuPush(unsigned long long)
                0x00000000c0017613                Vm::fpuPop()
                0x00000000c0017666                Vm::x87Handler(regs*)
 .text          0x00000000c00181c5      0x929 arch/i386/hal.32
                0x00000000c00181c5                Hal::noCopro(unsigned long)
                0x00000000c00181c6                Hal::noTSC()
                0x00000000c00181cb                Hal::readTSC()
                0x00000000c00181ce                nmiHandler(regs*, void*)
                0x00000000c00181e7                doubleFault(regs*, void*)
                0x00000000c0018200                displayDebugInfo(regs*)
                0x00000000c0018521                displayProgramFault(char const*)
                0x00000000c001855e                gpFault(regs*, void*)
                0x00000000c00185d3                pgFault(regs*, void*)
                0x00000000c0018645                otherISRHandler(regs*, void*)
                0x00000000c0018699                opcodeFault(regs*, void*)
                0x00000000c0018729                i386SaveCoprocessor(void*)
                0x00000000c001873d                i386LoadCoprocessor(void*)
                0x00000000c0018751                x87EmulHandler(regs*, void*)
                0x00000000c0018804                Hal::initialiseCoprocessor()
                0x00000000c00188b2                Hal::panic(char const*)
                0x00000000c00188b7                Hal::initialise()
                0x00000000c0018a80                Hal::makeBeep(int)
                0x00000000c0018aba                Hal::getRand()
                0x00000000c0018abd                Hal::endOfInterrupt(int)
 *fill*         0x00000000c0018aee        0x2 
 .text          0x00000000c0018af0      0x2dc arch/i386/pic.32
                0x00000000c0018af0                picIoWait()
                0x00000000c0018af8                picDisable()
                0x00000000c0018b2c                picGetIRQReg(int)
                0x00000000c0018ba8                picOpen()
                0x00000000c0018d2c                picEOI(int)
 .text          0x00000000c0018dcc      0x724 arch/i386/rtc.32
                0x00000000c0018dcc                RTC::open(int, int, void*)
                0x00000000c0018dd0                RTC::close(int, int, void*)
                0x00000000c0018dd4                RTC::timeInSecondsUTC()
                0x00000000c0018de6                RTC::timeInDatetimeUTC()
                0x00000000c0018e0c                RTC::setTimeInSecondsUTC(unsigned long long)
                0x00000000c0018e4a                RTC::~RTC()
                0x00000000c0018e4a                RTC::~RTC()
                0x00000000c0018e6e                RTC::~RTC()
                0x00000000c0018e98                RTC::get_update_in_progress_flag()
                0x00000000c0018eb0                RTC::completeRTCRefresh()
                0x00000000c001917a                RTC::setTimeInDatetimeUTC(datetime_t)
                0x00000000c00193f4                rtcIRQHandler(regs*, void*)
                0x00000000c001943a                RTC::RTC()
                0x00000000c001943a                RTC::RTC()
 .text          0x00000000c00194f0      0x1f7 arch/i386/vga.32
                0x00000000c00194f0                Hal::consoleScroll(int, int)
                0x00000000c00195f8                Hal::consoleWriteCharacter(char, int, int, int, int)
                0x00000000c001965c                Hal::consoleCursorUpdate(int, int)
 *fill*         0x00000000c00196e7        0x1 
 .text          0x00000000c00196e8     0x13b7 fs/fat/vfslink.32
                0x00000000c00196e8                FAT::getName()
                0x00000000c00196f0                FAT::tell(void*, unsigned long long*)
                0x00000000c001972c                FAT::stat(void*, unsigned long long*)
                0x00000000c0019768                FAT::~FAT()
                0x00000000c0019768                FAT::~FAT()
                0x00000000c001978c                FAT::~FAT()
                0x00000000c00197b4                FAT::getlabel(LogicalDisk*, int, char*, unsigned int*)
                0x00000000c0019858                FAT::setlabel(LogicalDisk*, int, char*)
                0x00000000c001991c                FAT::format(LogicalDisk*, int, char const*, int)
                0x00000000c0019af0                FAT::tryMount(LogicalDisk*, int)
                0x00000000c0019d08                FAT::allocateSwapfile(char const*, int)
                0x00000000c0019ec4                FAT::readDir(void*, unsigned long, void*, int*)
                0x00000000c001a030                FAT::read(void*, unsigned long, void*, int*)
                0x00000000c001a090                FAT::write(void*, unsigned long, void*, int*)
                0x00000000c001a0f0                FAT::close(void*)
                0x00000000c001a144                FAT::closeDir(void*)
                0x00000000c001a198                FAT::seek(void*, unsigned long long)
                0x00000000c001a1f4                fatWrapperReadDisk
                0x00000000c001a23c                fatWrapperWriteDisk
                0x00000000c001a284                fatWrapperIoctl
                0x00000000c001a394                FAT::FAT()
                0x00000000c001a394                FAT::FAT()
                0x00000000c001a3e8                FAT::fixFilepath(char*)
                0x00000000c001a424                FAT::open(char const*, void**, FileOpenMode)
                0x00000000c001a558                FAT::openDir(char const*, void**)
                0x00000000c001a608                FAT::stat(char const*, unsigned long long*, bool*)
                0x00000000c001a6fc                FAT::unlink(char const*)
                0x00000000c001a77c                FAT::chfatattr(char const*, unsigned char, unsigned char)
                0x00000000c001a8e4                FAT::rename(char const*, char const*)
                0x00000000c001a9b0                FAT::mkdir(char const*)
                0x00000000c001aa30                FAT::exists(char const*)
 *fill*         0x00000000c001aa9f        0x1 
 .text          0x00000000c001aaa0      0xba7 fs/iso9660/vfslink.32
                0x00000000c001aaa0                ISO9660::format(LogicalDisk*, int, char const*, int)
                0x00000000c001aaa6                ISO9660::seek(void*, unsigned long long)
                0x00000000c001aad6                ISO9660::tell(void*, unsigned long long*)
                0x00000000c001aafa                ISO9660::getName()
                0x00000000c001ab00                ISO9660::stat(void*, unsigned long long*)
                0x00000000c001ab24                ISO9660::chfatattr(char const*, unsigned char, unsigned char)
                0x00000000c001ab2a                ISO9660::unlink(char const*)
                0x00000000c001ab30                ISO9660::write(void*, unsigned long, void*, int*)
                0x00000000c001ab36                ISO9660::rename(char const*, char const*)
                0x00000000c001ab3c                ISO9660::mkdir(char const*)
                0x00000000c001ab42                ISO9660::close(void*)
                0x00000000c001ab64                ISO9660::closeDir(void*)
                0x00000000c001ab86                ISO9660::~ISO9660()
                0x00000000c001ab86                ISO9660::~ISO9660()
                0x00000000c001abaa                ISO9660::~ISO9660()
                0x00000000c001abd1                __memmem(unsigned char*, int, unsigned char*, int)
                0x00000000c001ac13                readSectorFromCDROM(unsigned int, unsigned char*, char)
                0x00000000c001ac8e                ISO9660::tryMount(LogicalDisk*, int)
                0x00000000c001acee                ISO9660::read(void*, unsigned long, void*, int*)
                0x00000000c001aef2                ISO9660::readDir(void*, unsigned long, void*, int*)
                0x00000000c001b16c                readRoot(unsigned int*, unsigned int*, char)
                0x00000000c001b1c0                readRecursively(char*, unsigned int, unsigned int, unsigned int*, unsigned int*, char, int*)
                0x00000000c001b396                getFileData(char*, unsigned int*, unsigned int*, char, int*)
                0x00000000c001b424                ISO9660::open(char const*, void**, FileOpenMode)
                0x00000000c001b4d2                ISO9660::exists(char const*)
                0x00000000c001b4f6                ISO9660::stat(char const*, unsigned long long*, bool*)
                0x00000000c001b58a                ISO9660::openDir(char const*, void**)
                0x00000000c001b624                ISO9660::ISO9660()
                0x00000000c001b624                ISO9660::ISO9660()
 *fill*         0x00000000c001b647        0x1 
 .text          0x00000000c001b648      0x298 hal/sound/sndcard.32
                0x00000000c001b648                SoundCard::beginPlayback()
                0x00000000c001b656                SoundCard::stopPlayback()
                0x00000000c001b664                SoundCard::SoundCard(char const*)
                0x00000000c001b664                SoundCard::SoundCard(char const*)
                0x00000000c001b702                SoundCard::~SoundCard()
                0x00000000c001b702                SoundCard::~SoundCard()
                0x00000000c001b726                SoundCard::~SoundCard()
                0x00000000c001b750                SoundCard::configureRates(int, int, int)
                0x00000000c001b780                SoundCard::getSamples16(int, short*)
                0x00000000c001b7ea                SoundCard::getSamples32(int, int*)
                0x00000000c001b870                SoundCard::addChannel(SoundPort*)
                0x00000000c001b8cc                SoundCard::removeChannel(int)
 .text          0x00000000c001b8e0      0x3fb hal/sound/sndport.32
                0x00000000c001b8e0                SoundPort::SoundPort(int, int, int, int)
                0x00000000c001b8e0                SoundPort::SoundPort(int, int, int, int)
                0x00000000c001b96c                SoundPort::~SoundPort()
                0x00000000c001b96c                SoundPort::~SoundPort()
                0x00000000c001b9a0                SoundPort::unpause()
                0x00000000c001b9ac                SoundPort::pause()
                0x00000000c001b9b8                SoundPort::getBufferUsed()
                0x00000000c001b9c0                SoundPort::getBufferSize()
                0x00000000c001b9c8                SoundPort::buffer16(short*, int)
                0x00000000c001ba7c                SoundPort::buffer32(int*, int)
                0x00000000c001bb28                SoundPort::unbufferAndAdd16(int, short*, SoundCard*)
                0x00000000c001bc24                SoundPort::unbufferAndAdd32(int, int*, SoundCard*)
 .text          0x00000000c001bcdb        0x0 hw/bus/isa.32
 *fill*         0x00000000c001bcdb        0x1 
 .text          0x00000000c001bcdc      0xb43 hw/bus/pci.32
                0x00000000c001bcdc                PCI::open(int, int, void*)
                0x00000000c001bcfa                PCI::close(int, int, void*)
                0x00000000c001bcfe                PCI::PCI()
                0x00000000c001bcfe                PCI::PCI()
                0x00000000c001bd94                PCI::readBAR8(unsigned int, int)
                0x00000000c001bdb0                PCI::readBAR16(unsigned int, int)
                0x00000000c001bdce                PCI::readBAR32(unsigned int, int)
                0x00000000c001bdea                PCI::writeBAR8(unsigned int, unsigned char, int)
                0x00000000c001be0a                PCI::writeBAR16(unsigned int, unsigned short, int)
                0x00000000c001be2c                PCI::writeBAR32(unsigned int, unsigned int, int)
                0x00000000c001be4c                PCI::legacyMechanism(unsigned char, unsigned char, unsigned char, unsigned char)
                0x00000000c001beba                PCI::pciReadWord(unsigned char, unsigned char, unsigned char, unsigned char)
                0x00000000c001bf62                PCI::getVendorID(unsigned char, unsigned char, unsigned char)
                0x00000000c001bf86                PCI::getHeaderType(unsigned char, unsigned char, unsigned char)
                0x00000000c001bfae                PCI::getClassCode(unsigned char, unsigned char, unsigned char)
                0x00000000c001bff8                PCI::getProgIF(unsigned char, unsigned char, unsigned char)
                0x00000000c001c020                PCI::getRevisionID(unsigned char, unsigned char, unsigned char)
                0x00000000c001c044                PCI::getInterruptNumber(unsigned char, unsigned char, unsigned char)
                0x00000000c001c068                PCI::getSecondaryBus(unsigned char, unsigned char, unsigned char)
                0x00000000c001c090                PCI::getBARAddress(unsigned char, unsigned char, unsigned char, unsigned char)
                0x00000000c001c0f4                PCI::pciWriteWord(unsigned char, unsigned char, unsigned char, unsigned char, unsigned short)
                0x00000000c001c1dc                PCI::pciDetailsToFilepath(PCIDeviceInfo, char*)
                0x00000000c001c456                PCI::checkBus(unsigned char)
                0x00000000c001c47a                PCI::foundDevice(PCIDeviceInfo)
                0x00000000c001c5ec                PCI::getDeviceData(unsigned char, unsigned char, unsigned char)
                0x00000000c001c760                PCI::checkDevice(unsigned char, unsigned char)
                0x00000000c001c7cc                PCI::detect()
 *fill*         0x00000000c001c81f        0x1 
 .text          0x00000000c001c820      0xb66 hw/diskctrl/ide.32
                0x00000000c001c820                IDE::close(int, int, void*)
                0x00000000c001c824                IDE::IDE()
                0x00000000c001c824                IDE::IDE()
                0x00000000c001c858                IDE::prepareInterrupt(unsigned char)
                0x00000000c001c86a                selectDrive(unsigned char, unsigned char)
                0x00000000c001c86c                IDE::getBase(unsigned char)
                0x00000000c001c87e                IDE::write(unsigned char, unsigned char, unsigned char)
                0x00000000c001c93e                IDE::read(unsigned char, unsigned char)
                0x00000000c001c9ec                IDE::waitInterrupt(unsigned char)
                0x00000000c001ca4e                ideChannel0IRQHandler(regs*, void*)
                0x00000000c001ca6a                ideChannel1IRQHandler(regs*, void*)
                0x00000000c001ca86                IDE::enableIRQs(unsigned char, bool)
                0x00000000c001cacc                IDE::open(int, int, void*)
                0x00000000c001cef6                IDE::readBuffer(unsigned char, unsigned char, unsigned int, unsigned int)
                0x00000000c001cfc2                IDE::detect()
                0x00000000c001d282                IDE::printError(unsigned char, unsigned char, unsigned char)
                0x00000000c001d332                IDE::polling(unsigned char, unsigned int)
 .text          0x00000000c001d386      0x334 hw/diskctrl/satabus.32
                0x00000000c001d386                SATABus::close(int, int, void*)
                0x00000000c001d38a                SATABus::detect()
                0x00000000c001d38c                SATABus::SATABus()
                0x00000000c001d38c                SATABus::SATABus()
                0x00000000c001d412                SATABus::findCmdslot(SATABus::tagHBA_PORT volatile*)
                0x00000000c001d444                SATABus::checkType(SATABus::tagHBA_PORT volatile*)
                0x00000000c001d48c                SATABus::startCmd(SATABus::tagHBA_PORT volatile*)
                0x00000000c001d4ac                SATABus::stopCmd(SATABus::tagHBA_PORT volatile*)
                0x00000000c001d4d6                SATABus::portRebase(SATABus::tagHBA_PORT volatile*, int)
                0x00000000c001d5dc                SATABus::probePort(SATABus::tagHBA_MEM volatile*)
                0x00000000c001d686                SATABus::open(int, int, void*)
 .text          0x00000000c001d6ba      0x684 hw/diskphys/ata.32
                0x00000000c001d6ba                ATA::close(int, int, void*)
                0x00000000c001d6de                ATA::powerSaving(PowerSavingLevel)
                0x00000000c001d6e0                ATA::ATA()
                0x00000000c001d6e0                ATA::ATA()
                0x00000000c001d70e                ATA::flush(bool)
                0x00000000c001d758                ATA::readyForCommand()
                0x00000000c001d7a4                ATA::access(unsigned long long, int, void*, bool)
                0x00000000c001db9a                ATA::read(unsigned long long, int, void*)
                0x00000000c001dbe6                ATA::write(unsigned long long, int, void*)
                0x00000000c001dc48                ATA::detectCHS()
                0x00000000c001dc72                ATA::open(int, int, void*)
 .text          0x00000000c001dd3e      0x645 hw/diskphys/atapi.32
                0x00000000c001dd3e                ATAPI::write(unsigned long long, int, void*)
                0x00000000c001dd44                ATAPI::close(int, int, void*)
                0x00000000c001dd68                ATAPI::ATAPI()
                0x00000000c001dd68                ATAPI::ATAPI()
                0x00000000c001dd96                ATAPI::readyForCommand()
                0x00000000c001dde8                ATAPI::sendPacket(unsigned char*, int, bool, unsigned short*, int)
                0x00000000c001e0a8                ATAPI::diskRemoved()
                0x00000000c001e104                ATAPI::eject()
                0x00000000c001e14c                ATAPI::diskInserted()
                0x00000000c001e168                ATAPI::detectMedia()
                0x00000000c001e224                ATAPI::open(int, int, void*)
                0x00000000c001e304                ATAPI::read(unsigned long long, int, void*)
 *fill*         0x00000000c001e383        0x1 
 .text          0x00000000c001e384      0x402 hw/diskphys/sata.32
                0x00000000c001e384                SATA::close(int, int, void*)
                0x00000000c001e3a8                SATA::powerSaving(PowerSavingLevel)
                0x00000000c001e3aa                SATA::open(int, int, void*)
                0x00000000c001e454                SATA::SATA()
                0x00000000c001e454                SATA::SATA()
                0x00000000c001e482                SATA::access(unsigned long long, int, void*, bool)
                0x00000000c001e6ce                SATA::read(unsigned long long, int, void*)
                0x00000000c001e71a                SATA::write(unsigned long long, int, void*)
 .text          0x00000000c001e786      0x642 hw/diskphys/satapi.32
                0x00000000c001e786                SATAPI::write(unsigned long long, int, void*)
                0x00000000c001e78c                SATAPI::close(int, int, void*)
                0x00000000c001e7b0                SATAPI::SATAPI()
                0x00000000c001e7b0                SATAPI::SATAPI()
                0x00000000c001e7de                SATAPI::diskRemoved()
                0x00000000c001e7e0                SATAPI::diskInserted()
                0x00000000c001e7fc                SATAPI::sendPacket(unsigned char*, int, unsigned long long, unsigned short*, int)
                0x00000000c001ea8a                SATAPI::eject()
                0x00000000c001eac6                SATAPI::detectMedia()
                0x00000000c001ebf0                SATAPI::open(int, int, void*)
                0x00000000c001ecf0                SATAPI::read(unsigned long long, int, void*)
 .text          0x00000000c001edc8      0x43f hw/intctrl/apic.32
                0x00000000c001edc8                IOAPIC::close(int, int, void*)
                0x00000000c001edce                apicGetBase()
                0x00000000c001ee10                IOAPIC::IOAPIC()
                0x00000000c001ee10                IOAPIC::IOAPIC()
                0x00000000c001ee38                apicOpen()
                0x00000000c001ef92                IOAPIC::handlesGSIWithNumber(unsigned int)
                0x00000000c001efc4                IOAPIC::read(int)
                0x00000000c001efec                IOAPIC::open(int, int, void*)
                0x00000000c001f0e2                IOAPIC::write(int, int)
                0x00000000c001f10e                IOAPIC::redirect(unsigned char, unsigned long long, unsigned char, bool, bool)
 *fill*         0x00000000c001f207        0x1 
 .text          0x00000000c001f208       0xf0 hw/timer/apictimer.32
                0x00000000c001f208                APICTimer::close(int, int, void*)
                0x00000000c001f210                apicTimerHandler(regs*, void*)
                0x00000000c001f238                APICTimer::open(int, int, void*)
                0x00000000c001f2a8                APICTimer::write(int)
                0x00000000c001f2d0                APICTimer::APICTimer()
                0x00000000c001f2d0                APICTimer::APICTimer()
 .text          0x00000000c001f2f8      0x1a3 hw/timer/pit.32
                0x00000000c001f2f8                PIT::write(int)
                0x00000000c001f378                pitHandler(regs*, void*)
                0x00000000c001f39c                PIT::open(int, int, void*)
                0x00000000c001f3ec                PIT::close(int, int, void*)
                0x00000000c001f41c                PIT::PIT()
                0x00000000c001f41c                PIT::PIT()
 *fill*         0x00000000c001f49b        0x5 
 .text          0x00000000c001f4a0       0x83 arch/i386/avx.32
                0x00000000c001f4a0                avxDetect
                0x00000000c001f4ca                avxSave
                0x00000000c001f4db                avxLoad
                0x00000000c001f4ec                avxInit
                0x00000000c001f50e                avxClose
                0x00000000c001f50f                wouldSheSayYes
 *fill*         0x00000000c001f523        0xd 
 .text          0x00000000c001f530      0x1d6 arch/i386/interrupt.32
                0x00000000c001f530                isr0
                0x00000000c001f540                isr1
                0x00000000c001f54a                isr2
                0x00000000c001f554                isr3
                0x00000000c001f55e                isr4
                0x00000000c001f568                isr5
                0x00000000c001f572                isr6
                0x00000000c001f57c                isr7
                0x00000000c001f586                isr8
                0x00000000c001f58e                isr9
                0x00000000c001f598                isr10
                0x00000000c001f5a0                isr11
                0x00000000c001f5a8                isr12
                0x00000000c001f5b0                isr13
                0x00000000c001f5b8                isr14
                0x00000000c001f5c0                isr15
                0x00000000c001f5ca                isr16
                0x00000000c001f5d4                isr17
                0x00000000c001f5de                isr18
                0x00000000c001f5e8                irq3
                0x00000000c001f5f2                irq4
                0x00000000c001f5fc                irq5
                0x00000000c001f606                irq6
                0x00000000c001f610                irq7
                0x00000000c001f61a                irq8
                0x00000000c001f624                irq9
                0x00000000c001f62e                irq10
                0x00000000c001f638                irq11
                0x00000000c001f642                irq12
                0x00000000c001f64c                irq13
                0x00000000c001f656                irq14
                0x00000000c001f660                irq15
                0x00000000c001f66a                irq1
                0x00000000c001f671                irq2
                0x00000000c001f678                isr96
                0x00000000c001f67f                irq0
                0x00000000c001f684                int_common_stub
                0x00000000c001f684                syscall_common_stub
                0x00000000c001f6b6                irq16
                0x00000000c001f6c0                irq17
                0x00000000c001f6ca                irq18
                0x00000000c001f6d4                irq19
                0x00000000c001f6de                irq20
                0x00000000c001f6e8                irq21
                0x00000000c001f6f2                irq22
                0x00000000c001f6fc                irq23
 *fill*         0x00000000c001f706        0xa 
 .text          0x00000000c001f710       0x10 arch/i386/rdrand.32
                0x00000000c001f710                i386GetRDRAND
 .text          0x00000000c001f720       0x39 arch/i386/sse.32
                0x00000000c001f720                absolutelyNoChanceInHell
                0x00000000c001f720                sseDetect
                0x00000000c001f738                sseSave
                0x00000000c001f740                sseLoad
                0x00000000c001f748                sseInit
                0x00000000c001f758                sseClose
 *fill*         0x00000000c001f759        0x7 
 .text          0x00000000c001f760       0x49 arch/i386/x87.32
                0x00000000c001f766                x87Detect
                0x00000000c001f781                x87Save
                0x00000000c001f788                x87Load
                0x00000000c001f78f                x87Init
                0x00000000c001f7a8                x87Close
 *fill*         0x00000000c001f7a9        0x3 
 .text          0x00000000c001f7ac       0x25 /cygdrive/d/Users/Alex/Desktop/Toolchain/Output/bin/../lib/gcc/i386-banana/8.1.0/crtend.o
 .text          0x00000000c001f7d1        0x0 crtn.32
 *fill*         0x00000000c001f7d1        0x3 
 .text          0x00000000c001f7d4      0x14b /cygdrive/d/Users/Alex/Desktop/Toolchain/Output/bin/../lib/gcc/i386-banana/8.1.0/libkgcc.a(_divdi3.o)
                0x00000000c001f7d4                __divdi3
 *fill*         0x00000000c001f91f        0x1 
 .text          0x00000000c001f920      0x17e /cygdrive/d/Users/Alex/Desktop/Toolchain/Output/bin/../lib/gcc/i386-banana/8.1.0/libkgcc.a(_moddi3.o)
                0x00000000c001f920                __moddi3
 *fill*         0x00000000c001fa9e        0x2 
 .text          0x00000000c001faa0       0xff /cygdrive/d/Users/Alex/Desktop/Toolchain/Output/bin/../lib/gcc/i386-banana/8.1.0/libkgcc.a(_udivdi3.o)
                0x00000000c001faa0                __udivdi3
 *fill*         0x00000000c001fb9f        0x1 
 .text          0x00000000c001fba0      0x11a /cygdrive/d/Users/Alex/Desktop/Toolchain/Output/bin/../lib/gcc/i386-banana/8.1.0/libkgcc.a(_umoddi3.o)
                0x00000000c001fba0                __umoddi3
 *(.gnu.linkonce.t*)

.iplt           0x00000000c001fcc0        0x0
 .iplt          0x00000000c001fcc0        0x0 D:/Users/Alex/Desktop/Banana/kernel/boot.32

.init           0x00000000c001fcba        0xf
 .init          0x00000000c001fcba        0x3 crti.32
                0x00000000c001fcba                _init
 .init          0x00000000c001fcbd        0x5 /cygdrive/d/Users/Alex/Desktop/Toolchain/Output/bin/../lib/gcc/i386-banana/8.1.0/crtbegin.o
 .init          0x00000000c001fcc2        0x5 /cygdrive/d/Users/Alex/Desktop/Toolchain/Output/bin/../lib/gcc/i386-banana/8.1.0/crtend.o
 .init          0x00000000c001fcc7        0x2 crtn.32

.fini           0x00000000c001fcc9        0xa
 .fini          0x00000000c001fcc9        0x3 crti.32
                0x00000000c001fcc9                _fini
 .fini          0x00000000c001fccc        0x5 /cygdrive/d/Users/Alex/Desktop/Toolchain/Output/bin/../lib/gcc/i386-banana/8.1.0/crtbegin.o
 .fini          0x00000000c001fcd1        0x2 crtn.32

.text._ZN8ComputerD2Ev
                0x00000000c001fcd4       0x23
 .text._ZN8ComputerD2Ev
                0x00000000c001fcd4       0x23 core/computer.32
                0x00000000c001fcd4                Computer::~Computer()
                0x00000000c001fcd4                Computer::~Computer()

.text._ZN8ComputerD0Ev
                0x00000000c001fcf8       0x2a
 .text._ZN8ComputerD0Ev
                0x00000000c001fcf8       0x2a core/computer.32
                0x00000000c001fcf8                Computer::~Computer()

.text._Z10idleCommonv
                0x00000000c001fd22       0x21
 .text._Z10idleCommonv
                0x00000000c001fd22       0x21 core/idle.32
                0x00000000c001fd22                idleCommon()

.text._ZN10LinkedListI8UnixFileED2Ev
                0x00000000c001fd44        0x2
 .text._ZN10LinkedListI8UnixFileED2Ev
                0x00000000c001fd44        0x2 core/unixfile.32
                0x00000000c001fd44                LinkedList<UnixFile>::~LinkedList()
                0x00000000c001fd44                LinkedList<UnixFile>::~LinkedList()

.text._ZN10LinkedListI8UnixFileEC2Ev
                0x00000000c001fd46       0x42
 .text._ZN10LinkedListI8UnixFileEC2Ev
                0x00000000c001fd46       0x42 core/unixfile.32
                0x00000000c001fd46                LinkedList<UnixFile>::LinkedList()
                0x00000000c001fd46                LinkedList<UnixFile>::LinkedList()

.text._ZN10LinkedListI8UnixFileE10addElementEPS0_
                0x00000000c001fd88       0xd3
 .text._ZN10LinkedListI8UnixFileE10addElementEPS0_
                0x00000000c001fd88       0xd3 core/unixfile.32
                0x00000000c001fd88                LinkedList<UnixFile>::addElement(UnixFile*)

.text._ZN10LinkedListI8UnixFileE15getFirstElementEv
                0x00000000c001fe5c        0x7
 .text._ZN10LinkedListI8UnixFileE15getFirstElementEv
                0x00000000c001fe5c        0x7 core/unixfile.32
                0x00000000c001fe5c                LinkedList<UnixFile>::getFirstElement()

.text._ZN10LinkedListI8UnixFileE11removeFirstEv
                0x00000000c001fe64       0xa1
 .text._ZN10LinkedListI8UnixFileE11removeFirstEv
                0x00000000c001fe64       0xa1 core/unixfile.32
                0x00000000c001fe64                LinkedList<UnixFile>::removeFirst()

.text._ZN10LinkedListI8UnixFileE7getNextEPS0_
                0x00000000c001ff06        0x8
 .text._ZN10LinkedListI8UnixFileE7getNextEPS0_
                0x00000000c001ff06        0x8 core/unixfile.32
                0x00000000c001ff06                LinkedList<UnixFile>::getNext(UnixFile*)

.text._ZN16DriverlessDeviceD2Ev
                0x00000000c001ff0e       0x1a
 .text._ZN16DriverlessDeviceD2Ev
                0x00000000c001ff0e       0x1a hal/device.32
                0x00000000c001ff0e                DriverlessDevice::~DriverlessDevice()
                0x00000000c001ff0e                DriverlessDevice::~DriverlessDevice()

.text._ZN16DriverlessDeviceD0Ev
                0x00000000c001ff28       0x2a
 .text._ZN16DriverlessDeviceD0Ev
                0x00000000c001ff28       0x2a hal/device.32
                0x00000000c001ff28                DriverlessDevice::~DriverlessDevice()

.text._ZN10LinkedListI6DeviceE10addElementEPS0_
                0x00000000c001ff52       0xdc
 .text._ZN10LinkedListI6DeviceE10addElementEPS0_
                0x00000000c001ff52       0xdc hal/device.32
                0x00000000c001ff52                LinkedList<Device>::addElement(Device*)

.text._ZN10LinkedListI6DeviceEC2Ev
                0x00000000c002002e       0x42
 .text._ZN10LinkedListI6DeviceEC2Ev
                0x00000000c002002e       0x42 hal/device.32
                0x00000000c002002e                LinkedList<Device>::LinkedList()
                0x00000000c002002e                LinkedList<Device>::LinkedList()

.text._ZN10LinkedListIV18ThreadControlBlockE7isEmptyEv
                0x00000000c0020070       0x1c
 .text._ZN10LinkedListIV18ThreadControlBlockE7isEmptyEv
                0x00000000c0020070       0x1c hal/timer.32
                0x00000000c0020070                LinkedList<ThreadControlBlock volatile>::isEmpty()

.text._ZN10LinkedListIV18ThreadControlBlockE15getFirstElementEv
                0x00000000c002008c        0x7
 .text._ZN10LinkedListIV18ThreadControlBlockE15getFirstElementEv