Archive member included to satisfy reference by file (symbol)

/cygdrive/d/Users/Alex/Desktop/Toolchain/Output/bin/../lib/gcc/i386-banana/8.1.0/libkgcc.a(_divdi3.o)
                              fs/fat/ff.32 (__divdi3)
/cygdrive/d/Users/Alex/Desktop/Toolchain/Output/bin/../lib/gcc/i386-banana/8.1.0/libkgcc.a(_moddi3.o)
                              compat/resolve.32 (__moddi3)
/cygdrive/d/Users/Alex/Desktop/Toolchain/Output/bin/../lib/gcc/i386-banana/8.1.0/libkgcc.a(_udivdi3.o)
                              fs/fat/ff.32 (__udivdi3)
/cygdrive/d/Users/Alex/Desktop/Toolchain/Output/bin/../lib/gcc/i386-banana/8.1.0/libkgcc.a(_umoddi3.o)
                              compat/resolve.32 (__umoddi3)
D:/Users/Alex/Desktop/Banana/kernel/libsoftfp.a(sfieeelib.o)
                              hal/sound/sndhw.32 (__addsf3)
D:/Users/Alex/Desktop/Banana/kernel/libsoftfp.a(dfieeelib.o)
                              hal/libresample/src_linear.32 (__adddf3)
D:/Users/Alex/Desktop/Banana/kernel/libsoftfp.a(sfdfcvt.o)
                              hal/libresample/samplerate.32 (__truncdfsf2)
D:/Users/Alex/Desktop/Banana/kernel/libk/libm32.a(s_fabs.c.o)
                              hal/libresample/samplerate.32 (fabs)
D:/Users/Alex/Desktop/Banana/kernel/libk/libm32.a(s_lrint.S.o)
                              hal/libresample/samplerate.32 (lrint)
D:/Users/Alex/Desktop/Banana/kernel/libk/libm32.a(s_lrintf.S.o)
                              hal/sound/sndhw.32 (lrintf)

Discarded input sections

 .comment       0x0000000000000000       0x12 /cygdrive/d/Users/Alex/Desktop/Toolchain/Output/bin/../lib/gcc/i386-banana/8.1.0/crtbegin.o
 .comment       0x0000000000000000       0x12 acpica/utclib.32
 .comment       0x0000000000000000       0x12 core/malloc.32
 .comment       0x0000000000000000       0x12 libk/string.32
 .comment       0x0000000000000000       0x12 fs/fat/diskio.32
 .comment       0x0000000000000000       0x12 fs/fat/ff.32
 .comment       0x0000000000000000       0x12 fs/fat/ffsystem.32
 .comment       0x0000000000000000       0x12 fs/fat/ffunicode.32
 .comment       0x0000000000000000       0x12 hal/libresample/samplerate.32
 .comment       0x0000000000000000       0x12 hal/libresample/src_linear.32
 .comment       0x0000000000000000       0x12 hal/libresample/src_sinc.32
 .comment       0x0000000000000000       0x12 hal/libresample/src_zoh.32
 .comment       0x0000000000000000       0x12 compat/inlines.32
 .comment       0x0000000000000000       0x12 compat/resolve.32
 .group         0x0000000000000000       0x14 core/computer.32
 .group         0x0000000000000000        0xc core/computer.32
 .comment       0x0000000000000000       0x12 core/computer.32
 .comment       0x0000000000000000       0x12 core/gdt.32
 .group         0x0000000000000000        0xc core/idle.32
 .comment       0x0000000000000000       0x12 core/idle.32
 .comment       0x0000000000000000       0x12 core/idt.32
 .comment       0x0000000000000000       0x12 core/kheap.32
 .comment       0x0000000000000000       0x12 core/main.32
 .comment       0x0000000000000000       0x12 core/physmgr.32
 .group         0x0000000000000000        0xc core/pipe.32
 .comment       0x0000000000000000       0x12 core/pipe.32
 .group         0x0000000000000000        0xc core/terminal.32
 .comment       0x0000000000000000       0x12 core/terminal.32
 .comment       0x0000000000000000       0x12 core/tss.32
 .group         0x0000000000000000        0x8 core/unixfile.32
 .group         0x0000000000000000        0xc core/unixfile.32
 .group         0x0000000000000000        0xc core/unixfile.32
 .group         0x0000000000000000        0x8 core/unixfile.32
 .group         0x0000000000000000        0xc core/unixfile.32
 .group         0x0000000000000000        0x8 core/unixfile.32
 .group         0x0000000000000000        0xc core/unixfile.32
 .group         0x0000000000000000        0xc core/unixfile.32
 .comment       0x0000000000000000       0x12 core/unixfile.32
 .comment       0x0000000000000000       0x12 core/virtmgr.32
 .comment       0x0000000000000000       0x12 coreobjs/c++.32
 .comment       0x0000000000000000       0x12 dbg/kconsole.32
 .group         0x0000000000000000        0xc fs/vfs.32
 .group         0x0000000000000000        0xc fs/vfs.32
 .group         0x0000000000000000        0xc fs/vfs.32
 .comment       0x0000000000000000       0x12 fs/vfs.32
 .group         0x0000000000000000        0xc hal/bus.32
 .comment       0x0000000000000000       0x12 hal/bus.32
 .group         0x0000000000000000        0xc hal/buzzer.32
 .comment       0x0000000000000000       0x12 hal/buzzer.32
 .group         0x0000000000000000        0xc hal/clock.32
 .comment       0x0000000000000000       0x12 hal/clock.32
 .group         0x0000000000000000       0x14 hal/device.32
 .group         0x0000000000000000        0xc hal/device.32
 .group         0x0000000000000000        0xc hal/device.32
 .group         0x0000000000000000        0xc hal/device.32
[...]
Memory Configuration

Name             Origin             Length             Attributes
*default*        0x0000000000000000 0xffffffffffffffff

Linker script and memory map

LOAD D:/Users/Alex/Desktop/Banana/kernel/boot.32
LOAD crti.32
LOAD /cygdrive/d/Users/Alex/Desktop/Toolchain/Output/bin/../lib/gcc/i386-banana/8.1.0/crtbegin.o
LOAD D:/Users/Alex/Desktop/Banana/kernel/morenasm.32
LOAD acpica/utclib.32
LOAD core/malloc.32
LOAD libk/string.32
LOAD fs/fat/diskio.32
LOAD fs/fat/ff.32
LOAD fs/fat/ffsystem.32
LOAD fs/fat/ffunicode.32
LOAD hal/libresample/samplerate.32
LOAD hal/libresample/src_linear.32
LOAD hal/libresample/src_sinc.32
LOAD hal/libresample/src_zoh.32
LOAD compat/inlines.32
LOAD compat/resolve.32
LOAD core/computer.32
LOAD core/gdt.32
LOAD core/idle.32
LOAD core/idt.32
LOAD core/kheap.32
LOAD core/main.32
LOAD core/physmgr.32
LOAD core/pipe.32
LOAD core/terminal.32
LOAD core/tss.32
LOAD core/unixfile.32
LOAD core/virtmgr.32
LOAD coreobjs/c++.32
LOAD dbg/kconsole.32
LOAD fs/vfs.32
LOAD hal/bus.32
LOAD hal/buzzer.32
LOAD hal/clock.32
LOAD hal/device.32
LOAD hal/diskctrl.32
LOAD hal/diskphys.32
LOAD hal/fpu.32
LOAD hal/intctrl.32
LOAD hal/keybrd.32
LOAD hal/logidisk.32
LOAD hal/mouse.32
LOAD hal/partition.32
LOAD hal/serial.32
LOAD hal/timer.32
LOAD hal/vcache.32
LOAD hal/video.32
LOAD hw/acpi.32
LOAD hw/cpu.32
LOAD hw/ports.32
LOAD hw/smp.32
LOAD krnl/env.32
LOAD krnl/panic.32
LOAD net/ethernet.32
LOAD reg/registry.32
LOAD sys/sc_eject.32
LOAD sys/sc_exit.32
LOAD sys/sc_getcwd.32
LOAD sys/sc_getpid.32
LOAD sys/sc_getramdata.32
LOAD sys/sc_loaddll.32
LOAD sys/sc_read.32
LOAD sys/sc_sbrk.32
LOAD sys/sc_setcwd.32
LOAD sys/sc_settime.32
LOAD sys/sc_timezone.32
LOAD sys/sc_write.32
LOAD sys/sc_wsbe.32
LOAD sys/sc_yield.32
LOAD sys/syscalls.32
LOAD thr/elf.32
LOAD thr/prcssthr.32
LOAD vm86/vm8086.32
LOAD vm86/x87em.32
LOAD fs/fat/vfslink.32
LOAD fs/iso9660/vfslink.32
LOAD hal/sound/sndchannel.32
LOAD hal/sound/sndhw.32
LOAD hw/bus/isa.32
LOAD hw/bus/pci.32
LOAD hw/diskctrl/ide.32
LOAD hw/diskctrl/satabus.32
LOAD hw/diskphys/ata.32
LOAD hw/diskphys/atapi.32
LOAD hw/diskphys/sata.32
LOAD hw/diskphys/satapi.32
LOAD hw/fpu/avx.32
LOAD hw/fpu/mmx.32
LOAD hw/fpu/sse.32
LOAD hw/fpu/x87.32
LOAD hw/intctrl/apic.32
LOAD hw/intctrl/pic.32
LOAD hw/timer/apictimer.32
LOAD hw/timer/pit.32
LOAD hw/fpu/x86/avx.32
LOAD hw/fpu/x86/sse.32
LOAD hw/fpu/x86/x87.32
LOAD /cygdrive/d/Users/Alex/Desktop/Toolchain/Output/bin/../lib/gcc/i386-banana/8.1.0/crtend.o
LOAD crtn.32
LOAD /cygdrive/d/Users/Alex/Desktop/Toolchain/Output/bin/../lib/gcc/i386-banana/8.1.0/libkgcc.a
LOAD D:/Users/Alex/Desktop/Banana/kernel/libsoftfp.a
LOAD D:/Users/Alex/Desktop/Banana/kernel/libk/libm32.a
                0x00000000c0000000                . = 0xc0000000

.text           0x00000000c0000000    0x28608
 *(.text)
 .text          0x00000000c0000000       0x41 D:/Users/Alex/Desktop/Banana/kernel/boot.32
                0x00000000c0000020                callGlobalConstructors
 .text          0x00000000c0000041        0x0 crti.32
 *fill*         0x00000000c0000041        0x3 
 .text          0x00000000c0000044      0x101 /cygdrive/d/Users/Alex/Desktop/Toolchain/Output/bin/../lib/gcc/i386-banana/8.1.0/crtbegin.o
 *fill*         0x00000000c0000145        0xb 
 .text          0x00000000c0000150      0x4ed D:/Users/Alex/Desktop/Banana/kernel/morenasm.32
                0x00000000c0000150                manualPCIProbe
                0x00000000c000019b                prepareTramp
                0x00000000c00001b4                voodooXADD
                0x00000000c000027f                doTPAUSE
                0x00000000c0000289                hasLegacyFPU
                0x00000000c00002ae                is486
                0x00000000c00002e4                detectCPUID
                0x00000000c00002fa                goToVM86
                0x00000000c000032a                goToUsermode
                0x00000000c0000354                switchToThreadASMFirstTime
                0x00000000c0000362                switchToThreadASM
                0x00000000c00003ea                asmQuickAcquireLock
                0x00000000c0000408                asmQuickReleaseLock
                0x00000000c0000414                asmAcquireLock
                0x00000000c0000435                asmReleaseLock
                0x00000000c0000448                loadGDT
                0x00000000c0000468                isr0
                0x00000000c0000478                isr1
                0x00000000c0000482                isr2
                0x00000000c000048c                isr3
                0x00000000c0000496                isr4
                0x00000000c00004a0                isr5
                0x00000000c00004aa                isr6
                0x00000000c00004b4                isr7
                0x00000000c00004be                isr8
                0x00000000c00004c6                isr9
                0x00000000c00004d0                isr10
                0x00000000c00004d8                isr11
                0x00000000c00004e0                isr12
                0x00000000c00004e8                isr13
                0x00000000c00004f0                isr14
                0x00000000c00004f8                isr15
                0x00000000c0000502                isr16
                0x00000000c000050c                isr17
                0x00000000c0000516                isr18
                0x00000000c0000520                irq3
                0x00000000c000052a                irq4
                0x00000000c0000534                irq5
                0x00000000c000053e                irq6
                0x00000000c0000548                irq7
                0x00000000c0000552                irq8
                0x00000000c000055c                irq9
                0x00000000c0000566                irq10
                0x00000000c0000570                irq11
                0x00000000c000057a                irq12
                0x00000000c0000584                irq13
                0x00000000c000058e                irq14
                0x00000000c0000598                irq15
                0x00000000c00005a2                irq1
                0x00000000c00005a9                irq2
                0x00000000c00005b0                isr96
                0x00000000c00005b7                irq0
                0x00000000c00005bc                int_common_stub
                0x00000000c00005bc                syscall_common_stub
                0x00000000c00005ed                irq16
                0x00000000c00005f7                irq17
                0x00000000c0000601                irq18
                0x00000000c000060b                irq19
                0x00000000c0000615                irq20
                0x00000000c000061f                irq21
                0x00000000c0000629                irq22
                0x00000000c0000633                irq23
 *fill*         0x00000000c000063d        0x3 
 .text          0x00000000c0000640      0x611 acpica/utclib.32
                0x00000000c0000640                memcmp
                0x00000000c000067c                memmove
                0x00000000c0000744                memcpy
                0x00000000c0000778                memset
                0x00000000c0000794                strlen
                0x00000000c00007ac                strpbrk
                0x00000000c00007e8                strtok
                0x00000000c0000834                strcpy
                0x00000000c0000858                strncpy
                0x00000000c00008c0                strcmp
                0x00000000c0000900                strchr
                0x00000000c0000924                strncmp
                0x00000000c0000974                strcat
                0x00000000c00009a4                strncat
                0x00000000c00009e0                strstr
                0x00000000c0000a28                toupper
                0x00000000c0000a3c                tolower
                0x00000000c0000a50                simple_strtoul
 .text          0x00000000c0000c51      0xfbf core/malloc.32
                0x00000000c0000dbc                dlfree
                0x00000000c0001117                dlmalloc
                0x00000000c0001654                dlrealloc
                0x00000000c0001809                dlmemalign
                0x00000000c000192c                dlcalloc
                0x00000000c00019c6                dlcfree
                0x00000000c00019cb                dlindependent_calloc
                0x00000000c00019f0                dlindependent_comalloc
                0x00000000c0001a07                dlvalloc
                0x00000000c0001a32                dlpvalloc
                0x00000000c0001a68                dlmalloc_trim
                0x00000000c0001a75                dlmalloc_usable_size
                0x00000000c0001aa6                dlmallinfo
                0x00000000c0001b75                dlmalloc_stats
                0x00000000c0001b86                dlmallopt
 .text          0x00000000c0001c10        0x0 libk/string.32
 .text          0x00000000c0001c10       0x51 fs/fat/diskio.32
                0x00000000c0001c10                disk_status
                0x00000000c0001c13                disk_initialize
                0x00000000c0001c16                disk_read
                0x00000000c0001c2c                disk_write
                0x00000000c0001c42                disk_ioctl
 .text          0x00000000c0001c61     0x6833 fs/fat/ff.32
                0x00000000c0004f2f                f_mount
                0x00000000c0004f91                f_open
                0x00000000c00053cd                f_read
                0x00000000c000564d                f_write
                0x00000000c0005907                f_sync
                0x00000000c0005ae3                f_close
                0x00000000c0005b12                f_lseek
                0x00000000c0005fc9                f_opendir
                0x00000000c00060cb                f_closedir
                0x00000000c00060ed                f_readdir
                0x00000000c0006188                f_stat
                0x00000000c0006217                f_getfree
                0x00000000c00063e2                f_truncate
                0x00000000c00064da                f_unlink
                0x00000000c000665d                f_mkdir
                0x00000000c0006889                f_rename
                0x00000000c0006b7c                f_chmod
                0x00000000c0006c5a                f_utime
                0x00000000c0006d38                f_getlabel
                0x00000000c0006f26                f_setlabel
                0x00000000c0007193                f_forward
                0x00000000c0007371                f_mkfs
 .text          0x00000000c0008494       0x2d fs/fat/ffsystem.32
                0x00000000c0008494                ff_memalloc
                0x00000000c00084aa                ff_memfree
 .text          0x00000000c00084c1      0x253 fs/fat/ffunicode.32
                0x00000000c00084c1                ff_uni2oem
                0x00000000c0008551                ff_oem2uni
                0x00000000c00085bd                ff_wtoupper
 .text          0x00000000c0008714      0x8fb hal/libresample/samplerate.32
                0x00000000c0008758                src_delete
                0x00000000c0008794                src_process
                0x00000000c000894a                src_callback_read
                0x00000000c0008ac7                src_set_ratio
                0x00000000c0008b31                src_get_channels
                0x00000000c0008b53                src_reset
                0x00000000c0008b9f                src_new
                0x00000000c0008c2d                src_callback_new
                0x00000000c0008c8f                src_get_name
                0x00000000c0008cc6                src_get_description
                0x00000000c0008cfd                src_get_version
                0x00000000c0008d03                src_is_valid_ratio
                0x00000000c0008d57                src_error
                0x00000000c0008d65                src_strerror
                0x00000000c0008d78                src_simple
                0x00000000c0008dcb                src_short_to_float_array
                0x00000000c0008e30                src_float_to_short_array
                0x00000000c0008eef                src_int_to_float_array
                0x00000000c0008f52                src_float_to_int_array
 .text          0x00000000c000900f      0x8cb hal/libresample/src_linear.32
                0x00000000c0009835                linear_get_name
                0x00000000c0009844                linear_get_description
                0x00000000c0009853                linear_set_converter
 .text          0x00000000c00098da     0x447c hal/libresample/src_sinc.32
                0x00000000c000dc6d                sinc_get_name
                0x00000000c000dc80                sinc_get_description
                0x00000000c000dc93                sinc_set_converter
 .text          0x00000000c000dd56      0x77c hal/libresample/src_zoh.32
                0x00000000c000e42d                zoh_get_name
                0x00000000c000e43c                zoh_get_description
                0x00000000c000e44b                zoh_set_converter
 .text          0x00000000c000e4d2       0x23 compat/inlines.32
                0x00000000c000e4d2                CPU::current()
                0x00000000c000e4df                operator new(unsigned long)
 .text          0x00000000c000e4f5      0x111 compat/resolve.32
                0x00000000c000e4f5                Krnl::resolveCompatibilitySymbol(char*)
 .text          0x00000000c000e606      0xa17 core/computer.32
                0x00000000c000e606                Computer::close(int, int, void*)
                0x00000000c000e64a                Krnl::firstTask()
                0x00000000c000e73a                Computer::Computer()
                0x00000000c000e73a                Computer::Computer()
                0x00000000c000e896                Computer::setBootMessage(char const*)
                0x00000000c000e898                Computer::detectFeatures()
                0x00000000c000eaa2                Computer::displayFeatures()
                0x00000000c000ede8                Computer::rdmsr(unsigned int)
                0x00000000c000ee14                Computer::wrmsr(unsigned int, unsigned long long)
                0x00000000c000ee4c                Computer::nmiEnabled()
                0x00000000c000ee58                Computer::readCMOS(unsigned char)
                0x00000000c000ee72                Computer::enableNMI(bool)
                0x00000000c000ee8a                Computer::open(int, int, void*)
                0x00000000c000ef60                Computer::disableNMI()
                0x00000000c000ef6e                Computer::writeCMOS(unsigned char, unsigned char)
                0x00000000c000ef8c                Computer::handleNMI()
                0x00000000c000eff2                Computer::setDiskActivityLight(int, bool)
 *fill*         0x00000000c000f01d        0x1 
 .text          0x00000000c000f01e      0x1b7 core/gdt.32
                0x00000000c000f01e                GDTEntry::setBase(unsigned int)
                0x00000000c000f03a                GDTEntry::setLimit(unsigned int)
                0x00000000c000f058                GDT::GDT()
                0x00000000c000f058                GDT::GDT()
                0x00000000c000f06e                GDT::addEntry(GDTEntry)
                0x00000000c000f0aa                GDT::getNumberOfEntries()
                0x00000000c000f0b2                GDT::flush()
                0x00000000c000f0d4                GDT::setup()
 .text          0x00000000c000f1d5       0x62 core/idle.32
                0x00000000c000f1d5                idleFunction(void*)
 *fill*         0x00000000c000f237        0x1 
 .text          0x00000000c000f238      0x45f core/idt.32
                0x00000000c000f238                IDTEntry::IDTEntry(bool)
                0x00000000c000f238                IDTEntry::IDTEntry(bool)
                0x00000000c000f2a6                IDTEntry::setOffset(unsigned int)
                0x00000000c000f2ba                IDT::IDT()
                0x00000000c000f2ba                IDT::IDT()
                0x00000000c000f2bc                IDT::getPointerToInvalidOpcodeEntryForF00F()
                0x00000000c000f2c4                IDT::addEntry(IDTEntry, int)
                0x00000000c000f2de                IDT::addEntry(int, void (*)(), bool)
                0x00000000c000f316                IDT::flush()
                0x00000000c000f330                IDT::setup()
 .text          0x00000000c000f697      0x203 core/kheap.32
                0x00000000c000f697                sbrk
                0x00000000c000f7a5                mmap
                0x00000000c000f7bb                munmap
                0x00000000c000f7d1                liballoc_lock()
                0x00000000c000f7e2                liballoc_unlock()
                0x00000000c000f7f3                liballoc_alloc(int)
                0x00000000c000f80e                liballoc_free(void*, int)
                0x00000000c000f82c                realloc
                0x00000000c000f840                malloc
                0x00000000c000f850                free
                0x00000000c000f860                rfree
                0x00000000c000f870                calloc
 .text          0x00000000c000f89a      0x485 core/main.32
                0x00000000c000f89a                hwTextMode_loadInData(VgaText*)
                0x00000000c000f8e5                hwTextMode_loadInTitle(VgaText*, char*)
                0x00000000c000f963                hwTextMode_showCursor(VgaText*, bool)
                0x00000000c000f9c1                hwTextMode_update(VgaText*)
                0x00000000c000f9c2                hwTextMode_updateCursor(VgaText*)
                0x00000000c000fa13                hwTextMode_disableBlink(VgaText*, bool)
                0x00000000c000fa59                hwTextMode_scrollScreen(VgaText*)
                0x00000000c000fb06                hwTextMode_writeCharacter(VgaText*, char, VgaColour, VgaColour, int, int)
                0x00000000c000fb88                setupTextMode()
                0x00000000c000fbf8                kernel_main
 .text          0x00000000c000fd1f      0x5c8 core/physmgr.32
                0x00000000c000fd1f                Phys::allocateDMA(unsigned long)
                0x00000000c000fdc2                Phys::freeDMA(unsigned long, unsigned long)
                0x00000000c000fe0a                Phys::setPageState(unsigned long, bool)
                0x00000000c000fe3c                Phys::getPageState(unsigned long)
                0x00000000c000fe58                Phys::freePage(unsigned long)
                0x00000000c000fee2                Phys::allocatePage()
                0x00000000c0010025                Phys::allocateContiguousPages(int)
                0x00000000c001007f                Phys::allowSegmentToBeUsed(unsigned long, unsigned long)
                0x00000000c00100b7                Phys::physicalMemorySetup(unsigned int)
 *fill*         0x00000000c00102e7        0x1 
 .text          0x00000000c00102e8      0x273 core/pipe.32
                0x00000000c00102e8                Pipe::isAtty()
                0x00000000c00102ec                Pipe::~Pipe()
                0x00000000c00102ec                Pipe::~Pipe()
                0x00000000c0010310                Pipe::~Pipe()
                0x00000000c0010338                Pipe::read(unsigned long long, void*, int*)
                0x00000000c001042c                Pipe::write(unsigned long long, void*, int*)
                0x00000000c00104f4                Pipe::Pipe(int)
                0x00000000c00104f4                Pipe::Pipe(int)
 *fill*         0x00000000c001055b        0x1 
 .text          0x00000000c001055c      0xf73 core/terminal.32
                0x00000000c001055c                VgaText::isAtty()
                0x00000000c0010560                VgaText::~VgaText()
                0x00000000c0010560                VgaText::~VgaText()
                0x00000000c0010584                VgaText::~VgaText()
                0x00000000c00105ae                VgaText::read(unsigned long long, void*, int*)
                0x00000000c00105ce                setTerminalScrollLock(bool)
                0x00000000c00105cf                addToTerminalCycle(VgaText*)
                0x00000000c00105fc                installVgaTextImplementation()
                0x00000000c0010611                scrollTerminalScrollLock(int)
                0x00000000c0010612                VgaText::load()
                0x00000000c0010666                VgaText::updateCursor()
                0x00000000c0010680                VgaText::showCursor(bool)
                0x00000000c0010690                VgaText::disableBlink(bool)
                0x00000000c00106ca                VgaText::doANSI_SGR(int)
                0x00000000c0010756                VgaText::setDefaultBgColour(VgaColour)
                0x00000000c001076c                VgaText::setDefaultFgColour(VgaColour)
                0x00000000c0010782                VgaText::setDefaultColours(VgaColour, VgaColour)
                0x00000000c00107a2                VgaText::combineColours(unsigned char, unsigned char)
                0x00000000c00107b4                VgaText::scrollScreen()
                0x00000000c0010848                VgaText::combineCharAndColour(char, unsigned char)
                0x00000000c001085a                VgaText::writeCharacter(char, VgaColour, VgaColour, int, int)
                0x00000000c00108ba                VgaText::getCursorX()
                0x00000000c00108c6                VgaText::getCursorY()
                0x00000000c00108d2                VgaText::setCursor(int, int)
                0x00000000c00108f0                VgaText::setCursorX(int)
                0x00000000c001090c                VgaText::setCursorY(int)
                0x00000000c0010928                VgaText::incrementCursor(bool)
                0x00000000c0010990                VgaText::updateRAMUsageDisplay(int)
                0x00000000c00109f4                VgaText::updateDiskUsage()
                0x00000000c0010b5e                VgaText::updateTitle()
                0x00000000c0010ba4                VgaText::setTitleTextColour(VgaColour)
                0x00000000c0010bb4                VgaText::setTitleColour(VgaColour)
                0x00000000c0010bc4                VgaText::setTitle(char*)
                0x00000000c0010bea                VgaText::decrementCursor(bool)
                0x00000000c0010c12                VgaText::putchar(char, VgaColour, VgaColour)
                0x00000000c0010d0e                VgaText::isShowingCursor()
                0x00000000c0010d1a                VgaText::isBlinkDisabled()
                0x00000000c0010d28                VgaText::setCursorHeight(int)
                0x00000000c0010d46                VgaText::getCursorHeight()
                0x00000000c0010d51                setActiveTerminal(VgaText*)
                0x00000000c0010e03                doTerminalCycle()
                0x00000000c0010e20                VgaText::doUpdate()
                0x00000000c0010e32                VgaText::puts(char const*, VgaColour, VgaColour)
                0x00000000c0010ff2                VgaText::clearScreen()
                0x00000000c0011056                VgaText::putchar(char)
                0x00000000c0011170                VgaText::puts(char const*)
                0x00000000c0011196                VgaText::putx(unsigned int)
                0x00000000c00111dc                VgaText::VgaText(char const*)
                0x00000000c00111dc                VgaText::VgaText(char const*)
                0x00000000c001136e                VgaText::receiveKey(unsigned char)
                0x00000000c0011456                VgaText::write(unsigned long long, void*, int*)
                0x00000000c00114aa                newTerminal(char*)
 *fill*         0x00000000c00114cf        0x1 
 .text          0x00000000c00114d0      0x1b3 core/tss.32
                0x00000000c00114d0                TSS::TSS()
                0x00000000c00114d0                TSS::TSS()
                0x00000000c00114de                TSS::setESP(unsigned long)
                0x00000000c00114f0                TSS::flush()
                0x00000000c0011510                TSS::setup(unsigned long, unsigned long)
 *fill*         0x00000000c0011683        0x1 
 .text          0x00000000c0011684      0x4c2 core/unixfile.32
                0x00000000c0011684                ReservedFilename::read(unsigned long long, void*, int*)
                0x00000000c00116da                ReservedFilename::isAtty()
                0x00000000c00116f6                ReservedFilename::write(unsigned long long, void*, int*)
                0x00000000c0011754                UnixFile::getFileDescriptor()
                0x00000000c001175c                UnixFile::UnixFile(int)
                0x00000000c001175c                UnixFile::UnixFile(int)
                0x00000000c001190c                ReservedFilename::ReservedFilename(int)
                0x00000000c001190c                ReservedFilename::ReservedFilename(int)
                0x00000000c001193e                UnixFile::~UnixFile()
                0x00000000c001193e                UnixFile::~UnixFile()
                0x00000000c00119d6                UnixFile::~UnixFile()
                0x00000000c00119fe                ReservedFilename::~ReservedFilename()
                0x00000000c00119fe                ReservedFilename::~ReservedFilename()
                0x00000000c0011a22                ReservedFilename::~ReservedFilename()
                0x00000000c0011a49                getFromFileDescriptor(int)
 .text          0x00000000c0011b46     0x1256 core/virtmgr.32
                0x00000000c0011b46                Virt::setPageState(unsigned long, Virt::VirtPageState)
                0x00000000c0011b7b                Virt::getPageState(unsigned long)
                0x00000000c0011b9f                Virt::allocateKernelVirtualPages(int)
                0x00000000c0011cb0                Virt::freeSwapfilePage(unsigned long)
                0x00000000c0011cce                Virt::swapIDToSector(unsigned long)
                0x00000000c0011ce0                Virt::allocateSwapfilePage()
                0x00000000c0011d5e                Virt::virtualMemorySetup()
                0x00000000c0011ddd                Virt::swappingSetup()
                0x00000000c0011e3a                Virt::getAKernelVAS()
                0x00000000c0011e40                Virt::setupPageSwapping(int)
                0x00000000c0011f70                VAS::VAS()
                0x00000000c0011f70                VAS::VAS()
                0x00000000c0011fa0                VAS::VAS(VAS*)
                0x00000000c0011fa0                VAS::VAS(VAS*)
                0x00000000c0011fc4                VAS::getForeignPageTableEntry(bool, unsigned long)
                0x00000000c0011ff0                VAS::getPageTableEntry(unsigned long)
                0x00000000c001200f                Virt::freeKernelVirtualPages(unsigned long)
                0x00000000c0012132                VAS::freeAllocatedPages(unsigned long)
                0x00000000c0012156                VAS::virtualToPhysical(unsigned long)
                0x00000000c001216e                VAS::reflagRange(unsigned long, int, int, int)
                0x00000000c00121ae                VAS::setToWriteCombining(unsigned long, int)
                0x00000000c00121e0                VAS::mapOtherVASIn(bool, VAS*)
                0x00000000c001220a                VAS::~VAS()
                0x00000000c001220a                VAS::~VAS()
                0x00000000c0012376                VAS::mapPage(unsigned long, unsigned long, int)
                0x00000000c0012476                VAS::allocatePages(int, int)
                0x00000000c001264e                VAS::setCPUSpecific(unsigned long)
                0x00000000c001266a                VAS::mapRange(unsigned long, unsigned long, int, int)
                0x00000000c0012730                VAS::mapForeignPage(bool, VAS*, unsigned long, unsigned long, int)
                0x00000000c001281e                VAS::VAS(bool)
                0x00000000c001281e                VAS::VAS(bool)
                0x00000000c0012a7a                VAS::evict(unsigned long)
                0x00000000c0012b30                VAS::tryLoadBackOffDisk(unsigned long)
                0x00000000c0012c2a                VAS::scanForEviction(int, int)
                0x00000000c0012ce0                mapVASFirstTime
 .text          0x00000000c0012d9c       0x95 coreobjs/c++.32
                0x00000000c0012d9c                __cxa_atexit
                0x00000000c0012d9f                __cxa_finalize
                0x00000000c0012da0                __stack_chk_fail
                0x00000000c0012e0c                __cxa_pure_virtual
                0x00000000c0012e1d                operator new[](unsigned long)
                0x00000000c0012e22                operator delete(void*, unsigned long)
                0x00000000c0012e27                operator delete[](void*)
                0x00000000c0012e2c                operator delete[](void*, unsigned long)
 .text          0x00000000c0012e31      0x1ef dbg/kconsole.32
                0x00000000c0012e31                Dbg::stringifyxWithBase(unsigned int, char*, int)
                0x00000000c0012e92                Dbg::logc(char)
                0x00000000c0012ea9                Dbg::logs(char*)
                0x00000000c0012ec6                Dbg::logWriteInt(unsigned int)
                0x00000000c0012ee3                Dbg::logWriteIntBase(unsigned int, int)
                0x00000000c0012f02                Dbg::kprintf(char const*, ...)
 .text          0x00000000c0013020      0xb7c fs/vfs.32
                0x00000000c0013020                File::read(unsigned long long, void*, int*)
                0x00000000c0013078                File::write(unsigned long long, void*, int*)
                0x00000000c00130d0                Directory::read(unsigned long long, void*, int*)
                0x00000000c0013128                Directory::write(unsigned long long, void*, int*)
                0x00000000c0013156                File::isAtty()
                0x00000000c001315a                Directory::isAtty()
                0x00000000c001315e                Filesystem::getlabel(LogicalDisk*, int, char*, unsigned int*)
                0x00000000c0013164                Filesystem::setlabel(LogicalDisk*, int, char*)
                0x00000000c001316a                File::~File()
                0x00000000c001316a                File::~File()
                0x00000000c001318e                File::~File()
                0x00000000c00131b8                Directory::~Directory()
                0x00000000c00131b8                Directory::~Directory()
                0x00000000c00131dc                Directory::~Directory()
                0x00000000c0013206                Filesystem::Filesystem()
                0x00000000c0013206                Filesystem::Filesystem()
                0x00000000c001322a                Filesystem::~Filesystem()
                0x00000000c001322a                Filesystem::~Filesystem()
                0x00000000c0013238                Filesystem::~Filesystem()
                0x00000000c001325c                Fs::getcwd(Process*, char*, int)
                0x00000000c0013286                Fs::initVFS()
                0x00000000c00132b0                Fs::standardiseFiles(char*, char const*, char const*)
                0x00000000c001345a                File::File(char const*, Process*)
                0x00000000c001345a                File::File(char const*, Process*)
                0x00000000c00134be                File::open(FileOpenMode)
                0x00000000c001351c                File::close()
                0x00000000c001357c                File::seek(unsigned long long)
                0x00000000c00135d2                File::tell(unsigned long long*)
                0x00000000c0013622                File::rewind()
                0x00000000c0013636                File::unlink()
                0x00000000c0013682                File::rename(char const*)
                0x00000000c00136d0                File::chfatattr(unsigned char, unsigned char)
                0x00000000c001372c                File::exists()
                0x00000000c001376a                File::stat(unsigned long long*, bool*)
                0x00000000c00137cb                Fs::setcwd(Process*, char*)
                0x00000000c0013906                Directory::Directory(char const*, Process*)
                0x00000000c0013906                Directory::Directory(char const*, Process*)
                0x00000000c001396a                Directory::open()
                0x00000000c00139c6                Directory::close()
                0x00000000c0013a26                Directory::unlink()
                0x00000000c0013a72                Directory::rename(char const*)
                0x00000000c0013ac0                Directory::exists()
                0x00000000c0013afe                Directory::read(dirent*)
                0x00000000c0013b4a                Directory::create()
                0x00000000c0013b96                Filesystem::chfatattr(char const*, unsigned char, unsigned char)
 .text          0x00000000c0013b9c       0x84 hal/bus.32
                0x00000000c0013b9c                Bus::Bus(char const*)
                0x00000000c0013b9c                Bus::Bus(char const*)
                0x00000000c0013bd2                Bus::~Bus()
                0x00000000c0013bd2                Bus::~Bus()
                0x00000000c0013bf6                Bus::~Bus()
 .text          0x00000000c0013c20      0x14e hal/buzzer.32
                0x00000000c0013c20                Buzzer::Buzzer(char const*)
                0x00000000c0013c20                Buzzer::Buzzer(char const*)
                0x00000000c0013c64                Buzzer::~Buzzer()
                0x00000000c0013c64                Buzzer::~Buzzer()
                0x00000000c0013c88                Buzzer::~Buzzer()
                0x00000000c0013cb2                Buzzer::stop()
                0x00000000c0013cc5                beepThread(void*)
                0x00000000c0013d00                Buzzer::beep(int, int, bool)
 .text          0x00000000c0013d6e      0x467 hal/clock.32
                0x00000000c0013d6e                User::loadClockSettings(int)
                0x00000000c0013dc0                Clock::Clock(char const*)
                0x00000000c0013dc0                Clock::Clock(char const*)
                0x00000000c0013df6                Clock::~Clock()
                0x00000000c0013df6                Clock::~Clock()
                0x00000000c0013e1a                Clock::~Clock()
                0x00000000c0013e44                Clock::timeInSecondsLocal()
                0x00000000c0013e8c                Clock::setTimeInSecondsLocal(unsigned long long)
                0x00000000c0013ee5                datetimeToSeconds(datetime_t)
                0x00000000c001400c                Clock::setTimeInDatetimeLocal(datetime_t)
                0x00000000c001406c                secondsToDatetime(unsigned long long)
                0x00000000c00141b0                Clock::timeInDatetimeLocal()
 *fill*         0x00000000c00141d5        0x1 
 .text          0x00000000c00141d6      0x4de hal/device.32
                0x00000000c00141d6                Device::hibernate()
                0x00000000c00141d8                Device::wake()
                0x00000000c00141da                Device::detect()
                0x00000000c00141dc                Device::disableLegacy()
                0x00000000c00141de                Device::powerSaving(PowerSavingLevel)
                0x00000000c00141e0                DriverlessDevice::close(int, int, void*)
                0x00000000c00141e4                DriverlessDevice::detect()
                0x00000000c00141e6                DriverlessDevice::open(int, int, void*)
                0x00000000c00141fa                Device::~Device()
                0x00000000c00141fa                Device::~Device()
                0x00000000c0014208                Device::~Device()
                0x00000000c0014230                Device::findAndLoadDriver()
                0x00000000c0014232                Device::preOpenPCI(PCIDeviceInfo)
                0x00000000c0014258                Device::preOpenACPI(void*, char*, char*)
                0x00000000c00142ac                Device::addIRQHandler(int, void (*)(regs*, void*), bool, void*)
                0x00000000c00142ea                Device::removeIRQHandler(int, void (*)(regs*, void*), bool)
                0x00000000c0014328                Device::addChild(Device*)
                0x00000000c001436c                Device::removeAllChildren()
                0x00000000c00143b2                Device::hibernateAll()
                0x00000000c00143e2                Device::wakeAll()
                0x00000000c0014412                Device::detectAll()
                0x00000000c0014442                Device::disableLegacyAll()
                0x00000000c0014472                Device::loadDriversForAll()
                0x00000000c001449e                Device::closeAll()
                0x00000000c00144d4                Device::powerSavingAll(PowerSavingLevel)
                0x00000000c001450a                Device::setName(char const*)
                0x00000000c0014518                Device::Device(char const*)
                0x00000000c0014518                Device::Device(char const*)
                0x00000000c0014614                Device::getName()
                0x00000000c001461e                DriverlessDevice::DriverlessDevice(char const*)
                0x00000000c001461e                DriverlessDevice::DriverlessDevice(char const*)
                0x00000000c0014646                Device::addToLinkedList(LinkedList<Device>&, DeviceType)
                0x00000000c001468a                getDevicesOfType(DeviceType)
 .text          0x00000000c00146b4       0x84 hal/diskctrl.32
                0x00000000c00146b4                HardDiskController::HardDiskController(char const*)
                0x00000000c00146b4                HardDiskController::HardDiskController(char const*)
                0x00000000c00146ea                HardDiskController::~HardDiskController()
                0x00000000c00146ea                HardDiskController::~HardDiskController()
                0x00000000c001470e                HardDiskController::~HardDiskController()
 .text          0x00000000c0014738       0xf2 hal/diskphys.32
                0x00000000c0014738                PhysicalDisk::eject()
                0x00000000c001474c                PhysicalDisk::PhysicalDisk(char const*, int)
                0x00000000c001474c                PhysicalDisk::PhysicalDisk(char const*, int)
                0x00000000c00147b4                PhysicalDisk::startCache()
                0x00000000c00147dc                PhysicalDisk::~PhysicalDisk()
                0x00000000c00147dc                PhysicalDisk::~PhysicalDisk()
                0x00000000c0014800                PhysicalDisk::~PhysicalDisk()
 .text          0x00000000c001482a      0x13b hal/fpu.32
                0x00000000c001482a                FPU::FPU(char const*)
                0x00000000c001482a                FPU::FPU(char const*)
                0x00000000c0014860                FPU::~FPU()
                0x00000000c0014860                FPU::~FPU()
                0x00000000c0014884                FPU::~FPU()
                0x00000000c00148ae                setupFPU()
 *fill*         0x00000000c0014965        0x1 
 .text          0x00000000c0014966     0x13b7 hal/intctrl.32
                0x00000000c0014966                InterruptController::uninstallISRHandler(int, void (*)(regs*, void*))
                0x00000000c001499e                InterruptController::installISRHandler(int, void (*)(regs*, void*), void*)
                0x00000000c00149f0                doubleFault(regs*, void*)
                0x00000000c0014a0a                InterruptController::installIRQHandler(int, void (*)(regs*, void*), bool, void*)
                0x00000000c0014aa6                InterruptController::clearAllHandlers(int, bool)
                0x00000000c0014b4e                InterruptController::uninstallIRQHandler(int, void (*)(regs*, void*), bool)
                0x00000000c0014bd5                nmiHandler(regs*, void*)
                0x00000000c0014be3                int_handler
                0x00000000c0014c84                InterruptController::InterruptController(char const*)
                0x00000000c0014c84                InterruptController::InterruptController(char const*)
                0x00000000c0014d2a                InterruptController::~InterruptController()
                0x00000000c0014d2a                InterruptController::~InterruptController()
                0x00000000c0014d4e                InterruptController::~InterruptController()
                0x00000000c0014d78                displayDebugInfo(regs*)
                0x00000000c0015207                x87EmulHandler(regs*, void*)
                0x00000000c0015236                gpFault(regs*, void*)
                0x00000000c001526f                pgFault(regs*, void*)
                0x00000000c00152bb                otherISRHandler(regs*, void*)
                0x00000000c00152da                opcodeFault(regs*, void*)
                0x00000000c00158e0                displayProgramFault(char const*)
                0x00000000c0015908                setupInterruptController()
                0x00000000c0015cd0                InterruptController::convertLegacyIRQNumber(int)
 *fill*         0x00000000c0015d1d        0x1 
 .text          0x00000000c0015d1e      0x6c8 hal/keybrd.32
                0x00000000c0015d1e                startGUI(void*)
                0x00000000c0015d7a                startGUIVESA(void*)
                0x00000000c0015dd6                sendKeyToTerminal(unsigned char)
                0x00000000c0015e42                sendKeyboardToken(KeyboardToken)
                0x00000000c001627f                clearInternalKeybuffer(VgaText*)
                0x00000000c00162b4                readKeyboard(VgaText*, char*, unsigned long)
                0x00000000c001635c                Keyboard::Keyboard(char const*)
                0x00000000c001635c                Keyboard::Keyboard(char const*)
                0x00000000c0016398                Keyboard::~Keyboard()
                0x00000000c0016398                Keyboard::~Keyboard()
                0x00000000c00163bc                Keyboard::~Keyboard()
 .text          0x00000000c00163e6      0x414 hal/logidisk.32
                0x00000000c00163e6                LogicalDisk::close(int, int, void*)
                0x00000000c00163ea                LogicalDisk::~LogicalDisk()
                0x00000000c00163ea                LogicalDisk::~LogicalDisk()
                0x00000000c001640e                LogicalDisk::~LogicalDisk()
                0x00000000c0016438                LogicalDisk::open(int, int, void*)
                0x00000000c001644c                LogicalDisk::absoluteToRelative(unsigned long long)
                0x00000000c0016484                LogicalDisk::relativeToAbsolute(unsigned long long)
                0x00000000c00164ca                LogicalDisk::LogicalDisk(char const*, PhysicalDisk*, unsigned long long, unsigned long long)
                0x00000000c00164ca                LogicalDisk::LogicalDisk(char const*, PhysicalDisk*, unsigned long long, unsigned long long)
                0x00000000c0016580                LogicalDisk::assignDriveLetter()
                0x00000000c0016636                LogicalDisk::mount()
                0x00000000c00166a8                LogicalDisk::unmount()
                0x00000000c00166b8                LogicalDisk::eject()
                0x00000000c00166cc                LogicalDisk::unassignDriveLetter()
                0x00000000c0016722                LogicalDisk::read(unsigned long long, int, void*)
                0x00000000c001678e                LogicalDisk::write(unsigned long long, int, void*)
 .text          0x00000000c00167fa       0x84 hal/mouse.32
                0x00000000c00167fa                Mouse::Mouse(char const*)
                0x00000000c00167fa                Mouse::Mouse(char const*)
                0x00000000c0016830                Mouse::~Mouse()
                0x00000000c0016830                Mouse::~Mouse()
                0x00000000c0016854                Mouse::~Mouse()
 .text          0x00000000c001687e      0x34d hal/partition.32
                0x00000000c001687e                makePartition(PhysicalDisk*, unsigned long long, unsigned long long)
                0x00000000c001693a                createPartitionsForDisk(PhysicalDisk*)
 *fill*         0x00000000c0016bcb        0x1 
 .text          0x00000000c0016bcc       0x84 hal/serial.32
                0x00000000c0016bcc                Serial::Serial(char const*)
                0x00000000c0016bcc                Serial::Serial(char const*)
                0x00000000c0016c02                Serial::~Serial()
                0x00000000c0016c02                Serial::~Serial()
                0x00000000c0016c26                Serial::~Serial()
 .text          0x00000000c0016c50      0x2b8 hal/timer.32
                0x00000000c0016c50                Timer::Timer(char const*)
                0x00000000c0016c50                Timer::Timer(char const*)
                0x00000000c0016c86                Timer::~Timer()
                0x00000000c0016c86                Timer::~Timer()
                0x00000000c0016caa                Timer::~Timer()
                0x00000000c0016cd4                Timer::read()
                0x00000000c0016cdf                timerHandler(unsigned long long)
                0x00000000c0016e16                setupTimer(int)
 .text          0x00000000c0016f08      0x425 hal/vcache.32
                0x00000000c0016f08                VCache::VCache(PhysicalDisk*)
                0x00000000c0016f08                VCache::VCache(PhysicalDisk*)
                0x00000000c0017070                VCache::invalidateReadBuffer()
                0x00000000c0017080                VCache::writeWriteBuffer()
                0x00000000c00170bc                VCache::~VCache()
                0x00000000c00170bc                VCache::~VCache()
                0x00000000c0017110                VCache::~VCache()
                0x00000000c0017138                VCache::write(unsigned long long, int, void*)
                0x00000000c001722e                VCache::read(unsigned long long, int, void*)
 *fill*         0x00000000c001732d        0x1 
 .text          0x00000000c001732e      0x4cd hal/video.32
                0x00000000c001732e                Video::putrect(int, int, int, int, unsigned int)
                0x00000000c001737a                Video::bitblit(int, int, int, int, int, int, int, unsigned int*)
                0x00000000c00173ea                Video::blit(unsigned int*, int, int, int, int)
                0x00000000c0017468                Video::clearScreen(unsigned int)
                0x00000000c001749c                Video::putpixel(int, int, unsigned int)
                0x00000000c00174aa                Video::Video(char const*)
                0x00000000c00174aa                Video::Video(char const*)
                0x00000000c00174e0                Video::~Video()
                0x00000000c00174e0                Video::~Video()
                0x00000000c0017504                Video::~Video()
                0x00000000c001752e                Video::isMonochrome()
                0x00000000c001753a                Video::getWidth()
                0x00000000c0017546                Video::getHeight()
                0x00000000c0017552                Video::drawCursor(int, int, unsigned char*, int)
                0x00000000c001760e                Video::tgaParse(unsigned char*, int, int*, int*)
                0x00000000c0017790                Video::putTGA(int, int, unsigned char*, int)
 *fill*         0x00000000c00177fb        0x1 
 .text          0x00000000c00177fc      0xf64 hw/acpi.32
                0x00000000c00177fc                ACPI::close(int, int, void*)
                0x00000000c00178b1                findRSDP()
                0x00000000c001793b                loadACPITables(unsigned char*)
                0x00000000c0017b62                findRSDT(unsigned char*)
                0x00000000c0017c80                findDataTable(unsigned char*, char*)
                0x00000000c0017d1c                scanMADT()
                0x00000000c00181a2                ACPI::ACPI()
                0x00000000c00181a2                ACPI::ACPI()
                0x00000000c001820c                ACPI::getPCIIRQAssignment(unsigned char, unsigned short, unsigned char)
                0x00000000c00182ee                ACPI::registerPCIIRQAssignment(void*, unsigned short, unsigned char, unsigned char)
                0x00000000c00183b4                ACPI::setScreenBrightnessLevel(void*, int)
                0x00000000c00183ba                ACPI::writeSimpleBootFlag(SimpleBootFlagTable*)
                0x00000000c0018402                ACPI::open(int, int, void*)
                0x00000000c0018748                ACPI::sleep()
 .text          0x00000000c0018760     0x1715 hw/cpu.32
                0x00000000c0018760                CPU::close(int, int, void*)
                0x00000000c0018764                CPU::lookupAMDName(unsigned char, unsigned char)
                0x00000000c00188f8                CPU::lookupIntelName(unsigned char, unsigned char)
                0x00000000c0018ba6                CPU::AMD_K6_write_msr(unsigned int, unsigned int, unsigned int, CPU::REGS*)
                0x00000000c0018bc2                CPU::AMD_K6_read_msr(unsigned int, CPU::REGS*)
                0x00000000c0018bda                CPU::AMD_K6_writeback(int, int, int)
                0x00000000c0018c4e                CPU::cpuid(int, unsigned long*, unsigned long*, unsigned long*, unsigned long*)
                0x00000000c0018cd2                CPU::cpuidCheckEDX(unsigned int)
                0x00000000c0018d00                CPU::cpuidCheckECX(unsigned int)
                0x00000000c0018d2e                CPU::cpuidCheckExtendedEBX(unsigned int)
                0x00000000c0018d5c                CPU::cpuidCheckExtendedECX(unsigned int)
                0x00000000c0018d8a                CPU::CPU()
                0x00000000c0018d8a                CPU::CPU()
                0x00000000c0018e18                CPU::displayFeatures()
                0x00000000c0019094                CPU::detectFeatures()
                0x00000000c0019a84                CPU::setupSMEP()
                0x00000000c0019a90                CPU::setupUMIP()
                0x00000000c0019a9a                CPU::setupTSC()
                0x00000000c0019aa4                CPU::setupLargePages()
                0x00000000c0019aae                CPU::setupPAT()
                0x00000000c0019aea                CPU::setupMTRR()
                0x00000000c0019aec                CPU::setupGlobalPages()
                0x00000000c0019af6                CPU::allowUsermodeDataAccess()
                0x00000000c0019b08                CPU::prohibitUsermodeDataAccess()
                0x00000000c0019b1a                CPU::setupSMAP()
                0x00000000c0019b28                CPU::setupFeatures()
                0x00000000c0019ba8                CPU::open(int, int, void*)
                0x00000000c0019c7a                CPU::decodeAddress(regs*, int*, bool*, unsigned char*)
 .text          0x00000000c0019e75        0x0 hw/ports.32
 .text          0x00000000c0019e75      0x16a hw/smp.32
                0x00000000c0019e75                Krnl::smpEntry()
                0x00000000c0019e77                Krnl::startCPU(int)
                0x00000000c0019fc0                Krnl::startCPUs()
 *fill*         0x00000000c0019fdf        0x1 
 .text          0x00000000c0019fe0      0x5d3 krnl/env.32
                0x00000000c0019fe0                EnvVarContainer::getEnv(char const*)
                0x00000000c001a01e                EnvVarContainer::setEnv(char const*, char const*)
                0x00000000c001a0ea                EnvVarContainer::deleteEnv(char const*)
                0x00000000c001a0ec                EnvVarContainer::loadFrom(char const*, char const*)
                0x00000000c001a2e2                EnvVarContainer::__loadSystem()
                0x00000000c001a2fc                EnvVarContainer::__loadUser()
                0x00000000c001a2fe                EnvVarContainer::EnvVarContainer(Process*)
                0x00000000c001a2fe                EnvVarContainer::EnvVarContainer(Process*)
                0x00000000c001a320                EnvVarContainer::~EnvVarContainer()
                0x00000000c001a320                EnvVarContainer::~EnvVarContainer()
                0x00000000c001a350                Krnl::getEnv(Process*, char const*)
                0x00000000c001a3b5                Krnl::setEnvSystem(char const*, char const*)
                0x00000000c001a3cf                Krnl::setEnvUser(char const*, char const*)
                0x00000000c001a3ee                Krnl::setEnvProcess(Process*, char const*, char const*)
                0x00000000c001a401                Krnl::deleteEnvSystem(char const*)
                0x00000000c001a402                Krnl::deleteEnvUser(char const*)
                0x00000000c001a403                Krnl::deleteEnvProcess(Process*, char const*)
                0x00000000c001a404                Krnl::newProcessEnv(Process*)
                0x00000000c001a426                Krnl::copyProcessEnv(Process*, Process*)
                0x00000000c001a47a                Krnl::loadSystemEnv()
                0x00000000c001a4a8                Krnl::loadUserEnv()
                0x00000000c001a4ce                Krnl::flushEnv()
                0x00000000c001a4cf                Krnl::getProcessTotalEnvCount(Process*)
                0x00000000c001a4ef                Krnl::getProcessEnvPair(Process*, int)
 .text          0x00000000c001a5b3      0x396 krnl/panic.32
                0x00000000c001a5b3                Krnl::panic(char const*)
 .text          0x00000000c001a949      0x3b6 net/ethernet.32
                0x00000000c001a949                Net::switchEndian16(unsigned short)
                0x00000000c001a96a                Net::switchEndian32(unsigned int)
                0x00000000c001a999                Net::crc32Calc(unsigned char*, int)
                0x00000000c001aa2a                Net::wrapEthernetFrame(Net::UnwrappedEthernetFrame, unsigned char*)
                0x00000000c001ab66                Net::unwrapEthernetFrame(unsigned char*, int)
 .text          0x00000000c001acff      0x513 reg/registry.32
                0x00000000c001acff                Reg::findLineFromLoadedData(char*, char*, char*)
                0x00000000c001ae57                Reg::getLineFromRegistry(char*, char*, char*, char*)
                0x00000000c001afac                Reg::getLine(char*, char*, char*)
                0x00000000c001afe3                Reg::readInt(char*, char*, int*)
                0x00000000c001b0ce                Reg::readString(char*, char*, char*, int)
                0x00000000c001b14f                Reg::readBool(char*, char*, bool*)
                0x00000000c001b174                Reg::readBoolWithDefault(char*, char*, bool)
                0x00000000c001b1a0                Reg::readIntWithDefault(char*, char*, int)
                0x00000000c001b1cc                Reg::readStringWithDefault(char*, char*, char*, int, char*)
 .text          0x00000000c001b212       0x36 sys/sc_eject.32
                0x00000000c001b212                Sys::eject(regs*)
 .text          0x00000000c001b248       0x18 sys/sc_exit.32
                0x00000000c001b248                Sys::exit(regs*)
 .text          0x00000000c001b260       0x1f sys/sc_getcwd.32
                0x00000000c001b260                Sys::getCwd(regs*)
 .text          0x00000000c001b27f        0xc sys/sc_getpid.32
                0x00000000c001b27f                Sys::getPID(regs*)
 .text          0x00000000c001b28b       0x17 sys/sc_getramdata.32
                0x00000000c001b28b                Sys::getRAMData(regs*)
 .text          0x00000000c001b2a2       0xa8 sys/sc_loaddll.32
                0x00000000c001b2a2                Sys::loadDLL(regs*)
 .text          0x00000000c001b34a       0x68 sys/sc_read.32
                0x00000000c001b34a                Sys::read(regs*)
 .text          0x00000000c001b3b2       0x55 sys/sc_sbrk.32
                0x00000000c001b3b2                Sys::sbrk(regs*)
 .text          0x00000000c001b407       0x1c sys/sc_setcwd.32
                0x00000000c001b407                Sys::setCwd(regs*)
 .text          0x00000000c001b423      0x128 sys/sc_settime.32
                0x00000000c001b423                Sys::setTime(regs*)
 .text          0x00000000c001b54b       0x4a sys/sc_timezone.32
                0x00000000c001b54b                Sys::timezone(regs*)
 .text          0x00000000c001b595       0x68 sys/sc_write.32
                0x00000000c001b595                Sys::write(regs*)
 .text          0x00000000c001b5fd       0x62 sys/sc_wsbe.32
                0x00000000c001b5fd                Sys::wsbe(regs*)
 .text          0x00000000c001b65f       0x3b sys/sc_yield.32
                0x00000000c001b65f                Sys::yield(regs*)
 .text          0x00000000c001b69a     0x10e5 sys/syscalls.32
                0x00000000c001b69a                sysCallSeekDir(regs*)
                0x00000000c001b69f                sysCallTellDir(regs*)
                0x00000000c001b6a4                sysCallVerify(regs*)
                0x00000000c001b6ae                sysFormatDisk(regs*)
                0x00000000c001b718                sysSetDiskVolumeLabel(regs*)
                0x00000000c001b75e                sysGetDiskVolumeLabel(regs*)
                0x00000000c001b7af                sysShutdown(regs*)
                0x00000000c001b80d                sysCallRealpath(regs*)
                0x00000000c001b850                sysCallGetArgc(regs*)
                0x00000000c001b87e                sysCallReadDir(regs*)
                0x00000000c001b90c                sysCallIsATTY(regs*)
                0x00000000c001b966                sysCallSeek(regs*)
                0x00000000c001b9cf                sysCallTell(regs*)
                0x00000000c001ba4c                sysCallSize(regs*)
                0x00000000c001bacf                sysCallSizeFromFilename(regs*)
                0x00000000c001bb8f                sysCallClose(regs*)
                0x00000000c001bc17                sysCallOpenDir(regs*)
                0x00000000c001bc8c                sysCallCloseDir(regs*)
                0x00000000c001bcf2                sysCallMakeDir(regs*)
                0x00000000c001bd62                sysCallWait(regs*)
                0x00000000c001bd7c                sysCallNotImpl(regs*)
                0x00000000c001bd97                sysPanic(regs*)
                0x00000000c001bdbd                sysCallRmdir(regs*)
                0x00000000c001be21                sysCallUnlink(regs*)
                0x00000000c001be85                sysCallGetArgv(regs*)
                0x00000000c001bed1                sysCallTTYName(regs*)
                0x00000000c001bf54                sysCallUSleep(regs*)
                0x00000000c001bf7b                sysCallSpawn(regs*)
                0x00000000c001bfd3                sysCallGetEnv(regs*)
                0x00000000c001c10b                sysAppSettings(regs*)
                0x00000000c001c22a                sysSetFatAttrib(regs*)
                0x00000000c001c29c                sysPipe(regs*)
                0x00000000c001c2e1                sysGetUnixTime(regs*)
                0x00000000c001c2f5                string_ends_with(char const*, char const*)
                0x00000000c001c33d                sysCallOpen(regs*)
                0x00000000c001c552                Sys::loadSyscalls()
                0x00000000c001c73d                Sys::systemCall(regs*, void*)
 .text          0x00000000c001c77f     0x11d4 thr/elf.32
                0x00000000c001c77f                Thr::allocateMemoryForTask(Process*, File*, unsigned long, unsigned long, unsigned long)
                0x00000000c001ca11                Thr::loadProgramIntoMemory(Process*, char const*)
                0x00000000c001cc27                Thr::runtimeReferenceHelper()
                0x00000000c001cc3a                Thr::getAddressOfKernelSymbol(char const*)
                0x00000000c001cc89                Thr::loadKernelSymbolTable(char const*)
                0x00000000c001cf47                Thr::loadDriverIntoMemory(char const*, unsigned long, bool)
                0x00000000c001d663                Thr::getDriverBaseFromAddress(unsigned long)
                0x00000000c001d695                Thr::getDriverNameFromAddress(unsigned long)
                0x00000000c001d6cc                Thr::getDriverOffsetFromAddress(unsigned long)
                0x00000000c001d6e6                Thr::loadDLL(char const*, bool)
                0x00000000c001d91a                Thr::executeDLL(unsigned long, void*)
 *fill*         0x00000000c001d953        0x1 
 .text          0x00000000c001d954     0x1056 thr/prcssthr.32
                0x00000000c001d954                changeTSS
                0x00000000c001d984                Process::addArgs(char**)
                0x00000000c001d9de                Process::Process(char const*, Process*, char**)
                0x00000000c001d9de                Process::Process(char const*, Process*, char**)
                0x00000000c001dbc2                Process::Process(bool, char const*, Process*, char**)
                0x00000000c001dbc2                Process::Process(bool, char const*, Process*, char**)
                0x00000000c001dd71                disableIRQs()
                0x00000000c001dd79                getIRQNestingLevel()
                0x00000000c001dd7f                enableIRQs()
                0x00000000c001dd8e                lockScheduler()
                0x00000000c001dd90                unlockScheduler()
                0x00000000c001dd92                userModeEntryPoint(void*)
                0x00000000c001ddb5                lockStuff()
                0x00000000c001ddc1                taskStartupFunction
                0x00000000c001ddca                updateTimeUsed()
                0x00000000c001de2f                switchToThread(ThreadControlBlock*)
                0x00000000c001de80                Semaphore::Semaphore(int)
                0x00000000c001de80                Semaphore::Semaphore(int)
                0x00000000c001deae                Mutex::Mutex()
                0x00000000c001deae                Mutex::Mutex()
                0x00000000c001dec0                Process::createThread(void (*)(void*), void*, int)
                0x00000000c001dfa4                Process::createUserThread()
                0x00000000c001dfc0                setupMultitasking(void (*)())
                0x00000000c001e0ca                schedule()
                0x00000000c001e14f                unlockStuff()
                0x00000000c001e184                Semaphore::tryAcquire()
                0x00000000c001e1b2                Semaphore::assertLocked(char const*)
                0x00000000c001e1e2                blockTaskWithSchedulerLockAlreadyHeld(TaskState)
                0x00000000c001e224                blockTask(TaskState)
                0x00000000c001e245                waitTask(int, int*, int)
                0x00000000c001e287                nanoSleepUntil(unsigned long long)
                0x00000000c001e2de                nanoSleep(unsigned long long)
                0x00000000c001e2f3                sleep(unsigned long long)
                0x00000000c001e310                Semaphore::acquire()
                0x00000000c001e378                taskReturned
                0x00000000c001e3a6                unblockTask(ThreadControlBlock*)
                0x00000000c001e455                cleanupTerminatedTask(ThreadControlBlock*)
                0x00000000c001e71e                cleanerTaskFunction(void*)
                0x00000000c001e7d1                terminateTask(int)
                0x00000000c001e8b1                Thr::terminateFromIRQ(int)
                0x00000000c001e8be                Semaphore::release()
 .text          0x00000000c001e9aa      0xc26 vm86/vm8086.32
                0x00000000c001e9aa                Vm::inbv(unsigned short)
                0x00000000c001e9bd                Vm::outbv(unsigned short, unsigned char)
                0x00000000c001ea10                Vm::realToLinear(unsigned short, unsigned short)
                0x00000000c001ea20                Vm::getSegment(unsigned int)
                0x00000000c001ea28                Vm::getOffset(unsigned int)
                0x00000000c001ea2d                Vm::mainloop2()
                0x00000000c001ea68                Vm::mainVm8086Loop(void*)
                0x00000000c001ea75                Vm::mainloop3(unsigned long)
                0x00000000c001ea9f                Vm::initialise8086()
                0x00000000c001eae2                Vm::finish8086()
                0x00000000c001eb27                Vm::getOutput8086(unsigned char*)
                0x00000000c001eb51                Vm::start8086(char const*, unsigned short, unsigned short, unsigned short, unsigned short)
                0x00000000c001eca1                Vm::doISR(regs*, int, unsigned char*, unsigned short, unsigned short)
                0x00000000c001ed2b                Vm::readByteFromReal(unsigned short, unsigned short)
                0x00000000c001ed3c                Vm::readWordFromReal(unsigned short, unsigned short)
                0x00000000c001ed4e                Vm::readDwordFromReal(unsigned short, unsigned short)
                0x00000000c001ed5f                Vm::writeByteFromReal(unsigned short, unsigned short, unsigned char)
                0x00000000c001ed74                Vm::writeWordFromReal(unsigned short, unsigned short, unsigned short)
                0x00000000c001ed8a                Vm::writeDwordFromReal(unsigned short, unsigned short, unsigned int)
                0x00000000c001ed9f                Vm::faultHandler(regs*)
 .text          0x00000000c001f5d0      0xefd vm86/x87em.32
                0x00000000c001f5d0                Vm::fpuInternalTo32(unsigned long long)
                0x00000000c001f62b                Vm::fpuInternalTo64(unsigned long long)
                0x00000000c001f634                Vm::fpu32ToInternal(unsigned int)
                0x00000000c001f679                Vm::fpu64ToInternal(unsigned long long)
                0x00000000c001f682                Vm::fpuFloatToLong(unsigned long long)
                0x00000000c001f6dd                Vm::fpuULongToFloat(unsigned long long)
                0x00000000c001f713                Vm::fpuLongToFloat(long long)
                0x00000000c001f769                Vm::fpuGet0()
                0x00000000c001f76e                Vm::fpuGet1()
                0x00000000c001f776                Vm::fpuGetPi()
                0x00000000c001f77e                Vm::fpuGetLog2E()
                0x00000000c001f796                Vm::fpuGetLogE2()
                0x00000000c001f7ae                Vm::fpuGetLog210()
                0x00000000c001f7c6                Vm::fpuGetLog102()
                0x00000000c001f7de                Vm::fpuIsSecondLarger(unsigned long long, unsigned long long)
                0x00000000c001f7f2                Vm::fpuAreEqual(unsigned long long, unsigned long long)
                0x00000000c001f808                Vm::fpuUnorderedCompare(unsigned long long, unsigned long long)
                0x00000000c001f85b                Vm::fpuAdd(unsigned long long, unsigned long long)
                0x00000000c001f86c                Vm::fpuAbs(unsigned long long)
                0x00000000c001f875                Vm::fpuChs(unsigned long long)
                0x00000000c001f885                Vm::fpuSub(unsigned long long, unsigned long long)
                0x00000000c001f894                Vm::fpuMultiply(unsigned long long, unsigned long long)
                0x00000000c001f8b3                Vm::fpuDivide(unsigned long long, unsigned long long)
                0x00000000c001f8cf                Vm::fpuSquare(unsigned long long)
                0x00000000c001f8e5                Vm::fpuGetReg(int)
                0x00000000c001f928                Vm::fpuSetReg(int, unsigned long long)
                0x00000000c001f973                Vm::fpuPush(unsigned long long)
                0x00000000c001f9d0                Vm::fpuPop()
                0x00000000c001fa22                Vm::x87Handler(regs*)
 *fill*         0x00000000c00204cd        0x1 
 .text          0x00000000c00204ce     0x10ed fs/fat/vfslink.32
                0x00000000c00204ce                FAT::getName()
                0x00000000c00204d4                FAT::tell(void*, unsigned long long*)
                0x00000000c0020508                FAT::stat(void*, unsigned long long*)
                0x00000000c002053c                FAT::~FAT()
                0x00000000c002053c                FAT::~FAT()
                0x00000000c0020560                FAT::~FAT()
                0x00000000c0020588                FAT::getlabel(LogicalDisk*, int, char*, unsigned int*)
                0x00000000c0020626                FAT::setlabel(LogicalDisk*, int, char*)
                0x00000000c00206e0                FAT::format(LogicalDisk*, int, char const*, int)
                0x00000000c00208c4                FAT::tryMount(LogicalDisk*, int)
                0x00000000c0020aca                FAT::readDir(void*, unsigned long, void*, int*)
                0x00000000c0020bd0                FAT::read(void*, unsigned long, void*, int*)
                0x00000000c0020c2a                FAT::write(void*, unsigned long, void*, int*)
                0x00000000c0020c84                FAT::close(void*)
                0x00000000c0020cd0                FAT::closeDir(void*)
                0x00000000c0020d1c                FAT::seek(void*, unsigned long long)
                0x00000000c0020d70                fatWrapperReadDisk
                0x00000000c0020db7                fatWrapperWriteDisk
                0x00000000c0020dfe                fatWrapperIoctl
                0x00000000c0020f02                FAT::FAT()
                0x00000000c0020f02                FAT::FAT()
                0x00000000c0020f54                FAT::fixFilepath(char*)
                0x00000000c0020f8c                FAT::open(char const*, void**, FileOpenMode)
                0x00000000c00210b4                FAT::openDir(char const*, void**)
                0x00000000c002115a                FAT::stat(char const*, unsigned long long*, bool*)
                0x00000000c0021244                FAT::unlink(char const*)
                0x00000000c00212be                FAT::chfatattr(char const*, unsigned char, unsigned char)
                0x00000000c0021412                FAT::rename(char const*, char const*)
                0x00000000c00214d6                FAT::mkdir(char const*)
                0x00000000c0021550                FAT::exists(char const*)
 *fill*         0x00000000c00215bb        0x1 
 .text          0x00000000c00215bc      0xbc1 fs/iso9660/vfslink.32
                0x00000000c00215bc                ISO9660::format(LogicalDisk*, int, char const*, int)
                0x00000000c00215c2                ISO9660::seek(void*, unsigned long long)
                0x00000000c00215f2                ISO9660::tell(void*, unsigned long long*)
                0x00000000c0021616                ISO9660::getName()
                0x00000000c002161c                ISO9660::stat(void*, unsigned long long*)
                0x00000000c0021640                ISO9660::chfatattr(char const*, unsigned char, unsigned char)
                0x00000000c0021646                ISO9660::unlink(char const*)
                0x00000000c002164c                ISO9660::write(void*, unsigned long, void*, int*)
                0x00000000c0021652                ISO9660::rename(char const*, char const*)
                0x00000000c0021658                ISO9660::mkdir(char const*)
                0x00000000c002165e                ISO9660::close(void*)
                0x00000000c0021680                ISO9660::closeDir(void*)
                0x00000000c00216a2                ISO9660::~ISO9660()
                0x00000000c00216a2                ISO9660::~ISO9660()
                0x00000000c00216c6                ISO9660::~ISO9660()
                0x00000000c00216ed                __memmem(unsigned char*, int, unsigned char*, int)
                0x00000000c002172f                readSectorFromCDROM(unsigned int, unsigned char*, char)
                0x00000000c0021796                ISO9660::tryMount(LogicalDisk*, int)
                0x00000000c00217e6                ISO9660::read(void*, unsigned long, void*, int*)
                0x00000000c00219e6                ISO9660::readDir(void*, unsigned long, void*, int*)
                0x00000000c0021c73                readRoot(unsigned int*, unsigned int*, char)
                0x00000000c0021cc8                readRecursively(char*, unsigned int, unsigned int, unsigned int*, unsigned int*, char, int*)
                0x00000000c0021e9b                getFileData(char*, unsigned int*, unsigned int*, char, int*)
                0x00000000c0021f2a                ISO9660::open(char const*, void**, FileOpenMode)
                0x00000000c0021fea                ISO9660::exists(char const*)
                0x00000000c002200e                ISO9660::stat(char const*, unsigned long long*, bool*)
                0x00000000c00220a2                ISO9660::openDir(char const*, void**)
                0x00000000c002215a                ISO9660::ISO9660()
                0x00000000c002215a                ISO9660::ISO9660()
 *fill*         0x00000000c002217d        0x1 
 .text          0x00000000c002217e      0x326 hal/sound/sndchannel.32
                0x00000000c002217e                SoundChannel::~SoundChannel()
                0x00000000c002217e                SoundChannel::~SoundChannel()
                0x00000000c002219a                SoundChannel::setSpeed(float)
                0x00000000c00221a6                SoundChannel::getSpeed()
                0x00000000c00221ae                SoundChannel::setVolume(int)
                0x00000000c00221ca                SoundChannel::getVolume()
                0x00000000c00221d2                SoundChannel::pause()
                0x00000000c00221dc                SoundChannel::SoundChannel(int, int, int, int)
                0x00000000c00221dc                SoundChannel::SoundChannel(int, int, int, int)
                0x00000000c0022332                SoundChannel::play()
                0x00000000c002233c                SoundChannel::paused()
                0x00000000c0022344                SoundChannel::getSampleRate()
                0x00000000c002234c                SoundChannel::getBits()
                0x00000000c0022354                SoundChannel::getBufferUsed()
                0x00000000c002235c                SoundChannel::getBufferSize()
                0x00000000c0022364                SoundChannel::unbuffer(float*, int, int)
                0x00000000c0022404                SoundChannel::buffer8(unsigned char*, int)
 .text          0x00000000c00224a4      0x3d5 hal/sound/sndhw.32
                0x00000000c00224a4                SoundDevice::SoundDevice(char const*)
                0x00000000c00224a4                SoundDevice::SoundDevice(char const*)
                0x00000000c0022510                SoundDevice::~SoundDevice()
                0x00000000c0022510                SoundDevice::~SoundDevice()
                0x00000000c002258a                SoundDevice::~SoundDevice()
                0x00000000c00225b4                SoundDevice::getFreeChannelNum()
                0x00000000c00225ce                SoundDevice::addChannel(SoundChannel*)
                0x00000000c002263e                SoundDevice::removeChannel(int)
                0x00000000c0022670                SoundDevice::floatTo8(float*, unsigned char*, int)
                0x00000000c0022758                SoundDevice::getAudio(int, float*, float*)
 .text          0x00000000c0022879        0x0 hw/bus/isa.32
 *fill*         0x00000000c0022879        0x1 
 .text          0x00000000c002287a      0x6c3 hw/bus/pci.32
                0x00000000c002287a                PCI::open(int, int, void*)
                0x00000000c002288e                PCI::close(int, int, void*)
                0x00000000c0022892                PCI::PCI()
                0x00000000c0022892                PCI::PCI()
                0x00000000c0022912                PCI::pciReadWord(unsigned char, unsigned char, unsigned char, unsigned char)
                0x00000000c002295a                PCI::getVendorID(unsigned char, unsigned char, unsigned char)
                0x00000000c002297c                PCI::getHeaderType(unsigned char, unsigned char, unsigned char)
                0x00000000c00229a0                PCI::getClassCode(unsigned char, unsigned char, unsigned char)
                0x00000000c00229e4                PCI::getProgIF(unsigned char, unsigned char, unsigned char)
                0x00000000c0022a08                PCI::getRevisionID(unsigned char, unsigned char, unsigned char)
                0x00000000c0022a2a                PCI::getInterruptNumber(unsigned char, unsigned char, unsigned char)
                0x00000000c0022a4c                PCI::getSecondaryBus(unsigned char, unsigned char, unsigned char)
                0x00000000c0022a70                PCI::getBARAddress(unsigned char, unsigned char, unsigned char, unsigned char)
                0x00000000c0022ad0                PCI::pciWriteWord(unsigned char, unsigned char, unsigned char, unsigned char, unsigned short)
                0x00000000c0022b3c                PCI::checkBus(unsigned char)
                0x00000000c0022b60                PCI::foundDevice(PCIDeviceInfo)
                0x00000000c0022cd2                PCI::getDeviceData(unsigned char, unsigned char, unsigned char)
                0x00000000c0022e7e                PCI::checkDevice(unsigned char, unsigned char)
                0x00000000c0022eea                PCI::detect()
 *fill*         0x00000000c0022f3d        0x1 
 .text          0x00000000c0022f3e      0xc70 hw/diskctrl/ide.32
                0x00000000c0022f3e                IDE::close(int, int, void*)
                0x00000000c0022f42                IDE::IDE()
                0x00000000c0022f42                IDE::IDE()
                0x00000000c0022f76                IDE::prepareInterrupt(unsigned char)
                0x00000000c0022f88                selectDrive(unsigned char, unsigned char)
                0x00000000c0022f8a                IDE::getBase(unsigned char)
                0x00000000c0022f9c                IDE::write(unsigned char, unsigned char, unsigned char)
                0x00000000c002305c                IDE::read(unsigned char, unsigned char)
                0x00000000c002310a                IDE::waitInterrupt(unsigned char)
                0x00000000c0023170                ideChannel0IRQHandler(regs*, void*)
                0x00000000c002318c                ideChannel1IRQHandler(regs*, void*)
                0x00000000c00231a8                IDE::enableIRQs(unsigned char, bool)
                0x00000000c00231ee                IDE::open(int, int, void*)
                0x00000000c00235fe                IDE::readBuffer(unsigned char, unsigned char, unsigned int, unsigned int)
                0x00000000c00236ca                IDE::detect()
                0x00000000c00239b2                IDE::printError(unsigned char, unsigned char, unsigned char)
                0x00000000c0023b48                IDE::polling(unsigned char, unsigned int)
 .text          0x00000000c0023bae      0x390 hw/diskctrl/satabus.32
                0x00000000c0023bae                SATABus::close(int, int, void*)
                0x00000000c0023bb2                SATABus::detect()
                0x00000000c0023bb4                SATABus::SATABus()
                0x00000000c0023bb4                SATABus::SATABus()
                0x00000000c0023c60                SATABus::findCmdslot(SATABus::tagHBA_PORT volatile*)
                0x00000000c0023ca8                SATABus::checkType(SATABus::tagHBA_PORT volatile*)
                0x00000000c0023cf0                SATABus::startCmd(SATABus::tagHBA_PORT volatile*)
                0x00000000c0023d10                SATABus::stopCmd(SATABus::tagHBA_PORT volatile*)
                0x00000000c0023d3a                SATABus::portRebase(SATABus::tagHBA_PORT volatile*, int)
                0x00000000c0023e40                SATABus::probePort(SATABus::tagHBA_MEM volatile*)
                0x00000000c0023f1e                SATABus::open(int, int, void*)
 .text          0x00000000c0023f3e      0x63c hw/diskphys/ata.32
                0x00000000c0023f3e                ATA::close(int, int, void*)
                0x00000000c0023f62                ATA::powerSaving(PowerSavingLevel)
                0x00000000c0023f64                ATA::ATA()
                0x00000000c0023f64                ATA::ATA()
                0x00000000c0023f92                ATA::flush(bool)
                0x00000000c0023fdc                ATA::readyForCommand()
                0x00000000c002402c                ATA::access(unsigned long long, int, void*, bool)
                0x00000000c00243b4                ATA::read(unsigned long long, int, void*)
                0x00000000c002441c                ATA::write(unsigned long long, int, void*)
                0x00000000c0024484                ATA::detectCHS()
                0x00000000c00244ae                ATA::open(int, int, void*)
 .text          0x00000000c002457a      0x5bd hw/diskphys/atapi.32
                0x00000000c002457a                ATAPI::write(unsigned long long, int, void*)
                0x00000000c0024580                ATAPI::close(int, int, void*)
                0x00000000c00245a4                ATAPI::ATAPI()
                0x00000000c00245a4                ATAPI::ATAPI()
                0x00000000c00245d2                ATAPI::readyForCommand()
                0x00000000c0024622                ATAPI::sendPacket(unsigned char*, int, bool, unsigned short*, int)
                0x00000000c00248e2                ATAPI::diskRemoved()
                0x00000000c00248fe                ATAPI::eject()
                0x00000000c0024946                ATAPI::diskInserted()
                0x00000000c0024974                ATAPI::detectMedia()
                0x00000000c0024a30                ATAPI::open(int, int, void*)
                0x00000000c0024ab8                ATAPI::read(unsigned long long, int, void*)
 *fill*         0x00000000c0024b37        0x1 
 .text          0x00000000c0024b38      0x455 hw/diskphys/sata.32
                0x00000000c0024b38                SATA::close(int, int, void*)
                0x00000000c0024b5c                SATA::powerSaving(PowerSavingLevel)
                0x00000000c0024b5e                SATA::open(int, int, void*)
                0x00000000c0024c0c                SATA::SATA()
                0x00000000c0024c0c                SATA::SATA()
                0x00000000c0024c3a                SATA::access(unsigned long long, int, void*, bool)
                0x00000000c0024ea0                SATA::read(unsigned long long, int, void*)
                0x00000000c0024f08                SATA::write(unsigned long long, int, void*)
 *fill*         0x00000000c0024f8d        0x1 
 .text          0x00000000c0024f8e      0x500 hw/diskphys/satapi.32
                0x00000000c0024f8e                SATAPI::write(unsigned long long, int, void*)
                0x00000000c0024f94                SATAPI::close(int, int, void*)
                0x00000000c0024fb8                SATAPI::SATAPI()
                0x00000000c0024fb8                SATAPI::SATAPI()
                0x00000000c0024fe6                SATAPI::diskRemoved()
                0x00000000c0025002                SATAPI::diskInserted()
                0x00000000c0025030                SATAPI::sendPacket(unsigned char*, int, unsigned long long, unsigned short*, int)
                0x00000000c0025234                SATAPI::eject()
                0x00000000c002527c                SATAPI::detectMedia()
                0x00000000c002533e                SATAPI::open(int, int, void*)
                0x00000000c00253ec                SATAPI::read(unsigned long long, int, void*)
 .text          0x00000000c002548e       0x8e hw/fpu/avx.32
                0x00000000c002548e                AVX::open(int, int, void*)
                0x00000000c00254a0                AVX::close(int, int, void*)
                0x00000000c00254b2                AVX::available()
                0x00000000c00254c4                AVX::save(void*)
                0x00000000c00254dc                AVX::load(void*)
                0x00000000c00254f4                AVX::AVX()
                0x00000000c00254f4                AVX::AVX()
 .text          0x00000000c002551c       0x90 hw/fpu/mmx.32
                0x00000000c002551c                MMX::available()
                0x00000000c0025530                MMX::open(int, int, void*)
                0x00000000c0025542                MMX::close(int, int, void*)
                0x00000000c0025554                MMX::save(void*)
                0x00000000c002556c                MMX::load(void*)
                0x00000000c0025584                MMX::MMX()
                0x00000000c0025584                MMX::MMX()
 .text          0x00000000c00255ac       0x96 hw/fpu/sse.32
                0x00000000c00255ac                SSE::open(int, int, void*)
                0x00000000c00255be                SSE::close(int, int, void*)
                0x00000000c00255d0                SSE::available()
                0x00000000c00255ea                SSE::save(void*)
                0x00000000c0025602                SSE::load(void*)
                0x00000000c002561a                SSE::SSE()
                0x00000000c002561a                SSE::SSE()
 .text          0x00000000c0025642       0x8e hw/fpu/x87.32
                0x00000000c0025642                x87::open(int, int, void*)
                0x00000000c0025654                x87::close(int, int, void*)
                0x00000000c0025666                x87::available()
                0x00000000c0025678                x87::save(void*)
                0x00000000c0025690                x87::load(void*)
                0x00000000c00256a8                x87::x87()
                0x00000000c00256a8                x87::x87()
 .text          0x00000000c00256d0      0x71e hw/intctrl/apic.32
                0x00000000c00256d0                APIC::disable()
                0x00000000c00256d2                APIC::close(int, int, void*)
                0x00000000c00256f4                IOAPIC::close(int, int, void*)
                0x00000000c00256fa                APIC::io_wait()
                0x00000000c0025700                APIC::getBase()
                0x00000000c0025742                APIC::eoi(unsigned char)
                0x00000000c0025770                APIC::open(int, int, void*)
                0x00000000c00258be                IOAPIC::IOAPIC()
                0x00000000c00258be                IOAPIC::IOAPIC()
                0x00000000c00258e6                APIC::APIC()
                0x00000000c00258e6                APIC::APIC()
                0x00000000c00259c2                IOAPIC::handlesGSIWithNumber(unsigned int)
                0x00000000c00259f4                IOAPIC::read(int)
                0x00000000c0025a1c                IOAPIC::open(int, int, void*)
                0x00000000c0025b12                IOAPIC::write(int, int)
                0x00000000c0025b3e                IOAPIC::redirect(unsigned char, unsigned long long, unsigned char, bool, bool)
                0x00000000c0025c38                APIC::installIRQHandler(int, void (*)(regs*, void*), bool, void*)
 .text          0x00000000c0025dee      0x3d3 hw/intctrl/pic.32
                0x00000000c0025dee                PIC::disable()
                0x00000000c0025e1c                PIC::close(int, int, void*)
                0x00000000c0025e3e                PIC::PIC()
                0x00000000c0025e3e                PIC::PIC()
                0x00000000c0025f14                PIC::ioWait()
                0x00000000c0025f1a                PIC::getIRQReg(int)
                0x00000000c0025f84                PIC::eoi(unsigned char)
                0x00000000c0026016                PIC::remap()
                0x00000000c0026182                PIC::open(int, int, void*)
 *fill*         0x00000000c00261c1        0x1 
 .text          0x00000000c00261c2      0x25e hw/timer/apictimer.32
                0x00000000c00261c2                APICTimer::close(int, int, void*)
                0x00000000c00261c8                apicTimerHandler(regs*, void*)
                0x00000000c00261f6                APICTimer::write(int)
                0x00000000c00262fa                APICTimer::open(int, int, void*)
                0x00000000c00263f8                APICTimer::APICTimer()
                0x00000000c00263f8                APICTimer::APICTimer()
 .text          0x00000000c0026420      0x1a7 hw/timer/pit.32
                0x00000000c0026420                PIT::write(int)
                0x00000000c002649e                pitHandler(regs*, void*)
                0x00000000c00264ca                PIT::open(int, int, void*)
                0x00000000c0026518                PIT::close(int, int, void*)
                0x00000000c0026548                PIT::PIT()
                0x00000000c0026548                PIT::PIT()
 *fill*         0x00000000c00265c7        0x9 
 .text          0x00000000c00265d0       0x1e hw/fpu/x86/avx.32
                0x00000000c00265d0                avxDetect
                0x00000000c00265d6                avxSave
                0x00000000c00265d7                avxLoad
                0x00000000c00265d8                avxInit
                0x00000000c00265d9                avxClose
                0x00000000c00265da                wouldSheSayYes
 *fill*         0x00000000c00265ee        0x2 
 .text          0x00000000c00265f0       0x35 hw/fpu/x86/sse.32
                0x00000000c00265f0                absolutelyNoChanceInHell
                0x00000000c00265f0                sseDetect
                0x00000000c0026608                sseSave
                0x00000000c002660e                sseLoad
                0x00000000c0026614                sseInit
                0x00000000c0026624                sseClose
 *fill*         0x00000000c0026625        0xb 
 .text          0x00000000c0026630       0x47 hw/fpu/x86/x87.32
                0x00000000c0026636                x87Detect
                0x00000000c0026651                x87Save
                0x00000000c0026657                x87Load
                0x00000000c002665c                x87Init
                0x00000000c0026676                x87Close
 *fill*         0x00000000c0026677        0x1 
 .text          0x00000000c0026678       0x25 /cygdrive/d/Users/Alex/Desktop/Toolchain/Output/bin/../lib/gcc/i386-banana/8.1.0/crtend.o
 .text          0x00000000c002669d        0x0 crtn.32
 *fill*         0x00000000c002669d        0x3 
 .text          0x00000000c00266a0      0x14b /cygdrive/d/Users/Alex/Desktop/Toolchain/Output/bin/../lib/gcc/i386-banana/8.1.0/libkgcc.a(_divdi3.o)
                0x00000000c00266a0                __divdi3
 *fill*         0x00000000c00267eb        0x1 
 .text          0x00000000c00267ec      0x17e /cygdrive/d/Users/Alex/Desktop/Toolchain/Output/bin/../lib/gcc/i386-banana/8.1.0/libkgcc.a(_moddi3.o)
                0x00000000c00267ec                __moddi3
 *fill*         0x00000000c002696a        0x2 
 .text          0x00000000c002696c       0xff /cygdrive/d/Users/Alex/Desktop/Toolchain/Output/bin/../lib/gcc/i386-banana/8.1.0/libkgcc.a(_udivdi3.o)
                0x00000000c002696c                __udivdi3
 *fill*         0x00000000c0026a6b        0x1 
 .text          0x00000000c0026a6c      0x11a /cygdrive/d/Users/Alex/Desktop/Toolchain/Output/bin/../lib/gcc/i386-banana/8.1.0/libkgcc.a(_umoddi3.o)
                0x00000000c0026a6c                __umoddi3
 .text          0x00000000c0026b86      0x96d D:/Users/Alex/Desktop/Banana/kernel/libsoftfp.a(sfieeelib.o)
                0x00000000c0026b86                __addsf3
                0x00000000c0026e88                __subsf3
                0x00000000c0026e9c                __negsf2
                0x00000000c0026ea9                __mulsf3
                0x00000000c002706c                __divsf3
                0x00000000c0027297                __floatsisf
                0x00000000c002730b                __floatunsisf
                0x00000000c002734d                __fixsfsi
                0x00000000c00273af                __fixunssfsi
                0x00000000c00273e0                __cmpsf2
                0x00000000c0027475                __eqsf2