Archive member included to satisfy reference by file (symbol)

/cygdrive/d/Users/Alex/Desktop/Toolchain/Output/bin/../lib/gcc/i386-banana/8.1.0/libgcc.a(_divdi3.o)
                              fs/fat/ff.32 (__divdi3)
/cygdrive/d/Users/Alex/Desktop/Toolchain/Output/bin/../lib/gcc/i386-banana/8.1.0/libgcc.a(_moddi3.o)
                              acpica/osl.32 (__moddi3)
/cygdrive/d/Users/Alex/Desktop/Toolchain/Output/bin/../lib/gcc/i386-banana/8.1.0/libgcc.a(_udivdi3.o)
                              acpica/utmath.32 (__udivdi3)
/cygdrive/d/Users/Alex/Desktop/Toolchain/Output/bin/../lib/gcc/i386-banana/8.1.0/libgcc.a(_umoddi3.o)
                              acpica/utmath.32 (__umoddi3)
D:/Users/Alex/Desktop/Banana/kernel/libk/libm32.a(s_fabs.c.o)
                              hal/libresample/samplerate.32 (fabs)
D:/Users/Alex/Desktop/Banana/kernel/libk/libm32.a(s_lrint.S.o)
                              hal/libresample/samplerate.32 (lrint)
D:/Users/Alex/Desktop/Banana/kernel/libk/libm32.a(s_lrintf.S.o)
                              hal/sound/sndhw.32 (lrintf)

Allocating common symbols
Common symbol       size              file

AcpiGbl_StateCache  0x4               acpica/utglobal.32
AcpiGbl_OwnerIdMask
                    0x200             acpica/utglobal.32
AcpiGbl_StepToNextCall
                    0x1               acpica/utglobal.32
AcpiGbl_RootTableList
                    0x10              acpica/utglobal.32
AcpiGbl_FadtGpeDevice
                    0x4               acpica/utglobal.32
AcpiGbl_GpeXruptListHead
                    0x4               acpica/utglobal.32
AcpiGbl_GlobalLockHandle
                    0x2               acpica/utglobal.32
AcpiGbl_RootNodeStruct
                    0x1c              acpica/utglobal.32
AcpiGbl_FACS        0x4               acpica/utglobal.32
AcpiGbl_AllGpesInitialized
                    0x1               acpica/utglobal.32
AcpiGbl_GlobalLockMutex
                    0x4               acpica/utglobal.32
AcpiGbl_IntegerByteWidth
                    0x1               acpica/utglobal.32
AcpiGbl_Pm1EnableRegisterSave
                    0x2               acpica/utglobal.32
AcpiGbl_NsLookupCount
                    0x4               acpica/utglobal.32
AcpiCurrentGpeCount
                    0x4               acpica/utglobal.32
AcpiGbl_IntegerBitWidth
                    0x1               acpica/utglobal.32
AcpiGbl_NamespaceCache
                    0x4               acpica/utglobal.32
AcpiGbl_TableHandler
                    0x4               acpica/utglobal.32
AcpiGbl_HardwareLock
                    0x4               acpica/utglobal.32
AcpiGbl_FixedEventHandlers
                    0x28              acpica/utglobal.32
AcpiSciCount        0x4               acpica/utglobal.32
AcpiGbl_DSDT        0x4               acpica/utglobal.32
AcpiGbl_GlobalNotify
                    0x10              acpica/utglobal.32
AcpiGbl_GlobalLockSemaphore
                    0x4               acpica/utglobal.32
AcpiGbl_SystemAwakeAndRunning
                    0x1               acpica/utglobal.32
AcpiGbl_InterfaceHandler
                    0x4               acpica/utglobal.32
AcpiGbl_EventsInitialized
                    0x1               acpica/utglobal.32
AcpiGbl_SupportedInterfaces
                    0x4               acpica/utglobal.32
AcpiGbl_GpeLock     0x4               acpica/utglobal.32
AcpiGbl_SleepTypeB  0x1               acpica/utglobal.32
AcpiGbl_InitHandler
                    0x4               acpica/utglobal.32
AcpiGbl_GlobalLockAcquired
                    0x1               acpica/utglobal.32
AcpiGbl_XPm1bEnable
                    0xc               acpica/utglobal.32
AcpiGbl_OriginalDsdtHeader
                    0x24              acpica/utglobal.32
AcpiGbl_ReferenceCountLock
                    0x4               acpica/utglobal.32
AcpiGpeCount        0x4               acpica/utglobal.32
AcpiGbl_TableHandlerContext
                    0x4               acpica/utglobal.32
AcpiGbl_XPm1aStatus
                    0xc               acpica/utglobal.32
AcpiGbl_OriginalMode
                    0x4               acpica/utglobal.32
AcpiGbl_CmSingleStep
                    0x1               acpica/utglobal.32
AcpiGbl_GlobalEventHandlerContext
                    0x4               acpica/utglobal.32
AcpiGbl_PsFindCount
                    0x4               acpica/utglobal.32
AcpiFixedEventCount
                    0x14              acpica/utglobal.32
AcpiGbl_AcpiHardwarePresent
                    0x1               acpica/utglobal.32
AcpiGbl_MutexInfo   0x60              acpica/utglobal.32
AcpiGbl_RootNode    0x4               acpica/utglobal.32
AcpiGbl_AddressRangeList
                    0x8               acpica/utglobal.32
AcpiGbl_FADT        0x114             acpica/utglobal.32
AcpiGbl_IntegerNybbleWidth
                    0x1               acpica/utglobal.32
AcpiGbl_XPm1aEnable
                    0xc               acpica/utglobal.32
AcpiGbl_OperandCache
[...]
Memory Configuration

Name             Origin             Length             Attributes
*default*        0x0000000000000000 0xffffffffffffffff

Linker script and memory map

LOAD D:/Users/Alex/Desktop/Banana/kernel/boot.32
LOAD crti.32
LOAD /cygdrive/d/Users/Alex/Desktop/Toolchain/Output/bin/../lib/gcc/i386-banana/8.1.0/crtbegin.o
LOAD D:/Users/Alex/Desktop/Banana/kernel/morenasm.32
LOAD acpica/dsargs.32
LOAD acpica/dscontrol.32
LOAD acpica/dsdebug.32
LOAD acpica/dsfield.32
LOAD acpica/dsinit.32
LOAD acpica/dsmethod.32
LOAD acpica/dsmthdat.32
LOAD acpica/dsobject.32
LOAD acpica/dsopcode.32
LOAD acpica/dspkginit.32
LOAD acpica/dsutils.32
LOAD acpica/dswexec.32
LOAD acpica/dswload.32
LOAD acpica/dswload2.32
LOAD acpica/dswscope.32
LOAD acpica/dswstate.32
LOAD acpica/evevent.32
LOAD acpica/evglock.32
LOAD acpica/evgpe.32
LOAD acpica/evgpeblk.32
LOAD acpica/evgpeinit.32
LOAD acpica/evgpeutil.32
LOAD acpica/evhandler.32
LOAD acpica/evmisc.32
LOAD acpica/evregion.32
LOAD acpica/evrgnini.32
LOAD acpica/evsci.32
LOAD acpica/evxface.32
LOAD acpica/evxfevnt.32
LOAD acpica/evxfgpe.32
LOAD acpica/evxfregn.32
LOAD acpica/exconcat.32
LOAD acpica/exconfig.32
LOAD acpica/exconvrt.32
LOAD acpica/excreate.32
LOAD acpica/exdebug.32
LOAD acpica/exdump.32
LOAD acpica/exfield.32
LOAD acpica/exfldio.32
LOAD acpica/exmisc.32
LOAD acpica/exmutex.32
LOAD acpica/exnames.32
LOAD acpica/exoparg1.32
LOAD acpica/exoparg2.32
LOAD acpica/exoparg3.32
LOAD acpica/exoparg6.32
LOAD acpica/exprep.32
LOAD acpica/exregion.32
LOAD acpica/exresnte.32
LOAD acpica/exresolv.32
LOAD acpica/exresop.32
LOAD acpica/exserial.32
LOAD acpica/exstore.32
LOAD acpica/exstoren.32
LOAD acpica/exstorob.32
LOAD acpica/exsystem.32
LOAD acpica/extrace.32
LOAD acpica/exutils.32
LOAD acpica/hwacpi.32
LOAD acpica/hwesleep.32
LOAD acpica/hwgpe.32
LOAD acpica/hwpci.32
LOAD acpica/hwregs.32
LOAD acpica/hwsleep.32
LOAD acpica/hwtimer.32
LOAD acpica/hwvalid.32
LOAD acpica/hwxface.32
LOAD acpica/hwxfsleep.32
LOAD acpica/nsaccess.32
LOAD acpica/nsalloc.32
LOAD acpica/nsarguments.32
LOAD acpica/nsconvert.32
LOAD acpica/nsdump.32
LOAD acpica/nsdumpdv.32
LOAD acpica/nseval.32
LOAD acpica/nsinit.32
LOAD acpica/nsload.32
LOAD acpica/nsnames.32
LOAD acpica/nsobject.32
LOAD acpica/nsparse.32
LOAD acpica/nspredef.32
LOAD acpica/nsprepkg.32
LOAD acpica/nsrepair.32
LOAD acpica/nsrepair2.32
LOAD acpica/nssearch.32
LOAD acpica/nsutils.32
LOAD acpica/nswalk.32
LOAD acpica/nsxfeval.32
LOAD acpica/nsxfname.32
LOAD acpica/nsxfobj.32
LOAD acpica/psargs.32
LOAD acpica/psloop.32
LOAD acpica/psobject.32
LOAD acpica/psopcode.32
LOAD acpica/psopinfo.32
LOAD acpica/psparse.32
LOAD acpica/psscope.32
LOAD acpica/pstree.32
LOAD acpica/psutils.32
LOAD acpica/pswalk.32
LOAD acpica/psxface.32
LOAD acpica/rsaddr.32
LOAD acpica/rscalc.32
LOAD acpica/rscreate.32
LOAD acpica/rsdump.32
LOAD acpica/rsdumpinfo.32
LOAD acpica/rsinfo.32
LOAD acpica/rsio.32
LOAD acpica/rsirq.32
LOAD acpica/rslist.32
LOAD acpica/rsmemory.32
LOAD acpica/rsmisc.32
LOAD acpica/rsserial.32
LOAD acpica/rsutils.32
LOAD acpica/rsxface.32
LOAD acpica/tbdata.32
LOAD acpica/tbfadt.32
LOAD acpica/tbfind.32
LOAD acpica/tbinstal.32
LOAD acpica/tbprint.32
LOAD acpica/tbutils.32
LOAD acpica/tbxface.32
LOAD acpica/tbxfload.32
LOAD acpica/tbxfroot.32
LOAD acpica/utaddress.32
LOAD acpica/utalloc.32
LOAD acpica/utascii.32
LOAD acpica/utbuffer.32
LOAD acpica/utcache.32
LOAD acpica/utclib.32
LOAD acpica/utcopy.32
LOAD acpica/utdebug.32
LOAD acpica/utdecode.32
LOAD acpica/utdelete.32
LOAD acpica/uterror.32
LOAD acpica/uteval.32
LOAD acpica/utexcep.32
LOAD acpica/utglobal.32
LOAD acpica/uthex.32
LOAD acpica/utids.32
LOAD acpica/utinit.32
LOAD acpica/utlock.32
LOAD acpica/utmath.32
LOAD acpica/utmisc.32
LOAD acpica/utmutex.32
LOAD acpica/utnonansi.32
LOAD acpica/utobject.32
LOAD acpica/utosi.32
LOAD acpica/utownerid.32
LOAD acpica/utpredef.32
LOAD acpica/utprint.32
LOAD acpica/utresdecode.32
LOAD acpica/utresrc.32
LOAD acpica/utstate.32
LOAD acpica/utstring.32
LOAD acpica/utstrsuppt.32
LOAD acpica/utstrtoul64.32
LOAD acpica/uttrack.32
LOAD acpica/utuuid.32
LOAD acpica/utxface.32
LOAD acpica/utxferror.32
LOAD acpica/utxfinit.32
LOAD acpica/utxfmutex.32
LOAD core/malloc.32
LOAD libk/string.32
LOAD fs/fat/diskio.32
LOAD fs/fat/ff.32
LOAD fs/fat/ffsystem.32
LOAD fs/fat/ffunicode.32
LOAD hal/libresample/samplerate.32
LOAD hal/libresample/src_linear.32
LOAD hal/libresample/src_sinc.32
LOAD hal/libresample/src_zoh.32
LOAD acpica/osl.32
LOAD core/computer.32
LOAD core/elf.32
LOAD core/gdt.32
LOAD core/idle.32
LOAD core/idt.32
LOAD core/kconsole.32
LOAD core/kheap.32
LOAD core/main.32
LOAD core/physmgr.32
LOAD core/pipe.32
LOAD core/prcssthr.32
LOAD core/syscalls.32
LOAD core/terminal.32
LOAD core/tss.32
LOAD core/unixfile.32
LOAD core/virtmgr.32
LOAD coreobjs/c++.32
LOAD debugger/debug.32
LOAD fs/vfs.32
LOAD hal/bus.32
LOAD hal/buzzer.32
LOAD hal/clock.32
LOAD hal/device.32
LOAD hal/diskctrl.32
LOAD hal/diskphys.32
LOAD hal/fpu.32
LOAD hal/intctrl.32
LOAD hal/keybrd.32
LOAD hal/logidisk.32
LOAD hal/partition.32
LOAD hal/timer.32
LOAD hal/vcache.32
LOAD hw/acpi.32
LOAD hw/cpu.32
LOAD hw/ports.32
LOAD registry/registry.32
LOAD syscalls/sc_exit.32
LOAD syscalls/sc_sbrk.32
LOAD syscalls/sc_yield.32
LOAD vm86/vm8086.32
LOAD fs/fat/vfslink.32
LOAD fs/iso9660/vfslink.32
LOAD hal/sound/sndchannel.32
LOAD hal/sound/sndhw.32
LOAD hw/audio/sb16.32
LOAD hw/bus/isa.32
LOAD hw/bus/pci.32
LOAD hw/bus/ps2.32
LOAD hw/bus/ps2port.32
LOAD hw/buzzer/pcspk.32
LOAD hw/clock/rtc.32
LOAD hw/diskctrl/ide.32
LOAD hw/diskphys/ata.32
LOAD hw/diskphys/atapi.32
LOAD hw/dma/isadma.32
LOAD hw/fpu/avx.32
LOAD hw/fpu/mmx.32
LOAD hw/fpu/sse.32
LOAD hw/fpu/x87.32
LOAD hw/intctrl/apic.32
LOAD hw/intctrl/pic.32
LOAD hw/keybrd/ps2key.32
LOAD hw/timer/apictimer.32
LOAD hw/timer/pit.32
LOAD hw/fpu/x86/avx.32
LOAD hw/fpu/x86/sse.32
LOAD hw/fpu/x86/x87.32
LOAD /cygdrive/d/Users/Alex/Desktop/Toolchain/Output/bin/../lib/gcc/i386-banana/8.1.0/crtend.o
LOAD crtn.32
LOAD /cygdrive/d/Users/Alex/Desktop/Toolchain/Output/bin/../lib/gcc/i386-banana/8.1.0/libgcc.a
LOAD D:/Users/Alex/Desktop/Banana/kernel/libk/libm32.a
                0x00000000c0000000                . = 0xc0000000

.text           0x00000000c0000000    0x50c28
 *(.text)
 .text          0x00000000c0000000       0x3b D:/Users/Alex/Desktop/Banana/kernel/boot.32
                0x00000000c0000020                callGlobalConstructors
 .text          0x00000000c000003b        0x0 crti.32
 *fill*         0x00000000c000003b        0x1 
 .text          0x00000000c000003c      0x101 /cygdrive/d/Users/Alex/Desktop/Toolchain/Output/bin/../lib/gcc/i386-banana/8.1.0/crtbegin.o
 *fill*         0x00000000c000013d        0x3 
 .text          0x00000000c0000140      0x44b D:/Users/Alex/Desktop/Banana/kernel/morenasm.32
                0x00000000c0000140                doTPAUSE
                0x00000000c000014a                hasLegacyFPU
                0x00000000c000016f                is486
                0x00000000c00001d2                goToVM86
                0x00000000c0000203                goToUsermode
                0x00000000c000022e                switchToThreadASMFirstTime
                0x00000000c000023c                switchToThreadASM
                0x00000000c00002dc                detectCPUID
                0x00000000c00002f2                asmQuickAcquireLock
                0x00000000c0000310                asmQuickReleaseLock
                0x00000000c000031c                asmAcquireLock
                0x00000000c000033d                asmReleaseLock
                0x00000000c0000350                loadGDT
                0x00000000c0000370                isr0
                0x00000000c0000380                isr1
                0x00000000c000038a                isr2
                0x00000000c0000394                isr3
                0x00000000c000039e                isr4
                0x00000000c00003a8                isr5
                0x00000000c00003b2                isr6
                0x00000000c00003bc                isr7
                0x00000000c00003c6                isr8
                0x00000000c00003ce                isr9
                0x00000000c00003d8                isr10
                0x00000000c00003e0                isr11
                0x00000000c00003e8                isr12
                0x00000000c00003f0                isr13
                0x00000000c00003f8                isr14
                0x00000000c0000400                isr15
                0x00000000c000040a                isr16
                0x00000000c0000414                isr17
                0x00000000c000041e                isr18
                0x00000000c0000428                isr96
                0x00000000c0000432                irq0
                0x00000000c000043c                irq1
                0x00000000c0000446                irq2
                0x00000000c0000450                irq3
                0x00000000c000045a                irq4
                0x00000000c0000464                irq5
                0x00000000c000046e                irq6
                0x00000000c0000478                irq7
                0x00000000c0000482                irq8
                0x00000000c000048c                irq9
                0x00000000c0000496                irq10
                0x00000000c00004a0                irq11
                0x00000000c00004aa                irq12
                0x00000000c00004b4                irq13
                0x00000000c00004be                irq14
                0x00000000c00004c8                irq15
                0x00000000c00004d2                irq16
                0x00000000c00004dc                irq17
                0x00000000c00004e6                irq18
                0x00000000c00004f0                irq19
                0x00000000c00004fa                irq20
                0x00000000c0000504                irq21
                0x00000000c000050e                irq22
                0x00000000c0000518                irq23
                0x00000000c0000522                int_common_stub
                0x00000000c0000552                syscall_common_stub
 .text          0x00000000c000058b      0x476 acpica/dsargs.32
                0x00000000c000076c                AcpiDsGetBufferFieldArguments
                0x00000000c00007d2                AcpiDsGetBankFieldArguments
                0x00000000c0000838                AcpiDsGetBufferArguments
                0x00000000c00008bd                AcpiDsGetPackageArguments
                0x00000000c0000942                AcpiDsGetRegionArguments
 .text          0x00000000c0000a01      0x46d acpica/dscontrol.32
                0x00000000c0000a03                AcpiDsExecBeginControlOp
                0x00000000c0000b37                AcpiDsExecEndControlOp
 .text          0x00000000c0000e6e        0x2 acpica/dsdebug.32
                0x00000000c0000e6e                AcpiDsDumpMethodStack
 .text          0x00000000c0000e70      0xb66 acpica/dsfield.32
                0x00000000c0000e70                AcpiDsCreateBufferField
                0x00000000c00013ee                AcpiDsCreateField
                0x00000000c0001526                AcpiDsInitFieldObjects
                0x00000000c00016f3                AcpiDsCreateBankField
                0x00000000c0001870                AcpiDsCreateIndexField
 .text          0x00000000c00019d6      0x26a acpica/dsinit.32
                0x00000000c0001b59                AcpiDsInitializeObjects
 .text          0x00000000c0001c40      0xa37 acpica/dsmethod.32
                0x00000000c0001c91                AcpiDsAutoSerializeMethod
                0x00000000c0001db9                AcpiDsMethodError
                0x00000000c0001f3c                AcpiDsBeginMethodExecution
                0x00000000c00021c9                AcpiDsRestartControlMethod
                0x00000000c000226b                AcpiDsTerminateControlMethod
                0x00000000c0002456                AcpiDsCallControlMethod
 .text          0x00000000c0002677      0x781 acpica/dsmthdat.32
                0x00000000c0002677                AcpiDsMethodDataInit
                0x00000000c000283c                AcpiDsMethodDataDeleteAll
                0x00000000c00028f3                AcpiDsMethodDataGetNode
                0x00000000c0002a52                AcpiDsMethodDataInitArgs
                0x00000000c0002ad5                AcpiDsMethodDataGetValue
                0x00000000c0002c89                AcpiDsStoreObjectToLocal
 .text          0x00000000c0002df8      0x7c5 acpica/dsobject.32
                0x00000000c0002df8                AcpiDsBuildInternalBufferObj
                0x00000000c0002f72                AcpiDsInitObjectFromOp
                0x00000000c000334b                AcpiDsBuildInternalObject
                0x00000000c0003526                AcpiDsCreateNode
 .text          0x00000000c00035bd      0xb37 acpica/dsopcode.32
                0x00000000c00035bd                AcpiDsInitializeRegion
                0x00000000c0003904                AcpiDsEvalBufferFieldOperands
                0x00000000c0003a97                AcpiDsEvalRegionOperands
                0x00000000c0003c50                AcpiDsEvalTableRegionOperands
                0x00000000c0003e14                AcpiDsEvalDataObjectOperands
                0x00000000c0003ff3                AcpiDsEvalBankFieldOperands
 .text          0x00000000c00040f4      0x603 acpica/dspkginit.32
                0x00000000c00042f4                AcpiDsInitPackageElement
                0x00000000c0004360                AcpiDsBuildInternalPackageObj
 .text          0x00000000c00046f7      0x9dc acpica/dsutils.32
                0x00000000c00046f9                AcpiDsClearImplicitReturn
                0x00000000c000473a                AcpiDsDoImplicitReturn
                0x00000000c00047af                AcpiDsIsResultUsed
                0x00000000c0004960                AcpiDsDeleteResultIfNotUsed
                0x00000000c00049d8                AcpiDsResolveOperands
                0x00000000c0004a34                AcpiDsClearOperands
                0x00000000c0004a86                AcpiDsCreateOperand
                0x00000000c0004e31                AcpiDsCreateOperands
                0x00000000c0004f37                AcpiDsEvaluateNamePath
 .text          0x00000000c00050d3      0xad1 acpica/dswexec.32
                0x00000000c00050db                AcpiDsGetPredicateValue
                0x00000000c0005306                AcpiDsExecBeginOp
                0x00000000c000550d                AcpiDsExecEndOp
 .text          0x00000000c0005ba4      0x74b acpica/dswload.32
                0x00000000c0005ba4                AcpiDsLoad1BeginOp
                0x00000000c0005f4b                AcpiDsLoad1EndOp
                0x00000000c000621f                AcpiDsInitCallbacks
 .text          0x00000000c00062ef      0x992 acpica/dswload2.32
                0x00000000c00062ef                AcpiDsLoad2BeginOp
                0x00000000c00067c7                AcpiDsLoad2EndOp
 .text          0x00000000c0006c81      0x164 acpica/dswscope.32
                0x00000000c0006c81                AcpiDsScopeStackClear
                0x00000000c0006cbe                AcpiDsScopeStackPush
                0x00000000c0006d91                AcpiDsScopeStackPop
 .text          0x00000000c0006de5      0x963 acpica/dswstate.32
                0x00000000c0006e82                AcpiDsResultPush
                0x00000000c000706d                AcpiDsResultPop
                0x00000000c00071b6                AcpiDsObjStackPush
                0x00000000c0007247                AcpiDsObjStackPop
                0x00000000c00072db                AcpiDsObjStackPopAndDelete
                0x00000000c000735b                AcpiDsGetCurrentWalkState
                0x00000000c0007373                AcpiDsPushWalkState
                0x00000000c000738d                AcpiDsPopWalkState
                0x00000000c00073b2                AcpiDsCreateWalkState
                0x00000000c0007442                AcpiDsInitAmlWalk
                0x00000000c000761d                AcpiDsDeleteWalkState
 .text          0x00000000c0007748      0x34d acpica/evevent.32
                0x00000000c0007748                AcpiEvInstallXruptHandlers
                0x00000000c000785f                AcpiEvInitializeEvents
                0x00000000c000799c                AcpiEvFixedEventDetect
 .text          0x00000000c0007a95      0x2e9 acpica/evglock.32
                0x00000000c0007b18                AcpiEvInitGlobalLockHandler
                0x00000000c0007bac                AcpiEvRemoveGlobalLockHandler
                0x00000000c0007be2                AcpiEvAcquireGlobalLock
                0x00000000c0007cec                AcpiEvReleaseGlobalLock
 .text          0x00000000c0007d7e      0x9b6 acpica/evgpe.32
                0x00000000c0007d7e                AcpiEvUpdateGpeEnableMask
                0x00000000c0007ded                AcpiEvEnableGpe
                0x00000000c0007e0e                AcpiEvMaskGpe
                0x00000000c0007eec                AcpiEvAddGpeReference
                0x00000000c0007f7a                AcpiEvRemoveGpeReference
                0x00000000c0007ff9                AcpiEvLowGetGpeInfo
                0x00000000c000805c                AcpiEvGetGpeEventInfo
                0x00000000c00080e5                AcpiEvFinishGpe
                0x00000000c00082a2                AcpiEvGpeDispatch
                0x00000000c000844e                AcpiEvDetectGpe
                0x00000000c00085e8                AcpiEvGpeDetect
 .text          0x00000000c0008734      0x750 acpica/evgpeblk.32
                0x00000000c00087f8                AcpiEvDeleteGpeBlock
                0x00000000c0008b68                AcpiEvCreateGpeBlock
                0x00000000c0008cf6                AcpiEvInitializeGpeBlock
 .text          0x00000000c0008e84      0x528 acpica/evgpeinit.32
                0x00000000c0008e84                AcpiEvMatchGpeMethod
                0x00000000c0009036                AcpiEvGpeInitialize
                0x00000000c000927e                AcpiEvUpdateGpes
 .text          0x00000000c00093ac      0x40f acpica/evgpeutil.32
                0x00000000c00093ac                AcpiEvWalkGpeList
                0x00000000c000944c                AcpiEvGetGpeDevice
                0x00000000c00094af                AcpiEvGetGpeXruptBlock
                0x00000000c00095e8                AcpiEvDeleteGpeXrupt
                0x00000000c00096ab                AcpiEvDeleteGpeHandlers
 .text          0x00000000c00097bb      0x50f acpica/evhandler.32
                0x00000000c00097bb                AcpiEvHasDefaultHandler
                0x00000000c0009820                AcpiEvFindRegionHandler
                0x00000000c0009963                AcpiEvInstallSpaceHandler
                0x00000000c0009c2f                AcpiEvInstallRegionHandlers
 .text          0x00000000c0009cca      0x36b acpica/evmisc.32
                0x00000000c0009d74                AcpiEvIsNotifyObject
                0x00000000c0009da1                AcpiEvQueueNotifyRequest
                0x00000000c0009eb4                AcpiEvTerminate
 .text          0x00000000c000a035      0xa5d acpica/evregion.32
                0x00000000c000a035                AcpiEvAddressSpaceDispatch
                0x00000000c000a379                AcpiEvAttachRegion
                0x00000000c000a3c6                AcpiEvExecuteRegMethod
                0x00000000c000a5a7                AcpiEvDetachRegion
                0x00000000c000a976                AcpiEvExecuteRegMethods
                0x00000000c000aa04                AcpiEvInitializeOpRegions
 .text          0x00000000c000aa92      0x567 acpica/evrgnini.32
                0x00000000c000aa92                AcpiEvSystemMemoryRegionSetup
                0x00000000c000ab3a                AcpiEvIoSpaceRegionSetup
                0x00000000c000ab5d                AcpiEvIsPciRootBridge
                0x00000000c000ac24                AcpiEvPciConfigRegionSetup
                0x00000000c000aeb1                AcpiEvPciBarRegionSetup
                0x00000000c000aeb7                AcpiEvCmosRegionSetup
                0x00000000c000aebd                AcpiEvDefaultRegionSetup
                0x00000000c000aee0                AcpiEvInitializeRegion
 .text          0x00000000c000aff9      0x194 acpica/evsci.32
                0x00000000c000aff9                AcpiEvSciDispatch
                0x00000000c000b0ac                AcpiEvGpeXruptHandler
                0x00000000c000b0d2                AcpiEvInstallSciHandler
                0x00000000c000b10b                AcpiEvRemoveAllSciHandlers
 .text          0x00000000c000b18d      0xd31 acpica/evxface.32
                0x00000000c000b18d                AcpiInstallNotifyHandler
                0x00000000c000b402                AcpiRemoveNotifyHandler
                0x00000000c000b61e                AcpiInstallExceptionHandler
                0x00000000c000b669                AcpiInstallSciHandler
                0x00000000c000b74d                AcpiRemoveSciHandler
                0x00000000c000b829                AcpiInstallGlobalEventHandler
                0x00000000c000b889                AcpiInstallFixedEventHandler
                0x00000000c000b96e                AcpiRemoveFixedEventHandler
                0x00000000c000bc12                AcpiInstallGpeHandler
                0x00000000c000bc4f                AcpiInstallGpeRawHandler
                0x00000000c000bc8c                AcpiRemoveGpeHandler
                0x00000000c000be1e                AcpiAcquireGlobalLock
                0x00000000c000be87                AcpiReleaseGlobalLock
 .text          0x00000000c000bebe      0x3ac acpica/evxfevnt.32
                0x00000000c000bebe                AcpiEnable
                0x00000000c000bf33                AcpiDisable
                0x00000000c000bf97                AcpiEnableEvent
                0x00000000c000c06f                AcpiDisableEvent
                0x00000000c000c146                AcpiClearEvent
                0x00000000c000c1a0                AcpiGetEventStatus
 .text          0x00000000c000c26a      0xa2c acpica/evxfgpe.32
                0x00000000c000c26a                AcpiUpdateAllGpes
                0x00000000c000c2f3                AcpiEnableGpe
                0x00000000c000c374                AcpiDisableGpe
                0x00000000c000c3d3                AcpiSetGpe
                0x00000000c000c481                AcpiMaskGpe
                0x00000000c000c4f0                AcpiMarkGpeForWake
                0x00000000c000c55a                AcpiSetupGpeForWake
                0x00000000c000c6dc                AcpiSetGpeWakeMask
                0x00000000c000c7eb                AcpiClearGpe
                0x00000000c000c853                AcpiGetGpeStatus
                0x00000000c000c8c2                AcpiDispatchGpe
                0x00000000c000c8e4                AcpiFinishGpe
                0x00000000c000c945                AcpiDisableAllGpes
                0x00000000c000c97e                AcpiEnableAllRuntimeGpes
                0x00000000c000c9b7                AcpiEnableAllWakeupGpes
                0x00000000c000c9f0                AcpiInstallGpeBlock
                0x00000000c000cb6b                AcpiRemoveGpeBlock
                0x00000000c000cc29                AcpiGetGpeDevice
 .text          0x00000000c000cc96      0x200 acpica/evxfregn.32
                0x00000000c000cc96                AcpiInstallAddressSpaceHandler
                0x00000000c000cd49                AcpiRemoveAddressSpaceHandler
 .text          0x00000000c000ce96      0x514 acpica/exconcat.32
                0x00000000c000cf27                AcpiExDoConcatenate
                0x00000000c000d2a4                AcpiExConcatTemplate
 .text          0x00000000c000d3aa      0x67a acpica/exconfig.32
                0x00000000c000d492                AcpiExUnloadTable
                0x00000000c000d557                AcpiExLoadTableOp
                0x00000000c000d795                AcpiExLoadOp
 .text          0x00000000c000da24      0x7b6 acpica/exconvrt.32
                0x00000000c000da24                AcpiExConvertToInteger
                0x00000000c000db86                AcpiExConvertToBuffer
                0x00000000c000de05                AcpiExConvertToString
                0x00000000c000e071                AcpiExConvertToTargetType
 .text          0x00000000c000e1da      0x590 acpica/excreate.32
                0x00000000c000e1da                AcpiExCreateAlias
                0x00000000c000e25f                AcpiExCreateEvent
                0x00000000c000e2f8                AcpiExCreateMutex
                0x00000000c000e3bb                AcpiExCreateRegion
                0x00000000c000e52a                AcpiExCreateProcessor
                0x00000000c000e5e1                AcpiExCreatePowerResource
                0x00000000c000e683                AcpiExCreateMethod
 .text          0x00000000c000e76a      0x581 acpica/exdebug.32
                0x00000000c000e76a                AcpiExDoDebugObject
 .text          0x00000000c000eceb        0x0 acpica/exdump.32
 .text          0x00000000c000eceb      0x4ff acpica/exfield.32
                0x00000000c000eceb                AcpiExGetProtocolBufferLength
                0x00000000c000ed4a                AcpiExReadDataFromField
                0x00000000c000ef81                AcpiExWriteDataToField
 .text          0x00000000c000f1ea      0xf7e acpica/exfldio.32
                0x00000000c000f454                AcpiExAccessRegion
                0x00000000c000f61e                AcpiExInsertIntoField
                0x00000000c000fc4c                AcpiExWriteWithUpdateRule
                0x00000000c000fdf5                AcpiExExtractFromField
 .text          0x00000000c0010168      0x627 acpica/exmisc.32
                0x00000000c0010168                AcpiExGetObjectReference
                0x00000000c0010286                AcpiExDoMathOp
                0x00000000c0010423                AcpiExDoLogicalNumericOp
                0x00000000c00104e2                AcpiExDoLogicalOp
 .text          0x00000000c001078f      0x5eb acpica/exmutex.32
                0x00000000c001078f                AcpiExUnlinkMutex
                0x00000000c0010836                AcpiExAcquireMutexObject
                0x00000000c00108fb                AcpiExAcquireMutex
                0x00000000c0010a59                AcpiExReleaseMutexObject
                0x00000000c0010aff                AcpiExReleaseMutex
                0x00000000c0010ce1                AcpiExReleaseAllMutexes
 .text          0x00000000c0010d7a      0x4a1 acpica/exnames.32
                0x00000000c0010f75                AcpiExGetNameString
 .text          0x00000000c001121b     0x110b acpica/exoparg1.32
                0x00000000c001121b                AcpiExOpcode_0A_0T_1R
                0x00000000c00112d5                AcpiExOpcode_1A_0T_0R
                0x00000000c00113ce                AcpiExOpcode_1A_1T_0R
                0x00000000c0011453                AcpiExOpcode_1A_1T_1R
                0x00000000c0011bb8                AcpiExOpcode_1A_0T_1R
 .text          0x00000000c0012326      0x9b4 acpica/exoparg2.32
                0x00000000c0012326                AcpiExOpcode_2A_0T_0R
                0x00000000c0012402                AcpiExOpcode_2A_2T_1R
                0x00000000c00125b0                AcpiExOpcode_2A_1T_1R
                0x00000000c0012ad1                AcpiExOpcode_2A_0T_1R
 .text          0x00000000c0012cda      0x359 acpica/exoparg3.32
                0x00000000c0012cda                AcpiExOpcode_3A_0T_0R
                0x00000000c0012de2                AcpiExOpcode_3A_1T_1R
 .text          0x00000000c0013033      0x3dc acpica/exoparg6.32
                0x00000000c001318f                AcpiExOpcode_6A_0T_1R
 .text          0x00000000c001340f      0x53e acpica/exprep.32
                0x00000000c00134d4                AcpiExPrepCommonFieldObject
                0x00000000c0013573                AcpiExPrepFieldValue
 .text          0x00000000c001394d      0x509 acpica/exregion.32
                0x00000000c001394d                AcpiExSystemMemorySpaceHandler
                0x00000000c0013c6e                AcpiExSystemIoSpaceHandler
                0x00000000c0013d03                AcpiExPciConfigSpaceHandler
                0x00000000c0013dae                AcpiExCmosSpaceHandler
                0x00000000c0013dcc                AcpiExPciBarSpaceHandler
                0x00000000c0013dea                AcpiExDataTableSpaceHandler
 .text          0x00000000c0013e56      0x379 acpica/exresnte.32
                0x00000000c0013e56                AcpiExResolveNodeToValue
 .text          0x00000000c00141cf      0x650 acpica/exresolv.32
                0x00000000c0014426                AcpiExResolveToValue
                0x00000000c00144ee                AcpiExResolveMultiple
 .text          0x00000000c001481f      0x85d acpica/exresop.32
                0x00000000c00148b4                AcpiExResolveOperands
 .text          0x00000000c001507c      0x3e0 acpica/exserial.32
                0x00000000c001507c                AcpiExReadGpio
                0x00000000c00150d0                AcpiExWriteGpio
                0x00000000c001513f                AcpiExReadSerialBus
                0x00000000c00152a6                AcpiExWriteSerialBus
 .text          0x00000000c001545c      0x60e acpica/exstore.32
                0x00000000c0015682                AcpiExStoreObjectToNode
                0x00000000c0015898                AcpiExStore
 .text          0x00000000c0015a6a      0x2b2 acpica/exstoren.32
                0x00000000c0015a6a                AcpiExResolveObject
                0x00000000c0015b95                AcpiExStoreObjectToObject
 .text          0x00000000c0015d1c      0x218 acpica/exstorob.32
                0x00000000c0015d1c                AcpiExStoreBufferToBuffer
                0x00000000c0015e1f                AcpiExStoreStringToString
 .text          0x00000000c0015f34      0x230 acpica/exsystem.32
                0x00000000c0015f34                AcpiExSystemWaitSemaphore
                0x00000000c0015f9d                AcpiExSystemWaitMutex
                0x00000000c0016006                AcpiExSystemDoStall
                0x00000000c0016058                AcpiExSystemDoSleep
                0x00000000c00160ad                AcpiExSystemSignalEvent
                0x00000000c00160de                AcpiExSystemWaitEvent
                0x00000000c0016117                AcpiExSystemResetEvent
 .text          0x00000000c0016164      0x1f5 acpica/extrace.32
                0x00000000c00161de                AcpiExTracePoint
                0x00000000c00161ed                AcpiExStartTraceMethod
                0x00000000c00162a1                AcpiExStopTraceMethod
                0x00000000c001632b                AcpiExStartTraceOpcode
                0x00000000c0016342                AcpiExStopTraceOpcode
 .text          0x00000000c0016359      0x572 acpica/exutils.32
                0x00000000c0016359                AcpiExEnterInterpreter
                0x00000000c00163c5                AcpiExExitInterpreter
                0x00000000c0016431                AcpiExTruncateFor32bitTable
                0x00000000c0016495                AcpiExAcquireGlobalLock
                0x00000000c00164fd                AcpiExReleaseGlobalLock
                0x00000000c00165c6                AcpiExEisaIdToString
                0x00000000c00166ed                AcpiExIntegerToString
                0x00000000c0016779                AcpiExPciClsToString
                0x00000000c0016897                AcpiIsValidSpaceId
 .text          0x00000000c00168cb      0x1de acpica/hwacpi.32
                0x00000000c00168cb                AcpiHwGetMode
                0x00000000c001692b                AcpiHwSetMode
 *fill*         0x00000000c0016aa9        0x7 
 .text          0x00000000c0016ab0      0x239 acpica/hwesleep.32
                0x00000000c0016ab0                AcpiHwExecuteSleepMethod
                0x00000000c0016b32                AcpiHwExtendedSleep
                0x00000000c0016c23                AcpiHwExtendedWakePrep
                0x00000000c0016c75                AcpiHwExtendedWake
 .text          0x00000000c0016ce9      0x4e9 acpica/hwgpe.32
                0x00000000c0016ce9                AcpiHwGetGpeRegisterBit
                0x00000000c0016d14                AcpiHwLowSetGpe
                0x00000000c0016e37                AcpiHwClearGpe
                0x00000000c0016e7f                AcpiHwGetGpeStatus
                0x00000000c0016fd3                AcpiHwDisableGpeBlock
                0x00000000c001702a                AcpiHwEnableRuntimeGpeBlock
                0x00000000c001710d                AcpiHwClearGpeBlock
                0x00000000c001716c                AcpiHwDisableAllGpes
                0x00000000c001718e                AcpiHwEnableAllRuntimeGpes
                0x00000000c00171b0                AcpiHwEnableAllWakeupGpes
 .text          0x00000000c00171d2      0x336 acpica/hwpci.32
                0x00000000c00174ae                AcpiHwDerivePciId
 .text          0x00000000c0017508      0xc41 acpica/hwregs.32
                0x00000000c001774c                AcpiHwValidateRegister
                0x00000000c00178a4                AcpiHwRead
                0x00000000c0017a97                AcpiHwWrite
                0x00000000c0017c61                AcpiHwGetBitRegisterInfo
                0x00000000c0017ca5                AcpiHwWritePm1Control
                0x00000000c0017d89                AcpiHwRegisterRead
                0x00000000c0017f3a                AcpiHwRegisterWrite
                0x00000000c00180dc                AcpiHwClearAcpiStatus
 .text          0x00000000c0018149      0x2e6 acpica/hwsleep.32
                0x00000000c0018149                AcpiHwLegacySleep
                0x00000000c00182d1                AcpiHwLegacyWakePrep
                0x00000000c001837b                AcpiHwLegacyWake
 .text          0x00000000c001842f      0x11b acpica/hwtimer.32
                0x00000000c001842f                AcpiGetTimerResolution
                0x00000000c0018458                AcpiGetTimer
                0x00000000c00184a2                AcpiGetTimerDuration
 .text          0x00000000c001854a      0x3a9 acpica/hwvalid.32
                0x00000000c00186d0                AcpiHwReadPort
                0x00000000c00187f0                AcpiHwWritePort
 .text          0x00000000c00188f3      0x489 acpica/hwxface.32
                0x00000000c00188f3                AcpiReset
                0x00000000c0018988                AcpiRead
                0x00000000c00189a8                AcpiWrite
                0x00000000c00189db                AcpiReadBitRegister
                0x00000000c0018a53                AcpiWriteBitRegister
                0x00000000c0018b72                AcpiGetSleepTypeData
 *fill*         0x00000000c0018d7c        0x4 
 .text          0x00000000c0018d80      0x252 acpica/hwxfsleep.32
                0x00000000c0018dac                AcpiSetFirmwareWakingVector
                0x00000000c0018deb                AcpiEnterSleepStateS4bios
                0x00000000c0018e88                AcpiEnterSleepStatePrep
                0x00000000c0018f47                AcpiEnterSleepState
                0x00000000c0018fa6                AcpiLeaveSleepStatePrep
                0x00000000c0018fbc                AcpiLeaveSleepState
 .text          0x00000000c0018fd2      0x848 acpica/nsaccess.32
                0x00000000c0018fd2                AcpiNsRootInitialize
                0x00000000c001937d                AcpiNsLookup
 .text          0x00000000c001981a      0x43d acpica/nsalloc.32
                0x00000000c001981a                AcpiNsCreateNode
                0x00000000c0019852                AcpiNsDeleteNode
                0x00000000c00198e9                AcpiNsRemoveNode
                0x00000000c001994f                AcpiNsInstallNode
                0x00000000c0019a05                AcpiNsDeleteChildren
                0x00000000c0019a80                AcpiNsDeleteNamespaceSubtree
                0x00000000c0019b31                AcpiNsDeleteNamespaceByOwner
 .text          0x00000000c0019c57      0x48b acpica/nsarguments.32
                0x00000000c0019c57                AcpiNsCheckArgumentTypes
                0x00000000c0019d74                AcpiNsCheckAcpiCompliance
                0x00000000c0019f11                AcpiNsCheckArgumentCount
 .text          0x00000000c001a0e2      0x5e3 acpica/nsconvert.32
                0x00000000c001a0e2                AcpiNsConvertToInteger
                0x00000000c001a1ed                AcpiNsConvertToString
                0x00000000c001a2e5                AcpiNsConvertToBuffer
                0x00000000c001a43d                AcpiNsConvertToUnicode
                0x00000000c001a503                AcpiNsConvertToResource
                0x00000000c001a5a6                AcpiNsConvertToReference
 .text          0x00000000c001a6c5        0x0 acpica/nsdump.32
 .text          0x00000000c001a6c5        0x0 acpica/nsdumpdv.32
 .text          0x00000000c001a6c5      0x3bf acpica/nseval.32
                0x00000000c001a6c5                AcpiNsEvaluate
 .text          0x00000000c001aa84      0x773 acpica/nsinit.32
                0x00000000c001acad                AcpiNsInitializeObjects
                0x00000000c001ad3c                AcpiNsInitializeDevices
                0x00000000c001af61                AcpiNsInitOnePackage
 .text          0x00000000c001b1f7       0xca acpica/nsload.32
                0x00000000c001b1f7                AcpiNsLoadTable
 .text          0x00000000c001b2c1      0x5ff acpica/nsnames.32
                0x00000000c001b2c1                AcpiNsHandleToName
                0x00000000c001b331                AcpiNsBuildNormalizedPath
                0x00000000c001b496                AcpiNsGetPathnameLength
                0x00000000c001b50a                AcpiNsHandleToPathname
                0x00000000c001b5af                AcpiNsGetNormalizedPathname
                0x00000000c001b652                AcpiNsGetExternalPathname
                0x00000000c001b775                AcpiNsBuildPrefixedPathname
 .text          0x00000000c001b8c0      0x476 acpica/nsobject.32
                0x00000000c001b8c0                AcpiNsDetachObject
                0x00000000c001b9ac                AcpiNsAttachObject
                0x00000000c001bb21                AcpiNsGetAttachedObject
                0x00000000c001bb8e                AcpiNsGetSecondaryObject
                0x00000000c001bbc6                AcpiNsAttachData
                0x00000000c001bc73                AcpiNsDetachData
                0x00000000c001bce9                AcpiNsGetAttachedData
 .text          0x00000000c001bd36      0x37b acpica/nsparse.32
                0x00000000c001bd36                AcpiNsExecuteTable
                0x00000000c001bee3                AcpiNsOneCompleteParse
                0x00000000c001c091                AcpiNsParseTable
 .text          0x00000000c001c0b1      0x429 acpica/nspredef.32
                0x00000000c001c18d                AcpiNsCheckObjectType
                0x00000000c001c3a3                AcpiNsCheckReturnValue
 .text          0x00000000c001c4da      0xbdf acpica/nsprepkg.32
                0x00000000c001cb45                AcpiNsCheckPackage
 .text          0x00000000c001d0b9      0x4ca acpica/nsrepair.32
                0x00000000c001d11d                AcpiNsRepairNullElement
                0x00000000c001d1d9                AcpiNsRemoveNullElements
                0x00000000c001d26f                AcpiNsWrapWithPackage
                0x00000000c001d2bc                AcpiNsSimpleRepair
 .text          0x00000000c001d583      0xae3 acpica/nsrepair2.32
                0x00000000c001d98f                AcpiNsComplexRepairs
 .text          0x00000000c001e066      0x29c acpica/nssearch.32
                0x00000000c001e066                AcpiNsSearchOneScope
                0x00000000c001e136                AcpiNsSearchAndEnter
 .text          0x00000000c001e302      0x860 acpica/nsutils.32
                0x00000000c001e302                AcpiNsPrintNodePathname
                0x00000000c001e37f                AcpiNsGetType
                0x00000000c001e3ba                AcpiNsLocal
                0x00000000c001e40f                AcpiNsGetInternalNameLength
                0x00000000c001e4f3                AcpiNsBuildInternalName
                0x00000000c001e6ad                AcpiNsInternalizeName
                0x00000000c001e735                AcpiNsExternalizeName
                0x00000000c001e983                AcpiNsValidateHandle
                0x00000000c001e9b0                AcpiNsTerminate
                0x00000000c001e9f7                AcpiNsOpensScope
                0x00000000c001ea40                AcpiNsGetNodeUnlocked
                0x00000000c001eb0e                AcpiNsGetNode
 .text          0x00000000c001eb62      0x289 acpica/nswalk.32
                0x00000000c001eb62                AcpiNsGetNextNode
                0x00000000c001eb7b                AcpiNsGetNextNodeTyped
                0x00000000c001ebd2                AcpiNsWalkNamespace
 .text          0x00000000c001edeb      0x99d acpica/nsxfeval.32
                0x00000000c001f050                AcpiEvaluateObject
                0x00000000c001f315                AcpiEvaluateObjectTyped
                0x00000000c001f4a2                AcpiWalkNamespace
                0x00000000c001f574                AcpiGetDevices
                0x00000000c001f60c                AcpiAttachData
                0x00000000c001f68f                AcpiDetachData
                0x00000000c001f705                AcpiGetData
 .text          0x00000000c001f788      0x832 acpica/nsxfname.32
                0x00000000c001f788                AcpiGetHandle
                0x00000000c001f84a                AcpiGetName
                0x00000000c001f92d                AcpiGetObjectInfo
                0x00000000c001fd5c                AcpiInstallMethod
 .text          0x00000000c001ffba      0x1e4 acpica/nsxfobj.32
                0x00000000c001ffba                AcpiGetType
                0x00000000c0020047                AcpiGetParent
                0x00000000c00200d0                AcpiGetNextObject
 .text          0x00000000c002019e      0xbf1 acpica/psargs.32
                0x00000000c0020222                AcpiPsGetNextPackageEnd
                0x00000000c0020249                AcpiPsGetNextNamestring
                0x00000000c00202d8                AcpiPsGetNextNamepath
                0x00000000c0020553                AcpiPsGetNextSimpleArg
                0x00000000c0020a51                AcpiPsGetNextArg
 .text          0x00000000c0020d8f      0x939 acpica/psloop.32
                0x00000000c0020fcc                AcpiPsParseLoop
 .text          0x00000000c00216c8      0xb3b acpica/psobject.32
                0x00000000c002180b                AcpiPsBuildNamedOp
                0x00000000c00219e3                AcpiPsCreateOp
                0x00000000c0021c40                AcpiPsCompleteOp
                0x00000000c0022061                AcpiPsCompleteFinalOp
 .text          0x00000000c0022203        0x0 acpica/psopcode.32
 .text          0x00000000c0022203       0xa0 acpica/psopinfo.32
                0x00000000c0022203                AcpiPsGetOpcodeInfo
                0x00000000c0022272                AcpiPsGetOpcodeName
                0x00000000c0022286                AcpiPsGetArgumentCount
 .text          0x00000000c00222a3      0x923 acpica/psparse.32
                0x00000000c00222a3                AcpiPsGetOpcodeSize
                0x00000000c00222bd                AcpiPsPeekOpcode
                0x00000000c0022302                AcpiPsCompleteThisOp
                0x00000000c002261a                AcpiPsNextParseState
                0x00000000c0022770                AcpiPsParseAml
 .text          0x00000000c0022bc6      0x1e6 acpica/psscope.32
                0x00000000c0022bc6                AcpiPsGetParentScope
                0x00000000c0022bd4                AcpiPsHasCompletedScope
                0x00000000c0022c08                AcpiPsInitScope
                0x00000000c0022c6e                AcpiPsPushScope
                0x00000000c0022cf1                AcpiPsPopScope
                0x00000000c0022d72                AcpiPsCleanupScope
 .text          0x00000000c0022dac      0x224 acpica/pstree.32
                0x00000000c0022dac                AcpiPsGetArg
                0x00000000c0022e23                AcpiPsAppendArg
                0x00000000c0022f00                AcpiPsGetDepthNext
 .text          0x00000000c0022fd0      0x1ca acpica/psutils.32
                0x00000000c0022fd0                AcpiPsInitOp
                0x00000000c0022ff2                AcpiPsAllocOp
                0x00000000c00230b3                AcpiPsCreateScopeOp
                0x00000000c00230eb                AcpiPsFreeOp
                0x00000000c002312f                AcpiPsIsLeadingChar
                0x00000000c0023155                AcpiPsGetName
                0x00000000c0023178                AcpiPsSetName
 .text          0x00000000c002319a       0x9b acpica/pswalk.32
                0x00000000c002319a                AcpiPsDeleteParseTree
 .text          0x00000000c0023235      0x4dd acpica/psxface.32
                0x00000000c0023235                AcpiDebugTrace
                0x00000000c002328d                AcpiPsExecuteTable
                0x00000000c0023489                AcpiPsExecuteMethod
 .text          0x00000000c0023712      0x11d acpica/rsaddr.32
                0x00000000c0023712                AcpiRsGetAddressCommon
                0x00000000c00237b1                AcpiRsSetAddressCommon
 .text          0x00000000c002382f      0x805 acpica/rscalc.32
                0x00000000c00238b0                AcpiRsGetAmlLength
                0x00000000c0023b66                AcpiRsGetListLength
                0x00000000c0023f05                AcpiRsGetPciRoutingTableLength
 .text          0x00000000c0024034      0x5b6 acpica/rscreate.32
                0x00000000c0024034                AcpiBufferToResource
                0x00000000c00240f7                AcpiRsCreateResourceList
                0x00000000c00241a4                AcpiRsCreatePciRoutingTable
                0x00000000c002455d                AcpiRsCreateAmlResources
 .text          0x00000000c00245ea        0x0 acpica/rsdump.32
 .text          0x00000000c00245ea        0x0 acpica/rsdumpinfo.32
 .text          0x00000000c00245ea        0x0 acpica/rsinfo.32
 .text          0x00000000c00245ea        0x0 acpica/rsio.32
 .text          0x00000000c00245ea        0x0 acpica/rsirq.32
 .text          0x00000000c00245ea      0x2e7 acpica/rslist.32
                0x00000000c00245ea                AcpiRsConvertAmlToResources
                0x00000000c002471d                AcpiRsConvertResourcesToAml
 .text          0x00000000c00248d1        0x0 acpica/rsmemory.32
 .text          0x00000000c00248d1      0xecb acpica/rsmisc.32
                0x00000000c00248d1                AcpiRsConvertAmlToResource
                0x00000000c0025100                AcpiRsConvertResourceToAml
 .text          0x00000000c002579c        0x0 acpica/rsserial.32
 .text          0x00000000c002579c      0x665 acpica/rsutils.32
                0x00000000c002579c                AcpiRsDecodeBitmask
                0x00000000c00257f2                AcpiRsEncodeBitmask
                0x00000000c0025845                AcpiRsMoveData
                0x00000000c0025923                AcpiRsSetResourceLength
                0x00000000c002597b                AcpiRsSetResourceHeader
                0x00000000c00259fa                AcpiRsGetResourceSource
                0x00000000c0025adb                AcpiRsSetResourceSource
                0x00000000c0025b44                AcpiRsGetPrtMethodData
                0x00000000c0025b9f                AcpiRsGetCrsMethodData
                0x00000000c0025bfa                AcpiRsGetPrsMethodData
                0x00000000c0025c55                AcpiRsGetAeiMethodData
                0x00000000c0025cb0                AcpiRsGetMethodData
                0x00000000c0025d0a                AcpiRsSetSrsMethodData
 .text          0x00000000c0025e01      0x6c9 acpica/rsxface.32
                0x00000000c0025f45                AcpiGetIrqRoutingTable
                0x00000000c0025f8c                AcpiGetCurrentResources
                0x00000000c0025fd3                AcpiGetPossibleResources
                0x00000000c002601a                AcpiSetCurrentResources
                0x00000000c0026081                AcpiGetEventResources
                0x00000000c00260c8                AcpiResourceToAddress64
                0x00000000c00262f2                AcpiWalkResourceBuffer
                0x00000000c00263b1                AcpiWalkResources
                0x00000000c002646a                AcpiGetVendorResource
 .text          0x00000000c00264ca      0xd7d acpica/tbdata.32
                0x00000000c00264ca                AcpiTbInitTableDescriptor
                0x00000000c0026533                AcpiTbAcquireTable
                0x00000000c00265bf                AcpiTbReleaseTable
                0x00000000c00266a6                AcpiTbAcquireTempTable
                0x00000000c0026792                AcpiTbValidateTable
                0x00000000c00267eb                AcpiTbInvalidateTable
                0x00000000c0026831                AcpiTbReleaseTempTable
                0x00000000c0026845                AcpiTbValidateTempTable
                0x00000000c0026923                AcpiTbVerifyTempTable
                0x00000000c0026b0b                AcpiTbResizeRootTableList
                0x00000000c0026c9e                AcpiTbGetNextTableDescriptor
                0x00000000c0026d15                AcpiTbTerminate
                0x00000000c0026da7                AcpiTbDeleteNamespaceByOwner
                0x00000000c0026e48                AcpiTbAllocateOwnerId
                0x00000000c0026ea3                AcpiTbReleaseOwnerId
                0x00000000c0026f02                AcpiTbGetOwnerId
                0x00000000c0026f60                AcpiTbIsTableLoaded
                0x00000000c0026fbd                AcpiTbSetTableLoadedFlag
                0x00000000c002707b                AcpiTbNotifyTable
                0x00000000c00270ab                AcpiTbLoadTable
                0x00000000c0027133                AcpiTbInstallAndLoadTable
                0x00000000c00271b7                AcpiTbUnloadTable
 .text          0x00000000c0027247      0x944 acpica/tbfadt.32
                0x00000000c002797e                AcpiTbCreateLocalFadt
                0x00000000c0027a3a                AcpiTbParseFadt
 .text          0x00000000c0027b8b      0x27d acpica/tbfind.32
                0x00000000c0027b8b                AcpiTbFindTable
 .text          0x00000000c0027e08      0x49d acpica/tbinstal.32
                0x00000000c0027e08                AcpiTbUninstallTable
                0x00000000c0027e5f                AcpiTbOverrideTable
                0x00000000c0028005                AcpiTbInstallTableWithOverride
                0x00000000c00280e3                AcpiTbInstallStandardTable
 .text          0x00000000c00282a5      0x316 acpica/tbprint.32
                0x00000000c002835d                AcpiTbPrintTableHeader
                0x00000000c00284f6                AcpiTbChecksum
                0x00000000c002852a                AcpiTbVerifyChecksum
 .text          0x00000000c00285bb      0x64d acpica/tbutils.32
                0x00000000c00285bb                AcpiTbInitializeFacs
                0x00000000c002864c                AcpiTbCheckDsdtHeader
                0x00000000c00286eb                AcpiTbCopyDsdt
                0x00000000c0028860                AcpiTbParseRootTable
                0x00000000c0028b0c                AcpiTbGetTable
                0x00000000c0028b97                AcpiTbPutTable
 .text          0x00000000c0028c08      0x612 acpica/tbxface.32
                0x00000000c0028c08                AcpiAllocateRootTable
                0x00000000c0028c24                AcpiInitializeTables
                0x00000000c0028cde                AcpiReallocateRootTable
                0x00000000c0028e34                AcpiGetTableHeader
                0x00000000c0028fbc                AcpiGetTable
                0x00000000c0029077                AcpiPutTable
                0x00000000c00290ee                AcpiGetTableByIndex
                0x00000000c0029166                AcpiInstallTableHandler
                0x00000000c00291c6                AcpiRemoveTableHandler
 .text          0x00000000c002921a      0x532 acpica/tbxfload.32
                0x00000000c002921a                AcpiTbLoadNamespace
                0x00000000c00294b7                AcpiLoadTables
                0x00000000c002954e                AcpiInstallTable
                0x00000000c00295b1                AcpiLoadTable
                0x00000000c002961c                AcpiUnloadParentTable
                0x00000000c0029726                AcpiUnloadTable
 .text          0x00000000c002974c      0x31e acpica/tbxfroot.32
                0x00000000c002974c                AcpiTbGetRsdpLength
                0x00000000c0029792                AcpiTbValidateRsdp
                0x00000000c002980c                AcpiTbScanMemoryForRsdp
                0x00000000c0029851                AcpiFindRootPointer
 .text          0x00000000c0029a6a      0x345 acpica/utaddress.32
                0x00000000c0029a6a                AcpiUtAddAddressRange
                0x00000000c0029b14                AcpiUtRemoveAddressRange
                0x00000000c0029b98                AcpiUtCheckAddressRange
                0x00000000c0029d57                AcpiUtDeleteAddressLists
 .text          0x00000000c0029daf      0x2c6 acpica/utalloc.32
                0x00000000c0029daf                AcpiOsAllocateZeroed
                0x00000000c0029de8                AcpiUtCreateCaches
                0x00000000c0029ef5                AcpiUtDeleteCaches
                0x00000000c0029f75                AcpiUtValidateBuffer
                0x00000000c0029fc1                AcpiUtInitializeBuffer
 .text          0x00000000c002a075      0x106 acpica/utascii.32
                0x00000000c002a075                AcpiUtValidNameChar
                0x00000000c002a0c0                AcpiUtValidNameseg
                0x00000000c002a10b                AcpiUtCheckAndRepairAscii
 .text          0x00000000c002a17b      0x2ad acpica/utbuffer.32
                0x00000000c002a17b                AcpiUtDumpBuffer
                0x00000000c002a3e2                AcpiUtDebugDumpBuffer
 .text          0x00000000c002a428      0x2dc acpica/utcache.32
                0x00000000c002a428                AcpiOsCreateCache
                0x00000000c002a4ba                AcpiOsPurgeCache
                0x00000000c002a537                AcpiOsDeleteCache
                0x00000000c002a568                AcpiOsReleaseObject
                0x00000000c002a61e                AcpiOsAcquireObject
 .text          0x00000000c002a704      0x75e acpica/utclib.32
                0x00000000c002a704                memcmp
                0x00000000c002a762                memmove
                0x00000000c002a7db                memcpy
                0x00000000c002a854                memset
                0x00000000c002a87f                strlen
                0x00000000c002a8a5                strpbrk
                0x00000000c002a8ed                strtok
                0x00000000c002a983                strcpy
                0x00000000c002a9b9                strncpy
                0x00000000c002aa11                strcmp
                0x00000000c002aa59                strchr
                0x00000000c002aa85                strncmp
                0x00000000c002aae7                strcat
                0x00000000c002ab2c                strncat
                0x00000000c002ab8d                strstr
                0x00000000c002abe9                toupper
                0x00000000c002ac10                tolower
                0x00000000c002ac37                simple_strtoul
 .text          0x00000000c002ae62      0xb71 acpica/utcopy.32
                0x00000000c002b1f1                AcpiUtCopyIobjectToEobject
                0x00000000c002b43b                AcpiUtCopyEobjectToIobject
                0x00000000c002b92b                AcpiUtCopyIobjectToIobject
 .text          0x00000000c002b9d3        0x0 acpica/utdebug.32
 .text          0x00000000c002b9d3      0x1e4 acpica/utdecode.32
                0x00000000c002b9d3                AcpiUtGetRegionName
                0x00000000c002ba22                AcpiUtGetEventName
                0x00000000c002ba3e                AcpiUtGetTypeName
                0x00000000c002ba5a                AcpiUtGetObjectTypeName
                0x00000000c002ba9e                AcpiUtGetNodeName
                0x00000000c002baf6                AcpiUtGetDescriptorName
                0x00000000c002bb2b                AcpiUtGetReferenceName
                0x00000000c002bb84                AcpiUtGetMutexName
                0x00000000c002bba0                AcpiUtValidObjectType
 .text          0x00000000c002bbb7      0x843 acpica/utdelete.32
                0x00000000c002bbb7                AcpiUtRemoveReference
                0x00000000c002c0f0                AcpiUtUpdateObjectReference
                0x00000000c002c393                AcpiUtAddReference
                0x00000000c002c3c4                AcpiUtDeleteInternalObjectList
 .text          0x00000000c002c3fa      0x2b7 acpica/uterror.32
                0x00000000c002c3fa                AcpiUtPredefinedWarning
                0x00000000c002c464                AcpiUtPredefinedInfo
                0x00000000c002c4ce                AcpiUtPredefinedBiosError
                0x00000000c002c538                AcpiUtPrefixedNamespaceError
                0x00000000c002c60b                AcpiUtMethodError
 .text          0x00000000c002c6b1      0x36c acpica/uteval.32
                0x00000000c002c6b1                AcpiUtEvaluateObject
                0x00000000c002c8bb                AcpiUtEvaluateNumericObject
                0x00000000c002c911                AcpiUtExecute_STA
                0x00000000c002c97d                AcpiUtExecutePowerMethods
 .text          0x00000000c002ca1d      0x135 acpica/utexcep.32
                0x00000000c002ca1d                AcpiUtValidateException
                0x00000000c002cb07                AcpiFormatException
 .text          0x00000000c002cb52        0x0 acpica/utglobal.32
 .text          0x00000000c002cb52       0xeb acpica/uthex.32
                0x00000000c002cb52                AcpiUtHexToAsciiChar
                0x00000000c002cb9c                AcpiUtAsciiCharToHex
                0x00000000c002cbc3                AcpiUtAsciiToHexByte
 .text          0x00000000c002cc3d      0x515 acpica/utids.32
                0x00000000c002cc3d                AcpiUtExecute_HID
                0x00000000c002cd26                AcpiUtExecute_UID
                0x00000000c002ce0f                AcpiUtExecute_CID
                0x00000000c002d019                AcpiUtExecute_CLS
 .text          0x00000000c002d152      0x33e acpica/utinit.32
                0x00000000c002d1cc                AcpiUtInitGlobals
                0x00000000c002d42f                AcpiUtSubsystemShutdown
 .text          0x00000000c002d490      0x1eb acpica/utlock.32
                0x00000000c002d490                AcpiUtCreateRwLock
                0x00000000c002d4ef                AcpiUtDeleteRwLock
                0x00000000c002d530                AcpiUtAcquireReadLock
                0x00000000c002d5b7                AcpiUtReleaseReadLock
                0x00000000c002d632                AcpiUtAcquireWriteLock
                0x00000000c002d65d                AcpiUtReleaseWriteLock
 .text          0x00000000c002d67b      0x229 acpica/utmath.32
                0x00000000c002d67b                AcpiUtShortMultiply
                0x00000000c002d6c6                AcpiUtShortShiftLeft
                0x00000000c002d70f                AcpiUtShortShiftRight
                0x00000000c002d758                AcpiUtShortDivide
                0x00000000c002d7ef                AcpiUtDivide
 .text          0x00000000c002d8a4      0x2f6 acpica/utmisc.32
                0x00000000c002d8a4                AcpiUtIsPciRootBridge
                0x00000000c002d8e6                AcpiUtDwordByteSwap
                0x00000000c002d913                AcpiUtSetIntegerWidth
                0x00000000c002d954                AcpiUtCreateUpdateStateAndPush
                0x00000000c002d9aa                AcpiUtWalkPackageTree
 .text          0x00000000c002db9a      0x362 acpica/utmutex.32
                0x00000000c002dc0d                AcpiUtMutexInitialize
                0x00000000c002dd21                AcpiUtMutexTerminate
                0x00000000c002dd88                AcpiUtAcquireMutex
                0x00000000c002de55                AcpiUtReleaseMutex
 .text          0x00000000c002defc       0xca acpica/utnonansi.32
                0x00000000c002defc                AcpiUtStrlwr
                0x00000000c002df3b                AcpiUtStrupr
                0x00000000c002df7a                AcpiUtStricmp
 .text          0x00000000c002dfc6      0x683 acpica/utobject.32
                0x00000000c002dfc6                AcpiUtValidInternalObject
                0x00000000c002dff4                AcpiUtAllocateObjectDescDbg
                0x00000000c002e03d                AcpiUtDeleteObjectDesc
                0x00000000c002e099                AcpiUtCreateInternalObjectDbg
                0x00000000c002e142                AcpiUtCreatePackageObject
                0x00000000c002e1c0                AcpiUtCreateIntegerObject
                0x00000000c002e21a                AcpiUtCreateBufferObject
                0x00000000c002e2d3                AcpiUtCreateStringObject
                0x00000000c002e5fc                AcpiUtGetObjectSize
 .text          0x00000000c002e649      0x507 acpica/utosi.32
                0x00000000c002e649                AcpiUtInitializeInterfaces
                0x00000000c002e6dd                AcpiUtInterfaceTerminate
                0x00000000c002e7b2                AcpiUtInstallInterface
                0x00000000c002e842                AcpiUtRemoveInterface
                0x00000000c002e910                AcpiUtUpdateInterfaces
                0x00000000c002e9a5                AcpiUtGetInterface
                0x00000000c002e9e8                AcpiUtOsiImplementation
 .text          0x00000000c002eb50      0x26f acpica/utownerid.32
                0x00000000c002eb50                AcpiUtAllocateOwnerId
                0x00000000c002eccb                AcpiUtReleaseOwnerId
 .text          0x00000000c002edbf       0xff acpica/utpredef.32
                0x00000000c002edbf                AcpiUtGetNextPredefinedMethod
                0x00000000c002edeb                AcpiUtMatchPredefinedMethod
                0x00000000c002ee3d                AcpiUtGetExpectedReturnTypes
 .text          0x00000000c002eebe      0xaf1 acpica/utprint.32
                0x00000000c002efd2                AcpiUtScanNumber
                0x00000000c002f064                AcpiUtPrintNumber
                0x00000000c002f396                vsnprintf
                0x00000000c002f946                snprintf
                0x00000000c002f97a                sprintf
 .text          0x00000000c002f9af        0x0 acpica/utresdecode.32
 .text          0x00000000c002f9af      0x414 acpica/utresrc.32
                0x00000000c002f9af                AcpiUtGetResourceType
                0x00000000c002f9cf                AcpiUtGetResourceLength
                0x00000000c002fa04                AcpiUtValidateResource
                0x00000000c002fbc4                AcpiUtGetResourceHeaderLength
                0x00000000c002fbdf                AcpiUtGetDescriptorLength
                0x00000000c002fc0a                AcpiUtWalkAmlResources
                0x00000000c002fd6a                AcpiUtGetResourceEndTag
 .text          0x00000000c002fdc3      0x1b6 acpica/utstate.32
                0x00000000c002fdc3                AcpiUtPushGenericState
                0x00000000c002fddb                AcpiUtPopGenericState
                0x00000000c002fdfe                AcpiUtCreateGenericState
                0x00000000c002fe26                AcpiUtCreateThreadState
                0x00000000c002fe97                AcpiUtCreateUpdateState
                0x00000000c002fed9                AcpiUtCreatePkgState
                0x00000000c002ff25                AcpiUtCreateControlState
                0x00000000c002ff55                AcpiUtDeleteGenericState
 .text          0x00000000c002ff79      0x24f acpica/utstring.32
                0x00000000c002ff79                AcpiUtPrintString
                0x00000000c003011c                AcpiUtRepairName
 .text          0x00000000c00301c8      0x463 acpica/utstrsuppt.32
                0x00000000c00301c8                AcpiUtRemoveLeadingZeros
                0x00000000c00301f0                AcpiUtRemoveWhitespace
                0x00000000c0030228                AcpiUtRemoveHexPrefix
                0x00000000c0030265                AcpiUtDetectHexPrefix
                0x00000000c0030296                AcpiUtDetectOctalPrefix
                0x00000000c0030493                AcpiUtConvertOctalString
                0x00000000c0030517                AcpiUtConvertDecimalString
                0x00000000c00305a4                AcpiUtConvertHexString
 .text          0x00000000c003062b      0x211 acpica/utstrtoul64.32
                0x00000000c003062b                AcpiUtStrtoul64
                0x00000000c0030731                AcpiUtImplicitStrtoul64
                0x00000000c00307a0                AcpiUtExplicitStrtoul64
 .text          0x00000000c003083c        0x0 acpica/uttrack.32
 .text          0x00000000c003083c        0x0 acpica/utuuid.32
 .text          0x00000000c003083c      0x651 acpica/utxface.32
                0x00000000c003083c                AcpiTerminate
                0x00000000c0030859                AcpiSubsystemStatus
                0x00000000c0030871                AcpiGetSystemInfo
                0x00000000c0030927                AcpiGetStatistics
                0x00000000c0030982                AcpiInstallInitializationHandler
                0x00000000c00309b1                AcpiPurgeCachedObjects
                0x00000000c00309f2                AcpiInstallInterface
                0x00000000c0030ab3                AcpiRemoveInterface
                0x00000000c0030b28                AcpiInstallInterfaceHandler
                0x00000000c0030b93                AcpiUpdateInterfaces
                0x00000000c0030bf3                AcpiCheckAddressRange
                0x00000000c0030c6c                AcpiDecodePldBuffer
 .text          0x00000000c0030e8d      0x259 acpica/utxferror.32
                0x00000000c0030e8d                AcpiError
                0x00000000c0030edc                AcpiException
                0x00000000c0030f4e                AcpiWarning
                0x00000000c0030f9d                AcpiInfo
                0x00000000c0030fd6                AcpiBiosError
                0x00000000c0031025                AcpiBiosException
                0x00000000c0031097                AcpiBiosWarning
 .text          0x00000000c00310e6      0x246 acpica/utxfinit.32
                0x00000000c00310e6                AcpiInitializeSubsystem
                0x00000000c0031211                AcpiEnableSubsystem
                0x00000000c00312e0                AcpiInitializeObjects
 .text          0x00000000c003132c      0x139 acpica/utxfmutex.32
                0x00000000c00313c1                AcpiAcquireMutex
                0x00000000c003141b                AcpiReleaseMutex
 .text          0x00000000c0031465      0xf6f core/malloc.32
                0x00000000c00315c6                dlfree
                0x00000000c00316bb                dlmalloc
                0x00000000c0031e19                dlrealloc
                0x00000000c0031fcf                dlmemalign
                0x00000000c00320f2                dlcalloc
                0x00000000c003218c                dlcfree
                0x00000000c0032191                dlindependent_calloc
                0x00000000c00321b6                dlindependent_comalloc
                0x00000000c00321cd                dlvalloc
                0x00000000c00321f8                dlpvalloc
                0x00000000c003222e                dlmalloc_trim
                0x00000000c003223b                dlmalloc_usable_size
                0x00000000c003226c                dlmallinfo
                0x00000000c0032339                dlmalloc_stats
                0x00000000c003234a                dlmallopt
 .text          0x00000000c00323d4        0x0 libk/string.32
 .text          0x00000000c00323d4       0x51 fs/fat/diskio.32
                0x00000000c00323d4                disk_status
                0x00000000c00323d7                disk_initialize
                0x00000000c00323da                disk_read
                0x00000000c00323f0                disk_write
                0x00000000c0032406                disk_ioctl
 .text          0x00000000c0032425     0x6747 fs/fat/ff.32
                0x00000000c00350fb                f_mount
                0x00000000c003515d                f_open
                0x00000000c00355aa                f_read
                0x00000000c0035800                f_write
                0x00000000c0035a93                f_sync
                0x00000000c0035c98                f_close
                0x00000000c0035cc7                f_lseek
                0x00000000c00361c5                f_opendir
                0x00000000c00362c7                f_closedir
                0x00000000c00362e9                f_readdir
                0x00000000c0036384                f_stat
                0x00000000c0036413                f_getfree
                0x00000000c00365da                f_truncate
                0x00000000c00366d0                f_unlink
                0x00000000c0036851                f_mkdir
                0x00000000c0036a5f                f_rename
                0x00000000c0036d3c                f_chmod
                0x00000000c0036e1a                f_utime
                0x00000000c0036ef8                f_getlabel
                0x00000000c00370b3                f_setlabel
                0x00000000c0037303                f_forward
                0x00000000c00374dd                f_mkfs
 .text          0x00000000c0038b6c       0x26 fs/fat/ffsystem.32
                0x00000000c0038b6c                ff_memalloc
                0x00000000c0038b7f                ff_memfree
 *fill*         0x00000000c0038b92        0xe 
 .text          0x00000000c0038ba0      0x15e fs/fat/ffunicode.32
                0x00000000c0038ba0                ff_uni2oem
                0x00000000c0038bf7                ff_oem2uni
                0x00000000c0038c24                ff_wtoupper
 .text          0x00000000c0038cfe      0x704 hal/libresample/samplerate.32
                0x00000000c0038cfe                src_delete
                0x00000000c0038d3a                src_process
                0x00000000c0038e7f                src_callback_read
                0x00000000c0038ffd                src_set_ratio
                0x00000000c0039055                src_get_channels
                0x00000000c0039077                src_reset
                0x00000000c00390bb                src_new
                0x00000000c0039180                src_callback_new
                0x00000000c00391e2                src_get_name
                0x00000000c0039219                src_get_description
                0x00000000c0039250                src_get_version
                0x00000000c0039256                src_is_valid_ratio
                0x00000000c003927c                src_error
                0x00000000c003928a                src_strerror
                0x00000000c003929d                src_simple
                0x00000000c00392f0                src_short_to_float_array
                0x00000000c0039316                src_float_to_short_array
                0x00000000c003937a                src_int_to_float_array
                0x00000000c00393a0                src_float_to_int_array
 .text          0x00000000c0039402      0x3a1 hal/libresample/src_linear.32
                0x00000000c00396f6                linear_get_name
                0x00000000c0039709                linear_get_description
                0x00000000c003971c                linear_set_converter
 .text          0x00000000c00397a3     0x1a3a hal/libresample/src_sinc.32
                0x00000000c003afef                sinc_get_name
                0x00000000c003b002                sinc_get_description
                0x00000000c003b015                sinc_set_converter
 .text          0x00000000c003b1dd      0x382 hal/libresample/src_zoh.32
                0x00000000c003b4b2                zoh_get_name
                0x00000000c003b4c5                zoh_get_description
                0x00000000c003b4d8                zoh_set_converter
 *fill*         0x00000000c003b55f        0x1 
 .text          0x00000000c003b560      0xb20 acpica/osl.32
                0x00000000c003b560                Subhandler
                0x00000000c003b57b                isalpha
                0x00000000c003b58f                isalnum
                0x00000000c003b5b9                isblank
                0x00000000c003b5cf                iscntrl
                0x00000000c003b5e5                isdigit
                0x00000000c003b5f6                islower
                0x00000000c003b607                isspace
                0x00000000c003b628                ispunct
                0x00000000c003b665                isgraph
                0x00000000c003b693                isprint
                0x00000000c003b6b8                isupper
                0x00000000c003b6c9                isxdigit
                0x00000000c003b6ea                AcpiOsInitialize
                0x00000000c003b6ed                AcpiOsTerminate
                0x00000000c003b6f0                AcpiOsGetRootPointer
                0x00000000c003b71b                AcpiOsPredefinedOverride
                0x00000000c003b73a                AcpiOsTableOverride
                0x00000000c003b747                AcpiOsPhysicalTableOverride
                0x00000000c003b75b                AcpiOsReadPort
                0x00000000c003b79d                AcpiOsWritePort
                0x00000000c003b7d5                AcpiOsGetTimer
                0x00000000c003b803                AcpiOsWaitEventsComplete
                0x00000000c003b816                AcpiOsReadPciConfiguration
                0x00000000c003b891                AcpiOsWritePciConfiguration
                0x00000000c003b90c                AcpiOsSignal
                0x00000000c003b93b                AcpiOsReadMemory
                0x00000000c003b9c0                AcpiOsEnterSleep
                0x00000000c003b9c3                AcpiOsWriteMemory
                0x00000000c003ba25                AcpiOsMapMemory
                0x00000000c003bb11                AcpiOsUnmapMemory
                0x00000000c003bb12                AcpiOsGetPhysicalAddress
                0x00000000c003bb3d                AcpiOsAllocate
                0x00000000c003bb50                AcpiOsFree
                0x00000000c003bb63                AcpiOsReadable
                0x00000000c003bb7b                AcpiOsWritable
                0x00000000c003bb93                AcpiOsGetThreadId
                0x00000000c003bb9b                AcpiOsExecute
                0x00000000c003bbb0                AcpiOsSleep
                0x00000000c003bbd6                AcpiOsStall
                0x00000000c003bbfc                AcpiOsCreateSemaphore
                0x00000000c003bc32                AcpiOsDeleteSemaphore
                0x00000000c003bc4f                AcpiOsWaitSemaphore
                0x00000000c003bcc4                AcpiOsSignalSemaphore
                0x00000000c003bce5                AcpiOsCreateLock
                0x00000000c003bd06                AcpiOsDeleteLock
                0x00000000c003bd07                AcpiOsAcquireLock
                0x00000000c003bd1a                AcpiOsReleaseLock
                0x00000000c003bd35                AcpiOsInstallInterruptHandler
                0x00000000c003bd8a                AcpiOsRemoveInterruptHandler
                0x00000000c003bd9f                __i__int_str
                0x00000000c003c008                __i_displayCharacter
                0x00000000c003c028                __i_displayString
                0x00000000c003c07b                __i_internal_printf
                0x00000000c003c07e                AcpiOsVprintf
                0x00000000c003c07f                AcpiOsPrintf
 .text          0x00000000c003c080      0x65d core/computer.32
                0x00000000c003c080                Computer::close(int, int, void*)
                0x00000000c003c0c8                Computer::Computer()
                0x00000000c003c0c8                Computer::Computer()
                0x00000000c003c168                Computer::setBootMessage(char const*)
                0x00000000c003c16a                Computer::start()
                0x00000000c003c281                firstTask()
                0x00000000c003c292                Computer::detectFeatures()
                0x00000000c003c480                Computer::open(int, int, void*)
                0x00000000c003c57a                Computer::displayFeatures()
                0x00000000c003c57c                Computer::rdmsr(unsigned int)
                0x00000000c003c5a4                Computer::wrmsr(unsigned int, unsigned long long)
                0x00000000c003c5dc                Computer::nmiEnabled()
                0x00000000c003c5e8                Computer::enableNMI(bool)
                0x00000000c003c606                Computer::disableNMI()
                0x00000000c003c61c                Computer::readCMOS(unsigned char)
                0x00000000c003c636                Computer::writeCMOS(unsigned char, unsigned char)
                0x00000000c003c654                Computer::handleNMI()
                0x00000000c003c6b4                Computer::setDiskActivityLight(int, bool)
 .text          0x00000000c003c6dd      0xe22 core/elf.32
                0x00000000c003c6dd                allocateMemoryForTask(Process*, File*, unsigned long, unsigned long, unsigned long)
                0x00000000c003c934                loadProgramIntoMemory(Process*, char const*)
                0x00000000c003cb5c                runtimeReferenceHelper()
                0x00000000c003cb6f                getAddressOfKernelSymbol(char const*)
                0x00000000c003cbbe                loadKernelSymbolTable(char const*)
                0x00000000c003ce85                loadDriverIntoMemory(char const*, unsigned long)
                0x00000000c003d428                loadDLL(char const*)
                0x00000000c003d4f1                executeDLL(unsigned long, void*)
 *fill*         0x00000000c003d4ff        0x1 
 .text          0x00000000c003d500      0x113 core/gdt.32
                0x00000000c003d500                GDTEntry::setBase(unsigned int)
                0x00000000c003d51c                GDTEntry::setLimit(unsigned int)
                0x00000000c003d53a                GDT::GDT()
                0x00000000c003d53a                GDT::GDT()
                0x00000000c003d546                GDT::addEntry(GDTEntry)
                0x00000000c003d57e                GDT::getNumberOfEntries()
                0x00000000c003d586                GDT::flush()
                0x00000000c003d5a8                GDT::setup()
 .text          0x00000000c003d613       0x74 core/idle.32
                0x00000000c003d613                idleFunction(void*)
 *fill*         0x00000000c003d687        0x1 
 .text          0x00000000c003d688      0x417 core/idt.32
                0x00000000c003d688                IDTEntry::IDTEntry(bool)
                0x00000000c003d688                IDTEntry::IDTEntry(bool)
                0x00000000c003d6aa                IDTEntry::setOffset(unsigned int)
                0x00000000c003d6be                IDT::IDT()
                0x00000000c003d6be                IDT::IDT()
                0x00000000c003d6c0                IDT::getPointerToInvalidOpcodeEntryForF00F()
                0x00000000c003d6c8                IDT::addEntry(IDTEntry, int)
                0x00000000c003d6dc                IDT::addEntry(int, void (*)(), bool)
                0x00000000c003d71e                IDT::flush()
                0x00000000c003d738                IDT::setup()
 *fill*         0x00000000c003da9f        0x1 
 .text          0x00000000c003daa0      0x7ab core/kconsole.32
                0x00000000c003daa0                stringifyxWithBase(unsigned int, char*, int)
                0x00000000c003db3e                logc(char)
                0x00000000c003db55                logs(char*)
                0x00000000c003db87                logWriteInt(unsigned int)
                0x00000000c003dc63                logWriteIntBase(unsigned int, int)
                0x00000000c003dd33                kprintf(char const*, ...)
                0x00000000c003de9e                panic(char const*)
 .text          0x00000000c003e24b      0x22f core/kheap.32
                0x00000000c003e24b                sbrk
                0x00000000c003e35b                mmap
                0x00000000c003e373                munmap
                0x00000000c003e38b                liballoc_lock()
                0x00000000c003e39c                liballoc_unlock()
                0x00000000c003e3ad                liballoc_alloc(int)
                0x00000000c003e3d1                liballoc_free(void*, int)
                0x00000000c003e3f2                realloc
                0x00000000c003e40d                malloc
                0x00000000c003e420                free
                0x00000000c003e433                rfree
                0x00000000c003e446                calloc
 .text          0x00000000c003e47a      0x42f core/main.32
                0x00000000c003e47a                hwTextMode_loadInData(VgaText*)
                0x00000000c003e4c3                hwTextMode_loadInTitle(VgaText*, char*)
                0x00000000c003e507                hwTextMode_update(VgaText*)
                0x00000000c003e508                hwTextMode_updateCursor(VgaText*)
                0x00000000c003e55c                hwTextMode_scrollScreen(VgaText*)
                0x00000000c003e5ea                hwTextMode_writeCharacter(VgaText*, char, VgaColour, VgaColour, int, int)
                0x00000000c003e65a                hwTextMode_showCursor(VgaText*, bool)
                0x00000000c003e6bd                hwTextMode_disableBlink(VgaText*, bool)
                0x00000000c003e6ff                setupTextMode()
                0x00000000c003e750                kernel_main
 .text          0x00000000c003e8a9      0x523 core/physmgr.32
                0x00000000c003e8a9                PhysMem::allocateDMA(unsigned long)
                0x00000000c003e94f                PhysMem::freeDMA(unsigned long, unsigned long)
                0x00000000c003e99d                PhysMem::setPageState(unsigned long, bool)
                0x00000000c003e9cf                PhysMem::getPageState(unsigned long)
                0x00000000c003e9eb                PhysMem::freePage(unsigned long)
                0x00000000c003ea9e                PhysMem::allocatePage()
                0x00000000c003eb7e                PhysMem::allowSegmentToBeUsed(unsigned long, unsigned long)
                0x00000000c003ebcb                PhysMem::physicalMemorySetup(unsigned int)
 .text          0x00000000c003edcc      0x241 core/pipe.32
                0x00000000c003edcc                Pipe::isAtty()
                0x00000000c003edd0                Pipe::~Pipe()
                0x00000000c003edd0                Pipe::~Pipe()
                0x00000000c003edea                Pipe::~Pipe()
                0x00000000c003ee10                Pipe::read(unsigned long long, void*, int*)
                0x00000000c003ef06                Pipe::write(unsigned long long, void*, int*)
                0x00000000c003efc4                Pipe::Pipe(int)
                0x00000000c003efc4                Pipe::Pipe(int)
 *fill*         0x00000000c003f00d        0x3 
 .text          0x00000000c003f010     0x1168 core/prcssthr.32
                0x00000000c003f010                userModeEntryPoint(void*)
                0x00000000c003f038                changeTSS
                0x00000000c003f068                Process::addArgs(char**)
                0x00000000c003f0ce                Process::Process(char const*, Process*, char**)
                0x00000000c003f0ce                Process::Process(char const*, Process*, char**)
                0x00000000c003f226                Process::Process(bool, char const*, Process*, char**)
                0x00000000c003f226                Process::Process(bool, char const*, Process*, char**)
                0x00000000c003f35c                disableIRQs()
                0x00000000c003f365                getIRQNestingLevel()
                0x00000000c003f36b                enableIRQs()
                0x00000000c003f37c                lockScheduler()
                0x00000000c003f385                unlockScheduler()
                0x00000000c003f396                lockStuff()
                0x00000000c003f3a6                taskStartupFunction
                0x00000000c003f3af                updateTimeUsed()
                0x00000000c003f442                switchToThread(ThreadControlBlock*)
                0x00000000c003f45e                Semaphore::Semaphore(int)
                0x00000000c003f45e                Semaphore::Semaphore(int)
                0x00000000c003f47e                Mutex::Mutex()
                0x00000000c003f47e                Mutex::Mutex()
                0x00000000c003f49e                Process::createThread(void (*)(void*), void*, int)
                0x00000000c003f586                Process::createUserThread()
                0x00000000c003f5b1                unblockTask(ThreadControlBlock*)
                0x00000000c003f650                setupMultitasking(void (*)())
                0x00000000c003f770                schedule()
                0x00000000c003f815                unlockStuff()
                0x00000000c003f855                forkProcess(regs*)
                0x00000000c003f9e2                Semaphore::tryAcquire()
                0x00000000c003fa1e                Semaphore::assertLocked(char const*)
                0x00000000c003fa58                Semaphore::release()
                0x00000000c003fa97                blockTaskWithSchedulerLockAlreadyHeld(TaskState)
                0x00000000c003fae9                blockTask(TaskState)
                0x00000000c003fb19                waitTask(int, int*, int)
                0x00000000c003fba4                nanoSleepUntil(unsigned long long)
                0x00000000c003fbbf                nanoSleep(unsigned long long)
                0x00000000c003fbeb                sleep(unsigned long long)
                0x00000000c003fc22                Semaphore::acquire()
                0x00000000c003fc95                execveProcess(char const*, char* const*, char* const*)
                0x00000000c003fd5e                taskReturned
                0x00000000c003fda7                terminateTask(int)
                0x00000000c003fe4b                cleanupTerminatedTask(ThreadControlBlock*)
                0x00000000c00400d6                cleanerTaskFunction(void*)
 *fill*         0x00000000c0040178        0x8 
 .text          0x00000000c0040180      0xf89 core/syscalls.32
                0x00000000c0040180                sysCallGetPID(regs*)
                0x00000000c004018c                sysCallSeekDir(regs*)
                0x00000000c0040191                sysCallTellDir(regs*)
                0x00000000c0040196                sysCallVerify(regs*)
                0x00000000c00401a0                sysCallGetArgc(regs*)
                0x00000000c00401b0                sysFormatDisk(regs*)
                0x00000000c004021f                sysSetDiskVolumeLabel(regs*)
                0x00000000c0040273                sysGetDiskVolumeLabel(regs*)
                0x00000000c00402d5                sysCallWrite(regs*)
                0x00000000c004034a                sysCallRead(regs*)
                0x00000000c00403bf                sysCallReadDir(regs*)
                0x00000000c004043d                sysCallIsATTY(regs*)
                0x00000000c0040488                sysCallGetCwd(regs*)
                0x00000000c00404b2                sysCallSetCwd(regs*)
                0x00000000c00404d5                sysCallRealpath(regs*)
                0x00000000c0040526                sysCallSeek(regs*)
                0x00000000c004057a                sysCallTell(regs*)
                0x00000000c00405c6                sysCallSizeFromFilename(regs*)
                0x00000000c0040647                sysCallSize(regs*)
                0x00000000c004069b                sysCallClose(regs*)
                0x00000000c00406e1                sysCallMakeDir(regs*)
                0x00000000c0040743                sysCallCloseDir(regs*)
                0x00000000c0040789                sysCallWait(regs*)
                0x00000000c00407ae                sysCallFork(regs*)
                0x00000000c00407ce                sysCallExecve(regs*)
                0x00000000c0040833                sysCallRmdir(regs*)
                0x00000000c004088d                sysCallUnlink(regs*)
                0x00000000c00408e7                sysCallGetArgv(regs*)
                0x00000000c0040933                sysCallUSleep(regs*)
                0x00000000c0040973                sysAppSettings(regs*)
                0x00000000c0040aab                sysSetFatAttrib(regs*)
                0x00000000c0040b18                sysPanic(regs*)
                0x00000000c0040b41                sysPipe(regs*)
                0x00000000c0040b8e                sysGetUnixTime(regs*)
                0x00000000c0040ba2                sysShutdown(regs*)
                0x00000000c0040c09                sysCallOpen(regs*)
                0x00000000c0040d0c                sysCallOpenDir(regs*)
                0x00000000c0040d7e                sysCallTTYName(regs*)
                0x00000000c0040dfa                sysCallGetEnv(regs*)
                0x00000000c0040e4d                sysCallSpawn(regs*)
                0x00000000c0040ec9                string_ends_with(char const*, char const*)
                0x00000000c0040f18                setupSystemCalls()
                0x00000000c00410c7                systemCall(regs*, void*)
 *fill*         0x00000000c0041109        0x1 
 .text          0x00000000c004110a      0xea7 core/terminal.32
                0x00000000c004110a                VgaText::isAtty()
                0x00000000c004110e                VgaText::~VgaText()
                0x00000000c004110e                VgaText::~VgaText()
                0x00000000c0041128                VgaText::~VgaText()
                0x00000000c004114e                VgaText::read(unsigned long long, void*, int*)
                0x00000000c004116e                setTerminalScrollLock(bool)
                0x00000000c004116f                addToTerminalCycle(VgaText*)
                0x00000000c004119c                installVgaTextImplementation()
                0x00000000c00411b1                scrollTerminalScrollLock(int)
                0x00000000c00411b2                VgaText::load()
                0x00000000c0041206                VgaText::writeCharacter(char, VgaColour, VgaColour, int, int)
                0x00000000c004125a                VgaText::updateCursor()
                0x00000000c0041274                VgaText::scrollScreen()
                0x00000000c0041306                VgaText::showCursor(bool)
                0x00000000c0041316                VgaText::disableBlink(bool)
                0x00000000c0041350                setActiveTerminal(VgaText*)
                0x00000000c00413e5                doTerminalCycle()
                0x00000000c0041402                VgaText::doANSI_SGR(int)
                0x00000000c004148e                VgaText::setDefaultBgColour(VgaColour)
                0x00000000c00414a4                VgaText::setDefaultFgColour(VgaColour)
                0x00000000c00414ba                VgaText::setDefaultColours(VgaColour, VgaColour)
                0x00000000c00414e0                VgaText::combineColours(unsigned char, unsigned char)
                0x00000000c00414f2                VgaText::combineCharAndColour(char, unsigned char)
                0x00000000c0041504                VgaText::getCursorX()
                0x00000000c0041510                VgaText::getCursorY()
                0x00000000c004151c                VgaText::setCursor(int, int)
                0x00000000c004153a                VgaText::setCursorX(int)
                0x00000000c004154e                VgaText::setCursorY(int)
                0x00000000c0041562                VgaText::incrementCursor(bool)