Archive member included to satisfy reference by file (symbol)

/cygdrive/d/Users/Alex/Desktop/Toolchain/Output/bin/../lib/gcc/i386-banana/8.1.0/libgcc.a(_divdi3.o)
                              fs/fat/ff.32 (__divdi3)
/cygdrive/d/Users/Alex/Desktop/Toolchain/Output/bin/../lib/gcc/i386-banana/8.1.0/libgcc.a(_moddi3.o)
                              thr/elf.32 (__moddi3)
/cygdrive/d/Users/Alex/Desktop/Toolchain/Output/bin/../lib/gcc/i386-banana/8.1.0/libgcc.a(_udivdi3.o)
                              fs/fat/ff.32 (__udivdi3)
/cygdrive/d/Users/Alex/Desktop/Toolchain/Output/bin/../lib/gcc/i386-banana/8.1.0/libgcc.a(_umoddi3.o)
                              core/pipe.32 (__umoddi3)
D:/Users/Alex/Desktop/Banana/kernel/libk/libm32.a(s_fabs.c.o)
                              hal/libresample/samplerate.32 (fabs)
D:/Users/Alex/Desktop/Banana/kernel/libk/libm32.a(s_lrint.S.o)
                              hal/libresample/samplerate.32 (lrint)
D:/Users/Alex/Desktop/Banana/kernel/libk/libm32.a(s_lrintf.S.o)
                              hal/sound/sndhw.32 (lrintf)

Discarded input sections

 .comment       0x0000000000000000       0x12 /cygdrive/d/Users/Alex/Desktop/Toolchain/Output/bin/../lib/gcc/i386-banana/8.1.0/crtbegin.o
 .comment       0x0000000000000000       0x12 acpica/utclib.32
 .comment       0x0000000000000000       0x12 core/malloc.32
 .comment       0x0000000000000000       0x12 libk/string.32
 .comment       0x0000000000000000       0x12 fs/fat/diskio.32
 .comment       0x0000000000000000       0x12 fs/fat/ff.32
 .comment       0x0000000000000000       0x12 fs/fat/ffsystem.32
 .comment       0x0000000000000000       0x12 fs/fat/ffunicode.32
 .comment       0x0000000000000000       0x12 hal/libresample/samplerate.32
 .comment       0x0000000000000000       0x12 hal/libresample/src_linear.32
 .comment       0x0000000000000000       0x12 hal/libresample/src_sinc.32
 .comment       0x0000000000000000       0x12 hal/libresample/src_zoh.32
 .group         0x0000000000000000       0x14 core/computer.32
 .group         0x0000000000000000        0xc core/computer.32
 .comment       0x0000000000000000       0x12 core/computer.32
 .comment       0x0000000000000000       0x12 core/gdt.32
 .group         0x0000000000000000        0xc core/idle.32
 .comment       0x0000000000000000       0x12 core/idle.32
 .comment       0x0000000000000000       0x12 core/idt.32
 .group         0x0000000000000000        0x8 core/kheap.32
 .group         0x0000000000000000        0x8 core/kheap.32
 .comment       0x0000000000000000       0x12 core/kheap.32
 .comment       0x0000000000000000       0x12 core/main.32
 .comment       0x0000000000000000       0x12 core/physmgr.32
 .group         0x0000000000000000        0xc core/pipe.32
 .comment       0x0000000000000000       0x12 core/pipe.32
 .group         0x0000000000000000        0xc core/terminal.32
 .comment       0x0000000000000000       0x12 core/terminal.32
 .group         0x0000000000000000        0x8 core/tss.32
 .text._ZN3CPU7readCR3Ev
                0x0000000000000000       0x12 core/tss.32
 .comment       0x0000000000000000       0x12 core/tss.32
 .group         0x0000000000000000        0x8 core/unixfile.32
 .group         0x0000000000000000        0xc core/unixfile.32
 .group         0x0000000000000000        0xc core/unixfile.32
 .group         0x0000000000000000        0x8 core/unixfile.32
 .group         0x0000000000000000        0xc core/unixfile.32
 .group         0x0000000000000000        0x8 core/unixfile.32
 .group         0x0000000000000000        0xc core/unixfile.32
 .group         0x0000000000000000        0xc core/unixfile.32
 .comment       0x0000000000000000       0x12 core/unixfile.32
 .group         0x0000000000000000        0x8 core/virtmgr.32
 .group         0x0000000000000000        0x8 core/virtmgr.32
 .text._ZN3CPU7readCR3Ev
                0x0000000000000000       0x12 core/virtmgr.32
 .text._ZN3CPU8writeCR3Em
                0x0000000000000000        0x9 core/virtmgr.32
 .comment       0x0000000000000000       0x12 core/virtmgr.32
 .comment       0x0000000000000000       0x12 coreobjs/c++.32
 .comment       0x0000000000000000       0x12 dbg/kconsole.32
 .group         0x0000000000000000        0xc fs/vfs.32
 .group         0x0000000000000000        0xc fs/vfs.32
 .group         0x0000000000000000        0xc fs/vfs.32
 .comment       0x0000000000000000       0x12 fs/vfs.32
 .group         0x0000000000000000        0xc hal/bus.32
 .comment       0x0000000000000000       0x12 hal/bus.32
 .group         0x0000000000000000        0xc hal/buzzer.32
 .comment       0x0000000000000000       0x12 hal/buzzer.32
 .group         0x0000000000000000        0xc hal/clock.32
 .comment       0x0000000000000000       0x12 hal/clock.32
 .group         0x0000000000000000       0x14 hal/device.32
 .group         0x0000000000000000        0xc hal/device.32
 .group         0x0000000000000000        0xc hal/device.32
[...]
Memory Configuration

Name             Origin             Length             Attributes
*default*        0x0000000000000000 0xffffffffffffffff

Linker script and memory map

LOAD D:/Users/Alex/Desktop/Banana/kernel/boot.32
LOAD crti.32
LOAD /cygdrive/d/Users/Alex/Desktop/Toolchain/Output/bin/../lib/gcc/i386-banana/8.1.0/crtbegin.o
LOAD D:/Users/Alex/Desktop/Banana/kernel/morenasm.32
LOAD acpica/utclib.32
LOAD core/malloc.32
LOAD libk/string.32
LOAD fs/fat/diskio.32
LOAD fs/fat/ff.32
LOAD fs/fat/ffsystem.32
LOAD fs/fat/ffunicode.32
LOAD hal/libresample/samplerate.32
LOAD hal/libresample/src_linear.32
LOAD hal/libresample/src_sinc.32
LOAD hal/libresample/src_zoh.32
LOAD core/computer.32
LOAD core/gdt.32
LOAD core/idle.32
LOAD core/idt.32
LOAD core/kheap.32
LOAD core/main.32
LOAD core/physmgr.32
LOAD core/pipe.32
LOAD core/terminal.32
LOAD core/tss.32
LOAD core/unixfile.32
LOAD core/virtmgr.32
LOAD coreobjs/c++.32
LOAD dbg/kconsole.32
LOAD fs/vfs.32
LOAD hal/bus.32
LOAD hal/buzzer.32
LOAD hal/clock.32
LOAD hal/device.32
LOAD hal/diskctrl.32
LOAD hal/diskphys.32
LOAD hal/fpu.32
LOAD hal/intctrl.32
LOAD hal/keybrd.32
LOAD hal/logidisk.32
LOAD hal/mouse.32
LOAD hal/partition.32
LOAD hal/timer.32
LOAD hal/vcache.32
LOAD hal/video.32
LOAD hw/acpi.32
LOAD hw/cpu.32
LOAD hw/ports.32
LOAD krnl/panic.32
LOAD reg/registry.32
LOAD sys/sc_exit.32
LOAD sys/sc_loaddll.32
LOAD sys/sc_read.32
LOAD sys/sc_sbrk.32
LOAD sys/sc_write.32
LOAD sys/sc_yield.32
LOAD sys/syscalls.32
LOAD thr/elf.32
LOAD thr/prcssthr.32
LOAD vm86/vm8086.32
LOAD fs/fat/vfslink.32
LOAD fs/iso9660/vfslink.32
LOAD hal/sound/sndchannel.32
LOAD hal/sound/sndhw.32
LOAD hw/bus/isa.32
LOAD hw/bus/pci.32
LOAD hw/diskctrl/ide.32
LOAD hw/diskphys/ata.32
LOAD hw/diskphys/atapi.32
LOAD hw/fpu/avx.32
LOAD hw/fpu/mmx.32
LOAD hw/fpu/sse.32
LOAD hw/fpu/x87.32
LOAD hw/intctrl/apic.32
LOAD hw/intctrl/pic.32
LOAD hw/timer/apictimer.32
LOAD hw/timer/pit.32
LOAD hw/fpu/x86/avx.32
LOAD hw/fpu/x86/sse.32
LOAD hw/fpu/x86/x87.32
LOAD /cygdrive/d/Users/Alex/Desktop/Toolchain/Output/bin/../lib/gcc/i386-banana/8.1.0/crtend.o
LOAD crtn.32
LOAD /cygdrive/d/Users/Alex/Desktop/Toolchain/Output/bin/../lib/gcc/i386-banana/8.1.0/libgcc.a
LOAD D:/Users/Alex/Desktop/Banana/kernel/libk/libm32.a
                0x00000000c0000000                . = 0xc0000000

.text           0x00000000c0000000    0x1e518
 *(.text)
 .text          0x00000000c0000000       0x41 D:/Users/Alex/Desktop/Banana/kernel/boot.32
                0x00000000c0000020                callGlobalConstructors
 .text          0x00000000c0000041        0x0 crti.32
 *fill*         0x00000000c0000041        0x3 
 .text          0x00000000c0000044      0x101 /cygdrive/d/Users/Alex/Desktop/Toolchain/Output/bin/../lib/gcc/i386-banana/8.1.0/crtbegin.o
 *fill*         0x00000000c0000145        0xb 
 .text          0x00000000c0000150      0x41f D:/Users/Alex/Desktop/Banana/kernel/morenasm.32
                0x00000000c0000150                doTPAUSE
                0x00000000c000015a                hasLegacyFPU
                0x00000000c000017f                is486
                0x00000000c00001b5                goToVM86
                0x00000000c00001e6                goToUsermode
                0x00000000c0000211                switchToThreadASMFirstTime
                0x00000000c000021f                switchToThreadASM
                0x00000000c00002bf                detectCPUID
                0x00000000c00002d5                asmQuickAcquireLock
                0x00000000c00002f3                asmQuickReleaseLock
                0x00000000c00002ff                asmAcquireLock
                0x00000000c0000320                asmReleaseLock
                0x00000000c0000333                loadGDT
                0x00000000c0000353                isr0
                0x00000000c0000363                isr1
                0x00000000c000036d                isr2
                0x00000000c0000377                isr3
                0x00000000c0000381                isr4
                0x00000000c000038b                isr5
                0x00000000c0000395                isr6
                0x00000000c000039f                isr7
                0x00000000c00003a9                isr8
                0x00000000c00003b1                isr9
                0x00000000c00003bb                isr10
                0x00000000c00003c3                isr11
                0x00000000c00003cb                isr12
                0x00000000c00003d3                isr13
                0x00000000c00003db                isr14
                0x00000000c00003e3                isr15
                0x00000000c00003ed                isr16
                0x00000000c00003f7                isr17
                0x00000000c0000401                isr18
                0x00000000c000040b                isr96
                0x00000000c0000415                irq0
                0x00000000c000041f                irq1
                0x00000000c0000429                irq2
                0x00000000c0000433                irq3
                0x00000000c000043d                irq4
                0x00000000c0000447                irq5
                0x00000000c0000451                irq6
                0x00000000c000045b                irq7
                0x00000000c0000465                irq8
                0x00000000c000046f                irq9
                0x00000000c0000479                irq10
                0x00000000c0000483                irq11
                0x00000000c000048d                irq12
                0x00000000c0000497                irq13
                0x00000000c00004a1                irq14
                0x00000000c00004ab                irq15
                0x00000000c00004b5                irq16
                0x00000000c00004bf                irq17
                0x00000000c00004c9                irq18
                0x00000000c00004d3                irq19
                0x00000000c00004dd                irq20
                0x00000000c00004e7                irq21
                0x00000000c00004f1                irq22
                0x00000000c00004fb                irq23
                0x00000000c0000505                int_common_stub
                0x00000000c0000535                syscall_common_stub
 .text          0x00000000c000056f      0x40f acpica/utclib.32
                0x00000000c000056f                memcmp
                0x00000000c000059a                memmove
                0x00000000c00005d2                memcpy
                0x00000000c0000608                memset
                0x00000000c0000625                strlen
                0x00000000c0000635                strpbrk
                0x00000000c0000658                strtok
                0x00000000c00006a7                strcpy
                0x00000000c00006c7                strncpy
                0x00000000c00006f8                strcmp
                0x00000000c0000719                strchr
                0x00000000c000072f                strncmp
                0x00000000c000075e                strcat
                0x00000000c0000785                strncat
                0x00000000c00007bf                strstr
                0x00000000c00007fc                toupper
                0x00000000c0000810                tolower
                0x00000000c0000824                simple_strtoul
 .text          0x00000000c000097e      0xfbf core/malloc.32
                0x00000000c0000ae9                dlfree
                0x00000000c0000e44                dlmalloc
                0x00000000c0001381                dlrealloc
                0x00000000c0001536                dlmemalign
                0x00000000c0001659                dlcalloc
                0x00000000c00016f3                dlcfree
                0x00000000c00016f8                dlindependent_calloc
                0x00000000c000171d                dlindependent_comalloc
                0x00000000c0001734                dlvalloc
                0x00000000c000175f                dlpvalloc
                0x00000000c0001795                dlmalloc_trim
                0x00000000c00017a2                dlmalloc_usable_size
                0x00000000c00017d3                dlmallinfo
                0x00000000c00018a2                dlmalloc_stats
                0x00000000c00018b3                dlmallopt
 .text          0x00000000c000193d        0x0 libk/string.32
 .text          0x00000000c000193d       0x51 fs/fat/diskio.32
                0x00000000c000193d                disk_status
                0x00000000c0001940                disk_initialize
                0x00000000c0001943                disk_read
                0x00000000c0001959                disk_write
                0x00000000c000196f                disk_ioctl
 .text          0x00000000c000198e     0x6833 fs/fat/ff.32
                0x00000000c0004c5c                f_mount
                0x00000000c0004cbe                f_open
                0x00000000c00050fa                f_read
                0x00000000c000537a                f_write
                0x00000000c0005634                f_sync
                0x00000000c0005810                f_close
                0x00000000c000583f                f_lseek
                0x00000000c0005cf6                f_opendir
                0x00000000c0005df8                f_closedir
                0x00000000c0005e1a                f_readdir
                0x00000000c0005eb5                f_stat
                0x00000000c0005f44                f_getfree
                0x00000000c000610f                f_truncate
                0x00000000c0006207                f_unlink
                0x00000000c000638a                f_mkdir
                0x00000000c00065b6                f_rename
                0x00000000c00068a9                f_chmod
                0x00000000c0006987                f_utime
                0x00000000c0006a65                f_getlabel
                0x00000000c0006c53                f_setlabel
                0x00000000c0006ec0                f_forward
                0x00000000c000709e                f_mkfs
 .text          0x00000000c00081c1       0x2d fs/fat/ffsystem.32
                0x00000000c00081c1                ff_memalloc
                0x00000000c00081d7                ff_memfree
 .text          0x00000000c00081ee      0x253 fs/fat/ffunicode.32
                0x00000000c00081ee                ff_uni2oem
                0x00000000c000827e                ff_oem2uni
                0x00000000c00082ea                ff_wtoupper
 .text          0x00000000c0008441      0x70e hal/libresample/samplerate.32
                0x00000000c00084c9                src_delete
                0x00000000c0008505                src_process
                0x00000000c000862d                src_callback_read
                0x00000000c000878e                src_set_ratio
                0x00000000c00087e5                src_get_channels
                0x00000000c0008807                src_reset
                0x00000000c000884b                src_new
                0x00000000c00088d9                src_callback_new
                0x00000000c000893b                src_get_name
                0x00000000c0008972                src_get_description
                0x00000000c00089a9                src_get_version
                0x00000000c00089af                src_is_valid_ratio
                0x00000000c00089c9                src_error
                0x00000000c00089d7                src_strerror
                0x00000000c00089ea                src_simple
                0x00000000c0008a3d                src_short_to_float_array
                0x00000000c0008a63                src_float_to_short_array
                0x00000000c0008ac7                src_int_to_float_array
                0x00000000c0008aed                src_float_to_int_array
 .text          0x00000000c0008b4f      0x3fd hal/libresample/src_linear.32
                0x00000000c0008ea7                linear_get_name
                0x00000000c0008eb6                linear_get_description
                0x00000000c0008ec5                linear_set_converter
 .text          0x00000000c0008f4c     0x1a3f hal/libresample/src_sinc.32
                0x00000000c000a8a2                sinc_get_name
                0x00000000c000a8b5                sinc_get_description
                0x00000000c000a8c8                sinc_set_converter
 .text          0x00000000c000a98b      0x3d3 hal/libresample/src_zoh.32
                0x00000000c000acb9                zoh_get_name
                0x00000000c000acc8                zoh_get_description
                0x00000000c000acd7                zoh_set_converter
 .text          0x00000000c000ad5e      0x695 core/computer.32
                0x00000000c000ad5e                Computer::close(int, int, void*)
                0x00000000c000ada2                Computer::Computer()
                0x00000000c000ada2                Computer::Computer()
                0x00000000c000aefe                Computer::setBootMessage(char const*)
                0x00000000c000af00                Computer::start()
                0x00000000c000afdc                firstTask()
                0x00000000c000afea                Computer::detectFeatures()
                0x00000000c000b1c4                Computer::displayFeatures()
                0x00000000c000b1c6                Computer::rdmsr(unsigned int)
                0x00000000c000b1f2                Computer::wrmsr(unsigned int, unsigned long long)
                0x00000000c000b22a                Computer::nmiEnabled()
                0x00000000c000b236                Computer::readCMOS(unsigned char)
                0x00000000c000b250                Computer::enableNMI(bool)
                0x00000000c000b268                Computer::open(int, int, void*)
                0x00000000c000b336                Computer::disableNMI()
                0x00000000c000b344                Computer::writeCMOS(unsigned char, unsigned char)
                0x00000000c000b362                Computer::handleNMI()
                0x00000000c000b3c8                Computer::setDiskActivityLight(int, bool)
 *fill*         0x00000000c000b3f3        0x1 
 .text          0x00000000c000b3f4      0x1b7 core/gdt.32
                0x00000000c000b3f4                GDTEntry::setBase(unsigned int)
                0x00000000c000b410                GDTEntry::setLimit(unsigned int)
                0x00000000c000b42e                GDT::GDT()
                0x00000000c000b42e                GDT::GDT()
                0x00000000c000b444                GDT::addEntry(GDTEntry)
                0x00000000c000b480                GDT::getNumberOfEntries()
                0x00000000c000b488                GDT::flush()
                0x00000000c000b4aa                GDT::setup()
 .text          0x00000000c000b5ab       0x61 core/idle.32
                0x00000000c000b5ab                idleFunction(void*)
 .text          0x00000000c000b60c      0x45f core/idt.32
                0x00000000c000b60c                IDTEntry::IDTEntry(bool)
                0x00000000c000b60c                IDTEntry::IDTEntry(bool)
                0x00000000c000b67a                IDTEntry::setOffset(unsigned int)
                0x00000000c000b68e                IDT::IDT()
                0x00000000c000b68e                IDT::IDT()
                0x00000000c000b690                IDT::getPointerToInvalidOpcodeEntryForF00F()
                0x00000000c000b698                IDT::addEntry(IDTEntry, int)
                0x00000000c000b6b2                IDT::addEntry(int, void (*)(), bool)
                0x00000000c000b6ea                IDT::flush()
                0x00000000c000b704                IDT::setup()
 .text          0x00000000c000ba6b      0x20d core/kheap.32
                0x00000000c000ba6b                sbrk
                0x00000000c000bb83                mmap
                0x00000000c000bb99                munmap
                0x00000000c000bbaf                liballoc_lock()
                0x00000000c000bbc0                liballoc_unlock()
                0x00000000c000bbd1                liballoc_alloc(int)
                0x00000000c000bbec                liballoc_free(void*, int)
                0x00000000c000bc0a                realloc
                0x00000000c000bc1e                malloc
                0x00000000c000bc2e                free
                0x00000000c000bc3e                rfree
                0x00000000c000bc4e                calloc
 .text          0x00000000c000bc78      0x38d core/main.32
                0x00000000c000bc78                hwTextMode_loadInData(VgaText*)
                0x00000000c000bcbd                hwTextMode_loadInTitle(VgaText*, char*)
                0x00000000c000bcff                hwTextMode_showCursor(VgaText*, bool)
                0x00000000c000bd53                hwTextMode_update(VgaText*)
                0x00000000c000bd54                hwTextMode_updateCursor(VgaText*)
                0x00000000c000bd9c                hwTextMode_disableBlink(VgaText*, bool)
                0x00000000c000bdd8                hwTextMode_scrollScreen(VgaText*)
                0x00000000c000be5e                hwTextMode_writeCharacter(VgaText*, char, VgaColour, VgaColour, int, int)
                0x00000000c000bebc                setupTextMode()
                0x00000000c000bf0d                kernel_main
 .text          0x00000000c000c005      0x46c core/physmgr.32
                0x00000000c000c005                Phys::allocateDMA(unsigned long)
                0x00000000c000c0a8                Phys::freeDMA(unsigned long, unsigned long)
                0x00000000c000c0f0                Phys::setPageState(unsigned long, bool)
                0x00000000c000c122                Phys::getPageState(unsigned long)
                0x00000000c000c13e                Phys::freePage(unsigned long)
                0x00000000c000c1c8                Phys::allocatePage()
                0x00000000c000c284                Phys::allowSegmentToBeUsed(unsigned long, unsigned long)
                0x00000000c000c2bc                Phys::physicalMemorySetup(unsigned int)
 *fill*         0x00000000c000c471        0x1 
 .text          0x00000000c000c472      0x273 core/pipe.32
                0x00000000c000c472                Pipe::isAtty()
                0x00000000c000c476                Pipe::~Pipe()
                0x00000000c000c476                Pipe::~Pipe()
                0x00000000c000c49a                Pipe::~Pipe()
                0x00000000c000c4c2                Pipe::read(unsigned long long, void*, int*)
                0x00000000c000c5b6                Pipe::write(unsigned long long, void*, int*)
                0x00000000c000c67e                Pipe::Pipe(int)
                0x00000000c000c67e                Pipe::Pipe(int)
 *fill*         0x00000000c000c6e5        0x1 
 .text          0x00000000c000c6e6      0xf65 core/terminal.32
                0x00000000c000c6e6                VgaText::isAtty()
                0x00000000c000c6ea                VgaText::~VgaText()
                0x00000000c000c6ea                VgaText::~VgaText()
                0x00000000c000c70e                VgaText::~VgaText()
                0x00000000c000c738                VgaText::read(unsigned long long, void*, int*)
                0x00000000c000c758                setTerminalScrollLock(bool)
                0x00000000c000c759                addToTerminalCycle(VgaText*)
                0x00000000c000c786                installVgaTextImplementation()
                0x00000000c000c79b                scrollTerminalScrollLock(int)
                0x00000000c000c79c                VgaText::load()
                0x00000000c000c7f0                VgaText::updateCursor()
                0x00000000c000c80a                VgaText::showCursor(bool)
                0x00000000c000c81a                VgaText::disableBlink(bool)
                0x00000000c000c854                VgaText::doANSI_SGR(int)
                0x00000000c000c8e0                VgaText::setDefaultBgColour(VgaColour)
                0x00000000c000c8f6                VgaText::setDefaultFgColour(VgaColour)
                0x00000000c000c90c                VgaText::setDefaultColours(VgaColour, VgaColour)
                0x00000000c000c92c                VgaText::combineColours(unsigned char, unsigned char)
                0x00000000c000c93e                VgaText::scrollScreen()
                0x00000000c000c9d2                VgaText::combineCharAndColour(char, unsigned char)
                0x00000000c000c9e4                VgaText::writeCharacter(char, VgaColour, VgaColour, int, int)
                0x00000000c000ca44                VgaText::getCursorX()
                0x00000000c000ca50                VgaText::getCursorY()
                0x00000000c000ca5c                VgaText::setCursor(int, int)
                0x00000000c000ca7a                VgaText::setCursorX(int)
                0x00000000c000ca96                VgaText::setCursorY(int)
                0x00000000c000cab2                VgaText::incrementCursor(bool)
                0x00000000c000cb1a                VgaText::updateRAMUsageDisplay(int)
                0x00000000c000cb74                VgaText::updateDiskUsage()
                0x00000000c000ccda                VgaText::updateTitle()
                0x00000000c000cd20                VgaText::setTitleTextColour(VgaColour)
                0x00000000c000cd30                VgaText::setTitleColour(VgaColour)
                0x00000000c000cd40                VgaText::setTitle(char*)
                0x00000000c000cd66                VgaText::decrementCursor(bool)
                0x00000000c000cd8e                VgaText::putchar(char, VgaColour, VgaColour)
                0x00000000c000ce8a                VgaText::isShowingCursor()
                0x00000000c000ce96                VgaText::isBlinkDisabled()
                0x00000000c000cea4                VgaText::setCursorHeight(int)
                0x00000000c000cec2                VgaText::getCursorHeight()
                0x00000000c000cecd                setActiveTerminal(VgaText*)
                0x00000000c000cf7f                doTerminalCycle()
                0x00000000c000cf9c                VgaText::doUpdate()
                0x00000000c000cfae                VgaText::puts(char const*, VgaColour, VgaColour)
                0x00000000c000d16e                VgaText::clearScreen()
                0x00000000c000d1d2                VgaText::putchar(char)
                0x00000000c000d2ec                VgaText::puts(char const*)
                0x00000000c000d312                VgaText::putx(unsigned int)
                0x00000000c000d358                VgaText::VgaText(char const*)
                0x00000000c000d358                VgaText::VgaText(char const*)
                0x00000000c000d4ea                VgaText::receiveKey(unsigned char)
                0x00000000c000d5d2                VgaText::write(unsigned long long, void*, int*)
                0x00000000c000d626                newTerminal(char*)
 *fill*         0x00000000c000d64b        0x1 
 .text          0x00000000c000d64c      0x18f core/tss.32
                0x00000000c000d64c                TSS::TSS()
                0x00000000c000d64c                TSS::TSS()
                0x00000000c000d65a                TSS::setESP(unsigned long)
                0x00000000c000d66c                TSS::flush()
                0x00000000c000d68c                TSS::setup(unsigned long, unsigned long)
 *fill*         0x00000000c000d7db        0x1 
 .text          0x00000000c000d7dc      0x32f core/unixfile.32
                0x00000000c000d7dc                ReservedFilename::isAtty()
                0x00000000c000d7f2                ReservedFilename::read(unsigned long long, void*, int*)
                0x00000000c000d884                ReservedFilename::write(unsigned long long, void*, int*)
                0x00000000c000d91a                UnixFile::getFileDescriptor()
                0x00000000c000d922                UnixFile::UnixFile(int)
                0x00000000c000d922                UnixFile::UnixFile(int)
                0x00000000c000d95e                ReservedFilename::ReservedFilename(int)
                0x00000000c000d95e                ReservedFilename::ReservedFilename(int)
                0x00000000c000d986                UnixFile::~UnixFile()
                0x00000000c000d986                UnixFile::~UnixFile()
                0x00000000c000da0c                UnixFile::~UnixFile()
                0x00000000c000da34                ReservedFilename::~ReservedFilename()
                0x00000000c000da34                ReservedFilename::~ReservedFilename()
                0x00000000c000da58                ReservedFilename::~ReservedFilename()
                0x00000000c000da7f                getFromFileDescriptor(int)
 *fill*         0x00000000c000db0b        0x1 
 .text          0x00000000c000db0c     0x1175 core/virtmgr.32
                0x00000000c000db0c                Virt::setPageState(unsigned long, Virt::VirtPageState)
                0x00000000c000db41                Virt::getPageState(unsigned long)
                0x00000000c000db65                Virt::allocateKernelVirtualPages(int)
                0x00000000c000dc76                Virt::virtualMemorySetup()
                0x00000000c000dcf5                Virt::getAKernelVAS()
                0x00000000c000dcfb                Virt::setupPageSwapping(int)
                0x00000000c000de20                VAS::VAS()
                0x00000000c000de20                VAS::VAS()
                0x00000000c000de50                VAS::getForeignPageTableEntry(bool, unsigned long)
                0x00000000c000de7c                VAS::getPageTableEntry(unsigned long)
                0x00000000c000de9b                Virt::freeKernelVirtualPages(unsigned long)
                0x00000000c000dfbe                VAS::freeAllocatedPages(unsigned long)
                0x00000000c000dfe2                VAS::virtualToPhysical(unsigned long)
                0x00000000c000dffa                VAS::mapOtherVASIn(bool, VAS*)
                0x00000000c000e030                VAS::~VAS()
                0x00000000c000e030                VAS::~VAS()
                0x00000000c000e19c                VAS::mapPage(unsigned long, unsigned long, int)
                0x00000000c000e29c                VAS::allocatePages(int, int)
                0x00000000c000e46c                VAS::setCPUSpecific(unsigned long)
                0x00000000c000e488                VAS::mapRange(unsigned long, unsigned long, int, int)
                0x00000000c000e552                VAS::VAS(VAS*)
                0x00000000c000e552                VAS::VAS(VAS*)
                0x00000000c000e89c                VAS::mapForeignPage(bool, VAS*, unsigned long, unsigned long, int)
                0x00000000c000e98a                VAS::VAS(bool)
                0x00000000c000e98a                VAS::VAS(bool)
                0x00000000c000ebba                mapVASFirstTime
 .text          0x00000000c000ec81       0x93 coreobjs/c++.32
                0x00000000c000ec81                __cxa_atexit
                0x00000000c000ec84                __cxa_finalize
                0x00000000c000ec85                __stack_chk_fail
                0x00000000c000ece5                __cxa_pure_virtual
                0x00000000c000ecf6                operator new(unsigned long)
                0x00000000c000ecfb                operator new[](unsigned long)
                0x00000000c000ed00                operator delete(void*)
                0x00000000c000ed05                operator delete(void*, unsigned long)
                0x00000000c000ed0a                operator delete[](void*)
                0x00000000c000ed0f                operator delete[](void*, unsigned long)
 .text          0x00000000c000ed14      0x1ef dbg/kconsole.32
                0x00000000c000ed14                Dbg::stringifyxWithBase(unsigned int, char*, int)
                0x00000000c000ed75                Dbg::logc(char)
                0x00000000c000ed8c                Dbg::logs(char*)
                0x00000000c000eda9                Dbg::logWriteInt(unsigned int)
                0x00000000c000edc6                Dbg::logWriteIntBase(unsigned int, int)
                0x00000000c000ede5                Dbg::kprintf(char const*, ...)
 *fill*         0x00000000c000ef03        0x1 
 .text          0x00000000c000ef04      0xb68 fs/vfs.32
                0x00000000c000ef04                File::read(unsigned long long, void*, int*)
                0x00000000c000ef5c                File::write(unsigned long long, void*, int*)
                0x00000000c000efb4                Directory::read(unsigned long long, void*, int*)
                0x00000000c000f00c                Directory::write(unsigned long long, void*, int*)
                0x00000000c000f03a                File::isAtty()
                0x00000000c000f03e                Directory::isAtty()
                0x00000000c000f042                Filesystem::getlabel(LogicalDisk*, int, char*, unsigned int*)
                0x00000000c000f048                Filesystem::setlabel(LogicalDisk*, int, char*)
                0x00000000c000f04e                File::~File()
                0x00000000c000f04e                File::~File()
                0x00000000c000f072                File::~File()
                0x00000000c000f09c                Directory::~Directory()
                0x00000000c000f09c                Directory::~Directory()
                0x00000000c000f0c0                Directory::~Directory()
                0x00000000c000f0ea                Filesystem::Filesystem()
                0x00000000c000f0ea                Filesystem::Filesystem()
                0x00000000c000f10e                Filesystem::~Filesystem()
                0x00000000c000f10e                Filesystem::~Filesystem()
                0x00000000c000f11c                Filesystem::~Filesystem()
                0x00000000c000f140                initVFS()
                0x00000000c000f16a                standardiseFiles(char*, char const*, char const*)
                0x00000000c000f314                File::File(char const*, Process*)
                0x00000000c000f314                File::File(char const*, Process*)
                0x00000000c000f378                File::open(FileOpenMode)
                0x00000000c000f3d6                File::close()
                0x00000000c000f436                File::seek(unsigned long long)
                0x00000000c000f48c                File::tell(unsigned long long*)
                0x00000000c000f4dc                File::rewind()
                0x00000000c000f4f0                File::unlink()
                0x00000000c000f53c                File::rename(char const*)
                0x00000000c000f58a                File::chfatattr(unsigned char, unsigned char)
                0x00000000c000f5e6                File::exists()
                0x00000000c000f624                File::stat(unsigned long long*, bool*)
                0x00000000c000f685                getcwd(Process*, char*, int)
                0x00000000c000f6af                setcwd(Process*, char*)
                0x00000000c000f7d6                Directory::Directory(char const*, Process*)
                0x00000000c000f7d6                Directory::Directory(char const*, Process*)
                0x00000000c000f83a                Directory::open()
                0x00000000c000f896                Directory::close()
                0x00000000c000f8f6                Directory::unlink()
                0x00000000c000f942                Directory::rename(char const*)
                0x00000000c000f990                Directory::exists()
                0x00000000c000f9ce                Directory::read(dirent*)
                0x00000000c000fa1a                Directory::create()
                0x00000000c000fa66                Filesystem::chfatattr(char const*, unsigned char, unsigned char)
 .text          0x00000000c000fa6c       0x84 hal/bus.32
                0x00000000c000fa6c                Bus::Bus(char const*)
                0x00000000c000fa6c                Bus::Bus(char const*)
                0x00000000c000faa2                Bus::~Bus()
                0x00000000c000faa2                Bus::~Bus()
                0x00000000c000fac6                Bus::~Bus()
 .text          0x00000000c000faf0      0x14e hal/buzzer.32
                0x00000000c000faf0                Buzzer::Buzzer(char const*)
                0x00000000c000faf0                Buzzer::Buzzer(char const*)
                0x00000000c000fb34                Buzzer::~Buzzer()
                0x00000000c000fb34                Buzzer::~Buzzer()
                0x00000000c000fb58                Buzzer::~Buzzer()
                0x00000000c000fb82                Buzzer::stop()
                0x00000000c000fb95                beepThread(void*)
                0x00000000c000fbd0                Buzzer::beep(int, int, bool)
 .text          0x00000000c000fc3e      0x42f hal/clock.32
                0x00000000c000fc3e                loadClockSettings()
                0x00000000c000fc58                Clock::Clock(char const*)
                0x00000000c000fc58                Clock::Clock(char const*)
                0x00000000c000fc8e                Clock::~Clock()
                0x00000000c000fc8e                Clock::~Clock()
                0x00000000c000fcb2                Clock::~Clock()
                0x00000000c000fcdc                Clock::timeInSecondsLocal()
                0x00000000c000fd24                Clock::setTimeInSecondsLocal(unsigned long long)
                0x00000000c000fd7d                datetimeToSeconds(datetime_t)
                0x00000000c000fea4                Clock::setTimeInDatetimeLocal(datetime_t)
                0x00000000c000ff04                secondsToDatetime(unsigned long long)
                0x00000000c0010048                Clock::timeInDatetimeLocal()
 *fill*         0x00000000c001006d        0x1 
 .text          0x00000000c001006e      0x504 hal/device.32
                0x00000000c001006e                Device::hibernate()
                0x00000000c0010070                Device::wake()
                0x00000000c0010072                Device::detect()
                0x00000000c0010074                Device::disableLegacy()
                0x00000000c0010076                Device::powerSaving(PowerSavingLevel)
                0x00000000c0010078                DriverlessDevice::close(int, int, void*)
                0x00000000c001007c                DriverlessDevice::detect()
                0x00000000c001007e                DriverlessDevice::open(int, int, void*)
                0x00000000c0010092                Device::~Device()
                0x00000000c0010092                Device::~Device()
                0x00000000c00100a0                Device::~Device()
                0x00000000c00100c8                Device::findAndLoadDriver()
                0x00000000c00100ca                Device::preOpenPCI(PCIDeviceInfo)
                0x00000000c00100f0                Device::preOpenACPI(void*, char*, char*)
                0x00000000c0010144                Device::addIRQHandler(int, void (*)(regs*, void*), bool, void*)
                0x00000000c00101a2                Device::removeIRQHandler(int, void (*)(regs*, void*), bool)
                0x00000000c00101f0                Device::addChild(Device*)
                0x00000000c0010234                Device::removeAllChildren()
                0x00000000c001027a                Device::hibernateAll()
                0x00000000c00102aa                Device::wakeAll()
                0x00000000c00102da                Device::detectAll()
                0x00000000c001030a                Device::disableLegacyAll()
                0x00000000c001033a                Device::loadDriversForAll()
                0x00000000c0010366                Device::closeAll()
                0x00000000c001039c                Device::powerSavingAll(PowerSavingLevel)
                0x00000000c00103d2                Device::setName(char const*)
                0x00000000c00103e0                Device::Device(char const*)
                0x00000000c00103e0                Device::Device(char const*)
                0x00000000c00104d2                Device::getName()
                0x00000000c00104dc                DriverlessDevice::DriverlessDevice(char const*)
                0x00000000c00104dc                DriverlessDevice::DriverlessDevice(char const*)
                0x00000000c0010504                Device::addToLinkedList(LinkedList<Device>&, DeviceType)
                0x00000000c0010548                getDevicesOfType(DeviceType)
 .text          0x00000000c0010572       0x84 hal/diskctrl.32
                0x00000000c0010572                HardDiskController::HardDiskController(char const*)
                0x00000000c0010572                HardDiskController::HardDiskController(char const*)
                0x00000000c00105a8                HardDiskController::~HardDiskController()
                0x00000000c00105a8                HardDiskController::~HardDiskController()
                0x00000000c00105cc                HardDiskController::~HardDiskController()
 .text          0x00000000c00105f6       0xde hal/diskphys.32
                0x00000000c00105f6                PhysicalDisk::PhysicalDisk(char const*, int)
                0x00000000c00105f6                PhysicalDisk::PhysicalDisk(char const*, int)
                0x00000000c001065e                PhysicalDisk::startCache()
                0x00000000c0010686                PhysicalDisk::~PhysicalDisk()
                0x00000000c0010686                PhysicalDisk::~PhysicalDisk()
                0x00000000c00106aa                PhysicalDisk::~PhysicalDisk()
 .text          0x00000000c00106d4      0x142 hal/fpu.32
                0x00000000c00106d4                FPU::FPU(char const*)
                0x00000000c00106d4                FPU::FPU(char const*)
                0x00000000c001070a                FPU::~FPU()
                0x00000000c001070a                FPU::~FPU()
                0x00000000c001072e                FPU::~FPU()
                0x00000000c0010758                setupFPU()
 .text          0x00000000c0010816      0xbeb hal/intctrl.32
                0x00000000c0010816                InterruptController::uninstallISRHandler(int, void (*)(regs*, void*))
                0x00000000c001084e                InterruptController::installISRHandler(int, void (*)(regs*, void*), void*)
                0x00000000c00108a0                doubleFault(regs*, void*)
                0x00000000c00108ae                InterruptController::installIRQHandler(int, void (*)(regs*, void*), bool, void*)
                0x00000000c001094a                InterruptController::clearAllHandlers(int, bool)
                0x00000000c00109f2                InterruptController::uninstallIRQHandler(int, void (*)(regs*, void*), bool)
                0x00000000c0010a79                nmiHandler(regs*, void*)
                0x00000000c0010a87                int_handler
                0x00000000c0010b22                InterruptController::InterruptController(char const*)
                0x00000000c0010b22                InterruptController::InterruptController(char const*)
                0x00000000c0010bc8                InterruptController::~InterruptController()
                0x00000000c0010bc8                InterruptController::~InterruptController()
                0x00000000c0010bec                InterruptController::~InterruptController()
                0x00000000c0010c16                displayDebugInfo(regs*)
                0x00000000c0010ff8                x87EmulHandler(regs*, void*)
                0x00000000c001105b                gpFault(regs*, void*)
                0x00000000c0011094                pgFault(regs*, void*)
                0x00000000c00110ab                otherISRHandler(regs*, void*)
                0x00000000c00110ca                opcodeFault(regs*, void*)
                0x00000000c0011134                displayProgramFault(char const*)
                0x00000000c001115c                InterruptController::convertLegacyIRQNumber(int)
                0x00000000c00111a6                setupInterruptController()
 *fill*         0x00000000c0011401        0x1 
 .text          0x00000000c0011402      0x608 hal/keybrd.32
                0x00000000c0011402                startGUI(void*)
                0x00000000c0011474                sendKeyToTerminal(unsigned char)
                0x00000000c00114e0                sendKeyboardToken(KeyboardToken)
                0x00000000c00118bb                clearInternalKeybuffer(VgaText*)
                0x00000000c00118f0                readKeyboard(VgaText*, char*, unsigned long)
                0x00000000c0011980                Keyboard::Keyboard(char const*)
                0x00000000c0011980                Keyboard::Keyboard(char const*)
                0x00000000c00119bc                Keyboard::~Keyboard()
                0x00000000c00119bc                Keyboard::~Keyboard()
                0x00000000c00119e0                Keyboard::~Keyboard()
 .text          0x00000000c0011a0a      0x400 hal/logidisk.32
                0x00000000c0011a0a                LogicalDisk::close(int, int, void*)
                0x00000000c0011a0e                LogicalDisk::~LogicalDisk()
                0x00000000c0011a0e                LogicalDisk::~LogicalDisk()
                0x00000000c0011a32                LogicalDisk::~LogicalDisk()
                0x00000000c0011a5c                LogicalDisk::open(int, int, void*)
                0x00000000c0011a70                LogicalDisk::absoluteToRelative(unsigned long long)
                0x00000000c0011aa8                LogicalDisk::relativeToAbsolute(unsigned long long)
                0x00000000c0011aee                LogicalDisk::LogicalDisk(char const*, PhysicalDisk*, unsigned long long, unsigned long long)
                0x00000000c0011aee                LogicalDisk::LogicalDisk(char const*, PhysicalDisk*, unsigned long long, unsigned long long)
                0x00000000c0011ba4                LogicalDisk::assignDriveLetter()
                0x00000000c0011c5a                LogicalDisk::mount()
                0x00000000c0011ccc                LogicalDisk::unmount()
                0x00000000c0011cdc                LogicalDisk::unassignDriveLetter()
                0x00000000c0011d32                LogicalDisk::read(unsigned long long, int, void*)
                0x00000000c0011d9e                LogicalDisk::write(unsigned long long, int, void*)
 .text          0x00000000c0011e0a       0x84 hal/mouse.32
                0x00000000c0011e0a                Mouse::Mouse(char const*)
                0x00000000c0011e0a                Mouse::Mouse(char const*)
                0x00000000c0011e40                Mouse::~Mouse()
                0x00000000c0011e40                Mouse::~Mouse()
                0x00000000c0011e64                Mouse::~Mouse()
 .text          0x00000000c0011e8e      0x339 hal/partition.32
                0x00000000c0011e8e                makePartition(PhysicalDisk*, unsigned long long, unsigned long long)
                0x00000000c0011f36                createPartitionsForDisk(PhysicalDisk*)
 *fill*         0x00000000c00121c7        0x1 
 .text          0x00000000c00121c8      0x2e7 hal/timer.32
                0x00000000c00121c8                Timer::Timer(char const*)
                0x00000000c00121c8                Timer::Timer(char const*)
                0x00000000c00121fe                Timer::~Timer()
                0x00000000c00121fe                Timer::~Timer()
                0x00000000c0012222                Timer::~Timer()
                0x00000000c001224c                Timer::read()
                0x00000000c0012257                timerHandler(unsigned long long)
                0x00000000c001238e                setupTimer(int)
 *fill*         0x00000000c00124af        0x1 
 .text          0x00000000c00124b0      0x2d1 hal/vcache.32
                0x00000000c00124b0                VCache::VCache(PhysicalDisk*)
                0x00000000c00124b0                VCache::VCache(PhysicalDisk*)
                0x00000000c00125a0                VCache::writeWriteBuffer()
                0x00000000c00125dc                VCache::~VCache()
                0x00000000c00125dc                VCache::~VCache()
                0x00000000c001261c                VCache::~VCache()
                0x00000000c0012644                VCache::write(unsigned long long, int, void*)
                0x00000000c0012728                VCache::read(unsigned long long, int, void*)
 *fill*         0x00000000c0012781        0x1 
 .text          0x00000000c0012782      0x26d hal/video.32
                0x00000000c0012782                Video::putrect(int, int, int, int, unsigned int)
                0x00000000c00127cc                Video::blit(unsigned int*, int, int, int, int)
                0x00000000c001284a                Video::clearScreen(unsigned int)
                0x00000000c001287e                Video::putpixel(int, int, unsigned int)
                0x00000000c001288c                Video::Video(char const*)
                0x00000000c001288c                Video::Video(char const*)
                0x00000000c00128c2                Video::~Video()
                0x00000000c00128c2                Video::~Video()
                0x00000000c00128e6                Video::~Video()
                0x00000000c0012910                Video::isMonochrome()
                0x00000000c001291c                Video::getWidth()
                0x00000000c0012928                Video::getHeight()
                0x00000000c0012934                Video::drawCursor(int, int, unsigned char*, int)
 *fill*         0x00000000c00129ef        0x1 
 .text          0x00000000c00129f0      0xd28 hw/acpi.32
                0x00000000c00129f0                ACPI::close(int, int, void*)
                0x00000000c0012aa5                findRSDP()
                0x00000000c0012b2f                loadACPITables(unsigned char*)
                0x00000000c0012d56                findRSDT(unsigned char*)
                0x00000000c0012e74                findDataTable(unsigned char*, char*)
                0x00000000c0012f10                scanMADT()
                0x00000000c00132a4                ACPI::ACPI()
                0x00000000c00132a4                ACPI::ACPI()
                0x00000000c0013304                ACPI::getPCIIRQAssignment(unsigned char, unsigned short, unsigned char)
                0x00000000c00133e6                ACPI::registerPCIIRQAssignment(void*, unsigned short, unsigned char, unsigned char)
                0x00000000c00134ec                ACPI::setScreenBrightnessLevel(void*, int)
                0x00000000c00134f2                ACPI::writeSimpleBootFlag(SimpleBootFlagTable*)
                0x00000000c001353a                ACPI::open(int, int, void*)
                0x00000000c0013700                ACPI::sleep()
 .text          0x00000000c0013718     0x132c hw/cpu.32
                0x00000000c0013718                CPU::close(int, int, void*)
                0x00000000c001371b                lookupAMDCPUName(unsigned char, unsigned char)
                0x00000000c00138af                lookupIntelCPUName(unsigned char, unsigned char)
                0x00000000c0013b5d                AMD_K6_write_msr(unsigned int, unsigned int, unsigned int, REGS*)
                0x00000000c0013b79                AMD_K6_read_msr(unsigned int, REGS*)
                0x00000000c0013b91                AMD_K6_writeback(int, int, int)
                0x00000000c0013c04                cpuid(int, unsigned long*, unsigned long*, unsigned long*, unsigned long*)
                0x00000000c0013c87                cpuidCheckEDX(unsigned int)
                0x00000000c0013cb4                cpuidCheckECX(unsigned int)
                0x00000000c0013ce1                cpuidCheckExtendedEBX(unsigned int)
                0x00000000c0013d0e                cpuidCheckExtendedECX(unsigned int)
                0x00000000c0013d3b                getCPUNumber()
                0x00000000c0013d3e                thisCPU()
                0x00000000c0013d52                CPU::CPU()
                0x00000000c0013d52                CPU::CPU()
                0x00000000c0013de0                CPU::displayFeatures()
                0x00000000c0013de2                CPU::detectFeatures()
                0x00000000c00147d4                CPU::setupSMEP()
                0x00000000c00147ee                CPU::setupUMIP()
                0x00000000c0014806                CPU::setupTSC()
                0x00000000c001481e                CPU::setupLargePages()
                0x00000000c0014836                CPU::setupPAT()
                0x00000000c0014872                CPU::setupMTRR()
                0x00000000c0014874                CPU::setupGlobalPages()
                0x00000000c001488a                CPU::allowUsermodeDataAccess()
                0x00000000c001489c                CPU::prohibitUsermodeDataAccess()
                0x00000000c00148ae                CPU::setupSMAP()
                0x00000000c00148d4                CPU::setupFeatures()
                0x00000000c0014976                CPU::open(int, int, void*)
 .text          0x00000000c0014a44        0x0 hw/ports.32
 .text          0x00000000c0014a44      0x32c krnl/panic.32
                0x00000000c0014a44                Krnl::panic(char const*)
 .text          0x00000000c0014d70      0x503 reg/registry.32
                0x00000000c0014d70                Reg::findLineFromLoadedData(char*, char*, char*)
                0x00000000c0014ec8                Reg::getLineFromRegistry(char*, char*, char*, char*)
                0x00000000c0015027                Reg::getLine(char*, char*, char*)
                0x00000000c001505e                Reg::readInt(char*, char*, int*)
                0x00000000c0015149                Reg::readString(char*, char*, char*, int)
                0x00000000c00151ca                Reg::readBool(char*, char*, bool*)
                0x00000000c00151ef                Reg::readBoolWithDefault(char*, char*, bool)
                0x00000000c001521b                Reg::readIntWithDefault(char*, char*, int)
                0x00000000c0015247                Reg::readStringWithDefault(char*, char*, char*, int, char*)
 .text          0x00000000c0015273       0x18 sys/sc_exit.32
                0x00000000c0015273                Sys::exit(regs*)
 .text          0x00000000c001528b       0x95 sys/sc_loaddll.32
                0x00000000c001528b                Sys::loadDLL(regs*)
 .text          0x00000000c0015320       0x68 sys/sc_read.32
                0x00000000c0015320                Sys::read(regs*)
 .text          0x00000000c0015388       0x55 sys/sc_sbrk.32
                0x00000000c0015388                Sys::sbrk(regs*)
 .text          0x00000000c00153dd       0x68 sys/sc_write.32
                0x00000000c00153dd                Sys::write(regs*)
 .text          0x00000000c0015445       0x1a sys/sc_yield.32
                0x00000000c0015445                Sys::yield(regs*)
 .text          0x00000000c001545f      0xdaa sys/syscalls.32
                0x00000000c001545f                sysCallGetPID(regs*)
                0x00000000c001546b                sysCallSeekDir(regs*)
                0x00000000c0015470                sysCallTellDir(regs*)
                0x00000000c0015475                sysCallVerify(regs*)
                0x00000000c001547f                sysCallGetArgc(regs*)
                0x00000000c001548f                sysFormatDisk(regs*)
                0x00000000c00154f9                sysSetDiskVolumeLabel(regs*)
                0x00000000c001553f                sysGetDiskVolumeLabel(regs*)
                0x00000000c0015590                sysShutdown(regs*)
                0x00000000c00155ee                sysCallGetCwd(regs*)
                0x00000000c001560d                sysCallSetCwd(regs*)
                0x00000000c0015629                sysCallRealpath(regs*)
                0x00000000c001566c                sysCallOpen(regs*)
                0x00000000c001575c                sysCallReadDir(regs*)
                0x00000000c00157cb                sysCallIsATTY(regs*)
                0x00000000c001581e                sysCallSeek(regs*)
                0x00000000c001586f                sysCallTell(regs*)
                0x00000000c00158bb                sysCallSizeFromFilename(regs*)
                0x00000000c0015934                sysCallSize(regs*)
                0x00000000c0015986                sysCallClose(regs*)
                0x00000000c00159d4                sysCallOpenDir(regs*)
                0x00000000c0015a41                sysCallMakeDir(regs*)
                0x00000000c0015a9a                sysCallCloseDir(regs*)
                0x00000000c0015ae8                sysCallWait(regs*)
                0x00000000c0015b02                sysCallFork(regs*)
                0x00000000c0015b1e                sysCallExecve(regs*)
                0x00000000c0015b73                sysCallRmdir(regs*)
                0x00000000c0015bc5                sysCallUnlink(regs*)
                0x00000000c0015c17                sysCallGetArgv(regs*)
                0x00000000c0015c63                sysCallTTYName(regs*)
                0x00000000c0015cdf                sysCallGetEnv(regs*)
                0x00000000c0015d31                sysCallUSleep(regs*)
                0x00000000c0015d58                sysCallSpawn(regs*)
                0x00000000c0015dc8                sysAppSettings(regs*)
                0x00000000c0015ee7                sysSetFatAttrib(regs*)
                0x00000000c0015f47                sysPanic(regs*)
                0x00000000c0015f6d                sysPipe(regs*)
                0x00000000c0015fb2                sysGetUnixTime(regs*)
                0x00000000c0015fc6                string_ends_with(char const*, char const*)
                0x00000000c001600e                setupSystemCalls()
                0x00000000c00161c7                systemCall(regs*, void*)
 .text          0x00000000c0016209     0x1134 thr/elf.32
                0x00000000c0016209                Thr::allocateMemoryForTask(Process*, File*, unsigned long, unsigned long, unsigned long)
                0x00000000c0016486                Thr::loadProgramIntoMemory(Process*, char const*)
                0x00000000c001669c                Thr::runtimeReferenceHelper()
                0x00000000c00166af                Thr::getAddressOfKernelSymbol(char const*)
                0x00000000c00166fe                Thr::loadKernelSymbolTable(char const*)
                0x00000000c00169bf                Thr::loadDriverIntoMemory(char const*, unsigned long, bool)
                0x00000000c001713d                Thr::getDriverBaseFromAddress(unsigned long)
                0x00000000c001716f                Thr::getDriverNameFromAddress(unsigned long)
                0x00000000c00171a6                Thr::getDriverOffsetFromAddress(unsigned long)
                0x00000000c00171c0                Thr::loadDLL(char const*, bool)
                0x00000000c0017313                Thr::executeDLL(unsigned long, void*)
 *fill*         0x00000000c001733d        0x1 
 .text          0x00000000c001733e     0x11cc thr/prcssthr.32
                0x00000000c001733e                changeTSS
                0x00000000c001736c                Process::addArgs(char**)
                0x00000000c00173c6                Process::Process(char const*, Process*, char**)
                0x00000000c00173c6                Process::Process(char const*, Process*, char**)
                0x00000000c001757e                Process::Process(bool, char const*, Process*, char**)
                0x00000000c001757e                Process::Process(bool, char const*, Process*, char**)
                0x00000000c0017701                disableIRQs()
                0x00000000c0017709                getIRQNestingLevel()
                0x00000000c001770f                enableIRQs()
                0x00000000c001771e                lockScheduler()
                0x00000000c0017720                unlockScheduler()
                0x00000000c0017722                userModeEntryPoint(void*)
                0x00000000c0017745                lockStuff()
                0x00000000c0017751                taskStartupFunction
                0x00000000c001775a                updateTimeUsed()
                0x00000000c00177b8                switchToThread(ThreadControlBlock*)
                0x00000000c0017808                Semaphore::Semaphore(int)
                0x00000000c0017808                Semaphore::Semaphore(int)
                0x00000000c0017836                Mutex::Mutex()
                0x00000000c0017836                Mutex::Mutex()
                0x00000000c0017848                Process::createThread(void (*)(void*), void*, int)
                0x00000000c001792c                Process::createUserThread()
                0x00000000c0017948                setupMultitasking(void (*)())
                0x00000000c0017a52                schedule()
                0x00000000c0017ad7                unlockStuff()
                0x00000000c0017b0c                forkProcess(regs*)
                0x00000000c0017c7a                Semaphore::tryAcquire()
                0x00000000c0017ca8                Semaphore::assertLocked(char const*)
                0x00000000c0017cdb                blockTaskWithSchedulerLockAlreadyHeld(TaskState)
                0x00000000c0017d1d                blockTask(TaskState)
                0x00000000c0017d3e                waitTask(int, int*, int)
                0x00000000c0017d80                nanoSleepUntil(unsigned long long)
                0x00000000c0017dd7                nanoSleep(unsigned long long)
                0x00000000c0017dec                sleep(unsigned long long)
                0x00000000c0017e0a                Semaphore::acquire()
                0x00000000c0017e72                execveProcess(char const*, char* const*, char* const*)
                0x00000000c0017f00                taskReturned
                0x00000000c0017f2e                unblockTask(ThreadControlBlock*)
                0x00000000c0017fdd                cleanupTerminatedTask(ThreadControlBlock*)
                0x00000000c001828b                cleanerTaskFunction(void*)
                0x00000000c001833e                terminateTask(int)
                0x00000000c0018412                Thr::terminateFromIRQ(int)
                0x00000000c001841e                Semaphore::release()
 .text          0x00000000c001850a      0x8bf vm86/vm8086.32
                0x00000000c001850a                Vm::vm8086EntryPoint(void*)
                0x00000000c0018535                Vm::inbv(unsigned short)
                0x00000000c001853b                Vm::outbv(unsigned short, unsigned char)
                0x00000000c0018545                Vm::realToLinear(unsigned short, unsigned short)
                0x00000000c0018555                Vm::getSegment(unsigned int)
                0x00000000c001855d                Vm::getOffset(unsigned int)
                0x00000000c0018562                Vm::loadFileAsThread(Process*, char const*, unsigned short, unsigned short, unsigned short, unsigned short)
                0x00000000c0018691                Vm::doISR(regs*, int, unsigned char*, unsigned short, unsigned short)
                0x00000000c001871b                Vm::readByteFromReal(unsigned short, unsigned short)
                0x00000000c001872c                Vm::readWordFromReal(unsigned short, unsigned short)
                0x00000000c001873e                Vm::readDwordFromReal(unsigned short, unsigned short)
                0x00000000c001874f                Vm::writeByteFromReal(unsigned short, unsigned short, unsigned char)
                0x00000000c0018764                Vm::writeWordFromReal(unsigned short, unsigned short, unsigned short)
                0x00000000c001877a                Vm::writeDwordFromReal(unsigned short, unsigned short, unsigned int)
                0x00000000c001878f                Vm::faultHandler(regs*)
 *fill*         0x00000000c0018dc9        0x1 
 .text          0x00000000c0018dca     0x10ed fs/fat/vfslink.32
                0x00000000c0018dca                FAT::getName()
                0x00000000c0018dd0                FAT::tell(void*, unsigned long long*)
                0x00000000c0018e04                FAT::stat(void*, unsigned long long*)
                0x00000000c0018e38                FAT::~FAT()
                0x00000000c0018e38                FAT::~FAT()
                0x00000000c0018e5c                FAT::~FAT()
                0x00000000c0018e84                FAT::getlabel(LogicalDisk*, int, char*, unsigned int*)
                0x00000000c0018f22                FAT::setlabel(LogicalDisk*, int, char*)
                0x00000000c0018fdc                FAT::format(LogicalDisk*, int, char const*, int)
                0x00000000c00191c0                FAT::tryMount(LogicalDisk*, int)
                0x00000000c00193c6                FAT::readDir(void*, unsigned long, void*, int*)
                0x00000000c00194cc                FAT::read(void*, unsigned long, void*, int*)
                0x00000000c0019526                FAT::write(void*, unsigned long, void*, int*)
                0x00000000c0019580                FAT::close(void*)
                0x00000000c00195cc                FAT::closeDir(void*)
                0x00000000c0019618                FAT::seek(void*, unsigned long long)
                0x00000000c001966c                fatWrapperReadDisk
                0x00000000c00196b3                fatWrapperWriteDisk
                0x00000000c00196fa                fatWrapperIoctl
                0x00000000c00197fe                FAT::FAT()
                0x00000000c00197fe                FAT::FAT()
                0x00000000c0019850                FAT::fixFilepath(char*)
                0x00000000c0019888                FAT::open(char const*, void**, FileOpenMode)
                0x00000000c00199b0                FAT::openDir(char const*, void**)
                0x00000000c0019a56                FAT::stat(char const*, unsigned long long*, bool*)
                0x00000000c0019b40                FAT::unlink(char const*)
                0x00000000c0019bba                FAT::chfatattr(char const*, unsigned char, unsigned char)
                0x00000000c0019d0e                FAT::rename(char const*, char const*)
                0x00000000c0019dd2                FAT::mkdir(char const*)
                0x00000000c0019e4c                FAT::exists(char const*)
 *fill*         0x00000000c0019eb7        0x1 
 .text          0x00000000c0019eb8      0xbdf fs/iso9660/vfslink.32
                0x00000000c0019eb8                ISO9660::format(LogicalDisk*, int, char const*, int)
                0x00000000c0019ebe                ISO9660::seek(void*, unsigned long long)
                0x00000000c0019eee                ISO9660::tell(void*, unsigned long long*)
                0x00000000c0019f12                ISO9660::getName()
                0x00000000c0019f18                ISO9660::stat(void*, unsigned long long*)
                0x00000000c0019f3c                ISO9660::chfatattr(char const*, unsigned char, unsigned char)
                0x00000000c0019f42                ISO9660::unlink(char const*)
                0x00000000c0019f48                ISO9660::write(void*, unsigned long, void*, int*)
                0x00000000c0019f4e                ISO9660::rename(char const*, char const*)
                0x00000000c0019f54                ISO9660::mkdir(char const*)
                0x00000000c0019f5a                ISO9660::close(void*)
                0x00000000c0019f7c                ISO9660::closeDir(void*)
                0x00000000c0019f9e                ISO9660::~ISO9660()
                0x00000000c0019f9e                ISO9660::~ISO9660()
                0x00000000c0019fc2                ISO9660::~ISO9660()
                0x00000000c0019fe9                __memmem(unsigned char*, int, unsigned char*, int)
                0x00000000c001a02b                readSectorFromCDROM(unsigned int, unsigned char*, char)
                0x00000000c001a092                ISO9660::tryMount(LogicalDisk*, int)
                0x00000000c001a0e2                ISO9660::read(void*, unsigned long, void*, int*)
                0x00000000c001a326                ISO9660::readDir(void*, unsigned long, void*, int*)
                0x00000000c001a5b3                readRoot(unsigned int*, unsigned int*, char)
                0x00000000c001a608                readRecursively(char*, unsigned int, unsigned int, unsigned int*, unsigned int*, char, int*)
                0x00000000c001a7db                getFileData(char*, unsigned int*, unsigned int*, char, int*)
                0x00000000c001a86a                ISO9660::open(char const*, void**, FileOpenMode)
                0x00000000c001a904                ISO9660::exists(char const*)
                0x00000000c001a928                ISO9660::stat(char const*, unsigned long long*, bool*)
                0x00000000c001a9bc                ISO9660::openDir(char const*, void**)
                0x00000000c001aa74                ISO9660::ISO9660()
                0x00000000c001aa74                ISO9660::ISO9660()
 *fill*         0x00000000c001aa97        0x1 
 .text          0x00000000c001aa98      0x244 hal/sound/sndchannel.32
                0x00000000c001aa98                SoundChannel::~SoundChannel()
                0x00000000c001aa98                SoundChannel::~SoundChannel()
                0x00000000c001aab4                SoundChannel::setSpeed(float)
                0x00000000c001aac0                SoundChannel::getSpeed()
                0x00000000c001aac8                SoundChannel::setVolume(int)
                0x00000000c001aae4                SoundChannel::getVolume()
                0x00000000c001aaec                SoundChannel::pause()
                0x00000000c001aaf6                SoundChannel::SoundChannel(int, int, int, int)
                0x00000000c001aaf6                SoundChannel::SoundChannel(int, int, int, int)
                0x00000000c001abec                SoundChannel::play()
                0x00000000c001abf6                SoundChannel::paused()
                0x00000000c001abfe                SoundChannel::getSampleRate()
                0x00000000c001ac06                SoundChannel::getBits()
                0x00000000c001ac0e                SoundChannel::getBufferUsed()
                0x00000000c001ac16                SoundChannel::getBufferSize()
                0x00000000c001ac1e                SoundChannel::unbuffer(float*, int, int)
                0x00000000c001ac90                SoundChannel::buffer8(unsigned char*, int)
 .text          0x00000000c001acdc      0x317 hal/sound/sndhw.32
                0x00000000c001acdc                SoundDevice::SoundDevice(char const*)
                0x00000000c001acdc                SoundDevice::SoundDevice(char const*)
                0x00000000c001ad48                SoundDevice::~SoundDevice()
                0x00000000c001ad48                SoundDevice::~SoundDevice()
                0x00000000c001adc2                SoundDevice::~SoundDevice()
                0x00000000c001adec                SoundDevice::getFreeChannelNum()
                0x00000000c001ae06                SoundDevice::addChannel(SoundChannel*)
                0x00000000c001ae76                SoundDevice::removeChannel(int)
                0x00000000c001aea8                SoundDevice::floatTo8(float*, unsigned char*, int)
                0x00000000c001af14                SoundDevice::getAudio(int, float*, float*)
 .text          0x00000000c001aff3        0x0 hw/bus/isa.32
 *fill*         0x00000000c001aff3        0x1 
 .text          0x00000000c001aff4      0x6e5 hw/bus/pci.32
                0x00000000c001aff4                PCI::open(int, int, void*)
                0x00000000c001b008                PCI::close(int, int, void*)
                0x00000000c001b00c                PCI::PCI()
                0x00000000c001b00c                PCI::PCI()
                0x00000000c001b08c                PCI::pciReadWord(unsigned char, unsigned char, unsigned char, unsigned char)
                0x00000000c001b0d4                PCI::getVendorID(unsigned char, unsigned char, unsigned char)
                0x00000000c001b0f6                PCI::getHeaderType(unsigned char, unsigned char, unsigned char)
                0x00000000c001b11a                PCI::getClassCode(unsigned char, unsigned char, unsigned char)
                0x00000000c001b15e                PCI::getProgIF(unsigned char, unsigned char, unsigned char)
                0x00000000c001b182                PCI::getRevisionID(unsigned char, unsigned char, unsigned char)
                0x00000000c001b1a4                PCI::getInterruptNumber(unsigned char, unsigned char, unsigned char)
                0x00000000c001b1c6                PCI::getSecondaryBus(unsigned char, unsigned char, unsigned char)
                0x00000000c001b1ea                PCI::getBARAddress(unsigned char, unsigned char, unsigned char, unsigned char)
                0x00000000c001b24a                PCI::pciWriteWord(unsigned char, unsigned char, unsigned char, unsigned char, unsigned short)
                0x00000000c001b2b6                PCI::checkBus(unsigned char)
                0x00000000c001b2da                PCI::foundDevice(PCIDeviceInfo)
                0x00000000c001b44a                PCI::getDeviceData(unsigned char, unsigned char, unsigned char)
                0x00000000c001b61a                PCI::checkDevice(unsigned char, unsigned char)
                0x00000000c001b686                PCI::detect()
 *fill*         0x00000000c001b6d9        0x1 
 .text          0x00000000c001b6da      0xc70 hw/diskctrl/ide.32
                0x00000000c001b6da                IDE::close(int, int, void*)
                0x00000000c001b6de                IDE::IDE()
                0x00000000c001b6de                IDE::IDE()
                0x00000000c001b712                IDE::prepareInterrupt(unsigned char)
                0x00000000c001b724                selectDrive(unsigned char, unsigned char)
                0x00000000c001b726                IDE::getBase(unsigned char)
                0x00000000c001b738                IDE::write(unsigned char, unsigned char, unsigned char)
                0x00000000c001b7f8                IDE::read(unsigned char, unsigned char)
                0x00000000c001b8a6                IDE::waitInterrupt(unsigned char)
                0x00000000c001b90c                ideChannel0IRQHandler(regs*, void*)
                0x00000000c001b928                ideChannel1IRQHandler(regs*, void*)
                0x00000000c001b944                IDE::enableIRQs(unsigned char, bool)
                0x00000000c001b98a                IDE::open(int, int, void*)
                0x00000000c001bd9a                IDE::readBuffer(unsigned char, unsigned char, unsigned int, unsigned int)
                0x00000000c001be66                IDE::detect()
                0x00000000c001c14e                IDE::printError(unsigned char, unsigned char, unsigned char)
                0x00000000c001c2e4                IDE::polling(unsigned char, unsigned int)
 .text          0x00000000c001c34a      0x62b hw/diskphys/ata.32
                0x00000000c001c34a                ATA::close(int, int, void*)
                0x00000000c001c36e                ATA::powerSaving(PowerSavingLevel)
                0x00000000c001c370                ATA::ATA()
                0x00000000c001c370                ATA::ATA()
                0x00000000c001c39e                ATA::flush(bool)
                0x00000000c001c3e8                ATA::readyForCommand()
                0x00000000c001c438                ATA::access(unsigned long long, int, void*, bool)
                0x00000000c001c7b6                ATA::read(unsigned long long, int, void*)
                0x00000000c001c81e                ATA::write(unsigned long long, int, void*)
                0x00000000c001c886                ATA::detectCHS()
                0x00000000c001c8b0                ATA::open(int, int, void*)
 *fill*         0x00000000c001c975        0x1 
 .text          0x00000000c001c976      0x5b3 hw/diskphys/atapi.32
                0x00000000c001c976                ATAPI::write(unsigned long long, int, void*)
                0x00000000c001c97c                ATAPI::close(int, int, void*)
                0x00000000c001c9a0                ATAPI::ATAPI()
                0x00000000c001c9a0                ATAPI::ATAPI()
                0x00000000c001c9ce                ATAPI::readyForCommand()
                0x00000000c001ca1e                ATAPI::sendPacket(unsigned char*, int, bool, unsigned short*, int)
                0x00000000c001ccde                ATAPI::diskRemoved()
                0x00000000c001ccfa                ATAPI::eject()
                0x00000000c001cd40                ATAPI::diskInserted()
                0x00000000c001cd6e                ATAPI::detectMedia()
                0x00000000c001ce2a                ATAPI::open(int, int, void*)
                0x00000000c001ceaa                ATAPI::read(unsigned long long, int, void*)
 *fill*         0x00000000c001cf29        0x1 
 .text          0x00000000c001cf2a       0x8e hw/fpu/avx.32
                0x00000000c001cf2a                AVX::open(int, int, void*)
                0x00000000c001cf3c                AVX::close(int, int, void*)
                0x00000000c001cf4e                AVX::available()
                0x00000000c001cf60                AVX::save(void*)
                0x00000000c001cf78                AVX::load(void*)
                0x00000000c001cf90                AVX::AVX()
                0x00000000c001cf90                AVX::AVX()
 .text          0x00000000c001cfb8       0x90 hw/fpu/mmx.32
                0x00000000c001cfb8                MMX::available()
                0x00000000c001cfcc                MMX::open(int, int, void*)
                0x00000000c001cfde                MMX::close(int, int, void*)
                0x00000000c001cff0                MMX::save(void*)
                0x00000000c001d008                MMX::load(void*)
                0x00000000c001d020                MMX::MMX()
                0x00000000c001d020                MMX::MMX()
 .text          0x00000000c001d048       0x96 hw/fpu/sse.32
                0x00000000c001d048                SSE::open(int, int, void*)
                0x00000000c001d05a                SSE::close(int, int, void*)
                0x00000000c001d06c                SSE::available()
                0x00000000c001d086                SSE::save(void*)
                0x00000000c001d09e                SSE::load(void*)
                0x00000000c001d0b6                SSE::SSE()
                0x00000000c001d0b6                SSE::SSE()
 .text          0x00000000c001d0de       0x8e hw/fpu/x87.32
                0x00000000c001d0de                x87::open(int, int, void*)
                0x00000000c001d0f0                x87::close(int, int, void*)
                0x00000000c001d102                x87::available()
                0x00000000c001d114                x87::save(void*)
                0x00000000c001d12c                x87::load(void*)
                0x00000000c001d144                x87::x87()
                0x00000000c001d144                x87::x87()
 .text          0x00000000c001d16c      0x5f3 hw/intctrl/apic.32
                0x00000000c001d16c                APIC::disable()
                0x00000000c001d16e                APIC::close(int, int, void*)
                0x00000000c001d190                IOAPIC::close(int, int, void*)
                0x00000000c001d196                APIC::io_wait()
                0x00000000c001d19c                APIC::getBase()
                0x00000000c001d1de                APIC::eoi(unsigned char)
                0x00000000c001d20c                APIC::open(int, int, void*)
                0x00000000c001d2c6                IOAPIC::IOAPIC()
                0x00000000c001d2c6                IOAPIC::IOAPIC()
                0x00000000c001d2ee                APIC::APIC()
                0x00000000c001d2ee                APIC::APIC()
                0x00000000c001d3be                IOAPIC::handlesGSIWithNumber(unsigned int)
                0x00000000c001d3f0                IOAPIC::read(int)
                0x00000000c001d418                IOAPIC::open(int, int, void*)
                0x00000000c001d50e                IOAPIC::write(int, int)
                0x00000000c001d53a                IOAPIC::redirect(unsigned char, unsigned long long, unsigned char)
                0x00000000c001d5f4                APIC::installIRQHandler(int, void (*)(regs*, void*), bool, void*)
 *fill*         0x00000000c001d75f        0x1 
 .text          0x00000000c001d760      0x3d3 hw/intctrl/pic.32
                0x00000000c001d760                PIC::disable()
                0x00000000c001d78e                PIC::close(int, int, void*)
                0x00000000c001d7b0                PIC::PIC()
                0x00000000c001d7b0                PIC::PIC()
                0x00000000c001d886                PIC::ioWait()
                0x00000000c001d88c                PIC::getIRQReg(int)
                0x00000000c001d8f6                PIC::eoi(unsigned char)
                0x00000000c001d988                PIC::remap()
                0x00000000c001daf4                PIC::open(int, int, void*)
 *fill*         0x00000000c001db33        0x1 
 .text          0x00000000c001db34      0x252 hw/timer/apictimer.32
                0x00000000c001db34                APICTimer::close(int, int, void*)
                0x00000000c001db3a                apicTimerHandler(regs*, void*)
                0x00000000c001db68                APICTimer::write(int)
                0x00000000c001dc66                APICTimer::open(int, int, void*)
                0x00000000c001dd5e                APICTimer::APICTimer()
                0x00000000c001dd5e                APICTimer::APICTimer()
 .text          0x00000000c001dd86      0x1a7 hw/timer/pit.32
                0x00000000c001dd86                PIT::write(int)
                0x00000000c001de04                pitHandler(regs*, void*)
                0x00000000c001de30                PIT::open(int, int, void*)
                0x00000000c001de7e                PIT::close(int, int, void*)
                0x00000000c001deae                PIT::PIT()
                0x00000000c001deae                PIT::PIT()
 *fill*         0x00000000c001df2d        0x3 
 .text          0x00000000c001df30        0xa hw/fpu/x86/avx.32
                0x00000000c001df30                avxDetect
                0x00000000c001df36                avxSave
                0x00000000c001df37                avxLoad
                0x00000000c001df38                avxInit
                0x00000000c001df39                avxClose
 *fill*         0x00000000c001df3a        0x6 
 .text          0x00000000c001df40       0x38 hw/fpu/x86/sse.32
                0x00000000c001df40                sseDetect
                0x00000000c001df5b                sseSave
                0x00000000c001df61                sseLoad
                0x00000000c001df67                sseInit
                0x00000000c001df77                sseClose
 *fill*         0x00000000c001df78        0x8 
 .text          0x00000000c001df80       0x47 hw/fpu/x86/x87.32
                0x00000000c001df86                x87Detect
                0x00000000c001dfa1                x87Save
                0x00000000c001dfa7                x87Load
                0x00000000c001dfac                x87Init
                0x00000000c001dfc6                x87Close
 *fill*         0x00000000c001dfc7        0x1 
 .text          0x00000000c001dfc8       0x25 /cygdrive/d/Users/Alex/Desktop/Toolchain/Output/bin/../lib/gcc/i386-banana/8.1.0/crtend.o
 .text          0x00000000c001dfed        0x0 crtn.32
 *fill*         0x00000000c001dfed        0x3 
 .text          0x00000000c001dff0      0x14b /cygdrive/d/Users/Alex/Desktop/Toolchain/Output/bin/../lib/gcc/i386-banana/8.1.0/libgcc.a(_divdi3.o)
                0x00000000c001dff0                __divdi3
 *fill*         0x00000000c001e13b        0x1 
 .text          0x00000000c001e13c      0x17e /cygdrive/d/Users/Alex/Desktop/Toolchain/Output/bin/../lib/gcc/i386-banana/8.1.0/libgcc.a(_moddi3.o)
                0x00000000c001e13c                __moddi3
 *fill*         0x00000000c001e2ba        0x2 
 .text          0x00000000c001e2bc       0xff /cygdrive/d/Users/Alex/Desktop/Toolchain/Output/bin/../lib/gcc/i386-banana/8.1.0/libgcc.a(_udivdi3.o)
                0x00000000c001e2bc                __udivdi3
 *fill*         0x00000000c001e3bb        0x1 
 .text          0x00000000c001e3bc      0x11a /cygdrive/d/Users/Alex/Desktop/Toolchain/Output/bin/../lib/gcc/i386-banana/8.1.0/libgcc.a(_umoddi3.o)
                0x00000000c001e3bc                __umoddi3
 *fill*         0x00000000c001e4d6        0xa 
 .text          0x00000000c001e4e0       0x1e D:/Users/Alex/Desktop/Banana/kernel/libk/libm32.a(s_fabs.c.o)
                0x00000000c001e4e0                fabs
 *fill*         0x00000000c001e4fe        0x2 
 .text          0x00000000c001e500        0xc D:/Users/Alex/Desktop/Banana/kernel/libk/libm32.a(s_lrint.S.o)
                0x00000000c001e500                lrint
 .text          0x00000000c001e50c        0xc D:/Users/Alex/Desktop/Banana/kernel/libk/libm32.a(s_lrintf.S.o)
                0x00000000c001e50c                lrintf
 *(.gnu.linkonce.t*)

.iplt           0x00000000c001e518        0x0
 .iplt          0x00000000c001e518        0x0 D:/Users/Alex/Desktop/Banana/kernel/boot.32

.init           0x00000000c001e518        0xf
 .init          0x00000000c001e518        0x3 crti.32
                0x00000000c001e518                _init
 .init          0x00000000c001e51b        0x5 /cygdrive/d/Users/Alex/Desktop/Toolchain/Output/bin/../lib/gcc/i386-banana/8.1.0/crtbegin.o
 .init          0x00000000c001e520        0x5 /cygdrive/d/Users/Alex/Desktop/Toolchain/Output/bin/../lib/gcc/i386-banana/8.1.0/crtend.o
 .init          0x00000000c001e525        0x2 crtn.32

.fini           0x00000000c001e527        0xa
 .fini          0x00000000c001e527        0x3 crti.32
                0x00000000c001e527                _fini
 .fini          0x00000000c001e52a        0x5 /cygdrive/d/Users/Alex/Desktop/Toolchain/Output/bin/../lib/gcc/i386-banana/8.1.0/crtbegin.o
 .fini          0x00000000c001e52f        0x2 crtn.32

.text._ZN8ComputerD2Ev
                0x00000000c001e532       0x23
 .text._ZN8ComputerD2Ev
                0x00000000c001e532       0x23 core/computer.32
                0x00000000c001e532                Computer::~Computer()
                0x00000000c001e532                Computer::~Computer()

.text._ZN8ComputerD0Ev
                0x00000000c001e556       0x2a
 .text._ZN8ComputerD0Ev
                0x00000000c001e556       0x2a core/computer.32
                0x00000000c001e556                Computer::~Computer()

.text._Z10idleCommonv
                0x00000000c001e580       0x15
 .text._Z10idleCommonv
                0x00000000c001e580       0x15 core/idle.32
                0x00000000c001e580                idleCommon()

.text._ZN3CPU7readCR3Ev
                0x00000000c001e595       0x12
 .text._ZN3CPU7readCR3Ev
                0x00000000c001e595       0x12 core/kheap.32
                0x00000000c001e595                CPU::readCR3()

.text._ZN3CPU8writeCR3Em
                0x00000000c001e5a7        0x9
 .text._ZN3CPU8writeCR3Em
                0x00000000c001e5a7        0x9 core/kheap.32
                0x00000000c001e5a7                CPU::writeCR3(unsigned long)

.text._ZN10LinkedListI8UnixFileED2Ev
                0x00000000c001e5b0        0x2
 .text._ZN10LinkedListI8UnixFileED2Ev
                0x00000000c001e5b0        0x2 core/unixfile.32
                0x00000000c001e5b0                LinkedList<UnixFile>::~LinkedList()
                0x00000000c001e5b0                LinkedList<UnixFile>::~LinkedList()

.text._ZN10LinkedListI8UnixFileEC2Ev
                0x00000000c001e5b2       0x58
 .text._ZN10LinkedListI8UnixFileEC2Ev
                0x00000000c001e5b2       0x58 core/unixfile.32
                0x00000000c001e5b2                LinkedList<UnixFile>::LinkedList()
                0x00000000c001e5b2                LinkedList<UnixFile>::LinkedList()

.text._ZN10LinkedListI8UnixFileE10addElementEPS0_
                0x00000000c001e60a       0xd3
 .text._ZN10LinkedListI8UnixFileE10addElementEPS0_
                0x00000000c001e60a       0xd3 core/unixfile.32
                0x00000000c001e60a                LinkedList<UnixFile>::addElement(UnixFile*)

.text._ZN10LinkedListI8UnixFileE15getFirstElementEv
                0x00000000c001e6de        0x7
 .text._ZN10LinkedListI8UnixFileE15getFirstElementEv
                0x00000000c001e6de        0x7 core/unixfile.32
                0x00000000c001e6de                LinkedList<UnixFile>::getFirstElement()

.text._ZN10LinkedListI8UnixFileE11removeFirstEv
                0x00000000c001e6e6       0xa1
 .text._ZN10LinkedListI8UnixFileE11removeFirstEv
                0x00000000c001e6e6       0xa1 core/unixfile.32
                0x00000000c001e6e6                LinkedList<UnixFile>::removeFirst()

.text._ZN10LinkedListI8UnixFileE7getNextEPS0_
                0x00000000c001e788        0x8
 .text._ZN10LinkedListI8UnixFileE7getNextEPS0_
                0x00000000c001e788        0x8 core/unixfile.32
                0x00000000c001e788                LinkedList<UnixFile>::getNext(UnixFile*)

.text._ZN16DriverlessDeviceD2Ev
                0x00000000c001e790       0x1a
 .text._ZN16DriverlessDeviceD2Ev
                0x00000000c001e790       0x1a hal/device.32
                0x00000000c001e790                DriverlessDevice::~DriverlessDevice()
                0x00000000c001e790                DriverlessDevice::~DriverlessDevice()

.text._ZN16DriverlessDeviceD0Ev
                0x00000000c001e7aa       0x2a
 .text._ZN16DriverlessDeviceD0Ev
                0x00000000c001e7aa       0x2a hal/device.32
                0x00000000c001e7aa                DriverlessDevice::~DriverlessDevice()

.text._ZN10LinkedListI6DeviceE10addElementEPS0_
                0x00000000c001e7d4       0xdc
 .text._ZN10LinkedListI6DeviceE10addElementEPS0_
                0x00000000c001e7d4       0xdc hal/device.32
                0x00000000c001e7d4                LinkedList<Device>::addElement(Device*)

.text._ZN10LinkedListI6DeviceEC2Ev
                0x00000000c001e8b0       0x58
 .text._ZN10LinkedListI6DeviceEC2Ev
                0x00000000c001e8b0       0x58 hal/device.32
                0x00000000c001e8b0                LinkedList<Device>::LinkedList()
                0x00000000c001e8b0                LinkedList<Device>::LinkedList()

.text._ZN3CPU7readCR0Ev
                0x00000000c001e908       0x12
 .text._ZN3CPU7readCR0Ev
                0x00000000c001e908       0x12 hal/fpu.32
                0x00000000c001e908                CPU::readCR0()

.text._ZN3CPU8writeCR0Em
                0x00000000c001e91a        0x9
 .text._ZN3CPU8writeCR0Em
                0x00000000c001e91a        0x9 hal/fpu.32
                0x00000000c001e91a                CPU::writeCR0(unsigned long)

.text._ZN3CPU7readDR0Ev
                0x00000000c001e923       0x12
 .text._ZN3CPU7readDR0Ev
                0x00000000c001e923       0x12 hal/intctrl.32
                0x00000000c001e923                CPU::readDR0()

.text._ZN3CPU7readDR1Ev
                0x00000000c001e935       0x12
 .text._ZN3CPU7readDR1Ev
                0x00000000c001e935       0x12 hal/intctrl.32
                0x00000000c001e935                CPU::readDR1()

.text._ZN3CPU7readDR2Ev
                0x00000000c001e947       0x12
 .text._ZN3CPU7readDR2Ev
                0x00000000c001e947       0x12 hal/intctrl.32
                0x00000000c001e947                CPU::readDR2()

.text._ZN3CPU7readDR3Ev
                0x00000000c001e959       0x12
 .text._ZN3CPU7readDR3Ev
                0x00000000c001e959       0x12 hal/intctrl.32
                0x00000000c001e959                CPU::readDR3()

.text._ZN3CPU7readDR6Ev
                0x00000000c001e96b       0x12
 .text._ZN3CPU7readDR6Ev
                0x00000000c001e96b       0x12 hal/intctrl.32
                0x00000000c001e96b                CPU::readDR6()

.text._ZN3CPU7readDR7Ev
                0x00000000c001e97d       0x12
 .text._ZN3CPU7readDR7Ev
                0x00000000c001e97d       0x12 hal/intctrl.32
                0x00000000c001e97d                CPU::readDR7()

.text._ZN10LinkedListIV18ThreadControlBlockE15getFirstElementEv
                0x00000000c001e990        0x7
 .text._ZN10LinkedListIV18ThreadControlBlockE15getFirstElementEv
                0x00000000c001e990        0x7 hal/timer.32
                0x00000000c001e990                LinkedList<ThreadControlBlock volatile>::getFirstElement()

.text._ZN10LinkedListIV18ThreadControlBlockE7isEmptyEv
                0x00000000c001e998       0x1c
 .text._ZN10LinkedListIV18ThreadControlBlockE7isEmptyEv
                0x00000000c001e998       0x1c hal/timer.32
                0x00000000c001e998                LinkedList<ThreadControlBlock volatile>::isEmpty()

.text._ZN10LinkedListIV18ThreadControlBlockE11removeFirstEv
                0x00000000c001e9b4       0xae
 .text._ZN10LinkedListIV18ThreadControlBlockE11removeFirstEv
                0x00000000c001e9b4       0xae hal/timer.32
                0x00000000c001e9b4                LinkedList<ThreadControlBlock volatile>::removeFirst()

.text._ZN10LinkedListIV18ThreadControlBlockE10addElementEPS1_
                0x00000000c001ea62       0xd3
 .text._ZN10LinkedListIV18ThreadControlBlockE10addElementEPS1_
                0x00000000c001ea62       0xd3 hal/timer.32
                0x00000000c001ea62                LinkedList<ThreadControlBlock volatile>::addElement(ThreadControlBlock volatile*)

.text._ZN4ACPID2Ev
                0x00000000c001eb36       0x23
 .text._ZN4ACPID2Ev
                0x00000000c001eb36       0x23 hw/acpi.32
                0x00000000c001eb36                ACPI::~ACPI()
                0x00000000c001eb36                ACPI::~ACPI()

.text._ZN4ACPID0Ev
                0x00000000c001eb5a       0x2a
 .text._ZN4ACPID0Ev
                0x00000000c001eb5a       0x2a hw/acpi.32
                0x00000000c001eb5a                ACPI::~ACPI()

.text._ZN3CPUD2Ev
                0x00000000c001eb84       0x23
 .text._ZN3CPUD2Ev
                0x00000000c001eb84       0x23 hw/cpu.32
                0x00000000c001eb84                CPU::~CPU()
                0x00000000c001eb84                CPU::~CPU()

.text._ZN3CPUD0Ev
                0x00000000c001eba8       0x2a
 .text._ZN3CPUD0Ev
                0x00000000c001eba8       0x2a hw/cpu.32
                0x00000000c001eba8                CPU::~CPU()

.text._ZN3CPU7readCR4Ev
                0x00000000c001ebd2       0x12
 .text._ZN3CPU7readCR4Ev
                0x00000000c001ebd2       0x12 hw/cpu.32
                0x00000000c001ebd2                CPU::readCR4()

.text._ZN3CPU8writeDR7Em
                0x00000000c001ebe4        0x9
 .text._ZN3CPU8writeDR7Em
                0x00000000c001ebe4        0x9 hw/cpu.32
                0x00000000c001ebe4                CPU::writeDR7(unsigned long)

.text._ZN3CPU8writeCR4Em
                0x00000000c001ebed        0x9
 .text._ZN3CPU8writeCR4Em
                0x00000000c001ebed        0x9 hw/cpu.32
                0x00000000c001ebed                CPU::writeCR4(unsigned long)

.text._ZN3CPU7readCR2Ev
                0x00000000c001ebf6       0x12
 .text._ZN3CPU7readCR2Ev
                0x00000000c001ebf6       0x12 krnl/panic.32
                0x00000000c001ebf6                CPU::readCR2()

.text._ZN10LinkedListIV18ThreadControlBlockED2Ev
                0x00000000c001ec08        0x2
 .text._ZN10LinkedListIV18ThreadControlBlockED2Ev
                0x00000000c001ec08        0x2 thr/prcssthr.32
                0x00000000c001ec08                LinkedList<ThreadControlBlock volatile>::~LinkedList()
                0x00000000c001ec08                LinkedList<ThreadControlBlock volatile>::~LinkedList()

.text._ZN18ThreadControlBlockC2Ev
                0x00000000c001ec0a       0x3e
 .text._ZN18ThreadControlBlockC2Ev
                0x00000000c001ec0a       0x3e thr/prcssthr.32
                0x00000000c001ec0a                ThreadControlBlock::ThreadControlBlock()
                0x00000000c001ec0a                ThreadControlBlock::ThreadControlBlock()

.text._ZN10LinkedListIV18ThreadControlBlockEC2Ev
                0x00000000c001ec48       0x58
 .text._ZN10LinkedListIV18ThreadControlBlockEC2Ev
                0x00000000c001ec48       0x58 thr/prcssthr.32
                0x00000000c001ec48                LinkedList<ThreadControlBlock volatile>::LinkedList()
                0x00000000c001ec48                LinkedList<ThreadControlBlock volatile>::LinkedList()

.text._ZN10LinkedListIV18ThreadControlBlockE7getNextEPS1_
                0x00000000c001eca0        0x8
 .text._ZN10LinkedListIV18ThreadControlBlockE7getNextEPS1_
                0x00000000c001eca0        0x8 thr/prcssthr.32
                0x00000000c001eca0                LinkedList<ThreadControlBlock volatile>::getNext(ThreadControlBlock volatile*)

.text._ZN3PCID2Ev
                0x00000000c001eca8       0x23
 .text._ZN3PCID2Ev
                0x00000000c001eca8       0x23 hw/bus/pci.32
                0x00000000c001eca8                PCI::~PCI()
                0x00000000c001eca8                PCI::~PCI()

.text._ZN3PCID0Ev
                0x00000000c001eccc       0x2a