Archive member included to satisfy reference by file (symbol)

/cygdrive/d/Users/Alex/Desktop/Toolchain/Output/bin/../lib/gcc/i386-banana/8.1.0/libkgcc.a(_fixdfdi.o)
                              hal/intctrl.32 (__fixdfdi)
/cygdrive/d/Users/Alex/Desktop/Toolchain/Output/bin/../lib/gcc/i386-banana/8.1.0/libkgcc.a(_fixunsdfdi.o)
                              hal/intctrl.32 (__fixunsdfdi)
/cygdrive/d/Users/Alex/Desktop/Toolchain/Output/bin/../lib/gcc/i386-banana/8.1.0/libkgcc.a(_floatdidf.o)
                              hal/intctrl.32 (__floatdidf)
/cygdrive/d/Users/Alex/Desktop/Toolchain/Output/bin/../lib/gcc/i386-banana/8.1.0/libkgcc.a(_floatundidf.o)
                              hal/intctrl.32 (__floatundidf)
/cygdrive/d/Users/Alex/Desktop/Toolchain/Output/bin/../lib/gcc/i386-banana/8.1.0/libkgcc.a(_divdi3.o)
                              fs/fat/ff.32 (__divdi3)
/cygdrive/d/Users/Alex/Desktop/Toolchain/Output/bin/../lib/gcc/i386-banana/8.1.0/libkgcc.a(_moddi3.o)
                              thr/elf.32 (__moddi3)
/cygdrive/d/Users/Alex/Desktop/Toolchain/Output/bin/../lib/gcc/i386-banana/8.1.0/libkgcc.a(_udivdi3.o)
                              fs/fat/ff.32 (__udivdi3)
/cygdrive/d/Users/Alex/Desktop/Toolchain/Output/bin/../lib/gcc/i386-banana/8.1.0/libkgcc.a(_umoddi3.o)
                              core/pipe.32 (__umoddi3)
D:/Users/Alex/Desktop/Banana/kernel/libsoftfp.a(sfieeelib.o)
                              hal/sound/sndhw.32 (__addsf3)
D:/Users/Alex/Desktop/Banana/kernel/libsoftfp.a(dfieeelib.o)
                              hal/libresample/src_linear.32 (__adddf3)
D:/Users/Alex/Desktop/Banana/kernel/libsoftfp.a(sfdfcvt.o)
                              hal/libresample/samplerate.32 (__truncdfsf2)
D:/Users/Alex/Desktop/Banana/kernel/libk/libm32.a(s_fabs.c.o)
                              hal/libresample/samplerate.32 (fabs)
D:/Users/Alex/Desktop/Banana/kernel/libk/libm32.a(s_lrint.S.o)
                              hal/libresample/samplerate.32 (lrint)
D:/Users/Alex/Desktop/Banana/kernel/libk/libm32.a(s_lrintf.S.o)
                              hal/sound/sndhw.32 (lrintf)

Discarded input sections

 .comment       0x0000000000000000       0x12 /cygdrive/d/Users/Alex/Desktop/Toolchain/Output/bin/../lib/gcc/i386-banana/8.1.0/crtbegin.o
 .comment       0x0000000000000000       0x12 acpica/utclib.32
 .comment       0x0000000000000000       0x12 core/malloc.32
 .comment       0x0000000000000000       0x12 libk/string.32
 .comment       0x0000000000000000       0x12 fs/fat/diskio.32
 .comment       0x0000000000000000       0x12 fs/fat/ff.32
 .comment       0x0000000000000000       0x12 fs/fat/ffsystem.32
 .comment       0x0000000000000000       0x12 fs/fat/ffunicode.32
 .comment       0x0000000000000000       0x12 hal/libresample/samplerate.32
 .comment       0x0000000000000000       0x12 hal/libresample/src_linear.32
 .comment       0x0000000000000000       0x12 hal/libresample/src_sinc.32
 .comment       0x0000000000000000       0x12 hal/libresample/src_zoh.32
 .group         0x0000000000000000       0x14 core/computer.32
 .group         0x0000000000000000        0xc core/computer.32
 .comment       0x0000000000000000       0x12 core/computer.32
 .comment       0x0000000000000000       0x12 core/gdt.32
 .group         0x0000000000000000        0xc core/idle.32
 .comment       0x0000000000000000       0x12 core/idle.32
 .comment       0x0000000000000000       0x12 core/idt.32
 .group         0x0000000000000000        0x8 core/kheap.32
 .group         0x0000000000000000        0x8 core/kheap.32
 .comment       0x0000000000000000       0x12 core/kheap.32
 .comment       0x0000000000000000       0x12 core/main.32
 .comment       0x0000000000000000       0x12 core/physmgr.32
 .group         0x0000000000000000        0xc core/pipe.32
 .comment       0x0000000000000000       0x12 core/pipe.32
 .group         0x0000000000000000        0xc core/terminal.32
 .comment       0x0000000000000000       0x12 core/terminal.32
 .group         0x0000000000000000        0x8 core/tss.32
 .text._ZN3CPU7readCR3Ev
                0x0000000000000000       0x12 core/tss.32
 .comment       0x0000000000000000       0x12 core/tss.32
 .group         0x0000000000000000        0x8 core/unixfile.32
 .group         0x0000000000000000        0xc core/unixfile.32
 .group         0x0000000000000000        0xc core/unixfile.32
 .group         0x0000000000000000        0x8 core/unixfile.32
 .group         0x0000000000000000        0xc core/unixfile.32
 .group         0x0000000000000000        0x8 core/unixfile.32
 .group         0x0000000000000000        0xc core/unixfile.32
 .group         0x0000000000000000        0xc core/unixfile.32
 .comment       0x0000000000000000       0x12 core/unixfile.32
 .group         0x0000000000000000        0x8 core/virtmgr.32
 .group         0x0000000000000000        0x8 core/virtmgr.32
 .text._ZN3CPU7readCR3Ev
                0x0000000000000000       0x12 core/virtmgr.32
 .text._ZN3CPU8writeCR3Em
[...]
Memory Configuration

Name             Origin             Length             Attributes
*default*        0x0000000000000000 0xffffffffffffffff

Linker script and memory map

LOAD D:/Users/Alex/Desktop/Banana/kernel/boot.32
LOAD crti.32
LOAD /cygdrive/d/Users/Alex/Desktop/Toolchain/Output/bin/../lib/gcc/i386-banana/8.1.0/crtbegin.o
LOAD D:/Users/Alex/Desktop/Banana/kernel/morenasm.32
LOAD acpica/utclib.32
LOAD core/malloc.32
LOAD libk/string.32
LOAD fs/fat/diskio.32
LOAD fs/fat/ff.32
LOAD fs/fat/ffsystem.32
LOAD fs/fat/ffunicode.32
LOAD hal/libresample/samplerate.32
LOAD hal/libresample/src_linear.32
LOAD hal/libresample/src_sinc.32
LOAD hal/libresample/src_zoh.32
LOAD core/computer.32
LOAD core/gdt.32
LOAD core/idle.32
LOAD core/idt.32
LOAD core/kheap.32
LOAD core/main.32
LOAD core/physmgr.32
LOAD core/pipe.32
LOAD core/terminal.32
LOAD core/tss.32
LOAD core/unixfile.32
LOAD core/virtmgr.32
LOAD coreobjs/c++.32
LOAD dbg/kconsole.32
LOAD fs/vfs.32
LOAD hal/bus.32
LOAD hal/buzzer.32
LOAD hal/clock.32
LOAD hal/device.32
LOAD hal/diskctrl.32
LOAD hal/diskphys.32
LOAD hal/fpu.32
LOAD hal/intctrl.32
LOAD hal/keybrd.32
LOAD hal/logidisk.32
LOAD hal/mouse.32
LOAD hal/partition.32
LOAD hal/timer.32
LOAD hal/vcache.32
LOAD hal/video.32
LOAD hw/acpi.32
LOAD hw/cpu.32
LOAD hw/ports.32
LOAD krnl/panic.32
LOAD reg/registry.32
LOAD sys/sc_exit.32
LOAD sys/sc_loaddll.32
LOAD sys/sc_read.32
LOAD sys/sc_sbrk.32
LOAD sys/sc_write.32
LOAD sys/sc_yield.32
LOAD sys/syscalls.32
LOAD thr/elf.32
LOAD thr/prcssthr.32
LOAD vm86/vm8086.32
LOAD fs/fat/vfslink.32
LOAD fs/iso9660/vfslink.32
LOAD hal/sound/sndchannel.32
LOAD hal/sound/sndhw.32
LOAD hw/bus/isa.32
LOAD hw/bus/pci.32
LOAD hw/diskctrl/ide.32
LOAD hw/diskphys/ata.32
LOAD hw/diskphys/atapi.32
LOAD hw/fpu/avx.32
LOAD hw/fpu/mmx.32
LOAD hw/fpu/sse.32
LOAD hw/fpu/x87.32
LOAD hw/intctrl/apic.32
LOAD hw/intctrl/pic.32
LOAD hw/timer/apictimer.32
LOAD hw/timer/pit.32
LOAD hw/fpu/x86/avx.32
LOAD hw/fpu/x86/sse.32
LOAD hw/fpu/x86/x87.32
LOAD /cygdrive/d/Users/Alex/Desktop/Toolchain/Output/bin/../lib/gcc/i386-banana/8.1.0/crtend.o
LOAD crtn.32
LOAD /cygdrive/d/Users/Alex/Desktop/Toolchain/Output/bin/../lib/gcc/i386-banana/8.1.0/libkgcc.a
LOAD D:/Users/Alex/Desktop/Banana/kernel/libsoftfp.a
LOAD D:/Users/Alex/Desktop/Banana/kernel/libk/libm32.a
                0x00000000c0000000                . = 0xc0000000

.text           0x00000000c0000000    0x258d8
 *(.text)
 .text          0x00000000c0000000       0x41 D:/Users/Alex/Desktop/Banana/kernel/boot.32
                0x00000000c0000020                callGlobalConstructors
 .text          0x00000000c0000041        0x0 crti.32
 *fill*         0x00000000c0000041        0x3 
 .text          0x00000000c0000044      0x101 /cygdrive/d/Users/Alex/Desktop/Toolchain/Output/bin/../lib/gcc/i386-banana/8.1.0/crtbegin.o
 *fill*         0x00000000c0000145        0xb 
 .text          0x00000000c0000150      0x4fd D:/Users/Alex/Desktop/Banana/kernel/morenasm.32
                0x00000000c0000150                prepareTramp
                0x00000000c0000169                voodooXADD
                0x00000000c000022e                doTPAUSE
                0x00000000c0000238                hasLegacyFPU
                0x00000000c000025d                is486
                0x00000000c0000293                goToVM86
                0x00000000c00002c4                goToUsermode
                0x00000000c00002ef                switchToThreadASMFirstTime
                0x00000000c00002fd                switchToThreadASM
                0x00000000c000039d                detectCPUID
                0x00000000c00003b3                asmQuickAcquireLock
                0x00000000c00003d1                asmQuickReleaseLock
                0x00000000c00003dd                asmAcquireLock
                0x00000000c00003fe                asmReleaseLock
                0x00000000c0000411                loadGDT
                0x00000000c0000431                isr0
                0x00000000c0000441                isr1
                0x00000000c000044b                isr2
                0x00000000c0000455                isr3
                0x00000000c000045f                isr4
                0x00000000c0000469                isr5
                0x00000000c0000473                isr6
                0x00000000c000047d                isr7
                0x00000000c0000487                isr8
                0x00000000c000048f                isr9
                0x00000000c0000499                isr10
                0x00000000c00004a1                isr11
                0x00000000c00004a9                isr12
                0x00000000c00004b1                isr13
                0x00000000c00004b9                isr14
                0x00000000c00004c1                isr15
                0x00000000c00004cb                isr16
                0x00000000c00004d5                isr17
                0x00000000c00004df                isr18
                0x00000000c00004e9                isr96
                0x00000000c00004f3                irq0
                0x00000000c00004fd                irq1
                0x00000000c0000507                irq2
                0x00000000c0000511                irq3
                0x00000000c000051b                irq4
                0x00000000c0000525                irq5
                0x00000000c000052f                irq6
                0x00000000c0000539                irq7
                0x00000000c0000543                irq8
                0x00000000c000054d                irq9
                0x00000000c0000557                irq10
                0x00000000c0000561                irq11
                0x00000000c000056b                irq12
                0x00000000c0000575                irq13
                0x00000000c000057f                irq14
                0x00000000c0000589                irq15
                0x00000000c0000593                irq16
                0x00000000c000059d                irq17
                0x00000000c00005a7                irq18
                0x00000000c00005b1                irq19
                0x00000000c00005bb                irq20
                0x00000000c00005c5                irq21
                0x00000000c00005cf                irq22
                0x00000000c00005d9                irq23
                0x00000000c00005e3                int_common_stub
                0x00000000c0000613                syscall_common_stub
 .text          0x00000000c000064d      0x40f acpica/utclib.32
                0x00000000c000064d                memcmp
                0x00000000c0000678                memmove
                0x00000000c00006b0                memcpy
                0x00000000c00006e6                memset
                0x00000000c0000703                strlen
                0x00000000c0000713                strpbrk
                0x00000000c0000736                strtok
                0x00000000c0000785                strcpy
                0x00000000c00007a5                strncpy
                0x00000000c00007d6                strcmp
                0x00000000c00007f7                strchr
                0x00000000c000080d                strncmp
                0x00000000c000083c                strcat
                0x00000000c0000863                strncat
                0x00000000c000089d                strstr
                0x00000000c00008da                toupper
                0x00000000c00008ee                tolower
                0x00000000c0000902                simple_strtoul
 .text          0x00000000c0000a5c      0xfbf core/malloc.32
                0x00000000c0000bc7                dlfree
                0x00000000c0000f22                dlmalloc
                0x00000000c000145f                dlrealloc
                0x00000000c0001614                dlmemalign
                0x00000000c0001737                dlcalloc
                0x00000000c00017d1                dlcfree
                0x00000000c00017d6                dlindependent_calloc
                0x00000000c00017fb                dlindependent_comalloc
                0x00000000c0001812                dlvalloc
                0x00000000c000183d                dlpvalloc
                0x00000000c0001873                dlmalloc_trim
                0x00000000c0001880                dlmalloc_usable_size
                0x00000000c00018b1                dlmallinfo
                0x00000000c0001980                dlmalloc_stats
                0x00000000c0001991                dlmallopt
 .text          0x00000000c0001a1b        0x0 libk/string.32
 .text          0x00000000c0001a1b       0x51 fs/fat/diskio.32
                0x00000000c0001a1b                disk_status
                0x00000000c0001a1e                disk_initialize
                0x00000000c0001a21                disk_read
                0x00000000c0001a37                disk_write
                0x00000000c0001a4d                disk_ioctl
 .text          0x00000000c0001a6c     0x6833 fs/fat/ff.32
                0x00000000c0004d3a                f_mount
                0x00000000c0004d9c                f_open
                0x00000000c00051d8                f_read
                0x00000000c0005458                f_write
                0x00000000c0005712                f_sync
                0x00000000c00058ee                f_close
                0x00000000c000591d                f_lseek
                0x00000000c0005dd4                f_opendir
                0x00000000c0005ed6                f_closedir
                0x00000000c0005ef8                f_readdir
                0x00000000c0005f93                f_stat
                0x00000000c0006022                f_getfree
                0x00000000c00061ed                f_truncate
                0x00000000c00062e5                f_unlink
                0x00000000c0006468                f_mkdir
                0x00000000c0006694                f_rename
                0x00000000c0006987                f_chmod
                0x00000000c0006a65                f_utime
                0x00000000c0006b43                f_getlabel
                0x00000000c0006d31                f_setlabel
                0x00000000c0006f9e                f_forward
                0x00000000c000717c                f_mkfs
 .text          0x00000000c000829f       0x2d fs/fat/ffsystem.32
                0x00000000c000829f                ff_memalloc
                0x00000000c00082b5                ff_memfree
 .text          0x00000000c00082cc      0x253 fs/fat/ffunicode.32
                0x00000000c00082cc                ff_uni2oem
                0x00000000c000835c                ff_oem2uni
                0x00000000c00083c8                ff_wtoupper
 .text          0x00000000c000851f      0x8a1 hal/libresample/samplerate.32
                0x00000000c00085c6                src_delete
                0x00000000c0008602                src_process
                0x00000000c0008776                src_callback_read
                0x00000000c00088d1                src_set_ratio
                0x00000000c000891a                src_get_channels
                0x00000000c000893c                src_reset
                0x00000000c0008988                src_new
                0x00000000c0008a16                src_callback_new
                0x00000000c0008a78                src_get_name
                0x00000000c0008aaf                src_get_description
                0x00000000c0008ae6                src_get_version
                0x00000000c0008aec                src_is_valid_ratio
                0x00000000c0008b08                src_error
                0x00000000c0008b16                src_strerror
                0x00000000c0008b29                src_simple
                0x00000000c0008b7c                src_short_to_float_array
                0x00000000c0008be1                src_float_to_short_array
                0x00000000c0008ca0                src_int_to_float_array
                0x00000000c0008d03                src_float_to_int_array
 .text          0x00000000c0008dc0      0x8f0 hal/libresample/src_linear.32
                0x00000000c000960b                linear_get_name
                0x00000000c000961a                linear_get_description
                0x00000000c0009629                linear_set_converter
 .text          0x00000000c00096b0     0x40fd hal/libresample/src_sinc.32
                0x00000000c000d6c4                sinc_get_name
                0x00000000c000d6d7                sinc_get_description
                0x00000000c000d6ea                sinc_set_converter
 .text          0x00000000c000d7ad      0x7a6 hal/libresample/src_zoh.32
                0x00000000c000deae                zoh_get_name
                0x00000000c000debd                zoh_get_description
                0x00000000c000decc                zoh_set_converter
 *fill*         0x00000000c000df53        0x1 
 .text          0x00000000c000df54      0x9e1 core/computer.32
                0x00000000c000df54                Computer::close(int, int, void*)
                0x00000000c000df98                Computer::Computer()
                0x00000000c000df98                Computer::Computer()
                0x00000000c000e0f4                Computer::setBootMessage(char const*)
                0x00000000c000e0f6                Computer::start()
                0x00000000c000e1d2                firstTask()
                0x00000000c000e1e0                Computer::detectFeatures()
                0x00000000c000e3ba                Computer::displayFeatures()
                0x00000000c000e700                Computer::rdmsr(unsigned int)
                0x00000000c000e72c                Computer::wrmsr(unsigned int, unsigned long long)
                0x00000000c000e764                Computer::nmiEnabled()
                0x00000000c000e770                Computer::readCMOS(unsigned char)
                0x00000000c000e78a                Computer::enableNMI(bool)
                0x00000000c000e7a2                Computer::open(int, int, void*)
                0x00000000c000e878                Computer::disableNMI()
                0x00000000c000e886                Computer::writeCMOS(unsigned char, unsigned char)
                0x00000000c000e8a4                Computer::handleNMI()
                0x00000000c000e90a                Computer::setDiskActivityLight(int, bool)
 *fill*         0x00000000c000e935        0x1 
 .text          0x00000000c000e936      0x1b7 core/gdt.32
                0x00000000c000e936                GDTEntry::setBase(unsigned int)
                0x00000000c000e952                GDTEntry::setLimit(unsigned int)
                0x00000000c000e970                GDT::GDT()
                0x00000000c000e970                GDT::GDT()
                0x00000000c000e986                GDT::addEntry(GDTEntry)
                0x00000000c000e9c2                GDT::getNumberOfEntries()
                0x00000000c000e9ca                GDT::flush()
                0x00000000c000e9ec                GDT::setup()
 .text          0x00000000c000eaed       0x61 core/idle.32
                0x00000000c000eaed                idleFunction(void*)
 .text          0x00000000c000eb4e      0x45f core/idt.32
                0x00000000c000eb4e                IDTEntry::IDTEntry(bool)
                0x00000000c000eb4e                IDTEntry::IDTEntry(bool)
                0x00000000c000ebbc                IDTEntry::setOffset(unsigned int)
                0x00000000c000ebd0                IDT::IDT()
                0x00000000c000ebd0                IDT::IDT()
                0x00000000c000ebd2                IDT::getPointerToInvalidOpcodeEntryForF00F()
                0x00000000c000ebda                IDT::addEntry(IDTEntry, int)
                0x00000000c000ebf4                IDT::addEntry(int, void (*)(), bool)
                0x00000000c000ec2c                IDT::flush()
                0x00000000c000ec46                IDT::setup()
 .text          0x00000000c000efad      0x20d core/kheap.32
                0x00000000c000efad                sbrk
                0x00000000c000f0c5                mmap
                0x00000000c000f0db                munmap
                0x00000000c000f0f1                liballoc_lock()
                0x00000000c000f102                liballoc_unlock()
                0x00000000c000f113                liballoc_alloc(int)
                0x00000000c000f12e                liballoc_free(void*, int)
                0x00000000c000f14c                realloc
                0x00000000c000f160                malloc
                0x00000000c000f170                free
                0x00000000c000f180                rfree
                0x00000000c000f190                calloc
 .text          0x00000000c000f1ba      0x38d core/main.32
                0x00000000c000f1ba                hwTextMode_loadInData(VgaText*)
                0x00000000c000f1ff                hwTextMode_loadInTitle(VgaText*, char*)
                0x00000000c000f241                hwTextMode_showCursor(VgaText*, bool)
                0x00000000c000f295                hwTextMode_update(VgaText*)
                0x00000000c000f296                hwTextMode_updateCursor(VgaText*)
                0x00000000c000f2de                hwTextMode_disableBlink(VgaText*, bool)
                0x00000000c000f31a                hwTextMode_scrollScreen(VgaText*)
                0x00000000c000f3a0                hwTextMode_writeCharacter(VgaText*, char, VgaColour, VgaColour, int, int)
                0x00000000c000f3fe                setupTextMode()
                0x00000000c000f44f                kernel_main
 .text          0x00000000c000f547      0x4f3 core/physmgr.32
                0x00000000c000f547                Phys::allocateDMA(unsigned long)
                0x00000000c000f5ea                Phys::freeDMA(unsigned long, unsigned long)
                0x00000000c000f632                Phys::setPageState(unsigned long, bool)
                0x00000000c000f664                Phys::getPageState(unsigned long)
                0x00000000c000f680                Phys::freePage(unsigned long)
                0x00000000c000f70a                Phys::allocatePage()
                0x00000000c000f7d2                Phys::allowSegmentToBeUsed(unsigned long, unsigned long)
                0x00000000c000f80a                Phys::physicalMemorySetup(unsigned int)
 .text          0x00000000c000fa3a      0x273 core/pipe.32
                0x00000000c000fa3a                Pipe::isAtty()
                0x00000000c000fa3e                Pipe::~Pipe()
                0x00000000c000fa3e                Pipe::~Pipe()
                0x00000000c000fa62                Pipe::~Pipe()
                0x00000000c000fa8a                Pipe::read(unsigned long long, void*, int*)
                0x00000000c000fb7e                Pipe::write(unsigned long long, void*, int*)
                0x00000000c000fc46                Pipe::Pipe(int)
                0x00000000c000fc46                Pipe::Pipe(int)
 *fill*         0x00000000c000fcad        0x1 
 .text          0x00000000c000fcae      0xf65 core/terminal.32
                0x00000000c000fcae                VgaText::isAtty()
                0x00000000c000fcb2                VgaText::~VgaText()
                0x00000000c000fcb2                VgaText::~VgaText()
                0x00000000c000fcd6                VgaText::~VgaText()
                0x00000000c000fd00                VgaText::read(unsigned long long, void*, int*)
                0x00000000c000fd20                setTerminalScrollLock(bool)
                0x00000000c000fd21                addToTerminalCycle(VgaText*)
                0x00000000c000fd4e                installVgaTextImplementation()
                0x00000000c000fd63                scrollTerminalScrollLock(int)
                0x00000000c000fd64                VgaText::load()
                0x00000000c000fdb8                VgaText::updateCursor()
                0x00000000c000fdd2                VgaText::showCursor(bool)
                0x00000000c000fde2                VgaText::disableBlink(bool)
                0x00000000c000fe1c                VgaText::doANSI_SGR(int)
                0x00000000c000fea8                VgaText::setDefaultBgColour(VgaColour)
                0x00000000c000febe                VgaText::setDefaultFgColour(VgaColour)
                0x00000000c000fed4                VgaText::setDefaultColours(VgaColour, VgaColour)
                0x00000000c000fef4                VgaText::combineColours(unsigned char, unsigned char)
                0x00000000c000ff06                VgaText::scrollScreen()
                0x00000000c000ff9a                VgaText::combineCharAndColour(char, unsigned char)
                0x00000000c000ffac                VgaText::writeCharacter(char, VgaColour, VgaColour, int, int)
                0x00000000c001000c                VgaText::getCursorX()
                0x00000000c0010018                VgaText::getCursorY()
                0x00000000c0010024                VgaText::setCursor(int, int)
                0x00000000c0010042                VgaText::setCursorX(int)
                0x00000000c001005e                VgaText::setCursorY(int)
                0x00000000c001007a                VgaText::incrementCursor(bool)
                0x00000000c00100e2                VgaText::updateRAMUsageDisplay(int)
                0x00000000c001013c                VgaText::updateDiskUsage()
                0x00000000c00102a2                VgaText::updateTitle()
                0x00000000c00102e8                VgaText::setTitleTextColour(VgaColour)
                0x00000000c00102f8                VgaText::setTitleColour(VgaColour)
                0x00000000c0010308                VgaText::setTitle(char*)
                0x00000000c001032e                VgaText::decrementCursor(bool)
                0x00000000c0010356                VgaText::putchar(char, VgaColour, VgaColour)
                0x00000000c0010452                VgaText::isShowingCursor()
                0x00000000c001045e                VgaText::isBlinkDisabled()
                0x00000000c001046c                VgaText::setCursorHeight(int)
                0x00000000c001048a                VgaText::getCursorHeight()
                0x00000000c0010495                setActiveTerminal(VgaText*)
                0x00000000c0010547                doTerminalCycle()
                0x00000000c0010564                VgaText::doUpdate()
                0x00000000c0010576                VgaText::puts(char const*, VgaColour, VgaColour)
                0x00000000c0010736                VgaText::clearScreen()
                0x00000000c001079a                VgaText::putchar(char)
                0x00000000c00108b4                VgaText::puts(char const*)
                0x00000000c00108da                VgaText::putx(unsigned int)
                0x00000000c0010920                VgaText::VgaText(char const*)
                0x00000000c0010920                VgaText::VgaText(char const*)
                0x00000000c0010ab2                VgaText::receiveKey(unsigned char)
                0x00000000c0010b9a                VgaText::write(unsigned long long, void*, int*)
                0x00000000c0010bee                newTerminal(char*)
 *fill*         0x00000000c0010c13        0x1 
 .text          0x00000000c0010c14      0x18f core/tss.32
                0x00000000c0010c14                TSS::TSS()
                0x00000000c0010c14                TSS::TSS()
                0x00000000c0010c22                TSS::setESP(unsigned long)
                0x00000000c0010c34                TSS::flush()
                0x00000000c0010c54                TSS::setup(unsigned long, unsigned long)
 *fill*         0x00000000c0010da3        0x1 
 .text          0x00000000c0010da4      0x482 core/unixfile.32
                0x00000000c0010da4                ReservedFilename::read(unsigned long long, void*, int*)
                0x00000000c0010dfa                ReservedFilename::isAtty()
                0x00000000c0010e16                ReservedFilename::write(unsigned long long, void*, int*)
                0x00000000c0010e74                UnixFile::getFileDescriptor()
                0x00000000c0010e7c                UnixFile::UnixFile(int)
                0x00000000c0010e7c                UnixFile::UnixFile(int)
                0x00000000c0010fec                ReservedFilename::ReservedFilename(int)
                0x00000000c0010fec                ReservedFilename::ReservedFilename(int)
                0x00000000c001101e                UnixFile::~UnixFile()
                0x00000000c001101e                UnixFile::~UnixFile()
                0x00000000c00110b6                UnixFile::~UnixFile()
                0x00000000c00110de                ReservedFilename::~ReservedFilename()
                0x00000000c00110de                ReservedFilename::~ReservedFilename()
                0x00000000c0011102                ReservedFilename::~ReservedFilename()
                0x00000000c0011129                getFromFileDescriptor(int)
 .text          0x00000000c0011226      0xec7 core/virtmgr.32
                0x00000000c0011226                Virt::setPageState(unsigned long, Virt::VirtPageState)
                0x00000000c001125b                Virt::getPageState(unsigned long)
                0x00000000c001127f                Virt::allocateKernelVirtualPages(int)
                0x00000000c0011390                Virt::virtualMemorySetup()
                0x00000000c001140f                Virt::getAKernelVAS()
                0x00000000c0011415                Virt::setupPageSwapping(int)
                0x00000000c001153a                VAS::VAS()
                0x00000000c001153a                VAS::VAS()
                0x00000000c001156a                VAS::VAS(VAS*)
                0x00000000c001156a                VAS::VAS(VAS*)
                0x00000000c001158e                VAS::getForeignPageTableEntry(bool, unsigned long)
                0x00000000c00115ba                VAS::getPageTableEntry(unsigned long)
                0x00000000c00115d9                Virt::freeKernelVirtualPages(unsigned long)
                0x00000000c00116fc                VAS::freeAllocatedPages(unsigned long)
                0x00000000c0011720                VAS::virtualToPhysical(unsigned long)
                0x00000000c0011738                VAS::reflagRange(unsigned long, int, int, int)
                0x00000000c0011778                VAS::setToWriteCombining(unsigned long, int)
                0x00000000c00117b0                VAS::mapOtherVASIn(bool, VAS*)
                0x00000000c00117e6                VAS::~VAS()
                0x00000000c00117e6                VAS::~VAS()
                0x00000000c0011952                VAS::mapPage(unsigned long, unsigned long, int)
                0x00000000c0011a52                VAS::allocatePages(int, int)
                0x00000000c0011c22                VAS::setCPUSpecific(unsigned long)
                0x00000000c0011c3e                VAS::mapRange(unsigned long, unsigned long, int, int)
                0x00000000c0011d08                VAS::mapForeignPage(bool, VAS*, unsigned long, unsigned long, int)
                0x00000000c0011df6                VAS::VAS(bool)
                0x00000000c0011df6                VAS::VAS(bool)
                0x00000000c0012026                mapVASFirstTime
 .text          0x00000000c00120ed       0x93 coreobjs/c++.32
                0x00000000c00120ed                __cxa_atexit
                0x00000000c00120f0                __cxa_finalize
                0x00000000c00120f1                __stack_chk_fail
                0x00000000c0012151                __cxa_pure_virtual
                0x00000000c0012162                operator new(unsigned long)
                0x00000000c0012167                operator new[](unsigned long)
                0x00000000c001216c                operator delete(void*)
                0x00000000c0012171                operator delete(void*, unsigned long)
                0x00000000c0012176                operator delete[](void*)
                0x00000000c001217b                operator delete[](void*, unsigned long)
 .text          0x00000000c0012180      0x1ef dbg/kconsole.32
                0x00000000c0012180                Dbg::stringifyxWithBase(unsigned int, char*, int)
                0x00000000c00121e1                Dbg::logc(char)
                0x00000000c00121f8                Dbg::logs(char*)
                0x00000000c0012215                Dbg::logWriteInt(unsigned int)
                0x00000000c0012232                Dbg::logWriteIntBase(unsigned int, int)
                0x00000000c0012251                Dbg::kprintf(char const*, ...)
 *fill*         0x00000000c001236f        0x1 
 .text          0x00000000c0012370      0xb68 fs/vfs.32
                0x00000000c0012370                File::read(unsigned long long, void*, int*)
                0x00000000c00123c8                File::write(unsigned long long, void*, int*)
                0x00000000c0012420                Directory::read(unsigned long long, void*, int*)
                0x00000000c0012478                Directory::write(unsigned long long, void*, int*)
                0x00000000c00124a6                File::isAtty()
                0x00000000c00124aa                Directory::isAtty()
                0x00000000c00124ae                Filesystem::getlabel(LogicalDisk*, int, char*, unsigned int*)
                0x00000000c00124b4                Filesystem::setlabel(LogicalDisk*, int, char*)
                0x00000000c00124ba                File::~File()
                0x00000000c00124ba                File::~File()
                0x00000000c00124de                File::~File()
                0x00000000c0012508                Directory::~Directory()
                0x00000000c0012508                Directory::~Directory()
                0x00000000c001252c                Directory::~Directory()
                0x00000000c0012556                Filesystem::Filesystem()
                0x00000000c0012556                Filesystem::Filesystem()
                0x00000000c001257a                Filesystem::~Filesystem()
                0x00000000c001257a                Filesystem::~Filesystem()
                0x00000000c0012588                Filesystem::~Filesystem()
                0x00000000c00125ac                initVFS()
                0x00000000c00125d6                standardiseFiles(char*, char const*, char const*)
                0x00000000c0012780                File::File(char const*, Process*)
                0x00000000c0012780                File::File(char const*, Process*)
                0x00000000c00127e4                File::open(FileOpenMode)
                0x00000000c0012842                File::close()
                0x00000000c00128a2                File::seek(unsigned long long)
                0x00000000c00128f8                File::tell(unsigned long long*)
                0x00000000c0012948                File::rewind()
                0x00000000c001295c                File::unlink()
                0x00000000c00129a8                File::rename(char const*)
                0x00000000c00129f6                File::chfatattr(unsigned char, unsigned char)
                0x00000000c0012a52                File::exists()
                0x00000000c0012a90                File::stat(unsigned long long*, bool*)
                0x00000000c0012af1                getcwd(Process*, char*, int)
                0x00000000c0012b1b                setcwd(Process*, char*)
                0x00000000c0012c42                Directory::Directory(char const*, Process*)
                0x00000000c0012c42                Directory::Directory(char const*, Process*)
                0x00000000c0012ca6                Directory::open()
                0x00000000c0012d02                Directory::close()
                0x00000000c0012d62                Directory::unlink()
                0x00000000c0012dae                Directory::rename(char const*)
                0x00000000c0012dfc                Directory::exists()
                0x00000000c0012e3a                Directory::read(dirent*)
                0x00000000c0012e86                Directory::create()
                0x00000000c0012ed2                Filesystem::chfatattr(char const*, unsigned char, unsigned char)
 .text          0x00000000c0012ed8       0x84 hal/bus.32
                0x00000000c0012ed8                Bus::Bus(char const*)
                0x00000000c0012ed8                Bus::Bus(char const*)
                0x00000000c0012f0e                Bus::~Bus()
                0x00000000c0012f0e                Bus::~Bus()
                0x00000000c0012f32                Bus::~Bus()
 .text          0x00000000c0012f5c      0x14e hal/buzzer.32
                0x00000000c0012f5c                Buzzer::Buzzer(char const*)
                0x00000000c0012f5c                Buzzer::Buzzer(char const*)
                0x00000000c0012fa0                Buzzer::~Buzzer()
                0x00000000c0012fa0                Buzzer::~Buzzer()
                0x00000000c0012fc4                Buzzer::~Buzzer()
                0x00000000c0012fee                Buzzer::stop()
                0x00000000c0013001                beepThread(void*)
                0x00000000c001303c                Buzzer::beep(int, int, bool)
 .text          0x00000000c00130aa      0x42f hal/clock.32
                0x00000000c00130aa                loadClockSettings()
                0x00000000c00130c4                Clock::Clock(char const*)
                0x00000000c00130c4                Clock::Clock(char const*)
                0x00000000c00130fa                Clock::~Clock()
                0x00000000c00130fa                Clock::~Clock()
                0x00000000c001311e                Clock::~Clock()
                0x00000000c0013148                Clock::timeInSecondsLocal()
                0x00000000c0013190                Clock::setTimeInSecondsLocal(unsigned long long)
                0x00000000c00131e9                datetimeToSeconds(datetime_t)
                0x00000000c0013310                Clock::setTimeInDatetimeLocal(datetime_t)
                0x00000000c0013370                secondsToDatetime(unsigned long long)
                0x00000000c00134b4                Clock::timeInDatetimeLocal()
 *fill*         0x00000000c00134d9        0x1 
 .text          0x00000000c00134da      0x504 hal/device.32
                0x00000000c00134da                Device::hibernate()
                0x00000000c00134dc                Device::wake()
                0x00000000c00134de                Device::detect()
                0x00000000c00134e0                Device::disableLegacy()
                0x00000000c00134e2                Device::powerSaving(PowerSavingLevel)
                0x00000000c00134e4                DriverlessDevice::close(int, int, void*)
                0x00000000c00134e8                DriverlessDevice::detect()
                0x00000000c00134ea                DriverlessDevice::open(int, int, void*)
                0x00000000c00134fe                Device::~Device()
                0x00000000c00134fe                Device::~Device()
                0x00000000c001350c                Device::~Device()
                0x00000000c0013534                Device::findAndLoadDriver()
                0x00000000c0013536                Device::preOpenPCI(PCIDeviceInfo)
                0x00000000c001355c                Device::preOpenACPI(void*, char*, char*)
                0x00000000c00135b0                Device::addIRQHandler(int, void (*)(regs*, void*), bool, void*)
                0x00000000c001360e                Device::removeIRQHandler(int, void (*)(regs*, void*), bool)
                0x00000000c001365c                Device::addChild(Device*)
                0x00000000c00136a0                Device::removeAllChildren()
                0x00000000c00136e6                Device::hibernateAll()
                0x00000000c0013716                Device::wakeAll()
                0x00000000c0013746                Device::detectAll()
                0x00000000c0013776                Device::disableLegacyAll()
                0x00000000c00137a6                Device::loadDriversForAll()
                0x00000000c00137d2                Device::closeAll()
                0x00000000c0013808                Device::powerSavingAll(PowerSavingLevel)
                0x00000000c001383e                Device::setName(char const*)
                0x00000000c001384c                Device::Device(char const*)
                0x00000000c001384c                Device::Device(char const*)
                0x00000000c001393e                Device::getName()
                0x00000000c0013948                DriverlessDevice::DriverlessDevice(char const*)
                0x00000000c0013948                DriverlessDevice::DriverlessDevice(char const*)
                0x00000000c0013970                Device::addToLinkedList(LinkedList<Device>&, DeviceType)
                0x00000000c00139b4                getDevicesOfType(DeviceType)
 .text          0x00000000c00139de       0x84 hal/diskctrl.32
                0x00000000c00139de                HardDiskController::HardDiskController(char const*)
                0x00000000c00139de                HardDiskController::HardDiskController(char const*)
                0x00000000c0013a14                HardDiskController::~HardDiskController()
                0x00000000c0013a14                HardDiskController::~HardDiskController()
                0x00000000c0013a38                HardDiskController::~HardDiskController()
 .text          0x00000000c0013a62       0xde hal/diskphys.32
                0x00000000c0013a62                PhysicalDisk::PhysicalDisk(char const*, int)
                0x00000000c0013a62                PhysicalDisk::PhysicalDisk(char const*, int)
                0x00000000c0013aca                PhysicalDisk::startCache()
                0x00000000c0013af2                PhysicalDisk::~PhysicalDisk()
                0x00000000c0013af2                PhysicalDisk::~PhysicalDisk()
                0x00000000c0013b16                PhysicalDisk::~PhysicalDisk()
 .text          0x00000000c0013b40      0x142 hal/fpu.32
                0x00000000c0013b40                FPU::FPU(char const*)
                0x00000000c0013b40                FPU::FPU(char const*)
                0x00000000c0013b76                FPU::~FPU()
                0x00000000c0013b76                FPU::~FPU()
                0x00000000c0013b9a                FPU::~FPU()
                0x00000000c0013bc4                setupFPU()
 .text          0x00000000c0013c82     0x2969 hal/intctrl.32
                0x00000000c0013c82                InterruptController::uninstallISRHandler(int, void (*)(regs*, void*))
                0x00000000c0013cba                InterruptController::installISRHandler(int, void (*)(regs*, void*), void*)
                0x00000000c0013d0c                doubleFault(regs*, void*)
                0x00000000c0013d26                InterruptController::installIRQHandler(int, void (*)(regs*, void*), bool, void*)
                0x00000000c0013dc2                InterruptController::clearAllHandlers(int, bool)
                0x00000000c0013e6a                InterruptController::uninstallIRQHandler(int, void (*)(regs*, void*), bool)
                0x00000000c0013ef1                nmiHandler(regs*, void*)
                0x00000000c0013eff                int_handler
                0x00000000c0013f9a                InterruptController::InterruptController(char const*)
                0x00000000c0013f9a                InterruptController::InterruptController(char const*)
                0x00000000c0014040                InterruptController::~InterruptController()
                0x00000000c0014040                InterruptController::~InterruptController()
                0x00000000c0014064                InterruptController::~InterruptController()
                0x00000000c001408e                displayDebugInfo(regs*)
                0x00000000c00144a5                x87EmulHandler(regs*, void*)
                0x00000000c00144ed                gpFault(regs*, void*)
                0x00000000c0014526                pgFault(regs*, void*)
                0x00000000c001453d                otherISRHandler(regs*, void*)
                0x00000000c001455c                opcodeFault(regs*, void*)
                0x00000000c0014b15                displayProgramFault(char const*)
                0x00000000c0014b3d                fpuFloatToLong(_Float80)
                0x00000000c0014b51                fpuULongToFloat(unsigned long long)
                0x00000000c0014b74                fpuLongToFloat(long long)
                0x00000000c0014b97                fpuGet0()
                0x00000000c0014bab                fpuGet1()
                0x00000000c0014bbf                fpuGetPi()
                0x00000000c0014bd3                fpuGetLog2E()
                0x00000000c0014be7                fpuGetLogE2()
                0x00000000c0014bfb                fpuGetLog210()
                0x00000000c0014c0f                fpuGetLog102()
                0x00000000c0014c23                fpuIsSecondLarger(_Float80, _Float80)
                0x00000000c0014c44                fpuAreEqual(_Float80, _Float80)
                0x00000000c0014c65                fpuUnorderedCompare(_Float80, _Float80)
                0x00000000c0014cda                fpuNormalise(_Float80)
                0x00000000c0014cee                fpuAdd(_Float80, _Float80)
                0x00000000c0014d19                fpuAbs(_Float80)
                0x00000000c0014d4f                fpuChs(_Float80)
                0x00000000c0014d69                fpuSub(_Float80, _Float80)
                0x00000000c0014d9e                fpuReverseSub(_Float80, _Float80)
                0x00000000c0014dd3                fpuMultiply(_Float80, _Float80)
                0x00000000c0014dfe                fpuMantissaDivision(unsigned long long, unsigned long long)
                0x00000000c0014ed7                fpuDivide(_Float80, _Float80)
                0x00000000c0014f02                fpuReciprocal(_Float80)
                0x00000000c0014f36                fpuSquare(_Float80)
                0x00000000c0014f5d                fpuInverseSqrt(_Float80)
                0x00000000c0014f71                fpuSqrt(_Float80)
                0x00000000c0014fb7                fpuGetReg(int)
                0x00000000c0015011                fpuSetReg(int, _Float80)
                0x00000000c0015062                fpuInternalTo32(_Float80)
                0x00000000c0015076                fpuInternalTo64(_Float80)
                0x00000000c001508a                fpu32ToInternal(unsigned int)
                0x00000000c00150c9                fpu64ToInternal(unsigned long long)
                0x00000000c0015119                fpuPush(_Float80)
                0x00000000c0015176                fpuPop()
                0x00000000c00151d5                x87Handler(regs*)
                0x00000000c00161a4                setupInterruptController()
                0x00000000c001655c                InterruptController::convertLegacyIRQNumber(int)
 *fill*         0x00000000c00165eb        0x1 
 .text          0x00000000c00165ec      0x620 hal/keybrd.32
                0x00000000c00165ec                startGUI(void*)
                0x00000000c001665e                sendKeyToTerminal(unsigned char)
                0x00000000c00166ca                sendKeyboardToken(KeyboardToken)
                0x00000000c0016aa5                clearInternalKeybuffer(VgaText*)
                0x00000000c0016ada                readKeyboard(VgaText*, char*, unsigned long)
                0x00000000c0016b82                Keyboard::Keyboard(char const*)
                0x00000000c0016b82                Keyboard::Keyboard(char const*)
                0x00000000c0016bbe                Keyboard::~Keyboard()
                0x00000000c0016bbe                Keyboard::~Keyboard()
                0x00000000c0016be2                Keyboard::~Keyboard()
 .text          0x00000000c0016c0c      0x400 hal/logidisk.32
                0x00000000c0016c0c                LogicalDisk::close(int, int, void*)
                0x00000000c0016c10                LogicalDisk::~LogicalDisk()
                0x00000000c0016c10                LogicalDisk::~LogicalDisk()
                0x00000000c0016c34                LogicalDisk::~LogicalDisk()
                0x00000000c0016c5e                LogicalDisk::open(int, int, void*)
                0x00000000c0016c72                LogicalDisk::absoluteToRelative(unsigned long long)
                0x00000000c0016caa                LogicalDisk::relativeToAbsolute(unsigned long long)
                0x00000000c0016cf0                LogicalDisk::LogicalDisk(char const*, PhysicalDisk*, unsigned long long, unsigned long long)
                0x00000000c0016cf0                LogicalDisk::LogicalDisk(char const*, PhysicalDisk*, unsigned long long, unsigned long long)
                0x00000000c0016da6                LogicalDisk::assignDriveLetter()
                0x00000000c0016e5c                LogicalDisk::mount()
                0x00000000c0016ece                LogicalDisk::unmount()
                0x00000000c0016ede                LogicalDisk::unassignDriveLetter()
                0x00000000c0016f34                LogicalDisk::read(unsigned long long, int, void*)
                0x00000000c0016fa0                LogicalDisk::write(unsigned long long, int, void*)
 .text          0x00000000c001700c       0x84 hal/mouse.32
                0x00000000c001700c                Mouse::Mouse(char const*)
                0x00000000c001700c                Mouse::Mouse(char const*)
                0x00000000c0017042                Mouse::~Mouse()
                0x00000000c0017042                Mouse::~Mouse()
                0x00000000c0017066                Mouse::~Mouse()
 .text          0x00000000c0017090      0x339 hal/partition.32
                0x00000000c0017090                makePartition(PhysicalDisk*, unsigned long long, unsigned long long)
                0x00000000c0017138                createPartitionsForDisk(PhysicalDisk*)
 *fill*         0x00000000c00173c9        0x1 
 .text          0x00000000c00173ca      0x2e7 hal/timer.32
                0x00000000c00173ca                Timer::Timer(char const*)
                0x00000000c00173ca                Timer::Timer(char const*)
                0x00000000c0017400                Timer::~Timer()
                0x00000000c0017400                Timer::~Timer()
                0x00000000c0017424                Timer::~Timer()
                0x00000000c001744e                Timer::read()
                0x00000000c0017459                timerHandler(unsigned long long)
                0x00000000c0017590                setupTimer(int)
 *fill*         0x00000000c00176b1        0x1 
 .text          0x00000000c00176b2      0x2d1 hal/vcache.32
                0x00000000c00176b2                VCache::VCache(PhysicalDisk*)
                0x00000000c00176b2                VCache::VCache(PhysicalDisk*)
                0x00000000c00177a2                VCache::writeWriteBuffer()
                0x00000000c00177de                VCache::~VCache()
                0x00000000c00177de                VCache::~VCache()
                0x00000000c001781e                VCache::~VCache()
                0x00000000c0017846                VCache::write(unsigned long long, int, void*)
                0x00000000c001792a                VCache::read(unsigned long long, int, void*)
 *fill*         0x00000000c0017983        0x1 
 .text          0x00000000c0017984      0x26d hal/video.32
                0x00000000c0017984                Video::putrect(int, int, int, int, unsigned int)
                0x00000000c00179ce                Video::blit(unsigned int*, int, int, int, int)
                0x00000000c0017a4c                Video::clearScreen(unsigned int)
                0x00000000c0017a80                Video::putpixel(int, int, unsigned int)
                0x00000000c0017a8e                Video::Video(char const*)
                0x00000000c0017a8e                Video::Video(char const*)
                0x00000000c0017ac4                Video::~Video()
                0x00000000c0017ac4                Video::~Video()
                0x00000000c0017ae8                Video::~Video()
                0x00000000c0017b12                Video::isMonochrome()
                0x00000000c0017b1e                Video::getWidth()
                0x00000000c0017b2a                Video::getHeight()
                0x00000000c0017b36                Video::drawCursor(int, int, unsigned char*, int)
 *fill*         0x00000000c0017bf1        0x1 
 .text          0x00000000c0017bf2      0xd04 hw/acpi.32
                0x00000000c0017bf2                ACPI::close(int, int, void*)
                0x00000000c0017ca7                findRSDP()
                0x00000000c0017d31                loadACPITables(unsigned char*)
                0x00000000c0017f58                findRSDT(unsigned char*)
                0x00000000c0018076                findDataTable(unsigned char*, char*)
                0x00000000c0018112                scanMADT()
                0x00000000c00184a6                ACPI::ACPI()
                0x00000000c00184a6                ACPI::ACPI()
                0x00000000c0018506                ACPI::getPCIIRQAssignment(unsigned char, unsigned short, unsigned char)
                0x00000000c00185e8                ACPI::registerPCIIRQAssignment(void*, unsigned short, unsigned char, unsigned char)
                0x00000000c00186ee                ACPI::setScreenBrightnessLevel(void*, int)
                0x00000000c00186f4                ACPI::writeSimpleBootFlag(SimpleBootFlagTable*)
                0x00000000c001873c                ACPI::open(int, int, void*)
                0x00000000c00188de                ACPI::sleep()
 .text          0x00000000c00188f6     0x17a6 hw/cpu.32
                0x00000000c00188f6                CPU::close(int, int, void*)
                0x00000000c00188f9                lookupAMDCPUName(unsigned char, unsigned char)
                0x00000000c0018a8d                lookupIntelCPUName(unsigned char, unsigned char)
                0x00000000c0018d3b                AMD_K6_write_msr(unsigned int, unsigned int, unsigned int, REGS*)
                0x00000000c0018d57                AMD_K6_read_msr(unsigned int, REGS*)
                0x00000000c0018d6f                AMD_K6_writeback(int, int, int)
                0x00000000c0018de2                cpuid(int, unsigned long*, unsigned long*, unsigned long*, unsigned long*)
                0x00000000c0018e65                cpuidCheckEDX(unsigned int)
                0x00000000c0018e92                cpuidCheckECX(unsigned int)
                0x00000000c0018ebf                cpuidCheckExtendedEBX(unsigned int)
                0x00000000c0018eec                cpuidCheckExtendedECX(unsigned int)
                0x00000000c0018f19                getCPUNumber()
                0x00000000c0018f1c                thisCPU()
                0x00000000c0018f30                CPU::CPU()
                0x00000000c0018f30                CPU::CPU()
                0x00000000c0018fbe                CPU::displayFeatures()
                0x00000000c001923a                CPU::detectFeatures()
                0x00000000c0019c2c                CPU::setupSMEP()
                0x00000000c0019c46                CPU::setupUMIP()
                0x00000000c0019c5e                CPU::setupTSC()
                0x00000000c0019c76                CPU::setupLargePages()
                0x00000000c0019c8e                CPU::setupPAT()
                0x00000000c0019cca                CPU::setupMTRR()
                0x00000000c0019ccc                CPU::setupGlobalPages()
                0x00000000c0019ce2                CPU::allowUsermodeDataAccess()
                0x00000000c0019cf4                CPU::prohibitUsermodeDataAccess()
                0x00000000c0019d06                CPU::setupSMAP()
                0x00000000c0019d2c                CPU::setupFeatures()
                0x00000000c0019dce                CPU::open(int, int, void*)
                0x00000000c0019ea4                CPU::decodeAddress(regs*, int*, bool*, unsigned char*)
 .text          0x00000000c001a09c        0x0 hw/ports.32
 .text          0x00000000c001a09c      0x338 krnl/panic.32
                0x00000000c001a09c                Krnl::panic(char const*)
 .text          0x00000000c001a3d4      0x503 reg/registry.32
                0x00000000c001a3d4                Reg::findLineFromLoadedData(char*, char*, char*)
                0x00000000c001a52c                Reg::getLineFromRegistry(char*, char*, char*, char*)
                0x00000000c001a68b                Reg::getLine(char*, char*, char*)
                0x00000000c001a6c2                Reg::readInt(char*, char*, int*)
                0x00000000c001a7ad                Reg::readString(char*, char*, char*, int)
                0x00000000c001a82e                Reg::readBool(char*, char*, bool*)
                0x00000000c001a853                Reg::readBoolWithDefault(char*, char*, bool)
                0x00000000c001a87f                Reg::readIntWithDefault(char*, char*, int)
                0x00000000c001a8ab                Reg::readStringWithDefault(char*, char*, char*, int, char*)
 .text          0x00000000c001a8d7       0x18 sys/sc_exit.32
                0x00000000c001a8d7                Sys::exit(regs*)
 .text          0x00000000c001a8ef       0x95 sys/sc_loaddll.32
                0x00000000c001a8ef                Sys::loadDLL(regs*)
 .text          0x00000000c001a984       0x68 sys/sc_read.32
                0x00000000c001a984                Sys::read(regs*)
 .text          0x00000000c001a9ec       0x55 sys/sc_sbrk.32
                0x00000000c001a9ec                Sys::sbrk(regs*)
 .text          0x00000000c001aa41       0x68 sys/sc_write.32
                0x00000000c001aa41                Sys::write(regs*)
 .text          0x00000000c001aaa9       0x1a sys/sc_yield.32
                0x00000000c001aaa9                Sys::yield(regs*)
 .text          0x00000000c001aac3      0xf85 sys/syscalls.32
                0x00000000c001aac3                sysCallGetPID(regs*)
                0x00000000c001aacf                sysCallSeekDir(regs*)
                0x00000000c001aad4                sysCallTellDir(regs*)
                0x00000000c001aad9                sysCallVerify(regs*)
                0x00000000c001aae3                sysCallFork(regs*)
                0x00000000c001aaee                sysCallExecve(regs*)
                0x00000000c001aaf9                sysCallGetArgc(regs*)
                0x00000000c001ab09                sysFormatDisk(regs*)
                0x00000000c001ab73                sysSetDiskVolumeLabel(regs*)
                0x00000000c001abb9                sysGetDiskVolumeLabel(regs*)
                0x00000000c001ac0a                sysShutdown(regs*)
                0x00000000c001ac68                sysCallGetCwd(regs*)
                0x00000000c001ac87                sysCallSetCwd(regs*)
                0x00000000c001aca3                sysCallRealpath(regs*)
                0x00000000c001ace6                sysCallReadDir(regs*)
                0x00000000c001ad74                sysCallIsATTY(regs*)
                0x00000000c001adce                sysCallSeek(regs*)
                0x00000000c001ae37                sysCallTell(regs*)
                0x00000000c001aeb4                sysCallSizeFromFilename(regs*)
                0x00000000c001af65                sysCallSize(regs*)
                0x00000000c001afe8                sysCallClose(regs*)
                0x00000000c001b070                sysCallOpenDir(regs*)
                0x00000000c001b0dd                sysCallMakeDir(regs*)
                0x00000000c001b136                sysCallCloseDir(regs*)
                0x00000000c001b19c                sysCallWait(regs*)
                0x00000000c001b1b6                sysCallRmdir(regs*)
                0x00000000c001b208                sysCallUnlink(regs*)
                0x00000000c001b25a                sysCallGetArgv(regs*)
                0x00000000c001b2a6                sysCallTTYName(regs*)
                0x00000000c001b329                sysCallGetEnv(regs*)
                0x00000000c001b37b                sysCallUSleep(regs*)
                0x00000000c001b3a2                sysCallSpawn(regs*)
                0x00000000c001b3fa                sysAppSettings(regs*)
                0x00000000c001b519                sysSetFatAttrib(regs*)
                0x00000000c001b579                sysPanic(regs*)
                0x00000000c001b59f                sysPipe(regs*)
                0x00000000c001b5e4                sysGetUnixTime(regs*)
                0x00000000c001b5f8                string_ends_with(char const*, char const*)
                0x00000000c001b640                sysCallOpen(regs*)
                0x00000000c001b84d                setupSystemCalls()
                0x00000000c001ba06                systemCall(regs*, void*)
 .text          0x00000000c001ba48     0x11c7 thr/elf.32
                0x00000000c001ba48                Thr::allocateMemoryForTask(Process*, File*, unsigned long, unsigned long, unsigned long)
                0x00000000c001bcc5                Thr::loadProgramIntoMemory(Process*, char const*)
                0x00000000c001bedb                Thr::runtimeReferenceHelper()
                0x00000000c001beee                Thr::getAddressOfKernelSymbol(char const*)
                0x00000000c001bf3d                Thr::loadKernelSymbolTable(char const*)
                0x00000000c001c1fe                Thr::loadDriverIntoMemory(char const*, unsigned long, bool)
                0x00000000c001c99c                Thr::getDriverBaseFromAddress(unsigned long)
                0x00000000c001c9ce                Thr::getDriverNameFromAddress(unsigned long)
                0x00000000c001ca05                Thr::getDriverOffsetFromAddress(unsigned long)
                0x00000000c001ca1f                Thr::loadDLL(char const*, bool)
                0x00000000c001cbe5                Thr::executeDLL(unsigned long, void*)
 *fill*         0x00000000c001cc0f        0x1 
 .text          0x00000000c001cc10      0xfce thr/prcssthr.32
                0x00000000c001cc10                changeTSS
                0x00000000c001cc3e                Process::addArgs(char**)
                0x00000000c001cc98                Process::Process(char const*, Process*, char**)
                0x00000000c001cc98                Process::Process(char const*, Process*, char**)
                0x00000000c001ce50                Process::Process(bool, char const*, Process*, char**)
                0x00000000c001ce50                Process::Process(bool, char const*, Process*, char**)
                0x00000000c001cfd3                disableIRQs()
                0x00000000c001cfdb                getIRQNestingLevel()
                0x00000000c001cfe1                enableIRQs()
                0x00000000c001cff0                lockScheduler()
                0x00000000c001cff2                unlockScheduler()
                0x00000000c001cff4                userModeEntryPoint(void*)
                0x00000000c001d017                lockStuff()
                0x00000000c001d023                taskStartupFunction
                0x00000000c001d02c                updateTimeUsed()
                0x00000000c001d08a                switchToThread(ThreadControlBlock*)
                0x00000000c001d0da                Semaphore::Semaphore(int)
                0x00000000c001d0da                Semaphore::Semaphore(int)
                0x00000000c001d108                Mutex::Mutex()
                0x00000000c001d108                Mutex::Mutex()
                0x00000000c001d11a                Process::createThread(void (*)(void*), void*, int)
                0x00000000c001d1fe                Process::createUserThread()
                0x00000000c001d21a                setupMultitasking(void (*)())
                0x00000000c001d324                schedule()
                0x00000000c001d3a9                unlockStuff()
                0x00000000c001d3de                Semaphore::tryAcquire()
                0x00000000c001d40c                Semaphore::assertLocked(char const*)
                0x00000000c001d43c                blockTaskWithSchedulerLockAlreadyHeld(TaskState)
                0x00000000c001d47e                blockTask(TaskState)
                0x00000000c001d49f                waitTask(int, int*, int)
                0x00000000c001d4e1                nanoSleepUntil(unsigned long long)
                0x00000000c001d538                nanoSleep(unsigned long long)
                0x00000000c001d54d                sleep(unsigned long long)
                0x00000000c001d56a                Semaphore::acquire()
                0x00000000c001d5d2                taskReturned
                0x00000000c001d600                unblockTask(ThreadControlBlock*)
                0x00000000c001d6af                cleanupTerminatedTask(ThreadControlBlock*)
                0x00000000c001d953                cleanerTaskFunction(void*)
                0x00000000c001da06                terminateTask(int)
                0x00000000c001dae6                Thr::terminateFromIRQ(int)
                0x00000000c001daf2                Semaphore::release()
 .text          0x00000000c001dbde      0x8bf vm86/vm8086.32
                0x00000000c001dbde                Vm::vm8086EntryPoint(void*)
                0x00000000c001dc09                Vm::inbv(unsigned short)
                0x00000000c001dc0f                Vm::outbv(unsigned short, unsigned char)
                0x00000000c001dc19                Vm::realToLinear(unsigned short, unsigned short)
                0x00000000c001dc29                Vm::getSegment(unsigned int)
                0x00000000c001dc31                Vm::getOffset(unsigned int)
                0x00000000c001dc36                Vm::loadFileAsThread(Process*, char const*, unsigned short, unsigned short, unsigned short, unsigned short)
                0x00000000c001dd65                Vm::doISR(regs*, int, unsigned char*, unsigned short, unsigned short)
                0x00000000c001ddef                Vm::readByteFromReal(unsigned short, unsigned short)
                0x00000000c001de00                Vm::readWordFromReal(unsigned short, unsigned short)
                0x00000000c001de12                Vm::readDwordFromReal(unsigned short, unsigned short)
                0x00000000c001de23                Vm::writeByteFromReal(unsigned short, unsigned short, unsigned char)
                0x00000000c001de38                Vm::writeWordFromReal(unsigned short, unsigned short, unsigned short)
                0x00000000c001de4e                Vm::writeDwordFromReal(unsigned short, unsigned short, unsigned int)
                0x00000000c001de63                Vm::faultHandler(regs*)
 *fill*         0x00000000c001e49d        0x1 
 .text          0x00000000c001e49e     0x10ed fs/fat/vfslink.32
                0x00000000c001e49e                FAT::getName()
                0x00000000c001e4a4                FAT::tell(void*, unsigned long long*)
                0x00000000c001e4d8                FAT::stat(void*, unsigned long long*)
                0x00000000c001e50c                FAT::~FAT()
                0x00000000c001e50c                FAT::~FAT()
                0x00000000c001e530                FAT::~FAT()
                0x00000000c001e558                FAT::getlabel(LogicalDisk*, int, char*, unsigned int*)
                0x00000000c001e5f6                FAT::setlabel(LogicalDisk*, int, char*)
                0x00000000c001e6b0                FAT::format(LogicalDisk*, int, char const*, int)
                0x00000000c001e894                FAT::tryMount(LogicalDisk*, int)
                0x00000000c001ea9a                FAT::readDir(void*, unsigned long, void*, int*)
                0x00000000c001eba0                FAT::read(void*, unsigned long, void*, int*)
                0x00000000c001ebfa                FAT::write(void*, unsigned long, void*, int*)
                0x00000000c001ec54                FAT::close(void*)
                0x00000000c001eca0                FAT::closeDir(void*)
                0x00000000c001ecec                FAT::seek(void*, unsigned long long)
                0x00000000c001ed40                fatWrapperReadDisk
                0x00000000c001ed87                fatWrapperWriteDisk
                0x00000000c001edce                fatWrapperIoctl
                0x00000000c001eed2                FAT::FAT()
                0x00000000c001eed2                FAT::FAT()
                0x00000000c001ef24                FAT::fixFilepath(char*)
                0x00000000c001ef5c                FAT::open(char const*, void**, FileOpenMode)
                0x00000000c001f084                FAT::openDir(char const*, void**)
                0x00000000c001f12a                FAT::stat(char const*, unsigned long long*, bool*)
                0x00000000c001f214                FAT::unlink(char const*)
                0x00000000c001f28e                FAT::chfatattr(char const*, unsigned char, unsigned char)
                0x00000000c001f3e2                FAT::rename(char const*, char const*)
                0x00000000c001f4a6                FAT::mkdir(char const*)
                0x00000000c001f520                FAT::exists(char const*)
 *fill*         0x00000000c001f58b        0x1 
 .text          0x00000000c001f58c      0xbdf fs/iso9660/vfslink.32
                0x00000000c001f58c                ISO9660::format(LogicalDisk*, int, char const*, int)
                0x00000000c001f592                ISO9660::seek(void*, unsigned long long)
                0x00000000c001f5c2                ISO9660::tell(void*, unsigned long long*)
                0x00000000c001f5e6                ISO9660::getName()
                0x00000000c001f5ec                ISO9660::stat(void*, unsigned long long*)
                0x00000000c001f610                ISO9660::chfatattr(char const*, unsigned char, unsigned char)
                0x00000000c001f616                ISO9660::unlink(char const*)
                0x00000000c001f61c                ISO9660::write(void*, unsigned long, void*, int*)
                0x00000000c001f622                ISO9660::rename(char const*, char const*)
                0x00000000c001f628                ISO9660::mkdir(char const*)
                0x00000000c001f62e                ISO9660::close(void*)
                0x00000000c001f650                ISO9660::closeDir(void*)
                0x00000000c001f672                ISO9660::~ISO9660()
                0x00000000c001f672                ISO9660::~ISO9660()
                0x00000000c001f696                ISO9660::~ISO9660()
                0x00000000c001f6bd                __memmem(unsigned char*, int, unsigned char*, int)
                0x00000000c001f6ff                readSectorFromCDROM(unsigned int, unsigned char*, char)
                0x00000000c001f766                ISO9660::tryMount(LogicalDisk*, int)
                0x00000000c001f7b6                ISO9660::read(void*, unsigned long, void*, int*)
                0x00000000c001f9fa                ISO9660::readDir(void*, unsigned long, void*, int*)
                0x00000000c001fc87                readRoot(unsigned int*, unsigned int*, char)
                0x00000000c001fcdc                readRecursively(char*, unsigned int, unsigned int, unsigned int*, unsigned int*, char, int*)
                0x00000000c001feaf                getFileData(char*, unsigned int*, unsigned int*, char, int*)
                0x00000000c001ff3e                ISO9660::open(char const*, void**, FileOpenMode)
                0x00000000c001ffd8                ISO9660::exists(char const*)
                0x00000000c001fffc                ISO9660::stat(char const*, unsigned long long*, bool*)
                0x00000000c0020090                ISO9660::openDir(char const*, void**)
                0x00000000c0020148                ISO9660::ISO9660()
                0x00000000c0020148                ISO9660::ISO9660()
 *fill*         0x00000000c002016b        0x1 
 .text          0x00000000c002016c      0x326 hal/sound/sndchannel.32
                0x00000000c002016c                SoundChannel::~SoundChannel()
                0x00000000c002016c                SoundChannel::~SoundChannel()
                0x00000000c0020188                SoundChannel::setSpeed(float)
                0x00000000c0020194                SoundChannel::getSpeed()
                0x00000000c002019c                SoundChannel::setVolume(int)
                0x00000000c00201b8                SoundChannel::getVolume()
                0x00000000c00201c0                SoundChannel::pause()
                0x00000000c00201ca                SoundChannel::SoundChannel(int, int, int, int)
                0x00000000c00201ca                SoundChannel::SoundChannel(int, int, int, int)
                0x00000000c0020320                SoundChannel::play()
                0x00000000c002032a                SoundChannel::paused()
                0x00000000c0020332                SoundChannel::getSampleRate()
                0x00000000c002033a                SoundChannel::getBits()
                0x00000000c0020342                SoundChannel::getBufferUsed()
                0x00000000c002034a                SoundChannel::getBufferSize()
                0x00000000c0020352                SoundChannel::unbuffer(float*, int, int)
                0x00000000c00203f2                SoundChannel::buffer8(unsigned char*, int)
 .text          0x00000000c0020492      0x3d5 hal/sound/sndhw.32
                0x00000000c0020492                SoundDevice::SoundDevice(char const*)
                0x00000000c0020492                SoundDevice::SoundDevice(char const*)
                0x00000000c00204fe                SoundDevice::~SoundDevice()
                0x00000000c00204fe                SoundDevice::~SoundDevice()
                0x00000000c0020578                SoundDevice::~SoundDevice()
                0x00000000c00205a2                SoundDevice::getFreeChannelNum()
                0x00000000c00205bc                SoundDevice::addChannel(SoundChannel*)
                0x00000000c002062c                SoundDevice::removeChannel(int)
                0x00000000c002065e                SoundDevice::floatTo8(float*, unsigned char*, int)
                0x00000000c0020746                SoundDevice::getAudio(int, float*, float*)
 .text          0x00000000c0020867        0x0 hw/bus/isa.32
 *fill*         0x00000000c0020867        0x1 
 .text          0x00000000c0020868      0x6c1 hw/bus/pci.32
                0x00000000c0020868                PCI::open(int, int, void*)
                0x00000000c002087c                PCI::close(int, int, void*)
                0x00000000c0020880                PCI::PCI()
                0x00000000c0020880                PCI::PCI()
                0x00000000c0020900                PCI::pciReadWord(unsigned char, unsigned char, unsigned char, unsigned char)
                0x00000000c0020948                PCI::getVendorID(unsigned char, unsigned char, unsigned char)
                0x00000000c002096a                PCI::getHeaderType(unsigned char, unsigned char, unsigned char)
                0x00000000c002098e                PCI::getClassCode(unsigned char, unsigned char, unsigned char)
                0x00000000c00209d2                PCI::getProgIF(unsigned char, unsigned char, unsigned char)
                0x00000000c00209f6                PCI::getRevisionID(unsigned char, unsigned char, unsigned char)
                0x00000000c0020a18                PCI::getInterruptNumber(unsigned char, unsigned char, unsigned char)
                0x00000000c0020a3a                PCI::getSecondaryBus(unsigned char, unsigned char, unsigned char)
                0x00000000c0020a5e                PCI::getBARAddress(unsigned char, unsigned char, unsigned char, unsigned char)
                0x00000000c0020abe                PCI::pciWriteWord(unsigned char, unsigned char, unsigned char, unsigned char, unsigned short)
                0x00000000c0020b2a                PCI::checkBus(unsigned char)
                0x00000000c0020b4e                PCI::foundDevice(PCIDeviceInfo)
                0x00000000c0020cbe                PCI::getDeviceData(unsigned char, unsigned char, unsigned char)
                0x00000000c0020e6a                PCI::checkDevice(unsigned char, unsigned char)
                0x00000000c0020ed6                PCI::detect()
 *fill*         0x00000000c0020f29        0x1 
 .text          0x00000000c0020f2a      0xc70 hw/diskctrl/ide.32
                0x00000000c0020f2a                IDE::close(int, int, void*)
                0x00000000c0020f2e                IDE::IDE()
                0x00000000c0020f2e                IDE::IDE()
                0x00000000c0020f62                IDE::prepareInterrupt(unsigned char)
                0x00000000c0020f74                selectDrive(unsigned char, unsigned char)
                0x00000000c0020f76                IDE::getBase(unsigned char)
                0x00000000c0020f88                IDE::write(unsigned char, unsigned char, unsigned char)
                0x00000000c0021048                IDE::read(unsigned char, unsigned char)
                0x00000000c00210f6                IDE::waitInterrupt(unsigned char)
                0x00000000c002115c                ideChannel0IRQHandler(regs*, void*)
                0x00000000c0021178                ideChannel1IRQHandler(regs*, void*)
                0x00000000c0021194                IDE::enableIRQs(unsigned char, bool)
                0x00000000c00211da                IDE::open(int, int, void*)
                0x00000000c00215ea                IDE::readBuffer(unsigned char, unsigned char, unsigned int, unsigned int)
                0x00000000c00216b6                IDE::detect()
                0x00000000c002199e                IDE::printError(unsigned char, unsigned char, unsigned char)
                0x00000000c0021b34                IDE::polling(unsigned char, unsigned int)
 .text          0x00000000c0021b9a      0x62b hw/diskphys/ata.32
                0x00000000c0021b9a                ATA::close(int, int, void*)
                0x00000000c0021bbe                ATA::powerSaving(PowerSavingLevel)
                0x00000000c0021bc0                ATA::ATA()
                0x00000000c0021bc0                ATA::ATA()
                0x00000000c0021bee                ATA::flush(bool)
                0x00000000c0021c38                ATA::readyForCommand()
                0x00000000c0021c88                ATA::access(unsigned long long, int, void*, bool)
                0x00000000c0022006                ATA::read(unsigned long long, int, void*)
                0x00000000c002206e                ATA::write(unsigned long long, int, void*)
                0x00000000c00220d6                ATA::detectCHS()
                0x00000000c0022100                ATA::open(int, int, void*)
 *fill*         0x00000000c00221c5        0x1 
 .text          0x00000000c00221c6      0x5b3 hw/diskphys/atapi.32
                0x00000000c00221c6                ATAPI::write(unsigned long long, int, void*)
                0x00000000c00221cc                ATAPI::close(int, int, void*)
                0x00000000c00221f0                ATAPI::ATAPI()
                0x00000000c00221f0                ATAPI::ATAPI()
                0x00000000c002221e                ATAPI::readyForCommand()
                0x00000000c002226e                ATAPI::sendPacket(unsigned char*, int, bool, unsigned short*, int)
                0x00000000c002252e                ATAPI::diskRemoved()
                0x00000000c002254a                ATAPI::eject()
                0x00000000c0022590                ATAPI::diskInserted()
                0x00000000c00225be                ATAPI::detectMedia()
                0x00000000c002267a                ATAPI::open(int, int, void*)
                0x00000000c00226fa                ATAPI::read(unsigned long long, int, void*)
 *fill*         0x00000000c0022779        0x1 
 .text          0x00000000c002277a       0x8e hw/fpu/avx.32
                0x00000000c002277a                AVX::open(int, int, void*)
                0x00000000c002278c                AVX::close(int, int, void*)
                0x00000000c002279e                AVX::available()
                0x00000000c00227b0                AVX::save(void*)
                0x00000000c00227c8                AVX::load(void*)
                0x00000000c00227e0                AVX::AVX()
                0x00000000c00227e0                AVX::AVX()
 .text          0x00000000c0022808       0x90 hw/fpu/mmx.32
                0x00000000c0022808                MMX::available()
                0x00000000c002281c                MMX::open(int, int, void*)
                0x00000000c002282e                MMX::close(int, int, void*)
                0x00000000c0022840                MMX::save(void*)
                0x00000000c0022858                MMX::load(void*)
                0x00000000c0022870                MMX::MMX()
                0x00000000c0022870                MMX::MMX()
 .text          0x00000000c0022898       0x96 hw/fpu/sse.32
                0x00000000c0022898                SSE::open(int, int, void*)
                0x00000000c00228aa                SSE::close(int, int, void*)
                0x00000000c00228bc                SSE::available()
                0x00000000c00228d6                SSE::save(void*)
                0x00000000c00228ee                SSE::load(void*)
                0x00000000c0022906                SSE::SSE()
                0x00000000c0022906                SSE::SSE()
 .text          0x00000000c002292e       0x8e hw/fpu/x87.32
                0x00000000c002292e                x87::open(int, int, void*)
                0x00000000c0022940                x87::close(int, int, void*)
                0x00000000c0022952                x87::available()
                0x00000000c0022964                x87::save(void*)
                0x00000000c002297c                x87::load(void*)
                0x00000000c0022994                x87::x87()
                0x00000000c0022994                x87::x87()
 .text          0x00000000c00229bc      0x5f3 hw/intctrl/apic.32
                0x00000000c00229bc                APIC::disable()
                0x00000000c00229be                APIC::close(int, int, void*)
                0x00000000c00229e0                IOAPIC::close(int, int, void*)
                0x00000000c00229e6                APIC::io_wait()
                0x00000000c00229ec                APIC::getBase()
                0x00000000c0022a2e                APIC::eoi(unsigned char)
                0x00000000c0022a5c                APIC::open(int, int, void*)
                0x00000000c0022b16                IOAPIC::IOAPIC()
                0x00000000c0022b16                IOAPIC::IOAPIC()
                0x00000000c0022b3e                APIC::APIC()
                0x00000000c0022b3e                APIC::APIC()
                0x00000000c0022c0e                IOAPIC::handlesGSIWithNumber(unsigned int)
                0x00000000c0022c40                IOAPIC::read(int)
                0x00000000c0022c68                IOAPIC::open(int, int, void*)
                0x00000000c0022d5e                IOAPIC::write(int, int)
                0x00000000c0022d8a                IOAPIC::redirect(unsigned char, unsigned long long, unsigned char)
                0x00000000c0022e44                APIC::installIRQHandler(int, void (*)(regs*, void*), bool, void*)
 *fill*         0x00000000c0022faf        0x1 
 .text          0x00000000c0022fb0      0x3d3 hw/intctrl/pic.32
                0x00000000c0022fb0                PIC::disable()
                0x00000000c0022fde                PIC::close(int, int, void*)
                0x00000000c0023000                PIC::PIC()
                0x00000000c0023000                PIC::PIC()
                0x00000000c00230d6                PIC::ioWait()
                0x00000000c00230dc                PIC::getIRQReg(int)
                0x00000000c0023146                PIC::eoi(unsigned char)
                0x00000000c00231d8                PIC::remap()
                0x00000000c0023344                PIC::open(int, int, void*)
 *fill*         0x00000000c0023383        0x1 
 .text          0x00000000c0023384      0x252 hw/timer/apictimer.32
                0x00000000c0023384                APICTimer::close(int, int, void*)
                0x00000000c002338a                apicTimerHandler(regs*, void*)
                0x00000000c00233b8                APICTimer::write(int)
                0x00000000c00234b6                APICTimer::open(int, int, void*)
                0x00000000c00235ae                APICTimer::APICTimer()
                0x00000000c00235ae                APICTimer::APICTimer()
 .text          0x00000000c00235d6      0x1a7 hw/timer/pit.32
                0x00000000c00235d6                PIT::write(int)
                0x00000000c0023654                pitHandler(regs*, void*)
                0x00000000c0023680                PIT::open(int, int, void*)
                0x00000000c00236ce                PIT::close(int, int, void*)
                0x00000000c00236fe                PIT::PIT()
                0x00000000c00236fe                PIT::PIT()
 *fill*         0x00000000c002377d        0x3 
 .text          0x00000000c0023780        0xa hw/fpu/x86/avx.32
                0x00000000c0023780                avxDetect
                0x00000000c0023786                avxSave
                0x00000000c0023787                avxLoad
                0x00000000c0023788                avxInit
                0x00000000c0023789                avxClose
 *fill*         0x00000000c002378a        0x6 
 .text          0x00000000c0023790       0x38 hw/fpu/x86/sse.32
                0x00000000c0023790                sseDetect
                0x00000000c00237ab                sseSave
                0x00000000c00237b1                sseLoad
                0x00000000c00237b7                sseInit
                0x00000000c00237c7                sseClose
 *fill*         0x00000000c00237c8        0x8 
 .text          0x00000000c00237d0       0x47 hw/fpu/x86/x87.32
                0x00000000c00237d6                x87Detect
                0x00000000c00237f1                x87Save
                0x00000000c00237f7                x87Load
                0x00000000c00237fc                x87Init
                0x00000000c0023816                x87Close
 *fill*         0x00000000c0023817        0x1 
 .text          0x00000000c0023818       0x25 /cygdrive/d/Users/Alex/Desktop/Toolchain/Output/bin/../lib/gcc/i386-banana/8.1.0/crtend.o
 .text          0x00000000c002383d        0x0 crtn.32
 *fill*         0x00000000c002383d        0x3 
 .text          0x00000000c0023840       0x50 /cygdrive/d/Users/Alex/Desktop/Toolchain/Output/bin/../lib/gcc/i386-banana/8.1.0/libkgcc.a(_fixdfdi.o)
                0x00000000c0023840                __fixdfdi
 .text          0x00000000c0023890       0x71 /cygdrive/d/Users/Alex/Desktop/Toolchain/Output/bin/../lib/gcc/i386-banana/8.1.0/libkgcc.a(_fixunsdfdi.o)
                0x00000000c0023890                __fixunsdfdi
 *fill*         0x00000000c0023901        0x3 
 .text          0x00000000c0023904       0x2d /cygdrive/d/Users/Alex/Desktop/Toolchain/Output/bin/../lib/gcc/i386-banana/8.1.0/libkgcc.a(_floatdidf.o)
                0x00000000c0023904                __floatdidf
 *fill*         0x00000000c0023931        0x3 
 .text          0x00000000c0023934       0x3c /cygdrive/d/Users/Alex/Desktop/Toolchain/Output/bin/../lib/gcc/i386-banana/8.1.0/libkgcc.a(_floatundidf.o)
                0x00000000c0023934                __floatundidf
 .text          0x00000000c0023970      0x14b /cygdrive/d/Users/Alex/Desktop/Toolchain/Output/bin/../lib/gcc/i386-banana/8.1.0/libkgcc.a(_divdi3.o)
                0x00000000c0023970                __divdi3
 *fill*         0x00000000c0023abb        0x1 
 .text          0x00000000c0023abc      0x17e /cygdrive/d/Users/Alex/Desktop/Toolchain/Output/bin/../lib/gcc/i386-banana/8.1.0/libkgcc.a(_moddi3.o)
                0x00000000c0023abc                __moddi3
 *fill*         0x00000000c0023c3a        0x2 
 .text          0x00000000c0023c3c       0xff /cygdrive/d/Users/Alex/Desktop/Toolchain/Output/bin/../lib/gcc/i386-banana/8.1.0/libkgcc.a(_udivdi3.o)
                0x00000000c0023c3c                __udivdi3
 *fill*         0x00000000c0023d3b        0x1 
 .text          0x00000000c0023d3c      0x11a /cygdrive/d/Users/Alex/Desktop/Toolchain/Output/bin/../lib/gcc/i386-banana/8.1.0/libkgcc.a(_umoddi3.o)
                0x00000000c0023d3c                __umoddi3
 .text          0x00000000c0023e56      0x96d D:/Users/Alex/Desktop/Banana/kernel/libsoftfp.a(sfieeelib.o)
                0x00000000c0023e56                __addsf3
                0x00000000c0024158                __subsf3
                0x00000000c002416c                __negsf2
                0x00000000c0024179                __mulsf3
                0x00000000c002433c                __divsf3
                0x00000000c0024567                __floatsisf
                0x00000000c00245db                __floatunsisf
                0x00000000c002461d                __fixsfsi
                0x00000000c002467f                __fixunssfsi
                0x00000000c00246b0                __cmpsf2
                0x00000000c0024745                __eqsf2
                0x00000000c0024780                __nesf2
                0x00000000c0024782                __gtsf2
                0x00000000c00247bd                __gesf2
                0x00000000c00247bf                __ltsf2
                0x00000000c00247c1                __lesf2
 .text          0x00000000c00247c3      0xf50 D:/Users/Alex/Desktop/Banana/kernel/libsoftfp.a(dfieeelib.o)
                0x00000000c00247c3                __adddf3
                0x00000000c0024e14                __subdf3
                0x00000000c0024e2f                __negdf2
                0x00000000c0024e40                __muldf3
                0x00000000c0025124                __divdf3
                0x00000000c00254a3                __floatsidf
                0x00000000c00254fe                __floatunsidf
                0x00000000c002553c                __fixdfsi
                0x00000000c00255a9                __fixunsdfsi
                0x00000000c00255e5                __cmpdf2
                0x00000000c00256d3                __eqdf2
                0x00000000c00256ef                __nedf2
                0x00000000c00256f1                __gtdf2
                0x00000000c002570d                __gedf2
                0x00000000c002570f                __ltdf2
                0x00000000c0025711                __ledf2
 .text          0x00000000c0025713      0x18d D:/Users/Alex/Desktop/Banana/kernel/libsoftfp.a(sfdfcvt.o)
                0x00000000c0025713                __truncdfsf2
                0x00000000c0025837                __extendsfdf2
 .text          0x00000000c00258a0       0x1e D:/Users/Alex/Desktop/Banana/kernel/libk/libm32.a(s_fabs.c.o)
                0x00000000c00258a0                fabs
 *fill*         0x00000000c00258be        0x2 
 .text          0x00000000c00258c0        0xc D:/Users/Alex/Desktop/Banana/kernel/libk/libm32.a(s_lrint.S.o)
                0x00000000c00258c0                lrint
 .text          0x00000000c00258cc        0xc D:/Users/Alex/Desktop/Banana/kernel/libk/libm32.a(s_lrintf.S.o)
                0x00000000c00258cc                lrintf
 *(.gnu.linkonce.t*)

.iplt           0x00000000c00258d8        0x0
 .iplt          0x00000000c00258d8        0x0 D:/Users/Alex/Desktop/Banana/kernel/boot.32

.init           0x00000000c00258d8        0xf
 .init          0x00000000c00258d8        0x3 crti.32
                0x00000000c00258d8                _init
 .init          0x00000000c00258db        0x5 /cygdrive/d/Users/Alex/Desktop/Toolchain/Output/bin/../lib/gcc/i386-banana/8.1.0/crtbegin.o
 .init          0x00000000c00258e0        0x5 /cygdrive/d/Users/Alex/Desktop/Toolchain/Output/bin/../lib/gcc/i386-banana/8.1.0/crtend.o
 .init          0x00000000c00258e5        0x2 crtn.32

.fini           0x00000000c00258e7        0xa
 .fini          0x00000000c00258e7        0x3 crti.32
                0x00000000c00258e7                _fini
 .fini          0x00000000c00258ea        0x5 /cygdrive/d/Users/Alex/Desktop/Toolchain/Output/bin/../lib/gcc/i386-banana/8.1.0/crtbegin.o
 .fini          0x00000000c00258ef        0x2 crtn.32

.text._ZN8ComputerD2Ev
                0x00000000c00258f2       0x23
 .text._ZN8ComputerD2Ev
                0x00000000c00258f2       0x23 core/computer.32
                0x00000000c00258f2                Computer::~Computer()
                0x00000000c00258f2                Computer::~Computer()

.text._ZN8ComputerD0Ev
                0x00000000c0025916       0x2a
 .text._ZN8ComputerD0Ev
                0x00000000c0025916       0x2a core/computer.32
                0x00000000c0025916                Computer::~Computer()

.text._Z10idleCommonv
                0x00000000c0025940       0x15
 .text._Z10idleCommonv
                0x00000000c0025940       0x15 core/idle.32
                0x00000000c0025940                idleCommon()

.text._ZN3CPU7readCR3Ev
                0x00000000c0025955       0x12
 .text._ZN3CPU7readCR3Ev
                0x00000000c0025955       0x12 core/kheap.32
                0x00000000c0025955                CPU::readCR3()

.text._ZN3CPU8writeCR3Em
                0x00000000c0025967        0x9
 .text._ZN3CPU8writeCR3Em
                0x00000000c0025967        0x9 core/kheap.32
                0x00000000c0025967                CPU::writeCR3(unsigned long)

.text._ZN10LinkedListI8UnixFileED2Ev
                0x00000000c0025970        0x2
 .text._ZN10LinkedListI8UnixFileED2Ev
                0x00000000c0025970        0x2 core/unixfile.32
                0x00000000c0025970                LinkedList<UnixFile>::~LinkedList()
                0x00000000c0025970                LinkedList<UnixFile>::~LinkedList()

.text._ZN10LinkedListI8UnixFileEC2Ev
                0x00000000c0025972       0x58
 .text._ZN10LinkedListI8UnixFileEC2Ev
                0x00000000c0025972       0x58 core/unixfile.32
                0x00000000c0025972                LinkedList<UnixFile>::LinkedList()
                0x00000000c0025972                LinkedList<UnixFile>::LinkedList()

.text._ZN10LinkedListI8UnixFileE10addElementEPS0_
                0x00000000c00259ca       0xd3
 .text._ZN10LinkedListI8UnixFileE10addElementEPS0_
                0x00000000c00259ca       0xd3 core/unixfile.32
                0x00000000c00259ca                LinkedList<UnixFile>::addElement(UnixFile*)

.text._ZN10LinkedListI8UnixFileE15getFirstElementEv
                0x00000000c0025a9e        0x7
 .text._ZN10LinkedListI8UnixFileE15getFirstElementEv
                0x00000000c0025a9e        0x7 core/unixfile.32
                0x00000000c0025a9e                LinkedList<UnixFile>::getFirstElement()

.text._ZN10LinkedListI8UnixFileE11removeFirstEv
                0x00000000c0025aa6       0xa1
 .text._ZN10LinkedListI8UnixFileE11removeFirstEv
                0x00000000c0025aa6       0xa1 core/unixfile.32
                0x00000000c0025aa6                LinkedList<UnixFile>::removeFirst()

.text._ZN10LinkedListI8UnixFileE7getNextEPS0_
                0x00000000c0025b48        0x8
 .text._ZN10LinkedListI8UnixFileE7getNextEPS0_
                0x00000000c0025b48        0x8 core/unixfile.32
                0x00000000c0025b48                LinkedList<UnixFile>::getNext(UnixFile*)

.text._ZN16DriverlessDeviceD2Ev
                0x00000000c0025b50       0x1a
 .text._ZN16DriverlessDeviceD2Ev
                0x00000000c0025b50       0x1a hal/device.32
                0x00000000c0025b50                DriverlessDevice::~DriverlessDevice()
                0x00000000c0025b50                DriverlessDevice::~DriverlessDevice()

.text._ZN16DriverlessDeviceD0Ev
                0x00000000c0025b6a       0x2a
 .text._ZN16DriverlessDeviceD0Ev
                0x00000000c0025b6a       0x2a hal/device.32
                0x00000000c0025b6a                DriverlessDevice::~DriverlessDevice()

.text._ZN10LinkedListI6DeviceE10addElementEPS0_
                0x00000000c0025b94       0xdc
 .text._ZN10LinkedListI6DeviceE10addElementEPS0_
                0x00000000c0025b94       0xdc hal/device.32
                0x00000000c0025b94                LinkedList<Device>::addElement(Device*)

.text._ZN10LinkedListI6DeviceEC2Ev
                0x00000000c0025c70       0x58
 .text._ZN10LinkedListI6DeviceEC2Ev
                0x00000000c0025c70       0x58 hal/device.32
                0x00000000c0025c70                LinkedList<Device>::LinkedList()
                0x00000000c0025c70                LinkedList<Device>::LinkedList()

.text._ZN3CPU7readCR0Ev
                0x00000000c0025cc8       0x12
 .text._ZN3CPU7readCR0Ev
                0x00000000c0025cc8       0x12 hal/fpu.32
                0x00000000c0025cc8                CPU::readCR0()

.text._ZN3CPU8writeCR0Em
                0x00000000c0025cda        0x9
 .text._ZN3CPU8writeCR0Em
                0x00000000c0025cda        0x9 hal/fpu.32
                0x00000000c0025cda                CPU::writeCR0(unsigned long)

.text._ZN3CPU7readDR0Ev
                0x00000000c0025ce3       0x12
 .text._ZN3CPU7readDR0Ev
                0x00000000c0025ce3       0x12 hal/intctrl.32
                0x00000000c0025ce3                CPU::readDR0()

.text._ZN3CPU7readDR1Ev
                0x00000000c0025cf5       0x12
 .text._ZN3CPU7readDR1Ev