Archive member included to satisfy reference by file (symbol)

/cygdrive/d/Users/Alex/Desktop/Toolchain/Output/bin/../lib/gcc/i386-banana/8.1.0/libkgcc.a(_divdi3.o)
                              krnl/resolve.32 (__divdi3)
/cygdrive/d/Users/Alex/Desktop/Toolchain/Output/bin/../lib/gcc/i386-banana/8.1.0/libkgcc.a(_moddi3.o)
                              krnl/resolve.32 (__moddi3)
/cygdrive/d/Users/Alex/Desktop/Toolchain/Output/bin/../lib/gcc/i386-banana/8.1.0/libkgcc.a(_udivdi3.o)
                              hal/clock.32 (__udivdi3)
/cygdrive/d/Users/Alex/Desktop/Toolchain/Output/bin/../lib/gcc/i386-banana/8.1.0/libkgcc.a(_umoddi3.o)
                              core/pipe.32 (__umoddi3)

Allocating common symbols
Common symbol       size              file

dcache              0x40              fs/iso9660/iso9660.32
cdDriveLetter       0x1               fs/iso9660/iso9660.32
icache              0x40              fs/iso9660/iso9660.32

Discarded input sections

 .comment       0x0000000000000000       0x12 /cygdrive/d/Users/Alex/Desktop/Toolchain/Output/bin/../lib/gcc/i386-banana/8.1.0/crtbegin.o
 .comment       0x0000000000000000       0x12 acpica/utclib.32
 .comment       0x0000000000000000       0x12 core/malloc.32
 .comment       0x0000000000000000       0x12 libk/ctype.32
 .comment       0x0000000000000000       0x12 libk/string.32
 .comment       0x0000000000000000       0x12 fs/fat/diskio.32
 .comment       0x0000000000000000       0x12 fs/fat/ff.32
 .comment       0x0000000000000000       0x12 fs/fat/ffsystem.32
 .comment       0x0000000000000000       0x12 fs/fat/ffunicode.32
 .comment       0x0000000000000000       0x12 fs/iso9660/iso9660.32
 .group         0x0000000000000000       0x14 core/computer.32
 .group         0x0000000000000000        0xc core/computer.32
 .comment       0x0000000000000000       0x12 core/computer.32
 .comment       0x0000000000000000       0x12 core/gdt.32
 .group         0x0000000000000000        0xc core/idle.32
 .comment       0x0000000000000000       0x12 core/idle.32
 .comment       0x0000000000000000       0x12 core/idt.32
 .comment       0x0000000000000000       0x12 core/kheap.32
 .comment       0x0000000000000000       0x12 core/main.32
 .comment       0x0000000000000000       0x12 core/physmgr.32
 .group         0x0000000000000000        0xc core/pipe.32
 .comment       0x0000000000000000       0x12 core/pipe.32
 .group         0x0000000000000000        0xc core/terminal.32
 .comment       0x0000000000000000       0x12 core/terminal.32
 .comment       0x0000000000000000       0x12 core/tss.32
 .group         0x0000000000000000        0x8 core/unixfile.32
 .group         0x0000000000000000        0x8 core/unixfile.32
 .group         0x0000000000000000        0xc core/unixfile.32
 .group         0x0000000000000000        0x8 core/unixfile.32
 .group         0x0000000000000000        0xc core/unixfile.32
 .group         0x0000000000000000        0x8 core/unixfile.32
 .group         0x0000000000000000        0xc core/unixfile.32
 .group         0x0000000000000000        0xc core/unixfile.32
 .comment       0x0000000000000000       0x12 core/unixfile.32
 .comment       0x0000000000000000       0x12 core/virtmgr.32
 .comment       0x0000000000000000       0x12 coreobjs/c++.32
 .comment       0x0000000000000000       0x12 dbg/kconsole.32
 .group         0x0000000000000000        0xc fs/vfs.32
 .group         0x0000000000000000        0xc fs/vfs.32
 .group         0x0000000000000000        0xc fs/vfs.32
 .comment       0x0000000000000000       0x12 fs/vfs.32
 .group         0x0000000000000000        0xc hal/bus.32
 .comment       0x0000000000000000       0x12 hal/bus.32
 .comment       0x0000000000000000       0x12 hal/buzzer.32
 .group         0x0000000000000000        0xc hal/clock.32
 .comment       0x0000000000000000       0x12 hal/clock.32
 .group         0x0000000000000000       0x14 hal/device.32
 .group         0x0000000000000000        0xc hal/device.32
 .group         0x0000000000000000        0x8 hal/device.32
 .group         0x0000000000000000        0xc hal/device.32
 .group         0x0000000000000000        0xc hal/device.32
 .comment       0x0000000000000000       0x12 hal/device.32
 .group         0x0000000000000000        0xc hal/diskctrl.32
 .comment       0x0000000000000000       0x12 hal/diskctrl.32
 .group         0x0000000000000000        0xc hal/diskphys.32
 .comment       0x0000000000000000       0x12 hal/diskphys.32
 .comment       0x0000000000000000       0x12 hal/fpu.32
 .comment       0x0000000000000000       0x12 hal/intctrl.32
 .group         0x0000000000000000        0xc hal/keybrd.32
 .comment       0x0000000000000000       0x12 hal/keybrd.32
 .group         0x0000000000000000        0xc hal/logidisk.32
 .comment       0x0000000000000000       0x12 hal/logidisk.32
 .group         0x0000000000000000        0xc hal/mouse.32
 .comment       0x0000000000000000       0x12 hal/mouse.32
 .group         0x0000000000000000        0xc hal/nic.32
[...]
Memory Configuration

Name             Origin             Length             Attributes
*default*        0x0000000000000000 0xffffffffffffffff

Linker script and memory map

LOAD D:/Users/Alex/Desktop/Banana/kernel/boot.32
LOAD crti.32
LOAD /cygdrive/d/Users/Alex/Desktop/Toolchain/Output/bin/../lib/gcc/i386-banana/8.1.0/crtbegin.o
LOAD D:/Users/Alex/Desktop/Banana/kernel/morenasm.32
LOAD acpica/utclib.32
LOAD core/malloc.32
LOAD libk/ctype.32
LOAD libk/string.32
LOAD fs/fat/diskio.32
LOAD fs/fat/ff.32
LOAD fs/fat/ffsystem.32
LOAD fs/fat/ffunicode.32
LOAD fs/iso9660/iso9660.32
LOAD core/computer.32
LOAD core/gdt.32
LOAD core/idle.32
LOAD core/idt.32
LOAD core/kheap.32
LOAD core/main.32
LOAD core/physmgr.32
LOAD core/pipe.32
LOAD core/terminal.32
LOAD core/tss.32
LOAD core/unixfile.32
LOAD core/virtmgr.32
LOAD coreobjs/c++.32
LOAD dbg/kconsole.32
LOAD fs/vfs.32
LOAD hal/bus.32
LOAD hal/buzzer.32
LOAD hal/clock.32
LOAD hal/device.32
LOAD hal/diskctrl.32
LOAD hal/diskphys.32
LOAD hal/fpu.32
LOAD hal/intctrl.32
LOAD hal/keybrd.32
LOAD hal/logidisk.32
LOAD hal/mouse.32
LOAD hal/nic.32
LOAD hal/partition.32
LOAD hal/serial.32
LOAD hal/timer.32
LOAD hal/vcache.32
LOAD hal/video.32
LOAD hw/acpi.32
LOAD hw/cpu.32
LOAD krnl/bootmsg.32
LOAD krnl/env.32
LOAD krnl/inlines.32
LOAD krnl/panic.32
LOAD krnl/powctrl.32
LOAD krnl/random.32
LOAD krnl/resolve.32
LOAD krnl/signal.32
LOAD krnl/syscalls.32
LOAD net/ethernet.32
LOAD reg/cm.32
LOAD reg/registry.32
LOAD sys/eject.32
LOAD sys/exit.32
LOAD sys/getcwd.32
LOAD sys/getpid.32
LOAD sys/getramdata.32
LOAD sys/getvgaptr.32
LOAD sys/kill.32
LOAD sys/loaddll.32
LOAD sys/read.32
LOAD sys/registersignal.32
LOAD sys/registry.32
LOAD sys/sbrk.32
LOAD sys/setcwd.32
LOAD sys/settime.32
LOAD sys/timezone.32
LOAD sys/write.32
LOAD sys/wsbe.32
LOAD sys/yield.32
LOAD thr/elf.32
LOAD thr/prcssthr.32
LOAD vm86/vm8086.32
LOAD arch/i386/hal.32
LOAD arch/i386/pic.32
LOAD arch/i386/rtc.32
LOAD arch/i386/vga.32
LOAD fs/fat/vfslink.32
LOAD fs/iso9660/helper.32
LOAD fs/iso9660/vfslink.32
LOAD hal/sound/sndcard.32
LOAD hal/sound/sndport.32
LOAD hw/bus/isa.32
LOAD hw/bus/pci.32
LOAD hw/diskctrl/ide.32
LOAD hw/diskctrl/satabus.32
LOAD hw/diskphys/ata.32
LOAD hw/diskphys/atapi.32
LOAD hw/diskphys/sata.32
LOAD hw/diskphys/satapi.32
LOAD hw/intctrl/apic.32
LOAD hw/timer/apictimer.32
LOAD hw/timer/pit.32
LOAD arch/i386/avx.32
LOAD arch/i386/interrupt.32
LOAD arch/i386/rdrand.32
LOAD arch/i386/sse.32
LOAD arch/i386/x87.32
LOAD /cygdrive/d/Users/Alex/Desktop/Toolchain/Output/bin/../lib/gcc/i386-banana/8.1.0/crtend.o
LOAD crtn.32
LOAD /cygdrive/d/Users/Alex/Desktop/Toolchain/Output/bin/../lib/gcc/i386-banana/8.1.0/libkgcc.a
LOAD D:/Users/Alex/Desktop/Banana/kernel/libsoftfp.a
LOAD D:/Users/Alex/Desktop/Banana/kernel/libk/libm32.a
                0x00000000c0000000                . = 0xc0000000

.text           0x00000000c0000000    0x1e87a
 *(.text)
 .text          0x00000000c0000000       0x20 D:/Users/Alex/Desktop/Banana/kernel/boot.32
 .text          0x00000000c0000020        0x0 crti.32
 .text          0x00000000c0000020      0x101 /cygdrive/d/Users/Alex/Desktop/Toolchain/Output/bin/../lib/gcc/i386-banana/8.1.0/crtbegin.o
 *fill*         0x00000000c0000121        0xf 
 .text          0x00000000c0000130      0x24f D:/Users/Alex/Desktop/Banana/kernel/morenasm.32
                0x00000000c0000130                manualPCIProbe
                0x00000000c000017b                prepareTramp
                0x00000000c0000194                doTPAUSE
                0x00000000c000019e                hasLegacyFPU
                0x00000000c00001c3                is486
                0x00000000c00001f9                detectCPUID
                0x00000000c000020f                goToVM86
                0x00000000c000023f                goToUsermode
                0x00000000c0000269                switchToThreadASMFirstTime
                0x00000000c0000277                switchToThreadASM
                0x00000000c00002fc                asmQuickAcquireLock
                0x00000000c000031a                asmQuickReleaseLock
                0x00000000c0000326                asmAcquireLock
                0x00000000c0000347                asmReleaseLock
                0x00000000c000035a                loadGDT
                0x00000000c000037a                memcpy
 *fill*         0x00000000c000037f        0x1 
 .text          0x00000000c0000380      0x868 acpica/utclib.32
                0x00000000c0000380                memcmp
                0x00000000c00003d0                memmove
                0x00000000c00004f0                memset
                0x00000000c0000570                strlen
                0x00000000c00005a0                strpbrk
                0x00000000c00005f0                strtok
                0x00000000c0000640                strcpy
                0x00000000c0000680                strncpy
                0x00000000c0000750                strcmp
                0x00000000c00007a0                strchr
                0x00000000c00007e0                strncmp
                0x00000000c0000840                strcat
                0x00000000c0000870                strncat
                0x00000000c00008d0                strstr
                0x00000000c0000930                toupper
                0x00000000c0000950                tolower
                0x00000000c0000970                simple_strtoul
 .text          0x00000000c0000be8      0xfaa core/malloc.32
                0x00000000c0000d53                dlfree
                0x00000000c00010ab                dlmalloc
                0x00000000c00015e8                dlrealloc
                0x00000000c000178b                dlmemalign
                0x00000000c00018ae                dlcalloc
                0x00000000c0001948                dlcfree
                0x00000000c000194d                dlindependent_calloc
                0x00000000c0001972                dlindependent_comalloc
                0x00000000c0001989                dlvalloc
                0x00000000c00019b4                dlpvalloc
                0x00000000c00019ea                dlmalloc_trim
                0x00000000c00019f7                dlmalloc_usable_size
                0x00000000c0001a28                dlmallinfo
                0x00000000c0001af7                dlmalloc_stats
                0x00000000c0001b08                dlmallopt
 *fill*         0x00000000c0001b92        0x2 
 .text          0x00000000c0001b94      0x1f2 libk/ctype.32
                0x00000000c0001b94                isblank
                0x00000000c0001bb4                iscntrl
                0x00000000c0001bd4                isdigit
                0x00000000c0001bf0                islower
                0x00000000c0001c0c                isspace
                0x00000000c0001c34                isupper
                0x00000000c0001c50                isalpha
                0x00000000c0001c80                isalnum
                0x00000000c0001cb0                ispunct
                0x00000000c0001cf0                isgraph
                0x00000000c0001d20                isprint
                0x00000000c0001d48                isxdigit
 .text          0x00000000c0001d86        0x0 libk/string.32
 .text          0x00000000c0001d86       0x51 fs/fat/diskio.32
                0x00000000c0001d86                disk_status
                0x00000000c0001d89                disk_initialize
                0x00000000c0001d8c                disk_read
                0x00000000c0001da2                disk_write
                0x00000000c0001db8                disk_ioctl
 .text          0x00000000c0001dd7     0x3e46 fs/fat/ff.32
                0x00000000c0003bf8                f_mount
                0x00000000c0003c5a                f_open
                0x00000000c0003f1d                f_read
                0x00000000c000411c                f_write
                0x00000000c0004364                f_sync
                0x00000000c0004429                f_close
                0x00000000c0004458                f_lseek
                0x00000000c0004609                f_opendir
                0x00000000c00046d4                f_closedir
                0x00000000c00046f6                f_readdir
                0x00000000c0004788                f_stat
                0x00000000c0004807                f_getfree
                0x00000000c0004910                f_truncate
                0x00000000c00049fa                f_unlink
                0x00000000c0004b1c                f_mkdir
                0x00000000c0004cb7                f_rename
                0x00000000c0004e6f                f_chmod
                0x00000000c0004f1f                f_utime
                0x00000000c0004fcf                f_getlabel
                0x00000000c0005120                f_setlabel
                0x00000000c00052b0                f_expand
                0x00000000c000541d                f_mkfs
 *fill*         0x00000000c0005c1d        0x3 
 .text          0x00000000c0005c20       0x2f fs/fat/ffsystem.32
                0x00000000c0005c20                ff_memalloc
                0x00000000c0005c38                ff_memfree
 *fill*         0x00000000c0005c4f        0x1 
 .text          0x00000000c0005c50      0x2dc fs/fat/ffunicode.32
                0x00000000c0005c50                ff_uni2oem
                0x00000000c0005cf0                ff_oem2uni
                0x00000000c0005d68                ff_wtoupper
 .text          0x00000000c0005f2c      0xd32 fs/iso9660/iso9660.32
                0x00000000c0006177                isoReadDiscSector
                0x00000000c0006212                strnicmp
                0x00000000c00064c1                stricmp
                0x00000000c000650d                iso_open
                0x00000000c0006597                iso_close
                0x00000000c00065b5                iso_read
                0x00000000c00066cb                iso_seek
                0x00000000c000674f                iso_tell
                0x00000000c0006780                iso_total
                0x00000000c00067ab                fn_postprocess
                0x00000000c00067d2                iso_readdir
                0x00000000c0006a29                iso_reset
                0x00000000c0006a46                init_percd
                0x00000000c0006b40                iso_ioctl
                0x00000000c0006b58                fs_iso9660_init
                0x00000000c0006bee                fs_iso9660_shutdown
 .text          0x00000000c0006c5e      0x6bb core/computer.32
                0x00000000c0006c5e                Computer::close(int, int, void*)
                0x00000000c0006ca3                Krnl::firstTask()
                0x00000000c0006dde                Computer::Computer()
                0x00000000c0006dde                Computer::Computer()
                0x00000000c0006e8e                Computer::setBootMessage(char const*)
                0x00000000c0006e90                Computer::detectFeatures()
                0x00000000c00070b6                Computer::displayFeatures()
                0x00000000c00070b8                Computer::rdmsr(unsigned int)
                0x00000000c00070e4                Computer::wrmsr(unsigned int, unsigned long long)
                0x00000000c0007120                Computer::shutdown()
                0x00000000c0007138                Computer::restart()
                0x00000000c0007150                Computer::sleep()
                0x00000000c0007164                Computer::nmiEnabled()
                0x00000000c0007170                Computer::readCMOS(unsigned char)
                0x00000000c000718e                Computer::enableNMI(bool)
                0x00000000c00071a6                Computer::open(int, int, void*)
                0x00000000c000727a                Computer::disableNMI()
                0x00000000c000728a                Computer::writeCMOS(unsigned char, unsigned char)
                0x00000000c00072ae                Computer::handleNMI()
 *fill*         0x00000000c0007319        0x1 
 .text          0x00000000c000731a      0x1db core/gdt.32
                0x00000000c000731a                GDTEntry::setBase(unsigned int)
                0x00000000c0007336                GDTEntry::setLimit(unsigned int)
                0x00000000c0007354                GDT::GDT()
                0x00000000c0007354                GDT::GDT()
                0x00000000c000736a                GDT::addEntry(GDTEntry)
                0x00000000c000738c                GDT::getNumberOfEntries()
                0x00000000c0007394                GDT::flush()
                0x00000000c00073b6                GDT::setup()
 .text          0x00000000c00074f5       0x1d core/idle.32
                0x00000000c00074f5                idleFunction(void*)
 *fill*         0x00000000c0007512        0x2 
 .text          0x00000000c0007514      0x46c core/idt.32
                0x00000000c0007514                IDTEntry::IDTEntry(bool)
                0x00000000c0007514                IDTEntry::IDTEntry(bool)
                0x00000000c000758e                IDTEntry::setOffset(unsigned int)
                0x00000000c00075a4                IDT::IDT()
                0x00000000c00075a4                IDT::IDT()
                0x00000000c00075a6                IDT::getPointerToInvalidOpcodeEntryForF00F()
                0x00000000c00075ae                IDT::addEntry(IDTEntry, int)
                0x00000000c00075c8                IDT::addEntry(int, void (*)(), bool)
                0x00000000c0007600                IDT::flush()
                0x00000000c000761a                IDT::setup()
 .text          0x00000000c0007980      0x188 core/kheap.32
                0x00000000c0007980                sbrk
                0x00000000c0007a17                mmap
                0x00000000c0007a2d                munmap
                0x00000000c0007a43                liballoc_lock()
                0x00000000c0007a51                liballoc_unlock()
                0x00000000c0007a67                liballoc_alloc(int)
                0x00000000c0007a7f                liballoc_free(void*, int)
                0x00000000c0007a9a                realloc
                0x00000000c0007aae                malloc
                0x00000000c0007abe                free
                0x00000000c0007ace                rfree
                0x00000000c0007ade                calloc
 .text          0x00000000c0007b08       0xc3 core/main.32
                0x00000000c0007b08                KeEntryPoint
 .text          0x00000000c0007bcb      0x63a core/physmgr.32
                0x00000000c0007bcb                Phys::allocateDMA(unsigned long)
                0x00000000c0007cb3                Phys::freeDMA(unsigned long, unsigned long)
                0x00000000c0007cee                Phys::setPageState(unsigned long, bool)
                0x00000000c0007d2e                Phys::getPageState(unsigned long)
                0x00000000c0007d4a                Phys::freePage(unsigned long)
                0x00000000c0007db3                Phys::allocatePage()
                0x00000000c0007e82                Phys::allocateContiguousPages(int)
                0x00000000c0007ee9                Phys::allowSegmentToBeUsed(unsigned long, unsigned long)
                0x00000000c0007f21                Phys::physicalMemorySetup(unsigned int)
 *fill*         0x00000000c0008205        0x1 
 .text          0x00000000c0008206      0x273 core/pipe.32
                0x00000000c0008206                Pipe::isAtty()
                0x00000000c000820a                Pipe::~Pipe()
                0x00000000c000820a                Pipe::~Pipe()
                0x00000000c000822e                Pipe::~Pipe()
                0x00000000c0008256                Pipe::write(unsigned long long, void*, int*)
                0x00000000c0008316                Pipe::read(unsigned long long, void*, int*)
                0x00000000c0008412                Pipe::Pipe(int)
                0x00000000c0008412                Pipe::Pipe(int)
 *fill*         0x00000000c0008479        0x1 
 .text          0x00000000c000847a      0xad8 core/terminal.32
                0x00000000c000847a                VgaText::isAtty()
                0x00000000c000847e                VgaText::~VgaText()
                0x00000000c000847e                VgaText::~VgaText()
                0x00000000c00084a2                VgaText::~VgaText()
                0x00000000c00084cc                VgaText::read(unsigned long long, void*, int*)
                0x00000000c00084ec                setTerminalScrollLock(bool)
                0x00000000c00084ed                doTerminalCycle()
                0x00000000c00084ee                addToTerminalCycle(VgaText*)
                0x00000000c00084ef                scrollTerminalScrollLock(int)
                0x00000000c00084f0                VgaText::updateTitle()
                0x00000000c00084f2                VgaText::load()
                0x00000000c00084f4                VgaText::updateCursor()
                0x00000000c000850a                VgaText::doANSI_SGR(int)
                0x00000000c000857e                VgaText::setDefaultBgColour(VgaColour)
                0x00000000c000858e                VgaText::setDefaultFgColour(VgaColour)
                0x00000000c000859e                VgaText::setDefaultColours(VgaColour, VgaColour)
                0x00000000c00085be                VgaText::setTitleTextColour(VgaColour)
                0x00000000c00085ca                VgaText::setTitleColour(VgaColour)
                0x00000000c00085d6                VgaText::setTitle(char*)
                0x00000000c00085d8                VgaText::combineColours(unsigned char, unsigned char)
                0x00000000c00085ea                VgaText::scrollScreen()
                0x00000000c000867c                VgaText::combineCharAndColour(char, unsigned char)
                0x00000000c000868c                VgaText::writeCharacter(char, VgaColour, VgaColour, int, int)
                0x00000000c000871c                VgaText::getCursorX()
                0x00000000c0008724                VgaText::getCursorY()
                0x00000000c000872c                VgaText::setCursor(int, int)
                0x00000000c0008743                setActiveTerminal(VgaText*)
                0x00000000c000878e                VgaText::clearScreen()
                0x00000000c00087dc                VgaText::setCursorX(int)
                0x00000000c00087f4                VgaText::setCursorY(int)
                0x00000000c000880c                VgaText::incrementCursor(bool)
                0x00000000c0008860                VgaText::decrementCursor(bool)
                0x00000000c0008882                VgaText::putchar(char, VgaColour, VgaColour)
                0x00000000c0008952                VgaText::putchar(char)
                0x00000000c0008a4a                VgaText::putx(unsigned int)
                0x00000000c0008a90                VgaText::puts(char const*)
                0x00000000c0008ab6                VgaText::write(unsigned long long, void*, int*)
                0x00000000c0008b02                VgaText::puts(char const*, VgaColour, VgaColour)
                0x00000000c0008c50                VgaText::VgaText(char const*)
                0x00000000c0008c50                VgaText::VgaText(char const*)
                0x00000000c0008da0                VgaText::receiveKey(unsigned char)
                0x00000000c0008f2c                VgaText::doUpdate()
                0x00000000c0008f2d                newTerminal(char*)
 *fill*         0x00000000c0008f52        0x2 
 .text          0x00000000c0008f54      0x1a1 core/tss.32
                0x00000000c0008f54                TSS::TSS()
                0x00000000c0008f54                TSS::TSS()
                0x00000000c0008f64                TSS::setESP(unsigned long)
                0x00000000c0008f78                TSS::flush()
                0x00000000c0008f98                TSS::setup(unsigned long, unsigned long)
 *fill*         0x00000000c00090f5        0x1 
 .text          0x00000000c00090f6      0x4ca core/unixfile.32
                0x00000000c00090f6                ReservedFilename::read(unsigned long long, void*, int*)
                0x00000000c000914c                ReservedFilename::isAtty()
                0x00000000c0009168                ReservedFilename::write(unsigned long long, void*, int*)
                0x00000000c00091c6                UnixFile::getFileDescriptor()
                0x00000000c00091ce                UnixFile::UnixFile(int)
                0x00000000c00091ce                UnixFile::UnixFile(int)
                0x00000000c0009382                ReservedFilename::ReservedFilename(int)
                0x00000000c0009382                ReservedFilename::ReservedFilename(int)
                0x00000000c00093b4                UnixFile::~UnixFile()
                0x00000000c00093b4                UnixFile::~UnixFile()
                0x00000000c0009450                UnixFile::~UnixFile()
                0x00000000c0009478                ReservedFilename::~ReservedFilename()
                0x00000000c0009478                ReservedFilename::~ReservedFilename()
                0x00000000c000949c                ReservedFilename::~ReservedFilename()
                0x00000000c00094c3                getFromFileDescriptor(int)
 .text          0x00000000c00095c0     0x12ad core/virtmgr.32
                0x00000000c00095c0                Virt::setPageState(unsigned long, Virt::VirtPageState)
                0x00000000c00095fa                Virt::getPageState(unsigned long)
                0x00000000c000961d                Virt::allocateKernelVirtualPages(int)
                0x00000000c0009742                Virt::freeSwapfilePage(unsigned long)
                0x00000000c0009765                Virt::swapIDToSector(unsigned long)
                0x00000000c000977b                Virt::allocateSwapfilePage()
                0x00000000c00097fb                Virt::virtualMemorySetup()
                0x00000000c000984c                Virt::setupPageSwapping(int)
                0x00000000c00098be                VAS::VAS(VAS*)
                0x00000000c00098be                VAS::VAS(VAS*)
                0x00000000c00098ec                VAS::getForeignPageTableEntry(bool, unsigned long)
                0x00000000c000991a                VAS::getPageTableEntry(unsigned long)
                0x00000000c0009939                Virt::freeKernelVirtualPages(unsigned long)
                0x00000000c0009a4c                VAS::freeAllocatedPages(unsigned long)
                0x00000000c0009a70                VAS::virtualToPhysical(unsigned long)
                0x00000000c0009a8a                VAS::reflagRange(unsigned long, int, int, int)
                0x00000000c0009acc                VAS::VAS()
                0x00000000c0009acc                VAS::VAS()
                0x00000000c0009b36                VAS::setToWriteCombining(unsigned long, int)
                0x00000000c0009b6a                VAS::mapOtherVASIn(bool, VAS*)
                0x00000000c0009b96                VAS::~VAS()
                0x00000000c0009b96                VAS::~VAS()
                0x00000000c0009d04                VAS::mapPage(unsigned long, unsigned long, int)
                0x00000000c0009e0a                VAS::allocatePages(int, int)
                0x00000000c0009ffa                VAS::setCPUSpecific(unsigned long)
                0x00000000c000a018                VAS::mapRange(unsigned long, unsigned long, int, int)
                0x00000000c000a0ee                VAS::mapForeignPage(bool, VAS*, unsigned long, unsigned long, int)
                0x00000000c000a1e4                VAS::VAS(bool)
                0x00000000c000a1e4                VAS::VAS(bool)
                0x00000000c000a476                VAS::evict(unsigned long)
                0x00000000c000a554                VAS::tryLoadBackOffDisk(unsigned long)
                0x00000000c000a676                VAS::scanForEviction()
                0x00000000c000a772                mapVASFirstTime
 .text          0x00000000c000a86d       0x5f coreobjs/c++.32
                0x00000000c000a86d                __cxa_atexit
                0x00000000c000a870                __cxa_finalize
                0x00000000c000a871                __stack_chk_fail
                0x00000000c000a8a7                __cxa_pure_virtual
                0x00000000c000a8b8                operator new[](unsigned long)
                0x00000000c000a8bd                operator delete(void*, unsigned long)
                0x00000000c000a8c2                operator delete[](void*)
                0x00000000c000a8c7                operator delete[](void*, unsigned long)
 .text          0x00000000c000a8cc      0x254 dbg/kconsole.32
                0x00000000c000a8cc                Dbg::stringifyxWithBase(unsigned int, char*, int)
                0x00000000c000a96c                Dbg::logc(char)
                0x00000000c000a98c                Dbg::logs(char*)
                0x00000000c000a9ab                Dbg::logWriteInt(unsigned int)
                0x00000000c000a9c9                Dbg::logWriteIntBase(unsigned int, int)
                0x00000000c000a9ea                Dbg::kprintf(char const*, ...)
 .text          0x00000000c000ab20      0xc60 fs/vfs.32
                0x00000000c000ab20                File::read(unsigned long long, void*, int*)
                0x00000000c000ab78                File::write(unsigned long long, void*, int*)
                0x00000000c000abd0                Directory::read(unsigned long long, void*, int*)
                0x00000000c000ac28                Directory::write(unsigned long long, void*, int*)
                0x00000000c000ac56                File::isAtty()
                0x00000000c000ac5a                Directory::isAtty()
                0x00000000c000ac5e                Filesystem::getlabel(LogicalDisk*, int, char*, unsigned int*)
                0x00000000c000ac64                Filesystem::setlabel(LogicalDisk*, int, char*)
                0x00000000c000ac6a                Filesystem::allocateSwapfile(char const*, int)
                0x00000000c000ac70                File::~File()
                0x00000000c000ac70                File::~File()
                0x00000000c000ac94                File::~File()
                0x00000000c000acbe                Directory::~Directory()
                0x00000000c000acbe                Directory::~Directory()
                0x00000000c000ace2                Directory::~Directory()
                0x00000000c000ad0c                Filesystem::Filesystem()
                0x00000000c000ad0c                Filesystem::Filesystem()
                0x00000000c000ad30                Filesystem::~Filesystem()
                0x00000000c000ad30                Filesystem::~Filesystem()
                0x00000000c000ad3e                Filesystem::~Filesystem()
                0x00000000c000ad62                Fs::getcwd(Process*, char*, int)
                0x00000000c000ad8c                Fs::initVFS()
                0x00000000c000adb6                Fs::standardiseFiles(char*, char const*, char const*)
                0x00000000c000af6c                File::File(char const*, Process*)
                0x00000000c000af6c                File::File(char const*, Process*)
                0x00000000c000b028                File::open(FileOpenMode)
                0x00000000c000b086                File::close()
                0x00000000c000b0e6                File::seek(unsigned long long)
                0x00000000c000b13c                File::tell(unsigned long long*)
                0x00000000c000b18c                File::rewind()
                0x00000000c000b1a0                File::unlink()
                0x00000000c000b1ec                File::rename(char const*)
                0x00000000c000b23a                File::chfatattr(unsigned char, unsigned char)
                0x00000000c000b296                File::exists()
                0x00000000c000b2d4                File::stat(unsigned long long*, bool*)
                0x00000000c000b335                Fs::setcwd(Process*, char*)
                0x00000000c000b492                Directory::Directory(char const*, Process*)
                0x00000000c000b492                Directory::Directory(char const*, Process*)
                0x00000000c000b54e                Directory::open()
                0x00000000c000b5aa                Directory::close()
                0x00000000c000b60a                Directory::unlink()
                0x00000000c000b656                Directory::rename(char const*)
                0x00000000c000b6a4                Directory::exists()
                0x00000000c000b6e2                Directory::read(dirent*)
                0x00000000c000b72e                Directory::create()
                0x00000000c000b77a                Filesystem::chfatattr(char const*, unsigned char, unsigned char)
 .text          0x00000000c000b780       0x86 hal/bus.32
                0x00000000c000b780                Bus::Bus(char const*)
                0x00000000c000b780                Bus::Bus(char const*)
                0x00000000c000b7b8                Bus::~Bus()
                0x00000000c000b7b8                Bus::~Bus()
                0x00000000c000b7dc                Bus::~Bus()
 .text          0x00000000c000b806       0x96 hal/buzzer.32
                0x00000000c000b806                beepThread(void*)
                0x00000000c000b843                Krnl::beep(int, int, bool)
 .text          0x00000000c000b89c      0x45f hal/clock.32
                0x00000000c000b89c                User::loadClockSettings(int)
                0x00000000c000b8ee                Clock::Clock(char const*)
                0x00000000c000b8ee                Clock::Clock(char const*)
                0x00000000c000b924                Clock::~Clock()
                0x00000000c000b924                Clock::~Clock()
                0x00000000c000b948                Clock::~Clock()
                0x00000000c000b972                Clock::timeInSecondsLocal()
                0x00000000c000b9ba                Clock::setTimeInSecondsLocal(unsigned long long)
                0x00000000c000ba13                datetimeToSeconds(datetime_t)
                0x00000000c000bb32                Clock::setTimeInDatetimeLocal(datetime_t)
                0x00000000c000bb92                secondsToDatetime(unsigned long long)
                0x00000000c000bcd6                Clock::timeInDatetimeLocal()
 *fill*         0x00000000c000bcfb        0x1 
 .text          0x00000000c000bcfc      0x464 hal/device.32
                0x00000000c000bcfc                Device::hibernate()
                0x00000000c000bcfe                Device::wake()
                0x00000000c000bd00                Device::detect()
                0x00000000c000bd02                Device::disableLegacy()
                0x00000000c000bd04                Device::powerSaving(PowerSavingLevel)
                0x00000000c000bd06                DriverlessDevice::close(int, int, void*)
                0x00000000c000bd0a                DriverlessDevice::detect()
                0x00000000c000bd0c                DriverlessDevice::open(int, int, void*)
                0x00000000c000bd20                Device::~Device()
                0x00000000c000bd20                Device::~Device()
                0x00000000c000bd2e                Device::~Device()
                0x00000000c000bd56                Device::findAndLoadDriver()
                0x00000000c000bd64                Device::preOpenPCI(PCIDeviceInfo)
                0x00000000c000bd8a                Device::preOpenACPI(void*, char*, char*)
                0x00000000c000bdca                Device::addIRQHandler(int, void (*)(regs*, void*), bool, void*)
                0x00000000c000bdf4                Device::getParent()
                0x00000000c000be00                Device::removeIRQHandler(int, void (*)(regs*, void*), bool)
                0x00000000c000be1e                Device::addChild(Device*)
                0x00000000c000be62                Device::removeAllChildren()
                0x00000000c000bea8                Device::hibernateAll()
                0x00000000c000bed8                Device::wakeAll()
                0x00000000c000bf08                Device::detectAll()
                0x00000000c000bf38                Device::disableLegacyAll()
                0x00000000c000bf3a                Device::loadDriversForAll()
                0x00000000c000bf3c                Device::closeAll()
                0x00000000c000bf72                Device::powerSavingAll(PowerSavingLevel)
                0x00000000c000bfa8                Device::setName(char const*)
                0x00000000c000bfb6                Device::Device(char const*)
                0x00000000c000bfb6                Device::Device(char const*)
                0x00000000c000c0b2                Device::getName()
                0x00000000c000c0bc                DriverlessDevice::DriverlessDevice(char const*)
                0x00000000c000c0bc                DriverlessDevice::DriverlessDevice(char const*)
                0x00000000c000c0f2                Device::addToLinkedList(LinkedList<Device>&, DeviceType)
                0x00000000c000c136                getDevicesOfType(DeviceType)
 .text          0x00000000c000c160       0x86 hal/diskctrl.32
                0x00000000c000c160                HardDiskController::HardDiskController(char const*)
                0x00000000c000c160                HardDiskController::HardDiskController(char const*)
                0x00000000c000c198                HardDiskController::~HardDiskController()
                0x00000000c000c198                HardDiskController::~HardDiskController()
                0x00000000c000c1bc                HardDiskController::~HardDiskController()
 .text          0x00000000c000c1e6       0xe2 hal/diskphys.32
                0x00000000c000c1e6                PhysicalDisk::eject()
                0x00000000c000c1ea                PhysicalDisk::PhysicalDisk(char const*, int)
                0x00000000c000c1ea                PhysicalDisk::PhysicalDisk(char const*, int)
                0x00000000c000c252                PhysicalDisk::startCache()
                0x00000000c000c27a                PhysicalDisk::~PhysicalDisk()
                0x00000000c000c27a                PhysicalDisk::~PhysicalDisk()
                0x00000000c000c29e                PhysicalDisk::~PhysicalDisk()
 .text          0x00000000c000c2c8        0x0 hal/fpu.32
 .text          0x00000000c000c2c8      0x359 hal/intctrl.32
                0x00000000c000c2c8                int_handler
                0x00000000c000c352                installISRHandler(int, void (*)(regs*, void*), void*)
                0x00000000c000c39c                installIRQHandler(int, void (*)(regs*, void*), bool, void*)
                0x00000000c000c4d0                uninstallISRHandler(int, void (*)(regs*, void*))
                0x00000000c000c504                uninstallIRQHandler(int, void (*)(regs*, void*), bool)
                0x00000000c000c582                setupINTS()
                0x00000000c000c5df                convertLegacyIRQNumber(int)
 *fill*         0x00000000c000c621        0x1 
 .text          0x00000000c000c622      0x8be hal/keybrd.32
                0x00000000c000c622                startGUI(void*)
                0x00000000c000c690                startGUIVESA(void*)
                0x00000000c000c6fe                sendKeyToTerminal(unsigned char)
                0x00000000c000c7d9                sendKeyboardToken(KeyboardToken)
                0x00000000c000ccc3                clearInternalKeybuffer(VgaText*)
                0x00000000c000ccf8                readKeyboard(VgaText*, char*, unsigned long)
                0x00000000c000ce56                Keyboard::Keyboard(char const*)
                0x00000000c000ce56                Keyboard::Keyboard(char const*)
                0x00000000c000ce92                Keyboard::~Keyboard()
                0x00000000c000ce92                Keyboard::~Keyboard()
                0x00000000c000ceb6                Keyboard::~Keyboard()
 .text          0x00000000c000cee0      0x3f8 hal/logidisk.32
                0x00000000c000cee0                LogicalDisk::close(int, int, void*)
                0x00000000c000cee4                LogicalDisk::~LogicalDisk()
                0x00000000c000cee4                LogicalDisk::~LogicalDisk()
                0x00000000c000cf08                LogicalDisk::~LogicalDisk()
                0x00000000c000cf32                LogicalDisk::open(int, int, void*)
                0x00000000c000cf46                LogicalDisk::absoluteToRelative(unsigned long long)
                0x00000000c000cf7e                LogicalDisk::relativeToAbsolute(unsigned long long)
                0x00000000c000cfc4                LogicalDisk::LogicalDisk(char const*, PhysicalDisk*, unsigned long long, unsigned long long)
                0x00000000c000cfc4                LogicalDisk::LogicalDisk(char const*, PhysicalDisk*, unsigned long long, unsigned long long)
                0x00000000c000d084                LogicalDisk::assignDriveLetter()
                0x00000000c000d13e                LogicalDisk::mount()
                0x00000000c000d186                LogicalDisk::unmount()
                0x00000000c000d196                LogicalDisk::eject()
                0x00000000c000d1aa                LogicalDisk::unassignDriveLetter()
                0x00000000c000d200                LogicalDisk::read(unsigned long long, int, void*)
                0x00000000c000d26c                LogicalDisk::write(unsigned long long, int, void*)
 .text          0x00000000c000d2d8       0x86 hal/mouse.32
                0x00000000c000d2d8                Mouse::Mouse(char const*)
                0x00000000c000d2d8                Mouse::Mouse(char const*)
                0x00000000c000d310                Mouse::~Mouse()
                0x00000000c000d310                Mouse::~Mouse()
                0x00000000c000d334                Mouse::~Mouse()
 .text          0x00000000c000d35e       0x90 hal/nic.32
                0x00000000c000d35e                NIC::getMAC()
                0x00000000c000d364                NIC::write(int, unsigned char*, int*)
                0x00000000c000d36a                NIC::NIC(char const*)
                0x00000000c000d36a                NIC::NIC(char const*)
                0x00000000c000d3a0                NIC::~NIC()
                0x00000000c000d3a0                NIC::~NIC()
                0x00000000c000d3c4                NIC::~NIC()
 .text          0x00000000c000d3ee      0x33b hal/partition.32
                0x00000000c000d3ee                makePartition(PhysicalDisk*, unsigned long long, unsigned long long)
                0x00000000c000d496                createPartitionsForDisk(PhysicalDisk*)
 *fill*         0x00000000c000d729        0x3 
 .text          0x00000000c000d72c       0x86 hal/serial.32
                0x00000000c000d72c                Serial::Serial(char const*)
                0x00000000c000d72c                Serial::Serial(char const*)
                0x00000000c000d764                Serial::~Serial()
                0x00000000c000d764                Serial::~Serial()
                0x00000000c000d788                Serial::~Serial()
 *fill*         0x00000000c000d7b2        0x2 
 .text          0x00000000c000d7b4      0x234 hal/timer.32
                0x00000000c000d7b4                Timer::Timer(char const*)
                0x00000000c000d7b4                Timer::Timer(char const*)
                0x00000000c000d7ec                Timer::~Timer()
                0x00000000c000d7ec                Timer::~Timer()
                0x00000000c000d810                Timer::~Timer()
                0x00000000c000d83a                Timer::read()
                0x00000000c000d845                setupTimer(int)
                0x00000000c000d880                timerHandler(unsigned int)
 .text          0x00000000c000d9e8      0x444 hal/vcache.32
                0x00000000c000d9e8                VCache::VCache(PhysicalDisk*)
                0x00000000c000d9e8                VCache::VCache(PhysicalDisk*)
                0x00000000c000db58                VCache::invalidateReadBuffer()
                0x00000000c000db68                VCache::writeWriteBuffer()
                0x00000000c000dbb4                VCache::~VCache()
                0x00000000c000dbb4                VCache::~VCache()
                0x00000000c000dc0c                VCache::~VCache()
                0x00000000c000dc34                VCache::write(unsigned long long, int, void*)
                0x00000000c000dd22                VCache::read(unsigned long long, int, void*)
 .text          0x00000000c000de2c      0x4c7 hal/video.32
                0x00000000c000de2c                Video::putrect(int, int, int, int, unsigned int)
                0x00000000c000de78                Video::bitblit(int, int, int, int, int, int, int, unsigned int*)
                0x00000000c000dee8                Video::blit(unsigned int*, int, int, int, int)
                0x00000000c000df66                Video::clearScreen(unsigned int)
                0x00000000c000df9a                Video::putpixel(int, int, unsigned int)
                0x00000000c000dfa8                Video::readPixelApprox(int, int)
                0x00000000c000dfbc                Video::Video(char const*)
                0x00000000c000dfbc                Video::Video(char const*)
                0x00000000c000dff2                Video::~Video()
                0x00000000c000dff2                Video::~Video()
                0x00000000c000e016                Video::~Video()
                0x00000000c000e040                Video::isMonochrome()
                0x00000000c000e04c                Video::getWidth()
                0x00000000c000e058                Video::getHeight()
                0x00000000c000e064                Video::drawCursor(int, int, unsigned int*, int)
                0x00000000c000e120                Video::tgaParse(unsigned char*, int, int*, int*)
                0x00000000c000e288                Video::putTGA(int, int, unsigned char*, int)
 *fill*         0x00000000c000e2f3        0x1 
 .text          0x00000000c000e2f4     0x138b hw/acpi.32
                0x00000000c000e2f4                ACPI::close(int, int, void*)
                0x00000000c000e3a8                findRSDP()
                0x00000000c000e440                loadACPITables(unsigned char*)
                0x00000000c000e6ac                findRSDT(unsigned char*)
                0x00000000c000e804                findDataTable(unsigned char*, char*)
                0x00000000c000e884                scanMADT()
                0x00000000c000ed3c                ACPI::ACPI()
                0x00000000c000ed3c                ACPI::ACPI()
                0x00000000c000ed90                ACPI::getPCIIRQAssignment(unsigned char, unsigned short, unsigned char)
                0x00000000c000ee8c                ACPI::registerPCIIRQAssignment(void*, unsigned short, unsigned char, unsigned char)
                0x00000000c000ef58                ACPI::setScreenBrightnessLevel(void*, int)
                0x00000000c000ef60                ACPI::detectPCI()
                0x00000000c000f180                ACPI::writeSimpleBootFlag(SimpleBootFlagTable*)
                0x00000000c000f1c8                ACPI::sleep()
                0x00000000c000f1e4                ACPI::open(int, int, void*)
 *fill*         0x00000000c000f67f        0x1 
 .text          0x00000000c000f680      0xba5 hw/cpu.32
                0x00000000c000f680                CPU::close(int, int, void*)
                0x00000000c000f684                CPU::AMD_K6_write_msr(unsigned int, unsigned int, unsigned int, CPU::REGS*)
                0x00000000c000f6a0                CPU::AMD_K6_read_msr(unsigned int, CPU::REGS*)
                0x00000000c000f6b8                CPU::AMD_K6_writeback(int, int, int)
                0x00000000c000f72c                CPU::cpuid(int, unsigned long*, unsigned long*, unsigned long*, unsigned long*)
                0x00000000c000f7b0                CPU::cpuidCheckEDX(unsigned int)
                0x00000000c000f7de                CPU::cpuidCheckECX(unsigned int)
                0x00000000c000f80c                CPU::cpuidCheckExtendedEBX(unsigned int)
                0x00000000c000f83a                CPU::cpuidCheckExtendedECX(unsigned int)
                0x00000000c000f868                CPU::CPU()
                0x00000000c000f868                CPU::CPU()
                0x00000000c000f8f6                CPU::displayFeatures()
                0x00000000c000f8f8                CPU::detectFeatures()
                0x00000000c000ffcc                CPU::setupSMEP()
                0x00000000c000ffd8                CPU::setupUMIP()
                0x00000000c000ffe2                CPU::setupTSC()
                0x00000000c000ffec                CPU::setupLargePages()
                0x00000000c000fff6                CPU::setupPAT()
                0x00000000c0010032                CPU::setupMTRR()
                0x00000000c0010034                CPU::setupGlobalPages()
                0x00000000c001003e                CPU::allowUsermodeDataAccess()
                0x00000000c0010050                CPU::prohibitUsermodeDataAccess()
                0x00000000c0010062                CPU::setupSMAP()
                0x00000000c0010070                CPU::setupFeatures()
                0x00000000c001013c                CPU::open(int, int, void*)
 .text          0x00000000c0010225       0xd8 krnl/bootmsg.32
                0x00000000c0010225                KeDisplaySplashScreen()
                0x00000000c001029a                KeSetBootMessage(char const*)
 *fill*         0x00000000c00102fd        0x1 
 .text          0x00000000c00102fe      0x585 krnl/env.32
                0x00000000c00102fe                EnvVarContainer::getEnv(char const*)
                0x00000000c001033c                EnvVarContainer::setEnv(char const*, char const*)
                0x00000000c00103fe                EnvVarContainer::deleteEnv(char const*)
                0x00000000c0010400                EnvVarContainer::loadFrom(char const*, char const*)
                0x00000000c00105ea                EnvVarContainer::__loadSystem()
                0x00000000c0010604                EnvVarContainer::__loadUser()
                0x00000000c0010606                EnvVarContainer::EnvVarContainer(Process*)
                0x00000000c0010606                EnvVarContainer::EnvVarContainer(Process*)
                0x00000000c0010628                EnvVarContainer::~EnvVarContainer()
                0x00000000c0010628                EnvVarContainer::~EnvVarContainer()
                0x00000000c0010658                Krnl::getEnv(Process*, char const*)
                0x00000000c00106bd                Krnl::setEnvSystem(char const*, char const*)
                0x00000000c00106d7                Krnl::setEnvUser(char const*, char const*)
                0x00000000c00106f6                Krnl::setEnvProcess(Process*, char const*, char const*)
                0x00000000c0010709                Krnl::deleteEnvSystem(char const*)
                0x00000000c001070a                Krnl::deleteEnvUser(char const*)
                0x00000000c001070b                Krnl::deleteEnvProcess(Process*, char const*)
                0x00000000c001070c                Krnl::newProcessEnv(Process*)
                0x00000000c001072e                Krnl::copyProcessEnv(Process*, Process*)
                0x00000000c001077a                Krnl::loadSystemEnv()
                0x00000000c00107a8                Krnl::loadUserEnv()
                0x00000000c00107ce                Krnl::flushEnv()
                0x00000000c00107cf                Krnl::getProcessTotalEnvCount(Process*)
                0x00000000c00107ef                Krnl::getProcessEnvPair(Process*, int)
 .text          0x00000000c0010883       0x94 krnl/inlines.32
                0x00000000c0010883                CPU::current()
                0x00000000c001088f                operator new(unsigned long)
                0x00000000c0010894                operator delete(void*)
                0x00000000c0010899                disableIRQs()
                0x00000000c001089b                enableIRQs()
                0x00000000c001089d                lockScheduler()
                0x00000000c00108a5                unlockScheduler()
                0x00000000c00108b4                lockStuff()
                0x00000000c00108c2                unlockStuff()
                0x00000000c00108fc                Virt::getAKernelVAS()
                0x00000000c0010902                __not_memcpy
 .text          0x00000000c0010917        0xc krnl/panic.32
                0x00000000c0010917                KePanic(char const*)
 .text          0x00000000c0010923      0x142 krnl/powctrl.32
                0x00000000c0010923                Krnl::powerThread(void*)
                0x00000000c0010951                Krnl::changePowerSettings(Krnl::PowerSettings)
                0x00000000c0010967                Krnl::userIOReceived()
                0x00000000c0010972                Krnl::handlePowerButton()
                0x00000000c00109a7                Krnl::handleSleepButton()
                0x00000000c00109dc                Krnl::setupPowerManager()
 .text          0x00000000c0010a65       0x9d krnl/random.32
                0x00000000c0010a65                KeRand()
                0x00000000c0010aa7                KeSeedRand(unsigned int)
                0x00000000c0010ad0                KeInitRand()
 *fill*         0x00000000c0010b02        0x2 
 .text          0x00000000c0010b04      0x1bc krnl/resolve.32
                0x00000000c0010b04                KeResolveCompatibilitySymbol(char*)
 .text          0x00000000c0010cc0      0x313 krnl/signal.32
                0x00000000c0010cc0                KiSigKill(int)
                0x00000000c0010cd4                KiDefaultSignalHandlerIgnore(int)
                0x00000000c0010cd5                KiDefaultSignalHandlerPause(int)
                0x00000000c0010d01                KiDefaultSignalHandlerResume(int)
                0x00000000c0010d2d                KeDeinitSignals(SigHandlerBlock*)
                0x00000000c0010d32                KeInitSignals()
                0x00000000c0010d7d                KeRegisterSignalHandler(SigHandlerBlock*, int, void (*)(int), unsigned int, int)
                0x00000000c0010db3                KeRaiseSignal(SigHandlerBlock*, int)
                0x00000000c0010e30                KeCheckSignal(SigHandlerBlock*, int*)
                0x00000000c0010f1f                KiCheckSignalZ
                0x00000000c0010f61                KeCompleteSignal(SigHandlerBlock*, int)
                0x00000000c0010f9c                KiFinishSignalZ
 .text          0x00000000c0010fd3      0xc61 krnl/syscalls.32
                0x00000000c0010fd3                SysSeekDir(regs*)
                0x00000000c0010fd8                SysTellDir(regs*)
                0x00000000c0010fdd                SysVerify(regs*)
                0x00000000c0010fe7                SysGetArgc(regs*)
                0x00000000c0010ffb                SysTTYName(regs*)
                0x00000000c0011003                SysFormatDisk(regs*)
                0x00000000c001107a                SysSetDiskVolumeLabel(regs*)
                0x00000000c00110ce                SysGetDiskVolumeLabel(regs*)
                0x00000000c0011127                SysShutdown(regs*)
                0x00000000c0011185                SysRealpath(regs*)
                0x00000000c00111ca                SysReadDir(regs*)
                0x00000000c001124a                SysIsATTY(regs*)
                0x00000000c00112a4                SysSeek(regs*)
                0x00000000c00112fb                SysTell(regs*)
                0x00000000c0011368                SysSize(regs*)
                0x00000000c00113db                SysSizeFromFilename(regs*)
                0x00000000c001148c                SysClose(regs*)
                0x00000000c00114ec                SysOpenDir(regs*)
                0x00000000c0011569                SysMakeDir(regs*)
                0x00000000c00115d7                SysCloseDir(regs*)
                0x00000000c001162b                SysWait(regs*)
                0x00000000c001164c                SysNotImpl(regs*)
                0x00000000c0011667                SysPanic(regs*)
                0x00000000c0011682                SysRmdir(regs*)
                0x00000000c00116e7                SysUnlink(regs*)
                0x00000000c001174c                SysGetArgv(regs*)
                0x00000000c0011799                SysUSleep(regs*)
                0x00000000c00117c2                SysSpawn(regs*)
                0x00000000c0011835                SysGetEnv(regs*)
                0x00000000c00118e6                SysSetFatAttrib(regs*)
                0x00000000c0011959                SysPipe(regs*)
                0x00000000c001199e                SysGetUnixTime(regs*)
                0x00000000c00119b2                string_ends_with(char const*, char const*)
                0x00000000c00119fa                SysOpen(regs*)
                0x00000000c0011bf2                KeSystemCall(regs*, void*)
 .text          0x00000000c0011c34      0x159 net/ethernet.32
                0x00000000c0011c34                KeSwitchEndian16(unsigned short)
                0x00000000c0011c58                KeSwitchEndian32(unsigned int)
                0x00000000c0011c88                EthernetCRC32(unsigned char*, int)
                0x00000000c0011d2c                EthernetReceivedPacket(EthernetUnwrappedFrame*, unsigned short)
 .text          0x00000000c0011d8d      0xd56 reg/cm.32
                0x00000000c0011d8d                CmOpen(char const*)
                0x00000000c0011eab                CmClose(Reghive_Tag*)
                0x00000000c0011ec1                CmReadExtent(Reghive_Tag*, int, unsigned char*)
                0x00000000c0011efd                CmGetString(Reghive_Tag*, int, char*)
                0x00000000c0011f74                CmEnterDirectory(Reghive_Tag*, int)
                0x00000000c0011fb3                CmGetNext(Reghive_Tag*, int)
                0x00000000c0011fe5                CmWriteExtent(Reghive_Tag*, int, unsigned char*)
                0x00000000c0012021                CmFreeExtent(Reghive_Tag*, int)
                0x00000000c0012049                CmUpdateHeader(Reghive_Tag*)
                0x00000000c001206a                CmExpand(Reghive_Tag*, int)
                0x00000000c00120e5                CmFindUnusedExtent(Reghive_Tag*)
                0x00000000c001216b                CmCreateExtent(Reghive_Tag*, int, int, unsigned char*)
                0x00000000c001225f                CmSetString(Reghive_Tag*, int, char const*)
                0x00000000c001239b                CmGetMatch(char*, char*, bool, bool*)
                0x00000000c00123fc                CmAddShift(unsigned int*, int*, unsigned char, int)
                0x00000000c001242c                CmGetShift(unsigned int*, int*, int, bool*)
                0x00000000c0012463                CmGetInteger(Reghive_Tag*, int, unsigned long long*)
                0x00000000c001248d                CmSetInteger(Reghive_Tag*, int, unsigned long long)
                0x00000000c00124cd                CmConvertFromInternalFilename(unsigned char const*, char*)
                0x00000000c0012571                CmGetNameAndTypeFromExtent(Reghive_Tag*, int, char*)
                0x00000000c001259f                CmConvertToInternalFilename(char const*, unsigned char*)
                0x00000000c001273d                CmCreateString(Reghive_Tag*, int, char const*)
                0x00000000c001278a                CmFindInDirectory(Reghive_Tag*, int, char const*)
                0x00000000c0012804                CmCreateInteger(Reghive_Tag*, int, char const*, unsigned long long, int)
                0x00000000c0012857                CmCreateDirectory(Reghive_Tag*, int, char const*)
                0x00000000c001291b                zStrtok(char*, char const*)
                0x00000000c001298d                CmFindObjectFromPath(Reghive_Tag*, char const*)
                0x00000000c0012a0e                CmDisplayTree(Reghive_Tag*, int, int)
                0x00000000c0012ab1                CmSplitFinalSlashInPlace(char*)
 .text          0x00000000c0012ae3      0x52a reg/registry.32
                0x00000000c0012ae3                Reg::findLineFromLoadedData(char*, char*, char*)
                0x00000000c0012c54                Reg::getLineFromRegistry(char*, char*, char*, char*)
                0x00000000c0012da9                Reg::getLine(char*, char*, char*)
                0x00000000c0012de0                Reg::readInt(char*, char*, int*)
                0x00000000c0012ece                Reg::readString(char*, char*, char*, int)
                0x00000000c0012f4f                Reg::readBool(char*, char*, bool*)
                0x00000000c0012f74                Reg::readBoolWithDefault(char*, char*, bool)
                0x00000000c0012fa0                Reg::readIntWithDefault(char*, char*, int)
                0x00000000c0012fcc                Reg::readStringWithDefault(char*, char*, char*, int, char*)
 .text          0x00000000c001300d       0x36 sys/eject.32
                0x00000000c001300d                SysEject(regs*)
 .text          0x00000000c0013043       0x18 sys/exit.32
                0x00000000c0013043                SysExit(regs*)
 .text          0x00000000c001305b       0x1f sys/getcwd.32
                0x00000000c001305b                SysGetCwd(regs*)
 .text          0x00000000c001307a        0xc sys/getpid.32
                0x00000000c001307a                SysGetPID(regs*)
 .text          0x00000000c0013086       0x1a sys/getramdata.32
                0x00000000c0013086                SysGetRAMData(regs*)
 .text          0x00000000c00130a0       0x82 sys/getvgaptr.32
                0x00000000c00130a0                SysGetVGAPtr(regs*)
 *fill*         0x00000000c0013122        0x2 
 .text          0x00000000c0013124       0xb9 sys/kill.32
                0x00000000c0013124                SysKill(regs*)
 .text          0x00000000c00131dd       0xa8 sys/loaddll.32
                0x00000000c00131dd                SysLoadDLL(regs*)
 .text          0x00000000c0013285       0x68 sys/read.32
                0x00000000c0013285                SysRead(regs*)
 .text          0x00000000c00132ed       0x29 sys/registersignal.32
                0x00000000c00132ed                SysRegisterSignal(regs*)
 .text          0x00000000c0013316      0x19c sys/registry.32
                0x00000000c0013316                SysRegistryGetTypeFromPath(regs*)
                0x00000000c001338d                SysRegistryReadExtent(regs*)
                0x00000000c00133d5                SysRegistryPathToExtentLookup(regs*)
                0x00000000c00133fd                SysRegistryEnterDirectory(regs*)
                0x00000000c0013425                SysRegistryGetNext(regs*)
                0x00000000c001344d                SysRegistryGetNameAndTypeFromExtent(regs*)
                0x00000000c0013487                SysRegistryOpen(regs*)
                0x00000000c001349b                SysRegistryClose(regs*)
 .text          0x00000000c00134b2       0x55 sys/sbrk.32
                0x00000000c00134b2                SysSbrk(regs*)
 .text          0x00000000c0013507       0x1c sys/setcwd.32
                0x00000000c0013507                SysSetCwd(regs*)
 .text          0x00000000c0013523       0x96 sys/settime.32
                0x00000000c0013523                SysSetTime(regs*)
 .text          0x00000000c00135b9       0x4a sys/timezone.32
                0x00000000c00135b9                SysTimezone(regs*)
 .text          0x00000000c0013603       0x68 sys/write.32
                0x00000000c0013603                SysWrite(regs*)
 .text          0x00000000c001366b       0x62 sys/wsbe.32
                0x00000000c001366b                SysWsbe(regs*)
 .text          0x00000000c00136cd       0x25 sys/yield.32
                0x00000000c00136cd                SysYield(regs*)
 .text          0x00000000c00136f2     0x11e6 thr/elf.32
                0x00000000c00136f2                Thr::allocateMemoryForTask(Process*, File*, unsigned long, unsigned long, unsigned long)
                0x00000000c0013980                Thr::loadProgramIntoMemory(Process*, char const*)
                0x00000000c0013b92                Thr::runtimeReferenceHelper()
                0x00000000c0013ba5                Thr::getAddressOfKernelSymbol(char const*)
                0x00000000c0013bf4                Thr::loadKernelSymbolTable(char const*)
                0x00000000c0013eb2                Thr::loadDriverIntoMemory(char const*, unsigned long, bool)
                0x00000000c00145eb                Thr::getDriverBaseFromAddress(unsigned long)
                0x00000000c001461d                Thr::getDriverNameFromAddress(unsigned long)
                0x00000000c0014654                Thr::getDriverOffsetFromAddress(unsigned long)
                0x00000000c001466e                Thr::loadDLL(char const*, bool)
                0x00000000c001489f                Thr::executeDLL(unsigned long, void*)
 .text          0x00000000c00148d8     0x13d9 thr/prcssthr.32
                0x00000000c00148d8                userModeEntryPoint(void*)
                0x00000000c0014900                changeTSS
                0x00000000c0014930                switchToThread(ThreadControlBlock*)
                0x00000000c00149e0                Process::addArgs(char**)
                0x00000000c0014a4c                Process::Process(char const*, Process*, char**)
                0x00000000c0014a4c                Process::Process(char const*, Process*, char**)
                0x00000000c0014c58                Process::Process(bool, char const*, Process*, char**)
                0x00000000c0014c58                Process::Process(bool, char const*, Process*, char**)
                0x00000000c0014e2c                taskStartupFunction
                0x00000000c0014e38                Semaphore::Semaphore(int)
                0x00000000c0014e38                Semaphore::Semaphore(int)
                0x00000000c0014e68                Mutex::Mutex()
                0x00000000c0014e68                Mutex::Mutex()
                0x00000000c0014e7c                Process::createThread(void (*)(void*), void*, int)
                0x00000000c0014f88                Process::createUserThread()
                0x00000000c0014fa8                setupMultitasking(void (*)())
                0x00000000c00150cc                schedule()
                0x00000000c0015160                Semaphore::tryAcquire()
                0x00000000c0015234                Semaphore::assertLocked(char const*)
                0x00000000c00152b8                blockTaskWithSchedulerLockAlreadyHeld(TaskState)
                0x00000000c00152e0                blockTask(TaskState)
                0x00000000c0015318                waitTask(int, int*, int)
                0x00000000c001535c                milliTenthSleepUntil(unsigned int)
                0x00000000c00153fc                milliTenthSleep(unsigned int)
                0x00000000c0015410                sleep(unsigned int)
                0x00000000c001542c                Semaphore::acquire()
                0x00000000c00154f4                taskReturned
                0x00000000c0015538                Thr::processFromPID(int)
                0x00000000c00155e4                unblockTask(ThreadControlBlock*)
                0x00000000c0015690                cleanupTerminatedTask(ThreadControlBlock*)
                0x00000000c0015964                cleanerTaskFunction(void*)
                0x00000000c0015a6c                terminateTask(int)
                0x00000000c0015b58                Thr::terminateFromIRQ(int)
                0x00000000c0015b68                Semaphore::release()
 .text          0x00000000c0015cb1      0xbe8 vm86/vm8086.32
                0x00000000c0015cb1                Vm::inbv(unsigned short)
                0x00000000c0015cc4                Vm::outbv(unsigned short, unsigned char)
                0x00000000c0015cfa                Vm::realToLinear(unsigned short, unsigned short)
                0x00000000c0015d0a                Vm::getSegment(unsigned int)
                0x00000000c0015d12                Vm::getOffset(unsigned int)
                0x00000000c0015d17                Vm::mainloop2()
                0x00000000c0015d51                Vm::mainVm8086Loop(void*)
                0x00000000c0015d61                Vm::mainloop3(unsigned long)
                0x00000000c0015d87                Vm::initialise8086()
                0x00000000c0015dca                Vm::finish8086()
                0x00000000c0015e2b                Vm::getOutput8086(unsigned char*)
                0x00000000c0015e50                Vm::start8086FromBuffer(unsigned char*, int, unsigned short, unsigned short, unsigned short, unsigned short)
                0x00000000c0015f09                Vm::start8086(char const*, unsigned short, unsigned short, unsigned short, unsigned short)
                0x00000000c0016098                Vm::doISR(regs*, int, unsigned char*, unsigned short, unsigned short)
                0x00000000c0016121                Vm::readByteFromReal(unsigned short, unsigned short)
                0x00000000c0016132                Vm::readWordFromReal(unsigned short, unsigned short)
                0x00000000c0016144                Vm::readDwordFromReal(unsigned short, unsigned short)
                0x00000000c0016155                Vm::writeByteFromReal(unsigned short, unsigned short, unsigned char)
                0x00000000c001616a                Vm::writeWordFromReal(unsigned short, unsigned short, unsigned short)
                0x00000000c0016180                Vm::writeDwordFromReal(unsigned short, unsigned short, unsigned int)
                0x00000000c0016195                Vm::faultHandler(regs*)
 .text          0x00000000c0016899      0xabf arch/i386/hal.32
                0x00000000c0016899                noCopro(unsigned long)
                0x00000000c001689a                nmiHandler(regs*, void*)
                0x00000000c00168b3                doubleFault(regs*, void*)
                0x00000000c00168cc                displayDebugInfo(regs*)
                0x00000000c0016c28                HalSystemIdle()
                0x00000000c0016ca4                displayProgramFault(char const*)
                0x00000000c0016cf0                gpFault(regs*, void*)
                0x00000000c0016d57                pgFault(regs*, void*)
                0x00000000c0016de0                otherISRHandler(regs*, void*)
                0x00000000c0016e14                opcodeFault(regs*, void*)
                0x00000000c0016e97                i386SaveCoprocessor(void*)
                0x00000000c0016eab                i386LoadCoprocessor(void*)
                0x00000000c0016ebf                x87EmulHandler(regs*, void*)
                0x00000000c0016f5c                HalInitialiseCoprocessor()
                0x00000000c001700a                HalPanic(char const*)
                0x00000000c0017116                HalQueryPerformanceCounter()
                0x00000000c0017131                HalInitialise()
                0x00000000c00172e7                HalMakeBeep(int)
                0x00000000c0017321                HalGetRand()
                0x00000000c0017324                HalEndOfInterrupt(int)
                0x00000000c0017355                HalRestart()
                0x00000000c0017356                HalShutdown()
                0x00000000c0017357                HalSleep()
 .text          0x00000000c0017358      0x2dc arch/i386/pic.32
                0x00000000c0017358                picIoWait()
                0x00000000c0017360                picDisable()
                0x00000000c0017394                picGetIRQReg(int)
                0x00000000c0017410                picOpen()
                0x00000000c0017594                picEOI(int)
 .text          0x00000000c0017634      0x674 arch/i386/rtc.32
                0x00000000c0017634                RTC::open(int, int, void*)
                0x00000000c0017638                RTC::close(int, int, void*)
                0x00000000c001763c                RTC::timeInSecondsUTC()
                0x00000000c001764e                RTC::timeInDatetimeUTC()
                0x00000000c0017674                RTC::setTimeInSecondsUTC(unsigned long long)
                0x00000000c00176b2                RTC::~RTC()
                0x00000000c00176b2                RTC::~RTC()
                0x00000000c00176d6                RTC::~RTC()
                0x00000000c0017700                RTC::get_update_in_progress_flag()
                0x00000000c001771a                RTC::completeRTCRefresh()
                0x00000000c00179fa                RTC::setTimeInDatetimeUTC(datetime_t)
                0x00000000c0017ba8                rtcIRQHandler(regs*, void*)
                0x00000000c0017bee                RTC::RTC()
                0x00000000c0017bee                RTC::RTC()
 .text          0x00000000c0017ca8      0x1f4 arch/i386/vga.32
                0x00000000c0017ca8                HalConsoleScroll(int, int)
                0x00000000c0017db0                HalConsoleWriteCharacter(char, int, int, int, int)
                0x00000000c0017e14                HalConsoleCursorUpdate(int, int)
 .text          0x00000000c0017e9c     0x1463 fs/fat/vfslink.32
                0x00000000c0017e9c                FAT::getName()
                0x00000000c0017ea4                FAT::tell(void*, unsigned long long*)
                0x00000000c0017ee0                FAT::stat(void*, unsigned long long*)
                0x00000000c0017f1c                FAT::~FAT()
                0x00000000c0017f1c                FAT::~FAT()
                0x00000000c0017f40                FAT::~FAT()
                0x00000000c0017f68                FAT::getlabel(LogicalDisk*, int, char*, unsigned int*)
                0x00000000c001800c                FAT::setlabel(LogicalDisk*, int, char*)
                0x00000000c00180d0                FAT::format(LogicalDisk*, int, char const*, int)
                0x00000000c00182b4                FAT::tryMount(LogicalDisk*, int)
                0x00000000c00184d0                FAT::allocateSwapfile(char const*, int)
                0x00000000c0018690                FAT::readDir(void*, unsigned long, void*, int*)
                0x00000000c0018800                FAT::read(void*, unsigned long, void*, int*)
                0x00000000c0018860                FAT::write(void*, unsigned long, void*, int*)
                0x00000000c00188c0                FAT::close(void*)
                0x00000000c0018914                FAT::closeDir(void*)
                0x00000000c0018968                FAT::seek(void*, unsigned long long)
                0x00000000c00189c0                fatWrapperReadDisk
                0x00000000c0018a00                fatWrapperWriteDisk
                0x00000000c0018a40                fatWrapperIoctl
                0x00000000c0018b5c                FAT::FAT()
                0x00000000c0018b5c                FAT::FAT()
                0x00000000c0018bb4                FAT::fixFilepath(char*)
                0x00000000c0018bf4                FAT::open(char const*, void**, FileOpenMode)
                0x00000000c0018d68                FAT::openDir(char const*, void**)
                0x00000000c0018e18                FAT::stat(char const*, unsigned long long*, bool*)
                0x00000000c0018f10                FAT::unlink(char const*)
                0x00000000c0018f90                FAT::chfatattr(char const*, unsigned char, unsigned char)
                0x00000000c0019144                FAT::rename(char const*, char const*)
                0x00000000c0019210                FAT::mkdir(char const*)
                0x00000000c0019290                FAT::exists(char const*)
 *fill*         0x00000000c00192ff        0x1 
 .text          0x00000000c0019300       0x94 fs/iso9660/helper.32
                0x00000000c0019300                isoReadDiscSectorHelper
                0x00000000c001935c                iso_kprintf
                0x00000000c0019378                iso_kprintfd
 .text          0x00000000c0019394      0x716 fs/iso9660/vfslink.32
                0x00000000c0019394                ISO9660::format(LogicalDisk*, int, char const*, int)
                0x00000000c001939a                ISO9660::getName()
                0x00000000c00193a0                ISO9660::closeDir(void*)
                0x00000000c00193aa                ISO9660::chfatattr(char const*, unsigned char, unsigned char)
                0x00000000c00193b0                ISO9660::unlink(char const*)
                0x00000000c00193b6                ISO9660::write(void*, unsigned long, void*, int*)
                0x00000000c00193bc                ISO9660::rename(char const*, char const*)
                0x00000000c00193c2                ISO9660::mkdir(char const*)
                0x00000000c00193c8                ISO9660::~ISO9660()
                0x00000000c00193c8                ISO9660::~ISO9660()
                0x00000000c00193ec                ISO9660::~ISO9660()
                0x00000000c0019414                ISO9660::exists(char const*)
                0x00000000c0019428                ISO9660::open(char const*, void**, FileOpenMode)
                0x00000000c001950e                ISO9660::read(void*, unsigned long, void*, int*)
                0x00000000c0019556                ISO9660::seek(void*, unsigned long long)
                0x00000000c0019598                ISO9660::tell(void*, unsigned long long*)
                0x00000000c00195d6                ISO9660::stat(void*, unsigned long long*)
                0x00000000c0019628                ISO9660::stat(char const*, unsigned long long*, bool*)
                0x00000000c001976a                ISO9660::close(void*)
                0x00000000c001979a                ISO9660::openDir(char const*, void**)
                0x00000000c0019874                ISO9660::readDir(void*, unsigned long, void*, int*)
                0x00000000c0019991                readSectorFromCDROM(unsigned int, unsigned char*, char)
                0x00000000c0019a10                ISO9660::tryMount(LogicalDisk*, int)
                0x00000000c0019a82                ISO9660::ISO9660()
                0x00000000c0019a82                ISO9660::ISO9660()
 .text          0x00000000c0019aaa      0x26c hal/sound/sndcard.32
                0x00000000c0019aaa                SoundCard::beginPlayback()
                0x00000000c0019ab8                SoundCard::stopPlayback()
                0x00000000c0019ac6                SoundCard::SoundCard(char const*)
                0x00000000c0019ac6                SoundCard::SoundCard(char const*)
                0x00000000c0019b64                SoundCard::~SoundCard()
                0x00000000c0019b64                SoundCard::~SoundCard()
                0x00000000c0019b88                SoundCard::~SoundCard()
                0x00000000c0019bb2                SoundCard::configureRates(int, int, int)
                0x00000000c0019be2                SoundCard::getSamples16(int, short*)
                0x00000000c0019c3e                SoundCard::getSamples32(int, int*)
                0x00000000c0019cc4                SoundCard::addChannel(SoundPort*)
                0x00000000c0019d02                SoundCard::removeChannel(int)
 *fill*         0x00000000c0019d16        0x2 
 .text          0x00000000c0019d18      0x38a hal/sound/sndport.32
                0x00000000c0019d18                SoundPort::SoundPort(int, int, int, int)
                0x00000000c0019d18                SoundPort::SoundPort(int, int, int, int)
                0x00000000c0019da4                SoundPort::~SoundPort()
                0x00000000c0019da4                SoundPort::~SoundPort()
                0x00000000c0019dd8                SoundPort::unpause()
                0x00000000c0019de4                SoundPort::pause()
                0x00000000c0019df0                SoundPort::getBufferUsed()
                0x00000000c0019df8                SoundPort::getBufferSize()
                0x00000000c0019e00                SoundPort::buffer16(short*, int)
                0x00000000c0019e8c                SoundPort::buffer32(int*, int)
                0x00000000c0019f18                SoundPort::unbufferAndAdd16(int, short*, SoundCard*)
                0x00000000c0019fe4                SoundPort::unbufferAndAdd32(int, int*, SoundCard*)
 .text          0x00000000c001a0a2        0x0 hw/bus/isa.32
 .text          0x00000000c001a0a2      0xbb7 hw/bus/pci.32
                0x00000000c001a0a2                PCI::open(int, int, void*)
                0x00000000c001a0c0                PCI::close(int, int, void*)
                0x00000000c001a0c4                PCI::PCI()
                0x00000000c001a0c4                PCI::PCI()
                0x00000000c001a15c                PCI::readBAR8(unsigned int, int)
                0x00000000c001a178                PCI::readBAR16(unsigned int, int)
                0x00000000c001a196                PCI::readBAR32(unsigned int, int)
                0x00000000c001a1b2                PCI::writeBAR8(unsigned int, unsigned char, int)
                0x00000000c001a1d2                PCI::writeBAR16(unsigned int, unsigned short, int)
                0x00000000c001a1f4                PCI::writeBAR32(unsigned int, unsigned int, int)
                0x00000000c001a214                PCI::legacyMechanism(unsigned char, unsigned char, unsigned char, unsigned char)
                0x00000000c001a28a                PCI::pciReadWord(unsigned char, unsigned char, unsigned char, unsigned char)
                0x00000000c001a334                PCI::getVendorID(unsigned char, unsigned char, unsigned char)
                0x00000000c001a358                PCI::getHeaderType(unsigned char, unsigned char, unsigned char)
                0x00000000c001a380                PCI::getClassCode(unsigned char, unsigned char, unsigned char)
                0x00000000c001a3ca                PCI::getProgIF(unsigned char, unsigned char, unsigned char)
                0x00000000c001a3f2                PCI::getRevisionID(unsigned char, unsigned char, unsigned char)
                0x00000000c001a416                PCI::getInterruptNumber(unsigned char, unsigned char, unsigned char)
                0x00000000c001a43a                PCI::getSecondaryBus(unsigned char, unsigned char, unsigned char)
                0x00000000c001a462                PCI::getBARAddress(unsigned char, unsigned char, unsigned char, unsigned char)
                0x00000000c001a4c6                PCI::pciWriteWord(unsigned char, unsigned char, unsigned char, unsigned char, unsigned short)
                0x00000000c001a5ae                PCI::pciDetailsToFilepath(PCIDeviceInfo, char*)
                0x00000000c001a874                PCI::checkBus(unsigned char)
                0x00000000c001a898                PCI::foundDevice(PCIDeviceInfo)
                0x00000000c001aa12                PCI::getDeviceData(unsigned char, unsigned char, unsigned char)
                0x00000000c001ab8e                PCI::checkDevice(unsigned char, unsigned char)
                0x00000000c001ac00                PCI::detect()
 *fill*         0x00000000c001ac59        0x1 
 .text          0x00000000c001ac5a      0xb9a hw/diskctrl/ide.32
                0x00000000c001ac5a                IDE::close(int, int, void*)
                0x00000000c001ac5e                IDE::IDE()
                0x00000000c001ac5e                IDE::IDE()
                0x00000000c001ac92                IDE::prepareInterrupt(unsigned char)
                0x00000000c001aca4                selectDrive(unsigned char, unsigned char)
                0x00000000c001aca6                IDE::getBase(unsigned char)
                0x00000000c001acb8                IDE::write(unsigned char, unsigned char, unsigned char)
                0x00000000c001ad78                IDE::read(unsigned char, unsigned char)
                0x00000000c001ae26                IDE::waitInterrupt(unsigned char)
                0x00000000c001ae88                ideChannel0IRQHandler(regs*, void*)
                0x00000000c001aea4                ideChannel1IRQHandler(regs*, void*)
                0x00000000c001aec0                IDE::enableIRQs(unsigned char, bool)
                0x00000000c001af0a                IDE::open(int, int, void*)
                0x00000000c001b348                IDE::readBuffer(unsigned char, unsigned char, unsigned int, unsigned int)
                0x00000000c001b418                IDE::detect()
                0x00000000c001b6e6                IDE::printError(unsigned char, unsigned char, unsigned char)
                0x00000000c001b7a0                IDE::polling(unsigned char, unsigned int)
 .text          0x00000000c001b7f4      0x32a hw/diskctrl/satabus.32
                0x00000000c001b7f4                SATABus::close(int, int, void*)
                0x00000000c001b7f8                SATABus::detect()
                0x00000000c001b7fa                SATABus::SATABus()
                0x00000000c001b7fa                SATABus::SATABus()
                0x00000000c001b880                SATABus::findCmdslot(SATABus::tagHBA_PORT volatile*)
                0x00000000c001b8b2                SATABus::checkType(SATABus::tagHBA_PORT volatile*)
                0x00000000c001b8fa                SATABus::startCmd(SATABus::tagHBA_PORT volatile*)
                0x00000000c001b91a                SATABus::stopCmd(SATABus::tagHBA_PORT volatile*)
                0x00000000c001b944                SATABus::portRebase(SATABus::tagHBA_PORT volatile*, int)
                0x00000000c001ba54                SATABus::probePort(SATABus::tagHBA_MEM volatile*)
                0x00000000c001bafe                SATABus::open(int, int, void*)
 .text          0x00000000c001bb1e      0x93f hw/diskphys/ata.32
                0x00000000c001bb1e                ATA::close(int, int, void*)
                0x00000000c001bb42                ATA::powerSaving(PowerSavingLevel)
                0x00000000c001bb44                ATA::ATA()
                0x00000000c001bb44                ATA::ATA()
                0x00000000c001bb72                ATA::flush(bool)
                0x00000000c001bbc0                ATA::readyForCommand()
                0x00000000c001bc0c                ATA::access(unsigned long long, int, void*, bool)
                0x00000000c001bfa2                ATA::detectCHS()
                0x00000000c001bfcc                ATA::open(int, int, void*)
                0x00000000c001c098                combineCharAndColour(char, unsigned char)
                0x00000000c001c0a9                combineColours(unsigned char, unsigned char)
                0x00000000c001c0b6                ATA::read(unsigned long long, int, void*)
                0x00000000c001c28c                ATA::write(unsigned long long, int, void*)
 *fill*         0x00000000c001c45d        0x1 
 .text          0x00000000c001c45e      0x618 hw/diskphys/atapi.32
                0x00000000c001c45e                ATAPI::write(unsigned long long, int, void*)
                0x00000000c001c464                ATAPI::close(int, int, void*)
                0x00000000c001c488                ATAPI::ATAPI()
                0x00000000c001c488                ATAPI::ATAPI()
                0x00000000c001c4b6                ATAPI::readyForCommand()
                0x00000000c001c508                ATAPI::sendPacket(unsigned char*, int, bool, unsigned short*, int)
                0x00000000c001c7d0                ATAPI::diskRemoved()
                0x00000000c001c80a                ATAPI::eject()
                0x00000000c001c852                ATAPI::diskInserted()
                0x00000000c001c85e                ATAPI::detectMedia()
                0x00000000c001c91c                ATAPI::open(int, int, void*)
                0x00000000c001c9fc                ATAPI::read(unsigned long long, int, void*)
 .text          0x00000000c001ca76      0x807 hw/diskphys/sata.32
                0x00000000c001ca76                SATA::close(int, int, void*)
                0x00000000c001ca9a                SATA::powerSaving(PowerSavingLevel)
                0x00000000c001ca9c                SATA::open(int, int, void*)
                0x00000000c001cb46                SATA::SATA()
                0x00000000c001cb46                SATA::SATA()
                0x00000000c001cb74                SATA::access(unsigned long long, int, void*, bool)
                0x00000000c001cdc8                SATA::read(unsigned long long, int, void*)
                0x00000000c001d018                SATA::write(unsigned long long, int, void*)
 *fill*         0x00000000c001d27d        0x1 
 .text          0x00000000c001d27e      0x5d0 hw/diskphys/satapi.32
                0x00000000c001d27e                SATAPI::write(unsigned long long, int, void*)
                0x00000000c001d284                SATAPI::close(int, int, void*)
                0x00000000c001d2a8                SATAPI::SATAPI()
                0x00000000c001d2a8                SATAPI::SATAPI()
                0x00000000c001d2d6                SATAPI::diskRemoved()
                0x00000000c001d2d8                SATAPI::diskInserted()
                0x00000000c001d2f4                SATAPI::sendPacket(unsigned char*, int, unsigned long long, unsigned short*, int)
                0x00000000c001d5d2                SATAPI::eject()
                0x00000000c001d60e                SATAPI::detectMedia()
                0x00000000c001d664                SATAPI::open(int, int, void*)
                0x00000000c001d764                SATAPI::read(unsigned long long, int, void*)
 .text          0x00000000c001d84e      0x45b hw/intctrl/apic.32
                0x00000000c001d84e                IOAPIC::close(int, int, void*)
                0x00000000c001d854                apicGetBase()
                0x00000000c001d89a                IOAPIC::IOAPIC()
                0x00000000c001d89a                IOAPIC::IOAPIC()
                0x00000000c001d8c2                apicOpen()
                0x00000000c001da3e                IOAPIC::handlesGSIWithNumber(unsigned int)
                0x00000000c001da70                IOAPIC::read(int)
                0x00000000c001da98                IOAPIC::open(int, int, void*)
                0x00000000c001db7e                IOAPIC::write(int, int)
                0x00000000c001dbaa                IOAPIC::redirect(unsigned char, unsigned long long, unsigned char, bool, bool)
 *fill*         0x00000000c001dca9        0x3 
 .text          0x00000000c001dcac       0xf0 hw/timer/apictimer.32
                0x00000000c001dcac                APICTimer::close(int, int, void*)
                0x00000000c001dcb4                apicTimerHandler(regs*, void*)
                0x00000000c001dcdc                APICTimer::open(int, int, void*)
                0x00000000c001dd4c                APICTimer::write(int)
                0x00000000c001dd74                APICTimer::APICTimer()
                0x00000000c001dd74                APICTimer::APICTimer()
 .text          0x00000000c001dd9c      0x1ad hw/timer/pit.32
                0x00000000c001dd9c                PIT::write(int)
                0x00000000c001de20                pitHandler(regs*, void*)
                0x00000000c001de48                PIT::open(int, int, void*)
                0x00000000c001de98                PIT::close(int, int, void*)
                0x00000000c001dec8                PIT::PIT()
                0x00000000c001dec8                PIT::PIT()
 *fill*         0x00000000c001df49        0x7 
 .text          0x00000000c001df50       0x83 arch/i386/avx.32
                0x00000000c001df50                avxDetect
                0x00000000c001df7a                avxSave
                0x00000000c001df8b                avxLoad
                0x00000000c001df9c                avxInit
                0x00000000c001dfbe                avxClose
                0x00000000c001dfbf                wouldSheSayYes
 *fill*         0x00000000c001dfd3        0xd 
 .text          0x00000000c001dfe0      0x2ec arch/i386/interrupt.32
                0x00000000c001dfe0                isr0
                0x00000000c001dff0                isr1
                0x00000000c001dffa                isr2
                0x00000000c001e004                isr3
                0x00000000c001e00e                isr4
                0x00000000c001e018                isr5
                0x00000000c001e022                isr6
                0x00000000c001e02c                isr7
                0x00000000c001e036                isr8
                0x00000000c001e03e                isr9
                0x00000000c001e048                isr10
                0x00000000c001e050                isr11
                0x00000000c001e058                isr12
                0x00000000c001e060                isr13
                0x00000000c001e07a                isr14
                0x00000000c001e082                isr15
                0x00000000c001e08c                isr16
                0x00000000c001e096                isr17
                0x00000000c001e0a0                isr18
                0x00000000c001e0aa                irq3
                0x00000000c001e0b4                irq4
                0x00000000c001e0be                irq5
                0x00000000c001e0c8                irq6
                0x00000000c001e0d2                irq7
                0x00000000c001e0dc                irq8
                0x00000000c001e0e6                irq9
                0x00000000c001e0f0                irq10
                0x00000000c001e0fa                irq11
                0x00000000c001e104                irq12
                0x00000000c001e10e                irq13
                0x00000000c001e118                irq14
                0x00000000c001e122                irq15
                0x00000000c001e12c                irq1
                0x00000000c001e133                irq2
                0x00000000c001e13a                isr96
                0x00000000c001e141                irq0
                0x00000000c001e146                int_common_stub
                0x00000000c001e178                syscall_common_stub
                0x00000000c001e27c                irq16
                0x00000000c001e286                irq17
                0x00000000c001e290                irq18
                0x00000000c001e29a                irq19
                0x00000000c001e2a4                irq20
                0x00000000c001e2ae                irq21
                0x00000000c001e2b8                irq22
                0x00000000c001e2c2                irq23
 *fill*         0x00000000c001e2cc        0x4 
 .text          0x00000000c001e2d0       0x10 arch/i386/rdrand.32
                0x00000000c001e2d0                i386GetRDRAND
 .text          0x00000000c001e2e0       0x39 arch/i386/sse.32
                0x00000000c001e2e0                absolutelyNoChanceInHell
                0x00000000c001e2e0                sseDetect
                0x00000000c001e2f8                sseSave
                0x00000000c001e300                sseLoad
                0x00000000c001e308                sseInit
                0x00000000c001e318                sseClose
 *fill*         0x00000000c001e319        0x7 
 .text          0x00000000c001e320       0x49 arch/i386/x87.32
                0x00000000c001e326                x87Detect
                0x00000000c001e341                x87Save
                0x00000000c001e348                x87Load
                0x00000000c001e34f                x87Init
                0x00000000c001e368                x87Close
 *fill*         0x00000000c001e369        0x3 
 .text          0x00000000c001e36c       0x25 /cygdrive/d/Users/Alex/Desktop/Toolchain/Output/bin/../lib/gcc/i386-banana/8.1.0/crtend.o
 .text          0x00000000c001e391        0x0 crtn.32
 *fill*         0x00000000c001e391        0x3 
 .text          0x00000000c001e394      0x14b /cygdrive/d/Users/Alex/Desktop/Toolchain/Output/bin/../lib/gcc/i386-banana/8.1.0/libkgcc.a(_divdi3.o)
                0x00000000c001e394                __divdi3
 *fill*         0x00000000c001e4df        0x1 
 .text          0x00000000c001e4e0      0x17e /cygdrive/d/Users/Alex/Desktop/Toolchain/Output/bin/../lib/gcc/i386-banana/8.1.0/libkgcc.a(_moddi3.o)
                0x00000000c001e4e0                __moddi3
 *fill*         0x00000000c001e65e        0x2 
 .text          0x00000000c001e660       0xff /cygdrive/d/Users/Alex/Desktop/Toolchain/Output/bin/../lib/gcc/i386-banana/8.1.0/libkgcc.a(_udivdi3.o)
                0x00000000c001e660                __udivdi3
 *fill*         0x00000000c001e75f        0x1 
 .text          0x00000000c001e760      0x11a /cygdrive/d/Users/Alex/Desktop/Toolchain/Output/bin/../lib/gcc/i386-banana/8.1.0/libkgcc.a(_umoddi3.o)
                0x00000000c001e760                __umoddi3
 *(.gnu.linkonce.t*)

.iplt           0x00000000c001e880        0x0
 .iplt          0x00000000c001e880        0x0 D:/Users/Alex/Desktop/Banana/kernel/boot.32

.init           0x00000000c001e87a        0xf
 .init          0x00000000c001e87a        0x3 crti.32
                0x00000000c001e87a                _init