Archive member included to satisfy reference by file (symbol)

/cygdrive/d/Users/Alex/Desktop/Toolchain/Output/bin/../lib/gcc/i386-banana/8.1.0/libkgcc.a(_divdi3.o)
                              krnl/resolve.32 (__divdi3)
/cygdrive/d/Users/Alex/Desktop/Toolchain/Output/bin/../lib/gcc/i386-banana/8.1.0/libkgcc.a(_moddi3.o)
                              krnl/resolve.32 (__moddi3)
/cygdrive/d/Users/Alex/Desktop/Toolchain/Output/bin/../lib/gcc/i386-banana/8.1.0/libkgcc.a(_udivdi3.o)
                              hal/clock.32 (__udivdi3)
/cygdrive/d/Users/Alex/Desktop/Toolchain/Output/bin/../lib/gcc/i386-banana/8.1.0/libkgcc.a(_umoddi3.o)
                              core/pipe.32 (__umoddi3)

Allocating common symbols
Common symbol       size              file

dcache              0x40              fs/iso9660/iso9660.32
cdDriveLetter       0x1               fs/iso9660/iso9660.32
icache              0x40              fs/iso9660/iso9660.32

Discarded input sections

 .comment       0x0000000000000000       0x12 /cygdrive/d/Users/Alex/Desktop/Toolchain/Output/bin/../lib/gcc/i386-banana/8.1.0/crtbegin.o
 .comment       0x0000000000000000       0x12 acpica/utclib.32
 .comment       0x0000000000000000       0x12 core/malloc.32
 .comment       0x0000000000000000       0x12 libk/ctype.32
 .comment       0x0000000000000000       0x12 libk/string.32
 .comment       0x0000000000000000       0x12 fs/fat/diskio.32
 .comment       0x0000000000000000       0x12 fs/fat/ff.32
 .comment       0x0000000000000000       0x12 fs/fat/ffsystem.32
 .comment       0x0000000000000000       0x12 fs/fat/ffunicode.32
 .comment       0x0000000000000000       0x12 fs/iso9660/iso9660.32
 .group         0x0000000000000000       0x14 core/computer.32
 .group         0x0000000000000000        0xc core/computer.32
 .comment       0x0000000000000000       0x12 core/computer.32
 .comment       0x0000000000000000       0x12 core/gdt.32
 .group         0x0000000000000000        0xc core/idle.32
 .comment       0x0000000000000000       0x12 core/idle.32
 .comment       0x0000000000000000       0x12 core/idt.32
 .comment       0x0000000000000000       0x12 core/kheap.32
 .comment       0x0000000000000000       0x12 core/main.32
 .comment       0x0000000000000000       0x12 core/physmgr.32
 .group         0x0000000000000000        0xc core/pipe.32
 .comment       0x0000000000000000       0x12 core/pipe.32
 .group         0x0000000000000000        0xc core/terminal.32
 .comment       0x0000000000000000       0x12 core/terminal.32
 .comment       0x0000000000000000       0x12 core/tss.32
 .group         0x0000000000000000        0x8 core/unixfile.32
 .group         0x0000000000000000        0x8 core/unixfile.32
 .group         0x0000000000000000        0xc core/unixfile.32
 .group         0x0000000000000000        0x8 core/unixfile.32
 .group         0x0000000000000000        0xc core/unixfile.32
 .group         0x0000000000000000        0x8 core/unixfile.32
 .group         0x0000000000000000        0xc core/unixfile.32
 .group         0x0000000000000000        0xc core/unixfile.32
 .comment       0x0000000000000000       0x12 core/unixfile.32
 .comment       0x0000000000000000       0x12 core/virtmgr.32
 .comment       0x0000000000000000       0x12 coreobjs/c++.32
 .comment       0x0000000000000000       0x12 dbg/kconsole.32
 .group         0x0000000000000000        0xc fs/vfs.32
 .group         0x0000000000000000        0xc fs/vfs.32
 .group         0x0000000000000000        0xc fs/vfs.32
 .comment       0x0000000000000000       0x12 fs/vfs.32
 .group         0x0000000000000000        0xc hal/bus.32
 .comment       0x0000000000000000       0x12 hal/bus.32
 .comment       0x0000000000000000       0x12 hal/buzzer.32
 .group         0x0000000000000000        0xc hal/clock.32
 .comment       0x0000000000000000       0x12 hal/clock.32
 .group         0x0000000000000000       0x14 hal/device.32
 .group         0x0000000000000000        0xc hal/device.32
 .group         0x0000000000000000        0x8 hal/device.32
 .group         0x0000000000000000        0xc hal/device.32
 .group         0x0000000000000000        0xc hal/device.32
 .comment       0x0000000000000000       0x12 hal/device.32
 .group         0x0000000000000000        0xc hal/diskctrl.32
 .comment       0x0000000000000000       0x12 hal/diskctrl.32
 .group         0x0000000000000000        0xc hal/diskphys.32
 .comment       0x0000000000000000       0x12 hal/diskphys.32
 .comment       0x0000000000000000       0x12 hal/fpu.32
 .comment       0x0000000000000000       0x12 hal/intctrl.32
 .group         0x0000000000000000        0xc hal/keybrd.32
 .comment       0x0000000000000000       0x12 hal/keybrd.32
 .group         0x0000000000000000        0xc hal/logidisk.32
 .comment       0x0000000000000000       0x12 hal/logidisk.32
 .group         0x0000000000000000        0xc hal/mouse.32
 .comment       0x0000000000000000       0x12 hal/mouse.32
[...]
Memory Configuration

Name             Origin             Length             Attributes
*default*        0x0000000000000000 0xffffffffffffffff

Linker script and memory map

LOAD D:/Users/Alex/Desktop/Banana/kernel/boot.32
LOAD crti.32
LOAD /cygdrive/d/Users/Alex/Desktop/Toolchain/Output/bin/../lib/gcc/i386-banana/8.1.0/crtbegin.o
LOAD D:/Users/Alex/Desktop/Banana/kernel/morenasm.32
LOAD acpica/utclib.32
LOAD core/malloc.32
LOAD libk/ctype.32
LOAD libk/string.32
LOAD fs/fat/diskio.32
LOAD fs/fat/ff.32
LOAD fs/fat/ffsystem.32
LOAD fs/fat/ffunicode.32
LOAD fs/iso9660/iso9660.32
LOAD core/computer.32
LOAD core/gdt.32
LOAD core/idle.32
LOAD core/idt.32
LOAD core/kheap.32
LOAD core/main.32
LOAD core/physmgr.32
LOAD core/pipe.32
LOAD core/terminal.32
LOAD core/tss.32
LOAD core/unixfile.32
LOAD core/virtmgr.32
LOAD coreobjs/c++.32
LOAD dbg/kconsole.32
LOAD fs/vfs.32
LOAD hal/bus.32
LOAD hal/buzzer.32
LOAD hal/clock.32
LOAD hal/device.32
LOAD hal/diskctrl.32
LOAD hal/diskphys.32
LOAD hal/fpu.32
LOAD hal/intctrl.32
LOAD hal/keybrd.32
LOAD hal/logidisk.32
LOAD hal/mouse.32
LOAD hal/partition.32
LOAD hal/serial.32
LOAD hal/timer.32
LOAD hal/vcache.32
LOAD hal/video.32
LOAD hw/acpi.32
LOAD hw/cpu.32
LOAD krnl/bootmsg.32
LOAD krnl/env.32
LOAD krnl/inlines.32
LOAD krnl/panic.32
LOAD krnl/powctrl.32
LOAD krnl/resolve.32
LOAD krnl/signal.32
LOAD krnl/syscalls.32
LOAD reg/registry.32
LOAD sys/eject.32
LOAD sys/exit.32
LOAD sys/getcwd.32
LOAD sys/getpid.32
LOAD sys/getramdata.32
LOAD sys/getvgaptr.32
LOAD sys/loaddll.32
LOAD sys/read.32
LOAD sys/registersignal.32
LOAD sys/sbrk.32
LOAD sys/setcwd.32
LOAD sys/settime.32
LOAD sys/timezone.32
LOAD sys/write.32
LOAD sys/wsbe.32
LOAD sys/yield.32
LOAD thr/elf.32
LOAD thr/prcssthr.32
LOAD vm86/vm8086.32
LOAD arch/i386/hal.32
LOAD arch/i386/pic.32
LOAD arch/i386/rtc.32
LOAD arch/i386/vga.32
LOAD fs/fat/vfslink.32
LOAD fs/iso9660/helper.32
LOAD fs/iso9660/vfslink.32
LOAD hal/sound/sndcard.32
LOAD hal/sound/sndport.32
LOAD hw/bus/isa.32
LOAD hw/bus/pci.32
LOAD hw/diskctrl/ide.32
LOAD hw/diskctrl/satabus.32
LOAD hw/diskphys/ata.32
LOAD hw/diskphys/atapi.32
LOAD hw/diskphys/sata.32
LOAD hw/diskphys/satapi.32
LOAD hw/intctrl/apic.32
LOAD hw/timer/apictimer.32
LOAD hw/timer/pit.32
LOAD arch/i386/avx.32
LOAD arch/i386/interrupt.32
LOAD arch/i386/rdrand.32
LOAD arch/i386/sse.32
LOAD arch/i386/x87.32
LOAD /cygdrive/d/Users/Alex/Desktop/Toolchain/Output/bin/../lib/gcc/i386-banana/8.1.0/crtend.o
LOAD crtn.32
LOAD /cygdrive/d/Users/Alex/Desktop/Toolchain/Output/bin/../lib/gcc/i386-banana/8.1.0/libkgcc.a
LOAD D:/Users/Alex/Desktop/Banana/kernel/libsoftfp.a
LOAD D:/Users/Alex/Desktop/Banana/kernel/libk/libm32.a
                0x00000000c0000000                . = 0xc0000000

.text           0x00000000c0000000    0x1ca1a
 *(.text)
 .text          0x00000000c0000000       0x20 D:/Users/Alex/Desktop/Banana/kernel/boot.32
 .text          0x00000000c0000020        0x0 crti.32
 .text          0x00000000c0000020      0x101 /cygdrive/d/Users/Alex/Desktop/Toolchain/Output/bin/../lib/gcc/i386-banana/8.1.0/crtbegin.o
 *fill*         0x00000000c0000121        0xf 
 .text          0x00000000c0000130      0x252 D:/Users/Alex/Desktop/Banana/kernel/morenasm.32
                0x00000000c0000130                manualPCIProbe
                0x00000000c000017b                prepareTramp
                0x00000000c0000194                doTPAUSE
                0x00000000c000019e                hasLegacyFPU
                0x00000000c00001c3                is486
                0x00000000c00001f9                detectCPUID
                0x00000000c000020f                goToVM86
                0x00000000c000023f                goToUsermode
                0x00000000c0000269                switchToThreadASMFirstTime
                0x00000000c0000277                switchToThreadASM
                0x00000000c00002ff                asmQuickAcquireLock
                0x00000000c000031d                asmQuickReleaseLock
                0x00000000c0000329                asmAcquireLock
                0x00000000c000034a                asmReleaseLock
                0x00000000c000035d                loadGDT
                0x00000000c000037d                memcpy
 *fill*         0x00000000c0000382        0xe 
 .text          0x00000000c0000390      0x79e acpica/utclib.32
                0x00000000c0000390                memcmp
                0x00000000c00003e0                memmove
                0x00000000c00004d0                memset
                0x00000000c0000540                strlen
                0x00000000c0000570                strpbrk
                0x00000000c00005b0                strtok
                0x00000000c0000600                strcpy
                0x00000000c0000630                strncpy
                0x00000000c00006e0                strcmp
                0x00000000c0000730                strchr
                0x00000000c0000760                strncmp
                0x00000000c00007c0                strcat
                0x00000000c00007f0                strncat
                0x00000000c0000850                strstr
                0x00000000c00008b0                toupper
                0x00000000c00008d0                tolower
                0x00000000c00008f0                simple_strtoul
 .text          0x00000000c0000b2e      0xfad core/malloc.32
                0x00000000c0000c99                dlfree
                0x00000000c0000ff4                dlmalloc
                0x00000000c0001531                dlrealloc
                0x00000000c00016d4                dlmemalign
                0x00000000c00017f7                dlcalloc
                0x00000000c0001891                dlcfree
                0x00000000c0001896                dlindependent_calloc
                0x00000000c00018bb                dlindependent_comalloc
                0x00000000c00018d2                dlvalloc
                0x00000000c00018fd                dlpvalloc
                0x00000000c0001933                dlmalloc_trim
                0x00000000c0001940                dlmalloc_usable_size
                0x00000000c0001971                dlmallinfo
                0x00000000c0001a40                dlmalloc_stats
                0x00000000c0001a51                dlmallopt
 *fill*         0x00000000c0001adb        0x1 
 .text          0x00000000c0001adc      0x1f2 libk/ctype.32
                0x00000000c0001adc                isblank
                0x00000000c0001afc                iscntrl
                0x00000000c0001b1c                isdigit
                0x00000000c0001b38                islower
                0x00000000c0001b54                isspace
                0x00000000c0001b7c                isupper
                0x00000000c0001b98                isalpha
                0x00000000c0001bc8                isalnum
                0x00000000c0001bf8                ispunct
                0x00000000c0001c38                isgraph
                0x00000000c0001c68                isprint
                0x00000000c0001c90                isxdigit
 .text          0x00000000c0001cce        0x0 libk/string.32
 .text          0x00000000c0001cce       0x51 fs/fat/diskio.32
                0x00000000c0001cce                disk_status
                0x00000000c0001cd1                disk_initialize
                0x00000000c0001cd4                disk_read
                0x00000000c0001cea                disk_write
                0x00000000c0001d00                disk_ioctl
 .text          0x00000000c0001d1f     0x3d4b fs/fat/ff.32
                0x00000000c0003abb                f_mount
                0x00000000c0003b1d                f_open
                0x00000000c0003de8                f_read
                0x00000000c0003fe7                f_write
                0x00000000c000421b                f_sync
                0x00000000c00042d0                f_close
                0x00000000c00042ff                f_lseek
                0x00000000c00044a6                f_opendir
                0x00000000c0004571                f_closedir
                0x00000000c0004593                f_readdir
                0x00000000c0004625                f_stat
                0x00000000c00046a4                f_getfree
                0x00000000c00047a6                f_truncate
                0x00000000c000488a                f_unlink
                0x00000000c00049ac                f_mkdir
                0x00000000c0004b47                f_rename
                0x00000000c0004cfd                f_chmod
                0x00000000c0004da6                f_utime
                0x00000000c0004e54                f_getlabel
                0x00000000c0004fa5                f_setlabel
                0x00000000c0005135                f_expand
                0x00000000c0005295                f_mkfs
 *fill*         0x00000000c0005a6a        0x2 
 .text          0x00000000c0005a6c       0x2f fs/fat/ffsystem.32
                0x00000000c0005a6c                ff_memalloc
                0x00000000c0005a84                ff_memfree
 *fill*         0x00000000c0005a9b        0x1 
 .text          0x00000000c0005a9c      0x2a8 fs/fat/ffunicode.32
                0x00000000c0005a9c                ff_uni2oem
                0x00000000c0005b3c                ff_oem2uni
                0x00000000c0005bb4                ff_wtoupper
 .text          0x00000000c0005d44      0xc76 fs/iso9660/iso9660.32
                0x00000000c0005f63                isoReadDiscSector
                0x00000000c0005ffe                strnicmp
                0x00000000c00062b1                stricmp
                0x00000000c00062fd                iso_open
                0x00000000c0006387                iso_close
                0x00000000c00063a5                iso_read
                0x00000000c00064bb                iso_seek
                0x00000000c000653f                iso_tell
                0x00000000c0006570                iso_total
                0x00000000c000659b                fn_postprocess
                0x00000000c00065c1                iso_readdir
                0x00000000c00067b2                iso_reset
                0x00000000c00067bf                init_percd
                0x00000000c00068b9                iso_ioctl
                0x00000000c00068c1                fs_iso9660_init
                0x00000000c000694a                fs_iso9660_shutdown
 .text          0x00000000c00069ba      0x685 core/computer.32
                0x00000000c00069ba                Computer::close(int, int, void*)
                0x00000000c00069ff                Krnl::firstTask()
                0x00000000c0006b32                Computer::Computer()
                0x00000000c0006b32                Computer::Computer()
                0x00000000c0006be4                Computer::setBootMessage(char const*)
                0x00000000c0006be6                Computer::detectFeatures()
                0x00000000c0006df0                Computer::displayFeatures()
                0x00000000c0006df2                Computer::rdmsr(unsigned int)
                0x00000000c0006e1e                Computer::wrmsr(unsigned int, unsigned long long)
                0x00000000c0006e56                Computer::shutdown()
                0x00000000c0006e6e                Computer::restart()
                0x00000000c0006e86                Computer::sleep()
                0x00000000c0006e9a                Computer::nmiEnabled()
                0x00000000c0006ea6                Computer::readCMOS(unsigned char)
                0x00000000c0006ec0                Computer::enableNMI(bool)
                0x00000000c0006ed8                Computer::open(int, int, void*)
                0x00000000c0006fac                Computer::disableNMI()
                0x00000000c0006fbc                Computer::writeCMOS(unsigned char, unsigned char)
                0x00000000c0006fda                Computer::handleNMI()
 *fill*         0x00000000c000703f        0x1 
 .text          0x00000000c0007040      0x1cf core/gdt.32
                0x00000000c0007040                GDTEntry::setBase(unsigned int)
                0x00000000c000705c                GDTEntry::setLimit(unsigned int)
                0x00000000c000707a                GDT::GDT()
                0x00000000c000707a                GDT::GDT()
                0x00000000c0007090                GDT::addEntry(GDTEntry)
                0x00000000c00070b2                GDT::getNumberOfEntries()
                0x00000000c00070ba                GDT::flush()
                0x00000000c00070dc                GDT::setup()
 .text          0x00000000c000720f       0x1d core/idle.32
                0x00000000c000720f                idleFunction(void*)
 .text          0x00000000c000722c      0x464 core/idt.32
                0x00000000c000722c                IDTEntry::IDTEntry(bool)
                0x00000000c000722c                IDTEntry::IDTEntry(bool)
                0x00000000c000729e                IDTEntry::setOffset(unsigned int)
                0x00000000c00072b4                IDT::IDT()
                0x00000000c00072b4                IDT::IDT()
                0x00000000c00072b6                IDT::getPointerToInvalidOpcodeEntryForF00F()
                0x00000000c00072be                IDT::addEntry(IDTEntry, int)
                0x00000000c00072d8                IDT::addEntry(int, void (*)(), bool)
                0x00000000c0007310                IDT::flush()
                0x00000000c000732a                IDT::setup()
 .text          0x00000000c0007690      0x183 core/kheap.32
                0x00000000c0007690                sbrk
                0x00000000c0007725                mmap
                0x00000000c000773b                munmap
                0x00000000c0007751                liballoc_lock()
                0x00000000c000775e                liballoc_unlock()
                0x00000000c0007772                liballoc_alloc(int)
                0x00000000c000778a                liballoc_free(void*, int)
                0x00000000c00077a5                realloc
                0x00000000c00077b9                malloc
                0x00000000c00077c9                free
                0x00000000c00077d9                rfree
                0x00000000c00077e9                calloc
 .text          0x00000000c0007813       0xc3 core/main.32
                0x00000000c0007813                KeEntryPoint
 .text          0x00000000c00078d6      0x5dc core/physmgr.32
                0x00000000c00078d6                Phys::allocateDMA(unsigned long)
                0x00000000c00079ad                Phys::freeDMA(unsigned long, unsigned long)
                0x00000000c00079e0                Phys::setPageState(unsigned long, bool)
                0x00000000c0007a12                Phys::getPageState(unsigned long)
                0x00000000c0007a33                Phys::freePage(unsigned long)
                0x00000000c0007a95                Phys::allocatePage()
                0x00000000c0007b53                Phys::allocateContiguousPages(int)
                0x00000000c0007baf                Phys::allowSegmentToBeUsed(unsigned long, unsigned long)
                0x00000000c0007be7                Phys::physicalMemorySetup(unsigned int)
 .text          0x00000000c0007eb2      0x273 core/pipe.32
                0x00000000c0007eb2                Pipe::isAtty()
                0x00000000c0007eb6                Pipe::~Pipe()
                0x00000000c0007eb6                Pipe::~Pipe()
                0x00000000c0007eda                Pipe::~Pipe()
                0x00000000c0007f02                Pipe::write(unsigned long long, void*, int*)
                0x00000000c0007fc2                Pipe::read(unsigned long long, void*, int*)
                0x00000000c00080be                Pipe::Pipe(int)
                0x00000000c00080be                Pipe::Pipe(int)
 *fill*         0x00000000c0008125        0x1 
 .text          0x00000000c0008126      0xab2 core/terminal.32
                0x00000000c0008126                VgaText::isAtty()
                0x00000000c000812a                VgaText::~VgaText()
                0x00000000c000812a                VgaText::~VgaText()
                0x00000000c000814e                VgaText::~VgaText()
                0x00000000c0008178                VgaText::read(unsigned long long, void*, int*)
                0x00000000c0008198                setTerminalScrollLock(bool)
                0x00000000c0008199                doTerminalCycle()
                0x00000000c000819a                addToTerminalCycle(VgaText*)
                0x00000000c000819b                scrollTerminalScrollLock(int)
                0x00000000c000819c                VgaText::updateTitle()
                0x00000000c000819e                VgaText::load()
                0x00000000c00081a0                VgaText::updateCursor()
                0x00000000c00081b6                VgaText::doANSI_SGR(int)
                0x00000000c000822a                VgaText::setDefaultBgColour(VgaColour)
                0x00000000c000823a                VgaText::setDefaultFgColour(VgaColour)
                0x00000000c000824a                VgaText::setDefaultColours(VgaColour, VgaColour)
                0x00000000c000826a                VgaText::setTitleTextColour(VgaColour)
                0x00000000c0008276                VgaText::setTitleColour(VgaColour)
                0x00000000c0008282                VgaText::setTitle(char*)
                0x00000000c0008284                VgaText::combineColours(unsigned char, unsigned char)
                0x00000000c0008296                VgaText::scrollScreen()
                0x00000000c000832e                VgaText::combineCharAndColour(char, unsigned char)
                0x00000000c0008340                VgaText::writeCharacter(char, VgaColour, VgaColour, int, int)
                0x00000000c00083d0                VgaText::getCursorX()
                0x00000000c00083d8                VgaText::getCursorY()
                0x00000000c00083e0                VgaText::setCursor(int, int)
                0x00000000c00083f7                setActiveTerminal(VgaText*)
                0x00000000c0008442                VgaText::clearScreen()
                0x00000000c0008490                VgaText::setCursorX(int)
                0x00000000c00084a8                VgaText::setCursorY(int)
                0x00000000c00084c0                VgaText::incrementCursor(bool)
                0x00000000c0008514                VgaText::decrementCursor(bool)
                0x00000000c0008536                VgaText::putchar(char, VgaColour, VgaColour)
                0x00000000c0008604                VgaText::putchar(char)
                0x00000000c00086f0                VgaText::putx(unsigned int)
                0x00000000c0008736                VgaText::puts(char const*)
                0x00000000c000875c                VgaText::write(unsigned long long, void*, int*)
                0x00000000c00087a8                VgaText::puts(char const*, VgaColour, VgaColour)
                0x00000000c00088fa                VgaText::VgaText(char const*)
                0x00000000c00088fa                VgaText::VgaText(char const*)
                0x00000000c0008a4a                VgaText::receiveKey(unsigned char)
                0x00000000c0008bb2                VgaText::doUpdate()
                0x00000000c0008bb3                newTerminal(char*)
 .text          0x00000000c0008bd8      0x1a1 core/tss.32
                0x00000000c0008bd8                TSS::TSS()
                0x00000000c0008bd8                TSS::TSS()
                0x00000000c0008be8                TSS::setESP(unsigned long)
                0x00000000c0008bfc                TSS::flush()
                0x00000000c0008c1c                TSS::setup(unsigned long, unsigned long)
 *fill*         0x00000000c0008d79        0x1 
 .text          0x00000000c0008d7a      0x4c2 core/unixfile.32
                0x00000000c0008d7a                ReservedFilename::read(unsigned long long, void*, int*)
                0x00000000c0008dd0                ReservedFilename::isAtty()
                0x00000000c0008dec                ReservedFilename::write(unsigned long long, void*, int*)
                0x00000000c0008e4a                UnixFile::getFileDescriptor()
                0x00000000c0008e52                UnixFile::UnixFile(int)
                0x00000000c0008e52                UnixFile::UnixFile(int)
                0x00000000c0009002                ReservedFilename::ReservedFilename(int)
                0x00000000c0009002                ReservedFilename::ReservedFilename(int)
                0x00000000c0009034                UnixFile::~UnixFile()
                0x00000000c0009034                UnixFile::~UnixFile()
                0x00000000c00090cc                UnixFile::~UnixFile()
                0x00000000c00090f4                ReservedFilename::~ReservedFilename()
                0x00000000c00090f4                ReservedFilename::~ReservedFilename()
                0x00000000c0009118                ReservedFilename::~ReservedFilename()
                0x00000000c000913f                getFromFileDescriptor(int)
 .text          0x00000000c000923c     0x11d0 core/virtmgr.32
                0x00000000c000923c                Virt::setPageState(unsigned long, Virt::VirtPageState)
                0x00000000c0009271                Virt::getPageState(unsigned long)
                0x00000000c0009295                Virt::allocateKernelVirtualPages(int)
                0x00000000c00093a6                Virt::freeSwapfilePage(unsigned long)
                0x00000000c00093c4                Virt::swapIDToSector(unsigned long)
                0x00000000c00093d6                Virt::allocateSwapfilePage()
                0x00000000c0009454                Virt::virtualMemorySetup()
                0x00000000c000949f                Virt::setupPageSwapping(int)
                0x00000000c0009510                VAS::VAS(VAS*)
                0x00000000c0009510                VAS::VAS(VAS*)
                0x00000000c000953e                VAS::getForeignPageTableEntry(bool, unsigned long)
                0x00000000c000956a                VAS::getPageTableEntry(unsigned long)
                0x00000000c0009589                Virt::freeKernelVirtualPages(unsigned long)
                0x00000000c00096ae                VAS::freeAllocatedPages(unsigned long)
                0x00000000c00096d2                VAS::virtualToPhysical(unsigned long)
                0x00000000c00096ec                VAS::reflagRange(unsigned long, int, int, int)
                0x00000000c000972c                VAS::VAS()
                0x00000000c000972c                VAS::VAS()
                0x00000000c0009796                VAS::setToWriteCombining(unsigned long, int)
                0x00000000c00097ca                VAS::mapOtherVASIn(bool, VAS*)
                0x00000000c00097f4                VAS::~VAS()
                0x00000000c00097f4                VAS::~VAS()
                0x00000000c0009958                VAS::mapPage(unsigned long, unsigned long, int)
                0x00000000c0009a5c                VAS::allocatePages(int, int)
                0x00000000c0009c34                VAS::setCPUSpecific(unsigned long)
                0x00000000c0009c52                VAS::mapRange(unsigned long, unsigned long, int, int)
                0x00000000c0009d18                VAS::mapForeignPage(bool, VAS*, unsigned long, unsigned long, int)
                0x00000000c0009e06                VAS::VAS(bool)
                0x00000000c0009e06                VAS::VAS(bool)
                0x00000000c000a086                VAS::evict(unsigned long)
                0x00000000c000a148                VAS::tryLoadBackOffDisk(unsigned long)
                0x00000000c000a236                VAS::scanForEviction()
                0x00000000c000a316                mapVASFirstTime
 .text          0x00000000c000a40c       0x5f coreobjs/c++.32
                0x00000000c000a40c                __cxa_atexit
                0x00000000c000a40f                __cxa_finalize
                0x00000000c000a410                __stack_chk_fail
                0x00000000c000a446                __cxa_pure_virtual
                0x00000000c000a457                operator new[](unsigned long)
                0x00000000c000a45c                operator delete(void*, unsigned long)
                0x00000000c000a461                operator delete[](void*)
                0x00000000c000a466                operator delete[](void*, unsigned long)
 .text          0x00000000c000a46b      0x21c dbg/kconsole.32
                0x00000000c000a46b                Dbg::stringifyxWithBase(unsigned int, char*, int)
                0x00000000c000a4d6                Dbg::logc(char)
                0x00000000c000a4f6                Dbg::logs(char*)
                0x00000000c000a513                Dbg::logWriteInt(unsigned int)
                0x00000000c000a531                Dbg::logWriteIntBase(unsigned int, int)
                0x00000000c000a552                Dbg::kprintf(char const*, ...)
 *fill*         0x00000000c000a687        0x1 
 .text          0x00000000c000a688      0xc5c fs/vfs.32
                0x00000000c000a688                File::read(unsigned long long, void*, int*)
                0x00000000c000a6e0                File::write(unsigned long long, void*, int*)
                0x00000000c000a738                Directory::read(unsigned long long, void*, int*)
                0x00000000c000a790                Directory::write(unsigned long long, void*, int*)
                0x00000000c000a7be                File::isAtty()
                0x00000000c000a7c2                Directory::isAtty()
                0x00000000c000a7c6                Filesystem::getlabel(LogicalDisk*, int, char*, unsigned int*)
                0x00000000c000a7cc                Filesystem::setlabel(LogicalDisk*, int, char*)
                0x00000000c000a7d2                Filesystem::allocateSwapfile(char const*, int)
                0x00000000c000a7d8                File::~File()
                0x00000000c000a7d8                File::~File()
                0x00000000c000a7fc                File::~File()
                0x00000000c000a826                Directory::~Directory()
                0x00000000c000a826                Directory::~Directory()
                0x00000000c000a84a                Directory::~Directory()
                0x00000000c000a874                Filesystem::Filesystem()
                0x00000000c000a874                Filesystem::Filesystem()
                0x00000000c000a898                Filesystem::~Filesystem()
                0x00000000c000a898                Filesystem::~Filesystem()
                0x00000000c000a8a6                Filesystem::~Filesystem()
                0x00000000c000a8ca                Fs::getcwd(Process*, char*, int)
                0x00000000c000a8f4                Fs::initVFS()
                0x00000000c000a91e                Fs::standardiseFiles(char*, char const*, char const*)
                0x00000000c000aac8                File::File(char const*, Process*)
                0x00000000c000aac8                File::File(char const*, Process*)
                0x00000000c000ab88                File::open(FileOpenMode)
                0x00000000c000abe6                File::close()
                0x00000000c000ac46                File::seek(unsigned long long)
                0x00000000c000ac9c                File::tell(unsigned long long*)
                0x00000000c000acec                File::rewind()
                0x00000000c000ad00                File::unlink()
                0x00000000c000ad4c                File::rename(char const*)
                0x00000000c000ad9a                File::chfatattr(unsigned char, unsigned char)
                0x00000000c000adf6                File::exists()
                0x00000000c000ae34                File::stat(unsigned long long*, bool*)
                0x00000000c000ae95                Fs::setcwd(Process*, char*)
                0x00000000c000aff2                Directory::Directory(char const*, Process*)
                0x00000000c000aff2                Directory::Directory(char const*, Process*)
                0x00000000c000b0b2                Directory::open()
                0x00000000c000b10e                Directory::close()
                0x00000000c000b16e                Directory::unlink()
                0x00000000c000b1ba                Directory::rename(char const*)
                0x00000000c000b208                Directory::exists()
                0x00000000c000b246                Directory::read(dirent*)
                0x00000000c000b292                Directory::create()
                0x00000000c000b2de                Filesystem::chfatattr(char const*, unsigned char, unsigned char)
 .text          0x00000000c000b2e4       0x86 hal/bus.32
                0x00000000c000b2e4                Bus::Bus(char const*)
                0x00000000c000b2e4                Bus::Bus(char const*)
                0x00000000c000b31c                Bus::~Bus()
                0x00000000c000b31c                Bus::~Bus()
                0x00000000c000b340                Bus::~Bus()
 .text          0x00000000c000b36a       0x96 hal/buzzer.32
                0x00000000c000b36a                beepThread(void*)
                0x00000000c000b3a7                Krnl::beep(int, int, bool)
 .text          0x00000000c000b400      0x46d hal/clock.32
                0x00000000c000b400                User::loadClockSettings(int)
                0x00000000c000b452                Clock::Clock(char const*)
                0x00000000c000b452                Clock::Clock(char const*)
                0x00000000c000b488                Clock::~Clock()
                0x00000000c000b488                Clock::~Clock()
                0x00000000c000b4ac                Clock::~Clock()
                0x00000000c000b4d6                Clock::timeInSecondsLocal()
                0x00000000c000b51e                Clock::setTimeInSecondsLocal(unsigned long long)
                0x00000000c000b577                datetimeToSeconds(datetime_t)
                0x00000000c000b6a4                Clock::setTimeInDatetimeLocal(datetime_t)
                0x00000000c000b704                secondsToDatetime(unsigned long long)
                0x00000000c000b848                Clock::timeInDatetimeLocal()
 *fill*         0x00000000c000b86d        0x1 
 .text          0x00000000c000b86e      0x464 hal/device.32
                0x00000000c000b86e                Device::hibernate()
                0x00000000c000b870                Device::wake()
                0x00000000c000b872                Device::detect()
                0x00000000c000b874                Device::disableLegacy()
                0x00000000c000b876                Device::powerSaving(PowerSavingLevel)
                0x00000000c000b878                DriverlessDevice::close(int, int, void*)
                0x00000000c000b87c                DriverlessDevice::detect()
                0x00000000c000b87e                DriverlessDevice::open(int, int, void*)
                0x00000000c000b892                Device::~Device()
                0x00000000c000b892                Device::~Device()
                0x00000000c000b8a0                Device::~Device()
                0x00000000c000b8c8                Device::findAndLoadDriver()
                0x00000000c000b8d6                Device::preOpenPCI(PCIDeviceInfo)
                0x00000000c000b8fc                Device::preOpenACPI(void*, char*, char*)
                0x00000000c000b93c                Device::addIRQHandler(int, void (*)(regs*, void*), bool, void*)
                0x00000000c000b966                Device::getParent()
                0x00000000c000b972                Device::removeIRQHandler(int, void (*)(regs*, void*), bool)
                0x00000000c000b990                Device::addChild(Device*)
                0x00000000c000b9d4                Device::removeAllChildren()
                0x00000000c000ba1a                Device::hibernateAll()
                0x00000000c000ba4a                Device::wakeAll()
                0x00000000c000ba7a                Device::detectAll()
                0x00000000c000baaa                Device::disableLegacyAll()
                0x00000000c000baac                Device::loadDriversForAll()
                0x00000000c000baae                Device::closeAll()
                0x00000000c000bae4                Device::powerSavingAll(PowerSavingLevel)
                0x00000000c000bb1a                Device::setName(char const*)
                0x00000000c000bb28                Device::Device(char const*)
                0x00000000c000bb28                Device::Device(char const*)
                0x00000000c000bc24                Device::getName()
                0x00000000c000bc2e                DriverlessDevice::DriverlessDevice(char const*)
                0x00000000c000bc2e                DriverlessDevice::DriverlessDevice(char const*)
                0x00000000c000bc64                Device::addToLinkedList(LinkedList<Device>&, DeviceType)
                0x00000000c000bca8                getDevicesOfType(DeviceType)
 *fill*         0x00000000c000bcd2        0x2 
 .text          0x00000000c000bcd4       0x86 hal/diskctrl.32
                0x00000000c000bcd4                HardDiskController::HardDiskController(char const*)
                0x00000000c000bcd4                HardDiskController::HardDiskController(char const*)
                0x00000000c000bd0c                HardDiskController::~HardDiskController()
                0x00000000c000bd0c                HardDiskController::~HardDiskController()
                0x00000000c000bd30                HardDiskController::~HardDiskController()
 .text          0x00000000c000bd5a       0xe2 hal/diskphys.32
                0x00000000c000bd5a                PhysicalDisk::eject()
                0x00000000c000bd5e                PhysicalDisk::PhysicalDisk(char const*, int)
                0x00000000c000bd5e                PhysicalDisk::PhysicalDisk(char const*, int)
                0x00000000c000bdc6                PhysicalDisk::startCache()
                0x00000000c000bdee                PhysicalDisk::~PhysicalDisk()
                0x00000000c000bdee                PhysicalDisk::~PhysicalDisk()
                0x00000000c000be12                PhysicalDisk::~PhysicalDisk()
 .text          0x00000000c000be3c        0x0 hal/fpu.32
 .text          0x00000000c000be3c      0x35d hal/intctrl.32
                0x00000000c000be3c                int_handler
                0x00000000c000bec4                installISRHandler(int, void (*)(regs*, void*), void*)
                0x00000000c000bf0c                installIRQHandler(int, void (*)(regs*, void*), bool, void*)
                0x00000000c000c044                uninstallISRHandler(int, void (*)(regs*, void*))
                0x00000000c000c078                uninstallIRQHandler(int, void (*)(regs*, void*), bool)
                0x00000000c000c0f7                setupINTS()
                0x00000000c000c154                convertLegacyIRQNumber(int)
 *fill*         0x00000000c000c199        0x1 
 .text          0x00000000c000c19a      0x7bc hal/keybrd.32
                0x00000000c000c19a                startGUI(void*)
                0x00000000c000c206                startGUIVESA(void*)
                0x00000000c000c272                sendKeyToTerminal(unsigned char)
                0x00000000c000c33b                sendKeyboardToken(KeyboardToken)
                0x00000000c000c77b                clearInternalKeybuffer(VgaText*)
                0x00000000c000c7b0                readKeyboard(VgaText*, char*, unsigned long)
                0x00000000c000c8cc                Keyboard::Keyboard(char const*)
                0x00000000c000c8cc                Keyboard::Keyboard(char const*)
                0x00000000c000c908                Keyboard::~Keyboard()
                0x00000000c000c908                Keyboard::~Keyboard()
                0x00000000c000c92c                Keyboard::~Keyboard()
 .text          0x00000000c000c956      0x3ea hal/logidisk.32
                0x00000000c000c956                LogicalDisk::close(int, int, void*)
                0x00000000c000c95a                LogicalDisk::~LogicalDisk()
                0x00000000c000c95a                LogicalDisk::~LogicalDisk()
                0x00000000c000c97e                LogicalDisk::~LogicalDisk()
                0x00000000c000c9a8                LogicalDisk::open(int, int, void*)
                0x00000000c000c9bc                LogicalDisk::absoluteToRelative(unsigned long long)
                0x00000000c000c9f4                LogicalDisk::relativeToAbsolute(unsigned long long)
                0x00000000c000ca3a                LogicalDisk::LogicalDisk(char const*, PhysicalDisk*, unsigned long long, unsigned long long)
                0x00000000c000ca3a                LogicalDisk::LogicalDisk(char const*, PhysicalDisk*, unsigned long long, unsigned long long)
                0x00000000c000caf0                LogicalDisk::assignDriveLetter()
                0x00000000c000cba6                LogicalDisk::mount()
                0x00000000c000cbee                LogicalDisk::unmount()
                0x00000000c000cbfe                LogicalDisk::eject()
                0x00000000c000cc12                LogicalDisk::unassignDriveLetter()
                0x00000000c000cc68                LogicalDisk::read(unsigned long long, int, void*)
                0x00000000c000ccd4                LogicalDisk::write(unsigned long long, int, void*)
 .text          0x00000000c000cd40       0x86 hal/mouse.32
                0x00000000c000cd40                Mouse::Mouse(char const*)
                0x00000000c000cd40                Mouse::Mouse(char const*)
                0x00000000c000cd78                Mouse::~Mouse()
                0x00000000c000cd78                Mouse::~Mouse()
                0x00000000c000cd9c                Mouse::~Mouse()
 .text          0x00000000c000cdc6      0x339 hal/partition.32
                0x00000000c000cdc6                makePartition(PhysicalDisk*, unsigned long long, unsigned long long)
                0x00000000c000ce6e                createPartitionsForDisk(PhysicalDisk*)
 *fill*         0x00000000c000d0ff        0x1 
 .text          0x00000000c000d100       0x86 hal/serial.32
                0x00000000c000d100                Serial::Serial(char const*)
                0x00000000c000d100                Serial::Serial(char const*)
                0x00000000c000d138                Serial::~Serial()
                0x00000000c000d138                Serial::~Serial()
                0x00000000c000d15c                Serial::~Serial()
 *fill*         0x00000000c000d186        0x2 
 .text          0x00000000c000d188      0x234 hal/timer.32
                0x00000000c000d188                Timer::Timer(char const*)
                0x00000000c000d188                Timer::Timer(char const*)
                0x00000000c000d1c0                Timer::~Timer()
                0x00000000c000d1c0                Timer::~Timer()
                0x00000000c000d1e4                Timer::~Timer()
                0x00000000c000d20e                Timer::read()
                0x00000000c000d219                setupTimer(int)
                0x00000000c000d254                timerHandler(unsigned int)
 .text          0x00000000c000d3bc      0x474 hal/vcache.32
                0x00000000c000d3bc                VCache::VCache(PhysicalDisk*)
                0x00000000c000d3bc                VCache::VCache(PhysicalDisk*)
                0x00000000c000d524                VCache::invalidateReadBuffer()
                0x00000000c000d534                VCache::writeWriteBuffer()
                0x00000000c000d580                VCache::~VCache()
                0x00000000c000d580                VCache::~VCache()
                0x00000000c000d5d4                VCache::~VCache()
                0x00000000c000d5fc                VCache::write(unsigned long long, int, void*)
                0x00000000c000d712                VCache::read(unsigned long long, int, void*)
 .text          0x00000000c000d830      0x4b3 hal/video.32
                0x00000000c000d830                Video::putrect(int, int, int, int, unsigned int)
                0x00000000c000d87c                Video::bitblit(int, int, int, int, int, int, int, unsigned int*)
                0x00000000c000d8ec                Video::blit(unsigned int*, int, int, int, int)
                0x00000000c000d96a                Video::clearScreen(unsigned int)
                0x00000000c000d99e                Video::putpixel(int, int, unsigned int)
                0x00000000c000d9ac                Video::Video(char const*)
                0x00000000c000d9ac                Video::Video(char const*)
                0x00000000c000d9e2                Video::~Video()
                0x00000000c000d9e2                Video::~Video()
                0x00000000c000da06                Video::~Video()
                0x00000000c000da30                Video::isMonochrome()
                0x00000000c000da3c                Video::getWidth()
                0x00000000c000da48                Video::getHeight()
                0x00000000c000da54                Video::drawCursor(int, int, unsigned char*, int)
                0x00000000c000db10                Video::tgaParse(unsigned char*, int, int*, int*)
                0x00000000c000dc78                Video::putTGA(int, int, unsigned char*, int)
 *fill*         0x00000000c000dce3        0x1 
 .text          0x00000000c000dce4     0x1307 hw/acpi.32
                0x00000000c000dce4                ACPI::close(int, int, void*)
                0x00000000c000dd9c                findRSDP()
                0x00000000c000de2c                loadACPITables(unsigned char*)
                0x00000000c000e090                findRSDT(unsigned char*)
                0x00000000c000e1e0                findDataTable(unsigned char*, char*)
                0x00000000c000e258                scanMADT()
                0x00000000c000e72c                ACPI::ACPI()
                0x00000000c000e72c                ACPI::ACPI()
                0x00000000c000e780                ACPI::getPCIIRQAssignment(unsigned char, unsigned short, unsigned char)
                0x00000000c000e868                ACPI::registerPCIIRQAssignment(void*, unsigned short, unsigned char, unsigned char)
                0x00000000c000e930                ACPI::setScreenBrightnessLevel(void*, int)
                0x00000000c000e938                ACPI::detectPCI()
                0x00000000c000eb40                ACPI::writeSimpleBootFlag(SimpleBootFlagTable*)
                0x00000000c000eb94                ACPI::sleep()
                0x00000000c000ebb0                ACPI::open(int, int, void*)
 *fill*         0x00000000c000efeb        0x1 
 .text          0x00000000c000efec      0xb95 hw/cpu.32
                0x00000000c000efec                CPU::close(int, int, void*)
                0x00000000c000eff0                CPU::AMD_K6_write_msr(unsigned int, unsigned int, unsigned int, CPU::REGS*)
                0x00000000c000f00c                CPU::AMD_K6_read_msr(unsigned int, CPU::REGS*)
                0x00000000c000f024                CPU::AMD_K6_writeback(int, int, int)
                0x00000000c000f098                CPU::cpuid(int, unsigned long*, unsigned long*, unsigned long*, unsigned long*)
                0x00000000c000f11c                CPU::cpuidCheckEDX(unsigned int)
                0x00000000c000f14a                CPU::cpuidCheckECX(unsigned int)
                0x00000000c000f178                CPU::cpuidCheckExtendedEBX(unsigned int)
                0x00000000c000f1a6                CPU::cpuidCheckExtendedECX(unsigned int)
                0x00000000c000f1d4                CPU::CPU()
                0x00000000c000f1d4                CPU::CPU()
                0x00000000c000f262                CPU::displayFeatures()
                0x00000000c000f264                CPU::detectFeatures()
                0x00000000c000f928                CPU::setupSMEP()
                0x00000000c000f934                CPU::setupUMIP()
                0x00000000c000f93e                CPU::setupTSC()
                0x00000000c000f948                CPU::setupLargePages()
                0x00000000c000f952                CPU::setupPAT()
                0x00000000c000f98e                CPU::setupMTRR()
                0x00000000c000f990                CPU::setupGlobalPages()
                0x00000000c000f99a                CPU::allowUsermodeDataAccess()
                0x00000000c000f9ac                CPU::prohibitUsermodeDataAccess()
                0x00000000c000f9be                CPU::setupSMAP()
                0x00000000c000f9cc                CPU::setupFeatures()
                0x00000000c000fa98                CPU::open(int, int, void*)
 .text          0x00000000c000fb81       0xd1 krnl/bootmsg.32
                0x00000000c000fb81                KeDisplaySplashScreen()
                0x00000000c000fbef                KeSetBootMessage(char const*)
 .text          0x00000000c000fc52      0x581 krnl/env.32
                0x00000000c000fc52                EnvVarContainer::getEnv(char const*)
                0x00000000c000fc90                EnvVarContainer::setEnv(char const*, char const*)
                0x00000000c000fd52                EnvVarContainer::deleteEnv(char const*)
                0x00000000c000fd54                EnvVarContainer::loadFrom(char const*, char const*)
                0x00000000c000ff3a                EnvVarContainer::__loadSystem()
                0x00000000c000ff54                EnvVarContainer::__loadUser()
                0x00000000c000ff56                EnvVarContainer::EnvVarContainer(Process*)
                0x00000000c000ff56                EnvVarContainer::EnvVarContainer(Process*)
                0x00000000c000ff78                EnvVarContainer::~EnvVarContainer()
                0x00000000c000ff78                EnvVarContainer::~EnvVarContainer()
                0x00000000c000ffa8                Krnl::getEnv(Process*, char const*)
                0x00000000c001000d                Krnl::setEnvSystem(char const*, char const*)
                0x00000000c0010027                Krnl::setEnvUser(char const*, char const*)
                0x00000000c0010046                Krnl::setEnvProcess(Process*, char const*, char const*)
                0x00000000c0010059                Krnl::deleteEnvSystem(char const*)
                0x00000000c001005a                Krnl::deleteEnvUser(char const*)
                0x00000000c001005b                Krnl::deleteEnvProcess(Process*, char const*)
                0x00000000c001005c                Krnl::newProcessEnv(Process*)
                0x00000000c001007e                Krnl::copyProcessEnv(Process*, Process*)
                0x00000000c00100ca                Krnl::loadSystemEnv()
                0x00000000c00100f8                Krnl::loadUserEnv()
                0x00000000c001011e                Krnl::flushEnv()
                0x00000000c001011f                Krnl::getProcessTotalEnvCount(Process*)
                0x00000000c001013f                Krnl::getProcessEnvPair(Process*, int)
 .text          0x00000000c00101d3       0x94 krnl/inlines.32
                0x00000000c00101d3                CPU::current()
                0x00000000c00101df                operator new(unsigned long)
                0x00000000c00101e4                operator delete(void*)
                0x00000000c00101e9                disableIRQs()
                0x00000000c00101eb                enableIRQs()
                0x00000000c00101ed                lockScheduler()
                0x00000000c00101f5                unlockScheduler()
                0x00000000c0010204                lockStuff()
                0x00000000c0010212                unlockStuff()
                0x00000000c001024c                Virt::getAKernelVAS()
                0x00000000c0010252                __not_memcpy
 .text          0x00000000c0010267        0xc krnl/panic.32
                0x00000000c0010267                KePanic(char const*)
 .text          0x00000000c0010273      0x142 krnl/powctrl.32
                0x00000000c0010273                Krnl::powerThread(void*)
                0x00000000c00102a1                Krnl::changePowerSettings(Krnl::PowerSettings)
                0x00000000c00102b7                Krnl::userIOReceived()
                0x00000000c00102c2                Krnl::handlePowerButton()
                0x00000000c00102f7                Krnl::handleSleepButton()
                0x00000000c001032c                Krnl::setupPowerManager()
 *fill*         0x00000000c00103b5        0x3 
 .text          0x00000000c00103b8      0x190 krnl/resolve.32
                0x00000000c00103b8                KeResolveCompatibilitySymbol(char*)
 .text          0x00000000c0010548      0x2c3 krnl/signal.32
                0x00000000c0010548                KiSigKill(int)
                0x00000000c0010574                KiDefaultSignalHandlerIgnore(int)
                0x00000000c0010575                KiDefaultSignalHandlerPause(int)
                0x00000000c00105a1                KiDefaultSignalHandlerResume(int)
                0x00000000c00105cd                KeDeinitSignals(SigHandlerBlock*)
                0x00000000c00105d2                KeInitSignals()
                0x00000000c001061d                KeRegisterSignalHandler(SigHandlerBlock*, int, void (*)(int), unsigned int, int)
                0x00000000c0010653                KeRaiseSignal(SigHandlerBlock*, int)
                0x00000000c00106d0                KeCheckSignal(SigHandlerBlock*)
                0x00000000c00107bb                KiCheckSignalZ
                0x00000000c00107d0                KeCompleteSignal(SigHandlerBlock*, int)
 .text          0x00000000c001080b      0xc41 krnl/syscalls.32
                0x00000000c001080b                SysSeekDir(regs*)
                0x00000000c0010810                SysTellDir(regs*)
                0x00000000c0010815                SysVerify(regs*)
                0x00000000c001081f                SysGetArgc(regs*)
                0x00000000c001082f                SysTTYName(regs*)
                0x00000000c0010837                SysFormatDisk(regs*)
                0x00000000c00108a4                SysSetDiskVolumeLabel(regs*)
                0x00000000c00108ee                SysGetDiskVolumeLabel(regs*)
                0x00000000c0010943                SysShutdown(regs*)
                0x00000000c00109a1                SysRealpath(regs*)
                0x00000000c00109e4                SysReadDir(regs*)
                0x00000000c0010a64                SysIsATTY(regs*)
                0x00000000c0010ac0                SysSeek(regs*)
                0x00000000c0010b19                SysTell(regs*)
                0x00000000c0010b88                SysSize(regs*)
                0x00000000c0010bfd                SysSizeFromFilename(regs*)
                0x00000000c0010cb0                SysClose(regs*)
                0x00000000c0010d10                SysOpenDir(regs*)
                0x00000000c0010d87                SysCloseDir(regs*)
                0x00000000c0010ddb                SysMakeDir(regs*)
                0x00000000c0010e4d                SysWait(regs*)
                0x00000000c0010e6a                SysNotImpl(regs*)
                0x00000000c0010e85                SysPanic(regs*)
                0x00000000c0010ea0                SysRmdir(regs*)
                0x00000000c0010f07                SysUnlink(regs*)
                0x00000000c0010f6e                SysGetArgv(regs*)
                0x00000000c0010fbb                SysUSleep(regs*)
                0x00000000c0010fe4                SysSpawn(regs*)
                0x00000000c001104d                SysGetEnv(regs*)
                0x00000000c00110fc                SysSetFatAttrib(regs*)
                0x00000000c0011173                SysPipe(regs*)
                0x00000000c00111b8                SysGetUnixTime(regs*)
                0x00000000c00111cc                string_ends_with(char const*, char const*)
                0x00000000c0011216                SysOpen(regs*)
                0x00000000c001140a                KeSystemCall(regs*, void*)
 .text          0x00000000c001144c      0x50e reg/registry.32
                0x00000000c001144c                Reg::findLineFromLoadedData(char*, char*, char*)
                0x00000000c00115a4                Reg::getLineFromRegistry(char*, char*, char*, char*)
                0x00000000c00116f9                Reg::getLine(char*, char*, char*)
                0x00000000c0011730                Reg::readInt(char*, char*, int*)
                0x00000000c001181b                Reg::readString(char*, char*, char*, int)
                0x00000000c001189c                Reg::readBool(char*, char*, bool*)
                0x00000000c00118c1                Reg::readBoolWithDefault(char*, char*, bool)
                0x00000000c00118ed                Reg::readIntWithDefault(char*, char*, int)
                0x00000000c0011919                Reg::readStringWithDefault(char*, char*, char*, int, char*)
 .text          0x00000000c001195a       0x36 sys/eject.32
                0x00000000c001195a                SysEject(regs*)
 .text          0x00000000c0011990       0x18 sys/exit.32
                0x00000000c0011990                SysExit(regs*)
 .text          0x00000000c00119a8       0x1f sys/getcwd.32
                0x00000000c00119a8                SysGetCwd(regs*)
 .text          0x00000000c00119c7        0xc sys/getpid.32
                0x00000000c00119c7                SysGetPID(regs*)
 .text          0x00000000c00119d3       0x1a sys/getramdata.32
                0x00000000c00119d3                SysGetRAMData(regs*)
 .text          0x00000000c00119ed       0x82 sys/getvgaptr.32
                0x00000000c00119ed                SysGetVGAPtr(regs*)
 .text          0x00000000c0011a6f       0xa8 sys/loaddll.32
                0x00000000c0011a6f                SysLoadDLL(regs*)
 .text          0x00000000c0011b17       0x68 sys/read.32
                0x00000000c0011b17                SysRead(regs*)
 .text          0x00000000c0011b7f       0x29 sys/registersignal.32
                0x00000000c0011b7f                SysRegisterSignal(regs*)
 .text          0x00000000c0011ba8       0x55 sys/sbrk.32
                0x00000000c0011ba8                SysSbrk(regs*)
 .text          0x00000000c0011bfd       0x1c sys/setcwd.32
                0x00000000c0011bfd                SysSetCwd(regs*)
 .text          0x00000000c0011c19       0x95 sys/settime.32
                0x00000000c0011c19                SysSetTime(regs*)
 .text          0x00000000c0011cae       0x4a sys/timezone.32
                0x00000000c0011cae                SysTimezone(regs*)
 .text          0x00000000c0011cf8       0x68 sys/write.32
                0x00000000c0011cf8                SysWrite(regs*)
 .text          0x00000000c0011d60       0x62 sys/wsbe.32
                0x00000000c0011d60                SysWsbe(regs*)
 .text          0x00000000c0011dc2       0x25 sys/yield.32
                0x00000000c0011dc2                SysYield(regs*)
 .text          0x00000000c0011de7     0x11e5 thr/elf.32
                0x00000000c0011de7                Thr::allocateMemoryForTask(Process*, File*, unsigned long, unsigned long, unsigned long)
                0x00000000c0012073                Thr::loadProgramIntoMemory(Process*, char const*)
                0x00000000c0012289                Thr::runtimeReferenceHelper()
                0x00000000c001229c                Thr::getAddressOfKernelSymbol(char const*)
                0x00000000c00122eb                Thr::loadKernelSymbolTable(char const*)
                0x00000000c00125a9                Thr::loadDriverIntoMemory(char const*, unsigned long, bool)
                0x00000000c0012cdf                Thr::getDriverBaseFromAddress(unsigned long)
                0x00000000c0012d11                Thr::getDriverNameFromAddress(unsigned long)
                0x00000000c0012d48                Thr::getDriverOffsetFromAddress(unsigned long)
                0x00000000c0012d62                Thr::loadDLL(char const*, bool)
                0x00000000c0012f93                Thr::executeDLL(unsigned long, void*)
 .text          0x00000000c0012fcc     0x12fd thr/prcssthr.32
                0x00000000c0012fcc                userModeEntryPoint(void*)
                0x00000000c0012ff4                changeTSS
                0x00000000c0013024                switchToThread(ThreadControlBlock*)
                0x00000000c00130d8                Process::addArgs(char**)
                0x00000000c0013138                Process::Process(char const*, Process*, char**)
                0x00000000c0013138                Process::Process(char const*, Process*, char**)
                0x00000000c0013344                Process::Process(bool, char const*, Process*, char**)
                0x00000000c0013344                Process::Process(bool, char const*, Process*, char**)
                0x00000000c001351c                taskStartupFunction
                0x00000000c0013528                Semaphore::Semaphore(int)
                0x00000000c0013528                Semaphore::Semaphore(int)
                0x00000000c0013558                Mutex::Mutex()
                0x00000000c0013558                Mutex::Mutex()
                0x00000000c001356c                Process::createThread(void (*)(void*), void*, int)
                0x00000000c0013664                Process::createUserThread()
                0x00000000c0013684                setupMultitasking(void (*)())
                0x00000000c001378c                schedule()
                0x00000000c001381c                Semaphore::tryAcquire()
                0x00000000c00138e8                Semaphore::assertLocked(char const*)
                0x00000000c0013960                blockTaskWithSchedulerLockAlreadyHeld(TaskState)
                0x00000000c0013988                blockTask(TaskState)
                0x00000000c00139b8                waitTask(int, int*, int)
                0x00000000c00139fc                milliTenthSleepUntil(unsigned int)
                0x00000000c0013a8c                milliTenthSleep(unsigned int)
                0x00000000c0013a9c                sleep(unsigned int)
                0x00000000c0013ab8                Semaphore::acquire()
                0x00000000c0013b74                taskReturned
                0x00000000c0013bb0                Thr::processFromPID(int)
                0x00000000c0013c50                unblockTask(ThreadControlBlock*)
                0x00000000c0013cf4                cleanupTerminatedTask(ThreadControlBlock*)
                0x00000000c0013fc0                cleanerTaskFunction(void*)
                0x00000000c00140b0                terminateTask(int)
                0x00000000c001417c                Thr::terminateFromIRQ(int)
                0x00000000c001418c                Semaphore::release()
 .text          0x00000000c00142c9      0xb93 vm86/vm8086.32
                0x00000000c00142c9                Vm::inbv(unsigned short)
                0x00000000c00142dc                Vm::outbv(unsigned short, unsigned char)
                0x00000000c0014312                Vm::realToLinear(unsigned short, unsigned short)
                0x00000000c0014322                Vm::getSegment(unsigned int)
                0x00000000c001432a                Vm::getOffset(unsigned int)
                0x00000000c001432f                Vm::mainloop2()
                0x00000000c0014369                Vm::mainVm8086Loop(void*)
                0x00000000c0014379                Vm::mainloop3(unsigned long)
                0x00000000c001439f                Vm::initialise8086()
                0x00000000c00143e2                Vm::finish8086()
                0x00000000c0014443                Vm::getOutput8086(unsigned char*)
                0x00000000c0014468                Vm::start8086FromBuffer(unsigned char*, int, unsigned short, unsigned short, unsigned short, unsigned short)
                0x00000000c0014521                Vm::start8086(char const*, unsigned short, unsigned short, unsigned short, unsigned short)
                0x00000000c0014689                Vm::doISR(regs*, int, unsigned char*, unsigned short, unsigned short)
                0x00000000c0014713                Vm::readByteFromReal(unsigned short, unsigned short)
                0x00000000c0014724                Vm::readWordFromReal(unsigned short, unsigned short)
                0x00000000c0014736                Vm::readDwordFromReal(unsigned short, unsigned short)
                0x00000000c0014747                Vm::writeByteFromReal(unsigned short, unsigned short, unsigned char)
                0x00000000c001475c                Vm::writeWordFromReal(unsigned short, unsigned short, unsigned short)
                0x00000000c0014772                Vm::writeDwordFromReal(unsigned short, unsigned short, unsigned int)
                0x00000000c0014787                Vm::faultHandler(regs*)
 .text          0x00000000c0014e5c      0xa53 arch/i386/hal.32
                0x00000000c0014e5c                noCopro(unsigned long)
                0x00000000c0014e5d                nmiHandler(regs*, void*)
                0x00000000c0014e76                doubleFault(regs*, void*)
                0x00000000c0014e8f                displayDebugInfo(regs*)
                0x00000000c00151b0                HalSystemIdle()
                0x00000000c0015226                displayProgramFault(char const*)
                0x00000000c0015272                gpFault(regs*, void*)
                0x00000000c00152d7                pgFault(regs*, void*)
                0x00000000c001535d                otherISRHandler(regs*, void*)
                0x00000000c0015391                opcodeFault(regs*, void*)
                0x00000000c0015411                i386SaveCoprocessor(void*)
                0x00000000c0015425                i386LoadCoprocessor(void*)
                0x00000000c0015439                x87EmulHandler(regs*, void*)
                0x00000000c00154d6                HalInitialiseCoprocessor()
                0x00000000c0015584                HalPanic(char const*)
                0x00000000c001567d                HalQueryPerformanceCounter()
                0x00000000c0015698                HalInitialise()
                0x00000000c001583e                HalMakeBeep(int)
                0x00000000c0015878                HalGetRand()
                0x00000000c001587b                HalEndOfInterrupt(int)
                0x00000000c00158ac                HalRestart()
                0x00000000c00158ad                HalShutdown()
                0x00000000c00158ae                HalSleep()
 *fill*         0x00000000c00158af        0x1 
 .text          0x00000000c00158b0      0x2f4 arch/i386/pic.32
                0x00000000c00158b0                picIoWait()
                0x00000000c00158b8                picDisable()
                0x00000000c00158ec                picGetIRQReg(int)
                0x00000000c0015970                picOpen()
                0x00000000c0015b00                picEOI(int)
 .text          0x00000000c0015ba4      0x64d arch/i386/rtc.32
                0x00000000c0015ba4                RTC::open(int, int, void*)
                0x00000000c0015ba8                RTC::close(int, int, void*)
                0x00000000c0015bac                RTC::timeInSecondsUTC()
                0x00000000c0015bbe                RTC::timeInDatetimeUTC()
                0x00000000c0015be4                RTC::setTimeInSecondsUTC(unsigned long long)
                0x00000000c0015c22                RTC::~RTC()
                0x00000000c0015c22                RTC::~RTC()
                0x00000000c0015c46                RTC::~RTC()
                0x00000000c0015c70                RTC::get_update_in_progress_flag()
                0x00000000c0015c88                RTC::completeRTCRefresh()
                0x00000000c0015f40                RTC::setTimeInDatetimeUTC(datetime_t)
                0x00000000c00160f3                rtcIRQHandler(regs*, void*)
                0x00000000c0016138                RTC::RTC()
                0x00000000c0016138                RTC::RTC()
 *fill*         0x00000000c00161f1        0x3 
 .text          0x00000000c00161f4      0x203 arch/i386/vga.32
                0x00000000c00161f4                HalConsoleScroll(int, int)
                0x00000000c00162fc                HalConsoleWriteCharacter(char, int, int, int, int)
                0x00000000c0016368                HalConsoleCursorUpdate(int, int)
 *fill*         0x00000000c00163f7        0x1 
 .text          0x00000000c00163f8     0x13e7 fs/fat/vfslink.32
                0x00000000c00163f8                FAT::getName()
                0x00000000c0016400                FAT::tell(void*, unsigned long long*)
                0x00000000c001643c                FAT::stat(void*, unsigned long long*)
                0x00000000c0016478                FAT::~FAT()
                0x00000000c0016478                FAT::~FAT()
                0x00000000c001649c                FAT::~FAT()
                0x00000000c00164c4                FAT::getlabel(LogicalDisk*, int, char*, unsigned int*)
                0x00000000c0016568                FAT::setlabel(LogicalDisk*, int, char*)
                0x00000000c001662c                FAT::format(LogicalDisk*, int, char const*, int)
                0x00000000c0016800                FAT::tryMount(LogicalDisk*, int)
                0x00000000c0016a18                FAT::allocateSwapfile(char const*, int)
                0x00000000c0016bd8                FAT::readDir(void*, unsigned long, void*, int*)
                0x00000000c0016d44                FAT::read(void*, unsigned long, void*, int*)
                0x00000000c0016da4                FAT::write(void*, unsigned long, void*, int*)
                0x00000000c0016e04                FAT::close(void*)
                0x00000000c0016e58                FAT::closeDir(void*)
                0x00000000c0016eac                FAT::seek(void*, unsigned long long)
                0x00000000c0016f04                fatWrapperReadDisk
                0x00000000c0016f48                fatWrapperWriteDisk
                0x00000000c0016f8c                fatWrapperIoctl
                0x00000000c00170a8                FAT::FAT()
                0x00000000c00170a8                FAT::FAT()
                0x00000000c00170fc                FAT::fixFilepath(char*)
                0x00000000c0017138                FAT::open(char const*, void**, FileOpenMode)
                0x00000000c0017270                FAT::openDir(char const*, void**)
                0x00000000c0017320                FAT::stat(char const*, unsigned long long*, bool*)
                0x00000000c0017418                FAT::unlink(char const*)
                0x00000000c0017498                FAT::chfatattr(char const*, unsigned char, unsigned char)
                0x00000000c0017624                FAT::rename(char const*, char const*)
                0x00000000c00176f0                FAT::mkdir(char const*)
                0x00000000c0017770                FAT::exists(char const*)
 *fill*         0x00000000c00177df        0x1 
 .text          0x00000000c00177e0       0xc6 fs/iso9660/helper.32
                0x00000000c00177e0                isoReadDiscSectorHelper
                0x00000000c001783c                iso_kprintf
                0x00000000c001785c                iso_kprintfd
 .text          0x00000000c00178a6      0x586 fs/iso9660/vfslink.32
                0x00000000c00178a6                ISO9660::format(LogicalDisk*, int, char const*, int)
                0x00000000c00178ac                ISO9660::getName()
                0x00000000c00178b2                ISO9660::closeDir(void*)
                0x00000000c00178bc                ISO9660::chfatattr(char const*, unsigned char, unsigned char)
                0x00000000c00178c2                ISO9660::unlink(char const*)
                0x00000000c00178c8                ISO9660::write(void*, unsigned long, void*, int*)
                0x00000000c00178ce                ISO9660::rename(char const*, char const*)
                0x00000000c00178d4                ISO9660::mkdir(char const*)
                0x00000000c00178da                ISO9660::~ISO9660()
                0x00000000c00178da                ISO9660::~ISO9660()
                0x00000000c00178fe                ISO9660::~ISO9660()
                0x00000000c0017926                ISO9660::exists(char const*)
                0x00000000c001793a                ISO9660::open(char const*, void**, FileOpenMode)
                0x00000000c00179da                ISO9660::openDir(char const*, void**)
                0x00000000c0017a6a                ISO9660::read(void*, unsigned long, void*, int*)
                0x00000000c0017aaa                ISO9660::seek(void*, unsigned long long)
                0x00000000c0017ae2                ISO9660::tell(void*, unsigned long long*)
                0x00000000c0017b18                ISO9660::stat(void*, unsigned long long*)
                0x00000000c0017b52                ISO9660::stat(char const*, unsigned long long*, bool*)
                0x00000000c0017c24                ISO9660::close(void*)
                0x00000000c0017c4a                ISO9660::readDir(void*, unsigned long, void*, int*)
                0x00000000c0017d17                readSectorFromCDROM(unsigned int, unsigned char*, char)
                0x00000000c0017d92                ISO9660::tryMount(LogicalDisk*, int)
                0x00000000c0017e04                ISO9660::ISO9660()
                0x00000000c0017e04                ISO9660::ISO9660()
 .text          0x00000000c0017e2c      0x26c hal/sound/sndcard.32
                0x00000000c0017e2c                SoundCard::beginPlayback()
                0x00000000c0017e3a                SoundCard::stopPlayback()
                0x00000000c0017e48                SoundCard::SoundCard(char const*)
                0x00000000c0017e48                SoundCard::SoundCard(char const*)
                0x00000000c0017ee6                SoundCard::~SoundCard()
                0x00000000c0017ee6                SoundCard::~SoundCard()
                0x00000000c0017f0a                SoundCard::~SoundCard()
                0x00000000c0017f34                SoundCard::configureRates(int, int, int)
                0x00000000c0017f64                SoundCard::getSamples16(int, short*)
                0x00000000c0017fc0                SoundCard::getSamples32(int, int*)
                0x00000000c0018046                SoundCard::addChannel(SoundPort*)
                0x00000000c0018084                SoundCard::removeChannel(int)
 .text          0x00000000c0018098      0x377 hal/sound/sndport.32
                0x00000000c0018098                SoundPort::SoundPort(int, int, int, int)
                0x00000000c0018098                SoundPort::SoundPort(int, int, int, int)
                0x00000000c0018124                SoundPort::~SoundPort()
                0x00000000c0018124                SoundPort::~SoundPort()
                0x00000000c0018158                SoundPort::unpause()
                0x00000000c0018164                SoundPort::pause()
                0x00000000c0018170                SoundPort::getBufferUsed()
                0x00000000c0018178                SoundPort::getBufferSize()
                0x00000000c0018180                SoundPort::buffer16(short*, int)
                0x00000000c001820c                SoundPort::buffer32(int*, int)
                0x00000000c0018294                SoundPort::unbufferAndAdd16(int, short*, SoundCard*)
                0x00000000c0018358                SoundPort::unbufferAndAdd32(int, int*, SoundCard*)
 .text          0x00000000c001840f        0x0 hw/bus/isa.32
 *fill*         0x00000000c001840f        0x1 
 .text          0x00000000c0018410      0xb49 hw/bus/pci.32
                0x00000000c0018410                PCI::open(int, int, void*)
                0x00000000c001842e                PCI::close(int, int, void*)
                0x00000000c0018432                PCI::PCI()
                0x00000000c0018432                PCI::PCI()
                0x00000000c00184cc                PCI::readBAR8(unsigned int, int)
                0x00000000c00184e8                PCI::readBAR16(unsigned int, int)
                0x00000000c0018506                PCI::readBAR32(unsigned int, int)
                0x00000000c0018522                PCI::writeBAR8(unsigned int, unsigned char, int)
                0x00000000c0018542                PCI::writeBAR16(unsigned int, unsigned short, int)
                0x00000000c0018564                PCI::writeBAR32(unsigned int, unsigned int, int)
                0x00000000c0018584                PCI::legacyMechanism(unsigned char, unsigned char, unsigned char, unsigned char)
                0x00000000c00185f2                PCI::pciReadWord(unsigned char, unsigned char, unsigned char, unsigned char)
                0x00000000c001869a                PCI::getVendorID(unsigned char, unsigned char, unsigned char)
                0x00000000c00186be                PCI::getHeaderType(unsigned char, unsigned char, unsigned char)
                0x00000000c00186e6                PCI::getClassCode(unsigned char, unsigned char, unsigned char)
                0x00000000c0018730                PCI::getProgIF(unsigned char, unsigned char, unsigned char)
                0x00000000c0018758                PCI::getRevisionID(unsigned char, unsigned char, unsigned char)
                0x00000000c001877c                PCI::getInterruptNumber(unsigned char, unsigned char, unsigned char)
                0x00000000c00187a0                PCI::getSecondaryBus(unsigned char, unsigned char, unsigned char)
                0x00000000c00187c8                PCI::getBARAddress(unsigned char, unsigned char, unsigned char, unsigned char)
                0x00000000c001882c                PCI::pciWriteWord(unsigned char, unsigned char, unsigned char, unsigned char, unsigned short)
                0x00000000c0018914                PCI::pciDetailsToFilepath(PCIDeviceInfo, char*)
                0x00000000c0018b8e                PCI::checkBus(unsigned char)
                0x00000000c0018bb4                PCI::foundDevice(PCIDeviceInfo)
                0x00000000c0018d26                PCI::getDeviceData(unsigned char, unsigned char, unsigned char)
                0x00000000c0018e9a                PCI::checkDevice(unsigned char, unsigned char)
                0x00000000c0018f06                PCI::detect()
 *fill*         0x00000000c0018f59        0x1 
 .text          0x00000000c0018f5a      0xb5a hw/diskctrl/ide.32
                0x00000000c0018f5a                IDE::close(int, int, void*)
                0x00000000c0018f5e                IDE::IDE()
                0x00000000c0018f5e                IDE::IDE()
                0x00000000c0018f92                IDE::prepareInterrupt(unsigned char)
                0x00000000c0018fa4                selectDrive(unsigned char, unsigned char)
                0x00000000c0018fa6                IDE::getBase(unsigned char)
                0x00000000c0018fb8                IDE::write(unsigned char, unsigned char, unsigned char)
                0x00000000c0019078                IDE::read(unsigned char, unsigned char)
                0x00000000c0019126                IDE::waitInterrupt(unsigned char)
                0x00000000c001918e                ideChannel0IRQHandler(regs*, void*)
                0x00000000c00191aa                ideChannel1IRQHandler(regs*, void*)
                0x00000000c00191c6                IDE::enableIRQs(unsigned char, bool)
                0x00000000c001920c                IDE::open(int, int, void*)
                0x00000000c001961a                IDE::readBuffer(unsigned char, unsigned char, unsigned int, unsigned int)
                0x00000000c00196e6                IDE::detect()
                0x00000000c00199a6                IDE::printError(unsigned char, unsigned char, unsigned char)
                0x00000000c0019a56                IDE::polling(unsigned char, unsigned int)
 .text          0x00000000c0019ab4      0x32a hw/diskctrl/satabus.32
                0x00000000c0019ab4                SATABus::close(int, int, void*)
                0x00000000c0019ab8                SATABus::detect()
                0x00000000c0019aba                SATABus::SATABus()
                0x00000000c0019aba                SATABus::SATABus()
                0x00000000c0019b40                SATABus::findCmdslot(SATABus::tagHBA_PORT volatile*)
                0x00000000c0019b72                SATABus::checkType(SATABus::tagHBA_PORT volatile*)
                0x00000000c0019bba                SATABus::startCmd(SATABus::tagHBA_PORT volatile*)
                0x00000000c0019bda                SATABus::stopCmd(SATABus::tagHBA_PORT volatile*)
                0x00000000c0019c04                SATABus::portRebase(SATABus::tagHBA_PORT volatile*, int)
                0x00000000c0019d14                SATABus::probePort(SATABus::tagHBA_MEM volatile*)
                0x00000000c0019dbe                SATABus::open(int, int, void*)
 .text          0x00000000c0019dde      0x921 hw/diskphys/ata.32
                0x00000000c0019dde                ATA::close(int, int, void*)
                0x00000000c0019e02                ATA::powerSaving(PowerSavingLevel)
                0x00000000c0019e04                ATA::ATA()
                0x00000000c0019e04                ATA::ATA()
                0x00000000c0019e32                ATA::flush(bool)
                0x00000000c0019e7c                ATA::readyForCommand()
                0x00000000c0019ec8                ATA::access(unsigned long long, int, void*, bool)
                0x00000000c001a244                ATA::detectCHS()
                0x00000000c001a26e                ATA::open(int, int, void*)
                0x00000000c001a33a                combineCharAndColour(char, unsigned char)
                0x00000000c001a34b                combineColours(unsigned char, unsigned char)
                0x00000000c001a358                ATA::read(unsigned long long, int, void*)
                0x00000000c001a52e                ATA::write(unsigned long long, int, void*)
 *fill*         0x00000000c001a6ff        0x1 
 .text          0x00000000c001a700      0x60e hw/diskphys/atapi.32
                0x00000000c001a700                ATAPI::write(unsigned long long, int, void*)
                0x00000000c001a706                ATAPI::close(int, int, void*)
                0x00000000c001a72a                ATAPI::ATAPI()
                0x00000000c001a72a                ATAPI::ATAPI()
                0x00000000c001a758                ATAPI::readyForCommand()
                0x00000000c001a7aa                ATAPI::sendPacket(unsigned char*, int, bool, unsigned short*, int)
                0x00000000c001aa6a                ATAPI::diskRemoved()
                0x00000000c001aaa4                ATAPI::eject()
                0x00000000c001aaec                ATAPI::diskInserted()
                0x00000000c001aaf8                ATAPI::detectMedia()
                0x00000000c001abb4                ATAPI::open(int, int, void*)
                0x00000000c001ac94                ATAPI::read(unsigned long long, int, void*)
 .text          0x00000000c001ad0e      0x7ff hw/diskphys/sata.32
                0x00000000c001ad0e                SATA::close(int, int, void*)
                0x00000000c001ad32                SATA::powerSaving(PowerSavingLevel)
                0x00000000c001ad34                SATA::open(int, int, void*)
                0x00000000c001adde                SATA::SATA()
                0x00000000c001adde                SATA::SATA()
                0x00000000c001ae0c                SATA::access(unsigned long long, int, void*, bool)
                0x00000000c001b058                SATA::read(unsigned long long, int, void*)
                0x00000000c001b2a8                SATA::write(unsigned long long, int, void*)
 *fill*         0x00000000c001b50d        0x1 
 .text          0x00000000c001b50e      0x596 hw/diskphys/satapi.32
                0x00000000c001b50e                SATAPI::write(unsigned long long, int, void*)
                0x00000000c001b514                SATAPI::close(int, int, void*)
                0x00000000c001b538                SATAPI::SATAPI()
                0x00000000c001b538                SATAPI::SATAPI()
                0x00000000c001b566                SATAPI::diskRemoved()
                0x00000000c001b568                SATAPI::diskInserted()
                0x00000000c001b584                SATAPI::sendPacket(unsigned char*, int, unsigned long long, unsigned short*, int)
                0x00000000c001b858                SATAPI::eject()
                0x00000000c001b894                SATAPI::detectMedia()
                0x00000000c001b8ba                SATAPI::open(int, int, void*)
                0x00000000c001b9ba                SATAPI::read(unsigned long long, int, void*)
 .text          0x00000000c001baa4      0x455 hw/intctrl/apic.32
                0x00000000c001baa4                IOAPIC::close(int, int, void*)
                0x00000000c001baaa                apicGetBase()
                0x00000000c001baec                IOAPIC::IOAPIC()
                0x00000000c001baec                IOAPIC::IOAPIC()
                0x00000000c001bb14                apicOpen()
                0x00000000c001bc7a                IOAPIC::handlesGSIWithNumber(unsigned int)
                0x00000000c001bcac                IOAPIC::read(int)
                0x00000000c001bcd4                IOAPIC::open(int, int, void*)
                0x00000000c001bdc8                IOAPIC::write(int, int)
                0x00000000c001bdf4                IOAPIC::redirect(unsigned char, unsigned long long, unsigned char, bool, bool)
 *fill*         0x00000000c001bef9        0x3 
 .text          0x00000000c001befc       0xf0 hw/timer/apictimer.32
                0x00000000c001befc                APICTimer::close(int, int, void*)
                0x00000000c001bf04                apicTimerHandler(regs*, void*)
                0x00000000c001bf2c                APICTimer::open(int, int, void*)
                0x00000000c001bf9c                APICTimer::write(int)
                0x00000000c001bfc4                APICTimer::APICTimer()
                0x00000000c001bfc4                APICTimer::APICTimer()
 .text          0x00000000c001bfec      0x1aa hw/timer/pit.32
                0x00000000c001bfec                PIT::write(int)
                0x00000000c001c070                pitHandler(regs*, void*)
                0x00000000c001c094                PIT::open(int, int, void*)
                0x00000000c001c0e4                PIT::close(int, int, void*)
                0x00000000c001c114                PIT::PIT()
                0x00000000c001c114                PIT::PIT()
 *fill*         0x00000000c001c196        0xa 
 .text          0x00000000c001c1a0       0x83 arch/i386/avx.32
                0x00000000c001c1a0                avxDetect
                0x00000000c001c1ca                avxSave
                0x00000000c001c1db                avxLoad
                0x00000000c001c1ec                avxInit
                0x00000000c001c20e                avxClose
                0x00000000c001c20f                wouldSheSayYes
 *fill*         0x00000000c001c223        0xd 
 .text          0x00000000c001c230      0x231 arch/i386/interrupt.32
                0x00000000c001c230                isr0
                0x00000000c001c240                isr1
                0x00000000c001c24a                isr2
                0x00000000c001c254                isr3
                0x00000000c001c25e                isr4
                0x00000000c001c268                isr5
                0x00000000c001c272                isr6
                0x00000000c001c27c                isr7
                0x00000000c001c286                isr8
                0x00000000c001c28e                isr9
                0x00000000c001c298                isr10
                0x00000000c001c2a0                isr11
                0x00000000c001c2a8                isr12
                0x00000000c001c2b0                isr13
                0x00000000c001c2b8                isr14
                0x00000000c001c2c0                isr15
                0x00000000c001c2ca                isr16
                0x00000000c001c2d4                isr17
                0x00000000c001c2de                isr18
                0x00000000c001c2e8                irq3
                0x00000000c001c2f2                irq4
                0x00000000c001c2fc                irq5
                0x00000000c001c306                irq6
                0x00000000c001c310                irq7
                0x00000000c001c31a                irq8
                0x00000000c001c324                irq9
                0x00000000c001c32e                irq10
                0x00000000c001c338                irq11
                0x00000000c001c342                irq12
                0x00000000c001c34c                irq13
                0x00000000c001c356                irq14
                0x00000000c001c360                irq15
                0x00000000c001c36a                irq1
                0x00000000c001c371                irq2
                0x00000000c001c378                isr96
                0x00000000c001c37f                irq0
                0x00000000c001c384                int_common_stub
                0x00000000c001c3b6                syscall_common_stub
                0x00000000c001c411                irq16
                0x00000000c001c41b                irq17
                0x00000000c001c425                irq18
                0x00000000c001c42f                irq19
                0x00000000c001c439                irq20
                0x00000000c001c443                irq21
                0x00000000c001c44d                irq22
                0x00000000c001c457                irq23
 *fill*         0x00000000c001c461        0xf 
 .text          0x00000000c001c470       0x10 arch/i386/rdrand.32
                0x00000000c001c470                i386GetRDRAND
 .text          0x00000000c001c480       0x39 arch/i386/sse.32
                0x00000000c001c480                absolutelyNoChanceInHell
                0x00000000c001c480                sseDetect
                0x00000000c001c498                sseSave
                0x00000000c001c4a0                sseLoad
                0x00000000c001c4a8                sseInit
                0x00000000c001c4b8                sseClose
 *fill*         0x00000000c001c4b9        0x7 
 .text          0x00000000c001c4c0       0x49 arch/i386/x87.32
                0x00000000c001c4c6                x87Detect
                0x00000000c001c4e1                x87Save
                0x00000000c001c4e8                x87Load
                0x00000000c001c4ef                x87Init
                0x00000000c001c508                x87Close
 *fill*         0x00000000c001c509        0x3 
 .text          0x00000000c001c50c       0x25 /cygdrive/d/Users/Alex/Desktop/Toolchain/Output/bin/../lib/gcc/i386-banana/8.1.0/crtend.o
 .text          0x00000000c001c531        0x0 crtn.32
 *fill*         0x00000000c001c531        0x3 
 .text          0x00000000c001c534      0x14b /cygdrive/d/Users/Alex/Desktop/Toolchain/Output/bin/../lib/gcc/i386-banana/8.1.0/libkgcc.a(_divdi3.o)
                0x00000000c001c534                __divdi3
 *fill*         0x00000000c001c67f        0x1 
 .text          0x00000000c001c680      0x17e /cygdrive/d/Users/Alex/Desktop/Toolchain/Output/bin/../lib/gcc/i386-banana/8.1.0/libkgcc.a(_moddi3.o)
                0x00000000c001c680                __moddi3
 *fill*         0x00000000c001c7fe        0x2 
 .text          0x00000000c001c800       0xff /cygdrive/d/Users/Alex/Desktop/Toolchain/Output/bin/../lib/gcc/i386-banana/8.1.0/libkgcc.a(_udivdi3.o)
                0x00000000c001c800                __udivdi3
 *fill*         0x00000000c001c8ff        0x1 
 .text          0x00000000c001c900      0x11a /cygdrive/d/Users/Alex/Desktop/Toolchain/Output/bin/../lib/gcc/i386-banana/8.1.0/libkgcc.a(_umoddi3.o)
                0x00000000c001c900                __umoddi3
 *(.gnu.linkonce.t*)

.iplt           0x00000000c001ca20        0x0
 .iplt          0x00000000c001ca20        0x0 D:/Users/Alex/Desktop/Banana/kernel/boot.32

.init           0x00000000c001ca1a        0xf
 .init          0x00000000c001ca1a        0x3 crti.32
                0x00000000c001ca1a                _init
 .init          0x00000000c001ca1d        0x5 /cygdrive/d/Users/Alex/Desktop/Toolchain/Output/bin/../lib/gcc/i386-banana/8.1.0/crtbegin.o
 .init          0x00000000c001ca22        0x5 /cygdrive/d/Users/Alex/Desktop/Toolchain/Output/bin/../lib/gcc/i386-banana/8.1.0/crtend.o
 .init          0x00000000c001ca27        0x2 crtn.32

.fini           0x00000000c001ca29        0xa
 .fini          0x00000000c001ca29        0x3 crti.32
                0x00000000c001ca29                _fini
 .fini          0x00000000c001ca2c        0x5 /cygdrive/d/Users/Alex/Desktop/Toolchain/Output/bin/../lib/gcc/i386-banana/8.1.0/crtbegin.o
 .fini          0x00000000c001ca31        0x2 crtn.32

.text._ZN8ComputerD2Ev
                0x00000000c001ca34       0x23
 .text._ZN8ComputerD2Ev
                0x00000000c001ca34       0x23 core/computer.32
                0x00000000c001ca34                Computer::~Computer()
                0x00000000c001ca34                Computer::~Computer()

.text._ZN8ComputerD0Ev
                0x00000000c001ca58       0x2a
 .text._ZN8ComputerD0Ev
                0x00000000c001ca58       0x2a core/computer.32
                0x00000000c001ca58                Computer::~Computer()

.text._Z10idleCommonv
                0x00000000c001ca82       0x21
 .text._Z10idleCommonv
                0x00000000c001ca82       0x21 core/idle.32
                0x00000000c001ca82                idleCommon()

.text._ZN10LinkedListI8UnixFileED2Ev
                0x00000000c001caa4        0x2
 .text._ZN10LinkedListI8UnixFileED2Ev
                0x00000000c001caa4        0x2 core/unixfile.32
                0x00000000c001caa4                LinkedList<UnixFile>::~LinkedList()
                0x00000000c001caa4                LinkedList<UnixFile>::~LinkedList()

.text._ZN10LinkedListI8UnixFileEC2Ev
                0x00000000c001caa6       0x42
 .text._ZN10LinkedListI8UnixFileEC2Ev
                0x00000000c001caa6       0x42 core/unixfile.32
                0x00000000c001caa6                LinkedList<UnixFile>::LinkedList()
                0x00000000c001caa6                LinkedList<UnixFile>::LinkedList()

.text._ZN10LinkedListI8UnixFileE10addElementEPS0_
                0x00000000c001cae8       0xd3
 .text._ZN10LinkedListI8UnixFileE10addElementEPS0_
                0x00000000c001cae8       0xd3 core/unixfile.32
                0x00000000c001cae8                LinkedList<UnixFile>::addElement(UnixFile*)

.text._ZN10LinkedListI8UnixFileE15getFirstElementEv
                0x00000000c001cbbc        0x7
 .text._ZN10LinkedListI8UnixFileE15getFirstElementEv
                0x00000000c001cbbc        0x7 core/unixfile.32
                0x00000000c001cbbc                LinkedList<UnixFile>::getFirstElement()

.text._ZN10LinkedListI8UnixFileE11removeFirstEv
                0x00000000c001cbc4       0xa1
 .text._ZN10LinkedListI8UnixFileE11removeFirstEv
                0x00000000c001cbc4       0xa1 core/unixfile.32
                0x00000000c001cbc4                LinkedList<UnixFile>::removeFirst()

.text._ZN10LinkedListI8UnixFileE7getNextEPS0_
                0x00000000c001cc66        0x8
 .text._ZN10LinkedListI8UnixFileE7getNextEPS0_
                0x00000000c001cc66        0x8 core/unixfile.32
                0x00000000c001cc66                LinkedList<UnixFile>::getNext(UnixFile*)

.text._ZN16DriverlessDeviceD2Ev
                0x00000000c001cc6e       0x1a
 .text._ZN16DriverlessDeviceD2Ev
                0x00000000c001cc6e       0x1a hal/device.32
                0x00000000c001cc6e                DriverlessDevice::~DriverlessDevice()
                0x00000000c001cc6e                DriverlessDevice::~DriverlessDevice()

.text._ZN16DriverlessDeviceD0Ev
                0x00000000c001cc88       0x2a
 .text._ZN16DriverlessDeviceD0Ev
                0x00000000c001cc88       0x2a hal/device.32
                0x00000000c001cc88                DriverlessDevice::~DriverlessDevice()

.text._ZN10LinkedListI6DeviceE10addElementEPS0_
                0x00000000c001ccb2       0xdc
 .text._ZN10LinkedListI6DeviceE10addElementEPS0_
                0x00000000c001ccb2       0xdc hal/device.32
                0x00000000c001ccb2                LinkedList<Device>::addElement(Device*)

.text._ZN10LinkedListI6DeviceEC2Ev
                0x00000000c001cd8e       0x42
 .text._ZN10LinkedListI6DeviceEC2Ev
                0x00000000c001cd8e       0x42 hal/device.32
                0x00000000c001cd8e                LinkedList<Device>::LinkedList()
                0x00000000c001cd8e                LinkedList<Device>::LinkedList()

.text._ZN10LinkedListIV18ThreadControlBlockE7isEmptyEv
                0x00000000c001cdd0       0x1c
 .text._ZN10LinkedListIV18ThreadControlBlockE7isEmptyEv
                0x00000000c001cdd0       0x1c hal/timer.32
                0x00000000c001cdd0                LinkedList<ThreadControlBlock volatile>::isEmpty()

.text._ZN10LinkedListIV18ThreadControlBlockE15getFirstElementEv
                0x00000000c001cdec        0x7
 .text._ZN10LinkedListIV18ThreadControlBlockE15getFirstElementEv
                0x00000000c001cdec        0x7 hal/timer.32