Archive member included to satisfy reference by file (symbol)

/cygdrive/d/Users/Alex/Desktop/Toolchain/Output/bin/../lib/gcc/i386-banana/8.1.0/libkgcc.a(_divdi3.o)
                              krnl/resolve.32 (__divdi3)
/cygdrive/d/Users/Alex/Desktop/Toolchain/Output/bin/../lib/gcc/i386-banana/8.1.0/libkgcc.a(_moddi3.o)
                              krnl/resolve.32 (__moddi3)
/cygdrive/d/Users/Alex/Desktop/Toolchain/Output/bin/../lib/gcc/i386-banana/8.1.0/libkgcc.a(_udivdi3.o)
                              hal/clock.32 (__udivdi3)
/cygdrive/d/Users/Alex/Desktop/Toolchain/Output/bin/../lib/gcc/i386-banana/8.1.0/libkgcc.a(_umoddi3.o)
                              core/pipe.32 (__umoddi3)

Allocating common symbols
Common symbol       size              file

current_iphdr_src   0x4               net/core/ipv4/ip.32
netif_list          0x4               net/core/netif.32
tcp_active_pcbs     0x4               net/core/tcp.32
udp_pcbs            0x4               net/core/udp.32
current_netif       0x4               net/core/ipv4/ip.32
tcp_ticks           0x4               net/core/tcp.32
tcp_listen_pcbs     0x4               net/core/tcp.32
current_iphdr_dest  0x4               net/core/ipv4/ip.32
tcp_tmp_pcb         0x4               net/core/tcp.32
tcp_input_pcb       0x4               net/core/tcp_in.32
dcache              0x40              fs/iso9660/iso9660.32
current_header      0x4               net/core/ipv4/ip.32
tcp_bound_pcbs      0x4               net/core/tcp.32
cdDriveLetter       0x1               fs/iso9660/iso9660.32
tcp_tw_pcbs         0x4               net/core/tcp.32
lwip_stats          0x150             net/core/stats.32
netif_default       0x4               net/core/netif.32
ram_heap            0x64d             net/core/mem.32
icache              0x40              fs/iso9660/iso9660.32

Discarded input sections

 .comment       0x0000000000000000       0x12 /cygdrive/d/Users/Alex/Desktop/Toolchain/Output/bin/../lib/gcc/i386-banana/8.1.0/crtbegin.o
 .comment       0x0000000000000000       0x12 acpica/utclib.32
 .comment       0x0000000000000000       0x12 arch/cc.32
 .comment       0x0000000000000000       0x12 arch/sys_arch.32
 .comment       0x0000000000000000       0x12 core/malloc.32
 .comment       0x0000000000000000       0x12 libk/ctype.32
 .comment       0x0000000000000000       0x12 libk/string.32
 .comment       0x0000000000000000       0x12 fs/fat/diskio.32
 .comment       0x0000000000000000       0x12 fs/fat/ff.32
 .comment       0x0000000000000000       0x12 fs/fat/ffsystem.32
 .comment       0x0000000000000000       0x12 fs/fat/ffunicode.32
 .comment       0x0000000000000000       0x12 fs/iso9660/iso9660.32
 .comment       0x0000000000000000       0x12 net/core/def.32
 .comment       0x0000000000000000       0x12 net/core/dhcp.32
 .comment       0x0000000000000000       0x12 net/core/dns.32
 .comment       0x0000000000000000       0x12 net/core/init.32
 .comment       0x0000000000000000       0x12 net/core/mem.32
 .comment       0x0000000000000000       0x12 net/core/memp.32
 .comment       0x0000000000000000       0x12 net/core/netif.32
 .comment       0x0000000000000000       0x12 net/core/pbuf.32
 .comment       0x0000000000000000       0x12 net/core/raw.32
 .comment       0x0000000000000000       0x12 net/core/stats.32
 .comment       0x0000000000000000       0x12 net/core/sys.32
 .comment       0x0000000000000000       0x12 net/core/tcp.32
 .comment       0x0000000000000000       0x12 net/core/tcp_in.32
 .comment       0x0000000000000000       0x12 net/core/tcp_out.32
 .comment       0x0000000000000000       0x12 net/core/timers.32
 .comment       0x0000000000000000       0x12 net/core/udp.32
 .comment       0x0000000000000000       0x12 net/netif/etharp.32
 .comment       0x0000000000000000       0x12 net/netif/ethernetif.32
 .comment       0x0000000000000000       0x12 net/netif/slipif.32
 .comment       0x0000000000000000       0x12 net/core/ipv4/autoip.32
 .comment       0x0000000000000000       0x12 net/core/ipv4/icmp.32
 .comment       0x0000000000000000       0x12 net/core/ipv4/igmp.32
 .comment       0x0000000000000000       0x12 net/core/ipv4/inet.32
 .comment       0x0000000000000000       0x12 net/core/ipv4/inet_chksum.32
 .comment       0x0000000000000000       0x12 net/core/ipv4/ip.32
 .comment       0x0000000000000000       0x12 net/core/ipv4/ip_addr.32
 .comment       0x0000000000000000       0x12 net/core/ipv4/ip_frag.32
 .comment       0x0000000000000000       0x12 net/core/snmp/asn1_dec.32
 .comment       0x0000000000000000       0x12 net/core/snmp/asn1_enc.32
 .comment       0x0000000000000000       0x12 net/core/snmp/mib2.32
 .comment       0x0000000000000000       0x12 net/core/snmp/mib_structs.32
 .comment       0x0000000000000000       0x12 net/core/snmp/msg_in.32
 .comment       0x0000000000000000       0x12 net/core/snmp/msg_out.32
 .comment       0x0000000000000000       0x12 net/netif/ppp/auth.32
[...]
Memory Configuration

Name             Origin             Length             Attributes
*default*        0x0000000000000000 0xffffffffffffffff

Linker script and memory map

LOAD D:/Users/Alex/Desktop/Banana/kernel/boot.32
LOAD crti.32
LOAD /cygdrive/d/Users/Alex/Desktop/Toolchain/Output/bin/../lib/gcc/i386-banana/8.1.0/crtbegin.o
LOAD D:/Users/Alex/Desktop/Banana/kernel/morenasm.32
LOAD acpica/utclib.32
LOAD arch/cc.32
LOAD arch/sys_arch.32
LOAD core/malloc.32
LOAD libk/ctype.32
LOAD libk/string.32
LOAD fs/fat/diskio.32
LOAD fs/fat/ff.32
LOAD fs/fat/ffsystem.32
LOAD fs/fat/ffunicode.32
LOAD fs/iso9660/iso9660.32
LOAD net/core/def.32
LOAD net/core/dhcp.32
LOAD net/core/dns.32
LOAD net/core/init.32
LOAD net/core/mem.32
LOAD net/core/memp.32
LOAD net/core/netif.32
LOAD net/core/pbuf.32
LOAD net/core/raw.32
LOAD net/core/stats.32
LOAD net/core/sys.32
LOAD net/core/tcp.32
LOAD net/core/tcp_in.32
LOAD net/core/tcp_out.32
LOAD net/core/timers.32
LOAD net/core/udp.32
LOAD net/netif/etharp.32
LOAD net/netif/ethernetif.32
LOAD net/netif/slipif.32
LOAD net/core/ipv4/autoip.32
LOAD net/core/ipv4/icmp.32
LOAD net/core/ipv4/igmp.32
LOAD net/core/ipv4/inet.32
LOAD net/core/ipv4/inet_chksum.32
LOAD net/core/ipv4/ip.32
LOAD net/core/ipv4/ip_addr.32
LOAD net/core/ipv4/ip_frag.32
LOAD net/core/snmp/asn1_dec.32
LOAD net/core/snmp/asn1_enc.32
LOAD net/core/snmp/mib2.32
LOAD net/core/snmp/mib_structs.32
LOAD net/core/snmp/msg_in.32
LOAD net/core/snmp/msg_out.32
LOAD net/netif/ppp/auth.32
LOAD net/netif/ppp/chap.32
LOAD net/netif/ppp/chpms.32
LOAD net/netif/ppp/fsm.32
LOAD net/netif/ppp/ipcp.32
LOAD net/netif/ppp/lcp.32
LOAD net/netif/ppp/magic.32
LOAD net/netif/ppp/md5.32
LOAD net/netif/ppp/pap.32
LOAD net/netif/ppp/ppp.32
LOAD net/netif/ppp/ppp_oe.32
LOAD net/netif/ppp/randm.32
LOAD net/netif/ppp/vj.32
LOAD core/computer.32
LOAD core/gdt.32
LOAD core/idle.32
LOAD core/idt.32
LOAD core/kheap.32
LOAD core/main.32
LOAD core/physmgr.32
LOAD core/pipe.32
LOAD core/terminal.32
LOAD core/tss.32
LOAD core/unixfile.32
LOAD core/virtmgr.32
LOAD coreobjs/c++.32
LOAD dbg/kconsole.32
LOAD dbg/usban.32
LOAD fs/symlink.32
LOAD fs/vfs.32
LOAD hal/bus.32
LOAD hal/buzzer.32
LOAD hal/clock.32
LOAD hal/device.32
LOAD hal/diskctrl.32
LOAD hal/diskphys.32
LOAD hal/fpu.32
LOAD hal/intctrl.32
LOAD hal/keybrd.32
LOAD hal/logidisk.32
LOAD hal/mouse.32
LOAD hal/nic.32
LOAD hal/partition.32
LOAD hal/serial.32
LOAD hal/timer.32
LOAD hal/vcache.32
LOAD hal/video.32
LOAD hw/acpi.32
LOAD hw/cpu.32
LOAD krnl/atexit.32
LOAD krnl/bootmsg.32
LOAD krnl/cdefs.32
LOAD krnl/compat.32
LOAD krnl/crc32.32
LOAD krnl/env.32
LOAD krnl/inlines.32
LOAD krnl/mutex.32
LOAD krnl/panic.32
LOAD krnl/powctrl.32
LOAD krnl/random.32
LOAD krnl/resolve.32
LOAD krnl/semaphore.32
LOAD krnl/signal.32
LOAD krnl/syscalls.32
LOAD net/ethernet.32
LOAD net/netosl.32
LOAD reg/cm.32
LOAD reg/registry.32
LOAD sys/eject.32
LOAD sys/exit.32
LOAD sys/getcwd.32
LOAD sys/getpid.32
LOAD sys/getramdata.32
LOAD sys/getvgaptr.32
LOAD sys/kill.32
LOAD sys/loaddll.32
LOAD sys/read.32
LOAD sys/registersignal.32
LOAD sys/registry.32
LOAD sys/sbrk.32
LOAD sys/setcwd.32
LOAD sys/settime.32
LOAD sys/symlink.32
LOAD sys/timezone.32
LOAD sys/truncate.32
LOAD sys/write.32
LOAD sys/wsbe.32
LOAD sys/yield.32
LOAD thr/elf.32
LOAD thr/prcssthr.32
LOAD vm86/vm8086.32
LOAD arch/i386/hal.32
LOAD arch/i386/pic.32
LOAD arch/i386/rtc.32
LOAD arch/i386/vga.32
LOAD fs/fat/vfslink.32
LOAD fs/iso9660/helper.32
LOAD fs/iso9660/vfslink.32
LOAD hal/sound/sndcard.32
LOAD hal/sound/sndport.32
LOAD hw/bus/isa.32
LOAD hw/bus/pci.32
LOAD hw/diskctrl/ide.32
LOAD hw/diskctrl/satabus.32
LOAD hw/diskphys/ata.32
LOAD hw/diskphys/atapi.32
LOAD hw/diskphys/sata.32
LOAD hw/diskphys/satapi.32
LOAD hw/intctrl/apic.32
LOAD hw/timer/apictimer.32
LOAD hw/timer/pit.32
LOAD arch/i386/avx.32
LOAD arch/i386/interrupt.32
LOAD arch/i386/rdrand.32
LOAD arch/i386/sse.32
LOAD arch/i386/x87.32
LOAD /cygdrive/d/Users/Alex/Desktop/Toolchain/Output/bin/../lib/gcc/i386-banana/8.1.0/crtend.o
LOAD crtn.32
LOAD /cygdrive/d/Users/Alex/Desktop/Toolchain/Output/bin/../lib/gcc/i386-banana/8.1.0/libkgcc.a
LOAD D:/Users/Alex/Desktop/Banana/kernel/libsoftfp.a
LOAD D:/Users/Alex/Desktop/Banana/kernel/libk/libm32.a
                0x00000000c0000000                . = 0xc0000000

.text           0x00000000c0000000    0x2e86a
 *(.text)
 .text          0x00000000c0000000       0x20 D:/Users/Alex/Desktop/Banana/kernel/boot.32
 .text          0x00000000c0000020        0x0 crti.32
 .text          0x00000000c0000020      0x101 /cygdrive/d/Users/Alex/Desktop/Toolchain/Output/bin/../lib/gcc/i386-banana/8.1.0/crtbegin.o
 *fill*         0x00000000c0000121        0xf 
 .text          0x00000000c0000130      0x24f D:/Users/Alex/Desktop/Banana/kernel/morenasm.32
                0x00000000c0000130                manualPCIProbe
                0x00000000c000017b                prepareTramp
                0x00000000c0000194                doTPAUSE
                0x00000000c000019e                hasLegacyFPU
                0x00000000c00001c3                is486
                0x00000000c00001f9                detectCPUID
                0x00000000c000020f                goToVM86
                0x00000000c000023f                goToUsermode
                0x00000000c0000269                switchToThreadASMFirstTime
                0x00000000c0000277                switchToThreadASM
                0x00000000c00002fc                asmQuickAcquireLock
                0x00000000c000031a                asmQuickReleaseLock
                0x00000000c0000326                asmAcquireLock
                0x00000000c0000347                asmReleaseLock
                0x00000000c000035a                loadGDT
                0x00000000c000037a                memcpy
 *fill*         0x00000000c000037f        0x1 
 .text          0x00000000c0000380      0x868 acpica/utclib.32
                0x00000000c0000380                memcmp
                0x00000000c00003d0                memmove
                0x00000000c00004f0                memset
                0x00000000c0000570                strlen
                0x00000000c00005a0                strpbrk
                0x00000000c00005f0                strtok
                0x00000000c0000640                strcpy
                0x00000000c0000680                strncpy
                0x00000000c0000750                strcmp
                0x00000000c00007a0                strchr
                0x00000000c00007e0                strncmp
                0x00000000c0000840                strcat
                0x00000000c0000870                strncat
                0x00000000c00008d0                strstr
                0x00000000c0000930                toupper
                0x00000000c0000950                tolower
                0x00000000c0000970                simple_strtoul
 .text          0x00000000c0000be8       0x53 arch/cc.32
                0x00000000c0000be8                LWIP_PLATFORM_HTONS
                0x00000000c0000c0c                LWIP_PLATFORM_HTONL
 *fill*         0x00000000c0000c3b        0x1 
 .text          0x00000000c0000c3c      0x162 arch/sys_arch.32
                0x00000000c0000c3c                lwip_socket_init
                0x00000000c0000c54                tcpip_callback_with_block
                0x00000000c0000c6c                sys_sem_new
                0x00000000c0000c94                sys_sem_free
                0x00000000c0000cac                sys_sem_signal
                0x00000000c0000cc4                sys_arch_sem_wait
                0x00000000c0000ce0                sys_mbox_new
                0x00000000c0000cfc                sys_mbox_free
                0x00000000c0000d14                sys_mbox_post
                0x00000000c0000d2c                sys_arch_mbox_fetch
                0x00000000c0000d48                sys_arch_mbox_tryfetch
                0x00000000c0000d64                sys_mbox_trypost
                0x00000000c0000d7c                sys_thread_new
                0x00000000c0000d9c                sys_init
 .text          0x00000000c0000d9e      0xfaa core/malloc.32
                0x00000000c0000f09                dlfree
                0x00000000c0001261                dlmalloc
                0x00000000c000179e                dlrealloc
                0x00000000c0001941                dlmemalign
                0x00000000c0001a64                dlcalloc
                0x00000000c0001afe                dlcfree
                0x00000000c0001b03                dlindependent_calloc
                0x00000000c0001b28                dlindependent_comalloc
                0x00000000c0001b3f                dlvalloc
                0x00000000c0001b6a                dlpvalloc
                0x00000000c0001ba0                dlmalloc_trim
                0x00000000c0001bad                dlmalloc_usable_size
                0x00000000c0001bde                dlmallinfo
                0x00000000c0001cad                dlmalloc_stats
                0x00000000c0001cbe                dlmallopt
 .text          0x00000000c0001d48      0x1f2 libk/ctype.32
                0x00000000c0001d48                isblank
                0x00000000c0001d68                iscntrl
                0x00000000c0001d88                isdigit
                0x00000000c0001da4                islower
                0x00000000c0001dc0                isspace
                0x00000000c0001de8                isupper
                0x00000000c0001e04                isalpha
                0x00000000c0001e34                isalnum
                0x00000000c0001e64                ispunct
                0x00000000c0001ea4                isgraph
                0x00000000c0001ed4                isprint
                0x00000000c0001efc                isxdigit
 .text          0x00000000c0001f3a        0x0 libk/string.32
 .text          0x00000000c0001f3a       0x51 fs/fat/diskio.32
                0x00000000c0001f3a                disk_status
                0x00000000c0001f3d                disk_initialize
                0x00000000c0001f40                disk_read
                0x00000000c0001f56                disk_write
                0x00000000c0001f6c                disk_ioctl
 .text          0x00000000c0001f8b     0x3e46 fs/fat/ff.32
                0x00000000c0003dac                f_mount
                0x00000000c0003e0e                f_open
                0x00000000c00040d1                f_read
                0x00000000c00042d0                f_write
                0x00000000c0004518                f_sync
                0x00000000c00045dd                f_close
                0x00000000c000460c                f_lseek
                0x00000000c00047bd                f_opendir
                0x00000000c0004888                f_closedir
                0x00000000c00048aa                f_readdir
                0x00000000c000493c                f_stat
                0x00000000c00049bb                f_getfree
                0x00000000c0004ac4                f_truncate
                0x00000000c0004bae                f_unlink
                0x00000000c0004cd0                f_mkdir
                0x00000000c0004e6b                f_rename
                0x00000000c0005023                f_chmod
                0x00000000c00050d3                f_utime
                0x00000000c0005183                f_getlabel
                0x00000000c00052d4                f_setlabel
                0x00000000c0005464                f_expand
                0x00000000c00055d1                f_mkfs
 *fill*         0x00000000c0005dd1        0x3 
 .text          0x00000000c0005dd4       0x2f fs/fat/ffsystem.32
                0x00000000c0005dd4                ff_memalloc
                0x00000000c0005dec                ff_memfree
 *fill*         0x00000000c0005e03        0x1 
 .text          0x00000000c0005e04      0x2dc fs/fat/ffunicode.32
                0x00000000c0005e04                ff_uni2oem
                0x00000000c0005ea4                ff_oem2uni
                0x00000000c0005f1c                ff_wtoupper
 .text          0x00000000c00060e0      0xd32 fs/iso9660/iso9660.32
                0x00000000c000632b                isoReadDiscSector
                0x00000000c00063c6                strnicmp
                0x00000000c0006675                stricmp
                0x00000000c00066c1                iso_open
                0x00000000c000674b                iso_close
                0x00000000c0006769                iso_read
                0x00000000c000687f                iso_seek
                0x00000000c0006903                iso_tell
                0x00000000c0006934                iso_total
                0x00000000c000695f                fn_postprocess
                0x00000000c0006986                iso_readdir
                0x00000000c0006bdd                iso_reset
                0x00000000c0006bfa                init_percd
                0x00000000c0006cf4                iso_ioctl
                0x00000000c0006d0c                fs_iso9660_init
                0x00000000c0006da2                fs_iso9660_shutdown
 .text          0x00000000c0006e12        0x0 net/core/def.32
 .text          0x00000000c0006e12        0x0 net/core/dhcp.32
 .text          0x00000000c0006e12        0x0 net/core/dns.32
 *fill*         0x00000000c0006e12        0x2 
 .text          0x00000000c0006e14       0x2b net/core/init.32
                0x00000000c0006e14                lwip_init
 *fill*         0x00000000c0006e3f        0x1 
 .text          0x00000000c0006e40      0x9f0 net/core/mem.32
                0x00000000c0006fd4                mem_init
                0x00000000c000707c                mem_free
                0x00000000c00071a0                mem_trim
                0x00000000c00074b0                mem_malloc
                0x00000000c00077cc                mem_calloc
 .text          0x00000000c0007830      0x2e8 net/core/memp.32
                0x00000000c0007830                memp_init
                0x00000000c0007974                memp_malloc
                0x00000000c0007aa0                memp_free
 .text          0x00000000c0007b18      0x4ba net/core/netif.32
                0x00000000c0007b18                netif_init
                0x00000000c0007b1c                netif_find
                0x00000000c0007bb4                netif_set_ipaddr
                0x00000000c0007cac                netif_set_gw
                0x00000000c0007cd0                netif_set_netmask
                0x00000000c0007cf4                netif_set_addr
                0x00000000c0007d38                netif_add
                0x00000000c0007e04                netif_set_default
                0x00000000c0007e10                netif_set_up
                0x00000000c0007e74                netif_set_down
                0x00000000c0007e9c                netif_remove
                0x00000000c0007f48                netif_set_link_up
                0x00000000c0007fac                netif_set_link_down
 *fill*         0x00000000c0007fd2        0x2 
 .text          0x00000000c0007fd4     0x16ac net/core/pbuf.32
                0x00000000c000809c                pbuf_alloced_custom
                0x00000000c00081c0                pbuf_header
                0x00000000c000835c                pbuf_free
                0x00000000c0008534                pbuf_alloc
                0x00000000c000892c                pbuf_realloc
                0x00000000c0008b30                pbuf_clen
                0x00000000c0008b64                pbuf_ref
                0x00000000c0008b94                pbuf_cat
                0x00000000c0008c74                pbuf_chain
                0x00000000c0008ca0                pbuf_dechain
                0x00000000c0008d94                pbuf_copy
                0x00000000c0008ffc                pbuf_copy_partial
                0x00000000c00091a0                pbuf_take
                0x00000000c0009320                pbuf_coalesce
                0x00000000c00093b4                pbuf_get_at
                0x00000000c000944c                pbuf_memcmp
                0x00000000c0009558                pbuf_memfind
                0x00000000c000960c                pbuf_strstr
 .text          0x00000000c0009680      0x3e4 net/core/raw.32
                0x00000000c0009680                raw_input
                0x00000000c000978c                raw_bind
                0x00000000c00097b0                raw_connect
                0x00000000c00097d4                raw_recv
                0x00000000c00097ec                raw_sendto
                0x00000000c0009958                raw_send
                0x00000000c000997c                raw_remove
                0x00000000c00099fc                raw_new
 .text          0x00000000c0009a64        0x2 net/core/stats.32
                0x00000000c0009a64                stats_init
 *fill*         0x00000000c0009a66        0x2 
 .text          0x00000000c0009a68       0x55 net/core/sys.32
                0x00000000c0009a68                sys_msleep
 *fill*         0x00000000c0009abd        0x3 
 .text          0x00000000c0009ac0     0x1dec net/core/tcp.32
                0x00000000c0009ad0                tcp_listen_with_backlog
                0x00000000c0009c80                tcp_update_rcv_ann_wnd
                0x00000000c0009d5c                tcp_recved
                0x00000000c0009ea4                tcp_bind
                0x00000000c0009fd4                tcp_seg_free
                0x00000000c000a018                tcp_segs_free
                0x00000000c000a050                tcp_setprio
                0x00000000c000a06c                tcp_seg_copy
                0x00000000c000a0c0                tcp_arg
                0x00000000c000a0d0                tcp_recv
                0x00000000c000a0e0                tcp_sent
                0x00000000c000a0f0                tcp_err
                0x00000000c000a100                tcp_accept
                0x00000000c000a110                tcp_poll
                0x00000000c000a138                tcp_pcb_purge
                0x00000000c000a21c                tcp_slowtmr
                0x00000000c000a9a0                tcp_pcb_remove
                0x00000000c000ae48                tcp_close
                0x00000000c000ae84                tcp_recv_null
                0x00000000c000aee8                tcp_fasttmr
                0x00000000c000b00c                tcp_tmr
                0x00000000c000b03c                tcp_shutdown
                0x00000000c000b0e8                tcp_abandon
                0x00000000c000b27c                tcp_abort
                0x00000000c000b3e8                tcp_next_iss
                0x00000000c000b400                tcp_alloc
                0x00000000c000b5ac                tcp_new
                0x00000000c000b5c0                tcp_eff_send_mss
                0x00000000c000b630                tcp_connect
                0x00000000c000b8a0                tcp_debug_state_str
 .text          0x00000000c000b8ac     0x3131 net/core/tcp_in.32
                0x00000000c000df0c                tcp_input
 *fill*         0x00000000c000e9dd        0x3 
 .text          0x00000000c000e9e0     0x1f81 net/core/tcp_out.32
                0x00000000c000ef50                tcp_write
                0x00000000c000f7f0                tcp_enqueue_flags
                0x00000000c000fadc                tcp_send_fin
                0x00000000c000fb7c                tcp_send_empty_ack
                0x00000000c000fe8c                tcp_output
                0x00000000c0010318                tcp_rst
                0x00000000c001048c                tcp_rexmit_rto
                0x00000000c001051c                tcp_rexmit
                0x00000000c00105e4                tcp_rexmit_fast
                0x00000000c00106c8                tcp_keepalive
                0x00000000c0010790                tcp_zero_window_probe
 *fill*         0x00000000c0010961        0x3 
 .text          0x00000000c0010964      0x44d net/core/timers.32
                0x00000000c0010964                sys_timeout
                0x00000000c0010b1c                tcp_timer_needed
                0x00000000c0010bb0                sys_timeouts_init
                0x00000000c0010be8                sys_untimeout
                0x00000000c0010cb4                sys_timeouts_mbox_fetch
 *fill*         0x00000000c0010db1        0x3 
 .text          0x00000000c0010db4      0xae8 net/core/udp.32
                0x00000000c0010db4                udp_input
                0x00000000c0011228                udp_bind
                0x00000000c00113a8                udp_sendto_if
                0x00000000c0011628                udp_sendto
                0x00000000c001168c                udp_send
                0x00000000c00116b8                udp_connect
                0x00000000c0011798                udp_disconnect
                0x00000000c00117c4                udp_recv
                0x00000000c00117dc                udp_remove
                0x00000000c001185c                udp_new
 .text          0x00000000c001189c     0x1204 net/netif/etharp.32
                0x00000000c00118f4                etharp_tmr
                0x00000000c0011ec4                etharp_find_addr
                0x00000000c0012424                etharp_request
                0x00000000c0012460                etharp_query
                0x00000000c001279c                etharp_output
                0x00000000c001295c                ethernet_input
 .text          0x00000000c0012aa0        0x0 net/netif/ethernetif.32
 .text          0x00000000c0012aa0        0x0 net/netif/slipif.32
 .text          0x00000000c0012aa0        0x0 net/core/ipv4/autoip.32
 .text          0x00000000c0012aa0      0x5dd net/core/ipv4/icmp.32
                0x00000000c0012aa0                icmp_input
                0x00000000c0013038                icmp_dest_unreach
                0x00000000c001305c                icmp_time_exceeded
 .text          0x00000000c001307d        0x0 net/core/ipv4/igmp.32
 .text          0x00000000c001307d        0x0 net/core/ipv4/inet.32
 *fill*         0x00000000c001307d        0x3 
 .text          0x00000000c0013080      0x582 net/core/ipv4/inet_chksum.32
                0x00000000c0013178                inet_chksum_pseudo
                0x00000000c0013308                inet_chksum_pseudo_partial
                0x00000000c00134f8                inet_chksum
                0x00000000c0013520                inet_chksum_pbuf
 *fill*         0x00000000c0013602        0x2 
 .text          0x00000000c0013604      0x84c net/core/ipv4/ip.32
                0x00000000c0013604                ip_route
                0x00000000c0013698                ip_input
                0x00000000c0013adc                ip_output_if
                0x00000000c0013dac                ip_output
 .text          0x00000000c0013e50      0x5ac net/core/ipv4/ip_addr.32
                0x00000000c0013e50                ip4_addr_isbroadcast
                0x00000000c0013ed8                ip4_addr_netmask_valid
                0x00000000c0013f3c                ipaddr_aton
                0x00000000c001426c                ipaddr_addr
                0x00000000c001429c                ipaddr_ntoa_r
                0x00000000c00143e8                ipaddr_ntoa
 .text          0x00000000c00143fc     0x1161 net/core/ipv4/ip_frag.32
                0x00000000c0014660                ip_reass_tmr
                0x00000000c0014cf0                ip_reass
                0x00000000c00151b0                ip_frag
 .text          0x00000000c001555d        0x0 net/core/snmp/asn1_dec.32
 .text          0x00000000c001555d        0x0 net/core/snmp/asn1_enc.32
 .text          0x00000000c001555d        0x0 net/core/snmp/mib2.32
 .text          0x00000000c001555d        0x0 net/core/snmp/mib_structs.32
 .text          0x00000000c001555d        0x0 net/core/snmp/msg_in.32
 .text          0x00000000c001555d        0x0 net/core/snmp/msg_out.32
 .text          0x00000000c001555d        0x0 net/netif/ppp/auth.32
 .text          0x00000000c001555d        0x0 net/netif/ppp/chap.32
 .text          0x00000000c001555d        0x0 net/netif/ppp/chpms.32
 .text          0x00000000c001555d        0x0 net/netif/ppp/fsm.32
 .text          0x00000000c001555d        0x0 net/netif/ppp/ipcp.32
 .text          0x00000000c001555d        0x0 net/netif/ppp/lcp.32
 .text          0x00000000c001555d        0x0 net/netif/ppp/magic.32
 .text          0x00000000c001555d        0x0 net/netif/ppp/md5.32
 .text          0x00000000c001555d        0x0 net/netif/ppp/pap.32
 .text          0x00000000c001555d        0x0 net/netif/ppp/ppp.32
 .text          0x00000000c001555d        0x0 net/netif/ppp/ppp_oe.32
 .text          0x00000000c001555d        0x0 net/netif/ppp/randm.32
 .text          0x00000000c001555d        0x0 net/netif/ppp/vj.32
 *fill*         0x00000000c001555d        0x1 
 .text          0x00000000c001555e      0x6c7 core/computer.32
                0x00000000c001555e                Computer::close(int, int, void*)
                0x00000000c00155ac                Krnl::firstTask()
                0x00000000c00156ea                Computer::Computer()
                0x00000000c00156ea                Computer::Computer()
                0x00000000c001579a                Computer::setBootMessage(char const*)
                0x00000000c001579c                Computer::detectFeatures()
                0x00000000c00159c2                Computer::displayFeatures()
                0x00000000c00159c4                Computer::rdmsr(unsigned int)
                0x00000000c00159f0                Computer::wrmsr(unsigned int, unsigned long long)
                0x00000000c0015a2c                Computer::shutdown()
                0x00000000c0015a44                Computer::restart()
                0x00000000c0015a5c                Computer::sleep()
                0x00000000c0015a70                Computer::nmiEnabled()
                0x00000000c0015a7c                Computer::readCMOS(unsigned char)
                0x00000000c0015a9a                Computer::enableNMI(bool)
                0x00000000c0015ab2                Computer::open(int, int, void*)
                0x00000000c0015b86                Computer::disableNMI()
                0x00000000c0015b96                Computer::writeCMOS(unsigned char, unsigned char)
                0x00000000c0015bba                Computer::handleNMI()
 *fill*         0x00000000c0015c25        0x1 
 .text          0x00000000c0015c26      0x1db core/gdt.32
                0x00000000c0015c26                GDTEntry::setBase(unsigned int)
                0x00000000c0015c42                GDTEntry::setLimit(unsigned int)
                0x00000000c0015c60                GDT::GDT()
                0x00000000c0015c60                GDT::GDT()
                0x00000000c0015c76                GDT::addEntry(GDTEntry)
                0x00000000c0015c98                GDT::getNumberOfEntries()
                0x00000000c0015ca0                GDT::flush()
                0x00000000c0015cc2                GDT::setup()
 .text          0x00000000c0015e01       0x1d core/idle.32
                0x00000000c0015e01                idleFunction(void*)
 *fill*         0x00000000c0015e1e        0x2 
 .text          0x00000000c0015e20      0x46c core/idt.32
                0x00000000c0015e20                IDTEntry::IDTEntry(bool)
                0x00000000c0015e20                IDTEntry::IDTEntry(bool)
                0x00000000c0015e9a                IDTEntry::setOffset(unsigned int)
                0x00000000c0015eb0                IDT::IDT()
                0x00000000c0015eb0                IDT::IDT()
                0x00000000c0015eb2                IDT::getPointerToInvalidOpcodeEntryForF00F()
                0x00000000c0015eba                IDT::addEntry(IDTEntry, int)
                0x00000000c0015ed4                IDT::addEntry(int, void (*)(), bool)
                0x00000000c0015f0c                IDT::flush()
                0x00000000c0015f26                IDT::setup()
 .text          0x00000000c001628c      0x188 core/kheap.32
                0x00000000c001628c                sbrk
                0x00000000c0016323                mmap
                0x00000000c0016339                munmap
                0x00000000c001634f                liballoc_lock()
                0x00000000c001635d                liballoc_unlock()
                0x00000000c0016373                liballoc_alloc(int)
                0x00000000c001638b                liballoc_free(void*, int)
                0x00000000c00163a6                realloc
                0x00000000c00163ba                malloc
                0x00000000c00163ca                free
                0x00000000c00163da                rfree
                0x00000000c00163ea                calloc
 .text          0x00000000c0016414       0xc7 core/main.32
                0x00000000c0016414                KeEntryPoint
 .text          0x00000000c00164db      0x644 core/physmgr.32
                0x00000000c00164db                Phys::allocateDMA(unsigned long)
                0x00000000c00165c3                Phys::freeDMA(unsigned long, unsigned long)
                0x00000000c00165fe                Phys::setPageState(unsigned long, bool)
                0x00000000c001663e                Phys::getPageState(unsigned long)
                0x00000000c001665a                Phys::freePage(unsigned long)
                0x00000000c00166c3                Phys::allocatePage()
                0x00000000c0016792                Phys::allocateContiguousPages(int)
                0x00000000c00167f9                Phys::allowSegmentToBeUsed(unsigned long, unsigned long)
                0x00000000c0016831                Phys::physicalMemorySetup(unsigned int)
 *fill*         0x00000000c0016b1f        0x1 
 .text          0x00000000c0016b20      0x273 core/pipe.32
                0x00000000c0016b20                Pipe::isAtty()
                0x00000000c0016b24                Pipe::~Pipe()
                0x00000000c0016b24                Pipe::~Pipe()
                0x00000000c0016b48                Pipe::~Pipe()
                0x00000000c0016b70                Pipe::write(unsigned long long, void*, int*)
                0x00000000c0016c30                Pipe::read(unsigned long long, void*, int*)
                0x00000000c0016d2c                Pipe::Pipe(int)
                0x00000000c0016d2c                Pipe::Pipe(int)
 *fill*         0x00000000c0016d93        0x1 
 .text          0x00000000c0016d94      0xab3 core/terminal.32
                0x00000000c0016d94                VgaText::isAtty()
                0x00000000c0016d98                VgaText::~VgaText()
                0x00000000c0016d98                VgaText::~VgaText()
                0x00000000c0016dbc                VgaText::~VgaText()
                0x00000000c0016de6                VgaText::read(unsigned long long, void*, int*)
                0x00000000c0016e06                setTerminalScrollLock(bool)
                0x00000000c0016e07                doTerminalCycle()
                0x00000000c0016e08                addToTerminalCycle(VgaText*)
                0x00000000c0016e09                scrollTerminalScrollLock(int)
                0x00000000c0016e0a                VgaText::updateTitle()
                0x00000000c0016e0c                VgaText::load()
                0x00000000c0016e0e                VgaText::updateCursor()
                0x00000000c0016e24                VgaText::doANSI_SGR(int)
                0x00000000c0016e98                VgaText::setDefaultBgColour(VgaColour)
                0x00000000c0016ea8                VgaText::setDefaultFgColour(VgaColour)
                0x00000000c0016eb8                VgaText::setDefaultColours(VgaColour, VgaColour)
                0x00000000c0016ed8                VgaText::setTitleTextColour(VgaColour)
                0x00000000c0016ee4                VgaText::setTitleColour(VgaColour)
                0x00000000c0016ef0                VgaText::setTitle(char*)
                0x00000000c0016ef2                VgaText::combineColours(unsigned char, unsigned char)
                0x00000000c0016f04                VgaText::scrollScreen()
                0x00000000c0016f96                VgaText::combineCharAndColour(char, unsigned char)
                0x00000000c0016fa6                VgaText::writeCharacter(char, VgaColour, VgaColour, int, int)
                0x00000000c0017036                VgaText::getCursorX()
                0x00000000c001703e                VgaText::getCursorY()
                0x00000000c0017046                VgaText::setCursor(int, int)
                0x00000000c001705d                setActiveTerminal(VgaText*)
                0x00000000c00170a8                VgaText::clearScreen()
                0x00000000c00170f6                VgaText::setCursorX(int)
                0x00000000c001710e                VgaText::setCursorY(int)
                0x00000000c0017126                VgaText::incrementCursor(bool)
                0x00000000c001717a                VgaText::decrementCursor(bool)
                0x00000000c001719c                VgaText::putchar(char, VgaColour, VgaColour)
                0x00000000c001726c                VgaText::putchar(char)
                0x00000000c0017364                VgaText::putx(unsigned int)
                0x00000000c00173aa                VgaText::puts(char const*)
                0x00000000c00173d0                VgaText::write(unsigned long long, void*, int*)
                0x00000000c001741c                VgaText::puts(char const*, VgaColour, VgaColour)
                0x00000000c001756a                VgaText::VgaText(char const*)
                0x00000000c001756a                VgaText::VgaText(char const*)
                0x00000000c00176ba                VgaText::receiveKey(unsigned char)
                0x00000000c0017846                VgaText::doUpdate()
 *fill*         0x00000000c0017847        0x1 
 .text          0x00000000c0017848      0x1a1 core/tss.32
                0x00000000c0017848                TSS::TSS()
                0x00000000c0017848                TSS::TSS()
                0x00000000c0017858                TSS::setESP(unsigned long)
                0x00000000c001786c                TSS::flush()
                0x00000000c001788c                TSS::setup(unsigned long, unsigned long)
 *fill*         0x00000000c00179e9        0x1 
 .text          0x00000000c00179ea      0x4ca core/unixfile.32
                0x00000000c00179ea                ReservedFilename::read(unsigned long long, void*, int*)
                0x00000000c0017a40                ReservedFilename::isAtty()
                0x00000000c0017a5c                ReservedFilename::write(unsigned long long, void*, int*)
                0x00000000c0017aba                UnixFile::getFileDescriptor()
                0x00000000c0017ac2                UnixFile::UnixFile(int)
                0x00000000c0017ac2                UnixFile::UnixFile(int)
                0x00000000c0017c76                ReservedFilename::ReservedFilename(int)
                0x00000000c0017c76                ReservedFilename::ReservedFilename(int)
                0x00000000c0017ca8                UnixFile::~UnixFile()
                0x00000000c0017ca8                UnixFile::~UnixFile()
                0x00000000c0017d44                UnixFile::~UnixFile()
                0x00000000c0017d6c                ReservedFilename::~ReservedFilename()
                0x00000000c0017d6c                ReservedFilename::~ReservedFilename()
                0x00000000c0017d90                ReservedFilename::~ReservedFilename()
                0x00000000c0017db7                KeGetFileFromDescriptor(int)
 .text          0x00000000c0017eb4     0x1218 core/virtmgr.32
                0x00000000c0017eb4                Virt::setPageState(unsigned long, Virt::VirtPageState)
                0x00000000c0017eee                Virt::getPageState(unsigned long)
                0x00000000c0017f11                Virt::allocateKernelVirtualPages(int)
                0x00000000c0018036                Virt::freeSwapfilePage(unsigned long)
                0x00000000c0018059                Virt::swapIDToSector(unsigned long)
                0x00000000c001806f                Virt::allocateSwapfilePage()
                0x00000000c00180ef                Virt::virtualMemorySetup()
                0x00000000c0018140                Virt::setupPageSwapping(int)
                0x00000000c00181b2                VAS::setCPUSpecific(unsigned long)
                0x00000000c00181b4                VAS::VAS(VAS*)
                0x00000000c00181b4                VAS::VAS(VAS*)
                0x00000000c00181e2                VAS::getForeignPageTableEntry(bool, unsigned long)
                0x00000000c0018210                VAS::getPageTableEntry(unsigned long)
                0x00000000c001822f                Virt::freeKernelVirtualPages(unsigned long)
                0x00000000c001836c                VAS::freeAllocatedPages(unsigned long)
                0x00000000c0018390                VAS::virtualToPhysical(unsigned long)
                0x00000000c00183aa                VAS::reflagRange(unsigned long, int, unsigned long, unsigned long)
                0x00000000c00183ec                VAS::VAS()
                0x00000000c00183ec                VAS::VAS()
                0x00000000c0018456                VAS::setToWriteCombining(unsigned long, int)
                0x00000000c001848a                VAS::mapOtherVASIn(bool, VAS*)
                0x00000000c00184b6                VAS::~VAS()
                0x00000000c00184b6                VAS::~VAS()
                0x00000000c0018624                VAS::mapPage(unsigned long, unsigned long, int)
                0x00000000c0018728                VAS::allocatePages(int, int)
                0x00000000c001881e                VAS::mapRange(unsigned long, unsigned long, int, int)
                0x00000000c0018876                VAS::mapForeignPage(bool, VAS*, unsigned long, unsigned long, int)
                0x00000000c001896c                VAS::VAS(bool)
                0x00000000c001896c                VAS::VAS(bool)
                0x00000000c0018bb6                VAS::evict(unsigned long)
                0x00000000c0018c94                VAS::tryLoadBackOffDisk(unsigned long)
                0x00000000c0018e2e                VAS::allocateSharedMemoryWithKernel(unsigned long, unsigned long*)
                0x00000000c0018ea2                VAS::freeSharedMemoryWithKernel(unsigned long, unsigned long)
                0x00000000c0018ece                VAS::scanForEviction()
                0x00000000c0018fd1                mapVASFirstTime
 .text          0x00000000c00190cc       0x5f coreobjs/c++.32
                0x00000000c00190cc                __cxa_atexit
                0x00000000c00190cf                __cxa_finalize
                0x00000000c00190d0                __stack_chk_fail
                0x00000000c0019106                __cxa_pure_virtual
                0x00000000c0019117                operator new[](unsigned long)
                0x00000000c001911c                operator delete(void*, unsigned long)
                0x00000000c0019121                operator delete[](void*)
                0x00000000c0019126                operator delete[](void*, unsigned long)
 .text          0x00000000c001912b      0x254 dbg/kconsole.32
                0x00000000c001912b                Dbg::stringifyxWithBase(unsigned int, char*, int)
                0x00000000c00191cb                Dbg::logc(char)
                0x00000000c00191eb                Dbg::logs(char*)
                0x00000000c001920a                Dbg::logWriteInt(unsigned int)
                0x00000000c0019228                Dbg::logWriteIntBase(unsigned int, int)
                0x00000000c0019249                Dbg::kprintf(char const*, ...)
 *fill*         0x00000000c001937f        0x1 
 .text          0x00000000c0019380      0x2d4 dbg/usban.32
                0x00000000c0019380                KiUbsanPrintDetails(char const*, void*)
                0x00000000c00193ec                __ubsan_handle_type_mismatch_v1
                0x00000000c00194c8                __ubsan_handle_pointer_overflow
                0x00000000c00194f4                __ubsan_handle_out_of_bounds
                0x00000000c0019520                __ubsan_handle_add_overflow
                0x00000000c001954c                __ubsan_handle_load_invalid_value
                0x00000000c0019578                __ubsan_handle_divrem_overflow
                0x00000000c00195a4                __ubsan_handle_mul_overflow
                0x00000000c00195d0                __ubsan_handle_sub_overflow
                0x00000000c00195fc                __ubsan_handle_shift_out_of_bounds
                0x00000000c0019628                __ubsan_handle_negate_overflow
 .text          0x00000000c0019654      0x86d fs/symlink.32
                0x00000000c00197a3                KiDeinitialiseSymlinks(void*)
                0x00000000c0019836                KeRegisterSymlink(char const*, unsigned long long)
                0x00000000c00198c8                KeInitialiseSymlinks()
                0x00000000c0019a3c                KiIsSymlinkRegistered(char const*)
                0x00000000c0019bc0                KeDereferenceSymlink(char const*, char*)
                0x00000000c0019d67                KeCreateSymlink(char const*, char const*)
 *fill*         0x00000000c0019ec1        0x1 
 .text          0x00000000c0019ec2      0xd68 fs/vfs.32
                0x00000000c0019ec2                File::read(unsigned long long, void*, int*)
                0x00000000c0019f1a                File::write(unsigned long long, void*, int*)
                0x00000000c0019f72                Directory::read(unsigned long long, void*, int*)
                0x00000000c0019fca                Directory::write(unsigned long long, void*, int*)
                0x00000000c0019ff8                File::isAtty()
                0x00000000c0019ffc                Directory::isAtty()
                0x00000000c001a000                Filesystem::getlabel(LogicalDisk*, int, char*, unsigned int*)
                0x00000000c001a006                Filesystem::setlabel(LogicalDisk*, int, char*)
                0x00000000c001a00c                Filesystem::allocateSwapfile(char const*, int)
                0x00000000c001a012                File::~File()
                0x00000000c001a012                File::~File()
                0x00000000c001a036                File::~File()
                0x00000000c001a060                Directory::~Directory()
                0x00000000c001a060                Directory::~Directory()
                0x00000000c001a084                Directory::~Directory()
                0x00000000c001a0ae                Filesystem::Filesystem()
                0x00000000c001a0ae                Filesystem::Filesystem()
                0x00000000c001a0d2                Filesystem::~Filesystem()
                0x00000000c001a0d2                Filesystem::~Filesystem()
                0x00000000c001a0e0                Filesystem::~Filesystem()
                0x00000000c001a104                Fs::getcwd(Process*, char*, int)
                0x00000000c001a12e                Fs::initVFS()
                0x00000000c001a158                Fs::standardiseFiles(char*, char const*, char const*, bool)
                0x00000000c001a372                File::File(char const*, Process*, bool)
                0x00000000c001a372                File::File(char const*, Process*, bool)
                0x00000000c001a450                File::File(char const*, Process*)
                0x00000000c001a450                File::File(char const*, Process*)
                0x00000000c001a46e                File::open(FileOpenMode)
                0x00000000c001a4cc                File::close()
                0x00000000c001a52c                File::seek(unsigned long long)
                0x00000000c001a582                File::truncate(unsigned long long)
                0x00000000c001a5d8                File::tell(unsigned long long*)
                0x00000000c001a628                File::rewind()
                0x00000000c001a63c                File::unlink()
                0x00000000c001a688                File::rename(char const*)
                0x00000000c001a6d6                File::chfatattr(unsigned char, unsigned char)
                0x00000000c001a732                File::exists()
                0x00000000c001a770                File::stat(unsigned long long*, bool*)
                0x00000000c001a7d1                Fs::setcwd(Process*, char*)
                0x00000000c001a930                Directory::Directory(char const*, Process*)
                0x00000000c001a930                Directory::Directory(char const*, Process*)
                0x00000000c001a9f8                Directory::open()
                0x00000000c001aa54                Directory::close()
                0x00000000c001aab4                Directory::unlink()
                0x00000000c001ab00                Directory::rename(char const*)
                0x00000000c001ab4e                Directory::exists()
                0x00000000c001ab8c                Directory::read(dirent*)
                0x00000000c001abd8                Directory::create()
                0x00000000c001ac24                Filesystem::chfatattr(char const*, unsigned char, unsigned char)
 *fill*         0x00000000c001ac2a        0x2 
 .text          0x00000000c001ac2c       0x86 hal/bus.32
                0x00000000c001ac2c                Bus::Bus(char const*)
                0x00000000c001ac2c                Bus::Bus(char const*)
                0x00000000c001ac64                Bus::~Bus()
                0x00000000c001ac64                Bus::~Bus()
                0x00000000c001ac88                Bus::~Bus()
 .text          0x00000000c001acb2       0x96 hal/buzzer.32
                0x00000000c001acb2                beepThread(void*)
                0x00000000c001acef                Krnl::beep(int, int, bool)
 .text          0x00000000c001ad48      0x45f hal/clock.32
                0x00000000c001ad48                User::loadClockSettings(int)
                0x00000000c001ad9a                Clock::Clock(char const*)
                0x00000000c001ad9a                Clock::Clock(char const*)
                0x00000000c001add0                Clock::~Clock()
                0x00000000c001add0                Clock::~Clock()
                0x00000000c001adf4                Clock::~Clock()
                0x00000000c001ae1e                Clock::timeInSecondsLocal()
                0x00000000c001ae66                Clock::setTimeInSecondsLocal(unsigned long long)
                0x00000000c001aebf                datetimeToSeconds(datetime_t)
                0x00000000c001afde                Clock::setTimeInDatetimeLocal(datetime_t)
                0x00000000c001b03e                secondsToDatetime(unsigned long long)
                0x00000000c001b182                Clock::timeInDatetimeLocal()
 *fill*         0x00000000c001b1a7        0x1 
 .text          0x00000000c001b1a8      0x47a hal/device.32
                0x00000000c001b1a8                Device::hibernate()
                0x00000000c001b1aa                Device::wake()
                0x00000000c001b1ac                Device::detect()
                0x00000000c001b1ae                Device::disableLegacy()
                0x00000000c001b1b0                Device::powerSaving(PowerSavingLevel)
                0x00000000c001b1b2                DriverlessDevice::close(int, int, void*)
                0x00000000c001b1b6                DriverlessDevice::detect()
                0x00000000c001b1b8                DriverlessDevice::open(int, int, void*)
                0x00000000c001b1cc                Device::~Device()
                0x00000000c001b1cc                Device::~Device()
                0x00000000c001b1da                Device::~Device()
                0x00000000c001b202                Device::findAndLoadDriver()
                0x00000000c001b210                Device::preOpenPCI(PCIDeviceInfo)
                0x00000000c001b236                Device::preOpenACPI(void*, char*, char*)
                0x00000000c001b276                Device::addIRQHandler(int, void (*)(regs*, void*), bool, void*)
                0x00000000c001b2a0                Device::getParent()
                0x00000000c001b2ac                Device::removeIRQHandler(int, void (*)(regs*, void*), bool)
                0x00000000c001b2ca                Device::addChild(Device*)
                0x00000000c001b30e                Device::removeAllChildren()
                0x00000000c001b354                Device::hibernateAll()
                0x00000000c001b384                Device::wakeAll()
                0x00000000c001b3b4                Device::detectAll()
                0x00000000c001b3e4                Device::disableLegacyAll()
                0x00000000c001b3e6                Device::loadDriversForAll()
                0x00000000c001b3e8                Device::powerSavingAll(PowerSavingLevel)
                0x00000000c001b41e                Device::setName(char const*)
                0x00000000c001b42c                Device::Device(char const*)
                0x00000000c001b42c                Device::Device(char const*)
                0x00000000c001b528                Device::getName()
                0x00000000c001b532                Device::closeAll()
                0x00000000c001b57e                DriverlessDevice::DriverlessDevice(char const*)
                0x00000000c001b57e                DriverlessDevice::DriverlessDevice(char const*)
                0x00000000c001b5b4                Device::addToLinkedList(LinkedList<Device>&, DeviceType)
                0x00000000c001b5f8                getDevicesOfType(DeviceType)
 *fill*         0x00000000c001b622        0x2 
 .text          0x00000000c001b624       0x86 hal/diskctrl.32
                0x00000000c001b624                HardDiskController::HardDiskController(char const*)
                0x00000000c001b624                HardDiskController::HardDiskController(char const*)
                0x00000000c001b65c                HardDiskController::~HardDiskController()
                0x00000000c001b65c                HardDiskController::~HardDiskController()
                0x00000000c001b680                HardDiskController::~HardDiskController()
 .text          0x00000000c001b6aa       0xe2 hal/diskphys.32
                0x00000000c001b6aa                PhysicalDisk::eject()
                0x00000000c001b6ae                PhysicalDisk::PhysicalDisk(char const*, int)
                0x00000000c001b6ae                PhysicalDisk::PhysicalDisk(char const*, int)
                0x00000000c001b716                PhysicalDisk::startCache()
                0x00000000c001b73e                PhysicalDisk::~PhysicalDisk()
                0x00000000c001b73e                PhysicalDisk::~PhysicalDisk()
                0x00000000c001b762                PhysicalDisk::~PhysicalDisk()
 .text          0x00000000c001b78c        0x0 hal/fpu.32
 .text          0x00000000c001b78c      0x359 hal/intctrl.32
                0x00000000c001b78c                int_handler
                0x00000000c001b816                installISRHandler(int, void (*)(regs*, void*), void*)
                0x00000000c001b860                installIRQHandler(int, void (*)(regs*, void*), bool, void*)
                0x00000000c001b994                uninstallISRHandler(int, void (*)(regs*, void*))
                0x00000000c001b9c8                uninstallIRQHandler(int, void (*)(regs*, void*), bool)
                0x00000000c001ba46                setupINTS()
                0x00000000c001baa3                convertLegacyIRQNumber(int)
 *fill*         0x00000000c001bae5        0x1 
 .text          0x00000000c001bae6      0x8b6 hal/keybrd.32
                0x00000000c001bae6                startGUI(void*)
                0x00000000c001bb50                startGUIVESA(void*)
                0x00000000c001bbba                sendKeyToTerminal(unsigned char)
                0x00000000c001bc95                sendKeyboardToken(KeyboardToken)
                0x00000000c001c17f                clearInternalKeybuffer(VgaText*)
                0x00000000c001c1b4                readKeyboard(VgaText*, char*, unsigned long)
                0x00000000c001c312                Keyboard::Keyboard(char const*)
                0x00000000c001c312                Keyboard::Keyboard(char const*)
                0x00000000c001c34e                Keyboard::~Keyboard()
                0x00000000c001c34e                Keyboard::~Keyboard()
                0x00000000c001c372                Keyboard::~Keyboard()
 .text          0x00000000c001c39c      0x3f8 hal/logidisk.32
                0x00000000c001c39c                LogicalDisk::close(int, int, void*)
                0x00000000c001c3a0                LogicalDisk::~LogicalDisk()
                0x00000000c001c3a0                LogicalDisk::~LogicalDisk()
                0x00000000c001c3c4                LogicalDisk::~LogicalDisk()
                0x00000000c001c3ee                LogicalDisk::open(int, int, void*)
                0x00000000c001c402                LogicalDisk::absoluteToRelative(unsigned long long)
                0x00000000c001c43a                LogicalDisk::relativeToAbsolute(unsigned long long)
                0x00000000c001c480                LogicalDisk::LogicalDisk(char const*, PhysicalDisk*, unsigned long long, unsigned long long)
                0x00000000c001c480                LogicalDisk::LogicalDisk(char const*, PhysicalDisk*, unsigned long long, unsigned long long)
                0x00000000c001c540                LogicalDisk::assignDriveLetter()
                0x00000000c001c5fa                LogicalDisk::mount()
                0x00000000c001c642                LogicalDisk::unmount()
                0x00000000c001c652                LogicalDisk::eject()
                0x00000000c001c666                LogicalDisk::unassignDriveLetter()
                0x00000000c001c6bc                LogicalDisk::read(unsigned long long, int, void*)
                0x00000000c001c728                LogicalDisk::write(unsigned long long, int, void*)
 .text          0x00000000c001c794       0x86 hal/mouse.32
                0x00000000c001c794                Mouse::Mouse(char const*)
                0x00000000c001c794                Mouse::Mouse(char const*)
                0x00000000c001c7cc                Mouse::~Mouse()
                0x00000000c001c7cc                Mouse::~Mouse()
                0x00000000c001c7f0                Mouse::~Mouse()
 .text          0x00000000c001c81a       0x90 hal/nic.32
                0x00000000c001c81a                NIC::getMAC()
                0x00000000c001c820                NIC::write(int, unsigned char*, int*)
                0x00000000c001c826                NIC::NIC(char const*)
                0x00000000c001c826                NIC::NIC(char const*)
                0x00000000c001c85c                NIC::~NIC()
                0x00000000c001c85c                NIC::~NIC()
                0x00000000c001c880                NIC::~NIC()
 .text          0x00000000c001c8aa      0x33b hal/partition.32
                0x00000000c001c8aa                makePartition(PhysicalDisk*, unsigned long long, unsigned long long)
                0x00000000c001c952                createPartitionsForDisk(PhysicalDisk*)
 *fill*         0x00000000c001cbe5        0x3 
 .text          0x00000000c001cbe8       0x86 hal/serial.32
                0x00000000c001cbe8                Serial::Serial(char const*)
                0x00000000c001cbe8                Serial::Serial(char const*)
                0x00000000c001cc20                Serial::~Serial()
                0x00000000c001cc20                Serial::~Serial()
                0x00000000c001cc44                Serial::~Serial()
 *fill*         0x00000000c001cc6e        0x2 
 .text          0x00000000c001cc70      0x230 hal/timer.32
                0x00000000c001cc70                Timer::Timer(char const*)
                0x00000000c001cc70                Timer::Timer(char const*)
                0x00000000c001cca8                Timer::~Timer()
                0x00000000c001cca8                Timer::~Timer()
                0x00000000c001cccc                Timer::~Timer()
                0x00000000c001ccf6                Timer::read()
                0x00000000c001cd01                setupTimer(int)
                0x00000000c001cd3c                timerHandler(unsigned int)
 .text          0x00000000c001cea0      0x444 hal/vcache.32
                0x00000000c001cea0                VCache::VCache(PhysicalDisk*)
                0x00000000c001cea0                VCache::VCache(PhysicalDisk*)
                0x00000000c001d010                VCache::invalidateReadBuffer()
                0x00000000c001d020                VCache::writeWriteBuffer()
                0x00000000c001d06c                VCache::~VCache()
                0x00000000c001d06c                VCache::~VCache()
                0x00000000c001d0c4                VCache::~VCache()
                0x00000000c001d0ec                VCache::write(unsigned long long, int, void*)
                0x00000000c001d1e0                VCache::read(unsigned long long, int, void*)
 .text          0x00000000c001d2e4      0x70e hal/video.32
                0x00000000c001d2e4                Video::putrect(int, int, int, int, unsigned int)
                0x00000000c001d330                Video::bitblit(int, int, int, int, int, int, int, unsigned int*)
                0x00000000c001d3a0                Video::blit(unsigned int*, int, int, int, int)
                0x00000000c001d41e                Video::clearScreen(unsigned int)
                0x00000000c001d452                Video::putpixel(int, int, unsigned int)
                0x00000000c001d460                Video::readPixelApprox(int, int)
                0x00000000c001d474                Video::Video(char const*)
                0x00000000c001d474                Video::Video(char const*)
                0x00000000c001d4aa                Video::~Video()
                0x00000000c001d4aa                Video::~Video()
                0x00000000c001d4ce                Video::~Video()
                0x00000000c001d4f8                Video::isMonochrome()
                0x00000000c001d504                Video::getWidth()
                0x00000000c001d510                Video::getHeight()
                0x00000000c001d51c                Video::drawCursor(int, int, unsigned int*, int)
                0x00000000c001d5d8                Video::tgaParse(unsigned char*, int, int*, int*)
                0x00000000c001d982                Video::putTGA(int, int, unsigned char*, int)
 *fill*         0x00000000c001d9f2        0x2 
 .text          0x00000000c001d9f4     0x1413 hw/acpi.32
                0x00000000c001d9f4                ACPI::close(int, int, void*)
                0x00000000c001db30                findRSDP()
                0x00000000c001dbc8                loadACPITables(unsigned char*)
                0x00000000c001de34                findRSDT(unsigned char*)
                0x00000000c001df8c                findDataTable(unsigned char*, char*)
                0x00000000c001e00c                scanMADT()
                0x00000000c001e4c4                ACPI::ACPI()
                0x00000000c001e4c4                ACPI::ACPI()
                0x00000000c001e518                ACPI::getPCIIRQAssignment(unsigned char, unsigned short, unsigned char)
                0x00000000c001e614                ACPI::registerPCIIRQAssignment(void*, unsigned short, unsigned char, unsigned char)
                0x00000000c001e6e0                ACPI::setScreenBrightnessLevel(void*, int)
                0x00000000c001e6e8                ACPI::detectPCI()
                0x00000000c001e908                ACPI::writeSimpleBootFlag(SimpleBootFlagTable*)
                0x00000000c001e950                ACPI::sleep()
                0x00000000c001e96c                ACPI::open(int, int, void*)
 *fill*         0x00000000c001ee07        0x1 
 .text          0x00000000c001ee08      0xbc5 hw/cpu.32
                0x00000000c001ee08                CPU::close(int, int, void*)
                0x00000000c001ee0c                CPU::AMD_K6_write_msr(unsigned int, unsigned int, unsigned int, CPU::REGS*)
                0x00000000c001ee28                CPU::AMD_K6_read_msr(unsigned int, CPU::REGS*)
                0x00000000c001ee40                CPU::AMD_K6_writeback(int, int, int)
                0x00000000c001eeb4                CPU::cpuid(int, unsigned long*, unsigned long*, unsigned long*, unsigned long*)
                0x00000000c001ef38                CPU::cpuidCheckEDX(unsigned int)
                0x00000000c001ef66                CPU::cpuidCheckECX(unsigned int)
                0x00000000c001ef94                CPU::cpuidCheckExtendedEBX(unsigned int)
                0x00000000c001efc2                CPU::cpuidCheckExtendedECX(unsigned int)
                0x00000000c001eff0                CPU::CPU()
                0x00000000c001eff0                CPU::CPU()
                0x00000000c001f07e                CPU::displayFeatures()
                0x00000000c001f080                CPU::detectFeatures()
                0x00000000c001f754                CPU::setupSMEP()
                0x00000000c001f760                CPU::setupUMIP()
                0x00000000c001f76a                CPU::setupTSC()
                0x00000000c001f774                CPU::setupLargePages()
                0x00000000c001f77e                CPU::setupPAT()
                0x00000000c001f7ba                CPU::setupMTRR()
                0x00000000c001f7bc                CPU::setupGlobalPages()
                0x00000000c001f7c6                CPU::allowUsermodeDataAccess()
                0x00000000c001f7d8                CPU::prohibitUsermodeDataAccess()
                0x00000000c001f7ea                CPU::setupSMAP()
                0x00000000c001f7f8                CPU::setupFeatures()
                0x00000000c001f8c4                CPU::open(int, int, void*)
 .text          0x00000000c001f9cd       0xb6 krnl/atexit.32
                0x00000000c001f9cd                KeInitialiseAtexit()
                0x00000000c001f9ec                KeRegisterAtexit(void (*)(void*), void*)
                0x00000000c001fa20                KeExecuteAtexit()
 .text          0x00000000c001fa83       0xdf krnl/bootmsg.32
                0x00000000c001fa83                KeDisplaySplashScreen()
                0x00000000c001faff                KeSetBootMessage(char const*)
 *fill*         0x00000000c001fb62        0x2 
 .text          0x00000000c001fb64       0x48 krnl/cdefs.32
                0x00000000c001fb64                CUnlockScheduler
                0x00000000c001fb80                CLockScheduler
                0x00000000c001fb90                CPrintf
 .text          0x00000000c001fbac       0x1d krnl/compat.32
                0x00000000c001fbac                Krnl::handlePowerButton()
                0x00000000c001fbbc                Krnl::handleSleepButton()
 .text          0x00000000c001fbc9       0x2b krnl/crc32.32
                0x00000000c001fbc9                KeCalculateCRC32(unsigned char*, int)
 .text          0x00000000c001fbf4      0x5bf krnl/env.32
                0x00000000c001fbf4                EnvVarContainer::getEnv(char const*)
                0x00000000c001fc32                EnvVarContainer::setEnv(char const*, char const*)
                0x00000000c001fcf4                EnvVarContainer::deleteEnv(char const*)
                0x00000000c001fcf6                EnvVarContainer::loadFrom(char const*, char const*)
                0x00000000c001ff1a                EnvVarContainer::__loadSystem()
                0x00000000c001ff34                EnvVarContainer::__loadUser()
                0x00000000c001ff36                EnvVarContainer::EnvVarContainer(Process*)
                0x00000000c001ff36                EnvVarContainer::EnvVarContainer(Process*)
                0x00000000c001ff58                EnvVarContainer::~EnvVarContainer()
                0x00000000c001ff58                EnvVarContainer::~EnvVarContainer()
                0x00000000c001ff88                KeGetEnv(Process*, char const*)
                0x00000000c001ffed                KeSetEnvSystem(char const*, char const*)
                0x00000000c0020007                KeSetEnvUser(char const*, char const*)
                0x00000000c0020026                KeSetEnvProcess(Process*, char const*, char const*)
                0x00000000c0020039                KeDeleteEnvSystem(char const*)
                0x00000000c002003a                KeDeleteEnvUser(char const*)
                0x00000000c002003b                KeDeleteEnvProcess(Process*, char const*)
                0x00000000c002003c                KeNewProcessEnv(Process*)
                0x00000000c002005e                KeCopyProcessEnv(Process*, Process*)
                0x00000000c00200aa                KeLoadSystemEnv()
                0x00000000c00200d8                KeLoadUserEnv()
                0x00000000c00200fe                KeFlushEnv()
                0x00000000c00200ff                KeGetProcessTotalEnvCount(Process*)
                0x00000000c002011f                KeGetProcessEnvPair(Process*, int)
 .text          0x00000000c00201b3       0x94 krnl/inlines.32
                0x00000000c00201b3                CPU::current()
                0x00000000c00201bf                operator new(unsigned long)
                0x00000000c00201c4                operator delete(void*)
                0x00000000c00201c9                disableIRQs()
                0x00000000c00201cb                enableIRQs()
                0x00000000c00201cd                lockScheduler()
                0x00000000c00201d5                unlockScheduler()
                0x00000000c00201e4                lockStuff()
                0x00000000c00201f2                unlockStuff()
                0x00000000c002022c                Virt::getAKernelVAS()
                0x00000000c0020232                __not_memcpy
 *fill*         0x00000000c0020247        0x1 
 .text          0x00000000c0020248       0x1a krnl/mutex.32
                0x00000000c0020248                Mutex::Mutex()
                0x00000000c0020248                Mutex::Mutex()
 .text          0x00000000c0020262        0xc krnl/panic.32
                0x00000000c0020262                KePanic(char const*)
 .text          0x00000000c002026e      0x142 krnl/powctrl.32
                0x00000000c002026e                KePowerThread(void*)
                0x00000000c002029c                KeChangePowerSettings(PowerSettings)
                0x00000000c00202b2                KeUserIOReceived()
                0x00000000c00202bd                KeHandlePowerButton()
                0x00000000c00202f2                KeHandleSleepButton()
                0x00000000c0020327                KeSetupPowerManager()
 .text          0x00000000c00203b0       0x9d krnl/random.32
                0x00000000c00203b0                KeRand()
                0x00000000c00203f2                KeSeedRand(unsigned int)
                0x00000000c002041b                KeInitRand()
 *fill*         0x00000000c002044d        0x3 
 .text          0x00000000c0020450      0x1bc krnl/resolve.32
                0x00000000c0020450                KeResolveCompatibilitySymbol(char*)
 .text          0x00000000c002060c      0x415 krnl/semaphore.32
                0x00000000c002060c                Semaphore::Semaphore(int)
                0x00000000c002060c                Semaphore::Semaphore(int)
                0x00000000c002063c                Semaphore::tryAcquire()
                0x00000000c0020718                Semaphore::assertLocked(char const*)
                0x00000000c00207a8                Semaphore::acquire(int)
                0x00000000c0020950                Semaphore::acquire()
                0x00000000c002096c                Semaphore::release()
 .text          0x00000000c0020a21      0x322 krnl/signal.32
                0x00000000c0020a21                KiSigKill(int)
                0x00000000c0020a35                KiDefaultSignalHandlerIgnore(int)
                0x00000000c0020a36                KiDefaultSignalHandlerPause(int)
                0x00000000c0020a62                KiDefaultSignalHandlerResume(int)
                0x00000000c0020a8e                KeDeinitSignals(SigHandlerBlock*)
                0x00000000c0020a93                KeInitSignals()
                0x00000000c0020ae5                KeRegisterSignalHandler(SigHandlerBlock*, int, void (*)(int), unsigned int, int)
                0x00000000c0020b1b                KeRaiseSignal(SigHandlerBlock*, int)
                0x00000000c0020b98                KeCheckSignal(SigHandlerBlock*, int*)
                0x00000000c0020c8f                KiCheckSignalZ
                0x00000000c0020cd1                KeCompleteSignal(SigHandlerBlock*, int)
                0x00000000c0020d0c                KiFinishSignalZ
 .text          0x00000000c0020d43      0xe10 krnl/syscalls.32
                0x00000000c0020d43                SysSeekDir(regs*)
                0x00000000c0020d48                SysTellDir(regs*)
                0x00000000c0020d4d                SysVerify(regs*)
                0x00000000c0020d57                SysGetArgc(regs*)
                0x00000000c0020d6b                SysTTYName(regs*)
                0x00000000c0020d73                SysFormatDisk(regs*)
                0x00000000c0020dea                SysSetDiskVolumeLabel(regs*)
                0x00000000c0020e3e                SysGetDiskVolumeLabel(regs*)
                0x00000000c0020e97                SysShutdown(regs*)
                0x00000000c0020ef5                SysRealpath(regs*)
                0x00000000c0020f39                SysReadDir(regs*)
                0x00000000c0020fb9                SysIsATTY(regs*)
                0x00000000c0021013                SysSeek(regs*)
                0x00000000c002106a                SysTell(regs*)
                0x00000000c00210d7                SysSize(regs*)
                0x00000000c002114a                SysSizeFromFilename(regs*)
                0x00000000c002127b                SysSizeFromFilenameNoSymlink(regs*)
                0x00000000c00213ac                SysClose(regs*)
                0x00000000c002140c                SysOpenDir(regs*)
                0x00000000c0021489                SysMakeDir(regs*)
                0x00000000c00214f7                SysCloseDir(regs*)
                0x00000000c002154b                SysWait(regs*)
                0x00000000c002156c                SysNotImpl(regs*)
                0x00000000c0021587                SysPanic(regs*)
                0x00000000c00215a2                SysRmdir(regs*)
                0x00000000c0021607                SysUnlink(regs*)
                0x00000000c002166c                SysGetArgv(regs*)
                0x00000000c00216b9                SysUSleep(regs*)
                0x00000000c00216e2                SysSpawn(regs*)
                0x00000000c0021755                SysGetEnv(regs*)
                0x00000000c0021806                SysSetFatAttrib(regs*)
                0x00000000c0021879                SysPipe(regs*)
                0x00000000c00218be                SysGetUnixTime(regs*)
                0x00000000c00218d2                string_ends_with(char const*, char const*)
                0x00000000c002191a                SysOpen(regs*)
                0x00000000c0021b11                KeSystemCall(regs*, void*)
 *fill*         0x00000000c0021b53        0x1 
 .text          0x00000000c0021b54      0x159 net/ethernet.32
                0x00000000c0021b54                KeSwitchEndian16(unsigned short)
                0x00000000c0021b78                KeSwitchEndian32(unsigned int)
                0x00000000c0021ba8                EthernetCRC32(unsigned char*, int)
                0x00000000c0021c4c                EthernetReceivedPacket(EthernetUnwrappedFrame*, unsigned short)
 *fill*         0x00000000c0021cad        0x3 
 .text          0x00000000c0021cb0       0xd7 net/netosl.32
                0x00000000c0021cb0                KeNetCreateSemaphore
                0x00000000c0021cf4                KeNetFreeSemaphore
                0x00000000c0021d10                KeNetSignalSemaphore
                0x00000000c0021d2c                KeNetWaitSemaphore
                0x00000000c0021d4c                KeNetCreateThread
                0x00000000c0021d70                KeCPanic
 .text          0x00000000c0021d87      0xd56 reg/cm.32
                0x00000000c0021d87                CmOpen(char const*)
                0x00000000c0021ea5                CmClose(Reghive_Tag*)
                0x00000000c0021ebb                CmReadExtent(Reghive_Tag*, int, unsigned char*)
                0x00000000c0021ef7                CmGetString(Reghive_Tag*, int, char*)
                0x00000000c0021f6e                CmEnterDirectory(Reghive_Tag*, int)
                0x00000000c0021fad                CmGetNext(Reghive_Tag*, int)
                0x00000000c0021fdf                CmWriteExtent(Reghive_Tag*, int, unsigned char*)
                0x00000000c002201b                CmFreeExtent(Reghive_Tag*, int)
                0x00000000c0022043                CmUpdateHeader(Reghive_Tag*)
                0x00000000c0022064                CmExpand(Reghive_Tag*, int)
                0x00000000c00220df                CmFindUnusedExtent(Reghive_Tag*)
                0x00000000c0022165                CmCreateExtent(Reghive_Tag*, int, int, unsigned char*)
                0x00000000c0022259                CmSetString(Reghive_Tag*, int, char const*)
                0x00000000c0022395                CmGetMatch(char*, char*, bool, bool*)
                0x00000000c00223f6                CmAddShift(unsigned int*, int*, unsigned char, int)
                0x00000000c0022426                CmGetShift(unsigned int*, int*, int, bool*)
                0x00000000c002245d                CmGetInteger(Reghive_Tag*, int, unsigned long long*)
                0x00000000c0022487                CmSetInteger(Reghive_Tag*, int, unsigned long long)
                0x00000000c00224c7                CmConvertFromInternalFilename(unsigned char const*, char*)
                0x00000000c002256b                CmGetNameAndTypeFromExtent(Reghive_Tag*, int, char*)
                0x00000000c0022599                CmConvertToInternalFilename(char const*, unsigned char*)
                0x00000000c0022737                CmCreateString(Reghive_Tag*, int, char const*)
                0x00000000c0022784                CmFindInDirectory(Reghive_Tag*, int, char const*)
                0x00000000c00227fe                CmCreateInteger(Reghive_Tag*, int, char const*, unsigned long long, int)
                0x00000000c0022851                CmCreateDirectory(Reghive_Tag*, int, char const*)
                0x00000000c0022915                zStrtok(char*, char const*)
                0x00000000c0022987                CmFindObjectFromPath(Reghive_Tag*, char const*)
                0x00000000c0022a08                CmDisplayTree(Reghive_Tag*, int, int)
                0x00000000c0022aab                CmSplitFinalSlashInPlace(char*)
 .text          0x00000000c0022add      0x52a reg/registry.32
                0x00000000c0022add                Reg::findLineFromLoadedData(char*, char*, char*)
                0x00000000c0022c4e                Reg::getLineFromRegistry(char*, char*, char*, char*)
                0x00000000c0022da3                Reg::getLine(char*, char*, char*)
                0x00000000c0022dda                Reg::readInt(char*, char*, int*)
                0x00000000c0022ec8                Reg::readString(char*, char*, char*, int)
                0x00000000c0022f49                Reg::readBool(char*, char*, bool*)
                0x00000000c0022f6e                Reg::readBoolWithDefault(char*, char*, bool)
                0x00000000c0022f9a                Reg::readIntWithDefault(char*, char*, int)
                0x00000000c0022fc6                Reg::readStringWithDefault(char*, char*, char*, int, char*)
 .text          0x00000000c0023007       0x36 sys/eject.32
                0x00000000c0023007                SysEject(regs*)
 .text          0x00000000c002303d       0x18 sys/exit.32
                0x00000000c002303d                SysExit(regs*)
 .text          0x00000000c0023055       0x1f sys/getcwd.32
                0x00000000c0023055                SysGetCwd(regs*)
 .text          0x00000000c0023074        0xc sys/getpid.32
                0x00000000c0023074                SysGetPID(regs*)
 .text          0x00000000c0023080       0x1a sys/getramdata.32
                0x00000000c0023080                SysGetRAMData(regs*)
 .text          0x00000000c002309a       0x82 sys/getvgaptr.32
                0x00000000c002309a                SysGetVGAPtr(regs*)
 .text          0x00000000c002311c       0xb9 sys/kill.32
                0x00000000c002311c                SysKill(regs*)
 .text          0x00000000c00231d5       0xa8 sys/loaddll.32
                0x00000000c00231d5                SysLoadDLL(regs*)
 .text          0x00000000c002327d       0x68 sys/read.32
                0x00000000c002327d                SysRead(regs*)
 .text          0x00000000c00232e5       0x29 sys/registersignal.32
                0x00000000c00232e5                SysRegisterSignal(regs*)
 .text          0x00000000c002330e      0x19c sys/registry.32
                0x00000000c002330e                SysRegistryGetTypeFromPath(regs*)
                0x00000000c0023385                SysRegistryReadExtent(regs*)
                0x00000000c00233cd                SysRegistryPathToExtentLookup(regs*)
                0x00000000c00233f5                SysRegistryEnterDirectory(regs*)
                0x00000000c002341d                SysRegistryGetNext(regs*)
                0x00000000c0023445                SysRegistryGetNameAndTypeFromExtent(regs*)
                0x00000000c002347f                SysRegistryOpen(regs*)
                0x00000000c0023493                SysRegistryClose(regs*)
 .text          0x00000000c00234aa       0x55 sys/sbrk.32
                0x00000000c00234aa                SysSbrk(regs*)
 .text          0x00000000c00234ff       0x1c sys/setcwd.32
                0x00000000c00234ff                SysSetCwd(regs*)
 .text          0x00000000c002351b       0x96 sys/settime.32
                0x00000000c002351b                SysSetTime(regs*)
 .text          0x00000000c00235b1       0x73 sys/symlink.32
                0x00000000c00235b1                SysSymlink(regs*)
 .text          0x00000000c0023624       0x4a sys/timezone.32
                0x00000000c0023624                SysTimezone(regs*)
 .text          0x00000000c002366e       0xfc sys/truncate.32
                0x00000000c002366e                SysTruncate(regs*)
 .text          0x00000000c002376a       0x68 sys/write.32
                0x00000000c002376a                SysWrite(regs*)
 .text          0x00000000c00237d2       0x62 sys/wsbe.32
                0x00000000c00237d2                SysWsbe(regs*)
 .text          0x00000000c0023834       0x25 sys/yield.32
                0x00000000c0023834                SysYield(regs*)
 .text          0x00000000c0023859     0x1207 thr/elf.32
                0x00000000c0023859                Thr::allocateMemoryForTask(Process*, File*, unsigned long, unsigned long, unsigned long)
                0x00000000c0023ae7                Thr::loadProgramIntoMemory(Process*, char const*)
                0x00000000c0023cf9                Thr::runtimeReferenceHelper()
                0x00000000c0023d0c                Thr::getAddressOfKernelSymbol(char const*)
                0x00000000c0023d5b                Thr::loadKernelSymbolTable(char const*)
                0x00000000c0024019                Thr::loadDriverIntoMemory(char const*, unsigned long, bool)
                0x00000000c0024752                Thr::getDriverBaseFromAddress(unsigned long)
                0x00000000c0024784                Thr::getDriverNameFromAddress(unsigned long)
                0x00000000c00247bb                Thr::getDriverOffsetFromAddress(unsigned long)
                0x00000000c00247d5                Thr::loadDLL(char const*, bool)
                0x00000000c0024a27                Thr::executeDLL(unsigned long, void*)
 .text          0x00000000c0024a60     0x1131 thr/prcssthr.32
                0x00000000c0024a60                userModeEntryPoint(void*)
                0x00000000c0024a88                changeTSS
                0x00000000c0024ab8                switchToThread(ThreadControlBlock*)
                0x00000000c0024b68                Process::addArgs(char**)
                0x00000000c0024bd4                Process::Process(char const*, Process*, char**)
                0x00000000c0024bd4                Process::Process(char const*, Process*, char**)
                0x00000000c0024de0                Process::Process(bool, char const*, Process*, char**)
                0x00000000c0024de0                Process::Process(bool, char const*, Process*, char**)
                0x00000000c0024fb4                taskStartupFunction
                0x00000000c0024fc0                KeDisablePreemption()
                0x00000000c0024fe8                KeRestorePreemption()
                0x00000000c0025008                Process::createThread(void (*)(void*), void*, int)
                0x00000000c0025114                Process::createUserThread()
                0x00000000c0025134                setupMultitasking(void (*)())
                0x00000000c0025258                schedule()
                0x00000000c00252ec                blockTaskWithSchedulerLockAlreadyHeld(TaskState)
                0x00000000c0025314                blockTask(TaskState)
                0x00000000c002534c                waitTask(int, int*, int)
                0x00000000c0025390                milliTenthSleepUntil(unsigned int)
                0x00000000c0025430                milliTenthSleep(unsigned int)
                0x00000000c0025444                sleep(unsigned int)
                0x00000000c0025460                taskReturned
                0x00000000c00254a4                Thr::processFromPID(int)
                0x00000000c0025550                unblockTask(ThreadControlBlock*)
                0x00000000c00255fc                cleanupTerminatedTask(ThreadControlBlock*)
                0x00000000c00258d0                cleanerTaskFunction(void*)
                0x00000000c00259d8                terminateTask(int)
                0x00000000c0025ac4                Thr::terminateFromIRQ(int)
 .text          0x00000000c0025b91      0xc27 vm86/vm8086.32
                0x00000000c0025b91                Vm::inbv(unsigned short)
                0x00000000c0025ba4                Vm::outbv(unsigned short, unsigned char)
                0x00000000c0025bda                Vm::realToLinear(unsigned short, unsigned short)
                0x00000000c0025bea                Vm::getSegment(unsigned int)
                0x00000000c0025bf2                Vm::getOffset(unsigned int)
                0x00000000c0025bf7                Vm::mainloop2()
                0x00000000c0025c31                Vm::mainVm8086Loop(void*)
                0x00000000c0025c41                Vm::mainloop3(unsigned long)
                0x00000000c0025c67                Vm::initialise8086()
                0x00000000c0025caa                Vm::finish8086()
                0x00000000c0025d0b                Vm::getOutput8086(unsigned char*)
                0x00000000c0025d30                Vm::start8086FromBuffer(unsigned char*, int, unsigned short, unsigned short, unsigned short, unsigned short)
                0x00000000c0025de9                Vm::start8086(char const*, unsigned short, unsigned short, unsigned short, unsigned short)
                0x00000000c0025f87                Vm::doISR(regs*, int, unsigned char*, unsigned short, unsigned short)
                0x00000000c0026020                Vm::readByteFromReal(unsigned short, unsigned short)
                0x00000000c0026031                Vm::readWordFromReal(unsigned short, unsigned short)
                0x00000000c0026043                Vm::readDwordFromReal(unsigned short, unsigned short)
                0x00000000c0026054                Vm::writeByteFromReal(unsigned short, unsigned short, unsigned char)
                0x00000000c0026069                Vm::writeWordFromReal(unsigned short, unsigned short, unsigned short)
                0x00000000c002607f                Vm::writeDwordFromReal(unsigned short, unsigned short, unsigned int)
                0x00000000c0026094                Vm::faultHandler(regs*)
 .text          0x00000000c00267b8      0xaf0 arch/i386/hal.32
                0x00000000c00267b8                noCopro(unsigned long)
                0x00000000c00267b9                nmiHandler(regs*, void*)
                0x00000000c00267d2                doubleFault(regs*, void*)
                0x00000000c00267eb                displayDebugInfo(regs*)
                0x00000000c0026b70                HalSystemIdle()
                0x00000000c0026bec                displayProgramFault(char const*)
                0x00000000c0026c38                gpFault(regs*, void*)
                0x00000000c0026c9f                pgFault(regs*, void*)
                0x00000000c0026d28                otherISRHandler(regs*, void*)
                0x00000000c0026d5c                opcodeFault(regs*, void*)
                0x00000000c0026ddf                i386SaveCoprocessor(void*)
                0x00000000c0026df3                i386LoadCoprocessor(void*)
                0x00000000c0026e07                x87EmulHandler(regs*, void*)
                0x00000000c0026ea4                HalInitialiseCoprocessor()
                0x00000000c0026f52                HalPanic(char const*)
                0x00000000c0027066                HalQueryPerformanceCounter()
                0x00000000c0027081                HalInitialise()
                0x00000000c0027237                HalMakeBeep(int)
                0x00000000c0027271                HalGetRand()
                0x00000000c0027274                HalEndOfInterrupt(int)
                0x00000000c00272a5                HalRestart()
                0x00000000c00272a6                HalShutdown()
                0x00000000c00272a7                HalSleep()
 .text          0x00000000c00272a8      0x2dc arch/i386/pic.32
                0x00000000c00272a8                picIoWait()
                0x00000000c00272b0                picDisable()
                0x00000000c00272e4                picGetIRQReg(int)
                0x00000000c0027360                picOpen()
                0x00000000c00274e4                picEOI(int)
 .text          0x00000000c0027584      0x674 arch/i386/rtc.32
                0x00000000c0027584                RTC::open(int, int, void*)
                0x00000000c0027588                RTC::close(int, int, void*)
                0x00000000c002758c                RTC::timeInSecondsUTC()
                0x00000000c002759e                RTC::timeInDatetimeUTC()
                0x00000000c00275c4                RTC::setTimeInSecondsUTC(unsigned long long)
                0x00000000c0027602                RTC::~RTC()
                0x00000000c0027602                RTC::~RTC()
                0x00000000c0027626                RTC::~RTC()
                0x00000000c0027650                RTC::get_update_in_progress_flag()
                0x00000000c002766a                RTC::completeRTCRefresh()
                0x00000000c002794a                RTC::setTimeInDatetimeUTC(datetime_t)
                0x00000000c0027af8                rtcIRQHandler(regs*, void*)
                0x00000000c0027b3e                RTC::RTC()
                0x00000000c0027b3e                RTC::RTC()
 .text          0x00000000c0027bf8      0x1f4 arch/i386/vga.32
                0x00000000c0027bf8                HalConsoleScroll(int, int)
                0x00000000c0027d00                HalConsoleWriteCharacter(char, int, int, int, int)
                0x00000000c0027d64                HalConsoleCursorUpdate(int, int)
 .text          0x00000000c0027dec     0x14cf fs/fat/vfslink.32
                0x00000000c0027dec                FAT::getName()
                0x00000000c0027df4                FAT::tell(void*, unsigned long long*)
                0x00000000c0027e30                FAT::stat(void*, unsigned long long*)
                0x00000000c0027e6c                FAT::~FAT()
                0x00000000c0027e6c                FAT::~FAT()
                0x00000000c0027e90                FAT::~FAT()
                0x00000000c0027eb8                FAT::getlabel(LogicalDisk*, int, char*, unsigned int*)
                0x00000000c0027f5c                FAT::setlabel(LogicalDisk*, int, char*)
                0x00000000c0028020                FAT::format(LogicalDisk*, int, char const*, int)
                0x00000000c0028204                FAT::tryMount(LogicalDisk*, int)
                0x00000000c0028420                FAT::allocateSwapfile(char const*, int)
                0x00000000c00285e0                FAT::readDir(void*, unsigned long, void*, int*)
                0x00000000c0028750                FAT::read(void*, unsigned long, void*, int*)
                0x00000000c00287b0                FAT::write(void*, unsigned long, void*, int*)
                0x00000000c0028810                FAT::close(void*)
                0x00000000c0028864                FAT::closeDir(void*)
                0x00000000c00288b8                FAT::truncate(void*, unsigned long long)
                0x00000000c0028924                FAT::seek(void*, unsigned long long)
                0x00000000c002897c                fatWrapperReadDisk
                0x00000000c00289bc                fatWrapperWriteDisk
                0x00000000c00289fc                fatWrapperIoctl
                0x00000000c0028b18                FAT::FAT()
                0x00000000c0028b18                FAT::FAT()
                0x00000000c0028b70                FAT::fixFilepath(char*)
                0x00000000c0028bb0                FAT::open(char const*, void**, FileOpenMode)
                0x00000000c0028d24                FAT::openDir(char const*, void**)
                0x00000000c0028dd4                FAT::stat(char const*, unsigned long long*, bool*)
                0x00000000c0028ecc                FAT::unlink(char const*)
                0x00000000c0028f4c                FAT::chfatattr(char const*, unsigned char, unsigned char)
                0x00000000c0029100                FAT::rename(char const*, char const*)
                0x00000000c00291cc                FAT::mkdir(char const*)
                0x00000000c002924c                FAT::exists(char const*)
 *fill*         0x00000000c00292bb        0x1 
 .text          0x00000000c00292bc       0x94 fs/iso9660/helper.32
                0x00000000c00292bc                isoReadDiscSectorHelper
                0x00000000c0029318                iso_kprintf
                0x00000000c0029334                iso_kprintfd
 .text          0x00000000c0029350      0x71c fs/iso9660/vfslink.32
                0x00000000c0029350                ISO9660::format(LogicalDisk*, int, char const*, int)
                0x00000000c0029356                ISO9660::truncate(void*, unsigned long long)
                0x00000000c002935c                ISO9660::getName()
                0x00000000c0029362                ISO9660::closeDir(void*)
                0x00000000c002936c                ISO9660::chfatattr(char const*, unsigned char, unsigned char)
                0x00000000c0029372                ISO9660::unlink(char const*)
                0x00000000c0029378                ISO9660::write(void*, unsigned long, void*, int*)
                0x00000000c002937e                ISO9660::rename(char const*, char const*)
                0x00000000c0029384                ISO9660::mkdir(char const*)
                0x00000000c002938a                ISO9660::~ISO9660()
                0x00000000c002938a                ISO9660::~ISO9660()
                0x00000000c00293ae                ISO9660::~ISO9660()
                0x00000000c00293d6                ISO9660::exists(char const*)
                0x00000000c00293ea                ISO9660::open(char const*, void**, FileOpenMode)
                0x00000000c00294d0                ISO9660::read(void*, unsigned long, void*, int*)
                0x00000000c0029518                ISO9660::seek(void*, unsigned long long)
                0x00000000c002955a                ISO9660::tell(void*, unsigned long long*)
                0x00000000c0029598                ISO9660::stat(void*, unsigned long long*)
                0x00000000c00295ea                ISO9660::stat(char const*, unsigned long long*, bool*)
                0x00000000c002972c                ISO9660::close(void*)
                0x00000000c002975c                ISO9660::openDir(char const*, void**)
                0x00000000c0029836                ISO9660::readDir(void*, unsigned long, void*, int*)
                0x00000000c0029953                readSectorFromCDROM(unsigned int, unsigned char*, char)
                0x00000000c00299d2                ISO9660::tryMount(LogicalDisk*, int)
                0x00000000c0029a44                ISO9660::ISO9660()
                0x00000000c0029a44                ISO9660::ISO9660()
 .text          0x00000000c0029a6c      0x26c hal/sound/sndcard.32
                0x00000000c0029a6c                SoundCard::beginPlayback()