Archive member included to satisfy reference by file (symbol)

/cygdrive/d/Users/Alex/Desktop/Toolchain/Output/bin/../lib/gcc/i386-banana/8.1.0/libgcc.a(_divdi3.o)
                              fs/fat/ff.32 (__divdi3)
/cygdrive/d/Users/Alex/Desktop/Toolchain/Output/bin/../lib/gcc/i386-banana/8.1.0/libgcc.a(_moddi3.o)
                              core/elf.32 (__moddi3)
/cygdrive/d/Users/Alex/Desktop/Toolchain/Output/bin/../lib/gcc/i386-banana/8.1.0/libgcc.a(_udivdi3.o)
                              fs/fat/ff.32 (__udivdi3)
/cygdrive/d/Users/Alex/Desktop/Toolchain/Output/bin/../lib/gcc/i386-banana/8.1.0/libgcc.a(_umoddi3.o)
                              core/elf.32 (__umoddi3)
D:/Users/Alex/Desktop/Banana/kernel/libk/libm32.a(s_fabs.c.o)
                              hal/libresample/samplerate.32 (fabs)
D:/Users/Alex/Desktop/Banana/kernel/libk/libm32.a(s_lrint.S.o)
                              hal/libresample/samplerate.32 (lrint)
D:/Users/Alex/Desktop/Banana/kernel/libk/libm32.a(s_lrintf.S.o)
                              hal/sound/sndhw.32 (lrintf)

Discarded input sections

 .comment       0x0000000000000000       0x12 /cygdrive/d/Users/Alex/Desktop/Toolchain/Output/bin/../lib/gcc/i386-banana/8.1.0/crtbegin.o
 .comment       0x0000000000000000       0x12 acpica/utclib.32
 .comment       0x0000000000000000       0x12 core/malloc.32
 .comment       0x0000000000000000       0x12 libk/string.32
 .comment       0x0000000000000000       0x12 fs/fat/diskio.32
 .comment       0x0000000000000000       0x12 fs/fat/ff.32
 .comment       0x0000000000000000       0x12 fs/fat/ffsystem.32
 .comment       0x0000000000000000       0x12 fs/fat/ffunicode.32
 .comment       0x0000000000000000       0x12 hal/libresample/samplerate.32
 .comment       0x0000000000000000       0x12 hal/libresample/src_linear.32
 .comment       0x0000000000000000       0x12 hal/libresample/src_sinc.32
 .comment       0x0000000000000000       0x12 hal/libresample/src_zoh.32
 .group         0x0000000000000000       0x14 core/computer.32
 .group         0x0000000000000000        0xc core/computer.32
 .comment       0x0000000000000000       0x12 core/computer.32
 .comment       0x0000000000000000       0x12 core/elf.32
 .comment       0x0000000000000000       0x12 core/gdt.32
 .group         0x0000000000000000        0xc core/idle.32
 .comment       0x0000000000000000       0x12 core/idle.32
 .comment       0x0000000000000000       0x12 core/idt.32
 .group         0x0000000000000000        0x8 core/kconsole.32
 .group         0x0000000000000000        0x8 core/kconsole.32
 .group         0x0000000000000000        0x8 core/kconsole.32
 .group         0x0000000000000000        0x8 core/kconsole.32
 .comment       0x0000000000000000       0x12 core/kconsole.32
 .group         0x0000000000000000        0x8 core/kheap.32
 .group         0x0000000000000000        0x8 core/kheap.32
 .text._ZN3CPU7readCR3Ev
                0x0000000000000000       0x12 core/kheap.32
 .comment       0x0000000000000000       0x12 core/kheap.32
 .comment       0x0000000000000000       0x12 core/main.32
 .comment       0x0000000000000000       0x12 core/physmgr.32
 .group         0x0000000000000000        0xc core/pipe.32
 .comment       0x0000000000000000       0x12 core/pipe.32
 .group         0x0000000000000000        0x8 core/prcssthr.32
 .group         0x0000000000000000        0x8 core/prcssthr.32
 .group         0x0000000000000000        0xc core/prcssthr.32
 .group         0x0000000000000000        0xc core/prcssthr.32
 .group         0x0000000000000000        0x8 core/prcssthr.32
 .group         0x0000000000000000        0xc core/prcssthr.32
 .group         0x0000000000000000        0x8 core/prcssthr.32
 .group         0x0000000000000000        0x8 core/prcssthr.32
 .comment       0x0000000000000000       0x12 core/prcssthr.32
 .comment       0x0000000000000000       0x12 core/syscalls.32
 .group         0x0000000000000000        0xc core/terminal.32
 .comment       0x0000000000000000       0x12 core/terminal.32
 .group         0x0000000000000000        0x8 core/tss.32
 .text._ZN3CPU7readCR3Ev
                0x0000000000000000       0x12 core/tss.32
 .comment       0x0000000000000000       0x12 core/tss.32
 .group         0x0000000000000000        0x8 core/unixfile.32
 .group         0x0000000000000000        0xc core/unixfile.32
 .group         0x0000000000000000        0x8 core/unixfile.32
 .group         0x0000000000000000        0xc core/unixfile.32
 .group         0x0000000000000000        0x8 core/unixfile.32
 .group         0x0000000000000000        0xc core/unixfile.32
 .group         0x0000000000000000        0xc core/unixfile.32
 .group         0x0000000000000000        0xc core/unixfile.32
 .comment       0x0000000000000000       0x12 core/unixfile.32
 .group         0x0000000000000000        0x8 core/virtmgr.32
 .group         0x0000000000000000        0x8 core/virtmgr.32
 .text._ZN3CPU7readCR3Ev
[...]
Memory Configuration

Name             Origin             Length             Attributes
*default*        0x0000000000000000 0xffffffffffffffff

Linker script and memory map

LOAD D:/Users/Alex/Desktop/Banana/kernel/boot.32
LOAD crti.32
LOAD /cygdrive/d/Users/Alex/Desktop/Toolchain/Output/bin/../lib/gcc/i386-banana/8.1.0/crtbegin.o
LOAD D:/Users/Alex/Desktop/Banana/kernel/morenasm.32
LOAD acpica/utclib.32
LOAD core/malloc.32
LOAD libk/string.32
LOAD fs/fat/diskio.32
LOAD fs/fat/ff.32
LOAD fs/fat/ffsystem.32
LOAD fs/fat/ffunicode.32
LOAD hal/libresample/samplerate.32
LOAD hal/libresample/src_linear.32
LOAD hal/libresample/src_sinc.32
LOAD hal/libresample/src_zoh.32
LOAD core/computer.32
LOAD core/elf.32
LOAD core/gdt.32
LOAD core/idle.32
LOAD core/idt.32
LOAD core/kconsole.32
LOAD core/kheap.32
LOAD core/main.32
LOAD core/physmgr.32
LOAD core/pipe.32
LOAD core/prcssthr.32
LOAD core/syscalls.32
LOAD core/terminal.32
LOAD core/tss.32
LOAD core/unixfile.32
LOAD core/virtmgr.32
LOAD coreobjs/c++.32
LOAD debugger/debug.32
LOAD fs/vfs.32
LOAD hal/bus.32
LOAD hal/buzzer.32
LOAD hal/clock.32
LOAD hal/device.32
LOAD hal/diskctrl.32
LOAD hal/diskphys.32
LOAD hal/fpu.32
LOAD hal/intctrl.32
LOAD hal/keybrd.32
LOAD hal/logidisk.32
LOAD hal/mouse.32
LOAD hal/partition.32
LOAD hal/timer.32
LOAD hal/vcache.32
LOAD hal/video.32
LOAD hw/acpi.32
LOAD hw/cpu.32
LOAD hw/ports.32
LOAD registry/registry.32
LOAD syscalls/sc_exit.32
LOAD syscalls/sc_read.32
LOAD syscalls/sc_sbrk.32
LOAD syscalls/sc_write.32
LOAD syscalls/sc_yield.32
LOAD vm86/vm8086.32
LOAD fs/fat/vfslink.32
LOAD fs/iso9660/vfslink.32
LOAD hal/sound/sndchannel.32
LOAD hal/sound/sndhw.32
LOAD hw/bus/isa.32
LOAD hw/bus/pci.32
LOAD hw/clock/rtc.32
LOAD hw/diskctrl/ide.32
LOAD hw/diskphys/ata.32
LOAD hw/diskphys/atapi.32
LOAD hw/fpu/avx.32
LOAD hw/fpu/mmx.32
LOAD hw/fpu/sse.32
LOAD hw/fpu/x87.32
LOAD hw/intctrl/apic.32
LOAD hw/intctrl/pic.32
LOAD hw/timer/apictimer.32
LOAD hw/timer/pit.32
LOAD hw/fpu/x86/avx.32
LOAD hw/fpu/x86/sse.32
LOAD hw/fpu/x86/x87.32
LOAD /cygdrive/d/Users/Alex/Desktop/Toolchain/Output/bin/../lib/gcc/i386-banana/8.1.0/crtend.o
LOAD crtn.32
LOAD /cygdrive/d/Users/Alex/Desktop/Toolchain/Output/bin/../lib/gcc/i386-banana/8.1.0/libgcc.a
LOAD D:/Users/Alex/Desktop/Banana/kernel/libk/libm32.a
                0x00000000c0000000                . = 0xc0000000

.text           0x00000000c0000000    0x1e918
 *(.text)
 .text          0x00000000c0000000       0x41 D:/Users/Alex/Desktop/Banana/kernel/boot.32
                0x00000000c0000020                callGlobalConstructors
 .text          0x00000000c0000041        0x0 crti.32
 *fill*         0x00000000c0000041        0x3 
 .text          0x00000000c0000044      0x101 /cygdrive/d/Users/Alex/Desktop/Toolchain/Output/bin/../lib/gcc/i386-banana/8.1.0/crtbegin.o
 *fill*         0x00000000c0000145        0xb 
 .text          0x00000000c0000150      0x44c D:/Users/Alex/Desktop/Banana/kernel/morenasm.32
                0x00000000c0000150                doTPAUSE
                0x00000000c000015a                hasLegacyFPU
                0x00000000c000017f                is486
                0x00000000c00001e2                goToVM86
                0x00000000c0000213                goToUsermode
                0x00000000c000023e                switchToThreadASMFirstTime
                0x00000000c000024c                switchToThreadASM
                0x00000000c00002ec                detectCPUID
                0x00000000c0000302                asmQuickAcquireLock
                0x00000000c0000320                asmQuickReleaseLock
                0x00000000c000032c                asmAcquireLock
                0x00000000c000034d                asmReleaseLock
                0x00000000c0000360                loadGDT
                0x00000000c0000380                isr0
                0x00000000c0000390                isr1
                0x00000000c000039a                isr2
                0x00000000c00003a4                isr3
                0x00000000c00003ae                isr4
                0x00000000c00003b8                isr5
                0x00000000c00003c2                isr6
                0x00000000c00003cc                isr7
                0x00000000c00003d6                isr8
                0x00000000c00003de                isr9
                0x00000000c00003e8                isr10
                0x00000000c00003f0                isr11
                0x00000000c00003f8                isr12
                0x00000000c0000400                isr13
                0x00000000c0000408                isr14
                0x00000000c0000410                isr15
                0x00000000c000041a                isr16
                0x00000000c0000424                isr17
                0x00000000c000042e                isr18
                0x00000000c0000438                isr96
                0x00000000c0000442                irq0
                0x00000000c000044c                irq1
                0x00000000c0000456                irq2
                0x00000000c0000460                irq3
                0x00000000c000046a                irq4
                0x00000000c0000474                irq5
                0x00000000c000047e                irq6
                0x00000000c0000488                irq7
                0x00000000c0000492                irq8
                0x00000000c000049c                irq9
                0x00000000c00004a6                irq10
                0x00000000c00004b0                irq11
                0x00000000c00004ba                irq12
                0x00000000c00004c4                irq13
                0x00000000c00004ce                irq14
                0x00000000c00004d8                irq15
                0x00000000c00004e2                irq16
                0x00000000c00004ec                irq17
                0x00000000c00004f6                irq18
                0x00000000c0000500                irq19
                0x00000000c000050a                irq20
                0x00000000c0000514                irq21
                0x00000000c000051e                irq22
                0x00000000c0000528                irq23
                0x00000000c0000532                int_common_stub
                0x00000000c0000562                syscall_common_stub
 .text          0x00000000c000059c      0x6ff acpica/utclib.32
                0x00000000c000059c                memcmp
                0x00000000c00005f4                memmove
                0x00000000c0000661                memcpy
                0x00000000c00006d8                memset
                0x00000000c0000701                strlen
                0x00000000c0000724                strpbrk
                0x00000000c0000766                strtok
                0x00000000c00007f4                strcpy
                0x00000000c0000826                strncpy
                0x00000000c000087a                strcmp
                0x00000000c00008bc                strchr
                0x00000000c00008e5                strncmp
                0x00000000c0000941                strcat
                0x00000000c0000982                strncat
                0x00000000c00009de                strstr
                0x00000000c0000a31                toupper
                0x00000000c0000a57                tolower
                0x00000000c0000a7d                simple_strtoul
 .text          0x00000000c0000c9b      0xfbf core/malloc.32
                0x00000000c0000e06                dlfree
                0x00000000c0001161                dlmalloc
                0x00000000c000169e                dlrealloc
                0x00000000c0001853                dlmemalign
                0x00000000c0001976                dlcalloc
                0x00000000c0001a10                dlcfree
                0x00000000c0001a15                dlindependent_calloc
                0x00000000c0001a3a                dlindependent_comalloc
                0x00000000c0001a51                dlvalloc
                0x00000000c0001a7c                dlpvalloc
                0x00000000c0001ab2                dlmalloc_trim
                0x00000000c0001abf                dlmalloc_usable_size
                0x00000000c0001af0                dlmallinfo
                0x00000000c0001bbf                dlmalloc_stats
                0x00000000c0001bd0                dlmallopt
 .text          0x00000000c0001c5a        0x0 libk/string.32
 .text          0x00000000c0001c5a       0x51 fs/fat/diskio.32
                0x00000000c0001c5a                disk_status
                0x00000000c0001c5d                disk_initialize
                0x00000000c0001c60                disk_read
                0x00000000c0001c76                disk_write
                0x00000000c0001c8c                disk_ioctl
 .text          0x00000000c0001cab     0x6833 fs/fat/ff.32
                0x00000000c0004f79                f_mount
                0x00000000c0004fdb                f_open
                0x00000000c0005417                f_read
                0x00000000c0005697                f_write
                0x00000000c0005951                f_sync
                0x00000000c0005b2d                f_close
                0x00000000c0005b5c                f_lseek
                0x00000000c0006013                f_opendir
                0x00000000c0006115                f_closedir
                0x00000000c0006137                f_readdir
                0x00000000c00061d2                f_stat
                0x00000000c0006261                f_getfree
                0x00000000c000642c                f_truncate
                0x00000000c0006524                f_unlink
                0x00000000c00066a7                f_mkdir
                0x00000000c00068d3                f_rename
                0x00000000c0006bc6                f_chmod
                0x00000000c0006ca4                f_utime
                0x00000000c0006d82                f_getlabel
                0x00000000c0006f70                f_setlabel
                0x00000000c00071dd                f_forward
                0x00000000c00073bb                f_mkfs
 .text          0x00000000c00084de       0x2d fs/fat/ffsystem.32
                0x00000000c00084de                ff_memalloc
                0x00000000c00084f4                ff_memfree
 .text          0x00000000c000850b      0x253 fs/fat/ffunicode.32
                0x00000000c000850b                ff_uni2oem
                0x00000000c000859b                ff_oem2uni
                0x00000000c0008607                ff_wtoupper
 .text          0x00000000c000875e      0x70e hal/libresample/samplerate.32
                0x00000000c00087e6                src_delete
                0x00000000c0008822                src_process
                0x00000000c000894a                src_callback_read
                0x00000000c0008aab                src_set_ratio
                0x00000000c0008b02                src_get_channels
                0x00000000c0008b24                src_reset
                0x00000000c0008b68                src_new
                0x00000000c0008bf6                src_callback_new
                0x00000000c0008c58                src_get_name
                0x00000000c0008c8f                src_get_description
                0x00000000c0008cc6                src_get_version
                0x00000000c0008ccc                src_is_valid_ratio
                0x00000000c0008ce6                src_error
                0x00000000c0008cf4                src_strerror
                0x00000000c0008d07                src_simple
                0x00000000c0008d5a                src_short_to_float_array
                0x00000000c0008d80                src_float_to_short_array
                0x00000000c0008de4                src_int_to_float_array
                0x00000000c0008e0a                src_float_to_int_array
 .text          0x00000000c0008e6c      0x3fd hal/libresample/src_linear.32
                0x00000000c00091c4                linear_get_name
                0x00000000c00091d3                linear_get_description
                0x00000000c00091e2                linear_set_converter
 .text          0x00000000c0009269     0x1b46 hal/libresample/src_sinc.32
                0x00000000c000abbf                sinc_get_name
                0x00000000c000abd2                sinc_get_description
                0x00000000c000abe5                sinc_set_converter
 .text          0x00000000c000adaf      0x3d3 hal/libresample/src_zoh.32
                0x00000000c000b0dd                zoh_get_name
                0x00000000c000b0ec                zoh_get_description
                0x00000000c000b0fb                zoh_set_converter
 .text          0x00000000c000b182      0x68d core/computer.32
                0x00000000c000b182                Computer::close(int, int, void*)
                0x00000000c000b1c6                Computer::Computer()
                0x00000000c000b1c6                Computer::Computer()
                0x00000000c000b322                Computer::setBootMessage(char const*)
                0x00000000c000b324                Computer::start()
                0x00000000c000b3fe                firstTask()
                0x00000000c000b40c                Computer::detectFeatures()
                0x00000000c000b5e6                Computer::displayFeatures()
                0x00000000c000b5e8                Computer::rdmsr(unsigned int)
                0x00000000c000b614                Computer::wrmsr(unsigned int, unsigned long long)
                0x00000000c000b64c                Computer::nmiEnabled()
                0x00000000c000b658                Computer::readCMOS(unsigned char)
                0x00000000c000b672                Computer::enableNMI(bool)
                0x00000000c000b68a                Computer::open(int, int, void*)
                0x00000000c000b752                Computer::disableNMI()
                0x00000000c000b760                Computer::writeCMOS(unsigned char, unsigned char)
                0x00000000c000b77e                Computer::handleNMI()
                0x00000000c000b7e4                Computer::setDiskActivityLight(int, bool)
 .text          0x00000000c000b80f      0xf3d core/elf.32
                0x00000000c000b80f                allocateMemoryForTask(Process*, File*, unsigned long, unsigned long, unsigned long)
                0x00000000c000ba8c                loadProgramIntoMemory(Process*, char const*)
                0x00000000c000bca2                runtimeReferenceHelper()
                0x00000000c000bcb5                getAddressOfKernelSymbol(char const*)
                0x00000000c000bd04                loadKernelSymbolTable(char const*)
                0x00000000c000bfc5                loadDriverIntoMemory(char const*, unsigned long)
                0x00000000c000c675                loadDLL(char const*)
                0x00000000c000c73e                executeDLL(unsigned long, void*)
 .text          0x00000000c000c74c      0x1b7 core/gdt.32
                0x00000000c000c74c                GDTEntry::setBase(unsigned int)
                0x00000000c000c768                GDTEntry::setLimit(unsigned int)
                0x00000000c000c786                GDT::GDT()
                0x00000000c000c786                GDT::GDT()
                0x00000000c000c79c                GDT::addEntry(GDTEntry)
                0x00000000c000c7d8                GDT::getNumberOfEntries()
                0x00000000c000c7e0                GDT::flush()
                0x00000000c000c802                GDT::setup()
 .text          0x00000000c000c903       0x61 core/idle.32
                0x00000000c000c903                idleFunction(void*)
 .text          0x00000000c000c964      0x45f core/idt.32
                0x00000000c000c964                IDTEntry::IDTEntry(bool)
                0x00000000c000c964                IDTEntry::IDTEntry(bool)
                0x00000000c000c9d2                IDTEntry::setOffset(unsigned int)
                0x00000000c000c9e6                IDT::IDT()
                0x00000000c000c9e6                IDT::IDT()
                0x00000000c000c9e8                IDT::getPointerToInvalidOpcodeEntryForF00F()
                0x00000000c000c9f0                IDT::addEntry(IDTEntry, int)
                0x00000000c000ca0a                IDT::addEntry(int, void (*)(), bool)
                0x00000000c000ca42                IDT::flush()
                0x00000000c000ca5c                IDT::setup()
 .text          0x00000000c000cdc3      0x519 core/kconsole.32
                0x00000000c000cdc3                stringifyxWithBase(unsigned int, char*, int)
                0x00000000c000ce24                logc(char)
                0x00000000c000ce3b                logs(char*)
                0x00000000c000ce58                logWriteInt(unsigned int)
                0x00000000c000ce75                logWriteIntBase(unsigned int, int)
                0x00000000c000ce94                kprintf(char const*, ...)
                0x00000000c000cfb2                panic(char const*)
 .text          0x00000000c000d2dc      0x20d core/kheap.32
                0x00000000c000d2dc                sbrk
                0x00000000c000d3f4                mmap
                0x00000000c000d40a                munmap
                0x00000000c000d420                liballoc_lock()
                0x00000000c000d431                liballoc_unlock()
                0x00000000c000d442                liballoc_alloc(int)
                0x00000000c000d45d                liballoc_free(void*, int)
                0x00000000c000d47b                realloc
                0x00000000c000d48f                malloc
                0x00000000c000d49f                free
                0x00000000c000d4af                rfree
                0x00000000c000d4bf                calloc
 .text          0x00000000c000d4e9      0x38d core/main.32
                0x00000000c000d4e9                hwTextMode_loadInData(VgaText*)
                0x00000000c000d52e                hwTextMode_loadInTitle(VgaText*, char*)
                0x00000000c000d570                hwTextMode_showCursor(VgaText*, bool)
                0x00000000c000d5c4                hwTextMode_update(VgaText*)
                0x00000000c000d5c5                hwTextMode_updateCursor(VgaText*)
                0x00000000c000d60d                hwTextMode_disableBlink(VgaText*, bool)
                0x00000000c000d649                hwTextMode_scrollScreen(VgaText*)
                0x00000000c000d6cf                hwTextMode_writeCharacter(VgaText*, char, VgaColour, VgaColour, int, int)
                0x00000000c000d72d                setupTextMode()
                0x00000000c000d77e                kernel_main
 .text          0x00000000c000d876      0x46c core/physmgr.32
                0x00000000c000d876                Phys::allocateDMA(unsigned long)
                0x00000000c000d919                Phys::freeDMA(unsigned long, unsigned long)
                0x00000000c000d961                Phys::setPageState(unsigned long, bool)
                0x00000000c000d993                Phys::getPageState(unsigned long)
                0x00000000c000d9af                Phys::freePage(unsigned long)
                0x00000000c000da39                Phys::allocatePage()
                0x00000000c000daf5                Phys::allowSegmentToBeUsed(unsigned long, unsigned long)
                0x00000000c000db2d                Phys::physicalMemorySetup(unsigned int)
 .text          0x00000000c000dce2      0x273 core/pipe.32
                0x00000000c000dce2                Pipe::isAtty()
                0x00000000c000dce6                Pipe::~Pipe()
                0x00000000c000dce6                Pipe::~Pipe()
                0x00000000c000dd0a                Pipe::~Pipe()
                0x00000000c000dd32                Pipe::read(unsigned long long, void*, int*)
                0x00000000c000de26                Pipe::write(unsigned long long, void*, int*)
                0x00000000c000deee                Pipe::Pipe(int)
                0x00000000c000deee                Pipe::Pipe(int)
 *fill*         0x00000000c000df55        0x1 
 .text          0x00000000c000df56     0x1154 core/prcssthr.32
                0x00000000c000df56                changeTSS
                0x00000000c000df84                Process::addArgs(char**)
                0x00000000c000dfde                Process::Process(char const*, Process*, char**)
                0x00000000c000dfde                Process::Process(char const*, Process*, char**)
                0x00000000c000e196                Process::Process(bool, char const*, Process*, char**)
                0x00000000c000e196                Process::Process(bool, char const*, Process*, char**)
                0x00000000c000e319                disableIRQs()
                0x00000000c000e321                getIRQNestingLevel()
                0x00000000c000e327                enableIRQs()
                0x00000000c000e336                lockScheduler()
                0x00000000c000e338                unlockScheduler()
                0x00000000c000e33a                userModeEntryPoint(void*)
                0x00000000c000e35d                lockStuff()
                0x00000000c000e369                taskStartupFunction
                0x00000000c000e372                updateTimeUsed()
                0x00000000c000e3d0                switchToThread(ThreadControlBlock*)
                0x00000000c000e420                Semaphore::Semaphore(int)
                0x00000000c000e420                Semaphore::Semaphore(int)
                0x00000000c000e44e                Mutex::Mutex()
                0x00000000c000e44e                Mutex::Mutex()
                0x00000000c000e460                Process::createThread(void (*)(void*), void*, int)
                0x00000000c000e544                Process::createUserThread()
                0x00000000c000e560                setupMultitasking(void (*)())
                0x00000000c000e66a                schedule()
                0x00000000c000e6ef                unlockStuff()
                0x00000000c000e724                forkProcess(regs*)
                0x00000000c000e892                Semaphore::tryAcquire()
                0x00000000c000e8c0                Semaphore::assertLocked(char const*)
                0x00000000c000e8f3                blockTaskWithSchedulerLockAlreadyHeld(TaskState)
                0x00000000c000e935                blockTask(TaskState)
                0x00000000c000e956                waitTask(int, int*, int)
                0x00000000c000e998                nanoSleepUntil(unsigned long long)
                0x00000000c000e9ef                nanoSleep(unsigned long long)
                0x00000000c000ea04                sleep(unsigned long long)
                0x00000000c000ea22                Semaphore::acquire()
                0x00000000c000ea8a                execveProcess(char const*, char* const*, char* const*)
                0x00000000c000eb18                taskReturned
                0x00000000c000eb5a                unblockTask(ThreadControlBlock*)
                0x00000000c000ec09                cleanupTerminatedTask(ThreadControlBlock*)
                0x00000000c000eea6                cleanerTaskFunction(void*)
                0x00000000c000ef36                terminateTask(int)
                0x00000000c000efbe                Semaphore::release()
 .text          0x00000000c000f0aa      0xd8a core/syscalls.32
                0x00000000c000f0aa                sysCallGetPID(regs*)
                0x00000000c000f0b6                sysCallSeekDir(regs*)
                0x00000000c000f0bb                sysCallTellDir(regs*)
                0x00000000c000f0c0                sysCallVerify(regs*)
                0x00000000c000f0ca                sysCallGetArgc(regs*)
                0x00000000c000f0da                sysFormatDisk(regs*)
                0x00000000c000f144                sysSetDiskVolumeLabel(regs*)
                0x00000000c000f18a                sysGetDiskVolumeLabel(regs*)
                0x00000000c000f1db                sysShutdown(regs*)
                0x00000000c000f223                sysCallGetCwd(regs*)
                0x00000000c000f242                sysCallSetCwd(regs*)
                0x00000000c000f25e                sysCallRealpath(regs*)
                0x00000000c000f2a1                sysCallOpen(regs*)
                0x00000000c000f391                sysCallReadDir(regs*)
                0x00000000c000f400                sysCallIsATTY(regs*)
                0x00000000c000f453                sysCallSeek(regs*)
                0x00000000c000f4a4                sysCallTell(regs*)
                0x00000000c000f4f0                sysCallSizeFromFilename(regs*)
                0x00000000c000f569                sysCallSize(regs*)
                0x00000000c000f5bb                sysCallClose(regs*)
                0x00000000c000f609                sysCallOpenDir(regs*)
                0x00000000c000f676                sysCallMakeDir(regs*)
                0x00000000c000f6cf                sysCallCloseDir(regs*)
                0x00000000c000f71d                sysCallWait(regs*)
                0x00000000c000f737                sysCallFork(regs*)
                0x00000000c000f753                sysCallExecve(regs*)
                0x00000000c000f7a8                sysCallRmdir(regs*)
                0x00000000c000f7fa                sysCallUnlink(regs*)
                0x00000000c000f84c                sysCallGetArgv(regs*)
                0x00000000c000f898                sysCallTTYName(regs*)
                0x00000000c000f914                sysCallGetEnv(regs*)
                0x00000000c000f966                sysCallUSleep(regs*)
                0x00000000c000f98d                sysCallSpawn(regs*)
                0x00000000c000f9fd                sysAppSettings(regs*)
                0x00000000c000fb1c                sysSetFatAttrib(regs*)
                0x00000000c000fb7c                sysPanic(regs*)
                0x00000000c000fba2                sysPipe(regs*)
                0x00000000c000fbe7                sysGetUnixTime(regs*)
                0x00000000c000fbfb                string_ends_with(char const*, char const*)
                0x00000000c000fc43                setupSystemCalls()
                0x00000000c000fdf2                systemCall(regs*, void*)
 .text          0x00000000c000fe34      0xf65 core/terminal.32
                0x00000000c000fe34                VgaText::isAtty()
                0x00000000c000fe38                VgaText::~VgaText()
                0x00000000c000fe38                VgaText::~VgaText()
                0x00000000c000fe5c                VgaText::~VgaText()
                0x00000000c000fe86                VgaText::read(unsigned long long, void*, int*)
                0x00000000c000fea6                setTerminalScrollLock(bool)
                0x00000000c000fea7                addToTerminalCycle(VgaText*)
                0x00000000c000fed4                installVgaTextImplementation()
                0x00000000c000fee9                scrollTerminalScrollLock(int)
                0x00000000c000feea                VgaText::load()
                0x00000000c000ff3e                VgaText::updateCursor()
                0x00000000c000ff58                VgaText::showCursor(bool)
                0x00000000c000ff68                VgaText::disableBlink(bool)
                0x00000000c000ffa2                VgaText::doANSI_SGR(int)
                0x00000000c001002e                VgaText::setDefaultBgColour(VgaColour)
                0x00000000c0010044                VgaText::setDefaultFgColour(VgaColour)
                0x00000000c001005a                VgaText::setDefaultColours(VgaColour, VgaColour)
                0x00000000c001007a                VgaText::combineColours(unsigned char, unsigned char)
                0x00000000c001008c                VgaText::scrollScreen()
                0x00000000c0010120                VgaText::combineCharAndColour(char, unsigned char)
                0x00000000c0010132                VgaText::writeCharacter(char, VgaColour, VgaColour, int, int)
                0x00000000c0010192                VgaText::getCursorX()
                0x00000000c001019e                VgaText::getCursorY()
                0x00000000c00101aa                VgaText::setCursor(int, int)
                0x00000000c00101c8                VgaText::setCursorX(int)
                0x00000000c00101e4                VgaText::setCursorY(int)
                0x00000000c0010200                VgaText::incrementCursor(bool)
                0x00000000c0010268                VgaText::updateRAMUsageDisplay(int)
                0x00000000c00102c2                VgaText::updateDiskUsage()
                0x00000000c0010428                VgaText::updateTitle()
                0x00000000c001046e                VgaText::setTitleTextColour(VgaColour)
                0x00000000c001047e                VgaText::setTitleColour(VgaColour)
                0x00000000c001048e                VgaText::setTitle(char*)
                0x00000000c00104b4                VgaText::decrementCursor(bool)
                0x00000000c00104dc                VgaText::putchar(char, VgaColour, VgaColour)
                0x00000000c00105d8                VgaText::isShowingCursor()
                0x00000000c00105e4                VgaText::isBlinkDisabled()
                0x00000000c00105f2                VgaText::setCursorHeight(int)
                0x00000000c0010610                VgaText::getCursorHeight()
                0x00000000c001061b                setActiveTerminal(VgaText*)
                0x00000000c00106cd                doTerminalCycle()
                0x00000000c00106ea                VgaText::doUpdate()
                0x00000000c00106fc                VgaText::puts(char const*, VgaColour, VgaColour)
                0x00000000c00108bc                VgaText::clearScreen()
                0x00000000c0010920                VgaText::putchar(char)
                0x00000000c0010a3a                VgaText::puts(char const*)
                0x00000000c0010a60                VgaText::putx(unsigned int)
                0x00000000c0010aa6                VgaText::VgaText(char const*)
                0x00000000c0010aa6                VgaText::VgaText(char const*)
                0x00000000c0010c38                VgaText::receiveKey(unsigned char)
                0x00000000c0010d20                VgaText::write(unsigned long long, void*, int*)
                0x00000000c0010d74                newTerminal(char*)
 *fill*         0x00000000c0010d99        0x1 
 .text          0x00000000c0010d9a      0x18f core/tss.32
                0x00000000c0010d9a                TSS::TSS()
                0x00000000c0010d9a                TSS::TSS()
                0x00000000c0010da8                TSS::setESP(unsigned long)
                0x00000000c0010dba                TSS::flush()
                0x00000000c0010dda                TSS::setup(unsigned long, unsigned long)
 *fill*         0x00000000c0010f29        0x1 
 .text          0x00000000c0010f2a      0x32f core/unixfile.32
                0x00000000c0010f2a                ReservedFilename::isAtty()
                0x00000000c0010f40                ReservedFilename::read(unsigned long long, void*, int*)
                0x00000000c0010fd2                ReservedFilename::write(unsigned long long, void*, int*)
                0x00000000c0011068                UnixFile::getFileDescriptor()
                0x00000000c0011070                UnixFile::UnixFile(int)
                0x00000000c0011070                UnixFile::UnixFile(int)
                0x00000000c00110ac                ReservedFilename::ReservedFilename(int)
                0x00000000c00110ac                ReservedFilename::ReservedFilename(int)
                0x00000000c00110d4                UnixFile::~UnixFile()
                0x00000000c00110d4                UnixFile::~UnixFile()
                0x00000000c001115a                UnixFile::~UnixFile()
                0x00000000c0011182                ReservedFilename::~ReservedFilename()
                0x00000000c0011182                ReservedFilename::~ReservedFilename()
                0x00000000c00111a6                ReservedFilename::~ReservedFilename()
                0x00000000c00111cd                getFromFileDescriptor(int)
 *fill*         0x00000000c0011259        0x1 
 .text          0x00000000c001125a     0x1175 core/virtmgr.32
                0x00000000c001125a                Virt::setPageState(unsigned long, Virt::VirtPageState)
                0x00000000c001128f                Virt::getPageState(unsigned long)
                0x00000000c00112b3                Virt::allocateKernelVirtualPages(int)
                0x00000000c00113c4                Virt::virtualMemorySetup()
                0x00000000c0011443                Virt::getAKernelVAS()
                0x00000000c0011449                Virt::setupPageSwapping(int)
                0x00000000c001156e                VAS::VAS()
                0x00000000c001156e                VAS::VAS()
                0x00000000c001159e                VAS::getForeignPageTableEntry(bool, unsigned long)
                0x00000000c00115ca                VAS::getPageTableEntry(unsigned long)
                0x00000000c00115e9                Virt::freeKernelVirtualPages(unsigned long)
                0x00000000c001170c                VAS::freeAllocatedPages(unsigned long)
                0x00000000c0011730                VAS::virtualToPhysical(unsigned long)
                0x00000000c0011748                VAS::mapOtherVASIn(bool, VAS*)
                0x00000000c001177e                VAS::~VAS()
                0x00000000c001177e                VAS::~VAS()
                0x00000000c00118ea                VAS::mapPage(unsigned long, unsigned long, int)
                0x00000000c00119ea                VAS::allocatePages(int, int)
                0x00000000c0011bba                VAS::setCPUSpecific(unsigned long)
                0x00000000c0011bd6                VAS::mapRange(unsigned long, unsigned long, int, int)
                0x00000000c0011ca0                VAS::VAS(VAS*)
                0x00000000c0011ca0                VAS::VAS(VAS*)
                0x00000000c0011fea                VAS::mapForeignPage(bool, VAS*, unsigned long, unsigned long, int)
                0x00000000c00120d8                VAS::VAS(bool)
                0x00000000c00120d8                VAS::VAS(bool)
                0x00000000c0012308                mapVASFirstTime
 .text          0x00000000c00123cf       0x93 coreobjs/c++.32
                0x00000000c00123cf                __cxa_atexit
                0x00000000c00123d2                __cxa_finalize
                0x00000000c00123d3                __stack_chk_fail
                0x00000000c0012433                __cxa_pure_virtual
                0x00000000c0012444                operator new(unsigned long)
                0x00000000c0012449                operator new[](unsigned long)
                0x00000000c001244e                operator delete(void*)
                0x00000000c0012453                operator delete(void*, unsigned long)
                0x00000000c0012458                operator delete[](void*)
                0x00000000c001245d                operator delete[](void*, unsigned long)
 .text          0x00000000c0012462        0x0 debugger/debug.32
 .text          0x00000000c0012462      0xb68 fs/vfs.32
                0x00000000c0012462                File::read(unsigned long long, void*, int*)
                0x00000000c00124ba                File::write(unsigned long long, void*, int*)
                0x00000000c0012512                Directory::read(unsigned long long, void*, int*)
                0x00000000c001256a                Directory::write(unsigned long long, void*, int*)
                0x00000000c0012598                File::isAtty()
                0x00000000c001259c                Directory::isAtty()
                0x00000000c00125a0                Filesystem::getlabel(LogicalDisk*, int, char*, unsigned int*)
                0x00000000c00125a6                Filesystem::setlabel(LogicalDisk*, int, char*)
                0x00000000c00125ac                File::~File()
                0x00000000c00125ac                File::~File()
                0x00000000c00125d0                File::~File()
                0x00000000c00125fa                Directory::~Directory()
                0x00000000c00125fa                Directory::~Directory()
                0x00000000c001261e                Directory::~Directory()
                0x00000000c0012648                Filesystem::Filesystem()
                0x00000000c0012648                Filesystem::Filesystem()
                0x00000000c001266c                Filesystem::~Filesystem()
                0x00000000c001266c                Filesystem::~Filesystem()
                0x00000000c001267a                Filesystem::~Filesystem()
                0x00000000c001269e                initVFS()
                0x00000000c00126c8                standardiseFiles(char*, char const*, char const*)
                0x00000000c0012872                File::File(char const*, Process*)
                0x00000000c0012872                File::File(char const*, Process*)
                0x00000000c00128d6                File::open(FileOpenMode)
                0x00000000c0012934                File::close()
                0x00000000c0012994                File::seek(unsigned long long)
                0x00000000c00129ea                File::tell(unsigned long long*)
                0x00000000c0012a3a                File::rewind()
                0x00000000c0012a4e                File::unlink()
                0x00000000c0012a9a                File::rename(char const*)
                0x00000000c0012ae8                File::chfatattr(unsigned char, unsigned char)
                0x00000000c0012b44                File::exists()
                0x00000000c0012b82                File::stat(unsigned long long*, bool*)
                0x00000000c0012be3                getcwd(Process*, char*, int)
                0x00000000c0012c0d                setcwd(Process*, char*)
                0x00000000c0012d34                Directory::Directory(char const*, Process*)
                0x00000000c0012d34                Directory::Directory(char const*, Process*)
                0x00000000c0012d98                Directory::open()
                0x00000000c0012df4                Directory::close()
                0x00000000c0012e54                Directory::unlink()
                0x00000000c0012ea0                Directory::rename(char const*)
                0x00000000c0012eee                Directory::exists()
                0x00000000c0012f2c                Directory::read(dirent*)
                0x00000000c0012f78                Directory::create()
                0x00000000c0012fc4                Filesystem::chfatattr(char const*, unsigned char, unsigned char)
 .text          0x00000000c0012fca       0x84 hal/bus.32
                0x00000000c0012fca                Bus::Bus(char const*)
                0x00000000c0012fca                Bus::Bus(char const*)
                0x00000000c0013000                Bus::~Bus()
                0x00000000c0013000                Bus::~Bus()
                0x00000000c0013024                Bus::~Bus()
 .text          0x00000000c001304e      0x14e hal/buzzer.32
                0x00000000c001304e                Buzzer::Buzzer(char const*)
                0x00000000c001304e                Buzzer::Buzzer(char const*)
                0x00000000c0013092                Buzzer::~Buzzer()
                0x00000000c0013092                Buzzer::~Buzzer()
                0x00000000c00130b6                Buzzer::~Buzzer()
                0x00000000c00130e0                Buzzer::stop()
                0x00000000c00130f3                beepThread(void*)
                0x00000000c001312e                Buzzer::beep(int, int, bool)
 .text          0x00000000c001319c      0x42f hal/clock.32
                0x00000000c001319c                loadClockSettings()
                0x00000000c00131b6                Clock::Clock(char const*)
                0x00000000c00131b6                Clock::Clock(char const*)
                0x00000000c00131ec                Clock::~Clock()
                0x00000000c00131ec                Clock::~Clock()
                0x00000000c0013210                Clock::~Clock()
                0x00000000c001323a                Clock::timeInSecondsLocal()
                0x00000000c0013282                Clock::setTimeInSecondsLocal(unsigned long long)
                0x00000000c00132db                datetimeToSeconds(datetime_t)
                0x00000000c0013402                Clock::setTimeInDatetimeLocal(datetime_t)
                0x00000000c0013462                secondsToDatetime(unsigned long long)
                0x00000000c00135a6                Clock::timeInDatetimeLocal()
 *fill*         0x00000000c00135cb        0x1 
 .text          0x00000000c00135cc      0x504 hal/device.32
                0x00000000c00135cc                Device::hibernate()
                0x00000000c00135ce                Device::wake()
                0x00000000c00135d0                Device::detect()
                0x00000000c00135d2                Device::disableLegacy()
                0x00000000c00135d4                Device::powerSaving(PowerSavingLevel)
                0x00000000c00135d6                DriverlessDevice::close(int, int, void*)
                0x00000000c00135da                DriverlessDevice::detect()
                0x00000000c00135dc                DriverlessDevice::open(int, int, void*)
                0x00000000c00135f0                Device::~Device()
                0x00000000c00135f0                Device::~Device()
                0x00000000c00135fe                Device::~Device()
                0x00000000c0013626                Device::findAndLoadDriver()
                0x00000000c0013628                Device::preOpenPCI(PCIDeviceInfo)
                0x00000000c001364e                Device::preOpenACPI(void*, char*, char*)
                0x00000000c00136a2                Device::addIRQHandler(int, void (*)(regs*, void*), bool, void*)
                0x00000000c0013700                Device::removeIRQHandler(int, void (*)(regs*, void*), bool)
                0x00000000c001374e                Device::addChild(Device*)
                0x00000000c0013792                Device::removeAllChildren()
                0x00000000c00137d8                Device::hibernateAll()
                0x00000000c0013808                Device::wakeAll()
                0x00000000c0013838                Device::detectAll()
                0x00000000c0013868                Device::disableLegacyAll()
                0x00000000c0013898                Device::loadDriversForAll()
                0x00000000c00138c4                Device::closeAll()
                0x00000000c00138fa                Device::powerSavingAll(PowerSavingLevel)
                0x00000000c0013930                Device::setName(char const*)
                0x00000000c001393e                Device::Device(char const*)
                0x00000000c001393e                Device::Device(char const*)
                0x00000000c0013a30                Device::getName()
                0x00000000c0013a3a                DriverlessDevice::DriverlessDevice(char const*)
                0x00000000c0013a3a                DriverlessDevice::DriverlessDevice(char const*)
                0x00000000c0013a62                Device::addToLinkedList(LinkedList<Device>&, DeviceType)
                0x00000000c0013aa6                getDevicesOfType(DeviceType)
 .text          0x00000000c0013ad0       0x84 hal/diskctrl.32
                0x00000000c0013ad0                HardDiskController::HardDiskController(char const*)
                0x00000000c0013ad0                HardDiskController::HardDiskController(char const*)
                0x00000000c0013b06                HardDiskController::~HardDiskController()
                0x00000000c0013b06                HardDiskController::~HardDiskController()
                0x00000000c0013b2a                HardDiskController::~HardDiskController()
 .text          0x00000000c0013b54       0xde hal/diskphys.32
                0x00000000c0013b54                PhysicalDisk::PhysicalDisk(char const*, int)
                0x00000000c0013b54                PhysicalDisk::PhysicalDisk(char const*, int)
                0x00000000c0013bbc                PhysicalDisk::startCache()
                0x00000000c0013be4                PhysicalDisk::~PhysicalDisk()
                0x00000000c0013be4                PhysicalDisk::~PhysicalDisk()
                0x00000000c0013c08                PhysicalDisk::~PhysicalDisk()
 .text          0x00000000c0013c32      0x128 hal/fpu.32
                0x00000000c0013c32                FPU::FPU(char const*)
                0x00000000c0013c32                FPU::FPU(char const*)
                0x00000000c0013c68                FPU::~FPU()
                0x00000000c0013c68                FPU::~FPU()
                0x00000000c0013c8c                FPU::~FPU()
                0x00000000c0013cb6                setupFPU()
 .text          0x00000000c0013d5a      0xb89 hal/intctrl.32
                0x00000000c0013d5a                InterruptController::uninstallISRHandler(int, void (*)(regs*, void*))
                0x00000000c0013d92                InterruptController::installISRHandler(int, void (*)(regs*, void*), void*)
                0x00000000c0013de4                doubleFault(regs*, void*)
                0x00000000c0013df2                InterruptController::installIRQHandler(int, void (*)(regs*, void*), bool, void*)
                0x00000000c0013e8e                InterruptController::clearAllHandlers(int, bool)
                0x00000000c0013f36                InterruptController::uninstallIRQHandler(int, void (*)(regs*, void*), bool)
                0x00000000c0013fbd                nmiHandler(regs*, void*)
                0x00000000c0013fcb                int_handler
                0x00000000c0014066                InterruptController::InterruptController(char const*)
                0x00000000c0014066                InterruptController::InterruptController(char const*)
                0x00000000c001410c                InterruptController::~InterruptController()
                0x00000000c001410c                InterruptController::~InterruptController()
                0x00000000c0014130                InterruptController::~InterruptController()
                0x00000000c001415a                displayDebugInfo(regs*)
                0x00000000c001453c                gpFault(regs*, void*)
                0x00000000c0014575                pgFault(regs*, void*)
                0x00000000c001458c                otherISRHandler(regs*, void*)
                0x00000000c00145ab                opcodeFault(regs*, void*)
                0x00000000c0014615                displayProgramFault(char const*)
                0x00000000c001463e                InterruptController::convertLegacyIRQNumber(int)
                0x00000000c0014688                setupInterruptController()
 *fill*         0x00000000c00148e3        0x1 
 .text          0x00000000c00148e4      0x604 hal/keybrd.32
                0x00000000c00148e4                startGUI(void*)
                0x00000000c0014952                sendKeyToTerminal(unsigned char)
                0x00000000c00149be                sendKeyboardToken(KeyboardToken)
                0x00000000c0014d99                clearInternalKeybuffer(VgaText*)
                0x00000000c0014dce                readKeyboard(VgaText*, char*, unsigned long)
                0x00000000c0014e5e                Keyboard::Keyboard(char const*)
                0x00000000c0014e5e                Keyboard::Keyboard(char const*)
                0x00000000c0014e9a                Keyboard::~Keyboard()
                0x00000000c0014e9a                Keyboard::~Keyboard()
                0x00000000c0014ebe                Keyboard::~Keyboard()
 .text          0x00000000c0014ee8      0x400 hal/logidisk.32
                0x00000000c0014ee8                LogicalDisk::close(int, int, void*)
                0x00000000c0014eec                LogicalDisk::~LogicalDisk()
                0x00000000c0014eec                LogicalDisk::~LogicalDisk()
                0x00000000c0014f10                LogicalDisk::~LogicalDisk()
                0x00000000c0014f3a                LogicalDisk::open(int, int, void*)
                0x00000000c0014f4e                LogicalDisk::absoluteToRelative(unsigned long long)
                0x00000000c0014f86                LogicalDisk::relativeToAbsolute(unsigned long long)
                0x00000000c0014fcc                LogicalDisk::LogicalDisk(char const*, PhysicalDisk*, unsigned long long, unsigned long long)
                0x00000000c0014fcc                LogicalDisk::LogicalDisk(char const*, PhysicalDisk*, unsigned long long, unsigned long long)
                0x00000000c0015082                LogicalDisk::assignDriveLetter()
                0x00000000c0015138                LogicalDisk::mount()
                0x00000000c00151aa                LogicalDisk::unmount()
                0x00000000c00151ba                LogicalDisk::unassignDriveLetter()
                0x00000000c0015210                LogicalDisk::read(unsigned long long, int, void*)
                0x00000000c001527c                LogicalDisk::write(unsigned long long, int, void*)
 .text          0x00000000c00152e8       0x84 hal/mouse.32
                0x00000000c00152e8                Mouse::Mouse(char const*)
                0x00000000c00152e8                Mouse::Mouse(char const*)
                0x00000000c001531e                Mouse::~Mouse()
                0x00000000c001531e                Mouse::~Mouse()
                0x00000000c0015342                Mouse::~Mouse()
 .text          0x00000000c001536c      0x339 hal/partition.32
                0x00000000c001536c                makePartition(PhysicalDisk*, unsigned long long, unsigned long long)
                0x00000000c0015414                createPartitionsForDisk(PhysicalDisk*)
 *fill*         0x00000000c00156a5        0x1 
 .text          0x00000000c00156a6      0x2e7 hal/timer.32
                0x00000000c00156a6                Timer::Timer(char const*)
                0x00000000c00156a6                Timer::Timer(char const*)
                0x00000000c00156dc                Timer::~Timer()
                0x00000000c00156dc                Timer::~Timer()
                0x00000000c0015700                Timer::~Timer()
                0x00000000c001572a                Timer::read()
                0x00000000c0015735                timerHandler(unsigned long long)
                0x00000000c001586c                setupTimer(int)
 *fill*         0x00000000c001598d        0x1 
 .text          0x00000000c001598e      0x2d1 hal/vcache.32
                0x00000000c001598e                VCache::VCache(PhysicalDisk*)
                0x00000000c001598e                VCache::VCache(PhysicalDisk*)
                0x00000000c0015a7e                VCache::writeWriteBuffer()
                0x00000000c0015aba                VCache::~VCache()
                0x00000000c0015aba                VCache::~VCache()
                0x00000000c0015afa                VCache::~VCache()
                0x00000000c0015b22                VCache::write(unsigned long long, int, void*)
                0x00000000c0015c06                VCache::read(unsigned long long, int, void*)
 *fill*         0x00000000c0015c5f        0x1 
 .text          0x00000000c0015c60      0x26d hal/video.32
                0x00000000c0015c60                Video::putrect(int, int, int, int, unsigned int)
                0x00000000c0015caa                Video::blit(unsigned int*, int, int, int, int)
                0x00000000c0015d28                Video::clearScreen(unsigned int)
                0x00000000c0015d5c                Video::putpixel(int, int, unsigned int)
                0x00000000c0015d6a                Video::Video(char const*)
                0x00000000c0015d6a                Video::Video(char const*)
                0x00000000c0015da0                Video::~Video()
                0x00000000c0015da0                Video::~Video()
                0x00000000c0015dc4                Video::~Video()
                0x00000000c0015dee                Video::isMonochrome()
                0x00000000c0015dfa                Video::getWidth()
                0x00000000c0015e06                Video::getHeight()
                0x00000000c0015e12                Video::drawCursor(int, int, unsigned char*, int)
 *fill*         0x00000000c0015ecd        0x1 
 .text          0x00000000c0015ece      0xc56 hw/acpi.32
                0x00000000c0015ece                ACPI::close(int, int, void*)
                0x00000000c0015f83                findRSDP()
                0x00000000c001600d                loadACPITables(unsigned char*)
                0x00000000c0016234                findRSDT(unsigned char*)
                0x00000000c0016352                findDataTable(unsigned char*, char*)
                0x00000000c00163ee                scanMADT()
                0x00000000c0016782                ACPI::ACPI()
                0x00000000c0016782                ACPI::ACPI()
                0x00000000c00167e2                ACPI::getPCIIRQAssignment(unsigned char, unsigned short, unsigned char)
                0x00000000c00168c4                ACPI::registerPCIIRQAssignment(void*, unsigned short, unsigned char, unsigned char)
                0x00000000c001698a                ACPI::setScreenBrightnessLevel(void*, int)
                0x00000000c0016990                ACPI::writeSimpleBootFlag(SimpleBootFlagTable*)
                0x00000000c00169d8                ACPI::open(int, int, void*)
                0x00000000c0016b0c                ACPI::sleep()
 .text          0x00000000c0016b24     0x132c hw/cpu.32
                0x00000000c0016b24                CPU::close(int, int, void*)
                0x00000000c0016b27                lookupAMDCPUName(unsigned char, unsigned char)
                0x00000000c0016cbb                lookupIntelCPUName(unsigned char, unsigned char)
                0x00000000c0016f69                AMD_K6_write_msr(unsigned int, unsigned int, unsigned int, REGS*)
                0x00000000c0016f85                AMD_K6_read_msr(unsigned int, REGS*)
                0x00000000c0016f9d                AMD_K6_writeback(int, int, int)
                0x00000000c0017010                cpuid(int, unsigned long*, unsigned long*, unsigned long*, unsigned long*)
                0x00000000c0017093                cpuidCheckEDX(unsigned int)
                0x00000000c00170c0                cpuidCheckECX(unsigned int)
                0x00000000c00170ed                cpuidCheckExtendedEBX(unsigned int)
                0x00000000c001711a                cpuidCheckExtendedECX(unsigned int)
                0x00000000c0017147                getCPUNumber()
                0x00000000c001714a                thisCPU()
                0x00000000c001715e                CPU::CPU()
                0x00000000c001715e                CPU::CPU()
                0x00000000c00171ec                CPU::displayFeatures()
                0x00000000c00171ee                CPU::detectFeatures()
                0x00000000c0017be0                CPU::setupSMEP()
                0x00000000c0017bfa                CPU::setupUMIP()
                0x00000000c0017c12                CPU::setupTSC()
                0x00000000c0017c2a                CPU::setupLargePages()
                0x00000000c0017c42                CPU::setupPAT()
                0x00000000c0017c7e                CPU::setupMTRR()
                0x00000000c0017c80                CPU::setupGlobalPages()
                0x00000000c0017c96                CPU::allowUsermodeDataAccess()
                0x00000000c0017ca8                CPU::prohibitUsermodeDataAccess()
                0x00000000c0017cba                CPU::setupSMAP()
                0x00000000c0017ce0                CPU::setupFeatures()
                0x00000000c0017d82                CPU::open(int, int, void*)
 .text          0x00000000c0017e50        0x0 hw/ports.32
 .text          0x00000000c0017e50      0x503 registry/registry.32
                0x00000000c0017e50                Reg::findLineFromLoadedData(char*, char*, char*)
                0x00000000c0017fa8                Reg::getLineFromRegistry(char*, char*, char*, char*)
                0x00000000c0018107                Reg::getLine(char*, char*, char*)
                0x00000000c001813e                Reg::readInt(char*, char*, int*)
                0x00000000c0018229                Reg::readString(char*, char*, char*, int)
                0x00000000c00182aa                Reg::readBool(char*, char*, bool*)
                0x00000000c00182cf                Reg::readBoolWithDefault(char*, char*, bool)
                0x00000000c00182fb                Reg::readIntWithDefault(char*, char*, int)
                0x00000000c0018327                Reg::readStringWithDefault(char*, char*, char*, int, char*)
 .text          0x00000000c0018353       0x18 syscalls/sc_exit.32
                0x00000000c0018353                Sys::exit(regs*)
 .text          0x00000000c001836b       0x68 syscalls/sc_read.32
                0x00000000c001836b                Sys::read(regs*)
 .text          0x00000000c00183d3       0x55 syscalls/sc_sbrk.32
                0x00000000c00183d3                Sys::sbrk(regs*)
 .text          0x00000000c0018428       0x68 syscalls/sc_write.32
                0x00000000c0018428                Sys::write(regs*)
 .text          0x00000000c0018490       0x1a syscalls/sc_yield.32
                0x00000000c0018490                Sys::yield(regs*)
 .text          0x00000000c00184aa      0x8bf vm86/vm8086.32
                0x00000000c00184aa                vm8086EntryPoint(void*)
                0x00000000c00184d5                inbv(unsigned short)
                0x00000000c00184db                outbv(unsigned short, unsigned char)
                0x00000000c00184e5                realToLinear(unsigned short, unsigned short)
                0x00000000c00184f5                getSegment(unsigned int)
                0x00000000c00184fd                getOffset(unsigned int)
                0x00000000c0018502                loadVM8086FileAsThread(Process*, char const*, unsigned short, unsigned short, unsigned short, unsigned short)
                0x00000000c0018631                vm8086DoISR(regs*, int, unsigned char*, unsigned short, unsigned short)
                0x00000000c00186bb                readByteFromReal(unsigned short, unsigned short)
                0x00000000c00186cc                readWordFromReal(unsigned short, unsigned short)
                0x00000000c00186de                readDwordFromReal(unsigned short, unsigned short)
                0x00000000c00186ef                writeByteFromReal(unsigned short, unsigned short, unsigned char)
                0x00000000c0018704                writeWordFromReal(unsigned short, unsigned short, unsigned short)
                0x00000000c001871a                writeDwordFromReal(unsigned short, unsigned short, unsigned int)
                0x00000000c001872f                vm8086FaultHandler(regs*)
 *fill*         0x00000000c0018d69        0x1 
 .text          0x00000000c0018d6a     0x1088 fs/fat/vfslink.32
                0x00000000c0018d6a                FAT::getName()
                0x00000000c0018d70                FAT::tell(void*, unsigned long long*)
                0x00000000c0018da4                FAT::stat(void*, unsigned long long*)
                0x00000000c0018dd8                FAT::exists(char const*)
                0x00000000c0018ddc                FAT::~FAT()
                0x00000000c0018ddc                FAT::~FAT()
                0x00000000c0018e00                FAT::~FAT()
                0x00000000c0018e28                FAT::getlabel(LogicalDisk*, int, char*, unsigned int*)
                0x00000000c0018ec6                FAT::setlabel(LogicalDisk*, int, char*)
                0x00000000c0018f80                FAT::format(LogicalDisk*, int, char const*, int)
                0x00000000c0019164                FAT::tryMount(LogicalDisk*, int)
                0x00000000c001936a                FAT::readDir(void*, unsigned long, void*, int*)
                0x00000000c0019472                FAT::read(void*, unsigned long, void*, int*)
                0x00000000c00194cc                FAT::write(void*, unsigned long, void*, int*)
                0x00000000c0019526                FAT::close(void*)
                0x00000000c0019572                FAT::closeDir(void*)
                0x00000000c00195be                FAT::seek(void*, unsigned long long)
                0x00000000c0019612                fatWrapperReadDisk
                0x00000000c0019659                fatWrapperWriteDisk
                0x00000000c00196a0                fatWrapperIoctl
                0x00000000c00197a4                FAT::FAT()
                0x00000000c00197a4                FAT::FAT()
                0x00000000c00197f6                FAT::fixFilepath(char*)
                0x00000000c001982e                FAT::open(char const*, void**, FileOpenMode)
                0x00000000c0019956                FAT::openDir(char const*, void**)
                0x00000000c00199fc                FAT::stat(char const*, unsigned long long*, bool*)
                0x00000000c0019ae6                FAT::unlink(char const*)
                0x00000000c0019b60                FAT::chfatattr(char const*, unsigned char, unsigned char)
                0x00000000c0019cb4                FAT::rename(char const*, char const*)
                0x00000000c0019d78                FAT::mkdir(char const*)
 .text          0x00000000c0019df2      0xbdf fs/iso9660/vfslink.32
                0x00000000c0019df2                ISO9660::format(LogicalDisk*, int, char const*, int)
                0x00000000c0019df8                ISO9660::seek(void*, unsigned long long)
                0x00000000c0019e28                ISO9660::tell(void*, unsigned long long*)
                0x00000000c0019e4c                ISO9660::getName()
                0x00000000c0019e52                ISO9660::stat(void*, unsigned long long*)
                0x00000000c0019e76                ISO9660::chfatattr(char const*, unsigned char, unsigned char)
                0x00000000c0019e7c                ISO9660::unlink(char const*)
                0x00000000c0019e82                ISO9660::write(void*, unsigned long, void*, int*)
                0x00000000c0019e88                ISO9660::rename(char const*, char const*)
                0x00000000c0019e8e                ISO9660::mkdir(char const*)
                0x00000000c0019e94                ISO9660::close(void*)
                0x00000000c0019eb6                ISO9660::closeDir(void*)
                0x00000000c0019ed8                ISO9660::~ISO9660()
                0x00000000c0019ed8                ISO9660::~ISO9660()
                0x00000000c0019efc                ISO9660::~ISO9660()
                0x00000000c0019f23                __memmem(unsigned char*, int, unsigned char*, int)
                0x00000000c0019f65                readSectorFromCDROM(unsigned int, unsigned char*, char)
                0x00000000c0019fcc                ISO9660::tryMount(LogicalDisk*, int)
                0x00000000c001a01c                ISO9660::read(void*, unsigned long, void*, int*)
                0x00000000c001a260                ISO9660::readDir(void*, unsigned long, void*, int*)
                0x00000000c001a4ee                readRoot(unsigned int*, unsigned int*, char)
                0x00000000c001a543                readRecursively(char*, unsigned int, unsigned int, unsigned int*, unsigned int*, char, int*)
                0x00000000c001a716                getFileData(char*, unsigned int*, unsigned int*, char, int*)
                0x00000000c001a7a4                ISO9660::open(char const*, void**, FileOpenMode)
                0x00000000c001a83e                ISO9660::exists(char const*)
                0x00000000c001a862                ISO9660::stat(char const*, unsigned long long*, bool*)
                0x00000000c001a8f6                ISO9660::openDir(char const*, void**)
                0x00000000c001a9ae                ISO9660::ISO9660()
                0x00000000c001a9ae                ISO9660::ISO9660()
 *fill*         0x00000000c001a9d1        0x1 
 .text          0x00000000c001a9d2      0x244 hal/sound/sndchannel.32
                0x00000000c001a9d2                SoundChannel::~SoundChannel()
                0x00000000c001a9d2                SoundChannel::~SoundChannel()
                0x00000000c001a9ee                SoundChannel::setSpeed(float)
                0x00000000c001a9fa                SoundChannel::getSpeed()
                0x00000000c001aa02                SoundChannel::setVolume(int)
                0x00000000c001aa1e                SoundChannel::getVolume()
                0x00000000c001aa26                SoundChannel::pause()
                0x00000000c001aa30                SoundChannel::SoundChannel(int, int, int, int)
                0x00000000c001aa30                SoundChannel::SoundChannel(int, int, int, int)
                0x00000000c001ab26                SoundChannel::play()
                0x00000000c001ab30                SoundChannel::paused()
                0x00000000c001ab38                SoundChannel::getSampleRate()
                0x00000000c001ab40                SoundChannel::getBits()
                0x00000000c001ab48                SoundChannel::getBufferUsed()
                0x00000000c001ab50                SoundChannel::getBufferSize()
                0x00000000c001ab58                SoundChannel::unbuffer(float*, int, int)
                0x00000000c001abca                SoundChannel::buffer8(unsigned char*, int)
 .text          0x00000000c001ac16      0x317 hal/sound/sndhw.32
                0x00000000c001ac16                SoundDevice::SoundDevice(char const*)
                0x00000000c001ac16                SoundDevice::SoundDevice(char const*)
                0x00000000c001ac82                SoundDevice::~SoundDevice()
                0x00000000c001ac82                SoundDevice::~SoundDevice()
                0x00000000c001acfc                SoundDevice::~SoundDevice()
                0x00000000c001ad26                SoundDevice::getFreeChannelNum()
                0x00000000c001ad40                SoundDevice::addChannel(SoundChannel*)
                0x00000000c001adb0                SoundDevice::removeChannel(int)
                0x00000000c001ade2                SoundDevice::floatTo8(float*, unsigned char*, int)
                0x00000000c001ae4e                SoundDevice::getAudio(int, float*, float*)
 .text          0x00000000c001af2d        0x0 hw/bus/isa.32
 *fill*         0x00000000c001af2d        0x1 
 .text          0x00000000c001af2e      0x6e5 hw/bus/pci.32
                0x00000000c001af2e                PCI::open(int, int, void*)
                0x00000000c001af42                PCI::close(int, int, void*)
                0x00000000c001af46                PCI::PCI()
                0x00000000c001af46                PCI::PCI()
                0x00000000c001afc6                PCI::pciReadWord(unsigned char, unsigned char, unsigned char, unsigned char)
                0x00000000c001b00e                PCI::getVendorID(unsigned char, unsigned char, unsigned char)
                0x00000000c001b030                PCI::getHeaderType(unsigned char, unsigned char, unsigned char)
                0x00000000c001b054                PCI::getClassCode(unsigned char, unsigned char, unsigned char)
                0x00000000c001b098                PCI::getProgIF(unsigned char, unsigned char, unsigned char)
                0x00000000c001b0bc                PCI::getRevisionID(unsigned char, unsigned char, unsigned char)
                0x00000000c001b0de                PCI::getInterruptNumber(unsigned char, unsigned char, unsigned char)
                0x00000000c001b100                PCI::getSecondaryBus(unsigned char, unsigned char, unsigned char)
                0x00000000c001b124                PCI::getBARAddress(unsigned char, unsigned char, unsigned char, unsigned char)
                0x00000000c001b184                PCI::pciWriteWord(unsigned char, unsigned char, unsigned char, unsigned char, unsigned short)
                0x00000000c001b1f0                PCI::checkBus(unsigned char)
                0x00000000c001b214                PCI::foundDevice(PCIDeviceInfo)
                0x00000000c001b384                PCI::getDeviceData(unsigned char, unsigned char, unsigned char)
                0x00000000c001b554                PCI::checkDevice(unsigned char, unsigned char)
                0x00000000c001b5c0                PCI::detect()
 *fill*         0x00000000c001b613        0x1 
 .text          0x00000000c001b614      0x4b9 hw/clock/rtc.32
                0x00000000c001b614                RTC::open(int, int, void*)
                0x00000000c001b618                RTC::close(int, int, void*)
                0x00000000c001b61c                RTC::timeInSecondsUTC()
                0x00000000c001b62e                RTC::setTimeInDatetimeUTC(datetime_t)
                0x00000000c001b632                RTC::timeInDatetimeUTC()
                0x00000000c001b658                RTC::setTimeInSecondsUTC(unsigned long long)
                0x00000000c001b696                RTC::~RTC()
                0x00000000c001b696                RTC::~RTC()
                0x00000000c001b6ba                RTC::~RTC()
                0x00000000c001b6e4                RTC::get_update_in_progress_flag()
                0x00000000c001b6fc                RTC::completeRTCRefresh()
                0x00000000c001b9e8                rtcIRQHandler(regs*, void*)
                0x00000000c001ba2e                RTC::RTC()
                0x00000000c001ba2e                RTC::RTC()
 *fill*         0x00000000c001bacd        0x1 
 .text          0x00000000c001bace      0xc70 hw/diskctrl/ide.32
                0x00000000c001bace                IDE::close(int, int, void*)
                0x00000000c001bad2                IDE::IDE()
                0x00000000c001bad2                IDE::IDE()
                0x00000000c001bb06                IDE::prepareInterrupt(unsigned char)
                0x00000000c001bb18                selectDrive(unsigned char, unsigned char)
                0x00000000c001bb1a                IDE::getBase(unsigned char)
                0x00000000c001bb2c                IDE::write(unsigned char, unsigned char, unsigned char)
                0x00000000c001bbec                IDE::read(unsigned char, unsigned char)
                0x00000000c001bc9a                IDE::waitInterrupt(unsigned char)
                0x00000000c001bd00                ideChannel0IRQHandler(regs*, void*)
                0x00000000c001bd1c                ideChannel1IRQHandler(regs*, void*)
                0x00000000c001bd38                IDE::enableIRQs(unsigned char, bool)
                0x00000000c001bd7e                IDE::open(int, int, void*)
                0x00000000c001c18e                IDE::readBuffer(unsigned char, unsigned char, unsigned int, unsigned int)
                0x00000000c001c25a                IDE::detect()
                0x00000000c001c542                IDE::printError(unsigned char, unsigned char, unsigned char)
                0x00000000c001c6d8                IDE::polling(unsigned char, unsigned int)
 .text          0x00000000c001c73e      0x62b hw/diskphys/ata.32
                0x00000000c001c73e                ATA::close(int, int, void*)
                0x00000000c001c762                ATA::powerSaving(PowerSavingLevel)
                0x00000000c001c764                ATA::ATA()
                0x00000000c001c764                ATA::ATA()
                0x00000000c001c792                ATA::flush(bool)
                0x00000000c001c7dc                ATA::readyForCommand()
                0x00000000c001c82c                ATA::access(unsigned long long, int, void*, bool)
                0x00000000c001cbaa                ATA::read(unsigned long long, int, void*)
                0x00000000c001cc12                ATA::write(unsigned long long, int, void*)
                0x00000000c001cc7a                ATA::detectCHS()
                0x00000000c001cca4                ATA::open(int, int, void*)
 *fill*         0x00000000c001cd69        0x1 
 .text          0x00000000c001cd6a      0x5b3 hw/diskphys/atapi.32
                0x00000000c001cd6a                ATAPI::write(unsigned long long, int, void*)
                0x00000000c001cd70                ATAPI::close(int, int, void*)
                0x00000000c001cd94                ATAPI::ATAPI()
                0x00000000c001cd94                ATAPI::ATAPI()
                0x00000000c001cdc2                ATAPI::readyForCommand()
                0x00000000c001ce12                ATAPI::sendPacket(unsigned char*, int, bool, unsigned short*, int)
                0x00000000c001d0d2                ATAPI::diskRemoved()
                0x00000000c001d0ee                ATAPI::eject()
                0x00000000c001d134                ATAPI::diskInserted()
                0x00000000c001d162                ATAPI::detectMedia()
                0x00000000c001d21e                ATAPI::open(int, int, void*)
                0x00000000c001d29e                ATAPI::read(unsigned long long, int, void*)
 *fill*         0x00000000c001d31d        0x1 
 .text          0x00000000c001d31e       0x8e hw/fpu/avx.32
                0x00000000c001d31e                AVX::open(int, int, void*)
                0x00000000c001d330                AVX::close(int, int, void*)
                0x00000000c001d342                AVX::available()
                0x00000000c001d354                AVX::save(void*)
                0x00000000c001d36c                AVX::load(void*)
                0x00000000c001d384                AVX::AVX()
                0x00000000c001d384                AVX::AVX()
 .text          0x00000000c001d3ac       0x90 hw/fpu/mmx.32
                0x00000000c001d3ac                MMX::available()
                0x00000000c001d3c0                MMX::open(int, int, void*)
                0x00000000c001d3d2                MMX::close(int, int, void*)
                0x00000000c001d3e4                MMX::save(void*)
                0x00000000c001d3fc                MMX::load(void*)
                0x00000000c001d414                MMX::MMX()
                0x00000000c001d414                MMX::MMX()
 .text          0x00000000c001d43c       0x96 hw/fpu/sse.32
                0x00000000c001d43c                SSE::open(int, int, void*)
                0x00000000c001d44e                SSE::close(int, int, void*)
                0x00000000c001d460                SSE::available()
                0x00000000c001d47a                SSE::save(void*)
                0x00000000c001d492                SSE::load(void*)
                0x00000000c001d4aa                SSE::SSE()
                0x00000000c001d4aa                SSE::SSE()
 .text          0x00000000c001d4d2       0x8e hw/fpu/x87.32
                0x00000000c001d4d2                x87::open(int, int, void*)
                0x00000000c001d4e4                x87::close(int, int, void*)
                0x00000000c001d4f6                x87::available()
                0x00000000c001d508                x87::save(void*)
                0x00000000c001d520                x87::load(void*)
                0x00000000c001d538                x87::x87()
                0x00000000c001d538                x87::x87()
 .text          0x00000000c001d560      0x5f3 hw/intctrl/apic.32
                0x00000000c001d560                APIC::disable()
                0x00000000c001d562                APIC::close(int, int, void*)
                0x00000000c001d584                IOAPIC::close(int, int, void*)
                0x00000000c001d58a                APIC::io_wait()
                0x00000000c001d590                APIC::getBase()
                0x00000000c001d5d2                APIC::eoi(unsigned char)
                0x00000000c001d600                APIC::open(int, int, void*)
                0x00000000c001d6ba                IOAPIC::IOAPIC()
                0x00000000c001d6ba                IOAPIC::IOAPIC()
                0x00000000c001d6e2                APIC::APIC()
                0x00000000c001d6e2                APIC::APIC()
                0x00000000c001d7b2                IOAPIC::handlesGSIWithNumber(unsigned int)
                0x00000000c001d7e4                IOAPIC::read(int)
                0x00000000c001d80c                IOAPIC::open(int, int, void*)
                0x00000000c001d902                IOAPIC::write(int, int)
                0x00000000c001d92e                IOAPIC::redirect(unsigned char, unsigned long long, unsigned char)
                0x00000000c001d9e8                APIC::installIRQHandler(int, void (*)(regs*, void*), bool, void*)
 *fill*         0x00000000c001db53        0x1 
 .text          0x00000000c001db54      0x3d3 hw/intctrl/pic.32
                0x00000000c001db54                PIC::disable()
                0x00000000c001db82                PIC::close(int, int, void*)
                0x00000000c001dba4                PIC::PIC()
                0x00000000c001dba4                PIC::PIC()
                0x00000000c001dc7a                PIC::ioWait()
                0x00000000c001dc80                PIC::getIRQReg(int)
                0x00000000c001dcea                PIC::eoi(unsigned char)
                0x00000000c001dd7c                PIC::remap()
                0x00000000c001dee8                PIC::open(int, int, void*)
 *fill*         0x00000000c001df27        0x1 
 .text          0x00000000c001df28      0x252 hw/timer/apictimer.32
                0x00000000c001df28                APICTimer::close(int, int, void*)
                0x00000000c001df2e                apicTimerHandler(regs*, void*)
                0x00000000c001df5c                APICTimer::write(int)
                0x00000000c001e05a                APICTimer::open(int, int, void*)
                0x00000000c001e152                APICTimer::APICTimer()
                0x00000000c001e152                APICTimer::APICTimer()
 .text          0x00000000c001e17a      0x1a7 hw/timer/pit.32
                0x00000000c001e17a                PIT::write(int)
                0x00000000c001e1f8                pitHandler(regs*, void*)
                0x00000000c001e224                PIT::open(int, int, void*)
                0x00000000c001e272                PIT::close(int, int, void*)
                0x00000000c001e2a2                PIT::PIT()
                0x00000000c001e2a2                PIT::PIT()
 *fill*         0x00000000c001e321        0xf 
 .text          0x00000000c001e330        0xa hw/fpu/x86/avx.32
                0x00000000c001e330                avxDetect
                0x00000000c001e336                avxSave
                0x00000000c001e337                avxLoad
                0x00000000c001e338                avxInit
                0x00000000c001e339                avxClose
 *fill*         0x00000000c001e33a        0x6 
 .text          0x00000000c001e340       0x38 hw/fpu/x86/sse.32
                0x00000000c001e340                sseDetect
                0x00000000c001e35b                sseSave
                0x00000000c001e361                sseLoad
                0x00000000c001e367                sseInit
                0x00000000c001e377                sseClose
 *fill*         0x00000000c001e378        0x8 
 .text          0x00000000c001e380       0x47 hw/fpu/x86/x87.32
                0x00000000c001e386                x87Detect
                0x00000000c001e3a1                x87Save
                0x00000000c001e3a7                x87Load
                0x00000000c001e3ac                x87Init
                0x00000000c001e3c6                x87Close
 *fill*         0x00000000c001e3c7        0x1 
 .text          0x00000000c001e3c8       0x25 /cygdrive/d/Users/Alex/Desktop/Toolchain/Output/bin/../lib/gcc/i386-banana/8.1.0/crtend.o
 .text          0x00000000c001e3ed        0x0 crtn.32
 *fill*         0x00000000c001e3ed        0x3 
 .text          0x00000000c001e3f0      0x14b /cygdrive/d/Users/Alex/Desktop/Toolchain/Output/bin/../lib/gcc/i386-banana/8.1.0/libgcc.a(_divdi3.o)
                0x00000000c001e3f0                __divdi3
 *fill*         0x00000000c001e53b        0x1 
 .text          0x00000000c001e53c      0x17e /cygdrive/d/Users/Alex/Desktop/Toolchain/Output/bin/../lib/gcc/i386-banana/8.1.0/libgcc.a(_moddi3.o)
                0x00000000c001e53c                __moddi3
 *fill*         0x00000000c001e6ba        0x2 
 .text          0x00000000c001e6bc       0xff /cygdrive/d/Users/Alex/Desktop/Toolchain/Output/bin/../lib/gcc/i386-banana/8.1.0/libgcc.a(_udivdi3.o)
                0x00000000c001e6bc                __udivdi3
 *fill*         0x00000000c001e7bb        0x1 
 .text          0x00000000c001e7bc      0x11a /cygdrive/d/Users/Alex/Desktop/Toolchain/Output/bin/../lib/gcc/i386-banana/8.1.0/libgcc.a(_umoddi3.o)
                0x00000000c001e7bc                __umoddi3
 *fill*         0x00000000c001e8d6        0xa 
 .text          0x00000000c001e8e0       0x1e D:/Users/Alex/Desktop/Banana/kernel/libk/libm32.a(s_fabs.c.o)
                0x00000000c001e8e0                fabs
 *fill*         0x00000000c001e8fe        0x2 
 .text          0x00000000c001e900        0xc D:/Users/Alex/Desktop/Banana/kernel/libk/libm32.a(s_lrint.S.o)
                0x00000000c001e900                lrint
 .text          0x00000000c001e90c        0xc D:/Users/Alex/Desktop/Banana/kernel/libk/libm32.a(s_lrintf.S.o)
                0x00000000c001e90c                lrintf
 *(.gnu.linkonce.t*)

.iplt           0x00000000c001e918        0x0
 .iplt          0x00000000c001e918        0x0 D:/Users/Alex/Desktop/Banana/kernel/boot.32

.init           0x00000000c001e918        0xf
 .init          0x00000000c001e918        0x3 crti.32
                0x00000000c001e918                _init
 .init          0x00000000c001e91b        0x5 /cygdrive/d/Users/Alex/Desktop/Toolchain/Output/bin/../lib/gcc/i386-banana/8.1.0/crtbegin.o
 .init          0x00000000c001e920        0x5 /cygdrive/d/Users/Alex/Desktop/Toolchain/Output/bin/../lib/gcc/i386-banana/8.1.0/crtend.o
 .init          0x00000000c001e925        0x2 crtn.32

.fini           0x00000000c001e927        0xa
 .fini          0x00000000c001e927        0x3 crti.32
                0x00000000c001e927                _fini
 .fini          0x00000000c001e92a        0x5 /cygdrive/d/Users/Alex/Desktop/Toolchain/Output/bin/../lib/gcc/i386-banana/8.1.0/crtbegin.o
 .fini          0x00000000c001e92f        0x2 crtn.32

.text._ZN8ComputerD2Ev
                0x00000000c001e932       0x23
 .text._ZN8ComputerD2Ev
                0x00000000c001e932       0x23 core/computer.32
                0x00000000c001e932                Computer::~Computer()
                0x00000000c001e932                Computer::~Computer()

.text._ZN8ComputerD0Ev
                0x00000000c001e956       0x2a
 .text._ZN8ComputerD0Ev
                0x00000000c001e956       0x2a core/computer.32
                0x00000000c001e956                Computer::~Computer()

.text._Z10idleCommonv
                0x00000000c001e980       0x15
 .text._Z10idleCommonv
                0x00000000c001e980       0x15 core/idle.32
                0x00000000c001e980                idleCommon()

.text._ZN3CPU7readCR0Ev
                0x00000000c001e995       0x12
 .text._ZN3CPU7readCR0Ev
                0x00000000c001e995       0x12 core/kconsole.32
                0x00000000c001e995                CPU::readCR0()

.text._ZN3CPU7readCR2Ev
                0x00000000c001e9a7       0x12
 .text._ZN3CPU7readCR2Ev
                0x00000000c001e9a7       0x12 core/kconsole.32
                0x00000000c001e9a7                CPU::readCR2()

.text._ZN3CPU7readCR3Ev
                0x00000000c001e9b9       0x12
 .text._ZN3CPU7readCR3Ev
                0x00000000c001e9b9       0x12 core/kconsole.32
                0x00000000c001e9b9                CPU::readCR3()

.text._ZN3CPU7readCR4Ev
                0x00000000c001e9cb       0x12
 .text._ZN3CPU7readCR4Ev
                0x00000000c001e9cb       0x12 core/kconsole.32
                0x00000000c001e9cb                CPU::readCR4()

.text._ZN3CPU8writeCR3Em
                0x00000000c001e9dd        0x9
 .text._ZN3CPU8writeCR3Em
                0x00000000c001e9dd        0x9 core/kheap.32
                0x00000000c001e9dd                CPU::writeCR3(unsigned long)

.text._ZN10LinkedListIV18ThreadControlBlockED2Ev
                0x00000000c001e9e6        0x2
 .text._ZN10LinkedListIV18ThreadControlBlockED2Ev
                0x00000000c001e9e6        0x2 core/prcssthr.32
                0x00000000c001e9e6                LinkedList<ThreadControlBlock volatile>::~LinkedList()
                0x00000000c001e9e6                LinkedList<ThreadControlBlock volatile>::~LinkedList()

.text._ZN18ThreadControlBlockC2Ev
                0x00000000c001e9e8       0x3e
 .text._ZN18ThreadControlBlockC2Ev
                0x00000000c001e9e8       0x3e core/prcssthr.32
                0x00000000c001e9e8                ThreadControlBlock::ThreadControlBlock()
                0x00000000c001e9e8                ThreadControlBlock::ThreadControlBlock()

.text._ZN10LinkedListIV18ThreadControlBlockEC2Ev
                0x00000000c001ea26       0x58
 .text._ZN10LinkedListIV18ThreadControlBlockEC2Ev
                0x00000000c001ea26       0x58 core/prcssthr.32
                0x00000000c001ea26                LinkedList<ThreadControlBlock volatile>::LinkedList()
                0x00000000c001ea26                LinkedList<ThreadControlBlock volatile>::LinkedList()

.text._ZN10LinkedListIV18ThreadControlBlockE10addElementEPS1_
                0x00000000c001ea7e       0xd3
 .text._ZN10LinkedListIV18ThreadControlBlockE10addElementEPS1_
                0x00000000c001ea7e       0xd3 core/prcssthr.32
                0x00000000c001ea7e                LinkedList<ThreadControlBlock volatile>::addElement(ThreadControlBlock volatile*)

.text._ZN10LinkedListIV18ThreadControlBlockE7isEmptyEv
                0x00000000c001eb52       0x1c
 .text._ZN10LinkedListIV18ThreadControlBlockE7isEmptyEv
                0x00000000c001eb52       0x1c core/prcssthr.32
                0x00000000c001eb52                LinkedList<ThreadControlBlock volatile>::isEmpty()

.text._ZN10LinkedListIV18ThreadControlBlockE11removeFirstEv
                0x00000000c001eb6e       0xae
 .text._ZN10LinkedListIV18ThreadControlBlockE11removeFirstEv
                0x00000000c001eb6e       0xae core/prcssthr.32
                0x00000000c001eb6e                LinkedList<ThreadControlBlock volatile>::removeFirst()

.text._ZN10LinkedListIV18ThreadControlBlockE15getFirstElementEv
                0x00000000c001ec1c        0x7
 .text._ZN10LinkedListIV18ThreadControlBlockE15getFirstElementEv
                0x00000000c001ec1c        0x7 core/prcssthr.32
                0x00000000c001ec1c                LinkedList<ThreadControlBlock volatile>::getFirstElement()

.text._ZN10LinkedListIV18ThreadControlBlockE7getNextEPS1_
                0x00000000c001ec24        0x8
 .text._ZN10LinkedListIV18ThreadControlBlockE7getNextEPS1_
                0x00000000c001ec24        0x8 core/prcssthr.32
                0x00000000c001ec24                LinkedList<ThreadControlBlock volatile>::getNext(ThreadControlBlock volatile*)

.text._ZN10LinkedListI8UnixFileED2Ev
                0x00000000c001ec2c        0x2
 .text._ZN10LinkedListI8UnixFileED2Ev
                0x00000000c001ec2c        0x2 core/unixfile.32
                0x00000000c001ec2c                LinkedList<UnixFile>::~LinkedList()
                0x00000000c001ec2c                LinkedList<UnixFile>::~LinkedList()

.text._ZN10LinkedListI8UnixFileEC2Ev
                0x00000000c001ec2e       0x58
 .text._ZN10LinkedListI8UnixFileEC2Ev
                0x00000000c001ec2e       0x58 core/unixfile.32
                0x00000000c001ec2e                LinkedList<UnixFile>::LinkedList()
                0x00000000c001ec2e                LinkedList<UnixFile>::LinkedList()

.text._ZN10LinkedListI8UnixFileE15getFirstElementEv
                0x00000000c001ec86        0x7
 .text._ZN10LinkedListI8UnixFileE15getFirstElementEv
                0x00000000c001ec86        0x7 core/unixfile.32
                0x00000000c001ec86                LinkedList<UnixFile>::getFirstElement()

.text._ZN10LinkedListI8UnixFileE11removeFirstEv
                0x00000000c001ec8e       0xa1
 .text._ZN10LinkedListI8UnixFileE11removeFirstEv
                0x00000000c001ec8e       0xa1 core/unixfile.32
                0x00000000c001ec8e                LinkedList<UnixFile>::removeFirst()

.text._ZN10LinkedListI8UnixFileE7getNextEPS0_
                0x00000000c001ed30        0x8
 .text._ZN10LinkedListI8UnixFileE7getNextEPS0_
                0x00000000c001ed30        0x8 core/unixfile.32
                0x00000000c001ed30                LinkedList<UnixFile>::getNext(UnixFile*)

.text._ZN10LinkedListI8UnixFileE10addElementEPS0_
                0x00000000c001ed38      0x130
 .text._ZN10LinkedListI8UnixFileE10addElementEPS0_
                0x00000000c001ed38      0x130 core/unixfile.32
                0x00000000c001ed38                LinkedList<UnixFile>::addElement(UnixFile*)

.text._ZN16DriverlessDeviceD2Ev
                0x00000000c001ee68       0x1a
 .text._ZN16DriverlessDeviceD2Ev
                0x00000000c001ee68       0x1a hal/device.32
                0x00000000c001ee68                DriverlessDevice::~DriverlessDevice()
                0x00000000c001ee68                DriverlessDevice::~DriverlessDevice()

.text._ZN16DriverlessDeviceD0Ev
                0x00000000c001ee82       0x2a
 .text._ZN16DriverlessDeviceD0Ev
                0x00000000c001ee82       0x2a hal/device.32
                0x00000000c001ee82                DriverlessDevice::~DriverlessDevice()

.text._ZN10LinkedListI6DeviceE10addElementEPS0_
                0x00000000c001eeac       0xdc
 .text._ZN10LinkedListI6DeviceE10addElementEPS0_
                0x00000000c001eeac       0xdc hal/device.32
                0x00000000c001eeac                LinkedList<Device>::addElement(Device*)

.text._ZN10LinkedListI6DeviceEC2Ev
                0x00000000c001ef88       0x58
 .text._ZN10LinkedListI6DeviceEC2Ev
                0x00000000c001ef88       0x58 hal/device.32
                0x00000000c001ef88                LinkedList<Device>::LinkedList()
                0x00000000c001ef88                LinkedList<Device>::LinkedList()

.text._ZN3CPU7readDR0Ev
                0x00000000c001efe0       0x12
 .text._ZN3CPU7readDR0Ev
                0x00000000c001efe0       0x12 hal/intctrl.32
                0x00000000c001efe0                CPU::readDR0()

.text._ZN3CPU7readDR1Ev
                0x00000000c001eff2       0x12
 .text._ZN3CPU7readDR1Ev
                0x00000000c001eff2       0x12 hal/intctrl.32
                0x00000000c001eff2                CPU::readDR1()

.text._ZN3CPU7readDR2Ev
                0x00000000c001f004       0x12
 .text._ZN3CPU7readDR2Ev
                0x00000000c001f004       0x12 hal/intctrl.32
                0x00000000c001f004                CPU::readDR2()

.text._ZN3CPU7readDR3Ev
                0x00000000c001f016       0x12
 .text._ZN3CPU7readDR3Ev
                0x00000000c001f016       0x12 hal/intctrl.32
                0x00000000c001f016                CPU::readDR3()

.text._ZN3CPU7readDR6Ev
                0x00000000c001f028       0x12
 .text._ZN3CPU7readDR6Ev
                0x00000000c001f028       0x12 hal/intctrl.32
                0x00000000c001f028                CPU::readDR6()

.text._ZN3CPU7readDR7Ev
                0x00000000c001f03a       0x12
 .text._ZN3CPU7readDR7Ev
                0x00000000c001f03a       0x12 hal/intctrl.32
                0x00000000c001f03a                CPU::readDR7()

.text._ZN4ACPID2Ev
                0x00000000c001f04c       0x23
 .text._ZN4ACPID2Ev
                0x00000000c001f04c       0x23 hw/acpi.32
                0x00000000c001f04c                ACPI::~ACPI()
                0x00000000c001f04c                ACPI::~ACPI()

.text._ZN4ACPID0Ev
                0x00000000c001f070       0x2a
 .text._ZN4ACPID0Ev
                0x00000000c001f070       0x2a hw/acpi.32
                0x00000000c001f070                ACPI::~ACPI()

.text._ZN3CPUD2Ev
                0x00000000c001f09a       0x23
 .text._ZN3CPUD2Ev
                0x00000000c001f09a       0x23 hw/cpu.32
                0x00000000c001f09a                CPU::~CPU()
                0x00000000c001f09a                CPU::~CPU()

.text._ZN3CPUD0Ev
                0x00000000c001f0be       0x2a
 .text._ZN3CPUD0Ev
                0x00000000c001f0be       0x2a hw/cpu.32
                0x00000000c001f0be                CPU::~CPU()

.text._ZN3CPU8writeDR7Em
                0x00000000c001f0e8        0x9
 .text._ZN3CPU8writeDR7Em
                0x00000000c001f0e8        0x9 hw/cpu.32
                0x00000000c001f0e8                CPU::writeDR7(unsigned long)

.text._ZN3CPU8writeCR4Em
                0x00000000c001f0f1        0x9
 .text._ZN3CPU8writeCR4Em
                0x00000000c001f0f1        0x9 hw/cpu.32
                0x00000000c001f0f1                CPU::writeCR4(unsigned long)

.text._ZN3PCID2Ev
                0x00000000c001f0fa       0x23
 .text._ZN3PCID2Ev
                0x00000000c001f0fa       0x23 hw/bus/pci.32
                0x00000000c001f0fa                PCI::~PCI()