Archive member included to satisfy reference by file (symbol)

/cygdrive/d/Users/Alex/Desktop/Toolchain/Output/bin/../lib/gcc/i386-banana/8.1.0/libkgcc.a(_divdi3.o)
                              fs/fat/ff.32 (__divdi3)
/cygdrive/d/Users/Alex/Desktop/Toolchain/Output/bin/../lib/gcc/i386-banana/8.1.0/libkgcc.a(_moddi3.o)
                              compat/resolve.32 (__moddi3)
/cygdrive/d/Users/Alex/Desktop/Toolchain/Output/bin/../lib/gcc/i386-banana/8.1.0/libkgcc.a(_udivdi3.o)
                              fs/fat/ff.32 (__udivdi3)
/cygdrive/d/Users/Alex/Desktop/Toolchain/Output/bin/../lib/gcc/i386-banana/8.1.0/libkgcc.a(_umoddi3.o)
                              compat/resolve.32 (__umoddi3)

Discarded input sections

 .comment       0x0000000000000000       0x12 /cygdrive/d/Users/Alex/Desktop/Toolchain/Output/bin/../lib/gcc/i386-banana/8.1.0/crtbegin.o
 .comment       0x0000000000000000       0x12 acpica/utclib.32
 .comment       0x0000000000000000       0x12 core/malloc.32
 .comment       0x0000000000000000       0x12 libk/string.32
 .comment       0x0000000000000000       0x12 fs/fat/diskio.32
 .comment       0x0000000000000000       0x12 fs/fat/ff.32
 .comment       0x0000000000000000       0x12 fs/fat/ffsystem.32
 .comment       0x0000000000000000       0x12 fs/fat/ffunicode.32
 .comment       0x0000000000000000       0x12 compat/inlines.32
 .comment       0x0000000000000000       0x12 compat/resolve.32
 .group         0x0000000000000000       0x14 core/computer.32
 .group         0x0000000000000000        0xc core/computer.32
 .comment       0x0000000000000000       0x12 core/computer.32
 .comment       0x0000000000000000       0x12 core/gdt.32
 .group         0x0000000000000000        0xc core/idle.32
 .comment       0x0000000000000000       0x12 core/idle.32
 .comment       0x0000000000000000       0x12 core/idt.32
 .comment       0x0000000000000000       0x12 core/kheap.32
 .comment       0x0000000000000000       0x12 core/main.32
 .comment       0x0000000000000000       0x12 core/physmgr.32
 .group         0x0000000000000000        0xc core/pipe.32
 .comment       0x0000000000000000       0x12 core/pipe.32
 .group         0x0000000000000000        0xc core/terminal.32
 .comment       0x0000000000000000       0x12 core/terminal.32
 .comment       0x0000000000000000       0x12 core/tss.32
 .group         0x0000000000000000        0x8 core/unixfile.32
 .group         0x0000000000000000        0x8 core/unixfile.32
 .group         0x0000000000000000        0xc core/unixfile.32
 .group         0x0000000000000000        0x8 core/unixfile.32
 .group         0x0000000000000000        0xc core/unixfile.32
 .group         0x0000000000000000        0x8 core/unixfile.32
 .group         0x0000000000000000        0xc core/unixfile.32
 .group         0x0000000000000000        0xc core/unixfile.32
 .comment       0x0000000000000000       0x12 core/unixfile.32
 .comment       0x0000000000000000       0x12 core/virtmgr.32
 .comment       0x0000000000000000       0x12 coreobjs/c++.32
 .comment       0x0000000000000000       0x12 dbg/kconsole.32
 .group         0x0000000000000000        0xc fs/vfs.32
 .group         0x0000000000000000        0xc fs/vfs.32
 .group         0x0000000000000000        0xc fs/vfs.32
 .comment       0x0000000000000000       0x12 fs/vfs.32
 .group         0x0000000000000000        0xc hal/bus.32
 .comment       0x0000000000000000       0x12 hal/bus.32
 .group         0x0000000000000000        0xc hal/buzzer.32
 .comment       0x0000000000000000       0x12 hal/buzzer.32
 .group         0x0000000000000000        0xc hal/clock.32
 .comment       0x0000000000000000       0x12 hal/clock.32
 .group         0x0000000000000000       0x14 hal/device.32
 .group         0x0000000000000000        0xc hal/device.32
 .group         0x0000000000000000        0x8 hal/device.32
 .group         0x0000000000000000        0xc hal/device.32
 .group         0x0000000000000000        0xc hal/device.32
 .comment       0x0000000000000000       0x12 hal/device.32
 .group         0x0000000000000000        0xc hal/diskctrl.32
 .comment       0x0000000000000000       0x12 hal/diskctrl.32
 .group         0x0000000000000000        0xc hal/diskphys.32
 .comment       0x0000000000000000       0x12 hal/diskphys.32
 .group         0x0000000000000000        0xc hal/fpu.32
 .comment       0x0000000000000000       0x12 hal/fpu.32
 .group         0x0000000000000000        0xc hal/intctrl.32
 .comment       0x0000000000000000       0x12 hal/intctrl.32
 .group         0x0000000000000000        0xc hal/keybrd.32
 .comment       0x0000000000000000       0x12 hal/keybrd.32
 .group         0x0000000000000000        0xc hal/logidisk.32
 .comment       0x0000000000000000       0x12 hal/logidisk.32
 .group         0x0000000000000000        0xc hal/mouse.32
 .comment       0x0000000000000000       0x12 hal/mouse.32
 .comment       0x0000000000000000       0x12 hal/partition.32
 .group         0x0000000000000000        0xc hal/serial.32
[...]
Memory Configuration

Name             Origin             Length             Attributes
*default*        0x0000000000000000 0xffffffffffffffff

Linker script and memory map

LOAD D:/Users/Alex/Desktop/Banana/kernel/boot.32
LOAD crti.32
LOAD /cygdrive/d/Users/Alex/Desktop/Toolchain/Output/bin/../lib/gcc/i386-banana/8.1.0/crtbegin.o
LOAD D:/Users/Alex/Desktop/Banana/kernel/morenasm.32
LOAD acpica/utclib.32
LOAD core/malloc.32
LOAD libk/string.32
LOAD fs/fat/diskio.32
LOAD fs/fat/ff.32
LOAD fs/fat/ffsystem.32
LOAD fs/fat/ffunicode.32
LOAD compat/inlines.32
LOAD compat/resolve.32
LOAD core/computer.32
LOAD core/gdt.32
LOAD core/idle.32
LOAD core/idt.32
LOAD core/kheap.32
LOAD core/main.32
LOAD core/physmgr.32
LOAD core/pipe.32
LOAD core/terminal.32
LOAD core/tss.32
LOAD core/unixfile.32
LOAD core/virtmgr.32
LOAD coreobjs/c++.32
LOAD dbg/kconsole.32
LOAD fs/vfs.32
LOAD hal/bus.32
LOAD hal/buzzer.32
LOAD hal/clock.32
LOAD hal/device.32
LOAD hal/diskctrl.32
LOAD hal/diskphys.32
LOAD hal/fpu.32
LOAD hal/intctrl.32
LOAD hal/keybrd.32
LOAD hal/logidisk.32
LOAD hal/mouse.32
LOAD hal/partition.32
LOAD hal/serial.32
LOAD hal/timer.32
LOAD hal/vcache.32
LOAD hal/video.32
LOAD hw/acpi.32
LOAD hw/cpu.32
LOAD hw/ports.32
LOAD hw/smp.32
LOAD krnl/env.32
LOAD krnl/panic.32
LOAD krnl/powctrl.32
LOAD krnl/rand.32
LOAD net/ethernet.32
LOAD reg/registry.32
LOAD sys/sc_eject.32
LOAD sys/sc_exit.32
LOAD sys/sc_getcwd.32
LOAD sys/sc_getpid.32
LOAD sys/sc_getramdata.32
LOAD sys/sc_getvgaptr.32
LOAD sys/sc_loaddll.32
LOAD sys/sc_read.32
LOAD sys/sc_sbrk.32
LOAD sys/sc_setcwd.32
LOAD sys/sc_settime.32
LOAD sys/sc_timezone.32
LOAD sys/sc_write.32
LOAD sys/sc_wsbe.32
LOAD sys/sc_yield.32
LOAD sys/syscalls.32
LOAD thr/elf.32
LOAD thr/prcssthr.32
LOAD vm86/vm8086.32
LOAD vm86/x87em.32
LOAD fs/fat/vfslink.32
LOAD fs/iso9660/vfslink.32
LOAD hal/sound/sndcard.32
LOAD hal/sound/sndport.32
LOAD hw/bus/isa.32
LOAD hw/bus/pci.32
LOAD hw/diskctrl/ide.32
LOAD hw/diskctrl/satabus.32
LOAD hw/diskphys/ata.32
LOAD hw/diskphys/atapi.32
LOAD hw/diskphys/sata.32
LOAD hw/diskphys/satapi.32
LOAD hw/fpu/avx.32
LOAD hw/fpu/mmx.32
LOAD hw/fpu/sse.32
LOAD hw/fpu/x87.32
LOAD hw/intctrl/apic.32
LOAD hw/intctrl/pic.32
LOAD hw/timer/apictimer.32
LOAD hw/timer/pit.32
LOAD hw/fpu/x86/avx.32
LOAD hw/fpu/x86/sse.32
LOAD hw/fpu/x86/x87.32
LOAD /cygdrive/d/Users/Alex/Desktop/Toolchain/Output/bin/../lib/gcc/i386-banana/8.1.0/crtend.o
LOAD crtn.32
LOAD /cygdrive/d/Users/Alex/Desktop/Toolchain/Output/bin/../lib/gcc/i386-banana/8.1.0/libkgcc.a
LOAD D:/Users/Alex/Desktop/Banana/kernel/libsoftfp.a
LOAD D:/Users/Alex/Desktop/Banana/kernel/libk/libm32.a
                0x00000000c0000000                . = 0xc0000000

.text           0x00000000c0000000    0x231ba
 *(.text)
 .text          0x00000000c0000000       0x41 D:/Users/Alex/Desktop/Banana/kernel/boot.32
                0x00000000c0000020                callGlobalConstructors
 .text          0x00000000c0000041        0x0 crti.32
 *fill*         0x00000000c0000041        0x3 
 .text          0x00000000c0000044      0x101 /cygdrive/d/Users/Alex/Desktop/Toolchain/Output/bin/../lib/gcc/i386-banana/8.1.0/crtbegin.o
 *fill*         0x00000000c0000145        0xb 
 .text          0x00000000c0000150      0x440 D:/Users/Alex/Desktop/Banana/kernel/morenasm.32
                0x00000000c0000150                manualPCIProbe
                0x00000000c000019b                prepareTramp
                0x00000000c00001b4                doTPAUSE
                0x00000000c00001be                hasLegacyFPU
                0x00000000c00001e3                is486
                0x00000000c0000219                getRDRAND
                0x00000000c0000229                detectCPUID
                0x00000000c000023f                goToVM86
                0x00000000c000026f                goToUsermode
                0x00000000c0000299                switchToThreadASMFirstTime
                0x00000000c00002a7                switchToThreadASM
                0x00000000c0000337                asmQuickAcquireLock
                0x00000000c0000355                asmQuickReleaseLock
                0x00000000c0000361                asmAcquireLock
                0x00000000c0000382                asmReleaseLock
                0x00000000c0000395                loadGDT
                0x00000000c00003b5                isr0
                0x00000000c00003c5                isr1
                0x00000000c00003cf                isr2
                0x00000000c00003d9                isr3
                0x00000000c00003e3                isr4
                0x00000000c00003ed                isr5
                0x00000000c00003f7                isr6
                0x00000000c0000401                isr7
                0x00000000c000040b                isr8
                0x00000000c0000413                isr9
                0x00000000c000041d                isr10
                0x00000000c0000425                isr11
                0x00000000c000042d                isr12
                0x00000000c0000435                isr13
                0x00000000c000043d                isr14
                0x00000000c0000445                isr15
                0x00000000c000044f                isr16
                0x00000000c0000459                isr17
                0x00000000c0000463                isr18
                0x00000000c000046d                irq3
                0x00000000c0000477                irq4
                0x00000000c0000481                irq5
                0x00000000c000048b                irq6
                0x00000000c0000495                irq7
                0x00000000c000049f                irq8
                0x00000000c00004a9                irq9
                0x00000000c00004b3                irq10
                0x00000000c00004bd                irq11
                0x00000000c00004c7                irq12
                0x00000000c00004d1                irq13
                0x00000000c00004db                irq14
                0x00000000c00004e5                irq15
                0x00000000c00004ef                irq1
                0x00000000c00004f6                irq2
                0x00000000c00004fd                isr96
                0x00000000c0000504                irq0
                0x00000000c0000509                int_common_stub
                0x00000000c0000509                syscall_common_stub
                0x00000000c000053b                irq16
                0x00000000c0000545                irq17
                0x00000000c000054f                irq18
                0x00000000c0000559                irq19
                0x00000000c0000563                irq20
                0x00000000c000056d                irq21
                0x00000000c0000577                irq22
                0x00000000c0000581                irq23
                0x00000000c000058b                memcpy
 .text          0x00000000c0000590      0x5dd acpica/utclib.32
                0x00000000c0000590                memcmp
                0x00000000c00005cc                memmove
                0x00000000c0000694                memset
                0x00000000c00006b0                strlen
                0x00000000c00006c8                strpbrk
                0x00000000c0000704                strtok
                0x00000000c0000750                strcpy
                0x00000000c0000774                strncpy
                0x00000000c00007dc                strcmp
                0x00000000c000081c                strchr
                0x00000000c0000840                strncmp
                0x00000000c0000890                strcat
                0x00000000c00008c0                strncat
                0x00000000c00008fc                strstr
                0x00000000c0000944                toupper
                0x00000000c0000958                tolower
                0x00000000c000096c                simple_strtoul
 .text          0x00000000c0000b6d      0xfad core/malloc.32
                0x00000000c0000cd8                dlfree
                0x00000000c0001033                dlmalloc
                0x00000000c0001570                dlrealloc
                0x00000000c0001713                dlmemalign
                0x00000000c0001836                dlcalloc
                0x00000000c00018d0                dlcfree
                0x00000000c00018d5                dlindependent_calloc
                0x00000000c00018fa                dlindependent_comalloc
                0x00000000c0001911                dlvalloc
                0x00000000c000193c                dlpvalloc
                0x00000000c0001972                dlmalloc_trim
                0x00000000c000197f                dlmalloc_usable_size
                0x00000000c00019b0                dlmallinfo
                0x00000000c0001a7f                dlmalloc_stats
                0x00000000c0001a90                dlmallopt
 .text          0x00000000c0001b1a        0x0 libk/string.32
 .text          0x00000000c0001b1a       0x51 fs/fat/diskio.32
                0x00000000c0001b1a                disk_status
                0x00000000c0001b1d                disk_initialize
                0x00000000c0001b20                disk_read
                0x00000000c0001b36                disk_write
                0x00000000c0001b4c                disk_ioctl
 .text          0x00000000c0001b6b     0x6a69 fs/fat/ff.32
                0x00000000c0004e39                f_mount
                0x00000000c0004e9b                f_open
                0x00000000c00052d7                f_read
                0x00000000c0005557                f_write
                0x00000000c0005811                f_sync
                0x00000000c00059ed                f_close
                0x00000000c0005a1c                f_lseek
                0x00000000c0005ed3                f_opendir
                0x00000000c0005fd5                f_closedir
                0x00000000c0005ff7                f_readdir
                0x00000000c0006092                f_stat
                0x00000000c0006121                f_getfree
                0x00000000c00062ec                f_truncate
                0x00000000c00063e4                f_unlink
                0x00000000c0006567                f_mkdir
                0x00000000c0006793                f_rename
                0x00000000c0006a86                f_chmod
                0x00000000c0006b64                f_utime
                0x00000000c0006c42                f_getlabel
                0x00000000c0006e30                f_setlabel
                0x00000000c000709d                f_expand
                0x00000000c00072d3                f_forward
                0x00000000c00074b1                f_mkfs
 .text          0x00000000c00085d4       0x2f fs/fat/ffsystem.32
                0x00000000c00085d4                ff_memalloc
                0x00000000c00085ec                ff_memfree
 *fill*         0x00000000c0008603        0x1 
 .text          0x00000000c0008604      0x274 fs/fat/ffunicode.32
                0x00000000c0008604                ff_uni2oem
                0x00000000c000869c                ff_oem2uni
                0x00000000c0008710                ff_wtoupper
 .text          0x00000000c0008878       0xa7 compat/inlines.32
                0x00000000c0008878                CPU::current()
                0x00000000c0008884                operator new(unsigned long)
                0x00000000c0008889                operator delete(void*)
                0x00000000c000888e                disableIRQs()
                0x00000000c0008896                enableIRQs()
                0x00000000c00088a5                lockScheduler()
                0x00000000c00088ad                unlockScheduler()
                0x00000000c00088bc                lockStuff()
                0x00000000c00088ca                unlockStuff()
                0x00000000c0008904                Virt::getAKernelVAS()
                0x00000000c000890a                __not_memcpy
 *fill*         0x00000000c000891f        0x1 
 .text          0x00000000c0008920      0x118 compat/resolve.32
                0x00000000c0008920                Krnl::resolveCompatibilitySymbol(char*)
 .text          0x00000000c0008a38      0xb95 core/computer.32
                0x00000000c0008a38                Computer::close(int, int, void*)
                0x00000000c0008a7c                Krnl::firstTask()
                0x00000000c0008bd0                Computer::Computer()
                0x00000000c0008bd0                Computer::Computer()
                0x00000000c0008d2c                Computer::setBootMessage(char const*)
                0x00000000c0008d2e                Computer::detectFeatures()
                0x00000000c0008f38                Computer::displayFeatures()
                0x00000000c000927e                Computer::rdmsr(unsigned int)
                0x00000000c00092aa                Computer::wrmsr(unsigned int, unsigned long long)
                0x00000000c00092e2                Computer::shutdown()
                0x00000000c00092fa                Computer::restart()
                0x00000000c0009312                Computer::sleep()
                0x00000000c0009326                Computer::nmiEnabled()
                0x00000000c0009332                Computer::readCMOS(unsigned char)
                0x00000000c000934c                Computer::enableNMI(bool)
                0x00000000c0009364                Computer::open(int, int, void*)
                0x00000000c0009510                Computer::disableNMI()
                0x00000000c000951e                Computer::writeCMOS(unsigned char, unsigned char)
                0x00000000c000953c                Computer::handleNMI()
                0x00000000c00095a2                Computer::setDiskActivityLight(int, bool)
 *fill*         0x00000000c00095cd        0x1 
 .text          0x00000000c00095ce      0x19d core/gdt.32
                0x00000000c00095ce                GDTEntry::setBase(unsigned int)
                0x00000000c00095ea                GDTEntry::setLimit(unsigned int)
                0x00000000c0009608                GDT::GDT()
                0x00000000c0009608                GDT::GDT()
                0x00000000c000961e                GDT::addEntry(GDTEntry)
                0x00000000c0009640                GDT::getNumberOfEntries()
                0x00000000c0009648                GDT::flush()
                0x00000000c000966a                GDT::setup()
 .text          0x00000000c000976b       0x6b core/idle.32
                0x00000000c000976b                idleFunction(void*)
 *fill*         0x00000000c00097d6        0x2 
 .text          0x00000000c00097d8      0x464 core/idt.32
                0x00000000c00097d8                IDTEntry::IDTEntry(bool)
                0x00000000c00097d8                IDTEntry::IDTEntry(bool)
                0x00000000c000984a                IDTEntry::setOffset(unsigned int)
                0x00000000c0009860                IDT::IDT()
                0x00000000c0009860                IDT::IDT()
                0x00000000c0009862                IDT::getPointerToInvalidOpcodeEntryForF00F()
                0x00000000c000986a                IDT::addEntry(IDTEntry, int)
                0x00000000c0009884                IDT::addEntry(int, void (*)(), bool)
                0x00000000c00098bc                IDT::flush()
                0x00000000c00098d6                IDT::setup()
 .text          0x00000000c0009c3c      0x191 core/kheap.32
                0x00000000c0009c3c                sbrk
                0x00000000c0009cdf                mmap
                0x00000000c0009cf5                munmap
                0x00000000c0009d0b                liballoc_lock()
                0x00000000c0009d18                liballoc_unlock()
                0x00000000c0009d2c                liballoc_alloc(int)
                0x00000000c0009d44                liballoc_free(void*, int)
                0x00000000c0009d5f                realloc
                0x00000000c0009d73                malloc
                0x00000000c0009d83                free
                0x00000000c0009d93                rfree
                0x00000000c0009da3                calloc
 .text          0x00000000c0009dcd      0x437 core/main.32
                0x00000000c0009dcd                Krnl::setBootMessage(char const*)
                0x00000000c0009e39                kernel_main
 .text          0x00000000c000a204      0x673 core/physmgr.32
                0x00000000c000a204                Phys::allocateDMA(unsigned long)
                0x00000000c000a313                Phys::freeDMA(unsigned long, unsigned long)
                0x00000000c000a359                Phys::setPageState(unsigned long, bool)
                0x00000000c000a38b                Phys::getPageState(unsigned long)
                0x00000000c000a3a7                Phys::freePage(unsigned long)
                0x00000000c000a42a                Phys::allocatePage()
                0x00000000c000a515                Phys::allocateContiguousPages(int)
                0x00000000c000a571                Phys::allowSegmentToBeUsed(unsigned long, unsigned long)
                0x00000000c000a5a9                Phys::physicalMemorySetup(unsigned int)
 *fill*         0x00000000c000a877        0x1 
 .text          0x00000000c000a878      0x273 core/pipe.32
                0x00000000c000a878                Pipe::isAtty()
                0x00000000c000a87c                Pipe::~Pipe()
                0x00000000c000a87c                Pipe::~Pipe()
                0x00000000c000a8a0                Pipe::~Pipe()
                0x00000000c000a8c8                Pipe::read(unsigned long long, void*, int*)
                0x00000000c000a9c4                Pipe::write(unsigned long long, void*, int*)
                0x00000000c000aa84                Pipe::Pipe(int)
                0x00000000c000aa84                Pipe::Pipe(int)
 *fill*         0x00000000c000aaeb        0x1 
 .text          0x00000000c000aaec      0xb8f core/terminal.32
                0x00000000c000aaec                VgaText::isAtty()
                0x00000000c000aaf0                VgaText::~VgaText()
                0x00000000c000aaf0                VgaText::~VgaText()
                0x00000000c000ab14                VgaText::~VgaText()
                0x00000000c000ab3e                VgaText::read(unsigned long long, void*, int*)
                0x00000000c000ab5e                setTerminalScrollLock(bool)
                0x00000000c000ab5f                addToTerminalCycle(VgaText*)
                0x00000000c000ab80                installVgaTextImplementation()
                0x00000000c000ab95                scrollTerminalScrollLock(int)
                0x00000000c000ab96                VgaText::updateTitle()
                0x00000000c000abd4                VgaText::load()
                0x00000000c000ac22                VgaText::updateCursor()
                0x00000000c000ac38                VgaText::doANSI_SGR(int)
                0x00000000c000acac                VgaText::setDefaultBgColour(VgaColour)
                0x00000000c000acbc                VgaText::setDefaultFgColour(VgaColour)
                0x00000000c000accc                VgaText::setDefaultColours(VgaColour, VgaColour)
                0x00000000c000acec                VgaText::setTitleTextColour(VgaColour)
                0x00000000c000acfc                VgaText::setTitleColour(VgaColour)
                0x00000000c000ad0c                VgaText::setTitle(char*)
                0x00000000c000ad32                VgaText::combineColours(unsigned char, unsigned char)
                0x00000000c000ad44                VgaText::scrollScreen()
                0x00000000c000add8                VgaText::combineCharAndColour(char, unsigned char)
                0x00000000c000adea                VgaText::writeCharacter(char, VgaColour, VgaColour, int, int)
                0x00000000c000ae46                VgaText::getCursorX()
                0x00000000c000ae4e                VgaText::getCursorY()
                0x00000000c000ae56                VgaText::setCursor(int, int)
                0x00000000c000ae6d                setActiveTerminal(VgaText*)
                0x00000000c000aecf                doTerminalCycle()
                0x00000000c000aeea                VgaText::setCursorX(int)
                0x00000000c000af02                VgaText::setCursorY(int)
                0x00000000c000af1a                VgaText::incrementCursor(bool)
                0x00000000c000af6e                VgaText::decrementCursor(bool)
                0x00000000c000af90                VgaText::putchar(char, VgaColour, VgaColour)
                0x00000000c000b068                VgaText::doUpdate()
                0x00000000c000b076                VgaText::puts(char const*, VgaColour, VgaColour)
                0x00000000c000b1ee                VgaText::clearScreen()
                0x00000000c000b248                VgaText::putchar(char)
                0x00000000c000b334                VgaText::putx(unsigned int)
                0x00000000c000b37a                VgaText::puts(char const*)
                0x00000000c000b3a0                VgaText::VgaText(char const*)
                0x00000000c000b3a0                VgaText::VgaText(char const*)
                0x00000000c000b51c                VgaText::receiveKey(unsigned char)
                0x00000000c000b602                VgaText::write(unsigned long long, void*, int*)
                0x00000000c000b656                newTerminal(char*)
 *fill*         0x00000000c000b67b        0x1 
 .text          0x00000000c000b67c      0x1a1 core/tss.32
                0x00000000c000b67c                TSS::TSS()
                0x00000000c000b67c                TSS::TSS()
                0x00000000c000b68c                TSS::setESP(unsigned long)
                0x00000000c000b6a0                TSS::flush()
                0x00000000c000b6c0                TSS::setup(unsigned long, unsigned long)
 *fill*         0x00000000c000b81d        0x1 
 .text          0x00000000c000b81e      0x4c2 core/unixfile.32
                0x00000000c000b81e                ReservedFilename::read(unsigned long long, void*, int*)
                0x00000000c000b874                ReservedFilename::isAtty()
                0x00000000c000b890                ReservedFilename::write(unsigned long long, void*, int*)
                0x00000000c000b8ee                UnixFile::getFileDescriptor()
                0x00000000c000b8f6                UnixFile::UnixFile(int)
                0x00000000c000b8f6                UnixFile::UnixFile(int)
                0x00000000c000baa6                ReservedFilename::ReservedFilename(int)
                0x00000000c000baa6                ReservedFilename::ReservedFilename(int)
                0x00000000c000bad8                UnixFile::~UnixFile()
                0x00000000c000bad8                UnixFile::~UnixFile()
                0x00000000c000bb70                UnixFile::~UnixFile()
                0x00000000c000bb98                ReservedFilename::~ReservedFilename()
                0x00000000c000bb98                ReservedFilename::~ReservedFilename()
                0x00000000c000bbbc                ReservedFilename::~ReservedFilename()
                0x00000000c000bbe3                getFromFileDescriptor(int)
 .text          0x00000000c000bce0     0x1218 core/virtmgr.32
                0x00000000c000bce0                Virt::setPageState(unsigned long, Virt::VirtPageState)
                0x00000000c000bd15                Virt::getPageState(unsigned long)
                0x00000000c000bd39                Virt::allocateKernelVirtualPages(int)
                0x00000000c000be4a                Virt::freeSwapfilePage(unsigned long)
                0x00000000c000be68                Virt::swapIDToSector(unsigned long)
                0x00000000c000be7a                Virt::allocateSwapfilePage()
                0x00000000c000bef8                Virt::virtualMemorySetup()
                0x00000000c000bf43                Virt::setupPageSwapping(int)
                0x00000000c000bfb4                VAS::VAS()
                0x00000000c000bfb4                VAS::VAS()
                0x00000000c000bff0                VAS::VAS(VAS*)
                0x00000000c000bff0                VAS::VAS(VAS*)
                0x00000000c000c01e                VAS::getForeignPageTableEntry(bool, unsigned long)
                0x00000000c000c04a                VAS::getPageTableEntry(unsigned long)
                0x00000000c000c069                Virt::freeKernelVirtualPages(unsigned long)
                0x00000000c000c18c                VAS::freeAllocatedPages(unsigned long)
                0x00000000c000c1b0                VAS::virtualToPhysical(unsigned long)
                0x00000000c000c1c8                VAS::reflagRange(unsigned long, int, int, int)
                0x00000000c000c208                VAS::setToWriteCombining(unsigned long, int)
                0x00000000c000c23a                VAS::mapOtherVASIn(bool, VAS*)
                0x00000000c000c264                VAS::~VAS()
                0x00000000c000c264                VAS::~VAS()
                0x00000000c000c3e0                VAS::mapPage(unsigned long, unsigned long, int)
                0x00000000c000c4e2                VAS::allocatePages(int, int)
                0x00000000c000c6ba                VAS::setCPUSpecific(unsigned long)
                0x00000000c000c6d6                VAS::mapRange(unsigned long, unsigned long, int, int)
                0x00000000c000c79c                VAS::mapForeignPage(bool, VAS*, unsigned long, unsigned long, int)
                0x00000000c000c88a                VAS::VAS(bool)
                0x00000000c000c88a                VAS::VAS(bool)
                0x00000000c000cb0a                VAS::evict(unsigned long)
                0x00000000c000cbda                VAS::tryLoadBackOffDisk(unsigned long)
                0x00000000c000ccee                VAS::scanForEviction()
                0x00000000c000cdcc                mapVASFirstTime
 .text          0x00000000c000cef8       0x95 coreobjs/c++.32
                0x00000000c000cef8                __cxa_atexit
                0x00000000c000cefb                __cxa_finalize
                0x00000000c000cefc                __stack_chk_fail
                0x00000000c000cf68                __cxa_pure_virtual
                0x00000000c000cf79                operator new[](unsigned long)
                0x00000000c000cf7e                operator delete(void*, unsigned long)
                0x00000000c000cf83                operator delete[](void*)
                0x00000000c000cf88                operator delete[](void*, unsigned long)
 .text          0x00000000c000cf8d      0x1fc dbg/kconsole.32
                0x00000000c000cf8d                Dbg::stringifyxWithBase(unsigned int, char*, int)
                0x00000000c000cfe6                Dbg::logc(char)
                0x00000000c000d006                Dbg::logs(char*)
                0x00000000c000d023                Dbg::logWriteInt(unsigned int)
                0x00000000c000d040                Dbg::logWriteIntBase(unsigned int, int)
                0x00000000c000d05f                Dbg::kprintf(char const*, ...)
 *fill*         0x00000000c000d189        0x1 
 .text          0x00000000c000d18a      0xcac fs/vfs.32
                0x00000000c000d18a                File::read(unsigned long long, void*, int*)
                0x00000000c000d1e2                File::write(unsigned long long, void*, int*)
                0x00000000c000d23a                Directory::read(unsigned long long, void*, int*)
                0x00000000c000d292                Directory::write(unsigned long long, void*, int*)
                0x00000000c000d2c0                File::isAtty()
                0x00000000c000d2c4                Directory::isAtty()
                0x00000000c000d2c8                Filesystem::getlabel(LogicalDisk*, int, char*, unsigned int*)
                0x00000000c000d2ce                Filesystem::setlabel(LogicalDisk*, int, char*)
                0x00000000c000d2d4                Filesystem::allocateSwapfile(char const*, int)
                0x00000000c000d2da                File::~File()
                0x00000000c000d2da                File::~File()
                0x00000000c000d2fe                File::~File()
                0x00000000c000d328                Directory::~Directory()
                0x00000000c000d328                Directory::~Directory()
                0x00000000c000d34c                Directory::~Directory()
                0x00000000c000d376                Filesystem::Filesystem()
                0x00000000c000d376                Filesystem::Filesystem()
                0x00000000c000d39a                Filesystem::~Filesystem()
                0x00000000c000d39a                Filesystem::~Filesystem()
                0x00000000c000d3a8                Filesystem::~Filesystem()
                0x00000000c000d3cc                Fs::getcwd(Process*, char*, int)
                0x00000000c000d3f6                Fs::initVFS()
                0x00000000c000d420                Fs::standardiseFiles(char*, char const*, char const*)
                0x00000000c000d5ca                File::File(char const*, Process*)
                0x00000000c000d5ca                File::File(char const*, Process*)
                0x00000000c000d6a4                File::open(FileOpenMode)
                0x00000000c000d702                File::close()
                0x00000000c000d762                File::seek(unsigned long long)
                0x00000000c000d7b8                File::tell(unsigned long long*)
                0x00000000c000d808                File::rewind()
                0x00000000c000d81c                File::unlink()
                0x00000000c000d868                File::rename(char const*)
                0x00000000c000d8b6                File::chfatattr(unsigned char, unsigned char)
                0x00000000c000d912                File::exists()
                0x00000000c000d950                File::stat(unsigned long long*, bool*)
                0x00000000c000d9b1                Fs::setcwd(Process*, char*)
                0x00000000c000db2a                Directory::Directory(char const*, Process*)
                0x00000000c000db2a                Directory::Directory(char const*, Process*)
                0x00000000c000dc04                Directory::open()
                0x00000000c000dc60                Directory::close()
                0x00000000c000dcc0                Directory::unlink()
                0x00000000c000dd0c                Directory::rename(char const*)
                0x00000000c000dd5a                Directory::exists()
                0x00000000c000dd98                Directory::read(dirent*)
                0x00000000c000dde4                Directory::create()
                0x00000000c000de30                Filesystem::chfatattr(char const*, unsigned char, unsigned char)
 *fill*         0x00000000c000de36        0x2 
 .text          0x00000000c000de38       0x86 hal/bus.32
                0x00000000c000de38                Bus::Bus(char const*)
                0x00000000c000de38                Bus::Bus(char const*)
                0x00000000c000de70                Bus::~Bus()
                0x00000000c000de70                Bus::~Bus()
                0x00000000c000de94                Bus::~Bus()
 *fill*         0x00000000c000debe        0x2 
 .text          0x00000000c000dec0      0x153 hal/buzzer.32
                0x00000000c000dec0                Buzzer::Buzzer(char const*)
                0x00000000c000dec0                Buzzer::Buzzer(char const*)
                0x00000000c000df04                Buzzer::~Buzzer()
                0x00000000c000df04                Buzzer::~Buzzer()
                0x00000000c000df28                Buzzer::~Buzzer()
                0x00000000c000df52                Buzzer::stop()
                0x00000000c000df65                beepThread(void*)
                0x00000000c000dfa6                Buzzer::beep(int, int, bool)
 *fill*         0x00000000c000e013        0x1 
 .text          0x00000000c000e014      0x467 hal/clock.32
                0x00000000c000e014                User::loadClockSettings(int)
                0x00000000c000e066                Clock::Clock(char const*)
                0x00000000c000e066                Clock::Clock(char const*)
                0x00000000c000e09c                Clock::~Clock()
                0x00000000c000e09c                Clock::~Clock()
                0x00000000c000e0c0                Clock::~Clock()
                0x00000000c000e0ea                Clock::timeInSecondsLocal()
                0x00000000c000e132                Clock::setTimeInSecondsLocal(unsigned long long)
                0x00000000c000e18b                datetimeToSeconds(datetime_t)
                0x00000000c000e2b2                Clock::setTimeInDatetimeLocal(datetime_t)
                0x00000000c000e312                secondsToDatetime(unsigned long long)
                0x00000000c000e456                Clock::timeInDatetimeLocal()
 *fill*         0x00000000c000e47b        0x1 
 .text          0x00000000c000e47c      0x504 hal/device.32
                0x00000000c000e47c                Device::hibernate()
                0x00000000c000e47e                Device::wake()
                0x00000000c000e480                Device::detect()
                0x00000000c000e482                Device::disableLegacy()
                0x00000000c000e484                Device::powerSaving(PowerSavingLevel)
                0x00000000c000e486                DriverlessDevice::close(int, int, void*)
                0x00000000c000e48a                DriverlessDevice::detect()
                0x00000000c000e48c                DriverlessDevice::open(int, int, void*)
                0x00000000c000e4a0                Device::~Device()
                0x00000000c000e4a0                Device::~Device()
                0x00000000c000e4ae                Device::~Device()
                0x00000000c000e4d6                Device::findAndLoadDriver()
                0x00000000c000e4e4                Device::preOpenPCI(PCIDeviceInfo)
                0x00000000c000e50a                Device::preOpenACPI(void*, char*, char*)
                0x00000000c000e54a                Device::addIRQHandler(int, void (*)(regs*, void*), bool, void*)
                0x00000000c000e588                Device::getParent()
                0x00000000c000e594                Device::removeIRQHandler(int, void (*)(regs*, void*), bool)
                0x00000000c000e5d2                Device::addChild(Device*)
                0x00000000c000e616                Device::removeAllChildren()
                0x00000000c000e65c                Device::hibernateAll()
                0x00000000c000e68c                Device::wakeAll()
                0x00000000c000e6bc                Device::detectAll()
                0x00000000c000e6ec                Device::disableLegacyAll()
                0x00000000c000e71c                Device::loadDriversForAll()
                0x00000000c000e75c                Device::closeAll()
                0x00000000c000e792                Device::powerSavingAll(PowerSavingLevel)
                0x00000000c000e7c8                Device::setName(char const*)
                0x00000000c000e7d6                Device::Device(char const*)
                0x00000000c000e7d6                Device::Device(char const*)
                0x00000000c000e8d2                Device::getName()
                0x00000000c000e8dc                DriverlessDevice::DriverlessDevice(char const*)
                0x00000000c000e8dc                DriverlessDevice::DriverlessDevice(char const*)
                0x00000000c000e912                Device::addToLinkedList(LinkedList<Device>&, DeviceType)
                0x00000000c000e956                getDevicesOfType(DeviceType)
 .text          0x00000000c000e980       0x86 hal/diskctrl.32
                0x00000000c000e980                HardDiskController::HardDiskController(char const*)
                0x00000000c000e980                HardDiskController::HardDiskController(char const*)
                0x00000000c000e9b8                HardDiskController::~HardDiskController()
                0x00000000c000e9b8                HardDiskController::~HardDiskController()
                0x00000000c000e9dc                HardDiskController::~HardDiskController()
 .text          0x00000000c000ea06       0xe2 hal/diskphys.32
                0x00000000c000ea06                PhysicalDisk::eject()
                0x00000000c000ea0a                PhysicalDisk::PhysicalDisk(char const*, int)
                0x00000000c000ea0a                PhysicalDisk::PhysicalDisk(char const*, int)
                0x00000000c000ea72                PhysicalDisk::startCache()
                0x00000000c000ea9a                PhysicalDisk::~PhysicalDisk()
                0x00000000c000ea9a                PhysicalDisk::~PhysicalDisk()
                0x00000000c000eabe                PhysicalDisk::~PhysicalDisk()
 .text          0x00000000c000eae8      0x15f hal/fpu.32
                0x00000000c000eae8                FPU::FPU(char const*)
                0x00000000c000eae8                FPU::FPU(char const*)
                0x00000000c000eb20                FPU::~FPU()
                0x00000000c000eb20                FPU::~FPU()
                0x00000000c000eb44                FPU::~FPU()
                0x00000000c000eb6e                setupFPU()
 *fill*         0x00000000c000ec47        0x1 
 .text          0x00000000c000ec48     0x12cf hal/intctrl.32
                0x00000000c000ec48                InterruptController::uninstallISRHandler(int, void (*)(regs*, void*))
                0x00000000c000ec80                InterruptController::installISRHandler(int, void (*)(regs*, void*), void*)
                0x00000000c000ecd2                doubleFault(regs*, void*)
                0x00000000c000ecec                InterruptController::installIRQHandler(int, void (*)(regs*, void*), bool, void*)
                0x00000000c000ed88                InterruptController::clearAllHandlers(int, bool)
                0x00000000c000ee30                InterruptController::uninstallIRQHandler(int, void (*)(regs*, void*), bool)
                0x00000000c000eeb7                nmiHandler(regs*, void*)
                0x00000000c000eec5                int_handler
                0x00000000c000ef66                InterruptController::InterruptController(char const*)
                0x00000000c000ef66                InterruptController::InterruptController(char const*)
                0x00000000c000f00c                InterruptController::~InterruptController()
                0x00000000c000f00c                InterruptController::~InterruptController()
                0x00000000c000f030                InterruptController::~InterruptController()
                0x00000000c000f05a                displayDebugInfo(regs*)
                0x00000000c000f4e9                x87EmulHandler(regs*, void*)
                0x00000000c000f632                gpFault(regs*, void*)
                0x00000000c000f66b                pgFault(regs*, void*)
                0x00000000c000f6ba                otherISRHandler(regs*, void*)
                0x00000000c000f6d9                opcodeFault(regs*, void*)
                0x00000000c000fab3                displayProgramFault(char const*)
                0x00000000c000fadb                setupInterruptController()
                0x00000000c000feca                InterruptController::convertLegacyIRQNumber(int)
 *fill*         0x00000000c000ff17        0x1 
 .text          0x00000000c000ff18      0x778 hal/keybrd.32
                0x00000000c000ff18                startGUI(void*)
                0x00000000c000ff84                startGUIVESA(void*)
                0x00000000c000fff0                sendKeyToTerminal(unsigned char)
                0x00000000c00100ae                sendKeyboardToken(KeyboardToken)
                0x00000000c00104e0                clearInternalKeybuffer(VgaText*)
                0x00000000c0010515                readKeyboard(VgaText*, char*, unsigned long)
                0x00000000c0010606                Keyboard::Keyboard(char const*)
                0x00000000c0010606                Keyboard::Keyboard(char const*)
                0x00000000c0010642                Keyboard::~Keyboard()
                0x00000000c0010642                Keyboard::~Keyboard()
                0x00000000c0010666                Keyboard::~Keyboard()
 .text          0x00000000c0010690      0x42a hal/logidisk.32
                0x00000000c0010690                LogicalDisk::close(int, int, void*)
                0x00000000c0010694                LogicalDisk::~LogicalDisk()
                0x00000000c0010694                LogicalDisk::~LogicalDisk()
                0x00000000c00106b8                LogicalDisk::~LogicalDisk()
                0x00000000c00106e2                LogicalDisk::open(int, int, void*)
                0x00000000c00106f6                LogicalDisk::absoluteToRelative(unsigned long long)
                0x00000000c001072e                LogicalDisk::relativeToAbsolute(unsigned long long)
                0x00000000c0010774                LogicalDisk::LogicalDisk(char const*, PhysicalDisk*, unsigned long long, unsigned long long)
                0x00000000c0010774                LogicalDisk::LogicalDisk(char const*, PhysicalDisk*, unsigned long long, unsigned long long)
                0x00000000c001082a                LogicalDisk::assignDriveLetter()
                0x00000000c00108e0                LogicalDisk::mount()
                0x00000000c0010968                LogicalDisk::unmount()
                0x00000000c0010978                LogicalDisk::eject()
                0x00000000c001098c                LogicalDisk::unassignDriveLetter()
                0x00000000c00109e2                LogicalDisk::read(unsigned long long, int, void*)
                0x00000000c0010a4e                LogicalDisk::write(unsigned long long, int, void*)
 *fill*         0x00000000c0010aba        0x2 
 .text          0x00000000c0010abc       0x86 hal/mouse.32
                0x00000000c0010abc                Mouse::Mouse(char const*)
                0x00000000c0010abc                Mouse::Mouse(char const*)
                0x00000000c0010af4                Mouse::~Mouse()
                0x00000000c0010af4                Mouse::~Mouse()
                0x00000000c0010b18                Mouse::~Mouse()
 .text          0x00000000c0010b42      0x339 hal/partition.32
                0x00000000c0010b42                makePartition(PhysicalDisk*, unsigned long long, unsigned long long)
                0x00000000c0010bea                createPartitionsForDisk(PhysicalDisk*)
 *fill*         0x00000000c0010e7b        0x1 
 .text          0x00000000c0010e7c       0x86 hal/serial.32
                0x00000000c0010e7c                Serial::Serial(char const*)
                0x00000000c0010e7c                Serial::Serial(char const*)
                0x00000000c0010eb4                Serial::~Serial()
                0x00000000c0010eb4                Serial::~Serial()
                0x00000000c0010ed8                Serial::~Serial()
 *fill*         0x00000000c0010f02        0x2 
 .text          0x00000000c0010f04      0x2f2 hal/timer.32
                0x00000000c0010f04                Timer::Timer(char const*)
                0x00000000c0010f04                Timer::Timer(char const*)
                0x00000000c0010f3c                Timer::~Timer()
                0x00000000c0010f3c                Timer::~Timer()
                0x00000000c0010f60                Timer::~Timer()
                0x00000000c0010f8a                Timer::read()
                0x00000000c0010f95                timerHandler(unsigned int)
                0x00000000c00110fc                setupTimer(int)
 *fill*         0x00000000c00111f6        0x2 
 .text          0x00000000c00111f8      0x43e hal/vcache.32
                0x00000000c00111f8                VCache::VCache(PhysicalDisk*)
                0x00000000c00111f8                VCache::VCache(PhysicalDisk*)
                0x00000000c0011360                VCache::invalidateReadBuffer()
                0x00000000c0011370                VCache::writeWriteBuffer()
                0x00000000c00113bc                VCache::~VCache()
                0x00000000c00113bc                VCache::~VCache()
                0x00000000c0011410                VCache::~VCache()
                0x00000000c0011438                VCache::write(unsigned long long, int, void*)
                0x00000000c0011532                VCache::read(unsigned long long, int, void*)
 .text          0x00000000c0011636      0x4b3 hal/video.32
                0x00000000c0011636                Video::putrect(int, int, int, int, unsigned int)
                0x00000000c0011682                Video::bitblit(int, int, int, int, int, int, int, unsigned int*)
                0x00000000c00116f2                Video::blit(unsigned int*, int, int, int, int)
                0x00000000c0011770                Video::clearScreen(unsigned int)
                0x00000000c00117a4                Video::putpixel(int, int, unsigned int)
                0x00000000c00117b2                Video::Video(char const*)
                0x00000000c00117b2                Video::Video(char const*)
                0x00000000c00117e8                Video::~Video()
                0x00000000c00117e8                Video::~Video()
                0x00000000c001180c                Video::~Video()
                0x00000000c0011836                Video::isMonochrome()
                0x00000000c0011842                Video::getWidth()
                0x00000000c001184e                Video::getHeight()
                0x00000000c001185a                Video::drawCursor(int, int, unsigned char*, int)
                0x00000000c0011916                Video::tgaParse(unsigned char*, int, int*, int*)
                0x00000000c0011a7e                Video::putTGA(int, int, unsigned char*, int)
 *fill*         0x00000000c0011ae9        0x3 
 .text          0x00000000c0011aec     0x1707 hw/acpi.32
                0x00000000c0011aec                ACPI::close(int, int, void*)
                0x00000000c0011ba0                findRSDP()
                0x00000000c0011c74                loadACPITables(unsigned char*)
                0x00000000c0011ed8                findRSDT(unsigned char*)
                0x00000000c0012098                findDataTable(unsigned char*, char*)
                0x00000000c0012110                scanMADT()
                0x00000000c00125ec                ACPI::ACPI()
                0x00000000c00125ec                ACPI::ACPI()
                0x00000000c0012650                ACPI::getPCIIRQAssignment(unsigned char, unsigned short, unsigned char)
                0x00000000c0012738                ACPI::registerPCIIRQAssignment(void*, unsigned short, unsigned char, unsigned char)
                0x00000000c0012800                ACPI::setScreenBrightnessLevel(void*, int)
                0x00000000c0012808                ACPI::detectPCI()
                0x00000000c0012cec                ACPI::writeSimpleBootFlag(SimpleBootFlagTable*)
                0x00000000c0012d34                ACPI::sleep()
                0x00000000c0012d70                ACPI::open(int, int, void*)
 *fill*         0x00000000c00131f3        0x1 
 .text          0x00000000c00131f4     0x1861 hw/cpu.32
                0x00000000c00131f4                CPU::close(int, int, void*)
                0x00000000c00131f8                CPU::lookupAMDName(unsigned char, unsigned char)
                0x00000000c001338c                CPU::lookupIntelName(unsigned char, unsigned char)
                0x00000000c001363a                CPU::AMD_K6_write_msr(unsigned int, unsigned int, unsigned int, CPU::REGS*)
                0x00000000c0013656                CPU::AMD_K6_read_msr(unsigned int, CPU::REGS*)
                0x00000000c001366e                CPU::AMD_K6_writeback(int, int, int)
                0x00000000c00136e2                CPU::cpuid(int, unsigned long*, unsigned long*, unsigned long*, unsigned long*)
                0x00000000c0013766                CPU::cpuidCheckEDX(unsigned int)
                0x00000000c0013794                CPU::cpuidCheckECX(unsigned int)
                0x00000000c00137c2                CPU::cpuidCheckExtendedEBX(unsigned int)
                0x00000000c00137f0                CPU::cpuidCheckExtendedECX(unsigned int)
                0x00000000c001381e                CPU::CPU()
                0x00000000c001381e                CPU::CPU()
                0x00000000c00138ac                CPU::displayFeatures()
                0x00000000c0013b4c                CPU::detectFeatures()
                0x00000000c0014576                CPU::setupSMEP()
                0x00000000c0014582                CPU::setupUMIP()
                0x00000000c001458c                CPU::setupTSC()
                0x00000000c0014596                CPU::setupLargePages()
                0x00000000c00145a0                CPU::setupPAT()
                0x00000000c00145dc                CPU::setupMTRR()
                0x00000000c00145de                CPU::setupGlobalPages()
                0x00000000c00145e8                CPU::allowUsermodeDataAccess()
                0x00000000c00145fa                CPU::prohibitUsermodeDataAccess()
                0x00000000c001460c                CPU::setupSMAP()
                0x00000000c001461a                CPU::setupFeatures()
                0x00000000c00146e6                CPU::open(int, int, void*)
                0x00000000c001485a                CPU::decodeAddress(regs*, int*, bool*, unsigned char*)
 .text          0x00000000c0014a55        0x0 hw/ports.32
 .text          0x00000000c0014a55      0x16a hw/smp.32
                0x00000000c0014a55                Krnl::smpEntry()
                0x00000000c0014a57                Krnl::startCPU(int)
                0x00000000c0014ba0                Krnl::startCPUs()
 *fill*         0x00000000c0014bbf        0x1 
 .text          0x00000000c0014bc0      0x581 krnl/env.32
                0x00000000c0014bc0                EnvVarContainer::getEnv(char const*)
                0x00000000c0014bfe                EnvVarContainer::setEnv(char const*, char const*)
                0x00000000c0014cc0                EnvVarContainer::deleteEnv(char const*)
                0x00000000c0014cc2                EnvVarContainer::loadFrom(char const*, char const*)
                0x00000000c0014ea8                EnvVarContainer::__loadSystem()
                0x00000000c0014ec2                EnvVarContainer::__loadUser()
                0x00000000c0014ec4                EnvVarContainer::EnvVarContainer(Process*)
                0x00000000c0014ec4                EnvVarContainer::EnvVarContainer(Process*)
                0x00000000c0014ee6                EnvVarContainer::~EnvVarContainer()
                0x00000000c0014ee6                EnvVarContainer::~EnvVarContainer()
                0x00000000c0014f16                Krnl::getEnv(Process*, char const*)
                0x00000000c0014f7b                Krnl::setEnvSystem(char const*, char const*)
                0x00000000c0014f95                Krnl::setEnvUser(char const*, char const*)
                0x00000000c0014fb4                Krnl::setEnvProcess(Process*, char const*, char const*)
                0x00000000c0014fc7                Krnl::deleteEnvSystem(char const*)
                0x00000000c0014fc8                Krnl::deleteEnvUser(char const*)
                0x00000000c0014fc9                Krnl::deleteEnvProcess(Process*, char const*)
                0x00000000c0014fca                Krnl::newProcessEnv(Process*)
                0x00000000c0014fec                Krnl::copyProcessEnv(Process*, Process*)
                0x00000000c0015038                Krnl::loadSystemEnv()
                0x00000000c0015066                Krnl::loadUserEnv()
                0x00000000c001508c                Krnl::flushEnv()
                0x00000000c001508d                Krnl::getProcessTotalEnvCount(Process*)
                0x00000000c00150ad                Krnl::getProcessEnvPair(Process*, int)
 .text          0x00000000c0015141      0x243 krnl/panic.32
                0x00000000c0015141                Krnl::panic(char const*)
 .text          0x00000000c0015384      0x194 krnl/powctrl.32
                0x00000000c0015384                Krnl::powerThread(void*)
                0x00000000c0015404                Krnl::changePowerSettings(Krnl::PowerSettings)
                0x00000000c001541a                Krnl::userIOReceived()
                0x00000000c0015425                Krnl::handlePowerButton()
                0x00000000c001545a                Krnl::handleSleepButton()
                0x00000000c001548f                Krnl::setupPowerManager()
 .text          0x00000000c0015518      0x13a krnl/rand.32
                0x00000000c0015518                Krnl::initRNG()
                0x00000000c00155f1                Krnl::rand()
 *fill*         0x00000000c0015652        0x2 
 .text          0x00000000c0015654      0x5a0 net/ethernet.32
                0x00000000c0015654                Net::switchEndian16(unsigned short)
                0x00000000c0015678                Net::switchEndian32(unsigned int)
                0x00000000c00156a8                Net::crc32Calc(unsigned char*, int)
                0x00000000c001574c                Net::wrapEthernetFrame(Net::UnwrappedEthernetFrame, unsigned char*)
                0x00000000c0015968                Net::unwrapEthernetFrame(unsigned char*, int)
 .text          0x00000000c0015bf4      0x50e reg/registry.32
                0x00000000c0015bf4                Reg::findLineFromLoadedData(char*, char*, char*)
                0x00000000c0015d4c                Reg::getLineFromRegistry(char*, char*, char*, char*)
                0x00000000c0015ea1                Reg::getLine(char*, char*, char*)
                0x00000000c0015ed8                Reg::readInt(char*, char*, int*)
                0x00000000c0015fc3                Reg::readString(char*, char*, char*, int)
                0x00000000c0016044                Reg::readBool(char*, char*, bool*)
                0x00000000c0016069                Reg::readBoolWithDefault(char*, char*, bool)
                0x00000000c0016095                Reg::readIntWithDefault(char*, char*, int)
                0x00000000c00160c1                Reg::readStringWithDefault(char*, char*, char*, int, char*)
 .text          0x00000000c0016102       0x36 sys/sc_eject.32
                0x00000000c0016102                Sys::eject(regs*)
 .text          0x00000000c0016138       0x18 sys/sc_exit.32
                0x00000000c0016138                Sys::exit(regs*)
 .text          0x00000000c0016150       0x1f sys/sc_getcwd.32
                0x00000000c0016150                Sys::getCwd(regs*)
 .text          0x00000000c001616f        0xc sys/sc_getpid.32
                0x00000000c001616f                Sys::getPID(regs*)
 .text          0x00000000c001617b       0x1a sys/sc_getramdata.32
                0x00000000c001617b                Sys::getRAMData(regs*)
 .text          0x00000000c0016195       0x84 sys/sc_getvgaptr.32
                0x00000000c0016195                Sys::getVGAPtr(regs*)
 .text          0x00000000c0016219       0xa8 sys/sc_loaddll.32
                0x00000000c0016219                Sys::loadDLL(regs*)
 .text          0x00000000c00162c1       0x68 sys/sc_read.32
                0x00000000c00162c1                Sys::read(regs*)
 .text          0x00000000c0016329       0x55 sys/sc_sbrk.32
                0x00000000c0016329                Sys::sbrk(regs*)
 .text          0x00000000c001637e       0x1c sys/sc_setcwd.32
                0x00000000c001637e                Sys::setCwd(regs*)
 .text          0x00000000c001639a       0x95 sys/sc_settime.32
                0x00000000c001639a                Sys::setTime(regs*)
 .text          0x00000000c001642f       0x4a sys/sc_timezone.32
                0x00000000c001642f                Sys::timezone(regs*)
 .text          0x00000000c0016479       0x68 sys/sc_write.32
                0x00000000c0016479                Sys::write(regs*)
 .text          0x00000000c00164e1       0x62 sys/sc_wsbe.32
                0x00000000c00164e1                Sys::wsbe(regs*)
 .text          0x00000000c0016543       0x38 sys/sc_yield.32
                0x00000000c0016543                Sys::yield(regs*)
 .text          0x00000000c001657b      0xf8e sys/syscalls.32
                0x00000000c001657b                sysCallSeekDir(regs*)
                0x00000000c0016580                sysCallTellDir(regs*)
                0x00000000c0016585                sysCallVerify(regs*)
                0x00000000c001658f                sysCallGetArgc(regs*)
                0x00000000c001659f                sysFormatDisk(regs*)
                0x00000000c0016609                sysSetDiskVolumeLabel(regs*)
                0x00000000c0016653                sysGetDiskVolumeLabel(regs*)
                0x00000000c00166a8                sysShutdown(regs*)
                0x00000000c0016706                sysCallRealpath(regs*)
                0x00000000c0016749                sysCallReadDir(regs*)
                0x00000000c00167c8                sysCallIsATTY(regs*)
                0x00000000c0016822                sysCallSeek(regs*)
                0x00000000c0016879                sysCallTell(regs*)
                0x00000000c00168e5                sysCallSize(regs*)
                0x00000000c0016957                sysCallSizeFromFilename(regs*)
                0x00000000c0016a06                sysCallClose(regs*)
                0x00000000c0016a66                sysCallOpenDir(regs*)
                0x00000000c0016adb                sysCallCloseDir(regs*)
                0x00000000c0016b2f                sysCallMakeDir(regs*)
                0x00000000c0016b9f                sysCallWait(regs*)
                0x00000000c0016bb9                sysCallNotImpl(regs*)
                0x00000000c0016bd4                sysPanic(regs*)
                0x00000000c0016bee                sysCallRmdir(regs*)
                0x00000000c0016c52                sysCallUnlink(regs*)
                0x00000000c0016cb6                sysCallGetArgv(regs*)
                0x00000000c0016d02                sysCallTTYName(regs*)
                0x00000000c0016d85                sysCallUSleep(regs*)
                0x00000000c0016dae                sysCallSpawn(regs*)
                0x00000000c0016e16                sysCallGetEnv(regs*)
                0x00000000c0016ec3                sysAppSettings(regs*)
                0x00000000c0016fd7                sysSetFatAttrib(regs*)
                0x00000000c0017049                sysPipe(regs*)
                0x00000000c001708e                sysGetUnixTime(regs*)
                0x00000000c00170a2                string_ends_with(char const*, char const*)
                0x00000000c00170ea                sysCallOpen(regs*)
                0x00000000c00172d2                Sys::loadSyscalls()
                0x00000000c00174c7                Sys::systemCall(regs*, void*)
 .text          0x00000000c0017509     0x1203 thr/elf.32
                0x00000000c0017509                Thr::allocateMemoryForTask(Process*, File*, unsigned long, unsigned long, unsigned long)
                0x00000000c00177b3                Thr::loadProgramIntoMemory(Process*, char const*)
                0x00000000c00179c9                Thr::runtimeReferenceHelper()
                0x00000000c00179dc                Thr::getAddressOfKernelSymbol(char const*)
                0x00000000c0017a2b                Thr::loadKernelSymbolTable(char const*)
                0x00000000c0017ce9                Thr::loadDriverIntoMemory(char const*, unsigned long, bool)
                0x00000000c001841f                Thr::getDriverBaseFromAddress(unsigned long)
                0x00000000c0018451                Thr::getDriverNameFromAddress(unsigned long)
                0x00000000c0018488                Thr::getDriverOffsetFromAddress(unsigned long)
                0x00000000c00184a2                Thr::loadDLL(char const*, bool)
                0x00000000c00186d3                Thr::executeDLL(unsigned long, void*)
 .text          0x00000000c001870c     0x12a9 thr/prcssthr.32
                0x00000000c001870c                userModeEntryPoint(void*)
                0x00000000c0018734                changeTSS
                0x00000000c0018764                switchToThread(ThreadControlBlock*)
                0x00000000c0018818                Process::addArgs(char**)
                0x00000000c0018878                Process::Process(char const*, Process*, char**)
                0x00000000c0018878                Process::Process(char const*, Process*, char**)
                0x00000000c0018a64                Process::Process(bool, char const*, Process*, char**)
                0x00000000c0018a64                Process::Process(bool, char const*, Process*, char**)
                0x00000000c0018c1c                taskStartupFunction
                0x00000000c0018c28                Semaphore::Semaphore(int)
                0x00000000c0018c28                Semaphore::Semaphore(int)
                0x00000000c0018c58                Mutex::Mutex()
                0x00000000c0018c58                Mutex::Mutex()
                0x00000000c0018c6c                Process::createThread(void (*)(void*), void*, int)
                0x00000000c0018d64                Process::createUserThread()
                0x00000000c0018d80                setupMultitasking(void (*)())
                0x00000000c0018e88                schedule()
                0x00000000c0018f14                Semaphore::tryAcquire()
                0x00000000c0018fe0                Semaphore::assertLocked(char const*)
                0x00000000c0019058                blockTaskWithSchedulerLockAlreadyHeld(TaskState)
                0x00000000c0019080                blockTask(TaskState)
                0x00000000c00190b0                waitTask(int, int*, int)
                0x00000000c00190f4                milliTenthSleepUntil(unsigned int)
                0x00000000c0019180                milliTenthSleep(unsigned int)
                0x00000000c0019190                sleep(unsigned int)
                0x00000000c00191ac                Semaphore::acquire()
                0x00000000c0019268                taskReturned
                0x00000000c00192a4                Thr::processFromPID(int)
                0x00000000c0019344                unblockTask(ThreadControlBlock*)
                0x00000000c00193e8                cleanupTerminatedTask(ThreadControlBlock*)
                0x00000000c00196b0                cleanerTaskFunction(void*)
                0x00000000c00197a0                terminateTask(int)
                0x00000000c001986c                Thr::terminateFromIRQ(int)
                0x00000000c0019878                Semaphore::release()
 .text          0x00000000c00199b5      0xb93 vm86/vm8086.32
                0x00000000c00199b5                Vm::inbv(unsigned short)
                0x00000000c00199c8                Vm::outbv(unsigned short, unsigned char)
                0x00000000c00199fe                Vm::realToLinear(unsigned short, unsigned short)
                0x00000000c0019a0e                Vm::getSegment(unsigned int)
                0x00000000c0019a16                Vm::getOffset(unsigned int)
                0x00000000c0019a1b                Vm::mainloop2()
                0x00000000c0019a55                Vm::mainVm8086Loop(void*)
                0x00000000c0019a65                Vm::mainloop3(unsigned long)
                0x00000000c0019a8b                Vm::initialise8086()
                0x00000000c0019ace                Vm::finish8086()
                0x00000000c0019b2f                Vm::getOutput8086(unsigned char*)
                0x00000000c0019b54                Vm::start8086FromBuffer(unsigned char*, int, unsigned short, unsigned short, unsigned short, unsigned short)
                0x00000000c0019c0d                Vm::start8086(char const*, unsigned short, unsigned short, unsigned short, unsigned short)
                0x00000000c0019d75                Vm::doISR(regs*, int, unsigned char*, unsigned short, unsigned short)
                0x00000000c0019dff                Vm::readByteFromReal(unsigned short, unsigned short)
                0x00000000c0019e10                Vm::readWordFromReal(unsigned short, unsigned short)
                0x00000000c0019e22                Vm::readDwordFromReal(unsigned short, unsigned short)
                0x00000000c0019e33                Vm::writeByteFromReal(unsigned short, unsigned short, unsigned char)
                0x00000000c0019e48                Vm::writeWordFromReal(unsigned short, unsigned short, unsigned short)
                0x00000000c0019e5e                Vm::writeDwordFromReal(unsigned short, unsigned short, unsigned int)
                0x00000000c0019e73                Vm::faultHandler(regs*)
 .text          0x00000000c001a548      0xfcd vm86/x87em.32
                0x00000000c001a548                Vm::fpuInternalTo32(unsigned long long)
                0x00000000c001a5a6                Vm::fpuInternalTo64(unsigned long long)
                0x00000000c001a5af                Vm::fpu32ToInternal(unsigned int)
                0x00000000c001a5f4                Vm::fpu64ToInternal(unsigned long long)
                0x00000000c001a5fd                Vm::fpuFloatToLong(unsigned long long)
                0x00000000c001a65c                Vm::fpuULongToFloat(unsigned long long)
                0x00000000c001a698                Vm::fpuLongToFloat(long long)
                0x00000000c001a6f7                Vm::fpuGet0()
                0x00000000c001a6fc                Vm::fpuGet1()
                0x00000000c001a704                Vm::fpuGetPi()
                0x00000000c001a70c                Vm::fpuGetLog2E()
                0x00000000c001a724                Vm::fpuGetLogE2()
                0x00000000c001a73c                Vm::fpuGetLog210()
                0x00000000c001a754                Vm::fpuGetLog102()
                0x00000000c001a76c                Vm::fpuIsSecondLarger(unsigned long long, unsigned long long)
                0x00000000c001a780                Vm::fpuAreEqual(unsigned long long, unsigned long long)
                0x00000000c001a796                Vm::fpuUnorderedCompare(unsigned long long, unsigned long long)
                0x00000000c001a7ec                Vm::fpuAdd(unsigned long long, unsigned long long)
                0x00000000c001a7fd                Vm::fpuAbs(unsigned long long)
                0x00000000c001a806                Vm::fpuChs(unsigned long long)
                0x00000000c001a816                Vm::fpuSub(unsigned long long, unsigned long long)
                0x00000000c001a825                Vm::fpuMultiply(unsigned long long, unsigned long long)
                0x00000000c001a844                Vm::fpuDivide(unsigned long long, unsigned long long)
                0x00000000c001a860                Vm::fpuSquare(unsigned long long)
                0x00000000c001a876                Vm::fpuGetReg(int)
                0x00000000c001a8b9                Vm::fpuSetReg(int, unsigned long long)
                0x00000000c001a905                Vm::fpuPush(unsigned long long)
                0x00000000c001a963                Vm::fpuPop()
                0x00000000c001a9b6                Vm::x87Handler(regs*)
 *fill*         0x00000000c001b515        0x3 
 .text          0x00000000c001b518     0x13b7 fs/fat/vfslink.32
                0x00000000c001b518                FAT::getName()
                0x00000000c001b520                FAT::tell(void*, unsigned long long*)
                0x00000000c001b55c                FAT::stat(void*, unsigned long long*)
                0x00000000c001b598                FAT::~FAT()
                0x00000000c001b598                FAT::~FAT()
                0x00000000c001b5bc                FAT::~FAT()
                0x00000000c001b5e4                FAT::getlabel(LogicalDisk*, int, char*, unsigned int*)
                0x00000000c001b688                FAT::setlabel(LogicalDisk*, int, char*)
                0x00000000c001b74c                FAT::format(LogicalDisk*, int, char const*, int)
                0x00000000c001b920                FAT::tryMount(LogicalDisk*, int)
                0x00000000c001bb38                FAT::allocateSwapfile(char const*, int)
                0x00000000c001bcf4                FAT::readDir(void*, unsigned long, void*, int*)
                0x00000000c001be60                FAT::read(void*, unsigned long, void*, int*)
                0x00000000c001bec0                FAT::write(void*, unsigned long, void*, int*)
                0x00000000c001bf20                FAT::close(void*)
                0x00000000c001bf74                FAT::closeDir(void*)
                0x00000000c001bfc8                FAT::seek(void*, unsigned long long)
                0x00000000c001c024                fatWrapperReadDisk
                0x00000000c001c06c                fatWrapperWriteDisk
                0x00000000c001c0b4                fatWrapperIoctl
                0x00000000c001c1c4                FAT::FAT()
                0x00000000c001c1c4                FAT::FAT()
                0x00000000c001c218                FAT::fixFilepath(char*)
                0x00000000c001c254                FAT::open(char const*, void**, FileOpenMode)
                0x00000000c001c388                FAT::openDir(char const*, void**)
                0x00000000c001c438                FAT::stat(char const*, unsigned long long*, bool*)
                0x00000000c001c52c                FAT::unlink(char const*)
                0x00000000c001c5ac                FAT::chfatattr(char const*, unsigned char, unsigned char)
                0x00000000c001c714                FAT::rename(char const*, char const*)
                0x00000000c001c7e0                FAT::mkdir(char const*)
                0x00000000c001c860                FAT::exists(char const*)
 *fill*         0x00000000c001c8cf        0x1 
 .text          0x00000000c001c8d0      0xba7 fs/iso9660/vfslink.32
                0x00000000c001c8d0                ISO9660::format(LogicalDisk*, int, char const*, int)
                0x00000000c001c8d6                ISO9660::seek(void*, unsigned long long)
                0x00000000c001c906                ISO9660::tell(void*, unsigned long long*)
                0x00000000c001c92a                ISO9660::getName()
                0x00000000c001c930                ISO9660::stat(void*, unsigned long long*)
                0x00000000c001c954                ISO9660::chfatattr(char const*, unsigned char, unsigned char)
                0x00000000c001c95a                ISO9660::unlink(char const*)
                0x00000000c001c960                ISO9660::write(void*, unsigned long, void*, int*)
                0x00000000c001c966                ISO9660::rename(char const*, char const*)
                0x00000000c001c96c                ISO9660::mkdir(char const*)
                0x00000000c001c972                ISO9660::close(void*)
                0x00000000c001c994                ISO9660::closeDir(void*)
                0x00000000c001c9b6                ISO9660::~ISO9660()
                0x00000000c001c9b6                ISO9660::~ISO9660()
                0x00000000c001c9da                ISO9660::~ISO9660()
                0x00000000c001ca01                __memmem(unsigned char*, int, unsigned char*, int)
                0x00000000c001ca43                readSectorFromCDROM(unsigned int, unsigned char*, char)
                0x00000000c001cabe                ISO9660::tryMount(LogicalDisk*, int)
                0x00000000c001cb1e                ISO9660::read(void*, unsigned long, void*, int*)
                0x00000000c001cd22                ISO9660::readDir(void*, unsigned long, void*, int*)
                0x00000000c001cf9c                readRoot(unsigned int*, unsigned int*, char)
                0x00000000c001cff0                readRecursively(char*, unsigned int, unsigned int, unsigned int*, unsigned int*, char, int*)
                0x00000000c001d1c6                getFileData(char*, unsigned int*, unsigned int*, char, int*)
                0x00000000c001d254                ISO9660::open(char const*, void**, FileOpenMode)
                0x00000000c001d302                ISO9660::exists(char const*)
                0x00000000c001d326                ISO9660::stat(char const*, unsigned long long*, bool*)
                0x00000000c001d3ba                ISO9660::openDir(char const*, void**)
                0x00000000c001d454                ISO9660::ISO9660()
                0x00000000c001d454                ISO9660::ISO9660()
 *fill*         0x00000000c001d477        0x1 
 .text          0x00000000c001d478      0x298 hal/sound/sndcard.32
                0x00000000c001d478                SoundCard::beginPlayback()
                0x00000000c001d486                SoundCard::stopPlayback()
                0x00000000c001d494                SoundCard::SoundCard(char const*)
                0x00000000c001d494                SoundCard::SoundCard(char const*)
                0x00000000c001d532                SoundCard::~SoundCard()
                0x00000000c001d532                SoundCard::~SoundCard()
                0x00000000c001d556                SoundCard::~SoundCard()
                0x00000000c001d580                SoundCard::configureRates(int, int, int)
                0x00000000c001d5b0                SoundCard::getSamples16(int, short*)
                0x00000000c001d61a                SoundCard::getSamples32(int, int*)
                0x00000000c001d6a0                SoundCard::addChannel(SoundPort*)
                0x00000000c001d6fc                SoundCard::removeChannel(int)
 .text          0x00000000c001d710      0x3fb hal/sound/sndport.32
                0x00000000c001d710                SoundPort::SoundPort(int, int, int, int)
                0x00000000c001d710                SoundPort::SoundPort(int, int, int, int)
                0x00000000c001d79c                SoundPort::~SoundPort()
                0x00000000c001d79c                SoundPort::~SoundPort()
                0x00000000c001d7d0                SoundPort::unpause()
                0x00000000c001d7dc                SoundPort::pause()
                0x00000000c001d7e8                SoundPort::getBufferUsed()
                0x00000000c001d7f0                SoundPort::getBufferSize()
                0x00000000c001d7f8                SoundPort::buffer16(short*, int)
                0x00000000c001d8ac                SoundPort::buffer32(int*, int)
                0x00000000c001d958                SoundPort::unbufferAndAdd16(int, short*, SoundCard*)
                0x00000000c001da54                SoundPort::unbufferAndAdd32(int, int*, SoundCard*)
 .text          0x00000000c001db0b        0x0 hw/bus/isa.32
 *fill*         0x00000000c001db0b        0x1 
 .text          0x00000000c001db0c     0x1187 hw/bus/pci.32
                0x00000000c001db0c                PCI::open(int, int, void*)
                0x00000000c001db2a                PCI::close(int, int, void*)
                0x00000000c001db2e                PCI::PCI()
                0x00000000c001db2e                PCI::PCI()
                0x00000000c001dbc4                PCI::readBAR8(unsigned int, int)
                0x00000000c001dbe0                PCI::readBAR16(unsigned int, int)
                0x00000000c001dbfe                PCI::readBAR32(unsigned int, int)
                0x00000000c001dc1a                PCI::writeBAR8(unsigned int, unsigned char, int)
                0x00000000c001dc3a                PCI::writeBAR16(unsigned int, unsigned short, int)
                0x00000000c001dc5c                PCI::writeBAR32(unsigned int, unsigned int, int)
                0x00000000c001dc7c                PCI::legacyMechanism(unsigned char, unsigned char, unsigned char, unsigned char)
                0x00000000c001dcea                PCI::pciReadWord(unsigned char, unsigned char, unsigned char, unsigned char)
                0x00000000c001dd92                PCI::getVendorID(unsigned char, unsigned char, unsigned char)
                0x00000000c001ddb6                PCI::getHeaderType(unsigned char, unsigned char, unsigned char)
                0x00000000c001ddde                PCI::getClassCode(unsigned char, unsigned char, unsigned char)
                0x00000000c001de28                PCI::getProgIF(unsigned char, unsigned char, unsigned char)
                0x00000000c001de50                PCI::getRevisionID(unsigned char, unsigned char, unsigned char)
                0x00000000c001de74                PCI::getInterruptNumber(unsigned char, unsigned char, unsigned char)
                0x00000000c001de98                PCI::getSecondaryBus(unsigned char, unsigned char, unsigned char)
                0x00000000c001dec0                PCI::getBARAddress(unsigned char, unsigned char, unsigned char, unsigned char)
                0x00000000c001df24                PCI::pciWriteWord(unsigned char, unsigned char, unsigned char, unsigned char, unsigned short)
                0x00000000c001e00c                PCI::pciDetailsToFilepath(PCIDeviceInfo, char*)
                0x00000000c001e3fe                PCI::checkBus(unsigned char)
                0x00000000c001e422                PCI::foundDevice(PCIDeviceInfo)
                0x00000000c001e862                PCI::getDeviceData(unsigned char, unsigned char, unsigned char)
                0x00000000c001ebd4                PCI::checkDevice(unsigned char, unsigned char)
                0x00000000c001ec40                PCI::detect()
 *fill*         0x00000000c001ec93        0x1 
 .text          0x00000000c001ec94      0xb66 hw/diskctrl/ide.32
                0x00000000c001ec94                IDE::close(int, int, void*)
                0x00000000c001ec98                IDE::IDE()
                0x00000000c001ec98                IDE::IDE()
                0x00000000c001eccc                IDE::prepareInterrupt(unsigned char)
                0x00000000c001ecde                selectDrive(unsigned char, unsigned char)
                0x00000000c001ece0                IDE::getBase(unsigned char)
                0x00000000c001ecf2                IDE::write(unsigned char, unsigned char, unsigned char)
                0x00000000c001edb2                IDE::read(unsigned char, unsigned char)
                0x00000000c001ee60                IDE::waitInterrupt(unsigned char)
                0x00000000c001eec2                ideChannel0IRQHandler(regs*, void*)
                0x00000000c001eede                ideChannel1IRQHandler(regs*, void*)
                0x00000000c001eefa                IDE::enableIRQs(unsigned char, bool)
                0x00000000c001ef40                IDE::open(int, int, void*)
                0x00000000c001f36a                IDE::readBuffer(unsigned char, unsigned char, unsigned int, unsigned int)
                0x00000000c001f436                IDE::detect()
                0x00000000c001f6f6                IDE::printError(unsigned char, unsigned char, unsigned char)
                0x00000000c001f7a6                IDE::polling(unsigned char, unsigned int)
 .text          0x00000000c001f7fa      0x46c hw/diskctrl/satabus.32
                0x00000000c001f7fa                SATABus::close(int, int, void*)
                0x00000000c001f7fe                SATABus::detect()
                0x00000000c001f800                SATABus::SATABus()
                0x00000000c001f800                SATABus::SATABus()
                0x00000000c001f886                SATABus::findCmdslot(SATABus::tagHBA_PORT volatile*)
                0x00000000c001f8b8                SATABus::checkType(SATABus::tagHBA_PORT volatile*)
                0x00000000c001f900                SATABus::startCmd(SATABus::tagHBA_PORT volatile*)
                0x00000000c001f920                SATABus::stopCmd(SATABus::tagHBA_PORT volatile*)
                0x00000000c001f94a                SATABus::portRebase(SATABus::tagHBA_PORT volatile*, int)
                0x00000000c001fa50                SATABus::probePort(SATABus::tagHBA_MEM volatile*)
                0x00000000c001fc32                SATABus::open(int, int, void*)
 .text          0x00000000c001fc66      0x684 hw/diskphys/ata.32
                0x00000000c001fc66                ATA::close(int, int, void*)
                0x00000000c001fc8a                ATA::powerSaving(PowerSavingLevel)
                0x00000000c001fc8c                ATA::ATA()
                0x00000000c001fc8c                ATA::ATA()
                0x00000000c001fcba                ATA::flush(bool)
                0x00000000c001fd04                ATA::readyForCommand()
                0x00000000c001fd50                ATA::access(unsigned long long, int, void*, bool)
                0x00000000c0020146                ATA::read(unsigned long long, int, void*)
                0x00000000c0020192                ATA::write(unsigned long long, int, void*)
                0x00000000c00201f4                ATA::detectCHS()
                0x00000000c002021e                ATA::open(int, int, void*)
 .text          0x00000000c00202ea      0x645 hw/diskphys/atapi.32
                0x00000000c00202ea                ATAPI::write(unsigned long long, int, void*)
                0x00000000c00202f0                ATAPI::close(int, int, void*)
                0x00000000c0020314                ATAPI::ATAPI()
                0x00000000c0020314                ATAPI::ATAPI()
                0x00000000c0020342                ATAPI::readyForCommand()
                0x00000000c0020394                ATAPI::sendPacket(unsigned char*, int, bool, unsigned short*, int)
                0x00000000c0020654                ATAPI::diskRemoved()
                0x00000000c00206b0                ATAPI::eject()
                0x00000000c00206f8                ATAPI::diskInserted()
                0x00000000c0020714                ATAPI::detectMedia()
                0x00000000c00207d0                ATAPI::open(int, int, void*)
                0x00000000c00208b0                ATAPI::read(unsigned long long, int, void*)
 *fill*         0x00000000c002092f        0x1 
 .text          0x00000000c0020930      0xa68 hw/diskphys/sata.32
                0x00000000c0020930                SATA::close(int, int, void*)
                0x00000000c0020954                SATA::powerSaving(PowerSavingLevel)
                0x00000000c0020956                SATA::open(int, int, void*)
                0x00000000c0020b4c                SATA::SATA()
                0x00000000c0020b4c                SATA::SATA()
                0x00000000c0020b7a                SATA::access(unsigned long long, int, void*, bool)
                0x00000000c0021172                SATA::read(unsigned long long, int, void*)
                0x00000000c0021272                SATA::write(unsigned long long, int, void*)
 .text          0x00000000c0021398      0x6ce hw/diskphys/satapi.32
                0x00000000c0021398                SATAPI::write(unsigned long long, int, void*)
                0x00000000c002139e                SATAPI::close(int, int, void*)
                0x00000000c00213c2                SATAPI::SATAPI()
                0x00000000c00213c2                SATAPI::SATAPI()
                0x00000000c00213f0                SATAPI::diskRemoved()
                0x00000000c002144c                SATAPI::diskInserted()
                0x00000000c0021468                SATAPI::sendPacket(unsigned char*, int, unsigned long long, unsigned short*, int)
                0x00000000c00216f6                SATAPI::eject()
                0x00000000c002174e                SATAPI::detectMedia()
                0x00000000c002188e                SATAPI::open(int, int, void*)
                0x00000000c002198e                SATAPI::read(unsigned long long, int, void*)
 *fill*         0x00000000c0021a66        0x2 
 .text          0x00000000c0021a68       0x94 hw/fpu/avx.32
                0x00000000c0021a68                AVX::open(int, int, void*)
                0x00000000c0021a7c                AVX::close(int, int, void*)
                0x00000000c0021a90                AVX::available()
                0x00000000c0021aa4                AVX::save(void*)
                0x00000000c0021abc                AVX::load(void*)
                0x00000000c0021ad4                AVX::AVX()
                0x00000000c0021ad4                AVX::AVX()
 .text          0x00000000c0021afc       0x94 hw/fpu/mmx.32
                0x00000000c0021afc                MMX::available()
                0x00000000c0021b10                MMX::open(int, int, void*)
                0x00000000c0021b24                MMX::close(int, int, void*)
                0x00000000c0021b38                MMX::save(void*)
                0x00000000c0021b50                MMX::load(void*)
                0x00000000c0021b68                MMX::MMX()
                0x00000000c0021b68                MMX::MMX()
 .text          0x00000000c0021b90       0x9c hw/fpu/sse.32
                0x00000000c0021b90                SSE::open(int, int, void*)
                0x00000000c0021ba4                SSE::close(int, int, void*)
                0x00000000c0021bb8                SSE::available()
                0x00000000c0021bd4                SSE::save(void*)
                0x00000000c0021bec                SSE::load(void*)
                0x00000000c0021c04                SSE::SSE()
                0x00000000c0021c04                SSE::SSE()
 .text          0x00000000c0021c2c       0x8e hw/fpu/x87.32
                0x00000000c0021c2c                x87::open(int, int, void*)
                0x00000000c0021c3e                x87::close(int, int, void*)
                0x00000000c0021c50                x87::available()
                0x00000000c0021c62                x87::save(void*)
                0x00000000c0021c7a                x87::load(void*)
                0x00000000c0021c92                x87::x87()
                0x00000000c0021c92                x87::x87()
 .text          0x00000000c0021cba      0x71e hw/intctrl/apic.32
                0x00000000c0021cba                APIC::disable()
                0x00000000c0021cbc                APIC::close(int, int, void*)
                0x00000000c0021cde                IOAPIC::close(int, int, void*)
                0x00000000c0021ce4                APIC::io_wait()
                0x00000000c0021cea                APIC::getBase()
                0x00000000c0021d2c                APIC::eoi(unsigned char)
                0x00000000c0021d5a                APIC::open(int, int, void*)
                0x00000000c0021ea8                IOAPIC::IOAPIC()
                0x00000000c0021ea8                IOAPIC::IOAPIC()
                0x00000000c0021ed0                APIC::APIC()
                0x00000000c0021ed0                APIC::APIC()
                0x00000000c0021fac                IOAPIC::handlesGSIWithNumber(unsigned int)
                0x00000000c0021fde                IOAPIC::read(int)
                0x00000000c0022006                IOAPIC::open(int, int, void*)
                0x00000000c00220fc                IOAPIC::write(int, int)
                0x00000000c0022128                IOAPIC::redirect(unsigned char, unsigned long long, unsigned char, bool, bool)
                0x00000000c0022222                APIC::installIRQHandler(int, void (*)(regs*, void*), bool, void*)
 .text          0x00000000c00223d8      0x3d3 hw/intctrl/pic.32
                0x00000000c00223d8                PIC::disable()
                0x00000000c0022406                PIC::close(int, int, void*)
                0x00000000c0022428                PIC::PIC()
                0x00000000c0022428                PIC::PIC()
                0x00000000c00224fe                PIC::ioWait()
                0x00000000c0022504                PIC::getIRQReg(int)
                0x00000000c002256e                PIC::eoi(unsigned char)
                0x00000000c0022600                PIC::remap()
                0x00000000c002276c                PIC::open(int, int, void*)
 *fill*         0x00000000c00227ab        0x1 
 .text          0x00000000c00227ac      0x240 hw/timer/apictimer.32
                0x00000000c00227ac                APICTimer::close(int, int, void*)
                0x00000000c00227b4                apicTimerHandler(regs*, void*)
                0x00000000c00227dc                APICTimer::write(int)
                0x00000000c00228c4                APICTimer::open(int, int, void*)
                0x00000000c00229c4                APICTimer::APICTimer()
                0x00000000c00229c4                APICTimer::APICTimer()
 .text          0x00000000c00229ec      0x1a3 hw/timer/pit.32
                0x00000000c00229ec                PIT::write(int)
                0x00000000c0022a6c                pitHandler(regs*, void*)
                0x00000000c0022a90                PIT::open(int, int, void*)
                0x00000000c0022ae0                PIT::close(int, int, void*)
                0x00000000c0022b10                PIT::PIT()
                0x00000000c0022b10                PIT::PIT()
 *fill*         0x00000000c0022b8f        0x1 
 .text          0x00000000c0022b90       0x83 hw/fpu/x86/avx.32
                0x00000000c0022b90                avxDetect
                0x00000000c0022bba                avxSave
                0x00000000c0022bcb                avxLoad
                0x00000000c0022bdc                avxInit
                0x00000000c0022bfe                avxClose
                0x00000000c0022bff                wouldSheSayYes
 *fill*         0x00000000c0022c13        0xd 
 .text          0x00000000c0022c20       0x39 hw/fpu/x86/sse.32
                0x00000000c0022c20                absolutelyNoChanceInHell
                0x00000000c0022c20                sseDetect
                0x00000000c0022c38                sseSave
                0x00000000c0022c40                sseLoad
                0x00000000c0022c48                sseInit
                0x00000000c0022c58                sseClose
 *fill*         0x00000000c0022c59        0x7 
 .text          0x00000000c0022c60       0x49 hw/fpu/x86/x87.32
                0x00000000c0022c66                x87Detect
                0x00000000c0022c81                x87Save
                0x00000000c0022c88                x87Load
                0x00000000c0022c8f                x87Init
                0x00000000c0022ca8                x87Close
 *fill*         0x00000000c0022ca9        0x3 
 .text          0x00000000c0022cac       0x25 /cygdrive/d/Users/Alex/Desktop/Toolchain/Output/bin/../lib/gcc/i386-banana/8.1.0/crtend.o
 .text          0x00000000c0022cd1        0x0 crtn.32
 *fill*         0x00000000c0022cd1        0x3 
 .text          0x00000000c0022cd4      0x14b /cygdrive/d/Users/Alex/Desktop/Toolchain/Output/bin/../lib/gcc/i386-banana/8.1.0/libkgcc.a(_divdi3.o)
                0x00000000c0022cd4                __divdi3
 *fill*         0x00000000c0022e1f        0x1 
 .text          0x00000000c0022e20      0x17e /cygdrive/d/Users/Alex/Desktop/Toolchain/Output/bin/../lib/gcc/i386-banana/8.1.0/libkgcc.a(_moddi3.o)
                0x00000000c0022e20                __moddi3
 *fill*         0x00000000c0022f9e        0x2 
 .text          0x00000000c0022fa0       0xff /cygdrive/d/Users/Alex/Desktop/Toolchain/Output/bin/../lib/gcc/i386-banana/8.1.0/libkgcc.a(_udivdi3.o)
                0x00000000c0022fa0                __udivdi3
 *fill*         0x00000000c002309f        0x1 
 .text          0x00000000c00230a0      0x11a /cygdrive/d/Users/Alex/Desktop/Toolchain/Output/bin/../lib/gcc/i386-banana/8.1.0/libkgcc.a(_umoddi3.o)
                0x00000000c00230a0                __umoddi3
 *(.gnu.linkonce.t*)

.iplt           0x00000000c00231c0        0x0
 .iplt          0x00000000c00231c0        0x0 D:/Users/Alex/Desktop/Banana/kernel/boot.32

.init           0x00000000c00231ba        0xf
 .init          0x00000000c00231ba        0x3 crti.32
                0x00000000c00231ba                _init
 .init          0x00000000c00231bd        0x5 /cygdrive/d/Users/Alex/Desktop/Toolchain/Output/bin/../lib/gcc/i386-banana/8.1.0/crtbegin.o
 .init          0x00000000c00231c2        0x5 /cygdrive/d/Users/Alex/Desktop/Toolchain/Output/bin/../lib/gcc/i386-banana/8.1.0/crtend.o
 .init          0x00000000c00231c7        0x2 crtn.32

.fini           0x00000000c00231c9        0xa
 .fini          0x00000000c00231c9        0x3 crti.32
                0x00000000c00231c9                _fini
 .fini          0x00000000c00231cc        0x5 /cygdrive/d/Users/Alex/Desktop/Toolchain/Output/bin/../lib/gcc/i386-banana/8.1.0/crtbegin.o
 .fini          0x00000000c00231d1        0x2 crtn.32

.text._ZN8ComputerD2Ev
                0x00000000c00231d4       0x23
 .text._ZN8ComputerD2Ev
                0x00000000c00231d4       0x23 core/computer.32
                0x00000000c00231d4                Computer::~Computer()
                0x00000000c00231d4                Computer::~Computer()

.text._ZN8ComputerD0Ev
                0x00000000c00231f8       0x2a
 .text._ZN8ComputerD0Ev
                0x00000000c00231f8       0x2a core/computer.32
                0x00000000c00231f8                Computer::~Computer()

.text._Z10idleCommonv
                0x00000000c0023222       0x21
 .text._Z10idleCommonv
                0x00000000c0023222       0x21 core/idle.32
                0x00000000c0023222                idleCommon()

.text._ZN10LinkedListI8UnixFileED2Ev
                0x00000000c0023244        0x2
 .text._ZN10LinkedListI8UnixFileED2Ev