Archive member included to satisfy reference by file (symbol)

/cygdrive/d/Users/Alex/Desktop/Toolchain/Output/bin/../lib/gcc/i386-banana/8.1.0/libkgcc.a(_divdi3.o)
                              krnl/resolve.32 (__divdi3)
/cygdrive/d/Users/Alex/Desktop/Toolchain/Output/bin/../lib/gcc/i386-banana/8.1.0/libkgcc.a(_moddi3.o)
                              krnl/resolve.32 (__moddi3)
/cygdrive/d/Users/Alex/Desktop/Toolchain/Output/bin/../lib/gcc/i386-banana/8.1.0/libkgcc.a(_udivdi3.o)
                              hal/clock.32 (__udivdi3)
/cygdrive/d/Users/Alex/Desktop/Toolchain/Output/bin/../lib/gcc/i386-banana/8.1.0/libkgcc.a(_umoddi3.o)
                              core/pipe.32 (__umoddi3)

Allocating common symbols
Common symbol       size              file

dcache              0x40              fs/iso9660/iso9660.32
cdDriveLetter       0x1               fs/iso9660/iso9660.32
icache              0x40              fs/iso9660/iso9660.32

Discarded input sections

 .comment       0x0000000000000000       0x12 /cygdrive/d/Users/Alex/Desktop/Toolchain/Output/bin/../lib/gcc/i386-banana/8.1.0/crtbegin.o
 .comment       0x0000000000000000       0x12 acpica/utclib.32
 .comment       0x0000000000000000       0x12 core/malloc.32
 .comment       0x0000000000000000       0x12 libk/ctype.32
 .comment       0x0000000000000000       0x12 libk/string.32
 .comment       0x0000000000000000       0x12 fs/fat/diskio.32
 .comment       0x0000000000000000       0x12 fs/fat/ff.32
 .comment       0x0000000000000000       0x12 fs/fat/ffsystem.32
 .comment       0x0000000000000000       0x12 fs/fat/ffunicode.32
 .comment       0x0000000000000000       0x12 fs/iso9660/iso9660.32
 .group         0x0000000000000000       0x14 core/computer.32
 .group         0x0000000000000000        0xc core/computer.32
 .comment       0x0000000000000000       0x12 core/computer.32
 .comment       0x0000000000000000       0x12 core/gdt.32
 .group         0x0000000000000000        0xc core/idle.32
 .comment       0x0000000000000000       0x12 core/idle.32
 .comment       0x0000000000000000       0x12 core/idt.32
 .comment       0x0000000000000000       0x12 core/kheap.32
 .comment       0x0000000000000000       0x12 core/main.32
 .comment       0x0000000000000000       0x12 core/physmgr.32
 .group         0x0000000000000000        0xc core/pipe.32
 .comment       0x0000000000000000       0x12 core/pipe.32
 .group         0x0000000000000000        0xc core/terminal.32
 .comment       0x0000000000000000       0x12 core/terminal.32
 .comment       0x0000000000000000       0x12 core/tss.32
 .group         0x0000000000000000        0x8 core/unixfile.32
 .group         0x0000000000000000        0x8 core/unixfile.32
 .group         0x0000000000000000        0xc core/unixfile.32
 .group         0x0000000000000000        0x8 core/unixfile.32
 .group         0x0000000000000000        0xc core/unixfile.32
 .group         0x0000000000000000        0x8 core/unixfile.32
 .group         0x0000000000000000        0xc core/unixfile.32
 .group         0x0000000000000000        0xc core/unixfile.32
 .comment       0x0000000000000000       0x12 core/unixfile.32
 .comment       0x0000000000000000       0x12 core/virtmgr.32
 .comment       0x0000000000000000       0x12 coreobjs/c++.32
 .comment       0x0000000000000000       0x12 dbg/kconsole.32
 .group         0x0000000000000000        0xc fs/vfs.32
 .group         0x0000000000000000        0xc fs/vfs.32
 .group         0x0000000000000000        0xc fs/vfs.32
 .comment       0x0000000000000000       0x12 fs/vfs.32
 .group         0x0000000000000000        0xc hal/bus.32
 .comment       0x0000000000000000       0x12 hal/bus.32
 .comment       0x0000000000000000       0x12 hal/buzzer.32
 .group         0x0000000000000000        0xc hal/clock.32
 .comment       0x0000000000000000       0x12 hal/clock.32
 .group         0x0000000000000000       0x14 hal/device.32
 .group         0x0000000000000000        0xc hal/device.32
 .group         0x0000000000000000        0x8 hal/device.32
 .group         0x0000000000000000        0xc hal/device.32
 .group         0x0000000000000000        0xc hal/device.32
 .comment       0x0000000000000000       0x12 hal/device.32
 .group         0x0000000000000000        0xc hal/diskctrl.32
 .comment       0x0000000000000000       0x12 hal/diskctrl.32
 .group         0x0000000000000000        0xc hal/diskphys.32
 .comment       0x0000000000000000       0x12 hal/diskphys.32
 .comment       0x0000000000000000       0x12 hal/fpu.32
 .comment       0x0000000000000000       0x12 hal/intctrl.32
 .group         0x0000000000000000        0xc hal/keybrd.32
 .comment       0x0000000000000000       0x12 hal/keybrd.32
 .group         0x0000000000000000        0xc hal/logidisk.32
 .comment       0x0000000000000000       0x12 hal/logidisk.32
 .group         0x0000000000000000        0xc hal/mouse.32
 .comment       0x0000000000000000       0x12 hal/mouse.32
[...]
Memory Configuration

Name             Origin             Length             Attributes
*default*        0x0000000000000000 0xffffffffffffffff

Linker script and memory map

LOAD D:/Users/Alex/Desktop/Banana/kernel/boot.32
LOAD crti.32
LOAD /cygdrive/d/Users/Alex/Desktop/Toolchain/Output/bin/../lib/gcc/i386-banana/8.1.0/crtbegin.o
LOAD D:/Users/Alex/Desktop/Banana/kernel/morenasm.32
LOAD acpica/utclib.32
LOAD core/malloc.32
LOAD libk/ctype.32
LOAD libk/string.32
LOAD fs/fat/diskio.32
LOAD fs/fat/ff.32
LOAD fs/fat/ffsystem.32
LOAD fs/fat/ffunicode.32
LOAD fs/iso9660/iso9660.32
LOAD core/computer.32
LOAD core/gdt.32
LOAD core/idle.32
LOAD core/idt.32
LOAD core/kheap.32
LOAD core/main.32
LOAD core/physmgr.32
LOAD core/pipe.32
LOAD core/terminal.32
LOAD core/tss.32
LOAD core/unixfile.32
LOAD core/virtmgr.32
LOAD coreobjs/c++.32
LOAD dbg/kconsole.32
LOAD fs/vfs.32
LOAD hal/bus.32
LOAD hal/buzzer.32
LOAD hal/clock.32
LOAD hal/device.32
LOAD hal/diskctrl.32
LOAD hal/diskphys.32
LOAD hal/fpu.32
LOAD hal/intctrl.32
LOAD hal/keybrd.32
LOAD hal/logidisk.32
LOAD hal/mouse.32
LOAD hal/partition.32
LOAD hal/serial.32
LOAD hal/timer.32
LOAD hal/vcache.32
LOAD hal/video.32
LOAD hw/acpi.32
LOAD hw/cpu.32
LOAD krnl/bootmsg.32
LOAD krnl/env.32
LOAD krnl/inlines.32
LOAD krnl/panic.32
LOAD krnl/powctrl.32
LOAD krnl/resolve.32
LOAD krnl/syscalls.32
LOAD reg/registry.32
LOAD sys/eject.32
LOAD sys/exit.32
LOAD sys/getcwd.32
LOAD sys/getpid.32
LOAD sys/getramdata.32
LOAD sys/getvgaptr.32
LOAD sys/loaddll.32
LOAD sys/read.32
LOAD sys/sbrk.32
LOAD sys/setcwd.32
LOAD sys/settime.32
LOAD sys/timezone.32
LOAD sys/write.32
LOAD sys/wsbe.32
LOAD sys/yield.32
LOAD thr/elf.32
LOAD thr/prcssthr.32
LOAD vm86/vm8086.32
LOAD arch/i386/hal.32
LOAD arch/i386/pic.32
LOAD arch/i386/rtc.32
LOAD arch/i386/vga.32
LOAD fs/fat/vfslink.32
LOAD fs/iso9660/helper.32
LOAD fs/iso9660/vfslink.32
LOAD hal/sound/sndcard.32
LOAD hal/sound/sndport.32
LOAD hw/bus/isa.32
LOAD hw/bus/pci.32
LOAD hw/diskctrl/ide.32
LOAD hw/diskctrl/satabus.32
LOAD hw/diskphys/ata.32
LOAD hw/diskphys/atapi.32
LOAD hw/diskphys/sata.32
LOAD hw/diskphys/satapi.32
LOAD hw/intctrl/apic.32
LOAD hw/timer/apictimer.32
LOAD hw/timer/pit.32
LOAD arch/i386/avx.32
LOAD arch/i386/interrupt.32
LOAD arch/i386/rdrand.32
LOAD arch/i386/sse.32
LOAD arch/i386/x87.32
LOAD /cygdrive/d/Users/Alex/Desktop/Toolchain/Output/bin/../lib/gcc/i386-banana/8.1.0/crtend.o
LOAD crtn.32
LOAD /cygdrive/d/Users/Alex/Desktop/Toolchain/Output/bin/../lib/gcc/i386-banana/8.1.0/libkgcc.a
LOAD D:/Users/Alex/Desktop/Banana/kernel/libsoftfp.a
LOAD D:/Users/Alex/Desktop/Banana/kernel/libk/libm32.a
                0x00000000c0000000                . = 0xc0000000

.text           0x00000000c0000000    0x1be9a
 *(.text)
 .text          0x00000000c0000000       0x20 D:/Users/Alex/Desktop/Banana/kernel/boot.32
 .text          0x00000000c0000020        0x0 crti.32
 .text          0x00000000c0000020      0x101 /cygdrive/d/Users/Alex/Desktop/Toolchain/Output/bin/../lib/gcc/i386-banana/8.1.0/crtbegin.o
 *fill*         0x00000000c0000121        0xf 
 .text          0x00000000c0000130      0x252 D:/Users/Alex/Desktop/Banana/kernel/morenasm.32
                0x00000000c0000130                manualPCIProbe
                0x00000000c000017b                prepareTramp
                0x00000000c0000194                doTPAUSE
                0x00000000c000019e                hasLegacyFPU
                0x00000000c00001c3                is486
                0x00000000c00001f9                detectCPUID
                0x00000000c000020f                goToVM86
                0x00000000c000023f                goToUsermode
                0x00000000c0000269                switchToThreadASMFirstTime
                0x00000000c0000277                switchToThreadASM
                0x00000000c00002ff                asmQuickAcquireLock
                0x00000000c000031d                asmQuickReleaseLock
                0x00000000c0000329                asmAcquireLock
                0x00000000c000034a                asmReleaseLock
                0x00000000c000035d                loadGDT
                0x00000000c000037d                memcpy
 *fill*         0x00000000c0000382        0xe 
 .text          0x00000000c0000390      0x79e acpica/utclib.32
                0x00000000c0000390                memcmp
                0x00000000c00003e0                memmove
                0x00000000c00004d0                memset
                0x00000000c0000540                strlen
                0x00000000c0000570                strpbrk
                0x00000000c00005b0                strtok
                0x00000000c0000600                strcpy
                0x00000000c0000630                strncpy
                0x00000000c00006e0                strcmp
                0x00000000c0000730                strchr
                0x00000000c0000760                strncmp
                0x00000000c00007c0                strcat
                0x00000000c00007f0                strncat
                0x00000000c0000850                strstr
                0x00000000c00008b0                toupper
                0x00000000c00008d0                tolower
                0x00000000c00008f0                simple_strtoul
 .text          0x00000000c0000b2e      0xfad core/malloc.32
                0x00000000c0000c99                dlfree
                0x00000000c0000ff4                dlmalloc
                0x00000000c0001531                dlrealloc
                0x00000000c00016d4                dlmemalign
                0x00000000c00017f7                dlcalloc
                0x00000000c0001891                dlcfree
                0x00000000c0001896                dlindependent_calloc
                0x00000000c00018bb                dlindependent_comalloc
                0x00000000c00018d2                dlvalloc
                0x00000000c00018fd                dlpvalloc
                0x00000000c0001933                dlmalloc_trim
                0x00000000c0001940                dlmalloc_usable_size
                0x00000000c0001971                dlmallinfo
                0x00000000c0001a40                dlmalloc_stats
                0x00000000c0001a51                dlmallopt
 *fill*         0x00000000c0001adb        0x1 
 .text          0x00000000c0001adc      0x1f2 libk/ctype.32
                0x00000000c0001adc                isblank
                0x00000000c0001afc                iscntrl
                0x00000000c0001b1c                isdigit
                0x00000000c0001b38                islower
                0x00000000c0001b54                isspace
                0x00000000c0001b7c                isupper
                0x00000000c0001b98                isalpha
                0x00000000c0001bc8                isalnum
                0x00000000c0001bf8                ispunct
                0x00000000c0001c38                isgraph
                0x00000000c0001c68                isprint
                0x00000000c0001c90                isxdigit
 .text          0x00000000c0001cce        0x0 libk/string.32
 .text          0x00000000c0001cce       0x51 fs/fat/diskio.32
                0x00000000c0001cce                disk_status
                0x00000000c0001cd1                disk_initialize
                0x00000000c0001cd4                disk_read
                0x00000000c0001cea                disk_write
                0x00000000c0001d00                disk_ioctl
 .text          0x00000000c0001d1f     0x3d4b fs/fat/ff.32
                0x00000000c0003abb                f_mount
                0x00000000c0003b1d                f_open
                0x00000000c0003de8                f_read
                0x00000000c0003fe7                f_write
                0x00000000c000421b                f_sync
                0x00000000c00042d0                f_close
                0x00000000c00042ff                f_lseek
                0x00000000c00044a6                f_opendir
                0x00000000c0004571                f_closedir
                0x00000000c0004593                f_readdir
                0x00000000c0004625                f_stat
                0x00000000c00046a4                f_getfree
                0x00000000c00047a6                f_truncate
                0x00000000c000488a                f_unlink
                0x00000000c00049ac                f_mkdir
                0x00000000c0004b47                f_rename
                0x00000000c0004cfd                f_chmod
                0x00000000c0004da6                f_utime
                0x00000000c0004e54                f_getlabel
                0x00000000c0004fa5                f_setlabel
                0x00000000c0005135                f_expand
                0x00000000c0005295                f_mkfs
 *fill*         0x00000000c0005a6a        0x2 
 .text          0x00000000c0005a6c       0x2f fs/fat/ffsystem.32
                0x00000000c0005a6c                ff_memalloc
                0x00000000c0005a84                ff_memfree
 *fill*         0x00000000c0005a9b        0x1 
 .text          0x00000000c0005a9c      0x2a8 fs/fat/ffunicode.32
                0x00000000c0005a9c                ff_uni2oem
                0x00000000c0005b3c                ff_oem2uni
                0x00000000c0005bb4                ff_wtoupper
 .text          0x00000000c0005d44      0xc76 fs/iso9660/iso9660.32
                0x00000000c0005f63                isoReadDiscSector
                0x00000000c0005ffe                strnicmp
                0x00000000c00062b1                stricmp
                0x00000000c00062fd                iso_open
                0x00000000c0006387                iso_close
                0x00000000c00063a5                iso_read
                0x00000000c00064bb                iso_seek
                0x00000000c000653f                iso_tell
                0x00000000c0006570                iso_total
                0x00000000c000659b                fn_postprocess
                0x00000000c00065c1                iso_readdir
                0x00000000c00067b2                iso_reset
                0x00000000c00067bf                init_percd
                0x00000000c00068b9                iso_ioctl
                0x00000000c00068c1                fs_iso9660_init
                0x00000000c000694a                fs_iso9660_shutdown
 .text          0x00000000c00069ba      0x685 core/computer.32
                0x00000000c00069ba                Computer::close(int, int, void*)
                0x00000000c00069ff                Krnl::firstTask()
                0x00000000c0006b32                Computer::Computer()
                0x00000000c0006b32                Computer::Computer()
                0x00000000c0006be4                Computer::setBootMessage(char const*)
                0x00000000c0006be6                Computer::detectFeatures()
                0x00000000c0006df0                Computer::displayFeatures()
                0x00000000c0006df2                Computer::rdmsr(unsigned int)
                0x00000000c0006e1e                Computer::wrmsr(unsigned int, unsigned long long)
                0x00000000c0006e56                Computer::shutdown()
                0x00000000c0006e6e                Computer::restart()
                0x00000000c0006e86                Computer::sleep()
                0x00000000c0006e9a                Computer::nmiEnabled()
                0x00000000c0006ea6                Computer::readCMOS(unsigned char)
                0x00000000c0006ec0                Computer::enableNMI(bool)
                0x00000000c0006ed8                Computer::open(int, int, void*)
                0x00000000c0006fac                Computer::disableNMI()
                0x00000000c0006fbc                Computer::writeCMOS(unsigned char, unsigned char)
                0x00000000c0006fda                Computer::handleNMI()
 *fill*         0x00000000c000703f        0x1 
 .text          0x00000000c0007040      0x1cf core/gdt.32
                0x00000000c0007040                GDTEntry::setBase(unsigned int)
                0x00000000c000705c                GDTEntry::setLimit(unsigned int)
                0x00000000c000707a                GDT::GDT()
                0x00000000c000707a                GDT::GDT()
                0x00000000c0007090                GDT::addEntry(GDTEntry)
                0x00000000c00070b2                GDT::getNumberOfEntries()
                0x00000000c00070ba                GDT::flush()
                0x00000000c00070dc                GDT::setup()
 .text          0x00000000c000720f       0x1d core/idle.32
                0x00000000c000720f                idleFunction(void*)
 .text          0x00000000c000722c      0x464 core/idt.32
                0x00000000c000722c                IDTEntry::IDTEntry(bool)
                0x00000000c000722c                IDTEntry::IDTEntry(bool)
                0x00000000c000729e                IDTEntry::setOffset(unsigned int)
                0x00000000c00072b4                IDT::IDT()
                0x00000000c00072b4                IDT::IDT()
                0x00000000c00072b6                IDT::getPointerToInvalidOpcodeEntryForF00F()
                0x00000000c00072be                IDT::addEntry(IDTEntry, int)
                0x00000000c00072d8                IDT::addEntry(int, void (*)(), bool)
                0x00000000c0007310                IDT::flush()
                0x00000000c000732a                IDT::setup()
 .text          0x00000000c0007690      0x183 core/kheap.32
                0x00000000c0007690                sbrk
                0x00000000c0007725                mmap
                0x00000000c000773b                munmap
                0x00000000c0007751                liballoc_lock()
                0x00000000c000775e                liballoc_unlock()
                0x00000000c0007772                liballoc_alloc(int)
                0x00000000c000778a                liballoc_free(void*, int)
                0x00000000c00077a5                realloc
                0x00000000c00077b9                malloc
                0x00000000c00077c9                free
                0x00000000c00077d9                rfree
                0x00000000c00077e9                calloc
 .text          0x00000000c0007813       0xc3 core/main.32
                0x00000000c0007813                KeEntryPoint
 .text          0x00000000c00078d6      0x5dc core/physmgr.32
                0x00000000c00078d6                Phys::allocateDMA(unsigned long)
                0x00000000c00079ad                Phys::freeDMA(unsigned long, unsigned long)
                0x00000000c00079e0                Phys::setPageState(unsigned long, bool)
                0x00000000c0007a12                Phys::getPageState(unsigned long)
                0x00000000c0007a33                Phys::freePage(unsigned long)
                0x00000000c0007a95                Phys::allocatePage()
                0x00000000c0007b53                Phys::allocateContiguousPages(int)
                0x00000000c0007baf                Phys::allowSegmentToBeUsed(unsigned long, unsigned long)
                0x00000000c0007be7                Phys::physicalMemorySetup(unsigned int)
 .text          0x00000000c0007eb2      0x273 core/pipe.32
                0x00000000c0007eb2                Pipe::isAtty()
                0x00000000c0007eb6                Pipe::~Pipe()
                0x00000000c0007eb6                Pipe::~Pipe()
                0x00000000c0007eda                Pipe::~Pipe()
                0x00000000c0007f02                Pipe::write(unsigned long long, void*, int*)
                0x00000000c0007fc2                Pipe::read(unsigned long long, void*, int*)
                0x00000000c00080be                Pipe::Pipe(int)
                0x00000000c00080be                Pipe::Pipe(int)
 *fill*         0x00000000c0008125        0x1 
 .text          0x00000000c0008126      0xaa8 core/terminal.32
                0x00000000c0008126                VgaText::isAtty()
                0x00000000c000812a                VgaText::~VgaText()
                0x00000000c000812a                VgaText::~VgaText()
                0x00000000c000814e                VgaText::~VgaText()
                0x00000000c0008178                VgaText::read(unsigned long long, void*, int*)
                0x00000000c0008198                setTerminalScrollLock(bool)
                0x00000000c0008199                doTerminalCycle()
                0x00000000c000819a                addToTerminalCycle(VgaText*)
                0x00000000c000819b                scrollTerminalScrollLock(int)
                0x00000000c000819c                VgaText::updateTitle()
                0x00000000c000819e                VgaText::load()
                0x00000000c00081a0                VgaText::updateCursor()
                0x00000000c00081b6                VgaText::doANSI_SGR(int)
                0x00000000c000822a                VgaText::setDefaultBgColour(VgaColour)
                0x00000000c000823a                VgaText::setDefaultFgColour(VgaColour)
                0x00000000c000824a                VgaText::setDefaultColours(VgaColour, VgaColour)
                0x00000000c000826a                VgaText::setTitleTextColour(VgaColour)
                0x00000000c0008276                VgaText::setTitleColour(VgaColour)
                0x00000000c0008282                VgaText::setTitle(char*)
                0x00000000c0008284                VgaText::combineColours(unsigned char, unsigned char)
                0x00000000c0008296                VgaText::scrollScreen()
                0x00000000c000832e                VgaText::combineCharAndColour(char, unsigned char)
                0x00000000c0008340                VgaText::writeCharacter(char, VgaColour, VgaColour, int, int)
                0x00000000c00083d0                VgaText::getCursorX()
                0x00000000c00083d8                VgaText::getCursorY()
                0x00000000c00083e0                VgaText::setCursor(int, int)
                0x00000000c00083f7                setActiveTerminal(VgaText*)
                0x00000000c0008442                VgaText::clearScreen()
                0x00000000c0008490                VgaText::setCursorX(int)
                0x00000000c00084a8                VgaText::setCursorY(int)
                0x00000000c00084c0                VgaText::incrementCursor(bool)
                0x00000000c0008514                VgaText::decrementCursor(bool)
                0x00000000c0008536                VgaText::putchar(char, VgaColour, VgaColour)
                0x00000000c0008604                VgaText::putchar(char)
                0x00000000c00086f0                VgaText::putx(unsigned int)
                0x00000000c0008736                VgaText::puts(char const*)
                0x00000000c000875c                VgaText::write(unsigned long long, void*, int*)
                0x00000000c00087a8                VgaText::puts(char const*, VgaColour, VgaColour)
                0x00000000c00088fa                VgaText::VgaText(char const*)
                0x00000000c00088fa                VgaText::VgaText(char const*)
                0x00000000c0008a4e                VgaText::receiveKey(unsigned char)
                0x00000000c0008ba8                VgaText::doUpdate()
                0x00000000c0008ba9                newTerminal(char*)
 *fill*         0x00000000c0008bce        0x2 
 .text          0x00000000c0008bd0      0x1a1 core/tss.32
                0x00000000c0008bd0                TSS::TSS()
                0x00000000c0008bd0                TSS::TSS()
                0x00000000c0008be0                TSS::setESP(unsigned long)
                0x00000000c0008bf4                TSS::flush()
                0x00000000c0008c14                TSS::setup(unsigned long, unsigned long)
 *fill*         0x00000000c0008d71        0x1 
 .text          0x00000000c0008d72      0x4c2 core/unixfile.32
                0x00000000c0008d72                ReservedFilename::read(unsigned long long, void*, int*)
                0x00000000c0008dc8                ReservedFilename::isAtty()
                0x00000000c0008de4                ReservedFilename::write(unsigned long long, void*, int*)
                0x00000000c0008e42                UnixFile::getFileDescriptor()
                0x00000000c0008e4a                UnixFile::UnixFile(int)
                0x00000000c0008e4a                UnixFile::UnixFile(int)
                0x00000000c0008ffa                ReservedFilename::ReservedFilename(int)
                0x00000000c0008ffa                ReservedFilename::ReservedFilename(int)
                0x00000000c000902c                UnixFile::~UnixFile()
                0x00000000c000902c                UnixFile::~UnixFile()
                0x00000000c00090c4                UnixFile::~UnixFile()
                0x00000000c00090ec                ReservedFilename::~ReservedFilename()
                0x00000000c00090ec                ReservedFilename::~ReservedFilename()
                0x00000000c0009110                ReservedFilename::~ReservedFilename()
                0x00000000c0009137                getFromFileDescriptor(int)
 .text          0x00000000c0009234     0x1166 core/virtmgr.32
                0x00000000c0009234                Virt::setPageState(unsigned long, Virt::VirtPageState)
                0x00000000c0009269                Virt::getPageState(unsigned long)
                0x00000000c000928d                Virt::allocateKernelVirtualPages(int)
                0x00000000c000939e                Virt::freeSwapfilePage(unsigned long)
                0x00000000c00093bc                Virt::swapIDToSector(unsigned long)
                0x00000000c00093ce                Virt::allocateSwapfilePage()
                0x00000000c000944c                Virt::virtualMemorySetup()
                0x00000000c0009497                Virt::setupPageSwapping(int)
                0x00000000c0009508                VAS::VAS()
                0x00000000c0009508                VAS::VAS()
                0x00000000c0009544                VAS::VAS(VAS*)
                0x00000000c0009544                VAS::VAS(VAS*)
                0x00000000c0009572                VAS::getForeignPageTableEntry(bool, unsigned long)
                0x00000000c000959e                VAS::getPageTableEntry(unsigned long)
                0x00000000c00095bd                Virt::freeKernelVirtualPages(unsigned long)
                0x00000000c00096e2                VAS::freeAllocatedPages(unsigned long)
                0x00000000c0009706                VAS::virtualToPhysical(unsigned long)
                0x00000000c0009720                VAS::reflagRange(unsigned long, int, int, int)
                0x00000000c0009760                VAS::setToWriteCombining(unsigned long, int)
                0x00000000c0009794                VAS::mapOtherVASIn(bool, VAS*)
                0x00000000c00097be                VAS::~VAS()
                0x00000000c00097be                VAS::~VAS()
                0x00000000c0009922                VAS::mapPage(unsigned long, unsigned long, int)
                0x00000000c0009a26                VAS::allocatePages(int, int)
                0x00000000c0009bfe                VAS::setCPUSpecific(unsigned long)
                0x00000000c0009c1c                VAS::mapRange(unsigned long, unsigned long, int, int)
                0x00000000c0009ce2                VAS::mapForeignPage(bool, VAS*, unsigned long, unsigned long, int)
                0x00000000c0009dd0                VAS::VAS(bool)
                0x00000000c0009dd0                VAS::VAS(bool)
                0x00000000c000a050                VAS::evict(unsigned long)
                0x00000000c000a112                VAS::tryLoadBackOffDisk(unsigned long)
                0x00000000c000a200                VAS::scanForEviction()
                0x00000000c000a2e0                mapVASFirstTime
 .text          0x00000000c000a39a       0x5f coreobjs/c++.32
                0x00000000c000a39a                __cxa_atexit
                0x00000000c000a39d                __cxa_finalize
                0x00000000c000a39e                __stack_chk_fail
                0x00000000c000a3d4                __cxa_pure_virtual
                0x00000000c000a3e5                operator new[](unsigned long)
                0x00000000c000a3ea                operator delete(void*, unsigned long)
                0x00000000c000a3ef                operator delete[](void*)
                0x00000000c000a3f4                operator delete[](void*, unsigned long)
 .text          0x00000000c000a3f9      0x21c dbg/kconsole.32
                0x00000000c000a3f9                Dbg::stringifyxWithBase(unsigned int, char*, int)
                0x00000000c000a464                Dbg::logc(char)
                0x00000000c000a484                Dbg::logs(char*)
                0x00000000c000a4a1                Dbg::logWriteInt(unsigned int)
                0x00000000c000a4bf                Dbg::logWriteIntBase(unsigned int, int)
                0x00000000c000a4e0                Dbg::kprintf(char const*, ...)
 *fill*         0x00000000c000a615        0x1 
 .text          0x00000000c000a616      0xc5c fs/vfs.32
                0x00000000c000a616                File::read(unsigned long long, void*, int*)
                0x00000000c000a66e                File::write(unsigned long long, void*, int*)
                0x00000000c000a6c6                Directory::read(unsigned long long, void*, int*)
                0x00000000c000a71e                Directory::write(unsigned long long, void*, int*)
                0x00000000c000a74c                File::isAtty()
                0x00000000c000a750                Directory::isAtty()
                0x00000000c000a754                Filesystem::getlabel(LogicalDisk*, int, char*, unsigned int*)
                0x00000000c000a75a                Filesystem::setlabel(LogicalDisk*, int, char*)
                0x00000000c000a760                Filesystem::allocateSwapfile(char const*, int)
                0x00000000c000a766                File::~File()
                0x00000000c000a766                File::~File()
                0x00000000c000a78a                File::~File()
                0x00000000c000a7b4                Directory::~Directory()
                0x00000000c000a7b4                Directory::~Directory()
                0x00000000c000a7d8                Directory::~Directory()
                0x00000000c000a802                Filesystem::Filesystem()
                0x00000000c000a802                Filesystem::Filesystem()
                0x00000000c000a826                Filesystem::~Filesystem()
                0x00000000c000a826                Filesystem::~Filesystem()
                0x00000000c000a834                Filesystem::~Filesystem()
                0x00000000c000a858                Fs::getcwd(Process*, char*, int)
                0x00000000c000a882                Fs::initVFS()
                0x00000000c000a8ac                Fs::standardiseFiles(char*, char const*, char const*)
                0x00000000c000aa56                File::File(char const*, Process*)
                0x00000000c000aa56                File::File(char const*, Process*)
                0x00000000c000ab16                File::open(FileOpenMode)
                0x00000000c000ab74                File::close()
                0x00000000c000abd4                File::seek(unsigned long long)
                0x00000000c000ac2a                File::tell(unsigned long long*)
                0x00000000c000ac7a                File::rewind()
                0x00000000c000ac8e                File::unlink()
                0x00000000c000acda                File::rename(char const*)
                0x00000000c000ad28                File::chfatattr(unsigned char, unsigned char)
                0x00000000c000ad84                File::exists()
                0x00000000c000adc2                File::stat(unsigned long long*, bool*)
                0x00000000c000ae23                Fs::setcwd(Process*, char*)
                0x00000000c000af80                Directory::Directory(char const*, Process*)
                0x00000000c000af80                Directory::Directory(char const*, Process*)
                0x00000000c000b040                Directory::open()
                0x00000000c000b09c                Directory::close()
                0x00000000c000b0fc                Directory::unlink()
                0x00000000c000b148                Directory::rename(char const*)
                0x00000000c000b196                Directory::exists()
                0x00000000c000b1d4                Directory::read(dirent*)
                0x00000000c000b220                Directory::create()
                0x00000000c000b26c                Filesystem::chfatattr(char const*, unsigned char, unsigned char)
 *fill*         0x00000000c000b272        0x2 
 .text          0x00000000c000b274       0x86 hal/bus.32
                0x00000000c000b274                Bus::Bus(char const*)
                0x00000000c000b274                Bus::Bus(char const*)
                0x00000000c000b2ac                Bus::~Bus()
                0x00000000c000b2ac                Bus::~Bus()
                0x00000000c000b2d0                Bus::~Bus()
 .text          0x00000000c000b2fa       0x96 hal/buzzer.32
                0x00000000c000b2fa                beepThread(void*)
                0x00000000c000b337                Krnl::beep(int, int, bool)
 .text          0x00000000c000b390      0x46d hal/clock.32
                0x00000000c000b390                User::loadClockSettings(int)
                0x00000000c000b3e2                Clock::Clock(char const*)
                0x00000000c000b3e2                Clock::Clock(char const*)
                0x00000000c000b418                Clock::~Clock()
                0x00000000c000b418                Clock::~Clock()
                0x00000000c000b43c                Clock::~Clock()
                0x00000000c000b466                Clock::timeInSecondsLocal()
                0x00000000c000b4ae                Clock::setTimeInSecondsLocal(unsigned long long)
                0x00000000c000b507                datetimeToSeconds(datetime_t)
                0x00000000c000b634                Clock::setTimeInDatetimeLocal(datetime_t)
                0x00000000c000b694                secondsToDatetime(unsigned long long)
                0x00000000c000b7d8                Clock::timeInDatetimeLocal()
 *fill*         0x00000000c000b7fd        0x1 
 .text          0x00000000c000b7fe      0x464 hal/device.32
                0x00000000c000b7fe                Device::hibernate()
                0x00000000c000b800                Device::wake()
                0x00000000c000b802                Device::detect()
                0x00000000c000b804                Device::disableLegacy()
                0x00000000c000b806                Device::powerSaving(PowerSavingLevel)
                0x00000000c000b808                DriverlessDevice::close(int, int, void*)
                0x00000000c000b80c                DriverlessDevice::detect()
                0x00000000c000b80e                DriverlessDevice::open(int, int, void*)
                0x00000000c000b822                Device::~Device()
                0x00000000c000b822                Device::~Device()
                0x00000000c000b830                Device::~Device()
                0x00000000c000b858                Device::findAndLoadDriver()
                0x00000000c000b866                Device::preOpenPCI(PCIDeviceInfo)
                0x00000000c000b88c                Device::preOpenACPI(void*, char*, char*)
                0x00000000c000b8cc                Device::addIRQHandler(int, void (*)(regs*, void*), bool, void*)
                0x00000000c000b8f6                Device::getParent()
                0x00000000c000b902                Device::removeIRQHandler(int, void (*)(regs*, void*), bool)
                0x00000000c000b920                Device::addChild(Device*)
                0x00000000c000b964                Device::removeAllChildren()
                0x00000000c000b9aa                Device::hibernateAll()
                0x00000000c000b9da                Device::wakeAll()
                0x00000000c000ba0a                Device::detectAll()
                0x00000000c000ba3a                Device::disableLegacyAll()
                0x00000000c000ba3c                Device::loadDriversForAll()
                0x00000000c000ba3e                Device::closeAll()
                0x00000000c000ba74                Device::powerSavingAll(PowerSavingLevel)
                0x00000000c000baaa                Device::setName(char const*)
                0x00000000c000bab8                Device::Device(char const*)
                0x00000000c000bab8                Device::Device(char const*)
                0x00000000c000bbb4                Device::getName()
                0x00000000c000bbbe                DriverlessDevice::DriverlessDevice(char const*)
                0x00000000c000bbbe                DriverlessDevice::DriverlessDevice(char const*)
                0x00000000c000bbf4                Device::addToLinkedList(LinkedList<Device>&, DeviceType)
                0x00000000c000bc38                getDevicesOfType(DeviceType)
 *fill*         0x00000000c000bc62        0x2 
 .text          0x00000000c000bc64       0x86 hal/diskctrl.32
                0x00000000c000bc64                HardDiskController::HardDiskController(char const*)
                0x00000000c000bc64                HardDiskController::HardDiskController(char const*)
                0x00000000c000bc9c                HardDiskController::~HardDiskController()
                0x00000000c000bc9c                HardDiskController::~HardDiskController()
                0x00000000c000bcc0                HardDiskController::~HardDiskController()
 .text          0x00000000c000bcea       0xe2 hal/diskphys.32
                0x00000000c000bcea                PhysicalDisk::eject()
                0x00000000c000bcee                PhysicalDisk::PhysicalDisk(char const*, int)
                0x00000000c000bcee                PhysicalDisk::PhysicalDisk(char const*, int)
                0x00000000c000bd56                PhysicalDisk::startCache()
                0x00000000c000bd7e                PhysicalDisk::~PhysicalDisk()
                0x00000000c000bd7e                PhysicalDisk::~PhysicalDisk()
                0x00000000c000bda2                PhysicalDisk::~PhysicalDisk()
 .text          0x00000000c000bdcc        0x0 hal/fpu.32
 .text          0x00000000c000bdcc      0x35d hal/intctrl.32
                0x00000000c000bdcc                int_handler
                0x00000000c000be54                installISRHandler(int, void (*)(regs*, void*), void*)
                0x00000000c000be9c                installIRQHandler(int, void (*)(regs*, void*), bool, void*)
                0x00000000c000bfd4                uninstallISRHandler(int, void (*)(regs*, void*))
                0x00000000c000c008                uninstallIRQHandler(int, void (*)(regs*, void*), bool)
                0x00000000c000c087                setupINTS()
                0x00000000c000c0e4                convertLegacyIRQNumber(int)
 *fill*         0x00000000c000c129        0x1 
 .text          0x00000000c000c12a      0x7a4 hal/keybrd.32
                0x00000000c000c12a                startGUI(void*)
                0x00000000c000c196                startGUIVESA(void*)
                0x00000000c000c202                sendKeyToTerminal(unsigned char)
                0x00000000c000c2cb                sendKeyboardToken(KeyboardToken)
                0x00000000c000c70b                clearInternalKeybuffer(VgaText*)
                0x00000000c000c740                readKeyboard(VgaText*, char*, unsigned long)
                0x00000000c000c844                Keyboard::Keyboard(char const*)
                0x00000000c000c844                Keyboard::Keyboard(char const*)
                0x00000000c000c880                Keyboard::~Keyboard()
                0x00000000c000c880                Keyboard::~Keyboard()
                0x00000000c000c8a4                Keyboard::~Keyboard()
 .text          0x00000000c000c8ce      0x3ea hal/logidisk.32
                0x00000000c000c8ce                LogicalDisk::close(int, int, void*)
                0x00000000c000c8d2                LogicalDisk::~LogicalDisk()
                0x00000000c000c8d2                LogicalDisk::~LogicalDisk()
                0x00000000c000c8f6                LogicalDisk::~LogicalDisk()
                0x00000000c000c920                LogicalDisk::open(int, int, void*)
                0x00000000c000c934                LogicalDisk::absoluteToRelative(unsigned long long)
                0x00000000c000c96c                LogicalDisk::relativeToAbsolute(unsigned long long)
                0x00000000c000c9b2                LogicalDisk::LogicalDisk(char const*, PhysicalDisk*, unsigned long long, unsigned long long)
                0x00000000c000c9b2                LogicalDisk::LogicalDisk(char const*, PhysicalDisk*, unsigned long long, unsigned long long)
                0x00000000c000ca68                LogicalDisk::assignDriveLetter()
                0x00000000c000cb1e                LogicalDisk::mount()
                0x00000000c000cb66                LogicalDisk::unmount()
                0x00000000c000cb76                LogicalDisk::eject()
                0x00000000c000cb8a                LogicalDisk::unassignDriveLetter()
                0x00000000c000cbe0                LogicalDisk::read(unsigned long long, int, void*)
                0x00000000c000cc4c                LogicalDisk::write(unsigned long long, int, void*)
 .text          0x00000000c000ccb8       0x86 hal/mouse.32
                0x00000000c000ccb8                Mouse::Mouse(char const*)
                0x00000000c000ccb8                Mouse::Mouse(char const*)
                0x00000000c000ccf0                Mouse::~Mouse()
                0x00000000c000ccf0                Mouse::~Mouse()
                0x00000000c000cd14                Mouse::~Mouse()
 .text          0x00000000c000cd3e      0x339 hal/partition.32
                0x00000000c000cd3e                makePartition(PhysicalDisk*, unsigned long long, unsigned long long)
                0x00000000c000cde6                createPartitionsForDisk(PhysicalDisk*)
 *fill*         0x00000000c000d077        0x1 
 .text          0x00000000c000d078       0x86 hal/serial.32
                0x00000000c000d078                Serial::Serial(char const*)
                0x00000000c000d078                Serial::Serial(char const*)
                0x00000000c000d0b0                Serial::~Serial()
                0x00000000c000d0b0                Serial::~Serial()
                0x00000000c000d0d4                Serial::~Serial()
 *fill*         0x00000000c000d0fe        0x2 
 .text          0x00000000c000d100      0x234 hal/timer.32
                0x00000000c000d100                Timer::Timer(char const*)
                0x00000000c000d100                Timer::Timer(char const*)
                0x00000000c000d138                Timer::~Timer()
                0x00000000c000d138                Timer::~Timer()
                0x00000000c000d15c                Timer::~Timer()
                0x00000000c000d186                Timer::read()
                0x00000000c000d191                setupTimer(int)
                0x00000000c000d1cc                timerHandler(unsigned int)
 .text          0x00000000c000d334      0x3ee hal/vcache.32
                0x00000000c000d334                VCache::VCache(PhysicalDisk*)
                0x00000000c000d334                VCache::VCache(PhysicalDisk*)
                0x00000000c000d49c                VCache::invalidateReadBuffer()
                0x00000000c000d4ac                VCache::writeWriteBuffer()
                0x00000000c000d4f8                VCache::~VCache()
                0x00000000c000d4f8                VCache::~VCache()
                0x00000000c000d54c                VCache::~VCache()
                0x00000000c000d574                VCache::write(unsigned long long, int, void*)
                0x00000000c000d68a                VCache::read(unsigned long long, int, void*)
 .text          0x00000000c000d722      0x4b3 hal/video.32
                0x00000000c000d722                Video::putrect(int, int, int, int, unsigned int)
                0x00000000c000d76e                Video::bitblit(int, int, int, int, int, int, int, unsigned int*)
                0x00000000c000d7de                Video::blit(unsigned int*, int, int, int, int)
                0x00000000c000d85c                Video::clearScreen(unsigned int)
                0x00000000c000d890                Video::putpixel(int, int, unsigned int)
                0x00000000c000d89e                Video::Video(char const*)
                0x00000000c000d89e                Video::Video(char const*)
                0x00000000c000d8d4                Video::~Video()
                0x00000000c000d8d4                Video::~Video()
                0x00000000c000d8f8                Video::~Video()
                0x00000000c000d922                Video::isMonochrome()
                0x00000000c000d92e                Video::getWidth()
                0x00000000c000d93a                Video::getHeight()
                0x00000000c000d946                Video::drawCursor(int, int, unsigned char*, int)
                0x00000000c000da02                Video::tgaParse(unsigned char*, int, int*, int*)
                0x00000000c000db6a                Video::putTGA(int, int, unsigned char*, int)
 *fill*         0x00000000c000dbd5        0x3 
 .text          0x00000000c000dbd8     0x1307 hw/acpi.32
                0x00000000c000dbd8                ACPI::close(int, int, void*)
                0x00000000c000dc90                findRSDP()
                0x00000000c000dd20                loadACPITables(unsigned char*)
                0x00000000c000df84                findRSDT(unsigned char*)
                0x00000000c000e0d4                findDataTable(unsigned char*, char*)
                0x00000000c000e14c                scanMADT()
                0x00000000c000e620                ACPI::ACPI()
                0x00000000c000e620                ACPI::ACPI()
                0x00000000c000e674                ACPI::getPCIIRQAssignment(unsigned char, unsigned short, unsigned char)
                0x00000000c000e75c                ACPI::registerPCIIRQAssignment(void*, unsigned short, unsigned char, unsigned char)
                0x00000000c000e824                ACPI::setScreenBrightnessLevel(void*, int)
                0x00000000c000e82c                ACPI::detectPCI()
                0x00000000c000ea34                ACPI::writeSimpleBootFlag(SimpleBootFlagTable*)
                0x00000000c000ea88                ACPI::sleep()
                0x00000000c000eaa4                ACPI::open(int, int, void*)
 *fill*         0x00000000c000eedf        0x1 
 .text          0x00000000c000eee0      0xb95 hw/cpu.32
                0x00000000c000eee0                CPU::close(int, int, void*)
                0x00000000c000eee4                CPU::AMD_K6_write_msr(unsigned int, unsigned int, unsigned int, CPU::REGS*)
                0x00000000c000ef00                CPU::AMD_K6_read_msr(unsigned int, CPU::REGS*)
                0x00000000c000ef18                CPU::AMD_K6_writeback(int, int, int)
                0x00000000c000ef8c                CPU::cpuid(int, unsigned long*, unsigned long*, unsigned long*, unsigned long*)
                0x00000000c000f010                CPU::cpuidCheckEDX(unsigned int)
                0x00000000c000f03e                CPU::cpuidCheckECX(unsigned int)
                0x00000000c000f06c                CPU::cpuidCheckExtendedEBX(unsigned int)
                0x00000000c000f09a                CPU::cpuidCheckExtendedECX(unsigned int)
                0x00000000c000f0c8                CPU::CPU()
                0x00000000c000f0c8                CPU::CPU()
                0x00000000c000f156                CPU::displayFeatures()
                0x00000000c000f158                CPU::detectFeatures()
                0x00000000c000f81c                CPU::setupSMEP()
                0x00000000c000f828                CPU::setupUMIP()
                0x00000000c000f832                CPU::setupTSC()
                0x00000000c000f83c                CPU::setupLargePages()
                0x00000000c000f846                CPU::setupPAT()
                0x00000000c000f882                CPU::setupMTRR()
                0x00000000c000f884                CPU::setupGlobalPages()
                0x00000000c000f88e                CPU::allowUsermodeDataAccess()
                0x00000000c000f8a0                CPU::prohibitUsermodeDataAccess()
                0x00000000c000f8b2                CPU::setupSMAP()
                0x00000000c000f8c0                CPU::setupFeatures()
                0x00000000c000f98c                CPU::open(int, int, void*)
 .text          0x00000000c000fa75       0xd1 krnl/bootmsg.32
                0x00000000c000fa75                KeDisplaySplashScreen()
                0x00000000c000fae3                KeSetBootMessage(char const*)
 .text          0x00000000c000fb46      0x581 krnl/env.32
                0x00000000c000fb46                EnvVarContainer::getEnv(char const*)
                0x00000000c000fb84                EnvVarContainer::setEnv(char const*, char const*)
                0x00000000c000fc46                EnvVarContainer::deleteEnv(char const*)
                0x00000000c000fc48                EnvVarContainer::loadFrom(char const*, char const*)
                0x00000000c000fe2e                EnvVarContainer::__loadSystem()
                0x00000000c000fe48                EnvVarContainer::__loadUser()
                0x00000000c000fe4a                EnvVarContainer::EnvVarContainer(Process*)
                0x00000000c000fe4a                EnvVarContainer::EnvVarContainer(Process*)
                0x00000000c000fe6c                EnvVarContainer::~EnvVarContainer()
                0x00000000c000fe6c                EnvVarContainer::~EnvVarContainer()
                0x00000000c000fe9c                Krnl::getEnv(Process*, char const*)
                0x00000000c000ff01                Krnl::setEnvSystem(char const*, char const*)
                0x00000000c000ff1b                Krnl::setEnvUser(char const*, char const*)
                0x00000000c000ff3a                Krnl::setEnvProcess(Process*, char const*, char const*)
                0x00000000c000ff4d                Krnl::deleteEnvSystem(char const*)
                0x00000000c000ff4e                Krnl::deleteEnvUser(char const*)
                0x00000000c000ff4f                Krnl::deleteEnvProcess(Process*, char const*)
                0x00000000c000ff50                Krnl::newProcessEnv(Process*)
                0x00000000c000ff72                Krnl::copyProcessEnv(Process*, Process*)
                0x00000000c000ffbe                Krnl::loadSystemEnv()
                0x00000000c000ffec                Krnl::loadUserEnv()
                0x00000000c0010012                Krnl::flushEnv()
                0x00000000c0010013                Krnl::getProcessTotalEnvCount(Process*)
                0x00000000c0010033                Krnl::getProcessEnvPair(Process*, int)
 .text          0x00000000c00100c7       0x94 krnl/inlines.32
                0x00000000c00100c7                CPU::current()
                0x00000000c00100d3                operator new(unsigned long)
                0x00000000c00100d8                operator delete(void*)
                0x00000000c00100dd                disableIRQs()
                0x00000000c00100df                enableIRQs()
                0x00000000c00100e1                lockScheduler()
                0x00000000c00100e9                unlockScheduler()
                0x00000000c00100f8                lockStuff()
                0x00000000c0010106                unlockStuff()
                0x00000000c0010140                Virt::getAKernelVAS()
                0x00000000c0010146                __not_memcpy
 .text          0x00000000c001015b        0xc krnl/panic.32
                0x00000000c001015b                KePanic(char const*)
 .text          0x00000000c0010167      0x142 krnl/powctrl.32
                0x00000000c0010167                Krnl::powerThread(void*)
                0x00000000c0010195                Krnl::changePowerSettings(Krnl::PowerSettings)
                0x00000000c00101ab                Krnl::userIOReceived()
                0x00000000c00101b6                Krnl::handlePowerButton()
                0x00000000c00101eb                Krnl::handleSleepButton()
                0x00000000c0010220                Krnl::setupPowerManager()
 *fill*         0x00000000c00102a9        0x3 
 .text          0x00000000c00102ac      0x190 krnl/resolve.32
                0x00000000c00102ac                KeResolveCompatibilitySymbol(char*)
 .text          0x00000000c001043c      0xc51 krnl/syscalls.32
                0x00000000c001043c                SysSeekDir(regs*)
                0x00000000c0010441                SysTellDir(regs*)
                0x00000000c0010446                SysVerify(regs*)
                0x00000000c0010450                SysGetArgc(regs*)
                0x00000000c0010460                SysTTYName(regs*)
                0x00000000c0010468                SysFormatDisk(regs*)
                0x00000000c00104d5                SysSetDiskVolumeLabel(regs*)
                0x00000000c001051f                SysGetDiskVolumeLabel(regs*)
                0x00000000c0010574                SysShutdown(regs*)
                0x00000000c00105d2                SysRealpath(regs*)
                0x00000000c0010615                SysReadDir(regs*)
                0x00000000c0010695                SysIsATTY(regs*)
                0x00000000c00106f1                SysSeek(regs*)
                0x00000000c001074a                SysTell(regs*)
                0x00000000c00107b9                SysSize(regs*)
                0x00000000c001082e                SysSizeFromFilename(regs*)
                0x00000000c00108e1                SysClose(regs*)
                0x00000000c0010941                SysOpenDir(regs*)
                0x00000000c00109b8                SysCloseDir(regs*)
                0x00000000c0010a0c                SysMakeDir(regs*)
                0x00000000c0010a7e                SysWait(regs*)
                0x00000000c0010a9b                SysNotImpl(regs*)
                0x00000000c0010ab6                SysPanic(regs*)
                0x00000000c0010ad1                SysRmdir(regs*)
                0x00000000c0010b38                SysUnlink(regs*)
                0x00000000c0010b9f                SysGetArgv(regs*)
                0x00000000c0010bec                SysUSleep(regs*)
                0x00000000c0010c15                SysSpawn(regs*)
                0x00000000c0010c7e                SysGetEnv(regs*)
                0x00000000c0010d2d                SysSetFatAttrib(regs*)
                0x00000000c0010da4                SysPipe(regs*)
                0x00000000c0010de9                SysGetUnixTime(regs*)
                0x00000000c0010dfd                string_ends_with(char const*, char const*)
                0x00000000c0010e47                SysOpen(regs*)
                0x00000000c001103b                KeSystemCall(regs*, void*)
 .text          0x00000000c001108d      0x50e reg/registry.32
                0x00000000c001108d                Reg::findLineFromLoadedData(char*, char*, char*)
                0x00000000c00111e5                Reg::getLineFromRegistry(char*, char*, char*, char*)
                0x00000000c001133a                Reg::getLine(char*, char*, char*)
                0x00000000c0011371                Reg::readInt(char*, char*, int*)
                0x00000000c001145c                Reg::readString(char*, char*, char*, int)
                0x00000000c00114dd                Reg::readBool(char*, char*, bool*)
                0x00000000c0011502                Reg::readBoolWithDefault(char*, char*, bool)
                0x00000000c001152e                Reg::readIntWithDefault(char*, char*, int)
                0x00000000c001155a                Reg::readStringWithDefault(char*, char*, char*, int, char*)
 .text          0x00000000c001159b       0x36 sys/eject.32
                0x00000000c001159b                SysEject(regs*)
 .text          0x00000000c00115d1       0x18 sys/exit.32
                0x00000000c00115d1                SysExit(regs*)
 .text          0x00000000c00115e9       0x1f sys/getcwd.32
                0x00000000c00115e9                SysGetCwd(regs*)
 .text          0x00000000c0011608        0xc sys/getpid.32
                0x00000000c0011608                SysGetPID(regs*)
 .text          0x00000000c0011614       0x1a sys/getramdata.32
                0x00000000c0011614                SysGetRAMData(regs*)
 .text          0x00000000c001162e       0x82 sys/getvgaptr.32
                0x00000000c001162e                SysGetVGAPtr(regs*)
 .text          0x00000000c00116b0       0xa8 sys/loaddll.32
                0x00000000c00116b0                SysLoadDLL(regs*)
 .text          0x00000000c0011758       0x68 sys/read.32
                0x00000000c0011758                SysRead(regs*)
 .text          0x00000000c00117c0       0x55 sys/sbrk.32
                0x00000000c00117c0                SysSbrk(regs*)
 .text          0x00000000c0011815       0x1c sys/setcwd.32
                0x00000000c0011815                SysSetCwd(regs*)
 .text          0x00000000c0011831       0x95 sys/settime.32
                0x00000000c0011831                SysSetTime(regs*)
 .text          0x00000000c00118c6       0x4a sys/timezone.32
                0x00000000c00118c6                SysTimezone(regs*)
 .text          0x00000000c0011910       0x68 sys/write.32
                0x00000000c0011910                SysWrite(regs*)
 .text          0x00000000c0011978       0x62 sys/wsbe.32
                0x00000000c0011978                SysWsbe(regs*)
 .text          0x00000000c00119da       0x25 sys/yield.32
                0x00000000c00119da                SysYield(regs*)
 .text          0x00000000c00119ff     0x11e5 thr/elf.32
                0x00000000c00119ff                Thr::allocateMemoryForTask(Process*, File*, unsigned long, unsigned long, unsigned long)
                0x00000000c0011c8b                Thr::loadProgramIntoMemory(Process*, char const*)
                0x00000000c0011ea1                Thr::runtimeReferenceHelper()
                0x00000000c0011eb4                Thr::getAddressOfKernelSymbol(char const*)
                0x00000000c0011f03                Thr::loadKernelSymbolTable(char const*)
                0x00000000c00121c1                Thr::loadDriverIntoMemory(char const*, unsigned long, bool)
                0x00000000c00128f7                Thr::getDriverBaseFromAddress(unsigned long)
                0x00000000c0012929                Thr::getDriverNameFromAddress(unsigned long)
                0x00000000c0012960                Thr::getDriverOffsetFromAddress(unsigned long)
                0x00000000c001297a                Thr::loadDLL(char const*, bool)
                0x00000000c0012bab                Thr::executeDLL(unsigned long, void*)
 .text          0x00000000c0012be4     0x12dd thr/prcssthr.32
                0x00000000c0012be4                userModeEntryPoint(void*)
                0x00000000c0012c0c                changeTSS
                0x00000000c0012c3c                switchToThread(ThreadControlBlock*)
                0x00000000c0012cf0                Process::addArgs(char**)
                0x00000000c0012d50                Process::Process(char const*, Process*, char**)
                0x00000000c0012d50                Process::Process(char const*, Process*, char**)
                0x00000000c0012f4c                Process::Process(bool, char const*, Process*, char**)
                0x00000000c0012f4c                Process::Process(bool, char const*, Process*, char**)
                0x00000000c0013114                taskStartupFunction
                0x00000000c0013120                Semaphore::Semaphore(int)
                0x00000000c0013120                Semaphore::Semaphore(int)
                0x00000000c0013150                Mutex::Mutex()
                0x00000000c0013150                Mutex::Mutex()
                0x00000000c0013164                Process::createThread(void (*)(void*), void*, int)
                0x00000000c001325c                Process::createUserThread()
                0x00000000c001327c                setupMultitasking(void (*)())
                0x00000000c0013384                schedule()
                0x00000000c0013414                Semaphore::tryAcquire()
                0x00000000c00134e0                Semaphore::assertLocked(char const*)
                0x00000000c0013558                blockTaskWithSchedulerLockAlreadyHeld(TaskState)
                0x00000000c0013580                blockTask(TaskState)
                0x00000000c00135b0                waitTask(int, int*, int)
                0x00000000c00135f4                milliTenthSleepUntil(unsigned int)
                0x00000000c0013684                milliTenthSleep(unsigned int)
                0x00000000c0013694                sleep(unsigned int)
                0x00000000c00136b0                Semaphore::acquire()
                0x00000000c001376c                taskReturned
                0x00000000c00137a8                Thr::processFromPID(int)
                0x00000000c0013848                unblockTask(ThreadControlBlock*)
                0x00000000c00138ec                cleanupTerminatedTask(ThreadControlBlock*)
                0x00000000c0013bb8                cleanerTaskFunction(void*)
                0x00000000c0013ca8                terminateTask(int)
                0x00000000c0013d74                Thr::terminateFromIRQ(int)
                0x00000000c0013d84                Semaphore::release()
 .text          0x00000000c0013ec1      0xb93 vm86/vm8086.32
                0x00000000c0013ec1                Vm::inbv(unsigned short)
                0x00000000c0013ed4                Vm::outbv(unsigned short, unsigned char)
                0x00000000c0013f0a                Vm::realToLinear(unsigned short, unsigned short)
                0x00000000c0013f1a                Vm::getSegment(unsigned int)
                0x00000000c0013f22                Vm::getOffset(unsigned int)
                0x00000000c0013f27                Vm::mainloop2()
                0x00000000c0013f61                Vm::mainVm8086Loop(void*)
                0x00000000c0013f71                Vm::mainloop3(unsigned long)
                0x00000000c0013f97                Vm::initialise8086()
                0x00000000c0013fda                Vm::finish8086()
                0x00000000c001403b                Vm::getOutput8086(unsigned char*)
                0x00000000c0014060                Vm::start8086FromBuffer(unsigned char*, int, unsigned short, unsigned short, unsigned short, unsigned short)
                0x00000000c0014119                Vm::start8086(char const*, unsigned short, unsigned short, unsigned short, unsigned short)
                0x00000000c0014281                Vm::doISR(regs*, int, unsigned char*, unsigned short, unsigned short)
                0x00000000c001430b                Vm::readByteFromReal(unsigned short, unsigned short)
                0x00000000c001431c                Vm::readWordFromReal(unsigned short, unsigned short)
                0x00000000c001432e                Vm::readDwordFromReal(unsigned short, unsigned short)
                0x00000000c001433f                Vm::writeByteFromReal(unsigned short, unsigned short, unsigned char)
                0x00000000c0014354                Vm::writeWordFromReal(unsigned short, unsigned short, unsigned short)
                0x00000000c001436a                Vm::writeDwordFromReal(unsigned short, unsigned short, unsigned int)
                0x00000000c001437f                Vm::faultHandler(regs*)
 .text          0x00000000c0014a54      0xa53 arch/i386/hal.32
                0x00000000c0014a54                noCopro(unsigned long)
                0x00000000c0014a55                nmiHandler(regs*, void*)
                0x00000000c0014a6e                doubleFault(regs*, void*)
                0x00000000c0014a87                displayDebugInfo(regs*)
                0x00000000c0014da8                HalSystemIdle()
                0x00000000c0014e1e                displayProgramFault(char const*)
                0x00000000c0014e6a                gpFault(regs*, void*)
                0x00000000c0014ecf                pgFault(regs*, void*)
                0x00000000c0014f55                otherISRHandler(regs*, void*)
                0x00000000c0014f89                opcodeFault(regs*, void*)
                0x00000000c0015009                i386SaveCoprocessor(void*)
                0x00000000c001501d                i386LoadCoprocessor(void*)
                0x00000000c0015031                x87EmulHandler(regs*, void*)
                0x00000000c00150ce                HalInitialiseCoprocessor()
                0x00000000c001517c                HalPanic(char const*)
                0x00000000c0015275                HalQueryPerformanceCounter()
                0x00000000c0015290                HalInitialise()
                0x00000000c0015436                HalMakeBeep(int)
                0x00000000c0015470                HalGetRand()
                0x00000000c0015473                HalEndOfInterrupt(int)
                0x00000000c00154a4                HalRestart()
                0x00000000c00154a5                HalShutdown()
                0x00000000c00154a6                HalSleep()
 *fill*         0x00000000c00154a7        0x1 
 .text          0x00000000c00154a8      0x2f4 arch/i386/pic.32
                0x00000000c00154a8                picIoWait()
                0x00000000c00154b0                picDisable()
                0x00000000c00154e4                picGetIRQReg(int)
                0x00000000c0015568                picOpen()
                0x00000000c00156f8                picEOI(int)
 .text          0x00000000c001579c      0x64d arch/i386/rtc.32
                0x00000000c001579c                RTC::open(int, int, void*)
                0x00000000c00157a0                RTC::close(int, int, void*)
                0x00000000c00157a4                RTC::timeInSecondsUTC()
                0x00000000c00157b6                RTC::timeInDatetimeUTC()
                0x00000000c00157dc                RTC::setTimeInSecondsUTC(unsigned long long)
                0x00000000c001581a                RTC::~RTC()
                0x00000000c001581a                RTC::~RTC()
                0x00000000c001583e                RTC::~RTC()
                0x00000000c0015868                RTC::get_update_in_progress_flag()
                0x00000000c0015880                RTC::completeRTCRefresh()
                0x00000000c0015b38                RTC::setTimeInDatetimeUTC(datetime_t)
                0x00000000c0015ceb                rtcIRQHandler(regs*, void*)
                0x00000000c0015d30                RTC::RTC()
                0x00000000c0015d30                RTC::RTC()
 *fill*         0x00000000c0015de9        0x3 
 .text          0x00000000c0015dec      0x203 arch/i386/vga.32
                0x00000000c0015dec                HalConsoleScroll(int, int)
                0x00000000c0015ef4                HalConsoleWriteCharacter(char, int, int, int, int)
                0x00000000c0015f60                HalConsoleCursorUpdate(int, int)
 *fill*         0x00000000c0015fef        0x1 
 .text          0x00000000c0015ff0     0x13e7 fs/fat/vfslink.32
                0x00000000c0015ff0                FAT::getName()
                0x00000000c0015ff8                FAT::tell(void*, unsigned long long*)
                0x00000000c0016034                FAT::stat(void*, unsigned long long*)
                0x00000000c0016070                FAT::~FAT()
                0x00000000c0016070                FAT::~FAT()
                0x00000000c0016094                FAT::~FAT()
                0x00000000c00160bc                FAT::getlabel(LogicalDisk*, int, char*, unsigned int*)
                0x00000000c0016160                FAT::setlabel(LogicalDisk*, int, char*)
                0x00000000c0016224                FAT::format(LogicalDisk*, int, char const*, int)
                0x00000000c00163f8                FAT::tryMount(LogicalDisk*, int)
                0x00000000c0016610                FAT::allocateSwapfile(char const*, int)
                0x00000000c00167d0                FAT::readDir(void*, unsigned long, void*, int*)
                0x00000000c001693c                FAT::read(void*, unsigned long, void*, int*)
                0x00000000c001699c                FAT::write(void*, unsigned long, void*, int*)
                0x00000000c00169fc                FAT::close(void*)
                0x00000000c0016a50                FAT::closeDir(void*)
                0x00000000c0016aa4                FAT::seek(void*, unsigned long long)
                0x00000000c0016afc                fatWrapperReadDisk
                0x00000000c0016b40                fatWrapperWriteDisk
                0x00000000c0016b84                fatWrapperIoctl
                0x00000000c0016ca0                FAT::FAT()
                0x00000000c0016ca0                FAT::FAT()
                0x00000000c0016cf4                FAT::fixFilepath(char*)
                0x00000000c0016d30                FAT::open(char const*, void**, FileOpenMode)
                0x00000000c0016e68                FAT::openDir(char const*, void**)
                0x00000000c0016f18                FAT::stat(char const*, unsigned long long*, bool*)
                0x00000000c0017010                FAT::unlink(char const*)
                0x00000000c0017090                FAT::chfatattr(char const*, unsigned char, unsigned char)
                0x00000000c001721c                FAT::rename(char const*, char const*)
                0x00000000c00172e8                FAT::mkdir(char const*)
                0x00000000c0017368                FAT::exists(char const*)
 *fill*         0x00000000c00173d7        0x1 
 .text          0x00000000c00173d8       0xc6 fs/iso9660/helper.32
                0x00000000c00173d8                isoReadDiscSectorHelper
                0x00000000c0017434                iso_kprintf
                0x00000000c0017454                iso_kprintfd
 .text          0x00000000c001749e      0x586 fs/iso9660/vfslink.32
                0x00000000c001749e                ISO9660::format(LogicalDisk*, int, char const*, int)
                0x00000000c00174a4                ISO9660::getName()
                0x00000000c00174aa                ISO9660::closeDir(void*)
                0x00000000c00174b4                ISO9660::chfatattr(char const*, unsigned char, unsigned char)
                0x00000000c00174ba                ISO9660::unlink(char const*)
                0x00000000c00174c0                ISO9660::write(void*, unsigned long, void*, int*)
                0x00000000c00174c6                ISO9660::rename(char const*, char const*)
                0x00000000c00174cc                ISO9660::mkdir(char const*)
                0x00000000c00174d2                ISO9660::~ISO9660()
                0x00000000c00174d2                ISO9660::~ISO9660()
                0x00000000c00174f6                ISO9660::~ISO9660()
                0x00000000c001751e                ISO9660::exists(char const*)
                0x00000000c0017532                ISO9660::open(char const*, void**, FileOpenMode)
                0x00000000c00175d2                ISO9660::openDir(char const*, void**)
                0x00000000c0017662                ISO9660::read(void*, unsigned long, void*, int*)
                0x00000000c00176a2                ISO9660::seek(void*, unsigned long long)
                0x00000000c00176da                ISO9660::tell(void*, unsigned long long*)
                0x00000000c0017710                ISO9660::stat(void*, unsigned long long*)
                0x00000000c001774a                ISO9660::stat(char const*, unsigned long long*, bool*)
                0x00000000c001781c                ISO9660::close(void*)
                0x00000000c0017842                ISO9660::readDir(void*, unsigned long, void*, int*)
                0x00000000c001790f                readSectorFromCDROM(unsigned int, unsigned char*, char)
                0x00000000c001798a                ISO9660::tryMount(LogicalDisk*, int)
                0x00000000c00179fc                ISO9660::ISO9660()
                0x00000000c00179fc                ISO9660::ISO9660()
 .text          0x00000000c0017a24      0x26c hal/sound/sndcard.32
                0x00000000c0017a24                SoundCard::beginPlayback()
                0x00000000c0017a32                SoundCard::stopPlayback()
                0x00000000c0017a40                SoundCard::SoundCard(char const*)
                0x00000000c0017a40                SoundCard::SoundCard(char const*)
                0x00000000c0017ade                SoundCard::~SoundCard()
                0x00000000c0017ade                SoundCard::~SoundCard()
                0x00000000c0017b02                SoundCard::~SoundCard()
                0x00000000c0017b2c                SoundCard::configureRates(int, int, int)
                0x00000000c0017b5c                SoundCard::getSamples16(int, short*)
                0x00000000c0017bb8                SoundCard::getSamples32(int, int*)
                0x00000000c0017c3e                SoundCard::addChannel(SoundPort*)
                0x00000000c0017c7c                SoundCard::removeChannel(int)
 .text          0x00000000c0017c90      0x377 hal/sound/sndport.32
                0x00000000c0017c90                SoundPort::SoundPort(int, int, int, int)
                0x00000000c0017c90                SoundPort::SoundPort(int, int, int, int)
                0x00000000c0017d1c                SoundPort::~SoundPort()
                0x00000000c0017d1c                SoundPort::~SoundPort()
                0x00000000c0017d50                SoundPort::unpause()
                0x00000000c0017d5c                SoundPort::pause()
                0x00000000c0017d68                SoundPort::getBufferUsed()
                0x00000000c0017d70                SoundPort::getBufferSize()
                0x00000000c0017d78                SoundPort::buffer16(short*, int)
                0x00000000c0017e04                SoundPort::buffer32(int*, int)
                0x00000000c0017e8c                SoundPort::unbufferAndAdd16(int, short*, SoundCard*)
                0x00000000c0017f50                SoundPort::unbufferAndAdd32(int, int*, SoundCard*)
 .text          0x00000000c0018007        0x0 hw/bus/isa.32
 *fill*         0x00000000c0018007        0x1 
 .text          0x00000000c0018008      0xb49 hw/bus/pci.32
                0x00000000c0018008                PCI::open(int, int, void*)
                0x00000000c0018026                PCI::close(int, int, void*)
                0x00000000c001802a                PCI::PCI()
                0x00000000c001802a                PCI::PCI()
                0x00000000c00180c4                PCI::readBAR8(unsigned int, int)
                0x00000000c00180e0                PCI::readBAR16(unsigned int, int)
                0x00000000c00180fe                PCI::readBAR32(unsigned int, int)
                0x00000000c001811a                PCI::writeBAR8(unsigned int, unsigned char, int)
                0x00000000c001813a                PCI::writeBAR16(unsigned int, unsigned short, int)
                0x00000000c001815c                PCI::writeBAR32(unsigned int, unsigned int, int)
                0x00000000c001817c                PCI::legacyMechanism(unsigned char, unsigned char, unsigned char, unsigned char)
                0x00000000c00181ea                PCI::pciReadWord(unsigned char, unsigned char, unsigned char, unsigned char)
                0x00000000c0018292                PCI::getVendorID(unsigned char, unsigned char, unsigned char)
                0x00000000c00182b6                PCI::getHeaderType(unsigned char, unsigned char, unsigned char)
                0x00000000c00182de                PCI::getClassCode(unsigned char, unsigned char, unsigned char)
                0x00000000c0018328                PCI::getProgIF(unsigned char, unsigned char, unsigned char)
                0x00000000c0018350                PCI::getRevisionID(unsigned char, unsigned char, unsigned char)
                0x00000000c0018374                PCI::getInterruptNumber(unsigned char, unsigned char, unsigned char)
                0x00000000c0018398                PCI::getSecondaryBus(unsigned char, unsigned char, unsigned char)
                0x00000000c00183c0                PCI::getBARAddress(unsigned char, unsigned char, unsigned char, unsigned char)
                0x00000000c0018424                PCI::pciWriteWord(unsigned char, unsigned char, unsigned char, unsigned char, unsigned short)
                0x00000000c001850c                PCI::pciDetailsToFilepath(PCIDeviceInfo, char*)
                0x00000000c0018786                PCI::checkBus(unsigned char)
                0x00000000c00187ac                PCI::foundDevice(PCIDeviceInfo)
                0x00000000c001891e                PCI::getDeviceData(unsigned char, unsigned char, unsigned char)
                0x00000000c0018a92                PCI::checkDevice(unsigned char, unsigned char)
                0x00000000c0018afe                PCI::detect()
 *fill*         0x00000000c0018b51        0x1 
 .text          0x00000000c0018b52      0xb5a hw/diskctrl/ide.32
                0x00000000c0018b52                IDE::close(int, int, void*)
                0x00000000c0018b56                IDE::IDE()
                0x00000000c0018b56                IDE::IDE()
                0x00000000c0018b8a                IDE::prepareInterrupt(unsigned char)
                0x00000000c0018b9c                selectDrive(unsigned char, unsigned char)
                0x00000000c0018b9e                IDE::getBase(unsigned char)
                0x00000000c0018bb0                IDE::write(unsigned char, unsigned char, unsigned char)
                0x00000000c0018c70                IDE::read(unsigned char, unsigned char)
                0x00000000c0018d1e                IDE::waitInterrupt(unsigned char)
                0x00000000c0018d86                ideChannel0IRQHandler(regs*, void*)
                0x00000000c0018da2                ideChannel1IRQHandler(regs*, void*)
                0x00000000c0018dbe                IDE::enableIRQs(unsigned char, bool)
                0x00000000c0018e04                IDE::open(int, int, void*)
                0x00000000c0019212                IDE::readBuffer(unsigned char, unsigned char, unsigned int, unsigned int)
                0x00000000c00192de                IDE::detect()
                0x00000000c001959e                IDE::printError(unsigned char, unsigned char, unsigned char)
                0x00000000c001964e                IDE::polling(unsigned char, unsigned int)
 .text          0x00000000c00196ac      0x32a hw/diskctrl/satabus.32
                0x00000000c00196ac                SATABus::close(int, int, void*)
                0x00000000c00196b0                SATABus::detect()
                0x00000000c00196b2                SATABus::SATABus()
                0x00000000c00196b2                SATABus::SATABus()
                0x00000000c0019738                SATABus::findCmdslot(SATABus::tagHBA_PORT volatile*)
                0x00000000c001976a                SATABus::checkType(SATABus::tagHBA_PORT volatile*)
                0x00000000c00197b2                SATABus::startCmd(SATABus::tagHBA_PORT volatile*)
                0x00000000c00197d2                SATABus::stopCmd(SATABus::tagHBA_PORT volatile*)
                0x00000000c00197fc                SATABus::portRebase(SATABus::tagHBA_PORT volatile*, int)
                0x00000000c001990c                SATABus::probePort(SATABus::tagHBA_MEM volatile*)
                0x00000000c00199b6                SATABus::open(int, int, void*)
 .text          0x00000000c00199d6      0x5f4 hw/diskphys/ata.32
                0x00000000c00199d6                ATA::close(int, int, void*)
                0x00000000c00199fa                ATA::powerSaving(PowerSavingLevel)
                0x00000000c00199fc                ATA::ATA()
                0x00000000c00199fc                ATA::ATA()
                0x00000000c0019a2a                ATA::flush(bool)
                0x00000000c0019a74                ATA::readyForCommand()
                0x00000000c0019ac0                ATA::access(unsigned long long, int, void*, bool)
                0x00000000c0019e3c                ATA::read(unsigned long long, int, void*)
                0x00000000c0019e88                ATA::write(unsigned long long, int, void*)
                0x00000000c0019ed4                ATA::detectCHS()
                0x00000000c0019efe                ATA::open(int, int, void*)
 .text          0x00000000c0019fca      0x60e hw/diskphys/atapi.32
                0x00000000c0019fca                ATAPI::write(unsigned long long, int, void*)
                0x00000000c0019fd0                ATAPI::close(int, int, void*)
                0x00000000c0019ff4                ATAPI::ATAPI()
                0x00000000c0019ff4                ATAPI::ATAPI()
                0x00000000c001a022                ATAPI::readyForCommand()
                0x00000000c001a074                ATAPI::sendPacket(unsigned char*, int, bool, unsigned short*, int)
                0x00000000c001a334                ATAPI::diskRemoved()
                0x00000000c001a36e                ATAPI::eject()
                0x00000000c001a3b6                ATAPI::diskInserted()
                0x00000000c001a3c2                ATAPI::detectMedia()
                0x00000000c001a47e                ATAPI::open(int, int, void*)
                0x00000000c001a55e                ATAPI::read(unsigned long long, int, void*)
 .text          0x00000000c001a5d8      0x402 hw/diskphys/sata.32
                0x00000000c001a5d8                SATA::close(int, int, void*)
                0x00000000c001a5fc                SATA::powerSaving(PowerSavingLevel)
                0x00000000c001a5fe                SATA::open(int, int, void*)
                0x00000000c001a6a8                SATA::SATA()
                0x00000000c001a6a8                SATA::SATA()
                0x00000000c001a6d6                SATA::access(unsigned long long, int, void*, bool)
                0x00000000c001a922                SATA::read(unsigned long long, int, void*)
                0x00000000c001a96e                SATA::write(unsigned long long, int, void*)
 .text          0x00000000c001a9da      0x5af hw/diskphys/satapi.32
                0x00000000c001a9da                SATAPI::write(unsigned long long, int, void*)
                0x00000000c001a9e0                SATAPI::close(int, int, void*)
                0x00000000c001aa04                SATAPI::SATAPI()
                0x00000000c001aa04                SATAPI::SATAPI()
                0x00000000c001aa32                SATAPI::diskRemoved()
                0x00000000c001aa34                SATAPI::diskInserted()
                0x00000000c001aa50                SATAPI::sendPacket(unsigned char*, int, unsigned long long, unsigned short*, int)
                0x00000000c001ad30                SATAPI::eject()
                0x00000000c001ad6c                SATAPI::detectMedia()
                0x00000000c001ad92                SATAPI::open(int, int, void*)
                0x00000000c001ae92                SATAPI::read(unsigned long long, int, void*)
 *fill*         0x00000000c001af89        0x1 
 .text          0x00000000c001af8a      0x455 hw/intctrl/apic.32
                0x00000000c001af8a                IOAPIC::close(int, int, void*)
                0x00000000c001af90                apicGetBase()
                0x00000000c001afd2                IOAPIC::IOAPIC()
                0x00000000c001afd2                IOAPIC::IOAPIC()
                0x00000000c001affa                apicOpen()
                0x00000000c001b160                IOAPIC::handlesGSIWithNumber(unsigned int)
                0x00000000c001b192                IOAPIC::read(int)
                0x00000000c001b1ba                IOAPIC::open(int, int, void*)
                0x00000000c001b2ae                IOAPIC::write(int, int)
                0x00000000c001b2da                IOAPIC::redirect(unsigned char, unsigned long long, unsigned char, bool, bool)
 *fill*         0x00000000c001b3df        0x1 
 .text          0x00000000c001b3e0       0xf0 hw/timer/apictimer.32
                0x00000000c001b3e0                APICTimer::close(int, int, void*)
                0x00000000c001b3e8                apicTimerHandler(regs*, void*)
                0x00000000c001b410                APICTimer::open(int, int, void*)
                0x00000000c001b480                APICTimer::write(int)
                0x00000000c001b4a8                APICTimer::APICTimer()
                0x00000000c001b4a8                APICTimer::APICTimer()
 .text          0x00000000c001b4d0      0x1aa hw/timer/pit.32
                0x00000000c001b4d0                PIT::write(int)
                0x00000000c001b554                pitHandler(regs*, void*)
                0x00000000c001b578                PIT::open(int, int, void*)
                0x00000000c001b5c8                PIT::close(int, int, void*)
                0x00000000c001b5f8                PIT::PIT()
                0x00000000c001b5f8                PIT::PIT()
 *fill*         0x00000000c001b67a        0x6 
 .text          0x00000000c001b680       0x83 arch/i386/avx.32
                0x00000000c001b680                avxDetect
                0x00000000c001b6aa                avxSave
                0x00000000c001b6bb                avxLoad
                0x00000000c001b6cc                avxInit
                0x00000000c001b6ee                avxClose
                0x00000000c001b6ef                wouldSheSayYes
 *fill*         0x00000000c001b703        0xd 
 .text          0x00000000c001b710      0x1d6 arch/i386/interrupt.32
                0x00000000c001b710                isr0
                0x00000000c001b720                isr1
                0x00000000c001b72a                isr2
                0x00000000c001b734                isr3
                0x00000000c001b73e                isr4
                0x00000000c001b748                isr5
                0x00000000c001b752                isr6
                0x00000000c001b75c                isr7
                0x00000000c001b766                isr8
                0x00000000c001b76e                isr9
                0x00000000c001b778                isr10
                0x00000000c001b780                isr11
                0x00000000c001b788                isr12
                0x00000000c001b790                isr13
                0x00000000c001b798                isr14
                0x00000000c001b7a0                isr15
                0x00000000c001b7aa                isr16
                0x00000000c001b7b4                isr17
                0x00000000c001b7be                isr18
                0x00000000c001b7c8                irq3
                0x00000000c001b7d2                irq4
                0x00000000c001b7dc                irq5
                0x00000000c001b7e6                irq6
                0x00000000c001b7f0                irq7
                0x00000000c001b7fa                irq8
                0x00000000c001b804                irq9
                0x00000000c001b80e                irq10
                0x00000000c001b818                irq11
                0x00000000c001b822                irq12
                0x00000000c001b82c                irq13
                0x00000000c001b836                irq14
                0x00000000c001b840                irq15
                0x00000000c001b84a                irq1
                0x00000000c001b851                irq2
                0x00000000c001b858                isr96
                0x00000000c001b85f                irq0
                0x00000000c001b864                int_common_stub
                0x00000000c001b864                syscall_common_stub
                0x00000000c001b896                irq16
                0x00000000c001b8a0                irq17
                0x00000000c001b8aa                irq18
                0x00000000c001b8b4                irq19
                0x00000000c001b8be                irq20
                0x00000000c001b8c8                irq21
                0x00000000c001b8d2                irq22
                0x00000000c001b8dc                irq23
 *fill*         0x00000000c001b8e6        0xa 
 .text          0x00000000c001b8f0       0x10 arch/i386/rdrand.32
                0x00000000c001b8f0                i386GetRDRAND
 .text          0x00000000c001b900       0x39 arch/i386/sse.32
                0x00000000c001b900                absolutelyNoChanceInHell
                0x00000000c001b900                sseDetect
                0x00000000c001b918                sseSave
                0x00000000c001b920                sseLoad
                0x00000000c001b928                sseInit
                0x00000000c001b938                sseClose
 *fill*         0x00000000c001b939        0x7 
 .text          0x00000000c001b940       0x49 arch/i386/x87.32
                0x00000000c001b946                x87Detect
                0x00000000c001b961                x87Save
                0x00000000c001b968                x87Load
                0x00000000c001b96f                x87Init
                0x00000000c001b988                x87Close
 *fill*         0x00000000c001b989        0x3 
 .text          0x00000000c001b98c       0x25 /cygdrive/d/Users/Alex/Desktop/Toolchain/Output/bin/../lib/gcc/i386-banana/8.1.0/crtend.o
 .text          0x00000000c001b9b1        0x0 crtn.32
 *fill*         0x00000000c001b9b1        0x3 
 .text          0x00000000c001b9b4      0x14b /cygdrive/d/Users/Alex/Desktop/Toolchain/Output/bin/../lib/gcc/i386-banana/8.1.0/libkgcc.a(_divdi3.o)
                0x00000000c001b9b4                __divdi3
 *fill*         0x00000000c001baff        0x1 
 .text          0x00000000c001bb00      0x17e /cygdrive/d/Users/Alex/Desktop/Toolchain/Output/bin/../lib/gcc/i386-banana/8.1.0/libkgcc.a(_moddi3.o)
                0x00000000c001bb00                __moddi3
 *fill*         0x00000000c001bc7e        0x2 
 .text          0x00000000c001bc80       0xff /cygdrive/d/Users/Alex/Desktop/Toolchain/Output/bin/../lib/gcc/i386-banana/8.1.0/libkgcc.a(_udivdi3.o)
                0x00000000c001bc80                __udivdi3
 *fill*         0x00000000c001bd7f        0x1 
 .text          0x00000000c001bd80      0x11a /cygdrive/d/Users/Alex/Desktop/Toolchain/Output/bin/../lib/gcc/i386-banana/8.1.0/libkgcc.a(_umoddi3.o)
                0x00000000c001bd80                __umoddi3
 *(.gnu.linkonce.t*)

.iplt           0x00000000c001bea0        0x0
 .iplt          0x00000000c001bea0        0x0 D:/Users/Alex/Desktop/Banana/kernel/boot.32

.init           0x00000000c001be9a        0xf
 .init          0x00000000c001be9a        0x3 crti.32
                0x00000000c001be9a                _init
 .init          0x00000000c001be9d        0x5 /cygdrive/d/Users/Alex/Desktop/Toolchain/Output/bin/../lib/gcc/i386-banana/8.1.0/crtbegin.o
 .init          0x00000000c001bea2        0x5 /cygdrive/d/Users/Alex/Desktop/Toolchain/Output/bin/../lib/gcc/i386-banana/8.1.0/crtend.o
 .init          0x00000000c001bea7        0x2 crtn.32

.fini           0x00000000c001bea9        0xa
 .fini          0x00000000c001bea9        0x3 crti.32
                0x00000000c001bea9                _fini
 .fini          0x00000000c001beac        0x5 /cygdrive/d/Users/Alex/Desktop/Toolchain/Output/bin/../lib/gcc/i386-banana/8.1.0/crtbegin.o
 .fini          0x00000000c001beb1        0x2 crtn.32

.text._ZN8ComputerD2Ev
                0x00000000c001beb4       0x23
 .text._ZN8ComputerD2Ev
                0x00000000c001beb4       0x23 core/computer.32
                0x00000000c001beb4                Computer::~Computer()
                0x00000000c001beb4                Computer::~Computer()

.text._ZN8ComputerD0Ev
                0x00000000c001bed8       0x2a
 .text._ZN8ComputerD0Ev
                0x00000000c001bed8       0x2a core/computer.32
                0x00000000c001bed8                Computer::~Computer()

.text._Z10idleCommonv
                0x00000000c001bf02       0x21
 .text._Z10idleCommonv
                0x00000000c001bf02       0x21 core/idle.32
                0x00000000c001bf02                idleCommon()

.text._ZN10LinkedListI8UnixFileED2Ev
                0x00000000c001bf24        0x2
 .text._ZN10LinkedListI8UnixFileED2Ev
                0x00000000c001bf24        0x2 core/unixfile.32
                0x00000000c001bf24                LinkedList<UnixFile>::~LinkedList()
                0x00000000c001bf24                LinkedList<UnixFile>::~LinkedList()

.text._ZN10LinkedListI8UnixFileEC2Ev
                0x00000000c001bf26       0x42
 .text._ZN10LinkedListI8UnixFileEC2Ev
                0x00000000c001bf26       0x42 core/unixfile.32
                0x00000000c001bf26                LinkedList<UnixFile>::LinkedList()
                0x00000000c001bf26                LinkedList<UnixFile>::LinkedList()

.text._ZN10LinkedListI8UnixFileE10addElementEPS0_
                0x00000000c001bf68       0xd3
 .text._ZN10LinkedListI8UnixFileE10addElementEPS0_
                0x00000000c001bf68       0xd3 core/unixfile.32
                0x00000000c001bf68                LinkedList<UnixFile>::addElement(UnixFile*)

.text._ZN10LinkedListI8UnixFileE15getFirstElementEv
                0x00000000c001c03c        0x7
 .text._ZN10LinkedListI8UnixFileE15getFirstElementEv
                0x00000000c001c03c        0x7 core/unixfile.32
                0x00000000c001c03c                LinkedList<UnixFile>::getFirstElement()

.text._ZN10LinkedListI8UnixFileE11removeFirstEv
                0x00000000c001c044       0xa1
 .text._ZN10LinkedListI8UnixFileE11removeFirstEv
                0x00000000c001c044       0xa1 core/unixfile.32
                0x00000000c001c044                LinkedList<UnixFile>::removeFirst()

.text._ZN10LinkedListI8UnixFileE7getNextEPS0_
                0x00000000c001c0e6        0x8
 .text._ZN10LinkedListI8UnixFileE7getNextEPS0_
                0x00000000c001c0e6        0x8 core/unixfile.32
                0x00000000c001c0e6                LinkedList<UnixFile>::getNext(UnixFile*)

.text._ZN16DriverlessDeviceD2Ev
                0x00000000c001c0ee       0x1a
 .text._ZN16DriverlessDeviceD2Ev
                0x00000000c001c0ee       0x1a hal/device.32
                0x00000000c001c0ee                DriverlessDevice::~DriverlessDevice()
                0x00000000c001c0ee                DriverlessDevice::~DriverlessDevice()

.text._ZN16DriverlessDeviceD0Ev
                0x00000000c001c108       0x2a
 .text._ZN16DriverlessDeviceD0Ev
                0x00000000c001c108       0x2a hal/device.32
                0x00000000c001c108                DriverlessDevice::~DriverlessDevice()

.text._ZN10LinkedListI6DeviceE10addElementEPS0_
                0x00000000c001c132       0xdc
 .text._ZN10LinkedListI6DeviceE10addElementEPS0_
                0x00000000c001c132       0xdc hal/device.32
                0x00000000c001c132                LinkedList<Device>::addElement(Device*)

.text._ZN10LinkedListI6DeviceEC2Ev
                0x00000000c001c20e       0x42
 .text._ZN10LinkedListI6DeviceEC2Ev
                0x00000000c001c20e       0x42 hal/device.32
                0x00000000c001c20e                LinkedList<Device>::LinkedList()
                0x00000000c001c20e                LinkedList<Device>::LinkedList()

.text._ZN10LinkedListIV18ThreadControlBlockE7isEmptyEv
                0x00000000c001c250       0x1c
 .text._ZN10LinkedListIV18ThreadControlBlockE7isEmptyEv
                0x00000000c001c250       0x1c hal/timer.32
                0x00000000c001c250                LinkedList<ThreadControlBlock volatile>::isEmpty()

.text._ZN10LinkedListIV18ThreadControlBlockE15getFirstElementEv
                0x00000000c001c26c        0x7
 .text._ZN10LinkedListIV18ThreadControlBlockE15getFirstElementEv
                0x00000000c001c26c        0x7 hal/timer.32
                0x00000000c001c26c                LinkedList<ThreadControlBlock volatile>::getFirstElement()

.text._ZN10LinkedListIV18ThreadControlBlockE11removeFirstEv
                0x00000000c001c274       0xb8
 .text._ZN10LinkedListIV18ThreadControlBlockE11removeFirstEv
                0x00000000c001c274       0xb8 hal/timer.32
                0x00000000c001c274                LinkedList<ThreadControlBlock volatile>::removeFirst()

.text._ZN10LinkedListIV18ThreadControlBlockE10addElementEPS1_
                0x00000000c001c32c       0xda
 .text._ZN10LinkedListIV18ThreadControlBlockE10addElementEPS1_
                0x00000000c001c32c       0xda hal/timer.32
                0x00000000c001c32c                LinkedList<ThreadControlBlock volatile>::addElement(ThreadControlBlock volatile*)

.text._ZN4ACPID2Ev
                0x00000000c001c408       0x23
 .text._ZN4ACPID2Ev
                0x00000000c001c408       0x23 hw/acpi.32
                0x00000000c001c408                ACPI::~ACPI()
                0x00000000c001c408                ACPI::~ACPI()

.text._ZN4ACPID0Ev
                0x00000000c001c42c       0x2a
 .text._ZN4ACPID0Ev
                0x00000000c001c42c       0x2a hw/acpi.32
                0x00000000c001c42c                ACPI::~ACPI()

.text._ZN10LinkedListI6DeviceED2Ev