Archive member included to satisfy reference by file (symbol)

/cygdrive/d/Users/Alex/Desktop/Toolchain/Output/bin/../lib/gcc/i386-banana/8.1.0/libkgcc.a(_divdi3.o)
                              fs/fat/ff.32 (__divdi3)
/cygdrive/d/Users/Alex/Desktop/Toolchain/Output/bin/../lib/gcc/i386-banana/8.1.0/libkgcc.a(_moddi3.o)
                              compat/resolve.32 (__moddi3)
/cygdrive/d/Users/Alex/Desktop/Toolchain/Output/bin/../lib/gcc/i386-banana/8.1.0/libkgcc.a(_udivdi3.o)
                              fs/fat/ff.32 (__udivdi3)
/cygdrive/d/Users/Alex/Desktop/Toolchain/Output/bin/../lib/gcc/i386-banana/8.1.0/libkgcc.a(_umoddi3.o)
                              compat/resolve.32 (__umoddi3)
D:/Users/Alex/Desktop/Banana/kernel/libsoftfp.a(sfieeelib.o)
                              hal/libresample/src_linear.32 (__subsf3)
D:/Users/Alex/Desktop/Banana/kernel/libsoftfp.a(dfieeelib.o)
                              hal/libresample/src_linear.32 (__adddf3)
D:/Users/Alex/Desktop/Banana/kernel/libsoftfp.a(sfdfcvt.o)
                              hal/libresample/samplerate.32 (__truncdfsf2)
D:/Users/Alex/Desktop/Banana/kernel/libk/libm32.a(s_fabs.c.o)
                              hal/libresample/samplerate.32 (fabs)
D:/Users/Alex/Desktop/Banana/kernel/libk/libm32.a(s_lrint.S.o)
                              hal/libresample/samplerate.32 (lrint)
D:/Users/Alex/Desktop/Banana/kernel/libk/libm32.a(s_lrintf.S.o)
                              hal/sound/sndhw.32 (lrintf)

Discarded input sections

 .comment       0x0000000000000000       0x12 /cygdrive/d/Users/Alex/Desktop/Toolchain/Output/bin/../lib/gcc/i386-banana/8.1.0/crtbegin.o
 .comment       0x0000000000000000       0x12 acpica/utclib.32
 .comment       0x0000000000000000       0x12 core/malloc.32
 .comment       0x0000000000000000       0x12 libk/string.32
 .comment       0x0000000000000000       0x12 fs/fat/diskio.32
 .comment       0x0000000000000000       0x12 fs/fat/ff.32
 .comment       0x0000000000000000       0x12 fs/fat/ffsystem.32
 .comment       0x0000000000000000       0x12 fs/fat/ffunicode.32
 .comment       0x0000000000000000       0x12 hal/libresample/samplerate.32
 .comment       0x0000000000000000       0x12 hal/libresample/src_linear.32
 .comment       0x0000000000000000       0x12 hal/libresample/src_sinc.32
 .comment       0x0000000000000000       0x12 hal/libresample/src_zoh.32
 .comment       0x0000000000000000       0x12 compat/inlines.32
 .comment       0x0000000000000000       0x12 compat/resolve.32
 .group         0x0000000000000000       0x14 core/computer.32
 .group         0x0000000000000000        0xc core/computer.32
 .comment       0x0000000000000000       0x12 core/computer.32
 .comment       0x0000000000000000       0x12 core/gdt.32
 .group         0x0000000000000000        0xc core/idle.32
 .comment       0x0000000000000000       0x12 core/idle.32
 .comment       0x0000000000000000       0x12 core/idt.32
 .comment       0x0000000000000000       0x12 core/kheap.32
 .comment       0x0000000000000000       0x12 core/main.32
 .comment       0x0000000000000000       0x12 core/physmgr.32
 .group         0x0000000000000000        0xc core/pipe.32
 .comment       0x0000000000000000       0x12 core/pipe.32
 .group         0x0000000000000000        0xc core/terminal.32
 .comment       0x0000000000000000       0x12 core/terminal.32
 .comment       0x0000000000000000       0x12 core/tss.32
 .group         0x0000000000000000        0x8 core/unixfile.32
 .group         0x0000000000000000        0x8 core/unixfile.32
 .group         0x0000000000000000        0xc core/unixfile.32
 .group         0x0000000000000000        0x8 core/unixfile.32
 .group         0x0000000000000000        0xc core/unixfile.32
 .group         0x0000000000000000        0x8 core/unixfile.32
 .group         0x0000000000000000        0xc core/unixfile.32
 .group         0x0000000000000000        0xc core/unixfile.32
 .comment       0x0000000000000000       0x12 core/unixfile.32
 .comment       0x0000000000000000       0x12 core/virtmgr.32
 .comment       0x0000000000000000       0x12 coreobjs/c++.32
 .comment       0x0000000000000000       0x12 dbg/kconsole.32
 .group         0x0000000000000000        0xc fs/vfs.32
 .group         0x0000000000000000        0xc fs/vfs.32
 .group         0x0000000000000000        0xc fs/vfs.32
 .comment       0x0000000000000000       0x12 fs/vfs.32
 .group         0x0000000000000000        0xc hal/bus.32
 .comment       0x0000000000000000       0x12 hal/bus.32
 .group         0x0000000000000000        0xc hal/buzzer.32
 .comment       0x0000000000000000       0x12 hal/buzzer.32
 .group         0x0000000000000000        0xc hal/clock.32
 .comment       0x0000000000000000       0x12 hal/clock.32
 .group         0x0000000000000000       0x14 hal/device.32
 .group         0x0000000000000000        0xc hal/device.32
 .group         0x0000000000000000        0x8 hal/device.32
 .group         0x0000000000000000        0xc hal/device.32
[...]
Memory Configuration

Name             Origin             Length             Attributes
*default*        0x0000000000000000 0xffffffffffffffff

Linker script and memory map

LOAD D:/Users/Alex/Desktop/Banana/kernel/boot.32
LOAD crti.32
LOAD /cygdrive/d/Users/Alex/Desktop/Toolchain/Output/bin/../lib/gcc/i386-banana/8.1.0/crtbegin.o
LOAD D:/Users/Alex/Desktop/Banana/kernel/morenasm.32
LOAD acpica/utclib.32
LOAD core/malloc.32
LOAD libk/string.32
LOAD fs/fat/diskio.32
LOAD fs/fat/ff.32
LOAD fs/fat/ffsystem.32
LOAD fs/fat/ffunicode.32
LOAD hal/libresample/samplerate.32
LOAD hal/libresample/src_linear.32
LOAD hal/libresample/src_sinc.32
LOAD hal/libresample/src_zoh.32
LOAD compat/inlines.32
LOAD compat/resolve.32
LOAD core/computer.32
LOAD core/gdt.32
LOAD core/idle.32
LOAD core/idt.32
LOAD core/kheap.32
LOAD core/main.32
LOAD core/physmgr.32
LOAD core/pipe.32
LOAD core/terminal.32
LOAD core/tss.32
LOAD core/unixfile.32
LOAD core/virtmgr.32
LOAD coreobjs/c++.32
LOAD dbg/kconsole.32
LOAD fs/vfs.32
LOAD hal/bus.32
LOAD hal/buzzer.32
LOAD hal/clock.32
LOAD hal/device.32
LOAD hal/diskctrl.32
LOAD hal/diskphys.32
LOAD hal/fpu.32
LOAD hal/intctrl.32
LOAD hal/keybrd.32
LOAD hal/logidisk.32
LOAD hal/mouse.32
LOAD hal/partition.32
LOAD hal/serial.32
LOAD hal/timer.32
LOAD hal/vcache.32
LOAD hal/video.32
LOAD hw/acpi.32
LOAD hw/cpu.32
LOAD hw/ports.32
LOAD hw/smp.32
LOAD krnl/env.32
LOAD krnl/panic.32
LOAD net/ethernet.32
LOAD reg/registry.32
LOAD sys/sc_eject.32
LOAD sys/sc_exit.32
LOAD sys/sc_getcwd.32
LOAD sys/sc_getpid.32
LOAD sys/sc_getramdata.32
LOAD sys/sc_getvgaptr.32
LOAD sys/sc_loaddll.32
LOAD sys/sc_read.32
LOAD sys/sc_sbrk.32
LOAD sys/sc_setcwd.32
LOAD sys/sc_settime.32
LOAD sys/sc_timezone.32
LOAD sys/sc_write.32
LOAD sys/sc_wsbe.32
LOAD sys/sc_yield.32
LOAD sys/syscalls.32
LOAD thr/elf.32
LOAD thr/prcssthr.32
LOAD vm86/vm8086.32
LOAD vm86/x87em.32
LOAD fs/fat/vfslink.32
LOAD fs/iso9660/vfslink.32
LOAD hal/sound/sndchannel.32
LOAD hal/sound/sndhw.32
LOAD hw/bus/isa.32
LOAD hw/bus/pci.32
LOAD hw/diskctrl/ide.32
LOAD hw/diskctrl/satabus.32
LOAD hw/diskphys/ata.32
LOAD hw/diskphys/atapi.32
LOAD hw/diskphys/sata.32
LOAD hw/diskphys/satapi.32
LOAD hw/fpu/avx.32
LOAD hw/fpu/mmx.32
LOAD hw/fpu/sse.32
LOAD hw/fpu/x87.32
LOAD hw/intctrl/apic.32
LOAD hw/intctrl/pic.32
LOAD hw/timer/apictimer.32
LOAD hw/timer/pit.32
LOAD hw/fpu/x86/avx.32
LOAD hw/fpu/x86/sse.32
LOAD hw/fpu/x86/x87.32
LOAD /cygdrive/d/Users/Alex/Desktop/Toolchain/Output/bin/../lib/gcc/i386-banana/8.1.0/crtend.o
LOAD crtn.32
LOAD /cygdrive/d/Users/Alex/Desktop/Toolchain/Output/bin/../lib/gcc/i386-banana/8.1.0/libkgcc.a
LOAD D:/Users/Alex/Desktop/Banana/kernel/libsoftfp.a
LOAD D:/Users/Alex/Desktop/Banana/kernel/libk/libm32.a
                0x00000000c0000000                . = 0xc0000000

.text           0x00000000c0000000    0x282e8
 *(.text)
 .text          0x00000000c0000000       0x41 D:/Users/Alex/Desktop/Banana/kernel/boot.32
                0x00000000c0000020                callGlobalConstructors
 .text          0x00000000c0000041        0x0 crti.32
 *fill*         0x00000000c0000041        0x3 
 .text          0x00000000c0000044      0x101 /cygdrive/d/Users/Alex/Desktop/Toolchain/Output/bin/../lib/gcc/i386-banana/8.1.0/crtbegin.o
 *fill*         0x00000000c0000145        0xb 
 .text          0x00000000c0000150      0x4fb D:/Users/Alex/Desktop/Banana/kernel/morenasm.32
                0x00000000c0000150                manualPCIProbe
                0x00000000c000019b                prepareTramp
                0x00000000c00001b4                voodooXADD
                0x00000000c000027f                doTPAUSE
                0x00000000c0000289                hasLegacyFPU
                0x00000000c00002ae                is486
                0x00000000c00002e4                detectCPUID
                0x00000000c00002fa                goToVM86
                0x00000000c000032a                goToUsermode
                0x00000000c0000354                switchToThreadASMFirstTime
                0x00000000c0000362                switchToThreadASM
                0x00000000c00003f2                asmQuickAcquireLock
                0x00000000c0000410                asmQuickReleaseLock
                0x00000000c000041c                asmAcquireLock
                0x00000000c000043d                asmReleaseLock
                0x00000000c0000450                loadGDT
                0x00000000c0000470                isr0
                0x00000000c0000480                isr1
                0x00000000c000048a                isr2
                0x00000000c0000494                isr3
                0x00000000c000049e                isr4
                0x00000000c00004a8                isr5
                0x00000000c00004b2                isr6
                0x00000000c00004bc                isr7
                0x00000000c00004c6                isr8
                0x00000000c00004ce                isr9
                0x00000000c00004d8                isr10
                0x00000000c00004e0                isr11
                0x00000000c00004e8                isr12
                0x00000000c00004f0                isr13
                0x00000000c00004f8                isr14
                0x00000000c0000500                isr15
                0x00000000c000050a                isr16
                0x00000000c0000514                isr17
                0x00000000c000051e                isr18
                0x00000000c0000528                irq3
                0x00000000c0000532                irq4
                0x00000000c000053c                irq5
                0x00000000c0000546                irq6
                0x00000000c0000550                irq7
                0x00000000c000055a                irq8
                0x00000000c0000564                irq9
                0x00000000c000056e                irq10
                0x00000000c0000578                irq11
                0x00000000c0000582                irq12
                0x00000000c000058c                irq13
                0x00000000c0000596                irq14
                0x00000000c00005a0                irq15
                0x00000000c00005aa                irq1
                0x00000000c00005b1                irq2
                0x00000000c00005b8                isr96
                0x00000000c00005bf                irq0
                0x00000000c00005c4                syscall_common_stub
                0x00000000c00005c4                int_common_stub
                0x00000000c00005f6                irq16
                0x00000000c0000600                irq17
                0x00000000c000060a                irq18
                0x00000000c0000614                irq19
                0x00000000c000061e                irq20
                0x00000000c0000628                irq21
                0x00000000c0000632                irq22
                0x00000000c000063c                irq23
                0x00000000c0000646                memcpy
 *fill*         0x00000000c000064b        0x1 
 .text          0x00000000c000064c      0x5dd acpica/utclib.32
                0x00000000c000064c                memcmp
                0x00000000c0000688                memmove
                0x00000000c0000750                memset
                0x00000000c000076c                strlen
                0x00000000c0000784                strpbrk
                0x00000000c00007c0                strtok
                0x00000000c000080c                strcpy
                0x00000000c0000830                strncpy
                0x00000000c0000898                strcmp
                0x00000000c00008d8                strchr
                0x00000000c00008fc                strncmp
                0x00000000c000094c                strcat
                0x00000000c000097c                strncat
                0x00000000c00009b8                strstr
                0x00000000c0000a00                toupper
                0x00000000c0000a14                tolower
                0x00000000c0000a28                simple_strtoul
 .text          0x00000000c0000c29      0xfad core/malloc.32
                0x00000000c0000d94                dlfree
                0x00000000c00010ef                dlmalloc
                0x00000000c000162c                dlrealloc
                0x00000000c00017cf                dlmemalign
                0x00000000c00018f2                dlcalloc
                0x00000000c000198c                dlcfree
                0x00000000c0001991                dlindependent_calloc
                0x00000000c00019b6                dlindependent_comalloc
                0x00000000c00019cd                dlvalloc
                0x00000000c00019f8                dlpvalloc
                0x00000000c0001a2e                dlmalloc_trim
                0x00000000c0001a3b                dlmalloc_usable_size
                0x00000000c0001a6c                dlmallinfo
                0x00000000c0001b3b                dlmalloc_stats
                0x00000000c0001b4c                dlmallopt
 .text          0x00000000c0001bd6        0x0 libk/string.32
 .text          0x00000000c0001bd6       0x51 fs/fat/diskio.32
                0x00000000c0001bd6                disk_status
                0x00000000c0001bd9                disk_initialize
                0x00000000c0001bdc                disk_read
                0x00000000c0001bf2                disk_write
                0x00000000c0001c08                disk_ioctl
 .text          0x00000000c0001c27     0x6833 fs/fat/ff.32
                0x00000000c0004ef5                f_mount
                0x00000000c0004f57                f_open
                0x00000000c0005393                f_read
                0x00000000c0005613                f_write
                0x00000000c00058cd                f_sync
                0x00000000c0005aa9                f_close
                0x00000000c0005ad8                f_lseek
                0x00000000c0005f8f                f_opendir
                0x00000000c0006091                f_closedir
                0x00000000c00060b3                f_readdir
                0x00000000c000614e                f_stat
                0x00000000c00061dd                f_getfree
                0x00000000c00063a8                f_truncate
                0x00000000c00064a0                f_unlink
                0x00000000c0006623                f_mkdir
                0x00000000c000684f                f_rename
                0x00000000c0006b42                f_chmod
                0x00000000c0006c20                f_utime
                0x00000000c0006cfe                f_getlabel
                0x00000000c0006eec                f_setlabel
                0x00000000c0007159                f_forward
                0x00000000c0007337                f_mkfs
 .text          0x00000000c000845a       0x2d fs/fat/ffsystem.32
                0x00000000c000845a                ff_memalloc
                0x00000000c0008470                ff_memfree
 .text          0x00000000c0008487      0x253 fs/fat/ffunicode.32
                0x00000000c0008487                ff_uni2oem
                0x00000000c0008517                ff_oem2uni
                0x00000000c0008583                ff_wtoupper
 .text          0x00000000c00086da      0x8fb hal/libresample/samplerate.32
                0x00000000c000871e                src_delete
                0x00000000c000875a                src_process
                0x00000000c0008910                src_callback_read
                0x00000000c0008a8d                src_set_ratio
                0x00000000c0008af7                src_get_channels
                0x00000000c0008b19                src_reset
                0x00000000c0008b65                src_new
                0x00000000c0008bf3                src_callback_new
                0x00000000c0008c55                src_get_name
                0x00000000c0008c8c                src_get_description
                0x00000000c0008cc3                src_get_version
                0x00000000c0008cc9                src_is_valid_ratio
                0x00000000c0008d1d                src_error
                0x00000000c0008d2b                src_strerror
                0x00000000c0008d3e                src_simple
                0x00000000c0008d91                src_short_to_float_array
                0x00000000c0008df6                src_float_to_short_array
                0x00000000c0008eb5                src_int_to_float_array
                0x00000000c0008f18                src_float_to_int_array
 .text          0x00000000c0008fd5      0x8cb hal/libresample/src_linear.32
                0x00000000c00097fb                linear_get_name
                0x00000000c000980a                linear_get_description
                0x00000000c0009819                linear_set_converter
 .text          0x00000000c00098a0     0x447c hal/libresample/src_sinc.32
                0x00000000c000dc33                sinc_get_name
                0x00000000c000dc46                sinc_get_description
                0x00000000c000dc59                sinc_set_converter
 .text          0x00000000c000dd1c      0x77c hal/libresample/src_zoh.32
                0x00000000c000e3f3                zoh_get_name
                0x00000000c000e402                zoh_get_description
                0x00000000c000e411                zoh_set_converter
 .text          0x00000000c000e498       0xa7 compat/inlines.32
                0x00000000c000e498                CPU::current()
                0x00000000c000e4a4                operator new(unsigned long)
                0x00000000c000e4a9                operator delete(void*)
                0x00000000c000e4ae                disableIRQs()
                0x00000000c000e4b6                enableIRQs()
                0x00000000c000e4c5                lockScheduler()
                0x00000000c000e4cd                unlockScheduler()
                0x00000000c000e4dc                lockStuff()
                0x00000000c000e4ea                unlockStuff()
                0x00000000c000e524                Virt::getAKernelVAS()
                0x00000000c000e52a                __not_memcpy
 .text          0x00000000c000e53f      0x111 compat/resolve.32
                0x00000000c000e53f                Krnl::resolveCompatibilitySymbol(char*)
 .text          0x00000000c000e650      0x741 core/computer.32
                0x00000000c000e650                Computer::close(int, int, void*)
                0x00000000c000e694                Krnl::firstTask()
                0x00000000c000e7d6                Computer::Computer()
                0x00000000c000e7d6                Computer::Computer()
                0x00000000c000e932                Computer::setBootMessage(char const*)
                0x00000000c000e934                Computer::detectFeatures()
                0x00000000c000eb3e                Computer::displayFeatures()
                0x00000000c000eb40                Computer::rdmsr(unsigned int)
                0x00000000c000eb6c                Computer::wrmsr(unsigned int, unsigned long long)
                0x00000000c000eba4                Computer::nmiEnabled()
                0x00000000c000ebb0                Computer::readCMOS(unsigned char)
                0x00000000c000ebca                Computer::enableNMI(bool)
                0x00000000c000ebe2                Computer::open(int, int, void*)
                0x00000000c000ecd4                Computer::disableNMI()
                0x00000000c000ece2                Computer::writeCMOS(unsigned char, unsigned char)
                0x00000000c000ed00                Computer::handleNMI()
                0x00000000c000ed66                Computer::setDiskActivityLight(int, bool)
 *fill*         0x00000000c000ed91        0x1 
 .text          0x00000000c000ed92      0x19d core/gdt.32
                0x00000000c000ed92                GDTEntry::setBase(unsigned int)
                0x00000000c000edae                GDTEntry::setLimit(unsigned int)
                0x00000000c000edcc                GDT::GDT()
                0x00000000c000edcc                GDT::GDT()
                0x00000000c000ede2                GDT::addEntry(GDTEntry)
                0x00000000c000ee04                GDT::getNumberOfEntries()
                0x00000000c000ee0c                GDT::flush()
                0x00000000c000ee2e                GDT::setup()
 .text          0x00000000c000ef2f       0x6b core/idle.32
                0x00000000c000ef2f                idleFunction(void*)
 .text          0x00000000c000ef9a      0x45e core/idt.32
                0x00000000c000ef9a                IDTEntry::IDTEntry(bool)
                0x00000000c000ef9a                IDTEntry::IDTEntry(bool)
                0x00000000c000f008                IDTEntry::setOffset(unsigned int)
                0x00000000c000f01c                IDT::IDT()
                0x00000000c000f01c                IDT::IDT()
                0x00000000c000f01e                IDT::getPointerToInvalidOpcodeEntryForF00F()
                0x00000000c000f026                IDT::addEntry(IDTEntry, int)
                0x00000000c000f040                IDT::addEntry(int, void (*)(), bool)
                0x00000000c000f078                IDT::flush()
                0x00000000c000f092                IDT::setup()
 .text          0x00000000c000f3f8      0x1fe core/kheap.32
                0x00000000c000f3f8                sbrk
                0x00000000c000f505                mmap
                0x00000000c000f51b                munmap
                0x00000000c000f531                liballoc_lock()
                0x00000000c000f53e                liballoc_unlock()
                0x00000000c000f552                liballoc_alloc(int)
                0x00000000c000f56d                liballoc_free(void*, int)
                0x00000000c000f588                realloc
                0x00000000c000f59c                malloc
                0x00000000c000f5ac                free
                0x00000000c000f5bc                rfree
                0x00000000c000f5cc                calloc
 .text          0x00000000c000f5f6      0x1b6 core/main.32
                0x00000000c000f5f6                Krnl::setBootMessage(char const*)
                0x00000000c000f662                kernel_main
 .text          0x00000000c000f7ac      0x55a core/physmgr.32
                0x00000000c000f7ac                Phys::allocateDMA(unsigned long)
                0x00000000c000f84f                Phys::freeDMA(unsigned long, unsigned long)
                0x00000000c000f897                Phys::setPageState(unsigned long, bool)
                0x00000000c000f8c9                Phys::getPageState(unsigned long)
                0x00000000c000f8e5                Phys::freePage(unsigned long)
                0x00000000c000f940                Phys::allocatePage()
                0x00000000c000fa0e                Phys::allocateContiguousPages(int)
                0x00000000c000fa6a                Phys::allowSegmentToBeUsed(unsigned long, unsigned long)
                0x00000000c000faa2                Phys::physicalMemorySetup(unsigned int)
 .text          0x00000000c000fd06      0x273 core/pipe.32
                0x00000000c000fd06                Pipe::isAtty()
                0x00000000c000fd0a                Pipe::~Pipe()
                0x00000000c000fd0a                Pipe::~Pipe()
                0x00000000c000fd2e                Pipe::~Pipe()
                0x00000000c000fd56                Pipe::read(unsigned long long, void*, int*)
                0x00000000c000fe52                Pipe::write(unsigned long long, void*, int*)
                0x00000000c000ff12                Pipe::Pipe(int)
                0x00000000c000ff12                Pipe::Pipe(int)
 *fill*         0x00000000c000ff79        0x1 
 .text          0x00000000c000ff7a      0xb91 core/terminal.32
                0x00000000c000ff7a                VgaText::isAtty()
                0x00000000c000ff7e                VgaText::~VgaText()
                0x00000000c000ff7e                VgaText::~VgaText()
                0x00000000c000ffa2                VgaText::~VgaText()
                0x00000000c000ffcc                VgaText::read(unsigned long long, void*, int*)
                0x00000000c000ffec                setTerminalScrollLock(bool)
                0x00000000c000ffed                addToTerminalCycle(VgaText*)
                0x00000000c001000e                installVgaTextImplementation()
                0x00000000c0010023                scrollTerminalScrollLock(int)
                0x00000000c0010024                VgaText::updateTitle()
                0x00000000c0010062                VgaText::load()
                0x00000000c00100b0                VgaText::updateCursor()
                0x00000000c00100c6                VgaText::doANSI_SGR(int)
                0x00000000c001013a                VgaText::setDefaultBgColour(VgaColour)
                0x00000000c001014a                VgaText::setDefaultFgColour(VgaColour)
                0x00000000c001015a                VgaText::setDefaultColours(VgaColour, VgaColour)
                0x00000000c001017a                VgaText::setTitleTextColour(VgaColour)
                0x00000000c001018a                VgaText::setTitleColour(VgaColour)
                0x00000000c001019a                VgaText::setTitle(char*)
                0x00000000c00101c0                VgaText::combineColours(unsigned char, unsigned char)
                0x00000000c00101d2                VgaText::scrollScreen()
                0x00000000c0010266                VgaText::combineCharAndColour(char, unsigned char)
                0x00000000c0010278                VgaText::writeCharacter(char, VgaColour, VgaColour, int, int)
                0x00000000c00102d4                VgaText::getCursorX()
                0x00000000c00102dc                VgaText::getCursorY()
                0x00000000c00102e4                VgaText::setCursor(int, int)
                0x00000000c00102fb                setActiveTerminal(VgaText*)
                0x00000000c001035d                doTerminalCycle()
                0x00000000c0010378                VgaText::setCursorX(int)
                0x00000000c0010390                VgaText::setCursorY(int)
                0x00000000c00103a8                VgaText::incrementCursor(bool)
                0x00000000c00103fc                VgaText::decrementCursor(bool)
                0x00000000c001041e                VgaText::putchar(char, VgaColour, VgaColour)
                0x00000000c00104f6                VgaText::doUpdate()
                0x00000000c0010504                VgaText::puts(char const*, VgaColour, VgaColour)
                0x00000000c001067c                VgaText::clearScreen()
                0x00000000c00106d6                VgaText::putchar(char)
                0x00000000c00107c2                VgaText::putx(unsigned int)
                0x00000000c0010808                VgaText::puts(char const*)
                0x00000000c001082e                VgaText::VgaText(char const*)
                0x00000000c001082e                VgaText::VgaText(char const*)
                0x00000000c00109aa                VgaText::receiveKey(unsigned char)
                0x00000000c0010a92                VgaText::write(unsigned long long, void*, int*)
                0x00000000c0010ae6                newTerminal(char*)
 *fill*         0x00000000c0010b0b        0x1 
 .text          0x00000000c0010b0c      0x19d core/tss.32
                0x00000000c0010b0c                TSS::TSS()
                0x00000000c0010b0c                TSS::TSS()
                0x00000000c0010b1a                TSS::setESP(unsigned long)
                0x00000000c0010b2c                TSS::flush()
                0x00000000c0010b4c                TSS::setup(unsigned long, unsigned long)
 *fill*         0x00000000c0010ca9        0x1 
 .text          0x00000000c0010caa      0x4c2 core/unixfile.32
                0x00000000c0010caa                ReservedFilename::read(unsigned long long, void*, int*)
                0x00000000c0010d00                ReservedFilename::isAtty()
                0x00000000c0010d1c                ReservedFilename::write(unsigned long long, void*, int*)
                0x00000000c0010d7a                UnixFile::getFileDescriptor()
                0x00000000c0010d82                UnixFile::UnixFile(int)
                0x00000000c0010d82                UnixFile::UnixFile(int)
                0x00000000c0010f32                ReservedFilename::ReservedFilename(int)
                0x00000000c0010f32                ReservedFilename::ReservedFilename(int)
                0x00000000c0010f64                UnixFile::~UnixFile()
                0x00000000c0010f64                UnixFile::~UnixFile()
                0x00000000c0010ffc                UnixFile::~UnixFile()
                0x00000000c0011024                ReservedFilename::~ReservedFilename()
                0x00000000c0011024                ReservedFilename::~ReservedFilename()
                0x00000000c0011048                ReservedFilename::~ReservedFilename()
                0x00000000c001106f                getFromFileDescriptor(int)
 .text          0x00000000c001116c     0x1333 core/virtmgr.32
                0x00000000c001116c                Virt::setPageState(unsigned long, Virt::VirtPageState)
                0x00000000c00111a1                Virt::getPageState(unsigned long)
                0x00000000c00111c5                Virt::allocateKernelVirtualPages(int)
                0x00000000c00112d6                Virt::freeSwapfilePage(unsigned long)
                0x00000000c00112f4                Virt::swapIDToSector(unsigned long)
                0x00000000c0011306                Virt::allocateSwapfilePage()
                0x00000000c0011384                Virt::virtualMemorySetup()
                0x00000000c00113cf                Virt::setupPageSwapping(int)
                0x00000000c0011556                VAS::VAS()
                0x00000000c0011556                VAS::VAS()
                0x00000000c0011592                VAS::VAS(VAS*)
                0x00000000c0011592                VAS::VAS(VAS*)
                0x00000000c00115c0                VAS::getForeignPageTableEntry(bool, unsigned long)
                0x00000000c00115ec                VAS::getPageTableEntry(unsigned long)
                0x00000000c001160b                Virt::freeKernelVirtualPages(unsigned long)
                0x00000000c001172e                VAS::freeAllocatedPages(unsigned long)
                0x00000000c0011752                VAS::virtualToPhysical(unsigned long)
                0x00000000c001176a                VAS::reflagRange(unsigned long, int, int, int)
                0x00000000c00117aa                VAS::setToWriteCombining(unsigned long, int)
                0x00000000c00117dc                VAS::mapOtherVASIn(bool, VAS*)
                0x00000000c0011806                VAS::~VAS()
                0x00000000c0011806                VAS::~VAS()
                0x00000000c0011982                VAS::mapPage(unsigned long, unsigned long, int)
                0x00000000c0011aa6                VAS::allocatePages(int, int)
                0x00000000c0011c7e                VAS::setCPUSpecific(unsigned long)
                0x00000000c0011c9a                VAS::mapRange(unsigned long, unsigned long, int, int)
                0x00000000c0011d60                VAS::mapForeignPage(bool, VAS*, unsigned long, unsigned long, int)
                0x00000000c0011e4e                VAS::VAS(bool)
                0x00000000c0011e4e                VAS::VAS(bool)
                0x00000000c00120ce                VAS::evict(unsigned long)
                0x00000000c0012190                VAS::tryLoadBackOffDisk(unsigned long)
                0x00000000c00122f8                VAS::scanForEviction()
                0x00000000c00123e3                mapVASFirstTime
 .text          0x00000000c001249f       0x95 coreobjs/c++.32
                0x00000000c001249f                __cxa_atexit
                0x00000000c00124a2                __cxa_finalize
                0x00000000c00124a3                __stack_chk_fail
                0x00000000c001250f                __cxa_pure_virtual
                0x00000000c0012520                operator new[](unsigned long)
                0x00000000c0012525                operator delete(void*, unsigned long)
                0x00000000c001252a                operator delete[](void*)
                0x00000000c001252f                operator delete[](void*, unsigned long)
 .text          0x00000000c0012534      0x1e7 dbg/kconsole.32
                0x00000000c0012534                Dbg::stringifyxWithBase(unsigned int, char*, int)
                0x00000000c001258d                Dbg::logc(char)
                0x00000000c00125a4                Dbg::logs(char*)
                0x00000000c00125c1                Dbg::logWriteInt(unsigned int)
                0x00000000c00125de                Dbg::logWriteIntBase(unsigned int, int)
                0x00000000c00125fd                Dbg::kprintf(char const*, ...)
 *fill*         0x00000000c001271b        0x1 
 .text          0x00000000c001271c      0xb82 fs/vfs.32
                0x00000000c001271c                File::read(unsigned long long, void*, int*)
                0x00000000c0012774                File::write(unsigned long long, void*, int*)
                0x00000000c00127cc                Directory::read(unsigned long long, void*, int*)
                0x00000000c0012824                Directory::write(unsigned long long, void*, int*)
                0x00000000c0012852                File::isAtty()
                0x00000000c0012856                Directory::isAtty()
                0x00000000c001285a                Filesystem::getlabel(LogicalDisk*, int, char*, unsigned int*)
                0x00000000c0012860                Filesystem::setlabel(LogicalDisk*, int, char*)
                0x00000000c0012866                Filesystem::getFileFirstSector(char const*)
                0x00000000c001286c                File::~File()
                0x00000000c001286c                File::~File()
                0x00000000c0012890                File::~File()
                0x00000000c00128ba                Directory::~Directory()
                0x00000000c00128ba                Directory::~Directory()
                0x00000000c00128de                Directory::~Directory()
                0x00000000c0012908                Filesystem::Filesystem()
                0x00000000c0012908                Filesystem::Filesystem()
                0x00000000c001292c                Filesystem::~Filesystem()
                0x00000000c001292c                Filesystem::~Filesystem()
                0x00000000c001293a                Filesystem::~Filesystem()
                0x00000000c001295e                Fs::getcwd(Process*, char*, int)
                0x00000000c0012988                Fs::initVFS()
                0x00000000c00129b2                Fs::standardiseFiles(char*, char const*, char const*)
                0x00000000c0012b5c                File::File(char const*, Process*)
                0x00000000c0012b5c                File::File(char const*, Process*)
                0x00000000c0012bc0                File::open(FileOpenMode)
                0x00000000c0012c1e                File::close()
                0x00000000c0012c7e                File::seek(unsigned long long)
                0x00000000c0012cd4                File::tell(unsigned long long*)
                0x00000000c0012d24                File::rewind()
                0x00000000c0012d38                File::unlink()
                0x00000000c0012d84                File::rename(char const*)
                0x00000000c0012dd2                File::chfatattr(unsigned char, unsigned char)
                0x00000000c0012e2e                File::exists()
                0x00000000c0012e6c                File::stat(unsigned long long*, bool*)
                0x00000000c0012ecd                Fs::setcwd(Process*, char*)
                0x00000000c0013008                Directory::Directory(char const*, Process*)
                0x00000000c0013008                Directory::Directory(char const*, Process*)
                0x00000000c001306c                Directory::open()
                0x00000000c00130c8                Directory::close()
                0x00000000c0013128                Directory::unlink()
                0x00000000c0013174                Directory::rename(char const*)
                0x00000000c00131c2                Directory::exists()
                0x00000000c0013200                Directory::read(dirent*)
                0x00000000c001324c                Directory::create()
                0x00000000c0013298                Filesystem::chfatattr(char const*, unsigned char, unsigned char)
 .text          0x00000000c001329e       0x84 hal/bus.32
                0x00000000c001329e                Bus::Bus(char const*)
                0x00000000c001329e                Bus::Bus(char const*)
                0x00000000c00132d4                Bus::~Bus()
                0x00000000c00132d4                Bus::~Bus()
                0x00000000c00132f8                Bus::~Bus()
 .text          0x00000000c0013322      0x156 hal/buzzer.32
                0x00000000c0013322                Buzzer::Buzzer(char const*)
                0x00000000c0013322                Buzzer::Buzzer(char const*)
                0x00000000c0013366                Buzzer::~Buzzer()
                0x00000000c0013366                Buzzer::~Buzzer()
                0x00000000c001338a                Buzzer::~Buzzer()
                0x00000000c00133b4                Buzzer::stop()
                0x00000000c00133c7                beepThread(void*)
                0x00000000c001340a                Buzzer::beep(int, int, bool)
 .text          0x00000000c0013478      0x467 hal/clock.32
                0x00000000c0013478                User::loadClockSettings(int)
                0x00000000c00134ca                Clock::Clock(char const*)
                0x00000000c00134ca                Clock::Clock(char const*)
                0x00000000c0013500                Clock::~Clock()
                0x00000000c0013500                Clock::~Clock()
                0x00000000c0013524                Clock::~Clock()
                0x00000000c001354e                Clock::timeInSecondsLocal()
                0x00000000c0013596                Clock::setTimeInSecondsLocal(unsigned long long)
                0x00000000c00135ef                datetimeToSeconds(datetime_t)
                0x00000000c0013716                Clock::setTimeInDatetimeLocal(datetime_t)
                0x00000000c0013776                secondsToDatetime(unsigned long long)
                0x00000000c00138ba                Clock::timeInDatetimeLocal()
 *fill*         0x00000000c00138df        0x1 
 .text          0x00000000c00138e0      0x504 hal/device.32
                0x00000000c00138e0                Device::hibernate()
                0x00000000c00138e2                Device::wake()
                0x00000000c00138e4                Device::detect()
                0x00000000c00138e6                Device::disableLegacy()
                0x00000000c00138e8                Device::powerSaving(PowerSavingLevel)
                0x00000000c00138ea                DriverlessDevice::close(int, int, void*)
                0x00000000c00138ee                DriverlessDevice::detect()
                0x00000000c00138f0                DriverlessDevice::open(int, int, void*)
                0x00000000c0013904                Device::~Device()
                0x00000000c0013904                Device::~Device()
                0x00000000c0013912                Device::~Device()
                0x00000000c001393a                Device::findAndLoadDriver()
                0x00000000c0013948                Device::preOpenPCI(PCIDeviceInfo)
                0x00000000c001396e                Device::preOpenACPI(void*, char*, char*)
                0x00000000c00139ae                Device::addIRQHandler(int, void (*)(regs*, void*), bool, void*)
                0x00000000c00139ec                Device::getParent()
                0x00000000c00139f8                Device::removeIRQHandler(int, void (*)(regs*, void*), bool)
                0x00000000c0013a36                Device::addChild(Device*)
                0x00000000c0013a7a                Device::removeAllChildren()
                0x00000000c0013ac0                Device::hibernateAll()
                0x00000000c0013af0                Device::wakeAll()
                0x00000000c0013b20                Device::detectAll()
                0x00000000c0013b50                Device::disableLegacyAll()
                0x00000000c0013b80                Device::loadDriversForAll()
                0x00000000c0013bc0                Device::closeAll()
                0x00000000c0013bf6                Device::powerSavingAll(PowerSavingLevel)
                0x00000000c0013c2c                Device::setName(char const*)
                0x00000000c0013c3a                Device::Device(char const*)
                0x00000000c0013c3a                Device::Device(char const*)
                0x00000000c0013d36                Device::getName()
                0x00000000c0013d40                DriverlessDevice::DriverlessDevice(char const*)
                0x00000000c0013d40                DriverlessDevice::DriverlessDevice(char const*)
                0x00000000c0013d76                Device::addToLinkedList(LinkedList<Device>&, DeviceType)
                0x00000000c0013dba                getDevicesOfType(DeviceType)
 .text          0x00000000c0013de4       0x84 hal/diskctrl.32
                0x00000000c0013de4                HardDiskController::HardDiskController(char const*)
                0x00000000c0013de4                HardDiskController::HardDiskController(char const*)
                0x00000000c0013e1a                HardDiskController::~HardDiskController()
                0x00000000c0013e1a                HardDiskController::~HardDiskController()
                0x00000000c0013e3e                HardDiskController::~HardDiskController()
 .text          0x00000000c0013e68       0xe2 hal/diskphys.32
                0x00000000c0013e68                PhysicalDisk::eject()
                0x00000000c0013e6c                PhysicalDisk::PhysicalDisk(char const*, int)
                0x00000000c0013e6c                PhysicalDisk::PhysicalDisk(char const*, int)
                0x00000000c0013ed4                PhysicalDisk::startCache()
                0x00000000c0013efc                PhysicalDisk::~PhysicalDisk()
                0x00000000c0013efc                PhysicalDisk::~PhysicalDisk()
                0x00000000c0013f20                PhysicalDisk::~PhysicalDisk()
 .text          0x00000000c0013f4a      0x13b hal/fpu.32
                0x00000000c0013f4a                FPU::FPU(char const*)
                0x00000000c0013f4a                FPU::FPU(char const*)
                0x00000000c0013f80                FPU::~FPU()
                0x00000000c0013f80                FPU::~FPU()
                0x00000000c0013fa4                FPU::~FPU()
                0x00000000c0013fce                setupFPU()
 *fill*         0x00000000c0014085        0x1 
 .text          0x00000000c0014086     0x1435 hal/intctrl.32
                0x00000000c0014086                InterruptController::uninstallISRHandler(int, void (*)(regs*, void*))
                0x00000000c00140be                InterruptController::installISRHandler(int, void (*)(regs*, void*), void*)
                0x00000000c0014110                doubleFault(regs*, void*)
                0x00000000c001412a                InterruptController::installIRQHandler(int, void (*)(regs*, void*), bool, void*)
                0x00000000c00141c6                InterruptController::clearAllHandlers(int, bool)
                0x00000000c001426e                InterruptController::uninstallIRQHandler(int, void (*)(regs*, void*), bool)
                0x00000000c00142f5                nmiHandler(regs*, void*)
                0x00000000c0014303                int_handler
                0x00000000c00143a4                InterruptController::InterruptController(char const*)
                0x00000000c00143a4                InterruptController::InterruptController(char const*)
                0x00000000c001444a                InterruptController::~InterruptController()
                0x00000000c001444a                InterruptController::~InterruptController()
                0x00000000c001446e                InterruptController::~InterruptController()
                0x00000000c0014498                displayDebugInfo(regs*)
                0x00000000c0014927                x87EmulHandler(regs*, void*)
                0x00000000c001499a                gpFault(regs*, void*)
                0x00000000c00149d3                pgFault(regs*, void*)
                0x00000000c0014a1b                otherISRHandler(regs*, void*)
                0x00000000c0014a3a                opcodeFault(regs*, void*)
                0x00000000c0015057                displayProgramFault(char const*)
                0x00000000c001507f                setupInterruptController()
                0x00000000c001546e                InterruptController::convertLegacyIRQNumber(int)
 *fill*         0x00000000c00154bb        0x1 
 .text          0x00000000c00154bc      0x784 hal/keybrd.32
                0x00000000c00154bc                startGUI(void*)
                0x00000000c0015528                startGUIVESA(void*)
                0x00000000c0015594                sendKeyToTerminal(unsigned char)
                0x00000000c0015652                sendKeyboardToken(KeyboardToken)
                0x00000000c0015a8f                clearInternalKeybuffer(VgaText*)
                0x00000000c0015ac4                readKeyboard(VgaText*, char*, unsigned long)
                0x00000000c0015bb6                Keyboard::Keyboard(char const*)
                0x00000000c0015bb6                Keyboard::Keyboard(char const*)
                0x00000000c0015bf2                Keyboard::~Keyboard()
                0x00000000c0015bf2                Keyboard::~Keyboard()
                0x00000000c0015c16                Keyboard::~Keyboard()
 .text          0x00000000c0015c40      0x3ea hal/logidisk.32
                0x00000000c0015c40                LogicalDisk::close(int, int, void*)
                0x00000000c0015c44                LogicalDisk::~LogicalDisk()
                0x00000000c0015c44                LogicalDisk::~LogicalDisk()
                0x00000000c0015c68                LogicalDisk::~LogicalDisk()
                0x00000000c0015c92                LogicalDisk::open(int, int, void*)
                0x00000000c0015ca6                LogicalDisk::absoluteToRelative(unsigned long long)
                0x00000000c0015cde                LogicalDisk::relativeToAbsolute(unsigned long long)
                0x00000000c0015d24                LogicalDisk::LogicalDisk(char const*, PhysicalDisk*, unsigned long long, unsigned long long)
                0x00000000c0015d24                LogicalDisk::LogicalDisk(char const*, PhysicalDisk*, unsigned long long, unsigned long long)
                0x00000000c0015dda                LogicalDisk::assignDriveLetter()
                0x00000000c0015e90                LogicalDisk::mount()
                0x00000000c0015ed8                LogicalDisk::unmount()
                0x00000000c0015ee8                LogicalDisk::eject()
                0x00000000c0015efc                LogicalDisk::unassignDriveLetter()
                0x00000000c0015f52                LogicalDisk::read(unsigned long long, int, void*)
                0x00000000c0015fbe                LogicalDisk::write(unsigned long long, int, void*)
 .text          0x00000000c001602a       0x84 hal/mouse.32
                0x00000000c001602a                Mouse::Mouse(char const*)
                0x00000000c001602a                Mouse::Mouse(char const*)
                0x00000000c0016060                Mouse::~Mouse()
                0x00000000c0016060                Mouse::~Mouse()
                0x00000000c0016084                Mouse::~Mouse()
 .text          0x00000000c00160ae      0x339 hal/partition.32
                0x00000000c00160ae                makePartition(PhysicalDisk*, unsigned long long, unsigned long long)
                0x00000000c0016156                createPartitionsForDisk(PhysicalDisk*)
 *fill*         0x00000000c00163e7        0x1 
 .text          0x00000000c00163e8       0x84 hal/serial.32
                0x00000000c00163e8                Serial::Serial(char const*)
                0x00000000c00163e8                Serial::Serial(char const*)
                0x00000000c001641e                Serial::~Serial()
                0x00000000c001641e                Serial::~Serial()
                0x00000000c0016442                Serial::~Serial()
 .text          0x00000000c001646c      0x2f3 hal/timer.32
                0x00000000c001646c                Timer::Timer(char const*)
                0x00000000c001646c                Timer::Timer(char const*)
                0x00000000c00164a2                Timer::~Timer()
                0x00000000c00164a2                Timer::~Timer()
                0x00000000c00164c6                Timer::~Timer()
                0x00000000c00164f0                Timer::read()
                0x00000000c00164fb                timerHandler(unsigned long long)
                0x00000000c001666d                setupTimer(int)
 *fill*         0x00000000c001675f        0x1 
 .text          0x00000000c0016760      0x409 hal/vcache.32
                0x00000000c0016760                VCache::VCache(PhysicalDisk*)
                0x00000000c0016760                VCache::VCache(PhysicalDisk*)
                0x00000000c00168c8                VCache::invalidateReadBuffer()
                0x00000000c00168d8                VCache::writeWriteBuffer()
                0x00000000c0016914                VCache::~VCache()
                0x00000000c0016914                VCache::~VCache()
                0x00000000c0016968                VCache::~VCache()
                0x00000000c0016990                VCache::write(unsigned long long, int, void*)
                0x00000000c0016a7a                VCache::read(unsigned long long, int, void*)
 *fill*         0x00000000c0016b69        0x1 
 .text          0x00000000c0016b6a      0x4b3 hal/video.32
                0x00000000c0016b6a                Video::putrect(int, int, int, int, unsigned int)
                0x00000000c0016bb6                Video::bitblit(int, int, int, int, int, int, int, unsigned int*)
                0x00000000c0016c26                Video::blit(unsigned int*, int, int, int, int)
                0x00000000c0016ca4                Video::clearScreen(unsigned int)
                0x00000000c0016cd8                Video::putpixel(int, int, unsigned int)
                0x00000000c0016ce6                Video::Video(char const*)
                0x00000000c0016ce6                Video::Video(char const*)
                0x00000000c0016d1c                Video::~Video()
                0x00000000c0016d1c                Video::~Video()
                0x00000000c0016d40                Video::~Video()
                0x00000000c0016d6a                Video::isMonochrome()
                0x00000000c0016d76                Video::getWidth()
                0x00000000c0016d82                Video::getHeight()
                0x00000000c0016d8e                Video::drawCursor(int, int, unsigned char*, int)
                0x00000000c0016e4a                Video::tgaParse(unsigned char*, int, int*, int*)
                0x00000000c0016fb2                Video::putTGA(int, int, unsigned char*, int)
 *fill*         0x00000000c001701d        0x1 
 .text          0x00000000c001701e     0x11c9 hw/acpi.32
                0x00000000c001701e                ACPI::close(int, int, void*)
                0x00000000c00170c3                findRSDP()
                0x00000000c001714d                loadACPITables(unsigned char*)
                0x00000000c00173a4                findRSDT(unsigned char*)
                0x00000000c00174ee                findDataTable(unsigned char*, char*)
                0x00000000c0017560                scanMADT()
                0x00000000c00179ce                ACPI::ACPI()
                0x00000000c00179ce                ACPI::ACPI()
                0x00000000c0017a22                ACPI::getPCIIRQAssignment(unsigned char, unsigned short, unsigned char)
                0x00000000c0017b04                ACPI::registerPCIIRQAssignment(void*, unsigned short, unsigned char, unsigned char)
                0x00000000c0017bca                ACPI::setScreenBrightnessLevel(void*, int)
                0x00000000c0017bd0                ACPI::detectPCI()
                0x00000000c0017dd2                ACPI::writeSimpleBootFlag(SimpleBootFlagTable*)
                0x00000000c0017e1a                ACPI::sleep()
                0x00000000c0017e32                ACPI::open(int, int, void*)
 *fill*         0x00000000c00181e7        0x1 
 .text          0x00000000c00181e8     0x1495 hw/cpu.32
                0x00000000c00181e8                CPU::close(int, int, void*)
                0x00000000c00181ec                CPU::lookupAMDName(unsigned char, unsigned char)
                0x00000000c0018380                CPU::lookupIntelName(unsigned char, unsigned char)
                0x00000000c001862e                CPU::AMD_K6_write_msr(unsigned int, unsigned int, unsigned int, CPU::REGS*)
                0x00000000c001864a                CPU::AMD_K6_read_msr(unsigned int, CPU::REGS*)
                0x00000000c0018662                CPU::AMD_K6_writeback(int, int, int)
                0x00000000c00186d6                CPU::cpuid(int, unsigned long*, unsigned long*, unsigned long*, unsigned long*)
                0x00000000c001875a                CPU::cpuidCheckEDX(unsigned int)
                0x00000000c0018788                CPU::cpuidCheckECX(unsigned int)
                0x00000000c00187b6                CPU::cpuidCheckExtendedEBX(unsigned int)
                0x00000000c00187e4                CPU::cpuidCheckExtendedECX(unsigned int)
                0x00000000c0018812                CPU::CPU()
                0x00000000c0018812                CPU::CPU()
                0x00000000c00188a0                CPU::displayFeatures()
                0x00000000c00188a2                CPU::detectFeatures()
                0x00000000c0019294                CPU::setupSMEP()
                0x00000000c00192a0                CPU::setupUMIP()
                0x00000000c00192aa                CPU::setupTSC()
                0x00000000c00192b4                CPU::setupLargePages()
                0x00000000c00192be                CPU::setupPAT()
                0x00000000c00192fa                CPU::setupMTRR()
                0x00000000c00192fc                CPU::setupGlobalPages()
                0x00000000c0019306                CPU::allowUsermodeDataAccess()
                0x00000000c0019318                CPU::prohibitUsermodeDataAccess()
                0x00000000c001932a                CPU::setupSMAP()
                0x00000000c0019338                CPU::setupFeatures()
                0x00000000c00193b8                CPU::open(int, int, void*)
                0x00000000c0019482                CPU::decodeAddress(regs*, int*, bool*, unsigned char*)
 .text          0x00000000c001967d        0x0 hw/ports.32
 .text          0x00000000c001967d      0x16a hw/smp.32
                0x00000000c001967d                Krnl::smpEntry()
                0x00000000c001967f                Krnl::startCPU(int)
                0x00000000c00197c8                Krnl::startCPUs()
 *fill*         0x00000000c00197e7        0x1 
 .text          0x00000000c00197e8      0x581 krnl/env.32
                0x00000000c00197e8                EnvVarContainer::getEnv(char const*)
                0x00000000c0019826                EnvVarContainer::setEnv(char const*, char const*)
                0x00000000c00198e8                EnvVarContainer::deleteEnv(char const*)
                0x00000000c00198ea                EnvVarContainer::loadFrom(char const*, char const*)
                0x00000000c0019ad0                EnvVarContainer::__loadSystem()
                0x00000000c0019aea                EnvVarContainer::__loadUser()
                0x00000000c0019aec                EnvVarContainer::EnvVarContainer(Process*)
                0x00000000c0019aec                EnvVarContainer::EnvVarContainer(Process*)
                0x00000000c0019b0e                EnvVarContainer::~EnvVarContainer()
                0x00000000c0019b0e                EnvVarContainer::~EnvVarContainer()
                0x00000000c0019b3e                Krnl::getEnv(Process*, char const*)
                0x00000000c0019ba3                Krnl::setEnvSystem(char const*, char const*)
                0x00000000c0019bbd                Krnl::setEnvUser(char const*, char const*)
                0x00000000c0019bdc                Krnl::setEnvProcess(Process*, char const*, char const*)
                0x00000000c0019bef                Krnl::deleteEnvSystem(char const*)
                0x00000000c0019bf0                Krnl::deleteEnvUser(char const*)
                0x00000000c0019bf1                Krnl::deleteEnvProcess(Process*, char const*)
                0x00000000c0019bf2                Krnl::newProcessEnv(Process*)
                0x00000000c0019c14                Krnl::copyProcessEnv(Process*, Process*)
                0x00000000c0019c60                Krnl::loadSystemEnv()
                0x00000000c0019c8e                Krnl::loadUserEnv()
                0x00000000c0019cb4                Krnl::flushEnv()
                0x00000000c0019cb5                Krnl::getProcessTotalEnvCount(Process*)
                0x00000000c0019cd5                Krnl::getProcessEnvPair(Process*, int)
 .text          0x00000000c0019d69      0x39c krnl/panic.32
                0x00000000c0019d69                Krnl::panic(char const*)
 .text          0x00000000c001a105      0x57f net/ethernet.32
                0x00000000c001a105                Net::switchEndian16(unsigned short)
                0x00000000c001a126                Net::switchEndian32(unsigned int)
                0x00000000c001a155                Net::crc32Calc(unsigned char*, int)
                0x00000000c001a1e6                Net::wrapEthernetFrame(Net::UnwrappedEthernetFrame, unsigned char*)
                0x00000000c001a3f9                Net::unwrapEthernetFrame(unsigned char*, int)
 .text          0x00000000c001a684      0x50e reg/registry.32
                0x00000000c001a684                Reg::findLineFromLoadedData(char*, char*, char*)
                0x00000000c001a7dc                Reg::getLineFromRegistry(char*, char*, char*, char*)
                0x00000000c001a931                Reg::getLine(char*, char*, char*)
                0x00000000c001a968                Reg::readInt(char*, char*, int*)
                0x00000000c001aa53                Reg::readString(char*, char*, char*, int)
                0x00000000c001aad4                Reg::readBool(char*, char*, bool*)
                0x00000000c001aaf9                Reg::readBoolWithDefault(char*, char*, bool)
                0x00000000c001ab25                Reg::readIntWithDefault(char*, char*, int)
                0x00000000c001ab51                Reg::readStringWithDefault(char*, char*, char*, int, char*)
 .text          0x00000000c001ab92       0x36 sys/sc_eject.32
                0x00000000c001ab92                Sys::eject(regs*)
 .text          0x00000000c001abc8       0x18 sys/sc_exit.32
                0x00000000c001abc8                Sys::exit(regs*)
 .text          0x00000000c001abe0       0x1f sys/sc_getcwd.32
                0x00000000c001abe0                Sys::getCwd(regs*)
 .text          0x00000000c001abff        0xc sys/sc_getpid.32
                0x00000000c001abff                Sys::getPID(regs*)
 .text          0x00000000c001ac0b       0x17 sys/sc_getramdata.32
                0x00000000c001ac0b                Sys::getRAMData(regs*)
 .text          0x00000000c001ac22       0x84 sys/sc_getvgaptr.32
                0x00000000c001ac22                Sys::getVGAPtr(regs*)
 .text          0x00000000c001aca6       0xa8 sys/sc_loaddll.32
                0x00000000c001aca6                Sys::loadDLL(regs*)
 .text          0x00000000c001ad4e       0x68 sys/sc_read.32
                0x00000000c001ad4e                Sys::read(regs*)
 .text          0x00000000c001adb6       0x55 sys/sc_sbrk.32
                0x00000000c001adb6                Sys::sbrk(regs*)
 .text          0x00000000c001ae0b       0x1c sys/sc_setcwd.32
                0x00000000c001ae0b                Sys::setCwd(regs*)
 .text          0x00000000c001ae27       0x95 sys/sc_settime.32
                0x00000000c001ae27                Sys::setTime(regs*)
 .text          0x00000000c001aebc       0x4a sys/sc_timezone.32
                0x00000000c001aebc                Sys::timezone(regs*)
 .text          0x00000000c001af06       0x68 sys/sc_write.32
                0x00000000c001af06                Sys::write(regs*)
 .text          0x00000000c001af6e       0x62 sys/sc_wsbe.32
                0x00000000c001af6e                Sys::wsbe(regs*)
 .text          0x00000000c001afd0       0x46 sys/sc_yield.32
                0x00000000c001afd0                Sys::yield(regs*)
 .text          0x00000000c001b016      0xf84 sys/syscalls.32
                0x00000000c001b016                sysCallSeekDir(regs*)
                0x00000000c001b01b                sysCallTellDir(regs*)
                0x00000000c001b020                sysCallVerify(regs*)
                0x00000000c001b02a                sysCallGetArgc(regs*)
                0x00000000c001b03a                sysFormatDisk(regs*)
                0x00000000c001b0a4                sysSetDiskVolumeLabel(regs*)
                0x00000000c001b0ea                sysGetDiskVolumeLabel(regs*)
                0x00000000c001b13b                sysShutdown(regs*)
                0x00000000c001b199                sysCallRealpath(regs*)
                0x00000000c001b1dc                sysCallReadDir(regs*)
                0x00000000c001b25b                sysCallIsATTY(regs*)
                0x00000000c001b2b5                sysCallSeek(regs*)
                0x00000000c001b30c                sysCallTell(regs*)
                0x00000000c001b378                sysCallSize(regs*)
                0x00000000c001b3ea                sysCallSizeFromFilename(regs*)
                0x00000000c001b499                sysCallClose(regs*)
                0x00000000c001b4f9                sysCallOpenDir(regs*)
                0x00000000c001b56e                sysCallCloseDir(regs*)
                0x00000000c001b5c2                sysCallMakeDir(regs*)
                0x00000000c001b632                sysCallWait(regs*)
                0x00000000c001b64c                sysCallNotImpl(regs*)
                0x00000000c001b667                sysPanic(regs*)
                0x00000000c001b681                sysCallRmdir(regs*)
                0x00000000c001b6e5                sysCallUnlink(regs*)
                0x00000000c001b749                sysCallGetArgv(regs*)
                0x00000000c001b795                sysCallTTYName(regs*)
                0x00000000c001b818                sysCallUSleep(regs*)
                0x00000000c001b83f                sysCallSpawn(regs*)
                0x00000000c001b8a7                sysCallGetEnv(regs*)
                0x00000000c001b954                sysAppSettings(regs*)
                0x00000000c001ba68                sysSetFatAttrib(regs*)
                0x00000000c001bada                sysPipe(regs*)
                0x00000000c001bb1f                sysGetUnixTime(regs*)
                0x00000000c001bb33                string_ends_with(char const*, char const*)
                0x00000000c001bb7b                sysCallOpen(regs*)
                0x00000000c001bd63                Sys::loadSyscalls()
                0x00000000c001bf58                Sys::systemCall(regs*, void*)
 .text          0x00000000c001bf9a     0x1200 thr/elf.32
                0x00000000c001bf9a                Thr::allocateMemoryForTask(Process*, File*, unsigned long, unsigned long, unsigned long)
                0x00000000c001c244                Thr::loadProgramIntoMemory(Process*, char const*)
                0x00000000c001c45a                Thr::runtimeReferenceHelper()
                0x00000000c001c46d                Thr::getAddressOfKernelSymbol(char const*)
                0x00000000c001c4bc                Thr::loadKernelSymbolTable(char const*)
                0x00000000c001c77a                Thr::loadDriverIntoMemory(char const*, unsigned long, bool)
                0x00000000c001ceb0                Thr::getDriverBaseFromAddress(unsigned long)
                0x00000000c001cee2                Thr::getDriverNameFromAddress(unsigned long)
                0x00000000c001cf19                Thr::getDriverOffsetFromAddress(unsigned long)
                0x00000000c001cf33                Thr::loadDLL(char const*, bool)
                0x00000000c001d161                Thr::executeDLL(unsigned long, void*)
 .text          0x00000000c001d19a     0x11ef thr/prcssthr.32
                0x00000000c001d19a                userModeEntryPoint(void*)
                0x00000000c001d1c0                changeTSS
                0x00000000c001d1f0                switchToThread(ThreadControlBlock*)
                0x00000000c001d29a                Process::addArgs(char**)
                0x00000000c001d2f4                Process::Process(char const*, Process*, char**)
                0x00000000c001d2f4                Process::Process(char const*, Process*, char**)
                0x00000000c001d4d8                Process::Process(bool, char const*, Process*, char**)
                0x00000000c001d4d8                Process::Process(bool, char const*, Process*, char**)
                0x00000000c001d687                taskStartupFunction
                0x00000000c001d690                Semaphore::Semaphore(int)
                0x00000000c001d690                Semaphore::Semaphore(int)
                0x00000000c001d6be                Mutex::Mutex()
                0x00000000c001d6be                Mutex::Mutex()
                0x00000000c001d6d0                Process::createThread(void (*)(void*), void*, int)
                0x00000000c001d7d6                Process::createUserThread()
                0x00000000c001d7f2                setupMultitasking(void (*)())
                0x00000000c001d8f5                schedule()
                0x00000000c001d97a                Semaphore::tryAcquire()
                0x00000000c001da36                Semaphore::assertLocked(char const*)
                0x00000000c001daa5                blockTaskWithSchedulerLockAlreadyHeld(TaskState)
                0x00000000c001dacb                blockTask(TaskState)
                0x00000000c001daf8                waitTask(int, int*, int)
                0x00000000c001db3a                nanoSleepUntil(unsigned long long)
                0x00000000c001dbcf                nanoSleep(unsigned long long)
                0x00000000c001dbe7                sleep(unsigned long long)
                0x00000000c001dc04                Semaphore::acquire()
                0x00000000c001dca6                taskReturned
                0x00000000c001dce1                Thr::processFromPID(int)
                0x00000000c001dd78                unblockTask(ThreadControlBlock*)
                0x00000000c001de0d                cleanupTerminatedTask(ThreadControlBlock*)
                0x00000000c001e0b4                cleanerTaskFunction(void*)
                0x00000000c001e195                terminateTask(int)
                0x00000000c001e254                Thr::terminateFromIRQ(int)
                0x00000000c001e260                Semaphore::release()
 .text          0x00000000c001e389      0xada vm86/vm8086.32
                0x00000000c001e389                Vm::inbv(unsigned short)
                0x00000000c001e39c                Vm::outbv(unsigned short, unsigned char)
                0x00000000c001e3d2                Vm::realToLinear(unsigned short, unsigned short)
                0x00000000c001e3e2                Vm::getSegment(unsigned int)
                0x00000000c001e3ea                Vm::getOffset(unsigned int)
                0x00000000c001e3ef                Vm::mainloop2()
                0x00000000c001e429                Vm::mainVm8086Loop(void*)
                0x00000000c001e439                Vm::mainloop3(unsigned long)
                0x00000000c001e45f                Vm::initialise8086()
                0x00000000c001e4a2                Vm::finish8086()
                0x00000000c001e503                Vm::getOutput8086(unsigned char*)
                0x00000000c001e528                Vm::start8086(char const*, unsigned short, unsigned short, unsigned short, unsigned short)
                0x00000000c001e690                Vm::doISR(regs*, int, unsigned char*, unsigned short, unsigned short)
                0x00000000c001e71a                Vm::readByteFromReal(unsigned short, unsigned short)
                0x00000000c001e72b                Vm::readWordFromReal(unsigned short, unsigned short)
                0x00000000c001e73d                Vm::readDwordFromReal(unsigned short, unsigned short)
                0x00000000c001e74e                Vm::writeByteFromReal(unsigned short, unsigned short, unsigned char)
                0x00000000c001e763                Vm::writeWordFromReal(unsigned short, unsigned short, unsigned short)
                0x00000000c001e779                Vm::writeDwordFromReal(unsigned short, unsigned short, unsigned int)
                0x00000000c001e78e                Vm::faultHandler(regs*)
 .text          0x00000000c001ee63      0xefd vm86/x87em.32
                0x00000000c001ee63                Vm::fpuInternalTo32(unsigned long long)
                0x00000000c001eebe                Vm::fpuInternalTo64(unsigned long long)
                0x00000000c001eec7                Vm::fpu32ToInternal(unsigned int)
                0x00000000c001ef0c                Vm::fpu64ToInternal(unsigned long long)
                0x00000000c001ef15                Vm::fpuFloatToLong(unsigned long long)
                0x00000000c001ef70                Vm::fpuULongToFloat(unsigned long long)
                0x00000000c001efa6                Vm::fpuLongToFloat(long long)
                0x00000000c001effc                Vm::fpuGet0()
                0x00000000c001f001                Vm::fpuGet1()
                0x00000000c001f009                Vm::fpuGetPi()
                0x00000000c001f011                Vm::fpuGetLog2E()
                0x00000000c001f029                Vm::fpuGetLogE2()
                0x00000000c001f041                Vm::fpuGetLog210()
                0x00000000c001f059                Vm::fpuGetLog102()
                0x00000000c001f071                Vm::fpuIsSecondLarger(unsigned long long, unsigned long long)
                0x00000000c001f085                Vm::fpuAreEqual(unsigned long long, unsigned long long)
                0x00000000c001f09b                Vm::fpuUnorderedCompare(unsigned long long, unsigned long long)
                0x00000000c001f0ee                Vm::fpuAdd(unsigned long long, unsigned long long)
                0x00000000c001f0ff                Vm::fpuAbs(unsigned long long)
                0x00000000c001f108                Vm::fpuChs(unsigned long long)
                0x00000000c001f118                Vm::fpuSub(unsigned long long, unsigned long long)
                0x00000000c001f127                Vm::fpuMultiply(unsigned long long, unsigned long long)
                0x00000000c001f146                Vm::fpuDivide(unsigned long long, unsigned long long)
                0x00000000c001f162                Vm::fpuSquare(unsigned long long)
                0x00000000c001f178                Vm::fpuGetReg(int)
                0x00000000c001f1bb                Vm::fpuSetReg(int, unsigned long long)
                0x00000000c001f206                Vm::fpuPush(unsigned long long)
                0x00000000c001f263                Vm::fpuPop()
                0x00000000c001f2b5                Vm::x87Handler(regs*)
 .text          0x00000000c001fd60     0x11c1 fs/fat/vfslink.32
                0x00000000c001fd60                FAT::getName()
                0x00000000c001fd66                FAT::tell(void*, unsigned long long*)
                0x00000000c001fd9a                FAT::stat(void*, unsigned long long*)
                0x00000000c001fdce                FAT::~FAT()
                0x00000000c001fdce                FAT::~FAT()
                0x00000000c001fdf2                FAT::~FAT()
                0x00000000c001fe1a                FAT::getlabel(LogicalDisk*, int, char*, unsigned int*)
                0x00000000c001feb8                FAT::setlabel(LogicalDisk*, int, char*)
                0x00000000c001ff72                FAT::format(LogicalDisk*, int, char const*, int)
                0x00000000c0020130                FAT::tryMount(LogicalDisk*, int)
                0x00000000c0020336                FAT::getFileFirstSector(char const*)
                0x00000000c00203dc                FAT::readDir(void*, unsigned long, void*, int*)
                0x00000000c0020536                FAT::read(void*, unsigned long, void*, int*)
                0x00000000c0020590                FAT::write(void*, unsigned long, void*, int*)
                0x00000000c00205ea                FAT::close(void*)
                0x00000000c0020636                FAT::closeDir(void*)
                0x00000000c0020682                FAT::seek(void*, unsigned long long)
                0x00000000c00206d6                fatWrapperReadDisk
                0x00000000c002071d                fatWrapperWriteDisk
                0x00000000c0020764                fatWrapperIoctl
                0x00000000c0020868                FAT::FAT()
                0x00000000c0020868                FAT::FAT()
                0x00000000c00208ba                FAT::fixFilepath(char*)
                0x00000000c00208f2                FAT::open(char const*, void**, FileOpenMode)
                0x00000000c0020a1a                FAT::openDir(char const*, void**)
                0x00000000c0020ac0                FAT::stat(char const*, unsigned long long*, bool*)
                0x00000000c0020baa                FAT::unlink(char const*)
                0x00000000c0020c24                FAT::chfatattr(char const*, unsigned char, unsigned char)
                0x00000000c0020d78                FAT::rename(char const*, char const*)
                0x00000000c0020e3c                FAT::mkdir(char const*)
                0x00000000c0020eb6                FAT::exists(char const*)
 *fill*         0x00000000c0020f21        0x1 
 .text          0x00000000c0020f22      0xb75 fs/iso9660/vfslink.32
                0x00000000c0020f22                ISO9660::format(LogicalDisk*, int, char const*, int)
                0x00000000c0020f28                ISO9660::seek(void*, unsigned long long)
                0x00000000c0020f58                ISO9660::tell(void*, unsigned long long*)
                0x00000000c0020f7c                ISO9660::getName()
                0x00000000c0020f82                ISO9660::stat(void*, unsigned long long*)
                0x00000000c0020fa6                ISO9660::chfatattr(char const*, unsigned char, unsigned char)
                0x00000000c0020fac                ISO9660::unlink(char const*)
                0x00000000c0020fb2                ISO9660::write(void*, unsigned long, void*, int*)
                0x00000000c0020fb8                ISO9660::rename(char const*, char const*)
                0x00000000c0020fbe                ISO9660::mkdir(char const*)
                0x00000000c0020fc4                ISO9660::close(void*)
                0x00000000c0020fe6                ISO9660::closeDir(void*)
                0x00000000c0021008                ISO9660::~ISO9660()
                0x00000000c0021008                ISO9660::~ISO9660()
                0x00000000c002102c                ISO9660::~ISO9660()
                0x00000000c0021053                __memmem(unsigned char*, int, unsigned char*, int)
                0x00000000c0021095                readSectorFromCDROM(unsigned int, unsigned char*, char)
                0x00000000c00210f0                ISO9660::tryMount(LogicalDisk*, int)
                0x00000000c0021140                ISO9660::read(void*, unsigned long, void*, int*)
                0x00000000c0021344                ISO9660::readDir(void*, unsigned long, void*, int*)
                0x00000000c00215be                readRoot(unsigned int*, unsigned int*, char)
                0x00000000c0021612                readRecursively(char*, unsigned int, unsigned int, unsigned int*, unsigned int*, char, int*)
                0x00000000c00217e5                getFileData(char*, unsigned int*, unsigned int*, char, int*)
                0x00000000c0021874                ISO9660::open(char const*, void**, FileOpenMode)
                0x00000000c0021922                ISO9660::exists(char const*)
                0x00000000c0021946                ISO9660::stat(char const*, unsigned long long*, bool*)
                0x00000000c00219da                ISO9660::openDir(char const*, void**)
                0x00000000c0021a74                ISO9660::ISO9660()
                0x00000000c0021a74                ISO9660::ISO9660()
 *fill*         0x00000000c0021a97        0x1 
 .text          0x00000000c0021a98      0x396 hal/sound/sndchannel.32
                0x00000000c0021a98                SoundChannel::SoundChannel(int, int, int, int)
                0x00000000c0021a98                SoundChannel::SoundChannel(int, int, int, int)
                0x00000000c0021bc2                SoundChannel::~SoundChannel()
                0x00000000c0021bc2                SoundChannel::~SoundChannel()
                0x00000000c0021bde                SoundChannel::getSampleRate()
                0x00000000c0021be6                SoundChannel::getBits()
                0x00000000c0021bee                SoundChannel::getBufferUsed()
                0x00000000c0021bf6                SoundChannel::getBufferSize()
                0x00000000c0021bfe                SoundChannel::unbuffer(float*, int, int)
                0x00000000c0021c92                SoundChannel::buffer16(short*, int)
                0x00000000c0021d8e                SoundChannel::buffer8(unsigned char*, int)
 .text          0x00000000c0021e2e      0x43e hal/sound/sndhw.32
                0x00000000c0021e2e                SoundDevice::SoundDevice(char const*)
                0x00000000c0021e2e                SoundDevice::SoundDevice(char const*)
                0x00000000c0021e9a                SoundDevice::~SoundDevice()
                0x00000000c0021e9a                SoundDevice::~SoundDevice()
                0x00000000c0021f14                SoundDevice::~SoundDevice()
                0x00000000c0021f3e                SoundDevice::getFreeChannelNum()
                0x00000000c0021f58                SoundDevice::addChannel(SoundChannel*)
                0x00000000c0021fc8                SoundDevice::removeChannel(int)
                0x00000000c0021ffa                SoundDevice::floatTo16(float*, short*, int)
                0x00000000c00220e8                SoundDevice::floatTo8(float*, unsigned char*, int)
                0x00000000c00221d0                SoundDevice::getAudio(int, float*, float*)
 .text          0x00000000c002226c        0x0 hw/bus/isa.32
 .text          0x00000000c002226c      0xb87 hw/bus/pci.32
                0x00000000c002226c                PCI::open(int, int, void*)
                0x00000000c002228a                PCI::close(int, int, void*)
                0x00000000c002228e                PCI::PCI()
                0x00000000c002228e                PCI::PCI()
                0x00000000c0022324                PCI::readBAR8(unsigned int, int)
                0x00000000c0022340                PCI::readBAR16(unsigned int, int)
                0x00000000c002235e                PCI::readBAR32(unsigned int, int)
                0x00000000c002237a                PCI::writeBAR8(unsigned int, unsigned char, int)
                0x00000000c002239a                PCI::writeBAR16(unsigned int, unsigned short, int)
                0x00000000c00223bc                PCI::writeBAR32(unsigned int, unsigned int, int)
                0x00000000c00223dc                PCI::legacyMechanism(unsigned char, unsigned char, unsigned char, unsigned char)
                0x00000000c002244a                PCI::pciReadWord(unsigned char, unsigned char, unsigned char, unsigned char)
                0x00000000c00224f2                PCI::getVendorID(unsigned char, unsigned char, unsigned char)
                0x00000000c0022516                PCI::getHeaderType(unsigned char, unsigned char, unsigned char)
                0x00000000c002253e                PCI::getClassCode(unsigned char, unsigned char, unsigned char)
                0x00000000c0022588                PCI::getProgIF(unsigned char, unsigned char, unsigned char)
                0x00000000c00225b0                PCI::getRevisionID(unsigned char, unsigned char, unsigned char)
                0x00000000c00225d4                PCI::getInterruptNumber(unsigned char, unsigned char, unsigned char)
                0x00000000c00225f8                PCI::getSecondaryBus(unsigned char, unsigned char, unsigned char)
                0x00000000c0022620                PCI::getBARAddress(unsigned char, unsigned char, unsigned char, unsigned char)
                0x00000000c0022684                PCI::pciWriteWord(unsigned char, unsigned char, unsigned char, unsigned char, unsigned short)
                0x00000000c002276c                PCI::pciDetailsToFilepath(PCIDeviceInfo, char*)
                0x00000000c00229e6                PCI::checkBus(unsigned char)
                0x00000000c0022a0a                PCI::foundDevice(PCIDeviceInfo)
                0x00000000c0022b7c                PCI::getDeviceData(unsigned char, unsigned char, unsigned char)
                0x00000000c0022d34                PCI::checkDevice(unsigned char, unsigned char)
                0x00000000c0022da0                PCI::detect()
 *fill*         0x00000000c0022df3        0x1 
 .text          0x00000000c0022df4      0xb54 hw/diskctrl/ide.32
                0x00000000c0022df4                IDE::close(int, int, void*)
                0x00000000c0022df8                IDE::IDE()
                0x00000000c0022df8                IDE::IDE()
                0x00000000c0022e2c                IDE::prepareInterrupt(unsigned char)
                0x00000000c0022e3e                selectDrive(unsigned char, unsigned char)
                0x00000000c0022e40                IDE::getBase(unsigned char)
                0x00000000c0022e52                IDE::write(unsigned char, unsigned char, unsigned char)
                0x00000000c0022f12                IDE::read(unsigned char, unsigned char)
                0x00000000c0022fc0                IDE::waitInterrupt(unsigned char)
                0x00000000c0023026                ideChannel0IRQHandler(regs*, void*)
                0x00000000c0023042                ideChannel1IRQHandler(regs*, void*)
                0x00000000c002305e                IDE::enableIRQs(unsigned char, bool)
                0x00000000c00230a4                IDE::open(int, int, void*)
                0x00000000c00234b2                IDE::readBuffer(unsigned char, unsigned char, unsigned int, unsigned int)
                0x00000000c002357e                IDE::detect()
                0x00000000c0023844                IDE::printError(unsigned char, unsigned char, unsigned char)
                0x00000000c00238f4                IDE::polling(unsigned char, unsigned int)
 .text          0x00000000c0023948      0x336 hw/diskctrl/satabus.32
                0x00000000c0023948                SATABus::close(int, int, void*)
                0x00000000c002394c                SATABus::detect()
                0x00000000c002394e                SATABus::SATABus()
                0x00000000c002394e                SATABus::SATABus()
                0x00000000c00239d4                SATABus::findCmdslot(SATABus::tagHBA_PORT volatile*)
                0x00000000c0023a1c                SATABus::checkType(SATABus::tagHBA_PORT volatile*)
                0x00000000c0023a64                SATABus::startCmd(SATABus::tagHBA_PORT volatile*)
                0x00000000c0023a84                SATABus::stopCmd(SATABus::tagHBA_PORT volatile*)
                0x00000000c0023aae                SATABus::portRebase(SATABus::tagHBA_PORT volatile*, int)
                0x00000000c0023bb4                SATABus::probePort(SATABus::tagHBA_MEM volatile*)
                0x00000000c0023c5e                SATABus::open(int, int, void*)
 .text          0x00000000c0023c7e      0x604 hw/diskphys/ata.32
                0x00000000c0023c7e                ATA::close(int, int, void*)
                0x00000000c0023ca2                ATA::powerSaving(PowerSavingLevel)
                0x00000000c0023ca4                ATA::ATA()
                0x00000000c0023ca4                ATA::ATA()
                0x00000000c0023cd2                ATA::flush(bool)
                0x00000000c0023d1c                ATA::readyForCommand()
                0x00000000c0023d6c                ATA::access(unsigned long long, int, void*, bool)
                0x00000000c00240f4                ATA::read(unsigned long long, int, void*)
                0x00000000c0024140                ATA::write(unsigned long long, int, void*)
                0x00000000c002418c                ATA::detectCHS()
                0x00000000c00241b6                ATA::open(int, int, void*)
 .text          0x00000000c0024282      0x5bd hw/diskphys/atapi.32
                0x00000000c0024282                ATAPI::write(unsigned long long, int, void*)
                0x00000000c0024288                ATAPI::close(int, int, void*)
                0x00000000c00242ac                ATAPI::ATAPI()
                0x00000000c00242ac                ATAPI::ATAPI()
                0x00000000c00242da                ATAPI::readyForCommand()
                0x00000000c002432a                ATAPI::sendPacket(unsigned char*, int, bool, unsigned short*, int)
                0x00000000c00245ea                ATAPI::diskRemoved()
                0x00000000c0024606                ATAPI::eject()
                0x00000000c002464e                ATAPI::diskInserted()
                0x00000000c002467c                ATAPI::detectMedia()
                0x00000000c0024738                ATAPI::open(int, int, void*)
                0x00000000c00247c0                ATAPI::read(unsigned long long, int, void*)
 *fill*         0x00000000c002483f        0x1 
 .text          0x00000000c0024840      0x41c hw/diskphys/sata.32
                0x00000000c0024840                SATA::close(int, int, void*)
                0x00000000c0024864                SATA::powerSaving(PowerSavingLevel)
                0x00000000c0024866                SATA::open(int, int, void*)
                0x00000000c0024910                SATA::SATA()
                0x00000000c0024910                SATA::SATA()
                0x00000000c002493e                SATA::access(unsigned long long, int, void*, bool)
                0x00000000c0024ba4                SATA::read(unsigned long long, int, void*)
                0x00000000c0024bf0                SATA::write(unsigned long long, int, void*)
 .text          0x00000000c0024c5c      0x4fe hw/diskphys/satapi.32
                0x00000000c0024c5c                SATAPI::write(unsigned long long, int, void*)
                0x00000000c0024c62                SATAPI::close(int, int, void*)
                0x00000000c0024c86                SATAPI::SATAPI()
                0x00000000c0024c86                SATAPI::SATAPI()
                0x00000000c0024cb4                SATAPI::diskRemoved()
                0x00000000c0024cd0                SATAPI::diskInserted()
                0x00000000c0024cfe                SATAPI::sendPacket(unsigned char*, int, unsigned long long, unsigned short*, int)
                0x00000000c0024f06                SATAPI::eject()
                0x00000000c0024f4e                SATAPI::detectMedia()
                0x00000000c0025010                SATAPI::open(int, int, void*)
                0x00000000c00250b8                SATAPI::read(unsigned long long, int, void*)
 .text          0x00000000c002515a       0x8e hw/fpu/avx.32
                0x00000000c002515a                AVX::open(int, int, void*)
                0x00000000c002516c                AVX::close(int, int, void*)
                0x00000000c002517e                AVX::available()
                0x00000000c0025190                AVX::save(void*)
                0x00000000c00251a8                AVX::load(void*)
                0x00000000c00251c0                AVX::AVX()
                0x00000000c00251c0                AVX::AVX()
 .text          0x00000000c00251e8       0x90 hw/fpu/mmx.32
                0x00000000c00251e8                MMX::available()
                0x00000000c00251fc                MMX::open(int, int, void*)
                0x00000000c002520e                MMX::close(int, int, void*)
                0x00000000c0025220                MMX::save(void*)
                0x00000000c0025238                MMX::load(void*)
                0x00000000c0025250                MMX::MMX()
                0x00000000c0025250                MMX::MMX()
 .text          0x00000000c0025278       0x96 hw/fpu/sse.32
                0x00000000c0025278                SSE::open(int, int, void*)
                0x00000000c002528a                SSE::close(int, int, void*)
                0x00000000c002529c                SSE::available()
                0x00000000c00252b6                SSE::save(void*)
                0x00000000c00252ce                SSE::load(void*)
                0x00000000c00252e6                SSE::SSE()
                0x00000000c00252e6                SSE::SSE()
 .text          0x00000000c002530e       0x8e hw/fpu/x87.32
                0x00000000c002530e                x87::open(int, int, void*)
                0x00000000c0025320                x87::close(int, int, void*)
                0x00000000c0025332                x87::available()
                0x00000000c0025344                x87::save(void*)
                0x00000000c002535c                x87::load(void*)
                0x00000000c0025374                x87::x87()
                0x00000000c0025374                x87::x87()
 .text          0x00000000c002539c      0x71e hw/intctrl/apic.32
                0x00000000c002539c                APIC::disable()
                0x00000000c002539e                APIC::close(int, int, void*)
                0x00000000c00253c0                IOAPIC::close(int, int, void*)
                0x00000000c00253c6                APIC::io_wait()
                0x00000000c00253cc                APIC::getBase()
                0x00000000c002540e                APIC::eoi(unsigned char)
                0x00000000c002543c                APIC::open(int, int, void*)
                0x00000000c002558a                IOAPIC::IOAPIC()
                0x00000000c002558a                IOAPIC::IOAPIC()
                0x00000000c00255b2                APIC::APIC()
                0x00000000c00255b2                APIC::APIC()
                0x00000000c002568e                IOAPIC::handlesGSIWithNumber(unsigned int)
                0x00000000c00256c0                IOAPIC::read(int)
                0x00000000c00256e8                IOAPIC::open(int, int, void*)
                0x00000000c00257de                IOAPIC::write(int, int)
                0x00000000c002580a                IOAPIC::redirect(unsigned char, unsigned long long, unsigned char, bool, bool)
                0x00000000c0025904                APIC::installIRQHandler(int, void (*)(regs*, void*), bool, void*)
 .text          0x00000000c0025aba      0x3d3 hw/intctrl/pic.32
                0x00000000c0025aba                PIC::disable()
                0x00000000c0025ae8                PIC::close(int, int, void*)
                0x00000000c0025b0a                PIC::PIC()
                0x00000000c0025b0a                PIC::PIC()
                0x00000000c0025be0                PIC::ioWait()
                0x00000000c0025be6                PIC::getIRQReg(int)
                0x00000000c0025c50                PIC::eoi(unsigned char)
                0x00000000c0025ce2                PIC::remap()
                0x00000000c0025e4e                PIC::open(int, int, void*)
 *fill*         0x00000000c0025e8d        0x1 
 .text          0x00000000c0025e8e      0x25e hw/timer/apictimer.32
                0x00000000c0025e8e                APICTimer::close(int, int, void*)
                0x00000000c0025e94                apicTimerHandler(regs*, void*)
                0x00000000c0025ec2                APICTimer::write(int)
                0x00000000c0025fc6                APICTimer::open(int, int, void*)
                0x00000000c00260c4                APICTimer::APICTimer()
                0x00000000c00260c4                APICTimer::APICTimer()
 .text          0x00000000c00260ec      0x1a7 hw/timer/pit.32
                0x00000000c00260ec                PIT::write(int)
                0x00000000c002616a                pitHandler(regs*, void*)
                0x00000000c0026196                PIT::open(int, int, void*)
                0x00000000c00261e4                PIT::close(int, int, void*)
                0x00000000c0026214                PIT::PIT()
                0x00000000c0026214                PIT::PIT()
 *fill*         0x00000000c0026293        0xd 
 .text          0x00000000c00262a0       0x1e hw/fpu/x86/avx.32
                0x00000000c00262a0                avxDetect
                0x00000000c00262a6                avxSave
                0x00000000c00262a7                avxLoad
                0x00000000c00262a8                avxInit
                0x00000000c00262a9                avxClose
                0x00000000c00262aa                wouldSheSayYes
 *fill*         0x00000000c00262be        0x2 
 .text          0x00000000c00262c0       0x35 hw/fpu/x86/sse.32
                0x00000000c00262c0                absolutelyNoChanceInHell
                0x00000000c00262c0                sseDetect
                0x00000000c00262d8                sseSave
                0x00000000c00262de                sseLoad
                0x00000000c00262e4                sseInit
                0x00000000c00262f4                sseClose
 *fill*         0x00000000c00262f5        0xb 
 .text          0x00000000c0026300       0x4d hw/fpu/x86/x87.32
                0x00000000c0026306                x87Detect
                0x00000000c0026321                x87Save
                0x00000000c002632a                x87Load
                0x00000000c0026332                x87Init
                0x00000000c002634c                x87Close
 *fill*         0x00000000c002634d        0x3 
 .text          0x00000000c0026350       0x25 /cygdrive/d/Users/Alex/Desktop/Toolchain/Output/bin/../lib/gcc/i386-banana/8.1.0/crtend.o
 .text          0x00000000c0026375        0x0 crtn.32
 *fill*         0x00000000c0026375        0x3 
 .text          0x00000000c0026378      0x14b /cygdrive/d/Users/Alex/Desktop/Toolchain/Output/bin/../lib/gcc/i386-banana/8.1.0/libkgcc.a(_divdi3.o)
                0x00000000c0026378                __divdi3
 *fill*         0x00000000c00264c3        0x1 
 .text          0x00000000c00264c4      0x17e /cygdrive/d/Users/Alex/Desktop/Toolchain/Output/bin/../lib/gcc/i386-banana/8.1.0/libkgcc.a(_moddi3.o)
                0x00000000c00264c4                __moddi3
 *fill*         0x00000000c0026642        0x2 
 .text          0x00000000c0026644       0xff /cygdrive/d/Users/Alex/Desktop/Toolchain/Output/bin/../lib/gcc/i386-banana/8.1.0/libkgcc.a(_udivdi3.o)
                0x00000000c0026644                __udivdi3
 *fill*         0x00000000c0026743        0x1 
 .text          0x00000000c0026744      0x11a /cygdrive/d/Users/Alex/Desktop/Toolchain/Output/bin/../lib/gcc/i386-banana/8.1.0/libkgcc.a(_umoddi3.o)
                0x00000000c0026744                __umoddi3
 .text          0x00000000c002685e      0x96d D:/Users/Alex/Desktop/Banana/kernel/libsoftfp.a(sfieeelib.o)
                0x00000000c002685e                __addsf3
                0x00000000c0026b60                __subsf3
                0x00000000c0026b74                __negsf2
                0x00000000c0026b81                __mulsf3
                0x00000000c0026d44                __divsf3
                0x00000000c0026f6f                __floatsisf
                0x00000000c0026fe3                __floatunsisf
                0x00000000c0027025                __fixsfsi
                0x00000000c0027087                __fixunssfsi
                0x00000000c00270b8                __cmpsf2
                0x00000000c002714d                __eqsf2
                0x00000000c0027188                __nesf2
                0x00000000c002718a                __gtsf2
                0x00000000c00271c5                __gesf2
                0x00000000c00271c7                __ltsf2
                0x00000000c00271c9                __lesf2
 .text          0x00000000c00271cb      0xf50 D:/Users/Alex/Desktop/Banana/kernel/libsoftfp.a(dfieeelib.o)
                0x00000000c00271cb                __adddf3
                0x00000000c002781c                __subdf3