Archive member included to satisfy reference by file (symbol)

/cygdrive/d/Users/Alex/Desktop/Toolchain/Output/bin/../lib/gcc/i386-banana/8.1.0/libkgcc.a(_divdi3.o)
                              krnl/resolve.32 (__divdi3)
/cygdrive/d/Users/Alex/Desktop/Toolchain/Output/bin/../lib/gcc/i386-banana/8.1.0/libkgcc.a(_moddi3.o)
                              krnl/resolve.32 (__moddi3)
/cygdrive/d/Users/Alex/Desktop/Toolchain/Output/bin/../lib/gcc/i386-banana/8.1.0/libkgcc.a(_udivdi3.o)
                              hal/clock.32 (__udivdi3)
/cygdrive/d/Users/Alex/Desktop/Toolchain/Output/bin/../lib/gcc/i386-banana/8.1.0/libkgcc.a(_umoddi3.o)
                              core/pipe.32 (__umoddi3)

Allocating common symbols
Common symbol       size              file

dcache              0x40              fs/iso9660/iso9660.32
cdDriveLetter       0x1               fs/iso9660/iso9660.32
icache              0x40              fs/iso9660/iso9660.32

Discarded input sections

 .comment       0x0000000000000000       0x12 /cygdrive/d/Users/Alex/Desktop/Toolchain/Output/bin/../lib/gcc/i386-banana/8.1.0/crtbegin.o
 .comment       0x0000000000000000       0x12 acpica/utclib.32
 .comment       0x0000000000000000       0x12 core/malloc.32
 .comment       0x0000000000000000       0x12 libk/ctype.32
 .comment       0x0000000000000000       0x12 libk/string.32
 .comment       0x0000000000000000       0x12 fs/fat/diskio.32
 .comment       0x0000000000000000       0x12 fs/fat/ff.32
 .comment       0x0000000000000000       0x12 fs/fat/ffsystem.32
 .comment       0x0000000000000000       0x12 fs/fat/ffunicode.32
 .comment       0x0000000000000000       0x12 fs/iso9660/iso9660.32
 .group         0x0000000000000000       0x14 core/computer.32
 .group         0x0000000000000000        0xc core/computer.32
 .comment       0x0000000000000000       0x12 core/computer.32
 .comment       0x0000000000000000       0x12 core/gdt.32
 .group         0x0000000000000000        0xc core/idle.32
 .comment       0x0000000000000000       0x12 core/idle.32
 .comment       0x0000000000000000       0x12 core/idt.32
 .comment       0x0000000000000000       0x12 core/kheap.32
 .comment       0x0000000000000000       0x12 core/main.32
 .comment       0x0000000000000000       0x12 core/physmgr.32
 .group         0x0000000000000000        0xc core/pipe.32
 .comment       0x0000000000000000       0x12 core/pipe.32
 .group         0x0000000000000000        0xc core/terminal.32
 .comment       0x0000000000000000       0x12 core/terminal.32
 .comment       0x0000000000000000       0x12 core/tss.32
 .group         0x0000000000000000        0xc core/unixfile.32
 .group         0x0000000000000000        0xc core/unixfile.32
 .group         0x0000000000000000        0xc core/unixfile.32
 .group         0x0000000000000000        0xc core/unixfile.32
 .group         0x0000000000000000        0xc core/unixfile.32
 .group         0x0000000000000000        0xc core/unixfile.32
 .group         0x0000000000000000        0xc core/unixfile.32
 .group         0x0000000000000000        0xc core/unixfile.32
 .comment       0x0000000000000000       0x12 core/unixfile.32
 .comment       0x0000000000000000       0x12 core/virtmgr.32
 .comment       0x0000000000000000       0x12 coreobjs/c++.32
 .comment       0x0000000000000000       0x12 dbg/kconsole.32
 .comment       0x0000000000000000       0x12 dbg/usban.32
 .group         0x0000000000000000        0xc fs/vfs.32
 .group         0x0000000000000000        0xc fs/vfs.32
 .group         0x0000000000000000        0xc fs/vfs.32
 .comment       0x0000000000000000       0x12 fs/vfs.32
 .group         0x0000000000000000        0xc hal/bus.32
 .comment       0x0000000000000000       0x12 hal/bus.32
 .comment       0x0000000000000000       0x12 hal/buzzer.32
 .group         0x0000000000000000        0xc hal/clock.32
 .comment       0x0000000000000000       0x12 hal/clock.32
 .group         0x0000000000000000       0x14 hal/device.32
 .group         0x0000000000000000        0xc hal/device.32
 .group         0x0000000000000000        0xc hal/device.32
 .group         0x0000000000000000        0xc hal/device.32
 .group         0x0000000000000000        0xc hal/device.32
 .comment       0x0000000000000000       0x12 hal/device.32
 .group         0x0000000000000000        0xc hal/diskctrl.32
 .comment       0x0000000000000000       0x12 hal/diskctrl.32
 .group         0x0000000000000000        0xc hal/diskphys.32
 .comment       0x0000000000000000       0x12 hal/diskphys.32
 .comment       0x0000000000000000       0x12 hal/fpu.32
 .comment       0x0000000000000000       0x12 hal/intctrl.32
 .group         0x0000000000000000        0xc hal/keybrd.32
 .comment       0x0000000000000000       0x12 hal/keybrd.32
 .group         0x0000000000000000        0xc hal/logidisk.32
 .comment       0x0000000000000000       0x12 hal/logidisk.32
 .group         0x0000000000000000        0xc hal/mouse.32
[...]
Memory Configuration

Name             Origin             Length             Attributes
*default*        0x0000000000000000 0xffffffffffffffff

Linker script and memory map

LOAD D:/Users/Alex/Desktop/Banana/kernel/boot.32
LOAD crti.32
LOAD /cygdrive/d/Users/Alex/Desktop/Toolchain/Output/bin/../lib/gcc/i386-banana/8.1.0/crtbegin.o
LOAD D:/Users/Alex/Desktop/Banana/kernel/morenasm.32
LOAD acpica/utclib.32
LOAD core/malloc.32
LOAD libk/ctype.32
LOAD libk/string.32
LOAD fs/fat/diskio.32
LOAD fs/fat/ff.32
LOAD fs/fat/ffsystem.32
LOAD fs/fat/ffunicode.32
LOAD fs/iso9660/iso9660.32
LOAD core/computer.32
LOAD core/gdt.32
LOAD core/idle.32
LOAD core/idt.32
LOAD core/kheap.32
LOAD core/main.32
LOAD core/physmgr.32
LOAD core/pipe.32
LOAD core/terminal.32
LOAD core/tss.32
LOAD core/unixfile.32
LOAD core/virtmgr.32
LOAD coreobjs/c++.32
LOAD dbg/kconsole.32
LOAD dbg/usban.32
LOAD fs/vfs.32
LOAD hal/bus.32
LOAD hal/buzzer.32
LOAD hal/clock.32
LOAD hal/device.32
LOAD hal/diskctrl.32
LOAD hal/diskphys.32
LOAD hal/fpu.32
LOAD hal/intctrl.32
LOAD hal/keybrd.32
LOAD hal/logidisk.32
LOAD hal/mouse.32
LOAD hal/nic.32
LOAD hal/partition.32
LOAD hal/serial.32
LOAD hal/timer.32
LOAD hal/vcache.32
LOAD hal/video.32
LOAD hw/acpi.32
LOAD hw/cpu.32
LOAD krnl/bootmsg.32
LOAD krnl/env.32
LOAD krnl/inlines.32
LOAD krnl/panic.32
LOAD krnl/powctrl.32
LOAD krnl/random.32
LOAD krnl/resolve.32
LOAD krnl/signal.32
LOAD krnl/syscalls.32
LOAD net/ethernet.32
LOAD reg/cm.32
LOAD reg/registry.32
LOAD sys/eject.32
LOAD sys/exit.32
LOAD sys/getcwd.32
LOAD sys/getpid.32
LOAD sys/getramdata.32
LOAD sys/getvgaptr.32
LOAD sys/kill.32
LOAD sys/loaddll.32
LOAD sys/read.32
LOAD sys/registersignal.32
LOAD sys/registry.32
LOAD sys/sbrk.32
LOAD sys/setcwd.32
LOAD sys/settime.32
LOAD sys/timezone.32
LOAD sys/write.32
LOAD sys/wsbe.32
LOAD sys/yield.32
LOAD thr/elf.32
LOAD thr/prcssthr.32
LOAD vm86/vm8086.32
LOAD arch/i386/hal.32
LOAD arch/i386/pic.32
LOAD arch/i386/rtc.32
LOAD arch/i386/vga.32
LOAD fs/fat/vfslink.32
LOAD fs/iso9660/helper.32
LOAD fs/iso9660/vfslink.32
LOAD hal/sound/sndcard.32
LOAD hal/sound/sndport.32
LOAD hw/bus/isa.32
LOAD hw/bus/pci.32
LOAD hw/diskctrl/ide.32
LOAD hw/diskctrl/satabus.32
LOAD hw/diskphys/ata.32
LOAD hw/diskphys/atapi.32
LOAD hw/diskphys/sata.32
LOAD hw/diskphys/satapi.32
LOAD hw/intctrl/apic.32
LOAD hw/timer/apictimer.32
LOAD hw/timer/pit.32
LOAD arch/i386/avx.32
LOAD arch/i386/interrupt.32
LOAD arch/i386/rdrand.32
LOAD arch/i386/sse.32
LOAD arch/i386/x87.32
LOAD /cygdrive/d/Users/Alex/Desktop/Toolchain/Output/bin/../lib/gcc/i386-banana/8.1.0/crtend.o
LOAD crtn.32
LOAD /cygdrive/d/Users/Alex/Desktop/Toolchain/Output/bin/../lib/gcc/i386-banana/8.1.0/libkgcc.a
LOAD D:/Users/Alex/Desktop/Banana/kernel/libsoftfp.a
LOAD D:/Users/Alex/Desktop/Banana/kernel/libk/libm32.a
                0x00000000c0000000                . = 0xc0000000

.text           0x00000000c0000000    0x7077a
 *(.text)
 .text          0x00000000c0000000       0x20 D:/Users/Alex/Desktop/Banana/kernel/boot.32
 .text          0x00000000c0000020        0x0 crti.32
 .text          0x00000000c0000020      0x101 /cygdrive/d/Users/Alex/Desktop/Toolchain/Output/bin/../lib/gcc/i386-banana/8.1.0/crtbegin.o
 *fill*         0x00000000c0000121        0xf 
 .text          0x00000000c0000130      0x24f D:/Users/Alex/Desktop/Banana/kernel/morenasm.32
                0x00000000c0000130                manualPCIProbe
                0x00000000c000017b                prepareTramp
                0x00000000c0000194                doTPAUSE
                0x00000000c000019e                hasLegacyFPU
                0x00000000c00001c3                is486
                0x00000000c00001f9                detectCPUID
                0x00000000c000020f                goToVM86
                0x00000000c000023f                goToUsermode
                0x00000000c0000269                switchToThreadASMFirstTime
                0x00000000c0000277                switchToThreadASM
                0x00000000c00002fc                asmQuickAcquireLock
                0x00000000c000031a                asmQuickReleaseLock
                0x00000000c0000326                asmAcquireLock
                0x00000000c0000347                asmReleaseLock
                0x00000000c000035a                loadGDT
                0x00000000c000037a                memcpy
 *fill*         0x00000000c000037f        0x1 
 .text          0x00000000c0000380     0x1d37 acpica/utclib.32
                0x00000000c0000380                memcmp
                0x00000000c0000520                memmove
                0x00000000c00007a0                memset
                0x00000000c0000830                strlen
                0x00000000c00008d0                strpbrk
                0x00000000c0000a50                strtok
                0x00000000c0000b70                strcpy
                0x00000000c0000cb0                strncpy
                0x00000000c0000ff0                strcmp
                0x00000000c0001190                strchr
                0x00000000c0001240                strncmp
                0x00000000c0001430                strcat
                0x00000000c0001590                strncat
                0x00000000c0001770                strstr
                0x00000000c0001800                toupper
                0x00000000c0001890                tolower
                0x00000000c0001920                simple_strtoul
 .text          0x00000000c00020b7     0x4f41 core/malloc.32
                0x00000000c0002bae                dlfree
                0x00000000c0003b72                dlmalloc
                0x00000000c00056d7                dlrealloc
                0x00000000c0006202                dlmemalign
                0x00000000c00066d2                dlcalloc
                0x00000000c00069c0                dlcfree
                0x00000000c00069c5                dlindependent_calloc
                0x00000000c00069ea                dlindependent_comalloc
                0x00000000c0006a01                dlvalloc
                0x00000000c0006a2c                dlpvalloc
                0x00000000c0006a62                dlmalloc_trim
                0x00000000c0006a75                dlmalloc_usable_size
                0x00000000c0006b9d                dlmallinfo
                0x00000000c0006f58                dlmalloc_stats
                0x00000000c0006f6c                dlmallopt
 .text          0x00000000c0006ff8      0x1f2 libk/ctype.32
                0x00000000c0006ff8                isblank
                0x00000000c0007018                iscntrl
                0x00000000c0007038                isdigit
                0x00000000c0007054                islower
                0x00000000c0007070                isspace
                0x00000000c0007098                isupper
                0x00000000c00070b4                isalpha
                0x00000000c00070e4                isalnum
                0x00000000c0007114                ispunct
                0x00000000c0007154                isgraph
                0x00000000c0007184                isprint
                0x00000000c00071ac                isxdigit
 .text          0x00000000c00071ea        0x0 libk/string.32
 .text          0x00000000c00071ea      0x1c8 fs/fat/diskio.32
                0x00000000c00071ea                disk_status
                0x00000000c00071ed                disk_initialize
                0x00000000c00071f0                disk_read
                0x00000000c000728b                disk_write
                0x00000000c0007326                disk_ioctl
 .text          0x00000000c00073b2     0xc2a5 fs/fat/ff.32
                0x00000000c000dbe3                f_mount
                0x00000000c000dd5d                f_open
                0x00000000c000e4f6                f_read
                0x00000000c000ee43                f_write
                0x00000000c000f954                f_sync
                0x00000000c000fca6                f_close
                0x00000000c000fd0f                f_lseek
                0x00000000c0010515                f_opendir
                0x00000000c0010721                f_closedir
                0x00000000c001077d                f_readdir
                0x00000000c0010865                f_stat
                0x00000000c0010919                f_getfree
                0x00000000c0010cd6                f_truncate
                0x00000000c00110a3                f_unlink
                0x00000000c00111f0                f_mkdir
                0x00000000c0011623                f_rename
                0x00000000c0011946                f_chmod
                0x00000000c0011a9e                f_utime
                0x00000000c0011c3c                f_getlabel
                0x00000000c0011f6e                f_setlabel
                0x00000000c00122dd                f_expand
                0x00000000c0012745                f_mkfs
 *fill*         0x00000000c0013657        0x1 
 .text          0x00000000c0013658       0x2f fs/fat/ffsystem.32
                0x00000000c0013658                ff_memalloc
                0x00000000c0013670                ff_memfree
 *fill*         0x00000000c0013687        0x1 
 .text          0x00000000c0013688      0x4ea fs/fat/ffunicode.32
                0x00000000c0013688                ff_uni2oem
                0x00000000c0013790                ff_oem2uni
                0x00000000c001386c                ff_wtoupper
 .text          0x00000000c0013b72     0x4b94 fs/iso9660/iso9660.32
                0x00000000c00148a6                isoReadDiscSector
                0x00000000c0014aaf                strnicmp
                0x00000000c00151b6                stricmp
                0x00000000c0015286                iso_open
                0x00000000c0015605                iso_close
                0x00000000c0015693                iso_read
                0x00000000c0015e6b                iso_seek
                0x00000000c00164af                iso_tell
                0x00000000c0016650                iso_total
                0x00000000c00167ed                fn_postprocess
                0x00000000c0016877                iso_readdir
                0x00000000c0017fa4                iso_reset
                0x00000000c0017fc1                init_percd
                0x00000000c0018393                iso_ioctl
                0x00000000c00183ab                fs_iso9660_init
                0x00000000c00185de                fs_iso9660_shutdown
 *fill*         0x00000000c0018706        0x2 
 .text          0x00000000c0018708     0x1cd6 core/computer.32
                0x00000000c0018708                Computer::close(int, int, void*)
                0x00000000c00188c4                Krnl::firstTask()
                0x00000000c0018c10                Computer::Computer()
                0x00000000c0018c10                Computer::Computer()
                0x00000000c00190e0                Computer::setBootMessage(char const*)
                0x00000000c00190e4                Computer::detectFeatures()
                0x00000000c0019b28                Computer::displayFeatures()
                0x00000000c0019b2c                Computer::rdmsr(unsigned int)
                0x00000000c0019ba4                Computer::wrmsr(unsigned int, unsigned long long)
                0x00000000c0019c24                Computer::shutdown()
                0x00000000c0019cbc                Computer::restart()
                0x00000000c0019d54                Computer::sleep()
                0x00000000c0019dd4                Computer::nmiEnabled()
                0x00000000c0019e18                Computer::readCMOS(unsigned char)
                0x00000000c0019e78                Computer::enableNMI(bool)
                0x00000000c0019f14                Computer::open(int, int, void*)
                0x00000000c001a2c8                Computer::disableNMI()
                0x00000000c001a300                Computer::writeCMOS(unsigned char, unsigned char)
                0x00000000c001a368                Computer::handleNMI()
 .text          0x00000000c001a3de      0x50f core/gdt.32
                0x00000000c001a3de                GDTEntry::setBase(unsigned int)
                0x00000000c001a46e                GDTEntry::setLimit(unsigned int)
                0x00000000c001a4dc                GDT::GDT()
                0x00000000c001a4dc                GDT::GDT()
                0x00000000c001a562                GDT::addEntry(GDTEntry)
                0x00000000c001a63e                GDT::getNumberOfEntries()
                0x00000000c001a666                GDT::flush()
                0x00000000c001a6d4                GDT::setup()
 .text          0x00000000c001a8ed       0x38 core/idle.32
                0x00000000c001a8ed                idleFunction(void*)
 *fill*         0x00000000c001a925        0x3 
 .text          0x00000000c001a928      0xcf0 core/idt.32
                0x00000000c001a928                IDTEntry::IDTEntry(bool)
                0x00000000c001a928                IDTEntry::IDTEntry(bool)
                0x00000000c001ab94                IDTEntry::setOffset(unsigned int)
                0x00000000c001abf8                IDT::IDT()
                0x00000000c001abf8                IDT::IDT()
                0x00000000c001ac2a                IDT::getPointerToInvalidOpcodeEntryForF00F()
                0x00000000c001ac6a                IDT::addEntry(IDTEntry, int)
                0x00000000c001acd0                IDT::addEntry(int, void (*)(), bool)
                0x00000000c001ad2c                IDT::flush()
                0x00000000c001ad6a                IDT::setup()
 .text          0x00000000c001b618      0x2a5 core/kheap.32
                0x00000000c001b618                sbrk
                0x00000000c001b734                mmap
                0x00000000c001b74a                munmap
                0x00000000c001b760                liballoc_lock()
                0x00000000c001b79a                liballoc_unlock()
                0x00000000c001b7d8                liballoc_alloc(int)
                0x00000000c001b812                liballoc_free(void*, int)
                0x00000000c001b84f                realloc
                0x00000000c001b863                malloc
                0x00000000c001b873                free
                0x00000000c001b883                rfree
                0x00000000c001b893                calloc
 .text          0x00000000c001b8bd      0x135 core/main.32
                0x00000000c001b8bd                KeEntryPoint
 .text          0x00000000c001b9f2      0xd3a core/physmgr.32
                0x00000000c001b9f2                Phys::allocateDMA(unsigned long)
                0x00000000c001bce0                Phys::freeDMA(unsigned long, unsigned long)
                0x00000000c001bd96                Phys::setPageState(unsigned long, bool)
                0x00000000c001bed3                Phys::getPageState(unsigned long)
                0x00000000c001bf32                Phys::freePage(unsigned long)
                0x00000000c001bfc0                Phys::allocatePage()
                0x00000000c001c188                Phys::allocateContiguousPages(int)
                0x00000000c001c277                Phys::allowSegmentToBeUsed(unsigned long, unsigned long)
                0x00000000c001c2b9                Phys::physicalMemorySetup(unsigned int)
 .text          0x00000000c001c72c      0xaa5 core/pipe.32
                0x00000000c001c72c                Pipe::isAtty()
                0x00000000c001c730                Pipe::~Pipe()
                0x00000000c001c730                Pipe::~Pipe()
                0x00000000c001c800                Pipe::~Pipe()
                0x00000000c001c828                Pipe::write(unsigned long long, void*, int*)
                0x00000000c001cb90                Pipe::read(unsigned long long, void*, int*)
                0x00000000c001cf6a                Pipe::Pipe(int)
                0x00000000c001cf6a                Pipe::Pipe(int)
 *fill*         0x00000000c001d1d1        0x1 
 .text          0x00000000c001d1d2     0x306f core/terminal.32
                0x00000000c001d1d2                VgaText::isAtty()
                0x00000000c001d1d6                VgaText::~VgaText()
                0x00000000c001d1d6                VgaText::~VgaText()
                0x00000000c001d2a6                VgaText::~VgaText()
                0x00000000c001d2d0                VgaText::read(unsigned long long, void*, int*)
                0x00000000c001d310                setTerminalScrollLock(bool)
                0x00000000c001d311                doTerminalCycle()
                0x00000000c001d312                addToTerminalCycle(VgaText*)
                0x00000000c001d313                scrollTerminalScrollLock(int)
                0x00000000c001d314                VgaText::updateTitle()
                0x00000000c001d316                VgaText::load()
                0x00000000c001d318                VgaText::updateCursor()
                0x00000000c001d364                VgaText::doANSI_SGR(int)
                0x00000000c001d7d8                VgaText::setDefaultBgColour(VgaColour)
                0x00000000c001d850                VgaText::setDefaultFgColour(VgaColour)
                0x00000000c001d8c8                VgaText::setDefaultColours(VgaColour, VgaColour)
                0x00000000c001d926                VgaText::setTitleTextColour(VgaColour)
                0x00000000c001d984                VgaText::setTitleColour(VgaColour)
                0x00000000c001d9e2                VgaText::setTitle(char*)
                0x00000000c001da06                VgaText::combineColours(unsigned char, unsigned char)
                0x00000000c001da1a                VgaText::scrollScreen()
                0x00000000c001dd90                VgaText::combineCharAndColour(char, unsigned char)
                0x00000000c001dda0                VgaText::writeCharacter(char, VgaColour, VgaColour, int, int)
                0x00000000c001dea4                VgaText::getCursorX()
                0x00000000c001dee6                VgaText::getCursorY()
                0x00000000c001df28                VgaText::setCursor(int, int)
                0x00000000c001dfc4                setActiveTerminal(VgaText*)
                0x00000000c001e058                VgaText::clearScreen()
                0x00000000c001e174                VgaText::setCursorX(int)
                0x00000000c001e1c0                VgaText::setCursorY(int)
                0x00000000c001e20c                VgaText::incrementCursor(bool)
                0x00000000c001e40e                VgaText::decrementCursor(bool)
                0x00000000c001e4da                VgaText::putchar(char, VgaColour, VgaColour)
                0x00000000c001e816                VgaText::putchar(char)
                0x00000000c001edf4                VgaText::putx(unsigned int)
                0x00000000c001eea2                VgaText::puts(char const*)
                0x00000000c001ef12                VgaText::write(unsigned long long, void*, int*)
                0x00000000c001f078                VgaText::puts(char const*, VgaColour, VgaColour)
                0x00000000c001f708                VgaText::VgaText(char const*)
                0x00000000c001f708                VgaText::VgaText(char const*)
                0x00000000c001fd96                VgaText::receiveKey(unsigned char)
                0x00000000c0020202                VgaText::doUpdate()
                0x00000000c0020203                newTerminal(char*)
 *fill*         0x00000000c0020241        0x3 
 .text          0x00000000c0020244      0xc60 core/tss.32
                0x00000000c0020244                TSS::TSS()
                0x00000000c0020244                TSS::TSS()
                0x00000000c00202cc                TSS::setESP(unsigned long)
                0x00000000c0020370                TSS::flush()
                0x00000000c00203b8                TSS::setup(unsigned long, unsigned long)
 .text          0x00000000c0020ea4     0x11bd core/unixfile.32
                0x00000000c0020ea4                ReservedFilename::read(unsigned long long, void*, int*)
                0x00000000c002116a                ReservedFilename::isAtty()
                0x00000000c0021268                ReservedFilename::write(unsigned long long, void*, int*)
                0x00000000c0021532                UnixFile::getFileDescriptor()
                0x00000000c0021574                UnixFile::UnixFile(int)
                0x00000000c0021574                UnixFile::UnixFile(int)
                0x00000000c0021a7c                ReservedFilename::ReservedFilename(int)
                0x00000000c0021a7c                ReservedFilename::ReservedFilename(int)
                0x00000000c0021bbc                UnixFile::~UnixFile()
                0x00000000c0021bbc                UnixFile::~UnixFile()
                0x00000000c0021d40                UnixFile::~UnixFile()
                0x00000000c0021d68                ReservedFilename::~ReservedFilename()
                0x00000000c0021d68                ReservedFilename::~ReservedFilename()
                0x00000000c0021e4c                ReservedFilename::~ReservedFilename()
                0x00000000c0021e73                getFromFileDescriptor(int)
 *fill*         0x00000000c0022061        0x1 
 .text          0x00000000c0022062     0x3e47 core/virtmgr.32
                0x00000000c0022062                Virt::setPageState(unsigned long, Virt::VirtPageState)
                0x00000000c0022149                Virt::getPageState(unsigned long)
                0x00000000c00221ef                Virt::allocateKernelVirtualPages(int)
                0x00000000c0022361                Virt::freeSwapfilePage(unsigned long)
                0x00000000c00223ec                Virt::swapIDToSector(unsigned long)
                0x00000000c0022402                Virt::allocateSwapfilePage()
                0x00000000c00225b9                Virt::virtualMemorySetup()
                0x00000000c002261c                Virt::setupPageSwapping(int)
                0x00000000c0022844                VAS::VAS(VAS*)
                0x00000000c0022844                VAS::VAS(VAS*)
                0x00000000c002291e                VAS::getForeignPageTableEntry(bool, unsigned long)
                0x00000000c002296e                VAS::getPageTableEntry(unsigned long)
                0x00000000c00229ad                Virt::freeKernelVirtualPages(unsigned long)
                0x00000000c0022bd4                VAS::freeAllocatedPages(unsigned long)
                0x00000000c0022c30                VAS::virtualToPhysical(unsigned long)
                0x00000000c0022c92                VAS::reflagRange(unsigned long, int, int, int)
                0x00000000c0022d78                VAS::VAS()
                0x00000000c0022d78                VAS::VAS()
                0x00000000c0022f64                VAS::setToWriteCombining(unsigned long, int)
                0x00000000c0023058                VAS::mapOtherVASIn(bool, VAS*)
                0x00000000c0023166                VAS::~VAS()
                0x00000000c0023166                VAS::~VAS()
                0x00000000c0023664                VAS::mapPage(unsigned long, unsigned long, int)
                0x00000000c002399c                VAS::allocatePages(int, int)
                0x00000000c0023e9c                VAS::setCPUSpecific(unsigned long)
                0x00000000c0023ed6                VAS::mapRange(unsigned long, unsigned long, int, int)
                0x00000000c00240f6                VAS::mapForeignPage(bool, VAS*, unsigned long, unsigned long, int)
                0x00000000c0024354                VAS::VAS(bool)
                0x00000000c0024354                VAS::VAS(bool)
                0x00000000c0024fca                VAS::evict(unsigned long)
                0x00000000c002533c                VAS::tryLoadBackOffDisk(unsigned long)
                0x00000000c0025728                VAS::scanForEviction()
                0x00000000c0025bd0                mapVASFirstTime
 .text          0x00000000c0025ea9       0x5f coreobjs/c++.32
                0x00000000c0025ea9                __cxa_atexit
                0x00000000c0025eac                __cxa_finalize
                0x00000000c0025ead                __stack_chk_fail
                0x00000000c0025ee3                __cxa_pure_virtual
                0x00000000c0025ef4                operator new[](unsigned long)
                0x00000000c0025ef9                operator delete(void*, unsigned long)
                0x00000000c0025efe                operator delete[](void*)
                0x00000000c0025f03                operator delete[](void*, unsigned long)
 .text          0x00000000c0025f08      0x623 dbg/kconsole.32
                0x00000000c0025f08                Dbg::stringifyxWithBase(unsigned int, char*, int)
                0x00000000c0026122                Dbg::logc(char)
                0x00000000c0026142                Dbg::logs(char*)
                0x00000000c00261d1                Dbg::logWriteInt(unsigned int)
                0x00000000c00261f1                Dbg::logWriteIntBase(unsigned int, int)
                0x00000000c0026214                Dbg::kprintf(char const*, ...)
 *fill*         0x00000000c002652b        0x1 
 .text          0x00000000c002652c      0x508 dbg/usban.32
                0x00000000c002652c                KiUbsanPrintDetails(char const*, void*)
                0x00000000c002665c                __ubsan_handle_type_mismatch_v1
                0x00000000c0026934                __ubsan_handle_pointer_overflow
                0x00000000c0026960                __ubsan_handle_out_of_bounds
                0x00000000c002698c                __ubsan_handle_add_overflow
                0x00000000c00269a4                __ubsan_handle_load_invalid_value
                0x00000000c00269bc                __ubsan_handle_divrem_overflow
                0x00000000c00269d4                __ubsan_handle_mul_overflow
                0x00000000c00269ec                __ubsan_handle_sub_overflow
                0x00000000c0026a04                __ubsan_handle_shift_out_of_bounds
                0x00000000c0026a1c                __ubsan_handle_negate_overflow
 .text          0x00000000c0026a34     0x7506 fs/vfs.32
                0x00000000c0026a34                File::isAtty()
                0x00000000c0026a38                Directory::isAtty()
                0x00000000c0026a3c                Filesystem::getlabel(LogicalDisk*, int, char*, unsigned int*)
                0x00000000c0026a42                Filesystem::setlabel(LogicalDisk*, int, char*)
                0x00000000c0026a48                Filesystem::allocateSwapfile(char const*, int)
                0x00000000c0026a4e                File::~File()
                0x00000000c0026a4e                File::~File()
                0x00000000c0026b1e                File::~File()
                0x00000000c0026b48                Directory::~Directory()
                0x00000000c0026b48                Directory::~Directory()
                0x00000000c0026c18                Directory::~Directory()
                0x00000000c0026c42                Directory::write(unsigned long long, void*, int*)
                0x00000000c0026df2                File::read(unsigned long long, void*, int*)
                0x00000000c0027248                File::write(unsigned long long, void*, int*)
                0x00000000c002769e                Directory::read(unsigned long long, void*, int*)
                0x00000000c0027af4                Filesystem::Filesystem()
                0x00000000c0027af4                Filesystem::Filesystem()
                0x00000000c0027bcc                Filesystem::~Filesystem()
                0x00000000c0027bcc                Filesystem::~Filesystem()
                0x00000000c0027c4a                Filesystem::~Filesystem()
                0x00000000c0027c71                Fs::getcwd(Process*, char*, int)
                0x00000000c0027dac                Fs::initVFS()
                0x00000000c0027dd6                Fs::standardiseFiles(char*, char const*, char const*)
                0x00000000c0028c2c                File::File(char const*, Process*)
                0x00000000c0028c2c                File::File(char const*, Process*)
                0x00000000c00291ba                File::open(FileOpenMode)
                0x00000000c002961e                File::close()
                0x00000000c0029a70                File::seek(unsigned long long)
                0x00000000c0029ea6                File::tell(unsigned long long*)
                0x00000000c002a2ca                File::rewind()
                0x00000000c002a2fc                File::unlink()
                0x00000000c002a710                File::rename(char const*)
                0x00000000c002ab14                File::chfatattr(unsigned char, unsigned char)
                0x00000000c002af36                File::exists()
                0x00000000c002b2ca                File::stat(unsigned long long*, bool*)
                0x00000000c002b944                Fs::setcwd(Process*, char*)
                0x00000000c002befc                Directory::Directory(char const*, Process*)
                0x00000000c002befc                Directory::Directory(char const*, Process*)
                0x00000000c002c48a                Directory::open()
                0x00000000c002c8fe                Directory::close()
                0x00000000c002cd50                Directory::unlink()
                0x00000000c002d164                Directory::rename(char const*)
                0x00000000c002d568                Directory::exists()
                0x00000000c002d8fc                Directory::read(dirent*)
                0x00000000c002db20                Directory::create()
                0x00000000c002df34                Filesystem::chfatattr(char const*, unsigned char, unsigned char)
 *fill*         0x00000000c002df3a        0x2 
 .text          0x00000000c002df3c      0x252 hal/bus.32
                0x00000000c002df3c                Bus::Bus(char const*)
                0x00000000c002df3c                Bus::Bus(char const*)
                0x00000000c002e080                Bus::~Bus()
                0x00000000c002e080                Bus::~Bus()
                0x00000000c002e164                Bus::~Bus()
 .text          0x00000000c002e18e       0xee hal/buzzer.32
                0x00000000c002e18e                beepThread(void*)
                0x00000000c002e1fa                Krnl::beep(int, int, bool)
 .text          0x00000000c002e27c      0xad8 hal/clock.32
                0x00000000c002e27c                User::loadClockSettings(int)
                0x00000000c002e368                Clock::Clock(char const*)
                0x00000000c002e368                Clock::Clock(char const*)
                0x00000000c002e492                Clock::~Clock()
                0x00000000c002e492                Clock::~Clock()
                0x00000000c002e562                Clock::~Clock()
                0x00000000c002e58c                Clock::timeInSecondsLocal()
                0x00000000c002e6dc                Clock::setTimeInSecondsLocal(unsigned long long)
                0x00000000c002e825                datetimeToSeconds(datetime_t)
                0x00000000c002ea1e                Clock::setTimeInDatetimeLocal(datetime_t)
                0x00000000c002eb9e                secondsToDatetime(unsigned long long)
                0x00000000c002ed12                Clock::timeInDatetimeLocal()
 .text          0x00000000c002ed54     0x167b hal/device.32
                0x00000000c002ed54                Device::hibernate()
                0x00000000c002ed56                Device::wake()
                0x00000000c002ed58                Device::detect()
                0x00000000c002ed5a                Device::disableLegacy()
                0x00000000c002ed5c                Device::powerSaving(PowerSavingLevel)
                0x00000000c002ed5e                DriverlessDevice::close(int, int, void*)
                0x00000000c002ed62                DriverlessDevice::detect()
                0x00000000c002ed64                DriverlessDevice::open(int, int, void*)
                0x00000000c002ed78                Device::~Device()
                0x00000000c002ed78                Device::~Device()
                0x00000000c002edf6                Device::~Device()
                0x00000000c002ee20                Device::findAndLoadDriver()
                0x00000000c002ee2e                Device::preOpenPCI(PCIDeviceInfo)
                0x00000000c002eec8                Device::preOpenACPI(void*, char*, char*)
                0x00000000c002efda                Device::addIRQHandler(int, void (*)(regs*, void*), bool, void*)
                0x00000000c002f004                Device::getParent()
                0x00000000c002f04e                Device::removeIRQHandler(int, void (*)(regs*, void*), bool)
                0x00000000c002f06c                Device::addChild(Device*)
                0x00000000c002f208                Device::removeAllChildren()
                0x00000000c002f3cc                Device::hibernateAll()
                0x00000000c002f520                Device::wakeAll()
                0x00000000c002f674                Device::detectAll()
                0x00000000c002f7c8                Device::disableLegacyAll()
                0x00000000c002f7ca                Device::loadDriversForAll()
                0x00000000c002f7cc                Device::closeAll()
                0x00000000c002f924                Device::powerSavingAll(PowerSavingLevel)
                0x00000000c002fa84                Device::setName(char const*)
                0x00000000c002fad6                Device::Device(char const*)
                0x00000000c002fad6                Device::Device(char const*)
                0x00000000c00300c6                Device::getName()
                0x00000000c003010a                DriverlessDevice::DriverlessDevice(char const*)
                0x00000000c003010a                DriverlessDevice::DriverlessDevice(char const*)
                0x00000000c0030234                Device::addToLinkedList(LinkedList<Device>&, DeviceType)
                0x00000000c003036f                getDevicesOfType(DeviceType)
 *fill*         0x00000000c00303cf        0x1 
 .text          0x00000000c00303d0      0x252 hal/diskctrl.32
                0x00000000c00303d0                HardDiskController::HardDiskController(char const*)
                0x00000000c00303d0                HardDiskController::HardDiskController(char const*)
                0x00000000c0030514                HardDiskController::~HardDiskController()
                0x00000000c0030514                HardDiskController::~HardDiskController()
                0x00000000c00305f8                HardDiskController::~HardDiskController()
 .text          0x00000000c0030622      0x3f8 hal/diskphys.32
                0x00000000c0030622                PhysicalDisk::eject()
                0x00000000c0030626                PhysicalDisk::PhysicalDisk(char const*, int)
                0x00000000c0030626                PhysicalDisk::PhysicalDisk(char const*, int)
                0x00000000c00308a6                PhysicalDisk::startCache()
                0x00000000c0030920                PhysicalDisk::~PhysicalDisk()
                0x00000000c0030920                PhysicalDisk::~PhysicalDisk()
                0x00000000c00309f0                PhysicalDisk::~PhysicalDisk()
 .text          0x00000000c0030a1a        0x0 hal/fpu.32
 .text          0x00000000c0030a1a     0x1907 hal/intctrl.32
                0x00000000c0030a1a                int_handler
                0x00000000c0030e2e                installISRHandler(int, void (*)(regs*, void*), void*)
                0x00000000c00310eb                installIRQHandler(int, void (*)(regs*, void*), bool, void*)
                0x00000000c0031894                uninstallISRHandler(int, void (*)(regs*, void*))
                0x00000000c0031b93                uninstallIRQHandler(int, void (*)(regs*, void*), bool)
                0x00000000c0031fc5                setupINTS()
                0x00000000c00321ee                convertLegacyIRQNumber(int)
 *fill*         0x00000000c0032321        0x1 
 .text          0x00000000c0032322     0x12a0 hal/keybrd.32
                0x00000000c0032322                startGUI(void*)
                0x00000000c00323a9                startGUIVESA(void*)
                0x00000000c0032430                sendKeyToTerminal(unsigned char)
                0x00000000c00325cb                sendKeyboardToken(KeyboardToken)
                0x00000000c0032df8                clearInternalKeybuffer(VgaText*)
                0x00000000c0032ec0                readKeyboard(VgaText*, char*, unsigned long)
                0x00000000c0033396                Keyboard::Keyboard(char const*)
                0x00000000c0033396                Keyboard::Keyboard(char const*)
                0x00000000c00334c8                Keyboard::~Keyboard()
                0x00000000c00334c8                Keyboard::~Keyboard()
                0x00000000c0033598                Keyboard::~Keyboard()
 .text          0x00000000c00335c2      0xf99 hal/logidisk.32
                0x00000000c00335c2                LogicalDisk::close(int, int, void*)
                0x00000000c00335c6                LogicalDisk::~LogicalDisk()
                0x00000000c00335c6                LogicalDisk::~LogicalDisk()
                0x00000000c0033696                LogicalDisk::~LogicalDisk()
                0x00000000c00336c0                LogicalDisk::open(int, int, void*)
                0x00000000c00336d4                LogicalDisk::absoluteToRelative(unsigned long long)
                0x00000000c00337aa                LogicalDisk::relativeToAbsolute(unsigned long long)
                0x00000000c003383c                LogicalDisk::LogicalDisk(char const*, PhysicalDisk*, unsigned long long, unsigned long long)
                0x00000000c003383c                LogicalDisk::LogicalDisk(char const*, PhysicalDisk*, unsigned long long, unsigned long long)
                0x00000000c0033bf0                LogicalDisk::assignDriveLetter()
                0x00000000c0033e54                LogicalDisk::mount()
                0x00000000c0033fba                LogicalDisk::unmount()
                0x00000000c0034008                LogicalDisk::eject()
                0x00000000c00340c0                LogicalDisk::unassignDriveLetter()
                0x00000000c0034248                LogicalDisk::read(unsigned long long, int, void*)
                0x00000000c00343d2                LogicalDisk::write(unsigned long long, int, void*)
 *fill*         0x00000000c003455b        0x1 
 .text          0x00000000c003455c      0x252 hal/mouse.32
                0x00000000c003455c                Mouse::Mouse(char const*)
                0x00000000c003455c                Mouse::Mouse(char const*)
                0x00000000c00346a0                Mouse::~Mouse()
                0x00000000c00346a0                Mouse::~Mouse()
                0x00000000c0034784                Mouse::~Mouse()
 .text          0x00000000c00347ae      0x230 hal/nic.32
                0x00000000c00347ae                NIC::getMAC()
                0x00000000c00347b4                NIC::write(int, unsigned char*, int*)
                0x00000000c00347ba                NIC::NIC(char const*)
                0x00000000c00347ba                NIC::NIC(char const*)
                0x00000000c00348e4                NIC::~NIC()
                0x00000000c00348e4                NIC::~NIC()
                0x00000000c00349b4                NIC::~NIC()
 .text          0x00000000c00349de      0xe6c hal/partition.32
                0x00000000c00349de                makePartition(PhysicalDisk*, unsigned long long, unsigned long long)
                0x00000000c0034b48                createPartitionsForDisk(PhysicalDisk*)
 *fill*         0x00000000c003584a        0x2 
 .text          0x00000000c003584c      0x252 hal/serial.32
                0x00000000c003584c                Serial::Serial(char const*)
                0x00000000c003584c                Serial::Serial(char const*)
                0x00000000c0035990                Serial::~Serial()
                0x00000000c0035990                Serial::~Serial()
                0x00000000c0035a74                Serial::~Serial()
 *fill*         0x00000000c0035a9e        0x2 
 .text          0x00000000c0035aa0      0x7a4 hal/timer.32
                0x00000000c0035aa0                Timer::Timer(char const*)
                0x00000000c0035aa0                Timer::Timer(char const*)
                0x00000000c0035be4                Timer::~Timer()
                0x00000000c0035be4                Timer::~Timer()
                0x00000000c0035cc8                Timer::~Timer()
                0x00000000c0035cf2                Timer::read()
                0x00000000c0035d3f                setupTimer(int)
                0x00000000c0035e2d                timerHandler(unsigned int)
 .text          0x00000000c0036244     0x1a4c hal/vcache.32
                0x00000000c0036244                VCache::VCache(PhysicalDisk*)
                0x00000000c0036244                VCache::VCache(PhysicalDisk*)
                0x00000000c0036bea                VCache::invalidateReadBuffer()
                0x00000000c0036c86                VCache::writeWriteBuffer()
                0x00000000c0036e88                VCache::~VCache()
                0x00000000c0036e88                VCache::~VCache()
                0x00000000c0037064                VCache::~VCache()
                0x00000000c003708c                VCache::write(unsigned long long, int, void*)
                0x00000000c003765a                VCache::read(unsigned long long, int, void*)
 .text          0x00000000c0037c90     0x123e hal/video.32
                0x00000000c0037c90                Video::putpixel(int, int, unsigned int)
                0x00000000c0037c9e                Video::readPixelApprox(int, int)
                0x00000000c0037cb2                Video::putrect(int, int, int, int, unsigned int)
                0x00000000c0037dda                Video::bitblit(int, int, int, int, int, int, int, unsigned int*)
                0x00000000c0037fea                Video::blit(unsigned int*, int, int, int, int)
                0x00000000c00381f0                Video::clearScreen(unsigned int)
                0x00000000c0038326                Video::Video(char const*)
                0x00000000c0038326                Video::Video(char const*)
                0x00000000c0038450                Video::~Video()
                0x00000000c0038450                Video::~Video()
                0x00000000c0038520                Video::~Video()
                0x00000000c003854a                Video::isMonochrome()
                0x00000000c0038594                Video::getWidth()
                0x00000000c00385de                Video::getHeight()
                0x00000000c0038628                Video::drawCursor(int, int, unsigned int*, int)
                0x00000000c00388d6                Video::tgaParse(unsigned char*, int, int*, int*)
                0x00000000c0038d20                Video::putTGA(int, int, unsigned char*, int)
 *fill*         0x00000000c0038ece        0x2 
 .text          0x00000000c0038ed0     0x3d8f hw/acpi.32
                0x00000000c0038ed0                ACPI::close(int, int, void*)
                0x00000000c0038f84                findRSDP()
                0x00000000c00390d8                loadACPITables(unsigned char*)
                0x00000000c00399a0                findRSDT(unsigned char*)
                0x00000000c0039b88                findDataTable(unsigned char*, char*)
                0x00000000c0039d94                scanMADT()
                0x00000000c003b2cc                ACPI::ACPI()
                0x00000000c003b2cc                ACPI::ACPI()
                0x00000000c003b4d0                ACPI::getPCIIRQAssignment(unsigned char, unsigned short, unsigned char)
                0x00000000c003b8a4                ACPI::registerPCIIRQAssignment(void*, unsigned short, unsigned char, unsigned char)
                0x00000000c003bdd8                ACPI::setScreenBrightnessLevel(void*, int)
                0x00000000c003bde0                ACPI::detectPCI()
                0x00000000c003c318                ACPI::writeSimpleBootFlag(SimpleBootFlagTable*)
                0x00000000c003c3ec                ACPI::sleep()
                0x00000000c003c408                ACPI::open(int, int, void*)
 *fill*         0x00000000c003cc5f        0x1 
 .text          0x00000000c003cc60     0x21ab hw/cpu.32
                0x00000000c003cc60                CPU::close(int, int, void*)
                0x00000000c003cc64                CPU::AMD_K6_write_msr(unsigned int, unsigned int, unsigned int, CPU::REGS*)
                0x00000000c003cc80                CPU::AMD_K6_read_msr(unsigned int, CPU::REGS*)
                0x00000000c003cc98                CPU::AMD_K6_writeback(int, int, int)
                0x00000000c003cd0c                CPU::cpuid(int, unsigned long*, unsigned long*, unsigned long*, unsigned long*)
                0x00000000c003ce8a                CPU::cpuidCheckEDX(unsigned int)
                0x00000000c003ceb8                CPU::cpuidCheckECX(unsigned int)
                0x00000000c003cee6                CPU::cpuidCheckExtendedEBX(unsigned int)
                0x00000000c003cf14                CPU::cpuidCheckExtendedECX(unsigned int)
                0x00000000c003cf42                CPU::CPU()
                0x00000000c003cf42                CPU::CPU()
                0x00000000c003d290                CPU::displayFeatures()
                0x00000000c003d292                CPU::detectFeatures()
                0x00000000c003e5f4                CPU::setupSMEP()
                0x00000000c003e600                CPU::setupUMIP()
                0x00000000c003e60a                CPU::setupTSC()
                0x00000000c003e614                CPU::setupLargePages()
                0x00000000c003e61e                CPU::setupPAT()
                0x00000000c003e6ce                CPU::setupMTRR()
                0x00000000c003e6d0                CPU::setupGlobalPages()
                0x00000000c003e6da                CPU::allowUsermodeDataAccess()
                0x00000000c003e72a                CPU::prohibitUsermodeDataAccess()
                0x00000000c003e77a                CPU::setupSMAP()
                0x00000000c003e7b4                CPU::setupFeatures()
                0x00000000c003ea4c                CPU::open(int, int, void*)
 .text          0x00000000c003ee0b      0x501 krnl/bootmsg.32
                0x00000000c003ee0b                KeDisplaySplashScreen()
                0x00000000c003f19e                KeSetBootMessage(char const*)
 .text          0x00000000c003f30c     0x175a krnl/env.32
                0x00000000c003f30c                EnvVarContainer::getEnv(char const*)
                0x00000000c003f464                EnvVarContainer::setEnv(char const*, char const*)
                0x00000000c003f62c                EnvVarContainer::deleteEnv(char const*)
                0x00000000c003f62e                EnvVarContainer::loadFrom(char const*, char const*)
                0x00000000c003fc54                EnvVarContainer::__loadSystem()
                0x00000000c003fc8c                EnvVarContainer::__loadUser()
                0x00000000c003fc8e                EnvVarContainer::EnvVarContainer(Process*)
                0x00000000c003fc8e                EnvVarContainer::EnvVarContainer(Process*)
                0x00000000c003fd84                EnvVarContainer::~EnvVarContainer()
                0x00000000c003fd84                EnvVarContainer::~EnvVarContainer()
                0x00000000c003fe86                Krnl::getEnv(Process*, char const*)
                0x00000000c003ff66                Krnl::setEnvSystem(char const*, char const*)
                0x00000000c003ff9d                Krnl::setEnvUser(char const*, char const*)
                0x00000000c003ffd7                Krnl::setEnvProcess(Process*, char const*, char const*)
                0x00000000c004004c                Krnl::deleteEnvSystem(char const*)
                0x00000000c004006c                Krnl::deleteEnvUser(char const*)
                0x00000000c004008c                Krnl::deleteEnvProcess(Process*, char const*)
                0x00000000c00400ea                Krnl::newProcessEnv(Process*)
                0x00000000c0040125                Krnl::copyProcessEnv(Process*, Process*)
                0x00000000c00402be                Krnl::loadSystemEnv()
                0x00000000c0040324                Krnl::loadUserEnv()
                0x00000000c0040381                Krnl::flushEnv()
                0x00000000c0040382                Krnl::getProcessTotalEnvCount(Process*)
                0x00000000c00404f7                Krnl::getProcessEnvPair(Process*, int)
 .text          0x00000000c0040a66      0x193 krnl/inlines.32
                0x00000000c0040a66                CPU::current()
                0x00000000c0040ab2                operator new(unsigned long)
                0x00000000c0040ab7                operator delete(void*)
                0x00000000c0040abc                disableIRQs()
                0x00000000c0040abe                enableIRQs()
                0x00000000c0040ac0                lockScheduler()
                0x00000000c0040aed                unlockScheduler()
                0x00000000c0040b1e                lockStuff()
                0x00000000c0040b6e                unlockStuff()
                0x00000000c0040bde                Virt::getAKernelVAS()
                0x00000000c0040be4                __not_memcpy
 .text          0x00000000c0040bf9        0xc krnl/panic.32
                0x00000000c0040bf9                KePanic(char const*)
 .text          0x00000000c0040c05      0x1fd krnl/powctrl.32
                0x00000000c0040c05                Krnl::powerThread(void*)
                0x00000000c0040c6a                Krnl::changePowerSettings(Krnl::PowerSettings)
                0x00000000c0040c80                Krnl::userIOReceived()
                0x00000000c0040c8b                Krnl::handlePowerButton()
                0x00000000c0040cf6                Krnl::handleSleepButton()
                0x00000000c0040d61                Krnl::setupPowerManager()
 .text          0x00000000c0040e02       0x9d krnl/random.32
                0x00000000c0040e02                KeRand()
                0x00000000c0040e44                KeSeedRand(unsigned int)
                0x00000000c0040e6d                KeInitRand()
 *fill*         0x00000000c0040e9f        0x1 
 .text          0x00000000c0040ea0      0x1bc krnl/resolve.32
                0x00000000c0040ea0                KeResolveCompatibilitySymbol(char*)
 .text          0x00000000c004105c      0xde7 krnl/signal.32
                0x00000000c004105c                KiSigKill(int)
                0x00000000c0041070                KiDefaultSignalHandlerIgnore(int)
                0x00000000c0041071                KiDefaultSignalHandlerPause(int)
                0x00000000c004109d                KiDefaultSignalHandlerResume(int)
                0x00000000c00410c9                KeDeinitSignals(SigHandlerBlock*)
                0x00000000c00410ce                KeInitSignals()
                0x00000000c00411ba                KeRegisterSignalHandler(SigHandlerBlock*, int, void (*)(int), unsigned int, int)
                0x00000000c0041331                KeRaiseSignal(SigHandlerBlock*, int)
                0x00000000c00414be                KeCheckSignal(SigHandlerBlock*, int*)
                0x00000000c0041aba                KiCheckSignalZ
                0x00000000c0041c1a                KeCompleteSignal(SigHandlerBlock*, int)
                0x00000000c0041d1b                KiFinishSignalZ
 .text          0x00000000c0041e43     0x4829 krnl/syscalls.32
                0x00000000c0041e43                SysSeekDir(regs*)
                0x00000000c0041e48                SysTellDir(regs*)
                0x00000000c0041e4d                SysTTYName(regs*)
                0x00000000c0041e55                SysNotImpl(regs*)
                0x00000000c0041e70                SysVerify(regs*)
                0x00000000c0041eb7                SysGetArgc(regs*)
                0x00000000c0041f3c                SysFormatDisk(regs*)
                0x00000000c0042270                SysSetDiskVolumeLabel(regs*)
                0x00000000c004293e                SysGetDiskVolumeLabel(regs*)
                0x00000000c004305e                SysShutdown(regs*)
                0x00000000c0043279                SysRealpath(regs*)
                0x00000000c0043411                SysReadDir(regs*)
                0x00000000c0043640                SysIsATTY(regs*)
                0x00000000c0043839                SysSeek(regs*)
                0x00000000c00439af                SysTell(regs*)
                0x00000000c0043bad                SysSize(regs*)
                0x00000000c0043db0                SysClose(regs*)
                0x00000000c0043f8f                SysCloseDir(regs*)
                0x00000000c004410a                SysWait(regs*)
                0x00000000c004419c                SysPanic(regs*)
                0x00000000c00441f1                SysGetArgv(regs*)
                0x00000000c00444aa                SysUSleep(regs*)
                0x00000000c0044546                SysGetEnv(regs*)
                0x00000000c004474e                SysGetUnixTime(regs*)
                0x00000000c00447c1                SysSizeFromFilename(regs*)
                0x00000000c0044ad4                SysOpenDir(regs*)
                0x00000000c0044cfe                SysMakeDir(regs*)
                0x00000000c0044eb6                SysRmdir(regs*)
                0x00000000c0045071                SysUnlink(regs*)
                0x00000000c004522c                SysSetFatAttrib(regs*)
                0x00000000c0045477                SysPipe(regs*)
                0x00000000c0045634                SysSpawn(regs*)
                0x00000000c0045815                string_ends_with(char const*, char const*)
                0x00000000c004589b                SysOpen(regs*)
                0x00000000c00464c2                KeSystemCall(regs*, void*)
 .text          0x00000000c004666c      0x2cd net/ethernet.32
                0x00000000c004666c                KeSwitchEndian16(unsigned short)
                0x00000000c00466c0                KeSwitchEndian32(unsigned int)
                0x00000000c00466f4                EthernetCRC32(unsigned char*, int)
                0x00000000c0046840                EthernetReceivedPacket(EthernetUnwrappedFrame*, unsigned short)
 .text          0x00000000c0046939     0x238f reg/cm.32
                0x00000000c0046939                CmOpen(char const*)
                0x00000000c0046cd8                CmClose(Reghive_Tag*)
                0x00000000c0046d49                CmReadExtent(Reghive_Tag*, int, unsigned char*)
                0x00000000c0046e64                CmGetString(Reghive_Tag*, int, char*)
                0x00000000c0046ff9                CmEnterDirectory(Reghive_Tag*, int)
                0x00000000c0047038                CmGetNext(Reghive_Tag*, int)
                0x00000000c004706a                CmWriteExtent(Reghive_Tag*, int, unsigned char*)
                0x00000000c0047185                CmFreeExtent(Reghive_Tag*, int)
                0x00000000c00471ad                CmUpdateHeader(Reghive_Tag*)
                0x00000000c004721d                CmExpand(Reghive_Tag*, int)
                0x00000000c004739a                CmFindUnusedExtent(Reghive_Tag*)
                0x00000000c004754b                CmCreateExtent(Reghive_Tag*, int, int, unsigned char*)
                0x00000000c004763f                CmSetString(Reghive_Tag*, int, char const*)
                0x00000000c0047b0b                CmGetMatch(char*, char*, bool, bool*)
                0x00000000c0047bff                CmAddShift(unsigned int*, int*, unsigned char, int)
                0x00000000c0047cf9                CmGetShift(unsigned int*, int*, int, bool*)
                0x00000000c0047e45                CmGetInteger(Reghive_Tag*, int, unsigned long long*)
                0x00000000c0047e91                CmSetInteger(Reghive_Tag*, int, unsigned long long)
                0x00000000c0047ed1                CmConvertFromInternalFilename(unsigned char const*, char*)
                0x00000000c004810a                CmGetNameAndTypeFromExtent(Reghive_Tag*, int, char*)
                0x00000000c0048138                CmConvertToInternalFilename(char const*, unsigned char*)
                0x00000000c00486e3                CmCreateString(Reghive_Tag*, int, char const*)
                0x00000000c0048730                CmFindInDirectory(Reghive_Tag*, int, char const*)
                0x00000000c00487aa                CmCreateInteger(Reghive_Tag*, int, char const*, unsigned long long, int)
                0x00000000c00487fd                CmCreateDirectory(Reghive_Tag*, int, char const*)
                0x00000000c00488c1                zStrtok(char*, char const*)
                0x00000000c0048aa2                CmFindObjectFromPath(Reghive_Tag*, char const*)
                0x00000000c0048b23                CmDisplayTree(Reghive_Tag*, int, int)
                0x00000000c0048bfe                CmSplitFinalSlashInPlace(char*)
 .text          0x00000000c0048cc8     0x1267 reg/registry.32
                0x00000000c0048cc8                Reg::findLineFromLoadedData(char*, char*, char*)
                0x00000000c00490f9                Reg::getLineFromRegistry(char*, char*, char*, char*)
                0x00000000c004949e                Reg::getLine(char*, char*, char*)
                0x00000000c00494d5                Reg::readInt(char*, char*, int*)
                0x00000000c0049b95                Reg::readString(char*, char*, char*, int)
                0x00000000c0049e19                Reg::readBool(char*, char*, bool*)
                0x00000000c0049e64                Reg::readBoolWithDefault(char*, char*, bool)
                0x00000000c0049eab                Reg::readIntWithDefault(char*, char*, int)
                0x00000000c0049ed7                Reg::readStringWithDefault(char*, char*, char*, int, char*)
 .text          0x00000000c0049f2f      0x172 sys/eject.32
                0x00000000c0049f2f                SysEject(regs*)
 .text          0x00000000c004a0a1       0x4e sys/exit.32
                0x00000000c004a0a1                SysExit(regs*)
 .text          0x00000000c004a0ef       0x9d sys/getcwd.32
                0x00000000c004a0ef                SysGetCwd(regs*)
 .text          0x00000000c004a18c       0x57 sys/getpid.32
                0x00000000c004a18c                SysGetPID(regs*)
 .text          0x00000000c004a1e3       0x86 sys/getramdata.32
                0x00000000c004a1e3                SysGetRAMData(regs*)
 .text          0x00000000c004a269      0x23f sys/getvgaptr.32
                0x00000000c004a269                SysGetVGAPtr(regs*)
 .text          0x00000000c004a4a8      0x330 sys/kill.32
                0x00000000c004a4a8                SysKill(regs*)
 .text          0x00000000c004a7d8      0x21f sys/loaddll.32
                0x00000000c004a7d8                SysLoadDLL(regs*)
 .text          0x00000000c004a9f7      0x1e6 sys/read.32
                0x00000000c004a9f7                SysRead(regs*)
 .text          0x00000000c004abdd       0xdc sys/registersignal.32
                0x00000000c004abdd                SysRegisterSignal(regs*)
 .text          0x00000000c004acb9      0x4e1 sys/registry.32
                0x00000000c004acb9                SysRegistryGetTypeFromPath(regs*)
                0x00000000c004adb0                SysRegistryReadExtent(regs*)
                0x00000000c004aeae                SysRegistryPathToExtentLookup(regs*)
                0x00000000c004af3f                SysRegistryEnterDirectory(regs*)
                0x00000000c004afd0                SysRegistryGetNext(regs*)
                0x00000000c004b061                SysRegistryGetNameAndTypeFromExtent(regs*)
                0x00000000c004b103                SysRegistryOpen(regs*)
                0x00000000c004b14d                SysRegistryClose(regs*)
 .text          0x00000000c004b19a      0x18c sys/sbrk.32
                0x00000000c004b19a                SysSbrk(regs*)
 .text          0x00000000c004b326       0x80 sys/setcwd.32
                0x00000000c004b326                SysSetCwd(regs*)
 .text          0x00000000c004b3a6      0x206 sys/settime.32
                0x00000000c004b3a6                SysSetTime(regs*)
 .text          0x00000000c004b5ac       0x99 sys/timezone.32
                0x00000000c004b5ac                SysTimezone(regs*)
 .text          0x00000000c004b645      0x1e6 sys/write.32
                0x00000000c004b645                SysWrite(regs*)
 .text          0x00000000c004b82b      0x166 sys/wsbe.32
                0x00000000c004b82b                SysWsbe(regs*)
 .text          0x00000000c004b991       0x5e sys/yield.32
                0x00000000c004b991                SysYield(regs*)
 .text          0x00000000c004b9ef     0x425b thr/elf.32
                0x00000000c004b9ef                Thr::allocateMemoryForTask(Process*, File*, unsigned long, unsigned long, unsigned long)
                0x00000000c004c0cd                Thr::loadProgramIntoMemory(Process*, char const*)
                0x00000000c004c932                Thr::runtimeReferenceHelper()
                0x00000000c004c945                Thr::getAddressOfKernelSymbol(char const*)
                0x00000000c004cbe6                Thr::loadKernelSymbolTable(char const*)
                0x00000000c004d670                Thr::loadDriverIntoMemory(char const*, unsigned long, bool)
                0x00000000c004f27e                Thr::getDriverBaseFromAddress(unsigned long)
                0x00000000c004f489                Thr::getDriverNameFromAddress(unsigned long)
                0x00000000c004f68f                Thr::getDriverOffsetFromAddress(unsigned long)
                0x00000000c004f6b1                Thr::loadDLL(char const*, bool)
                0x00000000c004fc11                Thr::executeDLL(unsigned long, void*)
 *fill*         0x00000000c004fc4a        0x2 
 .text          0x00000000c004fc4c     0x4ced thr/prcssthr.32
                0x00000000c004fc4c                userModeEntryPoint(void*)
                0x00000000c004fd14                changeTSS
                0x00000000c004fe50                switchToThread(ThreadControlBlock*)
                0x00000000c005003c                Process::addArgs(char**)
                0x00000000c0050448                Process::Process(char const*, Process*, char**)
                0x00000000c0050448                Process::Process(char const*, Process*, char**)
                0x00000000c0050cb4                Process::Process(bool, char const*, Process*, char**)
                0x00000000c0050cb4                Process::Process(bool, char const*, Process*, char**)
                0x00000000c00514a8                taskStartupFunction
                0x00000000c00514f0                Semaphore::Semaphore(int)
                0x00000000c00514f0                Semaphore::Semaphore(int)
                0x00000000c0051658                Mutex::Mutex()
                0x00000000c0051658                Mutex::Mutex()
                0x00000000c00516e8                Process::createThread(void (*)(void*), void*, int)
                0x00000000c0051d70                Process::createUserThread()
                0x00000000c0051da8                setupMultitasking(void (*)())
                0x00000000c0051fc4                schedule()
                0x00000000c00520d0                Semaphore::tryAcquire()
                0x00000000c0052378                Semaphore::assertLocked(char const*)
                0x00000000c00524ec                blockTaskWithSchedulerLockAlreadyHeld(TaskState)
                0x00000000c005256c                blockTask(TaskState)
                0x00000000c0052618                waitTask(int, int*, int)
                0x00000000c00527c0                milliTenthSleepUntil(unsigned int)
                0x00000000c0052930                milliTenthSleep(unsigned int)
                0x00000000c0052944                sleep(unsigned int)
                0x00000000c0052960                Semaphore::acquire()
                0x00000000c0052cf0                taskReturned
                0x00000000c0052d78                Thr::processFromPID(int)
                0x00000000c0052efc                unblockTask(ThreadControlBlock*)
                0x00000000c0053050                cleanupTerminatedTask(ThreadControlBlock*)
                0x00000000c005408c                cleanerTaskFunction(void*)
                0x00000000c00542e8                terminateTask(int)
                0x00000000c00545d0                Thr::terminateFromIRQ(int)
                0x00000000c00545e0                Semaphore::release()
 .text          0x00000000c0054939     0x2e23 vm86/vm8086.32
                0x00000000c0054939                Vm::inbv(unsigned short)
                0x00000000c005494c                Vm::outbv(unsigned short, unsigned char)
                0x00000000c0054a13                Vm::realToLinear(unsigned short, unsigned short)
                0x00000000c0054a23                Vm::getSegment(unsigned int)
                0x00000000c0054a2b                Vm::getOffset(unsigned int)
                0x00000000c0054a30                Vm::mainloop2()
                0x00000000c0054abd                Vm::mainVm8086Loop(void*)
                0x00000000c0054af2                Vm::mainloop3(unsigned long)
                0x00000000c0054b3e                Vm::initialise8086()
                0x00000000c0054be8                Vm::finish8086()
                0x00000000c0054cad                Vm::getOutput8086(unsigned char*)
                0x00000000c0054cd2                Vm::start8086FromBuffer(unsigned char*, int, unsigned short, unsigned short, unsigned short, unsigned short)
                0x00000000c0054e93                Vm::start8086(char const*, unsigned short, unsigned short, unsigned short, unsigned short)
                0x00000000c005526d                Vm::doISR(regs*, int, unsigned char*, unsigned short, unsigned short)
                0x00000000c0055556                Vm::readByteFromReal(unsigned short, unsigned short)
                0x00000000c0055583                Vm::readWordFromReal(unsigned short, unsigned short)
                0x00000000c00555b5                Vm::readDwordFromReal(unsigned short, unsigned short)
                0x00000000c00555e6                Vm::writeByteFromReal(unsigned short, unsigned short, unsigned char)
                0x00000000c0055617                Vm::writeWordFromReal(unsigned short, unsigned short, unsigned short)
                0x00000000c005564b                Vm::writeDwordFromReal(unsigned short, unsigned short, unsigned int)
                0x00000000c0055680                Vm::faultHandler(regs*)
 .text          0x00000000c005775c     0x20ed arch/i386/hal.32
                0x00000000c005775c                noCopro(unsigned long)
                0x00000000c005775d                nmiHandler(regs*, void*)
                0x00000000c0057797                doubleFault(regs*, void*)
                0x00000000c00577b0                displayDebugInfo(regs*)
                0x00000000c0058775                HalSystemIdle()
                0x00000000c00588b6                displayProgramFault(char const*)
                0x00000000c0058a36                gpFault(regs*, void*)
                0x00000000c0058a9d                pgFault(regs*, void*)
                0x00000000c0058c12                otherISRHandler(regs*, void*)
                0x00000000c0058c46                opcodeFault(regs*, void*)
                0x00000000c0058e1d                i386SaveCoprocessor(void*)
                0x00000000c0058e31                i386LoadCoprocessor(void*)
                0x00000000c0058e45                x87EmulHandler(regs*, void*)
                0x00000000c0058f8a                HalInitialiseCoprocessor()
                0x00000000c0059093                HalPanic(char const*)
                0x00000000c0059316                HalQueryPerformanceCounter()
                0x00000000c00593a8                HalInitialise()
                0x00000000c005977a                HalMakeBeep(int)
                0x00000000c00597b4                HalGetRand()
                0x00000000c00597b7                HalEndOfInterrupt(int)
                0x00000000c0059846                HalRestart()
                0x00000000c0059847                HalShutdown()
                0x00000000c0059848                HalSleep()
 *fill*         0x00000000c0059849        0x3 
 .text          0x00000000c005984c      0x30c arch/i386/pic.32
                0x00000000c005984c                picIoWait()
                0x00000000c0059854                picDisable()
                0x00000000c0059888                picGetIRQReg(int)
                0x00000000c0059930                picOpen()
                0x00000000c0059ab4                picEOI(int)
 .text          0x00000000c0059b58      0xdd9 arch/i386/rtc.32
                0x00000000c0059b58                RTC::open(int, int, void*)
                0x00000000c0059b5c                RTC::close(int, int, void*)
                0x00000000c0059b60                RTC::~RTC()
                0x00000000c0059b60                RTC::~RTC()
                0x00000000c0059c30                RTC::~RTC()
                0x00000000c0059c5a                RTC::timeInSecondsUTC()
                0x00000000c0059caa                RTC::timeInDatetimeUTC()
                0x00000000c0059d40                RTC::setTimeInSecondsUTC(unsigned long long)
                0x00000000c0059dee                RTC::get_update_in_progress_flag()
                0x00000000c0059e26                RTC::completeRTCRefresh()
                0x00000000c005a2f4                RTC::setTimeInDatetimeUTC(datetime_t)
                0x00000000c005a5d0                rtcIRQHandler(regs*, void*)
                0x00000000c005a6ae                RTC::RTC()
                0x00000000c005a6ae                RTC::RTC()
 *fill*         0x00000000c005a931        0x3 
 .text          0x00000000c005a934      0x590 arch/i386/vga.32
                0x00000000c005a934                HalConsoleScroll(int, int)
                0x00000000c005ace0                HalConsoleWriteCharacter(char, int, int, int, int)
                0x00000000c005ae3c                HalConsoleCursorUpdate(int, int)
 .text          0x00000000c005aec4     0x30f7 fs/fat/vfslink.32
                0x00000000c005aec4                FAT::getName()
                0x00000000c005aecc                FAT::tell(void*, unsigned long long*)
                0x00000000c005af90                FAT::stat(void*, unsigned long long*)
                0x00000000c005b054                FAT::~FAT()
                0x00000000c005b054                FAT::~FAT()
                0x00000000c005b138                FAT::~FAT()
                0x00000000c005b160                FAT::getlabel(LogicalDisk*, int, char*, unsigned int*)
                0x00000000c005b4e4                FAT::setlabel(LogicalDisk*, int, char*)
                0x00000000c005b884                FAT::format(LogicalDisk*, int, char const*, int)
                0x00000000c005bd4c                FAT::tryMount(LogicalDisk*, int)
                0x00000000c005c234                FAT::allocateSwapfile(char const*, int)
                0x00000000c005c754                FAT::readDir(void*, unsigned long, void*, int*)
                0x00000000c005c8f4                FAT::read(void*, unsigned long, void*, int*)
                0x00000000c005c984                FAT::write(void*, unsigned long, void*, int*)
                0x00000000c005ca14                FAT::close(void*)
                0x00000000c005ca68                FAT::closeDir(void*)
                0x00000000c005cabc                FAT::seek(void*, unsigned long long)
                0x00000000c005cb14                fatWrapperReadDisk
                0x00000000c005cc1c                fatWrapperWriteDisk
                0x00000000c005cd24                fatWrapperIoctl
                0x00000000c005d2a4                FAT::FAT()
                0x00000000c005d2a4                FAT::FAT()
                0x00000000c005d46c                FAT::fixFilepath(char*)
                0x00000000c005d600                FAT::open(char const*, void**, FileOpenMode)
                0x00000000c005d7fc                FAT::openDir(char const*, void**)
                0x00000000c005d938                FAT::stat(char const*, unsigned long long*, bool*)
                0x00000000c005dab4                FAT::unlink(char const*)
                0x00000000c005db64                FAT::chfatattr(char const*, unsigned char, unsigned char)
                0x00000000c005dd44                FAT::rename(char const*, char const*)
                0x00000000c005de6c                FAT::mkdir(char const*)
                0x00000000c005df1c                FAT::exists(char const*)
 *fill*         0x00000000c005dfbb        0x1 
 .text          0x00000000c005dfbc      0x198 fs/iso9660/helper.32
                0x00000000c005dfbc                isoReadDiscSectorHelper
                0x00000000c005e11c                iso_kprintf
                0x00000000c005e138                iso_kprintfd
 .text          0x00000000c005e154     0x14a6 fs/iso9660/vfslink.32
                0x00000000c005e154                ISO9660::format(LogicalDisk*, int, char const*, int)
                0x00000000c005e15a                ISO9660::getName()
                0x00000000c005e160                ISO9660::chfatattr(char const*, unsigned char, unsigned char)
                0x00000000c005e166                ISO9660::unlink(char const*)
                0x00000000c005e16c                ISO9660::write(void*, unsigned long, void*, int*)
                0x00000000c005e172                ISO9660::rename(char const*, char const*)
                0x00000000c005e178                ISO9660::mkdir(char const*)
                0x00000000c005e17e                ISO9660::~ISO9660()
                0x00000000c005e17e                ISO9660::~ISO9660()
                0x00000000c005e24e                ISO9660::~ISO9660()
                0x00000000c005e276                ISO9660::exists(char const*)
                0x00000000c005e28a                ISO9660::seek(void*, unsigned long long)
                0x00000000c005e2cc                ISO9660::close(void*)
                0x00000000c005e2fc                ISO9660::closeDir(void*)
                0x00000000c005e388                ISO9660::read(void*, unsigned long, void*, int*)
                0x00000000c005e3ea                ISO9660::tell(void*, unsigned long long*)
                0x00000000c005e452                ISO9660::stat(void*, unsigned long long*)
                0x00000000c005e4be                ISO9660::readDir(void*, unsigned long, void*, int*)
                0x00000000c005e712                ISO9660::open(char const*, void**, FileOpenMode)
                0x00000000c005eada                ISO9660::stat(char const*, unsigned long long*, bool*)
                0x00000000c005ef1a                ISO9660::openDir(char const*, void**)
                0x00000000c005f37e                readSectorFromCDROM(unsigned int, unsigned char*, char)
                0x00000000c005f49e                ISO9660::tryMount(LogicalDisk*, int)
                0x00000000c005f526                ISO9660::ISO9660()
                0x00000000c005f526                ISO9660::ISO9660()
 .text          0x00000000c005f5fa      0xb96 hal/sound/sndcard.32
                0x00000000c005f5fa                SoundCard::beginPlayback()
                0x00000000c005f608                SoundCard::stopPlayback()
                0x00000000c005f616                SoundCard::SoundCard(char const*)
                0x00000000c005f616                SoundCard::SoundCard(char const*)
                0x00000000c005f99e                SoundCard::~SoundCard()
                0x00000000c005f99e                SoundCard::~SoundCard()
                0x00000000c005fa6e                SoundCard::~SoundCard()
                0x00000000c005fa98                SoundCard::configureRates(int, int, int)
                0x00000000c005fb96                SoundCard::getSamples16(int, short*)
                0x00000000c005fd3e                SoundCard::getSamples32(int, int*)
                0x00000000c0060056                SoundCard::addChannel(SoundPort*)
                0x00000000c0060120                SoundCard::removeChannel(int)
 .text          0x00000000c0060190     0x1c81 hal/sound/sndport.32
                0x00000000c0060190                SoundPort::SoundPort(int, int, int, int)
                0x00000000c0060190                SoundPort::SoundPort(int, int, int, int)
                0x00000000c006052c                SoundPort::~SoundPort()
                0x00000000c006052c                SoundPort::~SoundPort()
                0x00000000c0060674                SoundPort::unpause()
                0x00000000c00606c4                SoundPort::pause()
                0x00000000c0060714                SoundPort::getBufferUsed()
                0x00000000c0060760                SoundPort::getBufferSize()
                0x00000000c00607ac                SoundPort::buffer16(short*, int)
                0x00000000c0060d1c                SoundPort::buffer32(int*, int)
                0x00000000c006127c                SoundPort::unbufferAndAdd16(int, short*, SoundCard*)
                0x00000000c00617d4                SoundPort::unbufferAndAdd32(int, int*, SoundCard*)
 .text          0x00000000c0061e11        0x0 hw/bus/isa.32
 *fill*         0x00000000c0061e11        0x1 
 .text          0x00000000c0061e12     0x243f hw/bus/pci.32
                0x00000000c0061e12                PCI::close(int, int, void*)
                0x00000000c0061e16                PCI::open(int, int, void*)
                0x00000000c0061ed6                PCI::PCI()
                0x00000000c0061ed6                PCI::PCI()
                0x00000000c00622a8                PCI::readBAR8(unsigned int, int)
                0x00000000c00622e2                PCI::readBAR16(unsigned int, int)
                0x00000000c0062322                PCI::readBAR32(unsigned int, int)
                0x00000000c0062360                PCI::writeBAR8(unsigned int, unsigned char, int)
                0x00000000c00623a4                PCI::writeBAR16(unsigned int, unsigned short, int)
                0x00000000c00623e6                PCI::writeBAR32(unsigned int, unsigned int, int)
                0x00000000c006242a                PCI::legacyMechanism(unsigned char, unsigned char, unsigned char, unsigned char)
                0x00000000c00624a0                PCI::pciReadWord(unsigned char, unsigned char, unsigned char, unsigned char)
                0x00000000c00625d8                PCI::getVendorID(unsigned char, unsigned char, unsigned char)
                0x00000000c006262e                PCI::getHeaderType(unsigned char, unsigned char, unsigned char)
                0x00000000c0062686                PCI::getClassCode(unsigned char, unsigned char, unsigned char)
                0x00000000c006271a                PCI::getProgIF(unsigned char, unsigned char, unsigned char)
                0x00000000c0062772                PCI::getRevisionID(unsigned char, unsigned char, unsigned char)
                0x00000000c00627c8                PCI::getInterruptNumber(unsigned char, unsigned char, unsigned char)
                0x00000000c006281e                PCI::getSecondaryBus(unsigned char, unsigned char, unsigned char)
                0x00000000c0062876                PCI::getBARAddress(unsigned char, unsigned char, unsigned char, unsigned char)
                0x00000000c0062928                PCI::pciWriteWord(unsigned char, unsigned char, unsigned char, unsigned char, unsigned short)
                0x00000000c0062a94                PCI::pciDetailsToFilepath(PCIDeviceInfo, char*)
                0x00000000c006353a                PCI::checkBus(unsigned char)
                0x00000000c006357a                PCI::foundDevice(PCIDeviceInfo)
                0x00000000c0063b18                PCI::getDeviceData(unsigned char, unsigned char, unsigned char)
                0x00000000c0064096                PCI::checkDevice(unsigned char, unsigned char)
                0x00000000c0064190                PCI::detect()
 *fill*         0x00000000c0064251        0x1 
 .text          0x00000000c0064252     0x33da hw/diskctrl/ide.32
                0x00000000c0064252                IDE::close(int, int, void*)
                0x00000000c0064256                IDE::IDE()
                0x00000000c0064256                IDE::IDE()
                0x00000000c006437e                IDE::prepareInterrupt(unsigned char)
                0x00000000c00643df                selectDrive(unsigned char, unsigned char)
                0x00000000c00643e0                IDE::getBase(unsigned char)
                0x00000000c0064442                IDE::write(unsigned char, unsigned char, unsigned char)
                0x00000000c0064718                IDE::read(unsigned char, unsigned char)
                0x00000000c00649e0                IDE::waitInterrupt(unsigned char)
                0x00000000c0064b05                ideChannel0IRQHandler(regs*, void*)
                0x00000000c0064b74                ideChannel1IRQHandler(regs*, void*)
                0x00000000c0064be4                IDE::enableIRQs(unsigned char, bool)
                0x00000000c0064cfa                IDE::open(int, int, void*)
                0x00000000c0066390                IDE::readBuffer(unsigned char, unsigned char, unsigned int, unsigned int)
                0x00000000c0066682                IDE::detect()
                0x00000000c0067476                IDE::printError(unsigned char, unsigned char, unsigned char)
                0x00000000c00675a6                IDE::polling(unsigned char, unsigned int)
 .text          0x00000000c006762c      0xf7b hw/diskctrl/satabus.32
                0x00000000c006762c                SATABus::close(int, int, void*)
                0x00000000c0067630                SATABus::detect()
                0x00000000c0067632                SATABus::SATABus()
                0x00000000c0067632                SATABus::SATABus()
                0x00000000c00678a8                SATABus::findCmdslot(SATABus::tagHBA_PORT volatile*)
                0x00000000c006799c                SATABus::checkType(SATABus::tagHBA_PORT volatile*)
                0x00000000c0067a36                SATABus::startCmd(SATABus::tagHBA_PORT volatile*)
                0x00000000c0067ac2                SATABus::stopCmd(SATABus::tagHBA_PORT volatile*)
                0x00000000c0067b70                SATABus::portRebase(SATABus::tagHBA_PORT volatile*, int)
                0x00000000c00681a8                SATABus::probePort(SATABus::tagHBA_MEM volatile*)
                0x00000000c00684fc                SATABus::open(int, int, void*)
 *fill*         0x00000000c00685a7        0x1 
 .text          0x00000000c00685a8     0x195e hw/diskphys/ata.32
                0x00000000c00685a8                ATA::powerSaving(PowerSavingLevel)
                0x00000000c00685aa                ATA::close(int, int, void*)
                0x00000000c006864e                ATA::ATA()
                0x00000000c006864e                ATA::ATA()
                0x00000000c0068728                ATA::flush(bool)
                0x00000000c0068856                ATA::readyForCommand()
                0x00000000c006894e                ATA::access(unsigned long long, int, void*, bool)
                0x00000000c00694f8                ATA::detectCHS()
                0x00000000c00695f2                ATA::open(int, int, void*)
                0x00000000c0069af9                combineCharAndColour(char, unsigned char)
                0x00000000c0069b0a                combineColours(unsigned char, unsigned char)
                0x00000000c0069b18                ATA::read(unsigned long long, int, void*)
                0x00000000c0069d0e                ATA::write(unsigned long long, int, void*)
 .text          0x00000000c0069f06     0x1731 hw/diskphys/atapi.32
                0x00000000c0069f06                ATAPI::write(unsigned long long, int, void*)
                0x00000000c0069f0c                ATAPI::close(int, int, void*)
                0x00000000c0069fb0                ATAPI::ATAPI()
                0x00000000c0069fb0                ATAPI::ATAPI()
                0x00000000c006a08a                ATAPI::readyForCommand()
                0x00000000c006a188                ATAPI::sendPacket(unsigned char*, int, bool, unsigned short*, int)
                0x00000000c006ac64                ATAPI::diskRemoved()
                0x00000000c006ad9a                ATAPI::eject()
                0x00000000c006ae16                ATAPI::diskInserted()
                0x00000000c006ae62                ATAPI::detectMedia()
                0x00000000c006b058                ATAPI::open(int, int, void*)
                0x00000000c006b4fa                ATAPI::read(unsigned long long, int, void*)
 *fill*         0x00000000c006b637        0x1 
 .text          0x00000000c006b638     0x131b hw/diskphys/sata.32
                0x00000000c006b638                SATA::powerSaving(PowerSavingLevel)
                0x00000000c006b63a                SATA::close(int, int, void*)
                0x00000000c006b6de                SATA::open(int, int, void*)
                0x00000000c006b938                SATA::SATA()
                0x00000000c006b938                SATA::SATA()
                0x00000000c006ba12                SATA::access(unsigned long long, int, void*, bool)
                0x00000000c006c422                SATA::read(unsigned long long, int, void*)
                0x00000000c006c69e                SATA::write(unsigned long long, int, void*)
 *fill*         0x00000000c006c953        0x1 
 .text          0x00000000c006c954     0x16c5 hw/diskphys/satapi.32
                0x00000000c006c954                SATAPI::write(unsigned long long, int, void*)
                0x00000000c006c95a                SATAPI::close(int, int, void*)
                0x00000000c006c9fe                SATAPI::SATAPI()
                0x00000000c006c9fe                SATAPI::SATAPI()
                0x00000000c006cad8                SATAPI::diskRemoved()
                0x00000000c006cada                SATAPI::diskInserted()
                0x00000000c006cb32                SATAPI::sendPacket(unsigned char*, int, unsigned long long, unsigned short*, int)
                0x00000000c006d6ce                SATAPI::eject()
                0x00000000c006d786                SATAPI::detectMedia()
                0x00000000c006da26                SATAPI::open(int, int, void*)
                0x00000000c006dd8e                SATAPI::read(unsigned long long, int, void*)
 *fill*         0x00000000c006e019        0x1 
 .text          0x00000000c006e01a     0x128b hw/intctrl/apic.32
                0x00000000c006e01a                IOAPIC::close(int, int, void*)
                0x00000000c006e020                apicGetBase()
                0x00000000c006e0ce                IOAPIC::IOAPIC()
                0x00000000c006e0ce                IOAPIC::IOAPIC()
                0x00000000c006e1a2                apicOpen()
                0x00000000c006e79a                IOAPIC::handlesGSIWithNumber(unsigned int)
                0x00000000c006e8ac                IOAPIC::read(int)
                0x00000000c006e980                IOAPIC::open(int, int, void*)
                0x00000000c006efac                IOAPIC::write(int, int)
                0x00000000c006f088                IOAPIC::redirect(unsigned char, unsigned long long, unsigned char, bool, bool)
 *fill*         0x00000000c006f2a5        0x3 
 .text          0x00000000c006f2a8      0x45c hw/timer/apictimer.32
                0x00000000c006f2a8                APICTimer::close(int, int, void*)
                0x00000000c006f2b0                apicTimerHandler(regs*, void*)
                0x00000000c006f31c                APICTimer::open(int, int, void*)
                0x00000000c006f5a4                APICTimer::write(int)
                0x00000000c006f61c                APICTimer::APICTimer()
                0x00000000c006f61c                APICTimer::APICTimer()
 .text          0x00000000c006f704      0x741 hw/timer/pit.32
                0x00000000c006f704                PIT::write(int)
                0x00000000c006f800                pitHandler(regs*, void*)
                0x00000000c006f850                PIT::open(int, int, void*)
                0x00000000c006f9c8                PIT::close(int, int, void*)
                0x00000000c006fa94                PIT::PIT()
                0x00000000c006fa94                PIT::PIT()
 *fill*         0x00000000c006fe45        0xb 
 .text          0x00000000c006fe50       0x83 arch/i386/avx.32
                0x00000000c006fe50                avxDetect
                0x00000000c006fe7a                avxSave
                0x00000000c006fe8b                avxLoad
                0x00000000c006fe9c                avxInit
                0x00000000c006febe                avxClose
                0x00000000c006febf                wouldSheSayYes
 *fill*         0x00000000c006fed3        0xd 
 .text          0x00000000c006fee0      0x2ec arch/i386/interrupt.32
                0x00000000c006fee0                isr0
                0x00000000c006fef0                isr1
                0x00000000c006fefa                isr2
                0x00000000c006ff04                isr3
                0x00000000c006ff0e                isr4
                0x00000000c006ff18                isr5
                0x00000000c006ff22                isr6
                0x00000000c006ff2c                isr7
                0x00000000c006ff36                isr8
                0x00000000c006ff3e                isr9
                0x00000000c006ff48                isr10
                0x00000000c006ff50                isr11
                0x00000000c006ff58                isr12
                0x00000000c006ff60                isr13
                0x00000000c006ff7a                isr14
                0x00000000c006ff82                isr15
                0x00000000c006ff8c                isr16
                0x00000000c006ff96                isr17
                0x00000000c006ffa0                isr18
                0x00000000c006ffaa                irq3
                0x00000000c006ffb4                irq4
                0x00000000c006ffbe                irq5
                0x00000000c006ffc8                irq6
                0x00000000c006ffd2                irq7
                0x00000000c006ffdc                irq8
                0x00000000c006ffe6                irq9
                0x00000000c006fff0                irq10
                0x00000000c006fffa                irq11
                0x00000000c0070004                irq12
                0x00000000c007000e                irq13
                0x00000000c0070018                irq14
                0x00000000c0070022                irq15
                0x00000000c007002c                irq1
                0x00000000c0070033                irq2
                0x00000000c007003a                isr96
                0x00000000c0070041                irq0
                0x00000000c0070046                int_common_stub
                0x00000000c0070078                syscall_common_stub
                0x00000000c007017c                irq16
                0x00000000c0070186                irq17
                0x00000000c0070190                irq18
                0x00000000c007019a                irq19
                0x00000000c00701a4                irq20
                0x00000000c00701ae                irq21
                0x00000000c00701b8                irq22
                0x00000000c00701c2                irq23
 *fill*         0x00000000c00701cc        0x4 
 .text          0x00000000c00701d0       0x10 arch/i386/rdrand.32
                0x00000000c00701d0                i386GetRDRAND
 .text          0x00000000c00701e0       0x39 arch/i386/sse.32
                0x00000000c00701e0                absolutelyNoChanceInHell
                0x00000000c00701e0                sseDetect
                0x00000000c00701f8                sseSave
                0x00000000c0070200                sseLoad
                0x00000000c0070208                sseInit
                0x00000000c0070218                sseClose
 *fill*         0x00000000c0070219        0x7 
 .text          0x00000000c0070220       0x49 arch/i386/x87.32
                0x00000000c0070226                x87Detect
                0x00000000c0070241                x87Save
                0x00000000c0070248                x87Load
                0x00000000c007024f                x87Init
                0x00000000c0070268                x87Close
 *fill*         0x00000000c0070269        0x3 
 .text          0x00000000c007026c       0x25 /cygdrive/d/Users/Alex/Desktop/Toolchain/Output/bin/../lib/gcc/i386-banana/8.1.0/crtend.o
 .text          0x00000000c0070291        0x0 crtn.32
 *fill*         0x00000000c0070291        0x3 
 .text          0x00000000c0070294      0x14b /cygdrive/d/Users/Alex/Desktop/Toolchain/Output/bin/../lib/gcc/i386-banana/8.1.0/libkgcc.a(_divdi3.o)