Archive member included to satisfy reference by file (symbol)

/cygdrive/d/Users/Alex/Desktop/Toolchain/Output/bin/../lib/gcc/i386-banana/8.1.0/libkgcc.a(_divdi3.o)
                              fs/fat/ff.32 (__divdi3)
/cygdrive/d/Users/Alex/Desktop/Toolchain/Output/bin/../lib/gcc/i386-banana/8.1.0/libkgcc.a(_moddi3.o)
                              compat/resolve.32 (__moddi3)
/cygdrive/d/Users/Alex/Desktop/Toolchain/Output/bin/../lib/gcc/i386-banana/8.1.0/libkgcc.a(_udivdi3.o)
                              fs/fat/ff.32 (__udivdi3)
/cygdrive/d/Users/Alex/Desktop/Toolchain/Output/bin/../lib/gcc/i386-banana/8.1.0/libkgcc.a(_umoddi3.o)
                              compat/resolve.32 (__umoddi3)
D:/Users/Alex/Desktop/Banana/kernel/libsoftfp.a(sfieeelib.o)
                              hal/sound/sndhw.32 (__addsf3)
D:/Users/Alex/Desktop/Banana/kernel/libsoftfp.a(dfieeelib.o)
                              hal/libresample/src_linear.32 (__adddf3)
D:/Users/Alex/Desktop/Banana/kernel/libsoftfp.a(sfdfcvt.o)
                              hal/libresample/samplerate.32 (__truncdfsf2)
D:/Users/Alex/Desktop/Banana/kernel/libk/libm32.a(s_fabs.c.o)
                              hal/libresample/samplerate.32 (fabs)
D:/Users/Alex/Desktop/Banana/kernel/libk/libm32.a(s_lrint.S.o)
                              hal/libresample/samplerate.32 (lrint)
D:/Users/Alex/Desktop/Banana/kernel/libk/libm32.a(s_lrintf.S.o)
                              hal/sound/sndhw.32 (lrintf)

Discarded input sections

 .comment       0x0000000000000000       0x12 /cygdrive/d/Users/Alex/Desktop/Toolchain/Output/bin/../lib/gcc/i386-banana/8.1.0/crtbegin.o
 .comment       0x0000000000000000       0x12 acpica/utclib.32
 .comment       0x0000000000000000       0x12 core/malloc.32
 .comment       0x0000000000000000       0x12 libk/string.32
 .comment       0x0000000000000000       0x12 fs/fat/diskio.32
 .comment       0x0000000000000000       0x12 fs/fat/ff.32
 .comment       0x0000000000000000       0x12 fs/fat/ffsystem.32
 .comment       0x0000000000000000       0x12 fs/fat/ffunicode.32
 .comment       0x0000000000000000       0x12 hal/libresample/samplerate.32
 .comment       0x0000000000000000       0x12 hal/libresample/src_linear.32
 .comment       0x0000000000000000       0x12 hal/libresample/src_sinc.32
 .comment       0x0000000000000000       0x12 hal/libresample/src_zoh.32
 .comment       0x0000000000000000       0x12 compat/inlines.32
 .comment       0x0000000000000000       0x12 compat/resolve.32
 .group         0x0000000000000000       0x14 core/computer.32
 .group         0x0000000000000000        0xc core/computer.32
 .comment       0x0000000000000000       0x12 core/computer.32
 .comment       0x0000000000000000       0x12 core/gdt.32
 .group         0x0000000000000000        0xc core/idle.32
 .comment       0x0000000000000000       0x12 core/idle.32
 .comment       0x0000000000000000       0x12 core/idt.32
 .comment       0x0000000000000000       0x12 core/kheap.32
 .comment       0x0000000000000000       0x12 core/main.32
 .comment       0x0000000000000000       0x12 core/physmgr.32
 .group         0x0000000000000000        0xc core/pipe.32
 .comment       0x0000000000000000       0x12 core/pipe.32
 .group         0x0000000000000000        0xc core/terminal.32
 .comment       0x0000000000000000       0x12 core/terminal.32
 .comment       0x0000000000000000       0x12 core/tss.32
 .group         0x0000000000000000        0x8 core/unixfile.32
 .group         0x0000000000000000        0xc core/unixfile.32
 .group         0x0000000000000000        0xc core/unixfile.32
 .group         0x0000000000000000        0x8 core/unixfile.32
 .group         0x0000000000000000        0xc core/unixfile.32
 .group         0x0000000000000000        0x8 core/unixfile.32
 .group         0x0000000000000000        0xc core/unixfile.32
 .group         0x0000000000000000        0xc core/unixfile.32
 .comment       0x0000000000000000       0x12 core/unixfile.32
 .comment       0x0000000000000000       0x12 core/virtmgr.32
 .comment       0x0000000000000000       0x12 coreobjs/c++.32
 .comment       0x0000000000000000       0x12 dbg/kconsole.32
 .group         0x0000000000000000        0xc fs/vfs.32
 .group         0x0000000000000000        0xc fs/vfs.32
 .group         0x0000000000000000        0xc fs/vfs.32
 .comment       0x0000000000000000       0x12 fs/vfs.32
 .group         0x0000000000000000        0xc hal/bus.32
 .comment       0x0000000000000000       0x12 hal/bus.32
 .group         0x0000000000000000        0xc hal/buzzer.32
 .comment       0x0000000000000000       0x12 hal/buzzer.32
 .group         0x0000000000000000        0xc hal/clock.32
 .comment       0x0000000000000000       0x12 hal/clock.32
 .group         0x0000000000000000       0x14 hal/device.32
 .group         0x0000000000000000        0xc hal/device.32
 .group         0x0000000000000000        0xc hal/device.32
 .group         0x0000000000000000        0xc hal/device.32
[...]
Memory Configuration

Name             Origin             Length             Attributes
*default*        0x0000000000000000 0xffffffffffffffff

Linker script and memory map

LOAD D:/Users/Alex/Desktop/Banana/kernel/boot.32
LOAD crti.32
LOAD /cygdrive/d/Users/Alex/Desktop/Toolchain/Output/bin/../lib/gcc/i386-banana/8.1.0/crtbegin.o
LOAD D:/Users/Alex/Desktop/Banana/kernel/morenasm.32
LOAD acpica/utclib.32
LOAD core/malloc.32
LOAD libk/string.32
LOAD fs/fat/diskio.32
LOAD fs/fat/ff.32
LOAD fs/fat/ffsystem.32
LOAD fs/fat/ffunicode.32
LOAD hal/libresample/samplerate.32
LOAD hal/libresample/src_linear.32
LOAD hal/libresample/src_sinc.32
LOAD hal/libresample/src_zoh.32
LOAD compat/inlines.32
LOAD compat/resolve.32
LOAD core/computer.32
LOAD core/gdt.32
LOAD core/idle.32
LOAD core/idt.32
LOAD core/kheap.32
LOAD core/main.32
LOAD core/physmgr.32
LOAD core/pipe.32
LOAD core/terminal.32
LOAD core/tss.32
LOAD core/unixfile.32
LOAD core/virtmgr.32
LOAD coreobjs/c++.32
LOAD dbg/kconsole.32
LOAD fs/vfs.32
LOAD hal/bus.32
LOAD hal/buzzer.32
LOAD hal/clock.32
LOAD hal/device.32
LOAD hal/diskctrl.32
LOAD hal/diskphys.32
LOAD hal/fpu.32
LOAD hal/intctrl.32
LOAD hal/keybrd.32
LOAD hal/logidisk.32
LOAD hal/mouse.32
LOAD hal/partition.32
LOAD hal/serial.32
LOAD hal/timer.32
LOAD hal/vcache.32
LOAD hal/video.32
LOAD hw/acpi.32
LOAD hw/cpu.32
LOAD hw/ports.32
LOAD hw/smp.32
LOAD krnl/env.32
LOAD krnl/panic.32
LOAD net/ethernet.32
LOAD reg/registry.32
LOAD sys/sc_eject.32
LOAD sys/sc_exit.32
LOAD sys/sc_getcwd.32
LOAD sys/sc_getpid.32
LOAD sys/sc_getramdata.32
LOAD sys/sc_loaddll.32
LOAD sys/sc_read.32
LOAD sys/sc_sbrk.32
LOAD sys/sc_setcwd.32
LOAD sys/sc_settime.32
LOAD sys/sc_timezone.32
LOAD sys/sc_write.32
LOAD sys/sc_wsbe.32
LOAD sys/sc_yield.32
LOAD sys/syscalls.32
LOAD thr/elf.32
LOAD thr/prcssthr.32
LOAD vm86/vm8086.32
LOAD vm86/x87em.32
LOAD fs/fat/vfslink.32
LOAD fs/iso9660/vfslink.32
LOAD hal/sound/sndchannel.32
LOAD hal/sound/sndhw.32
LOAD hw/bus/isa.32
LOAD hw/bus/pci.32
LOAD hw/diskctrl/ide.32
LOAD hw/diskctrl/satabus.32
LOAD hw/diskphys/ata.32
LOAD hw/diskphys/atapi.32
LOAD hw/diskphys/sata.32
LOAD hw/diskphys/satapi.32
LOAD hw/fpu/avx.32
LOAD hw/fpu/mmx.32
LOAD hw/fpu/sse.32
LOAD hw/fpu/x87.32
LOAD hw/intctrl/apic.32
LOAD hw/intctrl/pic.32
LOAD hw/timer/apictimer.32
LOAD hw/timer/pit.32
LOAD hw/fpu/x86/avx.32
LOAD hw/fpu/x86/sse.32
LOAD hw/fpu/x86/x87.32
LOAD /cygdrive/d/Users/Alex/Desktop/Toolchain/Output/bin/../lib/gcc/i386-banana/8.1.0/crtend.o
LOAD crtn.32
LOAD /cygdrive/d/Users/Alex/Desktop/Toolchain/Output/bin/../lib/gcc/i386-banana/8.1.0/libkgcc.a
LOAD D:/Users/Alex/Desktop/Banana/kernel/libsoftfp.a
LOAD D:/Users/Alex/Desktop/Banana/kernel/libk/libm32.a
                0x00000000c0000000                . = 0xc0000000

.text           0x00000000c0000000    0x28698
 *(.text)
 .text          0x00000000c0000000       0x41 D:/Users/Alex/Desktop/Banana/kernel/boot.32
                0x00000000c0000020                callGlobalConstructors
 .text          0x00000000c0000041        0x0 crti.32
 *fill*         0x00000000c0000041        0x3 
 .text          0x00000000c0000044      0x101 /cygdrive/d/Users/Alex/Desktop/Toolchain/Output/bin/../lib/gcc/i386-banana/8.1.0/crtbegin.o
 *fill*         0x00000000c0000145        0xb 
 .text          0x00000000c0000150      0x4ed D:/Users/Alex/Desktop/Banana/kernel/morenasm.32
                0x00000000c0000150                manualPCIProbe
                0x00000000c000019b                prepareTramp
                0x00000000c00001b4                voodooXADD
                0x00000000c000027f                doTPAUSE
                0x00000000c0000289                hasLegacyFPU
                0x00000000c00002ae                is486
                0x00000000c00002e4                detectCPUID
                0x00000000c00002fa                goToVM86
                0x00000000c000032a                goToUsermode
                0x00000000c0000354                switchToThreadASMFirstTime
                0x00000000c0000362                switchToThreadASM
                0x00000000c00003ea                asmQuickAcquireLock
                0x00000000c0000408                asmQuickReleaseLock
                0x00000000c0000414                asmAcquireLock
                0x00000000c0000435                asmReleaseLock
                0x00000000c0000448                loadGDT
                0x00000000c0000468                isr0
                0x00000000c0000478                isr1
                0x00000000c0000482                isr2
                0x00000000c000048c                isr3
                0x00000000c0000496                isr4
                0x00000000c00004a0                isr5
                0x00000000c00004aa                isr6
                0x00000000c00004b4                isr7
                0x00000000c00004be                isr8
                0x00000000c00004c6                isr9
                0x00000000c00004d0                isr10
                0x00000000c00004d8                isr11
                0x00000000c00004e0                isr12
                0x00000000c00004e8                isr13
                0x00000000c00004f0                isr14
                0x00000000c00004f8                isr15
                0x00000000c0000502                isr16
                0x00000000c000050c                isr17
                0x00000000c0000516                isr18
                0x00000000c0000520                irq3
                0x00000000c000052a                irq4
                0x00000000c0000534                irq5
                0x00000000c000053e                irq6
                0x00000000c0000548                irq7
                0x00000000c0000552                irq8
                0x00000000c000055c                irq9
                0x00000000c0000566                irq10
                0x00000000c0000570                irq11
                0x00000000c000057a                irq12
                0x00000000c0000584                irq13
                0x00000000c000058e                irq14
                0x00000000c0000598                irq15
                0x00000000c00005a2                irq1
                0x00000000c00005a9                irq2
                0x00000000c00005b0                isr96
                0x00000000c00005b7                irq0
                0x00000000c00005bc                int_common_stub
                0x00000000c00005bc                syscall_common_stub
                0x00000000c00005ed                irq16
                0x00000000c00005f7                irq17
                0x00000000c0000601                irq18
                0x00000000c000060b                irq19
                0x00000000c0000615                irq20
                0x00000000c000061f                irq21
                0x00000000c0000629                irq22
                0x00000000c0000633                irq23
 *fill*         0x00000000c000063d        0x3 
 .text          0x00000000c0000640      0x611 acpica/utclib.32
                0x00000000c0000640                memcmp
                0x00000000c000067c                memmove
                0x00000000c0000744                memcpy
                0x00000000c0000778                memset
                0x00000000c0000794                strlen
                0x00000000c00007ac                strpbrk
                0x00000000c00007e8                strtok
                0x00000000c0000834                strcpy
                0x00000000c0000858                strncpy
                0x00000000c00008c0                strcmp
                0x00000000c0000900                strchr
                0x00000000c0000924                strncmp
                0x00000000c0000974                strcat
                0x00000000c00009a4                strncat
                0x00000000c00009e0                strstr
                0x00000000c0000a28                toupper
                0x00000000c0000a3c                tolower
                0x00000000c0000a50                simple_strtoul
 .text          0x00000000c0000c51      0xfbf core/malloc.32
                0x00000000c0000dbc                dlfree
                0x00000000c0001117                dlmalloc
                0x00000000c0001654                dlrealloc
                0x00000000c0001809                dlmemalign
                0x00000000c000192c                dlcalloc
                0x00000000c00019c6                dlcfree
                0x00000000c00019cb                dlindependent_calloc
                0x00000000c00019f0                dlindependent_comalloc
                0x00000000c0001a07                dlvalloc
                0x00000000c0001a32                dlpvalloc
                0x00000000c0001a68                dlmalloc_trim
                0x00000000c0001a75                dlmalloc_usable_size
                0x00000000c0001aa6                dlmallinfo
                0x00000000c0001b75                dlmalloc_stats
                0x00000000c0001b86                dlmallopt
 .text          0x00000000c0001c10        0x0 libk/string.32
 .text          0x00000000c0001c10       0x51 fs/fat/diskio.32
                0x00000000c0001c10                disk_status
                0x00000000c0001c13                disk_initialize
                0x00000000c0001c16                disk_read
                0x00000000c0001c2c                disk_write
                0x00000000c0001c42                disk_ioctl
 .text          0x00000000c0001c61     0x6833 fs/fat/ff.32
                0x00000000c0004f2f                f_mount
                0x00000000c0004f91                f_open
                0x00000000c00053cd                f_read
                0x00000000c000564d                f_write
                0x00000000c0005907                f_sync
                0x00000000c0005ae3                f_close
                0x00000000c0005b12                f_lseek
                0x00000000c0005fc9                f_opendir
                0x00000000c00060cb                f_closedir
                0x00000000c00060ed                f_readdir
                0x00000000c0006188                f_stat
                0x00000000c0006217                f_getfree
                0x00000000c00063e2                f_truncate
                0x00000000c00064da                f_unlink
                0x00000000c000665d                f_mkdir
                0x00000000c0006889                f_rename
                0x00000000c0006b7c                f_chmod
                0x00000000c0006c5a                f_utime
                0x00000000c0006d38                f_getlabel
                0x00000000c0006f26                f_setlabel
                0x00000000c0007193                f_forward
                0x00000000c0007371                f_mkfs
 .text          0x00000000c0008494       0x2d fs/fat/ffsystem.32
                0x00000000c0008494                ff_memalloc
                0x00000000c00084aa                ff_memfree
 .text          0x00000000c00084c1      0x253 fs/fat/ffunicode.32
                0x00000000c00084c1                ff_uni2oem
                0x00000000c0008551                ff_oem2uni
                0x00000000c00085bd                ff_wtoupper
 .text          0x00000000c0008714      0x8fb hal/libresample/samplerate.32
                0x00000000c0008758                src_delete
                0x00000000c0008794                src_process
                0x00000000c000894a                src_callback_read
                0x00000000c0008ac7                src_set_ratio
                0x00000000c0008b31                src_get_channels
                0x00000000c0008b53                src_reset
                0x00000000c0008b9f                src_new
                0x00000000c0008c2d                src_callback_new
                0x00000000c0008c8f                src_get_name
                0x00000000c0008cc6                src_get_description
                0x00000000c0008cfd                src_get_version
                0x00000000c0008d03                src_is_valid_ratio
                0x00000000c0008d57                src_error
                0x00000000c0008d65                src_strerror
                0x00000000c0008d78                src_simple
                0x00000000c0008dcb                src_short_to_float_array
                0x00000000c0008e30                src_float_to_short_array
                0x00000000c0008eef                src_int_to_float_array
                0x00000000c0008f52                src_float_to_int_array
 .text          0x00000000c000900f      0x8cb hal/libresample/src_linear.32
                0x00000000c0009835                linear_get_name
                0x00000000c0009844                linear_get_description
                0x00000000c0009853                linear_set_converter
 .text          0x00000000c00098da     0x447c hal/libresample/src_sinc.32
                0x00000000c000dc6d                sinc_get_name
                0x00000000c000dc80                sinc_get_description
                0x00000000c000dc93                sinc_set_converter
 .text          0x00000000c000dd56      0x77c hal/libresample/src_zoh.32
                0x00000000c000e42d                zoh_get_name
                0x00000000c000e43c                zoh_get_description
                0x00000000c000e44b                zoh_set_converter
 .text          0x00000000c000e4d2       0x23 compat/inlines.32
                0x00000000c000e4d2                CPU::current()
                0x00000000c000e4df                operator new(unsigned long)
 .text          0x00000000c000e4f5      0x111 compat/resolve.32
                0x00000000c000e4f5                Krnl::resolveCompatibilitySymbol(char*)
 .text          0x00000000c000e606      0xa17 core/computer.32
                0x00000000c000e606                Computer::close(int, int, void*)
                0x00000000c000e64a                Krnl::firstTask()
                0x00000000c000e73a                Computer::Computer()
                0x00000000c000e73a                Computer::Computer()
                0x00000000c000e896                Computer::setBootMessage(char const*)
                0x00000000c000e898                Computer::detectFeatures()
                0x00000000c000eaa2                Computer::displayFeatures()
                0x00000000c000ede8                Computer::rdmsr(unsigned int)
                0x00000000c000ee14                Computer::wrmsr(unsigned int, unsigned long long)
                0x00000000c000ee4c                Computer::nmiEnabled()
                0x00000000c000ee58                Computer::readCMOS(unsigned char)
                0x00000000c000ee72                Computer::enableNMI(bool)
                0x00000000c000ee8a                Computer::open(int, int, void*)
                0x00000000c000ef60                Computer::disableNMI()
                0x00000000c000ef6e                Computer::writeCMOS(unsigned char, unsigned char)
                0x00000000c000ef8c                Computer::handleNMI()
                0x00000000c000eff2                Computer::setDiskActivityLight(int, bool)
 *fill*         0x00000000c000f01d        0x1 
 .text          0x00000000c000f01e      0x1b7 core/gdt.32
                0x00000000c000f01e                GDTEntry::setBase(unsigned int)
                0x00000000c000f03a                GDTEntry::setLimit(unsigned int)
                0x00000000c000f058                GDT::GDT()
                0x00000000c000f058                GDT::GDT()
                0x00000000c000f06e                GDT::addEntry(GDTEntry)
                0x00000000c000f0aa                GDT::getNumberOfEntries()
                0x00000000c000f0b2                GDT::flush()
                0x00000000c000f0d4                GDT::setup()
 .text          0x00000000c000f1d5       0x62 core/idle.32
                0x00000000c000f1d5                idleFunction(void*)
 *fill*         0x00000000c000f237        0x1 
 .text          0x00000000c000f238      0x45f core/idt.32
                0x00000000c000f238                IDTEntry::IDTEntry(bool)
                0x00000000c000f238                IDTEntry::IDTEntry(bool)
                0x00000000c000f2a6                IDTEntry::setOffset(unsigned int)
                0x00000000c000f2ba                IDT::IDT()
                0x00000000c000f2ba                IDT::IDT()
                0x00000000c000f2bc                IDT::getPointerToInvalidOpcodeEntryForF00F()
                0x00000000c000f2c4                IDT::addEntry(IDTEntry, int)
                0x00000000c000f2de                IDT::addEntry(int, void (*)(), bool)
                0x00000000c000f316                IDT::flush()
                0x00000000c000f330                IDT::setup()
 .text          0x00000000c000f697      0x206 core/kheap.32
                0x00000000c000f697                sbrk
                0x00000000c000f7a5                mmap
                0x00000000c000f7bb                munmap
                0x00000000c000f7d1                liballoc_lock()
                0x00000000c000f7e2                liballoc_unlock()
                0x00000000c000f7f3                liballoc_alloc(int)
                0x00000000c000f811                liballoc_free(void*, int)
                0x00000000c000f82f                realloc
                0x00000000c000f843                malloc
                0x00000000c000f853                free
                0x00000000c000f863                rfree
                0x00000000c000f873                calloc
 .text          0x00000000c000f89d      0x485 core/main.32
                0x00000000c000f89d                hwTextMode_loadInData(VgaText*)
                0x00000000c000f8e8                hwTextMode_loadInTitle(VgaText*, char*)
                0x00000000c000f966                hwTextMode_showCursor(VgaText*, bool)
                0x00000000c000f9c4                hwTextMode_update(VgaText*)
                0x00000000c000f9c5                hwTextMode_updateCursor(VgaText*)
                0x00000000c000fa16                hwTextMode_disableBlink(VgaText*, bool)
                0x00000000c000fa5c                hwTextMode_scrollScreen(VgaText*)
                0x00000000c000fb09                hwTextMode_writeCharacter(VgaText*, char, VgaColour, VgaColour, int, int)
                0x00000000c000fb8b                setupTextMode()
                0x00000000c000fbfb                kernel_main
 .text          0x00000000c000fd22      0x5cb core/physmgr.32
                0x00000000c000fd22                Phys::allocateDMA(unsigned long)
                0x00000000c000fdc5                Phys::freeDMA(unsigned long, unsigned long)
                0x00000000c000fe0d                Phys::setPageState(unsigned long, bool)
                0x00000000c000fe3f                Phys::getPageState(unsigned long)
                0x00000000c000fe5b                Phys::freePage(unsigned long)
                0x00000000c000fee5                Phys::allocatePage()
                0x00000000c001002b                Phys::allocateContiguousPages(int)
                0x00000000c0010085                Phys::allowSegmentToBeUsed(unsigned long, unsigned long)
                0x00000000c00100bd                Phys::physicalMemorySetup(unsigned int)
 *fill*         0x00000000c00102ed        0x1 
 .text          0x00000000c00102ee      0x273 core/pipe.32
                0x00000000c00102ee                Pipe::isAtty()
                0x00000000c00102f2                Pipe::~Pipe()
                0x00000000c00102f2                Pipe::~Pipe()
                0x00000000c0010316                Pipe::~Pipe()
                0x00000000c001033e                Pipe::read(unsigned long long, void*, int*)
                0x00000000c0010432                Pipe::write(unsigned long long, void*, int*)
                0x00000000c00104fa                Pipe::Pipe(int)
                0x00000000c00104fa                Pipe::Pipe(int)
 *fill*         0x00000000c0010561        0x1 
 .text          0x00000000c0010562      0xf73 core/terminal.32
                0x00000000c0010562                VgaText::isAtty()
                0x00000000c0010566                VgaText::~VgaText()
                0x00000000c0010566                VgaText::~VgaText()
                0x00000000c001058a                VgaText::~VgaText()
                0x00000000c00105b4                VgaText::read(unsigned long long, void*, int*)
                0x00000000c00105d4                setTerminalScrollLock(bool)
                0x00000000c00105d5                addToTerminalCycle(VgaText*)
                0x00000000c0010602                installVgaTextImplementation()
                0x00000000c0010617                scrollTerminalScrollLock(int)
                0x00000000c0010618                VgaText::load()
                0x00000000c001066c                VgaText::updateCursor()
                0x00000000c0010686                VgaText::showCursor(bool)
                0x00000000c0010696                VgaText::disableBlink(bool)
                0x00000000c00106d0                VgaText::doANSI_SGR(int)
                0x00000000c001075c                VgaText::setDefaultBgColour(VgaColour)
                0x00000000c0010772                VgaText::setDefaultFgColour(VgaColour)
                0x00000000c0010788                VgaText::setDefaultColours(VgaColour, VgaColour)
                0x00000000c00107a8                VgaText::combineColours(unsigned char, unsigned char)
                0x00000000c00107ba                VgaText::scrollScreen()
                0x00000000c001084e                VgaText::combineCharAndColour(char, unsigned char)
                0x00000000c0010860                VgaText::writeCharacter(char, VgaColour, VgaColour, int, int)
                0x00000000c00108c0                VgaText::getCursorX()
                0x00000000c00108cc                VgaText::getCursorY()
                0x00000000c00108d8                VgaText::setCursor(int, int)
                0x00000000c00108f6                VgaText::setCursorX(int)
                0x00000000c0010912                VgaText::setCursorY(int)
                0x00000000c001092e                VgaText::incrementCursor(bool)
                0x00000000c0010996                VgaText::updateRAMUsageDisplay(int)
                0x00000000c00109fa                VgaText::updateDiskUsage()
                0x00000000c0010b64                VgaText::updateTitle()
                0x00000000c0010baa                VgaText::setTitleTextColour(VgaColour)
                0x00000000c0010bba                VgaText::setTitleColour(VgaColour)
                0x00000000c0010bca                VgaText::setTitle(char*)
                0x00000000c0010bf0                VgaText::decrementCursor(bool)
                0x00000000c0010c18                VgaText::putchar(char, VgaColour, VgaColour)
                0x00000000c0010d14                VgaText::isShowingCursor()
                0x00000000c0010d20                VgaText::isBlinkDisabled()
                0x00000000c0010d2e                VgaText::setCursorHeight(int)
                0x00000000c0010d4c                VgaText::getCursorHeight()
                0x00000000c0010d57                setActiveTerminal(VgaText*)
                0x00000000c0010e09                doTerminalCycle()
                0x00000000c0010e26                VgaText::doUpdate()
                0x00000000c0010e38                VgaText::puts(char const*, VgaColour, VgaColour)
                0x00000000c0010ff8                VgaText::clearScreen()
                0x00000000c001105c                VgaText::putchar(char)
                0x00000000c0011176                VgaText::puts(char const*)
                0x00000000c001119c                VgaText::putx(unsigned int)
                0x00000000c00111e2                VgaText::VgaText(char const*)
                0x00000000c00111e2                VgaText::VgaText(char const*)
                0x00000000c0011374                VgaText::receiveKey(unsigned char)
                0x00000000c001145c                VgaText::write(unsigned long long, void*, int*)
                0x00000000c00114b0                newTerminal(char*)
 *fill*         0x00000000c00114d5        0x1 
 .text          0x00000000c00114d6      0x1b3 core/tss.32
                0x00000000c00114d6                TSS::TSS()
                0x00000000c00114d6                TSS::TSS()
                0x00000000c00114e4                TSS::setESP(unsigned long)
                0x00000000c00114f6                TSS::flush()
                0x00000000c0011516                TSS::setup(unsigned long, unsigned long)
 *fill*         0x00000000c0011689        0x1 
 .text          0x00000000c001168a      0x4c2 core/unixfile.32
                0x00000000c001168a                ReservedFilename::read(unsigned long long, void*, int*)
                0x00000000c00116e0                ReservedFilename::isAtty()
                0x00000000c00116fc                ReservedFilename::write(unsigned long long, void*, int*)
                0x00000000c001175a                UnixFile::getFileDescriptor()
                0x00000000c0011762                UnixFile::UnixFile(int)
                0x00000000c0011762                UnixFile::UnixFile(int)
                0x00000000c0011912                ReservedFilename::ReservedFilename(int)
                0x00000000c0011912                ReservedFilename::ReservedFilename(int)
                0x00000000c0011944                UnixFile::~UnixFile()
                0x00000000c0011944                UnixFile::~UnixFile()
                0x00000000c00119dc                UnixFile::~UnixFile()
                0x00000000c0011a04                ReservedFilename::~ReservedFilename()
                0x00000000c0011a04                ReservedFilename::~ReservedFilename()
                0x00000000c0011a28                ReservedFilename::~ReservedFilename()
                0x00000000c0011a4f                getFromFileDescriptor(int)
 .text          0x00000000c0011b4c     0x12c7 core/virtmgr.32
                0x00000000c0011b4c                Virt::setPageState(unsigned long, Virt::VirtPageState)
                0x00000000c0011b81                Virt::getPageState(unsigned long)
                0x00000000c0011ba5                Virt::allocateKernelVirtualPages(int)
                0x00000000c0011cb6                Virt::freeSwapfilePage(unsigned long)
                0x00000000c0011cd4                Virt::swapIDToSector(unsigned long)
                0x00000000c0011ce6                Virt::allocateSwapfilePage()
                0x00000000c0011d64                Virt::virtualMemorySetup()
                0x00000000c0011de3                Virt::swappingSetup()
                0x00000000c0011e40                Virt::getAKernelVAS()
                0x00000000c0011e46                Virt::setupPageSwapping(int)
                0x00000000c0011f76                VAS::VAS()
                0x00000000c0011f76                VAS::VAS()
                0x00000000c0011fa6                VAS::VAS(VAS*)
                0x00000000c0011fa6                VAS::VAS(VAS*)
                0x00000000c0011fca                VAS::getForeignPageTableEntry(bool, unsigned long)
                0x00000000c0011ff6                VAS::getPageTableEntry(unsigned long)
                0x00000000c0012015                Virt::freeKernelVirtualPages(unsigned long)
                0x00000000c0012138                VAS::freeAllocatedPages(unsigned long)
                0x00000000c001215c                VAS::virtualToPhysical(unsigned long)
                0x00000000c0012174                VAS::reflagRange(unsigned long, int, int, int)
                0x00000000c00121b4                VAS::setToWriteCombining(unsigned long, int)
                0x00000000c00121e6                VAS::mapOtherVASIn(bool, VAS*)
                0x00000000c0012210                VAS::~VAS()
                0x00000000c0012210                VAS::~VAS()
                0x00000000c001237c                VAS::mapPage(unsigned long, unsigned long, int)
                0x00000000c001247c                VAS::allocatePages(int, int)
                0x00000000c0012654                VAS::setCPUSpecific(unsigned long)
                0x00000000c0012670                VAS::mapRange(unsigned long, unsigned long, int, int)
                0x00000000c0012736                VAS::mapForeignPage(bool, VAS*, unsigned long, unsigned long, int)
                0x00000000c0012824                VAS::VAS(bool)
                0x00000000c0012824                VAS::VAS(bool)
                0x00000000c0012a80                VAS::evict(unsigned long)
                0x00000000c0012b3e                VAS::scanForEviction(int, int)
                0x00000000c0012bfc                VAS::tryLoadBackOffDisk(unsigned long)
                0x00000000c0012d57                mapVASFirstTime
 .text          0x00000000c0012e13       0x95 coreobjs/c++.32
                0x00000000c0012e13                __cxa_atexit
                0x00000000c0012e16                __cxa_finalize
                0x00000000c0012e17                __stack_chk_fail
                0x00000000c0012e83                __cxa_pure_virtual
                0x00000000c0012e94                operator new[](unsigned long)
                0x00000000c0012e99                operator delete(void*, unsigned long)
                0x00000000c0012e9e                operator delete[](void*)
                0x00000000c0012ea3                operator delete[](void*, unsigned long)
 .text          0x00000000c0012ea8      0x1ef dbg/kconsole.32
                0x00000000c0012ea8                Dbg::stringifyxWithBase(unsigned int, char*, int)
                0x00000000c0012f09                Dbg::logc(char)
                0x00000000c0012f20                Dbg::logs(char*)
                0x00000000c0012f3d                Dbg::logWriteInt(unsigned int)
                0x00000000c0012f5a                Dbg::logWriteIntBase(unsigned int, int)
                0x00000000c0012f79                Dbg::kprintf(char const*, ...)
 *fill*         0x00000000c0013097        0x1 
 .text          0x00000000c0013098      0xb7c fs/vfs.32
                0x00000000c0013098                File::read(unsigned long long, void*, int*)
                0x00000000c00130f0                File::write(unsigned long long, void*, int*)
                0x00000000c0013148                Directory::read(unsigned long long, void*, int*)
                0x00000000c00131a0                Directory::write(unsigned long long, void*, int*)
                0x00000000c00131ce                File::isAtty()
                0x00000000c00131d2                Directory::isAtty()
                0x00000000c00131d6                Filesystem::getlabel(LogicalDisk*, int, char*, unsigned int*)
                0x00000000c00131dc                Filesystem::setlabel(LogicalDisk*, int, char*)
                0x00000000c00131e2                File::~File()
                0x00000000c00131e2                File::~File()
                0x00000000c0013206                File::~File()
                0x00000000c0013230                Directory::~Directory()
                0x00000000c0013230                Directory::~Directory()
                0x00000000c0013254                Directory::~Directory()
                0x00000000c001327e                Filesystem::Filesystem()
                0x00000000c001327e                Filesystem::Filesystem()
                0x00000000c00132a2                Filesystem::~Filesystem()
                0x00000000c00132a2                Filesystem::~Filesystem()
                0x00000000c00132b0                Filesystem::~Filesystem()
                0x00000000c00132d4                Fs::getcwd(Process*, char*, int)
                0x00000000c00132fe                Fs::initVFS()
                0x00000000c0013328                Fs::standardiseFiles(char*, char const*, char const*)
                0x00000000c00134d2                File::File(char const*, Process*)
                0x00000000c00134d2                File::File(char const*, Process*)
                0x00000000c0013536                File::open(FileOpenMode)
                0x00000000c0013594                File::close()
                0x00000000c00135f4                File::seek(unsigned long long)
                0x00000000c001364a                File::tell(unsigned long long*)
                0x00000000c001369a                File::rewind()
                0x00000000c00136ae                File::unlink()
                0x00000000c00136fa                File::rename(char const*)
                0x00000000c0013748                File::chfatattr(unsigned char, unsigned char)
                0x00000000c00137a4                File::exists()
                0x00000000c00137e2                File::stat(unsigned long long*, bool*)
                0x00000000c0013843                Fs::setcwd(Process*, char*)
                0x00000000c001397e                Directory::Directory(char const*, Process*)
                0x00000000c001397e                Directory::Directory(char const*, Process*)
                0x00000000c00139e2                Directory::open()
                0x00000000c0013a3e                Directory::close()
                0x00000000c0013a9e                Directory::unlink()
                0x00000000c0013aea                Directory::rename(char const*)
                0x00000000c0013b38                Directory::exists()
                0x00000000c0013b76                Directory::read(dirent*)
                0x00000000c0013bc2                Directory::create()
                0x00000000c0013c0e                Filesystem::chfatattr(char const*, unsigned char, unsigned char)
 .text          0x00000000c0013c14       0x84 hal/bus.32
                0x00000000c0013c14                Bus::Bus(char const*)
                0x00000000c0013c14                Bus::Bus(char const*)
                0x00000000c0013c4a                Bus::~Bus()
                0x00000000c0013c4a                Bus::~Bus()
                0x00000000c0013c6e                Bus::~Bus()
 .text          0x00000000c0013c98      0x14e hal/buzzer.32
                0x00000000c0013c98                Buzzer::Buzzer(char const*)
                0x00000000c0013c98                Buzzer::Buzzer(char const*)
                0x00000000c0013cdc                Buzzer::~Buzzer()
                0x00000000c0013cdc                Buzzer::~Buzzer()
                0x00000000c0013d00                Buzzer::~Buzzer()
                0x00000000c0013d2a                Buzzer::stop()
                0x00000000c0013d3d                beepThread(void*)
                0x00000000c0013d78                Buzzer::beep(int, int, bool)
 .text          0x00000000c0013de6      0x467 hal/clock.32
                0x00000000c0013de6                User::loadClockSettings(int)
                0x00000000c0013e38                Clock::Clock(char const*)
                0x00000000c0013e38                Clock::Clock(char const*)
                0x00000000c0013e6e                Clock::~Clock()
                0x00000000c0013e6e                Clock::~Clock()
                0x00000000c0013e92                Clock::~Clock()
                0x00000000c0013ebc                Clock::timeInSecondsLocal()
                0x00000000c0013f04                Clock::setTimeInSecondsLocal(unsigned long long)
                0x00000000c0013f5d                datetimeToSeconds(datetime_t)
                0x00000000c0014084                Clock::setTimeInDatetimeLocal(datetime_t)
                0x00000000c00140e4                secondsToDatetime(unsigned long long)
                0x00000000c0014228                Clock::timeInDatetimeLocal()
 *fill*         0x00000000c001424d        0x1 
 .text          0x00000000c001424e      0x4de hal/device.32
                0x00000000c001424e                Device::hibernate()
                0x00000000c0014250                Device::wake()
                0x00000000c0014252                Device::detect()
                0x00000000c0014254                Device::disableLegacy()
                0x00000000c0014256                Device::powerSaving(PowerSavingLevel)
                0x00000000c0014258                DriverlessDevice::close(int, int, void*)
                0x00000000c001425c                DriverlessDevice::detect()
                0x00000000c001425e                DriverlessDevice::open(int, int, void*)
                0x00000000c0014272                Device::~Device()
                0x00000000c0014272                Device::~Device()
                0x00000000c0014280                Device::~Device()
                0x00000000c00142a8                Device::findAndLoadDriver()
                0x00000000c00142aa                Device::preOpenPCI(PCIDeviceInfo)
                0x00000000c00142d0                Device::preOpenACPI(void*, char*, char*)
                0x00000000c0014324                Device::addIRQHandler(int, void (*)(regs*, void*), bool, void*)
                0x00000000c0014362                Device::removeIRQHandler(int, void (*)(regs*, void*), bool)
                0x00000000c00143a0                Device::addChild(Device*)
                0x00000000c00143e4                Device::removeAllChildren()
                0x00000000c001442a                Device::hibernateAll()
                0x00000000c001445a                Device::wakeAll()
                0x00000000c001448a                Device::detectAll()
                0x00000000c00144ba                Device::disableLegacyAll()
                0x00000000c00144ea                Device::loadDriversForAll()
                0x00000000c0014516                Device::closeAll()
                0x00000000c001454c                Device::powerSavingAll(PowerSavingLevel)
                0x00000000c0014582                Device::setName(char const*)
                0x00000000c0014590                Device::Device(char const*)
                0x00000000c0014590                Device::Device(char const*)
                0x00000000c001468c                Device::getName()
                0x00000000c0014696                DriverlessDevice::DriverlessDevice(char const*)
                0x00000000c0014696                DriverlessDevice::DriverlessDevice(char const*)
                0x00000000c00146be                Device::addToLinkedList(LinkedList<Device>&, DeviceType)
                0x00000000c0014702                getDevicesOfType(DeviceType)
 .text          0x00000000c001472c       0x84 hal/diskctrl.32
                0x00000000c001472c                HardDiskController::HardDiskController(char const*)
                0x00000000c001472c                HardDiskController::HardDiskController(char const*)
                0x00000000c0014762                HardDiskController::~HardDiskController()
                0x00000000c0014762                HardDiskController::~HardDiskController()
                0x00000000c0014786                HardDiskController::~HardDiskController()
 .text          0x00000000c00147b0       0xf2 hal/diskphys.32
                0x00000000c00147b0                PhysicalDisk::eject()
                0x00000000c00147c4                PhysicalDisk::PhysicalDisk(char const*, int)
                0x00000000c00147c4                PhysicalDisk::PhysicalDisk(char const*, int)
                0x00000000c001482c                PhysicalDisk::startCache()
                0x00000000c0014854                PhysicalDisk::~PhysicalDisk()
                0x00000000c0014854                PhysicalDisk::~PhysicalDisk()
                0x00000000c0014878                PhysicalDisk::~PhysicalDisk()
 .text          0x00000000c00148a2      0x13b hal/fpu.32
                0x00000000c00148a2                FPU::FPU(char const*)
                0x00000000c00148a2                FPU::FPU(char const*)
                0x00000000c00148d8                FPU::~FPU()
                0x00000000c00148d8                FPU::~FPU()
                0x00000000c00148fc                FPU::~FPU()
                0x00000000c0014926                setupFPU()
 *fill*         0x00000000c00149dd        0x1 
 .text          0x00000000c00149de     0x13b3 hal/intctrl.32
                0x00000000c00149de                InterruptController::uninstallISRHandler(int, void (*)(regs*, void*))
                0x00000000c0014a16                InterruptController::installISRHandler(int, void (*)(regs*, void*), void*)
                0x00000000c0014a68                doubleFault(regs*, void*)
                0x00000000c0014a82                InterruptController::installIRQHandler(int, void (*)(regs*, void*), bool, void*)
                0x00000000c0014b1e                InterruptController::clearAllHandlers(int, bool)
                0x00000000c0014bc6                InterruptController::uninstallIRQHandler(int, void (*)(regs*, void*), bool)
                0x00000000c0014c4d                nmiHandler(regs*, void*)
                0x00000000c0014c5b                int_handler
                0x00000000c0014cfc                InterruptController::InterruptController(char const*)
                0x00000000c0014cfc                InterruptController::InterruptController(char const*)
                0x00000000c0014da2                InterruptController::~InterruptController()
                0x00000000c0014da2                InterruptController::~InterruptController()
                0x00000000c0014dc6                InterruptController::~InterruptController()
                0x00000000c0014df0                displayDebugInfo(regs*)
                0x00000000c001527f                x87EmulHandler(regs*, void*)
                0x00000000c00152ae                gpFault(regs*, void*)
                0x00000000c00152e7                pgFault(regs*, void*)
                0x00000000c001532f                otherISRHandler(regs*, void*)
                0x00000000c001534e                opcodeFault(regs*, void*)
                0x00000000c0015954                displayProgramFault(char const*)
                0x00000000c001597c                setupInterruptController()
                0x00000000c0015d44                InterruptController::convertLegacyIRQNumber(int)
 *fill*         0x00000000c0015d91        0x1 
 .text          0x00000000c0015d92      0x6c8 hal/keybrd.32
                0x00000000c0015d92                startGUI(void*)
                0x00000000c0015dee                startGUIVESA(void*)
                0x00000000c0015e4a                sendKeyToTerminal(unsigned char)
                0x00000000c0015eb6                sendKeyboardToken(KeyboardToken)
                0x00000000c00162f3                clearInternalKeybuffer(VgaText*)
                0x00000000c0016328                readKeyboard(VgaText*, char*, unsigned long)
                0x00000000c00163d0                Keyboard::Keyboard(char const*)
                0x00000000c00163d0                Keyboard::Keyboard(char const*)
                0x00000000c001640c                Keyboard::~Keyboard()
                0x00000000c001640c                Keyboard::~Keyboard()
                0x00000000c0016430                Keyboard::~Keyboard()
 .text          0x00000000c001645a      0x414 hal/logidisk.32
                0x00000000c001645a                LogicalDisk::close(int, int, void*)
                0x00000000c001645e                LogicalDisk::~LogicalDisk()
                0x00000000c001645e                LogicalDisk::~LogicalDisk()
                0x00000000c0016482                LogicalDisk::~LogicalDisk()
                0x00000000c00164ac                LogicalDisk::open(int, int, void*)
                0x00000000c00164c0                LogicalDisk::absoluteToRelative(unsigned long long)
                0x00000000c00164f8                LogicalDisk::relativeToAbsolute(unsigned long long)
                0x00000000c001653e                LogicalDisk::LogicalDisk(char const*, PhysicalDisk*, unsigned long long, unsigned long long)
                0x00000000c001653e                LogicalDisk::LogicalDisk(char const*, PhysicalDisk*, unsigned long long, unsigned long long)
                0x00000000c00165f4                LogicalDisk::assignDriveLetter()
                0x00000000c00166aa                LogicalDisk::mount()
                0x00000000c001671c                LogicalDisk::unmount()
                0x00000000c001672c                LogicalDisk::eject()
                0x00000000c0016740                LogicalDisk::unassignDriveLetter()
                0x00000000c0016796                LogicalDisk::read(unsigned long long, int, void*)
                0x00000000c0016802                LogicalDisk::write(unsigned long long, int, void*)
 .text          0x00000000c001686e       0x84 hal/mouse.32
                0x00000000c001686e                Mouse::Mouse(char const*)
                0x00000000c001686e                Mouse::Mouse(char const*)
                0x00000000c00168a4                Mouse::~Mouse()
                0x00000000c00168a4                Mouse::~Mouse()
                0x00000000c00168c8                Mouse::~Mouse()
 .text          0x00000000c00168f2      0x34d hal/partition.32
                0x00000000c00168f2                makePartition(PhysicalDisk*, unsigned long long, unsigned long long)
                0x00000000c00169ae                createPartitionsForDisk(PhysicalDisk*)
 *fill*         0x00000000c0016c3f        0x1 
 .text          0x00000000c0016c40       0x84 hal/serial.32
                0x00000000c0016c40                Serial::Serial(char const*)
                0x00000000c0016c40                Serial::Serial(char const*)
                0x00000000c0016c76                Serial::~Serial()
                0x00000000c0016c76                Serial::~Serial()
                0x00000000c0016c9a                Serial::~Serial()
 .text          0x00000000c0016cc4      0x2b8 hal/timer.32
                0x00000000c0016cc4                Timer::Timer(char const*)
                0x00000000c0016cc4                Timer::Timer(char const*)
                0x00000000c0016cfa                Timer::~Timer()
                0x00000000c0016cfa                Timer::~Timer()
                0x00000000c0016d1e                Timer::~Timer()
                0x00000000c0016d48                Timer::read()
                0x00000000c0016d53                timerHandler(unsigned long long)
                0x00000000c0016e8a                setupTimer(int)
 .text          0x00000000c0016f7c      0x425 hal/vcache.32
                0x00000000c0016f7c                VCache::VCache(PhysicalDisk*)
                0x00000000c0016f7c                VCache::VCache(PhysicalDisk*)
                0x00000000c00170e4                VCache::invalidateReadBuffer()
                0x00000000c00170f4                VCache::writeWriteBuffer()
                0x00000000c0017130                VCache::~VCache()
                0x00000000c0017130                VCache::~VCache()
                0x00000000c0017184                VCache::~VCache()
                0x00000000c00171ac                VCache::write(unsigned long long, int, void*)
                0x00000000c00172a2                VCache::read(unsigned long long, int, void*)
 *fill*         0x00000000c00173a1        0x1 
 .text          0x00000000c00173a2      0x4cd hal/video.32
                0x00000000c00173a2                Video::putrect(int, int, int, int, unsigned int)
                0x00000000c00173ee                Video::bitblit(int, int, int, int, int, int, int, unsigned int*)
                0x00000000c001745e                Video::blit(unsigned int*, int, int, int, int)
                0x00000000c00174dc                Video::clearScreen(unsigned int)
                0x00000000c0017510                Video::putpixel(int, int, unsigned int)
                0x00000000c001751e                Video::Video(char const*)
                0x00000000c001751e                Video::Video(char const*)
                0x00000000c0017554                Video::~Video()
                0x00000000c0017554                Video::~Video()
                0x00000000c0017578                Video::~Video()
                0x00000000c00175a2                Video::isMonochrome()
                0x00000000c00175ae                Video::getWidth()
                0x00000000c00175ba                Video::getHeight()
                0x00000000c00175c6                Video::drawCursor(int, int, unsigned char*, int)
                0x00000000c0017682                Video::tgaParse(unsigned char*, int, int*, int*)
                0x00000000c0017804                Video::putTGA(int, int, unsigned char*, int)
 *fill*         0x00000000c001786f        0x1 
 .text          0x00000000c0017870      0xf64 hw/acpi.32
                0x00000000c0017870                ACPI::close(int, int, void*)
                0x00000000c0017925                findRSDP()
                0x00000000c00179af                loadACPITables(unsigned char*)
                0x00000000c0017bd6                findRSDT(unsigned char*)
                0x00000000c0017cf4                findDataTable(unsigned char*, char*)
                0x00000000c0017d90                scanMADT()
                0x00000000c0018216                ACPI::ACPI()
                0x00000000c0018216                ACPI::ACPI()
                0x00000000c0018280                ACPI::getPCIIRQAssignment(unsigned char, unsigned short, unsigned char)
                0x00000000c0018362                ACPI::registerPCIIRQAssignment(void*, unsigned short, unsigned char, unsigned char)
                0x00000000c0018428                ACPI::setScreenBrightnessLevel(void*, int)
                0x00000000c001842e                ACPI::writeSimpleBootFlag(SimpleBootFlagTable*)
                0x00000000c0018476                ACPI::open(int, int, void*)
                0x00000000c00187bc                ACPI::sleep()
 .text          0x00000000c00187d4     0x1715 hw/cpu.32
                0x00000000c00187d4                CPU::close(int, int, void*)
                0x00000000c00187d8                CPU::lookupAMDName(unsigned char, unsigned char)
                0x00000000c001896c                CPU::lookupIntelName(unsigned char, unsigned char)
                0x00000000c0018c1a                CPU::AMD_K6_write_msr(unsigned int, unsigned int, unsigned int, CPU::REGS*)
                0x00000000c0018c36                CPU::AMD_K6_read_msr(unsigned int, CPU::REGS*)
                0x00000000c0018c4e                CPU::AMD_K6_writeback(int, int, int)
                0x00000000c0018cc2                CPU::cpuid(int, unsigned long*, unsigned long*, unsigned long*, unsigned long*)
                0x00000000c0018d46                CPU::cpuidCheckEDX(unsigned int)
                0x00000000c0018d74                CPU::cpuidCheckECX(unsigned int)
                0x00000000c0018da2                CPU::cpuidCheckExtendedEBX(unsigned int)
                0x00000000c0018dd0                CPU::cpuidCheckExtendedECX(unsigned int)
                0x00000000c0018dfe                CPU::CPU()
                0x00000000c0018dfe                CPU::CPU()
                0x00000000c0018e8c                CPU::displayFeatures()
                0x00000000c0019108                CPU::detectFeatures()
                0x00000000c0019af8                CPU::setupSMEP()
                0x00000000c0019b04                CPU::setupUMIP()
                0x00000000c0019b0e                CPU::setupTSC()
                0x00000000c0019b18                CPU::setupLargePages()
                0x00000000c0019b22                CPU::setupPAT()
                0x00000000c0019b5e                CPU::setupMTRR()
                0x00000000c0019b60                CPU::setupGlobalPages()
                0x00000000c0019b6a                CPU::allowUsermodeDataAccess()
                0x00000000c0019b7c                CPU::prohibitUsermodeDataAccess()
                0x00000000c0019b8e                CPU::setupSMAP()
                0x00000000c0019b9c                CPU::setupFeatures()
                0x00000000c0019c1c                CPU::open(int, int, void*)
                0x00000000c0019cee                CPU::decodeAddress(regs*, int*, bool*, unsigned char*)
 .text          0x00000000c0019ee9        0x0 hw/ports.32
 .text          0x00000000c0019ee9      0x16a hw/smp.32
                0x00000000c0019ee9                Krnl::smpEntry()
                0x00000000c0019eeb                Krnl::startCPU(int)
                0x00000000c001a034                Krnl::startCPUs()
 *fill*         0x00000000c001a053        0x1 
 .text          0x00000000c001a054      0x5d3 krnl/env.32
                0x00000000c001a054                EnvVarContainer::getEnv(char const*)
                0x00000000c001a092                EnvVarContainer::setEnv(char const*, char const*)
                0x00000000c001a15e                EnvVarContainer::deleteEnv(char const*)
                0x00000000c001a160                EnvVarContainer::loadFrom(char const*, char const*)
                0x00000000c001a356                EnvVarContainer::__loadSystem()
                0x00000000c001a370                EnvVarContainer::__loadUser()
                0x00000000c001a372                EnvVarContainer::EnvVarContainer(Process*)
                0x00000000c001a372                EnvVarContainer::EnvVarContainer(Process*)
                0x00000000c001a394                EnvVarContainer::~EnvVarContainer()
                0x00000000c001a394                EnvVarContainer::~EnvVarContainer()
                0x00000000c001a3c4                Krnl::getEnv(Process*, char const*)
                0x00000000c001a429                Krnl::setEnvSystem(char const*, char const*)
                0x00000000c001a443                Krnl::setEnvUser(char const*, char const*)
                0x00000000c001a462                Krnl::setEnvProcess(Process*, char const*, char const*)
                0x00000000c001a475                Krnl::deleteEnvSystem(char const*)
                0x00000000c001a476                Krnl::deleteEnvUser(char const*)
                0x00000000c001a477                Krnl::deleteEnvProcess(Process*, char const*)
                0x00000000c001a478                Krnl::newProcessEnv(Process*)
                0x00000000c001a49a                Krnl::copyProcessEnv(Process*, Process*)
                0x00000000c001a4ee                Krnl::loadSystemEnv()
                0x00000000c001a51c                Krnl::loadUserEnv()
                0x00000000c001a542                Krnl::flushEnv()
                0x00000000c001a543                Krnl::getProcessTotalEnvCount(Process*)
                0x00000000c001a563                Krnl::getProcessEnvPair(Process*, int)
 .text          0x00000000c001a627      0x396 krnl/panic.32
                0x00000000c001a627                Krnl::panic(char const*)
 .text          0x00000000c001a9bd      0x3b6 net/ethernet.32
                0x00000000c001a9bd                Net::switchEndian16(unsigned short)
                0x00000000c001a9de                Net::switchEndian32(unsigned int)
                0x00000000c001aa0d                Net::crc32Calc(unsigned char*, int)
                0x00000000c001aa9e                Net::wrapEthernetFrame(Net::UnwrappedEthernetFrame, unsigned char*)
                0x00000000c001abda                Net::unwrapEthernetFrame(unsigned char*, int)
 .text          0x00000000c001ad73      0x513 reg/registry.32
                0x00000000c001ad73                Reg::findLineFromLoadedData(char*, char*, char*)
                0x00000000c001aecb                Reg::getLineFromRegistry(char*, char*, char*, char*)
                0x00000000c001b020                Reg::getLine(char*, char*, char*)
                0x00000000c001b057                Reg::readInt(char*, char*, int*)
                0x00000000c001b142                Reg::readString(char*, char*, char*, int)
                0x00000000c001b1c3                Reg::readBool(char*, char*, bool*)
                0x00000000c001b1e8                Reg::readBoolWithDefault(char*, char*, bool)
                0x00000000c001b214                Reg::readIntWithDefault(char*, char*, int)
                0x00000000c001b240                Reg::readStringWithDefault(char*, char*, char*, int, char*)
 .text          0x00000000c001b286       0x36 sys/sc_eject.32
                0x00000000c001b286                Sys::eject(regs*)
 .text          0x00000000c001b2bc       0x18 sys/sc_exit.32
                0x00000000c001b2bc                Sys::exit(regs*)
 .text          0x00000000c001b2d4       0x1f sys/sc_getcwd.32
                0x00000000c001b2d4                Sys::getCwd(regs*)
 .text          0x00000000c001b2f3        0xc sys/sc_getpid.32
                0x00000000c001b2f3                Sys::getPID(regs*)
 .text          0x00000000c001b2ff       0x17 sys/sc_getramdata.32
                0x00000000c001b2ff                Sys::getRAMData(regs*)
 .text          0x00000000c001b316       0xa8 sys/sc_loaddll.32
                0x00000000c001b316                Sys::loadDLL(regs*)
 .text          0x00000000c001b3be       0x68 sys/sc_read.32
                0x00000000c001b3be                Sys::read(regs*)
 .text          0x00000000c001b426       0x55 sys/sc_sbrk.32
                0x00000000c001b426                Sys::sbrk(regs*)
 .text          0x00000000c001b47b       0x1c sys/sc_setcwd.32
                0x00000000c001b47b                Sys::setCwd(regs*)
 .text          0x00000000c001b497      0x128 sys/sc_settime.32
                0x00000000c001b497                Sys::setTime(regs*)
 .text          0x00000000c001b5bf       0x4a sys/sc_timezone.32
                0x00000000c001b5bf                Sys::timezone(regs*)
 .text          0x00000000c001b609       0x68 sys/sc_write.32
                0x00000000c001b609                Sys::write(regs*)
 .text          0x00000000c001b671       0x62 sys/sc_wsbe.32
                0x00000000c001b671                Sys::wsbe(regs*)
 .text          0x00000000c001b6d3       0x3b sys/sc_yield.32
                0x00000000c001b6d3                Sys::yield(regs*)
 .text          0x00000000c001b70e     0x10e5 sys/syscalls.32
                0x00000000c001b70e                sysCallSeekDir(regs*)
                0x00000000c001b713                sysCallTellDir(regs*)
                0x00000000c001b718                sysCallVerify(regs*)
                0x00000000c001b722                sysFormatDisk(regs*)
                0x00000000c001b78c                sysSetDiskVolumeLabel(regs*)
                0x00000000c001b7d2                sysGetDiskVolumeLabel(regs*)
                0x00000000c001b823                sysShutdown(regs*)
                0x00000000c001b881                sysCallRealpath(regs*)
                0x00000000c001b8c4                sysCallGetArgc(regs*)
                0x00000000c001b8f2                sysCallReadDir(regs*)
                0x00000000c001b980                sysCallIsATTY(regs*)
                0x00000000c001b9da                sysCallSeek(regs*)
                0x00000000c001ba43                sysCallTell(regs*)
                0x00000000c001bac0                sysCallSize(regs*)
                0x00000000c001bb43                sysCallSizeFromFilename(regs*)
                0x00000000c001bc03                sysCallClose(regs*)
                0x00000000c001bc8b                sysCallOpenDir(regs*)
                0x00000000c001bd00                sysCallCloseDir(regs*)
                0x00000000c001bd66                sysCallMakeDir(regs*)
                0x00000000c001bdd6                sysCallWait(regs*)
                0x00000000c001bdf0                sysCallNotImpl(regs*)
                0x00000000c001be0b                sysPanic(regs*)
                0x00000000c001be31                sysCallRmdir(regs*)
                0x00000000c001be95                sysCallUnlink(regs*)
                0x00000000c001bef9                sysCallGetArgv(regs*)
                0x00000000c001bf45                sysCallTTYName(regs*)
                0x00000000c001bfc8                sysCallUSleep(regs*)
                0x00000000c001bfef                sysCallSpawn(regs*)
                0x00000000c001c047                sysCallGetEnv(regs*)
                0x00000000c001c17f                sysAppSettings(regs*)
                0x00000000c001c29e                sysSetFatAttrib(regs*)
                0x00000000c001c310                sysPipe(regs*)
                0x00000000c001c355                sysGetUnixTime(regs*)
                0x00000000c001c369                string_ends_with(char const*, char const*)
                0x00000000c001c3b1                sysCallOpen(regs*)
                0x00000000c001c5c6                Sys::loadSyscalls()
                0x00000000c001c7b1                Sys::systemCall(regs*, void*)
 .text          0x00000000c001c7f3     0x11ec thr/elf.32
                0x00000000c001c7f3                Thr::allocateMemoryForTask(Process*, File*, unsigned long, unsigned long, unsigned long)
                0x00000000c001ca85                Thr::loadProgramIntoMemory(Process*, char const*)
                0x00000000c001cc9b                Thr::runtimeReferenceHelper()
                0x00000000c001ccae                Thr::getAddressOfKernelSymbol(char const*)
                0x00000000c001ccfd                Thr::loadKernelSymbolTable(char const*)
                0x00000000c001cfbb                Thr::loadDriverIntoMemory(char const*, unsigned long, bool)
                0x00000000c001d6d7                Thr::getDriverBaseFromAddress(unsigned long)
                0x00000000c001d709                Thr::getDriverNameFromAddress(unsigned long)
                0x00000000c001d740                Thr::getDriverOffsetFromAddress(unsigned long)
                0x00000000c001d75a                Thr::loadDLL(char const*, bool)
                0x00000000c001d9a6                Thr::executeDLL(unsigned long, void*)
 *fill*         0x00000000c001d9df        0x1 
 .text          0x00000000c001d9e0     0x1056 thr/prcssthr.32
                0x00000000c001d9e0                changeTSS
                0x00000000c001da10                Process::addArgs(char**)
                0x00000000c001da6a                Process::Process(char const*, Process*, char**)
                0x00000000c001da6a                Process::Process(char const*, Process*, char**)
                0x00000000c001dc4e                Process::Process(bool, char const*, Process*, char**)
                0x00000000c001dc4e                Process::Process(bool, char const*, Process*, char**)
                0x00000000c001ddfd                disableIRQs()
                0x00000000c001de05                getIRQNestingLevel()
                0x00000000c001de0b                enableIRQs()
                0x00000000c001de1a                lockScheduler()
                0x00000000c001de1c                unlockScheduler()
                0x00000000c001de1e                userModeEntryPoint(void*)
                0x00000000c001de41                lockStuff()
                0x00000000c001de4d                taskStartupFunction
                0x00000000c001de56                updateTimeUsed()
                0x00000000c001debb                switchToThread(ThreadControlBlock*)
                0x00000000c001df0c                Semaphore::Semaphore(int)
                0x00000000c001df0c                Semaphore::Semaphore(int)
                0x00000000c001df3a                Mutex::Mutex()
                0x00000000c001df3a                Mutex::Mutex()
                0x00000000c001df4c                Process::createThread(void (*)(void*), void*, int)
                0x00000000c001e030                Process::createUserThread()
                0x00000000c001e04c                setupMultitasking(void (*)())
                0x00000000c001e156                schedule()
                0x00000000c001e1db                unlockStuff()
                0x00000000c001e210                Semaphore::tryAcquire()
                0x00000000c001e23e                Semaphore::assertLocked(char const*)
                0x00000000c001e26e                blockTaskWithSchedulerLockAlreadyHeld(TaskState)
                0x00000000c001e2b0                blockTask(TaskState)
                0x00000000c001e2d1                waitTask(int, int*, int)
                0x00000000c001e313                nanoSleepUntil(unsigned long long)
                0x00000000c001e36a                nanoSleep(unsigned long long)
                0x00000000c001e37f                sleep(unsigned long long)
                0x00000000c001e39c                Semaphore::acquire()
                0x00000000c001e404                taskReturned
                0x00000000c001e432                unblockTask(ThreadControlBlock*)
                0x00000000c001e4e1                cleanupTerminatedTask(ThreadControlBlock*)
                0x00000000c001e7aa                cleanerTaskFunction(void*)
                0x00000000c001e85d                terminateTask(int)
                0x00000000c001e93d                Thr::terminateFromIRQ(int)
                0x00000000c001e94a                Semaphore::release()
 .text          0x00000000c001ea36      0xc26 vm86/vm8086.32
                0x00000000c001ea36                Vm::inbv(unsigned short)
                0x00000000c001ea49                Vm::outbv(unsigned short, unsigned char)
                0x00000000c001ea9c                Vm::realToLinear(unsigned short, unsigned short)
                0x00000000c001eaac                Vm::getSegment(unsigned int)
                0x00000000c001eab4                Vm::getOffset(unsigned int)
                0x00000000c001eab9                Vm::mainloop2()
                0x00000000c001eaf4                Vm::mainVm8086Loop(void*)
                0x00000000c001eb01                Vm::mainloop3(unsigned long)
                0x00000000c001eb2b                Vm::initialise8086()
                0x00000000c001eb6e                Vm::finish8086()
                0x00000000c001ebb3                Vm::getOutput8086(unsigned char*)
                0x00000000c001ebdd                Vm::start8086(char const*, unsigned short, unsigned short, unsigned short, unsigned short)
                0x00000000c001ed2d                Vm::doISR(regs*, int, unsigned char*, unsigned short, unsigned short)
                0x00000000c001edb7                Vm::readByteFromReal(unsigned short, unsigned short)
                0x00000000c001edc8                Vm::readWordFromReal(unsigned short, unsigned short)
                0x00000000c001edda                Vm::readDwordFromReal(unsigned short, unsigned short)
                0x00000000c001edeb                Vm::writeByteFromReal(unsigned short, unsigned short, unsigned char)
                0x00000000c001ee00                Vm::writeWordFromReal(unsigned short, unsigned short, unsigned short)
                0x00000000c001ee16                Vm::writeDwordFromReal(unsigned short, unsigned short, unsigned int)
                0x00000000c001ee2b                Vm::faultHandler(regs*)
 .text          0x00000000c001f65c      0xefd vm86/x87em.32
                0x00000000c001f65c                Vm::fpuInternalTo32(unsigned long long)
                0x00000000c001f6b7                Vm::fpuInternalTo64(unsigned long long)
                0x00000000c001f6c0                Vm::fpu32ToInternal(unsigned int)
                0x00000000c001f705                Vm::fpu64ToInternal(unsigned long long)
                0x00000000c001f70e                Vm::fpuFloatToLong(unsigned long long)
                0x00000000c001f769                Vm::fpuULongToFloat(unsigned long long)
                0x00000000c001f79f                Vm::fpuLongToFloat(long long)
                0x00000000c001f7f5                Vm::fpuGet0()
                0x00000000c001f7fa                Vm::fpuGet1()
                0x00000000c001f802                Vm::fpuGetPi()
                0x00000000c001f80a                Vm::fpuGetLog2E()
                0x00000000c001f822                Vm::fpuGetLogE2()
                0x00000000c001f83a                Vm::fpuGetLog210()
                0x00000000c001f852                Vm::fpuGetLog102()
                0x00000000c001f86a                Vm::fpuIsSecondLarger(unsigned long long, unsigned long long)
                0x00000000c001f87e                Vm::fpuAreEqual(unsigned long long, unsigned long long)
                0x00000000c001f894                Vm::fpuUnorderedCompare(unsigned long long, unsigned long long)
                0x00000000c001f8e7                Vm::fpuAdd(unsigned long long, unsigned long long)
                0x00000000c001f8f8                Vm::fpuAbs(unsigned long long)
                0x00000000c001f901                Vm::fpuChs(unsigned long long)
                0x00000000c001f911                Vm::fpuSub(unsigned long long, unsigned long long)
                0x00000000c001f920                Vm::fpuMultiply(unsigned long long, unsigned long long)
                0x00000000c001f93f                Vm::fpuDivide(unsigned long long, unsigned long long)
                0x00000000c001f95b                Vm::fpuSquare(unsigned long long)
                0x00000000c001f971                Vm::fpuGetReg(int)
                0x00000000c001f9b4                Vm::fpuSetReg(int, unsigned long long)
                0x00000000c001f9ff                Vm::fpuPush(unsigned long long)
                0x00000000c001fa5c                Vm::fpuPop()
                0x00000000c001faae                Vm::x87Handler(regs*)
 *fill*         0x00000000c0020559        0x1 
 .text          0x00000000c002055a     0x10ed fs/fat/vfslink.32
                0x00000000c002055a                FAT::getName()
                0x00000000c0020560                FAT::tell(void*, unsigned long long*)
                0x00000000c0020594                FAT::stat(void*, unsigned long long*)
                0x00000000c00205c8                FAT::~FAT()
                0x00000000c00205c8                FAT::~FAT()
                0x00000000c00205ec                FAT::~FAT()
                0x00000000c0020614                FAT::getlabel(LogicalDisk*, int, char*, unsigned int*)
                0x00000000c00206b2                FAT::setlabel(LogicalDisk*, int, char*)
                0x00000000c002076c                FAT::format(LogicalDisk*, int, char const*, int)
                0x00000000c0020950                FAT::tryMount(LogicalDisk*, int)
                0x00000000c0020b56                FAT::readDir(void*, unsigned long, void*, int*)
                0x00000000c0020c5c                FAT::read(void*, unsigned long, void*, int*)
                0x00000000c0020cb6                FAT::write(void*, unsigned long, void*, int*)
                0x00000000c0020d10                FAT::close(void*)
                0x00000000c0020d5c                FAT::closeDir(void*)
                0x00000000c0020da8                FAT::seek(void*, unsigned long long)
                0x00000000c0020dfc                fatWrapperReadDisk
                0x00000000c0020e43                fatWrapperWriteDisk
                0x00000000c0020e8a                fatWrapperIoctl
                0x00000000c0020f8e                FAT::FAT()
                0x00000000c0020f8e                FAT::FAT()
                0x00000000c0020fe0                FAT::fixFilepath(char*)
                0x00000000c0021018                FAT::open(char const*, void**, FileOpenMode)
                0x00000000c0021140                FAT::openDir(char const*, void**)
                0x00000000c00211e6                FAT::stat(char const*, unsigned long long*, bool*)
                0x00000000c00212d0                FAT::unlink(char const*)
                0x00000000c002134a                FAT::chfatattr(char const*, unsigned char, unsigned char)
                0x00000000c002149e                FAT::rename(char const*, char const*)
                0x00000000c0021562                FAT::mkdir(char const*)
                0x00000000c00215dc                FAT::exists(char const*)
 *fill*         0x00000000c0021647        0x1 
 .text          0x00000000c0021648      0xbc1 fs/iso9660/vfslink.32
                0x00000000c0021648                ISO9660::format(LogicalDisk*, int, char const*, int)
                0x00000000c002164e                ISO9660::seek(void*, unsigned long long)
                0x00000000c002167e                ISO9660::tell(void*, unsigned long long*)
                0x00000000c00216a2                ISO9660::getName()
                0x00000000c00216a8                ISO9660::stat(void*, unsigned long long*)
                0x00000000c00216cc                ISO9660::chfatattr(char const*, unsigned char, unsigned char)
                0x00000000c00216d2                ISO9660::unlink(char const*)
                0x00000000c00216d8                ISO9660::write(void*, unsigned long, void*, int*)
                0x00000000c00216de                ISO9660::rename(char const*, char const*)
                0x00000000c00216e4                ISO9660::mkdir(char const*)
                0x00000000c00216ea                ISO9660::close(void*)
                0x00000000c002170c                ISO9660::closeDir(void*)
                0x00000000c002172e                ISO9660::~ISO9660()
                0x00000000c002172e                ISO9660::~ISO9660()
                0x00000000c0021752                ISO9660::~ISO9660()
                0x00000000c0021779                __memmem(unsigned char*, int, unsigned char*, int)
                0x00000000c00217bb                readSectorFromCDROM(unsigned int, unsigned char*, char)
                0x00000000c0021822                ISO9660::tryMount(LogicalDisk*, int)
                0x00000000c0021872                ISO9660::read(void*, unsigned long, void*, int*)
                0x00000000c0021a72                ISO9660::readDir(void*, unsigned long, void*, int*)
                0x00000000c0021cff                readRoot(unsigned int*, unsigned int*, char)
                0x00000000c0021d54                readRecursively(char*, unsigned int, unsigned int, unsigned int*, unsigned int*, char, int*)
                0x00000000c0021f27                getFileData(char*, unsigned int*, unsigned int*, char, int*)
                0x00000000c0021fb6                ISO9660::open(char const*, void**, FileOpenMode)
                0x00000000c0022076                ISO9660::exists(char const*)
                0x00000000c002209a                ISO9660::stat(char const*, unsigned long long*, bool*)
                0x00000000c002212e                ISO9660::openDir(char const*, void**)
                0x00000000c00221e6                ISO9660::ISO9660()
                0x00000000c00221e6                ISO9660::ISO9660()
 *fill*         0x00000000c0022209        0x1 
 .text          0x00000000c002220a      0x326 hal/sound/sndchannel.32
                0x00000000c002220a                SoundChannel::~SoundChannel()
                0x00000000c002220a                SoundChannel::~SoundChannel()
                0x00000000c0022226                SoundChannel::setSpeed(float)
                0x00000000c0022232                SoundChannel::getSpeed()
                0x00000000c002223a                SoundChannel::setVolume(int)
                0x00000000c0022256                SoundChannel::getVolume()
                0x00000000c002225e                SoundChannel::pause()
                0x00000000c0022268                SoundChannel::SoundChannel(int, int, int, int)
                0x00000000c0022268                SoundChannel::SoundChannel(int, int, int, int)
                0x00000000c00223be                SoundChannel::play()
                0x00000000c00223c8                SoundChannel::paused()
                0x00000000c00223d0                SoundChannel::getSampleRate()
                0x00000000c00223d8                SoundChannel::getBits()
                0x00000000c00223e0                SoundChannel::getBufferUsed()
                0x00000000c00223e8                SoundChannel::getBufferSize()
                0x00000000c00223f0                SoundChannel::unbuffer(float*, int, int)
                0x00000000c0022490                SoundChannel::buffer8(unsigned char*, int)
 .text          0x00000000c0022530      0x3d5 hal/sound/sndhw.32
                0x00000000c0022530                SoundDevice::SoundDevice(char const*)
                0x00000000c0022530                SoundDevice::SoundDevice(char const*)
                0x00000000c002259c                SoundDevice::~SoundDevice()
                0x00000000c002259c                SoundDevice::~SoundDevice()
                0x00000000c0022616                SoundDevice::~SoundDevice()
                0x00000000c0022640                SoundDevice::getFreeChannelNum()
                0x00000000c002265a                SoundDevice::addChannel(SoundChannel*)
                0x00000000c00226ca                SoundDevice::removeChannel(int)
                0x00000000c00226fc                SoundDevice::floatTo8(float*, unsigned char*, int)
                0x00000000c00227e4                SoundDevice::getAudio(int, float*, float*)
 .text          0x00000000c0022905        0x0 hw/bus/isa.32
 *fill*         0x00000000c0022905        0x1 
 .text          0x00000000c0022906      0x6c3 hw/bus/pci.32
                0x00000000c0022906                PCI::open(int, int, void*)
                0x00000000c002291a                PCI::close(int, int, void*)
                0x00000000c002291e                PCI::PCI()
                0x00000000c002291e                PCI::PCI()
                0x00000000c002299e                PCI::pciReadWord(unsigned char, unsigned char, unsigned char, unsigned char)
                0x00000000c00229e6                PCI::getVendorID(unsigned char, unsigned char, unsigned char)
                0x00000000c0022a08                PCI::getHeaderType(unsigned char, unsigned char, unsigned char)
                0x00000000c0022a2c                PCI::getClassCode(unsigned char, unsigned char, unsigned char)
                0x00000000c0022a70                PCI::getProgIF(unsigned char, unsigned char, unsigned char)
                0x00000000c0022a94                PCI::getRevisionID(unsigned char, unsigned char, unsigned char)
                0x00000000c0022ab6                PCI::getInterruptNumber(unsigned char, unsigned char, unsigned char)
                0x00000000c0022ad8                PCI::getSecondaryBus(unsigned char, unsigned char, unsigned char)
                0x00000000c0022afc                PCI::getBARAddress(unsigned char, unsigned char, unsigned char, unsigned char)
                0x00000000c0022b5c                PCI::pciWriteWord(unsigned char, unsigned char, unsigned char, unsigned char, unsigned short)
                0x00000000c0022bc8                PCI::checkBus(unsigned char)
                0x00000000c0022bec                PCI::foundDevice(PCIDeviceInfo)
                0x00000000c0022d5e                PCI::getDeviceData(unsigned char, unsigned char, unsigned char)
                0x00000000c0022f0a                PCI::checkDevice(unsigned char, unsigned char)
                0x00000000c0022f76                PCI::detect()
 *fill*         0x00000000c0022fc9        0x1 
 .text          0x00000000c0022fca      0xc70 hw/diskctrl/ide.32
                0x00000000c0022fca                IDE::close(int, int, void*)
                0x00000000c0022fce                IDE::IDE()
                0x00000000c0022fce                IDE::IDE()
                0x00000000c0023002                IDE::prepareInterrupt(unsigned char)
                0x00000000c0023014                selectDrive(unsigned char, unsigned char)
                0x00000000c0023016                IDE::getBase(unsigned char)
                0x00000000c0023028                IDE::write(unsigned char, unsigned char, unsigned char)
                0x00000000c00230e8                IDE::read(unsigned char, unsigned char)
                0x00000000c0023196                IDE::waitInterrupt(unsigned char)
                0x00000000c00231fc                ideChannel0IRQHandler(regs*, void*)
                0x00000000c0023218                ideChannel1IRQHandler(regs*, void*)
                0x00000000c0023234                IDE::enableIRQs(unsigned char, bool)
                0x00000000c002327a                IDE::open(int, int, void*)
                0x00000000c002368a                IDE::readBuffer(unsigned char, unsigned char, unsigned int, unsigned int)
                0x00000000c0023756                IDE::detect()
                0x00000000c0023a3e                IDE::printError(unsigned char, unsigned char, unsigned char)
                0x00000000c0023bd4                IDE::polling(unsigned char, unsigned int)
 .text          0x00000000c0023c3a      0x390 hw/diskctrl/satabus.32
                0x00000000c0023c3a                SATABus::close(int, int, void*)
                0x00000000c0023c3e                SATABus::detect()
                0x00000000c0023c40                SATABus::SATABus()
                0x00000000c0023c40                SATABus::SATABus()
                0x00000000c0023cec                SATABus::findCmdslot(SATABus::tagHBA_PORT volatile*)
                0x00000000c0023d34                SATABus::checkType(SATABus::tagHBA_PORT volatile*)
                0x00000000c0023d7c                SATABus::startCmd(SATABus::tagHBA_PORT volatile*)
                0x00000000c0023d9c                SATABus::stopCmd(SATABus::tagHBA_PORT volatile*)
                0x00000000c0023dc6                SATABus::portRebase(SATABus::tagHBA_PORT volatile*, int)
                0x00000000c0023ecc                SATABus::probePort(SATABus::tagHBA_MEM volatile*)
                0x00000000c0023faa                SATABus::open(int, int, void*)
 .text          0x00000000c0023fca      0x63c hw/diskphys/ata.32
                0x00000000c0023fca                ATA::close(int, int, void*)
                0x00000000c0023fee                ATA::powerSaving(PowerSavingLevel)
                0x00000000c0023ff0                ATA::ATA()
                0x00000000c0023ff0                ATA::ATA()
                0x00000000c002401e                ATA::flush(bool)
                0x00000000c0024068                ATA::readyForCommand()
                0x00000000c00240b8                ATA::access(unsigned long long, int, void*, bool)
                0x00000000c0024440                ATA::read(unsigned long long, int, void*)
                0x00000000c00244a8                ATA::write(unsigned long long, int, void*)
                0x00000000c0024510                ATA::detectCHS()
                0x00000000c002453a                ATA::open(int, int, void*)
 .text          0x00000000c0024606      0x5bd hw/diskphys/atapi.32
                0x00000000c0024606                ATAPI::write(unsigned long long, int, void*)
                0x00000000c002460c                ATAPI::close(int, int, void*)
                0x00000000c0024630                ATAPI::ATAPI()
                0x00000000c0024630                ATAPI::ATAPI()
                0x00000000c002465e                ATAPI::readyForCommand()
                0x00000000c00246ae                ATAPI::sendPacket(unsigned char*, int, bool, unsigned short*, int)
                0x00000000c002496e                ATAPI::diskRemoved()
                0x00000000c002498a                ATAPI::eject()
                0x00000000c00249d2                ATAPI::diskInserted()
                0x00000000c0024a00                ATAPI::detectMedia()
                0x00000000c0024abc                ATAPI::open(int, int, void*)
                0x00000000c0024b44                ATAPI::read(unsigned long long, int, void*)
 *fill*         0x00000000c0024bc3        0x1 
 .text          0x00000000c0024bc4      0x455 hw/diskphys/sata.32
                0x00000000c0024bc4                SATA::close(int, int, void*)
                0x00000000c0024be8                SATA::powerSaving(PowerSavingLevel)
                0x00000000c0024bea                SATA::open(int, int, void*)
                0x00000000c0024c98                SATA::SATA()
                0x00000000c0024c98                SATA::SATA()
                0x00000000c0024cc6                SATA::access(unsigned long long, int, void*, bool)
                0x00000000c0024f2c                SATA::read(unsigned long long, int, void*)
                0x00000000c0024f94                SATA::write(unsigned long long, int, void*)
 *fill*         0x00000000c0025019        0x1 
 .text          0x00000000c002501a      0x500 hw/diskphys/satapi.32
                0x00000000c002501a                SATAPI::write(unsigned long long, int, void*)
                0x00000000c0025020                SATAPI::close(int, int, void*)
                0x00000000c0025044                SATAPI::SATAPI()
                0x00000000c0025044                SATAPI::SATAPI()
                0x00000000c0025072                SATAPI::diskRemoved()
                0x00000000c002508e                SATAPI::diskInserted()
                0x00000000c00250bc                SATAPI::sendPacket(unsigned char*, int, unsigned long long, unsigned short*, int)
                0x00000000c00252c0                SATAPI::eject()
                0x00000000c0025308                SATAPI::detectMedia()
                0x00000000c00253ca                SATAPI::open(int, int, void*)
                0x00000000c0025478                SATAPI::read(unsigned long long, int, void*)
 .text          0x00000000c002551a       0x8e hw/fpu/avx.32
                0x00000000c002551a                AVX::open(int, int, void*)
                0x00000000c002552c                AVX::close(int, int, void*)
                0x00000000c002553e                AVX::available()
                0x00000000c0025550                AVX::save(void*)
                0x00000000c0025568                AVX::load(void*)
                0x00000000c0025580                AVX::AVX()
                0x00000000c0025580                AVX::AVX()
 .text          0x00000000c00255a8       0x90 hw/fpu/mmx.32
                0x00000000c00255a8                MMX::available()
                0x00000000c00255bc                MMX::open(int, int, void*)
                0x00000000c00255ce                MMX::close(int, int, void*)
                0x00000000c00255e0                MMX::save(void*)
                0x00000000c00255f8                MMX::load(void*)
                0x00000000c0025610                MMX::MMX()
                0x00000000c0025610                MMX::MMX()
 .text          0x00000000c0025638       0x96 hw/fpu/sse.32
                0x00000000c0025638                SSE::open(int, int, void*)
                0x00000000c002564a                SSE::close(int, int, void*)
                0x00000000c002565c                SSE::available()
                0x00000000c0025676                SSE::save(void*)
                0x00000000c002568e                SSE::load(void*)
                0x00000000c00256a6                SSE::SSE()
                0x00000000c00256a6                SSE::SSE()
 .text          0x00000000c00256ce       0x8e hw/fpu/x87.32
                0x00000000c00256ce                x87::open(int, int, void*)
                0x00000000c00256e0                x87::close(int, int, void*)
                0x00000000c00256f2                x87::available()
                0x00000000c0025704                x87::save(void*)
                0x00000000c002571c                x87::load(void*)
                0x00000000c0025734                x87::x87()
                0x00000000c0025734                x87::x87()
 .text          0x00000000c002575c      0x71e hw/intctrl/apic.32
                0x00000000c002575c                APIC::disable()
                0x00000000c002575e                APIC::close(int, int, void*)
                0x00000000c0025780                IOAPIC::close(int, int, void*)
                0x00000000c0025786                APIC::io_wait()
                0x00000000c002578c                APIC::getBase()
                0x00000000c00257ce                APIC::eoi(unsigned char)
                0x00000000c00257fc                APIC::open(int, int, void*)
                0x00000000c002594a                IOAPIC::IOAPIC()
                0x00000000c002594a                IOAPIC::IOAPIC()
                0x00000000c0025972                APIC::APIC()
                0x00000000c0025972                APIC::APIC()
                0x00000000c0025a4e                IOAPIC::handlesGSIWithNumber(unsigned int)
                0x00000000c0025a80                IOAPIC::read(int)
                0x00000000c0025aa8                IOAPIC::open(int, int, void*)
                0x00000000c0025b9e                IOAPIC::write(int, int)
                0x00000000c0025bca                IOAPIC::redirect(unsigned char, unsigned long long, unsigned char, bool, bool)
                0x00000000c0025cc4                APIC::installIRQHandler(int, void (*)(regs*, void*), bool, void*)
 .text          0x00000000c0025e7a      0x3d3 hw/intctrl/pic.32
                0x00000000c0025e7a                PIC::disable()
                0x00000000c0025ea8                PIC::close(int, int, void*)
                0x00000000c0025eca                PIC::PIC()
                0x00000000c0025eca                PIC::PIC()
                0x00000000c0025fa0                PIC::ioWait()
                0x00000000c0025fa6                PIC::getIRQReg(int)
                0x00000000c0026010                PIC::eoi(unsigned char)
                0x00000000c00260a2                PIC::remap()
                0x00000000c002620e                PIC::open(int, int, void*)
 *fill*         0x00000000c002624d        0x1 
 .text          0x00000000c002624e      0x25e hw/timer/apictimer.32
                0x00000000c002624e                APICTimer::close(int, int, void*)
                0x00000000c0026254                apicTimerHandler(regs*, void*)
                0x00000000c0026282                APICTimer::write(int)
                0x00000000c0026386                APICTimer::open(int, int, void*)
                0x00000000c0026484                APICTimer::APICTimer()
                0x00000000c0026484                APICTimer::APICTimer()
 .text          0x00000000c00264ac      0x1a7 hw/timer/pit.32
                0x00000000c00264ac                PIT::write(int)
                0x00000000c002652a                pitHandler(regs*, void*)
                0x00000000c0026556                PIT::open(int, int, void*)
                0x00000000c00265a4                PIT::close(int, int, void*)
                0x00000000c00265d4                PIT::PIT()
                0x00000000c00265d4                PIT::PIT()
 *fill*         0x00000000c0026653        0xd 
 .text          0x00000000c0026660       0x1e hw/fpu/x86/avx.32
                0x00000000c0026660                avxDetect
                0x00000000c0026666                avxSave
                0x00000000c0026667                avxLoad
                0x00000000c0026668                avxInit
                0x00000000c0026669                avxClose
                0x00000000c002666a                wouldSheSayYes
 *fill*         0x00000000c002667e        0x2 
 .text          0x00000000c0026680       0x35 hw/fpu/x86/sse.32
                0x00000000c0026680                absolutelyNoChanceInHell
                0x00000000c0026680                sseDetect
                0x00000000c0026698                sseSave
                0x00000000c002669e                sseLoad
                0x00000000c00266a4                sseInit
                0x00000000c00266b4                sseClose
 *fill*         0x00000000c00266b5        0xb 
 .text          0x00000000c00266c0       0x47 hw/fpu/x86/x87.32
                0x00000000c00266c6                x87Detect
                0x00000000c00266e1                x87Save
                0x00000000c00266e7                x87Load
                0x00000000c00266ec                x87Init
                0x00000000c0026706                x87Close
 *fill*         0x00000000c0026707        0x1 
 .text          0x00000000c0026708       0x25 /cygdrive/d/Users/Alex/Desktop/Toolchain/Output/bin/../lib/gcc/i386-banana/8.1.0/crtend.o
 .text          0x00000000c002672d        0x0 crtn.32
 *fill*         0x00000000c002672d        0x3 
 .text          0x00000000c0026730      0x14b /cygdrive/d/Users/Alex/Desktop/Toolchain/Output/bin/../lib/gcc/i386-banana/8.1.0/libkgcc.a(_divdi3.o)
                0x00000000c0026730                __divdi3
 *fill*         0x00000000c002687b        0x1 
 .text          0x00000000c002687c      0x17e /cygdrive/d/Users/Alex/Desktop/Toolchain/Output/bin/../lib/gcc/i386-banana/8.1.0/libkgcc.a(_moddi3.o)
                0x00000000c002687c                __moddi3
 *fill*         0x00000000c00269fa        0x2 
 .text          0x00000000c00269fc       0xff /cygdrive/d/Users/Alex/Desktop/Toolchain/Output/bin/../lib/gcc/i386-banana/8.1.0/libkgcc.a(_udivdi3.o)
                0x00000000c00269fc                __udivdi3
 *fill*         0x00000000c0026afb        0x1 
 .text          0x00000000c0026afc      0x11a /cygdrive/d/Users/Alex/Desktop/Toolchain/Output/bin/../lib/gcc/i386-banana/8.1.0/libkgcc.a(_umoddi3.o)
                0x00000000c0026afc                __umoddi3
 .text          0x00000000c0026c16      0x96d D:/Users/Alex/Desktop/Banana/kernel/libsoftfp.a(sfieeelib.o)
                0x00000000c0026c16                __addsf3
                0x00000000c0026f18                __subsf3
                0x00000000c0026f2c                __negsf2
                0x00000000c0026f39                __mulsf3
                0x00000000c00270fc                __divsf3
                0x00000000c0027327                __floatsisf
                0x00000000c002739b                __floatunsisf
                0x00000000c00273dd                __fixsfsi
                0x00000000c002743f                __fixunssfsi
                0x00000000c0027470                __cmpsf2