Archive member included to satisfy reference by file (symbol)

/cygdrive/d/Users/Alex/Desktop/Toolchain/Output/bin/../lib/gcc/i386-banana/8.1.0/libkgcc.a(_divdi3.o)
                              compat/resolve.32 (__divdi3)
/cygdrive/d/Users/Alex/Desktop/Toolchain/Output/bin/../lib/gcc/i386-banana/8.1.0/libkgcc.a(_moddi3.o)
                              compat/resolve.32 (__moddi3)
/cygdrive/d/Users/Alex/Desktop/Toolchain/Output/bin/../lib/gcc/i386-banana/8.1.0/libkgcc.a(_udivdi3.o)
                              compat/resolve.32 (__udivdi3)
/cygdrive/d/Users/Alex/Desktop/Toolchain/Output/bin/../lib/gcc/i386-banana/8.1.0/libkgcc.a(_umoddi3.o)
                              compat/resolve.32 (__umoddi3)

Allocating common symbols
Common symbol       size              file

dcache              0x40              fs/iso9660/iso9660.32
cdDriveLetter       0x1               fs/iso9660/iso9660.32
icache              0x40              fs/iso9660/iso9660.32

Discarded input sections

 .comment       0x0000000000000000       0x12 /cygdrive/d/Users/Alex/Desktop/Toolchain/Output/bin/../lib/gcc/i386-banana/8.1.0/crtbegin.o
 .comment       0x0000000000000000       0x12 acpica/utclib.32
 .comment       0x0000000000000000       0x12 core/malloc.32
 .comment       0x0000000000000000       0x12 libk/ctype.32
 .comment       0x0000000000000000       0x12 libk/string.32
 .comment       0x0000000000000000       0x12 fs/fat/diskio.32
 .comment       0x0000000000000000       0x12 fs/fat/ff.32
 .comment       0x0000000000000000       0x12 fs/fat/ffsystem.32
 .comment       0x0000000000000000       0x12 fs/fat/ffunicode.32
 .comment       0x0000000000000000       0x12 fs/iso9660/iso9660.32
 .comment       0x0000000000000000       0x12 compat/inlines.32
 .comment       0x0000000000000000       0x12 compat/resolve.32
 .group         0x0000000000000000       0x14 core/computer.32
 .group         0x0000000000000000        0xc core/computer.32
 .comment       0x0000000000000000       0x12 core/computer.32
 .comment       0x0000000000000000       0x12 core/gdt.32
 .group         0x0000000000000000        0xc core/idle.32
 .comment       0x0000000000000000       0x12 core/idle.32
 .comment       0x0000000000000000       0x12 core/idt.32
 .comment       0x0000000000000000       0x12 core/kheap.32
 .comment       0x0000000000000000       0x12 core/main.32
 .comment       0x0000000000000000       0x12 core/physmgr.32
 .group         0x0000000000000000        0xc core/pipe.32
 .comment       0x0000000000000000       0x12 core/pipe.32
 .group         0x0000000000000000        0xc core/terminal.32
 .comment       0x0000000000000000       0x12 core/terminal.32
 .comment       0x0000000000000000       0x12 core/tss.32
 .group         0x0000000000000000        0x8 core/unixfile.32
 .group         0x0000000000000000        0x8 core/unixfile.32
 .group         0x0000000000000000        0xc core/unixfile.32
 .group         0x0000000000000000        0x8 core/unixfile.32
 .group         0x0000000000000000        0xc core/unixfile.32
 .group         0x0000000000000000        0x8 core/unixfile.32
 .group         0x0000000000000000        0xc core/unixfile.32
 .group         0x0000000000000000        0xc core/unixfile.32
 .comment       0x0000000000000000       0x12 core/unixfile.32
 .comment       0x0000000000000000       0x12 core/virtmgr.32
 .comment       0x0000000000000000       0x12 coreobjs/c++.32
 .comment       0x0000000000000000       0x12 dbg/kconsole.32
 .group         0x0000000000000000        0xc fs/vfs.32
 .group         0x0000000000000000        0xc fs/vfs.32
 .group         0x0000000000000000        0xc fs/vfs.32
 .comment       0x0000000000000000       0x12 fs/vfs.32
 .group         0x0000000000000000        0xc hal/bus.32
 .comment       0x0000000000000000       0x12 hal/bus.32
 .comment       0x0000000000000000       0x12 hal/buzzer.32
 .group         0x0000000000000000        0xc hal/clock.32
 .comment       0x0000000000000000       0x12 hal/clock.32
 .group         0x0000000000000000       0x14 hal/device.32
 .group         0x0000000000000000        0xc hal/device.32
 .group         0x0000000000000000        0x8 hal/device.32
 .group         0x0000000000000000        0xc hal/device.32
 .group         0x0000000000000000        0xc hal/device.32
 .comment       0x0000000000000000       0x12 hal/device.32
 .group         0x0000000000000000        0xc hal/diskctrl.32
 .comment       0x0000000000000000       0x12 hal/diskctrl.32
 .group         0x0000000000000000        0xc hal/diskphys.32
 .comment       0x0000000000000000       0x12 hal/diskphys.32
 .comment       0x0000000000000000       0x12 hal/fpu.32
 .comment       0x0000000000000000       0x12 hal/intctrl.32
 .group         0x0000000000000000        0xc hal/keybrd.32
 .comment       0x0000000000000000       0x12 hal/keybrd.32
 .group         0x0000000000000000        0xc hal/logidisk.32
 .comment       0x0000000000000000       0x12 hal/logidisk.32
[...]
Memory Configuration

Name             Origin             Length             Attributes
*default*        0x0000000000000000 0xffffffffffffffff

Linker script and memory map

LOAD D:/Users/Alex/Desktop/Banana/kernel/boot.32
LOAD crti.32
LOAD /cygdrive/d/Users/Alex/Desktop/Toolchain/Output/bin/../lib/gcc/i386-banana/8.1.0/crtbegin.o
LOAD D:/Users/Alex/Desktop/Banana/kernel/morenasm.32
LOAD acpica/utclib.32
LOAD core/malloc.32
LOAD libk/ctype.32
LOAD libk/string.32
LOAD fs/fat/diskio.32
LOAD fs/fat/ff.32
LOAD fs/fat/ffsystem.32
LOAD fs/fat/ffunicode.32
LOAD fs/iso9660/iso9660.32
LOAD compat/inlines.32
LOAD compat/resolve.32
LOAD core/computer.32
LOAD core/gdt.32
LOAD core/idle.32
LOAD core/idt.32
LOAD core/kheap.32
LOAD core/main.32
LOAD core/physmgr.32
LOAD core/pipe.32
LOAD core/terminal.32
LOAD core/tss.32
LOAD core/unixfile.32
LOAD core/virtmgr.32
LOAD coreobjs/c++.32
LOAD dbg/kconsole.32
LOAD fs/vfs.32
LOAD hal/bus.32
LOAD hal/buzzer.32
LOAD hal/clock.32
LOAD hal/device.32
LOAD hal/diskctrl.32
LOAD hal/diskphys.32
LOAD hal/fpu.32
LOAD hal/intctrl.32
LOAD hal/keybrd.32
LOAD hal/logidisk.32
LOAD hal/mouse.32
LOAD hal/partition.32
LOAD hal/serial.32
LOAD hal/timer.32
LOAD hal/vcache.32
LOAD hal/video.32
LOAD hw/acpi.32
LOAD hw/cpu.32
LOAD krnl/env.32
LOAD krnl/panic.32
LOAD krnl/powctrl.32
LOAD reg/registry.32
LOAD sys/sc_eject.32
LOAD sys/sc_exit.32
LOAD sys/sc_getcwd.32
LOAD sys/sc_getpid.32
LOAD sys/sc_getramdata.32
LOAD sys/sc_getvgaptr.32
LOAD sys/sc_loaddll.32
LOAD sys/sc_read.32
LOAD sys/sc_sbrk.32
LOAD sys/sc_setcwd.32
LOAD sys/sc_settime.32
LOAD sys/sc_timezone.32
LOAD sys/sc_write.32
LOAD sys/sc_wsbe.32
LOAD sys/sc_yield.32
LOAD sys/syscalls.32
LOAD thr/elf.32
LOAD thr/prcssthr.32
LOAD vm86/vm8086.32
LOAD arch/i386/hal.32
LOAD arch/i386/pic.32
LOAD arch/i386/rtc.32
LOAD arch/i386/vga.32
LOAD fs/fat/vfslink.32
LOAD fs/iso9660/helper.32
LOAD fs/iso9660/vfslink.32
LOAD hal/sound/sndcard.32
LOAD hal/sound/sndport.32
LOAD hw/bus/isa.32
LOAD hw/bus/pci.32
LOAD hw/diskctrl/ide.32
LOAD hw/diskctrl/satabus.32
LOAD hw/diskphys/ata.32
LOAD hw/diskphys/atapi.32
LOAD hw/diskphys/sata.32
LOAD hw/diskphys/satapi.32
LOAD hw/intctrl/apic.32
LOAD hw/timer/apictimer.32
LOAD hw/timer/pit.32
LOAD arch/i386/avx.32
LOAD arch/i386/interrupt.32
LOAD arch/i386/rdrand.32
LOAD arch/i386/sse.32
LOAD arch/i386/x87.32
LOAD /cygdrive/d/Users/Alex/Desktop/Toolchain/Output/bin/../lib/gcc/i386-banana/8.1.0/crtend.o
LOAD crtn.32
LOAD /cygdrive/d/Users/Alex/Desktop/Toolchain/Output/bin/../lib/gcc/i386-banana/8.1.0/libkgcc.a
LOAD D:/Users/Alex/Desktop/Banana/kernel/libsoftfp.a
LOAD D:/Users/Alex/Desktop/Banana/kernel/libk/libm32.a
                0x00000000c0000000                . = 0xc0000000

.text           0x00000000c0000000    0x1c3ca
 *(.text)
 .text          0x00000000c0000000       0x41 D:/Users/Alex/Desktop/Banana/kernel/boot.32
                0x00000000c0000020                callGlobalConstructors
 .text          0x00000000c0000041        0x0 crti.32
 *fill*         0x00000000c0000041        0x3 
 .text          0x00000000c0000044      0x101 /cygdrive/d/Users/Alex/Desktop/Toolchain/Output/bin/../lib/gcc/i386-banana/8.1.0/crtbegin.o
 *fill*         0x00000000c0000145        0xb 
 .text          0x00000000c0000150      0x252 D:/Users/Alex/Desktop/Banana/kernel/morenasm.32
                0x00000000c0000150                manualPCIProbe
                0x00000000c000019b                prepareTramp
                0x00000000c00001b4                doTPAUSE
                0x00000000c00001be                hasLegacyFPU
                0x00000000c00001e3                is486
                0x00000000c0000219                detectCPUID
                0x00000000c000022f                goToVM86
                0x00000000c000025f                goToUsermode
                0x00000000c0000289                switchToThreadASMFirstTime
                0x00000000c0000297                switchToThreadASM
                0x00000000c000031f                asmQuickAcquireLock
                0x00000000c000033d                asmQuickReleaseLock
                0x00000000c0000349                asmAcquireLock
                0x00000000c000036a                asmReleaseLock
                0x00000000c000037d                loadGDT
                0x00000000c000039d                memcpy
 *fill*         0x00000000c00003a2        0xe 
 .text          0x00000000c00003b0      0x79e acpica/utclib.32
                0x00000000c00003b0                memcmp
                0x00000000c0000400                memmove
                0x00000000c00004f0                memset
                0x00000000c0000560                strlen
                0x00000000c0000590                strpbrk
                0x00000000c00005d0                strtok
                0x00000000c0000620                strcpy
                0x00000000c0000650                strncpy
                0x00000000c0000700                strcmp
                0x00000000c0000750                strchr
                0x00000000c0000780                strncmp
                0x00000000c00007e0                strcat
                0x00000000c0000810                strncat
                0x00000000c0000870                strstr
                0x00000000c00008d0                toupper
                0x00000000c00008f0                tolower
                0x00000000c0000910                simple_strtoul
 .text          0x00000000c0000b4e      0xfad core/malloc.32
                0x00000000c0000cb9                dlfree
                0x00000000c0001014                dlmalloc
                0x00000000c0001551                dlrealloc
                0x00000000c00016f4                dlmemalign
                0x00000000c0001817                dlcalloc
                0x00000000c00018b1                dlcfree
                0x00000000c00018b6                dlindependent_calloc
                0x00000000c00018db                dlindependent_comalloc
                0x00000000c00018f2                dlvalloc
                0x00000000c000191d                dlpvalloc
                0x00000000c0001953                dlmalloc_trim
                0x00000000c0001960                dlmalloc_usable_size
                0x00000000c0001991                dlmallinfo
                0x00000000c0001a60                dlmalloc_stats
                0x00000000c0001a71                dlmallopt
 *fill*         0x00000000c0001afb        0x1 
 .text          0x00000000c0001afc      0x1f2 libk/ctype.32
                0x00000000c0001afc                isblank
                0x00000000c0001b1c                iscntrl
                0x00000000c0001b3c                isdigit
                0x00000000c0001b58                islower
                0x00000000c0001b74                isspace
                0x00000000c0001b9c                isupper
                0x00000000c0001bb8                isalpha
                0x00000000c0001be8                isalnum
                0x00000000c0001c18                ispunct
                0x00000000c0001c58                isgraph
                0x00000000c0001c88                isprint
                0x00000000c0001cb0                isxdigit
 .text          0x00000000c0001cee        0x0 libk/string.32
 .text          0x00000000c0001cee       0x51 fs/fat/diskio.32
                0x00000000c0001cee                disk_status
                0x00000000c0001cf1                disk_initialize
                0x00000000c0001cf4                disk_read
                0x00000000c0001d0a                disk_write
                0x00000000c0001d20                disk_ioctl
 .text          0x00000000c0001d3f     0x3d4b fs/fat/ff.32
                0x00000000c0003adb                f_mount
                0x00000000c0003b3d                f_open
                0x00000000c0003e08                f_read
                0x00000000c0004007                f_write
                0x00000000c000423b                f_sync
                0x00000000c00042f0                f_close
                0x00000000c000431f                f_lseek
                0x00000000c00044c6                f_opendir
                0x00000000c0004591                f_closedir
                0x00000000c00045b3                f_readdir
                0x00000000c0004645                f_stat
                0x00000000c00046c4                f_getfree
                0x00000000c00047c6                f_truncate
                0x00000000c00048aa                f_unlink
                0x00000000c00049cc                f_mkdir
                0x00000000c0004b67                f_rename
                0x00000000c0004d1d                f_chmod
                0x00000000c0004dc6                f_utime
                0x00000000c0004e74                f_getlabel
                0x00000000c0004fc5                f_setlabel
                0x00000000c0005155                f_expand
                0x00000000c00052b5                f_mkfs
 *fill*         0x00000000c0005a8a        0x2 
 .text          0x00000000c0005a8c       0x2f fs/fat/ffsystem.32
                0x00000000c0005a8c                ff_memalloc
                0x00000000c0005aa4                ff_memfree
 *fill*         0x00000000c0005abb        0x1 
 .text          0x00000000c0005abc      0x2a8 fs/fat/ffunicode.32
                0x00000000c0005abc                ff_uni2oem
                0x00000000c0005b5c                ff_oem2uni
                0x00000000c0005bd4                ff_wtoupper
 .text          0x00000000c0005d64     0x1145 fs/iso9660/iso9660.32
                0x00000000c0006064                isoReadDiscSector
                0x00000000c0006145                strnicmp
                0x00000000c00064a8                stricmp
                0x00000000c0006502                iso_open
                0x00000000c00065e2                iso_close
                0x00000000c0006602                iso_read
                0x00000000c0006800                iso_seek
                0x00000000c00068de                iso_tell
                0x00000000c000693b                iso_total
                0x00000000c0006984                fn_postprocess
                0x00000000c00069b8                iso_readdir
                0x00000000c0006c82                iso_reset
                0x00000000c0006c92                init_percd
                0x00000000c0006d97                iso_ioctl
                0x00000000c0006da2                fs_iso9660_init
                0x00000000c0006e31                fs_iso9660_shutdown
 .text          0x00000000c0006ea9       0x94 compat/inlines.32
                0x00000000c0006ea9                CPU::current()
                0x00000000c0006eb5                operator new(unsigned long)
                0x00000000c0006eba                operator delete(void*)
                0x00000000c0006ebf                disableIRQs()
                0x00000000c0006ec1                enableIRQs()
                0x00000000c0006ec3                lockScheduler()
                0x00000000c0006ecb                unlockScheduler()
                0x00000000c0006eda                lockStuff()
                0x00000000c0006ee8                unlockStuff()
                0x00000000c0006f22                Virt::getAKernelVAS()
                0x00000000c0006f28                __not_memcpy
 *fill*         0x00000000c0006f3d        0x3 
 .text          0x00000000c0006f40      0x118 compat/resolve.32
                0x00000000c0006f40                Krnl::resolveCompatibilitySymbol(char*)
 .text          0x00000000c0007058      0x68b core/computer.32
                0x00000000c0007058                Computer::close(int, int, void*)
                0x00000000c000709d                Krnl::firstTask()
                0x00000000c00071d6                Computer::Computer()
                0x00000000c00071d6                Computer::Computer()
                0x00000000c0007288                Computer::setBootMessage(char const*)
                0x00000000c000728a                Computer::detectFeatures()
                0x00000000c0007494                Computer::displayFeatures()
                0x00000000c0007496                Computer::rdmsr(unsigned int)
                0x00000000c00074c2                Computer::wrmsr(unsigned int, unsigned long long)
                0x00000000c00074fa                Computer::shutdown()
                0x00000000c0007512                Computer::restart()
                0x00000000c000752a                Computer::sleep()
                0x00000000c000753e                Computer::nmiEnabled()
                0x00000000c000754a                Computer::readCMOS(unsigned char)
                0x00000000c0007564                Computer::enableNMI(bool)
                0x00000000c000757c                Computer::open(int, int, void*)
                0x00000000c0007650                Computer::disableNMI()
                0x00000000c0007660                Computer::writeCMOS(unsigned char, unsigned char)
                0x00000000c000767e                Computer::handleNMI()
 *fill*         0x00000000c00076e3        0x1 
 .text          0x00000000c00076e4      0x1cf core/gdt.32
                0x00000000c00076e4                GDTEntry::setBase(unsigned int)
                0x00000000c0007700                GDTEntry::setLimit(unsigned int)
                0x00000000c000771e                GDT::GDT()
                0x00000000c000771e                GDT::GDT()
                0x00000000c0007734                GDT::addEntry(GDTEntry)
                0x00000000c0007756                GDT::getNumberOfEntries()
                0x00000000c000775e                GDT::flush()
                0x00000000c0007780                GDT::setup()
 .text          0x00000000c00078b3       0x19 core/idle.32
                0x00000000c00078b3                idleFunction(void*)
 .text          0x00000000c00078cc      0x464 core/idt.32
                0x00000000c00078cc                IDTEntry::IDTEntry(bool)
                0x00000000c00078cc                IDTEntry::IDTEntry(bool)
                0x00000000c000793e                IDTEntry::setOffset(unsigned int)
                0x00000000c0007954                IDT::IDT()
                0x00000000c0007954                IDT::IDT()
                0x00000000c0007956                IDT::getPointerToInvalidOpcodeEntryForF00F()
                0x00000000c000795e                IDT::addEntry(IDTEntry, int)
                0x00000000c0007978                IDT::addEntry(int, void (*)(), bool)
                0x00000000c00079b0                IDT::flush()
                0x00000000c00079ca                IDT::setup()
 .text          0x00000000c0007d30      0x183 core/kheap.32
                0x00000000c0007d30                sbrk
                0x00000000c0007dc5                mmap
                0x00000000c0007ddb                munmap
                0x00000000c0007df1                liballoc_lock()
                0x00000000c0007dfe                liballoc_unlock()
                0x00000000c0007e12                liballoc_alloc(int)
                0x00000000c0007e2a                liballoc_free(void*, int)
                0x00000000c0007e45                realloc
                0x00000000c0007e59                malloc
                0x00000000c0007e69                free
                0x00000000c0007e79                rfree
                0x00000000c0007e89                calloc
 .text          0x00000000c0007eb3      0x1b4 core/main.32
                0x00000000c0007eb3                Krnl::setBootMessage(char const*)
                0x00000000c0007f1f                kernel_main
 .text          0x00000000c0008067      0x5dc core/physmgr.32
                0x00000000c0008067                Phys::allocateDMA(unsigned long)
                0x00000000c000813e                Phys::freeDMA(unsigned long, unsigned long)
                0x00000000c0008171                Phys::setPageState(unsigned long, bool)
                0x00000000c00081a3                Phys::getPageState(unsigned long)
                0x00000000c00081c4                Phys::freePage(unsigned long)
                0x00000000c0008226                Phys::allocatePage()
                0x00000000c00082e4                Phys::allocateContiguousPages(int)
                0x00000000c0008340                Phys::allowSegmentToBeUsed(unsigned long, unsigned long)
                0x00000000c0008378                Phys::physicalMemorySetup(unsigned int)
 *fill*         0x00000000c0008643        0x1 
 .text          0x00000000c0008644      0x273 core/pipe.32
                0x00000000c0008644                Pipe::isAtty()
                0x00000000c0008648                Pipe::~Pipe()
                0x00000000c0008648                Pipe::~Pipe()
                0x00000000c000866c                Pipe::~Pipe()
                0x00000000c0008694                Pipe::write(unsigned long long, void*, int*)
                0x00000000c0008754                Pipe::read(unsigned long long, void*, int*)
                0x00000000c0008850                Pipe::Pipe(int)
                0x00000000c0008850                Pipe::Pipe(int)
 *fill*         0x00000000c00088b7        0x1 
 .text          0x00000000c00088b8      0xa1e core/terminal.32
                0x00000000c00088b8                VgaText::isAtty()
                0x00000000c00088bc                VgaText::~VgaText()
                0x00000000c00088bc                VgaText::~VgaText()
                0x00000000c00088e0                VgaText::~VgaText()
                0x00000000c000890a                VgaText::read(unsigned long long, void*, int*)
                0x00000000c000892a                setTerminalScrollLock(bool)
                0x00000000c000892b                doTerminalCycle()
                0x00000000c000892c                addToTerminalCycle(VgaText*)
                0x00000000c000892d                scrollTerminalScrollLock(int)
                0x00000000c000892e                VgaText::updateTitle()
                0x00000000c0008930                VgaText::load()
                0x00000000c0008932                VgaText::updateCursor()
                0x00000000c0008948                VgaText::doANSI_SGR(int)
                0x00000000c00089bc                VgaText::setDefaultBgColour(VgaColour)
                0x00000000c00089cc                VgaText::setDefaultFgColour(VgaColour)
                0x00000000c00089dc                VgaText::setDefaultColours(VgaColour, VgaColour)
                0x00000000c00089fc                VgaText::setTitleTextColour(VgaColour)
                0x00000000c0008a08                VgaText::setTitleColour(VgaColour)
                0x00000000c0008a14                VgaText::setTitle(char*)
                0x00000000c0008a16                VgaText::combineColours(unsigned char, unsigned char)
                0x00000000c0008a28                VgaText::scrollScreen()
                0x00000000c0008ac0                VgaText::combineCharAndColour(char, unsigned char)
                0x00000000c0008ad2                VgaText::writeCharacter(char, VgaColour, VgaColour, int, int)
                0x00000000c0008b62                VgaText::getCursorX()
                0x00000000c0008b6a                VgaText::getCursorY()
                0x00000000c0008b72                VgaText::setCursor(int, int)
                0x00000000c0008b89                setActiveTerminal(VgaText*)
                0x00000000c0008bd4                VgaText::clearScreen()
                0x00000000c0008c22                VgaText::setCursorX(int)
                0x00000000c0008c3a                VgaText::setCursorY(int)
                0x00000000c0008c52                VgaText::incrementCursor(bool)
                0x00000000c0008ca6                VgaText::decrementCursor(bool)
                0x00000000c0008cc8                VgaText::putchar(char, VgaColour, VgaColour)
                0x00000000c0008d96                VgaText::putchar(char)
                0x00000000c0008e82                VgaText::putx(unsigned int)
                0x00000000c0008ec8                VgaText::puts(char const*)
                0x00000000c0008eee                VgaText::write(unsigned long long, void*, int*)
                0x00000000c0008f3a                VgaText::puts(char const*, VgaColour, VgaColour)
                0x00000000c000908c                VgaText::VgaText(char const*)
                0x00000000c000908c                VgaText::VgaText(char const*)
                0x00000000c00091d8                VgaText::receiveKey(unsigned char)
                0x00000000c00092b0                VgaText::doUpdate()
                0x00000000c00092b1                newTerminal(char*)
 *fill*         0x00000000c00092d6        0x2 
 .text          0x00000000c00092d8      0x1a1 core/tss.32
                0x00000000c00092d8                TSS::TSS()
                0x00000000c00092d8                TSS::TSS()
                0x00000000c00092e8                TSS::setESP(unsigned long)
                0x00000000c00092fc                TSS::flush()
                0x00000000c000931c                TSS::setup(unsigned long, unsigned long)
 *fill*         0x00000000c0009479        0x1 
 .text          0x00000000c000947a      0x4c2 core/unixfile.32
                0x00000000c000947a                ReservedFilename::read(unsigned long long, void*, int*)
                0x00000000c00094d0                ReservedFilename::isAtty()
                0x00000000c00094ec                ReservedFilename::write(unsigned long long, void*, int*)
                0x00000000c000954a                UnixFile::getFileDescriptor()
                0x00000000c0009552                UnixFile::UnixFile(int)
                0x00000000c0009552                UnixFile::UnixFile(int)
                0x00000000c0009702                ReservedFilename::ReservedFilename(int)
                0x00000000c0009702                ReservedFilename::ReservedFilename(int)
                0x00000000c0009734                UnixFile::~UnixFile()
                0x00000000c0009734                UnixFile::~UnixFile()
                0x00000000c00097cc                UnixFile::~UnixFile()
                0x00000000c00097f4                ReservedFilename::~ReservedFilename()
                0x00000000c00097f4                ReservedFilename::~ReservedFilename()
                0x00000000c0009818                ReservedFilename::~ReservedFilename()
                0x00000000c000983f                getFromFileDescriptor(int)
 .text          0x00000000c000993c     0x1166 core/virtmgr.32
                0x00000000c000993c                Virt::setPageState(unsigned long, Virt::VirtPageState)
                0x00000000c0009971                Virt::getPageState(unsigned long)
                0x00000000c0009995                Virt::allocateKernelVirtualPages(int)
                0x00000000c0009aa6                Virt::freeSwapfilePage(unsigned long)
                0x00000000c0009ac4                Virt::swapIDToSector(unsigned long)
                0x00000000c0009ad6                Virt::allocateSwapfilePage()
                0x00000000c0009b54                Virt::virtualMemorySetup()
                0x00000000c0009b9f                Virt::setupPageSwapping(int)
                0x00000000c0009c10                VAS::VAS()
                0x00000000c0009c10                VAS::VAS()
                0x00000000c0009c4c                VAS::VAS(VAS*)
                0x00000000c0009c4c                VAS::VAS(VAS*)
                0x00000000c0009c7a                VAS::getForeignPageTableEntry(bool, unsigned long)
                0x00000000c0009ca6                VAS::getPageTableEntry(unsigned long)
                0x00000000c0009cc5                Virt::freeKernelVirtualPages(unsigned long)
                0x00000000c0009dea                VAS::freeAllocatedPages(unsigned long)
                0x00000000c0009e0e                VAS::virtualToPhysical(unsigned long)
                0x00000000c0009e28                VAS::reflagRange(unsigned long, int, int, int)
                0x00000000c0009e68                VAS::setToWriteCombining(unsigned long, int)
                0x00000000c0009e9c                VAS::mapOtherVASIn(bool, VAS*)
                0x00000000c0009ec6                VAS::~VAS()
                0x00000000c0009ec6                VAS::~VAS()
                0x00000000c000a02a                VAS::mapPage(unsigned long, unsigned long, int)
                0x00000000c000a12e                VAS::allocatePages(int, int)
                0x00000000c000a306                VAS::setCPUSpecific(unsigned long)
                0x00000000c000a324                VAS::mapRange(unsigned long, unsigned long, int, int)
                0x00000000c000a3ea                VAS::mapForeignPage(bool, VAS*, unsigned long, unsigned long, int)
                0x00000000c000a4d8                VAS::VAS(bool)
                0x00000000c000a4d8                VAS::VAS(bool)
                0x00000000c000a758                VAS::evict(unsigned long)
                0x00000000c000a81a                VAS::tryLoadBackOffDisk(unsigned long)
                0x00000000c000a908                VAS::scanForEviction()
                0x00000000c000a9e8                mapVASFirstTime
 .text          0x00000000c000aaa2       0x5f coreobjs/c++.32
                0x00000000c000aaa2                __cxa_atexit
                0x00000000c000aaa5                __cxa_finalize
                0x00000000c000aaa6                __stack_chk_fail
                0x00000000c000aadc                __cxa_pure_virtual
                0x00000000c000aaed                operator new[](unsigned long)
                0x00000000c000aaf2                operator delete(void*, unsigned long)
                0x00000000c000aaf7                operator delete[](void*)
                0x00000000c000aafc                operator delete[](void*, unsigned long)
 .text          0x00000000c000ab01      0x21c dbg/kconsole.32
                0x00000000c000ab01                Dbg::stringifyxWithBase(unsigned int, char*, int)
                0x00000000c000ab6c                Dbg::logc(char)
                0x00000000c000ab8c                Dbg::logs(char*)
                0x00000000c000aba9                Dbg::logWriteInt(unsigned int)
                0x00000000c000abc7                Dbg::logWriteIntBase(unsigned int, int)
                0x00000000c000abe8                Dbg::kprintf(char const*, ...)
 *fill*         0x00000000c000ad1d        0x1 
 .text          0x00000000c000ad1e      0xc5c fs/vfs.32
                0x00000000c000ad1e                File::read(unsigned long long, void*, int*)
                0x00000000c000ad76                File::write(unsigned long long, void*, int*)
                0x00000000c000adce                Directory::read(unsigned long long, void*, int*)
                0x00000000c000ae26                Directory::write(unsigned long long, void*, int*)
                0x00000000c000ae54                File::isAtty()
                0x00000000c000ae58                Directory::isAtty()
                0x00000000c000ae5c                Filesystem::getlabel(LogicalDisk*, int, char*, unsigned int*)
                0x00000000c000ae62                Filesystem::setlabel(LogicalDisk*, int, char*)
                0x00000000c000ae68                Filesystem::allocateSwapfile(char const*, int)
                0x00000000c000ae6e                File::~File()
                0x00000000c000ae6e                File::~File()
                0x00000000c000ae92                File::~File()
                0x00000000c000aebc                Directory::~Directory()
                0x00000000c000aebc                Directory::~Directory()
                0x00000000c000aee0                Directory::~Directory()
                0x00000000c000af0a                Filesystem::Filesystem()
                0x00000000c000af0a                Filesystem::Filesystem()
                0x00000000c000af2e                Filesystem::~Filesystem()
                0x00000000c000af2e                Filesystem::~Filesystem()
                0x00000000c000af3c                Filesystem::~Filesystem()
                0x00000000c000af60                Fs::getcwd(Process*, char*, int)
                0x00000000c000af8a                Fs::initVFS()
                0x00000000c000afb4                Fs::standardiseFiles(char*, char const*, char const*)
                0x00000000c000b15e                File::File(char const*, Process*)
                0x00000000c000b15e                File::File(char const*, Process*)
                0x00000000c000b21e                File::open(FileOpenMode)
                0x00000000c000b27c                File::close()
                0x00000000c000b2dc                File::seek(unsigned long long)
                0x00000000c000b332                File::tell(unsigned long long*)
                0x00000000c000b382                File::rewind()
                0x00000000c000b396                File::unlink()
                0x00000000c000b3e2                File::rename(char const*)
                0x00000000c000b430                File::chfatattr(unsigned char, unsigned char)
                0x00000000c000b48c                File::exists()
                0x00000000c000b4ca                File::stat(unsigned long long*, bool*)
                0x00000000c000b52b                Fs::setcwd(Process*, char*)
                0x00000000c000b688                Directory::Directory(char const*, Process*)
                0x00000000c000b688                Directory::Directory(char const*, Process*)
                0x00000000c000b748                Directory::open()
                0x00000000c000b7a4                Directory::close()
                0x00000000c000b804                Directory::unlink()
                0x00000000c000b850                Directory::rename(char const*)
                0x00000000c000b89e                Directory::exists()
                0x00000000c000b8dc                Directory::read(dirent*)
                0x00000000c000b928                Directory::create()
                0x00000000c000b974                Filesystem::chfatattr(char const*, unsigned char, unsigned char)
 *fill*         0x00000000c000b97a        0x2 
 .text          0x00000000c000b97c       0x86 hal/bus.32
                0x00000000c000b97c                Bus::Bus(char const*)
                0x00000000c000b97c                Bus::Bus(char const*)
                0x00000000c000b9b4                Bus::~Bus()
                0x00000000c000b9b4                Bus::~Bus()
                0x00000000c000b9d8                Bus::~Bus()
 .text          0x00000000c000ba02       0x96 hal/buzzer.32
                0x00000000c000ba02                beepThread(void*)
                0x00000000c000ba3f                Krnl::beep(int, int, bool)
 .text          0x00000000c000ba98      0x46d hal/clock.32
                0x00000000c000ba98                User::loadClockSettings(int)
                0x00000000c000baea                Clock::Clock(char const*)
                0x00000000c000baea                Clock::Clock(char const*)
                0x00000000c000bb20                Clock::~Clock()
                0x00000000c000bb20                Clock::~Clock()
                0x00000000c000bb44                Clock::~Clock()
                0x00000000c000bb6e                Clock::timeInSecondsLocal()
                0x00000000c000bbb6                Clock::setTimeInSecondsLocal(unsigned long long)
                0x00000000c000bc0f                datetimeToSeconds(datetime_t)
                0x00000000c000bd3c                Clock::setTimeInDatetimeLocal(datetime_t)
                0x00000000c000bd9c                secondsToDatetime(unsigned long long)
                0x00000000c000bee0                Clock::timeInDatetimeLocal()
 *fill*         0x00000000c000bf05        0x1 
 .text          0x00000000c000bf06      0x464 hal/device.32
                0x00000000c000bf06                Device::hibernate()
                0x00000000c000bf08                Device::wake()
                0x00000000c000bf0a                Device::detect()
                0x00000000c000bf0c                Device::disableLegacy()
                0x00000000c000bf0e                Device::powerSaving(PowerSavingLevel)
                0x00000000c000bf10                DriverlessDevice::close(int, int, void*)
                0x00000000c000bf14                DriverlessDevice::detect()
                0x00000000c000bf16                DriverlessDevice::open(int, int, void*)
                0x00000000c000bf2a                Device::~Device()
                0x00000000c000bf2a                Device::~Device()
                0x00000000c000bf38                Device::~Device()
                0x00000000c000bf60                Device::findAndLoadDriver()
                0x00000000c000bf6e                Device::preOpenPCI(PCIDeviceInfo)
                0x00000000c000bf94                Device::preOpenACPI(void*, char*, char*)
                0x00000000c000bfd4                Device::addIRQHandler(int, void (*)(regs*, void*), bool, void*)
                0x00000000c000bffe                Device::getParent()
                0x00000000c000c00a                Device::removeIRQHandler(int, void (*)(regs*, void*), bool)
                0x00000000c000c028                Device::addChild(Device*)
                0x00000000c000c06c                Device::removeAllChildren()
                0x00000000c000c0b2                Device::hibernateAll()
                0x00000000c000c0e2                Device::wakeAll()
                0x00000000c000c112                Device::detectAll()
                0x00000000c000c142                Device::disableLegacyAll()
                0x00000000c000c144                Device::loadDriversForAll()
                0x00000000c000c146                Device::closeAll()
                0x00000000c000c17c                Device::powerSavingAll(PowerSavingLevel)
                0x00000000c000c1b2                Device::setName(char const*)
                0x00000000c000c1c0                Device::Device(char const*)
                0x00000000c000c1c0                Device::Device(char const*)
                0x00000000c000c2bc                Device::getName()
                0x00000000c000c2c6                DriverlessDevice::DriverlessDevice(char const*)
                0x00000000c000c2c6                DriverlessDevice::DriverlessDevice(char const*)
                0x00000000c000c2fc                Device::addToLinkedList(LinkedList<Device>&, DeviceType)
                0x00000000c000c340                getDevicesOfType(DeviceType)
 *fill*         0x00000000c000c36a        0x2 
 .text          0x00000000c000c36c       0x86 hal/diskctrl.32
                0x00000000c000c36c                HardDiskController::HardDiskController(char const*)
                0x00000000c000c36c                HardDiskController::HardDiskController(char const*)
                0x00000000c000c3a4                HardDiskController::~HardDiskController()
                0x00000000c000c3a4                HardDiskController::~HardDiskController()
                0x00000000c000c3c8                HardDiskController::~HardDiskController()
 .text          0x00000000c000c3f2       0xe2 hal/diskphys.32
                0x00000000c000c3f2                PhysicalDisk::eject()
                0x00000000c000c3f6                PhysicalDisk::PhysicalDisk(char const*, int)
                0x00000000c000c3f6                PhysicalDisk::PhysicalDisk(char const*, int)
                0x00000000c000c45e                PhysicalDisk::startCache()
                0x00000000c000c486                PhysicalDisk::~PhysicalDisk()
                0x00000000c000c486                PhysicalDisk::~PhysicalDisk()
                0x00000000c000c4aa                PhysicalDisk::~PhysicalDisk()
 .text          0x00000000c000c4d4        0x0 hal/fpu.32
 .text          0x00000000c000c4d4      0x35d hal/intctrl.32
                0x00000000c000c4d4                int_handler
                0x00000000c000c55c                installISRHandler(int, void (*)(regs*, void*), void*)
                0x00000000c000c5a4                installIRQHandler(int, void (*)(regs*, void*), bool, void*)
                0x00000000c000c6dc                uninstallISRHandler(int, void (*)(regs*, void*))
                0x00000000c000c710                uninstallIRQHandler(int, void (*)(regs*, void*), bool)
                0x00000000c000c78f                setupINTS()
                0x00000000c000c7ec                convertLegacyIRQNumber(int)
 *fill*         0x00000000c000c831        0x1 
 .text          0x00000000c000c832      0x78c hal/keybrd.32
                0x00000000c000c832                startGUI(void*)
                0x00000000c000c89e                startGUIVESA(void*)
                0x00000000c000c90a                sendKeyToTerminal(unsigned char)
                0x00000000c000c9cd                sendKeyboardToken(KeyboardToken)
                0x00000000c000ce0d                clearInternalKeybuffer(VgaText*)
                0x00000000c000ce42                readKeyboard(VgaText*, char*, unsigned long)
                0x00000000c000cf34                Keyboard::Keyboard(char const*)
                0x00000000c000cf34                Keyboard::Keyboard(char const*)
                0x00000000c000cf70                Keyboard::~Keyboard()
                0x00000000c000cf70                Keyboard::~Keyboard()
                0x00000000c000cf94                Keyboard::~Keyboard()
 .text          0x00000000c000cfbe      0x3ea hal/logidisk.32
                0x00000000c000cfbe                LogicalDisk::close(int, int, void*)
                0x00000000c000cfc2                LogicalDisk::~LogicalDisk()
                0x00000000c000cfc2                LogicalDisk::~LogicalDisk()
                0x00000000c000cfe6                LogicalDisk::~LogicalDisk()
                0x00000000c000d010                LogicalDisk::open(int, int, void*)
                0x00000000c000d024                LogicalDisk::absoluteToRelative(unsigned long long)
                0x00000000c000d05c                LogicalDisk::relativeToAbsolute(unsigned long long)
                0x00000000c000d0a2                LogicalDisk::LogicalDisk(char const*, PhysicalDisk*, unsigned long long, unsigned long long)
                0x00000000c000d0a2                LogicalDisk::LogicalDisk(char const*, PhysicalDisk*, unsigned long long, unsigned long long)
                0x00000000c000d158                LogicalDisk::assignDriveLetter()
                0x00000000c000d20e                LogicalDisk::mount()
                0x00000000c000d256                LogicalDisk::unmount()
                0x00000000c000d266                LogicalDisk::eject()
                0x00000000c000d27a                LogicalDisk::unassignDriveLetter()
                0x00000000c000d2d0                LogicalDisk::read(unsigned long long, int, void*)
                0x00000000c000d33c                LogicalDisk::write(unsigned long long, int, void*)
 .text          0x00000000c000d3a8       0x86 hal/mouse.32
                0x00000000c000d3a8                Mouse::Mouse(char const*)
                0x00000000c000d3a8                Mouse::Mouse(char const*)
                0x00000000c000d3e0                Mouse::~Mouse()
                0x00000000c000d3e0                Mouse::~Mouse()
                0x00000000c000d404                Mouse::~Mouse()
 .text          0x00000000c000d42e      0x339 hal/partition.32
                0x00000000c000d42e                makePartition(PhysicalDisk*, unsigned long long, unsigned long long)
                0x00000000c000d4d6                createPartitionsForDisk(PhysicalDisk*)
 *fill*         0x00000000c000d767        0x1 
 .text          0x00000000c000d768       0x86 hal/serial.32
                0x00000000c000d768                Serial::Serial(char const*)
                0x00000000c000d768                Serial::Serial(char const*)
                0x00000000c000d7a0                Serial::~Serial()
                0x00000000c000d7a0                Serial::~Serial()
                0x00000000c000d7c4                Serial::~Serial()
 *fill*         0x00000000c000d7ee        0x2 
 .text          0x00000000c000d7f0      0x234 hal/timer.32
                0x00000000c000d7f0                Timer::Timer(char const*)
                0x00000000c000d7f0                Timer::Timer(char const*)
                0x00000000c000d828                Timer::~Timer()
                0x00000000c000d828                Timer::~Timer()
                0x00000000c000d84c                Timer::~Timer()
                0x00000000c000d876                Timer::read()
                0x00000000c000d881                setupTimer(int)
                0x00000000c000d8bc                timerHandler(unsigned int)
 .text          0x00000000c000da24      0x3ee hal/vcache.32
                0x00000000c000da24                VCache::VCache(PhysicalDisk*)
                0x00000000c000da24                VCache::VCache(PhysicalDisk*)
                0x00000000c000db8c                VCache::invalidateReadBuffer()
                0x00000000c000db9c                VCache::writeWriteBuffer()
                0x00000000c000dbe8                VCache::~VCache()
                0x00000000c000dbe8                VCache::~VCache()
                0x00000000c000dc3c                VCache::~VCache()
                0x00000000c000dc64                VCache::write(unsigned long long, int, void*)
                0x00000000c000dd7a                VCache::read(unsigned long long, int, void*)
 .text          0x00000000c000de12      0x4b3 hal/video.32
                0x00000000c000de12                Video::putrect(int, int, int, int, unsigned int)
                0x00000000c000de5e                Video::bitblit(int, int, int, int, int, int, int, unsigned int*)
                0x00000000c000dece                Video::blit(unsigned int*, int, int, int, int)
                0x00000000c000df4c                Video::clearScreen(unsigned int)
                0x00000000c000df80                Video::putpixel(int, int, unsigned int)
                0x00000000c000df8e                Video::Video(char const*)
                0x00000000c000df8e                Video::Video(char const*)
                0x00000000c000dfc4                Video::~Video()
                0x00000000c000dfc4                Video::~Video()
                0x00000000c000dfe8                Video::~Video()
                0x00000000c000e012                Video::isMonochrome()
                0x00000000c000e01e                Video::getWidth()
                0x00000000c000e02a                Video::getHeight()
                0x00000000c000e036                Video::drawCursor(int, int, unsigned char*, int)
                0x00000000c000e0f2                Video::tgaParse(unsigned char*, int, int*, int*)
                0x00000000c000e25a                Video::putTGA(int, int, unsigned char*, int)
 *fill*         0x00000000c000e2c5        0x3 
 .text          0x00000000c000e2c8     0x1307 hw/acpi.32
                0x00000000c000e2c8                ACPI::close(int, int, void*)
                0x00000000c000e380                findRSDP()
                0x00000000c000e410                loadACPITables(unsigned char*)
                0x00000000c000e674                findRSDT(unsigned char*)
                0x00000000c000e7c4                findDataTable(unsigned char*, char*)
                0x00000000c000e83c                scanMADT()
                0x00000000c000ed10                ACPI::ACPI()
                0x00000000c000ed10                ACPI::ACPI()
                0x00000000c000ed64                ACPI::getPCIIRQAssignment(unsigned char, unsigned short, unsigned char)
                0x00000000c000ee4c                ACPI::registerPCIIRQAssignment(void*, unsigned short, unsigned char, unsigned char)
                0x00000000c000ef14                ACPI::setScreenBrightnessLevel(void*, int)
                0x00000000c000ef1c                ACPI::detectPCI()
                0x00000000c000f124                ACPI::writeSimpleBootFlag(SimpleBootFlagTable*)
                0x00000000c000f178                ACPI::sleep()
                0x00000000c000f194                ACPI::open(int, int, void*)
 *fill*         0x00000000c000f5cf        0x1 
 .text          0x00000000c000f5d0      0xb95 hw/cpu.32
                0x00000000c000f5d0                CPU::close(int, int, void*)
                0x00000000c000f5d4                CPU::AMD_K6_write_msr(unsigned int, unsigned int, unsigned int, CPU::REGS*)
                0x00000000c000f5f0                CPU::AMD_K6_read_msr(unsigned int, CPU::REGS*)
                0x00000000c000f608                CPU::AMD_K6_writeback(int, int, int)
                0x00000000c000f67c                CPU::cpuid(int, unsigned long*, unsigned long*, unsigned long*, unsigned long*)
                0x00000000c000f700                CPU::cpuidCheckEDX(unsigned int)
                0x00000000c000f72e                CPU::cpuidCheckECX(unsigned int)
                0x00000000c000f75c                CPU::cpuidCheckExtendedEBX(unsigned int)
                0x00000000c000f78a                CPU::cpuidCheckExtendedECX(unsigned int)
                0x00000000c000f7b8                CPU::CPU()
                0x00000000c000f7b8                CPU::CPU()
                0x00000000c000f846                CPU::displayFeatures()
                0x00000000c000f848                CPU::detectFeatures()
                0x00000000c000ff0c                CPU::setupSMEP()
                0x00000000c000ff18                CPU::setupUMIP()
                0x00000000c000ff22                CPU::setupTSC()
                0x00000000c000ff2c                CPU::setupLargePages()
                0x00000000c000ff36                CPU::setupPAT()
                0x00000000c000ff72                CPU::setupMTRR()
                0x00000000c000ff74                CPU::setupGlobalPages()
                0x00000000c000ff7e                CPU::allowUsermodeDataAccess()
                0x00000000c000ff90                CPU::prohibitUsermodeDataAccess()
                0x00000000c000ffa2                CPU::setupSMAP()
                0x00000000c000ffb0                CPU::setupFeatures()
                0x00000000c001007c                CPU::open(int, int, void*)
 *fill*         0x00000000c0010165        0x1 
 .text          0x00000000c0010166      0x581 krnl/env.32
                0x00000000c0010166                EnvVarContainer::getEnv(char const*)
                0x00000000c00101a4                EnvVarContainer::setEnv(char const*, char const*)
                0x00000000c0010266                EnvVarContainer::deleteEnv(char const*)
                0x00000000c0010268                EnvVarContainer::loadFrom(char const*, char const*)
                0x00000000c001044e                EnvVarContainer::__loadSystem()
                0x00000000c0010468                EnvVarContainer::__loadUser()
                0x00000000c001046a                EnvVarContainer::EnvVarContainer(Process*)
                0x00000000c001046a                EnvVarContainer::EnvVarContainer(Process*)
                0x00000000c001048c                EnvVarContainer::~EnvVarContainer()
                0x00000000c001048c                EnvVarContainer::~EnvVarContainer()
                0x00000000c00104bc                Krnl::getEnv(Process*, char const*)
                0x00000000c0010521                Krnl::setEnvSystem(char const*, char const*)
                0x00000000c001053b                Krnl::setEnvUser(char const*, char const*)
                0x00000000c001055a                Krnl::setEnvProcess(Process*, char const*, char const*)
                0x00000000c001056d                Krnl::deleteEnvSystem(char const*)
                0x00000000c001056e                Krnl::deleteEnvUser(char const*)
                0x00000000c001056f                Krnl::deleteEnvProcess(Process*, char const*)
                0x00000000c0010570                Krnl::newProcessEnv(Process*)
                0x00000000c0010592                Krnl::copyProcessEnv(Process*, Process*)
                0x00000000c00105de                Krnl::loadSystemEnv()
                0x00000000c001060c                Krnl::loadUserEnv()
                0x00000000c0010632                Krnl::flushEnv()
                0x00000000c0010633                Krnl::getProcessTotalEnvCount(Process*)
                0x00000000c0010653                Krnl::getProcessEnvPair(Process*, int)
 .text          0x00000000c00106e7      0x108 krnl/panic.32
                0x00000000c00106e7                Krnl::panic(char const*)
 .text          0x00000000c00107ef      0x142 krnl/powctrl.32
                0x00000000c00107ef                Krnl::powerThread(void*)
                0x00000000c001081d                Krnl::changePowerSettings(Krnl::PowerSettings)
                0x00000000c0010833                Krnl::userIOReceived()
                0x00000000c001083e                Krnl::handlePowerButton()
                0x00000000c0010873                Krnl::handleSleepButton()
                0x00000000c00108a8                Krnl::setupPowerManager()
 .text          0x00000000c0010931      0x50e reg/registry.32
                0x00000000c0010931                Reg::findLineFromLoadedData(char*, char*, char*)
                0x00000000c0010a89                Reg::getLineFromRegistry(char*, char*, char*, char*)
                0x00000000c0010bde                Reg::getLine(char*, char*, char*)
                0x00000000c0010c15                Reg::readInt(char*, char*, int*)
                0x00000000c0010d00                Reg::readString(char*, char*, char*, int)
                0x00000000c0010d81                Reg::readBool(char*, char*, bool*)
                0x00000000c0010da6                Reg::readBoolWithDefault(char*, char*, bool)
                0x00000000c0010dd2                Reg::readIntWithDefault(char*, char*, int)
                0x00000000c0010dfe                Reg::readStringWithDefault(char*, char*, char*, int, char*)
 .text          0x00000000c0010e3f       0x36 sys/sc_eject.32
                0x00000000c0010e3f                Sys::eject(regs*)
 .text          0x00000000c0010e75       0x18 sys/sc_exit.32
                0x00000000c0010e75                Sys::exit(regs*)
 .text          0x00000000c0010e8d       0x1f sys/sc_getcwd.32
                0x00000000c0010e8d                Sys::getCwd(regs*)
 .text          0x00000000c0010eac        0xc sys/sc_getpid.32
                0x00000000c0010eac                Sys::getPID(regs*)
 .text          0x00000000c0010eb8       0x1a sys/sc_getramdata.32
                0x00000000c0010eb8                Sys::getRAMData(regs*)
 .text          0x00000000c0010ed2       0x82 sys/sc_getvgaptr.32
                0x00000000c0010ed2                Sys::getVGAPtr(regs*)
 .text          0x00000000c0010f54       0xa8 sys/sc_loaddll.32
                0x00000000c0010f54                Sys::loadDLL(regs*)
 .text          0x00000000c0010ffc       0x68 sys/sc_read.32
                0x00000000c0010ffc                Sys::read(regs*)
 .text          0x00000000c0011064       0x55 sys/sc_sbrk.32
                0x00000000c0011064                Sys::sbrk(regs*)
 .text          0x00000000c00110b9       0x1c sys/sc_setcwd.32
                0x00000000c00110b9                Sys::setCwd(regs*)
 .text          0x00000000c00110d5       0x95 sys/sc_settime.32
                0x00000000c00110d5                Sys::setTime(regs*)
 .text          0x00000000c001116a       0x4a sys/sc_timezone.32
                0x00000000c001116a                Sys::timezone(regs*)
 .text          0x00000000c00111b4       0x68 sys/sc_write.32
                0x00000000c00111b4                Sys::write(regs*)
 .text          0x00000000c001121c       0x62 sys/sc_wsbe.32
                0x00000000c001121c                Sys::wsbe(regs*)
 .text          0x00000000c001127e       0x25 sys/sc_yield.32
                0x00000000c001127e                Sys::yield(regs*)
 .text          0x00000000c00112a3      0xe2c sys/syscalls.32
                0x00000000c00112a3                sysCallSeekDir(regs*)
                0x00000000c00112a8                sysCallTellDir(regs*)
                0x00000000c00112ad                sysCallVerify(regs*)
                0x00000000c00112b7                sysCallGetArgc(regs*)
                0x00000000c00112c7                sysCallTTYName(regs*)
                0x00000000c00112cf                sysFormatDisk(regs*)
                0x00000000c001133c                sysSetDiskVolumeLabel(regs*)
                0x00000000c0011386                sysGetDiskVolumeLabel(regs*)
                0x00000000c00113db                sysShutdown(regs*)
                0x00000000c0011439                sysCallRealpath(regs*)
                0x00000000c001147c                sysCallReadDir(regs*)
                0x00000000c00114fc                sysCallIsATTY(regs*)
                0x00000000c0011558                sysCallSeek(regs*)
                0x00000000c00115b1                sysCallTell(regs*)
                0x00000000c0011620                sysCallSize(regs*)
                0x00000000c0011695                sysCallSizeFromFilename(regs*)
                0x00000000c0011748                sysCallClose(regs*)
                0x00000000c00117a8                sysCallOpenDir(regs*)
                0x00000000c001181f                sysCallCloseDir(regs*)
                0x00000000c0011873                sysCallMakeDir(regs*)
                0x00000000c00118e5                sysCallWait(regs*)
                0x00000000c0011902                sysCallNotImpl(regs*)
                0x00000000c001191d                sysPanic(regs*)
                0x00000000c0011938                sysCallRmdir(regs*)
                0x00000000c001199f                sysCallUnlink(regs*)
                0x00000000c0011a06                sysCallGetArgv(regs*)
                0x00000000c0011a53                sysCallUSleep(regs*)
                0x00000000c0011a7c                sysCallSpawn(regs*)
                0x00000000c0011ae5                sysCallGetEnv(regs*)
                0x00000000c0011b94                sysSetFatAttrib(regs*)
                0x00000000c0011c0b                sysPipe(regs*)
                0x00000000c0011c50                sysGetUnixTime(regs*)
                0x00000000c0011c64                string_ends_with(char const*, char const*)
                0x00000000c0011cae                sysCallOpen(regs*)
                0x00000000c0011ea2                Sys::loadSyscalls()
                0x00000000c001208d                Sys::systemCall(regs*, void*)
 .text          0x00000000c00120cf     0x11e5 thr/elf.32
                0x00000000c00120cf                Thr::allocateMemoryForTask(Process*, File*, unsigned long, unsigned long, unsigned long)
                0x00000000c001235b                Thr::loadProgramIntoMemory(Process*, char const*)
                0x00000000c0012571                Thr::runtimeReferenceHelper()
                0x00000000c0012584                Thr::getAddressOfKernelSymbol(char const*)
                0x00000000c00125d3                Thr::loadKernelSymbolTable(char const*)
                0x00000000c0012891                Thr::loadDriverIntoMemory(char const*, unsigned long, bool)
                0x00000000c0012fc7                Thr::getDriverBaseFromAddress(unsigned long)
                0x00000000c0012ff9                Thr::getDriverNameFromAddress(unsigned long)
                0x00000000c0013030                Thr::getDriverOffsetFromAddress(unsigned long)
                0x00000000c001304a                Thr::loadDLL(char const*, bool)
                0x00000000c001327b                Thr::executeDLL(unsigned long, void*)
 .text          0x00000000c00132b4     0x12c5 thr/prcssthr.32
                0x00000000c00132b4                userModeEntryPoint(void*)
                0x00000000c00132dc                changeTSS
                0x00000000c001330c                switchToThread(ThreadControlBlock*)
                0x00000000c00133c0                Process::addArgs(char**)
                0x00000000c0013420                Process::Process(char const*, Process*, char**)
                0x00000000c0013420                Process::Process(char const*, Process*, char**)
                0x00000000c0013610                Process::Process(bool, char const*, Process*, char**)
                0x00000000c0013610                Process::Process(bool, char const*, Process*, char**)
                0x00000000c00137cc                taskStartupFunction
                0x00000000c00137d8                Semaphore::Semaphore(int)
                0x00000000c00137d8                Semaphore::Semaphore(int)
                0x00000000c0013808                Mutex::Mutex()
                0x00000000c0013808                Mutex::Mutex()
                0x00000000c001381c                Process::createThread(void (*)(void*), void*, int)
                0x00000000c0013914                Process::createUserThread()
                0x00000000c0013934                setupMultitasking(void (*)())
                0x00000000c0013a3c                schedule()
                0x00000000c0013acc                Semaphore::tryAcquire()
                0x00000000c0013b98                Semaphore::assertLocked(char const*)
                0x00000000c0013c10                blockTaskWithSchedulerLockAlreadyHeld(TaskState)
                0x00000000c0013c38                blockTask(TaskState)
                0x00000000c0013c68                waitTask(int, int*, int)
                0x00000000c0013cac                milliTenthSleepUntil(unsigned int)
                0x00000000c0013d3c                milliTenthSleep(unsigned int)
                0x00000000c0013d4c                sleep(unsigned int)
                0x00000000c0013d68                Semaphore::acquire()
                0x00000000c0013e24                taskReturned
                0x00000000c0013e60                Thr::processFromPID(int)
                0x00000000c0013f00                unblockTask(ThreadControlBlock*)
                0x00000000c0013fa4                cleanupTerminatedTask(ThreadControlBlock*)
                0x00000000c0014270                cleanerTaskFunction(void*)
                0x00000000c0014360                terminateTask(int)
                0x00000000c001442c                Thr::terminateFromIRQ(int)
                0x00000000c001443c                Semaphore::release()
 .text          0x00000000c0014579      0xb93 vm86/vm8086.32
                0x00000000c0014579                Vm::inbv(unsigned short)
                0x00000000c001458c                Vm::outbv(unsigned short, unsigned char)
                0x00000000c00145c2                Vm::realToLinear(unsigned short, unsigned short)
                0x00000000c00145d2                Vm::getSegment(unsigned int)
                0x00000000c00145da                Vm::getOffset(unsigned int)
                0x00000000c00145df                Vm::mainloop2()
                0x00000000c0014619                Vm::mainVm8086Loop(void*)
                0x00000000c0014629                Vm::mainloop3(unsigned long)
                0x00000000c001464f                Vm::initialise8086()
                0x00000000c0014692                Vm::finish8086()
                0x00000000c00146f3                Vm::getOutput8086(unsigned char*)
                0x00000000c0014718                Vm::start8086FromBuffer(unsigned char*, int, unsigned short, unsigned short, unsigned short, unsigned short)
                0x00000000c00147d1                Vm::start8086(char const*, unsigned short, unsigned short, unsigned short, unsigned short)
                0x00000000c0014939                Vm::doISR(regs*, int, unsigned char*, unsigned short, unsigned short)
                0x00000000c00149c3                Vm::readByteFromReal(unsigned short, unsigned short)
                0x00000000c00149d4                Vm::readWordFromReal(unsigned short, unsigned short)
                0x00000000c00149e6                Vm::readDwordFromReal(unsigned short, unsigned short)
                0x00000000c00149f7                Vm::writeByteFromReal(unsigned short, unsigned short, unsigned char)
                0x00000000c0014a0c                Vm::writeWordFromReal(unsigned short, unsigned short, unsigned short)
                0x00000000c0014a22                Vm::writeDwordFromReal(unsigned short, unsigned short, unsigned int)
                0x00000000c0014a37                Vm::faultHandler(regs*)
 .text          0x00000000c001510c      0x8e9 arch/i386/hal.32
                0x00000000c001510c                noCopro(unsigned long)
                0x00000000c001510d                nmiHandler(regs*, void*)
                0x00000000c0015126                doubleFault(regs*, void*)
                0x00000000c001513f                displayDebugInfo(regs*)
                0x00000000c0015460                displayProgramFault(char const*)
                0x00000000c00154ac                gpFault(regs*, void*)
                0x00000000c0015511                pgFault(regs*, void*)
                0x00000000c0015597                otherISRHandler(regs*, void*)
                0x00000000c00155cb                opcodeFault(regs*, void*)
                0x00000000c001564b                i386SaveCoprocessor(void*)
                0x00000000c001565f                i386LoadCoprocessor(void*)
                0x00000000c0015673                x87EmulHandler(regs*, void*)
                0x00000000c0015710                HalInitialiseCoprocessor()
                0x00000000c00157be                HalPanic(char const*)
                0x00000000c00157c3                HalQueryPerformanceCounter()
                0x00000000c00157de                HalInitialise()
                0x00000000c0015984                HalMakeBeep(int)
                0x00000000c00159be                HalGetRand()
                0x00000000c00159c1                HalEndOfInterrupt(int)
                0x00000000c00159f2                HalRestart()
                0x00000000c00159f3                HalShutdown()
                0x00000000c00159f4                HalSleep()
 *fill*         0x00000000c00159f5        0x3 
 .text          0x00000000c00159f8      0x2f4 arch/i386/pic.32
                0x00000000c00159f8                picIoWait()
                0x00000000c0015a00                picDisable()
                0x00000000c0015a34                picGetIRQReg(int)
                0x00000000c0015ab8                picOpen()
                0x00000000c0015c48                picEOI(int)
 .text          0x00000000c0015cec      0x64d arch/i386/rtc.32
                0x00000000c0015cec                RTC::open(int, int, void*)
                0x00000000c0015cf0                RTC::close(int, int, void*)
                0x00000000c0015cf4                RTC::timeInSecondsUTC()
                0x00000000c0015d06                RTC::timeInDatetimeUTC()
                0x00000000c0015d2c                RTC::setTimeInSecondsUTC(unsigned long long)
                0x00000000c0015d6a                RTC::~RTC()
                0x00000000c0015d6a                RTC::~RTC()
                0x00000000c0015d8e                RTC::~RTC()
                0x00000000c0015db8                RTC::get_update_in_progress_flag()
                0x00000000c0015dd0                RTC::completeRTCRefresh()
                0x00000000c0016088                RTC::setTimeInDatetimeUTC(datetime_t)
                0x00000000c001623b                rtcIRQHandler(regs*, void*)
                0x00000000c0016280                RTC::RTC()
                0x00000000c0016280                RTC::RTC()
 *fill*         0x00000000c0016339        0x3 
 .text          0x00000000c001633c      0x203 arch/i386/vga.32
                0x00000000c001633c                HalConsoleScroll(int, int)
                0x00000000c0016444                HalConsoleWriteCharacter(char, int, int, int, int)
                0x00000000c00164b0                HalConsoleCursorUpdate(int, int)
 *fill*         0x00000000c001653f        0x1 
 .text          0x00000000c0016540     0x13e7 fs/fat/vfslink.32
                0x00000000c0016540                FAT::getName()
                0x00000000c0016548                FAT::tell(void*, unsigned long long*)
                0x00000000c0016584                FAT::stat(void*, unsigned long long*)
                0x00000000c00165c0                FAT::~FAT()
                0x00000000c00165c0                FAT::~FAT()
                0x00000000c00165e4                FAT::~FAT()
                0x00000000c001660c                FAT::getlabel(LogicalDisk*, int, char*, unsigned int*)
                0x00000000c00166b0                FAT::setlabel(LogicalDisk*, int, char*)
                0x00000000c0016774                FAT::format(LogicalDisk*, int, char const*, int)
                0x00000000c0016948                FAT::tryMount(LogicalDisk*, int)
                0x00000000c0016b60                FAT::allocateSwapfile(char const*, int)
                0x00000000c0016d20                FAT::readDir(void*, unsigned long, void*, int*)
                0x00000000c0016e8c                FAT::read(void*, unsigned long, void*, int*)
                0x00000000c0016eec                FAT::write(void*, unsigned long, void*, int*)
                0x00000000c0016f4c                FAT::close(void*)
                0x00000000c0016fa0                FAT::closeDir(void*)
                0x00000000c0016ff4                FAT::seek(void*, unsigned long long)
                0x00000000c001704c                fatWrapperReadDisk
                0x00000000c0017090                fatWrapperWriteDisk
                0x00000000c00170d4                fatWrapperIoctl
                0x00000000c00171f0                FAT::FAT()
                0x00000000c00171f0                FAT::FAT()
                0x00000000c0017244                FAT::fixFilepath(char*)
                0x00000000c0017280                FAT::open(char const*, void**, FileOpenMode)
                0x00000000c00173b8                FAT::openDir(char const*, void**)
                0x00000000c0017468                FAT::stat(char const*, unsigned long long*, bool*)
                0x00000000c0017560                FAT::unlink(char const*)
                0x00000000c00175e0                FAT::chfatattr(char const*, unsigned char, unsigned char)
                0x00000000c001776c                FAT::rename(char const*, char const*)
                0x00000000c0017838                FAT::mkdir(char const*)
                0x00000000c00178b8                FAT::exists(char const*)
 *fill*         0x00000000c0017927        0x1 
 .text          0x00000000c0017928       0x5c fs/iso9660/helper.32
                0x00000000c0017928                isoReadDiscSectorHelper
 .text          0x00000000c0017984      0x58c fs/iso9660/vfslink.32
                0x00000000c0017984                ISO9660::format(LogicalDisk*, int, char const*, int)
                0x00000000c001798a                ISO9660::getName()
                0x00000000c0017990                ISO9660::closeDir(void*)
                0x00000000c001799a                ISO9660::chfatattr(char const*, unsigned char, unsigned char)
                0x00000000c00179a0                ISO9660::unlink(char const*)
                0x00000000c00179a6                ISO9660::write(void*, unsigned long, void*, int*)
                0x00000000c00179ac                ISO9660::rename(char const*, char const*)
                0x00000000c00179b2                ISO9660::mkdir(char const*)
                0x00000000c00179b8                ISO9660::~ISO9660()
                0x00000000c00179b8                ISO9660::~ISO9660()
                0x00000000c00179dc                ISO9660::~ISO9660()
                0x00000000c0017a04                ISO9660::exists(char const*)
                0x00000000c0017a18                ISO9660::open(char const*, void**, FileOpenMode)
                0x00000000c0017aa4                ISO9660::openDir(char const*, void**)
                0x00000000c0017b24                ISO9660::read(void*, unsigned long, void*, int*)
                0x00000000c0017b64                ISO9660::seek(void*, unsigned long long)
                0x00000000c0017b9c                ISO9660::tell(void*, unsigned long long*)
                0x00000000c0017bd2                ISO9660::stat(void*, unsigned long long*)
                0x00000000c0017c0c                ISO9660::stat(char const*, unsigned long long*, bool*)
                0x00000000c0017cf8                ISO9660::close(void*)
                0x00000000c0017d1e                ISO9660::readDir(void*, unsigned long, void*, int*)
                0x00000000c0017deb                readSectorFromCDROM(unsigned int, unsigned char*, char)
                0x00000000c0017e76                ISO9660::tryMount(LogicalDisk*, int)
                0x00000000c0017ee8                ISO9660::ISO9660()
                0x00000000c0017ee8                ISO9660::ISO9660()
 .text          0x00000000c0017f10      0x26c hal/sound/sndcard.32
                0x00000000c0017f10                SoundCard::beginPlayback()
                0x00000000c0017f1e                SoundCard::stopPlayback()
                0x00000000c0017f2c                SoundCard::SoundCard(char const*)
                0x00000000c0017f2c                SoundCard::SoundCard(char const*)
                0x00000000c0017fca                SoundCard::~SoundCard()
                0x00000000c0017fca                SoundCard::~SoundCard()
                0x00000000c0017fee                SoundCard::~SoundCard()
                0x00000000c0018018                SoundCard::configureRates(int, int, int)
                0x00000000c0018048                SoundCard::getSamples16(int, short*)
                0x00000000c00180a4                SoundCard::getSamples32(int, int*)
                0x00000000c001812a                SoundCard::addChannel(SoundPort*)
                0x00000000c0018168                SoundCard::removeChannel(int)
 .text          0x00000000c001817c      0x377 hal/sound/sndport.32
                0x00000000c001817c                SoundPort::SoundPort(int, int, int, int)
                0x00000000c001817c                SoundPort::SoundPort(int, int, int, int)
                0x00000000c0018208                SoundPort::~SoundPort()
                0x00000000c0018208                SoundPort::~SoundPort()
                0x00000000c001823c                SoundPort::unpause()
                0x00000000c0018248                SoundPort::pause()
                0x00000000c0018254                SoundPort::getBufferUsed()
                0x00000000c001825c                SoundPort::getBufferSize()
                0x00000000c0018264                SoundPort::buffer16(short*, int)
                0x00000000c00182f0                SoundPort::buffer32(int*, int)
                0x00000000c0018378                SoundPort::unbufferAndAdd16(int, short*, SoundCard*)
                0x00000000c001843c                SoundPort::unbufferAndAdd32(int, int*, SoundCard*)
 .text          0x00000000c00184f3        0x0 hw/bus/isa.32
 *fill*         0x00000000c00184f3        0x1 
 .text          0x00000000c00184f4      0xb49 hw/bus/pci.32
                0x00000000c00184f4                PCI::open(int, int, void*)
                0x00000000c0018512                PCI::close(int, int, void*)
                0x00000000c0018516                PCI::PCI()
                0x00000000c0018516                PCI::PCI()
                0x00000000c00185b0                PCI::readBAR8(unsigned int, int)
                0x00000000c00185cc                PCI::readBAR16(unsigned int, int)
                0x00000000c00185ea                PCI::readBAR32(unsigned int, int)
                0x00000000c0018606                PCI::writeBAR8(unsigned int, unsigned char, int)
                0x00000000c0018626                PCI::writeBAR16(unsigned int, unsigned short, int)
                0x00000000c0018648                PCI::writeBAR32(unsigned int, unsigned int, int)
                0x00000000c0018668                PCI::legacyMechanism(unsigned char, unsigned char, unsigned char, unsigned char)
                0x00000000c00186d6                PCI::pciReadWord(unsigned char, unsigned char, unsigned char, unsigned char)
                0x00000000c001877e                PCI::getVendorID(unsigned char, unsigned char, unsigned char)
                0x00000000c00187a2                PCI::getHeaderType(unsigned char, unsigned char, unsigned char)
                0x00000000c00187ca                PCI::getClassCode(unsigned char, unsigned char, unsigned char)
                0x00000000c0018814                PCI::getProgIF(unsigned char, unsigned char, unsigned char)
                0x00000000c001883c                PCI::getRevisionID(unsigned char, unsigned char, unsigned char)
                0x00000000c0018860                PCI::getInterruptNumber(unsigned char, unsigned char, unsigned char)
                0x00000000c0018884                PCI::getSecondaryBus(unsigned char, unsigned char, unsigned char)
                0x00000000c00188ac                PCI::getBARAddress(unsigned char, unsigned char, unsigned char, unsigned char)
                0x00000000c0018910                PCI::pciWriteWord(unsigned char, unsigned char, unsigned char, unsigned char, unsigned short)
                0x00000000c00189f8                PCI::pciDetailsToFilepath(PCIDeviceInfo, char*)
                0x00000000c0018c72                PCI::checkBus(unsigned char)
                0x00000000c0018c98                PCI::foundDevice(PCIDeviceInfo)
                0x00000000c0018e0a                PCI::getDeviceData(unsigned char, unsigned char, unsigned char)
                0x00000000c0018f7e                PCI::checkDevice(unsigned char, unsigned char)
                0x00000000c0018fea                PCI::detect()
 *fill*         0x00000000c001903d        0x1 
 .text          0x00000000c001903e      0xb5a hw/diskctrl/ide.32
                0x00000000c001903e                IDE::close(int, int, void*)
                0x00000000c0019042                IDE::IDE()
                0x00000000c0019042                IDE::IDE()
                0x00000000c0019076                IDE::prepareInterrupt(unsigned char)
                0x00000000c0019088                selectDrive(unsigned char, unsigned char)
                0x00000000c001908a                IDE::getBase(unsigned char)
                0x00000000c001909c                IDE::write(unsigned char, unsigned char, unsigned char)
                0x00000000c001915c                IDE::read(unsigned char, unsigned char)
                0x00000000c001920a                IDE::waitInterrupt(unsigned char)
                0x00000000c0019272                ideChannel0IRQHandler(regs*, void*)
                0x00000000c001928e                ideChannel1IRQHandler(regs*, void*)
                0x00000000c00192aa                IDE::enableIRQs(unsigned char, bool)
                0x00000000c00192f0                IDE::open(int, int, void*)
                0x00000000c00196fe                IDE::readBuffer(unsigned char, unsigned char, unsigned int, unsigned int)
                0x00000000c00197ca                IDE::detect()
                0x00000000c0019a8a                IDE::printError(unsigned char, unsigned char, unsigned char)
                0x00000000c0019b3a                IDE::polling(unsigned char, unsigned int)
 .text          0x00000000c0019b98      0x32a hw/diskctrl/satabus.32
                0x00000000c0019b98                SATABus::close(int, int, void*)
                0x00000000c0019b9c                SATABus::detect()
                0x00000000c0019b9e                SATABus::SATABus()
                0x00000000c0019b9e                SATABus::SATABus()
                0x00000000c0019c24                SATABus::findCmdslot(SATABus::tagHBA_PORT volatile*)
                0x00000000c0019c56                SATABus::checkType(SATABus::tagHBA_PORT volatile*)
                0x00000000c0019c9e                SATABus::startCmd(SATABus::tagHBA_PORT volatile*)
                0x00000000c0019cbe                SATABus::stopCmd(SATABus::tagHBA_PORT volatile*)
                0x00000000c0019ce8                SATABus::portRebase(SATABus::tagHBA_PORT volatile*, int)
                0x00000000c0019df8                SATABus::probePort(SATABus::tagHBA_MEM volatile*)
                0x00000000c0019ea2                SATABus::open(int, int, void*)
 .text          0x00000000c0019ec2      0x5f4 hw/diskphys/ata.32
                0x00000000c0019ec2                ATA::close(int, int, void*)
                0x00000000c0019ee6                ATA::powerSaving(PowerSavingLevel)
                0x00000000c0019ee8                ATA::ATA()
                0x00000000c0019ee8                ATA::ATA()
                0x00000000c0019f16                ATA::flush(bool)
                0x00000000c0019f60                ATA::readyForCommand()
                0x00000000c0019fac                ATA::access(unsigned long long, int, void*, bool)
                0x00000000c001a328                ATA::read(unsigned long long, int, void*)
                0x00000000c001a374                ATA::write(unsigned long long, int, void*)
                0x00000000c001a3c0                ATA::detectCHS()
                0x00000000c001a3ea                ATA::open(int, int, void*)
 .text          0x00000000c001a4b6      0x60e hw/diskphys/atapi.32
                0x00000000c001a4b6                ATAPI::write(unsigned long long, int, void*)
                0x00000000c001a4bc                ATAPI::close(int, int, void*)
                0x00000000c001a4e0                ATAPI::ATAPI()
                0x00000000c001a4e0                ATAPI::ATAPI()
                0x00000000c001a50e                ATAPI::readyForCommand()
                0x00000000c001a560                ATAPI::sendPacket(unsigned char*, int, bool, unsigned short*, int)
                0x00000000c001a820                ATAPI::diskRemoved()
                0x00000000c001a85a                ATAPI::eject()
                0x00000000c001a8a2                ATAPI::diskInserted()
                0x00000000c001a8ae                ATAPI::detectMedia()
                0x00000000c001a96a                ATAPI::open(int, int, void*)
                0x00000000c001aa4a                ATAPI::read(unsigned long long, int, void*)
 .text          0x00000000c001aac4      0x402 hw/diskphys/sata.32
                0x00000000c001aac4                SATA::close(int, int, void*)
                0x00000000c001aae8                SATA::powerSaving(PowerSavingLevel)
                0x00000000c001aaea                SATA::open(int, int, void*)
                0x00000000c001ab94                SATA::SATA()
                0x00000000c001ab94                SATA::SATA()
                0x00000000c001abc2                SATA::access(unsigned long long, int, void*, bool)
                0x00000000c001ae0e                SATA::read(unsigned long long, int, void*)
                0x00000000c001ae5a                SATA::write(unsigned long long, int, void*)
 .text          0x00000000c001aec6      0x5f5 hw/diskphys/satapi.32
                0x00000000c001aec6                SATAPI::write(unsigned long long, int, void*)
                0x00000000c001aecc                SATAPI::close(int, int, void*)
                0x00000000c001aef0                SATAPI::SATAPI()
                0x00000000c001aef0                SATAPI::SATAPI()
                0x00000000c001af1e                SATAPI::diskRemoved()
                0x00000000c001af20                SATAPI::diskInserted()
                0x00000000c001af3c                SATAPI::sendPacket(unsigned char*, int, unsigned long long, unsigned short*, int)
                0x00000000c001b218                SATAPI::eject()
                0x00000000c001b254                SATAPI::detectMedia()
                0x00000000c001b27a                SATAPI::open(int, int, void*)
                0x00000000c001b37a                SATAPI::read(unsigned long long, int, void*)
 *fill*         0x00000000c001b4bb        0x1 
 .text          0x00000000c001b4bc      0x455 hw/intctrl/apic.32
                0x00000000c001b4bc                IOAPIC::close(int, int, void*)
                0x00000000c001b4c2                apicGetBase()
                0x00000000c001b504                IOAPIC::IOAPIC()
                0x00000000c001b504                IOAPIC::IOAPIC()
                0x00000000c001b52c                apicOpen()
                0x00000000c001b692                IOAPIC::handlesGSIWithNumber(unsigned int)
                0x00000000c001b6c4                IOAPIC::read(int)
                0x00000000c001b6ec                IOAPIC::open(int, int, void*)
                0x00000000c001b7e0                IOAPIC::write(int, int)
                0x00000000c001b80c                IOAPIC::redirect(unsigned char, unsigned long long, unsigned char, bool, bool)
 *fill*         0x00000000c001b911        0x3 
 .text          0x00000000c001b914       0xf0 hw/timer/apictimer.32
                0x00000000c001b914                APICTimer::close(int, int, void*)
                0x00000000c001b91c                apicTimerHandler(regs*, void*)
                0x00000000c001b944                APICTimer::open(int, int, void*)
                0x00000000c001b9b4                APICTimer::write(int)
                0x00000000c001b9dc                APICTimer::APICTimer()
                0x00000000c001b9dc                APICTimer::APICTimer()
 .text          0x00000000c001ba04      0x1aa hw/timer/pit.32
                0x00000000c001ba04                PIT::write(int)
                0x00000000c001ba88                pitHandler(regs*, void*)
                0x00000000c001baac                PIT::open(int, int, void*)
                0x00000000c001bafc                PIT::close(int, int, void*)
                0x00000000c001bb2c                PIT::PIT()
                0x00000000c001bb2c                PIT::PIT()
 *fill*         0x00000000c001bbae        0x2 
 .text          0x00000000c001bbb0       0x83 arch/i386/avx.32
                0x00000000c001bbb0                avxDetect
                0x00000000c001bbda                avxSave
                0x00000000c001bbeb                avxLoad
                0x00000000c001bbfc                avxInit
                0x00000000c001bc1e                avxClose
                0x00000000c001bc1f                wouldSheSayYes
 *fill*         0x00000000c001bc33        0xd 
 .text          0x00000000c001bc40      0x1d6 arch/i386/interrupt.32
                0x00000000c001bc40                isr0
                0x00000000c001bc50                isr1
                0x00000000c001bc5a                isr2
                0x00000000c001bc64                isr3
                0x00000000c001bc6e                isr4
                0x00000000c001bc78                isr5
                0x00000000c001bc82                isr6
                0x00000000c001bc8c                isr7
                0x00000000c001bc96                isr8
                0x00000000c001bc9e                isr9
                0x00000000c001bca8                isr10
                0x00000000c001bcb0                isr11
                0x00000000c001bcb8                isr12
                0x00000000c001bcc0                isr13
                0x00000000c001bcc8                isr14
                0x00000000c001bcd0                isr15
                0x00000000c001bcda                isr16
                0x00000000c001bce4                isr17
                0x00000000c001bcee                isr18
                0x00000000c001bcf8                irq3
                0x00000000c001bd02                irq4
                0x00000000c001bd0c                irq5
                0x00000000c001bd16                irq6
                0x00000000c001bd20                irq7
                0x00000000c001bd2a                irq8
                0x00000000c001bd34                irq9
                0x00000000c001bd3e                irq10
                0x00000000c001bd48                irq11
                0x00000000c001bd52                irq12
                0x00000000c001bd5c                irq13
                0x00000000c001bd66                irq14
                0x00000000c001bd70                irq15
                0x00000000c001bd7a                irq1
                0x00000000c001bd81                irq2
                0x00000000c001bd88                isr96
                0x00000000c001bd8f                irq0
                0x00000000c001bd94                int_common_stub
                0x00000000c001bd94                syscall_common_stub
                0x00000000c001bdc6                irq16
                0x00000000c001bdd0                irq17
                0x00000000c001bdda                irq18
                0x00000000c001bde4                irq19
                0x00000000c001bdee                irq20
                0x00000000c001bdf8                irq21
                0x00000000c001be02                irq22
                0x00000000c001be0c                irq23
 *fill*         0x00000000c001be16        0xa 
 .text          0x00000000c001be20       0x10 arch/i386/rdrand.32
                0x00000000c001be20                i386GetRDRAND
 .text          0x00000000c001be30       0x39 arch/i386/sse.32
                0x00000000c001be30                absolutelyNoChanceInHell
                0x00000000c001be30                sseDetect
                0x00000000c001be48                sseSave
                0x00000000c001be50                sseLoad
                0x00000000c001be58                sseInit
                0x00000000c001be68                sseClose
 *fill*         0x00000000c001be69        0x7 
 .text          0x00000000c001be70       0x49 arch/i386/x87.32
                0x00000000c001be76                x87Detect
                0x00000000c001be91                x87Save
                0x00000000c001be98                x87Load
                0x00000000c001be9f                x87Init
                0x00000000c001beb8                x87Close
 *fill*         0x00000000c001beb9        0x3 
 .text          0x00000000c001bebc       0x25 /cygdrive/d/Users/Alex/Desktop/Toolchain/Output/bin/../lib/gcc/i386-banana/8.1.0/crtend.o
 .text          0x00000000c001bee1        0x0 crtn.32
 *fill*         0x00000000c001bee1        0x3 
 .text          0x00000000c001bee4      0x14b /cygdrive/d/Users/Alex/Desktop/Toolchain/Output/bin/../lib/gcc/i386-banana/8.1.0/libkgcc.a(_divdi3.o)
                0x00000000c001bee4                __divdi3
 *fill*         0x00000000c001c02f        0x1 
 .text          0x00000000c001c030      0x17e /cygdrive/d/Users/Alex/Desktop/Toolchain/Output/bin/../lib/gcc/i386-banana/8.1.0/libkgcc.a(_moddi3.o)
                0x00000000c001c030                __moddi3
 *fill*         0x00000000c001c1ae        0x2 
 .text          0x00000000c001c1b0       0xff /cygdrive/d/Users/Alex/Desktop/Toolchain/Output/bin/../lib/gcc/i386-banana/8.1.0/libkgcc.a(_udivdi3.o)
                0x00000000c001c1b0                __udivdi3
 *fill*         0x00000000c001c2af        0x1 
 .text          0x00000000c001c2b0      0x11a /cygdrive/d/Users/Alex/Desktop/Toolchain/Output/bin/../lib/gcc/i386-banana/8.1.0/libkgcc.a(_umoddi3.o)
                0x00000000c001c2b0                __umoddi3
 *(.gnu.linkonce.t*)

.iplt           0x00000000c001c3d0        0x0
 .iplt          0x00000000c001c3d0        0x0 D:/Users/Alex/Desktop/Banana/kernel/boot.32

.init           0x00000000c001c3ca        0xf
 .init          0x00000000c001c3ca        0x3 crti.32
                0x00000000c001c3ca                _init
 .init          0x00000000c001c3cd        0x5 /cygdrive/d/Users/Alex/Desktop/Toolchain/Output/bin/../lib/gcc/i386-banana/8.1.0/crtbegin.o
 .init          0x00000000c001c3d2        0x5 /cygdrive/d/Users/Alex/Desktop/Toolchain/Output/bin/../lib/gcc/i386-banana/8.1.0/crtend.o
 .init          0x00000000c001c3d7        0x2 crtn.32

.fini           0x00000000c001c3d9        0xa
 .fini          0x00000000c001c3d9        0x3 crti.32
                0x00000000c001c3d9                _fini
 .fini          0x00000000c001c3dc        0x5 /cygdrive/d/Users/Alex/Desktop/Toolchain/Output/bin/../lib/gcc/i386-banana/8.1.0/crtbegin.o
 .fini          0x00000000c001c3e1        0x2 crtn.32

.text._ZN8ComputerD2Ev
                0x00000000c001c3e4       0x23
 .text._ZN8ComputerD2Ev
                0x00000000c001c3e4       0x23 core/computer.32
                0x00000000c001c3e4                Computer::~Computer()
                0x00000000c001c3e4                Computer::~Computer()

.text._ZN8ComputerD0Ev
                0x00000000c001c408       0x2a
 .text._ZN8ComputerD0Ev
                0x00000000c001c408       0x2a core/computer.32
                0x00000000c001c408                Computer::~Computer()

.text._Z10idleCommonv
                0x00000000c001c432       0x21
 .text._Z10idleCommonv
                0x00000000c001c432       0x21 core/idle.32
                0x00000000c001c432                idleCommon()

.text._ZN10LinkedListI8UnixFileED2Ev
                0x00000000c001c454        0x2
 .text._ZN10LinkedListI8UnixFileED2Ev
                0x00000000c001c454        0x2 core/unixfile.32
                0x00000000c001c454                LinkedList<UnixFile>::~LinkedList()
                0x00000000c001c454                LinkedList<UnixFile>::~LinkedList()

.text._ZN10LinkedListI8UnixFileEC2Ev
                0x00000000c001c456       0x42
 .text._ZN10LinkedListI8UnixFileEC2Ev
                0x00000000c001c456       0x42 core/unixfile.32
                0x00000000c001c456                LinkedList<UnixFile>::LinkedList()
                0x00000000c001c456                LinkedList<UnixFile>::LinkedList()

.text._ZN10LinkedListI8UnixFileE10addElementEPS0_
                0x00000000c001c498       0xd3
 .text._ZN10LinkedListI8UnixFileE10addElementEPS0_
                0x00000000c001c498       0xd3 core/unixfile.32
                0x00000000c001c498                LinkedList<UnixFile>::addElement(UnixFile*)

.text._ZN10LinkedListI8UnixFileE15getFirstElementEv
                0x00000000c001c56c        0x7
 .text._ZN10LinkedListI8UnixFileE15getFirstElementEv
                0x00000000c001c56c        0x7 core/unixfile.32
                0x00000000c001c56c                LinkedList<UnixFile>::getFirstElement()

.text._ZN10LinkedListI8UnixFileE11removeFirstEv
                0x00000000c001c574       0xa1
 .text._ZN10LinkedListI8UnixFileE11removeFirstEv
                0x00000000c001c574       0xa1 core/unixfile.32
                0x00000000c001c574                LinkedList<UnixFile>::removeFirst()

.text._ZN10LinkedListI8UnixFileE7getNextEPS0_
                0x00000000c001c616        0x8
 .text._ZN10LinkedListI8UnixFileE7getNextEPS0_
                0x00000000c001c616        0x8 core/unixfile.32
                0x00000000c001c616                LinkedList<UnixFile>::getNext(UnixFile*)

.text._ZN16DriverlessDeviceD2Ev
                0x00000000c001c61e       0x1a
 .text._ZN16DriverlessDeviceD2Ev
                0x00000000c001c61e       0x1a hal/device.32
                0x00000000c001c61e                DriverlessDevice::~DriverlessDevice()
                0x00000000c001c61e                DriverlessDevice::~DriverlessDevice()

.text._ZN16DriverlessDeviceD0Ev
                0x00000000c001c638       0x2a
 .text._ZN16DriverlessDeviceD0Ev
                0x00000000c001c638       0x2a hal/device.32
                0x00000000c001c638                DriverlessDevice::~DriverlessDevice()

.text._ZN10LinkedListI6DeviceE10addElementEPS0_
                0x00000000c001c662       0xdc
 .text._ZN10LinkedListI6DeviceE10addElementEPS0_
                0x00000000c001c662       0xdc hal/device.32
                0x00000000c001c662                LinkedList<Device>::addElement(Device*)

.text._ZN10LinkedListI6DeviceEC2Ev
                0x00000000c001c73e       0x42
 .text._ZN10LinkedListI6DeviceEC2Ev
                0x00000000c001c73e       0x42 hal/device.32
                0x00000000c001c73e                LinkedList<Device>::LinkedList()
                0x00000000c001c73e                LinkedList<Device>::LinkedList()

.text._ZN10LinkedListIV18ThreadControlBlockE7isEmptyEv
                0x00000000c001c780       0x1c
 .text._ZN10LinkedListIV18ThreadControlBlockE7isEmptyEv
                0x00000000c001c780       0x1c hal/timer.32
                0x00000000c001c780                LinkedList<ThreadControlBlock volatile>::isEmpty()

.text._ZN10LinkedListIV18ThreadControlBlockE15getFirstElementEv
                0x00000000c001c79c        0x7
 .text._ZN10LinkedListIV18ThreadControlBlockE15getFirstElementEv
                0x00000000c001c79c        0x7 hal/timer.32
                0x00000000c001c79c                LinkedList<ThreadControlBlock volatile>::getFirstElement()

.text._ZN10LinkedListIV18ThreadControlBlockE11removeFirstEv
                0x00000000c001c7a4       0xb8
 .text._ZN10LinkedListIV18ThreadControlBlockE11removeFirstEv
                0x00000000c001c7a4       0xb8 hal/timer.32
                0x00000000c001c7a4                LinkedList<ThreadControlBlock volatile>::removeFirst()

.text._ZN10LinkedListIV18ThreadControlBlockE10addElementEPS1_
                0x00000000c001c85c       0xda
 .text._ZN10LinkedListIV18ThreadControlBlockE10addElementEPS1_
                0x00000000c001c85c       0xda hal/timer.32
                0x00000000c001c85c                LinkedList<ThreadControlBlock volatile>::addElement(ThreadControlBlock volatile*)

.text._ZN4ACPID2Ev
                0x00000000c001c938       0x23
 .text._ZN4ACPID2Ev
                0x00000000c001c938       0x23 hw/acpi.32
                0x00000000c001c938                ACPI::~ACPI()
                0x00000000c001c938                ACPI::~ACPI()

.text._ZN4ACPID0Ev
                0x00000000c001c95c       0x2a