Archive member included to satisfy reference by file (symbol)

/cygdrive/d/Users/Alex/Desktop/Toolchain/Output/bin/../lib/gcc/i386-banana/8.1.0/libgcc.a(_divdi3.o)
                              fs/fat/ff.32 (__divdi3)
/cygdrive/d/Users/Alex/Desktop/Toolchain/Output/bin/../lib/gcc/i386-banana/8.1.0/libgcc.a(_moddi3.o)
                              thr/elf.32 (__moddi3)
/cygdrive/d/Users/Alex/Desktop/Toolchain/Output/bin/../lib/gcc/i386-banana/8.1.0/libgcc.a(_udivdi3.o)
                              fs/fat/ff.32 (__udivdi3)
/cygdrive/d/Users/Alex/Desktop/Toolchain/Output/bin/../lib/gcc/i386-banana/8.1.0/libgcc.a(_umoddi3.o)
                              core/pipe.32 (__umoddi3)
D:/Users/Alex/Desktop/Banana/kernel/libsoftfp.a(sfieeelib.o)
                              hal/sound/sndhw.32 (__addsf3)
D:/Users/Alex/Desktop/Banana/kernel/libsoftfp.a(dfieeelib.o)
                              hal/libresample/src_linear.32 (__adddf3)
D:/Users/Alex/Desktop/Banana/kernel/libsoftfp.a(sfdfcvt.o)
                              hal/libresample/samplerate.32 (__truncdfsf2)
D:/Users/Alex/Desktop/Banana/kernel/libk/libm32.a(s_fabs.c.o)
                              hal/libresample/samplerate.32 (fabs)
D:/Users/Alex/Desktop/Banana/kernel/libk/libm32.a(s_lrint.S.o)
                              hal/libresample/samplerate.32 (lrint)
D:/Users/Alex/Desktop/Banana/kernel/libk/libm32.a(s_lrintf.S.o)
                              hal/sound/sndhw.32 (lrintf)

Discarded input sections

 .comment       0x0000000000000000       0x12 /cygdrive/d/Users/Alex/Desktop/Toolchain/Output/bin/../lib/gcc/i386-banana/8.1.0/crtbegin.o
 .comment       0x0000000000000000       0x12 acpica/utclib.32
 .comment       0x0000000000000000       0x12 core/malloc.32
 .comment       0x0000000000000000       0x12 libk/string.32
 .comment       0x0000000000000000       0x12 fs/fat/diskio.32
 .comment       0x0000000000000000       0x12 fs/fat/ff.32
 .comment       0x0000000000000000       0x12 fs/fat/ffsystem.32
 .comment       0x0000000000000000       0x12 fs/fat/ffunicode.32
 .comment       0x0000000000000000       0x12 hal/libresample/samplerate.32
 .comment       0x0000000000000000       0x12 hal/libresample/src_linear.32
 .comment       0x0000000000000000       0x12 hal/libresample/src_sinc.32
 .comment       0x0000000000000000       0x12 hal/libresample/src_zoh.32
 .group         0x0000000000000000       0x14 core/computer.32
 .group         0x0000000000000000        0xc core/computer.32
 .comment       0x0000000000000000       0x12 core/computer.32
 .comment       0x0000000000000000       0x12 core/gdt.32
 .group         0x0000000000000000        0xc core/idle.32
 .comment       0x0000000000000000       0x12 core/idle.32
 .comment       0x0000000000000000       0x12 core/idt.32
 .group         0x0000000000000000        0x8 core/kheap.32
 .group         0x0000000000000000        0x8 core/kheap.32
 .comment       0x0000000000000000       0x12 core/kheap.32
 .comment       0x0000000000000000       0x12 core/main.32
 .comment       0x0000000000000000       0x12 core/physmgr.32
 .group         0x0000000000000000        0xc core/pipe.32
 .comment       0x0000000000000000       0x12 core/pipe.32
 .group         0x0000000000000000        0xc core/terminal.32
 .comment       0x0000000000000000       0x12 core/terminal.32
 .group         0x0000000000000000        0x8 core/tss.32
 .text._ZN3CPU7readCR3Ev
                0x0000000000000000       0x12 core/tss.32
 .comment       0x0000000000000000       0x12 core/tss.32
 .group         0x0000000000000000        0x8 core/unixfile.32
 .group         0x0000000000000000        0xc core/unixfile.32
 .group         0x0000000000000000        0xc core/unixfile.32
 .group         0x0000000000000000        0x8 core/unixfile.32
 .group         0x0000000000000000        0xc core/unixfile.32
 .group         0x0000000000000000        0x8 core/unixfile.32
 .group         0x0000000000000000        0xc core/unixfile.32
 .group         0x0000000000000000        0xc core/unixfile.32
 .comment       0x0000000000000000       0x12 core/unixfile.32
 .group         0x0000000000000000        0x8 core/virtmgr.32
 .group         0x0000000000000000        0x8 core/virtmgr.32
 .text._ZN3CPU7readCR3Ev
                0x0000000000000000       0x12 core/virtmgr.32
 .text._ZN3CPU8writeCR3Em
                0x0000000000000000        0x9 core/virtmgr.32
 .comment       0x0000000000000000       0x12 core/virtmgr.32
 .comment       0x0000000000000000       0x12 coreobjs/c++.32
 .comment       0x0000000000000000       0x12 dbg/kconsole.32
 .group         0x0000000000000000        0xc fs/vfs.32
 .group         0x0000000000000000        0xc fs/vfs.32
 .group         0x0000000000000000        0xc fs/vfs.32
 .comment       0x0000000000000000       0x12 fs/vfs.32
 .group         0x0000000000000000        0xc hal/bus.32
 .comment       0x0000000000000000       0x12 hal/bus.32
 .group         0x0000000000000000        0xc hal/buzzer.32
[...]
Memory Configuration

Name             Origin             Length             Attributes
*default*        0x0000000000000000 0xffffffffffffffff

Linker script and memory map

LOAD D:/Users/Alex/Desktop/Banana/kernel/boot.32
LOAD crti.32
LOAD /cygdrive/d/Users/Alex/Desktop/Toolchain/Output/bin/../lib/gcc/i386-banana/8.1.0/crtbegin.o
LOAD D:/Users/Alex/Desktop/Banana/kernel/morenasm.32
LOAD acpica/utclib.32
LOAD core/malloc.32
LOAD libk/string.32
LOAD fs/fat/diskio.32
LOAD fs/fat/ff.32
LOAD fs/fat/ffsystem.32
LOAD fs/fat/ffunicode.32
LOAD hal/libresample/samplerate.32
LOAD hal/libresample/src_linear.32
LOAD hal/libresample/src_sinc.32
LOAD hal/libresample/src_zoh.32
LOAD core/computer.32
LOAD core/gdt.32
LOAD core/idle.32
LOAD core/idt.32
LOAD core/kheap.32
LOAD core/main.32
LOAD core/physmgr.32
LOAD core/pipe.32
LOAD core/terminal.32
LOAD core/tss.32
LOAD core/unixfile.32
LOAD core/virtmgr.32
LOAD coreobjs/c++.32
LOAD dbg/kconsole.32
LOAD fs/vfs.32
LOAD hal/bus.32
LOAD hal/buzzer.32
LOAD hal/clock.32
LOAD hal/device.32
LOAD hal/diskctrl.32
LOAD hal/diskphys.32
LOAD hal/fpu.32
LOAD hal/intctrl.32
LOAD hal/keybrd.32
LOAD hal/logidisk.32
LOAD hal/mouse.32
LOAD hal/partition.32
LOAD hal/timer.32
LOAD hal/vcache.32
LOAD hal/video.32
LOAD hw/acpi.32
LOAD hw/cpu.32
LOAD hw/ports.32
LOAD krnl/panic.32
LOAD reg/registry.32
LOAD sys/sc_exit.32
LOAD sys/sc_loaddll.32
LOAD sys/sc_read.32
LOAD sys/sc_sbrk.32
LOAD sys/sc_write.32
LOAD sys/sc_yield.32
LOAD sys/syscalls.32
LOAD thr/elf.32
LOAD thr/prcssthr.32
LOAD vm86/vm8086.32
LOAD fs/fat/vfslink.32
LOAD fs/iso9660/vfslink.32
LOAD hal/sound/sndchannel.32
LOAD hal/sound/sndhw.32
LOAD hw/bus/isa.32
LOAD hw/bus/pci.32
LOAD hw/diskctrl/ide.32
LOAD hw/diskphys/ata.32
LOAD hw/diskphys/atapi.32
LOAD hw/fpu/avx.32
LOAD hw/fpu/mmx.32
LOAD hw/fpu/sse.32
LOAD hw/fpu/x87.32
LOAD hw/intctrl/apic.32
LOAD hw/intctrl/pic.32
LOAD hw/timer/apictimer.32
LOAD hw/timer/pit.32
LOAD hw/fpu/x86/avx.32
LOAD hw/fpu/x86/sse.32
LOAD hw/fpu/x86/x87.32
LOAD /cygdrive/d/Users/Alex/Desktop/Toolchain/Output/bin/../lib/gcc/i386-banana/8.1.0/crtend.o
LOAD crtn.32
LOAD /cygdrive/d/Users/Alex/Desktop/Toolchain/Output/bin/../lib/gcc/i386-banana/8.1.0/libgcc.a
LOAD D:/Users/Alex/Desktop/Banana/kernel/libsoftfp.a
LOAD D:/Users/Alex/Desktop/Banana/kernel/libk/libm32.a
                0x00000000c0000000                . = 0xc0000000

.text           0x00000000c0000000    0x24078
 *(.text)
 .text          0x00000000c0000000       0x41 D:/Users/Alex/Desktop/Banana/kernel/boot.32
                0x00000000c0000020                callGlobalConstructors
 .text          0x00000000c0000041        0x0 crti.32
 *fill*         0x00000000c0000041        0x3 
 .text          0x00000000c0000044      0x101 /cygdrive/d/Users/Alex/Desktop/Toolchain/Output/bin/../lib/gcc/i386-banana/8.1.0/crtbegin.o
 *fill*         0x00000000c0000145        0xb 
 .text          0x00000000c0000150      0x4fd D:/Users/Alex/Desktop/Banana/kernel/morenasm.32
                0x00000000c0000150                prepareTramp
                0x00000000c0000169                voodooXADD
                0x00000000c000022e                doTPAUSE
                0x00000000c0000238                hasLegacyFPU
                0x00000000c000025d                is486
                0x00000000c0000293                goToVM86
                0x00000000c00002c4                goToUsermode
                0x00000000c00002ef                switchToThreadASMFirstTime
                0x00000000c00002fd                switchToThreadASM
                0x00000000c000039d                detectCPUID
                0x00000000c00003b3                asmQuickAcquireLock
                0x00000000c00003d1                asmQuickReleaseLock
                0x00000000c00003dd                asmAcquireLock
                0x00000000c00003fe                asmReleaseLock
                0x00000000c0000411                loadGDT
                0x00000000c0000431                isr0
                0x00000000c0000441                isr1
                0x00000000c000044b                isr2
                0x00000000c0000455                isr3
                0x00000000c000045f                isr4
                0x00000000c0000469                isr5
                0x00000000c0000473                isr6
                0x00000000c000047d                isr7
                0x00000000c0000487                isr8
                0x00000000c000048f                isr9
                0x00000000c0000499                isr10
                0x00000000c00004a1                isr11
                0x00000000c00004a9                isr12
                0x00000000c00004b1                isr13
                0x00000000c00004b9                isr14
                0x00000000c00004c1                isr15
                0x00000000c00004cb                isr16
                0x00000000c00004d5                isr17
                0x00000000c00004df                isr18
                0x00000000c00004e9                isr96
                0x00000000c00004f3                irq0
                0x00000000c00004fd                irq1
                0x00000000c0000507                irq2
                0x00000000c0000511                irq3
                0x00000000c000051b                irq4
                0x00000000c0000525                irq5
                0x00000000c000052f                irq6
                0x00000000c0000539                irq7
                0x00000000c0000543                irq8
                0x00000000c000054d                irq9
                0x00000000c0000557                irq10
                0x00000000c0000561                irq11
                0x00000000c000056b                irq12
                0x00000000c0000575                irq13
                0x00000000c000057f                irq14
                0x00000000c0000589                irq15
                0x00000000c0000593                irq16
                0x00000000c000059d                irq17
                0x00000000c00005a7                irq18
                0x00000000c00005b1                irq19
                0x00000000c00005bb                irq20
                0x00000000c00005c5                irq21
                0x00000000c00005cf                irq22
                0x00000000c00005d9                irq23
                0x00000000c00005e3                int_common_stub
                0x00000000c0000613                syscall_common_stub
 .text          0x00000000c000064d      0x40f acpica/utclib.32
                0x00000000c000064d                memcmp
                0x00000000c0000678                memmove
                0x00000000c00006b0                memcpy
                0x00000000c00006e6                memset
                0x00000000c0000703                strlen
                0x00000000c0000713                strpbrk
                0x00000000c0000736                strtok
                0x00000000c0000785                strcpy
                0x00000000c00007a5                strncpy
                0x00000000c00007d6                strcmp
                0x00000000c00007f7                strchr
                0x00000000c000080d                strncmp
                0x00000000c000083c                strcat
                0x00000000c0000863                strncat
                0x00000000c000089d                strstr
                0x00000000c00008da                toupper
                0x00000000c00008ee                tolower
                0x00000000c0000902                simple_strtoul
 .text          0x00000000c0000a5c      0xfbf core/malloc.32
                0x00000000c0000bc7                dlfree
                0x00000000c0000f22                dlmalloc
                0x00000000c000145f                dlrealloc
                0x00000000c0001614                dlmemalign
                0x00000000c0001737                dlcalloc
                0x00000000c00017d1                dlcfree
                0x00000000c00017d6                dlindependent_calloc
                0x00000000c00017fb                dlindependent_comalloc
                0x00000000c0001812                dlvalloc
                0x00000000c000183d                dlpvalloc
                0x00000000c0001873                dlmalloc_trim
                0x00000000c0001880                dlmalloc_usable_size
                0x00000000c00018b1                dlmallinfo
                0x00000000c0001980                dlmalloc_stats
                0x00000000c0001991                dlmallopt
 .text          0x00000000c0001a1b        0x0 libk/string.32
 .text          0x00000000c0001a1b       0x51 fs/fat/diskio.32
                0x00000000c0001a1b                disk_status
                0x00000000c0001a1e                disk_initialize
                0x00000000c0001a21                disk_read
                0x00000000c0001a37                disk_write
                0x00000000c0001a4d                disk_ioctl
 .text          0x00000000c0001a6c     0x6833 fs/fat/ff.32
                0x00000000c0004d3a                f_mount
                0x00000000c0004d9c                f_open
                0x00000000c00051d8                f_read
                0x00000000c0005458                f_write
                0x00000000c0005712                f_sync
                0x00000000c00058ee                f_close
                0x00000000c000591d                f_lseek
                0x00000000c0005dd4                f_opendir
                0x00000000c0005ed6                f_closedir
                0x00000000c0005ef8                f_readdir
                0x00000000c0005f93                f_stat
                0x00000000c0006022                f_getfree
                0x00000000c00061ed                f_truncate
                0x00000000c00062e5                f_unlink
                0x00000000c0006468                f_mkdir
                0x00000000c0006694                f_rename
                0x00000000c0006987                f_chmod
                0x00000000c0006a65                f_utime
                0x00000000c0006b43                f_getlabel
                0x00000000c0006d31                f_setlabel
                0x00000000c0006f9e                f_forward
                0x00000000c000717c                f_mkfs
 .text          0x00000000c000829f       0x2d fs/fat/ffsystem.32
                0x00000000c000829f                ff_memalloc
                0x00000000c00082b5                ff_memfree
 .text          0x00000000c00082cc      0x253 fs/fat/ffunicode.32
                0x00000000c00082cc                ff_uni2oem
                0x00000000c000835c                ff_oem2uni
                0x00000000c00083c8                ff_wtoupper
 .text          0x00000000c000851f      0x8a1 hal/libresample/samplerate.32
                0x00000000c00085c6                src_delete
                0x00000000c0008602                src_process
                0x00000000c0008776                src_callback_read
                0x00000000c00088d1                src_set_ratio
                0x00000000c000891a                src_get_channels
                0x00000000c000893c                src_reset
                0x00000000c0008988                src_new
                0x00000000c0008a16                src_callback_new
                0x00000000c0008a78                src_get_name
                0x00000000c0008aaf                src_get_description
                0x00000000c0008ae6                src_get_version
                0x00000000c0008aec                src_is_valid_ratio
                0x00000000c0008b08                src_error
                0x00000000c0008b16                src_strerror
                0x00000000c0008b29                src_simple
                0x00000000c0008b7c                src_short_to_float_array
                0x00000000c0008be1                src_float_to_short_array
                0x00000000c0008ca0                src_int_to_float_array
                0x00000000c0008d03                src_float_to_int_array
 .text          0x00000000c0008dc0      0x8f0 hal/libresample/src_linear.32
                0x00000000c000960b                linear_get_name
                0x00000000c000961a                linear_get_description
                0x00000000c0009629                linear_set_converter
 .text          0x00000000c00096b0     0x40fd hal/libresample/src_sinc.32
                0x00000000c000d6c4                sinc_get_name
                0x00000000c000d6d7                sinc_get_description
                0x00000000c000d6ea                sinc_set_converter
 .text          0x00000000c000d7ad      0x7a6 hal/libresample/src_zoh.32
                0x00000000c000deae                zoh_get_name
                0x00000000c000debd                zoh_get_description
                0x00000000c000decc                zoh_set_converter
 *fill*         0x00000000c000df53        0x1 
 .text          0x00000000c000df54      0x9e1 core/computer.32
                0x00000000c000df54                Computer::close(int, int, void*)
                0x00000000c000df98                Computer::Computer()
                0x00000000c000df98                Computer::Computer()
                0x00000000c000e0f4                Computer::setBootMessage(char const*)
                0x00000000c000e0f6                Computer::start()
                0x00000000c000e1d2                firstTask()
                0x00000000c000e1e0                Computer::detectFeatures()
                0x00000000c000e3ba                Computer::displayFeatures()
                0x00000000c000e700                Computer::rdmsr(unsigned int)
                0x00000000c000e72c                Computer::wrmsr(unsigned int, unsigned long long)
                0x00000000c000e764                Computer::nmiEnabled()
                0x00000000c000e770                Computer::readCMOS(unsigned char)
                0x00000000c000e78a                Computer::enableNMI(bool)
                0x00000000c000e7a2                Computer::open(int, int, void*)
                0x00000000c000e878                Computer::disableNMI()
                0x00000000c000e886                Computer::writeCMOS(unsigned char, unsigned char)
                0x00000000c000e8a4                Computer::handleNMI()
                0x00000000c000e90a                Computer::setDiskActivityLight(int, bool)
 *fill*         0x00000000c000e935        0x1 
 .text          0x00000000c000e936      0x1b7 core/gdt.32
                0x00000000c000e936                GDTEntry::setBase(unsigned int)
                0x00000000c000e952                GDTEntry::setLimit(unsigned int)
                0x00000000c000e970                GDT::GDT()
                0x00000000c000e970                GDT::GDT()
                0x00000000c000e986                GDT::addEntry(GDTEntry)
                0x00000000c000e9c2                GDT::getNumberOfEntries()
                0x00000000c000e9ca                GDT::flush()
                0x00000000c000e9ec                GDT::setup()
 .text          0x00000000c000eaed       0x61 core/idle.32
                0x00000000c000eaed                idleFunction(void*)
 .text          0x00000000c000eb4e      0x45f core/idt.32
                0x00000000c000eb4e                IDTEntry::IDTEntry(bool)
                0x00000000c000eb4e                IDTEntry::IDTEntry(bool)
                0x00000000c000ebbc                IDTEntry::setOffset(unsigned int)
                0x00000000c000ebd0                IDT::IDT()
                0x00000000c000ebd0                IDT::IDT()
                0x00000000c000ebd2                IDT::getPointerToInvalidOpcodeEntryForF00F()
                0x00000000c000ebda                IDT::addEntry(IDTEntry, int)
                0x00000000c000ebf4                IDT::addEntry(int, void (*)(), bool)
                0x00000000c000ec2c                IDT::flush()
                0x00000000c000ec46                IDT::setup()
 .text          0x00000000c000efad      0x20d core/kheap.32
                0x00000000c000efad                sbrk
                0x00000000c000f0c5                mmap
                0x00000000c000f0db                munmap
                0x00000000c000f0f1                liballoc_lock()
                0x00000000c000f102                liballoc_unlock()
                0x00000000c000f113                liballoc_alloc(int)
                0x00000000c000f12e                liballoc_free(void*, int)
                0x00000000c000f14c                realloc
                0x00000000c000f160                malloc
                0x00000000c000f170                free
                0x00000000c000f180                rfree
                0x00000000c000f190                calloc
 .text          0x00000000c000f1ba      0x38d core/main.32
                0x00000000c000f1ba                hwTextMode_loadInData(VgaText*)
                0x00000000c000f1ff                hwTextMode_loadInTitle(VgaText*, char*)
                0x00000000c000f241                hwTextMode_showCursor(VgaText*, bool)
                0x00000000c000f295                hwTextMode_update(VgaText*)
                0x00000000c000f296                hwTextMode_updateCursor(VgaText*)
                0x00000000c000f2de                hwTextMode_disableBlink(VgaText*, bool)
                0x00000000c000f31a                hwTextMode_scrollScreen(VgaText*)
                0x00000000c000f3a0                hwTextMode_writeCharacter(VgaText*, char, VgaColour, VgaColour, int, int)
                0x00000000c000f3fe                setupTextMode()
                0x00000000c000f44f                kernel_main
 .text          0x00000000c000f547      0x4f3 core/physmgr.32
                0x00000000c000f547                Phys::allocateDMA(unsigned long)
                0x00000000c000f5ea                Phys::freeDMA(unsigned long, unsigned long)
                0x00000000c000f632                Phys::setPageState(unsigned long, bool)
                0x00000000c000f664                Phys::getPageState(unsigned long)
                0x00000000c000f680                Phys::freePage(unsigned long)
                0x00000000c000f70a                Phys::allocatePage()
                0x00000000c000f7d2                Phys::allowSegmentToBeUsed(unsigned long, unsigned long)
                0x00000000c000f80a                Phys::physicalMemorySetup(unsigned int)
 .text          0x00000000c000fa3a      0x273 core/pipe.32
                0x00000000c000fa3a                Pipe::isAtty()
                0x00000000c000fa3e                Pipe::~Pipe()
                0x00000000c000fa3e                Pipe::~Pipe()
                0x00000000c000fa62                Pipe::~Pipe()
                0x00000000c000fa8a                Pipe::read(unsigned long long, void*, int*)
                0x00000000c000fb7e                Pipe::write(unsigned long long, void*, int*)
                0x00000000c000fc46                Pipe::Pipe(int)
                0x00000000c000fc46                Pipe::Pipe(int)
 *fill*         0x00000000c000fcad        0x1 
 .text          0x00000000c000fcae      0xf65 core/terminal.32
                0x00000000c000fcae                VgaText::isAtty()
                0x00000000c000fcb2                VgaText::~VgaText()
                0x00000000c000fcb2                VgaText::~VgaText()
                0x00000000c000fcd6                VgaText::~VgaText()
                0x00000000c000fd00                VgaText::read(unsigned long long, void*, int*)
                0x00000000c000fd20                setTerminalScrollLock(bool)
                0x00000000c000fd21                addToTerminalCycle(VgaText*)
                0x00000000c000fd4e                installVgaTextImplementation()
                0x00000000c000fd63                scrollTerminalScrollLock(int)
                0x00000000c000fd64                VgaText::load()
                0x00000000c000fdb8                VgaText::updateCursor()
                0x00000000c000fdd2                VgaText::showCursor(bool)
                0x00000000c000fde2                VgaText::disableBlink(bool)
                0x00000000c000fe1c                VgaText::doANSI_SGR(int)
                0x00000000c000fea8                VgaText::setDefaultBgColour(VgaColour)
                0x00000000c000febe                VgaText::setDefaultFgColour(VgaColour)
                0x00000000c000fed4                VgaText::setDefaultColours(VgaColour, VgaColour)
                0x00000000c000fef4                VgaText::combineColours(unsigned char, unsigned char)
                0x00000000c000ff06                VgaText::scrollScreen()
                0x00000000c000ff9a                VgaText::combineCharAndColour(char, unsigned char)
                0x00000000c000ffac                VgaText::writeCharacter(char, VgaColour, VgaColour, int, int)
                0x00000000c001000c                VgaText::getCursorX()
                0x00000000c0010018                VgaText::getCursorY()
                0x00000000c0010024                VgaText::setCursor(int, int)
                0x00000000c0010042                VgaText::setCursorX(int)
                0x00000000c001005e                VgaText::setCursorY(int)
                0x00000000c001007a                VgaText::incrementCursor(bool)
                0x00000000c00100e2                VgaText::updateRAMUsageDisplay(int)
                0x00000000c001013c                VgaText::updateDiskUsage()
                0x00000000c00102a2                VgaText::updateTitle()
                0x00000000c00102e8                VgaText::setTitleTextColour(VgaColour)
                0x00000000c00102f8                VgaText::setTitleColour(VgaColour)
                0x00000000c0010308                VgaText::setTitle(char*)
                0x00000000c001032e                VgaText::decrementCursor(bool)
                0x00000000c0010356                VgaText::putchar(char, VgaColour, VgaColour)
                0x00000000c0010452                VgaText::isShowingCursor()
                0x00000000c001045e                VgaText::isBlinkDisabled()
                0x00000000c001046c                VgaText::setCursorHeight(int)
                0x00000000c001048a                VgaText::getCursorHeight()
                0x00000000c0010495                setActiveTerminal(VgaText*)
                0x00000000c0010547                doTerminalCycle()
                0x00000000c0010564                VgaText::doUpdate()
                0x00000000c0010576                VgaText::puts(char const*, VgaColour, VgaColour)
                0x00000000c0010736                VgaText::clearScreen()
                0x00000000c001079a                VgaText::putchar(char)
                0x00000000c00108b4                VgaText::puts(char const*)
                0x00000000c00108da                VgaText::putx(unsigned int)
                0x00000000c0010920                VgaText::VgaText(char const*)
                0x00000000c0010920                VgaText::VgaText(char const*)
                0x00000000c0010ab2                VgaText::receiveKey(unsigned char)
                0x00000000c0010b9a                VgaText::write(unsigned long long, void*, int*)
                0x00000000c0010bee                newTerminal(char*)
 *fill*         0x00000000c0010c13        0x1 
 .text          0x00000000c0010c14      0x18f core/tss.32
                0x00000000c0010c14                TSS::TSS()
                0x00000000c0010c14                TSS::TSS()
                0x00000000c0010c22                TSS::setESP(unsigned long)
                0x00000000c0010c34                TSS::flush()
                0x00000000c0010c54                TSS::setup(unsigned long, unsigned long)
 *fill*         0x00000000c0010da3        0x1 
 .text          0x00000000c0010da4      0x482 core/unixfile.32
                0x00000000c0010da4                ReservedFilename::read(unsigned long long, void*, int*)
                0x00000000c0010dfa                ReservedFilename::isAtty()
                0x00000000c0010e16                ReservedFilename::write(unsigned long long, void*, int*)
                0x00000000c0010e74                UnixFile::getFileDescriptor()
                0x00000000c0010e7c                UnixFile::UnixFile(int)
                0x00000000c0010e7c                UnixFile::UnixFile(int)
                0x00000000c0010fec                ReservedFilename::ReservedFilename(int)
                0x00000000c0010fec                ReservedFilename::ReservedFilename(int)
                0x00000000c001101e                UnixFile::~UnixFile()
                0x00000000c001101e                UnixFile::~UnixFile()
                0x00000000c00110b6                UnixFile::~UnixFile()
                0x00000000c00110de                ReservedFilename::~ReservedFilename()
                0x00000000c00110de                ReservedFilename::~ReservedFilename()
                0x00000000c0011102                ReservedFilename::~ReservedFilename()
                0x00000000c0011129                getFromFileDescriptor(int)
 .text          0x00000000c0011226      0xec7 core/virtmgr.32
                0x00000000c0011226                Virt::setPageState(unsigned long, Virt::VirtPageState)
                0x00000000c001125b                Virt::getPageState(unsigned long)
                0x00000000c001127f                Virt::allocateKernelVirtualPages(int)
                0x00000000c0011390                Virt::virtualMemorySetup()
                0x00000000c001140f                Virt::getAKernelVAS()
                0x00000000c0011415                Virt::setupPageSwapping(int)
                0x00000000c001153a                VAS::VAS()
                0x00000000c001153a                VAS::VAS()
                0x00000000c001156a                VAS::VAS(VAS*)
                0x00000000c001156a                VAS::VAS(VAS*)
                0x00000000c001158e                VAS::getForeignPageTableEntry(bool, unsigned long)
                0x00000000c00115ba                VAS::getPageTableEntry(unsigned long)
                0x00000000c00115d9                Virt::freeKernelVirtualPages(unsigned long)
                0x00000000c00116fc                VAS::freeAllocatedPages(unsigned long)
                0x00000000c0011720                VAS::virtualToPhysical(unsigned long)
                0x00000000c0011738                VAS::reflagRange(unsigned long, int, int, int)
                0x00000000c0011778                VAS::setToWriteCombining(unsigned long, int)
                0x00000000c00117b0                VAS::mapOtherVASIn(bool, VAS*)
                0x00000000c00117e6                VAS::~VAS()
                0x00000000c00117e6                VAS::~VAS()
                0x00000000c0011952                VAS::mapPage(unsigned long, unsigned long, int)
                0x00000000c0011a52                VAS::allocatePages(int, int)
                0x00000000c0011c22                VAS::setCPUSpecific(unsigned long)
                0x00000000c0011c3e                VAS::mapRange(unsigned long, unsigned long, int, int)
                0x00000000c0011d08                VAS::mapForeignPage(bool, VAS*, unsigned long, unsigned long, int)
                0x00000000c0011df6                VAS::VAS(bool)
                0x00000000c0011df6                VAS::VAS(bool)
                0x00000000c0012026                mapVASFirstTime
 .text          0x00000000c00120ed       0x93 coreobjs/c++.32
                0x00000000c00120ed                __cxa_atexit
                0x00000000c00120f0                __cxa_finalize
                0x00000000c00120f1                __stack_chk_fail
                0x00000000c0012151                __cxa_pure_virtual
                0x00000000c0012162                operator new(unsigned long)
                0x00000000c0012167                operator new[](unsigned long)
                0x00000000c001216c                operator delete(void*)
                0x00000000c0012171                operator delete(void*, unsigned long)
                0x00000000c0012176                operator delete[](void*)
                0x00000000c001217b                operator delete[](void*, unsigned long)
 .text          0x00000000c0012180      0x1ef dbg/kconsole.32
                0x00000000c0012180                Dbg::stringifyxWithBase(unsigned int, char*, int)
                0x00000000c00121e1                Dbg::logc(char)
                0x00000000c00121f8                Dbg::logs(char*)
                0x00000000c0012215                Dbg::logWriteInt(unsigned int)
                0x00000000c0012232                Dbg::logWriteIntBase(unsigned int, int)
                0x00000000c0012251                Dbg::kprintf(char const*, ...)
 *fill*         0x00000000c001236f        0x1 
 .text          0x00000000c0012370      0xb68 fs/vfs.32
                0x00000000c0012370                File::read(unsigned long long, void*, int*)
                0x00000000c00123c8                File::write(unsigned long long, void*, int*)
                0x00000000c0012420                Directory::read(unsigned long long, void*, int*)
                0x00000000c0012478                Directory::write(unsigned long long, void*, int*)
                0x00000000c00124a6                File::isAtty()
                0x00000000c00124aa                Directory::isAtty()
                0x00000000c00124ae                Filesystem::getlabel(LogicalDisk*, int, char*, unsigned int*)
                0x00000000c00124b4                Filesystem::setlabel(LogicalDisk*, int, char*)
                0x00000000c00124ba                File::~File()
                0x00000000c00124ba                File::~File()
                0x00000000c00124de                File::~File()
                0x00000000c0012508                Directory::~Directory()
                0x00000000c0012508                Directory::~Directory()
                0x00000000c001252c                Directory::~Directory()
                0x00000000c0012556                Filesystem::Filesystem()
                0x00000000c0012556                Filesystem::Filesystem()
                0x00000000c001257a                Filesystem::~Filesystem()
                0x00000000c001257a                Filesystem::~Filesystem()
                0x00000000c0012588                Filesystem::~Filesystem()
                0x00000000c00125ac                initVFS()
                0x00000000c00125d6                standardiseFiles(char*, char const*, char const*)
                0x00000000c0012780                File::File(char const*, Process*)
                0x00000000c0012780                File::File(char const*, Process*)
                0x00000000c00127e4                File::open(FileOpenMode)
                0x00000000c0012842                File::close()
                0x00000000c00128a2                File::seek(unsigned long long)
                0x00000000c00128f8                File::tell(unsigned long long*)
                0x00000000c0012948                File::rewind()
                0x00000000c001295c                File::unlink()
                0x00000000c00129a8                File::rename(char const*)
                0x00000000c00129f6                File::chfatattr(unsigned char, unsigned char)
                0x00000000c0012a52                File::exists()
                0x00000000c0012a90                File::stat(unsigned long long*, bool*)
                0x00000000c0012af1                getcwd(Process*, char*, int)
                0x00000000c0012b1b                setcwd(Process*, char*)
                0x00000000c0012c42                Directory::Directory(char const*, Process*)
                0x00000000c0012c42                Directory::Directory(char const*, Process*)
                0x00000000c0012ca6                Directory::open()
                0x00000000c0012d02                Directory::close()
                0x00000000c0012d62                Directory::unlink()
                0x00000000c0012dae                Directory::rename(char const*)
                0x00000000c0012dfc                Directory::exists()
                0x00000000c0012e3a                Directory::read(dirent*)
                0x00000000c0012e86                Directory::create()
                0x00000000c0012ed2                Filesystem::chfatattr(char const*, unsigned char, unsigned char)
 .text          0x00000000c0012ed8       0x84 hal/bus.32
                0x00000000c0012ed8                Bus::Bus(char const*)
                0x00000000c0012ed8                Bus::Bus(char const*)
                0x00000000c0012f0e                Bus::~Bus()
                0x00000000c0012f0e                Bus::~Bus()
                0x00000000c0012f32                Bus::~Bus()
 .text          0x00000000c0012f5c      0x14e hal/buzzer.32
                0x00000000c0012f5c                Buzzer::Buzzer(char const*)
                0x00000000c0012f5c                Buzzer::Buzzer(char const*)
                0x00000000c0012fa0                Buzzer::~Buzzer()
                0x00000000c0012fa0                Buzzer::~Buzzer()
                0x00000000c0012fc4                Buzzer::~Buzzer()
                0x00000000c0012fee                Buzzer::stop()
                0x00000000c0013001                beepThread(void*)
                0x00000000c001303c                Buzzer::beep(int, int, bool)
 .text          0x00000000c00130aa      0x42f hal/clock.32
                0x00000000c00130aa                loadClockSettings()
                0x00000000c00130c4                Clock::Clock(char const*)
                0x00000000c00130c4                Clock::Clock(char const*)
                0x00000000c00130fa                Clock::~Clock()
                0x00000000c00130fa                Clock::~Clock()
                0x00000000c001311e                Clock::~Clock()
                0x00000000c0013148                Clock::timeInSecondsLocal()
                0x00000000c0013190                Clock::setTimeInSecondsLocal(unsigned long long)
                0x00000000c00131e9                datetimeToSeconds(datetime_t)
                0x00000000c0013310                Clock::setTimeInDatetimeLocal(datetime_t)
                0x00000000c0013370                secondsToDatetime(unsigned long long)
                0x00000000c00134b4                Clock::timeInDatetimeLocal()
 *fill*         0x00000000c00134d9        0x1 
 .text          0x00000000c00134da      0x504 hal/device.32
                0x00000000c00134da                Device::hibernate()
                0x00000000c00134dc                Device::wake()
                0x00000000c00134de                Device::detect()
                0x00000000c00134e0                Device::disableLegacy()
                0x00000000c00134e2                Device::powerSaving(PowerSavingLevel)
                0x00000000c00134e4                DriverlessDevice::close(int, int, void*)
                0x00000000c00134e8                DriverlessDevice::detect()
                0x00000000c00134ea                DriverlessDevice::open(int, int, void*)
                0x00000000c00134fe                Device::~Device()
                0x00000000c00134fe                Device::~Device()
                0x00000000c001350c                Device::~Device()
                0x00000000c0013534                Device::findAndLoadDriver()
                0x00000000c0013536                Device::preOpenPCI(PCIDeviceInfo)
                0x00000000c001355c                Device::preOpenACPI(void*, char*, char*)
                0x00000000c00135b0                Device::addIRQHandler(int, void (*)(regs*, void*), bool, void*)
                0x00000000c001360e                Device::removeIRQHandler(int, void (*)(regs*, void*), bool)
                0x00000000c001365c                Device::addChild(Device*)
                0x00000000c00136a0                Device::removeAllChildren()
                0x00000000c00136e6                Device::hibernateAll()
                0x00000000c0013716                Device::wakeAll()
                0x00000000c0013746                Device::detectAll()
                0x00000000c0013776                Device::disableLegacyAll()
                0x00000000c00137a6                Device::loadDriversForAll()
                0x00000000c00137d2                Device::closeAll()
                0x00000000c0013808                Device::powerSavingAll(PowerSavingLevel)
                0x00000000c001383e                Device::setName(char const*)
                0x00000000c001384c                Device::Device(char const*)
                0x00000000c001384c                Device::Device(char const*)
                0x00000000c001393e                Device::getName()
                0x00000000c0013948                DriverlessDevice::DriverlessDevice(char const*)
                0x00000000c0013948                DriverlessDevice::DriverlessDevice(char const*)
                0x00000000c0013970                Device::addToLinkedList(LinkedList<Device>&, DeviceType)
                0x00000000c00139b4                getDevicesOfType(DeviceType)
 .text          0x00000000c00139de       0x84 hal/diskctrl.32
                0x00000000c00139de                HardDiskController::HardDiskController(char const*)
                0x00000000c00139de                HardDiskController::HardDiskController(char const*)
                0x00000000c0013a14                HardDiskController::~HardDiskController()
                0x00000000c0013a14                HardDiskController::~HardDiskController()
                0x00000000c0013a38                HardDiskController::~HardDiskController()
 .text          0x00000000c0013a62       0xde hal/diskphys.32
                0x00000000c0013a62                PhysicalDisk::PhysicalDisk(char const*, int)
                0x00000000c0013a62                PhysicalDisk::PhysicalDisk(char const*, int)
                0x00000000c0013aca                PhysicalDisk::startCache()
                0x00000000c0013af2                PhysicalDisk::~PhysicalDisk()
                0x00000000c0013af2                PhysicalDisk::~PhysicalDisk()
                0x00000000c0013b16                PhysicalDisk::~PhysicalDisk()
 .text          0x00000000c0013b40      0x142 hal/fpu.32
                0x00000000c0013b40                FPU::FPU(char const*)
                0x00000000c0013b40                FPU::FPU(char const*)
                0x00000000c0013b76                FPU::~FPU()
                0x00000000c0013b76                FPU::~FPU()
                0x00000000c0013b9a                FPU::~FPU()
                0x00000000c0013bc4                setupFPU()
 .text          0x00000000c0013c82     0x12db hal/intctrl.32
                0x00000000c0013c82                InterruptController::uninstallISRHandler(int, void (*)(regs*, void*))
                0x00000000c0013cba                InterruptController::installISRHandler(int, void (*)(regs*, void*), void*)
                0x00000000c0013d0c                doubleFault(regs*, void*)
                0x00000000c0013d26                InterruptController::installIRQHandler(int, void (*)(regs*, void*), bool, void*)
                0x00000000c0013dc2                InterruptController::clearAllHandlers(int, bool)
                0x00000000c0013e6a                InterruptController::uninstallIRQHandler(int, void (*)(regs*, void*), bool)
                0x00000000c0013ef1                nmiHandler(regs*, void*)
                0x00000000c0013eff                int_handler
                0x00000000c0013f9a                InterruptController::InterruptController(char const*)
                0x00000000c0013f9a                InterruptController::InterruptController(char const*)
                0x00000000c0014040                InterruptController::~InterruptController()
                0x00000000c0014040                InterruptController::~InterruptController()
                0x00000000c0014064                InterruptController::~InterruptController()
                0x00000000c001408e                displayDebugInfo(regs*)
                0x00000000c00144a5                x87EmulHandler(regs*, void*)
                0x00000000c0014508                gpFault(regs*, void*)
                0x00000000c0014541                pgFault(regs*, void*)
                0x00000000c0014558                otherISRHandler(regs*, void*)
                0x00000000c0014577                opcodeFault(regs*, void*)
                0x00000000c0014b30                displayProgramFault(char const*)
                0x00000000c0014b58                setupInterruptController()
                0x00000000c0014f10                InterruptController::convertLegacyIRQNumber(int)
 *fill*         0x00000000c0014f5d        0x1 
 .text          0x00000000c0014f5e      0x620 hal/keybrd.32
                0x00000000c0014f5e                startGUI(void*)
                0x00000000c0014fd0                sendKeyToTerminal(unsigned char)
                0x00000000c001503c                sendKeyboardToken(KeyboardToken)
                0x00000000c0015417                clearInternalKeybuffer(VgaText*)
                0x00000000c001544c                readKeyboard(VgaText*, char*, unsigned long)
                0x00000000c00154f4                Keyboard::Keyboard(char const*)
                0x00000000c00154f4                Keyboard::Keyboard(char const*)
                0x00000000c0015530                Keyboard::~Keyboard()
                0x00000000c0015530                Keyboard::~Keyboard()
                0x00000000c0015554                Keyboard::~Keyboard()
 .text          0x00000000c001557e      0x400 hal/logidisk.32
                0x00000000c001557e                LogicalDisk::close(int, int, void*)
                0x00000000c0015582                LogicalDisk::~LogicalDisk()
                0x00000000c0015582                LogicalDisk::~LogicalDisk()
                0x00000000c00155a6                LogicalDisk::~LogicalDisk()
                0x00000000c00155d0                LogicalDisk::open(int, int, void*)
                0x00000000c00155e4                LogicalDisk::absoluteToRelative(unsigned long long)
                0x00000000c001561c                LogicalDisk::relativeToAbsolute(unsigned long long)
                0x00000000c0015662                LogicalDisk::LogicalDisk(char const*, PhysicalDisk*, unsigned long long, unsigned long long)
                0x00000000c0015662                LogicalDisk::LogicalDisk(char const*, PhysicalDisk*, unsigned long long, unsigned long long)
                0x00000000c0015718                LogicalDisk::assignDriveLetter()
                0x00000000c00157ce                LogicalDisk::mount()
                0x00000000c0015840                LogicalDisk::unmount()
                0x00000000c0015850                LogicalDisk::unassignDriveLetter()
                0x00000000c00158a6                LogicalDisk::read(unsigned long long, int, void*)
                0x00000000c0015912                LogicalDisk::write(unsigned long long, int, void*)
 .text          0x00000000c001597e       0x84 hal/mouse.32
                0x00000000c001597e                Mouse::Mouse(char const*)
                0x00000000c001597e                Mouse::Mouse(char const*)
                0x00000000c00159b4                Mouse::~Mouse()
                0x00000000c00159b4                Mouse::~Mouse()
                0x00000000c00159d8                Mouse::~Mouse()
 .text          0x00000000c0015a02      0x339 hal/partition.32
                0x00000000c0015a02                makePartition(PhysicalDisk*, unsigned long long, unsigned long long)
                0x00000000c0015aaa                createPartitionsForDisk(PhysicalDisk*)
 *fill*         0x00000000c0015d3b        0x1 
 .text          0x00000000c0015d3c      0x2e7 hal/timer.32
                0x00000000c0015d3c                Timer::Timer(char const*)
                0x00000000c0015d3c                Timer::Timer(char const*)
                0x00000000c0015d72                Timer::~Timer()
                0x00000000c0015d72                Timer::~Timer()
                0x00000000c0015d96                Timer::~Timer()
                0x00000000c0015dc0                Timer::read()
                0x00000000c0015dcb                timerHandler(unsigned long long)
                0x00000000c0015f02                setupTimer(int)
 *fill*         0x00000000c0016023        0x1 
 .text          0x00000000c0016024      0x2d1 hal/vcache.32
                0x00000000c0016024                VCache::VCache(PhysicalDisk*)
                0x00000000c0016024                VCache::VCache(PhysicalDisk*)
                0x00000000c0016114                VCache::writeWriteBuffer()
                0x00000000c0016150                VCache::~VCache()
                0x00000000c0016150                VCache::~VCache()
                0x00000000c0016190                VCache::~VCache()
                0x00000000c00161b8                VCache::write(unsigned long long, int, void*)
                0x00000000c001629c                VCache::read(unsigned long long, int, void*)
 *fill*         0x00000000c00162f5        0x1 
 .text          0x00000000c00162f6      0x26d hal/video.32
                0x00000000c00162f6                Video::putrect(int, int, int, int, unsigned int)
                0x00000000c0016340                Video::blit(unsigned int*, int, int, int, int)
                0x00000000c00163be                Video::clearScreen(unsigned int)
                0x00000000c00163f2                Video::putpixel(int, int, unsigned int)
                0x00000000c0016400                Video::Video(char const*)
                0x00000000c0016400                Video::Video(char const*)
                0x00000000c0016436                Video::~Video()
                0x00000000c0016436                Video::~Video()
                0x00000000c001645a                Video::~Video()
                0x00000000c0016484                Video::isMonochrome()
                0x00000000c0016490                Video::getWidth()
                0x00000000c001649c                Video::getHeight()
                0x00000000c00164a8                Video::drawCursor(int, int, unsigned char*, int)
 *fill*         0x00000000c0016563        0x1 
 .text          0x00000000c0016564      0xd04 hw/acpi.32
                0x00000000c0016564                ACPI::close(int, int, void*)
                0x00000000c0016619                findRSDP()
                0x00000000c00166a3                loadACPITables(unsigned char*)
                0x00000000c00168ca                findRSDT(unsigned char*)
                0x00000000c00169e8                findDataTable(unsigned char*, char*)
                0x00000000c0016a84                scanMADT()
                0x00000000c0016e18                ACPI::ACPI()
                0x00000000c0016e18                ACPI::ACPI()
                0x00000000c0016e78                ACPI::getPCIIRQAssignment(unsigned char, unsigned short, unsigned char)
                0x00000000c0016f5a                ACPI::registerPCIIRQAssignment(void*, unsigned short, unsigned char, unsigned char)
                0x00000000c0017060                ACPI::setScreenBrightnessLevel(void*, int)
                0x00000000c0017066                ACPI::writeSimpleBootFlag(SimpleBootFlagTable*)
                0x00000000c00170ae                ACPI::open(int, int, void*)
                0x00000000c0017250                ACPI::sleep()
 .text          0x00000000c0017268     0x17a6 hw/cpu.32
                0x00000000c0017268                CPU::close(int, int, void*)
                0x00000000c001726b                lookupAMDCPUName(unsigned char, unsigned char)
                0x00000000c00173ff                lookupIntelCPUName(unsigned char, unsigned char)
                0x00000000c00176ad                AMD_K6_write_msr(unsigned int, unsigned int, unsigned int, REGS*)
                0x00000000c00176c9                AMD_K6_read_msr(unsigned int, REGS*)
                0x00000000c00176e1                AMD_K6_writeback(int, int, int)
                0x00000000c0017754                cpuid(int, unsigned long*, unsigned long*, unsigned long*, unsigned long*)
                0x00000000c00177d7                cpuidCheckEDX(unsigned int)
                0x00000000c0017804                cpuidCheckECX(unsigned int)
                0x00000000c0017831                cpuidCheckExtendedEBX(unsigned int)
                0x00000000c001785e                cpuidCheckExtendedECX(unsigned int)
                0x00000000c001788b                getCPUNumber()
                0x00000000c001788e                thisCPU()
                0x00000000c00178a2                CPU::CPU()
                0x00000000c00178a2                CPU::CPU()
                0x00000000c0017930                CPU::displayFeatures()
                0x00000000c0017bac                CPU::detectFeatures()
                0x00000000c001859e                CPU::setupSMEP()
                0x00000000c00185b8                CPU::setupUMIP()
                0x00000000c00185d0                CPU::setupTSC()
                0x00000000c00185e8                CPU::setupLargePages()
                0x00000000c0018600                CPU::setupPAT()
                0x00000000c001863c                CPU::setupMTRR()
                0x00000000c001863e                CPU::setupGlobalPages()
                0x00000000c0018654                CPU::allowUsermodeDataAccess()
                0x00000000c0018666                CPU::prohibitUsermodeDataAccess()
                0x00000000c0018678                CPU::setupSMAP()
                0x00000000c001869e                CPU::setupFeatures()
                0x00000000c0018740                CPU::open(int, int, void*)
                0x00000000c0018816                CPU::decodeAddress(regs*, int*, bool*, unsigned char*)
 .text          0x00000000c0018a0e        0x0 hw/ports.32
 .text          0x00000000c0018a0e      0x338 krnl/panic.32
                0x00000000c0018a0e                Krnl::panic(char const*)
 .text          0x00000000c0018d46      0x503 reg/registry.32
                0x00000000c0018d46                Reg::findLineFromLoadedData(char*, char*, char*)
                0x00000000c0018e9e                Reg::getLineFromRegistry(char*, char*, char*, char*)
                0x00000000c0018ffd                Reg::getLine(char*, char*, char*)
                0x00000000c0019034                Reg::readInt(char*, char*, int*)
                0x00000000c001911f                Reg::readString(char*, char*, char*, int)
                0x00000000c00191a0                Reg::readBool(char*, char*, bool*)
                0x00000000c00191c5                Reg::readBoolWithDefault(char*, char*, bool)
                0x00000000c00191f1                Reg::readIntWithDefault(char*, char*, int)
                0x00000000c001921d                Reg::readStringWithDefault(char*, char*, char*, int, char*)
 .text          0x00000000c0019249       0x18 sys/sc_exit.32
                0x00000000c0019249                Sys::exit(regs*)
 .text          0x00000000c0019261       0x95 sys/sc_loaddll.32
                0x00000000c0019261                Sys::loadDLL(regs*)
 .text          0x00000000c00192f6       0x68 sys/sc_read.32
                0x00000000c00192f6                Sys::read(regs*)
 .text          0x00000000c001935e       0x55 sys/sc_sbrk.32
                0x00000000c001935e                Sys::sbrk(regs*)
 .text          0x00000000c00193b3       0x68 sys/sc_write.32
                0x00000000c00193b3                Sys::write(regs*)
 .text          0x00000000c001941b       0x1a sys/sc_yield.32
                0x00000000c001941b                Sys::yield(regs*)
 .text          0x00000000c0019435      0xf85 sys/syscalls.32
                0x00000000c0019435                sysCallGetPID(regs*)
                0x00000000c0019441                sysCallSeekDir(regs*)
                0x00000000c0019446                sysCallTellDir(regs*)
                0x00000000c001944b                sysCallVerify(regs*)
                0x00000000c0019455                sysCallFork(regs*)
                0x00000000c0019460                sysCallExecve(regs*)
                0x00000000c001946b                sysCallGetArgc(regs*)
                0x00000000c001947b                sysFormatDisk(regs*)
                0x00000000c00194e5                sysSetDiskVolumeLabel(regs*)
                0x00000000c001952b                sysGetDiskVolumeLabel(regs*)
                0x00000000c001957c                sysShutdown(regs*)
                0x00000000c00195da                sysCallGetCwd(regs*)
                0x00000000c00195f9                sysCallSetCwd(regs*)
                0x00000000c0019615                sysCallRealpath(regs*)
                0x00000000c0019658                sysCallReadDir(regs*)
                0x00000000c00196e6                sysCallIsATTY(regs*)
                0x00000000c0019740                sysCallSeek(regs*)
                0x00000000c00197a9                sysCallTell(regs*)
                0x00000000c0019826                sysCallSizeFromFilename(regs*)
                0x00000000c00198d7                sysCallSize(regs*)
                0x00000000c001995a                sysCallClose(regs*)
                0x00000000c00199e2                sysCallOpenDir(regs*)
                0x00000000c0019a4f                sysCallMakeDir(regs*)
                0x00000000c0019aa8                sysCallCloseDir(regs*)
                0x00000000c0019b0e                sysCallWait(regs*)
                0x00000000c0019b28                sysCallRmdir(regs*)
                0x00000000c0019b7a                sysCallUnlink(regs*)
                0x00000000c0019bcc                sysCallGetArgv(regs*)
                0x00000000c0019c18                sysCallTTYName(regs*)
                0x00000000c0019c9b                sysCallGetEnv(regs*)
                0x00000000c0019ced                sysCallUSleep(regs*)
                0x00000000c0019d14                sysCallSpawn(regs*)
                0x00000000c0019d6c                sysAppSettings(regs*)
                0x00000000c0019e8b                sysSetFatAttrib(regs*)
                0x00000000c0019eeb                sysPanic(regs*)
                0x00000000c0019f11                sysPipe(regs*)
                0x00000000c0019f56                sysGetUnixTime(regs*)
                0x00000000c0019f6a                string_ends_with(char const*, char const*)
                0x00000000c0019fb2                sysCallOpen(regs*)
                0x00000000c001a1bf                setupSystemCalls()
                0x00000000c001a378                systemCall(regs*, void*)
 .text          0x00000000c001a3ba     0x11c7 thr/elf.32
                0x00000000c001a3ba                Thr::allocateMemoryForTask(Process*, File*, unsigned long, unsigned long, unsigned long)
                0x00000000c001a637                Thr::loadProgramIntoMemory(Process*, char const*)
                0x00000000c001a84d                Thr::runtimeReferenceHelper()
                0x00000000c001a860                Thr::getAddressOfKernelSymbol(char const*)
                0x00000000c001a8af                Thr::loadKernelSymbolTable(char const*)
                0x00000000c001ab70                Thr::loadDriverIntoMemory(char const*, unsigned long, bool)
                0x00000000c001b30e                Thr::getDriverBaseFromAddress(unsigned long)
                0x00000000c001b340                Thr::getDriverNameFromAddress(unsigned long)
                0x00000000c001b377                Thr::getDriverOffsetFromAddress(unsigned long)
                0x00000000c001b391                Thr::loadDLL(char const*, bool)
                0x00000000c001b557                Thr::executeDLL(unsigned long, void*)
 *fill*         0x00000000c001b581        0x1 
 .text          0x00000000c001b582      0xfce thr/prcssthr.32
                0x00000000c001b582                changeTSS
                0x00000000c001b5b0                Process::addArgs(char**)
                0x00000000c001b60a                Process::Process(char const*, Process*, char**)
                0x00000000c001b60a                Process::Process(char const*, Process*, char**)
                0x00000000c001b7c2                Process::Process(bool, char const*, Process*, char**)
                0x00000000c001b7c2                Process::Process(bool, char const*, Process*, char**)
                0x00000000c001b945                disableIRQs()
                0x00000000c001b94d                getIRQNestingLevel()
                0x00000000c001b953                enableIRQs()
                0x00000000c001b962                lockScheduler()
                0x00000000c001b964                unlockScheduler()
                0x00000000c001b966                userModeEntryPoint(void*)
                0x00000000c001b989                lockStuff()
                0x00000000c001b995                taskStartupFunction
                0x00000000c001b99e                updateTimeUsed()
                0x00000000c001b9fc                switchToThread(ThreadControlBlock*)
                0x00000000c001ba4c                Semaphore::Semaphore(int)
                0x00000000c001ba4c                Semaphore::Semaphore(int)
                0x00000000c001ba7a                Mutex::Mutex()
                0x00000000c001ba7a                Mutex::Mutex()
                0x00000000c001ba8c                Process::createThread(void (*)(void*), void*, int)
                0x00000000c001bb70                Process::createUserThread()
                0x00000000c001bb8c                setupMultitasking(void (*)())
                0x00000000c001bc96                schedule()
                0x00000000c001bd1b                unlockStuff()
                0x00000000c001bd50                Semaphore::tryAcquire()
                0x00000000c001bd7e                Semaphore::assertLocked(char const*)
                0x00000000c001bdae                blockTaskWithSchedulerLockAlreadyHeld(TaskState)
                0x00000000c001bdf0                blockTask(TaskState)
                0x00000000c001be11                waitTask(int, int*, int)
                0x00000000c001be53                nanoSleepUntil(unsigned long long)
                0x00000000c001beaa                nanoSleep(unsigned long long)
                0x00000000c001bebf                sleep(unsigned long long)
                0x00000000c001bedc                Semaphore::acquire()
                0x00000000c001bf44                taskReturned
                0x00000000c001bf72                unblockTask(ThreadControlBlock*)
                0x00000000c001c021                cleanupTerminatedTask(ThreadControlBlock*)
                0x00000000c001c2c5                cleanerTaskFunction(void*)
                0x00000000c001c378                terminateTask(int)
                0x00000000c001c458                Thr::terminateFromIRQ(int)
                0x00000000c001c464                Semaphore::release()
 .text          0x00000000c001c550      0x8bf vm86/vm8086.32
                0x00000000c001c550                Vm::vm8086EntryPoint(void*)
                0x00000000c001c57b                Vm::inbv(unsigned short)
                0x00000000c001c581                Vm::outbv(unsigned short, unsigned char)
                0x00000000c001c58b                Vm::realToLinear(unsigned short, unsigned short)
                0x00000000c001c59b                Vm::getSegment(unsigned int)
                0x00000000c001c5a3                Vm::getOffset(unsigned int)
                0x00000000c001c5a8                Vm::loadFileAsThread(Process*, char const*, unsigned short, unsigned short, unsigned short, unsigned short)
                0x00000000c001c6d7                Vm::doISR(regs*, int, unsigned char*, unsigned short, unsigned short)
                0x00000000c001c761                Vm::readByteFromReal(unsigned short, unsigned short)
                0x00000000c001c772                Vm::readWordFromReal(unsigned short, unsigned short)
                0x00000000c001c784                Vm::readDwordFromReal(unsigned short, unsigned short)
                0x00000000c001c795                Vm::writeByteFromReal(unsigned short, unsigned short, unsigned char)
                0x00000000c001c7aa                Vm::writeWordFromReal(unsigned short, unsigned short, unsigned short)
                0x00000000c001c7c0                Vm::writeDwordFromReal(unsigned short, unsigned short, unsigned int)
                0x00000000c001c7d5                Vm::faultHandler(regs*)
 *fill*         0x00000000c001ce0f        0x1 
 .text          0x00000000c001ce10     0x10ed fs/fat/vfslink.32
                0x00000000c001ce10                FAT::getName()
                0x00000000c001ce16                FAT::tell(void*, unsigned long long*)
                0x00000000c001ce4a                FAT::stat(void*, unsigned long long*)
                0x00000000c001ce7e                FAT::~FAT()
                0x00000000c001ce7e                FAT::~FAT()
                0x00000000c001cea2                FAT::~FAT()
                0x00000000c001ceca                FAT::getlabel(LogicalDisk*, int, char*, unsigned int*)
                0x00000000c001cf68                FAT::setlabel(LogicalDisk*, int, char*)
                0x00000000c001d022                FAT::format(LogicalDisk*, int, char const*, int)
                0x00000000c001d206                FAT::tryMount(LogicalDisk*, int)
                0x00000000c001d40c                FAT::readDir(void*, unsigned long, void*, int*)
                0x00000000c001d512                FAT::read(void*, unsigned long, void*, int*)
                0x00000000c001d56c                FAT::write(void*, unsigned long, void*, int*)
                0x00000000c001d5c6                FAT::close(void*)
                0x00000000c001d612                FAT::closeDir(void*)
                0x00000000c001d65e                FAT::seek(void*, unsigned long long)
                0x00000000c001d6b2                fatWrapperReadDisk
                0x00000000c001d6f9                fatWrapperWriteDisk
                0x00000000c001d740                fatWrapperIoctl
                0x00000000c001d844                FAT::FAT()
                0x00000000c001d844                FAT::FAT()
                0x00000000c001d896                FAT::fixFilepath(char*)
                0x00000000c001d8ce                FAT::open(char const*, void**, FileOpenMode)
                0x00000000c001d9f6                FAT::openDir(char const*, void**)
                0x00000000c001da9c                FAT::stat(char const*, unsigned long long*, bool*)
                0x00000000c001db86                FAT::unlink(char const*)
                0x00000000c001dc00                FAT::chfatattr(char const*, unsigned char, unsigned char)
                0x00000000c001dd54                FAT::rename(char const*, char const*)
                0x00000000c001de18                FAT::mkdir(char const*)
                0x00000000c001de92                FAT::exists(char const*)
 *fill*         0x00000000c001defd        0x1 
 .text          0x00000000c001defe      0xbdf fs/iso9660/vfslink.32
                0x00000000c001defe                ISO9660::format(LogicalDisk*, int, char const*, int)
                0x00000000c001df04                ISO9660::seek(void*, unsigned long long)
                0x00000000c001df34                ISO9660::tell(void*, unsigned long long*)
                0x00000000c001df58                ISO9660::getName()
                0x00000000c001df5e                ISO9660::stat(void*, unsigned long long*)
                0x00000000c001df82                ISO9660::chfatattr(char const*, unsigned char, unsigned char)
                0x00000000c001df88                ISO9660::unlink(char const*)
                0x00000000c001df8e                ISO9660::write(void*, unsigned long, void*, int*)
                0x00000000c001df94                ISO9660::rename(char const*, char const*)
                0x00000000c001df9a                ISO9660::mkdir(char const*)
                0x00000000c001dfa0                ISO9660::close(void*)
                0x00000000c001dfc2                ISO9660::closeDir(void*)
                0x00000000c001dfe4                ISO9660::~ISO9660()
                0x00000000c001dfe4                ISO9660::~ISO9660()
                0x00000000c001e008                ISO9660::~ISO9660()
                0x00000000c001e02f                __memmem(unsigned char*, int, unsigned char*, int)
                0x00000000c001e071                readSectorFromCDROM(unsigned int, unsigned char*, char)
                0x00000000c001e0d8                ISO9660::tryMount(LogicalDisk*, int)
                0x00000000c001e128                ISO9660::read(void*, unsigned long, void*, int*)
                0x00000000c001e36c                ISO9660::readDir(void*, unsigned long, void*, int*)
                0x00000000c001e5f9                readRoot(unsigned int*, unsigned int*, char)
                0x00000000c001e64e                readRecursively(char*, unsigned int, unsigned int, unsigned int*, unsigned int*, char, int*)
                0x00000000c001e821                getFileData(char*, unsigned int*, unsigned int*, char, int*)
                0x00000000c001e8b0                ISO9660::open(char const*, void**, FileOpenMode)
                0x00000000c001e94a                ISO9660::exists(char const*)
                0x00000000c001e96e                ISO9660::stat(char const*, unsigned long long*, bool*)
                0x00000000c001ea02                ISO9660::openDir(char const*, void**)
                0x00000000c001eaba                ISO9660::ISO9660()
                0x00000000c001eaba                ISO9660::ISO9660()
 *fill*         0x00000000c001eadd        0x1 
 .text          0x00000000c001eade      0x27d hal/sound/sndchannel.32
                0x00000000c001eade                SoundChannel::~SoundChannel()
                0x00000000c001eade                SoundChannel::~SoundChannel()
                0x00000000c001eafa                SoundChannel::setSpeed(float)
                0x00000000c001eb06                SoundChannel::getSpeed()
                0x00000000c001eb0e                SoundChannel::setVolume(int)
                0x00000000c001eb2a                SoundChannel::getVolume()
                0x00000000c001eb32                SoundChannel::pause()
                0x00000000c001eb3c                SoundChannel::SoundChannel(int, int, int, int)
                0x00000000c001eb3c                SoundChannel::SoundChannel(int, int, int, int)
                0x00000000c001ec30                SoundChannel::play()
                0x00000000c001ec3a                SoundChannel::paused()
                0x00000000c001ec42                SoundChannel::getSampleRate()
                0x00000000c001ec4a                SoundChannel::getBits()
                0x00000000c001ec52                SoundChannel::getBufferUsed()
                0x00000000c001ec5a                SoundChannel::getBufferSize()
                0x00000000c001ec62                SoundChannel::unbuffer(float*, int, int)
                0x00000000c001ed02                SoundChannel::buffer8(unsigned char*, int)
 *fill*         0x00000000c001ed5b        0x1 
 .text          0x00000000c001ed5c      0x3d5 hal/sound/sndhw.32
                0x00000000c001ed5c                SoundDevice::SoundDevice(char const*)
                0x00000000c001ed5c                SoundDevice::SoundDevice(char const*)
                0x00000000c001edc8                SoundDevice::~SoundDevice()
                0x00000000c001edc8                SoundDevice::~SoundDevice()
                0x00000000c001ee42                SoundDevice::~SoundDevice()
                0x00000000c001ee6c                SoundDevice::getFreeChannelNum()
                0x00000000c001ee86                SoundDevice::addChannel(SoundChannel*)
                0x00000000c001eef6                SoundDevice::removeChannel(int)
                0x00000000c001ef28                SoundDevice::floatTo8(float*, unsigned char*, int)
                0x00000000c001f010                SoundDevice::getAudio(int, float*, float*)
 .text          0x00000000c001f131        0x0 hw/bus/isa.32
 *fill*         0x00000000c001f131        0x1 
 .text          0x00000000c001f132      0x6c1 hw/bus/pci.32
                0x00000000c001f132                PCI::open(int, int, void*)
                0x00000000c001f146                PCI::close(int, int, void*)
                0x00000000c001f14a                PCI::PCI()
                0x00000000c001f14a                PCI::PCI()
                0x00000000c001f1ca                PCI::pciReadWord(unsigned char, unsigned char, unsigned char, unsigned char)
                0x00000000c001f212                PCI::getVendorID(unsigned char, unsigned char, unsigned char)
                0x00000000c001f234                PCI::getHeaderType(unsigned char, unsigned char, unsigned char)
                0x00000000c001f258                PCI::getClassCode(unsigned char, unsigned char, unsigned char)
                0x00000000c001f29c                PCI::getProgIF(unsigned char, unsigned char, unsigned char)
                0x00000000c001f2c0                PCI::getRevisionID(unsigned char, unsigned char, unsigned char)
                0x00000000c001f2e2                PCI::getInterruptNumber(unsigned char, unsigned char, unsigned char)
                0x00000000c001f304                PCI::getSecondaryBus(unsigned char, unsigned char, unsigned char)
                0x00000000c001f328                PCI::getBARAddress(unsigned char, unsigned char, unsigned char, unsigned char)
                0x00000000c001f388                PCI::pciWriteWord(unsigned char, unsigned char, unsigned char, unsigned char, unsigned short)
                0x00000000c001f3f4                PCI::checkBus(unsigned char)
                0x00000000c001f418                PCI::foundDevice(PCIDeviceInfo)
                0x00000000c001f588                PCI::getDeviceData(unsigned char, unsigned char, unsigned char)
                0x00000000c001f734                PCI::checkDevice(unsigned char, unsigned char)
                0x00000000c001f7a0                PCI::detect()
 *fill*         0x00000000c001f7f3        0x1 
 .text          0x00000000c001f7f4      0xc70 hw/diskctrl/ide.32
                0x00000000c001f7f4                IDE::close(int, int, void*)
                0x00000000c001f7f8                IDE::IDE()
                0x00000000c001f7f8                IDE::IDE()
                0x00000000c001f82c                IDE::prepareInterrupt(unsigned char)
                0x00000000c001f83e                selectDrive(unsigned char, unsigned char)
                0x00000000c001f840                IDE::getBase(unsigned char)
                0x00000000c001f852                IDE::write(unsigned char, unsigned char, unsigned char)
                0x00000000c001f912                IDE::read(unsigned char, unsigned char)
                0x00000000c001f9c0                IDE::waitInterrupt(unsigned char)
                0x00000000c001fa26                ideChannel0IRQHandler(regs*, void*)
                0x00000000c001fa42                ideChannel1IRQHandler(regs*, void*)
                0x00000000c001fa5e                IDE::enableIRQs(unsigned char, bool)
                0x00000000c001faa4                IDE::open(int, int, void*)
                0x00000000c001feb4                IDE::readBuffer(unsigned char, unsigned char, unsigned int, unsigned int)
                0x00000000c001ff80                IDE::detect()
                0x00000000c0020268                IDE::printError(unsigned char, unsigned char, unsigned char)
                0x00000000c00203fe                IDE::polling(unsigned char, unsigned int)
 .text          0x00000000c0020464      0x62b hw/diskphys/ata.32
                0x00000000c0020464                ATA::close(int, int, void*)
                0x00000000c0020488                ATA::powerSaving(PowerSavingLevel)
                0x00000000c002048a                ATA::ATA()
                0x00000000c002048a                ATA::ATA()
                0x00000000c00204b8                ATA::flush(bool)
                0x00000000c0020502                ATA::readyForCommand()
                0x00000000c0020552                ATA::access(unsigned long long, int, void*, bool)
                0x00000000c00208d0                ATA::read(unsigned long long, int, void*)
                0x00000000c0020938                ATA::write(unsigned long long, int, void*)
                0x00000000c00209a0                ATA::detectCHS()
                0x00000000c00209ca                ATA::open(int, int, void*)
 *fill*         0x00000000c0020a8f        0x1 
 .text          0x00000000c0020a90      0x5b3 hw/diskphys/atapi.32
                0x00000000c0020a90                ATAPI::write(unsigned long long, int, void*)
                0x00000000c0020a96                ATAPI::close(int, int, void*)
                0x00000000c0020aba                ATAPI::ATAPI()
                0x00000000c0020aba                ATAPI::ATAPI()
                0x00000000c0020ae8                ATAPI::readyForCommand()
                0x00000000c0020b38                ATAPI::sendPacket(unsigned char*, int, bool, unsigned short*, int)
                0x00000000c0020df8                ATAPI::diskRemoved()
                0x00000000c0020e14                ATAPI::eject()
                0x00000000c0020e5a                ATAPI::diskInserted()
                0x00000000c0020e88                ATAPI::detectMedia()
                0x00000000c0020f44                ATAPI::open(int, int, void*)
                0x00000000c0020fc4                ATAPI::read(unsigned long long, int, void*)
 *fill*         0x00000000c0021043        0x1 
 .text          0x00000000c0021044       0x8e hw/fpu/avx.32
                0x00000000c0021044                AVX::open(int, int, void*)
                0x00000000c0021056                AVX::close(int, int, void*)
                0x00000000c0021068                AVX::available()
                0x00000000c002107a                AVX::save(void*)
                0x00000000c0021092                AVX::load(void*)
                0x00000000c00210aa                AVX::AVX()
                0x00000000c00210aa                AVX::AVX()
 .text          0x00000000c00210d2       0x90 hw/fpu/mmx.32
                0x00000000c00210d2                MMX::available()
                0x00000000c00210e6                MMX::open(int, int, void*)
                0x00000000c00210f8                MMX::close(int, int, void*)
                0x00000000c002110a                MMX::save(void*)
                0x00000000c0021122                MMX::load(void*)
                0x00000000c002113a                MMX::MMX()
                0x00000000c002113a                MMX::MMX()
 .text          0x00000000c0021162       0x96 hw/fpu/sse.32
                0x00000000c0021162                SSE::open(int, int, void*)
                0x00000000c0021174                SSE::close(int, int, void*)
                0x00000000c0021186                SSE::available()
                0x00000000c00211a0                SSE::save(void*)
                0x00000000c00211b8                SSE::load(void*)
                0x00000000c00211d0                SSE::SSE()
                0x00000000c00211d0                SSE::SSE()
 .text          0x00000000c00211f8       0x8e hw/fpu/x87.32
                0x00000000c00211f8                x87::open(int, int, void*)
                0x00000000c002120a                x87::close(int, int, void*)
                0x00000000c002121c                x87::available()
                0x00000000c002122e                x87::save(void*)
                0x00000000c0021246                x87::load(void*)
                0x00000000c002125e                x87::x87()
                0x00000000c002125e                x87::x87()
 .text          0x00000000c0021286      0x5f3 hw/intctrl/apic.32
                0x00000000c0021286                APIC::disable()
                0x00000000c0021288                APIC::close(int, int, void*)
                0x00000000c00212aa                IOAPIC::close(int, int, void*)
                0x00000000c00212b0                APIC::io_wait()
                0x00000000c00212b6                APIC::getBase()
                0x00000000c00212f8                APIC::eoi(unsigned char)
                0x00000000c0021326                APIC::open(int, int, void*)
                0x00000000c00213e0                IOAPIC::IOAPIC()
                0x00000000c00213e0                IOAPIC::IOAPIC()
                0x00000000c0021408                APIC::APIC()
                0x00000000c0021408                APIC::APIC()
                0x00000000c00214d8                IOAPIC::handlesGSIWithNumber(unsigned int)
                0x00000000c002150a                IOAPIC::read(int)
                0x00000000c0021532                IOAPIC::open(int, int, void*)
                0x00000000c0021628                IOAPIC::write(int, int)
                0x00000000c0021654                IOAPIC::redirect(unsigned char, unsigned long long, unsigned char)
                0x00000000c002170e                APIC::installIRQHandler(int, void (*)(regs*, void*), bool, void*)
 *fill*         0x00000000c0021879        0x1 
 .text          0x00000000c002187a      0x3d3 hw/intctrl/pic.32
                0x00000000c002187a                PIC::disable()
                0x00000000c00218a8                PIC::close(int, int, void*)
                0x00000000c00218ca                PIC::PIC()
                0x00000000c00218ca                PIC::PIC()
                0x00000000c00219a0                PIC::ioWait()
                0x00000000c00219a6                PIC::getIRQReg(int)
                0x00000000c0021a10                PIC::eoi(unsigned char)
                0x00000000c0021aa2                PIC::remap()
                0x00000000c0021c0e                PIC::open(int, int, void*)
 *fill*         0x00000000c0021c4d        0x1 
 .text          0x00000000c0021c4e      0x252 hw/timer/apictimer.32
                0x00000000c0021c4e                APICTimer::close(int, int, void*)
                0x00000000c0021c54                apicTimerHandler(regs*, void*)
                0x00000000c0021c82                APICTimer::write(int)
                0x00000000c0021d80                APICTimer::open(int, int, void*)
                0x00000000c0021e78                APICTimer::APICTimer()
                0x00000000c0021e78                APICTimer::APICTimer()
 .text          0x00000000c0021ea0      0x1a7 hw/timer/pit.32
                0x00000000c0021ea0                PIT::write(int)
                0x00000000c0021f1e                pitHandler(regs*, void*)
                0x00000000c0021f4a                PIT::open(int, int, void*)
                0x00000000c0021f98                PIT::close(int, int, void*)
                0x00000000c0021fc8                PIT::PIT()
                0x00000000c0021fc8                PIT::PIT()
 *fill*         0x00000000c0022047        0x9 
 .text          0x00000000c0022050        0xa hw/fpu/x86/avx.32
                0x00000000c0022050                avxDetect
                0x00000000c0022056                avxSave
                0x00000000c0022057                avxLoad
                0x00000000c0022058                avxInit
                0x00000000c0022059                avxClose
 *fill*         0x00000000c002205a        0x6 
 .text          0x00000000c0022060       0x38 hw/fpu/x86/sse.32
                0x00000000c0022060                sseDetect
                0x00000000c002207b                sseSave
                0x00000000c0022081                sseLoad
                0x00000000c0022087                sseInit
                0x00000000c0022097                sseClose
 *fill*         0x00000000c0022098        0x8 
 .text          0x00000000c00220a0       0x47 hw/fpu/x86/x87.32
                0x00000000c00220a6                x87Detect
                0x00000000c00220c1                x87Save
                0x00000000c00220c7                x87Load
                0x00000000c00220cc                x87Init
                0x00000000c00220e6                x87Close
 *fill*         0x00000000c00220e7        0x1 
 .text          0x00000000c00220e8       0x25 /cygdrive/d/Users/Alex/Desktop/Toolchain/Output/bin/../lib/gcc/i386-banana/8.1.0/crtend.o
 .text          0x00000000c002210d        0x0 crtn.32
 *fill*         0x00000000c002210d        0x3 
 .text          0x00000000c0022110      0x14b /cygdrive/d/Users/Alex/Desktop/Toolchain/Output/bin/../lib/gcc/i386-banana/8.1.0/libgcc.a(_divdi3.o)
                0x00000000c0022110                __divdi3
 *fill*         0x00000000c002225b        0x1 
 .text          0x00000000c002225c      0x17e /cygdrive/d/Users/Alex/Desktop/Toolchain/Output/bin/../lib/gcc/i386-banana/8.1.0/libgcc.a(_moddi3.o)
                0x00000000c002225c                __moddi3
 *fill*         0x00000000c00223da        0x2 
 .text          0x00000000c00223dc       0xff /cygdrive/d/Users/Alex/Desktop/Toolchain/Output/bin/../lib/gcc/i386-banana/8.1.0/libgcc.a(_udivdi3.o)
                0x00000000c00223dc                __udivdi3
 *fill*         0x00000000c00224db        0x1 
 .text          0x00000000c00224dc      0x11a /cygdrive/d/Users/Alex/Desktop/Toolchain/Output/bin/../lib/gcc/i386-banana/8.1.0/libgcc.a(_umoddi3.o)
                0x00000000c00224dc                __umoddi3
 .text          0x00000000c00225f6      0x96d D:/Users/Alex/Desktop/Banana/kernel/libsoftfp.a(sfieeelib.o)
                0x00000000c00225f6                __addsf3
                0x00000000c00228f8                __subsf3
                0x00000000c002290c                __negsf2
                0x00000000c0022919                __mulsf3
                0x00000000c0022adc                __divsf3
                0x00000000c0022d07                __floatsisf
                0x00000000c0022d7b                __floatunsisf
                0x00000000c0022dbd                __fixsfsi
                0x00000000c0022e1f                __fixunssfsi
                0x00000000c0022e50                __cmpsf2
                0x00000000c0022ee5                __eqsf2
                0x00000000c0022f20                __nesf2
                0x00000000c0022f22                __gtsf2
                0x00000000c0022f5d                __gesf2
                0x00000000c0022f5f                __ltsf2
                0x00000000c0022f61                __lesf2
 .text          0x00000000c0022f63      0xf50 D:/Users/Alex/Desktop/Banana/kernel/libsoftfp.a(dfieeelib.o)
                0x00000000c0022f63                __adddf3
                0x00000000c00235b4                __subdf3
                0x00000000c00235cf                __negdf2
                0x00000000c00235e0                __muldf3
                0x00000000c00238c4                __divdf3
                0x00000000c0023c43                __floatsidf
                0x00000000c0023c9e                __floatunsidf
                0x00000000c0023cdc                __fixdfsi
                0x00000000c0023d49                __fixunsdfsi
                0x00000000c0023d85                __cmpdf2
                0x00000000c0023e73                __eqdf2
                0x00000000c0023e8f                __nedf2
                0x00000000c0023e91                __gtdf2
                0x00000000c0023ead                __gedf2
                0x00000000c0023eaf                __ltdf2
                0x00000000c0023eb1                __ledf2
 .text          0x00000000c0023eb3      0x18d D:/Users/Alex/Desktop/Banana/kernel/libsoftfp.a(sfdfcvt.o)
                0x00000000c0023eb3                __truncdfsf2
                0x00000000c0023fd7                __extendsfdf2
 .text          0x00000000c0024040       0x1e D:/Users/Alex/Desktop/Banana/kernel/libk/libm32.a(s_fabs.c.o)
                0x00000000c0024040                fabs
 *fill*         0x00000000c002405e        0x2 
 .text          0x00000000c0024060        0xc D:/Users/Alex/Desktop/Banana/kernel/libk/libm32.a(s_lrint.S.o)
                0x00000000c0024060                lrint
 .text          0x00000000c002406c        0xc D:/Users/Alex/Desktop/Banana/kernel/libk/libm32.a(s_lrintf.S.o)
                0x00000000c002406c                lrintf
 *(.gnu.linkonce.t*)

.iplt           0x00000000c0024078        0x0
 .iplt          0x00000000c0024078        0x0 D:/Users/Alex/Desktop/Banana/kernel/boot.32

.init           0x00000000c0024078        0xf
 .init          0x00000000c0024078        0x3 crti.32
                0x00000000c0024078                _init
 .init          0x00000000c002407b        0x5 /cygdrive/d/Users/Alex/Desktop/Toolchain/Output/bin/../lib/gcc/i386-banana/8.1.0/crtbegin.o
 .init          0x00000000c0024080        0x5 /cygdrive/d/Users/Alex/Desktop/Toolchain/Output/bin/../lib/gcc/i386-banana/8.1.0/crtend.o
 .init          0x00000000c0024085        0x2 crtn.32

.fini           0x00000000c0024087        0xa
 .fini          0x00000000c0024087        0x3 crti.32
                0x00000000c0024087                _fini
 .fini          0x00000000c002408a        0x5 /cygdrive/d/Users/Alex/Desktop/Toolchain/Output/bin/../lib/gcc/i386-banana/8.1.0/crtbegin.o
 .fini          0x00000000c002408f        0x2 crtn.32

.text._ZN8ComputerD2Ev
                0x00000000c0024092       0x23
 .text._ZN8ComputerD2Ev
                0x00000000c0024092       0x23 core/computer.32
                0x00000000c0024092                Computer::~Computer()
                0x00000000c0024092                Computer::~Computer()

.text._ZN8ComputerD0Ev
                0x00000000c00240b6       0x2a
 .text._ZN8ComputerD0Ev
                0x00000000c00240b6       0x2a core/computer.32
                0x00000000c00240b6                Computer::~Computer()

.text._Z10idleCommonv
                0x00000000c00240e0       0x15
 .text._Z10idleCommonv
                0x00000000c00240e0       0x15 core/idle.32
                0x00000000c00240e0                idleCommon()

.text._ZN3CPU7readCR3Ev
                0x00000000c00240f5       0x12
 .text._ZN3CPU7readCR3Ev
                0x00000000c00240f5       0x12 core/kheap.32
                0x00000000c00240f5                CPU::readCR3()

.text._ZN3CPU8writeCR3Em
                0x00000000c0024107        0x9
 .text._ZN3CPU8writeCR3Em
                0x00000000c0024107        0x9 core/kheap.32
                0x00000000c0024107                CPU::writeCR3(unsigned long)

.text._ZN10LinkedListI8UnixFileED2Ev
                0x00000000c0024110        0x2
 .text._ZN10LinkedListI8UnixFileED2Ev
                0x00000000c0024110        0x2 core/unixfile.32
                0x00000000c0024110                LinkedList<UnixFile>::~LinkedList()
                0x00000000c0024110                LinkedList<UnixFile>::~LinkedList()

.text._ZN10LinkedListI8UnixFileEC2Ev
                0x00000000c0024112       0x58
 .text._ZN10LinkedListI8UnixFileEC2Ev
                0x00000000c0024112       0x58 core/unixfile.32
                0x00000000c0024112                LinkedList<UnixFile>::LinkedList()
                0x00000000c0024112                LinkedList<UnixFile>::LinkedList()

.text._ZN10LinkedListI8UnixFileE10addElementEPS0_
                0x00000000c002416a       0xd3
 .text._ZN10LinkedListI8UnixFileE10addElementEPS0_
                0x00000000c002416a       0xd3 core/unixfile.32
                0x00000000c002416a                LinkedList<UnixFile>::addElement(UnixFile*)

.text._ZN10LinkedListI8UnixFileE15getFirstElementEv
                0x00000000c002423e        0x7
 .text._ZN10LinkedListI8UnixFileE15getFirstElementEv
                0x00000000c002423e        0x7 core/unixfile.32
                0x00000000c002423e                LinkedList<UnixFile>::getFirstElement()

.text._ZN10LinkedListI8UnixFileE11removeFirstEv
                0x00000000c0024246       0xa1
 .text._ZN10LinkedListI8UnixFileE11removeFirstEv
                0x00000000c0024246       0xa1 core/unixfile.32
                0x00000000c0024246                LinkedList<UnixFile>::removeFirst()

.text._ZN10LinkedListI8UnixFileE7getNextEPS0_
                0x00000000c00242e8        0x8
 .text._ZN10LinkedListI8UnixFileE7getNextEPS0_
                0x00000000c00242e8        0x8 core/unixfile.32
                0x00000000c00242e8                LinkedList<UnixFile>::getNext(UnixFile*)

.text._ZN16DriverlessDeviceD2Ev
                0x00000000c00242f0       0x1a
 .text._ZN16DriverlessDeviceD2Ev
                0x00000000c00242f0       0x1a hal/device.32
                0x00000000c00242f0                DriverlessDevice::~DriverlessDevice()
                0x00000000c00242f0                DriverlessDevice::~DriverlessDevice()

.text._ZN16DriverlessDeviceD0Ev
                0x00000000c002430a       0x2a
 .text._ZN16DriverlessDeviceD0Ev
                0x00000000c002430a       0x2a hal/device.32
                0x00000000c002430a                DriverlessDevice::~DriverlessDevice()

.text._ZN10LinkedListI6DeviceE10addElementEPS0_
                0x00000000c0024334       0xdc
 .text._ZN10LinkedListI6DeviceE10addElementEPS0_
                0x00000000c0024334       0xdc hal/device.32
                0x00000000c0024334                LinkedList<Device>::addElement(Device*)

.text._ZN10LinkedListI6DeviceEC2Ev
                0x00000000c0024410       0x58
 .text._ZN10LinkedListI6DeviceEC2Ev
                0x00000000c0024410       0x58 hal/device.32
                0x00000000c0024410                LinkedList<Device>::LinkedList()
                0x00000000c0024410                LinkedList<Device>::LinkedList()

.text._ZN3CPU7readCR0Ev
                0x00000000c0024468       0x12
 .text._ZN3CPU7readCR0Ev
                0x00000000c0024468       0x12 hal/fpu.32
                0x00000000c0024468                CPU::readCR0()

.text._ZN3CPU8writeCR0Em
                0x00000000c002447a        0x9
 .text._ZN3CPU8writeCR0Em
                0x00000000c002447a        0x9 hal/fpu.32
                0x00000000c002447a                CPU::writeCR0(unsigned long)

.text._ZN3CPU7readDR0Ev
                0x00000000c0024483       0x12
 .text._ZN3CPU7readDR0Ev
                0x00000000c0024483       0x12 hal/intctrl.32
                0x00000000c0024483                CPU::readDR0()

.text._ZN3CPU7readDR1Ev
                0x00000000c0024495       0x12
 .text._ZN3CPU7readDR1Ev
                0x00000000c0024495       0x12 hal/intctrl.32
                0x00000000c0024495                CPU::readDR1()

.text._ZN3CPU7readDR2Ev
                0x00000000c00244a7       0x12
 .text._ZN3CPU7readDR2Ev
                0x00000000c00244a7       0x12 hal/intctrl.32
                0x00000000c00244a7                CPU::readDR2()

.text._ZN3CPU7readDR3Ev
                0x00000000c00244b9       0x12
 .text._ZN3CPU7readDR3Ev
                0x00000000c00244b9       0x12 hal/intctrl.32
                0x00000000c00244b9                CPU::readDR3()

.text._ZN3CPU7readDR6Ev
                0x00000000c00244cb       0x12
 .text._ZN3CPU7readDR6Ev
                0x00000000c00244cb       0x12 hal/intctrl.32
                0x00000000c00244cb                CPU::readDR6()

.text._ZN3CPU7readDR7Ev
                0x00000000c00244dd       0x12
 .text._ZN3CPU7readDR7Ev
                0x00000000c00244dd       0x12 hal/intctrl.32
                0x00000000c00244dd                CPU::readDR7()

.text._ZN10LinkedListIV18ThreadControlBlockE15getFirstElementEv
                0x00000000c00244f0        0x7
 .text._ZN10LinkedListIV18ThreadControlBlockE15getFirstElementEv
                0x00000000c00244f0        0x7 hal/timer.32
                0x00000000c00244f0                LinkedList<ThreadControlBlock volatile>::getFirstElement()

.text._ZN10LinkedListIV18ThreadControlBlockE7isEmptyEv
                0x00000000c00244f8       0x1c
 .text._ZN10LinkedListIV18ThreadControlBlockE7isEmptyEv
                0x00000000c00244f8       0x1c hal/timer.32
                0x00000000c00244f8                LinkedList<ThreadControlBlock volatile>::isEmpty()

.text._ZN10LinkedListIV18ThreadControlBlockE11removeFirstEv
                0x00000000c0024514       0xae
 .text._ZN10LinkedListIV18ThreadControlBlockE11removeFirstEv
                0x00000000c0024514       0xae hal/timer.32
                0x00000000c0024514                LinkedList<ThreadControlBlock volatile>::removeFirst()

.text._ZN10LinkedListIV18ThreadControlBlockE10addElementEPS1_
                0x00000000c00245c2       0xd3
 .text._ZN10LinkedListIV18ThreadControlBlockE10addElementEPS1_
                0x00000000c00245c2       0xd3 hal/timer.32
                0x00000000c00245c2                LinkedList<ThreadControlBlock volatile>::addElement(ThreadControlBlock volatile*)

.text._ZN4ACPID2Ev
                0x00000000c0024696       0x23
 .text._ZN4ACPID2Ev
                0x00000000c0024696       0x23 hw/acpi.32
                0x00000000c0024696                ACPI::~ACPI()
                0x00000000c0024696                ACPI::~ACPI()

.text._ZN4ACPID0Ev
                0x00000000c00246ba       0x2a
 .text._ZN4ACPID0Ev
                0x00000000c00246ba       0x2a hw/acpi.32
                0x00000000c00246ba                ACPI::~ACPI()

.text._ZN3CPUD2Ev
                0x00000000c00246e4       0x23
 .text._ZN3CPUD2Ev
                0x00000000c00246e4       0x23 hw/cpu.32
                0x00000000c00246e4                CPU::~CPU()
                0x00000000c00246e4                CPU::~CPU()

.text._ZN3CPUD0Ev
                0x00000000c0024708       0x2a
 .text._ZN3CPUD0Ev
                0x00000000c0024708       0x2a hw/cpu.32
                0x00000000c0024708                CPU::~CPU()

.text._ZN3CPU7readCR4Ev
                0x00000000c0024732       0x12
 .text._ZN3CPU7readCR4Ev
                0x00000000c0024732       0x12 hw/cpu.32