Archive member included to satisfy reference by file (symbol)

/cygdrive/d/Users/Alex/Desktop/Toolchain/Output/bin/../lib/gcc/i386-banana/8.1.0/libkgcc.a(_divdi3.o)
                              fs/fat/ff.32 (__divdi3)
/cygdrive/d/Users/Alex/Desktop/Toolchain/Output/bin/../lib/gcc/i386-banana/8.1.0/libkgcc.a(_moddi3.o)
                              compat/resolve.32 (__moddi3)
/cygdrive/d/Users/Alex/Desktop/Toolchain/Output/bin/../lib/gcc/i386-banana/8.1.0/libkgcc.a(_udivdi3.o)
                              fs/fat/ff.32 (__udivdi3)
/cygdrive/d/Users/Alex/Desktop/Toolchain/Output/bin/../lib/gcc/i386-banana/8.1.0/libkgcc.a(_umoddi3.o)
                              compat/resolve.32 (__umoddi3)
D:/Users/Alex/Desktop/Banana/kernel/libsoftfp.a(sfieeelib.o)
                              hal/libresample/src_linear.32 (__subsf3)
D:/Users/Alex/Desktop/Banana/kernel/libsoftfp.a(dfieeelib.o)
                              hal/libresample/src_linear.32 (__adddf3)
D:/Users/Alex/Desktop/Banana/kernel/libsoftfp.a(sfdfcvt.o)
                              hal/libresample/samplerate.32 (__truncdfsf2)
D:/Users/Alex/Desktop/Banana/kernel/libk/libm32.a(s_fabs.c.o)
                              hal/libresample/samplerate.32 (fabs)
D:/Users/Alex/Desktop/Banana/kernel/libk/libm32.a(s_lrint.S.o)
                              hal/libresample/samplerate.32 (lrint)
D:/Users/Alex/Desktop/Banana/kernel/libk/libm32.a(s_lrintf.S.o)
                              hal/sound/sndhw.32 (lrintf)

Discarded input sections

 .comment       0x0000000000000000       0x12 /cygdrive/d/Users/Alex/Desktop/Toolchain/Output/bin/../lib/gcc/i386-banana/8.1.0/crtbegin.o
 .comment       0x0000000000000000       0x12 acpica/utclib.32
 .comment       0x0000000000000000       0x12 core/malloc.32
 .comment       0x0000000000000000       0x12 libk/string.32
 .comment       0x0000000000000000       0x12 fs/fat/diskio.32
 .comment       0x0000000000000000       0x12 fs/fat/ff.32
 .comment       0x0000000000000000       0x12 fs/fat/ffsystem.32
 .comment       0x0000000000000000       0x12 fs/fat/ffunicode.32
 .comment       0x0000000000000000       0x12 hal/libresample/samplerate.32
 .comment       0x0000000000000000       0x12 hal/libresample/src_linear.32
 .comment       0x0000000000000000       0x12 hal/libresample/src_sinc.32
 .comment       0x0000000000000000       0x12 hal/libresample/src_zoh.32
 .comment       0x0000000000000000       0x12 compat/inlines.32
 .comment       0x0000000000000000       0x12 compat/resolve.32
 .group         0x0000000000000000       0x14 core/computer.32
 .group         0x0000000000000000        0xc core/computer.32
 .comment       0x0000000000000000       0x12 core/computer.32
 .comment       0x0000000000000000       0x12 core/gdt.32
 .group         0x0000000000000000        0xc core/idle.32
 .comment       0x0000000000000000       0x12 core/idle.32
 .comment       0x0000000000000000       0x12 core/idt.32
 .comment       0x0000000000000000       0x12 core/kheap.32
 .comment       0x0000000000000000       0x12 core/main.32
 .comment       0x0000000000000000       0x12 core/physmgr.32
 .group         0x0000000000000000        0xc core/pipe.32
 .comment       0x0000000000000000       0x12 core/pipe.32
 .group         0x0000000000000000        0xc core/terminal.32
 .comment       0x0000000000000000       0x12 core/terminal.32
 .comment       0x0000000000000000       0x12 core/tss.32
 .group         0x0000000000000000        0x8 core/unixfile.32
 .group         0x0000000000000000        0x8 core/unixfile.32
 .group         0x0000000000000000        0xc core/unixfile.32
 .group         0x0000000000000000        0x8 core/unixfile.32
 .group         0x0000000000000000        0xc core/unixfile.32
 .group         0x0000000000000000        0x8 core/unixfile.32
 .group         0x0000000000000000        0xc core/unixfile.32
 .group         0x0000000000000000        0xc core/unixfile.32
 .comment       0x0000000000000000       0x12 core/unixfile.32
 .comment       0x0000000000000000       0x12 core/virtmgr.32
 .comment       0x0000000000000000       0x12 coreobjs/c++.32
 .comment       0x0000000000000000       0x12 dbg/kconsole.32
 .group         0x0000000000000000        0xc fs/vfs.32
 .group         0x0000000000000000        0xc fs/vfs.32
 .group         0x0000000000000000        0xc fs/vfs.32
 .comment       0x0000000000000000       0x12 fs/vfs.32
 .group         0x0000000000000000        0xc hal/bus.32
 .comment       0x0000000000000000       0x12 hal/bus.32
 .group         0x0000000000000000        0xc hal/buzzer.32
 .comment       0x0000000000000000       0x12 hal/buzzer.32
 .group         0x0000000000000000        0xc hal/clock.32
 .comment       0x0000000000000000       0x12 hal/clock.32
 .group         0x0000000000000000       0x14 hal/device.32
 .group         0x0000000000000000        0xc hal/device.32
 .group         0x0000000000000000        0x8 hal/device.32
 .group         0x0000000000000000        0xc hal/device.32
[...]
Memory Configuration

Name             Origin             Length             Attributes
*default*        0x0000000000000000 0xffffffffffffffff

Linker script and memory map

LOAD D:/Users/Alex/Desktop/Banana/kernel/boot.32
LOAD crti.32
LOAD /cygdrive/d/Users/Alex/Desktop/Toolchain/Output/bin/../lib/gcc/i386-banana/8.1.0/crtbegin.o
LOAD D:/Users/Alex/Desktop/Banana/kernel/morenasm.32
LOAD acpica/utclib.32
LOAD core/malloc.32
LOAD libk/string.32
LOAD fs/fat/diskio.32
LOAD fs/fat/ff.32
LOAD fs/fat/ffsystem.32
LOAD fs/fat/ffunicode.32
LOAD hal/libresample/samplerate.32
LOAD hal/libresample/src_linear.32
LOAD hal/libresample/src_sinc.32
LOAD hal/libresample/src_zoh.32
LOAD compat/inlines.32
LOAD compat/resolve.32
LOAD core/computer.32
LOAD core/gdt.32
LOAD core/idle.32
LOAD core/idt.32
LOAD core/kheap.32
LOAD core/main.32
LOAD core/physmgr.32
LOAD core/pipe.32
LOAD core/terminal.32
LOAD core/tss.32
LOAD core/unixfile.32
LOAD core/virtmgr.32
LOAD coreobjs/c++.32
LOAD dbg/kconsole.32
LOAD fs/vfs.32
LOAD hal/bus.32
LOAD hal/buzzer.32
LOAD hal/clock.32
LOAD hal/device.32
LOAD hal/diskctrl.32
LOAD hal/diskphys.32
LOAD hal/fpu.32
LOAD hal/intctrl.32
LOAD hal/keybrd.32
LOAD hal/logidisk.32
LOAD hal/mouse.32
LOAD hal/partition.32
LOAD hal/serial.32
LOAD hal/timer.32
LOAD hal/vcache.32
LOAD hal/video.32
LOAD hw/acpi.32
LOAD hw/cpu.32
LOAD hw/ports.32
LOAD hw/smp.32
LOAD krnl/env.32
LOAD krnl/panic.32
LOAD net/ethernet.32
LOAD reg/registry.32
LOAD sys/sc_eject.32
LOAD sys/sc_exit.32
LOAD sys/sc_getcwd.32
LOAD sys/sc_getpid.32
LOAD sys/sc_getramdata.32
LOAD sys/sc_getvgaptr.32
LOAD sys/sc_loaddll.32
LOAD sys/sc_read.32
LOAD sys/sc_sbrk.32
LOAD sys/sc_setcwd.32
LOAD sys/sc_settime.32
LOAD sys/sc_timezone.32
LOAD sys/sc_write.32
LOAD sys/sc_wsbe.32
LOAD sys/sc_yield.32
LOAD sys/syscalls.32
LOAD thr/elf.32
LOAD thr/prcssthr.32
LOAD vm86/vm8086.32
LOAD vm86/x87em.32
LOAD fs/fat/vfslink.32
LOAD fs/iso9660/vfslink.32
LOAD hal/sound/sndchannel.32
LOAD hal/sound/sndhw.32
LOAD hw/bus/isa.32
LOAD hw/bus/pci.32
LOAD hw/diskctrl/ide.32
LOAD hw/diskctrl/satabus.32
LOAD hw/diskphys/ata.32
LOAD hw/diskphys/atapi.32
LOAD hw/diskphys/sata.32
LOAD hw/diskphys/satapi.32
LOAD hw/fpu/avx.32
LOAD hw/fpu/mmx.32
LOAD hw/fpu/sse.32
LOAD hw/fpu/x87.32
LOAD hw/intctrl/apic.32
LOAD hw/intctrl/pic.32
LOAD hw/timer/apictimer.32
LOAD hw/timer/pit.32
LOAD hw/fpu/x86/avx.32
LOAD hw/fpu/x86/sse.32
LOAD hw/fpu/x86/x87.32
LOAD /cygdrive/d/Users/Alex/Desktop/Toolchain/Output/bin/../lib/gcc/i386-banana/8.1.0/crtend.o
LOAD crtn.32
LOAD /cygdrive/d/Users/Alex/Desktop/Toolchain/Output/bin/../lib/gcc/i386-banana/8.1.0/libkgcc.a
LOAD D:/Users/Alex/Desktop/Banana/kernel/libsoftfp.a
LOAD D:/Users/Alex/Desktop/Banana/kernel/libk/libm32.a
                0x00000000c0000000                . = 0xc0000000

.text           0x00000000c0000000    0x28478
 *(.text)
 .text          0x00000000c0000000       0x41 D:/Users/Alex/Desktop/Banana/kernel/boot.32
                0x00000000c0000020                callGlobalConstructors
 .text          0x00000000c0000041        0x0 crti.32
 *fill*         0x00000000c0000041        0x3 
 .text          0x00000000c0000044      0x101 /cygdrive/d/Users/Alex/Desktop/Toolchain/Output/bin/../lib/gcc/i386-banana/8.1.0/crtbegin.o
 *fill*         0x00000000c0000145        0xb 
 .text          0x00000000c0000150      0x4fb D:/Users/Alex/Desktop/Banana/kernel/morenasm.32
                0x00000000c0000150                manualPCIProbe
                0x00000000c000019b                prepareTramp
                0x00000000c00001b4                voodooXADD
                0x00000000c000027f                doTPAUSE
                0x00000000c0000289                hasLegacyFPU
                0x00000000c00002ae                is486
                0x00000000c00002e4                detectCPUID
                0x00000000c00002fa                goToVM86
                0x00000000c000032a                goToUsermode
                0x00000000c0000354                switchToThreadASMFirstTime
                0x00000000c0000362                switchToThreadASM
                0x00000000c00003f2                asmQuickAcquireLock
                0x00000000c0000410                asmQuickReleaseLock
                0x00000000c000041c                asmAcquireLock
                0x00000000c000043d                asmReleaseLock
                0x00000000c0000450                loadGDT
                0x00000000c0000470                isr0
                0x00000000c0000480                isr1
                0x00000000c000048a                isr2
                0x00000000c0000494                isr3
                0x00000000c000049e                isr4
                0x00000000c00004a8                isr5
                0x00000000c00004b2                isr6
                0x00000000c00004bc                isr7
                0x00000000c00004c6                isr8
                0x00000000c00004ce                isr9
                0x00000000c00004d8                isr10
                0x00000000c00004e0                isr11
                0x00000000c00004e8                isr12
                0x00000000c00004f0                isr13
                0x00000000c00004f8                isr14
                0x00000000c0000500                isr15
                0x00000000c000050a                isr16
                0x00000000c0000514                isr17
                0x00000000c000051e                isr18
                0x00000000c0000528                irq3
                0x00000000c0000532                irq4
                0x00000000c000053c                irq5
                0x00000000c0000546                irq6
                0x00000000c0000550                irq7
                0x00000000c000055a                irq8
                0x00000000c0000564                irq9
                0x00000000c000056e                irq10
                0x00000000c0000578                irq11
                0x00000000c0000582                irq12
                0x00000000c000058c                irq13
                0x00000000c0000596                irq14
                0x00000000c00005a0                irq15
                0x00000000c00005aa                irq1
                0x00000000c00005b1                irq2
                0x00000000c00005b8                isr96
                0x00000000c00005bf                irq0
                0x00000000c00005c4                syscall_common_stub
                0x00000000c00005c4                int_common_stub
                0x00000000c00005f6                irq16
                0x00000000c0000600                irq17
                0x00000000c000060a                irq18
                0x00000000c0000614                irq19
                0x00000000c000061e                irq20
                0x00000000c0000628                irq21
                0x00000000c0000632                irq22
                0x00000000c000063c                irq23
                0x00000000c0000646                memcpy
 *fill*         0x00000000c000064b        0x1 
 .text          0x00000000c000064c      0x5dd acpica/utclib.32
                0x00000000c000064c                memcmp
                0x00000000c0000688                memmove
                0x00000000c0000750                memset
                0x00000000c000076c                strlen
                0x00000000c0000784                strpbrk
                0x00000000c00007c0                strtok
                0x00000000c000080c                strcpy
                0x00000000c0000830                strncpy
                0x00000000c0000898                strcmp
                0x00000000c00008d8                strchr
                0x00000000c00008fc                strncmp
                0x00000000c000094c                strcat
                0x00000000c000097c                strncat
                0x00000000c00009b8                strstr
                0x00000000c0000a00                toupper
                0x00000000c0000a14                tolower
                0x00000000c0000a28                simple_strtoul
 .text          0x00000000c0000c29      0xfad core/malloc.32
                0x00000000c0000d94                dlfree
                0x00000000c00010ef                dlmalloc
                0x00000000c000162c                dlrealloc
                0x00000000c00017cf                dlmemalign
                0x00000000c00018f2                dlcalloc
                0x00000000c000198c                dlcfree
                0x00000000c0001991                dlindependent_calloc
                0x00000000c00019b6                dlindependent_comalloc
                0x00000000c00019cd                dlvalloc
                0x00000000c00019f8                dlpvalloc
                0x00000000c0001a2e                dlmalloc_trim
                0x00000000c0001a3b                dlmalloc_usable_size
                0x00000000c0001a6c                dlmallinfo
                0x00000000c0001b3b                dlmalloc_stats
                0x00000000c0001b4c                dlmallopt
 .text          0x00000000c0001bd6        0x0 libk/string.32
 .text          0x00000000c0001bd6       0x51 fs/fat/diskio.32
                0x00000000c0001bd6                disk_status
                0x00000000c0001bd9                disk_initialize
                0x00000000c0001bdc                disk_read
                0x00000000c0001bf2                disk_write
                0x00000000c0001c08                disk_ioctl
 .text          0x00000000c0001c27     0x6833 fs/fat/ff.32
                0x00000000c0004ef5                f_mount
                0x00000000c0004f57                f_open
                0x00000000c0005393                f_read
                0x00000000c0005613                f_write
                0x00000000c00058cd                f_sync
                0x00000000c0005aa9                f_close
                0x00000000c0005ad8                f_lseek
                0x00000000c0005f8f                f_opendir
                0x00000000c0006091                f_closedir
                0x00000000c00060b3                f_readdir
                0x00000000c000614e                f_stat
                0x00000000c00061dd                f_getfree
                0x00000000c00063a8                f_truncate
                0x00000000c00064a0                f_unlink
                0x00000000c0006623                f_mkdir
                0x00000000c000684f                f_rename
                0x00000000c0006b42                f_chmod
                0x00000000c0006c20                f_utime
                0x00000000c0006cfe                f_getlabel
                0x00000000c0006eec                f_setlabel
                0x00000000c0007159                f_forward
                0x00000000c0007337                f_mkfs
 .text          0x00000000c000845a       0x2d fs/fat/ffsystem.32
                0x00000000c000845a                ff_memalloc
                0x00000000c0008470                ff_memfree
 .text          0x00000000c0008487      0x253 fs/fat/ffunicode.32
                0x00000000c0008487                ff_uni2oem
                0x00000000c0008517                ff_oem2uni
                0x00000000c0008583                ff_wtoupper
 .text          0x00000000c00086da      0x8fb hal/libresample/samplerate.32
                0x00000000c000871e                src_delete
                0x00000000c000875a                src_process
                0x00000000c0008910                src_callback_read
                0x00000000c0008a8d                src_set_ratio
                0x00000000c0008af7                src_get_channels
                0x00000000c0008b19                src_reset
                0x00000000c0008b65                src_new
                0x00000000c0008bf3                src_callback_new
                0x00000000c0008c55                src_get_name
                0x00000000c0008c8c                src_get_description
                0x00000000c0008cc3                src_get_version
                0x00000000c0008cc9                src_is_valid_ratio
                0x00000000c0008d1d                src_error
                0x00000000c0008d2b                src_strerror
                0x00000000c0008d3e                src_simple
                0x00000000c0008d91                src_short_to_float_array
                0x00000000c0008df6                src_float_to_short_array
                0x00000000c0008eb5                src_int_to_float_array
                0x00000000c0008f18                src_float_to_int_array
 .text          0x00000000c0008fd5      0x8cb hal/libresample/src_linear.32
                0x00000000c00097fb                linear_get_name
                0x00000000c000980a                linear_get_description
                0x00000000c0009819                linear_set_converter
 .text          0x00000000c00098a0     0x447c hal/libresample/src_sinc.32
                0x00000000c000dc33                sinc_get_name
                0x00000000c000dc46                sinc_get_description
                0x00000000c000dc59                sinc_set_converter
 .text          0x00000000c000dd1c      0x77c hal/libresample/src_zoh.32
                0x00000000c000e3f3                zoh_get_name
                0x00000000c000e402                zoh_get_description
                0x00000000c000e411                zoh_set_converter
 .text          0x00000000c000e498       0xa7 compat/inlines.32
                0x00000000c000e498                CPU::current()
                0x00000000c000e4a4                operator new(unsigned long)
                0x00000000c000e4a9                operator delete(void*)
                0x00000000c000e4ae                disableIRQs()
                0x00000000c000e4b6                enableIRQs()
                0x00000000c000e4c5                lockScheduler()
                0x00000000c000e4cd                unlockScheduler()
                0x00000000c000e4dc                lockStuff()
                0x00000000c000e4ea                unlockStuff()
                0x00000000c000e524                Virt::getAKernelVAS()
                0x00000000c000e52a                __not_memcpy
 .text          0x00000000c000e53f      0x111 compat/resolve.32
                0x00000000c000e53f                Krnl::resolveCompatibilitySymbol(char*)
 .text          0x00000000c000e650      0x741 core/computer.32
                0x00000000c000e650                Computer::close(int, int, void*)
                0x00000000c000e694                Krnl::firstTask()
                0x00000000c000e7d6                Computer::Computer()
                0x00000000c000e7d6                Computer::Computer()
                0x00000000c000e932                Computer::setBootMessage(char const*)
                0x00000000c000e934                Computer::detectFeatures()
                0x00000000c000eb3e                Computer::displayFeatures()
                0x00000000c000eb40                Computer::rdmsr(unsigned int)
                0x00000000c000eb6c                Computer::wrmsr(unsigned int, unsigned long long)
                0x00000000c000eba4                Computer::nmiEnabled()
                0x00000000c000ebb0                Computer::readCMOS(unsigned char)
                0x00000000c000ebca                Computer::enableNMI(bool)
                0x00000000c000ebe2                Computer::open(int, int, void*)
                0x00000000c000ecd4                Computer::disableNMI()
                0x00000000c000ece2                Computer::writeCMOS(unsigned char, unsigned char)
                0x00000000c000ed00                Computer::handleNMI()
                0x00000000c000ed66                Computer::setDiskActivityLight(int, bool)
 *fill*         0x00000000c000ed91        0x1 
 .text          0x00000000c000ed92      0x19d core/gdt.32
                0x00000000c000ed92                GDTEntry::setBase(unsigned int)
                0x00000000c000edae                GDTEntry::setLimit(unsigned int)
                0x00000000c000edcc                GDT::GDT()
                0x00000000c000edcc                GDT::GDT()
                0x00000000c000ede2                GDT::addEntry(GDTEntry)
                0x00000000c000ee04                GDT::getNumberOfEntries()
                0x00000000c000ee0c                GDT::flush()
                0x00000000c000ee2e                GDT::setup()
 .text          0x00000000c000ef2f       0x6b core/idle.32
                0x00000000c000ef2f                idleFunction(void*)
 .text          0x00000000c000ef9a      0x45e core/idt.32
                0x00000000c000ef9a                IDTEntry::IDTEntry(bool)
                0x00000000c000ef9a                IDTEntry::IDTEntry(bool)
                0x00000000c000f008                IDTEntry::setOffset(unsigned int)
                0x00000000c000f01c                IDT::IDT()
                0x00000000c000f01c                IDT::IDT()
                0x00000000c000f01e                IDT::getPointerToInvalidOpcodeEntryForF00F()
                0x00000000c000f026                IDT::addEntry(IDTEntry, int)
                0x00000000c000f040                IDT::addEntry(int, void (*)(), bool)
                0x00000000c000f078                IDT::flush()
                0x00000000c000f092                IDT::setup()
 .text          0x00000000c000f3f8      0x1fb core/kheap.32
                0x00000000c000f3f8                sbrk
                0x00000000c000f505                mmap
                0x00000000c000f51b                munmap
                0x00000000c000f531                liballoc_lock()
                0x00000000c000f53e                liballoc_unlock()
                0x00000000c000f552                liballoc_alloc(int)
                0x00000000c000f56a                liballoc_free(void*, int)
                0x00000000c000f585                realloc
                0x00000000c000f599                malloc
                0x00000000c000f5a9                free
                0x00000000c000f5b9                rfree
                0x00000000c000f5c9                calloc
 .text          0x00000000c000f5f3      0x1b6 core/main.32
                0x00000000c000f5f3                Krnl::setBootMessage(char const*)
                0x00000000c000f65f                kernel_main
 .text          0x00000000c000f7a9      0x5b5 core/physmgr.32
                0x00000000c000f7a9                Phys::allocateDMA(unsigned long)
                0x00000000c000f877                Phys::freeDMA(unsigned long, unsigned long)
                0x00000000c000f8d6                Phys::setPageState(unsigned long, bool)
                0x00000000c000f908                Phys::getPageState(unsigned long)
                0x00000000c000f924                Phys::freePage(unsigned long)
                0x00000000c000f995                Phys::allocatePage()
                0x00000000c000fa8d                Phys::allocateContiguousPages(int)
                0x00000000c000fae9                Phys::allowSegmentToBeUsed(unsigned long, unsigned long)
                0x00000000c000fb21                Phys::physicalMemorySetup(unsigned int)
 .text          0x00000000c000fd5e      0x273 core/pipe.32
                0x00000000c000fd5e                Pipe::isAtty()
                0x00000000c000fd62                Pipe::~Pipe()
                0x00000000c000fd62                Pipe::~Pipe()
                0x00000000c000fd86                Pipe::~Pipe()
                0x00000000c000fdae                Pipe::read(unsigned long long, void*, int*)
                0x00000000c000feaa                Pipe::write(unsigned long long, void*, int*)
                0x00000000c000ff6a                Pipe::Pipe(int)
                0x00000000c000ff6a                Pipe::Pipe(int)
 *fill*         0x00000000c000ffd1        0x1 
 .text          0x00000000c000ffd2      0xb91 core/terminal.32
                0x00000000c000ffd2                VgaText::isAtty()
                0x00000000c000ffd6                VgaText::~VgaText()
                0x00000000c000ffd6                VgaText::~VgaText()
                0x00000000c000fffa                VgaText::~VgaText()
                0x00000000c0010024                VgaText::read(unsigned long long, void*, int*)
                0x00000000c0010044                setTerminalScrollLock(bool)
                0x00000000c0010045                addToTerminalCycle(VgaText*)
                0x00000000c0010066                installVgaTextImplementation()
                0x00000000c001007b                scrollTerminalScrollLock(int)
                0x00000000c001007c                VgaText::updateTitle()
                0x00000000c00100ba                VgaText::load()
                0x00000000c0010108                VgaText::updateCursor()
                0x00000000c001011e                VgaText::doANSI_SGR(int)
                0x00000000c0010192                VgaText::setDefaultBgColour(VgaColour)
                0x00000000c00101a2                VgaText::setDefaultFgColour(VgaColour)
                0x00000000c00101b2                VgaText::setDefaultColours(VgaColour, VgaColour)
                0x00000000c00101d2                VgaText::setTitleTextColour(VgaColour)
                0x00000000c00101e2                VgaText::setTitleColour(VgaColour)
                0x00000000c00101f2                VgaText::setTitle(char*)
                0x00000000c0010218                VgaText::combineColours(unsigned char, unsigned char)
                0x00000000c001022a                VgaText::scrollScreen()
                0x00000000c00102be                VgaText::combineCharAndColour(char, unsigned char)
                0x00000000c00102d0                VgaText::writeCharacter(char, VgaColour, VgaColour, int, int)
                0x00000000c001032c                VgaText::getCursorX()
                0x00000000c0010334                VgaText::getCursorY()
                0x00000000c001033c                VgaText::setCursor(int, int)
                0x00000000c0010353                setActiveTerminal(VgaText*)
                0x00000000c00103b5                doTerminalCycle()
                0x00000000c00103d0                VgaText::setCursorX(int)
                0x00000000c00103e8                VgaText::setCursorY(int)
                0x00000000c0010400                VgaText::incrementCursor(bool)
                0x00000000c0010454                VgaText::decrementCursor(bool)
                0x00000000c0010476                VgaText::putchar(char, VgaColour, VgaColour)
                0x00000000c001054e                VgaText::doUpdate()
                0x00000000c001055c                VgaText::puts(char const*, VgaColour, VgaColour)
                0x00000000c00106d4                VgaText::clearScreen()
                0x00000000c001072e                VgaText::putchar(char)
                0x00000000c001081a                VgaText::putx(unsigned int)
                0x00000000c0010860                VgaText::puts(char const*)
                0x00000000c0010886                VgaText::VgaText(char const*)
                0x00000000c0010886                VgaText::VgaText(char const*)
                0x00000000c0010a02                VgaText::receiveKey(unsigned char)
                0x00000000c0010aea                VgaText::write(unsigned long long, void*, int*)
                0x00000000c0010b3e                newTerminal(char*)
 *fill*         0x00000000c0010b63        0x1 
 .text          0x00000000c0010b64      0x19d core/tss.32
                0x00000000c0010b64                TSS::TSS()
                0x00000000c0010b64                TSS::TSS()
                0x00000000c0010b72                TSS::setESP(unsigned long)
                0x00000000c0010b84                TSS::flush()
                0x00000000c0010ba4                TSS::setup(unsigned long, unsigned long)
 *fill*         0x00000000c0010d01        0x1 
 .text          0x00000000c0010d02      0x4c2 core/unixfile.32
                0x00000000c0010d02                ReservedFilename::read(unsigned long long, void*, int*)
                0x00000000c0010d58                ReservedFilename::isAtty()
                0x00000000c0010d74                ReservedFilename::write(unsigned long long, void*, int*)
                0x00000000c0010dd2                UnixFile::getFileDescriptor()
                0x00000000c0010dda                UnixFile::UnixFile(int)
                0x00000000c0010dda                UnixFile::UnixFile(int)
                0x00000000c0010f8a                ReservedFilename::ReservedFilename(int)
                0x00000000c0010f8a                ReservedFilename::ReservedFilename(int)
                0x00000000c0010fbc                UnixFile::~UnixFile()
                0x00000000c0010fbc                UnixFile::~UnixFile()
                0x00000000c0011054                UnixFile::~UnixFile()
                0x00000000c001107c                ReservedFilename::~ReservedFilename()
                0x00000000c001107c                ReservedFilename::~ReservedFilename()
                0x00000000c00110a0                ReservedFilename::~ReservedFilename()
                0x00000000c00110c7                getFromFileDescriptor(int)
 .text          0x00000000c00111c4     0x146d core/virtmgr.32
                0x00000000c00111c4                Virt::setPageState(unsigned long, Virt::VirtPageState)
                0x00000000c00111f9                Virt::getPageState(unsigned long)
                0x00000000c001121d                Virt::allocateKernelVirtualPages(int)
                0x00000000c001132e                Virt::freeSwapfilePage(unsigned long)
                0x00000000c001134c                Virt::swapIDToSector(unsigned long)
                0x00000000c001135e                Virt::allocateSwapfilePage()
                0x00000000c00113dc                Virt::virtualMemorySetup()
                0x00000000c0011427                Virt::setupPageSwapping(int)
                0x00000000c00115ae                VAS::VAS(VAS*)
                0x00000000c00115ae                VAS::VAS(VAS*)
                0x00000000c00115dc                VAS::getForeignPageTableEntry(bool, unsigned long)
                0x00000000c0011608                VAS::getPageTableEntry(unsigned long)
                0x00000000c0011627                Virt::freeKernelVirtualPages(unsigned long)
                0x00000000c001174a                VAS::freeAllocatedPages(unsigned long)
                0x00000000c001176e                VAS::virtualToPhysical(unsigned long)
                0x00000000c0011786                VAS::VAS()
                0x00000000c0011786                VAS::VAS()
                0x00000000c0011868                VAS::reflagRange(unsigned long, int, int, int)
                0x00000000c00118a8                VAS::setToWriteCombining(unsigned long, int)
                0x00000000c00118da                VAS::mapOtherVASIn(bool, VAS*)
                0x00000000c0011904                VAS::~VAS()
                0x00000000c0011904                VAS::~VAS()
                0x00000000c0011a80                VAS::mapPage(unsigned long, unsigned long, int)
                0x00000000c0011b82                VAS::allocatePages(int, int)
                0x00000000c0011d5a                VAS::setCPUSpecific(unsigned long)
                0x00000000c0011d76                VAS::mapRange(unsigned long, unsigned long, int, int)
                0x00000000c0011e3c                VAS::mapForeignPage(bool, VAS*, unsigned long, unsigned long, int)
                0x00000000c0011f2a                VAS::VAS(bool)
                0x00000000c0011f2a                VAS::VAS(bool)
                0x00000000c00121aa                VAS::evict(unsigned long)
                0x00000000c0012298                VAS::tryLoadBackOffDisk(unsigned long)
                0x00000000c0012434                VAS::scanForEviction()
                0x00000000c0012505                mapVASFirstTime
 .text          0x00000000c0012631       0x95 coreobjs/c++.32
                0x00000000c0012631                __cxa_atexit
                0x00000000c0012634                __cxa_finalize
                0x00000000c0012635                __stack_chk_fail
                0x00000000c00126a1                __cxa_pure_virtual
                0x00000000c00126b2                operator new[](unsigned long)
                0x00000000c00126b7                operator delete(void*, unsigned long)
                0x00000000c00126bc                operator delete[](void*)
                0x00000000c00126c1                operator delete[](void*, unsigned long)
 .text          0x00000000c00126c6      0x1e7 dbg/kconsole.32
                0x00000000c00126c6                Dbg::stringifyxWithBase(unsigned int, char*, int)
                0x00000000c001271f                Dbg::logc(char)
                0x00000000c0012736                Dbg::logs(char*)
                0x00000000c0012753                Dbg::logWriteInt(unsigned int)
                0x00000000c0012770                Dbg::logWriteIntBase(unsigned int, int)
                0x00000000c001278f                Dbg::kprintf(char const*, ...)
 *fill*         0x00000000c00128ad        0x1 
 .text          0x00000000c00128ae      0xb82 fs/vfs.32
                0x00000000c00128ae                File::read(unsigned long long, void*, int*)
                0x00000000c0012906                File::write(unsigned long long, void*, int*)
                0x00000000c001295e                Directory::read(unsigned long long, void*, int*)
                0x00000000c00129b6                Directory::write(unsigned long long, void*, int*)
                0x00000000c00129e4                File::isAtty()
                0x00000000c00129e8                Directory::isAtty()
                0x00000000c00129ec                Filesystem::getlabel(LogicalDisk*, int, char*, unsigned int*)
                0x00000000c00129f2                Filesystem::setlabel(LogicalDisk*, int, char*)
                0x00000000c00129f8                Filesystem::getFileFirstSector(char const*)
                0x00000000c00129fe                File::~File()
                0x00000000c00129fe                File::~File()
                0x00000000c0012a22                File::~File()
                0x00000000c0012a4c                Directory::~Directory()
                0x00000000c0012a4c                Directory::~Directory()
                0x00000000c0012a70                Directory::~Directory()
                0x00000000c0012a9a                Filesystem::Filesystem()
                0x00000000c0012a9a                Filesystem::Filesystem()
                0x00000000c0012abe                Filesystem::~Filesystem()
                0x00000000c0012abe                Filesystem::~Filesystem()
                0x00000000c0012acc                Filesystem::~Filesystem()
                0x00000000c0012af0                Fs::getcwd(Process*, char*, int)
                0x00000000c0012b1a                Fs::initVFS()
                0x00000000c0012b44                Fs::standardiseFiles(char*, char const*, char const*)
                0x00000000c0012cee                File::File(char const*, Process*)
                0x00000000c0012cee                File::File(char const*, Process*)
                0x00000000c0012d52                File::open(FileOpenMode)
                0x00000000c0012db0                File::close()
                0x00000000c0012e10                File::seek(unsigned long long)
                0x00000000c0012e66                File::tell(unsigned long long*)
                0x00000000c0012eb6                File::rewind()
                0x00000000c0012eca                File::unlink()
                0x00000000c0012f16                File::rename(char const*)
                0x00000000c0012f64                File::chfatattr(unsigned char, unsigned char)
                0x00000000c0012fc0                File::exists()
                0x00000000c0012ffe                File::stat(unsigned long long*, bool*)
                0x00000000c001305f                Fs::setcwd(Process*, char*)
                0x00000000c001319a                Directory::Directory(char const*, Process*)
                0x00000000c001319a                Directory::Directory(char const*, Process*)
                0x00000000c00131fe                Directory::open()
                0x00000000c001325a                Directory::close()
                0x00000000c00132ba                Directory::unlink()
                0x00000000c0013306                Directory::rename(char const*)
                0x00000000c0013354                Directory::exists()
                0x00000000c0013392                Directory::read(dirent*)
                0x00000000c00133de                Directory::create()
                0x00000000c001342a                Filesystem::chfatattr(char const*, unsigned char, unsigned char)
 .text          0x00000000c0013430       0x84 hal/bus.32
                0x00000000c0013430                Bus::Bus(char const*)
                0x00000000c0013430                Bus::Bus(char const*)
                0x00000000c0013466                Bus::~Bus()
                0x00000000c0013466                Bus::~Bus()
                0x00000000c001348a                Bus::~Bus()
 .text          0x00000000c00134b4      0x156 hal/buzzer.32
                0x00000000c00134b4                Buzzer::Buzzer(char const*)
                0x00000000c00134b4                Buzzer::Buzzer(char const*)
                0x00000000c00134f8                Buzzer::~Buzzer()
                0x00000000c00134f8                Buzzer::~Buzzer()
                0x00000000c001351c                Buzzer::~Buzzer()
                0x00000000c0013546                Buzzer::stop()
                0x00000000c0013559                beepThread(void*)
                0x00000000c001359c                Buzzer::beep(int, int, bool)
 .text          0x00000000c001360a      0x467 hal/clock.32
                0x00000000c001360a                User::loadClockSettings(int)
                0x00000000c001365c                Clock::Clock(char const*)
                0x00000000c001365c                Clock::Clock(char const*)
                0x00000000c0013692                Clock::~Clock()
                0x00000000c0013692                Clock::~Clock()
                0x00000000c00136b6                Clock::~Clock()
                0x00000000c00136e0                Clock::timeInSecondsLocal()
                0x00000000c0013728                Clock::setTimeInSecondsLocal(unsigned long long)
                0x00000000c0013781                datetimeToSeconds(datetime_t)
                0x00000000c00138a8                Clock::setTimeInDatetimeLocal(datetime_t)
                0x00000000c0013908                secondsToDatetime(unsigned long long)
                0x00000000c0013a4c                Clock::timeInDatetimeLocal()
 *fill*         0x00000000c0013a71        0x1 
 .text          0x00000000c0013a72      0x504 hal/device.32
                0x00000000c0013a72                Device::hibernate()
                0x00000000c0013a74                Device::wake()
                0x00000000c0013a76                Device::detect()
                0x00000000c0013a78                Device::disableLegacy()
                0x00000000c0013a7a                Device::powerSaving(PowerSavingLevel)
                0x00000000c0013a7c                DriverlessDevice::close(int, int, void*)
                0x00000000c0013a80                DriverlessDevice::detect()
                0x00000000c0013a82                DriverlessDevice::open(int, int, void*)
                0x00000000c0013a96                Device::~Device()
                0x00000000c0013a96                Device::~Device()
                0x00000000c0013aa4                Device::~Device()
                0x00000000c0013acc                Device::findAndLoadDriver()
                0x00000000c0013ada                Device::preOpenPCI(PCIDeviceInfo)
                0x00000000c0013b00                Device::preOpenACPI(void*, char*, char*)
                0x00000000c0013b40                Device::addIRQHandler(int, void (*)(regs*, void*), bool, void*)
                0x00000000c0013b7e                Device::getParent()
                0x00000000c0013b8a                Device::removeIRQHandler(int, void (*)(regs*, void*), bool)
                0x00000000c0013bc8                Device::addChild(Device*)
                0x00000000c0013c0c                Device::removeAllChildren()
                0x00000000c0013c52                Device::hibernateAll()
                0x00000000c0013c82                Device::wakeAll()
                0x00000000c0013cb2                Device::detectAll()
                0x00000000c0013ce2                Device::disableLegacyAll()
                0x00000000c0013d12                Device::loadDriversForAll()
                0x00000000c0013d52                Device::closeAll()
                0x00000000c0013d88                Device::powerSavingAll(PowerSavingLevel)
                0x00000000c0013dbe                Device::setName(char const*)
                0x00000000c0013dcc                Device::Device(char const*)
                0x00000000c0013dcc                Device::Device(char const*)
                0x00000000c0013ec8                Device::getName()
                0x00000000c0013ed2                DriverlessDevice::DriverlessDevice(char const*)
                0x00000000c0013ed2                DriverlessDevice::DriverlessDevice(char const*)
                0x00000000c0013f08                Device::addToLinkedList(LinkedList<Device>&, DeviceType)
                0x00000000c0013f4c                getDevicesOfType(DeviceType)
 .text          0x00000000c0013f76       0x84 hal/diskctrl.32
                0x00000000c0013f76                HardDiskController::HardDiskController(char const*)
                0x00000000c0013f76                HardDiskController::HardDiskController(char const*)
                0x00000000c0013fac                HardDiskController::~HardDiskController()
                0x00000000c0013fac                HardDiskController::~HardDiskController()
                0x00000000c0013fd0                HardDiskController::~HardDiskController()
 .text          0x00000000c0013ffa       0xe2 hal/diskphys.32
                0x00000000c0013ffa                PhysicalDisk::eject()
                0x00000000c0013ffe                PhysicalDisk::PhysicalDisk(char const*, int)
                0x00000000c0013ffe                PhysicalDisk::PhysicalDisk(char const*, int)
                0x00000000c0014066                PhysicalDisk::startCache()
                0x00000000c001408e                PhysicalDisk::~PhysicalDisk()
                0x00000000c001408e                PhysicalDisk::~PhysicalDisk()
                0x00000000c00140b2                PhysicalDisk::~PhysicalDisk()
 .text          0x00000000c00140dc      0x13b hal/fpu.32
                0x00000000c00140dc                FPU::FPU(char const*)
                0x00000000c00140dc                FPU::FPU(char const*)
                0x00000000c0014112                FPU::~FPU()
                0x00000000c0014112                FPU::~FPU()
                0x00000000c0014136                FPU::~FPU()
                0x00000000c0014160                setupFPU()
 *fill*         0x00000000c0014217        0x1 
 .text          0x00000000c0014218     0x1435 hal/intctrl.32
                0x00000000c0014218                InterruptController::uninstallISRHandler(int, void (*)(regs*, void*))
                0x00000000c0014250                InterruptController::installISRHandler(int, void (*)(regs*, void*), void*)
                0x00000000c00142a2                doubleFault(regs*, void*)
                0x00000000c00142bc                InterruptController::installIRQHandler(int, void (*)(regs*, void*), bool, void*)
                0x00000000c0014358                InterruptController::clearAllHandlers(int, bool)
                0x00000000c0014400                InterruptController::uninstallIRQHandler(int, void (*)(regs*, void*), bool)
                0x00000000c0014487                nmiHandler(regs*, void*)
                0x00000000c0014495                int_handler
                0x00000000c0014536                InterruptController::InterruptController(char const*)
                0x00000000c0014536                InterruptController::InterruptController(char const*)
                0x00000000c00145dc                InterruptController::~InterruptController()
                0x00000000c00145dc                InterruptController::~InterruptController()
                0x00000000c0014600                InterruptController::~InterruptController()
                0x00000000c001462a                displayDebugInfo(regs*)
                0x00000000c0014ab9                x87EmulHandler(regs*, void*)
                0x00000000c0014b2c                gpFault(regs*, void*)
                0x00000000c0014b65                pgFault(regs*, void*)
                0x00000000c0014bad                otherISRHandler(regs*, void*)
                0x00000000c0014bcc                opcodeFault(regs*, void*)
                0x00000000c00151e9                displayProgramFault(char const*)
                0x00000000c0015211                setupInterruptController()
                0x00000000c0015600                InterruptController::convertLegacyIRQNumber(int)
 *fill*         0x00000000c001564d        0x1 
 .text          0x00000000c001564e      0x784 hal/keybrd.32
                0x00000000c001564e                startGUI(void*)
                0x00000000c00156ba                startGUIVESA(void*)
                0x00000000c0015726                sendKeyToTerminal(unsigned char)
                0x00000000c00157e4                sendKeyboardToken(KeyboardToken)
                0x00000000c0015c21                clearInternalKeybuffer(VgaText*)
                0x00000000c0015c56                readKeyboard(VgaText*, char*, unsigned long)
                0x00000000c0015d48                Keyboard::Keyboard(char const*)
                0x00000000c0015d48                Keyboard::Keyboard(char const*)
                0x00000000c0015d84                Keyboard::~Keyboard()
                0x00000000c0015d84                Keyboard::~Keyboard()
                0x00000000c0015da8                Keyboard::~Keyboard()
 .text          0x00000000c0015dd2      0x3ea hal/logidisk.32
                0x00000000c0015dd2                LogicalDisk::close(int, int, void*)
                0x00000000c0015dd6                LogicalDisk::~LogicalDisk()
                0x00000000c0015dd6                LogicalDisk::~LogicalDisk()
                0x00000000c0015dfa                LogicalDisk::~LogicalDisk()
                0x00000000c0015e24                LogicalDisk::open(int, int, void*)
                0x00000000c0015e38                LogicalDisk::absoluteToRelative(unsigned long long)
                0x00000000c0015e70                LogicalDisk::relativeToAbsolute(unsigned long long)
                0x00000000c0015eb6                LogicalDisk::LogicalDisk(char const*, PhysicalDisk*, unsigned long long, unsigned long long)
                0x00000000c0015eb6                LogicalDisk::LogicalDisk(char const*, PhysicalDisk*, unsigned long long, unsigned long long)
                0x00000000c0015f6c                LogicalDisk::assignDriveLetter()
                0x00000000c0016022                LogicalDisk::mount()
                0x00000000c001606a                LogicalDisk::unmount()
                0x00000000c001607a                LogicalDisk::eject()
                0x00000000c001608e                LogicalDisk::unassignDriveLetter()
                0x00000000c00160e4                LogicalDisk::read(unsigned long long, int, void*)
                0x00000000c0016150                LogicalDisk::write(unsigned long long, int, void*)
 .text          0x00000000c00161bc       0x84 hal/mouse.32
                0x00000000c00161bc                Mouse::Mouse(char const*)
                0x00000000c00161bc                Mouse::Mouse(char const*)
                0x00000000c00161f2                Mouse::~Mouse()
                0x00000000c00161f2                Mouse::~Mouse()
                0x00000000c0016216                Mouse::~Mouse()
 .text          0x00000000c0016240      0x339 hal/partition.32
                0x00000000c0016240                makePartition(PhysicalDisk*, unsigned long long, unsigned long long)
                0x00000000c00162e8                createPartitionsForDisk(PhysicalDisk*)
 *fill*         0x00000000c0016579        0x1 
 .text          0x00000000c001657a       0x84 hal/serial.32
                0x00000000c001657a                Serial::Serial(char const*)
                0x00000000c001657a                Serial::Serial(char const*)
                0x00000000c00165b0                Serial::~Serial()
                0x00000000c00165b0                Serial::~Serial()
                0x00000000c00165d4                Serial::~Serial()
 .text          0x00000000c00165fe      0x2f3 hal/timer.32
                0x00000000c00165fe                Timer::Timer(char const*)
                0x00000000c00165fe                Timer::Timer(char const*)
                0x00000000c0016634                Timer::~Timer()
                0x00000000c0016634                Timer::~Timer()
                0x00000000c0016658                Timer::~Timer()
                0x00000000c0016682                Timer::read()
                0x00000000c001668d                timerHandler(unsigned long long)
                0x00000000c00167ff                setupTimer(int)
 *fill*         0x00000000c00168f1        0x1 
 .text          0x00000000c00168f2      0x409 hal/vcache.32
                0x00000000c00168f2                VCache::VCache(PhysicalDisk*)
                0x00000000c00168f2                VCache::VCache(PhysicalDisk*)
                0x00000000c0016a5a                VCache::invalidateReadBuffer()
                0x00000000c0016a6a                VCache::writeWriteBuffer()
                0x00000000c0016aa6                VCache::~VCache()
                0x00000000c0016aa6                VCache::~VCache()
                0x00000000c0016afa                VCache::~VCache()
                0x00000000c0016b22                VCache::write(unsigned long long, int, void*)
                0x00000000c0016c0c                VCache::read(unsigned long long, int, void*)
 *fill*         0x00000000c0016cfb        0x1 
 .text          0x00000000c0016cfc      0x4b3 hal/video.32
                0x00000000c0016cfc                Video::putrect(int, int, int, int, unsigned int)
                0x00000000c0016d48                Video::bitblit(int, int, int, int, int, int, int, unsigned int*)
                0x00000000c0016db8                Video::blit(unsigned int*, int, int, int, int)
                0x00000000c0016e36                Video::clearScreen(unsigned int)
                0x00000000c0016e6a                Video::putpixel(int, int, unsigned int)
                0x00000000c0016e78                Video::Video(char const*)
                0x00000000c0016e78                Video::Video(char const*)
                0x00000000c0016eae                Video::~Video()
                0x00000000c0016eae                Video::~Video()
                0x00000000c0016ed2                Video::~Video()
                0x00000000c0016efc                Video::isMonochrome()
                0x00000000c0016f08                Video::getWidth()
                0x00000000c0016f14                Video::getHeight()
                0x00000000c0016f20                Video::drawCursor(int, int, unsigned char*, int)
                0x00000000c0016fdc                Video::tgaParse(unsigned char*, int, int*, int*)
                0x00000000c0017144                Video::putTGA(int, int, unsigned char*, int)
 *fill*         0x00000000c00171af        0x1 
 .text          0x00000000c00171b0     0x11c9 hw/acpi.32
                0x00000000c00171b0                ACPI::close(int, int, void*)
                0x00000000c0017255                findRSDP()
                0x00000000c00172df                loadACPITables(unsigned char*)
                0x00000000c0017536                findRSDT(unsigned char*)
                0x00000000c0017680                findDataTable(unsigned char*, char*)
                0x00000000c00176f2                scanMADT()
                0x00000000c0017b60                ACPI::ACPI()
                0x00000000c0017b60                ACPI::ACPI()
                0x00000000c0017bb4                ACPI::getPCIIRQAssignment(unsigned char, unsigned short, unsigned char)
                0x00000000c0017c96                ACPI::registerPCIIRQAssignment(void*, unsigned short, unsigned char, unsigned char)
                0x00000000c0017d5c                ACPI::setScreenBrightnessLevel(void*, int)
                0x00000000c0017d62                ACPI::detectPCI()
                0x00000000c0017f64                ACPI::writeSimpleBootFlag(SimpleBootFlagTable*)
                0x00000000c0017fac                ACPI::sleep()
                0x00000000c0017fc4                ACPI::open(int, int, void*)
 *fill*         0x00000000c0018379        0x1 
 .text          0x00000000c001837a     0x1495 hw/cpu.32
                0x00000000c001837a                CPU::close(int, int, void*)
                0x00000000c001837e                CPU::lookupAMDName(unsigned char, unsigned char)
                0x00000000c0018512                CPU::lookupIntelName(unsigned char, unsigned char)
                0x00000000c00187c0                CPU::AMD_K6_write_msr(unsigned int, unsigned int, unsigned int, CPU::REGS*)
                0x00000000c00187dc                CPU::AMD_K6_read_msr(unsigned int, CPU::REGS*)
                0x00000000c00187f4                CPU::AMD_K6_writeback(int, int, int)
                0x00000000c0018868                CPU::cpuid(int, unsigned long*, unsigned long*, unsigned long*, unsigned long*)
                0x00000000c00188ec                CPU::cpuidCheckEDX(unsigned int)
                0x00000000c001891a                CPU::cpuidCheckECX(unsigned int)
                0x00000000c0018948                CPU::cpuidCheckExtendedEBX(unsigned int)
                0x00000000c0018976                CPU::cpuidCheckExtendedECX(unsigned int)
                0x00000000c00189a4                CPU::CPU()
                0x00000000c00189a4                CPU::CPU()
                0x00000000c0018a32                CPU::displayFeatures()
                0x00000000c0018a34                CPU::detectFeatures()
                0x00000000c0019426                CPU::setupSMEP()
                0x00000000c0019432                CPU::setupUMIP()
                0x00000000c001943c                CPU::setupTSC()
                0x00000000c0019446                CPU::setupLargePages()
                0x00000000c0019450                CPU::setupPAT()
                0x00000000c001948c                CPU::setupMTRR()
                0x00000000c001948e                CPU::setupGlobalPages()
                0x00000000c0019498                CPU::allowUsermodeDataAccess()
                0x00000000c00194aa                CPU::prohibitUsermodeDataAccess()
                0x00000000c00194bc                CPU::setupSMAP()
                0x00000000c00194ca                CPU::setupFeatures()
                0x00000000c001954a                CPU::open(int, int, void*)
                0x00000000c0019614                CPU::decodeAddress(regs*, int*, bool*, unsigned char*)
 .text          0x00000000c001980f        0x0 hw/ports.32
 .text          0x00000000c001980f      0x16a hw/smp.32
                0x00000000c001980f                Krnl::smpEntry()
                0x00000000c0019811                Krnl::startCPU(int)
                0x00000000c001995a                Krnl::startCPUs()
 *fill*         0x00000000c0019979        0x1 
 .text          0x00000000c001997a      0x581 krnl/env.32
                0x00000000c001997a                EnvVarContainer::getEnv(char const*)
                0x00000000c00199b8                EnvVarContainer::setEnv(char const*, char const*)
                0x00000000c0019a7a                EnvVarContainer::deleteEnv(char const*)
                0x00000000c0019a7c                EnvVarContainer::loadFrom(char const*, char const*)
                0x00000000c0019c62                EnvVarContainer::__loadSystem()
                0x00000000c0019c7c                EnvVarContainer::__loadUser()
                0x00000000c0019c7e                EnvVarContainer::EnvVarContainer(Process*)
                0x00000000c0019c7e                EnvVarContainer::EnvVarContainer(Process*)
                0x00000000c0019ca0                EnvVarContainer::~EnvVarContainer()
                0x00000000c0019ca0                EnvVarContainer::~EnvVarContainer()
                0x00000000c0019cd0                Krnl::getEnv(Process*, char const*)
                0x00000000c0019d35                Krnl::setEnvSystem(char const*, char const*)
                0x00000000c0019d4f                Krnl::setEnvUser(char const*, char const*)
                0x00000000c0019d6e                Krnl::setEnvProcess(Process*, char const*, char const*)
                0x00000000c0019d81                Krnl::deleteEnvSystem(char const*)
                0x00000000c0019d82                Krnl::deleteEnvUser(char const*)
                0x00000000c0019d83                Krnl::deleteEnvProcess(Process*, char const*)
                0x00000000c0019d84                Krnl::newProcessEnv(Process*)
                0x00000000c0019da6                Krnl::copyProcessEnv(Process*, Process*)
                0x00000000c0019df2                Krnl::loadSystemEnv()
                0x00000000c0019e20                Krnl::loadUserEnv()
                0x00000000c0019e46                Krnl::flushEnv()
                0x00000000c0019e47                Krnl::getProcessTotalEnvCount(Process*)
                0x00000000c0019e67                Krnl::getProcessEnvPair(Process*, int)
 .text          0x00000000c0019efb      0x39c krnl/panic.32
                0x00000000c0019efb                Krnl::panic(char const*)
 .text          0x00000000c001a297      0x57f net/ethernet.32
                0x00000000c001a297                Net::switchEndian16(unsigned short)
                0x00000000c001a2b8                Net::switchEndian32(unsigned int)
                0x00000000c001a2e7                Net::crc32Calc(unsigned char*, int)
                0x00000000c001a378                Net::wrapEthernetFrame(Net::UnwrappedEthernetFrame, unsigned char*)
                0x00000000c001a58b                Net::unwrapEthernetFrame(unsigned char*, int)
 .text          0x00000000c001a816      0x50e reg/registry.32
                0x00000000c001a816                Reg::findLineFromLoadedData(char*, char*, char*)
                0x00000000c001a96e                Reg::getLineFromRegistry(char*, char*, char*, char*)
                0x00000000c001aac3                Reg::getLine(char*, char*, char*)
                0x00000000c001aafa                Reg::readInt(char*, char*, int*)
                0x00000000c001abe5                Reg::readString(char*, char*, char*, int)
                0x00000000c001ac66                Reg::readBool(char*, char*, bool*)
                0x00000000c001ac8b                Reg::readBoolWithDefault(char*, char*, bool)
                0x00000000c001acb7                Reg::readIntWithDefault(char*, char*, int)
                0x00000000c001ace3                Reg::readStringWithDefault(char*, char*, char*, int, char*)
 .text          0x00000000c001ad24       0x36 sys/sc_eject.32
                0x00000000c001ad24                Sys::eject(regs*)
 .text          0x00000000c001ad5a       0x18 sys/sc_exit.32
                0x00000000c001ad5a                Sys::exit(regs*)
 .text          0x00000000c001ad72       0x1f sys/sc_getcwd.32
                0x00000000c001ad72                Sys::getCwd(regs*)
 .text          0x00000000c001ad91        0xc sys/sc_getpid.32
                0x00000000c001ad91                Sys::getPID(regs*)
 .text          0x00000000c001ad9d       0x17 sys/sc_getramdata.32
                0x00000000c001ad9d                Sys::getRAMData(regs*)
 .text          0x00000000c001adb4       0x84 sys/sc_getvgaptr.32
                0x00000000c001adb4                Sys::getVGAPtr(regs*)
 .text          0x00000000c001ae38       0xa8 sys/sc_loaddll.32
                0x00000000c001ae38                Sys::loadDLL(regs*)
 .text          0x00000000c001aee0       0x68 sys/sc_read.32
                0x00000000c001aee0                Sys::read(regs*)
 .text          0x00000000c001af48       0x55 sys/sc_sbrk.32
                0x00000000c001af48                Sys::sbrk(regs*)
 .text          0x00000000c001af9d       0x1c sys/sc_setcwd.32
                0x00000000c001af9d                Sys::setCwd(regs*)
 .text          0x00000000c001afb9       0x95 sys/sc_settime.32
                0x00000000c001afb9                Sys::setTime(regs*)
 .text          0x00000000c001b04e       0x4a sys/sc_timezone.32
                0x00000000c001b04e                Sys::timezone(regs*)
 .text          0x00000000c001b098       0x68 sys/sc_write.32
                0x00000000c001b098                Sys::write(regs*)
 .text          0x00000000c001b100       0x62 sys/sc_wsbe.32
                0x00000000c001b100                Sys::wsbe(regs*)
 .text          0x00000000c001b162       0x46 sys/sc_yield.32
                0x00000000c001b162                Sys::yield(regs*)
 .text          0x00000000c001b1a8      0xf84 sys/syscalls.32
                0x00000000c001b1a8                sysCallSeekDir(regs*)
                0x00000000c001b1ad                sysCallTellDir(regs*)
                0x00000000c001b1b2                sysCallVerify(regs*)
                0x00000000c001b1bc                sysCallGetArgc(regs*)
                0x00000000c001b1cc                sysFormatDisk(regs*)
                0x00000000c001b236                sysSetDiskVolumeLabel(regs*)
                0x00000000c001b27c                sysGetDiskVolumeLabel(regs*)
                0x00000000c001b2cd                sysShutdown(regs*)
                0x00000000c001b32b                sysCallRealpath(regs*)
                0x00000000c001b36e                sysCallReadDir(regs*)
                0x00000000c001b3ed                sysCallIsATTY(regs*)
                0x00000000c001b447                sysCallSeek(regs*)
                0x00000000c001b49e                sysCallTell(regs*)
                0x00000000c001b50a                sysCallSize(regs*)
                0x00000000c001b57c                sysCallSizeFromFilename(regs*)
                0x00000000c001b62b                sysCallClose(regs*)
                0x00000000c001b68b                sysCallOpenDir(regs*)
                0x00000000c001b700                sysCallCloseDir(regs*)
                0x00000000c001b754                sysCallMakeDir(regs*)
                0x00000000c001b7c4                sysCallWait(regs*)
                0x00000000c001b7de                sysCallNotImpl(regs*)
                0x00000000c001b7f9                sysPanic(regs*)
                0x00000000c001b813                sysCallRmdir(regs*)
                0x00000000c001b877                sysCallUnlink(regs*)
                0x00000000c001b8db                sysCallGetArgv(regs*)
                0x00000000c001b927                sysCallTTYName(regs*)
                0x00000000c001b9aa                sysCallUSleep(regs*)
                0x00000000c001b9d1                sysCallSpawn(regs*)
                0x00000000c001ba39                sysCallGetEnv(regs*)
                0x00000000c001bae6                sysAppSettings(regs*)
                0x00000000c001bbfa                sysSetFatAttrib(regs*)
                0x00000000c001bc6c                sysPipe(regs*)
                0x00000000c001bcb1                sysGetUnixTime(regs*)
                0x00000000c001bcc5                string_ends_with(char const*, char const*)
                0x00000000c001bd0d                sysCallOpen(regs*)
                0x00000000c001bef5                Sys::loadSyscalls()
                0x00000000c001c0ea                Sys::systemCall(regs*, void*)
 .text          0x00000000c001c12c     0x1203 thr/elf.32
                0x00000000c001c12c                Thr::allocateMemoryForTask(Process*, File*, unsigned long, unsigned long, unsigned long)
                0x00000000c001c3d6                Thr::loadProgramIntoMemory(Process*, char const*)
                0x00000000c001c5ec                Thr::runtimeReferenceHelper()
                0x00000000c001c5ff                Thr::getAddressOfKernelSymbol(char const*)
                0x00000000c001c64e                Thr::loadKernelSymbolTable(char const*)
                0x00000000c001c90c                Thr::loadDriverIntoMemory(char const*, unsigned long, bool)
                0x00000000c001d042                Thr::getDriverBaseFromAddress(unsigned long)
                0x00000000c001d074                Thr::getDriverNameFromAddress(unsigned long)
                0x00000000c001d0ab                Thr::getDriverOffsetFromAddress(unsigned long)
                0x00000000c001d0c5                Thr::loadDLL(char const*, bool)
                0x00000000c001d2f6                Thr::executeDLL(unsigned long, void*)
 *fill*         0x00000000c001d32f        0x1 
 .text          0x00000000c001d330     0x11ef thr/prcssthr.32
                0x00000000c001d330                userModeEntryPoint(void*)
                0x00000000c001d356                changeTSS
                0x00000000c001d386                switchToThread(ThreadControlBlock*)
                0x00000000c001d430                Process::addArgs(char**)
                0x00000000c001d48a                Process::Process(char const*, Process*, char**)
                0x00000000c001d48a                Process::Process(char const*, Process*, char**)
                0x00000000c001d66e                Process::Process(bool, char const*, Process*, char**)
                0x00000000c001d66e                Process::Process(bool, char const*, Process*, char**)
                0x00000000c001d81d                taskStartupFunction
                0x00000000c001d826                Semaphore::Semaphore(int)
                0x00000000c001d826                Semaphore::Semaphore(int)
                0x00000000c001d854                Mutex::Mutex()
                0x00000000c001d854                Mutex::Mutex()
                0x00000000c001d866                Process::createThread(void (*)(void*), void*, int)
                0x00000000c001d96c                Process::createUserThread()
                0x00000000c001d988                setupMultitasking(void (*)())
                0x00000000c001da8b                schedule()
                0x00000000c001db10                Semaphore::tryAcquire()
                0x00000000c001dbcc                Semaphore::assertLocked(char const*)
                0x00000000c001dc3b                blockTaskWithSchedulerLockAlreadyHeld(TaskState)
                0x00000000c001dc61                blockTask(TaskState)
                0x00000000c001dc8e                waitTask(int, int*, int)
                0x00000000c001dcd0                nanoSleepUntil(unsigned long long)
                0x00000000c001dd65                nanoSleep(unsigned long long)
                0x00000000c001dd7d                sleep(unsigned long long)
                0x00000000c001dd9a                Semaphore::acquire()
                0x00000000c001de3c                taskReturned
                0x00000000c001de77                Thr::processFromPID(int)
                0x00000000c001df0e                unblockTask(ThreadControlBlock*)
                0x00000000c001dfa3                cleanupTerminatedTask(ThreadControlBlock*)
                0x00000000c001e24a                cleanerTaskFunction(void*)
                0x00000000c001e32b                terminateTask(int)
                0x00000000c001e3ea                Thr::terminateFromIRQ(int)
                0x00000000c001e3f6                Semaphore::release()
 .text          0x00000000c001e51f      0xada vm86/vm8086.32
                0x00000000c001e51f                Vm::inbv(unsigned short)
                0x00000000c001e532                Vm::outbv(unsigned short, unsigned char)
                0x00000000c001e568                Vm::realToLinear(unsigned short, unsigned short)
                0x00000000c001e578                Vm::getSegment(unsigned int)
                0x00000000c001e580                Vm::getOffset(unsigned int)
                0x00000000c001e585                Vm::mainloop2()
                0x00000000c001e5bf                Vm::mainVm8086Loop(void*)
                0x00000000c001e5cf                Vm::mainloop3(unsigned long)
                0x00000000c001e5f5                Vm::initialise8086()
                0x00000000c001e638                Vm::finish8086()
                0x00000000c001e699                Vm::getOutput8086(unsigned char*)
                0x00000000c001e6be                Vm::start8086(char const*, unsigned short, unsigned short, unsigned short, unsigned short)
                0x00000000c001e826                Vm::doISR(regs*, int, unsigned char*, unsigned short, unsigned short)
                0x00000000c001e8b0                Vm::readByteFromReal(unsigned short, unsigned short)
                0x00000000c001e8c1                Vm::readWordFromReal(unsigned short, unsigned short)
                0x00000000c001e8d3                Vm::readDwordFromReal(unsigned short, unsigned short)
                0x00000000c001e8e4                Vm::writeByteFromReal(unsigned short, unsigned short, unsigned char)
                0x00000000c001e8f9                Vm::writeWordFromReal(unsigned short, unsigned short, unsigned short)
                0x00000000c001e90f                Vm::writeDwordFromReal(unsigned short, unsigned short, unsigned int)
                0x00000000c001e924                Vm::faultHandler(regs*)
 .text          0x00000000c001eff9      0xefd vm86/x87em.32
                0x00000000c001eff9                Vm::fpuInternalTo32(unsigned long long)
                0x00000000c001f054                Vm::fpuInternalTo64(unsigned long long)
                0x00000000c001f05d                Vm::fpu32ToInternal(unsigned int)
                0x00000000c001f0a2                Vm::fpu64ToInternal(unsigned long long)
                0x00000000c001f0ab                Vm::fpuFloatToLong(unsigned long long)
                0x00000000c001f106                Vm::fpuULongToFloat(unsigned long long)
                0x00000000c001f13c                Vm::fpuLongToFloat(long long)
                0x00000000c001f192                Vm::fpuGet0()
                0x00000000c001f197                Vm::fpuGet1()
                0x00000000c001f19f                Vm::fpuGetPi()
                0x00000000c001f1a7                Vm::fpuGetLog2E()
                0x00000000c001f1bf                Vm::fpuGetLogE2()
                0x00000000c001f1d7                Vm::fpuGetLog210()
                0x00000000c001f1ef                Vm::fpuGetLog102()
                0x00000000c001f207                Vm::fpuIsSecondLarger(unsigned long long, unsigned long long)
                0x00000000c001f21b                Vm::fpuAreEqual(unsigned long long, unsigned long long)
                0x00000000c001f231                Vm::fpuUnorderedCompare(unsigned long long, unsigned long long)
                0x00000000c001f284                Vm::fpuAdd(unsigned long long, unsigned long long)
                0x00000000c001f295                Vm::fpuAbs(unsigned long long)
                0x00000000c001f29e                Vm::fpuChs(unsigned long long)
                0x00000000c001f2ae                Vm::fpuSub(unsigned long long, unsigned long long)
                0x00000000c001f2bd                Vm::fpuMultiply(unsigned long long, unsigned long long)
                0x00000000c001f2dc                Vm::fpuDivide(unsigned long long, unsigned long long)
                0x00000000c001f2f8                Vm::fpuSquare(unsigned long long)
                0x00000000c001f30e                Vm::fpuGetReg(int)
                0x00000000c001f351                Vm::fpuSetReg(int, unsigned long long)
                0x00000000c001f39c                Vm::fpuPush(unsigned long long)
                0x00000000c001f3f9                Vm::fpuPop()
                0x00000000c001f44b                Vm::x87Handler(regs*)
 .text          0x00000000c001fef6     0x11c1 fs/fat/vfslink.32
                0x00000000c001fef6                FAT::getName()
                0x00000000c001fefc                FAT::tell(void*, unsigned long long*)
                0x00000000c001ff30                FAT::stat(void*, unsigned long long*)
                0x00000000c001ff64                FAT::~FAT()
                0x00000000c001ff64                FAT::~FAT()
                0x00000000c001ff88                FAT::~FAT()
                0x00000000c001ffb0                FAT::getlabel(LogicalDisk*, int, char*, unsigned int*)
                0x00000000c002004e                FAT::setlabel(LogicalDisk*, int, char*)
                0x00000000c0020108                FAT::format(LogicalDisk*, int, char const*, int)
                0x00000000c00202c6                FAT::tryMount(LogicalDisk*, int)
                0x00000000c00204cc                FAT::getFileFirstSector(char const*)
                0x00000000c0020572                FAT::readDir(void*, unsigned long, void*, int*)
                0x00000000c00206cc                FAT::read(void*, unsigned long, void*, int*)
                0x00000000c0020726                FAT::write(void*, unsigned long, void*, int*)
                0x00000000c0020780                FAT::close(void*)
                0x00000000c00207cc                FAT::closeDir(void*)
                0x00000000c0020818                FAT::seek(void*, unsigned long long)
                0x00000000c002086c                fatWrapperReadDisk
                0x00000000c00208b3                fatWrapperWriteDisk
                0x00000000c00208fa                fatWrapperIoctl
                0x00000000c00209fe                FAT::FAT()
                0x00000000c00209fe                FAT::FAT()
                0x00000000c0020a50                FAT::fixFilepath(char*)
                0x00000000c0020a88                FAT::open(char const*, void**, FileOpenMode)
                0x00000000c0020bb0                FAT::openDir(char const*, void**)
                0x00000000c0020c56                FAT::stat(char const*, unsigned long long*, bool*)
                0x00000000c0020d40                FAT::unlink(char const*)
                0x00000000c0020dba                FAT::chfatattr(char const*, unsigned char, unsigned char)
                0x00000000c0020f0e                FAT::rename(char const*, char const*)
                0x00000000c0020fd2                FAT::mkdir(char const*)
                0x00000000c002104c                FAT::exists(char const*)
 *fill*         0x00000000c00210b7        0x1 
 .text          0x00000000c00210b8      0xb75 fs/iso9660/vfslink.32
                0x00000000c00210b8                ISO9660::format(LogicalDisk*, int, char const*, int)
                0x00000000c00210be                ISO9660::seek(void*, unsigned long long)
                0x00000000c00210ee                ISO9660::tell(void*, unsigned long long*)
                0x00000000c0021112                ISO9660::getName()
                0x00000000c0021118                ISO9660::stat(void*, unsigned long long*)
                0x00000000c002113c                ISO9660::chfatattr(char const*, unsigned char, unsigned char)
                0x00000000c0021142                ISO9660::unlink(char const*)
                0x00000000c0021148                ISO9660::write(void*, unsigned long, void*, int*)
                0x00000000c002114e                ISO9660::rename(char const*, char const*)
                0x00000000c0021154                ISO9660::mkdir(char const*)
                0x00000000c002115a                ISO9660::close(void*)
                0x00000000c002117c                ISO9660::closeDir(void*)
                0x00000000c002119e                ISO9660::~ISO9660()
                0x00000000c002119e                ISO9660::~ISO9660()
                0x00000000c00211c2                ISO9660::~ISO9660()
                0x00000000c00211e9                __memmem(unsigned char*, int, unsigned char*, int)
                0x00000000c002122b                readSectorFromCDROM(unsigned int, unsigned char*, char)
                0x00000000c0021286                ISO9660::tryMount(LogicalDisk*, int)
                0x00000000c00212d6                ISO9660::read(void*, unsigned long, void*, int*)
                0x00000000c00214da                ISO9660::readDir(void*, unsigned long, void*, int*)
                0x00000000c0021754                readRoot(unsigned int*, unsigned int*, char)
                0x00000000c00217a8                readRecursively(char*, unsigned int, unsigned int, unsigned int*, unsigned int*, char, int*)
                0x00000000c002197b                getFileData(char*, unsigned int*, unsigned int*, char, int*)
                0x00000000c0021a0a                ISO9660::open(char const*, void**, FileOpenMode)
                0x00000000c0021ab8                ISO9660::exists(char const*)
                0x00000000c0021adc                ISO9660::stat(char const*, unsigned long long*, bool*)
                0x00000000c0021b70                ISO9660::openDir(char const*, void**)
                0x00000000c0021c0a                ISO9660::ISO9660()
                0x00000000c0021c0a                ISO9660::ISO9660()
 *fill*         0x00000000c0021c2d        0x1 
 .text          0x00000000c0021c2e      0x396 hal/sound/sndchannel.32
                0x00000000c0021c2e                SoundChannel::SoundChannel(int, int, int, int)
                0x00000000c0021c2e                SoundChannel::SoundChannel(int, int, int, int)
                0x00000000c0021d58                SoundChannel::~SoundChannel()
                0x00000000c0021d58                SoundChannel::~SoundChannel()
                0x00000000c0021d74                SoundChannel::getSampleRate()
                0x00000000c0021d7c                SoundChannel::getBits()
                0x00000000c0021d84                SoundChannel::getBufferUsed()
                0x00000000c0021d8c                SoundChannel::getBufferSize()
                0x00000000c0021d94                SoundChannel::unbuffer(float*, int, int)
                0x00000000c0021e28                SoundChannel::buffer16(short*, int)
                0x00000000c0021f24                SoundChannel::buffer8(unsigned char*, int)
 .text          0x00000000c0021fc4      0x43e hal/sound/sndhw.32
                0x00000000c0021fc4                SoundDevice::SoundDevice(char const*)
                0x00000000c0021fc4                SoundDevice::SoundDevice(char const*)
                0x00000000c0022030                SoundDevice::~SoundDevice()
                0x00000000c0022030                SoundDevice::~SoundDevice()
                0x00000000c00220aa                SoundDevice::~SoundDevice()
                0x00000000c00220d4                SoundDevice::getFreeChannelNum()
                0x00000000c00220ee                SoundDevice::addChannel(SoundChannel*)
                0x00000000c002215e                SoundDevice::removeChannel(int)
                0x00000000c0022190                SoundDevice::floatTo16(float*, short*, int)
                0x00000000c002227e                SoundDevice::floatTo8(float*, unsigned char*, int)
                0x00000000c0022366                SoundDevice::getAudio(int, float*, float*)
 .text          0x00000000c0022402        0x0 hw/bus/isa.32
 .text          0x00000000c0022402      0xb87 hw/bus/pci.32
                0x00000000c0022402                PCI::open(int, int, void*)
                0x00000000c0022420                PCI::close(int, int, void*)
                0x00000000c0022424                PCI::PCI()
                0x00000000c0022424                PCI::PCI()
                0x00000000c00224ba                PCI::readBAR8(unsigned int, int)
                0x00000000c00224d6                PCI::readBAR16(unsigned int, int)
                0x00000000c00224f4                PCI::readBAR32(unsigned int, int)
                0x00000000c0022510                PCI::writeBAR8(unsigned int, unsigned char, int)
                0x00000000c0022530                PCI::writeBAR16(unsigned int, unsigned short, int)
                0x00000000c0022552                PCI::writeBAR32(unsigned int, unsigned int, int)
                0x00000000c0022572                PCI::legacyMechanism(unsigned char, unsigned char, unsigned char, unsigned char)
                0x00000000c00225e0                PCI::pciReadWord(unsigned char, unsigned char, unsigned char, unsigned char)
                0x00000000c0022688                PCI::getVendorID(unsigned char, unsigned char, unsigned char)
                0x00000000c00226ac                PCI::getHeaderType(unsigned char, unsigned char, unsigned char)
                0x00000000c00226d4                PCI::getClassCode(unsigned char, unsigned char, unsigned char)
                0x00000000c002271e                PCI::getProgIF(unsigned char, unsigned char, unsigned char)
                0x00000000c0022746                PCI::getRevisionID(unsigned char, unsigned char, unsigned char)
                0x00000000c002276a                PCI::getInterruptNumber(unsigned char, unsigned char, unsigned char)
                0x00000000c002278e                PCI::getSecondaryBus(unsigned char, unsigned char, unsigned char)
                0x00000000c00227b6                PCI::getBARAddress(unsigned char, unsigned char, unsigned char, unsigned char)
                0x00000000c002281a                PCI::pciWriteWord(unsigned char, unsigned char, unsigned char, unsigned char, unsigned short)
                0x00000000c0022902                PCI::pciDetailsToFilepath(PCIDeviceInfo, char*)
                0x00000000c0022b7c                PCI::checkBus(unsigned char)
                0x00000000c0022ba0                PCI::foundDevice(PCIDeviceInfo)
                0x00000000c0022d12                PCI::getDeviceData(unsigned char, unsigned char, unsigned char)
                0x00000000c0022eca                PCI::checkDevice(unsigned char, unsigned char)
                0x00000000c0022f36                PCI::detect()
 *fill*         0x00000000c0022f89        0x1 
 .text          0x00000000c0022f8a      0xb54 hw/diskctrl/ide.32
                0x00000000c0022f8a                IDE::close(int, int, void*)
                0x00000000c0022f8e                IDE::IDE()
                0x00000000c0022f8e                IDE::IDE()
                0x00000000c0022fc2                IDE::prepareInterrupt(unsigned char)
                0x00000000c0022fd4                selectDrive(unsigned char, unsigned char)
                0x00000000c0022fd6                IDE::getBase(unsigned char)
                0x00000000c0022fe8                IDE::write(unsigned char, unsigned char, unsigned char)
                0x00000000c00230a8                IDE::read(unsigned char, unsigned char)
                0x00000000c0023156                IDE::waitInterrupt(unsigned char)
                0x00000000c00231bc                ideChannel0IRQHandler(regs*, void*)
                0x00000000c00231d8                ideChannel1IRQHandler(regs*, void*)
                0x00000000c00231f4                IDE::enableIRQs(unsigned char, bool)
                0x00000000c002323a                IDE::open(int, int, void*)
                0x00000000c0023648                IDE::readBuffer(unsigned char, unsigned char, unsigned int, unsigned int)
                0x00000000c0023714                IDE::detect()
                0x00000000c00239da                IDE::printError(unsigned char, unsigned char, unsigned char)
                0x00000000c0023a8a                IDE::polling(unsigned char, unsigned int)
 .text          0x00000000c0023ade      0x336 hw/diskctrl/satabus.32
                0x00000000c0023ade                SATABus::close(int, int, void*)
                0x00000000c0023ae2                SATABus::detect()
                0x00000000c0023ae4                SATABus::SATABus()
                0x00000000c0023ae4                SATABus::SATABus()
                0x00000000c0023b6a                SATABus::findCmdslot(SATABus::tagHBA_PORT volatile*)
                0x00000000c0023bb2                SATABus::checkType(SATABus::tagHBA_PORT volatile*)
                0x00000000c0023bfa                SATABus::startCmd(SATABus::tagHBA_PORT volatile*)
                0x00000000c0023c1a                SATABus::stopCmd(SATABus::tagHBA_PORT volatile*)
                0x00000000c0023c44                SATABus::portRebase(SATABus::tagHBA_PORT volatile*, int)
                0x00000000c0023d4a                SATABus::probePort(SATABus::tagHBA_MEM volatile*)
                0x00000000c0023df4                SATABus::open(int, int, void*)
 .text          0x00000000c0023e14      0x604 hw/diskphys/ata.32
                0x00000000c0023e14                ATA::close(int, int, void*)
                0x00000000c0023e38                ATA::powerSaving(PowerSavingLevel)
                0x00000000c0023e3a                ATA::ATA()
                0x00000000c0023e3a                ATA::ATA()
                0x00000000c0023e68                ATA::flush(bool)
                0x00000000c0023eb2                ATA::readyForCommand()
                0x00000000c0023f02                ATA::access(unsigned long long, int, void*, bool)
                0x00000000c002428a                ATA::read(unsigned long long, int, void*)
                0x00000000c00242d6                ATA::write(unsigned long long, int, void*)
                0x00000000c0024322                ATA::detectCHS()
                0x00000000c002434c                ATA::open(int, int, void*)
 .text          0x00000000c0024418      0x5bd hw/diskphys/atapi.32
                0x00000000c0024418                ATAPI::write(unsigned long long, int, void*)
                0x00000000c002441e                ATAPI::close(int, int, void*)
                0x00000000c0024442                ATAPI::ATAPI()
                0x00000000c0024442                ATAPI::ATAPI()
                0x00000000c0024470                ATAPI::readyForCommand()
                0x00000000c00244c0                ATAPI::sendPacket(unsigned char*, int, bool, unsigned short*, int)
                0x00000000c0024780                ATAPI::diskRemoved()
                0x00000000c002479c                ATAPI::eject()
                0x00000000c00247e4                ATAPI::diskInserted()
                0x00000000c0024812                ATAPI::detectMedia()
                0x00000000c00248ce                ATAPI::open(int, int, void*)
                0x00000000c0024956                ATAPI::read(unsigned long long, int, void*)
 *fill*         0x00000000c00249d5        0x1 
 .text          0x00000000c00249d6      0x41c hw/diskphys/sata.32
                0x00000000c00249d6                SATA::close(int, int, void*)
                0x00000000c00249fa                SATA::powerSaving(PowerSavingLevel)
                0x00000000c00249fc                SATA::open(int, int, void*)
                0x00000000c0024aa6                SATA::SATA()
                0x00000000c0024aa6                SATA::SATA()
                0x00000000c0024ad4                SATA::access(unsigned long long, int, void*, bool)
                0x00000000c0024d3a                SATA::read(unsigned long long, int, void*)
                0x00000000c0024d86                SATA::write(unsigned long long, int, void*)
 .text          0x00000000c0024df2      0x4fe hw/diskphys/satapi.32
                0x00000000c0024df2                SATAPI::write(unsigned long long, int, void*)
                0x00000000c0024df8                SATAPI::close(int, int, void*)
                0x00000000c0024e1c                SATAPI::SATAPI()
                0x00000000c0024e1c                SATAPI::SATAPI()
                0x00000000c0024e4a                SATAPI::diskRemoved()
                0x00000000c0024e66                SATAPI::diskInserted()
                0x00000000c0024e94                SATAPI::sendPacket(unsigned char*, int, unsigned long long, unsigned short*, int)
                0x00000000c002509c                SATAPI::eject()
                0x00000000c00250e4                SATAPI::detectMedia()
                0x00000000c00251a6                SATAPI::open(int, int, void*)
                0x00000000c002524e                SATAPI::read(unsigned long long, int, void*)
 .text          0x00000000c00252f0       0x8e hw/fpu/avx.32
                0x00000000c00252f0                AVX::open(int, int, void*)
                0x00000000c0025302                AVX::close(int, int, void*)
                0x00000000c0025314                AVX::available()
                0x00000000c0025326                AVX::save(void*)
                0x00000000c002533e                AVX::load(void*)
                0x00000000c0025356                AVX::AVX()
                0x00000000c0025356                AVX::AVX()
 .text          0x00000000c002537e       0x90 hw/fpu/mmx.32
                0x00000000c002537e                MMX::available()
                0x00000000c0025392                MMX::open(int, int, void*)
                0x00000000c00253a4                MMX::close(int, int, void*)
                0x00000000c00253b6                MMX::save(void*)
                0x00000000c00253ce                MMX::load(void*)
                0x00000000c00253e6                MMX::MMX()
                0x00000000c00253e6                MMX::MMX()
 .text          0x00000000c002540e       0x96 hw/fpu/sse.32
                0x00000000c002540e                SSE::open(int, int, void*)
                0x00000000c0025420                SSE::close(int, int, void*)
                0x00000000c0025432                SSE::available()
                0x00000000c002544c                SSE::save(void*)
                0x00000000c0025464                SSE::load(void*)
                0x00000000c002547c                SSE::SSE()
                0x00000000c002547c                SSE::SSE()
 .text          0x00000000c00254a4       0x8e hw/fpu/x87.32
                0x00000000c00254a4                x87::open(int, int, void*)
                0x00000000c00254b6                x87::close(int, int, void*)
                0x00000000c00254c8                x87::available()
                0x00000000c00254da                x87::save(void*)
                0x00000000c00254f2                x87::load(void*)
                0x00000000c002550a                x87::x87()
                0x00000000c002550a                x87::x87()
 .text          0x00000000c0025532      0x71e hw/intctrl/apic.32
                0x00000000c0025532                APIC::disable()
                0x00000000c0025534                APIC::close(int, int, void*)
                0x00000000c0025556                IOAPIC::close(int, int, void*)
                0x00000000c002555c                APIC::io_wait()
                0x00000000c0025562                APIC::getBase()
                0x00000000c00255a4                APIC::eoi(unsigned char)
                0x00000000c00255d2                APIC::open(int, int, void*)
                0x00000000c0025720                IOAPIC::IOAPIC()
                0x00000000c0025720                IOAPIC::IOAPIC()
                0x00000000c0025748                APIC::APIC()
                0x00000000c0025748                APIC::APIC()
                0x00000000c0025824                IOAPIC::handlesGSIWithNumber(unsigned int)
                0x00000000c0025856                IOAPIC::read(int)
                0x00000000c002587e                IOAPIC::open(int, int, void*)
                0x00000000c0025974                IOAPIC::write(int, int)
                0x00000000c00259a0                IOAPIC::redirect(unsigned char, unsigned long long, unsigned char, bool, bool)
                0x00000000c0025a9a                APIC::installIRQHandler(int, void (*)(regs*, void*), bool, void*)
 .text          0x00000000c0025c50      0x3d3 hw/intctrl/pic.32
                0x00000000c0025c50                PIC::disable()
                0x00000000c0025c7e                PIC::close(int, int, void*)
                0x00000000c0025ca0                PIC::PIC()
                0x00000000c0025ca0                PIC::PIC()
                0x00000000c0025d76                PIC::ioWait()
                0x00000000c0025d7c                PIC::getIRQReg(int)
                0x00000000c0025de6                PIC::eoi(unsigned char)
                0x00000000c0025e78                PIC::remap()
                0x00000000c0025fe4                PIC::open(int, int, void*)
 *fill*         0x00000000c0026023        0x1 
 .text          0x00000000c0026024      0x25e hw/timer/apictimer.32
                0x00000000c0026024                APICTimer::close(int, int, void*)
                0x00000000c002602a                apicTimerHandler(regs*, void*)
                0x00000000c0026058                APICTimer::write(int)
                0x00000000c002615c                APICTimer::open(int, int, void*)
                0x00000000c002625a                APICTimer::APICTimer()
                0x00000000c002625a                APICTimer::APICTimer()
 .text          0x00000000c0026282      0x1a7 hw/timer/pit.32
                0x00000000c0026282                PIT::write(int)
                0x00000000c0026300                pitHandler(regs*, void*)
                0x00000000c002632c                PIT::open(int, int, void*)
                0x00000000c002637a                PIT::close(int, int, void*)
                0x00000000c00263aa                PIT::PIT()
                0x00000000c00263aa                PIT::PIT()
 *fill*         0x00000000c0026429        0x7 
 .text          0x00000000c0026430       0x1e hw/fpu/x86/avx.32
                0x00000000c0026430                avxDetect
                0x00000000c0026436                avxSave
                0x00000000c0026437                avxLoad
                0x00000000c0026438                avxInit
                0x00000000c0026439                avxClose
                0x00000000c002643a                wouldSheSayYes
 *fill*         0x00000000c002644e        0x2 
 .text          0x00000000c0026450       0x35 hw/fpu/x86/sse.32
                0x00000000c0026450                absolutelyNoChanceInHell
                0x00000000c0026450                sseDetect
                0x00000000c0026468                sseSave
                0x00000000c002646e                sseLoad
                0x00000000c0026474                sseInit
                0x00000000c0026484                sseClose
 *fill*         0x00000000c0026485        0xb 
 .text          0x00000000c0026490       0x4d hw/fpu/x86/x87.32
                0x00000000c0026496                x87Detect
                0x00000000c00264b1                x87Save
                0x00000000c00264ba                x87Load
                0x00000000c00264c2                x87Init
                0x00000000c00264dc                x87Close
 *fill*         0x00000000c00264dd        0x3 
 .text          0x00000000c00264e0       0x25 /cygdrive/d/Users/Alex/Desktop/Toolchain/Output/bin/../lib/gcc/i386-banana/8.1.0/crtend.o
 .text          0x00000000c0026505        0x0 crtn.32
 *fill*         0x00000000c0026505        0x3 
 .text          0x00000000c0026508      0x14b /cygdrive/d/Users/Alex/Desktop/Toolchain/Output/bin/../lib/gcc/i386-banana/8.1.0/libkgcc.a(_divdi3.o)
                0x00000000c0026508                __divdi3
 *fill*         0x00000000c0026653        0x1 
 .text          0x00000000c0026654      0x17e /cygdrive/d/Users/Alex/Desktop/Toolchain/Output/bin/../lib/gcc/i386-banana/8.1.0/libkgcc.a(_moddi3.o)
                0x00000000c0026654                __moddi3
 *fill*         0x00000000c00267d2        0x2 
 .text          0x00000000c00267d4       0xff /cygdrive/d/Users/Alex/Desktop/Toolchain/Output/bin/../lib/gcc/i386-banana/8.1.0/libkgcc.a(_udivdi3.o)
                0x00000000c00267d4                __udivdi3
 *fill*         0x00000000c00268d3        0x1 
 .text          0x00000000c00268d4      0x11a /cygdrive/d/Users/Alex/Desktop/Toolchain/Output/bin/../lib/gcc/i386-banana/8.1.0/libkgcc.a(_umoddi3.o)
                0x00000000c00268d4                __umoddi3
 .text          0x00000000c00269ee      0x96d D:/Users/Alex/Desktop/Banana/kernel/libsoftfp.a(sfieeelib.o)
                0x00000000c00269ee                __addsf3
                0x00000000c0026cf0                __subsf3
                0x00000000c0026d04                __negsf2
                0x00000000c0026d11                __mulsf3
                0x00000000c0026ed4                __divsf3
                0x00000000c00270ff                __floatsisf
                0x00000000c0027173                __floatunsisf
                0x00000000c00271b5                __fixsfsi
                0x00000000c0027217                __fixunssfsi
                0x00000000c0027248                __cmpsf2
                0x00000000c00272dd                __eqsf2
                0x00000000c0027318                __nesf2
                0x00000000c002731a                __gtsf2
                0x00000000c0027355                __gesf2
                0x00000000c0027357                __ltsf2
                0x00000000c0027359                __lesf2
 .text          0x00000000c002735b      0xf50 D:/Users/Alex/Desktop/Banana/kernel/libsoftfp.a(dfieeelib.o)
                0x00000000c002735b                __adddf3
                0x00000000c00279ac                __subdf3