Archive member included to satisfy reference by file (symbol)

/cygdrive/d/Users/Alex/Desktop/Toolchain/Output/bin/../lib/gcc/i386-banana/8.1.0/libkgcc.a(_divdi3.o)
                              krnl/resolve.32 (__divdi3)
/cygdrive/d/Users/Alex/Desktop/Toolchain/Output/bin/../lib/gcc/i386-banana/8.1.0/libkgcc.a(_moddi3.o)
                              krnl/resolve.32 (__moddi3)
/cygdrive/d/Users/Alex/Desktop/Toolchain/Output/bin/../lib/gcc/i386-banana/8.1.0/libkgcc.a(_udivdi3.o)
                              hal/clock.32 (__udivdi3)
/cygdrive/d/Users/Alex/Desktop/Toolchain/Output/bin/../lib/gcc/i386-banana/8.1.0/libkgcc.a(_umoddi3.o)
                              core/pipe.32 (__umoddi3)

Allocating common symbols
Common symbol       size              file

dcache              0x40              fs/iso9660/iso9660.32
cdDriveLetter       0x1               fs/iso9660/iso9660.32
icache              0x40              fs/iso9660/iso9660.32

Discarded input sections

 .comment       0x0000000000000000       0x12 /cygdrive/d/Users/Alex/Desktop/Toolchain/Output/bin/../lib/gcc/i386-banana/8.1.0/crtbegin.o
 .comment       0x0000000000000000       0x12 acpica/utclib.32
 .comment       0x0000000000000000       0x12 core/malloc.32
 .comment       0x0000000000000000       0x12 libk/ctype.32
 .comment       0x0000000000000000       0x12 libk/string.32
 .comment       0x0000000000000000       0x12 fs/fat/diskio.32
 .comment       0x0000000000000000       0x12 fs/fat/ff.32
 .comment       0x0000000000000000       0x12 fs/fat/ffsystem.32
 .comment       0x0000000000000000       0x12 fs/fat/ffunicode.32
 .comment       0x0000000000000000       0x12 fs/iso9660/iso9660.32
 .group         0x0000000000000000       0x14 core/computer.32
 .group         0x0000000000000000        0xc core/computer.32
 .comment       0x0000000000000000       0x12 core/computer.32
 .comment       0x0000000000000000       0x12 core/gdt.32
 .group         0x0000000000000000        0xc core/idle.32
 .comment       0x0000000000000000       0x12 core/idle.32
 .comment       0x0000000000000000       0x12 core/idt.32
 .comment       0x0000000000000000       0x12 core/kheap.32
 .comment       0x0000000000000000       0x12 core/main.32
 .comment       0x0000000000000000       0x12 core/physmgr.32
 .group         0x0000000000000000        0xc core/pipe.32
 .comment       0x0000000000000000       0x12 core/pipe.32
 .group         0x0000000000000000        0xc core/terminal.32
 .comment       0x0000000000000000       0x12 core/terminal.32
 .comment       0x0000000000000000       0x12 core/tss.32
 .group         0x0000000000000000        0x8 core/unixfile.32
 .group         0x0000000000000000        0x8 core/unixfile.32
 .group         0x0000000000000000        0xc core/unixfile.32
 .group         0x0000000000000000        0x8 core/unixfile.32
 .group         0x0000000000000000        0xc core/unixfile.32
 .group         0x0000000000000000        0x8 core/unixfile.32
 .group         0x0000000000000000        0xc core/unixfile.32
 .group         0x0000000000000000        0xc core/unixfile.32
 .comment       0x0000000000000000       0x12 core/unixfile.32
 .comment       0x0000000000000000       0x12 core/virtmgr.32
 .comment       0x0000000000000000       0x12 coreobjs/c++.32
 .comment       0x0000000000000000       0x12 dbg/kconsole.32
 .group         0x0000000000000000        0xc fs/vfs.32
 .group         0x0000000000000000        0xc fs/vfs.32
 .group         0x0000000000000000        0xc fs/vfs.32
 .comment       0x0000000000000000       0x12 fs/vfs.32
 .group         0x0000000000000000        0xc hal/bus.32
 .comment       0x0000000000000000       0x12 hal/bus.32
 .comment       0x0000000000000000       0x12 hal/buzzer.32
 .group         0x0000000000000000        0xc hal/clock.32
 .comment       0x0000000000000000       0x12 hal/clock.32
 .group         0x0000000000000000       0x14 hal/device.32
 .group         0x0000000000000000        0xc hal/device.32
 .group         0x0000000000000000        0x8 hal/device.32
 .group         0x0000000000000000        0xc hal/device.32
 .group         0x0000000000000000        0xc hal/device.32
 .comment       0x0000000000000000       0x12 hal/device.32
 .group         0x0000000000000000        0xc hal/diskctrl.32
 .comment       0x0000000000000000       0x12 hal/diskctrl.32
 .group         0x0000000000000000        0xc hal/diskphys.32
 .comment       0x0000000000000000       0x12 hal/diskphys.32
 .comment       0x0000000000000000       0x12 hal/fpu.32
 .comment       0x0000000000000000       0x12 hal/intctrl.32
 .group         0x0000000000000000        0xc hal/keybrd.32
 .comment       0x0000000000000000       0x12 hal/keybrd.32
 .group         0x0000000000000000        0xc hal/logidisk.32
 .comment       0x0000000000000000       0x12 hal/logidisk.32
 .group         0x0000000000000000        0xc hal/mouse.32
 .comment       0x0000000000000000       0x12 hal/mouse.32
[...]
Memory Configuration

Name             Origin             Length             Attributes
*default*        0x0000000000000000 0xffffffffffffffff

Linker script and memory map

LOAD D:/Users/Alex/Desktop/Banana/kernel/boot.32
LOAD crti.32
LOAD /cygdrive/d/Users/Alex/Desktop/Toolchain/Output/bin/../lib/gcc/i386-banana/8.1.0/crtbegin.o
LOAD D:/Users/Alex/Desktop/Banana/kernel/morenasm.32
LOAD acpica/utclib.32
LOAD core/malloc.32
LOAD libk/ctype.32
LOAD libk/string.32
LOAD fs/fat/diskio.32
LOAD fs/fat/ff.32
LOAD fs/fat/ffsystem.32
LOAD fs/fat/ffunicode.32
LOAD fs/iso9660/iso9660.32
LOAD core/computer.32
LOAD core/gdt.32
LOAD core/idle.32
LOAD core/idt.32
LOAD core/kheap.32
LOAD core/main.32
LOAD core/physmgr.32
LOAD core/pipe.32
LOAD core/terminal.32
LOAD core/tss.32
LOAD core/unixfile.32
LOAD core/virtmgr.32
LOAD coreobjs/c++.32
LOAD dbg/kconsole.32
LOAD fs/vfs.32
LOAD hal/bus.32
LOAD hal/buzzer.32
LOAD hal/clock.32
LOAD hal/device.32
LOAD hal/diskctrl.32
LOAD hal/diskphys.32
LOAD hal/fpu.32
LOAD hal/intctrl.32
LOAD hal/keybrd.32
LOAD hal/logidisk.32
LOAD hal/mouse.32
LOAD hal/partition.32
LOAD hal/serial.32
LOAD hal/timer.32
LOAD hal/vcache.32
LOAD hal/video.32
LOAD hw/acpi.32
LOAD hw/cpu.32
LOAD krnl/bootmsg.32
LOAD krnl/env.32
LOAD krnl/inlines.32
LOAD krnl/panic.32
LOAD krnl/powctrl.32
LOAD krnl/resolve.32
LOAD krnl/signal.32
LOAD krnl/syscalls.32
LOAD reg/registry.32
LOAD sys/eject.32
LOAD sys/exit.32
LOAD sys/getcwd.32
LOAD sys/getpid.32
LOAD sys/getramdata.32
LOAD sys/getvgaptr.32
LOAD sys/loaddll.32
LOAD sys/read.32
LOAD sys/registersignal.32
LOAD sys/sbrk.32
LOAD sys/setcwd.32
LOAD sys/settime.32
LOAD sys/timezone.32
LOAD sys/write.32
LOAD sys/wsbe.32
LOAD sys/yield.32
LOAD thr/elf.32
LOAD thr/prcssthr.32
LOAD vm86/vm8086.32
LOAD arch/i386/hal.32
LOAD arch/i386/pic.32
LOAD arch/i386/rtc.32
LOAD arch/i386/vga.32
LOAD fs/fat/vfslink.32
LOAD fs/iso9660/helper.32
LOAD fs/iso9660/vfslink.32
LOAD hal/sound/sndcard.32
LOAD hal/sound/sndport.32
LOAD hw/bus/isa.32
LOAD hw/bus/pci.32
LOAD hw/diskctrl/ide.32
LOAD hw/diskctrl/satabus.32
LOAD hw/diskphys/ata.32
LOAD hw/diskphys/atapi.32
LOAD hw/diskphys/sata.32
LOAD hw/diskphys/satapi.32
LOAD hw/intctrl/apic.32
LOAD hw/timer/apictimer.32
LOAD hw/timer/pit.32
LOAD arch/i386/avx.32
LOAD arch/i386/interrupt.32
LOAD arch/i386/rdrand.32
LOAD arch/i386/sse.32
LOAD arch/i386/x87.32
LOAD /cygdrive/d/Users/Alex/Desktop/Toolchain/Output/bin/../lib/gcc/i386-banana/8.1.0/crtend.o
LOAD crtn.32
LOAD /cygdrive/d/Users/Alex/Desktop/Toolchain/Output/bin/../lib/gcc/i386-banana/8.1.0/libkgcc.a
LOAD D:/Users/Alex/Desktop/Banana/kernel/libsoftfp.a
LOAD D:/Users/Alex/Desktop/Banana/kernel/libk/libm32.a
                0x00000000c0000000                . = 0xc0000000

.text           0x00000000c0000000    0x1c37a
 *(.text)
 .text          0x00000000c0000000       0x20 D:/Users/Alex/Desktop/Banana/kernel/boot.32
 .text          0x00000000c0000020        0x0 crti.32
 .text          0x00000000c0000020      0x101 /cygdrive/d/Users/Alex/Desktop/Toolchain/Output/bin/../lib/gcc/i386-banana/8.1.0/crtbegin.o
 *fill*         0x00000000c0000121        0xf 
 .text          0x00000000c0000130      0x252 D:/Users/Alex/Desktop/Banana/kernel/morenasm.32
                0x00000000c0000130                manualPCIProbe
                0x00000000c000017b                prepareTramp
                0x00000000c0000194                doTPAUSE
                0x00000000c000019e                hasLegacyFPU
                0x00000000c00001c3                is486
                0x00000000c00001f9                detectCPUID
                0x00000000c000020f                goToVM86
                0x00000000c000023f                goToUsermode
                0x00000000c0000269                switchToThreadASMFirstTime
                0x00000000c0000277                switchToThreadASM
                0x00000000c00002ff                asmQuickAcquireLock
                0x00000000c000031d                asmQuickReleaseLock
                0x00000000c0000329                asmAcquireLock
                0x00000000c000034a                asmReleaseLock
                0x00000000c000035d                loadGDT
                0x00000000c000037d                memcpy
 *fill*         0x00000000c0000382        0xe 
 .text          0x00000000c0000390      0x79e acpica/utclib.32
                0x00000000c0000390                memcmp
                0x00000000c00003e0                memmove
                0x00000000c00004d0                memset
                0x00000000c0000540                strlen
                0x00000000c0000570                strpbrk
                0x00000000c00005b0                strtok
                0x00000000c0000600                strcpy
                0x00000000c0000630                strncpy
                0x00000000c00006e0                strcmp
                0x00000000c0000730                strchr
                0x00000000c0000760                strncmp
                0x00000000c00007c0                strcat
                0x00000000c00007f0                strncat
                0x00000000c0000850                strstr
                0x00000000c00008b0                toupper
                0x00000000c00008d0                tolower
                0x00000000c00008f0                simple_strtoul
 .text          0x00000000c0000b2e      0xfad core/malloc.32
                0x00000000c0000c99                dlfree
                0x00000000c0000ff4                dlmalloc
                0x00000000c0001531                dlrealloc
                0x00000000c00016d4                dlmemalign
                0x00000000c00017f7                dlcalloc
                0x00000000c0001891                dlcfree
                0x00000000c0001896                dlindependent_calloc
                0x00000000c00018bb                dlindependent_comalloc
                0x00000000c00018d2                dlvalloc
                0x00000000c00018fd                dlpvalloc
                0x00000000c0001933                dlmalloc_trim
                0x00000000c0001940                dlmalloc_usable_size
                0x00000000c0001971                dlmallinfo
                0x00000000c0001a40                dlmalloc_stats
                0x00000000c0001a51                dlmallopt
 *fill*         0x00000000c0001adb        0x1 
 .text          0x00000000c0001adc      0x1f2 libk/ctype.32
                0x00000000c0001adc                isblank
                0x00000000c0001afc                iscntrl
                0x00000000c0001b1c                isdigit
                0x00000000c0001b38                islower
                0x00000000c0001b54                isspace
                0x00000000c0001b7c                isupper
                0x00000000c0001b98                isalpha
                0x00000000c0001bc8                isalnum
                0x00000000c0001bf8                ispunct
                0x00000000c0001c38                isgraph
                0x00000000c0001c68                isprint
                0x00000000c0001c90                isxdigit
 .text          0x00000000c0001cce        0x0 libk/string.32
 .text          0x00000000c0001cce       0x51 fs/fat/diskio.32
                0x00000000c0001cce                disk_status
                0x00000000c0001cd1                disk_initialize
                0x00000000c0001cd4                disk_read
                0x00000000c0001cea                disk_write
                0x00000000c0001d00                disk_ioctl
 .text          0x00000000c0001d1f     0x3d4b fs/fat/ff.32
                0x00000000c0003abb                f_mount
                0x00000000c0003b1d                f_open
                0x00000000c0003de8                f_read
                0x00000000c0003fe7                f_write
                0x00000000c000421b                f_sync
                0x00000000c00042d0                f_close
                0x00000000c00042ff                f_lseek
                0x00000000c00044a6                f_opendir
                0x00000000c0004571                f_closedir
                0x00000000c0004593                f_readdir
                0x00000000c0004625                f_stat
                0x00000000c00046a4                f_getfree
                0x00000000c00047a6                f_truncate
                0x00000000c000488a                f_unlink
                0x00000000c00049ac                f_mkdir
                0x00000000c0004b47                f_rename
                0x00000000c0004cfd                f_chmod
                0x00000000c0004da6                f_utime
                0x00000000c0004e54                f_getlabel
                0x00000000c0004fa5                f_setlabel
                0x00000000c0005135                f_expand
                0x00000000c0005295                f_mkfs
 *fill*         0x00000000c0005a6a        0x2 
 .text          0x00000000c0005a6c       0x2f fs/fat/ffsystem.32
                0x00000000c0005a6c                ff_memalloc
                0x00000000c0005a84                ff_memfree
 *fill*         0x00000000c0005a9b        0x1 
 .text          0x00000000c0005a9c      0x2a8 fs/fat/ffunicode.32
                0x00000000c0005a9c                ff_uni2oem
                0x00000000c0005b3c                ff_oem2uni
                0x00000000c0005bb4                ff_wtoupper
 .text          0x00000000c0005d44      0xc76 fs/iso9660/iso9660.32
                0x00000000c0005f63                isoReadDiscSector
                0x00000000c0005ffe                strnicmp
                0x00000000c00062b1                stricmp
                0x00000000c00062fd                iso_open
                0x00000000c0006387                iso_close
                0x00000000c00063a5                iso_read
                0x00000000c00064bb                iso_seek
                0x00000000c000653f                iso_tell
                0x00000000c0006570                iso_total
                0x00000000c000659b                fn_postprocess
                0x00000000c00065c1                iso_readdir
                0x00000000c00067b2                iso_reset
                0x00000000c00067bf                init_percd
                0x00000000c00068b9                iso_ioctl
                0x00000000c00068c1                fs_iso9660_init
                0x00000000c000694a                fs_iso9660_shutdown
 .text          0x00000000c00069ba      0x685 core/computer.32
                0x00000000c00069ba                Computer::close(int, int, void*)
                0x00000000c00069ff                Krnl::firstTask()
                0x00000000c0006b32                Computer::Computer()
                0x00000000c0006b32                Computer::Computer()
                0x00000000c0006be4                Computer::setBootMessage(char const*)
                0x00000000c0006be6                Computer::detectFeatures()
                0x00000000c0006df0                Computer::displayFeatures()
                0x00000000c0006df2                Computer::rdmsr(unsigned int)
                0x00000000c0006e1e                Computer::wrmsr(unsigned int, unsigned long long)
                0x00000000c0006e56                Computer::shutdown()
                0x00000000c0006e6e                Computer::restart()
                0x00000000c0006e86                Computer::sleep()
                0x00000000c0006e9a                Computer::nmiEnabled()
                0x00000000c0006ea6                Computer::readCMOS(unsigned char)
                0x00000000c0006ec0                Computer::enableNMI(bool)
                0x00000000c0006ed8                Computer::open(int, int, void*)
                0x00000000c0006fac                Computer::disableNMI()
                0x00000000c0006fbc                Computer::writeCMOS(unsigned char, unsigned char)
                0x00000000c0006fda                Computer::handleNMI()
 *fill*         0x00000000c000703f        0x1 
 .text          0x00000000c0007040      0x1cf core/gdt.32
                0x00000000c0007040                GDTEntry::setBase(unsigned int)
                0x00000000c000705c                GDTEntry::setLimit(unsigned int)
                0x00000000c000707a                GDT::GDT()
                0x00000000c000707a                GDT::GDT()
                0x00000000c0007090                GDT::addEntry(GDTEntry)
                0x00000000c00070b2                GDT::getNumberOfEntries()
                0x00000000c00070ba                GDT::flush()
                0x00000000c00070dc                GDT::setup()
 .text          0x00000000c000720f       0x1d core/idle.32
                0x00000000c000720f                idleFunction(void*)
 .text          0x00000000c000722c      0x464 core/idt.32
                0x00000000c000722c                IDTEntry::IDTEntry(bool)
                0x00000000c000722c                IDTEntry::IDTEntry(bool)
                0x00000000c000729e                IDTEntry::setOffset(unsigned int)
                0x00000000c00072b4                IDT::IDT()
                0x00000000c00072b4                IDT::IDT()
                0x00000000c00072b6                IDT::getPointerToInvalidOpcodeEntryForF00F()
                0x00000000c00072be                IDT::addEntry(IDTEntry, int)
                0x00000000c00072d8                IDT::addEntry(int, void (*)(), bool)
                0x00000000c0007310                IDT::flush()
                0x00000000c000732a                IDT::setup()
 .text          0x00000000c0007690      0x183 core/kheap.32
                0x00000000c0007690                sbrk
                0x00000000c0007725                mmap
                0x00000000c000773b                munmap
                0x00000000c0007751                liballoc_lock()
                0x00000000c000775e                liballoc_unlock()
                0x00000000c0007772                liballoc_alloc(int)
                0x00000000c000778a                liballoc_free(void*, int)
                0x00000000c00077a5                realloc
                0x00000000c00077b9                malloc
                0x00000000c00077c9                free
                0x00000000c00077d9                rfree
                0x00000000c00077e9                calloc
 .text          0x00000000c0007813       0xc3 core/main.32
                0x00000000c0007813                KeEntryPoint
 .text          0x00000000c00078d6      0x5dc core/physmgr.32
                0x00000000c00078d6                Phys::allocateDMA(unsigned long)
                0x00000000c00079ad                Phys::freeDMA(unsigned long, unsigned long)
                0x00000000c00079e0                Phys::setPageState(unsigned long, bool)
                0x00000000c0007a12                Phys::getPageState(unsigned long)
                0x00000000c0007a33                Phys::freePage(unsigned long)
                0x00000000c0007a95                Phys::allocatePage()
                0x00000000c0007b53                Phys::allocateContiguousPages(int)
                0x00000000c0007baf                Phys::allowSegmentToBeUsed(unsigned long, unsigned long)
                0x00000000c0007be7                Phys::physicalMemorySetup(unsigned int)
 .text          0x00000000c0007eb2      0x273 core/pipe.32
                0x00000000c0007eb2                Pipe::isAtty()
                0x00000000c0007eb6                Pipe::~Pipe()
                0x00000000c0007eb6                Pipe::~Pipe()
                0x00000000c0007eda                Pipe::~Pipe()
                0x00000000c0007f02                Pipe::write(unsigned long long, void*, int*)
                0x00000000c0007fc2                Pipe::read(unsigned long long, void*, int*)
                0x00000000c00080be                Pipe::Pipe(int)
                0x00000000c00080be                Pipe::Pipe(int)
 *fill*         0x00000000c0008125        0x1 
 .text          0x00000000c0008126      0xaa0 core/terminal.32
                0x00000000c0008126                VgaText::isAtty()
                0x00000000c000812a                VgaText::~VgaText()
                0x00000000c000812a                VgaText::~VgaText()
                0x00000000c000814e                VgaText::~VgaText()
                0x00000000c0008178                VgaText::read(unsigned long long, void*, int*)
                0x00000000c0008198                setTerminalScrollLock(bool)
                0x00000000c0008199                doTerminalCycle()
                0x00000000c000819a                addToTerminalCycle(VgaText*)
                0x00000000c000819b                scrollTerminalScrollLock(int)
                0x00000000c000819c                VgaText::updateTitle()
                0x00000000c000819e                VgaText::load()
                0x00000000c00081a0                VgaText::updateCursor()
                0x00000000c00081b6                VgaText::doANSI_SGR(int)
                0x00000000c000822a                VgaText::setDefaultBgColour(VgaColour)
                0x00000000c000823a                VgaText::setDefaultFgColour(VgaColour)
                0x00000000c000824a                VgaText::setDefaultColours(VgaColour, VgaColour)
                0x00000000c000826a                VgaText::setTitleTextColour(VgaColour)
                0x00000000c0008276                VgaText::setTitleColour(VgaColour)
                0x00000000c0008282                VgaText::setTitle(char*)
                0x00000000c0008284                VgaText::combineColours(unsigned char, unsigned char)
                0x00000000c0008296                VgaText::scrollScreen()
                0x00000000c000832e                VgaText::combineCharAndColour(char, unsigned char)
                0x00000000c0008340                VgaText::writeCharacter(char, VgaColour, VgaColour, int, int)
                0x00000000c00083d0                VgaText::getCursorX()
                0x00000000c00083d8                VgaText::getCursorY()
                0x00000000c00083e0                VgaText::setCursor(int, int)
                0x00000000c00083f7                setActiveTerminal(VgaText*)
                0x00000000c0008442                VgaText::clearScreen()
                0x00000000c0008490                VgaText::setCursorX(int)
                0x00000000c00084a8                VgaText::setCursorY(int)
                0x00000000c00084c0                VgaText::incrementCursor(bool)
                0x00000000c0008514                VgaText::decrementCursor(bool)
                0x00000000c0008536                VgaText::putchar(char, VgaColour, VgaColour)
                0x00000000c0008604                VgaText::putchar(char)
                0x00000000c00086f0                VgaText::putx(unsigned int)
                0x00000000c0008736                VgaText::puts(char const*)
                0x00000000c000875c                VgaText::write(unsigned long long, void*, int*)
                0x00000000c00087a8                VgaText::puts(char const*, VgaColour, VgaColour)
                0x00000000c00088fa                VgaText::VgaText(char const*)
                0x00000000c00088fa                VgaText::VgaText(char const*)
                0x00000000c0008a46                VgaText::receiveKey(unsigned char)
                0x00000000c0008ba0                VgaText::doUpdate()
                0x00000000c0008ba1                newTerminal(char*)
 *fill*         0x00000000c0008bc6        0x2 
 .text          0x00000000c0008bc8      0x1a1 core/tss.32
                0x00000000c0008bc8                TSS::TSS()
                0x00000000c0008bc8                TSS::TSS()
                0x00000000c0008bd8                TSS::setESP(unsigned long)
                0x00000000c0008bec                TSS::flush()
                0x00000000c0008c0c                TSS::setup(unsigned long, unsigned long)
 *fill*         0x00000000c0008d69        0x1 
 .text          0x00000000c0008d6a      0x4c2 core/unixfile.32
                0x00000000c0008d6a                ReservedFilename::read(unsigned long long, void*, int*)
                0x00000000c0008dc0                ReservedFilename::isAtty()
                0x00000000c0008ddc                ReservedFilename::write(unsigned long long, void*, int*)
                0x00000000c0008e3a                UnixFile::getFileDescriptor()
                0x00000000c0008e42                UnixFile::UnixFile(int)
                0x00000000c0008e42                UnixFile::UnixFile(int)
                0x00000000c0008ff2                ReservedFilename::ReservedFilename(int)
                0x00000000c0008ff2                ReservedFilename::ReservedFilename(int)
                0x00000000c0009024                UnixFile::~UnixFile()
                0x00000000c0009024                UnixFile::~UnixFile()
                0x00000000c00090bc                UnixFile::~UnixFile()
                0x00000000c00090e4                ReservedFilename::~ReservedFilename()
                0x00000000c00090e4                ReservedFilename::~ReservedFilename()
                0x00000000c0009108                ReservedFilename::~ReservedFilename()
                0x00000000c000912f                getFromFileDescriptor(int)
 .text          0x00000000c000922c     0x1166 core/virtmgr.32
                0x00000000c000922c                Virt::setPageState(unsigned long, Virt::VirtPageState)
                0x00000000c0009261                Virt::getPageState(unsigned long)
                0x00000000c0009285                Virt::allocateKernelVirtualPages(int)
                0x00000000c0009396                Virt::freeSwapfilePage(unsigned long)
                0x00000000c00093b4                Virt::swapIDToSector(unsigned long)
                0x00000000c00093c6                Virt::allocateSwapfilePage()
                0x00000000c0009444                Virt::virtualMemorySetup()
                0x00000000c000948f                Virt::setupPageSwapping(int)
                0x00000000c0009500                VAS::VAS()
                0x00000000c0009500                VAS::VAS()
                0x00000000c000953c                VAS::VAS(VAS*)
                0x00000000c000953c                VAS::VAS(VAS*)
                0x00000000c000956a                VAS::getForeignPageTableEntry(bool, unsigned long)
                0x00000000c0009596                VAS::getPageTableEntry(unsigned long)
                0x00000000c00095b5                Virt::freeKernelVirtualPages(unsigned long)
                0x00000000c00096da                VAS::freeAllocatedPages(unsigned long)
                0x00000000c00096fe                VAS::virtualToPhysical(unsigned long)
                0x00000000c0009718                VAS::reflagRange(unsigned long, int, int, int)
                0x00000000c0009758                VAS::setToWriteCombining(unsigned long, int)
                0x00000000c000978c                VAS::mapOtherVASIn(bool, VAS*)
                0x00000000c00097b6                VAS::~VAS()
                0x00000000c00097b6                VAS::~VAS()
                0x00000000c000991a                VAS::mapPage(unsigned long, unsigned long, int)
                0x00000000c0009a1e                VAS::allocatePages(int, int)
                0x00000000c0009bf6                VAS::setCPUSpecific(unsigned long)
                0x00000000c0009c14                VAS::mapRange(unsigned long, unsigned long, int, int)
                0x00000000c0009cda                VAS::mapForeignPage(bool, VAS*, unsigned long, unsigned long, int)
                0x00000000c0009dc8                VAS::VAS(bool)
                0x00000000c0009dc8                VAS::VAS(bool)
                0x00000000c000a048                VAS::evict(unsigned long)
                0x00000000c000a10a                VAS::tryLoadBackOffDisk(unsigned long)
                0x00000000c000a1f8                VAS::scanForEviction()
                0x00000000c000a2d8                mapVASFirstTime
 .text          0x00000000c000a392       0x5f coreobjs/c++.32
                0x00000000c000a392                __cxa_atexit
                0x00000000c000a395                __cxa_finalize
                0x00000000c000a396                __stack_chk_fail
                0x00000000c000a3cc                __cxa_pure_virtual
                0x00000000c000a3dd                operator new[](unsigned long)
                0x00000000c000a3e2                operator delete(void*, unsigned long)
                0x00000000c000a3e7                operator delete[](void*)
                0x00000000c000a3ec                operator delete[](void*, unsigned long)
 .text          0x00000000c000a3f1      0x21c dbg/kconsole.32
                0x00000000c000a3f1                Dbg::stringifyxWithBase(unsigned int, char*, int)
                0x00000000c000a45c                Dbg::logc(char)
                0x00000000c000a47c                Dbg::logs(char*)
                0x00000000c000a499                Dbg::logWriteInt(unsigned int)
                0x00000000c000a4b7                Dbg::logWriteIntBase(unsigned int, int)
                0x00000000c000a4d8                Dbg::kprintf(char const*, ...)
 *fill*         0x00000000c000a60d        0x1 
 .text          0x00000000c000a60e      0xc5c fs/vfs.32
                0x00000000c000a60e                File::read(unsigned long long, void*, int*)
                0x00000000c000a666                File::write(unsigned long long, void*, int*)
                0x00000000c000a6be                Directory::read(unsigned long long, void*, int*)
                0x00000000c000a716                Directory::write(unsigned long long, void*, int*)
                0x00000000c000a744                File::isAtty()
                0x00000000c000a748                Directory::isAtty()
                0x00000000c000a74c                Filesystem::getlabel(LogicalDisk*, int, char*, unsigned int*)
                0x00000000c000a752                Filesystem::setlabel(LogicalDisk*, int, char*)
                0x00000000c000a758                Filesystem::allocateSwapfile(char const*, int)
                0x00000000c000a75e                File::~File()
                0x00000000c000a75e                File::~File()
                0x00000000c000a782                File::~File()
                0x00000000c000a7ac                Directory::~Directory()
                0x00000000c000a7ac                Directory::~Directory()
                0x00000000c000a7d0                Directory::~Directory()
                0x00000000c000a7fa                Filesystem::Filesystem()
                0x00000000c000a7fa                Filesystem::Filesystem()
                0x00000000c000a81e                Filesystem::~Filesystem()
                0x00000000c000a81e                Filesystem::~Filesystem()
                0x00000000c000a82c                Filesystem::~Filesystem()
                0x00000000c000a850                Fs::getcwd(Process*, char*, int)
                0x00000000c000a87a                Fs::initVFS()
                0x00000000c000a8a4                Fs::standardiseFiles(char*, char const*, char const*)
                0x00000000c000aa4e                File::File(char const*, Process*)
                0x00000000c000aa4e                File::File(char const*, Process*)
                0x00000000c000ab0e                File::open(FileOpenMode)
                0x00000000c000ab6c                File::close()
                0x00000000c000abcc                File::seek(unsigned long long)
                0x00000000c000ac22                File::tell(unsigned long long*)
                0x00000000c000ac72                File::rewind()
                0x00000000c000ac86                File::unlink()
                0x00000000c000acd2                File::rename(char const*)
                0x00000000c000ad20                File::chfatattr(unsigned char, unsigned char)
                0x00000000c000ad7c                File::exists()
                0x00000000c000adba                File::stat(unsigned long long*, bool*)
                0x00000000c000ae1b                Fs::setcwd(Process*, char*)
                0x00000000c000af78                Directory::Directory(char const*, Process*)
                0x00000000c000af78                Directory::Directory(char const*, Process*)
                0x00000000c000b038                Directory::open()
                0x00000000c000b094                Directory::close()
                0x00000000c000b0f4                Directory::unlink()
                0x00000000c000b140                Directory::rename(char const*)
                0x00000000c000b18e                Directory::exists()
                0x00000000c000b1cc                Directory::read(dirent*)
                0x00000000c000b218                Directory::create()
                0x00000000c000b264                Filesystem::chfatattr(char const*, unsigned char, unsigned char)
 *fill*         0x00000000c000b26a        0x2 
 .text          0x00000000c000b26c       0x86 hal/bus.32
                0x00000000c000b26c                Bus::Bus(char const*)
                0x00000000c000b26c                Bus::Bus(char const*)
                0x00000000c000b2a4                Bus::~Bus()
                0x00000000c000b2a4                Bus::~Bus()
                0x00000000c000b2c8                Bus::~Bus()
 .text          0x00000000c000b2f2       0x96 hal/buzzer.32
                0x00000000c000b2f2                beepThread(void*)
                0x00000000c000b32f                Krnl::beep(int, int, bool)
 .text          0x00000000c000b388      0x46d hal/clock.32
                0x00000000c000b388                User::loadClockSettings(int)
                0x00000000c000b3da                Clock::Clock(char const*)
                0x00000000c000b3da                Clock::Clock(char const*)
                0x00000000c000b410                Clock::~Clock()
                0x00000000c000b410                Clock::~Clock()
                0x00000000c000b434                Clock::~Clock()
                0x00000000c000b45e                Clock::timeInSecondsLocal()
                0x00000000c000b4a6                Clock::setTimeInSecondsLocal(unsigned long long)
                0x00000000c000b4ff                datetimeToSeconds(datetime_t)
                0x00000000c000b62c                Clock::setTimeInDatetimeLocal(datetime_t)
                0x00000000c000b68c                secondsToDatetime(unsigned long long)
                0x00000000c000b7d0                Clock::timeInDatetimeLocal()
 *fill*         0x00000000c000b7f5        0x1 
 .text          0x00000000c000b7f6      0x464 hal/device.32
                0x00000000c000b7f6                Device::hibernate()
                0x00000000c000b7f8                Device::wake()
                0x00000000c000b7fa                Device::detect()
                0x00000000c000b7fc                Device::disableLegacy()
                0x00000000c000b7fe                Device::powerSaving(PowerSavingLevel)
                0x00000000c000b800                DriverlessDevice::close(int, int, void*)
                0x00000000c000b804                DriverlessDevice::detect()
                0x00000000c000b806                DriverlessDevice::open(int, int, void*)
                0x00000000c000b81a                Device::~Device()
                0x00000000c000b81a                Device::~Device()
                0x00000000c000b828                Device::~Device()
                0x00000000c000b850                Device::findAndLoadDriver()
                0x00000000c000b85e                Device::preOpenPCI(PCIDeviceInfo)
                0x00000000c000b884                Device::preOpenACPI(void*, char*, char*)
                0x00000000c000b8c4                Device::addIRQHandler(int, void (*)(regs*, void*), bool, void*)
                0x00000000c000b8ee                Device::getParent()
                0x00000000c000b8fa                Device::removeIRQHandler(int, void (*)(regs*, void*), bool)
                0x00000000c000b918                Device::addChild(Device*)
                0x00000000c000b95c                Device::removeAllChildren()
                0x00000000c000b9a2                Device::hibernateAll()
                0x00000000c000b9d2                Device::wakeAll()
                0x00000000c000ba02                Device::detectAll()
                0x00000000c000ba32                Device::disableLegacyAll()
                0x00000000c000ba34                Device::loadDriversForAll()
                0x00000000c000ba36                Device::closeAll()
                0x00000000c000ba6c                Device::powerSavingAll(PowerSavingLevel)
                0x00000000c000baa2                Device::setName(char const*)
                0x00000000c000bab0                Device::Device(char const*)
                0x00000000c000bab0                Device::Device(char const*)
                0x00000000c000bbac                Device::getName()
                0x00000000c000bbb6                DriverlessDevice::DriverlessDevice(char const*)
                0x00000000c000bbb6                DriverlessDevice::DriverlessDevice(char const*)
                0x00000000c000bbec                Device::addToLinkedList(LinkedList<Device>&, DeviceType)
                0x00000000c000bc30                getDevicesOfType(DeviceType)
 *fill*         0x00000000c000bc5a        0x2 
 .text          0x00000000c000bc5c       0x86 hal/diskctrl.32
                0x00000000c000bc5c                HardDiskController::HardDiskController(char const*)
                0x00000000c000bc5c                HardDiskController::HardDiskController(char const*)
                0x00000000c000bc94                HardDiskController::~HardDiskController()
                0x00000000c000bc94                HardDiskController::~HardDiskController()
                0x00000000c000bcb8                HardDiskController::~HardDiskController()
 .text          0x00000000c000bce2       0xe2 hal/diskphys.32
                0x00000000c000bce2                PhysicalDisk::eject()
                0x00000000c000bce6                PhysicalDisk::PhysicalDisk(char const*, int)
                0x00000000c000bce6                PhysicalDisk::PhysicalDisk(char const*, int)
                0x00000000c000bd4e                PhysicalDisk::startCache()
                0x00000000c000bd76                PhysicalDisk::~PhysicalDisk()
                0x00000000c000bd76                PhysicalDisk::~PhysicalDisk()
                0x00000000c000bd9a                PhysicalDisk::~PhysicalDisk()
 .text          0x00000000c000bdc4        0x0 hal/fpu.32
 .text          0x00000000c000bdc4      0x35d hal/intctrl.32
                0x00000000c000bdc4                int_handler
                0x00000000c000be4c                installISRHandler(int, void (*)(regs*, void*), void*)
                0x00000000c000be94                installIRQHandler(int, void (*)(regs*, void*), bool, void*)
                0x00000000c000bfcc                uninstallISRHandler(int, void (*)(regs*, void*))
                0x00000000c000c000                uninstallIRQHandler(int, void (*)(regs*, void*), bool)
                0x00000000c000c07f                setupINTS()
                0x00000000c000c0dc                convertLegacyIRQNumber(int)
 *fill*         0x00000000c000c121        0x1 
 .text          0x00000000c000c122      0x7b4 hal/keybrd.32
                0x00000000c000c122                startGUI(void*)
                0x00000000c000c18e                startGUIVESA(void*)
                0x00000000c000c1fa                sendKeyToTerminal(unsigned char)
                0x00000000c000c2c3                sendKeyboardToken(KeyboardToken)
                0x00000000c000c703                clearInternalKeybuffer(VgaText*)
                0x00000000c000c738                readKeyboard(VgaText*, char*, unsigned long)
                0x00000000c000c84c                Keyboard::Keyboard(char const*)
                0x00000000c000c84c                Keyboard::Keyboard(char const*)
                0x00000000c000c888                Keyboard::~Keyboard()
                0x00000000c000c888                Keyboard::~Keyboard()
                0x00000000c000c8ac                Keyboard::~Keyboard()
 .text          0x00000000c000c8d6      0x3ea hal/logidisk.32
                0x00000000c000c8d6                LogicalDisk::close(int, int, void*)
                0x00000000c000c8da                LogicalDisk::~LogicalDisk()
                0x00000000c000c8da                LogicalDisk::~LogicalDisk()
                0x00000000c000c8fe                LogicalDisk::~LogicalDisk()
                0x00000000c000c928                LogicalDisk::open(int, int, void*)
                0x00000000c000c93c                LogicalDisk::absoluteToRelative(unsigned long long)
                0x00000000c000c974                LogicalDisk::relativeToAbsolute(unsigned long long)
                0x00000000c000c9ba                LogicalDisk::LogicalDisk(char const*, PhysicalDisk*, unsigned long long, unsigned long long)
                0x00000000c000c9ba                LogicalDisk::LogicalDisk(char const*, PhysicalDisk*, unsigned long long, unsigned long long)
                0x00000000c000ca70                LogicalDisk::assignDriveLetter()
                0x00000000c000cb26                LogicalDisk::mount()
                0x00000000c000cb6e                LogicalDisk::unmount()
                0x00000000c000cb7e                LogicalDisk::eject()
                0x00000000c000cb92                LogicalDisk::unassignDriveLetter()
                0x00000000c000cbe8                LogicalDisk::read(unsigned long long, int, void*)
                0x00000000c000cc54                LogicalDisk::write(unsigned long long, int, void*)
 .text          0x00000000c000ccc0       0x86 hal/mouse.32
                0x00000000c000ccc0                Mouse::Mouse(char const*)
                0x00000000c000ccc0                Mouse::Mouse(char const*)
                0x00000000c000ccf8                Mouse::~Mouse()
                0x00000000c000ccf8                Mouse::~Mouse()
                0x00000000c000cd1c                Mouse::~Mouse()
 .text          0x00000000c000cd46      0x339 hal/partition.32
                0x00000000c000cd46                makePartition(PhysicalDisk*, unsigned long long, unsigned long long)
                0x00000000c000cdee                createPartitionsForDisk(PhysicalDisk*)
 *fill*         0x00000000c000d07f        0x1 
 .text          0x00000000c000d080       0x86 hal/serial.32
                0x00000000c000d080                Serial::Serial(char const*)
                0x00000000c000d080                Serial::Serial(char const*)
                0x00000000c000d0b8                Serial::~Serial()
                0x00000000c000d0b8                Serial::~Serial()
                0x00000000c000d0dc                Serial::~Serial()
 *fill*         0x00000000c000d106        0x2 
 .text          0x00000000c000d108      0x234 hal/timer.32
                0x00000000c000d108                Timer::Timer(char const*)
                0x00000000c000d108                Timer::Timer(char const*)
                0x00000000c000d140                Timer::~Timer()
                0x00000000c000d140                Timer::~Timer()
                0x00000000c000d164                Timer::~Timer()
                0x00000000c000d18e                Timer::read()
                0x00000000c000d199                setupTimer(int)
                0x00000000c000d1d4                timerHandler(unsigned int)
 .text          0x00000000c000d33c      0x3ce hal/vcache.32
                0x00000000c000d33c                VCache::VCache(PhysicalDisk*)
                0x00000000c000d33c                VCache::VCache(PhysicalDisk*)
                0x00000000c000d4a4                VCache::invalidateReadBuffer()
                0x00000000c000d4b4                VCache::writeWriteBuffer()
                0x00000000c000d500                VCache::~VCache()
                0x00000000c000d500                VCache::~VCache()
                0x00000000c000d554                VCache::~VCache()
                0x00000000c000d57c                VCache::write(unsigned long long, int, void*)
                0x00000000c000d692                VCache::read(unsigned long long, int, void*)
 .text          0x00000000c000d70a      0x4b3 hal/video.32
                0x00000000c000d70a                Video::putrect(int, int, int, int, unsigned int)
                0x00000000c000d756                Video::bitblit(int, int, int, int, int, int, int, unsigned int*)
                0x00000000c000d7c6                Video::blit(unsigned int*, int, int, int, int)
                0x00000000c000d844                Video::clearScreen(unsigned int)
                0x00000000c000d878                Video::putpixel(int, int, unsigned int)
                0x00000000c000d886                Video::Video(char const*)
                0x00000000c000d886                Video::Video(char const*)
                0x00000000c000d8bc                Video::~Video()
                0x00000000c000d8bc                Video::~Video()
                0x00000000c000d8e0                Video::~Video()
                0x00000000c000d90a                Video::isMonochrome()
                0x00000000c000d916                Video::getWidth()
                0x00000000c000d922                Video::getHeight()
                0x00000000c000d92e                Video::drawCursor(int, int, unsigned char*, int)
                0x00000000c000d9ea                Video::tgaParse(unsigned char*, int, int*, int*)
                0x00000000c000db52                Video::putTGA(int, int, unsigned char*, int)
 *fill*         0x00000000c000dbbd        0x3 
 .text          0x00000000c000dbc0     0x1307 hw/acpi.32
                0x00000000c000dbc0                ACPI::close(int, int, void*)
                0x00000000c000dc78                findRSDP()
                0x00000000c000dd08                loadACPITables(unsigned char*)
                0x00000000c000df6c                findRSDT(unsigned char*)
                0x00000000c000e0bc                findDataTable(unsigned char*, char*)
                0x00000000c000e134                scanMADT()
                0x00000000c000e608                ACPI::ACPI()
                0x00000000c000e608                ACPI::ACPI()
                0x00000000c000e65c                ACPI::getPCIIRQAssignment(unsigned char, unsigned short, unsigned char)
                0x00000000c000e744                ACPI::registerPCIIRQAssignment(void*, unsigned short, unsigned char, unsigned char)
                0x00000000c000e80c                ACPI::setScreenBrightnessLevel(void*, int)
                0x00000000c000e814                ACPI::detectPCI()
                0x00000000c000ea1c                ACPI::writeSimpleBootFlag(SimpleBootFlagTable*)
                0x00000000c000ea70                ACPI::sleep()
                0x00000000c000ea8c                ACPI::open(int, int, void*)
 *fill*         0x00000000c000eec7        0x1 
 .text          0x00000000c000eec8      0xb95 hw/cpu.32
                0x00000000c000eec8                CPU::close(int, int, void*)
                0x00000000c000eecc                CPU::AMD_K6_write_msr(unsigned int, unsigned int, unsigned int, CPU::REGS*)
                0x00000000c000eee8                CPU::AMD_K6_read_msr(unsigned int, CPU::REGS*)
                0x00000000c000ef00                CPU::AMD_K6_writeback(int, int, int)
                0x00000000c000ef74                CPU::cpuid(int, unsigned long*, unsigned long*, unsigned long*, unsigned long*)
                0x00000000c000eff8                CPU::cpuidCheckEDX(unsigned int)
                0x00000000c000f026                CPU::cpuidCheckECX(unsigned int)
                0x00000000c000f054                CPU::cpuidCheckExtendedEBX(unsigned int)
                0x00000000c000f082                CPU::cpuidCheckExtendedECX(unsigned int)
                0x00000000c000f0b0                CPU::CPU()
                0x00000000c000f0b0                CPU::CPU()
                0x00000000c000f13e                CPU::displayFeatures()
                0x00000000c000f140                CPU::detectFeatures()
                0x00000000c000f804                CPU::setupSMEP()
                0x00000000c000f810                CPU::setupUMIP()
                0x00000000c000f81a                CPU::setupTSC()
                0x00000000c000f824                CPU::setupLargePages()
                0x00000000c000f82e                CPU::setupPAT()
                0x00000000c000f86a                CPU::setupMTRR()
                0x00000000c000f86c                CPU::setupGlobalPages()
                0x00000000c000f876                CPU::allowUsermodeDataAccess()
                0x00000000c000f888                CPU::prohibitUsermodeDataAccess()
                0x00000000c000f89a                CPU::setupSMAP()
                0x00000000c000f8a8                CPU::setupFeatures()
                0x00000000c000f974                CPU::open(int, int, void*)
 .text          0x00000000c000fa5d       0xd1 krnl/bootmsg.32
                0x00000000c000fa5d                KeDisplaySplashScreen()
                0x00000000c000facb                KeSetBootMessage(char const*)
 .text          0x00000000c000fb2e      0x581 krnl/env.32
                0x00000000c000fb2e                EnvVarContainer::getEnv(char const*)
                0x00000000c000fb6c                EnvVarContainer::setEnv(char const*, char const*)
                0x00000000c000fc2e                EnvVarContainer::deleteEnv(char const*)
                0x00000000c000fc30                EnvVarContainer::loadFrom(char const*, char const*)
                0x00000000c000fe16                EnvVarContainer::__loadSystem()
                0x00000000c000fe30                EnvVarContainer::__loadUser()
                0x00000000c000fe32                EnvVarContainer::EnvVarContainer(Process*)
                0x00000000c000fe32                EnvVarContainer::EnvVarContainer(Process*)
                0x00000000c000fe54                EnvVarContainer::~EnvVarContainer()
                0x00000000c000fe54                EnvVarContainer::~EnvVarContainer()
                0x00000000c000fe84                Krnl::getEnv(Process*, char const*)
                0x00000000c000fee9                Krnl::setEnvSystem(char const*, char const*)
                0x00000000c000ff03                Krnl::setEnvUser(char const*, char const*)
                0x00000000c000ff22                Krnl::setEnvProcess(Process*, char const*, char const*)
                0x00000000c000ff35                Krnl::deleteEnvSystem(char const*)
                0x00000000c000ff36                Krnl::deleteEnvUser(char const*)
                0x00000000c000ff37                Krnl::deleteEnvProcess(Process*, char const*)
                0x00000000c000ff38                Krnl::newProcessEnv(Process*)
                0x00000000c000ff5a                Krnl::copyProcessEnv(Process*, Process*)
                0x00000000c000ffa6                Krnl::loadSystemEnv()
                0x00000000c000ffd4                Krnl::loadUserEnv()
                0x00000000c000fffa                Krnl::flushEnv()
                0x00000000c000fffb                Krnl::getProcessTotalEnvCount(Process*)
                0x00000000c001001b                Krnl::getProcessEnvPair(Process*, int)
 .text          0x00000000c00100af       0x94 krnl/inlines.32
                0x00000000c00100af                CPU::current()
                0x00000000c00100bb                operator new(unsigned long)
                0x00000000c00100c0                operator delete(void*)
                0x00000000c00100c5                disableIRQs()
                0x00000000c00100c7                enableIRQs()
                0x00000000c00100c9                lockScheduler()
                0x00000000c00100d1                unlockScheduler()
                0x00000000c00100e0                lockStuff()
                0x00000000c00100ee                unlockStuff()
                0x00000000c0010128                Virt::getAKernelVAS()
                0x00000000c001012e                __not_memcpy
 .text          0x00000000c0010143        0xc krnl/panic.32
                0x00000000c0010143                KePanic(char const*)
 .text          0x00000000c001014f      0x142 krnl/powctrl.32
                0x00000000c001014f                Krnl::powerThread(void*)
                0x00000000c001017d                Krnl::changePowerSettings(Krnl::PowerSettings)
                0x00000000c0010193                Krnl::userIOReceived()
                0x00000000c001019e                Krnl::handlePowerButton()
                0x00000000c00101d3                Krnl::handleSleepButton()
                0x00000000c0010208                Krnl::setupPowerManager()
 *fill*         0x00000000c0010291        0x3 
 .text          0x00000000c0010294      0x190 krnl/resolve.32
                0x00000000c0010294                KeResolveCompatibilitySymbol(char*)
 .text          0x00000000c0010424      0x33f krnl/signal.32
                0x00000000c0010424                KiDefaultSignalHandlerAbort(int)
                0x00000000c0010431                KiDefaultSignalHandlerTerminate(int)
                0x00000000c001043e                KiSigKill(int)
                0x00000000c001044b                KiDefaultSignalHandlerIgnore(int)
                0x00000000c001044c                KiDefaultSignalHandlerPause(int)
                0x00000000c0010459                KiDefaultSignalHandlerResume(int)
                0x00000000c0010466                KeInitSignals()
                0x00000000c00104c1                KeRegisterSignalHandler(SigHandlerBlock*, int, void (*)(int), unsigned int, int)
                0x00000000c0010526                KeRaiseSignal(SigHandlerBlock*, int)
                0x00000000c00105a2                KeCheckSignal(SigHandlerBlock*)
                0x00000000c0010728                KeCompleteSignal(SigHandlerBlock*, int)
 .text          0x00000000c0010763      0xc74 krnl/syscalls.32
                0x00000000c0010763                SysSeekDir(regs*)
                0x00000000c0010768                SysTellDir(regs*)
                0x00000000c001076d                SysVerify(regs*)
                0x00000000c0010777                SysGetArgc(regs*)
                0x00000000c0010787                SysTTYName(regs*)
                0x00000000c001078f                SysFormatDisk(regs*)
                0x00000000c00107fc                SysSetDiskVolumeLabel(regs*)
                0x00000000c0010846                SysGetDiskVolumeLabel(regs*)
                0x00000000c001089b                SysShutdown(regs*)
                0x00000000c00108f9                SysRealpath(regs*)
                0x00000000c001093c                SysReadDir(regs*)
                0x00000000c00109bc                SysIsATTY(regs*)
                0x00000000c0010a18                SysSeek(regs*)
                0x00000000c0010a71                SysTell(regs*)
                0x00000000c0010ae0                SysSize(regs*)
                0x00000000c0010b55                SysSizeFromFilename(regs*)
                0x00000000c0010c08                SysClose(regs*)
                0x00000000c0010c68                SysOpenDir(regs*)
                0x00000000c0010cef                SysCloseDir(regs*)
                0x00000000c0010d43                SysMakeDir(regs*)
                0x00000000c0010db5                SysWait(regs*)
                0x00000000c0010dd2                SysNotImpl(regs*)
                0x00000000c0010ded                SysPanic(regs*)
                0x00000000c0010e08                SysRmdir(regs*)
                0x00000000c0010e6f                SysUnlink(regs*)
                0x00000000c0010ed6                SysGetArgv(regs*)
                0x00000000c0010f23                SysUSleep(regs*)
                0x00000000c0010f4c                SysSpawn(regs*)
                0x00000000c0010fb5                SysGetEnv(regs*)
                0x00000000c0011064                SysSetFatAttrib(regs*)
                0x00000000c00110db                SysPipe(regs*)
                0x00000000c0011120                SysGetUnixTime(regs*)
                0x00000000c0011134                string_ends_with(char const*, char const*)
                0x00000000c001117e                SysOpen(regs*)
                0x00000000c0011385                KeSystemCall(regs*, void*)
 .text          0x00000000c00113d7      0x50e reg/registry.32
                0x00000000c00113d7                Reg::findLineFromLoadedData(char*, char*, char*)
                0x00000000c001152f                Reg::getLineFromRegistry(char*, char*, char*, char*)
                0x00000000c0011684                Reg::getLine(char*, char*, char*)
                0x00000000c00116bb                Reg::readInt(char*, char*, int*)
                0x00000000c00117a6                Reg::readString(char*, char*, char*, int)
                0x00000000c0011827                Reg::readBool(char*, char*, bool*)
                0x00000000c001184c                Reg::readBoolWithDefault(char*, char*, bool)
                0x00000000c0011878                Reg::readIntWithDefault(char*, char*, int)
                0x00000000c00118a4                Reg::readStringWithDefault(char*, char*, char*, int, char*)
 .text          0x00000000c00118e5       0x36 sys/eject.32
                0x00000000c00118e5                SysEject(regs*)
 .text          0x00000000c001191b       0x18 sys/exit.32
                0x00000000c001191b                SysExit(regs*)
 .text          0x00000000c0011933       0x1f sys/getcwd.32
                0x00000000c0011933                SysGetCwd(regs*)
 .text          0x00000000c0011952        0xc sys/getpid.32
                0x00000000c0011952                SysGetPID(regs*)
 .text          0x00000000c001195e       0x1a sys/getramdata.32
                0x00000000c001195e                SysGetRAMData(regs*)
 .text          0x00000000c0011978       0x82 sys/getvgaptr.32
                0x00000000c0011978                SysGetVGAPtr(regs*)
 .text          0x00000000c00119fa       0xa8 sys/loaddll.32
                0x00000000c00119fa                SysLoadDLL(regs*)
 .text          0x00000000c0011aa2       0x68 sys/read.32
                0x00000000c0011aa2                SysRead(regs*)
 .text          0x00000000c0011b0a       0x29 sys/registersignal.32
                0x00000000c0011b0a                SysRegisterSignal(regs*)
 .text          0x00000000c0011b33       0x55 sys/sbrk.32
                0x00000000c0011b33                SysSbrk(regs*)
 .text          0x00000000c0011b88       0x1c sys/setcwd.32
                0x00000000c0011b88                SysSetCwd(regs*)
 .text          0x00000000c0011ba4       0x95 sys/settime.32
                0x00000000c0011ba4                SysSetTime(regs*)
 .text          0x00000000c0011c39       0x4a sys/timezone.32
                0x00000000c0011c39                SysTimezone(regs*)
 .text          0x00000000c0011c83       0x68 sys/write.32
                0x00000000c0011c83                SysWrite(regs*)
 .text          0x00000000c0011ceb       0x62 sys/wsbe.32
                0x00000000c0011ceb                SysWsbe(regs*)
 .text          0x00000000c0011d4d       0x25 sys/yield.32
                0x00000000c0011d4d                SysYield(regs*)
 .text          0x00000000c0011d72     0x11e5 thr/elf.32
                0x00000000c0011d72                Thr::allocateMemoryForTask(Process*, File*, unsigned long, unsigned long, unsigned long)
                0x00000000c0011ffe                Thr::loadProgramIntoMemory(Process*, char const*)
                0x00000000c0012214                Thr::runtimeReferenceHelper()
                0x00000000c0012227                Thr::getAddressOfKernelSymbol(char const*)
                0x00000000c0012276                Thr::loadKernelSymbolTable(char const*)
                0x00000000c0012534                Thr::loadDriverIntoMemory(char const*, unsigned long, bool)
                0x00000000c0012c6a                Thr::getDriverBaseFromAddress(unsigned long)
                0x00000000c0012c9c                Thr::getDriverNameFromAddress(unsigned long)
                0x00000000c0012cd3                Thr::getDriverOffsetFromAddress(unsigned long)
                0x00000000c0012ced                Thr::loadDLL(char const*, bool)
                0x00000000c0012f1e                Thr::executeDLL(unsigned long, void*)
 *fill*         0x00000000c0012f57        0x1 
 .text          0x00000000c0012f58     0x1445 thr/prcssthr.32
                0x00000000c0012f58                userModeEntryPoint(void*)
                0x00000000c0012f80                changeTSS
                0x00000000c0012fb0                switchToThread(ThreadControlBlock*)
                0x00000000c0013064                Process::addArgs(char**)
                0x00000000c00130c4                Process::Process(char const*, Process*, char**)
                0x00000000c00130c4                Process::Process(char const*, Process*, char**)
                0x00000000c0013378                Process::Process(bool, char const*, Process*, char**)
                0x00000000c0013378                Process::Process(bool, char const*, Process*, char**)
                0x00000000c00135f0                taskStartupFunction
                0x00000000c00135fc                Semaphore::Semaphore(int)
                0x00000000c00135fc                Semaphore::Semaphore(int)
                0x00000000c001362c                Mutex::Mutex()
                0x00000000c001362c                Mutex::Mutex()
                0x00000000c0013640                Process::createThread(void (*)(void*), void*, int)
                0x00000000c0013738                Process::createUserThread()
                0x00000000c0013758                setupMultitasking(void (*)())
                0x00000000c0013860                schedule()
                0x00000000c00138f0                Semaphore::tryAcquire()
                0x00000000c00139bc                Semaphore::assertLocked(char const*)
                0x00000000c0013a34                blockTaskWithSchedulerLockAlreadyHeld(TaskState)
                0x00000000c0013a5c                blockTask(TaskState)
                0x00000000c0013a8c                waitTask(int, int*, int)
                0x00000000c0013ad0                milliTenthSleepUntil(unsigned int)
                0x00000000c0013b60                milliTenthSleep(unsigned int)
                0x00000000c0013b70                sleep(unsigned int)
                0x00000000c0013b8c                Semaphore::acquire()
                0x00000000c0013c48                taskReturned
                0x00000000c0013c84                Thr::processFromPID(int)
                0x00000000c0013d24                unblockTask(ThreadControlBlock*)
                0x00000000c0013dc8                cleanupTerminatedTask(ThreadControlBlock*)
                0x00000000c0014094                cleanerTaskFunction(void*)
                0x00000000c0014184                terminateTask(int)
                0x00000000c0014250                Thr::terminateFromIRQ(int)
                0x00000000c0014260                Semaphore::release()
 .text          0x00000000c001439d      0xb93 vm86/vm8086.32
                0x00000000c001439d                Vm::inbv(unsigned short)
                0x00000000c00143b0                Vm::outbv(unsigned short, unsigned char)
                0x00000000c00143e6                Vm::realToLinear(unsigned short, unsigned short)
                0x00000000c00143f6                Vm::getSegment(unsigned int)
                0x00000000c00143fe                Vm::getOffset(unsigned int)
                0x00000000c0014403                Vm::mainloop2()
                0x00000000c001443d                Vm::mainVm8086Loop(void*)
                0x00000000c001444d                Vm::mainloop3(unsigned long)
                0x00000000c0014473                Vm::initialise8086()
                0x00000000c00144b6                Vm::finish8086()
                0x00000000c0014517                Vm::getOutput8086(unsigned char*)
                0x00000000c001453c                Vm::start8086FromBuffer(unsigned char*, int, unsigned short, unsigned short, unsigned short, unsigned short)
                0x00000000c00145f5                Vm::start8086(char const*, unsigned short, unsigned short, unsigned short, unsigned short)
                0x00000000c001475d                Vm::doISR(regs*, int, unsigned char*, unsigned short, unsigned short)
                0x00000000c00147e7                Vm::readByteFromReal(unsigned short, unsigned short)
                0x00000000c00147f8                Vm::readWordFromReal(unsigned short, unsigned short)
                0x00000000c001480a                Vm::readDwordFromReal(unsigned short, unsigned short)
                0x00000000c001481b                Vm::writeByteFromReal(unsigned short, unsigned short, unsigned char)
                0x00000000c0014830                Vm::writeWordFromReal(unsigned short, unsigned short, unsigned short)
                0x00000000c0014846                Vm::writeDwordFromReal(unsigned short, unsigned short, unsigned int)
                0x00000000c001485b                Vm::faultHandler(regs*)
 .text          0x00000000c0014f30      0xa53 arch/i386/hal.32
                0x00000000c0014f30                noCopro(unsigned long)
                0x00000000c0014f31                nmiHandler(regs*, void*)
                0x00000000c0014f4a                doubleFault(regs*, void*)
                0x00000000c0014f63                displayDebugInfo(regs*)
                0x00000000c0015284                HalSystemIdle()
                0x00000000c00152fa                displayProgramFault(char const*)
                0x00000000c0015346                gpFault(regs*, void*)
                0x00000000c00153ab                pgFault(regs*, void*)
                0x00000000c0015431                otherISRHandler(regs*, void*)
                0x00000000c0015465                opcodeFault(regs*, void*)
                0x00000000c00154e5                i386SaveCoprocessor(void*)
                0x00000000c00154f9                i386LoadCoprocessor(void*)
                0x00000000c001550d                x87EmulHandler(regs*, void*)
                0x00000000c00155aa                HalInitialiseCoprocessor()
                0x00000000c0015658                HalPanic(char const*)
                0x00000000c0015751                HalQueryPerformanceCounter()
                0x00000000c001576c                HalInitialise()
                0x00000000c0015912                HalMakeBeep(int)
                0x00000000c001594c                HalGetRand()
                0x00000000c001594f                HalEndOfInterrupt(int)
                0x00000000c0015980                HalRestart()
                0x00000000c0015981                HalShutdown()
                0x00000000c0015982                HalSleep()
 *fill*         0x00000000c0015983        0x1 
 .text          0x00000000c0015984      0x2f4 arch/i386/pic.32
                0x00000000c0015984                picIoWait()
                0x00000000c001598c                picDisable()
                0x00000000c00159c0                picGetIRQReg(int)
                0x00000000c0015a44                picOpen()
                0x00000000c0015bd4                picEOI(int)
 .text          0x00000000c0015c78      0x64d arch/i386/rtc.32
                0x00000000c0015c78                RTC::open(int, int, void*)
                0x00000000c0015c7c                RTC::close(int, int, void*)
                0x00000000c0015c80                RTC::timeInSecondsUTC()
                0x00000000c0015c92                RTC::timeInDatetimeUTC()
                0x00000000c0015cb8                RTC::setTimeInSecondsUTC(unsigned long long)
                0x00000000c0015cf6                RTC::~RTC()
                0x00000000c0015cf6                RTC::~RTC()
                0x00000000c0015d1a                RTC::~RTC()
                0x00000000c0015d44                RTC::get_update_in_progress_flag()
                0x00000000c0015d5c                RTC::completeRTCRefresh()
                0x00000000c0016014                RTC::setTimeInDatetimeUTC(datetime_t)
                0x00000000c00161c7                rtcIRQHandler(regs*, void*)
                0x00000000c001620c                RTC::RTC()
                0x00000000c001620c                RTC::RTC()
 *fill*         0x00000000c00162c5        0x3 
 .text          0x00000000c00162c8      0x203 arch/i386/vga.32
                0x00000000c00162c8                HalConsoleScroll(int, int)
                0x00000000c00163d0                HalConsoleWriteCharacter(char, int, int, int, int)
                0x00000000c001643c                HalConsoleCursorUpdate(int, int)
 *fill*         0x00000000c00164cb        0x1 
 .text          0x00000000c00164cc     0x13e7 fs/fat/vfslink.32
                0x00000000c00164cc                FAT::getName()
                0x00000000c00164d4                FAT::tell(void*, unsigned long long*)
                0x00000000c0016510                FAT::stat(void*, unsigned long long*)
                0x00000000c001654c                FAT::~FAT()
                0x00000000c001654c                FAT::~FAT()
                0x00000000c0016570                FAT::~FAT()
                0x00000000c0016598                FAT::getlabel(LogicalDisk*, int, char*, unsigned int*)
                0x00000000c001663c                FAT::setlabel(LogicalDisk*, int, char*)
                0x00000000c0016700                FAT::format(LogicalDisk*, int, char const*, int)
                0x00000000c00168d4                FAT::tryMount(LogicalDisk*, int)
                0x00000000c0016aec                FAT::allocateSwapfile(char const*, int)
                0x00000000c0016cac                FAT::readDir(void*, unsigned long, void*, int*)
                0x00000000c0016e18                FAT::read(void*, unsigned long, void*, int*)
                0x00000000c0016e78                FAT::write(void*, unsigned long, void*, int*)
                0x00000000c0016ed8                FAT::close(void*)
                0x00000000c0016f2c                FAT::closeDir(void*)
                0x00000000c0016f80                FAT::seek(void*, unsigned long long)
                0x00000000c0016fd8                fatWrapperReadDisk
                0x00000000c001701c                fatWrapperWriteDisk
                0x00000000c0017060                fatWrapperIoctl
                0x00000000c001717c                FAT::FAT()
                0x00000000c001717c                FAT::FAT()
                0x00000000c00171d0                FAT::fixFilepath(char*)
                0x00000000c001720c                FAT::open(char const*, void**, FileOpenMode)
                0x00000000c0017344                FAT::openDir(char const*, void**)
                0x00000000c00173f4                FAT::stat(char const*, unsigned long long*, bool*)
                0x00000000c00174ec                FAT::unlink(char const*)
                0x00000000c001756c                FAT::chfatattr(char const*, unsigned char, unsigned char)
                0x00000000c00176f8                FAT::rename(char const*, char const*)
                0x00000000c00177c4                FAT::mkdir(char const*)
                0x00000000c0017844                FAT::exists(char const*)
 *fill*         0x00000000c00178b3        0x1 
 .text          0x00000000c00178b4       0xc6 fs/iso9660/helper.32
                0x00000000c00178b4                isoReadDiscSectorHelper
                0x00000000c0017910                iso_kprintf
                0x00000000c0017930                iso_kprintfd
 .text          0x00000000c001797a      0x586 fs/iso9660/vfslink.32
                0x00000000c001797a                ISO9660::format(LogicalDisk*, int, char const*, int)
                0x00000000c0017980                ISO9660::getName()
                0x00000000c0017986                ISO9660::closeDir(void*)
                0x00000000c0017990                ISO9660::chfatattr(char const*, unsigned char, unsigned char)
                0x00000000c0017996                ISO9660::unlink(char const*)
                0x00000000c001799c                ISO9660::write(void*, unsigned long, void*, int*)
                0x00000000c00179a2                ISO9660::rename(char const*, char const*)
                0x00000000c00179a8                ISO9660::mkdir(char const*)
                0x00000000c00179ae                ISO9660::~ISO9660()
                0x00000000c00179ae                ISO9660::~ISO9660()
                0x00000000c00179d2                ISO9660::~ISO9660()
                0x00000000c00179fa                ISO9660::exists(char const*)
                0x00000000c0017a0e                ISO9660::open(char const*, void**, FileOpenMode)
                0x00000000c0017aae                ISO9660::openDir(char const*, void**)
                0x00000000c0017b3e                ISO9660::read(void*, unsigned long, void*, int*)
                0x00000000c0017b7e                ISO9660::seek(void*, unsigned long long)
                0x00000000c0017bb6                ISO9660::tell(void*, unsigned long long*)
                0x00000000c0017bec                ISO9660::stat(void*, unsigned long long*)
                0x00000000c0017c26                ISO9660::stat(char const*, unsigned long long*, bool*)
                0x00000000c0017cf8                ISO9660::close(void*)
                0x00000000c0017d1e                ISO9660::readDir(void*, unsigned long, void*, int*)
                0x00000000c0017deb                readSectorFromCDROM(unsigned int, unsigned char*, char)
                0x00000000c0017e66                ISO9660::tryMount(LogicalDisk*, int)
                0x00000000c0017ed8                ISO9660::ISO9660()
                0x00000000c0017ed8                ISO9660::ISO9660()
 .text          0x00000000c0017f00      0x26c hal/sound/sndcard.32
                0x00000000c0017f00                SoundCard::beginPlayback()
                0x00000000c0017f0e                SoundCard::stopPlayback()
                0x00000000c0017f1c                SoundCard::SoundCard(char const*)
                0x00000000c0017f1c                SoundCard::SoundCard(char const*)
                0x00000000c0017fba                SoundCard::~SoundCard()
                0x00000000c0017fba                SoundCard::~SoundCard()
                0x00000000c0017fde                SoundCard::~SoundCard()
                0x00000000c0018008                SoundCard::configureRates(int, int, int)
                0x00000000c0018038                SoundCard::getSamples16(int, short*)
                0x00000000c0018094                SoundCard::getSamples32(int, int*)
                0x00000000c001811a                SoundCard::addChannel(SoundPort*)
                0x00000000c0018158                SoundCard::removeChannel(int)
 .text          0x00000000c001816c      0x377 hal/sound/sndport.32
                0x00000000c001816c                SoundPort::SoundPort(int, int, int, int)
                0x00000000c001816c                SoundPort::SoundPort(int, int, int, int)
                0x00000000c00181f8                SoundPort::~SoundPort()
                0x00000000c00181f8                SoundPort::~SoundPort()
                0x00000000c001822c                SoundPort::unpause()
                0x00000000c0018238                SoundPort::pause()
                0x00000000c0018244                SoundPort::getBufferUsed()
                0x00000000c001824c                SoundPort::getBufferSize()
                0x00000000c0018254                SoundPort::buffer16(short*, int)
                0x00000000c00182e0                SoundPort::buffer32(int*, int)
                0x00000000c0018368                SoundPort::unbufferAndAdd16(int, short*, SoundCard*)
                0x00000000c001842c                SoundPort::unbufferAndAdd32(int, int*, SoundCard*)
 .text          0x00000000c00184e3        0x0 hw/bus/isa.32
 *fill*         0x00000000c00184e3        0x1 
 .text          0x00000000c00184e4      0xb49 hw/bus/pci.32
                0x00000000c00184e4                PCI::open(int, int, void*)
                0x00000000c0018502                PCI::close(int, int, void*)
                0x00000000c0018506                PCI::PCI()
                0x00000000c0018506                PCI::PCI()
                0x00000000c00185a0                PCI::readBAR8(unsigned int, int)
                0x00000000c00185bc                PCI::readBAR16(unsigned int, int)
                0x00000000c00185da                PCI::readBAR32(unsigned int, int)
                0x00000000c00185f6                PCI::writeBAR8(unsigned int, unsigned char, int)
                0x00000000c0018616                PCI::writeBAR16(unsigned int, unsigned short, int)
                0x00000000c0018638                PCI::writeBAR32(unsigned int, unsigned int, int)
                0x00000000c0018658                PCI::legacyMechanism(unsigned char, unsigned char, unsigned char, unsigned char)
                0x00000000c00186c6                PCI::pciReadWord(unsigned char, unsigned char, unsigned char, unsigned char)
                0x00000000c001876e                PCI::getVendorID(unsigned char, unsigned char, unsigned char)
                0x00000000c0018792                PCI::getHeaderType(unsigned char, unsigned char, unsigned char)
                0x00000000c00187ba                PCI::getClassCode(unsigned char, unsigned char, unsigned char)
                0x00000000c0018804                PCI::getProgIF(unsigned char, unsigned char, unsigned char)
                0x00000000c001882c                PCI::getRevisionID(unsigned char, unsigned char, unsigned char)
                0x00000000c0018850                PCI::getInterruptNumber(unsigned char, unsigned char, unsigned char)
                0x00000000c0018874                PCI::getSecondaryBus(unsigned char, unsigned char, unsigned char)
                0x00000000c001889c                PCI::getBARAddress(unsigned char, unsigned char, unsigned char, unsigned char)
                0x00000000c0018900                PCI::pciWriteWord(unsigned char, unsigned char, unsigned char, unsigned char, unsigned short)
                0x00000000c00189e8                PCI::pciDetailsToFilepath(PCIDeviceInfo, char*)
                0x00000000c0018c62                PCI::checkBus(unsigned char)
                0x00000000c0018c88                PCI::foundDevice(PCIDeviceInfo)
                0x00000000c0018dfa                PCI::getDeviceData(unsigned char, unsigned char, unsigned char)
                0x00000000c0018f6e                PCI::checkDevice(unsigned char, unsigned char)
                0x00000000c0018fda                PCI::detect()
 *fill*         0x00000000c001902d        0x1 
 .text          0x00000000c001902e      0xb5a hw/diskctrl/ide.32
                0x00000000c001902e                IDE::close(int, int, void*)
                0x00000000c0019032                IDE::IDE()
                0x00000000c0019032                IDE::IDE()
                0x00000000c0019066                IDE::prepareInterrupt(unsigned char)
                0x00000000c0019078                selectDrive(unsigned char, unsigned char)
                0x00000000c001907a                IDE::getBase(unsigned char)
                0x00000000c001908c                IDE::write(unsigned char, unsigned char, unsigned char)
                0x00000000c001914c                IDE::read(unsigned char, unsigned char)
                0x00000000c00191fa                IDE::waitInterrupt(unsigned char)
                0x00000000c0019262                ideChannel0IRQHandler(regs*, void*)
                0x00000000c001927e                ideChannel1IRQHandler(regs*, void*)
                0x00000000c001929a                IDE::enableIRQs(unsigned char, bool)
                0x00000000c00192e0                IDE::open(int, int, void*)
                0x00000000c00196ee                IDE::readBuffer(unsigned char, unsigned char, unsigned int, unsigned int)
                0x00000000c00197ba                IDE::detect()
                0x00000000c0019a7a                IDE::printError(unsigned char, unsigned char, unsigned char)
                0x00000000c0019b2a                IDE::polling(unsigned char, unsigned int)
 .text          0x00000000c0019b88      0x32a hw/diskctrl/satabus.32
                0x00000000c0019b88                SATABus::close(int, int, void*)
                0x00000000c0019b8c                SATABus::detect()
                0x00000000c0019b8e                SATABus::SATABus()
                0x00000000c0019b8e                SATABus::SATABus()
                0x00000000c0019c14                SATABus::findCmdslot(SATABus::tagHBA_PORT volatile*)
                0x00000000c0019c46                SATABus::checkType(SATABus::tagHBA_PORT volatile*)
                0x00000000c0019c8e                SATABus::startCmd(SATABus::tagHBA_PORT volatile*)
                0x00000000c0019cae                SATABus::stopCmd(SATABus::tagHBA_PORT volatile*)
                0x00000000c0019cd8                SATABus::portRebase(SATABus::tagHBA_PORT volatile*, int)
                0x00000000c0019de8                SATABus::probePort(SATABus::tagHBA_MEM volatile*)
                0x00000000c0019e92                SATABus::open(int, int, void*)
 .text          0x00000000c0019eb2      0x5f4 hw/diskphys/ata.32
                0x00000000c0019eb2                ATA::close(int, int, void*)
                0x00000000c0019ed6                ATA::powerSaving(PowerSavingLevel)
                0x00000000c0019ed8                ATA::ATA()
                0x00000000c0019ed8                ATA::ATA()
                0x00000000c0019f06                ATA::flush(bool)
                0x00000000c0019f50                ATA::readyForCommand()
                0x00000000c0019f9c                ATA::access(unsigned long long, int, void*, bool)
                0x00000000c001a318                ATA::read(unsigned long long, int, void*)
                0x00000000c001a364                ATA::write(unsigned long long, int, void*)
                0x00000000c001a3b0                ATA::detectCHS()
                0x00000000c001a3da                ATA::open(int, int, void*)
 .text          0x00000000c001a4a6      0x60e hw/diskphys/atapi.32
                0x00000000c001a4a6                ATAPI::write(unsigned long long, int, void*)
                0x00000000c001a4ac                ATAPI::close(int, int, void*)
                0x00000000c001a4d0                ATAPI::ATAPI()
                0x00000000c001a4d0                ATAPI::ATAPI()
                0x00000000c001a4fe                ATAPI::readyForCommand()
                0x00000000c001a550                ATAPI::sendPacket(unsigned char*, int, bool, unsigned short*, int)
                0x00000000c001a810                ATAPI::diskRemoved()
                0x00000000c001a84a                ATAPI::eject()
                0x00000000c001a892                ATAPI::diskInserted()
                0x00000000c001a89e                ATAPI::detectMedia()
                0x00000000c001a95a                ATAPI::open(int, int, void*)
                0x00000000c001aa3a                ATAPI::read(unsigned long long, int, void*)
 .text          0x00000000c001aab4      0x402 hw/diskphys/sata.32
                0x00000000c001aab4                SATA::close(int, int, void*)
                0x00000000c001aad8                SATA::powerSaving(PowerSavingLevel)
                0x00000000c001aada                SATA::open(int, int, void*)
                0x00000000c001ab84                SATA::SATA()
                0x00000000c001ab84                SATA::SATA()
                0x00000000c001abb2                SATA::access(unsigned long long, int, void*, bool)
                0x00000000c001adfe                SATA::read(unsigned long long, int, void*)
                0x00000000c001ae4a                SATA::write(unsigned long long, int, void*)
 .text          0x00000000c001aeb6      0x5af hw/diskphys/satapi.32
                0x00000000c001aeb6                SATAPI::write(unsigned long long, int, void*)
                0x00000000c001aebc                SATAPI::close(int, int, void*)
                0x00000000c001aee0                SATAPI::SATAPI()
                0x00000000c001aee0                SATAPI::SATAPI()
                0x00000000c001af0e                SATAPI::diskRemoved()
                0x00000000c001af10                SATAPI::diskInserted()
                0x00000000c001af2c                SATAPI::sendPacket(unsigned char*, int, unsigned long long, unsigned short*, int)
                0x00000000c001b20c                SATAPI::eject()
                0x00000000c001b248                SATAPI::detectMedia()
                0x00000000c001b26e                SATAPI::open(int, int, void*)
                0x00000000c001b36e                SATAPI::read(unsigned long long, int, void*)
 *fill*         0x00000000c001b465        0x1 
 .text          0x00000000c001b466      0x455 hw/intctrl/apic.32
                0x00000000c001b466                IOAPIC::close(int, int, void*)
                0x00000000c001b46c                apicGetBase()
                0x00000000c001b4ae                IOAPIC::IOAPIC()
                0x00000000c001b4ae                IOAPIC::IOAPIC()
                0x00000000c001b4d6                apicOpen()
                0x00000000c001b63c                IOAPIC::handlesGSIWithNumber(unsigned int)
                0x00000000c001b66e                IOAPIC::read(int)
                0x00000000c001b696                IOAPIC::open(int, int, void*)
                0x00000000c001b78a                IOAPIC::write(int, int)
                0x00000000c001b7b6                IOAPIC::redirect(unsigned char, unsigned long long, unsigned char, bool, bool)
 *fill*         0x00000000c001b8bb        0x1 
 .text          0x00000000c001b8bc       0xf0 hw/timer/apictimer.32
                0x00000000c001b8bc                APICTimer::close(int, int, void*)
                0x00000000c001b8c4                apicTimerHandler(regs*, void*)
                0x00000000c001b8ec                APICTimer::open(int, int, void*)
                0x00000000c001b95c                APICTimer::write(int)
                0x00000000c001b984                APICTimer::APICTimer()
                0x00000000c001b984                APICTimer::APICTimer()
 .text          0x00000000c001b9ac      0x1aa hw/timer/pit.32
                0x00000000c001b9ac                PIT::write(int)
                0x00000000c001ba30                pitHandler(regs*, void*)
                0x00000000c001ba54                PIT::open(int, int, void*)
                0x00000000c001baa4                PIT::close(int, int, void*)
                0x00000000c001bad4                PIT::PIT()
                0x00000000c001bad4                PIT::PIT()
 *fill*         0x00000000c001bb56        0xa 
 .text          0x00000000c001bb60       0x83 arch/i386/avx.32
                0x00000000c001bb60                avxDetect
                0x00000000c001bb8a                avxSave
                0x00000000c001bb9b                avxLoad
                0x00000000c001bbac                avxInit
                0x00000000c001bbce                avxClose
                0x00000000c001bbcf                wouldSheSayYes
 *fill*         0x00000000c001bbe3        0xd 
 .text          0x00000000c001bbf0      0x1d6 arch/i386/interrupt.32
                0x00000000c001bbf0                isr0
                0x00000000c001bc00                isr1
                0x00000000c001bc0a                isr2
                0x00000000c001bc14                isr3
                0x00000000c001bc1e                isr4
                0x00000000c001bc28                isr5
                0x00000000c001bc32                isr6
                0x00000000c001bc3c                isr7
                0x00000000c001bc46                isr8
                0x00000000c001bc4e                isr9
                0x00000000c001bc58                isr10
                0x00000000c001bc60                isr11
                0x00000000c001bc68                isr12
                0x00000000c001bc70                isr13
                0x00000000c001bc78                isr14
                0x00000000c001bc80                isr15
                0x00000000c001bc8a                isr16
                0x00000000c001bc94                isr17
                0x00000000c001bc9e                isr18
                0x00000000c001bca8                irq3
                0x00000000c001bcb2                irq4
                0x00000000c001bcbc                irq5
                0x00000000c001bcc6                irq6
                0x00000000c001bcd0                irq7
                0x00000000c001bcda                irq8
                0x00000000c001bce4                irq9
                0x00000000c001bcee                irq10
                0x00000000c001bcf8                irq11
                0x00000000c001bd02                irq12
                0x00000000c001bd0c                irq13
                0x00000000c001bd16                irq14
                0x00000000c001bd20                irq15
                0x00000000c001bd2a                irq1
                0x00000000c001bd31                irq2
                0x00000000c001bd38                isr96
                0x00000000c001bd3f                irq0
                0x00000000c001bd44                int_common_stub
                0x00000000c001bd44                syscall_common_stub
                0x00000000c001bd76                irq16
                0x00000000c001bd80                irq17
                0x00000000c001bd8a                irq18
                0x00000000c001bd94                irq19
                0x00000000c001bd9e                irq20
                0x00000000c001bda8                irq21
                0x00000000c001bdb2                irq22
                0x00000000c001bdbc                irq23
 *fill*         0x00000000c001bdc6        0xa 
 .text          0x00000000c001bdd0       0x10 arch/i386/rdrand.32
                0x00000000c001bdd0                i386GetRDRAND
 .text          0x00000000c001bde0       0x39 arch/i386/sse.32
                0x00000000c001bde0                absolutelyNoChanceInHell
                0x00000000c001bde0                sseDetect
                0x00000000c001bdf8                sseSave
                0x00000000c001be00                sseLoad
                0x00000000c001be08                sseInit
                0x00000000c001be18                sseClose
 *fill*         0x00000000c001be19        0x7 
 .text          0x00000000c001be20       0x49 arch/i386/x87.32
                0x00000000c001be26                x87Detect
                0x00000000c001be41                x87Save
                0x00000000c001be48                x87Load
                0x00000000c001be4f                x87Init
                0x00000000c001be68                x87Close
 *fill*         0x00000000c001be69        0x3 
 .text          0x00000000c001be6c       0x25 /cygdrive/d/Users/Alex/Desktop/Toolchain/Output/bin/../lib/gcc/i386-banana/8.1.0/crtend.o
 .text          0x00000000c001be91        0x0 crtn.32
 *fill*         0x00000000c001be91        0x3 
 .text          0x00000000c001be94      0x14b /cygdrive/d/Users/Alex/Desktop/Toolchain/Output/bin/../lib/gcc/i386-banana/8.1.0/libkgcc.a(_divdi3.o)
                0x00000000c001be94                __divdi3
 *fill*         0x00000000c001bfdf        0x1 
 .text          0x00000000c001bfe0      0x17e /cygdrive/d/Users/Alex/Desktop/Toolchain/Output/bin/../lib/gcc/i386-banana/8.1.0/libkgcc.a(_moddi3.o)
                0x00000000c001bfe0                __moddi3
 *fill*         0x00000000c001c15e        0x2 
 .text          0x00000000c001c160       0xff /cygdrive/d/Users/Alex/Desktop/Toolchain/Output/bin/../lib/gcc/i386-banana/8.1.0/libkgcc.a(_udivdi3.o)
                0x00000000c001c160                __udivdi3
 *fill*         0x00000000c001c25f        0x1 
 .text          0x00000000c001c260      0x11a /cygdrive/d/Users/Alex/Desktop/Toolchain/Output/bin/../lib/gcc/i386-banana/8.1.0/libkgcc.a(_umoddi3.o)
                0x00000000c001c260                __umoddi3
 *(.gnu.linkonce.t*)

.iplt           0x00000000c001c380        0x0
 .iplt          0x00000000c001c380        0x0 D:/Users/Alex/Desktop/Banana/kernel/boot.32

.init           0x00000000c001c37a        0xf
 .init          0x00000000c001c37a        0x3 crti.32
                0x00000000c001c37a                _init
 .init          0x00000000c001c37d        0x5 /cygdrive/d/Users/Alex/Desktop/Toolchain/Output/bin/../lib/gcc/i386-banana/8.1.0/crtbegin.o
 .init          0x00000000c001c382        0x5 /cygdrive/d/Users/Alex/Desktop/Toolchain/Output/bin/../lib/gcc/i386-banana/8.1.0/crtend.o
 .init          0x00000000c001c387        0x2 crtn.32

.fini           0x00000000c001c389        0xa
 .fini          0x00000000c001c389        0x3 crti.32
                0x00000000c001c389                _fini
 .fini          0x00000000c001c38c        0x5 /cygdrive/d/Users/Alex/Desktop/Toolchain/Output/bin/../lib/gcc/i386-banana/8.1.0/crtbegin.o
 .fini          0x00000000c001c391        0x2 crtn.32

.text._ZN8ComputerD2Ev
                0x00000000c001c394       0x23
 .text._ZN8ComputerD2Ev
                0x00000000c001c394       0x23 core/computer.32
                0x00000000c001c394                Computer::~Computer()
                0x00000000c001c394                Computer::~Computer()

.text._ZN8ComputerD0Ev
                0x00000000c001c3b8       0x2a
 .text._ZN8ComputerD0Ev
                0x00000000c001c3b8       0x2a core/computer.32
                0x00000000c001c3b8                Computer::~Computer()

.text._Z10idleCommonv
                0x00000000c001c3e2       0x21
 .text._Z10idleCommonv
                0x00000000c001c3e2       0x21 core/idle.32
                0x00000000c001c3e2                idleCommon()

.text._ZN10LinkedListI8UnixFileED2Ev
                0x00000000c001c404        0x2
 .text._ZN10LinkedListI8UnixFileED2Ev
                0x00000000c001c404        0x2 core/unixfile.32
                0x00000000c001c404                LinkedList<UnixFile>::~LinkedList()
                0x00000000c001c404                LinkedList<UnixFile>::~LinkedList()

.text._ZN10LinkedListI8UnixFileEC2Ev
                0x00000000c001c406       0x42
 .text._ZN10LinkedListI8UnixFileEC2Ev
                0x00000000c001c406       0x42 core/unixfile.32
                0x00000000c001c406                LinkedList<UnixFile>::LinkedList()
                0x00000000c001c406                LinkedList<UnixFile>::LinkedList()

.text._ZN10LinkedListI8UnixFileE10addElementEPS0_
                0x00000000c001c448       0xd3
 .text._ZN10LinkedListI8UnixFileE10addElementEPS0_
                0x00000000c001c448       0xd3 core/unixfile.32
                0x00000000c001c448                LinkedList<UnixFile>::addElement(UnixFile*)

.text._ZN10LinkedListI8UnixFileE15getFirstElementEv
                0x00000000c001c51c        0x7
 .text._ZN10LinkedListI8UnixFileE15getFirstElementEv
                0x00000000c001c51c        0x7 core/unixfile.32
                0x00000000c001c51c                LinkedList<UnixFile>::getFirstElement()

.text._ZN10LinkedListI8UnixFileE11removeFirstEv
                0x00000000c001c524       0xa1
 .text._ZN10LinkedListI8UnixFileE11removeFirstEv
                0x00000000c001c524       0xa1 core/unixfile.32
                0x00000000c001c524                LinkedList<UnixFile>::removeFirst()

.text._ZN10LinkedListI8UnixFileE7getNextEPS0_
                0x00000000c001c5c6        0x8
 .text._ZN10LinkedListI8UnixFileE7getNextEPS0_
                0x00000000c001c5c6        0x8 core/unixfile.32
                0x00000000c001c5c6                LinkedList<UnixFile>::getNext(UnixFile*)

.text._ZN16DriverlessDeviceD2Ev
                0x00000000c001c5ce       0x1a
 .text._ZN16DriverlessDeviceD2Ev
                0x00000000c001c5ce       0x1a hal/device.32
                0x00000000c001c5ce                DriverlessDevice::~DriverlessDevice()
                0x00000000c001c5ce                DriverlessDevice::~DriverlessDevice()

.text._ZN16DriverlessDeviceD0Ev
                0x00000000c001c5e8       0x2a
 .text._ZN16DriverlessDeviceD0Ev
                0x00000000c001c5e8       0x2a hal/device.32
                0x00000000c001c5e8                DriverlessDevice::~DriverlessDevice()

.text._ZN10LinkedListI6DeviceE10addElementEPS0_
                0x00000000c001c612       0xdc
 .text._ZN10LinkedListI6DeviceE10addElementEPS0_
                0x00000000c001c612       0xdc hal/device.32
                0x00000000c001c612                LinkedList<Device>::addElement(Device*)

.text._ZN10LinkedListI6DeviceEC2Ev
                0x00000000c001c6ee       0x42
 .text._ZN10LinkedListI6DeviceEC2Ev
                0x00000000c001c6ee       0x42 hal/device.32
                0x00000000c001c6ee                LinkedList<Device>::LinkedList()
                0x00000000c001c6ee                LinkedList<Device>::LinkedList()

.text._ZN10LinkedListIV18ThreadControlBlockE7isEmptyEv
                0x00000000c001c730       0x1c
 .text._ZN10LinkedListIV18ThreadControlBlockE7isEmptyEv
                0x00000000c001c730       0x1c hal/timer.32
                0x00000000c001c730                LinkedList<ThreadControlBlock volatile>::isEmpty()

.text._ZN10LinkedListIV18ThreadControlBlockE15getFirstElementEv
                0x00000000c001c74c        0x7
 .text._ZN10LinkedListIV18ThreadControlBlockE15getFirstElementEv
                0x00000000c001c74c        0x7 hal/timer.32