Archive member included to satisfy reference by file (symbol)

/cygdrive/d/Users/Alex/Desktop/Toolchain/Output/bin/../lib/gcc/i386-banana/8.1.0/libkgcc.a(_divdi3.o)
                              krnl/resolve.32 (__divdi3)
/cygdrive/d/Users/Alex/Desktop/Toolchain/Output/bin/../lib/gcc/i386-banana/8.1.0/libkgcc.a(_moddi3.o)
                              krnl/resolve.32 (__moddi3)
/cygdrive/d/Users/Alex/Desktop/Toolchain/Output/bin/../lib/gcc/i386-banana/8.1.0/libkgcc.a(_udivdi3.o)
                              hal/clock.32 (__udivdi3)
/cygdrive/d/Users/Alex/Desktop/Toolchain/Output/bin/../lib/gcc/i386-banana/8.1.0/libkgcc.a(_umoddi3.o)
                              core/pipe.32 (__umoddi3)

Allocating common symbols
Common symbol       size              file

dcache              0x40              fs/iso9660/iso9660.32
cdDriveLetter       0x1               fs/iso9660/iso9660.32
icache              0x40              fs/iso9660/iso9660.32

Discarded input sections

 .comment       0x0000000000000000       0x12 /cygdrive/d/Users/Alex/Desktop/Toolchain/Output/bin/../lib/gcc/i386-banana/8.1.0/crtbegin.o
 .comment       0x0000000000000000       0x12 acpica/utclib.32
 .comment       0x0000000000000000       0x12 core/malloc.32
 .comment       0x0000000000000000       0x12 libk/ctype.32
 .comment       0x0000000000000000       0x12 libk/string.32
 .comment       0x0000000000000000       0x12 fs/fat/diskio.32
 .comment       0x0000000000000000       0x12 fs/fat/ff.32
 .comment       0x0000000000000000       0x12 fs/fat/ffsystem.32
 .comment       0x0000000000000000       0x12 fs/fat/ffunicode.32
 .comment       0x0000000000000000       0x12 fs/iso9660/iso9660.32
 .group         0x0000000000000000       0x14 core/computer.32
 .group         0x0000000000000000        0xc core/computer.32
 .comment       0x0000000000000000       0x12 core/computer.32
 .comment       0x0000000000000000       0x12 core/gdt.32
 .group         0x0000000000000000        0xc core/idle.32
 .comment       0x0000000000000000       0x12 core/idle.32
 .comment       0x0000000000000000       0x12 core/idt.32
 .comment       0x0000000000000000       0x12 core/kheap.32
 .comment       0x0000000000000000       0x12 core/main.32
 .comment       0x0000000000000000       0x12 core/physmgr.32
 .group         0x0000000000000000        0xc core/pipe.32
 .comment       0x0000000000000000       0x12 core/pipe.32
 .group         0x0000000000000000        0xc core/terminal.32
 .comment       0x0000000000000000       0x12 core/terminal.32
 .comment       0x0000000000000000       0x12 core/tss.32
 .group         0x0000000000000000        0xc core/unixfile.32
 .group         0x0000000000000000        0xc core/unixfile.32
 .group         0x0000000000000000        0xc core/unixfile.32
 .group         0x0000000000000000        0xc core/unixfile.32
 .group         0x0000000000000000        0xc core/unixfile.32
 .group         0x0000000000000000        0xc core/unixfile.32
 .group         0x0000000000000000        0xc core/unixfile.32
 .group         0x0000000000000000        0xc core/unixfile.32
 .comment       0x0000000000000000       0x12 core/unixfile.32
 .comment       0x0000000000000000       0x12 core/virtmgr.32
 .comment       0x0000000000000000       0x12 coreobjs/c++.32
 .comment       0x0000000000000000       0x12 dbg/kconsole.32
 .comment       0x0000000000000000       0x12 dbg/usban.32
 .group         0x0000000000000000        0xc fs/vfs.32
 .group         0x0000000000000000        0xc fs/vfs.32
 .group         0x0000000000000000        0xc fs/vfs.32
 .comment       0x0000000000000000       0x12 fs/vfs.32
 .group         0x0000000000000000        0xc hal/bus.32
 .comment       0x0000000000000000       0x12 hal/bus.32
 .comment       0x0000000000000000       0x12 hal/buzzer.32
 .group         0x0000000000000000        0xc hal/clock.32
 .comment       0x0000000000000000       0x12 hal/clock.32
 .group         0x0000000000000000       0x14 hal/device.32
 .group         0x0000000000000000        0xc hal/device.32
 .group         0x0000000000000000        0xc hal/device.32
 .group         0x0000000000000000        0xc hal/device.32
 .group         0x0000000000000000        0xc hal/device.32
 .comment       0x0000000000000000       0x12 hal/device.32
 .group         0x0000000000000000        0xc hal/diskctrl.32
 .comment       0x0000000000000000       0x12 hal/diskctrl.32
 .group         0x0000000000000000        0xc hal/diskphys.32
 .comment       0x0000000000000000       0x12 hal/diskphys.32
 .comment       0x0000000000000000       0x12 hal/fpu.32
 .comment       0x0000000000000000       0x12 hal/intctrl.32
 .group         0x0000000000000000        0xc hal/keybrd.32
 .comment       0x0000000000000000       0x12 hal/keybrd.32
 .group         0x0000000000000000        0xc hal/logidisk.32
 .comment       0x0000000000000000       0x12 hal/logidisk.32
 .group         0x0000000000000000        0xc hal/mouse.32
[...]
Memory Configuration

Name             Origin             Length             Attributes
*default*        0x0000000000000000 0xffffffffffffffff

Linker script and memory map

LOAD D:/Users/Alex/Desktop/Banana/kernel/boot.32
LOAD crti.32
LOAD /cygdrive/d/Users/Alex/Desktop/Toolchain/Output/bin/../lib/gcc/i386-banana/8.1.0/crtbegin.o
LOAD D:/Users/Alex/Desktop/Banana/kernel/morenasm.32
LOAD acpica/utclib.32
LOAD core/malloc.32
LOAD libk/ctype.32
LOAD libk/string.32
LOAD fs/fat/diskio.32
LOAD fs/fat/ff.32
LOAD fs/fat/ffsystem.32
LOAD fs/fat/ffunicode.32
LOAD fs/iso9660/iso9660.32
LOAD core/computer.32
LOAD core/gdt.32
LOAD core/idle.32
LOAD core/idt.32
LOAD core/kheap.32
LOAD core/main.32
LOAD core/physmgr.32
LOAD core/pipe.32
LOAD core/terminal.32
LOAD core/tss.32
LOAD core/unixfile.32
LOAD core/virtmgr.32
LOAD coreobjs/c++.32
LOAD dbg/kconsole.32
LOAD dbg/usban.32
LOAD fs/vfs.32
LOAD hal/bus.32
LOAD hal/buzzer.32
LOAD hal/clock.32
LOAD hal/device.32
LOAD hal/diskctrl.32
LOAD hal/diskphys.32
LOAD hal/fpu.32
LOAD hal/intctrl.32
LOAD hal/keybrd.32
LOAD hal/logidisk.32
LOAD hal/mouse.32
LOAD hal/nic.32
LOAD hal/partition.32
LOAD hal/serial.32
LOAD hal/timer.32
LOAD hal/vcache.32
LOAD hal/video.32
LOAD hw/acpi.32
LOAD hw/cpu.32
LOAD krnl/bootmsg.32
LOAD krnl/env.32
LOAD krnl/inlines.32
LOAD krnl/panic.32
LOAD krnl/powctrl.32
LOAD krnl/random.32
LOAD krnl/resolve.32
LOAD krnl/signal.32
LOAD krnl/syscalls.32
LOAD net/ethernet.32
LOAD reg/cm.32
LOAD reg/registry.32
LOAD sys/eject.32
LOAD sys/exit.32
LOAD sys/getcwd.32
LOAD sys/getpid.32
LOAD sys/getramdata.32
LOAD sys/getvgaptr.32
LOAD sys/kill.32
LOAD sys/loaddll.32
LOAD sys/read.32
LOAD sys/registersignal.32
LOAD sys/registry.32
LOAD sys/sbrk.32
LOAD sys/setcwd.32
LOAD sys/settime.32
LOAD sys/timezone.32
LOAD sys/write.32
LOAD sys/wsbe.32
LOAD sys/yield.32
LOAD thr/elf.32
LOAD thr/prcssthr.32
LOAD vm86/vm8086.32
LOAD arch/i386/hal.32
LOAD arch/i386/pic.32
LOAD arch/i386/rtc.32
LOAD arch/i386/vga.32
LOAD fs/fat/vfslink.32
LOAD fs/iso9660/helper.32
LOAD fs/iso9660/vfslink.32
LOAD hal/sound/sndcard.32
LOAD hal/sound/sndport.32
LOAD hw/bus/isa.32
LOAD hw/bus/pci.32
LOAD hw/diskctrl/ide.32
LOAD hw/diskctrl/satabus.32
LOAD hw/diskphys/ata.32
LOAD hw/diskphys/atapi.32
LOAD hw/diskphys/sata.32
LOAD hw/diskphys/satapi.32
LOAD hw/intctrl/apic.32
LOAD hw/timer/apictimer.32
LOAD hw/timer/pit.32
LOAD arch/i386/avx.32
LOAD arch/i386/interrupt.32
LOAD arch/i386/rdrand.32
LOAD arch/i386/sse.32
LOAD arch/i386/x87.32
LOAD /cygdrive/d/Users/Alex/Desktop/Toolchain/Output/bin/../lib/gcc/i386-banana/8.1.0/crtend.o
LOAD crtn.32
LOAD /cygdrive/d/Users/Alex/Desktop/Toolchain/Output/bin/../lib/gcc/i386-banana/8.1.0/libkgcc.a
LOAD D:/Users/Alex/Desktop/Banana/kernel/libsoftfp.a
LOAD D:/Users/Alex/Desktop/Banana/kernel/libk/libm32.a
                0x00000000c0000000                . = 0xc0000000

.text           0x00000000c0000000    0x704ba
 *(.text)
 .text          0x00000000c0000000       0x20 D:/Users/Alex/Desktop/Banana/kernel/boot.32
 .text          0x00000000c0000020        0x0 crti.32
 .text          0x00000000c0000020      0x101 /cygdrive/d/Users/Alex/Desktop/Toolchain/Output/bin/../lib/gcc/i386-banana/8.1.0/crtbegin.o
 *fill*         0x00000000c0000121        0xf 
 .text          0x00000000c0000130      0x24f D:/Users/Alex/Desktop/Banana/kernel/morenasm.32
                0x00000000c0000130                manualPCIProbe
                0x00000000c000017b                prepareTramp
                0x00000000c0000194                doTPAUSE
                0x00000000c000019e                hasLegacyFPU
                0x00000000c00001c3                is486
                0x00000000c00001f9                detectCPUID
                0x00000000c000020f                goToVM86
                0x00000000c000023f                goToUsermode
                0x00000000c0000269                switchToThreadASMFirstTime
                0x00000000c0000277                switchToThreadASM
                0x00000000c00002fc                asmQuickAcquireLock
                0x00000000c000031a                asmQuickReleaseLock
                0x00000000c0000326                asmAcquireLock
                0x00000000c0000347                asmReleaseLock
                0x00000000c000035a                loadGDT
                0x00000000c000037a                memcpy
 *fill*         0x00000000c000037f        0x1 
 .text          0x00000000c0000380     0x1d37 acpica/utclib.32
                0x00000000c0000380                memcmp
                0x00000000c0000520                memmove
                0x00000000c00007a0                memset
                0x00000000c0000830                strlen
                0x00000000c00008d0                strpbrk
                0x00000000c0000a50                strtok
                0x00000000c0000b70                strcpy
                0x00000000c0000cb0                strncpy
                0x00000000c0000ff0                strcmp
                0x00000000c0001190                strchr
                0x00000000c0001240                strncmp
                0x00000000c0001430                strcat
                0x00000000c0001590                strncat
                0x00000000c0001770                strstr
                0x00000000c0001800                toupper
                0x00000000c0001890                tolower
                0x00000000c0001920                simple_strtoul
 .text          0x00000000c00020b7     0x4f41 core/malloc.32
                0x00000000c0002bae                dlfree
                0x00000000c0003b72                dlmalloc
                0x00000000c00056d7                dlrealloc
                0x00000000c0006202                dlmemalign
                0x00000000c00066d2                dlcalloc
                0x00000000c00069c0                dlcfree
                0x00000000c00069c5                dlindependent_calloc
                0x00000000c00069ea                dlindependent_comalloc
                0x00000000c0006a01                dlvalloc
                0x00000000c0006a2c                dlpvalloc
                0x00000000c0006a62                dlmalloc_trim
                0x00000000c0006a75                dlmalloc_usable_size
                0x00000000c0006b9d                dlmallinfo
                0x00000000c0006f58                dlmalloc_stats
                0x00000000c0006f6c                dlmallopt
 .text          0x00000000c0006ff8      0x1f2 libk/ctype.32
                0x00000000c0006ff8                isblank
                0x00000000c0007018                iscntrl
                0x00000000c0007038                isdigit
                0x00000000c0007054                islower
                0x00000000c0007070                isspace
                0x00000000c0007098                isupper
                0x00000000c00070b4                isalpha
                0x00000000c00070e4                isalnum
                0x00000000c0007114                ispunct
                0x00000000c0007154                isgraph
                0x00000000c0007184                isprint
                0x00000000c00071ac                isxdigit
 .text          0x00000000c00071ea        0x0 libk/string.32
 .text          0x00000000c00071ea      0x1c8 fs/fat/diskio.32
                0x00000000c00071ea                disk_status
                0x00000000c00071ed                disk_initialize
                0x00000000c00071f0                disk_read
                0x00000000c000728b                disk_write
                0x00000000c0007326                disk_ioctl
 .text          0x00000000c00073b2     0xc2a5 fs/fat/ff.32
                0x00000000c000dbe3                f_mount
                0x00000000c000dd5d                f_open
                0x00000000c000e4f6                f_read
                0x00000000c000ee43                f_write
                0x00000000c000f954                f_sync
                0x00000000c000fca6                f_close
                0x00000000c000fd0f                f_lseek
                0x00000000c0010515                f_opendir
                0x00000000c0010721                f_closedir
                0x00000000c001077d                f_readdir
                0x00000000c0010865                f_stat
                0x00000000c0010919                f_getfree
                0x00000000c0010cd6                f_truncate
                0x00000000c00110a3                f_unlink
                0x00000000c00111f0                f_mkdir
                0x00000000c0011623                f_rename
                0x00000000c0011946                f_chmod
                0x00000000c0011a9e                f_utime
                0x00000000c0011c3c                f_getlabel
                0x00000000c0011f6e                f_setlabel
                0x00000000c00122dd                f_expand
                0x00000000c0012745                f_mkfs
 *fill*         0x00000000c0013657        0x1 
 .text          0x00000000c0013658       0x2f fs/fat/ffsystem.32
                0x00000000c0013658                ff_memalloc
                0x00000000c0013670                ff_memfree
 *fill*         0x00000000c0013687        0x1 
 .text          0x00000000c0013688      0x4ea fs/fat/ffunicode.32
                0x00000000c0013688                ff_uni2oem
                0x00000000c0013790                ff_oem2uni
                0x00000000c001386c                ff_wtoupper
 .text          0x00000000c0013b72     0x4b94 fs/iso9660/iso9660.32
                0x00000000c00148a6                isoReadDiscSector
                0x00000000c0014aaf                strnicmp
                0x00000000c00151b6                stricmp
                0x00000000c0015286                iso_open
                0x00000000c0015605                iso_close
                0x00000000c0015693                iso_read
                0x00000000c0015e6b                iso_seek
                0x00000000c00164af                iso_tell
                0x00000000c0016650                iso_total
                0x00000000c00167ed                fn_postprocess
                0x00000000c0016877                iso_readdir
                0x00000000c0017fa4                iso_reset
                0x00000000c0017fc1                init_percd
                0x00000000c0018393                iso_ioctl
                0x00000000c00183ab                fs_iso9660_init
                0x00000000c00185de                fs_iso9660_shutdown
 *fill*         0x00000000c0018706        0x2 
 .text          0x00000000c0018708     0x1cd6 core/computer.32
                0x00000000c0018708                Computer::close(int, int, void*)
                0x00000000c00188c4                Krnl::firstTask()
                0x00000000c0018c10                Computer::Computer()
                0x00000000c0018c10                Computer::Computer()
                0x00000000c00190e0                Computer::setBootMessage(char const*)
                0x00000000c00190e4                Computer::detectFeatures()
                0x00000000c0019b28                Computer::displayFeatures()
                0x00000000c0019b2c                Computer::rdmsr(unsigned int)
                0x00000000c0019ba4                Computer::wrmsr(unsigned int, unsigned long long)
                0x00000000c0019c24                Computer::shutdown()
                0x00000000c0019cbc                Computer::restart()
                0x00000000c0019d54                Computer::sleep()
                0x00000000c0019dd4                Computer::nmiEnabled()
                0x00000000c0019e18                Computer::readCMOS(unsigned char)
                0x00000000c0019e78                Computer::enableNMI(bool)
                0x00000000c0019f14                Computer::open(int, int, void*)
                0x00000000c001a2c8                Computer::disableNMI()
                0x00000000c001a300                Computer::writeCMOS(unsigned char, unsigned char)
                0x00000000c001a368                Computer::handleNMI()
 .text          0x00000000c001a3de      0x50f core/gdt.32
                0x00000000c001a3de                GDTEntry::setBase(unsigned int)
                0x00000000c001a46e                GDTEntry::setLimit(unsigned int)
                0x00000000c001a4dc                GDT::GDT()
                0x00000000c001a4dc                GDT::GDT()
                0x00000000c001a562                GDT::addEntry(GDTEntry)
                0x00000000c001a63e                GDT::getNumberOfEntries()
                0x00000000c001a666                GDT::flush()
                0x00000000c001a6d4                GDT::setup()
 .text          0x00000000c001a8ed       0x38 core/idle.32
                0x00000000c001a8ed                idleFunction(void*)
 *fill*         0x00000000c001a925        0x3 
 .text          0x00000000c001a928      0xcf0 core/idt.32
                0x00000000c001a928                IDTEntry::IDTEntry(bool)
                0x00000000c001a928                IDTEntry::IDTEntry(bool)
                0x00000000c001ab94                IDTEntry::setOffset(unsigned int)
                0x00000000c001abf8                IDT::IDT()
                0x00000000c001abf8                IDT::IDT()
                0x00000000c001ac2a                IDT::getPointerToInvalidOpcodeEntryForF00F()
                0x00000000c001ac6a                IDT::addEntry(IDTEntry, int)
                0x00000000c001acd0                IDT::addEntry(int, void (*)(), bool)
                0x00000000c001ad2c                IDT::flush()
                0x00000000c001ad6a                IDT::setup()
 .text          0x00000000c001b618      0x2a5 core/kheap.32
                0x00000000c001b618                sbrk
                0x00000000c001b734                mmap
                0x00000000c001b74a                munmap
                0x00000000c001b760                liballoc_lock()
                0x00000000c001b79a                liballoc_unlock()
                0x00000000c001b7d8                liballoc_alloc(int)
                0x00000000c001b812                liballoc_free(void*, int)
                0x00000000c001b84f                realloc
                0x00000000c001b863                malloc
                0x00000000c001b873                free
                0x00000000c001b883                rfree
                0x00000000c001b893                calloc
 .text          0x00000000c001b8bd      0x135 core/main.32
                0x00000000c001b8bd                KeEntryPoint
 .text          0x00000000c001b9f2      0xd45 core/physmgr.32
                0x00000000c001b9f2                Phys::allocateDMA(unsigned long)
                0x00000000c001bce0                Phys::freeDMA(unsigned long, unsigned long)
                0x00000000c001bd96                Phys::setPageState(unsigned long, bool)
                0x00000000c001bed3                Phys::getPageState(unsigned long)
                0x00000000c001bf32                Phys::freePage(unsigned long)
                0x00000000c001bfc0                Phys::allocatePage()
                0x00000000c001c188                Phys::allocateContiguousPages(int)
                0x00000000c001c277                Phys::allowSegmentToBeUsed(unsigned long, unsigned long)
                0x00000000c001c2b9                Phys::physicalMemorySetup(unsigned int)
 *fill*         0x00000000c001c737        0x1 
 .text          0x00000000c001c738      0xaa5 core/pipe.32
                0x00000000c001c738                Pipe::isAtty()
                0x00000000c001c73c                Pipe::~Pipe()
                0x00000000c001c73c                Pipe::~Pipe()
                0x00000000c001c80c                Pipe::~Pipe()
                0x00000000c001c834                Pipe::write(unsigned long long, void*, int*)
                0x00000000c001cb9c                Pipe::read(unsigned long long, void*, int*)
                0x00000000c001cf76                Pipe::Pipe(int)
                0x00000000c001cf76                Pipe::Pipe(int)
 *fill*         0x00000000c001d1dd        0x1 
 .text          0x00000000c001d1de     0x306f core/terminal.32
                0x00000000c001d1de                VgaText::isAtty()
                0x00000000c001d1e2                VgaText::~VgaText()
                0x00000000c001d1e2                VgaText::~VgaText()
                0x00000000c001d2b2                VgaText::~VgaText()
                0x00000000c001d2dc                VgaText::read(unsigned long long, void*, int*)
                0x00000000c001d31c                setTerminalScrollLock(bool)
                0x00000000c001d31d                doTerminalCycle()
                0x00000000c001d31e                addToTerminalCycle(VgaText*)
                0x00000000c001d31f                scrollTerminalScrollLock(int)
                0x00000000c001d320                VgaText::updateTitle()
                0x00000000c001d322                VgaText::load()
                0x00000000c001d324                VgaText::updateCursor()
                0x00000000c001d370                VgaText::doANSI_SGR(int)
                0x00000000c001d7e4                VgaText::setDefaultBgColour(VgaColour)
                0x00000000c001d85c                VgaText::setDefaultFgColour(VgaColour)
                0x00000000c001d8d4                VgaText::setDefaultColours(VgaColour, VgaColour)
                0x00000000c001d932                VgaText::setTitleTextColour(VgaColour)
                0x00000000c001d990                VgaText::setTitleColour(VgaColour)
                0x00000000c001d9ee                VgaText::setTitle(char*)
                0x00000000c001da12                VgaText::combineColours(unsigned char, unsigned char)
                0x00000000c001da26                VgaText::scrollScreen()
                0x00000000c001dd9c                VgaText::combineCharAndColour(char, unsigned char)
                0x00000000c001ddac                VgaText::writeCharacter(char, VgaColour, VgaColour, int, int)
                0x00000000c001deb0                VgaText::getCursorX()
                0x00000000c001def2                VgaText::getCursorY()
                0x00000000c001df34                VgaText::setCursor(int, int)
                0x00000000c001dfd0                setActiveTerminal(VgaText*)
                0x00000000c001e064                VgaText::clearScreen()
                0x00000000c001e180                VgaText::setCursorX(int)
                0x00000000c001e1cc                VgaText::setCursorY(int)
                0x00000000c001e218                VgaText::incrementCursor(bool)
                0x00000000c001e41a                VgaText::decrementCursor(bool)
                0x00000000c001e4e6                VgaText::putchar(char, VgaColour, VgaColour)
                0x00000000c001e822                VgaText::putchar(char)
                0x00000000c001ee00                VgaText::putx(unsigned int)
                0x00000000c001eeae                VgaText::puts(char const*)
                0x00000000c001ef1e                VgaText::write(unsigned long long, void*, int*)
                0x00000000c001f084                VgaText::puts(char const*, VgaColour, VgaColour)
                0x00000000c001f714                VgaText::VgaText(char const*)
                0x00000000c001f714                VgaText::VgaText(char const*)
                0x00000000c001fda2                VgaText::receiveKey(unsigned char)
                0x00000000c002020e                VgaText::doUpdate()
                0x00000000c002020f                newTerminal(char*)
 *fill*         0x00000000c002024d        0x3 
 .text          0x00000000c0020250      0xc60 core/tss.32
                0x00000000c0020250                TSS::TSS()
                0x00000000c0020250                TSS::TSS()
                0x00000000c00202d8                TSS::setESP(unsigned long)
                0x00000000c002037c                TSS::flush()
                0x00000000c00203c4                TSS::setup(unsigned long, unsigned long)
 .text          0x00000000c0020eb0     0x11bd core/unixfile.32
                0x00000000c0020eb0                ReservedFilename::read(unsigned long long, void*, int*)
                0x00000000c0021176                ReservedFilename::isAtty()
                0x00000000c0021274                ReservedFilename::write(unsigned long long, void*, int*)
                0x00000000c002153e                UnixFile::getFileDescriptor()
                0x00000000c0021580                UnixFile::UnixFile(int)
                0x00000000c0021580                UnixFile::UnixFile(int)
                0x00000000c0021a88                ReservedFilename::ReservedFilename(int)
                0x00000000c0021a88                ReservedFilename::ReservedFilename(int)
                0x00000000c0021bc8                UnixFile::~UnixFile()
                0x00000000c0021bc8                UnixFile::~UnixFile()
                0x00000000c0021d4c                UnixFile::~UnixFile()
                0x00000000c0021d74                ReservedFilename::~ReservedFilename()
                0x00000000c0021d74                ReservedFilename::~ReservedFilename()
                0x00000000c0021e58                ReservedFilename::~ReservedFilename()
                0x00000000c0021e7f                getFromFileDescriptor(int)
 *fill*         0x00000000c002206d        0x1 
 .text          0x00000000c002206e     0x3e09 core/virtmgr.32
                0x00000000c002206e                Virt::setPageState(unsigned long, Virt::VirtPageState)
                0x00000000c0022155                Virt::getPageState(unsigned long)
                0x00000000c00221fb                Virt::allocateKernelVirtualPages(int)
                0x00000000c002236d                Virt::freeSwapfilePage(unsigned long)
                0x00000000c00223f8                Virt::swapIDToSector(unsigned long)
                0x00000000c002240e                Virt::allocateSwapfilePage()
                0x00000000c00225c5                Virt::virtualMemorySetup()
                0x00000000c0022628                Virt::setupPageSwapping(int)
                0x00000000c0022850                VAS::VAS(VAS*)
                0x00000000c0022850                VAS::VAS(VAS*)
                0x00000000c002292a                VAS::getForeignPageTableEntry(bool, unsigned long)
                0x00000000c002297a                VAS::getPageTableEntry(unsigned long)
                0x00000000c00229b9                Virt::freeKernelVirtualPages(unsigned long)
                0x00000000c0022be0                VAS::freeAllocatedPages(unsigned long)
                0x00000000c0022c3c                VAS::virtualToPhysical(unsigned long)
                0x00000000c0022c9e                VAS::reflagRange(unsigned long, int, int, int)
                0x00000000c0022d84                VAS::VAS()
                0x00000000c0022d84                VAS::VAS()
                0x00000000c0022f70                VAS::setToWriteCombining(unsigned long, int)
                0x00000000c0023064                VAS::mapOtherVASIn(bool, VAS*)
                0x00000000c0023172                VAS::~VAS()
                0x00000000c0023172                VAS::~VAS()
                0x00000000c0023670                VAS::mapPage(unsigned long, unsigned long, int)
                0x00000000c00239a8                VAS::allocatePages(int, int)
                0x00000000c0023ea8                VAS::setCPUSpecific(unsigned long)
                0x00000000c0023ee2                VAS::mapRange(unsigned long, unsigned long, int, int)
                0x00000000c00240c4                VAS::mapForeignPage(bool, VAS*, unsigned long, unsigned long, int)
                0x00000000c0024322                VAS::VAS(bool)
                0x00000000c0024322                VAS::VAS(bool)
                0x00000000c0024f98                VAS::evict(unsigned long)
                0x00000000c002530a                VAS::tryLoadBackOffDisk(unsigned long)
                0x00000000c00256f6                VAS::scanForEviction()
                0x00000000c0025b9e                mapVASFirstTime
 .text          0x00000000c0025e77       0x5f coreobjs/c++.32
                0x00000000c0025e77                __cxa_atexit
                0x00000000c0025e7a                __cxa_finalize
                0x00000000c0025e7b                __stack_chk_fail
                0x00000000c0025eb1                __cxa_pure_virtual
                0x00000000c0025ec2                operator new[](unsigned long)
                0x00000000c0025ec7                operator delete(void*, unsigned long)
                0x00000000c0025ecc                operator delete[](void*)
                0x00000000c0025ed1                operator delete[](void*, unsigned long)
 .text          0x00000000c0025ed6      0x623 dbg/kconsole.32
                0x00000000c0025ed6                Dbg::stringifyxWithBase(unsigned int, char*, int)
                0x00000000c00260f0                Dbg::logc(char)
                0x00000000c0026110                Dbg::logs(char*)
                0x00000000c002619f                Dbg::logWriteInt(unsigned int)
                0x00000000c00261bf                Dbg::logWriteIntBase(unsigned int, int)
                0x00000000c00261e2                Dbg::kprintf(char const*, ...)
 *fill*         0x00000000c00264f9        0x3 
 .text          0x00000000c00264fc      0x238 dbg/usban.32
                0x00000000c00264fc                KiUbsanPrintDetails(char const*, void*)
                0x00000000c0026638                __ubsan_handle_type_mismatch_v1
                0x00000000c0026654                __ubsan_handle_pointer_overflow
                0x00000000c0026670                __ubsan_handle_out_of_bounds
                0x00000000c002668c                __ubsan_handle_add_overflow
                0x00000000c00266a4                __ubsan_handle_load_invalid_value
                0x00000000c00266bc                __ubsan_handle_divrem_overflow
                0x00000000c00266d4                __ubsan_handle_mul_overflow
                0x00000000c00266ec                __ubsan_handle_sub_overflow
                0x00000000c0026704                __ubsan_handle_shift_out_of_bounds
                0x00000000c002671c                __ubsan_handle_negate_overflow
 .text          0x00000000c0026734     0x7506 fs/vfs.32
                0x00000000c0026734                File::isAtty()
                0x00000000c0026738                Directory::isAtty()
                0x00000000c002673c                Filesystem::getlabel(LogicalDisk*, int, char*, unsigned int*)
                0x00000000c0026742                Filesystem::setlabel(LogicalDisk*, int, char*)
                0x00000000c0026748                Filesystem::allocateSwapfile(char const*, int)
                0x00000000c002674e                File::~File()
                0x00000000c002674e                File::~File()
                0x00000000c002681e                File::~File()
                0x00000000c0026848                Directory::~Directory()
                0x00000000c0026848                Directory::~Directory()
                0x00000000c0026918                Directory::~Directory()
                0x00000000c0026942                Directory::write(unsigned long long, void*, int*)
                0x00000000c0026af2                File::read(unsigned long long, void*, int*)
                0x00000000c0026f48                File::write(unsigned long long, void*, int*)
                0x00000000c002739e                Directory::read(unsigned long long, void*, int*)
                0x00000000c00277f4                Filesystem::Filesystem()
                0x00000000c00277f4                Filesystem::Filesystem()
                0x00000000c00278cc                Filesystem::~Filesystem()
                0x00000000c00278cc                Filesystem::~Filesystem()
                0x00000000c002794a                Filesystem::~Filesystem()
                0x00000000c0027971                Fs::getcwd(Process*, char*, int)
                0x00000000c0027aac                Fs::initVFS()
                0x00000000c0027ad6                Fs::standardiseFiles(char*, char const*, char const*)
                0x00000000c002892c                File::File(char const*, Process*)
                0x00000000c002892c                File::File(char const*, Process*)
                0x00000000c0028eba                File::open(FileOpenMode)
                0x00000000c002931e                File::close()
                0x00000000c0029770                File::seek(unsigned long long)
                0x00000000c0029ba6                File::tell(unsigned long long*)
                0x00000000c0029fca                File::rewind()
                0x00000000c0029ffc                File::unlink()
                0x00000000c002a410                File::rename(char const*)
                0x00000000c002a814                File::chfatattr(unsigned char, unsigned char)
                0x00000000c002ac36                File::exists()
                0x00000000c002afca                File::stat(unsigned long long*, bool*)
                0x00000000c002b644                Fs::setcwd(Process*, char*)
                0x00000000c002bbfc                Directory::Directory(char const*, Process*)
                0x00000000c002bbfc                Directory::Directory(char const*, Process*)
                0x00000000c002c18a                Directory::open()
                0x00000000c002c5fe                Directory::close()
                0x00000000c002ca50                Directory::unlink()
                0x00000000c002ce64                Directory::rename(char const*)
                0x00000000c002d268                Directory::exists()
                0x00000000c002d5fc                Directory::read(dirent*)
                0x00000000c002d820                Directory::create()
                0x00000000c002dc34                Filesystem::chfatattr(char const*, unsigned char, unsigned char)
 *fill*         0x00000000c002dc3a        0x2 
 .text          0x00000000c002dc3c      0x252 hal/bus.32
                0x00000000c002dc3c                Bus::Bus(char const*)
                0x00000000c002dc3c                Bus::Bus(char const*)
                0x00000000c002dd80                Bus::~Bus()
                0x00000000c002dd80                Bus::~Bus()
                0x00000000c002de64                Bus::~Bus()
 .text          0x00000000c002de8e       0xee hal/buzzer.32
                0x00000000c002de8e                beepThread(void*)
                0x00000000c002defa                Krnl::beep(int, int, bool)
 .text          0x00000000c002df7c      0xad8 hal/clock.32
                0x00000000c002df7c                User::loadClockSettings(int)
                0x00000000c002e068                Clock::Clock(char const*)
                0x00000000c002e068                Clock::Clock(char const*)
                0x00000000c002e192                Clock::~Clock()
                0x00000000c002e192                Clock::~Clock()
                0x00000000c002e262                Clock::~Clock()
                0x00000000c002e28c                Clock::timeInSecondsLocal()
                0x00000000c002e3dc                Clock::setTimeInSecondsLocal(unsigned long long)
                0x00000000c002e525                datetimeToSeconds(datetime_t)
                0x00000000c002e71e                Clock::setTimeInDatetimeLocal(datetime_t)
                0x00000000c002e89e                secondsToDatetime(unsigned long long)
                0x00000000c002ea12                Clock::timeInDatetimeLocal()
 .text          0x00000000c002ea54     0x167b hal/device.32
                0x00000000c002ea54                Device::hibernate()
                0x00000000c002ea56                Device::wake()
                0x00000000c002ea58                Device::detect()
                0x00000000c002ea5a                Device::disableLegacy()
                0x00000000c002ea5c                Device::powerSaving(PowerSavingLevel)
                0x00000000c002ea5e                DriverlessDevice::close(int, int, void*)
                0x00000000c002ea62                DriverlessDevice::detect()
                0x00000000c002ea64                DriverlessDevice::open(int, int, void*)
                0x00000000c002ea78                Device::~Device()
                0x00000000c002ea78                Device::~Device()
                0x00000000c002eaf6                Device::~Device()
                0x00000000c002eb20                Device::findAndLoadDriver()
                0x00000000c002eb2e                Device::preOpenPCI(PCIDeviceInfo)
                0x00000000c002ebc8                Device::preOpenACPI(void*, char*, char*)
                0x00000000c002ecda                Device::addIRQHandler(int, void (*)(regs*, void*), bool, void*)
                0x00000000c002ed04                Device::getParent()
                0x00000000c002ed4e                Device::removeIRQHandler(int, void (*)(regs*, void*), bool)
                0x00000000c002ed6c                Device::addChild(Device*)
                0x00000000c002ef08                Device::removeAllChildren()
                0x00000000c002f0cc                Device::hibernateAll()
                0x00000000c002f220                Device::wakeAll()
                0x00000000c002f374                Device::detectAll()
                0x00000000c002f4c8                Device::disableLegacyAll()
                0x00000000c002f4ca                Device::loadDriversForAll()
                0x00000000c002f4cc                Device::closeAll()
                0x00000000c002f624                Device::powerSavingAll(PowerSavingLevel)
                0x00000000c002f784                Device::setName(char const*)
                0x00000000c002f7d6                Device::Device(char const*)
                0x00000000c002f7d6                Device::Device(char const*)
                0x00000000c002fdc6                Device::getName()
                0x00000000c002fe0a                DriverlessDevice::DriverlessDevice(char const*)
                0x00000000c002fe0a                DriverlessDevice::DriverlessDevice(char const*)
                0x00000000c002ff34                Device::addToLinkedList(LinkedList<Device>&, DeviceType)
                0x00000000c003006f                getDevicesOfType(DeviceType)
 *fill*         0x00000000c00300cf        0x1 
 .text          0x00000000c00300d0      0x252 hal/diskctrl.32
                0x00000000c00300d0                HardDiskController::HardDiskController(char const*)
                0x00000000c00300d0                HardDiskController::HardDiskController(char const*)
                0x00000000c0030214                HardDiskController::~HardDiskController()
                0x00000000c0030214                HardDiskController::~HardDiskController()
                0x00000000c00302f8                HardDiskController::~HardDiskController()
 .text          0x00000000c0030322      0x3f8 hal/diskphys.32
                0x00000000c0030322                PhysicalDisk::eject()
                0x00000000c0030326                PhysicalDisk::PhysicalDisk(char const*, int)
                0x00000000c0030326                PhysicalDisk::PhysicalDisk(char const*, int)
                0x00000000c00305a6                PhysicalDisk::startCache()
                0x00000000c0030620                PhysicalDisk::~PhysicalDisk()
                0x00000000c0030620                PhysicalDisk::~PhysicalDisk()
                0x00000000c00306f0                PhysicalDisk::~PhysicalDisk()
 .text          0x00000000c003071a        0x0 hal/fpu.32
 .text          0x00000000c003071a     0x1907 hal/intctrl.32
                0x00000000c003071a                int_handler
                0x00000000c0030b2e                installISRHandler(int, void (*)(regs*, void*), void*)
                0x00000000c0030deb                installIRQHandler(int, void (*)(regs*, void*), bool, void*)
                0x00000000c0031594                uninstallISRHandler(int, void (*)(regs*, void*))
                0x00000000c0031893                uninstallIRQHandler(int, void (*)(regs*, void*), bool)
                0x00000000c0031cc5                setupINTS()
                0x00000000c0031eee                convertLegacyIRQNumber(int)
 *fill*         0x00000000c0032021        0x1 
 .text          0x00000000c0032022     0x12a0 hal/keybrd.32
                0x00000000c0032022                startGUI(void*)
                0x00000000c00320a9                startGUIVESA(void*)
                0x00000000c0032130                sendKeyToTerminal(unsigned char)
                0x00000000c00322cb                sendKeyboardToken(KeyboardToken)
                0x00000000c0032af8                clearInternalKeybuffer(VgaText*)
                0x00000000c0032bc0                readKeyboard(VgaText*, char*, unsigned long)
                0x00000000c0033096                Keyboard::Keyboard(char const*)
                0x00000000c0033096                Keyboard::Keyboard(char const*)
                0x00000000c00331c8                Keyboard::~Keyboard()
                0x00000000c00331c8                Keyboard::~Keyboard()
                0x00000000c0033298                Keyboard::~Keyboard()
 .text          0x00000000c00332c2      0xf99 hal/logidisk.32
                0x00000000c00332c2                LogicalDisk::close(int, int, void*)
                0x00000000c00332c6                LogicalDisk::~LogicalDisk()
                0x00000000c00332c6                LogicalDisk::~LogicalDisk()
                0x00000000c0033396                LogicalDisk::~LogicalDisk()
                0x00000000c00333c0                LogicalDisk::open(int, int, void*)
                0x00000000c00333d4                LogicalDisk::absoluteToRelative(unsigned long long)
                0x00000000c00334aa                LogicalDisk::relativeToAbsolute(unsigned long long)
                0x00000000c003353c                LogicalDisk::LogicalDisk(char const*, PhysicalDisk*, unsigned long long, unsigned long long)
                0x00000000c003353c                LogicalDisk::LogicalDisk(char const*, PhysicalDisk*, unsigned long long, unsigned long long)
                0x00000000c00338f0                LogicalDisk::assignDriveLetter()
                0x00000000c0033b54                LogicalDisk::mount()
                0x00000000c0033cba                LogicalDisk::unmount()
                0x00000000c0033d08                LogicalDisk::eject()
                0x00000000c0033dc0                LogicalDisk::unassignDriveLetter()
                0x00000000c0033f48                LogicalDisk::read(unsigned long long, int, void*)
                0x00000000c00340d2                LogicalDisk::write(unsigned long long, int, void*)
 *fill*         0x00000000c003425b        0x1 
 .text          0x00000000c003425c      0x252 hal/mouse.32
                0x00000000c003425c                Mouse::Mouse(char const*)
                0x00000000c003425c                Mouse::Mouse(char const*)
                0x00000000c00343a0                Mouse::~Mouse()
                0x00000000c00343a0                Mouse::~Mouse()
                0x00000000c0034484                Mouse::~Mouse()
 .text          0x00000000c00344ae      0x230 hal/nic.32
                0x00000000c00344ae                NIC::getMAC()
                0x00000000c00344b4                NIC::write(int, unsigned char*, int*)
                0x00000000c00344ba                NIC::NIC(char const*)
                0x00000000c00344ba                NIC::NIC(char const*)
                0x00000000c00345e4                NIC::~NIC()
                0x00000000c00345e4                NIC::~NIC()
                0x00000000c00346b4                NIC::~NIC()
 .text          0x00000000c00346de      0xe6c hal/partition.32
                0x00000000c00346de                makePartition(PhysicalDisk*, unsigned long long, unsigned long long)
                0x00000000c0034848                createPartitionsForDisk(PhysicalDisk*)
 *fill*         0x00000000c003554a        0x2 
 .text          0x00000000c003554c      0x252 hal/serial.32
                0x00000000c003554c                Serial::Serial(char const*)
                0x00000000c003554c                Serial::Serial(char const*)
                0x00000000c0035690                Serial::~Serial()
                0x00000000c0035690                Serial::~Serial()
                0x00000000c0035774                Serial::~Serial()
 *fill*         0x00000000c003579e        0x2 
 .text          0x00000000c00357a0      0x7a4 hal/timer.32
                0x00000000c00357a0                Timer::Timer(char const*)
                0x00000000c00357a0                Timer::Timer(char const*)
                0x00000000c00358e4                Timer::~Timer()
                0x00000000c00358e4                Timer::~Timer()
                0x00000000c00359c8                Timer::~Timer()
                0x00000000c00359f2                Timer::read()
                0x00000000c0035a3f                setupTimer(int)
                0x00000000c0035b2d                timerHandler(unsigned int)
 .text          0x00000000c0035f44     0x1a4c hal/vcache.32
                0x00000000c0035f44                VCache::VCache(PhysicalDisk*)
                0x00000000c0035f44                VCache::VCache(PhysicalDisk*)
                0x00000000c00368ea                VCache::invalidateReadBuffer()
                0x00000000c0036986                VCache::writeWriteBuffer()
                0x00000000c0036b88                VCache::~VCache()
                0x00000000c0036b88                VCache::~VCache()
                0x00000000c0036d64                VCache::~VCache()
                0x00000000c0036d8c                VCache::write(unsigned long long, int, void*)
                0x00000000c003735a                VCache::read(unsigned long long, int, void*)
 .text          0x00000000c0037990     0x123e hal/video.32
                0x00000000c0037990                Video::putpixel(int, int, unsigned int)
                0x00000000c003799e                Video::readPixelApprox(int, int)
                0x00000000c00379b2                Video::putrect(int, int, int, int, unsigned int)
                0x00000000c0037ada                Video::bitblit(int, int, int, int, int, int, int, unsigned int*)
                0x00000000c0037cea                Video::blit(unsigned int*, int, int, int, int)
                0x00000000c0037ef0                Video::clearScreen(unsigned int)
                0x00000000c0038026                Video::Video(char const*)
                0x00000000c0038026                Video::Video(char const*)
                0x00000000c0038150                Video::~Video()
                0x00000000c0038150                Video::~Video()
                0x00000000c0038220                Video::~Video()
                0x00000000c003824a                Video::isMonochrome()
                0x00000000c0038294                Video::getWidth()
                0x00000000c00382de                Video::getHeight()
                0x00000000c0038328                Video::drawCursor(int, int, unsigned int*, int)
                0x00000000c00385d6                Video::tgaParse(unsigned char*, int, int*, int*)
                0x00000000c0038a20                Video::putTGA(int, int, unsigned char*, int)
 *fill*         0x00000000c0038bce        0x2 
 .text          0x00000000c0038bd0     0x3d8f hw/acpi.32
                0x00000000c0038bd0                ACPI::close(int, int, void*)
                0x00000000c0038c84                findRSDP()
                0x00000000c0038dd8                loadACPITables(unsigned char*)
                0x00000000c00396a0                findRSDT(unsigned char*)
                0x00000000c0039888                findDataTable(unsigned char*, char*)
                0x00000000c0039a94                scanMADT()
                0x00000000c003afcc                ACPI::ACPI()
                0x00000000c003afcc                ACPI::ACPI()
                0x00000000c003b1d0                ACPI::getPCIIRQAssignment(unsigned char, unsigned short, unsigned char)
                0x00000000c003b5a4                ACPI::registerPCIIRQAssignment(void*, unsigned short, unsigned char, unsigned char)
                0x00000000c003bad8                ACPI::setScreenBrightnessLevel(void*, int)
                0x00000000c003bae0                ACPI::detectPCI()
                0x00000000c003c018                ACPI::writeSimpleBootFlag(SimpleBootFlagTable*)
                0x00000000c003c0ec                ACPI::sleep()
                0x00000000c003c108                ACPI::open(int, int, void*)
 *fill*         0x00000000c003c95f        0x1 
 .text          0x00000000c003c960     0x2198 hw/cpu.32
                0x00000000c003c960                CPU::close(int, int, void*)
                0x00000000c003c964                CPU::AMD_K6_write_msr(unsigned int, unsigned int, unsigned int, CPU::REGS*)
                0x00000000c003c980                CPU::AMD_K6_read_msr(unsigned int, CPU::REGS*)
                0x00000000c003c998                CPU::AMD_K6_writeback(int, int, int)
                0x00000000c003ca0c                CPU::cpuid(int, unsigned long*, unsigned long*, unsigned long*, unsigned long*)
                0x00000000c003cb8a                CPU::cpuidCheckEDX(unsigned int)
                0x00000000c003cbb8                CPU::cpuidCheckECX(unsigned int)
                0x00000000c003cbe6                CPU::cpuidCheckExtendedEBX(unsigned int)
                0x00000000c003cc14                CPU::cpuidCheckExtendedECX(unsigned int)
                0x00000000c003cc42                CPU::CPU()
                0x00000000c003cc42                CPU::CPU()
                0x00000000c003cf90                CPU::displayFeatures()
                0x00000000c003cf92                CPU::detectFeatures()
                0x00000000c003e2f4                CPU::setupSMEP()
                0x00000000c003e300                CPU::setupUMIP()
                0x00000000c003e30a                CPU::setupTSC()
                0x00000000c003e314                CPU::setupLargePages()
                0x00000000c003e31e                CPU::setupPAT()
                0x00000000c003e3ce                CPU::setupMTRR()
                0x00000000c003e3d0                CPU::setupGlobalPages()
                0x00000000c003e3da                CPU::allowUsermodeDataAccess()
                0x00000000c003e42a                CPU::prohibitUsermodeDataAccess()
                0x00000000c003e47a                CPU::setupSMAP()
                0x00000000c003e4b4                CPU::setupFeatures()
                0x00000000c003e74c                CPU::open(int, int, void*)
 .text          0x00000000c003eaf8      0x557 krnl/bootmsg.32
                0x00000000c003eaf8                KeDisplaySplashScreen()
                0x00000000c003eee1                KeSetBootMessage(char const*)
 *fill*         0x00000000c003f04f        0x1 
 .text          0x00000000c003f050     0x175a krnl/env.32
                0x00000000c003f050                EnvVarContainer::getEnv(char const*)
                0x00000000c003f1a8                EnvVarContainer::setEnv(char const*, char const*)
                0x00000000c003f370                EnvVarContainer::deleteEnv(char const*)
                0x00000000c003f372                EnvVarContainer::loadFrom(char const*, char const*)
                0x00000000c003f998                EnvVarContainer::__loadSystem()
                0x00000000c003f9d0                EnvVarContainer::__loadUser()
                0x00000000c003f9d2                EnvVarContainer::EnvVarContainer(Process*)
                0x00000000c003f9d2                EnvVarContainer::EnvVarContainer(Process*)
                0x00000000c003fac8                EnvVarContainer::~EnvVarContainer()
                0x00000000c003fac8                EnvVarContainer::~EnvVarContainer()
                0x00000000c003fbca                Krnl::getEnv(Process*, char const*)
                0x00000000c003fcaa                Krnl::setEnvSystem(char const*, char const*)
                0x00000000c003fce1                Krnl::setEnvUser(char const*, char const*)
                0x00000000c003fd1b                Krnl::setEnvProcess(Process*, char const*, char const*)
                0x00000000c003fd90                Krnl::deleteEnvSystem(char const*)
                0x00000000c003fdb0                Krnl::deleteEnvUser(char const*)
                0x00000000c003fdd0                Krnl::deleteEnvProcess(Process*, char const*)
                0x00000000c003fe2e                Krnl::newProcessEnv(Process*)
                0x00000000c003fe69                Krnl::copyProcessEnv(Process*, Process*)
                0x00000000c0040002                Krnl::loadSystemEnv()
                0x00000000c0040068                Krnl::loadUserEnv()
                0x00000000c00400c5                Krnl::flushEnv()
                0x00000000c00400c6                Krnl::getProcessTotalEnvCount(Process*)
                0x00000000c004023b                Krnl::getProcessEnvPair(Process*, int)
 .text          0x00000000c00407aa      0x193 krnl/inlines.32
                0x00000000c00407aa                CPU::current()
                0x00000000c00407f6                operator new(unsigned long)
                0x00000000c00407fb                operator delete(void*)
                0x00000000c0040800                disableIRQs()
                0x00000000c0040802                enableIRQs()
                0x00000000c0040804                lockScheduler()
                0x00000000c0040831                unlockScheduler()
                0x00000000c0040862                lockStuff()
                0x00000000c00408b2                unlockStuff()
                0x00000000c0040922                Virt::getAKernelVAS()
                0x00000000c0040928                __not_memcpy
 .text          0x00000000c004093d        0xc krnl/panic.32
                0x00000000c004093d                KePanic(char const*)
 .text          0x00000000c0040949      0x1fd krnl/powctrl.32
                0x00000000c0040949                Krnl::powerThread(void*)
                0x00000000c00409ae                Krnl::changePowerSettings(Krnl::PowerSettings)
                0x00000000c00409c4                Krnl::userIOReceived()
                0x00000000c00409cf                Krnl::handlePowerButton()
                0x00000000c0040a3a                Krnl::handleSleepButton()
                0x00000000c0040aa5                Krnl::setupPowerManager()
 .text          0x00000000c0040b46       0x9d krnl/random.32
                0x00000000c0040b46                KeRand()
                0x00000000c0040b88                KeSeedRand(unsigned int)
                0x00000000c0040bb1                KeInitRand()
 *fill*         0x00000000c0040be3        0x1 
 .text          0x00000000c0040be4      0x1bc krnl/resolve.32
                0x00000000c0040be4                KeResolveCompatibilitySymbol(char*)
 .text          0x00000000c0040da0      0xde7 krnl/signal.32
                0x00000000c0040da0                KiSigKill(int)
                0x00000000c0040db4                KiDefaultSignalHandlerIgnore(int)
                0x00000000c0040db5                KiDefaultSignalHandlerPause(int)
                0x00000000c0040de1                KiDefaultSignalHandlerResume(int)
                0x00000000c0040e0d                KeDeinitSignals(SigHandlerBlock*)
                0x00000000c0040e12                KeInitSignals()
                0x00000000c0040efe                KeRegisterSignalHandler(SigHandlerBlock*, int, void (*)(int), unsigned int, int)
                0x00000000c0041075                KeRaiseSignal(SigHandlerBlock*, int)
                0x00000000c0041202                KeCheckSignal(SigHandlerBlock*, int*)
                0x00000000c00417fe                KiCheckSignalZ
                0x00000000c004195e                KeCompleteSignal(SigHandlerBlock*, int)
                0x00000000c0041a5f                KiFinishSignalZ
 .text          0x00000000c0041b87     0x4829 krnl/syscalls.32
                0x00000000c0041b87                SysSeekDir(regs*)
                0x00000000c0041b8c                SysTellDir(regs*)
                0x00000000c0041b91                SysTTYName(regs*)
                0x00000000c0041b99                SysNotImpl(regs*)
                0x00000000c0041bb4                SysVerify(regs*)
                0x00000000c0041bfb                SysGetArgc(regs*)
                0x00000000c0041c80                SysFormatDisk(regs*)
                0x00000000c0041fb4                SysSetDiskVolumeLabel(regs*)
                0x00000000c0042682                SysGetDiskVolumeLabel(regs*)
                0x00000000c0042da2                SysShutdown(regs*)
                0x00000000c0042fbd                SysRealpath(regs*)
                0x00000000c0043155                SysReadDir(regs*)
                0x00000000c0043384                SysIsATTY(regs*)
                0x00000000c004357d                SysSeek(regs*)
                0x00000000c00436f3                SysTell(regs*)
                0x00000000c00438f1                SysSize(regs*)
                0x00000000c0043af4                SysClose(regs*)
                0x00000000c0043cd3                SysCloseDir(regs*)
                0x00000000c0043e4e                SysWait(regs*)
                0x00000000c0043ee0                SysPanic(regs*)
                0x00000000c0043f35                SysGetArgv(regs*)
                0x00000000c00441ee                SysUSleep(regs*)
                0x00000000c004428a                SysGetEnv(regs*)
                0x00000000c0044492                SysGetUnixTime(regs*)
                0x00000000c0044505                SysSizeFromFilename(regs*)
                0x00000000c0044818                SysOpenDir(regs*)
                0x00000000c0044a42                SysMakeDir(regs*)
                0x00000000c0044bfa                SysRmdir(regs*)
                0x00000000c0044db5                SysUnlink(regs*)
                0x00000000c0044f70                SysSetFatAttrib(regs*)
                0x00000000c00451bb                SysPipe(regs*)
                0x00000000c0045378                SysSpawn(regs*)
                0x00000000c0045559                string_ends_with(char const*, char const*)
                0x00000000c00455df                SysOpen(regs*)
                0x00000000c0046206                KeSystemCall(regs*, void*)
 .text          0x00000000c00463b0      0x2cd net/ethernet.32
                0x00000000c00463b0                KeSwitchEndian16(unsigned short)
                0x00000000c0046404                KeSwitchEndian32(unsigned int)
                0x00000000c0046438                EthernetCRC32(unsigned char*, int)
                0x00000000c0046584                EthernetReceivedPacket(EthernetUnwrappedFrame*, unsigned short)
 .text          0x00000000c004667d     0x238f reg/cm.32
                0x00000000c004667d                CmOpen(char const*)
                0x00000000c0046a1c                CmClose(Reghive_Tag*)
                0x00000000c0046a8d                CmReadExtent(Reghive_Tag*, int, unsigned char*)
                0x00000000c0046ba8                CmGetString(Reghive_Tag*, int, char*)
                0x00000000c0046d3d                CmEnterDirectory(Reghive_Tag*, int)
                0x00000000c0046d7c                CmGetNext(Reghive_Tag*, int)
                0x00000000c0046dae                CmWriteExtent(Reghive_Tag*, int, unsigned char*)
                0x00000000c0046ec9                CmFreeExtent(Reghive_Tag*, int)
                0x00000000c0046ef1                CmUpdateHeader(Reghive_Tag*)
                0x00000000c0046f61                CmExpand(Reghive_Tag*, int)
                0x00000000c00470de                CmFindUnusedExtent(Reghive_Tag*)
                0x00000000c004728f                CmCreateExtent(Reghive_Tag*, int, int, unsigned char*)
                0x00000000c0047383                CmSetString(Reghive_Tag*, int, char const*)
                0x00000000c004784f                CmGetMatch(char*, char*, bool, bool*)
                0x00000000c0047943                CmAddShift(unsigned int*, int*, unsigned char, int)
                0x00000000c0047a3d                CmGetShift(unsigned int*, int*, int, bool*)
                0x00000000c0047b89                CmGetInteger(Reghive_Tag*, int, unsigned long long*)
                0x00000000c0047bd5                CmSetInteger(Reghive_Tag*, int, unsigned long long)
                0x00000000c0047c15                CmConvertFromInternalFilename(unsigned char const*, char*)
                0x00000000c0047e4e                CmGetNameAndTypeFromExtent(Reghive_Tag*, int, char*)
                0x00000000c0047e7c                CmConvertToInternalFilename(char const*, unsigned char*)
                0x00000000c0048427                CmCreateString(Reghive_Tag*, int, char const*)
                0x00000000c0048474                CmFindInDirectory(Reghive_Tag*, int, char const*)
                0x00000000c00484ee                CmCreateInteger(Reghive_Tag*, int, char const*, unsigned long long, int)
                0x00000000c0048541                CmCreateDirectory(Reghive_Tag*, int, char const*)
                0x00000000c0048605                zStrtok(char*, char const*)
                0x00000000c00487e6                CmFindObjectFromPath(Reghive_Tag*, char const*)
                0x00000000c0048867                CmDisplayTree(Reghive_Tag*, int, int)
                0x00000000c0048942                CmSplitFinalSlashInPlace(char*)
 .text          0x00000000c0048a0c     0x1267 reg/registry.32
                0x00000000c0048a0c                Reg::findLineFromLoadedData(char*, char*, char*)
                0x00000000c0048e3d                Reg::getLineFromRegistry(char*, char*, char*, char*)
                0x00000000c00491e2                Reg::getLine(char*, char*, char*)
                0x00000000c0049219                Reg::readInt(char*, char*, int*)
                0x00000000c00498d9                Reg::readString(char*, char*, char*, int)
                0x00000000c0049b5d                Reg::readBool(char*, char*, bool*)
                0x00000000c0049ba8                Reg::readBoolWithDefault(char*, char*, bool)
                0x00000000c0049bef                Reg::readIntWithDefault(char*, char*, int)
                0x00000000c0049c1b                Reg::readStringWithDefault(char*, char*, char*, int, char*)
 .text          0x00000000c0049c73      0x172 sys/eject.32
                0x00000000c0049c73                SysEject(regs*)
 .text          0x00000000c0049de5       0x4e sys/exit.32
                0x00000000c0049de5                SysExit(regs*)
 .text          0x00000000c0049e33       0x9d sys/getcwd.32
                0x00000000c0049e33                SysGetCwd(regs*)
 .text          0x00000000c0049ed0       0x57 sys/getpid.32
                0x00000000c0049ed0                SysGetPID(regs*)
 .text          0x00000000c0049f27       0x86 sys/getramdata.32
                0x00000000c0049f27                SysGetRAMData(regs*)
 .text          0x00000000c0049fad      0x23f sys/getvgaptr.32
                0x00000000c0049fad                SysGetVGAPtr(regs*)
 .text          0x00000000c004a1ec      0x330 sys/kill.32
                0x00000000c004a1ec                SysKill(regs*)
 .text          0x00000000c004a51c      0x21f sys/loaddll.32
                0x00000000c004a51c                SysLoadDLL(regs*)
 .text          0x00000000c004a73b      0x1e6 sys/read.32
                0x00000000c004a73b                SysRead(regs*)
 .text          0x00000000c004a921       0xdc sys/registersignal.32
                0x00000000c004a921                SysRegisterSignal(regs*)
 .text          0x00000000c004a9fd      0x4e1 sys/registry.32
                0x00000000c004a9fd                SysRegistryGetTypeFromPath(regs*)
                0x00000000c004aaf4                SysRegistryReadExtent(regs*)
                0x00000000c004abf2                SysRegistryPathToExtentLookup(regs*)
                0x00000000c004ac83                SysRegistryEnterDirectory(regs*)
                0x00000000c004ad14                SysRegistryGetNext(regs*)
                0x00000000c004ada5                SysRegistryGetNameAndTypeFromExtent(regs*)
                0x00000000c004ae47                SysRegistryOpen(regs*)
                0x00000000c004ae91                SysRegistryClose(regs*)
 .text          0x00000000c004aede      0x18c sys/sbrk.32
                0x00000000c004aede                SysSbrk(regs*)
 .text          0x00000000c004b06a       0x80 sys/setcwd.32
                0x00000000c004b06a                SysSetCwd(regs*)
 .text          0x00000000c004b0ea      0x206 sys/settime.32
                0x00000000c004b0ea                SysSetTime(regs*)
 .text          0x00000000c004b2f0       0x99 sys/timezone.32
                0x00000000c004b2f0                SysTimezone(regs*)
 .text          0x00000000c004b389      0x1e6 sys/write.32
                0x00000000c004b389                SysWrite(regs*)
 .text          0x00000000c004b56f      0x166 sys/wsbe.32
                0x00000000c004b56f                SysWsbe(regs*)
 .text          0x00000000c004b6d5       0x5e sys/yield.32
                0x00000000c004b6d5                SysYield(regs*)
 .text          0x00000000c004b733     0x425b thr/elf.32
                0x00000000c004b733                Thr::allocateMemoryForTask(Process*, File*, unsigned long, unsigned long, unsigned long)
                0x00000000c004be11                Thr::loadProgramIntoMemory(Process*, char const*)
                0x00000000c004c676                Thr::runtimeReferenceHelper()
                0x00000000c004c689                Thr::getAddressOfKernelSymbol(char const*)
                0x00000000c004c92a                Thr::loadKernelSymbolTable(char const*)
                0x00000000c004d3b4                Thr::loadDriverIntoMemory(char const*, unsigned long, bool)
                0x00000000c004efc2                Thr::getDriverBaseFromAddress(unsigned long)
                0x00000000c004f1cd                Thr::getDriverNameFromAddress(unsigned long)
                0x00000000c004f3d3                Thr::getDriverOffsetFromAddress(unsigned long)
                0x00000000c004f3f5                Thr::loadDLL(char const*, bool)
                0x00000000c004f955                Thr::executeDLL(unsigned long, void*)
 *fill*         0x00000000c004f98e        0x2 
 .text          0x00000000c004f990     0x4ced thr/prcssthr.32
                0x00000000c004f990                userModeEntryPoint(void*)
                0x00000000c004fa58                changeTSS
                0x00000000c004fb94                switchToThread(ThreadControlBlock*)
                0x00000000c004fd80                Process::addArgs(char**)
                0x00000000c005018c                Process::Process(char const*, Process*, char**)
                0x00000000c005018c                Process::Process(char const*, Process*, char**)
                0x00000000c00509f8                Process::Process(bool, char const*, Process*, char**)
                0x00000000c00509f8                Process::Process(bool, char const*, Process*, char**)
                0x00000000c00511ec                taskStartupFunction
                0x00000000c0051234                Semaphore::Semaphore(int)
                0x00000000c0051234                Semaphore::Semaphore(int)
                0x00000000c005139c                Mutex::Mutex()
                0x00000000c005139c                Mutex::Mutex()
                0x00000000c005142c                Process::createThread(void (*)(void*), void*, int)
                0x00000000c0051ab4                Process::createUserThread()
                0x00000000c0051aec                setupMultitasking(void (*)())
                0x00000000c0051d08                schedule()
                0x00000000c0051e14                Semaphore::tryAcquire()
                0x00000000c00520bc                Semaphore::assertLocked(char const*)
                0x00000000c0052230                blockTaskWithSchedulerLockAlreadyHeld(TaskState)
                0x00000000c00522b0                blockTask(TaskState)
                0x00000000c005235c                waitTask(int, int*, int)
                0x00000000c0052504                milliTenthSleepUntil(unsigned int)
                0x00000000c0052674                milliTenthSleep(unsigned int)
                0x00000000c0052688                sleep(unsigned int)
                0x00000000c00526a4                Semaphore::acquire()
                0x00000000c0052a34                taskReturned
                0x00000000c0052abc                Thr::processFromPID(int)
                0x00000000c0052c40                unblockTask(ThreadControlBlock*)
                0x00000000c0052d94                cleanupTerminatedTask(ThreadControlBlock*)
                0x00000000c0053dd0                cleanerTaskFunction(void*)
                0x00000000c005402c                terminateTask(int)
                0x00000000c0054314                Thr::terminateFromIRQ(int)
                0x00000000c0054324                Semaphore::release()
 .text          0x00000000c005467d     0x2e23 vm86/vm8086.32
                0x00000000c005467d                Vm::inbv(unsigned short)
                0x00000000c0054690                Vm::outbv(unsigned short, unsigned char)
                0x00000000c0054757                Vm::realToLinear(unsigned short, unsigned short)
                0x00000000c0054767                Vm::getSegment(unsigned int)
                0x00000000c005476f                Vm::getOffset(unsigned int)
                0x00000000c0054774                Vm::mainloop2()
                0x00000000c0054801                Vm::mainVm8086Loop(void*)
                0x00000000c0054836                Vm::mainloop3(unsigned long)
                0x00000000c0054882                Vm::initialise8086()
                0x00000000c005492c                Vm::finish8086()
                0x00000000c00549f1                Vm::getOutput8086(unsigned char*)
                0x00000000c0054a16                Vm::start8086FromBuffer(unsigned char*, int, unsigned short, unsigned short, unsigned short, unsigned short)
                0x00000000c0054bd7                Vm::start8086(char const*, unsigned short, unsigned short, unsigned short, unsigned short)
                0x00000000c0054fb1                Vm::doISR(regs*, int, unsigned char*, unsigned short, unsigned short)
                0x00000000c005529a                Vm::readByteFromReal(unsigned short, unsigned short)
                0x00000000c00552c7                Vm::readWordFromReal(unsigned short, unsigned short)
                0x00000000c00552f9                Vm::readDwordFromReal(unsigned short, unsigned short)
                0x00000000c005532a                Vm::writeByteFromReal(unsigned short, unsigned short, unsigned char)
                0x00000000c005535b                Vm::writeWordFromReal(unsigned short, unsigned short, unsigned short)
                0x00000000c005538f                Vm::writeDwordFromReal(unsigned short, unsigned short, unsigned int)
                0x00000000c00553c4                Vm::faultHandler(regs*)
 .text          0x00000000c00574a0     0x20e9 arch/i386/hal.32
                0x00000000c00574a0                noCopro(unsigned long)
                0x00000000c00574a1                nmiHandler(regs*, void*)
                0x00000000c00574db                doubleFault(regs*, void*)
                0x00000000c00574f4                displayDebugInfo(regs*)
                0x00000000c00584b9                HalSystemIdle()
                0x00000000c00585fa                displayProgramFault(char const*)
                0x00000000c005877a                gpFault(regs*, void*)
                0x00000000c00587e1                pgFault(regs*, void*)
                0x00000000c0058956                otherISRHandler(regs*, void*)
                0x00000000c005898a                opcodeFault(regs*, void*)
                0x00000000c0058b61                i386SaveCoprocessor(void*)
                0x00000000c0058b75                i386LoadCoprocessor(void*)
                0x00000000c0058b89                x87EmulHandler(regs*, void*)
                0x00000000c0058cce                HalInitialiseCoprocessor()
                0x00000000c0058dd7                HalPanic(char const*)
                0x00000000c0059056                HalQueryPerformanceCounter()
                0x00000000c00590e8                HalInitialise()
                0x00000000c00594ba                HalMakeBeep(int)
                0x00000000c00594f4                HalGetRand()
                0x00000000c00594f7                HalEndOfInterrupt(int)
                0x00000000c0059586                HalRestart()
                0x00000000c0059587                HalShutdown()
                0x00000000c0059588                HalSleep()
 *fill*         0x00000000c0059589        0x3 
 .text          0x00000000c005958c      0x30c arch/i386/pic.32
                0x00000000c005958c                picIoWait()
                0x00000000c0059594                picDisable()
                0x00000000c00595c8                picGetIRQReg(int)
                0x00000000c0059670                picOpen()
                0x00000000c00597f4                picEOI(int)
 .text          0x00000000c0059898      0xdd9 arch/i386/rtc.32
                0x00000000c0059898                RTC::open(int, int, void*)
                0x00000000c005989c                RTC::close(int, int, void*)
                0x00000000c00598a0                RTC::~RTC()
                0x00000000c00598a0                RTC::~RTC()
                0x00000000c0059970                RTC::~RTC()
                0x00000000c005999a                RTC::timeInSecondsUTC()
                0x00000000c00599ea                RTC::timeInDatetimeUTC()
                0x00000000c0059a80                RTC::setTimeInSecondsUTC(unsigned long long)
                0x00000000c0059b2e                RTC::get_update_in_progress_flag()
                0x00000000c0059b66                RTC::completeRTCRefresh()
                0x00000000c005a034                RTC::setTimeInDatetimeUTC(datetime_t)
                0x00000000c005a310                rtcIRQHandler(regs*, void*)
                0x00000000c005a3ee                RTC::RTC()
                0x00000000c005a3ee                RTC::RTC()
 *fill*         0x00000000c005a671        0x3 
 .text          0x00000000c005a674      0x590 arch/i386/vga.32
                0x00000000c005a674                HalConsoleScroll(int, int)
                0x00000000c005aa20                HalConsoleWriteCharacter(char, int, int, int, int)
                0x00000000c005ab7c                HalConsoleCursorUpdate(int, int)
 .text          0x00000000c005ac04     0x30f7 fs/fat/vfslink.32
                0x00000000c005ac04                FAT::getName()
                0x00000000c005ac0c                FAT::tell(void*, unsigned long long*)
                0x00000000c005acd0                FAT::stat(void*, unsigned long long*)
                0x00000000c005ad94                FAT::~FAT()
                0x00000000c005ad94                FAT::~FAT()
                0x00000000c005ae78                FAT::~FAT()
                0x00000000c005aea0                FAT::getlabel(LogicalDisk*, int, char*, unsigned int*)
                0x00000000c005b224                FAT::setlabel(LogicalDisk*, int, char*)
                0x00000000c005b5c4                FAT::format(LogicalDisk*, int, char const*, int)
                0x00000000c005ba8c                FAT::tryMount(LogicalDisk*, int)
                0x00000000c005bf74                FAT::allocateSwapfile(char const*, int)
                0x00000000c005c494                FAT::readDir(void*, unsigned long, void*, int*)
                0x00000000c005c634                FAT::read(void*, unsigned long, void*, int*)
                0x00000000c005c6c4                FAT::write(void*, unsigned long, void*, int*)
                0x00000000c005c754                FAT::close(void*)
                0x00000000c005c7a8                FAT::closeDir(void*)
                0x00000000c005c7fc                FAT::seek(void*, unsigned long long)
                0x00000000c005c854                fatWrapperReadDisk
                0x00000000c005c95c                fatWrapperWriteDisk
                0x00000000c005ca64                fatWrapperIoctl
                0x00000000c005cfe4                FAT::FAT()
                0x00000000c005cfe4                FAT::FAT()
                0x00000000c005d1ac                FAT::fixFilepath(char*)
                0x00000000c005d340                FAT::open(char const*, void**, FileOpenMode)
                0x00000000c005d53c                FAT::openDir(char const*, void**)
                0x00000000c005d678                FAT::stat(char const*, unsigned long long*, bool*)
                0x00000000c005d7f4                FAT::unlink(char const*)
                0x00000000c005d8a4                FAT::chfatattr(char const*, unsigned char, unsigned char)
                0x00000000c005da84                FAT::rename(char const*, char const*)
                0x00000000c005dbac                FAT::mkdir(char const*)
                0x00000000c005dc5c                FAT::exists(char const*)
 *fill*         0x00000000c005dcfb        0x1 
 .text          0x00000000c005dcfc      0x198 fs/iso9660/helper.32
                0x00000000c005dcfc                isoReadDiscSectorHelper
                0x00000000c005de5c                iso_kprintf
                0x00000000c005de78                iso_kprintfd
 .text          0x00000000c005de94     0x14a6 fs/iso9660/vfslink.32
                0x00000000c005de94                ISO9660::format(LogicalDisk*, int, char const*, int)
                0x00000000c005de9a                ISO9660::getName()
                0x00000000c005dea0                ISO9660::chfatattr(char const*, unsigned char, unsigned char)
                0x00000000c005dea6                ISO9660::unlink(char const*)
                0x00000000c005deac                ISO9660::write(void*, unsigned long, void*, int*)
                0x00000000c005deb2                ISO9660::rename(char const*, char const*)
                0x00000000c005deb8                ISO9660::mkdir(char const*)
                0x00000000c005debe                ISO9660::~ISO9660()
                0x00000000c005debe                ISO9660::~ISO9660()
                0x00000000c005df8e                ISO9660::~ISO9660()
                0x00000000c005dfb6                ISO9660::exists(char const*)
                0x00000000c005dfca                ISO9660::seek(void*, unsigned long long)
                0x00000000c005e00c                ISO9660::close(void*)
                0x00000000c005e03c                ISO9660::closeDir(void*)
                0x00000000c005e0c8                ISO9660::read(void*, unsigned long, void*, int*)
                0x00000000c005e12a                ISO9660::tell(void*, unsigned long long*)
                0x00000000c005e192                ISO9660::stat(void*, unsigned long long*)
                0x00000000c005e1fe                ISO9660::readDir(void*, unsigned long, void*, int*)
                0x00000000c005e452                ISO9660::open(char const*, void**, FileOpenMode)
                0x00000000c005e81a                ISO9660::stat(char const*, unsigned long long*, bool*)
                0x00000000c005ec5a                ISO9660::openDir(char const*, void**)
                0x00000000c005f0be                readSectorFromCDROM(unsigned int, unsigned char*, char)
                0x00000000c005f1de                ISO9660::tryMount(LogicalDisk*, int)
                0x00000000c005f266                ISO9660::ISO9660()
                0x00000000c005f266                ISO9660::ISO9660()
 .text          0x00000000c005f33a      0xb96 hal/sound/sndcard.32
                0x00000000c005f33a                SoundCard::beginPlayback()
                0x00000000c005f348                SoundCard::stopPlayback()
                0x00000000c005f356                SoundCard::SoundCard(char const*)
                0x00000000c005f356                SoundCard::SoundCard(char const*)
                0x00000000c005f6de                SoundCard::~SoundCard()
                0x00000000c005f6de                SoundCard::~SoundCard()
                0x00000000c005f7ae                SoundCard::~SoundCard()
                0x00000000c005f7d8                SoundCard::configureRates(int, int, int)
                0x00000000c005f8d6                SoundCard::getSamples16(int, short*)
                0x00000000c005fa7e                SoundCard::getSamples32(int, int*)
                0x00000000c005fd96                SoundCard::addChannel(SoundPort*)
                0x00000000c005fe60                SoundCard::removeChannel(int)
 .text          0x00000000c005fed0     0x1c81 hal/sound/sndport.32
                0x00000000c005fed0                SoundPort::SoundPort(int, int, int, int)
                0x00000000c005fed0                SoundPort::SoundPort(int, int, int, int)
                0x00000000c006026c                SoundPort::~SoundPort()
                0x00000000c006026c                SoundPort::~SoundPort()
                0x00000000c00603b4                SoundPort::unpause()
                0x00000000c0060404                SoundPort::pause()
                0x00000000c0060454                SoundPort::getBufferUsed()
                0x00000000c00604a0                SoundPort::getBufferSize()
                0x00000000c00604ec                SoundPort::buffer16(short*, int)
                0x00000000c0060a5c                SoundPort::buffer32(int*, int)
                0x00000000c0060fbc                SoundPort::unbufferAndAdd16(int, short*, SoundCard*)
                0x00000000c0061514                SoundPort::unbufferAndAdd32(int, int*, SoundCard*)
 .text          0x00000000c0061b51        0x0 hw/bus/isa.32
 *fill*         0x00000000c0061b51        0x1 
 .text          0x00000000c0061b52     0x243f hw/bus/pci.32
                0x00000000c0061b52                PCI::close(int, int, void*)
                0x00000000c0061b56                PCI::open(int, int, void*)
                0x00000000c0061c16                PCI::PCI()
                0x00000000c0061c16                PCI::PCI()
                0x00000000c0061fe8                PCI::readBAR8(unsigned int, int)
                0x00000000c0062022                PCI::readBAR16(unsigned int, int)
                0x00000000c0062062                PCI::readBAR32(unsigned int, int)
                0x00000000c00620a0                PCI::writeBAR8(unsigned int, unsigned char, int)
                0x00000000c00620e4                PCI::writeBAR16(unsigned int, unsigned short, int)
                0x00000000c0062126                PCI::writeBAR32(unsigned int, unsigned int, int)
                0x00000000c006216a                PCI::legacyMechanism(unsigned char, unsigned char, unsigned char, unsigned char)
                0x00000000c00621e0                PCI::pciReadWord(unsigned char, unsigned char, unsigned char, unsigned char)
                0x00000000c0062318                PCI::getVendorID(unsigned char, unsigned char, unsigned char)
                0x00000000c006236e                PCI::getHeaderType(unsigned char, unsigned char, unsigned char)
                0x00000000c00623c6                PCI::getClassCode(unsigned char, unsigned char, unsigned char)
                0x00000000c006245a                PCI::getProgIF(unsigned char, unsigned char, unsigned char)
                0x00000000c00624b2                PCI::getRevisionID(unsigned char, unsigned char, unsigned char)
                0x00000000c0062508                PCI::getInterruptNumber(unsigned char, unsigned char, unsigned char)
                0x00000000c006255e                PCI::getSecondaryBus(unsigned char, unsigned char, unsigned char)
                0x00000000c00625b6                PCI::getBARAddress(unsigned char, unsigned char, unsigned char, unsigned char)
                0x00000000c0062668                PCI::pciWriteWord(unsigned char, unsigned char, unsigned char, unsigned char, unsigned short)
                0x00000000c00627d4                PCI::pciDetailsToFilepath(PCIDeviceInfo, char*)
                0x00000000c006327a                PCI::checkBus(unsigned char)
                0x00000000c00632ba                PCI::foundDevice(PCIDeviceInfo)
                0x00000000c0063858                PCI::getDeviceData(unsigned char, unsigned char, unsigned char)
                0x00000000c0063dd6                PCI::checkDevice(unsigned char, unsigned char)
                0x00000000c0063ed0                PCI::detect()
 *fill*         0x00000000c0063f91        0x1 
 .text          0x00000000c0063f92     0x33da hw/diskctrl/ide.32
                0x00000000c0063f92                IDE::close(int, int, void*)
                0x00000000c0063f96                IDE::IDE()
                0x00000000c0063f96                IDE::IDE()
                0x00000000c00640be                IDE::prepareInterrupt(unsigned char)
                0x00000000c006411f                selectDrive(unsigned char, unsigned char)
                0x00000000c0064120                IDE::getBase(unsigned char)
                0x00000000c0064182                IDE::write(unsigned char, unsigned char, unsigned char)
                0x00000000c0064458                IDE::read(unsigned char, unsigned char)
                0x00000000c0064720                IDE::waitInterrupt(unsigned char)
                0x00000000c0064845                ideChannel0IRQHandler(regs*, void*)
                0x00000000c00648b4                ideChannel1IRQHandler(regs*, void*)
                0x00000000c0064924                IDE::enableIRQs(unsigned char, bool)
                0x00000000c0064a3a                IDE::open(int, int, void*)
                0x00000000c00660d0                IDE::readBuffer(unsigned char, unsigned char, unsigned int, unsigned int)
                0x00000000c00663c2                IDE::detect()
                0x00000000c00671b6                IDE::printError(unsigned char, unsigned char, unsigned char)
                0x00000000c00672e6                IDE::polling(unsigned char, unsigned int)
 .text          0x00000000c006736c      0xf7b hw/diskctrl/satabus.32
                0x00000000c006736c                SATABus::close(int, int, void*)
                0x00000000c0067370                SATABus::detect()
                0x00000000c0067372                SATABus::SATABus()
                0x00000000c0067372                SATABus::SATABus()
                0x00000000c00675e8                SATABus::findCmdslot(SATABus::tagHBA_PORT volatile*)
                0x00000000c00676dc                SATABus::checkType(SATABus::tagHBA_PORT volatile*)
                0x00000000c0067776                SATABus::startCmd(SATABus::tagHBA_PORT volatile*)
                0x00000000c0067802                SATABus::stopCmd(SATABus::tagHBA_PORT volatile*)
                0x00000000c00678b0                SATABus::portRebase(SATABus::tagHBA_PORT volatile*, int)
                0x00000000c0067ee8                SATABus::probePort(SATABus::tagHBA_MEM volatile*)
                0x00000000c006823c                SATABus::open(int, int, void*)
 *fill*         0x00000000c00682e7        0x1 
 .text          0x00000000c00682e8     0x195e hw/diskphys/ata.32
                0x00000000c00682e8                ATA::powerSaving(PowerSavingLevel)
                0x00000000c00682ea                ATA::close(int, int, void*)
                0x00000000c006838e                ATA::ATA()
                0x00000000c006838e                ATA::ATA()
                0x00000000c0068468                ATA::flush(bool)
                0x00000000c0068596                ATA::readyForCommand()
                0x00000000c006868e                ATA::access(unsigned long long, int, void*, bool)
                0x00000000c0069238                ATA::detectCHS()
                0x00000000c0069332                ATA::open(int, int, void*)
                0x00000000c0069839                combineCharAndColour(char, unsigned char)
                0x00000000c006984a                combineColours(unsigned char, unsigned char)
                0x00000000c0069858                ATA::read(unsigned long long, int, void*)
                0x00000000c0069a4e                ATA::write(unsigned long long, int, void*)
 .text          0x00000000c0069c46     0x1731 hw/diskphys/atapi.32
                0x00000000c0069c46                ATAPI::write(unsigned long long, int, void*)
                0x00000000c0069c4c                ATAPI::close(int, int, void*)
                0x00000000c0069cf0                ATAPI::ATAPI()
                0x00000000c0069cf0                ATAPI::ATAPI()
                0x00000000c0069dca                ATAPI::readyForCommand()
                0x00000000c0069ec8                ATAPI::sendPacket(unsigned char*, int, bool, unsigned short*, int)
                0x00000000c006a9a4                ATAPI::diskRemoved()
                0x00000000c006aada                ATAPI::eject()
                0x00000000c006ab56                ATAPI::diskInserted()
                0x00000000c006aba2                ATAPI::detectMedia()
                0x00000000c006ad98                ATAPI::open(int, int, void*)
                0x00000000c006b23a                ATAPI::read(unsigned long long, int, void*)
 *fill*         0x00000000c006b377        0x1 
 .text          0x00000000c006b378     0x131b hw/diskphys/sata.32
                0x00000000c006b378                SATA::powerSaving(PowerSavingLevel)
                0x00000000c006b37a                SATA::close(int, int, void*)
                0x00000000c006b41e                SATA::open(int, int, void*)
                0x00000000c006b678                SATA::SATA()
                0x00000000c006b678                SATA::SATA()
                0x00000000c006b752                SATA::access(unsigned long long, int, void*, bool)
                0x00000000c006c162                SATA::read(unsigned long long, int, void*)
                0x00000000c006c3de                SATA::write(unsigned long long, int, void*)
 *fill*         0x00000000c006c693        0x1 
 .text          0x00000000c006c694     0x16c5 hw/diskphys/satapi.32
                0x00000000c006c694                SATAPI::write(unsigned long long, int, void*)
                0x00000000c006c69a                SATAPI::close(int, int, void*)
                0x00000000c006c73e                SATAPI::SATAPI()
                0x00000000c006c73e                SATAPI::SATAPI()
                0x00000000c006c818                SATAPI::diskRemoved()
                0x00000000c006c81a                SATAPI::diskInserted()
                0x00000000c006c872                SATAPI::sendPacket(unsigned char*, int, unsigned long long, unsigned short*, int)
                0x00000000c006d40e                SATAPI::eject()
                0x00000000c006d4c6                SATAPI::detectMedia()
                0x00000000c006d766                SATAPI::open(int, int, void*)
                0x00000000c006dace                SATAPI::read(unsigned long long, int, void*)
 *fill*         0x00000000c006dd59        0x1 
 .text          0x00000000c006dd5a     0x128b hw/intctrl/apic.32
                0x00000000c006dd5a                IOAPIC::close(int, int, void*)
                0x00000000c006dd60                apicGetBase()
                0x00000000c006de0e                IOAPIC::IOAPIC()
                0x00000000c006de0e                IOAPIC::IOAPIC()
                0x00000000c006dee2                apicOpen()
                0x00000000c006e4da                IOAPIC::handlesGSIWithNumber(unsigned int)
                0x00000000c006e5ec                IOAPIC::read(int)
                0x00000000c006e6c0                IOAPIC::open(int, int, void*)
                0x00000000c006ecec                IOAPIC::write(int, int)
                0x00000000c006edc8                IOAPIC::redirect(unsigned char, unsigned long long, unsigned char, bool, bool)
 *fill*         0x00000000c006efe5        0x3 
 .text          0x00000000c006efe8      0x45c hw/timer/apictimer.32
                0x00000000c006efe8                APICTimer::close(int, int, void*)
                0x00000000c006eff0                apicTimerHandler(regs*, void*)
                0x00000000c006f05c                APICTimer::open(int, int, void*)
                0x00000000c006f2e4                APICTimer::write(int)
                0x00000000c006f35c                APICTimer::APICTimer()
                0x00000000c006f35c                APICTimer::APICTimer()
 .text          0x00000000c006f444      0x741 hw/timer/pit.32
                0x00000000c006f444                PIT::write(int)
                0x00000000c006f540                pitHandler(regs*, void*)
                0x00000000c006f590                PIT::open(int, int, void*)
                0x00000000c006f708                PIT::close(int, int, void*)
                0x00000000c006f7d4                PIT::PIT()
                0x00000000c006f7d4                PIT::PIT()
 *fill*         0x00000000c006fb85        0xb 
 .text          0x00000000c006fb90       0x83 arch/i386/avx.32
                0x00000000c006fb90                avxDetect
                0x00000000c006fbba                avxSave
                0x00000000c006fbcb                avxLoad
                0x00000000c006fbdc                avxInit
                0x00000000c006fbfe                avxClose
                0x00000000c006fbff                wouldSheSayYes
 *fill*         0x00000000c006fc13        0xd 
 .text          0x00000000c006fc20      0x2ec arch/i386/interrupt.32
                0x00000000c006fc20                isr0
                0x00000000c006fc30                isr1
                0x00000000c006fc3a                isr2
                0x00000000c006fc44                isr3
                0x00000000c006fc4e                isr4
                0x00000000c006fc58                isr5
                0x00000000c006fc62                isr6
                0x00000000c006fc6c                isr7
                0x00000000c006fc76                isr8
                0x00000000c006fc7e                isr9
                0x00000000c006fc88                isr10
                0x00000000c006fc90                isr11
                0x00000000c006fc98                isr12
                0x00000000c006fca0                isr13
                0x00000000c006fcba                isr14
                0x00000000c006fcc2                isr15
                0x00000000c006fccc                isr16
                0x00000000c006fcd6                isr17
                0x00000000c006fce0                isr18
                0x00000000c006fcea                irq3
                0x00000000c006fcf4                irq4
                0x00000000c006fcfe                irq5
                0x00000000c006fd08                irq6
                0x00000000c006fd12                irq7
                0x00000000c006fd1c                irq8
                0x00000000c006fd26                irq9
                0x00000000c006fd30                irq10
                0x00000000c006fd3a                irq11
                0x00000000c006fd44                irq12
                0x00000000c006fd4e                irq13
                0x00000000c006fd58                irq14
                0x00000000c006fd62                irq15
                0x00000000c006fd6c                irq1
                0x00000000c006fd73                irq2
                0x00000000c006fd7a                isr96
                0x00000000c006fd81                irq0
                0x00000000c006fd86                int_common_stub
                0x00000000c006fdb8                syscall_common_stub
                0x00000000c006febc                irq16
                0x00000000c006fec6                irq17
                0x00000000c006fed0                irq18
                0x00000000c006feda                irq19
                0x00000000c006fee4                irq20
                0x00000000c006feee                irq21
                0x00000000c006fef8                irq22
                0x00000000c006ff02                irq23
 *fill*         0x00000000c006ff0c        0x4 
 .text          0x00000000c006ff10       0x10 arch/i386/rdrand.32
                0x00000000c006ff10                i386GetRDRAND
 .text          0x00000000c006ff20       0x39 arch/i386/sse.32
                0x00000000c006ff20                absolutelyNoChanceInHell
                0x00000000c006ff20                sseDetect
                0x00000000c006ff38                sseSave
                0x00000000c006ff40                sseLoad
                0x00000000c006ff48                sseInit
                0x00000000c006ff58                sseClose
 *fill*         0x00000000c006ff59        0x7 
 .text          0x00000000c006ff60       0x49 arch/i386/x87.32
                0x00000000c006ff66                x87Detect
                0x00000000c006ff81                x87Save
                0x00000000c006ff88                x87Load
                0x00000000c006ff8f                x87Init
                0x00000000c006ffa8                x87Close
 *fill*         0x00000000c006ffa9        0x3 
 .text          0x00000000c006ffac       0x25 /cygdrive/d/Users/Alex/Desktop/Toolchain/Output/bin/../lib/gcc/i386-banana/8.1.0/crtend.o
 .text          0x00000000c006ffd1        0x0 crtn.32
 *fill*         0x00000000c006ffd1        0x3 