Archive member included to satisfy reference by file (symbol)

/cygdrive/d/Users/Alex/Desktop/Toolchain/Output/bin/../lib/gcc/i386-banana/8.1.0/libkgcc.a(_divdi3.o)
                              fs/fat/ff.32 (__divdi3)
/cygdrive/d/Users/Alex/Desktop/Toolchain/Output/bin/../lib/gcc/i386-banana/8.1.0/libkgcc.a(_moddi3.o)
                              compat/resolve.32 (__moddi3)
/cygdrive/d/Users/Alex/Desktop/Toolchain/Output/bin/../lib/gcc/i386-banana/8.1.0/libkgcc.a(_udivdi3.o)
                              fs/fat/ff.32 (__udivdi3)
/cygdrive/d/Users/Alex/Desktop/Toolchain/Output/bin/../lib/gcc/i386-banana/8.1.0/libkgcc.a(_umoddi3.o)
                              compat/resolve.32 (__umoddi3)
D:/Users/Alex/Desktop/Banana/kernel/libsoftfp.a(sfieeelib.o)
                              hal/libresample/src_linear.32 (__subsf3)
D:/Users/Alex/Desktop/Banana/kernel/libsoftfp.a(dfieeelib.o)
                              hal/libresample/src_linear.32 (__adddf3)
D:/Users/Alex/Desktop/Banana/kernel/libsoftfp.a(sfdfcvt.o)
                              hal/libresample/samplerate.32 (__truncdfsf2)
D:/Users/Alex/Desktop/Banana/kernel/libk/libm32.a(s_fabs.c.o)
                              hal/libresample/samplerate.32 (fabs)
D:/Users/Alex/Desktop/Banana/kernel/libk/libm32.a(s_lrint.S.o)
                              hal/libresample/samplerate.32 (lrint)
D:/Users/Alex/Desktop/Banana/kernel/libk/libm32.a(s_lrintf.S.o)
                              hal/sound/sndhw.32 (lrintf)

Discarded input sections

 .comment       0x0000000000000000       0x12 /cygdrive/d/Users/Alex/Desktop/Toolchain/Output/bin/../lib/gcc/i386-banana/8.1.0/crtbegin.o
 .comment       0x0000000000000000       0x12 acpica/utclib.32
 .comment       0x0000000000000000       0x12 core/malloc.32
 .comment       0x0000000000000000       0x12 libk/string.32
 .comment       0x0000000000000000       0x12 fs/fat/diskio.32
 .comment       0x0000000000000000       0x12 fs/fat/ff.32
 .comment       0x0000000000000000       0x12 fs/fat/ffsystem.32
 .comment       0x0000000000000000       0x12 fs/fat/ffunicode.32
 .comment       0x0000000000000000       0x12 hal/libresample/samplerate.32
 .comment       0x0000000000000000       0x12 hal/libresample/src_linear.32
 .comment       0x0000000000000000       0x12 hal/libresample/src_sinc.32
 .comment       0x0000000000000000       0x12 hal/libresample/src_zoh.32
 .comment       0x0000000000000000       0x12 compat/inlines.32
 .comment       0x0000000000000000       0x12 compat/resolve.32
 .group         0x0000000000000000       0x14 core/computer.32
 .group         0x0000000000000000        0xc core/computer.32
 .comment       0x0000000000000000       0x12 core/computer.32
 .comment       0x0000000000000000       0x12 core/gdt.32
 .group         0x0000000000000000        0xc core/idle.32
 .comment       0x0000000000000000       0x12 core/idle.32
 .comment       0x0000000000000000       0x12 core/idt.32
 .comment       0x0000000000000000       0x12 core/kheap.32
 .comment       0x0000000000000000       0x12 core/main.32
 .comment       0x0000000000000000       0x12 core/physmgr.32
 .group         0x0000000000000000        0xc core/pipe.32
 .comment       0x0000000000000000       0x12 core/pipe.32
 .group         0x0000000000000000        0xc core/terminal.32
 .comment       0x0000000000000000       0x12 core/terminal.32
 .comment       0x0000000000000000       0x12 core/tss.32
 .group         0x0000000000000000        0x8 core/unixfile.32
 .group         0x0000000000000000        0x8 core/unixfile.32
 .group         0x0000000000000000        0xc core/unixfile.32
 .group         0x0000000000000000        0x8 core/unixfile.32
 .group         0x0000000000000000        0xc core/unixfile.32
 .group         0x0000000000000000        0x8 core/unixfile.32
 .group         0x0000000000000000        0xc core/unixfile.32
 .group         0x0000000000000000        0xc core/unixfile.32
 .comment       0x0000000000000000       0x12 core/unixfile.32
 .comment       0x0000000000000000       0x12 core/virtmgr.32
 .comment       0x0000000000000000       0x12 coreobjs/c++.32
 .comment       0x0000000000000000       0x12 dbg/kconsole.32
 .group         0x0000000000000000        0xc fs/vfs.32
 .group         0x0000000000000000        0xc fs/vfs.32
 .group         0x0000000000000000        0xc fs/vfs.32
 .comment       0x0000000000000000       0x12 fs/vfs.32
 .group         0x0000000000000000        0xc hal/bus.32
 .comment       0x0000000000000000       0x12 hal/bus.32
 .group         0x0000000000000000        0xc hal/buzzer.32
 .comment       0x0000000000000000       0x12 hal/buzzer.32
 .group         0x0000000000000000        0xc hal/clock.32
 .comment       0x0000000000000000       0x12 hal/clock.32
 .group         0x0000000000000000       0x14 hal/device.32
 .group         0x0000000000000000        0xc hal/device.32
 .group         0x0000000000000000        0x8 hal/device.32
 .group         0x0000000000000000        0xc hal/device.32
[...]
Memory Configuration

Name             Origin             Length             Attributes
*default*        0x0000000000000000 0xffffffffffffffff

Linker script and memory map

LOAD D:/Users/Alex/Desktop/Banana/kernel/boot.32
LOAD crti.32
LOAD /cygdrive/d/Users/Alex/Desktop/Toolchain/Output/bin/../lib/gcc/i386-banana/8.1.0/crtbegin.o
LOAD D:/Users/Alex/Desktop/Banana/kernel/morenasm.32
LOAD acpica/utclib.32
LOAD core/malloc.32
LOAD libk/string.32
LOAD fs/fat/diskio.32
LOAD fs/fat/ff.32
LOAD fs/fat/ffsystem.32
LOAD fs/fat/ffunicode.32
LOAD hal/libresample/samplerate.32
LOAD hal/libresample/src_linear.32
LOAD hal/libresample/src_sinc.32
LOAD hal/libresample/src_zoh.32
LOAD compat/inlines.32
LOAD compat/resolve.32
LOAD core/computer.32
LOAD core/gdt.32
LOAD core/idle.32
LOAD core/idt.32
LOAD core/kheap.32
LOAD core/main.32
LOAD core/physmgr.32
LOAD core/pipe.32
LOAD core/terminal.32
LOAD core/tss.32
LOAD core/unixfile.32
LOAD core/virtmgr.32
LOAD coreobjs/c++.32
LOAD dbg/kconsole.32
LOAD fs/vfs.32
LOAD hal/bus.32
LOAD hal/buzzer.32
LOAD hal/clock.32
LOAD hal/device.32
LOAD hal/diskctrl.32
LOAD hal/diskphys.32
LOAD hal/fpu.32
LOAD hal/intctrl.32
LOAD hal/keybrd.32
LOAD hal/logidisk.32
LOAD hal/mouse.32
LOAD hal/partition.32
LOAD hal/serial.32
LOAD hal/timer.32
LOAD hal/vcache.32
LOAD hal/video.32
LOAD hw/acpi.32
LOAD hw/cpu.32
LOAD hw/ports.32
LOAD hw/smp.32
LOAD krnl/env.32
LOAD krnl/panic.32
LOAD net/ethernet.32
LOAD reg/registry.32
LOAD sys/sc_eject.32
LOAD sys/sc_exit.32
LOAD sys/sc_getcwd.32
LOAD sys/sc_getpid.32
LOAD sys/sc_getramdata.32
LOAD sys/sc_getvgaptr.32
LOAD sys/sc_loaddll.32
LOAD sys/sc_read.32
LOAD sys/sc_sbrk.32
LOAD sys/sc_setcwd.32
LOAD sys/sc_settime.32
LOAD sys/sc_timezone.32
LOAD sys/sc_write.32
LOAD sys/sc_wsbe.32
LOAD sys/sc_yield.32
LOAD sys/syscalls.32
LOAD thr/elf.32
LOAD thr/prcssthr.32
LOAD vm86/vm8086.32
LOAD vm86/x87em.32
LOAD fs/fat/vfslink.32
LOAD fs/iso9660/vfslink.32
LOAD hal/sound/sndchannel.32
LOAD hal/sound/sndhw.32
LOAD hw/bus/isa.32
LOAD hw/bus/pci.32
LOAD hw/diskctrl/ide.32
LOAD hw/diskctrl/satabus.32
LOAD hw/diskphys/ata.32
LOAD hw/diskphys/atapi.32
LOAD hw/diskphys/sata.32
LOAD hw/diskphys/satapi.32
LOAD hw/fpu/avx.32
LOAD hw/fpu/mmx.32
LOAD hw/fpu/sse.32
LOAD hw/fpu/x87.32
LOAD hw/intctrl/apic.32
LOAD hw/intctrl/pic.32
LOAD hw/timer/apictimer.32
LOAD hw/timer/pit.32
LOAD hw/fpu/x86/avx.32
LOAD hw/fpu/x86/sse.32
LOAD hw/fpu/x86/x87.32
LOAD /cygdrive/d/Users/Alex/Desktop/Toolchain/Output/bin/../lib/gcc/i386-banana/8.1.0/crtend.o
LOAD crtn.32
LOAD /cygdrive/d/Users/Alex/Desktop/Toolchain/Output/bin/../lib/gcc/i386-banana/8.1.0/libkgcc.a
LOAD D:/Users/Alex/Desktop/Banana/kernel/libsoftfp.a
LOAD D:/Users/Alex/Desktop/Banana/kernel/libk/libm32.a
                0x00000000c0000000                . = 0xc0000000

.text           0x00000000c0000000    0x28988
 *(.text)
 .text          0x00000000c0000000       0x41 D:/Users/Alex/Desktop/Banana/kernel/boot.32
                0x00000000c0000020                callGlobalConstructors
 .text          0x00000000c0000041        0x0 crti.32
 *fill*         0x00000000c0000041        0x3 
 .text          0x00000000c0000044      0x101 /cygdrive/d/Users/Alex/Desktop/Toolchain/Output/bin/../lib/gcc/i386-banana/8.1.0/crtbegin.o
 *fill*         0x00000000c0000145        0xb 
 .text          0x00000000c0000150      0x4fb D:/Users/Alex/Desktop/Banana/kernel/morenasm.32
                0x00000000c0000150                manualPCIProbe
                0x00000000c000019b                prepareTramp
                0x00000000c00001b4                voodooXADD
                0x00000000c000027f                doTPAUSE
                0x00000000c0000289                hasLegacyFPU
                0x00000000c00002ae                is486
                0x00000000c00002e4                detectCPUID
                0x00000000c00002fa                goToVM86
                0x00000000c000032a                goToUsermode
                0x00000000c0000354                switchToThreadASMFirstTime
                0x00000000c0000362                switchToThreadASM
                0x00000000c00003f2                asmQuickAcquireLock
                0x00000000c0000410                asmQuickReleaseLock
                0x00000000c000041c                asmAcquireLock
                0x00000000c000043d                asmReleaseLock
                0x00000000c0000450                loadGDT
                0x00000000c0000470                isr0
                0x00000000c0000480                isr1
                0x00000000c000048a                isr2
                0x00000000c0000494                isr3
                0x00000000c000049e                isr4
                0x00000000c00004a8                isr5
                0x00000000c00004b2                isr6
                0x00000000c00004bc                isr7
                0x00000000c00004c6                isr8
                0x00000000c00004ce                isr9
                0x00000000c00004d8                isr10
                0x00000000c00004e0                isr11
                0x00000000c00004e8                isr12
                0x00000000c00004f0                isr13
                0x00000000c00004f8                isr14
                0x00000000c0000500                isr15
                0x00000000c000050a                isr16
                0x00000000c0000514                isr17
                0x00000000c000051e                isr18
                0x00000000c0000528                irq3
                0x00000000c0000532                irq4
                0x00000000c000053c                irq5
                0x00000000c0000546                irq6
                0x00000000c0000550                irq7
                0x00000000c000055a                irq8
                0x00000000c0000564                irq9
                0x00000000c000056e                irq10
                0x00000000c0000578                irq11
                0x00000000c0000582                irq12
                0x00000000c000058c                irq13
                0x00000000c0000596                irq14
                0x00000000c00005a0                irq15
                0x00000000c00005aa                irq1
                0x00000000c00005b1                irq2
                0x00000000c00005b8                isr96
                0x00000000c00005bf                irq0
                0x00000000c00005c4                syscall_common_stub
                0x00000000c00005c4                int_common_stub
                0x00000000c00005f6                irq16
                0x00000000c0000600                irq17
                0x00000000c000060a                irq18
                0x00000000c0000614                irq19
                0x00000000c000061e                irq20
                0x00000000c0000628                irq21
                0x00000000c0000632                irq22
                0x00000000c000063c                irq23
                0x00000000c0000646                memcpy
 *fill*         0x00000000c000064b        0x1 
 .text          0x00000000c000064c      0x5dd acpica/utclib.32
                0x00000000c000064c                memcmp
                0x00000000c0000688                memmove
                0x00000000c0000750                memset
                0x00000000c000076c                strlen
                0x00000000c0000784                strpbrk
                0x00000000c00007c0                strtok
                0x00000000c000080c                strcpy
                0x00000000c0000830                strncpy
                0x00000000c0000898                strcmp
                0x00000000c00008d8                strchr
                0x00000000c00008fc                strncmp
                0x00000000c000094c                strcat
                0x00000000c000097c                strncat
                0x00000000c00009b8                strstr
                0x00000000c0000a00                toupper
                0x00000000c0000a14                tolower
                0x00000000c0000a28                simple_strtoul
 .text          0x00000000c0000c29      0xfad core/malloc.32
                0x00000000c0000d94                dlfree
                0x00000000c00010ef                dlmalloc
                0x00000000c000162c                dlrealloc
                0x00000000c00017cf                dlmemalign
                0x00000000c00018f2                dlcalloc
                0x00000000c000198c                dlcfree
                0x00000000c0001991                dlindependent_calloc
                0x00000000c00019b6                dlindependent_comalloc
                0x00000000c00019cd                dlvalloc
                0x00000000c00019f8                dlpvalloc
                0x00000000c0001a2e                dlmalloc_trim
                0x00000000c0001a3b                dlmalloc_usable_size
                0x00000000c0001a6c                dlmallinfo
                0x00000000c0001b3b                dlmalloc_stats
                0x00000000c0001b4c                dlmallopt
 .text          0x00000000c0001bd6        0x0 libk/string.32
 .text          0x00000000c0001bd6       0x51 fs/fat/diskio.32
                0x00000000c0001bd6                disk_status
                0x00000000c0001bd9                disk_initialize
                0x00000000c0001bdc                disk_read
                0x00000000c0001bf2                disk_write
                0x00000000c0001c08                disk_ioctl
 .text          0x00000000c0001c27     0x6a69 fs/fat/ff.32
                0x00000000c0004ef5                f_mount
                0x00000000c0004f57                f_open
                0x00000000c0005393                f_read
                0x00000000c0005613                f_write
                0x00000000c00058cd                f_sync
                0x00000000c0005aa9                f_close
                0x00000000c0005ad8                f_lseek
                0x00000000c0005f8f                f_opendir
                0x00000000c0006091                f_closedir
                0x00000000c00060b3                f_readdir
                0x00000000c000614e                f_stat
                0x00000000c00061dd                f_getfree
                0x00000000c00063a8                f_truncate
                0x00000000c00064a0                f_unlink
                0x00000000c0006623                f_mkdir
                0x00000000c000684f                f_rename
                0x00000000c0006b42                f_chmod
                0x00000000c0006c20                f_utime
                0x00000000c0006cfe                f_getlabel
                0x00000000c0006eec                f_setlabel
                0x00000000c0007159                f_expand
                0x00000000c000738f                f_forward
                0x00000000c000756d                f_mkfs
 .text          0x00000000c0008690       0x2d fs/fat/ffsystem.32
                0x00000000c0008690                ff_memalloc
                0x00000000c00086a6                ff_memfree
 .text          0x00000000c00086bd      0x253 fs/fat/ffunicode.32
                0x00000000c00086bd                ff_uni2oem
                0x00000000c000874d                ff_oem2uni
                0x00000000c00087b9                ff_wtoupper
 .text          0x00000000c0008910      0x8fb hal/libresample/samplerate.32
                0x00000000c0008954                src_delete
                0x00000000c0008990                src_process
                0x00000000c0008b46                src_callback_read
                0x00000000c0008cc3                src_set_ratio
                0x00000000c0008d2d                src_get_channels
                0x00000000c0008d4f                src_reset
                0x00000000c0008d9b                src_new
                0x00000000c0008e29                src_callback_new
                0x00000000c0008e8b                src_get_name
                0x00000000c0008ec2                src_get_description
                0x00000000c0008ef9                src_get_version
                0x00000000c0008eff                src_is_valid_ratio
                0x00000000c0008f53                src_error
                0x00000000c0008f61                src_strerror
                0x00000000c0008f74                src_simple
                0x00000000c0008fc7                src_short_to_float_array
                0x00000000c000902c                src_float_to_short_array
                0x00000000c00090eb                src_int_to_float_array
                0x00000000c000914e                src_float_to_int_array
 .text          0x00000000c000920b      0x8cb hal/libresample/src_linear.32
                0x00000000c0009a31                linear_get_name
                0x00000000c0009a40                linear_get_description
                0x00000000c0009a4f                linear_set_converter
 .text          0x00000000c0009ad6     0x447c hal/libresample/src_sinc.32
                0x00000000c000de69                sinc_get_name
                0x00000000c000de7c                sinc_get_description
                0x00000000c000de8f                sinc_set_converter
 .text          0x00000000c000df52      0x77c hal/libresample/src_zoh.32
                0x00000000c000e629                zoh_get_name
                0x00000000c000e638                zoh_get_description
                0x00000000c000e647                zoh_set_converter
 .text          0x00000000c000e6ce       0xa7 compat/inlines.32
                0x00000000c000e6ce                CPU::current()
                0x00000000c000e6da                operator new(unsigned long)
                0x00000000c000e6df                operator delete(void*)
                0x00000000c000e6e4                disableIRQs()
                0x00000000c000e6ec                enableIRQs()
                0x00000000c000e6fb                lockScheduler()
                0x00000000c000e703                unlockScheduler()
                0x00000000c000e712                lockStuff()
                0x00000000c000e720                unlockStuff()
                0x00000000c000e75a                Virt::getAKernelVAS()
                0x00000000c000e760                __not_memcpy
 .text          0x00000000c000e775      0x111 compat/resolve.32
                0x00000000c000e775                Krnl::resolveCompatibilitySymbol(char*)
 .text          0x00000000c000e886      0x7f7 core/computer.32
                0x00000000c000e886                Computer::close(int, int, void*)
                0x00000000c000e8ca                Krnl::firstTask()
                0x00000000c000ea18                Computer::Computer()
                0x00000000c000ea18                Computer::Computer()
                0x00000000c000eb74                Computer::setBootMessage(char const*)
                0x00000000c000eb76                Computer::detectFeatures()
                0x00000000c000ed80                Computer::displayFeatures()
                0x00000000c000ed82                Computer::rdmsr(unsigned int)
                0x00000000c000edae                Computer::wrmsr(unsigned int, unsigned long long)
                0x00000000c000ede6                Computer::nmiEnabled()
                0x00000000c000edf2                Computer::readCMOS(unsigned char)
                0x00000000c000ee0c                Computer::enableNMI(bool)
                0x00000000c000ee24                Computer::open(int, int, void*)
                0x00000000c000efc0                Computer::disableNMI()
                0x00000000c000efce                Computer::writeCMOS(unsigned char, unsigned char)
                0x00000000c000efec                Computer::handleNMI()
                0x00000000c000f052                Computer::setDiskActivityLight(int, bool)
 *fill*         0x00000000c000f07d        0x1 
 .text          0x00000000c000f07e      0x19d core/gdt.32
                0x00000000c000f07e                GDTEntry::setBase(unsigned int)
                0x00000000c000f09a                GDTEntry::setLimit(unsigned int)
                0x00000000c000f0b8                GDT::GDT()
                0x00000000c000f0b8                GDT::GDT()
                0x00000000c000f0ce                GDT::addEntry(GDTEntry)
                0x00000000c000f0f0                GDT::getNumberOfEntries()
                0x00000000c000f0f8                GDT::flush()
                0x00000000c000f11a                GDT::setup()
 .text          0x00000000c000f21b       0x6b core/idle.32
                0x00000000c000f21b                idleFunction(void*)
 .text          0x00000000c000f286      0x45e core/idt.32
                0x00000000c000f286                IDTEntry::IDTEntry(bool)
                0x00000000c000f286                IDTEntry::IDTEntry(bool)
                0x00000000c000f2f4                IDTEntry::setOffset(unsigned int)
                0x00000000c000f308                IDT::IDT()
                0x00000000c000f308                IDT::IDT()
                0x00000000c000f30a                IDT::getPointerToInvalidOpcodeEntryForF00F()
                0x00000000c000f312                IDT::addEntry(IDTEntry, int)
                0x00000000c000f32c                IDT::addEntry(int, void (*)(), bool)
                0x00000000c000f364                IDT::flush()
                0x00000000c000f37e                IDT::setup()
 .text          0x00000000c000f6e4      0x191 core/kheap.32
                0x00000000c000f6e4                sbrk
                0x00000000c000f787                mmap
                0x00000000c000f79d                munmap
                0x00000000c000f7b3                liballoc_lock()
                0x00000000c000f7c0                liballoc_unlock()
                0x00000000c000f7d4                liballoc_alloc(int)
                0x00000000c000f7ec                liballoc_free(void*, int)
                0x00000000c000f807                realloc
                0x00000000c000f81b                malloc
                0x00000000c000f82b                free
                0x00000000c000f83b                rfree
                0x00000000c000f84b                calloc
 .text          0x00000000c000f875      0x1b6 core/main.32
                0x00000000c000f875                Krnl::setBootMessage(char const*)
                0x00000000c000f8e1                kernel_main
 .text          0x00000000c000fa2b      0x5b5 core/physmgr.32
                0x00000000c000fa2b                Phys::allocateDMA(unsigned long)
                0x00000000c000faf9                Phys::freeDMA(unsigned long, unsigned long)
                0x00000000c000fb58                Phys::setPageState(unsigned long, bool)
                0x00000000c000fb8a                Phys::getPageState(unsigned long)
                0x00000000c000fba6                Phys::freePage(unsigned long)
                0x00000000c000fc17                Phys::allocatePage()
                0x00000000c000fd0f                Phys::allocateContiguousPages(int)
                0x00000000c000fd6b                Phys::allowSegmentToBeUsed(unsigned long, unsigned long)
                0x00000000c000fda3                Phys::physicalMemorySetup(unsigned int)
 .text          0x00000000c000ffe0      0x273 core/pipe.32
                0x00000000c000ffe0                Pipe::isAtty()
                0x00000000c000ffe4                Pipe::~Pipe()
                0x00000000c000ffe4                Pipe::~Pipe()
                0x00000000c0010008                Pipe::~Pipe()
                0x00000000c0010030                Pipe::read(unsigned long long, void*, int*)
                0x00000000c001012c                Pipe::write(unsigned long long, void*, int*)
                0x00000000c00101ec                Pipe::Pipe(int)
                0x00000000c00101ec                Pipe::Pipe(int)
 *fill*         0x00000000c0010253        0x1 
 .text          0x00000000c0010254      0xb93 core/terminal.32
                0x00000000c0010254                VgaText::isAtty()
                0x00000000c0010258                VgaText::~VgaText()
                0x00000000c0010258                VgaText::~VgaText()
                0x00000000c001027c                VgaText::~VgaText()
                0x00000000c00102a6                VgaText::read(unsigned long long, void*, int*)
                0x00000000c00102c6                setTerminalScrollLock(bool)
                0x00000000c00102c7                addToTerminalCycle(VgaText*)
                0x00000000c00102e8                installVgaTextImplementation()
                0x00000000c00102fd                scrollTerminalScrollLock(int)
                0x00000000c00102fe                VgaText::updateTitle()
                0x00000000c001033c                VgaText::load()
                0x00000000c001038a                VgaText::updateCursor()
                0x00000000c00103a0                VgaText::doANSI_SGR(int)
                0x00000000c0010414                VgaText::setDefaultBgColour(VgaColour)
                0x00000000c0010424                VgaText::setDefaultFgColour(VgaColour)
                0x00000000c0010434                VgaText::setDefaultColours(VgaColour, VgaColour)
                0x00000000c0010454                VgaText::setTitleTextColour(VgaColour)
                0x00000000c0010464                VgaText::setTitleColour(VgaColour)
                0x00000000c0010474                VgaText::setTitle(char*)
                0x00000000c001049a                VgaText::combineColours(unsigned char, unsigned char)
                0x00000000c00104ac                VgaText::scrollScreen()
                0x00000000c0010540                VgaText::combineCharAndColour(char, unsigned char)
                0x00000000c0010552                VgaText::writeCharacter(char, VgaColour, VgaColour, int, int)
                0x00000000c00105ae                VgaText::getCursorX()
                0x00000000c00105b6                VgaText::getCursorY()
                0x00000000c00105be                VgaText::setCursor(int, int)
                0x00000000c00105d5                setActiveTerminal(VgaText*)
                0x00000000c0010637                doTerminalCycle()
                0x00000000c0010652                VgaText::setCursorX(int)
                0x00000000c001066a                VgaText::setCursorY(int)
                0x00000000c0010682                VgaText::incrementCursor(bool)
                0x00000000c00106d6                VgaText::decrementCursor(bool)
                0x00000000c00106f8                VgaText::putchar(char, VgaColour, VgaColour)
                0x00000000c00107d0                VgaText::doUpdate()
                0x00000000c00107de                VgaText::puts(char const*, VgaColour, VgaColour)
                0x00000000c0010956                VgaText::clearScreen()
                0x00000000c00109b0                VgaText::putchar(char)
                0x00000000c0010a9c                VgaText::putx(unsigned int)
                0x00000000c0010ae2                VgaText::puts(char const*)
                0x00000000c0010b08                VgaText::VgaText(char const*)
                0x00000000c0010b08                VgaText::VgaText(char const*)
                0x00000000c0010c86                VgaText::receiveKey(unsigned char)
                0x00000000c0010d6e                VgaText::write(unsigned long long, void*, int*)
                0x00000000c0010dc2                newTerminal(char*)
 *fill*         0x00000000c0010de7        0x1 
 .text          0x00000000c0010de8      0x19d core/tss.32
                0x00000000c0010de8                TSS::TSS()
                0x00000000c0010de8                TSS::TSS()
                0x00000000c0010df6                TSS::setESP(unsigned long)
                0x00000000c0010e08                TSS::flush()
                0x00000000c0010e28                TSS::setup(unsigned long, unsigned long)
 *fill*         0x00000000c0010f85        0x1 
 .text          0x00000000c0010f86      0x4c2 core/unixfile.32
                0x00000000c0010f86                ReservedFilename::read(unsigned long long, void*, int*)
                0x00000000c0010fdc                ReservedFilename::isAtty()
                0x00000000c0010ff8                ReservedFilename::write(unsigned long long, void*, int*)
                0x00000000c0011056                UnixFile::getFileDescriptor()
                0x00000000c001105e                UnixFile::UnixFile(int)
                0x00000000c001105e                UnixFile::UnixFile(int)
                0x00000000c001120e                ReservedFilename::ReservedFilename(int)
                0x00000000c001120e                ReservedFilename::ReservedFilename(int)
                0x00000000c0011240                UnixFile::~UnixFile()
                0x00000000c0011240                UnixFile::~UnixFile()
                0x00000000c00112d8                UnixFile::~UnixFile()
                0x00000000c0011300                ReservedFilename::~ReservedFilename()
                0x00000000c0011300                ReservedFilename::~ReservedFilename()
                0x00000000c0011324                ReservedFilename::~ReservedFilename()
                0x00000000c001134b                getFromFileDescriptor(int)
 .text          0x00000000c0011448     0x12cd core/virtmgr.32
                0x00000000c0011448                Virt::setPageState(unsigned long, Virt::VirtPageState)
                0x00000000c001147d                Virt::getPageState(unsigned long)
                0x00000000c00114a1                Virt::allocateKernelVirtualPages(int)
                0x00000000c00115b2                Virt::freeSwapfilePage(unsigned long)
                0x00000000c00115d0                Virt::swapIDToSector(unsigned long)
                0x00000000c00115e2                Virt::allocateSwapfilePage()
                0x00000000c0011660                Virt::virtualMemorySetup()
                0x00000000c00116ab                Virt::setupPageSwapping(int)
                0x00000000c001171c                VAS::VAS()
                0x00000000c001171c                VAS::VAS()
                0x00000000c0011758                VAS::VAS(VAS*)
                0x00000000c0011758                VAS::VAS(VAS*)
                0x00000000c0011786                VAS::getForeignPageTableEntry(bool, unsigned long)
                0x00000000c00117b2                VAS::getPageTableEntry(unsigned long)
                0x00000000c00117d1                Virt::freeKernelVirtualPages(unsigned long)
                0x00000000c00118f4                VAS::freeAllocatedPages(unsigned long)
                0x00000000c0011918                VAS::virtualToPhysical(unsigned long)
                0x00000000c0011930                VAS::reflagRange(unsigned long, int, int, int)
                0x00000000c0011970                VAS::setToWriteCombining(unsigned long, int)
                0x00000000c00119a2                VAS::mapOtherVASIn(bool, VAS*)
                0x00000000c00119cc                VAS::~VAS()
                0x00000000c00119cc                VAS::~VAS()
                0x00000000c0011b48                VAS::mapPage(unsigned long, unsigned long, int)
                0x00000000c0011c4a                VAS::allocatePages(int, int)
                0x00000000c0011e22                VAS::setCPUSpecific(unsigned long)
                0x00000000c0011e3e                VAS::mapRange(unsigned long, unsigned long, int, int)
                0x00000000c0011f04                VAS::mapForeignPage(bool, VAS*, unsigned long, unsigned long, int)
                0x00000000c0011ff2                VAS::VAS(bool)
                0x00000000c0011ff2                VAS::VAS(bool)
                0x00000000c0012272                VAS::evict(unsigned long)
                0x00000000c001237a                VAS::tryLoadBackOffDisk(unsigned long)
                0x00000000c0012502                VAS::scanForEviction()
                0x00000000c00125e9                mapVASFirstTime
 .text          0x00000000c0012715       0x95 coreobjs/c++.32
                0x00000000c0012715                __cxa_atexit
                0x00000000c0012718                __cxa_finalize
                0x00000000c0012719                __stack_chk_fail
                0x00000000c0012785                __cxa_pure_virtual
                0x00000000c0012796                operator new[](unsigned long)
                0x00000000c001279b                operator delete(void*, unsigned long)
                0x00000000c00127a0                operator delete[](void*)
                0x00000000c00127a5                operator delete[](void*, unsigned long)
 .text          0x00000000c00127aa      0x1fc dbg/kconsole.32
                0x00000000c00127aa                Dbg::stringifyxWithBase(unsigned int, char*, int)
                0x00000000c0012803                Dbg::logc(char)
                0x00000000c0012823                Dbg::logs(char*)
                0x00000000c0012840                Dbg::logWriteInt(unsigned int)
                0x00000000c001285d                Dbg::logWriteIntBase(unsigned int, int)
                0x00000000c001287c                Dbg::kprintf(char const*, ...)
 .text          0x00000000c00129a6      0xb82 fs/vfs.32
                0x00000000c00129a6                File::read(unsigned long long, void*, int*)
                0x00000000c00129fe                File::write(unsigned long long, void*, int*)
                0x00000000c0012a56                Directory::read(unsigned long long, void*, int*)
                0x00000000c0012aae                Directory::write(unsigned long long, void*, int*)
                0x00000000c0012adc                File::isAtty()
                0x00000000c0012ae0                Directory::isAtty()
                0x00000000c0012ae4                Filesystem::getlabel(LogicalDisk*, int, char*, unsigned int*)
                0x00000000c0012aea                Filesystem::setlabel(LogicalDisk*, int, char*)
                0x00000000c0012af0                Filesystem::allocateSwapfile(char const*, int)
                0x00000000c0012af6                File::~File()
                0x00000000c0012af6                File::~File()
                0x00000000c0012b1a                File::~File()
                0x00000000c0012b44                Directory::~Directory()
                0x00000000c0012b44                Directory::~Directory()
                0x00000000c0012b68                Directory::~Directory()
                0x00000000c0012b92                Filesystem::Filesystem()
                0x00000000c0012b92                Filesystem::Filesystem()
                0x00000000c0012bb6                Filesystem::~Filesystem()
                0x00000000c0012bb6                Filesystem::~Filesystem()
                0x00000000c0012bc4                Filesystem::~Filesystem()
                0x00000000c0012be8                Fs::getcwd(Process*, char*, int)
                0x00000000c0012c12                Fs::initVFS()
                0x00000000c0012c3c                Fs::standardiseFiles(char*, char const*, char const*)
                0x00000000c0012de6                File::File(char const*, Process*)
                0x00000000c0012de6                File::File(char const*, Process*)
                0x00000000c0012e4a                File::open(FileOpenMode)
                0x00000000c0012ea8                File::close()
                0x00000000c0012f08                File::seek(unsigned long long)
                0x00000000c0012f5e                File::tell(unsigned long long*)
                0x00000000c0012fae                File::rewind()
                0x00000000c0012fc2                File::unlink()
                0x00000000c001300e                File::rename(char const*)
                0x00000000c001305c                File::chfatattr(unsigned char, unsigned char)
                0x00000000c00130b8                File::exists()
                0x00000000c00130f6                File::stat(unsigned long long*, bool*)
                0x00000000c0013157                Fs::setcwd(Process*, char*)
                0x00000000c0013292                Directory::Directory(char const*, Process*)
                0x00000000c0013292                Directory::Directory(char const*, Process*)
                0x00000000c00132f6                Directory::open()
                0x00000000c0013352                Directory::close()
                0x00000000c00133b2                Directory::unlink()
                0x00000000c00133fe                Directory::rename(char const*)
                0x00000000c001344c                Directory::exists()
                0x00000000c001348a                Directory::read(dirent*)
                0x00000000c00134d6                Directory::create()
                0x00000000c0013522                Filesystem::chfatattr(char const*, unsigned char, unsigned char)
 .text          0x00000000c0013528       0x84 hal/bus.32
                0x00000000c0013528                Bus::Bus(char const*)
                0x00000000c0013528                Bus::Bus(char const*)
                0x00000000c001355e                Bus::~Bus()
                0x00000000c001355e                Bus::~Bus()
                0x00000000c0013582                Bus::~Bus()
 .text          0x00000000c00135ac      0x156 hal/buzzer.32
                0x00000000c00135ac                Buzzer::Buzzer(char const*)
                0x00000000c00135ac                Buzzer::Buzzer(char const*)
                0x00000000c00135f0                Buzzer::~Buzzer()
                0x00000000c00135f0                Buzzer::~Buzzer()
                0x00000000c0013614                Buzzer::~Buzzer()
                0x00000000c001363e                Buzzer::stop()
                0x00000000c0013651                beepThread(void*)
                0x00000000c0013694                Buzzer::beep(int, int, bool)
 .text          0x00000000c0013702      0x467 hal/clock.32
                0x00000000c0013702                User::loadClockSettings(int)
                0x00000000c0013754                Clock::Clock(char const*)
                0x00000000c0013754                Clock::Clock(char const*)
                0x00000000c001378a                Clock::~Clock()
                0x00000000c001378a                Clock::~Clock()
                0x00000000c00137ae                Clock::~Clock()
                0x00000000c00137d8                Clock::timeInSecondsLocal()
                0x00000000c0013820                Clock::setTimeInSecondsLocal(unsigned long long)
                0x00000000c0013879                datetimeToSeconds(datetime_t)
                0x00000000c00139a0                Clock::setTimeInDatetimeLocal(datetime_t)
                0x00000000c0013a00                secondsToDatetime(unsigned long long)
                0x00000000c0013b44                Clock::timeInDatetimeLocal()
 *fill*         0x00000000c0013b69        0x1 
 .text          0x00000000c0013b6a      0x504 hal/device.32
                0x00000000c0013b6a                Device::hibernate()
                0x00000000c0013b6c                Device::wake()
                0x00000000c0013b6e                Device::detect()
                0x00000000c0013b70                Device::disableLegacy()
                0x00000000c0013b72                Device::powerSaving(PowerSavingLevel)
                0x00000000c0013b74                DriverlessDevice::close(int, int, void*)
                0x00000000c0013b78                DriverlessDevice::detect()
                0x00000000c0013b7a                DriverlessDevice::open(int, int, void*)
                0x00000000c0013b8e                Device::~Device()
                0x00000000c0013b8e                Device::~Device()
                0x00000000c0013b9c                Device::~Device()
                0x00000000c0013bc4                Device::findAndLoadDriver()
                0x00000000c0013bd2                Device::preOpenPCI(PCIDeviceInfo)
                0x00000000c0013bf8                Device::preOpenACPI(void*, char*, char*)
                0x00000000c0013c38                Device::addIRQHandler(int, void (*)(regs*, void*), bool, void*)
                0x00000000c0013c76                Device::getParent()
                0x00000000c0013c82                Device::removeIRQHandler(int, void (*)(regs*, void*), bool)
                0x00000000c0013cc0                Device::addChild(Device*)
                0x00000000c0013d04                Device::removeAllChildren()
                0x00000000c0013d4a                Device::hibernateAll()
                0x00000000c0013d7a                Device::wakeAll()
                0x00000000c0013daa                Device::detectAll()
                0x00000000c0013dda                Device::disableLegacyAll()
                0x00000000c0013e0a                Device::loadDriversForAll()
                0x00000000c0013e4a                Device::closeAll()
                0x00000000c0013e80                Device::powerSavingAll(PowerSavingLevel)
                0x00000000c0013eb6                Device::setName(char const*)
                0x00000000c0013ec4                Device::Device(char const*)
                0x00000000c0013ec4                Device::Device(char const*)
                0x00000000c0013fc0                Device::getName()
                0x00000000c0013fca                DriverlessDevice::DriverlessDevice(char const*)
                0x00000000c0013fca                DriverlessDevice::DriverlessDevice(char const*)
                0x00000000c0014000                Device::addToLinkedList(LinkedList<Device>&, DeviceType)
                0x00000000c0014044                getDevicesOfType(DeviceType)
 .text          0x00000000c001406e       0x84 hal/diskctrl.32
                0x00000000c001406e                HardDiskController::HardDiskController(char const*)
                0x00000000c001406e                HardDiskController::HardDiskController(char const*)
                0x00000000c00140a4                HardDiskController::~HardDiskController()
                0x00000000c00140a4                HardDiskController::~HardDiskController()
                0x00000000c00140c8                HardDiskController::~HardDiskController()
 .text          0x00000000c00140f2       0xe2 hal/diskphys.32
                0x00000000c00140f2                PhysicalDisk::eject()
                0x00000000c00140f6                PhysicalDisk::PhysicalDisk(char const*, int)
                0x00000000c00140f6                PhysicalDisk::PhysicalDisk(char const*, int)
                0x00000000c001415e                PhysicalDisk::startCache()
                0x00000000c0014186                PhysicalDisk::~PhysicalDisk()
                0x00000000c0014186                PhysicalDisk::~PhysicalDisk()
                0x00000000c00141aa                PhysicalDisk::~PhysicalDisk()
 .text          0x00000000c00141d4      0x13b hal/fpu.32
                0x00000000c00141d4                FPU::FPU(char const*)
                0x00000000c00141d4                FPU::FPU(char const*)
                0x00000000c001420a                FPU::~FPU()
                0x00000000c001420a                FPU::~FPU()
                0x00000000c001422e                FPU::~FPU()
                0x00000000c0014258                setupFPU()
 *fill*         0x00000000c001430f        0x1 
 .text          0x00000000c0014310     0x143b hal/intctrl.32
                0x00000000c0014310                InterruptController::uninstallISRHandler(int, void (*)(regs*, void*))
                0x00000000c0014348                InterruptController::installISRHandler(int, void (*)(regs*, void*), void*)
                0x00000000c001439a                doubleFault(regs*, void*)
                0x00000000c00143b4                InterruptController::installIRQHandler(int, void (*)(regs*, void*), bool, void*)
                0x00000000c0014450                InterruptController::clearAllHandlers(int, bool)
                0x00000000c00144f8                InterruptController::uninstallIRQHandler(int, void (*)(regs*, void*), bool)
                0x00000000c001457f                nmiHandler(regs*, void*)
                0x00000000c001458d                int_handler
                0x00000000c001462e                InterruptController::InterruptController(char const*)
                0x00000000c001462e                InterruptController::InterruptController(char const*)
                0x00000000c00146d4                InterruptController::~InterruptController()
                0x00000000c00146d4                InterruptController::~InterruptController()
                0x00000000c00146f8                InterruptController::~InterruptController()
                0x00000000c0014722                displayDebugInfo(regs*)
                0x00000000c0014bb1                x87EmulHandler(regs*, void*)
                0x00000000c0014c24                gpFault(regs*, void*)
                0x00000000c0014c5d                pgFault(regs*, void*)
                0x00000000c0014cac                otherISRHandler(regs*, void*)
                0x00000000c0014ccb                opcodeFault(regs*, void*)
                0x00000000c00152e8                displayProgramFault(char const*)
                0x00000000c0015310                setupInterruptController()
                0x00000000c00156fe                InterruptController::convertLegacyIRQNumber(int)
 *fill*         0x00000000c001574b        0x1 
 .text          0x00000000c001574c      0x784 hal/keybrd.32
                0x00000000c001574c                startGUI(void*)
                0x00000000c00157b8                startGUIVESA(void*)
                0x00000000c0015824                sendKeyToTerminal(unsigned char)
                0x00000000c00158e2                sendKeyboardToken(KeyboardToken)
                0x00000000c0015d1f                clearInternalKeybuffer(VgaText*)
                0x00000000c0015d54                readKeyboard(VgaText*, char*, unsigned long)
                0x00000000c0015e46                Keyboard::Keyboard(char const*)
                0x00000000c0015e46                Keyboard::Keyboard(char const*)
                0x00000000c0015e82                Keyboard::~Keyboard()
                0x00000000c0015e82                Keyboard::~Keyboard()
                0x00000000c0015ea6                Keyboard::~Keyboard()
 .text          0x00000000c0015ed0      0x3ea hal/logidisk.32
                0x00000000c0015ed0                LogicalDisk::close(int, int, void*)
                0x00000000c0015ed4                LogicalDisk::~LogicalDisk()
                0x00000000c0015ed4                LogicalDisk::~LogicalDisk()
                0x00000000c0015ef8                LogicalDisk::~LogicalDisk()
                0x00000000c0015f22                LogicalDisk::open(int, int, void*)
                0x00000000c0015f36                LogicalDisk::absoluteToRelative(unsigned long long)
                0x00000000c0015f6e                LogicalDisk::relativeToAbsolute(unsigned long long)
                0x00000000c0015fb4                LogicalDisk::LogicalDisk(char const*, PhysicalDisk*, unsigned long long, unsigned long long)
                0x00000000c0015fb4                LogicalDisk::LogicalDisk(char const*, PhysicalDisk*, unsigned long long, unsigned long long)
                0x00000000c001606a                LogicalDisk::assignDriveLetter()
                0x00000000c0016120                LogicalDisk::mount()
                0x00000000c0016168                LogicalDisk::unmount()
                0x00000000c0016178                LogicalDisk::eject()
                0x00000000c001618c                LogicalDisk::unassignDriveLetter()
                0x00000000c00161e2                LogicalDisk::read(unsigned long long, int, void*)
                0x00000000c001624e                LogicalDisk::write(unsigned long long, int, void*)
 .text          0x00000000c00162ba       0x84 hal/mouse.32
                0x00000000c00162ba                Mouse::Mouse(char const*)
                0x00000000c00162ba                Mouse::Mouse(char const*)
                0x00000000c00162f0                Mouse::~Mouse()
                0x00000000c00162f0                Mouse::~Mouse()
                0x00000000c0016314                Mouse::~Mouse()
 .text          0x00000000c001633e      0x339 hal/partition.32
                0x00000000c001633e                makePartition(PhysicalDisk*, unsigned long long, unsigned long long)
                0x00000000c00163e6                createPartitionsForDisk(PhysicalDisk*)
 *fill*         0x00000000c0016677        0x1 
 .text          0x00000000c0016678       0x84 hal/serial.32
                0x00000000c0016678                Serial::Serial(char const*)
                0x00000000c0016678                Serial::Serial(char const*)
                0x00000000c00166ae                Serial::~Serial()
                0x00000000c00166ae                Serial::~Serial()
                0x00000000c00166d2                Serial::~Serial()
 .text          0x00000000c00166fc      0x2f3 hal/timer.32
                0x00000000c00166fc                Timer::Timer(char const*)
                0x00000000c00166fc                Timer::Timer(char const*)
                0x00000000c0016732                Timer::~Timer()
                0x00000000c0016732                Timer::~Timer()
                0x00000000c0016756                Timer::~Timer()
                0x00000000c0016780                Timer::read()
                0x00000000c001678b                timerHandler(unsigned long long)
                0x00000000c00168fd                setupTimer(int)
 *fill*         0x00000000c00169ef        0x1 
 .text          0x00000000c00169f0      0x4bf hal/vcache.32
                0x00000000c00169f0                VCache::VCache(PhysicalDisk*)
                0x00000000c00169f0                VCache::VCache(PhysicalDisk*)
                0x00000000c0016b58                VCache::invalidateReadBuffer()
                0x00000000c0016b68                VCache::writeWriteBuffer()
                0x00000000c0016bb4                VCache::~VCache()
                0x00000000c0016bb4                VCache::~VCache()
                0x00000000c0016c08                VCache::~VCache()
                0x00000000c0016c30                VCache::write(unsigned long long, int, void*)
                0x00000000c0016d78                VCache::read(unsigned long long, int, void*)
 *fill*         0x00000000c0016eaf        0x1 
 .text          0x00000000c0016eb0      0x4b3 hal/video.32
                0x00000000c0016eb0                Video::putrect(int, int, int, int, unsigned int)
                0x00000000c0016efc                Video::bitblit(int, int, int, int, int, int, int, unsigned int*)
                0x00000000c0016f6c                Video::blit(unsigned int*, int, int, int, int)
                0x00000000c0016fea                Video::clearScreen(unsigned int)
                0x00000000c001701e                Video::putpixel(int, int, unsigned int)
                0x00000000c001702c                Video::Video(char const*)
                0x00000000c001702c                Video::Video(char const*)
                0x00000000c0017062                Video::~Video()
                0x00000000c0017062                Video::~Video()
                0x00000000c0017086                Video::~Video()
                0x00000000c00170b0                Video::isMonochrome()
                0x00000000c00170bc                Video::getWidth()
                0x00000000c00170c8                Video::getHeight()
                0x00000000c00170d4                Video::drawCursor(int, int, unsigned char*, int)
                0x00000000c0017190                Video::tgaParse(unsigned char*, int, int*, int*)
                0x00000000c00172f8                Video::putTGA(int, int, unsigned char*, int)
 *fill*         0x00000000c0017363        0x1 
 .text          0x00000000c0017364     0x12eb hw/acpi.32
                0x00000000c0017364                ACPI::close(int, int, void*)
                0x00000000c0017409                findRSDP()
                0x00000000c00174d6                loadACPITables(unsigned char*)
                0x00000000c001772d                findRSDT(unsigned char*)
                0x00000000c00178e7                findDataTable(unsigned char*, char*)
                0x00000000c0017959                scanMADT()
                0x00000000c0017e26                ACPI::ACPI()
                0x00000000c0017e26                ACPI::ACPI()
                0x00000000c0017e8a                ACPI::getPCIIRQAssignment(unsigned char, unsigned short, unsigned char)
                0x00000000c0017f6c                ACPI::registerPCIIRQAssignment(void*, unsigned short, unsigned char, unsigned char)
                0x00000000c0018032                ACPI::setScreenBrightnessLevel(void*, int)
                0x00000000c0018038                ACPI::detectPCI()
                0x00000000c001823a                ACPI::writeSimpleBootFlag(SimpleBootFlagTable*)
                0x00000000c0018282                ACPI::sleep()
                0x00000000c001829a                ACPI::open(int, int, void*)
 *fill*         0x00000000c001864f        0x1 
 .text          0x00000000c0018650     0x1525 hw/cpu.32
                0x00000000c0018650                CPU::close(int, int, void*)
                0x00000000c0018654                CPU::lookupAMDName(unsigned char, unsigned char)
                0x00000000c00187e8                CPU::lookupIntelName(unsigned char, unsigned char)
                0x00000000c0018a96                CPU::AMD_K6_write_msr(unsigned int, unsigned int, unsigned int, CPU::REGS*)
                0x00000000c0018ab2                CPU::AMD_K6_read_msr(unsigned int, CPU::REGS*)
                0x00000000c0018aca                CPU::AMD_K6_writeback(int, int, int)
                0x00000000c0018b3e                CPU::cpuid(int, unsigned long*, unsigned long*, unsigned long*, unsigned long*)
                0x00000000c0018bc2                CPU::cpuidCheckEDX(unsigned int)
                0x00000000c0018bf0                CPU::cpuidCheckECX(unsigned int)
                0x00000000c0018c1e                CPU::cpuidCheckExtendedEBX(unsigned int)
                0x00000000c0018c4c                CPU::cpuidCheckExtendedECX(unsigned int)
                0x00000000c0018c7a                CPU::CPU()
                0x00000000c0018c7a                CPU::CPU()
                0x00000000c0018d08                CPU::displayFeatures()
                0x00000000c0018d0a                CPU::detectFeatures()
                0x00000000c00196fc                CPU::setupSMEP()
                0x00000000c0019708                CPU::setupUMIP()
                0x00000000c0019712                CPU::setupTSC()
                0x00000000c001971c                CPU::setupLargePages()
                0x00000000c0019726                CPU::setupPAT()
                0x00000000c0019762                CPU::setupMTRR()
                0x00000000c0019764                CPU::setupGlobalPages()
                0x00000000c001976e                CPU::allowUsermodeDataAccess()
                0x00000000c0019780                CPU::prohibitUsermodeDataAccess()
                0x00000000c0019792                CPU::setupSMAP()
                0x00000000c00197a0                CPU::setupFeatures()
                0x00000000c0019820                CPU::open(int, int, void*)
                0x00000000c001997a                CPU::decodeAddress(regs*, int*, bool*, unsigned char*)
 .text          0x00000000c0019b75        0x0 hw/ports.32
 .text          0x00000000c0019b75      0x16a hw/smp.32
                0x00000000c0019b75                Krnl::smpEntry()
                0x00000000c0019b77                Krnl::startCPU(int)
                0x00000000c0019cc0                Krnl::startCPUs()
 *fill*         0x00000000c0019cdf        0x1 
 .text          0x00000000c0019ce0      0x581 krnl/env.32
                0x00000000c0019ce0                EnvVarContainer::getEnv(char const*)
                0x00000000c0019d1e                EnvVarContainer::setEnv(char const*, char const*)
                0x00000000c0019de0                EnvVarContainer::deleteEnv(char const*)
                0x00000000c0019de2                EnvVarContainer::loadFrom(char const*, char const*)
                0x00000000c0019fc8                EnvVarContainer::__loadSystem()
                0x00000000c0019fe2                EnvVarContainer::__loadUser()
                0x00000000c0019fe4                EnvVarContainer::EnvVarContainer(Process*)
                0x00000000c0019fe4                EnvVarContainer::EnvVarContainer(Process*)
                0x00000000c001a006                EnvVarContainer::~EnvVarContainer()
                0x00000000c001a006                EnvVarContainer::~EnvVarContainer()
                0x00000000c001a036                Krnl::getEnv(Process*, char const*)
                0x00000000c001a09b                Krnl::setEnvSystem(char const*, char const*)
                0x00000000c001a0b5                Krnl::setEnvUser(char const*, char const*)
                0x00000000c001a0d4                Krnl::setEnvProcess(Process*, char const*, char const*)
                0x00000000c001a0e7                Krnl::deleteEnvSystem(char const*)
                0x00000000c001a0e8                Krnl::deleteEnvUser(char const*)
                0x00000000c001a0e9                Krnl::deleteEnvProcess(Process*, char const*)
                0x00000000c001a0ea                Krnl::newProcessEnv(Process*)
                0x00000000c001a10c                Krnl::copyProcessEnv(Process*, Process*)
                0x00000000c001a158                Krnl::loadSystemEnv()
                0x00000000c001a186                Krnl::loadUserEnv()
                0x00000000c001a1ac                Krnl::flushEnv()
                0x00000000c001a1ad                Krnl::getProcessTotalEnvCount(Process*)
                0x00000000c001a1cd                Krnl::getProcessEnvPair(Process*, int)
 .text          0x00000000c001a261      0x39c krnl/panic.32
                0x00000000c001a261                Krnl::panic(char const*)
 .text          0x00000000c001a5fd      0x57f net/ethernet.32
                0x00000000c001a5fd                Net::switchEndian16(unsigned short)
                0x00000000c001a61e                Net::switchEndian32(unsigned int)
                0x00000000c001a64d                Net::crc32Calc(unsigned char*, int)
                0x00000000c001a6de                Net::wrapEthernetFrame(Net::UnwrappedEthernetFrame, unsigned char*)
                0x00000000c001a8f1                Net::unwrapEthernetFrame(unsigned char*, int)
 .text          0x00000000c001ab7c      0x50e reg/registry.32
                0x00000000c001ab7c                Reg::findLineFromLoadedData(char*, char*, char*)
                0x00000000c001acd4                Reg::getLineFromRegistry(char*, char*, char*, char*)
                0x00000000c001ae29                Reg::getLine(char*, char*, char*)
                0x00000000c001ae60                Reg::readInt(char*, char*, int*)
                0x00000000c001af4b                Reg::readString(char*, char*, char*, int)
                0x00000000c001afcc                Reg::readBool(char*, char*, bool*)
                0x00000000c001aff1                Reg::readBoolWithDefault(char*, char*, bool)
                0x00000000c001b01d                Reg::readIntWithDefault(char*, char*, int)
                0x00000000c001b049                Reg::readStringWithDefault(char*, char*, char*, int, char*)
 .text          0x00000000c001b08a       0x36 sys/sc_eject.32
                0x00000000c001b08a                Sys::eject(regs*)
 .text          0x00000000c001b0c0       0x18 sys/sc_exit.32
                0x00000000c001b0c0                Sys::exit(regs*)
 .text          0x00000000c001b0d8       0x1f sys/sc_getcwd.32
                0x00000000c001b0d8                Sys::getCwd(regs*)
 .text          0x00000000c001b0f7        0xc sys/sc_getpid.32
                0x00000000c001b0f7                Sys::getPID(regs*)
 .text          0x00000000c001b103       0x1a sys/sc_getramdata.32
                0x00000000c001b103                Sys::getRAMData(regs*)
 .text          0x00000000c001b11d       0x84 sys/sc_getvgaptr.32
                0x00000000c001b11d                Sys::getVGAPtr(regs*)
 .text          0x00000000c001b1a1       0xa8 sys/sc_loaddll.32
                0x00000000c001b1a1                Sys::loadDLL(regs*)
 .text          0x00000000c001b249       0x68 sys/sc_read.32
                0x00000000c001b249                Sys::read(regs*)
 .text          0x00000000c001b2b1       0x55 sys/sc_sbrk.32
                0x00000000c001b2b1                Sys::sbrk(regs*)
 .text          0x00000000c001b306       0x1c sys/sc_setcwd.32
                0x00000000c001b306                Sys::setCwd(regs*)
 .text          0x00000000c001b322       0x95 sys/sc_settime.32
                0x00000000c001b322                Sys::setTime(regs*)
 .text          0x00000000c001b3b7       0x4a sys/sc_timezone.32
                0x00000000c001b3b7                Sys::timezone(regs*)
 .text          0x00000000c001b401       0x68 sys/sc_write.32
                0x00000000c001b401                Sys::write(regs*)
 .text          0x00000000c001b469       0x62 sys/sc_wsbe.32
                0x00000000c001b469                Sys::wsbe(regs*)
 .text          0x00000000c001b4cb       0x46 sys/sc_yield.32
                0x00000000c001b4cb                Sys::yield(regs*)
 .text          0x00000000c001b511      0xf84 sys/syscalls.32
                0x00000000c001b511                sysCallSeekDir(regs*)
                0x00000000c001b516                sysCallTellDir(regs*)
                0x00000000c001b51b                sysCallVerify(regs*)
                0x00000000c001b525                sysCallGetArgc(regs*)
                0x00000000c001b535                sysFormatDisk(regs*)
                0x00000000c001b59f                sysSetDiskVolumeLabel(regs*)
                0x00000000c001b5e5                sysGetDiskVolumeLabel(regs*)
                0x00000000c001b636                sysShutdown(regs*)
                0x00000000c001b694                sysCallRealpath(regs*)
                0x00000000c001b6d7                sysCallReadDir(regs*)
                0x00000000c001b756                sysCallIsATTY(regs*)
                0x00000000c001b7b0                sysCallSeek(regs*)
                0x00000000c001b807                sysCallTell(regs*)
                0x00000000c001b873                sysCallSize(regs*)
                0x00000000c001b8e5                sysCallSizeFromFilename(regs*)
                0x00000000c001b994                sysCallClose(regs*)
                0x00000000c001b9f4                sysCallOpenDir(regs*)
                0x00000000c001ba69                sysCallCloseDir(regs*)
                0x00000000c001babd                sysCallMakeDir(regs*)
                0x00000000c001bb2d                sysCallWait(regs*)
                0x00000000c001bb47                sysCallNotImpl(regs*)
                0x00000000c001bb62                sysPanic(regs*)
                0x00000000c001bb7c                sysCallRmdir(regs*)
                0x00000000c001bbe0                sysCallUnlink(regs*)
                0x00000000c001bc44                sysCallGetArgv(regs*)
                0x00000000c001bc90                sysCallTTYName(regs*)
                0x00000000c001bd13                sysCallUSleep(regs*)
                0x00000000c001bd3a                sysCallSpawn(regs*)
                0x00000000c001bda2                sysCallGetEnv(regs*)
                0x00000000c001be4f                sysAppSettings(regs*)
                0x00000000c001bf63                sysSetFatAttrib(regs*)
                0x00000000c001bfd5                sysPipe(regs*)
                0x00000000c001c01a                sysGetUnixTime(regs*)
                0x00000000c001c02e                string_ends_with(char const*, char const*)
                0x00000000c001c076                sysCallOpen(regs*)
                0x00000000c001c25e                Sys::loadSyscalls()
                0x00000000c001c453                Sys::systemCall(regs*, void*)
 .text          0x00000000c001c495     0x1203 thr/elf.32
                0x00000000c001c495                Thr::allocateMemoryForTask(Process*, File*, unsigned long, unsigned long, unsigned long)
                0x00000000c001c73f                Thr::loadProgramIntoMemory(Process*, char const*)
                0x00000000c001c955                Thr::runtimeReferenceHelper()
                0x00000000c001c968                Thr::getAddressOfKernelSymbol(char const*)
                0x00000000c001c9b7                Thr::loadKernelSymbolTable(char const*)
                0x00000000c001cc75                Thr::loadDriverIntoMemory(char const*, unsigned long, bool)
                0x00000000c001d3ab                Thr::getDriverBaseFromAddress(unsigned long)
                0x00000000c001d3dd                Thr::getDriverNameFromAddress(unsigned long)
                0x00000000c001d414                Thr::getDriverOffsetFromAddress(unsigned long)
                0x00000000c001d42e                Thr::loadDLL(char const*, bool)
                0x00000000c001d65f                Thr::executeDLL(unsigned long, void*)
 .text          0x00000000c001d698     0x11ff thr/prcssthr.32
                0x00000000c001d698                userModeEntryPoint(void*)
                0x00000000c001d6be                changeTSS
                0x00000000c001d6ee                switchToThread(ThreadControlBlock*)
                0x00000000c001d798                Process::addArgs(char**)
                0x00000000c001d7f2                Process::Process(char const*, Process*, char**)
                0x00000000c001d7f2                Process::Process(char const*, Process*, char**)
                0x00000000c001d9d6                Process::Process(bool, char const*, Process*, char**)
                0x00000000c001d9d6                Process::Process(bool, char const*, Process*, char**)
                0x00000000c001db85                taskStartupFunction
                0x00000000c001db8e                Semaphore::Semaphore(int)
                0x00000000c001db8e                Semaphore::Semaphore(int)
                0x00000000c001dbbc                Mutex::Mutex()
                0x00000000c001dbbc                Mutex::Mutex()
                0x00000000c001dbce                Process::createThread(void (*)(void*), void*, int)
                0x00000000c001dcd4                Process::createUserThread()
                0x00000000c001dcf0                setupMultitasking(void (*)())
                0x00000000c001ddf3                schedule()
                0x00000000c001de78                Semaphore::tryAcquire()
                0x00000000c001df34                Semaphore::assertLocked(char const*)
                0x00000000c001dfa3                blockTaskWithSchedulerLockAlreadyHeld(TaskState)
                0x00000000c001dfc9                blockTask(TaskState)
                0x00000000c001dff6                waitTask(int, int*, int)
                0x00000000c001e038                nanoSleepUntil(unsigned long long)
                0x00000000c001e0cd                nanoSleep(unsigned long long)
                0x00000000c001e0e5                sleep(unsigned long long)
                0x00000000c001e102                Semaphore::acquire()
                0x00000000c001e1b3                taskReturned
                0x00000000c001e1ee                Thr::processFromPID(int)
                0x00000000c001e285                unblockTask(ThreadControlBlock*)
                0x00000000c001e31a                cleanupTerminatedTask(ThreadControlBlock*)
                0x00000000c001e5c1                cleanerTaskFunction(void*)
                0x00000000c001e6a2                terminateTask(int)
                0x00000000c001e761                Thr::terminateFromIRQ(int)
                0x00000000c001e76e                Semaphore::release()
 .text          0x00000000c001e897      0xada vm86/vm8086.32
                0x00000000c001e897                Vm::inbv(unsigned short)
                0x00000000c001e8aa                Vm::outbv(unsigned short, unsigned char)
                0x00000000c001e8e0                Vm::realToLinear(unsigned short, unsigned short)
                0x00000000c001e8f0                Vm::getSegment(unsigned int)
                0x00000000c001e8f8                Vm::getOffset(unsigned int)
                0x00000000c001e8fd                Vm::mainloop2()
                0x00000000c001e937                Vm::mainVm8086Loop(void*)
                0x00000000c001e947                Vm::mainloop3(unsigned long)
                0x00000000c001e96d                Vm::initialise8086()
                0x00000000c001e9b0                Vm::finish8086()
                0x00000000c001ea11                Vm::getOutput8086(unsigned char*)
                0x00000000c001ea36                Vm::start8086(char const*, unsigned short, unsigned short, unsigned short, unsigned short)
                0x00000000c001eb9e                Vm::doISR(regs*, int, unsigned char*, unsigned short, unsigned short)
                0x00000000c001ec28                Vm::readByteFromReal(unsigned short, unsigned short)
                0x00000000c001ec39                Vm::readWordFromReal(unsigned short, unsigned short)
                0x00000000c001ec4b                Vm::readDwordFromReal(unsigned short, unsigned short)
                0x00000000c001ec5c                Vm::writeByteFromReal(unsigned short, unsigned short, unsigned char)
                0x00000000c001ec71                Vm::writeWordFromReal(unsigned short, unsigned short, unsigned short)
                0x00000000c001ec87                Vm::writeDwordFromReal(unsigned short, unsigned short, unsigned int)
                0x00000000c001ec9c                Vm::faultHandler(regs*)
 .text          0x00000000c001f371      0xefd vm86/x87em.32
                0x00000000c001f371                Vm::fpuInternalTo32(unsigned long long)
                0x00000000c001f3cc                Vm::fpuInternalTo64(unsigned long long)
                0x00000000c001f3d5                Vm::fpu32ToInternal(unsigned int)
                0x00000000c001f41a                Vm::fpu64ToInternal(unsigned long long)
                0x00000000c001f423                Vm::fpuFloatToLong(unsigned long long)
                0x00000000c001f47e                Vm::fpuULongToFloat(unsigned long long)
                0x00000000c001f4b4                Vm::fpuLongToFloat(long long)
                0x00000000c001f50a                Vm::fpuGet0()
                0x00000000c001f50f                Vm::fpuGet1()
                0x00000000c001f517                Vm::fpuGetPi()
                0x00000000c001f51f                Vm::fpuGetLog2E()
                0x00000000c001f537                Vm::fpuGetLogE2()
                0x00000000c001f54f                Vm::fpuGetLog210()
                0x00000000c001f567                Vm::fpuGetLog102()
                0x00000000c001f57f                Vm::fpuIsSecondLarger(unsigned long long, unsigned long long)
                0x00000000c001f593                Vm::fpuAreEqual(unsigned long long, unsigned long long)
                0x00000000c001f5a9                Vm::fpuUnorderedCompare(unsigned long long, unsigned long long)
                0x00000000c001f5fc                Vm::fpuAdd(unsigned long long, unsigned long long)
                0x00000000c001f60d                Vm::fpuAbs(unsigned long long)
                0x00000000c001f616                Vm::fpuChs(unsigned long long)
                0x00000000c001f626                Vm::fpuSub(unsigned long long, unsigned long long)
                0x00000000c001f635                Vm::fpuMultiply(unsigned long long, unsigned long long)
                0x00000000c001f654                Vm::fpuDivide(unsigned long long, unsigned long long)
                0x00000000c001f670                Vm::fpuSquare(unsigned long long)
                0x00000000c001f686                Vm::fpuGetReg(int)
                0x00000000c001f6c9                Vm::fpuSetReg(int, unsigned long long)
                0x00000000c001f714                Vm::fpuPush(unsigned long long)
                0x00000000c001f771                Vm::fpuPop()
                0x00000000c001f7c3                Vm::x87Handler(regs*)
 .text          0x00000000c002026e     0x12d7 fs/fat/vfslink.32
                0x00000000c002026e                FAT::getName()
                0x00000000c0020274                FAT::tell(void*, unsigned long long*)
                0x00000000c00202a8                FAT::stat(void*, unsigned long long*)
                0x00000000c00202dc                FAT::~FAT()
                0x00000000c00202dc                FAT::~FAT()
                0x00000000c0020300                FAT::~FAT()
                0x00000000c0020328                FAT::getlabel(LogicalDisk*, int, char*, unsigned int*)
                0x00000000c00203c6                FAT::setlabel(LogicalDisk*, int, char*)
                0x00000000c0020480                FAT::format(LogicalDisk*, int, char const*, int)
                0x00000000c002063e                FAT::tryMount(LogicalDisk*, int)
                0x00000000c0020844                FAT::allocateSwapfile(char const*, int)
                0x00000000c0020a00                FAT::readDir(void*, unsigned long, void*, int*)
                0x00000000c0020b5a                FAT::read(void*, unsigned long, void*, int*)
                0x00000000c0020bb4                FAT::write(void*, unsigned long, void*, int*)
                0x00000000c0020c0e                FAT::close(void*)
                0x00000000c0020c5a                FAT::closeDir(void*)
                0x00000000c0020ca6                FAT::seek(void*, unsigned long long)
                0x00000000c0020cfa                fatWrapperReadDisk
                0x00000000c0020d41                fatWrapperWriteDisk
                0x00000000c0020d88                fatWrapperIoctl
                0x00000000c0020e8c                FAT::FAT()
                0x00000000c0020e8c                FAT::FAT()
                0x00000000c0020ede                FAT::fixFilepath(char*)
                0x00000000c0020f16                FAT::open(char const*, void**, FileOpenMode)
                0x00000000c002103e                FAT::openDir(char const*, void**)
                0x00000000c00210e4                FAT::stat(char const*, unsigned long long*, bool*)
                0x00000000c00211ce                FAT::unlink(char const*)
                0x00000000c0021248                FAT::chfatattr(char const*, unsigned char, unsigned char)
                0x00000000c002139c                FAT::rename(char const*, char const*)
                0x00000000c0021460                FAT::mkdir(char const*)
                0x00000000c00214da                FAT::exists(char const*)
 *fill*         0x00000000c0021545        0x1 
 .text          0x00000000c0021546      0xb75 fs/iso9660/vfslink.32
                0x00000000c0021546                ISO9660::format(LogicalDisk*, int, char const*, int)
                0x00000000c002154c                ISO9660::seek(void*, unsigned long long)
                0x00000000c002157c                ISO9660::tell(void*, unsigned long long*)
                0x00000000c00215a0                ISO9660::getName()
                0x00000000c00215a6                ISO9660::stat(void*, unsigned long long*)
                0x00000000c00215ca                ISO9660::chfatattr(char const*, unsigned char, unsigned char)
                0x00000000c00215d0                ISO9660::unlink(char const*)
                0x00000000c00215d6                ISO9660::write(void*, unsigned long, void*, int*)
                0x00000000c00215dc                ISO9660::rename(char const*, char const*)
                0x00000000c00215e2                ISO9660::mkdir(char const*)
                0x00000000c00215e8                ISO9660::close(void*)
                0x00000000c002160a                ISO9660::closeDir(void*)
                0x00000000c002162c                ISO9660::~ISO9660()
                0x00000000c002162c                ISO9660::~ISO9660()
                0x00000000c0021650                ISO9660::~ISO9660()
                0x00000000c0021677                __memmem(unsigned char*, int, unsigned char*, int)
                0x00000000c00216b9                readSectorFromCDROM(unsigned int, unsigned char*, char)
                0x00000000c0021714                ISO9660::tryMount(LogicalDisk*, int)
                0x00000000c0021764                ISO9660::read(void*, unsigned long, void*, int*)
                0x00000000c0021968                ISO9660::readDir(void*, unsigned long, void*, int*)
                0x00000000c0021be2                readRoot(unsigned int*, unsigned int*, char)
                0x00000000c0021c36                readRecursively(char*, unsigned int, unsigned int, unsigned int*, unsigned int*, char, int*)
                0x00000000c0021e09                getFileData(char*, unsigned int*, unsigned int*, char, int*)
                0x00000000c0021e98                ISO9660::open(char const*, void**, FileOpenMode)
                0x00000000c0021f46                ISO9660::exists(char const*)
                0x00000000c0021f6a                ISO9660::stat(char const*, unsigned long long*, bool*)
                0x00000000c0021ffe                ISO9660::openDir(char const*, void**)
                0x00000000c0022098                ISO9660::ISO9660()
                0x00000000c0022098                ISO9660::ISO9660()
 *fill*         0x00000000c00220bb        0x1 
 .text          0x00000000c00220bc      0x396 hal/sound/sndchannel.32
                0x00000000c00220bc                SoundChannel::SoundChannel(int, int, int, int)
                0x00000000c00220bc                SoundChannel::SoundChannel(int, int, int, int)
                0x00000000c00221e6                SoundChannel::~SoundChannel()
                0x00000000c00221e6                SoundChannel::~SoundChannel()
                0x00000000c0022202                SoundChannel::getSampleRate()
                0x00000000c002220a                SoundChannel::getBits()
                0x00000000c0022212                SoundChannel::getBufferUsed()
                0x00000000c002221a                SoundChannel::getBufferSize()
                0x00000000c0022222                SoundChannel::unbuffer(float*, int, int)
                0x00000000c00222b6                SoundChannel::buffer16(short*, int)
                0x00000000c00223b2                SoundChannel::buffer8(unsigned char*, int)
 .text          0x00000000c0022452      0x43e hal/sound/sndhw.32
                0x00000000c0022452                SoundDevice::SoundDevice(char const*)
                0x00000000c0022452                SoundDevice::SoundDevice(char const*)
                0x00000000c00224be                SoundDevice::~SoundDevice()
                0x00000000c00224be                SoundDevice::~SoundDevice()
                0x00000000c0022538                SoundDevice::~SoundDevice()
                0x00000000c0022562                SoundDevice::getFreeChannelNum()
                0x00000000c002257c                SoundDevice::addChannel(SoundChannel*)
                0x00000000c00225ec                SoundDevice::removeChannel(int)
                0x00000000c002261e                SoundDevice::floatTo16(float*, short*, int)
                0x00000000c002270c                SoundDevice::floatTo8(float*, unsigned char*, int)
                0x00000000c00227f4                SoundDevice::getAudio(int, float*, float*)
 .text          0x00000000c0022890        0x0 hw/bus/isa.32
 .text          0x00000000c0022890      0xb87 hw/bus/pci.32
                0x00000000c0022890                PCI::open(int, int, void*)
                0x00000000c00228ae                PCI::close(int, int, void*)
                0x00000000c00228b2                PCI::PCI()
                0x00000000c00228b2                PCI::PCI()
                0x00000000c0022948                PCI::readBAR8(unsigned int, int)
                0x00000000c0022964                PCI::readBAR16(unsigned int, int)
                0x00000000c0022982                PCI::readBAR32(unsigned int, int)
                0x00000000c002299e                PCI::writeBAR8(unsigned int, unsigned char, int)
                0x00000000c00229be                PCI::writeBAR16(unsigned int, unsigned short, int)
                0x00000000c00229e0                PCI::writeBAR32(unsigned int, unsigned int, int)
                0x00000000c0022a00                PCI::legacyMechanism(unsigned char, unsigned char, unsigned char, unsigned char)
                0x00000000c0022a6e                PCI::pciReadWord(unsigned char, unsigned char, unsigned char, unsigned char)
                0x00000000c0022b16                PCI::getVendorID(unsigned char, unsigned char, unsigned char)
                0x00000000c0022b3a                PCI::getHeaderType(unsigned char, unsigned char, unsigned char)
                0x00000000c0022b62                PCI::getClassCode(unsigned char, unsigned char, unsigned char)
                0x00000000c0022bac                PCI::getProgIF(unsigned char, unsigned char, unsigned char)
                0x00000000c0022bd4                PCI::getRevisionID(unsigned char, unsigned char, unsigned char)
                0x00000000c0022bf8                PCI::getInterruptNumber(unsigned char, unsigned char, unsigned char)
                0x00000000c0022c1c                PCI::getSecondaryBus(unsigned char, unsigned char, unsigned char)
                0x00000000c0022c44                PCI::getBARAddress(unsigned char, unsigned char, unsigned char, unsigned char)
                0x00000000c0022ca8                PCI::pciWriteWord(unsigned char, unsigned char, unsigned char, unsigned char, unsigned short)
                0x00000000c0022d90                PCI::pciDetailsToFilepath(PCIDeviceInfo, char*)
                0x00000000c002300a                PCI::checkBus(unsigned char)
                0x00000000c002302e                PCI::foundDevice(PCIDeviceInfo)
                0x00000000c00231a0                PCI::getDeviceData(unsigned char, unsigned char, unsigned char)
                0x00000000c0023358                PCI::checkDevice(unsigned char, unsigned char)
                0x00000000c00233c4                PCI::detect()
 *fill*         0x00000000c0023417        0x1 
 .text          0x00000000c0023418      0xb54 hw/diskctrl/ide.32
                0x00000000c0023418                IDE::close(int, int, void*)
                0x00000000c002341c                IDE::IDE()
                0x00000000c002341c                IDE::IDE()
                0x00000000c0023450                IDE::prepareInterrupt(unsigned char)
                0x00000000c0023462                selectDrive(unsigned char, unsigned char)
                0x00000000c0023464                IDE::getBase(unsigned char)
                0x00000000c0023476                IDE::write(unsigned char, unsigned char, unsigned char)
                0x00000000c0023536                IDE::read(unsigned char, unsigned char)
                0x00000000c00235e4                IDE::waitInterrupt(unsigned char)
                0x00000000c002364a                ideChannel0IRQHandler(regs*, void*)
                0x00000000c0023666                ideChannel1IRQHandler(regs*, void*)
                0x00000000c0023682                IDE::enableIRQs(unsigned char, bool)
                0x00000000c00236c8                IDE::open(int, int, void*)
                0x00000000c0023ad6                IDE::readBuffer(unsigned char, unsigned char, unsigned int, unsigned int)
                0x00000000c0023ba2                IDE::detect()
                0x00000000c0023e68                IDE::printError(unsigned char, unsigned char, unsigned char)
                0x00000000c0023f18                IDE::polling(unsigned char, unsigned int)
 .text          0x00000000c0023f6c      0x336 hw/diskctrl/satabus.32
                0x00000000c0023f6c                SATABus::close(int, int, void*)
                0x00000000c0023f70                SATABus::detect()
                0x00000000c0023f72                SATABus::SATABus()
                0x00000000c0023f72                SATABus::SATABus()
                0x00000000c0023ff8                SATABus::findCmdslot(SATABus::tagHBA_PORT volatile*)
                0x00000000c0024040                SATABus::checkType(SATABus::tagHBA_PORT volatile*)
                0x00000000c0024088                SATABus::startCmd(SATABus::tagHBA_PORT volatile*)
                0x00000000c00240a8                SATABus::stopCmd(SATABus::tagHBA_PORT volatile*)
                0x00000000c00240d2                SATABus::portRebase(SATABus::tagHBA_PORT volatile*, int)
                0x00000000c00241d8                SATABus::probePort(SATABus::tagHBA_MEM volatile*)
                0x00000000c0024282                SATABus::open(int, int, void*)
 .text          0x00000000c00242a2      0x688 hw/diskphys/ata.32
                0x00000000c00242a2                ATA::close(int, int, void*)
                0x00000000c00242c6                ATA::powerSaving(PowerSavingLevel)
                0x00000000c00242c8                ATA::ATA()
                0x00000000c00242c8                ATA::ATA()
                0x00000000c00242f6                ATA::flush(bool)
                0x00000000c0024340                ATA::readyForCommand()
                0x00000000c0024390                ATA::access(unsigned long long, int, void*, bool)
                0x00000000c0024786                ATA::read(unsigned long long, int, void*)
                0x00000000c00247d2                ATA::write(unsigned long long, int, void*)
                0x00000000c0024834                ATA::detectCHS()
                0x00000000c002485e                ATA::open(int, int, void*)
 .text          0x00000000c002492a      0x5bd hw/diskphys/atapi.32
                0x00000000c002492a                ATAPI::write(unsigned long long, int, void*)
                0x00000000c0024930                ATAPI::close(int, int, void*)
                0x00000000c0024954                ATAPI::ATAPI()
                0x00000000c0024954                ATAPI::ATAPI()
                0x00000000c0024982                ATAPI::readyForCommand()
                0x00000000c00249d2                ATAPI::sendPacket(unsigned char*, int, bool, unsigned short*, int)
                0x00000000c0024c92                ATAPI::diskRemoved()
                0x00000000c0024cae                ATAPI::eject()
                0x00000000c0024cf6                ATAPI::diskInserted()
                0x00000000c0024d24                ATAPI::detectMedia()
                0x00000000c0024de0                ATAPI::open(int, int, void*)
                0x00000000c0024e68                ATAPI::read(unsigned long long, int, void*)
 *fill*         0x00000000c0024ee7        0x1 
 .text          0x00000000c0024ee8      0x41c hw/diskphys/sata.32
                0x00000000c0024ee8                SATA::close(int, int, void*)
                0x00000000c0024f0c                SATA::powerSaving(PowerSavingLevel)
                0x00000000c0024f0e                SATA::open(int, int, void*)
                0x00000000c0024fb8                SATA::SATA()
                0x00000000c0024fb8                SATA::SATA()
                0x00000000c0024fe6                SATA::access(unsigned long long, int, void*, bool)
                0x00000000c002524c                SATA::read(unsigned long long, int, void*)
                0x00000000c0025298                SATA::write(unsigned long long, int, void*)
 .text          0x00000000c0025304      0x4fe hw/diskphys/satapi.32
                0x00000000c0025304                SATAPI::write(unsigned long long, int, void*)
                0x00000000c002530a                SATAPI::close(int, int, void*)
                0x00000000c002532e                SATAPI::SATAPI()
                0x00000000c002532e                SATAPI::SATAPI()
                0x00000000c002535c                SATAPI::diskRemoved()
                0x00000000c0025378                SATAPI::diskInserted()
                0x00000000c00253a6                SATAPI::sendPacket(unsigned char*, int, unsigned long long, unsigned short*, int)
                0x00000000c00255ae                SATAPI::eject()
                0x00000000c00255f6                SATAPI::detectMedia()
                0x00000000c00256b8                SATAPI::open(int, int, void*)
                0x00000000c0025760                SATAPI::read(unsigned long long, int, void*)
 .text          0x00000000c0025802       0x8e hw/fpu/avx.32
                0x00000000c0025802                AVX::open(int, int, void*)
                0x00000000c0025814                AVX::close(int, int, void*)
                0x00000000c0025826                AVX::available()
                0x00000000c0025838                AVX::save(void*)
                0x00000000c0025850                AVX::load(void*)
                0x00000000c0025868                AVX::AVX()
                0x00000000c0025868                AVX::AVX()
 .text          0x00000000c0025890       0x90 hw/fpu/mmx.32
                0x00000000c0025890                MMX::available()
                0x00000000c00258a4                MMX::open(int, int, void*)
                0x00000000c00258b6                MMX::close(int, int, void*)
                0x00000000c00258c8                MMX::save(void*)
                0x00000000c00258e0                MMX::load(void*)
                0x00000000c00258f8                MMX::MMX()
                0x00000000c00258f8                MMX::MMX()
 .text          0x00000000c0025920       0x96 hw/fpu/sse.32
                0x00000000c0025920                SSE::open(int, int, void*)
                0x00000000c0025932                SSE::close(int, int, void*)
                0x00000000c0025944                SSE::available()
                0x00000000c002595e                SSE::save(void*)
                0x00000000c0025976                SSE::load(void*)
                0x00000000c002598e                SSE::SSE()
                0x00000000c002598e                SSE::SSE()
 .text          0x00000000c00259b6       0x8e hw/fpu/x87.32
                0x00000000c00259b6                x87::open(int, int, void*)
                0x00000000c00259c8                x87::close(int, int, void*)
                0x00000000c00259da                x87::available()
                0x00000000c00259ec                x87::save(void*)
                0x00000000c0025a04                x87::load(void*)
                0x00000000c0025a1c                x87::x87()
                0x00000000c0025a1c                x87::x87()
 .text          0x00000000c0025a44      0x71e hw/intctrl/apic.32
                0x00000000c0025a44                APIC::disable()
                0x00000000c0025a46                APIC::close(int, int, void*)
                0x00000000c0025a68                IOAPIC::close(int, int, void*)
                0x00000000c0025a6e                APIC::io_wait()
                0x00000000c0025a74                APIC::getBase()
                0x00000000c0025ab6                APIC::eoi(unsigned char)
                0x00000000c0025ae4                APIC::open(int, int, void*)
                0x00000000c0025c32                IOAPIC::IOAPIC()
                0x00000000c0025c32                IOAPIC::IOAPIC()
                0x00000000c0025c5a                APIC::APIC()
                0x00000000c0025c5a                APIC::APIC()
                0x00000000c0025d36                IOAPIC::handlesGSIWithNumber(unsigned int)
                0x00000000c0025d68                IOAPIC::read(int)
                0x00000000c0025d90                IOAPIC::open(int, int, void*)
                0x00000000c0025e86                IOAPIC::write(int, int)
                0x00000000c0025eb2                IOAPIC::redirect(unsigned char, unsigned long long, unsigned char, bool, bool)
                0x00000000c0025fac                APIC::installIRQHandler(int, void (*)(regs*, void*), bool, void*)
 .text          0x00000000c0026162      0x3d3 hw/intctrl/pic.32
                0x00000000c0026162                PIC::disable()
                0x00000000c0026190                PIC::close(int, int, void*)
                0x00000000c00261b2                PIC::PIC()
                0x00000000c00261b2                PIC::PIC()
                0x00000000c0026288                PIC::ioWait()
                0x00000000c002628e                PIC::getIRQReg(int)
                0x00000000c00262f8                PIC::eoi(unsigned char)
                0x00000000c002638a                PIC::remap()
                0x00000000c00264f6                PIC::open(int, int, void*)
 *fill*         0x00000000c0026535        0x1 
 .text          0x00000000c0026536      0x25e hw/timer/apictimer.32
                0x00000000c0026536                APICTimer::close(int, int, void*)
                0x00000000c002653c                apicTimerHandler(regs*, void*)
                0x00000000c002656a                APICTimer::write(int)
                0x00000000c002666e                APICTimer::open(int, int, void*)
                0x00000000c002676c                APICTimer::APICTimer()
                0x00000000c002676c                APICTimer::APICTimer()
 .text          0x00000000c0026794      0x1a7 hw/timer/pit.32
                0x00000000c0026794                PIT::write(int)
                0x00000000c0026812                pitHandler(regs*, void*)
                0x00000000c002683e                PIT::open(int, int, void*)
                0x00000000c002688c                PIT::close(int, int, void*)
                0x00000000c00268bc                PIT::PIT()
                0x00000000c00268bc                PIT::PIT()
 *fill*         0x00000000c002693b        0x5 
 .text          0x00000000c0026940       0x1e hw/fpu/x86/avx.32
                0x00000000c0026940                avxDetect
                0x00000000c0026946                avxSave
                0x00000000c0026947                avxLoad
                0x00000000c0026948                avxInit
                0x00000000c0026949                avxClose
                0x00000000c002694a                wouldSheSayYes
 *fill*         0x00000000c002695e        0x2 
 .text          0x00000000c0026960       0x35 hw/fpu/x86/sse.32
                0x00000000c0026960                absolutelyNoChanceInHell
                0x00000000c0026960                sseDetect
                0x00000000c0026978                sseSave
                0x00000000c002697e                sseLoad
                0x00000000c0026984                sseInit
                0x00000000c0026994                sseClose
 *fill*         0x00000000c0026995        0xb 
 .text          0x00000000c00269a0       0x4d hw/fpu/x86/x87.32
                0x00000000c00269a6                x87Detect
                0x00000000c00269c1                x87Save
                0x00000000c00269ca                x87Load
                0x00000000c00269d2                x87Init
                0x00000000c00269ec                x87Close
 *fill*         0x00000000c00269ed        0x3 
 .text          0x00000000c00269f0       0x25 /cygdrive/d/Users/Alex/Desktop/Toolchain/Output/bin/../lib/gcc/i386-banana/8.1.0/crtend.o
 .text          0x00000000c0026a15        0x0 crtn.32
 *fill*         0x00000000c0026a15        0x3 
 .text          0x00000000c0026a18      0x14b /cygdrive/d/Users/Alex/Desktop/Toolchain/Output/bin/../lib/gcc/i386-banana/8.1.0/libkgcc.a(_divdi3.o)
                0x00000000c0026a18                __divdi3
 *fill*         0x00000000c0026b63        0x1 
 .text          0x00000000c0026b64      0x17e /cygdrive/d/Users/Alex/Desktop/Toolchain/Output/bin/../lib/gcc/i386-banana/8.1.0/libkgcc.a(_moddi3.o)
                0x00000000c0026b64                __moddi3
 *fill*         0x00000000c0026ce2        0x2 
 .text          0x00000000c0026ce4       0xff /cygdrive/d/Users/Alex/Desktop/Toolchain/Output/bin/../lib/gcc/i386-banana/8.1.0/libkgcc.a(_udivdi3.o)
                0x00000000c0026ce4                __udivdi3
 *fill*         0x00000000c0026de3        0x1 
 .text          0x00000000c0026de4      0x11a /cygdrive/d/Users/Alex/Desktop/Toolchain/Output/bin/../lib/gcc/i386-banana/8.1.0/libkgcc.a(_umoddi3.o)
                0x00000000c0026de4                __umoddi3
 .text          0x00000000c0026efe      0x96d D:/Users/Alex/Desktop/Banana/kernel/libsoftfp.a(sfieeelib.o)
                0x00000000c0026efe                __addsf3
                0x00000000c0027200                __subsf3
                0x00000000c0027214                __negsf2
                0x00000000c0027221                __mulsf3
                0x00000000c00273e4                __divsf3
                0x00000000c002760f                __floatsisf
                0x00000000c0027683                __floatunsisf
                0x00000000c00276c5                __fixsfsi
                0x00000000c0027727                __fixunssfsi
                0x00000000c0027758                __cmpsf2
                0x00000000c00277ed                __eqsf2
                0x00000000c0027828                __nesf2
                0x00000000c002782a                __gtsf2
                0x00000000c0027865                __gesf2
                0x00000000c0027867                __ltsf2
                0x00000000c0027869                __lesf2
 .text          0x00000000c002786b      0xf50 D:/Users/Alex/Desktop/Banana/kernel/libsoftfp.a(dfieeelib.o)
                0x00000000c002786b                __adddf3
                0x00000000c0027ebc                __subdf3