Archive member included to satisfy reference by file (symbol)

/cygdrive/d/Users/Alex/Desktop/Toolchain/Output/bin/../lib/gcc/i386-banana/8.1.0/libkgcc.a(_divdi3.o)
                              fs/fat/ff.32 (__divdi3)
/cygdrive/d/Users/Alex/Desktop/Toolchain/Output/bin/../lib/gcc/i386-banana/8.1.0/libkgcc.a(_moddi3.o)
                              compat/resolve.32 (__moddi3)
/cygdrive/d/Users/Alex/Desktop/Toolchain/Output/bin/../lib/gcc/i386-banana/8.1.0/libkgcc.a(_udivdi3.o)
                              fs/fat/ff.32 (__udivdi3)
/cygdrive/d/Users/Alex/Desktop/Toolchain/Output/bin/../lib/gcc/i386-banana/8.1.0/libkgcc.a(_umoddi3.o)
                              compat/resolve.32 (__umoddi3)
D:/Users/Alex/Desktop/Banana/kernel/libsoftfp.a(sfieeelib.o)
                              hal/sound/sndhw.32 (__addsf3)
D:/Users/Alex/Desktop/Banana/kernel/libsoftfp.a(dfieeelib.o)
                              hal/libresample/src_linear.32 (__adddf3)
D:/Users/Alex/Desktop/Banana/kernel/libsoftfp.a(sfdfcvt.o)
                              hal/libresample/samplerate.32 (__truncdfsf2)
D:/Users/Alex/Desktop/Banana/kernel/libk/libm32.a(s_fabs.c.o)
                              hal/libresample/samplerate.32 (fabs)
D:/Users/Alex/Desktop/Banana/kernel/libk/libm32.a(s_lrint.S.o)
                              hal/libresample/samplerate.32 (lrint)
D:/Users/Alex/Desktop/Banana/kernel/libk/libm32.a(s_lrintf.S.o)
                              hal/sound/sndhw.32 (lrintf)

Discarded input sections

 .comment       0x0000000000000000       0x12 /cygdrive/d/Users/Alex/Desktop/Toolchain/Output/bin/../lib/gcc/i386-banana/8.1.0/crtbegin.o
 .comment       0x0000000000000000       0x12 acpica/utclib.32
 .comment       0x0000000000000000       0x12 core/malloc.32
 .comment       0x0000000000000000       0x12 libk/string.32
 .comment       0x0000000000000000       0x12 fs/fat/diskio.32
 .comment       0x0000000000000000       0x12 fs/fat/ff.32
 .comment       0x0000000000000000       0x12 fs/fat/ffsystem.32
 .comment       0x0000000000000000       0x12 fs/fat/ffunicode.32
 .comment       0x0000000000000000       0x12 hal/libresample/samplerate.32
 .comment       0x0000000000000000       0x12 hal/libresample/src_linear.32
 .comment       0x0000000000000000       0x12 hal/libresample/src_sinc.32
 .comment       0x0000000000000000       0x12 hal/libresample/src_zoh.32
 .comment       0x0000000000000000       0x12 compat/inlines.32
 .comment       0x0000000000000000       0x12 compat/resolve.32
 .group         0x0000000000000000       0x14 core/computer.32
 .group         0x0000000000000000        0xc core/computer.32
 .comment       0x0000000000000000       0x12 core/computer.32
 .comment       0x0000000000000000       0x12 core/gdt.32
 .group         0x0000000000000000        0xc core/idle.32
 .comment       0x0000000000000000       0x12 core/idle.32
 .comment       0x0000000000000000       0x12 core/idt.32
 .comment       0x0000000000000000       0x12 core/kheap.32
 .comment       0x0000000000000000       0x12 core/main.32
 .comment       0x0000000000000000       0x12 core/physmgr.32
 .group         0x0000000000000000        0xc core/pipe.32
 .comment       0x0000000000000000       0x12 core/pipe.32
 .group         0x0000000000000000        0xc core/terminal.32
 .comment       0x0000000000000000       0x12 core/terminal.32
 .comment       0x0000000000000000       0x12 core/tss.32
 .group         0x0000000000000000        0x8 core/unixfile.32
 .group         0x0000000000000000        0xc core/unixfile.32
 .group         0x0000000000000000        0xc core/unixfile.32
 .group         0x0000000000000000        0x8 core/unixfile.32
 .group         0x0000000000000000        0xc core/unixfile.32
 .group         0x0000000000000000        0x8 core/unixfile.32
 .group         0x0000000000000000        0xc core/unixfile.32
 .group         0x0000000000000000        0xc core/unixfile.32
 .comment       0x0000000000000000       0x12 core/unixfile.32
 .comment       0x0000000000000000       0x12 core/virtmgr.32
 .comment       0x0000000000000000       0x12 coreobjs/c++.32
 .comment       0x0000000000000000       0x12 dbg/kconsole.32
 .group         0x0000000000000000        0xc fs/vfs.32
 .group         0x0000000000000000        0xc fs/vfs.32
 .group         0x0000000000000000        0xc fs/vfs.32
 .comment       0x0000000000000000       0x12 fs/vfs.32
 .group         0x0000000000000000        0xc hal/bus.32
 .comment       0x0000000000000000       0x12 hal/bus.32
 .group         0x0000000000000000        0xc hal/buzzer.32
 .comment       0x0000000000000000       0x12 hal/buzzer.32
 .group         0x0000000000000000        0xc hal/clock.32
 .comment       0x0000000000000000       0x12 hal/clock.32
 .group         0x0000000000000000       0x14 hal/device.32
 .group         0x0000000000000000        0xc hal/device.32
 .group         0x0000000000000000        0xc hal/device.32
 .group         0x0000000000000000        0xc hal/device.32
[...]
Memory Configuration

Name             Origin             Length             Attributes
*default*        0x0000000000000000 0xffffffffffffffff

Linker script and memory map

LOAD D:/Users/Alex/Desktop/Banana/kernel/boot.32
LOAD crti.32
LOAD /cygdrive/d/Users/Alex/Desktop/Toolchain/Output/bin/../lib/gcc/i386-banana/8.1.0/crtbegin.o
LOAD D:/Users/Alex/Desktop/Banana/kernel/morenasm.32
LOAD acpica/utclib.32
LOAD core/malloc.32
LOAD libk/string.32
LOAD fs/fat/diskio.32
LOAD fs/fat/ff.32
LOAD fs/fat/ffsystem.32
LOAD fs/fat/ffunicode.32
LOAD hal/libresample/samplerate.32
LOAD hal/libresample/src_linear.32
LOAD hal/libresample/src_sinc.32
LOAD hal/libresample/src_zoh.32
LOAD compat/inlines.32
LOAD compat/resolve.32
LOAD core/computer.32
LOAD core/gdt.32
LOAD core/idle.32
LOAD core/idt.32
LOAD core/kheap.32
LOAD core/main.32
LOAD core/physmgr.32
LOAD core/pipe.32
LOAD core/terminal.32
LOAD core/tss.32
LOAD core/unixfile.32
LOAD core/virtmgr.32
LOAD coreobjs/c++.32
LOAD dbg/kconsole.32
LOAD fs/vfs.32
LOAD hal/bus.32
LOAD hal/buzzer.32
LOAD hal/clock.32
LOAD hal/device.32
LOAD hal/diskctrl.32
LOAD hal/diskphys.32
LOAD hal/fpu.32
LOAD hal/intctrl.32
LOAD hal/keybrd.32
LOAD hal/logidisk.32
LOAD hal/mouse.32
LOAD hal/partition.32
LOAD hal/serial.32
LOAD hal/timer.32
LOAD hal/vcache.32
LOAD hal/video.32
LOAD hw/acpi.32
LOAD hw/cpu.32
LOAD hw/ports.32
LOAD hw/smp.32
LOAD krnl/env.32
LOAD krnl/panic.32
LOAD net/ethernet.32
LOAD reg/registry.32
LOAD sys/sc_eject.32
LOAD sys/sc_exit.32
LOAD sys/sc_getcwd.32
LOAD sys/sc_getpid.32
LOAD sys/sc_loaddll.32
LOAD sys/sc_read.32
LOAD sys/sc_sbrk.32
LOAD sys/sc_setcwd.32
LOAD sys/sc_settime.32
LOAD sys/sc_timezone.32
LOAD sys/sc_write.32
LOAD sys/sc_yield.32
LOAD sys/syscalls.32
LOAD thr/elf.32
LOAD thr/prcssthr.32
LOAD vm86/vm8086.32
LOAD vm86/x87em.32
LOAD fs/fat/vfslink.32
LOAD fs/iso9660/vfslink.32
LOAD hal/sound/sndchannel.32
LOAD hal/sound/sndhw.32
LOAD hw/bus/isa.32
LOAD hw/bus/pci.32
LOAD hw/diskctrl/ide.32
LOAD hw/diskctrl/satabus.32
LOAD hw/diskphys/ata.32
LOAD hw/diskphys/atapi.32
LOAD hw/diskphys/sata.32
LOAD hw/diskphys/satapi.32
LOAD hw/fpu/avx.32
LOAD hw/fpu/mmx.32
LOAD hw/fpu/sse.32
LOAD hw/fpu/x87.32
LOAD hw/intctrl/apic.32
LOAD hw/intctrl/pic.32
LOAD hw/timer/apictimer.32
LOAD hw/timer/pit.32
LOAD hw/fpu/x86/avx.32
LOAD hw/fpu/x86/sse.32
LOAD hw/fpu/x86/x87.32
LOAD /cygdrive/d/Users/Alex/Desktop/Toolchain/Output/bin/../lib/gcc/i386-banana/8.1.0/crtend.o
LOAD crtn.32
LOAD /cygdrive/d/Users/Alex/Desktop/Toolchain/Output/bin/../lib/gcc/i386-banana/8.1.0/libkgcc.a
LOAD D:/Users/Alex/Desktop/Banana/kernel/libsoftfp.a
LOAD D:/Users/Alex/Desktop/Banana/kernel/libk/libm32.a
                0x00000000c0000000                . = 0xc0000000

.text           0x00000000c0000000    0x27f48
 *(.text)
 .text          0x00000000c0000000       0x41 D:/Users/Alex/Desktop/Banana/kernel/boot.32
                0x00000000c0000020                callGlobalConstructors
 .text          0x00000000c0000041        0x0 crti.32
 *fill*         0x00000000c0000041        0x3 
 .text          0x00000000c0000044      0x101 /cygdrive/d/Users/Alex/Desktop/Toolchain/Output/bin/../lib/gcc/i386-banana/8.1.0/crtbegin.o
 *fill*         0x00000000c0000145        0xb 
 .text          0x00000000c0000150      0x4ed D:/Users/Alex/Desktop/Banana/kernel/morenasm.32
                0x00000000c0000150                manualPCIProbe
                0x00000000c000019b                prepareTramp
                0x00000000c00001b4                voodooXADD
                0x00000000c000027f                doTPAUSE
                0x00000000c0000289                hasLegacyFPU
                0x00000000c00002ae                is486
                0x00000000c00002e4                detectCPUID
                0x00000000c00002fa                goToVM86
                0x00000000c000032a                goToUsermode
                0x00000000c0000354                switchToThreadASMFirstTime
                0x00000000c0000362                switchToThreadASM
                0x00000000c00003ea                asmQuickAcquireLock
                0x00000000c0000408                asmQuickReleaseLock
                0x00000000c0000414                asmAcquireLock
                0x00000000c0000435                asmReleaseLock
                0x00000000c0000448                loadGDT
                0x00000000c0000468                isr0
                0x00000000c0000478                isr1
                0x00000000c0000482                isr2
                0x00000000c000048c                isr3
                0x00000000c0000496                isr4
                0x00000000c00004a0                isr5
                0x00000000c00004aa                isr6
                0x00000000c00004b4                isr7
                0x00000000c00004be                isr8
                0x00000000c00004c6                isr9
                0x00000000c00004d0                isr10
                0x00000000c00004d8                isr11
                0x00000000c00004e0                isr12
                0x00000000c00004e8                isr13
                0x00000000c00004f0                isr14
                0x00000000c00004f8                isr15
                0x00000000c0000502                isr16
                0x00000000c000050c                isr17
                0x00000000c0000516                isr18
                0x00000000c0000520                irq3
                0x00000000c000052a                irq4
                0x00000000c0000534                irq5
                0x00000000c000053e                irq6
                0x00000000c0000548                irq7
                0x00000000c0000552                irq8
                0x00000000c000055c                irq9
                0x00000000c0000566                irq10
                0x00000000c0000570                irq11
                0x00000000c000057a                irq12
                0x00000000c0000584                irq13
                0x00000000c000058e                irq14
                0x00000000c0000598                irq15
                0x00000000c00005a2                irq1
                0x00000000c00005a9                irq2
                0x00000000c00005b0                isr96
                0x00000000c00005b7                irq0
                0x00000000c00005bc                int_common_stub
                0x00000000c00005bc                syscall_common_stub
                0x00000000c00005ed                irq16
                0x00000000c00005f7                irq17
                0x00000000c0000601                irq18
                0x00000000c000060b                irq19
                0x00000000c0000615                irq20
                0x00000000c000061f                irq21
                0x00000000c0000629                irq22
                0x00000000c0000633                irq23
 *fill*         0x00000000c000063d        0x3 
 .text          0x00000000c0000640      0x611 acpica/utclib.32
                0x00000000c0000640                memcmp
                0x00000000c000067c                memmove
                0x00000000c0000744                memcpy
                0x00000000c0000778                memset
                0x00000000c0000794                strlen
                0x00000000c00007ac                strpbrk
                0x00000000c00007e8                strtok
                0x00000000c0000834                strcpy
                0x00000000c0000858                strncpy
                0x00000000c00008c0                strcmp
                0x00000000c0000900                strchr
                0x00000000c0000924                strncmp
                0x00000000c0000974                strcat
                0x00000000c00009a4                strncat
                0x00000000c00009e0                strstr
                0x00000000c0000a28                toupper
                0x00000000c0000a3c                tolower
                0x00000000c0000a50                simple_strtoul
 .text          0x00000000c0000c51      0xfbf core/malloc.32
                0x00000000c0000dbc                dlfree
                0x00000000c0001117                dlmalloc
                0x00000000c0001654                dlrealloc
                0x00000000c0001809                dlmemalign
                0x00000000c000192c                dlcalloc
                0x00000000c00019c6                dlcfree
                0x00000000c00019cb                dlindependent_calloc
                0x00000000c00019f0                dlindependent_comalloc
                0x00000000c0001a07                dlvalloc
                0x00000000c0001a32                dlpvalloc
                0x00000000c0001a68                dlmalloc_trim
                0x00000000c0001a75                dlmalloc_usable_size
                0x00000000c0001aa6                dlmallinfo
                0x00000000c0001b75                dlmalloc_stats
                0x00000000c0001b86                dlmallopt
 .text          0x00000000c0001c10        0x0 libk/string.32
 .text          0x00000000c0001c10       0x51 fs/fat/diskio.32
                0x00000000c0001c10                disk_status
                0x00000000c0001c13                disk_initialize
                0x00000000c0001c16                disk_read
                0x00000000c0001c2c                disk_write
                0x00000000c0001c42                disk_ioctl
 .text          0x00000000c0001c61     0x6833 fs/fat/ff.32
                0x00000000c0004f2f                f_mount
                0x00000000c0004f91                f_open
                0x00000000c00053cd                f_read
                0x00000000c000564d                f_write
                0x00000000c0005907                f_sync
                0x00000000c0005ae3                f_close
                0x00000000c0005b12                f_lseek
                0x00000000c0005fc9                f_opendir
                0x00000000c00060cb                f_closedir
                0x00000000c00060ed                f_readdir
                0x00000000c0006188                f_stat
                0x00000000c0006217                f_getfree
                0x00000000c00063e2                f_truncate
                0x00000000c00064da                f_unlink
                0x00000000c000665d                f_mkdir
                0x00000000c0006889                f_rename
                0x00000000c0006b7c                f_chmod
                0x00000000c0006c5a                f_utime
                0x00000000c0006d38                f_getlabel
                0x00000000c0006f26                f_setlabel
                0x00000000c0007193                f_forward
                0x00000000c0007371                f_mkfs
 .text          0x00000000c0008494       0x2d fs/fat/ffsystem.32
                0x00000000c0008494                ff_memalloc
                0x00000000c00084aa                ff_memfree
 .text          0x00000000c00084c1      0x253 fs/fat/ffunicode.32
                0x00000000c00084c1                ff_uni2oem
                0x00000000c0008551                ff_oem2uni
                0x00000000c00085bd                ff_wtoupper
 .text          0x00000000c0008714      0x8fb hal/libresample/samplerate.32
                0x00000000c0008758                src_delete
                0x00000000c0008794                src_process
                0x00000000c000894a                src_callback_read
                0x00000000c0008ac7                src_set_ratio
                0x00000000c0008b31                src_get_channels
                0x00000000c0008b53                src_reset
                0x00000000c0008b9f                src_new
                0x00000000c0008c2d                src_callback_new
                0x00000000c0008c8f                src_get_name
                0x00000000c0008cc6                src_get_description
                0x00000000c0008cfd                src_get_version
                0x00000000c0008d03                src_is_valid_ratio
                0x00000000c0008d57                src_error
                0x00000000c0008d65                src_strerror
                0x00000000c0008d78                src_simple
                0x00000000c0008dcb                src_short_to_float_array
                0x00000000c0008e30                src_float_to_short_array
                0x00000000c0008eef                src_int_to_float_array
                0x00000000c0008f52                src_float_to_int_array
 .text          0x00000000c000900f      0x8cb hal/libresample/src_linear.32
                0x00000000c0009835                linear_get_name
                0x00000000c0009844                linear_get_description
                0x00000000c0009853                linear_set_converter
 .text          0x00000000c00098da     0x447c hal/libresample/src_sinc.32
                0x00000000c000dc6d                sinc_get_name
                0x00000000c000dc80                sinc_get_description
                0x00000000c000dc93                sinc_set_converter
 .text          0x00000000c000dd56      0x77c hal/libresample/src_zoh.32
                0x00000000c000e42d                zoh_get_name
                0x00000000c000e43c                zoh_get_description
                0x00000000c000e44b                zoh_set_converter
 .text          0x00000000c000e4d2       0x23 compat/inlines.32
                0x00000000c000e4d2                CPU::current()
                0x00000000c000e4df                operator new(unsigned long)
 .text          0x00000000c000e4f5      0x111 compat/resolve.32
                0x00000000c000e4f5                Krnl::resolveCompatibilitySymbol(char*)
 .text          0x00000000c000e606      0xa1d core/computer.32
                0x00000000c000e606                Computer::close(int, int, void*)
                0x00000000c000e64a                Krnl::firstTask()
                0x00000000c000e740                Computer::Computer()
                0x00000000c000e740                Computer::Computer()
                0x00000000c000e89c                Computer::setBootMessage(char const*)
                0x00000000c000e89e                Computer::detectFeatures()
                0x00000000c000eaa8                Computer::displayFeatures()
                0x00000000c000edee                Computer::rdmsr(unsigned int)
                0x00000000c000ee1a                Computer::wrmsr(unsigned int, unsigned long long)
                0x00000000c000ee52                Computer::nmiEnabled()
                0x00000000c000ee5e                Computer::readCMOS(unsigned char)
                0x00000000c000ee78                Computer::enableNMI(bool)
                0x00000000c000ee90                Computer::open(int, int, void*)
                0x00000000c000ef66                Computer::disableNMI()
                0x00000000c000ef74                Computer::writeCMOS(unsigned char, unsigned char)
                0x00000000c000ef92                Computer::handleNMI()
                0x00000000c000eff8                Computer::setDiskActivityLight(int, bool)
 *fill*         0x00000000c000f023        0x1 
 .text          0x00000000c000f024      0x1b7 core/gdt.32
                0x00000000c000f024                GDTEntry::setBase(unsigned int)
                0x00000000c000f040                GDTEntry::setLimit(unsigned int)
                0x00000000c000f05e                GDT::GDT()
                0x00000000c000f05e                GDT::GDT()
                0x00000000c000f074                GDT::addEntry(GDTEntry)
                0x00000000c000f0b0                GDT::getNumberOfEntries()
                0x00000000c000f0b8                GDT::flush()
                0x00000000c000f0da                GDT::setup()
 .text          0x00000000c000f1db       0x62 core/idle.32
                0x00000000c000f1db                idleFunction(void*)
 *fill*         0x00000000c000f23d        0x1 
 .text          0x00000000c000f23e      0x45f core/idt.32
                0x00000000c000f23e                IDTEntry::IDTEntry(bool)
                0x00000000c000f23e                IDTEntry::IDTEntry(bool)
                0x00000000c000f2ac                IDTEntry::setOffset(unsigned int)
                0x00000000c000f2c0                IDT::IDT()
                0x00000000c000f2c0                IDT::IDT()
                0x00000000c000f2c2                IDT::getPointerToInvalidOpcodeEntryForF00F()
                0x00000000c000f2ca                IDT::addEntry(IDTEntry, int)
                0x00000000c000f2e4                IDT::addEntry(int, void (*)(), bool)
                0x00000000c000f31c                IDT::flush()
                0x00000000c000f336                IDT::setup()
 .text          0x00000000c000f69d      0x203 core/kheap.32
                0x00000000c000f69d                sbrk
                0x00000000c000f7ab                mmap
                0x00000000c000f7c1                munmap
                0x00000000c000f7d7                liballoc_lock()
                0x00000000c000f7e8                liballoc_unlock()
                0x00000000c000f7f9                liballoc_alloc(int)
                0x00000000c000f814                liballoc_free(void*, int)
                0x00000000c000f832                realloc
                0x00000000c000f846                malloc
                0x00000000c000f856                free
                0x00000000c000f866                rfree
                0x00000000c000f876                calloc
 .text          0x00000000c000f8a0      0x480 core/main.32
                0x00000000c000f8a0                hwTextMode_loadInData(VgaText*)
                0x00000000c000f8eb                hwTextMode_loadInTitle(VgaText*, char*)
                0x00000000c000f969                hwTextMode_showCursor(VgaText*, bool)
                0x00000000c000f9c7                hwTextMode_update(VgaText*)
                0x00000000c000f9c8                hwTextMode_updateCursor(VgaText*)
                0x00000000c000fa19                hwTextMode_disableBlink(VgaText*, bool)
                0x00000000c000fa5f                hwTextMode_scrollScreen(VgaText*)
                0x00000000c000fb0c                hwTextMode_writeCharacter(VgaText*, char, VgaColour, VgaColour, int, int)
                0x00000000c000fb8e                setupTextMode()
                0x00000000c000fbfe                kernel_main
 .text          0x00000000c000fd20      0x54d core/physmgr.32
                0x00000000c000fd20                Phys::allocateDMA(unsigned long)
                0x00000000c000fdc3                Phys::freeDMA(unsigned long, unsigned long)
                0x00000000c000fe0b                Phys::setPageState(unsigned long, bool)
                0x00000000c000fe3d                Phys::getPageState(unsigned long)
                0x00000000c000fe59                Phys::freePage(unsigned long)
                0x00000000c000fee3                Phys::allocatePage()
                0x00000000c000ffab                Phys::allocateContiguousPages(int)
                0x00000000c0010005                Phys::allowSegmentToBeUsed(unsigned long, unsigned long)
                0x00000000c001003d                Phys::physicalMemorySetup(unsigned int)
 *fill*         0x00000000c001026d        0x1 
 .text          0x00000000c001026e      0x273 core/pipe.32
                0x00000000c001026e                Pipe::isAtty()
                0x00000000c0010272                Pipe::~Pipe()
                0x00000000c0010272                Pipe::~Pipe()
                0x00000000c0010296                Pipe::~Pipe()
                0x00000000c00102be                Pipe::read(unsigned long long, void*, int*)
                0x00000000c00103b2                Pipe::write(unsigned long long, void*, int*)
                0x00000000c001047a                Pipe::Pipe(int)
                0x00000000c001047a                Pipe::Pipe(int)
 *fill*         0x00000000c00104e1        0x1 
 .text          0x00000000c00104e2      0xf73 core/terminal.32
                0x00000000c00104e2                VgaText::isAtty()
                0x00000000c00104e6                VgaText::~VgaText()
                0x00000000c00104e6                VgaText::~VgaText()
                0x00000000c001050a                VgaText::~VgaText()
                0x00000000c0010534                VgaText::read(unsigned long long, void*, int*)
                0x00000000c0010554                setTerminalScrollLock(bool)
                0x00000000c0010555                addToTerminalCycle(VgaText*)
                0x00000000c0010582                installVgaTextImplementation()
                0x00000000c0010597                scrollTerminalScrollLock(int)
                0x00000000c0010598                VgaText::load()
                0x00000000c00105ec                VgaText::updateCursor()
                0x00000000c0010606                VgaText::showCursor(bool)
                0x00000000c0010616                VgaText::disableBlink(bool)
                0x00000000c0010650                VgaText::doANSI_SGR(int)
                0x00000000c00106dc                VgaText::setDefaultBgColour(VgaColour)
                0x00000000c00106f2                VgaText::setDefaultFgColour(VgaColour)
                0x00000000c0010708                VgaText::setDefaultColours(VgaColour, VgaColour)
                0x00000000c0010728                VgaText::combineColours(unsigned char, unsigned char)
                0x00000000c001073a                VgaText::scrollScreen()
                0x00000000c00107ce                VgaText::combineCharAndColour(char, unsigned char)
                0x00000000c00107e0                VgaText::writeCharacter(char, VgaColour, VgaColour, int, int)
                0x00000000c0010840                VgaText::getCursorX()
                0x00000000c001084c                VgaText::getCursorY()
                0x00000000c0010858                VgaText::setCursor(int, int)
                0x00000000c0010876                VgaText::setCursorX(int)
                0x00000000c0010892                VgaText::setCursorY(int)
                0x00000000c00108ae                VgaText::incrementCursor(bool)
                0x00000000c0010916                VgaText::updateRAMUsageDisplay(int)
                0x00000000c001097a                VgaText::updateDiskUsage()
                0x00000000c0010ae4                VgaText::updateTitle()
                0x00000000c0010b2a                VgaText::setTitleTextColour(VgaColour)
                0x00000000c0010b3a                VgaText::setTitleColour(VgaColour)
                0x00000000c0010b4a                VgaText::setTitle(char*)
                0x00000000c0010b70                VgaText::decrementCursor(bool)
                0x00000000c0010b98                VgaText::putchar(char, VgaColour, VgaColour)
                0x00000000c0010c94                VgaText::isShowingCursor()
                0x00000000c0010ca0                VgaText::isBlinkDisabled()
                0x00000000c0010cae                VgaText::setCursorHeight(int)
                0x00000000c0010ccc                VgaText::getCursorHeight()
                0x00000000c0010cd7                setActiveTerminal(VgaText*)
                0x00000000c0010d89                doTerminalCycle()
                0x00000000c0010da6                VgaText::doUpdate()
                0x00000000c0010db8                VgaText::puts(char const*, VgaColour, VgaColour)
                0x00000000c0010f78                VgaText::clearScreen()
                0x00000000c0010fdc                VgaText::putchar(char)
                0x00000000c00110f6                VgaText::puts(char const*)
                0x00000000c001111c                VgaText::putx(unsigned int)
                0x00000000c0011162                VgaText::VgaText(char const*)
                0x00000000c0011162                VgaText::VgaText(char const*)
                0x00000000c00112f4                VgaText::receiveKey(unsigned char)
                0x00000000c00113dc                VgaText::write(unsigned long long, void*, int*)
                0x00000000c0011430                newTerminal(char*)
 *fill*         0x00000000c0011455        0x1 
 .text          0x00000000c0011456      0x1b3 core/tss.32
                0x00000000c0011456                TSS::TSS()
                0x00000000c0011456                TSS::TSS()
                0x00000000c0011464                TSS::setESP(unsigned long)
                0x00000000c0011476                TSS::flush()
                0x00000000c0011496                TSS::setup(unsigned long, unsigned long)
 *fill*         0x00000000c0011609        0x1 
 .text          0x00000000c001160a      0x4c2 core/unixfile.32
                0x00000000c001160a                ReservedFilename::read(unsigned long long, void*, int*)
                0x00000000c0011660                ReservedFilename::isAtty()
                0x00000000c001167c                ReservedFilename::write(unsigned long long, void*, int*)
                0x00000000c00116da                UnixFile::getFileDescriptor()
                0x00000000c00116e2                UnixFile::UnixFile(int)
                0x00000000c00116e2                UnixFile::UnixFile(int)
                0x00000000c0011892                ReservedFilename::ReservedFilename(int)
                0x00000000c0011892                ReservedFilename::ReservedFilename(int)
                0x00000000c00118c4                UnixFile::~UnixFile()
                0x00000000c00118c4                UnixFile::~UnixFile()
                0x00000000c001195c                UnixFile::~UnixFile()
                0x00000000c0011984                ReservedFilename::~ReservedFilename()
                0x00000000c0011984                ReservedFilename::~ReservedFilename()
                0x00000000c00119a8                ReservedFilename::~ReservedFilename()
                0x00000000c00119cf                getFromFileDescriptor(int)
 .text          0x00000000c0011acc      0xee3 core/virtmgr.32
                0x00000000c0011acc                Virt::setPageState(unsigned long, Virt::VirtPageState)
                0x00000000c0011b01                Virt::getPageState(unsigned long)
                0x00000000c0011b25                Virt::allocateKernelVirtualPages(int)
                0x00000000c0011c36                Virt::virtualMemorySetup()
                0x00000000c0011cb5                Virt::getAKernelVAS()
                0x00000000c0011cbb                Virt::setupPageSwapping(int)
                0x00000000c0011dea                VAS::VAS()
                0x00000000c0011dea                VAS::VAS()
                0x00000000c0011e1a                VAS::VAS(VAS*)
                0x00000000c0011e1a                VAS::VAS(VAS*)
                0x00000000c0011e3e                VAS::getForeignPageTableEntry(bool, unsigned long)
                0x00000000c0011e6a                VAS::getPageTableEntry(unsigned long)
                0x00000000c0011e89                Virt::freeKernelVirtualPages(unsigned long)
                0x00000000c0011fac                VAS::freeAllocatedPages(unsigned long)
                0x00000000c0011fd0                VAS::virtualToPhysical(unsigned long)
                0x00000000c0011fe8                VAS::reflagRange(unsigned long, int, int, int)
                0x00000000c0012028                VAS::setToWriteCombining(unsigned long, int)
                0x00000000c001205a                VAS::mapOtherVASIn(bool, VAS*)
                0x00000000c0012084                VAS::~VAS()
                0x00000000c0012084                VAS::~VAS()
                0x00000000c00121f0                VAS::mapPage(unsigned long, unsigned long, int)
                0x00000000c00122f0                VAS::allocatePages(int, int)
                0x00000000c00124c8                VAS::setCPUSpecific(unsigned long)
                0x00000000c00124e4                VAS::mapRange(unsigned long, unsigned long, int, int)
                0x00000000c00125aa                VAS::mapForeignPage(bool, VAS*, unsigned long, unsigned long, int)
                0x00000000c0012698                VAS::VAS(bool)
                0x00000000c0012698                VAS::VAS(bool)
                0x00000000c00128f3                mapVASFirstTime
 .text          0x00000000c00129af       0x95 coreobjs/c++.32
                0x00000000c00129af                __cxa_atexit
                0x00000000c00129b2                __cxa_finalize
                0x00000000c00129b3                __stack_chk_fail
                0x00000000c0012a1f                __cxa_pure_virtual
                0x00000000c0012a30                operator new[](unsigned long)
                0x00000000c0012a35                operator delete(void*, unsigned long)
                0x00000000c0012a3a                operator delete[](void*)
                0x00000000c0012a3f                operator delete[](void*, unsigned long)
 .text          0x00000000c0012a44      0x1ef dbg/kconsole.32
                0x00000000c0012a44                Dbg::stringifyxWithBase(unsigned int, char*, int)
                0x00000000c0012aa5                Dbg::logc(char)
                0x00000000c0012abc                Dbg::logs(char*)
                0x00000000c0012ad9                Dbg::logWriteInt(unsigned int)
                0x00000000c0012af6                Dbg::logWriteIntBase(unsigned int, int)
                0x00000000c0012b15                Dbg::kprintf(char const*, ...)
 *fill*         0x00000000c0012c33        0x1 
 .text          0x00000000c0012c34      0xb7c fs/vfs.32
                0x00000000c0012c34                File::read(unsigned long long, void*, int*)
                0x00000000c0012c8c                File::write(unsigned long long, void*, int*)
                0x00000000c0012ce4                Directory::read(unsigned long long, void*, int*)
                0x00000000c0012d3c                Directory::write(unsigned long long, void*, int*)
                0x00000000c0012d6a                File::isAtty()
                0x00000000c0012d6e                Directory::isAtty()
                0x00000000c0012d72                Filesystem::getlabel(LogicalDisk*, int, char*, unsigned int*)
                0x00000000c0012d78                Filesystem::setlabel(LogicalDisk*, int, char*)
                0x00000000c0012d7e                File::~File()
                0x00000000c0012d7e                File::~File()
                0x00000000c0012da2                File::~File()
                0x00000000c0012dcc                Directory::~Directory()
                0x00000000c0012dcc                Directory::~Directory()
                0x00000000c0012df0                Directory::~Directory()
                0x00000000c0012e1a                Filesystem::Filesystem()
                0x00000000c0012e1a                Filesystem::Filesystem()
                0x00000000c0012e3e                Filesystem::~Filesystem()
                0x00000000c0012e3e                Filesystem::~Filesystem()
                0x00000000c0012e4c                Filesystem::~Filesystem()
                0x00000000c0012e70                Fs::getcwd(Process*, char*, int)
                0x00000000c0012e9a                Fs::initVFS()
                0x00000000c0012ec4                Fs::standardiseFiles(char*, char const*, char const*)
                0x00000000c001306e                File::File(char const*, Process*)
                0x00000000c001306e                File::File(char const*, Process*)
                0x00000000c00130d2                File::open(FileOpenMode)
                0x00000000c0013130                File::close()
                0x00000000c0013190                File::seek(unsigned long long)
                0x00000000c00131e6                File::tell(unsigned long long*)
                0x00000000c0013236                File::rewind()
                0x00000000c001324a                File::unlink()
                0x00000000c0013296                File::rename(char const*)
                0x00000000c00132e4                File::chfatattr(unsigned char, unsigned char)
                0x00000000c0013340                File::exists()
                0x00000000c001337e                File::stat(unsigned long long*, bool*)
                0x00000000c00133df                Fs::setcwd(Process*, char*)
                0x00000000c001351a                Directory::Directory(char const*, Process*)
                0x00000000c001351a                Directory::Directory(char const*, Process*)
                0x00000000c001357e                Directory::open()
                0x00000000c00135da                Directory::close()
                0x00000000c001363a                Directory::unlink()
                0x00000000c0013686                Directory::rename(char const*)
                0x00000000c00136d4                Directory::exists()
                0x00000000c0013712                Directory::read(dirent*)
                0x00000000c001375e                Directory::create()
                0x00000000c00137aa                Filesystem::chfatattr(char const*, unsigned char, unsigned char)
 .text          0x00000000c00137b0       0x84 hal/bus.32
                0x00000000c00137b0                Bus::Bus(char const*)
                0x00000000c00137b0                Bus::Bus(char const*)
                0x00000000c00137e6                Bus::~Bus()
                0x00000000c00137e6                Bus::~Bus()
                0x00000000c001380a                Bus::~Bus()
 .text          0x00000000c0013834      0x14e hal/buzzer.32
                0x00000000c0013834                Buzzer::Buzzer(char const*)
                0x00000000c0013834                Buzzer::Buzzer(char const*)
                0x00000000c0013878                Buzzer::~Buzzer()
                0x00000000c0013878                Buzzer::~Buzzer()
                0x00000000c001389c                Buzzer::~Buzzer()
                0x00000000c00138c6                Buzzer::stop()
                0x00000000c00138d9                beepThread(void*)
                0x00000000c0013914                Buzzer::beep(int, int, bool)
 .text          0x00000000c0013982      0x467 hal/clock.32
                0x00000000c0013982                User::loadClockSettings(int)
                0x00000000c00139d4                Clock::Clock(char const*)
                0x00000000c00139d4                Clock::Clock(char const*)
                0x00000000c0013a0a                Clock::~Clock()
                0x00000000c0013a0a                Clock::~Clock()
                0x00000000c0013a2e                Clock::~Clock()
                0x00000000c0013a58                Clock::timeInSecondsLocal()
                0x00000000c0013aa0                Clock::setTimeInSecondsLocal(unsigned long long)
                0x00000000c0013af9                datetimeToSeconds(datetime_t)
                0x00000000c0013c20                Clock::setTimeInDatetimeLocal(datetime_t)
                0x00000000c0013c80                secondsToDatetime(unsigned long long)
                0x00000000c0013dc4                Clock::timeInDatetimeLocal()
 *fill*         0x00000000c0013de9        0x1 
 .text          0x00000000c0013dea      0x4de hal/device.32
                0x00000000c0013dea                Device::hibernate()
                0x00000000c0013dec                Device::wake()
                0x00000000c0013dee                Device::detect()
                0x00000000c0013df0                Device::disableLegacy()
                0x00000000c0013df2                Device::powerSaving(PowerSavingLevel)
                0x00000000c0013df4                DriverlessDevice::close(int, int, void*)
                0x00000000c0013df8                DriverlessDevice::detect()
                0x00000000c0013dfa                DriverlessDevice::open(int, int, void*)
                0x00000000c0013e0e                Device::~Device()
                0x00000000c0013e0e                Device::~Device()
                0x00000000c0013e1c                Device::~Device()
                0x00000000c0013e44                Device::findAndLoadDriver()
                0x00000000c0013e46                Device::preOpenPCI(PCIDeviceInfo)
                0x00000000c0013e6c                Device::preOpenACPI(void*, char*, char*)
                0x00000000c0013ec0                Device::addIRQHandler(int, void (*)(regs*, void*), bool, void*)
                0x00000000c0013efe                Device::removeIRQHandler(int, void (*)(regs*, void*), bool)
                0x00000000c0013f3c                Device::addChild(Device*)
                0x00000000c0013f80                Device::removeAllChildren()
                0x00000000c0013fc6                Device::hibernateAll()
                0x00000000c0013ff6                Device::wakeAll()
                0x00000000c0014026                Device::detectAll()
                0x00000000c0014056                Device::disableLegacyAll()
                0x00000000c0014086                Device::loadDriversForAll()
                0x00000000c00140b2                Device::closeAll()
                0x00000000c00140e8                Device::powerSavingAll(PowerSavingLevel)
                0x00000000c001411e                Device::setName(char const*)
                0x00000000c001412c                Device::Device(char const*)
                0x00000000c001412c                Device::Device(char const*)
                0x00000000c0014228                Device::getName()
                0x00000000c0014232                DriverlessDevice::DriverlessDevice(char const*)
                0x00000000c0014232                DriverlessDevice::DriverlessDevice(char const*)
                0x00000000c001425a                Device::addToLinkedList(LinkedList<Device>&, DeviceType)
                0x00000000c001429e                getDevicesOfType(DeviceType)
 .text          0x00000000c00142c8       0x84 hal/diskctrl.32
                0x00000000c00142c8                HardDiskController::HardDiskController(char const*)
                0x00000000c00142c8                HardDiskController::HardDiskController(char const*)
                0x00000000c00142fe                HardDiskController::~HardDiskController()
                0x00000000c00142fe                HardDiskController::~HardDiskController()
                0x00000000c0014322                HardDiskController::~HardDiskController()
 .text          0x00000000c001434c       0xf2 hal/diskphys.32
                0x00000000c001434c                PhysicalDisk::eject()
                0x00000000c0014360                PhysicalDisk::PhysicalDisk(char const*, int)
                0x00000000c0014360                PhysicalDisk::PhysicalDisk(char const*, int)
                0x00000000c00143c8                PhysicalDisk::startCache()
                0x00000000c00143f0                PhysicalDisk::~PhysicalDisk()
                0x00000000c00143f0                PhysicalDisk::~PhysicalDisk()
                0x00000000c0014414                PhysicalDisk::~PhysicalDisk()
 .text          0x00000000c001443e      0x13b hal/fpu.32
                0x00000000c001443e                FPU::FPU(char const*)
                0x00000000c001443e                FPU::FPU(char const*)
                0x00000000c0014474                FPU::~FPU()
                0x00000000c0014474                FPU::~FPU()
                0x00000000c0014498                FPU::~FPU()
                0x00000000c00144c2                setupFPU()
 *fill*         0x00000000c0014579        0x1 
 .text          0x00000000c001457a     0x1381 hal/intctrl.32
                0x00000000c001457a                InterruptController::uninstallISRHandler(int, void (*)(regs*, void*))
                0x00000000c00145b2                InterruptController::installISRHandler(int, void (*)(regs*, void*), void*)
                0x00000000c0014604                doubleFault(regs*, void*)
                0x00000000c001461e                InterruptController::installIRQHandler(int, void (*)(regs*, void*), bool, void*)
                0x00000000c00146ba                InterruptController::clearAllHandlers(int, bool)
                0x00000000c0014762                InterruptController::uninstallIRQHandler(int, void (*)(regs*, void*), bool)
                0x00000000c00147e9                nmiHandler(regs*, void*)
                0x00000000c00147f7                int_handler
                0x00000000c0014898                InterruptController::InterruptController(char const*)
                0x00000000c0014898                InterruptController::InterruptController(char const*)
                0x00000000c001493e                InterruptController::~InterruptController()
                0x00000000c001493e                InterruptController::~InterruptController()
                0x00000000c0014962                InterruptController::~InterruptController()
                0x00000000c001498c                displayDebugInfo(regs*)
                0x00000000c0014e1b                x87EmulHandler(regs*, void*)
                0x00000000c0014e4a                gpFault(regs*, void*)
                0x00000000c0014e83                pgFault(regs*, void*)
                0x00000000c0014e9a                otherISRHandler(regs*, void*)
                0x00000000c0014eb9                opcodeFault(regs*, void*)
                0x00000000c00154bf                displayProgramFault(char const*)
                0x00000000c00154e7                setupInterruptController()
                0x00000000c00158ae                InterruptController::convertLegacyIRQNumber(int)
 *fill*         0x00000000c00158fb        0x1 
 .text          0x00000000c00158fc      0x69a hal/keybrd.32
                0x00000000c00158fc                startGUI(void*)
                0x00000000c0015958                startGUIVESA(void*)
                0x00000000c00159b4                sendKeyToTerminal(unsigned char)
                0x00000000c0015a20                sendKeyboardToken(KeyboardToken)
                0x00000000c0015e30                clearInternalKeybuffer(VgaText*)
                0x00000000c0015e65                readKeyboard(VgaText*, char*, unsigned long)
                0x00000000c0015f0c                Keyboard::Keyboard(char const*)
                0x00000000c0015f0c                Keyboard::Keyboard(char const*)
                0x00000000c0015f48                Keyboard::~Keyboard()
                0x00000000c0015f48                Keyboard::~Keyboard()
                0x00000000c0015f6c                Keyboard::~Keyboard()
 .text          0x00000000c0015f96      0x414 hal/logidisk.32
                0x00000000c0015f96                LogicalDisk::close(int, int, void*)
                0x00000000c0015f9a                LogicalDisk::~LogicalDisk()
                0x00000000c0015f9a                LogicalDisk::~LogicalDisk()
                0x00000000c0015fbe                LogicalDisk::~LogicalDisk()
                0x00000000c0015fe8                LogicalDisk::open(int, int, void*)
                0x00000000c0015ffc                LogicalDisk::absoluteToRelative(unsigned long long)
                0x00000000c0016034                LogicalDisk::relativeToAbsolute(unsigned long long)
                0x00000000c001607a                LogicalDisk::LogicalDisk(char const*, PhysicalDisk*, unsigned long long, unsigned long long)
                0x00000000c001607a                LogicalDisk::LogicalDisk(char const*, PhysicalDisk*, unsigned long long, unsigned long long)
                0x00000000c0016130                LogicalDisk::assignDriveLetter()
                0x00000000c00161e6                LogicalDisk::mount()
                0x00000000c0016258                LogicalDisk::unmount()
                0x00000000c0016268                LogicalDisk::eject()
                0x00000000c001627c                LogicalDisk::unassignDriveLetter()
                0x00000000c00162d2                LogicalDisk::read(unsigned long long, int, void*)
                0x00000000c001633e                LogicalDisk::write(unsigned long long, int, void*)
 .text          0x00000000c00163aa       0x84 hal/mouse.32
                0x00000000c00163aa                Mouse::Mouse(char const*)
                0x00000000c00163aa                Mouse::Mouse(char const*)
                0x00000000c00163e0                Mouse::~Mouse()
                0x00000000c00163e0                Mouse::~Mouse()
                0x00000000c0016404                Mouse::~Mouse()
 .text          0x00000000c001642e      0x34d hal/partition.32
                0x00000000c001642e                makePartition(PhysicalDisk*, unsigned long long, unsigned long long)
                0x00000000c00164ea                createPartitionsForDisk(PhysicalDisk*)
 *fill*         0x00000000c001677b        0x1 
 .text          0x00000000c001677c       0x84 hal/serial.32
                0x00000000c001677c                Serial::Serial(char const*)
                0x00000000c001677c                Serial::Serial(char const*)
                0x00000000c00167b2                Serial::~Serial()
                0x00000000c00167b2                Serial::~Serial()
                0x00000000c00167d6                Serial::~Serial()
 .text          0x00000000c0016800      0x2b8 hal/timer.32
                0x00000000c0016800                Timer::Timer(char const*)
                0x00000000c0016800                Timer::Timer(char const*)
                0x00000000c0016836                Timer::~Timer()
                0x00000000c0016836                Timer::~Timer()
                0x00000000c001685a                Timer::~Timer()
                0x00000000c0016884                Timer::read()
                0x00000000c001688f                timerHandler(unsigned long long)
                0x00000000c00169c6                setupTimer(int)
 .text          0x00000000c0016ab8      0x425 hal/vcache.32
                0x00000000c0016ab8                VCache::VCache(PhysicalDisk*)
                0x00000000c0016ab8                VCache::VCache(PhysicalDisk*)
                0x00000000c0016c20                VCache::invalidateReadBuffer()
                0x00000000c0016c30                VCache::writeWriteBuffer()
                0x00000000c0016c6c                VCache::~VCache()
                0x00000000c0016c6c                VCache::~VCache()
                0x00000000c0016cc0                VCache::~VCache()
                0x00000000c0016ce8                VCache::write(unsigned long long, int, void*)
                0x00000000c0016dde                VCache::read(unsigned long long, int, void*)
 *fill*         0x00000000c0016edd        0x1 
 .text          0x00000000c0016ede      0x4cd hal/video.32
                0x00000000c0016ede                Video::putrect(int, int, int, int, unsigned int)
                0x00000000c0016f2a                Video::bitblit(int, int, int, int, int, int, int, unsigned int*)
                0x00000000c0016f9a                Video::blit(unsigned int*, int, int, int, int)
                0x00000000c0017018                Video::clearScreen(unsigned int)
                0x00000000c001704c                Video::putpixel(int, int, unsigned int)
                0x00000000c001705a                Video::Video(char const*)
                0x00000000c001705a                Video::Video(char const*)
                0x00000000c0017090                Video::~Video()
                0x00000000c0017090                Video::~Video()
                0x00000000c00170b4                Video::~Video()
                0x00000000c00170de                Video::isMonochrome()
                0x00000000c00170ea                Video::getWidth()
                0x00000000c00170f6                Video::getHeight()
                0x00000000c0017102                Video::drawCursor(int, int, unsigned char*, int)
                0x00000000c00171be                Video::tgaParse(unsigned char*, int, int*, int*)
                0x00000000c0017340                Video::putTGA(int, int, unsigned char*, int)
 *fill*         0x00000000c00173ab        0x1 
 .text          0x00000000c00173ac      0xf64 hw/acpi.32
                0x00000000c00173ac                ACPI::close(int, int, void*)
                0x00000000c0017461                findRSDP()
                0x00000000c00174eb                loadACPITables(unsigned char*)
                0x00000000c0017712                findRSDT(unsigned char*)
                0x00000000c0017830                findDataTable(unsigned char*, char*)
                0x00000000c00178cc                scanMADT()
                0x00000000c0017d52                ACPI::ACPI()
                0x00000000c0017d52                ACPI::ACPI()
                0x00000000c0017dbc                ACPI::getPCIIRQAssignment(unsigned char, unsigned short, unsigned char)
                0x00000000c0017e9e                ACPI::registerPCIIRQAssignment(void*, unsigned short, unsigned char, unsigned char)
                0x00000000c0017f64                ACPI::setScreenBrightnessLevel(void*, int)
                0x00000000c0017f6a                ACPI::writeSimpleBootFlag(SimpleBootFlagTable*)
                0x00000000c0017fb2                ACPI::open(int, int, void*)
                0x00000000c00182f8                ACPI::sleep()
 .text          0x00000000c0018310     0x1715 hw/cpu.32
                0x00000000c0018310                CPU::close(int, int, void*)
                0x00000000c0018314                CPU::lookupAMDName(unsigned char, unsigned char)
                0x00000000c00184a8                CPU::lookupIntelName(unsigned char, unsigned char)
                0x00000000c0018756                CPU::AMD_K6_write_msr(unsigned int, unsigned int, unsigned int, CPU::REGS*)
                0x00000000c0018772                CPU::AMD_K6_read_msr(unsigned int, CPU::REGS*)
                0x00000000c001878a                CPU::AMD_K6_writeback(int, int, int)
                0x00000000c00187fe                CPU::cpuid(int, unsigned long*, unsigned long*, unsigned long*, unsigned long*)
                0x00000000c0018882                CPU::cpuidCheckEDX(unsigned int)
                0x00000000c00188b0                CPU::cpuidCheckECX(unsigned int)
                0x00000000c00188de                CPU::cpuidCheckExtendedEBX(unsigned int)
                0x00000000c001890c                CPU::cpuidCheckExtendedECX(unsigned int)
                0x00000000c001893a                CPU::CPU()
                0x00000000c001893a                CPU::CPU()
                0x00000000c00189c8                CPU::displayFeatures()
                0x00000000c0018c44                CPU::detectFeatures()
                0x00000000c0019634                CPU::setupSMEP()
                0x00000000c0019640                CPU::setupUMIP()
                0x00000000c001964a                CPU::setupTSC()
                0x00000000c0019654                CPU::setupLargePages()
                0x00000000c001965e                CPU::setupPAT()
                0x00000000c001969a                CPU::setupMTRR()
                0x00000000c001969c                CPU::setupGlobalPages()
                0x00000000c00196a6                CPU::allowUsermodeDataAccess()
                0x00000000c00196b8                CPU::prohibitUsermodeDataAccess()
                0x00000000c00196ca                CPU::setupSMAP()
                0x00000000c00196d8                CPU::setupFeatures()
                0x00000000c0019758                CPU::open(int, int, void*)
                0x00000000c001982a                CPU::decodeAddress(regs*, int*, bool*, unsigned char*)
 .text          0x00000000c0019a25        0x0 hw/ports.32
 .text          0x00000000c0019a25       0x45 hw/smp.32
                0x00000000c0019a25                Krnl::startCPU(int)
 .text          0x00000000c0019a6a      0x5d3 krnl/env.32
                0x00000000c0019a6a                EnvVarContainer::getEnv(char const*)
                0x00000000c0019aa8                EnvVarContainer::setEnv(char const*, char const*)
                0x00000000c0019b74                EnvVarContainer::deleteEnv(char const*)
                0x00000000c0019b76                EnvVarContainer::loadFrom(char const*, char const*)
                0x00000000c0019d6c                EnvVarContainer::__loadSystem()
                0x00000000c0019d86                EnvVarContainer::__loadUser()
                0x00000000c0019d88                EnvVarContainer::EnvVarContainer(Process*)
                0x00000000c0019d88                EnvVarContainer::EnvVarContainer(Process*)
                0x00000000c0019daa                EnvVarContainer::~EnvVarContainer()
                0x00000000c0019daa                EnvVarContainer::~EnvVarContainer()
                0x00000000c0019dda                Krnl::getEnv(Process*, char const*)
                0x00000000c0019e3f                Krnl::setEnvSystem(char const*, char const*)
                0x00000000c0019e59                Krnl::setEnvUser(char const*, char const*)
                0x00000000c0019e78                Krnl::setEnvProcess(Process*, char const*, char const*)
                0x00000000c0019e8b                Krnl::deleteEnvSystem(char const*)
                0x00000000c0019e8c                Krnl::deleteEnvUser(char const*)
                0x00000000c0019e8d                Krnl::deleteEnvProcess(Process*, char const*)
                0x00000000c0019e8e                Krnl::newProcessEnv(Process*)
                0x00000000c0019eb0                Krnl::copyProcessEnv(Process*, Process*)
                0x00000000c0019f04                Krnl::loadSystemEnv()
                0x00000000c0019f32                Krnl::loadUserEnv()
                0x00000000c0019f58                Krnl::flushEnv()
                0x00000000c0019f59                Krnl::getProcessTotalEnvCount(Process*)
                0x00000000c0019f79                Krnl::getProcessEnvPair(Process*, int)
 .text          0x00000000c001a03d      0x396 krnl/panic.32
                0x00000000c001a03d                Krnl::panic(char const*)
 .text          0x00000000c001a3d3      0x3b6 net/ethernet.32
                0x00000000c001a3d3                Net::switchEndian16(unsigned short)
                0x00000000c001a3f4                Net::switchEndian32(unsigned int)
                0x00000000c001a423                Net::crc32Calc(unsigned char*, int)
                0x00000000c001a4b4                Net::wrapEthernetFrame(Net::UnwrappedEthernetFrame, unsigned char*)
                0x00000000c001a5f0                Net::unwrapEthernetFrame(unsigned char*, int)
 .text          0x00000000c001a789      0x513 reg/registry.32
                0x00000000c001a789                Reg::findLineFromLoadedData(char*, char*, char*)
                0x00000000c001a8e1                Reg::getLineFromRegistry(char*, char*, char*, char*)
                0x00000000c001aa36                Reg::getLine(char*, char*, char*)
                0x00000000c001aa6d                Reg::readInt(char*, char*, int*)
                0x00000000c001ab58                Reg::readString(char*, char*, char*, int)
                0x00000000c001abd9                Reg::readBool(char*, char*, bool*)
                0x00000000c001abfe                Reg::readBoolWithDefault(char*, char*, bool)
                0x00000000c001ac2a                Reg::readIntWithDefault(char*, char*, int)
                0x00000000c001ac56                Reg::readStringWithDefault(char*, char*, char*, int, char*)
 .text          0x00000000c001ac9c       0x36 sys/sc_eject.32
                0x00000000c001ac9c                Sys::eject(regs*)
 .text          0x00000000c001acd2       0x18 sys/sc_exit.32
                0x00000000c001acd2                Sys::exit(regs*)
 .text          0x00000000c001acea       0x1f sys/sc_getcwd.32
                0x00000000c001acea                Sys::getCwd(regs*)
 .text          0x00000000c001ad09        0xc sys/sc_getpid.32
                0x00000000c001ad09                Sys::getPID(regs*)
 .text          0x00000000c001ad15       0xa8 sys/sc_loaddll.32
                0x00000000c001ad15                Sys::loadDLL(regs*)
 .text          0x00000000c001adbd       0x68 sys/sc_read.32
                0x00000000c001adbd                Sys::read(regs*)
 .text          0x00000000c001ae25       0x55 sys/sc_sbrk.32
                0x00000000c001ae25                Sys::sbrk(regs*)
 .text          0x00000000c001ae7a       0x1c sys/sc_setcwd.32
                0x00000000c001ae7a                Sys::setCwd(regs*)
 .text          0x00000000c001ae96      0x128 sys/sc_settime.32
                0x00000000c001ae96                Sys::setTime(regs*)
 .text          0x00000000c001afbe       0x4a sys/sc_timezone.32
                0x00000000c001afbe                Sys::timezone(regs*)
 .text          0x00000000c001b008       0x68 sys/sc_write.32
                0x00000000c001b008                Sys::write(regs*)
 .text          0x00000000c001b070       0x3b sys/sc_yield.32
                0x00000000c001b070                Sys::yield(regs*)
 .text          0x00000000c001b0ab     0x1028 sys/syscalls.32
                0x00000000c001b0ab                sysCallSeekDir(regs*)
                0x00000000c001b0b0                sysCallTellDir(regs*)
                0x00000000c001b0b5                sysCallVerify(regs*)
                0x00000000c001b0bf                sysCallGetArgc(regs*)
                0x00000000c001b0cf                sysFormatDisk(regs*)
                0x00000000c001b139                sysSetDiskVolumeLabel(regs*)
                0x00000000c001b17f                sysGetDiskVolumeLabel(regs*)
                0x00000000c001b1d0                sysShutdown(regs*)
                0x00000000c001b22e                sysCallRealpath(regs*)
                0x00000000c001b271                sysCallReadDir(regs*)
                0x00000000c001b2ff                sysCallIsATTY(regs*)
                0x00000000c001b359                sysCallSeek(regs*)
                0x00000000c001b3c2                sysCallTell(regs*)
                0x00000000c001b43f                sysCallSize(regs*)
                0x00000000c001b4c2                sysCallSizeFromFilename(regs*)
                0x00000000c001b582                sysCallClose(regs*)
                0x00000000c001b60a                sysCallOpenDir(regs*)
                0x00000000c001b67f                sysCallCloseDir(regs*)
                0x00000000c001b6e5                sysCallMakeDir(regs*)
                0x00000000c001b755                sysCallWait(regs*)
                0x00000000c001b76f                sysCallNotImpl(regs*)
                0x00000000c001b78a                sysPanic(regs*)
                0x00000000c001b7b0                sysCallRmdir(regs*)
                0x00000000c001b814                sysCallUnlink(regs*)
                0x00000000c001b878                sysCallGetArgv(regs*)
                0x00000000c001b8c4                sysCallTTYName(regs*)
                0x00000000c001b947                sysCallUSleep(regs*)
                0x00000000c001b96e                sysCallSpawn(regs*)
                0x00000000c001b9c6                sysCallGetEnv(regs*)
                0x00000000c001ba73                sysAppSettings(regs*)
                0x00000000c001bb92                sysSetFatAttrib(regs*)
                0x00000000c001bc04                sysPipe(regs*)
                0x00000000c001bc49                sysGetUnixTime(regs*)
                0x00000000c001bc5d                string_ends_with(char const*, char const*)
                0x00000000c001bca5                sysCallOpen(regs*)
                0x00000000c001beba                Sys::loadSyscalls()
                0x00000000c001c091                Sys::systemCall(regs*, void*)
 .text          0x00000000c001c0d3     0x11bf thr/elf.32
                0x00000000c001c0d3                Thr::allocateMemoryForTask(Process*, File*, unsigned long, unsigned long, unsigned long)
                0x00000000c001c350                Thr::loadProgramIntoMemory(Process*, char const*)
                0x00000000c001c566                Thr::runtimeReferenceHelper()
                0x00000000c001c579                Thr::getAddressOfKernelSymbol(char const*)
                0x00000000c001c5c8                Thr::loadKernelSymbolTable(char const*)
                0x00000000c001c886                Thr::loadDriverIntoMemory(char const*, unsigned long, bool)
                0x00000000c001cfa2                Thr::getDriverBaseFromAddress(unsigned long)
                0x00000000c001cfd4                Thr::getDriverNameFromAddress(unsigned long)
                0x00000000c001d00b                Thr::getDriverOffsetFromAddress(unsigned long)
                0x00000000c001d025                Thr::loadDLL(char const*, bool)
                0x00000000c001d259                Thr::executeDLL(unsigned long, void*)
 .text          0x00000000c001d292     0x1056 thr/prcssthr.32
                0x00000000c001d292                changeTSS
                0x00000000c001d2c2                Process::addArgs(char**)
                0x00000000c001d31c                Process::Process(char const*, Process*, char**)
                0x00000000c001d31c                Process::Process(char const*, Process*, char**)
                0x00000000c001d500                Process::Process(bool, char const*, Process*, char**)
                0x00000000c001d500                Process::Process(bool, char const*, Process*, char**)
                0x00000000c001d6af                disableIRQs()
                0x00000000c001d6b7                getIRQNestingLevel()
                0x00000000c001d6bd                enableIRQs()
                0x00000000c001d6cc                lockScheduler()
                0x00000000c001d6ce                unlockScheduler()
                0x00000000c001d6d0                userModeEntryPoint(void*)
                0x00000000c001d6f3                lockStuff()
                0x00000000c001d6ff                taskStartupFunction
                0x00000000c001d708                updateTimeUsed()
                0x00000000c001d76d                switchToThread(ThreadControlBlock*)
                0x00000000c001d7be                Semaphore::Semaphore(int)
                0x00000000c001d7be                Semaphore::Semaphore(int)
                0x00000000c001d7ec                Mutex::Mutex()
                0x00000000c001d7ec                Mutex::Mutex()
                0x00000000c001d7fe                Process::createThread(void (*)(void*), void*, int)
                0x00000000c001d8e2                Process::createUserThread()
                0x00000000c001d8fe                setupMultitasking(void (*)())
                0x00000000c001da08                schedule()
                0x00000000c001da8d                unlockStuff()
                0x00000000c001dac2                Semaphore::tryAcquire()
                0x00000000c001daf0                Semaphore::assertLocked(char const*)
                0x00000000c001db20                blockTaskWithSchedulerLockAlreadyHeld(TaskState)
                0x00000000c001db62                blockTask(TaskState)
                0x00000000c001db83                waitTask(int, int*, int)
                0x00000000c001dbc5                nanoSleepUntil(unsigned long long)
                0x00000000c001dc1c                nanoSleep(unsigned long long)
                0x00000000c001dc31                sleep(unsigned long long)
                0x00000000c001dc4e                Semaphore::acquire()
                0x00000000c001dcb6                taskReturned
                0x00000000c001dce4                unblockTask(ThreadControlBlock*)
                0x00000000c001dd93                cleanupTerminatedTask(ThreadControlBlock*)
                0x00000000c001e05c                cleanerTaskFunction(void*)
                0x00000000c001e10f                terminateTask(int)
                0x00000000c001e1ef                Thr::terminateFromIRQ(int)
                0x00000000c001e1fc                Semaphore::release()
 .text          0x00000000c001e2e8      0xc26 vm86/vm8086.32
                0x00000000c001e2e8                Vm::inbv(unsigned short)
                0x00000000c001e2fb                Vm::outbv(unsigned short, unsigned char)
                0x00000000c001e34e                Vm::realToLinear(unsigned short, unsigned short)
                0x00000000c001e35e                Vm::getSegment(unsigned int)
                0x00000000c001e366                Vm::getOffset(unsigned int)
                0x00000000c001e36b                Vm::mainloop2()
                0x00000000c001e3a6                Vm::mainVm8086Loop(void*)
                0x00000000c001e3b3                Vm::mainloop3(unsigned long)
                0x00000000c001e3dd                Vm::initialise8086()
                0x00000000c001e420                Vm::finish8086()
                0x00000000c001e465                Vm::getOutput8086(unsigned char*)
                0x00000000c001e48f                Vm::start8086(char const*, unsigned short, unsigned short, unsigned short, unsigned short)
                0x00000000c001e5df                Vm::doISR(regs*, int, unsigned char*, unsigned short, unsigned short)
                0x00000000c001e669                Vm::readByteFromReal(unsigned short, unsigned short)
                0x00000000c001e67a                Vm::readWordFromReal(unsigned short, unsigned short)
                0x00000000c001e68c                Vm::readDwordFromReal(unsigned short, unsigned short)
                0x00000000c001e69d                Vm::writeByteFromReal(unsigned short, unsigned short, unsigned char)
                0x00000000c001e6b2                Vm::writeWordFromReal(unsigned short, unsigned short, unsigned short)
                0x00000000c001e6c8                Vm::writeDwordFromReal(unsigned short, unsigned short, unsigned int)
                0x00000000c001e6dd                Vm::faultHandler(regs*)
 .text          0x00000000c001ef0e      0xefd vm86/x87em.32
                0x00000000c001ef0e                Vm::fpuInternalTo32(unsigned long long)
                0x00000000c001ef69                Vm::fpuInternalTo64(unsigned long long)
                0x00000000c001ef72                Vm::fpu32ToInternal(unsigned int)
                0x00000000c001efb7                Vm::fpu64ToInternal(unsigned long long)
                0x00000000c001efc0                Vm::fpuFloatToLong(unsigned long long)
                0x00000000c001f01b                Vm::fpuULongToFloat(unsigned long long)
                0x00000000c001f051                Vm::fpuLongToFloat(long long)
                0x00000000c001f0a7                Vm::fpuGet0()
                0x00000000c001f0ac                Vm::fpuGet1()
                0x00000000c001f0b4                Vm::fpuGetPi()
                0x00000000c001f0bc                Vm::fpuGetLog2E()
                0x00000000c001f0d4                Vm::fpuGetLogE2()
                0x00000000c001f0ec                Vm::fpuGetLog210()
                0x00000000c001f104                Vm::fpuGetLog102()
                0x00000000c001f11c                Vm::fpuIsSecondLarger(unsigned long long, unsigned long long)
                0x00000000c001f130                Vm::fpuAreEqual(unsigned long long, unsigned long long)
                0x00000000c001f146                Vm::fpuUnorderedCompare(unsigned long long, unsigned long long)
                0x00000000c001f199                Vm::fpuAdd(unsigned long long, unsigned long long)
                0x00000000c001f1aa                Vm::fpuAbs(unsigned long long)
                0x00000000c001f1b3                Vm::fpuChs(unsigned long long)
                0x00000000c001f1c3                Vm::fpuSub(unsigned long long, unsigned long long)
                0x00000000c001f1d2                Vm::fpuMultiply(unsigned long long, unsigned long long)
                0x00000000c001f1f1                Vm::fpuDivide(unsigned long long, unsigned long long)
                0x00000000c001f20d                Vm::fpuSquare(unsigned long long)
                0x00000000c001f223                Vm::fpuGetReg(int)
                0x00000000c001f266                Vm::fpuSetReg(int, unsigned long long)
                0x00000000c001f2b1                Vm::fpuPush(unsigned long long)
                0x00000000c001f30e                Vm::fpuPop()
                0x00000000c001f360                Vm::x87Handler(regs*)
 *fill*         0x00000000c001fe0b        0x1 
 .text          0x00000000c001fe0c     0x10ed fs/fat/vfslink.32
                0x00000000c001fe0c                FAT::getName()
                0x00000000c001fe12                FAT::tell(void*, unsigned long long*)
                0x00000000c001fe46                FAT::stat(void*, unsigned long long*)
                0x00000000c001fe7a                FAT::~FAT()
                0x00000000c001fe7a                FAT::~FAT()
                0x00000000c001fe9e                FAT::~FAT()
                0x00000000c001fec6                FAT::getlabel(LogicalDisk*, int, char*, unsigned int*)
                0x00000000c001ff64                FAT::setlabel(LogicalDisk*, int, char*)
                0x00000000c002001e                FAT::format(LogicalDisk*, int, char const*, int)
                0x00000000c0020202                FAT::tryMount(LogicalDisk*, int)
                0x00000000c0020408                FAT::readDir(void*, unsigned long, void*, int*)
                0x00000000c002050e                FAT::read(void*, unsigned long, void*, int*)
                0x00000000c0020568                FAT::write(void*, unsigned long, void*, int*)
                0x00000000c00205c2                FAT::close(void*)
                0x00000000c002060e                FAT::closeDir(void*)
                0x00000000c002065a                FAT::seek(void*, unsigned long long)
                0x00000000c00206ae                fatWrapperReadDisk
                0x00000000c00206f5                fatWrapperWriteDisk
                0x00000000c002073c                fatWrapperIoctl
                0x00000000c0020840                FAT::FAT()
                0x00000000c0020840                FAT::FAT()
                0x00000000c0020892                FAT::fixFilepath(char*)
                0x00000000c00208ca                FAT::open(char const*, void**, FileOpenMode)
                0x00000000c00209f2                FAT::openDir(char const*, void**)
                0x00000000c0020a98                FAT::stat(char const*, unsigned long long*, bool*)
                0x00000000c0020b82                FAT::unlink(char const*)
                0x00000000c0020bfc                FAT::chfatattr(char const*, unsigned char, unsigned char)
                0x00000000c0020d50                FAT::rename(char const*, char const*)
                0x00000000c0020e14                FAT::mkdir(char const*)
                0x00000000c0020e8e                FAT::exists(char const*)
 *fill*         0x00000000c0020ef9        0x1 
 .text          0x00000000c0020efa      0xbc1 fs/iso9660/vfslink.32
                0x00000000c0020efa                ISO9660::format(LogicalDisk*, int, char const*, int)
                0x00000000c0020f00                ISO9660::seek(void*, unsigned long long)
                0x00000000c0020f30                ISO9660::tell(void*, unsigned long long*)
                0x00000000c0020f54                ISO9660::getName()
                0x00000000c0020f5a                ISO9660::stat(void*, unsigned long long*)
                0x00000000c0020f7e                ISO9660::chfatattr(char const*, unsigned char, unsigned char)
                0x00000000c0020f84                ISO9660::unlink(char const*)
                0x00000000c0020f8a                ISO9660::write(void*, unsigned long, void*, int*)
                0x00000000c0020f90                ISO9660::rename(char const*, char const*)
                0x00000000c0020f96                ISO9660::mkdir(char const*)
                0x00000000c0020f9c                ISO9660::close(void*)
                0x00000000c0020fbe                ISO9660::closeDir(void*)
                0x00000000c0020fe0                ISO9660::~ISO9660()
                0x00000000c0020fe0                ISO9660::~ISO9660()
                0x00000000c0021004                ISO9660::~ISO9660()
                0x00000000c002102b                __memmem(unsigned char*, int, unsigned char*, int)
                0x00000000c002106d                readSectorFromCDROM(unsigned int, unsigned char*, char)
                0x00000000c00210d4                ISO9660::tryMount(LogicalDisk*, int)
                0x00000000c0021124                ISO9660::read(void*, unsigned long, void*, int*)
                0x00000000c0021324                ISO9660::readDir(void*, unsigned long, void*, int*)
                0x00000000c00215b1                readRoot(unsigned int*, unsigned int*, char)
                0x00000000c0021606                readRecursively(char*, unsigned int, unsigned int, unsigned int*, unsigned int*, char, int*)
                0x00000000c00217d9                getFileData(char*, unsigned int*, unsigned int*, char, int*)
                0x00000000c0021868                ISO9660::open(char const*, void**, FileOpenMode)
                0x00000000c0021928                ISO9660::exists(char const*)
                0x00000000c002194c                ISO9660::stat(char const*, unsigned long long*, bool*)
                0x00000000c00219e0                ISO9660::openDir(char const*, void**)
                0x00000000c0021a98                ISO9660::ISO9660()
                0x00000000c0021a98                ISO9660::ISO9660()
 *fill*         0x00000000c0021abb        0x1 
 .text          0x00000000c0021abc      0x326 hal/sound/sndchannel.32
                0x00000000c0021abc                SoundChannel::~SoundChannel()
                0x00000000c0021abc                SoundChannel::~SoundChannel()
                0x00000000c0021ad8                SoundChannel::setSpeed(float)
                0x00000000c0021ae4                SoundChannel::getSpeed()
                0x00000000c0021aec                SoundChannel::setVolume(int)
                0x00000000c0021b08                SoundChannel::getVolume()
                0x00000000c0021b10                SoundChannel::pause()
                0x00000000c0021b1a                SoundChannel::SoundChannel(int, int, int, int)
                0x00000000c0021b1a                SoundChannel::SoundChannel(int, int, int, int)
                0x00000000c0021c70                SoundChannel::play()
                0x00000000c0021c7a                SoundChannel::paused()
                0x00000000c0021c82                SoundChannel::getSampleRate()
                0x00000000c0021c8a                SoundChannel::getBits()
                0x00000000c0021c92                SoundChannel::getBufferUsed()
                0x00000000c0021c9a                SoundChannel::getBufferSize()
                0x00000000c0021ca2                SoundChannel::unbuffer(float*, int, int)
                0x00000000c0021d42                SoundChannel::buffer8(unsigned char*, int)
 .text          0x00000000c0021de2      0x3d5 hal/sound/sndhw.32
                0x00000000c0021de2                SoundDevice::SoundDevice(char const*)
                0x00000000c0021de2                SoundDevice::SoundDevice(char const*)
                0x00000000c0021e4e                SoundDevice::~SoundDevice()
                0x00000000c0021e4e                SoundDevice::~SoundDevice()
                0x00000000c0021ec8                SoundDevice::~SoundDevice()
                0x00000000c0021ef2                SoundDevice::getFreeChannelNum()
                0x00000000c0021f0c                SoundDevice::addChannel(SoundChannel*)
                0x00000000c0021f7c                SoundDevice::removeChannel(int)
                0x00000000c0021fae                SoundDevice::floatTo8(float*, unsigned char*, int)
                0x00000000c0022096                SoundDevice::getAudio(int, float*, float*)
 .text          0x00000000c00221b7        0x0 hw/bus/isa.32
 *fill*         0x00000000c00221b7        0x1 
 .text          0x00000000c00221b8      0x6c3 hw/bus/pci.32
                0x00000000c00221b8                PCI::open(int, int, void*)
                0x00000000c00221cc                PCI::close(int, int, void*)
                0x00000000c00221d0                PCI::PCI()
                0x00000000c00221d0                PCI::PCI()
                0x00000000c0022250                PCI::pciReadWord(unsigned char, unsigned char, unsigned char, unsigned char)
                0x00000000c0022298                PCI::getVendorID(unsigned char, unsigned char, unsigned char)
                0x00000000c00222ba                PCI::getHeaderType(unsigned char, unsigned char, unsigned char)
                0x00000000c00222de                PCI::getClassCode(unsigned char, unsigned char, unsigned char)
                0x00000000c0022322                PCI::getProgIF(unsigned char, unsigned char, unsigned char)
                0x00000000c0022346                PCI::getRevisionID(unsigned char, unsigned char, unsigned char)
                0x00000000c0022368                PCI::getInterruptNumber(unsigned char, unsigned char, unsigned char)
                0x00000000c002238a                PCI::getSecondaryBus(unsigned char, unsigned char, unsigned char)
                0x00000000c00223ae                PCI::getBARAddress(unsigned char, unsigned char, unsigned char, unsigned char)
                0x00000000c002240e                PCI::pciWriteWord(unsigned char, unsigned char, unsigned char, unsigned char, unsigned short)
                0x00000000c002247a                PCI::checkBus(unsigned char)
                0x00000000c002249e                PCI::foundDevice(PCIDeviceInfo)
                0x00000000c0022610                PCI::getDeviceData(unsigned char, unsigned char, unsigned char)
                0x00000000c00227bc                PCI::checkDevice(unsigned char, unsigned char)
                0x00000000c0022828                PCI::detect()
 *fill*         0x00000000c002287b        0x1 
 .text          0x00000000c002287c      0xc70 hw/diskctrl/ide.32
                0x00000000c002287c                IDE::close(int, int, void*)
                0x00000000c0022880                IDE::IDE()
                0x00000000c0022880                IDE::IDE()
                0x00000000c00228b4                IDE::prepareInterrupt(unsigned char)
                0x00000000c00228c6                selectDrive(unsigned char, unsigned char)
                0x00000000c00228c8                IDE::getBase(unsigned char)
                0x00000000c00228da                IDE::write(unsigned char, unsigned char, unsigned char)
                0x00000000c002299a                IDE::read(unsigned char, unsigned char)
                0x00000000c0022a48                IDE::waitInterrupt(unsigned char)
                0x00000000c0022aae                ideChannel0IRQHandler(regs*, void*)
                0x00000000c0022aca                ideChannel1IRQHandler(regs*, void*)
                0x00000000c0022ae6                IDE::enableIRQs(unsigned char, bool)
                0x00000000c0022b2c                IDE::open(int, int, void*)
                0x00000000c0022f3c                IDE::readBuffer(unsigned char, unsigned char, unsigned int, unsigned int)
                0x00000000c0023008                IDE::detect()
                0x00000000c00232f0                IDE::printError(unsigned char, unsigned char, unsigned char)
                0x00000000c0023486                IDE::polling(unsigned char, unsigned int)
 .text          0x00000000c00234ec      0x390 hw/diskctrl/satabus.32
                0x00000000c00234ec                SATABus::close(int, int, void*)
                0x00000000c00234f0                SATABus::detect()
                0x00000000c00234f2                SATABus::SATABus()
                0x00000000c00234f2                SATABus::SATABus()
                0x00000000c002359e                SATABus::findCmdslot(SATABus::tagHBA_PORT volatile*)
                0x00000000c00235e6                SATABus::checkType(SATABus::tagHBA_PORT volatile*)
                0x00000000c002362e                SATABus::startCmd(SATABus::tagHBA_PORT volatile*)
                0x00000000c002364e                SATABus::stopCmd(SATABus::tagHBA_PORT volatile*)
                0x00000000c0023678                SATABus::portRebase(SATABus::tagHBA_PORT volatile*, int)
                0x00000000c002377e                SATABus::probePort(SATABus::tagHBA_MEM volatile*)
                0x00000000c002385c                SATABus::open(int, int, void*)
 .text          0x00000000c002387c      0x63c hw/diskphys/ata.32
                0x00000000c002387c                ATA::close(int, int, void*)
                0x00000000c00238a0                ATA::powerSaving(PowerSavingLevel)
                0x00000000c00238a2                ATA::ATA()
                0x00000000c00238a2                ATA::ATA()
                0x00000000c00238d0                ATA::flush(bool)
                0x00000000c002391a                ATA::readyForCommand()
                0x00000000c002396a                ATA::access(unsigned long long, int, void*, bool)
                0x00000000c0023cf2                ATA::read(unsigned long long, int, void*)
                0x00000000c0023d5a                ATA::write(unsigned long long, int, void*)
                0x00000000c0023dc2                ATA::detectCHS()
                0x00000000c0023dec                ATA::open(int, int, void*)
 .text          0x00000000c0023eb8      0x5bd hw/diskphys/atapi.32
                0x00000000c0023eb8                ATAPI::write(unsigned long long, int, void*)
                0x00000000c0023ebe                ATAPI::close(int, int, void*)
                0x00000000c0023ee2                ATAPI::ATAPI()
                0x00000000c0023ee2                ATAPI::ATAPI()
                0x00000000c0023f10                ATAPI::readyForCommand()
                0x00000000c0023f60                ATAPI::sendPacket(unsigned char*, int, bool, unsigned short*, int)
                0x00000000c0024220                ATAPI::diskRemoved()
                0x00000000c002423c                ATAPI::eject()
                0x00000000c0024284                ATAPI::diskInserted()
                0x00000000c00242b2                ATAPI::detectMedia()
                0x00000000c002436e                ATAPI::open(int, int, void*)
                0x00000000c00243f6                ATAPI::read(unsigned long long, int, void*)
 *fill*         0x00000000c0024475        0x1 
 .text          0x00000000c0024476      0x455 hw/diskphys/sata.32
                0x00000000c0024476                SATA::close(int, int, void*)
                0x00000000c002449a                SATA::powerSaving(PowerSavingLevel)
                0x00000000c002449c                SATA::open(int, int, void*)
                0x00000000c002454a                SATA::SATA()
                0x00000000c002454a                SATA::SATA()
                0x00000000c0024578                SATA::access(unsigned long long, int, void*, bool)
                0x00000000c00247de                SATA::read(unsigned long long, int, void*)
                0x00000000c0024846                SATA::write(unsigned long long, int, void*)
 *fill*         0x00000000c00248cb        0x1 
 .text          0x00000000c00248cc      0x500 hw/diskphys/satapi.32
                0x00000000c00248cc                SATAPI::write(unsigned long long, int, void*)
                0x00000000c00248d2                SATAPI::close(int, int, void*)
                0x00000000c00248f6                SATAPI::SATAPI()
                0x00000000c00248f6                SATAPI::SATAPI()
                0x00000000c0024924                SATAPI::diskRemoved()
                0x00000000c0024940                SATAPI::diskInserted()
                0x00000000c002496e                SATAPI::sendPacket(unsigned char*, int, unsigned long long, unsigned short*, int)
                0x00000000c0024b72                SATAPI::eject()
                0x00000000c0024bba                SATAPI::detectMedia()
                0x00000000c0024c7c                SATAPI::open(int, int, void*)
                0x00000000c0024d2a                SATAPI::read(unsigned long long, int, void*)
 .text          0x00000000c0024dcc       0x8e hw/fpu/avx.32
                0x00000000c0024dcc                AVX::open(int, int, void*)
                0x00000000c0024dde                AVX::close(int, int, void*)
                0x00000000c0024df0                AVX::available()
                0x00000000c0024e02                AVX::save(void*)
                0x00000000c0024e1a                AVX::load(void*)
                0x00000000c0024e32                AVX::AVX()
                0x00000000c0024e32                AVX::AVX()
 .text          0x00000000c0024e5a       0x90 hw/fpu/mmx.32
                0x00000000c0024e5a                MMX::available()
                0x00000000c0024e6e                MMX::open(int, int, void*)
                0x00000000c0024e80                MMX::close(int, int, void*)
                0x00000000c0024e92                MMX::save(void*)
                0x00000000c0024eaa                MMX::load(void*)
                0x00000000c0024ec2                MMX::MMX()
                0x00000000c0024ec2                MMX::MMX()
 .text          0x00000000c0024eea       0x96 hw/fpu/sse.32
                0x00000000c0024eea                SSE::open(int, int, void*)
                0x00000000c0024efc                SSE::close(int, int, void*)
                0x00000000c0024f0e                SSE::available()
                0x00000000c0024f28                SSE::save(void*)
                0x00000000c0024f40                SSE::load(void*)
                0x00000000c0024f58                SSE::SSE()
                0x00000000c0024f58                SSE::SSE()
 .text          0x00000000c0024f80       0x8e hw/fpu/x87.32
                0x00000000c0024f80                x87::open(int, int, void*)
                0x00000000c0024f92                x87::close(int, int, void*)
                0x00000000c0024fa4                x87::available()
                0x00000000c0024fb6                x87::save(void*)
                0x00000000c0024fce                x87::load(void*)
                0x00000000c0024fe6                x87::x87()
                0x00000000c0024fe6                x87::x87()
 .text          0x00000000c002500e      0x71e hw/intctrl/apic.32
                0x00000000c002500e                APIC::disable()
                0x00000000c0025010                APIC::close(int, int, void*)
                0x00000000c0025032                IOAPIC::close(int, int, void*)
                0x00000000c0025038                APIC::io_wait()
                0x00000000c002503e                APIC::getBase()
                0x00000000c0025080                APIC::eoi(unsigned char)
                0x00000000c00250ae                APIC::open(int, int, void*)
                0x00000000c00251fc                IOAPIC::IOAPIC()
                0x00000000c00251fc                IOAPIC::IOAPIC()
                0x00000000c0025224                APIC::APIC()
                0x00000000c0025224                APIC::APIC()
                0x00000000c0025300                IOAPIC::handlesGSIWithNumber(unsigned int)
                0x00000000c0025332                IOAPIC::read(int)
                0x00000000c002535a                IOAPIC::open(int, int, void*)
                0x00000000c0025450                IOAPIC::write(int, int)
                0x00000000c002547c                IOAPIC::redirect(unsigned char, unsigned long long, unsigned char, bool, bool)
                0x00000000c0025576                APIC::installIRQHandler(int, void (*)(regs*, void*), bool, void*)
 .text          0x00000000c002572c      0x3d3 hw/intctrl/pic.32
                0x00000000c002572c                PIC::disable()
                0x00000000c002575a                PIC::close(int, int, void*)
                0x00000000c002577c                PIC::PIC()
                0x00000000c002577c                PIC::PIC()
                0x00000000c0025852                PIC::ioWait()
                0x00000000c0025858                PIC::getIRQReg(int)
                0x00000000c00258c2                PIC::eoi(unsigned char)
                0x00000000c0025954                PIC::remap()
                0x00000000c0025ac0                PIC::open(int, int, void*)
 *fill*         0x00000000c0025aff        0x1 
 .text          0x00000000c0025b00      0x25e hw/timer/apictimer.32
                0x00000000c0025b00                APICTimer::close(int, int, void*)
                0x00000000c0025b06                apicTimerHandler(regs*, void*)
                0x00000000c0025b34                APICTimer::write(int)
                0x00000000c0025c38                APICTimer::open(int, int, void*)
                0x00000000c0025d36                APICTimer::APICTimer()
                0x00000000c0025d36                APICTimer::APICTimer()
 .text          0x00000000c0025d5e      0x1a7 hw/timer/pit.32
                0x00000000c0025d5e                PIT::write(int)
                0x00000000c0025ddc                pitHandler(regs*, void*)
                0x00000000c0025e08                PIT::open(int, int, void*)
                0x00000000c0025e56                PIT::close(int, int, void*)
                0x00000000c0025e86                PIT::PIT()
                0x00000000c0025e86                PIT::PIT()
 *fill*         0x00000000c0025f05        0xb 
 .text          0x00000000c0025f10       0x1e hw/fpu/x86/avx.32
                0x00000000c0025f10                avxDetect
                0x00000000c0025f16                avxSave
                0x00000000c0025f17                avxLoad
                0x00000000c0025f18                avxInit
                0x00000000c0025f19                avxClose
                0x00000000c0025f1a                wouldSheSayYes
 *fill*         0x00000000c0025f2e        0x2 
 .text          0x00000000c0025f30       0x35 hw/fpu/x86/sse.32
                0x00000000c0025f30                absolutelyNoChanceInHell
                0x00000000c0025f30                sseDetect
                0x00000000c0025f48                sseSave
                0x00000000c0025f4e                sseLoad
                0x00000000c0025f54                sseInit
                0x00000000c0025f64                sseClose
 *fill*         0x00000000c0025f65        0xb 
 .text          0x00000000c0025f70       0x47 hw/fpu/x86/x87.32
                0x00000000c0025f76                x87Detect
                0x00000000c0025f91                x87Save
                0x00000000c0025f97                x87Load
                0x00000000c0025f9c                x87Init
                0x00000000c0025fb6                x87Close
 *fill*         0x00000000c0025fb7        0x1 
 .text          0x00000000c0025fb8       0x25 /cygdrive/d/Users/Alex/Desktop/Toolchain/Output/bin/../lib/gcc/i386-banana/8.1.0/crtend.o
 .text          0x00000000c0025fdd        0x0 crtn.32
 *fill*         0x00000000c0025fdd        0x3 
 .text          0x00000000c0025fe0      0x14b /cygdrive/d/Users/Alex/Desktop/Toolchain/Output/bin/../lib/gcc/i386-banana/8.1.0/libkgcc.a(_divdi3.o)
                0x00000000c0025fe0                __divdi3
 *fill*         0x00000000c002612b        0x1 
 .text          0x00000000c002612c      0x17e /cygdrive/d/Users/Alex/Desktop/Toolchain/Output/bin/../lib/gcc/i386-banana/8.1.0/libkgcc.a(_moddi3.o)
                0x00000000c002612c                __moddi3
 *fill*         0x00000000c00262aa        0x2 
 .text          0x00000000c00262ac       0xff /cygdrive/d/Users/Alex/Desktop/Toolchain/Output/bin/../lib/gcc/i386-banana/8.1.0/libkgcc.a(_udivdi3.o)
                0x00000000c00262ac                __udivdi3
 *fill*         0x00000000c00263ab        0x1 
 .text          0x00000000c00263ac      0x11a /cygdrive/d/Users/Alex/Desktop/Toolchain/Output/bin/../lib/gcc/i386-banana/8.1.0/libkgcc.a(_umoddi3.o)
                0x00000000c00263ac                __umoddi3
 .text          0x00000000c00264c6      0x96d D:/Users/Alex/Desktop/Banana/kernel/libsoftfp.a(sfieeelib.o)
                0x00000000c00264c6                __addsf3
                0x00000000c00267c8                __subsf3
                0x00000000c00267dc                __negsf2
                0x00000000c00267e9                __mulsf3
                0x00000000c00269ac                __divsf3
                0x00000000c0026bd7                __floatsisf
                0x00000000c0026c4b                __floatunsisf
                0x00000000c0026c8d                __fixsfsi
                0x00000000c0026cef                __fixunssfsi
                0x00000000c0026d20                __cmpsf2
                0x00000000c0026db5                __eqsf2
                0x00000000c0026df0                __nesf2
                0x00000000c0026df2                __gtsf2
                0x00000000c0026e2d                __gesf2
                0x00000000c0026e2f                __ltsf2
                0x00000000c0026e31                __lesf2
 .text          0x00000000c0026e33      0xf50 D:/Users/Alex/Desktop/Banana/kernel/libsoftfp.a(dfieeelib.o)
                0x00000000c0026e33                __adddf3
                0x00000000c0027484                __subdf3
                0x00000000c002749f                __negdf2
                0x00000000c00274b0                __muldf3
                0x00000000c0027794                __divdf3
                0x00000000c0027b13                __floatsidf
                0x00000000c0027b6e                __floatunsidf
                0x00000000c0027bac                __fixdfsi
                0x00000000c0027c19                __fixunsdfsi
                0x00000000c0027c55                __cmpdf2
                0x00000000c0027d43                __eqdf2