Archive member included to satisfy reference by file (symbol)

/cygdrive/d/Users/Alex/Desktop/Toolchain/Output/bin/../lib/gcc/i386-banana/8.1.0/libkgcc.a(_divdi3.o)
                              fs/fat/ff.32 (__divdi3)
/cygdrive/d/Users/Alex/Desktop/Toolchain/Output/bin/../lib/gcc/i386-banana/8.1.0/libkgcc.a(_moddi3.o)
                              compat/resolve.32 (__moddi3)
/cygdrive/d/Users/Alex/Desktop/Toolchain/Output/bin/../lib/gcc/i386-banana/8.1.0/libkgcc.a(_udivdi3.o)
                              fs/fat/ff.32 (__udivdi3)
/cygdrive/d/Users/Alex/Desktop/Toolchain/Output/bin/../lib/gcc/i386-banana/8.1.0/libkgcc.a(_umoddi3.o)
                              compat/resolve.32 (__umoddi3)
D:/Users/Alex/Desktop/Banana/kernel/libsoftfp.a(sfieeelib.o)
                              hal/sound/sndhw.32 (__addsf3)
D:/Users/Alex/Desktop/Banana/kernel/libsoftfp.a(dfieeelib.o)
                              hal/libresample/src_linear.32 (__adddf3)
D:/Users/Alex/Desktop/Banana/kernel/libsoftfp.a(sfdfcvt.o)
                              hal/libresample/samplerate.32 (__truncdfsf2)
D:/Users/Alex/Desktop/Banana/kernel/libk/libm32.a(s_fabs.c.o)
                              hal/libresample/samplerate.32 (fabs)
D:/Users/Alex/Desktop/Banana/kernel/libk/libm32.a(s_lrint.S.o)
                              hal/libresample/samplerate.32 (lrint)
D:/Users/Alex/Desktop/Banana/kernel/libk/libm32.a(s_lrintf.S.o)
                              hal/sound/sndhw.32 (lrintf)

Discarded input sections

 .comment       0x0000000000000000       0x12 /cygdrive/d/Users/Alex/Desktop/Toolchain/Output/bin/../lib/gcc/i386-banana/8.1.0/crtbegin.o
 .comment       0x0000000000000000       0x12 acpica/utclib.32
 .comment       0x0000000000000000       0x12 core/malloc.32
 .comment       0x0000000000000000       0x12 libk/string.32
 .comment       0x0000000000000000       0x12 fs/fat/diskio.32
 .comment       0x0000000000000000       0x12 fs/fat/ff.32
 .comment       0x0000000000000000       0x12 fs/fat/ffsystem.32
 .comment       0x0000000000000000       0x12 fs/fat/ffunicode.32
 .comment       0x0000000000000000       0x12 hal/libresample/samplerate.32
 .comment       0x0000000000000000       0x12 hal/libresample/src_linear.32
 .comment       0x0000000000000000       0x12 hal/libresample/src_sinc.32
 .comment       0x0000000000000000       0x12 hal/libresample/src_zoh.32
 .comment       0x0000000000000000       0x12 compat/inlines.32
 .comment       0x0000000000000000       0x12 compat/resolve.32
 .group         0x0000000000000000       0x14 core/computer.32
 .group         0x0000000000000000        0xc core/computer.32
 .comment       0x0000000000000000       0x12 core/computer.32
 .comment       0x0000000000000000       0x12 core/gdt.32
 .group         0x0000000000000000        0xc core/idle.32
 .comment       0x0000000000000000       0x12 core/idle.32
 .comment       0x0000000000000000       0x12 core/idt.32
 .comment       0x0000000000000000       0x12 core/kheap.32
 .comment       0x0000000000000000       0x12 core/main.32
 .comment       0x0000000000000000       0x12 core/physmgr.32
 .group         0x0000000000000000        0xc core/pipe.32
 .comment       0x0000000000000000       0x12 core/pipe.32
 .group         0x0000000000000000        0xc core/terminal.32
 .comment       0x0000000000000000       0x12 core/terminal.32
 .comment       0x0000000000000000       0x12 core/tss.32
 .group         0x0000000000000000        0x8 core/unixfile.32
 .group         0x0000000000000000        0xc core/unixfile.32
 .group         0x0000000000000000        0xc core/unixfile.32
 .group         0x0000000000000000        0x8 core/unixfile.32
 .group         0x0000000000000000        0xc core/unixfile.32
 .group         0x0000000000000000        0x8 core/unixfile.32
 .group         0x0000000000000000        0xc core/unixfile.32
 .group         0x0000000000000000        0xc core/unixfile.32
 .comment       0x0000000000000000       0x12 core/unixfile.32
 .comment       0x0000000000000000       0x12 core/virtmgr.32
 .comment       0x0000000000000000       0x12 coreobjs/c++.32
 .comment       0x0000000000000000       0x12 dbg/kconsole.32
 .group         0x0000000000000000        0xc fs/vfs.32
 .group         0x0000000000000000        0xc fs/vfs.32
 .group         0x0000000000000000        0xc fs/vfs.32
 .comment       0x0000000000000000       0x12 fs/vfs.32
 .group         0x0000000000000000        0xc hal/bus.32
 .comment       0x0000000000000000       0x12 hal/bus.32
 .group         0x0000000000000000        0xc hal/buzzer.32
 .comment       0x0000000000000000       0x12 hal/buzzer.32
 .group         0x0000000000000000        0xc hal/clock.32
 .comment       0x0000000000000000       0x12 hal/clock.32
 .group         0x0000000000000000       0x14 hal/device.32
 .group         0x0000000000000000        0xc hal/device.32
 .group         0x0000000000000000        0xc hal/device.32
 .group         0x0000000000000000        0xc hal/device.32
[...]
Memory Configuration

Name             Origin             Length             Attributes
*default*        0x0000000000000000 0xffffffffffffffff

Linker script and memory map

LOAD D:/Users/Alex/Desktop/Banana/kernel/boot.32
LOAD crti.32
LOAD /cygdrive/d/Users/Alex/Desktop/Toolchain/Output/bin/../lib/gcc/i386-banana/8.1.0/crtbegin.o
LOAD D:/Users/Alex/Desktop/Banana/kernel/morenasm.32
LOAD acpica/utclib.32
LOAD core/malloc.32
LOAD libk/string.32
LOAD fs/fat/diskio.32
LOAD fs/fat/ff.32
LOAD fs/fat/ffsystem.32
LOAD fs/fat/ffunicode.32
LOAD hal/libresample/samplerate.32
LOAD hal/libresample/src_linear.32
LOAD hal/libresample/src_sinc.32
LOAD hal/libresample/src_zoh.32
LOAD compat/inlines.32
LOAD compat/resolve.32
LOAD core/computer.32
LOAD core/gdt.32
LOAD core/idle.32
LOAD core/idt.32
LOAD core/kheap.32
LOAD core/main.32
LOAD core/physmgr.32
LOAD core/pipe.32
LOAD core/terminal.32
LOAD core/tss.32
LOAD core/unixfile.32
LOAD core/virtmgr.32
LOAD coreobjs/c++.32
LOAD dbg/kconsole.32
LOAD fs/vfs.32
LOAD hal/bus.32
LOAD hal/buzzer.32
LOAD hal/clock.32
LOAD hal/device.32
LOAD hal/diskctrl.32
LOAD hal/diskphys.32
LOAD hal/fpu.32
LOAD hal/intctrl.32
LOAD hal/keybrd.32
LOAD hal/logidisk.32
LOAD hal/mouse.32
LOAD hal/partition.32
LOAD hal/serial.32
LOAD hal/timer.32
LOAD hal/vcache.32
LOAD hal/video.32
LOAD hw/acpi.32
LOAD hw/cpu.32
LOAD hw/ports.32
LOAD hw/smp.32
LOAD krnl/env.32
LOAD krnl/panic.32
LOAD net/ethernet.32
LOAD reg/registry.32
LOAD sys/sc_eject.32
LOAD sys/sc_exit.32
LOAD sys/sc_getcwd.32
LOAD sys/sc_getpid.32
LOAD sys/sc_getramdata.32
LOAD sys/sc_loaddll.32
LOAD sys/sc_read.32
LOAD sys/sc_sbrk.32
LOAD sys/sc_setcwd.32
LOAD sys/sc_settime.32
LOAD sys/sc_timezone.32
LOAD sys/sc_write.32
LOAD sys/sc_wsbe.32
LOAD sys/sc_yield.32
LOAD sys/syscalls.32
LOAD thr/elf.32
LOAD thr/prcssthr.32
LOAD vm86/vm8086.32
LOAD vm86/x87em.32
LOAD fs/fat/vfslink.32
LOAD fs/iso9660/vfslink.32
LOAD hal/sound/sndchannel.32
LOAD hal/sound/sndhw.32
LOAD hw/bus/isa.32
LOAD hw/bus/pci.32
LOAD hw/diskctrl/ide.32
LOAD hw/diskctrl/satabus.32
LOAD hw/diskphys/ata.32
LOAD hw/diskphys/atapi.32
LOAD hw/diskphys/sata.32
LOAD hw/diskphys/satapi.32
LOAD hw/fpu/avx.32
LOAD hw/fpu/mmx.32
LOAD hw/fpu/sse.32
LOAD hw/fpu/x87.32
LOAD hw/intctrl/apic.32
LOAD hw/intctrl/pic.32
LOAD hw/timer/apictimer.32
LOAD hw/timer/pit.32
LOAD hw/fpu/x86/avx.32
LOAD hw/fpu/x86/sse.32
LOAD hw/fpu/x86/x87.32
LOAD /cygdrive/d/Users/Alex/Desktop/Toolchain/Output/bin/../lib/gcc/i386-banana/8.1.0/crtend.o
LOAD crtn.32
LOAD /cygdrive/d/Users/Alex/Desktop/Toolchain/Output/bin/../lib/gcc/i386-banana/8.1.0/libkgcc.a
LOAD D:/Users/Alex/Desktop/Banana/kernel/libsoftfp.a
LOAD D:/Users/Alex/Desktop/Banana/kernel/libk/libm32.a
                0x00000000c0000000                . = 0xc0000000

.text           0x00000000c0000000    0x28738
 *(.text)
 .text          0x00000000c0000000       0x41 D:/Users/Alex/Desktop/Banana/kernel/boot.32
                0x00000000c0000020                callGlobalConstructors
 .text          0x00000000c0000041        0x0 crti.32
 *fill*         0x00000000c0000041        0x3 
 .text          0x00000000c0000044      0x101 /cygdrive/d/Users/Alex/Desktop/Toolchain/Output/bin/../lib/gcc/i386-banana/8.1.0/crtbegin.o
 *fill*         0x00000000c0000145        0xb 
 .text          0x00000000c0000150      0x4ed D:/Users/Alex/Desktop/Banana/kernel/morenasm.32
                0x00000000c0000150                manualPCIProbe
                0x00000000c000019b                prepareTramp
                0x00000000c00001b4                voodooXADD
                0x00000000c000027f                doTPAUSE
                0x00000000c0000289                hasLegacyFPU
                0x00000000c00002ae                is486
                0x00000000c00002e4                detectCPUID
                0x00000000c00002fa                goToVM86
                0x00000000c000032a                goToUsermode
                0x00000000c0000354                switchToThreadASMFirstTime
                0x00000000c0000362                switchToThreadASM
                0x00000000c00003ea                asmQuickAcquireLock
                0x00000000c0000408                asmQuickReleaseLock
                0x00000000c0000414                asmAcquireLock
                0x00000000c0000435                asmReleaseLock
                0x00000000c0000448                loadGDT
                0x00000000c0000468                isr0
                0x00000000c0000478                isr1
                0x00000000c0000482                isr2
                0x00000000c000048c                isr3
                0x00000000c0000496                isr4
                0x00000000c00004a0                isr5
                0x00000000c00004aa                isr6
                0x00000000c00004b4                isr7
                0x00000000c00004be                isr8
                0x00000000c00004c6                isr9
                0x00000000c00004d0                isr10
                0x00000000c00004d8                isr11
                0x00000000c00004e0                isr12
                0x00000000c00004e8                isr13
                0x00000000c00004f0                isr14
                0x00000000c00004f8                isr15
                0x00000000c0000502                isr16
                0x00000000c000050c                isr17
                0x00000000c0000516                isr18
                0x00000000c0000520                irq3
                0x00000000c000052a                irq4
                0x00000000c0000534                irq5
                0x00000000c000053e                irq6
                0x00000000c0000548                irq7
                0x00000000c0000552                irq8
                0x00000000c000055c                irq9
                0x00000000c0000566                irq10
                0x00000000c0000570                irq11
                0x00000000c000057a                irq12
                0x00000000c0000584                irq13
                0x00000000c000058e                irq14
                0x00000000c0000598                irq15
                0x00000000c00005a2                irq1
                0x00000000c00005a9                irq2
                0x00000000c00005b0                isr96
                0x00000000c00005b7                irq0
                0x00000000c00005bc                int_common_stub
                0x00000000c00005bc                syscall_common_stub
                0x00000000c00005ed                irq16
                0x00000000c00005f7                irq17
                0x00000000c0000601                irq18
                0x00000000c000060b                irq19
                0x00000000c0000615                irq20
                0x00000000c000061f                irq21
                0x00000000c0000629                irq22
                0x00000000c0000633                irq23
 *fill*         0x00000000c000063d        0x3 
 .text          0x00000000c0000640      0x611 acpica/utclib.32
                0x00000000c0000640                memcmp
                0x00000000c000067c                memmove
                0x00000000c0000744                memcpy
                0x00000000c0000778                memset
                0x00000000c0000794                strlen
                0x00000000c00007ac                strpbrk
                0x00000000c00007e8                strtok
                0x00000000c0000834                strcpy
                0x00000000c0000858                strncpy
                0x00000000c00008c0                strcmp
                0x00000000c0000900                strchr
                0x00000000c0000924                strncmp
                0x00000000c0000974                strcat
                0x00000000c00009a4                strncat
                0x00000000c00009e0                strstr
                0x00000000c0000a28                toupper
                0x00000000c0000a3c                tolower
                0x00000000c0000a50                simple_strtoul
 .text          0x00000000c0000c51      0xfbf core/malloc.32
                0x00000000c0000dbc                dlfree
                0x00000000c0001117                dlmalloc
                0x00000000c0001654                dlrealloc
                0x00000000c0001809                dlmemalign
                0x00000000c000192c                dlcalloc
                0x00000000c00019c6                dlcfree
                0x00000000c00019cb                dlindependent_calloc
                0x00000000c00019f0                dlindependent_comalloc
                0x00000000c0001a07                dlvalloc
                0x00000000c0001a32                dlpvalloc
                0x00000000c0001a68                dlmalloc_trim
                0x00000000c0001a75                dlmalloc_usable_size
                0x00000000c0001aa6                dlmallinfo
                0x00000000c0001b75                dlmalloc_stats
                0x00000000c0001b86                dlmallopt
 .text          0x00000000c0001c10        0x0 libk/string.32
 .text          0x00000000c0001c10       0x51 fs/fat/diskio.32
                0x00000000c0001c10                disk_status
                0x00000000c0001c13                disk_initialize
                0x00000000c0001c16                disk_read
                0x00000000c0001c2c                disk_write
                0x00000000c0001c42                disk_ioctl
 .text          0x00000000c0001c61     0x6833 fs/fat/ff.32
                0x00000000c0004f2f                f_mount
                0x00000000c0004f91                f_open
                0x00000000c00053cd                f_read
                0x00000000c000564d                f_write
                0x00000000c0005907                f_sync
                0x00000000c0005ae3                f_close
                0x00000000c0005b12                f_lseek
                0x00000000c0005fc9                f_opendir
                0x00000000c00060cb                f_closedir
                0x00000000c00060ed                f_readdir
                0x00000000c0006188                f_stat
                0x00000000c0006217                f_getfree
                0x00000000c00063e2                f_truncate
                0x00000000c00064da                f_unlink
                0x00000000c000665d                f_mkdir
                0x00000000c0006889                f_rename
                0x00000000c0006b7c                f_chmod
                0x00000000c0006c5a                f_utime
                0x00000000c0006d38                f_getlabel
                0x00000000c0006f26                f_setlabel
                0x00000000c0007193                f_forward
                0x00000000c0007371                f_mkfs
 .text          0x00000000c0008494       0x2d fs/fat/ffsystem.32
                0x00000000c0008494                ff_memalloc
                0x00000000c00084aa                ff_memfree
 .text          0x00000000c00084c1      0x253 fs/fat/ffunicode.32
                0x00000000c00084c1                ff_uni2oem
                0x00000000c0008551                ff_oem2uni
                0x00000000c00085bd                ff_wtoupper
 .text          0x00000000c0008714      0x8fb hal/libresample/samplerate.32
                0x00000000c0008758                src_delete
                0x00000000c0008794                src_process
                0x00000000c000894a                src_callback_read
                0x00000000c0008ac7                src_set_ratio
                0x00000000c0008b31                src_get_channels
                0x00000000c0008b53                src_reset
                0x00000000c0008b9f                src_new
                0x00000000c0008c2d                src_callback_new
                0x00000000c0008c8f                src_get_name
                0x00000000c0008cc6                src_get_description
                0x00000000c0008cfd                src_get_version
                0x00000000c0008d03                src_is_valid_ratio
                0x00000000c0008d57                src_error
                0x00000000c0008d65                src_strerror
                0x00000000c0008d78                src_simple
                0x00000000c0008dcb                src_short_to_float_array
                0x00000000c0008e30                src_float_to_short_array
                0x00000000c0008eef                src_int_to_float_array
                0x00000000c0008f52                src_float_to_int_array
 .text          0x00000000c000900f      0x8cb hal/libresample/src_linear.32
                0x00000000c0009835                linear_get_name
                0x00000000c0009844                linear_get_description
                0x00000000c0009853                linear_set_converter
 .text          0x00000000c00098da     0x447c hal/libresample/src_sinc.32
                0x00000000c000dc6d                sinc_get_name
                0x00000000c000dc80                sinc_get_description
                0x00000000c000dc93                sinc_set_converter
 .text          0x00000000c000dd56      0x77c hal/libresample/src_zoh.32
                0x00000000c000e42d                zoh_get_name
                0x00000000c000e43c                zoh_get_description
                0x00000000c000e44b                zoh_set_converter
 .text          0x00000000c000e4d2       0x23 compat/inlines.32
                0x00000000c000e4d2                CPU::current()
                0x00000000c000e4df                operator new(unsigned long)
 .text          0x00000000c000e4f5      0x111 compat/resolve.32
                0x00000000c000e4f5                Krnl::resolveCompatibilitySymbol(char*)
 .text          0x00000000c000e606      0xa17 core/computer.32
                0x00000000c000e606                Computer::close(int, int, void*)
                0x00000000c000e64a                Krnl::firstTask()
                0x00000000c000e73a                Computer::Computer()
                0x00000000c000e73a                Computer::Computer()
                0x00000000c000e896                Computer::setBootMessage(char const*)
                0x00000000c000e898                Computer::detectFeatures()
                0x00000000c000eaa2                Computer::displayFeatures()
                0x00000000c000ede8                Computer::rdmsr(unsigned int)
                0x00000000c000ee14                Computer::wrmsr(unsigned int, unsigned long long)
                0x00000000c000ee4c                Computer::nmiEnabled()
                0x00000000c000ee58                Computer::readCMOS(unsigned char)
                0x00000000c000ee72                Computer::enableNMI(bool)
                0x00000000c000ee8a                Computer::open(int, int, void*)
                0x00000000c000ef60                Computer::disableNMI()
                0x00000000c000ef6e                Computer::writeCMOS(unsigned char, unsigned char)
                0x00000000c000ef8c                Computer::handleNMI()
                0x00000000c000eff2                Computer::setDiskActivityLight(int, bool)
 *fill*         0x00000000c000f01d        0x1 
 .text          0x00000000c000f01e      0x1b7 core/gdt.32
                0x00000000c000f01e                GDTEntry::setBase(unsigned int)
                0x00000000c000f03a                GDTEntry::setLimit(unsigned int)
                0x00000000c000f058                GDT::GDT()
                0x00000000c000f058                GDT::GDT()
                0x00000000c000f06e                GDT::addEntry(GDTEntry)
                0x00000000c000f0aa                GDT::getNumberOfEntries()
                0x00000000c000f0b2                GDT::flush()
                0x00000000c000f0d4                GDT::setup()
 .text          0x00000000c000f1d5       0x62 core/idle.32
                0x00000000c000f1d5                idleFunction(void*)
 *fill*         0x00000000c000f237        0x1 
 .text          0x00000000c000f238      0x45f core/idt.32
                0x00000000c000f238                IDTEntry::IDTEntry(bool)
                0x00000000c000f238                IDTEntry::IDTEntry(bool)
                0x00000000c000f2a6                IDTEntry::setOffset(unsigned int)
                0x00000000c000f2ba                IDT::IDT()
                0x00000000c000f2ba                IDT::IDT()
                0x00000000c000f2bc                IDT::getPointerToInvalidOpcodeEntryForF00F()
                0x00000000c000f2c4                IDT::addEntry(IDTEntry, int)
                0x00000000c000f2de                IDT::addEntry(int, void (*)(), bool)
                0x00000000c000f316                IDT::flush()
                0x00000000c000f330                IDT::setup()
 .text          0x00000000c000f697      0x206 core/kheap.32
                0x00000000c000f697                sbrk
                0x00000000c000f7a5                mmap
                0x00000000c000f7bb                munmap
                0x00000000c000f7d1                liballoc_lock()
                0x00000000c000f7e2                liballoc_unlock()
                0x00000000c000f7f3                liballoc_alloc(int)
                0x00000000c000f811                liballoc_free(void*, int)
                0x00000000c000f82f                realloc
                0x00000000c000f843                malloc
                0x00000000c000f853                free
                0x00000000c000f863                rfree
                0x00000000c000f873                calloc
 .text          0x00000000c000f89d      0x485 core/main.32
                0x00000000c000f89d                hwTextMode_loadInData(VgaText*)
                0x00000000c000f8e8                hwTextMode_loadInTitle(VgaText*, char*)
                0x00000000c000f966                hwTextMode_showCursor(VgaText*, bool)
                0x00000000c000f9c4                hwTextMode_update(VgaText*)
                0x00000000c000f9c5                hwTextMode_updateCursor(VgaText*)
                0x00000000c000fa16                hwTextMode_disableBlink(VgaText*, bool)
                0x00000000c000fa5c                hwTextMode_scrollScreen(VgaText*)
                0x00000000c000fb09                hwTextMode_writeCharacter(VgaText*, char, VgaColour, VgaColour, int, int)
                0x00000000c000fb8b                setupTextMode()
                0x00000000c000fbfb                kernel_main
 .text          0x00000000c000fd22      0x5cb core/physmgr.32
                0x00000000c000fd22                Phys::allocateDMA(unsigned long)
                0x00000000c000fdc5                Phys::freeDMA(unsigned long, unsigned long)
                0x00000000c000fe0d                Phys::setPageState(unsigned long, bool)
                0x00000000c000fe3f                Phys::getPageState(unsigned long)
                0x00000000c000fe5b                Phys::freePage(unsigned long)
                0x00000000c000fee5                Phys::allocatePage()
                0x00000000c001002b                Phys::allocateContiguousPages(int)
                0x00000000c0010085                Phys::allowSegmentToBeUsed(unsigned long, unsigned long)
                0x00000000c00100bd                Phys::physicalMemorySetup(unsigned int)
 *fill*         0x00000000c00102ed        0x1 
 .text          0x00000000c00102ee      0x273 core/pipe.32
                0x00000000c00102ee                Pipe::isAtty()
                0x00000000c00102f2                Pipe::~Pipe()
                0x00000000c00102f2                Pipe::~Pipe()
                0x00000000c0010316                Pipe::~Pipe()
                0x00000000c001033e                Pipe::read(unsigned long long, void*, int*)
                0x00000000c0010432                Pipe::write(unsigned long long, void*, int*)
                0x00000000c00104fa                Pipe::Pipe(int)
                0x00000000c00104fa                Pipe::Pipe(int)
 *fill*         0x00000000c0010561        0x1 
 .text          0x00000000c0010562      0xf73 core/terminal.32
                0x00000000c0010562                VgaText::isAtty()
                0x00000000c0010566                VgaText::~VgaText()
                0x00000000c0010566                VgaText::~VgaText()
                0x00000000c001058a                VgaText::~VgaText()
                0x00000000c00105b4                VgaText::read(unsigned long long, void*, int*)
                0x00000000c00105d4                setTerminalScrollLock(bool)
                0x00000000c00105d5                addToTerminalCycle(VgaText*)
                0x00000000c0010602                installVgaTextImplementation()
                0x00000000c0010617                scrollTerminalScrollLock(int)
                0x00000000c0010618                VgaText::load()
                0x00000000c001066c                VgaText::updateCursor()
                0x00000000c0010686                VgaText::showCursor(bool)
                0x00000000c0010696                VgaText::disableBlink(bool)
                0x00000000c00106d0                VgaText::doANSI_SGR(int)
                0x00000000c001075c                VgaText::setDefaultBgColour(VgaColour)
                0x00000000c0010772                VgaText::setDefaultFgColour(VgaColour)
                0x00000000c0010788                VgaText::setDefaultColours(VgaColour, VgaColour)
                0x00000000c00107a8                VgaText::combineColours(unsigned char, unsigned char)
                0x00000000c00107ba                VgaText::scrollScreen()
                0x00000000c001084e                VgaText::combineCharAndColour(char, unsigned char)
                0x00000000c0010860                VgaText::writeCharacter(char, VgaColour, VgaColour, int, int)
                0x00000000c00108c0                VgaText::getCursorX()
                0x00000000c00108cc                VgaText::getCursorY()
                0x00000000c00108d8                VgaText::setCursor(int, int)
                0x00000000c00108f6                VgaText::setCursorX(int)
                0x00000000c0010912                VgaText::setCursorY(int)
                0x00000000c001092e                VgaText::incrementCursor(bool)
                0x00000000c0010996                VgaText::updateRAMUsageDisplay(int)
                0x00000000c00109fa                VgaText::updateDiskUsage()
                0x00000000c0010b64                VgaText::updateTitle()
                0x00000000c0010baa                VgaText::setTitleTextColour(VgaColour)
                0x00000000c0010bba                VgaText::setTitleColour(VgaColour)
                0x00000000c0010bca                VgaText::setTitle(char*)
                0x00000000c0010bf0                VgaText::decrementCursor(bool)
                0x00000000c0010c18                VgaText::putchar(char, VgaColour, VgaColour)
                0x00000000c0010d14                VgaText::isShowingCursor()
                0x00000000c0010d20                VgaText::isBlinkDisabled()
                0x00000000c0010d2e                VgaText::setCursorHeight(int)
                0x00000000c0010d4c                VgaText::getCursorHeight()
                0x00000000c0010d57                setActiveTerminal(VgaText*)
                0x00000000c0010e09                doTerminalCycle()
                0x00000000c0010e26                VgaText::doUpdate()
                0x00000000c0010e38                VgaText::puts(char const*, VgaColour, VgaColour)
                0x00000000c0010ff8                VgaText::clearScreen()
                0x00000000c001105c                VgaText::putchar(char)
                0x00000000c0011176                VgaText::puts(char const*)
                0x00000000c001119c                VgaText::putx(unsigned int)
                0x00000000c00111e2                VgaText::VgaText(char const*)
                0x00000000c00111e2                VgaText::VgaText(char const*)
                0x00000000c0011374                VgaText::receiveKey(unsigned char)
                0x00000000c001145c                VgaText::write(unsigned long long, void*, int*)
                0x00000000c00114b0                newTerminal(char*)
 *fill*         0x00000000c00114d5        0x1 
 .text          0x00000000c00114d6      0x1b3 core/tss.32
                0x00000000c00114d6                TSS::TSS()
                0x00000000c00114d6                TSS::TSS()
                0x00000000c00114e4                TSS::setESP(unsigned long)
                0x00000000c00114f6                TSS::flush()
                0x00000000c0011516                TSS::setup(unsigned long, unsigned long)
 *fill*         0x00000000c0011689        0x1 
 .text          0x00000000c001168a      0x4c2 core/unixfile.32
                0x00000000c001168a                ReservedFilename::read(unsigned long long, void*, int*)
                0x00000000c00116e0                ReservedFilename::isAtty()
                0x00000000c00116fc                ReservedFilename::write(unsigned long long, void*, int*)
                0x00000000c001175a                UnixFile::getFileDescriptor()
                0x00000000c0011762                UnixFile::UnixFile(int)
                0x00000000c0011762                UnixFile::UnixFile(int)
                0x00000000c0011912                ReservedFilename::ReservedFilename(int)
                0x00000000c0011912                ReservedFilename::ReservedFilename(int)
                0x00000000c0011944                UnixFile::~UnixFile()
                0x00000000c0011944                UnixFile::~UnixFile()
                0x00000000c00119dc                UnixFile::~UnixFile()
                0x00000000c0011a04                ReservedFilename::~ReservedFilename()
                0x00000000c0011a04                ReservedFilename::~ReservedFilename()
                0x00000000c0011a28                ReservedFilename::~ReservedFilename()
                0x00000000c0011a4f                getFromFileDescriptor(int)
 .text          0x00000000c0011b4c     0x136d core/virtmgr.32
                0x00000000c0011b4c                Virt::setPageState(unsigned long, Virt::VirtPageState)
                0x00000000c0011b81                Virt::getPageState(unsigned long)
                0x00000000c0011ba5                Virt::allocateKernelVirtualPages(int)
                0x00000000c0011cb6                Virt::freeSwapfilePage(unsigned long)
                0x00000000c0011cd4                Virt::swapIDToSector(unsigned long)
                0x00000000c0011ce6                Virt::allocateSwapfilePage()
                0x00000000c0011d64                Virt::virtualMemorySetup()
                0x00000000c0011de3                Virt::swappingSetup()
                0x00000000c0011e40                Virt::getAKernelVAS()
                0x00000000c0011e46                Virt::setupPageSwapping(int)
                0x00000000c0011f76                VAS::VAS()
                0x00000000c0011f76                VAS::VAS()
                0x00000000c0011fa6                VAS::VAS(VAS*)
                0x00000000c0011fa6                VAS::VAS(VAS*)
                0x00000000c0011fca                VAS::getForeignPageTableEntry(bool, unsigned long)
                0x00000000c0011ff6                VAS::getPageTableEntry(unsigned long)
                0x00000000c0012015                Virt::freeKernelVirtualPages(unsigned long)
                0x00000000c0012138                VAS::freeAllocatedPages(unsigned long)
                0x00000000c001215c                VAS::virtualToPhysical(unsigned long)
                0x00000000c0012174                VAS::reflagRange(unsigned long, int, int, int)
                0x00000000c00121b4                VAS::setToWriteCombining(unsigned long, int)
                0x00000000c00121e6                VAS::mapOtherVASIn(bool, VAS*)
                0x00000000c0012210                VAS::~VAS()
                0x00000000c0012210                VAS::~VAS()
                0x00000000c001237c                VAS::mapPage(unsigned long, unsigned long, int)
                0x00000000c001247c                VAS::allocatePages(int, int)
                0x00000000c0012654                VAS::setCPUSpecific(unsigned long)
                0x00000000c0012670                VAS::mapRange(unsigned long, unsigned long, int, int)
                0x00000000c0012736                VAS::mapForeignPage(bool, VAS*, unsigned long, unsigned long, int)
                0x00000000c0012824                VAS::VAS(bool)
                0x00000000c0012824                VAS::VAS(bool)
                0x00000000c0012a80                VAS::evict(unsigned long)
                0x00000000c0012b3e                VAS::scanForEviction(int, int)
                0x00000000c0012bfc                VAS::tryLoadBackOffDisk(unsigned long)
                0x00000000c0012dfd                mapVASFirstTime
 .text          0x00000000c0012eb9       0x95 coreobjs/c++.32
                0x00000000c0012eb9                __cxa_atexit
                0x00000000c0012ebc                __cxa_finalize
                0x00000000c0012ebd                __stack_chk_fail
                0x00000000c0012f29                __cxa_pure_virtual
                0x00000000c0012f3a                operator new[](unsigned long)
                0x00000000c0012f3f                operator delete(void*, unsigned long)
                0x00000000c0012f44                operator delete[](void*)
                0x00000000c0012f49                operator delete[](void*, unsigned long)
 .text          0x00000000c0012f4e      0x1ef dbg/kconsole.32
                0x00000000c0012f4e                Dbg::stringifyxWithBase(unsigned int, char*, int)
                0x00000000c0012faf                Dbg::logc(char)
                0x00000000c0012fc6                Dbg::logs(char*)
                0x00000000c0012fe3                Dbg::logWriteInt(unsigned int)
                0x00000000c0013000                Dbg::logWriteIntBase(unsigned int, int)
                0x00000000c001301f                Dbg::kprintf(char const*, ...)
 *fill*         0x00000000c001313d        0x1 
 .text          0x00000000c001313e      0xb7c fs/vfs.32
                0x00000000c001313e                File::read(unsigned long long, void*, int*)
                0x00000000c0013196                File::write(unsigned long long, void*, int*)
                0x00000000c00131ee                Directory::read(unsigned long long, void*, int*)
                0x00000000c0013246                Directory::write(unsigned long long, void*, int*)
                0x00000000c0013274                File::isAtty()
                0x00000000c0013278                Directory::isAtty()
                0x00000000c001327c                Filesystem::getlabel(LogicalDisk*, int, char*, unsigned int*)
                0x00000000c0013282                Filesystem::setlabel(LogicalDisk*, int, char*)
                0x00000000c0013288                File::~File()
                0x00000000c0013288                File::~File()
                0x00000000c00132ac                File::~File()
                0x00000000c00132d6                Directory::~Directory()
                0x00000000c00132d6                Directory::~Directory()
                0x00000000c00132fa                Directory::~Directory()
                0x00000000c0013324                Filesystem::Filesystem()
                0x00000000c0013324                Filesystem::Filesystem()
                0x00000000c0013348                Filesystem::~Filesystem()
                0x00000000c0013348                Filesystem::~Filesystem()
                0x00000000c0013356                Filesystem::~Filesystem()
                0x00000000c001337a                Fs::getcwd(Process*, char*, int)
                0x00000000c00133a4                Fs::initVFS()
                0x00000000c00133ce                Fs::standardiseFiles(char*, char const*, char const*)
                0x00000000c0013578                File::File(char const*, Process*)
                0x00000000c0013578                File::File(char const*, Process*)
                0x00000000c00135dc                File::open(FileOpenMode)
                0x00000000c001363a                File::close()
                0x00000000c001369a                File::seek(unsigned long long)
                0x00000000c00136f0                File::tell(unsigned long long*)
                0x00000000c0013740                File::rewind()
                0x00000000c0013754                File::unlink()
                0x00000000c00137a0                File::rename(char const*)
                0x00000000c00137ee                File::chfatattr(unsigned char, unsigned char)
                0x00000000c001384a                File::exists()
                0x00000000c0013888                File::stat(unsigned long long*, bool*)
                0x00000000c00138e9                Fs::setcwd(Process*, char*)
                0x00000000c0013a24                Directory::Directory(char const*, Process*)
                0x00000000c0013a24                Directory::Directory(char const*, Process*)
                0x00000000c0013a88                Directory::open()
                0x00000000c0013ae4                Directory::close()
                0x00000000c0013b44                Directory::unlink()
                0x00000000c0013b90                Directory::rename(char const*)
                0x00000000c0013bde                Directory::exists()
                0x00000000c0013c1c                Directory::read(dirent*)
                0x00000000c0013c68                Directory::create()
                0x00000000c0013cb4                Filesystem::chfatattr(char const*, unsigned char, unsigned char)
 .text          0x00000000c0013cba       0x84 hal/bus.32
                0x00000000c0013cba                Bus::Bus(char const*)
                0x00000000c0013cba                Bus::Bus(char const*)
                0x00000000c0013cf0                Bus::~Bus()
                0x00000000c0013cf0                Bus::~Bus()
                0x00000000c0013d14                Bus::~Bus()
 .text          0x00000000c0013d3e      0x14e hal/buzzer.32
                0x00000000c0013d3e                Buzzer::Buzzer(char const*)
                0x00000000c0013d3e                Buzzer::Buzzer(char const*)
                0x00000000c0013d82                Buzzer::~Buzzer()
                0x00000000c0013d82                Buzzer::~Buzzer()
                0x00000000c0013da6                Buzzer::~Buzzer()
                0x00000000c0013dd0                Buzzer::stop()
                0x00000000c0013de3                beepThread(void*)
                0x00000000c0013e1e                Buzzer::beep(int, int, bool)
 .text          0x00000000c0013e8c      0x467 hal/clock.32
                0x00000000c0013e8c                User::loadClockSettings(int)
                0x00000000c0013ede                Clock::Clock(char const*)
                0x00000000c0013ede                Clock::Clock(char const*)
                0x00000000c0013f14                Clock::~Clock()
                0x00000000c0013f14                Clock::~Clock()
                0x00000000c0013f38                Clock::~Clock()
                0x00000000c0013f62                Clock::timeInSecondsLocal()
                0x00000000c0013faa                Clock::setTimeInSecondsLocal(unsigned long long)
                0x00000000c0014003                datetimeToSeconds(datetime_t)
                0x00000000c001412a                Clock::setTimeInDatetimeLocal(datetime_t)
                0x00000000c001418a                secondsToDatetime(unsigned long long)
                0x00000000c00142ce                Clock::timeInDatetimeLocal()
 *fill*         0x00000000c00142f3        0x1 
 .text          0x00000000c00142f4      0x4de hal/device.32
                0x00000000c00142f4                Device::hibernate()
                0x00000000c00142f6                Device::wake()
                0x00000000c00142f8                Device::detect()
                0x00000000c00142fa                Device::disableLegacy()
                0x00000000c00142fc                Device::powerSaving(PowerSavingLevel)
                0x00000000c00142fe                DriverlessDevice::close(int, int, void*)
                0x00000000c0014302                DriverlessDevice::detect()
                0x00000000c0014304                DriverlessDevice::open(int, int, void*)
                0x00000000c0014318                Device::~Device()
                0x00000000c0014318                Device::~Device()
                0x00000000c0014326                Device::~Device()
                0x00000000c001434e                Device::findAndLoadDriver()
                0x00000000c0014350                Device::preOpenPCI(PCIDeviceInfo)
                0x00000000c0014376                Device::preOpenACPI(void*, char*, char*)
                0x00000000c00143ca                Device::addIRQHandler(int, void (*)(regs*, void*), bool, void*)
                0x00000000c0014408                Device::removeIRQHandler(int, void (*)(regs*, void*), bool)
                0x00000000c0014446                Device::addChild(Device*)
                0x00000000c001448a                Device::removeAllChildren()
                0x00000000c00144d0                Device::hibernateAll()
                0x00000000c0014500                Device::wakeAll()
                0x00000000c0014530                Device::detectAll()
                0x00000000c0014560                Device::disableLegacyAll()
                0x00000000c0014590                Device::loadDriversForAll()
                0x00000000c00145bc                Device::closeAll()
                0x00000000c00145f2                Device::powerSavingAll(PowerSavingLevel)
                0x00000000c0014628                Device::setName(char const*)
                0x00000000c0014636                Device::Device(char const*)
                0x00000000c0014636                Device::Device(char const*)
                0x00000000c0014732                Device::getName()
                0x00000000c001473c                DriverlessDevice::DriverlessDevice(char const*)
                0x00000000c001473c                DriverlessDevice::DriverlessDevice(char const*)
                0x00000000c0014764                Device::addToLinkedList(LinkedList<Device>&, DeviceType)
                0x00000000c00147a8                getDevicesOfType(DeviceType)
 .text          0x00000000c00147d2       0x84 hal/diskctrl.32
                0x00000000c00147d2                HardDiskController::HardDiskController(char const*)
                0x00000000c00147d2                HardDiskController::HardDiskController(char const*)
                0x00000000c0014808                HardDiskController::~HardDiskController()
                0x00000000c0014808                HardDiskController::~HardDiskController()
                0x00000000c001482c                HardDiskController::~HardDiskController()
 .text          0x00000000c0014856       0xf2 hal/diskphys.32
                0x00000000c0014856                PhysicalDisk::eject()
                0x00000000c001486a                PhysicalDisk::PhysicalDisk(char const*, int)
                0x00000000c001486a                PhysicalDisk::PhysicalDisk(char const*, int)
                0x00000000c00148d2                PhysicalDisk::startCache()
                0x00000000c00148fa                PhysicalDisk::~PhysicalDisk()
                0x00000000c00148fa                PhysicalDisk::~PhysicalDisk()
                0x00000000c001491e                PhysicalDisk::~PhysicalDisk()
 .text          0x00000000c0014948      0x13b hal/fpu.32
                0x00000000c0014948                FPU::FPU(char const*)
                0x00000000c0014948                FPU::FPU(char const*)
                0x00000000c001497e                FPU::~FPU()
                0x00000000c001497e                FPU::~FPU()
                0x00000000c00149a2                FPU::~FPU()
                0x00000000c00149cc                setupFPU()
 *fill*         0x00000000c0014a83        0x1 
 .text          0x00000000c0014a84     0x13b3 hal/intctrl.32
                0x00000000c0014a84                InterruptController::uninstallISRHandler(int, void (*)(regs*, void*))
                0x00000000c0014abc                InterruptController::installISRHandler(int, void (*)(regs*, void*), void*)
                0x00000000c0014b0e                doubleFault(regs*, void*)
                0x00000000c0014b28                InterruptController::installIRQHandler(int, void (*)(regs*, void*), bool, void*)
                0x00000000c0014bc4                InterruptController::clearAllHandlers(int, bool)
                0x00000000c0014c6c                InterruptController::uninstallIRQHandler(int, void (*)(regs*, void*), bool)
                0x00000000c0014cf3                nmiHandler(regs*, void*)
                0x00000000c0014d01                int_handler
                0x00000000c0014da2                InterruptController::InterruptController(char const*)
                0x00000000c0014da2                InterruptController::InterruptController(char const*)
                0x00000000c0014e48                InterruptController::~InterruptController()
                0x00000000c0014e48                InterruptController::~InterruptController()
                0x00000000c0014e6c                InterruptController::~InterruptController()
                0x00000000c0014e96                displayDebugInfo(regs*)
                0x00000000c0015325                x87EmulHandler(regs*, void*)
                0x00000000c0015354                gpFault(regs*, void*)
                0x00000000c001538d                pgFault(regs*, void*)
                0x00000000c00153d5                otherISRHandler(regs*, void*)
                0x00000000c00153f4                opcodeFault(regs*, void*)
                0x00000000c00159fa                displayProgramFault(char const*)
                0x00000000c0015a22                setupInterruptController()
                0x00000000c0015dea                InterruptController::convertLegacyIRQNumber(int)
 *fill*         0x00000000c0015e37        0x1 
 .text          0x00000000c0015e38      0x6c8 hal/keybrd.32
                0x00000000c0015e38                startGUI(void*)
                0x00000000c0015e94                startGUIVESA(void*)
                0x00000000c0015ef0                sendKeyToTerminal(unsigned char)
                0x00000000c0015f5c                sendKeyboardToken(KeyboardToken)
                0x00000000c0016399                clearInternalKeybuffer(VgaText*)
                0x00000000c00163ce                readKeyboard(VgaText*, char*, unsigned long)
                0x00000000c0016476                Keyboard::Keyboard(char const*)
                0x00000000c0016476                Keyboard::Keyboard(char const*)
                0x00000000c00164b2                Keyboard::~Keyboard()
                0x00000000c00164b2                Keyboard::~Keyboard()
                0x00000000c00164d6                Keyboard::~Keyboard()
 .text          0x00000000c0016500      0x414 hal/logidisk.32
                0x00000000c0016500                LogicalDisk::close(int, int, void*)
                0x00000000c0016504                LogicalDisk::~LogicalDisk()
                0x00000000c0016504                LogicalDisk::~LogicalDisk()
                0x00000000c0016528                LogicalDisk::~LogicalDisk()
                0x00000000c0016552                LogicalDisk::open(int, int, void*)
                0x00000000c0016566                LogicalDisk::absoluteToRelative(unsigned long long)
                0x00000000c001659e                LogicalDisk::relativeToAbsolute(unsigned long long)
                0x00000000c00165e4                LogicalDisk::LogicalDisk(char const*, PhysicalDisk*, unsigned long long, unsigned long long)
                0x00000000c00165e4                LogicalDisk::LogicalDisk(char const*, PhysicalDisk*, unsigned long long, unsigned long long)
                0x00000000c001669a                LogicalDisk::assignDriveLetter()
                0x00000000c0016750                LogicalDisk::mount()
                0x00000000c00167c2                LogicalDisk::unmount()
                0x00000000c00167d2                LogicalDisk::eject()
                0x00000000c00167e6                LogicalDisk::unassignDriveLetter()
                0x00000000c001683c                LogicalDisk::read(unsigned long long, int, void*)
                0x00000000c00168a8                LogicalDisk::write(unsigned long long, int, void*)
 .text          0x00000000c0016914       0x84 hal/mouse.32
                0x00000000c0016914                Mouse::Mouse(char const*)
                0x00000000c0016914                Mouse::Mouse(char const*)
                0x00000000c001694a                Mouse::~Mouse()
                0x00000000c001694a                Mouse::~Mouse()
                0x00000000c001696e                Mouse::~Mouse()
 .text          0x00000000c0016998      0x34d hal/partition.32
                0x00000000c0016998                makePartition(PhysicalDisk*, unsigned long long, unsigned long long)
                0x00000000c0016a54                createPartitionsForDisk(PhysicalDisk*)
 *fill*         0x00000000c0016ce5        0x1 
 .text          0x00000000c0016ce6       0x84 hal/serial.32
                0x00000000c0016ce6                Serial::Serial(char const*)
                0x00000000c0016ce6                Serial::Serial(char const*)
                0x00000000c0016d1c                Serial::~Serial()
                0x00000000c0016d1c                Serial::~Serial()
                0x00000000c0016d40                Serial::~Serial()
 .text          0x00000000c0016d6a      0x2b8 hal/timer.32
                0x00000000c0016d6a                Timer::Timer(char const*)
                0x00000000c0016d6a                Timer::Timer(char const*)
                0x00000000c0016da0                Timer::~Timer()
                0x00000000c0016da0                Timer::~Timer()
                0x00000000c0016dc4                Timer::~Timer()
                0x00000000c0016dee                Timer::read()
                0x00000000c0016df9                timerHandler(unsigned long long)
                0x00000000c0016f30                setupTimer(int)
 .text          0x00000000c0017022      0x425 hal/vcache.32
                0x00000000c0017022                VCache::VCache(PhysicalDisk*)
                0x00000000c0017022                VCache::VCache(PhysicalDisk*)
                0x00000000c001718a                VCache::invalidateReadBuffer()
                0x00000000c001719a                VCache::writeWriteBuffer()
                0x00000000c00171d6                VCache::~VCache()
                0x00000000c00171d6                VCache::~VCache()
                0x00000000c001722a                VCache::~VCache()
                0x00000000c0017252                VCache::write(unsigned long long, int, void*)
                0x00000000c0017348                VCache::read(unsigned long long, int, void*)
 *fill*         0x00000000c0017447        0x1 
 .text          0x00000000c0017448      0x4cd hal/video.32
                0x00000000c0017448                Video::putrect(int, int, int, int, unsigned int)
                0x00000000c0017494                Video::bitblit(int, int, int, int, int, int, int, unsigned int*)
                0x00000000c0017504                Video::blit(unsigned int*, int, int, int, int)
                0x00000000c0017582                Video::clearScreen(unsigned int)
                0x00000000c00175b6                Video::putpixel(int, int, unsigned int)
                0x00000000c00175c4                Video::Video(char const*)
                0x00000000c00175c4                Video::Video(char const*)
                0x00000000c00175fa                Video::~Video()
                0x00000000c00175fa                Video::~Video()
                0x00000000c001761e                Video::~Video()
                0x00000000c0017648                Video::isMonochrome()
                0x00000000c0017654                Video::getWidth()
                0x00000000c0017660                Video::getHeight()
                0x00000000c001766c                Video::drawCursor(int, int, unsigned char*, int)
                0x00000000c0017728                Video::tgaParse(unsigned char*, int, int*, int*)
                0x00000000c00178aa                Video::putTGA(int, int, unsigned char*, int)
 *fill*         0x00000000c0017915        0x1 
 .text          0x00000000c0017916      0xf64 hw/acpi.32
                0x00000000c0017916                ACPI::close(int, int, void*)
                0x00000000c00179cb                findRSDP()
                0x00000000c0017a55                loadACPITables(unsigned char*)
                0x00000000c0017c7c                findRSDT(unsigned char*)
                0x00000000c0017d9a                findDataTable(unsigned char*, char*)
                0x00000000c0017e36                scanMADT()
                0x00000000c00182bc                ACPI::ACPI()
                0x00000000c00182bc                ACPI::ACPI()
                0x00000000c0018326                ACPI::getPCIIRQAssignment(unsigned char, unsigned short, unsigned char)
                0x00000000c0018408                ACPI::registerPCIIRQAssignment(void*, unsigned short, unsigned char, unsigned char)
                0x00000000c00184ce                ACPI::setScreenBrightnessLevel(void*, int)
                0x00000000c00184d4                ACPI::writeSimpleBootFlag(SimpleBootFlagTable*)
                0x00000000c001851c                ACPI::open(int, int, void*)
                0x00000000c0018862                ACPI::sleep()
 .text          0x00000000c001887a     0x1715 hw/cpu.32
                0x00000000c001887a                CPU::close(int, int, void*)
                0x00000000c001887e                CPU::lookupAMDName(unsigned char, unsigned char)
                0x00000000c0018a12                CPU::lookupIntelName(unsigned char, unsigned char)
                0x00000000c0018cc0                CPU::AMD_K6_write_msr(unsigned int, unsigned int, unsigned int, CPU::REGS*)
                0x00000000c0018cdc                CPU::AMD_K6_read_msr(unsigned int, CPU::REGS*)
                0x00000000c0018cf4                CPU::AMD_K6_writeback(int, int, int)
                0x00000000c0018d68                CPU::cpuid(int, unsigned long*, unsigned long*, unsigned long*, unsigned long*)
                0x00000000c0018dec                CPU::cpuidCheckEDX(unsigned int)
                0x00000000c0018e1a                CPU::cpuidCheckECX(unsigned int)
                0x00000000c0018e48                CPU::cpuidCheckExtendedEBX(unsigned int)
                0x00000000c0018e76                CPU::cpuidCheckExtendedECX(unsigned int)
                0x00000000c0018ea4                CPU::CPU()
                0x00000000c0018ea4                CPU::CPU()
                0x00000000c0018f32                CPU::displayFeatures()
                0x00000000c00191ae                CPU::detectFeatures()
                0x00000000c0019b9e                CPU::setupSMEP()
                0x00000000c0019baa                CPU::setupUMIP()
                0x00000000c0019bb4                CPU::setupTSC()
                0x00000000c0019bbe                CPU::setupLargePages()
                0x00000000c0019bc8                CPU::setupPAT()
                0x00000000c0019c04                CPU::setupMTRR()
                0x00000000c0019c06                CPU::setupGlobalPages()
                0x00000000c0019c10                CPU::allowUsermodeDataAccess()
                0x00000000c0019c22                CPU::prohibitUsermodeDataAccess()
                0x00000000c0019c34                CPU::setupSMAP()
                0x00000000c0019c42                CPU::setupFeatures()
                0x00000000c0019cc2                CPU::open(int, int, void*)
                0x00000000c0019d94                CPU::decodeAddress(regs*, int*, bool*, unsigned char*)
 .text          0x00000000c0019f8f        0x0 hw/ports.32
 .text          0x00000000c0019f8f      0x16a hw/smp.32
                0x00000000c0019f8f                Krnl::smpEntry()
                0x00000000c0019f91                Krnl::startCPU(int)
                0x00000000c001a0da                Krnl::startCPUs()
 *fill*         0x00000000c001a0f9        0x1 
 .text          0x00000000c001a0fa      0x5d3 krnl/env.32
                0x00000000c001a0fa                EnvVarContainer::getEnv(char const*)
                0x00000000c001a138                EnvVarContainer::setEnv(char const*, char const*)
                0x00000000c001a204                EnvVarContainer::deleteEnv(char const*)
                0x00000000c001a206                EnvVarContainer::loadFrom(char const*, char const*)
                0x00000000c001a3fc                EnvVarContainer::__loadSystem()
                0x00000000c001a416                EnvVarContainer::__loadUser()
                0x00000000c001a418                EnvVarContainer::EnvVarContainer(Process*)
                0x00000000c001a418                EnvVarContainer::EnvVarContainer(Process*)
                0x00000000c001a43a                EnvVarContainer::~EnvVarContainer()
                0x00000000c001a43a                EnvVarContainer::~EnvVarContainer()
                0x00000000c001a46a                Krnl::getEnv(Process*, char const*)
                0x00000000c001a4cf                Krnl::setEnvSystem(char const*, char const*)
                0x00000000c001a4e9                Krnl::setEnvUser(char const*, char const*)
                0x00000000c001a508                Krnl::setEnvProcess(Process*, char const*, char const*)
                0x00000000c001a51b                Krnl::deleteEnvSystem(char const*)
                0x00000000c001a51c                Krnl::deleteEnvUser(char const*)
                0x00000000c001a51d                Krnl::deleteEnvProcess(Process*, char const*)
                0x00000000c001a51e                Krnl::newProcessEnv(Process*)
                0x00000000c001a540                Krnl::copyProcessEnv(Process*, Process*)
                0x00000000c001a594                Krnl::loadSystemEnv()
                0x00000000c001a5c2                Krnl::loadUserEnv()
                0x00000000c001a5e8                Krnl::flushEnv()
                0x00000000c001a5e9                Krnl::getProcessTotalEnvCount(Process*)
                0x00000000c001a609                Krnl::getProcessEnvPair(Process*, int)
 .text          0x00000000c001a6cd      0x396 krnl/panic.32
                0x00000000c001a6cd                Krnl::panic(char const*)
 .text          0x00000000c001aa63      0x3b6 net/ethernet.32
                0x00000000c001aa63                Net::switchEndian16(unsigned short)
                0x00000000c001aa84                Net::switchEndian32(unsigned int)
                0x00000000c001aab3                Net::crc32Calc(unsigned char*, int)
                0x00000000c001ab44                Net::wrapEthernetFrame(Net::UnwrappedEthernetFrame, unsigned char*)
                0x00000000c001ac80                Net::unwrapEthernetFrame(unsigned char*, int)
 .text          0x00000000c001ae19      0x513 reg/registry.32
                0x00000000c001ae19                Reg::findLineFromLoadedData(char*, char*, char*)
                0x00000000c001af71                Reg::getLineFromRegistry(char*, char*, char*, char*)
                0x00000000c001b0c6                Reg::getLine(char*, char*, char*)
                0x00000000c001b0fd                Reg::readInt(char*, char*, int*)
                0x00000000c001b1e8                Reg::readString(char*, char*, char*, int)
                0x00000000c001b269                Reg::readBool(char*, char*, bool*)
                0x00000000c001b28e                Reg::readBoolWithDefault(char*, char*, bool)
                0x00000000c001b2ba                Reg::readIntWithDefault(char*, char*, int)
                0x00000000c001b2e6                Reg::readStringWithDefault(char*, char*, char*, int, char*)
 .text          0x00000000c001b32c       0x36 sys/sc_eject.32
                0x00000000c001b32c                Sys::eject(regs*)
 .text          0x00000000c001b362       0x18 sys/sc_exit.32
                0x00000000c001b362                Sys::exit(regs*)
 .text          0x00000000c001b37a       0x1f sys/sc_getcwd.32
                0x00000000c001b37a                Sys::getCwd(regs*)
 .text          0x00000000c001b399        0xc sys/sc_getpid.32
                0x00000000c001b399                Sys::getPID(regs*)
 .text          0x00000000c001b3a5       0x17 sys/sc_getramdata.32
                0x00000000c001b3a5                Sys::getRAMData(regs*)
 .text          0x00000000c001b3bc       0xa8 sys/sc_loaddll.32
                0x00000000c001b3bc                Sys::loadDLL(regs*)
 .text          0x00000000c001b464       0x68 sys/sc_read.32
                0x00000000c001b464                Sys::read(regs*)
 .text          0x00000000c001b4cc       0x55 sys/sc_sbrk.32
                0x00000000c001b4cc                Sys::sbrk(regs*)
 .text          0x00000000c001b521       0x1c sys/sc_setcwd.32
                0x00000000c001b521                Sys::setCwd(regs*)
 .text          0x00000000c001b53d      0x128 sys/sc_settime.32
                0x00000000c001b53d                Sys::setTime(regs*)
 .text          0x00000000c001b665       0x4a sys/sc_timezone.32
                0x00000000c001b665                Sys::timezone(regs*)
 .text          0x00000000c001b6af       0x68 sys/sc_write.32
                0x00000000c001b6af                Sys::write(regs*)
 .text          0x00000000c001b717       0x62 sys/sc_wsbe.32
                0x00000000c001b717                Sys::wsbe(regs*)
 .text          0x00000000c001b779       0x3b sys/sc_yield.32
                0x00000000c001b779                Sys::yield(regs*)
 .text          0x00000000c001b7b4     0x10e5 sys/syscalls.32
                0x00000000c001b7b4                sysCallSeekDir(regs*)
                0x00000000c001b7b9                sysCallTellDir(regs*)
                0x00000000c001b7be                sysCallVerify(regs*)
                0x00000000c001b7c8                sysFormatDisk(regs*)
                0x00000000c001b832                sysSetDiskVolumeLabel(regs*)
                0x00000000c001b878                sysGetDiskVolumeLabel(regs*)
                0x00000000c001b8c9                sysShutdown(regs*)
                0x00000000c001b927                sysCallRealpath(regs*)
                0x00000000c001b96a                sysCallGetArgc(regs*)
                0x00000000c001b998                sysCallReadDir(regs*)
                0x00000000c001ba26                sysCallIsATTY(regs*)
                0x00000000c001ba80                sysCallSeek(regs*)
                0x00000000c001bae9                sysCallTell(regs*)
                0x00000000c001bb66                sysCallSize(regs*)
                0x00000000c001bbe9                sysCallSizeFromFilename(regs*)
                0x00000000c001bca9                sysCallClose(regs*)
                0x00000000c001bd31                sysCallOpenDir(regs*)
                0x00000000c001bda6                sysCallCloseDir(regs*)
                0x00000000c001be0c                sysCallMakeDir(regs*)
                0x00000000c001be7c                sysCallWait(regs*)
                0x00000000c001be96                sysCallNotImpl(regs*)
                0x00000000c001beb1                sysPanic(regs*)
                0x00000000c001bed7                sysCallRmdir(regs*)
                0x00000000c001bf3b                sysCallUnlink(regs*)
                0x00000000c001bf9f                sysCallGetArgv(regs*)
                0x00000000c001bfeb                sysCallTTYName(regs*)
                0x00000000c001c06e                sysCallUSleep(regs*)
                0x00000000c001c095                sysCallSpawn(regs*)
                0x00000000c001c0ed                sysCallGetEnv(regs*)
                0x00000000c001c225                sysAppSettings(regs*)
                0x00000000c001c344                sysSetFatAttrib(regs*)
                0x00000000c001c3b6                sysPipe(regs*)
                0x00000000c001c3fb                sysGetUnixTime(regs*)
                0x00000000c001c40f                string_ends_with(char const*, char const*)
                0x00000000c001c457                sysCallOpen(regs*)
                0x00000000c001c66c                Sys::loadSyscalls()
                0x00000000c001c857                Sys::systemCall(regs*, void*)
 .text          0x00000000c001c899     0x11ec thr/elf.32
                0x00000000c001c899                Thr::allocateMemoryForTask(Process*, File*, unsigned long, unsigned long, unsigned long)
                0x00000000c001cb2b                Thr::loadProgramIntoMemory(Process*, char const*)
                0x00000000c001cd41                Thr::runtimeReferenceHelper()
                0x00000000c001cd54                Thr::getAddressOfKernelSymbol(char const*)
                0x00000000c001cda3                Thr::loadKernelSymbolTable(char const*)
                0x00000000c001d061                Thr::loadDriverIntoMemory(char const*, unsigned long, bool)
                0x00000000c001d77d                Thr::getDriverBaseFromAddress(unsigned long)
                0x00000000c001d7af                Thr::getDriverNameFromAddress(unsigned long)
                0x00000000c001d7e6                Thr::getDriverOffsetFromAddress(unsigned long)
                0x00000000c001d800                Thr::loadDLL(char const*, bool)
                0x00000000c001da4c                Thr::executeDLL(unsigned long, void*)
 *fill*         0x00000000c001da85        0x1 
 .text          0x00000000c001da86     0x1056 thr/prcssthr.32
                0x00000000c001da86                changeTSS
                0x00000000c001dab6                Process::addArgs(char**)
                0x00000000c001db10                Process::Process(char const*, Process*, char**)
                0x00000000c001db10                Process::Process(char const*, Process*, char**)
                0x00000000c001dcf4                Process::Process(bool, char const*, Process*, char**)
                0x00000000c001dcf4                Process::Process(bool, char const*, Process*, char**)
                0x00000000c001dea3                disableIRQs()
                0x00000000c001deab                getIRQNestingLevel()
                0x00000000c001deb1                enableIRQs()
                0x00000000c001dec0                lockScheduler()
                0x00000000c001dec2                unlockScheduler()
                0x00000000c001dec4                userModeEntryPoint(void*)
                0x00000000c001dee7                lockStuff()
                0x00000000c001def3                taskStartupFunction
                0x00000000c001defc                updateTimeUsed()
                0x00000000c001df61                switchToThread(ThreadControlBlock*)
                0x00000000c001dfb2                Semaphore::Semaphore(int)
                0x00000000c001dfb2                Semaphore::Semaphore(int)
                0x00000000c001dfe0                Mutex::Mutex()
                0x00000000c001dfe0                Mutex::Mutex()
                0x00000000c001dff2                Process::createThread(void (*)(void*), void*, int)
                0x00000000c001e0d6                Process::createUserThread()
                0x00000000c001e0f2                setupMultitasking(void (*)())
                0x00000000c001e1fc                schedule()
                0x00000000c001e281                unlockStuff()
                0x00000000c001e2b6                Semaphore::tryAcquire()
                0x00000000c001e2e4                Semaphore::assertLocked(char const*)
                0x00000000c001e314                blockTaskWithSchedulerLockAlreadyHeld(TaskState)
                0x00000000c001e356                blockTask(TaskState)
                0x00000000c001e377                waitTask(int, int*, int)
                0x00000000c001e3b9                nanoSleepUntil(unsigned long long)
                0x00000000c001e410                nanoSleep(unsigned long long)
                0x00000000c001e425                sleep(unsigned long long)
                0x00000000c001e442                Semaphore::acquire()
                0x00000000c001e4aa                taskReturned
                0x00000000c001e4d8                unblockTask(ThreadControlBlock*)
                0x00000000c001e587                cleanupTerminatedTask(ThreadControlBlock*)
                0x00000000c001e850                cleanerTaskFunction(void*)
                0x00000000c001e903                terminateTask(int)
                0x00000000c001e9e3                Thr::terminateFromIRQ(int)
                0x00000000c001e9f0                Semaphore::release()
 .text          0x00000000c001eadc      0xc26 vm86/vm8086.32
                0x00000000c001eadc                Vm::inbv(unsigned short)
                0x00000000c001eaef                Vm::outbv(unsigned short, unsigned char)
                0x00000000c001eb42                Vm::realToLinear(unsigned short, unsigned short)
                0x00000000c001eb52                Vm::getSegment(unsigned int)
                0x00000000c001eb5a                Vm::getOffset(unsigned int)
                0x00000000c001eb5f                Vm::mainloop2()
                0x00000000c001eb9a                Vm::mainVm8086Loop(void*)
                0x00000000c001eba7                Vm::mainloop3(unsigned long)
                0x00000000c001ebd1                Vm::initialise8086()
                0x00000000c001ec14                Vm::finish8086()
                0x00000000c001ec59                Vm::getOutput8086(unsigned char*)
                0x00000000c001ec83                Vm::start8086(char const*, unsigned short, unsigned short, unsigned short, unsigned short)
                0x00000000c001edd3                Vm::doISR(regs*, int, unsigned char*, unsigned short, unsigned short)
                0x00000000c001ee5d                Vm::readByteFromReal(unsigned short, unsigned short)
                0x00000000c001ee6e                Vm::readWordFromReal(unsigned short, unsigned short)
                0x00000000c001ee80                Vm::readDwordFromReal(unsigned short, unsigned short)
                0x00000000c001ee91                Vm::writeByteFromReal(unsigned short, unsigned short, unsigned char)
                0x00000000c001eea6                Vm::writeWordFromReal(unsigned short, unsigned short, unsigned short)
                0x00000000c001eebc                Vm::writeDwordFromReal(unsigned short, unsigned short, unsigned int)
                0x00000000c001eed1                Vm::faultHandler(regs*)
 .text          0x00000000c001f702      0xefd vm86/x87em.32
                0x00000000c001f702                Vm::fpuInternalTo32(unsigned long long)
                0x00000000c001f75d                Vm::fpuInternalTo64(unsigned long long)
                0x00000000c001f766                Vm::fpu32ToInternal(unsigned int)
                0x00000000c001f7ab                Vm::fpu64ToInternal(unsigned long long)
                0x00000000c001f7b4                Vm::fpuFloatToLong(unsigned long long)
                0x00000000c001f80f                Vm::fpuULongToFloat(unsigned long long)
                0x00000000c001f845                Vm::fpuLongToFloat(long long)
                0x00000000c001f89b                Vm::fpuGet0()
                0x00000000c001f8a0                Vm::fpuGet1()
                0x00000000c001f8a8                Vm::fpuGetPi()
                0x00000000c001f8b0                Vm::fpuGetLog2E()
                0x00000000c001f8c8                Vm::fpuGetLogE2()
                0x00000000c001f8e0                Vm::fpuGetLog210()
                0x00000000c001f8f8                Vm::fpuGetLog102()
                0x00000000c001f910                Vm::fpuIsSecondLarger(unsigned long long, unsigned long long)
                0x00000000c001f924                Vm::fpuAreEqual(unsigned long long, unsigned long long)
                0x00000000c001f93a                Vm::fpuUnorderedCompare(unsigned long long, unsigned long long)
                0x00000000c001f98d                Vm::fpuAdd(unsigned long long, unsigned long long)
                0x00000000c001f99e                Vm::fpuAbs(unsigned long long)
                0x00000000c001f9a7                Vm::fpuChs(unsigned long long)
                0x00000000c001f9b7                Vm::fpuSub(unsigned long long, unsigned long long)
                0x00000000c001f9c6                Vm::fpuMultiply(unsigned long long, unsigned long long)
                0x00000000c001f9e5                Vm::fpuDivide(unsigned long long, unsigned long long)
                0x00000000c001fa01                Vm::fpuSquare(unsigned long long)
                0x00000000c001fa17                Vm::fpuGetReg(int)
                0x00000000c001fa5a                Vm::fpuSetReg(int, unsigned long long)
                0x00000000c001faa5                Vm::fpuPush(unsigned long long)
                0x00000000c001fb02                Vm::fpuPop()
                0x00000000c001fb54                Vm::x87Handler(regs*)
 *fill*         0x00000000c00205ff        0x1 
 .text          0x00000000c0020600     0x10ed fs/fat/vfslink.32
                0x00000000c0020600                FAT::getName()
                0x00000000c0020606                FAT::tell(void*, unsigned long long*)
                0x00000000c002063a                FAT::stat(void*, unsigned long long*)
                0x00000000c002066e                FAT::~FAT()
                0x00000000c002066e                FAT::~FAT()
                0x00000000c0020692                FAT::~FAT()
                0x00000000c00206ba                FAT::getlabel(LogicalDisk*, int, char*, unsigned int*)
                0x00000000c0020758                FAT::setlabel(LogicalDisk*, int, char*)
                0x00000000c0020812                FAT::format(LogicalDisk*, int, char const*, int)
                0x00000000c00209f6                FAT::tryMount(LogicalDisk*, int)
                0x00000000c0020bfc                FAT::readDir(void*, unsigned long, void*, int*)
                0x00000000c0020d02                FAT::read(void*, unsigned long, void*, int*)
                0x00000000c0020d5c                FAT::write(void*, unsigned long, void*, int*)
                0x00000000c0020db6                FAT::close(void*)
                0x00000000c0020e02                FAT::closeDir(void*)
                0x00000000c0020e4e                FAT::seek(void*, unsigned long long)
                0x00000000c0020ea2                fatWrapperReadDisk
                0x00000000c0020ee9                fatWrapperWriteDisk
                0x00000000c0020f30                fatWrapperIoctl
                0x00000000c0021034                FAT::FAT()
                0x00000000c0021034                FAT::FAT()
                0x00000000c0021086                FAT::fixFilepath(char*)
                0x00000000c00210be                FAT::open(char const*, void**, FileOpenMode)
                0x00000000c00211e6                FAT::openDir(char const*, void**)
                0x00000000c002128c                FAT::stat(char const*, unsigned long long*, bool*)
                0x00000000c0021376                FAT::unlink(char const*)
                0x00000000c00213f0                FAT::chfatattr(char const*, unsigned char, unsigned char)
                0x00000000c0021544                FAT::rename(char const*, char const*)
                0x00000000c0021608                FAT::mkdir(char const*)
                0x00000000c0021682                FAT::exists(char const*)
 *fill*         0x00000000c00216ed        0x1 
 .text          0x00000000c00216ee      0xbc1 fs/iso9660/vfslink.32
                0x00000000c00216ee                ISO9660::format(LogicalDisk*, int, char const*, int)
                0x00000000c00216f4                ISO9660::seek(void*, unsigned long long)
                0x00000000c0021724                ISO9660::tell(void*, unsigned long long*)
                0x00000000c0021748                ISO9660::getName()
                0x00000000c002174e                ISO9660::stat(void*, unsigned long long*)
                0x00000000c0021772                ISO9660::chfatattr(char const*, unsigned char, unsigned char)
                0x00000000c0021778                ISO9660::unlink(char const*)
                0x00000000c002177e                ISO9660::write(void*, unsigned long, void*, int*)
                0x00000000c0021784                ISO9660::rename(char const*, char const*)
                0x00000000c002178a                ISO9660::mkdir(char const*)
                0x00000000c0021790                ISO9660::close(void*)
                0x00000000c00217b2                ISO9660::closeDir(void*)
                0x00000000c00217d4                ISO9660::~ISO9660()
                0x00000000c00217d4                ISO9660::~ISO9660()
                0x00000000c00217f8                ISO9660::~ISO9660()
                0x00000000c002181f                __memmem(unsigned char*, int, unsigned char*, int)
                0x00000000c0021861                readSectorFromCDROM(unsigned int, unsigned char*, char)
                0x00000000c00218c8                ISO9660::tryMount(LogicalDisk*, int)
                0x00000000c0021918                ISO9660::read(void*, unsigned long, void*, int*)
                0x00000000c0021b18                ISO9660::readDir(void*, unsigned long, void*, int*)
                0x00000000c0021da5                readRoot(unsigned int*, unsigned int*, char)
                0x00000000c0021dfa                readRecursively(char*, unsigned int, unsigned int, unsigned int*, unsigned int*, char, int*)
                0x00000000c0021fcd                getFileData(char*, unsigned int*, unsigned int*, char, int*)
                0x00000000c002205c                ISO9660::open(char const*, void**, FileOpenMode)
                0x00000000c002211c                ISO9660::exists(char const*)
                0x00000000c0022140                ISO9660::stat(char const*, unsigned long long*, bool*)
                0x00000000c00221d4                ISO9660::openDir(char const*, void**)
                0x00000000c002228c                ISO9660::ISO9660()
                0x00000000c002228c                ISO9660::ISO9660()
 *fill*         0x00000000c00222af        0x1 
 .text          0x00000000c00222b0      0x326 hal/sound/sndchannel.32
                0x00000000c00222b0                SoundChannel::~SoundChannel()
                0x00000000c00222b0                SoundChannel::~SoundChannel()
                0x00000000c00222cc                SoundChannel::setSpeed(float)
                0x00000000c00222d8                SoundChannel::getSpeed()
                0x00000000c00222e0                SoundChannel::setVolume(int)
                0x00000000c00222fc                SoundChannel::getVolume()
                0x00000000c0022304                SoundChannel::pause()
                0x00000000c002230e                SoundChannel::SoundChannel(int, int, int, int)
                0x00000000c002230e                SoundChannel::SoundChannel(int, int, int, int)
                0x00000000c0022464                SoundChannel::play()
                0x00000000c002246e                SoundChannel::paused()
                0x00000000c0022476                SoundChannel::getSampleRate()
                0x00000000c002247e                SoundChannel::getBits()
                0x00000000c0022486                SoundChannel::getBufferUsed()
                0x00000000c002248e                SoundChannel::getBufferSize()
                0x00000000c0022496                SoundChannel::unbuffer(float*, int, int)
                0x00000000c0022536                SoundChannel::buffer8(unsigned char*, int)
 .text          0x00000000c00225d6      0x3d5 hal/sound/sndhw.32
                0x00000000c00225d6                SoundDevice::SoundDevice(char const*)
                0x00000000c00225d6                SoundDevice::SoundDevice(char const*)
                0x00000000c0022642                SoundDevice::~SoundDevice()
                0x00000000c0022642                SoundDevice::~SoundDevice()
                0x00000000c00226bc                SoundDevice::~SoundDevice()
                0x00000000c00226e6                SoundDevice::getFreeChannelNum()
                0x00000000c0022700                SoundDevice::addChannel(SoundChannel*)
                0x00000000c0022770                SoundDevice::removeChannel(int)
                0x00000000c00227a2                SoundDevice::floatTo8(float*, unsigned char*, int)
                0x00000000c002288a                SoundDevice::getAudio(int, float*, float*)
 .text          0x00000000c00229ab        0x0 hw/bus/isa.32
 *fill*         0x00000000c00229ab        0x1 
 .text          0x00000000c00229ac      0x6c3 hw/bus/pci.32
                0x00000000c00229ac                PCI::open(int, int, void*)
                0x00000000c00229c0                PCI::close(int, int, void*)
                0x00000000c00229c4                PCI::PCI()
                0x00000000c00229c4                PCI::PCI()
                0x00000000c0022a44                PCI::pciReadWord(unsigned char, unsigned char, unsigned char, unsigned char)
                0x00000000c0022a8c                PCI::getVendorID(unsigned char, unsigned char, unsigned char)
                0x00000000c0022aae                PCI::getHeaderType(unsigned char, unsigned char, unsigned char)
                0x00000000c0022ad2                PCI::getClassCode(unsigned char, unsigned char, unsigned char)
                0x00000000c0022b16                PCI::getProgIF(unsigned char, unsigned char, unsigned char)
                0x00000000c0022b3a                PCI::getRevisionID(unsigned char, unsigned char, unsigned char)
                0x00000000c0022b5c                PCI::getInterruptNumber(unsigned char, unsigned char, unsigned char)
                0x00000000c0022b7e                PCI::getSecondaryBus(unsigned char, unsigned char, unsigned char)
                0x00000000c0022ba2                PCI::getBARAddress(unsigned char, unsigned char, unsigned char, unsigned char)
                0x00000000c0022c02                PCI::pciWriteWord(unsigned char, unsigned char, unsigned char, unsigned char, unsigned short)
                0x00000000c0022c6e                PCI::checkBus(unsigned char)
                0x00000000c0022c92                PCI::foundDevice(PCIDeviceInfo)
                0x00000000c0022e04                PCI::getDeviceData(unsigned char, unsigned char, unsigned char)
                0x00000000c0022fb0                PCI::checkDevice(unsigned char, unsigned char)
                0x00000000c002301c                PCI::detect()
 *fill*         0x00000000c002306f        0x1 
 .text          0x00000000c0023070      0xc70 hw/diskctrl/ide.32
                0x00000000c0023070                IDE::close(int, int, void*)
                0x00000000c0023074                IDE::IDE()
                0x00000000c0023074                IDE::IDE()
                0x00000000c00230a8                IDE::prepareInterrupt(unsigned char)
                0x00000000c00230ba                selectDrive(unsigned char, unsigned char)
                0x00000000c00230bc                IDE::getBase(unsigned char)
                0x00000000c00230ce                IDE::write(unsigned char, unsigned char, unsigned char)
                0x00000000c002318e                IDE::read(unsigned char, unsigned char)
                0x00000000c002323c                IDE::waitInterrupt(unsigned char)
                0x00000000c00232a2                ideChannel0IRQHandler(regs*, void*)
                0x00000000c00232be                ideChannel1IRQHandler(regs*, void*)
                0x00000000c00232da                IDE::enableIRQs(unsigned char, bool)
                0x00000000c0023320                IDE::open(int, int, void*)
                0x00000000c0023730                IDE::readBuffer(unsigned char, unsigned char, unsigned int, unsigned int)
                0x00000000c00237fc                IDE::detect()
                0x00000000c0023ae4                IDE::printError(unsigned char, unsigned char, unsigned char)
                0x00000000c0023c7a                IDE::polling(unsigned char, unsigned int)
 .text          0x00000000c0023ce0      0x390 hw/diskctrl/satabus.32
                0x00000000c0023ce0                SATABus::close(int, int, void*)
                0x00000000c0023ce4                SATABus::detect()
                0x00000000c0023ce6                SATABus::SATABus()
                0x00000000c0023ce6                SATABus::SATABus()
                0x00000000c0023d92                SATABus::findCmdslot(SATABus::tagHBA_PORT volatile*)
                0x00000000c0023dda                SATABus::checkType(SATABus::tagHBA_PORT volatile*)
                0x00000000c0023e22                SATABus::startCmd(SATABus::tagHBA_PORT volatile*)
                0x00000000c0023e42                SATABus::stopCmd(SATABus::tagHBA_PORT volatile*)
                0x00000000c0023e6c                SATABus::portRebase(SATABus::tagHBA_PORT volatile*, int)
                0x00000000c0023f72                SATABus::probePort(SATABus::tagHBA_MEM volatile*)
                0x00000000c0024050                SATABus::open(int, int, void*)
 .text          0x00000000c0024070      0x63c hw/diskphys/ata.32
                0x00000000c0024070                ATA::close(int, int, void*)
                0x00000000c0024094                ATA::powerSaving(PowerSavingLevel)
                0x00000000c0024096                ATA::ATA()
                0x00000000c0024096                ATA::ATA()
                0x00000000c00240c4                ATA::flush(bool)
                0x00000000c002410e                ATA::readyForCommand()
                0x00000000c002415e                ATA::access(unsigned long long, int, void*, bool)
                0x00000000c00244e6                ATA::read(unsigned long long, int, void*)
                0x00000000c002454e                ATA::write(unsigned long long, int, void*)
                0x00000000c00245b6                ATA::detectCHS()
                0x00000000c00245e0                ATA::open(int, int, void*)
 .text          0x00000000c00246ac      0x5bd hw/diskphys/atapi.32
                0x00000000c00246ac                ATAPI::write(unsigned long long, int, void*)
                0x00000000c00246b2                ATAPI::close(int, int, void*)
                0x00000000c00246d6                ATAPI::ATAPI()
                0x00000000c00246d6                ATAPI::ATAPI()
                0x00000000c0024704                ATAPI::readyForCommand()
                0x00000000c0024754                ATAPI::sendPacket(unsigned char*, int, bool, unsigned short*, int)
                0x00000000c0024a14                ATAPI::diskRemoved()
                0x00000000c0024a30                ATAPI::eject()
                0x00000000c0024a78                ATAPI::diskInserted()
                0x00000000c0024aa6                ATAPI::detectMedia()
                0x00000000c0024b62                ATAPI::open(int, int, void*)
                0x00000000c0024bea                ATAPI::read(unsigned long long, int, void*)
 *fill*         0x00000000c0024c69        0x1 
 .text          0x00000000c0024c6a      0x455 hw/diskphys/sata.32
                0x00000000c0024c6a                SATA::close(int, int, void*)
                0x00000000c0024c8e                SATA::powerSaving(PowerSavingLevel)
                0x00000000c0024c90                SATA::open(int, int, void*)
                0x00000000c0024d3e                SATA::SATA()
                0x00000000c0024d3e                SATA::SATA()
                0x00000000c0024d6c                SATA::access(unsigned long long, int, void*, bool)
                0x00000000c0024fd2                SATA::read(unsigned long long, int, void*)
                0x00000000c002503a                SATA::write(unsigned long long, int, void*)
 *fill*         0x00000000c00250bf        0x1 
 .text          0x00000000c00250c0      0x500 hw/diskphys/satapi.32
                0x00000000c00250c0                SATAPI::write(unsigned long long, int, void*)
                0x00000000c00250c6                SATAPI::close(int, int, void*)
                0x00000000c00250ea                SATAPI::SATAPI()
                0x00000000c00250ea                SATAPI::SATAPI()
                0x00000000c0025118                SATAPI::diskRemoved()
                0x00000000c0025134                SATAPI::diskInserted()
                0x00000000c0025162                SATAPI::sendPacket(unsigned char*, int, unsigned long long, unsigned short*, int)
                0x00000000c0025366                SATAPI::eject()
                0x00000000c00253ae                SATAPI::detectMedia()
                0x00000000c0025470                SATAPI::open(int, int, void*)
                0x00000000c002551e                SATAPI::read(unsigned long long, int, void*)
 .text          0x00000000c00255c0       0x8e hw/fpu/avx.32
                0x00000000c00255c0                AVX::open(int, int, void*)
                0x00000000c00255d2                AVX::close(int, int, void*)
                0x00000000c00255e4                AVX::available()
                0x00000000c00255f6                AVX::save(void*)
                0x00000000c002560e                AVX::load(void*)
                0x00000000c0025626                AVX::AVX()
                0x00000000c0025626                AVX::AVX()
 .text          0x00000000c002564e       0x90 hw/fpu/mmx.32
                0x00000000c002564e                MMX::available()
                0x00000000c0025662                MMX::open(int, int, void*)
                0x00000000c0025674                MMX::close(int, int, void*)
                0x00000000c0025686                MMX::save(void*)
                0x00000000c002569e                MMX::load(void*)
                0x00000000c00256b6                MMX::MMX()
                0x00000000c00256b6                MMX::MMX()
 .text          0x00000000c00256de       0x96 hw/fpu/sse.32
                0x00000000c00256de                SSE::open(int, int, void*)
                0x00000000c00256f0                SSE::close(int, int, void*)
                0x00000000c0025702                SSE::available()
                0x00000000c002571c                SSE::save(void*)
                0x00000000c0025734                SSE::load(void*)
                0x00000000c002574c                SSE::SSE()
                0x00000000c002574c                SSE::SSE()
 .text          0x00000000c0025774       0x8e hw/fpu/x87.32
                0x00000000c0025774                x87::open(int, int, void*)
                0x00000000c0025786                x87::close(int, int, void*)
                0x00000000c0025798                x87::available()
                0x00000000c00257aa                x87::save(void*)
                0x00000000c00257c2                x87::load(void*)
                0x00000000c00257da                x87::x87()
                0x00000000c00257da                x87::x87()
 .text          0x00000000c0025802      0x71e hw/intctrl/apic.32
                0x00000000c0025802                APIC::disable()
                0x00000000c0025804                APIC::close(int, int, void*)
                0x00000000c0025826                IOAPIC::close(int, int, void*)
                0x00000000c002582c                APIC::io_wait()
                0x00000000c0025832                APIC::getBase()
                0x00000000c0025874                APIC::eoi(unsigned char)
                0x00000000c00258a2                APIC::open(int, int, void*)
                0x00000000c00259f0                IOAPIC::IOAPIC()
                0x00000000c00259f0                IOAPIC::IOAPIC()
                0x00000000c0025a18                APIC::APIC()
                0x00000000c0025a18                APIC::APIC()
                0x00000000c0025af4                IOAPIC::handlesGSIWithNumber(unsigned int)
                0x00000000c0025b26                IOAPIC::read(int)
                0x00000000c0025b4e                IOAPIC::open(int, int, void*)
                0x00000000c0025c44                IOAPIC::write(int, int)
                0x00000000c0025c70                IOAPIC::redirect(unsigned char, unsigned long long, unsigned char, bool, bool)
                0x00000000c0025d6a                APIC::installIRQHandler(int, void (*)(regs*, void*), bool, void*)
 .text          0x00000000c0025f20      0x3d3 hw/intctrl/pic.32
                0x00000000c0025f20                PIC::disable()
                0x00000000c0025f4e                PIC::close(int, int, void*)
                0x00000000c0025f70                PIC::PIC()
                0x00000000c0025f70                PIC::PIC()
                0x00000000c0026046                PIC::ioWait()
                0x00000000c002604c                PIC::getIRQReg(int)
                0x00000000c00260b6                PIC::eoi(unsigned char)
                0x00000000c0026148                PIC::remap()
                0x00000000c00262b4                PIC::open(int, int, void*)
 *fill*         0x00000000c00262f3        0x1 
 .text          0x00000000c00262f4      0x25e hw/timer/apictimer.32
                0x00000000c00262f4                APICTimer::close(int, int, void*)
                0x00000000c00262fa                apicTimerHandler(regs*, void*)
                0x00000000c0026328                APICTimer::write(int)
                0x00000000c002642c                APICTimer::open(int, int, void*)
                0x00000000c002652a                APICTimer::APICTimer()
                0x00000000c002652a                APICTimer::APICTimer()
 .text          0x00000000c0026552      0x1a7 hw/timer/pit.32
                0x00000000c0026552                PIT::write(int)
                0x00000000c00265d0                pitHandler(regs*, void*)
                0x00000000c00265fc                PIT::open(int, int, void*)
                0x00000000c002664a                PIT::close(int, int, void*)
                0x00000000c002667a                PIT::PIT()
                0x00000000c002667a                PIT::PIT()
 *fill*         0x00000000c00266f9        0x7 
 .text          0x00000000c0026700       0x1e hw/fpu/x86/avx.32
                0x00000000c0026700                avxDetect
                0x00000000c0026706                avxSave
                0x00000000c0026707                avxLoad
                0x00000000c0026708                avxInit
                0x00000000c0026709                avxClose
                0x00000000c002670a                wouldSheSayYes
 *fill*         0x00000000c002671e        0x2 
 .text          0x00000000c0026720       0x35 hw/fpu/x86/sse.32
                0x00000000c0026720                absolutelyNoChanceInHell
                0x00000000c0026720                sseDetect
                0x00000000c0026738                sseSave
                0x00000000c002673e                sseLoad
                0x00000000c0026744                sseInit
                0x00000000c0026754                sseClose
 *fill*         0x00000000c0026755        0xb 
 .text          0x00000000c0026760       0x47 hw/fpu/x86/x87.32
                0x00000000c0026766                x87Detect
                0x00000000c0026781                x87Save
                0x00000000c0026787                x87Load
                0x00000000c002678c                x87Init
                0x00000000c00267a6                x87Close
 *fill*         0x00000000c00267a7        0x1 
 .text          0x00000000c00267a8       0x25 /cygdrive/d/Users/Alex/Desktop/Toolchain/Output/bin/../lib/gcc/i386-banana/8.1.0/crtend.o
 .text          0x00000000c00267cd        0x0 crtn.32
 *fill*         0x00000000c00267cd        0x3 
 .text          0x00000000c00267d0      0x14b /cygdrive/d/Users/Alex/Desktop/Toolchain/Output/bin/../lib/gcc/i386-banana/8.1.0/libkgcc.a(_divdi3.o)
                0x00000000c00267d0                __divdi3
 *fill*         0x00000000c002691b        0x1 
 .text          0x00000000c002691c      0x17e /cygdrive/d/Users/Alex/Desktop/Toolchain/Output/bin/../lib/gcc/i386-banana/8.1.0/libkgcc.a(_moddi3.o)
                0x00000000c002691c                __moddi3
 *fill*         0x00000000c0026a9a        0x2 
 .text          0x00000000c0026a9c       0xff /cygdrive/d/Users/Alex/Desktop/Toolchain/Output/bin/../lib/gcc/i386-banana/8.1.0/libkgcc.a(_udivdi3.o)
                0x00000000c0026a9c                __udivdi3
 *fill*         0x00000000c0026b9b        0x1 
 .text          0x00000000c0026b9c      0x11a /cygdrive/d/Users/Alex/Desktop/Toolchain/Output/bin/../lib/gcc/i386-banana/8.1.0/libkgcc.a(_umoddi3.o)
                0x00000000c0026b9c                __umoddi3
 .text          0x00000000c0026cb6      0x96d D:/Users/Alex/Desktop/Banana/kernel/libsoftfp.a(sfieeelib.o)
                0x00000000c0026cb6                __addsf3
                0x00000000c0026fb8                __subsf3
                0x00000000c0026fcc                __negsf2
                0x00000000c0026fd9                __mulsf3
                0x00000000c002719c                __divsf3
                0x00000000c00273c7                __floatsisf
                0x00000000c002743b                __floatunsisf
                0x00000000c002747d                __fixsfsi
                0x00000000c00274df                __fixunssfsi
                0x00000000c0027510                __cmpsf2