Archive member included to satisfy reference by file (symbol)

/cygdrive/d/Users/Alex/Desktop/Toolchain/Output/bin/../lib/gcc/i386-banana/8.1.0/libkgcc.a(_divdi3.o)
                              fs/fat/ff.32 (__divdi3)
/cygdrive/d/Users/Alex/Desktop/Toolchain/Output/bin/../lib/gcc/i386-banana/8.1.0/libkgcc.a(_moddi3.o)
                              compat/resolve.32 (__moddi3)
/cygdrive/d/Users/Alex/Desktop/Toolchain/Output/bin/../lib/gcc/i386-banana/8.1.0/libkgcc.a(_udivdi3.o)
                              fs/fat/ff.32 (__udivdi3)
/cygdrive/d/Users/Alex/Desktop/Toolchain/Output/bin/../lib/gcc/i386-banana/8.1.0/libkgcc.a(_umoddi3.o)
                              compat/resolve.32 (__umoddi3)
D:/Users/Alex/Desktop/Banana/kernel/libsoftfp.a(sfieeelib.o)
                              hal/sound/sndhw.32 (__addsf3)
D:/Users/Alex/Desktop/Banana/kernel/libsoftfp.a(dfieeelib.o)
                              hal/libresample/src_linear.32 (__adddf3)
D:/Users/Alex/Desktop/Banana/kernel/libsoftfp.a(sfdfcvt.o)
                              hal/libresample/samplerate.32 (__truncdfsf2)
D:/Users/Alex/Desktop/Banana/kernel/libk/libm32.a(s_fabs.c.o)
                              hal/libresample/samplerate.32 (fabs)
D:/Users/Alex/Desktop/Banana/kernel/libk/libm32.a(s_lrint.S.o)
                              hal/libresample/samplerate.32 (lrint)
D:/Users/Alex/Desktop/Banana/kernel/libk/libm32.a(s_lrintf.S.o)
                              hal/sound/sndhw.32 (lrintf)

Discarded input sections

 .comment       0x0000000000000000       0x12 /cygdrive/d/Users/Alex/Desktop/Toolchain/Output/bin/../lib/gcc/i386-banana/8.1.0/crtbegin.o
 .comment       0x0000000000000000       0x12 acpica/utclib.32
 .comment       0x0000000000000000       0x12 core/malloc.32
 .comment       0x0000000000000000       0x12 libk/string.32
 .comment       0x0000000000000000       0x12 fs/fat/diskio.32
 .comment       0x0000000000000000       0x12 fs/fat/ff.32
 .comment       0x0000000000000000       0x12 fs/fat/ffsystem.32
 .comment       0x0000000000000000       0x12 fs/fat/ffunicode.32
 .comment       0x0000000000000000       0x12 hal/libresample/samplerate.32
 .comment       0x0000000000000000       0x12 hal/libresample/src_linear.32
 .comment       0x0000000000000000       0x12 hal/libresample/src_sinc.32
 .comment       0x0000000000000000       0x12 hal/libresample/src_zoh.32
 .comment       0x0000000000000000       0x12 compat/inlines.32
 .comment       0x0000000000000000       0x12 compat/resolve.32
 .group         0x0000000000000000       0x14 core/computer.32
 .group         0x0000000000000000        0xc core/computer.32
 .comment       0x0000000000000000       0x12 core/computer.32
 .comment       0x0000000000000000       0x12 core/gdt.32
 .group         0x0000000000000000        0xc core/idle.32
 .comment       0x0000000000000000       0x12 core/idle.32
 .comment       0x0000000000000000       0x12 core/idt.32
 .comment       0x0000000000000000       0x12 core/kheap.32
 .comment       0x0000000000000000       0x12 core/main.32
 .comment       0x0000000000000000       0x12 core/physmgr.32
 .group         0x0000000000000000        0xc core/pipe.32
 .comment       0x0000000000000000       0x12 core/pipe.32
 .group         0x0000000000000000        0xc core/terminal.32
 .comment       0x0000000000000000       0x12 core/terminal.32
 .comment       0x0000000000000000       0x12 core/tss.32
 .group         0x0000000000000000        0x8 core/unixfile.32
 .group         0x0000000000000000        0xc core/unixfile.32
 .group         0x0000000000000000        0xc core/unixfile.32
 .group         0x0000000000000000        0x8 core/unixfile.32
 .group         0x0000000000000000        0xc core/unixfile.32
 .group         0x0000000000000000        0x8 core/unixfile.32
 .group         0x0000000000000000        0xc core/unixfile.32
 .group         0x0000000000000000        0xc core/unixfile.32
 .comment       0x0000000000000000       0x12 core/unixfile.32
 .comment       0x0000000000000000       0x12 core/virtmgr.32
 .comment       0x0000000000000000       0x12 coreobjs/c++.32
 .comment       0x0000000000000000       0x12 dbg/kconsole.32
 .group         0x0000000000000000        0xc fs/vfs.32
 .group         0x0000000000000000        0xc fs/vfs.32
 .group         0x0000000000000000        0xc fs/vfs.32
 .comment       0x0000000000000000       0x12 fs/vfs.32
 .group         0x0000000000000000        0xc hal/bus.32
 .comment       0x0000000000000000       0x12 hal/bus.32
 .group         0x0000000000000000        0xc hal/buzzer.32
 .comment       0x0000000000000000       0x12 hal/buzzer.32
 .group         0x0000000000000000        0xc hal/clock.32
 .comment       0x0000000000000000       0x12 hal/clock.32
 .group         0x0000000000000000       0x14 hal/device.32
 .group         0x0000000000000000        0xc hal/device.32
 .group         0x0000000000000000        0xc hal/device.32
 .group         0x0000000000000000        0xc hal/device.32
[...]
Memory Configuration

Name             Origin             Length             Attributes
*default*        0x0000000000000000 0xffffffffffffffff

Linker script and memory map

LOAD D:/Users/Alex/Desktop/Banana/kernel/boot.32
LOAD crti.32
LOAD /cygdrive/d/Users/Alex/Desktop/Toolchain/Output/bin/../lib/gcc/i386-banana/8.1.0/crtbegin.o
LOAD D:/Users/Alex/Desktop/Banana/kernel/morenasm.32
LOAD acpica/utclib.32
LOAD core/malloc.32
LOAD libk/string.32
LOAD fs/fat/diskio.32
LOAD fs/fat/ff.32
LOAD fs/fat/ffsystem.32
LOAD fs/fat/ffunicode.32
LOAD hal/libresample/samplerate.32
LOAD hal/libresample/src_linear.32
LOAD hal/libresample/src_sinc.32
LOAD hal/libresample/src_zoh.32
LOAD compat/inlines.32
LOAD compat/resolve.32
LOAD core/computer.32
LOAD core/gdt.32
LOAD core/idle.32
LOAD core/idt.32
LOAD core/kheap.32
LOAD core/main.32
LOAD core/physmgr.32
LOAD core/pipe.32
LOAD core/terminal.32
LOAD core/tss.32
LOAD core/unixfile.32
LOAD core/virtmgr.32
LOAD coreobjs/c++.32
LOAD dbg/kconsole.32
LOAD fs/vfs.32
LOAD hal/bus.32
LOAD hal/buzzer.32
LOAD hal/clock.32
LOAD hal/device.32
LOAD hal/diskctrl.32
LOAD hal/diskphys.32
LOAD hal/fpu.32
LOAD hal/intctrl.32
LOAD hal/keybrd.32
LOAD hal/logidisk.32
LOAD hal/mouse.32
LOAD hal/partition.32
LOAD hal/serial.32
LOAD hal/timer.32
LOAD hal/vcache.32
LOAD hal/video.32
LOAD hw/acpi.32
LOAD hw/cpu.32
LOAD hw/ports.32
LOAD hw/smp.32
LOAD krnl/env.32
LOAD krnl/panic.32
LOAD net/ethernet.32
LOAD reg/registry.32
LOAD sys/sc_eject.32
LOAD sys/sc_exit.32
LOAD sys/sc_getcwd.32
LOAD sys/sc_getpid.32
LOAD sys/sc_getramdata.32
LOAD sys/sc_loaddll.32
LOAD sys/sc_read.32
LOAD sys/sc_sbrk.32
LOAD sys/sc_setcwd.32
LOAD sys/sc_settime.32
LOAD sys/sc_timezone.32
LOAD sys/sc_write.32
LOAD sys/sc_wsbe.32
LOAD sys/sc_yield.32
LOAD sys/syscalls.32
LOAD thr/elf.32
LOAD thr/prcssthr.32
LOAD vm86/vm8086.32
LOAD vm86/x87em.32
LOAD fs/fat/vfslink.32
LOAD fs/iso9660/vfslink.32
LOAD hal/sound/sndchannel.32
LOAD hal/sound/sndhw.32
LOAD hw/bus/isa.32
LOAD hw/bus/pci.32
LOAD hw/diskctrl/ide.32
LOAD hw/diskctrl/satabus.32
LOAD hw/diskphys/ata.32
LOAD hw/diskphys/atapi.32
LOAD hw/diskphys/sata.32
LOAD hw/diskphys/satapi.32
LOAD hw/fpu/avx.32
LOAD hw/fpu/mmx.32
LOAD hw/fpu/sse.32
LOAD hw/fpu/x87.32
LOAD hw/intctrl/apic.32
LOAD hw/intctrl/pic.32
LOAD hw/timer/apictimer.32
LOAD hw/timer/pit.32
LOAD hw/fpu/x86/avx.32
LOAD hw/fpu/x86/sse.32
LOAD hw/fpu/x86/x87.32
LOAD /cygdrive/d/Users/Alex/Desktop/Toolchain/Output/bin/../lib/gcc/i386-banana/8.1.0/crtend.o
LOAD crtn.32
LOAD /cygdrive/d/Users/Alex/Desktop/Toolchain/Output/bin/../lib/gcc/i386-banana/8.1.0/libkgcc.a
LOAD D:/Users/Alex/Desktop/Banana/kernel/libsoftfp.a
LOAD D:/Users/Alex/Desktop/Banana/kernel/libk/libm32.a
                0x00000000c0000000                . = 0xc0000000

.text           0x00000000c0000000    0x28518
 *(.text)
 .text          0x00000000c0000000       0x41 D:/Users/Alex/Desktop/Banana/kernel/boot.32
                0x00000000c0000020                callGlobalConstructors
 .text          0x00000000c0000041        0x0 crti.32
 *fill*         0x00000000c0000041        0x3 
 .text          0x00000000c0000044      0x101 /cygdrive/d/Users/Alex/Desktop/Toolchain/Output/bin/../lib/gcc/i386-banana/8.1.0/crtbegin.o
 *fill*         0x00000000c0000145        0xb 
 .text          0x00000000c0000150      0x4ed D:/Users/Alex/Desktop/Banana/kernel/morenasm.32
                0x00000000c0000150                manualPCIProbe
                0x00000000c000019b                prepareTramp
                0x00000000c00001b4                voodooXADD
                0x00000000c000027f                doTPAUSE
                0x00000000c0000289                hasLegacyFPU
                0x00000000c00002ae                is486
                0x00000000c00002e4                detectCPUID
                0x00000000c00002fa                goToVM86
                0x00000000c000032a                goToUsermode
                0x00000000c0000354                switchToThreadASMFirstTime
                0x00000000c0000362                switchToThreadASM
                0x00000000c00003ea                asmQuickAcquireLock
                0x00000000c0000408                asmQuickReleaseLock
                0x00000000c0000414                asmAcquireLock
                0x00000000c0000435                asmReleaseLock
                0x00000000c0000448                loadGDT
                0x00000000c0000468                isr0
                0x00000000c0000478                isr1
                0x00000000c0000482                isr2
                0x00000000c000048c                isr3
                0x00000000c0000496                isr4
                0x00000000c00004a0                isr5
                0x00000000c00004aa                isr6
                0x00000000c00004b4                isr7
                0x00000000c00004be                isr8
                0x00000000c00004c6                isr9
                0x00000000c00004d0                isr10
                0x00000000c00004d8                isr11
                0x00000000c00004e0                isr12
                0x00000000c00004e8                isr13
                0x00000000c00004f0                isr14
                0x00000000c00004f8                isr15
                0x00000000c0000502                isr16
                0x00000000c000050c                isr17
                0x00000000c0000516                isr18
                0x00000000c0000520                irq3
                0x00000000c000052a                irq4
                0x00000000c0000534                irq5
                0x00000000c000053e                irq6
                0x00000000c0000548                irq7
                0x00000000c0000552                irq8
                0x00000000c000055c                irq9
                0x00000000c0000566                irq10
                0x00000000c0000570                irq11
                0x00000000c000057a                irq12
                0x00000000c0000584                irq13
                0x00000000c000058e                irq14
                0x00000000c0000598                irq15
                0x00000000c00005a2                irq1
                0x00000000c00005a9                irq2
                0x00000000c00005b0                isr96
                0x00000000c00005b7                irq0
                0x00000000c00005bc                int_common_stub
                0x00000000c00005bc                syscall_common_stub
                0x00000000c00005ed                irq16
                0x00000000c00005f7                irq17
                0x00000000c0000601                irq18
                0x00000000c000060b                irq19
                0x00000000c0000615                irq20
                0x00000000c000061f                irq21
                0x00000000c0000629                irq22
                0x00000000c0000633                irq23
 *fill*         0x00000000c000063d        0x3 
 .text          0x00000000c0000640      0x611 acpica/utclib.32
                0x00000000c0000640                memcmp
                0x00000000c000067c                memmove
                0x00000000c0000744                memcpy
                0x00000000c0000778                memset
                0x00000000c0000794                strlen
                0x00000000c00007ac                strpbrk
                0x00000000c00007e8                strtok
                0x00000000c0000834                strcpy
                0x00000000c0000858                strncpy
                0x00000000c00008c0                strcmp
                0x00000000c0000900                strchr
                0x00000000c0000924                strncmp
                0x00000000c0000974                strcat
                0x00000000c00009a4                strncat
                0x00000000c00009e0                strstr
                0x00000000c0000a28                toupper
                0x00000000c0000a3c                tolower
                0x00000000c0000a50                simple_strtoul
 .text          0x00000000c0000c51      0xfbf core/malloc.32
                0x00000000c0000dbc                dlfree
                0x00000000c0001117                dlmalloc
                0x00000000c0001654                dlrealloc
                0x00000000c0001809                dlmemalign
                0x00000000c000192c                dlcalloc
                0x00000000c00019c6                dlcfree
                0x00000000c00019cb                dlindependent_calloc
                0x00000000c00019f0                dlindependent_comalloc
                0x00000000c0001a07                dlvalloc
                0x00000000c0001a32                dlpvalloc
                0x00000000c0001a68                dlmalloc_trim
                0x00000000c0001a75                dlmalloc_usable_size
                0x00000000c0001aa6                dlmallinfo
                0x00000000c0001b75                dlmalloc_stats
                0x00000000c0001b86                dlmallopt
 .text          0x00000000c0001c10        0x0 libk/string.32
 .text          0x00000000c0001c10       0x51 fs/fat/diskio.32
                0x00000000c0001c10                disk_status
                0x00000000c0001c13                disk_initialize
                0x00000000c0001c16                disk_read
                0x00000000c0001c2c                disk_write
                0x00000000c0001c42                disk_ioctl
 .text          0x00000000c0001c61     0x6833 fs/fat/ff.32
                0x00000000c0004f2f                f_mount
                0x00000000c0004f91                f_open
                0x00000000c00053cd                f_read
                0x00000000c000564d                f_write
                0x00000000c0005907                f_sync
                0x00000000c0005ae3                f_close
                0x00000000c0005b12                f_lseek
                0x00000000c0005fc9                f_opendir
                0x00000000c00060cb                f_closedir
                0x00000000c00060ed                f_readdir
                0x00000000c0006188                f_stat
                0x00000000c0006217                f_getfree
                0x00000000c00063e2                f_truncate
                0x00000000c00064da                f_unlink
                0x00000000c000665d                f_mkdir
                0x00000000c0006889                f_rename
                0x00000000c0006b7c                f_chmod
                0x00000000c0006c5a                f_utime
                0x00000000c0006d38                f_getlabel
                0x00000000c0006f26                f_setlabel
                0x00000000c0007193                f_forward
                0x00000000c0007371                f_mkfs
 .text          0x00000000c0008494       0x2d fs/fat/ffsystem.32
                0x00000000c0008494                ff_memalloc
                0x00000000c00084aa                ff_memfree
 .text          0x00000000c00084c1      0x253 fs/fat/ffunicode.32
                0x00000000c00084c1                ff_uni2oem
                0x00000000c0008551                ff_oem2uni
                0x00000000c00085bd                ff_wtoupper
 .text          0x00000000c0008714      0x8fb hal/libresample/samplerate.32
                0x00000000c0008758                src_delete
                0x00000000c0008794                src_process
                0x00000000c000894a                src_callback_read
                0x00000000c0008ac7                src_set_ratio
                0x00000000c0008b31                src_get_channels
                0x00000000c0008b53                src_reset
                0x00000000c0008b9f                src_new
                0x00000000c0008c2d                src_callback_new
                0x00000000c0008c8f                src_get_name
                0x00000000c0008cc6                src_get_description
                0x00000000c0008cfd                src_get_version
                0x00000000c0008d03                src_is_valid_ratio
                0x00000000c0008d57                src_error
                0x00000000c0008d65                src_strerror
                0x00000000c0008d78                src_simple
                0x00000000c0008dcb                src_short_to_float_array
                0x00000000c0008e30                src_float_to_short_array
                0x00000000c0008eef                src_int_to_float_array
                0x00000000c0008f52                src_float_to_int_array
 .text          0x00000000c000900f      0x8cb hal/libresample/src_linear.32
                0x00000000c0009835                linear_get_name
                0x00000000c0009844                linear_get_description
                0x00000000c0009853                linear_set_converter
 .text          0x00000000c00098da     0x447c hal/libresample/src_sinc.32
                0x00000000c000dc6d                sinc_get_name
                0x00000000c000dc80                sinc_get_description
                0x00000000c000dc93                sinc_set_converter
 .text          0x00000000c000dd56      0x77c hal/libresample/src_zoh.32
                0x00000000c000e42d                zoh_get_name
                0x00000000c000e43c                zoh_get_description
                0x00000000c000e44b                zoh_set_converter
 .text          0x00000000c000e4d2       0x23 compat/inlines.32
                0x00000000c000e4d2                CPU::current()
                0x00000000c000e4df                operator new(unsigned long)
 .text          0x00000000c000e4f5      0x111 compat/resolve.32
                0x00000000c000e4f5                Krnl::resolveCompatibilitySymbol(char*)
 .text          0x00000000c000e606      0xa17 core/computer.32
                0x00000000c000e606                Computer::close(int, int, void*)
                0x00000000c000e64a                Krnl::firstTask()
                0x00000000c000e73a                Computer::Computer()
                0x00000000c000e73a                Computer::Computer()
                0x00000000c000e896                Computer::setBootMessage(char const*)
                0x00000000c000e898                Computer::detectFeatures()
                0x00000000c000eaa2                Computer::displayFeatures()
                0x00000000c000ede8                Computer::rdmsr(unsigned int)
                0x00000000c000ee14                Computer::wrmsr(unsigned int, unsigned long long)
                0x00000000c000ee4c                Computer::nmiEnabled()
                0x00000000c000ee58                Computer::readCMOS(unsigned char)
                0x00000000c000ee72                Computer::enableNMI(bool)
                0x00000000c000ee8a                Computer::open(int, int, void*)
                0x00000000c000ef60                Computer::disableNMI()
                0x00000000c000ef6e                Computer::writeCMOS(unsigned char, unsigned char)
                0x00000000c000ef8c                Computer::handleNMI()
                0x00000000c000eff2                Computer::setDiskActivityLight(int, bool)
 *fill*         0x00000000c000f01d        0x1 
 .text          0x00000000c000f01e      0x1b7 core/gdt.32
                0x00000000c000f01e                GDTEntry::setBase(unsigned int)
                0x00000000c000f03a                GDTEntry::setLimit(unsigned int)
                0x00000000c000f058                GDT::GDT()
                0x00000000c000f058                GDT::GDT()
                0x00000000c000f06e                GDT::addEntry(GDTEntry)
                0x00000000c000f0aa                GDT::getNumberOfEntries()
                0x00000000c000f0b2                GDT::flush()
                0x00000000c000f0d4                GDT::setup()
 .text          0x00000000c000f1d5       0x62 core/idle.32
                0x00000000c000f1d5                idleFunction(void*)
 *fill*         0x00000000c000f237        0x1 
 .text          0x00000000c000f238      0x45f core/idt.32
                0x00000000c000f238                IDTEntry::IDTEntry(bool)
                0x00000000c000f238                IDTEntry::IDTEntry(bool)
                0x00000000c000f2a6                IDTEntry::setOffset(unsigned int)
                0x00000000c000f2ba                IDT::IDT()
                0x00000000c000f2ba                IDT::IDT()
                0x00000000c000f2bc                IDT::getPointerToInvalidOpcodeEntryForF00F()
                0x00000000c000f2c4                IDT::addEntry(IDTEntry, int)
                0x00000000c000f2de                IDT::addEntry(int, void (*)(), bool)
                0x00000000c000f316                IDT::flush()
                0x00000000c000f330                IDT::setup()
 .text          0x00000000c000f697      0x203 core/kheap.32
                0x00000000c000f697                sbrk
                0x00000000c000f7a5                mmap
                0x00000000c000f7bb                munmap
                0x00000000c000f7d1                liballoc_lock()
                0x00000000c000f7e2                liballoc_unlock()
                0x00000000c000f7f3                liballoc_alloc(int)
                0x00000000c000f80e                liballoc_free(void*, int)
                0x00000000c000f82c                realloc
                0x00000000c000f840                malloc
                0x00000000c000f850                free
                0x00000000c000f860                rfree
                0x00000000c000f870                calloc
 .text          0x00000000c000f89a      0x480 core/main.32
                0x00000000c000f89a                hwTextMode_loadInData(VgaText*)
                0x00000000c000f8e5                hwTextMode_loadInTitle(VgaText*, char*)
                0x00000000c000f963                hwTextMode_showCursor(VgaText*, bool)
                0x00000000c000f9c1                hwTextMode_update(VgaText*)
                0x00000000c000f9c2                hwTextMode_updateCursor(VgaText*)
                0x00000000c000fa13                hwTextMode_disableBlink(VgaText*, bool)
                0x00000000c000fa59                hwTextMode_scrollScreen(VgaText*)
                0x00000000c000fb06                hwTextMode_writeCharacter(VgaText*, char, VgaColour, VgaColour, int, int)
                0x00000000c000fb88                setupTextMode()
                0x00000000c000fbf8                kernel_main
 .text          0x00000000c000fd1a      0x56a core/physmgr.32
                0x00000000c000fd1a                Phys::allocateDMA(unsigned long)
                0x00000000c000fdbd                Phys::freeDMA(unsigned long, unsigned long)
                0x00000000c000fe05                Phys::setPageState(unsigned long, bool)
                0x00000000c000fe37                Phys::getPageState(unsigned long)
                0x00000000c000fe53                Phys::freePage(unsigned long)
                0x00000000c000fedd                Phys::allocatePage()
                0x00000000c000ffc2                Phys::allocateContiguousPages(int)
                0x00000000c001001c                Phys::allowSegmentToBeUsed(unsigned long, unsigned long)
                0x00000000c0010054                Phys::physicalMemorySetup(unsigned int)
 .text          0x00000000c0010284      0x273 core/pipe.32
                0x00000000c0010284                Pipe::isAtty()
                0x00000000c0010288                Pipe::~Pipe()
                0x00000000c0010288                Pipe::~Pipe()
                0x00000000c00102ac                Pipe::~Pipe()
                0x00000000c00102d4                Pipe::read(unsigned long long, void*, int*)
                0x00000000c00103c8                Pipe::write(unsigned long long, void*, int*)
                0x00000000c0010490                Pipe::Pipe(int)
                0x00000000c0010490                Pipe::Pipe(int)
 *fill*         0x00000000c00104f7        0x1 
 .text          0x00000000c00104f8      0xf73 core/terminal.32
                0x00000000c00104f8                VgaText::isAtty()
                0x00000000c00104fc                VgaText::~VgaText()
                0x00000000c00104fc                VgaText::~VgaText()
                0x00000000c0010520                VgaText::~VgaText()
                0x00000000c001054a                VgaText::read(unsigned long long, void*, int*)
                0x00000000c001056a                setTerminalScrollLock(bool)
                0x00000000c001056b                addToTerminalCycle(VgaText*)
                0x00000000c0010598                installVgaTextImplementation()
                0x00000000c00105ad                scrollTerminalScrollLock(int)
                0x00000000c00105ae                VgaText::load()
                0x00000000c0010602                VgaText::updateCursor()
                0x00000000c001061c                VgaText::showCursor(bool)
                0x00000000c001062c                VgaText::disableBlink(bool)
                0x00000000c0010666                VgaText::doANSI_SGR(int)
                0x00000000c00106f2                VgaText::setDefaultBgColour(VgaColour)
                0x00000000c0010708                VgaText::setDefaultFgColour(VgaColour)
                0x00000000c001071e                VgaText::setDefaultColours(VgaColour, VgaColour)
                0x00000000c001073e                VgaText::combineColours(unsigned char, unsigned char)
                0x00000000c0010750                VgaText::scrollScreen()
                0x00000000c00107e4                VgaText::combineCharAndColour(char, unsigned char)
                0x00000000c00107f6                VgaText::writeCharacter(char, VgaColour, VgaColour, int, int)
                0x00000000c0010856                VgaText::getCursorX()
                0x00000000c0010862                VgaText::getCursorY()
                0x00000000c001086e                VgaText::setCursor(int, int)
                0x00000000c001088c                VgaText::setCursorX(int)
                0x00000000c00108a8                VgaText::setCursorY(int)
                0x00000000c00108c4                VgaText::incrementCursor(bool)
                0x00000000c001092c                VgaText::updateRAMUsageDisplay(int)
                0x00000000c0010990                VgaText::updateDiskUsage()
                0x00000000c0010afa                VgaText::updateTitle()
                0x00000000c0010b40                VgaText::setTitleTextColour(VgaColour)
                0x00000000c0010b50                VgaText::setTitleColour(VgaColour)
                0x00000000c0010b60                VgaText::setTitle(char*)
                0x00000000c0010b86                VgaText::decrementCursor(bool)
                0x00000000c0010bae                VgaText::putchar(char, VgaColour, VgaColour)
                0x00000000c0010caa                VgaText::isShowingCursor()
                0x00000000c0010cb6                VgaText::isBlinkDisabled()
                0x00000000c0010cc4                VgaText::setCursorHeight(int)
                0x00000000c0010ce2                VgaText::getCursorHeight()
                0x00000000c0010ced                setActiveTerminal(VgaText*)
                0x00000000c0010d9f                doTerminalCycle()
                0x00000000c0010dbc                VgaText::doUpdate()
                0x00000000c0010dce                VgaText::puts(char const*, VgaColour, VgaColour)
                0x00000000c0010f8e                VgaText::clearScreen()
                0x00000000c0010ff2                VgaText::putchar(char)
                0x00000000c001110c                VgaText::puts(char const*)
                0x00000000c0011132                VgaText::putx(unsigned int)
                0x00000000c0011178                VgaText::VgaText(char const*)
                0x00000000c0011178                VgaText::VgaText(char const*)
                0x00000000c001130a                VgaText::receiveKey(unsigned char)
                0x00000000c00113f2                VgaText::write(unsigned long long, void*, int*)
                0x00000000c0011446                newTerminal(char*)
 *fill*         0x00000000c001146b        0x1 
 .text          0x00000000c001146c      0x1b3 core/tss.32
                0x00000000c001146c                TSS::TSS()
                0x00000000c001146c                TSS::TSS()
                0x00000000c001147a                TSS::setESP(unsigned long)
                0x00000000c001148c                TSS::flush()
                0x00000000c00114ac                TSS::setup(unsigned long, unsigned long)
 *fill*         0x00000000c001161f        0x1 
 .text          0x00000000c0011620      0x4c2 core/unixfile.32
                0x00000000c0011620                ReservedFilename::read(unsigned long long, void*, int*)
                0x00000000c0011676                ReservedFilename::isAtty()
                0x00000000c0011692                ReservedFilename::write(unsigned long long, void*, int*)
                0x00000000c00116f0                UnixFile::getFileDescriptor()
                0x00000000c00116f8                UnixFile::UnixFile(int)
                0x00000000c00116f8                UnixFile::UnixFile(int)
                0x00000000c00118a8                ReservedFilename::ReservedFilename(int)
                0x00000000c00118a8                ReservedFilename::ReservedFilename(int)
                0x00000000c00118da                UnixFile::~UnixFile()
                0x00000000c00118da                UnixFile::~UnixFile()
                0x00000000c0011972                UnixFile::~UnixFile()
                0x00000000c001199a                ReservedFilename::~ReservedFilename()
                0x00000000c001199a                ReservedFilename::~ReservedFilename()
                0x00000000c00119be                ReservedFilename::~ReservedFilename()
                0x00000000c00119e5                getFromFileDescriptor(int)
 .text          0x00000000c0011ae2     0x1150 core/virtmgr.32
                0x00000000c0011ae2                Virt::setPageState(unsigned long, Virt::VirtPageState)
                0x00000000c0011b17                Virt::getPageState(unsigned long)
                0x00000000c0011b3b                Virt::allocateKernelVirtualPages(int)
                0x00000000c0011c4c                Virt::freeSwapfilePage(unsigned long)
                0x00000000c0011c6a                Virt::swapIDToSector(unsigned long)
                0x00000000c0011c7c                Virt::allocateSwapfilePage()
                0x00000000c0011cfa                Virt::virtualMemorySetup()
                0x00000000c0011d79                Virt::swappingSetup()
                0x00000000c0011de2                Virt::getAKernelVAS()
                0x00000000c0011de8                VAS::VAS()
                0x00000000c0011de8                VAS::VAS()
                0x00000000c0011e24                VAS::VAS(VAS*)
                0x00000000c0011e24                VAS::VAS(VAS*)
                0x00000000c0011e52                VAS::getForeignPageTableEntry(bool, unsigned long)
                0x00000000c0011e7e                VAS::getPageTableEntry(unsigned long)
                0x00000000c0011e9d                Virt::freeKernelVirtualPages(unsigned long)
                0x00000000c0011fc0                VAS::freeAllocatedPages(unsigned long)
                0x00000000c0011fe4                VAS::virtualToPhysical(unsigned long)
                0x00000000c0011ffc                VAS::reflagRange(unsigned long, int, int, int)
                0x00000000c001203c                VAS::setToWriteCombining(unsigned long, int)
                0x00000000c001206e                VAS::mapOtherVASIn(bool, VAS*)
                0x00000000c0012098                VAS::~VAS()
                0x00000000c0012098                VAS::~VAS()
                0x00000000c0012204                VAS::mapPage(unsigned long, unsigned long, int)
                0x00000000c0012304                VAS::allocatePages(int, int)
                0x00000000c00124dc                VAS::setCPUSpecific(unsigned long)
                0x00000000c00124f8                VAS::mapRange(unsigned long, unsigned long, int, int)
                0x00000000c00125be                VAS::mapForeignPage(bool, VAS*, unsigned long, unsigned long, int)
                0x00000000c00126ac                VAS::VAS(bool)
                0x00000000c00126ac                VAS::VAS(bool)
                0x00000000c0012912                VAS::evict(unsigned long)
                0x00000000c00129a8                VAS::tryLoadBackOffDisk(unsigned long)
                0x00000000c0012a94                VAS::scanForEviction()
                0x00000000c0012b76                mapVASFirstTime
 .text          0x00000000c0012c32       0x95 coreobjs/c++.32
                0x00000000c0012c32                __cxa_atexit
                0x00000000c0012c35                __cxa_finalize
                0x00000000c0012c36                __stack_chk_fail
                0x00000000c0012ca2                __cxa_pure_virtual
                0x00000000c0012cb3                operator new[](unsigned long)
                0x00000000c0012cb8                operator delete(void*, unsigned long)
                0x00000000c0012cbd                operator delete[](void*)
                0x00000000c0012cc2                operator delete[](void*, unsigned long)
 .text          0x00000000c0012cc7      0x1ef dbg/kconsole.32
                0x00000000c0012cc7                Dbg::stringifyxWithBase(unsigned int, char*, int)
                0x00000000c0012d28                Dbg::logc(char)
                0x00000000c0012d3f                Dbg::logs(char*)
                0x00000000c0012d5c                Dbg::logWriteInt(unsigned int)
                0x00000000c0012d79                Dbg::logWriteIntBase(unsigned int, int)
                0x00000000c0012d98                Dbg::kprintf(char const*, ...)
 .text          0x00000000c0012eb6      0xb7c fs/vfs.32
                0x00000000c0012eb6                File::read(unsigned long long, void*, int*)
                0x00000000c0012f0e                File::write(unsigned long long, void*, int*)
                0x00000000c0012f66                Directory::read(unsigned long long, void*, int*)
                0x00000000c0012fbe                Directory::write(unsigned long long, void*, int*)
                0x00000000c0012fec                File::isAtty()
                0x00000000c0012ff0                Directory::isAtty()
                0x00000000c0012ff4                Filesystem::getlabel(LogicalDisk*, int, char*, unsigned int*)
                0x00000000c0012ffa                Filesystem::setlabel(LogicalDisk*, int, char*)
                0x00000000c0013000                File::~File()
                0x00000000c0013000                File::~File()
                0x00000000c0013024                File::~File()
                0x00000000c001304e                Directory::~Directory()
                0x00000000c001304e                Directory::~Directory()
                0x00000000c0013072                Directory::~Directory()
                0x00000000c001309c                Filesystem::Filesystem()
                0x00000000c001309c                Filesystem::Filesystem()
                0x00000000c00130c0                Filesystem::~Filesystem()
                0x00000000c00130c0                Filesystem::~Filesystem()
                0x00000000c00130ce                Filesystem::~Filesystem()
                0x00000000c00130f2                Fs::getcwd(Process*, char*, int)
                0x00000000c001311c                Fs::initVFS()
                0x00000000c0013146                Fs::standardiseFiles(char*, char const*, char const*)
                0x00000000c00132f0                File::File(char const*, Process*)
                0x00000000c00132f0                File::File(char const*, Process*)
                0x00000000c0013354                File::open(FileOpenMode)
                0x00000000c00133b2                File::close()
                0x00000000c0013412                File::seek(unsigned long long)
                0x00000000c0013468                File::tell(unsigned long long*)
                0x00000000c00134b8                File::rewind()
                0x00000000c00134cc                File::unlink()
                0x00000000c0013518                File::rename(char const*)
                0x00000000c0013566                File::chfatattr(unsigned char, unsigned char)
                0x00000000c00135c2                File::exists()
                0x00000000c0013600                File::stat(unsigned long long*, bool*)
                0x00000000c0013661                Fs::setcwd(Process*, char*)
                0x00000000c001379c                Directory::Directory(char const*, Process*)
                0x00000000c001379c                Directory::Directory(char const*, Process*)
                0x00000000c0013800                Directory::open()
                0x00000000c001385c                Directory::close()
                0x00000000c00138bc                Directory::unlink()
                0x00000000c0013908                Directory::rename(char const*)
                0x00000000c0013956                Directory::exists()
                0x00000000c0013994                Directory::read(dirent*)
                0x00000000c00139e0                Directory::create()
                0x00000000c0013a2c                Filesystem::chfatattr(char const*, unsigned char, unsigned char)
 .text          0x00000000c0013a32       0x84 hal/bus.32
                0x00000000c0013a32                Bus::Bus(char const*)
                0x00000000c0013a32                Bus::Bus(char const*)
                0x00000000c0013a68                Bus::~Bus()
                0x00000000c0013a68                Bus::~Bus()
                0x00000000c0013a8c                Bus::~Bus()
 .text          0x00000000c0013ab6      0x14e hal/buzzer.32
                0x00000000c0013ab6                Buzzer::Buzzer(char const*)
                0x00000000c0013ab6                Buzzer::Buzzer(char const*)
                0x00000000c0013afa                Buzzer::~Buzzer()
                0x00000000c0013afa                Buzzer::~Buzzer()
                0x00000000c0013b1e                Buzzer::~Buzzer()
                0x00000000c0013b48                Buzzer::stop()
                0x00000000c0013b5b                beepThread(void*)
                0x00000000c0013b96                Buzzer::beep(int, int, bool)
 .text          0x00000000c0013c04      0x467 hal/clock.32
                0x00000000c0013c04                User::loadClockSettings(int)
                0x00000000c0013c56                Clock::Clock(char const*)
                0x00000000c0013c56                Clock::Clock(char const*)
                0x00000000c0013c8c                Clock::~Clock()
                0x00000000c0013c8c                Clock::~Clock()
                0x00000000c0013cb0                Clock::~Clock()
                0x00000000c0013cda                Clock::timeInSecondsLocal()
                0x00000000c0013d22                Clock::setTimeInSecondsLocal(unsigned long long)
                0x00000000c0013d7b                datetimeToSeconds(datetime_t)
                0x00000000c0013ea2                Clock::setTimeInDatetimeLocal(datetime_t)
                0x00000000c0013f02                secondsToDatetime(unsigned long long)
                0x00000000c0014046                Clock::timeInDatetimeLocal()
 *fill*         0x00000000c001406b        0x1 
 .text          0x00000000c001406c      0x4de hal/device.32
                0x00000000c001406c                Device::hibernate()
                0x00000000c001406e                Device::wake()
                0x00000000c0014070                Device::detect()
                0x00000000c0014072                Device::disableLegacy()
                0x00000000c0014074                Device::powerSaving(PowerSavingLevel)
                0x00000000c0014076                DriverlessDevice::close(int, int, void*)
                0x00000000c001407a                DriverlessDevice::detect()
                0x00000000c001407c                DriverlessDevice::open(int, int, void*)
                0x00000000c0014090                Device::~Device()
                0x00000000c0014090                Device::~Device()
                0x00000000c001409e                Device::~Device()
                0x00000000c00140c6                Device::findAndLoadDriver()
                0x00000000c00140c8                Device::preOpenPCI(PCIDeviceInfo)
                0x00000000c00140ee                Device::preOpenACPI(void*, char*, char*)
                0x00000000c0014142                Device::addIRQHandler(int, void (*)(regs*, void*), bool, void*)
                0x00000000c0014180                Device::removeIRQHandler(int, void (*)(regs*, void*), bool)
                0x00000000c00141be                Device::addChild(Device*)
                0x00000000c0014202                Device::removeAllChildren()
                0x00000000c0014248                Device::hibernateAll()
                0x00000000c0014278                Device::wakeAll()
                0x00000000c00142a8                Device::detectAll()
                0x00000000c00142d8                Device::disableLegacyAll()
                0x00000000c0014308                Device::loadDriversForAll()
                0x00000000c0014334                Device::closeAll()
                0x00000000c001436a                Device::powerSavingAll(PowerSavingLevel)
                0x00000000c00143a0                Device::setName(char const*)
                0x00000000c00143ae                Device::Device(char const*)
                0x00000000c00143ae                Device::Device(char const*)
                0x00000000c00144aa                Device::getName()
                0x00000000c00144b4                DriverlessDevice::DriverlessDevice(char const*)
                0x00000000c00144b4                DriverlessDevice::DriverlessDevice(char const*)
                0x00000000c00144dc                Device::addToLinkedList(LinkedList<Device>&, DeviceType)
                0x00000000c0014520                getDevicesOfType(DeviceType)
 .text          0x00000000c001454a       0x84 hal/diskctrl.32
                0x00000000c001454a                HardDiskController::HardDiskController(char const*)
                0x00000000c001454a                HardDiskController::HardDiskController(char const*)
                0x00000000c0014580                HardDiskController::~HardDiskController()
                0x00000000c0014580                HardDiskController::~HardDiskController()
                0x00000000c00145a4                HardDiskController::~HardDiskController()
 .text          0x00000000c00145ce       0xf2 hal/diskphys.32
                0x00000000c00145ce                PhysicalDisk::eject()
                0x00000000c00145e2                PhysicalDisk::PhysicalDisk(char const*, int)
                0x00000000c00145e2                PhysicalDisk::PhysicalDisk(char const*, int)
                0x00000000c001464a                PhysicalDisk::startCache()
                0x00000000c0014672                PhysicalDisk::~PhysicalDisk()
                0x00000000c0014672                PhysicalDisk::~PhysicalDisk()
                0x00000000c0014696                PhysicalDisk::~PhysicalDisk()
 .text          0x00000000c00146c0      0x13b hal/fpu.32
                0x00000000c00146c0                FPU::FPU(char const*)
                0x00000000c00146c0                FPU::FPU(char const*)
                0x00000000c00146f6                FPU::~FPU()
                0x00000000c00146f6                FPU::~FPU()
                0x00000000c001471a                FPU::~FPU()
                0x00000000c0014744                setupFPU()
 *fill*         0x00000000c00147fb        0x1 
 .text          0x00000000c00147fc     0x13dd hal/intctrl.32
                0x00000000c00147fc                InterruptController::uninstallISRHandler(int, void (*)(regs*, void*))
                0x00000000c0014834                InterruptController::installISRHandler(int, void (*)(regs*, void*), void*)
                0x00000000c0014886                doubleFault(regs*, void*)
                0x00000000c00148a0                InterruptController::installIRQHandler(int, void (*)(regs*, void*), bool, void*)
                0x00000000c001493c                InterruptController::clearAllHandlers(int, bool)
                0x00000000c00149e4                InterruptController::uninstallIRQHandler(int, void (*)(regs*, void*), bool)
                0x00000000c0014a6b                nmiHandler(regs*, void*)
                0x00000000c0014a79                int_handler
                0x00000000c0014b1a                InterruptController::InterruptController(char const*)
                0x00000000c0014b1a                InterruptController::InterruptController(char const*)
                0x00000000c0014bc0                InterruptController::~InterruptController()
                0x00000000c0014bc0                InterruptController::~InterruptController()
                0x00000000c0014be4                InterruptController::~InterruptController()
                0x00000000c0014c0e                displayDebugInfo(regs*)
                0x00000000c001509d                x87EmulHandler(regs*, void*)
                0x00000000c00150cc                gpFault(regs*, void*)
                0x00000000c0015105                pgFault(regs*, void*)
                0x00000000c0015141                otherISRHandler(regs*, void*)
                0x00000000c0015160                opcodeFault(regs*, void*)
                0x00000000c0015766                displayProgramFault(char const*)
                0x00000000c001578e                setupInterruptController()
                0x00000000c0015b8c                InterruptController::convertLegacyIRQNumber(int)
 *fill*         0x00000000c0015bd9        0x1 
 .text          0x00000000c0015bda      0x6c8 hal/keybrd.32
                0x00000000c0015bda                startGUI(void*)
                0x00000000c0015c36                startGUIVESA(void*)
                0x00000000c0015c92                sendKeyToTerminal(unsigned char)
                0x00000000c0015cfe                sendKeyboardToken(KeyboardToken)
                0x00000000c001613b                clearInternalKeybuffer(VgaText*)
                0x00000000c0016170                readKeyboard(VgaText*, char*, unsigned long)
                0x00000000c0016218                Keyboard::Keyboard(char const*)
                0x00000000c0016218                Keyboard::Keyboard(char const*)
                0x00000000c0016254                Keyboard::~Keyboard()
                0x00000000c0016254                Keyboard::~Keyboard()
                0x00000000c0016278                Keyboard::~Keyboard()
 .text          0x00000000c00162a2      0x414 hal/logidisk.32
                0x00000000c00162a2                LogicalDisk::close(int, int, void*)
                0x00000000c00162a6                LogicalDisk::~LogicalDisk()
                0x00000000c00162a6                LogicalDisk::~LogicalDisk()
                0x00000000c00162ca                LogicalDisk::~LogicalDisk()
                0x00000000c00162f4                LogicalDisk::open(int, int, void*)
                0x00000000c0016308                LogicalDisk::absoluteToRelative(unsigned long long)
                0x00000000c0016340                LogicalDisk::relativeToAbsolute(unsigned long long)
                0x00000000c0016386                LogicalDisk::LogicalDisk(char const*, PhysicalDisk*, unsigned long long, unsigned long long)
                0x00000000c0016386                LogicalDisk::LogicalDisk(char const*, PhysicalDisk*, unsigned long long, unsigned long long)
                0x00000000c001643c                LogicalDisk::assignDriveLetter()
                0x00000000c00164f2                LogicalDisk::mount()
                0x00000000c0016564                LogicalDisk::unmount()
                0x00000000c0016574                LogicalDisk::eject()
                0x00000000c0016588                LogicalDisk::unassignDriveLetter()
                0x00000000c00165de                LogicalDisk::read(unsigned long long, int, void*)
                0x00000000c001664a                LogicalDisk::write(unsigned long long, int, void*)
 .text          0x00000000c00166b6       0x84 hal/mouse.32
                0x00000000c00166b6                Mouse::Mouse(char const*)
                0x00000000c00166b6                Mouse::Mouse(char const*)
                0x00000000c00166ec                Mouse::~Mouse()
                0x00000000c00166ec                Mouse::~Mouse()
                0x00000000c0016710                Mouse::~Mouse()
 .text          0x00000000c001673a      0x34d hal/partition.32
                0x00000000c001673a                makePartition(PhysicalDisk*, unsigned long long, unsigned long long)
                0x00000000c00167f6                createPartitionsForDisk(PhysicalDisk*)
 *fill*         0x00000000c0016a87        0x1 
 .text          0x00000000c0016a88       0x84 hal/serial.32
                0x00000000c0016a88                Serial::Serial(char const*)
                0x00000000c0016a88                Serial::Serial(char const*)
                0x00000000c0016abe                Serial::~Serial()
                0x00000000c0016abe                Serial::~Serial()
                0x00000000c0016ae2                Serial::~Serial()
 .text          0x00000000c0016b0c      0x2b8 hal/timer.32
                0x00000000c0016b0c                Timer::Timer(char const*)
                0x00000000c0016b0c                Timer::Timer(char const*)
                0x00000000c0016b42                Timer::~Timer()
                0x00000000c0016b42                Timer::~Timer()
                0x00000000c0016b66                Timer::~Timer()
                0x00000000c0016b90                Timer::read()
                0x00000000c0016b9b                timerHandler(unsigned long long)
                0x00000000c0016cd2                setupTimer(int)
 .text          0x00000000c0016dc4      0x425 hal/vcache.32
                0x00000000c0016dc4                VCache::VCache(PhysicalDisk*)
                0x00000000c0016dc4                VCache::VCache(PhysicalDisk*)
                0x00000000c0016f2c                VCache::invalidateReadBuffer()
                0x00000000c0016f3c                VCache::writeWriteBuffer()
                0x00000000c0016f78                VCache::~VCache()
                0x00000000c0016f78                VCache::~VCache()
                0x00000000c0016fcc                VCache::~VCache()
                0x00000000c0016ff4                VCache::write(unsigned long long, int, void*)
                0x00000000c00170ea                VCache::read(unsigned long long, int, void*)
 *fill*         0x00000000c00171e9        0x1 
 .text          0x00000000c00171ea      0x4cd hal/video.32
                0x00000000c00171ea                Video::putrect(int, int, int, int, unsigned int)
                0x00000000c0017236                Video::bitblit(int, int, int, int, int, int, int, unsigned int*)
                0x00000000c00172a6                Video::blit(unsigned int*, int, int, int, int)
                0x00000000c0017324                Video::clearScreen(unsigned int)
                0x00000000c0017358                Video::putpixel(int, int, unsigned int)
                0x00000000c0017366                Video::Video(char const*)
                0x00000000c0017366                Video::Video(char const*)
                0x00000000c001739c                Video::~Video()
                0x00000000c001739c                Video::~Video()
                0x00000000c00173c0                Video::~Video()
                0x00000000c00173ea                Video::isMonochrome()
                0x00000000c00173f6                Video::getWidth()
                0x00000000c0017402                Video::getHeight()
                0x00000000c001740e                Video::drawCursor(int, int, unsigned char*, int)
                0x00000000c00174ca                Video::tgaParse(unsigned char*, int, int*, int*)
                0x00000000c001764c                Video::putTGA(int, int, unsigned char*, int)
 *fill*         0x00000000c00176b7        0x1 
 .text          0x00000000c00176b8      0xf68 hw/acpi.32
                0x00000000c00176b8                ACPI::close(int, int, void*)
                0x00000000c001776d                findRSDP()
                0x00000000c00177f7                loadACPITables(unsigned char*)
                0x00000000c0017a1e                findRSDT(unsigned char*)
                0x00000000c0017b3c                findDataTable(unsigned char*, char*)
                0x00000000c0017bd8                scanMADT()
                0x00000000c001805e                ACPI::ACPI()
                0x00000000c001805e                ACPI::ACPI()
                0x00000000c00180c8                ACPI::getPCIIRQAssignment(unsigned char, unsigned short, unsigned char)
                0x00000000c00181aa                ACPI::registerPCIIRQAssignment(void*, unsigned short, unsigned char, unsigned char)
                0x00000000c0018270                ACPI::setScreenBrightnessLevel(void*, int)
                0x00000000c0018276                ACPI::writeSimpleBootFlag(SimpleBootFlagTable*)
                0x00000000c00182be                ACPI::open(int, int, void*)
                0x00000000c0018608                ACPI::sleep()
 .text          0x00000000c0018620     0x1715 hw/cpu.32
                0x00000000c0018620                CPU::close(int, int, void*)
                0x00000000c0018624                CPU::lookupAMDName(unsigned char, unsigned char)
                0x00000000c00187b8                CPU::lookupIntelName(unsigned char, unsigned char)
                0x00000000c0018a66                CPU::AMD_K6_write_msr(unsigned int, unsigned int, unsigned int, CPU::REGS*)
                0x00000000c0018a82                CPU::AMD_K6_read_msr(unsigned int, CPU::REGS*)
                0x00000000c0018a9a                CPU::AMD_K6_writeback(int, int, int)
                0x00000000c0018b0e                CPU::cpuid(int, unsigned long*, unsigned long*, unsigned long*, unsigned long*)
                0x00000000c0018b92                CPU::cpuidCheckEDX(unsigned int)
                0x00000000c0018bc0                CPU::cpuidCheckECX(unsigned int)
                0x00000000c0018bee                CPU::cpuidCheckExtendedEBX(unsigned int)
                0x00000000c0018c1c                CPU::cpuidCheckExtendedECX(unsigned int)
                0x00000000c0018c4a                CPU::CPU()
                0x00000000c0018c4a                CPU::CPU()
                0x00000000c0018cd8                CPU::displayFeatures()
                0x00000000c0018f54                CPU::detectFeatures()
                0x00000000c0019944                CPU::setupSMEP()
                0x00000000c0019950                CPU::setupUMIP()
                0x00000000c001995a                CPU::setupTSC()
                0x00000000c0019964                CPU::setupLargePages()
                0x00000000c001996e                CPU::setupPAT()
                0x00000000c00199aa                CPU::setupMTRR()
                0x00000000c00199ac                CPU::setupGlobalPages()
                0x00000000c00199b6                CPU::allowUsermodeDataAccess()
                0x00000000c00199c8                CPU::prohibitUsermodeDataAccess()
                0x00000000c00199da                CPU::setupSMAP()
                0x00000000c00199e8                CPU::setupFeatures()
                0x00000000c0019a68                CPU::open(int, int, void*)
                0x00000000c0019b3a                CPU::decodeAddress(regs*, int*, bool*, unsigned char*)
 .text          0x00000000c0019d35        0x0 hw/ports.32
 .text          0x00000000c0019d35      0x16a hw/smp.32
                0x00000000c0019d35                Krnl::smpEntry()
                0x00000000c0019d37                Krnl::startCPU(int)
                0x00000000c0019e80                Krnl::startCPUs()
 *fill*         0x00000000c0019e9f        0x1 
 .text          0x00000000c0019ea0      0x5d3 krnl/env.32
                0x00000000c0019ea0                EnvVarContainer::getEnv(char const*)
                0x00000000c0019ede                EnvVarContainer::setEnv(char const*, char const*)
                0x00000000c0019faa                EnvVarContainer::deleteEnv(char const*)
                0x00000000c0019fac                EnvVarContainer::loadFrom(char const*, char const*)
                0x00000000c001a1a2                EnvVarContainer::__loadSystem()
                0x00000000c001a1bc                EnvVarContainer::__loadUser()
                0x00000000c001a1be                EnvVarContainer::EnvVarContainer(Process*)
                0x00000000c001a1be                EnvVarContainer::EnvVarContainer(Process*)
                0x00000000c001a1e0                EnvVarContainer::~EnvVarContainer()
                0x00000000c001a1e0                EnvVarContainer::~EnvVarContainer()
                0x00000000c001a210                Krnl::getEnv(Process*, char const*)
                0x00000000c001a275                Krnl::setEnvSystem(char const*, char const*)
                0x00000000c001a28f                Krnl::setEnvUser(char const*, char const*)
                0x00000000c001a2ae                Krnl::setEnvProcess(Process*, char const*, char const*)
                0x00000000c001a2c1                Krnl::deleteEnvSystem(char const*)
                0x00000000c001a2c2                Krnl::deleteEnvUser(char const*)
                0x00000000c001a2c3                Krnl::deleteEnvProcess(Process*, char const*)
                0x00000000c001a2c4                Krnl::newProcessEnv(Process*)
                0x00000000c001a2e6                Krnl::copyProcessEnv(Process*, Process*)
                0x00000000c001a33a                Krnl::loadSystemEnv()
                0x00000000c001a368                Krnl::loadUserEnv()
                0x00000000c001a38e                Krnl::flushEnv()
                0x00000000c001a38f                Krnl::getProcessTotalEnvCount(Process*)
                0x00000000c001a3af                Krnl::getProcessEnvPair(Process*, int)
 .text          0x00000000c001a473      0x396 krnl/panic.32
                0x00000000c001a473                Krnl::panic(char const*)
 .text          0x00000000c001a809      0x3b6 net/ethernet.32
                0x00000000c001a809                Net::switchEndian16(unsigned short)
                0x00000000c001a82a                Net::switchEndian32(unsigned int)
                0x00000000c001a859                Net::crc32Calc(unsigned char*, int)
                0x00000000c001a8ea                Net::wrapEthernetFrame(Net::UnwrappedEthernetFrame, unsigned char*)
                0x00000000c001aa26                Net::unwrapEthernetFrame(unsigned char*, int)
 .text          0x00000000c001abbf      0x513 reg/registry.32
                0x00000000c001abbf                Reg::findLineFromLoadedData(char*, char*, char*)
                0x00000000c001ad17                Reg::getLineFromRegistry(char*, char*, char*, char*)
                0x00000000c001ae6c                Reg::getLine(char*, char*, char*)
                0x00000000c001aea3                Reg::readInt(char*, char*, int*)
                0x00000000c001af8e                Reg::readString(char*, char*, char*, int)
                0x00000000c001b00f                Reg::readBool(char*, char*, bool*)
                0x00000000c001b034                Reg::readBoolWithDefault(char*, char*, bool)
                0x00000000c001b060                Reg::readIntWithDefault(char*, char*, int)
                0x00000000c001b08c                Reg::readStringWithDefault(char*, char*, char*, int, char*)
 .text          0x00000000c001b0d2       0x36 sys/sc_eject.32
                0x00000000c001b0d2                Sys::eject(regs*)
 .text          0x00000000c001b108       0x18 sys/sc_exit.32
                0x00000000c001b108                Sys::exit(regs*)
 .text          0x00000000c001b120       0x1f sys/sc_getcwd.32
                0x00000000c001b120                Sys::getCwd(regs*)
 .text          0x00000000c001b13f        0xc sys/sc_getpid.32
                0x00000000c001b13f                Sys::getPID(regs*)
 .text          0x00000000c001b14b       0x17 sys/sc_getramdata.32
                0x00000000c001b14b                Sys::getRAMData(regs*)
 .text          0x00000000c001b162       0xa8 sys/sc_loaddll.32
                0x00000000c001b162                Sys::loadDLL(regs*)
 .text          0x00000000c001b20a       0x68 sys/sc_read.32
                0x00000000c001b20a                Sys::read(regs*)
 .text          0x00000000c001b272       0x55 sys/sc_sbrk.32
                0x00000000c001b272                Sys::sbrk(regs*)
 .text          0x00000000c001b2c7       0x1c sys/sc_setcwd.32
                0x00000000c001b2c7                Sys::setCwd(regs*)
 .text          0x00000000c001b2e3      0x128 sys/sc_settime.32
                0x00000000c001b2e3                Sys::setTime(regs*)
 .text          0x00000000c001b40b       0x4a sys/sc_timezone.32
                0x00000000c001b40b                Sys::timezone(regs*)
 .text          0x00000000c001b455       0x68 sys/sc_write.32
                0x00000000c001b455                Sys::write(regs*)
 .text          0x00000000c001b4bd       0x62 sys/sc_wsbe.32
                0x00000000c001b4bd                Sys::wsbe(regs*)
 .text          0x00000000c001b51f       0x3b sys/sc_yield.32
                0x00000000c001b51f                Sys::yield(regs*)
 .text          0x00000000c001b55a     0x10e5 sys/syscalls.32
                0x00000000c001b55a                sysCallSeekDir(regs*)
                0x00000000c001b55f                sysCallTellDir(regs*)
                0x00000000c001b564                sysCallVerify(regs*)
                0x00000000c001b56e                sysFormatDisk(regs*)
                0x00000000c001b5d8                sysSetDiskVolumeLabel(regs*)
                0x00000000c001b61e                sysGetDiskVolumeLabel(regs*)
                0x00000000c001b66f                sysShutdown(regs*)
                0x00000000c001b6cd                sysCallRealpath(regs*)
                0x00000000c001b710                sysCallGetArgc(regs*)
                0x00000000c001b73e                sysCallReadDir(regs*)
                0x00000000c001b7cc                sysCallIsATTY(regs*)
                0x00000000c001b826                sysCallSeek(regs*)
                0x00000000c001b88f                sysCallTell(regs*)
                0x00000000c001b90c                sysCallSize(regs*)
                0x00000000c001b98f                sysCallSizeFromFilename(regs*)
                0x00000000c001ba4f                sysCallClose(regs*)
                0x00000000c001bad7                sysCallOpenDir(regs*)
                0x00000000c001bb4c                sysCallCloseDir(regs*)
                0x00000000c001bbb2                sysCallMakeDir(regs*)
                0x00000000c001bc22                sysCallWait(regs*)
                0x00000000c001bc3c                sysCallNotImpl(regs*)
                0x00000000c001bc57                sysPanic(regs*)
                0x00000000c001bc7d                sysCallRmdir(regs*)
                0x00000000c001bce1                sysCallUnlink(regs*)
                0x00000000c001bd45                sysCallGetArgv(regs*)
                0x00000000c001bd91                sysCallTTYName(regs*)
                0x00000000c001be14                sysCallUSleep(regs*)
                0x00000000c001be3b                sysCallSpawn(regs*)
                0x00000000c001be93                sysCallGetEnv(regs*)
                0x00000000c001bfcb                sysAppSettings(regs*)
                0x00000000c001c0ea                sysSetFatAttrib(regs*)
                0x00000000c001c15c                sysPipe(regs*)
                0x00000000c001c1a1                sysGetUnixTime(regs*)
                0x00000000c001c1b5                string_ends_with(char const*, char const*)
                0x00000000c001c1fd                sysCallOpen(regs*)
                0x00000000c001c412                Sys::loadSyscalls()
                0x00000000c001c5fd                Sys::systemCall(regs*, void*)
 .text          0x00000000c001c63f     0x11ef thr/elf.32
                0x00000000c001c63f                Thr::allocateMemoryForTask(Process*, File*, unsigned long, unsigned long, unsigned long)
                0x00000000c001c8d1                Thr::loadProgramIntoMemory(Process*, char const*)
                0x00000000c001cae7                Thr::runtimeReferenceHelper()
                0x00000000c001cafa                Thr::getAddressOfKernelSymbol(char const*)
                0x00000000c001cb49                Thr::loadKernelSymbolTable(char const*)
                0x00000000c001ce07                Thr::loadDriverIntoMemory(char const*, unsigned long, bool)
                0x00000000c001d523                Thr::getDriverBaseFromAddress(unsigned long)
                0x00000000c001d555                Thr::getDriverNameFromAddress(unsigned long)
                0x00000000c001d58c                Thr::getDriverOffsetFromAddress(unsigned long)
                0x00000000c001d5a6                Thr::loadDLL(char const*, bool)
                0x00000000c001d7f5                Thr::executeDLL(unsigned long, void*)
 .text          0x00000000c001d82e     0x105a thr/prcssthr.32
                0x00000000c001d82e                changeTSS
                0x00000000c001d85e                Process::addArgs(char**)
                0x00000000c001d8b8                Process::Process(char const*, Process*, char**)
                0x00000000c001d8b8                Process::Process(char const*, Process*, char**)
                0x00000000c001da9e                Process::Process(bool, char const*, Process*, char**)
                0x00000000c001da9e                Process::Process(bool, char const*, Process*, char**)
                0x00000000c001dc50                disableIRQs()
                0x00000000c001dc58                getIRQNestingLevel()
                0x00000000c001dc5e                enableIRQs()
                0x00000000c001dc6d                lockScheduler()
                0x00000000c001dc6f                unlockScheduler()
                0x00000000c001dc71                userModeEntryPoint(void*)
                0x00000000c001dc94                lockStuff()
                0x00000000c001dca0                taskStartupFunction
                0x00000000c001dca9                updateTimeUsed()
                0x00000000c001dd0e                switchToThread(ThreadControlBlock*)
                0x00000000c001dd5e                Semaphore::Semaphore(int)
                0x00000000c001dd5e                Semaphore::Semaphore(int)
                0x00000000c001dd8c                Mutex::Mutex()
                0x00000000c001dd8c                Mutex::Mutex()
                0x00000000c001dd9e                Process::createThread(void (*)(void*), void*, int)
                0x00000000c001de82                Process::createUserThread()
                0x00000000c001de9e                setupMultitasking(void (*)())
                0x00000000c001dfa8                schedule()
                0x00000000c001e02d                unlockStuff()
                0x00000000c001e062                Semaphore::tryAcquire()
                0x00000000c001e090                Semaphore::assertLocked(char const*)
                0x00000000c001e0c0                blockTaskWithSchedulerLockAlreadyHeld(TaskState)
                0x00000000c001e102                blockTask(TaskState)
                0x00000000c001e123                waitTask(int, int*, int)
                0x00000000c001e165                nanoSleepUntil(unsigned long long)
                0x00000000c001e1bc                nanoSleep(unsigned long long)
                0x00000000c001e1d1                sleep(unsigned long long)
                0x00000000c001e1ee                Semaphore::acquire()
                0x00000000c001e256                taskReturned
                0x00000000c001e284                unblockTask(ThreadControlBlock*)
                0x00000000c001e333                cleanupTerminatedTask(ThreadControlBlock*)
                0x00000000c001e5fd                cleanerTaskFunction(void*)
                0x00000000c001e6b0                terminateTask(int)
                0x00000000c001e790                Thr::terminateFromIRQ(int)
                0x00000000c001e79c                Semaphore::release()
 .text          0x00000000c001e888      0xc26 vm86/vm8086.32
                0x00000000c001e888                Vm::inbv(unsigned short)
                0x00000000c001e89b                Vm::outbv(unsigned short, unsigned char)
                0x00000000c001e8ee                Vm::realToLinear(unsigned short, unsigned short)
                0x00000000c001e8fe                Vm::getSegment(unsigned int)
                0x00000000c001e906                Vm::getOffset(unsigned int)
                0x00000000c001e90b                Vm::mainloop2()
                0x00000000c001e946                Vm::mainVm8086Loop(void*)
                0x00000000c001e953                Vm::mainloop3(unsigned long)
                0x00000000c001e97d                Vm::initialise8086()
                0x00000000c001e9c0                Vm::finish8086()
                0x00000000c001ea05                Vm::getOutput8086(unsigned char*)
                0x00000000c001ea2f                Vm::start8086(char const*, unsigned short, unsigned short, unsigned short, unsigned short)
                0x00000000c001eb7f                Vm::doISR(regs*, int, unsigned char*, unsigned short, unsigned short)
                0x00000000c001ec09                Vm::readByteFromReal(unsigned short, unsigned short)
                0x00000000c001ec1a                Vm::readWordFromReal(unsigned short, unsigned short)
                0x00000000c001ec2c                Vm::readDwordFromReal(unsigned short, unsigned short)
                0x00000000c001ec3d                Vm::writeByteFromReal(unsigned short, unsigned short, unsigned char)
                0x00000000c001ec52                Vm::writeWordFromReal(unsigned short, unsigned short, unsigned short)
                0x00000000c001ec68                Vm::writeDwordFromReal(unsigned short, unsigned short, unsigned int)
                0x00000000c001ec7d                Vm::faultHandler(regs*)
 .text          0x00000000c001f4ae      0xf2b vm86/x87em.32
                0x00000000c001f4ae                Vm::x87Save(void*)
                0x00000000c001f4c5                Vm::x87Load(void*)
                0x00000000c001f4dc                Vm::fpuInternalTo32(unsigned long long)
                0x00000000c001f537                Vm::fpuInternalTo64(unsigned long long)
                0x00000000c001f540                Vm::fpu32ToInternal(unsigned int)
                0x00000000c001f585                Vm::fpu64ToInternal(unsigned long long)
                0x00000000c001f58e                Vm::fpuFloatToLong(unsigned long long)
                0x00000000c001f5e9                Vm::fpuULongToFloat(unsigned long long)
                0x00000000c001f61f                Vm::fpuLongToFloat(long long)
                0x00000000c001f675                Vm::fpuGet0()
                0x00000000c001f67a                Vm::fpuGet1()
                0x00000000c001f682                Vm::fpuGetPi()
                0x00000000c001f68a                Vm::fpuGetLog2E()
                0x00000000c001f6a2                Vm::fpuGetLogE2()
                0x00000000c001f6ba                Vm::fpuGetLog210()
                0x00000000c001f6d2                Vm::fpuGetLog102()
                0x00000000c001f6ea                Vm::fpuIsSecondLarger(unsigned long long, unsigned long long)
                0x00000000c001f6fe                Vm::fpuAreEqual(unsigned long long, unsigned long long)
                0x00000000c001f714                Vm::fpuUnorderedCompare(unsigned long long, unsigned long long)
                0x00000000c001f767                Vm::fpuAdd(unsigned long long, unsigned long long)
                0x00000000c001f778                Vm::fpuAbs(unsigned long long)
                0x00000000c001f781                Vm::fpuChs(unsigned long long)
                0x00000000c001f791                Vm::fpuSub(unsigned long long, unsigned long long)
                0x00000000c001f7a0                Vm::fpuMultiply(unsigned long long, unsigned long long)
                0x00000000c001f7bf                Vm::fpuDivide(unsigned long long, unsigned long long)
                0x00000000c001f7db                Vm::fpuSquare(unsigned long long)
                0x00000000c001f7f1                Vm::fpuGetReg(int)
                0x00000000c001f834                Vm::fpuSetReg(int, unsigned long long)
                0x00000000c001f87f                Vm::fpuPush(unsigned long long)
                0x00000000c001f8dc                Vm::fpuPop()
                0x00000000c001f92e                Vm::x87Handler(regs*)
 *fill*         0x00000000c00203d9        0x1 
 .text          0x00000000c00203da     0x10ed fs/fat/vfslink.32
                0x00000000c00203da                FAT::getName()
                0x00000000c00203e0                FAT::tell(void*, unsigned long long*)
                0x00000000c0020414                FAT::stat(void*, unsigned long long*)
                0x00000000c0020448                FAT::~FAT()
                0x00000000c0020448                FAT::~FAT()
                0x00000000c002046c                FAT::~FAT()
                0x00000000c0020494                FAT::getlabel(LogicalDisk*, int, char*, unsigned int*)
                0x00000000c0020532                FAT::setlabel(LogicalDisk*, int, char*)
                0x00000000c00205ec                FAT::format(LogicalDisk*, int, char const*, int)
                0x00000000c00207d0                FAT::tryMount(LogicalDisk*, int)
                0x00000000c00209d6                FAT::readDir(void*, unsigned long, void*, int*)
                0x00000000c0020adc                FAT::read(void*, unsigned long, void*, int*)
                0x00000000c0020b36                FAT::write(void*, unsigned long, void*, int*)
                0x00000000c0020b90                FAT::close(void*)
                0x00000000c0020bdc                FAT::closeDir(void*)
                0x00000000c0020c28                FAT::seek(void*, unsigned long long)
                0x00000000c0020c7c                fatWrapperReadDisk
                0x00000000c0020cc3                fatWrapperWriteDisk
                0x00000000c0020d0a                fatWrapperIoctl
                0x00000000c0020e0e                FAT::FAT()
                0x00000000c0020e0e                FAT::FAT()
                0x00000000c0020e60                FAT::fixFilepath(char*)
                0x00000000c0020e98                FAT::open(char const*, void**, FileOpenMode)
                0x00000000c0020fc0                FAT::openDir(char const*, void**)
                0x00000000c0021066                FAT::stat(char const*, unsigned long long*, bool*)
                0x00000000c0021150                FAT::unlink(char const*)
                0x00000000c00211ca                FAT::chfatattr(char const*, unsigned char, unsigned char)
                0x00000000c002131e                FAT::rename(char const*, char const*)
                0x00000000c00213e2                FAT::mkdir(char const*)
                0x00000000c002145c                FAT::exists(char const*)
 *fill*         0x00000000c00214c7        0x1 
 .text          0x00000000c00214c8      0xbc1 fs/iso9660/vfslink.32
                0x00000000c00214c8                ISO9660::format(LogicalDisk*, int, char const*, int)
                0x00000000c00214ce                ISO9660::seek(void*, unsigned long long)
                0x00000000c00214fe                ISO9660::tell(void*, unsigned long long*)
                0x00000000c0021522                ISO9660::getName()
                0x00000000c0021528                ISO9660::stat(void*, unsigned long long*)
                0x00000000c002154c                ISO9660::chfatattr(char const*, unsigned char, unsigned char)
                0x00000000c0021552                ISO9660::unlink(char const*)
                0x00000000c0021558                ISO9660::write(void*, unsigned long, void*, int*)
                0x00000000c002155e                ISO9660::rename(char const*, char const*)
                0x00000000c0021564                ISO9660::mkdir(char const*)
                0x00000000c002156a                ISO9660::close(void*)
                0x00000000c002158c                ISO9660::closeDir(void*)
                0x00000000c00215ae                ISO9660::~ISO9660()
                0x00000000c00215ae                ISO9660::~ISO9660()
                0x00000000c00215d2                ISO9660::~ISO9660()
                0x00000000c00215f9                __memmem(unsigned char*, int, unsigned char*, int)
                0x00000000c002163b                readSectorFromCDROM(unsigned int, unsigned char*, char)
                0x00000000c00216a2                ISO9660::tryMount(LogicalDisk*, int)
                0x00000000c00216f2                ISO9660::read(void*, unsigned long, void*, int*)
                0x00000000c00218f2                ISO9660::readDir(void*, unsigned long, void*, int*)
                0x00000000c0021b7f                readRoot(unsigned int*, unsigned int*, char)
                0x00000000c0021bd4                readRecursively(char*, unsigned int, unsigned int, unsigned int*, unsigned int*, char, int*)
                0x00000000c0021da7                getFileData(char*, unsigned int*, unsigned int*, char, int*)
                0x00000000c0021e36                ISO9660::open(char const*, void**, FileOpenMode)
                0x00000000c0021ef6                ISO9660::exists(char const*)
                0x00000000c0021f1a                ISO9660::stat(char const*, unsigned long long*, bool*)
                0x00000000c0021fae                ISO9660::openDir(char const*, void**)
                0x00000000c0022066                ISO9660::ISO9660()
                0x00000000c0022066                ISO9660::ISO9660()
 *fill*         0x00000000c0022089        0x1 
 .text          0x00000000c002208a      0x326 hal/sound/sndchannel.32
                0x00000000c002208a                SoundChannel::~SoundChannel()
                0x00000000c002208a                SoundChannel::~SoundChannel()
                0x00000000c00220a6                SoundChannel::setSpeed(float)
                0x00000000c00220b2                SoundChannel::getSpeed()
                0x00000000c00220ba                SoundChannel::setVolume(int)
                0x00000000c00220d6                SoundChannel::getVolume()
                0x00000000c00220de                SoundChannel::pause()
                0x00000000c00220e8                SoundChannel::SoundChannel(int, int, int, int)
                0x00000000c00220e8                SoundChannel::SoundChannel(int, int, int, int)
                0x00000000c002223e                SoundChannel::play()
                0x00000000c0022248                SoundChannel::paused()
                0x00000000c0022250                SoundChannel::getSampleRate()
                0x00000000c0022258                SoundChannel::getBits()
                0x00000000c0022260                SoundChannel::getBufferUsed()
                0x00000000c0022268                SoundChannel::getBufferSize()
                0x00000000c0022270                SoundChannel::unbuffer(float*, int, int)
                0x00000000c0022310                SoundChannel::buffer8(unsigned char*, int)
 .text          0x00000000c00223b0      0x3d5 hal/sound/sndhw.32
                0x00000000c00223b0                SoundDevice::SoundDevice(char const*)
                0x00000000c00223b0                SoundDevice::SoundDevice(char const*)
                0x00000000c002241c                SoundDevice::~SoundDevice()
                0x00000000c002241c                SoundDevice::~SoundDevice()
                0x00000000c0022496                SoundDevice::~SoundDevice()
                0x00000000c00224c0                SoundDevice::getFreeChannelNum()
                0x00000000c00224da                SoundDevice::addChannel(SoundChannel*)
                0x00000000c002254a                SoundDevice::removeChannel(int)
                0x00000000c002257c                SoundDevice::floatTo8(float*, unsigned char*, int)
                0x00000000c0022664                SoundDevice::getAudio(int, float*, float*)
 .text          0x00000000c0022785        0x0 hw/bus/isa.32
 *fill*         0x00000000c0022785        0x1 
 .text          0x00000000c0022786      0x6c3 hw/bus/pci.32
                0x00000000c0022786                PCI::open(int, int, void*)
                0x00000000c002279a                PCI::close(int, int, void*)
                0x00000000c002279e                PCI::PCI()
                0x00000000c002279e                PCI::PCI()
                0x00000000c002281e                PCI::pciReadWord(unsigned char, unsigned char, unsigned char, unsigned char)
                0x00000000c0022866                PCI::getVendorID(unsigned char, unsigned char, unsigned char)
                0x00000000c0022888                PCI::getHeaderType(unsigned char, unsigned char, unsigned char)
                0x00000000c00228ac                PCI::getClassCode(unsigned char, unsigned char, unsigned char)
                0x00000000c00228f0                PCI::getProgIF(unsigned char, unsigned char, unsigned char)
                0x00000000c0022914                PCI::getRevisionID(unsigned char, unsigned char, unsigned char)
                0x00000000c0022936                PCI::getInterruptNumber(unsigned char, unsigned char, unsigned char)
                0x00000000c0022958                PCI::getSecondaryBus(unsigned char, unsigned char, unsigned char)
                0x00000000c002297c                PCI::getBARAddress(unsigned char, unsigned char, unsigned char, unsigned char)
                0x00000000c00229dc                PCI::pciWriteWord(unsigned char, unsigned char, unsigned char, unsigned char, unsigned short)
                0x00000000c0022a48                PCI::checkBus(unsigned char)
                0x00000000c0022a6c                PCI::foundDevice(PCIDeviceInfo)
                0x00000000c0022bde                PCI::getDeviceData(unsigned char, unsigned char, unsigned char)
                0x00000000c0022d8a                PCI::checkDevice(unsigned char, unsigned char)
                0x00000000c0022df6                PCI::detect()
 *fill*         0x00000000c0022e49        0x1 
 .text          0x00000000c0022e4a      0xc70 hw/diskctrl/ide.32
                0x00000000c0022e4a                IDE::close(int, int, void*)
                0x00000000c0022e4e                IDE::IDE()
                0x00000000c0022e4e                IDE::IDE()
                0x00000000c0022e82                IDE::prepareInterrupt(unsigned char)
                0x00000000c0022e94                selectDrive(unsigned char, unsigned char)
                0x00000000c0022e96                IDE::getBase(unsigned char)
                0x00000000c0022ea8                IDE::write(unsigned char, unsigned char, unsigned char)
                0x00000000c0022f68                IDE::read(unsigned char, unsigned char)
                0x00000000c0023016                IDE::waitInterrupt(unsigned char)
                0x00000000c002307c                ideChannel0IRQHandler(regs*, void*)
                0x00000000c0023098                ideChannel1IRQHandler(regs*, void*)
                0x00000000c00230b4                IDE::enableIRQs(unsigned char, bool)
                0x00000000c00230fa                IDE::open(int, int, void*)
                0x00000000c002350a                IDE::readBuffer(unsigned char, unsigned char, unsigned int, unsigned int)
                0x00000000c00235d6                IDE::detect()
                0x00000000c00238be                IDE::printError(unsigned char, unsigned char, unsigned char)
                0x00000000c0023a54                IDE::polling(unsigned char, unsigned int)
 .text          0x00000000c0023aba      0x390 hw/diskctrl/satabus.32
                0x00000000c0023aba                SATABus::close(int, int, void*)
                0x00000000c0023abe                SATABus::detect()
                0x00000000c0023ac0                SATABus::SATABus()
                0x00000000c0023ac0                SATABus::SATABus()
                0x00000000c0023b6c                SATABus::findCmdslot(SATABus::tagHBA_PORT volatile*)
                0x00000000c0023bb4                SATABus::checkType(SATABus::tagHBA_PORT volatile*)
                0x00000000c0023bfc                SATABus::startCmd(SATABus::tagHBA_PORT volatile*)
                0x00000000c0023c1c                SATABus::stopCmd(SATABus::tagHBA_PORT volatile*)
                0x00000000c0023c46                SATABus::portRebase(SATABus::tagHBA_PORT volatile*, int)
                0x00000000c0023d4c                SATABus::probePort(SATABus::tagHBA_MEM volatile*)
                0x00000000c0023e2a                SATABus::open(int, int, void*)
 .text          0x00000000c0023e4a      0x63c hw/diskphys/ata.32
                0x00000000c0023e4a                ATA::close(int, int, void*)
                0x00000000c0023e6e                ATA::powerSaving(PowerSavingLevel)
                0x00000000c0023e70                ATA::ATA()
                0x00000000c0023e70                ATA::ATA()
                0x00000000c0023e9e                ATA::flush(bool)
                0x00000000c0023ee8                ATA::readyForCommand()
                0x00000000c0023f38                ATA::access(unsigned long long, int, void*, bool)
                0x00000000c00242c0                ATA::read(unsigned long long, int, void*)
                0x00000000c0024328                ATA::write(unsigned long long, int, void*)
                0x00000000c0024390                ATA::detectCHS()
                0x00000000c00243ba                ATA::open(int, int, void*)
 .text          0x00000000c0024486      0x5bd hw/diskphys/atapi.32
                0x00000000c0024486                ATAPI::write(unsigned long long, int, void*)
                0x00000000c002448c                ATAPI::close(int, int, void*)
                0x00000000c00244b0                ATAPI::ATAPI()
                0x00000000c00244b0                ATAPI::ATAPI()
                0x00000000c00244de                ATAPI::readyForCommand()
                0x00000000c002452e                ATAPI::sendPacket(unsigned char*, int, bool, unsigned short*, int)
                0x00000000c00247ee                ATAPI::diskRemoved()
                0x00000000c002480a                ATAPI::eject()
                0x00000000c0024852                ATAPI::diskInserted()
                0x00000000c0024880                ATAPI::detectMedia()
                0x00000000c002493c                ATAPI::open(int, int, void*)
                0x00000000c00249c4                ATAPI::read(unsigned long long, int, void*)
 *fill*         0x00000000c0024a43        0x1 
 .text          0x00000000c0024a44      0x455 hw/diskphys/sata.32
                0x00000000c0024a44                SATA::close(int, int, void*)
                0x00000000c0024a68                SATA::powerSaving(PowerSavingLevel)
                0x00000000c0024a6a                SATA::open(int, int, void*)
                0x00000000c0024b18                SATA::SATA()
                0x00000000c0024b18                SATA::SATA()
                0x00000000c0024b46                SATA::access(unsigned long long, int, void*, bool)
                0x00000000c0024dac                SATA::read(unsigned long long, int, void*)
                0x00000000c0024e14                SATA::write(unsigned long long, int, void*)
 *fill*         0x00000000c0024e99        0x1 
 .text          0x00000000c0024e9a      0x500 hw/diskphys/satapi.32
                0x00000000c0024e9a                SATAPI::write(unsigned long long, int, void*)
                0x00000000c0024ea0                SATAPI::close(int, int, void*)
                0x00000000c0024ec4                SATAPI::SATAPI()
                0x00000000c0024ec4                SATAPI::SATAPI()
                0x00000000c0024ef2                SATAPI::diskRemoved()
                0x00000000c0024f0e                SATAPI::diskInserted()
                0x00000000c0024f3c                SATAPI::sendPacket(unsigned char*, int, unsigned long long, unsigned short*, int)
                0x00000000c0025140                SATAPI::eject()
                0x00000000c0025188                SATAPI::detectMedia()
                0x00000000c002524a                SATAPI::open(int, int, void*)
                0x00000000c00252f8                SATAPI::read(unsigned long long, int, void*)
 .text          0x00000000c002539a       0x8e hw/fpu/avx.32
                0x00000000c002539a                AVX::open(int, int, void*)
                0x00000000c00253ac                AVX::close(int, int, void*)
                0x00000000c00253be                AVX::available()
                0x00000000c00253d0                AVX::save(void*)
                0x00000000c00253e8                AVX::load(void*)
                0x00000000c0025400                AVX::AVX()
                0x00000000c0025400                AVX::AVX()
 .text          0x00000000c0025428       0x90 hw/fpu/mmx.32
                0x00000000c0025428                MMX::available()
                0x00000000c002543c                MMX::open(int, int, void*)
                0x00000000c002544e                MMX::close(int, int, void*)
                0x00000000c0025460                MMX::save(void*)
                0x00000000c0025478                MMX::load(void*)
                0x00000000c0025490                MMX::MMX()
                0x00000000c0025490                MMX::MMX()
 .text          0x00000000c00254b8       0x96 hw/fpu/sse.32
                0x00000000c00254b8                SSE::open(int, int, void*)
                0x00000000c00254ca                SSE::close(int, int, void*)
                0x00000000c00254dc                SSE::available()
                0x00000000c00254f6                SSE::save(void*)
                0x00000000c002550e                SSE::load(void*)
                0x00000000c0025526                SSE::SSE()
                0x00000000c0025526                SSE::SSE()
 .text          0x00000000c002554e       0x8e hw/fpu/x87.32
                0x00000000c002554e                x87::open(int, int, void*)
                0x00000000c0025560                x87::close(int, int, void*)
                0x00000000c0025572                x87::available()
                0x00000000c0025584                x87::save(void*)
                0x00000000c002559c                x87::load(void*)
                0x00000000c00255b4                x87::x87()
                0x00000000c00255b4                x87::x87()
 .text          0x00000000c00255dc      0x71e hw/intctrl/apic.32
                0x00000000c00255dc                APIC::disable()
                0x00000000c00255de                APIC::close(int, int, void*)
                0x00000000c0025600                IOAPIC::close(int, int, void*)
                0x00000000c0025606                APIC::io_wait()
                0x00000000c002560c                APIC::getBase()
                0x00000000c002564e                APIC::eoi(unsigned char)
                0x00000000c002567c                APIC::open(int, int, void*)
                0x00000000c00257ca                IOAPIC::IOAPIC()
                0x00000000c00257ca                IOAPIC::IOAPIC()
                0x00000000c00257f2                APIC::APIC()
                0x00000000c00257f2                APIC::APIC()
                0x00000000c00258ce                IOAPIC::handlesGSIWithNumber(unsigned int)
                0x00000000c0025900                IOAPIC::read(int)
                0x00000000c0025928                IOAPIC::open(int, int, void*)
                0x00000000c0025a1e                IOAPIC::write(int, int)
                0x00000000c0025a4a                IOAPIC::redirect(unsigned char, unsigned long long, unsigned char, bool, bool)
                0x00000000c0025b44                APIC::installIRQHandler(int, void (*)(regs*, void*), bool, void*)
 .text          0x00000000c0025cfa      0x3d3 hw/intctrl/pic.32
                0x00000000c0025cfa                PIC::disable()
                0x00000000c0025d28                PIC::close(int, int, void*)
                0x00000000c0025d4a                PIC::PIC()
                0x00000000c0025d4a                PIC::PIC()
                0x00000000c0025e20                PIC::ioWait()
                0x00000000c0025e26                PIC::getIRQReg(int)
                0x00000000c0025e90                PIC::eoi(unsigned char)
                0x00000000c0025f22                PIC::remap()
                0x00000000c002608e                PIC::open(int, int, void*)
 *fill*         0x00000000c00260cd        0x1 
 .text          0x00000000c00260ce      0x25e hw/timer/apictimer.32
                0x00000000c00260ce                APICTimer::close(int, int, void*)
                0x00000000c00260d4                apicTimerHandler(regs*, void*)
                0x00000000c0026102                APICTimer::write(int)
                0x00000000c0026206                APICTimer::open(int, int, void*)
                0x00000000c0026304                APICTimer::APICTimer()
                0x00000000c0026304                APICTimer::APICTimer()
 .text          0x00000000c002632c      0x1a7 hw/timer/pit.32
                0x00000000c002632c                PIT::write(int)
                0x00000000c00263aa                pitHandler(regs*, void*)
                0x00000000c00263d6                PIT::open(int, int, void*)
                0x00000000c0026424                PIT::close(int, int, void*)
                0x00000000c0026454                PIT::PIT()
                0x00000000c0026454                PIT::PIT()
 *fill*         0x00000000c00264d3        0xd 
 .text          0x00000000c00264e0       0x1e hw/fpu/x86/avx.32
                0x00000000c00264e0                avxDetect
                0x00000000c00264e6                avxSave
                0x00000000c00264e7                avxLoad
                0x00000000c00264e8                avxInit
                0x00000000c00264e9                avxClose
                0x00000000c00264ea                wouldSheSayYes
 *fill*         0x00000000c00264fe        0x2 
 .text          0x00000000c0026500       0x35 hw/fpu/x86/sse.32
                0x00000000c0026500                absolutelyNoChanceInHell
                0x00000000c0026500                sseDetect
                0x00000000c0026518                sseSave
                0x00000000c002651e                sseLoad
                0x00000000c0026524                sseInit
                0x00000000c0026534                sseClose
 *fill*         0x00000000c0026535        0xb 
 .text          0x00000000c0026540       0x47 hw/fpu/x86/x87.32
                0x00000000c0026546                x87Detect
                0x00000000c0026561                x87Save
                0x00000000c0026567                x87Load
                0x00000000c002656c                x87Init
                0x00000000c0026586                x87Close
 *fill*         0x00000000c0026587        0x1 
 .text          0x00000000c0026588       0x25 /cygdrive/d/Users/Alex/Desktop/Toolchain/Output/bin/../lib/gcc/i386-banana/8.1.0/crtend.o
 .text          0x00000000c00265ad        0x0 crtn.32
 *fill*         0x00000000c00265ad        0x3 
 .text          0x00000000c00265b0      0x14b /cygdrive/d/Users/Alex/Desktop/Toolchain/Output/bin/../lib/gcc/i386-banana/8.1.0/libkgcc.a(_divdi3.o)
                0x00000000c00265b0                __divdi3
 *fill*         0x00000000c00266fb        0x1 
 .text          0x00000000c00266fc      0x17e /cygdrive/d/Users/Alex/Desktop/Toolchain/Output/bin/../lib/gcc/i386-banana/8.1.0/libkgcc.a(_moddi3.o)
                0x00000000c00266fc                __moddi3
 *fill*         0x00000000c002687a        0x2 
 .text          0x00000000c002687c       0xff /cygdrive/d/Users/Alex/Desktop/Toolchain/Output/bin/../lib/gcc/i386-banana/8.1.0/libkgcc.a(_udivdi3.o)
                0x00000000c002687c                __udivdi3
 *fill*         0x00000000c002697b        0x1 
 .text          0x00000000c002697c      0x11a /cygdrive/d/Users/Alex/Desktop/Toolchain/Output/bin/../lib/gcc/i386-banana/8.1.0/libkgcc.a(_umoddi3.o)
                0x00000000c002697c                __umoddi3
 .text          0x00000000c0026a96      0x96d D:/Users/Alex/Desktop/Banana/kernel/libsoftfp.a(sfieeelib.o)
                0x00000000c0026a96                __addsf3
                0x00000000c0026d98                __subsf3
                0x00000000c0026dac                __negsf2
                0x00000000c0026db9                __mulsf3
                0x00000000c0026f7c                __divsf3
                0x00000000c00271a7                __floatsisf
                0x00000000c002721b                __floatunsisf
                0x00000000c002725d                __fixsfsi
                0x00000000c00272bf                __fixunssfsi
                0x00000000c00272f0                __cmpsf2
                0x00000000c0027385                __eqsf2