Archive member included to satisfy reference by file (symbol)

/cygdrive/d/Users/Alex/Desktop/Toolchain/Output/bin/../lib/gcc/i386-banana/8.1.0/libkgcc.a(_divdi3.o)
                              fs/fat/ff.32 (__divdi3)
/cygdrive/d/Users/Alex/Desktop/Toolchain/Output/bin/../lib/gcc/i386-banana/8.1.0/libkgcc.a(_moddi3.o)
                              compat/resolve.32 (__moddi3)
/cygdrive/d/Users/Alex/Desktop/Toolchain/Output/bin/../lib/gcc/i386-banana/8.1.0/libkgcc.a(_udivdi3.o)
                              fs/fat/ff.32 (__udivdi3)
/cygdrive/d/Users/Alex/Desktop/Toolchain/Output/bin/../lib/gcc/i386-banana/8.1.0/libkgcc.a(_umoddi3.o)
                              compat/resolve.32 (__umoddi3)
D:/Users/Alex/Desktop/Banana/kernel/libsoftfp.a(sfieeelib.o)
                              hal/sound/sndhw.32 (__addsf3)
D:/Users/Alex/Desktop/Banana/kernel/libsoftfp.a(dfieeelib.o)
                              hal/libresample/src_linear.32 (__adddf3)
D:/Users/Alex/Desktop/Banana/kernel/libsoftfp.a(sfdfcvt.o)
                              hal/libresample/samplerate.32 (__truncdfsf2)
D:/Users/Alex/Desktop/Banana/kernel/libk/libm32.a(s_fabs.c.o)
                              hal/libresample/samplerate.32 (fabs)
D:/Users/Alex/Desktop/Banana/kernel/libk/libm32.a(s_lrint.S.o)
                              hal/libresample/samplerate.32 (lrint)
D:/Users/Alex/Desktop/Banana/kernel/libk/libm32.a(s_lrintf.S.o)
                              hal/sound/sndhw.32 (lrintf)

Discarded input sections

 .comment       0x0000000000000000       0x12 /cygdrive/d/Users/Alex/Desktop/Toolchain/Output/bin/../lib/gcc/i386-banana/8.1.0/crtbegin.o
 .comment       0x0000000000000000       0x12 acpica/utclib.32
 .comment       0x0000000000000000       0x12 core/malloc.32
 .comment       0x0000000000000000       0x12 libk/string.32
 .comment       0x0000000000000000       0x12 fs/fat/diskio.32
 .comment       0x0000000000000000       0x12 fs/fat/ff.32
 .comment       0x0000000000000000       0x12 fs/fat/ffsystem.32
 .comment       0x0000000000000000       0x12 fs/fat/ffunicode.32
 .comment       0x0000000000000000       0x12 hal/libresample/samplerate.32
 .comment       0x0000000000000000       0x12 hal/libresample/src_linear.32
 .comment       0x0000000000000000       0x12 hal/libresample/src_sinc.32
 .comment       0x0000000000000000       0x12 hal/libresample/src_zoh.32
 .comment       0x0000000000000000       0x12 compat/inlines.32
 .comment       0x0000000000000000       0x12 compat/resolve.32
 .group         0x0000000000000000       0x14 core/computer.32
 .group         0x0000000000000000        0xc core/computer.32
 .comment       0x0000000000000000       0x12 core/computer.32
 .comment       0x0000000000000000       0x12 core/gdt.32
 .group         0x0000000000000000        0xc core/idle.32
 .comment       0x0000000000000000       0x12 core/idle.32
 .comment       0x0000000000000000       0x12 core/idt.32
 .comment       0x0000000000000000       0x12 core/kheap.32
 .comment       0x0000000000000000       0x12 core/main.32
 .comment       0x0000000000000000       0x12 core/physmgr.32
 .group         0x0000000000000000        0xc core/pipe.32
 .comment       0x0000000000000000       0x12 core/pipe.32
 .group         0x0000000000000000        0xc core/terminal.32
 .comment       0x0000000000000000       0x12 core/terminal.32
 .comment       0x0000000000000000       0x12 core/tss.32
 .group         0x0000000000000000        0x8 core/unixfile.32
 .group         0x0000000000000000        0xc core/unixfile.32
 .group         0x0000000000000000        0xc core/unixfile.32
 .group         0x0000000000000000        0x8 core/unixfile.32
 .group         0x0000000000000000        0xc core/unixfile.32
 .group         0x0000000000000000        0x8 core/unixfile.32
 .group         0x0000000000000000        0xc core/unixfile.32
 .group         0x0000000000000000        0xc core/unixfile.32
 .comment       0x0000000000000000       0x12 core/unixfile.32
 .comment       0x0000000000000000       0x12 core/virtmgr.32
 .comment       0x0000000000000000       0x12 coreobjs/c++.32
 .comment       0x0000000000000000       0x12 dbg/kconsole.32
 .group         0x0000000000000000        0xc fs/vfs.32
 .group         0x0000000000000000        0xc fs/vfs.32
 .group         0x0000000000000000        0xc fs/vfs.32
 .comment       0x0000000000000000       0x12 fs/vfs.32
 .group         0x0000000000000000        0xc hal/bus.32
 .comment       0x0000000000000000       0x12 hal/bus.32
 .group         0x0000000000000000        0xc hal/buzzer.32
 .comment       0x0000000000000000       0x12 hal/buzzer.32
 .group         0x0000000000000000        0xc hal/clock.32
 .comment       0x0000000000000000       0x12 hal/clock.32
 .group         0x0000000000000000       0x14 hal/device.32
 .group         0x0000000000000000        0xc hal/device.32
 .group         0x0000000000000000        0xc hal/device.32
 .group         0x0000000000000000        0xc hal/device.32
[...]
Memory Configuration

Name             Origin             Length             Attributes
*default*        0x0000000000000000 0xffffffffffffffff

Linker script and memory map

LOAD D:/Users/Alex/Desktop/Banana/kernel/boot.32
LOAD crti.32
LOAD /cygdrive/d/Users/Alex/Desktop/Toolchain/Output/bin/../lib/gcc/i386-banana/8.1.0/crtbegin.o
LOAD D:/Users/Alex/Desktop/Banana/kernel/morenasm.32
LOAD acpica/utclib.32
LOAD core/malloc.32
LOAD libk/string.32
LOAD fs/fat/diskio.32
LOAD fs/fat/ff.32
LOAD fs/fat/ffsystem.32
LOAD fs/fat/ffunicode.32
LOAD hal/libresample/samplerate.32
LOAD hal/libresample/src_linear.32
LOAD hal/libresample/src_sinc.32
LOAD hal/libresample/src_zoh.32
LOAD compat/inlines.32
LOAD compat/resolve.32
LOAD core/computer.32
LOAD core/gdt.32
LOAD core/idle.32
LOAD core/idt.32
LOAD core/kheap.32
LOAD core/main.32
LOAD core/physmgr.32
LOAD core/pipe.32
LOAD core/terminal.32
LOAD core/tss.32
LOAD core/unixfile.32
LOAD core/virtmgr.32
LOAD coreobjs/c++.32
LOAD dbg/kconsole.32
LOAD fs/vfs.32
LOAD hal/bus.32
LOAD hal/buzzer.32
LOAD hal/clock.32
LOAD hal/device.32
LOAD hal/diskctrl.32
LOAD hal/diskphys.32
LOAD hal/fpu.32
LOAD hal/intctrl.32
LOAD hal/keybrd.32
LOAD hal/logidisk.32
LOAD hal/mouse.32
LOAD hal/partition.32
LOAD hal/serial.32
LOAD hal/timer.32
LOAD hal/vcache.32
LOAD hal/video.32
LOAD hw/acpi.32
LOAD hw/cpu.32
LOAD hw/ports.32
LOAD hw/smp.32
LOAD krnl/env.32
LOAD krnl/panic.32
LOAD net/ethernet.32
LOAD reg/registry.32
LOAD sys/sc_eject.32
LOAD sys/sc_exit.32
LOAD sys/sc_getcwd.32
LOAD sys/sc_getpid.32
LOAD sys/sc_getramdata.32
LOAD sys/sc_loaddll.32
LOAD sys/sc_read.32
LOAD sys/sc_sbrk.32
LOAD sys/sc_setcwd.32
LOAD sys/sc_settime.32
LOAD sys/sc_timezone.32
LOAD sys/sc_write.32
LOAD sys/sc_wsbe.32
LOAD sys/sc_yield.32
LOAD sys/syscalls.32
LOAD thr/elf.32
LOAD thr/prcssthr.32
LOAD vm86/vm8086.32
LOAD vm86/x87em.32
LOAD fs/fat/vfslink.32
LOAD fs/iso9660/vfslink.32
LOAD hal/sound/sndchannel.32
LOAD hal/sound/sndhw.32
LOAD hw/bus/isa.32
LOAD hw/bus/pci.32
LOAD hw/diskctrl/ide.32
LOAD hw/diskctrl/satabus.32
LOAD hw/diskphys/ata.32
LOAD hw/diskphys/atapi.32
LOAD hw/diskphys/sata.32
LOAD hw/diskphys/satapi.32
LOAD hw/fpu/avx.32
LOAD hw/fpu/mmx.32
LOAD hw/fpu/sse.32
LOAD hw/fpu/x87.32
LOAD hw/intctrl/apic.32
LOAD hw/intctrl/pic.32
LOAD hw/timer/apictimer.32
LOAD hw/timer/pit.32
LOAD hw/fpu/x86/avx.32
LOAD hw/fpu/x86/sse.32
LOAD hw/fpu/x86/x87.32
LOAD /cygdrive/d/Users/Alex/Desktop/Toolchain/Output/bin/../lib/gcc/i386-banana/8.1.0/crtend.o
LOAD crtn.32
LOAD /cygdrive/d/Users/Alex/Desktop/Toolchain/Output/bin/../lib/gcc/i386-banana/8.1.0/libkgcc.a
LOAD D:/Users/Alex/Desktop/Banana/kernel/libsoftfp.a
LOAD D:/Users/Alex/Desktop/Banana/kernel/libk/libm32.a
                0x00000000c0000000                . = 0xc0000000

.text           0x00000000c0000000    0x287b8
 *(.text)
 .text          0x00000000c0000000       0x41 D:/Users/Alex/Desktop/Banana/kernel/boot.32
                0x00000000c0000020                callGlobalConstructors
 .text          0x00000000c0000041        0x0 crti.32
 *fill*         0x00000000c0000041        0x3 
 .text          0x00000000c0000044      0x101 /cygdrive/d/Users/Alex/Desktop/Toolchain/Output/bin/../lib/gcc/i386-banana/8.1.0/crtbegin.o
 *fill*         0x00000000c0000145        0xb 
 .text          0x00000000c0000150      0x4f5 D:/Users/Alex/Desktop/Banana/kernel/morenasm.32
                0x00000000c0000150                manualPCIProbe
                0x00000000c000019b                prepareTramp
                0x00000000c00001b4                voodooXADD
                0x00000000c000027f                doTPAUSE
                0x00000000c0000289                hasLegacyFPU
                0x00000000c00002ae                is486
                0x00000000c00002e4                detectCPUID
                0x00000000c00002fa                goToVM86
                0x00000000c000032a                goToUsermode
                0x00000000c0000354                switchToThreadASMFirstTime
                0x00000000c0000362                switchToThreadASM
                0x00000000c00003f2                asmQuickAcquireLock
                0x00000000c0000410                asmQuickReleaseLock
                0x00000000c000041c                asmAcquireLock
                0x00000000c000043d                asmReleaseLock
                0x00000000c0000450                loadGDT
                0x00000000c0000470                isr0
                0x00000000c0000480                isr1
                0x00000000c000048a                isr2
                0x00000000c0000494                isr3
                0x00000000c000049e                isr4
                0x00000000c00004a8                isr5
                0x00000000c00004b2                isr6
                0x00000000c00004bc                isr7
                0x00000000c00004c6                isr8
                0x00000000c00004ce                isr9
                0x00000000c00004d8                isr10
                0x00000000c00004e0                isr11
                0x00000000c00004e8                isr12
                0x00000000c00004f0                isr13
                0x00000000c00004f8                isr14
                0x00000000c0000500                isr15
                0x00000000c000050a                isr16
                0x00000000c0000514                isr17
                0x00000000c000051e                isr18
                0x00000000c0000528                irq3
                0x00000000c0000532                irq4
                0x00000000c000053c                irq5
                0x00000000c0000546                irq6
                0x00000000c0000550                irq7
                0x00000000c000055a                irq8
                0x00000000c0000564                irq9
                0x00000000c000056e                irq10
                0x00000000c0000578                irq11
                0x00000000c0000582                irq12
                0x00000000c000058c                irq13
                0x00000000c0000596                irq14
                0x00000000c00005a0                irq15
                0x00000000c00005aa                irq1
                0x00000000c00005b1                irq2
                0x00000000c00005b8                isr96
                0x00000000c00005bf                irq0
                0x00000000c00005c4                int_common_stub
                0x00000000c00005c4                syscall_common_stub
                0x00000000c00005f5                irq16
                0x00000000c00005ff                irq17
                0x00000000c0000609                irq18
                0x00000000c0000613                irq19
                0x00000000c000061d                irq20
                0x00000000c0000627                irq21
                0x00000000c0000631                irq22
                0x00000000c000063b                irq23
 *fill*         0x00000000c0000645        0x3 
 .text          0x00000000c0000648      0x611 acpica/utclib.32
                0x00000000c0000648                memcmp
                0x00000000c0000684                memmove
                0x00000000c000074c                memcpy
                0x00000000c0000780                memset
                0x00000000c000079c                strlen
                0x00000000c00007b4                strpbrk
                0x00000000c00007f0                strtok
                0x00000000c000083c                strcpy
                0x00000000c0000860                strncpy
                0x00000000c00008c8                strcmp
                0x00000000c0000908                strchr
                0x00000000c000092c                strncmp
                0x00000000c000097c                strcat
                0x00000000c00009ac                strncat
                0x00000000c00009e8                strstr
                0x00000000c0000a30                toupper
                0x00000000c0000a44                tolower
                0x00000000c0000a58                simple_strtoul
 .text          0x00000000c0000c59      0xfbf core/malloc.32
                0x00000000c0000dc4                dlfree
                0x00000000c000111f                dlmalloc
                0x00000000c000165c                dlrealloc
                0x00000000c0001811                dlmemalign
                0x00000000c0001934                dlcalloc
                0x00000000c00019ce                dlcfree
                0x00000000c00019d3                dlindependent_calloc
                0x00000000c00019f8                dlindependent_comalloc
                0x00000000c0001a0f                dlvalloc
                0x00000000c0001a3a                dlpvalloc
                0x00000000c0001a70                dlmalloc_trim
                0x00000000c0001a7d                dlmalloc_usable_size
                0x00000000c0001aae                dlmallinfo
                0x00000000c0001b7d                dlmalloc_stats
                0x00000000c0001b8e                dlmallopt
 .text          0x00000000c0001c18        0x0 libk/string.32
 .text          0x00000000c0001c18       0x51 fs/fat/diskio.32
                0x00000000c0001c18                disk_status
                0x00000000c0001c1b                disk_initialize
                0x00000000c0001c1e                disk_read
                0x00000000c0001c34                disk_write
                0x00000000c0001c4a                disk_ioctl
 .text          0x00000000c0001c69     0x6833 fs/fat/ff.32
                0x00000000c0004f37                f_mount
                0x00000000c0004f99                f_open
                0x00000000c00053d5                f_read
                0x00000000c0005655                f_write
                0x00000000c000590f                f_sync
                0x00000000c0005aeb                f_close
                0x00000000c0005b1a                f_lseek
                0x00000000c0005fd1                f_opendir
                0x00000000c00060d3                f_closedir
                0x00000000c00060f5                f_readdir
                0x00000000c0006190                f_stat
                0x00000000c000621f                f_getfree
                0x00000000c00063ea                f_truncate
                0x00000000c00064e2                f_unlink
                0x00000000c0006665                f_mkdir
                0x00000000c0006891                f_rename
                0x00000000c0006b84                f_chmod
                0x00000000c0006c62                f_utime
                0x00000000c0006d40                f_getlabel
                0x00000000c0006f2e                f_setlabel
                0x00000000c000719b                f_forward
                0x00000000c0007379                f_mkfs
 .text          0x00000000c000849c       0x2d fs/fat/ffsystem.32
                0x00000000c000849c                ff_memalloc
                0x00000000c00084b2                ff_memfree
 .text          0x00000000c00084c9      0x253 fs/fat/ffunicode.32
                0x00000000c00084c9                ff_uni2oem
                0x00000000c0008559                ff_oem2uni
                0x00000000c00085c5                ff_wtoupper
 .text          0x00000000c000871c      0x8fb hal/libresample/samplerate.32
                0x00000000c0008760                src_delete
                0x00000000c000879c                src_process
                0x00000000c0008952                src_callback_read
                0x00000000c0008acf                src_set_ratio
                0x00000000c0008b39                src_get_channels
                0x00000000c0008b5b                src_reset
                0x00000000c0008ba7                src_new
                0x00000000c0008c35                src_callback_new
                0x00000000c0008c97                src_get_name
                0x00000000c0008cce                src_get_description
                0x00000000c0008d05                src_get_version
                0x00000000c0008d0b                src_is_valid_ratio
                0x00000000c0008d5f                src_error
                0x00000000c0008d6d                src_strerror
                0x00000000c0008d80                src_simple
                0x00000000c0008dd3                src_short_to_float_array
                0x00000000c0008e38                src_float_to_short_array
                0x00000000c0008ef7                src_int_to_float_array
                0x00000000c0008f5a                src_float_to_int_array
 .text          0x00000000c0009017      0x8cb hal/libresample/src_linear.32
                0x00000000c000983d                linear_get_name
                0x00000000c000984c                linear_get_description
                0x00000000c000985b                linear_set_converter
 .text          0x00000000c00098e2     0x447c hal/libresample/src_sinc.32
                0x00000000c000dc75                sinc_get_name
                0x00000000c000dc88                sinc_get_description
                0x00000000c000dc9b                sinc_set_converter
 .text          0x00000000c000dd5e      0x77c hal/libresample/src_zoh.32
                0x00000000c000e435                zoh_get_name
                0x00000000c000e444                zoh_get_description
                0x00000000c000e453                zoh_set_converter
 .text          0x00000000c000e4da       0x23 compat/inlines.32
                0x00000000c000e4da                CPU::current()
                0x00000000c000e4e7                operator new(unsigned long)
 .text          0x00000000c000e4fd      0x111 compat/resolve.32
                0x00000000c000e4fd                Krnl::resolveCompatibilitySymbol(char*)
 .text          0x00000000c000e60e      0xa17 core/computer.32
                0x00000000c000e60e                Computer::close(int, int, void*)
                0x00000000c000e652                Krnl::firstTask()
                0x00000000c000e742                Computer::Computer()
                0x00000000c000e742                Computer::Computer()
                0x00000000c000e89e                Computer::setBootMessage(char const*)
                0x00000000c000e8a0                Computer::detectFeatures()
                0x00000000c000eaaa                Computer::displayFeatures()
                0x00000000c000edf0                Computer::rdmsr(unsigned int)
                0x00000000c000ee1c                Computer::wrmsr(unsigned int, unsigned long long)
                0x00000000c000ee54                Computer::nmiEnabled()
                0x00000000c000ee60                Computer::readCMOS(unsigned char)
                0x00000000c000ee7a                Computer::enableNMI(bool)
                0x00000000c000ee92                Computer::open(int, int, void*)
                0x00000000c000ef68                Computer::disableNMI()
                0x00000000c000ef76                Computer::writeCMOS(unsigned char, unsigned char)
                0x00000000c000ef94                Computer::handleNMI()
                0x00000000c000effa                Computer::setDiskActivityLight(int, bool)
 *fill*         0x00000000c000f025        0x1 
 .text          0x00000000c000f026      0x1b7 core/gdt.32
                0x00000000c000f026                GDTEntry::setBase(unsigned int)
                0x00000000c000f042                GDTEntry::setLimit(unsigned int)
                0x00000000c000f060                GDT::GDT()
                0x00000000c000f060                GDT::GDT()
                0x00000000c000f076                GDT::addEntry(GDTEntry)
                0x00000000c000f0b2                GDT::getNumberOfEntries()
                0x00000000c000f0ba                GDT::flush()
                0x00000000c000f0dc                GDT::setup()
 .text          0x00000000c000f1dd       0x62 core/idle.32
                0x00000000c000f1dd                idleFunction(void*)
 *fill*         0x00000000c000f23f        0x1 
 .text          0x00000000c000f240      0x45f core/idt.32
                0x00000000c000f240                IDTEntry::IDTEntry(bool)
                0x00000000c000f240                IDTEntry::IDTEntry(bool)
                0x00000000c000f2ae                IDTEntry::setOffset(unsigned int)
                0x00000000c000f2c2                IDT::IDT()
                0x00000000c000f2c2                IDT::IDT()
                0x00000000c000f2c4                IDT::getPointerToInvalidOpcodeEntryForF00F()
                0x00000000c000f2cc                IDT::addEntry(IDTEntry, int)
                0x00000000c000f2e6                IDT::addEntry(int, void (*)(), bool)
                0x00000000c000f31e                IDT::flush()
                0x00000000c000f338                IDT::setup()
 .text          0x00000000c000f69f      0x206 core/kheap.32
                0x00000000c000f69f                sbrk
                0x00000000c000f7ad                mmap
                0x00000000c000f7c3                munmap
                0x00000000c000f7d9                liballoc_lock()
                0x00000000c000f7ea                liballoc_unlock()
                0x00000000c000f7fb                liballoc_alloc(int)
                0x00000000c000f819                liballoc_free(void*, int)
                0x00000000c000f837                realloc
                0x00000000c000f84b                malloc
                0x00000000c000f85b                free
                0x00000000c000f86b                rfree
                0x00000000c000f87b                calloc
 .text          0x00000000c000f8a5      0x485 core/main.32
                0x00000000c000f8a5                hwTextMode_loadInData(VgaText*)
                0x00000000c000f8f0                hwTextMode_loadInTitle(VgaText*, char*)
                0x00000000c000f96e                hwTextMode_showCursor(VgaText*, bool)
                0x00000000c000f9cc                hwTextMode_update(VgaText*)
                0x00000000c000f9cd                hwTextMode_updateCursor(VgaText*)
                0x00000000c000fa1e                hwTextMode_disableBlink(VgaText*, bool)
                0x00000000c000fa64                hwTextMode_scrollScreen(VgaText*)
                0x00000000c000fb11                hwTextMode_writeCharacter(VgaText*, char, VgaColour, VgaColour, int, int)
                0x00000000c000fb93                setupTextMode()
                0x00000000c000fc03                kernel_main
 .text          0x00000000c000fd2a      0x56a core/physmgr.32
                0x00000000c000fd2a                Phys::allocateDMA(unsigned long)
                0x00000000c000fdcd                Phys::freeDMA(unsigned long, unsigned long)
                0x00000000c000fe15                Phys::setPageState(unsigned long, bool)
                0x00000000c000fe47                Phys::getPageState(unsigned long)
                0x00000000c000fe63                Phys::freePage(unsigned long)
                0x00000000c000feed                Phys::allocatePage()
                0x00000000c000ffd2                Phys::allocateContiguousPages(int)
                0x00000000c001002c                Phys::allowSegmentToBeUsed(unsigned long, unsigned long)
                0x00000000c0010064                Phys::physicalMemorySetup(unsigned int)
 .text          0x00000000c0010294      0x273 core/pipe.32
                0x00000000c0010294                Pipe::isAtty()
                0x00000000c0010298                Pipe::~Pipe()
                0x00000000c0010298                Pipe::~Pipe()
                0x00000000c00102bc                Pipe::~Pipe()
                0x00000000c00102e4                Pipe::read(unsigned long long, void*, int*)
                0x00000000c00103d8                Pipe::write(unsigned long long, void*, int*)
                0x00000000c00104a0                Pipe::Pipe(int)
                0x00000000c00104a0                Pipe::Pipe(int)
 *fill*         0x00000000c0010507        0x1 
 .text          0x00000000c0010508      0xf73 core/terminal.32
                0x00000000c0010508                VgaText::isAtty()
                0x00000000c001050c                VgaText::~VgaText()
                0x00000000c001050c                VgaText::~VgaText()
                0x00000000c0010530                VgaText::~VgaText()
                0x00000000c001055a                VgaText::read(unsigned long long, void*, int*)
                0x00000000c001057a                setTerminalScrollLock(bool)
                0x00000000c001057b                addToTerminalCycle(VgaText*)
                0x00000000c00105a8                installVgaTextImplementation()
                0x00000000c00105bd                scrollTerminalScrollLock(int)
                0x00000000c00105be                VgaText::load()
                0x00000000c0010612                VgaText::updateCursor()
                0x00000000c001062c                VgaText::showCursor(bool)
                0x00000000c001063c                VgaText::disableBlink(bool)
                0x00000000c0010676                VgaText::doANSI_SGR(int)
                0x00000000c0010702                VgaText::setDefaultBgColour(VgaColour)
                0x00000000c0010718                VgaText::setDefaultFgColour(VgaColour)
                0x00000000c001072e                VgaText::setDefaultColours(VgaColour, VgaColour)
                0x00000000c001074e                VgaText::combineColours(unsigned char, unsigned char)
                0x00000000c0010760                VgaText::scrollScreen()
                0x00000000c00107f4                VgaText::combineCharAndColour(char, unsigned char)
                0x00000000c0010806                VgaText::writeCharacter(char, VgaColour, VgaColour, int, int)
                0x00000000c0010866                VgaText::getCursorX()
                0x00000000c0010872                VgaText::getCursorY()
                0x00000000c001087e                VgaText::setCursor(int, int)
                0x00000000c001089c                VgaText::setCursorX(int)
                0x00000000c00108b8                VgaText::setCursorY(int)
                0x00000000c00108d4                VgaText::incrementCursor(bool)
                0x00000000c001093c                VgaText::updateRAMUsageDisplay(int)
                0x00000000c00109a0                VgaText::updateDiskUsage()
                0x00000000c0010b0a                VgaText::updateTitle()
                0x00000000c0010b50                VgaText::setTitleTextColour(VgaColour)
                0x00000000c0010b60                VgaText::setTitleColour(VgaColour)
                0x00000000c0010b70                VgaText::setTitle(char*)
                0x00000000c0010b96                VgaText::decrementCursor(bool)
                0x00000000c0010bbe                VgaText::putchar(char, VgaColour, VgaColour)
                0x00000000c0010cba                VgaText::isShowingCursor()
                0x00000000c0010cc6                VgaText::isBlinkDisabled()
                0x00000000c0010cd4                VgaText::setCursorHeight(int)
                0x00000000c0010cf2                VgaText::getCursorHeight()
                0x00000000c0010cfd                setActiveTerminal(VgaText*)
                0x00000000c0010daf                doTerminalCycle()
                0x00000000c0010dcc                VgaText::doUpdate()
                0x00000000c0010dde                VgaText::puts(char const*, VgaColour, VgaColour)
                0x00000000c0010f9e                VgaText::clearScreen()
                0x00000000c0011002                VgaText::putchar(char)
                0x00000000c001111c                VgaText::puts(char const*)
                0x00000000c0011142                VgaText::putx(unsigned int)
                0x00000000c0011188                VgaText::VgaText(char const*)
                0x00000000c0011188                VgaText::VgaText(char const*)
                0x00000000c001131a                VgaText::receiveKey(unsigned char)
                0x00000000c0011402                VgaText::write(unsigned long long, void*, int*)
                0x00000000c0011456                newTerminal(char*)
 *fill*         0x00000000c001147b        0x1 
 .text          0x00000000c001147c      0x1b3 core/tss.32
                0x00000000c001147c                TSS::TSS()
                0x00000000c001147c                TSS::TSS()
                0x00000000c001148a                TSS::setESP(unsigned long)
                0x00000000c001149c                TSS::flush()
                0x00000000c00114bc                TSS::setup(unsigned long, unsigned long)
 *fill*         0x00000000c001162f        0x1 
 .text          0x00000000c0011630      0x4c2 core/unixfile.32
                0x00000000c0011630                ReservedFilename::read(unsigned long long, void*, int*)
                0x00000000c0011686                ReservedFilename::isAtty()
                0x00000000c00116a2                ReservedFilename::write(unsigned long long, void*, int*)
                0x00000000c0011700                UnixFile::getFileDescriptor()
                0x00000000c0011708                UnixFile::UnixFile(int)
                0x00000000c0011708                UnixFile::UnixFile(int)
                0x00000000c00118b8                ReservedFilename::ReservedFilename(int)
                0x00000000c00118b8                ReservedFilename::ReservedFilename(int)
                0x00000000c00118ea                UnixFile::~UnixFile()
                0x00000000c00118ea                UnixFile::~UnixFile()
                0x00000000c0011982                UnixFile::~UnixFile()
                0x00000000c00119aa                ReservedFilename::~ReservedFilename()
                0x00000000c00119aa                ReservedFilename::~ReservedFilename()
                0x00000000c00119ce                ReservedFilename::~ReservedFilename()
                0x00000000c00119f5                getFromFileDescriptor(int)
 .text          0x00000000c0011af2     0x12c7 core/virtmgr.32
                0x00000000c0011af2                Virt::setPageState(unsigned long, Virt::VirtPageState)
                0x00000000c0011b27                Virt::getPageState(unsigned long)
                0x00000000c0011b4b                Virt::allocateKernelVirtualPages(int)
                0x00000000c0011c5c                Virt::freeSwapfilePage(unsigned long)
                0x00000000c0011c7a                Virt::swapIDToSector(unsigned long)
                0x00000000c0011c8c                Virt::allocateSwapfilePage()
                0x00000000c0011d0a                Virt::virtualMemorySetup()
                0x00000000c0011d89                Virt::swappingSetup()
                0x00000000c0011d8a                Virt::getAKernelVAS()
                0x00000000c0011d90                Virt::setupPageSwapping(int)
                0x00000000c0011f5c                VAS::VAS()
                0x00000000c0011f5c                VAS::VAS()
                0x00000000c0011f98                VAS::VAS(VAS*)
                0x00000000c0011f98                VAS::VAS(VAS*)
                0x00000000c0011fc6                VAS::getForeignPageTableEntry(bool, unsigned long)
                0x00000000c0011ff2                VAS::getPageTableEntry(unsigned long)
                0x00000000c0012011                Virt::freeKernelVirtualPages(unsigned long)
                0x00000000c0012134                VAS::freeAllocatedPages(unsigned long)
                0x00000000c0012158                VAS::virtualToPhysical(unsigned long)
                0x00000000c0012170                VAS::reflagRange(unsigned long, int, int, int)
                0x00000000c00121b0                VAS::setToWriteCombining(unsigned long, int)
                0x00000000c00121e2                VAS::mapOtherVASIn(bool, VAS*)
                0x00000000c001220c                VAS::~VAS()
                0x00000000c001220c                VAS::~VAS()
                0x00000000c0012378                VAS::mapPage(unsigned long, unsigned long, int)
                0x00000000c0012478                VAS::allocatePages(int, int)
                0x00000000c0012650                VAS::setCPUSpecific(unsigned long)
                0x00000000c001266c                VAS::mapRange(unsigned long, unsigned long, int, int)
                0x00000000c0012732                VAS::mapForeignPage(bool, VAS*, unsigned long, unsigned long, int)
                0x00000000c0012820                VAS::VAS(bool)
                0x00000000c0012820                VAS::VAS(bool)
                0x00000000c0012a86                VAS::evict(unsigned long)
                0x00000000c0012b48                VAS::tryLoadBackOffDisk(unsigned long)
                0x00000000c0012c4c                VAS::scanForEviction()
                0x00000000c0012cfd                mapVASFirstTime
 .text          0x00000000c0012db9       0x95 coreobjs/c++.32
                0x00000000c0012db9                __cxa_atexit
                0x00000000c0012dbc                __cxa_finalize
                0x00000000c0012dbd                __stack_chk_fail
                0x00000000c0012e29                __cxa_pure_virtual
                0x00000000c0012e3a                operator new[](unsigned long)
                0x00000000c0012e3f                operator delete(void*, unsigned long)
                0x00000000c0012e44                operator delete[](void*)
                0x00000000c0012e49                operator delete[](void*, unsigned long)
 .text          0x00000000c0012e4e      0x1ef dbg/kconsole.32
                0x00000000c0012e4e                Dbg::stringifyxWithBase(unsigned int, char*, int)
                0x00000000c0012eaf                Dbg::logc(char)
                0x00000000c0012ec6                Dbg::logs(char*)
                0x00000000c0012ee3                Dbg::logWriteInt(unsigned int)
                0x00000000c0012f00                Dbg::logWriteIntBase(unsigned int, int)
                0x00000000c0012f1f                Dbg::kprintf(char const*, ...)
 *fill*         0x00000000c001303d        0x1 
 .text          0x00000000c001303e      0xb82 fs/vfs.32
                0x00000000c001303e                File::read(unsigned long long, void*, int*)
                0x00000000c0013096                File::write(unsigned long long, void*, int*)
                0x00000000c00130ee                Directory::read(unsigned long long, void*, int*)
                0x00000000c0013146                Directory::write(unsigned long long, void*, int*)
                0x00000000c0013174                File::isAtty()
                0x00000000c0013178                Directory::isAtty()
                0x00000000c001317c                Filesystem::getlabel(LogicalDisk*, int, char*, unsigned int*)
                0x00000000c0013182                Filesystem::setlabel(LogicalDisk*, int, char*)
                0x00000000c0013188                Filesystem::getFileFirstSector(char const*)
                0x00000000c001318e                File::~File()
                0x00000000c001318e                File::~File()
                0x00000000c00131b2                File::~File()
                0x00000000c00131dc                Directory::~Directory()
                0x00000000c00131dc                Directory::~Directory()
                0x00000000c0013200                Directory::~Directory()
                0x00000000c001322a                Filesystem::Filesystem()
                0x00000000c001322a                Filesystem::Filesystem()
                0x00000000c001324e                Filesystem::~Filesystem()
                0x00000000c001324e                Filesystem::~Filesystem()
                0x00000000c001325c                Filesystem::~Filesystem()
                0x00000000c0013280                Fs::getcwd(Process*, char*, int)
                0x00000000c00132aa                Fs::initVFS()
                0x00000000c00132d4                Fs::standardiseFiles(char*, char const*, char const*)
                0x00000000c001347e                File::File(char const*, Process*)
                0x00000000c001347e                File::File(char const*, Process*)
                0x00000000c00134e2                File::open(FileOpenMode)
                0x00000000c0013540                File::close()
                0x00000000c00135a0                File::seek(unsigned long long)
                0x00000000c00135f6                File::tell(unsigned long long*)
                0x00000000c0013646                File::rewind()
                0x00000000c001365a                File::unlink()
                0x00000000c00136a6                File::rename(char const*)
                0x00000000c00136f4                File::chfatattr(unsigned char, unsigned char)
                0x00000000c0013750                File::exists()
                0x00000000c001378e                File::stat(unsigned long long*, bool*)
                0x00000000c00137ef                Fs::setcwd(Process*, char*)
                0x00000000c001392a                Directory::Directory(char const*, Process*)
                0x00000000c001392a                Directory::Directory(char const*, Process*)
                0x00000000c001398e                Directory::open()
                0x00000000c00139ea                Directory::close()
                0x00000000c0013a4a                Directory::unlink()
                0x00000000c0013a96                Directory::rename(char const*)
                0x00000000c0013ae4                Directory::exists()
                0x00000000c0013b22                Directory::read(dirent*)
                0x00000000c0013b6e                Directory::create()
                0x00000000c0013bba                Filesystem::chfatattr(char const*, unsigned char, unsigned char)
 .text          0x00000000c0013bc0       0x84 hal/bus.32
                0x00000000c0013bc0                Bus::Bus(char const*)
                0x00000000c0013bc0                Bus::Bus(char const*)
                0x00000000c0013bf6                Bus::~Bus()
                0x00000000c0013bf6                Bus::~Bus()
                0x00000000c0013c1a                Bus::~Bus()
 .text          0x00000000c0013c44      0x14e hal/buzzer.32
                0x00000000c0013c44                Buzzer::Buzzer(char const*)
                0x00000000c0013c44                Buzzer::Buzzer(char const*)
                0x00000000c0013c88                Buzzer::~Buzzer()
                0x00000000c0013c88                Buzzer::~Buzzer()
                0x00000000c0013cac                Buzzer::~Buzzer()
                0x00000000c0013cd6                Buzzer::stop()
                0x00000000c0013ce9                beepThread(void*)
                0x00000000c0013d24                Buzzer::beep(int, int, bool)
 .text          0x00000000c0013d92      0x467 hal/clock.32
                0x00000000c0013d92                User::loadClockSettings(int)
                0x00000000c0013de4                Clock::Clock(char const*)
                0x00000000c0013de4                Clock::Clock(char const*)
                0x00000000c0013e1a                Clock::~Clock()
                0x00000000c0013e1a                Clock::~Clock()
                0x00000000c0013e3e                Clock::~Clock()
                0x00000000c0013e68                Clock::timeInSecondsLocal()
                0x00000000c0013eb0                Clock::setTimeInSecondsLocal(unsigned long long)
                0x00000000c0013f09                datetimeToSeconds(datetime_t)
                0x00000000c0014030                Clock::setTimeInDatetimeLocal(datetime_t)
                0x00000000c0014090                secondsToDatetime(unsigned long long)
                0x00000000c00141d4                Clock::timeInDatetimeLocal()
 *fill*         0x00000000c00141f9        0x1 
 .text          0x00000000c00141fa      0x4de hal/device.32
                0x00000000c00141fa                Device::hibernate()
                0x00000000c00141fc                Device::wake()
                0x00000000c00141fe                Device::detect()
                0x00000000c0014200                Device::disableLegacy()
                0x00000000c0014202                Device::powerSaving(PowerSavingLevel)
                0x00000000c0014204                DriverlessDevice::close(int, int, void*)
                0x00000000c0014208                DriverlessDevice::detect()
                0x00000000c001420a                DriverlessDevice::open(int, int, void*)
                0x00000000c001421e                Device::~Device()
                0x00000000c001421e                Device::~Device()
                0x00000000c001422c                Device::~Device()
                0x00000000c0014254                Device::findAndLoadDriver()
                0x00000000c0014256                Device::preOpenPCI(PCIDeviceInfo)
                0x00000000c001427c                Device::preOpenACPI(void*, char*, char*)
                0x00000000c00142d0                Device::addIRQHandler(int, void (*)(regs*, void*), bool, void*)
                0x00000000c001430e                Device::removeIRQHandler(int, void (*)(regs*, void*), bool)
                0x00000000c001434c                Device::addChild(Device*)
                0x00000000c0014390                Device::removeAllChildren()
                0x00000000c00143d6                Device::hibernateAll()
                0x00000000c0014406                Device::wakeAll()
                0x00000000c0014436                Device::detectAll()
                0x00000000c0014466                Device::disableLegacyAll()
                0x00000000c0014496                Device::loadDriversForAll()
                0x00000000c00144c2                Device::closeAll()
                0x00000000c00144f8                Device::powerSavingAll(PowerSavingLevel)
                0x00000000c001452e                Device::setName(char const*)
                0x00000000c001453c                Device::Device(char const*)
                0x00000000c001453c                Device::Device(char const*)
                0x00000000c0014638                Device::getName()
                0x00000000c0014642                DriverlessDevice::DriverlessDevice(char const*)
                0x00000000c0014642                DriverlessDevice::DriverlessDevice(char const*)
                0x00000000c001466a                Device::addToLinkedList(LinkedList<Device>&, DeviceType)
                0x00000000c00146ae                getDevicesOfType(DeviceType)
 .text          0x00000000c00146d8       0x84 hal/diskctrl.32
                0x00000000c00146d8                HardDiskController::HardDiskController(char const*)
                0x00000000c00146d8                HardDiskController::HardDiskController(char const*)
                0x00000000c001470e                HardDiskController::~HardDiskController()
                0x00000000c001470e                HardDiskController::~HardDiskController()
                0x00000000c0014732                HardDiskController::~HardDiskController()
 .text          0x00000000c001475c       0xf2 hal/diskphys.32
                0x00000000c001475c                PhysicalDisk::eject()
                0x00000000c0014770                PhysicalDisk::PhysicalDisk(char const*, int)
                0x00000000c0014770                PhysicalDisk::PhysicalDisk(char const*, int)
                0x00000000c00147d8                PhysicalDisk::startCache()
                0x00000000c0014800                PhysicalDisk::~PhysicalDisk()
                0x00000000c0014800                PhysicalDisk::~PhysicalDisk()
                0x00000000c0014824                PhysicalDisk::~PhysicalDisk()
 .text          0x00000000c001484e      0x13b hal/fpu.32
                0x00000000c001484e                FPU::FPU(char const*)
                0x00000000c001484e                FPU::FPU(char const*)
                0x00000000c0014884                FPU::~FPU()
                0x00000000c0014884                FPU::~FPU()
                0x00000000c00148a8                FPU::~FPU()
                0x00000000c00148d2                setupFPU()
 *fill*         0x00000000c0014989        0x1 
 .text          0x00000000c001498a     0x1421 hal/intctrl.32
                0x00000000c001498a                InterruptController::uninstallISRHandler(int, void (*)(regs*, void*))
                0x00000000c00149c2                InterruptController::installISRHandler(int, void (*)(regs*, void*), void*)
                0x00000000c0014a14                doubleFault(regs*, void*)
                0x00000000c0014a2e                InterruptController::installIRQHandler(int, void (*)(regs*, void*), bool, void*)
                0x00000000c0014aca                InterruptController::clearAllHandlers(int, bool)
                0x00000000c0014b72                InterruptController::uninstallIRQHandler(int, void (*)(regs*, void*), bool)
                0x00000000c0014bf9                nmiHandler(regs*, void*)
                0x00000000c0014c07                int_handler
                0x00000000c0014ca8                InterruptController::InterruptController(char const*)
                0x00000000c0014ca8                InterruptController::InterruptController(char const*)
                0x00000000c0014d4e                InterruptController::~InterruptController()
                0x00000000c0014d4e                InterruptController::~InterruptController()
                0x00000000c0014d72                InterruptController::~InterruptController()
                0x00000000c0014d9c                displayDebugInfo(regs*)
                0x00000000c001522b                x87EmulHandler(regs*, void*)
                0x00000000c001529e                gpFault(regs*, void*)
                0x00000000c00152d7                pgFault(regs*, void*)
                0x00000000c0015313                otherISRHandler(regs*, void*)
                0x00000000c0015332                opcodeFault(regs*, void*)
                0x00000000c0015938                displayProgramFault(char const*)
                0x00000000c0015960                setupInterruptController()
                0x00000000c0015d5e                InterruptController::convertLegacyIRQNumber(int)
 *fill*         0x00000000c0015dab        0x1 
 .text          0x00000000c0015dac      0x6c8 hal/keybrd.32
                0x00000000c0015dac                startGUI(void*)
                0x00000000c0015e08                startGUIVESA(void*)
                0x00000000c0015e64                sendKeyToTerminal(unsigned char)
                0x00000000c0015ed0                sendKeyboardToken(KeyboardToken)
                0x00000000c001630d                clearInternalKeybuffer(VgaText*)
                0x00000000c0016342                readKeyboard(VgaText*, char*, unsigned long)
                0x00000000c00163ea                Keyboard::Keyboard(char const*)
                0x00000000c00163ea                Keyboard::Keyboard(char const*)
                0x00000000c0016426                Keyboard::~Keyboard()
                0x00000000c0016426                Keyboard::~Keyboard()
                0x00000000c001644a                Keyboard::~Keyboard()
 .text          0x00000000c0016474      0x414 hal/logidisk.32
                0x00000000c0016474                LogicalDisk::close(int, int, void*)
                0x00000000c0016478                LogicalDisk::~LogicalDisk()
                0x00000000c0016478                LogicalDisk::~LogicalDisk()
                0x00000000c001649c                LogicalDisk::~LogicalDisk()
                0x00000000c00164c6                LogicalDisk::open(int, int, void*)
                0x00000000c00164da                LogicalDisk::absoluteToRelative(unsigned long long)
                0x00000000c0016512                LogicalDisk::relativeToAbsolute(unsigned long long)
                0x00000000c0016558                LogicalDisk::LogicalDisk(char const*, PhysicalDisk*, unsigned long long, unsigned long long)
                0x00000000c0016558                LogicalDisk::LogicalDisk(char const*, PhysicalDisk*, unsigned long long, unsigned long long)
                0x00000000c001660e                LogicalDisk::assignDriveLetter()
                0x00000000c00166c4                LogicalDisk::mount()
                0x00000000c0016736                LogicalDisk::unmount()
                0x00000000c0016746                LogicalDisk::eject()
                0x00000000c001675a                LogicalDisk::unassignDriveLetter()
                0x00000000c00167b0                LogicalDisk::read(unsigned long long, int, void*)
                0x00000000c001681c                LogicalDisk::write(unsigned long long, int, void*)
 .text          0x00000000c0016888       0x84 hal/mouse.32
                0x00000000c0016888                Mouse::Mouse(char const*)
                0x00000000c0016888                Mouse::Mouse(char const*)
                0x00000000c00168be                Mouse::~Mouse()
                0x00000000c00168be                Mouse::~Mouse()
                0x00000000c00168e2                Mouse::~Mouse()
 .text          0x00000000c001690c      0x34d hal/partition.32
                0x00000000c001690c                makePartition(PhysicalDisk*, unsigned long long, unsigned long long)
                0x00000000c00169c8                createPartitionsForDisk(PhysicalDisk*)
 *fill*         0x00000000c0016c59        0x1 
 .text          0x00000000c0016c5a       0x84 hal/serial.32
                0x00000000c0016c5a                Serial::Serial(char const*)
                0x00000000c0016c5a                Serial::Serial(char const*)
                0x00000000c0016c90                Serial::~Serial()
                0x00000000c0016c90                Serial::~Serial()
                0x00000000c0016cb4                Serial::~Serial()
 .text          0x00000000c0016cde      0x2b8 hal/timer.32
                0x00000000c0016cde                Timer::Timer(char const*)
                0x00000000c0016cde                Timer::Timer(char const*)
                0x00000000c0016d14                Timer::~Timer()
                0x00000000c0016d14                Timer::~Timer()
                0x00000000c0016d38                Timer::~Timer()
                0x00000000c0016d62                Timer::read()
                0x00000000c0016d6d                timerHandler(unsigned long long)
                0x00000000c0016ea4                setupTimer(int)
 .text          0x00000000c0016f96      0x425 hal/vcache.32
                0x00000000c0016f96                VCache::VCache(PhysicalDisk*)
                0x00000000c0016f96                VCache::VCache(PhysicalDisk*)
                0x00000000c00170fe                VCache::invalidateReadBuffer()
                0x00000000c001710e                VCache::writeWriteBuffer()
                0x00000000c001714a                VCache::~VCache()
                0x00000000c001714a                VCache::~VCache()
                0x00000000c001719e                VCache::~VCache()
                0x00000000c00171c6                VCache::write(unsigned long long, int, void*)
                0x00000000c00172bc                VCache::read(unsigned long long, int, void*)
 *fill*         0x00000000c00173bb        0x1 
 .text          0x00000000c00173bc      0x4cd hal/video.32
                0x00000000c00173bc                Video::putrect(int, int, int, int, unsigned int)
                0x00000000c0017408                Video::bitblit(int, int, int, int, int, int, int, unsigned int*)
                0x00000000c0017478                Video::blit(unsigned int*, int, int, int, int)
                0x00000000c00174f6                Video::clearScreen(unsigned int)
                0x00000000c001752a                Video::putpixel(int, int, unsigned int)
                0x00000000c0017538                Video::Video(char const*)
                0x00000000c0017538                Video::Video(char const*)
                0x00000000c001756e                Video::~Video()
                0x00000000c001756e                Video::~Video()
                0x00000000c0017592                Video::~Video()
                0x00000000c00175bc                Video::isMonochrome()
                0x00000000c00175c8                Video::getWidth()
                0x00000000c00175d4                Video::getHeight()
                0x00000000c00175e0                Video::drawCursor(int, int, unsigned char*, int)
                0x00000000c001769c                Video::tgaParse(unsigned char*, int, int*, int*)
                0x00000000c001781e                Video::putTGA(int, int, unsigned char*, int)
 *fill*         0x00000000c0017889        0x1 
 .text          0x00000000c001788a      0xf80 hw/acpi.32
                0x00000000c001788a                ACPI::close(int, int, void*)
                0x00000000c001793f                findRSDP()
                0x00000000c00179d9                loadACPITables(unsigned char*)
                0x00000000c0017c00                findRSDT(unsigned char*)
                0x00000000c0017d1e                findDataTable(unsigned char*, char*)
                0x00000000c0017dba                scanMADT()
                0x00000000c0018240                ACPI::ACPI()
                0x00000000c0018240                ACPI::ACPI()
                0x00000000c00182aa                ACPI::getPCIIRQAssignment(unsigned char, unsigned short, unsigned char)
                0x00000000c001838c                ACPI::registerPCIIRQAssignment(void*, unsigned short, unsigned char, unsigned char)
                0x00000000c0018452                ACPI::setScreenBrightnessLevel(void*, int)
                0x00000000c0018458                ACPI::writeSimpleBootFlag(SimpleBootFlagTable*)
                0x00000000c00184a0                ACPI::open(int, int, void*)
                0x00000000c00187f2                ACPI::sleep()
 .text          0x00000000c001880a     0x1715 hw/cpu.32
                0x00000000c001880a                CPU::close(int, int, void*)
                0x00000000c001880e                CPU::lookupAMDName(unsigned char, unsigned char)
                0x00000000c00189a2                CPU::lookupIntelName(unsigned char, unsigned char)
                0x00000000c0018c50                CPU::AMD_K6_write_msr(unsigned int, unsigned int, unsigned int, CPU::REGS*)
                0x00000000c0018c6c                CPU::AMD_K6_read_msr(unsigned int, CPU::REGS*)
                0x00000000c0018c84                CPU::AMD_K6_writeback(int, int, int)
                0x00000000c0018cf8                CPU::cpuid(int, unsigned long*, unsigned long*, unsigned long*, unsigned long*)
                0x00000000c0018d7c                CPU::cpuidCheckEDX(unsigned int)
                0x00000000c0018daa                CPU::cpuidCheckECX(unsigned int)
                0x00000000c0018dd8                CPU::cpuidCheckExtendedEBX(unsigned int)
                0x00000000c0018e06                CPU::cpuidCheckExtendedECX(unsigned int)
                0x00000000c0018e34                CPU::CPU()
                0x00000000c0018e34                CPU::CPU()
                0x00000000c0018ec2                CPU::displayFeatures()
                0x00000000c001913e                CPU::detectFeatures()
                0x00000000c0019b2e                CPU::setupSMEP()
                0x00000000c0019b3a                CPU::setupUMIP()
                0x00000000c0019b44                CPU::setupTSC()
                0x00000000c0019b4e                CPU::setupLargePages()
                0x00000000c0019b58                CPU::setupPAT()
                0x00000000c0019b94                CPU::setupMTRR()
                0x00000000c0019b96                CPU::setupGlobalPages()
                0x00000000c0019ba0                CPU::allowUsermodeDataAccess()
                0x00000000c0019bb2                CPU::prohibitUsermodeDataAccess()
                0x00000000c0019bc4                CPU::setupSMAP()
                0x00000000c0019bd2                CPU::setupFeatures()
                0x00000000c0019c52                CPU::open(int, int, void*)
                0x00000000c0019d24                CPU::decodeAddress(regs*, int*, bool*, unsigned char*)
 .text          0x00000000c0019f1f        0x0 hw/ports.32
 .text          0x00000000c0019f1f      0x16a hw/smp.32
                0x00000000c0019f1f                Krnl::smpEntry()
                0x00000000c0019f21                Krnl::startCPU(int)
                0x00000000c001a06a                Krnl::startCPUs()
 *fill*         0x00000000c001a089        0x1 
 .text          0x00000000c001a08a      0x5d3 krnl/env.32
                0x00000000c001a08a                EnvVarContainer::getEnv(char const*)
                0x00000000c001a0c8                EnvVarContainer::setEnv(char const*, char const*)
                0x00000000c001a194                EnvVarContainer::deleteEnv(char const*)
                0x00000000c001a196                EnvVarContainer::loadFrom(char const*, char const*)
                0x00000000c001a38c                EnvVarContainer::__loadSystem()
                0x00000000c001a3a6                EnvVarContainer::__loadUser()
                0x00000000c001a3a8                EnvVarContainer::EnvVarContainer(Process*)
                0x00000000c001a3a8                EnvVarContainer::EnvVarContainer(Process*)
                0x00000000c001a3ca                EnvVarContainer::~EnvVarContainer()
                0x00000000c001a3ca                EnvVarContainer::~EnvVarContainer()
                0x00000000c001a3fa                Krnl::getEnv(Process*, char const*)
                0x00000000c001a45f                Krnl::setEnvSystem(char const*, char const*)
                0x00000000c001a479                Krnl::setEnvUser(char const*, char const*)
                0x00000000c001a498                Krnl::setEnvProcess(Process*, char const*, char const*)
                0x00000000c001a4ab                Krnl::deleteEnvSystem(char const*)
                0x00000000c001a4ac                Krnl::deleteEnvUser(char const*)
                0x00000000c001a4ad                Krnl::deleteEnvProcess(Process*, char const*)
                0x00000000c001a4ae                Krnl::newProcessEnv(Process*)
                0x00000000c001a4d0                Krnl::copyProcessEnv(Process*, Process*)
                0x00000000c001a524                Krnl::loadSystemEnv()
                0x00000000c001a552                Krnl::loadUserEnv()
                0x00000000c001a578                Krnl::flushEnv()
                0x00000000c001a579                Krnl::getProcessTotalEnvCount(Process*)
                0x00000000c001a599                Krnl::getProcessEnvPair(Process*, int)
 .text          0x00000000c001a65d      0x396 krnl/panic.32
                0x00000000c001a65d                Krnl::panic(char const*)
 .text          0x00000000c001a9f3      0x3b6 net/ethernet.32
                0x00000000c001a9f3                Net::switchEndian16(unsigned short)
                0x00000000c001aa14                Net::switchEndian32(unsigned int)
                0x00000000c001aa43                Net::crc32Calc(unsigned char*, int)
                0x00000000c001aad4                Net::wrapEthernetFrame(Net::UnwrappedEthernetFrame, unsigned char*)
                0x00000000c001ac10                Net::unwrapEthernetFrame(unsigned char*, int)
 .text          0x00000000c001ada9      0x513 reg/registry.32
                0x00000000c001ada9                Reg::findLineFromLoadedData(char*, char*, char*)
                0x00000000c001af01                Reg::getLineFromRegistry(char*, char*, char*, char*)
                0x00000000c001b056                Reg::getLine(char*, char*, char*)
                0x00000000c001b08d                Reg::readInt(char*, char*, int*)
                0x00000000c001b178                Reg::readString(char*, char*, char*, int)
                0x00000000c001b1f9                Reg::readBool(char*, char*, bool*)
                0x00000000c001b21e                Reg::readBoolWithDefault(char*, char*, bool)
                0x00000000c001b24a                Reg::readIntWithDefault(char*, char*, int)
                0x00000000c001b276                Reg::readStringWithDefault(char*, char*, char*, int, char*)
 .text          0x00000000c001b2bc       0x36 sys/sc_eject.32
                0x00000000c001b2bc                Sys::eject(regs*)
 .text          0x00000000c001b2f2       0x18 sys/sc_exit.32
                0x00000000c001b2f2                Sys::exit(regs*)
 .text          0x00000000c001b30a       0x1f sys/sc_getcwd.32
                0x00000000c001b30a                Sys::getCwd(regs*)
 .text          0x00000000c001b329        0xc sys/sc_getpid.32
                0x00000000c001b329                Sys::getPID(regs*)
 .text          0x00000000c001b335       0x17 sys/sc_getramdata.32
                0x00000000c001b335                Sys::getRAMData(regs*)
 .text          0x00000000c001b34c       0xa8 sys/sc_loaddll.32
                0x00000000c001b34c                Sys::loadDLL(regs*)
 .text          0x00000000c001b3f4       0x68 sys/sc_read.32
                0x00000000c001b3f4                Sys::read(regs*)
 .text          0x00000000c001b45c       0x55 sys/sc_sbrk.32
                0x00000000c001b45c                Sys::sbrk(regs*)
 .text          0x00000000c001b4b1       0x1c sys/sc_setcwd.32
                0x00000000c001b4b1                Sys::setCwd(regs*)
 .text          0x00000000c001b4cd      0x128 sys/sc_settime.32
                0x00000000c001b4cd                Sys::setTime(regs*)
 .text          0x00000000c001b5f5       0x4a sys/sc_timezone.32
                0x00000000c001b5f5                Sys::timezone(regs*)
 .text          0x00000000c001b63f       0x68 sys/sc_write.32
                0x00000000c001b63f                Sys::write(regs*)
 .text          0x00000000c001b6a7       0x62 sys/sc_wsbe.32
                0x00000000c001b6a7                Sys::wsbe(regs*)
 .text          0x00000000c001b709       0x3b sys/sc_yield.32
                0x00000000c001b709                Sys::yield(regs*)
 .text          0x00000000c001b744     0x10e5 sys/syscalls.32
                0x00000000c001b744                sysCallSeekDir(regs*)
                0x00000000c001b749                sysCallTellDir(regs*)
                0x00000000c001b74e                sysCallVerify(regs*)
                0x00000000c001b758                sysFormatDisk(regs*)
                0x00000000c001b7c2                sysSetDiskVolumeLabel(regs*)
                0x00000000c001b808                sysGetDiskVolumeLabel(regs*)
                0x00000000c001b859                sysShutdown(regs*)
                0x00000000c001b8b7                sysCallRealpath(regs*)
                0x00000000c001b8fa                sysCallGetArgc(regs*)
                0x00000000c001b928                sysCallReadDir(regs*)
                0x00000000c001b9b6                sysCallIsATTY(regs*)
                0x00000000c001ba10                sysCallSeek(regs*)
                0x00000000c001ba79                sysCallTell(regs*)
                0x00000000c001baf6                sysCallSize(regs*)
                0x00000000c001bb79                sysCallSizeFromFilename(regs*)
                0x00000000c001bc39                sysCallClose(regs*)
                0x00000000c001bcc1                sysCallOpenDir(regs*)
                0x00000000c001bd36                sysCallCloseDir(regs*)
                0x00000000c001bd9c                sysCallMakeDir(regs*)
                0x00000000c001be0c                sysCallWait(regs*)
                0x00000000c001be26                sysCallNotImpl(regs*)
                0x00000000c001be41                sysPanic(regs*)
                0x00000000c001be67                sysCallRmdir(regs*)
                0x00000000c001becb                sysCallUnlink(regs*)
                0x00000000c001bf2f                sysCallGetArgv(regs*)
                0x00000000c001bf7b                sysCallTTYName(regs*)
                0x00000000c001bffe                sysCallUSleep(regs*)
                0x00000000c001c025                sysCallSpawn(regs*)
                0x00000000c001c07d                sysCallGetEnv(regs*)
                0x00000000c001c1b5                sysAppSettings(regs*)
                0x00000000c001c2d4                sysSetFatAttrib(regs*)
                0x00000000c001c346                sysPipe(regs*)
                0x00000000c001c38b                sysGetUnixTime(regs*)
                0x00000000c001c39f                string_ends_with(char const*, char const*)
                0x00000000c001c3e7                sysCallOpen(regs*)
                0x00000000c001c5fc                Sys::loadSyscalls()
                0x00000000c001c7e7                Sys::systemCall(regs*, void*)
 .text          0x00000000c001c829     0x11d4 thr/elf.32
                0x00000000c001c829                Thr::allocateMemoryForTask(Process*, File*, unsigned long, unsigned long, unsigned long)
                0x00000000c001cabb                Thr::loadProgramIntoMemory(Process*, char const*)
                0x00000000c001ccd1                Thr::runtimeReferenceHelper()
                0x00000000c001cce4                Thr::getAddressOfKernelSymbol(char const*)
                0x00000000c001cd33                Thr::loadKernelSymbolTable(char const*)
                0x00000000c001cff1                Thr::loadDriverIntoMemory(char const*, unsigned long, bool)
                0x00000000c001d70d                Thr::getDriverBaseFromAddress(unsigned long)
                0x00000000c001d73f                Thr::getDriverNameFromAddress(unsigned long)
                0x00000000c001d776                Thr::getDriverOffsetFromAddress(unsigned long)
                0x00000000c001d790                Thr::loadDLL(char const*, bool)
                0x00000000c001d9c4                Thr::executeDLL(unsigned long, void*)
 *fill*         0x00000000c001d9fd        0x1 
 .text          0x00000000c001d9fe     0x1090 thr/prcssthr.32
                0x00000000c001d9fe                changeTSS
                0x00000000c001da2e                Process::addArgs(char**)
                0x00000000c001da88                Process::Process(char const*, Process*, char**)
                0x00000000c001da88                Process::Process(char const*, Process*, char**)
                0x00000000c001dc6c                Process::Process(bool, char const*, Process*, char**)
                0x00000000c001dc6c                Process::Process(bool, char const*, Process*, char**)
                0x00000000c001de1b                disableIRQs()
                0x00000000c001de23                getIRQNestingLevel()
                0x00000000c001de29                enableIRQs()
                0x00000000c001de38                lockScheduler()
                0x00000000c001de3a                unlockScheduler()
                0x00000000c001de3c                userModeEntryPoint(void*)
                0x00000000c001de5f                lockStuff()
                0x00000000c001de6b                taskStartupFunction
                0x00000000c001de74                updateTimeUsed()
                0x00000000c001ded9                switchToThread(ThreadControlBlock*)
                0x00000000c001df2a                Semaphore::Semaphore(int)
                0x00000000c001df2a                Semaphore::Semaphore(int)
                0x00000000c001df58                Mutex::Mutex()
                0x00000000c001df58                Mutex::Mutex()
                0x00000000c001df6a                Process::createThread(void (*)(void*), void*, int)
                0x00000000c001e070                Process::createUserThread()
                0x00000000c001e08c                setupMultitasking(void (*)())
                0x00000000c001e1ae                schedule()
                0x00000000c001e233                unlockStuff()
                0x00000000c001e268                Semaphore::tryAcquire()
                0x00000000c001e296                Semaphore::assertLocked(char const*)
                0x00000000c001e2c6                blockTaskWithSchedulerLockAlreadyHeld(TaskState)
                0x00000000c001e308                blockTask(TaskState)
                0x00000000c001e329                waitTask(int, int*, int)
                0x00000000c001e36b                nanoSleepUntil(unsigned long long)
                0x00000000c001e3c2                nanoSleep(unsigned long long)
                0x00000000c001e3d7                sleep(unsigned long long)
                0x00000000c001e3f4                Semaphore::acquire()
                0x00000000c001e45c                taskReturned
                0x00000000c001e48a                unblockTask(ThreadControlBlock*)
                0x00000000c001e539                cleanupTerminatedTask(ThreadControlBlock*)
                0x00000000c001e802                cleanerTaskFunction(void*)
                0x00000000c001e8b5                terminateTask(int)
                0x00000000c001e995                Thr::terminateFromIRQ(int)
                0x00000000c001e9a2                Semaphore::release()
 .text          0x00000000c001ea8e      0xc26 vm86/vm8086.32
                0x00000000c001ea8e                Vm::inbv(unsigned short)
                0x00000000c001eaa1                Vm::outbv(unsigned short, unsigned char)
                0x00000000c001eaf4                Vm::realToLinear(unsigned short, unsigned short)
                0x00000000c001eb04                Vm::getSegment(unsigned int)
                0x00000000c001eb0c                Vm::getOffset(unsigned int)
                0x00000000c001eb11                Vm::mainloop2()
                0x00000000c001eb4c                Vm::mainVm8086Loop(void*)
                0x00000000c001eb59                Vm::mainloop3(unsigned long)
                0x00000000c001eb83                Vm::initialise8086()
                0x00000000c001ebc6                Vm::finish8086()
                0x00000000c001ec0b                Vm::getOutput8086(unsigned char*)
                0x00000000c001ec35                Vm::start8086(char const*, unsigned short, unsigned short, unsigned short, unsigned short)
                0x00000000c001ed85                Vm::doISR(regs*, int, unsigned char*, unsigned short, unsigned short)
                0x00000000c001ee0f                Vm::readByteFromReal(unsigned short, unsigned short)
                0x00000000c001ee20                Vm::readWordFromReal(unsigned short, unsigned short)
                0x00000000c001ee32                Vm::readDwordFromReal(unsigned short, unsigned short)
                0x00000000c001ee43                Vm::writeByteFromReal(unsigned short, unsigned short, unsigned char)
                0x00000000c001ee58                Vm::writeWordFromReal(unsigned short, unsigned short, unsigned short)
                0x00000000c001ee6e                Vm::writeDwordFromReal(unsigned short, unsigned short, unsigned int)
                0x00000000c001ee83                Vm::faultHandler(regs*)
 .text          0x00000000c001f6b4      0xefd vm86/x87em.32
                0x00000000c001f6b4                Vm::fpuInternalTo32(unsigned long long)
                0x00000000c001f70f                Vm::fpuInternalTo64(unsigned long long)
                0x00000000c001f718                Vm::fpu32ToInternal(unsigned int)
                0x00000000c001f75d                Vm::fpu64ToInternal(unsigned long long)
                0x00000000c001f766                Vm::fpuFloatToLong(unsigned long long)
                0x00000000c001f7c1                Vm::fpuULongToFloat(unsigned long long)
                0x00000000c001f7f7                Vm::fpuLongToFloat(long long)
                0x00000000c001f84d                Vm::fpuGet0()
                0x00000000c001f852                Vm::fpuGet1()
                0x00000000c001f85a                Vm::fpuGetPi()
                0x00000000c001f862                Vm::fpuGetLog2E()
                0x00000000c001f87a                Vm::fpuGetLogE2()
                0x00000000c001f892                Vm::fpuGetLog210()
                0x00000000c001f8aa                Vm::fpuGetLog102()
                0x00000000c001f8c2                Vm::fpuIsSecondLarger(unsigned long long, unsigned long long)
                0x00000000c001f8d6                Vm::fpuAreEqual(unsigned long long, unsigned long long)
                0x00000000c001f8ec                Vm::fpuUnorderedCompare(unsigned long long, unsigned long long)
                0x00000000c001f93f                Vm::fpuAdd(unsigned long long, unsigned long long)
                0x00000000c001f950                Vm::fpuAbs(unsigned long long)
                0x00000000c001f959                Vm::fpuChs(unsigned long long)
                0x00000000c001f969                Vm::fpuSub(unsigned long long, unsigned long long)
                0x00000000c001f978                Vm::fpuMultiply(unsigned long long, unsigned long long)
                0x00000000c001f997                Vm::fpuDivide(unsigned long long, unsigned long long)
                0x00000000c001f9b3                Vm::fpuSquare(unsigned long long)
                0x00000000c001f9c9                Vm::fpuGetReg(int)
                0x00000000c001fa0c                Vm::fpuSetReg(int, unsigned long long)
                0x00000000c001fa57                Vm::fpuPush(unsigned long long)
                0x00000000c001fab4                Vm::fpuPop()
                0x00000000c001fb06                Vm::x87Handler(regs*)
 *fill*         0x00000000c00205b1        0x1 
 .text          0x00000000c00205b2     0x11af fs/fat/vfslink.32
                0x00000000c00205b2                FAT::getName()
                0x00000000c00205b8                FAT::tell(void*, unsigned long long*)
                0x00000000c00205ec                FAT::stat(void*, unsigned long long*)
                0x00000000c0020620                FAT::~FAT()
                0x00000000c0020620                FAT::~FAT()
                0x00000000c0020644                FAT::~FAT()
                0x00000000c002066c                FAT::getlabel(LogicalDisk*, int, char*, unsigned int*)
                0x00000000c002070a                FAT::setlabel(LogicalDisk*, int, char*)
                0x00000000c00207c4                FAT::format(LogicalDisk*, int, char const*, int)
                0x00000000c00209a8                FAT::tryMount(LogicalDisk*, int)
                0x00000000c0020bae                FAT::getFileFirstSector(char const*)
                0x00000000c0020c70                FAT::readDir(void*, unsigned long, void*, int*)
                0x00000000c0020d76                FAT::read(void*, unsigned long, void*, int*)
                0x00000000c0020dd0                FAT::write(void*, unsigned long, void*, int*)
                0x00000000c0020e2a                FAT::close(void*)
                0x00000000c0020e76                FAT::closeDir(void*)
                0x00000000c0020ec2                FAT::seek(void*, unsigned long long)
                0x00000000c0020f16                fatWrapperReadDisk
                0x00000000c0020f5d                fatWrapperWriteDisk
                0x00000000c0020fa4                fatWrapperIoctl
                0x00000000c00210a8                FAT::FAT()
                0x00000000c00210a8                FAT::FAT()
                0x00000000c00210fa                FAT::fixFilepath(char*)
                0x00000000c0021132                FAT::open(char const*, void**, FileOpenMode)
                0x00000000c002125a                FAT::openDir(char const*, void**)
                0x00000000c0021300                FAT::stat(char const*, unsigned long long*, bool*)
                0x00000000c00213ea                FAT::unlink(char const*)
                0x00000000c0021464                FAT::chfatattr(char const*, unsigned char, unsigned char)
                0x00000000c00215b8                FAT::rename(char const*, char const*)
                0x00000000c002167c                FAT::mkdir(char const*)
                0x00000000c00216f6                FAT::exists(char const*)
 *fill*         0x00000000c0021761        0x1 
 .text          0x00000000c0021762      0xbc1 fs/iso9660/vfslink.32
                0x00000000c0021762                ISO9660::format(LogicalDisk*, int, char const*, int)
                0x00000000c0021768                ISO9660::seek(void*, unsigned long long)
                0x00000000c0021798                ISO9660::tell(void*, unsigned long long*)
                0x00000000c00217bc                ISO9660::getName()
                0x00000000c00217c2                ISO9660::stat(void*, unsigned long long*)
                0x00000000c00217e6                ISO9660::chfatattr(char const*, unsigned char, unsigned char)
                0x00000000c00217ec                ISO9660::unlink(char const*)
                0x00000000c00217f2                ISO9660::write(void*, unsigned long, void*, int*)
                0x00000000c00217f8                ISO9660::rename(char const*, char const*)
                0x00000000c00217fe                ISO9660::mkdir(char const*)
                0x00000000c0021804                ISO9660::close(void*)
                0x00000000c0021826                ISO9660::closeDir(void*)
                0x00000000c0021848                ISO9660::~ISO9660()
                0x00000000c0021848                ISO9660::~ISO9660()
                0x00000000c002186c                ISO9660::~ISO9660()
                0x00000000c0021893                __memmem(unsigned char*, int, unsigned char*, int)
                0x00000000c00218d5                readSectorFromCDROM(unsigned int, unsigned char*, char)
                0x00000000c002193c                ISO9660::tryMount(LogicalDisk*, int)
                0x00000000c002198c                ISO9660::read(void*, unsigned long, void*, int*)
                0x00000000c0021b8c                ISO9660::readDir(void*, unsigned long, void*, int*)
                0x00000000c0021e19                readRoot(unsigned int*, unsigned int*, char)
                0x00000000c0021e6e                readRecursively(char*, unsigned int, unsigned int, unsigned int*, unsigned int*, char, int*)
                0x00000000c0022041                getFileData(char*, unsigned int*, unsigned int*, char, int*)
                0x00000000c00220d0                ISO9660::open(char const*, void**, FileOpenMode)
                0x00000000c0022190                ISO9660::exists(char const*)
                0x00000000c00221b4                ISO9660::stat(char const*, unsigned long long*, bool*)
                0x00000000c0022248                ISO9660::openDir(char const*, void**)
                0x00000000c0022300                ISO9660::ISO9660()
                0x00000000c0022300                ISO9660::ISO9660()
 *fill*         0x00000000c0022323        0x1 
 .text          0x00000000c0022324      0x326 hal/sound/sndchannel.32
                0x00000000c0022324                SoundChannel::~SoundChannel()
                0x00000000c0022324                SoundChannel::~SoundChannel()
                0x00000000c0022340                SoundChannel::setSpeed(float)
                0x00000000c002234c                SoundChannel::getSpeed()
                0x00000000c0022354                SoundChannel::setVolume(int)
                0x00000000c0022370                SoundChannel::getVolume()
                0x00000000c0022378                SoundChannel::pause()
                0x00000000c0022382                SoundChannel::SoundChannel(int, int, int, int)
                0x00000000c0022382                SoundChannel::SoundChannel(int, int, int, int)
                0x00000000c00224d8                SoundChannel::play()
                0x00000000c00224e2                SoundChannel::paused()
                0x00000000c00224ea                SoundChannel::getSampleRate()
                0x00000000c00224f2                SoundChannel::getBits()
                0x00000000c00224fa                SoundChannel::getBufferUsed()
                0x00000000c0022502                SoundChannel::getBufferSize()
                0x00000000c002250a                SoundChannel::unbuffer(float*, int, int)
                0x00000000c00225aa                SoundChannel::buffer8(unsigned char*, int)
 .text          0x00000000c002264a      0x3d5 hal/sound/sndhw.32
                0x00000000c002264a                SoundDevice::SoundDevice(char const*)
                0x00000000c002264a                SoundDevice::SoundDevice(char const*)
                0x00000000c00226b6                SoundDevice::~SoundDevice()
                0x00000000c00226b6                SoundDevice::~SoundDevice()
                0x00000000c0022730                SoundDevice::~SoundDevice()
                0x00000000c002275a                SoundDevice::getFreeChannelNum()
                0x00000000c0022774                SoundDevice::addChannel(SoundChannel*)
                0x00000000c00227e4                SoundDevice::removeChannel(int)
                0x00000000c0022816                SoundDevice::floatTo8(float*, unsigned char*, int)
                0x00000000c00228fe                SoundDevice::getAudio(int, float*, float*)
 .text          0x00000000c0022a1f        0x0 hw/bus/isa.32
 *fill*         0x00000000c0022a1f        0x1 
 .text          0x00000000c0022a20      0x6c3 hw/bus/pci.32
                0x00000000c0022a20                PCI::open(int, int, void*)
                0x00000000c0022a34                PCI::close(int, int, void*)
                0x00000000c0022a38                PCI::PCI()
                0x00000000c0022a38                PCI::PCI()
                0x00000000c0022ab8                PCI::pciReadWord(unsigned char, unsigned char, unsigned char, unsigned char)
                0x00000000c0022b00                PCI::getVendorID(unsigned char, unsigned char, unsigned char)
                0x00000000c0022b22                PCI::getHeaderType(unsigned char, unsigned char, unsigned char)
                0x00000000c0022b46                PCI::getClassCode(unsigned char, unsigned char, unsigned char)
                0x00000000c0022b8a                PCI::getProgIF(unsigned char, unsigned char, unsigned char)
                0x00000000c0022bae                PCI::getRevisionID(unsigned char, unsigned char, unsigned char)
                0x00000000c0022bd0                PCI::getInterruptNumber(unsigned char, unsigned char, unsigned char)
                0x00000000c0022bf2                PCI::getSecondaryBus(unsigned char, unsigned char, unsigned char)
                0x00000000c0022c16                PCI::getBARAddress(unsigned char, unsigned char, unsigned char, unsigned char)
                0x00000000c0022c76                PCI::pciWriteWord(unsigned char, unsigned char, unsigned char, unsigned char, unsigned short)
                0x00000000c0022ce2                PCI::checkBus(unsigned char)
                0x00000000c0022d06                PCI::foundDevice(PCIDeviceInfo)
                0x00000000c0022e78                PCI::getDeviceData(unsigned char, unsigned char, unsigned char)
                0x00000000c0023024                PCI::checkDevice(unsigned char, unsigned char)
                0x00000000c0023090                PCI::detect()
 *fill*         0x00000000c00230e3        0x1 
 .text          0x00000000c00230e4      0xc70 hw/diskctrl/ide.32
                0x00000000c00230e4                IDE::close(int, int, void*)
                0x00000000c00230e8                IDE::IDE()
                0x00000000c00230e8                IDE::IDE()
                0x00000000c002311c                IDE::prepareInterrupt(unsigned char)
                0x00000000c002312e                selectDrive(unsigned char, unsigned char)
                0x00000000c0023130                IDE::getBase(unsigned char)
                0x00000000c0023142                IDE::write(unsigned char, unsigned char, unsigned char)
                0x00000000c0023202                IDE::read(unsigned char, unsigned char)
                0x00000000c00232b0                IDE::waitInterrupt(unsigned char)
                0x00000000c0023316                ideChannel0IRQHandler(regs*, void*)
                0x00000000c0023332                ideChannel1IRQHandler(regs*, void*)
                0x00000000c002334e                IDE::enableIRQs(unsigned char, bool)
                0x00000000c0023394                IDE::open(int, int, void*)
                0x00000000c00237a4                IDE::readBuffer(unsigned char, unsigned char, unsigned int, unsigned int)
                0x00000000c0023870                IDE::detect()
                0x00000000c0023b58                IDE::printError(unsigned char, unsigned char, unsigned char)
                0x00000000c0023cee                IDE::polling(unsigned char, unsigned int)
 .text          0x00000000c0023d54      0x390 hw/diskctrl/satabus.32
                0x00000000c0023d54                SATABus::close(int, int, void*)
                0x00000000c0023d58                SATABus::detect()
                0x00000000c0023d5a                SATABus::SATABus()
                0x00000000c0023d5a                SATABus::SATABus()
                0x00000000c0023e06                SATABus::findCmdslot(SATABus::tagHBA_PORT volatile*)
                0x00000000c0023e4e                SATABus::checkType(SATABus::tagHBA_PORT volatile*)
                0x00000000c0023e96                SATABus::startCmd(SATABus::tagHBA_PORT volatile*)
                0x00000000c0023eb6                SATABus::stopCmd(SATABus::tagHBA_PORT volatile*)
                0x00000000c0023ee0                SATABus::portRebase(SATABus::tagHBA_PORT volatile*, int)
                0x00000000c0023fe6                SATABus::probePort(SATABus::tagHBA_MEM volatile*)
                0x00000000c00240c4                SATABus::open(int, int, void*)
 .text          0x00000000c00240e4      0x63c hw/diskphys/ata.32
                0x00000000c00240e4                ATA::close(int, int, void*)
                0x00000000c0024108                ATA::powerSaving(PowerSavingLevel)
                0x00000000c002410a                ATA::ATA()
                0x00000000c002410a                ATA::ATA()
                0x00000000c0024138                ATA::flush(bool)
                0x00000000c0024182                ATA::readyForCommand()
                0x00000000c00241d2                ATA::access(unsigned long long, int, void*, bool)
                0x00000000c002455a                ATA::read(unsigned long long, int, void*)
                0x00000000c00245c2                ATA::write(unsigned long long, int, void*)
                0x00000000c002462a                ATA::detectCHS()
                0x00000000c0024654                ATA::open(int, int, void*)
 .text          0x00000000c0024720      0x5bd hw/diskphys/atapi.32
                0x00000000c0024720                ATAPI::write(unsigned long long, int, void*)
                0x00000000c0024726                ATAPI::close(int, int, void*)
                0x00000000c002474a                ATAPI::ATAPI()
                0x00000000c002474a                ATAPI::ATAPI()
                0x00000000c0024778                ATAPI::readyForCommand()
                0x00000000c00247c8                ATAPI::sendPacket(unsigned char*, int, bool, unsigned short*, int)
                0x00000000c0024a88                ATAPI::diskRemoved()
                0x00000000c0024aa4                ATAPI::eject()
                0x00000000c0024aec                ATAPI::diskInserted()
                0x00000000c0024b1a                ATAPI::detectMedia()
                0x00000000c0024bd6                ATAPI::open(int, int, void*)
                0x00000000c0024c5e                ATAPI::read(unsigned long long, int, void*)
 *fill*         0x00000000c0024cdd        0x1 
 .text          0x00000000c0024cde      0x455 hw/diskphys/sata.32
                0x00000000c0024cde                SATA::close(int, int, void*)
                0x00000000c0024d02                SATA::powerSaving(PowerSavingLevel)
                0x00000000c0024d04                SATA::open(int, int, void*)
                0x00000000c0024db2                SATA::SATA()
                0x00000000c0024db2                SATA::SATA()
                0x00000000c0024de0                SATA::access(unsigned long long, int, void*, bool)
                0x00000000c0025046                SATA::read(unsigned long long, int, void*)
                0x00000000c00250ae                SATA::write(unsigned long long, int, void*)
 *fill*         0x00000000c0025133        0x1 
 .text          0x00000000c0025134      0x500 hw/diskphys/satapi.32
                0x00000000c0025134                SATAPI::write(unsigned long long, int, void*)
                0x00000000c002513a                SATAPI::close(int, int, void*)
                0x00000000c002515e                SATAPI::SATAPI()
                0x00000000c002515e                SATAPI::SATAPI()
                0x00000000c002518c                SATAPI::diskRemoved()
                0x00000000c00251a8                SATAPI::diskInserted()
                0x00000000c00251d6                SATAPI::sendPacket(unsigned char*, int, unsigned long long, unsigned short*, int)
                0x00000000c00253da                SATAPI::eject()
                0x00000000c0025422                SATAPI::detectMedia()
                0x00000000c00254e4                SATAPI::open(int, int, void*)
                0x00000000c0025592                SATAPI::read(unsigned long long, int, void*)
 .text          0x00000000c0025634       0x8e hw/fpu/avx.32
                0x00000000c0025634                AVX::open(int, int, void*)
                0x00000000c0025646                AVX::close(int, int, void*)
                0x00000000c0025658                AVX::available()
                0x00000000c002566a                AVX::save(void*)
                0x00000000c0025682                AVX::load(void*)
                0x00000000c002569a                AVX::AVX()
                0x00000000c002569a                AVX::AVX()
 .text          0x00000000c00256c2       0x90 hw/fpu/mmx.32
                0x00000000c00256c2                MMX::available()
                0x00000000c00256d6                MMX::open(int, int, void*)
                0x00000000c00256e8                MMX::close(int, int, void*)
                0x00000000c00256fa                MMX::save(void*)
                0x00000000c0025712                MMX::load(void*)
                0x00000000c002572a                MMX::MMX()
                0x00000000c002572a                MMX::MMX()
 .text          0x00000000c0025752       0x96 hw/fpu/sse.32
                0x00000000c0025752                SSE::open(int, int, void*)
                0x00000000c0025764                SSE::close(int, int, void*)
                0x00000000c0025776                SSE::available()
                0x00000000c0025790                SSE::save(void*)
                0x00000000c00257a8                SSE::load(void*)
                0x00000000c00257c0                SSE::SSE()
                0x00000000c00257c0                SSE::SSE()
 .text          0x00000000c00257e8       0x8e hw/fpu/x87.32
                0x00000000c00257e8                x87::open(int, int, void*)
                0x00000000c00257fa                x87::close(int, int, void*)
                0x00000000c002580c                x87::available()
                0x00000000c002581e                x87::save(void*)
                0x00000000c0025836                x87::load(void*)
                0x00000000c002584e                x87::x87()
                0x00000000c002584e                x87::x87()
 .text          0x00000000c0025876      0x71e hw/intctrl/apic.32
                0x00000000c0025876                APIC::disable()
                0x00000000c0025878                APIC::close(int, int, void*)
                0x00000000c002589a                IOAPIC::close(int, int, void*)
                0x00000000c00258a0                APIC::io_wait()
                0x00000000c00258a6                APIC::getBase()
                0x00000000c00258e8                APIC::eoi(unsigned char)
                0x00000000c0025916                APIC::open(int, int, void*)
                0x00000000c0025a64                IOAPIC::IOAPIC()
                0x00000000c0025a64                IOAPIC::IOAPIC()
                0x00000000c0025a8c                APIC::APIC()
                0x00000000c0025a8c                APIC::APIC()
                0x00000000c0025b68                IOAPIC::handlesGSIWithNumber(unsigned int)
                0x00000000c0025b9a                IOAPIC::read(int)
                0x00000000c0025bc2                IOAPIC::open(int, int, void*)
                0x00000000c0025cb8                IOAPIC::write(int, int)
                0x00000000c0025ce4                IOAPIC::redirect(unsigned char, unsigned long long, unsigned char, bool, bool)
                0x00000000c0025dde                APIC::installIRQHandler(int, void (*)(regs*, void*), bool, void*)
 .text          0x00000000c0025f94      0x3d3 hw/intctrl/pic.32
                0x00000000c0025f94                PIC::disable()
                0x00000000c0025fc2                PIC::close(int, int, void*)
                0x00000000c0025fe4                PIC::PIC()
                0x00000000c0025fe4                PIC::PIC()
                0x00000000c00260ba                PIC::ioWait()
                0x00000000c00260c0                PIC::getIRQReg(int)
                0x00000000c002612a                PIC::eoi(unsigned char)
                0x00000000c00261bc                PIC::remap()
                0x00000000c0026328                PIC::open(int, int, void*)
 *fill*         0x00000000c0026367        0x1 
 .text          0x00000000c0026368      0x25e hw/timer/apictimer.32
                0x00000000c0026368                APICTimer::close(int, int, void*)
                0x00000000c002636e                apicTimerHandler(regs*, void*)
                0x00000000c002639c                APICTimer::write(int)
                0x00000000c00264a0                APICTimer::open(int, int, void*)
                0x00000000c002659e                APICTimer::APICTimer()
                0x00000000c002659e                APICTimer::APICTimer()
 .text          0x00000000c00265c6      0x1a7 hw/timer/pit.32
                0x00000000c00265c6                PIT::write(int)
                0x00000000c0026644                pitHandler(regs*, void*)
                0x00000000c0026670                PIT::open(int, int, void*)
                0x00000000c00266be                PIT::close(int, int, void*)
                0x00000000c00266ee                PIT::PIT()
                0x00000000c00266ee                PIT::PIT()
 *fill*         0x00000000c002676d        0x3 
 .text          0x00000000c0026770       0x1e hw/fpu/x86/avx.32
                0x00000000c0026770                avxDetect
                0x00000000c0026776                avxSave
                0x00000000c0026777                avxLoad
                0x00000000c0026778                avxInit
                0x00000000c0026779                avxClose
                0x00000000c002677a                wouldSheSayYes
 *fill*         0x00000000c002678e        0x2 
 .text          0x00000000c0026790       0x35 hw/fpu/x86/sse.32
                0x00000000c0026790                absolutelyNoChanceInHell
                0x00000000c0026790                sseDetect
                0x00000000c00267a8                sseSave
                0x00000000c00267ae                sseLoad
                0x00000000c00267b4                sseInit
                0x00000000c00267c4                sseClose
 *fill*         0x00000000c00267c5        0xb 
 .text          0x00000000c00267d0       0x4d hw/fpu/x86/x87.32
                0x00000000c00267d6                x87Detect
                0x00000000c00267f1                x87Save
                0x00000000c00267fa                x87Load
                0x00000000c0026802                x87Init
                0x00000000c002681c                x87Close
 *fill*         0x00000000c002681d        0x3 
 .text          0x00000000c0026820       0x25 /cygdrive/d/Users/Alex/Desktop/Toolchain/Output/bin/../lib/gcc/i386-banana/8.1.0/crtend.o
 .text          0x00000000c0026845        0x0 crtn.32
 *fill*         0x00000000c0026845        0x3 
 .text          0x00000000c0026848      0x14b /cygdrive/d/Users/Alex/Desktop/Toolchain/Output/bin/../lib/gcc/i386-banana/8.1.0/libkgcc.a(_divdi3.o)
                0x00000000c0026848                __divdi3
 *fill*         0x00000000c0026993        0x1 
 .text          0x00000000c0026994      0x17e /cygdrive/d/Users/Alex/Desktop/Toolchain/Output/bin/../lib/gcc/i386-banana/8.1.0/libkgcc.a(_moddi3.o)
                0x00000000c0026994                __moddi3
 *fill*         0x00000000c0026b12        0x2 
 .text          0x00000000c0026b14       0xff /cygdrive/d/Users/Alex/Desktop/Toolchain/Output/bin/../lib/gcc/i386-banana/8.1.0/libkgcc.a(_udivdi3.o)
                0x00000000c0026b14                __udivdi3
 *fill*         0x00000000c0026c13        0x1 
 .text          0x00000000c0026c14      0x11a /cygdrive/d/Users/Alex/Desktop/Toolchain/Output/bin/../lib/gcc/i386-banana/8.1.0/libkgcc.a(_umoddi3.o)
                0x00000000c0026c14                __umoddi3
 .text          0x00000000c0026d2e      0x96d D:/Users/Alex/Desktop/Banana/kernel/libsoftfp.a(sfieeelib.o)
                0x00000000c0026d2e                __addsf3
                0x00000000c0027030                __subsf3
                0x00000000c0027044                __negsf2
                0x00000000c0027051                __mulsf3
                0x00000000c0027214                __divsf3
                0x00000000c002743f                __floatsisf
                0x00000000c00274b3                __floatunsisf
                0x00000000c00274f5                __fixsfsi