Archive member included to satisfy reference by file (symbol)

/cygdrive/d/Users/Alex/Desktop/Toolchain/Output/bin/../lib/gcc/i386-banana/8.1.0/libgcc.a(_divdi3.o)
                              fs/fat/ff.32 (__divdi3)
/cygdrive/d/Users/Alex/Desktop/Toolchain/Output/bin/../lib/gcc/i386-banana/8.1.0/libgcc.a(_moddi3.o)
                              core/elf.32 (__moddi3)
/cygdrive/d/Users/Alex/Desktop/Toolchain/Output/bin/../lib/gcc/i386-banana/8.1.0/libgcc.a(_divmoddi4.o)
                              acpica/osl.32 (__divmoddi4)
/cygdrive/d/Users/Alex/Desktop/Toolchain/Output/bin/../lib/gcc/i386-banana/8.1.0/libgcc.a(_udivdi3.o)
                              acpica/utmath.32 (__udivdi3)
/cygdrive/d/Users/Alex/Desktop/Toolchain/Output/bin/../lib/gcc/i386-banana/8.1.0/libgcc.a(_umoddi3.o)
                              acpica/utmath.32 (__umoddi3)
D:/Users/Alex/Desktop/Banana/kernel/libk/libm32.a(s_fabs.c.o)
                              hal/libresample/samplerate.32 (fabs)
D:/Users/Alex/Desktop/Banana/kernel/libk/libm32.a(s_lrint.S.o)
                              hal/libresample/samplerate.32 (lrint)
D:/Users/Alex/Desktop/Banana/kernel/libk/libm32.a(s_lrintf.S.o)
                              hal/sound/sndhw.32 (lrintf)

Allocating common symbols
Common symbol       size              file

AcpiGbl_StateCache  0x4               acpica/utglobal.32
AcpiGbl_OwnerIdMask
                    0x200             acpica/utglobal.32
AcpiGbl_StepToNextCall
                    0x1               acpica/utglobal.32
AcpiGbl_RootTableList
                    0x10              acpica/utglobal.32
AcpiGbl_FadtGpeDevice
                    0x4               acpica/utglobal.32
AcpiGbl_GpeXruptListHead
                    0x4               acpica/utglobal.32
AcpiGbl_GlobalLockHandle
                    0x2               acpica/utglobal.32
AcpiGbl_RootNodeStruct
                    0x1c              acpica/utglobal.32
AcpiGbl_FACS        0x4               acpica/utglobal.32
AcpiGbl_AllGpesInitialized
                    0x1               acpica/utglobal.32
AcpiGbl_GlobalLockMutex
                    0x4               acpica/utglobal.32
AcpiGbl_IntegerByteWidth
                    0x1               acpica/utglobal.32
AcpiGbl_Pm1EnableRegisterSave
                    0x2               acpica/utglobal.32
AcpiGbl_NsLookupCount
                    0x4               acpica/utglobal.32
AcpiCurrentGpeCount
                    0x4               acpica/utglobal.32
AcpiGbl_IntegerBitWidth
                    0x1               acpica/utglobal.32
AcpiGbl_NamespaceCache
                    0x4               acpica/utglobal.32
AcpiGbl_TableHandler
                    0x4               acpica/utglobal.32
AcpiGbl_HardwareLock
                    0x4               acpica/utglobal.32
AcpiGbl_FixedEventHandlers
                    0x28              acpica/utglobal.32
AcpiSciCount        0x4               acpica/utglobal.32
AcpiGbl_DSDT        0x4               acpica/utglobal.32
AcpiGbl_GlobalNotify
                    0x10              acpica/utglobal.32
AcpiGbl_GlobalLockSemaphore
                    0x4               acpica/utglobal.32
AcpiGbl_SystemAwakeAndRunning
                    0x1               acpica/utglobal.32
AcpiGbl_InterfaceHandler
                    0x4               acpica/utglobal.32
AcpiGbl_EventsInitialized
                    0x1               acpica/utglobal.32
AcpiGbl_SupportedInterfaces
                    0x4               acpica/utglobal.32
AcpiGbl_GpeLock     0x4               acpica/utglobal.32
AcpiGbl_SleepTypeB  0x1               acpica/utglobal.32
AcpiGbl_InitHandler
                    0x4               acpica/utglobal.32
AcpiGbl_GlobalLockAcquired
                    0x1               acpica/utglobal.32
AcpiGbl_XPm1bEnable
                    0xc               acpica/utglobal.32
AcpiGbl_OriginalDsdtHeader
                    0x24              acpica/utglobal.32
AcpiGbl_ReferenceCountLock
                    0x4               acpica/utglobal.32
AcpiGpeCount        0x4               acpica/utglobal.32
AcpiGbl_TableHandlerContext
                    0x4               acpica/utglobal.32
AcpiGbl_XPm1aStatus
                    0xc               acpica/utglobal.32
AcpiGbl_OriginalMode
                    0x4               acpica/utglobal.32
AcpiGbl_CmSingleStep
                    0x1               acpica/utglobal.32
AcpiGbl_GlobalEventHandlerContext
                    0x4               acpica/utglobal.32
AcpiGbl_PsFindCount
                    0x4               acpica/utglobal.32
AcpiFixedEventCount
                    0x14              acpica/utglobal.32
AcpiGbl_AcpiHardwarePresent
                    0x1               acpica/utglobal.32
AcpiGbl_MutexInfo   0x60              acpica/utglobal.32
AcpiGbl_RootNode    0x4               acpica/utglobal.32
AcpiGbl_AddressRangeList
                    0x8               acpica/utglobal.32
AcpiGbl_FADT        0x114             acpica/utglobal.32
AcpiGbl_IntegerNybbleWidth
[...]
Memory Configuration

Name             Origin             Length             Attributes
*default*        0x0000000000000000 0xffffffffffffffff

Linker script and memory map

LOAD D:/Users/Alex/Desktop/Banana/kernel/boot.32
LOAD crti.32
LOAD /cygdrive/d/Users/Alex/Desktop/Toolchain/Output/bin/../lib/gcc/i386-banana/8.1.0/crtbegin.o
LOAD D:/Users/Alex/Desktop/Banana/kernel/morenasm.32
LOAD acpica/dsargs.32
LOAD acpica/dscontrol.32
LOAD acpica/dsdebug.32
LOAD acpica/dsfield.32
LOAD acpica/dsinit.32
LOAD acpica/dsmethod.32
LOAD acpica/dsmthdat.32
LOAD acpica/dsobject.32
LOAD acpica/dsopcode.32
LOAD acpica/dspkginit.32
LOAD acpica/dsutils.32
LOAD acpica/dswexec.32
LOAD acpica/dswload.32
LOAD acpica/dswload2.32
LOAD acpica/dswscope.32
LOAD acpica/dswstate.32
LOAD acpica/evevent.32
LOAD acpica/evglock.32
LOAD acpica/evgpe.32
LOAD acpica/evgpeblk.32
LOAD acpica/evgpeinit.32
LOAD acpica/evgpeutil.32
LOAD acpica/evhandler.32
LOAD acpica/evmisc.32
LOAD acpica/evregion.32
LOAD acpica/evrgnini.32
LOAD acpica/evsci.32
LOAD acpica/evxface.32
LOAD acpica/evxfevnt.32
LOAD acpica/evxfgpe.32
LOAD acpica/evxfregn.32
LOAD acpica/exconcat.32
LOAD acpica/exconfig.32
LOAD acpica/exconvrt.32
LOAD acpica/excreate.32
LOAD acpica/exdebug.32
LOAD acpica/exdump.32
LOAD acpica/exfield.32
LOAD acpica/exfldio.32
LOAD acpica/exmisc.32
LOAD acpica/exmutex.32
LOAD acpica/exnames.32
LOAD acpica/exoparg1.32
LOAD acpica/exoparg2.32
LOAD acpica/exoparg3.32
LOAD acpica/exoparg6.32
LOAD acpica/exprep.32
LOAD acpica/exregion.32
LOAD acpica/exresnte.32
LOAD acpica/exresolv.32
LOAD acpica/exresop.32
LOAD acpica/exserial.32
LOAD acpica/exstore.32
LOAD acpica/exstoren.32
LOAD acpica/exstorob.32
LOAD acpica/exsystem.32
LOAD acpica/extrace.32
LOAD acpica/exutils.32
LOAD acpica/hwacpi.32
LOAD acpica/hwesleep.32
LOAD acpica/hwgpe.32
LOAD acpica/hwpci.32
LOAD acpica/hwregs.32
LOAD acpica/hwsleep.32
LOAD acpica/hwtimer.32
LOAD acpica/hwvalid.32
LOAD acpica/hwxface.32
LOAD acpica/hwxfsleep.32
LOAD acpica/nsaccess.32
LOAD acpica/nsalloc.32
LOAD acpica/nsarguments.32
LOAD acpica/nsconvert.32
LOAD acpica/nsdump.32
LOAD acpica/nsdumpdv.32
LOAD acpica/nseval.32
LOAD acpica/nsinit.32
LOAD acpica/nsload.32
LOAD acpica/nsnames.32
LOAD acpica/nsobject.32
LOAD acpica/nsparse.32
LOAD acpica/nspredef.32
LOAD acpica/nsprepkg.32
LOAD acpica/nsrepair.32
LOAD acpica/nsrepair2.32
LOAD acpica/nssearch.32
LOAD acpica/nsutils.32
LOAD acpica/nswalk.32
LOAD acpica/nsxfeval.32
LOAD acpica/nsxfname.32
LOAD acpica/nsxfobj.32
LOAD acpica/psargs.32
LOAD acpica/psloop.32
LOAD acpica/psobject.32
LOAD acpica/psopcode.32
LOAD acpica/psopinfo.32
LOAD acpica/psparse.32
LOAD acpica/psscope.32
LOAD acpica/pstree.32
LOAD acpica/psutils.32
LOAD acpica/pswalk.32
LOAD acpica/psxface.32
LOAD acpica/rsaddr.32
LOAD acpica/rscalc.32
LOAD acpica/rscreate.32
LOAD acpica/rsdump.32
LOAD acpica/rsdumpinfo.32
LOAD acpica/rsinfo.32
LOAD acpica/rsio.32
LOAD acpica/rsirq.32
LOAD acpica/rslist.32
LOAD acpica/rsmemory.32
LOAD acpica/rsmisc.32
LOAD acpica/rsserial.32
LOAD acpica/rsutils.32
LOAD acpica/rsxface.32
LOAD acpica/tbdata.32
LOAD acpica/tbfadt.32
LOAD acpica/tbfind.32
LOAD acpica/tbinstal.32
LOAD acpica/tbprint.32
LOAD acpica/tbutils.32
LOAD acpica/tbxface.32
LOAD acpica/tbxfload.32
LOAD acpica/tbxfroot.32
LOAD acpica/utaddress.32
LOAD acpica/utalloc.32
LOAD acpica/utascii.32
LOAD acpica/utbuffer.32
LOAD acpica/utcache.32
LOAD acpica/utclib.32
LOAD acpica/utcopy.32
LOAD acpica/utdebug.32
LOAD acpica/utdecode.32
LOAD acpica/utdelete.32
LOAD acpica/uterror.32
LOAD acpica/uteval.32
LOAD acpica/utexcep.32
LOAD acpica/utglobal.32
LOAD acpica/uthex.32
LOAD acpica/utids.32
LOAD acpica/utinit.32
LOAD acpica/utlock.32
LOAD acpica/utmath.32
LOAD acpica/utmisc.32
LOAD acpica/utmutex.32
LOAD acpica/utnonansi.32
LOAD acpica/utobject.32
LOAD acpica/utosi.32
LOAD acpica/utownerid.32
LOAD acpica/utpredef.32
LOAD acpica/utprint.32
LOAD acpica/utresdecode.32
LOAD acpica/utresrc.32
LOAD acpica/utstate.32
LOAD acpica/utstring.32
LOAD acpica/utstrsuppt.32
LOAD acpica/utstrtoul64.32
LOAD acpica/uttrack.32
LOAD acpica/utuuid.32
LOAD acpica/utxface.32
LOAD acpica/utxferror.32
LOAD acpica/utxfinit.32
LOAD acpica/utxfmutex.32
LOAD core/malloc.32
LOAD libk/string.32
LOAD fs/fat/diskio.32
LOAD fs/fat/ff.32
LOAD fs/fat/ffsystem.32
LOAD fs/fat/ffunicode.32
LOAD hal/libresample/samplerate.32
LOAD hal/libresample/src_linear.32
LOAD hal/libresample/src_sinc.32
LOAD hal/libresample/src_zoh.32
LOAD acpica/osl.32
LOAD core/computer.32
LOAD core/elf.32
LOAD core/gdt.32
LOAD core/idle.32
LOAD core/idt.32
LOAD core/kconsole.32
LOAD core/kheap.32
LOAD core/main.32
LOAD core/physmgr.32
LOAD core/pipe.32
LOAD core/prcssthr.32
LOAD core/syscalls.32
LOAD core/terminal.32
LOAD core/tss.32
LOAD core/unixfile.32
LOAD core/virtmgr.32
LOAD coreobjs/c++.32
LOAD debugger/debug.32
LOAD fs/vfs.32
LOAD hal/bus.32
LOAD hal/buzzer.32
LOAD hal/clock.32
LOAD hal/device.32
LOAD hal/diskctrl.32
LOAD hal/diskphys.32
LOAD hal/fpu.32
LOAD hal/intctrl.32
LOAD hal/keybrd.32
LOAD hal/logidisk.32
LOAD hal/partition.32
LOAD hal/timer.32
LOAD hal/vcache.32
LOAD hw/acpi.32
LOAD hw/cpu.32
LOAD hw/ports.32
LOAD registry/registry.32
LOAD syscalls/sc_exit.32
LOAD syscalls/sc_sbrk.32
LOAD syscalls/sc_yield.32
LOAD vm86/vm8086.32
LOAD fs/fat/vfslink.32
LOAD fs/iso9660/vfslink.32
LOAD hal/sound/sndchannel.32
LOAD hal/sound/sndhw.32
LOAD hw/audio/sb16.32
LOAD hw/bus/isa.32
LOAD hw/bus/pci.32
LOAD hw/bus/ps2.32
LOAD hw/bus/ps2port.32
LOAD hw/buzzer/pcspk.32
LOAD hw/clock/rtc.32
LOAD hw/diskctrl/ide.32
LOAD hw/diskphys/ata.32
LOAD hw/diskphys/atapi.32
LOAD hw/dma/isadma.32
LOAD hw/fpu/avx.32
LOAD hw/fpu/mmx.32
LOAD hw/fpu/sse.32
LOAD hw/fpu/x87.32
LOAD hw/intctrl/apic.32
LOAD hw/intctrl/pic.32
LOAD hw/keybrd/ps2key.32
LOAD hw/timer/apictimer.32
LOAD hw/timer/pit.32
LOAD hw/fpu/x86/avx.32
LOAD hw/fpu/x86/sse.32
LOAD hw/fpu/x86/x87.32
LOAD /cygdrive/d/Users/Alex/Desktop/Toolchain/Output/bin/../lib/gcc/i386-banana/8.1.0/crtend.o
LOAD crtn.32
LOAD /cygdrive/d/Users/Alex/Desktop/Toolchain/Output/bin/../lib/gcc/i386-banana/8.1.0/libgcc.a
LOAD D:/Users/Alex/Desktop/Banana/kernel/libk/libm32.a
                0x00000000c0000000                . = 0xc0000000

.text           0x00000000c0000000    0x4e218
 *(.text)
 .text          0x00000000c0000000       0x39 D:/Users/Alex/Desktop/Banana/kernel/boot.32
                0x00000000c000001e                callGlobalConstructors
 .text          0x00000000c0000039        0x0 crti.32
 *fill*         0x00000000c0000039        0x3 
 .text          0x00000000c000003c      0x101 /cygdrive/d/Users/Alex/Desktop/Toolchain/Output/bin/../lib/gcc/i386-banana/8.1.0/crtbegin.o
 *fill*         0x00000000c000013d        0x3 
 .text          0x00000000c0000140      0x448 D:/Users/Alex/Desktop/Banana/kernel/morenasm.32
                0x00000000c0000140                doTPAUSE
                0x00000000c000014a                hasLegacyFPU
                0x00000000c000016f                is486
                0x00000000c00001d2                goToVM86
                0x00000000c0000203                goToUsermode
                0x00000000c000022e                switchToThreadASMFirstTime
                0x00000000c000023c                switchToThreadASM
                0x00000000c00002d4                detectCPUID
                0x00000000c00002ea                asmQuickAcquireLock
                0x00000000c0000308                asmQuickReleaseLock
                0x00000000c0000314                asmAcquireLock
                0x00000000c0000335                asmReleaseLock
                0x00000000c0000348                loadGDT
                0x00000000c0000368                isr0
                0x00000000c0000378                isr1
                0x00000000c0000382                isr2
                0x00000000c000038c                isr3
                0x00000000c0000396                isr4
                0x00000000c00003a0                isr5
                0x00000000c00003aa                isr6
                0x00000000c00003b4                isr7
                0x00000000c00003be                isr8
                0x00000000c00003cb                isr9
                0x00000000c00003d5                isr10
                0x00000000c00003dd                isr11
                0x00000000c00003e5                isr12
                0x00000000c00003ed                isr13
                0x00000000c00003f5                isr14
                0x00000000c00003fd                isr15
                0x00000000c0000407                isr16
                0x00000000c0000411                isr17
                0x00000000c000041b                isr18
                0x00000000c0000425                isr96
                0x00000000c000042f                irq0
                0x00000000c0000439                irq1
                0x00000000c0000443                irq2
                0x00000000c000044d                irq3
                0x00000000c0000457                irq4
                0x00000000c0000461                irq5
                0x00000000c000046b                irq6
                0x00000000c0000475                irq7
                0x00000000c000047f                irq8
                0x00000000c0000489                irq9
                0x00000000c0000493                irq10
                0x00000000c000049d                irq11
                0x00000000c00004a7                irq12
                0x00000000c00004b1                irq13
                0x00000000c00004bb                irq14
                0x00000000c00004c5                irq15
                0x00000000c00004cf                irq16
                0x00000000c00004d9                irq17
                0x00000000c00004e3                irq18
                0x00000000c00004ed                irq19
                0x00000000c00004f7                irq20
                0x00000000c0000501                irq21
                0x00000000c000050b                irq22
                0x00000000c0000515                irq23
                0x00000000c000051f                int_common_stub
                0x00000000c000054f                syscall_common_stub
 .text          0x00000000c0000588      0x3da acpica/dsargs.32
                0x00000000c0000717                AcpiDsGetBufferFieldArguments
                0x00000000c0000776                AcpiDsGetBankFieldArguments
                0x00000000c00007d5                AcpiDsGetBufferArguments
                0x00000000c0000846                AcpiDsGetPackageArguments
                0x00000000c00008b7                AcpiDsGetRegionArguments
 .text          0x00000000c0000962      0x47a acpica/dscontrol.32
                0x00000000c0000964                AcpiDsExecBeginControlOp
                0x00000000c0000a94                AcpiDsExecEndControlOp
 .text          0x00000000c0000ddc        0x2 acpica/dsdebug.32
                0x00000000c0000ddc                AcpiDsDumpMethodStack
 .text          0x00000000c0000dde      0x9f6 acpica/dsfield.32
                0x00000000c0000dde                AcpiDsCreateBufferField
                0x00000000c00012d4                AcpiDsCreateField
                0x00000000c00013de                AcpiDsInitFieldObjects
                0x00000000c000157f                AcpiDsCreateBankField
                0x00000000c00016b3                AcpiDsCreateIndexField
 .text          0x00000000c00017d4      0x22d acpica/dsinit.32
                0x00000000c000194f                AcpiDsInitializeObjects
 .text          0x00000000c0001a01      0x9d7 acpica/dsmethod.32
                0x00000000c0001a50                AcpiDsAutoSerializeMethod
                0x00000000c0001b59                AcpiDsMethodError
                0x00000000c0001cb5                AcpiDsBeginMethodExecution
                0x00000000c0001f58                AcpiDsRestartControlMethod
                0x00000000c0001ff7                AcpiDsTerminateControlMethod
                0x00000000c00021db                AcpiDsCallControlMethod
 .text          0x00000000c00023d8      0x743 acpica/dsmthdat.32
                0x00000000c00023d8                AcpiDsMethodDataInit
                0x00000000c00025c1                AcpiDsMethodDataDeleteAll
                0x00000000c000268e                AcpiDsMethodDataGetNode
                0x00000000c00027c9                AcpiDsMethodDataInitArgs
                0x00000000c0002840                AcpiDsMethodDataGetValue
                0x00000000c00029cf                AcpiDsStoreObjectToLocal
 .text          0x00000000c0002b1b      0x736 acpica/dsobject.32
                0x00000000c0002b1b                AcpiDsBuildInternalBufferObj
                0x00000000c0002c84                AcpiDsInitObjectFromOp
                0x00000000c0003019                AcpiDsBuildInternalObject
                0x00000000c00031bb                AcpiDsCreateNode
 .text          0x00000000c0003251      0xa93 acpica/dsopcode.32
                0x00000000c0003251                AcpiDsInitializeRegion
                0x00000000c0003564                AcpiDsEvalBufferFieldOperands
                0x00000000c00036d5                AcpiDsEvalRegionOperands
                0x00000000c000387a                AcpiDsEvalTableRegionOperands
                0x00000000c0003a34                AcpiDsEvalDataObjectOperands
                0x00000000c0003be8                AcpiDsEvalBankFieldOperands
 .text          0x00000000c0003ce4      0x597 acpica/dspkginit.32
                0x00000000c0003eb6                AcpiDsInitPackageElement
                0x00000000c0003f22                AcpiDsBuildInternalPackageObj
 .text          0x00000000c000427b      0x956 acpica/dsutils.32
                0x00000000c000427d                AcpiDsClearImplicitReturn
                0x00000000c00042c0                AcpiDsDoImplicitReturn
                0x00000000c0004330                AcpiDsIsResultUsed
                0x00000000c00044c2                AcpiDsDeleteResultIfNotUsed
                0x00000000c000453a                AcpiDsResolveOperands
                0x00000000c0004596                AcpiDsClearOperands
                0x00000000c00045ea                AcpiDsCreateOperand
                0x00000000c0004955                AcpiDsCreateOperands
                0x00000000c0004a45                AcpiDsEvaluateNamePath
 .text          0x00000000c0004bd1      0xa84 acpica/dswexec.32
                0x00000000c0004bd9                AcpiDsGetPredicateValue
                0x00000000c0004df5                AcpiDsExecBeginOp
                0x00000000c0004ff2                AcpiDsExecEndOp
 .text          0x00000000c0005655      0x6f7 acpica/dswload.32
                0x00000000c0005655                AcpiDsLoad1BeginOp
                0x00000000c00059be                AcpiDsLoad1EndOp
                0x00000000c0005c7c                AcpiDsInitCallbacks
 .text          0x00000000c0005d4c      0x901 acpica/dswload2.32
                0x00000000c0005d4c                AcpiDsLoad2BeginOp
                0x00000000c00061bb                AcpiDsLoad2EndOp
 .text          0x00000000c000664d      0x161 acpica/dswscope.32
                0x00000000c000664d                AcpiDsScopeStackClear
                0x00000000c000668d                AcpiDsScopeStackPush
                0x00000000c0006754                AcpiDsScopeStackPop
 .text          0x00000000c00067ae      0x8f5 acpica/dswstate.32
                0x00000000c000683e                AcpiDsResultPush
                0x00000000c0006a11                AcpiDsResultPop
                0x00000000c0006b43                AcpiDsObjStackPush
                0x00000000c0006bc2                AcpiDsObjStackPop
                0x00000000c0006c44                AcpiDsObjStackPopAndDelete
                0x00000000c0006cc3                AcpiDsGetCurrentWalkState
                0x00000000c0006cdb                AcpiDsPushWalkState
                0x00000000c0006cf5                AcpiDsPopWalkState
                0x00000000c0006d1a                AcpiDsCreateWalkState
                0x00000000c0006daf                AcpiDsInitAmlWalk
                0x00000000c0006f7b                AcpiDsDeleteWalkState
 .text          0x00000000c00070a3      0x307 acpica/evevent.32
                0x00000000c00070a3                AcpiEvInstallXruptHandlers
                0x00000000c00071a1                AcpiEvInitializeEvents
                0x00000000c00072c2                AcpiEvFixedEventDetect
 .text          0x00000000c00073aa      0x2d8 acpica/evglock.32
                0x00000000c000742b                AcpiEvInitGlobalLockHandler
                0x00000000c00074b7                AcpiEvRemoveGlobalLockHandler
                0x00000000c00074ef                AcpiEvAcquireGlobalLock
                0x00000000c00075fd                AcpiEvReleaseGlobalLock
 .text          0x00000000c0007682      0x960 acpica/evgpe.32
                0x00000000c0007682                AcpiEvUpdateGpeEnableMask
                0x00000000c00076f0                AcpiEvEnableGpe
                0x00000000c000770e                AcpiEvMaskGpe
                0x00000000c00077e0                AcpiEvAddGpeReference
                0x00000000c0007873                AcpiEvRemoveGpeReference
                0x00000000c00078ee                AcpiEvLowGetGpeInfo
                0x00000000c000794f                AcpiEvGetGpeEventInfo
                0x00000000c00079d7                AcpiEvFinishGpe
                0x00000000c0007b96                AcpiEvGpeDispatch
                0x00000000c0007d08                AcpiEvDetectGpe
                0x00000000c0007e95                AcpiEvGpeDetect
 .text          0x00000000c0007fe2      0x726 acpica/evgpeblk.32
                0x00000000c00080ac                AcpiEvDeleteGpeBlock
                0x00000000c0008428                AcpiEvCreateGpeBlock
                0x00000000c000859d                AcpiEvInitializeGpeBlock
 .text          0x00000000c0008708      0x48d acpica/evgpeinit.32
                0x00000000c0008708                AcpiEvMatchGpeMethod
                0x00000000c000889f                AcpiEvGpeInitialize
                0x00000000c0008aa1                AcpiEvUpdateGpes
 .text          0x00000000c0008b95      0x407 acpica/evgpeutil.32
                0x00000000c0008b95                AcpiEvWalkGpeList
                0x00000000c0008c34                AcpiEvGetGpeDevice
                0x00000000c0008c95                AcpiEvGetGpeXruptBlock
                0x00000000c0008dc4                AcpiEvDeleteGpeXrupt
                0x00000000c0008e8e                AcpiEvDeleteGpeHandlers
 .text          0x00000000c0008f9c      0x4a5 acpica/evhandler.32
                0x00000000c0008f9c                AcpiEvHasDefaultHandler
                0x00000000c0008ffc                AcpiEvFindRegionHandler
                0x00000000c0009132                AcpiEvInstallSpaceHandler
                0x00000000c00093b7                AcpiEvInstallRegionHandlers
 .text          0x00000000c0009441      0x32c acpica/evmisc.32
                0x00000000c00094e8                AcpiEvIsNotifyObject
                0x00000000c000950e                AcpiEvQueueNotifyRequest
                0x00000000c000961e                AcpiEvTerminate
 .text          0x00000000c000976d      0x9c7 acpica/evregion.32
                0x00000000c000976d                AcpiEvAddressSpaceDispatch
                0x00000000c0009a6e                AcpiEvAttachRegion
                0x00000000c0009abe                AcpiEvExecuteRegMethod
                0x00000000c0009ca5                AcpiEvDetachRegion
                0x00000000c000a03f                AcpiEvExecuteRegMethods
                0x00000000c000a0ab                AcpiEvInitializeOpRegions
 .text          0x00000000c000a134      0x535 acpica/evrgnini.32
                0x00000000c000a134                AcpiEvSystemMemoryRegionSetup
                0x00000000c000a1e1                AcpiEvIoSpaceRegionSetup
                0x00000000c000a204                AcpiEvIsPciRootBridge
                0x00000000c000a2cf                AcpiEvPciConfigRegionSetup
                0x00000000c000a530                AcpiEvPciBarRegionSetup
                0x00000000c000a536                AcpiEvCmosRegionSetup
                0x00000000c000a53c                AcpiEvDefaultRegionSetup
                0x00000000c000a55f                AcpiEvInitializeRegion
 .text          0x00000000c000a669      0x1a4 acpica/evsci.32
                0x00000000c000a669                AcpiEvSciDispatch
                0x00000000c000a725                AcpiEvGpeXruptHandler
                0x00000000c000a74e                AcpiEvInstallSciHandler
                0x00000000c000a784                AcpiEvRemoveAllSciHandlers
 .text          0x00000000c000a80d      0xcf1 acpica/evxface.32
                0x00000000c000a80d                AcpiInstallNotifyHandler
                0x00000000c000aa68                AcpiRemoveNotifyHandler
                0x00000000c000ac8c                AcpiInstallExceptionHandler
                0x00000000c000acd9                AcpiInstallSciHandler
                0x00000000c000adc7                AcpiRemoveSciHandler
                0x00000000c000aeac                AcpiInstallGlobalEventHandler
                0x00000000c000af0e                AcpiInstallFixedEventHandler
                0x00000000c000afe9                AcpiRemoveFixedEventHandler
                0x00000000c000b281                AcpiInstallGpeHandler
                0x00000000c000b2ab                AcpiInstallGpeRawHandler
                0x00000000c000b2d5                AcpiRemoveGpeHandler
                0x00000000c000b465                AcpiAcquireGlobalLock
                0x00000000c000b4c4                AcpiReleaseGlobalLock
 .text          0x00000000c000b4fe      0x38d acpica/evxfevnt.32
                0x00000000c000b4fe                AcpiEnable
                0x00000000c000b570                AcpiDisable
                0x00000000c000b5d1                AcpiEnableEvent
                0x00000000c000b69f                AcpiDisableEvent
                0x00000000c000b76c                AcpiClearEvent
                0x00000000c000b7c1                AcpiGetEventStatus
 .text          0x00000000c000b88b      0xa22 acpica/evxfgpe.32
                0x00000000c000b88b                AcpiUpdateAllGpes
                0x00000000c000b916                AcpiEnableGpe
                0x00000000c000b996                AcpiDisableGpe
                0x00000000c000b9fb                AcpiSetGpe
                0x00000000c000baa6                AcpiMaskGpe
                0x00000000c000bb18                AcpiMarkGpeForWake
                0x00000000c000bb84                AcpiSetupGpeForWake
                0x00000000c000bd0a                AcpiSetGpeWakeMask
                0x00000000c000be14                AcpiClearGpe
                0x00000000c000be82                AcpiGetGpeStatus
                0x00000000c000bef3                AcpiDispatchGpe
                0x00000000c000bf0e                AcpiFinishGpe
                0x00000000c000bf75                AcpiDisableAllGpes
                0x00000000c000bfb0                AcpiEnableAllRuntimeGpes
                0x00000000c000bfeb                AcpiEnableAllWakeupGpes
                0x00000000c000c026                AcpiInstallGpeBlock
                0x00000000c000c176                AcpiRemoveGpeBlock
                0x00000000c000c23f                AcpiGetGpeDevice
 .text          0x00000000c000c2ad      0x1f7 acpica/evxfregn.32
                0x00000000c000c2ad                AcpiInstallAddressSpaceHandler
                0x00000000c000c353                AcpiRemoveAddressSpaceHandler
 .text          0x00000000c000c4a4      0x4fd acpica/exconcat.32
                0x00000000c000c541                AcpiExDoConcatenate
                0x00000000c000c89f                AcpiExConcatTemplate
 .text          0x00000000c000c9a1      0x62b acpica/exconfig.32
                0x00000000c000ca64                AcpiExUnloadTable
                0x00000000c000cb1b                AcpiExLoadTableOp
                0x00000000c000cd3c                AcpiExLoadOp
 .text          0x00000000c000cfcc      0x74e acpica/exconvrt.32
                0x00000000c000cfcc                AcpiExConvertToInteger
                0x00000000c000d12b                AcpiExConvertToBuffer
                0x00000000c000d389                AcpiExConvertToString
                0x00000000c000d5d3                AcpiExConvertToTargetType
 .text          0x00000000c000d71a      0x52a acpica/excreate.32
                0x00000000c000d71a                AcpiExCreateAlias
                0x00000000c000d79c                AcpiExCreateEvent
                0x00000000c000d81f                AcpiExCreateMutex
                0x00000000c000d8cc                AcpiExCreateRegion
                0x00000000c000da2c                AcpiExCreateProcessor
                0x00000000c000dad5                AcpiExCreatePowerResource
                0x00000000c000db69                AcpiExCreateMethod
 .text          0x00000000c000dc44      0x557 acpica/exdebug.32
                0x00000000c000dc44                AcpiExDoDebugObject
 .text          0x00000000c000e19b        0x0 acpica/exdump.32
 .text          0x00000000c000e19b      0x4d5 acpica/exfield.32
                0x00000000c000e19b                AcpiExGetProtocolBufferLength
                0x00000000c000e1ef                AcpiExReadDataFromField
                0x00000000c000e416                AcpiExWriteDataToField
 .text          0x00000000c000e670      0xed6 acpica/exfldio.32
                0x00000000c000e8b3                AcpiExAccessRegion
                0x00000000c000ea45                AcpiExInsertIntoField
                0x00000000c000f01c                AcpiExWriteWithUpdateRule
                0x00000000c000f20e                AcpiExExtractFromField
 .text          0x00000000c000f546      0x664 acpica/exmisc.32
                0x00000000c000f546                AcpiExGetObjectReference
                0x00000000c000f641                AcpiExDoMathOp
                0x00000000c000f812                AcpiExDoLogicalNumericOp
                0x00000000c000f916                AcpiExDoLogicalOp
 .text          0x00000000c000fbaa      0x5d0 acpica/exmutex.32
                0x00000000c000fbaa                AcpiExUnlinkMutex
                0x00000000c000fc50                AcpiExAcquireMutexObject
                0x00000000c000fd25                AcpiExAcquireMutex
                0x00000000c000fe6c                AcpiExReleaseMutexObject
                0x00000000c000ff0b                AcpiExReleaseMutex
                0x00000000c00100e8                AcpiExReleaseAllMutexes
 .text          0x00000000c001017a      0x457 acpica/exnames.32
                0x00000000c0010352                AcpiExGetNameString
 .text          0x00000000c00105d1     0x1142 acpica/exoparg1.32
                0x00000000c00105d1                AcpiExOpcode_0A_0T_1R
                0x00000000c0010687                AcpiExOpcode_1A_0T_0R
                0x00000000c0010789                AcpiExOpcode_1A_1T_0R
                0x00000000c0010803                AcpiExOpcode_1A_1T_1R
                0x00000000c0010fd3                AcpiExOpcode_1A_0T_1R
 .text          0x00000000c0011713      0x8df acpica/exoparg2.32
                0x00000000c0011713                AcpiExOpcode_2A_0T_0R
                0x00000000c00117e4                AcpiExOpcode_2A_2T_1R
                0x00000000c0011964                AcpiExOpcode_2A_1T_1R
                0x00000000c0011e11                AcpiExOpcode_2A_0T_1R
 .text          0x00000000c0011ff2      0x33c acpica/exoparg3.32
                0x00000000c0011ff2                AcpiExOpcode_3A_0T_0R
                0x00000000c00120f1                AcpiExOpcode_3A_1T_1R
 .text          0x00000000c001232e      0x36c acpica/exoparg6.32
                0x00000000c001243b                AcpiExOpcode_6A_0T_1R
 .text          0x00000000c001269a      0x53f acpica/exprep.32
                0x00000000c0012754                AcpiExPrepCommonFieldObject
                0x00000000c00127ec                AcpiExPrepFieldValue
 .text          0x00000000c0012bd9      0x4b7 acpica/exregion.32
                0x00000000c0012bd9                AcpiExSystemMemorySpaceHandler
                0x00000000c0012ede                AcpiExSystemIoSpaceHandler
                0x00000000c0012f5b                AcpiExPciConfigSpaceHandler
                0x00000000c0012fec                AcpiExCmosSpaceHandler
                0x00000000c001300a                AcpiExPciBarSpaceHandler
                0x00000000c0013028                AcpiExDataTableSpaceHandler
 .text          0x00000000c0013090      0x360 acpica/exresnte.32
                0x00000000c0013090                AcpiExResolveNodeToValue
 .text          0x00000000c00133f0      0x61b acpica/exresolv.32
                0x00000000c0013631                AcpiExResolveToValue
                0x00000000c00136f1                AcpiExResolveMultiple
 .text          0x00000000c0013a0b      0x7cc acpica/exresop.32
                0x00000000c0013a98                AcpiExResolveOperands
 .text          0x00000000c00141d7      0x3a2 acpica/exserial.32
                0x00000000c00141d7                AcpiExReadGpio
                0x00000000c0014221                AcpiExWriteGpio
                0x00000000c0014285                AcpiExReadSerialBus
                0x00000000c00143dd                AcpiExWriteSerialBus
 .text          0x00000000c0014579      0x588 acpica/exstore.32
                0x00000000c0014790                AcpiExStoreObjectToNode
                0x00000000c001497f                AcpiExStore
 .text          0x00000000c0014b01      0x296 acpica/exstoren.32
                0x00000000c0014b01                AcpiExResolveObject
                0x00000000c0014c1f                AcpiExStoreObjectToObject
 .text          0x00000000c0014d97      0x202 acpica/exstorob.32
                0x00000000c0014d97                AcpiExStoreBufferToBuffer
                0x00000000c0014e8e                AcpiExStoreStringToString
 .text          0x00000000c0014f99      0x206 acpica/exsystem.32
                0x00000000c0014f99                AcpiExSystemWaitSemaphore
                0x00000000c0014ff3                AcpiExSystemWaitMutex
                0x00000000c001504d                AcpiExSystemDoStall
                0x00000000c0015099                AcpiExSystemDoSleep
                0x00000000c00150ed                AcpiExSystemSignalEvent
                0x00000000c001511c                AcpiExSystemWaitEvent
                0x00000000c0015156                AcpiExSystemResetEvent
 .text          0x00000000c001519f      0x1ec acpica/extrace.32
                0x00000000c001520a                AcpiExTracePoint
                0x00000000c0015219                AcpiExStartTraceMethod
                0x00000000c00152d0                AcpiExStopTraceMethod
                0x00000000c001535b                AcpiExStartTraceOpcode
                0x00000000c0015373                AcpiExStopTraceOpcode
 .text          0x00000000c001538b      0x525 acpica/exutils.32
                0x00000000c001538b                AcpiExEnterInterpreter
                0x00000000c00153f5                AcpiExExitInterpreter
                0x00000000c001545f                AcpiExTruncateFor32bitTable
                0x00000000c00154c5                AcpiExAcquireGlobalLock
                0x00000000c001551c                AcpiExReleaseGlobalLock
                0x00000000c00155f4                AcpiExEisaIdToString
                0x00000000c0015715                AcpiExIntegerToString
                0x00000000c001578e                AcpiExPciClsToString
                0x00000000c0015883                AcpiIsValidSpaceId
 .text          0x00000000c00158b0      0x1ae acpica/hwacpi.32
                0x00000000c00158b0                AcpiHwGetMode
                0x00000000c001590c                AcpiHwSetMode
 .text          0x00000000c0015a5e      0x1d2 acpica/hwesleep.32
                0x00000000c0015a5e                AcpiHwExecuteSleepMethod
                0x00000000c0015aca                AcpiHwExtendedSleep
                0x00000000c0015b92                AcpiHwExtendedWakePrep
                0x00000000c0015bd5                AcpiHwExtendedWake
 .text          0x00000000c0015c30      0x55c acpica/hwgpe.32
                0x00000000c0015c30                AcpiHwGetGpeRegisterBit
                0x00000000c0015c5a                AcpiHwLowSetGpe
                0x00000000c0015d91                AcpiHwClearGpe
                0x00000000c0015ddf                AcpiHwGetGpeStatus
                0x00000000c0015f82                AcpiHwDisableGpeBlock
                0x00000000c0015fde                AcpiHwEnableRuntimeGpeBlock
                0x00000000c00160cb                AcpiHwClearGpeBlock
                0x00000000c001612c                AcpiHwDisableAllGpes
                0x00000000c001614c                AcpiHwEnableAllRuntimeGpes
                0x00000000c001616c                AcpiHwEnableAllWakeupGpes
 .text          0x00000000c001618c      0x338 acpica/hwpci.32
                0x00000000c001646a                AcpiHwDerivePciId
 .text          0x00000000c00164c4      0xbfa acpica/hwregs.32
                0x00000000c00166e1                AcpiHwValidateRegister
                0x00000000c0016822                AcpiHwRead
                0x00000000c0016a18                AcpiHwWrite
                0x00000000c0016bc8                AcpiHwGetBitRegisterInfo
                0x00000000c0016c02                AcpiHwWritePm1Control
                0x00000000c0016d1a                AcpiHwRegisterRead
                0x00000000c0016ec9                AcpiHwRegisterWrite
                0x00000000c0017051                AcpiHwClearAcpiStatus
 .text          0x00000000c00170be      0x2a5 acpica/hwsleep.32
                0x00000000c00170be                AcpiHwLegacySleep
                0x00000000c0017232                AcpiHwLegacyWakePrep
                0x00000000c00172d0                AcpiHwLegacyWake
 .text          0x00000000c0017363      0x120 acpica/hwtimer.32
                0x00000000c0017363                AcpiGetTimerResolution
                0x00000000c001738c                AcpiGetTimer
                0x00000000c00173d7                AcpiGetTimerDuration
 .text          0x00000000c0017483      0x331 acpica/hwvalid.32
                0x00000000c00175ec                AcpiHwReadPort
                0x00000000c00176de                AcpiHwWritePort
 .text          0x00000000c00177b4      0x47c acpica/hwxface.32
                0x00000000c00177b4                AcpiReset
                0x00000000c001784c                AcpiRead
                0x00000000c001786b                AcpiWrite
                0x00000000c0017899                AcpiReadBitRegister
                0x00000000c0017913                AcpiWriteBitRegister
                0x00000000c0017a33                AcpiGetSleepTypeData
 .text          0x00000000c0017c30      0x1fa acpica/hwxfsleep.32
                0x00000000c0017c61                AcpiSetFirmwareWakingVector
                0x00000000c0017ca0                AcpiEnterSleepStateS4bios
                0x00000000c0017d24                AcpiEnterSleepStatePrep
                0x00000000c0017dbe                AcpiEnterSleepState
                0x00000000c0017e0c                AcpiLeaveSleepStatePrep
                0x00000000c0017e1b                AcpiLeaveSleepState
 .text          0x00000000c0017e2a      0x7cd acpica/nsaccess.32
                0x00000000c0017e2a                AcpiNsRootInitialize
                0x00000000c00181a1                AcpiNsLookup
 .text          0x00000000c00185f7      0x44a acpica/nsalloc.32
                0x00000000c00185f7                AcpiNsCreateNode
                0x00000000c0018633                AcpiNsDeleteNode
                0x00000000c00186cf                AcpiNsRemoveNode
                0x00000000c0018738                AcpiNsInstallNode
                0x00000000c00187ec                AcpiNsDeleteChildren
                0x00000000c0018860                AcpiNsDeleteNamespaceSubtree
                0x00000000c0018916                AcpiNsDeleteNamespaceByOwner
 .text          0x00000000c0018a41      0x3ca acpica/nsarguments.32
                0x00000000c0018a41                AcpiNsCheckArgumentTypes
                0x00000000c0018b49                AcpiNsCheckAcpiCompliance
                0x00000000c0018c9c                AcpiNsCheckArgumentCount
 .text          0x00000000c0018e0b      0x5e2 acpica/nsconvert.32
                0x00000000c0018e0b                AcpiNsConvertToInteger
                0x00000000c0018f22                AcpiNsConvertToString
                0x00000000c0019025                AcpiNsConvertToBuffer
                0x00000000c001917e                AcpiNsConvertToUnicode
                0x00000000c0019242                AcpiNsConvertToResource
                0x00000000c00192f6                AcpiNsConvertToReference
 .text          0x00000000c00193ed        0x0 acpica/nsdump.32
 .text          0x00000000c00193ed        0x0 acpica/nsdumpdv.32
 .text          0x00000000c00193ed      0x38e acpica/nseval.32
                0x00000000c00193ed                AcpiNsEvaluate
 .text          0x00000000c001977b      0x6b7 acpica/nsinit.32
                0x00000000c0019994                AcpiNsInitializeObjects
                0x00000000c00199f5                AcpiNsInitializeDevices
                0x00000000c0019bbf                AcpiNsInitOnePackage
 .text          0x00000000c0019e32       0xdb acpica/nsload.32
                0x00000000c0019e32                AcpiNsLoadTable
 .text          0x00000000c0019f0d      0x592 acpica/nsnames.32
                0x00000000c0019f0d                AcpiNsHandleToName
                0x00000000c0019f80                AcpiNsBuildNormalizedPath
                0x00000000c001a0d9                AcpiNsGetPathnameLength
                0x00000000c001a130                AcpiNsHandleToPathname
                0x00000000c001a1be                AcpiNsGetNormalizedPathname
                0x00000000c001a241                AcpiNsGetExternalPathname
                0x00000000c001a355                AcpiNsBuildPrefixedPathname
 .text          0x00000000c001a49f      0x45a acpica/nsobject.32
                0x00000000c001a49f                AcpiNsDetachObject
                0x00000000c001a58b                AcpiNsAttachObject
                0x00000000c001a6f9                AcpiNsGetAttachedObject
                0x00000000c001a761                AcpiNsGetSecondaryObject
                0x00000000c001a797                AcpiNsAttachData
                0x00000000c001a835                AcpiNsDetachData
                0x00000000c001a8ad                AcpiNsGetAttachedData
 .text          0x00000000c001a8f9      0x359 acpica/nsparse.32
                0x00000000c001a8f9                AcpiNsExecuteTable
                0x00000000c001aaa3                AcpiNsOneCompleteParse
                0x00000000c001ac33                AcpiNsParseTable
 .text          0x00000000c001ac52      0x3b5 acpica/nspredef.32
                0x00000000c001ad1f                AcpiNsCheckObjectType
                0x00000000c001aef0                AcpiNsCheckReturnValue
 .text          0x00000000c001b007      0x9d3 acpica/nsprepkg.32
                0x00000000c001b54f                AcpiNsCheckPackage
 .text          0x00000000c001b9da      0x47e acpica/nsrepair.32
                0x00000000c001ba3e                AcpiNsRepairNullElement
                0x00000000c001baf7                AcpiNsRemoveNullElements
                0x00000000c001bb8b                AcpiNsWrapWithPackage
                0x00000000c001bbd9                AcpiNsSimpleRepair
 .text          0x00000000c001be58      0x9f8 acpica/nsrepair2.32
                0x00000000c001c238                AcpiNsComplexRepairs
 .text          0x00000000c001c850      0x27a acpica/nssearch.32
                0x00000000c001c850                AcpiNsSearchOneScope
                0x00000000c001c918                AcpiNsSearchAndEnter
 .text          0x00000000c001caca      0x819 acpica/nsutils.32
                0x00000000c001caca                AcpiNsPrintNodePathname
                0x00000000c001cb4a                AcpiNsGetType
                0x00000000c001cb82                AcpiNsLocal
                0x00000000c001cbd0                AcpiNsGetInternalNameLength
                0x00000000c001cca9                AcpiNsBuildInternalName
                0x00000000c001ce50                AcpiNsInternalizeName
                0x00000000c001cee3                AcpiNsExternalizeName
                0x00000000c001d127                AcpiNsValidateHandle
                0x00000000c001d153                AcpiNsTerminate
                0x00000000c001d1a4                AcpiNsOpensScope
                0x00000000c001d1e3                AcpiNsGetNodeUnlocked
                0x00000000c001d299                AcpiNsGetNode
 .text          0x00000000c001d2e3      0x264 acpica/nswalk.32
                0x00000000c001d2e3                AcpiNsGetNextNode
                0x00000000c001d2fc                AcpiNsGetNextNodeTyped
                0x00000000c001d351                AcpiNsWalkNamespace
 .text          0x00000000c001d547      0x94e acpica/nsxfeval.32
                0x00000000c001d7b3                AcpiEvaluateObject
                0x00000000c001da6c                AcpiEvaluateObjectTyped
                0x00000000c001dbe4                AcpiWalkNamespace
                0x00000000c001dca2                AcpiGetDevices
                0x00000000c001dd15                AcpiAttachData
                0x00000000c001dd98                AcpiDetachData
                0x00000000c001de12                AcpiGetData
 .text          0x00000000c001de95      0x7f2 acpica/nsxfname.32
                0x00000000c001de95                AcpiGetHandle
                0x00000000c001df4c                AcpiGetName
                0x00000000c001e02c                AcpiGetObjectInfo
                0x00000000c001e443                AcpiInstallMethod
 .text          0x00000000c001e687      0x1f1 acpica/nsxfobj.32
                0x00000000c001e687                AcpiGetType
                0x00000000c001e719                AcpiGetParent
                0x00000000c001e7a7                AcpiGetNextObject
 .text          0x00000000c001e878      0xb9c acpica/psargs.32
                0x00000000c001e8f3                AcpiPsGetNextPackageEnd
                0x00000000c001e91a                AcpiPsGetNextNamestring
                0x00000000c001e9a0                AcpiPsGetNextNamepath
                0x00000000c001ebe2                AcpiPsGetNextSimpleArg
                0x00000000c001f0f4                AcpiPsGetNextArg
 .text          0x00000000c001f414      0x8ef acpica/psloop.32
                0x00000000c001f637                AcpiPsParseLoop
 .text          0x00000000c001fd03      0xb0d acpica/psobject.32
                0x00000000c001fe48                AcpiPsBuildNamedOp
                0x00000000c002000a                AcpiPsCreateOp
                0x00000000c0020269                AcpiPsCompleteOp
                0x00000000c0020681                AcpiPsCompleteFinalOp
 .text          0x00000000c0020810        0x0 acpica/psopcode.32
 .text          0x00000000c0020810       0x97 acpica/psopinfo.32
                0x00000000c0020810                AcpiPsGetOpcodeInfo
                0x00000000c002087a                AcpiPsGetOpcodeName
                0x00000000c002088e                AcpiPsGetArgumentCount
 .text          0x00000000c00208a7      0x936 acpica/psparse.32
                0x00000000c00208a7                AcpiPsGetOpcodeSize
                0x00000000c00208c1                AcpiPsPeekOpcode
                0x00000000c0020903                AcpiPsCompleteThisOp
                0x00000000c0020c19                AcpiPsNextParseState
                0x00000000c0020d71                AcpiPsParseAml
 .text          0x00000000c00211dd      0x1f4 acpica/psscope.32
                0x00000000c00211dd                AcpiPsGetParentScope
                0x00000000c00211eb                AcpiPsHasCompletedScope
                0x00000000c002121f                AcpiPsInitScope
                0x00000000c0021285                AcpiPsPushScope
                0x00000000c0021308                AcpiPsPopScope
                0x00000000c0021390                AcpiPsCleanupScope
 .text          0x00000000c00213d1      0x218 acpica/pstree.32
                0x00000000c00213d1                AcpiPsGetArg
                0x00000000c0021449                AcpiPsAppendArg
                0x00000000c002151f                AcpiPsGetDepthNext
 .text          0x00000000c00215e9      0x1cc acpica/psutils.32
                0x00000000c00215e9                AcpiPsInitOp
                0x00000000c002160a                AcpiPsAllocOp
                0x00000000c00216d4                AcpiPsCreateScopeOp
                0x00000000c0021709                AcpiPsFreeOp
                0x00000000c002174c                AcpiPsIsLeadingChar
                0x00000000c0021772                AcpiPsGetName
                0x00000000c0021794                AcpiPsSetName
 .text          0x00000000c00217b5       0x99 acpica/pswalk.32
                0x00000000c00217b5                AcpiPsDeleteParseTree
 .text          0x00000000c002184e      0x4a2 acpica/psxface.32
                0x00000000c002184e                AcpiDebugTrace
                0x00000000c00218a8                AcpiPsExecuteTable
                0x00000000c0021a83                AcpiPsExecuteMethod
 .text          0x00000000c0021cf0       0xf7 acpica/rsaddr.32
                0x00000000c0021cf0                AcpiRsGetAddressCommon
                0x00000000c0021d78                AcpiRsSetAddressCommon
 .text          0x00000000c0021de7      0x7f5 acpica/rscalc.32
                0x00000000c0021e5d                AcpiRsGetAmlLength
                0x00000000c0022117                AcpiRsGetListLength
                0x00000000c00224b3                AcpiRsGetPciRoutingTableLength
 .text          0x00000000c00225dc      0x567 acpica/rscreate.32
                0x00000000c00225dc                AcpiBufferToResource
                0x00000000c0022697                AcpiRsCreateResourceList
                0x00000000c0022733                AcpiRsCreatePciRoutingTable
                0x00000000c0022aba                AcpiRsCreateAmlResources
 .text          0x00000000c0022b43        0x0 acpica/rsdump.32
 .text          0x00000000c0022b43        0x0 acpica/rsdumpinfo.32
 .text          0x00000000c0022b43        0x0 acpica/rsinfo.32
 .text          0x00000000c0022b43        0x0 acpica/rsio.32
 .text          0x00000000c0022b43        0x0 acpica/rsirq.32
 .text          0x00000000c0022b43      0x2a0 acpica/rslist.32
                0x00000000c0022b43                AcpiRsConvertAmlToResources
                0x00000000c0022c57                AcpiRsConvertResourcesToAml
 .text          0x00000000c0022de3        0x0 acpica/rsmemory.32
 .text          0x00000000c0022de3      0xd8c acpica/rsmisc.32
                0x00000000c0022de3                AcpiRsConvertAmlToResource
                0x00000000c002356e                AcpiRsConvertResourceToAml
 .text          0x00000000c0023b6f        0x0 acpica/rsserial.32
 .text          0x00000000c0023b6f      0x61c acpica/rsutils.32
                0x00000000c0023b6f                AcpiRsDecodeBitmask
                0x00000000c0023bbd                AcpiRsEncodeBitmask
                0x00000000c0023c0e                AcpiRsMoveData
                0x00000000c0023ce6                AcpiRsSetResourceLength
                0x00000000c0023d3e                AcpiRsSetResourceHeader
                0x00000000c0023db5                AcpiRsGetResourceSource
                0x00000000c0023e8e                AcpiRsSetResourceSource
                0x00000000c0023ef3                AcpiRsGetPrtMethodData
                0x00000000c0023f46                AcpiRsGetCrsMethodData
                0x00000000c0023f99                AcpiRsGetPrsMethodData
                0x00000000c0023fec                AcpiRsGetAeiMethodData
                0x00000000c002403f                AcpiRsGetMethodData
                0x00000000c0024090                AcpiRsSetSrsMethodData
 .text          0x00000000c002418b      0x698 acpica/rsxface.32
                0x00000000c00242ca                AcpiGetIrqRoutingTable
                0x00000000c002430d                AcpiGetCurrentResources
                0x00000000c0024350                AcpiGetPossibleResources
                0x00000000c0024393                AcpiSetCurrentResources
                0x00000000c00243f6                AcpiGetEventResources
                0x00000000c0024439                AcpiResourceToAddress64
                0x00000000c002465a                AcpiWalkResourceBuffer
                0x00000000c0024718                AcpiWalkResources
                0x00000000c00247cd                AcpiGetVendorResource
 .text          0x00000000c0024823      0xd8f acpica/tbdata.32
                0x00000000c0024823                AcpiTbInitTableDescriptor
                0x00000000c0024882                AcpiTbAcquireTable
                0x00000000c002490a                AcpiTbReleaseTable
                0x00000000c00249e6                AcpiTbAcquireTempTable
                0x00000000c0024aad                AcpiTbValidateTable
                0x00000000c0024afd                AcpiTbInvalidateTable
                0x00000000c0024b40                AcpiTbReleaseTempTable
                0x00000000c0024b57                AcpiTbValidateTempTable
                0x00000000c0024c3c                AcpiTbVerifyTempTable
                0x00000000c0024e02                AcpiTbResizeRootTableList
                0x00000000c0024fb4                AcpiTbGetNextTableDescriptor
                0x00000000c0025031                AcpiTbTerminate
                0x00000000c00250d1                AcpiTbDeleteNamespaceByOwner
                0x00000000c002518a                AcpiTbAllocateOwnerId
                0x00000000c00251f2                AcpiTbReleaseOwnerId
                0x00000000c002525e                AcpiTbGetOwnerId
                0x00000000c00252c4                AcpiTbIsTableLoaded
                0x00000000c0025328                AcpiTbSetTableLoadedFlag
                0x00000000c00253f4                AcpiTbNotifyTable
                0x00000000c0025420                AcpiTbLoadTable
                0x00000000c00254a9                AcpiTbInstallAndLoadTable
                0x00000000c002551e                AcpiTbUnloadTable
 .text          0x00000000c00255b2      0x8f3 acpica/tbfadt.32
                0x00000000c0025cd4                AcpiTbCreateLocalFadt
                0x00000000c0025d77                AcpiTbParseFadt
 .text          0x00000000c0025ea5      0x27a acpica/tbfind.32
                0x00000000c0025ea5                AcpiTbFindTable
 .text          0x00000000c002611f      0x47b acpica/tbinstal.32
                0x00000000c002611f                AcpiTbUninstallTable
                0x00000000c002618c                AcpiTbOverrideTable
                0x00000000c0026312                AcpiTbInstallTableWithOverride
                0x00000000c00263f2                AcpiTbInstallStandardTable
 .text          0x00000000c002659a      0x2ae acpica/tbprint.32
                0x00000000c002663e                AcpiTbPrintTableHeader
                0x00000000c0026796                AcpiTbChecksum
                0x00000000c00267c8                AcpiTbVerifyChecksum
 .text          0x00000000c0026848      0x609 acpica/tbutils.32
                0x00000000c0026848                AcpiTbInitializeFacs
                0x00000000c00268ec                AcpiTbCheckDsdtHeader
                0x00000000c0026976                AcpiTbCopyDsdt
                0x00000000c0026adb                AcpiTbParseRootTable
                0x00000000c0026d6d                AcpiTbGetTable
                0x00000000c0026dec                AcpiTbPutTable
 .text          0x00000000c0026e51      0x62b acpica/tbxface.32
                0x00000000c0026e51                AcpiAllocateRootTable
                0x00000000c0026e6d                AcpiInitializeTables
                0x00000000c0026f37                AcpiReallocateRootTable
                0x00000000c0027081                AcpiGetTableHeader
                0x00000000c0027201                AcpiGetTable
                0x00000000c00272c2                AcpiPutTable
                0x00000000c0027344                AcpiGetTableByIndex
                0x00000000c00273c4                AcpiInstallTableHandler
                0x00000000c0027426                AcpiRemoveTableHandler
 .text          0x00000000c002747c      0x519 acpica/tbxfload.32
                0x00000000c002747c                AcpiTbLoadNamespace
                0x00000000c002771e                AcpiLoadTables
                0x00000000c00277a3                AcpiInstallTable
                0x00000000c00277f3                AcpiLoadTable
                0x00000000c0027854                AcpiUnloadParentTable
                0x00000000c002796c                AcpiUnloadTable
 .text          0x00000000c0027995      0x2e0 acpica/tbxfroot.32
                0x00000000c0027995                AcpiTbGetRsdpLength
                0x00000000c00279d5                AcpiTbValidateRsdp
                0x00000000c0027a43                AcpiTbScanMemoryForRsdp
                0x00000000c0027a8b                AcpiFindRootPointer
 .text          0x00000000c0027c75      0x31c acpica/utaddress.32
                0x00000000c0027c75                AcpiUtAddAddressRange
                0x00000000c0027d1f                AcpiUtRemoveAddressRange
                0x00000000c0027da6                AcpiUtCheckAddressRange
                0x00000000c0027f37                AcpiUtDeleteAddressLists
 .text          0x00000000c0027f91      0x28d acpica/utalloc.32
                0x00000000c0027f91                AcpiOsAllocateZeroed
                0x00000000c0027fc6                AcpiUtCreateCaches
                0x00000000c002808a                AcpiUtDeleteCaches
                0x00000000c002811e                AcpiUtValidateBuffer
                0x00000000c002816a                AcpiUtInitializeBuffer
 .text          0x00000000c002821e       0xeb acpica/utascii.32
                0x00000000c002821e                AcpiUtValidNameChar
                0x00000000c0028260                AcpiUtValidNameseg
                0x00000000c00282a0                AcpiUtCheckAndRepairAscii
 .text          0x00000000c0028309      0x2b9 acpica/utbuffer.32
                0x00000000c0028309                AcpiUtDumpBuffer
                0x00000000c002858a                AcpiUtDebugDumpBuffer
 .text          0x00000000c00285c2      0x2d4 acpica/utcache.32
                0x00000000c00285c2                AcpiOsCreateCache
                0x00000000c002864a                AcpiOsPurgeCache
                0x00000000c00286ca                AcpiOsDeleteCache
                0x00000000c0028701                AcpiOsReleaseObject
                0x00000000c00287b4                AcpiOsAcquireObject
 .text          0x00000000c0028896      0x6ff acpica/utclib.32
                0x00000000c0028896                memcmp
                0x00000000c00288ee                memmove
                0x00000000c002895b                memcpy
                0x00000000c00289d2                memset
                0x00000000c00289fb                strlen
                0x00000000c0028a1e                strpbrk
                0x00000000c0028a60                strtok
                0x00000000c0028aee                strcpy
                0x00000000c0028b20                strncpy
                0x00000000c0028b74                strcmp
                0x00000000c0028bb6                strchr
                0x00000000c0028bdf                strncmp
                0x00000000c0028c3b                strcat
                0x00000000c0028c7c                strncat
                0x00000000c0028cd8                strstr
                0x00000000c0028d2b                toupper
                0x00000000c0028d51                tolower
                0x00000000c0028d77                simple_strtoul
 .text          0x00000000c0028f95      0xaf8 acpica/utcopy.32
                0x00000000c00292f2                AcpiUtCopyIobjectToEobject
                0x00000000c0029524                AcpiUtCopyEobjectToIobject
                0x00000000c00299f2                AcpiUtCopyIobjectToIobject
 .text          0x00000000c0029a8d        0x0 acpica/utdebug.32
 .text          0x00000000c0029a8d      0x1db acpica/utdecode.32
                0x00000000c0029a8d                AcpiUtGetRegionName
                0x00000000c0029adb                AcpiUtGetEventName
                0x00000000c0029af7                AcpiUtGetTypeName
                0x00000000c0029b13                AcpiUtGetObjectTypeName
                0x00000000c0029b58                AcpiUtGetNodeName
                0x00000000c0029bb3                AcpiUtGetDescriptorName
                0x00000000c0029be6                AcpiUtGetReferenceName
                0x00000000c0029c3b                AcpiUtGetMutexName
                0x00000000c0029c57                AcpiUtValidObjectType
 .text          0x00000000c0029c68      0x83c acpica/utdelete.32
                0x00000000c0029c68                AcpiUtRemoveReference
                0x00000000c002a19f                AcpiUtUpdateObjectReference
                0x00000000c002a436                AcpiUtAddReference
                0x00000000c002a467                AcpiUtDeleteInternalObjectList
 .text          0x00000000c002a4a4      0x28c acpica/uterror.32
                0x00000000c002a4a4                AcpiUtPredefinedWarning
                0x00000000c002a504                AcpiUtPredefinedInfo
                0x00000000c002a564                AcpiUtPredefinedBiosError
                0x00000000c002a5c4                AcpiUtPrefixedNamespaceError
                0x00000000c002a695                AcpiUtMethodError
 .text          0x00000000c002a730      0x323 acpica/uteval.32
                0x00000000c002a730                AcpiUtEvaluateObject
                0x00000000c002a90b                AcpiUtEvaluateNumericObject
                0x00000000c002a958                AcpiUtExecute_STA
                0x00000000c002a9bc                AcpiUtExecutePowerMethods
 .text          0x00000000c002aa53      0x124 acpica/utexcep.32
                0x00000000c002aa53                AcpiUtValidateException
                0x00000000c002ab35                AcpiFormatException
 .text          0x00000000c002ab77        0x0 acpica/utglobal.32
 .text          0x00000000c002ab77       0xea acpica/uthex.32
                0x00000000c002ab77                AcpiUtHexToAsciiChar
                0x00000000c002abc3                AcpiUtAsciiCharToHex
                0x00000000c002abea                AcpiUtAsciiToHexByte
 .text          0x00000000c002ac61      0x4eb acpica/utids.32
                0x00000000c002ac61                AcpiUtExecute_HID
                0x00000000c002ad41                AcpiUtExecute_UID
                0x00000000c002ae21                AcpiUtExecute_CID
                0x00000000c002b01a                AcpiUtExecute_CLS
 .text          0x00000000c002b14c      0x344 acpica/utinit.32
                0x00000000c002b1d4                AcpiUtInitGlobals
                0x00000000c002b433                AcpiUtSubsystemShutdown
 .text          0x00000000c002b490      0x1c7 acpica/utlock.32
                0x00000000c002b490                AcpiUtCreateRwLock
                0x00000000c002b4df                AcpiUtDeleteRwLock
                0x00000000c002b528                AcpiUtAcquireReadLock
                0x00000000c002b5a3                AcpiUtReleaseReadLock
                0x00000000c002b615                AcpiUtAcquireWriteLock
                0x00000000c002b63b                AcpiUtReleaseWriteLock
 .text          0x00000000c002b657      0x210 acpica/utmath.32
                0x00000000c002b657                AcpiUtShortMultiply
                0x00000000c002b6a2                AcpiUtShortShiftLeft
                0x00000000c002b6eb                AcpiUtShortShiftRight
                0x00000000c002b734                AcpiUtShortDivide
                0x00000000c002b7c5                AcpiUtDivide
 .text          0x00000000c002b867      0x2ca acpica/utmisc.32
                0x00000000c002b867                AcpiUtIsPciRootBridge
                0x00000000c002b8a3                AcpiUtDwordByteSwap
                0x00000000c002b8cc                AcpiUtSetIntegerWidth
                0x00000000c002b90d                AcpiUtCreateUpdateStateAndPush
                0x00000000c002b962                AcpiUtWalkPackageTree
 .text          0x00000000c002bb31      0x371 acpica/utmutex.32
                0x00000000c002bb9c                AcpiUtMutexInitialize
                0x00000000c002bcbe                AcpiUtMutexTerminate
                0x00000000c002bd3b                AcpiUtAcquireMutex
                0x00000000c002bdf6                AcpiUtReleaseMutex
 .text          0x00000000c002bea2       0xd0 acpica/utnonansi.32
                0x00000000c002bea2                AcpiUtStrlwr
                0x00000000c002bee2                AcpiUtStrupr
                0x00000000c002bf22                AcpiUtStricmp
 .text          0x00000000c002bf72      0x5ff acpica/utobject.32
                0x00000000c002bf72                AcpiUtValidInternalObject
                0x00000000c002bf96                AcpiUtAllocateObjectDescDbg
                0x00000000c002bfdf                AcpiUtDeleteObjectDesc
                0x00000000c002c034                AcpiUtCreateInternalObjectDbg
                0x00000000c002c0d6                AcpiUtCreatePackageObject
                0x00000000c002c14a                AcpiUtCreateIntegerObject
                0x00000000c002c196                AcpiUtCreateBufferObject
                0x00000000c002c23d                AcpiUtCreateStringObject
                0x00000000c002c528                AcpiUtGetObjectSize
 .text          0x00000000c002c571      0x4f3 acpica/utosi.32
                0x00000000c002c571                AcpiUtInitializeInterfaces
                0x00000000c002c5fb                AcpiUtInterfaceTerminate
                0x00000000c002c6cc                AcpiUtInstallInterface
                0x00000000c002c765                AcpiUtRemoveInterface
                0x00000000c002c83b                AcpiUtUpdateInterfaces
                0x00000000c002c8cc                AcpiUtGetInterface
                0x00000000c002c90f                AcpiUtOsiImplementation
 .text          0x00000000c002ca64      0x246 acpica/utownerid.32
                0x00000000c002ca64                AcpiUtAllocateOwnerId
                0x00000000c002cbc8                AcpiUtReleaseOwnerId
 .text          0x00000000c002ccaa       0xfd acpica/utpredef.32
                0x00000000c002ccaa                AcpiUtGetNextPredefinedMethod
                0x00000000c002ccd4                AcpiUtMatchPredefinedMethod
                0x00000000c002cd27                AcpiUtGetExpectedReturnTypes
 .text          0x00000000c002cda7      0x9ed acpica/utprint.32
                0x00000000c002ced1                AcpiUtScanNumber
                0x00000000c002cf54                AcpiUtPrintNumber
                0x00000000c002d22a                vsnprintf
                0x00000000c002d743                snprintf
                0x00000000c002d76c                sprintf
 .text          0x00000000c002d794        0x0 acpica/utresdecode.32
 .text          0x00000000c002d794      0x3ad acpica/utresrc.32
                0x00000000c002d794                AcpiUtGetResourceType
                0x00000000c002d7b1                AcpiUtGetResourceLength
                0x00000000c002d7e4                AcpiUtValidateResource
                0x00000000c002d977                AcpiUtGetResourceHeaderLength
                0x00000000c002d98b                AcpiUtGetDescriptorLength
                0x00000000c002d9b8                AcpiUtWalkAmlResources
                0x00000000c002daf7                AcpiUtGetResourceEndTag
 .text          0x00000000c002db41      0x1ce acpica/utstate.32
                0x00000000c002db41                AcpiUtPushGenericState
                0x00000000c002db59                AcpiUtPopGenericState
                0x00000000c002db7c                AcpiUtCreateGenericState
                0x00000000c002dba8                AcpiUtCreateThreadState
                0x00000000c002dc2e                AcpiUtCreateUpdateState
                0x00000000c002dc6f                AcpiUtCreatePkgState
                0x00000000c002dcbb                AcpiUtCreateControlState
                0x00000000c002dceb                AcpiUtDeleteGenericState
 .text          0x00000000c002dd0f      0x264 acpica/utstring.32
                0x00000000c002dd0f                AcpiUtPrintString
                0x00000000c002ded8                AcpiUtRepairName
 .text          0x00000000c002df73      0x425 acpica/utstrsuppt.32
                0x00000000c002df73                AcpiUtRemoveLeadingZeros
                0x00000000c002df99                AcpiUtRemoveWhitespace
                0x00000000c002dfce                AcpiUtRemoveHexPrefix
                0x00000000c002e00b                AcpiUtDetectHexPrefix
                0x00000000c002e039                AcpiUtDetectOctalPrefix
                0x00000000c002e21e                AcpiUtConvertOctalString
                0x00000000c002e298                AcpiUtConvertDecimalString
                0x00000000c002e31b                AcpiUtConvertHexString
 .text          0x00000000c002e398      0x238 acpica/utstrtoul64.32
                0x00000000c002e398                AcpiUtStrtoul64
                0x00000000c002e4aa                AcpiUtImplicitStrtoul64
                0x00000000c002e526                AcpiUtExplicitStrtoul64
 .text          0x00000000c002e5d0        0x0 acpica/uttrack.32
 .text          0x00000000c002e5d0        0x0 acpica/utuuid.32
 .text          0x00000000c002e5d0      0x641 acpica/utxface.32
                0x00000000c002e5d0                AcpiTerminate
                0x00000000c002e5ed                AcpiSubsystemStatus
                0x00000000c002e605                AcpiGetSystemInfo
                0x00000000c002e6bb                AcpiGetStatistics
                0x00000000c002e711                AcpiInstallInitializationHandler
                0x00000000c002e740                AcpiPurgeCachedObjects
                0x00000000c002e791                AcpiInstallInterface
                0x00000000c002e852                AcpiRemoveInterface
                0x00000000c002e8c6                AcpiInstallInterfaceHandler
                0x00000000c002e92a                AcpiUpdateInterfaces
                0x00000000c002e987                AcpiCheckAddressRange
                0x00000000c002e9f7                AcpiDecodePldBuffer
 .text          0x00000000c002ec11      0x245 acpica/utxferror.32
                0x00000000c002ec11                AcpiError
                0x00000000c002ec5a                AcpiException
                0x00000000c002ecca                AcpiWarning
                0x00000000c002ed13                AcpiInfo
                0x00000000c002ed54                AcpiBiosError
                0x00000000c002ed9d                AcpiBiosException
                0x00000000c002ee0d                AcpiBiosWarning
 .text          0x00000000c002ee56      0x218 acpica/utxfinit.32
                0x00000000c002ee56                AcpiInitializeSubsystem
                0x00000000c002ef54                AcpiEnableSubsystem
                0x00000000c002f01f                AcpiInitializeObjects
 .text          0x00000000c002f06e      0x129 acpica/utxfmutex.32
                0x00000000c002f102                AcpiAcquireMutex
                0x00000000c002f153                AcpiReleaseMutex
 .text          0x00000000c002f197      0xf4f core/malloc.32
                0x00000000c002f308                dlfree
                0x00000000c002f3f8                dlmalloc
                0x00000000c002fb45                dlrealloc
                0x00000000c002fcfa                dlmemalign
                0x00000000c002fe1d                dlcalloc
                0x00000000c002feb7                dlcfree
                0x00000000c002febc                dlindependent_calloc
                0x00000000c002fee1                dlindependent_comalloc
                0x00000000c002fef8                dlvalloc
                0x00000000c002ff1e                dlpvalloc
                0x00000000c002ff4f                dlmalloc_trim
                0x00000000c002ff57                dlmalloc_usable_size
                0x00000000c002ff88                dlmallinfo
                0x00000000c0030050                dlmalloc_stats
                0x00000000c0030061                dlmallopt
 .text          0x00000000c00300e6        0x0 libk/string.32
 .text          0x00000000c00300e6       0x51 fs/fat/diskio.32
                0x00000000c00300e6                disk_status
                0x00000000c00300e9                disk_initialize
                0x00000000c00300ec                disk_read
                0x00000000c0030102                disk_write
                0x00000000c0030118                disk_ioctl
 .text          0x00000000c0030137     0x66ce fs/fat/ff.32
                0x00000000c0032ddd                f_mount
                0x00000000c0032e3f                f_open
                0x00000000c0033295                f_read
                0x00000000c00334e7                f_write
                0x00000000c0033776                f_sync
                0x00000000c003397b                f_close
                0x00000000c00339aa                f_lseek
                0x00000000c0033e88                f_opendir
                0x00000000c0033f8a                f_closedir
                0x00000000c0033fac                f_readdir
                0x00000000c0034047                f_stat
                0x00000000c00340d6                f_getfree
                0x00000000c0034291                f_truncate
                0x00000000c0034389                f_unlink
                0x00000000c003450c                f_mkdir
                0x00000000c003471a                f_rename
                0x00000000c00349f6                f_chmod
                0x00000000c0034ad4                f_utime
                0x00000000c0034bb2                f_getlabel
                0x00000000c0034d51                f_setlabel
                0x00000000c0034fa1                f_forward
                0x00000000c0035178                f_mkfs
 .text          0x00000000c0036805        0xa fs/fat/ffsystem.32
                0x00000000c0036805                ff_memalloc
                0x00000000c003680a                ff_memfree
 .text          0x00000000c003680f      0x147 fs/fat/ffunicode.32
                0x00000000c003680f                ff_uni2oem
                0x00000000c0036859                ff_oem2uni
                0x00000000c0036886                ff_wtoupper
 .text          0x00000000c0036956      0x71d hal/libresample/samplerate.32
                0x00000000c0036956                src_delete
                0x00000000c0036992                src_process
                0x00000000c0036adb                src_callback_read
                0x00000000c0036c64                src_set_ratio
                0x00000000c0036cc4                src_get_channels
                0x00000000c0036ce6                src_reset
                0x00000000c0036d2a                src_new
                0x00000000c0036def                src_callback_new
                0x00000000c0036e51                src_get_name
                0x00000000c0036e88                src_get_description
                0x00000000c0036ebf                src_get_version
                0x00000000c0036ec5                src_is_valid_ratio
                0x00000000c0036eed                src_error
                0x00000000c0036efb                src_strerror
                0x00000000c0036f0e                src_simple
                0x00000000c0036f61                src_short_to_float_array
                0x00000000c0036f87                src_float_to_short_array
                0x00000000c0036feb                src_int_to_float_array
                0x00000000c0037011                src_float_to_int_array
 .text          0x00000000c0037073      0x3c9 hal/libresample/src_linear.32
                0x00000000c0037397                linear_get_name
                0x00000000c00373a6                linear_get_description
                0x00000000c00373b5                linear_set_converter
 .text          0x00000000c003743c     0x1a92 hal/libresample/src_sinc.32
                0x00000000c0038cde                sinc_get_name
                0x00000000c0038cf1                sinc_get_description
                0x00000000c0038d04                sinc_set_converter
 .text          0x00000000c0038ece      0x397 hal/libresample/src_zoh.32
                0x00000000c00391c0                zoh_get_name
                0x00000000c00391cf                zoh_get_description
                0x00000000c00391de                zoh_set_converter
 .text          0x00000000c0039265      0xa5c acpica/osl.32
                0x00000000c0039265                Subhandler
                0x00000000c0039272                isalnum
                0x00000000c0039298                isalpha
                0x00000000c00392ac                isblank
                0x00000000c00392c4                iscntrl
                0x00000000c00392dc                isdigit
                0x00000000c00392ed                islower
                0x00000000c00392fe                ispunct
                0x00000000c0039337                isgraph
                0x00000000c0039366                isprint
                0x00000000c0039384                isspace
                0x00000000c00393a5                isupper
                0x00000000c00393b6                isxdigit
                0x00000000c00393d8                AcpiOsInitialize
                0x00000000c00393db                AcpiOsTerminate
                0x00000000c00393de                AcpiOsGetRootPointer
                0x00000000c0039407                AcpiOsPredefinedOverride
                0x00000000c0039426                AcpiOsTableOverride
                0x00000000c0039433                AcpiOsPhysicalTableOverride
                0x00000000c0039447                AcpiOsReadPort
                0x00000000c0039489                AcpiOsWritePort
                0x00000000c00394b7                AcpiOsGetTimer
                0x00000000c00394d3                AcpiOsWaitEventsComplete
                0x00000000c00394e4                AcpiOsReadPciConfiguration
                0x00000000c0039555                AcpiOsWritePciConfiguration
                0x00000000c00395d0                AcpiOsSignal
                0x00000000c00395ff                AcpiOsReadMemory
                0x00000000c0039683                AcpiOsEnterSleep
                0x00000000c0039686                AcpiOsWriteMemory
                0x00000000c00396e7                AcpiOsMapMemory
                0x00000000c00397a3                AcpiOsUnmapMemory
                0x00000000c00397a4                AcpiOsGetPhysicalAddress
                0x00000000c00397cc                AcpiOsAllocate
                0x00000000c00397d1                AcpiOsFree
                0x00000000c00397d6                AcpiOsReadable
                0x00000000c00397e9                AcpiOsWritable
                0x00000000c00397fc                AcpiOsGetThreadId
                0x00000000c0039804                AcpiOsExecute
                0x00000000c0039817                AcpiOsSleep
                0x00000000c0039837                AcpiOsStall
                0x00000000c0039884                AcpiOsCreateSemaphore
                0x00000000c00398b1                AcpiOsDeleteSemaphore
                0x00000000c00398c5                AcpiOsWaitSemaphore
                0x00000000c003994f                AcpiOsSignalSemaphore
                0x00000000c0039975                AcpiOsCreateLock
                0x00000000c0039991                AcpiOsDeleteLock
                0x00000000c0039992                AcpiOsAcquireLock
                0x00000000c0039997                AcpiOsReleaseLock
                0x00000000c003999c                AcpiOsInstallInterruptHandler
                0x00000000c00399dc                AcpiOsRemoveInterruptHandler
                0x00000000c00399ef                __i__int_str
                0x00000000c0039c4e                __i_displayCharacter
                0x00000000c0039c6d                __i_displayString
                0x00000000c0039cbc                __i_internal_printf
                0x00000000c0039cbf                AcpiOsVprintf
                0x00000000c0039cc0                AcpiOsPrintf
 *fill*         0x00000000c0039cc1        0x1 
 .text          0x00000000c0039cc2      0x65d core/computer.32
                0x00000000c0039cc2                Computer::close(int, int, void*)
                0x00000000c0039d06                Computer::Computer()
                0x00000000c0039d06                Computer::Computer()
                0x00000000c0039d94                Computer::setBootMessage(char const*)
                0x00000000c0039d96                Computer::start()
                0x00000000c0039f03                firstTask()
                0x00000000c0039f12                Computer::detectFeatures()
                0x00000000c003a0ec                Computer::open(int, int, void*)
                0x00000000c003a1b4                Computer::displayFeatures()
                0x00000000c003a1b6                Computer::rdmsr(unsigned int)
                0x00000000c003a1e2                Computer::wrmsr(unsigned int, unsigned long long)
                0x00000000c003a21a                Computer::nmiEnabled()
                0x00000000c003a226                Computer::enableNMI(bool)
                0x00000000c003a244                Computer::disableNMI()
                0x00000000c003a256                Computer::readCMOS(unsigned char)
                0x00000000c003a270                Computer::writeCMOS(unsigned char, unsigned char)
                0x00000000c003a28e                Computer::handleNMI()
                0x00000000c003a2f4                Computer::setDiskActivityLight(int, bool)
 .text          0x00000000c003a31f      0xe6e core/elf.32
                0x00000000c003a31f                allocateMemoryForTask(Process*, File*, unsigned long, unsigned long, unsigned long)
                0x00000000c003a5a9                loadProgramIntoMemory(Process*, char const*)
                0x00000000c003a7ce                runtimeReferenceHelper()
                0x00000000c003a7e1                getAddressOfKernelSymbol(char const*)
                0x00000000c003a830                loadKernelSymbolTable(char const*)
                0x00000000c003aaf4                loadDriverIntoMemory(char const*, unsigned long)
                0x00000000c003b0b6                loadDLL(char const*)
                0x00000000c003b17f                executeDLL(unsigned long, void*)
 *fill*         0x00000000c003b18d        0x1 
 .text          0x00000000c003b18e      0x117 core/gdt.32
                0x00000000c003b18e                GDTEntry::setBase(unsigned int)
                0x00000000c003b1aa                GDTEntry::setLimit(unsigned int)
                0x00000000c003b1c8                GDT::GDT()
                0x00000000c003b1c8                GDT::GDT()
                0x00000000c003b1d4                GDT::addEntry(GDTEntry)
                0x00000000c003b210                GDT::getNumberOfEntries()
                0x00000000c003b218                GDT::flush()
                0x00000000c003b23a                GDT::setup()
 .text          0x00000000c003b2a5       0x75 core/idle.32
                0x00000000c003b2a5                idleFunction(void*)
 .text          0x00000000c003b31a      0x427 core/idt.32
                0x00000000c003b31a                IDTEntry::IDTEntry(bool)
                0x00000000c003b31a                IDTEntry::IDTEntry(bool)
                0x00000000c003b346                IDTEntry::setOffset(unsigned int)
                0x00000000c003b35a                IDT::IDT()
                0x00000000c003b35a                IDT::IDT()
                0x00000000c003b35c                IDT::getPointerToInvalidOpcodeEntryForF00F()
                0x00000000c003b364                IDT::addEntry(IDTEntry, int)
                0x00000000c003b37e                IDT::addEntry(int, void (*)(), bool)
                0x00000000c003b3c0                IDT::flush()
                0x00000000c003b3da                IDT::setup()
 .text          0x00000000c003b741      0x665 core/kconsole.32
                0x00000000c003b741                stringifyxWithBase(unsigned int, char*, int)
                0x00000000c003b7a2                logc(char)
                0x00000000c003b7b9                logs(char*)
                0x00000000c003b7e7                logWriteInt(unsigned int)
                0x00000000c003b878                logWriteIntBase(unsigned int, int)
                0x00000000c003b8fe                kprintf(char const*, ...)
                0x00000000c003ba5c                panic(char const*)
 .text          0x00000000c003bda6      0x1e4 core/kheap.32
                0x00000000c003bda6                sbrk
                0x00000000c003be95                mmap
                0x00000000c003beab                munmap
                0x00000000c003bec1                liballoc_lock()
                0x00000000c003bed2                liballoc_unlock()
                0x00000000c003bee3                liballoc_alloc(int)
                0x00000000c003befe                liballoc_free(void*, int)
                0x00000000c003bf1c                realloc
                0x00000000c003bf30                malloc
                0x00000000c003bf40                free
                0x00000000c003bf50                rfree
                0x00000000c003bf60                calloc
 .text          0x00000000c003bf8a      0x3d8 core/main.32
                0x00000000c003bf8a                hwTextMode_loadInData(VgaText*)
                0x00000000c003bfcf                hwTextMode_loadInTitle(VgaText*, char*)
                0x00000000c003c011                hwTextMode_update(VgaText*)
                0x00000000c003c012                hwTextMode_updateCursor(VgaText*)
                0x00000000c003c05a                hwTextMode_scrollScreen(VgaText*)
                0x00000000c003c0e0                hwTextMode_writeCharacter(VgaText*, char, VgaColour, VgaColour, int, int)
                0x00000000c003c13e                hwTextMode_showCursor(VgaText*, bool)
                0x00000000c003c192                hwTextMode_disableBlink(VgaText*, bool)
                0x00000000c003c1ce                setupTextMode()
                0x00000000c003c21f                kernel_main
 .text          0x00000000c003c362      0x510 core/physmgr.32
                0x00000000c003c362                PhysMem::allocateDMA(unsigned long)
                0x00000000c003c405                PhysMem::freeDMA(unsigned long, unsigned long)
                0x00000000c003c44d                PhysMem::setPageState(unsigned long, bool)
                0x00000000c003c47f                PhysMem::getPageState(unsigned long)
                0x00000000c003c49b                PhysMem::freePage(unsigned long)
                0x00000000c003c547                PhysMem::allocatePage()
                0x00000000c003c625                PhysMem::allowSegmentToBeUsed(unsigned long, unsigned long)
                0x00000000c003c670                PhysMem::physicalMemorySetup(unsigned int)
 .text          0x00000000c003c872      0x235 core/pipe.32
                0x00000000c003c872                Pipe::isAtty()
                0x00000000c003c876                Pipe::~Pipe()
                0x00000000c003c876                Pipe::~Pipe()
                0x00000000c003c886                Pipe::~Pipe()
                0x00000000c003c8aa                Pipe::read(unsigned long long, void*, int*)
                0x00000000c003c99e                Pipe::write(unsigned long long, void*, int*)
                0x00000000c003ca66                Pipe::Pipe(int)
                0x00000000c003ca66                Pipe::Pipe(int)
 *fill*         0x00000000c003caa7        0x1 
 .text          0x00000000c003caa8     0x16ac core/prcssthr.32
                0x00000000c003caa8                userModeEntryPoint(void*)
                0x00000000c003cace                changeTSS
                0x00000000c003cafc                Process::createThread(void (*)(void*), void*, int)
                0x00000000c003cc5c                Process::createUserThread()
                0x00000000c003cc78                Process::addArgs(char**)
                0x00000000c003ccd2                Process::Process(char const*, Process*, char**)
                0x00000000c003ccd2                Process::Process(char const*, Process*, char**)
                0x00000000c003ce24                Process::Process(bool, char const*, Process*, char**)
                0x00000000c003ce24                Process::Process(bool, char const*, Process*, char**)
                0x00000000c003cf5e                setupMultitasking(void (*)())
                0x00000000c003d0ff                disableIRQs()
                0x00000000c003d107                getIRQNestingLevel()
                0x00000000c003d10d                enableIRQs()
                0x00000000c003d11c                lockScheduler()
                0x00000000c003d11e                unlockScheduler()
                0x00000000c003d12d                lockStuff()
                0x00000000c003d13b                taskStartupFunction
                0x00000000c003d144                updateTimeUsed()
                0x00000000c003d1d8                switchToThread(ThreadControlBlock*)
                0x00000000c003d1f3                schedule()
                0x00000000c003d3e0                unlockStuff()
                0x00000000c003d41c                forkProcess(regs*)
                0x00000000c003d61d                blockTaskWithSchedulerLockAlreadyHeld(TaskState)
                0x00000000c003d66b                blockTask(TaskState)
                0x00000000c003d698                waitTask(int, int*, int)
                0x00000000c003d7a9                execveProcess(char const*, char* const*, char* const*)
                0x00000000c003d855                unblockTask(ThreadControlBlock*)
                0x00000000c003d940                cleanupTerminatedTask(ThreadControlBlock*)
                0x00000000c003dcf9                cleanerTaskFunction(void*)
                0x00000000c003de1f                terminateTask(int)
                0x00000000c003df2a                nanoSleepUntil(unsigned long long)
                0x00000000c003df48                nanoSleep(unsigned long long)
                0x00000000c003df74                sleep(unsigned long long)
                0x00000000c003dfab                taskReturned
                0x00000000c003dff2                Semaphore::Semaphore(int)
                0x00000000c003dff2                Semaphore::Semaphore(int)
                0x00000000c003e012                Semaphore::tryAcquire()
                0x00000000c003e048                Semaphore::assertLocked(char const*)
                0x00000000c003e084                Semaphore::acquire()
                0x00000000c003e0f4                Semaphore::release()
                0x00000000c003e134                Mutex::Mutex()
                0x00000000c003e134                Mutex::Mutex()
 .text          0x00000000c003e154      0xe16 core/syscalls.32
                0x00000000c003e154                sysCallGetPID(regs*)
                0x00000000c003e160                sysCallSeekDir(regs*)
                0x00000000c003e165                sysCallVerify(regs*)
                0x00000000c003e16f                sysCallGetArgc(regs*)
                0x00000000c003e17f                sysFormatDisk(regs*)
                0x00000000c003e1e9                sysSetDiskVolumeLabel(regs*)
                0x00000000c003e22f                sysGetDiskVolumeLabel(regs*)
                0x00000000c003e280                sysCallWrite(regs*)
                0x00000000c003e2ee                sysCallRead(regs*)
                0x00000000c003e35c                sysCallReadDir(regs*)
                0x00000000c003e3cb                sysCallIsATTY(regs*)
                0x00000000c003e41e                sysCallGetCwd(regs*)
                0x00000000c003e43d                sysCallSetCwd(regs*)
                0x00000000c003e459                sysCallRealpath(regs*)
                0x00000000c003e49c                sysCallSeek(regs*)
                0x00000000c003e4ed                sysCallTell(regs*)
                0x00000000c003e539                sysCallSizeFromFilename(regs*)
                0x00000000c003e5b2                sysCallSize(regs*)
                0x00000000c003e604                sysCallClose(regs*)
                0x00000000c003e652                sysCallMakeDir(regs*)
                0x00000000c003e6ab                sysCallCloseDir(regs*)
                0x00000000c003e6f9                sysCallWait(regs*)
                0x00000000c003e713                sysCallFork(regs*)
                0x00000000c003e72f                sysCallExecve(regs*)
                0x00000000c003e784                sysCallRmdir(regs*)
                0x00000000c003e7d6                sysCallUnlink(regs*)
                0x00000000c003e7d8                sysCallGetArgv(regs*)
                0x00000000c003e824                sysCallUSleep(regs*)
                0x00000000c003e84b                sysAppSettings(regs*)
                0x00000000c003e96a                sysSetFatAttrib(regs*)
                0x00000000c003e9ca                sysPanic(regs*)
                0x00000000c003e9f0                sysPipe(regs*)
                0x00000000c003ea35                sysGetUnixTime(regs*)
                0x00000000c003ea49                sysShutdown(regs*)
                0x00000000c003ea91                sysCallOpen(regs*)
                0x00000000c003eb81                sysCallOpenDir(regs*)
                0x00000000c003ebee                sysCallTTYName(regs*)
                0x00000000c003ec6a                sysCallGetEnv(regs*)
                0x00000000c003ecbc                sysCallSpawn(regs*)
                0x00000000c003ed2c                sysCallTellDir(regs*)
                0x00000000c003ed31                string_ends_with(char const*, char const*)
                0x00000000c003ed79                setupSystemCalls()
                0x00000000c003ef28                systemCall(regs*, void*)
 .text          0x00000000c003ef6a      0xe4b core/terminal.32
                0x00000000c003ef6a                VgaText::isAtty()
                0x00000000c003ef6e                VgaText::~VgaText()
                0x00000000c003ef6e                VgaText::~VgaText()
                0x00000000c003ef7e                VgaText::~VgaText()
                0x00000000c003efa4                VgaText::read(unsigned long long, void*, int*)
                0x00000000c003efc4                setTerminalScrollLock(bool)
                0x00000000c003efc5                addToTerminalCycle(VgaText*)
                0x00000000c003eff2                installVgaTextImplementation()
                0x00000000c003f007                scrollTerminalScrollLock(int)
                0x00000000c003f008                VgaText::load()
                0x00000000c003f05c                VgaText::writeCharacter(char, VgaColour, VgaColour, int, int)
                0x00000000c003f0b0                VgaText::updateCursor()
                0x00000000c003f0ca                VgaText::scrollScreen()
                0x00000000c003f15c                VgaText::showCursor(bool)
                0x00000000c003f16c                VgaText::disableBlink(bool)
                0x00000000c003f1a6                setActiveTerminal(VgaText*)
                0x00000000c003f23b                doTerminalCycle()
                0x00000000c003f258                VgaText::doANSI_SGR(int)
                0x00000000c003f2e4                VgaText::setDefaultBgColour(VgaColour)
                0x00000000c003f2fa                VgaText::setDefaultFgColour(VgaColour)
                0x00000000c003f310                VgaText::setDefaultColours(VgaColour, VgaColour)
                0x00000000c003f336                VgaText::combineColours(unsigned char, unsigned char)
                0x00000000c003f348                VgaText::combineCharAndColour(char, unsigned char)
                0x00000000c003f35a                VgaText::getCursorX()
                0x00000000c003f366                VgaText::getCursorY()
                0x00000000c003f372                VgaText::setCursor(int, int)
                0x00000000c003f390                VgaText::setCursorX(int)
                0x00000000c003f3a4                VgaText::setCursorY(int)
                0x00000000c003f3b8                VgaText::incrementCursor(bool)
                0x00000000c003f420                VgaText::updateRAMUsageDisplay(int)
                0x00000000c003f456                VgaText::updateDiskUsage()
                0x00000000c003f58e                VgaText::updateTitle()
                0x00000000c003f5d4                VgaText::setTitleTextColour(VgaColour)