Archive member included to satisfy reference by file (symbol)

/cygdrive/d/Users/Alex/Desktop/Toolchain/Output/bin/../lib/gcc/i386-banana/8.1.0/libkgcc.a(_divdi3.o)
                              krnl/resolve.32 (__divdi3)
/cygdrive/d/Users/Alex/Desktop/Toolchain/Output/bin/../lib/gcc/i386-banana/8.1.0/libkgcc.a(_moddi3.o)
                              krnl/resolve.32 (__moddi3)
/cygdrive/d/Users/Alex/Desktop/Toolchain/Output/bin/../lib/gcc/i386-banana/8.1.0/libkgcc.a(_udivdi3.o)
                              hal/clock.32 (__udivdi3)
/cygdrive/d/Users/Alex/Desktop/Toolchain/Output/bin/../lib/gcc/i386-banana/8.1.0/libkgcc.a(_umoddi3.o)
                              core/pipe.32 (__umoddi3)

Allocating common symbols
Common symbol       size              file

dcache              0x40              fs/iso9660/iso9660.32
cdDriveLetter       0x1               fs/iso9660/iso9660.32
icache              0x40              fs/iso9660/iso9660.32

Discarded input sections

 .comment       0x0000000000000000       0x12 /cygdrive/d/Users/Alex/Desktop/Toolchain/Output/bin/../lib/gcc/i386-banana/8.1.0/crtbegin.o
 .comment       0x0000000000000000       0x12 acpica/utclib.32
 .comment       0x0000000000000000       0x12 core/malloc.32
 .comment       0x0000000000000000       0x12 libk/ctype.32
 .comment       0x0000000000000000       0x12 libk/string.32
 .comment       0x0000000000000000       0x12 fs/fat/diskio.32
 .comment       0x0000000000000000       0x12 fs/fat/ff.32
 .comment       0x0000000000000000       0x12 fs/fat/ffsystem.32
 .comment       0x0000000000000000       0x12 fs/fat/ffunicode.32
 .comment       0x0000000000000000       0x12 fs/iso9660/iso9660.32
 .group         0x0000000000000000       0x14 core/computer.32
 .group         0x0000000000000000        0xc core/computer.32
 .comment       0x0000000000000000       0x12 core/computer.32
 .comment       0x0000000000000000       0x12 core/gdt.32
 .group         0x0000000000000000        0xc core/idle.32
 .comment       0x0000000000000000       0x12 core/idle.32
 .comment       0x0000000000000000       0x12 core/idt.32
 .comment       0x0000000000000000       0x12 core/kheap.32
 .comment       0x0000000000000000       0x12 core/main.32
 .comment       0x0000000000000000       0x12 core/physmgr.32
 .group         0x0000000000000000        0xc core/pipe.32
 .comment       0x0000000000000000       0x12 core/pipe.32
 .group         0x0000000000000000        0xc core/terminal.32
 .comment       0x0000000000000000       0x12 core/terminal.32
 .comment       0x0000000000000000       0x12 core/tss.32
 .group         0x0000000000000000        0xc core/unixfile.32
 .group         0x0000000000000000        0xc core/unixfile.32
 .group         0x0000000000000000        0xc core/unixfile.32
 .group         0x0000000000000000        0xc core/unixfile.32
 .group         0x0000000000000000        0xc core/unixfile.32
 .group         0x0000000000000000        0xc core/unixfile.32
 .group         0x0000000000000000        0xc core/unixfile.32
 .group         0x0000000000000000        0xc core/unixfile.32
 .comment       0x0000000000000000       0x12 core/unixfile.32
 .comment       0x0000000000000000       0x12 core/virtmgr.32
 .comment       0x0000000000000000       0x12 coreobjs/c++.32
 .comment       0x0000000000000000       0x12 dbg/kconsole.32
 .comment       0x0000000000000000       0x12 dbg/usban.32
 .group         0x0000000000000000        0xc fs/vfs.32
 .group         0x0000000000000000        0xc fs/vfs.32
 .group         0x0000000000000000        0xc fs/vfs.32
 .comment       0x0000000000000000       0x12 fs/vfs.32
 .group         0x0000000000000000        0xc hal/bus.32
 .comment       0x0000000000000000       0x12 hal/bus.32
 .comment       0x0000000000000000       0x12 hal/buzzer.32
 .group         0x0000000000000000        0xc hal/clock.32
 .comment       0x0000000000000000       0x12 hal/clock.32
 .group         0x0000000000000000       0x14 hal/device.32
 .group         0x0000000000000000        0xc hal/device.32
 .group         0x0000000000000000        0xc hal/device.32
 .group         0x0000000000000000        0xc hal/device.32
 .group         0x0000000000000000        0xc hal/device.32
 .comment       0x0000000000000000       0x12 hal/device.32
 .group         0x0000000000000000        0xc hal/diskctrl.32
 .comment       0x0000000000000000       0x12 hal/diskctrl.32
 .group         0x0000000000000000        0xc hal/diskphys.32
 .comment       0x0000000000000000       0x12 hal/diskphys.32
 .comment       0x0000000000000000       0x12 hal/fpu.32
 .comment       0x0000000000000000       0x12 hal/intctrl.32
 .group         0x0000000000000000        0xc hal/keybrd.32
 .comment       0x0000000000000000       0x12 hal/keybrd.32
 .group         0x0000000000000000        0xc hal/logidisk.32
 .comment       0x0000000000000000       0x12 hal/logidisk.32
 .group         0x0000000000000000        0xc hal/mouse.32
[...]
Memory Configuration

Name             Origin             Length             Attributes
*default*        0x0000000000000000 0xffffffffffffffff

Linker script and memory map

LOAD D:/Users/Alex/Desktop/Banana/kernel/boot.32
LOAD crti.32
LOAD /cygdrive/d/Users/Alex/Desktop/Toolchain/Output/bin/../lib/gcc/i386-banana/8.1.0/crtbegin.o
LOAD D:/Users/Alex/Desktop/Banana/kernel/morenasm.32
LOAD acpica/utclib.32
LOAD core/malloc.32
LOAD libk/ctype.32
LOAD libk/string.32
LOAD fs/fat/diskio.32
LOAD fs/fat/ff.32
LOAD fs/fat/ffsystem.32
LOAD fs/fat/ffunicode.32
LOAD fs/iso9660/iso9660.32
LOAD core/computer.32
LOAD core/gdt.32
LOAD core/idle.32
LOAD core/idt.32
LOAD core/kheap.32
LOAD core/main.32
LOAD core/physmgr.32
LOAD core/pipe.32
LOAD core/terminal.32
LOAD core/tss.32
LOAD core/unixfile.32
LOAD core/virtmgr.32
LOAD coreobjs/c++.32
LOAD dbg/kconsole.32
LOAD dbg/usban.32
LOAD fs/vfs.32
LOAD hal/bus.32
LOAD hal/buzzer.32
LOAD hal/clock.32
LOAD hal/device.32
LOAD hal/diskctrl.32
LOAD hal/diskphys.32
LOAD hal/fpu.32
LOAD hal/intctrl.32
LOAD hal/keybrd.32
LOAD hal/logidisk.32
LOAD hal/mouse.32
LOAD hal/nic.32
LOAD hal/partition.32
LOAD hal/serial.32
LOAD hal/timer.32
LOAD hal/vcache.32
LOAD hal/video.32
LOAD hw/acpi.32
LOAD hw/cpu.32
LOAD krnl/bootmsg.32
LOAD krnl/env.32
LOAD krnl/inlines.32
LOAD krnl/panic.32
LOAD krnl/powctrl.32
LOAD krnl/random.32
LOAD krnl/resolve.32
LOAD krnl/signal.32
LOAD krnl/syscalls.32
LOAD net/ethernet.32
LOAD reg/cm.32
LOAD reg/registry.32
LOAD sys/eject.32
LOAD sys/exit.32
LOAD sys/getcwd.32
LOAD sys/getpid.32
LOAD sys/getramdata.32
LOAD sys/getvgaptr.32
LOAD sys/kill.32
LOAD sys/loaddll.32
LOAD sys/read.32
LOAD sys/registersignal.32
LOAD sys/registry.32
LOAD sys/sbrk.32
LOAD sys/setcwd.32
LOAD sys/settime.32
LOAD sys/timezone.32
LOAD sys/write.32
LOAD sys/wsbe.32
LOAD sys/yield.32
LOAD thr/elf.32
LOAD thr/prcssthr.32
LOAD vm86/vm8086.32
LOAD arch/i386/hal.32
LOAD arch/i386/pic.32
LOAD arch/i386/rtc.32
LOAD arch/i386/vga.32
LOAD fs/fat/vfslink.32
LOAD fs/iso9660/helper.32
LOAD fs/iso9660/vfslink.32
LOAD hal/sound/sndcard.32
LOAD hal/sound/sndport.32
LOAD hw/bus/isa.32
LOAD hw/bus/pci.32
LOAD hw/diskctrl/ide.32
LOAD hw/diskctrl/satabus.32
LOAD hw/diskphys/ata.32
LOAD hw/diskphys/atapi.32
LOAD hw/diskphys/sata.32
LOAD hw/diskphys/satapi.32
LOAD hw/intctrl/apic.32
LOAD hw/timer/apictimer.32
LOAD hw/timer/pit.32
LOAD arch/i386/avx.32
LOAD arch/i386/interrupt.32
LOAD arch/i386/rdrand.32
LOAD arch/i386/sse.32
LOAD arch/i386/x87.32
LOAD /cygdrive/d/Users/Alex/Desktop/Toolchain/Output/bin/../lib/gcc/i386-banana/8.1.0/crtend.o
LOAD crtn.32
LOAD /cygdrive/d/Users/Alex/Desktop/Toolchain/Output/bin/../lib/gcc/i386-banana/8.1.0/libkgcc.a
LOAD D:/Users/Alex/Desktop/Banana/kernel/libsoftfp.a
LOAD D:/Users/Alex/Desktop/Banana/kernel/libk/libm32.a
                0x00000000c0000000                . = 0xc0000000

.text           0x00000000c0000000    0x70bba
 *(.text)
 .text          0x00000000c0000000       0x20 D:/Users/Alex/Desktop/Banana/kernel/boot.32
 .text          0x00000000c0000020        0x0 crti.32
 .text          0x00000000c0000020      0x101 /cygdrive/d/Users/Alex/Desktop/Toolchain/Output/bin/../lib/gcc/i386-banana/8.1.0/crtbegin.o
 *fill*         0x00000000c0000121        0xf 
 .text          0x00000000c0000130      0x24f D:/Users/Alex/Desktop/Banana/kernel/morenasm.32
                0x00000000c0000130                manualPCIProbe
                0x00000000c000017b                prepareTramp
                0x00000000c0000194                doTPAUSE
                0x00000000c000019e                hasLegacyFPU
                0x00000000c00001c3                is486
                0x00000000c00001f9                detectCPUID
                0x00000000c000020f                goToVM86
                0x00000000c000023f                goToUsermode
                0x00000000c0000269                switchToThreadASMFirstTime
                0x00000000c0000277                switchToThreadASM
                0x00000000c00002fc                asmQuickAcquireLock
                0x00000000c000031a                asmQuickReleaseLock
                0x00000000c0000326                asmAcquireLock
                0x00000000c0000347                asmReleaseLock
                0x00000000c000035a                loadGDT
                0x00000000c000037a                memcpy
 *fill*         0x00000000c000037f        0x1 
 .text          0x00000000c0000380     0x1d37 acpica/utclib.32
                0x00000000c0000380                memcmp
                0x00000000c0000520                memmove
                0x00000000c00007a0                memset
                0x00000000c0000830                strlen
                0x00000000c00008d0                strpbrk
                0x00000000c0000a50                strtok
                0x00000000c0000b70                strcpy
                0x00000000c0000cb0                strncpy
                0x00000000c0000ff0                strcmp
                0x00000000c0001190                strchr
                0x00000000c0001240                strncmp
                0x00000000c0001430                strcat
                0x00000000c0001590                strncat
                0x00000000c0001770                strstr
                0x00000000c0001800                toupper
                0x00000000c0001890                tolower
                0x00000000c0001920                simple_strtoul
 .text          0x00000000c00020b7     0x4f41 core/malloc.32
                0x00000000c0002bae                dlfree
                0x00000000c0003b72                dlmalloc
                0x00000000c00056d7                dlrealloc
                0x00000000c0006202                dlmemalign
                0x00000000c00066d2                dlcalloc
                0x00000000c00069c0                dlcfree
                0x00000000c00069c5                dlindependent_calloc
                0x00000000c00069ea                dlindependent_comalloc
                0x00000000c0006a01                dlvalloc
                0x00000000c0006a2c                dlpvalloc
                0x00000000c0006a62                dlmalloc_trim
                0x00000000c0006a75                dlmalloc_usable_size
                0x00000000c0006b9d                dlmallinfo
                0x00000000c0006f58                dlmalloc_stats
                0x00000000c0006f6c                dlmallopt
 .text          0x00000000c0006ff8      0x1f2 libk/ctype.32
                0x00000000c0006ff8                isblank
                0x00000000c0007018                iscntrl
                0x00000000c0007038                isdigit
                0x00000000c0007054                islower
                0x00000000c0007070                isspace
                0x00000000c0007098                isupper
                0x00000000c00070b4                isalpha
                0x00000000c00070e4                isalnum
                0x00000000c0007114                ispunct
                0x00000000c0007154                isgraph
                0x00000000c0007184                isprint
                0x00000000c00071ac                isxdigit
 .text          0x00000000c00071ea        0x0 libk/string.32
 .text          0x00000000c00071ea      0x1c8 fs/fat/diskio.32
                0x00000000c00071ea                disk_status
                0x00000000c00071ed                disk_initialize
                0x00000000c00071f0                disk_read
                0x00000000c000728b                disk_write
                0x00000000c0007326                disk_ioctl
 .text          0x00000000c00073b2     0xc2a5 fs/fat/ff.32
                0x00000000c000dbe3                f_mount
                0x00000000c000dd5d                f_open
                0x00000000c000e4f6                f_read
                0x00000000c000ee43                f_write
                0x00000000c000f954                f_sync
                0x00000000c000fca6                f_close
                0x00000000c000fd0f                f_lseek
                0x00000000c0010515                f_opendir
                0x00000000c0010721                f_closedir
                0x00000000c001077d                f_readdir
                0x00000000c0010865                f_stat
                0x00000000c0010919                f_getfree
                0x00000000c0010cd6                f_truncate
                0x00000000c00110a3                f_unlink
                0x00000000c00111f0                f_mkdir
                0x00000000c0011623                f_rename
                0x00000000c0011946                f_chmod
                0x00000000c0011a9e                f_utime
                0x00000000c0011c3c                f_getlabel
                0x00000000c0011f6e                f_setlabel
                0x00000000c00122dd                f_expand
                0x00000000c0012745                f_mkfs
 *fill*         0x00000000c0013657        0x1 
 .text          0x00000000c0013658       0x2f fs/fat/ffsystem.32
                0x00000000c0013658                ff_memalloc
                0x00000000c0013670                ff_memfree
 *fill*         0x00000000c0013687        0x1 
 .text          0x00000000c0013688      0x4ea fs/fat/ffunicode.32
                0x00000000c0013688                ff_uni2oem
                0x00000000c0013790                ff_oem2uni
                0x00000000c001386c                ff_wtoupper
 .text          0x00000000c0013b72     0x4b94 fs/iso9660/iso9660.32
                0x00000000c00148a6                isoReadDiscSector
                0x00000000c0014aaf                strnicmp
                0x00000000c00151b6                stricmp
                0x00000000c0015286                iso_open
                0x00000000c0015605                iso_close
                0x00000000c0015693                iso_read
                0x00000000c0015e6b                iso_seek
                0x00000000c00164af                iso_tell
                0x00000000c0016650                iso_total
                0x00000000c00167ed                fn_postprocess
                0x00000000c0016877                iso_readdir
                0x00000000c0017fa4                iso_reset
                0x00000000c0017fc1                init_percd
                0x00000000c0018393                iso_ioctl
                0x00000000c00183ab                fs_iso9660_init
                0x00000000c00185de                fs_iso9660_shutdown
 *fill*         0x00000000c0018706        0x2 
 .text          0x00000000c0018708     0x1cd6 core/computer.32
                0x00000000c0018708                Computer::close(int, int, void*)
                0x00000000c00188c4                Krnl::firstTask()
                0x00000000c0018c10                Computer::Computer()
                0x00000000c0018c10                Computer::Computer()
                0x00000000c00190e0                Computer::setBootMessage(char const*)
                0x00000000c00190e4                Computer::detectFeatures()
                0x00000000c0019b28                Computer::displayFeatures()
                0x00000000c0019b2c                Computer::rdmsr(unsigned int)
                0x00000000c0019ba4                Computer::wrmsr(unsigned int, unsigned long long)
                0x00000000c0019c24                Computer::shutdown()
                0x00000000c0019cbc                Computer::restart()
                0x00000000c0019d54                Computer::sleep()
                0x00000000c0019dd4                Computer::nmiEnabled()
                0x00000000c0019e18                Computer::readCMOS(unsigned char)
                0x00000000c0019e78                Computer::enableNMI(bool)
                0x00000000c0019f14                Computer::open(int, int, void*)
                0x00000000c001a2c8                Computer::disableNMI()
                0x00000000c001a300                Computer::writeCMOS(unsigned char, unsigned char)
                0x00000000c001a368                Computer::handleNMI()
 .text          0x00000000c001a3de      0x50f core/gdt.32
                0x00000000c001a3de                GDTEntry::setBase(unsigned int)
                0x00000000c001a46e                GDTEntry::setLimit(unsigned int)
                0x00000000c001a4dc                GDT::GDT()
                0x00000000c001a4dc                GDT::GDT()
                0x00000000c001a562                GDT::addEntry(GDTEntry)
                0x00000000c001a63e                GDT::getNumberOfEntries()
                0x00000000c001a666                GDT::flush()
                0x00000000c001a6d4                GDT::setup()
 .text          0x00000000c001a8ed       0x38 core/idle.32
                0x00000000c001a8ed                idleFunction(void*)
 *fill*         0x00000000c001a925        0x3 
 .text          0x00000000c001a928      0xcf0 core/idt.32
                0x00000000c001a928                IDTEntry::IDTEntry(bool)
                0x00000000c001a928                IDTEntry::IDTEntry(bool)
                0x00000000c001ab94                IDTEntry::setOffset(unsigned int)
                0x00000000c001abf8                IDT::IDT()
                0x00000000c001abf8                IDT::IDT()
                0x00000000c001ac2a                IDT::getPointerToInvalidOpcodeEntryForF00F()
                0x00000000c001ac6a                IDT::addEntry(IDTEntry, int)
                0x00000000c001acd0                IDT::addEntry(int, void (*)(), bool)
                0x00000000c001ad2c                IDT::flush()
                0x00000000c001ad6a                IDT::setup()
 .text          0x00000000c001b618      0x2a5 core/kheap.32
                0x00000000c001b618                sbrk
                0x00000000c001b734                mmap
                0x00000000c001b74a                munmap
                0x00000000c001b760                liballoc_lock()
                0x00000000c001b79a                liballoc_unlock()
                0x00000000c001b7d8                liballoc_alloc(int)
                0x00000000c001b812                liballoc_free(void*, int)
                0x00000000c001b84f                realloc
                0x00000000c001b863                malloc
                0x00000000c001b873                free
                0x00000000c001b883                rfree
                0x00000000c001b893                calloc
 .text          0x00000000c001b8bd      0x134 core/main.32
                0x00000000c001b8bd                KeEntryPoint
 .text          0x00000000c001b9f1      0xd3a core/physmgr.32
                0x00000000c001b9f1                Phys::allocateDMA(unsigned long)
                0x00000000c001bcdf                Phys::freeDMA(unsigned long, unsigned long)
                0x00000000c001bd95                Phys::setPageState(unsigned long, bool)
                0x00000000c001bed2                Phys::getPageState(unsigned long)
                0x00000000c001bf31                Phys::freePage(unsigned long)
                0x00000000c001bfbf                Phys::allocatePage()
                0x00000000c001c187                Phys::allocateContiguousPages(int)
                0x00000000c001c276                Phys::allowSegmentToBeUsed(unsigned long, unsigned long)
                0x00000000c001c2b8                Phys::physicalMemorySetup(unsigned int)
 *fill*         0x00000000c001c72b        0x1 
 .text          0x00000000c001c72c      0xaa5 core/pipe.32
                0x00000000c001c72c                Pipe::isAtty()
                0x00000000c001c730                Pipe::~Pipe()
                0x00000000c001c730                Pipe::~Pipe()
                0x00000000c001c800                Pipe::~Pipe()
                0x00000000c001c828                Pipe::write(unsigned long long, void*, int*)
                0x00000000c001cb90                Pipe::read(unsigned long long, void*, int*)
                0x00000000c001cf6a                Pipe::Pipe(int)
                0x00000000c001cf6a                Pipe::Pipe(int)
 *fill*         0x00000000c001d1d1        0x1 
 .text          0x00000000c001d1d2     0x306f core/terminal.32
                0x00000000c001d1d2                VgaText::isAtty()
                0x00000000c001d1d6                VgaText::~VgaText()
                0x00000000c001d1d6                VgaText::~VgaText()
                0x00000000c001d2a6                VgaText::~VgaText()
                0x00000000c001d2d0                VgaText::read(unsigned long long, void*, int*)
                0x00000000c001d310                setTerminalScrollLock(bool)
                0x00000000c001d311                doTerminalCycle()
                0x00000000c001d312                addToTerminalCycle(VgaText*)
                0x00000000c001d313                scrollTerminalScrollLock(int)
                0x00000000c001d314                VgaText::updateTitle()
                0x00000000c001d316                VgaText::load()
                0x00000000c001d318                VgaText::updateCursor()
                0x00000000c001d364                VgaText::doANSI_SGR(int)
                0x00000000c001d7d8                VgaText::setDefaultBgColour(VgaColour)
                0x00000000c001d850                VgaText::setDefaultFgColour(VgaColour)
                0x00000000c001d8c8                VgaText::setDefaultColours(VgaColour, VgaColour)
                0x00000000c001d926                VgaText::setTitleTextColour(VgaColour)
                0x00000000c001d984                VgaText::setTitleColour(VgaColour)
                0x00000000c001d9e2                VgaText::setTitle(char*)
                0x00000000c001da06                VgaText::combineColours(unsigned char, unsigned char)
                0x00000000c001da1a                VgaText::scrollScreen()
                0x00000000c001dd90                VgaText::combineCharAndColour(char, unsigned char)
                0x00000000c001dda0                VgaText::writeCharacter(char, VgaColour, VgaColour, int, int)
                0x00000000c001dea4                VgaText::getCursorX()
                0x00000000c001dee6                VgaText::getCursorY()
                0x00000000c001df28                VgaText::setCursor(int, int)
                0x00000000c001dfc4                setActiveTerminal(VgaText*)
                0x00000000c001e058                VgaText::clearScreen()
                0x00000000c001e174                VgaText::setCursorX(int)
                0x00000000c001e1c0                VgaText::setCursorY(int)
                0x00000000c001e20c                VgaText::incrementCursor(bool)
                0x00000000c001e40e                VgaText::decrementCursor(bool)
                0x00000000c001e4da                VgaText::putchar(char, VgaColour, VgaColour)
                0x00000000c001e816                VgaText::putchar(char)
                0x00000000c001edf4                VgaText::putx(unsigned int)
                0x00000000c001eea2                VgaText::puts(char const*)
                0x00000000c001ef12                VgaText::write(unsigned long long, void*, int*)
                0x00000000c001f078                VgaText::puts(char const*, VgaColour, VgaColour)
                0x00000000c001f708                VgaText::VgaText(char const*)
                0x00000000c001f708                VgaText::VgaText(char const*)
                0x00000000c001fd96                VgaText::receiveKey(unsigned char)
                0x00000000c0020202                VgaText::doUpdate()
                0x00000000c0020203                newTerminal(char*)
 *fill*         0x00000000c0020241        0x3 
 .text          0x00000000c0020244      0xc60 core/tss.32
                0x00000000c0020244                TSS::TSS()
                0x00000000c0020244                TSS::TSS()
                0x00000000c00202cc                TSS::setESP(unsigned long)
                0x00000000c0020370                TSS::flush()
                0x00000000c00203b8                TSS::setup(unsigned long, unsigned long)
 .text          0x00000000c0020ea4     0x11bd core/unixfile.32
                0x00000000c0020ea4                ReservedFilename::read(unsigned long long, void*, int*)
                0x00000000c002116a                ReservedFilename::isAtty()
                0x00000000c0021268                ReservedFilename::write(unsigned long long, void*, int*)
                0x00000000c0021532                UnixFile::getFileDescriptor()
                0x00000000c0021574                UnixFile::UnixFile(int)
                0x00000000c0021574                UnixFile::UnixFile(int)
                0x00000000c0021a7c                ReservedFilename::ReservedFilename(int)
                0x00000000c0021a7c                ReservedFilename::ReservedFilename(int)
                0x00000000c0021bbc                UnixFile::~UnixFile()
                0x00000000c0021bbc                UnixFile::~UnixFile()
                0x00000000c0021d40                UnixFile::~UnixFile()
                0x00000000c0021d68                ReservedFilename::~ReservedFilename()
                0x00000000c0021d68                ReservedFilename::~ReservedFilename()
                0x00000000c0021e4c                ReservedFilename::~ReservedFilename()
                0x00000000c0021e73                KeGetFileFromDescriptor(int)
 *fill*         0x00000000c0022061        0x1 
 .text          0x00000000c0022062     0x3e47 core/virtmgr.32
                0x00000000c0022062                Virt::setPageState(unsigned long, Virt::VirtPageState)
                0x00000000c0022149                Virt::getPageState(unsigned long)
                0x00000000c00221ef                Virt::allocateKernelVirtualPages(int)
                0x00000000c0022361                Virt::freeSwapfilePage(unsigned long)
                0x00000000c00223ec                Virt::swapIDToSector(unsigned long)
                0x00000000c0022402                Virt::allocateSwapfilePage()
                0x00000000c00225b9                Virt::virtualMemorySetup()
                0x00000000c002261c                Virt::setupPageSwapping(int)
                0x00000000c0022844                VAS::VAS(VAS*)
                0x00000000c0022844                VAS::VAS(VAS*)
                0x00000000c002291e                VAS::getForeignPageTableEntry(bool, unsigned long)
                0x00000000c002296e                VAS::getPageTableEntry(unsigned long)
                0x00000000c00229ad                Virt::freeKernelVirtualPages(unsigned long)
                0x00000000c0022bd4                VAS::freeAllocatedPages(unsigned long)
                0x00000000c0022c30                VAS::virtualToPhysical(unsigned long)
                0x00000000c0022c92                VAS::reflagRange(unsigned long, int, int, int)
                0x00000000c0022d78                VAS::VAS()
                0x00000000c0022d78                VAS::VAS()
                0x00000000c0022f64                VAS::setToWriteCombining(unsigned long, int)
                0x00000000c0023058                VAS::mapOtherVASIn(bool, VAS*)
                0x00000000c0023166                VAS::~VAS()
                0x00000000c0023166                VAS::~VAS()
                0x00000000c0023664                VAS::mapPage(unsigned long, unsigned long, int)
                0x00000000c002399c                VAS::allocatePages(int, int)
                0x00000000c0023e9c                VAS::setCPUSpecific(unsigned long)
                0x00000000c0023ed6                VAS::mapRange(unsigned long, unsigned long, int, int)
                0x00000000c00240f6                VAS::mapForeignPage(bool, VAS*, unsigned long, unsigned long, int)
                0x00000000c0024354                VAS::VAS(bool)
                0x00000000c0024354                VAS::VAS(bool)
                0x00000000c0024fca                VAS::evict(unsigned long)
                0x00000000c002533c                VAS::tryLoadBackOffDisk(unsigned long)
                0x00000000c0025728                VAS::scanForEviction()
                0x00000000c0025bd0                mapVASFirstTime
 .text          0x00000000c0025ea9       0x5f coreobjs/c++.32
                0x00000000c0025ea9                __cxa_atexit
                0x00000000c0025eac                __cxa_finalize
                0x00000000c0025ead                __stack_chk_fail
                0x00000000c0025ee3                __cxa_pure_virtual
                0x00000000c0025ef4                operator new[](unsigned long)
                0x00000000c0025ef9                operator delete(void*, unsigned long)
                0x00000000c0025efe                operator delete[](void*)
                0x00000000c0025f03                operator delete[](void*, unsigned long)
 .text          0x00000000c0025f08      0x623 dbg/kconsole.32
                0x00000000c0025f08                Dbg::stringifyxWithBase(unsigned int, char*, int)
                0x00000000c0026122                Dbg::logc(char)
                0x00000000c0026142                Dbg::logs(char*)
                0x00000000c00261d1                Dbg::logWriteInt(unsigned int)
                0x00000000c00261f1                Dbg::logWriteIntBase(unsigned int, int)
                0x00000000c0026214                Dbg::kprintf(char const*, ...)
 *fill*         0x00000000c002652b        0x1 
 .text          0x00000000c002652c      0x398 dbg/usban.32
                0x00000000c002652c                KiUbsanPrintDetails(char const*, void*)
                0x00000000c002665c                __ubsan_handle_type_mismatch_v1
                0x00000000c0026738                __ubsan_handle_pointer_overflow
                0x00000000c0026764                __ubsan_handle_out_of_bounds
                0x00000000c0026790                __ubsan_handle_add_overflow
                0x00000000c00267bc                __ubsan_handle_load_invalid_value
                0x00000000c00267e8                __ubsan_handle_divrem_overflow
                0x00000000c0026814                __ubsan_handle_mul_overflow
                0x00000000c0026840                __ubsan_handle_sub_overflow
                0x00000000c002686c                __ubsan_handle_shift_out_of_bounds
                0x00000000c0026898                __ubsan_handle_negate_overflow
 .text          0x00000000c00268c4     0x7506 fs/vfs.32
                0x00000000c00268c4                File::isAtty()
                0x00000000c00268c8                Directory::isAtty()
                0x00000000c00268cc                Filesystem::getlabel(LogicalDisk*, int, char*, unsigned int*)
                0x00000000c00268d2                Filesystem::setlabel(LogicalDisk*, int, char*)
                0x00000000c00268d8                Filesystem::allocateSwapfile(char const*, int)
                0x00000000c00268de                File::~File()
                0x00000000c00268de                File::~File()
                0x00000000c00269ae                File::~File()
                0x00000000c00269d8                Directory::~Directory()
                0x00000000c00269d8                Directory::~Directory()
                0x00000000c0026aa8                Directory::~Directory()
                0x00000000c0026ad2                Directory::write(unsigned long long, void*, int*)
                0x00000000c0026c82                File::read(unsigned long long, void*, int*)
                0x00000000c00270d8                File::write(unsigned long long, void*, int*)
                0x00000000c002752e                Directory::read(unsigned long long, void*, int*)
                0x00000000c0027984                Filesystem::Filesystem()
                0x00000000c0027984                Filesystem::Filesystem()
                0x00000000c0027a5c                Filesystem::~Filesystem()
                0x00000000c0027a5c                Filesystem::~Filesystem()
                0x00000000c0027ada                Filesystem::~Filesystem()
                0x00000000c0027b01                Fs::getcwd(Process*, char*, int)
                0x00000000c0027c3c                Fs::initVFS()
                0x00000000c0027c66                Fs::standardiseFiles(char*, char const*, char const*)
                0x00000000c0028abc                File::File(char const*, Process*)
                0x00000000c0028abc                File::File(char const*, Process*)
                0x00000000c002904a                File::open(FileOpenMode)
                0x00000000c00294ae                File::close()
                0x00000000c0029900                File::seek(unsigned long long)
                0x00000000c0029d36                File::tell(unsigned long long*)
                0x00000000c002a15a                File::rewind()
                0x00000000c002a18c                File::unlink()
                0x00000000c002a5a0                File::rename(char const*)
                0x00000000c002a9a4                File::chfatattr(unsigned char, unsigned char)
                0x00000000c002adc6                File::exists()
                0x00000000c002b15a                File::stat(unsigned long long*, bool*)
                0x00000000c002b7d4                Fs::setcwd(Process*, char*)
                0x00000000c002bd8c                Directory::Directory(char const*, Process*)
                0x00000000c002bd8c                Directory::Directory(char const*, Process*)
                0x00000000c002c31a                Directory::open()
                0x00000000c002c78e                Directory::close()
                0x00000000c002cbe0                Directory::unlink()
                0x00000000c002cff4                Directory::rename(char const*)
                0x00000000c002d3f8                Directory::exists()
                0x00000000c002d78c                Directory::read(dirent*)
                0x00000000c002d9b0                Directory::create()
                0x00000000c002ddc4                Filesystem::chfatattr(char const*, unsigned char, unsigned char)
 *fill*         0x00000000c002ddca        0x2 
 .text          0x00000000c002ddcc      0x252 hal/bus.32
                0x00000000c002ddcc                Bus::Bus(char const*)
                0x00000000c002ddcc                Bus::Bus(char const*)
                0x00000000c002df10                Bus::~Bus()
                0x00000000c002df10                Bus::~Bus()
                0x00000000c002dff4                Bus::~Bus()
 .text          0x00000000c002e01e       0xee hal/buzzer.32
                0x00000000c002e01e                beepThread(void*)
                0x00000000c002e08a                Krnl::beep(int, int, bool)
 .text          0x00000000c002e10c      0xad8 hal/clock.32
                0x00000000c002e10c                User::loadClockSettings(int)
                0x00000000c002e1f8                Clock::Clock(char const*)
                0x00000000c002e1f8                Clock::Clock(char const*)
                0x00000000c002e322                Clock::~Clock()
                0x00000000c002e322                Clock::~Clock()
                0x00000000c002e3f2                Clock::~Clock()
                0x00000000c002e41c                Clock::timeInSecondsLocal()
                0x00000000c002e56c                Clock::setTimeInSecondsLocal(unsigned long long)
                0x00000000c002e6b5                datetimeToSeconds(datetime_t)
                0x00000000c002e8ae                Clock::setTimeInDatetimeLocal(datetime_t)
                0x00000000c002ea2e                secondsToDatetime(unsigned long long)
                0x00000000c002eba2                Clock::timeInDatetimeLocal()
 .text          0x00000000c002ebe4     0x167b hal/device.32
                0x00000000c002ebe4                Device::hibernate()
                0x00000000c002ebe6                Device::wake()
                0x00000000c002ebe8                Device::detect()
                0x00000000c002ebea                Device::disableLegacy()
                0x00000000c002ebec                Device::powerSaving(PowerSavingLevel)
                0x00000000c002ebee                DriverlessDevice::close(int, int, void*)
                0x00000000c002ebf2                DriverlessDevice::detect()
                0x00000000c002ebf4                DriverlessDevice::open(int, int, void*)
                0x00000000c002ec08                Device::~Device()
                0x00000000c002ec08                Device::~Device()
                0x00000000c002ec86                Device::~Device()
                0x00000000c002ecb0                Device::findAndLoadDriver()
                0x00000000c002ecbe                Device::preOpenPCI(PCIDeviceInfo)
                0x00000000c002ed58                Device::preOpenACPI(void*, char*, char*)
                0x00000000c002ee6a                Device::addIRQHandler(int, void (*)(regs*, void*), bool, void*)
                0x00000000c002ee94                Device::getParent()
                0x00000000c002eede                Device::removeIRQHandler(int, void (*)(regs*, void*), bool)
                0x00000000c002eefc                Device::addChild(Device*)
                0x00000000c002f098                Device::removeAllChildren()
                0x00000000c002f25c                Device::hibernateAll()
                0x00000000c002f3b0                Device::wakeAll()
                0x00000000c002f504                Device::detectAll()
                0x00000000c002f658                Device::disableLegacyAll()
                0x00000000c002f65a                Device::loadDriversForAll()
                0x00000000c002f65c                Device::closeAll()
                0x00000000c002f7b4                Device::powerSavingAll(PowerSavingLevel)
                0x00000000c002f914                Device::setName(char const*)
                0x00000000c002f966                Device::Device(char const*)
                0x00000000c002f966                Device::Device(char const*)
                0x00000000c002ff56                Device::getName()
                0x00000000c002ff9a                DriverlessDevice::DriverlessDevice(char const*)
                0x00000000c002ff9a                DriverlessDevice::DriverlessDevice(char const*)
                0x00000000c00300c4                Device::addToLinkedList(LinkedList<Device>&, DeviceType)
                0x00000000c00301ff                getDevicesOfType(DeviceType)
 *fill*         0x00000000c003025f        0x1 
 .text          0x00000000c0030260      0x252 hal/diskctrl.32
                0x00000000c0030260                HardDiskController::HardDiskController(char const*)
                0x00000000c0030260                HardDiskController::HardDiskController(char const*)
                0x00000000c00303a4                HardDiskController::~HardDiskController()
                0x00000000c00303a4                HardDiskController::~HardDiskController()
                0x00000000c0030488                HardDiskController::~HardDiskController()
 .text          0x00000000c00304b2      0x3f8 hal/diskphys.32
                0x00000000c00304b2                PhysicalDisk::eject()
                0x00000000c00304b6                PhysicalDisk::PhysicalDisk(char const*, int)
                0x00000000c00304b6                PhysicalDisk::PhysicalDisk(char const*, int)
                0x00000000c0030736                PhysicalDisk::startCache()
                0x00000000c00307b0                PhysicalDisk::~PhysicalDisk()
                0x00000000c00307b0                PhysicalDisk::~PhysicalDisk()
                0x00000000c0030880                PhysicalDisk::~PhysicalDisk()
 .text          0x00000000c00308aa        0x0 hal/fpu.32
 .text          0x00000000c00308aa     0x1907 hal/intctrl.32
                0x00000000c00308aa                int_handler
                0x00000000c0030cbe                installISRHandler(int, void (*)(regs*, void*), void*)
                0x00000000c0030f7b                installIRQHandler(int, void (*)(regs*, void*), bool, void*)
                0x00000000c0031724                uninstallISRHandler(int, void (*)(regs*, void*))
                0x00000000c0031a23                uninstallIRQHandler(int, void (*)(regs*, void*), bool)
                0x00000000c0031e55                setupINTS()
                0x00000000c003207e                convertLegacyIRQNumber(int)
 *fill*         0x00000000c00321b1        0x1 
 .text          0x00000000c00321b2     0x12a0 hal/keybrd.32
                0x00000000c00321b2                startGUI(void*)
                0x00000000c0032239                startGUIVESA(void*)
                0x00000000c00322c0                sendKeyToTerminal(unsigned char)
                0x00000000c003245b                sendKeyboardToken(KeyboardToken)
                0x00000000c0032c88                clearInternalKeybuffer(VgaText*)
                0x00000000c0032d50                readKeyboard(VgaText*, char*, unsigned long)
                0x00000000c0033226                Keyboard::Keyboard(char const*)
                0x00000000c0033226                Keyboard::Keyboard(char const*)
                0x00000000c0033358                Keyboard::~Keyboard()
                0x00000000c0033358                Keyboard::~Keyboard()
                0x00000000c0033428                Keyboard::~Keyboard()
 .text          0x00000000c0033452      0xf99 hal/logidisk.32
                0x00000000c0033452                LogicalDisk::close(int, int, void*)
                0x00000000c0033456                LogicalDisk::~LogicalDisk()
                0x00000000c0033456                LogicalDisk::~LogicalDisk()
                0x00000000c0033526                LogicalDisk::~LogicalDisk()
                0x00000000c0033550                LogicalDisk::open(int, int, void*)
                0x00000000c0033564                LogicalDisk::absoluteToRelative(unsigned long long)
                0x00000000c003363a                LogicalDisk::relativeToAbsolute(unsigned long long)
                0x00000000c00336cc                LogicalDisk::LogicalDisk(char const*, PhysicalDisk*, unsigned long long, unsigned long long)
                0x00000000c00336cc                LogicalDisk::LogicalDisk(char const*, PhysicalDisk*, unsigned long long, unsigned long long)
                0x00000000c0033a80                LogicalDisk::assignDriveLetter()
                0x00000000c0033ce4                LogicalDisk::mount()
                0x00000000c0033e4a                LogicalDisk::unmount()
                0x00000000c0033e98                LogicalDisk::eject()
                0x00000000c0033f50                LogicalDisk::unassignDriveLetter()
                0x00000000c00340d8                LogicalDisk::read(unsigned long long, int, void*)
                0x00000000c0034262                LogicalDisk::write(unsigned long long, int, void*)
 *fill*         0x00000000c00343eb        0x1 
 .text          0x00000000c00343ec      0x252 hal/mouse.32
                0x00000000c00343ec                Mouse::Mouse(char const*)
                0x00000000c00343ec                Mouse::Mouse(char const*)
                0x00000000c0034530                Mouse::~Mouse()
                0x00000000c0034530                Mouse::~Mouse()
                0x00000000c0034614                Mouse::~Mouse()
 .text          0x00000000c003463e      0x230 hal/nic.32
                0x00000000c003463e                NIC::getMAC()
                0x00000000c0034644                NIC::write(int, unsigned char*, int*)
                0x00000000c003464a                NIC::NIC(char const*)
                0x00000000c003464a                NIC::NIC(char const*)
                0x00000000c0034774                NIC::~NIC()
                0x00000000c0034774                NIC::~NIC()
                0x00000000c0034844                NIC::~NIC()
 .text          0x00000000c003486e      0xe6c hal/partition.32
                0x00000000c003486e                makePartition(PhysicalDisk*, unsigned long long, unsigned long long)
                0x00000000c00349d8                createPartitionsForDisk(PhysicalDisk*)
 *fill*         0x00000000c00356da        0x2 
 .text          0x00000000c00356dc      0x252 hal/serial.32
                0x00000000c00356dc                Serial::Serial(char const*)
                0x00000000c00356dc                Serial::Serial(char const*)
                0x00000000c0035820                Serial::~Serial()
                0x00000000c0035820                Serial::~Serial()
                0x00000000c0035904                Serial::~Serial()
 *fill*         0x00000000c003592e        0x2 
 .text          0x00000000c0035930      0x7a4 hal/timer.32
                0x00000000c0035930                Timer::Timer(char const*)
                0x00000000c0035930                Timer::Timer(char const*)
                0x00000000c0035a74                Timer::~Timer()
                0x00000000c0035a74                Timer::~Timer()
                0x00000000c0035b58                Timer::~Timer()
                0x00000000c0035b82                Timer::read()
                0x00000000c0035bcf                setupTimer(int)
                0x00000000c0035cbd                timerHandler(unsigned int)
 .text          0x00000000c00360d4     0x1a4c hal/vcache.32
                0x00000000c00360d4                VCache::VCache(PhysicalDisk*)
                0x00000000c00360d4                VCache::VCache(PhysicalDisk*)
                0x00000000c0036a7a                VCache::invalidateReadBuffer()
                0x00000000c0036b16                VCache::writeWriteBuffer()
                0x00000000c0036d18                VCache::~VCache()
                0x00000000c0036d18                VCache::~VCache()
                0x00000000c0036ef4                VCache::~VCache()
                0x00000000c0036f1c                VCache::write(unsigned long long, int, void*)
                0x00000000c00374ea                VCache::read(unsigned long long, int, void*)
 .text          0x00000000c0037b20     0x123e hal/video.32
                0x00000000c0037b20                Video::putpixel(int, int, unsigned int)
                0x00000000c0037b2e                Video::readPixelApprox(int, int)
                0x00000000c0037b42                Video::putrect(int, int, int, int, unsigned int)
                0x00000000c0037c6a                Video::bitblit(int, int, int, int, int, int, int, unsigned int*)
                0x00000000c0037e7a                Video::blit(unsigned int*, int, int, int, int)
                0x00000000c0038080                Video::clearScreen(unsigned int)
                0x00000000c00381b6                Video::Video(char const*)
                0x00000000c00381b6                Video::Video(char const*)
                0x00000000c00382e0                Video::~Video()
                0x00000000c00382e0                Video::~Video()
                0x00000000c00383b0                Video::~Video()
                0x00000000c00383da                Video::isMonochrome()
                0x00000000c0038424                Video::getWidth()
                0x00000000c003846e                Video::getHeight()
                0x00000000c00384b8                Video::drawCursor(int, int, unsigned int*, int)
                0x00000000c0038766                Video::tgaParse(unsigned char*, int, int*, int*)
                0x00000000c0038bb0                Video::putTGA(int, int, unsigned char*, int)
 *fill*         0x00000000c0038d5e        0x2 
 .text          0x00000000c0038d60     0x3d8f hw/acpi.32
                0x00000000c0038d60                ACPI::close(int, int, void*)
                0x00000000c0038e14                findRSDP()
                0x00000000c0038f68                loadACPITables(unsigned char*)
                0x00000000c0039830                findRSDT(unsigned char*)
                0x00000000c0039a18                findDataTable(unsigned char*, char*)
                0x00000000c0039c24                scanMADT()
                0x00000000c003b15c                ACPI::ACPI()
                0x00000000c003b15c                ACPI::ACPI()
                0x00000000c003b360                ACPI::getPCIIRQAssignment(unsigned char, unsigned short, unsigned char)
                0x00000000c003b734                ACPI::registerPCIIRQAssignment(void*, unsigned short, unsigned char, unsigned char)
                0x00000000c003bc68                ACPI::setScreenBrightnessLevel(void*, int)
                0x00000000c003bc70                ACPI::detectPCI()
                0x00000000c003c1a8                ACPI::writeSimpleBootFlag(SimpleBootFlagTable*)
                0x00000000c003c27c                ACPI::sleep()
                0x00000000c003c298                ACPI::open(int, int, void*)
 *fill*         0x00000000c003caef        0x1 
 .text          0x00000000c003caf0     0x21ab hw/cpu.32
                0x00000000c003caf0                CPU::close(int, int, void*)
                0x00000000c003caf4                CPU::AMD_K6_write_msr(unsigned int, unsigned int, unsigned int, CPU::REGS*)
                0x00000000c003cb10                CPU::AMD_K6_read_msr(unsigned int, CPU::REGS*)
                0x00000000c003cb28                CPU::AMD_K6_writeback(int, int, int)
                0x00000000c003cb9c                CPU::cpuid(int, unsigned long*, unsigned long*, unsigned long*, unsigned long*)
                0x00000000c003cd1a                CPU::cpuidCheckEDX(unsigned int)
                0x00000000c003cd48                CPU::cpuidCheckECX(unsigned int)
                0x00000000c003cd76                CPU::cpuidCheckExtendedEBX(unsigned int)
                0x00000000c003cda4                CPU::cpuidCheckExtendedECX(unsigned int)
                0x00000000c003cdd2                CPU::CPU()
                0x00000000c003cdd2                CPU::CPU()
                0x00000000c003d120                CPU::displayFeatures()
                0x00000000c003d122                CPU::detectFeatures()
                0x00000000c003e484                CPU::setupSMEP()
                0x00000000c003e490                CPU::setupUMIP()
                0x00000000c003e49a                CPU::setupTSC()
                0x00000000c003e4a4                CPU::setupLargePages()
                0x00000000c003e4ae                CPU::setupPAT()
                0x00000000c003e55e                CPU::setupMTRR()
                0x00000000c003e560                CPU::setupGlobalPages()
                0x00000000c003e56a                CPU::allowUsermodeDataAccess()
                0x00000000c003e5ba                CPU::prohibitUsermodeDataAccess()
                0x00000000c003e60a                CPU::setupSMAP()
                0x00000000c003e644                CPU::setupFeatures()
                0x00000000c003e8dc                CPU::open(int, int, void*)
 .text          0x00000000c003ec9b      0x501 krnl/bootmsg.32
                0x00000000c003ec9b                KeDisplaySplashScreen()
                0x00000000c003f02e                KeSetBootMessage(char const*)
 .text          0x00000000c003f19c     0x1760 krnl/env.32
                0x00000000c003f19c                EnvVarContainer::getEnv(char const*)
                0x00000000c003f2f4                EnvVarContainer::setEnv(char const*, char const*)
                0x00000000c003f4bc                EnvVarContainer::deleteEnv(char const*)
                0x00000000c003f4be                EnvVarContainer::loadFrom(char const*, char const*)
                0x00000000c003faea                EnvVarContainer::__loadSystem()
                0x00000000c003fb22                EnvVarContainer::__loadUser()
                0x00000000c003fb24                EnvVarContainer::EnvVarContainer(Process*)
                0x00000000c003fb24                EnvVarContainer::EnvVarContainer(Process*)
                0x00000000c003fc1a                EnvVarContainer::~EnvVarContainer()
                0x00000000c003fc1a                EnvVarContainer::~EnvVarContainer()
                0x00000000c003fd1c                Krnl::getEnv(Process*, char const*)
                0x00000000c003fdfc                Krnl::setEnvSystem(char const*, char const*)
                0x00000000c003fe33                Krnl::setEnvUser(char const*, char const*)
                0x00000000c003fe6d                Krnl::setEnvProcess(Process*, char const*, char const*)
                0x00000000c003fee2                Krnl::deleteEnvSystem(char const*)
                0x00000000c003ff02                Krnl::deleteEnvUser(char const*)
                0x00000000c003ff22                Krnl::deleteEnvProcess(Process*, char const*)
                0x00000000c003ff80                Krnl::newProcessEnv(Process*)
                0x00000000c003ffbb                Krnl::copyProcessEnv(Process*, Process*)
                0x00000000c0040154                Krnl::loadSystemEnv()
                0x00000000c00401ba                Krnl::loadUserEnv()
                0x00000000c0040217                Krnl::flushEnv()
                0x00000000c0040218                Krnl::getProcessTotalEnvCount(Process*)
                0x00000000c004038d                Krnl::getProcessEnvPair(Process*, int)
 .text          0x00000000c00408fc      0x193 krnl/inlines.32
                0x00000000c00408fc                CPU::current()
                0x00000000c0040948                operator new(unsigned long)
                0x00000000c004094d                operator delete(void*)
                0x00000000c0040952                disableIRQs()
                0x00000000c0040954                enableIRQs()
                0x00000000c0040956                lockScheduler()
                0x00000000c0040983                unlockScheduler()
                0x00000000c00409b4                lockStuff()
                0x00000000c0040a04                unlockStuff()
                0x00000000c0040a74                Virt::getAKernelVAS()
                0x00000000c0040a7a                __not_memcpy
 .text          0x00000000c0040a8f        0xc krnl/panic.32
                0x00000000c0040a8f                KePanic(char const*)
 .text          0x00000000c0040a9b      0x1fd krnl/powctrl.32
                0x00000000c0040a9b                Krnl::powerThread(void*)
                0x00000000c0040b00                Krnl::changePowerSettings(Krnl::PowerSettings)
                0x00000000c0040b16                Krnl::userIOReceived()
                0x00000000c0040b21                Krnl::handlePowerButton()
                0x00000000c0040b8c                Krnl::handleSleepButton()
                0x00000000c0040bf7                Krnl::setupPowerManager()
 .text          0x00000000c0040c98       0x9d krnl/random.32
                0x00000000c0040c98                KeRand()
                0x00000000c0040cda                KeSeedRand(unsigned int)
                0x00000000c0040d03                KeInitRand()
 *fill*         0x00000000c0040d35        0x3 
 .text          0x00000000c0040d38      0x1bc krnl/resolve.32
                0x00000000c0040d38                KeResolveCompatibilitySymbol(char*)
 .text          0x00000000c0040ef4      0xe2f krnl/signal.32
                0x00000000c0040ef4                KiSigKill(int)
                0x00000000c0040f08                KiDefaultSignalHandlerIgnore(int)
                0x00000000c0040f09                KiDefaultSignalHandlerPause(int)
                0x00000000c0040f35                KiDefaultSignalHandlerResume(int)
                0x00000000c0040f61                KeDeinitSignals(SigHandlerBlock*)
                0x00000000c0040f66                KeInitSignals()
                0x00000000c0041090                KeRegisterSignalHandler(SigHandlerBlock*, int, void (*)(int), unsigned int, int)
                0x00000000c0041207                KeRaiseSignal(SigHandlerBlock*, int)
                0x00000000c0041394                KeCheckSignal(SigHandlerBlock*, int*)
                0x00000000c004199a                KiCheckSignalZ
                0x00000000c0041afa                KeCompleteSignal(SigHandlerBlock*, int)
                0x00000000c0041bfb                KiFinishSignalZ
 .text          0x00000000c0041d23     0x4829 krnl/syscalls.32
                0x00000000c0041d23                SysSeekDir(regs*)
                0x00000000c0041d28                SysTellDir(regs*)
                0x00000000c0041d2d                SysTTYName(regs*)
                0x00000000c0041d35                SysNotImpl(regs*)
                0x00000000c0041d50                SysVerify(regs*)
                0x00000000c0041d97                SysGetArgc(regs*)
                0x00000000c0041e1c                SysFormatDisk(regs*)
                0x00000000c0042150                SysSetDiskVolumeLabel(regs*)
                0x00000000c004281e                SysGetDiskVolumeLabel(regs*)
                0x00000000c0042f3e                SysShutdown(regs*)
                0x00000000c0043159                SysRealpath(regs*)
                0x00000000c00432f1                SysReadDir(regs*)
                0x00000000c0043520                SysIsATTY(regs*)
                0x00000000c0043719                SysSeek(regs*)
                0x00000000c004388f                SysTell(regs*)
                0x00000000c0043a8d                SysSize(regs*)
                0x00000000c0043c90                SysClose(regs*)
                0x00000000c0043e6f                SysCloseDir(regs*)
                0x00000000c0043fea                SysWait(regs*)
                0x00000000c004407c                SysPanic(regs*)
                0x00000000c00440d1                SysGetArgv(regs*)
                0x00000000c004438a                SysUSleep(regs*)
                0x00000000c0044426                SysGetEnv(regs*)
                0x00000000c004462e                SysGetUnixTime(regs*)
                0x00000000c00446a1                SysSizeFromFilename(regs*)
                0x00000000c00449b4                SysOpenDir(regs*)
                0x00000000c0044bde                SysMakeDir(regs*)
                0x00000000c0044d96                SysRmdir(regs*)
                0x00000000c0044f51                SysUnlink(regs*)
                0x00000000c004510c                SysSetFatAttrib(regs*)
                0x00000000c0045357                SysPipe(regs*)
                0x00000000c0045514                SysSpawn(regs*)
                0x00000000c00456f5                string_ends_with(char const*, char const*)
                0x00000000c004577b                SysOpen(regs*)
                0x00000000c00463a2                KeSystemCall(regs*, void*)
 .text          0x00000000c004654c      0x2cd net/ethernet.32
                0x00000000c004654c                KeSwitchEndian16(unsigned short)
                0x00000000c00465a0                KeSwitchEndian32(unsigned int)
                0x00000000c00465d4                EthernetCRC32(unsigned char*, int)
                0x00000000c0046720                EthernetReceivedPacket(EthernetUnwrappedFrame*, unsigned short)
 .text          0x00000000c0046819     0x238f reg/cm.32
                0x00000000c0046819                CmOpen(char const*)
                0x00000000c0046bb8                CmClose(Reghive_Tag*)
                0x00000000c0046c29                CmReadExtent(Reghive_Tag*, int, unsigned char*)
                0x00000000c0046d44                CmGetString(Reghive_Tag*, int, char*)
                0x00000000c0046ed9                CmEnterDirectory(Reghive_Tag*, int)
                0x00000000c0046f18                CmGetNext(Reghive_Tag*, int)
                0x00000000c0046f4a                CmWriteExtent(Reghive_Tag*, int, unsigned char*)
                0x00000000c0047065                CmFreeExtent(Reghive_Tag*, int)
                0x00000000c004708d                CmUpdateHeader(Reghive_Tag*)
                0x00000000c00470fd                CmExpand(Reghive_Tag*, int)
                0x00000000c004727a                CmFindUnusedExtent(Reghive_Tag*)
                0x00000000c004742b                CmCreateExtent(Reghive_Tag*, int, int, unsigned char*)
                0x00000000c004751f                CmSetString(Reghive_Tag*, int, char const*)
                0x00000000c00479eb                CmGetMatch(char*, char*, bool, bool*)
                0x00000000c0047adf                CmAddShift(unsigned int*, int*, unsigned char, int)
                0x00000000c0047bd9                CmGetShift(unsigned int*, int*, int, bool*)
                0x00000000c0047d25                CmGetInteger(Reghive_Tag*, int, unsigned long long*)
                0x00000000c0047d71                CmSetInteger(Reghive_Tag*, int, unsigned long long)
                0x00000000c0047db1                CmConvertFromInternalFilename(unsigned char const*, char*)
                0x00000000c0047fea                CmGetNameAndTypeFromExtent(Reghive_Tag*, int, char*)
                0x00000000c0048018                CmConvertToInternalFilename(char const*, unsigned char*)
                0x00000000c00485c3                CmCreateString(Reghive_Tag*, int, char const*)
                0x00000000c0048610                CmFindInDirectory(Reghive_Tag*, int, char const*)
                0x00000000c004868a                CmCreateInteger(Reghive_Tag*, int, char const*, unsigned long long, int)
                0x00000000c00486dd                CmCreateDirectory(Reghive_Tag*, int, char const*)
                0x00000000c00487a1                zStrtok(char*, char const*)
                0x00000000c0048982                CmFindObjectFromPath(Reghive_Tag*, char const*)
                0x00000000c0048a03                CmDisplayTree(Reghive_Tag*, int, int)
                0x00000000c0048ade                CmSplitFinalSlashInPlace(char*)
 .text          0x00000000c0048ba8     0x1267 reg/registry.32
                0x00000000c0048ba8                Reg::findLineFromLoadedData(char*, char*, char*)
                0x00000000c0048fd9                Reg::getLineFromRegistry(char*, char*, char*, char*)
                0x00000000c004937e                Reg::getLine(char*, char*, char*)
                0x00000000c00493b5                Reg::readInt(char*, char*, int*)
                0x00000000c0049a75                Reg::readString(char*, char*, char*, int)
                0x00000000c0049cf9                Reg::readBool(char*, char*, bool*)
                0x00000000c0049d44                Reg::readBoolWithDefault(char*, char*, bool)
                0x00000000c0049d8b                Reg::readIntWithDefault(char*, char*, int)
                0x00000000c0049db7                Reg::readStringWithDefault(char*, char*, char*, int, char*)
 .text          0x00000000c0049e0f      0x172 sys/eject.32
                0x00000000c0049e0f                SysEject(regs*)
 .text          0x00000000c0049f81       0x4e sys/exit.32
                0x00000000c0049f81                SysExit(regs*)
 .text          0x00000000c0049fcf       0x9d sys/getcwd.32
                0x00000000c0049fcf                SysGetCwd(regs*)
 .text          0x00000000c004a06c       0x57 sys/getpid.32
                0x00000000c004a06c                SysGetPID(regs*)
 .text          0x00000000c004a0c3       0x86 sys/getramdata.32
                0x00000000c004a0c3                SysGetRAMData(regs*)
 .text          0x00000000c004a149      0x23f sys/getvgaptr.32
                0x00000000c004a149                SysGetVGAPtr(regs*)
 .text          0x00000000c004a388      0x330 sys/kill.32
                0x00000000c004a388                SysKill(regs*)
 .text          0x00000000c004a6b8      0x21f sys/loaddll.32
                0x00000000c004a6b8                SysLoadDLL(regs*)
 .text          0x00000000c004a8d7      0x1e6 sys/read.32
                0x00000000c004a8d7                SysRead(regs*)
 .text          0x00000000c004aabd       0xdc sys/registersignal.32
                0x00000000c004aabd                SysRegisterSignal(regs*)
 .text          0x00000000c004ab99      0x4e1 sys/registry.32
                0x00000000c004ab99                SysRegistryGetTypeFromPath(regs*)
                0x00000000c004ac90                SysRegistryReadExtent(regs*)
                0x00000000c004ad8e                SysRegistryPathToExtentLookup(regs*)
                0x00000000c004ae1f                SysRegistryEnterDirectory(regs*)
                0x00000000c004aeb0                SysRegistryGetNext(regs*)
                0x00000000c004af41                SysRegistryGetNameAndTypeFromExtent(regs*)
                0x00000000c004afe3                SysRegistryOpen(regs*)
                0x00000000c004b02d                SysRegistryClose(regs*)
 .text          0x00000000c004b07a      0x18c sys/sbrk.32
                0x00000000c004b07a                SysSbrk(regs*)
 .text          0x00000000c004b206       0x80 sys/setcwd.32
                0x00000000c004b206                SysSetCwd(regs*)
 .text          0x00000000c004b286      0x206 sys/settime.32
                0x00000000c004b286                SysSetTime(regs*)
 .text          0x00000000c004b48c       0x99 sys/timezone.32
                0x00000000c004b48c                SysTimezone(regs*)
 .text          0x00000000c004b525      0x1e6 sys/write.32
                0x00000000c004b525                SysWrite(regs*)
 .text          0x00000000c004b70b      0x166 sys/wsbe.32
                0x00000000c004b70b                SysWsbe(regs*)
 .text          0x00000000c004b871       0x5e sys/yield.32
                0x00000000c004b871                SysYield(regs*)
 .text          0x00000000c004b8cf     0x46e7 thr/elf.32
                0x00000000c004b8cf                Thr::allocateMemoryForTask(Process*, File*, unsigned long, unsigned long, unsigned long)
                0x00000000c004bfad                Thr::loadProgramIntoMemory(Process*, char const*)
                0x00000000c004c812                Thr::runtimeReferenceHelper()
                0x00000000c004c825                Thr::getAddressOfKernelSymbol(char const*)
                0x00000000c004cac6                Thr::loadKernelSymbolTable(char const*)
                0x00000000c004d550                Thr::loadDriverIntoMemory(char const*, unsigned long, bool)
                0x00000000c004f5ea                Thr::getDriverBaseFromAddress(unsigned long)
                0x00000000c004f7f5                Thr::getDriverNameFromAddress(unsigned long)
                0x00000000c004f9fb                Thr::getDriverOffsetFromAddress(unsigned long)
                0x00000000c004fa1d                Thr::loadDLL(char const*, bool)
                0x00000000c004ff7d                Thr::executeDLL(unsigned long, void*)
 *fill*         0x00000000c004ffb6        0x2 
 .text          0x00000000c004ffb8     0x4ced thr/prcssthr.32
                0x00000000c004ffb8                userModeEntryPoint(void*)
                0x00000000c0050080                changeTSS
                0x00000000c00501bc                switchToThread(ThreadControlBlock*)
                0x00000000c00503a8                Process::addArgs(char**)
                0x00000000c00507b4                Process::Process(char const*, Process*, char**)
                0x00000000c00507b4                Process::Process(char const*, Process*, char**)
                0x00000000c0051020                Process::Process(bool, char const*, Process*, char**)
                0x00000000c0051020                Process::Process(bool, char const*, Process*, char**)
                0x00000000c0051814                taskStartupFunction
                0x00000000c005185c                Semaphore::Semaphore(int)
                0x00000000c005185c                Semaphore::Semaphore(int)
                0x00000000c00519c4                Mutex::Mutex()
                0x00000000c00519c4                Mutex::Mutex()
                0x00000000c0051a54                Process::createThread(void (*)(void*), void*, int)
                0x00000000c00520dc                Process::createUserThread()
                0x00000000c0052114                setupMultitasking(void (*)())
                0x00000000c0052330                schedule()
                0x00000000c005243c                Semaphore::tryAcquire()
                0x00000000c00526e4                Semaphore::assertLocked(char const*)
                0x00000000c0052858                blockTaskWithSchedulerLockAlreadyHeld(TaskState)
                0x00000000c00528d8                blockTask(TaskState)
                0x00000000c0052984                waitTask(int, int*, int)
                0x00000000c0052b2c                milliTenthSleepUntil(unsigned int)
                0x00000000c0052c9c                milliTenthSleep(unsigned int)
                0x00000000c0052cb0                sleep(unsigned int)
                0x00000000c0052ccc                Semaphore::acquire()
                0x00000000c005305c                taskReturned
                0x00000000c00530e4                Thr::processFromPID(int)
                0x00000000c0053268                unblockTask(ThreadControlBlock*)
                0x00000000c00533bc                cleanupTerminatedTask(ThreadControlBlock*)
                0x00000000c00543f8                cleanerTaskFunction(void*)
                0x00000000c0054654                terminateTask(int)
                0x00000000c005493c                Thr::terminateFromIRQ(int)
                0x00000000c005494c                Semaphore::release()
 .text          0x00000000c0054ca5     0x2eff vm86/vm8086.32
                0x00000000c0054ca5                Vm::inbv(unsigned short)
                0x00000000c0054cb8                Vm::outbv(unsigned short, unsigned char)
                0x00000000c0054d7f                Vm::realToLinear(unsigned short, unsigned short)
                0x00000000c0054d8f                Vm::getSegment(unsigned int)
                0x00000000c0054d97                Vm::getOffset(unsigned int)
                0x00000000c0054d9c                Vm::mainloop2()
                0x00000000c0054e29                Vm::mainVm8086Loop(void*)
                0x00000000c0054e5e                Vm::mainloop3(unsigned long)
                0x00000000c0054eaa                Vm::initialise8086()
                0x00000000c0054f54                Vm::finish8086()
                0x00000000c0055019                Vm::getOutput8086(unsigned char*)
                0x00000000c005503e                Vm::start8086FromBuffer(unsigned char*, int, unsigned short, unsigned short, unsigned short, unsigned short)
                0x00000000c00551ff                Vm::start8086(char const*, unsigned short, unsigned short, unsigned short, unsigned short)
                0x00000000c00555d9                Vm::doISR(regs*, int, unsigned char*, unsigned short, unsigned short)
                0x00000000c0055921                Vm::readByteFromReal(unsigned short, unsigned short)
                0x00000000c005594e                Vm::readWordFromReal(unsigned short, unsigned short)
                0x00000000c0055980                Vm::readDwordFromReal(unsigned short, unsigned short)
                0x00000000c00559b1                Vm::writeByteFromReal(unsigned short, unsigned short, unsigned char)
                0x00000000c00559e2                Vm::writeWordFromReal(unsigned short, unsigned short, unsigned short)
                0x00000000c0055a16                Vm::writeDwordFromReal(unsigned short, unsigned short, unsigned int)
                0x00000000c0055a4b                Vm::faultHandler(regs*)
 .text          0x00000000c0057ba4     0x20ed arch/i386/hal.32
                0x00000000c0057ba4                noCopro(unsigned long)
                0x00000000c0057ba5                nmiHandler(regs*, void*)
                0x00000000c0057bdf                doubleFault(regs*, void*)
                0x00000000c0057bf8                displayDebugInfo(regs*)
                0x00000000c0058bbd                HalSystemIdle()
                0x00000000c0058cfe                displayProgramFault(char const*)
                0x00000000c0058e7e                gpFault(regs*, void*)
                0x00000000c0058ee5                pgFault(regs*, void*)
                0x00000000c005905a                otherISRHandler(regs*, void*)
                0x00000000c005908e                opcodeFault(regs*, void*)
                0x00000000c0059265                i386SaveCoprocessor(void*)
                0x00000000c0059279                i386LoadCoprocessor(void*)
                0x00000000c005928d                x87EmulHandler(regs*, void*)
                0x00000000c00593d2                HalInitialiseCoprocessor()
                0x00000000c00594db                HalPanic(char const*)
                0x00000000c005975e                HalQueryPerformanceCounter()
                0x00000000c00597f0                HalInitialise()
                0x00000000c0059bc2                HalMakeBeep(int)
                0x00000000c0059bfc                HalGetRand()
                0x00000000c0059bff                HalEndOfInterrupt(int)
                0x00000000c0059c8e                HalRestart()
                0x00000000c0059c8f                HalShutdown()
                0x00000000c0059c90                HalSleep()
 *fill*         0x00000000c0059c91        0x3 
 .text          0x00000000c0059c94      0x30c arch/i386/pic.32
                0x00000000c0059c94                picIoWait()
                0x00000000c0059c9c                picDisable()
                0x00000000c0059cd0                picGetIRQReg(int)
                0x00000000c0059d78                picOpen()
                0x00000000c0059efc                picEOI(int)
 .text          0x00000000c0059fa0      0xdd9 arch/i386/rtc.32
                0x00000000c0059fa0                RTC::open(int, int, void*)
                0x00000000c0059fa4                RTC::close(int, int, void*)
                0x00000000c0059fa8                RTC::~RTC()
                0x00000000c0059fa8                RTC::~RTC()
                0x00000000c005a078                RTC::~RTC()
                0x00000000c005a0a2                RTC::timeInSecondsUTC()
                0x00000000c005a0f2                RTC::timeInDatetimeUTC()
                0x00000000c005a188                RTC::setTimeInSecondsUTC(unsigned long long)
                0x00000000c005a236                RTC::get_update_in_progress_flag()
                0x00000000c005a26e                RTC::completeRTCRefresh()
                0x00000000c005a73c                RTC::setTimeInDatetimeUTC(datetime_t)
                0x00000000c005aa18                rtcIRQHandler(regs*, void*)
                0x00000000c005aaf6                RTC::RTC()
                0x00000000c005aaf6                RTC::RTC()
 *fill*         0x00000000c005ad79        0x3 
 .text          0x00000000c005ad7c      0x590 arch/i386/vga.32
                0x00000000c005ad7c                HalConsoleScroll(int, int)
                0x00000000c005b128                HalConsoleWriteCharacter(char, int, int, int, int)
                0x00000000c005b284                HalConsoleCursorUpdate(int, int)
 .text          0x00000000c005b30c     0x30f7 fs/fat/vfslink.32
                0x00000000c005b30c                FAT::getName()
                0x00000000c005b314                FAT::tell(void*, unsigned long long*)
                0x00000000c005b3d8                FAT::stat(void*, unsigned long long*)
                0x00000000c005b49c                FAT::~FAT()
                0x00000000c005b49c                FAT::~FAT()
                0x00000000c005b580                FAT::~FAT()
                0x00000000c005b5a8                FAT::getlabel(LogicalDisk*, int, char*, unsigned int*)
                0x00000000c005b92c                FAT::setlabel(LogicalDisk*, int, char*)
                0x00000000c005bccc                FAT::format(LogicalDisk*, int, char const*, int)
                0x00000000c005c194                FAT::tryMount(LogicalDisk*, int)
                0x00000000c005c67c                FAT::allocateSwapfile(char const*, int)
                0x00000000c005cb9c                FAT::readDir(void*, unsigned long, void*, int*)
                0x00000000c005cd3c                FAT::read(void*, unsigned long, void*, int*)
                0x00000000c005cdcc                FAT::write(void*, unsigned long, void*, int*)
                0x00000000c005ce5c                FAT::close(void*)
                0x00000000c005ceb0                FAT::closeDir(void*)
                0x00000000c005cf04                FAT::seek(void*, unsigned long long)
                0x00000000c005cf5c                fatWrapperReadDisk
                0x00000000c005d064                fatWrapperWriteDisk
                0x00000000c005d16c                fatWrapperIoctl
                0x00000000c005d6ec                FAT::FAT()
                0x00000000c005d6ec                FAT::FAT()
                0x00000000c005d8b4                FAT::fixFilepath(char*)
                0x00000000c005da48                FAT::open(char const*, void**, FileOpenMode)
                0x00000000c005dc44                FAT::openDir(char const*, void**)
                0x00000000c005dd80                FAT::stat(char const*, unsigned long long*, bool*)
                0x00000000c005defc                FAT::unlink(char const*)
                0x00000000c005dfac                FAT::chfatattr(char const*, unsigned char, unsigned char)
                0x00000000c005e18c                FAT::rename(char const*, char const*)
                0x00000000c005e2b4                FAT::mkdir(char const*)
                0x00000000c005e364                FAT::exists(char const*)
 *fill*         0x00000000c005e403        0x1 
 .text          0x00000000c005e404      0x198 fs/iso9660/helper.32
                0x00000000c005e404                isoReadDiscSectorHelper
                0x00000000c005e564                iso_kprintf
                0x00000000c005e580                iso_kprintfd
 .text          0x00000000c005e59c     0x14a6 fs/iso9660/vfslink.32
                0x00000000c005e59c                ISO9660::format(LogicalDisk*, int, char const*, int)
                0x00000000c005e5a2                ISO9660::getName()
                0x00000000c005e5a8                ISO9660::chfatattr(char const*, unsigned char, unsigned char)
                0x00000000c005e5ae                ISO9660::unlink(char const*)
                0x00000000c005e5b4                ISO9660::write(void*, unsigned long, void*, int*)
                0x00000000c005e5ba                ISO9660::rename(char const*, char const*)
                0x00000000c005e5c0                ISO9660::mkdir(char const*)
                0x00000000c005e5c6                ISO9660::~ISO9660()
                0x00000000c005e5c6                ISO9660::~ISO9660()
                0x00000000c005e696                ISO9660::~ISO9660()
                0x00000000c005e6be                ISO9660::exists(char const*)
                0x00000000c005e6d2                ISO9660::seek(void*, unsigned long long)
                0x00000000c005e714                ISO9660::close(void*)
                0x00000000c005e744                ISO9660::closeDir(void*)
                0x00000000c005e7d0                ISO9660::read(void*, unsigned long, void*, int*)
                0x00000000c005e832                ISO9660::tell(void*, unsigned long long*)
                0x00000000c005e89a                ISO9660::stat(void*, unsigned long long*)
                0x00000000c005e906                ISO9660::readDir(void*, unsigned long, void*, int*)
                0x00000000c005eb5a                ISO9660::open(char const*, void**, FileOpenMode)
                0x00000000c005ef22                ISO9660::stat(char const*, unsigned long long*, bool*)
                0x00000000c005f362                ISO9660::openDir(char const*, void**)
                0x00000000c005f7c6                readSectorFromCDROM(unsigned int, unsigned char*, char)
                0x00000000c005f8e6                ISO9660::tryMount(LogicalDisk*, int)
                0x00000000c005f96e                ISO9660::ISO9660()
                0x00000000c005f96e                ISO9660::ISO9660()
 .text          0x00000000c005fa42      0xb96 hal/sound/sndcard.32
                0x00000000c005fa42                SoundCard::beginPlayback()
                0x00000000c005fa50                SoundCard::stopPlayback()
                0x00000000c005fa5e                SoundCard::SoundCard(char const*)
                0x00000000c005fa5e                SoundCard::SoundCard(char const*)
                0x00000000c005fde6                SoundCard::~SoundCard()
                0x00000000c005fde6                SoundCard::~SoundCard()
                0x00000000c005feb6                SoundCard::~SoundCard()
                0x00000000c005fee0                SoundCard::configureRates(int, int, int)
                0x00000000c005ffde                SoundCard::getSamples16(int, short*)
                0x00000000c0060186                SoundCard::getSamples32(int, int*)
                0x00000000c006049e                SoundCard::addChannel(SoundPort*)
                0x00000000c0060568                SoundCard::removeChannel(int)
 .text          0x00000000c00605d8     0x1c81 hal/sound/sndport.32
                0x00000000c00605d8                SoundPort::SoundPort(int, int, int, int)
                0x00000000c00605d8                SoundPort::SoundPort(int, int, int, int)
                0x00000000c0060974                SoundPort::~SoundPort()
                0x00000000c0060974                SoundPort::~SoundPort()
                0x00000000c0060abc                SoundPort::unpause()
                0x00000000c0060b0c                SoundPort::pause()
                0x00000000c0060b5c                SoundPort::getBufferUsed()
                0x00000000c0060ba8                SoundPort::getBufferSize()
                0x00000000c0060bf4                SoundPort::buffer16(short*, int)
                0x00000000c0061164                SoundPort::buffer32(int*, int)
                0x00000000c00616c4                SoundPort::unbufferAndAdd16(int, short*, SoundCard*)
                0x00000000c0061c1c                SoundPort::unbufferAndAdd32(int, int*, SoundCard*)
 .text          0x00000000c0062259        0x0 hw/bus/isa.32
 *fill*         0x00000000c0062259        0x1 
 .text          0x00000000c006225a     0x243f hw/bus/pci.32
                0x00000000c006225a                PCI::close(int, int, void*)
                0x00000000c006225e                PCI::open(int, int, void*)
                0x00000000c006231e                PCI::PCI()
                0x00000000c006231e                PCI::PCI()
                0x00000000c00626f0                PCI::readBAR8(unsigned int, int)
                0x00000000c006272a                PCI::readBAR16(unsigned int, int)
                0x00000000c006276a                PCI::readBAR32(unsigned int, int)
                0x00000000c00627a8                PCI::writeBAR8(unsigned int, unsigned char, int)
                0x00000000c00627ec                PCI::writeBAR16(unsigned int, unsigned short, int)
                0x00000000c006282e                PCI::writeBAR32(unsigned int, unsigned int, int)
                0x00000000c0062872                PCI::legacyMechanism(unsigned char, unsigned char, unsigned char, unsigned char)
                0x00000000c00628e8                PCI::pciReadWord(unsigned char, unsigned char, unsigned char, unsigned char)
                0x00000000c0062a20                PCI::getVendorID(unsigned char, unsigned char, unsigned char)
                0x00000000c0062a76                PCI::getHeaderType(unsigned char, unsigned char, unsigned char)
                0x00000000c0062ace                PCI::getClassCode(unsigned char, unsigned char, unsigned char)
                0x00000000c0062b62                PCI::getProgIF(unsigned char, unsigned char, unsigned char)
                0x00000000c0062bba                PCI::getRevisionID(unsigned char, unsigned char, unsigned char)
                0x00000000c0062c10                PCI::getInterruptNumber(unsigned char, unsigned char, unsigned char)
                0x00000000c0062c66                PCI::getSecondaryBus(unsigned char, unsigned char, unsigned char)
                0x00000000c0062cbe                PCI::getBARAddress(unsigned char, unsigned char, unsigned char, unsigned char)
                0x00000000c0062d70                PCI::pciWriteWord(unsigned char, unsigned char, unsigned char, unsigned char, unsigned short)
                0x00000000c0062edc                PCI::pciDetailsToFilepath(PCIDeviceInfo, char*)
                0x00000000c0063982                PCI::checkBus(unsigned char)
                0x00000000c00639c2                PCI::foundDevice(PCIDeviceInfo)
                0x00000000c0063f60                PCI::getDeviceData(unsigned char, unsigned char, unsigned char)
                0x00000000c00644de                PCI::checkDevice(unsigned char, unsigned char)
                0x00000000c00645d8                PCI::detect()
 *fill*         0x00000000c0064699        0x1 
 .text          0x00000000c006469a     0x33da hw/diskctrl/ide.32
                0x00000000c006469a                IDE::close(int, int, void*)
                0x00000000c006469e                IDE::IDE()
                0x00000000c006469e                IDE::IDE()
                0x00000000c00647c6                IDE::prepareInterrupt(unsigned char)
                0x00000000c0064827                selectDrive(unsigned char, unsigned char)
                0x00000000c0064828                IDE::getBase(unsigned char)
                0x00000000c006488a                IDE::write(unsigned char, unsigned char, unsigned char)
                0x00000000c0064b60                IDE::read(unsigned char, unsigned char)
                0x00000000c0064e28                IDE::waitInterrupt(unsigned char)
                0x00000000c0064f4d                ideChannel0IRQHandler(regs*, void*)
                0x00000000c0064fbc                ideChannel1IRQHandler(regs*, void*)
                0x00000000c006502c                IDE::enableIRQs(unsigned char, bool)
                0x00000000c0065142                IDE::open(int, int, void*)
                0x00000000c00667d8                IDE::readBuffer(unsigned char, unsigned char, unsigned int, unsigned int)
                0x00000000c0066aca                IDE::detect()
                0x00000000c00678be                IDE::printError(unsigned char, unsigned char, unsigned char)
                0x00000000c00679ee                IDE::polling(unsigned char, unsigned int)
 .text          0x00000000c0067a74      0xf7b hw/diskctrl/satabus.32
                0x00000000c0067a74                SATABus::close(int, int, void*)
                0x00000000c0067a78                SATABus::detect()
                0x00000000c0067a7a                SATABus::SATABus()
                0x00000000c0067a7a                SATABus::SATABus()
                0x00000000c0067cf0                SATABus::findCmdslot(SATABus::tagHBA_PORT volatile*)
                0x00000000c0067de4                SATABus::checkType(SATABus::tagHBA_PORT volatile*)
                0x00000000c0067e7e                SATABus::startCmd(SATABus::tagHBA_PORT volatile*)
                0x00000000c0067f0a                SATABus::stopCmd(SATABus::tagHBA_PORT volatile*)
                0x00000000c0067fb8                SATABus::portRebase(SATABus::tagHBA_PORT volatile*, int)
                0x00000000c00685f0                SATABus::probePort(SATABus::tagHBA_MEM volatile*)
                0x00000000c0068944                SATABus::open(int, int, void*)
 *fill*         0x00000000c00689ef        0x1 
 .text          0x00000000c00689f0     0x195e hw/diskphys/ata.32
                0x00000000c00689f0                ATA::powerSaving(PowerSavingLevel)
                0x00000000c00689f2                ATA::close(int, int, void*)
                0x00000000c0068a96                ATA::ATA()
                0x00000000c0068a96                ATA::ATA()
                0x00000000c0068b70                ATA::flush(bool)
                0x00000000c0068c9e                ATA::readyForCommand()
                0x00000000c0068d96                ATA::access(unsigned long long, int, void*, bool)
                0x00000000c0069940                ATA::detectCHS()
                0x00000000c0069a3a                ATA::open(int, int, void*)
                0x00000000c0069f41                combineCharAndColour(char, unsigned char)
                0x00000000c0069f52                combineColours(unsigned char, unsigned char)
                0x00000000c0069f60                ATA::read(unsigned long long, int, void*)
                0x00000000c006a156                ATA::write(unsigned long long, int, void*)
 .text          0x00000000c006a34e     0x1731 hw/diskphys/atapi.32
                0x00000000c006a34e                ATAPI::write(unsigned long long, int, void*)
                0x00000000c006a354                ATAPI::close(int, int, void*)
                0x00000000c006a3f8                ATAPI::ATAPI()
                0x00000000c006a3f8                ATAPI::ATAPI()
                0x00000000c006a4d2                ATAPI::readyForCommand()
                0x00000000c006a5d0                ATAPI::sendPacket(unsigned char*, int, bool, unsigned short*, int)
                0x00000000c006b0ac                ATAPI::diskRemoved()
                0x00000000c006b1e2                ATAPI::eject()
                0x00000000c006b25e                ATAPI::diskInserted()
                0x00000000c006b2aa                ATAPI::detectMedia()
                0x00000000c006b4a0                ATAPI::open(int, int, void*)
                0x00000000c006b942                ATAPI::read(unsigned long long, int, void*)
 *fill*         0x00000000c006ba7f        0x1 
 .text          0x00000000c006ba80     0x131b hw/diskphys/sata.32
                0x00000000c006ba80                SATA::powerSaving(PowerSavingLevel)
                0x00000000c006ba82                SATA::close(int, int, void*)
                0x00000000c006bb26                SATA::open(int, int, void*)
                0x00000000c006bd80                SATA::SATA()
                0x00000000c006bd80                SATA::SATA()
                0x00000000c006be5a                SATA::access(unsigned long long, int, void*, bool)
                0x00000000c006c86a                SATA::read(unsigned long long, int, void*)
                0x00000000c006cae6                SATA::write(unsigned long long, int, void*)
 *fill*         0x00000000c006cd9b        0x1 
 .text          0x00000000c006cd9c     0x16c5 hw/diskphys/satapi.32
                0x00000000c006cd9c                SATAPI::write(unsigned long long, int, void*)
                0x00000000c006cda2                SATAPI::close(int, int, void*)
                0x00000000c006ce46                SATAPI::SATAPI()
                0x00000000c006ce46                SATAPI::SATAPI()
                0x00000000c006cf20                SATAPI::diskRemoved()
                0x00000000c006cf22                SATAPI::diskInserted()
                0x00000000c006cf7a                SATAPI::sendPacket(unsigned char*, int, unsigned long long, unsigned short*, int)
                0x00000000c006db16                SATAPI::eject()
                0x00000000c006dbce                SATAPI::detectMedia()
                0x00000000c006de6e                SATAPI::open(int, int, void*)
                0x00000000c006e1d6                SATAPI::read(unsigned long long, int, void*)
 *fill*         0x00000000c006e461        0x1 
 .text          0x00000000c006e462     0x128b hw/intctrl/apic.32
                0x00000000c006e462                IOAPIC::close(int, int, void*)
                0x00000000c006e468                apicGetBase()
                0x00000000c006e516                IOAPIC::IOAPIC()
                0x00000000c006e516                IOAPIC::IOAPIC()
                0x00000000c006e5ea                apicOpen()
                0x00000000c006ebe2                IOAPIC::handlesGSIWithNumber(unsigned int)
                0x00000000c006ecf4                IOAPIC::read(int)
                0x00000000c006edc8                IOAPIC::open(int, int, void*)
                0x00000000c006f3f4                IOAPIC::write(int, int)
                0x00000000c006f4d0                IOAPIC::redirect(unsigned char, unsigned long long, unsigned char, bool, bool)
 *fill*         0x00000000c006f6ed        0x3 
 .text          0x00000000c006f6f0      0x45c hw/timer/apictimer.32
                0x00000000c006f6f0                APICTimer::close(int, int, void*)
                0x00000000c006f6f8                apicTimerHandler(regs*, void*)
                0x00000000c006f764                APICTimer::open(int, int, void*)
                0x00000000c006f9ec                APICTimer::write(int)
                0x00000000c006fa64                APICTimer::APICTimer()
                0x00000000c006fa64                APICTimer::APICTimer()
 .text          0x00000000c006fb4c      0x741 hw/timer/pit.32
                0x00000000c006fb4c                PIT::write(int)
                0x00000000c006fc48                pitHandler(regs*, void*)
                0x00000000c006fc98                PIT::open(int, int, void*)
                0x00000000c006fe10                PIT::close(int, int, void*)
                0x00000000c006fedc                PIT::PIT()
                0x00000000c006fedc                PIT::PIT()
 *fill*         0x00000000c007028d        0x3 
 .text          0x00000000c0070290       0x83 arch/i386/avx.32
                0x00000000c0070290                avxDetect
                0x00000000c00702ba                avxSave
                0x00000000c00702cb                avxLoad
                0x00000000c00702dc                avxInit
                0x00000000c00702fe                avxClose
                0x00000000c00702ff                wouldSheSayYes
 *fill*         0x00000000c0070313        0xd 
 .text          0x00000000c0070320      0x2ec arch/i386/interrupt.32
                0x00000000c0070320                isr0
                0x00000000c0070330                isr1
                0x00000000c007033a                isr2
                0x00000000c0070344                isr3
                0x00000000c007034e                isr4
                0x00000000c0070358                isr5
                0x00000000c0070362                isr6
                0x00000000c007036c                isr7
                0x00000000c0070376                isr8
                0x00000000c007037e                isr9
                0x00000000c0070388                isr10
                0x00000000c0070390                isr11
                0x00000000c0070398                isr12
                0x00000000c00703a0                isr13
                0x00000000c00703ba                isr14
                0x00000000c00703c2                isr15
                0x00000000c00703cc                isr16
                0x00000000c00703d6                isr17
                0x00000000c00703e0                isr18
                0x00000000c00703ea                irq3
                0x00000000c00703f4                irq4
                0x00000000c00703fe                irq5
                0x00000000c0070408                irq6
                0x00000000c0070412                irq7
                0x00000000c007041c                irq8
                0x00000000c0070426                irq9
                0x00000000c0070430                irq10
                0x00000000c007043a                irq11
                0x00000000c0070444                irq12
                0x00000000c007044e                irq13
                0x00000000c0070458                irq14
                0x00000000c0070462                irq15
                0x00000000c007046c                irq1
                0x00000000c0070473                irq2
                0x00000000c007047a                isr96
                0x00000000c0070481                irq0
                0x00000000c0070486                int_common_stub
                0x00000000c00704b8                syscall_common_stub
                0x00000000c00705bc                irq16
                0x00000000c00705c6                irq17
                0x00000000c00705d0                irq18
                0x00000000c00705da                irq19
                0x00000000c00705e4                irq20
                0x00000000c00705ee                irq21
                0x00000000c00705f8                irq22
                0x00000000c0070602                irq23
 *fill*         0x00000000c007060c        0x4 
 .text          0x00000000c0070610       0x10 arch/i386/rdrand.32
                0x00000000c0070610                i386GetRDRAND
 .text          0x00000000c0070620       0x39 arch/i386/sse.32
                0x00000000c0070620                absolutelyNoChanceInHell
                0x00000000c0070620                sseDetect
                0x00000000c0070638                sseSave
                0x00000000c0070640                sseLoad
                0x00000000c0070648                sseInit
                0x00000000c0070658                sseClose
 *fill*         0x00000000c0070659        0x7 
 .text          0x00000000c0070660       0x49 arch/i386/x87.32
                0x00000000c0070666                x87Detect
                0x00000000c0070681                x87Save
                0x00000000c0070688                x87Load
                0x00000000c007068f                x87Init
                0x00000000c00706a8                x87Close
 *fill*         0x00000000c00706a9        0x3 
 .text          0x00000000c00706ac       0x25 /cygdrive/d/Users/Alex/Desktop/Toolchain/Output/bin/../lib/gcc/i386-banana/8.1.0/crtend.o
 .text          0x00000000c00706d1        0x0 crtn.32
 *fill*         0x00000000c00706d1        0x3 
 .text          0x00000000c00706d4      0x14b /cygdrive/d/Users/Alex/Desktop/Toolchain/Output/bin/../lib/gcc/i386-banana/8.1.0/libkgcc.a(_divdi3.o)