Archive member included to satisfy reference by file (symbol)

/cygdrive/d/Users/Alex/Desktop/Toolchain/Output/bin/../lib/gcc/i386-banana/8.1.0/libkgcc.a(_divdi3.o)
                              fs/fat/ff.32 (__divdi3)
/cygdrive/d/Users/Alex/Desktop/Toolchain/Output/bin/../lib/gcc/i386-banana/8.1.0/libkgcc.a(_moddi3.o)
                              thr/elf.32 (__moddi3)
/cygdrive/d/Users/Alex/Desktop/Toolchain/Output/bin/../lib/gcc/i386-banana/8.1.0/libkgcc.a(_udivdi3.o)
                              fs/fat/ff.32 (__udivdi3)
/cygdrive/d/Users/Alex/Desktop/Toolchain/Output/bin/../lib/gcc/i386-banana/8.1.0/libkgcc.a(_umoddi3.o)
                              core/pipe.32 (__umoddi3)
D:/Users/Alex/Desktop/Banana/kernel/libsoftfp.a(sfieeelib.o)
                              hal/sound/sndhw.32 (__addsf3)
D:/Users/Alex/Desktop/Banana/kernel/libsoftfp.a(dfieeelib.o)
                              hal/libresample/src_linear.32 (__adddf3)
D:/Users/Alex/Desktop/Banana/kernel/libsoftfp.a(sfdfcvt.o)
                              hal/libresample/samplerate.32 (__truncdfsf2)
D:/Users/Alex/Desktop/Banana/kernel/libk/libm32.a(s_fabs.c.o)
                              hal/libresample/samplerate.32 (fabs)
D:/Users/Alex/Desktop/Banana/kernel/libk/libm32.a(s_lrint.S.o)
                              hal/libresample/samplerate.32 (lrint)
D:/Users/Alex/Desktop/Banana/kernel/libk/libm32.a(s_lrintf.S.o)
                              hal/sound/sndhw.32 (lrintf)

Discarded input sections

 .comment       0x0000000000000000       0x12 /cygdrive/d/Users/Alex/Desktop/Toolchain/Output/bin/../lib/gcc/i386-banana/8.1.0/crtbegin.o
 .comment       0x0000000000000000       0x12 acpica/utclib.32
 .comment       0x0000000000000000       0x12 core/malloc.32
 .comment       0x0000000000000000       0x12 libk/string.32
 .comment       0x0000000000000000       0x12 fs/fat/diskio.32
 .comment       0x0000000000000000       0x12 fs/fat/ff.32
 .comment       0x0000000000000000       0x12 fs/fat/ffsystem.32
 .comment       0x0000000000000000       0x12 fs/fat/ffunicode.32
 .comment       0x0000000000000000       0x12 hal/libresample/samplerate.32
 .comment       0x0000000000000000       0x12 hal/libresample/src_linear.32
 .comment       0x0000000000000000       0x12 hal/libresample/src_sinc.32
 .comment       0x0000000000000000       0x12 hal/libresample/src_zoh.32
 .comment       0x0000000000000000       0x12 compat/inlines.32
 .group         0x0000000000000000       0x14 core/computer.32
 .group         0x0000000000000000        0xc core/computer.32
 .comment       0x0000000000000000       0x12 core/computer.32
 .comment       0x0000000000000000       0x12 core/gdt.32
 .group         0x0000000000000000        0xc core/idle.32
 .comment       0x0000000000000000       0x12 core/idle.32
 .comment       0x0000000000000000       0x12 core/idt.32
 .comment       0x0000000000000000       0x12 core/kheap.32
 .comment       0x0000000000000000       0x12 core/main.32
 .comment       0x0000000000000000       0x12 core/physmgr.32
 .group         0x0000000000000000        0xc core/pipe.32
 .comment       0x0000000000000000       0x12 core/pipe.32
 .group         0x0000000000000000        0xc core/terminal.32
 .comment       0x0000000000000000       0x12 core/terminal.32
 .comment       0x0000000000000000       0x12 core/tss.32
 .group         0x0000000000000000        0x8 core/unixfile.32
 .group         0x0000000000000000        0xc core/unixfile.32
 .group         0x0000000000000000        0xc core/unixfile.32
 .group         0x0000000000000000        0x8 core/unixfile.32
 .group         0x0000000000000000        0xc core/unixfile.32
 .group         0x0000000000000000        0x8 core/unixfile.32
 .group         0x0000000000000000        0xc core/unixfile.32
 .group         0x0000000000000000        0xc core/unixfile.32
 .comment       0x0000000000000000       0x12 core/unixfile.32
 .comment       0x0000000000000000       0x12 core/virtmgr.32
 .comment       0x0000000000000000       0x12 coreobjs/c++.32
 .comment       0x0000000000000000       0x12 dbg/kconsole.32
 .group         0x0000000000000000        0xc fs/vfs.32
 .group         0x0000000000000000        0xc fs/vfs.32
 .group         0x0000000000000000        0xc fs/vfs.32
 .comment       0x0000000000000000       0x12 fs/vfs.32
 .group         0x0000000000000000        0xc hal/bus.32
 .comment       0x0000000000000000       0x12 hal/bus.32
 .group         0x0000000000000000        0xc hal/buzzer.32
 .comment       0x0000000000000000       0x12 hal/buzzer.32
 .group         0x0000000000000000        0xc hal/clock.32
 .comment       0x0000000000000000       0x12 hal/clock.32
 .group         0x0000000000000000       0x14 hal/device.32
 .group         0x0000000000000000        0xc hal/device.32
 .group         0x0000000000000000        0xc hal/device.32
 .group         0x0000000000000000        0xc hal/device.32
 .group         0x0000000000000000        0xc hal/device.32
[...]
Memory Configuration

Name             Origin             Length             Attributes
*default*        0x0000000000000000 0xffffffffffffffff

Linker script and memory map

LOAD D:/Users/Alex/Desktop/Banana/kernel/boot.32
LOAD crti.32
LOAD /cygdrive/d/Users/Alex/Desktop/Toolchain/Output/bin/../lib/gcc/i386-banana/8.1.0/crtbegin.o
LOAD D:/Users/Alex/Desktop/Banana/kernel/morenasm.32
LOAD acpica/utclib.32
LOAD core/malloc.32
LOAD libk/string.32
LOAD fs/fat/diskio.32
LOAD fs/fat/ff.32
LOAD fs/fat/ffsystem.32
LOAD fs/fat/ffunicode.32
LOAD hal/libresample/samplerate.32
LOAD hal/libresample/src_linear.32
LOAD hal/libresample/src_sinc.32
LOAD hal/libresample/src_zoh.32
LOAD compat/inlines.32
LOAD core/computer.32
LOAD core/gdt.32
LOAD core/idle.32
LOAD core/idt.32
LOAD core/kheap.32
LOAD core/main.32
LOAD core/physmgr.32
LOAD core/pipe.32
LOAD core/terminal.32
LOAD core/tss.32
LOAD core/unixfile.32
LOAD core/virtmgr.32
LOAD coreobjs/c++.32
LOAD dbg/kconsole.32
LOAD fs/vfs.32
LOAD hal/bus.32
LOAD hal/buzzer.32
LOAD hal/clock.32
LOAD hal/device.32
LOAD hal/diskctrl.32
LOAD hal/diskphys.32
LOAD hal/fpu.32
LOAD hal/intctrl.32
LOAD hal/keybrd.32
LOAD hal/logidisk.32
LOAD hal/mouse.32
LOAD hal/partition.32
LOAD hal/serial.32
LOAD hal/timer.32
LOAD hal/vcache.32
LOAD hal/video.32
LOAD hw/acpi.32
LOAD hw/cpu.32
LOAD hw/ports.32
LOAD krnl/env.32
LOAD krnl/panic.32
LOAD net/ethernet.32
LOAD reg/registry.32
LOAD sys/sc_exit.32
LOAD sys/sc_getcwd.32
LOAD sys/sc_getpid.32
LOAD sys/sc_loaddll.32
LOAD sys/sc_read.32
LOAD sys/sc_sbrk.32
LOAD sys/sc_setcwd.32
LOAD sys/sc_settime.32
LOAD sys/sc_write.32
LOAD sys/sc_yield.32
LOAD sys/syscalls.32
LOAD thr/elf.32
LOAD thr/prcssthr.32
LOAD vm86/vm8086.32
LOAD vm86/x87em.32
LOAD fs/fat/vfslink.32
LOAD fs/iso9660/vfslink.32
LOAD hal/sound/sndchannel.32
LOAD hal/sound/sndhw.32
LOAD hw/bus/isa.32
LOAD hw/bus/pci.32
LOAD hw/diskctrl/ide.32
LOAD hw/diskctrl/satabus.32
LOAD hw/diskphys/ata.32
LOAD hw/diskphys/atapi.32
LOAD hw/diskphys/sata.32
LOAD hw/fpu/avx.32
LOAD hw/fpu/mmx.32
LOAD hw/fpu/sse.32
LOAD hw/fpu/x87.32
LOAD hw/intctrl/apic.32
LOAD hw/intctrl/pic.32
LOAD hw/timer/apictimer.32
LOAD hw/timer/pit.32
LOAD hw/fpu/x86/avx.32
LOAD hw/fpu/x86/sse.32
LOAD hw/fpu/x86/x87.32
LOAD /cygdrive/d/Users/Alex/Desktop/Toolchain/Output/bin/../lib/gcc/i386-banana/8.1.0/crtend.o
LOAD crtn.32
LOAD /cygdrive/d/Users/Alex/Desktop/Toolchain/Output/bin/../lib/gcc/i386-banana/8.1.0/libkgcc.a
LOAD D:/Users/Alex/Desktop/Banana/kernel/libsoftfp.a
LOAD D:/Users/Alex/Desktop/Banana/kernel/libk/libm32.a
                0x00000000c0000000                . = 0xc0000000

.text           0x00000000c0000000    0x27108
 *(.text)
 .text          0x00000000c0000000       0x41 D:/Users/Alex/Desktop/Banana/kernel/boot.32
                0x00000000c0000020                callGlobalConstructors
 .text          0x00000000c0000041        0x0 crti.32
 *fill*         0x00000000c0000041        0x3 
 .text          0x00000000c0000044      0x101 /cygdrive/d/Users/Alex/Desktop/Toolchain/Output/bin/../lib/gcc/i386-banana/8.1.0/crtbegin.o
 *fill*         0x00000000c0000145        0xb 
 .text          0x00000000c0000150      0x4a2 D:/Users/Alex/Desktop/Banana/kernel/morenasm.32
                0x00000000c0000150                prepareTramp
                0x00000000c0000169                voodooXADD
                0x00000000c0000234                doTPAUSE
                0x00000000c000023e                hasLegacyFPU
                0x00000000c0000263                is486
                0x00000000c0000299                detectCPUID
                0x00000000c00002af                goToVM86
                0x00000000c00002df                goToUsermode
                0x00000000c0000309                switchToThreadASMFirstTime
                0x00000000c0000317                switchToThreadASM
                0x00000000c000039f                asmQuickAcquireLock
                0x00000000c00003bd                asmQuickReleaseLock
                0x00000000c00003c9                asmAcquireLock
                0x00000000c00003ea                asmReleaseLock
                0x00000000c00003fd                loadGDT
                0x00000000c000041d                isr0
                0x00000000c000042d                isr1
                0x00000000c0000437                isr2
                0x00000000c0000441                isr3
                0x00000000c000044b                isr4
                0x00000000c0000455                isr5
                0x00000000c000045f                isr6
                0x00000000c0000469                isr7
                0x00000000c0000473                isr8
                0x00000000c000047b                isr9
                0x00000000c0000485                isr10
                0x00000000c000048d                isr11
                0x00000000c0000495                isr12
                0x00000000c000049d                isr13
                0x00000000c00004a5                isr14
                0x00000000c00004ad                isr15
                0x00000000c00004b7                isr16
                0x00000000c00004c1                isr17
                0x00000000c00004cb                isr18
                0x00000000c00004d5                irq3
                0x00000000c00004df                irq4
                0x00000000c00004e9                irq5
                0x00000000c00004f3                irq6
                0x00000000c00004fd                irq7
                0x00000000c0000507                irq8
                0x00000000c0000511                irq9
                0x00000000c000051b                irq10
                0x00000000c0000525                irq11
                0x00000000c000052f                irq12
                0x00000000c0000539                irq13
                0x00000000c0000543                irq14
                0x00000000c000054d                irq15
                0x00000000c0000557                irq1
                0x00000000c000055e                irq2
                0x00000000c0000565                isr96
                0x00000000c000056c                irq0
                0x00000000c0000571                syscall_common_stub
                0x00000000c0000571                int_common_stub
                0x00000000c00005a2                irq16
                0x00000000c00005ac                irq17
                0x00000000c00005b6                irq18
                0x00000000c00005c0                irq19
                0x00000000c00005ca                irq20
                0x00000000c00005d4                irq21
                0x00000000c00005de                irq22
                0x00000000c00005e8                irq23
 .text          0x00000000c00005f2      0x40f acpica/utclib.32
                0x00000000c00005f2                memcmp
                0x00000000c000061d                memmove
                0x00000000c0000655                memcpy
                0x00000000c000068b                memset
                0x00000000c00006a8                strlen
                0x00000000c00006b8                strpbrk
                0x00000000c00006db                strtok
                0x00000000c000072a                strcpy
                0x00000000c000074a                strncpy
                0x00000000c000077b                strcmp
                0x00000000c000079c                strchr
                0x00000000c00007b2                strncmp
                0x00000000c00007e1                strcat
                0x00000000c0000808                strncat
                0x00000000c0000842                strstr
                0x00000000c000087f                toupper
                0x00000000c0000893                tolower
                0x00000000c00008a7                simple_strtoul
 .text          0x00000000c0000a01      0xfbf core/malloc.32
                0x00000000c0000b6c                dlfree
                0x00000000c0000ec7                dlmalloc
                0x00000000c0001404                dlrealloc
                0x00000000c00015b9                dlmemalign
                0x00000000c00016dc                dlcalloc
                0x00000000c0001776                dlcfree
                0x00000000c000177b                dlindependent_calloc
                0x00000000c00017a0                dlindependent_comalloc
                0x00000000c00017b7                dlvalloc
                0x00000000c00017e2                dlpvalloc
                0x00000000c0001818                dlmalloc_trim
                0x00000000c0001825                dlmalloc_usable_size
                0x00000000c0001856                dlmallinfo
                0x00000000c0001925                dlmalloc_stats
                0x00000000c0001936                dlmallopt
 .text          0x00000000c00019c0        0x0 libk/string.32
 .text          0x00000000c00019c0       0x51 fs/fat/diskio.32
                0x00000000c00019c0                disk_status
                0x00000000c00019c3                disk_initialize
                0x00000000c00019c6                disk_read
                0x00000000c00019dc                disk_write
                0x00000000c00019f2                disk_ioctl
 .text          0x00000000c0001a11     0x6833 fs/fat/ff.32
                0x00000000c0004cdf                f_mount
                0x00000000c0004d41                f_open
                0x00000000c000517d                f_read
                0x00000000c00053fd                f_write
                0x00000000c00056b7                f_sync
                0x00000000c0005893                f_close
                0x00000000c00058c2                f_lseek
                0x00000000c0005d79                f_opendir
                0x00000000c0005e7b                f_closedir
                0x00000000c0005e9d                f_readdir
                0x00000000c0005f38                f_stat
                0x00000000c0005fc7                f_getfree
                0x00000000c0006192                f_truncate
                0x00000000c000628a                f_unlink
                0x00000000c000640d                f_mkdir
                0x00000000c0006639                f_rename
                0x00000000c000692c                f_chmod
                0x00000000c0006a0a                f_utime
                0x00000000c0006ae8                f_getlabel
                0x00000000c0006cd6                f_setlabel
                0x00000000c0006f43                f_forward
                0x00000000c0007121                f_mkfs
 .text          0x00000000c0008244       0x2d fs/fat/ffsystem.32
                0x00000000c0008244                ff_memalloc
                0x00000000c000825a                ff_memfree
 .text          0x00000000c0008271      0x253 fs/fat/ffunicode.32
                0x00000000c0008271                ff_uni2oem
                0x00000000c0008301                ff_oem2uni
                0x00000000c000836d                ff_wtoupper
 .text          0x00000000c00084c4      0x8fb hal/libresample/samplerate.32
                0x00000000c0008508                src_delete
                0x00000000c0008544                src_process
                0x00000000c00086fa                src_callback_read
                0x00000000c0008877                src_set_ratio
                0x00000000c00088e1                src_get_channels
                0x00000000c0008903                src_reset
                0x00000000c000894f                src_new
                0x00000000c00089dd                src_callback_new
                0x00000000c0008a3f                src_get_name
                0x00000000c0008a76                src_get_description
                0x00000000c0008aad                src_get_version
                0x00000000c0008ab3                src_is_valid_ratio
                0x00000000c0008b07                src_error
                0x00000000c0008b15                src_strerror
                0x00000000c0008b28                src_simple
                0x00000000c0008b7b                src_short_to_float_array
                0x00000000c0008be0                src_float_to_short_array
                0x00000000c0008c9f                src_int_to_float_array
                0x00000000c0008d02                src_float_to_int_array
 .text          0x00000000c0008dbf      0x8cb hal/libresample/src_linear.32
                0x00000000c00095e5                linear_get_name
                0x00000000c00095f4                linear_get_description
                0x00000000c0009603                linear_set_converter
 .text          0x00000000c000968a     0x447c hal/libresample/src_sinc.32
                0x00000000c000da1d                sinc_get_name
                0x00000000c000da30                sinc_get_description
                0x00000000c000da43                sinc_set_converter
 .text          0x00000000c000db06      0x77c hal/libresample/src_zoh.32
                0x00000000c000e1dd                zoh_get_name
                0x00000000c000e1ec                zoh_get_description
                0x00000000c000e1fb                zoh_set_converter
 .text          0x00000000c000e282       0x23 compat/inlines.32
                0x00000000c000e282                CPU::current()
                0x00000000c000e28f                operator new(unsigned long)
 *fill*         0x00000000c000e2a5        0x1 
 .text          0x00000000c000e2a6      0xa0b core/computer.32
                0x00000000c000e2a6                Computer::close(int, int, void*)
                0x00000000c000e2ea                Computer::Computer()
                0x00000000c000e2ea                Computer::Computer()
                0x00000000c000e446                Computer::setBootMessage(char const*)
                0x00000000c000e448                Computer::start()
                0x00000000c000e51e                firstTask()
                0x00000000c000e52c                Computer::detectFeatures()
                0x00000000c000e736                Computer::displayFeatures()
                0x00000000c000ea7c                Computer::rdmsr(unsigned int)
                0x00000000c000eaa8                Computer::wrmsr(unsigned int, unsigned long long)
                0x00000000c000eae0                Computer::nmiEnabled()
                0x00000000c000eaec                Computer::readCMOS(unsigned char)
                0x00000000c000eb06                Computer::enableNMI(bool)
                0x00000000c000eb1e                Computer::open(int, int, void*)
                0x00000000c000ebf4                Computer::disableNMI()
                0x00000000c000ec02                Computer::writeCMOS(unsigned char, unsigned char)
                0x00000000c000ec20                Computer::handleNMI()
                0x00000000c000ec86                Computer::setDiskActivityLight(int, bool)
 *fill*         0x00000000c000ecb1        0x1 
 .text          0x00000000c000ecb2      0x1b7 core/gdt.32
                0x00000000c000ecb2                GDTEntry::setBase(unsigned int)
                0x00000000c000ecce                GDTEntry::setLimit(unsigned int)
                0x00000000c000ecec                GDT::GDT()
                0x00000000c000ecec                GDT::GDT()
                0x00000000c000ed02                GDT::addEntry(GDTEntry)
                0x00000000c000ed3e                GDT::getNumberOfEntries()
                0x00000000c000ed46                GDT::flush()
                0x00000000c000ed68                GDT::setup()
 .text          0x00000000c000ee69       0x62 core/idle.32
                0x00000000c000ee69                idleFunction(void*)
 *fill*         0x00000000c000eecb        0x1 
 .text          0x00000000c000eecc      0x45f core/idt.32
                0x00000000c000eecc                IDTEntry::IDTEntry(bool)
                0x00000000c000eecc                IDTEntry::IDTEntry(bool)
                0x00000000c000ef3a                IDTEntry::setOffset(unsigned int)
                0x00000000c000ef4e                IDT::IDT()
                0x00000000c000ef4e                IDT::IDT()
                0x00000000c000ef50                IDT::getPointerToInvalidOpcodeEntryForF00F()
                0x00000000c000ef58                IDT::addEntry(IDTEntry, int)
                0x00000000c000ef72                IDT::addEntry(int, void (*)(), bool)
                0x00000000c000efaa                IDT::flush()
                0x00000000c000efc4                IDT::setup()
 .text          0x00000000c000f32b      0x203 core/kheap.32
                0x00000000c000f32b                sbrk
                0x00000000c000f439                mmap
                0x00000000c000f44f                munmap
                0x00000000c000f465                liballoc_lock()
                0x00000000c000f476                liballoc_unlock()
                0x00000000c000f487                liballoc_alloc(int)
                0x00000000c000f4a2                liballoc_free(void*, int)
                0x00000000c000f4c0                realloc
                0x00000000c000f4d4                malloc
                0x00000000c000f4e4                free
                0x00000000c000f4f4                rfree
                0x00000000c000f504                calloc
 .text          0x00000000c000f52e      0x456 core/main.32
                0x00000000c000f52e                hwTextMode_loadInData(VgaText*)
                0x00000000c000f579                hwTextMode_loadInTitle(VgaText*, char*)
                0x00000000c000f5f7                hwTextMode_showCursor(VgaText*, bool)
                0x00000000c000f655                hwTextMode_update(VgaText*)
                0x00000000c000f656                hwTextMode_updateCursor(VgaText*)
                0x00000000c000f6a7                hwTextMode_disableBlink(VgaText*, bool)
                0x00000000c000f6ed                hwTextMode_scrollScreen(VgaText*)
                0x00000000c000f79a                hwTextMode_writeCharacter(VgaText*, char, VgaColour, VgaColour, int, int)
                0x00000000c000f81c                setupTextMode()
                0x00000000c000f88c                kernel_main
 .text          0x00000000c000f984      0x54d core/physmgr.32
                0x00000000c000f984                Phys::allocateDMA(unsigned long)
                0x00000000c000fa27                Phys::freeDMA(unsigned long, unsigned long)
                0x00000000c000fa6f                Phys::setPageState(unsigned long, bool)
                0x00000000c000faa1                Phys::getPageState(unsigned long)
                0x00000000c000fabd                Phys::freePage(unsigned long)
                0x00000000c000fb47                Phys::allocatePage()
                0x00000000c000fc0f                Phys::allocateContiguousPages(int)
                0x00000000c000fc69                Phys::allowSegmentToBeUsed(unsigned long, unsigned long)
                0x00000000c000fca1                Phys::physicalMemorySetup(unsigned int)
 *fill*         0x00000000c000fed1        0x1 
 .text          0x00000000c000fed2      0x273 core/pipe.32
                0x00000000c000fed2                Pipe::isAtty()
                0x00000000c000fed6                Pipe::~Pipe()
                0x00000000c000fed6                Pipe::~Pipe()
                0x00000000c000fefa                Pipe::~Pipe()
                0x00000000c000ff22                Pipe::read(unsigned long long, void*, int*)
                0x00000000c0010016                Pipe::write(unsigned long long, void*, int*)
                0x00000000c00100de                Pipe::Pipe(int)
                0x00000000c00100de                Pipe::Pipe(int)
 *fill*         0x00000000c0010145        0x1 
 .text          0x00000000c0010146      0xf73 core/terminal.32
                0x00000000c0010146                VgaText::isAtty()
                0x00000000c001014a                VgaText::~VgaText()
                0x00000000c001014a                VgaText::~VgaText()
                0x00000000c001016e                VgaText::~VgaText()
                0x00000000c0010198                VgaText::read(unsigned long long, void*, int*)
                0x00000000c00101b8                setTerminalScrollLock(bool)
                0x00000000c00101b9                addToTerminalCycle(VgaText*)
                0x00000000c00101e6                installVgaTextImplementation()
                0x00000000c00101fb                scrollTerminalScrollLock(int)
                0x00000000c00101fc                VgaText::load()
                0x00000000c0010250                VgaText::updateCursor()
                0x00000000c001026a                VgaText::showCursor(bool)
                0x00000000c001027a                VgaText::disableBlink(bool)
                0x00000000c00102b4                VgaText::doANSI_SGR(int)
                0x00000000c0010340                VgaText::setDefaultBgColour(VgaColour)
                0x00000000c0010356                VgaText::setDefaultFgColour(VgaColour)
                0x00000000c001036c                VgaText::setDefaultColours(VgaColour, VgaColour)
                0x00000000c001038c                VgaText::combineColours(unsigned char, unsigned char)
                0x00000000c001039e                VgaText::scrollScreen()
                0x00000000c0010432                VgaText::combineCharAndColour(char, unsigned char)
                0x00000000c0010444                VgaText::writeCharacter(char, VgaColour, VgaColour, int, int)
                0x00000000c00104a4                VgaText::getCursorX()
                0x00000000c00104b0                VgaText::getCursorY()
                0x00000000c00104bc                VgaText::setCursor(int, int)
                0x00000000c00104da                VgaText::setCursorX(int)
                0x00000000c00104f6                VgaText::setCursorY(int)
                0x00000000c0010512                VgaText::incrementCursor(bool)
                0x00000000c001057a                VgaText::updateRAMUsageDisplay(int)
                0x00000000c00105de                VgaText::updateDiskUsage()
                0x00000000c0010748                VgaText::updateTitle()
                0x00000000c001078e                VgaText::setTitleTextColour(VgaColour)
                0x00000000c001079e                VgaText::setTitleColour(VgaColour)
                0x00000000c00107ae                VgaText::setTitle(char*)
                0x00000000c00107d4                VgaText::decrementCursor(bool)
                0x00000000c00107fc                VgaText::putchar(char, VgaColour, VgaColour)
                0x00000000c00108f8                VgaText::isShowingCursor()
                0x00000000c0010904                VgaText::isBlinkDisabled()
                0x00000000c0010912                VgaText::setCursorHeight(int)
                0x00000000c0010930                VgaText::getCursorHeight()
                0x00000000c001093b                setActiveTerminal(VgaText*)
                0x00000000c00109ed                doTerminalCycle()
                0x00000000c0010a0a                VgaText::doUpdate()
                0x00000000c0010a1c                VgaText::puts(char const*, VgaColour, VgaColour)
                0x00000000c0010bdc                VgaText::clearScreen()
                0x00000000c0010c40                VgaText::putchar(char)
                0x00000000c0010d5a                VgaText::puts(char const*)
                0x00000000c0010d80                VgaText::putx(unsigned int)
                0x00000000c0010dc6                VgaText::VgaText(char const*)
                0x00000000c0010dc6                VgaText::VgaText(char const*)
                0x00000000c0010f58                VgaText::receiveKey(unsigned char)
                0x00000000c0011040                VgaText::write(unsigned long long, void*, int*)
                0x00000000c0011094                newTerminal(char*)
 *fill*         0x00000000c00110b9        0x1 
 .text          0x00000000c00110ba      0x1b3 core/tss.32
                0x00000000c00110ba                TSS::TSS()
                0x00000000c00110ba                TSS::TSS()
                0x00000000c00110c8                TSS::setESP(unsigned long)
                0x00000000c00110da                TSS::flush()
                0x00000000c00110fa                TSS::setup(unsigned long, unsigned long)
 *fill*         0x00000000c001126d        0x1 
 .text          0x00000000c001126e      0x4c2 core/unixfile.32
                0x00000000c001126e                ReservedFilename::read(unsigned long long, void*, int*)
                0x00000000c00112c4                ReservedFilename::isAtty()
                0x00000000c00112e0                ReservedFilename::write(unsigned long long, void*, int*)
                0x00000000c001133e                UnixFile::getFileDescriptor()
                0x00000000c0011346                UnixFile::UnixFile(int)
                0x00000000c0011346                UnixFile::UnixFile(int)
                0x00000000c00114f6                ReservedFilename::ReservedFilename(int)
                0x00000000c00114f6                ReservedFilename::ReservedFilename(int)
                0x00000000c0011528                UnixFile::~UnixFile()
                0x00000000c0011528                UnixFile::~UnixFile()
                0x00000000c00115c0                UnixFile::~UnixFile()
                0x00000000c00115e8                ReservedFilename::~ReservedFilename()
                0x00000000c00115e8                ReservedFilename::~ReservedFilename()
                0x00000000c001160c                ReservedFilename::~ReservedFilename()
                0x00000000c0011633                getFromFileDescriptor(int)
 .text          0x00000000c0011730      0xee3 core/virtmgr.32
                0x00000000c0011730                Virt::setPageState(unsigned long, Virt::VirtPageState)
                0x00000000c0011765                Virt::getPageState(unsigned long)
                0x00000000c0011789                Virt::allocateKernelVirtualPages(int)
                0x00000000c001189a                Virt::virtualMemorySetup()
                0x00000000c0011919                Virt::getAKernelVAS()
                0x00000000c001191f                Virt::setupPageSwapping(int)
                0x00000000c0011a4e                VAS::VAS()
                0x00000000c0011a4e                VAS::VAS()
                0x00000000c0011a7e                VAS::VAS(VAS*)
                0x00000000c0011a7e                VAS::VAS(VAS*)
                0x00000000c0011aa2                VAS::getForeignPageTableEntry(bool, unsigned long)
                0x00000000c0011ace                VAS::getPageTableEntry(unsigned long)
                0x00000000c0011aed                Virt::freeKernelVirtualPages(unsigned long)
                0x00000000c0011c10                VAS::freeAllocatedPages(unsigned long)
                0x00000000c0011c34                VAS::virtualToPhysical(unsigned long)
                0x00000000c0011c4c                VAS::reflagRange(unsigned long, int, int, int)
                0x00000000c0011c8c                VAS::setToWriteCombining(unsigned long, int)
                0x00000000c0011cbe                VAS::mapOtherVASIn(bool, VAS*)
                0x00000000c0011ce8                VAS::~VAS()
                0x00000000c0011ce8                VAS::~VAS()
                0x00000000c0011e54                VAS::mapPage(unsigned long, unsigned long, int)
                0x00000000c0011f54                VAS::allocatePages(int, int)
                0x00000000c001212c                VAS::setCPUSpecific(unsigned long)
                0x00000000c0012148                VAS::mapRange(unsigned long, unsigned long, int, int)
                0x00000000c001220e                VAS::mapForeignPage(bool, VAS*, unsigned long, unsigned long, int)
                0x00000000c00122fc                VAS::VAS(bool)
                0x00000000c00122fc                VAS::VAS(bool)
                0x00000000c0012557                mapVASFirstTime
 .text          0x00000000c0012613       0x95 coreobjs/c++.32
                0x00000000c0012613                __cxa_atexit
                0x00000000c0012616                __cxa_finalize
                0x00000000c0012617                __stack_chk_fail
                0x00000000c0012683                __cxa_pure_virtual
                0x00000000c0012694                operator new[](unsigned long)
                0x00000000c0012699                operator delete(void*, unsigned long)
                0x00000000c001269e                operator delete[](void*)
                0x00000000c00126a3                operator delete[](void*, unsigned long)
 .text          0x00000000c00126a8      0x1ef dbg/kconsole.32
                0x00000000c00126a8                Dbg::stringifyxWithBase(unsigned int, char*, int)
                0x00000000c0012709                Dbg::logc(char)
                0x00000000c0012720                Dbg::logs(char*)
                0x00000000c001273d                Dbg::logWriteInt(unsigned int)
                0x00000000c001275a                Dbg::logWriteIntBase(unsigned int, int)
                0x00000000c0012779                Dbg::kprintf(char const*, ...)
 *fill*         0x00000000c0012897        0x1 
 .text          0x00000000c0012898      0xb7c fs/vfs.32
                0x00000000c0012898                File::read(unsigned long long, void*, int*)
                0x00000000c00128f0                File::write(unsigned long long, void*, int*)
                0x00000000c0012948                Directory::read(unsigned long long, void*, int*)
                0x00000000c00129a0                Directory::write(unsigned long long, void*, int*)
                0x00000000c00129ce                File::isAtty()
                0x00000000c00129d2                Directory::isAtty()
                0x00000000c00129d6                Filesystem::getlabel(LogicalDisk*, int, char*, unsigned int*)
                0x00000000c00129dc                Filesystem::setlabel(LogicalDisk*, int, char*)
                0x00000000c00129e2                File::~File()
                0x00000000c00129e2                File::~File()
                0x00000000c0012a06                File::~File()
                0x00000000c0012a30                Directory::~Directory()
                0x00000000c0012a30                Directory::~Directory()
                0x00000000c0012a54                Directory::~Directory()
                0x00000000c0012a7e                Filesystem::Filesystem()
                0x00000000c0012a7e                Filesystem::Filesystem()
                0x00000000c0012aa2                Filesystem::~Filesystem()
                0x00000000c0012aa2                Filesystem::~Filesystem()
                0x00000000c0012ab0                Filesystem::~Filesystem()
                0x00000000c0012ad4                initVFS()
                0x00000000c0012afe                standardiseFiles(char*, char const*, char const*)
                0x00000000c0012ca8                File::File(char const*, Process*)
                0x00000000c0012ca8                File::File(char const*, Process*)
                0x00000000c0012d0c                File::open(FileOpenMode)
                0x00000000c0012d6a                File::close()
                0x00000000c0012dca                File::seek(unsigned long long)
                0x00000000c0012e20                File::tell(unsigned long long*)
                0x00000000c0012e70                File::rewind()
                0x00000000c0012e84                File::unlink()
                0x00000000c0012ed0                File::rename(char const*)
                0x00000000c0012f1e                File::chfatattr(unsigned char, unsigned char)
                0x00000000c0012f7a                File::exists()
                0x00000000c0012fb8                File::stat(unsigned long long*, bool*)
                0x00000000c0013019                getcwd(Process*, char*, int)
                0x00000000c0013043                setcwd(Process*, char*)
                0x00000000c001317e                Directory::Directory(char const*, Process*)
                0x00000000c001317e                Directory::Directory(char const*, Process*)
                0x00000000c00131e2                Directory::open()
                0x00000000c001323e                Directory::close()
                0x00000000c001329e                Directory::unlink()
                0x00000000c00132ea                Directory::rename(char const*)
                0x00000000c0013338                Directory::exists()
                0x00000000c0013376                Directory::read(dirent*)
                0x00000000c00133c2                Directory::create()
                0x00000000c001340e                Filesystem::chfatattr(char const*, unsigned char, unsigned char)
 .text          0x00000000c0013414       0x84 hal/bus.32
                0x00000000c0013414                Bus::Bus(char const*)
                0x00000000c0013414                Bus::Bus(char const*)
                0x00000000c001344a                Bus::~Bus()
                0x00000000c001344a                Bus::~Bus()
                0x00000000c001346e                Bus::~Bus()
 .text          0x00000000c0013498      0x14e hal/buzzer.32
                0x00000000c0013498                Buzzer::Buzzer(char const*)
                0x00000000c0013498                Buzzer::Buzzer(char const*)
                0x00000000c00134dc                Buzzer::~Buzzer()
                0x00000000c00134dc                Buzzer::~Buzzer()
                0x00000000c0013500                Buzzer::~Buzzer()
                0x00000000c001352a                Buzzer::stop()
                0x00000000c001353d                beepThread(void*)
                0x00000000c0013578                Buzzer::beep(int, int, bool)
 .text          0x00000000c00135e6      0x42f hal/clock.32
                0x00000000c00135e6                loadClockSettings()
                0x00000000c0013600                Clock::Clock(char const*)
                0x00000000c0013600                Clock::Clock(char const*)
                0x00000000c0013636                Clock::~Clock()
                0x00000000c0013636                Clock::~Clock()
                0x00000000c001365a                Clock::~Clock()
                0x00000000c0013684                Clock::timeInSecondsLocal()
                0x00000000c00136cc                Clock::setTimeInSecondsLocal(unsigned long long)
                0x00000000c0013725                datetimeToSeconds(datetime_t)
                0x00000000c001384c                Clock::setTimeInDatetimeLocal(datetime_t)
                0x00000000c00138ac                secondsToDatetime(unsigned long long)
                0x00000000c00139f0                Clock::timeInDatetimeLocal()
 *fill*         0x00000000c0013a15        0x1 
 .text          0x00000000c0013a16      0x4de hal/device.32
                0x00000000c0013a16                Device::hibernate()
                0x00000000c0013a18                Device::wake()
                0x00000000c0013a1a                Device::detect()
                0x00000000c0013a1c                Device::disableLegacy()
                0x00000000c0013a1e                Device::powerSaving(PowerSavingLevel)
                0x00000000c0013a20                DriverlessDevice::close(int, int, void*)
                0x00000000c0013a24                DriverlessDevice::detect()
                0x00000000c0013a26                DriverlessDevice::open(int, int, void*)
                0x00000000c0013a3a                Device::~Device()
                0x00000000c0013a3a                Device::~Device()
                0x00000000c0013a48                Device::~Device()
                0x00000000c0013a70                Device::findAndLoadDriver()
                0x00000000c0013a72                Device::preOpenPCI(PCIDeviceInfo)
                0x00000000c0013a98                Device::preOpenACPI(void*, char*, char*)
                0x00000000c0013aec                Device::addIRQHandler(int, void (*)(regs*, void*), bool, void*)
                0x00000000c0013b2a                Device::removeIRQHandler(int, void (*)(regs*, void*), bool)
                0x00000000c0013b68                Device::addChild(Device*)
                0x00000000c0013bac                Device::removeAllChildren()
                0x00000000c0013bf2                Device::hibernateAll()
                0x00000000c0013c22                Device::wakeAll()
                0x00000000c0013c52                Device::detectAll()
                0x00000000c0013c82                Device::disableLegacyAll()
                0x00000000c0013cb2                Device::loadDriversForAll()
                0x00000000c0013cde                Device::closeAll()
                0x00000000c0013d14                Device::powerSavingAll(PowerSavingLevel)
                0x00000000c0013d4a                Device::setName(char const*)
                0x00000000c0013d58                Device::Device(char const*)
                0x00000000c0013d58                Device::Device(char const*)
                0x00000000c0013e54                Device::getName()
                0x00000000c0013e5e                DriverlessDevice::DriverlessDevice(char const*)
                0x00000000c0013e5e                DriverlessDevice::DriverlessDevice(char const*)
                0x00000000c0013e86                Device::addToLinkedList(LinkedList<Device>&, DeviceType)
                0x00000000c0013eca                getDevicesOfType(DeviceType)
 .text          0x00000000c0013ef4       0x84 hal/diskctrl.32
                0x00000000c0013ef4                HardDiskController::HardDiskController(char const*)
                0x00000000c0013ef4                HardDiskController::HardDiskController(char const*)
                0x00000000c0013f2a                HardDiskController::~HardDiskController()
                0x00000000c0013f2a                HardDiskController::~HardDiskController()
                0x00000000c0013f4e                HardDiskController::~HardDiskController()
 .text          0x00000000c0013f78       0xde hal/diskphys.32
                0x00000000c0013f78                PhysicalDisk::PhysicalDisk(char const*, int)
                0x00000000c0013f78                PhysicalDisk::PhysicalDisk(char const*, int)
                0x00000000c0013fe0                PhysicalDisk::startCache()
                0x00000000c0014008                PhysicalDisk::~PhysicalDisk()
                0x00000000c0014008                PhysicalDisk::~PhysicalDisk()
                0x00000000c001402c                PhysicalDisk::~PhysicalDisk()
 .text          0x00000000c0014056      0x13b hal/fpu.32
                0x00000000c0014056                FPU::FPU(char const*)
                0x00000000c0014056                FPU::FPU(char const*)
                0x00000000c001408c                FPU::~FPU()
                0x00000000c001408c                FPU::~FPU()
                0x00000000c00140b0                FPU::~FPU()
                0x00000000c00140da                setupFPU()
 *fill*         0x00000000c0014191        0x1 
 .text          0x00000000c0014192     0x12b1 hal/intctrl.32
                0x00000000c0014192                InterruptController::uninstallISRHandler(int, void (*)(regs*, void*))
                0x00000000c00141ca                InterruptController::installISRHandler(int, void (*)(regs*, void*), void*)
                0x00000000c001421c                doubleFault(regs*, void*)
                0x00000000c0014236                InterruptController::installIRQHandler(int, void (*)(regs*, void*), bool, void*)
                0x00000000c00142d2                InterruptController::clearAllHandlers(int, bool)
                0x00000000c001437a                InterruptController::uninstallIRQHandler(int, void (*)(regs*, void*), bool)
                0x00000000c0014401                nmiHandler(regs*, void*)
                0x00000000c001440f                int_handler
                0x00000000c00144b0                InterruptController::InterruptController(char const*)
                0x00000000c00144b0                InterruptController::InterruptController(char const*)
                0x00000000c0014556                InterruptController::~InterruptController()
                0x00000000c0014556                InterruptController::~InterruptController()
                0x00000000c001457a                InterruptController::~InterruptController()
                0x00000000c00145a4                displayDebugInfo(regs*)
                0x00000000c00149a9                x87EmulHandler(regs*, void*)
                0x00000000c00149d8                gpFault(regs*, void*)
                0x00000000c0014a11                pgFault(regs*, void*)
                0x00000000c0014a28                otherISRHandler(regs*, void*)
                0x00000000c0014a47                opcodeFault(regs*, void*)
                0x00000000c0015006                displayProgramFault(char const*)
                0x00000000c001502e                setupInterruptController()
                0x00000000c00153f6                InterruptController::convertLegacyIRQNumber(int)
 *fill*         0x00000000c0015443        0x1 
 .text          0x00000000c0015444      0x69a hal/keybrd.32
                0x00000000c0015444                startGUI(void*)
                0x00000000c00154a0                startGUIVESA(void*)
                0x00000000c00154fc                sendKeyToTerminal(unsigned char)
                0x00000000c0015568                sendKeyboardToken(KeyboardToken)
                0x00000000c0015978                clearInternalKeybuffer(VgaText*)
                0x00000000c00159ad                readKeyboard(VgaText*, char*, unsigned long)
                0x00000000c0015a54                Keyboard::Keyboard(char const*)
                0x00000000c0015a54                Keyboard::Keyboard(char const*)
                0x00000000c0015a90                Keyboard::~Keyboard()
                0x00000000c0015a90                Keyboard::~Keyboard()
                0x00000000c0015ab4                Keyboard::~Keyboard()
 .text          0x00000000c0015ade      0x400 hal/logidisk.32
                0x00000000c0015ade                LogicalDisk::close(int, int, void*)
                0x00000000c0015ae2                LogicalDisk::~LogicalDisk()
                0x00000000c0015ae2                LogicalDisk::~LogicalDisk()
                0x00000000c0015b06                LogicalDisk::~LogicalDisk()
                0x00000000c0015b30                LogicalDisk::open(int, int, void*)
                0x00000000c0015b44                LogicalDisk::absoluteToRelative(unsigned long long)
                0x00000000c0015b7c                LogicalDisk::relativeToAbsolute(unsigned long long)
                0x00000000c0015bc2                LogicalDisk::LogicalDisk(char const*, PhysicalDisk*, unsigned long long, unsigned long long)
                0x00000000c0015bc2                LogicalDisk::LogicalDisk(char const*, PhysicalDisk*, unsigned long long, unsigned long long)
                0x00000000c0015c78                LogicalDisk::assignDriveLetter()
                0x00000000c0015d2e                LogicalDisk::mount()
                0x00000000c0015da0                LogicalDisk::unmount()
                0x00000000c0015db0                LogicalDisk::unassignDriveLetter()
                0x00000000c0015e06                LogicalDisk::read(unsigned long long, int, void*)
                0x00000000c0015e72                LogicalDisk::write(unsigned long long, int, void*)
 .text          0x00000000c0015ede       0x84 hal/mouse.32
                0x00000000c0015ede                Mouse::Mouse(char const*)
                0x00000000c0015ede                Mouse::Mouse(char const*)
                0x00000000c0015f14                Mouse::~Mouse()
                0x00000000c0015f14                Mouse::~Mouse()
                0x00000000c0015f38                Mouse::~Mouse()
 .text          0x00000000c0015f62      0x339 hal/partition.32
                0x00000000c0015f62                makePartition(PhysicalDisk*, unsigned long long, unsigned long long)
                0x00000000c001600a                createPartitionsForDisk(PhysicalDisk*)
 *fill*         0x00000000c001629b        0x1 
 .text          0x00000000c001629c       0x84 hal/serial.32
                0x00000000c001629c                Serial::Serial(char const*)
                0x00000000c001629c                Serial::Serial(char const*)
                0x00000000c00162d2                Serial::~Serial()
                0x00000000c00162d2                Serial::~Serial()
                0x00000000c00162f6                Serial::~Serial()
 .text          0x00000000c0016320      0x2b8 hal/timer.32
                0x00000000c0016320                Timer::Timer(char const*)
                0x00000000c0016320                Timer::Timer(char const*)
                0x00000000c0016356                Timer::~Timer()
                0x00000000c0016356                Timer::~Timer()
                0x00000000c001637a                Timer::~Timer()
                0x00000000c00163a4                Timer::read()
                0x00000000c00163af                timerHandler(unsigned long long)
                0x00000000c00164e6                setupTimer(int)
 .text          0x00000000c00165d8      0x2db hal/vcache.32
                0x00000000c00165d8                VCache::VCache(PhysicalDisk*)
                0x00000000c00165d8                VCache::VCache(PhysicalDisk*)
                0x00000000c00166d2                VCache::writeWriteBuffer()
                0x00000000c001670e                VCache::~VCache()
                0x00000000c001670e                VCache::~VCache()
                0x00000000c001674e                VCache::~VCache()
                0x00000000c0016776                VCache::write(unsigned long long, int, void*)
                0x00000000c001685a                VCache::read(unsigned long long, int, void*)
 *fill*         0x00000000c00168b3        0x1 
 .text          0x00000000c00168b4      0x4cd hal/video.32
                0x00000000c00168b4                Video::putrect(int, int, int, int, unsigned int)
                0x00000000c0016900                Video::bitblit(int, int, int, int, int, int, int, unsigned int*)
                0x00000000c0016970                Video::blit(unsigned int*, int, int, int, int)
                0x00000000c00169ee                Video::clearScreen(unsigned int)
                0x00000000c0016a22                Video::putpixel(int, int, unsigned int)
                0x00000000c0016a30                Video::Video(char const*)
                0x00000000c0016a30                Video::Video(char const*)
                0x00000000c0016a66                Video::~Video()
                0x00000000c0016a66                Video::~Video()
                0x00000000c0016a8a                Video::~Video()
                0x00000000c0016ab4                Video::isMonochrome()
                0x00000000c0016ac0                Video::getWidth()
                0x00000000c0016acc                Video::getHeight()
                0x00000000c0016ad8                Video::drawCursor(int, int, unsigned char*, int)
                0x00000000c0016b94                Video::tgaParse(unsigned char*, int, int*, int*)
                0x00000000c0016d16                Video::putTGA(int, int, unsigned char*, int)
 *fill*         0x00000000c0016d81        0x1 
 .text          0x00000000c0016d82      0xe28 hw/acpi.32
                0x00000000c0016d82                ACPI::close(int, int, void*)
                0x00000000c0016e37                findRSDP()
                0x00000000c0016ec1                loadACPITables(unsigned char*)
                0x00000000c00170e8                findRSDT(unsigned char*)
                0x00000000c0017206                findDataTable(unsigned char*, char*)
                0x00000000c00172a2                scanMADT()
                0x00000000c0017728                ACPI::ACPI()
                0x00000000c0017728                ACPI::ACPI()
                0x00000000c0017788                ACPI::getPCIIRQAssignment(unsigned char, unsigned short, unsigned char)
                0x00000000c001786a                ACPI::registerPCIIRQAssignment(void*, unsigned short, unsigned char, unsigned char)
                0x00000000c0017970                ACPI::setScreenBrightnessLevel(void*, int)
                0x00000000c0017976                ACPI::writeSimpleBootFlag(SimpleBootFlagTable*)
                0x00000000c00179be                ACPI::open(int, int, void*)
                0x00000000c0017b92                ACPI::sleep()
 .text          0x00000000c0017baa     0x1715 hw/cpu.32
                0x00000000c0017baa                CPU::close(int, int, void*)
                0x00000000c0017bae                CPU::lookupAMDName(unsigned char, unsigned char)
                0x00000000c0017d42                CPU::lookupIntelName(unsigned char, unsigned char)
                0x00000000c0017ff0                CPU::AMD_K6_write_msr(unsigned int, unsigned int, unsigned int, CPU::REGS*)
                0x00000000c001800c                CPU::AMD_K6_read_msr(unsigned int, CPU::REGS*)
                0x00000000c0018024                CPU::AMD_K6_writeback(int, int, int)
                0x00000000c0018098                CPU::cpuid(int, unsigned long*, unsigned long*, unsigned long*, unsigned long*)
                0x00000000c001811c                CPU::cpuidCheckEDX(unsigned int)
                0x00000000c001814a                CPU::cpuidCheckECX(unsigned int)
                0x00000000c0018178                CPU::cpuidCheckExtendedEBX(unsigned int)
                0x00000000c00181a6                CPU::cpuidCheckExtendedECX(unsigned int)
                0x00000000c00181d4                CPU::CPU()
                0x00000000c00181d4                CPU::CPU()
                0x00000000c0018262                CPU::displayFeatures()
                0x00000000c00184de                CPU::detectFeatures()
                0x00000000c0018ece                CPU::setupSMEP()
                0x00000000c0018eda                CPU::setupUMIP()
                0x00000000c0018ee4                CPU::setupTSC()
                0x00000000c0018eee                CPU::setupLargePages()
                0x00000000c0018ef8                CPU::setupPAT()
                0x00000000c0018f34                CPU::setupMTRR()
                0x00000000c0018f36                CPU::setupGlobalPages()
                0x00000000c0018f40                CPU::allowUsermodeDataAccess()
                0x00000000c0018f52                CPU::prohibitUsermodeDataAccess()
                0x00000000c0018f64                CPU::setupSMAP()
                0x00000000c0018f72                CPU::setupFeatures()
                0x00000000c0018ff2                CPU::open(int, int, void*)
                0x00000000c00190c4                CPU::decodeAddress(regs*, int*, bool*, unsigned char*)
 .text          0x00000000c00192bf        0x0 hw/ports.32
 *fill*         0x00000000c00192bf        0x1 
 .text          0x00000000c00192c0      0x5d3 krnl/env.32
                0x00000000c00192c0                EnvVarContainer::getEnv(char const*)
                0x00000000c00192fe                EnvVarContainer::setEnv(char const*, char const*)
                0x00000000c00193ca                EnvVarContainer::deleteEnv(char const*)
                0x00000000c00193cc                EnvVarContainer::loadFrom(char const*, char const*)
                0x00000000c00195c2                EnvVarContainer::__loadSystem()
                0x00000000c00195dc                EnvVarContainer::__loadUser()
                0x00000000c00195de                EnvVarContainer::EnvVarContainer(Process*)
                0x00000000c00195de                EnvVarContainer::EnvVarContainer(Process*)
                0x00000000c0019600                EnvVarContainer::~EnvVarContainer()
                0x00000000c0019600                EnvVarContainer::~EnvVarContainer()
                0x00000000c0019630                Krnl::getEnv(Process*, char const*)
                0x00000000c0019695                Krnl::setEnvSystem(char const*, char const*)
                0x00000000c00196af                Krnl::setEnvUser(char const*, char const*)
                0x00000000c00196ce                Krnl::setEnvProcess(Process*, char const*, char const*)
                0x00000000c00196e1                Krnl::deleteEnvSystem(char const*)
                0x00000000c00196e2                Krnl::deleteEnvUser(char const*)
                0x00000000c00196e3                Krnl::deleteEnvProcess(Process*, char const*)
                0x00000000c00196e4                Krnl::newProcessEnv(Process*)
                0x00000000c0019706                Krnl::copyProcessEnv(Process*, Process*)
                0x00000000c001975a                Krnl::loadSystemEnv()
                0x00000000c0019788                Krnl::loadUserEnv()
                0x00000000c00197ae                Krnl::flushEnv()
                0x00000000c00197af                Krnl::getProcessTotalEnvCount(Process*)
                0x00000000c00197cf                Krnl::getProcessEnvPair(Process*, int)
 .text          0x00000000c0019893      0x32c krnl/panic.32
                0x00000000c0019893                Krnl::panic(char const*)
 .text          0x00000000c0019bbf      0x3b6 net/ethernet.32
                0x00000000c0019bbf                Net::switchEndian16(unsigned short)
                0x00000000c0019be0                Net::switchEndian32(unsigned int)
                0x00000000c0019c0f                Net::crc32Calc(unsigned char*, int)
                0x00000000c0019ca0                Net::wrapEthernetFrame(Net::UnwrappedEthernetFrame, unsigned char*)
                0x00000000c0019ddc                Net::unwrapEthernetFrame(unsigned char*, int)
 .text          0x00000000c0019f75      0x513 reg/registry.32
                0x00000000c0019f75                Reg::findLineFromLoadedData(char*, char*, char*)
                0x00000000c001a0cd                Reg::getLineFromRegistry(char*, char*, char*, char*)
                0x00000000c001a222                Reg::getLine(char*, char*, char*)
                0x00000000c001a259                Reg::readInt(char*, char*, int*)
                0x00000000c001a344                Reg::readString(char*, char*, char*, int)
                0x00000000c001a3c5                Reg::readBool(char*, char*, bool*)
                0x00000000c001a3ea                Reg::readBoolWithDefault(char*, char*, bool)
                0x00000000c001a416                Reg::readIntWithDefault(char*, char*, int)
                0x00000000c001a442                Reg::readStringWithDefault(char*, char*, char*, int, char*)
 .text          0x00000000c001a488       0x18 sys/sc_exit.32
                0x00000000c001a488                Sys::exit(regs*)
 .text          0x00000000c001a4a0       0x1f sys/sc_getcwd.32
                0x00000000c001a4a0                Sys::getCwd(regs*)
 .text          0x00000000c001a4bf        0xc sys/sc_getpid.32
                0x00000000c001a4bf                Sys::getPID(regs*)
 .text          0x00000000c001a4cb       0xa8 sys/sc_loaddll.32
                0x00000000c001a4cb                Sys::loadDLL(regs*)
 .text          0x00000000c001a573       0x68 sys/sc_read.32
                0x00000000c001a573                Sys::read(regs*)
 .text          0x00000000c001a5db       0x55 sys/sc_sbrk.32
                0x00000000c001a5db                Sys::sbrk(regs*)
 .text          0x00000000c001a630       0x1c sys/sc_setcwd.32
                0x00000000c001a630                Sys::setCwd(regs*)
 .text          0x00000000c001a64c       0xd0 sys/sc_settime.32
                0x00000000c001a64c                Sys::setTime(regs*)
 .text          0x00000000c001a71c       0x68 sys/sc_write.32
                0x00000000c001a71c                Sys::write(regs*)
 .text          0x00000000c001a784       0x3b sys/sc_yield.32
                0x00000000c001a784                Sys::yield(regs*)
 .text          0x00000000c001a7bf     0x1014 sys/syscalls.32
                0x00000000c001a7bf                sysCallSeekDir(regs*)
                0x00000000c001a7c4                sysCallTellDir(regs*)
                0x00000000c001a7c9                sysCallVerify(regs*)
                0x00000000c001a7d3                sysCallGetArgc(regs*)
                0x00000000c001a7e3                sysFormatDisk(regs*)
                0x00000000c001a84d                sysSetDiskVolumeLabel(regs*)
                0x00000000c001a893                sysGetDiskVolumeLabel(regs*)
                0x00000000c001a8e4                sysShutdown(regs*)
                0x00000000c001a942                sysCallRealpath(regs*)
                0x00000000c001a985                sysCallReadDir(regs*)
                0x00000000c001aa13                sysCallIsATTY(regs*)
                0x00000000c001aa6d                sysCallSeek(regs*)
                0x00000000c001aad6                sysCallTell(regs*)
                0x00000000c001ab53                sysCallSize(regs*)
                0x00000000c001abd6                sysCallSizeFromFilename(regs*)
                0x00000000c001ac96                sysCallClose(regs*)
                0x00000000c001ad1e                sysCallOpenDir(regs*)
                0x00000000c001ad93                sysCallCloseDir(regs*)
                0x00000000c001adf9                sysCallMakeDir(regs*)
                0x00000000c001ae69                sysCallWait(regs*)
                0x00000000c001ae83                sysCallNotImpl(regs*)
                0x00000000c001ae9e                sysPanic(regs*)
                0x00000000c001aec4                sysCallRmdir(regs*)
                0x00000000c001af28                sysCallUnlink(regs*)
                0x00000000c001af8c                sysCallGetArgv(regs*)
                0x00000000c001afd8                sysCallTTYName(regs*)
                0x00000000c001b05b                sysCallUSleep(regs*)
                0x00000000c001b082                sysCallSpawn(regs*)
                0x00000000c001b0da                sysCallGetEnv(regs*)
                0x00000000c001b187                sysAppSettings(regs*)
                0x00000000c001b2a6                sysSetFatAttrib(regs*)
                0x00000000c001b318                sysPipe(regs*)
                0x00000000c001b35d                sysGetUnixTime(regs*)
                0x00000000c001b371                string_ends_with(char const*, char const*)
                0x00000000c001b3b9                sysCallOpen(regs*)
                0x00000000c001b5ce                setupSystemCalls()
                0x00000000c001b791                systemCall(regs*, void*)
 .text          0x00000000c001b7d3     0x11ee thr/elf.32
                0x00000000c001b7d3                Thr::allocateMemoryForTask(Process*, File*, unsigned long, unsigned long, unsigned long)
                0x00000000c001ba50                Thr::loadProgramIntoMemory(Process*, char const*)
                0x00000000c001bc66                Thr::runtimeReferenceHelper()
                0x00000000c001bc79                Thr::getAddressOfKernelSymbol(char const*)
                0x00000000c001bcc8                Thr::loadKernelSymbolTable(char const*)
                0x00000000c001bf84                Thr::loadDriverIntoMemory(char const*, unsigned long, bool)
                0x00000000c001c705                Thr::getDriverBaseFromAddress(unsigned long)
                0x00000000c001c737                Thr::getDriverNameFromAddress(unsigned long)
                0x00000000c001c76e                Thr::getDriverOffsetFromAddress(unsigned long)
                0x00000000c001c788                Thr::loadDLL(char const*, bool)
                0x00000000c001c997                Thr::executeDLL(unsigned long, void*)
 *fill*         0x00000000c001c9c1        0x1 
 .text          0x00000000c001c9c2     0x1056 thr/prcssthr.32
                0x00000000c001c9c2                changeTSS
                0x00000000c001c9f2                Process::addArgs(char**)
                0x00000000c001ca4c                Process::Process(char const*, Process*, char**)
                0x00000000c001ca4c                Process::Process(char const*, Process*, char**)
                0x00000000c001cc30                Process::Process(bool, char const*, Process*, char**)
                0x00000000c001cc30                Process::Process(bool, char const*, Process*, char**)
                0x00000000c001cddf                disableIRQs()
                0x00000000c001cde7                getIRQNestingLevel()
                0x00000000c001cded                enableIRQs()
                0x00000000c001cdfc                lockScheduler()
                0x00000000c001cdfe                unlockScheduler()
                0x00000000c001ce00                userModeEntryPoint(void*)
                0x00000000c001ce23                lockStuff()
                0x00000000c001ce2f                taskStartupFunction
                0x00000000c001ce38                updateTimeUsed()
                0x00000000c001ce9d                switchToThread(ThreadControlBlock*)
                0x00000000c001ceee                Semaphore::Semaphore(int)
                0x00000000c001ceee                Semaphore::Semaphore(int)
                0x00000000c001cf1c                Mutex::Mutex()
                0x00000000c001cf1c                Mutex::Mutex()
                0x00000000c001cf2e                Process::createThread(void (*)(void*), void*, int)
                0x00000000c001d012                Process::createUserThread()
                0x00000000c001d02e                setupMultitasking(void (*)())
                0x00000000c001d138                schedule()
                0x00000000c001d1bd                unlockStuff()
                0x00000000c001d1f2                Semaphore::tryAcquire()
                0x00000000c001d220                Semaphore::assertLocked(char const*)
                0x00000000c001d250                blockTaskWithSchedulerLockAlreadyHeld(TaskState)
                0x00000000c001d292                blockTask(TaskState)
                0x00000000c001d2b3                waitTask(int, int*, int)
                0x00000000c001d2f5                nanoSleepUntil(unsigned long long)
                0x00000000c001d34c                nanoSleep(unsigned long long)
                0x00000000c001d361                sleep(unsigned long long)
                0x00000000c001d37e                Semaphore::acquire()
                0x00000000c001d3e6                taskReturned
                0x00000000c001d414                unblockTask(ThreadControlBlock*)
                0x00000000c001d4c3                cleanupTerminatedTask(ThreadControlBlock*)
                0x00000000c001d78c                cleanerTaskFunction(void*)
                0x00000000c001d83f                terminateTask(int)
                0x00000000c001d91f                Thr::terminateFromIRQ(int)
                0x00000000c001d92c                Semaphore::release()
 .text          0x00000000c001da18      0xc26 vm86/vm8086.32
                0x00000000c001da18                Vm::inbv(unsigned short)
                0x00000000c001da2b                Vm::outbv(unsigned short, unsigned char)
                0x00000000c001da7e                Vm::realToLinear(unsigned short, unsigned short)
                0x00000000c001da8e                Vm::getSegment(unsigned int)
                0x00000000c001da96                Vm::getOffset(unsigned int)
                0x00000000c001da9b                Vm::mainloop2()
                0x00000000c001dad6                Vm::mainVm8086Loop(void*)
                0x00000000c001dae3                Vm::mainloop3(unsigned long)
                0x00000000c001db0d                Vm::initialise8086()
                0x00000000c001db50                Vm::finish8086()
                0x00000000c001db95                Vm::getOutput8086(unsigned char*)
                0x00000000c001dbbf                Vm::start8086(char const*, unsigned short, unsigned short, unsigned short, unsigned short)
                0x00000000c001dd0f                Vm::doISR(regs*, int, unsigned char*, unsigned short, unsigned short)
                0x00000000c001dd99                Vm::readByteFromReal(unsigned short, unsigned short)
                0x00000000c001ddaa                Vm::readWordFromReal(unsigned short, unsigned short)
                0x00000000c001ddbc                Vm::readDwordFromReal(unsigned short, unsigned short)
                0x00000000c001ddcd                Vm::writeByteFromReal(unsigned short, unsigned short, unsigned char)
                0x00000000c001dde2                Vm::writeWordFromReal(unsigned short, unsigned short, unsigned short)
                0x00000000c001ddf8                Vm::writeDwordFromReal(unsigned short, unsigned short, unsigned int)
                0x00000000c001de0d                Vm::faultHandler(regs*)
 .text          0x00000000c001e63e      0xefd vm86/x87em.32
                0x00000000c001e63e                Vm::fpuInternalTo32(unsigned long long)
                0x00000000c001e699                Vm::fpuInternalTo64(unsigned long long)
                0x00000000c001e6a2                Vm::fpu32ToInternal(unsigned int)
                0x00000000c001e6e7                Vm::fpu64ToInternal(unsigned long long)
                0x00000000c001e6f0                Vm::fpuFloatToLong(unsigned long long)
                0x00000000c001e74b                Vm::fpuULongToFloat(unsigned long long)
                0x00000000c001e781                Vm::fpuLongToFloat(long long)
                0x00000000c001e7d7                Vm::fpuGet0()
                0x00000000c001e7dc                Vm::fpuGet1()
                0x00000000c001e7e4                Vm::fpuGetPi()
                0x00000000c001e7ec                Vm::fpuGetLog2E()
                0x00000000c001e804                Vm::fpuGetLogE2()
                0x00000000c001e81c                Vm::fpuGetLog210()
                0x00000000c001e834                Vm::fpuGetLog102()
                0x00000000c001e84c                Vm::fpuIsSecondLarger(unsigned long long, unsigned long long)
                0x00000000c001e860                Vm::fpuAreEqual(unsigned long long, unsigned long long)
                0x00000000c001e876                Vm::fpuUnorderedCompare(unsigned long long, unsigned long long)
                0x00000000c001e8c9                Vm::fpuAdd(unsigned long long, unsigned long long)
                0x00000000c001e8da                Vm::fpuAbs(unsigned long long)
                0x00000000c001e8e3                Vm::fpuChs(unsigned long long)
                0x00000000c001e8f3                Vm::fpuSub(unsigned long long, unsigned long long)
                0x00000000c001e902                Vm::fpuMultiply(unsigned long long, unsigned long long)
                0x00000000c001e921                Vm::fpuDivide(unsigned long long, unsigned long long)
                0x00000000c001e93d                Vm::fpuSquare(unsigned long long)
                0x00000000c001e953                Vm::fpuGetReg(int)
                0x00000000c001e996                Vm::fpuSetReg(int, unsigned long long)
                0x00000000c001e9e1                Vm::fpuPush(unsigned long long)
                0x00000000c001ea3e                Vm::fpuPop()
                0x00000000c001ea90                Vm::x87Handler(regs*)
 *fill*         0x00000000c001f53b        0x1 
 .text          0x00000000c001f53c     0x10ed fs/fat/vfslink.32
                0x00000000c001f53c                FAT::getName()
                0x00000000c001f542                FAT::tell(void*, unsigned long long*)
                0x00000000c001f576                FAT::stat(void*, unsigned long long*)
                0x00000000c001f5aa                FAT::~FAT()
                0x00000000c001f5aa                FAT::~FAT()
                0x00000000c001f5ce                FAT::~FAT()
                0x00000000c001f5f6                FAT::getlabel(LogicalDisk*, int, char*, unsigned int*)
                0x00000000c001f694                FAT::setlabel(LogicalDisk*, int, char*)
                0x00000000c001f74e                FAT::format(LogicalDisk*, int, char const*, int)
                0x00000000c001f932                FAT::tryMount(LogicalDisk*, int)
                0x00000000c001fb38                FAT::readDir(void*, unsigned long, void*, int*)
                0x00000000c001fc3e                FAT::read(void*, unsigned long, void*, int*)
                0x00000000c001fc98                FAT::write(void*, unsigned long, void*, int*)
                0x00000000c001fcf2                FAT::close(void*)
                0x00000000c001fd3e                FAT::closeDir(void*)
                0x00000000c001fd8a                FAT::seek(void*, unsigned long long)
                0x00000000c001fdde                fatWrapperReadDisk
                0x00000000c001fe25                fatWrapperWriteDisk
                0x00000000c001fe6c                fatWrapperIoctl
                0x00000000c001ff70                FAT::FAT()
                0x00000000c001ff70                FAT::FAT()
                0x00000000c001ffc2                FAT::fixFilepath(char*)
                0x00000000c001fffa                FAT::open(char const*, void**, FileOpenMode)
                0x00000000c0020122                FAT::openDir(char const*, void**)
                0x00000000c00201c8                FAT::stat(char const*, unsigned long long*, bool*)
                0x00000000c00202b2                FAT::unlink(char const*)
                0x00000000c002032c                FAT::chfatattr(char const*, unsigned char, unsigned char)
                0x00000000c0020480                FAT::rename(char const*, char const*)
                0x00000000c0020544                FAT::mkdir(char const*)
                0x00000000c00205be                FAT::exists(char const*)
 *fill*         0x00000000c0020629        0x1 
 .text          0x00000000c002062a      0xbc1 fs/iso9660/vfslink.32
                0x00000000c002062a                ISO9660::format(LogicalDisk*, int, char const*, int)
                0x00000000c0020630                ISO9660::seek(void*, unsigned long long)
                0x00000000c0020660                ISO9660::tell(void*, unsigned long long*)
                0x00000000c0020684                ISO9660::getName()
                0x00000000c002068a                ISO9660::stat(void*, unsigned long long*)
                0x00000000c00206ae                ISO9660::chfatattr(char const*, unsigned char, unsigned char)
                0x00000000c00206b4                ISO9660::unlink(char const*)
                0x00000000c00206ba                ISO9660::write(void*, unsigned long, void*, int*)
                0x00000000c00206c0                ISO9660::rename(char const*, char const*)
                0x00000000c00206c6                ISO9660::mkdir(char const*)
                0x00000000c00206cc                ISO9660::close(void*)
                0x00000000c00206ee                ISO9660::closeDir(void*)
                0x00000000c0020710                ISO9660::~ISO9660()
                0x00000000c0020710                ISO9660::~ISO9660()
                0x00000000c0020734                ISO9660::~ISO9660()
                0x00000000c002075b                __memmem(unsigned char*, int, unsigned char*, int)
                0x00000000c002079d                readSectorFromCDROM(unsigned int, unsigned char*, char)
                0x00000000c0020804                ISO9660::tryMount(LogicalDisk*, int)
                0x00000000c0020854                ISO9660::read(void*, unsigned long, void*, int*)
                0x00000000c0020a54                ISO9660::readDir(void*, unsigned long, void*, int*)
                0x00000000c0020ce1                readRoot(unsigned int*, unsigned int*, char)
                0x00000000c0020d36                readRecursively(char*, unsigned int, unsigned int, unsigned int*, unsigned int*, char, int*)
                0x00000000c0020f09                getFileData(char*, unsigned int*, unsigned int*, char, int*)
                0x00000000c0020f98                ISO9660::open(char const*, void**, FileOpenMode)
                0x00000000c0021058                ISO9660::exists(char const*)
                0x00000000c002107c                ISO9660::stat(char const*, unsigned long long*, bool*)
                0x00000000c0021110                ISO9660::openDir(char const*, void**)
                0x00000000c00211c8                ISO9660::ISO9660()
                0x00000000c00211c8                ISO9660::ISO9660()
 *fill*         0x00000000c00211eb        0x1 
 .text          0x00000000c00211ec      0x326 hal/sound/sndchannel.32
                0x00000000c00211ec                SoundChannel::~SoundChannel()
                0x00000000c00211ec                SoundChannel::~SoundChannel()
                0x00000000c0021208                SoundChannel::setSpeed(float)
                0x00000000c0021214                SoundChannel::getSpeed()
                0x00000000c002121c                SoundChannel::setVolume(int)
                0x00000000c0021238                SoundChannel::getVolume()
                0x00000000c0021240                SoundChannel::pause()
                0x00000000c002124a                SoundChannel::SoundChannel(int, int, int, int)
                0x00000000c002124a                SoundChannel::SoundChannel(int, int, int, int)
                0x00000000c00213a0                SoundChannel::play()
                0x00000000c00213aa                SoundChannel::paused()
                0x00000000c00213b2                SoundChannel::getSampleRate()
                0x00000000c00213ba                SoundChannel::getBits()
                0x00000000c00213c2                SoundChannel::getBufferUsed()
                0x00000000c00213ca                SoundChannel::getBufferSize()
                0x00000000c00213d2                SoundChannel::unbuffer(float*, int, int)
                0x00000000c0021472                SoundChannel::buffer8(unsigned char*, int)
 .text          0x00000000c0021512      0x3d5 hal/sound/sndhw.32
                0x00000000c0021512                SoundDevice::SoundDevice(char const*)
                0x00000000c0021512                SoundDevice::SoundDevice(char const*)
                0x00000000c002157e                SoundDevice::~SoundDevice()
                0x00000000c002157e                SoundDevice::~SoundDevice()
                0x00000000c00215f8                SoundDevice::~SoundDevice()
                0x00000000c0021622                SoundDevice::getFreeChannelNum()
                0x00000000c002163c                SoundDevice::addChannel(SoundChannel*)
                0x00000000c00216ac                SoundDevice::removeChannel(int)
                0x00000000c00216de                SoundDevice::floatTo8(float*, unsigned char*, int)
                0x00000000c00217c6                SoundDevice::getAudio(int, float*, float*)
 .text          0x00000000c00218e7        0x0 hw/bus/isa.32
 *fill*         0x00000000c00218e7        0x1 
 .text          0x00000000c00218e8      0x6c3 hw/bus/pci.32
                0x00000000c00218e8                PCI::open(int, int, void*)
                0x00000000c00218fc                PCI::close(int, int, void*)
                0x00000000c0021900                PCI::PCI()
                0x00000000c0021900                PCI::PCI()
                0x00000000c0021980                PCI::pciReadWord(unsigned char, unsigned char, unsigned char, unsigned char)
                0x00000000c00219c8                PCI::getVendorID(unsigned char, unsigned char, unsigned char)
                0x00000000c00219ea                PCI::getHeaderType(unsigned char, unsigned char, unsigned char)
                0x00000000c0021a0e                PCI::getClassCode(unsigned char, unsigned char, unsigned char)
                0x00000000c0021a52                PCI::getProgIF(unsigned char, unsigned char, unsigned char)
                0x00000000c0021a76                PCI::getRevisionID(unsigned char, unsigned char, unsigned char)
                0x00000000c0021a98                PCI::getInterruptNumber(unsigned char, unsigned char, unsigned char)
                0x00000000c0021aba                PCI::getSecondaryBus(unsigned char, unsigned char, unsigned char)
                0x00000000c0021ade                PCI::getBARAddress(unsigned char, unsigned char, unsigned char, unsigned char)
                0x00000000c0021b3e                PCI::pciWriteWord(unsigned char, unsigned char, unsigned char, unsigned char, unsigned short)
                0x00000000c0021baa                PCI::checkBus(unsigned char)
                0x00000000c0021bce                PCI::foundDevice(PCIDeviceInfo)
                0x00000000c0021d40                PCI::getDeviceData(unsigned char, unsigned char, unsigned char)
                0x00000000c0021eec                PCI::checkDevice(unsigned char, unsigned char)
                0x00000000c0021f58                PCI::detect()
 *fill*         0x00000000c0021fab        0x1 
 .text          0x00000000c0021fac      0xc70 hw/diskctrl/ide.32
                0x00000000c0021fac                IDE::close(int, int, void*)
                0x00000000c0021fb0                IDE::IDE()
                0x00000000c0021fb0                IDE::IDE()
                0x00000000c0021fe4                IDE::prepareInterrupt(unsigned char)
                0x00000000c0021ff6                selectDrive(unsigned char, unsigned char)
                0x00000000c0021ff8                IDE::getBase(unsigned char)
                0x00000000c002200a                IDE::write(unsigned char, unsigned char, unsigned char)
                0x00000000c00220ca                IDE::read(unsigned char, unsigned char)
                0x00000000c0022178                IDE::waitInterrupt(unsigned char)
                0x00000000c00221de                ideChannel0IRQHandler(regs*, void*)
                0x00000000c00221fa                ideChannel1IRQHandler(regs*, void*)
                0x00000000c0022216                IDE::enableIRQs(unsigned char, bool)
                0x00000000c002225c                IDE::open(int, int, void*)
                0x00000000c002266c                IDE::readBuffer(unsigned char, unsigned char, unsigned int, unsigned int)
                0x00000000c0022738                IDE::detect()
                0x00000000c0022a20                IDE::printError(unsigned char, unsigned char, unsigned char)
                0x00000000c0022bb6                IDE::polling(unsigned char, unsigned int)
 .text          0x00000000c0022c1c      0x37a hw/diskctrl/satabus.32
                0x00000000c0022c1c                SATABus::close(int, int, void*)
                0x00000000c0022c20                SATABus::detect()
                0x00000000c0022c22                SATABus::SATABus()
                0x00000000c0022c22                SATABus::SATABus()
                0x00000000c0022cce                SATABus::findCmdslot(SATABus::tagHBA_PORT volatile*)
                0x00000000c0022d16                SATABus::checkType(SATABus::tagHBA_PORT volatile*)
                0x00000000c0022d5e                SATABus::startCmd(SATABus::tagHBA_PORT volatile*)
                0x00000000c0022d7e                SATABus::stopCmd(SATABus::tagHBA_PORT volatile*)
                0x00000000c0022da8                SATABus::portRebase(SATABus::tagHBA_PORT volatile*, int)
                0x00000000c0022eae                SATABus::probePort(SATABus::tagHBA_MEM volatile*)
                0x00000000c0022f76                SATABus::open(int, int, void*)
 .text          0x00000000c0022f96      0x62b hw/diskphys/ata.32
                0x00000000c0022f96                ATA::close(int, int, void*)
                0x00000000c0022fba                ATA::powerSaving(PowerSavingLevel)
                0x00000000c0022fbc                ATA::ATA()
                0x00000000c0022fbc                ATA::ATA()
                0x00000000c0022fea                ATA::flush(bool)
                0x00000000c0023034                ATA::readyForCommand()
                0x00000000c0023084                ATA::access(unsigned long long, int, void*, bool)
                0x00000000c0023402                ATA::read(unsigned long long, int, void*)
                0x00000000c002346a                ATA::write(unsigned long long, int, void*)
                0x00000000c00234d2                ATA::detectCHS()
                0x00000000c00234fc                ATA::open(int, int, void*)
 *fill*         0x00000000c00235c1        0x1 
 .text          0x00000000c00235c2      0x5b3 hw/diskphys/atapi.32
                0x00000000c00235c2                ATAPI::write(unsigned long long, int, void*)
                0x00000000c00235c8                ATAPI::close(int, int, void*)
                0x00000000c00235ec                ATAPI::ATAPI()
                0x00000000c00235ec                ATAPI::ATAPI()
                0x00000000c002361a                ATAPI::readyForCommand()
                0x00000000c002366a                ATAPI::sendPacket(unsigned char*, int, bool, unsigned short*, int)
                0x00000000c002392a                ATAPI::diskRemoved()
                0x00000000c0023946                ATAPI::eject()
                0x00000000c002398c                ATAPI::diskInserted()
                0x00000000c00239ba                ATAPI::detectMedia()
                0x00000000c0023a76                ATAPI::open(int, int, void*)
                0x00000000c0023af6                ATAPI::read(unsigned long long, int, void*)
 *fill*         0x00000000c0023b75        0x1 
 .text          0x00000000c0023b76      0x414 hw/diskphys/sata.32
                0x00000000c0023b76                SATA::close(int, int, void*)
                0x00000000c0023b9a                SATA::powerSaving(PowerSavingLevel)
                0x00000000c0023b9c                SATA::open(int, int, void*)
                0x00000000c0023bf8                SATA::SATA()
                0x00000000c0023bf8                SATA::SATA()
                0x00000000c0023c26                SATA::access(unsigned long long, int, void*, bool)
                0x00000000c0023eba                SATA::read(unsigned long long, int, void*)
                0x00000000c0023f22                SATA::write(unsigned long long, int, void*)
 .text          0x00000000c0023f8a       0x8e hw/fpu/avx.32
                0x00000000c0023f8a                AVX::open(int, int, void*)
                0x00000000c0023f9c                AVX::close(int, int, void*)
                0x00000000c0023fae                AVX::available()
                0x00000000c0023fc0                AVX::save(void*)
                0x00000000c0023fd8                AVX::load(void*)
                0x00000000c0023ff0                AVX::AVX()
                0x00000000c0023ff0                AVX::AVX()
 .text          0x00000000c0024018       0x90 hw/fpu/mmx.32
                0x00000000c0024018                MMX::available()
                0x00000000c002402c                MMX::open(int, int, void*)
                0x00000000c002403e                MMX::close(int, int, void*)
                0x00000000c0024050                MMX::save(void*)
                0x00000000c0024068                MMX::load(void*)
                0x00000000c0024080                MMX::MMX()
                0x00000000c0024080                MMX::MMX()
 .text          0x00000000c00240a8       0x96 hw/fpu/sse.32
                0x00000000c00240a8                SSE::open(int, int, void*)
                0x00000000c00240ba                SSE::close(int, int, void*)
                0x00000000c00240cc                SSE::available()
                0x00000000c00240e6                SSE::save(void*)
                0x00000000c00240fe                SSE::load(void*)
                0x00000000c0024116                SSE::SSE()
                0x00000000c0024116                SSE::SSE()
 .text          0x00000000c002413e       0x8e hw/fpu/x87.32
                0x00000000c002413e                x87::open(int, int, void*)
                0x00000000c0024150                x87::close(int, int, void*)
                0x00000000c0024162                x87::available()
                0x00000000c0024174                x87::save(void*)
                0x00000000c002418c                x87::load(void*)
                0x00000000c00241a4                x87::x87()
                0x00000000c00241a4                x87::x87()
 .text          0x00000000c00241cc      0x71e hw/intctrl/apic.32
                0x00000000c00241cc                APIC::disable()
                0x00000000c00241ce                APIC::close(int, int, void*)
                0x00000000c00241f0                IOAPIC::close(int, int, void*)
                0x00000000c00241f6                APIC::io_wait()
                0x00000000c00241fc                APIC::getBase()
                0x00000000c002423e                APIC::eoi(unsigned char)
                0x00000000c002426c                APIC::open(int, int, void*)
                0x00000000c00243ba                IOAPIC::IOAPIC()
                0x00000000c00243ba                IOAPIC::IOAPIC()
                0x00000000c00243e2                APIC::APIC()
                0x00000000c00243e2                APIC::APIC()
                0x00000000c00244be                IOAPIC::handlesGSIWithNumber(unsigned int)
                0x00000000c00244f0                IOAPIC::read(int)
                0x00000000c0024518                IOAPIC::open(int, int, void*)
                0x00000000c002460e                IOAPIC::write(int, int)
                0x00000000c002463a                IOAPIC::redirect(unsigned char, unsigned long long, unsigned char, bool, bool)
                0x00000000c0024734                APIC::installIRQHandler(int, void (*)(regs*, void*), bool, void*)
 .text          0x00000000c00248ea      0x3d3 hw/intctrl/pic.32
                0x00000000c00248ea                PIC::disable()
                0x00000000c0024918                PIC::close(int, int, void*)
                0x00000000c002493a                PIC::PIC()
                0x00000000c002493a                PIC::PIC()
                0x00000000c0024a10                PIC::ioWait()
                0x00000000c0024a16                PIC::getIRQReg(int)
                0x00000000c0024a80                PIC::eoi(unsigned char)
                0x00000000c0024b12                PIC::remap()
                0x00000000c0024c7e                PIC::open(int, int, void*)
 *fill*         0x00000000c0024cbd        0x1 
 .text          0x00000000c0024cbe      0x25e hw/timer/apictimer.32
                0x00000000c0024cbe                APICTimer::close(int, int, void*)
                0x00000000c0024cc4                apicTimerHandler(regs*, void*)
                0x00000000c0024cf2                APICTimer::write(int)
                0x00000000c0024df6                APICTimer::open(int, int, void*)
                0x00000000c0024ef4                APICTimer::APICTimer()
                0x00000000c0024ef4                APICTimer::APICTimer()
 .text          0x00000000c0024f1c      0x1a7 hw/timer/pit.32
                0x00000000c0024f1c                PIT::write(int)
                0x00000000c0024f9a                pitHandler(regs*, void*)
                0x00000000c0024fc6                PIT::open(int, int, void*)
                0x00000000c0025014                PIT::close(int, int, void*)
                0x00000000c0025044                PIT::PIT()
                0x00000000c0025044                PIT::PIT()
 *fill*         0x00000000c00250c3        0xd 
 .text          0x00000000c00250d0       0x1e hw/fpu/x86/avx.32
                0x00000000c00250d0                avxDetect
                0x00000000c00250d6                avxSave
                0x00000000c00250d7                avxLoad
                0x00000000c00250d8                avxInit
                0x00000000c00250d9                avxClose
                0x00000000c00250da                wouldSheSayYes
 *fill*         0x00000000c00250ee        0x2 
 .text          0x00000000c00250f0       0x35 hw/fpu/x86/sse.32
                0x00000000c00250f0                absolutelyNoChanceInHell
                0x00000000c00250f0                sseDetect
                0x00000000c0025108                sseSave
                0x00000000c002510e                sseLoad
                0x00000000c0025114                sseInit
                0x00000000c0025124                sseClose
 *fill*         0x00000000c0025125        0xb 
 .text          0x00000000c0025130       0x47 hw/fpu/x86/x87.32
                0x00000000c0025136                x87Detect
                0x00000000c0025151                x87Save
                0x00000000c0025157                x87Load
                0x00000000c002515c                x87Init
                0x00000000c0025176                x87Close
 *fill*         0x00000000c0025177        0x1 
 .text          0x00000000c0025178       0x25 /cygdrive/d/Users/Alex/Desktop/Toolchain/Output/bin/../lib/gcc/i386-banana/8.1.0/crtend.o
 .text          0x00000000c002519d        0x0 crtn.32
 *fill*         0x00000000c002519d        0x3 
 .text          0x00000000c00251a0      0x14b /cygdrive/d/Users/Alex/Desktop/Toolchain/Output/bin/../lib/gcc/i386-banana/8.1.0/libkgcc.a(_divdi3.o)
                0x00000000c00251a0                __divdi3
 *fill*         0x00000000c00252eb        0x1 
 .text          0x00000000c00252ec      0x17e /cygdrive/d/Users/Alex/Desktop/Toolchain/Output/bin/../lib/gcc/i386-banana/8.1.0/libkgcc.a(_moddi3.o)
                0x00000000c00252ec                __moddi3
 *fill*         0x00000000c002546a        0x2 
 .text          0x00000000c002546c       0xff /cygdrive/d/Users/Alex/Desktop/Toolchain/Output/bin/../lib/gcc/i386-banana/8.1.0/libkgcc.a(_udivdi3.o)
                0x00000000c002546c                __udivdi3
 *fill*         0x00000000c002556b        0x1 
 .text          0x00000000c002556c      0x11a /cygdrive/d/Users/Alex/Desktop/Toolchain/Output/bin/../lib/gcc/i386-banana/8.1.0/libkgcc.a(_umoddi3.o)
                0x00000000c002556c                __umoddi3
 .text          0x00000000c0025686      0x96d D:/Users/Alex/Desktop/Banana/kernel/libsoftfp.a(sfieeelib.o)
                0x00000000c0025686                __addsf3
                0x00000000c0025988                __subsf3
                0x00000000c002599c                __negsf2
                0x00000000c00259a9                __mulsf3
                0x00000000c0025b6c                __divsf3
                0x00000000c0025d97                __floatsisf
                0x00000000c0025e0b                __floatunsisf
                0x00000000c0025e4d                __fixsfsi
                0x00000000c0025eaf                __fixunssfsi
                0x00000000c0025ee0                __cmpsf2
                0x00000000c0025f75                __eqsf2
                0x00000000c0025fb0                __nesf2
                0x00000000c0025fb2                __gtsf2
                0x00000000c0025fed                __gesf2
                0x00000000c0025fef                __ltsf2
                0x00000000c0025ff1                __lesf2
 .text          0x00000000c0025ff3      0xf50 D:/Users/Alex/Desktop/Banana/kernel/libsoftfp.a(dfieeelib.o)
                0x00000000c0025ff3                __adddf3
                0x00000000c0026644                __subdf3
                0x00000000c002665f                __negdf2
                0x00000000c0026670                __muldf3
                0x00000000c0026954                __divdf3
                0x00000000c0026cd3                __floatsidf
                0x00000000c0026d2e                __floatunsidf
                0x00000000c0026d6c                __fixdfsi
                0x00000000c0026dd9                __fixunsdfsi
                0x00000000c0026e15                __cmpdf2
                0x00000000c0026f03                __eqdf2
                0x00000000c0026f1f                __nedf2
                0x00000000c0026f21                __gtdf2
                0x00000000c0026f3d                __gedf2
                0x00000000c0026f3f                __ltdf2
                0x00000000c0026f41                __ledf2
 .text          0x00000000c0026f43      0x18d D:/Users/Alex/Desktop/Banana/kernel/libsoftfp.a(sfdfcvt.o)
                0x00000000c0026f43                __truncdfsf2
                0x00000000c0027067                __extendsfdf2
 .text          0x00000000c00270d0       0x1e D:/Users/Alex/Desktop/Banana/kernel/libk/libm32.a(s_fabs.c.o)
                0x00000000c00270d0                fabs
 *fill*         0x00000000c00270ee        0x2 
 .text          0x00000000c00270f0        0xc D:/Users/Alex/Desktop/Banana/kernel/libk/libm32.a(s_lrint.S.o)
                0x00000000c00270f0                lrint
 .text          0x00000000c00270fc        0xc D:/Users/Alex/Desktop/Banana/kernel/libk/libm32.a(s_lrintf.S.o)
                0x00000000c00270fc                lrintf
 *(.gnu.linkonce.t*)

.iplt           0x00000000c0027108        0x0
 .iplt          0x00000000c0027108        0x0 D:/Users/Alex/Desktop/Banana/kernel/boot.32

.init           0x00000000c0027108        0xf
 .init          0x00000000c0027108        0x3 crti.32
                0x00000000c0027108                _init
 .init          0x00000000c002710b        0x5 /cygdrive/d/Users/Alex/Desktop/Toolchain/Output/bin/../lib/gcc/i386-banana/8.1.0/crtbegin.o
 .init          0x00000000c0027110        0x5 /cygdrive/d/Users/Alex/Desktop/Toolchain/Output/bin/../lib/gcc/i386-banana/8.1.0/crtend.o
 .init          0x00000000c0027115        0x2 crtn.32

.fini           0x00000000c0027117        0xa