Archive member included to satisfy reference by file (symbol)

/cygdrive/d/Users/Alex/Desktop/Toolchain/Output/bin/../lib/gcc/i386-banana/8.1.0/libkgcc.a(_divdi3.o)
                              krnl/resolve.32 (__divdi3)
/cygdrive/d/Users/Alex/Desktop/Toolchain/Output/bin/../lib/gcc/i386-banana/8.1.0/libkgcc.a(_moddi3.o)
                              krnl/resolve.32 (__moddi3)
/cygdrive/d/Users/Alex/Desktop/Toolchain/Output/bin/../lib/gcc/i386-banana/8.1.0/libkgcc.a(_udivdi3.o)
                              hal/clock.32 (__udivdi3)
/cygdrive/d/Users/Alex/Desktop/Toolchain/Output/bin/../lib/gcc/i386-banana/8.1.0/libkgcc.a(_umoddi3.o)
                              core/pipe.32 (__umoddi3)

Allocating common symbols
Common symbol       size              file

dcache              0x40              fs/iso9660/iso9660.32
cdDriveLetter       0x1               fs/iso9660/iso9660.32
icache              0x40              fs/iso9660/iso9660.32

Discarded input sections

 .comment       0x0000000000000000       0x12 /cygdrive/d/Users/Alex/Desktop/Toolchain/Output/bin/../lib/gcc/i386-banana/8.1.0/crtbegin.o
 .comment       0x0000000000000000       0x12 acpica/utclib.32
 .comment       0x0000000000000000       0x12 core/malloc.32
 .comment       0x0000000000000000       0x12 libk/ctype.32
 .comment       0x0000000000000000       0x12 libk/string.32
 .comment       0x0000000000000000       0x12 fs/fat/diskio.32
 .comment       0x0000000000000000       0x12 fs/fat/ff.32
 .comment       0x0000000000000000       0x12 fs/fat/ffsystem.32
 .comment       0x0000000000000000       0x12 fs/fat/ffunicode.32
 .comment       0x0000000000000000       0x12 fs/iso9660/iso9660.32
 .group         0x0000000000000000       0x14 core/computer.32
 .group         0x0000000000000000        0xc core/computer.32
 .comment       0x0000000000000000       0x12 core/computer.32
 .comment       0x0000000000000000       0x12 core/gdt.32
 .group         0x0000000000000000        0xc core/idle.32
 .comment       0x0000000000000000       0x12 core/idle.32
 .comment       0x0000000000000000       0x12 core/idt.32
 .comment       0x0000000000000000       0x12 core/kheap.32
 .comment       0x0000000000000000       0x12 core/main.32
 .comment       0x0000000000000000       0x12 core/physmgr.32
 .group         0x0000000000000000        0xc core/pipe.32
 .comment       0x0000000000000000       0x12 core/pipe.32
 .group         0x0000000000000000        0xc core/terminal.32
 .comment       0x0000000000000000       0x12 core/terminal.32
 .comment       0x0000000000000000       0x12 core/tss.32
 .group         0x0000000000000000        0x8 core/unixfile.32
 .group         0x0000000000000000        0x8 core/unixfile.32
 .group         0x0000000000000000        0xc core/unixfile.32
 .group         0x0000000000000000        0x8 core/unixfile.32
 .group         0x0000000000000000        0xc core/unixfile.32
 .group         0x0000000000000000        0x8 core/unixfile.32
 .group         0x0000000000000000        0xc core/unixfile.32
 .group         0x0000000000000000        0xc core/unixfile.32
 .comment       0x0000000000000000       0x12 core/unixfile.32
 .comment       0x0000000000000000       0x12 core/virtmgr.32
 .comment       0x0000000000000000       0x12 coreobjs/c++.32
 .comment       0x0000000000000000       0x12 dbg/kconsole.32
 .comment       0x0000000000000000       0x12 dbg/usban.32
 .comment       0x0000000000000000       0x12 fs/symlink.32
 .group         0x0000000000000000        0xc fs/vfs.32
 .group         0x0000000000000000        0xc fs/vfs.32
 .group         0x0000000000000000        0xc fs/vfs.32
 .comment       0x0000000000000000       0x12 fs/vfs.32
 .group         0x0000000000000000        0xc hal/bus.32
 .comment       0x0000000000000000       0x12 hal/bus.32
 .comment       0x0000000000000000       0x12 hal/buzzer.32
 .group         0x0000000000000000        0xc hal/clock.32
 .comment       0x0000000000000000       0x12 hal/clock.32
 .group         0x0000000000000000       0x14 hal/device.32
 .group         0x0000000000000000        0xc hal/device.32
 .group         0x0000000000000000        0x8 hal/device.32
 .group         0x0000000000000000        0xc hal/device.32
 .group         0x0000000000000000        0xc hal/device.32
 .comment       0x0000000000000000       0x12 hal/device.32
 .group         0x0000000000000000        0xc hal/diskctrl.32
 .comment       0x0000000000000000       0x12 hal/diskctrl.32
 .group         0x0000000000000000        0xc hal/diskphys.32
 .comment       0x0000000000000000       0x12 hal/diskphys.32
 .comment       0x0000000000000000       0x12 hal/fpu.32
 .comment       0x0000000000000000       0x12 hal/intctrl.32
 .group         0x0000000000000000        0xc hal/keybrd.32
 .comment       0x0000000000000000       0x12 hal/keybrd.32
 .group         0x0000000000000000        0xc hal/logidisk.32
 .comment       0x0000000000000000       0x12 hal/logidisk.32
[...]
Memory Configuration

Name             Origin             Length             Attributes
*default*        0x0000000000000000 0xffffffffffffffff

Linker script and memory map

LOAD D:/Users/Alex/Desktop/Banana/kernel/boot.32
LOAD crti.32
LOAD /cygdrive/d/Users/Alex/Desktop/Toolchain/Output/bin/../lib/gcc/i386-banana/8.1.0/crtbegin.o
LOAD D:/Users/Alex/Desktop/Banana/kernel/morenasm.32
LOAD acpica/utclib.32
LOAD core/malloc.32
LOAD libk/ctype.32
LOAD libk/string.32
LOAD fs/fat/diskio.32
LOAD fs/fat/ff.32
LOAD fs/fat/ffsystem.32
LOAD fs/fat/ffunicode.32
LOAD fs/iso9660/iso9660.32
LOAD core/computer.32
LOAD core/gdt.32
LOAD core/idle.32
LOAD core/idt.32
LOAD core/kheap.32
LOAD core/main.32
LOAD core/physmgr.32
LOAD core/pipe.32
LOAD core/terminal.32
LOAD core/tss.32
LOAD core/unixfile.32
LOAD core/virtmgr.32
LOAD coreobjs/c++.32
LOAD dbg/kconsole.32
LOAD dbg/usban.32
LOAD fs/symlink.32
LOAD fs/vfs.32
LOAD hal/bus.32
LOAD hal/buzzer.32
LOAD hal/clock.32
LOAD hal/device.32
LOAD hal/diskctrl.32
LOAD hal/diskphys.32
LOAD hal/fpu.32
LOAD hal/intctrl.32
LOAD hal/keybrd.32
LOAD hal/logidisk.32
LOAD hal/mouse.32
LOAD hal/nic.32
LOAD hal/partition.32
LOAD hal/serial.32
LOAD hal/timer.32
LOAD hal/vcache.32
LOAD hal/video.32
LOAD hw/acpi.32
LOAD hw/cpu.32
LOAD krnl/atexit.32
LOAD krnl/bootmsg.32
LOAD krnl/compat.32
LOAD krnl/crc32.32
LOAD krnl/env.32
LOAD krnl/inlines.32
LOAD krnl/panic.32
LOAD krnl/powctrl.32
LOAD krnl/random.32
LOAD krnl/resolve.32
LOAD krnl/signal.32
LOAD krnl/syscalls.32
LOAD net/ethernet.32
LOAD reg/cm.32
LOAD reg/registry.32
LOAD sys/eject.32
LOAD sys/exit.32
LOAD sys/getcwd.32
LOAD sys/getpid.32
LOAD sys/getramdata.32
LOAD sys/getvgaptr.32
LOAD sys/kill.32
LOAD sys/loaddll.32
LOAD sys/read.32
LOAD sys/registersignal.32
LOAD sys/registry.32
LOAD sys/sbrk.32
LOAD sys/setcwd.32
LOAD sys/settime.32
LOAD sys/symlink.32
LOAD sys/timezone.32
LOAD sys/truncate.32
LOAD sys/write.32
LOAD sys/wsbe.32
LOAD sys/yield.32
LOAD thr/elf.32
LOAD thr/prcssthr.32
LOAD vm86/vm8086.32
LOAD arch/i386/hal.32
LOAD arch/i386/pic.32
LOAD arch/i386/rtc.32
LOAD arch/i386/vga.32
LOAD fs/fat/vfslink.32
LOAD fs/iso9660/helper.32
LOAD fs/iso9660/vfslink.32
LOAD hal/sound/sndcard.32
LOAD hal/sound/sndport.32
LOAD hw/bus/isa.32
LOAD hw/bus/pci.32
LOAD hw/diskctrl/ide.32
LOAD hw/diskctrl/satabus.32
LOAD hw/diskphys/ata.32
LOAD hw/diskphys/atapi.32
LOAD hw/diskphys/sata.32
LOAD hw/diskphys/satapi.32
LOAD hw/intctrl/apic.32
LOAD hw/timer/apictimer.32
LOAD hw/timer/pit.32
LOAD arch/i386/avx.32
LOAD arch/i386/interrupt.32
LOAD arch/i386/rdrand.32
LOAD arch/i386/sse.32
LOAD arch/i386/x87.32
LOAD /cygdrive/d/Users/Alex/Desktop/Toolchain/Output/bin/../lib/gcc/i386-banana/8.1.0/crtend.o
LOAD crtn.32
LOAD /cygdrive/d/Users/Alex/Desktop/Toolchain/Output/bin/../lib/gcc/i386-banana/8.1.0/libkgcc.a
LOAD D:/Users/Alex/Desktop/Banana/kernel/libsoftfp.a
LOAD D:/Users/Alex/Desktop/Banana/kernel/libk/libm32.a
                0x00000000c0000000                . = 0xc0000000

.text           0x00000000c0000000    0x1fa3a
 *(.text)
 .text          0x00000000c0000000       0x20 D:/Users/Alex/Desktop/Banana/kernel/boot.32
 .text          0x00000000c0000020        0x0 crti.32
 .text          0x00000000c0000020      0x101 /cygdrive/d/Users/Alex/Desktop/Toolchain/Output/bin/../lib/gcc/i386-banana/8.1.0/crtbegin.o
 *fill*         0x00000000c0000121        0xf 
 .text          0x00000000c0000130      0x24f D:/Users/Alex/Desktop/Banana/kernel/morenasm.32
                0x00000000c0000130                manualPCIProbe
                0x00000000c000017b                prepareTramp
                0x00000000c0000194                doTPAUSE
                0x00000000c000019e                hasLegacyFPU
                0x00000000c00001c3                is486
                0x00000000c00001f9                detectCPUID
                0x00000000c000020f                goToVM86
                0x00000000c000023f                goToUsermode
                0x00000000c0000269                switchToThreadASMFirstTime
                0x00000000c0000277                switchToThreadASM
                0x00000000c00002fc                asmQuickAcquireLock
                0x00000000c000031a                asmQuickReleaseLock
                0x00000000c0000326                asmAcquireLock
                0x00000000c0000347                asmReleaseLock
                0x00000000c000035a                loadGDT
                0x00000000c000037a                memcpy
 *fill*         0x00000000c000037f        0x1 
 .text          0x00000000c0000380      0x868 acpica/utclib.32
                0x00000000c0000380                memcmp
                0x00000000c00003d0                memmove
                0x00000000c00004f0                memset
                0x00000000c0000570                strlen
                0x00000000c00005a0                strpbrk
                0x00000000c00005f0                strtok
                0x00000000c0000640                strcpy
                0x00000000c0000680                strncpy
                0x00000000c0000750                strcmp
                0x00000000c00007a0                strchr
                0x00000000c00007e0                strncmp
                0x00000000c0000840                strcat
                0x00000000c0000870                strncat
                0x00000000c00008d0                strstr
                0x00000000c0000930                toupper
                0x00000000c0000950                tolower
                0x00000000c0000970                simple_strtoul
 .text          0x00000000c0000be8      0xfaa core/malloc.32
                0x00000000c0000d53                dlfree
                0x00000000c00010ab                dlmalloc
                0x00000000c00015e8                dlrealloc
                0x00000000c000178b                dlmemalign
                0x00000000c00018ae                dlcalloc
                0x00000000c0001948                dlcfree
                0x00000000c000194d                dlindependent_calloc
                0x00000000c0001972                dlindependent_comalloc
                0x00000000c0001989                dlvalloc
                0x00000000c00019b4                dlpvalloc
                0x00000000c00019ea                dlmalloc_trim
                0x00000000c00019f7                dlmalloc_usable_size
                0x00000000c0001a28                dlmallinfo
                0x00000000c0001af7                dlmalloc_stats
                0x00000000c0001b08                dlmallopt
 *fill*         0x00000000c0001b92        0x2 
 .text          0x00000000c0001b94      0x1f2 libk/ctype.32
                0x00000000c0001b94                isblank
                0x00000000c0001bb4                iscntrl
                0x00000000c0001bd4                isdigit
                0x00000000c0001bf0                islower
                0x00000000c0001c0c                isspace
                0x00000000c0001c34                isupper
                0x00000000c0001c50                isalpha
                0x00000000c0001c80                isalnum
                0x00000000c0001cb0                ispunct
                0x00000000c0001cf0                isgraph
                0x00000000c0001d20                isprint
                0x00000000c0001d48                isxdigit
 .text          0x00000000c0001d86        0x0 libk/string.32
 .text          0x00000000c0001d86       0x51 fs/fat/diskio.32
                0x00000000c0001d86                disk_status
                0x00000000c0001d89                disk_initialize
                0x00000000c0001d8c                disk_read
                0x00000000c0001da2                disk_write
                0x00000000c0001db8                disk_ioctl
 .text          0x00000000c0001dd7     0x3e46 fs/fat/ff.32
                0x00000000c0003bf8                f_mount
                0x00000000c0003c5a                f_open
                0x00000000c0003f1d                f_read
                0x00000000c000411c                f_write
                0x00000000c0004364                f_sync
                0x00000000c0004429                f_close
                0x00000000c0004458                f_lseek
                0x00000000c0004609                f_opendir
                0x00000000c00046d4                f_closedir
                0x00000000c00046f6                f_readdir
                0x00000000c0004788                f_stat
                0x00000000c0004807                f_getfree
                0x00000000c0004910                f_truncate
                0x00000000c00049fa                f_unlink
                0x00000000c0004b1c                f_mkdir
                0x00000000c0004cb7                f_rename
                0x00000000c0004e6f                f_chmod
                0x00000000c0004f1f                f_utime
                0x00000000c0004fcf                f_getlabel
                0x00000000c0005120                f_setlabel
                0x00000000c00052b0                f_expand
                0x00000000c000541d                f_mkfs
 *fill*         0x00000000c0005c1d        0x3 
 .text          0x00000000c0005c20       0x2f fs/fat/ffsystem.32
                0x00000000c0005c20                ff_memalloc
                0x00000000c0005c38                ff_memfree
 *fill*         0x00000000c0005c4f        0x1 
 .text          0x00000000c0005c50      0x2dc fs/fat/ffunicode.32
                0x00000000c0005c50                ff_uni2oem
                0x00000000c0005cf0                ff_oem2uni
                0x00000000c0005d68                ff_wtoupper
 .text          0x00000000c0005f2c      0xd32 fs/iso9660/iso9660.32
                0x00000000c0006177                isoReadDiscSector
                0x00000000c0006212                strnicmp
                0x00000000c00064c1                stricmp
                0x00000000c000650d                iso_open
                0x00000000c0006597                iso_close
                0x00000000c00065b5                iso_read
                0x00000000c00066cb                iso_seek
                0x00000000c000674f                iso_tell
                0x00000000c0006780                iso_total
                0x00000000c00067ab                fn_postprocess
                0x00000000c00067d2                iso_readdir
                0x00000000c0006a29                iso_reset
                0x00000000c0006a46                init_percd
                0x00000000c0006b40                iso_ioctl
                0x00000000c0006b58                fs_iso9660_init
                0x00000000c0006bee                fs_iso9660_shutdown
 .text          0x00000000c0006c5e      0x6c7 core/computer.32
                0x00000000c0006c5e                Computer::close(int, int, void*)
                0x00000000c0006cac                Krnl::firstTask()
                0x00000000c0006dea                Computer::Computer()
                0x00000000c0006dea                Computer::Computer()
                0x00000000c0006e9a                Computer::setBootMessage(char const*)
                0x00000000c0006e9c                Computer::detectFeatures()
                0x00000000c00070c2                Computer::displayFeatures()
                0x00000000c00070c4                Computer::rdmsr(unsigned int)
                0x00000000c00070f0                Computer::wrmsr(unsigned int, unsigned long long)
                0x00000000c000712c                Computer::shutdown()
                0x00000000c0007144                Computer::restart()
                0x00000000c000715c                Computer::sleep()
                0x00000000c0007170                Computer::nmiEnabled()
                0x00000000c000717c                Computer::readCMOS(unsigned char)
                0x00000000c000719a                Computer::enableNMI(bool)
                0x00000000c00071b2                Computer::open(int, int, void*)
                0x00000000c0007286                Computer::disableNMI()
                0x00000000c0007296                Computer::writeCMOS(unsigned char, unsigned char)
                0x00000000c00072ba                Computer::handleNMI()
 *fill*         0x00000000c0007325        0x1 
 .text          0x00000000c0007326      0x1db core/gdt.32
                0x00000000c0007326                GDTEntry::setBase(unsigned int)
                0x00000000c0007342                GDTEntry::setLimit(unsigned int)
                0x00000000c0007360                GDT::GDT()
                0x00000000c0007360                GDT::GDT()
                0x00000000c0007376                GDT::addEntry(GDTEntry)
                0x00000000c0007398                GDT::getNumberOfEntries()
                0x00000000c00073a0                GDT::flush()
                0x00000000c00073c2                GDT::setup()
 .text          0x00000000c0007501       0x1d core/idle.32
                0x00000000c0007501                idleFunction(void*)
 *fill*         0x00000000c000751e        0x2 
 .text          0x00000000c0007520      0x46c core/idt.32
                0x00000000c0007520                IDTEntry::IDTEntry(bool)
                0x00000000c0007520                IDTEntry::IDTEntry(bool)
                0x00000000c000759a                IDTEntry::setOffset(unsigned int)
                0x00000000c00075b0                IDT::IDT()
                0x00000000c00075b0                IDT::IDT()
                0x00000000c00075b2                IDT::getPointerToInvalidOpcodeEntryForF00F()
                0x00000000c00075ba                IDT::addEntry(IDTEntry, int)
                0x00000000c00075d4                IDT::addEntry(int, void (*)(), bool)
                0x00000000c000760c                IDT::flush()
                0x00000000c0007626                IDT::setup()
 .text          0x00000000c000798c      0x188 core/kheap.32
                0x00000000c000798c                sbrk
                0x00000000c0007a23                mmap
                0x00000000c0007a39                munmap
                0x00000000c0007a4f                liballoc_lock()
                0x00000000c0007a5d                liballoc_unlock()
                0x00000000c0007a73                liballoc_alloc(int)
                0x00000000c0007a8b                liballoc_free(void*, int)
                0x00000000c0007aa6                realloc
                0x00000000c0007aba                malloc
                0x00000000c0007aca                free
                0x00000000c0007ada                rfree
                0x00000000c0007aea                calloc
 .text          0x00000000c0007b14       0xc7 core/main.32
                0x00000000c0007b14                KeEntryPoint
 .text          0x00000000c0007bdb      0x644 core/physmgr.32
                0x00000000c0007bdb                Phys::allocateDMA(unsigned long)
                0x00000000c0007cc3                Phys::freeDMA(unsigned long, unsigned long)
                0x00000000c0007cfe                Phys::setPageState(unsigned long, bool)
                0x00000000c0007d3e                Phys::getPageState(unsigned long)
                0x00000000c0007d5a                Phys::freePage(unsigned long)
                0x00000000c0007dc3                Phys::allocatePage()
                0x00000000c0007e92                Phys::allocateContiguousPages(int)
                0x00000000c0007ef9                Phys::allowSegmentToBeUsed(unsigned long, unsigned long)
                0x00000000c0007f31                Phys::physicalMemorySetup(unsigned int)
 *fill*         0x00000000c000821f        0x1 
 .text          0x00000000c0008220      0x273 core/pipe.32
                0x00000000c0008220                Pipe::isAtty()
                0x00000000c0008224                Pipe::~Pipe()
                0x00000000c0008224                Pipe::~Pipe()
                0x00000000c0008248                Pipe::~Pipe()
                0x00000000c0008270                Pipe::write(unsigned long long, void*, int*)
                0x00000000c0008330                Pipe::read(unsigned long long, void*, int*)
                0x00000000c000842c                Pipe::Pipe(int)
                0x00000000c000842c                Pipe::Pipe(int)
 *fill*         0x00000000c0008493        0x1 
 .text          0x00000000c0008494      0xab3 core/terminal.32
                0x00000000c0008494                VgaText::isAtty()
                0x00000000c0008498                VgaText::~VgaText()
                0x00000000c0008498                VgaText::~VgaText()
                0x00000000c00084bc                VgaText::~VgaText()
                0x00000000c00084e6                VgaText::read(unsigned long long, void*, int*)
                0x00000000c0008506                setTerminalScrollLock(bool)
                0x00000000c0008507                doTerminalCycle()
                0x00000000c0008508                addToTerminalCycle(VgaText*)
                0x00000000c0008509                scrollTerminalScrollLock(int)
                0x00000000c000850a                VgaText::updateTitle()
                0x00000000c000850c                VgaText::load()
                0x00000000c000850e                VgaText::updateCursor()
                0x00000000c0008524                VgaText::doANSI_SGR(int)
                0x00000000c0008598                VgaText::setDefaultBgColour(VgaColour)
                0x00000000c00085a8                VgaText::setDefaultFgColour(VgaColour)
                0x00000000c00085b8                VgaText::setDefaultColours(VgaColour, VgaColour)
                0x00000000c00085d8                VgaText::setTitleTextColour(VgaColour)
                0x00000000c00085e4                VgaText::setTitleColour(VgaColour)
                0x00000000c00085f0                VgaText::setTitle(char*)
                0x00000000c00085f2                VgaText::combineColours(unsigned char, unsigned char)
                0x00000000c0008604                VgaText::scrollScreen()
                0x00000000c0008696                VgaText::combineCharAndColour(char, unsigned char)
                0x00000000c00086a6                VgaText::writeCharacter(char, VgaColour, VgaColour, int, int)
                0x00000000c0008736                VgaText::getCursorX()
                0x00000000c000873e                VgaText::getCursorY()
                0x00000000c0008746                VgaText::setCursor(int, int)
                0x00000000c000875d                setActiveTerminal(VgaText*)
                0x00000000c00087a8                VgaText::clearScreen()
                0x00000000c00087f6                VgaText::setCursorX(int)
                0x00000000c000880e                VgaText::setCursorY(int)
                0x00000000c0008826                VgaText::incrementCursor(bool)
                0x00000000c000887a                VgaText::decrementCursor(bool)
                0x00000000c000889c                VgaText::putchar(char, VgaColour, VgaColour)
                0x00000000c000896c                VgaText::putchar(char)
                0x00000000c0008a64                VgaText::putx(unsigned int)
                0x00000000c0008aaa                VgaText::puts(char const*)
                0x00000000c0008ad0                VgaText::write(unsigned long long, void*, int*)
                0x00000000c0008b1c                VgaText::puts(char const*, VgaColour, VgaColour)
                0x00000000c0008c6a                VgaText::VgaText(char const*)
                0x00000000c0008c6a                VgaText::VgaText(char const*)
                0x00000000c0008dba                VgaText::receiveKey(unsigned char)
                0x00000000c0008f46                VgaText::doUpdate()
 *fill*         0x00000000c0008f47        0x1 
 .text          0x00000000c0008f48      0x1a1 core/tss.32
                0x00000000c0008f48                TSS::TSS()
                0x00000000c0008f48                TSS::TSS()
                0x00000000c0008f58                TSS::setESP(unsigned long)
                0x00000000c0008f6c                TSS::flush()
                0x00000000c0008f8c                TSS::setup(unsigned long, unsigned long)
 *fill*         0x00000000c00090e9        0x1 
 .text          0x00000000c00090ea      0x4ca core/unixfile.32
                0x00000000c00090ea                ReservedFilename::read(unsigned long long, void*, int*)
                0x00000000c0009140                ReservedFilename::isAtty()
                0x00000000c000915c                ReservedFilename::write(unsigned long long, void*, int*)
                0x00000000c00091ba                UnixFile::getFileDescriptor()
                0x00000000c00091c2                UnixFile::UnixFile(int)
                0x00000000c00091c2                UnixFile::UnixFile(int)
                0x00000000c0009376                ReservedFilename::ReservedFilename(int)
                0x00000000c0009376                ReservedFilename::ReservedFilename(int)
                0x00000000c00093a8                UnixFile::~UnixFile()
                0x00000000c00093a8                UnixFile::~UnixFile()
                0x00000000c0009444                UnixFile::~UnixFile()
                0x00000000c000946c                ReservedFilename::~ReservedFilename()
                0x00000000c000946c                ReservedFilename::~ReservedFilename()
                0x00000000c0009490                ReservedFilename::~ReservedFilename()
                0x00000000c00094b7                KeGetFileFromDescriptor(int)
 .text          0x00000000c00095b4     0x1218 core/virtmgr.32
                0x00000000c00095b4                Virt::setPageState(unsigned long, Virt::VirtPageState)
                0x00000000c00095ee                Virt::getPageState(unsigned long)
                0x00000000c0009611                Virt::allocateKernelVirtualPages(int)
                0x00000000c0009736                Virt::freeSwapfilePage(unsigned long)
                0x00000000c0009759                Virt::swapIDToSector(unsigned long)
                0x00000000c000976f                Virt::allocateSwapfilePage()
                0x00000000c00097ef                Virt::virtualMemorySetup()
                0x00000000c0009840                Virt::setupPageSwapping(int)
                0x00000000c00098b2                VAS::setCPUSpecific(unsigned long)
                0x00000000c00098b4                VAS::VAS(VAS*)
                0x00000000c00098b4                VAS::VAS(VAS*)
                0x00000000c00098e2                VAS::getForeignPageTableEntry(bool, unsigned long)
                0x00000000c0009910                VAS::getPageTableEntry(unsigned long)
                0x00000000c000992f                Virt::freeKernelVirtualPages(unsigned long)
                0x00000000c0009a6c                VAS::freeAllocatedPages(unsigned long)
                0x00000000c0009a90                VAS::virtualToPhysical(unsigned long)
                0x00000000c0009aaa                VAS::reflagRange(unsigned long, int, unsigned long, unsigned long)
                0x00000000c0009aec                VAS::VAS()
                0x00000000c0009aec                VAS::VAS()
                0x00000000c0009b56                VAS::setToWriteCombining(unsigned long, int)
                0x00000000c0009b8a                VAS::mapOtherVASIn(bool, VAS*)
                0x00000000c0009bb6                VAS::~VAS()
                0x00000000c0009bb6                VAS::~VAS()
                0x00000000c0009d24                VAS::mapPage(unsigned long, unsigned long, int)
                0x00000000c0009e28                VAS::allocatePages(int, int)
                0x00000000c0009f1e                VAS::mapRange(unsigned long, unsigned long, int, int)
                0x00000000c0009f76                VAS::mapForeignPage(bool, VAS*, unsigned long, unsigned long, int)
                0x00000000c000a06c                VAS::VAS(bool)
                0x00000000c000a06c                VAS::VAS(bool)
                0x00000000c000a2b6                VAS::evict(unsigned long)
                0x00000000c000a394                VAS::tryLoadBackOffDisk(unsigned long)
                0x00000000c000a52e                VAS::allocateSharedMemoryWithKernel(unsigned long, unsigned long*)
                0x00000000c000a5a2                VAS::freeSharedMemoryWithKernel(unsigned long, unsigned long)
                0x00000000c000a5ce                VAS::scanForEviction()
                0x00000000c000a6d1                mapVASFirstTime
 .text          0x00000000c000a7cc       0x5f coreobjs/c++.32
                0x00000000c000a7cc                __cxa_atexit
                0x00000000c000a7cf                __cxa_finalize
                0x00000000c000a7d0                __stack_chk_fail
                0x00000000c000a806                __cxa_pure_virtual
                0x00000000c000a817                operator new[](unsigned long)
                0x00000000c000a81c                operator delete(void*, unsigned long)
                0x00000000c000a821                operator delete[](void*)
                0x00000000c000a826                operator delete[](void*, unsigned long)
 .text          0x00000000c000a82b      0x254 dbg/kconsole.32
                0x00000000c000a82b                Dbg::stringifyxWithBase(unsigned int, char*, int)
                0x00000000c000a8cb                Dbg::logc(char)
                0x00000000c000a8eb                Dbg::logs(char*)
                0x00000000c000a90a                Dbg::logWriteInt(unsigned int)
                0x00000000c000a928                Dbg::logWriteIntBase(unsigned int, int)
                0x00000000c000a949                Dbg::kprintf(char const*, ...)
 *fill*         0x00000000c000aa7f        0x1 
 .text          0x00000000c000aa80      0x2d4 dbg/usban.32
                0x00000000c000aa80                KiUbsanPrintDetails(char const*, void*)
                0x00000000c000aaec                __ubsan_handle_type_mismatch_v1
                0x00000000c000abc8                __ubsan_handle_pointer_overflow
                0x00000000c000abf4                __ubsan_handle_out_of_bounds
                0x00000000c000ac20                __ubsan_handle_add_overflow
                0x00000000c000ac4c                __ubsan_handle_load_invalid_value
                0x00000000c000ac78                __ubsan_handle_divrem_overflow
                0x00000000c000aca4                __ubsan_handle_mul_overflow
                0x00000000c000acd0                __ubsan_handle_sub_overflow
                0x00000000c000acfc                __ubsan_handle_shift_out_of_bounds
                0x00000000c000ad28                __ubsan_handle_negate_overflow
 .text          0x00000000c000ad54      0x86d fs/symlink.32
                0x00000000c000aea3                KiDeinitialiseSymlinks(void*)
                0x00000000c000af36                KeRegisterSymlink(char const*, unsigned long long)
                0x00000000c000afc8                KeInitialiseSymlinks()
                0x00000000c000b13c                KiIsSymlinkRegistered(char const*)
                0x00000000c000b2c0                KeDereferenceSymlink(char const*, char*)
                0x00000000c000b467                KeCreateSymlink(char const*, char const*)
 *fill*         0x00000000c000b5c1        0x1 
 .text          0x00000000c000b5c2      0xd68 fs/vfs.32
                0x00000000c000b5c2                File::read(unsigned long long, void*, int*)
                0x00000000c000b61a                File::write(unsigned long long, void*, int*)
                0x00000000c000b672                Directory::read(unsigned long long, void*, int*)
                0x00000000c000b6ca                Directory::write(unsigned long long, void*, int*)
                0x00000000c000b6f8                File::isAtty()
                0x00000000c000b6fc                Directory::isAtty()
                0x00000000c000b700                Filesystem::getlabel(LogicalDisk*, int, char*, unsigned int*)
                0x00000000c000b706                Filesystem::setlabel(LogicalDisk*, int, char*)
                0x00000000c000b70c                Filesystem::allocateSwapfile(char const*, int)
                0x00000000c000b712                File::~File()
                0x00000000c000b712                File::~File()
                0x00000000c000b736                File::~File()
                0x00000000c000b760                Directory::~Directory()
                0x00000000c000b760                Directory::~Directory()
                0x00000000c000b784                Directory::~Directory()
                0x00000000c000b7ae                Filesystem::Filesystem()
                0x00000000c000b7ae                Filesystem::Filesystem()
                0x00000000c000b7d2                Filesystem::~Filesystem()
                0x00000000c000b7d2                Filesystem::~Filesystem()
                0x00000000c000b7e0                Filesystem::~Filesystem()
                0x00000000c000b804                Fs::getcwd(Process*, char*, int)
                0x00000000c000b82e                Fs::initVFS()
                0x00000000c000b858                Fs::standardiseFiles(char*, char const*, char const*, bool)
                0x00000000c000ba72                File::File(char const*, Process*, bool)
                0x00000000c000ba72                File::File(char const*, Process*, bool)
                0x00000000c000bb50                File::File(char const*, Process*)
                0x00000000c000bb50                File::File(char const*, Process*)
                0x00000000c000bb6e                File::open(FileOpenMode)
                0x00000000c000bbcc                File::close()
                0x00000000c000bc2c                File::seek(unsigned long long)
                0x00000000c000bc82                File::truncate(unsigned long long)
                0x00000000c000bcd8                File::tell(unsigned long long*)
                0x00000000c000bd28                File::rewind()
                0x00000000c000bd3c                File::unlink()
                0x00000000c000bd88                File::rename(char const*)
                0x00000000c000bdd6                File::chfatattr(unsigned char, unsigned char)
                0x00000000c000be32                File::exists()
                0x00000000c000be70                File::stat(unsigned long long*, bool*)
                0x00000000c000bed1                Fs::setcwd(Process*, char*)
                0x00000000c000c030                Directory::Directory(char const*, Process*)
                0x00000000c000c030                Directory::Directory(char const*, Process*)
                0x00000000c000c0f8                Directory::open()
                0x00000000c000c154                Directory::close()
                0x00000000c000c1b4                Directory::unlink()
                0x00000000c000c200                Directory::rename(char const*)
                0x00000000c000c24e                Directory::exists()
                0x00000000c000c28c                Directory::read(dirent*)
                0x00000000c000c2d8                Directory::create()
                0x00000000c000c324                Filesystem::chfatattr(char const*, unsigned char, unsigned char)
 *fill*         0x00000000c000c32a        0x2 
 .text          0x00000000c000c32c       0x86 hal/bus.32
                0x00000000c000c32c                Bus::Bus(char const*)
                0x00000000c000c32c                Bus::Bus(char const*)
                0x00000000c000c364                Bus::~Bus()
                0x00000000c000c364                Bus::~Bus()
                0x00000000c000c388                Bus::~Bus()
 .text          0x00000000c000c3b2       0x96 hal/buzzer.32
                0x00000000c000c3b2                beepThread(void*)
                0x00000000c000c3ef                Krnl::beep(int, int, bool)
 .text          0x00000000c000c448      0x45f hal/clock.32
                0x00000000c000c448                User::loadClockSettings(int)
                0x00000000c000c49a                Clock::Clock(char const*)
                0x00000000c000c49a                Clock::Clock(char const*)
                0x00000000c000c4d0                Clock::~Clock()
                0x00000000c000c4d0                Clock::~Clock()
                0x00000000c000c4f4                Clock::~Clock()
                0x00000000c000c51e                Clock::timeInSecondsLocal()
                0x00000000c000c566                Clock::setTimeInSecondsLocal(unsigned long long)
                0x00000000c000c5bf                datetimeToSeconds(datetime_t)
                0x00000000c000c6de                Clock::setTimeInDatetimeLocal(datetime_t)
                0x00000000c000c73e                secondsToDatetime(unsigned long long)
                0x00000000c000c882                Clock::timeInDatetimeLocal()
 *fill*         0x00000000c000c8a7        0x1 
 .text          0x00000000c000c8a8      0x47a hal/device.32
                0x00000000c000c8a8                Device::hibernate()
                0x00000000c000c8aa                Device::wake()
                0x00000000c000c8ac                Device::detect()
                0x00000000c000c8ae                Device::disableLegacy()
                0x00000000c000c8b0                Device::powerSaving(PowerSavingLevel)
                0x00000000c000c8b2                DriverlessDevice::close(int, int, void*)
                0x00000000c000c8b6                DriverlessDevice::detect()
                0x00000000c000c8b8                DriverlessDevice::open(int, int, void*)
                0x00000000c000c8cc                Device::~Device()
                0x00000000c000c8cc                Device::~Device()
                0x00000000c000c8da                Device::~Device()
                0x00000000c000c902                Device::findAndLoadDriver()
                0x00000000c000c910                Device::preOpenPCI(PCIDeviceInfo)
                0x00000000c000c936                Device::preOpenACPI(void*, char*, char*)
                0x00000000c000c976                Device::addIRQHandler(int, void (*)(regs*, void*), bool, void*)
                0x00000000c000c9a0                Device::getParent()
                0x00000000c000c9ac                Device::removeIRQHandler(int, void (*)(regs*, void*), bool)
                0x00000000c000c9ca                Device::addChild(Device*)
                0x00000000c000ca0e                Device::removeAllChildren()
                0x00000000c000ca54                Device::hibernateAll()
                0x00000000c000ca84                Device::wakeAll()
                0x00000000c000cab4                Device::detectAll()
                0x00000000c000cae4                Device::disableLegacyAll()
                0x00000000c000cae6                Device::loadDriversForAll()
                0x00000000c000cae8                Device::powerSavingAll(PowerSavingLevel)
                0x00000000c000cb1e                Device::setName(char const*)
                0x00000000c000cb2c                Device::Device(char const*)
                0x00000000c000cb2c                Device::Device(char const*)
                0x00000000c000cc28                Device::getName()
                0x00000000c000cc32                Device::closeAll()
                0x00000000c000cc7e                DriverlessDevice::DriverlessDevice(char const*)
                0x00000000c000cc7e                DriverlessDevice::DriverlessDevice(char const*)
                0x00000000c000ccb4                Device::addToLinkedList(LinkedList<Device>&, DeviceType)
                0x00000000c000ccf8                getDevicesOfType(DeviceType)
 *fill*         0x00000000c000cd22        0x2 
 .text          0x00000000c000cd24       0x86 hal/diskctrl.32
                0x00000000c000cd24                HardDiskController::HardDiskController(char const*)
                0x00000000c000cd24                HardDiskController::HardDiskController(char const*)
                0x00000000c000cd5c                HardDiskController::~HardDiskController()
                0x00000000c000cd5c                HardDiskController::~HardDiskController()
                0x00000000c000cd80                HardDiskController::~HardDiskController()
 .text          0x00000000c000cdaa       0xe2 hal/diskphys.32
                0x00000000c000cdaa                PhysicalDisk::eject()
                0x00000000c000cdae                PhysicalDisk::PhysicalDisk(char const*, int)
                0x00000000c000cdae                PhysicalDisk::PhysicalDisk(char const*, int)
                0x00000000c000ce16                PhysicalDisk::startCache()
                0x00000000c000ce3e                PhysicalDisk::~PhysicalDisk()
                0x00000000c000ce3e                PhysicalDisk::~PhysicalDisk()
                0x00000000c000ce62                PhysicalDisk::~PhysicalDisk()
 .text          0x00000000c000ce8c        0x0 hal/fpu.32
 .text          0x00000000c000ce8c      0x359 hal/intctrl.32
                0x00000000c000ce8c                int_handler
                0x00000000c000cf16                installISRHandler(int, void (*)(regs*, void*), void*)
                0x00000000c000cf60                installIRQHandler(int, void (*)(regs*, void*), bool, void*)
                0x00000000c000d094                uninstallISRHandler(int, void (*)(regs*, void*))
                0x00000000c000d0c8                uninstallIRQHandler(int, void (*)(regs*, void*), bool)
                0x00000000c000d146                setupINTS()
                0x00000000c000d1a3                convertLegacyIRQNumber(int)
 *fill*         0x00000000c000d1e5        0x1 
 .text          0x00000000c000d1e6      0x8be hal/keybrd.32
                0x00000000c000d1e6                startGUI(void*)
                0x00000000c000d254                startGUIVESA(void*)
                0x00000000c000d2c2                sendKeyToTerminal(unsigned char)
                0x00000000c000d39d                sendKeyboardToken(KeyboardToken)
                0x00000000c000d887                clearInternalKeybuffer(VgaText*)
                0x00000000c000d8bc                readKeyboard(VgaText*, char*, unsigned long)
                0x00000000c000da1a                Keyboard::Keyboard(char const*)
                0x00000000c000da1a                Keyboard::Keyboard(char const*)
                0x00000000c000da56                Keyboard::~Keyboard()
                0x00000000c000da56                Keyboard::~Keyboard()
                0x00000000c000da7a                Keyboard::~Keyboard()
 .text          0x00000000c000daa4      0x3f8 hal/logidisk.32
                0x00000000c000daa4                LogicalDisk::close(int, int, void*)
                0x00000000c000daa8                LogicalDisk::~LogicalDisk()
                0x00000000c000daa8                LogicalDisk::~LogicalDisk()
                0x00000000c000dacc                LogicalDisk::~LogicalDisk()
                0x00000000c000daf6                LogicalDisk::open(int, int, void*)
                0x00000000c000db0a                LogicalDisk::absoluteToRelative(unsigned long long)
                0x00000000c000db42                LogicalDisk::relativeToAbsolute(unsigned long long)
                0x00000000c000db88                LogicalDisk::LogicalDisk(char const*, PhysicalDisk*, unsigned long long, unsigned long long)
                0x00000000c000db88                LogicalDisk::LogicalDisk(char const*, PhysicalDisk*, unsigned long long, unsigned long long)
                0x00000000c000dc48                LogicalDisk::assignDriveLetter()
                0x00000000c000dd02                LogicalDisk::mount()
                0x00000000c000dd4a                LogicalDisk::unmount()
                0x00000000c000dd5a                LogicalDisk::eject()
                0x00000000c000dd6e                LogicalDisk::unassignDriveLetter()
                0x00000000c000ddc4                LogicalDisk::read(unsigned long long, int, void*)
                0x00000000c000de30                LogicalDisk::write(unsigned long long, int, void*)
 .text          0x00000000c000de9c       0x86 hal/mouse.32
                0x00000000c000de9c                Mouse::Mouse(char const*)
                0x00000000c000de9c                Mouse::Mouse(char const*)
                0x00000000c000ded4                Mouse::~Mouse()
                0x00000000c000ded4                Mouse::~Mouse()
                0x00000000c000def8                Mouse::~Mouse()
 .text          0x00000000c000df22       0x90 hal/nic.32
                0x00000000c000df22                NIC::getMAC()
                0x00000000c000df28                NIC::write(int, unsigned char*, int*)
                0x00000000c000df2e                NIC::NIC(char const*)
                0x00000000c000df2e                NIC::NIC(char const*)
                0x00000000c000df64                NIC::~NIC()
                0x00000000c000df64                NIC::~NIC()
                0x00000000c000df88                NIC::~NIC()
 .text          0x00000000c000dfb2      0x33b hal/partition.32
                0x00000000c000dfb2                makePartition(PhysicalDisk*, unsigned long long, unsigned long long)
                0x00000000c000e05a                createPartitionsForDisk(PhysicalDisk*)
 *fill*         0x00000000c000e2ed        0x3 
 .text          0x00000000c000e2f0       0x86 hal/serial.32
                0x00000000c000e2f0                Serial::Serial(char const*)
                0x00000000c000e2f0                Serial::Serial(char const*)
                0x00000000c000e328                Serial::~Serial()
                0x00000000c000e328                Serial::~Serial()
                0x00000000c000e34c                Serial::~Serial()
 *fill*         0x00000000c000e376        0x2 
 .text          0x00000000c000e378      0x234 hal/timer.32
                0x00000000c000e378                Timer::Timer(char const*)
                0x00000000c000e378                Timer::Timer(char const*)
                0x00000000c000e3b0                Timer::~Timer()
                0x00000000c000e3b0                Timer::~Timer()
                0x00000000c000e3d4                Timer::~Timer()
                0x00000000c000e3fe                Timer::read()
                0x00000000c000e409                setupTimer(int)
                0x00000000c000e444                timerHandler(unsigned int)
 .text          0x00000000c000e5ac      0x444 hal/vcache.32
                0x00000000c000e5ac                VCache::VCache(PhysicalDisk*)
                0x00000000c000e5ac                VCache::VCache(PhysicalDisk*)
                0x00000000c000e71c                VCache::invalidateReadBuffer()
                0x00000000c000e72c                VCache::writeWriteBuffer()
                0x00000000c000e778                VCache::~VCache()
                0x00000000c000e778                VCache::~VCache()
                0x00000000c000e7d0                VCache::~VCache()
                0x00000000c000e7f8                VCache::write(unsigned long long, int, void*)
                0x00000000c000e8e6                VCache::read(unsigned long long, int, void*)
 .text          0x00000000c000e9f0      0x4c7 hal/video.32
                0x00000000c000e9f0                Video::putrect(int, int, int, int, unsigned int)
                0x00000000c000ea3c                Video::bitblit(int, int, int, int, int, int, int, unsigned int*)
                0x00000000c000eaac                Video::blit(unsigned int*, int, int, int, int)
                0x00000000c000eb2a                Video::clearScreen(unsigned int)
                0x00000000c000eb5e                Video::putpixel(int, int, unsigned int)
                0x00000000c000eb6c                Video::readPixelApprox(int, int)
                0x00000000c000eb80                Video::Video(char const*)
                0x00000000c000eb80                Video::Video(char const*)
                0x00000000c000ebb6                Video::~Video()
                0x00000000c000ebb6                Video::~Video()
                0x00000000c000ebda                Video::~Video()
                0x00000000c000ec04                Video::isMonochrome()
                0x00000000c000ec10                Video::getWidth()
                0x00000000c000ec1c                Video::getHeight()
                0x00000000c000ec28                Video::drawCursor(int, int, unsigned int*, int)
                0x00000000c000ece4                Video::tgaParse(unsigned char*, int, int*, int*)
                0x00000000c000ee4c                Video::putTGA(int, int, unsigned char*, int)
 *fill*         0x00000000c000eeb7        0x1 
 .text          0x00000000c000eeb8     0x1413 hw/acpi.32
                0x00000000c000eeb8                ACPI::close(int, int, void*)
                0x00000000c000eff4                findRSDP()
                0x00000000c000f08c                loadACPITables(unsigned char*)
                0x00000000c000f2f8                findRSDT(unsigned char*)
                0x00000000c000f450                findDataTable(unsigned char*, char*)
                0x00000000c000f4d0                scanMADT()
                0x00000000c000f988                ACPI::ACPI()
                0x00000000c000f988                ACPI::ACPI()
                0x00000000c000f9dc                ACPI::getPCIIRQAssignment(unsigned char, unsigned short, unsigned char)
                0x00000000c000fad8                ACPI::registerPCIIRQAssignment(void*, unsigned short, unsigned char, unsigned char)
                0x00000000c000fba4                ACPI::setScreenBrightnessLevel(void*, int)
                0x00000000c000fbac                ACPI::detectPCI()
                0x00000000c000fdcc                ACPI::writeSimpleBootFlag(SimpleBootFlagTable*)
                0x00000000c000fe14                ACPI::sleep()
                0x00000000c000fe30                ACPI::open(int, int, void*)
 *fill*         0x00000000c00102cb        0x1 
 .text          0x00000000c00102cc      0xbc5 hw/cpu.32
                0x00000000c00102cc                CPU::close(int, int, void*)
                0x00000000c00102d0                CPU::AMD_K6_write_msr(unsigned int, unsigned int, unsigned int, CPU::REGS*)
                0x00000000c00102ec                CPU::AMD_K6_read_msr(unsigned int, CPU::REGS*)
                0x00000000c0010304                CPU::AMD_K6_writeback(int, int, int)
                0x00000000c0010378                CPU::cpuid(int, unsigned long*, unsigned long*, unsigned long*, unsigned long*)
                0x00000000c00103fc                CPU::cpuidCheckEDX(unsigned int)
                0x00000000c001042a                CPU::cpuidCheckECX(unsigned int)
                0x00000000c0010458                CPU::cpuidCheckExtendedEBX(unsigned int)
                0x00000000c0010486                CPU::cpuidCheckExtendedECX(unsigned int)
                0x00000000c00104b4                CPU::CPU()
                0x00000000c00104b4                CPU::CPU()
                0x00000000c0010542                CPU::displayFeatures()
                0x00000000c0010544                CPU::detectFeatures()
                0x00000000c0010c18                CPU::setupSMEP()
                0x00000000c0010c24                CPU::setupUMIP()
                0x00000000c0010c2e                CPU::setupTSC()
                0x00000000c0010c38                CPU::setupLargePages()
                0x00000000c0010c42                CPU::setupPAT()
                0x00000000c0010c7e                CPU::setupMTRR()
                0x00000000c0010c80                CPU::setupGlobalPages()
                0x00000000c0010c8a                CPU::allowUsermodeDataAccess()
                0x00000000c0010c9c                CPU::prohibitUsermodeDataAccess()
                0x00000000c0010cae                CPU::setupSMAP()
                0x00000000c0010cbc                CPU::setupFeatures()
                0x00000000c0010d88                CPU::open(int, int, void*)
 .text          0x00000000c0010e91       0xb6 krnl/atexit.32
                0x00000000c0010e91                KeInitialiseAtexit()
                0x00000000c0010eb0                KeRegisterAtexit(void (*)(void*), void*)
                0x00000000c0010ee4                KeExecuteAtexit()
 .text          0x00000000c0010f47       0xdf krnl/bootmsg.32
                0x00000000c0010f47                KeDisplaySplashScreen()
                0x00000000c0010fc3                KeSetBootMessage(char const*)
 *fill*         0x00000000c0011026        0x2 
 .text          0x00000000c0011028       0x1d krnl/compat.32
                0x00000000c0011028                Krnl::handlePowerButton()
                0x00000000c0011038                Krnl::handleSleepButton()
 .text          0x00000000c0011045       0x2b krnl/crc32.32
                0x00000000c0011045                KeCalculateCRC32(unsigned char*, int)
 .text          0x00000000c0011070      0x5bf krnl/env.32
                0x00000000c0011070                EnvVarContainer::getEnv(char const*)
                0x00000000c00110ae                EnvVarContainer::setEnv(char const*, char const*)
                0x00000000c0011170                EnvVarContainer::deleteEnv(char const*)
                0x00000000c0011172                EnvVarContainer::loadFrom(char const*, char const*)
                0x00000000c0011396                EnvVarContainer::__loadSystem()
                0x00000000c00113b0                EnvVarContainer::__loadUser()
                0x00000000c00113b2                EnvVarContainer::EnvVarContainer(Process*)
                0x00000000c00113b2                EnvVarContainer::EnvVarContainer(Process*)
                0x00000000c00113d4                EnvVarContainer::~EnvVarContainer()
                0x00000000c00113d4                EnvVarContainer::~EnvVarContainer()
                0x00000000c0011404                KeGetEnv(Process*, char const*)
                0x00000000c0011469                KeSetEnvSystem(char const*, char const*)
                0x00000000c0011483                KeSetEnvUser(char const*, char const*)
                0x00000000c00114a2                KeSetEnvProcess(Process*, char const*, char const*)
                0x00000000c00114b5                KeDeleteEnvSystem(char const*)
                0x00000000c00114b6                KeDeleteEnvUser(char const*)
                0x00000000c00114b7                KeDeleteEnvProcess(Process*, char const*)
                0x00000000c00114b8                KeNewProcessEnv(Process*)
                0x00000000c00114da                KeCopyProcessEnv(Process*, Process*)
                0x00000000c0011526                KeLoadSystemEnv()
                0x00000000c0011554                KeLoadUserEnv()
                0x00000000c001157a                KeFlushEnv()
                0x00000000c001157b                KeGetProcessTotalEnvCount(Process*)
                0x00000000c001159b                KeGetProcessEnvPair(Process*, int)
 .text          0x00000000c001162f       0x94 krnl/inlines.32
                0x00000000c001162f                CPU::current()
                0x00000000c001163b                operator new(unsigned long)
                0x00000000c0011640                operator delete(void*)
                0x00000000c0011645                disableIRQs()
                0x00000000c0011647                enableIRQs()
                0x00000000c0011649                lockScheduler()
                0x00000000c0011651                unlockScheduler()
                0x00000000c0011660                lockStuff()
                0x00000000c001166e                unlockStuff()
                0x00000000c00116a8                Virt::getAKernelVAS()
                0x00000000c00116ae                __not_memcpy
 .text          0x00000000c00116c3        0xc krnl/panic.32
                0x00000000c00116c3                KePanic(char const*)
 .text          0x00000000c00116cf      0x142 krnl/powctrl.32
                0x00000000c00116cf                KePowerThread(void*)
                0x00000000c00116fd                KeChangePowerSettings(PowerSettings)
                0x00000000c0011713                KeUserIOReceived()
                0x00000000c001171e                KeHandlePowerButton()
                0x00000000c0011753                KeHandleSleepButton()
                0x00000000c0011788                KeSetupPowerManager()
 .text          0x00000000c0011811       0x9d krnl/random.32
                0x00000000c0011811                KeRand()
                0x00000000c0011853                KeSeedRand(unsigned int)
                0x00000000c001187c                KeInitRand()
 *fill*         0x00000000c00118ae        0x2 
 .text          0x00000000c00118b0      0x1bc krnl/resolve.32
                0x00000000c00118b0                KeResolveCompatibilitySymbol(char*)
 .text          0x00000000c0011a6c      0x322 krnl/signal.32
                0x00000000c0011a6c                KiSigKill(int)
                0x00000000c0011a80                KiDefaultSignalHandlerIgnore(int)
                0x00000000c0011a81                KiDefaultSignalHandlerPause(int)
                0x00000000c0011aad                KiDefaultSignalHandlerResume(int)
                0x00000000c0011ad9                KeDeinitSignals(SigHandlerBlock*)
                0x00000000c0011ade                KeInitSignals()
                0x00000000c0011b30                KeRegisterSignalHandler(SigHandlerBlock*, int, void (*)(int), unsigned int, int)
                0x00000000c0011b66                KeRaiseSignal(SigHandlerBlock*, int)
                0x00000000c0011be3                KeCheckSignal(SigHandlerBlock*, int*)
                0x00000000c0011cda                KiCheckSignalZ
                0x00000000c0011d1c                KeCompleteSignal(SigHandlerBlock*, int)
                0x00000000c0011d57                KiFinishSignalZ
 .text          0x00000000c0011d8e      0xe10 krnl/syscalls.32
                0x00000000c0011d8e                SysSeekDir(regs*)
                0x00000000c0011d93                SysTellDir(regs*)
                0x00000000c0011d98                SysVerify(regs*)
                0x00000000c0011da2                SysGetArgc(regs*)
                0x00000000c0011db6                SysTTYName(regs*)
                0x00000000c0011dbe                SysFormatDisk(regs*)
                0x00000000c0011e35                SysSetDiskVolumeLabel(regs*)
                0x00000000c0011e89                SysGetDiskVolumeLabel(regs*)
                0x00000000c0011ee2                SysShutdown(regs*)
                0x00000000c0011f40                SysRealpath(regs*)
                0x00000000c0011f84                SysReadDir(regs*)
                0x00000000c0012004                SysIsATTY(regs*)
                0x00000000c001205e                SysSeek(regs*)
                0x00000000c00120b5                SysTell(regs*)
                0x00000000c0012122                SysSize(regs*)
                0x00000000c0012195                SysSizeFromFilename(regs*)
                0x00000000c00122c6                SysSizeFromFilenameNoSymlink(regs*)
                0x00000000c00123f7                SysClose(regs*)
                0x00000000c0012457                SysOpenDir(regs*)
                0x00000000c00124d4                SysMakeDir(regs*)
                0x00000000c0012542                SysCloseDir(regs*)
                0x00000000c0012596                SysWait(regs*)
                0x00000000c00125b7                SysNotImpl(regs*)
                0x00000000c00125d2                SysPanic(regs*)
                0x00000000c00125ed                SysRmdir(regs*)
                0x00000000c0012652                SysUnlink(regs*)
                0x00000000c00126b7                SysGetArgv(regs*)
                0x00000000c0012704                SysUSleep(regs*)
                0x00000000c001272d                SysSpawn(regs*)
                0x00000000c00127a0                SysGetEnv(regs*)
                0x00000000c0012851                SysSetFatAttrib(regs*)
                0x00000000c00128c4                SysPipe(regs*)
                0x00000000c0012909                SysGetUnixTime(regs*)
                0x00000000c001291d                string_ends_with(char const*, char const*)
                0x00000000c0012965                SysOpen(regs*)
                0x00000000c0012b5c                KeSystemCall(regs*, void*)
 *fill*         0x00000000c0012b9e        0x2 
 .text          0x00000000c0012ba0      0x159 net/ethernet.32
                0x00000000c0012ba0                KeSwitchEndian16(unsigned short)
                0x00000000c0012bc4                KeSwitchEndian32(unsigned int)
                0x00000000c0012bf4                EthernetCRC32(unsigned char*, int)
                0x00000000c0012c98                EthernetReceivedPacket(EthernetUnwrappedFrame*, unsigned short)
 .text          0x00000000c0012cf9      0xd56 reg/cm.32
                0x00000000c0012cf9                CmOpen(char const*)
                0x00000000c0012e17                CmClose(Reghive_Tag*)
                0x00000000c0012e2d                CmReadExtent(Reghive_Tag*, int, unsigned char*)
                0x00000000c0012e69                CmGetString(Reghive_Tag*, int, char*)
                0x00000000c0012ee0                CmEnterDirectory(Reghive_Tag*, int)
                0x00000000c0012f1f                CmGetNext(Reghive_Tag*, int)
                0x00000000c0012f51                CmWriteExtent(Reghive_Tag*, int, unsigned char*)
                0x00000000c0012f8d                CmFreeExtent(Reghive_Tag*, int)
                0x00000000c0012fb5                CmUpdateHeader(Reghive_Tag*)
                0x00000000c0012fd6                CmExpand(Reghive_Tag*, int)
                0x00000000c0013051                CmFindUnusedExtent(Reghive_Tag*)
                0x00000000c00130d7                CmCreateExtent(Reghive_Tag*, int, int, unsigned char*)
                0x00000000c00131cb                CmSetString(Reghive_Tag*, int, char const*)
                0x00000000c0013307                CmGetMatch(char*, char*, bool, bool*)
                0x00000000c0013368                CmAddShift(unsigned int*, int*, unsigned char, int)
                0x00000000c0013398                CmGetShift(unsigned int*, int*, int, bool*)
                0x00000000c00133cf                CmGetInteger(Reghive_Tag*, int, unsigned long long*)
                0x00000000c00133f9                CmSetInteger(Reghive_Tag*, int, unsigned long long)
                0x00000000c0013439                CmConvertFromInternalFilename(unsigned char const*, char*)
                0x00000000c00134dd                CmGetNameAndTypeFromExtent(Reghive_Tag*, int, char*)
                0x00000000c001350b                CmConvertToInternalFilename(char const*, unsigned char*)
                0x00000000c00136a9                CmCreateString(Reghive_Tag*, int, char const*)
                0x00000000c00136f6                CmFindInDirectory(Reghive_Tag*, int, char const*)
                0x00000000c0013770                CmCreateInteger(Reghive_Tag*, int, char const*, unsigned long long, int)
                0x00000000c00137c3                CmCreateDirectory(Reghive_Tag*, int, char const*)
                0x00000000c0013887                zStrtok(char*, char const*)
                0x00000000c00138f9                CmFindObjectFromPath(Reghive_Tag*, char const*)
                0x00000000c001397a                CmDisplayTree(Reghive_Tag*, int, int)
                0x00000000c0013a1d                CmSplitFinalSlashInPlace(char*)
 .text          0x00000000c0013a4f      0x52a reg/registry.32
                0x00000000c0013a4f                Reg::findLineFromLoadedData(char*, char*, char*)
                0x00000000c0013bc0                Reg::getLineFromRegistry(char*, char*, char*, char*)
                0x00000000c0013d15                Reg::getLine(char*, char*, char*)
                0x00000000c0013d4c                Reg::readInt(char*, char*, int*)
                0x00000000c0013e3a                Reg::readString(char*, char*, char*, int)
                0x00000000c0013ebb                Reg::readBool(char*, char*, bool*)
                0x00000000c0013ee0                Reg::readBoolWithDefault(char*, char*, bool)
                0x00000000c0013f0c                Reg::readIntWithDefault(char*, char*, int)
                0x00000000c0013f38                Reg::readStringWithDefault(char*, char*, char*, int, char*)
 .text          0x00000000c0013f79       0x36 sys/eject.32
                0x00000000c0013f79                SysEject(regs*)
 .text          0x00000000c0013faf       0x18 sys/exit.32
                0x00000000c0013faf                SysExit(regs*)
 .text          0x00000000c0013fc7       0x1f sys/getcwd.32
                0x00000000c0013fc7                SysGetCwd(regs*)
 .text          0x00000000c0013fe6        0xc sys/getpid.32
                0x00000000c0013fe6                SysGetPID(regs*)
 .text          0x00000000c0013ff2       0x1a sys/getramdata.32
                0x00000000c0013ff2                SysGetRAMData(regs*)
 .text          0x00000000c001400c       0x82 sys/getvgaptr.32
                0x00000000c001400c                SysGetVGAPtr(regs*)
 *fill*         0x00000000c001408e        0x2 
 .text          0x00000000c0014090       0xb9 sys/kill.32
                0x00000000c0014090                SysKill(regs*)
 .text          0x00000000c0014149       0xa8 sys/loaddll.32
                0x00000000c0014149                SysLoadDLL(regs*)
 .text          0x00000000c00141f1       0x68 sys/read.32
                0x00000000c00141f1                SysRead(regs*)
 .text          0x00000000c0014259       0x29 sys/registersignal.32
                0x00000000c0014259                SysRegisterSignal(regs*)
 .text          0x00000000c0014282      0x19c sys/registry.32
                0x00000000c0014282                SysRegistryGetTypeFromPath(regs*)
                0x00000000c00142f9                SysRegistryReadExtent(regs*)
                0x00000000c0014341                SysRegistryPathToExtentLookup(regs*)
                0x00000000c0014369                SysRegistryEnterDirectory(regs*)
                0x00000000c0014391                SysRegistryGetNext(regs*)
                0x00000000c00143b9                SysRegistryGetNameAndTypeFromExtent(regs*)
                0x00000000c00143f3                SysRegistryOpen(regs*)
                0x00000000c0014407                SysRegistryClose(regs*)
 .text          0x00000000c001441e       0x55 sys/sbrk.32
                0x00000000c001441e                SysSbrk(regs*)
 .text          0x00000000c0014473       0x1c sys/setcwd.32
                0x00000000c0014473                SysSetCwd(regs*)
 .text          0x00000000c001448f       0x96 sys/settime.32
                0x00000000c001448f                SysSetTime(regs*)
 .text          0x00000000c0014525       0x73 sys/symlink.32
                0x00000000c0014525                SysSymlink(regs*)
 .text          0x00000000c0014598       0x4a sys/timezone.32
                0x00000000c0014598                SysTimezone(regs*)
 .text          0x00000000c00145e2       0xfc sys/truncate.32
                0x00000000c00145e2                SysTruncate(regs*)
 .text          0x00000000c00146de       0x68 sys/write.32
                0x00000000c00146de                SysWrite(regs*)
 .text          0x00000000c0014746       0x62 sys/wsbe.32
                0x00000000c0014746                SysWsbe(regs*)
 .text          0x00000000c00147a8       0x25 sys/yield.32
                0x00000000c00147a8                SysYield(regs*)
 .text          0x00000000c00147cd     0x11e6 thr/elf.32
                0x00000000c00147cd                Thr::allocateMemoryForTask(Process*, File*, unsigned long, unsigned long, unsigned long)
                0x00000000c0014a5b                Thr::loadProgramIntoMemory(Process*, char const*)
                0x00000000c0014c6d                Thr::runtimeReferenceHelper()
                0x00000000c0014c80                Thr::getAddressOfKernelSymbol(char const*)
                0x00000000c0014ccf                Thr::loadKernelSymbolTable(char const*)
                0x00000000c0014f8d                Thr::loadDriverIntoMemory(char const*, unsigned long, bool)
                0x00000000c00156c6                Thr::getDriverBaseFromAddress(unsigned long)
                0x00000000c00156f8                Thr::getDriverNameFromAddress(unsigned long)
                0x00000000c001572f                Thr::getDriverOffsetFromAddress(unsigned long)
                0x00000000c0015749                Thr::loadDLL(char const*, bool)
                0x00000000c001597a                Thr::executeDLL(unsigned long, void*)
 *fill*         0x00000000c00159b3        0x1 
 .text          0x00000000c00159b4     0x13d9 thr/prcssthr.32
                0x00000000c00159b4                userModeEntryPoint(void*)
                0x00000000c00159dc                changeTSS
                0x00000000c0015a0c                switchToThread(ThreadControlBlock*)
                0x00000000c0015abc                Process::addArgs(char**)
                0x00000000c0015b28                Process::Process(char const*, Process*, char**)
                0x00000000c0015b28                Process::Process(char const*, Process*, char**)
                0x00000000c0015d34                Process::Process(bool, char const*, Process*, char**)
                0x00000000c0015d34                Process::Process(bool, char const*, Process*, char**)
                0x00000000c0015f08                taskStartupFunction
                0x00000000c0015f14                Semaphore::Semaphore(int)
                0x00000000c0015f14                Semaphore::Semaphore(int)
                0x00000000c0015f44                Mutex::Mutex()
                0x00000000c0015f44                Mutex::Mutex()
                0x00000000c0015f58                Process::createThread(void (*)(void*), void*, int)
                0x00000000c0016064                Process::createUserThread()
                0x00000000c0016084                setupMultitasking(void (*)())
                0x00000000c00161a8                schedule()
                0x00000000c001623c                Semaphore::tryAcquire()
                0x00000000c0016310                Semaphore::assertLocked(char const*)
                0x00000000c0016394                blockTaskWithSchedulerLockAlreadyHeld(TaskState)
                0x00000000c00163bc                blockTask(TaskState)
                0x00000000c00163f4                waitTask(int, int*, int)
                0x00000000c0016438                milliTenthSleepUntil(unsigned int)
                0x00000000c00164d8                milliTenthSleep(unsigned int)
                0x00000000c00164ec                sleep(unsigned int)
                0x00000000c0016508                Semaphore::acquire()
                0x00000000c00165d0                taskReturned
                0x00000000c0016614                Thr::processFromPID(int)
                0x00000000c00166c0                unblockTask(ThreadControlBlock*)
                0x00000000c001676c                cleanupTerminatedTask(ThreadControlBlock*)
                0x00000000c0016a40                cleanerTaskFunction(void*)
                0x00000000c0016b48                terminateTask(int)
                0x00000000c0016c34                Thr::terminateFromIRQ(int)
                0x00000000c0016c44                Semaphore::release()
 .text          0x00000000c0016d8d      0xc27 vm86/vm8086.32
                0x00000000c0016d8d                Vm::inbv(unsigned short)
                0x00000000c0016da0                Vm::outbv(unsigned short, unsigned char)
                0x00000000c0016dd6                Vm::realToLinear(unsigned short, unsigned short)
                0x00000000c0016de6                Vm::getSegment(unsigned int)
                0x00000000c0016dee                Vm::getOffset(unsigned int)
                0x00000000c0016df3                Vm::mainloop2()
                0x00000000c0016e2d                Vm::mainVm8086Loop(void*)
                0x00000000c0016e3d                Vm::mainloop3(unsigned long)
                0x00000000c0016e63                Vm::initialise8086()
                0x00000000c0016ea6                Vm::finish8086()
                0x00000000c0016f07                Vm::getOutput8086(unsigned char*)
                0x00000000c0016f2c                Vm::start8086FromBuffer(unsigned char*, int, unsigned short, unsigned short, unsigned short, unsigned short)
                0x00000000c0016fe5                Vm::start8086(char const*, unsigned short, unsigned short, unsigned short, unsigned short)
                0x00000000c0017183                Vm::doISR(regs*, int, unsigned char*, unsigned short, unsigned short)
                0x00000000c001721c                Vm::readByteFromReal(unsigned short, unsigned short)
                0x00000000c001722d                Vm::readWordFromReal(unsigned short, unsigned short)
                0x00000000c001723f                Vm::readDwordFromReal(unsigned short, unsigned short)
                0x00000000c0017250                Vm::writeByteFromReal(unsigned short, unsigned short, unsigned char)
                0x00000000c0017265                Vm::writeWordFromReal(unsigned short, unsigned short, unsigned short)
                0x00000000c001727b                Vm::writeDwordFromReal(unsigned short, unsigned short, unsigned int)
                0x00000000c0017290                Vm::faultHandler(regs*)
 .text          0x00000000c00179b4      0xaf0 arch/i386/hal.32
                0x00000000c00179b4                noCopro(unsigned long)
                0x00000000c00179b5                nmiHandler(regs*, void*)
                0x00000000c00179ce                doubleFault(regs*, void*)
                0x00000000c00179e7                displayDebugInfo(regs*)
                0x00000000c0017d6c                HalSystemIdle()
                0x00000000c0017de8                displayProgramFault(char const*)
                0x00000000c0017e34                gpFault(regs*, void*)
                0x00000000c0017e9b                pgFault(regs*, void*)
                0x00000000c0017f24                otherISRHandler(regs*, void*)
                0x00000000c0017f58                opcodeFault(regs*, void*)
                0x00000000c0017fdb                i386SaveCoprocessor(void*)
                0x00000000c0017fef                i386LoadCoprocessor(void*)
                0x00000000c0018003                x87EmulHandler(regs*, void*)
                0x00000000c00180a0                HalInitialiseCoprocessor()
                0x00000000c001814e                HalPanic(char const*)
                0x00000000c0018262                HalQueryPerformanceCounter()
                0x00000000c001827d                HalInitialise()
                0x00000000c0018433                HalMakeBeep(int)
                0x00000000c001846d                HalGetRand()
                0x00000000c0018470                HalEndOfInterrupt(int)
                0x00000000c00184a1                HalRestart()
                0x00000000c00184a2                HalShutdown()
                0x00000000c00184a3                HalSleep()
 .text          0x00000000c00184a4      0x2dc arch/i386/pic.32
                0x00000000c00184a4                picIoWait()
                0x00000000c00184ac                picDisable()
                0x00000000c00184e0                picGetIRQReg(int)
                0x00000000c001855c                picOpen()
                0x00000000c00186e0                picEOI(int)
 .text          0x00000000c0018780      0x674 arch/i386/rtc.32
                0x00000000c0018780                RTC::open(int, int, void*)
                0x00000000c0018784                RTC::close(int, int, void*)
                0x00000000c0018788                RTC::timeInSecondsUTC()
                0x00000000c001879a                RTC::timeInDatetimeUTC()
                0x00000000c00187c0                RTC::setTimeInSecondsUTC(unsigned long long)
                0x00000000c00187fe                RTC::~RTC()
                0x00000000c00187fe                RTC::~RTC()
                0x00000000c0018822                RTC::~RTC()
                0x00000000c001884c                RTC::get_update_in_progress_flag()
                0x00000000c0018866                RTC::completeRTCRefresh()
                0x00000000c0018b46                RTC::setTimeInDatetimeUTC(datetime_t)
                0x00000000c0018cf4                rtcIRQHandler(regs*, void*)
                0x00000000c0018d3a                RTC::RTC()
                0x00000000c0018d3a                RTC::RTC()
 .text          0x00000000c0018df4      0x1f4 arch/i386/vga.32
                0x00000000c0018df4                HalConsoleScroll(int, int)
                0x00000000c0018efc                HalConsoleWriteCharacter(char, int, int, int, int)
                0x00000000c0018f60                HalConsoleCursorUpdate(int, int)
 .text          0x00000000c0018fe8     0x14cf fs/fat/vfslink.32
                0x00000000c0018fe8                FAT::getName()
                0x00000000c0018ff0                FAT::tell(void*, unsigned long long*)
                0x00000000c001902c                FAT::stat(void*, unsigned long long*)
                0x00000000c0019068                FAT::~FAT()
                0x00000000c0019068                FAT::~FAT()
                0x00000000c001908c                FAT::~FAT()
                0x00000000c00190b4                FAT::getlabel(LogicalDisk*, int, char*, unsigned int*)
                0x00000000c0019158                FAT::setlabel(LogicalDisk*, int, char*)
                0x00000000c001921c                FAT::format(LogicalDisk*, int, char const*, int)
                0x00000000c0019400                FAT::tryMount(LogicalDisk*, int)
                0x00000000c001961c                FAT::allocateSwapfile(char const*, int)
                0x00000000c00197dc                FAT::readDir(void*, unsigned long, void*, int*)
                0x00000000c001994c                FAT::read(void*, unsigned long, void*, int*)
                0x00000000c00199ac                FAT::write(void*, unsigned long, void*, int*)
                0x00000000c0019a0c                FAT::close(void*)
                0x00000000c0019a60                FAT::closeDir(void*)
                0x00000000c0019ab4                FAT::truncate(void*, unsigned long long)
                0x00000000c0019b20                FAT::seek(void*, unsigned long long)
                0x00000000c0019b78                fatWrapperReadDisk
                0x00000000c0019bb8                fatWrapperWriteDisk
                0x00000000c0019bf8                fatWrapperIoctl
                0x00000000c0019d14                FAT::FAT()
                0x00000000c0019d14                FAT::FAT()
                0x00000000c0019d6c                FAT::fixFilepath(char*)
                0x00000000c0019dac                FAT::open(char const*, void**, FileOpenMode)
                0x00000000c0019f20                FAT::openDir(char const*, void**)
                0x00000000c0019fd0                FAT::stat(char const*, unsigned long long*, bool*)
                0x00000000c001a0c8                FAT::unlink(char const*)
                0x00000000c001a148                FAT::chfatattr(char const*, unsigned char, unsigned char)
                0x00000000c001a2fc                FAT::rename(char const*, char const*)
                0x00000000c001a3c8                FAT::mkdir(char const*)
                0x00000000c001a448                FAT::exists(char const*)
 *fill*         0x00000000c001a4b7        0x1 
 .text          0x00000000c001a4b8       0x94 fs/iso9660/helper.32
                0x00000000c001a4b8                isoReadDiscSectorHelper
                0x00000000c001a514                iso_kprintf
                0x00000000c001a530                iso_kprintfd
 .text          0x00000000c001a54c      0x71c fs/iso9660/vfslink.32
                0x00000000c001a54c                ISO9660::format(LogicalDisk*, int, char const*, int)
                0x00000000c001a552                ISO9660::truncate(void*, unsigned long long)
                0x00000000c001a558                ISO9660::getName()
                0x00000000c001a55e                ISO9660::closeDir(void*)
                0x00000000c001a568                ISO9660::chfatattr(char const*, unsigned char, unsigned char)
                0x00000000c001a56e                ISO9660::unlink(char const*)
                0x00000000c001a574                ISO9660::write(void*, unsigned long, void*, int*)
                0x00000000c001a57a                ISO9660::rename(char const*, char const*)
                0x00000000c001a580                ISO9660::mkdir(char const*)
                0x00000000c001a586                ISO9660::~ISO9660()
                0x00000000c001a586                ISO9660::~ISO9660()
                0x00000000c001a5aa                ISO9660::~ISO9660()
                0x00000000c001a5d2                ISO9660::exists(char const*)
                0x00000000c001a5e6                ISO9660::open(char const*, void**, FileOpenMode)
                0x00000000c001a6cc                ISO9660::read(void*, unsigned long, void*, int*)
                0x00000000c001a714                ISO9660::seek(void*, unsigned long long)
                0x00000000c001a756                ISO9660::tell(void*, unsigned long long*)
                0x00000000c001a794                ISO9660::stat(void*, unsigned long long*)
                0x00000000c001a7e6                ISO9660::stat(char const*, unsigned long long*, bool*)
                0x00000000c001a928                ISO9660::close(void*)
                0x00000000c001a958                ISO9660::openDir(char const*, void**)
                0x00000000c001aa32                ISO9660::readDir(void*, unsigned long, void*, int*)
                0x00000000c001ab4f                readSectorFromCDROM(unsigned int, unsigned char*, char)
                0x00000000c001abce                ISO9660::tryMount(LogicalDisk*, int)
                0x00000000c001ac40                ISO9660::ISO9660()
                0x00000000c001ac40                ISO9660::ISO9660()
 .text          0x00000000c001ac68      0x26c hal/sound/sndcard.32
                0x00000000c001ac68                SoundCard::beginPlayback()
                0x00000000c001ac76                SoundCard::stopPlayback()
                0x00000000c001ac84                SoundCard::SoundCard(char const*)
                0x00000000c001ac84                SoundCard::SoundCard(char const*)
                0x00000000c001ad22                SoundCard::~SoundCard()
                0x00000000c001ad22                SoundCard::~SoundCard()
                0x00000000c001ad46                SoundCard::~SoundCard()
                0x00000000c001ad70                SoundCard::configureRates(int, int, int)
                0x00000000c001ada0                SoundCard::getSamples16(int, short*)
                0x00000000c001adfc                SoundCard::getSamples32(int, int*)
                0x00000000c001ae82                SoundCard::addChannel(SoundPort*)
                0x00000000c001aec0                SoundCard::removeChannel(int)
 .text          0x00000000c001aed4      0x38a hal/sound/sndport.32
                0x00000000c001aed4                SoundPort::SoundPort(int, int, int, int)
                0x00000000c001aed4                SoundPort::SoundPort(int, int, int, int)
                0x00000000c001af60                SoundPort::~SoundPort()
                0x00000000c001af60                SoundPort::~SoundPort()
                0x00000000c001af94                SoundPort::unpause()
                0x00000000c001afa0                SoundPort::pause()
                0x00000000c001afac                SoundPort::getBufferUsed()
                0x00000000c001afb4                SoundPort::getBufferSize()
                0x00000000c001afbc                SoundPort::buffer16(short*, int)
                0x00000000c001b048                SoundPort::buffer32(int*, int)
                0x00000000c001b0d4                SoundPort::unbufferAndAdd16(int, short*, SoundCard*)
                0x00000000c001b1a0                SoundPort::unbufferAndAdd32(int, int*, SoundCard*)
 .text          0x00000000c001b25e        0x0 hw/bus/isa.32
 .text          0x00000000c001b25e      0xbb7 hw/bus/pci.32
                0x00000000c001b25e                PCI::open(int, int, void*)
                0x00000000c001b27c                PCI::close(int, int, void*)
                0x00000000c001b280                PCI::PCI()
                0x00000000c001b280                PCI::PCI()
                0x00000000c001b318                PCI::readBAR8(unsigned int, int)
                0x00000000c001b334                PCI::readBAR16(unsigned int, int)
                0x00000000c001b352                PCI::readBAR32(unsigned int, int)
                0x00000000c001b36e                PCI::writeBAR8(unsigned int, unsigned char, int)
                0x00000000c001b38e                PCI::writeBAR16(unsigned int, unsigned short, int)
                0x00000000c001b3b0                PCI::writeBAR32(unsigned int, unsigned int, int)
                0x00000000c001b3d0                PCI::legacyMechanism(unsigned char, unsigned char, unsigned char, unsigned char)
                0x00000000c001b446                PCI::pciReadWord(unsigned char, unsigned char, unsigned char, unsigned char)
                0x00000000c001b4f0                PCI::getVendorID(unsigned char, unsigned char, unsigned char)
                0x00000000c001b514                PCI::getHeaderType(unsigned char, unsigned char, unsigned char)
                0x00000000c001b53c                PCI::getClassCode(unsigned char, unsigned char, unsigned char)
                0x00000000c001b586                PCI::getProgIF(unsigned char, unsigned char, unsigned char)
                0x00000000c001b5ae                PCI::getRevisionID(unsigned char, unsigned char, unsigned char)
                0x00000000c001b5d2                PCI::getInterruptNumber(unsigned char, unsigned char, unsigned char)
                0x00000000c001b5f6                PCI::getSecondaryBus(unsigned char, unsigned char, unsigned char)
                0x00000000c001b61e                PCI::getBARAddress(unsigned char, unsigned char, unsigned char, unsigned char)
                0x00000000c001b682                PCI::pciWriteWord(unsigned char, unsigned char, unsigned char, unsigned char, unsigned short)
                0x00000000c001b76a                PCI::pciDetailsToFilepath(PCIDeviceInfo, char*)
                0x00000000c001ba30                PCI::checkBus(unsigned char)
                0x00000000c001ba54                PCI::foundDevice(PCIDeviceInfo)
                0x00000000c001bbce                PCI::getDeviceData(unsigned char, unsigned char, unsigned char)
                0x00000000c001bd4a                PCI::checkDevice(unsigned char, unsigned char)
                0x00000000c001bdbc                PCI::detect()
 *fill*         0x00000000c001be15        0x1 
 .text          0x00000000c001be16      0xb9a hw/diskctrl/ide.32
                0x00000000c001be16                IDE::close(int, int, void*)
                0x00000000c001be1a                IDE::IDE()
                0x00000000c001be1a                IDE::IDE()
                0x00000000c001be4e                IDE::prepareInterrupt(unsigned char)
                0x00000000c001be60                selectDrive(unsigned char, unsigned char)
                0x00000000c001be62                IDE::getBase(unsigned char)
                0x00000000c001be74                IDE::write(unsigned char, unsigned char, unsigned char)
                0x00000000c001bf34                IDE::read(unsigned char, unsigned char)
                0x00000000c001bfe2                IDE::waitInterrupt(unsigned char)
                0x00000000c001c044                ideChannel0IRQHandler(regs*, void*)
                0x00000000c001c060                ideChannel1IRQHandler(regs*, void*)
                0x00000000c001c07c                IDE::enableIRQs(unsigned char, bool)
                0x00000000c001c0c6                IDE::open(int, int, void*)
                0x00000000c001c504                IDE::readBuffer(unsigned char, unsigned char, unsigned int, unsigned int)
                0x00000000c001c5d4                IDE::detect()
                0x00000000c001c8a2                IDE::printError(unsigned char, unsigned char, unsigned char)
                0x00000000c001c95c                IDE::polling(unsigned char, unsigned int)
 .text          0x00000000c001c9b0      0x32a hw/diskctrl/satabus.32
                0x00000000c001c9b0                SATABus::close(int, int, void*)
                0x00000000c001c9b4                SATABus::detect()
                0x00000000c001c9b6                SATABus::SATABus()
                0x00000000c001c9b6                SATABus::SATABus()
                0x00000000c001ca3c                SATABus::findCmdslot(SATABus::tagHBA_PORT volatile*)
                0x00000000c001ca6e                SATABus::checkType(SATABus::tagHBA_PORT volatile*)
                0x00000000c001cab6                SATABus::startCmd(SATABus::tagHBA_PORT volatile*)
                0x00000000c001cad6                SATABus::stopCmd(SATABus::tagHBA_PORT volatile*)
                0x00000000c001cb00                SATABus::portRebase(SATABus::tagHBA_PORT volatile*, int)
                0x00000000c001cc10                SATABus::probePort(SATABus::tagHBA_MEM volatile*)
                0x00000000c001ccba                SATABus::open(int, int, void*)
 .text          0x00000000c001ccda      0x93f hw/diskphys/ata.32
                0x00000000c001ccda                ATA::close(int, int, void*)
                0x00000000c001ccfe                ATA::powerSaving(PowerSavingLevel)
                0x00000000c001cd00                ATA::ATA()
                0x00000000c001cd00                ATA::ATA()
                0x00000000c001cd2e                ATA::flush(bool)
                0x00000000c001cd7c                ATA::readyForCommand()
                0x00000000c001cdc8                ATA::access(unsigned long long, int, void*, bool)
                0x00000000c001d15e                ATA::detectCHS()
                0x00000000c001d188                ATA::open(int, int, void*)
                0x00000000c001d254                combineCharAndColour(char, unsigned char)
                0x00000000c001d265                combineColours(unsigned char, unsigned char)
                0x00000000c001d272                ATA::read(unsigned long long, int, void*)
                0x00000000c001d448                ATA::write(unsigned long long, int, void*)
 *fill*         0x00000000c001d619        0x1 
 .text          0x00000000c001d61a      0x618 hw/diskphys/atapi.32
                0x00000000c001d61a                ATAPI::write(unsigned long long, int, void*)
                0x00000000c001d620                ATAPI::close(int, int, void*)
                0x00000000c001d644                ATAPI::ATAPI()
                0x00000000c001d644                ATAPI::ATAPI()
                0x00000000c001d672                ATAPI::readyForCommand()
                0x00000000c001d6c4                ATAPI::sendPacket(unsigned char*, int, bool, unsigned short*, int)
                0x00000000c001d98c                ATAPI::diskRemoved()
                0x00000000c001d9c6                ATAPI::eject()
                0x00000000c001da0e                ATAPI::diskInserted()
                0x00000000c001da1a                ATAPI::detectMedia()
                0x00000000c001dad8                ATAPI::open(int, int, void*)
                0x00000000c001dbb8                ATAPI::read(unsigned long long, int, void*)
 .text          0x00000000c001dc32      0x807 hw/diskphys/sata.32
                0x00000000c001dc32                SATA::close(int, int, void*)
                0x00000000c001dc56                SATA::powerSaving(PowerSavingLevel)
                0x00000000c001dc58                SATA::open(int, int, void*)
                0x00000000c001dd02                SATA::SATA()
                0x00000000c001dd02                SATA::SATA()
                0x00000000c001dd30                SATA::access(unsigned long long, int, void*, bool)
                0x00000000c001df84                SATA::read(unsigned long long, int, void*)
                0x00000000c001e1d4                SATA::write(unsigned long long, int, void*)
 *fill*         0x00000000c001e439        0x1 
 .text          0x00000000c001e43a      0x5d0 hw/diskphys/satapi.32
                0x00000000c001e43a                SATAPI::write(unsigned long long, int, void*)
                0x00000000c001e440                SATAPI::close(int, int, void*)
                0x00000000c001e464                SATAPI::SATAPI()
                0x00000000c001e464                SATAPI::SATAPI()
                0x00000000c001e492                SATAPI::diskRemoved()
                0x00000000c001e494                SATAPI::diskInserted()
                0x00000000c001e4b0                SATAPI::sendPacket(unsigned char*, int, unsigned long long, unsigned short*, int)
                0x00000000c001e78e                SATAPI::eject()
                0x00000000c001e7ca                SATAPI::detectMedia()
                0x00000000c001e820                SATAPI::open(int, int, void*)
                0x00000000c001e920                SATAPI::read(unsigned long long, int, void*)
 .text          0x00000000c001ea0a      0x45b hw/intctrl/apic.32
                0x00000000c001ea0a                IOAPIC::close(int, int, void*)
                0x00000000c001ea10                apicGetBase()
                0x00000000c001ea56                IOAPIC::IOAPIC()
                0x00000000c001ea56                IOAPIC::IOAPIC()
                0x00000000c001ea7e                apicOpen()
                0x00000000c001ebfa                IOAPIC::handlesGSIWithNumber(unsigned int)
                0x00000000c001ec2c                IOAPIC::read(int)
                0x00000000c001ec54                IOAPIC::open(int, int, void*)
                0x00000000c001ed3a                IOAPIC::write(int, int)
                0x00000000c001ed66                IOAPIC::redirect(unsigned char, unsigned long long, unsigned char, bool, bool)
 *fill*         0x00000000c001ee65        0x3 
 .text          0x00000000c001ee68       0xf0 hw/timer/apictimer.32
                0x00000000c001ee68                APICTimer::close(int, int, void*)
                0x00000000c001ee70                apicTimerHandler(regs*, void*)
                0x00000000c001ee98                APICTimer::open(int, int, void*)
                0x00000000c001ef08                APICTimer::write(int)
                0x00000000c001ef30                APICTimer::APICTimer()
                0x00000000c001ef30                APICTimer::APICTimer()
 .text          0x00000000c001ef58      0x1ad hw/timer/pit.32
                0x00000000c001ef58                PIT::write(int)
                0x00000000c001efdc                pitHandler(regs*, void*)
                0x00000000c001f004                PIT::open(int, int, void*)
                0x00000000c001f054                PIT::close(int, int, void*)
                0x00000000c001f084                PIT::PIT()
                0x00000000c001f084                PIT::PIT()
 *fill*         0x00000000c001f105        0xb 
 .text          0x00000000c001f110       0x83 arch/i386/avx.32
                0x00000000c001f110                avxDetect
                0x00000000c001f13a                avxSave
                0x00000000c001f14b                avxLoad
                0x00000000c001f15c                avxInit
                0x00000000c001f17e                avxClose
                0x00000000c001f17f                wouldSheSayYes
 *fill*         0x00000000c001f193        0xd 
 .text          0x00000000c001f1a0      0x2ec arch/i386/interrupt.32
                0x00000000c001f1a0                isr0
                0x00000000c001f1b0                isr1
                0x00000000c001f1ba                isr2
                0x00000000c001f1c4                isr3
                0x00000000c001f1ce                isr4
                0x00000000c001f1d8                isr5
                0x00000000c001f1e2                isr6
                0x00000000c001f1ec                isr7
                0x00000000c001f1f6                isr8
                0x00000000c001f1fe                isr9
                0x00000000c001f208                isr10
                0x00000000c001f210                isr11
                0x00000000c001f218                isr12
                0x00000000c001f220                isr13
                0x00000000c001f23a                isr14
                0x00000000c001f242                isr15
                0x00000000c001f24c                isr16
                0x00000000c001f256                isr17
                0x00000000c001f260                isr18
                0x00000000c001f26a                irq3
                0x00000000c001f274                irq4
                0x00000000c001f27e                irq5
                0x00000000c001f288                irq6
                0x00000000c001f292                irq7
                0x00000000c001f29c                irq8
                0x00000000c001f2a6                irq9
                0x00000000c001f2b0                irq10
                0x00000000c001f2ba                irq11
                0x00000000c001f2c4                irq12
                0x00000000c001f2ce                irq13
                0x00000000c001f2d8                irq14
                0x00000000c001f2e2                irq15