Archive member included to satisfy reference by file (symbol)

/cygdrive/d/Users/Alex/Desktop/Toolchain/Output/bin/../lib/gcc/i386-banana/8.1.0/libkgcc.a(_divdi3.o)
                              fs/fat/ff.32 (__divdi3)
/cygdrive/d/Users/Alex/Desktop/Toolchain/Output/bin/../lib/gcc/i386-banana/8.1.0/libkgcc.a(_moddi3.o)
                              compat/resolve.32 (__moddi3)
/cygdrive/d/Users/Alex/Desktop/Toolchain/Output/bin/../lib/gcc/i386-banana/8.1.0/libkgcc.a(_udivdi3.o)
                              fs/fat/ff.32 (__udivdi3)
/cygdrive/d/Users/Alex/Desktop/Toolchain/Output/bin/../lib/gcc/i386-banana/8.1.0/libkgcc.a(_umoddi3.o)
                              compat/resolve.32 (__umoddi3)

Discarded input sections

 .comment       0x0000000000000000       0x12 /cygdrive/d/Users/Alex/Desktop/Toolchain/Output/bin/../lib/gcc/i386-banana/8.1.0/crtbegin.o
 .comment       0x0000000000000000       0x12 acpica/utclib.32
 .comment       0x0000000000000000       0x12 core/malloc.32
 .comment       0x0000000000000000       0x12 libk/string.32
 .comment       0x0000000000000000       0x12 fs/fat/diskio.32
 .comment       0x0000000000000000       0x12 fs/fat/ff.32
 .comment       0x0000000000000000       0x12 fs/fat/ffsystem.32
 .comment       0x0000000000000000       0x12 fs/fat/ffunicode.32
 .comment       0x0000000000000000       0x12 compat/inlines.32
 .comment       0x0000000000000000       0x12 compat/resolve.32
 .group         0x0000000000000000       0x14 core/computer.32
 .group         0x0000000000000000        0xc core/computer.32
 .comment       0x0000000000000000       0x12 core/computer.32
 .comment       0x0000000000000000       0x12 core/gdt.32
 .group         0x0000000000000000        0xc core/idle.32
 .comment       0x0000000000000000       0x12 core/idle.32
 .comment       0x0000000000000000       0x12 core/idt.32
 .comment       0x0000000000000000       0x12 core/kheap.32
 .comment       0x0000000000000000       0x12 core/main.32
 .comment       0x0000000000000000       0x12 core/physmgr.32
 .group         0x0000000000000000        0xc core/pipe.32
 .comment       0x0000000000000000       0x12 core/pipe.32
 .group         0x0000000000000000        0xc core/terminal.32
 .comment       0x0000000000000000       0x12 core/terminal.32
 .comment       0x0000000000000000       0x12 core/tss.32
 .group         0x0000000000000000        0x8 core/unixfile.32
 .group         0x0000000000000000        0x8 core/unixfile.32
 .group         0x0000000000000000        0xc core/unixfile.32
 .group         0x0000000000000000        0x8 core/unixfile.32
 .group         0x0000000000000000        0xc core/unixfile.32
 .group         0x0000000000000000        0x8 core/unixfile.32
 .group         0x0000000000000000        0xc core/unixfile.32
 .group         0x0000000000000000        0xc core/unixfile.32
 .comment       0x0000000000000000       0x12 core/unixfile.32
 .comment       0x0000000000000000       0x12 core/virtmgr.32
 .comment       0x0000000000000000       0x12 coreobjs/c++.32
 .comment       0x0000000000000000       0x12 dbg/kconsole.32
 .group         0x0000000000000000        0xc fs/vfs.32
 .group         0x0000000000000000        0xc fs/vfs.32
 .group         0x0000000000000000        0xc fs/vfs.32
 .comment       0x0000000000000000       0x12 fs/vfs.32
 .group         0x0000000000000000        0xc hal/bus.32
 .comment       0x0000000000000000       0x12 hal/bus.32
 .group         0x0000000000000000        0xc hal/buzzer.32
 .comment       0x0000000000000000       0x12 hal/buzzer.32
 .group         0x0000000000000000        0xc hal/clock.32
 .comment       0x0000000000000000       0x12 hal/clock.32
 .group         0x0000000000000000       0x14 hal/device.32
 .group         0x0000000000000000        0xc hal/device.32
 .group         0x0000000000000000        0x8 hal/device.32
 .group         0x0000000000000000        0xc hal/device.32
 .group         0x0000000000000000        0xc hal/device.32
 .comment       0x0000000000000000       0x12 hal/device.32
 .group         0x0000000000000000        0xc hal/diskctrl.32
 .comment       0x0000000000000000       0x12 hal/diskctrl.32
 .group         0x0000000000000000        0xc hal/diskphys.32
 .comment       0x0000000000000000       0x12 hal/diskphys.32
 .group         0x0000000000000000        0xc hal/fpu.32
 .comment       0x0000000000000000       0x12 hal/fpu.32
 .group         0x0000000000000000        0xc hal/intctrl.32
 .comment       0x0000000000000000       0x12 hal/intctrl.32
 .group         0x0000000000000000        0xc hal/keybrd.32
 .comment       0x0000000000000000       0x12 hal/keybrd.32
 .group         0x0000000000000000        0xc hal/logidisk.32
 .comment       0x0000000000000000       0x12 hal/logidisk.32
 .group         0x0000000000000000        0xc hal/mouse.32
 .comment       0x0000000000000000       0x12 hal/mouse.32
 .comment       0x0000000000000000       0x12 hal/partition.32
 .group         0x0000000000000000        0xc hal/serial.32
[...]
Memory Configuration

Name             Origin             Length             Attributes
*default*        0x0000000000000000 0xffffffffffffffff

Linker script and memory map

LOAD D:/Users/Alex/Desktop/Banana/kernel/boot.32
LOAD crti.32
LOAD /cygdrive/d/Users/Alex/Desktop/Toolchain/Output/bin/../lib/gcc/i386-banana/8.1.0/crtbegin.o
LOAD D:/Users/Alex/Desktop/Banana/kernel/morenasm.32
LOAD acpica/utclib.32
LOAD core/malloc.32
LOAD libk/string.32
LOAD fs/fat/diskio.32
LOAD fs/fat/ff.32
LOAD fs/fat/ffsystem.32
LOAD fs/fat/ffunicode.32
LOAD compat/inlines.32
LOAD compat/resolve.32
LOAD core/computer.32
LOAD core/gdt.32
LOAD core/idle.32
LOAD core/idt.32
LOAD core/kheap.32
LOAD core/main.32
LOAD core/physmgr.32
LOAD core/pipe.32
LOAD core/terminal.32
LOAD core/tss.32
LOAD core/unixfile.32
LOAD core/virtmgr.32
LOAD coreobjs/c++.32
LOAD dbg/kconsole.32
LOAD fs/vfs.32
LOAD hal/bus.32
LOAD hal/buzzer.32
LOAD hal/clock.32
LOAD hal/device.32
LOAD hal/diskctrl.32
LOAD hal/diskphys.32
LOAD hal/fpu.32
LOAD hal/intctrl.32
LOAD hal/keybrd.32
LOAD hal/logidisk.32
LOAD hal/mouse.32
LOAD hal/partition.32
LOAD hal/serial.32
LOAD hal/timer.32
LOAD hal/vcache.32
LOAD hal/video.32
LOAD hw/acpi.32
LOAD hw/cpu.32
LOAD hw/ports.32
LOAD hw/smp.32
LOAD krnl/env.32
LOAD krnl/panic.32
LOAD krnl/powctrl.32
LOAD net/ethernet.32
LOAD reg/registry.32
LOAD sys/sc_eject.32
LOAD sys/sc_exit.32
LOAD sys/sc_getcwd.32
LOAD sys/sc_getpid.32
LOAD sys/sc_getramdata.32
LOAD sys/sc_getvgaptr.32
LOAD sys/sc_loaddll.32
LOAD sys/sc_read.32
LOAD sys/sc_sbrk.32
LOAD sys/sc_setcwd.32
LOAD sys/sc_settime.32
LOAD sys/sc_timezone.32
LOAD sys/sc_write.32
LOAD sys/sc_wsbe.32
LOAD sys/sc_yield.32
LOAD sys/syscalls.32
LOAD thr/elf.32
LOAD thr/prcssthr.32
LOAD vm86/vm8086.32
LOAD vm86/x87em.32
LOAD fs/fat/vfslink.32
LOAD fs/iso9660/vfslink.32
LOAD hal/sound/sndcard.32
LOAD hal/sound/sndport.32
LOAD hw/bus/isa.32
LOAD hw/bus/pci.32
LOAD hw/diskctrl/ide.32
LOAD hw/diskctrl/satabus.32
LOAD hw/diskphys/ata.32
LOAD hw/diskphys/atapi.32
LOAD hw/diskphys/sata.32
LOAD hw/diskphys/satapi.32
LOAD hw/fpu/avx.32
LOAD hw/fpu/mmx.32
LOAD hw/fpu/sse.32
LOAD hw/fpu/x87.32
LOAD hw/intctrl/apic.32
LOAD hw/intctrl/pic.32
LOAD hw/timer/apictimer.32
LOAD hw/timer/pit.32
LOAD hw/fpu/x86/avx.32
LOAD hw/fpu/x86/sse.32
LOAD hw/fpu/x86/x87.32
LOAD /cygdrive/d/Users/Alex/Desktop/Toolchain/Output/bin/../lib/gcc/i386-banana/8.1.0/crtend.o
LOAD crtn.32
LOAD /cygdrive/d/Users/Alex/Desktop/Toolchain/Output/bin/../lib/gcc/i386-banana/8.1.0/libkgcc.a
LOAD D:/Users/Alex/Desktop/Banana/kernel/libsoftfp.a
LOAD D:/Users/Alex/Desktop/Banana/kernel/libk/libm32.a
                0x00000000c0000000                . = 0xc0000000

.text           0x00000000c0000000    0x2296e
 *(.text)
 .text          0x00000000c0000000       0x41 D:/Users/Alex/Desktop/Banana/kernel/boot.32
                0x00000000c0000020                callGlobalConstructors
 .text          0x00000000c0000041        0x0 crti.32
 *fill*         0x00000000c0000041        0x3 
 .text          0x00000000c0000044      0x101 /cygdrive/d/Users/Alex/Desktop/Toolchain/Output/bin/../lib/gcc/i386-banana/8.1.0/crtbegin.o
 *fill*         0x00000000c0000145        0xb 
 .text          0x00000000c0000150      0x430 D:/Users/Alex/Desktop/Banana/kernel/morenasm.32
                0x00000000c0000150                manualPCIProbe
                0x00000000c000019b                prepareTramp
                0x00000000c00001b4                doTPAUSE
                0x00000000c00001be                hasLegacyFPU
                0x00000000c00001e3                is486
                0x00000000c0000219                detectCPUID
                0x00000000c000022f                goToVM86
                0x00000000c000025f                goToUsermode
                0x00000000c0000289                switchToThreadASMFirstTime
                0x00000000c0000297                switchToThreadASM
                0x00000000c0000327                asmQuickAcquireLock
                0x00000000c0000345                asmQuickReleaseLock
                0x00000000c0000351                asmAcquireLock
                0x00000000c0000372                asmReleaseLock
                0x00000000c0000385                loadGDT
                0x00000000c00003a5                isr0
                0x00000000c00003b5                isr1
                0x00000000c00003bf                isr2
                0x00000000c00003c9                isr3
                0x00000000c00003d3                isr4
                0x00000000c00003dd                isr5
                0x00000000c00003e7                isr6
                0x00000000c00003f1                isr7
                0x00000000c00003fb                isr8
                0x00000000c0000403                isr9
                0x00000000c000040d                isr10
                0x00000000c0000415                isr11
                0x00000000c000041d                isr12
                0x00000000c0000425                isr13
                0x00000000c000042d                isr14
                0x00000000c0000435                isr15
                0x00000000c000043f                isr16
                0x00000000c0000449                isr17
                0x00000000c0000453                isr18
                0x00000000c000045d                irq3
                0x00000000c0000467                irq4
                0x00000000c0000471                irq5
                0x00000000c000047b                irq6
                0x00000000c0000485                irq7
                0x00000000c000048f                irq8
                0x00000000c0000499                irq9
                0x00000000c00004a3                irq10
                0x00000000c00004ad                irq11
                0x00000000c00004b7                irq12
                0x00000000c00004c1                irq13
                0x00000000c00004cb                irq14
                0x00000000c00004d5                irq15
                0x00000000c00004df                irq1
                0x00000000c00004e6                irq2
                0x00000000c00004ed                isr96
                0x00000000c00004f4                irq0
                0x00000000c00004f9                int_common_stub
                0x00000000c00004f9                syscall_common_stub
                0x00000000c000052b                irq16
                0x00000000c0000535                irq17
                0x00000000c000053f                irq18
                0x00000000c0000549                irq19
                0x00000000c0000553                irq20
                0x00000000c000055d                irq21
                0x00000000c0000567                irq22
                0x00000000c0000571                irq23
                0x00000000c000057b                memcpy
 .text          0x00000000c0000580      0x5dd acpica/utclib.32
                0x00000000c0000580                memcmp
                0x00000000c00005bc                memmove
                0x00000000c0000684                memset
                0x00000000c00006a0                strlen
                0x00000000c00006b8                strpbrk
                0x00000000c00006f4                strtok
                0x00000000c0000740                strcpy
                0x00000000c0000764                strncpy
                0x00000000c00007cc                strcmp
                0x00000000c000080c                strchr
                0x00000000c0000830                strncmp
                0x00000000c0000880                strcat
                0x00000000c00008b0                strncat
                0x00000000c00008ec                strstr
                0x00000000c0000934                toupper
                0x00000000c0000948                tolower
                0x00000000c000095c                simple_strtoul
 .text          0x00000000c0000b5d      0xfad core/malloc.32
                0x00000000c0000cc8                dlfree
                0x00000000c0001023                dlmalloc
                0x00000000c0001560                dlrealloc
                0x00000000c0001703                dlmemalign
                0x00000000c0001826                dlcalloc
                0x00000000c00018c0                dlcfree
                0x00000000c00018c5                dlindependent_calloc
                0x00000000c00018ea                dlindependent_comalloc
                0x00000000c0001901                dlvalloc
                0x00000000c000192c                dlpvalloc
                0x00000000c0001962                dlmalloc_trim
                0x00000000c000196f                dlmalloc_usable_size
                0x00000000c00019a0                dlmallinfo
                0x00000000c0001a6f                dlmalloc_stats
                0x00000000c0001a80                dlmallopt
 .text          0x00000000c0001b0a        0x0 libk/string.32
 .text          0x00000000c0001b0a       0x51 fs/fat/diskio.32
                0x00000000c0001b0a                disk_status
                0x00000000c0001b0d                disk_initialize
                0x00000000c0001b10                disk_read
                0x00000000c0001b26                disk_write
                0x00000000c0001b3c                disk_ioctl
 .text          0x00000000c0001b5b     0x6a69 fs/fat/ff.32
                0x00000000c0004e29                f_mount
                0x00000000c0004e8b                f_open
                0x00000000c00052c7                f_read
                0x00000000c0005547                f_write
                0x00000000c0005801                f_sync
                0x00000000c00059dd                f_close
                0x00000000c0005a0c                f_lseek
                0x00000000c0005ec3                f_opendir
                0x00000000c0005fc5                f_closedir
                0x00000000c0005fe7                f_readdir
                0x00000000c0006082                f_stat
                0x00000000c0006111                f_getfree
                0x00000000c00062dc                f_truncate
                0x00000000c00063d4                f_unlink
                0x00000000c0006557                f_mkdir
                0x00000000c0006783                f_rename
                0x00000000c0006a76                f_chmod
                0x00000000c0006b54                f_utime
                0x00000000c0006c32                f_getlabel
                0x00000000c0006e20                f_setlabel
                0x00000000c000708d                f_expand
                0x00000000c00072c3                f_forward
                0x00000000c00074a1                f_mkfs
 .text          0x00000000c00085c4       0x2f fs/fat/ffsystem.32
                0x00000000c00085c4                ff_memalloc
                0x00000000c00085dc                ff_memfree
 *fill*         0x00000000c00085f3        0x1 
 .text          0x00000000c00085f4      0x274 fs/fat/ffunicode.32
                0x00000000c00085f4                ff_uni2oem
                0x00000000c000868c                ff_oem2uni
                0x00000000c0008700                ff_wtoupper
 .text          0x00000000c0008868       0xa7 compat/inlines.32
                0x00000000c0008868                CPU::current()
                0x00000000c0008874                operator new(unsigned long)
                0x00000000c0008879                operator delete(void*)
                0x00000000c000887e                disableIRQs()
                0x00000000c0008886                enableIRQs()
                0x00000000c0008895                lockScheduler()
                0x00000000c000889d                unlockScheduler()
                0x00000000c00088ac                lockStuff()
                0x00000000c00088ba                unlockStuff()
                0x00000000c00088f4                Virt::getAKernelVAS()
                0x00000000c00088fa                __not_memcpy
 *fill*         0x00000000c000890f        0x1 
 .text          0x00000000c0008910      0x118 compat/resolve.32
                0x00000000c0008910                Krnl::resolveCompatibilitySymbol(char*)
 .text          0x00000000c0008a28      0x841 core/computer.32
                0x00000000c0008a28                Computer::close(int, int, void*)
                0x00000000c0008a6c                Krnl::firstTask()
                0x00000000c0008bc0                Computer::Computer()
                0x00000000c0008bc0                Computer::Computer()
                0x00000000c0008d1c                Computer::setBootMessage(char const*)
                0x00000000c0008d1e                Computer::detectFeatures()
                0x00000000c0008f28                Computer::displayFeatures()
                0x00000000c0008f2a                Computer::rdmsr(unsigned int)
                0x00000000c0008f56                Computer::wrmsr(unsigned int, unsigned long long)
                0x00000000c0008f8e                Computer::shutdown()
                0x00000000c0008fa6                Computer::restart()
                0x00000000c0008fbe                Computer::sleep()
                0x00000000c0008fd2                Computer::nmiEnabled()
                0x00000000c0008fde                Computer::readCMOS(unsigned char)
                0x00000000c0008ff8                Computer::enableNMI(bool)
                0x00000000c0009010                Computer::open(int, int, void*)
                0x00000000c00091ac                Computer::disableNMI()
                0x00000000c00091ba                Computer::writeCMOS(unsigned char, unsigned char)
                0x00000000c00091d8                Computer::handleNMI()
                0x00000000c000923e                Computer::setDiskActivityLight(int, bool)
 *fill*         0x00000000c0009269        0x1 
 .text          0x00000000c000926a      0x19d core/gdt.32
                0x00000000c000926a                GDTEntry::setBase(unsigned int)
                0x00000000c0009286                GDTEntry::setLimit(unsigned int)
                0x00000000c00092a4                GDT::GDT()
                0x00000000c00092a4                GDT::GDT()
                0x00000000c00092ba                GDT::addEntry(GDTEntry)
                0x00000000c00092dc                GDT::getNumberOfEntries()
                0x00000000c00092e4                GDT::flush()
                0x00000000c0009306                GDT::setup()
 .text          0x00000000c0009407       0x6b core/idle.32
                0x00000000c0009407                idleFunction(void*)
 *fill*         0x00000000c0009472        0x2 
 .text          0x00000000c0009474      0x464 core/idt.32
                0x00000000c0009474                IDTEntry::IDTEntry(bool)
                0x00000000c0009474                IDTEntry::IDTEntry(bool)
                0x00000000c00094e6                IDTEntry::setOffset(unsigned int)
                0x00000000c00094fc                IDT::IDT()
                0x00000000c00094fc                IDT::IDT()
                0x00000000c00094fe                IDT::getPointerToInvalidOpcodeEntryForF00F()
                0x00000000c0009506                IDT::addEntry(IDTEntry, int)
                0x00000000c0009520                IDT::addEntry(int, void (*)(), bool)
                0x00000000c0009558                IDT::flush()
                0x00000000c0009572                IDT::setup()
 .text          0x00000000c00098d8      0x191 core/kheap.32
                0x00000000c00098d8                sbrk
                0x00000000c000997b                mmap
                0x00000000c0009991                munmap
                0x00000000c00099a7                liballoc_lock()
                0x00000000c00099b4                liballoc_unlock()
                0x00000000c00099c8                liballoc_alloc(int)
                0x00000000c00099e0                liballoc_free(void*, int)
                0x00000000c00099fb                realloc
                0x00000000c0009a0f                malloc
                0x00000000c0009a1f                free
                0x00000000c0009a2f                rfree
                0x00000000c0009a3f                calloc
 .text          0x00000000c0009a69      0x437 core/main.32
                0x00000000c0009a69                Krnl::setBootMessage(char const*)
                0x00000000c0009ad5                kernel_main
 .text          0x00000000c0009ea0      0x673 core/physmgr.32
                0x00000000c0009ea0                Phys::allocateDMA(unsigned long)
                0x00000000c0009faf                Phys::freeDMA(unsigned long, unsigned long)
                0x00000000c0009ff5                Phys::setPageState(unsigned long, bool)
                0x00000000c000a027                Phys::getPageState(unsigned long)
                0x00000000c000a043                Phys::freePage(unsigned long)
                0x00000000c000a0c6                Phys::allocatePage()
                0x00000000c000a1b1                Phys::allocateContiguousPages(int)
                0x00000000c000a20d                Phys::allowSegmentToBeUsed(unsigned long, unsigned long)
                0x00000000c000a245                Phys::physicalMemorySetup(unsigned int)
 *fill*         0x00000000c000a513        0x1 
 .text          0x00000000c000a514      0x273 core/pipe.32
                0x00000000c000a514                Pipe::isAtty()
                0x00000000c000a518                Pipe::~Pipe()
                0x00000000c000a518                Pipe::~Pipe()
                0x00000000c000a53c                Pipe::~Pipe()
                0x00000000c000a564                Pipe::read(unsigned long long, void*, int*)
                0x00000000c000a660                Pipe::write(unsigned long long, void*, int*)
                0x00000000c000a720                Pipe::Pipe(int)
                0x00000000c000a720                Pipe::Pipe(int)
 *fill*         0x00000000c000a787        0x1 
 .text          0x00000000c000a788      0xb8f core/terminal.32
                0x00000000c000a788                VgaText::isAtty()
                0x00000000c000a78c                VgaText::~VgaText()
                0x00000000c000a78c                VgaText::~VgaText()
                0x00000000c000a7b0                VgaText::~VgaText()
                0x00000000c000a7da                VgaText::read(unsigned long long, void*, int*)
                0x00000000c000a7fa                setTerminalScrollLock(bool)
                0x00000000c000a7fb                addToTerminalCycle(VgaText*)
                0x00000000c000a81c                installVgaTextImplementation()
                0x00000000c000a831                scrollTerminalScrollLock(int)
                0x00000000c000a832                VgaText::updateTitle()
                0x00000000c000a870                VgaText::load()
                0x00000000c000a8be                VgaText::updateCursor()
                0x00000000c000a8d4                VgaText::doANSI_SGR(int)
                0x00000000c000a948                VgaText::setDefaultBgColour(VgaColour)
                0x00000000c000a958                VgaText::setDefaultFgColour(VgaColour)
                0x00000000c000a968                VgaText::setDefaultColours(VgaColour, VgaColour)
                0x00000000c000a988                VgaText::setTitleTextColour(VgaColour)
                0x00000000c000a998                VgaText::setTitleColour(VgaColour)
                0x00000000c000a9a8                VgaText::setTitle(char*)
                0x00000000c000a9ce                VgaText::combineColours(unsigned char, unsigned char)
                0x00000000c000a9e0                VgaText::scrollScreen()
                0x00000000c000aa74                VgaText::combineCharAndColour(char, unsigned char)
                0x00000000c000aa86                VgaText::writeCharacter(char, VgaColour, VgaColour, int, int)
                0x00000000c000aae2                VgaText::getCursorX()
                0x00000000c000aaea                VgaText::getCursorY()
                0x00000000c000aaf2                VgaText::setCursor(int, int)
                0x00000000c000ab09                setActiveTerminal(VgaText*)
                0x00000000c000ab6b                doTerminalCycle()
                0x00000000c000ab86                VgaText::setCursorX(int)
                0x00000000c000ab9e                VgaText::setCursorY(int)
                0x00000000c000abb6                VgaText::incrementCursor(bool)
                0x00000000c000ac0a                VgaText::decrementCursor(bool)
                0x00000000c000ac2c                VgaText::putchar(char, VgaColour, VgaColour)
                0x00000000c000ad04                VgaText::doUpdate()
                0x00000000c000ad12                VgaText::puts(char const*, VgaColour, VgaColour)
                0x00000000c000ae8a                VgaText::clearScreen()
                0x00000000c000aee4                VgaText::putchar(char)
                0x00000000c000afd0                VgaText::putx(unsigned int)
                0x00000000c000b016                VgaText::puts(char const*)
                0x00000000c000b03c                VgaText::VgaText(char const*)
                0x00000000c000b03c                VgaText::VgaText(char const*)
                0x00000000c000b1b8                VgaText::receiveKey(unsigned char)
                0x00000000c000b29e                VgaText::write(unsigned long long, void*, int*)
                0x00000000c000b2f2                newTerminal(char*)
 *fill*         0x00000000c000b317        0x1 
 .text          0x00000000c000b318      0x1a1 core/tss.32
                0x00000000c000b318                TSS::TSS()
                0x00000000c000b318                TSS::TSS()
                0x00000000c000b328                TSS::setESP(unsigned long)
                0x00000000c000b33c                TSS::flush()
                0x00000000c000b35c                TSS::setup(unsigned long, unsigned long)
 *fill*         0x00000000c000b4b9        0x1 
 .text          0x00000000c000b4ba      0x4c2 core/unixfile.32
                0x00000000c000b4ba                ReservedFilename::read(unsigned long long, void*, int*)
                0x00000000c000b510                ReservedFilename::isAtty()
                0x00000000c000b52c                ReservedFilename::write(unsigned long long, void*, int*)
                0x00000000c000b58a                UnixFile::getFileDescriptor()
                0x00000000c000b592                UnixFile::UnixFile(int)
                0x00000000c000b592                UnixFile::UnixFile(int)
                0x00000000c000b742                ReservedFilename::ReservedFilename(int)
                0x00000000c000b742                ReservedFilename::ReservedFilename(int)
                0x00000000c000b774                UnixFile::~UnixFile()
                0x00000000c000b774                UnixFile::~UnixFile()
                0x00000000c000b80c                UnixFile::~UnixFile()
                0x00000000c000b834                ReservedFilename::~ReservedFilename()
                0x00000000c000b834                ReservedFilename::~ReservedFilename()
                0x00000000c000b858                ReservedFilename::~ReservedFilename()
                0x00000000c000b87f                getFromFileDescriptor(int)
 .text          0x00000000c000b97c     0x1218 core/virtmgr.32
                0x00000000c000b97c                Virt::setPageState(unsigned long, Virt::VirtPageState)
                0x00000000c000b9b1                Virt::getPageState(unsigned long)
                0x00000000c000b9d5                Virt::allocateKernelVirtualPages(int)
                0x00000000c000bae6                Virt::freeSwapfilePage(unsigned long)
                0x00000000c000bb04                Virt::swapIDToSector(unsigned long)
                0x00000000c000bb16                Virt::allocateSwapfilePage()
                0x00000000c000bb94                Virt::virtualMemorySetup()
                0x00000000c000bbdf                Virt::setupPageSwapping(int)
                0x00000000c000bc50                VAS::VAS()
                0x00000000c000bc50                VAS::VAS()
                0x00000000c000bc8c                VAS::VAS(VAS*)
                0x00000000c000bc8c                VAS::VAS(VAS*)
                0x00000000c000bcba                VAS::getForeignPageTableEntry(bool, unsigned long)
                0x00000000c000bce6                VAS::getPageTableEntry(unsigned long)
                0x00000000c000bd05                Virt::freeKernelVirtualPages(unsigned long)
                0x00000000c000be28                VAS::freeAllocatedPages(unsigned long)
                0x00000000c000be4c                VAS::virtualToPhysical(unsigned long)
                0x00000000c000be64                VAS::reflagRange(unsigned long, int, int, int)
                0x00000000c000bea4                VAS::setToWriteCombining(unsigned long, int)
                0x00000000c000bed6                VAS::mapOtherVASIn(bool, VAS*)
                0x00000000c000bf00                VAS::~VAS()
                0x00000000c000bf00                VAS::~VAS()
                0x00000000c000c07c                VAS::mapPage(unsigned long, unsigned long, int)
                0x00000000c000c17e                VAS::allocatePages(int, int)
                0x00000000c000c356                VAS::setCPUSpecific(unsigned long)
                0x00000000c000c372                VAS::mapRange(unsigned long, unsigned long, int, int)
                0x00000000c000c438                VAS::mapForeignPage(bool, VAS*, unsigned long, unsigned long, int)
                0x00000000c000c526                VAS::VAS(bool)
                0x00000000c000c526                VAS::VAS(bool)
                0x00000000c000c7a6                VAS::evict(unsigned long)
                0x00000000c000c876                VAS::tryLoadBackOffDisk(unsigned long)
                0x00000000c000c98a                VAS::scanForEviction()
                0x00000000c000ca68                mapVASFirstTime
 .text          0x00000000c000cb94       0x95 coreobjs/c++.32
                0x00000000c000cb94                __cxa_atexit
                0x00000000c000cb97                __cxa_finalize
                0x00000000c000cb98                __stack_chk_fail
                0x00000000c000cc04                __cxa_pure_virtual
                0x00000000c000cc15                operator new[](unsigned long)
                0x00000000c000cc1a                operator delete(void*, unsigned long)
                0x00000000c000cc1f                operator delete[](void*)
                0x00000000c000cc24                operator delete[](void*, unsigned long)
 .text          0x00000000c000cc29      0x1fc dbg/kconsole.32
                0x00000000c000cc29                Dbg::stringifyxWithBase(unsigned int, char*, int)
                0x00000000c000cc82                Dbg::logc(char)
                0x00000000c000cca2                Dbg::logs(char*)
                0x00000000c000ccbf                Dbg::logWriteInt(unsigned int)
                0x00000000c000ccdc                Dbg::logWriteIntBase(unsigned int, int)
                0x00000000c000ccfb                Dbg::kprintf(char const*, ...)
 *fill*         0x00000000c000ce25        0x1 
 .text          0x00000000c000ce26      0xcac fs/vfs.32
                0x00000000c000ce26                File::read(unsigned long long, void*, int*)
                0x00000000c000ce7e                File::write(unsigned long long, void*, int*)
                0x00000000c000ced6                Directory::read(unsigned long long, void*, int*)
                0x00000000c000cf2e                Directory::write(unsigned long long, void*, int*)
                0x00000000c000cf5c                File::isAtty()
                0x00000000c000cf60                Directory::isAtty()
                0x00000000c000cf64                Filesystem::getlabel(LogicalDisk*, int, char*, unsigned int*)
                0x00000000c000cf6a                Filesystem::setlabel(LogicalDisk*, int, char*)
                0x00000000c000cf70                Filesystem::allocateSwapfile(char const*, int)
                0x00000000c000cf76                File::~File()
                0x00000000c000cf76                File::~File()
                0x00000000c000cf9a                File::~File()
                0x00000000c000cfc4                Directory::~Directory()
                0x00000000c000cfc4                Directory::~Directory()
                0x00000000c000cfe8                Directory::~Directory()
                0x00000000c000d012                Filesystem::Filesystem()
                0x00000000c000d012                Filesystem::Filesystem()
                0x00000000c000d036                Filesystem::~Filesystem()
                0x00000000c000d036                Filesystem::~Filesystem()
                0x00000000c000d044                Filesystem::~Filesystem()
                0x00000000c000d068                Fs::getcwd(Process*, char*, int)
                0x00000000c000d092                Fs::initVFS()
                0x00000000c000d0bc                Fs::standardiseFiles(char*, char const*, char const*)
                0x00000000c000d266                File::File(char const*, Process*)
                0x00000000c000d266                File::File(char const*, Process*)
                0x00000000c000d340                File::open(FileOpenMode)
                0x00000000c000d39e                File::close()
                0x00000000c000d3fe                File::seek(unsigned long long)
                0x00000000c000d454                File::tell(unsigned long long*)
                0x00000000c000d4a4                File::rewind()
                0x00000000c000d4b8                File::unlink()
                0x00000000c000d504                File::rename(char const*)
                0x00000000c000d552                File::chfatattr(unsigned char, unsigned char)
                0x00000000c000d5ae                File::exists()
                0x00000000c000d5ec                File::stat(unsigned long long*, bool*)
                0x00000000c000d64d                Fs::setcwd(Process*, char*)
                0x00000000c000d7c6                Directory::Directory(char const*, Process*)
                0x00000000c000d7c6                Directory::Directory(char const*, Process*)
                0x00000000c000d8a0                Directory::open()
                0x00000000c000d8fc                Directory::close()
                0x00000000c000d95c                Directory::unlink()
                0x00000000c000d9a8                Directory::rename(char const*)
                0x00000000c000d9f6                Directory::exists()
                0x00000000c000da34                Directory::read(dirent*)
                0x00000000c000da80                Directory::create()
                0x00000000c000dacc                Filesystem::chfatattr(char const*, unsigned char, unsigned char)
 *fill*         0x00000000c000dad2        0x2 
 .text          0x00000000c000dad4       0x86 hal/bus.32
                0x00000000c000dad4                Bus::Bus(char const*)
                0x00000000c000dad4                Bus::Bus(char const*)
                0x00000000c000db0c                Bus::~Bus()
                0x00000000c000db0c                Bus::~Bus()
                0x00000000c000db30                Bus::~Bus()
 *fill*         0x00000000c000db5a        0x2 
 .text          0x00000000c000db5c      0x153 hal/buzzer.32
                0x00000000c000db5c                Buzzer::Buzzer(char const*)
                0x00000000c000db5c                Buzzer::Buzzer(char const*)
                0x00000000c000dba0                Buzzer::~Buzzer()
                0x00000000c000dba0                Buzzer::~Buzzer()
                0x00000000c000dbc4                Buzzer::~Buzzer()
                0x00000000c000dbee                Buzzer::stop()
                0x00000000c000dc01                beepThread(void*)
                0x00000000c000dc42                Buzzer::beep(int, int, bool)
 *fill*         0x00000000c000dcaf        0x1 
 .text          0x00000000c000dcb0      0x467 hal/clock.32
                0x00000000c000dcb0                User::loadClockSettings(int)
                0x00000000c000dd02                Clock::Clock(char const*)
                0x00000000c000dd02                Clock::Clock(char const*)
                0x00000000c000dd38                Clock::~Clock()
                0x00000000c000dd38                Clock::~Clock()
                0x00000000c000dd5c                Clock::~Clock()
                0x00000000c000dd86                Clock::timeInSecondsLocal()
                0x00000000c000ddce                Clock::setTimeInSecondsLocal(unsigned long long)
                0x00000000c000de27                datetimeToSeconds(datetime_t)
                0x00000000c000df4e                Clock::setTimeInDatetimeLocal(datetime_t)
                0x00000000c000dfae                secondsToDatetime(unsigned long long)
                0x00000000c000e0f2                Clock::timeInDatetimeLocal()
 *fill*         0x00000000c000e117        0x1 
 .text          0x00000000c000e118      0x504 hal/device.32
                0x00000000c000e118                Device::hibernate()
                0x00000000c000e11a                Device::wake()
                0x00000000c000e11c                Device::detect()
                0x00000000c000e11e                Device::disableLegacy()
                0x00000000c000e120                Device::powerSaving(PowerSavingLevel)
                0x00000000c000e122                DriverlessDevice::close(int, int, void*)
                0x00000000c000e126                DriverlessDevice::detect()
                0x00000000c000e128                DriverlessDevice::open(int, int, void*)
                0x00000000c000e13c                Device::~Device()
                0x00000000c000e13c                Device::~Device()
                0x00000000c000e14a                Device::~Device()
                0x00000000c000e172                Device::findAndLoadDriver()
                0x00000000c000e180                Device::preOpenPCI(PCIDeviceInfo)
                0x00000000c000e1a6                Device::preOpenACPI(void*, char*, char*)
                0x00000000c000e1e6                Device::addIRQHandler(int, void (*)(regs*, void*), bool, void*)
                0x00000000c000e224                Device::getParent()
                0x00000000c000e230                Device::removeIRQHandler(int, void (*)(regs*, void*), bool)
                0x00000000c000e26e                Device::addChild(Device*)
                0x00000000c000e2b2                Device::removeAllChildren()
                0x00000000c000e2f8                Device::hibernateAll()
                0x00000000c000e328                Device::wakeAll()
                0x00000000c000e358                Device::detectAll()
                0x00000000c000e388                Device::disableLegacyAll()
                0x00000000c000e3b8                Device::loadDriversForAll()
                0x00000000c000e3f8                Device::closeAll()
                0x00000000c000e42e                Device::powerSavingAll(PowerSavingLevel)
                0x00000000c000e464                Device::setName(char const*)
                0x00000000c000e472                Device::Device(char const*)
                0x00000000c000e472                Device::Device(char const*)
                0x00000000c000e56e                Device::getName()
                0x00000000c000e578                DriverlessDevice::DriverlessDevice(char const*)
                0x00000000c000e578                DriverlessDevice::DriverlessDevice(char const*)
                0x00000000c000e5ae                Device::addToLinkedList(LinkedList<Device>&, DeviceType)
                0x00000000c000e5f2                getDevicesOfType(DeviceType)
 .text          0x00000000c000e61c       0x86 hal/diskctrl.32
                0x00000000c000e61c                HardDiskController::HardDiskController(char const*)
                0x00000000c000e61c                HardDiskController::HardDiskController(char const*)
                0x00000000c000e654                HardDiskController::~HardDiskController()
                0x00000000c000e654                HardDiskController::~HardDiskController()
                0x00000000c000e678                HardDiskController::~HardDiskController()
 .text          0x00000000c000e6a2       0xe2 hal/diskphys.32
                0x00000000c000e6a2                PhysicalDisk::eject()
                0x00000000c000e6a6                PhysicalDisk::PhysicalDisk(char const*, int)
                0x00000000c000e6a6                PhysicalDisk::PhysicalDisk(char const*, int)
                0x00000000c000e70e                PhysicalDisk::startCache()
                0x00000000c000e736                PhysicalDisk::~PhysicalDisk()
                0x00000000c000e736                PhysicalDisk::~PhysicalDisk()
                0x00000000c000e75a                PhysicalDisk::~PhysicalDisk()
 .text          0x00000000c000e784      0x147 hal/fpu.32
                0x00000000c000e784                FPU::FPU(char const*)
                0x00000000c000e784                FPU::FPU(char const*)
                0x00000000c000e7bc                FPU::~FPU()
                0x00000000c000e7bc                FPU::~FPU()
                0x00000000c000e7e0                FPU::~FPU()
                0x00000000c000e80a                setupFPU()
 *fill*         0x00000000c000e8cb        0x1 
 .text          0x00000000c000e8cc     0x11e1 hal/intctrl.32
                0x00000000c000e8cc                InterruptController::uninstallISRHandler(int, void (*)(regs*, void*))
                0x00000000c000e904                InterruptController::installISRHandler(int, void (*)(regs*, void*), void*)
                0x00000000c000e956                doubleFault(regs*, void*)
                0x00000000c000e970                InterruptController::installIRQHandler(int, void (*)(regs*, void*), bool, void*)
                0x00000000c000ea0c                InterruptController::clearAllHandlers(int, bool)
                0x00000000c000eab4                InterruptController::uninstallIRQHandler(int, void (*)(regs*, void*), bool)
                0x00000000c000eb3b                nmiHandler(regs*, void*)
                0x00000000c000eb49                int_handler
                0x00000000c000ebea                InterruptController::InterruptController(char const*)
                0x00000000c000ebea                InterruptController::InterruptController(char const*)
                0x00000000c000ec90                InterruptController::~InterruptController()
                0x00000000c000ec90                InterruptController::~InterruptController()
                0x00000000c000ecb4                InterruptController::~InterruptController()
                0x00000000c000ecde                displayDebugInfo(regs*)
                0x00000000c000f16d                x87EmulHandler(regs*, void*)
                0x00000000c000f1e0                gpFault(regs*, void*)
                0x00000000c000f219                pgFault(regs*, void*)
                0x00000000c000f268                otherISRHandler(regs*, void*)
                0x00000000c000f287                opcodeFault(regs*, void*)
                0x00000000c000f64a                displayProgramFault(char const*)
                0x00000000c000f672                setupInterruptController()
                0x00000000c000fa60                InterruptController::convertLegacyIRQNumber(int)
 *fill*         0x00000000c000faad        0x1 
 .text          0x00000000c000faae      0x788 hal/keybrd.32
                0x00000000c000faae                startGUI(void*)
                0x00000000c000fb1a                startGUIVESA(void*)
                0x00000000c000fb86                sendKeyToTerminal(unsigned char)
                0x00000000c000fc44                sendKeyboardToken(KeyboardToken)
                0x00000000c0010086                clearInternalKeybuffer(VgaText*)
                0x00000000c00100bb                readKeyboard(VgaText*, char*, unsigned long)
                0x00000000c00101ac                Keyboard::Keyboard(char const*)
                0x00000000c00101ac                Keyboard::Keyboard(char const*)
                0x00000000c00101e8                Keyboard::~Keyboard()
                0x00000000c00101e8                Keyboard::~Keyboard()
                0x00000000c001020c                Keyboard::~Keyboard()
 .text          0x00000000c0010236      0x42a hal/logidisk.32
                0x00000000c0010236                LogicalDisk::close(int, int, void*)
                0x00000000c001023a                LogicalDisk::~LogicalDisk()
                0x00000000c001023a                LogicalDisk::~LogicalDisk()
                0x00000000c001025e                LogicalDisk::~LogicalDisk()
                0x00000000c0010288                LogicalDisk::open(int, int, void*)
                0x00000000c001029c                LogicalDisk::absoluteToRelative(unsigned long long)
                0x00000000c00102d4                LogicalDisk::relativeToAbsolute(unsigned long long)
                0x00000000c001031a                LogicalDisk::LogicalDisk(char const*, PhysicalDisk*, unsigned long long, unsigned long long)
                0x00000000c001031a                LogicalDisk::LogicalDisk(char const*, PhysicalDisk*, unsigned long long, unsigned long long)
                0x00000000c00103d0                LogicalDisk::assignDriveLetter()
                0x00000000c0010486                LogicalDisk::mount()
                0x00000000c001050e                LogicalDisk::unmount()
                0x00000000c001051e                LogicalDisk::eject()
                0x00000000c0010532                LogicalDisk::unassignDriveLetter()
                0x00000000c0010588                LogicalDisk::read(unsigned long long, int, void*)
                0x00000000c00105f4                LogicalDisk::write(unsigned long long, int, void*)
 .text          0x00000000c0010660       0x86 hal/mouse.32
                0x00000000c0010660                Mouse::Mouse(char const*)
                0x00000000c0010660                Mouse::Mouse(char const*)
                0x00000000c0010698                Mouse::~Mouse()
                0x00000000c0010698                Mouse::~Mouse()
                0x00000000c00106bc                Mouse::~Mouse()
 .text          0x00000000c00106e6      0x339 hal/partition.32
                0x00000000c00106e6                makePartition(PhysicalDisk*, unsigned long long, unsigned long long)
                0x00000000c001078e                createPartitionsForDisk(PhysicalDisk*)
 *fill*         0x00000000c0010a1f        0x1 
 .text          0x00000000c0010a20       0x86 hal/serial.32
                0x00000000c0010a20                Serial::Serial(char const*)
                0x00000000c0010a20                Serial::Serial(char const*)
                0x00000000c0010a58                Serial::~Serial()
                0x00000000c0010a58                Serial::~Serial()
                0x00000000c0010a7c                Serial::~Serial()
 *fill*         0x00000000c0010aa6        0x2 
 .text          0x00000000c0010aa8      0x2f2 hal/timer.32
                0x00000000c0010aa8                Timer::Timer(char const*)
                0x00000000c0010aa8                Timer::Timer(char const*)
                0x00000000c0010ae0                Timer::~Timer()
                0x00000000c0010ae0                Timer::~Timer()
                0x00000000c0010b04                Timer::~Timer()
                0x00000000c0010b2e                Timer::read()
                0x00000000c0010b39                timerHandler(unsigned int)
                0x00000000c0010ca0                setupTimer(int)
 *fill*         0x00000000c0010d9a        0x2 
 .text          0x00000000c0010d9c      0x43e hal/vcache.32
                0x00000000c0010d9c                VCache::VCache(PhysicalDisk*)
                0x00000000c0010d9c                VCache::VCache(PhysicalDisk*)
                0x00000000c0010f04                VCache::invalidateReadBuffer()
                0x00000000c0010f14                VCache::writeWriteBuffer()
                0x00000000c0010f60                VCache::~VCache()
                0x00000000c0010f60                VCache::~VCache()
                0x00000000c0010fb4                VCache::~VCache()
                0x00000000c0010fdc                VCache::write(unsigned long long, int, void*)
                0x00000000c00110d6                VCache::read(unsigned long long, int, void*)
 .text          0x00000000c00111da      0x4b3 hal/video.32
                0x00000000c00111da                Video::putrect(int, int, int, int, unsigned int)
                0x00000000c0011226                Video::bitblit(int, int, int, int, int, int, int, unsigned int*)
                0x00000000c0011296                Video::blit(unsigned int*, int, int, int, int)
                0x00000000c0011314                Video::clearScreen(unsigned int)
                0x00000000c0011348                Video::putpixel(int, int, unsigned int)
                0x00000000c0011356                Video::Video(char const*)
                0x00000000c0011356                Video::Video(char const*)
                0x00000000c001138c                Video::~Video()
                0x00000000c001138c                Video::~Video()
                0x00000000c00113b0                Video::~Video()
                0x00000000c00113da                Video::isMonochrome()
                0x00000000c00113e6                Video::getWidth()
                0x00000000c00113f2                Video::getHeight()
                0x00000000c00113fe                Video::drawCursor(int, int, unsigned char*, int)
                0x00000000c00114ba                Video::tgaParse(unsigned char*, int, int*, int*)
                0x00000000c0011622                Video::putTGA(int, int, unsigned char*, int)
 *fill*         0x00000000c001168d        0x3 
 .text          0x00000000c0011690     0x1707 hw/acpi.32
                0x00000000c0011690                ACPI::close(int, int, void*)
                0x00000000c0011744                findRSDP()
                0x00000000c0011818                loadACPITables(unsigned char*)
                0x00000000c0011a7c                findRSDT(unsigned char*)
                0x00000000c0011c3c                findDataTable(unsigned char*, char*)
                0x00000000c0011cb4                scanMADT()
                0x00000000c0012190                ACPI::ACPI()
                0x00000000c0012190                ACPI::ACPI()
                0x00000000c00121f4                ACPI::getPCIIRQAssignment(unsigned char, unsigned short, unsigned char)
                0x00000000c00122dc                ACPI::registerPCIIRQAssignment(void*, unsigned short, unsigned char, unsigned char)
                0x00000000c00123a4                ACPI::setScreenBrightnessLevel(void*, int)
                0x00000000c00123ac                ACPI::detectPCI()
                0x00000000c0012890                ACPI::writeSimpleBootFlag(SimpleBootFlagTable*)
                0x00000000c00128d8                ACPI::sleep()
                0x00000000c0012914                ACPI::open(int, int, void*)
 *fill*         0x00000000c0012d97        0x1 
 .text          0x00000000c0012d98     0x1583 hw/cpu.32
                0x00000000c0012d98                CPU::close(int, int, void*)
                0x00000000c0012d9c                CPU::lookupAMDName(unsigned char, unsigned char)
                0x00000000c0012f30                CPU::lookupIntelName(unsigned char, unsigned char)
                0x00000000c00131de                CPU::AMD_K6_write_msr(unsigned int, unsigned int, unsigned int, CPU::REGS*)
                0x00000000c00131fa                CPU::AMD_K6_read_msr(unsigned int, CPU::REGS*)
                0x00000000c0013212                CPU::AMD_K6_writeback(int, int, int)
                0x00000000c0013286                CPU::cpuid(int, unsigned long*, unsigned long*, unsigned long*, unsigned long*)
                0x00000000c001330a                CPU::cpuidCheckEDX(unsigned int)
                0x00000000c0013338                CPU::cpuidCheckECX(unsigned int)
                0x00000000c0013366                CPU::cpuidCheckExtendedEBX(unsigned int)
                0x00000000c0013394                CPU::cpuidCheckExtendedECX(unsigned int)
                0x00000000c00133c2                CPU::CPU()
                0x00000000c00133c2                CPU::CPU()
                0x00000000c0013450                CPU::displayFeatures()
                0x00000000c0013452                CPU::detectFeatures()
                0x00000000c0013e44                CPU::setupSMEP()
                0x00000000c0013e50                CPU::setupUMIP()
                0x00000000c0013e5a                CPU::setupTSC()
                0x00000000c0013e64                CPU::setupLargePages()
                0x00000000c0013e6e                CPU::setupPAT()
                0x00000000c0013eaa                CPU::setupMTRR()
                0x00000000c0013eac                CPU::setupGlobalPages()
                0x00000000c0013eb6                CPU::allowUsermodeDataAccess()
                0x00000000c0013ec8                CPU::prohibitUsermodeDataAccess()
                0x00000000c0013eda                CPU::setupSMAP()
                0x00000000c0013ee8                CPU::setupFeatures()
                0x00000000c0013fb4                CPU::open(int, int, void*)
                0x00000000c0014120                CPU::decodeAddress(regs*, int*, bool*, unsigned char*)
 .text          0x00000000c001431b        0x0 hw/ports.32
 .text          0x00000000c001431b      0x16a hw/smp.32
                0x00000000c001431b                Krnl::smpEntry()
                0x00000000c001431d                Krnl::startCPU(int)
                0x00000000c0014466                Krnl::startCPUs()
 *fill*         0x00000000c0014485        0x1 
 .text          0x00000000c0014486      0x581 krnl/env.32
                0x00000000c0014486                EnvVarContainer::getEnv(char const*)
                0x00000000c00144c4                EnvVarContainer::setEnv(char const*, char const*)
                0x00000000c0014586                EnvVarContainer::deleteEnv(char const*)
                0x00000000c0014588                EnvVarContainer::loadFrom(char const*, char const*)
                0x00000000c001476e                EnvVarContainer::__loadSystem()
                0x00000000c0014788                EnvVarContainer::__loadUser()
                0x00000000c001478a                EnvVarContainer::EnvVarContainer(Process*)
                0x00000000c001478a                EnvVarContainer::EnvVarContainer(Process*)
                0x00000000c00147ac                EnvVarContainer::~EnvVarContainer()
                0x00000000c00147ac                EnvVarContainer::~EnvVarContainer()
                0x00000000c00147dc                Krnl::getEnv(Process*, char const*)
                0x00000000c0014841                Krnl::setEnvSystem(char const*, char const*)
                0x00000000c001485b                Krnl::setEnvUser(char const*, char const*)
                0x00000000c001487a                Krnl::setEnvProcess(Process*, char const*, char const*)
                0x00000000c001488d                Krnl::deleteEnvSystem(char const*)
                0x00000000c001488e                Krnl::deleteEnvUser(char const*)
                0x00000000c001488f                Krnl::deleteEnvProcess(Process*, char const*)
                0x00000000c0014890                Krnl::newProcessEnv(Process*)
                0x00000000c00148b2                Krnl::copyProcessEnv(Process*, Process*)
                0x00000000c00148fe                Krnl::loadSystemEnv()
                0x00000000c001492c                Krnl::loadUserEnv()
                0x00000000c0014952                Krnl::flushEnv()
                0x00000000c0014953                Krnl::getProcessTotalEnvCount(Process*)
                0x00000000c0014973                Krnl::getProcessEnvPair(Process*, int)
 .text          0x00000000c0014a07      0x3a7 krnl/panic.32
                0x00000000c0014a07                Krnl::panic(char const*)
 .text          0x00000000c0014dae      0x194 krnl/powctrl.32
                0x00000000c0014dae                Krnl::powerThread(void*)
                0x00000000c0014e2e                Krnl::changePowerSettings(Krnl::PowerSettings)
                0x00000000c0014e44                Krnl::userIOReceived()
                0x00000000c0014e4f                Krnl::handlePowerButton()
                0x00000000c0014e84                Krnl::handleSleepButton()
                0x00000000c0014eb9                Krnl::setupPowerManager()
 *fill*         0x00000000c0014f42        0x2 
 .text          0x00000000c0014f44      0x5a0 net/ethernet.32
                0x00000000c0014f44                Net::switchEndian16(unsigned short)
                0x00000000c0014f68                Net::switchEndian32(unsigned int)
                0x00000000c0014f98                Net::crc32Calc(unsigned char*, int)
                0x00000000c001503c                Net::wrapEthernetFrame(Net::UnwrappedEthernetFrame, unsigned char*)
                0x00000000c0015258                Net::unwrapEthernetFrame(unsigned char*, int)
 .text          0x00000000c00154e4      0x50e reg/registry.32
                0x00000000c00154e4                Reg::findLineFromLoadedData(char*, char*, char*)
                0x00000000c001563c                Reg::getLineFromRegistry(char*, char*, char*, char*)
                0x00000000c0015791                Reg::getLine(char*, char*, char*)
                0x00000000c00157c8                Reg::readInt(char*, char*, int*)
                0x00000000c00158b3                Reg::readString(char*, char*, char*, int)
                0x00000000c0015934                Reg::readBool(char*, char*, bool*)
                0x00000000c0015959                Reg::readBoolWithDefault(char*, char*, bool)
                0x00000000c0015985                Reg::readIntWithDefault(char*, char*, int)
                0x00000000c00159b1                Reg::readStringWithDefault(char*, char*, char*, int, char*)
 .text          0x00000000c00159f2       0x36 sys/sc_eject.32
                0x00000000c00159f2                Sys::eject(regs*)
 .text          0x00000000c0015a28       0x18 sys/sc_exit.32
                0x00000000c0015a28                Sys::exit(regs*)
 .text          0x00000000c0015a40       0x1f sys/sc_getcwd.32
                0x00000000c0015a40                Sys::getCwd(regs*)
 .text          0x00000000c0015a5f        0xc sys/sc_getpid.32
                0x00000000c0015a5f                Sys::getPID(regs*)
 .text          0x00000000c0015a6b       0x1a sys/sc_getramdata.32
                0x00000000c0015a6b                Sys::getRAMData(regs*)
 .text          0x00000000c0015a85       0x84 sys/sc_getvgaptr.32
                0x00000000c0015a85                Sys::getVGAPtr(regs*)
 .text          0x00000000c0015b09       0xa8 sys/sc_loaddll.32
                0x00000000c0015b09                Sys::loadDLL(regs*)
 .text          0x00000000c0015bb1       0x68 sys/sc_read.32
                0x00000000c0015bb1                Sys::read(regs*)
 .text          0x00000000c0015c19       0x55 sys/sc_sbrk.32
                0x00000000c0015c19                Sys::sbrk(regs*)
 .text          0x00000000c0015c6e       0x1c sys/sc_setcwd.32
                0x00000000c0015c6e                Sys::setCwd(regs*)
 .text          0x00000000c0015c8a       0x95 sys/sc_settime.32
                0x00000000c0015c8a                Sys::setTime(regs*)
 .text          0x00000000c0015d1f       0x4a sys/sc_timezone.32
                0x00000000c0015d1f                Sys::timezone(regs*)
 .text          0x00000000c0015d69       0x68 sys/sc_write.32
                0x00000000c0015d69                Sys::write(regs*)
 .text          0x00000000c0015dd1       0x62 sys/sc_wsbe.32
                0x00000000c0015dd1                Sys::wsbe(regs*)
 .text          0x00000000c0015e33       0x38 sys/sc_yield.32
                0x00000000c0015e33                Sys::yield(regs*)
 .text          0x00000000c0015e6b      0xf8e sys/syscalls.32
                0x00000000c0015e6b                sysCallSeekDir(regs*)
                0x00000000c0015e70                sysCallTellDir(regs*)
                0x00000000c0015e75                sysCallVerify(regs*)
                0x00000000c0015e7f                sysCallGetArgc(regs*)
                0x00000000c0015e8f                sysFormatDisk(regs*)
                0x00000000c0015ef9                sysSetDiskVolumeLabel(regs*)
                0x00000000c0015f43                sysGetDiskVolumeLabel(regs*)
                0x00000000c0015f98                sysShutdown(regs*)
                0x00000000c0015ff6                sysCallRealpath(regs*)
                0x00000000c0016039                sysCallReadDir(regs*)
                0x00000000c00160b8                sysCallIsATTY(regs*)
                0x00000000c0016112                sysCallSeek(regs*)
                0x00000000c0016169                sysCallTell(regs*)
                0x00000000c00161d5                sysCallSize(regs*)
                0x00000000c0016247                sysCallSizeFromFilename(regs*)
                0x00000000c00162f6                sysCallClose(regs*)
                0x00000000c0016356                sysCallOpenDir(regs*)
                0x00000000c00163cb                sysCallCloseDir(regs*)
                0x00000000c001641f                sysCallMakeDir(regs*)
                0x00000000c001648f                sysCallWait(regs*)
                0x00000000c00164a9                sysCallNotImpl(regs*)
                0x00000000c00164c4                sysPanic(regs*)
                0x00000000c00164de                sysCallRmdir(regs*)
                0x00000000c0016542                sysCallUnlink(regs*)
                0x00000000c00165a6                sysCallGetArgv(regs*)
                0x00000000c00165f2                sysCallTTYName(regs*)
                0x00000000c0016675                sysCallUSleep(regs*)
                0x00000000c001669e                sysCallSpawn(regs*)
                0x00000000c0016706                sysCallGetEnv(regs*)
                0x00000000c00167b3                sysAppSettings(regs*)
                0x00000000c00168c7                sysSetFatAttrib(regs*)
                0x00000000c0016939                sysPipe(regs*)
                0x00000000c001697e                sysGetUnixTime(regs*)
                0x00000000c0016992                string_ends_with(char const*, char const*)
                0x00000000c00169da                sysCallOpen(regs*)
                0x00000000c0016bc2                Sys::loadSyscalls()
                0x00000000c0016db7                Sys::systemCall(regs*, void*)
 .text          0x00000000c0016df9     0x1203 thr/elf.32
                0x00000000c0016df9                Thr::allocateMemoryForTask(Process*, File*, unsigned long, unsigned long, unsigned long)
                0x00000000c00170a3                Thr::loadProgramIntoMemory(Process*, char const*)
                0x00000000c00172b9                Thr::runtimeReferenceHelper()
                0x00000000c00172cc                Thr::getAddressOfKernelSymbol(char const*)
                0x00000000c001731b                Thr::loadKernelSymbolTable(char const*)
                0x00000000c00175d9                Thr::loadDriverIntoMemory(char const*, unsigned long, bool)
                0x00000000c0017d0f                Thr::getDriverBaseFromAddress(unsigned long)
                0x00000000c0017d41                Thr::getDriverNameFromAddress(unsigned long)
                0x00000000c0017d78                Thr::getDriverOffsetFromAddress(unsigned long)
                0x00000000c0017d92                Thr::loadDLL(char const*, bool)
                0x00000000c0017fc3                Thr::executeDLL(unsigned long, void*)
 .text          0x00000000c0017ffc     0x12a9 thr/prcssthr.32
                0x00000000c0017ffc                userModeEntryPoint(void*)
                0x00000000c0018024                changeTSS
                0x00000000c0018054                switchToThread(ThreadControlBlock*)
                0x00000000c0018108                Process::addArgs(char**)
                0x00000000c0018168                Process::Process(char const*, Process*, char**)
                0x00000000c0018168                Process::Process(char const*, Process*, char**)
                0x00000000c0018354                Process::Process(bool, char const*, Process*, char**)
                0x00000000c0018354                Process::Process(bool, char const*, Process*, char**)
                0x00000000c001850c                taskStartupFunction
                0x00000000c0018518                Semaphore::Semaphore(int)
                0x00000000c0018518                Semaphore::Semaphore(int)
                0x00000000c0018548                Mutex::Mutex()
                0x00000000c0018548                Mutex::Mutex()
                0x00000000c001855c                Process::createThread(void (*)(void*), void*, int)
                0x00000000c0018654                Process::createUserThread()
                0x00000000c0018670                setupMultitasking(void (*)())
                0x00000000c0018778                schedule()
                0x00000000c0018804                Semaphore::tryAcquire()
                0x00000000c00188d0                Semaphore::assertLocked(char const*)
                0x00000000c0018948                blockTaskWithSchedulerLockAlreadyHeld(TaskState)
                0x00000000c0018970                blockTask(TaskState)
                0x00000000c00189a0                waitTask(int, int*, int)
                0x00000000c00189e4                milliTenthSleepUntil(unsigned int)
                0x00000000c0018a70                milliTenthSleep(unsigned int)
                0x00000000c0018a80                sleep(unsigned int)
                0x00000000c0018a9c                Semaphore::acquire()
                0x00000000c0018b58                taskReturned
                0x00000000c0018b94                Thr::processFromPID(int)
                0x00000000c0018c34                unblockTask(ThreadControlBlock*)
                0x00000000c0018cd8                cleanupTerminatedTask(ThreadControlBlock*)
                0x00000000c0018fa0                cleanerTaskFunction(void*)
                0x00000000c0019090                terminateTask(int)
                0x00000000c001915c                Thr::terminateFromIRQ(int)
                0x00000000c0019168                Semaphore::release()
 .text          0x00000000c00192a5      0xada vm86/vm8086.32
                0x00000000c00192a5                Vm::inbv(unsigned short)
                0x00000000c00192b8                Vm::outbv(unsigned short, unsigned char)
                0x00000000c00192ee                Vm::realToLinear(unsigned short, unsigned short)
                0x00000000c00192fe                Vm::getSegment(unsigned int)
                0x00000000c0019306                Vm::getOffset(unsigned int)
                0x00000000c001930b                Vm::mainloop2()
                0x00000000c0019345                Vm::mainVm8086Loop(void*)
                0x00000000c0019355                Vm::mainloop3(unsigned long)
                0x00000000c001937b                Vm::initialise8086()
                0x00000000c00193be                Vm::finish8086()
                0x00000000c001941f                Vm::getOutput8086(unsigned char*)
                0x00000000c0019444                Vm::start8086(char const*, unsigned short, unsigned short, unsigned short, unsigned short)
                0x00000000c00195ac                Vm::doISR(regs*, int, unsigned char*, unsigned short, unsigned short)
                0x00000000c0019636                Vm::readByteFromReal(unsigned short, unsigned short)
                0x00000000c0019647                Vm::readWordFromReal(unsigned short, unsigned short)
                0x00000000c0019659                Vm::readDwordFromReal(unsigned short, unsigned short)
                0x00000000c001966a                Vm::writeByteFromReal(unsigned short, unsigned short, unsigned char)
                0x00000000c001967f                Vm::writeWordFromReal(unsigned short, unsigned short, unsigned short)
                0x00000000c0019695                Vm::writeDwordFromReal(unsigned short, unsigned short, unsigned int)
                0x00000000c00196aa                Vm::faultHandler(regs*)
 *fill*         0x00000000c0019d7f        0x1 
 .text          0x00000000c0019d80      0xfcd vm86/x87em.32
                0x00000000c0019d80                Vm::fpuInternalTo32(unsigned long long)
                0x00000000c0019dde                Vm::fpuInternalTo64(unsigned long long)
                0x00000000c0019de7                Vm::fpu32ToInternal(unsigned int)
                0x00000000c0019e2c                Vm::fpu64ToInternal(unsigned long long)
                0x00000000c0019e35                Vm::fpuFloatToLong(unsigned long long)
                0x00000000c0019e94                Vm::fpuULongToFloat(unsigned long long)
                0x00000000c0019ed0                Vm::fpuLongToFloat(long long)
                0x00000000c0019f2f                Vm::fpuGet0()
                0x00000000c0019f34                Vm::fpuGet1()
                0x00000000c0019f3c                Vm::fpuGetPi()
                0x00000000c0019f44                Vm::fpuGetLog2E()
                0x00000000c0019f5c                Vm::fpuGetLogE2()
                0x00000000c0019f74                Vm::fpuGetLog210()
                0x00000000c0019f8c                Vm::fpuGetLog102()
                0x00000000c0019fa4                Vm::fpuIsSecondLarger(unsigned long long, unsigned long long)
                0x00000000c0019fb8                Vm::fpuAreEqual(unsigned long long, unsigned long long)
                0x00000000c0019fce                Vm::fpuUnorderedCompare(unsigned long long, unsigned long long)
                0x00000000c001a024                Vm::fpuAdd(unsigned long long, unsigned long long)
                0x00000000c001a035                Vm::fpuAbs(unsigned long long)
                0x00000000c001a03e                Vm::fpuChs(unsigned long long)
                0x00000000c001a04e                Vm::fpuSub(unsigned long long, unsigned long long)
                0x00000000c001a05d                Vm::fpuMultiply(unsigned long long, unsigned long long)
                0x00000000c001a07c                Vm::fpuDivide(unsigned long long, unsigned long long)
                0x00000000c001a098                Vm::fpuSquare(unsigned long long)
                0x00000000c001a0ae                Vm::fpuGetReg(int)
                0x00000000c001a0f1                Vm::fpuSetReg(int, unsigned long long)
                0x00000000c001a13d                Vm::fpuPush(unsigned long long)
                0x00000000c001a19b                Vm::fpuPop()
                0x00000000c001a1ee                Vm::x87Handler(regs*)
 *fill*         0x00000000c001ad4d        0x3 
 .text          0x00000000c001ad50     0x13b7 fs/fat/vfslink.32
                0x00000000c001ad50                FAT::getName()
                0x00000000c001ad58                FAT::tell(void*, unsigned long long*)
                0x00000000c001ad94                FAT::stat(void*, unsigned long long*)
                0x00000000c001add0                FAT::~FAT()
                0x00000000c001add0                FAT::~FAT()
                0x00000000c001adf4                FAT::~FAT()
                0x00000000c001ae1c                FAT::getlabel(LogicalDisk*, int, char*, unsigned int*)
                0x00000000c001aec0                FAT::setlabel(LogicalDisk*, int, char*)
                0x00000000c001af84                FAT::format(LogicalDisk*, int, char const*, int)
                0x00000000c001b158                FAT::tryMount(LogicalDisk*, int)
                0x00000000c001b370                FAT::allocateSwapfile(char const*, int)
                0x00000000c001b52c                FAT::readDir(void*, unsigned long, void*, int*)
                0x00000000c001b698                FAT::read(void*, unsigned long, void*, int*)
                0x00000000c001b6f8                FAT::write(void*, unsigned long, void*, int*)
                0x00000000c001b758                FAT::close(void*)
                0x00000000c001b7ac                FAT::closeDir(void*)
                0x00000000c001b800                FAT::seek(void*, unsigned long long)
                0x00000000c001b85c                fatWrapperReadDisk
                0x00000000c001b8a4                fatWrapperWriteDisk
                0x00000000c001b8ec                fatWrapperIoctl
                0x00000000c001b9fc                FAT::FAT()
                0x00000000c001b9fc                FAT::FAT()
                0x00000000c001ba50                FAT::fixFilepath(char*)
                0x00000000c001ba8c                FAT::open(char const*, void**, FileOpenMode)
                0x00000000c001bbc0                FAT::openDir(char const*, void**)
                0x00000000c001bc70                FAT::stat(char const*, unsigned long long*, bool*)
                0x00000000c001bd64                FAT::unlink(char const*)
                0x00000000c001bde4                FAT::chfatattr(char const*, unsigned char, unsigned char)
                0x00000000c001bf4c                FAT::rename(char const*, char const*)
                0x00000000c001c018                FAT::mkdir(char const*)
                0x00000000c001c098                FAT::exists(char const*)
 *fill*         0x00000000c001c107        0x1 
 .text          0x00000000c001c108      0xba7 fs/iso9660/vfslink.32
                0x00000000c001c108                ISO9660::format(LogicalDisk*, int, char const*, int)
                0x00000000c001c10e                ISO9660::seek(void*, unsigned long long)
                0x00000000c001c13e                ISO9660::tell(void*, unsigned long long*)
                0x00000000c001c162                ISO9660::getName()
                0x00000000c001c168                ISO9660::stat(void*, unsigned long long*)
                0x00000000c001c18c                ISO9660::chfatattr(char const*, unsigned char, unsigned char)
                0x00000000c001c192                ISO9660::unlink(char const*)
                0x00000000c001c198                ISO9660::write(void*, unsigned long, void*, int*)
                0x00000000c001c19e                ISO9660::rename(char const*, char const*)
                0x00000000c001c1a4                ISO9660::mkdir(char const*)
                0x00000000c001c1aa                ISO9660::close(void*)
                0x00000000c001c1cc                ISO9660::closeDir(void*)
                0x00000000c001c1ee                ISO9660::~ISO9660()
                0x00000000c001c1ee                ISO9660::~ISO9660()
                0x00000000c001c212                ISO9660::~ISO9660()
                0x00000000c001c239                __memmem(unsigned char*, int, unsigned char*, int)
                0x00000000c001c27b                readSectorFromCDROM(unsigned int, unsigned char*, char)
                0x00000000c001c2f6                ISO9660::tryMount(LogicalDisk*, int)
                0x00000000c001c356                ISO9660::read(void*, unsigned long, void*, int*)
                0x00000000c001c55a                ISO9660::readDir(void*, unsigned long, void*, int*)
                0x00000000c001c7d4                readRoot(unsigned int*, unsigned int*, char)
                0x00000000c001c828                readRecursively(char*, unsigned int, unsigned int, unsigned int*, unsigned int*, char, int*)
                0x00000000c001c9fe                getFileData(char*, unsigned int*, unsigned int*, char, int*)
                0x00000000c001ca8c                ISO9660::open(char const*, void**, FileOpenMode)
                0x00000000c001cb3a                ISO9660::exists(char const*)
                0x00000000c001cb5e                ISO9660::stat(char const*, unsigned long long*, bool*)
                0x00000000c001cbf2                ISO9660::openDir(char const*, void**)
                0x00000000c001cc8c                ISO9660::ISO9660()
                0x00000000c001cc8c                ISO9660::ISO9660()
 *fill*         0x00000000c001ccaf        0x1 
 .text          0x00000000c001ccb0      0x298 hal/sound/sndcard.32
                0x00000000c001ccb0                SoundCard::beginPlayback()
                0x00000000c001ccbe                SoundCard::stopPlayback()
                0x00000000c001cccc                SoundCard::SoundCard(char const*)
                0x00000000c001cccc                SoundCard::SoundCard(char const*)
                0x00000000c001cd6a                SoundCard::~SoundCard()
                0x00000000c001cd6a                SoundCard::~SoundCard()
                0x00000000c001cd8e                SoundCard::~SoundCard()
                0x00000000c001cdb8                SoundCard::configureRates(int, int, int)
                0x00000000c001cde8                SoundCard::getSamples16(int, short*)
                0x00000000c001ce52                SoundCard::getSamples32(int, int*)
                0x00000000c001ced8                SoundCard::addChannel(SoundPort*)
                0x00000000c001cf34                SoundCard::removeChannel(int)
 .text          0x00000000c001cf48      0x3fb hal/sound/sndport.32
                0x00000000c001cf48                SoundPort::SoundPort(int, int, int, int)
                0x00000000c001cf48                SoundPort::SoundPort(int, int, int, int)
                0x00000000c001cfd4                SoundPort::~SoundPort()
                0x00000000c001cfd4                SoundPort::~SoundPort()
                0x00000000c001d008                SoundPort::unpause()
                0x00000000c001d014                SoundPort::pause()
                0x00000000c001d020                SoundPort::getBufferUsed()
                0x00000000c001d028                SoundPort::getBufferSize()
                0x00000000c001d030                SoundPort::buffer16(short*, int)
                0x00000000c001d0e4                SoundPort::buffer32(int*, int)
                0x00000000c001d190                SoundPort::unbufferAndAdd16(int, short*, SoundCard*)
                0x00000000c001d28c                SoundPort::unbufferAndAdd32(int, int*, SoundCard*)
 .text          0x00000000c001d343        0x0 hw/bus/isa.32
 *fill*         0x00000000c001d343        0x1 
 .text          0x00000000c001d344     0x1187 hw/bus/pci.32
                0x00000000c001d344                PCI::open(int, int, void*)
                0x00000000c001d362                PCI::close(int, int, void*)
                0x00000000c001d366                PCI::PCI()
                0x00000000c001d366                PCI::PCI()
                0x00000000c001d3fc                PCI::readBAR8(unsigned int, int)
                0x00000000c001d418                PCI::readBAR16(unsigned int, int)
                0x00000000c001d436                PCI::readBAR32(unsigned int, int)
                0x00000000c001d452                PCI::writeBAR8(unsigned int, unsigned char, int)
                0x00000000c001d472                PCI::writeBAR16(unsigned int, unsigned short, int)
                0x00000000c001d494                PCI::writeBAR32(unsigned int, unsigned int, int)
                0x00000000c001d4b4                PCI::legacyMechanism(unsigned char, unsigned char, unsigned char, unsigned char)
                0x00000000c001d522                PCI::pciReadWord(unsigned char, unsigned char, unsigned char, unsigned char)
                0x00000000c001d5ca                PCI::getVendorID(unsigned char, unsigned char, unsigned char)
                0x00000000c001d5ee                PCI::getHeaderType(unsigned char, unsigned char, unsigned char)
                0x00000000c001d616                PCI::getClassCode(unsigned char, unsigned char, unsigned char)
                0x00000000c001d660                PCI::getProgIF(unsigned char, unsigned char, unsigned char)
                0x00000000c001d688                PCI::getRevisionID(unsigned char, unsigned char, unsigned char)
                0x00000000c001d6ac                PCI::getInterruptNumber(unsigned char, unsigned char, unsigned char)
                0x00000000c001d6d0                PCI::getSecondaryBus(unsigned char, unsigned char, unsigned char)
                0x00000000c001d6f8                PCI::getBARAddress(unsigned char, unsigned char, unsigned char, unsigned char)
                0x00000000c001d75c                PCI::pciWriteWord(unsigned char, unsigned char, unsigned char, unsigned char, unsigned short)
                0x00000000c001d844                PCI::pciDetailsToFilepath(PCIDeviceInfo, char*)
                0x00000000c001dc36                PCI::checkBus(unsigned char)
                0x00000000c001dc5a                PCI::foundDevice(PCIDeviceInfo)
                0x00000000c001e09a                PCI::getDeviceData(unsigned char, unsigned char, unsigned char)
                0x00000000c001e40c                PCI::checkDevice(unsigned char, unsigned char)
                0x00000000c001e478                PCI::detect()
 *fill*         0x00000000c001e4cb        0x1 
 .text          0x00000000c001e4cc      0xb4a hw/diskctrl/ide.32
                0x00000000c001e4cc                IDE::close(int, int, void*)
                0x00000000c001e4d0                IDE::IDE()
                0x00000000c001e4d0                IDE::IDE()
                0x00000000c001e504                IDE::prepareInterrupt(unsigned char)
                0x00000000c001e516                selectDrive(unsigned char, unsigned char)
                0x00000000c001e518                IDE::getBase(unsigned char)
                0x00000000c001e52a                IDE::write(unsigned char, unsigned char, unsigned char)
                0x00000000c001e5ea                IDE::read(unsigned char, unsigned char)
                0x00000000c001e698                IDE::waitInterrupt(unsigned char)
                0x00000000c001e6fa                ideChannel0IRQHandler(regs*, void*)
                0x00000000c001e716                ideChannel1IRQHandler(regs*, void*)
                0x00000000c001e732                IDE::enableIRQs(unsigned char, bool)
                0x00000000c001e778                IDE::open(int, int, void*)
                0x00000000c001eb86                IDE::readBuffer(unsigned char, unsigned char, unsigned int, unsigned int)
                0x00000000c001ec52                IDE::detect()
                0x00000000c001ef12                IDE::printError(unsigned char, unsigned char, unsigned char)
                0x00000000c001efc2                IDE::polling(unsigned char, unsigned int)
 .text          0x00000000c001f016      0x458 hw/diskctrl/satabus.32
                0x00000000c001f016                SATABus::close(int, int, void*)
                0x00000000c001f01a                SATABus::detect()
                0x00000000c001f01c                SATABus::SATABus()
                0x00000000c001f01c                SATABus::SATABus()
                0x00000000c001f0a2                SATABus::findCmdslot(SATABus::tagHBA_PORT volatile*)
                0x00000000c001f0d4                SATABus::checkType(SATABus::tagHBA_PORT volatile*)
                0x00000000c001f11c                SATABus::startCmd(SATABus::tagHBA_PORT volatile*)
                0x00000000c001f13c                SATABus::stopCmd(SATABus::tagHBA_PORT volatile*)
                0x00000000c001f166                SATABus::portRebase(SATABus::tagHBA_PORT volatile*, int)
                0x00000000c001f26c                SATABus::probePort(SATABus::tagHBA_MEM volatile*)
                0x00000000c001f44e                SATABus::open(int, int, void*)
 .text          0x00000000c001f46e      0x684 hw/diskphys/ata.32
                0x00000000c001f46e                ATA::close(int, int, void*)
                0x00000000c001f492                ATA::powerSaving(PowerSavingLevel)
                0x00000000c001f494                ATA::ATA()
                0x00000000c001f494                ATA::ATA()
                0x00000000c001f4c2                ATA::flush(bool)
                0x00000000c001f50c                ATA::readyForCommand()
                0x00000000c001f558                ATA::access(unsigned long long, int, void*, bool)
                0x00000000c001f94e                ATA::read(unsigned long long, int, void*)
                0x00000000c001f99a                ATA::write(unsigned long long, int, void*)
                0x00000000c001f9fc                ATA::detectCHS()
                0x00000000c001fa26                ATA::open(int, int, void*)
 .text          0x00000000c001faf2      0x645 hw/diskphys/atapi.32
                0x00000000c001faf2                ATAPI::write(unsigned long long, int, void*)
                0x00000000c001faf8                ATAPI::close(int, int, void*)
                0x00000000c001fb1c                ATAPI::ATAPI()
                0x00000000c001fb1c                ATAPI::ATAPI()
                0x00000000c001fb4a                ATAPI::readyForCommand()
                0x00000000c001fb9c                ATAPI::sendPacket(unsigned char*, int, bool, unsigned short*, int)
                0x00000000c001fe5c                ATAPI::diskRemoved()
                0x00000000c001feb8                ATAPI::eject()
                0x00000000c001ff00                ATAPI::diskInserted()
                0x00000000c001ff1c                ATAPI::detectMedia()
                0x00000000c001ffd8                ATAPI::open(int, int, void*)
                0x00000000c00200b8                ATAPI::read(unsigned long long, int, void*)
 *fill*         0x00000000c0020137        0x1 
 .text          0x00000000c0020138      0xa68 hw/diskphys/sata.32
                0x00000000c0020138                SATA::close(int, int, void*)
                0x00000000c002015c                SATA::powerSaving(PowerSavingLevel)
                0x00000000c002015e                SATA::open(int, int, void*)
                0x00000000c0020354                SATA::SATA()
                0x00000000c0020354                SATA::SATA()
                0x00000000c0020382                SATA::access(unsigned long long, int, void*, bool)
                0x00000000c002097a                SATA::read(unsigned long long, int, void*)
                0x00000000c0020a7a                SATA::write(unsigned long long, int, void*)
 .text          0x00000000c0020ba0      0x6d4 hw/diskphys/satapi.32
                0x00000000c0020ba0                SATAPI::write(unsigned long long, int, void*)
                0x00000000c0020ba6                SATAPI::close(int, int, void*)
                0x00000000c0020bca                SATAPI::SATAPI()
                0x00000000c0020bca                SATAPI::SATAPI()
                0x00000000c0020bf8                SATAPI::diskRemoved()
                0x00000000c0020c54                SATAPI::diskInserted()
                0x00000000c0020c70                SATAPI::sendPacket(unsigned char*, int, unsigned long long, unsigned short*, int)
                0x00000000c0020f04                SATAPI::eject()
                0x00000000c0020f5c                SATAPI::detectMedia()
                0x00000000c002109c                SATAPI::open(int, int, void*)
                0x00000000c002119c                SATAPI::read(unsigned long long, int, void*)
 .text          0x00000000c0021274       0x94 hw/fpu/avx.32
                0x00000000c0021274                AVX::open(int, int, void*)
                0x00000000c0021288                AVX::close(int, int, void*)
                0x00000000c002129c                AVX::available()
                0x00000000c00212b0                AVX::save(void*)
                0x00000000c00212c8                AVX::load(void*)
                0x00000000c00212e0                AVX::AVX()
                0x00000000c00212e0                AVX::AVX()
 .text          0x00000000c0021308       0x94 hw/fpu/mmx.32
                0x00000000c0021308                MMX::available()
                0x00000000c002131c                MMX::open(int, int, void*)
                0x00000000c0021330                MMX::close(int, int, void*)
                0x00000000c0021344                MMX::save(void*)
                0x00000000c002135c                MMX::load(void*)
                0x00000000c0021374                MMX::MMX()
                0x00000000c0021374                MMX::MMX()
 .text          0x00000000c002139c       0x9c hw/fpu/sse.32
                0x00000000c002139c                SSE::open(int, int, void*)
                0x00000000c00213b0                SSE::close(int, int, void*)
                0x00000000c00213c4                SSE::available()
                0x00000000c00213e0                SSE::save(void*)
                0x00000000c00213f8                SSE::load(void*)
                0x00000000c0021410                SSE::SSE()
                0x00000000c0021410                SSE::SSE()
 .text          0x00000000c0021438       0x94 hw/fpu/x87.32
                0x00000000c0021438                x87::open(int, int, void*)
                0x00000000c002144c                x87::close(int, int, void*)
                0x00000000c0021460                x87::available()
                0x00000000c0021474                x87::save(void*)
                0x00000000c002148c                x87::load(void*)
                0x00000000c00214a4                x87::x87()
                0x00000000c00214a4                x87::x87()
 .text          0x00000000c00214cc      0x71e hw/intctrl/apic.32
                0x00000000c00214cc                APIC::disable()
                0x00000000c00214ce                APIC::close(int, int, void*)
                0x00000000c00214f0                IOAPIC::close(int, int, void*)
                0x00000000c00214f6                APIC::io_wait()
                0x00000000c00214fc                APIC::getBase()
                0x00000000c002153e                APIC::eoi(unsigned char)
                0x00000000c002156c                APIC::open(int, int, void*)
                0x00000000c00216ba                IOAPIC::IOAPIC()
                0x00000000c00216ba                IOAPIC::IOAPIC()
                0x00000000c00216e2                APIC::APIC()
                0x00000000c00216e2                APIC::APIC()
                0x00000000c00217be                IOAPIC::handlesGSIWithNumber(unsigned int)
                0x00000000c00217f0                IOAPIC::read(int)
                0x00000000c0021818                IOAPIC::open(int, int, void*)
                0x00000000c002190e                IOAPIC::write(int, int)
                0x00000000c002193a                IOAPIC::redirect(unsigned char, unsigned long long, unsigned char, bool, bool)
                0x00000000c0021a34                APIC::installIRQHandler(int, void (*)(regs*, void*), bool, void*)
 .text          0x00000000c0021bea      0x3d3 hw/intctrl/pic.32
                0x00000000c0021bea                PIC::disable()
                0x00000000c0021c18                PIC::close(int, int, void*)
                0x00000000c0021c3a                PIC::PIC()
                0x00000000c0021c3a                PIC::PIC()
                0x00000000c0021d10                PIC::ioWait()
                0x00000000c0021d16                PIC::getIRQReg(int)
                0x00000000c0021d80                PIC::eoi(unsigned char)
                0x00000000c0021e12                PIC::remap()
                0x00000000c0021f7e                PIC::open(int, int, void*)
 *fill*         0x00000000c0021fbd        0x3 
 .text          0x00000000c0021fc0      0x240 hw/timer/apictimer.32
                0x00000000c0021fc0                APICTimer::close(int, int, void*)
                0x00000000c0021fc8                apicTimerHandler(regs*, void*)
                0x00000000c0021ff0                APICTimer::write(int)
                0x00000000c00220d8                APICTimer::open(int, int, void*)
                0x00000000c00221d8                APICTimer::APICTimer()
                0x00000000c00221d8                APICTimer::APICTimer()
 .text          0x00000000c0022200      0x1a3 hw/timer/pit.32
                0x00000000c0022200                PIT::write(int)
                0x00000000c0022280                pitHandler(regs*, void*)
                0x00000000c00222a4                PIT::open(int, int, void*)
                0x00000000c00222f4                PIT::close(int, int, void*)
                0x00000000c0022324                PIT::PIT()
                0x00000000c0022324                PIT::PIT()
 *fill*         0x00000000c00223a3        0xd 
 .text          0x00000000c00223b0       0x1e hw/fpu/x86/avx.32
                0x00000000c00223b0                avxDetect
                0x00000000c00223b6                avxSave
                0x00000000c00223b7                avxLoad
                0x00000000c00223b8                avxInit
                0x00000000c00223b9                avxClose
                0x00000000c00223ba                wouldSheSayYes
 *fill*         0x00000000c00223ce        0x2 
 .text          0x00000000c00223d0       0x35 hw/fpu/x86/sse.32
                0x00000000c00223d0                absolutelyNoChanceInHell
                0x00000000c00223d0                sseDetect
                0x00000000c00223e8                sseSave
                0x00000000c00223ee                sseLoad
                0x00000000c00223f4                sseInit
                0x00000000c0022404                sseClose
 *fill*         0x00000000c0022405        0xb 
 .text          0x00000000c0022410       0x4d hw/fpu/x86/x87.32
                0x00000000c0022416                x87Detect
                0x00000000c0022431                x87Save
                0x00000000c002243a                x87Load
                0x00000000c0022442                x87Init
                0x00000000c002245c                x87Close
 *fill*         0x00000000c002245d        0x3 
 .text          0x00000000c0022460       0x25 /cygdrive/d/Users/Alex/Desktop/Toolchain/Output/bin/../lib/gcc/i386-banana/8.1.0/crtend.o
 .text          0x00000000c0022485        0x0 crtn.32
 *fill*         0x00000000c0022485        0x3 
 .text          0x00000000c0022488      0x14b /cygdrive/d/Users/Alex/Desktop/Toolchain/Output/bin/../lib/gcc/i386-banana/8.1.0/libkgcc.a(_divdi3.o)
                0x00000000c0022488                __divdi3
 *fill*         0x00000000c00225d3        0x1 
 .text          0x00000000c00225d4      0x17e /cygdrive/d/Users/Alex/Desktop/Toolchain/Output/bin/../lib/gcc/i386-banana/8.1.0/libkgcc.a(_moddi3.o)
                0x00000000c00225d4                __moddi3
 *fill*         0x00000000c0022752        0x2 
 .text          0x00000000c0022754       0xff /cygdrive/d/Users/Alex/Desktop/Toolchain/Output/bin/../lib/gcc/i386-banana/8.1.0/libkgcc.a(_udivdi3.o)
                0x00000000c0022754                __udivdi3
 *fill*         0x00000000c0022853        0x1 
 .text          0x00000000c0022854      0x11a /cygdrive/d/Users/Alex/Desktop/Toolchain/Output/bin/../lib/gcc/i386-banana/8.1.0/libkgcc.a(_umoddi3.o)
                0x00000000c0022854                __umoddi3
 *(.gnu.linkonce.t*)

.iplt           0x00000000c0022970        0x0
 .iplt          0x00000000c0022970        0x0 D:/Users/Alex/Desktop/Banana/kernel/boot.32

.init           0x00000000c002296e        0xf
 .init          0x00000000c002296e        0x3 crti.32
                0x00000000c002296e                _init
 .init          0x00000000c0022971        0x5 /cygdrive/d/Users/Alex/Desktop/Toolchain/Output/bin/../lib/gcc/i386-banana/8.1.0/crtbegin.o
 .init          0x00000000c0022976        0x5 /cygdrive/d/Users/Alex/Desktop/Toolchain/Output/bin/../lib/gcc/i386-banana/8.1.0/crtend.o
 .init          0x00000000c002297b        0x2 crtn.32

.fini           0x00000000c002297d        0xa
 .fini          0x00000000c002297d        0x3 crti.32
                0x00000000c002297d                _fini
 .fini          0x00000000c0022980        0x5 /cygdrive/d/Users/Alex/Desktop/Toolchain/Output/bin/../lib/gcc/i386-banana/8.1.0/crtbegin.o
 .fini          0x00000000c0022985        0x2 crtn.32

.text._ZN8ComputerD2Ev
                0x00000000c0022988       0x23
 .text._ZN8ComputerD2Ev
                0x00000000c0022988       0x23 core/computer.32
                0x00000000c0022988                Computer::~Computer()
                0x00000000c0022988                Computer::~Computer()

.text._ZN8ComputerD0Ev
                0x00000000c00229ac       0x2a
 .text._ZN8ComputerD0Ev
                0x00000000c00229ac       0x2a core/computer.32
                0x00000000c00229ac                Computer::~Computer()

.text._Z10idleCommonv
                0x00000000c00229d6       0x21
 .text._Z10idleCommonv
                0x00000000c00229d6       0x21 core/idle.32
                0x00000000c00229d6                idleCommon()

.text._ZN10LinkedListI8UnixFileED2Ev
                0x00000000c00229f8        0x2
 .text._ZN10LinkedListI8UnixFileED2Ev
                0x00000000c00229f8        0x2 core/unixfile.32
                0x00000000c00229f8                LinkedList<UnixFile>::~LinkedList()
                0x00000000c00229f8                LinkedList<UnixFile>::~LinkedList()

.text._ZN10LinkedListI8UnixFileEC2Ev
                0x00000000c00229fa       0x42
 .text._ZN10LinkedListI8UnixFileEC2Ev
                0x00000000c00229fa       0x42 core/unixfile.32