Archive member included to satisfy reference by file (symbol)

/cygdrive/d/Users/Alex/Desktop/Toolchain/Output/bin/../lib/gcc/i386-banana/8.1.0/libkgcc.a(_divdi3.o)
                              fs/fat/ff.32 (__divdi3)
/cygdrive/d/Users/Alex/Desktop/Toolchain/Output/bin/../lib/gcc/i386-banana/8.1.0/libkgcc.a(_moddi3.o)
                              compat/resolve.32 (__moddi3)
/cygdrive/d/Users/Alex/Desktop/Toolchain/Output/bin/../lib/gcc/i386-banana/8.1.0/libkgcc.a(_udivdi3.o)
                              fs/fat/ff.32 (__udivdi3)
/cygdrive/d/Users/Alex/Desktop/Toolchain/Output/bin/../lib/gcc/i386-banana/8.1.0/libkgcc.a(_umoddi3.o)
                              compat/resolve.32 (__umoddi3)
D:/Users/Alex/Desktop/Banana/kernel/libsoftfp.a(sfieeelib.o)
                              hal/sound/sndhw.32 (__addsf3)
D:/Users/Alex/Desktop/Banana/kernel/libsoftfp.a(dfieeelib.o)
                              hal/libresample/src_linear.32 (__adddf3)
D:/Users/Alex/Desktop/Banana/kernel/libsoftfp.a(sfdfcvt.o)
                              hal/libresample/samplerate.32 (__truncdfsf2)
D:/Users/Alex/Desktop/Banana/kernel/libk/libm32.a(s_fabs.c.o)
                              hal/libresample/samplerate.32 (fabs)
D:/Users/Alex/Desktop/Banana/kernel/libk/libm32.a(s_lrint.S.o)
                              hal/libresample/samplerate.32 (lrint)
D:/Users/Alex/Desktop/Banana/kernel/libk/libm32.a(s_lrintf.S.o)
                              hal/sound/sndhw.32 (lrintf)

Discarded input sections

 .comment       0x0000000000000000       0x12 /cygdrive/d/Users/Alex/Desktop/Toolchain/Output/bin/../lib/gcc/i386-banana/8.1.0/crtbegin.o
 .comment       0x0000000000000000       0x12 acpica/utclib.32
 .comment       0x0000000000000000       0x12 core/malloc.32
 .comment       0x0000000000000000       0x12 libk/string.32
 .comment       0x0000000000000000       0x12 fs/fat/diskio.32
 .comment       0x0000000000000000       0x12 fs/fat/ff.32
 .comment       0x0000000000000000       0x12 fs/fat/ffsystem.32
 .comment       0x0000000000000000       0x12 fs/fat/ffunicode.32
 .comment       0x0000000000000000       0x12 hal/libresample/samplerate.32
 .comment       0x0000000000000000       0x12 hal/libresample/src_linear.32
 .comment       0x0000000000000000       0x12 hal/libresample/src_sinc.32
 .comment       0x0000000000000000       0x12 hal/libresample/src_zoh.32
 .comment       0x0000000000000000       0x12 compat/inlines.32
 .comment       0x0000000000000000       0x12 compat/resolve.32
 .group         0x0000000000000000       0x14 core/computer.32
 .group         0x0000000000000000        0xc core/computer.32
 .comment       0x0000000000000000       0x12 core/computer.32
 .comment       0x0000000000000000       0x12 core/gdt.32
 .group         0x0000000000000000        0xc core/idle.32
 .comment       0x0000000000000000       0x12 core/idle.32
 .comment       0x0000000000000000       0x12 core/idt.32
 .comment       0x0000000000000000       0x12 core/kheap.32
 .comment       0x0000000000000000       0x12 core/main.32
 .comment       0x0000000000000000       0x12 core/physmgr.32
 .group         0x0000000000000000        0xc core/pipe.32
 .comment       0x0000000000000000       0x12 core/pipe.32
 .group         0x0000000000000000        0xc core/terminal.32
 .comment       0x0000000000000000       0x12 core/terminal.32
 .comment       0x0000000000000000       0x12 core/tss.32
 .group         0x0000000000000000        0x8 core/unixfile.32
 .group         0x0000000000000000        0xc core/unixfile.32
 .group         0x0000000000000000        0xc core/unixfile.32
 .group         0x0000000000000000        0x8 core/unixfile.32
 .group         0x0000000000000000        0xc core/unixfile.32
 .group         0x0000000000000000        0x8 core/unixfile.32
 .group         0x0000000000000000        0xc core/unixfile.32
 .group         0x0000000000000000        0xc core/unixfile.32
 .comment       0x0000000000000000       0x12 core/unixfile.32
 .comment       0x0000000000000000       0x12 core/virtmgr.32
 .comment       0x0000000000000000       0x12 coreobjs/c++.32
 .comment       0x0000000000000000       0x12 dbg/kconsole.32
 .group         0x0000000000000000        0xc fs/vfs.32
 .group         0x0000000000000000        0xc fs/vfs.32
 .group         0x0000000000000000        0xc fs/vfs.32
 .comment       0x0000000000000000       0x12 fs/vfs.32
 .group         0x0000000000000000        0xc hal/bus.32
 .comment       0x0000000000000000       0x12 hal/bus.32
 .group         0x0000000000000000        0xc hal/buzzer.32
 .comment       0x0000000000000000       0x12 hal/buzzer.32
 .group         0x0000000000000000        0xc hal/clock.32
 .comment       0x0000000000000000       0x12 hal/clock.32
 .group         0x0000000000000000       0x14 hal/device.32
 .group         0x0000000000000000        0xc hal/device.32
 .group         0x0000000000000000        0xc hal/device.32
 .group         0x0000000000000000        0xc hal/device.32
[...]
Memory Configuration

Name             Origin             Length             Attributes
*default*        0x0000000000000000 0xffffffffffffffff

Linker script and memory map

LOAD D:/Users/Alex/Desktop/Banana/kernel/boot.32
LOAD crti.32
LOAD /cygdrive/d/Users/Alex/Desktop/Toolchain/Output/bin/../lib/gcc/i386-banana/8.1.0/crtbegin.o
LOAD D:/Users/Alex/Desktop/Banana/kernel/morenasm.32
LOAD acpica/utclib.32
LOAD core/malloc.32
LOAD libk/string.32
LOAD fs/fat/diskio.32
LOAD fs/fat/ff.32
LOAD fs/fat/ffsystem.32
LOAD fs/fat/ffunicode.32
LOAD hal/libresample/samplerate.32
LOAD hal/libresample/src_linear.32
LOAD hal/libresample/src_sinc.32
LOAD hal/libresample/src_zoh.32
LOAD compat/inlines.32
LOAD compat/resolve.32
LOAD core/computer.32
LOAD core/gdt.32
LOAD core/idle.32
LOAD core/idt.32
LOAD core/kheap.32
LOAD core/main.32
LOAD core/physmgr.32
LOAD core/pipe.32
LOAD core/terminal.32
LOAD core/tss.32
LOAD core/unixfile.32
LOAD core/virtmgr.32
LOAD coreobjs/c++.32
LOAD dbg/kconsole.32
LOAD fs/vfs.32
LOAD hal/bus.32
LOAD hal/buzzer.32
LOAD hal/clock.32
LOAD hal/device.32
LOAD hal/diskctrl.32
LOAD hal/diskphys.32
LOAD hal/fpu.32
LOAD hal/intctrl.32
LOAD hal/keybrd.32
LOAD hal/logidisk.32
LOAD hal/mouse.32
LOAD hal/partition.32
LOAD hal/serial.32
LOAD hal/timer.32
LOAD hal/vcache.32
LOAD hal/video.32
LOAD hw/acpi.32
LOAD hw/cpu.32
LOAD hw/ports.32
LOAD hw/smp.32
LOAD krnl/env.32
LOAD krnl/panic.32
LOAD net/ethernet.32
LOAD reg/registry.32
LOAD sys/sc_eject.32
LOAD sys/sc_exit.32
LOAD sys/sc_getcwd.32
LOAD sys/sc_getpid.32
LOAD sys/sc_getramdata.32
LOAD sys/sc_loaddll.32
LOAD sys/sc_read.32
LOAD sys/sc_sbrk.32
LOAD sys/sc_setcwd.32
LOAD sys/sc_settime.32
LOAD sys/sc_timezone.32
LOAD sys/sc_write.32
LOAD sys/sc_wsbe.32
LOAD sys/sc_yield.32
LOAD sys/syscalls.32
LOAD thr/elf.32
LOAD thr/prcssthr.32
LOAD vm86/vm8086.32
LOAD vm86/x87em.32
LOAD fs/fat/vfslink.32
LOAD fs/iso9660/vfslink.32
LOAD hal/sound/sndchannel.32
LOAD hal/sound/sndhw.32
LOAD hw/bus/isa.32
LOAD hw/bus/pci.32
LOAD hw/diskctrl/ide.32
LOAD hw/diskctrl/satabus.32
LOAD hw/diskphys/ata.32
LOAD hw/diskphys/atapi.32
LOAD hw/diskphys/sata.32
LOAD hw/diskphys/satapi.32
LOAD hw/fpu/avx.32
LOAD hw/fpu/mmx.32
LOAD hw/fpu/sse.32
LOAD hw/fpu/x87.32
LOAD hw/intctrl/apic.32
LOAD hw/intctrl/pic.32
LOAD hw/timer/apictimer.32
LOAD hw/timer/pit.32
LOAD hw/fpu/x86/avx.32
LOAD hw/fpu/x86/sse.32
LOAD hw/fpu/x86/x87.32
LOAD /cygdrive/d/Users/Alex/Desktop/Toolchain/Output/bin/../lib/gcc/i386-banana/8.1.0/crtend.o
LOAD crtn.32
LOAD /cygdrive/d/Users/Alex/Desktop/Toolchain/Output/bin/../lib/gcc/i386-banana/8.1.0/libkgcc.a
LOAD D:/Users/Alex/Desktop/Banana/kernel/libsoftfp.a
LOAD D:/Users/Alex/Desktop/Banana/kernel/libk/libm32.a
                0x00000000c0000000                . = 0xc0000000

.text           0x00000000c0000000    0x28688
 *(.text)
 .text          0x00000000c0000000       0x41 D:/Users/Alex/Desktop/Banana/kernel/boot.32
                0x00000000c0000020                callGlobalConstructors
 .text          0x00000000c0000041        0x0 crti.32
 *fill*         0x00000000c0000041        0x3 
 .text          0x00000000c0000044      0x101 /cygdrive/d/Users/Alex/Desktop/Toolchain/Output/bin/../lib/gcc/i386-banana/8.1.0/crtbegin.o
 *fill*         0x00000000c0000145        0xb 
 .text          0x00000000c0000150      0x4ed D:/Users/Alex/Desktop/Banana/kernel/morenasm.32
                0x00000000c0000150                manualPCIProbe
                0x00000000c000019b                prepareTramp
                0x00000000c00001b4                voodooXADD
                0x00000000c000027f                doTPAUSE
                0x00000000c0000289                hasLegacyFPU
                0x00000000c00002ae                is486
                0x00000000c00002e4                detectCPUID
                0x00000000c00002fa                goToVM86
                0x00000000c000032a                goToUsermode
                0x00000000c0000354                switchToThreadASMFirstTime
                0x00000000c0000362                switchToThreadASM
                0x00000000c00003ea                asmQuickAcquireLock
                0x00000000c0000408                asmQuickReleaseLock
                0x00000000c0000414                asmAcquireLock
                0x00000000c0000435                asmReleaseLock
                0x00000000c0000448                loadGDT
                0x00000000c0000468                isr0
                0x00000000c0000478                isr1
                0x00000000c0000482                isr2
                0x00000000c000048c                isr3
                0x00000000c0000496                isr4
                0x00000000c00004a0                isr5
                0x00000000c00004aa                isr6
                0x00000000c00004b4                isr7
                0x00000000c00004be                isr8
                0x00000000c00004c6                isr9
                0x00000000c00004d0                isr10
                0x00000000c00004d8                isr11
                0x00000000c00004e0                isr12
                0x00000000c00004e8                isr13
                0x00000000c00004f0                isr14
                0x00000000c00004f8                isr15
                0x00000000c0000502                isr16
                0x00000000c000050c                isr17
                0x00000000c0000516                isr18
                0x00000000c0000520                irq3
                0x00000000c000052a                irq4
                0x00000000c0000534                irq5
                0x00000000c000053e                irq6
                0x00000000c0000548                irq7
                0x00000000c0000552                irq8
                0x00000000c000055c                irq9
                0x00000000c0000566                irq10
                0x00000000c0000570                irq11
                0x00000000c000057a                irq12
                0x00000000c0000584                irq13
                0x00000000c000058e                irq14
                0x00000000c0000598                irq15
                0x00000000c00005a2                irq1
                0x00000000c00005a9                irq2
                0x00000000c00005b0                isr96
                0x00000000c00005b7                irq0
                0x00000000c00005bc                int_common_stub
                0x00000000c00005bc                syscall_common_stub
                0x00000000c00005ed                irq16
                0x00000000c00005f7                irq17
                0x00000000c0000601                irq18
                0x00000000c000060b                irq19
                0x00000000c0000615                irq20
                0x00000000c000061f                irq21
                0x00000000c0000629                irq22
                0x00000000c0000633                irq23
 *fill*         0x00000000c000063d        0x3 
 .text          0x00000000c0000640      0x611 acpica/utclib.32
                0x00000000c0000640                memcmp
                0x00000000c000067c                memmove
                0x00000000c0000744                memcpy
                0x00000000c0000778                memset
                0x00000000c0000794                strlen
                0x00000000c00007ac                strpbrk
                0x00000000c00007e8                strtok
                0x00000000c0000834                strcpy
                0x00000000c0000858                strncpy
                0x00000000c00008c0                strcmp
                0x00000000c0000900                strchr
                0x00000000c0000924                strncmp
                0x00000000c0000974                strcat
                0x00000000c00009a4                strncat
                0x00000000c00009e0                strstr
                0x00000000c0000a28                toupper
                0x00000000c0000a3c                tolower
                0x00000000c0000a50                simple_strtoul
 .text          0x00000000c0000c51      0xfbf core/malloc.32
                0x00000000c0000dbc                dlfree
                0x00000000c0001117                dlmalloc
                0x00000000c0001654                dlrealloc
                0x00000000c0001809                dlmemalign
                0x00000000c000192c                dlcalloc
                0x00000000c00019c6                dlcfree
                0x00000000c00019cb                dlindependent_calloc
                0x00000000c00019f0                dlindependent_comalloc
                0x00000000c0001a07                dlvalloc
                0x00000000c0001a32                dlpvalloc
                0x00000000c0001a68                dlmalloc_trim
                0x00000000c0001a75                dlmalloc_usable_size
                0x00000000c0001aa6                dlmallinfo
                0x00000000c0001b75                dlmalloc_stats
                0x00000000c0001b86                dlmallopt
 .text          0x00000000c0001c10        0x0 libk/string.32
 .text          0x00000000c0001c10       0x51 fs/fat/diskio.32
                0x00000000c0001c10                disk_status
                0x00000000c0001c13                disk_initialize
                0x00000000c0001c16                disk_read
                0x00000000c0001c2c                disk_write
                0x00000000c0001c42                disk_ioctl
 .text          0x00000000c0001c61     0x6833 fs/fat/ff.32
                0x00000000c0004f2f                f_mount
                0x00000000c0004f91                f_open
                0x00000000c00053cd                f_read
                0x00000000c000564d                f_write
                0x00000000c0005907                f_sync
                0x00000000c0005ae3                f_close
                0x00000000c0005b12                f_lseek
                0x00000000c0005fc9                f_opendir
                0x00000000c00060cb                f_closedir
                0x00000000c00060ed                f_readdir
                0x00000000c0006188                f_stat
                0x00000000c0006217                f_getfree
                0x00000000c00063e2                f_truncate
                0x00000000c00064da                f_unlink
                0x00000000c000665d                f_mkdir
                0x00000000c0006889                f_rename
                0x00000000c0006b7c                f_chmod
                0x00000000c0006c5a                f_utime
                0x00000000c0006d38                f_getlabel
                0x00000000c0006f26                f_setlabel
                0x00000000c0007193                f_forward
                0x00000000c0007371                f_mkfs
 .text          0x00000000c0008494       0x2d fs/fat/ffsystem.32
                0x00000000c0008494                ff_memalloc
                0x00000000c00084aa                ff_memfree
 .text          0x00000000c00084c1      0x253 fs/fat/ffunicode.32
                0x00000000c00084c1                ff_uni2oem
                0x00000000c0008551                ff_oem2uni
                0x00000000c00085bd                ff_wtoupper
 .text          0x00000000c0008714      0x8fb hal/libresample/samplerate.32
                0x00000000c0008758                src_delete
                0x00000000c0008794                src_process
                0x00000000c000894a                src_callback_read
                0x00000000c0008ac7                src_set_ratio
                0x00000000c0008b31                src_get_channels
                0x00000000c0008b53                src_reset
                0x00000000c0008b9f                src_new
                0x00000000c0008c2d                src_callback_new
                0x00000000c0008c8f                src_get_name
                0x00000000c0008cc6                src_get_description
                0x00000000c0008cfd                src_get_version
                0x00000000c0008d03                src_is_valid_ratio
                0x00000000c0008d57                src_error
                0x00000000c0008d65                src_strerror
                0x00000000c0008d78                src_simple
                0x00000000c0008dcb                src_short_to_float_array
                0x00000000c0008e30                src_float_to_short_array
                0x00000000c0008eef                src_int_to_float_array
                0x00000000c0008f52                src_float_to_int_array
 .text          0x00000000c000900f      0x8cb hal/libresample/src_linear.32
                0x00000000c0009835                linear_get_name
                0x00000000c0009844                linear_get_description
                0x00000000c0009853                linear_set_converter
 .text          0x00000000c00098da     0x447c hal/libresample/src_sinc.32
                0x00000000c000dc6d                sinc_get_name
                0x00000000c000dc80                sinc_get_description
                0x00000000c000dc93                sinc_set_converter
 .text          0x00000000c000dd56      0x77c hal/libresample/src_zoh.32
                0x00000000c000e42d                zoh_get_name
                0x00000000c000e43c                zoh_get_description
                0x00000000c000e44b                zoh_set_converter
 .text          0x00000000c000e4d2       0x23 compat/inlines.32
                0x00000000c000e4d2                CPU::current()
                0x00000000c000e4df                operator new(unsigned long)
 .text          0x00000000c000e4f5      0x111 compat/resolve.32
                0x00000000c000e4f5                Krnl::resolveCompatibilitySymbol(char*)
 .text          0x00000000c000e606      0xa17 core/computer.32
                0x00000000c000e606                Computer::close(int, int, void*)
                0x00000000c000e64a                Krnl::firstTask()
                0x00000000c000e73a                Computer::Computer()
                0x00000000c000e73a                Computer::Computer()
                0x00000000c000e896                Computer::setBootMessage(char const*)
                0x00000000c000e898                Computer::detectFeatures()
                0x00000000c000eaa2                Computer::displayFeatures()
                0x00000000c000ede8                Computer::rdmsr(unsigned int)
                0x00000000c000ee14                Computer::wrmsr(unsigned int, unsigned long long)
                0x00000000c000ee4c                Computer::nmiEnabled()
                0x00000000c000ee58                Computer::readCMOS(unsigned char)
                0x00000000c000ee72                Computer::enableNMI(bool)
                0x00000000c000ee8a                Computer::open(int, int, void*)
                0x00000000c000ef60                Computer::disableNMI()
                0x00000000c000ef6e                Computer::writeCMOS(unsigned char, unsigned char)
                0x00000000c000ef8c                Computer::handleNMI()
                0x00000000c000eff2                Computer::setDiskActivityLight(int, bool)
 *fill*         0x00000000c000f01d        0x1 
 .text          0x00000000c000f01e      0x1b7 core/gdt.32
                0x00000000c000f01e                GDTEntry::setBase(unsigned int)
                0x00000000c000f03a                GDTEntry::setLimit(unsigned int)
                0x00000000c000f058                GDT::GDT()
                0x00000000c000f058                GDT::GDT()
                0x00000000c000f06e                GDT::addEntry(GDTEntry)
                0x00000000c000f0aa                GDT::getNumberOfEntries()
                0x00000000c000f0b2                GDT::flush()
                0x00000000c000f0d4                GDT::setup()
 .text          0x00000000c000f1d5       0x62 core/idle.32
                0x00000000c000f1d5                idleFunction(void*)
 *fill*         0x00000000c000f237        0x1 
 .text          0x00000000c000f238      0x45f core/idt.32
                0x00000000c000f238                IDTEntry::IDTEntry(bool)
                0x00000000c000f238                IDTEntry::IDTEntry(bool)
                0x00000000c000f2a6                IDTEntry::setOffset(unsigned int)
                0x00000000c000f2ba                IDT::IDT()
                0x00000000c000f2ba                IDT::IDT()
                0x00000000c000f2bc                IDT::getPointerToInvalidOpcodeEntryForF00F()
                0x00000000c000f2c4                IDT::addEntry(IDTEntry, int)
                0x00000000c000f2de                IDT::addEntry(int, void (*)(), bool)
                0x00000000c000f316                IDT::flush()
                0x00000000c000f330                IDT::setup()
 .text          0x00000000c000f697      0x203 core/kheap.32
                0x00000000c000f697                sbrk
                0x00000000c000f7a5                mmap
                0x00000000c000f7bb                munmap
                0x00000000c000f7d1                liballoc_lock()
                0x00000000c000f7e2                liballoc_unlock()
                0x00000000c000f7f3                liballoc_alloc(int)
                0x00000000c000f80e                liballoc_free(void*, int)
                0x00000000c000f82c                realloc
                0x00000000c000f840                malloc
                0x00000000c000f850                free
                0x00000000c000f860                rfree
                0x00000000c000f870                calloc
 .text          0x00000000c000f89a      0x485 core/main.32
                0x00000000c000f89a                hwTextMode_loadInData(VgaText*)
                0x00000000c000f8e5                hwTextMode_loadInTitle(VgaText*, char*)
                0x00000000c000f963                hwTextMode_showCursor(VgaText*, bool)
                0x00000000c000f9c1                hwTextMode_update(VgaText*)
                0x00000000c000f9c2                hwTextMode_updateCursor(VgaText*)
                0x00000000c000fa13                hwTextMode_disableBlink(VgaText*, bool)
                0x00000000c000fa59                hwTextMode_scrollScreen(VgaText*)
                0x00000000c000fb06                hwTextMode_writeCharacter(VgaText*, char, VgaColour, VgaColour, int, int)
                0x00000000c000fb88                setupTextMode()
                0x00000000c000fbf8                kernel_main
 .text          0x00000000c000fd1f      0x5ff core/physmgr.32
                0x00000000c000fd1f                Phys::allocateDMA(unsigned long)
                0x00000000c000fdc2                Phys::freeDMA(unsigned long, unsigned long)
                0x00000000c000fe0a                Phys::setPageState(unsigned long, bool)
                0x00000000c000fe3c                Phys::getPageState(unsigned long)
                0x00000000c000fe58                Phys::freePage(unsigned long)
                0x00000000c000fee2                Phys::allocatePage()
                0x00000000c001005c                Phys::allocateContiguousPages(int)
                0x00000000c00100b6                Phys::allowSegmentToBeUsed(unsigned long, unsigned long)
                0x00000000c00100ee                Phys::physicalMemorySetup(unsigned int)
 .text          0x00000000c001031e      0x273 core/pipe.32
                0x00000000c001031e                Pipe::isAtty()
                0x00000000c0010322                Pipe::~Pipe()
                0x00000000c0010322                Pipe::~Pipe()
                0x00000000c0010346                Pipe::~Pipe()
                0x00000000c001036e                Pipe::read(unsigned long long, void*, int*)
                0x00000000c0010462                Pipe::write(unsigned long long, void*, int*)
                0x00000000c001052a                Pipe::Pipe(int)
                0x00000000c001052a                Pipe::Pipe(int)
 *fill*         0x00000000c0010591        0x1 
 .text          0x00000000c0010592      0xf73 core/terminal.32
                0x00000000c0010592                VgaText::isAtty()
                0x00000000c0010596                VgaText::~VgaText()
                0x00000000c0010596                VgaText::~VgaText()
                0x00000000c00105ba                VgaText::~VgaText()
                0x00000000c00105e4                VgaText::read(unsigned long long, void*, int*)
                0x00000000c0010604                setTerminalScrollLock(bool)
                0x00000000c0010605                addToTerminalCycle(VgaText*)
                0x00000000c0010632                installVgaTextImplementation()
                0x00000000c0010647                scrollTerminalScrollLock(int)
                0x00000000c0010648                VgaText::load()
                0x00000000c001069c                VgaText::updateCursor()
                0x00000000c00106b6                VgaText::showCursor(bool)
                0x00000000c00106c6                VgaText::disableBlink(bool)
                0x00000000c0010700                VgaText::doANSI_SGR(int)
                0x00000000c001078c                VgaText::setDefaultBgColour(VgaColour)
                0x00000000c00107a2                VgaText::setDefaultFgColour(VgaColour)
                0x00000000c00107b8                VgaText::setDefaultColours(VgaColour, VgaColour)
                0x00000000c00107d8                VgaText::combineColours(unsigned char, unsigned char)
                0x00000000c00107ea                VgaText::scrollScreen()
                0x00000000c001087e                VgaText::combineCharAndColour(char, unsigned char)
                0x00000000c0010890                VgaText::writeCharacter(char, VgaColour, VgaColour, int, int)
                0x00000000c00108f0                VgaText::getCursorX()
                0x00000000c00108fc                VgaText::getCursorY()
                0x00000000c0010908                VgaText::setCursor(int, int)
                0x00000000c0010926                VgaText::setCursorX(int)
                0x00000000c0010942                VgaText::setCursorY(int)
                0x00000000c001095e                VgaText::incrementCursor(bool)
                0x00000000c00109c6                VgaText::updateRAMUsageDisplay(int)
                0x00000000c0010a2a                VgaText::updateDiskUsage()
                0x00000000c0010b94                VgaText::updateTitle()
                0x00000000c0010bda                VgaText::setTitleTextColour(VgaColour)
                0x00000000c0010bea                VgaText::setTitleColour(VgaColour)
                0x00000000c0010bfa                VgaText::setTitle(char*)
                0x00000000c0010c20                VgaText::decrementCursor(bool)
                0x00000000c0010c48                VgaText::putchar(char, VgaColour, VgaColour)
                0x00000000c0010d44                VgaText::isShowingCursor()
                0x00000000c0010d50                VgaText::isBlinkDisabled()
                0x00000000c0010d5e                VgaText::setCursorHeight(int)
                0x00000000c0010d7c                VgaText::getCursorHeight()
                0x00000000c0010d87                setActiveTerminal(VgaText*)
                0x00000000c0010e39                doTerminalCycle()
                0x00000000c0010e56                VgaText::doUpdate()
                0x00000000c0010e68                VgaText::puts(char const*, VgaColour, VgaColour)
                0x00000000c0011028                VgaText::clearScreen()
                0x00000000c001108c                VgaText::putchar(char)
                0x00000000c00111a6                VgaText::puts(char const*)
                0x00000000c00111cc                VgaText::putx(unsigned int)
                0x00000000c0011212                VgaText::VgaText(char const*)
                0x00000000c0011212                VgaText::VgaText(char const*)
                0x00000000c00113a4                VgaText::receiveKey(unsigned char)
                0x00000000c001148c                VgaText::write(unsigned long long, void*, int*)
                0x00000000c00114e0                newTerminal(char*)
 *fill*         0x00000000c0011505        0x1 
 .text          0x00000000c0011506      0x1b3 core/tss.32
                0x00000000c0011506                TSS::TSS()
                0x00000000c0011506                TSS::TSS()
                0x00000000c0011514                TSS::setESP(unsigned long)
                0x00000000c0011526                TSS::flush()
                0x00000000c0011546                TSS::setup(unsigned long, unsigned long)
 *fill*         0x00000000c00116b9        0x1 
 .text          0x00000000c00116ba      0x4c2 core/unixfile.32
                0x00000000c00116ba                ReservedFilename::read(unsigned long long, void*, int*)
                0x00000000c0011710                ReservedFilename::isAtty()
                0x00000000c001172c                ReservedFilename::write(unsigned long long, void*, int*)
                0x00000000c001178a                UnixFile::getFileDescriptor()
                0x00000000c0011792                UnixFile::UnixFile(int)
                0x00000000c0011792                UnixFile::UnixFile(int)
                0x00000000c0011942                ReservedFilename::ReservedFilename(int)
                0x00000000c0011942                ReservedFilename::ReservedFilename(int)
                0x00000000c0011974                UnixFile::~UnixFile()
                0x00000000c0011974                UnixFile::~UnixFile()
                0x00000000c0011a0c                UnixFile::~UnixFile()
                0x00000000c0011a34                ReservedFilename::~ReservedFilename()
                0x00000000c0011a34                ReservedFilename::~ReservedFilename()
                0x00000000c0011a58                ReservedFilename::~ReservedFilename()
                0x00000000c0011a7f                getFromFileDescriptor(int)
 .text          0x00000000c0011b7c     0x1262 core/virtmgr.32
                0x00000000c0011b7c                Virt::setPageState(unsigned long, Virt::VirtPageState)
                0x00000000c0011bb1                Virt::getPageState(unsigned long)
                0x00000000c0011bd5                Virt::allocateKernelVirtualPages(int)
                0x00000000c0011ce6                Virt::freeSwapfilePage(unsigned long)
                0x00000000c0011d04                Virt::swapIDToSector(unsigned long)
                0x00000000c0011d16                Virt::allocateSwapfilePage()
                0x00000000c0011d94                Virt::virtualMemorySetup()
                0x00000000c0011e13                Virt::swappingSetup()
                0x00000000c0011e70                Virt::getAKernelVAS()
                0x00000000c0011e76                Virt::setupPageSwapping(int)
                0x00000000c0011fa6                VAS::VAS()
                0x00000000c0011fa6                VAS::VAS()
                0x00000000c0011fd6                VAS::VAS(VAS*)
                0x00000000c0011fd6                VAS::VAS(VAS*)
                0x00000000c0011ffa                VAS::getForeignPageTableEntry(bool, unsigned long)
                0x00000000c0012026                VAS::getPageTableEntry(unsigned long)
                0x00000000c0012045                Virt::freeKernelVirtualPages(unsigned long)
                0x00000000c0012168                VAS::freeAllocatedPages(unsigned long)
                0x00000000c001218c                VAS::virtualToPhysical(unsigned long)
                0x00000000c00121a4                VAS::reflagRange(unsigned long, int, int, int)
                0x00000000c00121e4                VAS::setToWriteCombining(unsigned long, int)
                0x00000000c0012216                VAS::mapOtherVASIn(bool, VAS*)
                0x00000000c0012240                VAS::~VAS()
                0x00000000c0012240                VAS::~VAS()
                0x00000000c00123ac                VAS::mapPage(unsigned long, unsigned long, int)
                0x00000000c00124ac                VAS::allocatePages(int, int)
                0x00000000c0012684                VAS::setCPUSpecific(unsigned long)
                0x00000000c00126a0                VAS::mapRange(unsigned long, unsigned long, int, int)
                0x00000000c0012766                VAS::mapForeignPage(bool, VAS*, unsigned long, unsigned long, int)
                0x00000000c0012854                VAS::VAS(bool)
                0x00000000c0012854                VAS::VAS(bool)
                0x00000000c0012ab0                VAS::evict(unsigned long)
                0x00000000c0012b4e                VAS::tryLoadBackOffDisk(unsigned long)
                0x00000000c0012c1e                VAS::scanForEviction(int, int)
                0x00000000c0012d22                mapVASFirstTime
 .text          0x00000000c0012dde       0x95 coreobjs/c++.32
                0x00000000c0012dde                __cxa_atexit
                0x00000000c0012de1                __cxa_finalize
                0x00000000c0012de2                __stack_chk_fail
                0x00000000c0012e4e                __cxa_pure_virtual
                0x00000000c0012e5f                operator new[](unsigned long)
                0x00000000c0012e64                operator delete(void*, unsigned long)
                0x00000000c0012e69                operator delete[](void*)
                0x00000000c0012e6e                operator delete[](void*, unsigned long)
 .text          0x00000000c0012e73      0x1ef dbg/kconsole.32
                0x00000000c0012e73                Dbg::stringifyxWithBase(unsigned int, char*, int)
                0x00000000c0012ed4                Dbg::logc(char)
                0x00000000c0012eeb                Dbg::logs(char*)
                0x00000000c0012f08                Dbg::logWriteInt(unsigned int)
                0x00000000c0012f25                Dbg::logWriteIntBase(unsigned int, int)
                0x00000000c0012f44                Dbg::kprintf(char const*, ...)
 .text          0x00000000c0013062      0xb7c fs/vfs.32
                0x00000000c0013062                File::read(unsigned long long, void*, int*)
                0x00000000c00130ba                File::write(unsigned long long, void*, int*)
                0x00000000c0013112                Directory::read(unsigned long long, void*, int*)
                0x00000000c001316a                Directory::write(unsigned long long, void*, int*)
                0x00000000c0013198                File::isAtty()
                0x00000000c001319c                Directory::isAtty()
                0x00000000c00131a0                Filesystem::getlabel(LogicalDisk*, int, char*, unsigned int*)
                0x00000000c00131a6                Filesystem::setlabel(LogicalDisk*, int, char*)
                0x00000000c00131ac                File::~File()
                0x00000000c00131ac                File::~File()
                0x00000000c00131d0                File::~File()
                0x00000000c00131fa                Directory::~Directory()
                0x00000000c00131fa                Directory::~Directory()
                0x00000000c001321e                Directory::~Directory()
                0x00000000c0013248                Filesystem::Filesystem()
                0x00000000c0013248                Filesystem::Filesystem()
                0x00000000c001326c                Filesystem::~Filesystem()
                0x00000000c001326c                Filesystem::~Filesystem()
                0x00000000c001327a                Filesystem::~Filesystem()
                0x00000000c001329e                Fs::getcwd(Process*, char*, int)
                0x00000000c00132c8                Fs::initVFS()
                0x00000000c00132f2                Fs::standardiseFiles(char*, char const*, char const*)
                0x00000000c001349c                File::File(char const*, Process*)
                0x00000000c001349c                File::File(char const*, Process*)
                0x00000000c0013500                File::open(FileOpenMode)
                0x00000000c001355e                File::close()
                0x00000000c00135be                File::seek(unsigned long long)
                0x00000000c0013614                File::tell(unsigned long long*)
                0x00000000c0013664                File::rewind()
                0x00000000c0013678                File::unlink()
                0x00000000c00136c4                File::rename(char const*)
                0x00000000c0013712                File::chfatattr(unsigned char, unsigned char)
                0x00000000c001376e                File::exists()
                0x00000000c00137ac                File::stat(unsigned long long*, bool*)
                0x00000000c001380d                Fs::setcwd(Process*, char*)
                0x00000000c0013948                Directory::Directory(char const*, Process*)
                0x00000000c0013948                Directory::Directory(char const*, Process*)
                0x00000000c00139ac                Directory::open()
                0x00000000c0013a08                Directory::close()
                0x00000000c0013a68                Directory::unlink()
                0x00000000c0013ab4                Directory::rename(char const*)
                0x00000000c0013b02                Directory::exists()
                0x00000000c0013b40                Directory::read(dirent*)
                0x00000000c0013b8c                Directory::create()
                0x00000000c0013bd8                Filesystem::chfatattr(char const*, unsigned char, unsigned char)
 .text          0x00000000c0013bde       0x84 hal/bus.32
                0x00000000c0013bde                Bus::Bus(char const*)
                0x00000000c0013bde                Bus::Bus(char const*)
                0x00000000c0013c14                Bus::~Bus()
                0x00000000c0013c14                Bus::~Bus()
                0x00000000c0013c38                Bus::~Bus()
 .text          0x00000000c0013c62      0x14e hal/buzzer.32
                0x00000000c0013c62                Buzzer::Buzzer(char const*)
                0x00000000c0013c62                Buzzer::Buzzer(char const*)
                0x00000000c0013ca6                Buzzer::~Buzzer()
                0x00000000c0013ca6                Buzzer::~Buzzer()
                0x00000000c0013cca                Buzzer::~Buzzer()
                0x00000000c0013cf4                Buzzer::stop()
                0x00000000c0013d07                beepThread(void*)
                0x00000000c0013d42                Buzzer::beep(int, int, bool)
 .text          0x00000000c0013db0      0x467 hal/clock.32
                0x00000000c0013db0                User::loadClockSettings(int)
                0x00000000c0013e02                Clock::Clock(char const*)
                0x00000000c0013e02                Clock::Clock(char const*)
                0x00000000c0013e38                Clock::~Clock()
                0x00000000c0013e38                Clock::~Clock()
                0x00000000c0013e5c                Clock::~Clock()
                0x00000000c0013e86                Clock::timeInSecondsLocal()
                0x00000000c0013ece                Clock::setTimeInSecondsLocal(unsigned long long)
                0x00000000c0013f27                datetimeToSeconds(datetime_t)
                0x00000000c001404e                Clock::setTimeInDatetimeLocal(datetime_t)
                0x00000000c00140ae                secondsToDatetime(unsigned long long)
                0x00000000c00141f2                Clock::timeInDatetimeLocal()
 *fill*         0x00000000c0014217        0x1 
 .text          0x00000000c0014218      0x4de hal/device.32
                0x00000000c0014218                Device::hibernate()
                0x00000000c001421a                Device::wake()
                0x00000000c001421c                Device::detect()
                0x00000000c001421e                Device::disableLegacy()
                0x00000000c0014220                Device::powerSaving(PowerSavingLevel)
                0x00000000c0014222                DriverlessDevice::close(int, int, void*)
                0x00000000c0014226                DriverlessDevice::detect()
                0x00000000c0014228                DriverlessDevice::open(int, int, void*)
                0x00000000c001423c                Device::~Device()
                0x00000000c001423c                Device::~Device()
                0x00000000c001424a                Device::~Device()
                0x00000000c0014272                Device::findAndLoadDriver()
                0x00000000c0014274                Device::preOpenPCI(PCIDeviceInfo)
                0x00000000c001429a                Device::preOpenACPI(void*, char*, char*)
                0x00000000c00142ee                Device::addIRQHandler(int, void (*)(regs*, void*), bool, void*)
                0x00000000c001432c                Device::removeIRQHandler(int, void (*)(regs*, void*), bool)
                0x00000000c001436a                Device::addChild(Device*)
                0x00000000c00143ae                Device::removeAllChildren()
                0x00000000c00143f4                Device::hibernateAll()
                0x00000000c0014424                Device::wakeAll()
                0x00000000c0014454                Device::detectAll()
                0x00000000c0014484                Device::disableLegacyAll()
                0x00000000c00144b4                Device::loadDriversForAll()
                0x00000000c00144e0                Device::closeAll()
                0x00000000c0014516                Device::powerSavingAll(PowerSavingLevel)
                0x00000000c001454c                Device::setName(char const*)
                0x00000000c001455a                Device::Device(char const*)
                0x00000000c001455a                Device::Device(char const*)
                0x00000000c0014656                Device::getName()
                0x00000000c0014660                DriverlessDevice::DriverlessDevice(char const*)
                0x00000000c0014660                DriverlessDevice::DriverlessDevice(char const*)
                0x00000000c0014688                Device::addToLinkedList(LinkedList<Device>&, DeviceType)
                0x00000000c00146cc                getDevicesOfType(DeviceType)
 .text          0x00000000c00146f6       0x84 hal/diskctrl.32
                0x00000000c00146f6                HardDiskController::HardDiskController(char const*)
                0x00000000c00146f6                HardDiskController::HardDiskController(char const*)
                0x00000000c001472c                HardDiskController::~HardDiskController()
                0x00000000c001472c                HardDiskController::~HardDiskController()
                0x00000000c0014750                HardDiskController::~HardDiskController()
 .text          0x00000000c001477a       0xf2 hal/diskphys.32
                0x00000000c001477a                PhysicalDisk::eject()
                0x00000000c001478e                PhysicalDisk::PhysicalDisk(char const*, int)
                0x00000000c001478e                PhysicalDisk::PhysicalDisk(char const*, int)
                0x00000000c00147f6                PhysicalDisk::startCache()
                0x00000000c001481e                PhysicalDisk::~PhysicalDisk()
                0x00000000c001481e                PhysicalDisk::~PhysicalDisk()
                0x00000000c0014842                PhysicalDisk::~PhysicalDisk()
 .text          0x00000000c001486c      0x13b hal/fpu.32
                0x00000000c001486c                FPU::FPU(char const*)
                0x00000000c001486c                FPU::FPU(char const*)
                0x00000000c00148a2                FPU::~FPU()
                0x00000000c00148a2                FPU::~FPU()
                0x00000000c00148c6                FPU::~FPU()
                0x00000000c00148f0                setupFPU()
 *fill*         0x00000000c00149a7        0x1 
 .text          0x00000000c00149a8     0x13a7 hal/intctrl.32
                0x00000000c00149a8                InterruptController::uninstallISRHandler(int, void (*)(regs*, void*))
                0x00000000c00149e0                InterruptController::installISRHandler(int, void (*)(regs*, void*), void*)
                0x00000000c0014a32                doubleFault(regs*, void*)
                0x00000000c0014a4c                InterruptController::installIRQHandler(int, void (*)(regs*, void*), bool, void*)
                0x00000000c0014ae8                InterruptController::clearAllHandlers(int, bool)
                0x00000000c0014b90                InterruptController::uninstallIRQHandler(int, void (*)(regs*, void*), bool)
                0x00000000c0014c17                nmiHandler(regs*, void*)
                0x00000000c0014c25                int_handler
                0x00000000c0014cc6                InterruptController::InterruptController(char const*)
                0x00000000c0014cc6                InterruptController::InterruptController(char const*)
                0x00000000c0014d6c                InterruptController::~InterruptController()
                0x00000000c0014d6c                InterruptController::~InterruptController()
                0x00000000c0014d90                InterruptController::~InterruptController()
                0x00000000c0014dba                displayDebugInfo(regs*)
                0x00000000c0015249                x87EmulHandler(regs*, void*)
                0x00000000c0015278                gpFault(regs*, void*)
                0x00000000c00152b1                pgFault(regs*, void*)
                0x00000000c00152ee                otherISRHandler(regs*, void*)
                0x00000000c001530d                opcodeFault(regs*, void*)
                0x00000000c0015913                displayProgramFault(char const*)
                0x00000000c001593b                setupInterruptController()
                0x00000000c0015d02                InterruptController::convertLegacyIRQNumber(int)
 *fill*         0x00000000c0015d4f        0x1 
 .text          0x00000000c0015d50      0x6c8 hal/keybrd.32
                0x00000000c0015d50                startGUI(void*)
                0x00000000c0015dac                startGUIVESA(void*)
                0x00000000c0015e08                sendKeyToTerminal(unsigned char)
                0x00000000c0015e74                sendKeyboardToken(KeyboardToken)
                0x00000000c00162b1                clearInternalKeybuffer(VgaText*)
                0x00000000c00162e6                readKeyboard(VgaText*, char*, unsigned long)
                0x00000000c001638e                Keyboard::Keyboard(char const*)
                0x00000000c001638e                Keyboard::Keyboard(char const*)
                0x00000000c00163ca                Keyboard::~Keyboard()
                0x00000000c00163ca                Keyboard::~Keyboard()
                0x00000000c00163ee                Keyboard::~Keyboard()
 .text          0x00000000c0016418      0x414 hal/logidisk.32
                0x00000000c0016418                LogicalDisk::close(int, int, void*)
                0x00000000c001641c                LogicalDisk::~LogicalDisk()
                0x00000000c001641c                LogicalDisk::~LogicalDisk()
                0x00000000c0016440                LogicalDisk::~LogicalDisk()
                0x00000000c001646a                LogicalDisk::open(int, int, void*)
                0x00000000c001647e                LogicalDisk::absoluteToRelative(unsigned long long)
                0x00000000c00164b6                LogicalDisk::relativeToAbsolute(unsigned long long)
                0x00000000c00164fc                LogicalDisk::LogicalDisk(char const*, PhysicalDisk*, unsigned long long, unsigned long long)
                0x00000000c00164fc                LogicalDisk::LogicalDisk(char const*, PhysicalDisk*, unsigned long long, unsigned long long)
                0x00000000c00165b2                LogicalDisk::assignDriveLetter()
                0x00000000c0016668                LogicalDisk::mount()
                0x00000000c00166da                LogicalDisk::unmount()
                0x00000000c00166ea                LogicalDisk::eject()
                0x00000000c00166fe                LogicalDisk::unassignDriveLetter()
                0x00000000c0016754                LogicalDisk::read(unsigned long long, int, void*)
                0x00000000c00167c0                LogicalDisk::write(unsigned long long, int, void*)
 .text          0x00000000c001682c       0x84 hal/mouse.32
                0x00000000c001682c                Mouse::Mouse(char const*)
                0x00000000c001682c                Mouse::Mouse(char const*)
                0x00000000c0016862                Mouse::~Mouse()
                0x00000000c0016862                Mouse::~Mouse()
                0x00000000c0016886                Mouse::~Mouse()
 .text          0x00000000c00168b0      0x34d hal/partition.32
                0x00000000c00168b0                makePartition(PhysicalDisk*, unsigned long long, unsigned long long)
                0x00000000c001696c                createPartitionsForDisk(PhysicalDisk*)
 *fill*         0x00000000c0016bfd        0x1 
 .text          0x00000000c0016bfe       0x84 hal/serial.32
                0x00000000c0016bfe                Serial::Serial(char const*)
                0x00000000c0016bfe                Serial::Serial(char const*)
                0x00000000c0016c34                Serial::~Serial()
                0x00000000c0016c34                Serial::~Serial()
                0x00000000c0016c58                Serial::~Serial()
 .text          0x00000000c0016c82      0x2b8 hal/timer.32
                0x00000000c0016c82                Timer::Timer(char const*)
                0x00000000c0016c82                Timer::Timer(char const*)
                0x00000000c0016cb8                Timer::~Timer()
                0x00000000c0016cb8                Timer::~Timer()
                0x00000000c0016cdc                Timer::~Timer()
                0x00000000c0016d06                Timer::read()
                0x00000000c0016d11                timerHandler(unsigned long long)
                0x00000000c0016e48                setupTimer(int)
 .text          0x00000000c0016f3a      0x425 hal/vcache.32
                0x00000000c0016f3a                VCache::VCache(PhysicalDisk*)
                0x00000000c0016f3a                VCache::VCache(PhysicalDisk*)
                0x00000000c00170a2                VCache::invalidateReadBuffer()
                0x00000000c00170b2                VCache::writeWriteBuffer()
                0x00000000c00170ee                VCache::~VCache()
                0x00000000c00170ee                VCache::~VCache()
                0x00000000c0017142                VCache::~VCache()
                0x00000000c001716a                VCache::write(unsigned long long, int, void*)
                0x00000000c0017260                VCache::read(unsigned long long, int, void*)
 *fill*         0x00000000c001735f        0x1 
 .text          0x00000000c0017360      0x4cd hal/video.32
                0x00000000c0017360                Video::putrect(int, int, int, int, unsigned int)
                0x00000000c00173ac                Video::bitblit(int, int, int, int, int, int, int, unsigned int*)
                0x00000000c001741c                Video::blit(unsigned int*, int, int, int, int)
                0x00000000c001749a                Video::clearScreen(unsigned int)
                0x00000000c00174ce                Video::putpixel(int, int, unsigned int)
                0x00000000c00174dc                Video::Video(char const*)
                0x00000000c00174dc                Video::Video(char const*)
                0x00000000c0017512                Video::~Video()
                0x00000000c0017512                Video::~Video()
                0x00000000c0017536                Video::~Video()
                0x00000000c0017560                Video::isMonochrome()
                0x00000000c001756c                Video::getWidth()
                0x00000000c0017578                Video::getHeight()
                0x00000000c0017584                Video::drawCursor(int, int, unsigned char*, int)
                0x00000000c0017640                Video::tgaParse(unsigned char*, int, int*, int*)
                0x00000000c00177c2                Video::putTGA(int, int, unsigned char*, int)
 *fill*         0x00000000c001782d        0x1 
 .text          0x00000000c001782e      0xf64 hw/acpi.32
                0x00000000c001782e                ACPI::close(int, int, void*)
                0x00000000c00178e3                findRSDP()
                0x00000000c001796d                loadACPITables(unsigned char*)
                0x00000000c0017b94                findRSDT(unsigned char*)
                0x00000000c0017cb2                findDataTable(unsigned char*, char*)
                0x00000000c0017d4e                scanMADT()
                0x00000000c00181d4                ACPI::ACPI()
                0x00000000c00181d4                ACPI::ACPI()
                0x00000000c001823e                ACPI::getPCIIRQAssignment(unsigned char, unsigned short, unsigned char)
                0x00000000c0018320                ACPI::registerPCIIRQAssignment(void*, unsigned short, unsigned char, unsigned char)
                0x00000000c00183e6                ACPI::setScreenBrightnessLevel(void*, int)
                0x00000000c00183ec                ACPI::writeSimpleBootFlag(SimpleBootFlagTable*)
                0x00000000c0018434                ACPI::open(int, int, void*)
                0x00000000c001877a                ACPI::sleep()
 .text          0x00000000c0018792     0x1715 hw/cpu.32
                0x00000000c0018792                CPU::close(int, int, void*)
                0x00000000c0018796                CPU::lookupAMDName(unsigned char, unsigned char)
                0x00000000c001892a                CPU::lookupIntelName(unsigned char, unsigned char)
                0x00000000c0018bd8                CPU::AMD_K6_write_msr(unsigned int, unsigned int, unsigned int, CPU::REGS*)
                0x00000000c0018bf4                CPU::AMD_K6_read_msr(unsigned int, CPU::REGS*)
                0x00000000c0018c0c                CPU::AMD_K6_writeback(int, int, int)
                0x00000000c0018c80                CPU::cpuid(int, unsigned long*, unsigned long*, unsigned long*, unsigned long*)
                0x00000000c0018d04                CPU::cpuidCheckEDX(unsigned int)
                0x00000000c0018d32                CPU::cpuidCheckECX(unsigned int)
                0x00000000c0018d60                CPU::cpuidCheckExtendedEBX(unsigned int)
                0x00000000c0018d8e                CPU::cpuidCheckExtendedECX(unsigned int)
                0x00000000c0018dbc                CPU::CPU()
                0x00000000c0018dbc                CPU::CPU()
                0x00000000c0018e4a                CPU::displayFeatures()
                0x00000000c00190c6                CPU::detectFeatures()
                0x00000000c0019ab6                CPU::setupSMEP()
                0x00000000c0019ac2                CPU::setupUMIP()
                0x00000000c0019acc                CPU::setupTSC()
                0x00000000c0019ad6                CPU::setupLargePages()
                0x00000000c0019ae0                CPU::setupPAT()
                0x00000000c0019b1c                CPU::setupMTRR()
                0x00000000c0019b1e                CPU::setupGlobalPages()
                0x00000000c0019b28                CPU::allowUsermodeDataAccess()
                0x00000000c0019b3a                CPU::prohibitUsermodeDataAccess()
                0x00000000c0019b4c                CPU::setupSMAP()
                0x00000000c0019b5a                CPU::setupFeatures()
                0x00000000c0019bda                CPU::open(int, int, void*)
                0x00000000c0019cac                CPU::decodeAddress(regs*, int*, bool*, unsigned char*)
 .text          0x00000000c0019ea7        0x0 hw/ports.32
 .text          0x00000000c0019ea7      0x16a hw/smp.32
                0x00000000c0019ea7                Krnl::smpEntry()
                0x00000000c0019ea9                Krnl::startCPU(int)
                0x00000000c0019ff2                Krnl::startCPUs()
 *fill*         0x00000000c001a011        0x1 
 .text          0x00000000c001a012      0x5d3 krnl/env.32
                0x00000000c001a012                EnvVarContainer::getEnv(char const*)
                0x00000000c001a050                EnvVarContainer::setEnv(char const*, char const*)
                0x00000000c001a11c                EnvVarContainer::deleteEnv(char const*)
                0x00000000c001a11e                EnvVarContainer::loadFrom(char const*, char const*)
                0x00000000c001a314                EnvVarContainer::__loadSystem()
                0x00000000c001a32e                EnvVarContainer::__loadUser()
                0x00000000c001a330                EnvVarContainer::EnvVarContainer(Process*)
                0x00000000c001a330                EnvVarContainer::EnvVarContainer(Process*)
                0x00000000c001a352                EnvVarContainer::~EnvVarContainer()
                0x00000000c001a352                EnvVarContainer::~EnvVarContainer()
                0x00000000c001a382                Krnl::getEnv(Process*, char const*)
                0x00000000c001a3e7                Krnl::setEnvSystem(char const*, char const*)
                0x00000000c001a401                Krnl::setEnvUser(char const*, char const*)
                0x00000000c001a420                Krnl::setEnvProcess(Process*, char const*, char const*)
                0x00000000c001a433                Krnl::deleteEnvSystem(char const*)
                0x00000000c001a434                Krnl::deleteEnvUser(char const*)
                0x00000000c001a435                Krnl::deleteEnvProcess(Process*, char const*)
                0x00000000c001a436                Krnl::newProcessEnv(Process*)
                0x00000000c001a458                Krnl::copyProcessEnv(Process*, Process*)
                0x00000000c001a4ac                Krnl::loadSystemEnv()
                0x00000000c001a4da                Krnl::loadUserEnv()
                0x00000000c001a500                Krnl::flushEnv()
                0x00000000c001a501                Krnl::getProcessTotalEnvCount(Process*)
                0x00000000c001a521                Krnl::getProcessEnvPair(Process*, int)
 .text          0x00000000c001a5e5      0x396 krnl/panic.32
                0x00000000c001a5e5                Krnl::panic(char const*)
 .text          0x00000000c001a97b      0x3b6 net/ethernet.32
                0x00000000c001a97b                Net::switchEndian16(unsigned short)
                0x00000000c001a99c                Net::switchEndian32(unsigned int)
                0x00000000c001a9cb                Net::crc32Calc(unsigned char*, int)
                0x00000000c001aa5c                Net::wrapEthernetFrame(Net::UnwrappedEthernetFrame, unsigned char*)
                0x00000000c001ab98                Net::unwrapEthernetFrame(unsigned char*, int)
 .text          0x00000000c001ad31      0x513 reg/registry.32
                0x00000000c001ad31                Reg::findLineFromLoadedData(char*, char*, char*)
                0x00000000c001ae89                Reg::getLineFromRegistry(char*, char*, char*, char*)
                0x00000000c001afde                Reg::getLine(char*, char*, char*)
                0x00000000c001b015                Reg::readInt(char*, char*, int*)
                0x00000000c001b100                Reg::readString(char*, char*, char*, int)
                0x00000000c001b181                Reg::readBool(char*, char*, bool*)
                0x00000000c001b1a6                Reg::readBoolWithDefault(char*, char*, bool)
                0x00000000c001b1d2                Reg::readIntWithDefault(char*, char*, int)
                0x00000000c001b1fe                Reg::readStringWithDefault(char*, char*, char*, int, char*)
 .text          0x00000000c001b244       0x36 sys/sc_eject.32
                0x00000000c001b244                Sys::eject(regs*)
 .text          0x00000000c001b27a       0x18 sys/sc_exit.32
                0x00000000c001b27a                Sys::exit(regs*)
 .text          0x00000000c001b292       0x1f sys/sc_getcwd.32
                0x00000000c001b292                Sys::getCwd(regs*)
 .text          0x00000000c001b2b1        0xc sys/sc_getpid.32
                0x00000000c001b2b1                Sys::getPID(regs*)
 .text          0x00000000c001b2bd       0x17 sys/sc_getramdata.32
                0x00000000c001b2bd                Sys::getRAMData(regs*)
 .text          0x00000000c001b2d4       0xa8 sys/sc_loaddll.32
                0x00000000c001b2d4                Sys::loadDLL(regs*)
 .text          0x00000000c001b37c       0x68 sys/sc_read.32
                0x00000000c001b37c                Sys::read(regs*)
 .text          0x00000000c001b3e4       0x9f sys/sc_sbrk.32
                0x00000000c001b3e4                Sys::sbrk(regs*)
 .text          0x00000000c001b483       0x1c sys/sc_setcwd.32
                0x00000000c001b483                Sys::setCwd(regs*)
 .text          0x00000000c001b49f      0x128 sys/sc_settime.32
                0x00000000c001b49f                Sys::setTime(regs*)
 .text          0x00000000c001b5c7       0x4a sys/sc_timezone.32
                0x00000000c001b5c7                Sys::timezone(regs*)
 .text          0x00000000c001b611       0x68 sys/sc_write.32
                0x00000000c001b611                Sys::write(regs*)
 .text          0x00000000c001b679       0x62 sys/sc_wsbe.32
                0x00000000c001b679                Sys::wsbe(regs*)
 .text          0x00000000c001b6db       0x3b sys/sc_yield.32
                0x00000000c001b6db                Sys::yield(regs*)
 .text          0x00000000c001b716     0x10e5 sys/syscalls.32
                0x00000000c001b716                sysCallSeekDir(regs*)
                0x00000000c001b71b                sysCallTellDir(regs*)
                0x00000000c001b720                sysCallVerify(regs*)
                0x00000000c001b72a                sysFormatDisk(regs*)
                0x00000000c001b794                sysSetDiskVolumeLabel(regs*)
                0x00000000c001b7da                sysGetDiskVolumeLabel(regs*)
                0x00000000c001b82b                sysShutdown(regs*)
                0x00000000c001b889                sysCallRealpath(regs*)
                0x00000000c001b8cc                sysCallGetArgc(regs*)
                0x00000000c001b8fa                sysCallReadDir(regs*)
                0x00000000c001b988                sysCallIsATTY(regs*)
                0x00000000c001b9e2                sysCallSeek(regs*)
                0x00000000c001ba4b                sysCallTell(regs*)
                0x00000000c001bac8                sysCallSize(regs*)
                0x00000000c001bb4b                sysCallSizeFromFilename(regs*)
                0x00000000c001bc0b                sysCallClose(regs*)
                0x00000000c001bc93                sysCallOpenDir(regs*)
                0x00000000c001bd08                sysCallCloseDir(regs*)
                0x00000000c001bd6e                sysCallMakeDir(regs*)
                0x00000000c001bdde                sysCallWait(regs*)
                0x00000000c001bdf8                sysCallNotImpl(regs*)
                0x00000000c001be13                sysPanic(regs*)
                0x00000000c001be39                sysCallRmdir(regs*)
                0x00000000c001be9d                sysCallUnlink(regs*)
                0x00000000c001bf01                sysCallGetArgv(regs*)
                0x00000000c001bf4d                sysCallTTYName(regs*)
                0x00000000c001bfd0                sysCallUSleep(regs*)
                0x00000000c001bff7                sysCallSpawn(regs*)
                0x00000000c001c04f                sysCallGetEnv(regs*)
                0x00000000c001c187                sysAppSettings(regs*)
                0x00000000c001c2a6                sysSetFatAttrib(regs*)
                0x00000000c001c318                sysPipe(regs*)
                0x00000000c001c35d                sysGetUnixTime(regs*)
                0x00000000c001c371                string_ends_with(char const*, char const*)
                0x00000000c001c3b9                sysCallOpen(regs*)
                0x00000000c001c5ce                Sys::loadSyscalls()
                0x00000000c001c7b9                Sys::systemCall(regs*, void*)
 .text          0x00000000c001c7fb     0x11d4 thr/elf.32
                0x00000000c001c7fb                Thr::allocateMemoryForTask(Process*, File*, unsigned long, unsigned long, unsigned long)
                0x00000000c001ca8d                Thr::loadProgramIntoMemory(Process*, char const*)
                0x00000000c001cca3                Thr::runtimeReferenceHelper()
                0x00000000c001ccb6                Thr::getAddressOfKernelSymbol(char const*)
                0x00000000c001cd05                Thr::loadKernelSymbolTable(char const*)
                0x00000000c001cfc3                Thr::loadDriverIntoMemory(char const*, unsigned long, bool)
                0x00000000c001d6df                Thr::getDriverBaseFromAddress(unsigned long)
                0x00000000c001d711                Thr::getDriverNameFromAddress(unsigned long)
                0x00000000c001d748                Thr::getDriverOffsetFromAddress(unsigned long)
                0x00000000c001d762                Thr::loadDLL(char const*, bool)
                0x00000000c001d996                Thr::executeDLL(unsigned long, void*)
 *fill*         0x00000000c001d9cf        0x1 
 .text          0x00000000c001d9d0     0x1056 thr/prcssthr.32
                0x00000000c001d9d0                changeTSS
                0x00000000c001da00                Process::addArgs(char**)
                0x00000000c001da5a                Process::Process(char const*, Process*, char**)
                0x00000000c001da5a                Process::Process(char const*, Process*, char**)
                0x00000000c001dc3e                Process::Process(bool, char const*, Process*, char**)
                0x00000000c001dc3e                Process::Process(bool, char const*, Process*, char**)
                0x00000000c001dded                disableIRQs()
                0x00000000c001ddf5                getIRQNestingLevel()
                0x00000000c001ddfb                enableIRQs()
                0x00000000c001de0a                lockScheduler()
                0x00000000c001de0c                unlockScheduler()
                0x00000000c001de0e                userModeEntryPoint(void*)
                0x00000000c001de31                lockStuff()
                0x00000000c001de3d                taskStartupFunction
                0x00000000c001de46                updateTimeUsed()
                0x00000000c001deab                switchToThread(ThreadControlBlock*)
                0x00000000c001defc                Semaphore::Semaphore(int)
                0x00000000c001defc                Semaphore::Semaphore(int)
                0x00000000c001df2a                Mutex::Mutex()
                0x00000000c001df2a                Mutex::Mutex()
                0x00000000c001df3c                Process::createThread(void (*)(void*), void*, int)
                0x00000000c001e020                Process::createUserThread()
                0x00000000c001e03c                setupMultitasking(void (*)())
                0x00000000c001e146                schedule()
                0x00000000c001e1cb                unlockStuff()
                0x00000000c001e200                Semaphore::tryAcquire()
                0x00000000c001e22e                Semaphore::assertLocked(char const*)
                0x00000000c001e25e                blockTaskWithSchedulerLockAlreadyHeld(TaskState)
                0x00000000c001e2a0                blockTask(TaskState)
                0x00000000c001e2c1                waitTask(int, int*, int)
                0x00000000c001e303                nanoSleepUntil(unsigned long long)
                0x00000000c001e35a                nanoSleep(unsigned long long)
                0x00000000c001e36f                sleep(unsigned long long)
                0x00000000c001e38c                Semaphore::acquire()
                0x00000000c001e3f4                taskReturned
                0x00000000c001e422                unblockTask(ThreadControlBlock*)
                0x00000000c001e4d1                cleanupTerminatedTask(ThreadControlBlock*)
                0x00000000c001e79a                cleanerTaskFunction(void*)
                0x00000000c001e84d                terminateTask(int)
                0x00000000c001e92d                Thr::terminateFromIRQ(int)
                0x00000000c001e93a                Semaphore::release()
 .text          0x00000000c001ea26      0xc26 vm86/vm8086.32
                0x00000000c001ea26                Vm::inbv(unsigned short)
                0x00000000c001ea39                Vm::outbv(unsigned short, unsigned char)
                0x00000000c001ea8c                Vm::realToLinear(unsigned short, unsigned short)
                0x00000000c001ea9c                Vm::getSegment(unsigned int)
                0x00000000c001eaa4                Vm::getOffset(unsigned int)
                0x00000000c001eaa9                Vm::mainloop2()
                0x00000000c001eae4                Vm::mainVm8086Loop(void*)
                0x00000000c001eaf1                Vm::mainloop3(unsigned long)
                0x00000000c001eb1b                Vm::initialise8086()
                0x00000000c001eb5e                Vm::finish8086()
                0x00000000c001eba3                Vm::getOutput8086(unsigned char*)
                0x00000000c001ebcd                Vm::start8086(char const*, unsigned short, unsigned short, unsigned short, unsigned short)
                0x00000000c001ed1d                Vm::doISR(regs*, int, unsigned char*, unsigned short, unsigned short)
                0x00000000c001eda7                Vm::readByteFromReal(unsigned short, unsigned short)
                0x00000000c001edb8                Vm::readWordFromReal(unsigned short, unsigned short)
                0x00000000c001edca                Vm::readDwordFromReal(unsigned short, unsigned short)
                0x00000000c001eddb                Vm::writeByteFromReal(unsigned short, unsigned short, unsigned char)
                0x00000000c001edf0                Vm::writeWordFromReal(unsigned short, unsigned short, unsigned short)
                0x00000000c001ee06                Vm::writeDwordFromReal(unsigned short, unsigned short, unsigned int)
                0x00000000c001ee1b                Vm::faultHandler(regs*)
 .text          0x00000000c001f64c      0xefd vm86/x87em.32
                0x00000000c001f64c                Vm::fpuInternalTo32(unsigned long long)
                0x00000000c001f6a7                Vm::fpuInternalTo64(unsigned long long)
                0x00000000c001f6b0                Vm::fpu32ToInternal(unsigned int)
                0x00000000c001f6f5                Vm::fpu64ToInternal(unsigned long long)
                0x00000000c001f6fe                Vm::fpuFloatToLong(unsigned long long)
                0x00000000c001f759                Vm::fpuULongToFloat(unsigned long long)
                0x00000000c001f78f                Vm::fpuLongToFloat(long long)
                0x00000000c001f7e5                Vm::fpuGet0()
                0x00000000c001f7ea                Vm::fpuGet1()
                0x00000000c001f7f2                Vm::fpuGetPi()
                0x00000000c001f7fa                Vm::fpuGetLog2E()
                0x00000000c001f812                Vm::fpuGetLogE2()
                0x00000000c001f82a                Vm::fpuGetLog210()
                0x00000000c001f842                Vm::fpuGetLog102()
                0x00000000c001f85a                Vm::fpuIsSecondLarger(unsigned long long, unsigned long long)
                0x00000000c001f86e                Vm::fpuAreEqual(unsigned long long, unsigned long long)
                0x00000000c001f884                Vm::fpuUnorderedCompare(unsigned long long, unsigned long long)
                0x00000000c001f8d7                Vm::fpuAdd(unsigned long long, unsigned long long)
                0x00000000c001f8e8                Vm::fpuAbs(unsigned long long)
                0x00000000c001f8f1                Vm::fpuChs(unsigned long long)
                0x00000000c001f901                Vm::fpuSub(unsigned long long, unsigned long long)
                0x00000000c001f910                Vm::fpuMultiply(unsigned long long, unsigned long long)
                0x00000000c001f92f                Vm::fpuDivide(unsigned long long, unsigned long long)
                0x00000000c001f94b                Vm::fpuSquare(unsigned long long)
                0x00000000c001f961                Vm::fpuGetReg(int)
                0x00000000c001f9a4                Vm::fpuSetReg(int, unsigned long long)
                0x00000000c001f9ef                Vm::fpuPush(unsigned long long)
                0x00000000c001fa4c                Vm::fpuPop()
                0x00000000c001fa9e                Vm::x87Handler(regs*)
 *fill*         0x00000000c0020549        0x1 
 .text          0x00000000c002054a     0x10ed fs/fat/vfslink.32
                0x00000000c002054a                FAT::getName()
                0x00000000c0020550                FAT::tell(void*, unsigned long long*)
                0x00000000c0020584                FAT::stat(void*, unsigned long long*)
                0x00000000c00205b8                FAT::~FAT()
                0x00000000c00205b8                FAT::~FAT()
                0x00000000c00205dc                FAT::~FAT()
                0x00000000c0020604                FAT::getlabel(LogicalDisk*, int, char*, unsigned int*)
                0x00000000c00206a2                FAT::setlabel(LogicalDisk*, int, char*)
                0x00000000c002075c                FAT::format(LogicalDisk*, int, char const*, int)
                0x00000000c0020940                FAT::tryMount(LogicalDisk*, int)
                0x00000000c0020b46                FAT::readDir(void*, unsigned long, void*, int*)
                0x00000000c0020c4c                FAT::read(void*, unsigned long, void*, int*)
                0x00000000c0020ca6                FAT::write(void*, unsigned long, void*, int*)
                0x00000000c0020d00                FAT::close(void*)
                0x00000000c0020d4c                FAT::closeDir(void*)
                0x00000000c0020d98                FAT::seek(void*, unsigned long long)
                0x00000000c0020dec                fatWrapperReadDisk
                0x00000000c0020e33                fatWrapperWriteDisk
                0x00000000c0020e7a                fatWrapperIoctl
                0x00000000c0020f7e                FAT::FAT()
                0x00000000c0020f7e                FAT::FAT()
                0x00000000c0020fd0                FAT::fixFilepath(char*)
                0x00000000c0021008                FAT::open(char const*, void**, FileOpenMode)
                0x00000000c0021130                FAT::openDir(char const*, void**)
                0x00000000c00211d6                FAT::stat(char const*, unsigned long long*, bool*)
                0x00000000c00212c0                FAT::unlink(char const*)
                0x00000000c002133a                FAT::chfatattr(char const*, unsigned char, unsigned char)
                0x00000000c002148e                FAT::rename(char const*, char const*)
                0x00000000c0021552                FAT::mkdir(char const*)
                0x00000000c00215cc                FAT::exists(char const*)
 *fill*         0x00000000c0021637        0x1 
 .text          0x00000000c0021638      0xbc1 fs/iso9660/vfslink.32
                0x00000000c0021638                ISO9660::format(LogicalDisk*, int, char const*, int)
                0x00000000c002163e                ISO9660::seek(void*, unsigned long long)
                0x00000000c002166e                ISO9660::tell(void*, unsigned long long*)
                0x00000000c0021692                ISO9660::getName()
                0x00000000c0021698                ISO9660::stat(void*, unsigned long long*)
                0x00000000c00216bc                ISO9660::chfatattr(char const*, unsigned char, unsigned char)
                0x00000000c00216c2                ISO9660::unlink(char const*)
                0x00000000c00216c8                ISO9660::write(void*, unsigned long, void*, int*)
                0x00000000c00216ce                ISO9660::rename(char const*, char const*)
                0x00000000c00216d4                ISO9660::mkdir(char const*)
                0x00000000c00216da                ISO9660::close(void*)
                0x00000000c00216fc                ISO9660::closeDir(void*)
                0x00000000c002171e                ISO9660::~ISO9660()
                0x00000000c002171e                ISO9660::~ISO9660()
                0x00000000c0021742                ISO9660::~ISO9660()
                0x00000000c0021769                __memmem(unsigned char*, int, unsigned char*, int)
                0x00000000c00217ab                readSectorFromCDROM(unsigned int, unsigned char*, char)
                0x00000000c0021812                ISO9660::tryMount(LogicalDisk*, int)
                0x00000000c0021862                ISO9660::read(void*, unsigned long, void*, int*)
                0x00000000c0021a62                ISO9660::readDir(void*, unsigned long, void*, int*)
                0x00000000c0021cef                readRoot(unsigned int*, unsigned int*, char)
                0x00000000c0021d44                readRecursively(char*, unsigned int, unsigned int, unsigned int*, unsigned int*, char, int*)
                0x00000000c0021f17                getFileData(char*, unsigned int*, unsigned int*, char, int*)
                0x00000000c0021fa6                ISO9660::open(char const*, void**, FileOpenMode)
                0x00000000c0022066                ISO9660::exists(char const*)
                0x00000000c002208a                ISO9660::stat(char const*, unsigned long long*, bool*)
                0x00000000c002211e                ISO9660::openDir(char const*, void**)
                0x00000000c00221d6                ISO9660::ISO9660()
                0x00000000c00221d6                ISO9660::ISO9660()
 *fill*         0x00000000c00221f9        0x1 
 .text          0x00000000c00221fa      0x326 hal/sound/sndchannel.32
                0x00000000c00221fa                SoundChannel::~SoundChannel()
                0x00000000c00221fa                SoundChannel::~SoundChannel()
                0x00000000c0022216                SoundChannel::setSpeed(float)
                0x00000000c0022222                SoundChannel::getSpeed()
                0x00000000c002222a                SoundChannel::setVolume(int)
                0x00000000c0022246                SoundChannel::getVolume()
                0x00000000c002224e                SoundChannel::pause()
                0x00000000c0022258                SoundChannel::SoundChannel(int, int, int, int)
                0x00000000c0022258                SoundChannel::SoundChannel(int, int, int, int)
                0x00000000c00223ae                SoundChannel::play()
                0x00000000c00223b8                SoundChannel::paused()
                0x00000000c00223c0                SoundChannel::getSampleRate()
                0x00000000c00223c8                SoundChannel::getBits()
                0x00000000c00223d0                SoundChannel::getBufferUsed()
                0x00000000c00223d8                SoundChannel::getBufferSize()
                0x00000000c00223e0                SoundChannel::unbuffer(float*, int, int)
                0x00000000c0022480                SoundChannel::buffer8(unsigned char*, int)
 .text          0x00000000c0022520      0x3d5 hal/sound/sndhw.32
                0x00000000c0022520                SoundDevice::SoundDevice(char const*)
                0x00000000c0022520                SoundDevice::SoundDevice(char const*)
                0x00000000c002258c                SoundDevice::~SoundDevice()
                0x00000000c002258c                SoundDevice::~SoundDevice()
                0x00000000c0022606                SoundDevice::~SoundDevice()
                0x00000000c0022630                SoundDevice::getFreeChannelNum()
                0x00000000c002264a                SoundDevice::addChannel(SoundChannel*)
                0x00000000c00226ba                SoundDevice::removeChannel(int)
                0x00000000c00226ec                SoundDevice::floatTo8(float*, unsigned char*, int)
                0x00000000c00227d4                SoundDevice::getAudio(int, float*, float*)
 .text          0x00000000c00228f5        0x0 hw/bus/isa.32
 *fill*         0x00000000c00228f5        0x1 
 .text          0x00000000c00228f6      0x6c3 hw/bus/pci.32
                0x00000000c00228f6                PCI::open(int, int, void*)
                0x00000000c002290a                PCI::close(int, int, void*)
                0x00000000c002290e                PCI::PCI()
                0x00000000c002290e                PCI::PCI()
                0x00000000c002298e                PCI::pciReadWord(unsigned char, unsigned char, unsigned char, unsigned char)
                0x00000000c00229d6                PCI::getVendorID(unsigned char, unsigned char, unsigned char)
                0x00000000c00229f8                PCI::getHeaderType(unsigned char, unsigned char, unsigned char)
                0x00000000c0022a1c                PCI::getClassCode(unsigned char, unsigned char, unsigned char)
                0x00000000c0022a60                PCI::getProgIF(unsigned char, unsigned char, unsigned char)
                0x00000000c0022a84                PCI::getRevisionID(unsigned char, unsigned char, unsigned char)
                0x00000000c0022aa6                PCI::getInterruptNumber(unsigned char, unsigned char, unsigned char)
                0x00000000c0022ac8                PCI::getSecondaryBus(unsigned char, unsigned char, unsigned char)
                0x00000000c0022aec                PCI::getBARAddress(unsigned char, unsigned char, unsigned char, unsigned char)
                0x00000000c0022b4c                PCI::pciWriteWord(unsigned char, unsigned char, unsigned char, unsigned char, unsigned short)
                0x00000000c0022bb8                PCI::checkBus(unsigned char)
                0x00000000c0022bdc                PCI::foundDevice(PCIDeviceInfo)
                0x00000000c0022d4e                PCI::getDeviceData(unsigned char, unsigned char, unsigned char)
                0x00000000c0022efa                PCI::checkDevice(unsigned char, unsigned char)
                0x00000000c0022f66                PCI::detect()
 *fill*         0x00000000c0022fb9        0x1 
 .text          0x00000000c0022fba      0xc70 hw/diskctrl/ide.32
                0x00000000c0022fba                IDE::close(int, int, void*)
                0x00000000c0022fbe                IDE::IDE()
                0x00000000c0022fbe                IDE::IDE()
                0x00000000c0022ff2                IDE::prepareInterrupt(unsigned char)
                0x00000000c0023004                selectDrive(unsigned char, unsigned char)
                0x00000000c0023006                IDE::getBase(unsigned char)
                0x00000000c0023018                IDE::write(unsigned char, unsigned char, unsigned char)
                0x00000000c00230d8                IDE::read(unsigned char, unsigned char)
                0x00000000c0023186                IDE::waitInterrupt(unsigned char)
                0x00000000c00231ec                ideChannel0IRQHandler(regs*, void*)
                0x00000000c0023208                ideChannel1IRQHandler(regs*, void*)
                0x00000000c0023224                IDE::enableIRQs(unsigned char, bool)
                0x00000000c002326a                IDE::open(int, int, void*)
                0x00000000c002367a                IDE::readBuffer(unsigned char, unsigned char, unsigned int, unsigned int)
                0x00000000c0023746                IDE::detect()
                0x00000000c0023a2e                IDE::printError(unsigned char, unsigned char, unsigned char)
                0x00000000c0023bc4                IDE::polling(unsigned char, unsigned int)
 .text          0x00000000c0023c2a      0x390 hw/diskctrl/satabus.32
                0x00000000c0023c2a                SATABus::close(int, int, void*)
                0x00000000c0023c2e                SATABus::detect()
                0x00000000c0023c30                SATABus::SATABus()
                0x00000000c0023c30                SATABus::SATABus()
                0x00000000c0023cdc                SATABus::findCmdslot(SATABus::tagHBA_PORT volatile*)
                0x00000000c0023d24                SATABus::checkType(SATABus::tagHBA_PORT volatile*)
                0x00000000c0023d6c                SATABus::startCmd(SATABus::tagHBA_PORT volatile*)
                0x00000000c0023d8c                SATABus::stopCmd(SATABus::tagHBA_PORT volatile*)
                0x00000000c0023db6                SATABus::portRebase(SATABus::tagHBA_PORT volatile*, int)
                0x00000000c0023ebc                SATABus::probePort(SATABus::tagHBA_MEM volatile*)
                0x00000000c0023f9a                SATABus::open(int, int, void*)
 .text          0x00000000c0023fba      0x63c hw/diskphys/ata.32
                0x00000000c0023fba                ATA::close(int, int, void*)
                0x00000000c0023fde                ATA::powerSaving(PowerSavingLevel)
                0x00000000c0023fe0                ATA::ATA()
                0x00000000c0023fe0                ATA::ATA()
                0x00000000c002400e                ATA::flush(bool)
                0x00000000c0024058                ATA::readyForCommand()
                0x00000000c00240a8                ATA::access(unsigned long long, int, void*, bool)
                0x00000000c0024430                ATA::read(unsigned long long, int, void*)
                0x00000000c0024498                ATA::write(unsigned long long, int, void*)
                0x00000000c0024500                ATA::detectCHS()
                0x00000000c002452a                ATA::open(int, int, void*)
 .text          0x00000000c00245f6      0x5bd hw/diskphys/atapi.32
                0x00000000c00245f6                ATAPI::write(unsigned long long, int, void*)
                0x00000000c00245fc                ATAPI::close(int, int, void*)
                0x00000000c0024620                ATAPI::ATAPI()
                0x00000000c0024620                ATAPI::ATAPI()
                0x00000000c002464e                ATAPI::readyForCommand()
                0x00000000c002469e                ATAPI::sendPacket(unsigned char*, int, bool, unsigned short*, int)
                0x00000000c002495e                ATAPI::diskRemoved()
                0x00000000c002497a                ATAPI::eject()
                0x00000000c00249c2                ATAPI::diskInserted()
                0x00000000c00249f0                ATAPI::detectMedia()
                0x00000000c0024aac                ATAPI::open(int, int, void*)
                0x00000000c0024b34                ATAPI::read(unsigned long long, int, void*)
 *fill*         0x00000000c0024bb3        0x1 
 .text          0x00000000c0024bb4      0x455 hw/diskphys/sata.32
                0x00000000c0024bb4                SATA::close(int, int, void*)
                0x00000000c0024bd8                SATA::powerSaving(PowerSavingLevel)
                0x00000000c0024bda                SATA::open(int, int, void*)
                0x00000000c0024c88                SATA::SATA()
                0x00000000c0024c88                SATA::SATA()
                0x00000000c0024cb6                SATA::access(unsigned long long, int, void*, bool)
                0x00000000c0024f1c                SATA::read(unsigned long long, int, void*)
                0x00000000c0024f84                SATA::write(unsigned long long, int, void*)
 *fill*         0x00000000c0025009        0x1 
 .text          0x00000000c002500a      0x500 hw/diskphys/satapi.32
                0x00000000c002500a                SATAPI::write(unsigned long long, int, void*)
                0x00000000c0025010                SATAPI::close(int, int, void*)
                0x00000000c0025034                SATAPI::SATAPI()
                0x00000000c0025034                SATAPI::SATAPI()
                0x00000000c0025062                SATAPI::diskRemoved()
                0x00000000c002507e                SATAPI::diskInserted()
                0x00000000c00250ac                SATAPI::sendPacket(unsigned char*, int, unsigned long long, unsigned short*, int)
                0x00000000c00252b0                SATAPI::eject()
                0x00000000c00252f8                SATAPI::detectMedia()
                0x00000000c00253ba                SATAPI::open(int, int, void*)
                0x00000000c0025468                SATAPI::read(unsigned long long, int, void*)
 .text          0x00000000c002550a       0x8e hw/fpu/avx.32
                0x00000000c002550a                AVX::open(int, int, void*)
                0x00000000c002551c                AVX::close(int, int, void*)
                0x00000000c002552e                AVX::available()
                0x00000000c0025540                AVX::save(void*)
                0x00000000c0025558                AVX::load(void*)
                0x00000000c0025570                AVX::AVX()
                0x00000000c0025570                AVX::AVX()
 .text          0x00000000c0025598       0x90 hw/fpu/mmx.32
                0x00000000c0025598                MMX::available()
                0x00000000c00255ac                MMX::open(int, int, void*)
                0x00000000c00255be                MMX::close(int, int, void*)
                0x00000000c00255d0                MMX::save(void*)
                0x00000000c00255e8                MMX::load(void*)
                0x00000000c0025600                MMX::MMX()
                0x00000000c0025600                MMX::MMX()
 .text          0x00000000c0025628       0x96 hw/fpu/sse.32
                0x00000000c0025628                SSE::open(int, int, void*)
                0x00000000c002563a                SSE::close(int, int, void*)
                0x00000000c002564c                SSE::available()
                0x00000000c0025666                SSE::save(void*)
                0x00000000c002567e                SSE::load(void*)
                0x00000000c0025696                SSE::SSE()
                0x00000000c0025696                SSE::SSE()
 .text          0x00000000c00256be       0x8e hw/fpu/x87.32
                0x00000000c00256be                x87::open(int, int, void*)
                0x00000000c00256d0                x87::close(int, int, void*)
                0x00000000c00256e2                x87::available()
                0x00000000c00256f4                x87::save(void*)
                0x00000000c002570c                x87::load(void*)
                0x00000000c0025724                x87::x87()
                0x00000000c0025724                x87::x87()
 .text          0x00000000c002574c      0x71e hw/intctrl/apic.32
                0x00000000c002574c                APIC::disable()
                0x00000000c002574e                APIC::close(int, int, void*)
                0x00000000c0025770                IOAPIC::close(int, int, void*)
                0x00000000c0025776                APIC::io_wait()
                0x00000000c002577c                APIC::getBase()
                0x00000000c00257be                APIC::eoi(unsigned char)
                0x00000000c00257ec                APIC::open(int, int, void*)
                0x00000000c002593a                IOAPIC::IOAPIC()
                0x00000000c002593a                IOAPIC::IOAPIC()
                0x00000000c0025962                APIC::APIC()
                0x00000000c0025962                APIC::APIC()
                0x00000000c0025a3e                IOAPIC::handlesGSIWithNumber(unsigned int)
                0x00000000c0025a70                IOAPIC::read(int)
                0x00000000c0025a98                IOAPIC::open(int, int, void*)
                0x00000000c0025b8e                IOAPIC::write(int, int)
                0x00000000c0025bba                IOAPIC::redirect(unsigned char, unsigned long long, unsigned char, bool, bool)
                0x00000000c0025cb4                APIC::installIRQHandler(int, void (*)(regs*, void*), bool, void*)
 .text          0x00000000c0025e6a      0x3d3 hw/intctrl/pic.32
                0x00000000c0025e6a                PIC::disable()
                0x00000000c0025e98                PIC::close(int, int, void*)
                0x00000000c0025eba                PIC::PIC()
                0x00000000c0025eba                PIC::PIC()
                0x00000000c0025f90                PIC::ioWait()
                0x00000000c0025f96                PIC::getIRQReg(int)
                0x00000000c0026000                PIC::eoi(unsigned char)
                0x00000000c0026092                PIC::remap()
                0x00000000c00261fe                PIC::open(int, int, void*)
 *fill*         0x00000000c002623d        0x1 
 .text          0x00000000c002623e      0x25e hw/timer/apictimer.32
                0x00000000c002623e                APICTimer::close(int, int, void*)
                0x00000000c0026244                apicTimerHandler(regs*, void*)
                0x00000000c0026272                APICTimer::write(int)
                0x00000000c0026376                APICTimer::open(int, int, void*)
                0x00000000c0026474                APICTimer::APICTimer()
                0x00000000c0026474                APICTimer::APICTimer()
 .text          0x00000000c002649c      0x1a7 hw/timer/pit.32
                0x00000000c002649c                PIT::write(int)
                0x00000000c002651a                pitHandler(regs*, void*)
                0x00000000c0026546                PIT::open(int, int, void*)
                0x00000000c0026594                PIT::close(int, int, void*)
                0x00000000c00265c4                PIT::PIT()
                0x00000000c00265c4                PIT::PIT()
 *fill*         0x00000000c0026643        0xd 
 .text          0x00000000c0026650       0x1e hw/fpu/x86/avx.32
                0x00000000c0026650                avxDetect
                0x00000000c0026656                avxSave
                0x00000000c0026657                avxLoad
                0x00000000c0026658                avxInit
                0x00000000c0026659                avxClose
                0x00000000c002665a                wouldSheSayYes
 *fill*         0x00000000c002666e        0x2 
 .text          0x00000000c0026670       0x35 hw/fpu/x86/sse.32
                0x00000000c0026670                absolutelyNoChanceInHell
                0x00000000c0026670                sseDetect
                0x00000000c0026688                sseSave
                0x00000000c002668e                sseLoad
                0x00000000c0026694                sseInit
                0x00000000c00266a4                sseClose
 *fill*         0x00000000c00266a5        0xb 
 .text          0x00000000c00266b0       0x47 hw/fpu/x86/x87.32
                0x00000000c00266b6                x87Detect
                0x00000000c00266d1                x87Save
                0x00000000c00266d7                x87Load
                0x00000000c00266dc                x87Init
                0x00000000c00266f6                x87Close
 *fill*         0x00000000c00266f7        0x1 
 .text          0x00000000c00266f8       0x25 /cygdrive/d/Users/Alex/Desktop/Toolchain/Output/bin/../lib/gcc/i386-banana/8.1.0/crtend.o
 .text          0x00000000c002671d        0x0 crtn.32
 *fill*         0x00000000c002671d        0x3 
 .text          0x00000000c0026720      0x14b /cygdrive/d/Users/Alex/Desktop/Toolchain/Output/bin/../lib/gcc/i386-banana/8.1.0/libkgcc.a(_divdi3.o)
                0x00000000c0026720                __divdi3
 *fill*         0x00000000c002686b        0x1 
 .text          0x00000000c002686c      0x17e /cygdrive/d/Users/Alex/Desktop/Toolchain/Output/bin/../lib/gcc/i386-banana/8.1.0/libkgcc.a(_moddi3.o)
                0x00000000c002686c                __moddi3
 *fill*         0x00000000c00269ea        0x2 
 .text          0x00000000c00269ec       0xff /cygdrive/d/Users/Alex/Desktop/Toolchain/Output/bin/../lib/gcc/i386-banana/8.1.0/libkgcc.a(_udivdi3.o)
                0x00000000c00269ec                __udivdi3
 *fill*         0x00000000c0026aeb        0x1 
 .text          0x00000000c0026aec      0x11a /cygdrive/d/Users/Alex/Desktop/Toolchain/Output/bin/../lib/gcc/i386-banana/8.1.0/libkgcc.a(_umoddi3.o)
                0x00000000c0026aec                __umoddi3
 .text          0x00000000c0026c06      0x96d D:/Users/Alex/Desktop/Banana/kernel/libsoftfp.a(sfieeelib.o)
                0x00000000c0026c06                __addsf3
                0x00000000c0026f08                __subsf3
                0x00000000c0026f1c                __negsf2
                0x00000000c0026f29                __mulsf3
                0x00000000c00270ec                __divsf3
                0x00000000c0027317                __floatsisf
                0x00000000c002738b                __floatunsisf
                0x00000000c00273cd                __fixsfsi
                0x00000000c002742f                __fixunssfsi
                0x00000000c0027460                __cmpsf2
                0x00000000c00274f5                __eqsf2