Archive member included to satisfy reference by file (symbol)

/cygdrive/d/Users/Alex/Desktop/Toolchain/Output/bin/../lib/gcc/i386-banana/8.1.0/libkgcc.a(_divdi3.o)
                              krnl/resolve.32 (__divdi3)
/cygdrive/d/Users/Alex/Desktop/Toolchain/Output/bin/../lib/gcc/i386-banana/8.1.0/libkgcc.a(_moddi3.o)
                              krnl/resolve.32 (__moddi3)
/cygdrive/d/Users/Alex/Desktop/Toolchain/Output/bin/../lib/gcc/i386-banana/8.1.0/libkgcc.a(_udivdi3.o)
                              hal/clock.32 (__udivdi3)
/cygdrive/d/Users/Alex/Desktop/Toolchain/Output/bin/../lib/gcc/i386-banana/8.1.0/libkgcc.a(_umoddi3.o)
                              core/pipe.32 (__umoddi3)

Allocating common symbols
Common symbol       size              file

dcache              0x40              fs/iso9660/iso9660.32
cdDriveLetter       0x1               fs/iso9660/iso9660.32
icache              0x40              fs/iso9660/iso9660.32

Discarded input sections

 .comment       0x0000000000000000       0x12 /cygdrive/d/Users/Alex/Desktop/Toolchain/Output/bin/../lib/gcc/i386-banana/8.1.0/crtbegin.o
 .comment       0x0000000000000000       0x12 acpica/utclib.32
 .comment       0x0000000000000000       0x12 core/malloc.32
 .comment       0x0000000000000000       0x12 libk/ctype.32
 .comment       0x0000000000000000       0x12 libk/string.32
 .comment       0x0000000000000000       0x12 fs/fat/diskio.32
 .comment       0x0000000000000000       0x12 fs/fat/ff.32
 .comment       0x0000000000000000       0x12 fs/fat/ffsystem.32
 .comment       0x0000000000000000       0x12 fs/fat/ffunicode.32
 .comment       0x0000000000000000       0x12 fs/iso9660/iso9660.32
 .group         0x0000000000000000       0x14 core/computer.32
 .group         0x0000000000000000        0xc core/computer.32
 .comment       0x0000000000000000       0x12 core/computer.32
 .comment       0x0000000000000000       0x12 core/gdt.32
 .group         0x0000000000000000        0xc core/idle.32
 .comment       0x0000000000000000       0x12 core/idle.32
 .comment       0x0000000000000000       0x12 core/idt.32
 .comment       0x0000000000000000       0x12 core/kheap.32
 .comment       0x0000000000000000       0x12 core/main.32
 .comment       0x0000000000000000       0x12 core/physmgr.32
 .group         0x0000000000000000        0xc core/pipe.32
 .comment       0x0000000000000000       0x12 core/pipe.32
 .group         0x0000000000000000        0xc core/terminal.32
 .comment       0x0000000000000000       0x12 core/terminal.32
 .comment       0x0000000000000000       0x12 core/tss.32
 .group         0x0000000000000000        0xc core/unixfile.32
 .group         0x0000000000000000        0xc core/unixfile.32
 .group         0x0000000000000000        0xc core/unixfile.32
 .group         0x0000000000000000        0xc core/unixfile.32
 .group         0x0000000000000000        0xc core/unixfile.32
 .group         0x0000000000000000        0xc core/unixfile.32
 .group         0x0000000000000000        0xc core/unixfile.32
 .group         0x0000000000000000        0xc core/unixfile.32
 .comment       0x0000000000000000       0x12 core/unixfile.32
 .comment       0x0000000000000000       0x12 core/virtmgr.32
 .comment       0x0000000000000000       0x12 coreobjs/c++.32
 .comment       0x0000000000000000       0x12 dbg/kconsole.32
 .comment       0x0000000000000000       0x12 dbg/usban.32
 .group         0x0000000000000000        0xc fs/vfs.32
 .group         0x0000000000000000        0xc fs/vfs.32
 .group         0x0000000000000000        0xc fs/vfs.32
 .comment       0x0000000000000000       0x12 fs/vfs.32
 .group         0x0000000000000000        0xc hal/bus.32
 .comment       0x0000000000000000       0x12 hal/bus.32
 .comment       0x0000000000000000       0x12 hal/buzzer.32
 .group         0x0000000000000000        0xc hal/clock.32
 .comment       0x0000000000000000       0x12 hal/clock.32
 .group         0x0000000000000000       0x14 hal/device.32
 .group         0x0000000000000000        0xc hal/device.32
 .group         0x0000000000000000        0xc hal/device.32
 .group         0x0000000000000000        0xc hal/device.32
 .group         0x0000000000000000        0xc hal/device.32
 .comment       0x0000000000000000       0x12 hal/device.32
 .group         0x0000000000000000        0xc hal/diskctrl.32
 .comment       0x0000000000000000       0x12 hal/diskctrl.32
 .group         0x0000000000000000        0xc hal/diskphys.32
 .comment       0x0000000000000000       0x12 hal/diskphys.32
 .comment       0x0000000000000000       0x12 hal/fpu.32
 .comment       0x0000000000000000       0x12 hal/intctrl.32
 .group         0x0000000000000000        0xc hal/keybrd.32
 .comment       0x0000000000000000       0x12 hal/keybrd.32
 .group         0x0000000000000000        0xc hal/logidisk.32
 .comment       0x0000000000000000       0x12 hal/logidisk.32
 .group         0x0000000000000000        0xc hal/mouse.32
[...]
Memory Configuration

Name             Origin             Length             Attributes
*default*        0x0000000000000000 0xffffffffffffffff

Linker script and memory map

LOAD D:/Users/Alex/Desktop/Banana/kernel/boot.32
LOAD crti.32
LOAD /cygdrive/d/Users/Alex/Desktop/Toolchain/Output/bin/../lib/gcc/i386-banana/8.1.0/crtbegin.o
LOAD D:/Users/Alex/Desktop/Banana/kernel/morenasm.32
LOAD acpica/utclib.32
LOAD core/malloc.32
LOAD libk/ctype.32
LOAD libk/string.32
LOAD fs/fat/diskio.32
LOAD fs/fat/ff.32
LOAD fs/fat/ffsystem.32
LOAD fs/fat/ffunicode.32
LOAD fs/iso9660/iso9660.32
LOAD core/computer.32
LOAD core/gdt.32
LOAD core/idle.32
LOAD core/idt.32
LOAD core/kheap.32
LOAD core/main.32
LOAD core/physmgr.32
LOAD core/pipe.32
LOAD core/terminal.32
LOAD core/tss.32
LOAD core/unixfile.32
LOAD core/virtmgr.32
LOAD coreobjs/c++.32
LOAD dbg/kconsole.32
LOAD dbg/usban.32
LOAD fs/vfs.32
LOAD hal/bus.32
LOAD hal/buzzer.32
LOAD hal/clock.32
LOAD hal/device.32
LOAD hal/diskctrl.32
LOAD hal/diskphys.32
LOAD hal/fpu.32
LOAD hal/intctrl.32
LOAD hal/keybrd.32
LOAD hal/logidisk.32
LOAD hal/mouse.32
LOAD hal/nic.32
LOAD hal/partition.32
LOAD hal/serial.32
LOAD hal/timer.32
LOAD hal/vcache.32
LOAD hal/video.32
LOAD hw/acpi.32
LOAD hw/cpu.32
LOAD krnl/bootmsg.32
LOAD krnl/env.32
LOAD krnl/inlines.32
LOAD krnl/panic.32
LOAD krnl/powctrl.32
LOAD krnl/random.32
LOAD krnl/resolve.32
LOAD krnl/signal.32
LOAD krnl/syscalls.32
LOAD net/ethernet.32
LOAD reg/cm.32
LOAD reg/registry.32
LOAD sys/eject.32
LOAD sys/exit.32
LOAD sys/getcwd.32
LOAD sys/getpid.32
LOAD sys/getramdata.32
LOAD sys/getvgaptr.32
LOAD sys/kill.32
LOAD sys/loaddll.32
LOAD sys/read.32
LOAD sys/registersignal.32
LOAD sys/registry.32
LOAD sys/sbrk.32
LOAD sys/setcwd.32
LOAD sys/settime.32
LOAD sys/timezone.32
LOAD sys/write.32
LOAD sys/wsbe.32
LOAD sys/yield.32
LOAD thr/elf.32
LOAD thr/prcssthr.32
LOAD vm86/vm8086.32
LOAD arch/i386/hal.32
LOAD arch/i386/pic.32
LOAD arch/i386/rtc.32
LOAD arch/i386/vga.32
LOAD fs/fat/vfslink.32
LOAD fs/iso9660/helper.32
LOAD fs/iso9660/vfslink.32
LOAD hal/sound/sndcard.32
LOAD hal/sound/sndport.32
LOAD hw/bus/isa.32
LOAD hw/bus/pci.32
LOAD hw/diskctrl/ide.32
LOAD hw/diskctrl/satabus.32
LOAD hw/diskphys/ata.32
LOAD hw/diskphys/atapi.32
LOAD hw/diskphys/sata.32
LOAD hw/diskphys/satapi.32
LOAD hw/intctrl/apic.32
LOAD hw/timer/apictimer.32
LOAD hw/timer/pit.32
LOAD arch/i386/avx.32
LOAD arch/i386/interrupt.32
LOAD arch/i386/rdrand.32
LOAD arch/i386/sse.32
LOAD arch/i386/x87.32
LOAD /cygdrive/d/Users/Alex/Desktop/Toolchain/Output/bin/../lib/gcc/i386-banana/8.1.0/crtend.o
LOAD crtn.32
LOAD /cygdrive/d/Users/Alex/Desktop/Toolchain/Output/bin/../lib/gcc/i386-banana/8.1.0/libkgcc.a
LOAD D:/Users/Alex/Desktop/Banana/kernel/libsoftfp.a
LOAD D:/Users/Alex/Desktop/Banana/kernel/libk/libm32.a
                0x00000000c0000000                . = 0xc0000000

.text           0x00000000c0000000    0x7035a
 *(.text)
 .text          0x00000000c0000000       0x20 D:/Users/Alex/Desktop/Banana/kernel/boot.32
 .text          0x00000000c0000020        0x0 crti.32
 .text          0x00000000c0000020      0x101 /cygdrive/d/Users/Alex/Desktop/Toolchain/Output/bin/../lib/gcc/i386-banana/8.1.0/crtbegin.o
 *fill*         0x00000000c0000121        0xf 
 .text          0x00000000c0000130      0x24f D:/Users/Alex/Desktop/Banana/kernel/morenasm.32
                0x00000000c0000130                manualPCIProbe
                0x00000000c000017b                prepareTramp
                0x00000000c0000194                doTPAUSE
                0x00000000c000019e                hasLegacyFPU
                0x00000000c00001c3                is486
                0x00000000c00001f9                detectCPUID
                0x00000000c000020f                goToVM86
                0x00000000c000023f                goToUsermode
                0x00000000c0000269                switchToThreadASMFirstTime
                0x00000000c0000277                switchToThreadASM
                0x00000000c00002fc                asmQuickAcquireLock
                0x00000000c000031a                asmQuickReleaseLock
                0x00000000c0000326                asmAcquireLock
                0x00000000c0000347                asmReleaseLock
                0x00000000c000035a                loadGDT
                0x00000000c000037a                memcpy
 *fill*         0x00000000c000037f        0x1 
 .text          0x00000000c0000380     0x1d37 acpica/utclib.32
                0x00000000c0000380                memcmp
                0x00000000c0000520                memmove
                0x00000000c00007a0                memset
                0x00000000c0000830                strlen
                0x00000000c00008d0                strpbrk
                0x00000000c0000a50                strtok
                0x00000000c0000b70                strcpy
                0x00000000c0000cb0                strncpy
                0x00000000c0000ff0                strcmp
                0x00000000c0001190                strchr
                0x00000000c0001240                strncmp
                0x00000000c0001430                strcat
                0x00000000c0001590                strncat
                0x00000000c0001770                strstr
                0x00000000c0001800                toupper
                0x00000000c0001890                tolower
                0x00000000c0001920                simple_strtoul
 .text          0x00000000c00020b7     0x4f41 core/malloc.32
                0x00000000c0002bae                dlfree
                0x00000000c0003b72                dlmalloc
                0x00000000c00056d7                dlrealloc
                0x00000000c0006202                dlmemalign
                0x00000000c00066d2                dlcalloc
                0x00000000c00069c0                dlcfree
                0x00000000c00069c5                dlindependent_calloc
                0x00000000c00069ea                dlindependent_comalloc
                0x00000000c0006a01                dlvalloc
                0x00000000c0006a2c                dlpvalloc
                0x00000000c0006a62                dlmalloc_trim
                0x00000000c0006a75                dlmalloc_usable_size
                0x00000000c0006b9d                dlmallinfo
                0x00000000c0006f58                dlmalloc_stats
                0x00000000c0006f6c                dlmallopt
 .text          0x00000000c0006ff8      0x1f2 libk/ctype.32
                0x00000000c0006ff8                isblank
                0x00000000c0007018                iscntrl
                0x00000000c0007038                isdigit
                0x00000000c0007054                islower
                0x00000000c0007070                isspace
                0x00000000c0007098                isupper
                0x00000000c00070b4                isalpha
                0x00000000c00070e4                isalnum
                0x00000000c0007114                ispunct
                0x00000000c0007154                isgraph
                0x00000000c0007184                isprint
                0x00000000c00071ac                isxdigit
 .text          0x00000000c00071ea        0x0 libk/string.32
 .text          0x00000000c00071ea      0x1c8 fs/fat/diskio.32
                0x00000000c00071ea                disk_status
                0x00000000c00071ed                disk_initialize
                0x00000000c00071f0                disk_read
                0x00000000c000728b                disk_write
                0x00000000c0007326                disk_ioctl
 .text          0x00000000c00073b2     0xc2a5 fs/fat/ff.32
                0x00000000c000dbe3                f_mount
                0x00000000c000dd5d                f_open
                0x00000000c000e4f6                f_read
                0x00000000c000ee43                f_write
                0x00000000c000f954                f_sync
                0x00000000c000fca6                f_close
                0x00000000c000fd0f                f_lseek
                0x00000000c0010515                f_opendir
                0x00000000c0010721                f_closedir
                0x00000000c001077d                f_readdir
                0x00000000c0010865                f_stat
                0x00000000c0010919                f_getfree
                0x00000000c0010cd6                f_truncate
                0x00000000c00110a3                f_unlink
                0x00000000c00111f0                f_mkdir
                0x00000000c0011623                f_rename
                0x00000000c0011946                f_chmod
                0x00000000c0011a9e                f_utime
                0x00000000c0011c3c                f_getlabel
                0x00000000c0011f6e                f_setlabel
                0x00000000c00122dd                f_expand
                0x00000000c0012745                f_mkfs
 *fill*         0x00000000c0013657        0x1 
 .text          0x00000000c0013658       0x2f fs/fat/ffsystem.32
                0x00000000c0013658                ff_memalloc
                0x00000000c0013670                ff_memfree
 *fill*         0x00000000c0013687        0x1 
 .text          0x00000000c0013688      0x4ea fs/fat/ffunicode.32
                0x00000000c0013688                ff_uni2oem
                0x00000000c0013790                ff_oem2uni
                0x00000000c001386c                ff_wtoupper
 .text          0x00000000c0013b72     0x4b94 fs/iso9660/iso9660.32
                0x00000000c00148a6                isoReadDiscSector
                0x00000000c0014aaf                strnicmp
                0x00000000c00151b6                stricmp
                0x00000000c0015286                iso_open
                0x00000000c0015605                iso_close
                0x00000000c0015693                iso_read
                0x00000000c0015e6b                iso_seek
                0x00000000c00164af                iso_tell
                0x00000000c0016650                iso_total
                0x00000000c00167ed                fn_postprocess
                0x00000000c0016877                iso_readdir
                0x00000000c0017fa4                iso_reset
                0x00000000c0017fc1                init_percd
                0x00000000c0018393                iso_ioctl
                0x00000000c00183ab                fs_iso9660_init
                0x00000000c00185de                fs_iso9660_shutdown
 *fill*         0x00000000c0018706        0x2 
 .text          0x00000000c0018708     0x1cd6 core/computer.32
                0x00000000c0018708                Computer::close(int, int, void*)
                0x00000000c00188c4                Krnl::firstTask()
                0x00000000c0018c10                Computer::Computer()
                0x00000000c0018c10                Computer::Computer()
                0x00000000c00190e0                Computer::setBootMessage(char const*)
                0x00000000c00190e4                Computer::detectFeatures()
                0x00000000c0019b28                Computer::displayFeatures()
                0x00000000c0019b2c                Computer::rdmsr(unsigned int)
                0x00000000c0019ba4                Computer::wrmsr(unsigned int, unsigned long long)
                0x00000000c0019c24                Computer::shutdown()
                0x00000000c0019cbc                Computer::restart()
                0x00000000c0019d54                Computer::sleep()
                0x00000000c0019dd4                Computer::nmiEnabled()
                0x00000000c0019e18                Computer::readCMOS(unsigned char)
                0x00000000c0019e78                Computer::enableNMI(bool)
                0x00000000c0019f14                Computer::open(int, int, void*)
                0x00000000c001a2c8                Computer::disableNMI()
                0x00000000c001a300                Computer::writeCMOS(unsigned char, unsigned char)
                0x00000000c001a368                Computer::handleNMI()
 .text          0x00000000c001a3de      0x50f core/gdt.32
                0x00000000c001a3de                GDTEntry::setBase(unsigned int)
                0x00000000c001a46e                GDTEntry::setLimit(unsigned int)
                0x00000000c001a4dc                GDT::GDT()
                0x00000000c001a4dc                GDT::GDT()
                0x00000000c001a562                GDT::addEntry(GDTEntry)
                0x00000000c001a63e                GDT::getNumberOfEntries()
                0x00000000c001a666                GDT::flush()
                0x00000000c001a6d4                GDT::setup()
 .text          0x00000000c001a8ed       0x38 core/idle.32
                0x00000000c001a8ed                idleFunction(void*)
 *fill*         0x00000000c001a925        0x3 
 .text          0x00000000c001a928      0xcf0 core/idt.32
                0x00000000c001a928                IDTEntry::IDTEntry(bool)
                0x00000000c001a928                IDTEntry::IDTEntry(bool)
                0x00000000c001ab94                IDTEntry::setOffset(unsigned int)
                0x00000000c001abf8                IDT::IDT()
                0x00000000c001abf8                IDT::IDT()
                0x00000000c001ac2a                IDT::getPointerToInvalidOpcodeEntryForF00F()
                0x00000000c001ac6a                IDT::addEntry(IDTEntry, int)
                0x00000000c001acd0                IDT::addEntry(int, void (*)(), bool)
                0x00000000c001ad2c                IDT::flush()
                0x00000000c001ad6a                IDT::setup()
 .text          0x00000000c001b618      0x2a5 core/kheap.32
                0x00000000c001b618                sbrk
                0x00000000c001b734                mmap
                0x00000000c001b74a                munmap
                0x00000000c001b760                liballoc_lock()
                0x00000000c001b79a                liballoc_unlock()
                0x00000000c001b7d8                liballoc_alloc(int)
                0x00000000c001b812                liballoc_free(void*, int)
                0x00000000c001b84f                realloc
                0x00000000c001b863                malloc
                0x00000000c001b873                free
                0x00000000c001b883                rfree
                0x00000000c001b893                calloc
 .text          0x00000000c001b8bd      0x135 core/main.32
                0x00000000c001b8bd                KeEntryPoint
 .text          0x00000000c001b9f2      0xd45 core/physmgr.32
                0x00000000c001b9f2                Phys::allocateDMA(unsigned long)
                0x00000000c001bce0                Phys::freeDMA(unsigned long, unsigned long)
                0x00000000c001bd96                Phys::setPageState(unsigned long, bool)
                0x00000000c001bed3                Phys::getPageState(unsigned long)
                0x00000000c001bf32                Phys::freePage(unsigned long)
                0x00000000c001bfc0                Phys::allocatePage()
                0x00000000c001c188                Phys::allocateContiguousPages(int)
                0x00000000c001c277                Phys::allowSegmentToBeUsed(unsigned long, unsigned long)
                0x00000000c001c2b9                Phys::physicalMemorySetup(unsigned int)
 *fill*         0x00000000c001c737        0x1 
 .text          0x00000000c001c738      0xaa5 core/pipe.32
                0x00000000c001c738                Pipe::isAtty()
                0x00000000c001c73c                Pipe::~Pipe()
                0x00000000c001c73c                Pipe::~Pipe()
                0x00000000c001c80c                Pipe::~Pipe()
                0x00000000c001c834                Pipe::write(unsigned long long, void*, int*)
                0x00000000c001cb9c                Pipe::read(unsigned long long, void*, int*)
                0x00000000c001cf76                Pipe::Pipe(int)
                0x00000000c001cf76                Pipe::Pipe(int)
 *fill*         0x00000000c001d1dd        0x1 
 .text          0x00000000c001d1de     0x306f core/terminal.32
                0x00000000c001d1de                VgaText::isAtty()
                0x00000000c001d1e2                VgaText::~VgaText()
                0x00000000c001d1e2                VgaText::~VgaText()
                0x00000000c001d2b2                VgaText::~VgaText()
                0x00000000c001d2dc                VgaText::read(unsigned long long, void*, int*)
                0x00000000c001d31c                setTerminalScrollLock(bool)
                0x00000000c001d31d                doTerminalCycle()
                0x00000000c001d31e                addToTerminalCycle(VgaText*)
                0x00000000c001d31f                scrollTerminalScrollLock(int)
                0x00000000c001d320                VgaText::updateTitle()
                0x00000000c001d322                VgaText::load()
                0x00000000c001d324                VgaText::updateCursor()
                0x00000000c001d370                VgaText::doANSI_SGR(int)
                0x00000000c001d7e4                VgaText::setDefaultBgColour(VgaColour)
                0x00000000c001d85c                VgaText::setDefaultFgColour(VgaColour)
                0x00000000c001d8d4                VgaText::setDefaultColours(VgaColour, VgaColour)
                0x00000000c001d932                VgaText::setTitleTextColour(VgaColour)
                0x00000000c001d990                VgaText::setTitleColour(VgaColour)
                0x00000000c001d9ee                VgaText::setTitle(char*)
                0x00000000c001da12                VgaText::combineColours(unsigned char, unsigned char)
                0x00000000c001da26                VgaText::scrollScreen()
                0x00000000c001dd9c                VgaText::combineCharAndColour(char, unsigned char)
                0x00000000c001ddac                VgaText::writeCharacter(char, VgaColour, VgaColour, int, int)
                0x00000000c001deb0                VgaText::getCursorX()
                0x00000000c001def2                VgaText::getCursorY()
                0x00000000c001df34                VgaText::setCursor(int, int)
                0x00000000c001dfd0                setActiveTerminal(VgaText*)
                0x00000000c001e064                VgaText::clearScreen()
                0x00000000c001e180                VgaText::setCursorX(int)
                0x00000000c001e1cc                VgaText::setCursorY(int)
                0x00000000c001e218                VgaText::incrementCursor(bool)
                0x00000000c001e41a                VgaText::decrementCursor(bool)
                0x00000000c001e4e6                VgaText::putchar(char, VgaColour, VgaColour)
                0x00000000c001e822                VgaText::putchar(char)
                0x00000000c001ee00                VgaText::putx(unsigned int)
                0x00000000c001eeae                VgaText::puts(char const*)
                0x00000000c001ef1e                VgaText::write(unsigned long long, void*, int*)
                0x00000000c001f084                VgaText::puts(char const*, VgaColour, VgaColour)
                0x00000000c001f714                VgaText::VgaText(char const*)
                0x00000000c001f714                VgaText::VgaText(char const*)
                0x00000000c001fda2                VgaText::receiveKey(unsigned char)
                0x00000000c002020e                VgaText::doUpdate()
                0x00000000c002020f                newTerminal(char*)
 *fill*         0x00000000c002024d        0x3 
 .text          0x00000000c0020250      0xc60 core/tss.32
                0x00000000c0020250                TSS::TSS()
                0x00000000c0020250                TSS::TSS()
                0x00000000c00202d8                TSS::setESP(unsigned long)
                0x00000000c002037c                TSS::flush()
                0x00000000c00203c4                TSS::setup(unsigned long, unsigned long)
 .text          0x00000000c0020eb0     0x11bd core/unixfile.32
                0x00000000c0020eb0                ReservedFilename::read(unsigned long long, void*, int*)
                0x00000000c0021176                ReservedFilename::isAtty()
                0x00000000c0021274                ReservedFilename::write(unsigned long long, void*, int*)
                0x00000000c002153e                UnixFile::getFileDescriptor()
                0x00000000c0021580                UnixFile::UnixFile(int)
                0x00000000c0021580                UnixFile::UnixFile(int)
                0x00000000c0021a88                ReservedFilename::ReservedFilename(int)
                0x00000000c0021a88                ReservedFilename::ReservedFilename(int)
                0x00000000c0021bc8                UnixFile::~UnixFile()
                0x00000000c0021bc8                UnixFile::~UnixFile()
                0x00000000c0021d4c                UnixFile::~UnixFile()
                0x00000000c0021d74                ReservedFilename::~ReservedFilename()
                0x00000000c0021d74                ReservedFilename::~ReservedFilename()
                0x00000000c0021e58                ReservedFilename::~ReservedFilename()
                0x00000000c0021e7f                getFromFileDescriptor(int)
 *fill*         0x00000000c002206d        0x1 
 .text          0x00000000c002206e     0x3e09 core/virtmgr.32
                0x00000000c002206e                Virt::setPageState(unsigned long, Virt::VirtPageState)
                0x00000000c0022155                Virt::getPageState(unsigned long)
                0x00000000c00221fb                Virt::allocateKernelVirtualPages(int)
                0x00000000c002236d                Virt::freeSwapfilePage(unsigned long)
                0x00000000c00223f8                Virt::swapIDToSector(unsigned long)
                0x00000000c002240e                Virt::allocateSwapfilePage()
                0x00000000c00225c5                Virt::virtualMemorySetup()
                0x00000000c0022628                Virt::setupPageSwapping(int)
                0x00000000c0022850                VAS::VAS(VAS*)
                0x00000000c0022850                VAS::VAS(VAS*)
                0x00000000c002292a                VAS::getForeignPageTableEntry(bool, unsigned long)
                0x00000000c002297a                VAS::getPageTableEntry(unsigned long)
                0x00000000c00229b9                Virt::freeKernelVirtualPages(unsigned long)
                0x00000000c0022be0                VAS::freeAllocatedPages(unsigned long)
                0x00000000c0022c3c                VAS::virtualToPhysical(unsigned long)
                0x00000000c0022c9e                VAS::reflagRange(unsigned long, int, int, int)
                0x00000000c0022d84                VAS::VAS()
                0x00000000c0022d84                VAS::VAS()
                0x00000000c0022f70                VAS::setToWriteCombining(unsigned long, int)
                0x00000000c0023064                VAS::mapOtherVASIn(bool, VAS*)
                0x00000000c0023172                VAS::~VAS()
                0x00000000c0023172                VAS::~VAS()
                0x00000000c0023670                VAS::mapPage(unsigned long, unsigned long, int)
                0x00000000c00239a8                VAS::allocatePages(int, int)
                0x00000000c0023ea8                VAS::setCPUSpecific(unsigned long)
                0x00000000c0023ee2                VAS::mapRange(unsigned long, unsigned long, int, int)
                0x00000000c00240c4                VAS::mapForeignPage(bool, VAS*, unsigned long, unsigned long, int)
                0x00000000c0024322                VAS::VAS(bool)
                0x00000000c0024322                VAS::VAS(bool)
                0x00000000c0024f98                VAS::evict(unsigned long)
                0x00000000c002530a                VAS::tryLoadBackOffDisk(unsigned long)
                0x00000000c00256f6                VAS::scanForEviction()
                0x00000000c0025b9e                mapVASFirstTime
 .text          0x00000000c0025e77       0x5f coreobjs/c++.32
                0x00000000c0025e77                __cxa_atexit
                0x00000000c0025e7a                __cxa_finalize
                0x00000000c0025e7b                __stack_chk_fail
                0x00000000c0025eb1                __cxa_pure_virtual
                0x00000000c0025ec2                operator new[](unsigned long)
                0x00000000c0025ec7                operator delete(void*, unsigned long)
                0x00000000c0025ecc                operator delete[](void*)
                0x00000000c0025ed1                operator delete[](void*, unsigned long)
 .text          0x00000000c0025ed6      0x623 dbg/kconsole.32
                0x00000000c0025ed6                Dbg::stringifyxWithBase(unsigned int, char*, int)
                0x00000000c00260f0                Dbg::logc(char)
                0x00000000c0026110                Dbg::logs(char*)
                0x00000000c002619f                Dbg::logWriteInt(unsigned int)
                0x00000000c00261bf                Dbg::logWriteIntBase(unsigned int, int)
                0x00000000c00261e2                Dbg::kprintf(char const*, ...)
 *fill*         0x00000000c00264f9        0x3 
 .text          0x00000000c00264fc       0xd8 dbg/usban.32
                0x00000000c00264fc                __ubsan_handle_type_mismatch_v1
                0x00000000c0026514                __ubsan_handle_pointer_overflow
                0x00000000c002652c                __ubsan_handle_add_overflow
                0x00000000c0026544                __ubsan_handle_out_of_bounds
                0x00000000c002655c                __ubsan_handle_load_invalid_value
                0x00000000c0026574                __ubsan_handle_divrem_overflow
                0x00000000c002658c                __ubsan_handle_mul_overflow
                0x00000000c00265a4                __ubsan_handle_sub_overflow
                0x00000000c00265bc                __ubsan_handle_shift_out_of_bounds
 .text          0x00000000c00265d4     0x7506 fs/vfs.32
                0x00000000c00265d4                File::isAtty()
                0x00000000c00265d8                Directory::isAtty()
                0x00000000c00265dc                Filesystem::getlabel(LogicalDisk*, int, char*, unsigned int*)
                0x00000000c00265e2                Filesystem::setlabel(LogicalDisk*, int, char*)
                0x00000000c00265e8                Filesystem::allocateSwapfile(char const*, int)
                0x00000000c00265ee                File::~File()
                0x00000000c00265ee                File::~File()
                0x00000000c00266be                File::~File()
                0x00000000c00266e8                Directory::~Directory()
                0x00000000c00266e8                Directory::~Directory()
                0x00000000c00267b8                Directory::~Directory()
                0x00000000c00267e2                Directory::write(unsigned long long, void*, int*)
                0x00000000c0026992                File::read(unsigned long long, void*, int*)
                0x00000000c0026de8                File::write(unsigned long long, void*, int*)
                0x00000000c002723e                Directory::read(unsigned long long, void*, int*)
                0x00000000c0027694                Filesystem::Filesystem()
                0x00000000c0027694                Filesystem::Filesystem()
                0x00000000c002776c                Filesystem::~Filesystem()
                0x00000000c002776c                Filesystem::~Filesystem()
                0x00000000c00277ea                Filesystem::~Filesystem()
                0x00000000c0027811                Fs::getcwd(Process*, char*, int)
                0x00000000c002794c                Fs::initVFS()
                0x00000000c0027976                Fs::standardiseFiles(char*, char const*, char const*)
                0x00000000c00287cc                File::File(char const*, Process*)
                0x00000000c00287cc                File::File(char const*, Process*)
                0x00000000c0028d5a                File::open(FileOpenMode)
                0x00000000c00291be                File::close()
                0x00000000c0029610                File::seek(unsigned long long)
                0x00000000c0029a46                File::tell(unsigned long long*)
                0x00000000c0029e6a                File::rewind()
                0x00000000c0029e9c                File::unlink()
                0x00000000c002a2b0                File::rename(char const*)
                0x00000000c002a6b4                File::chfatattr(unsigned char, unsigned char)
                0x00000000c002aad6                File::exists()
                0x00000000c002ae6a                File::stat(unsigned long long*, bool*)
                0x00000000c002b4e4                Fs::setcwd(Process*, char*)
                0x00000000c002ba9c                Directory::Directory(char const*, Process*)
                0x00000000c002ba9c                Directory::Directory(char const*, Process*)
                0x00000000c002c02a                Directory::open()
                0x00000000c002c49e                Directory::close()
                0x00000000c002c8f0                Directory::unlink()
                0x00000000c002cd04                Directory::rename(char const*)
                0x00000000c002d108                Directory::exists()
                0x00000000c002d49c                Directory::read(dirent*)
                0x00000000c002d6c0                Directory::create()
                0x00000000c002dad4                Filesystem::chfatattr(char const*, unsigned char, unsigned char)
 *fill*         0x00000000c002dada        0x2 
 .text          0x00000000c002dadc      0x252 hal/bus.32
                0x00000000c002dadc                Bus::Bus(char const*)
                0x00000000c002dadc                Bus::Bus(char const*)
                0x00000000c002dc20                Bus::~Bus()
                0x00000000c002dc20                Bus::~Bus()
                0x00000000c002dd04                Bus::~Bus()
 .text          0x00000000c002dd2e       0xee hal/buzzer.32
                0x00000000c002dd2e                beepThread(void*)
                0x00000000c002dd9a                Krnl::beep(int, int, bool)
 .text          0x00000000c002de1c      0xad8 hal/clock.32
                0x00000000c002de1c                User::loadClockSettings(int)
                0x00000000c002df08                Clock::Clock(char const*)
                0x00000000c002df08                Clock::Clock(char const*)
                0x00000000c002e032                Clock::~Clock()
                0x00000000c002e032                Clock::~Clock()
                0x00000000c002e102                Clock::~Clock()
                0x00000000c002e12c                Clock::timeInSecondsLocal()
                0x00000000c002e27c                Clock::setTimeInSecondsLocal(unsigned long long)
                0x00000000c002e3c5                datetimeToSeconds(datetime_t)
                0x00000000c002e5be                Clock::setTimeInDatetimeLocal(datetime_t)
                0x00000000c002e73e                secondsToDatetime(unsigned long long)
                0x00000000c002e8b2                Clock::timeInDatetimeLocal()
 .text          0x00000000c002e8f4     0x167b hal/device.32
                0x00000000c002e8f4                Device::hibernate()
                0x00000000c002e8f6                Device::wake()
                0x00000000c002e8f8                Device::detect()
                0x00000000c002e8fa                Device::disableLegacy()
                0x00000000c002e8fc                Device::powerSaving(PowerSavingLevel)
                0x00000000c002e8fe                DriverlessDevice::close(int, int, void*)
                0x00000000c002e902                DriverlessDevice::detect()
                0x00000000c002e904                DriverlessDevice::open(int, int, void*)
                0x00000000c002e918                Device::~Device()
                0x00000000c002e918                Device::~Device()
                0x00000000c002e996                Device::~Device()
                0x00000000c002e9c0                Device::findAndLoadDriver()
                0x00000000c002e9ce                Device::preOpenPCI(PCIDeviceInfo)
                0x00000000c002ea68                Device::preOpenACPI(void*, char*, char*)
                0x00000000c002eb7a                Device::addIRQHandler(int, void (*)(regs*, void*), bool, void*)
                0x00000000c002eba4                Device::getParent()
                0x00000000c002ebee                Device::removeIRQHandler(int, void (*)(regs*, void*), bool)
                0x00000000c002ec0c                Device::addChild(Device*)
                0x00000000c002eda8                Device::removeAllChildren()
                0x00000000c002ef6c                Device::hibernateAll()
                0x00000000c002f0c0                Device::wakeAll()
                0x00000000c002f214                Device::detectAll()
                0x00000000c002f368                Device::disableLegacyAll()
                0x00000000c002f36a                Device::loadDriversForAll()
                0x00000000c002f36c                Device::closeAll()
                0x00000000c002f4c4                Device::powerSavingAll(PowerSavingLevel)
                0x00000000c002f624                Device::setName(char const*)
                0x00000000c002f676                Device::Device(char const*)
                0x00000000c002f676                Device::Device(char const*)
                0x00000000c002fc66                Device::getName()
                0x00000000c002fcaa                DriverlessDevice::DriverlessDevice(char const*)
                0x00000000c002fcaa                DriverlessDevice::DriverlessDevice(char const*)
                0x00000000c002fdd4                Device::addToLinkedList(LinkedList<Device>&, DeviceType)
                0x00000000c002ff0f                getDevicesOfType(DeviceType)
 *fill*         0x00000000c002ff6f        0x1 
 .text          0x00000000c002ff70      0x252 hal/diskctrl.32
                0x00000000c002ff70                HardDiskController::HardDiskController(char const*)
                0x00000000c002ff70                HardDiskController::HardDiskController(char const*)
                0x00000000c00300b4                HardDiskController::~HardDiskController()
                0x00000000c00300b4                HardDiskController::~HardDiskController()
                0x00000000c0030198                HardDiskController::~HardDiskController()
 .text          0x00000000c00301c2      0x3f8 hal/diskphys.32
                0x00000000c00301c2                PhysicalDisk::eject()
                0x00000000c00301c6                PhysicalDisk::PhysicalDisk(char const*, int)
                0x00000000c00301c6                PhysicalDisk::PhysicalDisk(char const*, int)
                0x00000000c0030446                PhysicalDisk::startCache()
                0x00000000c00304c0                PhysicalDisk::~PhysicalDisk()
                0x00000000c00304c0                PhysicalDisk::~PhysicalDisk()
                0x00000000c0030590                PhysicalDisk::~PhysicalDisk()
 .text          0x00000000c00305ba        0x0 hal/fpu.32
 .text          0x00000000c00305ba     0x1907 hal/intctrl.32
                0x00000000c00305ba                int_handler
                0x00000000c00309ce                installISRHandler(int, void (*)(regs*, void*), void*)
                0x00000000c0030c8b                installIRQHandler(int, void (*)(regs*, void*), bool, void*)
                0x00000000c0031434                uninstallISRHandler(int, void (*)(regs*, void*))
                0x00000000c0031733                uninstallIRQHandler(int, void (*)(regs*, void*), bool)
                0x00000000c0031b65                setupINTS()
                0x00000000c0031d8e                convertLegacyIRQNumber(int)
 *fill*         0x00000000c0031ec1        0x1 
 .text          0x00000000c0031ec2     0x12a0 hal/keybrd.32
                0x00000000c0031ec2                startGUI(void*)
                0x00000000c0031f49                startGUIVESA(void*)
                0x00000000c0031fd0                sendKeyToTerminal(unsigned char)
                0x00000000c003216b                sendKeyboardToken(KeyboardToken)
                0x00000000c0032998                clearInternalKeybuffer(VgaText*)
                0x00000000c0032a60                readKeyboard(VgaText*, char*, unsigned long)
                0x00000000c0032f36                Keyboard::Keyboard(char const*)
                0x00000000c0032f36                Keyboard::Keyboard(char const*)
                0x00000000c0033068                Keyboard::~Keyboard()
                0x00000000c0033068                Keyboard::~Keyboard()
                0x00000000c0033138                Keyboard::~Keyboard()
 .text          0x00000000c0033162      0xf99 hal/logidisk.32
                0x00000000c0033162                LogicalDisk::close(int, int, void*)
                0x00000000c0033166                LogicalDisk::~LogicalDisk()
                0x00000000c0033166                LogicalDisk::~LogicalDisk()
                0x00000000c0033236                LogicalDisk::~LogicalDisk()
                0x00000000c0033260                LogicalDisk::open(int, int, void*)
                0x00000000c0033274                LogicalDisk::absoluteToRelative(unsigned long long)
                0x00000000c003334a                LogicalDisk::relativeToAbsolute(unsigned long long)
                0x00000000c00333dc                LogicalDisk::LogicalDisk(char const*, PhysicalDisk*, unsigned long long, unsigned long long)
                0x00000000c00333dc                LogicalDisk::LogicalDisk(char const*, PhysicalDisk*, unsigned long long, unsigned long long)
                0x00000000c0033790                LogicalDisk::assignDriveLetter()
                0x00000000c00339f4                LogicalDisk::mount()
                0x00000000c0033b5a                LogicalDisk::unmount()
                0x00000000c0033ba8                LogicalDisk::eject()
                0x00000000c0033c60                LogicalDisk::unassignDriveLetter()
                0x00000000c0033de8                LogicalDisk::read(unsigned long long, int, void*)
                0x00000000c0033f72                LogicalDisk::write(unsigned long long, int, void*)
 *fill*         0x00000000c00340fb        0x1 
 .text          0x00000000c00340fc      0x252 hal/mouse.32
                0x00000000c00340fc                Mouse::Mouse(char const*)
                0x00000000c00340fc                Mouse::Mouse(char const*)
                0x00000000c0034240                Mouse::~Mouse()
                0x00000000c0034240                Mouse::~Mouse()
                0x00000000c0034324                Mouse::~Mouse()
 .text          0x00000000c003434e      0x230 hal/nic.32
                0x00000000c003434e                NIC::getMAC()
                0x00000000c0034354                NIC::write(int, unsigned char*, int*)
                0x00000000c003435a                NIC::NIC(char const*)
                0x00000000c003435a                NIC::NIC(char const*)
                0x00000000c0034484                NIC::~NIC()
                0x00000000c0034484                NIC::~NIC()
                0x00000000c0034554                NIC::~NIC()
 .text          0x00000000c003457e      0xe6c hal/partition.32
                0x00000000c003457e                makePartition(PhysicalDisk*, unsigned long long, unsigned long long)
                0x00000000c00346e8                createPartitionsForDisk(PhysicalDisk*)
 *fill*         0x00000000c00353ea        0x2 
 .text          0x00000000c00353ec      0x252 hal/serial.32
                0x00000000c00353ec                Serial::Serial(char const*)
                0x00000000c00353ec                Serial::Serial(char const*)
                0x00000000c0035530                Serial::~Serial()
                0x00000000c0035530                Serial::~Serial()
                0x00000000c0035614                Serial::~Serial()
 *fill*         0x00000000c003563e        0x2 
 .text          0x00000000c0035640      0x7a4 hal/timer.32
                0x00000000c0035640                Timer::Timer(char const*)
                0x00000000c0035640                Timer::Timer(char const*)
                0x00000000c0035784                Timer::~Timer()
                0x00000000c0035784                Timer::~Timer()
                0x00000000c0035868                Timer::~Timer()
                0x00000000c0035892                Timer::read()
                0x00000000c00358df                setupTimer(int)
                0x00000000c00359cd                timerHandler(unsigned int)
 .text          0x00000000c0035de4     0x1a4c hal/vcache.32
                0x00000000c0035de4                VCache::VCache(PhysicalDisk*)
                0x00000000c0035de4                VCache::VCache(PhysicalDisk*)
                0x00000000c003678a                VCache::invalidateReadBuffer()
                0x00000000c0036826                VCache::writeWriteBuffer()
                0x00000000c0036a28                VCache::~VCache()
                0x00000000c0036a28                VCache::~VCache()
                0x00000000c0036c04                VCache::~VCache()
                0x00000000c0036c2c                VCache::write(unsigned long long, int, void*)
                0x00000000c00371fa                VCache::read(unsigned long long, int, void*)
 .text          0x00000000c0037830     0x123e hal/video.32
                0x00000000c0037830                Video::putpixel(int, int, unsigned int)
                0x00000000c003783e                Video::readPixelApprox(int, int)
                0x00000000c0037852                Video::putrect(int, int, int, int, unsigned int)
                0x00000000c003797a                Video::bitblit(int, int, int, int, int, int, int, unsigned int*)
                0x00000000c0037b8a                Video::blit(unsigned int*, int, int, int, int)
                0x00000000c0037d90                Video::clearScreen(unsigned int)
                0x00000000c0037ec6                Video::Video(char const*)
                0x00000000c0037ec6                Video::Video(char const*)
                0x00000000c0037ff0                Video::~Video()
                0x00000000c0037ff0                Video::~Video()
                0x00000000c00380c0                Video::~Video()
                0x00000000c00380ea                Video::isMonochrome()
                0x00000000c0038134                Video::getWidth()
                0x00000000c003817e                Video::getHeight()
                0x00000000c00381c8                Video::drawCursor(int, int, unsigned int*, int)
                0x00000000c0038476                Video::tgaParse(unsigned char*, int, int*, int*)
                0x00000000c00388c0                Video::putTGA(int, int, unsigned char*, int)
 *fill*         0x00000000c0038a6e        0x2 
 .text          0x00000000c0038a70     0x3d8f hw/acpi.32
                0x00000000c0038a70                ACPI::close(int, int, void*)
                0x00000000c0038b24                findRSDP()
                0x00000000c0038c78                loadACPITables(unsigned char*)
                0x00000000c0039540                findRSDT(unsigned char*)
                0x00000000c0039728                findDataTable(unsigned char*, char*)
                0x00000000c0039934                scanMADT()
                0x00000000c003ae6c                ACPI::ACPI()
                0x00000000c003ae6c                ACPI::ACPI()
                0x00000000c003b070                ACPI::getPCIIRQAssignment(unsigned char, unsigned short, unsigned char)
                0x00000000c003b444                ACPI::registerPCIIRQAssignment(void*, unsigned short, unsigned char, unsigned char)
                0x00000000c003b978                ACPI::setScreenBrightnessLevel(void*, int)
                0x00000000c003b980                ACPI::detectPCI()
                0x00000000c003beb8                ACPI::writeSimpleBootFlag(SimpleBootFlagTable*)
                0x00000000c003bf8c                ACPI::sleep()
                0x00000000c003bfa8                ACPI::open(int, int, void*)
 *fill*         0x00000000c003c7ff        0x1 
 .text          0x00000000c003c800     0x2198 hw/cpu.32
                0x00000000c003c800                CPU::close(int, int, void*)
                0x00000000c003c804                CPU::AMD_K6_write_msr(unsigned int, unsigned int, unsigned int, CPU::REGS*)
                0x00000000c003c820                CPU::AMD_K6_read_msr(unsigned int, CPU::REGS*)
                0x00000000c003c838                CPU::AMD_K6_writeback(int, int, int)
                0x00000000c003c8ac                CPU::cpuid(int, unsigned long*, unsigned long*, unsigned long*, unsigned long*)
                0x00000000c003ca2a                CPU::cpuidCheckEDX(unsigned int)
                0x00000000c003ca58                CPU::cpuidCheckECX(unsigned int)
                0x00000000c003ca86                CPU::cpuidCheckExtendedEBX(unsigned int)
                0x00000000c003cab4                CPU::cpuidCheckExtendedECX(unsigned int)
                0x00000000c003cae2                CPU::CPU()
                0x00000000c003cae2                CPU::CPU()
                0x00000000c003ce30                CPU::displayFeatures()
                0x00000000c003ce32                CPU::detectFeatures()
                0x00000000c003e194                CPU::setupSMEP()
                0x00000000c003e1a0                CPU::setupUMIP()
                0x00000000c003e1aa                CPU::setupTSC()
                0x00000000c003e1b4                CPU::setupLargePages()
                0x00000000c003e1be                CPU::setupPAT()
                0x00000000c003e26e                CPU::setupMTRR()
                0x00000000c003e270                CPU::setupGlobalPages()
                0x00000000c003e27a                CPU::allowUsermodeDataAccess()
                0x00000000c003e2ca                CPU::prohibitUsermodeDataAccess()
                0x00000000c003e31a                CPU::setupSMAP()
                0x00000000c003e354                CPU::setupFeatures()
                0x00000000c003e5ec                CPU::open(int, int, void*)
 .text          0x00000000c003e998      0x557 krnl/bootmsg.32
                0x00000000c003e998                KeDisplaySplashScreen()
                0x00000000c003ed81                KeSetBootMessage(char const*)
 *fill*         0x00000000c003eeef        0x1 
 .text          0x00000000c003eef0     0x175a krnl/env.32
                0x00000000c003eef0                EnvVarContainer::getEnv(char const*)
                0x00000000c003f048                EnvVarContainer::setEnv(char const*, char const*)
                0x00000000c003f210                EnvVarContainer::deleteEnv(char const*)
                0x00000000c003f212                EnvVarContainer::loadFrom(char const*, char const*)
                0x00000000c003f838                EnvVarContainer::__loadSystem()
                0x00000000c003f870                EnvVarContainer::__loadUser()
                0x00000000c003f872                EnvVarContainer::EnvVarContainer(Process*)
                0x00000000c003f872                EnvVarContainer::EnvVarContainer(Process*)
                0x00000000c003f968                EnvVarContainer::~EnvVarContainer()
                0x00000000c003f968                EnvVarContainer::~EnvVarContainer()
                0x00000000c003fa6a                Krnl::getEnv(Process*, char const*)
                0x00000000c003fb4a                Krnl::setEnvSystem(char const*, char const*)
                0x00000000c003fb81                Krnl::setEnvUser(char const*, char const*)
                0x00000000c003fbbb                Krnl::setEnvProcess(Process*, char const*, char const*)
                0x00000000c003fc30                Krnl::deleteEnvSystem(char const*)
                0x00000000c003fc50                Krnl::deleteEnvUser(char const*)
                0x00000000c003fc70                Krnl::deleteEnvProcess(Process*, char const*)
                0x00000000c003fcce                Krnl::newProcessEnv(Process*)
                0x00000000c003fd09                Krnl::copyProcessEnv(Process*, Process*)
                0x00000000c003fea2                Krnl::loadSystemEnv()
                0x00000000c003ff08                Krnl::loadUserEnv()
                0x00000000c003ff65                Krnl::flushEnv()
                0x00000000c003ff66                Krnl::getProcessTotalEnvCount(Process*)
                0x00000000c00400db                Krnl::getProcessEnvPair(Process*, int)
 .text          0x00000000c004064a      0x193 krnl/inlines.32
                0x00000000c004064a                CPU::current()
                0x00000000c0040696                operator new(unsigned long)
                0x00000000c004069b                operator delete(void*)
                0x00000000c00406a0                disableIRQs()
                0x00000000c00406a2                enableIRQs()
                0x00000000c00406a4                lockScheduler()
                0x00000000c00406d1                unlockScheduler()
                0x00000000c0040702                lockStuff()
                0x00000000c0040752                unlockStuff()
                0x00000000c00407c2                Virt::getAKernelVAS()
                0x00000000c00407c8                __not_memcpy
 .text          0x00000000c00407dd        0xc krnl/panic.32
                0x00000000c00407dd                KePanic(char const*)
 .text          0x00000000c00407e9      0x1fd krnl/powctrl.32
                0x00000000c00407e9                Krnl::powerThread(void*)
                0x00000000c004084e                Krnl::changePowerSettings(Krnl::PowerSettings)
                0x00000000c0040864                Krnl::userIOReceived()
                0x00000000c004086f                Krnl::handlePowerButton()
                0x00000000c00408da                Krnl::handleSleepButton()
                0x00000000c0040945                Krnl::setupPowerManager()
 .text          0x00000000c00409e6       0x9d krnl/random.32
                0x00000000c00409e6                KeRand()
                0x00000000c0040a28                KeSeedRand(unsigned int)
                0x00000000c0040a51                KeInitRand()
 *fill*         0x00000000c0040a83        0x1 
 .text          0x00000000c0040a84      0x1bc krnl/resolve.32
                0x00000000c0040a84                KeResolveCompatibilitySymbol(char*)
 .text          0x00000000c0040c40      0xde7 krnl/signal.32
                0x00000000c0040c40                KiSigKill(int)
                0x00000000c0040c54                KiDefaultSignalHandlerIgnore(int)
                0x00000000c0040c55                KiDefaultSignalHandlerPause(int)
                0x00000000c0040c81                KiDefaultSignalHandlerResume(int)
                0x00000000c0040cad                KeDeinitSignals(SigHandlerBlock*)
                0x00000000c0040cb2                KeInitSignals()
                0x00000000c0040d9e                KeRegisterSignalHandler(SigHandlerBlock*, int, void (*)(int), unsigned int, int)
                0x00000000c0040f15                KeRaiseSignal(SigHandlerBlock*, int)
                0x00000000c00410a2                KeCheckSignal(SigHandlerBlock*, int*)
                0x00000000c004169e                KiCheckSignalZ
                0x00000000c00417fe                KeCompleteSignal(SigHandlerBlock*, int)
                0x00000000c00418ff                KiFinishSignalZ
 .text          0x00000000c0041a27     0x4829 krnl/syscalls.32
                0x00000000c0041a27                SysSeekDir(regs*)
                0x00000000c0041a2c                SysTellDir(regs*)
                0x00000000c0041a31                SysTTYName(regs*)
                0x00000000c0041a39                SysNotImpl(regs*)
                0x00000000c0041a54                SysVerify(regs*)
                0x00000000c0041a9b                SysGetArgc(regs*)
                0x00000000c0041b20                SysFormatDisk(regs*)
                0x00000000c0041e54                SysSetDiskVolumeLabel(regs*)
                0x00000000c0042522                SysGetDiskVolumeLabel(regs*)
                0x00000000c0042c42                SysShutdown(regs*)
                0x00000000c0042e5d                SysRealpath(regs*)
                0x00000000c0042ff5                SysReadDir(regs*)
                0x00000000c0043224                SysIsATTY(regs*)
                0x00000000c004341d                SysSeek(regs*)
                0x00000000c0043593                SysTell(regs*)
                0x00000000c0043791                SysSize(regs*)
                0x00000000c0043994                SysClose(regs*)
                0x00000000c0043b73                SysCloseDir(regs*)
                0x00000000c0043cee                SysWait(regs*)
                0x00000000c0043d80                SysPanic(regs*)
                0x00000000c0043dd5                SysGetArgv(regs*)
                0x00000000c004408e                SysUSleep(regs*)
                0x00000000c004412a                SysGetEnv(regs*)
                0x00000000c0044332                SysGetUnixTime(regs*)
                0x00000000c00443a5                SysSizeFromFilename(regs*)
                0x00000000c00446b8                SysOpenDir(regs*)
                0x00000000c00448e2                SysMakeDir(regs*)
                0x00000000c0044a9a                SysRmdir(regs*)
                0x00000000c0044c55                SysUnlink(regs*)
                0x00000000c0044e10                SysSetFatAttrib(regs*)
                0x00000000c004505b                SysPipe(regs*)
                0x00000000c0045218                SysSpawn(regs*)
                0x00000000c00453f9                string_ends_with(char const*, char const*)
                0x00000000c004547f                SysOpen(regs*)
                0x00000000c00460a6                KeSystemCall(regs*, void*)
 .text          0x00000000c0046250      0x2cd net/ethernet.32
                0x00000000c0046250                KeSwitchEndian16(unsigned short)
                0x00000000c00462a4                KeSwitchEndian32(unsigned int)
                0x00000000c00462d8                EthernetCRC32(unsigned char*, int)
                0x00000000c0046424                EthernetReceivedPacket(EthernetUnwrappedFrame*, unsigned short)
 .text          0x00000000c004651d     0x238f reg/cm.32
                0x00000000c004651d                CmOpen(char const*)
                0x00000000c00468bc                CmClose(Reghive_Tag*)
                0x00000000c004692d                CmReadExtent(Reghive_Tag*, int, unsigned char*)
                0x00000000c0046a48                CmGetString(Reghive_Tag*, int, char*)
                0x00000000c0046bdd                CmEnterDirectory(Reghive_Tag*, int)
                0x00000000c0046c1c                CmGetNext(Reghive_Tag*, int)
                0x00000000c0046c4e                CmWriteExtent(Reghive_Tag*, int, unsigned char*)
                0x00000000c0046d69                CmFreeExtent(Reghive_Tag*, int)
                0x00000000c0046d91                CmUpdateHeader(Reghive_Tag*)
                0x00000000c0046e01                CmExpand(Reghive_Tag*, int)
                0x00000000c0046f7e                CmFindUnusedExtent(Reghive_Tag*)
                0x00000000c004712f                CmCreateExtent(Reghive_Tag*, int, int, unsigned char*)
                0x00000000c0047223                CmSetString(Reghive_Tag*, int, char const*)
                0x00000000c00476ef                CmGetMatch(char*, char*, bool, bool*)
                0x00000000c00477e3                CmAddShift(unsigned int*, int*, unsigned char, int)
                0x00000000c00478dd                CmGetShift(unsigned int*, int*, int, bool*)
                0x00000000c0047a29                CmGetInteger(Reghive_Tag*, int, unsigned long long*)
                0x00000000c0047a75                CmSetInteger(Reghive_Tag*, int, unsigned long long)
                0x00000000c0047ab5                CmConvertFromInternalFilename(unsigned char const*, char*)
                0x00000000c0047cee                CmGetNameAndTypeFromExtent(Reghive_Tag*, int, char*)
                0x00000000c0047d1c                CmConvertToInternalFilename(char const*, unsigned char*)
                0x00000000c00482c7                CmCreateString(Reghive_Tag*, int, char const*)
                0x00000000c0048314                CmFindInDirectory(Reghive_Tag*, int, char const*)
                0x00000000c004838e                CmCreateInteger(Reghive_Tag*, int, char const*, unsigned long long, int)
                0x00000000c00483e1                CmCreateDirectory(Reghive_Tag*, int, char const*)
                0x00000000c00484a5                zStrtok(char*, char const*)
                0x00000000c0048686                CmFindObjectFromPath(Reghive_Tag*, char const*)
                0x00000000c0048707                CmDisplayTree(Reghive_Tag*, int, int)
                0x00000000c00487e2                CmSplitFinalSlashInPlace(char*)
 .text          0x00000000c00488ac     0x1267 reg/registry.32
                0x00000000c00488ac                Reg::findLineFromLoadedData(char*, char*, char*)
                0x00000000c0048cdd                Reg::getLineFromRegistry(char*, char*, char*, char*)
                0x00000000c0049082                Reg::getLine(char*, char*, char*)
                0x00000000c00490b9                Reg::readInt(char*, char*, int*)
                0x00000000c0049779                Reg::readString(char*, char*, char*, int)
                0x00000000c00499fd                Reg::readBool(char*, char*, bool*)
                0x00000000c0049a48                Reg::readBoolWithDefault(char*, char*, bool)
                0x00000000c0049a8f                Reg::readIntWithDefault(char*, char*, int)
                0x00000000c0049abb                Reg::readStringWithDefault(char*, char*, char*, int, char*)
 .text          0x00000000c0049b13      0x172 sys/eject.32
                0x00000000c0049b13                SysEject(regs*)
 .text          0x00000000c0049c85       0x4e sys/exit.32
                0x00000000c0049c85                SysExit(regs*)
 .text          0x00000000c0049cd3       0x9d sys/getcwd.32
                0x00000000c0049cd3                SysGetCwd(regs*)
 .text          0x00000000c0049d70       0x57 sys/getpid.32
                0x00000000c0049d70                SysGetPID(regs*)
 .text          0x00000000c0049dc7       0x86 sys/getramdata.32
                0x00000000c0049dc7                SysGetRAMData(regs*)
 .text          0x00000000c0049e4d      0x23f sys/getvgaptr.32
                0x00000000c0049e4d                SysGetVGAPtr(regs*)
 .text          0x00000000c004a08c      0x330 sys/kill.32
                0x00000000c004a08c                SysKill(regs*)
 .text          0x00000000c004a3bc      0x21f sys/loaddll.32
                0x00000000c004a3bc                SysLoadDLL(regs*)
 .text          0x00000000c004a5db      0x1e6 sys/read.32
                0x00000000c004a5db                SysRead(regs*)
 .text          0x00000000c004a7c1       0xdc sys/registersignal.32
                0x00000000c004a7c1                SysRegisterSignal(regs*)
 .text          0x00000000c004a89d      0x4e1 sys/registry.32
                0x00000000c004a89d                SysRegistryGetTypeFromPath(regs*)
                0x00000000c004a994                SysRegistryReadExtent(regs*)
                0x00000000c004aa92                SysRegistryPathToExtentLookup(regs*)
                0x00000000c004ab23                SysRegistryEnterDirectory(regs*)
                0x00000000c004abb4                SysRegistryGetNext(regs*)
                0x00000000c004ac45                SysRegistryGetNameAndTypeFromExtent(regs*)
                0x00000000c004ace7                SysRegistryOpen(regs*)
                0x00000000c004ad31                SysRegistryClose(regs*)
 .text          0x00000000c004ad7e      0x18c sys/sbrk.32
                0x00000000c004ad7e                SysSbrk(regs*)
 .text          0x00000000c004af0a       0x80 sys/setcwd.32
                0x00000000c004af0a                SysSetCwd(regs*)
 .text          0x00000000c004af8a      0x206 sys/settime.32
                0x00000000c004af8a                SysSetTime(regs*)
 .text          0x00000000c004b190       0x99 sys/timezone.32
                0x00000000c004b190                SysTimezone(regs*)
 .text          0x00000000c004b229      0x1e6 sys/write.32
                0x00000000c004b229                SysWrite(regs*)
 .text          0x00000000c004b40f      0x166 sys/wsbe.32
                0x00000000c004b40f                SysWsbe(regs*)
 .text          0x00000000c004b575       0x5e sys/yield.32
                0x00000000c004b575                SysYield(regs*)
 .text          0x00000000c004b5d3     0x425b thr/elf.32
                0x00000000c004b5d3                Thr::allocateMemoryForTask(Process*, File*, unsigned long, unsigned long, unsigned long)
                0x00000000c004bcb1                Thr::loadProgramIntoMemory(Process*, char const*)
                0x00000000c004c516                Thr::runtimeReferenceHelper()
                0x00000000c004c529                Thr::getAddressOfKernelSymbol(char const*)
                0x00000000c004c7ca                Thr::loadKernelSymbolTable(char const*)
                0x00000000c004d254                Thr::loadDriverIntoMemory(char const*, unsigned long, bool)
                0x00000000c004ee62                Thr::getDriverBaseFromAddress(unsigned long)
                0x00000000c004f06d                Thr::getDriverNameFromAddress(unsigned long)
                0x00000000c004f273                Thr::getDriverOffsetFromAddress(unsigned long)
                0x00000000c004f295                Thr::loadDLL(char const*, bool)
                0x00000000c004f7f5                Thr::executeDLL(unsigned long, void*)
 *fill*         0x00000000c004f82e        0x2 
 .text          0x00000000c004f830     0x4ced thr/prcssthr.32
                0x00000000c004f830                userModeEntryPoint(void*)
                0x00000000c004f8f8                changeTSS
                0x00000000c004fa34                switchToThread(ThreadControlBlock*)
                0x00000000c004fc20                Process::addArgs(char**)
                0x00000000c005002c                Process::Process(char const*, Process*, char**)
                0x00000000c005002c                Process::Process(char const*, Process*, char**)
                0x00000000c0050898                Process::Process(bool, char const*, Process*, char**)
                0x00000000c0050898                Process::Process(bool, char const*, Process*, char**)
                0x00000000c005108c                taskStartupFunction
                0x00000000c00510d4                Semaphore::Semaphore(int)
                0x00000000c00510d4                Semaphore::Semaphore(int)
                0x00000000c005123c                Mutex::Mutex()
                0x00000000c005123c                Mutex::Mutex()
                0x00000000c00512cc                Process::createThread(void (*)(void*), void*, int)
                0x00000000c0051954                Process::createUserThread()
                0x00000000c005198c                setupMultitasking(void (*)())
                0x00000000c0051ba8                schedule()
                0x00000000c0051cb4                Semaphore::tryAcquire()
                0x00000000c0051f5c                Semaphore::assertLocked(char const*)
                0x00000000c00520d0                blockTaskWithSchedulerLockAlreadyHeld(TaskState)
                0x00000000c0052150                blockTask(TaskState)
                0x00000000c00521fc                waitTask(int, int*, int)
                0x00000000c00523a4                milliTenthSleepUntil(unsigned int)
                0x00000000c0052514                milliTenthSleep(unsigned int)
                0x00000000c0052528                sleep(unsigned int)
                0x00000000c0052544                Semaphore::acquire()
                0x00000000c00528d4                taskReturned
                0x00000000c005295c                Thr::processFromPID(int)
                0x00000000c0052ae0                unblockTask(ThreadControlBlock*)
                0x00000000c0052c34                cleanupTerminatedTask(ThreadControlBlock*)
                0x00000000c0053c70                cleanerTaskFunction(void*)
                0x00000000c0053ecc                terminateTask(int)
                0x00000000c00541b4                Thr::terminateFromIRQ(int)
                0x00000000c00541c4                Semaphore::release()
 .text          0x00000000c005451d     0x2e23 vm86/vm8086.32
                0x00000000c005451d                Vm::inbv(unsigned short)
                0x00000000c0054530                Vm::outbv(unsigned short, unsigned char)
                0x00000000c00545f7                Vm::realToLinear(unsigned short, unsigned short)
                0x00000000c0054607                Vm::getSegment(unsigned int)
                0x00000000c005460f                Vm::getOffset(unsigned int)
                0x00000000c0054614                Vm::mainloop2()
                0x00000000c00546a1                Vm::mainVm8086Loop(void*)
                0x00000000c00546d6                Vm::mainloop3(unsigned long)
                0x00000000c0054722                Vm::initialise8086()
                0x00000000c00547cc                Vm::finish8086()
                0x00000000c0054891                Vm::getOutput8086(unsigned char*)
                0x00000000c00548b6                Vm::start8086FromBuffer(unsigned char*, int, unsigned short, unsigned short, unsigned short, unsigned short)
                0x00000000c0054a77                Vm::start8086(char const*, unsigned short, unsigned short, unsigned short, unsigned short)
                0x00000000c0054e51                Vm::doISR(regs*, int, unsigned char*, unsigned short, unsigned short)
                0x00000000c005513a                Vm::readByteFromReal(unsigned short, unsigned short)
                0x00000000c0055167                Vm::readWordFromReal(unsigned short, unsigned short)
                0x00000000c0055199                Vm::readDwordFromReal(unsigned short, unsigned short)
                0x00000000c00551ca                Vm::writeByteFromReal(unsigned short, unsigned short, unsigned char)
                0x00000000c00551fb                Vm::writeWordFromReal(unsigned short, unsigned short, unsigned short)
                0x00000000c005522f                Vm::writeDwordFromReal(unsigned short, unsigned short, unsigned int)
                0x00000000c0055264                Vm::faultHandler(regs*)
 .text          0x00000000c0057340     0x20e9 arch/i386/hal.32
                0x00000000c0057340                noCopro(unsigned long)
                0x00000000c0057341                nmiHandler(regs*, void*)
                0x00000000c005737b                doubleFault(regs*, void*)
                0x00000000c0057394                displayDebugInfo(regs*)
                0x00000000c0058359                HalSystemIdle()
                0x00000000c005849a                displayProgramFault(char const*)
                0x00000000c005861a                gpFault(regs*, void*)
                0x00000000c0058681                pgFault(regs*, void*)
                0x00000000c00587f6                otherISRHandler(regs*, void*)
                0x00000000c005882a                opcodeFault(regs*, void*)
                0x00000000c0058a01                i386SaveCoprocessor(void*)
                0x00000000c0058a15                i386LoadCoprocessor(void*)
                0x00000000c0058a29                x87EmulHandler(regs*, void*)
                0x00000000c0058b6e                HalInitialiseCoprocessor()
                0x00000000c0058c77                HalPanic(char const*)
                0x00000000c0058ef6                HalQueryPerformanceCounter()
                0x00000000c0058f88                HalInitialise()
                0x00000000c005935a                HalMakeBeep(int)
                0x00000000c0059394                HalGetRand()
                0x00000000c0059397                HalEndOfInterrupt(int)
                0x00000000c0059426                HalRestart()
                0x00000000c0059427                HalShutdown()
                0x00000000c0059428                HalSleep()
 *fill*         0x00000000c0059429        0x3 
 .text          0x00000000c005942c      0x30c arch/i386/pic.32
                0x00000000c005942c                picIoWait()
                0x00000000c0059434                picDisable()
                0x00000000c0059468                picGetIRQReg(int)
                0x00000000c0059510                picOpen()
                0x00000000c0059694                picEOI(int)
 .text          0x00000000c0059738      0xdd9 arch/i386/rtc.32
                0x00000000c0059738                RTC::open(int, int, void*)
                0x00000000c005973c                RTC::close(int, int, void*)
                0x00000000c0059740                RTC::~RTC()
                0x00000000c0059740                RTC::~RTC()
                0x00000000c0059810                RTC::~RTC()
                0x00000000c005983a                RTC::timeInSecondsUTC()
                0x00000000c005988a                RTC::timeInDatetimeUTC()
                0x00000000c0059920                RTC::setTimeInSecondsUTC(unsigned long long)
                0x00000000c00599ce                RTC::get_update_in_progress_flag()
                0x00000000c0059a06                RTC::completeRTCRefresh()
                0x00000000c0059ed4                RTC::setTimeInDatetimeUTC(datetime_t)
                0x00000000c005a1b0                rtcIRQHandler(regs*, void*)
                0x00000000c005a28e                RTC::RTC()
                0x00000000c005a28e                RTC::RTC()
 *fill*         0x00000000c005a511        0x3 
 .text          0x00000000c005a514      0x590 arch/i386/vga.32
                0x00000000c005a514                HalConsoleScroll(int, int)
                0x00000000c005a8c0                HalConsoleWriteCharacter(char, int, int, int, int)
                0x00000000c005aa1c                HalConsoleCursorUpdate(int, int)
 .text          0x00000000c005aaa4     0x30f7 fs/fat/vfslink.32
                0x00000000c005aaa4                FAT::getName()
                0x00000000c005aaac                FAT::tell(void*, unsigned long long*)
                0x00000000c005ab70                FAT::stat(void*, unsigned long long*)
                0x00000000c005ac34                FAT::~FAT()
                0x00000000c005ac34                FAT::~FAT()
                0x00000000c005ad18                FAT::~FAT()
                0x00000000c005ad40                FAT::getlabel(LogicalDisk*, int, char*, unsigned int*)
                0x00000000c005b0c4                FAT::setlabel(LogicalDisk*, int, char*)
                0x00000000c005b464                FAT::format(LogicalDisk*, int, char const*, int)
                0x00000000c005b92c                FAT::tryMount(LogicalDisk*, int)
                0x00000000c005be14                FAT::allocateSwapfile(char const*, int)
                0x00000000c005c334                FAT::readDir(void*, unsigned long, void*, int*)
                0x00000000c005c4d4                FAT::read(void*, unsigned long, void*, int*)
                0x00000000c005c564                FAT::write(void*, unsigned long, void*, int*)
                0x00000000c005c5f4                FAT::close(void*)
                0x00000000c005c648                FAT::closeDir(void*)
                0x00000000c005c69c                FAT::seek(void*, unsigned long long)
                0x00000000c005c6f4                fatWrapperReadDisk
                0x00000000c005c7fc                fatWrapperWriteDisk
                0x00000000c005c904                fatWrapperIoctl
                0x00000000c005ce84                FAT::FAT()
                0x00000000c005ce84                FAT::FAT()
                0x00000000c005d04c                FAT::fixFilepath(char*)
                0x00000000c005d1e0                FAT::open(char const*, void**, FileOpenMode)
                0x00000000c005d3dc                FAT::openDir(char const*, void**)
                0x00000000c005d518                FAT::stat(char const*, unsigned long long*, bool*)
                0x00000000c005d694                FAT::unlink(char const*)
                0x00000000c005d744                FAT::chfatattr(char const*, unsigned char, unsigned char)
                0x00000000c005d924                FAT::rename(char const*, char const*)
                0x00000000c005da4c                FAT::mkdir(char const*)
                0x00000000c005dafc                FAT::exists(char const*)
 *fill*         0x00000000c005db9b        0x1 
 .text          0x00000000c005db9c      0x198 fs/iso9660/helper.32
                0x00000000c005db9c                isoReadDiscSectorHelper
                0x00000000c005dcfc                iso_kprintf
                0x00000000c005dd18                iso_kprintfd
 .text          0x00000000c005dd34     0x14a6 fs/iso9660/vfslink.32
                0x00000000c005dd34                ISO9660::format(LogicalDisk*, int, char const*, int)
                0x00000000c005dd3a                ISO9660::getName()
                0x00000000c005dd40                ISO9660::chfatattr(char const*, unsigned char, unsigned char)
                0x00000000c005dd46                ISO9660::unlink(char const*)
                0x00000000c005dd4c                ISO9660::write(void*, unsigned long, void*, int*)
                0x00000000c005dd52                ISO9660::rename(char const*, char const*)
                0x00000000c005dd58                ISO9660::mkdir(char const*)
                0x00000000c005dd5e                ISO9660::~ISO9660()
                0x00000000c005dd5e                ISO9660::~ISO9660()
                0x00000000c005de2e                ISO9660::~ISO9660()
                0x00000000c005de56                ISO9660::exists(char const*)
                0x00000000c005de6a                ISO9660::seek(void*, unsigned long long)
                0x00000000c005deac                ISO9660::close(void*)
                0x00000000c005dedc                ISO9660::closeDir(void*)
                0x00000000c005df68                ISO9660::read(void*, unsigned long, void*, int*)
                0x00000000c005dfca                ISO9660::tell(void*, unsigned long long*)
                0x00000000c005e032                ISO9660::stat(void*, unsigned long long*)
                0x00000000c005e09e                ISO9660::readDir(void*, unsigned long, void*, int*)
                0x00000000c005e2f2                ISO9660::open(char const*, void**, FileOpenMode)
                0x00000000c005e6ba                ISO9660::stat(char const*, unsigned long long*, bool*)
                0x00000000c005eafa                ISO9660::openDir(char const*, void**)
                0x00000000c005ef5e                readSectorFromCDROM(unsigned int, unsigned char*, char)
                0x00000000c005f07e                ISO9660::tryMount(LogicalDisk*, int)
                0x00000000c005f106                ISO9660::ISO9660()
                0x00000000c005f106                ISO9660::ISO9660()
 .text          0x00000000c005f1da      0xb96 hal/sound/sndcard.32
                0x00000000c005f1da                SoundCard::beginPlayback()
                0x00000000c005f1e8                SoundCard::stopPlayback()
                0x00000000c005f1f6                SoundCard::SoundCard(char const*)
                0x00000000c005f1f6                SoundCard::SoundCard(char const*)
                0x00000000c005f57e                SoundCard::~SoundCard()
                0x00000000c005f57e                SoundCard::~SoundCard()
                0x00000000c005f64e                SoundCard::~SoundCard()
                0x00000000c005f678                SoundCard::configureRates(int, int, int)
                0x00000000c005f776                SoundCard::getSamples16(int, short*)
                0x00000000c005f91e                SoundCard::getSamples32(int, int*)
                0x00000000c005fc36                SoundCard::addChannel(SoundPort*)
                0x00000000c005fd00                SoundCard::removeChannel(int)
 .text          0x00000000c005fd70     0x1c81 hal/sound/sndport.32
                0x00000000c005fd70                SoundPort::SoundPort(int, int, int, int)
                0x00000000c005fd70                SoundPort::SoundPort(int, int, int, int)
                0x00000000c006010c                SoundPort::~SoundPort()
                0x00000000c006010c                SoundPort::~SoundPort()
                0x00000000c0060254                SoundPort::unpause()
                0x00000000c00602a4                SoundPort::pause()
                0x00000000c00602f4                SoundPort::getBufferUsed()
                0x00000000c0060340                SoundPort::getBufferSize()
                0x00000000c006038c                SoundPort::buffer16(short*, int)
                0x00000000c00608fc                SoundPort::buffer32(int*, int)
                0x00000000c0060e5c                SoundPort::unbufferAndAdd16(int, short*, SoundCard*)
                0x00000000c00613b4                SoundPort::unbufferAndAdd32(int, int*, SoundCard*)
 .text          0x00000000c00619f1        0x0 hw/bus/isa.32
 *fill*         0x00000000c00619f1        0x1 
 .text          0x00000000c00619f2     0x243f hw/bus/pci.32
                0x00000000c00619f2                PCI::close(int, int, void*)
                0x00000000c00619f6                PCI::open(int, int, void*)
                0x00000000c0061ab6                PCI::PCI()
                0x00000000c0061ab6                PCI::PCI()
                0x00000000c0061e88                PCI::readBAR8(unsigned int, int)
                0x00000000c0061ec2                PCI::readBAR16(unsigned int, int)
                0x00000000c0061f02                PCI::readBAR32(unsigned int, int)
                0x00000000c0061f40                PCI::writeBAR8(unsigned int, unsigned char, int)
                0x00000000c0061f84                PCI::writeBAR16(unsigned int, unsigned short, int)
                0x00000000c0061fc6                PCI::writeBAR32(unsigned int, unsigned int, int)
                0x00000000c006200a                PCI::legacyMechanism(unsigned char, unsigned char, unsigned char, unsigned char)
                0x00000000c0062080                PCI::pciReadWord(unsigned char, unsigned char, unsigned char, unsigned char)
                0x00000000c00621b8                PCI::getVendorID(unsigned char, unsigned char, unsigned char)
                0x00000000c006220e                PCI::getHeaderType(unsigned char, unsigned char, unsigned char)
                0x00000000c0062266                PCI::getClassCode(unsigned char, unsigned char, unsigned char)
                0x00000000c00622fa                PCI::getProgIF(unsigned char, unsigned char, unsigned char)
                0x00000000c0062352                PCI::getRevisionID(unsigned char, unsigned char, unsigned char)
                0x00000000c00623a8                PCI::getInterruptNumber(unsigned char, unsigned char, unsigned char)
                0x00000000c00623fe                PCI::getSecondaryBus(unsigned char, unsigned char, unsigned char)
                0x00000000c0062456                PCI::getBARAddress(unsigned char, unsigned char, unsigned char, unsigned char)
                0x00000000c0062508                PCI::pciWriteWord(unsigned char, unsigned char, unsigned char, unsigned char, unsigned short)
                0x00000000c0062674                PCI::pciDetailsToFilepath(PCIDeviceInfo, char*)
                0x00000000c006311a                PCI::checkBus(unsigned char)
                0x00000000c006315a                PCI::foundDevice(PCIDeviceInfo)
                0x00000000c00636f8                PCI::getDeviceData(unsigned char, unsigned char, unsigned char)
                0x00000000c0063c76                PCI::checkDevice(unsigned char, unsigned char)
                0x00000000c0063d70                PCI::detect()
 *fill*         0x00000000c0063e31        0x1 
 .text          0x00000000c0063e32     0x33da hw/diskctrl/ide.32
                0x00000000c0063e32                IDE::close(int, int, void*)
                0x00000000c0063e36                IDE::IDE()
                0x00000000c0063e36                IDE::IDE()
                0x00000000c0063f5e                IDE::prepareInterrupt(unsigned char)
                0x00000000c0063fbf                selectDrive(unsigned char, unsigned char)
                0x00000000c0063fc0                IDE::getBase(unsigned char)
                0x00000000c0064022                IDE::write(unsigned char, unsigned char, unsigned char)
                0x00000000c00642f8                IDE::read(unsigned char, unsigned char)
                0x00000000c00645c0                IDE::waitInterrupt(unsigned char)
                0x00000000c00646e5                ideChannel0IRQHandler(regs*, void*)
                0x00000000c0064754                ideChannel1IRQHandler(regs*, void*)
                0x00000000c00647c4                IDE::enableIRQs(unsigned char, bool)
                0x00000000c00648da                IDE::open(int, int, void*)
                0x00000000c0065f70                IDE::readBuffer(unsigned char, unsigned char, unsigned int, unsigned int)
                0x00000000c0066262                IDE::detect()
                0x00000000c0067056                IDE::printError(unsigned char, unsigned char, unsigned char)
                0x00000000c0067186                IDE::polling(unsigned char, unsigned int)
 .text          0x00000000c006720c      0xf7b hw/diskctrl/satabus.32
                0x00000000c006720c                SATABus::close(int, int, void*)
                0x00000000c0067210                SATABus::detect()
                0x00000000c0067212                SATABus::SATABus()
                0x00000000c0067212                SATABus::SATABus()
                0x00000000c0067488                SATABus::findCmdslot(SATABus::tagHBA_PORT volatile*)
                0x00000000c006757c                SATABus::checkType(SATABus::tagHBA_PORT volatile*)
                0x00000000c0067616                SATABus::startCmd(SATABus::tagHBA_PORT volatile*)
                0x00000000c00676a2                SATABus::stopCmd(SATABus::tagHBA_PORT volatile*)
                0x00000000c0067750                SATABus::portRebase(SATABus::tagHBA_PORT volatile*, int)
                0x00000000c0067d88                SATABus::probePort(SATABus::tagHBA_MEM volatile*)
                0x00000000c00680dc                SATABus::open(int, int, void*)
 *fill*         0x00000000c0068187        0x1 
 .text          0x00000000c0068188     0x195e hw/diskphys/ata.32
                0x00000000c0068188                ATA::powerSaving(PowerSavingLevel)
                0x00000000c006818a                ATA::close(int, int, void*)
                0x00000000c006822e                ATA::ATA()
                0x00000000c006822e                ATA::ATA()
                0x00000000c0068308                ATA::flush(bool)
                0x00000000c0068436                ATA::readyForCommand()
                0x00000000c006852e                ATA::access(unsigned long long, int, void*, bool)
                0x00000000c00690d8                ATA::detectCHS()
                0x00000000c00691d2                ATA::open(int, int, void*)
                0x00000000c00696d9                combineCharAndColour(char, unsigned char)
                0x00000000c00696ea                combineColours(unsigned char, unsigned char)
                0x00000000c00696f8                ATA::read(unsigned long long, int, void*)
                0x00000000c00698ee                ATA::write(unsigned long long, int, void*)
 .text          0x00000000c0069ae6     0x1731 hw/diskphys/atapi.32
                0x00000000c0069ae6                ATAPI::write(unsigned long long, int, void*)
                0x00000000c0069aec                ATAPI::close(int, int, void*)
                0x00000000c0069b90                ATAPI::ATAPI()
                0x00000000c0069b90                ATAPI::ATAPI()
                0x00000000c0069c6a                ATAPI::readyForCommand()
                0x00000000c0069d68                ATAPI::sendPacket(unsigned char*, int, bool, unsigned short*, int)
                0x00000000c006a844                ATAPI::diskRemoved()
                0x00000000c006a97a                ATAPI::eject()
                0x00000000c006a9f6                ATAPI::diskInserted()
                0x00000000c006aa42                ATAPI::detectMedia()
                0x00000000c006ac38                ATAPI::open(int, int, void*)
                0x00000000c006b0da                ATAPI::read(unsigned long long, int, void*)
 *fill*         0x00000000c006b217        0x1 
 .text          0x00000000c006b218     0x131b hw/diskphys/sata.32
                0x00000000c006b218                SATA::powerSaving(PowerSavingLevel)
                0x00000000c006b21a                SATA::close(int, int, void*)
                0x00000000c006b2be                SATA::open(int, int, void*)
                0x00000000c006b518                SATA::SATA()
                0x00000000c006b518                SATA::SATA()
                0x00000000c006b5f2                SATA::access(unsigned long long, int, void*, bool)
                0x00000000c006c002                SATA::read(unsigned long long, int, void*)
                0x00000000c006c27e                SATA::write(unsigned long long, int, void*)
 *fill*         0x00000000c006c533        0x1 
 .text          0x00000000c006c534     0x16c5 hw/diskphys/satapi.32
                0x00000000c006c534                SATAPI::write(unsigned long long, int, void*)
                0x00000000c006c53a                SATAPI::close(int, int, void*)
                0x00000000c006c5de                SATAPI::SATAPI()
                0x00000000c006c5de                SATAPI::SATAPI()
                0x00000000c006c6b8                SATAPI::diskRemoved()
                0x00000000c006c6ba                SATAPI::diskInserted()
                0x00000000c006c712                SATAPI::sendPacket(unsigned char*, int, unsigned long long, unsigned short*, int)
                0x00000000c006d2ae                SATAPI::eject()
                0x00000000c006d366                SATAPI::detectMedia()
                0x00000000c006d606                SATAPI::open(int, int, void*)
                0x00000000c006d96e                SATAPI::read(unsigned long long, int, void*)
 *fill*         0x00000000c006dbf9        0x1 
 .text          0x00000000c006dbfa     0x128b hw/intctrl/apic.32
                0x00000000c006dbfa                IOAPIC::close(int, int, void*)
                0x00000000c006dc00                apicGetBase()
                0x00000000c006dcae                IOAPIC::IOAPIC()
                0x00000000c006dcae                IOAPIC::IOAPIC()
                0x00000000c006dd82                apicOpen()
                0x00000000c006e37a                IOAPIC::handlesGSIWithNumber(unsigned int)
                0x00000000c006e48c                IOAPIC::read(int)
                0x00000000c006e560                IOAPIC::open(int, int, void*)
                0x00000000c006eb8c                IOAPIC::write(int, int)
                0x00000000c006ec68                IOAPIC::redirect(unsigned char, unsigned long long, unsigned char, bool, bool)
 *fill*         0x00000000c006ee85        0x3 
 .text          0x00000000c006ee88      0x45c hw/timer/apictimer.32
                0x00000000c006ee88                APICTimer::close(int, int, void*)
                0x00000000c006ee90                apicTimerHandler(regs*, void*)
                0x00000000c006eefc                APICTimer::open(int, int, void*)
                0x00000000c006f184                APICTimer::write(int)
                0x00000000c006f1fc                APICTimer::APICTimer()
                0x00000000c006f1fc                APICTimer::APICTimer()
 .text          0x00000000c006f2e4      0x741 hw/timer/pit.32
                0x00000000c006f2e4                PIT::write(int)
                0x00000000c006f3e0                pitHandler(regs*, void*)
                0x00000000c006f430                PIT::open(int, int, void*)
                0x00000000c006f5a8                PIT::close(int, int, void*)
                0x00000000c006f674                PIT::PIT()
                0x00000000c006f674                PIT::PIT()
 *fill*         0x00000000c006fa25        0xb 
 .text          0x00000000c006fa30       0x83 arch/i386/avx.32
                0x00000000c006fa30                avxDetect
                0x00000000c006fa5a                avxSave
                0x00000000c006fa6b                avxLoad
                0x00000000c006fa7c                avxInit
                0x00000000c006fa9e                avxClose
                0x00000000c006fa9f                wouldSheSayYes
 *fill*         0x00000000c006fab3        0xd 
 .text          0x00000000c006fac0      0x2ec arch/i386/interrupt.32
                0x00000000c006fac0                isr0
                0x00000000c006fad0                isr1
                0x00000000c006fada                isr2
                0x00000000c006fae4                isr3
                0x00000000c006faee                isr4
                0x00000000c006faf8                isr5
                0x00000000c006fb02                isr6
                0x00000000c006fb0c                isr7
                0x00000000c006fb16                isr8
                0x00000000c006fb1e                isr9
                0x00000000c006fb28                isr10
                0x00000000c006fb30                isr11
                0x00000000c006fb38                isr12
                0x00000000c006fb40                isr13
                0x00000000c006fb5a                isr14
                0x00000000c006fb62                isr15
                0x00000000c006fb6c                isr16
                0x00000000c006fb76                isr17
                0x00000000c006fb80                isr18
                0x00000000c006fb8a                irq3
                0x00000000c006fb94                irq4
                0x00000000c006fb9e                irq5
                0x00000000c006fba8                irq6
                0x00000000c006fbb2                irq7
                0x00000000c006fbbc                irq8
                0x00000000c006fbc6                irq9
                0x00000000c006fbd0                irq10
                0x00000000c006fbda                irq11
                0x00000000c006fbe4                irq12
                0x00000000c006fbee                irq13
                0x00000000c006fbf8                irq14
                0x00000000c006fc02                irq15
                0x00000000c006fc0c                irq1
                0x00000000c006fc13                irq2
                0x00000000c006fc1a                isr96
                0x00000000c006fc21                irq0
                0x00000000c006fc26                int_common_stub
                0x00000000c006fc58                syscall_common_stub
                0x00000000c006fd5c                irq16
                0x00000000c006fd66                irq17
                0x00000000c006fd70                irq18
                0x00000000c006fd7a                irq19
                0x00000000c006fd84                irq20
                0x00000000c006fd8e                irq21
                0x00000000c006fd98                irq22
                0x00000000c006fda2                irq23
 *fill*         0x00000000c006fdac        0x4 
 .text          0x00000000c006fdb0       0x10 arch/i386/rdrand.32
                0x00000000c006fdb0                i386GetRDRAND
 .text          0x00000000c006fdc0       0x39 arch/i386/sse.32
                0x00000000c006fdc0                absolutelyNoChanceInHell
                0x00000000c006fdc0                sseDetect
                0x00000000c006fdd8                sseSave
                0x00000000c006fde0                sseLoad
                0x00000000c006fde8                sseInit
                0x00000000c006fdf8                sseClose
 *fill*         0x00000000c006fdf9        0x7 
 .text          0x00000000c006fe00       0x49 arch/i386/x87.32
                0x00000000c006fe06                x87Detect
                0x00000000c006fe21                x87Save
                0x00000000c006fe28                x87Load
                0x00000000c006fe2f                x87Init
                0x00000000c006fe48                x87Close
 *fill*         0x00000000c006fe49        0x3 
 .text          0x00000000c006fe4c       0x25 /cygdrive/d/Users/Alex/Desktop/Toolchain/Output/bin/../lib/gcc/i386-banana/8.1.0/crtend.o
 .text          0x00000000c006fe71        0x0 crtn.32
 *fill*         0x00000000c006fe71        0x3 
 .text          0x00000000c006fe74      0x14b /cygdrive/d/Users/Alex/Desktop/Toolchain/Output/bin/../lib/gcc/i386-banana/8.1.0/libkgcc.a(_divdi3.o)
                0x00000000c006fe74                __divdi3
 *fill*         0x00000000c006ffbf        0x1 