Archive member included to satisfy reference by file (symbol)

/cygdrive/d/Users/Alex/Desktop/Toolchain/Output/bin/../lib/gcc/i386-banana/8.1.0/libkgcc.a(_divdi3.o)
                              fs/fat/ff.32 (__divdi3)
/cygdrive/d/Users/Alex/Desktop/Toolchain/Output/bin/../lib/gcc/i386-banana/8.1.0/libkgcc.a(_moddi3.o)
                              compat/resolve.32 (__moddi3)
/cygdrive/d/Users/Alex/Desktop/Toolchain/Output/bin/../lib/gcc/i386-banana/8.1.0/libkgcc.a(_udivdi3.o)
                              fs/fat/ff.32 (__udivdi3)
/cygdrive/d/Users/Alex/Desktop/Toolchain/Output/bin/../lib/gcc/i386-banana/8.1.0/libkgcc.a(_umoddi3.o)
                              compat/resolve.32 (__umoddi3)
D:/Users/Alex/Desktop/Banana/kernel/libsoftfp.a(sfieeelib.o)
                              hal/sound/sndhw.32 (__addsf3)
D:/Users/Alex/Desktop/Banana/kernel/libsoftfp.a(dfieeelib.o)
                              hal/libresample/src_linear.32 (__adddf3)
D:/Users/Alex/Desktop/Banana/kernel/libsoftfp.a(sfdfcvt.o)
                              hal/libresample/samplerate.32 (__truncdfsf2)
D:/Users/Alex/Desktop/Banana/kernel/libk/libm32.a(s_fabs.c.o)
                              hal/libresample/samplerate.32 (fabs)
D:/Users/Alex/Desktop/Banana/kernel/libk/libm32.a(s_lrint.S.o)
                              hal/libresample/samplerate.32 (lrint)
D:/Users/Alex/Desktop/Banana/kernel/libk/libm32.a(s_lrintf.S.o)
                              hal/sound/sndhw.32 (lrintf)

Discarded input sections

 .comment       0x0000000000000000       0x12 /cygdrive/d/Users/Alex/Desktop/Toolchain/Output/bin/../lib/gcc/i386-banana/8.1.0/crtbegin.o
 .comment       0x0000000000000000       0x12 acpica/utclib.32
 .comment       0x0000000000000000       0x12 core/malloc.32
 .comment       0x0000000000000000       0x12 libk/string.32
 .comment       0x0000000000000000       0x12 fs/fat/diskio.32
 .comment       0x0000000000000000       0x12 fs/fat/ff.32
 .comment       0x0000000000000000       0x12 fs/fat/ffsystem.32
 .comment       0x0000000000000000       0x12 fs/fat/ffunicode.32
 .comment       0x0000000000000000       0x12 hal/libresample/samplerate.32
 .comment       0x0000000000000000       0x12 hal/libresample/src_linear.32
 .comment       0x0000000000000000       0x12 hal/libresample/src_sinc.32
 .comment       0x0000000000000000       0x12 hal/libresample/src_zoh.32
 .comment       0x0000000000000000       0x12 compat/inlines.32
 .comment       0x0000000000000000       0x12 compat/resolve.32
 .group         0x0000000000000000       0x14 core/computer.32
 .group         0x0000000000000000        0xc core/computer.32
 .comment       0x0000000000000000       0x12 core/computer.32
 .comment       0x0000000000000000       0x12 core/gdt.32
 .group         0x0000000000000000        0xc core/idle.32
 .comment       0x0000000000000000       0x12 core/idle.32
 .comment       0x0000000000000000       0x12 core/idt.32
 .comment       0x0000000000000000       0x12 core/kheap.32
 .comment       0x0000000000000000       0x12 core/main.32
 .comment       0x0000000000000000       0x12 core/physmgr.32
 .group         0x0000000000000000        0xc core/pipe.32
 .comment       0x0000000000000000       0x12 core/pipe.32
 .group         0x0000000000000000        0xc core/terminal.32
 .comment       0x0000000000000000       0x12 core/terminal.32
 .comment       0x0000000000000000       0x12 core/tss.32
 .group         0x0000000000000000        0x8 core/unixfile.32
 .group         0x0000000000000000        0xc core/unixfile.32
 .group         0x0000000000000000        0xc core/unixfile.32
 .group         0x0000000000000000        0x8 core/unixfile.32
 .group         0x0000000000000000        0xc core/unixfile.32
 .group         0x0000000000000000        0x8 core/unixfile.32
 .group         0x0000000000000000        0xc core/unixfile.32
 .group         0x0000000000000000        0xc core/unixfile.32
 .comment       0x0000000000000000       0x12 core/unixfile.32
 .comment       0x0000000000000000       0x12 core/virtmgr.32
 .comment       0x0000000000000000       0x12 coreobjs/c++.32
 .comment       0x0000000000000000       0x12 dbg/kconsole.32
 .group         0x0000000000000000        0xc fs/vfs.32
 .group         0x0000000000000000        0xc fs/vfs.32
 .group         0x0000000000000000        0xc fs/vfs.32
 .comment       0x0000000000000000       0x12 fs/vfs.32
 .group         0x0000000000000000        0xc hal/bus.32
 .comment       0x0000000000000000       0x12 hal/bus.32
 .group         0x0000000000000000        0xc hal/buzzer.32
 .comment       0x0000000000000000       0x12 hal/buzzer.32
 .group         0x0000000000000000        0xc hal/clock.32
 .comment       0x0000000000000000       0x12 hal/clock.32
 .group         0x0000000000000000       0x14 hal/device.32
 .group         0x0000000000000000        0xc hal/device.32
 .group         0x0000000000000000        0xc hal/device.32
 .group         0x0000000000000000        0xc hal/device.32
[...]
Memory Configuration

Name             Origin             Length             Attributes
*default*        0x0000000000000000 0xffffffffffffffff

Linker script and memory map

LOAD D:/Users/Alex/Desktop/Banana/kernel/boot.32
LOAD crti.32
LOAD /cygdrive/d/Users/Alex/Desktop/Toolchain/Output/bin/../lib/gcc/i386-banana/8.1.0/crtbegin.o
LOAD D:/Users/Alex/Desktop/Banana/kernel/morenasm.32
LOAD acpica/utclib.32
LOAD core/malloc.32
LOAD libk/string.32
LOAD fs/fat/diskio.32
LOAD fs/fat/ff.32
LOAD fs/fat/ffsystem.32
LOAD fs/fat/ffunicode.32
LOAD hal/libresample/samplerate.32
LOAD hal/libresample/src_linear.32
LOAD hal/libresample/src_sinc.32
LOAD hal/libresample/src_zoh.32
LOAD compat/inlines.32
LOAD compat/resolve.32
LOAD core/computer.32
LOAD core/gdt.32
LOAD core/idle.32
LOAD core/idt.32
LOAD core/kheap.32
LOAD core/main.32
LOAD core/physmgr.32
LOAD core/pipe.32
LOAD core/terminal.32
LOAD core/tss.32
LOAD core/unixfile.32
LOAD core/virtmgr.32
LOAD coreobjs/c++.32
LOAD dbg/kconsole.32
LOAD fs/vfs.32
LOAD hal/bus.32
LOAD hal/buzzer.32
LOAD hal/clock.32
LOAD hal/device.32
LOAD hal/diskctrl.32
LOAD hal/diskphys.32
LOAD hal/fpu.32
LOAD hal/intctrl.32
LOAD hal/keybrd.32
LOAD hal/logidisk.32
LOAD hal/mouse.32
LOAD hal/partition.32
LOAD hal/serial.32
LOAD hal/timer.32
LOAD hal/vcache.32
LOAD hal/video.32
LOAD hw/acpi.32
LOAD hw/cpu.32
LOAD hw/ports.32
LOAD hw/smp.32
LOAD krnl/env.32
LOAD krnl/panic.32
LOAD net/ethernet.32
LOAD reg/registry.32
LOAD sys/sc_eject.32
LOAD sys/sc_exit.32
LOAD sys/sc_getcwd.32
LOAD sys/sc_getpid.32
LOAD sys/sc_getramdata.32
LOAD sys/sc_loaddll.32
LOAD sys/sc_read.32
LOAD sys/sc_sbrk.32
LOAD sys/sc_setcwd.32
LOAD sys/sc_settime.32
LOAD sys/sc_timezone.32
LOAD sys/sc_write.32
LOAD sys/sc_wsbe.32
LOAD sys/sc_yield.32
LOAD sys/syscalls.32
LOAD thr/elf.32
LOAD thr/prcssthr.32
LOAD vm86/vm8086.32
LOAD vm86/x87em.32
LOAD fs/fat/vfslink.32
LOAD fs/iso9660/vfslink.32
LOAD hal/sound/sndchannel.32
LOAD hal/sound/sndhw.32
LOAD hw/bus/isa.32
LOAD hw/bus/pci.32
LOAD hw/diskctrl/ide.32
LOAD hw/diskctrl/satabus.32
LOAD hw/diskphys/ata.32
LOAD hw/diskphys/atapi.32
LOAD hw/diskphys/sata.32
LOAD hw/diskphys/satapi.32
LOAD hw/fpu/avx.32
LOAD hw/fpu/mmx.32
LOAD hw/fpu/sse.32
LOAD hw/fpu/x87.32
LOAD hw/intctrl/apic.32
LOAD hw/intctrl/pic.32
LOAD hw/timer/apictimer.32
LOAD hw/timer/pit.32
LOAD hw/fpu/x86/avx.32
LOAD hw/fpu/x86/sse.32
LOAD hw/fpu/x86/x87.32
LOAD /cygdrive/d/Users/Alex/Desktop/Toolchain/Output/bin/../lib/gcc/i386-banana/8.1.0/crtend.o
LOAD crtn.32
LOAD /cygdrive/d/Users/Alex/Desktop/Toolchain/Output/bin/../lib/gcc/i386-banana/8.1.0/libkgcc.a
LOAD D:/Users/Alex/Desktop/Banana/kernel/libsoftfp.a
LOAD D:/Users/Alex/Desktop/Banana/kernel/libk/libm32.a
                0x00000000c0000000                . = 0xc0000000

.text           0x00000000c0000000    0x286c8
 *(.text)
 .text          0x00000000c0000000       0x41 D:/Users/Alex/Desktop/Banana/kernel/boot.32
                0x00000000c0000020                callGlobalConstructors
 .text          0x00000000c0000041        0x0 crti.32
 *fill*         0x00000000c0000041        0x3 
 .text          0x00000000c0000044      0x101 /cygdrive/d/Users/Alex/Desktop/Toolchain/Output/bin/../lib/gcc/i386-banana/8.1.0/crtbegin.o
 *fill*         0x00000000c0000145        0xb 
 .text          0x00000000c0000150      0x4ed D:/Users/Alex/Desktop/Banana/kernel/morenasm.32
                0x00000000c0000150                manualPCIProbe
                0x00000000c000019b                prepareTramp
                0x00000000c00001b4                voodooXADD
                0x00000000c000027f                doTPAUSE
                0x00000000c0000289                hasLegacyFPU
                0x00000000c00002ae                is486
                0x00000000c00002e4                detectCPUID
                0x00000000c00002fa                goToVM86
                0x00000000c000032a                goToUsermode
                0x00000000c0000354                switchToThreadASMFirstTime
                0x00000000c0000362                switchToThreadASM
                0x00000000c00003ea                asmQuickAcquireLock
                0x00000000c0000408                asmQuickReleaseLock
                0x00000000c0000414                asmAcquireLock
                0x00000000c0000435                asmReleaseLock
                0x00000000c0000448                loadGDT
                0x00000000c0000468                isr0
                0x00000000c0000478                isr1
                0x00000000c0000482                isr2
                0x00000000c000048c                isr3
                0x00000000c0000496                isr4
                0x00000000c00004a0                isr5
                0x00000000c00004aa                isr6
                0x00000000c00004b4                isr7
                0x00000000c00004be                isr8
                0x00000000c00004c6                isr9
                0x00000000c00004d0                isr10
                0x00000000c00004d8                isr11
                0x00000000c00004e0                isr12
                0x00000000c00004e8                isr13
                0x00000000c00004f0                isr14
                0x00000000c00004f8                isr15
                0x00000000c0000502                isr16
                0x00000000c000050c                isr17
                0x00000000c0000516                isr18
                0x00000000c0000520                irq3
                0x00000000c000052a                irq4
                0x00000000c0000534                irq5
                0x00000000c000053e                irq6
                0x00000000c0000548                irq7
                0x00000000c0000552                irq8
                0x00000000c000055c                irq9
                0x00000000c0000566                irq10
                0x00000000c0000570                irq11
                0x00000000c000057a                irq12
                0x00000000c0000584                irq13
                0x00000000c000058e                irq14
                0x00000000c0000598                irq15
                0x00000000c00005a2                irq1
                0x00000000c00005a9                irq2
                0x00000000c00005b0                isr96
                0x00000000c00005b7                irq0
                0x00000000c00005bc                int_common_stub
                0x00000000c00005bc                syscall_common_stub
                0x00000000c00005ed                irq16
                0x00000000c00005f7                irq17
                0x00000000c0000601                irq18
                0x00000000c000060b                irq19
                0x00000000c0000615                irq20
                0x00000000c000061f                irq21
                0x00000000c0000629                irq22
                0x00000000c0000633                irq23
 *fill*         0x00000000c000063d        0x3 
 .text          0x00000000c0000640      0x611 acpica/utclib.32
                0x00000000c0000640                memcmp
                0x00000000c000067c                memmove
                0x00000000c0000744                memcpy
                0x00000000c0000778                memset
                0x00000000c0000794                strlen
                0x00000000c00007ac                strpbrk
                0x00000000c00007e8                strtok
                0x00000000c0000834                strcpy
                0x00000000c0000858                strncpy
                0x00000000c00008c0                strcmp
                0x00000000c0000900                strchr
                0x00000000c0000924                strncmp
                0x00000000c0000974                strcat
                0x00000000c00009a4                strncat
                0x00000000c00009e0                strstr
                0x00000000c0000a28                toupper
                0x00000000c0000a3c                tolower
                0x00000000c0000a50                simple_strtoul
 .text          0x00000000c0000c51      0xfbf core/malloc.32
                0x00000000c0000dbc                dlfree
                0x00000000c0001117                dlmalloc
                0x00000000c0001654                dlrealloc
                0x00000000c0001809                dlmemalign
                0x00000000c000192c                dlcalloc
                0x00000000c00019c6                dlcfree
                0x00000000c00019cb                dlindependent_calloc
                0x00000000c00019f0                dlindependent_comalloc
                0x00000000c0001a07                dlvalloc
                0x00000000c0001a32                dlpvalloc
                0x00000000c0001a68                dlmalloc_trim
                0x00000000c0001a75                dlmalloc_usable_size
                0x00000000c0001aa6                dlmallinfo
                0x00000000c0001b75                dlmalloc_stats
                0x00000000c0001b86                dlmallopt
 .text          0x00000000c0001c10        0x0 libk/string.32
 .text          0x00000000c0001c10       0x51 fs/fat/diskio.32
                0x00000000c0001c10                disk_status
                0x00000000c0001c13                disk_initialize
                0x00000000c0001c16                disk_read
                0x00000000c0001c2c                disk_write
                0x00000000c0001c42                disk_ioctl
 .text          0x00000000c0001c61     0x6833 fs/fat/ff.32
                0x00000000c0004f2f                f_mount
                0x00000000c0004f91                f_open
                0x00000000c00053cd                f_read
                0x00000000c000564d                f_write
                0x00000000c0005907                f_sync
                0x00000000c0005ae3                f_close
                0x00000000c0005b12                f_lseek
                0x00000000c0005fc9                f_opendir
                0x00000000c00060cb                f_closedir
                0x00000000c00060ed                f_readdir
                0x00000000c0006188                f_stat
                0x00000000c0006217                f_getfree
                0x00000000c00063e2                f_truncate
                0x00000000c00064da                f_unlink
                0x00000000c000665d                f_mkdir
                0x00000000c0006889                f_rename
                0x00000000c0006b7c                f_chmod
                0x00000000c0006c5a                f_utime
                0x00000000c0006d38                f_getlabel
                0x00000000c0006f26                f_setlabel
                0x00000000c0007193                f_forward
                0x00000000c0007371                f_mkfs
 .text          0x00000000c0008494       0x2d fs/fat/ffsystem.32
                0x00000000c0008494                ff_memalloc
                0x00000000c00084aa                ff_memfree
 .text          0x00000000c00084c1      0x253 fs/fat/ffunicode.32
                0x00000000c00084c1                ff_uni2oem
                0x00000000c0008551                ff_oem2uni
                0x00000000c00085bd                ff_wtoupper
 .text          0x00000000c0008714      0x8fb hal/libresample/samplerate.32
                0x00000000c0008758                src_delete
                0x00000000c0008794                src_process
                0x00000000c000894a                src_callback_read
                0x00000000c0008ac7                src_set_ratio
                0x00000000c0008b31                src_get_channels
                0x00000000c0008b53                src_reset
                0x00000000c0008b9f                src_new
                0x00000000c0008c2d                src_callback_new
                0x00000000c0008c8f                src_get_name
                0x00000000c0008cc6                src_get_description
                0x00000000c0008cfd                src_get_version
                0x00000000c0008d03                src_is_valid_ratio
                0x00000000c0008d57                src_error
                0x00000000c0008d65                src_strerror
                0x00000000c0008d78                src_simple
                0x00000000c0008dcb                src_short_to_float_array
                0x00000000c0008e30                src_float_to_short_array
                0x00000000c0008eef                src_int_to_float_array
                0x00000000c0008f52                src_float_to_int_array
 .text          0x00000000c000900f      0x8cb hal/libresample/src_linear.32
                0x00000000c0009835                linear_get_name
                0x00000000c0009844                linear_get_description
                0x00000000c0009853                linear_set_converter
 .text          0x00000000c00098da     0x447c hal/libresample/src_sinc.32
                0x00000000c000dc6d                sinc_get_name
                0x00000000c000dc80                sinc_get_description
                0x00000000c000dc93                sinc_set_converter
 .text          0x00000000c000dd56      0x77c hal/libresample/src_zoh.32
                0x00000000c000e42d                zoh_get_name
                0x00000000c000e43c                zoh_get_description
                0x00000000c000e44b                zoh_set_converter
 .text          0x00000000c000e4d2       0x23 compat/inlines.32
                0x00000000c000e4d2                CPU::current()
                0x00000000c000e4df                operator new(unsigned long)
 .text          0x00000000c000e4f5      0x111 compat/resolve.32
                0x00000000c000e4f5                Krnl::resolveCompatibilitySymbol(char*)
 .text          0x00000000c000e606      0xa17 core/computer.32
                0x00000000c000e606                Computer::close(int, int, void*)
                0x00000000c000e64a                Krnl::firstTask()
                0x00000000c000e73a                Computer::Computer()
                0x00000000c000e73a                Computer::Computer()
                0x00000000c000e896                Computer::setBootMessage(char const*)
                0x00000000c000e898                Computer::detectFeatures()
                0x00000000c000eaa2                Computer::displayFeatures()
                0x00000000c000ede8                Computer::rdmsr(unsigned int)
                0x00000000c000ee14                Computer::wrmsr(unsigned int, unsigned long long)
                0x00000000c000ee4c                Computer::nmiEnabled()
                0x00000000c000ee58                Computer::readCMOS(unsigned char)
                0x00000000c000ee72                Computer::enableNMI(bool)
                0x00000000c000ee8a                Computer::open(int, int, void*)
                0x00000000c000ef60                Computer::disableNMI()
                0x00000000c000ef6e                Computer::writeCMOS(unsigned char, unsigned char)
                0x00000000c000ef8c                Computer::handleNMI()
                0x00000000c000eff2                Computer::setDiskActivityLight(int, bool)
 *fill*         0x00000000c000f01d        0x1 
 .text          0x00000000c000f01e      0x1b7 core/gdt.32
                0x00000000c000f01e                GDTEntry::setBase(unsigned int)
                0x00000000c000f03a                GDTEntry::setLimit(unsigned int)
                0x00000000c000f058                GDT::GDT()
                0x00000000c000f058                GDT::GDT()
                0x00000000c000f06e                GDT::addEntry(GDTEntry)
                0x00000000c000f0aa                GDT::getNumberOfEntries()
                0x00000000c000f0b2                GDT::flush()
                0x00000000c000f0d4                GDT::setup()
 .text          0x00000000c000f1d5       0x62 core/idle.32
                0x00000000c000f1d5                idleFunction(void*)
 *fill*         0x00000000c000f237        0x1 
 .text          0x00000000c000f238      0x45f core/idt.32
                0x00000000c000f238                IDTEntry::IDTEntry(bool)
                0x00000000c000f238                IDTEntry::IDTEntry(bool)
                0x00000000c000f2a6                IDTEntry::setOffset(unsigned int)
                0x00000000c000f2ba                IDT::IDT()
                0x00000000c000f2ba                IDT::IDT()
                0x00000000c000f2bc                IDT::getPointerToInvalidOpcodeEntryForF00F()
                0x00000000c000f2c4                IDT::addEntry(IDTEntry, int)
                0x00000000c000f2de                IDT::addEntry(int, void (*)(), bool)
                0x00000000c000f316                IDT::flush()
                0x00000000c000f330                IDT::setup()
 .text          0x00000000c000f697      0x203 core/kheap.32
                0x00000000c000f697                sbrk
                0x00000000c000f7a5                mmap
                0x00000000c000f7bb                munmap
                0x00000000c000f7d1                liballoc_lock()
                0x00000000c000f7e2                liballoc_unlock()
                0x00000000c000f7f3                liballoc_alloc(int)
                0x00000000c000f80e                liballoc_free(void*, int)
                0x00000000c000f82c                realloc
                0x00000000c000f840                malloc
                0x00000000c000f850                free
                0x00000000c000f860                rfree
                0x00000000c000f870                calloc
 .text          0x00000000c000f89a      0x485 core/main.32
                0x00000000c000f89a                hwTextMode_loadInData(VgaText*)
                0x00000000c000f8e5                hwTextMode_loadInTitle(VgaText*, char*)
                0x00000000c000f963                hwTextMode_showCursor(VgaText*, bool)
                0x00000000c000f9c1                hwTextMode_update(VgaText*)
                0x00000000c000f9c2                hwTextMode_updateCursor(VgaText*)
                0x00000000c000fa13                hwTextMode_disableBlink(VgaText*, bool)
                0x00000000c000fa59                hwTextMode_scrollScreen(VgaText*)
                0x00000000c000fb06                hwTextMode_writeCharacter(VgaText*, char, VgaColour, VgaColour, int, int)
                0x00000000c000fb88                setupTextMode()
                0x00000000c000fbf8                kernel_main
 .text          0x00000000c000fd1f      0x5c1 core/physmgr.32
                0x00000000c000fd1f                Phys::allocateDMA(unsigned long)
                0x00000000c000fdc2                Phys::freeDMA(unsigned long, unsigned long)
                0x00000000c000fe0a                Phys::setPageState(unsigned long, bool)
                0x00000000c000fe3c                Phys::getPageState(unsigned long)
                0x00000000c000fe58                Phys::freePage(unsigned long)
                0x00000000c000fee2                Phys::allocatePage()
                0x00000000c001001e                Phys::allocateContiguousPages(int)
                0x00000000c0010078                Phys::allowSegmentToBeUsed(unsigned long, unsigned long)
                0x00000000c00100b0                Phys::physicalMemorySetup(unsigned int)
 .text          0x00000000c00102e0      0x273 core/pipe.32
                0x00000000c00102e0                Pipe::isAtty()
                0x00000000c00102e4                Pipe::~Pipe()
                0x00000000c00102e4                Pipe::~Pipe()
                0x00000000c0010308                Pipe::~Pipe()
                0x00000000c0010330                Pipe::read(unsigned long long, void*, int*)
                0x00000000c0010424                Pipe::write(unsigned long long, void*, int*)
                0x00000000c00104ec                Pipe::Pipe(int)
                0x00000000c00104ec                Pipe::Pipe(int)
 *fill*         0x00000000c0010553        0x1 
 .text          0x00000000c0010554      0xf73 core/terminal.32
                0x00000000c0010554                VgaText::isAtty()
                0x00000000c0010558                VgaText::~VgaText()
                0x00000000c0010558                VgaText::~VgaText()
                0x00000000c001057c                VgaText::~VgaText()
                0x00000000c00105a6                VgaText::read(unsigned long long, void*, int*)
                0x00000000c00105c6                setTerminalScrollLock(bool)
                0x00000000c00105c7                addToTerminalCycle(VgaText*)
                0x00000000c00105f4                installVgaTextImplementation()
                0x00000000c0010609                scrollTerminalScrollLock(int)
                0x00000000c001060a                VgaText::load()
                0x00000000c001065e                VgaText::updateCursor()
                0x00000000c0010678                VgaText::showCursor(bool)
                0x00000000c0010688                VgaText::disableBlink(bool)
                0x00000000c00106c2                VgaText::doANSI_SGR(int)
                0x00000000c001074e                VgaText::setDefaultBgColour(VgaColour)
                0x00000000c0010764                VgaText::setDefaultFgColour(VgaColour)
                0x00000000c001077a                VgaText::setDefaultColours(VgaColour, VgaColour)
                0x00000000c001079a                VgaText::combineColours(unsigned char, unsigned char)
                0x00000000c00107ac                VgaText::scrollScreen()
                0x00000000c0010840                VgaText::combineCharAndColour(char, unsigned char)
                0x00000000c0010852                VgaText::writeCharacter(char, VgaColour, VgaColour, int, int)
                0x00000000c00108b2                VgaText::getCursorX()
                0x00000000c00108be                VgaText::getCursorY()
                0x00000000c00108ca                VgaText::setCursor(int, int)
                0x00000000c00108e8                VgaText::setCursorX(int)
                0x00000000c0010904                VgaText::setCursorY(int)
                0x00000000c0010920                VgaText::incrementCursor(bool)
                0x00000000c0010988                VgaText::updateRAMUsageDisplay(int)
                0x00000000c00109ec                VgaText::updateDiskUsage()
                0x00000000c0010b56                VgaText::updateTitle()
                0x00000000c0010b9c                VgaText::setTitleTextColour(VgaColour)
                0x00000000c0010bac                VgaText::setTitleColour(VgaColour)
                0x00000000c0010bbc                VgaText::setTitle(char*)
                0x00000000c0010be2                VgaText::decrementCursor(bool)
                0x00000000c0010c0a                VgaText::putchar(char, VgaColour, VgaColour)
                0x00000000c0010d06                VgaText::isShowingCursor()
                0x00000000c0010d12                VgaText::isBlinkDisabled()
                0x00000000c0010d20                VgaText::setCursorHeight(int)
                0x00000000c0010d3e                VgaText::getCursorHeight()
                0x00000000c0010d49                setActiveTerminal(VgaText*)
                0x00000000c0010dfb                doTerminalCycle()
                0x00000000c0010e18                VgaText::doUpdate()
                0x00000000c0010e2a                VgaText::puts(char const*, VgaColour, VgaColour)
                0x00000000c0010fea                VgaText::clearScreen()
                0x00000000c001104e                VgaText::putchar(char)
                0x00000000c0011168                VgaText::puts(char const*)
                0x00000000c001118e                VgaText::putx(unsigned int)
                0x00000000c00111d4                VgaText::VgaText(char const*)
                0x00000000c00111d4                VgaText::VgaText(char const*)
                0x00000000c0011366                VgaText::receiveKey(unsigned char)
                0x00000000c001144e                VgaText::write(unsigned long long, void*, int*)
                0x00000000c00114a2                newTerminal(char*)
 *fill*         0x00000000c00114c7        0x1 
 .text          0x00000000c00114c8      0x1b3 core/tss.32
                0x00000000c00114c8                TSS::TSS()
                0x00000000c00114c8                TSS::TSS()
                0x00000000c00114d6                TSS::setESP(unsigned long)
                0x00000000c00114e8                TSS::flush()
                0x00000000c0011508                TSS::setup(unsigned long, unsigned long)
 *fill*         0x00000000c001167b        0x1 
 .text          0x00000000c001167c      0x4c2 core/unixfile.32
                0x00000000c001167c                ReservedFilename::read(unsigned long long, void*, int*)
                0x00000000c00116d2                ReservedFilename::isAtty()
                0x00000000c00116ee                ReservedFilename::write(unsigned long long, void*, int*)
                0x00000000c001174c                UnixFile::getFileDescriptor()
                0x00000000c0011754                UnixFile::UnixFile(int)
                0x00000000c0011754                UnixFile::UnixFile(int)
                0x00000000c0011904                ReservedFilename::ReservedFilename(int)
                0x00000000c0011904                ReservedFilename::ReservedFilename(int)
                0x00000000c0011936                UnixFile::~UnixFile()
                0x00000000c0011936                UnixFile::~UnixFile()
                0x00000000c00119ce                UnixFile::~UnixFile()
                0x00000000c00119f6                ReservedFilename::~ReservedFilename()
                0x00000000c00119f6                ReservedFilename::~ReservedFilename()
                0x00000000c0011a1a                ReservedFilename::~ReservedFilename()
                0x00000000c0011a41                getFromFileDescriptor(int)
 .text          0x00000000c0011b3e     0x12d9 core/virtmgr.32
                0x00000000c0011b3e                Virt::setPageState(unsigned long, Virt::VirtPageState)
                0x00000000c0011b73                Virt::getPageState(unsigned long)
                0x00000000c0011b97                Virt::allocateKernelVirtualPages(int)
                0x00000000c0011ca8                Virt::freeSwapfilePage(unsigned long)
                0x00000000c0011cc6                Virt::swapIDToSector(unsigned long)
                0x00000000c0011cd8                Virt::allocateSwapfilePage()
                0x00000000c0011d56                Virt::virtualMemorySetup()
                0x00000000c0011dd5                Virt::swappingSetup()
                0x00000000c0011e32                Virt::getAKernelVAS()
                0x00000000c0011e38                Virt::setupPageSwapping(int)
                0x00000000c0011f68                VAS::VAS()
                0x00000000c0011f68                VAS::VAS()
                0x00000000c0011f98                VAS::VAS(VAS*)
                0x00000000c0011f98                VAS::VAS(VAS*)
                0x00000000c0011fbc                VAS::getForeignPageTableEntry(bool, unsigned long)
                0x00000000c0011fe8                VAS::getPageTableEntry(unsigned long)
                0x00000000c0012007                Virt::freeKernelVirtualPages(unsigned long)
                0x00000000c001212a                VAS::freeAllocatedPages(unsigned long)
                0x00000000c001214e                VAS::virtualToPhysical(unsigned long)
                0x00000000c0012166                VAS::reflagRange(unsigned long, int, int, int)
                0x00000000c00121a6                VAS::setToWriteCombining(unsigned long, int)
                0x00000000c00121d8                VAS::mapOtherVASIn(bool, VAS*)
                0x00000000c0012202                VAS::~VAS()
                0x00000000c0012202                VAS::~VAS()
                0x00000000c001236e                VAS::mapPage(unsigned long, unsigned long, int)
                0x00000000c001246e                VAS::allocatePages(int, int)
                0x00000000c0012646                VAS::setCPUSpecific(unsigned long)
                0x00000000c0012662                VAS::mapRange(unsigned long, unsigned long, int, int)
                0x00000000c0012728                VAS::mapForeignPage(bool, VAS*, unsigned long, unsigned long, int)
                0x00000000c0012816                VAS::VAS(bool)
                0x00000000c0012816                VAS::VAS(bool)
                0x00000000c0012a72                VAS::evict(unsigned long)
                0x00000000c0012b68                VAS::tryLoadBackOffDisk(unsigned long)
                0x00000000c0012c5a                VAS::scanForEviction(int, int)
                0x00000000c0012d5b                mapVASFirstTime
 .text          0x00000000c0012e17       0x95 coreobjs/c++.32
                0x00000000c0012e17                __cxa_atexit
                0x00000000c0012e1a                __cxa_finalize
                0x00000000c0012e1b                __stack_chk_fail
                0x00000000c0012e87                __cxa_pure_virtual
                0x00000000c0012e98                operator new[](unsigned long)
                0x00000000c0012e9d                operator delete(void*, unsigned long)
                0x00000000c0012ea2                operator delete[](void*)
                0x00000000c0012ea7                operator delete[](void*, unsigned long)
 .text          0x00000000c0012eac      0x1ef dbg/kconsole.32
                0x00000000c0012eac                Dbg::stringifyxWithBase(unsigned int, char*, int)
                0x00000000c0012f0d                Dbg::logc(char)
                0x00000000c0012f24                Dbg::logs(char*)
                0x00000000c0012f41                Dbg::logWriteInt(unsigned int)
                0x00000000c0012f5e                Dbg::logWriteIntBase(unsigned int, int)
                0x00000000c0012f7d                Dbg::kprintf(char const*, ...)
 *fill*         0x00000000c001309b        0x1 
 .text          0x00000000c001309c      0xb7c fs/vfs.32
                0x00000000c001309c                File::read(unsigned long long, void*, int*)
                0x00000000c00130f4                File::write(unsigned long long, void*, int*)
                0x00000000c001314c                Directory::read(unsigned long long, void*, int*)
                0x00000000c00131a4                Directory::write(unsigned long long, void*, int*)
                0x00000000c00131d2                File::isAtty()
                0x00000000c00131d6                Directory::isAtty()
                0x00000000c00131da                Filesystem::getlabel(LogicalDisk*, int, char*, unsigned int*)
                0x00000000c00131e0                Filesystem::setlabel(LogicalDisk*, int, char*)
                0x00000000c00131e6                File::~File()
                0x00000000c00131e6                File::~File()
                0x00000000c001320a                File::~File()
                0x00000000c0013234                Directory::~Directory()
                0x00000000c0013234                Directory::~Directory()
                0x00000000c0013258                Directory::~Directory()
                0x00000000c0013282                Filesystem::Filesystem()
                0x00000000c0013282                Filesystem::Filesystem()
                0x00000000c00132a6                Filesystem::~Filesystem()
                0x00000000c00132a6                Filesystem::~Filesystem()
                0x00000000c00132b4                Filesystem::~Filesystem()
                0x00000000c00132d8                Fs::getcwd(Process*, char*, int)
                0x00000000c0013302                Fs::initVFS()
                0x00000000c001332c                Fs::standardiseFiles(char*, char const*, char const*)
                0x00000000c00134d6                File::File(char const*, Process*)
                0x00000000c00134d6                File::File(char const*, Process*)
                0x00000000c001353a                File::open(FileOpenMode)
                0x00000000c0013598                File::close()
                0x00000000c00135f8                File::seek(unsigned long long)
                0x00000000c001364e                File::tell(unsigned long long*)
                0x00000000c001369e                File::rewind()
                0x00000000c00136b2                File::unlink()
                0x00000000c00136fe                File::rename(char const*)
                0x00000000c001374c                File::chfatattr(unsigned char, unsigned char)
                0x00000000c00137a8                File::exists()
                0x00000000c00137e6                File::stat(unsigned long long*, bool*)
                0x00000000c0013847                Fs::setcwd(Process*, char*)
                0x00000000c0013982                Directory::Directory(char const*, Process*)
                0x00000000c0013982                Directory::Directory(char const*, Process*)
                0x00000000c00139e6                Directory::open()
                0x00000000c0013a42                Directory::close()
                0x00000000c0013aa2                Directory::unlink()
                0x00000000c0013aee                Directory::rename(char const*)
                0x00000000c0013b3c                Directory::exists()
                0x00000000c0013b7a                Directory::read(dirent*)
                0x00000000c0013bc6                Directory::create()
                0x00000000c0013c12                Filesystem::chfatattr(char const*, unsigned char, unsigned char)
 .text          0x00000000c0013c18       0x84 hal/bus.32
                0x00000000c0013c18                Bus::Bus(char const*)
                0x00000000c0013c18                Bus::Bus(char const*)
                0x00000000c0013c4e                Bus::~Bus()
                0x00000000c0013c4e                Bus::~Bus()
                0x00000000c0013c72                Bus::~Bus()
 .text          0x00000000c0013c9c      0x14e hal/buzzer.32
                0x00000000c0013c9c                Buzzer::Buzzer(char const*)
                0x00000000c0013c9c                Buzzer::Buzzer(char const*)
                0x00000000c0013ce0                Buzzer::~Buzzer()
                0x00000000c0013ce0                Buzzer::~Buzzer()
                0x00000000c0013d04                Buzzer::~Buzzer()
                0x00000000c0013d2e                Buzzer::stop()
                0x00000000c0013d41                beepThread(void*)
                0x00000000c0013d7c                Buzzer::beep(int, int, bool)
 .text          0x00000000c0013dea      0x467 hal/clock.32
                0x00000000c0013dea                User::loadClockSettings(int)
                0x00000000c0013e3c                Clock::Clock(char const*)
                0x00000000c0013e3c                Clock::Clock(char const*)
                0x00000000c0013e72                Clock::~Clock()
                0x00000000c0013e72                Clock::~Clock()
                0x00000000c0013e96                Clock::~Clock()
                0x00000000c0013ec0                Clock::timeInSecondsLocal()
                0x00000000c0013f08                Clock::setTimeInSecondsLocal(unsigned long long)
                0x00000000c0013f61                datetimeToSeconds(datetime_t)
                0x00000000c0014088                Clock::setTimeInDatetimeLocal(datetime_t)
                0x00000000c00140e8                secondsToDatetime(unsigned long long)
                0x00000000c001422c                Clock::timeInDatetimeLocal()
 *fill*         0x00000000c0014251        0x1 
 .text          0x00000000c0014252      0x4de hal/device.32
                0x00000000c0014252                Device::hibernate()
                0x00000000c0014254                Device::wake()
                0x00000000c0014256                Device::detect()
                0x00000000c0014258                Device::disableLegacy()
                0x00000000c001425a                Device::powerSaving(PowerSavingLevel)
                0x00000000c001425c                DriverlessDevice::close(int, int, void*)
                0x00000000c0014260                DriverlessDevice::detect()
                0x00000000c0014262                DriverlessDevice::open(int, int, void*)
                0x00000000c0014276                Device::~Device()
                0x00000000c0014276                Device::~Device()
                0x00000000c0014284                Device::~Device()
                0x00000000c00142ac                Device::findAndLoadDriver()
                0x00000000c00142ae                Device::preOpenPCI(PCIDeviceInfo)
                0x00000000c00142d4                Device::preOpenACPI(void*, char*, char*)
                0x00000000c0014328                Device::addIRQHandler(int, void (*)(regs*, void*), bool, void*)
                0x00000000c0014366                Device::removeIRQHandler(int, void (*)(regs*, void*), bool)
                0x00000000c00143a4                Device::addChild(Device*)
                0x00000000c00143e8                Device::removeAllChildren()
                0x00000000c001442e                Device::hibernateAll()
                0x00000000c001445e                Device::wakeAll()
                0x00000000c001448e                Device::detectAll()
                0x00000000c00144be                Device::disableLegacyAll()
                0x00000000c00144ee                Device::loadDriversForAll()
                0x00000000c001451a                Device::closeAll()
                0x00000000c0014550                Device::powerSavingAll(PowerSavingLevel)
                0x00000000c0014586                Device::setName(char const*)
                0x00000000c0014594                Device::Device(char const*)
                0x00000000c0014594                Device::Device(char const*)
                0x00000000c0014690                Device::getName()
                0x00000000c001469a                DriverlessDevice::DriverlessDevice(char const*)
                0x00000000c001469a                DriverlessDevice::DriverlessDevice(char const*)
                0x00000000c00146c2                Device::addToLinkedList(LinkedList<Device>&, DeviceType)
                0x00000000c0014706                getDevicesOfType(DeviceType)
 .text          0x00000000c0014730       0x84 hal/diskctrl.32
                0x00000000c0014730                HardDiskController::HardDiskController(char const*)
                0x00000000c0014730                HardDiskController::HardDiskController(char const*)
                0x00000000c0014766                HardDiskController::~HardDiskController()
                0x00000000c0014766                HardDiskController::~HardDiskController()
                0x00000000c001478a                HardDiskController::~HardDiskController()
 .text          0x00000000c00147b4       0xf2 hal/diskphys.32
                0x00000000c00147b4                PhysicalDisk::eject()
                0x00000000c00147c8                PhysicalDisk::PhysicalDisk(char const*, int)
                0x00000000c00147c8                PhysicalDisk::PhysicalDisk(char const*, int)
                0x00000000c0014830                PhysicalDisk::startCache()
                0x00000000c0014858                PhysicalDisk::~PhysicalDisk()
                0x00000000c0014858                PhysicalDisk::~PhysicalDisk()
                0x00000000c001487c                PhysicalDisk::~PhysicalDisk()
 .text          0x00000000c00148a6      0x13b hal/fpu.32
                0x00000000c00148a6                FPU::FPU(char const*)
                0x00000000c00148a6                FPU::FPU(char const*)
                0x00000000c00148dc                FPU::~FPU()
                0x00000000c00148dc                FPU::~FPU()
                0x00000000c0014900                FPU::~FPU()
                0x00000000c001492a                setupFPU()
 *fill*         0x00000000c00149e1        0x1 
 .text          0x00000000c00149e2     0x13b7 hal/intctrl.32
                0x00000000c00149e2                InterruptController::uninstallISRHandler(int, void (*)(regs*, void*))
                0x00000000c0014a1a                InterruptController::installISRHandler(int, void (*)(regs*, void*), void*)
                0x00000000c0014a6c                doubleFault(regs*, void*)
                0x00000000c0014a86                InterruptController::installIRQHandler(int, void (*)(regs*, void*), bool, void*)
                0x00000000c0014b22                InterruptController::clearAllHandlers(int, bool)
                0x00000000c0014bca                InterruptController::uninstallIRQHandler(int, void (*)(regs*, void*), bool)
                0x00000000c0014c51                nmiHandler(regs*, void*)
                0x00000000c0014c5f                int_handler
                0x00000000c0014d00                InterruptController::InterruptController(char const*)
                0x00000000c0014d00                InterruptController::InterruptController(char const*)
                0x00000000c0014da6                InterruptController::~InterruptController()
                0x00000000c0014da6                InterruptController::~InterruptController()
                0x00000000c0014dca                InterruptController::~InterruptController()
                0x00000000c0014df4                displayDebugInfo(regs*)
                0x00000000c0015283                x87EmulHandler(regs*, void*)
                0x00000000c00152b2                gpFault(regs*, void*)
                0x00000000c00152eb                pgFault(regs*, void*)
                0x00000000c0015337                otherISRHandler(regs*, void*)
                0x00000000c0015356                opcodeFault(regs*, void*)
                0x00000000c001595c                displayProgramFault(char const*)
                0x00000000c0015984                setupInterruptController()
                0x00000000c0015d4c                InterruptController::convertLegacyIRQNumber(int)
 *fill*         0x00000000c0015d99        0x1 
 .text          0x00000000c0015d9a      0x6c8 hal/keybrd.32
                0x00000000c0015d9a                startGUI(void*)
                0x00000000c0015df6                startGUIVESA(void*)
                0x00000000c0015e52                sendKeyToTerminal(unsigned char)
                0x00000000c0015ebe                sendKeyboardToken(KeyboardToken)
                0x00000000c00162fb                clearInternalKeybuffer(VgaText*)
                0x00000000c0016330                readKeyboard(VgaText*, char*, unsigned long)
                0x00000000c00163d8                Keyboard::Keyboard(char const*)
                0x00000000c00163d8                Keyboard::Keyboard(char const*)
                0x00000000c0016414                Keyboard::~Keyboard()
                0x00000000c0016414                Keyboard::~Keyboard()
                0x00000000c0016438                Keyboard::~Keyboard()
 .text          0x00000000c0016462      0x414 hal/logidisk.32
                0x00000000c0016462                LogicalDisk::close(int, int, void*)
                0x00000000c0016466                LogicalDisk::~LogicalDisk()
                0x00000000c0016466                LogicalDisk::~LogicalDisk()
                0x00000000c001648a                LogicalDisk::~LogicalDisk()
                0x00000000c00164b4                LogicalDisk::open(int, int, void*)
                0x00000000c00164c8                LogicalDisk::absoluteToRelative(unsigned long long)
                0x00000000c0016500                LogicalDisk::relativeToAbsolute(unsigned long long)
                0x00000000c0016546                LogicalDisk::LogicalDisk(char const*, PhysicalDisk*, unsigned long long, unsigned long long)
                0x00000000c0016546                LogicalDisk::LogicalDisk(char const*, PhysicalDisk*, unsigned long long, unsigned long long)
                0x00000000c00165fc                LogicalDisk::assignDriveLetter()
                0x00000000c00166b2                LogicalDisk::mount()
                0x00000000c0016724                LogicalDisk::unmount()
                0x00000000c0016734                LogicalDisk::eject()
                0x00000000c0016748                LogicalDisk::unassignDriveLetter()
                0x00000000c001679e                LogicalDisk::read(unsigned long long, int, void*)
                0x00000000c001680a                LogicalDisk::write(unsigned long long, int, void*)
 .text          0x00000000c0016876       0x84 hal/mouse.32
                0x00000000c0016876                Mouse::Mouse(char const*)
                0x00000000c0016876                Mouse::Mouse(char const*)
                0x00000000c00168ac                Mouse::~Mouse()
                0x00000000c00168ac                Mouse::~Mouse()
                0x00000000c00168d0                Mouse::~Mouse()
 .text          0x00000000c00168fa      0x34d hal/partition.32
                0x00000000c00168fa                makePartition(PhysicalDisk*, unsigned long long, unsigned long long)
                0x00000000c00169b6                createPartitionsForDisk(PhysicalDisk*)
 *fill*         0x00000000c0016c47        0x1 
 .text          0x00000000c0016c48       0x84 hal/serial.32
                0x00000000c0016c48                Serial::Serial(char const*)
                0x00000000c0016c48                Serial::Serial(char const*)
                0x00000000c0016c7e                Serial::~Serial()
                0x00000000c0016c7e                Serial::~Serial()
                0x00000000c0016ca2                Serial::~Serial()
 .text          0x00000000c0016ccc      0x2b8 hal/timer.32
                0x00000000c0016ccc                Timer::Timer(char const*)
                0x00000000c0016ccc                Timer::Timer(char const*)
                0x00000000c0016d02                Timer::~Timer()
                0x00000000c0016d02                Timer::~Timer()
                0x00000000c0016d26                Timer::~Timer()
                0x00000000c0016d50                Timer::read()
                0x00000000c0016d5b                timerHandler(unsigned long long)
                0x00000000c0016e92                setupTimer(int)
 .text          0x00000000c0016f84      0x425 hal/vcache.32
                0x00000000c0016f84                VCache::VCache(PhysicalDisk*)
                0x00000000c0016f84                VCache::VCache(PhysicalDisk*)
                0x00000000c00170ec                VCache::invalidateReadBuffer()
                0x00000000c00170fc                VCache::writeWriteBuffer()
                0x00000000c0017138                VCache::~VCache()
                0x00000000c0017138                VCache::~VCache()
                0x00000000c001718c                VCache::~VCache()
                0x00000000c00171b4                VCache::write(unsigned long long, int, void*)
                0x00000000c00172aa                VCache::read(unsigned long long, int, void*)
 *fill*         0x00000000c00173a9        0x1 
 .text          0x00000000c00173aa      0x4cd hal/video.32
                0x00000000c00173aa                Video::putrect(int, int, int, int, unsigned int)
                0x00000000c00173f6                Video::bitblit(int, int, int, int, int, int, int, unsigned int*)
                0x00000000c0017466                Video::blit(unsigned int*, int, int, int, int)
                0x00000000c00174e4                Video::clearScreen(unsigned int)
                0x00000000c0017518                Video::putpixel(int, int, unsigned int)
                0x00000000c0017526                Video::Video(char const*)
                0x00000000c0017526                Video::Video(char const*)
                0x00000000c001755c                Video::~Video()
                0x00000000c001755c                Video::~Video()
                0x00000000c0017580                Video::~Video()
                0x00000000c00175aa                Video::isMonochrome()
                0x00000000c00175b6                Video::getWidth()
                0x00000000c00175c2                Video::getHeight()
                0x00000000c00175ce                Video::drawCursor(int, int, unsigned char*, int)
                0x00000000c001768a                Video::tgaParse(unsigned char*, int, int*, int*)
                0x00000000c001780c                Video::putTGA(int, int, unsigned char*, int)
 *fill*         0x00000000c0017877        0x1 
 .text          0x00000000c0017878      0xf64 hw/acpi.32
                0x00000000c0017878                ACPI::close(int, int, void*)
                0x00000000c001792d                findRSDP()
                0x00000000c00179b7                loadACPITables(unsigned char*)
                0x00000000c0017bde                findRSDT(unsigned char*)
                0x00000000c0017cfc                findDataTable(unsigned char*, char*)
                0x00000000c0017d98                scanMADT()
                0x00000000c001821e                ACPI::ACPI()
                0x00000000c001821e                ACPI::ACPI()
                0x00000000c0018288                ACPI::getPCIIRQAssignment(unsigned char, unsigned short, unsigned char)
                0x00000000c001836a                ACPI::registerPCIIRQAssignment(void*, unsigned short, unsigned char, unsigned char)
                0x00000000c0018430                ACPI::setScreenBrightnessLevel(void*, int)
                0x00000000c0018436                ACPI::writeSimpleBootFlag(SimpleBootFlagTable*)
                0x00000000c001847e                ACPI::open(int, int, void*)
                0x00000000c00187c4                ACPI::sleep()
 .text          0x00000000c00187dc     0x1715 hw/cpu.32
                0x00000000c00187dc                CPU::close(int, int, void*)
                0x00000000c00187e0                CPU::lookupAMDName(unsigned char, unsigned char)
                0x00000000c0018974                CPU::lookupIntelName(unsigned char, unsigned char)
                0x00000000c0018c22                CPU::AMD_K6_write_msr(unsigned int, unsigned int, unsigned int, CPU::REGS*)
                0x00000000c0018c3e                CPU::AMD_K6_read_msr(unsigned int, CPU::REGS*)
                0x00000000c0018c56                CPU::AMD_K6_writeback(int, int, int)
                0x00000000c0018cca                CPU::cpuid(int, unsigned long*, unsigned long*, unsigned long*, unsigned long*)
                0x00000000c0018d4e                CPU::cpuidCheckEDX(unsigned int)
                0x00000000c0018d7c                CPU::cpuidCheckECX(unsigned int)
                0x00000000c0018daa                CPU::cpuidCheckExtendedEBX(unsigned int)
                0x00000000c0018dd8                CPU::cpuidCheckExtendedECX(unsigned int)
                0x00000000c0018e06                CPU::CPU()
                0x00000000c0018e06                CPU::CPU()
                0x00000000c0018e94                CPU::displayFeatures()
                0x00000000c0019110                CPU::detectFeatures()
                0x00000000c0019b00                CPU::setupSMEP()
                0x00000000c0019b0c                CPU::setupUMIP()
                0x00000000c0019b16                CPU::setupTSC()
                0x00000000c0019b20                CPU::setupLargePages()
                0x00000000c0019b2a                CPU::setupPAT()
                0x00000000c0019b66                CPU::setupMTRR()
                0x00000000c0019b68                CPU::setupGlobalPages()
                0x00000000c0019b72                CPU::allowUsermodeDataAccess()
                0x00000000c0019b84                CPU::prohibitUsermodeDataAccess()
                0x00000000c0019b96                CPU::setupSMAP()
                0x00000000c0019ba4                CPU::setupFeatures()
                0x00000000c0019c24                CPU::open(int, int, void*)
                0x00000000c0019cf6                CPU::decodeAddress(regs*, int*, bool*, unsigned char*)
 .text          0x00000000c0019ef1        0x0 hw/ports.32
 .text          0x00000000c0019ef1      0x16a hw/smp.32
                0x00000000c0019ef1                Krnl::smpEntry()
                0x00000000c0019ef3                Krnl::startCPU(int)
                0x00000000c001a03c                Krnl::startCPUs()
 *fill*         0x00000000c001a05b        0x1 
 .text          0x00000000c001a05c      0x5d3 krnl/env.32
                0x00000000c001a05c                EnvVarContainer::getEnv(char const*)
                0x00000000c001a09a                EnvVarContainer::setEnv(char const*, char const*)
                0x00000000c001a166                EnvVarContainer::deleteEnv(char const*)
                0x00000000c001a168                EnvVarContainer::loadFrom(char const*, char const*)
                0x00000000c001a35e                EnvVarContainer::__loadSystem()
                0x00000000c001a378                EnvVarContainer::__loadUser()
                0x00000000c001a37a                EnvVarContainer::EnvVarContainer(Process*)
                0x00000000c001a37a                EnvVarContainer::EnvVarContainer(Process*)
                0x00000000c001a39c                EnvVarContainer::~EnvVarContainer()
                0x00000000c001a39c                EnvVarContainer::~EnvVarContainer()
                0x00000000c001a3cc                Krnl::getEnv(Process*, char const*)
                0x00000000c001a431                Krnl::setEnvSystem(char const*, char const*)
                0x00000000c001a44b                Krnl::setEnvUser(char const*, char const*)
                0x00000000c001a46a                Krnl::setEnvProcess(Process*, char const*, char const*)
                0x00000000c001a47d                Krnl::deleteEnvSystem(char const*)
                0x00000000c001a47e                Krnl::deleteEnvUser(char const*)
                0x00000000c001a47f                Krnl::deleteEnvProcess(Process*, char const*)
                0x00000000c001a480                Krnl::newProcessEnv(Process*)
                0x00000000c001a4a2                Krnl::copyProcessEnv(Process*, Process*)
                0x00000000c001a4f6                Krnl::loadSystemEnv()
                0x00000000c001a524                Krnl::loadUserEnv()
                0x00000000c001a54a                Krnl::flushEnv()
                0x00000000c001a54b                Krnl::getProcessTotalEnvCount(Process*)
                0x00000000c001a56b                Krnl::getProcessEnvPair(Process*, int)
 .text          0x00000000c001a62f      0x396 krnl/panic.32
                0x00000000c001a62f                Krnl::panic(char const*)
 .text          0x00000000c001a9c5      0x3b6 net/ethernet.32
                0x00000000c001a9c5                Net::switchEndian16(unsigned short)
                0x00000000c001a9e6                Net::switchEndian32(unsigned int)
                0x00000000c001aa15                Net::crc32Calc(unsigned char*, int)
                0x00000000c001aaa6                Net::wrapEthernetFrame(Net::UnwrappedEthernetFrame, unsigned char*)
                0x00000000c001abe2                Net::unwrapEthernetFrame(unsigned char*, int)
 .text          0x00000000c001ad7b      0x513 reg/registry.32
                0x00000000c001ad7b                Reg::findLineFromLoadedData(char*, char*, char*)
                0x00000000c001aed3                Reg::getLineFromRegistry(char*, char*, char*, char*)
                0x00000000c001b028                Reg::getLine(char*, char*, char*)
                0x00000000c001b05f                Reg::readInt(char*, char*, int*)
                0x00000000c001b14a                Reg::readString(char*, char*, char*, int)
                0x00000000c001b1cb                Reg::readBool(char*, char*, bool*)
                0x00000000c001b1f0                Reg::readBoolWithDefault(char*, char*, bool)
                0x00000000c001b21c                Reg::readIntWithDefault(char*, char*, int)
                0x00000000c001b248                Reg::readStringWithDefault(char*, char*, char*, int, char*)
 .text          0x00000000c001b28e       0x36 sys/sc_eject.32
                0x00000000c001b28e                Sys::eject(regs*)
 .text          0x00000000c001b2c4       0x18 sys/sc_exit.32
                0x00000000c001b2c4                Sys::exit(regs*)
 .text          0x00000000c001b2dc       0x1f sys/sc_getcwd.32
                0x00000000c001b2dc                Sys::getCwd(regs*)
 .text          0x00000000c001b2fb        0xc sys/sc_getpid.32
                0x00000000c001b2fb                Sys::getPID(regs*)
 .text          0x00000000c001b307       0x17 sys/sc_getramdata.32
                0x00000000c001b307                Sys::getRAMData(regs*)
 .text          0x00000000c001b31e       0xa8 sys/sc_loaddll.32
                0x00000000c001b31e                Sys::loadDLL(regs*)
 .text          0x00000000c001b3c6       0x68 sys/sc_read.32
                0x00000000c001b3c6                Sys::read(regs*)
 .text          0x00000000c001b42e       0x9f sys/sc_sbrk.32
                0x00000000c001b42e                Sys::sbrk(regs*)
 .text          0x00000000c001b4cd       0x1c sys/sc_setcwd.32
                0x00000000c001b4cd                Sys::setCwd(regs*)
 .text          0x00000000c001b4e9      0x128 sys/sc_settime.32
                0x00000000c001b4e9                Sys::setTime(regs*)
 .text          0x00000000c001b611       0x4a sys/sc_timezone.32
                0x00000000c001b611                Sys::timezone(regs*)
 .text          0x00000000c001b65b       0x68 sys/sc_write.32
                0x00000000c001b65b                Sys::write(regs*)
 .text          0x00000000c001b6c3       0x62 sys/sc_wsbe.32
                0x00000000c001b6c3                Sys::wsbe(regs*)
 .text          0x00000000c001b725       0x3b sys/sc_yield.32
                0x00000000c001b725                Sys::yield(regs*)
 .text          0x00000000c001b760     0x10e5 sys/syscalls.32
                0x00000000c001b760                sysCallSeekDir(regs*)
                0x00000000c001b765                sysCallTellDir(regs*)
                0x00000000c001b76a                sysCallVerify(regs*)
                0x00000000c001b774                sysFormatDisk(regs*)
                0x00000000c001b7de                sysSetDiskVolumeLabel(regs*)
                0x00000000c001b824                sysGetDiskVolumeLabel(regs*)
                0x00000000c001b875                sysShutdown(regs*)
                0x00000000c001b8d3                sysCallRealpath(regs*)
                0x00000000c001b916                sysCallGetArgc(regs*)
                0x00000000c001b944                sysCallReadDir(regs*)
                0x00000000c001b9d2                sysCallIsATTY(regs*)
                0x00000000c001ba2c                sysCallSeek(regs*)
                0x00000000c001ba95                sysCallTell(regs*)
                0x00000000c001bb12                sysCallSize(regs*)
                0x00000000c001bb95                sysCallSizeFromFilename(regs*)
                0x00000000c001bc55                sysCallClose(regs*)
                0x00000000c001bcdd                sysCallOpenDir(regs*)
                0x00000000c001bd52                sysCallCloseDir(regs*)
                0x00000000c001bdb8                sysCallMakeDir(regs*)
                0x00000000c001be28                sysCallWait(regs*)
                0x00000000c001be42                sysCallNotImpl(regs*)
                0x00000000c001be5d                sysPanic(regs*)
                0x00000000c001be83                sysCallRmdir(regs*)
                0x00000000c001bee7                sysCallUnlink(regs*)
                0x00000000c001bf4b                sysCallGetArgv(regs*)
                0x00000000c001bf97                sysCallTTYName(regs*)
                0x00000000c001c01a                sysCallUSleep(regs*)
                0x00000000c001c041                sysCallSpawn(regs*)
                0x00000000c001c099                sysCallGetEnv(regs*)
                0x00000000c001c1d1                sysAppSettings(regs*)
                0x00000000c001c2f0                sysSetFatAttrib(regs*)
                0x00000000c001c362                sysPipe(regs*)
                0x00000000c001c3a7                sysGetUnixTime(regs*)
                0x00000000c001c3bb                string_ends_with(char const*, char const*)
                0x00000000c001c403                sysCallOpen(regs*)
                0x00000000c001c618                Sys::loadSyscalls()
                0x00000000c001c803                Sys::systemCall(regs*, void*)
 .text          0x00000000c001c845     0x11d4 thr/elf.32
                0x00000000c001c845                Thr::allocateMemoryForTask(Process*, File*, unsigned long, unsigned long, unsigned long)
                0x00000000c001cad7                Thr::loadProgramIntoMemory(Process*, char const*)
                0x00000000c001cced                Thr::runtimeReferenceHelper()
                0x00000000c001cd00                Thr::getAddressOfKernelSymbol(char const*)
                0x00000000c001cd4f                Thr::loadKernelSymbolTable(char const*)
                0x00000000c001d00d                Thr::loadDriverIntoMemory(char const*, unsigned long, bool)
                0x00000000c001d729                Thr::getDriverBaseFromAddress(unsigned long)
                0x00000000c001d75b                Thr::getDriverNameFromAddress(unsigned long)
                0x00000000c001d792                Thr::getDriverOffsetFromAddress(unsigned long)
                0x00000000c001d7ac                Thr::loadDLL(char const*, bool)
                0x00000000c001d9e0                Thr::executeDLL(unsigned long, void*)
 *fill*         0x00000000c001da19        0x1 
 .text          0x00000000c001da1a     0x1056 thr/prcssthr.32
                0x00000000c001da1a                changeTSS
                0x00000000c001da4a                Process::addArgs(char**)
                0x00000000c001daa4                Process::Process(char const*, Process*, char**)
                0x00000000c001daa4                Process::Process(char const*, Process*, char**)
                0x00000000c001dc88                Process::Process(bool, char const*, Process*, char**)
                0x00000000c001dc88                Process::Process(bool, char const*, Process*, char**)
                0x00000000c001de37                disableIRQs()
                0x00000000c001de3f                getIRQNestingLevel()
                0x00000000c001de45                enableIRQs()
                0x00000000c001de54                lockScheduler()
                0x00000000c001de56                unlockScheduler()
                0x00000000c001de58                userModeEntryPoint(void*)
                0x00000000c001de7b                lockStuff()
                0x00000000c001de87                taskStartupFunction
                0x00000000c001de90                updateTimeUsed()
                0x00000000c001def5                switchToThread(ThreadControlBlock*)
                0x00000000c001df46                Semaphore::Semaphore(int)
                0x00000000c001df46                Semaphore::Semaphore(int)
                0x00000000c001df74                Mutex::Mutex()
                0x00000000c001df74                Mutex::Mutex()
                0x00000000c001df86                Process::createThread(void (*)(void*), void*, int)
                0x00000000c001e06a                Process::createUserThread()
                0x00000000c001e086                setupMultitasking(void (*)())
                0x00000000c001e190                schedule()
                0x00000000c001e215                unlockStuff()
                0x00000000c001e24a                Semaphore::tryAcquire()
                0x00000000c001e278                Semaphore::assertLocked(char const*)
                0x00000000c001e2a8                blockTaskWithSchedulerLockAlreadyHeld(TaskState)
                0x00000000c001e2ea                blockTask(TaskState)
                0x00000000c001e30b                waitTask(int, int*, int)
                0x00000000c001e34d                nanoSleepUntil(unsigned long long)
                0x00000000c001e3a4                nanoSleep(unsigned long long)
                0x00000000c001e3b9                sleep(unsigned long long)
                0x00000000c001e3d6                Semaphore::acquire()
                0x00000000c001e43e                taskReturned
                0x00000000c001e46c                unblockTask(ThreadControlBlock*)
                0x00000000c001e51b                cleanupTerminatedTask(ThreadControlBlock*)
                0x00000000c001e7e4                cleanerTaskFunction(void*)
                0x00000000c001e897                terminateTask(int)
                0x00000000c001e977                Thr::terminateFromIRQ(int)
                0x00000000c001e984                Semaphore::release()
 .text          0x00000000c001ea70      0xc26 vm86/vm8086.32
                0x00000000c001ea70                Vm::inbv(unsigned short)
                0x00000000c001ea83                Vm::outbv(unsigned short, unsigned char)
                0x00000000c001ead6                Vm::realToLinear(unsigned short, unsigned short)
                0x00000000c001eae6                Vm::getSegment(unsigned int)
                0x00000000c001eaee                Vm::getOffset(unsigned int)
                0x00000000c001eaf3                Vm::mainloop2()
                0x00000000c001eb2e                Vm::mainVm8086Loop(void*)
                0x00000000c001eb3b                Vm::mainloop3(unsigned long)
                0x00000000c001eb65                Vm::initialise8086()
                0x00000000c001eba8                Vm::finish8086()
                0x00000000c001ebed                Vm::getOutput8086(unsigned char*)
                0x00000000c001ec17                Vm::start8086(char const*, unsigned short, unsigned short, unsigned short, unsigned short)
                0x00000000c001ed67                Vm::doISR(regs*, int, unsigned char*, unsigned short, unsigned short)
                0x00000000c001edf1                Vm::readByteFromReal(unsigned short, unsigned short)
                0x00000000c001ee02                Vm::readWordFromReal(unsigned short, unsigned short)
                0x00000000c001ee14                Vm::readDwordFromReal(unsigned short, unsigned short)
                0x00000000c001ee25                Vm::writeByteFromReal(unsigned short, unsigned short, unsigned char)
                0x00000000c001ee3a                Vm::writeWordFromReal(unsigned short, unsigned short, unsigned short)
                0x00000000c001ee50                Vm::writeDwordFromReal(unsigned short, unsigned short, unsigned int)
                0x00000000c001ee65                Vm::faultHandler(regs*)
 .text          0x00000000c001f696      0xefd vm86/x87em.32
                0x00000000c001f696                Vm::fpuInternalTo32(unsigned long long)
                0x00000000c001f6f1                Vm::fpuInternalTo64(unsigned long long)
                0x00000000c001f6fa                Vm::fpu32ToInternal(unsigned int)
                0x00000000c001f73f                Vm::fpu64ToInternal(unsigned long long)
                0x00000000c001f748                Vm::fpuFloatToLong(unsigned long long)
                0x00000000c001f7a3                Vm::fpuULongToFloat(unsigned long long)
                0x00000000c001f7d9                Vm::fpuLongToFloat(long long)
                0x00000000c001f82f                Vm::fpuGet0()
                0x00000000c001f834                Vm::fpuGet1()
                0x00000000c001f83c                Vm::fpuGetPi()
                0x00000000c001f844                Vm::fpuGetLog2E()
                0x00000000c001f85c                Vm::fpuGetLogE2()
                0x00000000c001f874                Vm::fpuGetLog210()
                0x00000000c001f88c                Vm::fpuGetLog102()
                0x00000000c001f8a4                Vm::fpuIsSecondLarger(unsigned long long, unsigned long long)
                0x00000000c001f8b8                Vm::fpuAreEqual(unsigned long long, unsigned long long)
                0x00000000c001f8ce                Vm::fpuUnorderedCompare(unsigned long long, unsigned long long)
                0x00000000c001f921                Vm::fpuAdd(unsigned long long, unsigned long long)
                0x00000000c001f932                Vm::fpuAbs(unsigned long long)
                0x00000000c001f93b                Vm::fpuChs(unsigned long long)
                0x00000000c001f94b                Vm::fpuSub(unsigned long long, unsigned long long)
                0x00000000c001f95a                Vm::fpuMultiply(unsigned long long, unsigned long long)
                0x00000000c001f979                Vm::fpuDivide(unsigned long long, unsigned long long)
                0x00000000c001f995                Vm::fpuSquare(unsigned long long)
                0x00000000c001f9ab                Vm::fpuGetReg(int)
                0x00000000c001f9ee                Vm::fpuSetReg(int, unsigned long long)
                0x00000000c001fa39                Vm::fpuPush(unsigned long long)
                0x00000000c001fa96                Vm::fpuPop()
                0x00000000c001fae8                Vm::x87Handler(regs*)
 *fill*         0x00000000c0020593        0x1 
 .text          0x00000000c0020594     0x10ed fs/fat/vfslink.32
                0x00000000c0020594                FAT::getName()
                0x00000000c002059a                FAT::tell(void*, unsigned long long*)
                0x00000000c00205ce                FAT::stat(void*, unsigned long long*)
                0x00000000c0020602                FAT::~FAT()
                0x00000000c0020602                FAT::~FAT()
                0x00000000c0020626                FAT::~FAT()
                0x00000000c002064e                FAT::getlabel(LogicalDisk*, int, char*, unsigned int*)
                0x00000000c00206ec                FAT::setlabel(LogicalDisk*, int, char*)
                0x00000000c00207a6                FAT::format(LogicalDisk*, int, char const*, int)
                0x00000000c002098a                FAT::tryMount(LogicalDisk*, int)
                0x00000000c0020b90                FAT::readDir(void*, unsigned long, void*, int*)
                0x00000000c0020c96                FAT::read(void*, unsigned long, void*, int*)
                0x00000000c0020cf0                FAT::write(void*, unsigned long, void*, int*)
                0x00000000c0020d4a                FAT::close(void*)
                0x00000000c0020d96                FAT::closeDir(void*)
                0x00000000c0020de2                FAT::seek(void*, unsigned long long)
                0x00000000c0020e36                fatWrapperReadDisk
                0x00000000c0020e7d                fatWrapperWriteDisk
                0x00000000c0020ec4                fatWrapperIoctl
                0x00000000c0020fc8                FAT::FAT()
                0x00000000c0020fc8                FAT::FAT()
                0x00000000c002101a                FAT::fixFilepath(char*)
                0x00000000c0021052                FAT::open(char const*, void**, FileOpenMode)
                0x00000000c002117a                FAT::openDir(char const*, void**)
                0x00000000c0021220                FAT::stat(char const*, unsigned long long*, bool*)
                0x00000000c002130a                FAT::unlink(char const*)
                0x00000000c0021384                FAT::chfatattr(char const*, unsigned char, unsigned char)
                0x00000000c00214d8                FAT::rename(char const*, char const*)
                0x00000000c002159c                FAT::mkdir(char const*)
                0x00000000c0021616                FAT::exists(char const*)
 *fill*         0x00000000c0021681        0x1 
 .text          0x00000000c0021682      0xbc1 fs/iso9660/vfslink.32
                0x00000000c0021682                ISO9660::format(LogicalDisk*, int, char const*, int)
                0x00000000c0021688                ISO9660::seek(void*, unsigned long long)
                0x00000000c00216b8                ISO9660::tell(void*, unsigned long long*)
                0x00000000c00216dc                ISO9660::getName()
                0x00000000c00216e2                ISO9660::stat(void*, unsigned long long*)
                0x00000000c0021706                ISO9660::chfatattr(char const*, unsigned char, unsigned char)
                0x00000000c002170c                ISO9660::unlink(char const*)
                0x00000000c0021712                ISO9660::write(void*, unsigned long, void*, int*)
                0x00000000c0021718                ISO9660::rename(char const*, char const*)
                0x00000000c002171e                ISO9660::mkdir(char const*)
                0x00000000c0021724                ISO9660::close(void*)
                0x00000000c0021746                ISO9660::closeDir(void*)
                0x00000000c0021768                ISO9660::~ISO9660()
                0x00000000c0021768                ISO9660::~ISO9660()
                0x00000000c002178c                ISO9660::~ISO9660()
                0x00000000c00217b3                __memmem(unsigned char*, int, unsigned char*, int)
                0x00000000c00217f5                readSectorFromCDROM(unsigned int, unsigned char*, char)
                0x00000000c002185c                ISO9660::tryMount(LogicalDisk*, int)
                0x00000000c00218ac                ISO9660::read(void*, unsigned long, void*, int*)
                0x00000000c0021aac                ISO9660::readDir(void*, unsigned long, void*, int*)
                0x00000000c0021d39                readRoot(unsigned int*, unsigned int*, char)
                0x00000000c0021d8e                readRecursively(char*, unsigned int, unsigned int, unsigned int*, unsigned int*, char, int*)
                0x00000000c0021f61                getFileData(char*, unsigned int*, unsigned int*, char, int*)
                0x00000000c0021ff0                ISO9660::open(char const*, void**, FileOpenMode)
                0x00000000c00220b0                ISO9660::exists(char const*)
                0x00000000c00220d4                ISO9660::stat(char const*, unsigned long long*, bool*)
                0x00000000c0022168                ISO9660::openDir(char const*, void**)
                0x00000000c0022220                ISO9660::ISO9660()
                0x00000000c0022220                ISO9660::ISO9660()
 *fill*         0x00000000c0022243        0x1 
 .text          0x00000000c0022244      0x326 hal/sound/sndchannel.32
                0x00000000c0022244                SoundChannel::~SoundChannel()
                0x00000000c0022244                SoundChannel::~SoundChannel()
                0x00000000c0022260                SoundChannel::setSpeed(float)
                0x00000000c002226c                SoundChannel::getSpeed()
                0x00000000c0022274                SoundChannel::setVolume(int)
                0x00000000c0022290                SoundChannel::getVolume()
                0x00000000c0022298                SoundChannel::pause()
                0x00000000c00222a2                SoundChannel::SoundChannel(int, int, int, int)
                0x00000000c00222a2                SoundChannel::SoundChannel(int, int, int, int)
                0x00000000c00223f8                SoundChannel::play()
                0x00000000c0022402                SoundChannel::paused()
                0x00000000c002240a                SoundChannel::getSampleRate()
                0x00000000c0022412                SoundChannel::getBits()
                0x00000000c002241a                SoundChannel::getBufferUsed()
                0x00000000c0022422                SoundChannel::getBufferSize()
                0x00000000c002242a                SoundChannel::unbuffer(float*, int, int)
                0x00000000c00224ca                SoundChannel::buffer8(unsigned char*, int)
 .text          0x00000000c002256a      0x3d5 hal/sound/sndhw.32
                0x00000000c002256a                SoundDevice::SoundDevice(char const*)
                0x00000000c002256a                SoundDevice::SoundDevice(char const*)
                0x00000000c00225d6                SoundDevice::~SoundDevice()
                0x00000000c00225d6                SoundDevice::~SoundDevice()
                0x00000000c0022650                SoundDevice::~SoundDevice()
                0x00000000c002267a                SoundDevice::getFreeChannelNum()
                0x00000000c0022694                SoundDevice::addChannel(SoundChannel*)
                0x00000000c0022704                SoundDevice::removeChannel(int)
                0x00000000c0022736                SoundDevice::floatTo8(float*, unsigned char*, int)
                0x00000000c002281e                SoundDevice::getAudio(int, float*, float*)
 .text          0x00000000c002293f        0x0 hw/bus/isa.32
 *fill*         0x00000000c002293f        0x1 
 .text          0x00000000c0022940      0x6c3 hw/bus/pci.32
                0x00000000c0022940                PCI::open(int, int, void*)
                0x00000000c0022954                PCI::close(int, int, void*)
                0x00000000c0022958                PCI::PCI()
                0x00000000c0022958                PCI::PCI()
                0x00000000c00229d8                PCI::pciReadWord(unsigned char, unsigned char, unsigned char, unsigned char)
                0x00000000c0022a20                PCI::getVendorID(unsigned char, unsigned char, unsigned char)
                0x00000000c0022a42                PCI::getHeaderType(unsigned char, unsigned char, unsigned char)
                0x00000000c0022a66                PCI::getClassCode(unsigned char, unsigned char, unsigned char)
                0x00000000c0022aaa                PCI::getProgIF(unsigned char, unsigned char, unsigned char)
                0x00000000c0022ace                PCI::getRevisionID(unsigned char, unsigned char, unsigned char)
                0x00000000c0022af0                PCI::getInterruptNumber(unsigned char, unsigned char, unsigned char)
                0x00000000c0022b12                PCI::getSecondaryBus(unsigned char, unsigned char, unsigned char)
                0x00000000c0022b36                PCI::getBARAddress(unsigned char, unsigned char, unsigned char, unsigned char)
                0x00000000c0022b96                PCI::pciWriteWord(unsigned char, unsigned char, unsigned char, unsigned char, unsigned short)
                0x00000000c0022c02                PCI::checkBus(unsigned char)
                0x00000000c0022c26                PCI::foundDevice(PCIDeviceInfo)
                0x00000000c0022d98                PCI::getDeviceData(unsigned char, unsigned char, unsigned char)
                0x00000000c0022f44                PCI::checkDevice(unsigned char, unsigned char)
                0x00000000c0022fb0                PCI::detect()
 *fill*         0x00000000c0023003        0x1 
 .text          0x00000000c0023004      0xc70 hw/diskctrl/ide.32
                0x00000000c0023004                IDE::close(int, int, void*)
                0x00000000c0023008                IDE::IDE()
                0x00000000c0023008                IDE::IDE()
                0x00000000c002303c                IDE::prepareInterrupt(unsigned char)
                0x00000000c002304e                selectDrive(unsigned char, unsigned char)
                0x00000000c0023050                IDE::getBase(unsigned char)
                0x00000000c0023062                IDE::write(unsigned char, unsigned char, unsigned char)
                0x00000000c0023122                IDE::read(unsigned char, unsigned char)
                0x00000000c00231d0                IDE::waitInterrupt(unsigned char)
                0x00000000c0023236                ideChannel0IRQHandler(regs*, void*)
                0x00000000c0023252                ideChannel1IRQHandler(regs*, void*)
                0x00000000c002326e                IDE::enableIRQs(unsigned char, bool)
                0x00000000c00232b4                IDE::open(int, int, void*)
                0x00000000c00236c4                IDE::readBuffer(unsigned char, unsigned char, unsigned int, unsigned int)
                0x00000000c0023790                IDE::detect()
                0x00000000c0023a78                IDE::printError(unsigned char, unsigned char, unsigned char)
                0x00000000c0023c0e                IDE::polling(unsigned char, unsigned int)
 .text          0x00000000c0023c74      0x390 hw/diskctrl/satabus.32
                0x00000000c0023c74                SATABus::close(int, int, void*)
                0x00000000c0023c78                SATABus::detect()
                0x00000000c0023c7a                SATABus::SATABus()
                0x00000000c0023c7a                SATABus::SATABus()
                0x00000000c0023d26                SATABus::findCmdslot(SATABus::tagHBA_PORT volatile*)
                0x00000000c0023d6e                SATABus::checkType(SATABus::tagHBA_PORT volatile*)
                0x00000000c0023db6                SATABus::startCmd(SATABus::tagHBA_PORT volatile*)
                0x00000000c0023dd6                SATABus::stopCmd(SATABus::tagHBA_PORT volatile*)
                0x00000000c0023e00                SATABus::portRebase(SATABus::tagHBA_PORT volatile*, int)
                0x00000000c0023f06                SATABus::probePort(SATABus::tagHBA_MEM volatile*)
                0x00000000c0023fe4                SATABus::open(int, int, void*)
 .text          0x00000000c0024004      0x63c hw/diskphys/ata.32
                0x00000000c0024004                ATA::close(int, int, void*)
                0x00000000c0024028                ATA::powerSaving(PowerSavingLevel)
                0x00000000c002402a                ATA::ATA()
                0x00000000c002402a                ATA::ATA()
                0x00000000c0024058                ATA::flush(bool)
                0x00000000c00240a2                ATA::readyForCommand()
                0x00000000c00240f2                ATA::access(unsigned long long, int, void*, bool)
                0x00000000c002447a                ATA::read(unsigned long long, int, void*)
                0x00000000c00244e2                ATA::write(unsigned long long, int, void*)
                0x00000000c002454a                ATA::detectCHS()
                0x00000000c0024574                ATA::open(int, int, void*)
 .text          0x00000000c0024640      0x5bd hw/diskphys/atapi.32
                0x00000000c0024640                ATAPI::write(unsigned long long, int, void*)
                0x00000000c0024646                ATAPI::close(int, int, void*)
                0x00000000c002466a                ATAPI::ATAPI()
                0x00000000c002466a                ATAPI::ATAPI()
                0x00000000c0024698                ATAPI::readyForCommand()
                0x00000000c00246e8                ATAPI::sendPacket(unsigned char*, int, bool, unsigned short*, int)
                0x00000000c00249a8                ATAPI::diskRemoved()
                0x00000000c00249c4                ATAPI::eject()
                0x00000000c0024a0c                ATAPI::diskInserted()
                0x00000000c0024a3a                ATAPI::detectMedia()
                0x00000000c0024af6                ATAPI::open(int, int, void*)
                0x00000000c0024b7e                ATAPI::read(unsigned long long, int, void*)
 *fill*         0x00000000c0024bfd        0x1 
 .text          0x00000000c0024bfe      0x455 hw/diskphys/sata.32
                0x00000000c0024bfe                SATA::close(int, int, void*)
                0x00000000c0024c22                SATA::powerSaving(PowerSavingLevel)
                0x00000000c0024c24                SATA::open(int, int, void*)
                0x00000000c0024cd2                SATA::SATA()
                0x00000000c0024cd2                SATA::SATA()
                0x00000000c0024d00                SATA::access(unsigned long long, int, void*, bool)
                0x00000000c0024f66                SATA::read(unsigned long long, int, void*)
                0x00000000c0024fce                SATA::write(unsigned long long, int, void*)
 *fill*         0x00000000c0025053        0x1 
 .text          0x00000000c0025054      0x500 hw/diskphys/satapi.32
                0x00000000c0025054                SATAPI::write(unsigned long long, int, void*)
                0x00000000c002505a                SATAPI::close(int, int, void*)
                0x00000000c002507e                SATAPI::SATAPI()
                0x00000000c002507e                SATAPI::SATAPI()
                0x00000000c00250ac                SATAPI::diskRemoved()
                0x00000000c00250c8                SATAPI::diskInserted()
                0x00000000c00250f6                SATAPI::sendPacket(unsigned char*, int, unsigned long long, unsigned short*, int)
                0x00000000c00252fa                SATAPI::eject()
                0x00000000c0025342                SATAPI::detectMedia()
                0x00000000c0025404                SATAPI::open(int, int, void*)
                0x00000000c00254b2                SATAPI::read(unsigned long long, int, void*)
 .text          0x00000000c0025554       0x8e hw/fpu/avx.32
                0x00000000c0025554                AVX::open(int, int, void*)
                0x00000000c0025566                AVX::close(int, int, void*)
                0x00000000c0025578                AVX::available()
                0x00000000c002558a                AVX::save(void*)
                0x00000000c00255a2                AVX::load(void*)
                0x00000000c00255ba                AVX::AVX()
                0x00000000c00255ba                AVX::AVX()
 .text          0x00000000c00255e2       0x90 hw/fpu/mmx.32
                0x00000000c00255e2                MMX::available()
                0x00000000c00255f6                MMX::open(int, int, void*)
                0x00000000c0025608                MMX::close(int, int, void*)
                0x00000000c002561a                MMX::save(void*)
                0x00000000c0025632                MMX::load(void*)
                0x00000000c002564a                MMX::MMX()
                0x00000000c002564a                MMX::MMX()
 .text          0x00000000c0025672       0x96 hw/fpu/sse.32
                0x00000000c0025672                SSE::open(int, int, void*)
                0x00000000c0025684                SSE::close(int, int, void*)
                0x00000000c0025696                SSE::available()
                0x00000000c00256b0                SSE::save(void*)
                0x00000000c00256c8                SSE::load(void*)
                0x00000000c00256e0                SSE::SSE()
                0x00000000c00256e0                SSE::SSE()
 .text          0x00000000c0025708       0x8e hw/fpu/x87.32
                0x00000000c0025708                x87::open(int, int, void*)
                0x00000000c002571a                x87::close(int, int, void*)
                0x00000000c002572c                x87::available()
                0x00000000c002573e                x87::save(void*)
                0x00000000c0025756                x87::load(void*)
                0x00000000c002576e                x87::x87()
                0x00000000c002576e                x87::x87()
 .text          0x00000000c0025796      0x71e hw/intctrl/apic.32
                0x00000000c0025796                APIC::disable()
                0x00000000c0025798                APIC::close(int, int, void*)
                0x00000000c00257ba                IOAPIC::close(int, int, void*)
                0x00000000c00257c0                APIC::io_wait()
                0x00000000c00257c6                APIC::getBase()
                0x00000000c0025808                APIC::eoi(unsigned char)
                0x00000000c0025836                APIC::open(int, int, void*)
                0x00000000c0025984                IOAPIC::IOAPIC()
                0x00000000c0025984                IOAPIC::IOAPIC()
                0x00000000c00259ac                APIC::APIC()
                0x00000000c00259ac                APIC::APIC()
                0x00000000c0025a88                IOAPIC::handlesGSIWithNumber(unsigned int)
                0x00000000c0025aba                IOAPIC::read(int)
                0x00000000c0025ae2                IOAPIC::open(int, int, void*)
                0x00000000c0025bd8                IOAPIC::write(int, int)
                0x00000000c0025c04                IOAPIC::redirect(unsigned char, unsigned long long, unsigned char, bool, bool)
                0x00000000c0025cfe                APIC::installIRQHandler(int, void (*)(regs*, void*), bool, void*)
 .text          0x00000000c0025eb4      0x3d3 hw/intctrl/pic.32
                0x00000000c0025eb4                PIC::disable()
                0x00000000c0025ee2                PIC::close(int, int, void*)
                0x00000000c0025f04                PIC::PIC()
                0x00000000c0025f04                PIC::PIC()
                0x00000000c0025fda                PIC::ioWait()
                0x00000000c0025fe0                PIC::getIRQReg(int)
                0x00000000c002604a                PIC::eoi(unsigned char)
                0x00000000c00260dc                PIC::remap()
                0x00000000c0026248                PIC::open(int, int, void*)
 *fill*         0x00000000c0026287        0x1 
 .text          0x00000000c0026288      0x25e hw/timer/apictimer.32
                0x00000000c0026288                APICTimer::close(int, int, void*)
                0x00000000c002628e                apicTimerHandler(regs*, void*)
                0x00000000c00262bc                APICTimer::write(int)
                0x00000000c00263c0                APICTimer::open(int, int, void*)
                0x00000000c00264be                APICTimer::APICTimer()
                0x00000000c00264be                APICTimer::APICTimer()
 .text          0x00000000c00264e6      0x1a7 hw/timer/pit.32
                0x00000000c00264e6                PIT::write(int)
                0x00000000c0026564                pitHandler(regs*, void*)
                0x00000000c0026590                PIT::open(int, int, void*)
                0x00000000c00265de                PIT::close(int, int, void*)
                0x00000000c002660e                PIT::PIT()
                0x00000000c002660e                PIT::PIT()
 *fill*         0x00000000c002668d        0x3 
 .text          0x00000000c0026690       0x1e hw/fpu/x86/avx.32
                0x00000000c0026690                avxDetect
                0x00000000c0026696                avxSave
                0x00000000c0026697                avxLoad
                0x00000000c0026698                avxInit
                0x00000000c0026699                avxClose
                0x00000000c002669a                wouldSheSayYes
 *fill*         0x00000000c00266ae        0x2 
 .text          0x00000000c00266b0       0x35 hw/fpu/x86/sse.32
                0x00000000c00266b0                absolutelyNoChanceInHell
                0x00000000c00266b0                sseDetect
                0x00000000c00266c8                sseSave
                0x00000000c00266ce                sseLoad
                0x00000000c00266d4                sseInit
                0x00000000c00266e4                sseClose
 *fill*         0x00000000c00266e5        0xb 
 .text          0x00000000c00266f0       0x47 hw/fpu/x86/x87.32
                0x00000000c00266f6                x87Detect
                0x00000000c0026711                x87Save
                0x00000000c0026717                x87Load
                0x00000000c002671c                x87Init
                0x00000000c0026736                x87Close
 *fill*         0x00000000c0026737        0x1 
 .text          0x00000000c0026738       0x25 /cygdrive/d/Users/Alex/Desktop/Toolchain/Output/bin/../lib/gcc/i386-banana/8.1.0/crtend.o
 .text          0x00000000c002675d        0x0 crtn.32
 *fill*         0x00000000c002675d        0x3 
 .text          0x00000000c0026760      0x14b /cygdrive/d/Users/Alex/Desktop/Toolchain/Output/bin/../lib/gcc/i386-banana/8.1.0/libkgcc.a(_divdi3.o)
                0x00000000c0026760                __divdi3
 *fill*         0x00000000c00268ab        0x1 
 .text          0x00000000c00268ac      0x17e /cygdrive/d/Users/Alex/Desktop/Toolchain/Output/bin/../lib/gcc/i386-banana/8.1.0/libkgcc.a(_moddi3.o)
                0x00000000c00268ac                __moddi3
 *fill*         0x00000000c0026a2a        0x2 
 .text          0x00000000c0026a2c       0xff /cygdrive/d/Users/Alex/Desktop/Toolchain/Output/bin/../lib/gcc/i386-banana/8.1.0/libkgcc.a(_udivdi3.o)
                0x00000000c0026a2c                __udivdi3
 *fill*         0x00000000c0026b2b        0x1 
 .text          0x00000000c0026b2c      0x11a /cygdrive/d/Users/Alex/Desktop/Toolchain/Output/bin/../lib/gcc/i386-banana/8.1.0/libkgcc.a(_umoddi3.o)
                0x00000000c0026b2c                __umoddi3
 .text          0x00000000c0026c46      0x96d D:/Users/Alex/Desktop/Banana/kernel/libsoftfp.a(sfieeelib.o)
                0x00000000c0026c46                __addsf3
                0x00000000c0026f48                __subsf3
                0x00000000c0026f5c                __negsf2
                0x00000000c0026f69                __mulsf3
                0x00000000c002712c                __divsf3
                0x00000000c0027357                __floatsisf
                0x00000000c00273cb                __floatunsisf
                0x00000000c002740d                __fixsfsi
                0x00000000c002746f                __fixunssfsi
                0x00000000c00274a0                __cmpsf2
                0x00000000c0027535                __eqsf2