Archive member included to satisfy reference by file (symbol)

/cygdrive/d/Users/Alex/Desktop/Toolchain/Output/bin/../lib/gcc/i386-banana/8.1.0/libkgcc.a(_divdi3.o)
                              krnl/resolve.32 (__divdi3)
/cygdrive/d/Users/Alex/Desktop/Toolchain/Output/bin/../lib/gcc/i386-banana/8.1.0/libkgcc.a(_moddi3.o)
                              krnl/resolve.32 (__moddi3)
/cygdrive/d/Users/Alex/Desktop/Toolchain/Output/bin/../lib/gcc/i386-banana/8.1.0/libkgcc.a(_udivdi3.o)
                              hal/clock.32 (__udivdi3)
/cygdrive/d/Users/Alex/Desktop/Toolchain/Output/bin/../lib/gcc/i386-banana/8.1.0/libkgcc.a(_umoddi3.o)
                              core/pipe.32 (__umoddi3)

Allocating common symbols
Common symbol       size              file

dcache              0x40              fs/iso9660/iso9660.32
cdDriveLetter       0x1               fs/iso9660/iso9660.32
icache              0x40              fs/iso9660/iso9660.32

Discarded input sections

 .comment       0x0000000000000000       0x12 /cygdrive/d/Users/Alex/Desktop/Toolchain/Output/bin/../lib/gcc/i386-banana/8.1.0/crtbegin.o
 .comment       0x0000000000000000       0x12 acpica/utclib.32
 .comment       0x0000000000000000       0x12 core/malloc.32
 .comment       0x0000000000000000       0x12 libk/ctype.32
 .comment       0x0000000000000000       0x12 libk/string.32
 .comment       0x0000000000000000       0x12 fs/fat/diskio.32
 .comment       0x0000000000000000       0x12 fs/fat/ff.32
 .comment       0x0000000000000000       0x12 fs/fat/ffsystem.32
 .comment       0x0000000000000000       0x12 fs/fat/ffunicode.32
 .comment       0x0000000000000000       0x12 fs/iso9660/iso9660.32
 .group         0x0000000000000000       0x14 core/computer.32
 .group         0x0000000000000000        0xc core/computer.32
 .comment       0x0000000000000000       0x12 core/computer.32
 .comment       0x0000000000000000       0x12 core/gdt.32
 .group         0x0000000000000000        0xc core/idle.32
 .comment       0x0000000000000000       0x12 core/idle.32
 .comment       0x0000000000000000       0x12 core/idt.32
 .comment       0x0000000000000000       0x12 core/kheap.32
 .comment       0x0000000000000000       0x12 core/main.32
 .comment       0x0000000000000000       0x12 core/physmgr.32
 .group         0x0000000000000000        0xc core/pipe.32
 .comment       0x0000000000000000       0x12 core/pipe.32
 .group         0x0000000000000000        0xc core/terminal.32
 .comment       0x0000000000000000       0x12 core/terminal.32
 .comment       0x0000000000000000       0x12 core/tss.32
 .group         0x0000000000000000        0x8 core/unixfile.32
 .group         0x0000000000000000        0x8 core/unixfile.32
 .group         0x0000000000000000        0xc core/unixfile.32
 .group         0x0000000000000000        0x8 core/unixfile.32
 .group         0x0000000000000000        0xc core/unixfile.32
 .group         0x0000000000000000        0x8 core/unixfile.32
 .group         0x0000000000000000        0xc core/unixfile.32
 .group         0x0000000000000000        0xc core/unixfile.32
 .comment       0x0000000000000000       0x12 core/unixfile.32
 .comment       0x0000000000000000       0x12 core/virtmgr.32
 .comment       0x0000000000000000       0x12 coreobjs/c++.32
 .comment       0x0000000000000000       0x12 dbg/kconsole.32
 .comment       0x0000000000000000       0x12 dbg/usban.32
 .comment       0x0000000000000000       0x12 fs/symlink.32
 .group         0x0000000000000000        0xc fs/vfs.32
 .group         0x0000000000000000        0xc fs/vfs.32
 .group         0x0000000000000000        0xc fs/vfs.32
 .comment       0x0000000000000000       0x12 fs/vfs.32
 .group         0x0000000000000000        0xc hal/bus.32
 .comment       0x0000000000000000       0x12 hal/bus.32
 .comment       0x0000000000000000       0x12 hal/buzzer.32
 .group         0x0000000000000000        0xc hal/clock.32
 .comment       0x0000000000000000       0x12 hal/clock.32
 .group         0x0000000000000000       0x14 hal/device.32
 .group         0x0000000000000000        0xc hal/device.32
 .group         0x0000000000000000        0x8 hal/device.32
 .group         0x0000000000000000        0xc hal/device.32
 .group         0x0000000000000000        0xc hal/device.32
 .comment       0x0000000000000000       0x12 hal/device.32
 .group         0x0000000000000000        0xc hal/diskctrl.32
 .comment       0x0000000000000000       0x12 hal/diskctrl.32
 .group         0x0000000000000000        0xc hal/diskphys.32
 .comment       0x0000000000000000       0x12 hal/diskphys.32
 .comment       0x0000000000000000       0x12 hal/fpu.32
 .comment       0x0000000000000000       0x12 hal/intctrl.32
 .group         0x0000000000000000        0xc hal/keybrd.32
 .comment       0x0000000000000000       0x12 hal/keybrd.32
 .group         0x0000000000000000        0xc hal/logidisk.32
 .comment       0x0000000000000000       0x12 hal/logidisk.32
[...]
Memory Configuration

Name             Origin             Length             Attributes
*default*        0x0000000000000000 0xffffffffffffffff

Linker script and memory map

LOAD D:/Users/Alex/Desktop/Banana/kernel/boot.32
LOAD crti.32
LOAD /cygdrive/d/Users/Alex/Desktop/Toolchain/Output/bin/../lib/gcc/i386-banana/8.1.0/crtbegin.o
LOAD D:/Users/Alex/Desktop/Banana/kernel/morenasm.32
LOAD acpica/utclib.32
LOAD core/malloc.32
LOAD libk/ctype.32
LOAD libk/string.32
LOAD fs/fat/diskio.32
LOAD fs/fat/ff.32
LOAD fs/fat/ffsystem.32
LOAD fs/fat/ffunicode.32
LOAD fs/iso9660/iso9660.32
LOAD core/computer.32
LOAD core/gdt.32
LOAD core/idle.32
LOAD core/idt.32
LOAD core/kheap.32
LOAD core/main.32
LOAD core/physmgr.32
LOAD core/pipe.32
LOAD core/terminal.32
LOAD core/tss.32
LOAD core/unixfile.32
LOAD core/virtmgr.32
LOAD coreobjs/c++.32
LOAD dbg/kconsole.32
LOAD dbg/usban.32
LOAD fs/symlink.32
LOAD fs/vfs.32
LOAD hal/bus.32
LOAD hal/buzzer.32
LOAD hal/clock.32
LOAD hal/device.32
LOAD hal/diskctrl.32
LOAD hal/diskphys.32
LOAD hal/fpu.32
LOAD hal/intctrl.32
LOAD hal/keybrd.32
LOAD hal/logidisk.32
LOAD hal/mouse.32
LOAD hal/nic.32
LOAD hal/partition.32
LOAD hal/serial.32
LOAD hal/timer.32
LOAD hal/vcache.32
LOAD hal/video.32
LOAD hw/acpi.32
LOAD hw/cpu.32
LOAD krnl/atexit.32
LOAD krnl/bootmsg.32
LOAD krnl/compat.32
LOAD krnl/env.32
LOAD krnl/inlines.32
LOAD krnl/panic.32
LOAD krnl/powctrl.32
LOAD krnl/random.32
LOAD krnl/resolve.32
LOAD krnl/signal.32
LOAD krnl/syscalls.32
LOAD net/ethernet.32
LOAD reg/cm.32
LOAD reg/registry.32
LOAD sys/eject.32
LOAD sys/exit.32
LOAD sys/getcwd.32
LOAD sys/getpid.32
LOAD sys/getramdata.32
LOAD sys/getvgaptr.32
LOAD sys/kill.32
LOAD sys/loaddll.32
LOAD sys/read.32
LOAD sys/registersignal.32
LOAD sys/registry.32
LOAD sys/sbrk.32
LOAD sys/setcwd.32
LOAD sys/settime.32
LOAD sys/timezone.32
LOAD sys/truncate.32
LOAD sys/write.32
LOAD sys/wsbe.32
LOAD sys/yield.32
LOAD thr/elf.32
LOAD thr/prcssthr.32
LOAD vm86/vm8086.32
LOAD arch/i386/hal.32
LOAD arch/i386/pic.32
LOAD arch/i386/rtc.32
LOAD arch/i386/vga.32
LOAD fs/fat/vfslink.32
LOAD fs/iso9660/helper.32
LOAD fs/iso9660/vfslink.32
LOAD hal/sound/sndcard.32
LOAD hal/sound/sndport.32
LOAD hw/bus/isa.32
LOAD hw/bus/pci.32
LOAD hw/diskctrl/ide.32
LOAD hw/diskctrl/satabus.32
LOAD hw/diskphys/ata.32
LOAD hw/diskphys/atapi.32
LOAD hw/diskphys/sata.32
LOAD hw/diskphys/satapi.32
LOAD hw/intctrl/apic.32
LOAD hw/timer/apictimer.32
LOAD hw/timer/pit.32
LOAD arch/i386/avx.32
LOAD arch/i386/interrupt.32
LOAD arch/i386/rdrand.32
LOAD arch/i386/sse.32
LOAD arch/i386/x87.32
LOAD /cygdrive/d/Users/Alex/Desktop/Toolchain/Output/bin/../lib/gcc/i386-banana/8.1.0/crtend.o
LOAD crtn.32
LOAD /cygdrive/d/Users/Alex/Desktop/Toolchain/Output/bin/../lib/gcc/i386-banana/8.1.0/libkgcc.a
LOAD D:/Users/Alex/Desktop/Banana/kernel/libsoftfp.a
LOAD D:/Users/Alex/Desktop/Banana/kernel/libk/libm32.a
                0x00000000c0000000                . = 0xc0000000

.text           0x00000000c0000000    0x1f49a
 *(.text)
 .text          0x00000000c0000000       0x20 D:/Users/Alex/Desktop/Banana/kernel/boot.32
 .text          0x00000000c0000020        0x0 crti.32
 .text          0x00000000c0000020      0x101 /cygdrive/d/Users/Alex/Desktop/Toolchain/Output/bin/../lib/gcc/i386-banana/8.1.0/crtbegin.o
 *fill*         0x00000000c0000121        0xf 
 .text          0x00000000c0000130      0x24f D:/Users/Alex/Desktop/Banana/kernel/morenasm.32
                0x00000000c0000130                manualPCIProbe
                0x00000000c000017b                prepareTramp
                0x00000000c0000194                doTPAUSE
                0x00000000c000019e                hasLegacyFPU
                0x00000000c00001c3                is486
                0x00000000c00001f9                detectCPUID
                0x00000000c000020f                goToVM86
                0x00000000c000023f                goToUsermode
                0x00000000c0000269                switchToThreadASMFirstTime
                0x00000000c0000277                switchToThreadASM
                0x00000000c00002fc                asmQuickAcquireLock
                0x00000000c000031a                asmQuickReleaseLock
                0x00000000c0000326                asmAcquireLock
                0x00000000c0000347                asmReleaseLock
                0x00000000c000035a                loadGDT
                0x00000000c000037a                memcpy
 *fill*         0x00000000c000037f        0x1 
 .text          0x00000000c0000380      0x868 acpica/utclib.32
                0x00000000c0000380                memcmp
                0x00000000c00003d0                memmove
                0x00000000c00004f0                memset
                0x00000000c0000570                strlen
                0x00000000c00005a0                strpbrk
                0x00000000c00005f0                strtok
                0x00000000c0000640                strcpy
                0x00000000c0000680                strncpy
                0x00000000c0000750                strcmp
                0x00000000c00007a0                strchr
                0x00000000c00007e0                strncmp
                0x00000000c0000840                strcat
                0x00000000c0000870                strncat
                0x00000000c00008d0                strstr
                0x00000000c0000930                toupper
                0x00000000c0000950                tolower
                0x00000000c0000970                simple_strtoul
 .text          0x00000000c0000be8      0xfaa core/malloc.32
                0x00000000c0000d53                dlfree
                0x00000000c00010ab                dlmalloc
                0x00000000c00015e8                dlrealloc
                0x00000000c000178b                dlmemalign
                0x00000000c00018ae                dlcalloc
                0x00000000c0001948                dlcfree
                0x00000000c000194d                dlindependent_calloc
                0x00000000c0001972                dlindependent_comalloc
                0x00000000c0001989                dlvalloc
                0x00000000c00019b4                dlpvalloc
                0x00000000c00019ea                dlmalloc_trim
                0x00000000c00019f7                dlmalloc_usable_size
                0x00000000c0001a28                dlmallinfo
                0x00000000c0001af7                dlmalloc_stats
                0x00000000c0001b08                dlmallopt
 *fill*         0x00000000c0001b92        0x2 
 .text          0x00000000c0001b94      0x1f2 libk/ctype.32
                0x00000000c0001b94                isblank
                0x00000000c0001bb4                iscntrl
                0x00000000c0001bd4                isdigit
                0x00000000c0001bf0                islower
                0x00000000c0001c0c                isspace
                0x00000000c0001c34                isupper
                0x00000000c0001c50                isalpha
                0x00000000c0001c80                isalnum
                0x00000000c0001cb0                ispunct
                0x00000000c0001cf0                isgraph
                0x00000000c0001d20                isprint
                0x00000000c0001d48                isxdigit
 .text          0x00000000c0001d86        0x0 libk/string.32
 .text          0x00000000c0001d86       0x51 fs/fat/diskio.32
                0x00000000c0001d86                disk_status
                0x00000000c0001d89                disk_initialize
                0x00000000c0001d8c                disk_read
                0x00000000c0001da2                disk_write
                0x00000000c0001db8                disk_ioctl
 .text          0x00000000c0001dd7     0x3e46 fs/fat/ff.32
                0x00000000c0003bf8                f_mount
                0x00000000c0003c5a                f_open
                0x00000000c0003f1d                f_read
                0x00000000c000411c                f_write
                0x00000000c0004364                f_sync
                0x00000000c0004429                f_close
                0x00000000c0004458                f_lseek
                0x00000000c0004609                f_opendir
                0x00000000c00046d4                f_closedir
                0x00000000c00046f6                f_readdir
                0x00000000c0004788                f_stat
                0x00000000c0004807                f_getfree
                0x00000000c0004910                f_truncate
                0x00000000c00049fa                f_unlink
                0x00000000c0004b1c                f_mkdir
                0x00000000c0004cb7                f_rename
                0x00000000c0004e6f                f_chmod
                0x00000000c0004f1f                f_utime
                0x00000000c0004fcf                f_getlabel
                0x00000000c0005120                f_setlabel
                0x00000000c00052b0                f_expand
                0x00000000c000541d                f_mkfs
 *fill*         0x00000000c0005c1d        0x3 
 .text          0x00000000c0005c20       0x2f fs/fat/ffsystem.32
                0x00000000c0005c20                ff_memalloc
                0x00000000c0005c38                ff_memfree
 *fill*         0x00000000c0005c4f        0x1 
 .text          0x00000000c0005c50      0x2dc fs/fat/ffunicode.32
                0x00000000c0005c50                ff_uni2oem
                0x00000000c0005cf0                ff_oem2uni
                0x00000000c0005d68                ff_wtoupper
 .text          0x00000000c0005f2c      0xd32 fs/iso9660/iso9660.32
                0x00000000c0006177                isoReadDiscSector
                0x00000000c0006212                strnicmp
                0x00000000c00064c1                stricmp
                0x00000000c000650d                iso_open
                0x00000000c0006597                iso_close
                0x00000000c00065b5                iso_read
                0x00000000c00066cb                iso_seek
                0x00000000c000674f                iso_tell
                0x00000000c0006780                iso_total
                0x00000000c00067ab                fn_postprocess
                0x00000000c00067d2                iso_readdir
                0x00000000c0006a29                iso_reset
                0x00000000c0006a46                init_percd
                0x00000000c0006b40                iso_ioctl
                0x00000000c0006b58                fs_iso9660_init
                0x00000000c0006bee                fs_iso9660_shutdown
 .text          0x00000000c0006c5e      0x6c3 core/computer.32
                0x00000000c0006c5e                Computer::close(int, int, void*)
                0x00000000c0006ca8                Krnl::firstTask()
                0x00000000c0006de6                Computer::Computer()
                0x00000000c0006de6                Computer::Computer()
                0x00000000c0006e96                Computer::setBootMessage(char const*)
                0x00000000c0006e98                Computer::detectFeatures()
                0x00000000c00070be                Computer::displayFeatures()
                0x00000000c00070c0                Computer::rdmsr(unsigned int)
                0x00000000c00070ec                Computer::wrmsr(unsigned int, unsigned long long)
                0x00000000c0007128                Computer::shutdown()
                0x00000000c0007140                Computer::restart()
                0x00000000c0007158                Computer::sleep()
                0x00000000c000716c                Computer::nmiEnabled()
                0x00000000c0007178                Computer::readCMOS(unsigned char)
                0x00000000c0007196                Computer::enableNMI(bool)
                0x00000000c00071ae                Computer::open(int, int, void*)
                0x00000000c0007282                Computer::disableNMI()
                0x00000000c0007292                Computer::writeCMOS(unsigned char, unsigned char)
                0x00000000c00072b6                Computer::handleNMI()
 *fill*         0x00000000c0007321        0x1 
 .text          0x00000000c0007322      0x1db core/gdt.32
                0x00000000c0007322                GDTEntry::setBase(unsigned int)
                0x00000000c000733e                GDTEntry::setLimit(unsigned int)
                0x00000000c000735c                GDT::GDT()
                0x00000000c000735c                GDT::GDT()
                0x00000000c0007372                GDT::addEntry(GDTEntry)
                0x00000000c0007394                GDT::getNumberOfEntries()
                0x00000000c000739c                GDT::flush()
                0x00000000c00073be                GDT::setup()
 .text          0x00000000c00074fd       0x1d core/idle.32
                0x00000000c00074fd                idleFunction(void*)
 *fill*         0x00000000c000751a        0x2 
 .text          0x00000000c000751c      0x46c core/idt.32
                0x00000000c000751c                IDTEntry::IDTEntry(bool)
                0x00000000c000751c                IDTEntry::IDTEntry(bool)
                0x00000000c0007596                IDTEntry::setOffset(unsigned int)
                0x00000000c00075ac                IDT::IDT()
                0x00000000c00075ac                IDT::IDT()
                0x00000000c00075ae                IDT::getPointerToInvalidOpcodeEntryForF00F()
                0x00000000c00075b6                IDT::addEntry(IDTEntry, int)
                0x00000000c00075d0                IDT::addEntry(int, void (*)(), bool)
                0x00000000c0007608                IDT::flush()
                0x00000000c0007622                IDT::setup()
 .text          0x00000000c0007988      0x188 core/kheap.32
                0x00000000c0007988                sbrk
                0x00000000c0007a1f                mmap
                0x00000000c0007a35                munmap
                0x00000000c0007a4b                liballoc_lock()
                0x00000000c0007a59                liballoc_unlock()
                0x00000000c0007a6f                liballoc_alloc(int)
                0x00000000c0007a87                liballoc_free(void*, int)
                0x00000000c0007aa2                realloc
                0x00000000c0007ab6                malloc
                0x00000000c0007ac6                free
                0x00000000c0007ad6                rfree
                0x00000000c0007ae6                calloc
 .text          0x00000000c0007b10       0xc7 core/main.32
                0x00000000c0007b10                KeEntryPoint
 .text          0x00000000c0007bd7      0x644 core/physmgr.32
                0x00000000c0007bd7                Phys::allocateDMA(unsigned long)
                0x00000000c0007cbf                Phys::freeDMA(unsigned long, unsigned long)
                0x00000000c0007cfa                Phys::setPageState(unsigned long, bool)
                0x00000000c0007d3a                Phys::getPageState(unsigned long)
                0x00000000c0007d56                Phys::freePage(unsigned long)
                0x00000000c0007dbf                Phys::allocatePage()
                0x00000000c0007e8e                Phys::allocateContiguousPages(int)
                0x00000000c0007ef5                Phys::allowSegmentToBeUsed(unsigned long, unsigned long)
                0x00000000c0007f2d                Phys::physicalMemorySetup(unsigned int)
 *fill*         0x00000000c000821b        0x1 
 .text          0x00000000c000821c      0x273 core/pipe.32
                0x00000000c000821c                Pipe::isAtty()
                0x00000000c0008220                Pipe::~Pipe()
                0x00000000c0008220                Pipe::~Pipe()
                0x00000000c0008244                Pipe::~Pipe()
                0x00000000c000826c                Pipe::write(unsigned long long, void*, int*)
                0x00000000c000832c                Pipe::read(unsigned long long, void*, int*)
                0x00000000c0008428                Pipe::Pipe(int)
                0x00000000c0008428                Pipe::Pipe(int)
 *fill*         0x00000000c000848f        0x1 
 .text          0x00000000c0008490      0xab3 core/terminal.32
                0x00000000c0008490                VgaText::isAtty()
                0x00000000c0008494                VgaText::~VgaText()
                0x00000000c0008494                VgaText::~VgaText()
                0x00000000c00084b8                VgaText::~VgaText()
                0x00000000c00084e2                VgaText::read(unsigned long long, void*, int*)
                0x00000000c0008502                setTerminalScrollLock(bool)
                0x00000000c0008503                doTerminalCycle()
                0x00000000c0008504                addToTerminalCycle(VgaText*)
                0x00000000c0008505                scrollTerminalScrollLock(int)
                0x00000000c0008506                VgaText::updateTitle()
                0x00000000c0008508                VgaText::load()
                0x00000000c000850a                VgaText::updateCursor()
                0x00000000c0008520                VgaText::doANSI_SGR(int)
                0x00000000c0008594                VgaText::setDefaultBgColour(VgaColour)
                0x00000000c00085a4                VgaText::setDefaultFgColour(VgaColour)
                0x00000000c00085b4                VgaText::setDefaultColours(VgaColour, VgaColour)
                0x00000000c00085d4                VgaText::setTitleTextColour(VgaColour)
                0x00000000c00085e0                VgaText::setTitleColour(VgaColour)
                0x00000000c00085ec                VgaText::setTitle(char*)
                0x00000000c00085ee                VgaText::combineColours(unsigned char, unsigned char)
                0x00000000c0008600                VgaText::scrollScreen()
                0x00000000c0008692                VgaText::combineCharAndColour(char, unsigned char)
                0x00000000c00086a2                VgaText::writeCharacter(char, VgaColour, VgaColour, int, int)
                0x00000000c0008732                VgaText::getCursorX()
                0x00000000c000873a                VgaText::getCursorY()
                0x00000000c0008742                VgaText::setCursor(int, int)
                0x00000000c0008759                setActiveTerminal(VgaText*)
                0x00000000c00087a4                VgaText::clearScreen()
                0x00000000c00087f2                VgaText::setCursorX(int)
                0x00000000c000880a                VgaText::setCursorY(int)
                0x00000000c0008822                VgaText::incrementCursor(bool)
                0x00000000c0008876                VgaText::decrementCursor(bool)
                0x00000000c0008898                VgaText::putchar(char, VgaColour, VgaColour)
                0x00000000c0008968                VgaText::putchar(char)
                0x00000000c0008a60                VgaText::putx(unsigned int)
                0x00000000c0008aa6                VgaText::puts(char const*)
                0x00000000c0008acc                VgaText::write(unsigned long long, void*, int*)
                0x00000000c0008b18                VgaText::puts(char const*, VgaColour, VgaColour)
                0x00000000c0008c66                VgaText::VgaText(char const*)
                0x00000000c0008c66                VgaText::VgaText(char const*)
                0x00000000c0008db6                VgaText::receiveKey(unsigned char)
                0x00000000c0008f42                VgaText::doUpdate()
 *fill*         0x00000000c0008f43        0x1 
 .text          0x00000000c0008f44      0x1a1 core/tss.32
                0x00000000c0008f44                TSS::TSS()
                0x00000000c0008f44                TSS::TSS()
                0x00000000c0008f54                TSS::setESP(unsigned long)
                0x00000000c0008f68                TSS::flush()
                0x00000000c0008f88                TSS::setup(unsigned long, unsigned long)
 *fill*         0x00000000c00090e5        0x1 
 .text          0x00000000c00090e6      0x4ca core/unixfile.32
                0x00000000c00090e6                ReservedFilename::read(unsigned long long, void*, int*)
                0x00000000c000913c                ReservedFilename::isAtty()
                0x00000000c0009158                ReservedFilename::write(unsigned long long, void*, int*)
                0x00000000c00091b6                UnixFile::getFileDescriptor()
                0x00000000c00091be                UnixFile::UnixFile(int)
                0x00000000c00091be                UnixFile::UnixFile(int)
                0x00000000c0009372                ReservedFilename::ReservedFilename(int)
                0x00000000c0009372                ReservedFilename::ReservedFilename(int)
                0x00000000c00093a4                UnixFile::~UnixFile()
                0x00000000c00093a4                UnixFile::~UnixFile()
                0x00000000c0009440                UnixFile::~UnixFile()
                0x00000000c0009468                ReservedFilename::~ReservedFilename()
                0x00000000c0009468                ReservedFilename::~ReservedFilename()
                0x00000000c000948c                ReservedFilename::~ReservedFilename()
                0x00000000c00094b3                KeGetFileFromDescriptor(int)
 .text          0x00000000c00095b0     0x1218 core/virtmgr.32
                0x00000000c00095b0                Virt::setPageState(unsigned long, Virt::VirtPageState)
                0x00000000c00095ea                Virt::getPageState(unsigned long)
                0x00000000c000960d                Virt::allocateKernelVirtualPages(int)
                0x00000000c0009732                Virt::freeSwapfilePage(unsigned long)
                0x00000000c0009755                Virt::swapIDToSector(unsigned long)
                0x00000000c000976b                Virt::allocateSwapfilePage()
                0x00000000c00097eb                Virt::virtualMemorySetup()
                0x00000000c000983c                Virt::setupPageSwapping(int)
                0x00000000c00098ae                VAS::setCPUSpecific(unsigned long)
                0x00000000c00098b0                VAS::VAS(VAS*)
                0x00000000c00098b0                VAS::VAS(VAS*)
                0x00000000c00098de                VAS::getForeignPageTableEntry(bool, unsigned long)
                0x00000000c000990c                VAS::getPageTableEntry(unsigned long)
                0x00000000c000992b                Virt::freeKernelVirtualPages(unsigned long)
                0x00000000c0009a68                VAS::freeAllocatedPages(unsigned long)
                0x00000000c0009a8c                VAS::virtualToPhysical(unsigned long)
                0x00000000c0009aa6                VAS::reflagRange(unsigned long, int, unsigned long, unsigned long)
                0x00000000c0009ae8                VAS::VAS()
                0x00000000c0009ae8                VAS::VAS()
                0x00000000c0009b52                VAS::setToWriteCombining(unsigned long, int)
                0x00000000c0009b86                VAS::mapOtherVASIn(bool, VAS*)
                0x00000000c0009bb2                VAS::~VAS()
                0x00000000c0009bb2                VAS::~VAS()
                0x00000000c0009d20                VAS::mapPage(unsigned long, unsigned long, int)
                0x00000000c0009e24                VAS::allocatePages(int, int)
                0x00000000c0009f1a                VAS::mapRange(unsigned long, unsigned long, int, int)
                0x00000000c0009f72                VAS::mapForeignPage(bool, VAS*, unsigned long, unsigned long, int)
                0x00000000c000a068                VAS::VAS(bool)
                0x00000000c000a068                VAS::VAS(bool)
                0x00000000c000a2b2                VAS::evict(unsigned long)
                0x00000000c000a390                VAS::tryLoadBackOffDisk(unsigned long)
                0x00000000c000a52a                VAS::allocateSharedMemoryWithKernel(unsigned long, unsigned long*)
                0x00000000c000a59e                VAS::freeSharedMemoryWithKernel(unsigned long, unsigned long)
                0x00000000c000a5ca                VAS::scanForEviction()
                0x00000000c000a6cd                mapVASFirstTime
 .text          0x00000000c000a7c8       0x5f coreobjs/c++.32
                0x00000000c000a7c8                __cxa_atexit
                0x00000000c000a7cb                __cxa_finalize
                0x00000000c000a7cc                __stack_chk_fail
                0x00000000c000a802                __cxa_pure_virtual
                0x00000000c000a813                operator new[](unsigned long)
                0x00000000c000a818                operator delete(void*, unsigned long)
                0x00000000c000a81d                operator delete[](void*)
                0x00000000c000a822                operator delete[](void*, unsigned long)
 .text          0x00000000c000a827      0x254 dbg/kconsole.32
                0x00000000c000a827                Dbg::stringifyxWithBase(unsigned int, char*, int)
                0x00000000c000a8c7                Dbg::logc(char)
                0x00000000c000a8e7                Dbg::logs(char*)
                0x00000000c000a906                Dbg::logWriteInt(unsigned int)
                0x00000000c000a924                Dbg::logWriteIntBase(unsigned int, int)
                0x00000000c000a945                Dbg::kprintf(char const*, ...)
 *fill*         0x00000000c000aa7b        0x1 
 .text          0x00000000c000aa7c      0x2d4 dbg/usban.32
                0x00000000c000aa7c                KiUbsanPrintDetails(char const*, void*)
                0x00000000c000aae8                __ubsan_handle_type_mismatch_v1
                0x00000000c000abc4                __ubsan_handle_pointer_overflow
                0x00000000c000abf0                __ubsan_handle_out_of_bounds
                0x00000000c000ac1c                __ubsan_handle_add_overflow
                0x00000000c000ac48                __ubsan_handle_load_invalid_value
                0x00000000c000ac74                __ubsan_handle_divrem_overflow
                0x00000000c000aca0                __ubsan_handle_mul_overflow
                0x00000000c000accc                __ubsan_handle_sub_overflow
                0x00000000c000acf8                __ubsan_handle_shift_out_of_bounds
                0x00000000c000ad24                __ubsan_handle_negate_overflow
 .text          0x00000000c000ad50      0x603 fs/symlink.32
                0x00000000c000ad50                KiCreateSymlinkID()
                0x00000000c000adbd                KiFlushSymlinkChanges()
                0x00000000c000ae90                KiDeinitialiseSymlinks(void*)
                0x00000000c000ae95                KeRegisterSymlink(char const*, unsigned long long)
                0x00000000c000af04                KiIsSymlinkRegistered(char const*)
                0x00000000c000af4b                KeDereferenceSymlink(char const*, char*)
                0x00000000c000b160                KeCreateSymlink(char const*, char const*)
                0x00000000c000b29d                KeInitialiseSymlinks()
 *fill*         0x00000000c000b353        0x1 
 .text          0x00000000c000b354      0xd24 fs/vfs.32
                0x00000000c000b354                File::read(unsigned long long, void*, int*)
                0x00000000c000b3ac                File::write(unsigned long long, void*, int*)
                0x00000000c000b404                Directory::read(unsigned long long, void*, int*)
                0x00000000c000b45c                Directory::write(unsigned long long, void*, int*)
                0x00000000c000b48a                File::isAtty()
                0x00000000c000b48e                Directory::isAtty()
                0x00000000c000b492                Filesystem::getlabel(LogicalDisk*, int, char*, unsigned int*)
                0x00000000c000b498                Filesystem::setlabel(LogicalDisk*, int, char*)
                0x00000000c000b49e                Filesystem::allocateSwapfile(char const*, int)
                0x00000000c000b4a4                File::~File()
                0x00000000c000b4a4                File::~File()
                0x00000000c000b4c8                File::~File()
                0x00000000c000b4f2                Directory::~Directory()
                0x00000000c000b4f2                Directory::~Directory()
                0x00000000c000b516                Directory::~Directory()
                0x00000000c000b540                Filesystem::Filesystem()
                0x00000000c000b540                Filesystem::Filesystem()
                0x00000000c000b564                Filesystem::~Filesystem()
                0x00000000c000b564                Filesystem::~Filesystem()
                0x00000000c000b572                Filesystem::~Filesystem()
                0x00000000c000b596                Fs::getcwd(Process*, char*, int)
                0x00000000c000b5c0                Fs::initVFS()
                0x00000000c000b5ea                Fs::standardiseFiles(char*, char const*, char const*, bool)
                0x00000000c000b7f4                File::File(char const*, Process*)
                0x00000000c000b7f4                File::File(char const*, Process*)
                0x00000000c000b8bc                File::open(FileOpenMode)
                0x00000000c000b91a                File::close()
                0x00000000c000b97a                File::seek(unsigned long long)
                0x00000000c000b9d0                File::truncate(unsigned long long)
                0x00000000c000ba26                File::tell(unsigned long long*)
                0x00000000c000ba76                File::rewind()
                0x00000000c000ba8a                File::unlink()
                0x00000000c000bad6                File::rename(char const*)
                0x00000000c000bb24                File::chfatattr(unsigned char, unsigned char)
                0x00000000c000bb80                File::exists()
                0x00000000c000bbbe                File::stat(unsigned long long*, bool*)
                0x00000000c000bc1f                Fs::setcwd(Process*, char*)
                0x00000000c000bd7e                Directory::Directory(char const*, Process*)
                0x00000000c000bd7e                Directory::Directory(char const*, Process*)
                0x00000000c000be46                Directory::open()
                0x00000000c000bea2                Directory::close()
                0x00000000c000bf02                Directory::unlink()
                0x00000000c000bf4e                Directory::rename(char const*)
                0x00000000c000bf9c                Directory::exists()
                0x00000000c000bfda                Directory::read(dirent*)
                0x00000000c000c026                Directory::create()
                0x00000000c000c072                Filesystem::chfatattr(char const*, unsigned char, unsigned char)
 .text          0x00000000c000c078       0x86 hal/bus.32
                0x00000000c000c078                Bus::Bus(char const*)
                0x00000000c000c078                Bus::Bus(char const*)
                0x00000000c000c0b0                Bus::~Bus()
                0x00000000c000c0b0                Bus::~Bus()
                0x00000000c000c0d4                Bus::~Bus()
 .text          0x00000000c000c0fe       0x96 hal/buzzer.32
                0x00000000c000c0fe                beepThread(void*)
                0x00000000c000c13b                Krnl::beep(int, int, bool)
 .text          0x00000000c000c194      0x45f hal/clock.32
                0x00000000c000c194                User::loadClockSettings(int)
                0x00000000c000c1e6                Clock::Clock(char const*)
                0x00000000c000c1e6                Clock::Clock(char const*)
                0x00000000c000c21c                Clock::~Clock()
                0x00000000c000c21c                Clock::~Clock()
                0x00000000c000c240                Clock::~Clock()
                0x00000000c000c26a                Clock::timeInSecondsLocal()
                0x00000000c000c2b2                Clock::setTimeInSecondsLocal(unsigned long long)
                0x00000000c000c30b                datetimeToSeconds(datetime_t)
                0x00000000c000c42a                Clock::setTimeInDatetimeLocal(datetime_t)
                0x00000000c000c48a                secondsToDatetime(unsigned long long)
                0x00000000c000c5ce                Clock::timeInDatetimeLocal()
 *fill*         0x00000000c000c5f3        0x1 
 .text          0x00000000c000c5f4      0x464 hal/device.32
                0x00000000c000c5f4                Device::hibernate()
                0x00000000c000c5f6                Device::wake()
                0x00000000c000c5f8                Device::detect()
                0x00000000c000c5fa                Device::disableLegacy()
                0x00000000c000c5fc                Device::powerSaving(PowerSavingLevel)
                0x00000000c000c5fe                DriverlessDevice::close(int, int, void*)
                0x00000000c000c602                DriverlessDevice::detect()
                0x00000000c000c604                DriverlessDevice::open(int, int, void*)
                0x00000000c000c618                Device::~Device()
                0x00000000c000c618                Device::~Device()
                0x00000000c000c626                Device::~Device()
                0x00000000c000c64e                Device::findAndLoadDriver()
                0x00000000c000c65c                Device::preOpenPCI(PCIDeviceInfo)
                0x00000000c000c682                Device::preOpenACPI(void*, char*, char*)
                0x00000000c000c6c2                Device::addIRQHandler(int, void (*)(regs*, void*), bool, void*)
                0x00000000c000c6ec                Device::getParent()
                0x00000000c000c6f8                Device::removeIRQHandler(int, void (*)(regs*, void*), bool)
                0x00000000c000c716                Device::addChild(Device*)
                0x00000000c000c75a                Device::removeAllChildren()
                0x00000000c000c7a0                Device::hibernateAll()
                0x00000000c000c7d0                Device::wakeAll()
                0x00000000c000c800                Device::detectAll()
                0x00000000c000c830                Device::disableLegacyAll()
                0x00000000c000c832                Device::loadDriversForAll()
                0x00000000c000c834                Device::closeAll()
                0x00000000c000c86a                Device::powerSavingAll(PowerSavingLevel)
                0x00000000c000c8a0                Device::setName(char const*)
                0x00000000c000c8ae                Device::Device(char const*)
                0x00000000c000c8ae                Device::Device(char const*)
                0x00000000c000c9aa                Device::getName()
                0x00000000c000c9b4                DriverlessDevice::DriverlessDevice(char const*)
                0x00000000c000c9b4                DriverlessDevice::DriverlessDevice(char const*)
                0x00000000c000c9ea                Device::addToLinkedList(LinkedList<Device>&, DeviceType)
                0x00000000c000ca2e                getDevicesOfType(DeviceType)
 .text          0x00000000c000ca58       0x86 hal/diskctrl.32
                0x00000000c000ca58                HardDiskController::HardDiskController(char const*)
                0x00000000c000ca58                HardDiskController::HardDiskController(char const*)
                0x00000000c000ca90                HardDiskController::~HardDiskController()
                0x00000000c000ca90                HardDiskController::~HardDiskController()
                0x00000000c000cab4                HardDiskController::~HardDiskController()
 .text          0x00000000c000cade       0xe2 hal/diskphys.32
                0x00000000c000cade                PhysicalDisk::eject()
                0x00000000c000cae2                PhysicalDisk::PhysicalDisk(char const*, int)
                0x00000000c000cae2                PhysicalDisk::PhysicalDisk(char const*, int)
                0x00000000c000cb4a                PhysicalDisk::startCache()
                0x00000000c000cb72                PhysicalDisk::~PhysicalDisk()
                0x00000000c000cb72                PhysicalDisk::~PhysicalDisk()
                0x00000000c000cb96                PhysicalDisk::~PhysicalDisk()
 .text          0x00000000c000cbc0        0x0 hal/fpu.32
 .text          0x00000000c000cbc0      0x359 hal/intctrl.32
                0x00000000c000cbc0                int_handler
                0x00000000c000cc4a                installISRHandler(int, void (*)(regs*, void*), void*)
                0x00000000c000cc94                installIRQHandler(int, void (*)(regs*, void*), bool, void*)
                0x00000000c000cdc8                uninstallISRHandler(int, void (*)(regs*, void*))
                0x00000000c000cdfc                uninstallIRQHandler(int, void (*)(regs*, void*), bool)
                0x00000000c000ce7a                setupINTS()
                0x00000000c000ced7                convertLegacyIRQNumber(int)
 *fill*         0x00000000c000cf19        0x1 
 .text          0x00000000c000cf1a      0x8be hal/keybrd.32
                0x00000000c000cf1a                startGUI(void*)
                0x00000000c000cf88                startGUIVESA(void*)
                0x00000000c000cff6                sendKeyToTerminal(unsigned char)
                0x00000000c000d0d1                sendKeyboardToken(KeyboardToken)
                0x00000000c000d5bb                clearInternalKeybuffer(VgaText*)
                0x00000000c000d5f0                readKeyboard(VgaText*, char*, unsigned long)
                0x00000000c000d74e                Keyboard::Keyboard(char const*)
                0x00000000c000d74e                Keyboard::Keyboard(char const*)
                0x00000000c000d78a                Keyboard::~Keyboard()
                0x00000000c000d78a                Keyboard::~Keyboard()
                0x00000000c000d7ae                Keyboard::~Keyboard()
 .text          0x00000000c000d7d8      0x3f8 hal/logidisk.32
                0x00000000c000d7d8                LogicalDisk::close(int, int, void*)
                0x00000000c000d7dc                LogicalDisk::~LogicalDisk()
                0x00000000c000d7dc                LogicalDisk::~LogicalDisk()
                0x00000000c000d800                LogicalDisk::~LogicalDisk()
                0x00000000c000d82a                LogicalDisk::open(int, int, void*)
                0x00000000c000d83e                LogicalDisk::absoluteToRelative(unsigned long long)
                0x00000000c000d876                LogicalDisk::relativeToAbsolute(unsigned long long)
                0x00000000c000d8bc                LogicalDisk::LogicalDisk(char const*, PhysicalDisk*, unsigned long long, unsigned long long)
                0x00000000c000d8bc                LogicalDisk::LogicalDisk(char const*, PhysicalDisk*, unsigned long long, unsigned long long)
                0x00000000c000d97c                LogicalDisk::assignDriveLetter()
                0x00000000c000da36                LogicalDisk::mount()
                0x00000000c000da7e                LogicalDisk::unmount()
                0x00000000c000da8e                LogicalDisk::eject()
                0x00000000c000daa2                LogicalDisk::unassignDriveLetter()
                0x00000000c000daf8                LogicalDisk::read(unsigned long long, int, void*)
                0x00000000c000db64                LogicalDisk::write(unsigned long long, int, void*)
 .text          0x00000000c000dbd0       0x86 hal/mouse.32
                0x00000000c000dbd0                Mouse::Mouse(char const*)
                0x00000000c000dbd0                Mouse::Mouse(char const*)
                0x00000000c000dc08                Mouse::~Mouse()
                0x00000000c000dc08                Mouse::~Mouse()
                0x00000000c000dc2c                Mouse::~Mouse()
 .text          0x00000000c000dc56       0x90 hal/nic.32
                0x00000000c000dc56                NIC::getMAC()
                0x00000000c000dc5c                NIC::write(int, unsigned char*, int*)
                0x00000000c000dc62                NIC::NIC(char const*)
                0x00000000c000dc62                NIC::NIC(char const*)
                0x00000000c000dc98                NIC::~NIC()
                0x00000000c000dc98                NIC::~NIC()
                0x00000000c000dcbc                NIC::~NIC()
 .text          0x00000000c000dce6      0x33b hal/partition.32
                0x00000000c000dce6                makePartition(PhysicalDisk*, unsigned long long, unsigned long long)
                0x00000000c000dd8e                createPartitionsForDisk(PhysicalDisk*)
 *fill*         0x00000000c000e021        0x3 
 .text          0x00000000c000e024       0x86 hal/serial.32
                0x00000000c000e024                Serial::Serial(char const*)
                0x00000000c000e024                Serial::Serial(char const*)
                0x00000000c000e05c                Serial::~Serial()
                0x00000000c000e05c                Serial::~Serial()
                0x00000000c000e080                Serial::~Serial()
 *fill*         0x00000000c000e0aa        0x2 
 .text          0x00000000c000e0ac      0x234 hal/timer.32
                0x00000000c000e0ac                Timer::Timer(char const*)
                0x00000000c000e0ac                Timer::Timer(char const*)
                0x00000000c000e0e4                Timer::~Timer()
                0x00000000c000e0e4                Timer::~Timer()
                0x00000000c000e108                Timer::~Timer()
                0x00000000c000e132                Timer::read()
                0x00000000c000e13d                setupTimer(int)
                0x00000000c000e178                timerHandler(unsigned int)
 .text          0x00000000c000e2e0      0x444 hal/vcache.32
                0x00000000c000e2e0                VCache::VCache(PhysicalDisk*)
                0x00000000c000e2e0                VCache::VCache(PhysicalDisk*)
                0x00000000c000e450                VCache::invalidateReadBuffer()
                0x00000000c000e460                VCache::writeWriteBuffer()
                0x00000000c000e4ac                VCache::~VCache()
                0x00000000c000e4ac                VCache::~VCache()
                0x00000000c000e504                VCache::~VCache()
                0x00000000c000e52c                VCache::write(unsigned long long, int, void*)
                0x00000000c000e61a                VCache::read(unsigned long long, int, void*)
 .text          0x00000000c000e724      0x4c7 hal/video.32
                0x00000000c000e724                Video::putrect(int, int, int, int, unsigned int)
                0x00000000c000e770                Video::bitblit(int, int, int, int, int, int, int, unsigned int*)
                0x00000000c000e7e0                Video::blit(unsigned int*, int, int, int, int)
                0x00000000c000e85e                Video::clearScreen(unsigned int)
                0x00000000c000e892                Video::putpixel(int, int, unsigned int)
                0x00000000c000e8a0                Video::readPixelApprox(int, int)
                0x00000000c000e8b4                Video::Video(char const*)
                0x00000000c000e8b4                Video::Video(char const*)
                0x00000000c000e8ea                Video::~Video()
                0x00000000c000e8ea                Video::~Video()
                0x00000000c000e90e                Video::~Video()
                0x00000000c000e938                Video::isMonochrome()
                0x00000000c000e944                Video::getWidth()
                0x00000000c000e950                Video::getHeight()
                0x00000000c000e95c                Video::drawCursor(int, int, unsigned int*, int)
                0x00000000c000ea18                Video::tgaParse(unsigned char*, int, int*, int*)
                0x00000000c000eb80                Video::putTGA(int, int, unsigned char*, int)
 *fill*         0x00000000c000ebeb        0x1 
 .text          0x00000000c000ebec     0x138b hw/acpi.32
                0x00000000c000ebec                ACPI::close(int, int, void*)
                0x00000000c000eca0                findRSDP()
                0x00000000c000ed38                loadACPITables(unsigned char*)
                0x00000000c000efa4                findRSDT(unsigned char*)
                0x00000000c000f0fc                findDataTable(unsigned char*, char*)
                0x00000000c000f17c                scanMADT()
                0x00000000c000f634                ACPI::ACPI()
                0x00000000c000f634                ACPI::ACPI()
                0x00000000c000f688                ACPI::getPCIIRQAssignment(unsigned char, unsigned short, unsigned char)
                0x00000000c000f784                ACPI::registerPCIIRQAssignment(void*, unsigned short, unsigned char, unsigned char)
                0x00000000c000f850                ACPI::setScreenBrightnessLevel(void*, int)
                0x00000000c000f858                ACPI::detectPCI()
                0x00000000c000fa78                ACPI::writeSimpleBootFlag(SimpleBootFlagTable*)
                0x00000000c000fac0                ACPI::sleep()
                0x00000000c000fadc                ACPI::open(int, int, void*)
 *fill*         0x00000000c000ff77        0x1 
 .text          0x00000000c000ff78      0xbc5 hw/cpu.32
                0x00000000c000ff78                CPU::close(int, int, void*)
                0x00000000c000ff7c                CPU::AMD_K6_write_msr(unsigned int, unsigned int, unsigned int, CPU::REGS*)
                0x00000000c000ff98                CPU::AMD_K6_read_msr(unsigned int, CPU::REGS*)
                0x00000000c000ffb0                CPU::AMD_K6_writeback(int, int, int)
                0x00000000c0010024                CPU::cpuid(int, unsigned long*, unsigned long*, unsigned long*, unsigned long*)
                0x00000000c00100a8                CPU::cpuidCheckEDX(unsigned int)
                0x00000000c00100d6                CPU::cpuidCheckECX(unsigned int)
                0x00000000c0010104                CPU::cpuidCheckExtendedEBX(unsigned int)
                0x00000000c0010132                CPU::cpuidCheckExtendedECX(unsigned int)
                0x00000000c0010160                CPU::CPU()
                0x00000000c0010160                CPU::CPU()
                0x00000000c00101ee                CPU::displayFeatures()
                0x00000000c00101f0                CPU::detectFeatures()
                0x00000000c00108c4                CPU::setupSMEP()
                0x00000000c00108d0                CPU::setupUMIP()
                0x00000000c00108da                CPU::setupTSC()
                0x00000000c00108e4                CPU::setupLargePages()
                0x00000000c00108ee                CPU::setupPAT()
                0x00000000c001092a                CPU::setupMTRR()
                0x00000000c001092c                CPU::setupGlobalPages()
                0x00000000c0010936                CPU::allowUsermodeDataAccess()
                0x00000000c0010948                CPU::prohibitUsermodeDataAccess()
                0x00000000c001095a                CPU::setupSMAP()
                0x00000000c0010968                CPU::setupFeatures()
                0x00000000c0010a34                CPU::open(int, int, void*)
 .text          0x00000000c0010b3d       0xb6 krnl/atexit.32
                0x00000000c0010b3d                KeInitialiseAtexit()
                0x00000000c0010b5c                KeRegisterAtexit(void (*)(void*), void*)
                0x00000000c0010b90                KeExecuteAtexit()
 .text          0x00000000c0010bf3       0xdf krnl/bootmsg.32
                0x00000000c0010bf3                KeDisplaySplashScreen()
                0x00000000c0010c6f                KeSetBootMessage(char const*)
 *fill*         0x00000000c0010cd2        0x2 
 .text          0x00000000c0010cd4       0x1d krnl/compat.32
                0x00000000c0010cd4                Krnl::handlePowerButton()
                0x00000000c0010ce4                Krnl::handleSleepButton()
 *fill*         0x00000000c0010cf1        0x1 
 .text          0x00000000c0010cf2      0x5bf krnl/env.32
                0x00000000c0010cf2                EnvVarContainer::getEnv(char const*)
                0x00000000c0010d30                EnvVarContainer::setEnv(char const*, char const*)
                0x00000000c0010df2                EnvVarContainer::deleteEnv(char const*)
                0x00000000c0010df4                EnvVarContainer::loadFrom(char const*, char const*)
                0x00000000c0011018                EnvVarContainer::__loadSystem()
                0x00000000c0011032                EnvVarContainer::__loadUser()
                0x00000000c0011034                EnvVarContainer::EnvVarContainer(Process*)
                0x00000000c0011034                EnvVarContainer::EnvVarContainer(Process*)
                0x00000000c0011056                EnvVarContainer::~EnvVarContainer()
                0x00000000c0011056                EnvVarContainer::~EnvVarContainer()
                0x00000000c0011086                KeGetEnv(Process*, char const*)
                0x00000000c00110eb                KeSetEnvSystem(char const*, char const*)
                0x00000000c0011105                KeSetEnvUser(char const*, char const*)
                0x00000000c0011124                KeSetEnvProcess(Process*, char const*, char const*)
                0x00000000c0011137                KeDeleteEnvSystem(char const*)
                0x00000000c0011138                KeDeleteEnvUser(char const*)
                0x00000000c0011139                KeDeleteEnvProcess(Process*, char const*)
                0x00000000c001113a                KeNewProcessEnv(Process*)
                0x00000000c001115c                KeCopyProcessEnv(Process*, Process*)
                0x00000000c00111a8                KeLoadSystemEnv()
                0x00000000c00111d6                KeLoadUserEnv()
                0x00000000c00111fc                KeFlushEnv()
                0x00000000c00111fd                KeGetProcessTotalEnvCount(Process*)
                0x00000000c001121d                KeGetProcessEnvPair(Process*, int)
 .text          0x00000000c00112b1       0x94 krnl/inlines.32
                0x00000000c00112b1                CPU::current()
                0x00000000c00112bd                operator new(unsigned long)
                0x00000000c00112c2                operator delete(void*)
                0x00000000c00112c7                disableIRQs()
                0x00000000c00112c9                enableIRQs()
                0x00000000c00112cb                lockScheduler()
                0x00000000c00112d3                unlockScheduler()
                0x00000000c00112e2                lockStuff()
                0x00000000c00112f0                unlockStuff()
                0x00000000c001132a                Virt::getAKernelVAS()
                0x00000000c0011330                __not_memcpy
 .text          0x00000000c0011345        0xc krnl/panic.32
                0x00000000c0011345                KePanic(char const*)
 .text          0x00000000c0011351      0x142 krnl/powctrl.32
                0x00000000c0011351                KePowerThread(void*)
                0x00000000c001137f                KeChangePowerSettings(PowerSettings)
                0x00000000c0011395                KeUserIOReceived()
                0x00000000c00113a0                KeHandlePowerButton()
                0x00000000c00113d5                KeHandleSleepButton()
                0x00000000c001140a                KeSetupPowerManager()
 .text          0x00000000c0011493       0x9d krnl/random.32
                0x00000000c0011493                KeRand()
                0x00000000c00114d5                KeSeedRand(unsigned int)
                0x00000000c00114fe                KeInitRand()
 .text          0x00000000c0011530      0x1bc krnl/resolve.32
                0x00000000c0011530                KeResolveCompatibilitySymbol(char*)
 .text          0x00000000c00116ec      0x322 krnl/signal.32
                0x00000000c00116ec                KiSigKill(int)
                0x00000000c0011700                KiDefaultSignalHandlerIgnore(int)
                0x00000000c0011701                KiDefaultSignalHandlerPause(int)
                0x00000000c001172d                KiDefaultSignalHandlerResume(int)
                0x00000000c0011759                KeDeinitSignals(SigHandlerBlock*)
                0x00000000c001175e                KeInitSignals()
                0x00000000c00117b0                KeRegisterSignalHandler(SigHandlerBlock*, int, void (*)(int), unsigned int, int)
                0x00000000c00117e6                KeRaiseSignal(SigHandlerBlock*, int)
                0x00000000c0011863                KeCheckSignal(SigHandlerBlock*, int*)
                0x00000000c001195a                KiCheckSignalZ
                0x00000000c001199c                KeCompleteSignal(SigHandlerBlock*, int)
                0x00000000c00119d7                KiFinishSignalZ
 .text          0x00000000c0011a0e      0xc5f krnl/syscalls.32
                0x00000000c0011a0e                SysSeekDir(regs*)
                0x00000000c0011a13                SysTellDir(regs*)
                0x00000000c0011a18                SysVerify(regs*)
                0x00000000c0011a22                SysGetArgc(regs*)
                0x00000000c0011a36                SysTTYName(regs*)
                0x00000000c0011a3e                SysFormatDisk(regs*)
                0x00000000c0011ab5                SysSetDiskVolumeLabel(regs*)
                0x00000000c0011b09                SysGetDiskVolumeLabel(regs*)
                0x00000000c0011b62                SysShutdown(regs*)
                0x00000000c0011bc0                SysRealpath(regs*)
                0x00000000c0011c04                SysReadDir(regs*)
                0x00000000c0011c84                SysIsATTY(regs*)
                0x00000000c0011cde                SysSeek(regs*)
                0x00000000c0011d35                SysTell(regs*)
                0x00000000c0011da2                SysSize(regs*)
                0x00000000c0011e15                SysSizeFromFilename(regs*)
                0x00000000c0011ec6                SysClose(regs*)
                0x00000000c0011f26                SysOpenDir(regs*)
                0x00000000c0011fa3                SysMakeDir(regs*)
                0x00000000c0012011                SysCloseDir(regs*)
                0x00000000c0012065                SysWait(regs*)
                0x00000000c0012086                SysNotImpl(regs*)
                0x00000000c00120a1                SysPanic(regs*)
                0x00000000c00120bc                SysRmdir(regs*)
                0x00000000c0012121                SysUnlink(regs*)
                0x00000000c0012186                SysGetArgv(regs*)
                0x00000000c00121d3                SysUSleep(regs*)
                0x00000000c00121fc                SysSpawn(regs*)
                0x00000000c001226f                SysGetEnv(regs*)
                0x00000000c0012320                SysSetFatAttrib(regs*)
                0x00000000c0012393                SysPipe(regs*)
                0x00000000c00123d8                SysGetUnixTime(regs*)
                0x00000000c00123ec                string_ends_with(char const*, char const*)
                0x00000000c0012434                SysOpen(regs*)
                0x00000000c001262b                KeSystemCall(regs*, void*)
 *fill*         0x00000000c001266d        0x3 
 .text          0x00000000c0012670      0x159 net/ethernet.32
                0x00000000c0012670                KeSwitchEndian16(unsigned short)
                0x00000000c0012694                KeSwitchEndian32(unsigned int)
                0x00000000c00126c4                EthernetCRC32(unsigned char*, int)
                0x00000000c0012768                EthernetReceivedPacket(EthernetUnwrappedFrame*, unsigned short)
 .text          0x00000000c00127c9      0xd56 reg/cm.32
                0x00000000c00127c9                CmOpen(char const*)
                0x00000000c00128e7                CmClose(Reghive_Tag*)
                0x00000000c00128fd                CmReadExtent(Reghive_Tag*, int, unsigned char*)
                0x00000000c0012939                CmGetString(Reghive_Tag*, int, char*)
                0x00000000c00129b0                CmEnterDirectory(Reghive_Tag*, int)
                0x00000000c00129ef                CmGetNext(Reghive_Tag*, int)
                0x00000000c0012a21                CmWriteExtent(Reghive_Tag*, int, unsigned char*)
                0x00000000c0012a5d                CmFreeExtent(Reghive_Tag*, int)
                0x00000000c0012a85                CmUpdateHeader(Reghive_Tag*)
                0x00000000c0012aa6                CmExpand(Reghive_Tag*, int)
                0x00000000c0012b21                CmFindUnusedExtent(Reghive_Tag*)
                0x00000000c0012ba7                CmCreateExtent(Reghive_Tag*, int, int, unsigned char*)
                0x00000000c0012c9b                CmSetString(Reghive_Tag*, int, char const*)
                0x00000000c0012dd7                CmGetMatch(char*, char*, bool, bool*)
                0x00000000c0012e38                CmAddShift(unsigned int*, int*, unsigned char, int)
                0x00000000c0012e68                CmGetShift(unsigned int*, int*, int, bool*)
                0x00000000c0012e9f                CmGetInteger(Reghive_Tag*, int, unsigned long long*)
                0x00000000c0012ec9                CmSetInteger(Reghive_Tag*, int, unsigned long long)
                0x00000000c0012f09                CmConvertFromInternalFilename(unsigned char const*, char*)
                0x00000000c0012fad                CmGetNameAndTypeFromExtent(Reghive_Tag*, int, char*)
                0x00000000c0012fdb                CmConvertToInternalFilename(char const*, unsigned char*)
                0x00000000c0013179                CmCreateString(Reghive_Tag*, int, char const*)
                0x00000000c00131c6                CmFindInDirectory(Reghive_Tag*, int, char const*)
                0x00000000c0013240                CmCreateInteger(Reghive_Tag*, int, char const*, unsigned long long, int)
                0x00000000c0013293                CmCreateDirectory(Reghive_Tag*, int, char const*)
                0x00000000c0013357                zStrtok(char*, char const*)
                0x00000000c00133c9                CmFindObjectFromPath(Reghive_Tag*, char const*)
                0x00000000c001344a                CmDisplayTree(Reghive_Tag*, int, int)
                0x00000000c00134ed                CmSplitFinalSlashInPlace(char*)
 .text          0x00000000c001351f      0x52a reg/registry.32
                0x00000000c001351f                Reg::findLineFromLoadedData(char*, char*, char*)
                0x00000000c0013690                Reg::getLineFromRegistry(char*, char*, char*, char*)
                0x00000000c00137e5                Reg::getLine(char*, char*, char*)
                0x00000000c001381c                Reg::readInt(char*, char*, int*)
                0x00000000c001390a                Reg::readString(char*, char*, char*, int)
                0x00000000c001398b                Reg::readBool(char*, char*, bool*)
                0x00000000c00139b0                Reg::readBoolWithDefault(char*, char*, bool)
                0x00000000c00139dc                Reg::readIntWithDefault(char*, char*, int)
                0x00000000c0013a08                Reg::readStringWithDefault(char*, char*, char*, int, char*)
 .text          0x00000000c0013a49       0x36 sys/eject.32
                0x00000000c0013a49                SysEject(regs*)
 .text          0x00000000c0013a7f       0x18 sys/exit.32
                0x00000000c0013a7f                SysExit(regs*)
 .text          0x00000000c0013a97       0x1f sys/getcwd.32
                0x00000000c0013a97                SysGetCwd(regs*)
 .text          0x00000000c0013ab6        0xc sys/getpid.32
                0x00000000c0013ab6                SysGetPID(regs*)
 .text          0x00000000c0013ac2       0x1a sys/getramdata.32
                0x00000000c0013ac2                SysGetRAMData(regs*)
 .text          0x00000000c0013adc       0x82 sys/getvgaptr.32
                0x00000000c0013adc                SysGetVGAPtr(regs*)
 *fill*         0x00000000c0013b5e        0x2 
 .text          0x00000000c0013b60       0xb9 sys/kill.32
                0x00000000c0013b60                SysKill(regs*)
 .text          0x00000000c0013c19       0xa8 sys/loaddll.32
                0x00000000c0013c19                SysLoadDLL(regs*)
 .text          0x00000000c0013cc1       0x68 sys/read.32
                0x00000000c0013cc1                SysRead(regs*)
 .text          0x00000000c0013d29       0x29 sys/registersignal.32
                0x00000000c0013d29                SysRegisterSignal(regs*)
 .text          0x00000000c0013d52      0x19c sys/registry.32
                0x00000000c0013d52                SysRegistryGetTypeFromPath(regs*)
                0x00000000c0013dc9                SysRegistryReadExtent(regs*)
                0x00000000c0013e11                SysRegistryPathToExtentLookup(regs*)
                0x00000000c0013e39                SysRegistryEnterDirectory(regs*)
                0x00000000c0013e61                SysRegistryGetNext(regs*)
                0x00000000c0013e89                SysRegistryGetNameAndTypeFromExtent(regs*)
                0x00000000c0013ec3                SysRegistryOpen(regs*)
                0x00000000c0013ed7                SysRegistryClose(regs*)
 .text          0x00000000c0013eee       0x55 sys/sbrk.32
                0x00000000c0013eee                SysSbrk(regs*)
 .text          0x00000000c0013f43       0x1c sys/setcwd.32
                0x00000000c0013f43                SysSetCwd(regs*)
 .text          0x00000000c0013f5f       0x96 sys/settime.32
                0x00000000c0013f5f                SysSetTime(regs*)
 .text          0x00000000c0013ff5       0x4a sys/timezone.32
                0x00000000c0013ff5                SysTimezone(regs*)
 .text          0x00000000c001403f       0xfc sys/truncate.32
                0x00000000c001403f                SysTruncate(regs*)
 .text          0x00000000c001413b       0x68 sys/write.32
                0x00000000c001413b                SysWrite(regs*)
 .text          0x00000000c00141a3       0x62 sys/wsbe.32
                0x00000000c00141a3                SysWsbe(regs*)
 .text          0x00000000c0014205       0x25 sys/yield.32
                0x00000000c0014205                SysYield(regs*)
 .text          0x00000000c001422a     0x11e6 thr/elf.32
                0x00000000c001422a                Thr::allocateMemoryForTask(Process*, File*, unsigned long, unsigned long, unsigned long)
                0x00000000c00144b8                Thr::loadProgramIntoMemory(Process*, char const*)
                0x00000000c00146ca                Thr::runtimeReferenceHelper()
                0x00000000c00146dd                Thr::getAddressOfKernelSymbol(char const*)
                0x00000000c001472c                Thr::loadKernelSymbolTable(char const*)
                0x00000000c00149ea                Thr::loadDriverIntoMemory(char const*, unsigned long, bool)
                0x00000000c0015123                Thr::getDriverBaseFromAddress(unsigned long)
                0x00000000c0015155                Thr::getDriverNameFromAddress(unsigned long)
                0x00000000c001518c                Thr::getDriverOffsetFromAddress(unsigned long)
                0x00000000c00151a6                Thr::loadDLL(char const*, bool)
                0x00000000c00153d7                Thr::executeDLL(unsigned long, void*)
 .text          0x00000000c0015410     0x13d9 thr/prcssthr.32
                0x00000000c0015410                userModeEntryPoint(void*)
                0x00000000c0015438                changeTSS
                0x00000000c0015468                switchToThread(ThreadControlBlock*)
                0x00000000c0015518                Process::addArgs(char**)
                0x00000000c0015584                Process::Process(char const*, Process*, char**)
                0x00000000c0015584                Process::Process(char const*, Process*, char**)
                0x00000000c0015790                Process::Process(bool, char const*, Process*, char**)
                0x00000000c0015790                Process::Process(bool, char const*, Process*, char**)
                0x00000000c0015964                taskStartupFunction
                0x00000000c0015970                Semaphore::Semaphore(int)
                0x00000000c0015970                Semaphore::Semaphore(int)
                0x00000000c00159a0                Mutex::Mutex()
                0x00000000c00159a0                Mutex::Mutex()
                0x00000000c00159b4                Process::createThread(void (*)(void*), void*, int)
                0x00000000c0015ac0                Process::createUserThread()
                0x00000000c0015ae0                setupMultitasking(void (*)())
                0x00000000c0015c04                schedule()
                0x00000000c0015c98                Semaphore::tryAcquire()
                0x00000000c0015d6c                Semaphore::assertLocked(char const*)
                0x00000000c0015df0                blockTaskWithSchedulerLockAlreadyHeld(TaskState)
                0x00000000c0015e18                blockTask(TaskState)
                0x00000000c0015e50                waitTask(int, int*, int)
                0x00000000c0015e94                milliTenthSleepUntil(unsigned int)
                0x00000000c0015f34                milliTenthSleep(unsigned int)
                0x00000000c0015f48                sleep(unsigned int)
                0x00000000c0015f64                Semaphore::acquire()
                0x00000000c001602c                taskReturned
                0x00000000c0016070                Thr::processFromPID(int)
                0x00000000c001611c                unblockTask(ThreadControlBlock*)
                0x00000000c00161c8                cleanupTerminatedTask(ThreadControlBlock*)
                0x00000000c001649c                cleanerTaskFunction(void*)
                0x00000000c00165a4                terminateTask(int)
                0x00000000c0016690                Thr::terminateFromIRQ(int)
                0x00000000c00166a0                Semaphore::release()
 .text          0x00000000c00167e9      0xc27 vm86/vm8086.32
                0x00000000c00167e9                Vm::inbv(unsigned short)
                0x00000000c00167fc                Vm::outbv(unsigned short, unsigned char)
                0x00000000c0016832                Vm::realToLinear(unsigned short, unsigned short)
                0x00000000c0016842                Vm::getSegment(unsigned int)
                0x00000000c001684a                Vm::getOffset(unsigned int)
                0x00000000c001684f                Vm::mainloop2()
                0x00000000c0016889                Vm::mainVm8086Loop(void*)
                0x00000000c0016899                Vm::mainloop3(unsigned long)
                0x00000000c00168bf                Vm::initialise8086()
                0x00000000c0016902                Vm::finish8086()
                0x00000000c0016963                Vm::getOutput8086(unsigned char*)
                0x00000000c0016988                Vm::start8086FromBuffer(unsigned char*, int, unsigned short, unsigned short, unsigned short, unsigned short)
                0x00000000c0016a41                Vm::start8086(char const*, unsigned short, unsigned short, unsigned short, unsigned short)
                0x00000000c0016bdf                Vm::doISR(regs*, int, unsigned char*, unsigned short, unsigned short)
                0x00000000c0016c78                Vm::readByteFromReal(unsigned short, unsigned short)
                0x00000000c0016c89                Vm::readWordFromReal(unsigned short, unsigned short)
                0x00000000c0016c9b                Vm::readDwordFromReal(unsigned short, unsigned short)
                0x00000000c0016cac                Vm::writeByteFromReal(unsigned short, unsigned short, unsigned char)
                0x00000000c0016cc1                Vm::writeWordFromReal(unsigned short, unsigned short, unsigned short)
                0x00000000c0016cd7                Vm::writeDwordFromReal(unsigned short, unsigned short, unsigned int)
                0x00000000c0016cec                Vm::faultHandler(regs*)
 .text          0x00000000c0017410      0xaf0 arch/i386/hal.32
                0x00000000c0017410                noCopro(unsigned long)
                0x00000000c0017411                nmiHandler(regs*, void*)
                0x00000000c001742a                doubleFault(regs*, void*)
                0x00000000c0017443                displayDebugInfo(regs*)
                0x00000000c00177c8                HalSystemIdle()
                0x00000000c0017844                displayProgramFault(char const*)
                0x00000000c0017890                gpFault(regs*, void*)
                0x00000000c00178f7                pgFault(regs*, void*)
                0x00000000c0017980                otherISRHandler(regs*, void*)
                0x00000000c00179b4                opcodeFault(regs*, void*)
                0x00000000c0017a37                i386SaveCoprocessor(void*)
                0x00000000c0017a4b                i386LoadCoprocessor(void*)
                0x00000000c0017a5f                x87EmulHandler(regs*, void*)
                0x00000000c0017afc                HalInitialiseCoprocessor()
                0x00000000c0017baa                HalPanic(char const*)
                0x00000000c0017cbe                HalQueryPerformanceCounter()
                0x00000000c0017cd9                HalInitialise()
                0x00000000c0017e8f                HalMakeBeep(int)
                0x00000000c0017ec9                HalGetRand()
                0x00000000c0017ecc                HalEndOfInterrupt(int)
                0x00000000c0017efd                HalRestart()
                0x00000000c0017efe                HalShutdown()
                0x00000000c0017eff                HalSleep()
 .text          0x00000000c0017f00      0x2dc arch/i386/pic.32
                0x00000000c0017f00                picIoWait()
                0x00000000c0017f08                picDisable()
                0x00000000c0017f3c                picGetIRQReg(int)
                0x00000000c0017fb8                picOpen()
                0x00000000c001813c                picEOI(int)
 .text          0x00000000c00181dc      0x674 arch/i386/rtc.32
                0x00000000c00181dc                RTC::open(int, int, void*)
                0x00000000c00181e0                RTC::close(int, int, void*)
                0x00000000c00181e4                RTC::timeInSecondsUTC()
                0x00000000c00181f6                RTC::timeInDatetimeUTC()
                0x00000000c001821c                RTC::setTimeInSecondsUTC(unsigned long long)
                0x00000000c001825a                RTC::~RTC()
                0x00000000c001825a                RTC::~RTC()
                0x00000000c001827e                RTC::~RTC()
                0x00000000c00182a8                RTC::get_update_in_progress_flag()
                0x00000000c00182c2                RTC::completeRTCRefresh()
                0x00000000c00185a2                RTC::setTimeInDatetimeUTC(datetime_t)
                0x00000000c0018750                rtcIRQHandler(regs*, void*)
                0x00000000c0018796                RTC::RTC()
                0x00000000c0018796                RTC::RTC()
 .text          0x00000000c0018850      0x1f4 arch/i386/vga.32
                0x00000000c0018850                HalConsoleScroll(int, int)
                0x00000000c0018958                HalConsoleWriteCharacter(char, int, int, int, int)
                0x00000000c00189bc                HalConsoleCursorUpdate(int, int)
 .text          0x00000000c0018a44     0x14cf fs/fat/vfslink.32
                0x00000000c0018a44                FAT::getName()
                0x00000000c0018a4c                FAT::tell(void*, unsigned long long*)
                0x00000000c0018a88                FAT::stat(void*, unsigned long long*)
                0x00000000c0018ac4                FAT::~FAT()
                0x00000000c0018ac4                FAT::~FAT()
                0x00000000c0018ae8                FAT::~FAT()
                0x00000000c0018b10                FAT::getlabel(LogicalDisk*, int, char*, unsigned int*)
                0x00000000c0018bb4                FAT::setlabel(LogicalDisk*, int, char*)
                0x00000000c0018c78                FAT::format(LogicalDisk*, int, char const*, int)
                0x00000000c0018e5c                FAT::tryMount(LogicalDisk*, int)
                0x00000000c0019078                FAT::allocateSwapfile(char const*, int)
                0x00000000c0019238                FAT::readDir(void*, unsigned long, void*, int*)
                0x00000000c00193a8                FAT::read(void*, unsigned long, void*, int*)
                0x00000000c0019408                FAT::write(void*, unsigned long, void*, int*)
                0x00000000c0019468                FAT::close(void*)
                0x00000000c00194bc                FAT::closeDir(void*)
                0x00000000c0019510                FAT::truncate(void*, unsigned long long)
                0x00000000c001957c                FAT::seek(void*, unsigned long long)
                0x00000000c00195d4                fatWrapperReadDisk
                0x00000000c0019614                fatWrapperWriteDisk
                0x00000000c0019654                fatWrapperIoctl
                0x00000000c0019770                FAT::FAT()
                0x00000000c0019770                FAT::FAT()
                0x00000000c00197c8                FAT::fixFilepath(char*)
                0x00000000c0019808                FAT::open(char const*, void**, FileOpenMode)
                0x00000000c001997c                FAT::openDir(char const*, void**)
                0x00000000c0019a2c                FAT::stat(char const*, unsigned long long*, bool*)
                0x00000000c0019b24                FAT::unlink(char const*)
                0x00000000c0019ba4                FAT::chfatattr(char const*, unsigned char, unsigned char)
                0x00000000c0019d58                FAT::rename(char const*, char const*)
                0x00000000c0019e24                FAT::mkdir(char const*)
                0x00000000c0019ea4                FAT::exists(char const*)
 *fill*         0x00000000c0019f13        0x1 
 .text          0x00000000c0019f14       0x94 fs/iso9660/helper.32
                0x00000000c0019f14                isoReadDiscSectorHelper
                0x00000000c0019f70                iso_kprintf
                0x00000000c0019f8c                iso_kprintfd
 .text          0x00000000c0019fa8      0x71c fs/iso9660/vfslink.32
                0x00000000c0019fa8                ISO9660::format(LogicalDisk*, int, char const*, int)
                0x00000000c0019fae                ISO9660::truncate(void*, unsigned long long)
                0x00000000c0019fb4                ISO9660::getName()
                0x00000000c0019fba                ISO9660::closeDir(void*)
                0x00000000c0019fc4                ISO9660::chfatattr(char const*, unsigned char, unsigned char)
                0x00000000c0019fca                ISO9660::unlink(char const*)
                0x00000000c0019fd0                ISO9660::write(void*, unsigned long, void*, int*)
                0x00000000c0019fd6                ISO9660::rename(char const*, char const*)
                0x00000000c0019fdc                ISO9660::mkdir(char const*)
                0x00000000c0019fe2                ISO9660::~ISO9660()
                0x00000000c0019fe2                ISO9660::~ISO9660()
                0x00000000c001a006                ISO9660::~ISO9660()
                0x00000000c001a02e                ISO9660::exists(char const*)
                0x00000000c001a042                ISO9660::open(char const*, void**, FileOpenMode)
                0x00000000c001a128                ISO9660::read(void*, unsigned long, void*, int*)
                0x00000000c001a170                ISO9660::seek(void*, unsigned long long)
                0x00000000c001a1b2                ISO9660::tell(void*, unsigned long long*)
                0x00000000c001a1f0                ISO9660::stat(void*, unsigned long long*)
                0x00000000c001a242                ISO9660::stat(char const*, unsigned long long*, bool*)
                0x00000000c001a384                ISO9660::close(void*)
                0x00000000c001a3b4                ISO9660::openDir(char const*, void**)
                0x00000000c001a48e                ISO9660::readDir(void*, unsigned long, void*, int*)
                0x00000000c001a5ab                readSectorFromCDROM(unsigned int, unsigned char*, char)
                0x00000000c001a62a                ISO9660::tryMount(LogicalDisk*, int)
                0x00000000c001a69c                ISO9660::ISO9660()
                0x00000000c001a69c                ISO9660::ISO9660()
 .text          0x00000000c001a6c4      0x26c hal/sound/sndcard.32
                0x00000000c001a6c4                SoundCard::beginPlayback()
                0x00000000c001a6d2                SoundCard::stopPlayback()
                0x00000000c001a6e0                SoundCard::SoundCard(char const*)
                0x00000000c001a6e0                SoundCard::SoundCard(char const*)
                0x00000000c001a77e                SoundCard::~SoundCard()
                0x00000000c001a77e                SoundCard::~SoundCard()
                0x00000000c001a7a2                SoundCard::~SoundCard()
                0x00000000c001a7cc                SoundCard::configureRates(int, int, int)
                0x00000000c001a7fc                SoundCard::getSamples16(int, short*)
                0x00000000c001a858                SoundCard::getSamples32(int, int*)
                0x00000000c001a8de                SoundCard::addChannel(SoundPort*)
                0x00000000c001a91c                SoundCard::removeChannel(int)
 .text          0x00000000c001a930      0x38a hal/sound/sndport.32
                0x00000000c001a930                SoundPort::SoundPort(int, int, int, int)
                0x00000000c001a930                SoundPort::SoundPort(int, int, int, int)
                0x00000000c001a9bc                SoundPort::~SoundPort()
                0x00000000c001a9bc                SoundPort::~SoundPort()
                0x00000000c001a9f0                SoundPort::unpause()
                0x00000000c001a9fc                SoundPort::pause()
                0x00000000c001aa08                SoundPort::getBufferUsed()
                0x00000000c001aa10                SoundPort::getBufferSize()
                0x00000000c001aa18                SoundPort::buffer16(short*, int)
                0x00000000c001aaa4                SoundPort::buffer32(int*, int)
                0x00000000c001ab30                SoundPort::unbufferAndAdd16(int, short*, SoundCard*)
                0x00000000c001abfc                SoundPort::unbufferAndAdd32(int, int*, SoundCard*)
 .text          0x00000000c001acba        0x0 hw/bus/isa.32
 .text          0x00000000c001acba      0xbb7 hw/bus/pci.32
                0x00000000c001acba                PCI::open(int, int, void*)
                0x00000000c001acd8                PCI::close(int, int, void*)
                0x00000000c001acdc                PCI::PCI()
                0x00000000c001acdc                PCI::PCI()
                0x00000000c001ad74                PCI::readBAR8(unsigned int, int)
                0x00000000c001ad90                PCI::readBAR16(unsigned int, int)
                0x00000000c001adae                PCI::readBAR32(unsigned int, int)
                0x00000000c001adca                PCI::writeBAR8(unsigned int, unsigned char, int)
                0x00000000c001adea                PCI::writeBAR16(unsigned int, unsigned short, int)
                0x00000000c001ae0c                PCI::writeBAR32(unsigned int, unsigned int, int)
                0x00000000c001ae2c                PCI::legacyMechanism(unsigned char, unsigned char, unsigned char, unsigned char)
                0x00000000c001aea2                PCI::pciReadWord(unsigned char, unsigned char, unsigned char, unsigned char)
                0x00000000c001af4c                PCI::getVendorID(unsigned char, unsigned char, unsigned char)
                0x00000000c001af70                PCI::getHeaderType(unsigned char, unsigned char, unsigned char)
                0x00000000c001af98                PCI::getClassCode(unsigned char, unsigned char, unsigned char)
                0x00000000c001afe2                PCI::getProgIF(unsigned char, unsigned char, unsigned char)
                0x00000000c001b00a                PCI::getRevisionID(unsigned char, unsigned char, unsigned char)
                0x00000000c001b02e                PCI::getInterruptNumber(unsigned char, unsigned char, unsigned char)
                0x00000000c001b052                PCI::getSecondaryBus(unsigned char, unsigned char, unsigned char)
                0x00000000c001b07a                PCI::getBARAddress(unsigned char, unsigned char, unsigned char, unsigned char)
                0x00000000c001b0de                PCI::pciWriteWord(unsigned char, unsigned char, unsigned char, unsigned char, unsigned short)
                0x00000000c001b1c6                PCI::pciDetailsToFilepath(PCIDeviceInfo, char*)
                0x00000000c001b48c                PCI::checkBus(unsigned char)
                0x00000000c001b4b0                PCI::foundDevice(PCIDeviceInfo)
                0x00000000c001b62a                PCI::getDeviceData(unsigned char, unsigned char, unsigned char)
                0x00000000c001b7a6                PCI::checkDevice(unsigned char, unsigned char)
                0x00000000c001b818                PCI::detect()
 *fill*         0x00000000c001b871        0x1 
 .text          0x00000000c001b872      0xb9a hw/diskctrl/ide.32
                0x00000000c001b872                IDE::close(int, int, void*)
                0x00000000c001b876                IDE::IDE()
                0x00000000c001b876                IDE::IDE()
                0x00000000c001b8aa                IDE::prepareInterrupt(unsigned char)
                0x00000000c001b8bc                selectDrive(unsigned char, unsigned char)
                0x00000000c001b8be                IDE::getBase(unsigned char)
                0x00000000c001b8d0                IDE::write(unsigned char, unsigned char, unsigned char)
                0x00000000c001b990                IDE::read(unsigned char, unsigned char)
                0x00000000c001ba3e                IDE::waitInterrupt(unsigned char)
                0x00000000c001baa0                ideChannel0IRQHandler(regs*, void*)
                0x00000000c001babc                ideChannel1IRQHandler(regs*, void*)
                0x00000000c001bad8                IDE::enableIRQs(unsigned char, bool)
                0x00000000c001bb22                IDE::open(int, int, void*)
                0x00000000c001bf60                IDE::readBuffer(unsigned char, unsigned char, unsigned int, unsigned int)
                0x00000000c001c030                IDE::detect()
                0x00000000c001c2fe                IDE::printError(unsigned char, unsigned char, unsigned char)
                0x00000000c001c3b8                IDE::polling(unsigned char, unsigned int)
 .text          0x00000000c001c40c      0x32a hw/diskctrl/satabus.32
                0x00000000c001c40c                SATABus::close(int, int, void*)
                0x00000000c001c410                SATABus::detect()
                0x00000000c001c412                SATABus::SATABus()
                0x00000000c001c412                SATABus::SATABus()
                0x00000000c001c498                SATABus::findCmdslot(SATABus::tagHBA_PORT volatile*)
                0x00000000c001c4ca                SATABus::checkType(SATABus::tagHBA_PORT volatile*)
                0x00000000c001c512                SATABus::startCmd(SATABus::tagHBA_PORT volatile*)
                0x00000000c001c532                SATABus::stopCmd(SATABus::tagHBA_PORT volatile*)
                0x00000000c001c55c                SATABus::portRebase(SATABus::tagHBA_PORT volatile*, int)
                0x00000000c001c66c                SATABus::probePort(SATABus::tagHBA_MEM volatile*)
                0x00000000c001c716                SATABus::open(int, int, void*)
 .text          0x00000000c001c736      0x93f hw/diskphys/ata.32
                0x00000000c001c736                ATA::close(int, int, void*)
                0x00000000c001c75a                ATA::powerSaving(PowerSavingLevel)
                0x00000000c001c75c                ATA::ATA()
                0x00000000c001c75c                ATA::ATA()
                0x00000000c001c78a                ATA::flush(bool)
                0x00000000c001c7d8                ATA::readyForCommand()
                0x00000000c001c824                ATA::access(unsigned long long, int, void*, bool)
                0x00000000c001cbba                ATA::detectCHS()
                0x00000000c001cbe4                ATA::open(int, int, void*)
                0x00000000c001ccb0                combineCharAndColour(char, unsigned char)
                0x00000000c001ccc1                combineColours(unsigned char, unsigned char)
                0x00000000c001ccce                ATA::read(unsigned long long, int, void*)
                0x00000000c001cea4                ATA::write(unsigned long long, int, void*)
 *fill*         0x00000000c001d075        0x1 
 .text          0x00000000c001d076      0x618 hw/diskphys/atapi.32
                0x00000000c001d076                ATAPI::write(unsigned long long, int, void*)
                0x00000000c001d07c                ATAPI::close(int, int, void*)
                0x00000000c001d0a0                ATAPI::ATAPI()
                0x00000000c001d0a0                ATAPI::ATAPI()
                0x00000000c001d0ce                ATAPI::readyForCommand()
                0x00000000c001d120                ATAPI::sendPacket(unsigned char*, int, bool, unsigned short*, int)
                0x00000000c001d3e8                ATAPI::diskRemoved()
                0x00000000c001d422                ATAPI::eject()
                0x00000000c001d46a                ATAPI::diskInserted()
                0x00000000c001d476                ATAPI::detectMedia()
                0x00000000c001d534                ATAPI::open(int, int, void*)
                0x00000000c001d614                ATAPI::read(unsigned long long, int, void*)
 .text          0x00000000c001d68e      0x807 hw/diskphys/sata.32
                0x00000000c001d68e                SATA::close(int, int, void*)
                0x00000000c001d6b2                SATA::powerSaving(PowerSavingLevel)
                0x00000000c001d6b4                SATA::open(int, int, void*)
                0x00000000c001d75e                SATA::SATA()
                0x00000000c001d75e                SATA::SATA()
                0x00000000c001d78c                SATA::access(unsigned long long, int, void*, bool)
                0x00000000c001d9e0                SATA::read(unsigned long long, int, void*)
                0x00000000c001dc30                SATA::write(unsigned long long, int, void*)
 *fill*         0x00000000c001de95        0x1 
 .text          0x00000000c001de96      0x5d0 hw/diskphys/satapi.32
                0x00000000c001de96                SATAPI::write(unsigned long long, int, void*)
                0x00000000c001de9c                SATAPI::close(int, int, void*)
                0x00000000c001dec0                SATAPI::SATAPI()
                0x00000000c001dec0                SATAPI::SATAPI()
                0x00000000c001deee                SATAPI::diskRemoved()
                0x00000000c001def0                SATAPI::diskInserted()
                0x00000000c001df0c                SATAPI::sendPacket(unsigned char*, int, unsigned long long, unsigned short*, int)
                0x00000000c001e1ea                SATAPI::eject()
                0x00000000c001e226                SATAPI::detectMedia()
                0x00000000c001e27c                SATAPI::open(int, int, void*)
                0x00000000c001e37c                SATAPI::read(unsigned long long, int, void*)
 .text          0x00000000c001e466      0x45b hw/intctrl/apic.32
                0x00000000c001e466                IOAPIC::close(int, int, void*)
                0x00000000c001e46c                apicGetBase()
                0x00000000c001e4b2                IOAPIC::IOAPIC()
                0x00000000c001e4b2                IOAPIC::IOAPIC()
                0x00000000c001e4da                apicOpen()
                0x00000000c001e656                IOAPIC::handlesGSIWithNumber(unsigned int)
                0x00000000c001e688                IOAPIC::read(int)
                0x00000000c001e6b0                IOAPIC::open(int, int, void*)
                0x00000000c001e796                IOAPIC::write(int, int)
                0x00000000c001e7c2                IOAPIC::redirect(unsigned char, unsigned long long, unsigned char, bool, bool)
 *fill*         0x00000000c001e8c1        0x3 
 .text          0x00000000c001e8c4       0xf0 hw/timer/apictimer.32
                0x00000000c001e8c4                APICTimer::close(int, int, void*)
                0x00000000c001e8cc                apicTimerHandler(regs*, void*)
                0x00000000c001e8f4                APICTimer::open(int, int, void*)
                0x00000000c001e964                APICTimer::write(int)
                0x00000000c001e98c                APICTimer::APICTimer()
                0x00000000c001e98c                APICTimer::APICTimer()
 .text          0x00000000c001e9b4      0x1ad hw/timer/pit.32
                0x00000000c001e9b4                PIT::write(int)
                0x00000000c001ea38                pitHandler(regs*, void*)
                0x00000000c001ea60                PIT::open(int, int, void*)
                0x00000000c001eab0                PIT::close(int, int, void*)
                0x00000000c001eae0                PIT::PIT()
                0x00000000c001eae0                PIT::PIT()
 *fill*         0x00000000c001eb61        0xf 
 .text          0x00000000c001eb70       0x83 arch/i386/avx.32
                0x00000000c001eb70                avxDetect
                0x00000000c001eb9a                avxSave
                0x00000000c001ebab                avxLoad
                0x00000000c001ebbc                avxInit
                0x00000000c001ebde                avxClose
                0x00000000c001ebdf                wouldSheSayYes
 *fill*         0x00000000c001ebf3        0xd 
 .text          0x00000000c001ec00      0x2ec arch/i386/interrupt.32
                0x00000000c001ec00                isr0
                0x00000000c001ec10                isr1
                0x00000000c001ec1a                isr2
                0x00000000c001ec24                isr3
                0x00000000c001ec2e                isr4
                0x00000000c001ec38                isr5
                0x00000000c001ec42                isr6
                0x00000000c001ec4c                isr7
                0x00000000c001ec56                isr8
                0x00000000c001ec5e                isr9
                0x00000000c001ec68                isr10
                0x00000000c001ec70                isr11
                0x00000000c001ec78                isr12
                0x00000000c001ec80                isr13
                0x00000000c001ec9a                isr14
                0x00000000c001eca2                isr15
                0x00000000c001ecac                isr16
                0x00000000c001ecb6                isr17
                0x00000000c001ecc0                isr18
                0x00000000c001ecca                irq3
                0x00000000c001ecd4                irq4
                0x00000000c001ecde                irq5
                0x00000000c001ece8                irq6
                0x00000000c001ecf2                irq7
                0x00000000c001ecfc                irq8
                0x00000000c001ed06                irq9
                0x00000000c001ed10                irq10
                0x00000000c001ed1a                irq11
                0x00000000c001ed24                irq12
                0x00000000c001ed2e                irq13
                0x00000000c001ed38                irq14
                0x00000000c001ed42                irq15
                0x00000000c001ed4c                irq1
                0x00000000c001ed53                irq2
                0x00000000c001ed5a                isr96
                0x00000000c001ed61                irq0
                0x00000000c001ed66                int_common_stub
                0x00000000c001ed98                syscall_common_stub
                0x00000000c001ee9c                irq16
                0x00000000c001eea6                irq17
                0x00000000c001eeb0                irq18
                0x00000000c001eeba                irq19