Archive member included to satisfy reference by file (symbol)

/cygdrive/d/Users/Alex/Desktop/Toolchain/Output/bin/../lib/gcc/i386-banana/8.1.0/libkgcc.a(_divdi3.o)
                              fs/fat/ff.32 (__divdi3)
/cygdrive/d/Users/Alex/Desktop/Toolchain/Output/bin/../lib/gcc/i386-banana/8.1.0/libkgcc.a(_moddi3.o)
                              compat/resolve.32 (__moddi3)
/cygdrive/d/Users/Alex/Desktop/Toolchain/Output/bin/../lib/gcc/i386-banana/8.1.0/libkgcc.a(_udivdi3.o)
                              fs/fat/ff.32 (__udivdi3)
/cygdrive/d/Users/Alex/Desktop/Toolchain/Output/bin/../lib/gcc/i386-banana/8.1.0/libkgcc.a(_umoddi3.o)
                              compat/resolve.32 (__umoddi3)
D:/Users/Alex/Desktop/Banana/kernel/libsoftfp.a(sfieeelib.o)
                              hal/sound/sndhw.32 (__addsf3)
D:/Users/Alex/Desktop/Banana/kernel/libsoftfp.a(dfieeelib.o)
                              hal/libresample/src_linear.32 (__adddf3)
D:/Users/Alex/Desktop/Banana/kernel/libsoftfp.a(sfdfcvt.o)
                              hal/libresample/samplerate.32 (__truncdfsf2)
D:/Users/Alex/Desktop/Banana/kernel/libk/libm32.a(s_fabs.c.o)
                              hal/libresample/samplerate.32 (fabs)
D:/Users/Alex/Desktop/Banana/kernel/libk/libm32.a(s_lrint.S.o)
                              hal/libresample/samplerate.32 (lrint)
D:/Users/Alex/Desktop/Banana/kernel/libk/libm32.a(s_lrintf.S.o)
                              hal/sound/sndhw.32 (lrintf)

Discarded input sections

 .comment       0x0000000000000000       0x12 /cygdrive/d/Users/Alex/Desktop/Toolchain/Output/bin/../lib/gcc/i386-banana/8.1.0/crtbegin.o
 .comment       0x0000000000000000       0x12 acpica/utclib.32
 .comment       0x0000000000000000       0x12 core/malloc.32
 .comment       0x0000000000000000       0x12 libk/string.32
 .comment       0x0000000000000000       0x12 fs/fat/diskio.32
 .comment       0x0000000000000000       0x12 fs/fat/ff.32
 .comment       0x0000000000000000       0x12 fs/fat/ffsystem.32
 .comment       0x0000000000000000       0x12 fs/fat/ffunicode.32
 .comment       0x0000000000000000       0x12 hal/libresample/samplerate.32
 .comment       0x0000000000000000       0x12 hal/libresample/src_linear.32
 .comment       0x0000000000000000       0x12 hal/libresample/src_sinc.32
 .comment       0x0000000000000000       0x12 hal/libresample/src_zoh.32
 .comment       0x0000000000000000       0x12 compat/inlines.32
 .comment       0x0000000000000000       0x12 compat/resolve.32
 .group         0x0000000000000000       0x14 core/computer.32
 .group         0x0000000000000000        0xc core/computer.32
 .comment       0x0000000000000000       0x12 core/computer.32
 .comment       0x0000000000000000       0x12 core/gdt.32
 .group         0x0000000000000000        0xc core/idle.32
 .comment       0x0000000000000000       0x12 core/idle.32
 .comment       0x0000000000000000       0x12 core/idt.32
 .comment       0x0000000000000000       0x12 core/kheap.32
 .comment       0x0000000000000000       0x12 core/main.32
 .comment       0x0000000000000000       0x12 core/physmgr.32
 .group         0x0000000000000000        0xc core/pipe.32
 .comment       0x0000000000000000       0x12 core/pipe.32
 .group         0x0000000000000000        0xc core/terminal.32
 .comment       0x0000000000000000       0x12 core/terminal.32
 .comment       0x0000000000000000       0x12 core/tss.32
 .group         0x0000000000000000        0x8 core/unixfile.32
 .group         0x0000000000000000        0xc core/unixfile.32
 .group         0x0000000000000000        0xc core/unixfile.32
 .group         0x0000000000000000        0x8 core/unixfile.32
 .group         0x0000000000000000        0xc core/unixfile.32
 .group         0x0000000000000000        0x8 core/unixfile.32
 .group         0x0000000000000000        0xc core/unixfile.32
 .group         0x0000000000000000        0xc core/unixfile.32
 .comment       0x0000000000000000       0x12 core/unixfile.32
 .comment       0x0000000000000000       0x12 core/virtmgr.32
 .comment       0x0000000000000000       0x12 coreobjs/c++.32
 .comment       0x0000000000000000       0x12 dbg/kconsole.32
 .group         0x0000000000000000        0xc fs/vfs.32
 .group         0x0000000000000000        0xc fs/vfs.32
 .group         0x0000000000000000        0xc fs/vfs.32
 .comment       0x0000000000000000       0x12 fs/vfs.32
 .group         0x0000000000000000        0xc hal/bus.32
 .comment       0x0000000000000000       0x12 hal/bus.32
 .group         0x0000000000000000        0xc hal/buzzer.32
 .comment       0x0000000000000000       0x12 hal/buzzer.32
 .group         0x0000000000000000        0xc hal/clock.32
 .comment       0x0000000000000000       0x12 hal/clock.32
 .group         0x0000000000000000       0x14 hal/device.32
 .group         0x0000000000000000        0xc hal/device.32
 .group         0x0000000000000000        0xc hal/device.32
 .group         0x0000000000000000        0xc hal/device.32
[...]
Memory Configuration

Name             Origin             Length             Attributes
*default*        0x0000000000000000 0xffffffffffffffff

Linker script and memory map

LOAD D:/Users/Alex/Desktop/Banana/kernel/boot.32
LOAD crti.32
LOAD /cygdrive/d/Users/Alex/Desktop/Toolchain/Output/bin/../lib/gcc/i386-banana/8.1.0/crtbegin.o
LOAD D:/Users/Alex/Desktop/Banana/kernel/morenasm.32
LOAD acpica/utclib.32
LOAD core/malloc.32
LOAD libk/string.32
LOAD fs/fat/diskio.32
LOAD fs/fat/ff.32
LOAD fs/fat/ffsystem.32
LOAD fs/fat/ffunicode.32
LOAD hal/libresample/samplerate.32
LOAD hal/libresample/src_linear.32
LOAD hal/libresample/src_sinc.32
LOAD hal/libresample/src_zoh.32
LOAD compat/inlines.32
LOAD compat/resolve.32
LOAD core/computer.32
LOAD core/gdt.32
LOAD core/idle.32
LOAD core/idt.32
LOAD core/kheap.32
LOAD core/main.32
LOAD core/physmgr.32
LOAD core/pipe.32
LOAD core/terminal.32
LOAD core/tss.32
LOAD core/unixfile.32
LOAD core/virtmgr.32
LOAD coreobjs/c++.32
LOAD dbg/kconsole.32
LOAD fs/vfs.32
LOAD hal/bus.32
LOAD hal/buzzer.32
LOAD hal/clock.32
LOAD hal/device.32
LOAD hal/diskctrl.32
LOAD hal/diskphys.32
LOAD hal/fpu.32
LOAD hal/intctrl.32
LOAD hal/keybrd.32
LOAD hal/logidisk.32
LOAD hal/mouse.32
LOAD hal/partition.32
LOAD hal/serial.32
LOAD hal/timer.32
LOAD hal/vcache.32
LOAD hal/video.32
LOAD hw/acpi.32
LOAD hw/cpu.32
LOAD hw/ports.32
LOAD hw/smp.32
LOAD krnl/env.32
LOAD krnl/panic.32
LOAD net/ethernet.32
LOAD reg/registry.32
LOAD sys/sc_eject.32
LOAD sys/sc_exit.32
LOAD sys/sc_getcwd.32
LOAD sys/sc_getpid.32
LOAD sys/sc_getramdata.32
LOAD sys/sc_getvgaptr.32
LOAD sys/sc_loaddll.32
LOAD sys/sc_read.32
LOAD sys/sc_sbrk.32
LOAD sys/sc_setcwd.32
LOAD sys/sc_settime.32
LOAD sys/sc_timezone.32
LOAD sys/sc_write.32
LOAD sys/sc_wsbe.32
LOAD sys/sc_yield.32
LOAD sys/syscalls.32
LOAD thr/elf.32
LOAD thr/prcssthr.32
LOAD vm86/vm8086.32
LOAD vm86/x87em.32
LOAD fs/fat/vfslink.32
LOAD fs/iso9660/vfslink.32
LOAD hal/sound/sndchannel.32
LOAD hal/sound/sndhw.32
LOAD hw/bus/isa.32
LOAD hw/bus/pci.32
LOAD hw/diskctrl/ide.32
LOAD hw/diskctrl/satabus.32
LOAD hw/diskphys/ata.32
LOAD hw/diskphys/atapi.32
LOAD hw/diskphys/sata.32
LOAD hw/diskphys/satapi.32
LOAD hw/fpu/avx.32
LOAD hw/fpu/mmx.32
LOAD hw/fpu/sse.32
LOAD hw/fpu/x87.32
LOAD hw/intctrl/apic.32
LOAD hw/intctrl/pic.32
LOAD hw/timer/apictimer.32
LOAD hw/timer/pit.32
LOAD hw/fpu/x86/avx.32
LOAD hw/fpu/x86/sse.32
LOAD hw/fpu/x86/x87.32
LOAD /cygdrive/d/Users/Alex/Desktop/Toolchain/Output/bin/../lib/gcc/i386-banana/8.1.0/crtend.o
LOAD crtn.32
LOAD /cygdrive/d/Users/Alex/Desktop/Toolchain/Output/bin/../lib/gcc/i386-banana/8.1.0/libkgcc.a
LOAD D:/Users/Alex/Desktop/Banana/kernel/libsoftfp.a
LOAD D:/Users/Alex/Desktop/Banana/kernel/libk/libm32.a
                0x00000000c0000000                . = 0xc0000000

.text           0x00000000c0000000    0x28e78
 *(.text)
 .text          0x00000000c0000000       0x41 D:/Users/Alex/Desktop/Banana/kernel/boot.32
                0x00000000c0000020                callGlobalConstructors
 .text          0x00000000c0000041        0x0 crti.32
 *fill*         0x00000000c0000041        0x3 
 .text          0x00000000c0000044      0x101 /cygdrive/d/Users/Alex/Desktop/Toolchain/Output/bin/../lib/gcc/i386-banana/8.1.0/crtbegin.o
 *fill*         0x00000000c0000145        0xb 
 .text          0x00000000c0000150      0x517 D:/Users/Alex/Desktop/Banana/kernel/morenasm.32
                0x00000000c0000150                manualPCIProbe
                0x00000000c000019b                prepareTramp
                0x00000000c00001b4                voodooXADD
                0x00000000c000027f                doTPAUSE
                0x00000000c0000289                hasLegacyFPU
                0x00000000c00002ae                is486
                0x00000000c00002e4                detectCPUID
                0x00000000c00002fa                goToVM86
                0x00000000c000032a                goToUsermode
                0x00000000c0000354                switchToThreadASMFirstTime
                0x00000000c0000362                switchToThreadASM
                0x00000000c00003f2                asmQuickAcquireLock
                0x00000000c0000410                asmQuickReleaseLock
                0x00000000c000041c                asmAcquireLock
                0x00000000c000043d                asmReleaseLock
                0x00000000c0000450                loadGDT
                0x00000000c0000470                isr0
                0x00000000c0000480                isr1
                0x00000000c000048a                isr2
                0x00000000c0000494                isr3
                0x00000000c000049e                isr4
                0x00000000c00004a8                isr5
                0x00000000c00004b2                isr6
                0x00000000c00004bc                isr7
                0x00000000c00004c6                isr8
                0x00000000c00004ce                isr9
                0x00000000c00004d8                isr10
                0x00000000c00004e0                isr11
                0x00000000c00004e8                isr12
                0x00000000c00004f0                isr13
                0x00000000c00004f8                isr14
                0x00000000c0000500                isr15
                0x00000000c000050a                isr16
                0x00000000c0000514                isr17
                0x00000000c000051e                isr18
                0x00000000c0000528                irq3
                0x00000000c0000532                irq4
                0x00000000c000053c                irq5
                0x00000000c0000546                irq6
                0x00000000c0000550                irq7
                0x00000000c000055a                irq8
                0x00000000c0000564                irq9
                0x00000000c000056e                irq10
                0x00000000c0000578                irq11
                0x00000000c0000582                irq12
                0x00000000c000058c                irq13
                0x00000000c0000596                irq14
                0x00000000c00005a0                irq15
                0x00000000c00005aa                irq1
                0x00000000c00005b1                irq2
                0x00000000c00005b8                isr96
                0x00000000c00005bf                irq0
                0x00000000c00005c4                int_common_stub
                0x00000000c00005c4                syscall_common_stub
                0x00000000c00005f5                irq16
                0x00000000c00005ff                irq17
                0x00000000c0000609                irq18
                0x00000000c0000613                irq19
                0x00000000c000061d                irq20
                0x00000000c0000627                irq21
                0x00000000c0000631                irq22
                0x00000000c000063b                irq23
                0x00000000c0000645                hexStrToInt
                0x00000000c0000662                memcpy
 *fill*         0x00000000c0000667        0x1 
 .text          0x00000000c0000668      0x5dd acpica/utclib.32
                0x00000000c0000668                memcmp
                0x00000000c00006a4                memmove
                0x00000000c000076c                memset
                0x00000000c0000788                strlen
                0x00000000c00007a0                strpbrk
                0x00000000c00007dc                strtok
                0x00000000c0000828                strcpy
                0x00000000c000084c                strncpy
                0x00000000c00008b4                strcmp
                0x00000000c00008f4                strchr
                0x00000000c0000918                strncmp
                0x00000000c0000968                strcat
                0x00000000c0000998                strncat
                0x00000000c00009d4                strstr
                0x00000000c0000a1c                toupper
                0x00000000c0000a30                tolower
                0x00000000c0000a44                simple_strtoul
 .text          0x00000000c0000c45      0xfac core/malloc.32
                0x00000000c0000db0                dlfree
                0x00000000c000110b                dlmalloc
                0x00000000c0001648                dlrealloc
                0x00000000c00017ea                dlmemalign
                0x00000000c000190d                dlcalloc
                0x00000000c00019a7                dlcfree
                0x00000000c00019ac                dlindependent_calloc
                0x00000000c00019d1                dlindependent_comalloc
                0x00000000c00019e8                dlvalloc
                0x00000000c0001a13                dlpvalloc
                0x00000000c0001a49                dlmalloc_trim
                0x00000000c0001a56                dlmalloc_usable_size
                0x00000000c0001a87                dlmallinfo
                0x00000000c0001b56                dlmalloc_stats
                0x00000000c0001b67                dlmallopt
 .text          0x00000000c0001bf1        0x0 libk/string.32
 .text          0x00000000c0001bf1       0x51 fs/fat/diskio.32
                0x00000000c0001bf1                disk_status
                0x00000000c0001bf4                disk_initialize
                0x00000000c0001bf7                disk_read
                0x00000000c0001c0d                disk_write
                0x00000000c0001c23                disk_ioctl
 .text          0x00000000c0001c42     0x6833 fs/fat/ff.32
                0x00000000c0004f10                f_mount
                0x00000000c0004f72                f_open
                0x00000000c00053ae                f_read
                0x00000000c000562e                f_write
                0x00000000c00058e8                f_sync
                0x00000000c0005ac4                f_close
                0x00000000c0005af3                f_lseek
                0x00000000c0005faa                f_opendir
                0x00000000c00060ac                f_closedir
                0x00000000c00060ce                f_readdir
                0x00000000c0006169                f_stat
                0x00000000c00061f8                f_getfree
                0x00000000c00063c3                f_truncate
                0x00000000c00064bb                f_unlink
                0x00000000c000663e                f_mkdir
                0x00000000c000686a                f_rename
                0x00000000c0006b5d                f_chmod
                0x00000000c0006c3b                f_utime
                0x00000000c0006d19                f_getlabel
                0x00000000c0006f07                f_setlabel
                0x00000000c0007174                f_forward
                0x00000000c0007352                f_mkfs
 .text          0x00000000c0008475       0x2d fs/fat/ffsystem.32
                0x00000000c0008475                ff_memalloc
                0x00000000c000848b                ff_memfree
 .text          0x00000000c00084a2      0x253 fs/fat/ffunicode.32
                0x00000000c00084a2                ff_uni2oem
                0x00000000c0008532                ff_oem2uni
                0x00000000c000859e                ff_wtoupper
 .text          0x00000000c00086f5      0x8fb hal/libresample/samplerate.32
                0x00000000c0008739                src_delete
                0x00000000c0008775                src_process
                0x00000000c000892b                src_callback_read
                0x00000000c0008aa8                src_set_ratio
                0x00000000c0008b12                src_get_channels
                0x00000000c0008b34                src_reset
                0x00000000c0008b80                src_new
                0x00000000c0008c0e                src_callback_new
                0x00000000c0008c70                src_get_name
                0x00000000c0008ca7                src_get_description
                0x00000000c0008cde                src_get_version
                0x00000000c0008ce4                src_is_valid_ratio
                0x00000000c0008d38                src_error
                0x00000000c0008d46                src_strerror
                0x00000000c0008d59                src_simple
                0x00000000c0008dac                src_short_to_float_array
                0x00000000c0008e11                src_float_to_short_array
                0x00000000c0008ed0                src_int_to_float_array
                0x00000000c0008f33                src_float_to_int_array
 .text          0x00000000c0008ff0      0x8cb hal/libresample/src_linear.32
                0x00000000c0009816                linear_get_name
                0x00000000c0009825                linear_get_description
                0x00000000c0009834                linear_set_converter
 .text          0x00000000c00098bb     0x447c hal/libresample/src_sinc.32
                0x00000000c000dc4e                sinc_get_name
                0x00000000c000dc61                sinc_get_description
                0x00000000c000dc74                sinc_set_converter
 .text          0x00000000c000dd37      0x77c hal/libresample/src_zoh.32
                0x00000000c000e40e                zoh_get_name
                0x00000000c000e41d                zoh_get_description
                0x00000000c000e42c                zoh_set_converter
 .text          0x00000000c000e4b3       0xa8 compat/inlines.32
                0x00000000c000e4b3                CPU::current()
                0x00000000c000e4bf                operator new(unsigned long)
                0x00000000c000e4c4                operator delete(void*)
                0x00000000c000e4c9                disableIRQs()
                0x00000000c000e4d1                enableIRQs()
                0x00000000c000e4e0                lockScheduler()
                0x00000000c000e4e8                unlockScheduler()
                0x00000000c000e4f7                lockStuff()
                0x00000000c000e505                unlockStuff()
                0x00000000c000e53f                Virt::getAKernelVAS()
                0x00000000c000e545                __not_memcpy
 .text          0x00000000c000e55b      0x111 compat/resolve.32
                0x00000000c000e55b                Krnl::resolveCompatibilitySymbol(char*)
 .text          0x00000000c000e66c      0xa17 core/computer.32
                0x00000000c000e66c                Computer::close(int, int, void*)
                0x00000000c000e6b0                Krnl::firstTask()
                0x00000000c000e7a0                Computer::Computer()
                0x00000000c000e7a0                Computer::Computer()
                0x00000000c000e8fc                Computer::setBootMessage(char const*)
                0x00000000c000e8fe                Computer::detectFeatures()
                0x00000000c000eb08                Computer::displayFeatures()
                0x00000000c000ee4e                Computer::rdmsr(unsigned int)
                0x00000000c000ee7a                Computer::wrmsr(unsigned int, unsigned long long)
                0x00000000c000eeb2                Computer::nmiEnabled()
                0x00000000c000eebe                Computer::readCMOS(unsigned char)
                0x00000000c000eed8                Computer::enableNMI(bool)
                0x00000000c000eef0                Computer::open(int, int, void*)
                0x00000000c000efc6                Computer::disableNMI()
                0x00000000c000efd4                Computer::writeCMOS(unsigned char, unsigned char)
                0x00000000c000eff2                Computer::handleNMI()
                0x00000000c000f058                Computer::setDiskActivityLight(int, bool)
 *fill*         0x00000000c000f083        0x1 
 .text          0x00000000c000f084      0x1b7 core/gdt.32
                0x00000000c000f084                GDTEntry::setBase(unsigned int)
                0x00000000c000f0a0                GDTEntry::setLimit(unsigned int)
                0x00000000c000f0be                GDT::GDT()
                0x00000000c000f0be                GDT::GDT()
                0x00000000c000f0d4                GDT::addEntry(GDTEntry)
                0x00000000c000f110                GDT::getNumberOfEntries()
                0x00000000c000f118                GDT::flush()
                0x00000000c000f13a                GDT::setup()
 .text          0x00000000c000f23b       0x6b core/idle.32
                0x00000000c000f23b                idleFunction(void*)
 .text          0x00000000c000f2a6      0x45e core/idt.32
                0x00000000c000f2a6                IDTEntry::IDTEntry(bool)
                0x00000000c000f2a6                IDTEntry::IDTEntry(bool)
                0x00000000c000f314                IDTEntry::setOffset(unsigned int)
                0x00000000c000f328                IDT::IDT()
                0x00000000c000f328                IDT::IDT()
                0x00000000c000f32a                IDT::getPointerToInvalidOpcodeEntryForF00F()
                0x00000000c000f332                IDT::addEntry(IDTEntry, int)
                0x00000000c000f34c                IDT::addEntry(int, void (*)(), bool)
                0x00000000c000f384                IDT::flush()
                0x00000000c000f39e                IDT::setup()
 .text          0x00000000c000f704      0x1fe core/kheap.32
                0x00000000c000f704                sbrk
                0x00000000c000f811                mmap
                0x00000000c000f827                munmap
                0x00000000c000f83d                liballoc_lock()
                0x00000000c000f84a                liballoc_unlock()
                0x00000000c000f85e                liballoc_alloc(int)
                0x00000000c000f879                liballoc_free(void*, int)
                0x00000000c000f894                realloc
                0x00000000c000f8a8                malloc
                0x00000000c000f8b8                free
                0x00000000c000f8c8                rfree
                0x00000000c000f8d8                calloc
 .text          0x00000000c000f902      0x44f core/main.32
                0x00000000c000f902                hwTextMode_loadInData(VgaText*)
                0x00000000c000f947                hwTextMode_loadInTitle(VgaText*, char*)
                0x00000000c000f9b3                hwTextMode_showCursor(VgaText*, bool)
                0x00000000c000fa0e                hwTextMode_update(VgaText*)
                0x00000000c000fa0f                hwTextMode_updateCursor(VgaText*)
                0x00000000c000fa57                hwTextMode_disableBlink(VgaText*, bool)
                0x00000000c000fa9d                hwTextMode_scrollScreen(VgaText*)
                0x00000000c000fb3e                hwTextMode_writeCharacter(VgaText*, char, VgaColour, VgaColour, int, int)
                0x00000000c000fbbd                setupTextMode()
                0x00000000c000fc2d                kernel_main
 .text          0x00000000c000fd51      0x56c core/physmgr.32
                0x00000000c000fd51                Phys::allocateDMA(unsigned long)
                0x00000000c000fdf4                Phys::freeDMA(unsigned long, unsigned long)
                0x00000000c000fe3c                Phys::setPageState(unsigned long, bool)
                0x00000000c000fe6e                Phys::getPageState(unsigned long)
                0x00000000c000fe8a                Phys::freePage(unsigned long)
                0x00000000c000ff14                Phys::allocatePage()
                0x00000000c000fff9                Phys::allocateContiguousPages(int)
                0x00000000c0010055                Phys::allowSegmentToBeUsed(unsigned long, unsigned long)
                0x00000000c001008d                Phys::physicalMemorySetup(unsigned int)
 *fill*         0x00000000c00102bd        0x1 
 .text          0x00000000c00102be      0x267 core/pipe.32
                0x00000000c00102be                Pipe::isAtty()
                0x00000000c00102c2                Pipe::~Pipe()
                0x00000000c00102c2                Pipe::~Pipe()
                0x00000000c00102e6                Pipe::~Pipe()
                0x00000000c001030e                Pipe::read(unsigned long long, void*, int*)
                0x00000000c00103fe                Pipe::write(unsigned long long, void*, int*)
                0x00000000c00104be                Pipe::Pipe(int)
                0x00000000c00104be                Pipe::Pipe(int)
 *fill*         0x00000000c0010525        0x1 
 .text          0x00000000c0010526      0xe4b core/terminal.32
                0x00000000c0010526                VgaText::isAtty()
                0x00000000c001052a                VgaText::~VgaText()
                0x00000000c001052a                VgaText::~VgaText()
                0x00000000c001054e                VgaText::~VgaText()
                0x00000000c0010578                VgaText::read(unsigned long long, void*, int*)
                0x00000000c0010598                setTerminalScrollLock(bool)
                0x00000000c0010599                addToTerminalCycle(VgaText*)
                0x00000000c00105ba                installVgaTextImplementation()
                0x00000000c00105cf                scrollTerminalScrollLock(int)
                0x00000000c00105d0                VgaText::load()
                0x00000000c001061e                VgaText::updateCursor()
                0x00000000c0010634                VgaText::showCursor(bool)
                0x00000000c0010640                VgaText::disableBlink(bool)
                0x00000000c0010674                VgaText::doANSI_SGR(int)
                0x00000000c00106e8                VgaText::setDefaultBgColour(VgaColour)
                0x00000000c00106f8                VgaText::setDefaultFgColour(VgaColour)
                0x00000000c0010708                VgaText::setDefaultColours(VgaColour, VgaColour)
                0x00000000c0010728                VgaText::combineColours(unsigned char, unsigned char)
                0x00000000c001073a                VgaText::scrollScreen()
                0x00000000c00107ce                VgaText::combineCharAndColour(char, unsigned char)
                0x00000000c00107e0                VgaText::writeCharacter(char, VgaColour, VgaColour, int, int)
                0x00000000c001083c                VgaText::getCursorX()
                0x00000000c0010844                VgaText::getCursorY()
                0x00000000c001084c                VgaText::setCursor(int, int)
                0x00000000c0010864                VgaText::setCursorX(int)
                0x00000000c001087c                VgaText::setCursorY(int)
                0x00000000c0010894                VgaText::incrementCursor(bool)
                0x00000000c00108e8                VgaText::updateRAMUsageDisplay(int)
                0x00000000c001094c                VgaText::updateDiskUsage()
                0x00000000c0010ab6                VgaText::updateTitle()
                0x00000000c0010afa                VgaText::setTitleTextColour(VgaColour)
                0x00000000c0010b08                VgaText::setTitleColour(VgaColour)
                0x00000000c0010b16                VgaText::setTitle(char*)
                0x00000000c0010b3c                VgaText::decrementCursor(bool)
                0x00000000c0010b5e                VgaText::putchar(char, VgaColour, VgaColour)
                0x00000000c0010c36                VgaText::isShowingCursor()
                0x00000000c0010c3e                VgaText::isBlinkDisabled()
                0x00000000c0010c4a                VgaText::setCursorHeight(int)
                0x00000000c0010c62                VgaText::getCursorHeight()
                0x00000000c0010c6a                setActiveTerminal(VgaText*)
                0x00000000c0010d10                doTerminalCycle()
                0x00000000c0010d2a                VgaText::doUpdate()
                0x00000000c0010d38                VgaText::puts(char const*, VgaColour, VgaColour)
                0x00000000c0010eb0                VgaText::clearScreen()
                0x00000000c0010f0a                VgaText::putchar(char)
                0x00000000c0010ff6                VgaText::puts(char const*)
                0x00000000c001101c                VgaText::putx(unsigned int)
                0x00000000c0011062                VgaText::VgaText(char const*)
                0x00000000c0011062                VgaText::VgaText(char const*)
                0x00000000c0011210                VgaText::receiveKey(unsigned char)
                0x00000000c00112f8                VgaText::write(unsigned long long, void*, int*)
                0x00000000c001134c                newTerminal(char*)
 *fill*         0x00000000c0011371        0x1 
 .text          0x00000000c0011372      0x1b3 core/tss.32
                0x00000000c0011372                TSS::TSS()
                0x00000000c0011372                TSS::TSS()
                0x00000000c0011380                TSS::setESP(unsigned long)
                0x00000000c0011392                TSS::flush()
                0x00000000c00113b2                TSS::setup(unsigned long, unsigned long)
 *fill*         0x00000000c0011525        0x1 
 .text          0x00000000c0011526      0x4c2 core/unixfile.32
                0x00000000c0011526                ReservedFilename::read(unsigned long long, void*, int*)
                0x00000000c001157c                ReservedFilename::isAtty()
                0x00000000c0011598                ReservedFilename::write(unsigned long long, void*, int*)
                0x00000000c00115f6                UnixFile::getFileDescriptor()
                0x00000000c00115fe                UnixFile::UnixFile(int)
                0x00000000c00115fe                UnixFile::UnixFile(int)
                0x00000000c00117ae                ReservedFilename::ReservedFilename(int)
                0x00000000c00117ae                ReservedFilename::ReservedFilename(int)
                0x00000000c00117e0                UnixFile::~UnixFile()
                0x00000000c00117e0                UnixFile::~UnixFile()
                0x00000000c0011878                UnixFile::~UnixFile()
                0x00000000c00118a0                ReservedFilename::~ReservedFilename()
                0x00000000c00118a0                ReservedFilename::~ReservedFilename()
                0x00000000c00118c4                ReservedFilename::~ReservedFilename()
                0x00000000c00118eb                getFromFileDescriptor(int)
 .text          0x00000000c00119e8     0x12f9 core/virtmgr.32
                0x00000000c00119e8                Virt::setPageState(unsigned long, Virt::VirtPageState)
                0x00000000c0011a1d                Virt::getPageState(unsigned long)
                0x00000000c0011a41                Virt::allocateKernelVirtualPages(int)
                0x00000000c0011b52                Virt::freeSwapfilePage(unsigned long)
                0x00000000c0011b70                Virt::swapIDToSector(unsigned long)
                0x00000000c0011b82                Virt::allocateSwapfilePage()
                0x00000000c0011c00                Virt::virtualMemorySetup()
                0x00000000c0011c7f                Virt::swappingSetup()
                0x00000000c0011c80                Virt::setupPageSwapping(int)
                0x00000000c0011e4c                VAS::VAS()
                0x00000000c0011e4c                VAS::VAS()
                0x00000000c0011e88                VAS::VAS(VAS*)
                0x00000000c0011e88                VAS::VAS(VAS*)
                0x00000000c0011eb6                VAS::getForeignPageTableEntry(bool, unsigned long)
                0x00000000c0011ee2                VAS::getPageTableEntry(unsigned long)
                0x00000000c0011f01                Virt::freeKernelVirtualPages(unsigned long)
                0x00000000c0012024                VAS::freeAllocatedPages(unsigned long)
                0x00000000c0012048                VAS::virtualToPhysical(unsigned long)
                0x00000000c0012060                VAS::reflagRange(unsigned long, int, int, int)
                0x00000000c00120a0                VAS::setToWriteCombining(unsigned long, int)
                0x00000000c00120d2                VAS::mapOtherVASIn(bool, VAS*)
                0x00000000c00120fc                VAS::~VAS()
                0x00000000c00120fc                VAS::~VAS()
                0x00000000c0012278                VAS::mapPage(unsigned long, unsigned long, int)
                0x00000000c001237a                VAS::allocatePages(int, int)
                0x00000000c0012552                VAS::setCPUSpecific(unsigned long)
                0x00000000c001256e                VAS::mapRange(unsigned long, unsigned long, int, int)
                0x00000000c0012634                VAS::mapForeignPage(bool, VAS*, unsigned long, unsigned long, int)
                0x00000000c0012722                VAS::VAS(bool)
                0x00000000c0012722                VAS::VAS(bool)
                0x00000000c00129a2                VAS::evict(unsigned long)
                0x00000000c0012a64                VAS::tryLoadBackOffDisk(unsigned long)
                0x00000000c0012b74                VAS::scanForEviction()
                0x00000000c0012c25                mapVASFirstTime
 .text          0x00000000c0012ce1       0x95 coreobjs/c++.32
                0x00000000c0012ce1                __cxa_atexit
                0x00000000c0012ce4                __cxa_finalize
                0x00000000c0012ce5                __stack_chk_fail
                0x00000000c0012d51                __cxa_pure_virtual
                0x00000000c0012d62                operator new[](unsigned long)
                0x00000000c0012d67                operator delete(void*, unsigned long)
                0x00000000c0012d6c                operator delete[](void*)
                0x00000000c0012d71                operator delete[](void*, unsigned long)
 .text          0x00000000c0012d76      0x1ef dbg/kconsole.32
                0x00000000c0012d76                Dbg::stringifyxWithBase(unsigned int, char*, int)
                0x00000000c0012dd7                Dbg::logc(char)
                0x00000000c0012dee                Dbg::logs(char*)
                0x00000000c0012e0b                Dbg::logWriteInt(unsigned int)
                0x00000000c0012e28                Dbg::logWriteIntBase(unsigned int, int)
                0x00000000c0012e47                Dbg::kprintf(char const*, ...)
 *fill*         0x00000000c0012f65        0x1 
 .text          0x00000000c0012f66      0xb82 fs/vfs.32
                0x00000000c0012f66                File::read(unsigned long long, void*, int*)
                0x00000000c0012fbe                File::write(unsigned long long, void*, int*)
                0x00000000c0013016                Directory::read(unsigned long long, void*, int*)
                0x00000000c001306e                Directory::write(unsigned long long, void*, int*)
                0x00000000c001309c                File::isAtty()
                0x00000000c00130a0                Directory::isAtty()
                0x00000000c00130a4                Filesystem::getlabel(LogicalDisk*, int, char*, unsigned int*)
                0x00000000c00130aa                Filesystem::setlabel(LogicalDisk*, int, char*)
                0x00000000c00130b0                Filesystem::getFileFirstSector(char const*)
                0x00000000c00130b6                File::~File()
                0x00000000c00130b6                File::~File()
                0x00000000c00130da                File::~File()
                0x00000000c0013104                Directory::~Directory()
                0x00000000c0013104                Directory::~Directory()
                0x00000000c0013128                Directory::~Directory()
                0x00000000c0013152                Filesystem::Filesystem()
                0x00000000c0013152                Filesystem::Filesystem()
                0x00000000c0013176                Filesystem::~Filesystem()
                0x00000000c0013176                Filesystem::~Filesystem()
                0x00000000c0013184                Filesystem::~Filesystem()
                0x00000000c00131a8                Fs::getcwd(Process*, char*, int)
                0x00000000c00131d2                Fs::initVFS()
                0x00000000c00131fc                Fs::standardiseFiles(char*, char const*, char const*)
                0x00000000c00133a6                File::File(char const*, Process*)
                0x00000000c00133a6                File::File(char const*, Process*)
                0x00000000c001340a                File::open(FileOpenMode)
                0x00000000c0013468                File::close()
                0x00000000c00134c8                File::seek(unsigned long long)
                0x00000000c001351e                File::tell(unsigned long long*)
                0x00000000c001356e                File::rewind()
                0x00000000c0013582                File::unlink()
                0x00000000c00135ce                File::rename(char const*)
                0x00000000c001361c                File::chfatattr(unsigned char, unsigned char)
                0x00000000c0013678                File::exists()
                0x00000000c00136b6                File::stat(unsigned long long*, bool*)
                0x00000000c0013717                Fs::setcwd(Process*, char*)
                0x00000000c0013852                Directory::Directory(char const*, Process*)
                0x00000000c0013852                Directory::Directory(char const*, Process*)
                0x00000000c00138b6                Directory::open()
                0x00000000c0013912                Directory::close()
                0x00000000c0013972                Directory::unlink()
                0x00000000c00139be                Directory::rename(char const*)
                0x00000000c0013a0c                Directory::exists()
                0x00000000c0013a4a                Directory::read(dirent*)
                0x00000000c0013a96                Directory::create()
                0x00000000c0013ae2                Filesystem::chfatattr(char const*, unsigned char, unsigned char)
 .text          0x00000000c0013ae8       0x84 hal/bus.32
                0x00000000c0013ae8                Bus::Bus(char const*)
                0x00000000c0013ae8                Bus::Bus(char const*)
                0x00000000c0013b1e                Bus::~Bus()
                0x00000000c0013b1e                Bus::~Bus()
                0x00000000c0013b42                Bus::~Bus()
 .text          0x00000000c0013b6c      0x156 hal/buzzer.32
                0x00000000c0013b6c                Buzzer::Buzzer(char const*)
                0x00000000c0013b6c                Buzzer::Buzzer(char const*)
                0x00000000c0013bb0                Buzzer::~Buzzer()
                0x00000000c0013bb0                Buzzer::~Buzzer()
                0x00000000c0013bd4                Buzzer::~Buzzer()
                0x00000000c0013bfe                Buzzer::stop()
                0x00000000c0013c11                beepThread(void*)
                0x00000000c0013c54                Buzzer::beep(int, int, bool)
 .text          0x00000000c0013cc2      0x467 hal/clock.32
                0x00000000c0013cc2                User::loadClockSettings(int)
                0x00000000c0013d14                Clock::Clock(char const*)
                0x00000000c0013d14                Clock::Clock(char const*)
                0x00000000c0013d4a                Clock::~Clock()
                0x00000000c0013d4a                Clock::~Clock()
                0x00000000c0013d6e                Clock::~Clock()
                0x00000000c0013d98                Clock::timeInSecondsLocal()
                0x00000000c0013de0                Clock::setTimeInSecondsLocal(unsigned long long)
                0x00000000c0013e39                datetimeToSeconds(datetime_t)
                0x00000000c0013f60                Clock::setTimeInDatetimeLocal(datetime_t)
                0x00000000c0013fc0                secondsToDatetime(unsigned long long)
                0x00000000c0014104                Clock::timeInDatetimeLocal()
 *fill*         0x00000000c0014129        0x1 
 .text          0x00000000c001412a      0x4da hal/device.32
                0x00000000c001412a                Device::hibernate()
                0x00000000c001412c                Device::wake()
                0x00000000c001412e                Device::detect()
                0x00000000c0014130                Device::disableLegacy()
                0x00000000c0014132                Device::powerSaving(PowerSavingLevel)
                0x00000000c0014134                DriverlessDevice::close(int, int, void*)
                0x00000000c0014138                DriverlessDevice::detect()
                0x00000000c001413a                DriverlessDevice::open(int, int, void*)
                0x00000000c001414e                Device::~Device()
                0x00000000c001414e                Device::~Device()
                0x00000000c001415c                Device::~Device()
                0x00000000c0014184                Device::findAndLoadDriver()
                0x00000000c0014186                Device::preOpenPCI(PCIDeviceInfo)
                0x00000000c00141ac                Device::preOpenACPI(void*, char*, char*)
                0x00000000c00141ee                Device::addIRQHandler(int, void (*)(regs*, void*), bool, void*)
                0x00000000c001422c                Device::removeIRQHandler(int, void (*)(regs*, void*), bool)
                0x00000000c001426a                Device::addChild(Device*)
                0x00000000c00142ae                Device::removeAllChildren()
                0x00000000c00142f4                Device::hibernateAll()
                0x00000000c0014324                Device::wakeAll()
                0x00000000c0014354                Device::detectAll()
                0x00000000c0014384                Device::disableLegacyAll()
                0x00000000c00143b4                Device::loadDriversForAll()
                0x00000000c00143e0                Device::closeAll()
                0x00000000c0014416                Device::powerSavingAll(PowerSavingLevel)
                0x00000000c001444c                Device::setName(char const*)
                0x00000000c001445a                Device::Device(char const*)
                0x00000000c001445a                Device::Device(char const*)
                0x00000000c0014556                Device::getName()
                0x00000000c0014560                DriverlessDevice::DriverlessDevice(char const*)
                0x00000000c0014560                DriverlessDevice::DriverlessDevice(char const*)
                0x00000000c0014596                Device::addToLinkedList(LinkedList<Device>&, DeviceType)
                0x00000000c00145da                getDevicesOfType(DeviceType)
 .text          0x00000000c0014604       0x84 hal/diskctrl.32
                0x00000000c0014604                HardDiskController::HardDiskController(char const*)
                0x00000000c0014604                HardDiskController::HardDiskController(char const*)
                0x00000000c001463a                HardDiskController::~HardDiskController()
                0x00000000c001463a                HardDiskController::~HardDiskController()
                0x00000000c001465e                HardDiskController::~HardDiskController()
 .text          0x00000000c0014688       0xf2 hal/diskphys.32
                0x00000000c0014688                PhysicalDisk::eject()
                0x00000000c001469c                PhysicalDisk::PhysicalDisk(char const*, int)
                0x00000000c001469c                PhysicalDisk::PhysicalDisk(char const*, int)
                0x00000000c0014704                PhysicalDisk::startCache()
                0x00000000c001472c                PhysicalDisk::~PhysicalDisk()
                0x00000000c001472c                PhysicalDisk::~PhysicalDisk()
                0x00000000c0014750                PhysicalDisk::~PhysicalDisk()
 .text          0x00000000c001477a      0x13b hal/fpu.32
                0x00000000c001477a                FPU::FPU(char const*)
                0x00000000c001477a                FPU::FPU(char const*)
                0x00000000c00147b0                FPU::~FPU()
                0x00000000c00147b0                FPU::~FPU()
                0x00000000c00147d4                FPU::~FPU()
                0x00000000c00147fe                setupFPU()
 *fill*         0x00000000c00148b5        0x1 
 .text          0x00000000c00148b6     0x1439 hal/intctrl.32
                0x00000000c00148b6                InterruptController::uninstallISRHandler(int, void (*)(regs*, void*))
                0x00000000c00148ee                InterruptController::installISRHandler(int, void (*)(regs*, void*), void*)
                0x00000000c0014940                doubleFault(regs*, void*)
                0x00000000c001495a                InterruptController::installIRQHandler(int, void (*)(regs*, void*), bool, void*)
                0x00000000c00149f6                InterruptController::clearAllHandlers(int, bool)
                0x00000000c0014a9e                InterruptController::uninstallIRQHandler(int, void (*)(regs*, void*), bool)
                0x00000000c0014b25                nmiHandler(regs*, void*)
                0x00000000c0014b33                int_handler
                0x00000000c0014bd4                InterruptController::InterruptController(char const*)
                0x00000000c0014bd4                InterruptController::InterruptController(char const*)
                0x00000000c0014c7a                InterruptController::~InterruptController()
                0x00000000c0014c7a                InterruptController::~InterruptController()
                0x00000000c0014c9e                InterruptController::~InterruptController()
                0x00000000c0014cc8                displayDebugInfo(regs*)
                0x00000000c0015157                x87EmulHandler(regs*, void*)
                0x00000000c00151ca                gpFault(regs*, void*)
                0x00000000c0015203                pgFault(regs*, void*)
                0x00000000c001523f                otherISRHandler(regs*, void*)
                0x00000000c001525e                opcodeFault(regs*, void*)
                0x00000000c001587b                displayProgramFault(char const*)
                0x00000000c00158a3                setupInterruptController()
                0x00000000c0015ca2                InterruptController::convertLegacyIRQNumber(int)
 *fill*         0x00000000c0015cef        0x1 
 .text          0x00000000c0015cf0      0x794 hal/keybrd.32
                0x00000000c0015cf0                startGUI(void*)
                0x00000000c0015d5c                startGUIVESA(void*)
                0x00000000c0015dc8                sendKeyToTerminal(unsigned char)
                0x00000000c0015e86                sendKeyboardToken(KeyboardToken)
                0x00000000c00162c3                clearInternalKeybuffer(VgaText*)
                0x00000000c00162f8                readKeyboard(VgaText*, char*, unsigned long)
                0x00000000c00163fa                Keyboard::Keyboard(char const*)
                0x00000000c00163fa                Keyboard::Keyboard(char const*)
                0x00000000c0016436                Keyboard::~Keyboard()
                0x00000000c0016436                Keyboard::~Keyboard()
                0x00000000c001645a                Keyboard::~Keyboard()
 .text          0x00000000c0016484      0x414 hal/logidisk.32
                0x00000000c0016484                LogicalDisk::close(int, int, void*)
                0x00000000c0016488                LogicalDisk::~LogicalDisk()
                0x00000000c0016488                LogicalDisk::~LogicalDisk()
                0x00000000c00164ac                LogicalDisk::~LogicalDisk()
                0x00000000c00164d6                LogicalDisk::open(int, int, void*)
                0x00000000c00164ea                LogicalDisk::absoluteToRelative(unsigned long long)
                0x00000000c0016522                LogicalDisk::relativeToAbsolute(unsigned long long)
                0x00000000c0016568                LogicalDisk::LogicalDisk(char const*, PhysicalDisk*, unsigned long long, unsigned long long)
                0x00000000c0016568                LogicalDisk::LogicalDisk(char const*, PhysicalDisk*, unsigned long long, unsigned long long)
                0x00000000c001661e                LogicalDisk::assignDriveLetter()
                0x00000000c00166d4                LogicalDisk::mount()
                0x00000000c0016746                LogicalDisk::unmount()
                0x00000000c0016756                LogicalDisk::eject()
                0x00000000c001676a                LogicalDisk::unassignDriveLetter()
                0x00000000c00167c0                LogicalDisk::read(unsigned long long, int, void*)
                0x00000000c001682c                LogicalDisk::write(unsigned long long, int, void*)
 .text          0x00000000c0016898       0x84 hal/mouse.32
                0x00000000c0016898                Mouse::Mouse(char const*)
                0x00000000c0016898                Mouse::Mouse(char const*)
                0x00000000c00168ce                Mouse::~Mouse()
                0x00000000c00168ce                Mouse::~Mouse()
                0x00000000c00168f2                Mouse::~Mouse()
 .text          0x00000000c001691c      0x359 hal/partition.32
                0x00000000c001691c                makePartition(PhysicalDisk*, unsigned long long, unsigned long long)
                0x00000000c00169e4                createPartitionsForDisk(PhysicalDisk*)
 *fill*         0x00000000c0016c75        0x1 
 .text          0x00000000c0016c76       0x84 hal/serial.32
                0x00000000c0016c76                Serial::Serial(char const*)
                0x00000000c0016c76                Serial::Serial(char const*)
                0x00000000c0016cac                Serial::~Serial()
                0x00000000c0016cac                Serial::~Serial()
                0x00000000c0016cd0                Serial::~Serial()
 .text          0x00000000c0016cfa      0x2f3 hal/timer.32
                0x00000000c0016cfa                Timer::Timer(char const*)
                0x00000000c0016cfa                Timer::Timer(char const*)
                0x00000000c0016d30                Timer::~Timer()
                0x00000000c0016d30                Timer::~Timer()
                0x00000000c0016d54                Timer::~Timer()
                0x00000000c0016d7e                Timer::read()
                0x00000000c0016d89                timerHandler(unsigned long long)
                0x00000000c0016efb                setupTimer(int)
 *fill*         0x00000000c0016fed        0x1 
 .text          0x00000000c0016fee      0x40c hal/vcache.32
                0x00000000c0016fee                VCache::VCache(PhysicalDisk*)
                0x00000000c0016fee                VCache::VCache(PhysicalDisk*)
                0x00000000c0017156                VCache::invalidateReadBuffer()
                0x00000000c0017166                VCache::writeWriteBuffer()
                0x00000000c00171a2                VCache::~VCache()
                0x00000000c00171a2                VCache::~VCache()
                0x00000000c00171f6                VCache::~VCache()
                0x00000000c001721e                VCache::write(unsigned long long, int, void*)
                0x00000000c001730a                VCache::read(unsigned long long, int, void*)
 .text          0x00000000c00173fa      0x4cd hal/video.32
                0x00000000c00173fa                Video::putrect(int, int, int, int, unsigned int)
                0x00000000c0017446                Video::bitblit(int, int, int, int, int, int, int, unsigned int*)
                0x00000000c00174b6                Video::blit(unsigned int*, int, int, int, int)
                0x00000000c0017534                Video::clearScreen(unsigned int)
                0x00000000c0017568                Video::putpixel(int, int, unsigned int)
                0x00000000c0017576                Video::Video(char const*)
                0x00000000c0017576                Video::Video(char const*)
                0x00000000c00175ac                Video::~Video()
                0x00000000c00175ac                Video::~Video()
                0x00000000c00175d0                Video::~Video()
                0x00000000c00175fa                Video::isMonochrome()
                0x00000000c0017606                Video::getWidth()
                0x00000000c0017612                Video::getHeight()
                0x00000000c001761e                Video::drawCursor(int, int, unsigned char*, int)
                0x00000000c00176da                Video::tgaParse(unsigned char*, int, int*, int*)
                0x00000000c001785c                Video::putTGA(int, int, unsigned char*, int)
 *fill*         0x00000000c00178c7        0x1 
 .text          0x00000000c00178c8     0x10fb hw/acpi.32
                0x00000000c00178c8                ACPI::close(int, int, void*)
                0x00000000c001797d                findRSDP()
                0x00000000c0017a17                loadACPITables(unsigned char*)
                0x00000000c0017c5c                findRSDT(unsigned char*)
                0x00000000c0017d97                findDataTable(unsigned char*, char*)
                0x00000000c0017e33                scanMADT()
                0x00000000c00182ba                ACPI::ACPI()
                0x00000000c00182ba                ACPI::ACPI()
                0x00000000c0018324                ACPI::getPCIIRQAssignment(unsigned char, unsigned short, unsigned char)
                0x00000000c0018406                ACPI::registerPCIIRQAssignment(void*, unsigned short, unsigned char, unsigned char)
                0x00000000c00184cc                ACPI::setScreenBrightnessLevel(void*, int)
                0x00000000c00184d2                ACPI::writeSimpleBootFlag(SimpleBootFlagTable*)
                0x00000000c001851a                ACPI::sleep()
                0x00000000c0018532                ACPI::open(int, int, void*)
 *fill*         0x00000000c00189c3        0x1 
 .text          0x00000000c00189c4     0x1709 hw/cpu.32
                0x00000000c00189c4                CPU::close(int, int, void*)
                0x00000000c00189c8                CPU::lookupAMDName(unsigned char, unsigned char)
                0x00000000c0018b5c                CPU::lookupIntelName(unsigned char, unsigned char)
                0x00000000c0018e0a                CPU::AMD_K6_write_msr(unsigned int, unsigned int, unsigned int, CPU::REGS*)
                0x00000000c0018e26                CPU::AMD_K6_read_msr(unsigned int, CPU::REGS*)
                0x00000000c0018e3e                CPU::AMD_K6_writeback(int, int, int)
                0x00000000c0018eb2                CPU::cpuid(int, unsigned long*, unsigned long*, unsigned long*, unsigned long*)
                0x00000000c0018f36                CPU::cpuidCheckEDX(unsigned int)
                0x00000000c0018f64                CPU::cpuidCheckECX(unsigned int)
                0x00000000c0018f92                CPU::cpuidCheckExtendedEBX(unsigned int)
                0x00000000c0018fc0                CPU::cpuidCheckExtendedECX(unsigned int)
                0x00000000c0018fee                CPU::CPU()
                0x00000000c0018fee                CPU::CPU()
                0x00000000c001907c                CPU::displayFeatures()
                0x00000000c00192f8                CPU::detectFeatures()
                0x00000000c0019cdc                CPU::setupSMEP()
                0x00000000c0019ce8                CPU::setupUMIP()
                0x00000000c0019cf2                CPU::setupTSC()
                0x00000000c0019cfc                CPU::setupLargePages()
                0x00000000c0019d06                CPU::setupPAT()
                0x00000000c0019d42                CPU::setupMTRR()
                0x00000000c0019d44                CPU::setupGlobalPages()
                0x00000000c0019d4e                CPU::allowUsermodeDataAccess()
                0x00000000c0019d60                CPU::prohibitUsermodeDataAccess()
                0x00000000c0019d72                CPU::setupSMAP()
                0x00000000c0019d80                CPU::setupFeatures()
                0x00000000c0019e00                CPU::open(int, int, void*)
                0x00000000c0019ed2                CPU::decodeAddress(regs*, int*, bool*, unsigned char*)
 .text          0x00000000c001a0cd        0x0 hw/ports.32
 .text          0x00000000c001a0cd      0x16a hw/smp.32
                0x00000000c001a0cd                Krnl::smpEntry()
                0x00000000c001a0cf                Krnl::startCPU(int)
                0x00000000c001a218                Krnl::startCPUs()
 *fill*         0x00000000c001a237        0x1 
 .text          0x00000000c001a238      0x5d2 krnl/env.32
                0x00000000c001a238                EnvVarContainer::getEnv(char const*)
                0x00000000c001a276                EnvVarContainer::setEnv(char const*, char const*)
                0x00000000c001a338                EnvVarContainer::deleteEnv(char const*)
                0x00000000c001a33a                EnvVarContainer::loadFrom(char const*, char const*)
                0x00000000c001a540                EnvVarContainer::__loadSystem()
                0x00000000c001a55a                EnvVarContainer::__loadUser()
                0x00000000c001a55c                EnvVarContainer::EnvVarContainer(Process*)
                0x00000000c001a55c                EnvVarContainer::EnvVarContainer(Process*)
                0x00000000c001a57e                EnvVarContainer::~EnvVarContainer()
                0x00000000c001a57e                EnvVarContainer::~EnvVarContainer()
                0x00000000c001a5ae                Krnl::getEnv(Process*, char const*)
                0x00000000c001a613                Krnl::setEnvSystem(char const*, char const*)
                0x00000000c001a62d                Krnl::setEnvUser(char const*, char const*)
                0x00000000c001a64c                Krnl::setEnvProcess(Process*, char const*, char const*)
                0x00000000c001a65f                Krnl::deleteEnvSystem(char const*)
                0x00000000c001a660                Krnl::deleteEnvUser(char const*)
                0x00000000c001a661                Krnl::deleteEnvProcess(Process*, char const*)
                0x00000000c001a662                Krnl::newProcessEnv(Process*)
                0x00000000c001a684                Krnl::copyProcessEnv(Process*, Process*)
                0x00000000c001a6d1                Krnl::loadSystemEnv()
                0x00000000c001a6ff                Krnl::loadUserEnv()
                0x00000000c001a725                Krnl::flushEnv()
                0x00000000c001a726                Krnl::getProcessTotalEnvCount(Process*)
                0x00000000c001a746                Krnl::getProcessEnvPair(Process*, int)
 .text          0x00000000c001a80a      0x396 krnl/panic.32
                0x00000000c001a80a                Krnl::panic(char const*)
 .text          0x00000000c001aba0      0x463 net/ethernet.32
                0x00000000c001aba0                Net::switchEndian16(unsigned short)
                0x00000000c001abc1                Net::switchEndian32(unsigned int)
                0x00000000c001abf0                Net::crc32Calc(unsigned char*, int)
                0x00000000c001ac81                Net::wrapEthernetFrame(Net::UnwrappedEthernetFrame, unsigned char*)
                0x00000000c001ae12                Net::unwrapEthernetFrame(unsigned char*, int)
 .text          0x00000000c001b003      0x50d reg/registry.32
                0x00000000c001b003                Reg::findLineFromLoadedData(char*, char*, char*)
                0x00000000c001b15b                Reg::getLineFromRegistry(char*, char*, char*, char*)
                0x00000000c001b2b0                Reg::getLine(char*, char*, char*)
                0x00000000c001b2e7                Reg::readInt(char*, char*, int*)
                0x00000000c001b3d2                Reg::readString(char*, char*, char*, int)
                0x00000000c001b453                Reg::readBool(char*, char*, bool*)
                0x00000000c001b478                Reg::readBoolWithDefault(char*, char*, bool)
                0x00000000c001b4a4                Reg::readIntWithDefault(char*, char*, int)
                0x00000000c001b4d0                Reg::readStringWithDefault(char*, char*, char*, int, char*)
 .text          0x00000000c001b510       0x36 sys/sc_eject.32
                0x00000000c001b510                Sys::eject(regs*)
 .text          0x00000000c001b546       0x18 sys/sc_exit.32
                0x00000000c001b546                Sys::exit(regs*)
 .text          0x00000000c001b55e       0x1f sys/sc_getcwd.32
                0x00000000c001b55e                Sys::getCwd(regs*)
 .text          0x00000000c001b57d        0xc sys/sc_getpid.32
                0x00000000c001b57d                Sys::getPID(regs*)
 .text          0x00000000c001b589       0x17 sys/sc_getramdata.32
                0x00000000c001b589                Sys::getRAMData(regs*)
 .text          0x00000000c001b5a0       0x85 sys/sc_getvgaptr.32
                0x00000000c001b5a0                Sys::getVGAPtr(regs*)
 .text          0x00000000c001b625       0xa8 sys/sc_loaddll.32
                0x00000000c001b625                Sys::loadDLL(regs*)
 .text          0x00000000c001b6cd       0x68 sys/sc_read.32
                0x00000000c001b6cd                Sys::read(regs*)
 .text          0x00000000c001b735       0x55 sys/sc_sbrk.32
                0x00000000c001b735                Sys::sbrk(regs*)
 .text          0x00000000c001b78a       0x1c sys/sc_setcwd.32
                0x00000000c001b78a                Sys::setCwd(regs*)
 .text          0x00000000c001b7a6      0x128 sys/sc_settime.32
                0x00000000c001b7a6                Sys::setTime(regs*)
 .text          0x00000000c001b8ce       0x4a sys/sc_timezone.32
                0x00000000c001b8ce                Sys::timezone(regs*)
 .text          0x00000000c001b918       0x68 sys/sc_write.32
                0x00000000c001b918                Sys::write(regs*)
 .text          0x00000000c001b980       0x62 sys/sc_wsbe.32
                0x00000000c001b980                Sys::wsbe(regs*)
 .text          0x00000000c001b9e2       0x46 sys/sc_yield.32
                0x00000000c001b9e2                Sys::yield(regs*)
 .text          0x00000000c001ba28     0x1102 sys/syscalls.32
                0x00000000c001ba28                sysCallSeekDir(regs*)
                0x00000000c001ba2d                sysCallTellDir(regs*)
                0x00000000c001ba32                sysCallVerify(regs*)
                0x00000000c001ba3c                sysFormatDisk(regs*)
                0x00000000c001baa6                sysSetDiskVolumeLabel(regs*)
                0x00000000c001baec                sysGetDiskVolumeLabel(regs*)
                0x00000000c001bb3d                sysShutdown(regs*)
                0x00000000c001bb9b                sysCallRealpath(regs*)
                0x00000000c001bbde                sysCallGetArgc(regs*)
                0x00000000c001bc0c                sysCallReadDir(regs*)
                0x00000000c001bc9a                sysCallIsATTY(regs*)
                0x00000000c001bcf4                sysCallSeek(regs*)
                0x00000000c001bd5d                sysCallTell(regs*)
                0x00000000c001bdda                sysCallSize(regs*)
                0x00000000c001be5d                sysCallSizeFromFilename(regs*)
                0x00000000c001bf1d                sysCallClose(regs*)
                0x00000000c001bfa5                sysCallOpenDir(regs*)
                0x00000000c001c01a                sysCallCloseDir(regs*)
                0x00000000c001c080                sysCallMakeDir(regs*)
                0x00000000c001c0f0                sysCallWait(regs*)
                0x00000000c001c10a                sysCallNotImpl(regs*)
                0x00000000c001c125                sysPanic(regs*)
                0x00000000c001c14b                sysCallRmdir(regs*)
                0x00000000c001c1af                sysCallUnlink(regs*)
                0x00000000c001c213                sysCallGetArgv(regs*)
                0x00000000c001c25f                sysCallTTYName(regs*)
                0x00000000c001c2e2                sysCallUSleep(regs*)
                0x00000000c001c309                sysCallSpawn(regs*)
                0x00000000c001c37e                sysCallGetEnv(regs*)
                0x00000000c001c4b6                sysAppSettings(regs*)
                0x00000000c001c5cb                sysSetFatAttrib(regs*)
                0x00000000c001c63d                sysPipe(regs*)
                0x00000000c001c682                sysGetUnixTime(regs*)
                0x00000000c001c696                string_ends_with(char const*, char const*)
                0x00000000c001c6de                sysCallOpen(regs*)
                0x00000000c001c8f3                Sys::loadSyscalls()
                0x00000000c001cae8                Sys::systemCall(regs*, void*)
 .text          0x00000000c001cb2a     0x11fc thr/elf.32
                0x00000000c001cb2a                Thr::allocateMemoryForTask(Process*, File*, unsigned long, unsigned long, unsigned long)
                0x00000000c001cdd3                Thr::loadProgramIntoMemory(Process*, char const*)
                0x00000000c001cfe9                Thr::runtimeReferenceHelper()
                0x00000000c001cffc                Thr::getAddressOfKernelSymbol(char const*)
                0x00000000c001d04b                Thr::loadKernelSymbolTable(char const*)
                0x00000000c001d309                Thr::loadDriverIntoMemory(char const*, unsigned long, bool)
                0x00000000c001da3f                Thr::getDriverBaseFromAddress(unsigned long)
                0x00000000c001da71                Thr::getDriverNameFromAddress(unsigned long)
                0x00000000c001daa8                Thr::getDriverOffsetFromAddress(unsigned long)
                0x00000000c001dac2                Thr::loadDLL(char const*, bool)
                0x00000000c001dced                Thr::executeDLL(unsigned long, void*)
 .text          0x00000000c001dd26     0x1315 thr/prcssthr.32
                0x00000000c001dd26                userModeEntryPoint(void*)
                0x00000000c001dd4c                changeTSS
                0x00000000c001dd7c                switchToThread(ThreadControlBlock*)
                0x00000000c001de26                Process::addArgs(char**)
                0x00000000c001de80                Process::Process(char const*, Process*, char**)
                0x00000000c001de80                Process::Process(char const*, Process*, char**)
                0x00000000c001e064                Process::Process(bool, char const*, Process*, char**)
                0x00000000c001e064                Process::Process(bool, char const*, Process*, char**)
                0x00000000c001e213                taskStartupFunction
                0x00000000c001e21c                Semaphore::Semaphore(int)
                0x00000000c001e21c                Semaphore::Semaphore(int)
                0x00000000c001e24a                Mutex::Mutex()
                0x00000000c001e24a                Mutex::Mutex()
                0x00000000c001e25c                Process::createThread(void (*)(void*), void*, int)
                0x00000000c001e362                Process::createUserThread()
                0x00000000c001e37e                setupMultitasking(void (*)())
                0x00000000c001e4a0                schedule()
                0x00000000c001e526                Semaphore::tryAcquire()
                0x00000000c001e5e2                Semaphore::assertLocked(char const*)
                0x00000000c001e651                blockTaskWithSchedulerLockAlreadyHeld(TaskState)
                0x00000000c001e69f                blockTask(TaskState)
                0x00000000c001e6cc                waitTask(int, int*, int)
                0x00000000c001e70e                nanoSleepUntil(unsigned long long)
                0x00000000c001e7a3                nanoSleep(unsigned long long)
                0x00000000c001e7bb                sleep(unsigned long long)
                0x00000000c001e7d8                Semaphore::acquire()
                0x00000000c001e87a                taskReturned
                0x00000000c001e8b5                Thr::processFromPID(int)
                0x00000000c001e964                unblockTask(ThreadControlBlock*)
                0x00000000c001ea11                cleanupTerminatedTask(ThreadControlBlock*)
                0x00000000c001ecda                cleanerTaskFunction(void*)
                0x00000000c001edd3                terminateTask(int)
                0x00000000c001ef05                Thr::terminateFromIRQ(int)
                0x00000000c001ef12                Semaphore::release()
 .text          0x00000000c001f03b      0xc54 vm86/vm8086.32
                0x00000000c001f03b                Vm::inbv(unsigned short)
                0x00000000c001f04e                Vm::outbv(unsigned short, unsigned char)
                0x00000000c001f0a1                Vm::realToLinear(unsigned short, unsigned short)
                0x00000000c001f0b1                Vm::getSegment(unsigned int)
                0x00000000c001f0b9                Vm::getOffset(unsigned int)
                0x00000000c001f0be                Vm::mainloop2()
                0x00000000c001f0f8                Vm::mainVm8086Loop(void*)
                0x00000000c001f108                Vm::mainloop3(unsigned long)
                0x00000000c001f12e                Vm::initialise8086()
                0x00000000c001f171                Vm::finish8086()
                0x00000000c001f1d2                Vm::getOutput8086(unsigned char*)
                0x00000000c001f1f8                Vm::start8086(char const*, unsigned short, unsigned short, unsigned short, unsigned short)
                0x00000000c001f360                Vm::doISR(regs*, int, unsigned char*, unsigned short, unsigned short)
                0x00000000c001f3ea                Vm::readByteFromReal(unsigned short, unsigned short)
                0x00000000c001f3fb                Vm::readWordFromReal(unsigned short, unsigned short)
                0x00000000c001f40d                Vm::readDwordFromReal(unsigned short, unsigned short)
                0x00000000c001f41e                Vm::writeByteFromReal(unsigned short, unsigned short, unsigned char)
                0x00000000c001f433                Vm::writeWordFromReal(unsigned short, unsigned short, unsigned short)
                0x00000000c001f449                Vm::writeDwordFromReal(unsigned short, unsigned short, unsigned int)
                0x00000000c001f45e                Vm::faultHandler(regs*)
 .text          0x00000000c001fc8f      0xefd vm86/x87em.32
                0x00000000c001fc8f                Vm::fpuInternalTo32(unsigned long long)
                0x00000000c001fcea                Vm::fpuInternalTo64(unsigned long long)
                0x00000000c001fcf3                Vm::fpu32ToInternal(unsigned int)
                0x00000000c001fd38                Vm::fpu64ToInternal(unsigned long long)
                0x00000000c001fd41                Vm::fpuFloatToLong(unsigned long long)
                0x00000000c001fd9c                Vm::fpuULongToFloat(unsigned long long)
                0x00000000c001fdd2                Vm::fpuLongToFloat(long long)
                0x00000000c001fe28                Vm::fpuGet0()
                0x00000000c001fe2d                Vm::fpuGet1()
                0x00000000c001fe35                Vm::fpuGetPi()
                0x00000000c001fe3d                Vm::fpuGetLog2E()
                0x00000000c001fe55                Vm::fpuGetLogE2()
                0x00000000c001fe6d                Vm::fpuGetLog210()
                0x00000000c001fe85                Vm::fpuGetLog102()
                0x00000000c001fe9d                Vm::fpuIsSecondLarger(unsigned long long, unsigned long long)
                0x00000000c001feb1                Vm::fpuAreEqual(unsigned long long, unsigned long long)
                0x00000000c001fec7                Vm::fpuUnorderedCompare(unsigned long long, unsigned long long)
                0x00000000c001ff1a                Vm::fpuAdd(unsigned long long, unsigned long long)
                0x00000000c001ff2b                Vm::fpuAbs(unsigned long long)
                0x00000000c001ff34                Vm::fpuChs(unsigned long long)
                0x00000000c001ff44                Vm::fpuSub(unsigned long long, unsigned long long)
                0x00000000c001ff53                Vm::fpuMultiply(unsigned long long, unsigned long long)
                0x00000000c001ff72                Vm::fpuDivide(unsigned long long, unsigned long long)
                0x00000000c001ff8e                Vm::fpuSquare(unsigned long long)
                0x00000000c001ffa4                Vm::fpuGetReg(int)
                0x00000000c001ffe7                Vm::fpuSetReg(int, unsigned long long)
                0x00000000c0020032                Vm::fpuPush(unsigned long long)
                0x00000000c002008f                Vm::fpuPop()
                0x00000000c00200e1                Vm::x87Handler(regs*)
 .text          0x00000000c0020b8c     0x11e5 fs/fat/vfslink.32
                0x00000000c0020b8c                FAT::getName()
                0x00000000c0020b92                FAT::tell(void*, unsigned long long*)
                0x00000000c0020bc6                FAT::stat(void*, unsigned long long*)
                0x00000000c0020bfa                FAT::~FAT()
                0x00000000c0020bfa                FAT::~FAT()
                0x00000000c0020c1e                FAT::~FAT()
                0x00000000c0020c46                FAT::getlabel(LogicalDisk*, int, char*, unsigned int*)
                0x00000000c0020ce4                FAT::setlabel(LogicalDisk*, int, char*)
                0x00000000c0020d9e                FAT::format(LogicalDisk*, int, char const*, int)
                0x00000000c0020f82                FAT::tryMount(LogicalDisk*, int)
                0x00000000c0021188                FAT::getFileFirstSector(char const*)
                0x00000000c002124a                FAT::readDir(void*, unsigned long, void*, int*)
                0x00000000c0021386                FAT::read(void*, unsigned long, void*, int*)
                0x00000000c00213e0                FAT::write(void*, unsigned long, void*, int*)
                0x00000000c002143a                FAT::close(void*)
                0x00000000c0021486                FAT::closeDir(void*)
                0x00000000c00214d2                FAT::seek(void*, unsigned long long)
                0x00000000c0021526                fatWrapperReadDisk
                0x00000000c002156d                fatWrapperWriteDisk
                0x00000000c00215b4                fatWrapperIoctl
                0x00000000c00216b8                FAT::FAT()
                0x00000000c00216b8                FAT::FAT()
                0x00000000c002170a                FAT::fixFilepath(char*)
                0x00000000c0021742                FAT::open(char const*, void**, FileOpenMode)
                0x00000000c002186a                FAT::openDir(char const*, void**)
                0x00000000c0021910                FAT::stat(char const*, unsigned long long*, bool*)
                0x00000000c00219fa                FAT::unlink(char const*)
                0x00000000c0021a74                FAT::chfatattr(char const*, unsigned char, unsigned char)
                0x00000000c0021bc8                FAT::rename(char const*, char const*)
                0x00000000c0021c8c                FAT::mkdir(char const*)
                0x00000000c0021d06                FAT::exists(char const*)
 *fill*         0x00000000c0021d71        0x1 
 .text          0x00000000c0021d72      0xba3 fs/iso9660/vfslink.32
                0x00000000c0021d72                ISO9660::format(LogicalDisk*, int, char const*, int)
                0x00000000c0021d78                ISO9660::seek(void*, unsigned long long)
                0x00000000c0021da8                ISO9660::tell(void*, unsigned long long*)
                0x00000000c0021dcc                ISO9660::getName()
                0x00000000c0021dd2                ISO9660::stat(void*, unsigned long long*)
                0x00000000c0021df6                ISO9660::chfatattr(char const*, unsigned char, unsigned char)
                0x00000000c0021dfc                ISO9660::unlink(char const*)
                0x00000000c0021e02                ISO9660::write(void*, unsigned long, void*, int*)
                0x00000000c0021e08                ISO9660::rename(char const*, char const*)
                0x00000000c0021e0e                ISO9660::mkdir(char const*)
                0x00000000c0021e14                ISO9660::close(void*)
                0x00000000c0021e36                ISO9660::closeDir(void*)
                0x00000000c0021e58                ISO9660::~ISO9660()
                0x00000000c0021e58                ISO9660::~ISO9660()
                0x00000000c0021e7c                ISO9660::~ISO9660()
                0x00000000c0021ea3                __memmem(unsigned char*, int, unsigned char*, int)
                0x00000000c0021ee5                readSectorFromCDROM(unsigned int, unsigned char*, char)
                0x00000000c0021f40                ISO9660::tryMount(LogicalDisk*, int)
                0x00000000c0021f90                ISO9660::read(void*, unsigned long, void*, int*)
                0x00000000c0022190                ISO9660::readDir(void*, unsigned long, void*, int*)
                0x00000000c002240b                readRoot(unsigned int*, unsigned int*, char)
                0x00000000c0022460                readRecursively(char*, unsigned int, unsigned int, unsigned int*, unsigned int*, char, int*)
                0x00000000c0022633                getFileData(char*, unsigned int*, unsigned int*, char, int*)
                0x00000000c00226c2                ISO9660::open(char const*, void**, FileOpenMode)
                0x00000000c0022782                ISO9660::exists(char const*)
                0x00000000c00227a6                ISO9660::stat(char const*, unsigned long long*, bool*)
                0x00000000c002283a                ISO9660::openDir(char const*, void**)
                0x00000000c00228f2                ISO9660::ISO9660()
                0x00000000c00228f2                ISO9660::ISO9660()
 *fill*         0x00000000c0022915        0x1 
 .text          0x00000000c0022916      0x326 hal/sound/sndchannel.32
                0x00000000c0022916                SoundChannel::~SoundChannel()
                0x00000000c0022916                SoundChannel::~SoundChannel()
                0x00000000c0022932                SoundChannel::setSpeed(float)
                0x00000000c002293e                SoundChannel::getSpeed()
                0x00000000c0022946                SoundChannel::setVolume(int)
                0x00000000c0022962                SoundChannel::getVolume()
                0x00000000c002296a                SoundChannel::pause()
                0x00000000c0022974                SoundChannel::SoundChannel(int, int, int, int)
                0x00000000c0022974                SoundChannel::SoundChannel(int, int, int, int)
                0x00000000c0022aca                SoundChannel::play()
                0x00000000c0022ad4                SoundChannel::paused()
                0x00000000c0022adc                SoundChannel::getSampleRate()
                0x00000000c0022ae4                SoundChannel::getBits()
                0x00000000c0022aec                SoundChannel::getBufferUsed()
                0x00000000c0022af4                SoundChannel::getBufferSize()
                0x00000000c0022afc                SoundChannel::unbuffer(float*, int, int)
                0x00000000c0022b9c                SoundChannel::buffer8(unsigned char*, int)
 .text          0x00000000c0022c3c      0x3d5 hal/sound/sndhw.32
                0x00000000c0022c3c                SoundDevice::SoundDevice(char const*)
                0x00000000c0022c3c                SoundDevice::SoundDevice(char const*)
                0x00000000c0022ca8                SoundDevice::~SoundDevice()
                0x00000000c0022ca8                SoundDevice::~SoundDevice()
                0x00000000c0022d22                SoundDevice::~SoundDevice()
                0x00000000c0022d4c                SoundDevice::getFreeChannelNum()
                0x00000000c0022d66                SoundDevice::addChannel(SoundChannel*)
                0x00000000c0022dd6                SoundDevice::removeChannel(int)
                0x00000000c0022e08                SoundDevice::floatTo8(float*, unsigned char*, int)
                0x00000000c0022ef0                SoundDevice::getAudio(int, float*, float*)
 .text          0x00000000c0023011        0x0 hw/bus/isa.32
 *fill*         0x00000000c0023011        0x1 
 .text          0x00000000c0023012      0x795 hw/bus/pci.32
                0x00000000c0023012                PCI::open(int, int, void*)
                0x00000000c0023026                PCI::close(int, int, void*)
                0x00000000c002302a                PCI::PCI()
                0x00000000c002302a                PCI::PCI()
                0x00000000c00230aa                PCI::readBAR8(unsigned int, int)
                0x00000000c00230c6                PCI::readBAR16(unsigned int, int)
                0x00000000c00230e4                PCI::readBAR32(unsigned int, int)
                0x00000000c0023100                PCI::writeBAR8(unsigned int, unsigned char, int)
                0x00000000c0023120                PCI::writeBAR16(unsigned int, unsigned short, int)
                0x00000000c0023142                PCI::writeBAR32(unsigned int, unsigned int, int)
                0x00000000c0023162                PCI::pciReadWord(unsigned char, unsigned char, unsigned char, unsigned char)
                0x00000000c00231aa                PCI::getVendorID(unsigned char, unsigned char, unsigned char)
                0x00000000c00231cc                PCI::getHeaderType(unsigned char, unsigned char, unsigned char)
                0x00000000c00231f0                PCI::getClassCode(unsigned char, unsigned char, unsigned char)
                0x00000000c0023234                PCI::getProgIF(unsigned char, unsigned char, unsigned char)
                0x00000000c0023258                PCI::getRevisionID(unsigned char, unsigned char, unsigned char)
                0x00000000c002327a                PCI::getInterruptNumber(unsigned char, unsigned char, unsigned char)
                0x00000000c002329c                PCI::getSecondaryBus(unsigned char, unsigned char, unsigned char)
                0x00000000c00232c0                PCI::getBARAddress(unsigned char, unsigned char, unsigned char, unsigned char)
                0x00000000c0023320                PCI::pciWriteWord(unsigned char, unsigned char, unsigned char, unsigned char, unsigned short)
                0x00000000c002338c                PCI::pciDetailsToFilepath(PCIDeviceInfo)
                0x00000000c0023390                PCI::checkBus(unsigned char)
                0x00000000c00233b4                PCI::foundDevice(PCIDeviceInfo)
                0x00000000c002353c                PCI::getDeviceData(unsigned char, unsigned char, unsigned char)
                0x00000000c00236e8                PCI::checkDevice(unsigned char, unsigned char)
                0x00000000c0023754                PCI::detect()
 *fill*         0x00000000c00237a7        0x1 
 .text          0x00000000c00237a8      0xc70 hw/diskctrl/ide.32
                0x00000000c00237a8                IDE::close(int, int, void*)
                0x00000000c00237ac                IDE::IDE()
                0x00000000c00237ac                IDE::IDE()
                0x00000000c00237e0                IDE::prepareInterrupt(unsigned char)
                0x00000000c00237f2                selectDrive(unsigned char, unsigned char)
                0x00000000c00237f4                IDE::getBase(unsigned char)
                0x00000000c0023806                IDE::write(unsigned char, unsigned char, unsigned char)
                0x00000000c00238c6                IDE::read(unsigned char, unsigned char)
                0x00000000c0023974                IDE::waitInterrupt(unsigned char)
                0x00000000c00239da                ideChannel0IRQHandler(regs*, void*)
                0x00000000c00239f6                ideChannel1IRQHandler(regs*, void*)
                0x00000000c0023a12                IDE::enableIRQs(unsigned char, bool)
                0x00000000c0023a58                IDE::open(int, int, void*)
                0x00000000c0023e68                IDE::readBuffer(unsigned char, unsigned char, unsigned int, unsigned int)
                0x00000000c0023f34                IDE::detect()
                0x00000000c002421c                IDE::printError(unsigned char, unsigned char, unsigned char)
                0x00000000c00243b2                IDE::polling(unsigned char, unsigned int)
 .text          0x00000000c0024418      0x390 hw/diskctrl/satabus.32
                0x00000000c0024418                SATABus::close(int, int, void*)
                0x00000000c002441c                SATABus::detect()
                0x00000000c002441e                SATABus::SATABus()
                0x00000000c002441e                SATABus::SATABus()
                0x00000000c00244ca                SATABus::findCmdslot(SATABus::tagHBA_PORT volatile*)
                0x00000000c0024512                SATABus::checkType(SATABus::tagHBA_PORT volatile*)
                0x00000000c002455a                SATABus::startCmd(SATABus::tagHBA_PORT volatile*)
                0x00000000c002457a                SATABus::stopCmd(SATABus::tagHBA_PORT volatile*)
                0x00000000c00245a4                SATABus::portRebase(SATABus::tagHBA_PORT volatile*, int)
                0x00000000c00246aa                SATABus::probePort(SATABus::tagHBA_MEM volatile*)
                0x00000000c0024788                SATABus::open(int, int, void*)
 .text          0x00000000c00247a8      0x63c hw/diskphys/ata.32
                0x00000000c00247a8                ATA::close(int, int, void*)
                0x00000000c00247cc                ATA::powerSaving(PowerSavingLevel)
                0x00000000c00247ce                ATA::ATA()
                0x00000000c00247ce                ATA::ATA()
                0x00000000c00247fc                ATA::flush(bool)
                0x00000000c0024846                ATA::readyForCommand()
                0x00000000c0024896                ATA::access(unsigned long long, int, void*, bool)
                0x00000000c0024c1e                ATA::read(unsigned long long, int, void*)
                0x00000000c0024c86                ATA::write(unsigned long long, int, void*)
                0x00000000c0024cee                ATA::detectCHS()
                0x00000000c0024d18                ATA::open(int, int, void*)
 .text          0x00000000c0024de4      0x5bd hw/diskphys/atapi.32
                0x00000000c0024de4                ATAPI::write(unsigned long long, int, void*)
                0x00000000c0024dea                ATAPI::close(int, int, void*)
                0x00000000c0024e0e                ATAPI::ATAPI()
                0x00000000c0024e0e                ATAPI::ATAPI()
                0x00000000c0024e3c                ATAPI::readyForCommand()
                0x00000000c0024e8c                ATAPI::sendPacket(unsigned char*, int, bool, unsigned short*, int)
                0x00000000c002514c                ATAPI::diskRemoved()
                0x00000000c0025168                ATAPI::eject()
                0x00000000c00251b0                ATAPI::diskInserted()
                0x00000000c00251de                ATAPI::detectMedia()
                0x00000000c002529a                ATAPI::open(int, int, void*)
                0x00000000c0025322                ATAPI::read(unsigned long long, int, void*)
 *fill*         0x00000000c00253a1        0x1 
 .text          0x00000000c00253a2      0x453 hw/diskphys/sata.32
                0x00000000c00253a2                SATA::close(int, int, void*)
                0x00000000c00253c6                SATA::powerSaving(PowerSavingLevel)
                0x00000000c00253c8                SATA::open(int, int, void*)
                0x00000000c0025472                SATA::SATA()
                0x00000000c0025472                SATA::SATA()
                0x00000000c00254a0                SATA::access(unsigned long long, int, void*, bool)
                0x00000000c0025708                SATA::read(unsigned long long, int, void*)
                0x00000000c0025770                SATA::write(unsigned long long, int, void*)
 *fill*         0x00000000c00257f5        0x1 
 .text          0x00000000c00257f6      0x500 hw/diskphys/satapi.32
                0x00000000c00257f6                SATAPI::write(unsigned long long, int, void*)
                0x00000000c00257fc                SATAPI::close(int, int, void*)
                0x00000000c0025820                SATAPI::SATAPI()
                0x00000000c0025820                SATAPI::SATAPI()
                0x00000000c002584e                SATAPI::diskRemoved()
                0x00000000c002586a                SATAPI::diskInserted()
                0x00000000c0025898                SATAPI::sendPacket(unsigned char*, int, unsigned long long, unsigned short*, int)
                0x00000000c0025aa2                SATAPI::eject()
                0x00000000c0025aea                SATAPI::detectMedia()
                0x00000000c0025bac                SATAPI::open(int, int, void*)
                0x00000000c0025c54                SATAPI::read(unsigned long long, int, void*)
 .text          0x00000000c0025cf6       0x8e hw/fpu/avx.32
                0x00000000c0025cf6                AVX::open(int, int, void*)
                0x00000000c0025d08                AVX::close(int, int, void*)
                0x00000000c0025d1a                AVX::available()
                0x00000000c0025d2c                AVX::save(void*)
                0x00000000c0025d44                AVX::load(void*)
                0x00000000c0025d5c                AVX::AVX()
                0x00000000c0025d5c                AVX::AVX()
 .text          0x00000000c0025d84       0x90 hw/fpu/mmx.32
                0x00000000c0025d84                MMX::available()
                0x00000000c0025d98                MMX::open(int, int, void*)
                0x00000000c0025daa                MMX::close(int, int, void*)
                0x00000000c0025dbc                MMX::save(void*)
                0x00000000c0025dd4                MMX::load(void*)
                0x00000000c0025dec                MMX::MMX()
                0x00000000c0025dec                MMX::MMX()
 .text          0x00000000c0025e14       0x96 hw/fpu/sse.32
                0x00000000c0025e14                SSE::open(int, int, void*)
                0x00000000c0025e26                SSE::close(int, int, void*)
                0x00000000c0025e38                SSE::available()
                0x00000000c0025e52                SSE::save(void*)
                0x00000000c0025e6a                SSE::load(void*)
                0x00000000c0025e82                SSE::SSE()
                0x00000000c0025e82                SSE::SSE()
 .text          0x00000000c0025eaa       0x8e hw/fpu/x87.32
                0x00000000c0025eaa                x87::open(int, int, void*)
                0x00000000c0025ebc                x87::close(int, int, void*)
                0x00000000c0025ece                x87::available()
                0x00000000c0025ee0                x87::save(void*)
                0x00000000c0025ef8                x87::load(void*)
                0x00000000c0025f10                x87::x87()
                0x00000000c0025f10                x87::x87()
 .text          0x00000000c0025f38      0x71e hw/intctrl/apic.32
                0x00000000c0025f38                APIC::disable()
                0x00000000c0025f3a                APIC::close(int, int, void*)
                0x00000000c0025f5c                IOAPIC::close(int, int, void*)
                0x00000000c0025f62                APIC::io_wait()
                0x00000000c0025f68                APIC::getBase()
                0x00000000c0025faa                APIC::eoi(unsigned char)
                0x00000000c0025fd8                APIC::open(int, int, void*)
                0x00000000c0026126                IOAPIC::IOAPIC()
                0x00000000c0026126                IOAPIC::IOAPIC()
                0x00000000c002614e                APIC::APIC()
                0x00000000c002614e                APIC::APIC()
                0x00000000c002622a                IOAPIC::handlesGSIWithNumber(unsigned int)
                0x00000000c002625c                IOAPIC::read(int)
                0x00000000c0026284                IOAPIC::open(int, int, void*)
                0x00000000c002637a                IOAPIC::write(int, int)
                0x00000000c00263a6                IOAPIC::redirect(unsigned char, unsigned long long, unsigned char, bool, bool)
                0x00000000c00264a0                APIC::installIRQHandler(int, void (*)(regs*, void*), bool, void*)
 .text          0x00000000c0026656      0x3d3 hw/intctrl/pic.32
                0x00000000c0026656                PIC::disable()
                0x00000000c0026684                PIC::close(int, int, void*)
                0x00000000c00266a6                PIC::PIC()
                0x00000000c00266a6                PIC::PIC()
                0x00000000c002677c                PIC::ioWait()
                0x00000000c0026782                PIC::getIRQReg(int)
                0x00000000c00267ec                PIC::eoi(unsigned char)
                0x00000000c002687e                PIC::remap()
                0x00000000c00269ea                PIC::open(int, int, void*)
 *fill*         0x00000000c0026a29        0x1 
 .text          0x00000000c0026a2a      0x25e hw/timer/apictimer.32
                0x00000000c0026a2a                APICTimer::close(int, int, void*)
                0x00000000c0026a30                apicTimerHandler(regs*, void*)
                0x00000000c0026a5e                APICTimer::write(int)
                0x00000000c0026b62                APICTimer::open(int, int, void*)
                0x00000000c0026c60                APICTimer::APICTimer()
                0x00000000c0026c60                APICTimer::APICTimer()
 .text          0x00000000c0026c88      0x1a7 hw/timer/pit.32
                0x00000000c0026c88                PIT::write(int)
                0x00000000c0026d06                pitHandler(regs*, void*)
                0x00000000c0026d32                PIT::open(int, int, void*)
                0x00000000c0026d80                PIT::close(int, int, void*)
                0x00000000c0026db0                PIT::PIT()
                0x00000000c0026db0                PIT::PIT()
 *fill*         0x00000000c0026e2f        0x1 
 .text          0x00000000c0026e30       0x1e hw/fpu/x86/avx.32
                0x00000000c0026e30                avxDetect
                0x00000000c0026e36                avxSave
                0x00000000c0026e37                avxLoad
                0x00000000c0026e38                avxInit
                0x00000000c0026e39                avxClose
                0x00000000c0026e3a                wouldSheSayYes
 *fill*         0x00000000c0026e4e        0x2 
 .text          0x00000000c0026e50       0x35 hw/fpu/x86/sse.32
                0x00000000c0026e50                absolutelyNoChanceInHell
                0x00000000c0026e50                sseDetect
                0x00000000c0026e68                sseSave
                0x00000000c0026e6e                sseLoad
                0x00000000c0026e74                sseInit
                0x00000000c0026e84                sseClose
 *fill*         0x00000000c0026e85        0xb 
 .text          0x00000000c0026e90       0x4d hw/fpu/x86/x87.32
                0x00000000c0026e96                x87Detect
                0x00000000c0026eb1                x87Save
                0x00000000c0026eba                x87Load
                0x00000000c0026ec2                x87Init
                0x00000000c0026edc                x87Close
 *fill*         0x00000000c0026edd        0x3 
 .text          0x00000000c0026ee0       0x25 /cygdrive/d/Users/Alex/Desktop/Toolchain/Output/bin/../lib/gcc/i386-banana/8.1.0/crtend.o
 .text          0x00000000c0026f05        0x0 crtn.32
 *fill*         0x00000000c0026f05        0x3 
 .text          0x00000000c0026f08      0x14b /cygdrive/d/Users/Alex/Desktop/Toolchain/Output/bin/../lib/gcc/i386-banana/8.1.0/libkgcc.a(_divdi3.o)
                0x00000000c0026f08                __divdi3
 *fill*         0x00000000c0027053        0x1 
 .text          0x00000000c0027054      0x17e /cygdrive/d/Users/Alex/Desktop/Toolchain/Output/bin/../lib/gcc/i386-banana/8.1.0/libkgcc.a(_moddi3.o)
                0x00000000c0027054                __moddi3
 *fill*         0x00000000c00271d2        0x2 
 .text          0x00000000c00271d4       0xff /cygdrive/d/Users/Alex/Desktop/Toolchain/Output/bin/../lib/gcc/i386-banana/8.1.0/libkgcc.a(_udivdi3.o)