Archive member included to satisfy reference by file (symbol)

/cygdrive/d/Users/Alex/Desktop/Toolchain/Output/bin/../lib/gcc/i386-banana/8.1.0/libkgcc.a(_divdi3.o)
                              fs/fat/ff.32 (__divdi3)
/cygdrive/d/Users/Alex/Desktop/Toolchain/Output/bin/../lib/gcc/i386-banana/8.1.0/libkgcc.a(_moddi3.o)
                              compat/resolve.32 (__moddi3)
/cygdrive/d/Users/Alex/Desktop/Toolchain/Output/bin/../lib/gcc/i386-banana/8.1.0/libkgcc.a(_udivdi3.o)
                              fs/fat/ff.32 (__udivdi3)
/cygdrive/d/Users/Alex/Desktop/Toolchain/Output/bin/../lib/gcc/i386-banana/8.1.0/libkgcc.a(_umoddi3.o)
                              compat/resolve.32 (__umoddi3)
D:/Users/Alex/Desktop/Banana/kernel/libsoftfp.a(sfieeelib.o)
                              hal/libresample/src_linear.32 (__subsf3)
D:/Users/Alex/Desktop/Banana/kernel/libsoftfp.a(dfieeelib.o)
                              hal/libresample/src_linear.32 (__adddf3)
D:/Users/Alex/Desktop/Banana/kernel/libsoftfp.a(sfdfcvt.o)
                              hal/libresample/samplerate.32 (__truncdfsf2)
D:/Users/Alex/Desktop/Banana/kernel/libk/libm32.a(s_fabs.c.o)
                              hal/libresample/samplerate.32 (fabs)
D:/Users/Alex/Desktop/Banana/kernel/libk/libm32.a(s_lrint.S.o)
                              hal/libresample/samplerate.32 (lrint)
D:/Users/Alex/Desktop/Banana/kernel/libk/libm32.a(s_lrintf.S.o)
                              hal/sound/sndhw.32 (lrintf)

Discarded input sections

 .comment       0x0000000000000000       0x12 /cygdrive/d/Users/Alex/Desktop/Toolchain/Output/bin/../lib/gcc/i386-banana/8.1.0/crtbegin.o
 .comment       0x0000000000000000       0x12 acpica/utclib.32
 .comment       0x0000000000000000       0x12 core/malloc.32
 .comment       0x0000000000000000       0x12 libk/string.32
 .comment       0x0000000000000000       0x12 fs/fat/diskio.32
 .comment       0x0000000000000000       0x12 fs/fat/ff.32
 .comment       0x0000000000000000       0x12 fs/fat/ffsystem.32
 .comment       0x0000000000000000       0x12 fs/fat/ffunicode.32
 .comment       0x0000000000000000       0x12 hal/libresample/samplerate.32
 .comment       0x0000000000000000       0x12 hal/libresample/src_linear.32
 .comment       0x0000000000000000       0x12 hal/libresample/src_sinc.32
 .comment       0x0000000000000000       0x12 hal/libresample/src_zoh.32
 .comment       0x0000000000000000       0x12 compat/inlines.32
 .comment       0x0000000000000000       0x12 compat/resolve.32
 .group         0x0000000000000000       0x14 core/computer.32
 .group         0x0000000000000000        0xc core/computer.32
 .comment       0x0000000000000000       0x12 core/computer.32
 .comment       0x0000000000000000       0x12 core/gdt.32
 .group         0x0000000000000000        0xc core/idle.32
 .comment       0x0000000000000000       0x12 core/idle.32
 .comment       0x0000000000000000       0x12 core/idt.32
 .comment       0x0000000000000000       0x12 core/kheap.32
 .comment       0x0000000000000000       0x12 core/main.32
 .comment       0x0000000000000000       0x12 core/physmgr.32
 .group         0x0000000000000000        0xc core/pipe.32
 .comment       0x0000000000000000       0x12 core/pipe.32
 .group         0x0000000000000000        0xc core/terminal.32
 .comment       0x0000000000000000       0x12 core/terminal.32
 .comment       0x0000000000000000       0x12 core/tss.32
 .group         0x0000000000000000        0x8 core/unixfile.32
 .group         0x0000000000000000        0x8 core/unixfile.32
 .group         0x0000000000000000        0xc core/unixfile.32
 .group         0x0000000000000000        0x8 core/unixfile.32
 .group         0x0000000000000000        0xc core/unixfile.32
 .group         0x0000000000000000        0x8 core/unixfile.32
 .group         0x0000000000000000        0xc core/unixfile.32
 .group         0x0000000000000000        0xc core/unixfile.32
 .comment       0x0000000000000000       0x12 core/unixfile.32
 .comment       0x0000000000000000       0x12 core/virtmgr.32
 .comment       0x0000000000000000       0x12 coreobjs/c++.32
 .comment       0x0000000000000000       0x12 dbg/kconsole.32
 .group         0x0000000000000000        0xc fs/vfs.32
 .group         0x0000000000000000        0xc fs/vfs.32
 .group         0x0000000000000000        0xc fs/vfs.32
 .comment       0x0000000000000000       0x12 fs/vfs.32
 .group         0x0000000000000000        0xc hal/bus.32
 .comment       0x0000000000000000       0x12 hal/bus.32
 .group         0x0000000000000000        0xc hal/buzzer.32
 .comment       0x0000000000000000       0x12 hal/buzzer.32
 .group         0x0000000000000000        0xc hal/clock.32
 .comment       0x0000000000000000       0x12 hal/clock.32
 .group         0x0000000000000000       0x14 hal/device.32
 .group         0x0000000000000000        0xc hal/device.32
 .group         0x0000000000000000        0x8 hal/device.32
 .group         0x0000000000000000        0xc hal/device.32
[...]
Memory Configuration

Name             Origin             Length             Attributes
*default*        0x0000000000000000 0xffffffffffffffff

Linker script and memory map

LOAD D:/Users/Alex/Desktop/Banana/kernel/boot.32
LOAD crti.32
LOAD /cygdrive/d/Users/Alex/Desktop/Toolchain/Output/bin/../lib/gcc/i386-banana/8.1.0/crtbegin.o
LOAD D:/Users/Alex/Desktop/Banana/kernel/morenasm.32
LOAD acpica/utclib.32
LOAD core/malloc.32
LOAD libk/string.32
LOAD fs/fat/diskio.32
LOAD fs/fat/ff.32
LOAD fs/fat/ffsystem.32
LOAD fs/fat/ffunicode.32
LOAD hal/libresample/samplerate.32
LOAD hal/libresample/src_linear.32
LOAD hal/libresample/src_sinc.32
LOAD hal/libresample/src_zoh.32
LOAD compat/inlines.32
LOAD compat/resolve.32
LOAD core/computer.32
LOAD core/gdt.32
LOAD core/idle.32
LOAD core/idt.32
LOAD core/kheap.32
LOAD core/main.32
LOAD core/physmgr.32
LOAD core/pipe.32
LOAD core/terminal.32
LOAD core/tss.32
LOAD core/unixfile.32
LOAD core/virtmgr.32
LOAD coreobjs/c++.32
LOAD dbg/kconsole.32
LOAD fs/vfs.32
LOAD hal/bus.32
LOAD hal/buzzer.32
LOAD hal/clock.32
LOAD hal/device.32
LOAD hal/diskctrl.32
LOAD hal/diskphys.32
LOAD hal/fpu.32
LOAD hal/intctrl.32
LOAD hal/keybrd.32
LOAD hal/logidisk.32
LOAD hal/mouse.32
LOAD hal/partition.32
LOAD hal/serial.32
LOAD hal/timer.32
LOAD hal/vcache.32
LOAD hal/video.32
LOAD hw/acpi.32
LOAD hw/cpu.32
LOAD hw/ports.32
LOAD hw/smp.32
LOAD krnl/env.32
LOAD krnl/panic.32
LOAD net/ethernet.32
LOAD reg/registry.32
LOAD sys/sc_eject.32
LOAD sys/sc_exit.32
LOAD sys/sc_getcwd.32
LOAD sys/sc_getpid.32
LOAD sys/sc_getramdata.32
LOAD sys/sc_getvgaptr.32
LOAD sys/sc_loaddll.32
LOAD sys/sc_read.32
LOAD sys/sc_sbrk.32
LOAD sys/sc_setcwd.32
LOAD sys/sc_settime.32
LOAD sys/sc_timezone.32
LOAD sys/sc_write.32
LOAD sys/sc_wsbe.32
LOAD sys/sc_yield.32
LOAD sys/syscalls.32
LOAD thr/elf.32
LOAD thr/prcssthr.32
LOAD vm86/vm8086.32
LOAD vm86/x87em.32
LOAD fs/fat/vfslink.32
LOAD fs/iso9660/vfslink.32
LOAD hal/sound/sndchannel.32
LOAD hal/sound/sndhw.32
LOAD hw/bus/isa.32
LOAD hw/bus/pci.32
LOAD hw/diskctrl/ide.32
LOAD hw/diskctrl/satabus.32
LOAD hw/diskphys/ata.32
LOAD hw/diskphys/atapi.32
LOAD hw/diskphys/sata.32
LOAD hw/diskphys/satapi.32
LOAD hw/fpu/avx.32
LOAD hw/fpu/mmx.32
LOAD hw/fpu/sse.32
LOAD hw/fpu/x87.32
LOAD hw/intctrl/apic.32
LOAD hw/intctrl/pic.32
LOAD hw/timer/apictimer.32
LOAD hw/timer/pit.32
LOAD hw/fpu/x86/avx.32
LOAD hw/fpu/x86/sse.32
LOAD hw/fpu/x86/x87.32
LOAD /cygdrive/d/Users/Alex/Desktop/Toolchain/Output/bin/../lib/gcc/i386-banana/8.1.0/crtend.o
LOAD crtn.32
LOAD /cygdrive/d/Users/Alex/Desktop/Toolchain/Output/bin/../lib/gcc/i386-banana/8.1.0/libkgcc.a
LOAD D:/Users/Alex/Desktop/Banana/kernel/libsoftfp.a
LOAD D:/Users/Alex/Desktop/Banana/kernel/libk/libm32.a
                0x00000000c0000000                . = 0xc0000000

.text           0x00000000c0000000    0x282a8
 *(.text)
 .text          0x00000000c0000000       0x41 D:/Users/Alex/Desktop/Banana/kernel/boot.32
                0x00000000c0000020                callGlobalConstructors
 .text          0x00000000c0000041        0x0 crti.32
 *fill*         0x00000000c0000041        0x3 
 .text          0x00000000c0000044      0x101 /cygdrive/d/Users/Alex/Desktop/Toolchain/Output/bin/../lib/gcc/i386-banana/8.1.0/crtbegin.o
 *fill*         0x00000000c0000145        0xb 
 .text          0x00000000c0000150      0x4fb D:/Users/Alex/Desktop/Banana/kernel/morenasm.32
                0x00000000c0000150                manualPCIProbe
                0x00000000c000019b                prepareTramp
                0x00000000c00001b4                voodooXADD
                0x00000000c000027f                doTPAUSE
                0x00000000c0000289                hasLegacyFPU
                0x00000000c00002ae                is486
                0x00000000c00002e4                detectCPUID
                0x00000000c00002fa                goToVM86
                0x00000000c000032a                goToUsermode
                0x00000000c0000354                switchToThreadASMFirstTime
                0x00000000c0000362                switchToThreadASM
                0x00000000c00003f2                asmQuickAcquireLock
                0x00000000c0000410                asmQuickReleaseLock
                0x00000000c000041c                asmAcquireLock
                0x00000000c000043d                asmReleaseLock
                0x00000000c0000450                loadGDT
                0x00000000c0000470                isr0
                0x00000000c0000480                isr1
                0x00000000c000048a                isr2
                0x00000000c0000494                isr3
                0x00000000c000049e                isr4
                0x00000000c00004a8                isr5
                0x00000000c00004b2                isr6
                0x00000000c00004bc                isr7
                0x00000000c00004c6                isr8
                0x00000000c00004ce                isr9
                0x00000000c00004d8                isr10
                0x00000000c00004e0                isr11
                0x00000000c00004e8                isr12
                0x00000000c00004f0                isr13
                0x00000000c00004f8                isr14
                0x00000000c0000500                isr15
                0x00000000c000050a                isr16
                0x00000000c0000514                isr17
                0x00000000c000051e                isr18
                0x00000000c0000528                irq3
                0x00000000c0000532                irq4
                0x00000000c000053c                irq5
                0x00000000c0000546                irq6
                0x00000000c0000550                irq7
                0x00000000c000055a                irq8
                0x00000000c0000564                irq9
                0x00000000c000056e                irq10
                0x00000000c0000578                irq11
                0x00000000c0000582                irq12
                0x00000000c000058c                irq13
                0x00000000c0000596                irq14
                0x00000000c00005a0                irq15
                0x00000000c00005aa                irq1
                0x00000000c00005b1                irq2
                0x00000000c00005b8                isr96
                0x00000000c00005bf                irq0
                0x00000000c00005c4                syscall_common_stub
                0x00000000c00005c4                int_common_stub
                0x00000000c00005f6                irq16
                0x00000000c0000600                irq17
                0x00000000c000060a                irq18
                0x00000000c0000614                irq19
                0x00000000c000061e                irq20
                0x00000000c0000628                irq21
                0x00000000c0000632                irq22
                0x00000000c000063c                irq23
                0x00000000c0000646                memcpy
 *fill*         0x00000000c000064b        0x1 
 .text          0x00000000c000064c      0x5dd acpica/utclib.32
                0x00000000c000064c                memcmp
                0x00000000c0000688                memmove
                0x00000000c0000750                memset
                0x00000000c000076c                strlen
                0x00000000c0000784                strpbrk
                0x00000000c00007c0                strtok
                0x00000000c000080c                strcpy
                0x00000000c0000830                strncpy
                0x00000000c0000898                strcmp
                0x00000000c00008d8                strchr
                0x00000000c00008fc                strncmp
                0x00000000c000094c                strcat
                0x00000000c000097c                strncat
                0x00000000c00009b8                strstr
                0x00000000c0000a00                toupper
                0x00000000c0000a14                tolower
                0x00000000c0000a28                simple_strtoul
 .text          0x00000000c0000c29      0xfad core/malloc.32
                0x00000000c0000d94                dlfree
                0x00000000c00010ef                dlmalloc
                0x00000000c000162c                dlrealloc
                0x00000000c00017cf                dlmemalign
                0x00000000c00018f2                dlcalloc
                0x00000000c000198c                dlcfree
                0x00000000c0001991                dlindependent_calloc
                0x00000000c00019b6                dlindependent_comalloc
                0x00000000c00019cd                dlvalloc
                0x00000000c00019f8                dlpvalloc
                0x00000000c0001a2e                dlmalloc_trim
                0x00000000c0001a3b                dlmalloc_usable_size
                0x00000000c0001a6c                dlmallinfo
                0x00000000c0001b3b                dlmalloc_stats
                0x00000000c0001b4c                dlmallopt
 .text          0x00000000c0001bd6        0x0 libk/string.32
 .text          0x00000000c0001bd6       0x51 fs/fat/diskio.32
                0x00000000c0001bd6                disk_status
                0x00000000c0001bd9                disk_initialize
                0x00000000c0001bdc                disk_read
                0x00000000c0001bf2                disk_write
                0x00000000c0001c08                disk_ioctl
 .text          0x00000000c0001c27     0x6833 fs/fat/ff.32
                0x00000000c0004ef5                f_mount
                0x00000000c0004f57                f_open
                0x00000000c0005393                f_read
                0x00000000c0005613                f_write
                0x00000000c00058cd                f_sync
                0x00000000c0005aa9                f_close
                0x00000000c0005ad8                f_lseek
                0x00000000c0005f8f                f_opendir
                0x00000000c0006091                f_closedir
                0x00000000c00060b3                f_readdir
                0x00000000c000614e                f_stat
                0x00000000c00061dd                f_getfree
                0x00000000c00063a8                f_truncate
                0x00000000c00064a0                f_unlink
                0x00000000c0006623                f_mkdir
                0x00000000c000684f                f_rename
                0x00000000c0006b42                f_chmod
                0x00000000c0006c20                f_utime
                0x00000000c0006cfe                f_getlabel
                0x00000000c0006eec                f_setlabel
                0x00000000c0007159                f_forward
                0x00000000c0007337                f_mkfs
 .text          0x00000000c000845a       0x2d fs/fat/ffsystem.32
                0x00000000c000845a                ff_memalloc
                0x00000000c0008470                ff_memfree
 .text          0x00000000c0008487      0x253 fs/fat/ffunicode.32
                0x00000000c0008487                ff_uni2oem
                0x00000000c0008517                ff_oem2uni
                0x00000000c0008583                ff_wtoupper
 .text          0x00000000c00086da      0x8fb hal/libresample/samplerate.32
                0x00000000c000871e                src_delete
                0x00000000c000875a                src_process
                0x00000000c0008910                src_callback_read
                0x00000000c0008a8d                src_set_ratio
                0x00000000c0008af7                src_get_channels
                0x00000000c0008b19                src_reset
                0x00000000c0008b65                src_new
                0x00000000c0008bf3                src_callback_new
                0x00000000c0008c55                src_get_name
                0x00000000c0008c8c                src_get_description
                0x00000000c0008cc3                src_get_version
                0x00000000c0008cc9                src_is_valid_ratio
                0x00000000c0008d1d                src_error
                0x00000000c0008d2b                src_strerror
                0x00000000c0008d3e                src_simple
                0x00000000c0008d91                src_short_to_float_array
                0x00000000c0008df6                src_float_to_short_array
                0x00000000c0008eb5                src_int_to_float_array
                0x00000000c0008f18                src_float_to_int_array
 .text          0x00000000c0008fd5      0x8cb hal/libresample/src_linear.32
                0x00000000c00097fb                linear_get_name
                0x00000000c000980a                linear_get_description
                0x00000000c0009819                linear_set_converter
 .text          0x00000000c00098a0     0x447c hal/libresample/src_sinc.32
                0x00000000c000dc33                sinc_get_name
                0x00000000c000dc46                sinc_get_description
                0x00000000c000dc59                sinc_set_converter
 .text          0x00000000c000dd1c      0x77c hal/libresample/src_zoh.32
                0x00000000c000e3f3                zoh_get_name
                0x00000000c000e402                zoh_get_description
                0x00000000c000e411                zoh_set_converter
 .text          0x00000000c000e498       0xa7 compat/inlines.32
                0x00000000c000e498                CPU::current()
                0x00000000c000e4a4                operator new(unsigned long)
                0x00000000c000e4a9                operator delete(void*)
                0x00000000c000e4ae                disableIRQs()
                0x00000000c000e4b6                enableIRQs()
                0x00000000c000e4c5                lockScheduler()
                0x00000000c000e4cd                unlockScheduler()
                0x00000000c000e4dc                lockStuff()
                0x00000000c000e4ea                unlockStuff()
                0x00000000c000e524                Virt::getAKernelVAS()
                0x00000000c000e52a                __not_memcpy
 .text          0x00000000c000e53f      0x111 compat/resolve.32
                0x00000000c000e53f                Krnl::resolveCompatibilitySymbol(char*)
 .text          0x00000000c000e650      0x741 core/computer.32
                0x00000000c000e650                Computer::close(int, int, void*)
                0x00000000c000e694                Krnl::firstTask()
                0x00000000c000e7d6                Computer::Computer()
                0x00000000c000e7d6                Computer::Computer()
                0x00000000c000e932                Computer::setBootMessage(char const*)
                0x00000000c000e934                Computer::detectFeatures()
                0x00000000c000eb3e                Computer::displayFeatures()
                0x00000000c000eb40                Computer::rdmsr(unsigned int)
                0x00000000c000eb6c                Computer::wrmsr(unsigned int, unsigned long long)
                0x00000000c000eba4                Computer::nmiEnabled()
                0x00000000c000ebb0                Computer::readCMOS(unsigned char)
                0x00000000c000ebca                Computer::enableNMI(bool)
                0x00000000c000ebe2                Computer::open(int, int, void*)
                0x00000000c000ecd4                Computer::disableNMI()
                0x00000000c000ece2                Computer::writeCMOS(unsigned char, unsigned char)
                0x00000000c000ed00                Computer::handleNMI()
                0x00000000c000ed66                Computer::setDiskActivityLight(int, bool)
 *fill*         0x00000000c000ed91        0x1 
 .text          0x00000000c000ed92      0x19d core/gdt.32
                0x00000000c000ed92                GDTEntry::setBase(unsigned int)
                0x00000000c000edae                GDTEntry::setLimit(unsigned int)
                0x00000000c000edcc                GDT::GDT()
                0x00000000c000edcc                GDT::GDT()
                0x00000000c000ede2                GDT::addEntry(GDTEntry)
                0x00000000c000ee04                GDT::getNumberOfEntries()
                0x00000000c000ee0c                GDT::flush()
                0x00000000c000ee2e                GDT::setup()
 .text          0x00000000c000ef2f       0x6b core/idle.32
                0x00000000c000ef2f                idleFunction(void*)
 .text          0x00000000c000ef9a      0x45e core/idt.32
                0x00000000c000ef9a                IDTEntry::IDTEntry(bool)
                0x00000000c000ef9a                IDTEntry::IDTEntry(bool)
                0x00000000c000f008                IDTEntry::setOffset(unsigned int)
                0x00000000c000f01c                IDT::IDT()
                0x00000000c000f01c                IDT::IDT()
                0x00000000c000f01e                IDT::getPointerToInvalidOpcodeEntryForF00F()
                0x00000000c000f026                IDT::addEntry(IDTEntry, int)
                0x00000000c000f040                IDT::addEntry(int, void (*)(), bool)
                0x00000000c000f078                IDT::flush()
                0x00000000c000f092                IDT::setup()
 .text          0x00000000c000f3f8      0x1fe core/kheap.32
                0x00000000c000f3f8                sbrk
                0x00000000c000f505                mmap
                0x00000000c000f51b                munmap
                0x00000000c000f531                liballoc_lock()
                0x00000000c000f53e                liballoc_unlock()
                0x00000000c000f552                liballoc_alloc(int)
                0x00000000c000f56d                liballoc_free(void*, int)
                0x00000000c000f588                realloc
                0x00000000c000f59c                malloc
                0x00000000c000f5ac                free
                0x00000000c000f5bc                rfree
                0x00000000c000f5cc                calloc
 .text          0x00000000c000f5f6      0x1b6 core/main.32
                0x00000000c000f5f6                Krnl::setBootMessage(char const*)
                0x00000000c000f662                kernel_main
 .text          0x00000000c000f7ac      0x563 core/physmgr.32
                0x00000000c000f7ac                Phys::allocateDMA(unsigned long)
                0x00000000c000f84f                Phys::freeDMA(unsigned long, unsigned long)
                0x00000000c000f897                Phys::setPageState(unsigned long, bool)
                0x00000000c000f8c9                Phys::getPageState(unsigned long)
                0x00000000c000f8e5                Phys::freePage(unsigned long)
                0x00000000c000f940                Phys::allocatePage()
                0x00000000c000fa17                Phys::allocateContiguousPages(int)
                0x00000000c000fa73                Phys::allowSegmentToBeUsed(unsigned long, unsigned long)
                0x00000000c000faab                Phys::physicalMemorySetup(unsigned int)
 *fill*         0x00000000c000fd0f        0x1 
 .text          0x00000000c000fd10      0x273 core/pipe.32
                0x00000000c000fd10                Pipe::isAtty()
                0x00000000c000fd14                Pipe::~Pipe()
                0x00000000c000fd14                Pipe::~Pipe()
                0x00000000c000fd38                Pipe::~Pipe()
                0x00000000c000fd60                Pipe::read(unsigned long long, void*, int*)
                0x00000000c000fe5c                Pipe::write(unsigned long long, void*, int*)
                0x00000000c000ff1c                Pipe::Pipe(int)
                0x00000000c000ff1c                Pipe::Pipe(int)
 *fill*         0x00000000c000ff83        0x1 
 .text          0x00000000c000ff84      0xb91 core/terminal.32
                0x00000000c000ff84                VgaText::isAtty()
                0x00000000c000ff88                VgaText::~VgaText()
                0x00000000c000ff88                VgaText::~VgaText()
                0x00000000c000ffac                VgaText::~VgaText()
                0x00000000c000ffd6                VgaText::read(unsigned long long, void*, int*)
                0x00000000c000fff6                setTerminalScrollLock(bool)
                0x00000000c000fff7                addToTerminalCycle(VgaText*)
                0x00000000c0010018                installVgaTextImplementation()
                0x00000000c001002d                scrollTerminalScrollLock(int)
                0x00000000c001002e                VgaText::updateTitle()
                0x00000000c001006c                VgaText::load()
                0x00000000c00100ba                VgaText::updateCursor()
                0x00000000c00100d0                VgaText::doANSI_SGR(int)
                0x00000000c0010144                VgaText::setDefaultBgColour(VgaColour)
                0x00000000c0010154                VgaText::setDefaultFgColour(VgaColour)
                0x00000000c0010164                VgaText::setDefaultColours(VgaColour, VgaColour)
                0x00000000c0010184                VgaText::setTitleTextColour(VgaColour)
                0x00000000c0010194                VgaText::setTitleColour(VgaColour)
                0x00000000c00101a4                VgaText::setTitle(char*)
                0x00000000c00101ca                VgaText::combineColours(unsigned char, unsigned char)
                0x00000000c00101dc                VgaText::scrollScreen()
                0x00000000c0010270                VgaText::combineCharAndColour(char, unsigned char)
                0x00000000c0010282                VgaText::writeCharacter(char, VgaColour, VgaColour, int, int)
                0x00000000c00102de                VgaText::getCursorX()
                0x00000000c00102e6                VgaText::getCursorY()
                0x00000000c00102ee                VgaText::setCursor(int, int)
                0x00000000c0010305                setActiveTerminal(VgaText*)
                0x00000000c0010367                doTerminalCycle()
                0x00000000c0010382                VgaText::setCursorX(int)
                0x00000000c001039a                VgaText::setCursorY(int)
                0x00000000c00103b2                VgaText::incrementCursor(bool)
                0x00000000c0010406                VgaText::decrementCursor(bool)
                0x00000000c0010428                VgaText::putchar(char, VgaColour, VgaColour)
                0x00000000c0010500                VgaText::doUpdate()
                0x00000000c001050e                VgaText::puts(char const*, VgaColour, VgaColour)
                0x00000000c0010686                VgaText::clearScreen()
                0x00000000c00106e0                VgaText::putchar(char)
                0x00000000c00107cc                VgaText::putx(unsigned int)
                0x00000000c0010812                VgaText::puts(char const*)
                0x00000000c0010838                VgaText::VgaText(char const*)
                0x00000000c0010838                VgaText::VgaText(char const*)
                0x00000000c00109b4                VgaText::receiveKey(unsigned char)
                0x00000000c0010a9c                VgaText::write(unsigned long long, void*, int*)
                0x00000000c0010af0                newTerminal(char*)
 *fill*         0x00000000c0010b15        0x1 
 .text          0x00000000c0010b16      0x19d core/tss.32
                0x00000000c0010b16                TSS::TSS()
                0x00000000c0010b16                TSS::TSS()
                0x00000000c0010b24                TSS::setESP(unsigned long)
                0x00000000c0010b36                TSS::flush()
                0x00000000c0010b56                TSS::setup(unsigned long, unsigned long)
 *fill*         0x00000000c0010cb3        0x1 
 .text          0x00000000c0010cb4      0x4c2 core/unixfile.32
                0x00000000c0010cb4                ReservedFilename::read(unsigned long long, void*, int*)
                0x00000000c0010d0a                ReservedFilename::isAtty()
                0x00000000c0010d26                ReservedFilename::write(unsigned long long, void*, int*)
                0x00000000c0010d84                UnixFile::getFileDescriptor()
                0x00000000c0010d8c                UnixFile::UnixFile(int)
                0x00000000c0010d8c                UnixFile::UnixFile(int)
                0x00000000c0010f3c                ReservedFilename::ReservedFilename(int)
                0x00000000c0010f3c                ReservedFilename::ReservedFilename(int)
                0x00000000c0010f6e                UnixFile::~UnixFile()
                0x00000000c0010f6e                UnixFile::~UnixFile()
                0x00000000c0011006                UnixFile::~UnixFile()
                0x00000000c001102e                ReservedFilename::~ReservedFilename()
                0x00000000c001102e                ReservedFilename::~ReservedFilename()
                0x00000000c0011052                ReservedFilename::~ReservedFilename()
                0x00000000c0011079                getFromFileDescriptor(int)
 .text          0x00000000c0011176     0x12e9 core/virtmgr.32
                0x00000000c0011176                Virt::setPageState(unsigned long, Virt::VirtPageState)
                0x00000000c00111ab                Virt::getPageState(unsigned long)
                0x00000000c00111cf                Virt::allocateKernelVirtualPages(int)
                0x00000000c00112e0                Virt::freeSwapfilePage(unsigned long)
                0x00000000c00112fe                Virt::swapIDToSector(unsigned long)
                0x00000000c0011310                Virt::allocateSwapfilePage()
                0x00000000c001138e                Virt::virtualMemorySetup()
                0x00000000c00113d9                Virt::setupPageSwapping(int)
                0x00000000c0011560                VAS::VAS()
                0x00000000c0011560                VAS::VAS()
                0x00000000c001159c                VAS::VAS(VAS*)
                0x00000000c001159c                VAS::VAS(VAS*)
                0x00000000c00115ca                VAS::getForeignPageTableEntry(bool, unsigned long)
                0x00000000c00115f6                VAS::getPageTableEntry(unsigned long)
                0x00000000c0011615                Virt::freeKernelVirtualPages(unsigned long)
                0x00000000c0011738                VAS::freeAllocatedPages(unsigned long)
                0x00000000c001175c                VAS::virtualToPhysical(unsigned long)
                0x00000000c0011774                VAS::reflagRange(unsigned long, int, int, int)
                0x00000000c00117b4                VAS::setToWriteCombining(unsigned long, int)
                0x00000000c00117e6                VAS::mapOtherVASIn(bool, VAS*)
                0x00000000c0011810                VAS::~VAS()
                0x00000000c0011810                VAS::~VAS()
                0x00000000c001198c                VAS::mapPage(unsigned long, unsigned long, int)
                0x00000000c0011a8e                VAS::allocatePages(int, int)
                0x00000000c0011c66                VAS::setCPUSpecific(unsigned long)
                0x00000000c0011c82                VAS::mapRange(unsigned long, unsigned long, int, int)
                0x00000000c0011d48                VAS::mapForeignPage(bool, VAS*, unsigned long, unsigned long, int)
                0x00000000c0011e36                VAS::VAS(bool)
                0x00000000c0011e36                VAS::VAS(bool)
                0x00000000c00120b6                VAS::evict(unsigned long)
                0x00000000c0012186                VAS::tryLoadBackOffDisk(unsigned long)
                0x00000000c00122fa                VAS::scanForEviction()
                0x00000000c00123a3                mapVASFirstTime
 .text          0x00000000c001245f       0x95 coreobjs/c++.32
                0x00000000c001245f                __cxa_atexit
                0x00000000c0012462                __cxa_finalize
                0x00000000c0012463                __stack_chk_fail
                0x00000000c00124cf                __cxa_pure_virtual
                0x00000000c00124e0                operator new[](unsigned long)
                0x00000000c00124e5                operator delete(void*, unsigned long)
                0x00000000c00124ea                operator delete[](void*)
                0x00000000c00124ef                operator delete[](void*, unsigned long)
 .text          0x00000000c00124f4      0x1e7 dbg/kconsole.32
                0x00000000c00124f4                Dbg::stringifyxWithBase(unsigned int, char*, int)
                0x00000000c001254d                Dbg::logc(char)
                0x00000000c0012564                Dbg::logs(char*)
                0x00000000c0012581                Dbg::logWriteInt(unsigned int)
                0x00000000c001259e                Dbg::logWriteIntBase(unsigned int, int)
                0x00000000c00125bd                Dbg::kprintf(char const*, ...)
 *fill*         0x00000000c00126db        0x1 
 .text          0x00000000c00126dc      0xb82 fs/vfs.32
                0x00000000c00126dc                File::read(unsigned long long, void*, int*)
                0x00000000c0012734                File::write(unsigned long long, void*, int*)
                0x00000000c001278c                Directory::read(unsigned long long, void*, int*)
                0x00000000c00127e4                Directory::write(unsigned long long, void*, int*)
                0x00000000c0012812                File::isAtty()
                0x00000000c0012816                Directory::isAtty()
                0x00000000c001281a                Filesystem::getlabel(LogicalDisk*, int, char*, unsigned int*)
                0x00000000c0012820                Filesystem::setlabel(LogicalDisk*, int, char*)
                0x00000000c0012826                Filesystem::getFileFirstSector(char const*)
                0x00000000c001282c                File::~File()
                0x00000000c001282c                File::~File()
                0x00000000c0012850                File::~File()
                0x00000000c001287a                Directory::~Directory()
                0x00000000c001287a                Directory::~Directory()
                0x00000000c001289e                Directory::~Directory()
                0x00000000c00128c8                Filesystem::Filesystem()
                0x00000000c00128c8                Filesystem::Filesystem()
                0x00000000c00128ec                Filesystem::~Filesystem()
                0x00000000c00128ec                Filesystem::~Filesystem()
                0x00000000c00128fa                Filesystem::~Filesystem()
                0x00000000c001291e                Fs::getcwd(Process*, char*, int)
                0x00000000c0012948                Fs::initVFS()
                0x00000000c0012972                Fs::standardiseFiles(char*, char const*, char const*)
                0x00000000c0012b1c                File::File(char const*, Process*)
                0x00000000c0012b1c                File::File(char const*, Process*)
                0x00000000c0012b80                File::open(FileOpenMode)
                0x00000000c0012bde                File::close()
                0x00000000c0012c3e                File::seek(unsigned long long)
                0x00000000c0012c94                File::tell(unsigned long long*)
                0x00000000c0012ce4                File::rewind()
                0x00000000c0012cf8                File::unlink()
                0x00000000c0012d44                File::rename(char const*)
                0x00000000c0012d92                File::chfatattr(unsigned char, unsigned char)
                0x00000000c0012dee                File::exists()
                0x00000000c0012e2c                File::stat(unsigned long long*, bool*)
                0x00000000c0012e8d                Fs::setcwd(Process*, char*)
                0x00000000c0012fc8                Directory::Directory(char const*, Process*)
                0x00000000c0012fc8                Directory::Directory(char const*, Process*)
                0x00000000c001302c                Directory::open()
                0x00000000c0013088                Directory::close()
                0x00000000c00130e8                Directory::unlink()
                0x00000000c0013134                Directory::rename(char const*)
                0x00000000c0013182                Directory::exists()
                0x00000000c00131c0                Directory::read(dirent*)
                0x00000000c001320c                Directory::create()
                0x00000000c0013258                Filesystem::chfatattr(char const*, unsigned char, unsigned char)
 .text          0x00000000c001325e       0x84 hal/bus.32
                0x00000000c001325e                Bus::Bus(char const*)
                0x00000000c001325e                Bus::Bus(char const*)
                0x00000000c0013294                Bus::~Bus()
                0x00000000c0013294                Bus::~Bus()
                0x00000000c00132b8                Bus::~Bus()
 .text          0x00000000c00132e2      0x156 hal/buzzer.32
                0x00000000c00132e2                Buzzer::Buzzer(char const*)
                0x00000000c00132e2                Buzzer::Buzzer(char const*)
                0x00000000c0013326                Buzzer::~Buzzer()
                0x00000000c0013326                Buzzer::~Buzzer()
                0x00000000c001334a                Buzzer::~Buzzer()
                0x00000000c0013374                Buzzer::stop()
                0x00000000c0013387                beepThread(void*)
                0x00000000c00133ca                Buzzer::beep(int, int, bool)
 .text          0x00000000c0013438      0x467 hal/clock.32
                0x00000000c0013438                User::loadClockSettings(int)
                0x00000000c001348a                Clock::Clock(char const*)
                0x00000000c001348a                Clock::Clock(char const*)
                0x00000000c00134c0                Clock::~Clock()
                0x00000000c00134c0                Clock::~Clock()
                0x00000000c00134e4                Clock::~Clock()
                0x00000000c001350e                Clock::timeInSecondsLocal()
                0x00000000c0013556                Clock::setTimeInSecondsLocal(unsigned long long)
                0x00000000c00135af                datetimeToSeconds(datetime_t)
                0x00000000c00136d6                Clock::setTimeInDatetimeLocal(datetime_t)
                0x00000000c0013736                secondsToDatetime(unsigned long long)
                0x00000000c001387a                Clock::timeInDatetimeLocal()
 *fill*         0x00000000c001389f        0x1 
 .text          0x00000000c00138a0      0x504 hal/device.32
                0x00000000c00138a0                Device::hibernate()
                0x00000000c00138a2                Device::wake()
                0x00000000c00138a4                Device::detect()
                0x00000000c00138a6                Device::disableLegacy()
                0x00000000c00138a8                Device::powerSaving(PowerSavingLevel)
                0x00000000c00138aa                DriverlessDevice::close(int, int, void*)
                0x00000000c00138ae                DriverlessDevice::detect()
                0x00000000c00138b0                DriverlessDevice::open(int, int, void*)
                0x00000000c00138c4                Device::~Device()
                0x00000000c00138c4                Device::~Device()
                0x00000000c00138d2                Device::~Device()
                0x00000000c00138fa                Device::findAndLoadDriver()
                0x00000000c0013908                Device::preOpenPCI(PCIDeviceInfo)
                0x00000000c001392e                Device::preOpenACPI(void*, char*, char*)
                0x00000000c001396e                Device::addIRQHandler(int, void (*)(regs*, void*), bool, void*)
                0x00000000c00139ac                Device::getParent()
                0x00000000c00139b8                Device::removeIRQHandler(int, void (*)(regs*, void*), bool)
                0x00000000c00139f6                Device::addChild(Device*)
                0x00000000c0013a3a                Device::removeAllChildren()
                0x00000000c0013a80                Device::hibernateAll()
                0x00000000c0013ab0                Device::wakeAll()
                0x00000000c0013ae0                Device::detectAll()
                0x00000000c0013b10                Device::disableLegacyAll()
                0x00000000c0013b40                Device::loadDriversForAll()
                0x00000000c0013b80                Device::closeAll()
                0x00000000c0013bb6                Device::powerSavingAll(PowerSavingLevel)
                0x00000000c0013bec                Device::setName(char const*)
                0x00000000c0013bfa                Device::Device(char const*)
                0x00000000c0013bfa                Device::Device(char const*)
                0x00000000c0013cf6                Device::getName()
                0x00000000c0013d00                DriverlessDevice::DriverlessDevice(char const*)
                0x00000000c0013d00                DriverlessDevice::DriverlessDevice(char const*)
                0x00000000c0013d36                Device::addToLinkedList(LinkedList<Device>&, DeviceType)
                0x00000000c0013d7a                getDevicesOfType(DeviceType)
 .text          0x00000000c0013da4       0x84 hal/diskctrl.32
                0x00000000c0013da4                HardDiskController::HardDiskController(char const*)
                0x00000000c0013da4                HardDiskController::HardDiskController(char const*)
                0x00000000c0013dda                HardDiskController::~HardDiskController()
                0x00000000c0013dda                HardDiskController::~HardDiskController()
                0x00000000c0013dfe                HardDiskController::~HardDiskController()
 .text          0x00000000c0013e28       0xe2 hal/diskphys.32
                0x00000000c0013e28                PhysicalDisk::eject()
                0x00000000c0013e2c                PhysicalDisk::PhysicalDisk(char const*, int)
                0x00000000c0013e2c                PhysicalDisk::PhysicalDisk(char const*, int)
                0x00000000c0013e94                PhysicalDisk::startCache()
                0x00000000c0013ebc                PhysicalDisk::~PhysicalDisk()
                0x00000000c0013ebc                PhysicalDisk::~PhysicalDisk()
                0x00000000c0013ee0                PhysicalDisk::~PhysicalDisk()
 .text          0x00000000c0013f0a      0x13b hal/fpu.32
                0x00000000c0013f0a                FPU::FPU(char const*)
                0x00000000c0013f0a                FPU::FPU(char const*)
                0x00000000c0013f40                FPU::~FPU()
                0x00000000c0013f40                FPU::~FPU()
                0x00000000c0013f64                FPU::~FPU()
                0x00000000c0013f8e                setupFPU()
 *fill*         0x00000000c0014045        0x1 
 .text          0x00000000c0014046     0x1435 hal/intctrl.32
                0x00000000c0014046                InterruptController::uninstallISRHandler(int, void (*)(regs*, void*))
                0x00000000c001407e                InterruptController::installISRHandler(int, void (*)(regs*, void*), void*)
                0x00000000c00140d0                doubleFault(regs*, void*)
                0x00000000c00140ea                InterruptController::installIRQHandler(int, void (*)(regs*, void*), bool, void*)
                0x00000000c0014186                InterruptController::clearAllHandlers(int, bool)
                0x00000000c001422e                InterruptController::uninstallIRQHandler(int, void (*)(regs*, void*), bool)
                0x00000000c00142b5                nmiHandler(regs*, void*)
                0x00000000c00142c3                int_handler
                0x00000000c0014364                InterruptController::InterruptController(char const*)
                0x00000000c0014364                InterruptController::InterruptController(char const*)
                0x00000000c001440a                InterruptController::~InterruptController()
                0x00000000c001440a                InterruptController::~InterruptController()
                0x00000000c001442e                InterruptController::~InterruptController()
                0x00000000c0014458                displayDebugInfo(regs*)
                0x00000000c00148e7                x87EmulHandler(regs*, void*)
                0x00000000c001495a                gpFault(regs*, void*)
                0x00000000c0014993                pgFault(regs*, void*)
                0x00000000c00149db                otherISRHandler(regs*, void*)
                0x00000000c00149fa                opcodeFault(regs*, void*)
                0x00000000c0015017                displayProgramFault(char const*)
                0x00000000c001503f                setupInterruptController()
                0x00000000c001542e                InterruptController::convertLegacyIRQNumber(int)
 *fill*         0x00000000c001547b        0x1 
 .text          0x00000000c001547c      0x784 hal/keybrd.32
                0x00000000c001547c                startGUI(void*)
                0x00000000c00154e8                startGUIVESA(void*)
                0x00000000c0015554                sendKeyToTerminal(unsigned char)
                0x00000000c0015612                sendKeyboardToken(KeyboardToken)
                0x00000000c0015a4f                clearInternalKeybuffer(VgaText*)
                0x00000000c0015a84                readKeyboard(VgaText*, char*, unsigned long)
                0x00000000c0015b76                Keyboard::Keyboard(char const*)
                0x00000000c0015b76                Keyboard::Keyboard(char const*)
                0x00000000c0015bb2                Keyboard::~Keyboard()
                0x00000000c0015bb2                Keyboard::~Keyboard()
                0x00000000c0015bd6                Keyboard::~Keyboard()
 .text          0x00000000c0015c00      0x3ea hal/logidisk.32
                0x00000000c0015c00                LogicalDisk::close(int, int, void*)
                0x00000000c0015c04                LogicalDisk::~LogicalDisk()
                0x00000000c0015c04                LogicalDisk::~LogicalDisk()
                0x00000000c0015c28                LogicalDisk::~LogicalDisk()
                0x00000000c0015c52                LogicalDisk::open(int, int, void*)
                0x00000000c0015c66                LogicalDisk::absoluteToRelative(unsigned long long)
                0x00000000c0015c9e                LogicalDisk::relativeToAbsolute(unsigned long long)
                0x00000000c0015ce4                LogicalDisk::LogicalDisk(char const*, PhysicalDisk*, unsigned long long, unsigned long long)
                0x00000000c0015ce4                LogicalDisk::LogicalDisk(char const*, PhysicalDisk*, unsigned long long, unsigned long long)
                0x00000000c0015d9a                LogicalDisk::assignDriveLetter()
                0x00000000c0015e50                LogicalDisk::mount()
                0x00000000c0015e98                LogicalDisk::unmount()
                0x00000000c0015ea8                LogicalDisk::eject()
                0x00000000c0015ebc                LogicalDisk::unassignDriveLetter()
                0x00000000c0015f12                LogicalDisk::read(unsigned long long, int, void*)
                0x00000000c0015f7e                LogicalDisk::write(unsigned long long, int, void*)
 .text          0x00000000c0015fea       0x84 hal/mouse.32
                0x00000000c0015fea                Mouse::Mouse(char const*)
                0x00000000c0015fea                Mouse::Mouse(char const*)
                0x00000000c0016020                Mouse::~Mouse()
                0x00000000c0016020                Mouse::~Mouse()
                0x00000000c0016044                Mouse::~Mouse()
 .text          0x00000000c001606e      0x339 hal/partition.32
                0x00000000c001606e                makePartition(PhysicalDisk*, unsigned long long, unsigned long long)
                0x00000000c0016116                createPartitionsForDisk(PhysicalDisk*)
 *fill*         0x00000000c00163a7        0x1 
 .text          0x00000000c00163a8       0x84 hal/serial.32
                0x00000000c00163a8                Serial::Serial(char const*)
                0x00000000c00163a8                Serial::Serial(char const*)
                0x00000000c00163de                Serial::~Serial()
                0x00000000c00163de                Serial::~Serial()
                0x00000000c0016402                Serial::~Serial()
 .text          0x00000000c001642c      0x2f3 hal/timer.32
                0x00000000c001642c                Timer::Timer(char const*)
                0x00000000c001642c                Timer::Timer(char const*)
                0x00000000c0016462                Timer::~Timer()
                0x00000000c0016462                Timer::~Timer()
                0x00000000c0016486                Timer::~Timer()
                0x00000000c00164b0                Timer::read()
                0x00000000c00164bb                timerHandler(unsigned long long)
                0x00000000c001662d                setupTimer(int)
 *fill*         0x00000000c001671f        0x1 
 .text          0x00000000c0016720      0x409 hal/vcache.32
                0x00000000c0016720                VCache::VCache(PhysicalDisk*)
                0x00000000c0016720                VCache::VCache(PhysicalDisk*)
                0x00000000c0016888                VCache::invalidateReadBuffer()
                0x00000000c0016898                VCache::writeWriteBuffer()
                0x00000000c00168d4                VCache::~VCache()
                0x00000000c00168d4                VCache::~VCache()
                0x00000000c0016928                VCache::~VCache()
                0x00000000c0016950                VCache::write(unsigned long long, int, void*)
                0x00000000c0016a3a                VCache::read(unsigned long long, int, void*)
 *fill*         0x00000000c0016b29        0x1 
 .text          0x00000000c0016b2a      0x4b3 hal/video.32
                0x00000000c0016b2a                Video::putrect(int, int, int, int, unsigned int)
                0x00000000c0016b76                Video::bitblit(int, int, int, int, int, int, int, unsigned int*)
                0x00000000c0016be6                Video::blit(unsigned int*, int, int, int, int)
                0x00000000c0016c64                Video::clearScreen(unsigned int)
                0x00000000c0016c98                Video::putpixel(int, int, unsigned int)
                0x00000000c0016ca6                Video::Video(char const*)
                0x00000000c0016ca6                Video::Video(char const*)
                0x00000000c0016cdc                Video::~Video()
                0x00000000c0016cdc                Video::~Video()
                0x00000000c0016d00                Video::~Video()
                0x00000000c0016d2a                Video::isMonochrome()
                0x00000000c0016d36                Video::getWidth()
                0x00000000c0016d42                Video::getHeight()
                0x00000000c0016d4e                Video::drawCursor(int, int, unsigned char*, int)
                0x00000000c0016e0a                Video::tgaParse(unsigned char*, int, int*, int*)
                0x00000000c0016f72                Video::putTGA(int, int, unsigned char*, int)
 *fill*         0x00000000c0016fdd        0x1 
 .text          0x00000000c0016fde     0x11c9 hw/acpi.32
                0x00000000c0016fde                ACPI::close(int, int, void*)
                0x00000000c0017083                findRSDP()
                0x00000000c001710d                loadACPITables(unsigned char*)
                0x00000000c0017364                findRSDT(unsigned char*)
                0x00000000c00174ae                findDataTable(unsigned char*, char*)
                0x00000000c0017520                scanMADT()
                0x00000000c001798e                ACPI::ACPI()
                0x00000000c001798e                ACPI::ACPI()
                0x00000000c00179e2                ACPI::getPCIIRQAssignment(unsigned char, unsigned short, unsigned char)
                0x00000000c0017ac4                ACPI::registerPCIIRQAssignment(void*, unsigned short, unsigned char, unsigned char)
                0x00000000c0017b8a                ACPI::setScreenBrightnessLevel(void*, int)
                0x00000000c0017b90                ACPI::detectPCI()
                0x00000000c0017d92                ACPI::writeSimpleBootFlag(SimpleBootFlagTable*)
                0x00000000c0017dda                ACPI::sleep()
                0x00000000c0017df2                ACPI::open(int, int, void*)
 *fill*         0x00000000c00181a7        0x1 
 .text          0x00000000c00181a8     0x1495 hw/cpu.32
                0x00000000c00181a8                CPU::close(int, int, void*)
                0x00000000c00181ac                CPU::lookupAMDName(unsigned char, unsigned char)
                0x00000000c0018340                CPU::lookupIntelName(unsigned char, unsigned char)
                0x00000000c00185ee                CPU::AMD_K6_write_msr(unsigned int, unsigned int, unsigned int, CPU::REGS*)
                0x00000000c001860a                CPU::AMD_K6_read_msr(unsigned int, CPU::REGS*)
                0x00000000c0018622                CPU::AMD_K6_writeback(int, int, int)
                0x00000000c0018696                CPU::cpuid(int, unsigned long*, unsigned long*, unsigned long*, unsigned long*)
                0x00000000c001871a                CPU::cpuidCheckEDX(unsigned int)
                0x00000000c0018748                CPU::cpuidCheckECX(unsigned int)
                0x00000000c0018776                CPU::cpuidCheckExtendedEBX(unsigned int)
                0x00000000c00187a4                CPU::cpuidCheckExtendedECX(unsigned int)
                0x00000000c00187d2                CPU::CPU()
                0x00000000c00187d2                CPU::CPU()
                0x00000000c0018860                CPU::displayFeatures()
                0x00000000c0018862                CPU::detectFeatures()
                0x00000000c0019254                CPU::setupSMEP()
                0x00000000c0019260                CPU::setupUMIP()
                0x00000000c001926a                CPU::setupTSC()
                0x00000000c0019274                CPU::setupLargePages()
                0x00000000c001927e                CPU::setupPAT()
                0x00000000c00192ba                CPU::setupMTRR()
                0x00000000c00192bc                CPU::setupGlobalPages()
                0x00000000c00192c6                CPU::allowUsermodeDataAccess()
                0x00000000c00192d8                CPU::prohibitUsermodeDataAccess()
                0x00000000c00192ea                CPU::setupSMAP()
                0x00000000c00192f8                CPU::setupFeatures()
                0x00000000c0019378                CPU::open(int, int, void*)
                0x00000000c0019442                CPU::decodeAddress(regs*, int*, bool*, unsigned char*)
 .text          0x00000000c001963d        0x0 hw/ports.32
 .text          0x00000000c001963d      0x16a hw/smp.32
                0x00000000c001963d                Krnl::smpEntry()
                0x00000000c001963f                Krnl::startCPU(int)
                0x00000000c0019788                Krnl::startCPUs()
 *fill*         0x00000000c00197a7        0x1 
 .text          0x00000000c00197a8      0x581 krnl/env.32
                0x00000000c00197a8                EnvVarContainer::getEnv(char const*)
                0x00000000c00197e6                EnvVarContainer::setEnv(char const*, char const*)
                0x00000000c00198a8                EnvVarContainer::deleteEnv(char const*)
                0x00000000c00198aa                EnvVarContainer::loadFrom(char const*, char const*)
                0x00000000c0019a90                EnvVarContainer::__loadSystem()
                0x00000000c0019aaa                EnvVarContainer::__loadUser()
                0x00000000c0019aac                EnvVarContainer::EnvVarContainer(Process*)
                0x00000000c0019aac                EnvVarContainer::EnvVarContainer(Process*)
                0x00000000c0019ace                EnvVarContainer::~EnvVarContainer()
                0x00000000c0019ace                EnvVarContainer::~EnvVarContainer()
                0x00000000c0019afe                Krnl::getEnv(Process*, char const*)
                0x00000000c0019b63                Krnl::setEnvSystem(char const*, char const*)
                0x00000000c0019b7d                Krnl::setEnvUser(char const*, char const*)
                0x00000000c0019b9c                Krnl::setEnvProcess(Process*, char const*, char const*)
                0x00000000c0019baf                Krnl::deleteEnvSystem(char const*)
                0x00000000c0019bb0                Krnl::deleteEnvUser(char const*)
                0x00000000c0019bb1                Krnl::deleteEnvProcess(Process*, char const*)
                0x00000000c0019bb2                Krnl::newProcessEnv(Process*)
                0x00000000c0019bd4                Krnl::copyProcessEnv(Process*, Process*)
                0x00000000c0019c20                Krnl::loadSystemEnv()
                0x00000000c0019c4e                Krnl::loadUserEnv()
                0x00000000c0019c74                Krnl::flushEnv()
                0x00000000c0019c75                Krnl::getProcessTotalEnvCount(Process*)
                0x00000000c0019c95                Krnl::getProcessEnvPair(Process*, int)
 .text          0x00000000c0019d29      0x39c krnl/panic.32
                0x00000000c0019d29                Krnl::panic(char const*)
 .text          0x00000000c001a0c5      0x57f net/ethernet.32
                0x00000000c001a0c5                Net::switchEndian16(unsigned short)
                0x00000000c001a0e6                Net::switchEndian32(unsigned int)
                0x00000000c001a115                Net::crc32Calc(unsigned char*, int)
                0x00000000c001a1a6                Net::wrapEthernetFrame(Net::UnwrappedEthernetFrame, unsigned char*)
                0x00000000c001a3b9                Net::unwrapEthernetFrame(unsigned char*, int)
 .text          0x00000000c001a644      0x50e reg/registry.32
                0x00000000c001a644                Reg::findLineFromLoadedData(char*, char*, char*)
                0x00000000c001a79c                Reg::getLineFromRegistry(char*, char*, char*, char*)
                0x00000000c001a8f1                Reg::getLine(char*, char*, char*)
                0x00000000c001a928                Reg::readInt(char*, char*, int*)
                0x00000000c001aa13                Reg::readString(char*, char*, char*, int)
                0x00000000c001aa94                Reg::readBool(char*, char*, bool*)
                0x00000000c001aab9                Reg::readBoolWithDefault(char*, char*, bool)
                0x00000000c001aae5                Reg::readIntWithDefault(char*, char*, int)
                0x00000000c001ab11                Reg::readStringWithDefault(char*, char*, char*, int, char*)
 .text          0x00000000c001ab52       0x36 sys/sc_eject.32
                0x00000000c001ab52                Sys::eject(regs*)
 .text          0x00000000c001ab88       0x18 sys/sc_exit.32
                0x00000000c001ab88                Sys::exit(regs*)
 .text          0x00000000c001aba0       0x1f sys/sc_getcwd.32
                0x00000000c001aba0                Sys::getCwd(regs*)
 .text          0x00000000c001abbf        0xc sys/sc_getpid.32
                0x00000000c001abbf                Sys::getPID(regs*)
 .text          0x00000000c001abcb       0x17 sys/sc_getramdata.32
                0x00000000c001abcb                Sys::getRAMData(regs*)
 .text          0x00000000c001abe2       0x84 sys/sc_getvgaptr.32
                0x00000000c001abe2                Sys::getVGAPtr(regs*)
 .text          0x00000000c001ac66       0xa8 sys/sc_loaddll.32
                0x00000000c001ac66                Sys::loadDLL(regs*)
 .text          0x00000000c001ad0e       0x68 sys/sc_read.32
                0x00000000c001ad0e                Sys::read(regs*)
 .text          0x00000000c001ad76       0x55 sys/sc_sbrk.32
                0x00000000c001ad76                Sys::sbrk(regs*)
 .text          0x00000000c001adcb       0x1c sys/sc_setcwd.32
                0x00000000c001adcb                Sys::setCwd(regs*)
 .text          0x00000000c001ade7       0x95 sys/sc_settime.32
                0x00000000c001ade7                Sys::setTime(regs*)
 .text          0x00000000c001ae7c       0x4a sys/sc_timezone.32
                0x00000000c001ae7c                Sys::timezone(regs*)
 .text          0x00000000c001aec6       0x68 sys/sc_write.32
                0x00000000c001aec6                Sys::write(regs*)
 .text          0x00000000c001af2e       0x62 sys/sc_wsbe.32
                0x00000000c001af2e                Sys::wsbe(regs*)
 .text          0x00000000c001af90       0x46 sys/sc_yield.32
                0x00000000c001af90                Sys::yield(regs*)
 .text          0x00000000c001afd6      0xf84 sys/syscalls.32
                0x00000000c001afd6                sysCallSeekDir(regs*)
                0x00000000c001afdb                sysCallTellDir(regs*)
                0x00000000c001afe0                sysCallVerify(regs*)
                0x00000000c001afea                sysCallGetArgc(regs*)
                0x00000000c001affa                sysFormatDisk(regs*)
                0x00000000c001b064                sysSetDiskVolumeLabel(regs*)
                0x00000000c001b0aa                sysGetDiskVolumeLabel(regs*)
                0x00000000c001b0fb                sysShutdown(regs*)
                0x00000000c001b159                sysCallRealpath(regs*)
                0x00000000c001b19c                sysCallReadDir(regs*)
                0x00000000c001b21b                sysCallIsATTY(regs*)
                0x00000000c001b275                sysCallSeek(regs*)
                0x00000000c001b2cc                sysCallTell(regs*)
                0x00000000c001b338                sysCallSize(regs*)
                0x00000000c001b3aa                sysCallSizeFromFilename(regs*)
                0x00000000c001b459                sysCallClose(regs*)
                0x00000000c001b4b9                sysCallOpenDir(regs*)
                0x00000000c001b52e                sysCallCloseDir(regs*)
                0x00000000c001b582                sysCallMakeDir(regs*)
                0x00000000c001b5f2                sysCallWait(regs*)
                0x00000000c001b60c                sysCallNotImpl(regs*)
                0x00000000c001b627                sysPanic(regs*)
                0x00000000c001b641                sysCallRmdir(regs*)
                0x00000000c001b6a5                sysCallUnlink(regs*)
                0x00000000c001b709                sysCallGetArgv(regs*)
                0x00000000c001b755                sysCallTTYName(regs*)
                0x00000000c001b7d8                sysCallUSleep(regs*)
                0x00000000c001b7ff                sysCallSpawn(regs*)
                0x00000000c001b867                sysCallGetEnv(regs*)
                0x00000000c001b914                sysAppSettings(regs*)
                0x00000000c001ba28                sysSetFatAttrib(regs*)
                0x00000000c001ba9a                sysPipe(regs*)
                0x00000000c001badf                sysGetUnixTime(regs*)
                0x00000000c001baf3                string_ends_with(char const*, char const*)
                0x00000000c001bb3b                sysCallOpen(regs*)
                0x00000000c001bd23                Sys::loadSyscalls()
                0x00000000c001bf18                Sys::systemCall(regs*, void*)
 .text          0x00000000c001bf5a     0x1200 thr/elf.32
                0x00000000c001bf5a                Thr::allocateMemoryForTask(Process*, File*, unsigned long, unsigned long, unsigned long)
                0x00000000c001c204                Thr::loadProgramIntoMemory(Process*, char const*)
                0x00000000c001c41a                Thr::runtimeReferenceHelper()
                0x00000000c001c42d                Thr::getAddressOfKernelSymbol(char const*)
                0x00000000c001c47c                Thr::loadKernelSymbolTable(char const*)
                0x00000000c001c73a                Thr::loadDriverIntoMemory(char const*, unsigned long, bool)
                0x00000000c001ce70                Thr::getDriverBaseFromAddress(unsigned long)
                0x00000000c001cea2                Thr::getDriverNameFromAddress(unsigned long)
                0x00000000c001ced9                Thr::getDriverOffsetFromAddress(unsigned long)
                0x00000000c001cef3                Thr::loadDLL(char const*, bool)
                0x00000000c001d121                Thr::executeDLL(unsigned long, void*)
 .text          0x00000000c001d15a     0x11ef thr/prcssthr.32
                0x00000000c001d15a                userModeEntryPoint(void*)
                0x00000000c001d180                changeTSS
                0x00000000c001d1b0                switchToThread(ThreadControlBlock*)
                0x00000000c001d25a                Process::addArgs(char**)
                0x00000000c001d2b4                Process::Process(char const*, Process*, char**)
                0x00000000c001d2b4                Process::Process(char const*, Process*, char**)
                0x00000000c001d498                Process::Process(bool, char const*, Process*, char**)
                0x00000000c001d498                Process::Process(bool, char const*, Process*, char**)
                0x00000000c001d647                taskStartupFunction
                0x00000000c001d650                Semaphore::Semaphore(int)
                0x00000000c001d650                Semaphore::Semaphore(int)
                0x00000000c001d67e                Mutex::Mutex()
                0x00000000c001d67e                Mutex::Mutex()
                0x00000000c001d690                Process::createThread(void (*)(void*), void*, int)
                0x00000000c001d796                Process::createUserThread()
                0x00000000c001d7b2                setupMultitasking(void (*)())
                0x00000000c001d8b5                schedule()
                0x00000000c001d93a                Semaphore::tryAcquire()
                0x00000000c001d9f6                Semaphore::assertLocked(char const*)
                0x00000000c001da65                blockTaskWithSchedulerLockAlreadyHeld(TaskState)
                0x00000000c001da8b                blockTask(TaskState)
                0x00000000c001dab8                waitTask(int, int*, int)
                0x00000000c001dafa                nanoSleepUntil(unsigned long long)
                0x00000000c001db8f                nanoSleep(unsigned long long)
                0x00000000c001dba7                sleep(unsigned long long)
                0x00000000c001dbc4                Semaphore::acquire()
                0x00000000c001dc66                taskReturned
                0x00000000c001dca1                Thr::processFromPID(int)
                0x00000000c001dd38                unblockTask(ThreadControlBlock*)
                0x00000000c001ddcd                cleanupTerminatedTask(ThreadControlBlock*)
                0x00000000c001e074                cleanerTaskFunction(void*)
                0x00000000c001e155                terminateTask(int)
                0x00000000c001e214                Thr::terminateFromIRQ(int)
                0x00000000c001e220                Semaphore::release()
 .text          0x00000000c001e349      0xada vm86/vm8086.32
                0x00000000c001e349                Vm::inbv(unsigned short)
                0x00000000c001e35c                Vm::outbv(unsigned short, unsigned char)
                0x00000000c001e392                Vm::realToLinear(unsigned short, unsigned short)
                0x00000000c001e3a2                Vm::getSegment(unsigned int)
                0x00000000c001e3aa                Vm::getOffset(unsigned int)
                0x00000000c001e3af                Vm::mainloop2()
                0x00000000c001e3e9                Vm::mainVm8086Loop(void*)
                0x00000000c001e3f9                Vm::mainloop3(unsigned long)
                0x00000000c001e41f                Vm::initialise8086()
                0x00000000c001e462                Vm::finish8086()
                0x00000000c001e4c3                Vm::getOutput8086(unsigned char*)
                0x00000000c001e4e8                Vm::start8086(char const*, unsigned short, unsigned short, unsigned short, unsigned short)
                0x00000000c001e650                Vm::doISR(regs*, int, unsigned char*, unsigned short, unsigned short)
                0x00000000c001e6da                Vm::readByteFromReal(unsigned short, unsigned short)
                0x00000000c001e6eb                Vm::readWordFromReal(unsigned short, unsigned short)
                0x00000000c001e6fd                Vm::readDwordFromReal(unsigned short, unsigned short)
                0x00000000c001e70e                Vm::writeByteFromReal(unsigned short, unsigned short, unsigned char)
                0x00000000c001e723                Vm::writeWordFromReal(unsigned short, unsigned short, unsigned short)
                0x00000000c001e739                Vm::writeDwordFromReal(unsigned short, unsigned short, unsigned int)
                0x00000000c001e74e                Vm::faultHandler(regs*)
 .text          0x00000000c001ee23      0xefd vm86/x87em.32
                0x00000000c001ee23                Vm::fpuInternalTo32(unsigned long long)
                0x00000000c001ee7e                Vm::fpuInternalTo64(unsigned long long)
                0x00000000c001ee87                Vm::fpu32ToInternal(unsigned int)
                0x00000000c001eecc                Vm::fpu64ToInternal(unsigned long long)
                0x00000000c001eed5                Vm::fpuFloatToLong(unsigned long long)
                0x00000000c001ef30                Vm::fpuULongToFloat(unsigned long long)
                0x00000000c001ef66                Vm::fpuLongToFloat(long long)
                0x00000000c001efbc                Vm::fpuGet0()
                0x00000000c001efc1                Vm::fpuGet1()
                0x00000000c001efc9                Vm::fpuGetPi()
                0x00000000c001efd1                Vm::fpuGetLog2E()
                0x00000000c001efe9                Vm::fpuGetLogE2()
                0x00000000c001f001                Vm::fpuGetLog210()
                0x00000000c001f019                Vm::fpuGetLog102()
                0x00000000c001f031                Vm::fpuIsSecondLarger(unsigned long long, unsigned long long)
                0x00000000c001f045                Vm::fpuAreEqual(unsigned long long, unsigned long long)
                0x00000000c001f05b                Vm::fpuUnorderedCompare(unsigned long long, unsigned long long)
                0x00000000c001f0ae                Vm::fpuAdd(unsigned long long, unsigned long long)
                0x00000000c001f0bf                Vm::fpuAbs(unsigned long long)
                0x00000000c001f0c8                Vm::fpuChs(unsigned long long)
                0x00000000c001f0d8                Vm::fpuSub(unsigned long long, unsigned long long)
                0x00000000c001f0e7                Vm::fpuMultiply(unsigned long long, unsigned long long)
                0x00000000c001f106                Vm::fpuDivide(unsigned long long, unsigned long long)
                0x00000000c001f122                Vm::fpuSquare(unsigned long long)
                0x00000000c001f138                Vm::fpuGetReg(int)
                0x00000000c001f17b                Vm::fpuSetReg(int, unsigned long long)
                0x00000000c001f1c6                Vm::fpuPush(unsigned long long)
                0x00000000c001f223                Vm::fpuPop()
                0x00000000c001f275                Vm::x87Handler(regs*)
 .text          0x00000000c001fd20     0x11c1 fs/fat/vfslink.32
                0x00000000c001fd20                FAT::getName()
                0x00000000c001fd26                FAT::tell(void*, unsigned long long*)
                0x00000000c001fd5a                FAT::stat(void*, unsigned long long*)
                0x00000000c001fd8e                FAT::~FAT()
                0x00000000c001fd8e                FAT::~FAT()
                0x00000000c001fdb2                FAT::~FAT()
                0x00000000c001fdda                FAT::getlabel(LogicalDisk*, int, char*, unsigned int*)
                0x00000000c001fe78                FAT::setlabel(LogicalDisk*, int, char*)
                0x00000000c001ff32                FAT::format(LogicalDisk*, int, char const*, int)
                0x00000000c00200f0                FAT::tryMount(LogicalDisk*, int)
                0x00000000c00202f6                FAT::getFileFirstSector(char const*)
                0x00000000c002039c                FAT::readDir(void*, unsigned long, void*, int*)
                0x00000000c00204f6                FAT::read(void*, unsigned long, void*, int*)
                0x00000000c0020550                FAT::write(void*, unsigned long, void*, int*)
                0x00000000c00205aa                FAT::close(void*)
                0x00000000c00205f6                FAT::closeDir(void*)
                0x00000000c0020642                FAT::seek(void*, unsigned long long)
                0x00000000c0020696                fatWrapperReadDisk
                0x00000000c00206dd                fatWrapperWriteDisk
                0x00000000c0020724                fatWrapperIoctl
                0x00000000c0020828                FAT::FAT()
                0x00000000c0020828                FAT::FAT()
                0x00000000c002087a                FAT::fixFilepath(char*)
                0x00000000c00208b2                FAT::open(char const*, void**, FileOpenMode)
                0x00000000c00209da                FAT::openDir(char const*, void**)
                0x00000000c0020a80                FAT::stat(char const*, unsigned long long*, bool*)
                0x00000000c0020b6a                FAT::unlink(char const*)
                0x00000000c0020be4                FAT::chfatattr(char const*, unsigned char, unsigned char)
                0x00000000c0020d38                FAT::rename(char const*, char const*)
                0x00000000c0020dfc                FAT::mkdir(char const*)
                0x00000000c0020e76                FAT::exists(char const*)
 *fill*         0x00000000c0020ee1        0x1 
 .text          0x00000000c0020ee2      0xb75 fs/iso9660/vfslink.32
                0x00000000c0020ee2                ISO9660::format(LogicalDisk*, int, char const*, int)
                0x00000000c0020ee8                ISO9660::seek(void*, unsigned long long)
                0x00000000c0020f18                ISO9660::tell(void*, unsigned long long*)
                0x00000000c0020f3c                ISO9660::getName()
                0x00000000c0020f42                ISO9660::stat(void*, unsigned long long*)
                0x00000000c0020f66                ISO9660::chfatattr(char const*, unsigned char, unsigned char)
                0x00000000c0020f6c                ISO9660::unlink(char const*)
                0x00000000c0020f72                ISO9660::write(void*, unsigned long, void*, int*)
                0x00000000c0020f78                ISO9660::rename(char const*, char const*)
                0x00000000c0020f7e                ISO9660::mkdir(char const*)
                0x00000000c0020f84                ISO9660::close(void*)
                0x00000000c0020fa6                ISO9660::closeDir(void*)
                0x00000000c0020fc8                ISO9660::~ISO9660()
                0x00000000c0020fc8                ISO9660::~ISO9660()
                0x00000000c0020fec                ISO9660::~ISO9660()
                0x00000000c0021013                __memmem(unsigned char*, int, unsigned char*, int)
                0x00000000c0021055                readSectorFromCDROM(unsigned int, unsigned char*, char)
                0x00000000c00210b0                ISO9660::tryMount(LogicalDisk*, int)
                0x00000000c0021100                ISO9660::read(void*, unsigned long, void*, int*)
                0x00000000c0021304                ISO9660::readDir(void*, unsigned long, void*, int*)
                0x00000000c002157e                readRoot(unsigned int*, unsigned int*, char)
                0x00000000c00215d2                readRecursively(char*, unsigned int, unsigned int, unsigned int*, unsigned int*, char, int*)
                0x00000000c00217a5                getFileData(char*, unsigned int*, unsigned int*, char, int*)
                0x00000000c0021834                ISO9660::open(char const*, void**, FileOpenMode)
                0x00000000c00218e2                ISO9660::exists(char const*)
                0x00000000c0021906                ISO9660::stat(char const*, unsigned long long*, bool*)
                0x00000000c002199a                ISO9660::openDir(char const*, void**)
                0x00000000c0021a34                ISO9660::ISO9660()
                0x00000000c0021a34                ISO9660::ISO9660()
 *fill*         0x00000000c0021a57        0x1 
 .text          0x00000000c0021a58      0x396 hal/sound/sndchannel.32
                0x00000000c0021a58                SoundChannel::SoundChannel(int, int, int, int)
                0x00000000c0021a58                SoundChannel::SoundChannel(int, int, int, int)
                0x00000000c0021b82                SoundChannel::~SoundChannel()
                0x00000000c0021b82                SoundChannel::~SoundChannel()
                0x00000000c0021b9e                SoundChannel::getSampleRate()
                0x00000000c0021ba6                SoundChannel::getBits()
                0x00000000c0021bae                SoundChannel::getBufferUsed()
                0x00000000c0021bb6                SoundChannel::getBufferSize()
                0x00000000c0021bbe                SoundChannel::unbuffer(float*, int, int)
                0x00000000c0021c52                SoundChannel::buffer16(short*, int)
                0x00000000c0021d4e                SoundChannel::buffer8(unsigned char*, int)
 .text          0x00000000c0021dee      0x43e hal/sound/sndhw.32
                0x00000000c0021dee                SoundDevice::SoundDevice(char const*)
                0x00000000c0021dee                SoundDevice::SoundDevice(char const*)
                0x00000000c0021e5a                SoundDevice::~SoundDevice()
                0x00000000c0021e5a                SoundDevice::~SoundDevice()
                0x00000000c0021ed4                SoundDevice::~SoundDevice()
                0x00000000c0021efe                SoundDevice::getFreeChannelNum()
                0x00000000c0021f18                SoundDevice::addChannel(SoundChannel*)
                0x00000000c0021f88                SoundDevice::removeChannel(int)
                0x00000000c0021fba                SoundDevice::floatTo16(float*, short*, int)
                0x00000000c00220a8                SoundDevice::floatTo8(float*, unsigned char*, int)
                0x00000000c0022190                SoundDevice::getAudio(int, float*, float*)
 .text          0x00000000c002222c        0x0 hw/bus/isa.32
 .text          0x00000000c002222c      0xb87 hw/bus/pci.32
                0x00000000c002222c                PCI::open(int, int, void*)
                0x00000000c002224a                PCI::close(int, int, void*)
                0x00000000c002224e                PCI::PCI()
                0x00000000c002224e                PCI::PCI()
                0x00000000c00222e4                PCI::readBAR8(unsigned int, int)
                0x00000000c0022300                PCI::readBAR16(unsigned int, int)
                0x00000000c002231e                PCI::readBAR32(unsigned int, int)
                0x00000000c002233a                PCI::writeBAR8(unsigned int, unsigned char, int)
                0x00000000c002235a                PCI::writeBAR16(unsigned int, unsigned short, int)
                0x00000000c002237c                PCI::writeBAR32(unsigned int, unsigned int, int)
                0x00000000c002239c                PCI::legacyMechanism(unsigned char, unsigned char, unsigned char, unsigned char)
                0x00000000c002240a                PCI::pciReadWord(unsigned char, unsigned char, unsigned char, unsigned char)
                0x00000000c00224b2                PCI::getVendorID(unsigned char, unsigned char, unsigned char)
                0x00000000c00224d6                PCI::getHeaderType(unsigned char, unsigned char, unsigned char)
                0x00000000c00224fe                PCI::getClassCode(unsigned char, unsigned char, unsigned char)
                0x00000000c0022548                PCI::getProgIF(unsigned char, unsigned char, unsigned char)
                0x00000000c0022570                PCI::getRevisionID(unsigned char, unsigned char, unsigned char)
                0x00000000c0022594                PCI::getInterruptNumber(unsigned char, unsigned char, unsigned char)
                0x00000000c00225b8                PCI::getSecondaryBus(unsigned char, unsigned char, unsigned char)
                0x00000000c00225e0                PCI::getBARAddress(unsigned char, unsigned char, unsigned char, unsigned char)
                0x00000000c0022644                PCI::pciWriteWord(unsigned char, unsigned char, unsigned char, unsigned char, unsigned short)
                0x00000000c002272c                PCI::pciDetailsToFilepath(PCIDeviceInfo, char*)
                0x00000000c00229a6                PCI::checkBus(unsigned char)
                0x00000000c00229ca                PCI::foundDevice(PCIDeviceInfo)
                0x00000000c0022b3c                PCI::getDeviceData(unsigned char, unsigned char, unsigned char)
                0x00000000c0022cf4                PCI::checkDevice(unsigned char, unsigned char)
                0x00000000c0022d60                PCI::detect()
 *fill*         0x00000000c0022db3        0x1 
 .text          0x00000000c0022db4      0xb54 hw/diskctrl/ide.32
                0x00000000c0022db4                IDE::close(int, int, void*)
                0x00000000c0022db8                IDE::IDE()
                0x00000000c0022db8                IDE::IDE()
                0x00000000c0022dec                IDE::prepareInterrupt(unsigned char)
                0x00000000c0022dfe                selectDrive(unsigned char, unsigned char)
                0x00000000c0022e00                IDE::getBase(unsigned char)
                0x00000000c0022e12                IDE::write(unsigned char, unsigned char, unsigned char)
                0x00000000c0022ed2                IDE::read(unsigned char, unsigned char)
                0x00000000c0022f80                IDE::waitInterrupt(unsigned char)
                0x00000000c0022fe6                ideChannel0IRQHandler(regs*, void*)
                0x00000000c0023002                ideChannel1IRQHandler(regs*, void*)
                0x00000000c002301e                IDE::enableIRQs(unsigned char, bool)
                0x00000000c0023064                IDE::open(int, int, void*)
                0x00000000c0023472                IDE::readBuffer(unsigned char, unsigned char, unsigned int, unsigned int)
                0x00000000c002353e                IDE::detect()
                0x00000000c0023804                IDE::printError(unsigned char, unsigned char, unsigned char)
                0x00000000c00238b4                IDE::polling(unsigned char, unsigned int)
 .text          0x00000000c0023908      0x336 hw/diskctrl/satabus.32
                0x00000000c0023908                SATABus::close(int, int, void*)
                0x00000000c002390c                SATABus::detect()
                0x00000000c002390e                SATABus::SATABus()
                0x00000000c002390e                SATABus::SATABus()
                0x00000000c0023994                SATABus::findCmdslot(SATABus::tagHBA_PORT volatile*)
                0x00000000c00239dc                SATABus::checkType(SATABus::tagHBA_PORT volatile*)
                0x00000000c0023a24                SATABus::startCmd(SATABus::tagHBA_PORT volatile*)
                0x00000000c0023a44                SATABus::stopCmd(SATABus::tagHBA_PORT volatile*)
                0x00000000c0023a6e                SATABus::portRebase(SATABus::tagHBA_PORT volatile*, int)
                0x00000000c0023b74                SATABus::probePort(SATABus::tagHBA_MEM volatile*)
                0x00000000c0023c1e                SATABus::open(int, int, void*)
 .text          0x00000000c0023c3e      0x604 hw/diskphys/ata.32
                0x00000000c0023c3e                ATA::close(int, int, void*)
                0x00000000c0023c62                ATA::powerSaving(PowerSavingLevel)
                0x00000000c0023c64                ATA::ATA()
                0x00000000c0023c64                ATA::ATA()
                0x00000000c0023c92                ATA::flush(bool)
                0x00000000c0023cdc                ATA::readyForCommand()
                0x00000000c0023d2c                ATA::access(unsigned long long, int, void*, bool)
                0x00000000c00240b4                ATA::read(unsigned long long, int, void*)
                0x00000000c0024100                ATA::write(unsigned long long, int, void*)
                0x00000000c002414c                ATA::detectCHS()
                0x00000000c0024176                ATA::open(int, int, void*)
 .text          0x00000000c0024242      0x5bd hw/diskphys/atapi.32
                0x00000000c0024242                ATAPI::write(unsigned long long, int, void*)
                0x00000000c0024248                ATAPI::close(int, int, void*)
                0x00000000c002426c                ATAPI::ATAPI()
                0x00000000c002426c                ATAPI::ATAPI()
                0x00000000c002429a                ATAPI::readyForCommand()
                0x00000000c00242ea                ATAPI::sendPacket(unsigned char*, int, bool, unsigned short*, int)
                0x00000000c00245aa                ATAPI::diskRemoved()
                0x00000000c00245c6                ATAPI::eject()
                0x00000000c002460e                ATAPI::diskInserted()
                0x00000000c002463c                ATAPI::detectMedia()
                0x00000000c00246f8                ATAPI::open(int, int, void*)
                0x00000000c0024780                ATAPI::read(unsigned long long, int, void*)
 *fill*         0x00000000c00247ff        0x1 
 .text          0x00000000c0024800      0x41c hw/diskphys/sata.32
                0x00000000c0024800                SATA::close(int, int, void*)
                0x00000000c0024824                SATA::powerSaving(PowerSavingLevel)
                0x00000000c0024826                SATA::open(int, int, void*)
                0x00000000c00248d0                SATA::SATA()
                0x00000000c00248d0                SATA::SATA()
                0x00000000c00248fe                SATA::access(unsigned long long, int, void*, bool)
                0x00000000c0024b64                SATA::read(unsigned long long, int, void*)
                0x00000000c0024bb0                SATA::write(unsigned long long, int, void*)
 .text          0x00000000c0024c1c      0x4fe hw/diskphys/satapi.32
                0x00000000c0024c1c                SATAPI::write(unsigned long long, int, void*)
                0x00000000c0024c22                SATAPI::close(int, int, void*)
                0x00000000c0024c46                SATAPI::SATAPI()
                0x00000000c0024c46                SATAPI::SATAPI()
                0x00000000c0024c74                SATAPI::diskRemoved()
                0x00000000c0024c90                SATAPI::diskInserted()
                0x00000000c0024cbe                SATAPI::sendPacket(unsigned char*, int, unsigned long long, unsigned short*, int)
                0x00000000c0024ec6                SATAPI::eject()
                0x00000000c0024f0e                SATAPI::detectMedia()
                0x00000000c0024fd0                SATAPI::open(int, int, void*)
                0x00000000c0025078                SATAPI::read(unsigned long long, int, void*)
 .text          0x00000000c002511a       0x8e hw/fpu/avx.32
                0x00000000c002511a                AVX::open(int, int, void*)
                0x00000000c002512c                AVX::close(int, int, void*)
                0x00000000c002513e                AVX::available()
                0x00000000c0025150                AVX::save(void*)
                0x00000000c0025168                AVX::load(void*)
                0x00000000c0025180                AVX::AVX()
                0x00000000c0025180                AVX::AVX()
 .text          0x00000000c00251a8       0x90 hw/fpu/mmx.32
                0x00000000c00251a8                MMX::available()
                0x00000000c00251bc                MMX::open(int, int, void*)
                0x00000000c00251ce                MMX::close(int, int, void*)
                0x00000000c00251e0                MMX::save(void*)
                0x00000000c00251f8                MMX::load(void*)
                0x00000000c0025210                MMX::MMX()
                0x00000000c0025210                MMX::MMX()
 .text          0x00000000c0025238       0x96 hw/fpu/sse.32
                0x00000000c0025238                SSE::open(int, int, void*)
                0x00000000c002524a                SSE::close(int, int, void*)
                0x00000000c002525c                SSE::available()
                0x00000000c0025276                SSE::save(void*)
                0x00000000c002528e                SSE::load(void*)
                0x00000000c00252a6                SSE::SSE()
                0x00000000c00252a6                SSE::SSE()
 .text          0x00000000c00252ce       0x8e hw/fpu/x87.32
                0x00000000c00252ce                x87::open(int, int, void*)
                0x00000000c00252e0                x87::close(int, int, void*)
                0x00000000c00252f2                x87::available()
                0x00000000c0025304                x87::save(void*)
                0x00000000c002531c                x87::load(void*)
                0x00000000c0025334                x87::x87()
                0x00000000c0025334                x87::x87()
 .text          0x00000000c002535c      0x71e hw/intctrl/apic.32
                0x00000000c002535c                APIC::disable()
                0x00000000c002535e                APIC::close(int, int, void*)
                0x00000000c0025380                IOAPIC::close(int, int, void*)
                0x00000000c0025386                APIC::io_wait()
                0x00000000c002538c                APIC::getBase()
                0x00000000c00253ce                APIC::eoi(unsigned char)
                0x00000000c00253fc                APIC::open(int, int, void*)
                0x00000000c002554a                IOAPIC::IOAPIC()
                0x00000000c002554a                IOAPIC::IOAPIC()
                0x00000000c0025572                APIC::APIC()
                0x00000000c0025572                APIC::APIC()
                0x00000000c002564e                IOAPIC::handlesGSIWithNumber(unsigned int)
                0x00000000c0025680                IOAPIC::read(int)
                0x00000000c00256a8                IOAPIC::open(int, int, void*)
                0x00000000c002579e                IOAPIC::write(int, int)
                0x00000000c00257ca                IOAPIC::redirect(unsigned char, unsigned long long, unsigned char, bool, bool)
                0x00000000c00258c4                APIC::installIRQHandler(int, void (*)(regs*, void*), bool, void*)
 .text          0x00000000c0025a7a      0x3d3 hw/intctrl/pic.32
                0x00000000c0025a7a                PIC::disable()
                0x00000000c0025aa8                PIC::close(int, int, void*)
                0x00000000c0025aca                PIC::PIC()
                0x00000000c0025aca                PIC::PIC()
                0x00000000c0025ba0                PIC::ioWait()
                0x00000000c0025ba6                PIC::getIRQReg(int)
                0x00000000c0025c10                PIC::eoi(unsigned char)
                0x00000000c0025ca2                PIC::remap()
                0x00000000c0025e0e                PIC::open(int, int, void*)
 *fill*         0x00000000c0025e4d        0x1 
 .text          0x00000000c0025e4e      0x25e hw/timer/apictimer.32
                0x00000000c0025e4e                APICTimer::close(int, int, void*)
                0x00000000c0025e54                apicTimerHandler(regs*, void*)
                0x00000000c0025e82                APICTimer::write(int)
                0x00000000c0025f86                APICTimer::open(int, int, void*)
                0x00000000c0026084                APICTimer::APICTimer()
                0x00000000c0026084                APICTimer::APICTimer()
 .text          0x00000000c00260ac      0x1a7 hw/timer/pit.32
                0x00000000c00260ac                PIT::write(int)
                0x00000000c002612a                pitHandler(regs*, void*)
                0x00000000c0026156                PIT::open(int, int, void*)
                0x00000000c00261a4                PIT::close(int, int, void*)
                0x00000000c00261d4                PIT::PIT()
                0x00000000c00261d4                PIT::PIT()
 *fill*         0x00000000c0026253        0xd 
 .text          0x00000000c0026260       0x1e hw/fpu/x86/avx.32
                0x00000000c0026260                avxDetect
                0x00000000c0026266                avxSave
                0x00000000c0026267                avxLoad
                0x00000000c0026268                avxInit
                0x00000000c0026269                avxClose
                0x00000000c002626a                wouldSheSayYes
 *fill*         0x00000000c002627e        0x2 
 .text          0x00000000c0026280       0x35 hw/fpu/x86/sse.32
                0x00000000c0026280                absolutelyNoChanceInHell
                0x00000000c0026280                sseDetect
                0x00000000c0026298                sseSave
                0x00000000c002629e                sseLoad
                0x00000000c00262a4                sseInit
                0x00000000c00262b4                sseClose
 *fill*         0x00000000c00262b5        0xb 
 .text          0x00000000c00262c0       0x4d hw/fpu/x86/x87.32
                0x00000000c00262c6                x87Detect
                0x00000000c00262e1                x87Save
                0x00000000c00262ea                x87Load
                0x00000000c00262f2                x87Init
                0x00000000c002630c                x87Close
 *fill*         0x00000000c002630d        0x3 
 .text          0x00000000c0026310       0x25 /cygdrive/d/Users/Alex/Desktop/Toolchain/Output/bin/../lib/gcc/i386-banana/8.1.0/crtend.o
 .text          0x00000000c0026335        0x0 crtn.32
 *fill*         0x00000000c0026335        0x3 
 .text          0x00000000c0026338      0x14b /cygdrive/d/Users/Alex/Desktop/Toolchain/Output/bin/../lib/gcc/i386-banana/8.1.0/libkgcc.a(_divdi3.o)
                0x00000000c0026338                __divdi3
 *fill*         0x00000000c0026483        0x1 
 .text          0x00000000c0026484      0x17e /cygdrive/d/Users/Alex/Desktop/Toolchain/Output/bin/../lib/gcc/i386-banana/8.1.0/libkgcc.a(_moddi3.o)
                0x00000000c0026484                __moddi3
 *fill*         0x00000000c0026602        0x2 
 .text          0x00000000c0026604       0xff /cygdrive/d/Users/Alex/Desktop/Toolchain/Output/bin/../lib/gcc/i386-banana/8.1.0/libkgcc.a(_udivdi3.o)
                0x00000000c0026604                __udivdi3
 *fill*         0x00000000c0026703        0x1 
 .text          0x00000000c0026704      0x11a /cygdrive/d/Users/Alex/Desktop/Toolchain/Output/bin/../lib/gcc/i386-banana/8.1.0/libkgcc.a(_umoddi3.o)
                0x00000000c0026704                __umoddi3
 .text          0x00000000c002681e      0x96d D:/Users/Alex/Desktop/Banana/kernel/libsoftfp.a(sfieeelib.o)
                0x00000000c002681e                __addsf3
                0x00000000c0026b20                __subsf3
                0x00000000c0026b34                __negsf2
                0x00000000c0026b41                __mulsf3
                0x00000000c0026d04                __divsf3
                0x00000000c0026f2f                __floatsisf
                0x00000000c0026fa3                __floatunsisf
                0x00000000c0026fe5                __fixsfsi
                0x00000000c0027047                __fixunssfsi
                0x00000000c0027078                __cmpsf2
                0x00000000c002710d                __eqsf2
                0x00000000c0027148                __nesf2
                0x00000000c002714a                __gtsf2
                0x00000000c0027185                __gesf2
                0x00000000c0027187                __ltsf2
                0x00000000c0027189                __lesf2
 .text          0x00000000c002718b      0xf50 D:/Users/Alex/Desktop/Banana/kernel/libsoftfp.a(dfieeelib.o)
                0x00000000c002718b                __adddf3
                0x00000000c00277dc                __subdf3