Archive member included to satisfy reference by file (symbol)

/cygdrive/d/Users/Alex/Desktop/Toolchain/Output/bin/../lib/gcc/i386-banana/8.1.0/libgcc.a(_divdi3.o)
                              fs/fat/ff.32 (__divdi3)
/cygdrive/d/Users/Alex/Desktop/Toolchain/Output/bin/../lib/gcc/i386-banana/8.1.0/libgcc.a(_moddi3.o)
                              thr/elf.32 (__moddi3)
/cygdrive/d/Users/Alex/Desktop/Toolchain/Output/bin/../lib/gcc/i386-banana/8.1.0/libgcc.a(_udivdi3.o)
                              fs/fat/ff.32 (__udivdi3)
/cygdrive/d/Users/Alex/Desktop/Toolchain/Output/bin/../lib/gcc/i386-banana/8.1.0/libgcc.a(_umoddi3.o)
                              core/pipe.32 (__umoddi3)
D:/Users/Alex/Desktop/Banana/kernel/libk/libm32.a(s_fabs.c.o)
                              hal/libresample/samplerate.32 (fabs)
D:/Users/Alex/Desktop/Banana/kernel/libk/libm32.a(s_lrint.S.o)
                              hal/libresample/samplerate.32 (lrint)
D:/Users/Alex/Desktop/Banana/kernel/libk/libm32.a(s_lrintf.S.o)
                              hal/sound/sndhw.32 (lrintf)

Discarded input sections

 .comment       0x0000000000000000       0x12 /cygdrive/d/Users/Alex/Desktop/Toolchain/Output/bin/../lib/gcc/i386-banana/8.1.0/crtbegin.o
 .comment       0x0000000000000000       0x12 acpica/utclib.32
 .comment       0x0000000000000000       0x12 core/malloc.32
 .comment       0x0000000000000000       0x12 libk/string.32
 .comment       0x0000000000000000       0x12 fs/fat/diskio.32
 .comment       0x0000000000000000       0x12 fs/fat/ff.32
 .comment       0x0000000000000000       0x12 fs/fat/ffsystem.32
 .comment       0x0000000000000000       0x12 fs/fat/ffunicode.32
 .comment       0x0000000000000000       0x12 hal/libresample/samplerate.32
 .comment       0x0000000000000000       0x12 hal/libresample/src_linear.32
 .comment       0x0000000000000000       0x12 hal/libresample/src_sinc.32
 .comment       0x0000000000000000       0x12 hal/libresample/src_zoh.32
 .group         0x0000000000000000       0x14 core/computer.32
 .group         0x0000000000000000        0xc core/computer.32
 .comment       0x0000000000000000       0x12 core/computer.32
 .comment       0x0000000000000000       0x12 core/gdt.32
 .group         0x0000000000000000        0xc core/idle.32
 .comment       0x0000000000000000       0x12 core/idle.32
 .comment       0x0000000000000000       0x12 core/idt.32
 .group         0x0000000000000000        0x8 core/kconsole.32
 .group         0x0000000000000000        0x8 core/kconsole.32
 .group         0x0000000000000000        0x8 core/kconsole.32
 .group         0x0000000000000000        0x8 core/kconsole.32
 .comment       0x0000000000000000       0x12 core/kconsole.32
 .group         0x0000000000000000        0x8 core/kheap.32
 .group         0x0000000000000000        0x8 core/kheap.32
 .text._ZN3CPU7readCR3Ev
                0x0000000000000000       0x12 core/kheap.32
 .comment       0x0000000000000000       0x12 core/kheap.32
 .comment       0x0000000000000000       0x12 core/main.32
 .comment       0x0000000000000000       0x12 core/physmgr.32
 .group         0x0000000000000000        0xc core/pipe.32
 .comment       0x0000000000000000       0x12 core/pipe.32
 .comment       0x0000000000000000       0x12 core/syscalls.32
 .group         0x0000000000000000        0xc core/terminal.32
 .comment       0x0000000000000000       0x12 core/terminal.32
 .group         0x0000000000000000        0x8 core/tss.32
 .text._ZN3CPU7readCR3Ev
                0x0000000000000000       0x12 core/tss.32
 .comment       0x0000000000000000       0x12 core/tss.32
 .group         0x0000000000000000        0x8 core/unixfile.32
 .group         0x0000000000000000        0xc core/unixfile.32
 .group         0x0000000000000000        0x8 core/unixfile.32
 .group         0x0000000000000000        0xc core/unixfile.32
 .group         0x0000000000000000        0x8 core/unixfile.32
 .group         0x0000000000000000        0xc core/unixfile.32
 .group         0x0000000000000000        0xc core/unixfile.32
 .group         0x0000000000000000        0xc core/unixfile.32
 .comment       0x0000000000000000       0x12 core/unixfile.32
 .group         0x0000000000000000        0x8 core/virtmgr.32
 .group         0x0000000000000000        0x8 core/virtmgr.32
 .text._ZN3CPU7readCR3Ev
                0x0000000000000000       0x12 core/virtmgr.32
 .text._ZN3CPU8writeCR3Em
                0x0000000000000000        0x9 core/virtmgr.32
 .comment       0x0000000000000000       0x12 core/virtmgr.32
 .comment       0x0000000000000000       0x12 coreobjs/c++.32
 .comment       0x0000000000000000       0x12 debugger/debug.32
 .group         0x0000000000000000        0xc fs/vfs.32
 .group         0x0000000000000000        0xc fs/vfs.32
 .group         0x0000000000000000        0xc fs/vfs.32
 .comment       0x0000000000000000       0x12 fs/vfs.32
 .group         0x0000000000000000        0xc hal/bus.32
 .comment       0x0000000000000000       0x12 hal/bus.32
[...]
Memory Configuration

Name             Origin             Length             Attributes
*default*        0x0000000000000000 0xffffffffffffffff

Linker script and memory map

LOAD D:/Users/Alex/Desktop/Banana/kernel/boot.32
LOAD crti.32
LOAD /cygdrive/d/Users/Alex/Desktop/Toolchain/Output/bin/../lib/gcc/i386-banana/8.1.0/crtbegin.o
LOAD D:/Users/Alex/Desktop/Banana/kernel/morenasm.32
LOAD acpica/utclib.32
LOAD core/malloc.32
LOAD libk/string.32
LOAD fs/fat/diskio.32
LOAD fs/fat/ff.32
LOAD fs/fat/ffsystem.32
LOAD fs/fat/ffunicode.32
LOAD hal/libresample/samplerate.32
LOAD hal/libresample/src_linear.32
LOAD hal/libresample/src_sinc.32
LOAD hal/libresample/src_zoh.32
LOAD core/computer.32
LOAD core/gdt.32
LOAD core/idle.32
LOAD core/idt.32
LOAD core/kconsole.32
LOAD core/kheap.32
LOAD core/main.32
LOAD core/physmgr.32
LOAD core/pipe.32
LOAD core/syscalls.32
LOAD core/terminal.32
LOAD core/tss.32
LOAD core/unixfile.32
LOAD core/virtmgr.32
LOAD coreobjs/c++.32
LOAD debugger/debug.32
LOAD fs/vfs.32
LOAD hal/bus.32
LOAD hal/buzzer.32
LOAD hal/clock.32
LOAD hal/device.32
LOAD hal/diskctrl.32
LOAD hal/diskphys.32
LOAD hal/fpu.32
LOAD hal/intctrl.32
LOAD hal/keybrd.32
LOAD hal/logidisk.32
LOAD hal/mouse.32
LOAD hal/partition.32
LOAD hal/timer.32
LOAD hal/vcache.32
LOAD hal/video.32
LOAD hw/acpi.32
LOAD hw/cpu.32
LOAD hw/ports.32
LOAD registry/registry.32
LOAD syscalls/sc_exit.32
LOAD syscalls/sc_loaddll.32
LOAD syscalls/sc_read.32
LOAD syscalls/sc_sbrk.32
LOAD syscalls/sc_write.32
LOAD syscalls/sc_yield.32
LOAD thr/elf.32
LOAD thr/prcssthr.32
LOAD vm86/vm8086.32
LOAD fs/fat/vfslink.32
LOAD fs/iso9660/vfslink.32
LOAD hal/sound/sndchannel.32
LOAD hal/sound/sndhw.32
LOAD hw/bus/isa.32
LOAD hw/bus/pci.32
LOAD hw/diskctrl/ide.32
LOAD hw/diskphys/ata.32
LOAD hw/diskphys/atapi.32
LOAD hw/fpu/avx.32
LOAD hw/fpu/mmx.32
LOAD hw/fpu/sse.32
LOAD hw/fpu/x87.32
LOAD hw/intctrl/apic.32
LOAD hw/intctrl/pic.32
LOAD hw/timer/apictimer.32
LOAD hw/timer/pit.32
LOAD hw/fpu/x86/avx.32
LOAD hw/fpu/x86/sse.32
LOAD hw/fpu/x86/x87.32
LOAD /cygdrive/d/Users/Alex/Desktop/Toolchain/Output/bin/../lib/gcc/i386-banana/8.1.0/crtend.o
LOAD crtn.32
LOAD /cygdrive/d/Users/Alex/Desktop/Toolchain/Output/bin/../lib/gcc/i386-banana/8.1.0/libgcc.a
LOAD D:/Users/Alex/Desktop/Banana/kernel/libk/libm32.a
                0x00000000c0000000                . = 0xc0000000

.text           0x00000000c0000000    0x1e328
 *(.text)
 .text          0x00000000c0000000       0x41 D:/Users/Alex/Desktop/Banana/kernel/boot.32
                0x00000000c0000020                callGlobalConstructors
 .text          0x00000000c0000041        0x0 crti.32
 *fill*         0x00000000c0000041        0x3 
 .text          0x00000000c0000044      0x101 /cygdrive/d/Users/Alex/Desktop/Toolchain/Output/bin/../lib/gcc/i386-banana/8.1.0/crtbegin.o
 *fill*         0x00000000c0000145        0xb 
 .text          0x00000000c0000150      0x41f D:/Users/Alex/Desktop/Banana/kernel/morenasm.32
                0x00000000c0000150                doTPAUSE
                0x00000000c000015a                hasLegacyFPU
                0x00000000c000017f                is486
                0x00000000c00001b5                goToVM86
                0x00000000c00001e6                goToUsermode
                0x00000000c0000211                switchToThreadASMFirstTime
                0x00000000c000021f                switchToThreadASM
                0x00000000c00002bf                detectCPUID
                0x00000000c00002d5                asmQuickAcquireLock
                0x00000000c00002f3                asmQuickReleaseLock
                0x00000000c00002ff                asmAcquireLock
                0x00000000c0000320                asmReleaseLock
                0x00000000c0000333                loadGDT
                0x00000000c0000353                isr0
                0x00000000c0000363                isr1
                0x00000000c000036d                isr2
                0x00000000c0000377                isr3
                0x00000000c0000381                isr4
                0x00000000c000038b                isr5
                0x00000000c0000395                isr6
                0x00000000c000039f                isr7
                0x00000000c00003a9                isr8
                0x00000000c00003b1                isr9
                0x00000000c00003bb                isr10
                0x00000000c00003c3                isr11
                0x00000000c00003cb                isr12
                0x00000000c00003d3                isr13
                0x00000000c00003db                isr14
                0x00000000c00003e3                isr15
                0x00000000c00003ed                isr16
                0x00000000c00003f7                isr17
                0x00000000c0000401                isr18
                0x00000000c000040b                isr96
                0x00000000c0000415                irq0
                0x00000000c000041f                irq1
                0x00000000c0000429                irq2
                0x00000000c0000433                irq3
                0x00000000c000043d                irq4
                0x00000000c0000447                irq5
                0x00000000c0000451                irq6
                0x00000000c000045b                irq7
                0x00000000c0000465                irq8
                0x00000000c000046f                irq9
                0x00000000c0000479                irq10
                0x00000000c0000483                irq11
                0x00000000c000048d                irq12
                0x00000000c0000497                irq13
                0x00000000c00004a1                irq14
                0x00000000c00004ab                irq15
                0x00000000c00004b5                irq16
                0x00000000c00004bf                irq17
                0x00000000c00004c9                irq18
                0x00000000c00004d3                irq19
                0x00000000c00004dd                irq20
                0x00000000c00004e7                irq21
                0x00000000c00004f1                irq22
                0x00000000c00004fb                irq23
                0x00000000c0000505                int_common_stub
                0x00000000c0000535                syscall_common_stub
 .text          0x00000000c000056f      0x40f acpica/utclib.32
                0x00000000c000056f                memcmp
                0x00000000c000059a                memmove
                0x00000000c00005d2                memcpy
                0x00000000c0000608                memset
                0x00000000c0000625                strlen
                0x00000000c0000635                strpbrk
                0x00000000c0000658                strtok
                0x00000000c00006a7                strcpy
                0x00000000c00006c7                strncpy
                0x00000000c00006f8                strcmp
                0x00000000c0000719                strchr
                0x00000000c000072f                strncmp
                0x00000000c000075e                strcat
                0x00000000c0000785                strncat
                0x00000000c00007bf                strstr
                0x00000000c00007fc                toupper
                0x00000000c0000810                tolower
                0x00000000c0000824                simple_strtoul
 .text          0x00000000c000097e      0xfbf core/malloc.32
                0x00000000c0000ae9                dlfree
                0x00000000c0000e44                dlmalloc
                0x00000000c0001381                dlrealloc
                0x00000000c0001536                dlmemalign
                0x00000000c0001659                dlcalloc
                0x00000000c00016f3                dlcfree
                0x00000000c00016f8                dlindependent_calloc
                0x00000000c000171d                dlindependent_comalloc
                0x00000000c0001734                dlvalloc
                0x00000000c000175f                dlpvalloc
                0x00000000c0001795                dlmalloc_trim
                0x00000000c00017a2                dlmalloc_usable_size
                0x00000000c00017d3                dlmallinfo
                0x00000000c00018a2                dlmalloc_stats
                0x00000000c00018b3                dlmallopt
 .text          0x00000000c000193d        0x0 libk/string.32
 .text          0x00000000c000193d       0x51 fs/fat/diskio.32
                0x00000000c000193d                disk_status
                0x00000000c0001940                disk_initialize
                0x00000000c0001943                disk_read
                0x00000000c0001959                disk_write
                0x00000000c000196f                disk_ioctl
 .text          0x00000000c000198e     0x6833 fs/fat/ff.32
                0x00000000c0004c5c                f_mount
                0x00000000c0004cbe                f_open
                0x00000000c00050fa                f_read
                0x00000000c000537a                f_write
                0x00000000c0005634                f_sync
                0x00000000c0005810                f_close
                0x00000000c000583f                f_lseek
                0x00000000c0005cf6                f_opendir
                0x00000000c0005df8                f_closedir
                0x00000000c0005e1a                f_readdir
                0x00000000c0005eb5                f_stat
                0x00000000c0005f44                f_getfree
                0x00000000c000610f                f_truncate
                0x00000000c0006207                f_unlink
                0x00000000c000638a                f_mkdir
                0x00000000c00065b6                f_rename
                0x00000000c00068a9                f_chmod
                0x00000000c0006987                f_utime
                0x00000000c0006a65                f_getlabel
                0x00000000c0006c53                f_setlabel
                0x00000000c0006ec0                f_forward
                0x00000000c000709e                f_mkfs
 .text          0x00000000c00081c1       0x2d fs/fat/ffsystem.32
                0x00000000c00081c1                ff_memalloc
                0x00000000c00081d7                ff_memfree
 .text          0x00000000c00081ee      0x253 fs/fat/ffunicode.32
                0x00000000c00081ee                ff_uni2oem
                0x00000000c000827e                ff_oem2uni
                0x00000000c00082ea                ff_wtoupper
 .text          0x00000000c0008441      0x70e hal/libresample/samplerate.32
                0x00000000c00084c9                src_delete
                0x00000000c0008505                src_process
                0x00000000c000862d                src_callback_read
                0x00000000c000878e                src_set_ratio
                0x00000000c00087e5                src_get_channels
                0x00000000c0008807                src_reset
                0x00000000c000884b                src_new
                0x00000000c00088d9                src_callback_new
                0x00000000c000893b                src_get_name
                0x00000000c0008972                src_get_description
                0x00000000c00089a9                src_get_version
                0x00000000c00089af                src_is_valid_ratio
                0x00000000c00089c9                src_error
                0x00000000c00089d7                src_strerror
                0x00000000c00089ea                src_simple
                0x00000000c0008a3d                src_short_to_float_array
                0x00000000c0008a63                src_float_to_short_array
                0x00000000c0008ac7                src_int_to_float_array
                0x00000000c0008aed                src_float_to_int_array
 .text          0x00000000c0008b4f      0x3fd hal/libresample/src_linear.32
                0x00000000c0008ea7                linear_get_name
                0x00000000c0008eb6                linear_get_description
                0x00000000c0008ec5                linear_set_converter
 .text          0x00000000c0008f4c     0x1a3f hal/libresample/src_sinc.32
                0x00000000c000a8a2                sinc_get_name
                0x00000000c000a8b5                sinc_get_description
                0x00000000c000a8c8                sinc_set_converter
 .text          0x00000000c000a98b      0x3d3 hal/libresample/src_zoh.32
                0x00000000c000acb9                zoh_get_name
                0x00000000c000acc8                zoh_get_description
                0x00000000c000acd7                zoh_set_converter
 .text          0x00000000c000ad5e      0x68f core/computer.32
                0x00000000c000ad5e                Computer::close(int, int, void*)
                0x00000000c000ada2                Computer::Computer()
                0x00000000c000ada2                Computer::Computer()
                0x00000000c000aefe                Computer::setBootMessage(char const*)
                0x00000000c000af00                Computer::start()
                0x00000000c000afdc                firstTask()
                0x00000000c000afea                Computer::detectFeatures()
                0x00000000c000b1c4                Computer::displayFeatures()
                0x00000000c000b1c6                Computer::rdmsr(unsigned int)
                0x00000000c000b1f2                Computer::wrmsr(unsigned int, unsigned long long)
                0x00000000c000b22a                Computer::nmiEnabled()
                0x00000000c000b236                Computer::readCMOS(unsigned char)
                0x00000000c000b250                Computer::enableNMI(bool)
                0x00000000c000b268                Computer::open(int, int, void*)
                0x00000000c000b330                Computer::disableNMI()
                0x00000000c000b33e                Computer::writeCMOS(unsigned char, unsigned char)
                0x00000000c000b35c                Computer::handleNMI()
                0x00000000c000b3c2                Computer::setDiskActivityLight(int, bool)
 *fill*         0x00000000c000b3ed        0x1 
 .text          0x00000000c000b3ee      0x1b7 core/gdt.32
                0x00000000c000b3ee                GDTEntry::setBase(unsigned int)
                0x00000000c000b40a                GDTEntry::setLimit(unsigned int)
                0x00000000c000b428                GDT::GDT()
                0x00000000c000b428                GDT::GDT()
                0x00000000c000b43e                GDT::addEntry(GDTEntry)
                0x00000000c000b47a                GDT::getNumberOfEntries()
                0x00000000c000b482                GDT::flush()
                0x00000000c000b4a4                GDT::setup()
 .text          0x00000000c000b5a5       0x61 core/idle.32
                0x00000000c000b5a5                idleFunction(void*)
 .text          0x00000000c000b606      0x45f core/idt.32
                0x00000000c000b606                IDTEntry::IDTEntry(bool)
                0x00000000c000b606                IDTEntry::IDTEntry(bool)
                0x00000000c000b674                IDTEntry::setOffset(unsigned int)
                0x00000000c000b688                IDT::IDT()
                0x00000000c000b688                IDT::IDT()
                0x00000000c000b68a                IDT::getPointerToInvalidOpcodeEntryForF00F()
                0x00000000c000b692                IDT::addEntry(IDTEntry, int)
                0x00000000c000b6ac                IDT::addEntry(int, void (*)(), bool)
                0x00000000c000b6e4                IDT::flush()
                0x00000000c000b6fe                IDT::setup()
 .text          0x00000000c000ba65      0x519 core/kconsole.32
                0x00000000c000ba65                stringifyxWithBase(unsigned int, char*, int)
                0x00000000c000bac6                logc(char)
                0x00000000c000badd                logs(char*)
                0x00000000c000bafa                logWriteInt(unsigned int)
                0x00000000c000bb17                logWriteIntBase(unsigned int, int)
                0x00000000c000bb36                kprintf(char const*, ...)
                0x00000000c000bc54                panic(char const*)
 .text          0x00000000c000bf7e      0x20d core/kheap.32
                0x00000000c000bf7e                sbrk
                0x00000000c000c096                mmap
                0x00000000c000c0ac                munmap
                0x00000000c000c0c2                liballoc_lock()
                0x00000000c000c0d3                liballoc_unlock()
                0x00000000c000c0e4                liballoc_alloc(int)
                0x00000000c000c0ff                liballoc_free(void*, int)
                0x00000000c000c11d                realloc
                0x00000000c000c131                malloc
                0x00000000c000c141                free
                0x00000000c000c151                rfree
                0x00000000c000c161                calloc
 .text          0x00000000c000c18b      0x38d core/main.32
                0x00000000c000c18b                hwTextMode_loadInData(VgaText*)
                0x00000000c000c1d0                hwTextMode_loadInTitle(VgaText*, char*)
                0x00000000c000c212                hwTextMode_showCursor(VgaText*, bool)
                0x00000000c000c266                hwTextMode_update(VgaText*)
                0x00000000c000c267                hwTextMode_updateCursor(VgaText*)
                0x00000000c000c2af                hwTextMode_disableBlink(VgaText*, bool)
                0x00000000c000c2eb                hwTextMode_scrollScreen(VgaText*)
                0x00000000c000c371                hwTextMode_writeCharacter(VgaText*, char, VgaColour, VgaColour, int, int)
                0x00000000c000c3cf                setupTextMode()
                0x00000000c000c420                kernel_main
 .text          0x00000000c000c518      0x46c core/physmgr.32
                0x00000000c000c518                Phys::allocateDMA(unsigned long)
                0x00000000c000c5bb                Phys::freeDMA(unsigned long, unsigned long)
                0x00000000c000c603                Phys::setPageState(unsigned long, bool)
                0x00000000c000c635                Phys::getPageState(unsigned long)
                0x00000000c000c651                Phys::freePage(unsigned long)
                0x00000000c000c6db                Phys::allocatePage()
                0x00000000c000c797                Phys::allowSegmentToBeUsed(unsigned long, unsigned long)
                0x00000000c000c7cf                Phys::physicalMemorySetup(unsigned int)
 .text          0x00000000c000c984      0x273 core/pipe.32
                0x00000000c000c984                Pipe::isAtty()
                0x00000000c000c988                Pipe::~Pipe()
                0x00000000c000c988                Pipe::~Pipe()
                0x00000000c000c9ac                Pipe::~Pipe()
                0x00000000c000c9d4                Pipe::read(unsigned long long, void*, int*)
                0x00000000c000cac8                Pipe::write(unsigned long long, void*, int*)
                0x00000000c000cb90                Pipe::Pipe(int)
                0x00000000c000cb90                Pipe::Pipe(int)
 .text          0x00000000c000cbf7      0xd94 core/syscalls.32
                0x00000000c000cbf7                sysCallGetPID(regs*)
                0x00000000c000cc03                sysCallSeekDir(regs*)
                0x00000000c000cc08                sysCallTellDir(regs*)
                0x00000000c000cc0d                sysCallVerify(regs*)
                0x00000000c000cc17                sysCallGetArgc(regs*)
                0x00000000c000cc27                sysFormatDisk(regs*)
                0x00000000c000cc91                sysSetDiskVolumeLabel(regs*)
                0x00000000c000ccd7                sysGetDiskVolumeLabel(regs*)
                0x00000000c000cd28                sysShutdown(regs*)
                0x00000000c000cd70                sysCallGetCwd(regs*)
                0x00000000c000cd8f                sysCallSetCwd(regs*)
                0x00000000c000cdab                sysCallRealpath(regs*)
                0x00000000c000cdee                sysCallOpen(regs*)
                0x00000000c000cede                sysCallReadDir(regs*)
                0x00000000c000cf4d                sysCallIsATTY(regs*)
                0x00000000c000cfa0                sysCallSeek(regs*)
                0x00000000c000cff1                sysCallTell(regs*)
                0x00000000c000d03d                sysCallSizeFromFilename(regs*)
                0x00000000c000d0b6                sysCallSize(regs*)
                0x00000000c000d108                sysCallClose(regs*)
                0x00000000c000d156                sysCallOpenDir(regs*)
                0x00000000c000d1c3                sysCallMakeDir(regs*)
                0x00000000c000d21c                sysCallCloseDir(regs*)
                0x00000000c000d26a                sysCallWait(regs*)
                0x00000000c000d284                sysCallFork(regs*)
                0x00000000c000d2a0                sysCallExecve(regs*)
                0x00000000c000d2f5                sysCallRmdir(regs*)
                0x00000000c000d347                sysCallUnlink(regs*)
                0x00000000c000d399                sysCallGetArgv(regs*)
                0x00000000c000d3e5                sysCallTTYName(regs*)
                0x00000000c000d461                sysCallGetEnv(regs*)
                0x00000000c000d4b3                sysCallUSleep(regs*)
                0x00000000c000d4da                sysCallSpawn(regs*)
                0x00000000c000d54a                sysAppSettings(regs*)
                0x00000000c000d669                sysSetFatAttrib(regs*)
                0x00000000c000d6c9                sysPanic(regs*)
                0x00000000c000d6ef                sysPipe(regs*)
                0x00000000c000d734                sysGetUnixTime(regs*)
                0x00000000c000d748                string_ends_with(char const*, char const*)
                0x00000000c000d790                setupSystemCalls()
                0x00000000c000d949                systemCall(regs*, void*)
 *fill*         0x00000000c000d98b        0x1 
 .text          0x00000000c000d98c      0xf65 core/terminal.32
                0x00000000c000d98c                VgaText::isAtty()
                0x00000000c000d990                VgaText::~VgaText()
                0x00000000c000d990                VgaText::~VgaText()
                0x00000000c000d9b4                VgaText::~VgaText()
                0x00000000c000d9de                VgaText::read(unsigned long long, void*, int*)
                0x00000000c000d9fe                setTerminalScrollLock(bool)
                0x00000000c000d9ff                addToTerminalCycle(VgaText*)
                0x00000000c000da2c                installVgaTextImplementation()
                0x00000000c000da41                scrollTerminalScrollLock(int)
                0x00000000c000da42                VgaText::load()
                0x00000000c000da96                VgaText::updateCursor()
                0x00000000c000dab0                VgaText::showCursor(bool)
                0x00000000c000dac0                VgaText::disableBlink(bool)
                0x00000000c000dafa                VgaText::doANSI_SGR(int)
                0x00000000c000db86                VgaText::setDefaultBgColour(VgaColour)
                0x00000000c000db9c                VgaText::setDefaultFgColour(VgaColour)
                0x00000000c000dbb2                VgaText::setDefaultColours(VgaColour, VgaColour)
                0x00000000c000dbd2                VgaText::combineColours(unsigned char, unsigned char)
                0x00000000c000dbe4                VgaText::scrollScreen()
                0x00000000c000dc78                VgaText::combineCharAndColour(char, unsigned char)
                0x00000000c000dc8a                VgaText::writeCharacter(char, VgaColour, VgaColour, int, int)
                0x00000000c000dcea                VgaText::getCursorX()
                0x00000000c000dcf6                VgaText::getCursorY()
                0x00000000c000dd02                VgaText::setCursor(int, int)
                0x00000000c000dd20                VgaText::setCursorX(int)
                0x00000000c000dd3c                VgaText::setCursorY(int)
                0x00000000c000dd58                VgaText::incrementCursor(bool)
                0x00000000c000ddc0                VgaText::updateRAMUsageDisplay(int)
                0x00000000c000de1a                VgaText::updateDiskUsage()
                0x00000000c000df80                VgaText::updateTitle()
                0x00000000c000dfc6                VgaText::setTitleTextColour(VgaColour)
                0x00000000c000dfd6                VgaText::setTitleColour(VgaColour)
                0x00000000c000dfe6                VgaText::setTitle(char*)
                0x00000000c000e00c                VgaText::decrementCursor(bool)
                0x00000000c000e034                VgaText::putchar(char, VgaColour, VgaColour)
                0x00000000c000e130                VgaText::isShowingCursor()
                0x00000000c000e13c                VgaText::isBlinkDisabled()
                0x00000000c000e14a                VgaText::setCursorHeight(int)
                0x00000000c000e168                VgaText::getCursorHeight()
                0x00000000c000e173                setActiveTerminal(VgaText*)
                0x00000000c000e225                doTerminalCycle()
                0x00000000c000e242                VgaText::doUpdate()
                0x00000000c000e254                VgaText::puts(char const*, VgaColour, VgaColour)
                0x00000000c000e414                VgaText::clearScreen()
                0x00000000c000e478                VgaText::putchar(char)
                0x00000000c000e592                VgaText::puts(char const*)
                0x00000000c000e5b8                VgaText::putx(unsigned int)
                0x00000000c000e5fe                VgaText::VgaText(char const*)
                0x00000000c000e5fe                VgaText::VgaText(char const*)
                0x00000000c000e790                VgaText::receiveKey(unsigned char)
                0x00000000c000e878                VgaText::write(unsigned long long, void*, int*)
                0x00000000c000e8cc                newTerminal(char*)
 *fill*         0x00000000c000e8f1        0x1 
 .text          0x00000000c000e8f2      0x18f core/tss.32
                0x00000000c000e8f2                TSS::TSS()
                0x00000000c000e8f2                TSS::TSS()
                0x00000000c000e900                TSS::setESP(unsigned long)
                0x00000000c000e912                TSS::flush()
                0x00000000c000e932                TSS::setup(unsigned long, unsigned long)
 *fill*         0x00000000c000ea81        0x1 
 .text          0x00000000c000ea82      0x32f core/unixfile.32
                0x00000000c000ea82                ReservedFilename::isAtty()
                0x00000000c000ea98                ReservedFilename::read(unsigned long long, void*, int*)
                0x00000000c000eb2a                ReservedFilename::write(unsigned long long, void*, int*)
                0x00000000c000ebc0                UnixFile::getFileDescriptor()
                0x00000000c000ebc8                UnixFile::UnixFile(int)
                0x00000000c000ebc8                UnixFile::UnixFile(int)
                0x00000000c000ec04                ReservedFilename::ReservedFilename(int)
                0x00000000c000ec04                ReservedFilename::ReservedFilename(int)
                0x00000000c000ec2c                UnixFile::~UnixFile()
                0x00000000c000ec2c                UnixFile::~UnixFile()
                0x00000000c000ecb2                UnixFile::~UnixFile()
                0x00000000c000ecda                ReservedFilename::~ReservedFilename()
                0x00000000c000ecda                ReservedFilename::~ReservedFilename()
                0x00000000c000ecfe                ReservedFilename::~ReservedFilename()
                0x00000000c000ed25                getFromFileDescriptor(int)
 *fill*         0x00000000c000edb1        0x1 
 .text          0x00000000c000edb2     0x1175 core/virtmgr.32
                0x00000000c000edb2                Virt::setPageState(unsigned long, Virt::VirtPageState)
                0x00000000c000ede7                Virt::getPageState(unsigned long)
                0x00000000c000ee0b                Virt::allocateKernelVirtualPages(int)
                0x00000000c000ef1c                Virt::virtualMemorySetup()
                0x00000000c000ef9b                Virt::getAKernelVAS()
                0x00000000c000efa1                Virt::setupPageSwapping(int)
                0x00000000c000f0c6                VAS::VAS()
                0x00000000c000f0c6                VAS::VAS()
                0x00000000c000f0f6                VAS::getForeignPageTableEntry(bool, unsigned long)
                0x00000000c000f122                VAS::getPageTableEntry(unsigned long)
                0x00000000c000f141                Virt::freeKernelVirtualPages(unsigned long)
                0x00000000c000f264                VAS::freeAllocatedPages(unsigned long)
                0x00000000c000f288                VAS::virtualToPhysical(unsigned long)
                0x00000000c000f2a0                VAS::mapOtherVASIn(bool, VAS*)
                0x00000000c000f2d6                VAS::~VAS()
                0x00000000c000f2d6                VAS::~VAS()
                0x00000000c000f442                VAS::mapPage(unsigned long, unsigned long, int)
                0x00000000c000f542                VAS::allocatePages(int, int)
                0x00000000c000f712                VAS::setCPUSpecific(unsigned long)
                0x00000000c000f72e                VAS::mapRange(unsigned long, unsigned long, int, int)
                0x00000000c000f7f8                VAS::VAS(VAS*)
                0x00000000c000f7f8                VAS::VAS(VAS*)
                0x00000000c000fb42                VAS::mapForeignPage(bool, VAS*, unsigned long, unsigned long, int)
                0x00000000c000fc30                VAS::VAS(bool)
                0x00000000c000fc30                VAS::VAS(bool)
                0x00000000c000fe60                mapVASFirstTime
 .text          0x00000000c000ff27       0x93 coreobjs/c++.32
                0x00000000c000ff27                __cxa_atexit
                0x00000000c000ff2a                __cxa_finalize
                0x00000000c000ff2b                __stack_chk_fail
                0x00000000c000ff8b                __cxa_pure_virtual
                0x00000000c000ff9c                operator new(unsigned long)
                0x00000000c000ffa1                operator new[](unsigned long)
                0x00000000c000ffa6                operator delete(void*)
                0x00000000c000ffab                operator delete(void*, unsigned long)
                0x00000000c000ffb0                operator delete[](void*)
                0x00000000c000ffb5                operator delete[](void*, unsigned long)
 .text          0x00000000c000ffba        0x0 debugger/debug.32
 .text          0x00000000c000ffba      0xb68 fs/vfs.32
                0x00000000c000ffba                File::read(unsigned long long, void*, int*)
                0x00000000c0010012                File::write(unsigned long long, void*, int*)
                0x00000000c001006a                Directory::read(unsigned long long, void*, int*)
                0x00000000c00100c2                Directory::write(unsigned long long, void*, int*)
                0x00000000c00100f0                File::isAtty()
                0x00000000c00100f4                Directory::isAtty()
                0x00000000c00100f8                Filesystem::getlabel(LogicalDisk*, int, char*, unsigned int*)
                0x00000000c00100fe                Filesystem::setlabel(LogicalDisk*, int, char*)
                0x00000000c0010104                File::~File()
                0x00000000c0010104                File::~File()
                0x00000000c0010128                File::~File()
                0x00000000c0010152                Directory::~Directory()
                0x00000000c0010152                Directory::~Directory()
                0x00000000c0010176                Directory::~Directory()
                0x00000000c00101a0                Filesystem::Filesystem()
                0x00000000c00101a0                Filesystem::Filesystem()
                0x00000000c00101c4                Filesystem::~Filesystem()
                0x00000000c00101c4                Filesystem::~Filesystem()
                0x00000000c00101d2                Filesystem::~Filesystem()
                0x00000000c00101f6                initVFS()
                0x00000000c0010220                standardiseFiles(char*, char const*, char const*)
                0x00000000c00103ca                File::File(char const*, Process*)
                0x00000000c00103ca                File::File(char const*, Process*)
                0x00000000c001042e                File::open(FileOpenMode)
                0x00000000c001048c                File::close()
                0x00000000c00104ec                File::seek(unsigned long long)
                0x00000000c0010542                File::tell(unsigned long long*)
                0x00000000c0010592                File::rewind()
                0x00000000c00105a6                File::unlink()
                0x00000000c00105f2                File::rename(char const*)
                0x00000000c0010640                File::chfatattr(unsigned char, unsigned char)
                0x00000000c001069c                File::exists()
                0x00000000c00106da                File::stat(unsigned long long*, bool*)
                0x00000000c001073b                getcwd(Process*, char*, int)
                0x00000000c0010765                setcwd(Process*, char*)
                0x00000000c001088c                Directory::Directory(char const*, Process*)
                0x00000000c001088c                Directory::Directory(char const*, Process*)
                0x00000000c00108f0                Directory::open()
                0x00000000c001094c                Directory::close()
                0x00000000c00109ac                Directory::unlink()
                0x00000000c00109f8                Directory::rename(char const*)
                0x00000000c0010a46                Directory::exists()
                0x00000000c0010a84                Directory::read(dirent*)
                0x00000000c0010ad0                Directory::create()
                0x00000000c0010b1c                Filesystem::chfatattr(char const*, unsigned char, unsigned char)
 .text          0x00000000c0010b22       0x84 hal/bus.32
                0x00000000c0010b22                Bus::Bus(char const*)
                0x00000000c0010b22                Bus::Bus(char const*)
                0x00000000c0010b58                Bus::~Bus()
                0x00000000c0010b58                Bus::~Bus()
                0x00000000c0010b7c                Bus::~Bus()
 .text          0x00000000c0010ba6      0x14e hal/buzzer.32
                0x00000000c0010ba6                Buzzer::Buzzer(char const*)
                0x00000000c0010ba6                Buzzer::Buzzer(char const*)
                0x00000000c0010bea                Buzzer::~Buzzer()
                0x00000000c0010bea                Buzzer::~Buzzer()
                0x00000000c0010c0e                Buzzer::~Buzzer()
                0x00000000c0010c38                Buzzer::stop()
                0x00000000c0010c4b                beepThread(void*)
                0x00000000c0010c86                Buzzer::beep(int, int, bool)
 .text          0x00000000c0010cf4      0x42f hal/clock.32
                0x00000000c0010cf4                loadClockSettings()
                0x00000000c0010d0e                Clock::Clock(char const*)
                0x00000000c0010d0e                Clock::Clock(char const*)
                0x00000000c0010d44                Clock::~Clock()
                0x00000000c0010d44                Clock::~Clock()
                0x00000000c0010d68                Clock::~Clock()
                0x00000000c0010d92                Clock::timeInSecondsLocal()
                0x00000000c0010dda                Clock::setTimeInSecondsLocal(unsigned long long)
                0x00000000c0010e33                datetimeToSeconds(datetime_t)
                0x00000000c0010f5a                Clock::setTimeInDatetimeLocal(datetime_t)
                0x00000000c0010fba                secondsToDatetime(unsigned long long)
                0x00000000c00110fe                Clock::timeInDatetimeLocal()
 *fill*         0x00000000c0011123        0x1 
 .text          0x00000000c0011124      0x504 hal/device.32
                0x00000000c0011124                Device::hibernate()
                0x00000000c0011126                Device::wake()
                0x00000000c0011128                Device::detect()
                0x00000000c001112a                Device::disableLegacy()
                0x00000000c001112c                Device::powerSaving(PowerSavingLevel)
                0x00000000c001112e                DriverlessDevice::close(int, int, void*)
                0x00000000c0011132                DriverlessDevice::detect()
                0x00000000c0011134                DriverlessDevice::open(int, int, void*)
                0x00000000c0011148                Device::~Device()
                0x00000000c0011148                Device::~Device()
                0x00000000c0011156                Device::~Device()
                0x00000000c001117e                Device::findAndLoadDriver()
                0x00000000c0011180                Device::preOpenPCI(PCIDeviceInfo)
                0x00000000c00111a6                Device::preOpenACPI(void*, char*, char*)
                0x00000000c00111fa                Device::addIRQHandler(int, void (*)(regs*, void*), bool, void*)
                0x00000000c0011258                Device::removeIRQHandler(int, void (*)(regs*, void*), bool)
                0x00000000c00112a6                Device::addChild(Device*)
                0x00000000c00112ea                Device::removeAllChildren()
                0x00000000c0011330                Device::hibernateAll()
                0x00000000c0011360                Device::wakeAll()
                0x00000000c0011390                Device::detectAll()
                0x00000000c00113c0                Device::disableLegacyAll()
                0x00000000c00113f0                Device::loadDriversForAll()
                0x00000000c001141c                Device::closeAll()
                0x00000000c0011452                Device::powerSavingAll(PowerSavingLevel)
                0x00000000c0011488                Device::setName(char const*)
                0x00000000c0011496                Device::Device(char const*)
                0x00000000c0011496                Device::Device(char const*)
                0x00000000c0011588                Device::getName()
                0x00000000c0011592                DriverlessDevice::DriverlessDevice(char const*)
                0x00000000c0011592                DriverlessDevice::DriverlessDevice(char const*)
                0x00000000c00115ba                Device::addToLinkedList(LinkedList<Device>&, DeviceType)
                0x00000000c00115fe                getDevicesOfType(DeviceType)
 .text          0x00000000c0011628       0x84 hal/diskctrl.32
                0x00000000c0011628                HardDiskController::HardDiskController(char const*)
                0x00000000c0011628                HardDiskController::HardDiskController(char const*)
                0x00000000c001165e                HardDiskController::~HardDiskController()
                0x00000000c001165e                HardDiskController::~HardDiskController()
                0x00000000c0011682                HardDiskController::~HardDiskController()
 .text          0x00000000c00116ac       0xde hal/diskphys.32
                0x00000000c00116ac                PhysicalDisk::PhysicalDisk(char const*, int)
                0x00000000c00116ac                PhysicalDisk::PhysicalDisk(char const*, int)
                0x00000000c0011714                PhysicalDisk::startCache()
                0x00000000c001173c                PhysicalDisk::~PhysicalDisk()
                0x00000000c001173c                PhysicalDisk::~PhysicalDisk()
                0x00000000c0011760                PhysicalDisk::~PhysicalDisk()
 .text          0x00000000c001178a      0x128 hal/fpu.32
                0x00000000c001178a                FPU::FPU(char const*)
                0x00000000c001178a                FPU::FPU(char const*)
                0x00000000c00117c0                FPU::~FPU()
                0x00000000c00117c0                FPU::~FPU()
                0x00000000c00117e4                FPU::~FPU()
                0x00000000c001180e                setupFPU()
 .text          0x00000000c00118b2      0xb89 hal/intctrl.32
                0x00000000c00118b2                InterruptController::uninstallISRHandler(int, void (*)(regs*, void*))
                0x00000000c00118ea                InterruptController::installISRHandler(int, void (*)(regs*, void*), void*)
                0x00000000c001193c                doubleFault(regs*, void*)
                0x00000000c001194a                InterruptController::installIRQHandler(int, void (*)(regs*, void*), bool, void*)
                0x00000000c00119e6                InterruptController::clearAllHandlers(int, bool)
                0x00000000c0011a8e                InterruptController::uninstallIRQHandler(int, void (*)(regs*, void*), bool)
                0x00000000c0011b15                nmiHandler(regs*, void*)
                0x00000000c0011b23                int_handler
                0x00000000c0011bbe                InterruptController::InterruptController(char const*)
                0x00000000c0011bbe                InterruptController::InterruptController(char const*)
                0x00000000c0011c64                InterruptController::~InterruptController()
                0x00000000c0011c64                InterruptController::~InterruptController()
                0x00000000c0011c88                InterruptController::~InterruptController()
                0x00000000c0011cb2                displayDebugInfo(regs*)
                0x00000000c0012094                gpFault(regs*, void*)
                0x00000000c00120cd                pgFault(regs*, void*)
                0x00000000c00120e4                otherISRHandler(regs*, void*)
                0x00000000c0012103                opcodeFault(regs*, void*)
                0x00000000c001216d                displayProgramFault(char const*)
                0x00000000c0012196                InterruptController::convertLegacyIRQNumber(int)
                0x00000000c00121e0                setupInterruptController()
 *fill*         0x00000000c001243b        0x1 
 .text          0x00000000c001243c      0x608 hal/keybrd.32
                0x00000000c001243c                startGUI(void*)
                0x00000000c00124ae                sendKeyToTerminal(unsigned char)
                0x00000000c001251a                sendKeyboardToken(KeyboardToken)
                0x00000000c00128f5                clearInternalKeybuffer(VgaText*)
                0x00000000c001292a                readKeyboard(VgaText*, char*, unsigned long)
                0x00000000c00129ba                Keyboard::Keyboard(char const*)
                0x00000000c00129ba                Keyboard::Keyboard(char const*)
                0x00000000c00129f6                Keyboard::~Keyboard()
                0x00000000c00129f6                Keyboard::~Keyboard()
                0x00000000c0012a1a                Keyboard::~Keyboard()
 .text          0x00000000c0012a44      0x400 hal/logidisk.32
                0x00000000c0012a44                LogicalDisk::close(int, int, void*)
                0x00000000c0012a48                LogicalDisk::~LogicalDisk()
                0x00000000c0012a48                LogicalDisk::~LogicalDisk()
                0x00000000c0012a6c                LogicalDisk::~LogicalDisk()
                0x00000000c0012a96                LogicalDisk::open(int, int, void*)
                0x00000000c0012aaa                LogicalDisk::absoluteToRelative(unsigned long long)
                0x00000000c0012ae2                LogicalDisk::relativeToAbsolute(unsigned long long)
                0x00000000c0012b28                LogicalDisk::LogicalDisk(char const*, PhysicalDisk*, unsigned long long, unsigned long long)
                0x00000000c0012b28                LogicalDisk::LogicalDisk(char const*, PhysicalDisk*, unsigned long long, unsigned long long)
                0x00000000c0012bde                LogicalDisk::assignDriveLetter()
                0x00000000c0012c94                LogicalDisk::mount()
                0x00000000c0012d06                LogicalDisk::unmount()
                0x00000000c0012d16                LogicalDisk::unassignDriveLetter()
                0x00000000c0012d6c                LogicalDisk::read(unsigned long long, int, void*)
                0x00000000c0012dd8                LogicalDisk::write(unsigned long long, int, void*)
 .text          0x00000000c0012e44       0x84 hal/mouse.32
                0x00000000c0012e44                Mouse::Mouse(char const*)
                0x00000000c0012e44                Mouse::Mouse(char const*)
                0x00000000c0012e7a                Mouse::~Mouse()
                0x00000000c0012e7a                Mouse::~Mouse()
                0x00000000c0012e9e                Mouse::~Mouse()
 .text          0x00000000c0012ec8      0x339 hal/partition.32
                0x00000000c0012ec8                makePartition(PhysicalDisk*, unsigned long long, unsigned long long)
                0x00000000c0012f70                createPartitionsForDisk(PhysicalDisk*)
 *fill*         0x00000000c0013201        0x1 
 .text          0x00000000c0013202      0x2e7 hal/timer.32
                0x00000000c0013202                Timer::Timer(char const*)
                0x00000000c0013202                Timer::Timer(char const*)
                0x00000000c0013238                Timer::~Timer()
                0x00000000c0013238                Timer::~Timer()
                0x00000000c001325c                Timer::~Timer()
                0x00000000c0013286                Timer::read()
                0x00000000c0013291                timerHandler(unsigned long long)
                0x00000000c00133c8                setupTimer(int)
 *fill*         0x00000000c00134e9        0x1 
 .text          0x00000000c00134ea      0x2d1 hal/vcache.32
                0x00000000c00134ea                VCache::VCache(PhysicalDisk*)
                0x00000000c00134ea                VCache::VCache(PhysicalDisk*)
                0x00000000c00135da                VCache::writeWriteBuffer()
                0x00000000c0013616                VCache::~VCache()
                0x00000000c0013616                VCache::~VCache()
                0x00000000c0013656                VCache::~VCache()
                0x00000000c001367e                VCache::write(unsigned long long, int, void*)
                0x00000000c0013762                VCache::read(unsigned long long, int, void*)
 *fill*         0x00000000c00137bb        0x1 
 .text          0x00000000c00137bc      0x26d hal/video.32
                0x00000000c00137bc                Video::putrect(int, int, int, int, unsigned int)
                0x00000000c0013806                Video::blit(unsigned int*, int, int, int, int)
                0x00000000c0013884                Video::clearScreen(unsigned int)
                0x00000000c00138b8                Video::putpixel(int, int, unsigned int)
                0x00000000c00138c6                Video::Video(char const*)
                0x00000000c00138c6                Video::Video(char const*)
                0x00000000c00138fc                Video::~Video()
                0x00000000c00138fc                Video::~Video()
                0x00000000c0013920                Video::~Video()
                0x00000000c001394a                Video::isMonochrome()
                0x00000000c0013956                Video::getWidth()
                0x00000000c0013962                Video::getHeight()
                0x00000000c001396e                Video::drawCursor(int, int, unsigned char*, int)
 *fill*         0x00000000c0013a29        0x1 
 .text          0x00000000c0013a2a      0xcae hw/acpi.32
                0x00000000c0013a2a                ACPI::close(int, int, void*)
                0x00000000c0013adf                findRSDP()
                0x00000000c0013b69                loadACPITables(unsigned char*)
                0x00000000c0013d90                findRSDT(unsigned char*)
                0x00000000c0013eae                findDataTable(unsigned char*, char*)
                0x00000000c0013f4a                scanMADT()
                0x00000000c00142de                ACPI::ACPI()
                0x00000000c00142de                ACPI::ACPI()
                0x00000000c001433e                ACPI::getPCIIRQAssignment(unsigned char, unsigned short, unsigned char)
                0x00000000c0014420                ACPI::registerPCIIRQAssignment(void*, unsigned short, unsigned char, unsigned char)
                0x00000000c0014526                ACPI::setScreenBrightnessLevel(void*, int)
                0x00000000c001452c                ACPI::writeSimpleBootFlag(SimpleBootFlagTable*)
                0x00000000c0014574                ACPI::open(int, int, void*)
                0x00000000c00146c0                ACPI::sleep()
 .text          0x00000000c00146d8     0x132c hw/cpu.32
                0x00000000c00146d8                CPU::close(int, int, void*)
                0x00000000c00146db                lookupAMDCPUName(unsigned char, unsigned char)
                0x00000000c001486f                lookupIntelCPUName(unsigned char, unsigned char)
                0x00000000c0014b1d                AMD_K6_write_msr(unsigned int, unsigned int, unsigned int, REGS*)
                0x00000000c0014b39                AMD_K6_read_msr(unsigned int, REGS*)
                0x00000000c0014b51                AMD_K6_writeback(int, int, int)
                0x00000000c0014bc4                cpuid(int, unsigned long*, unsigned long*, unsigned long*, unsigned long*)
                0x00000000c0014c47                cpuidCheckEDX(unsigned int)
                0x00000000c0014c74                cpuidCheckECX(unsigned int)
                0x00000000c0014ca1                cpuidCheckExtendedEBX(unsigned int)
                0x00000000c0014cce                cpuidCheckExtendedECX(unsigned int)
                0x00000000c0014cfb                getCPUNumber()
                0x00000000c0014cfe                thisCPU()
                0x00000000c0014d12                CPU::CPU()
                0x00000000c0014d12                CPU::CPU()
                0x00000000c0014da0                CPU::displayFeatures()
                0x00000000c0014da2                CPU::detectFeatures()
                0x00000000c0015794                CPU::setupSMEP()
                0x00000000c00157ae                CPU::setupUMIP()
                0x00000000c00157c6                CPU::setupTSC()
                0x00000000c00157de                CPU::setupLargePages()
                0x00000000c00157f6                CPU::setupPAT()
                0x00000000c0015832                CPU::setupMTRR()
                0x00000000c0015834                CPU::setupGlobalPages()
                0x00000000c001584a                CPU::allowUsermodeDataAccess()
                0x00000000c001585c                CPU::prohibitUsermodeDataAccess()
                0x00000000c001586e                CPU::setupSMAP()
                0x00000000c0015894                CPU::setupFeatures()
                0x00000000c0015936                CPU::open(int, int, void*)
 .text          0x00000000c0015a04        0x0 hw/ports.32
 .text          0x00000000c0015a04      0x503 registry/registry.32
                0x00000000c0015a04                Reg::findLineFromLoadedData(char*, char*, char*)
                0x00000000c0015b5c                Reg::getLineFromRegistry(char*, char*, char*, char*)
                0x00000000c0015cbb                Reg::getLine(char*, char*, char*)
                0x00000000c0015cf2                Reg::readInt(char*, char*, int*)
                0x00000000c0015ddd                Reg::readString(char*, char*, char*, int)
                0x00000000c0015e5e                Reg::readBool(char*, char*, bool*)
                0x00000000c0015e83                Reg::readBoolWithDefault(char*, char*, bool)
                0x00000000c0015eaf                Reg::readIntWithDefault(char*, char*, int)
                0x00000000c0015edb                Reg::readStringWithDefault(char*, char*, char*, int, char*)
 .text          0x00000000c0015f07       0x18 syscalls/sc_exit.32
                0x00000000c0015f07                Sys::exit(regs*)
 .text          0x00000000c0015f1f       0x95 syscalls/sc_loaddll.32
                0x00000000c0015f1f                Sys::loadDLL(regs*)
 .text          0x00000000c0015fb4       0x68 syscalls/sc_read.32
                0x00000000c0015fb4                Sys::read(regs*)
 .text          0x00000000c001601c       0x55 syscalls/sc_sbrk.32
                0x00000000c001601c                Sys::sbrk(regs*)
 .text          0x00000000c0016071       0x68 syscalls/sc_write.32
                0x00000000c0016071                Sys::write(regs*)
 .text          0x00000000c00160d9       0x1a syscalls/sc_yield.32
                0x00000000c00160d9                Sys::yield(regs*)
 .text          0x00000000c00160f3     0x1134 thr/elf.32
                0x00000000c00160f3                Thr::allocateMemoryForTask(Process*, File*, unsigned long, unsigned long, unsigned long)
                0x00000000c0016370                Thr::loadProgramIntoMemory(Process*, char const*)
                0x00000000c0016586                Thr::runtimeReferenceHelper()
                0x00000000c0016599                Thr::getAddressOfKernelSymbol(char const*)
                0x00000000c00165e8                Thr::loadKernelSymbolTable(char const*)
                0x00000000c00168a9                Thr::loadDriverIntoMemory(char const*, unsigned long, bool)
                0x00000000c0017027                Thr::getDriverBaseFromAddress(unsigned long)
                0x00000000c0017059                Thr::getDriverNameFromAddress(unsigned long)
                0x00000000c0017090                Thr::getDriverOffsetFromAddress(unsigned long)
                0x00000000c00170aa                Thr::loadDLL(char const*, bool)
                0x00000000c00171fd                Thr::executeDLL(unsigned long, void*)
 *fill*         0x00000000c0017227        0x1 
 .text          0x00000000c0017228     0x1154 thr/prcssthr.32
                0x00000000c0017228                changeTSS
                0x00000000c0017256                Process::addArgs(char**)
                0x00000000c00172b0                Process::Process(char const*, Process*, char**)
                0x00000000c00172b0                Process::Process(char const*, Process*, char**)
                0x00000000c0017468                Process::Process(bool, char const*, Process*, char**)
                0x00000000c0017468                Process::Process(bool, char const*, Process*, char**)
                0x00000000c00175eb                disableIRQs()
                0x00000000c00175f3                getIRQNestingLevel()
                0x00000000c00175f9                enableIRQs()
                0x00000000c0017608                lockScheduler()
                0x00000000c001760a                unlockScheduler()
                0x00000000c001760c                userModeEntryPoint(void*)
                0x00000000c001762f                lockStuff()
                0x00000000c001763b                taskStartupFunction
                0x00000000c0017644                updateTimeUsed()
                0x00000000c00176a2                switchToThread(ThreadControlBlock*)
                0x00000000c00176f2                Semaphore::Semaphore(int)
                0x00000000c00176f2                Semaphore::Semaphore(int)
                0x00000000c0017720                Mutex::Mutex()
                0x00000000c0017720                Mutex::Mutex()
                0x00000000c0017732                Process::createThread(void (*)(void*), void*, int)
                0x00000000c0017816                Process::createUserThread()
                0x00000000c0017832                setupMultitasking(void (*)())
                0x00000000c001793c                schedule()
                0x00000000c00179c1                unlockStuff()
                0x00000000c00179f6                forkProcess(regs*)
                0x00000000c0017b64                Semaphore::tryAcquire()
                0x00000000c0017b92                Semaphore::assertLocked(char const*)
                0x00000000c0017bc5                blockTaskWithSchedulerLockAlreadyHeld(TaskState)
                0x00000000c0017c07                blockTask(TaskState)
                0x00000000c0017c28                waitTask(int, int*, int)
                0x00000000c0017c6a                nanoSleepUntil(unsigned long long)
                0x00000000c0017cc1                nanoSleep(unsigned long long)
                0x00000000c0017cd6                sleep(unsigned long long)
                0x00000000c0017cf4                Semaphore::acquire()
                0x00000000c0017d5c                execveProcess(char const*, char* const*, char* const*)
                0x00000000c0017dea                taskReturned
                0x00000000c0017e2c                unblockTask(ThreadControlBlock*)
                0x00000000c0017edb                cleanupTerminatedTask(ThreadControlBlock*)
                0x00000000c0018178                cleanerTaskFunction(void*)
                0x00000000c0018208                terminateTask(int)
                0x00000000c0018290                Semaphore::release()
 .text          0x00000000c001837c      0x8bf vm86/vm8086.32
                0x00000000c001837c                vm8086EntryPoint(void*)
                0x00000000c00183a7                inbv(unsigned short)
                0x00000000c00183ad                outbv(unsigned short, unsigned char)
                0x00000000c00183b7                realToLinear(unsigned short, unsigned short)
                0x00000000c00183c7                getSegment(unsigned int)
                0x00000000c00183cf                getOffset(unsigned int)
                0x00000000c00183d4                loadVM8086FileAsThread(Process*, char const*, unsigned short, unsigned short, unsigned short, unsigned short)
                0x00000000c0018503                vm8086DoISR(regs*, int, unsigned char*, unsigned short, unsigned short)
                0x00000000c001858d                readByteFromReal(unsigned short, unsigned short)
                0x00000000c001859e                readWordFromReal(unsigned short, unsigned short)
                0x00000000c00185b0                readDwordFromReal(unsigned short, unsigned short)
                0x00000000c00185c1                writeByteFromReal(unsigned short, unsigned short, unsigned char)
                0x00000000c00185d6                writeWordFromReal(unsigned short, unsigned short, unsigned short)
                0x00000000c00185ec                writeDwordFromReal(unsigned short, unsigned short, unsigned int)
                0x00000000c0018601                vm8086FaultHandler(regs*)
 *fill*         0x00000000c0018c3b        0x1 
 .text          0x00000000c0018c3c     0x1088 fs/fat/vfslink.32
                0x00000000c0018c3c                FAT::getName()
                0x00000000c0018c42                FAT::tell(void*, unsigned long long*)
                0x00000000c0018c76                FAT::stat(void*, unsigned long long*)
                0x00000000c0018caa                FAT::exists(char const*)
                0x00000000c0018cae                FAT::~FAT()
                0x00000000c0018cae                FAT::~FAT()
                0x00000000c0018cd2                FAT::~FAT()
                0x00000000c0018cfa                FAT::getlabel(LogicalDisk*, int, char*, unsigned int*)
                0x00000000c0018d98                FAT::setlabel(LogicalDisk*, int, char*)
                0x00000000c0018e52                FAT::format(LogicalDisk*, int, char const*, int)
                0x00000000c0019036                FAT::tryMount(LogicalDisk*, int)
                0x00000000c001923c                FAT::readDir(void*, unsigned long, void*, int*)
                0x00000000c0019344                FAT::read(void*, unsigned long, void*, int*)
                0x00000000c001939e                FAT::write(void*, unsigned long, void*, int*)
                0x00000000c00193f8                FAT::close(void*)
                0x00000000c0019444                FAT::closeDir(void*)
                0x00000000c0019490                FAT::seek(void*, unsigned long long)
                0x00000000c00194e4                fatWrapperReadDisk
                0x00000000c001952b                fatWrapperWriteDisk
                0x00000000c0019572                fatWrapperIoctl
                0x00000000c0019676                FAT::FAT()
                0x00000000c0019676                FAT::FAT()
                0x00000000c00196c8                FAT::fixFilepath(char*)
                0x00000000c0019700                FAT::open(char const*, void**, FileOpenMode)
                0x00000000c0019828                FAT::openDir(char const*, void**)
                0x00000000c00198ce                FAT::stat(char const*, unsigned long long*, bool*)
                0x00000000c00199b8                FAT::unlink(char const*)
                0x00000000c0019a32                FAT::chfatattr(char const*, unsigned char, unsigned char)
                0x00000000c0019b86                FAT::rename(char const*, char const*)
                0x00000000c0019c4a                FAT::mkdir(char const*)
 .text          0x00000000c0019cc4      0xbdf fs/iso9660/vfslink.32
                0x00000000c0019cc4                ISO9660::format(LogicalDisk*, int, char const*, int)
                0x00000000c0019cca                ISO9660::seek(void*, unsigned long long)
                0x00000000c0019cfa                ISO9660::tell(void*, unsigned long long*)
                0x00000000c0019d1e                ISO9660::getName()
                0x00000000c0019d24                ISO9660::stat(void*, unsigned long long*)
                0x00000000c0019d48                ISO9660::chfatattr(char const*, unsigned char, unsigned char)
                0x00000000c0019d4e                ISO9660::unlink(char const*)
                0x00000000c0019d54                ISO9660::write(void*, unsigned long, void*, int*)
                0x00000000c0019d5a                ISO9660::rename(char const*, char const*)
                0x00000000c0019d60                ISO9660::mkdir(char const*)
                0x00000000c0019d66                ISO9660::close(void*)
                0x00000000c0019d88                ISO9660::closeDir(void*)
                0x00000000c0019daa                ISO9660::~ISO9660()
                0x00000000c0019daa                ISO9660::~ISO9660()
                0x00000000c0019dce                ISO9660::~ISO9660()
                0x00000000c0019df5                __memmem(unsigned char*, int, unsigned char*, int)
                0x00000000c0019e37                readSectorFromCDROM(unsigned int, unsigned char*, char)
                0x00000000c0019e9e                ISO9660::tryMount(LogicalDisk*, int)
                0x00000000c0019eee                ISO9660::read(void*, unsigned long, void*, int*)
                0x00000000c001a132                ISO9660::readDir(void*, unsigned long, void*, int*)
                0x00000000c001a3c0                readRoot(unsigned int*, unsigned int*, char)
                0x00000000c001a415                readRecursively(char*, unsigned int, unsigned int, unsigned int*, unsigned int*, char, int*)
                0x00000000c001a5e8                getFileData(char*, unsigned int*, unsigned int*, char, int*)
                0x00000000c001a676                ISO9660::open(char const*, void**, FileOpenMode)
                0x00000000c001a710                ISO9660::exists(char const*)
                0x00000000c001a734                ISO9660::stat(char const*, unsigned long long*, bool*)
                0x00000000c001a7c8                ISO9660::openDir(char const*, void**)
                0x00000000c001a880                ISO9660::ISO9660()
                0x00000000c001a880                ISO9660::ISO9660()
 *fill*         0x00000000c001a8a3        0x1 
 .text          0x00000000c001a8a4      0x244 hal/sound/sndchannel.32
                0x00000000c001a8a4                SoundChannel::~SoundChannel()
                0x00000000c001a8a4                SoundChannel::~SoundChannel()
                0x00000000c001a8c0                SoundChannel::setSpeed(float)
                0x00000000c001a8cc                SoundChannel::getSpeed()
                0x00000000c001a8d4                SoundChannel::setVolume(int)
                0x00000000c001a8f0                SoundChannel::getVolume()
                0x00000000c001a8f8                SoundChannel::pause()
                0x00000000c001a902                SoundChannel::SoundChannel(int, int, int, int)
                0x00000000c001a902                SoundChannel::SoundChannel(int, int, int, int)
                0x00000000c001a9f8                SoundChannel::play()
                0x00000000c001aa02                SoundChannel::paused()
                0x00000000c001aa0a                SoundChannel::getSampleRate()
                0x00000000c001aa12                SoundChannel::getBits()
                0x00000000c001aa1a                SoundChannel::getBufferUsed()
                0x00000000c001aa22                SoundChannel::getBufferSize()
                0x00000000c001aa2a                SoundChannel::unbuffer(float*, int, int)
                0x00000000c001aa9c                SoundChannel::buffer8(unsigned char*, int)
 .text          0x00000000c001aae8      0x317 hal/sound/sndhw.32
                0x00000000c001aae8                SoundDevice::SoundDevice(char const*)
                0x00000000c001aae8                SoundDevice::SoundDevice(char const*)
                0x00000000c001ab54                SoundDevice::~SoundDevice()
                0x00000000c001ab54                SoundDevice::~SoundDevice()
                0x00000000c001abce                SoundDevice::~SoundDevice()
                0x00000000c001abf8                SoundDevice::getFreeChannelNum()
                0x00000000c001ac12                SoundDevice::addChannel(SoundChannel*)
                0x00000000c001ac82                SoundDevice::removeChannel(int)
                0x00000000c001acb4                SoundDevice::floatTo8(float*, unsigned char*, int)
                0x00000000c001ad20                SoundDevice::getAudio(int, float*, float*)
 .text          0x00000000c001adff        0x0 hw/bus/isa.32
 *fill*         0x00000000c001adff        0x1 
 .text          0x00000000c001ae00      0x6e5 hw/bus/pci.32
                0x00000000c001ae00                PCI::open(int, int, void*)
                0x00000000c001ae14                PCI::close(int, int, void*)
                0x00000000c001ae18                PCI::PCI()
                0x00000000c001ae18                PCI::PCI()
                0x00000000c001ae98                PCI::pciReadWord(unsigned char, unsigned char, unsigned char, unsigned char)
                0x00000000c001aee0                PCI::getVendorID(unsigned char, unsigned char, unsigned char)
                0x00000000c001af02                PCI::getHeaderType(unsigned char, unsigned char, unsigned char)
                0x00000000c001af26                PCI::getClassCode(unsigned char, unsigned char, unsigned char)
                0x00000000c001af6a                PCI::getProgIF(unsigned char, unsigned char, unsigned char)
                0x00000000c001af8e                PCI::getRevisionID(unsigned char, unsigned char, unsigned char)
                0x00000000c001afb0                PCI::getInterruptNumber(unsigned char, unsigned char, unsigned char)
                0x00000000c001afd2                PCI::getSecondaryBus(unsigned char, unsigned char, unsigned char)
                0x00000000c001aff6                PCI::getBARAddress(unsigned char, unsigned char, unsigned char, unsigned char)
                0x00000000c001b056                PCI::pciWriteWord(unsigned char, unsigned char, unsigned char, unsigned char, unsigned short)
                0x00000000c001b0c2                PCI::checkBus(unsigned char)
                0x00000000c001b0e6                PCI::foundDevice(PCIDeviceInfo)
                0x00000000c001b256                PCI::getDeviceData(unsigned char, unsigned char, unsigned char)
                0x00000000c001b426                PCI::checkDevice(unsigned char, unsigned char)
                0x00000000c001b492                PCI::detect()
 *fill*         0x00000000c001b4e5        0x1 
 .text          0x00000000c001b4e6      0xc70 hw/diskctrl/ide.32
                0x00000000c001b4e6                IDE::close(int, int, void*)
                0x00000000c001b4ea                IDE::IDE()
                0x00000000c001b4ea                IDE::IDE()
                0x00000000c001b51e                IDE::prepareInterrupt(unsigned char)
                0x00000000c001b530                selectDrive(unsigned char, unsigned char)
                0x00000000c001b532                IDE::getBase(unsigned char)
                0x00000000c001b544                IDE::write(unsigned char, unsigned char, unsigned char)
                0x00000000c001b604                IDE::read(unsigned char, unsigned char)
                0x00000000c001b6b2                IDE::waitInterrupt(unsigned char)
                0x00000000c001b718                ideChannel0IRQHandler(regs*, void*)
                0x00000000c001b734                ideChannel1IRQHandler(regs*, void*)
                0x00000000c001b750                IDE::enableIRQs(unsigned char, bool)
                0x00000000c001b796                IDE::open(int, int, void*)
                0x00000000c001bba6                IDE::readBuffer(unsigned char, unsigned char, unsigned int, unsigned int)
                0x00000000c001bc72                IDE::detect()
                0x00000000c001bf5a                IDE::printError(unsigned char, unsigned char, unsigned char)
                0x00000000c001c0f0                IDE::polling(unsigned char, unsigned int)
 .text          0x00000000c001c156      0x62b hw/diskphys/ata.32
                0x00000000c001c156                ATA::close(int, int, void*)
                0x00000000c001c17a                ATA::powerSaving(PowerSavingLevel)
                0x00000000c001c17c                ATA::ATA()
                0x00000000c001c17c                ATA::ATA()
                0x00000000c001c1aa                ATA::flush(bool)
                0x00000000c001c1f4                ATA::readyForCommand()
                0x00000000c001c244                ATA::access(unsigned long long, int, void*, bool)
                0x00000000c001c5c2                ATA::read(unsigned long long, int, void*)
                0x00000000c001c62a                ATA::write(unsigned long long, int, void*)
                0x00000000c001c692                ATA::detectCHS()
                0x00000000c001c6bc                ATA::open(int, int, void*)
 *fill*         0x00000000c001c781        0x1 
 .text          0x00000000c001c782      0x5b3 hw/diskphys/atapi.32
                0x00000000c001c782                ATAPI::write(unsigned long long, int, void*)
                0x00000000c001c788                ATAPI::close(int, int, void*)
                0x00000000c001c7ac                ATAPI::ATAPI()
                0x00000000c001c7ac                ATAPI::ATAPI()
                0x00000000c001c7da                ATAPI::readyForCommand()
                0x00000000c001c82a                ATAPI::sendPacket(unsigned char*, int, bool, unsigned short*, int)
                0x00000000c001caea                ATAPI::diskRemoved()
                0x00000000c001cb06                ATAPI::eject()
                0x00000000c001cb4c                ATAPI::diskInserted()
                0x00000000c001cb7a                ATAPI::detectMedia()
                0x00000000c001cc36                ATAPI::open(int, int, void*)
                0x00000000c001ccb6                ATAPI::read(unsigned long long, int, void*)
 *fill*         0x00000000c001cd35        0x1 
 .text          0x00000000c001cd36       0x8e hw/fpu/avx.32
                0x00000000c001cd36                AVX::open(int, int, void*)
                0x00000000c001cd48                AVX::close(int, int, void*)
                0x00000000c001cd5a                AVX::available()
                0x00000000c001cd6c                AVX::save(void*)
                0x00000000c001cd84                AVX::load(void*)
                0x00000000c001cd9c                AVX::AVX()
                0x00000000c001cd9c                AVX::AVX()
 .text          0x00000000c001cdc4       0x90 hw/fpu/mmx.32
                0x00000000c001cdc4                MMX::available()
                0x00000000c001cdd8                MMX::open(int, int, void*)
                0x00000000c001cdea                MMX::close(int, int, void*)
                0x00000000c001cdfc                MMX::save(void*)
                0x00000000c001ce14                MMX::load(void*)
                0x00000000c001ce2c                MMX::MMX()
                0x00000000c001ce2c                MMX::MMX()
 .text          0x00000000c001ce54       0x96 hw/fpu/sse.32
                0x00000000c001ce54                SSE::open(int, int, void*)
                0x00000000c001ce66                SSE::close(int, int, void*)
                0x00000000c001ce78                SSE::available()
                0x00000000c001ce92                SSE::save(void*)
                0x00000000c001ceaa                SSE::load(void*)
                0x00000000c001cec2                SSE::SSE()
                0x00000000c001cec2                SSE::SSE()
 .text          0x00000000c001ceea       0x8e hw/fpu/x87.32
                0x00000000c001ceea                x87::open(int, int, void*)
                0x00000000c001cefc                x87::close(int, int, void*)
                0x00000000c001cf0e                x87::available()
                0x00000000c001cf20                x87::save(void*)
                0x00000000c001cf38                x87::load(void*)
                0x00000000c001cf50                x87::x87()
                0x00000000c001cf50                x87::x87()
 .text          0x00000000c001cf78      0x5f3 hw/intctrl/apic.32
                0x00000000c001cf78                APIC::disable()
                0x00000000c001cf7a                APIC::close(int, int, void*)
                0x00000000c001cf9c                IOAPIC::close(int, int, void*)
                0x00000000c001cfa2                APIC::io_wait()
                0x00000000c001cfa8                APIC::getBase()
                0x00000000c001cfea                APIC::eoi(unsigned char)
                0x00000000c001d018                APIC::open(int, int, void*)
                0x00000000c001d0d2                IOAPIC::IOAPIC()
                0x00000000c001d0d2                IOAPIC::IOAPIC()
                0x00000000c001d0fa                APIC::APIC()
                0x00000000c001d0fa                APIC::APIC()
                0x00000000c001d1ca                IOAPIC::handlesGSIWithNumber(unsigned int)
                0x00000000c001d1fc                IOAPIC::read(int)
                0x00000000c001d224                IOAPIC::open(int, int, void*)
                0x00000000c001d31a                IOAPIC::write(int, int)
                0x00000000c001d346                IOAPIC::redirect(unsigned char, unsigned long long, unsigned char)
                0x00000000c001d400                APIC::installIRQHandler(int, void (*)(regs*, void*), bool, void*)
 *fill*         0x00000000c001d56b        0x1 
 .text          0x00000000c001d56c      0x3d3 hw/intctrl/pic.32
                0x00000000c001d56c                PIC::disable()
                0x00000000c001d59a                PIC::close(int, int, void*)
                0x00000000c001d5bc                PIC::PIC()
                0x00000000c001d5bc                PIC::PIC()
                0x00000000c001d692                PIC::ioWait()
                0x00000000c001d698                PIC::getIRQReg(int)
                0x00000000c001d702                PIC::eoi(unsigned char)
                0x00000000c001d794                PIC::remap()
                0x00000000c001d900                PIC::open(int, int, void*)
 *fill*         0x00000000c001d93f        0x1 
 .text          0x00000000c001d940      0x252 hw/timer/apictimer.32
                0x00000000c001d940                APICTimer::close(int, int, void*)
                0x00000000c001d946                apicTimerHandler(regs*, void*)
                0x00000000c001d974                APICTimer::write(int)
                0x00000000c001da72                APICTimer::open(int, int, void*)
                0x00000000c001db6a                APICTimer::APICTimer()
                0x00000000c001db6a                APICTimer::APICTimer()
 .text          0x00000000c001db92      0x1a7 hw/timer/pit.32
                0x00000000c001db92                PIT::write(int)
                0x00000000c001dc10                pitHandler(regs*, void*)
                0x00000000c001dc3c                PIT::open(int, int, void*)
                0x00000000c001dc8a                PIT::close(int, int, void*)
                0x00000000c001dcba                PIT::PIT()
                0x00000000c001dcba                PIT::PIT()
 *fill*         0x00000000c001dd39        0x7 
 .text          0x00000000c001dd40        0xa hw/fpu/x86/avx.32
                0x00000000c001dd40                avxDetect
                0x00000000c001dd46                avxSave
                0x00000000c001dd47                avxLoad
                0x00000000c001dd48                avxInit
                0x00000000c001dd49                avxClose
 *fill*         0x00000000c001dd4a        0x6 
 .text          0x00000000c001dd50       0x38 hw/fpu/x86/sse.32
                0x00000000c001dd50                sseDetect
                0x00000000c001dd6b                sseSave
                0x00000000c001dd71                sseLoad
                0x00000000c001dd77                sseInit
                0x00000000c001dd87                sseClose
 *fill*         0x00000000c001dd88        0x8 
 .text          0x00000000c001dd90       0x47 hw/fpu/x86/x87.32
                0x00000000c001dd96                x87Detect
                0x00000000c001ddb1                x87Save
                0x00000000c001ddb7                x87Load
                0x00000000c001ddbc                x87Init
                0x00000000c001ddd6                x87Close
 *fill*         0x00000000c001ddd7        0x1 
 .text          0x00000000c001ddd8       0x25 /cygdrive/d/Users/Alex/Desktop/Toolchain/Output/bin/../lib/gcc/i386-banana/8.1.0/crtend.o
 .text          0x00000000c001ddfd        0x0 crtn.32
 *fill*         0x00000000c001ddfd        0x3 
 .text          0x00000000c001de00      0x14b /cygdrive/d/Users/Alex/Desktop/Toolchain/Output/bin/../lib/gcc/i386-banana/8.1.0/libgcc.a(_divdi3.o)
                0x00000000c001de00                __divdi3
 *fill*         0x00000000c001df4b        0x1 
 .text          0x00000000c001df4c      0x17e /cygdrive/d/Users/Alex/Desktop/Toolchain/Output/bin/../lib/gcc/i386-banana/8.1.0/libgcc.a(_moddi3.o)
                0x00000000c001df4c                __moddi3
 *fill*         0x00000000c001e0ca        0x2 
 .text          0x00000000c001e0cc       0xff /cygdrive/d/Users/Alex/Desktop/Toolchain/Output/bin/../lib/gcc/i386-banana/8.1.0/libgcc.a(_udivdi3.o)
                0x00000000c001e0cc                __udivdi3
 *fill*         0x00000000c001e1cb        0x1 
 .text          0x00000000c001e1cc      0x11a /cygdrive/d/Users/Alex/Desktop/Toolchain/Output/bin/../lib/gcc/i386-banana/8.1.0/libgcc.a(_umoddi3.o)
                0x00000000c001e1cc                __umoddi3
 *fill*         0x00000000c001e2e6        0xa 
 .text          0x00000000c001e2f0       0x1e D:/Users/Alex/Desktop/Banana/kernel/libk/libm32.a(s_fabs.c.o)
                0x00000000c001e2f0                fabs
 *fill*         0x00000000c001e30e        0x2 
 .text          0x00000000c001e310        0xc D:/Users/Alex/Desktop/Banana/kernel/libk/libm32.a(s_lrint.S.o)
                0x00000000c001e310                lrint
 .text          0x00000000c001e31c        0xc D:/Users/Alex/Desktop/Banana/kernel/libk/libm32.a(s_lrintf.S.o)
                0x00000000c001e31c                lrintf
 *(.gnu.linkonce.t*)

.iplt           0x00000000c001e328        0x0
 .iplt          0x00000000c001e328        0x0 D:/Users/Alex/Desktop/Banana/kernel/boot.32

.init           0x00000000c001e328        0xf
 .init          0x00000000c001e328        0x3 crti.32
                0x00000000c001e328                _init
 .init          0x00000000c001e32b        0x5 /cygdrive/d/Users/Alex/Desktop/Toolchain/Output/bin/../lib/gcc/i386-banana/8.1.0/crtbegin.o
 .init          0x00000000c001e330        0x5 /cygdrive/d/Users/Alex/Desktop/Toolchain/Output/bin/../lib/gcc/i386-banana/8.1.0/crtend.o
 .init          0x00000000c001e335        0x2 crtn.32

.fini           0x00000000c001e337        0xa
 .fini          0x00000000c001e337        0x3 crti.32
                0x00000000c001e337                _fini
 .fini          0x00000000c001e33a        0x5 /cygdrive/d/Users/Alex/Desktop/Toolchain/Output/bin/../lib/gcc/i386-banana/8.1.0/crtbegin.o
 .fini          0x00000000c001e33f        0x2 crtn.32

.text._ZN8ComputerD2Ev
                0x00000000c001e342       0x23
 .text._ZN8ComputerD2Ev
                0x00000000c001e342       0x23 core/computer.32
                0x00000000c001e342                Computer::~Computer()
                0x00000000c001e342                Computer::~Computer()

.text._ZN8ComputerD0Ev
                0x00000000c001e366       0x2a
 .text._ZN8ComputerD0Ev
                0x00000000c001e366       0x2a core/computer.32
                0x00000000c001e366                Computer::~Computer()

.text._Z10idleCommonv
                0x00000000c001e390       0x15
 .text._Z10idleCommonv
                0x00000000c001e390       0x15 core/idle.32
                0x00000000c001e390                idleCommon()

.text._ZN3CPU7readCR0Ev
                0x00000000c001e3a5       0x12
 .text._ZN3CPU7readCR0Ev
                0x00000000c001e3a5       0x12 core/kconsole.32
                0x00000000c001e3a5                CPU::readCR0()

.text._ZN3CPU7readCR2Ev
                0x00000000c001e3b7       0x12
 .text._ZN3CPU7readCR2Ev
                0x00000000c001e3b7       0x12 core/kconsole.32
                0x00000000c001e3b7                CPU::readCR2()

.text._ZN3CPU7readCR3Ev
                0x00000000c001e3c9       0x12
 .text._ZN3CPU7readCR3Ev
                0x00000000c001e3c9       0x12 core/kconsole.32
                0x00000000c001e3c9                CPU::readCR3()

.text._ZN3CPU7readCR4Ev
                0x00000000c001e3db       0x12
 .text._ZN3CPU7readCR4Ev
                0x00000000c001e3db       0x12 core/kconsole.32
                0x00000000c001e3db                CPU::readCR4()

.text._ZN3CPU8writeCR3Em
                0x00000000c001e3ed        0x9
 .text._ZN3CPU8writeCR3Em
                0x00000000c001e3ed        0x9 core/kheap.32
                0x00000000c001e3ed                CPU::writeCR3(unsigned long)

.text._ZN10LinkedListI8UnixFileED2Ev
                0x00000000c001e3f6        0x2
 .text._ZN10LinkedListI8UnixFileED2Ev
                0x00000000c001e3f6        0x2 core/unixfile.32
                0x00000000c001e3f6                LinkedList<UnixFile>::~LinkedList()
                0x00000000c001e3f6                LinkedList<UnixFile>::~LinkedList()

.text._ZN10LinkedListI8UnixFileEC2Ev
                0x00000000c001e3f8       0x58
 .text._ZN10LinkedListI8UnixFileEC2Ev
                0x00000000c001e3f8       0x58 core/unixfile.32
                0x00000000c001e3f8                LinkedList<UnixFile>::LinkedList()
                0x00000000c001e3f8                LinkedList<UnixFile>::LinkedList()

.text._ZN10LinkedListI8UnixFileE15getFirstElementEv
                0x00000000c001e450        0x7
 .text._ZN10LinkedListI8UnixFileE15getFirstElementEv
                0x00000000c001e450        0x7 core/unixfile.32
                0x00000000c001e450                LinkedList<UnixFile>::getFirstElement()

.text._ZN10LinkedListI8UnixFileE11removeFirstEv
                0x00000000c001e458       0xa1
 .text._ZN10LinkedListI8UnixFileE11removeFirstEv
                0x00000000c001e458       0xa1 core/unixfile.32
                0x00000000c001e458                LinkedList<UnixFile>::removeFirst()

.text._ZN10LinkedListI8UnixFileE7getNextEPS0_
                0x00000000c001e4fa        0x8
 .text._ZN10LinkedListI8UnixFileE7getNextEPS0_
                0x00000000c001e4fa        0x8 core/unixfile.32
                0x00000000c001e4fa                LinkedList<UnixFile>::getNext(UnixFile*)

.text._ZN10LinkedListI8UnixFileE10addElementEPS0_
                0x00000000c001e502      0x130
 .text._ZN10LinkedListI8UnixFileE10addElementEPS0_
                0x00000000c001e502      0x130 core/unixfile.32
                0x00000000c001e502                LinkedList<UnixFile>::addElement(UnixFile*)

.text._ZN16DriverlessDeviceD2Ev
                0x00000000c001e632       0x1a
 .text._ZN16DriverlessDeviceD2Ev
                0x00000000c001e632       0x1a hal/device.32
                0x00000000c001e632                DriverlessDevice::~DriverlessDevice()
                0x00000000c001e632                DriverlessDevice::~DriverlessDevice()

.text._ZN16DriverlessDeviceD0Ev
                0x00000000c001e64c       0x2a
 .text._ZN16DriverlessDeviceD0Ev
                0x00000000c001e64c       0x2a hal/device.32
                0x00000000c001e64c                DriverlessDevice::~DriverlessDevice()

.text._ZN10LinkedListI6DeviceE10addElementEPS0_
                0x00000000c001e676       0xdc
 .text._ZN10LinkedListI6DeviceE10addElementEPS0_
                0x00000000c001e676       0xdc hal/device.32
                0x00000000c001e676                LinkedList<Device>::addElement(Device*)

.text._ZN10LinkedListI6DeviceEC2Ev
                0x00000000c001e752       0x58
 .text._ZN10LinkedListI6DeviceEC2Ev
                0x00000000c001e752       0x58 hal/device.32
                0x00000000c001e752                LinkedList<Device>::LinkedList()
                0x00000000c001e752                LinkedList<Device>::LinkedList()

.text._ZN3CPU7readDR0Ev
                0x00000000c001e7aa       0x12
 .text._ZN3CPU7readDR0Ev
                0x00000000c001e7aa       0x12 hal/intctrl.32
                0x00000000c001e7aa                CPU::readDR0()

.text._ZN3CPU7readDR1Ev
                0x00000000c001e7bc       0x12
 .text._ZN3CPU7readDR1Ev
                0x00000000c001e7bc       0x12 hal/intctrl.32
                0x00000000c001e7bc                CPU::readDR1()

.text._ZN3CPU7readDR2Ev
                0x00000000c001e7ce       0x12
 .text._ZN3CPU7readDR2Ev
                0x00000000c001e7ce       0x12 hal/intctrl.32
                0x00000000c001e7ce                CPU::readDR2()

.text._ZN3CPU7readDR3Ev
                0x00000000c001e7e0       0x12
 .text._ZN3CPU7readDR3Ev
                0x00000000c001e7e0       0x12 hal/intctrl.32
                0x00000000c001e7e0                CPU::readDR3()

.text._ZN3CPU7readDR6Ev
                0x00000000c001e7f2       0x12
 .text._ZN3CPU7readDR6Ev
                0x00000000c001e7f2       0x12 hal/intctrl.32
                0x00000000c001e7f2                CPU::readDR6()

.text._ZN3CPU7readDR7Ev
                0x00000000c001e804       0x12
 .text._ZN3CPU7readDR7Ev
                0x00000000c001e804       0x12 hal/intctrl.32
                0x00000000c001e804                CPU::readDR7()

.text._ZN10LinkedListIV18ThreadControlBlockE15getFirstElementEv
                0x00000000c001e816        0x7
 .text._ZN10LinkedListIV18ThreadControlBlockE15getFirstElementEv
                0x00000000c001e816        0x7 hal/timer.32
                0x00000000c001e816                LinkedList<ThreadControlBlock volatile>::getFirstElement()

.text._ZN10LinkedListIV18ThreadControlBlockE7isEmptyEv
                0x00000000c001e81e       0x1c
 .text._ZN10LinkedListIV18ThreadControlBlockE7isEmptyEv
                0x00000000c001e81e       0x1c hal/timer.32
                0x00000000c001e81e                LinkedList<ThreadControlBlock volatile>::isEmpty()

.text._ZN10LinkedListIV18ThreadControlBlockE11removeFirstEv
                0x00000000c001e83a       0xae
 .text._ZN10LinkedListIV18ThreadControlBlockE11removeFirstEv
                0x00000000c001e83a       0xae hal/timer.32
                0x00000000c001e83a                LinkedList<ThreadControlBlock volatile>::removeFirst()

.text._ZN10LinkedListIV18ThreadControlBlockE7getNextEPS1_
                0x00000000c001e8e8        0x8
 .text._ZN10LinkedListIV18ThreadControlBlockE7getNextEPS1_
                0x00000000c001e8e8        0x8 hal/timer.32
                0x00000000c001e8e8                LinkedList<ThreadControlBlock volatile>::getNext(ThreadControlBlock volatile*)

.text._ZN10LinkedListIV18ThreadControlBlockE10addElementEPS1_
                0x00000000c001e8f0      0x130
 .text._ZN10LinkedListIV18ThreadControlBlockE10addElementEPS1_
                0x00000000c001e8f0      0x130 hal/timer.32
                0x00000000c001e8f0                LinkedList<ThreadControlBlock volatile>::addElement(ThreadControlBlock volatile*)

.text._ZN4ACPID2Ev
                0x00000000c001ea20       0x23
 .text._ZN4ACPID2Ev
                0x00000000c001ea20       0x23 hw/acpi.32
                0x00000000c001ea20                ACPI::~ACPI()
                0x00000000c001ea20                ACPI::~ACPI()

.text._ZN4ACPID0Ev
                0x00000000c001ea44       0x2a
 .text._ZN4ACPID0Ev
                0x00000000c001ea44       0x2a hw/acpi.32
                0x00000000c001ea44                ACPI::~ACPI()

.text._ZN3CPUD2Ev
                0x00000000c001ea6e       0x23
 .text._ZN3CPUD2Ev
                0x00000000c001ea6e       0x23 hw/cpu.32
                0x00000000c001ea6e                CPU::~CPU()
                0x00000000c001ea6e                CPU::~CPU()

.text._ZN3CPUD0Ev
                0x00000000c001ea92       0x2a
 .text._ZN3CPUD0Ev
                0x00000000c001ea92       0x2a hw/cpu.32
                0x00000000c001ea92                CPU::~CPU()

.text._ZN3CPU8writeDR7Em
                0x00000000c001eabc        0x9
 .text._ZN3CPU8writeDR7Em
                0x00000000c001eabc        0x9 hw/cpu.32
                0x00000000c001eabc                CPU::writeDR7(unsigned long)

.text._ZN3CPU8writeCR4Em
                0x00000000c001eac5        0x9
 .text._ZN3CPU8writeCR4Em
                0x00000000c001eac5        0x9 hw/cpu.32
                0x00000000c001eac5                CPU::writeCR4(unsigned long)

.text._ZN10LinkedListIV18ThreadControlBlockED2Ev
                0x00000000c001eace        0x2
 .text._ZN10LinkedListIV18ThreadControlBlockED2Ev
                0x00000000c001eace        0x2 thr/prcssthr.32
                0x00000000c001eace                LinkedList<ThreadControlBlock volatile>::~LinkedList()
                0x00000000c001eace                LinkedList<ThreadControlBlock volatile>::~LinkedList()

.text._ZN18ThreadControlBlockC2Ev
                0x00000000c001ead0       0x3e
 .text._ZN18ThreadControlBlockC2Ev
                0x00000000c001ead0       0x3e thr/prcssthr.32
                0x00000000c001ead0                ThreadControlBlock::ThreadControlBlock()
                0x00000000c001ead0                ThreadControlBlock::ThreadControlBlock()

.text._ZN10LinkedListIV18ThreadControlBlockEC2Ev
                0x00000000c001eb0e       0x58
 .text._ZN10LinkedListIV18ThreadControlBlockEC2Ev
                0x00000000c001eb0e       0x58 thr/prcssthr.32
                0x00000000c001eb0e                LinkedList<ThreadControlBlock volatile>::LinkedList()
                0x00000000c001eb0e                LinkedList<ThreadControlBlock volatile>::LinkedList()

.text._ZN3PCID2Ev
                0x00000000c001eb66       0x23
 .text._ZN3PCID2Ev
                0x00000000c001eb66       0x23 hw/bus/pci.32
                0x00000000c001eb66                PCI::~PCI()
                0x00000000c001eb66                PCI::~PCI()

.text._ZN3PCID0Ev
                0x00000000c001eb8a       0x2a
 .text._ZN3PCID0Ev
                0x00000000c001eb8a       0x2a hw/bus/pci.32
                0x00000000c001eb8a                PCI::~PCI()

.text._ZN3IDED2Ev
                0x00000000c001ebb4       0x23
 .text._ZN3IDED2Ev
                0x00000000c001ebb4       0x23 hw/diskctrl/ide.32
                0x00000000c001ebb4                IDE::~IDE()
                0x00000000c001ebb4                IDE::~IDE()

.text._ZN3IDED0Ev
                0x00000000c001ebd8       0x2a
 .text._ZN3IDED0Ev