Archive member included to satisfy reference by file (symbol)

/cygdrive/d/Users/Alex/Desktop/Toolchain/Output/bin/../lib/gcc/i386-banana/8.1.0/libkgcc.a(_divdi3.o)
                              krnl/resolve.32 (__divdi3)
/cygdrive/d/Users/Alex/Desktop/Toolchain/Output/bin/../lib/gcc/i386-banana/8.1.0/libkgcc.a(_moddi3.o)
                              krnl/resolve.32 (__moddi3)
/cygdrive/d/Users/Alex/Desktop/Toolchain/Output/bin/../lib/gcc/i386-banana/8.1.0/libkgcc.a(_udivdi3.o)
                              hal/clock.32 (__udivdi3)
/cygdrive/d/Users/Alex/Desktop/Toolchain/Output/bin/../lib/gcc/i386-banana/8.1.0/libkgcc.a(_umoddi3.o)
                              hal/clock.32 (__umoddi3)

Allocating common symbols
Common symbol       size              file

dcache              0x40              fs/iso9660/iso9660.32
cdDriveLetter       0x1               fs/iso9660/iso9660.32
icache              0x40              fs/iso9660/iso9660.32

Discarded input sections

 .comment       0x0000000000000000       0x12 /cygdrive/d/Users/Alex/Desktop/Toolchain/Output/bin/../lib/gcc/i386-banana/8.1.0/crtbegin.o
 .comment       0x0000000000000000       0x12 acpica/utclib.32
 .comment       0x0000000000000000       0x12 krnl/malloc.32
 .comment       0x0000000000000000       0x12 libk/ctype.32
 .comment       0x0000000000000000       0x12 libk/string.32
 .comment       0x0000000000000000       0x12 arch/i386/cc.32
 .comment       0x0000000000000000       0x12 fs/fat/diskio.32
 .comment       0x0000000000000000       0x12 fs/fat/ff.32
 .comment       0x0000000000000000       0x12 fs/fat/ffsystem.32
 .comment       0x0000000000000000       0x12 fs/fat/ffunicode.32
 .comment       0x0000000000000000       0x12 fs/iso9660/iso9660.32
 .comment       0x0000000000000000       0x12 dbg/kconsole.32
 .comment       0x0000000000000000       0x12 dbg/usban.32
 .comment       0x0000000000000000       0x12 fs/symlink.32
 .group         0x0000000000000000        0xc fs/vfs.32
 .group         0x0000000000000000        0xc fs/vfs.32
 .group         0x0000000000000000        0xc fs/vfs.32
 .comment       0x0000000000000000       0x12 fs/vfs.32
 .group         0x0000000000000000        0xc hal/bus.32
 .comment       0x0000000000000000       0x12 hal/bus.32
 .comment       0x0000000000000000       0x12 hal/buzzer.32
 .group         0x0000000000000000        0xc hal/clock.32
 .comment       0x0000000000000000       0x12 hal/clock.32
 .group         0x0000000000000000       0x14 hal/device.32
 .group         0x0000000000000000        0xc hal/device.32
 .group         0x0000000000000000        0x8 hal/device.32
 .group         0x0000000000000000        0xc hal/device.32
 .group         0x0000000000000000        0xc hal/device.32
 .comment       0x0000000000000000       0x12 hal/device.32
 .group         0x0000000000000000        0xc hal/diskctrl.32
 .comment       0x0000000000000000       0x12 hal/diskctrl.32
 .group         0x0000000000000000        0xc hal/diskphys.32
 .comment       0x0000000000000000       0x12 hal/diskphys.32
 .comment       0x0000000000000000       0x12 hal/fpu.32
 .comment       0x0000000000000000       0x12 hal/intctrl.32
 .group         0x0000000000000000        0xc hal/keybrd.32
 .comment       0x0000000000000000       0x12 hal/keybrd.32
 .group         0x0000000000000000        0xc hal/logidisk.32
 .comment       0x0000000000000000       0x12 hal/logidisk.32
 .group         0x0000000000000000        0xc hal/mouse.32
 .comment       0x0000000000000000       0x12 hal/mouse.32
 .group         0x0000000000000000        0xc hal/nic.32
 .comment       0x0000000000000000       0x12 hal/nic.32
 .comment       0x0000000000000000       0x12 hal/partition.32
 .group         0x0000000000000000        0xc hal/serial.32
 .comment       0x0000000000000000       0x12 hal/serial.32
 .group         0x0000000000000000        0x8 hal/timer.32
 .group         0x0000000000000000        0x8 hal/timer.32
 .group         0x0000000000000000        0xc hal/timer.32
 .group         0x0000000000000000        0xc hal/timer.32
 .group         0x0000000000000000        0xc hal/timer.32
 .comment       0x0000000000000000       0x12 hal/timer.32
 .group         0x0000000000000000        0xc hal/vcache.32
 .comment       0x0000000000000000       0x12 hal/vcache.32
 .group         0x0000000000000000        0xc hal/video.32
 .comment       0x0000000000000000       0x12 hal/video.32
 .group         0x0000000000000000       0x14 hw/acpi.32
 .group         0x0000000000000000        0x8 hw/acpi.32
 .group         0x0000000000000000        0x8 hw/acpi.32
 .group         0x0000000000000000        0x8 hw/acpi.32
 .group         0x0000000000000000        0xc hw/acpi.32
 .group         0x0000000000000000        0xc hw/acpi.32
 .comment       0x0000000000000000       0x12 hw/acpi.32
 .group         0x0000000000000000       0x14 hw/cpu.32
 .group         0x0000000000000000        0xc hw/cpu.32
 .comment       0x0000000000000000       0x12 hw/cpu.32
[...]
Memory Configuration

Name             Origin             Length             Attributes
*default*        0x0000000000000000 0xffffffffffffffff

Linker script and memory map

LOAD D:/Users/Alex/Desktop/Banana/kernel/boot.32
LOAD crti.32
LOAD /cygdrive/d/Users/Alex/Desktop/Toolchain/Output/bin/../lib/gcc/i386-banana/8.1.0/crtbegin.o
LOAD D:/Users/Alex/Desktop/Banana/kernel/morenasm.32
LOAD acpica/utclib.32
LOAD krnl/malloc.32
LOAD libk/ctype.32
LOAD libk/string.32
LOAD arch/i386/cc.32
LOAD fs/fat/diskio.32
LOAD fs/fat/ff.32
LOAD fs/fat/ffsystem.32
LOAD fs/fat/ffunicode.32
LOAD fs/iso9660/iso9660.32
LOAD dbg/kconsole.32
LOAD dbg/usban.32
LOAD fs/symlink.32
LOAD fs/vfs.32
LOAD hal/bus.32
LOAD hal/buzzer.32
LOAD hal/clock.32
LOAD hal/device.32
LOAD hal/diskctrl.32
LOAD hal/diskphys.32
LOAD hal/fpu.32
LOAD hal/intctrl.32
LOAD hal/keybrd.32
LOAD hal/logidisk.32
LOAD hal/mouse.32
LOAD hal/nic.32
LOAD hal/partition.32
LOAD hal/serial.32
LOAD hal/timer.32
LOAD hal/vcache.32
LOAD hal/video.32
LOAD hw/acpi.32
LOAD hw/cpu.32
LOAD krnl/atexit.32
LOAD krnl/bootmsg.32
LOAD krnl/c++.32
LOAD krnl/cdefs.32
LOAD krnl/cm.32
LOAD krnl/compat.32
LOAD krnl/computer.32
LOAD krnl/crc32.32
LOAD krnl/env.32
LOAD krnl/fault.32
LOAD krnl/gdt.32
LOAD krnl/idle.32
LOAD krnl/idt.32
LOAD krnl/inlines.32
LOAD krnl/kheap.32
LOAD krnl/mailbox.32
LOAD krnl/main.32
LOAD krnl/mutex.32
LOAD krnl/panic.32
LOAD krnl/physmgr.32
LOAD krnl/pipe.32
LOAD krnl/powctrl.32
LOAD krnl/random.32
LOAD krnl/resolve.32
LOAD krnl/semaphore.32
LOAD krnl/signal.32
LOAD krnl/syscalls.32
LOAD krnl/terminal.32
LOAD krnl/tss.32
LOAD krnl/unixfile.32
LOAD krnl/virtmgr.32
LOAD sys/eject.32
LOAD sys/exit.32
LOAD sys/getcwd.32
LOAD sys/getpid.32
LOAD sys/getramdata.32
LOAD sys/getvgaptr.32
LOAD sys/kill.32
LOAD sys/loaddll.32
LOAD sys/read.32
LOAD sys/registersignal.32
LOAD sys/registry.32
LOAD sys/sbrk.32
LOAD sys/setcwd.32
LOAD sys/settime.32
LOAD sys/symlink.32
LOAD sys/timezone.32
LOAD sys/truncate.32
LOAD sys/write.32
LOAD sys/wsbe.32
LOAD sys/yield.32
LOAD thr/elf.32
LOAD thr/exec.32
LOAD thr/prcssthr.32
LOAD vm86/vm8086.32
LOAD arch/i386/hal.32
LOAD arch/i386/pic.32
LOAD arch/i386/rtc.32
LOAD arch/i386/vga.32
LOAD fs/fat/vfslink.32
LOAD fs/iso9660/helper.32
LOAD fs/iso9660/vfslink.32
LOAD hal/sound/sndcard.32
LOAD hal/sound/sndport.32
LOAD hw/bus/isa.32
LOAD hw/bus/pci.32
LOAD hw/diskctrl/ide.32
LOAD hw/diskctrl/satabus.32
LOAD hw/diskphys/ata.32
LOAD hw/diskphys/atapi.32
LOAD hw/diskphys/sata.32
LOAD hw/diskphys/satapi.32
LOAD hw/intctrl/apic.32
LOAD hw/timer/apictimer.32
LOAD hw/timer/pit.32
LOAD arch/i386/avx.32
LOAD arch/i386/interrupt.32
LOAD arch/i386/rdrand.32
LOAD arch/i386/sse.32
LOAD arch/i386/x87.32
LOAD /cygdrive/d/Users/Alex/Desktop/Toolchain/Output/bin/../lib/gcc/i386-banana/8.1.0/crtend.o
LOAD crtn.32
LOAD /cygdrive/d/Users/Alex/Desktop/Toolchain/Output/bin/../lib/gcc/i386-banana/8.1.0/libkgcc.a
LOAD D:/Users/Alex/Desktop/Banana/kernel/libsoftfp.a
LOAD D:/Users/Alex/Desktop/Banana/kernel/libk/libm32.a
                0x00000000c0000000                . = 0xc0000000

.text           0x00000000c0000000    0x1feba
 *(.text)
 .text          0x00000000c0000000       0x20 D:/Users/Alex/Desktop/Banana/kernel/boot.32
 .text          0x00000000c0000020        0x0 crti.32
 .text          0x00000000c0000020      0x101 /cygdrive/d/Users/Alex/Desktop/Toolchain/Output/bin/../lib/gcc/i386-banana/8.1.0/crtbegin.o
 *fill*         0x00000000c0000121        0xf 
 .text          0x00000000c0000130      0x24f D:/Users/Alex/Desktop/Banana/kernel/morenasm.32
                0x00000000c0000130                manualPCIProbe
                0x00000000c000017b                prepareTramp
                0x00000000c0000194                doTPAUSE
                0x00000000c000019e                hasLegacyFPU
                0x00000000c00001c3                is486
                0x00000000c00001f9                detectCPUID
                0x00000000c000020f                goToVM86
                0x00000000c000023f                goToUsermode
                0x00000000c0000269                switchToThreadASMFirstTime
                0x00000000c0000277                switchToThreadASM
                0x00000000c00002fc                asmQuickAcquireLock
                0x00000000c000031a                asmQuickReleaseLock
                0x00000000c0000326                asmAcquireLock
                0x00000000c0000347                asmReleaseLock
                0x00000000c000035a                loadGDT
                0x00000000c000037a                memcpy
 *fill*         0x00000000c000037f        0x1 
 .text          0x00000000c0000380      0x868 acpica/utclib.32
                0x00000000c0000380                memcmp
                0x00000000c00003d0                memmove
                0x00000000c00004f0                memset
                0x00000000c0000570                strlen
                0x00000000c00005a0                strpbrk
                0x00000000c00005f0                strtok
                0x00000000c0000640                strcpy
                0x00000000c0000680                strncpy
                0x00000000c0000750                strcmp
                0x00000000c00007a0                strchr
                0x00000000c00007e0                strncmp
                0x00000000c0000840                strcat
                0x00000000c0000870                strncat
                0x00000000c00008d0                strstr
                0x00000000c0000930                toupper
                0x00000000c0000950                tolower
                0x00000000c0000970                simple_strtoul
 .text          0x00000000c0000be8     0x1140 krnl/malloc.32
                0x00000000c0000d53                dlfree
                0x00000000c000121a                dlmalloc
                0x00000000c0001757                dlrealloc
                0x00000000c0001934                dlmemalign
                0x00000000c0001a57                dlcalloc
                0x00000000c0001ae8                dlcfree
                0x00000000c0001aed                dlindependent_calloc
                0x00000000c0001b12                dlindependent_comalloc
                0x00000000c0001b29                dlvalloc
                0x00000000c0001b54                dlpvalloc
                0x00000000c0001b8a                dlmalloc_trim
                0x00000000c0001b97                dlmalloc_usable_size
                0x00000000c0001bc8                dlmallinfo
                0x00000000c0001c97                dlmalloc_stats
                0x00000000c0001ca8                dlmallopt
 .text          0x00000000c0001d28      0x1f2 libk/ctype.32
                0x00000000c0001d28                isblank
                0x00000000c0001d48                iscntrl
                0x00000000c0001d68                isdigit
                0x00000000c0001d84                islower
                0x00000000c0001da0                isspace
                0x00000000c0001dc8                isupper
                0x00000000c0001de4                isalpha
                0x00000000c0001e14                isalnum
                0x00000000c0001e44                ispunct
                0x00000000c0001e84                isgraph
                0x00000000c0001eb4                isprint
                0x00000000c0001edc                isxdigit
 .text          0x00000000c0001f1a        0x0 libk/string.32
 *fill*         0x00000000c0001f1a        0x2 
 .text          0x00000000c0001f1c       0x53 arch/i386/cc.32
                0x00000000c0001f1c                LWIP_PLATFORM_HTONS
                0x00000000c0001f40                LWIP_PLATFORM_HTONL
 .text          0x00000000c0001f6f       0x51 fs/fat/diskio.32
                0x00000000c0001f6f                disk_status
                0x00000000c0001f72                disk_initialize
                0x00000000c0001f75                disk_read
                0x00000000c0001f8b                disk_write
                0x00000000c0001fa1                disk_ioctl
 .text          0x00000000c0001fc0     0x3e46 fs/fat/ff.32
                0x00000000c0003de1                f_mount
                0x00000000c0003e43                f_open
                0x00000000c0004106                f_read
                0x00000000c0004305                f_write
                0x00000000c000454d                f_sync
                0x00000000c0004612                f_close
                0x00000000c0004641                f_lseek
                0x00000000c00047f2                f_opendir
                0x00000000c00048bd                f_closedir
                0x00000000c00048df                f_readdir
                0x00000000c0004971                f_stat
                0x00000000c00049f0                f_getfree
                0x00000000c0004af9                f_truncate
                0x00000000c0004be3                f_unlink
                0x00000000c0004d05                f_mkdir
                0x00000000c0004ea0                f_rename
                0x00000000c0005058                f_chmod
                0x00000000c0005108                f_utime
                0x00000000c00051b8                f_getlabel
                0x00000000c0005309                f_setlabel
                0x00000000c0005499                f_expand
                0x00000000c0005606                f_mkfs
 *fill*         0x00000000c0005e06        0x2 
 .text          0x00000000c0005e08       0x2f fs/fat/ffsystem.32
                0x00000000c0005e08                ff_memalloc
                0x00000000c0005e20                ff_memfree
 *fill*         0x00000000c0005e37        0x1 
 .text          0x00000000c0005e38      0x2dc fs/fat/ffunicode.32
                0x00000000c0005e38                ff_uni2oem
                0x00000000c0005ed8                ff_oem2uni
                0x00000000c0005f50                ff_wtoupper
 .text          0x00000000c0006114      0xd32 fs/iso9660/iso9660.32
                0x00000000c000635f                isoReadDiscSector
                0x00000000c00063fa                strnicmp
                0x00000000c00066a9                stricmp
                0x00000000c00066f5                iso_open
                0x00000000c000677f                iso_close
                0x00000000c000679d                iso_read
                0x00000000c00068b3                iso_seek
                0x00000000c0006937                iso_tell
                0x00000000c0006968                iso_total
                0x00000000c0006993                fn_postprocess
                0x00000000c00069ba                iso_readdir
                0x00000000c0006c11                iso_reset
                0x00000000c0006c2e                init_percd
                0x00000000c0006d28                iso_ioctl
                0x00000000c0006d40                fs_iso9660_init
                0x00000000c0006dd6                fs_iso9660_shutdown
 .text          0x00000000c0006e46      0x254 dbg/kconsole.32
                0x00000000c0006e46                Dbg::stringifyxWithBase(unsigned int, char*, int)
                0x00000000c0006ee6                Dbg::logc(char)
                0x00000000c0006f06                Dbg::logs(char*)
                0x00000000c0006f25                Dbg::logWriteInt(unsigned int)
                0x00000000c0006f43                Dbg::logWriteIntBase(unsigned int, int)
                0x00000000c0006f64                Dbg::kprintf(char const*, ...)
 *fill*         0x00000000c000709a        0x2 
 .text          0x00000000c000709c      0x2d4 dbg/usban.32
                0x00000000c000709c                KiUbsanPrintDetails(char const*, void*)
                0x00000000c0007108                __ubsan_handle_type_mismatch_v1
                0x00000000c00071e4                __ubsan_handle_pointer_overflow
                0x00000000c0007210                __ubsan_handle_out_of_bounds
                0x00000000c000723c                __ubsan_handle_add_overflow
                0x00000000c0007268                __ubsan_handle_load_invalid_value
                0x00000000c0007294                __ubsan_handle_divrem_overflow
                0x00000000c00072c0                __ubsan_handle_mul_overflow
                0x00000000c00072ec                __ubsan_handle_sub_overflow
                0x00000000c0007318                __ubsan_handle_shift_out_of_bounds
                0x00000000c0007344                __ubsan_handle_negate_overflow
 .text          0x00000000c0007370      0x814 fs/symlink.32
                0x00000000c00074bf                KiDeinitialiseSymlinks(void*)
                0x00000000c0007552                KeRegisterSymlink(char const*, unsigned long long)
                0x00000000c00075d5                KeInitialiseSymlinks()
                0x00000000c0007737                KiIsSymlinkRegistered(char const*)
                0x00000000c00078a1                KeDereferenceSymlink(char const*, char*)
                0x00000000c0007a48                KeCreateSymlink(char const*, char const*)
 .text          0x00000000c0007b84      0xd68 fs/vfs.32
                0x00000000c0007b84                File::read(unsigned long long, void*, int*)
                0x00000000c0007bdc                File::write(unsigned long long, void*, int*)
                0x00000000c0007c34                Directory::read(unsigned long long, void*, int*)
                0x00000000c0007c8c                Directory::write(unsigned long long, void*, int*)
                0x00000000c0007cba                File::isAtty()
                0x00000000c0007cbe                Directory::isAtty()
                0x00000000c0007cc2                Filesystem::getlabel(LogicalDisk*, int, char*, unsigned int*)
                0x00000000c0007cc8                Filesystem::setlabel(LogicalDisk*, int, char*)
                0x00000000c0007cce                Filesystem::allocateSwapfile(char const*, int)
                0x00000000c0007cd4                File::~File()
                0x00000000c0007cd4                File::~File()
                0x00000000c0007cf8                File::~File()
                0x00000000c0007d22                Directory::~Directory()
                0x00000000c0007d22                Directory::~Directory()
                0x00000000c0007d46                Directory::~Directory()
                0x00000000c0007d70                Filesystem::Filesystem()
                0x00000000c0007d70                Filesystem::Filesystem()
                0x00000000c0007d94                Filesystem::~Filesystem()
                0x00000000c0007d94                Filesystem::~Filesystem()
                0x00000000c0007da2                Filesystem::~Filesystem()
                0x00000000c0007dc6                Fs::getcwd(Process*, char*, int)
                0x00000000c0007df0                Fs::initVFS()
                0x00000000c0007e1a                Fs::standardiseFiles(char*, char const*, char const*, bool)
                0x00000000c0008034                File::File(char const*, Process*, bool)
                0x00000000c0008034                File::File(char const*, Process*, bool)
                0x00000000c0008112                File::File(char const*, Process*)
                0x00000000c0008112                File::File(char const*, Process*)
                0x00000000c0008130                File::open(FileOpenMode)
                0x00000000c000818e                File::close()
                0x00000000c00081ee                File::seek(unsigned long long)
                0x00000000c0008244                File::truncate(unsigned long long)
                0x00000000c000829a                File::tell(unsigned long long*)
                0x00000000c00082ea                File::rewind()
                0x00000000c00082fe                File::unlink()
                0x00000000c000834a                File::rename(char const*)
                0x00000000c0008398                File::chfatattr(unsigned char, unsigned char)
                0x00000000c00083f4                File::exists()
                0x00000000c0008432                File::stat(unsigned long long*, bool*)
                0x00000000c0008493                Fs::setcwd(Process*, char*)
                0x00000000c00085f2                Directory::Directory(char const*, Process*)
                0x00000000c00085f2                Directory::Directory(char const*, Process*)
                0x00000000c00086ba                Directory::open()
                0x00000000c0008716                Directory::close()
                0x00000000c0008776                Directory::unlink()
                0x00000000c00087c2                Directory::rename(char const*)
                0x00000000c0008810                Directory::exists()
                0x00000000c000884e                Directory::read(dirent*)
                0x00000000c000889a                Directory::create()
                0x00000000c00088e6                Filesystem::chfatattr(char const*, unsigned char, unsigned char)
 .text          0x00000000c00088ec       0x86 hal/bus.32
                0x00000000c00088ec                Bus::Bus(char const*)
                0x00000000c00088ec                Bus::Bus(char const*)
                0x00000000c0008924                Bus::~Bus()
                0x00000000c0008924                Bus::~Bus()
                0x00000000c0008948                Bus::~Bus()
 .text          0x00000000c0008972       0x96 hal/buzzer.32
                0x00000000c0008972                beepThread(void*)
                0x00000000c00089af                Krnl::beep(int, int, bool)
 .text          0x00000000c0008a08      0x513 hal/clock.32
                0x00000000c0008a08                User::loadClockSettings()
                0x00000000c0008b0e                Clock::Clock(char const*)
                0x00000000c0008b0e                Clock::Clock(char const*)
                0x00000000c0008b44                Clock::~Clock()
                0x00000000c0008b44                Clock::~Clock()
                0x00000000c0008b68                Clock::~Clock()
                0x00000000c0008b92                Clock::timeInSecondsLocal()
                0x00000000c0008bda                Clock::setTimeInSecondsLocal(unsigned long long)
                0x00000000c0008c33                datetimeToSeconds(datetime_t)
                0x00000000c0008d52                Clock::setTimeInDatetimeLocal(datetime_t)
                0x00000000c0008db2                secondsToDatetime(unsigned long long)
                0x00000000c0008ef6                Clock::timeInDatetimeLocal()
 *fill*         0x00000000c0008f1b        0x1 
 .text          0x00000000c0008f1c      0x47a hal/device.32
                0x00000000c0008f1c                Device::hibernate()
                0x00000000c0008f1e                Device::wake()
                0x00000000c0008f20                Device::detect()
                0x00000000c0008f22                Device::disableLegacy()
                0x00000000c0008f24                Device::powerSaving(PowerSavingLevel)
                0x00000000c0008f26                DriverlessDevice::close(int, int, void*)
                0x00000000c0008f2a                DriverlessDevice::detect()
                0x00000000c0008f2c                DriverlessDevice::open(int, int, void*)
                0x00000000c0008f40                Device::~Device()
                0x00000000c0008f40                Device::~Device()
                0x00000000c0008f4e                Device::~Device()
                0x00000000c0008f76                Device::findAndLoadDriver()
                0x00000000c0008f84                Device::preOpenPCI(PCIDeviceInfo)
                0x00000000c0008faa                Device::preOpenACPI(void*, char*, char*)
                0x00000000c0008fea                Device::addIRQHandler(int, void (*)(regs*, void*), bool, void*)
                0x00000000c0009014                Device::getParent()
                0x00000000c0009020                Device::removeIRQHandler(int, void (*)(regs*, void*), bool)
                0x00000000c000903e                Device::addChild(Device*)
                0x00000000c0009082                Device::removeAllChildren()
                0x00000000c00090c8                Device::hibernateAll()
                0x00000000c00090f8                Device::wakeAll()
                0x00000000c0009128                Device::detectAll()
                0x00000000c0009158                Device::disableLegacyAll()
                0x00000000c000915a                Device::loadDriversForAll()
                0x00000000c000915c                Device::powerSavingAll(PowerSavingLevel)
                0x00000000c0009192                Device::setName(char const*)
                0x00000000c00091a0                Device::Device(char const*)
                0x00000000c00091a0                Device::Device(char const*)
                0x00000000c000929c                Device::getName()
                0x00000000c00092a6                Device::closeAll()
                0x00000000c00092f2                DriverlessDevice::DriverlessDevice(char const*)
                0x00000000c00092f2                DriverlessDevice::DriverlessDevice(char const*)
                0x00000000c0009328                Device::addToLinkedList(LinkedList<Device>&, DeviceType)
                0x00000000c000936c                getDevicesOfType(DeviceType)
 *fill*         0x00000000c0009396        0x2 
 .text          0x00000000c0009398       0x86 hal/diskctrl.32
                0x00000000c0009398                HardDiskController::HardDiskController(char const*)
                0x00000000c0009398                HardDiskController::HardDiskController(char const*)
                0x00000000c00093d0                HardDiskController::~HardDiskController()
                0x00000000c00093d0                HardDiskController::~HardDiskController()
                0x00000000c00093f4                HardDiskController::~HardDiskController()
 .text          0x00000000c000941e       0xe2 hal/diskphys.32
                0x00000000c000941e                PhysicalDisk::eject()
                0x00000000c0009422                PhysicalDisk::PhysicalDisk(char const*, int)
                0x00000000c0009422                PhysicalDisk::PhysicalDisk(char const*, int)
                0x00000000c000948a                PhysicalDisk::startCache()
                0x00000000c00094b2                PhysicalDisk::~PhysicalDisk()
                0x00000000c00094b2                PhysicalDisk::~PhysicalDisk()
                0x00000000c00094d6                PhysicalDisk::~PhysicalDisk()
 .text          0x00000000c0009500        0x0 hal/fpu.32
 .text          0x00000000c0009500      0x359 hal/intctrl.32
                0x00000000c0009500                int_handler
                0x00000000c000958a                installISRHandler(int, void (*)(regs*, void*), void*)
                0x00000000c00095d4                installIRQHandler(int, void (*)(regs*, void*), bool, void*)
                0x00000000c0009708                uninstallISRHandler(int, void (*)(regs*, void*))
                0x00000000c000973c                uninstallIRQHandler(int, void (*)(regs*, void*), bool)
                0x00000000c00097ba                setupINTS()
                0x00000000c0009817                convertLegacyIRQNumber(int)
 *fill*         0x00000000c0009859        0x1 
 .text          0x00000000c000985a      0x8bc hal/keybrd.32
                0x00000000c000985a                startGUI(void*)
                0x00000000c00098c4                startGUIVESA(void*)
                0x00000000c000992e                sendKeyToTerminal(unsigned char)
                0x00000000c0009a09                sendKeyboardToken(KeyboardToken)
                0x00000000c0009ec5                clearInternalKeybuffer(VgaText*)
                0x00000000c0009efa                readKeyboard(VgaText*, char*, unsigned long)
                0x00000000c000a08c                Keyboard::Keyboard(char const*)
                0x00000000c000a08c                Keyboard::Keyboard(char const*)
                0x00000000c000a0c8                Keyboard::~Keyboard()
                0x00000000c000a0c8                Keyboard::~Keyboard()
                0x00000000c000a0ec                Keyboard::~Keyboard()
 .text          0x00000000c000a116      0x3f8 hal/logidisk.32
                0x00000000c000a116                LogicalDisk::close(int, int, void*)
                0x00000000c000a11a                LogicalDisk::~LogicalDisk()
                0x00000000c000a11a                LogicalDisk::~LogicalDisk()
                0x00000000c000a13e                LogicalDisk::~LogicalDisk()
                0x00000000c000a168                LogicalDisk::open(int, int, void*)
                0x00000000c000a17c                LogicalDisk::absoluteToRelative(unsigned long long)
                0x00000000c000a1b4                LogicalDisk::relativeToAbsolute(unsigned long long)
                0x00000000c000a1fa                LogicalDisk::LogicalDisk(char const*, PhysicalDisk*, unsigned long long, unsigned long long)
                0x00000000c000a1fa                LogicalDisk::LogicalDisk(char const*, PhysicalDisk*, unsigned long long, unsigned long long)
                0x00000000c000a2ba                LogicalDisk::assignDriveLetter()
                0x00000000c000a374                LogicalDisk::mount()
                0x00000000c000a3bc                LogicalDisk::unmount()
                0x00000000c000a3cc                LogicalDisk::eject()
                0x00000000c000a3e0                LogicalDisk::unassignDriveLetter()
                0x00000000c000a436                LogicalDisk::read(unsigned long long, int, void*)
                0x00000000c000a4a2                LogicalDisk::write(unsigned long long, int, void*)
 *fill*         0x00000000c000a50e        0x2 
 .text          0x00000000c000a510       0x86 hal/mouse.32
                0x00000000c000a510                Mouse::Mouse(char const*)
                0x00000000c000a510                Mouse::Mouse(char const*)
                0x00000000c000a548                Mouse::~Mouse()
                0x00000000c000a548                Mouse::~Mouse()
                0x00000000c000a56c                Mouse::~Mouse()
 .text          0x00000000c000a596       0x90 hal/nic.32
                0x00000000c000a596                NIC::getMAC()
                0x00000000c000a59c                NIC::write(int, unsigned char*, int*)
                0x00000000c000a5a2                NIC::NIC(char const*)
                0x00000000c000a5a2                NIC::NIC(char const*)
                0x00000000c000a5d8                NIC::~NIC()
                0x00000000c000a5d8                NIC::~NIC()
                0x00000000c000a5fc                NIC::~NIC()
 .text          0x00000000c000a626      0x33b hal/partition.32
                0x00000000c000a626                makePartition(PhysicalDisk*, unsigned long long, unsigned long long)
                0x00000000c000a6ce                createPartitionsForDisk(PhysicalDisk*)
 *fill*         0x00000000c000a961        0x3 
 .text          0x00000000c000a964       0x86 hal/serial.32
                0x00000000c000a964                Serial::Serial(char const*)
                0x00000000c000a964                Serial::Serial(char const*)
                0x00000000c000a99c                Serial::~Serial()
                0x00000000c000a99c                Serial::~Serial()
                0x00000000c000a9c0                Serial::~Serial()
 *fill*         0x00000000c000a9ea        0x2 
 .text          0x00000000c000a9ec      0x230 hal/timer.32
                0x00000000c000a9ec                Timer::Timer(char const*)
                0x00000000c000a9ec                Timer::Timer(char const*)
                0x00000000c000aa24                Timer::~Timer()
                0x00000000c000aa24                Timer::~Timer()
                0x00000000c000aa48                Timer::~Timer()
                0x00000000c000aa72                Timer::read()
                0x00000000c000aa7d                setupTimer(int)
                0x00000000c000aab8                timerHandler(unsigned int)
 .text          0x00000000c000ac1c      0x444 hal/vcache.32
                0x00000000c000ac1c                VCache::VCache(PhysicalDisk*)
                0x00000000c000ac1c                VCache::VCache(PhysicalDisk*)
                0x00000000c000ad8c                VCache::invalidateReadBuffer()
                0x00000000c000ad9c                VCache::writeWriteBuffer()
                0x00000000c000ade8                VCache::~VCache()
                0x00000000c000ade8                VCache::~VCache()
                0x00000000c000ae40                VCache::~VCache()
                0x00000000c000ae68                VCache::write(unsigned long long, int, void*)
                0x00000000c000af5c                VCache::read(unsigned long long, int, void*)
 .text          0x00000000c000b060      0x70e hal/video.32
                0x00000000c000b060                Video::putrect(int, int, int, int, unsigned int)
                0x00000000c000b0ac                Video::bitblit(int, int, int, int, int, int, int, unsigned int*)
                0x00000000c000b11c                Video::blit(unsigned int*, int, int, int, int)
                0x00000000c000b19a                Video::clearScreen(unsigned int)
                0x00000000c000b1ce                Video::putpixel(int, int, unsigned int)
                0x00000000c000b1dc                Video::readPixelApprox(int, int)
                0x00000000c000b1f0                Video::Video(char const*)
                0x00000000c000b1f0                Video::Video(char const*)
                0x00000000c000b226                Video::~Video()
                0x00000000c000b226                Video::~Video()
                0x00000000c000b24a                Video::~Video()
                0x00000000c000b274                Video::isMonochrome()
                0x00000000c000b280                Video::getWidth()
                0x00000000c000b28c                Video::getHeight()
                0x00000000c000b298                Video::drawCursor(int, int, unsigned int*, int)
                0x00000000c000b354                Video::tgaParse(unsigned char*, int, int*, int*)
                0x00000000c000b6fe                Video::putTGA(int, int, unsigned char*, int)
 *fill*         0x00000000c000b76e        0x2 
 .text          0x00000000c000b770     0x127f hw/acpi.32
                0x00000000c000b770                ACPI::close(int, int, void*)
                0x00000000c000b778                findRSDP()
                0x00000000c000b810                loadACPITables(unsigned char*)
                0x00000000c000ba7c                findRSDT(unsigned char*)
                0x00000000c000bbd4                findDataTable(unsigned char*, char*)
                0x00000000c000bc54                scanMADT()
                0x00000000c000c10c                ACPI::ACPI()
                0x00000000c000c10c                ACPI::ACPI()
                0x00000000c000c160                ACPI::getPCIIRQAssignment(unsigned char, unsigned short, unsigned char)
                0x00000000c000c25c                ACPI::registerPCIIRQAssignment(void*, unsigned short, unsigned char, unsigned char)
                0x00000000c000c328                ACPI::setScreenBrightnessLevel(void*, int)
                0x00000000c000c330                ACPI::detectPCI()
                0x00000000c000c550                ACPI::writeSimpleBootFlag(SimpleBootFlagTable*)
                0x00000000c000c568                ACPI::open(int, int, void*)
 *fill*         0x00000000c000c9ef        0x1 
 .text          0x00000000c000c9f0      0xb83 hw/cpu.32
                0x00000000c000c9f0                CPU::close(int, int, void*)
                0x00000000c000c9f4                CPU::AMD_K6_write_msr(unsigned int, unsigned int, unsigned int, CPU::REGS*)
                0x00000000c000ca10                CPU::AMD_K6_read_msr(unsigned int, CPU::REGS*)
                0x00000000c000ca28                CPU::AMD_K6_writeback(int, int, int)
                0x00000000c000ca9c                CPU::cpuid(int, unsigned long*, unsigned long*, unsigned long*, unsigned long*)
                0x00000000c000cb20                CPU::cpuidCheckEDX(unsigned int)
                0x00000000c000cb4e                CPU::cpuidCheckECX(unsigned int)
                0x00000000c000cb7c                CPU::cpuidCheckExtendedEBX(unsigned int)
                0x00000000c000cbaa                CPU::cpuidCheckExtendedECX(unsigned int)
                0x00000000c000cbd8                CPU::CPU()
                0x00000000c000cbd8                CPU::CPU()
                0x00000000c000cc66                CPU::displayFeatures()
                0x00000000c000cc68                CPU::detectFeatures()
                0x00000000c000d33c                CPU::setupSMEP()
                0x00000000c000d348                CPU::setupUMIP()
                0x00000000c000d352                CPU::setupTSC()
                0x00000000c000d35c                CPU::setupLargePages()
                0x00000000c000d366                CPU::setupPAT()
                0x00000000c000d368                CPU::setupMTRR()
                0x00000000c000d36a                CPU::setupGlobalPages()
                0x00000000c000d374                CPU::allowUsermodeDataAccess()
                0x00000000c000d386                CPU::prohibitUsermodeDataAccess()
                0x00000000c000d398                CPU::setupSMAP()
                0x00000000c000d3a6                CPU::setupFeatures()
                0x00000000c000d46a                CPU::open(int, int, void*)
 .text          0x00000000c000d573       0xb6 krnl/atexit.32
                0x00000000c000d573                KeInitialiseAtexit()
                0x00000000c000d592                KeRegisterAtexit(void (*)(void*), void*)
                0x00000000c000d5c6                KeExecuteAtexit()
 .text          0x00000000c000d629       0x92 krnl/bootmsg.32
                0x00000000c000d629                KeDisplaySplashScreen()
                0x00000000c000d658                KeSetBootMessage(char const*)
 .text          0x00000000c000d6bb       0x5f krnl/c++.32
                0x00000000c000d6bb                __cxa_atexit
                0x00000000c000d6be                __cxa_finalize
                0x00000000c000d6bf                __stack_chk_fail
                0x00000000c000d6f5                __cxa_pure_virtual
                0x00000000c000d706                operator new[](unsigned long)
                0x00000000c000d70b                operator delete(void*, unsigned long)
                0x00000000c000d710                operator delete[](void*)
                0x00000000c000d715                operator delete[](void*, unsigned long)
 *fill*         0x00000000c000d71a        0x2 
 .text          0x00000000c000d71c       0x48 krnl/cdefs.32
                0x00000000c000d71c                CUnlockScheduler
                0x00000000c000d738                CLockScheduler
                0x00000000c000d748                CPrintf
 .text          0x00000000c000d764      0xd56 krnl/cm.32
                0x00000000c000d764                CmOpen(char const*)
                0x00000000c000d882                CmClose(Reghive_Tag*)
                0x00000000c000d898                CmReadExtent(Reghive_Tag*, int, unsigned char*)
                0x00000000c000d8d4                CmGetString(Reghive_Tag*, int, char*)
                0x00000000c000d94b                CmEnterDirectory(Reghive_Tag*, int)
                0x00000000c000d98a                CmGetNext(Reghive_Tag*, int)
                0x00000000c000d9bc                CmWriteExtent(Reghive_Tag*, int, unsigned char*)
                0x00000000c000d9f8                CmFreeExtent(Reghive_Tag*, int)
                0x00000000c000da20                CmUpdateHeader(Reghive_Tag*)
                0x00000000c000da41                CmExpand(Reghive_Tag*, int)
                0x00000000c000dabc                CmFindUnusedExtent(Reghive_Tag*)
                0x00000000c000db42                CmCreateExtent(Reghive_Tag*, int, int, unsigned char*)
                0x00000000c000dc36                CmSetString(Reghive_Tag*, int, char const*)
                0x00000000c000dd72                CmGetMatch(char*, char*, bool, bool*)
                0x00000000c000ddd3                CmAddShift(unsigned int*, int*, unsigned char, int)
                0x00000000c000de03                CmGetShift(unsigned int*, int*, int, bool*)
                0x00000000c000de3a                CmGetInteger(Reghive_Tag*, int, unsigned long long*)
                0x00000000c000de64                CmSetInteger(Reghive_Tag*, int, unsigned long long)
                0x00000000c000dea4                CmConvertFromInternalFilename(unsigned char const*, char*)
                0x00000000c000df48                CmGetNameAndTypeFromExtent(Reghive_Tag*, int, char*)
                0x00000000c000df76                CmConvertToInternalFilename(char const*, unsigned char*)
                0x00000000c000e114                CmCreateString(Reghive_Tag*, int, char const*)
                0x00000000c000e161                CmFindInDirectory(Reghive_Tag*, int, char const*)
                0x00000000c000e1db                CmCreateInteger(Reghive_Tag*, int, char const*, unsigned long long, int)
                0x00000000c000e22e                CmCreateDirectory(Reghive_Tag*, int, char const*)
                0x00000000c000e2f2                zStrtok(char*, char const*)
                0x00000000c000e364                CmFindObjectFromPath(Reghive_Tag*, char const*)
                0x00000000c000e3e5                CmDisplayTree(Reghive_Tag*, int, int)
                0x00000000c000e488                CmSplitFinalSlashInPlace(char*)
 *fill*         0x00000000c000e4ba        0x2 
 .text          0x00000000c000e4bc       0x1d krnl/compat.32
                0x00000000c000e4bc                Krnl::handlePowerButton()
                0x00000000c000e4cc                Krnl::handleSleepButton()
 *fill*         0x00000000c000e4d9        0x1 
 .text          0x00000000c000e4da      0x4e5 krnl/computer.32
                0x00000000c000e4da                Computer::close(int, int, void*)
                0x00000000c000e4e0                KeFirstTask()
                0x00000000c000e602                Computer::Computer()
                0x00000000c000e602                Computer::Computer()
                0x00000000c000e65a                Computer::detectFeatures()
                0x00000000c000e880                Computer::open(int, int, void*)
                0x00000000c000e94e                KePrepareShutdown()
                0x00000000c000e96e                KeShutdown()
                0x00000000c000e992                KeSleep()
                0x00000000c000e99e                KeRestart()
 .text          0x00000000c000e9bf       0x2b krnl/crc32.32
                0x00000000c000e9bf                KeCalculateCRC32(unsigned char*, int)
 .text          0x00000000c000e9ea      0x5bf krnl/env.32
                0x00000000c000e9ea                EnvVarContainer::getEnv(char const*)
                0x00000000c000ea28                EnvVarContainer::setEnv(char const*, char const*)
                0x00000000c000eaea                EnvVarContainer::deleteEnv(char const*)
                0x00000000c000eaec                EnvVarContainer::loadFrom(char const*, char const*)
                0x00000000c000ed10                EnvVarContainer::__loadSystem()
                0x00000000c000ed2a                EnvVarContainer::__loadUser()
                0x00000000c000ed2c                EnvVarContainer::EnvVarContainer(Process*)
                0x00000000c000ed2c                EnvVarContainer::EnvVarContainer(Process*)
                0x00000000c000ed4e                EnvVarContainer::~EnvVarContainer()
                0x00000000c000ed4e                EnvVarContainer::~EnvVarContainer()
                0x00000000c000ed7e                KeGetEnv(Process*, char const*)
                0x00000000c000ede3                KeSetEnvSystem(char const*, char const*)
                0x00000000c000edfd                KeSetEnvUser(char const*, char const*)
                0x00000000c000ee1c                KeSetEnvProcess(Process*, char const*, char const*)
                0x00000000c000ee2f                KeDeleteEnvSystem(char const*)
                0x00000000c000ee30                KeDeleteEnvUser(char const*)
                0x00000000c000ee31                KeDeleteEnvProcess(Process*, char const*)
                0x00000000c000ee32                KeNewProcessEnv(Process*)
                0x00000000c000ee54                KeCopyProcessEnv(Process*, Process*)
                0x00000000c000eea0                KeLoadSystemEnv()
                0x00000000c000eece                KeLoadUserEnv()
                0x00000000c000eef4                KeFlushEnv()
                0x00000000c000eef5                KeGetProcessTotalEnvCount(Process*)
                0x00000000c000ef15                KeGetProcessEnvPair(Process*, int)
 *fill*         0x00000000c000efa9        0x3 
 .text          0x00000000c000efac      0x1a9 krnl/fault.32
                0x00000000c000efac                KeDisplayProgramFault(char const*)
                0x00000000c000effc                KeGeneralProtectionFault(void*, void*)
                0x00000000c000f050                KePageFault(void*, void*)
                0x00000000c000f0a4                KeNonMaskableInterrupt(void*, void*)
                0x00000000c000f0b4                KeOtherFault(void*, void*)
                0x00000000c000f0e8                KeOpcodeFault(void*, void*)
                0x00000000c000f13c                KeDoubleFault(void*, void*)
 *fill*         0x00000000c000f155        0x1 
 .text          0x00000000c000f156      0x1db krnl/gdt.32
                0x00000000c000f156                GDTEntry::setBase(unsigned int)
                0x00000000c000f172                GDTEntry::setLimit(unsigned int)
                0x00000000c000f190                GDT::GDT()
                0x00000000c000f190                GDT::GDT()
                0x00000000c000f1a6                GDT::addEntry(GDTEntry)
                0x00000000c000f1c8                GDT::getNumberOfEntries()
                0x00000000c000f1d0                GDT::flush()
                0x00000000c000f1f2                GDT::setup()
 .text          0x00000000c000f331       0x1d krnl/idle.32
                0x00000000c000f331                idleFunction(void*)
 *fill*         0x00000000c000f34e        0x2 
 .text          0x00000000c000f350      0x46c krnl/idt.32
                0x00000000c000f350                IDTEntry::IDTEntry(bool)
                0x00000000c000f350                IDTEntry::IDTEntry(bool)
                0x00000000c000f3ca                IDTEntry::setOffset(unsigned int)
                0x00000000c000f3e0                IDT::IDT()
                0x00000000c000f3e0                IDT::IDT()
                0x00000000c000f3e2                IDT::getPointerToInvalidOpcodeEntryForF00F()
                0x00000000c000f3ea                IDT::addEntry(IDTEntry, int)
                0x00000000c000f404                IDT::addEntry(int, void (*)(), bool)
                0x00000000c000f43c                IDT::flush()
                0x00000000c000f456                IDT::setup()
 .text          0x00000000c000f7bc       0x94 krnl/inlines.32
                0x00000000c000f7bc                CPU::current()
                0x00000000c000f7c8                operator new(unsigned long)
                0x00000000c000f7cd                operator delete(void*)
                0x00000000c000f7d2                disableIRQs()
                0x00000000c000f7d4                enableIRQs()
                0x00000000c000f7d6                lockScheduler()
                0x00000000c000f7de                unlockScheduler()
                0x00000000c000f7ed                lockStuff()
                0x00000000c000f7fb                unlockStuff()
                0x00000000c000f835                Virt::getAKernelVAS()
                0x00000000c000f83b                __not_memcpy
 .text          0x00000000c000f850      0x205 krnl/kheap.32
                0x00000000c000f850                sbrk
                0x00000000c000f8e7                sbrk_thunk
                0x00000000c000f91d                mmap
                0x00000000c000f97b                munmap
                0x00000000c000f990                liballoc_lock()
                0x00000000c000f99e                liballoc_unlock()
                0x00000000c000f9b4                liballoc_alloc(int)
                0x00000000c000f9cc                liballoc_free(void*, int)
                0x00000000c000f9e7                realloc
                0x00000000c000f9fb                malloc
                0x00000000c000fa0b                free
                0x00000000c000fa1b                rfree
                0x00000000c000fa2b                calloc
 *fill*         0x00000000c000fa55        0x3 
 .text          0x00000000c000fa58      0x1e3 krnl/mailbox.32
                0x00000000c000fa58                KeMailboxTryPost(Mailbox*, void*)
                0x00000000c000fabc                KeMailboxTryGet(Mailbox*, void**)
                0x00000000c000fb20                KeMailboxCreate()
                0x00000000c000fb54                KeMailboxPost(Mailbox*, void*)
                0x00000000c000fbbc                KeMailboxGet(Mailbox*, void**)
                0x00000000c000fc24                KeMailboxDestroy(Mailbox*)
 .text          0x00000000c000fc3b       0xc7 krnl/main.32
                0x00000000c000fc3b                KeEntryPoint
 *fill*         0x00000000c000fd02        0x2 
 .text          0x00000000c000fd04       0x1a krnl/mutex.32
                0x00000000c000fd04                Mutex::Mutex()
                0x00000000c000fd04                Mutex::Mutex()
 .text          0x00000000c000fd1e        0xc krnl/panic.32
                0x00000000c000fd1e                KePanic(char const*)
 .text          0x00000000c000fd2a      0x644 krnl/physmgr.32
                0x00000000c000fd2a                Phys::allocateDMA(unsigned long)
                0x00000000c000fe12                Phys::freeDMA(unsigned long, unsigned long)
                0x00000000c000fe4d                Phys::setPageState(unsigned long, bool)
                0x00000000c000fe8d                Phys::getPageState(unsigned long)
                0x00000000c000fea9                Phys::freePage(unsigned long)
                0x00000000c000ff12                Phys::allocatePage()
                0x00000000c000ffe1                Phys::allocateContiguousPages(int)
                0x00000000c0010048                Phys::allowSegmentToBeUsed(unsigned long, unsigned long)
                0x00000000c0010080                Phys::physicalMemorySetup(unsigned int)
 .text          0x00000000c001036e      0x273 krnl/pipe.32
                0x00000000c001036e                Pipe::isAtty()
                0x00000000c0010372                Pipe::~Pipe()
                0x00000000c0010372                Pipe::~Pipe()
                0x00000000c0010396                Pipe::~Pipe()
                0x00000000c00103be                Pipe::write(unsigned long long, void*, int*)
                0x00000000c001047e                Pipe::read(unsigned long long, void*, int*)
                0x00000000c001057a                Pipe::Pipe(int)
                0x00000000c001057a                Pipe::Pipe(int)
 .text          0x00000000c00105e1      0x108 krnl/powctrl.32
                0x00000000c00105e1                KePowerThread(void*)
                0x00000000c001060f                KeChangePowerSettings(PowerSettings)
                0x00000000c0010625                KeUserIOReceived()
                0x00000000c0010630                KeHandlePowerButton()
                0x00000000c0010648                KeHandleSleepButton()
                0x00000000c0010660                KeSetupPowerManager()
 .text          0x00000000c00106e9       0x9d krnl/random.32
                0x00000000c00106e9                KeRand()
                0x00000000c001072b                KeSeedRand(unsigned int)
                0x00000000c0010754                KeInitRand()
 *fill*         0x00000000c0010786        0x2 
 .text          0x00000000c0010788      0x1bc krnl/resolve.32
                0x00000000c0010788                KeResolveCompatibilitySymbol(char*)
 .text          0x00000000c0010944      0x415 krnl/semaphore.32
                0x00000000c0010944                Semaphore::Semaphore(int)
                0x00000000c0010944                Semaphore::Semaphore(int)
                0x00000000c0010974                Semaphore::tryAcquire()
                0x00000000c0010a50                Semaphore::assertLocked(char const*)
                0x00000000c0010ae0                Semaphore::acquire(int)
                0x00000000c0010c88                Semaphore::acquire()
                0x00000000c0010ca4                Semaphore::release()
 .text          0x00000000c0010d59      0x322 krnl/signal.32
                0x00000000c0010d59                KiSigKill(int)
                0x00000000c0010d6d                KiDefaultSignalHandlerIgnore(int)
                0x00000000c0010d6e                KiDefaultSignalHandlerPause(int)
                0x00000000c0010d9a                KiDefaultSignalHandlerResume(int)
                0x00000000c0010dc6                KeDeinitSignals(SigHandlerBlock*)
                0x00000000c0010dcb                KeInitSignals()
                0x00000000c0010e1d                KeRegisterSignalHandler(SigHandlerBlock*, int, void (*)(int), unsigned int, int)
                0x00000000c0010e53                KeRaiseSignal(SigHandlerBlock*, int)
                0x00000000c0010ed0                KeCheckSignal(SigHandlerBlock*, int*)
                0x00000000c0010fc7                KiCheckSignalZ
                0x00000000c0011009                KeCompleteSignal(SigHandlerBlock*, int)
                0x00000000c0011044                KiFinishSignalZ
 .text          0x00000000c001107b      0xe1d krnl/syscalls.32
                0x00000000c001107b                SysSeekDir(regs*)
                0x00000000c0011080                SysTellDir(regs*)
                0x00000000c0011085                SysVerify(regs*)
                0x00000000c001108f                SysGetArgc(regs*)
                0x00000000c00110a3                SysTTYName(regs*)
                0x00000000c00110ab                SysFormatDisk(regs*)
                0x00000000c0011122                SysSetDiskVolumeLabel(regs*)
                0x00000000c0011176                SysGetDiskVolumeLabel(regs*)
                0x00000000c00111cf                SysShutdown(regs*)
                0x00000000c001122d                SysRealpath(regs*)
                0x00000000c0011271                SysReadDir(regs*)
                0x00000000c00112f1                SysIsATTY(regs*)
                0x00000000c001134b                SysSeek(regs*)
                0x00000000c00113a2                SysTell(regs*)
                0x00000000c001140f                SysSize(regs*)
                0x00000000c0011482                SysSizeFromFilename(regs*)
                0x00000000c00115b3                SysSizeFromFilenameNoSymlink(regs*)
                0x00000000c00116e4                SysClose(regs*)
                0x00000000c0011744                SysOpenDir(regs*)
                0x00000000c00117c1                SysMakeDir(regs*)
                0x00000000c001182f                SysCloseDir(regs*)
                0x00000000c0011883                SysWait(regs*)
                0x00000000c00118a4                SysNotImpl(regs*)
                0x00000000c00118bf                SysPanic(regs*)
                0x00000000c00118da                SysRmdir(regs*)
                0x00000000c001193f                SysUnlink(regs*)
                0x00000000c00119a4                SysGetArgv(regs*)
                0x00000000c00119f1                SysUSleep(regs*)
                0x00000000c0011a1a                SysSpawn(regs*)
                0x00000000c0011a8d                SysGetEnv(regs*)
                0x00000000c0011b3e                SysSetFatAttrib(regs*)
                0x00000000c0011bb1                SysPipe(regs*)
                0x00000000c0011bf6                SysGetUnixTime(regs*)
                0x00000000c0011c0a                string_ends_with(char const*, char const*)
                0x00000000c0011c52                SysOpen(regs*)
                0x00000000c0011e49                KeSystemCall(regs*, void*)
 .text          0x00000000c0011e98      0xab3 krnl/terminal.32
                0x00000000c0011e98                VgaText::isAtty()
                0x00000000c0011e9c                VgaText::~VgaText()
                0x00000000c0011e9c                VgaText::~VgaText()
                0x00000000c0011ec0                VgaText::~VgaText()
                0x00000000c0011eea                VgaText::read(unsigned long long, void*, int*)
                0x00000000c0011f0a                setTerminalScrollLock(bool)
                0x00000000c0011f0b                doTerminalCycle()
                0x00000000c0011f0c                addToTerminalCycle(VgaText*)
                0x00000000c0011f0d                scrollTerminalScrollLock(int)
                0x00000000c0011f0e                VgaText::updateTitle()
                0x00000000c0011f10                VgaText::load()
                0x00000000c0011f12                VgaText::updateCursor()
                0x00000000c0011f28                VgaText::doANSI_SGR(int)
                0x00000000c0011f9c                VgaText::setDefaultBgColour(VgaColour)
                0x00000000c0011fac                VgaText::setDefaultFgColour(VgaColour)
                0x00000000c0011fbc                VgaText::setDefaultColours(VgaColour, VgaColour)
                0x00000000c0011fdc                VgaText::setTitleTextColour(VgaColour)
                0x00000000c0011fe8                VgaText::setTitleColour(VgaColour)
                0x00000000c0011ff4                VgaText::setTitle(char*)
                0x00000000c0011ff6                VgaText::combineColours(unsigned char, unsigned char)
                0x00000000c0012008                VgaText::scrollScreen()
                0x00000000c001209a                VgaText::combineCharAndColour(char, unsigned char)
                0x00000000c00120aa                VgaText::writeCharacter(char, VgaColour, VgaColour, int, int)
                0x00000000c001213a                VgaText::getCursorX()
                0x00000000c0012142                VgaText::getCursorY()
                0x00000000c001214a                VgaText::setCursor(int, int)
                0x00000000c0012161                setActiveTerminal(VgaText*)
                0x00000000c00121ac                VgaText::clearScreen()
                0x00000000c00121fa                VgaText::setCursorX(int)
                0x00000000c0012212                VgaText::setCursorY(int)
                0x00000000c001222a                VgaText::incrementCursor(bool)
                0x00000000c001227e                VgaText::decrementCursor(bool)
                0x00000000c00122a0                VgaText::putchar(char, VgaColour, VgaColour)
                0x00000000c0012370                VgaText::putchar(char)
                0x00000000c0012468                VgaText::putx(unsigned int)
                0x00000000c00124ae                VgaText::puts(char const*)
                0x00000000c00124d4                VgaText::write(unsigned long long, void*, int*)
                0x00000000c0012520                VgaText::puts(char const*, VgaColour, VgaColour)
                0x00000000c001266e                VgaText::VgaText(char const*)
                0x00000000c001266e                VgaText::VgaText(char const*)
                0x00000000c00127be                VgaText::receiveKey(unsigned char)
                0x00000000c001294a                VgaText::doUpdate()
 *fill*         0x00000000c001294b        0x1 
 .text          0x00000000c001294c      0x1a1 krnl/tss.32
                0x00000000c001294c                TSS::TSS()
                0x00000000c001294c                TSS::TSS()
                0x00000000c001295c                TSS::setESP(unsigned long)
                0x00000000c0012970                TSS::flush()
                0x00000000c0012990                TSS::setup(unsigned long, unsigned long)
 *fill*         0x00000000c0012aed        0x1 
 .text          0x00000000c0012aee      0x4ca krnl/unixfile.32
                0x00000000c0012aee                ReservedFilename::read(unsigned long long, void*, int*)
                0x00000000c0012b44                ReservedFilename::isAtty()
                0x00000000c0012b60                ReservedFilename::write(unsigned long long, void*, int*)
                0x00000000c0012bbe                UnixFile::getFileDescriptor()
                0x00000000c0012bc6                UnixFile::UnixFile(int)
                0x00000000c0012bc6                UnixFile::UnixFile(int)
                0x00000000c0012d7a                ReservedFilename::ReservedFilename(int)
                0x00000000c0012d7a                ReservedFilename::ReservedFilename(int)
                0x00000000c0012dac                UnixFile::~UnixFile()
                0x00000000c0012dac                UnixFile::~UnixFile()
                0x00000000c0012e48                UnixFile::~UnixFile()
                0x00000000c0012e70                ReservedFilename::~ReservedFilename()
                0x00000000c0012e70                ReservedFilename::~ReservedFilename()
                0x00000000c0012e94                ReservedFilename::~ReservedFilename()
                0x00000000c0012ebb                KeGetFileFromDescriptor(int)
 .text          0x00000000c0012fb8     0x1210 krnl/virtmgr.32
                0x00000000c0012fb8                Virt::setPageState(unsigned long, Virt::VirtPageState)
                0x00000000c0012ff2                Virt::getPageState(unsigned long)
                0x00000000c0013015                Virt::allocateKernelVirtualPages(int)
                0x00000000c001313a                Virt::freeSwapfilePage(unsigned long)
                0x00000000c001315d                Virt::swapIDToSector(unsigned long)
                0x00000000c0013173                Virt::allocateSwapfilePage()
                0x00000000c00131f3                Virt::virtualMemorySetup()
                0x00000000c0013244                Virt::setupPageSwapping(int)
                0x00000000c00132b6                VAS::setCPUSpecific(unsigned long)
                0x00000000c00132b8                VAS::VAS(VAS*)
                0x00000000c00132b8                VAS::VAS(VAS*)
                0x00000000c00132d0                VAS::getForeignPageTableEntry(bool, unsigned long)
                0x00000000c00132fe                VAS::getPageTableEntry(unsigned long)
                0x00000000c001331d                Virt::freeKernelVirtualPages(unsigned long)
                0x00000000c001345a                VAS::freeAllocatedPages(unsigned long)
                0x00000000c001347e                VAS::virtualToPhysical(unsigned long)
                0x00000000c0013498                VAS::reflagRange(unsigned long, int, unsigned long, unsigned long)
                0x00000000c00134da                VAS::VAS()
                0x00000000c00134da                VAS::VAS()
                0x00000000c0013544                VAS::setToWriteCombining(unsigned long, int)
                0x00000000c0013578                VAS::mapOtherVASIn(bool, VAS*)
                0x00000000c00135a4                VAS::~VAS()
                0x00000000c00135a4                VAS::~VAS()
                0x00000000c0013712                VAS::mapPage(unsigned long, unsigned long, int)
                0x00000000c0013816                VAS::allocatePages(int, int)
                0x00000000c001390c                VAS::mapRange(unsigned long, unsigned long, int, int)
                0x00000000c0013964                VAS::mapForeignPage(bool, VAS*, unsigned long, unsigned long, int)
                0x00000000c0013a5a                VAS::VAS(bool)
                0x00000000c0013a5a                VAS::VAS(bool)
                0x00000000c0013ca4                VAS::evict(unsigned long)
                0x00000000c0013d82                VAS::tryLoadBackOffDisk(unsigned long)
                0x00000000c0013f2a                VAS::allocateSharedMemoryWithKernel(unsigned long, unsigned long*)
                0x00000000c0013f9e                VAS::freeSharedMemoryWithKernel(unsigned long, unsigned long)
                0x00000000c0013fca                VAS::scanForEviction()
                0x00000000c00140cd                mapVASFirstTime
 .text          0x00000000c00141c8       0x36 sys/eject.32
                0x00000000c00141c8                SysEject(regs*)
 .text          0x00000000c00141fe       0x18 sys/exit.32
                0x00000000c00141fe                SysExit(regs*)
 .text          0x00000000c0014216       0x1f sys/getcwd.32
                0x00000000c0014216                SysGetCwd(regs*)
 .text          0x00000000c0014235        0xc sys/getpid.32
                0x00000000c0014235                SysGetPID(regs*)
 .text          0x00000000c0014241       0x1a sys/getramdata.32
                0x00000000c0014241                SysGetRAMData(regs*)
 .text          0x00000000c001425b       0x82 sys/getvgaptr.32
                0x00000000c001425b                SysGetVGAPtr(regs*)
 *fill*         0x00000000c00142dd        0x3 
 .text          0x00000000c00142e0       0xb9 sys/kill.32
                0x00000000c00142e0                SysKill(regs*)
 .text          0x00000000c0014399       0xa8 sys/loaddll.32
                0x00000000c0014399                SysLoadDLL(regs*)
 .text          0x00000000c0014441       0x68 sys/read.32
                0x00000000c0014441                SysRead(regs*)
 .text          0x00000000c00144a9       0x29 sys/registersignal.32
                0x00000000c00144a9                SysRegisterSignal(regs*)
 .text          0x00000000c00144d2      0x1cc sys/registry.32
                0x00000000c00144d2                SysRegistryGetTypeFromPath(regs*)
                0x00000000c0014516                SysRegistryReadExtent(regs*)
                0x00000000c001455e                SysRegistryPathToExtentLookup(regs*)
                0x00000000c0014575                SysRegistryEnterDirectory(regs*)
                0x00000000c001458c                SysRegistryGetNext(regs*)
                0x00000000c00145a3                SysRegistryGetNameAndTypeFromExtent(regs*)
                0x00000000c00145dd                SysRegistryOpen(regs*)
                0x00000000c00145f1                SysRegistryClose(regs*)
                0x00000000c0014608                SysRegistryEasyReadString(regs*)
                0x00000000c0014654                SysRegistryEasyReadInteger(regs*)
 .text          0x00000000c001469e       0x55 sys/sbrk.32
                0x00000000c001469e                SysSbrk(regs*)
 .text          0x00000000c00146f3       0x1c sys/setcwd.32
                0x00000000c00146f3                SysSetCwd(regs*)
 .text          0x00000000c001470f       0x96 sys/settime.32
                0x00000000c001470f                SysSetTime(regs*)
 .text          0x00000000c00147a5       0x73 sys/symlink.32
                0x00000000c00147a5                SysSymlink(regs*)
 .text          0x00000000c0014818       0x3f sys/timezone.32
                0x00000000c0014818                SysTimezone(regs*)
 .text          0x00000000c0014857       0xfc sys/truncate.32
                0x00000000c0014857                SysTruncate(regs*)
 .text          0x00000000c0014953       0x68 sys/write.32
                0x00000000c0014953                SysWrite(regs*)
 .text          0x00000000c00149bb       0x9d sys/wsbe.32
                0x00000000c00149bb                SysWsbe(regs*)
 .text          0x00000000c0014a58       0x25 sys/yield.32
                0x00000000c0014a58                SysYield(regs*)
 .text          0x00000000c0014a7d     0x1207 thr/elf.32
                0x00000000c0014a7d                Thr::allocateMemoryForTask(Process*, File*, unsigned long, unsigned long, unsigned long)
                0x00000000c0014d0b                Thr::loadProgramIntoMemory(Process*, char const*)
                0x00000000c0014f1d                Thr::runtimeReferenceHelper()
                0x00000000c0014f30                Thr::getAddressOfKernelSymbol(char const*)
                0x00000000c0014f7f                Thr::loadKernelSymbolTable(char const*)
                0x00000000c001523d                Thr::loadDriverIntoMemory(char const*, unsigned long, bool)
                0x00000000c0015976                Thr::getDriverBaseFromAddress(unsigned long)
                0x00000000c00159a8                Thr::getDriverNameFromAddress(unsigned long)
                0x00000000c00159df                Thr::getDriverOffsetFromAddress(unsigned long)
                0x00000000c00159f9                Thr::loadDLL(char const*, bool)
                0x00000000c0015c4b                Thr::executeDLL(unsigned long, void*)
 .text          0x00000000c0015c84       0x5a thr/exec.32
                0x00000000c0015c84                KeProcessExec(Process*, char const*)
 *fill*         0x00000000c0015cde        0x2 
 .text          0x00000000c0015ce0     0x1131 thr/prcssthr.32
                0x00000000c0015ce0                userModeEntryPoint(void*)
                0x00000000c0015d08                changeTSS
                0x00000000c0015d38                switchToThread(ThreadControlBlock*)
                0x00000000c0015de8                Process::addArgs(char**)
                0x00000000c0015e54                Process::Process(char const*, Process*, char**)
                0x00000000c0015e54                Process::Process(char const*, Process*, char**)
                0x00000000c0016060                Process::Process(bool, char const*, Process*, char**)
                0x00000000c0016060                Process::Process(bool, char const*, Process*, char**)
                0x00000000c0016234                taskStartupFunction
                0x00000000c0016240                KeDisablePreemption()
                0x00000000c0016268                KeRestorePreemption()
                0x00000000c0016288                Process::createThread(void (*)(void*), void*, int)
                0x00000000c0016394                Process::createUserThread()
                0x00000000c00163b4                setupMultitasking(void (*)())
                0x00000000c00164d8                schedule()
                0x00000000c001656c                blockTaskWithSchedulerLockAlreadyHeld(TaskState)
                0x00000000c0016594                blockTask(TaskState)
                0x00000000c00165cc                waitTask(int, int*, int)
                0x00000000c0016610                milliTenthSleepUntil(unsigned int)
                0x00000000c00166b0                milliTenthSleep(unsigned int)
                0x00000000c00166c4                sleep(unsigned int)
                0x00000000c00166e0                taskReturned
                0x00000000c0016724                Thr::processFromPID(int)
                0x00000000c00167d0                unblockTask(ThreadControlBlock*)
                0x00000000c001687c                cleanupTerminatedTask(ThreadControlBlock*)
                0x00000000c0016b50                cleanerTaskFunction(void*)
                0x00000000c0016c58                terminateTask(int)
                0x00000000c0016d44                Thr::terminateFromIRQ(int)
 .text          0x00000000c0016e11      0xd00 vm86/vm8086.32
                0x00000000c0016e11                Vm::inbv(unsigned short)
                0x00000000c0016e24                Vm::outbv(unsigned short, unsigned char)
                0x00000000c0016e5a                Vm::realToLinear(unsigned short, unsigned short)
                0x00000000c0016e6a                Vm::getSegment(unsigned int)
                0x00000000c0016e72                Vm::getOffset(unsigned int)
                0x00000000c0016e77                Vm::mainloop2()
                0x00000000c0016eb1                Vm::mainVm8086Loop(void*)
                0x00000000c0016ec1                Vm::mainloop3(unsigned long)
                0x00000000c0016ee7                Vm::initialise8086()
                0x00000000c0016f2a                Vm::resetConventionalMemory8086()
                0x00000000c0016f2b                Vm::finish8086()
                0x00000000c0016f8c                Vm::getOutput8086(unsigned char*)
                0x00000000c0016fb1                Vm::start8086FromBuffer(unsigned char*, int, unsigned short, unsigned short, unsigned short, unsigned short)
                0x00000000c00170d8                Vm::start8086(char const*, unsigned short, unsigned short, unsigned short, unsigned short)
                0x00000000c00172e0                Vm::doISR(regs*, int, unsigned char*, unsigned short, unsigned short)
                0x00000000c0017379                Vm::readByteFromReal(unsigned short, unsigned short)
                0x00000000c001738a                Vm::readWordFromReal(unsigned short, unsigned short)
                0x00000000c001739c                Vm::readDwordFromReal(unsigned short, unsigned short)
                0x00000000c00173ad                Vm::writeByteFromReal(unsigned short, unsigned short, unsigned char)
                0x00000000c00173c2                Vm::writeWordFromReal(unsigned short, unsigned short, unsigned short)
                0x00000000c00173d8                Vm::writeDwordFromReal(unsigned short, unsigned short, unsigned int)
                0x00000000c00173ed                Vm::faultHandler(regs*)
 .text          0x00000000c0017b11      0xb3d arch/i386/hal.32
                0x00000000c0017b11                noCopro(unsigned long)
                0x00000000c0017b12                x86ReadCMOS(unsigned char)
                0x00000000c0017b66                x86WriteCMOS(unsigned char, unsigned char)
                0x00000000c0017bc6                HalEnableNMI()
                0x00000000c0017bd9                HalDisableNMI()
                0x00000000c0017bec                HalGetNMIState()
                0x00000000c0017bf2                x86rdmsr(unsigned int)
                0x00000000c0017c36                x86wrmsr(unsigned int, unsigned long long)
                0x00000000c0017c81                HalHandleGeneralProtectionFault(void*, void*)
                0x00000000c0017c97                HalHandlePageFault(void*, void*)
                0x00000000c0017cc6                HalHandleOpcodeFault(void*, void*)
                0x00000000c0017d14                HalDisplayDebugInfo(void*)
                0x00000000c00180a2                HalReceivedNMI()
                0x00000000c001813d                HalSystemIdle()
                0x00000000c00181b0                i386SaveCoprocessor(void*)
                0x00000000c00181c4                i386LoadCoprocessor(void*)
                0x00000000c00181d8                x87EmulHandler(regs*, void*)
                0x00000000c0018275                HalInitialiseCoprocessor()
                0x00000000c00182fe                HalPanic(char const*)
                0x00000000c0018412                HalQueryPerformanceCounter()
                0x00000000c001842d                HalInitialise()
                0x00000000c00185e3                HalMakeBeep(int)
                0x00000000c001861d                HalGetRand()
                0x00000000c0018620                HalEndOfInterrupt(int)
                0x00000000c001864b                HalRestart()
                0x00000000c001864c                HalShutdown()
                0x00000000c001864d                HalSleep()
 *fill*         0x00000000c001864e        0x2 
 .text          0x00000000c0018650      0x2dc arch/i386/pic.32
                0x00000000c0018650                picIoWait()
                0x00000000c0018658                picDisable()
                0x00000000c001868c                picGetIRQReg(int)
                0x00000000c0018708                picOpen()
                0x00000000c001888c                picEOI(int)
 .text          0x00000000c001892c      0x5f8 arch/i386/rtc.32
                0x00000000c001892c                RTC::open(int, int, void*)
                0x00000000c0018930                RTC::close(int, int, void*)
                0x00000000c0018934                RTC::timeInSecondsUTC()
                0x00000000c0018946                RTC::timeInDatetimeUTC()
                0x00000000c001896c                RTC::setTimeInSecondsUTC(unsigned long long)
                0x00000000c00189aa                RTC::~RTC()
                0x00000000c00189aa                RTC::~RTC()
                0x00000000c00189ce                RTC::~RTC()
                0x00000000c00189f8                RTC::get_update_in_progress_flag()
                0x00000000c0018a0c                RTC::completeRTCRefresh()
                0x00000000c0018cc0                RTC::setTimeInDatetimeUTC(datetime_t)
                0x00000000c0018e36                rtcIRQHandler(regs*, void*)
                0x00000000c0018e76                RTC::RTC()
                0x00000000c0018e76                RTC::RTC()
 .text          0x00000000c0018f24      0x1f4 arch/i386/vga.32
                0x00000000c0018f24                HalConsoleScroll(int, int)
                0x00000000c001902c                HalConsoleWriteCharacter(char, int, int, int, int)
                0x00000000c0019090                HalConsoleCursorUpdate(int, int)
 .text          0x00000000c0019118     0x14cf fs/fat/vfslink.32
                0x00000000c0019118                FAT::getName()
                0x00000000c0019120                FAT::tell(void*, unsigned long long*)
                0x00000000c001915c                FAT::stat(void*, unsigned long long*)
                0x00000000c0019198                FAT::~FAT()
                0x00000000c0019198                FAT::~FAT()
                0x00000000c00191bc                FAT::~FAT()
                0x00000000c00191e4                FAT::getlabel(LogicalDisk*, int, char*, unsigned int*)
                0x00000000c0019288                FAT::setlabel(LogicalDisk*, int, char*)
                0x00000000c001934c                FAT::format(LogicalDisk*, int, char const*, int)
                0x00000000c0019530                FAT::tryMount(LogicalDisk*, int)
                0x00000000c001974c                FAT::allocateSwapfile(char const*, int)
                0x00000000c001990c                FAT::readDir(void*, unsigned long, void*, int*)
                0x00000000c0019a7c                FAT::read(void*, unsigned long, void*, int*)
                0x00000000c0019adc                FAT::write(void*, unsigned long, void*, int*)
                0x00000000c0019b3c                FAT::close(void*)
                0x00000000c0019b90                FAT::closeDir(void*)
                0x00000000c0019be4                FAT::truncate(void*, unsigned long long)
                0x00000000c0019c50                FAT::seek(void*, unsigned long long)
                0x00000000c0019ca8                fatWrapperReadDisk
                0x00000000c0019ce8                fatWrapperWriteDisk
                0x00000000c0019d28                fatWrapperIoctl
                0x00000000c0019e44                FAT::FAT()
                0x00000000c0019e44                FAT::FAT()
                0x00000000c0019e9c                FAT::fixFilepath(char*)
                0x00000000c0019edc                FAT::open(char const*, void**, FileOpenMode)
                0x00000000c001a050                FAT::openDir(char const*, void**)
                0x00000000c001a100                FAT::stat(char const*, unsigned long long*, bool*)
                0x00000000c001a1f8                FAT::unlink(char const*)
                0x00000000c001a278                FAT::chfatattr(char const*, unsigned char, unsigned char)
                0x00000000c001a42c                FAT::rename(char const*, char const*)
                0x00000000c001a4f8                FAT::mkdir(char const*)
                0x00000000c001a578                FAT::exists(char const*)
 *fill*         0x00000000c001a5e7        0x1 
 .text          0x00000000c001a5e8       0x94 fs/iso9660/helper.32
                0x00000000c001a5e8                isoReadDiscSectorHelper
                0x00000000c001a644                iso_kprintf
                0x00000000c001a660                iso_kprintfd
 .text          0x00000000c001a67c      0x71c fs/iso9660/vfslink.32
                0x00000000c001a67c                ISO9660::format(LogicalDisk*, int, char const*, int)
                0x00000000c001a682                ISO9660::truncate(void*, unsigned long long)
                0x00000000c001a688                ISO9660::getName()
                0x00000000c001a68e                ISO9660::closeDir(void*)
                0x00000000c001a698                ISO9660::chfatattr(char const*, unsigned char, unsigned char)
                0x00000000c001a69e                ISO9660::unlink(char const*)
                0x00000000c001a6a4                ISO9660::write(void*, unsigned long, void*, int*)
                0x00000000c001a6aa                ISO9660::rename(char const*, char const*)
                0x00000000c001a6b0                ISO9660::mkdir(char const*)
                0x00000000c001a6b6                ISO9660::~ISO9660()
                0x00000000c001a6b6                ISO9660::~ISO9660()
                0x00000000c001a6da                ISO9660::~ISO9660()
                0x00000000c001a702                ISO9660::exists(char const*)
                0x00000000c001a716                ISO9660::open(char const*, void**, FileOpenMode)
                0x00000000c001a7fc                ISO9660::read(void*, unsigned long, void*, int*)
                0x00000000c001a844                ISO9660::seek(void*, unsigned long long)
                0x00000000c001a886                ISO9660::tell(void*, unsigned long long*)
                0x00000000c001a8c4                ISO9660::stat(void*, unsigned long long*)
                0x00000000c001a916                ISO9660::stat(char const*, unsigned long long*, bool*)
                0x00000000c001aa58                ISO9660::close(void*)
                0x00000000c001aa88                ISO9660::openDir(char const*, void**)
                0x00000000c001ab62                ISO9660::readDir(void*, unsigned long, void*, int*)
                0x00000000c001ac7f                readSectorFromCDROM(unsigned int, unsigned char*, char)
                0x00000000c001acfe                ISO9660::tryMount(LogicalDisk*, int)
                0x00000000c001ad70                ISO9660::ISO9660()
                0x00000000c001ad70                ISO9660::ISO9660()
 .text          0x00000000c001ad98      0x26c hal/sound/sndcard.32
                0x00000000c001ad98                SoundCard::beginPlayback()
                0x00000000c001ada6                SoundCard::stopPlayback()
                0x00000000c001adb4                SoundCard::SoundCard(char const*)
                0x00000000c001adb4                SoundCard::SoundCard(char const*)
                0x00000000c001ae52                SoundCard::~SoundCard()
                0x00000000c001ae52                SoundCard::~SoundCard()
                0x00000000c001ae76                SoundCard::~SoundCard()
                0x00000000c001aea0                SoundCard::configureRates(int, int, int)
                0x00000000c001aed0                SoundCard::getSamples16(int, short*)
                0x00000000c001af2c                SoundCard::getSamples32(int, int*)
                0x00000000c001afb2                SoundCard::addChannel(SoundPort*)
                0x00000000c001aff0                SoundCard::removeChannel(int)
 .text          0x00000000c001b004      0x38a hal/sound/sndport.32
                0x00000000c001b004                SoundPort::SoundPort(int, int, int, int)
                0x00000000c001b004                SoundPort::SoundPort(int, int, int, int)
                0x00000000c001b090                SoundPort::~SoundPort()
                0x00000000c001b090                SoundPort::~SoundPort()
                0x00000000c001b0c4                SoundPort::unpause()
                0x00000000c001b0d0                SoundPort::pause()
                0x00000000c001b0dc                SoundPort::getBufferUsed()
                0x00000000c001b0e4                SoundPort::getBufferSize()
                0x00000000c001b0ec                SoundPort::buffer16(short*, int)
                0x00000000c001b178                SoundPort::buffer32(int*, int)
                0x00000000c001b204                SoundPort::unbufferAndAdd16(int, short*, SoundCard*)
                0x00000000c001b2d0                SoundPort::unbufferAndAdd32(int, int*, SoundCard*)
 .text          0x00000000c001b38e        0x0 hw/bus/isa.32
 .text          0x00000000c001b38e      0xc23 hw/bus/pci.32
                0x00000000c001b38e                PCI::open(int, int, void*)
                0x00000000c001b3ac                PCI::close(int, int, void*)
                0x00000000c001b3b0                PCI::PCI()
                0x00000000c001b3b0                PCI::PCI()
                0x00000000c001b448                PCI::readBAR8(unsigned int, int)
                0x00000000c001b464                PCI::readBAR16(unsigned int, int)
                0x00000000c001b482                PCI::readBAR32(unsigned int, int)
                0x00000000c001b49e                PCI::writeBAR8(unsigned int, unsigned char, int)
                0x00000000c001b4be                PCI::writeBAR16(unsigned int, unsigned short, int)
                0x00000000c001b4e0                PCI::writeBAR32(unsigned int, unsigned int, int)
                0x00000000c001b500                PCI::legacyMechanism(unsigned char, unsigned char, unsigned char, unsigned char)
                0x00000000c001b576                PCI::pciReadWord(unsigned char, unsigned char, unsigned char, unsigned char)
                0x00000000c001b620                PCI::getVendorID(unsigned char, unsigned char, unsigned char)
                0x00000000c001b644                PCI::getHeaderType(unsigned char, unsigned char, unsigned char)
                0x00000000c001b66c                PCI::getClassCode(unsigned char, unsigned char, unsigned char)
                0x00000000c001b6b6                PCI::getProgIF(unsigned char, unsigned char, unsigned char)
                0x00000000c001b6de                PCI::getRevisionID(unsigned char, unsigned char, unsigned char)
                0x00000000c001b702                PCI::getInterruptNumber(unsigned char, unsigned char, unsigned char)
                0x00000000c001b726                PCI::getSecondaryBus(unsigned char, unsigned char, unsigned char)
                0x00000000c001b74e                PCI::getBARAddress(unsigned char, unsigned char, unsigned char, unsigned char)
                0x00000000c001b7b2                PCI::pciWriteWord(unsigned char, unsigned char, unsigned char, unsigned char, unsigned short)
                0x00000000c001b89a                PCI::pciDetailsToFilepath(PCIDeviceInfo, char*)
                0x00000000c001bb60                PCI::checkBus(unsigned char)
                0x00000000c001bb84                PCI::foundDevice(PCIDeviceInfo)
                0x00000000c001bd6a                PCI::getDeviceData(unsigned char, unsigned char, unsigned char)
                0x00000000c001bee6                PCI::checkDevice(unsigned char, unsigned char)
                0x00000000c001bf58                PCI::detect()
 *fill*         0x00000000c001bfb1        0x1 
 .text          0x00000000c001bfb2      0xe16 hw/diskctrl/ide.32
                0x00000000c001bfb2                IDE::close(int, int, void*)
                0x00000000c001bfb6                IDE::IDE()
                0x00000000c001bfb6                IDE::IDE()
                0x00000000c001bfea                IDE::prepareInterrupt(unsigned char)
                0x00000000c001bffc                selectDrive(unsigned char, unsigned char)
                0x00000000c001bffe                IDE::getBase(unsigned char)
                0x00000000c001c010                IDE::write(unsigned char, unsigned char, unsigned char)
                0x00000000c001c0d0                IDE::read(unsigned char, unsigned char)
                0x00000000c001c17e                IDE::waitInterrupt(unsigned char)
                0x00000000c001c1e0                ideChannel0IRQHandler(regs*, void*)
                0x00000000c001c1fc                ideChannel1IRQHandler(regs*, void*)
                0x00000000c001c218                IDE::enableIRQs(unsigned char, bool)
                0x00000000c001c262                IDE::open(int, int, void*)
                0x00000000c001c7a8                IDE::readBuffer(unsigned char, unsigned char, unsigned int, unsigned int)
                0x00000000c001c878                IDE::detect()
                0x00000000c001ccba                IDE::printError(unsigned char, unsigned char, unsigned char)
                0x00000000c001cd74                IDE::polling(unsigned char, unsigned int)
 .text          0x00000000c001cdc8      0x33d hw/diskctrl/satabus.32
                0x00000000c001cdc8                SATABus::close(int, int, void*)
                0x00000000c001cdcc                SATABus::detect()
                0x00000000c001cdce                SATABus::SATABus()
                0x00000000c001cdce                SATABus::SATABus()
                0x00000000c001ce54                SATABus::findCmdslot(SATABus::tagHBA_PORT volatile*)
                0x00000000c001ce86                SATABus::checkType(SATABus::tagHBA_PORT volatile*)
                0x00000000c001cece                SATABus::startCmd(SATABus::tagHBA_PORT volatile*)
                0x00000000c001ceee                SATABus::stopCmd(SATABus::tagHBA_PORT volatile*)
                0x00000000c001cf18                SATABus::portRebase(SATABus::tagHBA_PORT volatile*, int)
                0x00000000c001d028                SATABus::probePort(SATABus::tagHBA_MEM volatile*)
                0x00000000c001d0d2                SATABus::open(int, int, void*)
 *fill*         0x00000000c001d105        0x1 
 .text          0x00000000c001d106      0x987 hw/diskphys/ata.32
                0x00000000c001d106                ATA::close(int, int, void*)
                0x00000000c001d12a                ATA::powerSaving(PowerSavingLevel)
                0x00000000c001d12c                ATA::ATA()
                0x00000000c001d12c                ATA::ATA()
                0x00000000c001d15a                ATA::flush(bool)
                0x00000000c001d1a8                ATA::readyForCommand()
                0x00000000c001d1f4                ATA::access(unsigned long long, int, void*, bool)
                0x00000000c001d5d2                ATA::detectCHS()
                0x00000000c001d5fc                ATA::open(int, int, void*)
                0x00000000c001d6c8                combineCharAndColour(char, unsigned char)
                0x00000000c001d6d9                combineColours(unsigned char, unsigned char)
                0x00000000c001d6e6                ATA::read(unsigned long long, int, void*)
                0x00000000c001d8bc                ATA::write(unsigned long long, int, void*)
 *fill*         0x00000000c001da8d        0x1 
 .text          0x00000000c001da8e      0x618 hw/diskphys/atapi.32
                0x00000000c001da8e                ATAPI::write(unsigned long long, int, void*)
                0x00000000c001da94                ATAPI::close(int, int, void*)
                0x00000000c001dab8                ATAPI::ATAPI()
                0x00000000c001dab8                ATAPI::ATAPI()
                0x00000000c001dae6                ATAPI::readyForCommand()
                0x00000000c001db38                ATAPI::sendPacket(unsigned char*, int, bool, unsigned short*, int)
                0x00000000c001de00                ATAPI::diskRemoved()
                0x00000000c001de3a                ATAPI::eject()
                0x00000000c001de82                ATAPI::diskInserted()
                0x00000000c001de8e                ATAPI::detectMedia()
                0x00000000c001df4c                ATAPI::open(int, int, void*)
                0x00000000c001e02c                ATAPI::read(unsigned long long, int, void*)
 .text          0x00000000c001e0a6      0x849 hw/diskphys/sata.32
                0x00000000c001e0a6                SATA::close(int, int, void*)
                0x00000000c001e0ca                SATA::powerSaving(PowerSavingLevel)
                0x00000000c001e0cc                SATA::open(int, int, void*)
                0x00000000c001e184                SATA::SATA()
                0x00000000c001e184                SATA::SATA()
                0x00000000c001e1b2                SATA::access(unsigned long long, int, void*, bool)
                0x00000000c001e43a                SATA::read(unsigned long long, int, void*)
                0x00000000c001e68a                SATA::write(unsigned long long, int, void*)
 *fill*         0x00000000c001e8ef        0x1 
 .text          0x00000000c001e8f0      0x5d0 hw/diskphys/satapi.32
                0x00000000c001e8f0                SATAPI::write(unsigned long long, int, void*)
                0x00000000c001e8f6                SATAPI::close(int, int, void*)
                0x00000000c001e91a                SATAPI::SATAPI()
                0x00000000c001e91a                SATAPI::SATAPI()
                0x00000000c001e948                SATAPI::diskRemoved()
                0x00000000c001e94a                SATAPI::diskInserted()
                0x00000000c001e966                SATAPI::sendPacket(unsigned char*, int, unsigned long long, unsigned short*, int)
                0x00000000c001ec44                SATAPI::eject()
                0x00000000c001ec80                SATAPI::detectMedia()
                0x00000000c001ecd6                SATAPI::open(int, int, void*)
                0x00000000c001edd6                SATAPI::read(unsigned long long, int, void*)
 .text          0x00000000c001eec0      0x44f hw/intctrl/apic.32
                0x00000000c001eec0                IOAPIC::close(int, int, void*)
                0x00000000c001eec6                apicGetBase()
                0x00000000c001ef00                IOAPIC::IOAPIC()
                0x00000000c001ef00                IOAPIC::IOAPIC()
                0x00000000c001ef28                apicOpen()
                0x00000000c001f0a4                IOAPIC::handlesGSIWithNumber(unsigned int)
                0x00000000c001f0d6                IOAPIC::read(int)
                0x00000000c001f0fe                IOAPIC::open(int, int, void*)
                0x00000000c001f1e4                IOAPIC::write(int, int)
                0x00000000c001f210                IOAPIC::redirect(unsigned char, unsigned long long, unsigned char, bool, bool)
 *fill*         0x00000000c001f30f        0x1 
 .text          0x00000000c001f310       0xf0 hw/timer/apictimer.32
                0x00000000c001f310                APICTimer::close(int, int, void*)
                0x00000000c001f318                apicTimerHandler(regs*, void*)
                0x00000000c001f340                APICTimer::open(int, int, void*)
                0x00000000c001f3b0                APICTimer::write(int)
                0x00000000c001f3d8                APICTimer::APICTimer()
                0x00000000c001f3d8                APICTimer::APICTimer()
 .text          0x00000000c001f400      0x1ad hw/timer/pit.32
                0x00000000c001f400                PIT::write(int)
                0x00000000c001f484                pitHandler(regs*, void*)
                0x00000000c001f4ac                PIT::open(int, int, void*)
                0x00000000c001f4fc                PIT::close(int, int, void*)
                0x00000000c001f52c                PIT::PIT()
                0x00000000c001f52c                PIT::PIT()
 *fill*         0x00000000c001f5ad        0x3 
 .text          0x00000000c001f5b0       0x6f arch/i386/avx.32
                0x00000000c001f5b0                avxDetect
                0x00000000c001f5da                avxSave
                0x00000000c001f5eb                avxLoad
                0x00000000c001f5fc                avxInit
                0x00000000c001f61e                avxClose
 *fill*         0x00000000c001f61f        0x1 
 .text          0x00000000c001f620      0x2ec arch/i386/interrupt.32
                0x00000000c001f620                isr0
                0x00000000c001f630                isr1
                0x00000000c001f63a                isr2
                0x00000000c001f644                isr3
                0x00000000c001f64e                isr4
                0x00000000c001f658                isr5
                0x00000000c001f662                isr6
                0x00000000c001f66c                isr7
                0x00000000c001f676                isr8
                0x00000000c001f67e                isr9
                0x00000000c001f688                isr10
                0x00000000c001f690                isr11
                0x00000000c001f698                isr12
                0x00000000c001f6a0                isr13
                0x00000000c001f6ba                isr14
                0x00000000c001f6c2                isr15
                0x00000000c001f6cc                isr16
                0x00000000c001f6d6                isr17