Archive member included to satisfy reference by file (symbol)

/cygdrive/d/Users/Alex/Desktop/Toolchain/Output/bin/../lib/gcc/i386-banana/8.1.0/libgcc.a(_divdi3.o)
                              fs/fat/ff.32 (__divdi3)
/cygdrive/d/Users/Alex/Desktop/Toolchain/Output/bin/../lib/gcc/i386-banana/8.1.0/libgcc.a(_moddi3.o)
                              acpica/osl.32 (__moddi3)
/cygdrive/d/Users/Alex/Desktop/Toolchain/Output/bin/../lib/gcc/i386-banana/8.1.0/libgcc.a(_udivdi3.o)
                              acpica/utmath.32 (__udivdi3)
/cygdrive/d/Users/Alex/Desktop/Toolchain/Output/bin/../lib/gcc/i386-banana/8.1.0/libgcc.a(_umoddi3.o)
                              acpica/utmath.32 (__umoddi3)
D:/Users/Alex/Desktop/Banana/kernel/libk/libm32.a(s_fabs.c.o)
                              hal/libresample/samplerate.32 (fabs)
D:/Users/Alex/Desktop/Banana/kernel/libk/libm32.a(s_lrint.S.o)
                              hal/libresample/samplerate.32 (lrint)
D:/Users/Alex/Desktop/Banana/kernel/libk/libm32.a(s_lrintf.S.o)
                              hal/sound/sndhw.32 (lrintf)

Allocating common symbols
Common symbol       size              file

AcpiGbl_StateCache  0x4               acpica/utglobal.32
AcpiGbl_OwnerIdMask
                    0x200             acpica/utglobal.32
AcpiGbl_StepToNextCall
                    0x1               acpica/utglobal.32
AcpiGbl_RootTableList
                    0x10              acpica/utglobal.32
AcpiGbl_FadtGpeDevice
                    0x4               acpica/utglobal.32
AcpiGbl_GpeXruptListHead
                    0x4               acpica/utglobal.32
AcpiGbl_GlobalLockHandle
                    0x2               acpica/utglobal.32
AcpiGbl_RootNodeStruct
                    0x1c              acpica/utglobal.32
AcpiGbl_FACS        0x4               acpica/utglobal.32
AcpiGbl_AllGpesInitialized
                    0x1               acpica/utglobal.32
AcpiGbl_GlobalLockMutex
                    0x4               acpica/utglobal.32
AcpiGbl_IntegerByteWidth
                    0x1               acpica/utglobal.32
AcpiGbl_Pm1EnableRegisterSave
                    0x2               acpica/utglobal.32
AcpiGbl_NsLookupCount
                    0x4               acpica/utglobal.32
AcpiCurrentGpeCount
                    0x4               acpica/utglobal.32
AcpiGbl_IntegerBitWidth
                    0x1               acpica/utglobal.32
AcpiGbl_NamespaceCache
                    0x4               acpica/utglobal.32
AcpiGbl_TableHandler
                    0x4               acpica/utglobal.32
AcpiGbl_HardwareLock
                    0x4               acpica/utglobal.32
AcpiGbl_FixedEventHandlers
                    0x28              acpica/utglobal.32
AcpiSciCount        0x4               acpica/utglobal.32
AcpiGbl_DSDT        0x4               acpica/utglobal.32
AcpiGbl_GlobalNotify
                    0x10              acpica/utglobal.32
AcpiGbl_GlobalLockSemaphore
                    0x4               acpica/utglobal.32
AcpiGbl_SystemAwakeAndRunning
                    0x1               acpica/utglobal.32
AcpiGbl_InterfaceHandler
                    0x4               acpica/utglobal.32
AcpiGbl_EventsInitialized
                    0x1               acpica/utglobal.32
AcpiGbl_SupportedInterfaces
                    0x4               acpica/utglobal.32
AcpiGbl_GpeLock     0x4               acpica/utglobal.32
AcpiGbl_SleepTypeB  0x1               acpica/utglobal.32
AcpiGbl_InitHandler
                    0x4               acpica/utglobal.32
AcpiGbl_GlobalLockAcquired
                    0x1               acpica/utglobal.32
AcpiGbl_XPm1bEnable
                    0xc               acpica/utglobal.32
AcpiGbl_OriginalDsdtHeader
                    0x24              acpica/utglobal.32
AcpiGbl_ReferenceCountLock
                    0x4               acpica/utglobal.32
AcpiGpeCount        0x4               acpica/utglobal.32
AcpiGbl_TableHandlerContext
                    0x4               acpica/utglobal.32
AcpiGbl_XPm1aStatus
                    0xc               acpica/utglobal.32
AcpiGbl_OriginalMode
                    0x4               acpica/utglobal.32
AcpiGbl_CmSingleStep
                    0x1               acpica/utglobal.32
AcpiGbl_GlobalEventHandlerContext
                    0x4               acpica/utglobal.32
AcpiGbl_PsFindCount
                    0x4               acpica/utglobal.32
AcpiFixedEventCount
                    0x14              acpica/utglobal.32
AcpiGbl_AcpiHardwarePresent
                    0x1               acpica/utglobal.32
AcpiGbl_MutexInfo   0x60              acpica/utglobal.32
AcpiGbl_RootNode    0x4               acpica/utglobal.32
AcpiGbl_AddressRangeList
                    0x8               acpica/utglobal.32
AcpiGbl_FADT        0x114             acpica/utglobal.32
AcpiGbl_IntegerNybbleWidth
                    0x1               acpica/utglobal.32
AcpiGbl_XPm1aEnable
                    0xc               acpica/utglobal.32
AcpiGbl_OperandCache
[...]
Memory Configuration

Name             Origin             Length             Attributes
*default*        0x0000000000000000 0xffffffffffffffff

Linker script and memory map

LOAD D:/Users/Alex/Desktop/Banana/kernel/boot.32
LOAD crti.32
LOAD /cygdrive/d/Users/Alex/Desktop/Toolchain/Output/bin/../lib/gcc/i386-banana/8.1.0/crtbegin.o
LOAD D:/Users/Alex/Desktop/Banana/kernel/morenasm.32
LOAD acpica/dsargs.32
LOAD acpica/dscontrol.32
LOAD acpica/dsdebug.32
LOAD acpica/dsfield.32
LOAD acpica/dsinit.32
LOAD acpica/dsmethod.32
LOAD acpica/dsmthdat.32
LOAD acpica/dsobject.32
LOAD acpica/dsopcode.32
LOAD acpica/dspkginit.32
LOAD acpica/dsutils.32
LOAD acpica/dswexec.32
LOAD acpica/dswload.32
LOAD acpica/dswload2.32
LOAD acpica/dswscope.32
LOAD acpica/dswstate.32
LOAD acpica/evevent.32
LOAD acpica/evglock.32
LOAD acpica/evgpe.32
LOAD acpica/evgpeblk.32
LOAD acpica/evgpeinit.32
LOAD acpica/evgpeutil.32
LOAD acpica/evhandler.32
LOAD acpica/evmisc.32
LOAD acpica/evregion.32
LOAD acpica/evrgnini.32
LOAD acpica/evsci.32
LOAD acpica/evxface.32
LOAD acpica/evxfevnt.32
LOAD acpica/evxfgpe.32
LOAD acpica/evxfregn.32
LOAD acpica/exconcat.32
LOAD acpica/exconfig.32
LOAD acpica/exconvrt.32
LOAD acpica/excreate.32
LOAD acpica/exdebug.32
LOAD acpica/exdump.32
LOAD acpica/exfield.32
LOAD acpica/exfldio.32
LOAD acpica/exmisc.32
LOAD acpica/exmutex.32
LOAD acpica/exnames.32
LOAD acpica/exoparg1.32
LOAD acpica/exoparg2.32
LOAD acpica/exoparg3.32
LOAD acpica/exoparg6.32
LOAD acpica/exprep.32
LOAD acpica/exregion.32
LOAD acpica/exresnte.32
LOAD acpica/exresolv.32
LOAD acpica/exresop.32
LOAD acpica/exserial.32
LOAD acpica/exstore.32
LOAD acpica/exstoren.32
LOAD acpica/exstorob.32
LOAD acpica/exsystem.32
LOAD acpica/extrace.32
LOAD acpica/exutils.32
LOAD acpica/hwacpi.32
LOAD acpica/hwesleep.32
LOAD acpica/hwgpe.32
LOAD acpica/hwpci.32
LOAD acpica/hwregs.32
LOAD acpica/hwsleep.32
LOAD acpica/hwtimer.32
LOAD acpica/hwvalid.32
LOAD acpica/hwxface.32
LOAD acpica/hwxfsleep.32
LOAD acpica/nsaccess.32
LOAD acpica/nsalloc.32
LOAD acpica/nsarguments.32
LOAD acpica/nsconvert.32
LOAD acpica/nsdump.32
LOAD acpica/nsdumpdv.32
LOAD acpica/nseval.32
LOAD acpica/nsinit.32
LOAD acpica/nsload.32
LOAD acpica/nsnames.32
LOAD acpica/nsobject.32
LOAD acpica/nsparse.32
LOAD acpica/nspredef.32
LOAD acpica/nsprepkg.32
LOAD acpica/nsrepair.32
LOAD acpica/nsrepair2.32
LOAD acpica/nssearch.32
LOAD acpica/nsutils.32
LOAD acpica/nswalk.32
LOAD acpica/nsxfeval.32
LOAD acpica/nsxfname.32
LOAD acpica/nsxfobj.32
LOAD acpica/psargs.32
LOAD acpica/psloop.32
LOAD acpica/psobject.32
LOAD acpica/psopcode.32
LOAD acpica/psopinfo.32
LOAD acpica/psparse.32
LOAD acpica/psscope.32
LOAD acpica/pstree.32
LOAD acpica/psutils.32
LOAD acpica/pswalk.32
LOAD acpica/psxface.32
LOAD acpica/rsaddr.32
LOAD acpica/rscalc.32
LOAD acpica/rscreate.32
LOAD acpica/rsdump.32
LOAD acpica/rsdumpinfo.32
LOAD acpica/rsinfo.32
LOAD acpica/rsio.32
LOAD acpica/rsirq.32
LOAD acpica/rslist.32
LOAD acpica/rsmemory.32
LOAD acpica/rsmisc.32
LOAD acpica/rsserial.32
LOAD acpica/rsutils.32
LOAD acpica/rsxface.32
LOAD acpica/tbdata.32
LOAD acpica/tbfadt.32
LOAD acpica/tbfind.32
LOAD acpica/tbinstal.32
LOAD acpica/tbprint.32
LOAD acpica/tbutils.32
LOAD acpica/tbxface.32
LOAD acpica/tbxfload.32
LOAD acpica/tbxfroot.32
LOAD acpica/utaddress.32
LOAD acpica/utalloc.32
LOAD acpica/utascii.32
LOAD acpica/utbuffer.32
LOAD acpica/utcache.32
LOAD acpica/utclib.32
LOAD acpica/utcopy.32
LOAD acpica/utdebug.32
LOAD acpica/utdecode.32
LOAD acpica/utdelete.32
LOAD acpica/uterror.32
LOAD acpica/uteval.32
LOAD acpica/utexcep.32
LOAD acpica/utglobal.32
LOAD acpica/uthex.32
LOAD acpica/utids.32
LOAD acpica/utinit.32
LOAD acpica/utlock.32
LOAD acpica/utmath.32
LOAD acpica/utmisc.32
LOAD acpica/utmutex.32
LOAD acpica/utnonansi.32
LOAD acpica/utobject.32
LOAD acpica/utosi.32
LOAD acpica/utownerid.32
LOAD acpica/utpredef.32
LOAD acpica/utprint.32
LOAD acpica/utresdecode.32
LOAD acpica/utresrc.32
LOAD acpica/utstate.32
LOAD acpica/utstring.32
LOAD acpica/utstrsuppt.32
LOAD acpica/utstrtoul64.32
LOAD acpica/uttrack.32
LOAD acpica/utuuid.32
LOAD acpica/utxface.32
LOAD acpica/utxferror.32
LOAD acpica/utxfinit.32
LOAD acpica/utxfmutex.32
LOAD core/malloc.32
LOAD libk/string.32
LOAD fs/fat/diskio.32
LOAD fs/fat/ff.32
LOAD fs/fat/ffsystem.32
LOAD fs/fat/ffunicode.32
LOAD hal/libresample/samplerate.32
LOAD hal/libresample/src_linear.32
LOAD hal/libresample/src_sinc.32
LOAD hal/libresample/src_zoh.32
LOAD acpica/osl.32
LOAD core/computer.32
LOAD core/elf.32
LOAD core/gdt.32
LOAD core/idle.32
LOAD core/idt.32
LOAD core/kconsole.32
LOAD core/kheap.32
LOAD core/main.32
LOAD core/physmgr.32
LOAD core/pipe.32
LOAD core/prcssthr.32
LOAD core/syscalls.32
LOAD core/terminal.32
LOAD core/tss.32
LOAD core/unixfile.32
LOAD core/virtmgr.32
LOAD coreobjs/c++.32
LOAD debugger/debug.32
LOAD fs/vfs.32
LOAD hal/bus.32
LOAD hal/buzzer.32
LOAD hal/clock.32
LOAD hal/device.32
LOAD hal/diskctrl.32
LOAD hal/diskphys.32
LOAD hal/fpu.32
LOAD hal/intctrl.32
LOAD hal/keybrd.32
LOAD hal/logidisk.32
LOAD hal/partition.32
LOAD hal/timer.32
LOAD hal/vcache.32
LOAD hw/acpi.32
LOAD hw/cpu.32
LOAD hw/ports.32
LOAD registry/registry.32
LOAD syscalls/sc_exit.32
LOAD syscalls/sc_sbrk.32
LOAD syscalls/sc_yield.32
LOAD vm86/vm8086.32
LOAD fs/fat/vfslink.32
LOAD fs/iso9660/vfslink.32
LOAD hal/sound/sndchannel.32
LOAD hal/sound/sndhw.32
LOAD hw/audio/sb16.32
LOAD hw/bus/isa.32
LOAD hw/bus/pci.32
LOAD hw/bus/ps2.32
LOAD hw/bus/ps2port.32
LOAD hw/buzzer/pcspk.32
LOAD hw/clock/rtc.32
LOAD hw/diskctrl/ide.32
LOAD hw/diskphys/ata.32
LOAD hw/diskphys/atapi.32
LOAD hw/dma/isadma.32
LOAD hw/fpu/avx.32
LOAD hw/fpu/mmx.32
LOAD hw/fpu/sse.32
LOAD hw/fpu/x87.32
LOAD hw/intctrl/apic.32
LOAD hw/intctrl/pic.32
LOAD hw/keybrd/ps2key.32
LOAD hw/timer/apictimer.32
LOAD hw/timer/pit.32
LOAD hw/fpu/x86/avx.32
LOAD hw/fpu/x86/sse.32
LOAD hw/fpu/x86/x87.32
LOAD /cygdrive/d/Users/Alex/Desktop/Toolchain/Output/bin/../lib/gcc/i386-banana/8.1.0/crtend.o
LOAD crtn.32
LOAD /cygdrive/d/Users/Alex/Desktop/Toolchain/Output/bin/../lib/gcc/i386-banana/8.1.0/libgcc.a
LOAD D:/Users/Alex/Desktop/Banana/kernel/libk/libm32.a
                0x00000000c0000000                . = 0xc0000000

.text           0x00000000c0000000    0x57138
 *(.text)
 .text          0x00000000c0000000       0x39 D:/Users/Alex/Desktop/Banana/kernel/boot.32
                0x00000000c000001e                callGlobalConstructors
 .text          0x00000000c0000039        0x0 crti.32
 *fill*         0x00000000c0000039        0x3 
 .text          0x00000000c000003c      0x101 /cygdrive/d/Users/Alex/Desktop/Toolchain/Output/bin/../lib/gcc/i386-banana/8.1.0/crtbegin.o
 *fill*         0x00000000c000013d        0x3 
 .text          0x00000000c0000140      0x4af D:/Users/Alex/Desktop/Banana/kernel/morenasm.32
                0x00000000c0000140                doTPAUSE
                0x00000000c000014a                hasLegacyFPU
                0x00000000c000016f                is486
                0x00000000c00001d2                goToVM86
                0x00000000c0000200                goToUsermode
                0x00000000c0000228                switchToThreadASMFirstTime
                0x00000000c0000236                switchToThreadASM
                0x00000000c00002ce                detectCPUID
                0x00000000c00002e4                asmQuickAcquireLock
                0x00000000c0000302                asmQuickReleaseLock
                0x00000000c000030e                asmAcquireLock
                0x00000000c000032f                asmReleaseLock
                0x00000000c0000342                loadGDT
                0x00000000c0000362                isr0
                0x00000000c0000372                isr1
                0x00000000c0000382                isr2
                0x00000000c0000392                isr3
                0x00000000c00003a2                isr4
                0x00000000c00003b2                isr5
                0x00000000c00003c2                isr6
                0x00000000c00003d2                isr7
                0x00000000c00003e2                isr8
                0x00000000c00003ed                isr9
                0x00000000c00003fd                isr10
                0x00000000c0000408                isr11
                0x00000000c0000413                isr12
                0x00000000c000041e                isr13
                0x00000000c0000429                isr14
                0x00000000c0000434                isr15
                0x00000000c0000444                isr16
                0x00000000c0000454                isr17
                0x00000000c0000464                isr18
                0x00000000c0000474                isr96
                0x00000000c0000484                irq0
                0x00000000c0000494                irq1
                0x00000000c00004a4                irq2
                0x00000000c00004b4                irq3
                0x00000000c00004be                irq4
                0x00000000c00004c8                irq5
                0x00000000c00004d2                irq6
                0x00000000c00004dc                irq7
                0x00000000c00004e6                irq8
                0x00000000c00004f0                irq9
                0x00000000c00004fa                irq10
                0x00000000c0000504                irq11
                0x00000000c000050e                irq12
                0x00000000c0000518                irq13
                0x00000000c0000522                irq14
                0x00000000c000052c                irq15
                0x00000000c0000536                irq16
                0x00000000c0000540                irq17
                0x00000000c000054a                irq18
                0x00000000c0000554                irq19
                0x00000000c000055e                irq20
                0x00000000c0000568                irq21
                0x00000000c0000572                irq22
                0x00000000c000057c                irq23
                0x00000000c0000586                int_common_stub
                0x00000000c00005b6                syscall_common_stub
 .text          0x00000000c00005ef      0x3da acpica/dsargs.32
                0x00000000c000077e                AcpiDsGetBufferFieldArguments
                0x00000000c00007dd                AcpiDsGetBankFieldArguments
                0x00000000c000083c                AcpiDsGetBufferArguments
                0x00000000c00008ad                AcpiDsGetPackageArguments
                0x00000000c000091e                AcpiDsGetRegionArguments
 .text          0x00000000c00009c9      0x47a acpica/dscontrol.32
                0x00000000c00009cb                AcpiDsExecBeginControlOp
                0x00000000c0000afb                AcpiDsExecEndControlOp
 .text          0x00000000c0000e43        0x2 acpica/dsdebug.32
                0x00000000c0000e43                AcpiDsDumpMethodStack
 .text          0x00000000c0000e45      0x9f6 acpica/dsfield.32
                0x00000000c0000e45                AcpiDsCreateBufferField
                0x00000000c000133b                AcpiDsCreateField
                0x00000000c0001445                AcpiDsInitFieldObjects
                0x00000000c00015e6                AcpiDsCreateBankField
                0x00000000c000171a                AcpiDsCreateIndexField
 .text          0x00000000c000183b      0x22d acpica/dsinit.32
                0x00000000c00019b6                AcpiDsInitializeObjects
 .text          0x00000000c0001a68      0x9d7 acpica/dsmethod.32
                0x00000000c0001ab7                AcpiDsAutoSerializeMethod
                0x00000000c0001bc0                AcpiDsMethodError
                0x00000000c0001d1c                AcpiDsBeginMethodExecution
                0x00000000c0001fbf                AcpiDsRestartControlMethod
                0x00000000c000205e                AcpiDsTerminateControlMethod
                0x00000000c0002242                AcpiDsCallControlMethod
 .text          0x00000000c000243f      0x743 acpica/dsmthdat.32
                0x00000000c000243f                AcpiDsMethodDataInit
                0x00000000c0002628                AcpiDsMethodDataDeleteAll
                0x00000000c00026f5                AcpiDsMethodDataGetNode
                0x00000000c0002830                AcpiDsMethodDataInitArgs
                0x00000000c00028a7                AcpiDsMethodDataGetValue
                0x00000000c0002a36                AcpiDsStoreObjectToLocal
 .text          0x00000000c0002b82      0x736 acpica/dsobject.32
                0x00000000c0002b82                AcpiDsBuildInternalBufferObj
                0x00000000c0002ceb                AcpiDsInitObjectFromOp
                0x00000000c0003080                AcpiDsBuildInternalObject
                0x00000000c0003222                AcpiDsCreateNode
 .text          0x00000000c00032b8      0xa93 acpica/dsopcode.32
                0x00000000c00032b8                AcpiDsInitializeRegion
                0x00000000c00035cb                AcpiDsEvalBufferFieldOperands
                0x00000000c000373c                AcpiDsEvalRegionOperands
                0x00000000c00038e1                AcpiDsEvalTableRegionOperands
                0x00000000c0003a9b                AcpiDsEvalDataObjectOperands
                0x00000000c0003c4f                AcpiDsEvalBankFieldOperands
 .text          0x00000000c0003d4b      0x597 acpica/dspkginit.32
                0x00000000c0003f1d                AcpiDsInitPackageElement
                0x00000000c0003f89                AcpiDsBuildInternalPackageObj
 .text          0x00000000c00042e2      0x956 acpica/dsutils.32
                0x00000000c00042e4                AcpiDsClearImplicitReturn
                0x00000000c0004327                AcpiDsDoImplicitReturn
                0x00000000c0004397                AcpiDsIsResultUsed
                0x00000000c0004529                AcpiDsDeleteResultIfNotUsed
                0x00000000c00045a1                AcpiDsResolveOperands
                0x00000000c00045fd                AcpiDsClearOperands
                0x00000000c0004651                AcpiDsCreateOperand
                0x00000000c00049bc                AcpiDsCreateOperands
                0x00000000c0004aac                AcpiDsEvaluateNamePath
 .text          0x00000000c0004c38      0xa84 acpica/dswexec.32
                0x00000000c0004c40                AcpiDsGetPredicateValue
                0x00000000c0004e5c                AcpiDsExecBeginOp
                0x00000000c0005059                AcpiDsExecEndOp
 .text          0x00000000c00056bc      0x6f7 acpica/dswload.32
                0x00000000c00056bc                AcpiDsLoad1BeginOp
                0x00000000c0005a25                AcpiDsLoad1EndOp
                0x00000000c0005ce3                AcpiDsInitCallbacks
 .text          0x00000000c0005db3      0x901 acpica/dswload2.32
                0x00000000c0005db3                AcpiDsLoad2BeginOp
                0x00000000c0006222                AcpiDsLoad2EndOp
 .text          0x00000000c00066b4      0x161 acpica/dswscope.32
                0x00000000c00066b4                AcpiDsScopeStackClear
                0x00000000c00066f4                AcpiDsScopeStackPush
                0x00000000c00067bb                AcpiDsScopeStackPop
 .text          0x00000000c0006815      0x8f5 acpica/dswstate.32
                0x00000000c00068a5                AcpiDsResultPush
                0x00000000c0006a78                AcpiDsResultPop
                0x00000000c0006baa                AcpiDsObjStackPush
                0x00000000c0006c29                AcpiDsObjStackPop
                0x00000000c0006cab                AcpiDsObjStackPopAndDelete
                0x00000000c0006d2a                AcpiDsGetCurrentWalkState
                0x00000000c0006d42                AcpiDsPushWalkState
                0x00000000c0006d5c                AcpiDsPopWalkState
                0x00000000c0006d81                AcpiDsCreateWalkState
                0x00000000c0006e16                AcpiDsInitAmlWalk
                0x00000000c0006fe2                AcpiDsDeleteWalkState
 .text          0x00000000c000710a      0x307 acpica/evevent.32
                0x00000000c000710a                AcpiEvInstallXruptHandlers
                0x00000000c0007208                AcpiEvInitializeEvents
                0x00000000c0007329                AcpiEvFixedEventDetect
 .text          0x00000000c0007411      0x2d8 acpica/evglock.32
                0x00000000c0007492                AcpiEvInitGlobalLockHandler
                0x00000000c000751e                AcpiEvRemoveGlobalLockHandler
                0x00000000c0007556                AcpiEvAcquireGlobalLock
                0x00000000c0007664                AcpiEvReleaseGlobalLock
 .text          0x00000000c00076e9      0x960 acpica/evgpe.32
                0x00000000c00076e9                AcpiEvUpdateGpeEnableMask
                0x00000000c0007757                AcpiEvEnableGpe
                0x00000000c0007775                AcpiEvMaskGpe
                0x00000000c0007847                AcpiEvAddGpeReference
                0x00000000c00078da                AcpiEvRemoveGpeReference
                0x00000000c0007955                AcpiEvLowGetGpeInfo
                0x00000000c00079b6                AcpiEvGetGpeEventInfo
                0x00000000c0007a3e                AcpiEvFinishGpe
                0x00000000c0007bfd                AcpiEvGpeDispatch
                0x00000000c0007d6f                AcpiEvDetectGpe
                0x00000000c0007efc                AcpiEvGpeDetect
 .text          0x00000000c0008049      0x726 acpica/evgpeblk.32
                0x00000000c0008113                AcpiEvDeleteGpeBlock
                0x00000000c000848f                AcpiEvCreateGpeBlock
                0x00000000c0008604                AcpiEvInitializeGpeBlock
 .text          0x00000000c000876f      0x48d acpica/evgpeinit.32
                0x00000000c000876f                AcpiEvMatchGpeMethod
                0x00000000c0008906                AcpiEvGpeInitialize
                0x00000000c0008b08                AcpiEvUpdateGpes
 .text          0x00000000c0008bfc      0x407 acpica/evgpeutil.32
                0x00000000c0008bfc                AcpiEvWalkGpeList
                0x00000000c0008c9b                AcpiEvGetGpeDevice
                0x00000000c0008cfc                AcpiEvGetGpeXruptBlock
                0x00000000c0008e2b                AcpiEvDeleteGpeXrupt
                0x00000000c0008ef5                AcpiEvDeleteGpeHandlers
 .text          0x00000000c0009003      0x4a5 acpica/evhandler.32
                0x00000000c0009003                AcpiEvHasDefaultHandler
                0x00000000c0009063                AcpiEvFindRegionHandler
                0x00000000c0009199                AcpiEvInstallSpaceHandler
                0x00000000c000941e                AcpiEvInstallRegionHandlers
 .text          0x00000000c00094a8      0x32c acpica/evmisc.32
                0x00000000c000954f                AcpiEvIsNotifyObject
                0x00000000c0009575                AcpiEvQueueNotifyRequest
                0x00000000c0009685                AcpiEvTerminate
 .text          0x00000000c00097d4      0x9c7 acpica/evregion.32
                0x00000000c00097d4                AcpiEvAddressSpaceDispatch
                0x00000000c0009ad5                AcpiEvAttachRegion
                0x00000000c0009b25                AcpiEvExecuteRegMethod
                0x00000000c0009d0c                AcpiEvDetachRegion
                0x00000000c000a0a6                AcpiEvExecuteRegMethods
                0x00000000c000a112                AcpiEvInitializeOpRegions
 .text          0x00000000c000a19b      0x535 acpica/evrgnini.32
                0x00000000c000a19b                AcpiEvSystemMemoryRegionSetup
                0x00000000c000a248                AcpiEvIoSpaceRegionSetup
                0x00000000c000a26b                AcpiEvIsPciRootBridge
                0x00000000c000a336                AcpiEvPciConfigRegionSetup
                0x00000000c000a597                AcpiEvPciBarRegionSetup
                0x00000000c000a59d                AcpiEvCmosRegionSetup
                0x00000000c000a5a3                AcpiEvDefaultRegionSetup
                0x00000000c000a5c6                AcpiEvInitializeRegion
 .text          0x00000000c000a6d0      0x1a4 acpica/evsci.32
                0x00000000c000a6d0                AcpiEvSciDispatch
                0x00000000c000a78c                AcpiEvGpeXruptHandler
                0x00000000c000a7b5                AcpiEvInstallSciHandler
                0x00000000c000a7eb                AcpiEvRemoveAllSciHandlers
 .text          0x00000000c000a874      0xcf1 acpica/evxface.32
                0x00000000c000a874                AcpiInstallNotifyHandler
                0x00000000c000aacf                AcpiRemoveNotifyHandler
                0x00000000c000acf3                AcpiInstallExceptionHandler
                0x00000000c000ad40                AcpiInstallSciHandler
                0x00000000c000ae2e                AcpiRemoveSciHandler
                0x00000000c000af13                AcpiInstallGlobalEventHandler
                0x00000000c000af75                AcpiInstallFixedEventHandler
                0x00000000c000b050                AcpiRemoveFixedEventHandler
                0x00000000c000b2e8                AcpiInstallGpeHandler
                0x00000000c000b312                AcpiInstallGpeRawHandler
                0x00000000c000b33c                AcpiRemoveGpeHandler
                0x00000000c000b4cc                AcpiAcquireGlobalLock
                0x00000000c000b52b                AcpiReleaseGlobalLock
 .text          0x00000000c000b565      0x38d acpica/evxfevnt.32
                0x00000000c000b565                AcpiEnable
                0x00000000c000b5d7                AcpiDisable
                0x00000000c000b638                AcpiEnableEvent
                0x00000000c000b706                AcpiDisableEvent
                0x00000000c000b7d3                AcpiClearEvent
                0x00000000c000b828                AcpiGetEventStatus
 .text          0x00000000c000b8f2      0xa22 acpica/evxfgpe.32
                0x00000000c000b8f2                AcpiUpdateAllGpes
                0x00000000c000b97d                AcpiEnableGpe
                0x00000000c000b9fd                AcpiDisableGpe
                0x00000000c000ba62                AcpiSetGpe
                0x00000000c000bb0d                AcpiMaskGpe
                0x00000000c000bb7f                AcpiMarkGpeForWake
                0x00000000c000bbeb                AcpiSetupGpeForWake
                0x00000000c000bd71                AcpiSetGpeWakeMask
                0x00000000c000be7b                AcpiClearGpe
                0x00000000c000bee9                AcpiGetGpeStatus
                0x00000000c000bf5a                AcpiDispatchGpe
                0x00000000c000bf75                AcpiFinishGpe
                0x00000000c000bfdc                AcpiDisableAllGpes
                0x00000000c000c017                AcpiEnableAllRuntimeGpes
                0x00000000c000c052                AcpiEnableAllWakeupGpes
                0x00000000c000c08d                AcpiInstallGpeBlock
                0x00000000c000c1dd                AcpiRemoveGpeBlock
                0x00000000c000c2a6                AcpiGetGpeDevice
 .text          0x00000000c000c314      0x1f7 acpica/evxfregn.32
                0x00000000c000c314                AcpiInstallAddressSpaceHandler
                0x00000000c000c3ba                AcpiRemoveAddressSpaceHandler
 .text          0x00000000c000c50b      0x4fd acpica/exconcat.32
                0x00000000c000c5a8                AcpiExDoConcatenate
                0x00000000c000c906                AcpiExConcatTemplate
 .text          0x00000000c000ca08      0x62b acpica/exconfig.32
                0x00000000c000cacb                AcpiExUnloadTable
                0x00000000c000cb82                AcpiExLoadTableOp
                0x00000000c000cda3                AcpiExLoadOp
 .text          0x00000000c000d033      0x74e acpica/exconvrt.32
                0x00000000c000d033                AcpiExConvertToInteger
                0x00000000c000d192                AcpiExConvertToBuffer
                0x00000000c000d3f0                AcpiExConvertToString
                0x00000000c000d63a                AcpiExConvertToTargetType
 .text          0x00000000c000d781      0x52a acpica/excreate.32
                0x00000000c000d781                AcpiExCreateAlias
                0x00000000c000d803                AcpiExCreateEvent
                0x00000000c000d886                AcpiExCreateMutex
                0x00000000c000d933                AcpiExCreateRegion
                0x00000000c000da93                AcpiExCreateProcessor
                0x00000000c000db3c                AcpiExCreatePowerResource
                0x00000000c000dbd0                AcpiExCreateMethod
 .text          0x00000000c000dcab      0x557 acpica/exdebug.32
                0x00000000c000dcab                AcpiExDoDebugObject
 .text          0x00000000c000e202        0x0 acpica/exdump.32
 .text          0x00000000c000e202      0x4d5 acpica/exfield.32
                0x00000000c000e202                AcpiExGetProtocolBufferLength
                0x00000000c000e256                AcpiExReadDataFromField
                0x00000000c000e47d                AcpiExWriteDataToField
 .text          0x00000000c000e6d7      0xed6 acpica/exfldio.32
                0x00000000c000e91a                AcpiExAccessRegion
                0x00000000c000eaac                AcpiExInsertIntoField
                0x00000000c000f083                AcpiExWriteWithUpdateRule
                0x00000000c000f275                AcpiExExtractFromField
 .text          0x00000000c000f5ad      0x664 acpica/exmisc.32
                0x00000000c000f5ad                AcpiExGetObjectReference
                0x00000000c000f6a8                AcpiExDoMathOp
                0x00000000c000f879                AcpiExDoLogicalNumericOp
                0x00000000c000f97d                AcpiExDoLogicalOp
 .text          0x00000000c000fc11      0x5d0 acpica/exmutex.32
                0x00000000c000fc11                AcpiExUnlinkMutex
                0x00000000c000fcb7                AcpiExAcquireMutexObject
                0x00000000c000fd8c                AcpiExAcquireMutex
                0x00000000c000fed3                AcpiExReleaseMutexObject
                0x00000000c000ff72                AcpiExReleaseMutex
                0x00000000c001014f                AcpiExReleaseAllMutexes
 .text          0x00000000c00101e1      0x457 acpica/exnames.32
                0x00000000c00103b9                AcpiExGetNameString
 .text          0x00000000c0010638     0x1142 acpica/exoparg1.32
                0x00000000c0010638                AcpiExOpcode_0A_0T_1R
                0x00000000c00106ee                AcpiExOpcode_1A_0T_0R
                0x00000000c00107f0                AcpiExOpcode_1A_1T_0R
                0x00000000c001086a                AcpiExOpcode_1A_1T_1R
                0x00000000c001103a                AcpiExOpcode_1A_0T_1R
 .text          0x00000000c001177a      0x8df acpica/exoparg2.32
                0x00000000c001177a                AcpiExOpcode_2A_0T_0R
                0x00000000c001184b                AcpiExOpcode_2A_2T_1R
                0x00000000c00119cb                AcpiExOpcode_2A_1T_1R
                0x00000000c0011e78                AcpiExOpcode_2A_0T_1R
 .text          0x00000000c0012059      0x33c acpica/exoparg3.32
                0x00000000c0012059                AcpiExOpcode_3A_0T_0R
                0x00000000c0012158                AcpiExOpcode_3A_1T_1R
 .text          0x00000000c0012395      0x36c acpica/exoparg6.32
                0x00000000c00124a2                AcpiExOpcode_6A_0T_1R
 .text          0x00000000c0012701      0x53f acpica/exprep.32
                0x00000000c00127bb                AcpiExPrepCommonFieldObject
                0x00000000c0012853                AcpiExPrepFieldValue
 .text          0x00000000c0012c40      0x4b7 acpica/exregion.32
                0x00000000c0012c40                AcpiExSystemMemorySpaceHandler
                0x00000000c0012f45                AcpiExSystemIoSpaceHandler
                0x00000000c0012fc2                AcpiExPciConfigSpaceHandler
                0x00000000c0013053                AcpiExCmosSpaceHandler
                0x00000000c0013071                AcpiExPciBarSpaceHandler
                0x00000000c001308f                AcpiExDataTableSpaceHandler
 .text          0x00000000c00130f7      0x360 acpica/exresnte.32
                0x00000000c00130f7                AcpiExResolveNodeToValue
 .text          0x00000000c0013457      0x61b acpica/exresolv.32
                0x00000000c0013698                AcpiExResolveToValue
                0x00000000c0013758                AcpiExResolveMultiple
 .text          0x00000000c0013a72      0x7cc acpica/exresop.32
                0x00000000c0013aff                AcpiExResolveOperands
 .text          0x00000000c001423e      0x3a2 acpica/exserial.32
                0x00000000c001423e                AcpiExReadGpio
                0x00000000c0014288                AcpiExWriteGpio
                0x00000000c00142ec                AcpiExReadSerialBus
                0x00000000c0014444                AcpiExWriteSerialBus
 .text          0x00000000c00145e0      0x588 acpica/exstore.32
                0x00000000c00147f7                AcpiExStoreObjectToNode
                0x00000000c00149e6                AcpiExStore
 .text          0x00000000c0014b68      0x296 acpica/exstoren.32
                0x00000000c0014b68                AcpiExResolveObject
                0x00000000c0014c86                AcpiExStoreObjectToObject
 .text          0x00000000c0014dfe      0x202 acpica/exstorob.32
                0x00000000c0014dfe                AcpiExStoreBufferToBuffer
                0x00000000c0014ef5                AcpiExStoreStringToString
 .text          0x00000000c0015000      0x206 acpica/exsystem.32
                0x00000000c0015000                AcpiExSystemWaitSemaphore
                0x00000000c001505a                AcpiExSystemWaitMutex
                0x00000000c00150b4                AcpiExSystemDoStall
                0x00000000c0015100                AcpiExSystemDoSleep
                0x00000000c0015154                AcpiExSystemSignalEvent
                0x00000000c0015183                AcpiExSystemWaitEvent
                0x00000000c00151bd                AcpiExSystemResetEvent
 .text          0x00000000c0015206      0x1ec acpica/extrace.32
                0x00000000c0015271                AcpiExTracePoint
                0x00000000c0015280                AcpiExStartTraceMethod
                0x00000000c0015337                AcpiExStopTraceMethod
                0x00000000c00153c2                AcpiExStartTraceOpcode
                0x00000000c00153da                AcpiExStopTraceOpcode
 .text          0x00000000c00153f2      0x525 acpica/exutils.32
                0x00000000c00153f2                AcpiExEnterInterpreter
                0x00000000c001545c                AcpiExExitInterpreter
                0x00000000c00154c6                AcpiExTruncateFor32bitTable
                0x00000000c001552c                AcpiExAcquireGlobalLock
                0x00000000c0015583                AcpiExReleaseGlobalLock
                0x00000000c001565b                AcpiExEisaIdToString
                0x00000000c001577c                AcpiExIntegerToString
                0x00000000c00157f5                AcpiExPciClsToString
                0x00000000c00158ea                AcpiIsValidSpaceId
 .text          0x00000000c0015917      0x1ae acpica/hwacpi.32
                0x00000000c0015917                AcpiHwGetMode
                0x00000000c0015973                AcpiHwSetMode
 .text          0x00000000c0015ac5      0x2a5 acpica/hwesleep.32
                0x00000000c0015ac5                AcpiHwExecuteSleepMethod
                0x00000000c0015b3d                AcpiHwExtendedSleep
                0x00000000c0015c8c                AcpiHwExtendedWakePrep
                0x00000000c0015cf7                AcpiHwExtendedWake
 .text          0x00000000c0015d6a      0x55c acpica/hwgpe.32
                0x00000000c0015d6a                AcpiHwGetGpeRegisterBit
                0x00000000c0015d94                AcpiHwLowSetGpe
                0x00000000c0015ecb                AcpiHwClearGpe
                0x00000000c0015f19                AcpiHwGetGpeStatus
                0x00000000c00160bc                AcpiHwDisableGpeBlock
                0x00000000c0016118                AcpiHwEnableRuntimeGpeBlock
                0x00000000c0016205                AcpiHwClearGpeBlock
                0x00000000c0016266                AcpiHwDisableAllGpes
                0x00000000c0016286                AcpiHwEnableAllRuntimeGpes
                0x00000000c00162a6                AcpiHwEnableAllWakeupGpes
 .text          0x00000000c00162c6      0x338 acpica/hwpci.32
                0x00000000c00165a4                AcpiHwDerivePciId
 .text          0x00000000c00165fe      0xbfa acpica/hwregs.32
                0x00000000c001681b                AcpiHwValidateRegister
                0x00000000c001695c                AcpiHwRead
                0x00000000c0016b52                AcpiHwWrite
                0x00000000c0016d02                AcpiHwGetBitRegisterInfo
                0x00000000c0016d3c                AcpiHwWritePm1Control
                0x00000000c0016e54                AcpiHwRegisterRead
                0x00000000c0017003                AcpiHwRegisterWrite
                0x00000000c001718b                AcpiHwClearAcpiStatus
 .text          0x00000000c00171f8      0x417 acpica/hwsleep.32
                0x00000000c00171f8                AcpiHwLegacySleep
                0x00000000c0017453                AcpiHwLegacyWakePrep
                0x00000000c001754a                AcpiHwLegacyWake
 .text          0x00000000c001760f      0x1a6 acpica/hwtimer.32
                0x00000000c001760f                AcpiGetTimerResolution
                0x00000000c0017644                AcpiGetTimer
                0x00000000c00176b3                AcpiGetTimerDuration
 .text          0x00000000c00177b5      0x331 acpica/hwvalid.32
                0x00000000c001791e                AcpiHwReadPort
                0x00000000c0017a10                AcpiHwWritePort
 .text          0x00000000c0017ae6      0x47c acpica/hwxface.32
                0x00000000c0017ae6                AcpiReset
                0x00000000c0017b7e                AcpiRead
                0x00000000c0017b9d                AcpiWrite
                0x00000000c0017bcb                AcpiReadBitRegister
                0x00000000c0017c45                AcpiWriteBitRegister
                0x00000000c0017d65                AcpiGetSleepTypeData
 .text          0x00000000c0017f62      0x3c1 acpica/hwxfsleep.32
                0x00000000c0017fd4                AcpiSetFirmwareWakingVector
                0x00000000c0018029                AcpiEnterSleepStateS4bios
                0x00000000c0018171                AcpiEnterSleepStatePrep
                0x00000000c0018260                AcpiEnterSleepState
                0x00000000c00182cf                AcpiLeaveSleepStatePrep
                0x00000000c00182f9                AcpiLeaveSleepState
 .text          0x00000000c0018323      0x7cd acpica/nsaccess.32
                0x00000000c0018323                AcpiNsRootInitialize
                0x00000000c001869a                AcpiNsLookup
 .text          0x00000000c0018af0      0x44a acpica/nsalloc.32
                0x00000000c0018af0                AcpiNsCreateNode
                0x00000000c0018b2c                AcpiNsDeleteNode
                0x00000000c0018bc8                AcpiNsRemoveNode
                0x00000000c0018c31                AcpiNsInstallNode
                0x00000000c0018ce5                AcpiNsDeleteChildren
                0x00000000c0018d59                AcpiNsDeleteNamespaceSubtree
                0x00000000c0018e0f                AcpiNsDeleteNamespaceByOwner
 .text          0x00000000c0018f3a      0x3ca acpica/nsarguments.32
                0x00000000c0018f3a                AcpiNsCheckArgumentTypes
                0x00000000c0019042                AcpiNsCheckAcpiCompliance
                0x00000000c0019195                AcpiNsCheckArgumentCount
 .text          0x00000000c0019304      0x5e2 acpica/nsconvert.32
                0x00000000c0019304                AcpiNsConvertToInteger
                0x00000000c001941b                AcpiNsConvertToString
                0x00000000c001951e                AcpiNsConvertToBuffer
                0x00000000c0019677                AcpiNsConvertToUnicode
                0x00000000c001973b                AcpiNsConvertToResource
                0x00000000c00197ef                AcpiNsConvertToReference
 .text          0x00000000c00198e6        0x0 acpica/nsdump.32
 .text          0x00000000c00198e6        0x0 acpica/nsdumpdv.32
 .text          0x00000000c00198e6      0x38e acpica/nseval.32
                0x00000000c00198e6                AcpiNsEvaluate
 .text          0x00000000c0019c74      0x6b7 acpica/nsinit.32
                0x00000000c0019e8d                AcpiNsInitializeObjects
                0x00000000c0019eee                AcpiNsInitializeDevices
                0x00000000c001a0b8                AcpiNsInitOnePackage
 .text          0x00000000c001a32b       0xdb acpica/nsload.32
                0x00000000c001a32b                AcpiNsLoadTable
 .text          0x00000000c001a406      0x592 acpica/nsnames.32
                0x00000000c001a406                AcpiNsHandleToName
                0x00000000c001a479                AcpiNsBuildNormalizedPath
                0x00000000c001a5d2                AcpiNsGetPathnameLength
                0x00000000c001a629                AcpiNsHandleToPathname
                0x00000000c001a6b7                AcpiNsGetNormalizedPathname
                0x00000000c001a73a                AcpiNsGetExternalPathname
                0x00000000c001a84e                AcpiNsBuildPrefixedPathname
 .text          0x00000000c001a998      0x45a acpica/nsobject.32
                0x00000000c001a998                AcpiNsDetachObject
                0x00000000c001aa84                AcpiNsAttachObject
                0x00000000c001abf2                AcpiNsGetAttachedObject
                0x00000000c001ac5a                AcpiNsGetSecondaryObject
                0x00000000c001ac90                AcpiNsAttachData
                0x00000000c001ad2e                AcpiNsDetachData
                0x00000000c001ada6                AcpiNsGetAttachedData
 .text          0x00000000c001adf2      0x359 acpica/nsparse.32
                0x00000000c001adf2                AcpiNsExecuteTable
                0x00000000c001af9c                AcpiNsOneCompleteParse
                0x00000000c001b12c                AcpiNsParseTable
 .text          0x00000000c001b14b      0x3b5 acpica/nspredef.32
                0x00000000c001b218                AcpiNsCheckObjectType
                0x00000000c001b3e9                AcpiNsCheckReturnValue
 .text          0x00000000c001b500      0x9d3 acpica/nsprepkg.32
                0x00000000c001ba48                AcpiNsCheckPackage
 .text          0x00000000c001bed3      0x47e acpica/nsrepair.32
                0x00000000c001bf37                AcpiNsRepairNullElement
                0x00000000c001bff0                AcpiNsRemoveNullElements
                0x00000000c001c084                AcpiNsWrapWithPackage
                0x00000000c001c0d2                AcpiNsSimpleRepair
 .text          0x00000000c001c351      0x9f8 acpica/nsrepair2.32
                0x00000000c001c731                AcpiNsComplexRepairs
 .text          0x00000000c001cd49      0x27a acpica/nssearch.32
                0x00000000c001cd49                AcpiNsSearchOneScope
                0x00000000c001ce11                AcpiNsSearchAndEnter
 .text          0x00000000c001cfc3      0x819 acpica/nsutils.32
                0x00000000c001cfc3                AcpiNsPrintNodePathname
                0x00000000c001d043                AcpiNsGetType
                0x00000000c001d07b                AcpiNsLocal
                0x00000000c001d0c9                AcpiNsGetInternalNameLength
                0x00000000c001d1a2                AcpiNsBuildInternalName
                0x00000000c001d349                AcpiNsInternalizeName
                0x00000000c001d3dc                AcpiNsExternalizeName
                0x00000000c001d620                AcpiNsValidateHandle
                0x00000000c001d64c                AcpiNsTerminate
                0x00000000c001d69d                AcpiNsOpensScope
                0x00000000c001d6dc                AcpiNsGetNodeUnlocked
                0x00000000c001d792                AcpiNsGetNode
 .text          0x00000000c001d7dc      0x264 acpica/nswalk.32
                0x00000000c001d7dc                AcpiNsGetNextNode
                0x00000000c001d7f5                AcpiNsGetNextNodeTyped
                0x00000000c001d84a                AcpiNsWalkNamespace
 .text          0x00000000c001da40      0x94e acpica/nsxfeval.32
                0x00000000c001dcac                AcpiEvaluateObject
                0x00000000c001df65                AcpiEvaluateObjectTyped
                0x00000000c001e0dd                AcpiWalkNamespace
                0x00000000c001e19b                AcpiGetDevices
                0x00000000c001e20e                AcpiAttachData
                0x00000000c001e291                AcpiDetachData
                0x00000000c001e30b                AcpiGetData
 .text          0x00000000c001e38e      0x7f2 acpica/nsxfname.32
                0x00000000c001e38e                AcpiGetHandle
                0x00000000c001e445                AcpiGetName
                0x00000000c001e525                AcpiGetObjectInfo
                0x00000000c001e93c                AcpiInstallMethod
 .text          0x00000000c001eb80      0x1f1 acpica/nsxfobj.32
                0x00000000c001eb80                AcpiGetType
                0x00000000c001ec12                AcpiGetParent
                0x00000000c001eca0                AcpiGetNextObject
 .text          0x00000000c001ed71      0xb9c acpica/psargs.32
                0x00000000c001edec                AcpiPsGetNextPackageEnd
                0x00000000c001ee13                AcpiPsGetNextNamestring
                0x00000000c001ee99                AcpiPsGetNextNamepath
                0x00000000c001f0db                AcpiPsGetNextSimpleArg
                0x00000000c001f5ed                AcpiPsGetNextArg
 .text          0x00000000c001f90d      0x8ef acpica/psloop.32
                0x00000000c001fb30                AcpiPsParseLoop
 .text          0x00000000c00201fc      0xb0d acpica/psobject.32
                0x00000000c0020341                AcpiPsBuildNamedOp
                0x00000000c0020503                AcpiPsCreateOp
                0x00000000c0020762                AcpiPsCompleteOp
                0x00000000c0020b7a                AcpiPsCompleteFinalOp
 .text          0x00000000c0020d09        0x0 acpica/psopcode.32
 .text          0x00000000c0020d09       0x97 acpica/psopinfo.32
                0x00000000c0020d09                AcpiPsGetOpcodeInfo
                0x00000000c0020d73                AcpiPsGetOpcodeName
                0x00000000c0020d87                AcpiPsGetArgumentCount
 .text          0x00000000c0020da0      0x936 acpica/psparse.32
                0x00000000c0020da0                AcpiPsGetOpcodeSize
                0x00000000c0020dba                AcpiPsPeekOpcode
                0x00000000c0020dfc                AcpiPsCompleteThisOp
                0x00000000c0021112                AcpiPsNextParseState
                0x00000000c002126a                AcpiPsParseAml
 .text          0x00000000c00216d6      0x1f4 acpica/psscope.32
                0x00000000c00216d6                AcpiPsGetParentScope
                0x00000000c00216e4                AcpiPsHasCompletedScope
                0x00000000c0021718                AcpiPsInitScope
                0x00000000c002177e                AcpiPsPushScope
                0x00000000c0021801                AcpiPsPopScope
                0x00000000c0021889                AcpiPsCleanupScope
 .text          0x00000000c00218ca      0x218 acpica/pstree.32
                0x00000000c00218ca                AcpiPsGetArg
                0x00000000c0021942                AcpiPsAppendArg
                0x00000000c0021a18                AcpiPsGetDepthNext
 .text          0x00000000c0021ae2      0x1cc acpica/psutils.32
                0x00000000c0021ae2                AcpiPsInitOp
                0x00000000c0021b03                AcpiPsAllocOp
                0x00000000c0021bcd                AcpiPsCreateScopeOp
                0x00000000c0021c02                AcpiPsFreeOp
                0x00000000c0021c45                AcpiPsIsLeadingChar
                0x00000000c0021c6b                AcpiPsGetName
                0x00000000c0021c8d                AcpiPsSetName
 .text          0x00000000c0021cae       0x99 acpica/pswalk.32
                0x00000000c0021cae                AcpiPsDeleteParseTree
 .text          0x00000000c0021d47      0x4a2 acpica/psxface.32
                0x00000000c0021d47                AcpiDebugTrace
                0x00000000c0021da1                AcpiPsExecuteTable
                0x00000000c0021f7c                AcpiPsExecuteMethod
 .text          0x00000000c00221e9       0xf7 acpica/rsaddr.32
                0x00000000c00221e9                AcpiRsGetAddressCommon
                0x00000000c0022271                AcpiRsSetAddressCommon
 .text          0x00000000c00222e0      0x7f5 acpica/rscalc.32
                0x00000000c0022356                AcpiRsGetAmlLength
                0x00000000c0022610                AcpiRsGetListLength
                0x00000000c00229ac                AcpiRsGetPciRoutingTableLength
 .text          0x00000000c0022ad5      0x567 acpica/rscreate.32
                0x00000000c0022ad5                AcpiBufferToResource
                0x00000000c0022b90                AcpiRsCreateResourceList
                0x00000000c0022c2c                AcpiRsCreatePciRoutingTable
                0x00000000c0022fb3                AcpiRsCreateAmlResources
 .text          0x00000000c002303c        0x0 acpica/rsdump.32
 .text          0x00000000c002303c        0x0 acpica/rsdumpinfo.32
 .text          0x00000000c002303c        0x0 acpica/rsinfo.32
 .text          0x00000000c002303c        0x0 acpica/rsio.32
 .text          0x00000000c002303c        0x0 acpica/rsirq.32
 .text          0x00000000c002303c      0x2a0 acpica/rslist.32
                0x00000000c002303c                AcpiRsConvertAmlToResources
                0x00000000c0023150                AcpiRsConvertResourcesToAml
 .text          0x00000000c00232dc        0x0 acpica/rsmemory.32
 .text          0x00000000c00232dc      0xd8c acpica/rsmisc.32
                0x00000000c00232dc                AcpiRsConvertAmlToResource
                0x00000000c0023a67                AcpiRsConvertResourceToAml
 .text          0x00000000c0024068        0x0 acpica/rsserial.32
 .text          0x00000000c0024068      0x61c acpica/rsutils.32
                0x00000000c0024068                AcpiRsDecodeBitmask
                0x00000000c00240b6                AcpiRsEncodeBitmask
                0x00000000c0024107                AcpiRsMoveData
                0x00000000c00241df                AcpiRsSetResourceLength
                0x00000000c0024237                AcpiRsSetResourceHeader
                0x00000000c00242ae                AcpiRsGetResourceSource
                0x00000000c0024387                AcpiRsSetResourceSource
                0x00000000c00243ec                AcpiRsGetPrtMethodData
                0x00000000c002443f                AcpiRsGetCrsMethodData
                0x00000000c0024492                AcpiRsGetPrsMethodData
                0x00000000c00244e5                AcpiRsGetAeiMethodData
                0x00000000c0024538                AcpiRsGetMethodData
                0x00000000c0024589                AcpiRsSetSrsMethodData
 .text          0x00000000c0024684      0x698 acpica/rsxface.32
                0x00000000c00247c3                AcpiGetIrqRoutingTable
                0x00000000c0024806                AcpiGetCurrentResources
                0x00000000c0024849                AcpiGetPossibleResources
                0x00000000c002488c                AcpiSetCurrentResources
                0x00000000c00248ef                AcpiGetEventResources
                0x00000000c0024932                AcpiResourceToAddress64
                0x00000000c0024b53                AcpiWalkResourceBuffer
                0x00000000c0024c11                AcpiWalkResources
                0x00000000c0024cc6                AcpiGetVendorResource
 .text          0x00000000c0024d1c      0xd8f acpica/tbdata.32
                0x00000000c0024d1c                AcpiTbInitTableDescriptor
                0x00000000c0024d7b                AcpiTbAcquireTable
                0x00000000c0024e03                AcpiTbReleaseTable
                0x00000000c0024edf                AcpiTbAcquireTempTable
                0x00000000c0024fa6                AcpiTbValidateTable
                0x00000000c0024ff6                AcpiTbInvalidateTable
                0x00000000c0025039                AcpiTbReleaseTempTable
                0x00000000c0025050                AcpiTbValidateTempTable
                0x00000000c0025135                AcpiTbVerifyTempTable
                0x00000000c00252fb                AcpiTbResizeRootTableList
                0x00000000c00254ad                AcpiTbGetNextTableDescriptor
                0x00000000c002552a                AcpiTbTerminate
                0x00000000c00255ca                AcpiTbDeleteNamespaceByOwner
                0x00000000c0025683                AcpiTbAllocateOwnerId
                0x00000000c00256eb                AcpiTbReleaseOwnerId
                0x00000000c0025757                AcpiTbGetOwnerId
                0x00000000c00257bd                AcpiTbIsTableLoaded
                0x00000000c0025821                AcpiTbSetTableLoadedFlag
                0x00000000c00258ed                AcpiTbNotifyTable
                0x00000000c0025919                AcpiTbLoadTable
                0x00000000c00259a2                AcpiTbInstallAndLoadTable
                0x00000000c0025a17                AcpiTbUnloadTable
 .text          0x00000000c0025aab      0x8f3 acpica/tbfadt.32
                0x00000000c00261cd                AcpiTbCreateLocalFadt
                0x00000000c0026270                AcpiTbParseFadt
 .text          0x00000000c002639e      0x27a acpica/tbfind.32
                0x00000000c002639e                AcpiTbFindTable
 .text          0x00000000c0026618      0x47b acpica/tbinstal.32
                0x00000000c0026618                AcpiTbUninstallTable
                0x00000000c0026685                AcpiTbOverrideTable
                0x00000000c002680b                AcpiTbInstallTableWithOverride
                0x00000000c00268eb                AcpiTbInstallStandardTable
 .text          0x00000000c0026a93      0x2ae acpica/tbprint.32
                0x00000000c0026b37                AcpiTbPrintTableHeader
                0x00000000c0026c8f                AcpiTbChecksum
                0x00000000c0026cc1                AcpiTbVerifyChecksum
 .text          0x00000000c0026d41      0x609 acpica/tbutils.32
                0x00000000c0026d41                AcpiTbInitializeFacs
                0x00000000c0026de5                AcpiTbCheckDsdtHeader
                0x00000000c0026e6f                AcpiTbCopyDsdt
                0x00000000c0026fd4                AcpiTbParseRootTable
                0x00000000c0027266                AcpiTbGetTable
                0x00000000c00272e5                AcpiTbPutTable
 .text          0x00000000c002734a      0x62b acpica/tbxface.32
                0x00000000c002734a                AcpiAllocateRootTable
                0x00000000c0027366                AcpiInitializeTables
                0x00000000c0027430                AcpiReallocateRootTable
                0x00000000c002757a                AcpiGetTableHeader
                0x00000000c00276fa                AcpiGetTable
                0x00000000c00277bb                AcpiPutTable
                0x00000000c002783d                AcpiGetTableByIndex
                0x00000000c00278bd                AcpiInstallTableHandler
                0x00000000c002791f                AcpiRemoveTableHandler
 .text          0x00000000c0027975      0x519 acpica/tbxfload.32
                0x00000000c0027975                AcpiTbLoadNamespace
                0x00000000c0027c17                AcpiLoadTables
                0x00000000c0027c9c                AcpiInstallTable
                0x00000000c0027cec                AcpiLoadTable
                0x00000000c0027d4d                AcpiUnloadParentTable
                0x00000000c0027e65                AcpiUnloadTable
 .text          0x00000000c0027e8e      0x2e0 acpica/tbxfroot.32
                0x00000000c0027e8e                AcpiTbGetRsdpLength
                0x00000000c0027ece                AcpiTbValidateRsdp
                0x00000000c0027f3c                AcpiTbScanMemoryForRsdp
                0x00000000c0027f84                AcpiFindRootPointer
 .text          0x00000000c002816e      0x31c acpica/utaddress.32
                0x00000000c002816e                AcpiUtAddAddressRange
                0x00000000c0028218                AcpiUtRemoveAddressRange
                0x00000000c002829f                AcpiUtCheckAddressRange
                0x00000000c0028430                AcpiUtDeleteAddressLists
 .text          0x00000000c002848a      0x28d acpica/utalloc.32
                0x00000000c002848a                AcpiOsAllocateZeroed
                0x00000000c00284bf                AcpiUtCreateCaches
                0x00000000c0028583                AcpiUtDeleteCaches
                0x00000000c0028617                AcpiUtValidateBuffer
                0x00000000c0028663                AcpiUtInitializeBuffer
 .text          0x00000000c0028717       0xeb acpica/utascii.32
                0x00000000c0028717                AcpiUtValidNameChar
                0x00000000c0028759                AcpiUtValidNameseg
                0x00000000c0028799                AcpiUtCheckAndRepairAscii
 .text          0x00000000c0028802      0x2b9 acpica/utbuffer.32
                0x00000000c0028802                AcpiUtDumpBuffer
                0x00000000c0028a83                AcpiUtDebugDumpBuffer
 .text          0x00000000c0028abb      0x2d4 acpica/utcache.32
                0x00000000c0028abb                AcpiOsCreateCache
                0x00000000c0028b43                AcpiOsPurgeCache
                0x00000000c0028bc3                AcpiOsDeleteCache
                0x00000000c0028bfa                AcpiOsReleaseObject
                0x00000000c0028cad                AcpiOsAcquireObject
 .text          0x00000000c0028d8f      0x6ff acpica/utclib.32
                0x00000000c0028d8f                memcmp
                0x00000000c0028de7                memmove
                0x00000000c0028e54                memcpy
                0x00000000c0028ecb                memset
                0x00000000c0028ef4                strlen
                0x00000000c0028f17                strpbrk
                0x00000000c0028f59                strtok
                0x00000000c0028fe7                strcpy
                0x00000000c0029019                strncpy
                0x00000000c002906d                strcmp
                0x00000000c00290af                strchr
                0x00000000c00290d8                strncmp
                0x00000000c0029134                strcat
                0x00000000c0029175                strncat
                0x00000000c00291d1                strstr
                0x00000000c0029224                toupper
                0x00000000c002924a                tolower
                0x00000000c0029270                simple_strtoul
 .text          0x00000000c002948e      0xaf8 acpica/utcopy.32
                0x00000000c00297eb                AcpiUtCopyIobjectToEobject
                0x00000000c0029a1d                AcpiUtCopyEobjectToIobject
                0x00000000c0029eeb                AcpiUtCopyIobjectToIobject
 .text          0x00000000c0029f86        0x0 acpica/utdebug.32
 .text          0x00000000c0029f86      0x1db acpica/utdecode.32
                0x00000000c0029f86                AcpiUtGetRegionName
                0x00000000c0029fd4                AcpiUtGetEventName
                0x00000000c0029ff0                AcpiUtGetTypeName
                0x00000000c002a00c                AcpiUtGetObjectTypeName
                0x00000000c002a051                AcpiUtGetNodeName
                0x00000000c002a0ac                AcpiUtGetDescriptorName
                0x00000000c002a0df                AcpiUtGetReferenceName
                0x00000000c002a134                AcpiUtGetMutexName
                0x00000000c002a150                AcpiUtValidObjectType
 .text          0x00000000c002a161      0x83c acpica/utdelete.32
                0x00000000c002a161                AcpiUtRemoveReference
                0x00000000c002a698                AcpiUtUpdateObjectReference
                0x00000000c002a92f                AcpiUtAddReference
                0x00000000c002a960                AcpiUtDeleteInternalObjectList
 .text          0x00000000c002a99d      0x28c acpica/uterror.32
                0x00000000c002a99d                AcpiUtPredefinedWarning
                0x00000000c002a9fd                AcpiUtPredefinedInfo
                0x00000000c002aa5d                AcpiUtPredefinedBiosError
                0x00000000c002aabd                AcpiUtPrefixedNamespaceError
                0x00000000c002ab8e                AcpiUtMethodError
 .text          0x00000000c002ac29      0x323 acpica/uteval.32
                0x00000000c002ac29                AcpiUtEvaluateObject
                0x00000000c002ae04                AcpiUtEvaluateNumericObject
                0x00000000c002ae51                AcpiUtExecute_STA
                0x00000000c002aeb5                AcpiUtExecutePowerMethods
 .text          0x00000000c002af4c      0x124 acpica/utexcep.32
                0x00000000c002af4c                AcpiUtValidateException
                0x00000000c002b02e                AcpiFormatException
 .text          0x00000000c002b070        0x0 acpica/utglobal.32
 .text          0x00000000c002b070       0xea acpica/uthex.32
                0x00000000c002b070                AcpiUtHexToAsciiChar
                0x00000000c002b0bc                AcpiUtAsciiCharToHex
                0x00000000c002b0e3                AcpiUtAsciiToHexByte
 .text          0x00000000c002b15a      0x4eb acpica/utids.32
                0x00000000c002b15a                AcpiUtExecute_HID
                0x00000000c002b23a                AcpiUtExecute_UID
                0x00000000c002b31a                AcpiUtExecute_CID
                0x00000000c002b513                AcpiUtExecute_CLS
 .text          0x00000000c002b645      0x344 acpica/utinit.32
                0x00000000c002b6cd                AcpiUtInitGlobals
                0x00000000c002b92c                AcpiUtSubsystemShutdown
 .text          0x00000000c002b989      0x1c7 acpica/utlock.32
                0x00000000c002b989                AcpiUtCreateRwLock
                0x00000000c002b9d8                AcpiUtDeleteRwLock
                0x00000000c002ba21                AcpiUtAcquireReadLock
                0x00000000c002ba9c                AcpiUtReleaseReadLock
                0x00000000c002bb0e                AcpiUtAcquireWriteLock
                0x00000000c002bb34                AcpiUtReleaseWriteLock
 .text          0x00000000c002bb50      0x210 acpica/utmath.32
                0x00000000c002bb50                AcpiUtShortMultiply
                0x00000000c002bb9b                AcpiUtShortShiftLeft
                0x00000000c002bbe4                AcpiUtShortShiftRight
                0x00000000c002bc2d                AcpiUtShortDivide
                0x00000000c002bcbe                AcpiUtDivide
 .text          0x00000000c002bd60      0x2ca acpica/utmisc.32
                0x00000000c002bd60                AcpiUtIsPciRootBridge
                0x00000000c002bd9c                AcpiUtDwordByteSwap
                0x00000000c002bdc5                AcpiUtSetIntegerWidth
                0x00000000c002be06                AcpiUtCreateUpdateStateAndPush
                0x00000000c002be5b                AcpiUtWalkPackageTree
 .text          0x00000000c002c02a      0x371 acpica/utmutex.32
                0x00000000c002c095                AcpiUtMutexInitialize
                0x00000000c002c1b7                AcpiUtMutexTerminate
                0x00000000c002c234                AcpiUtAcquireMutex
                0x00000000c002c2ef                AcpiUtReleaseMutex
 .text          0x00000000c002c39b       0xd0 acpica/utnonansi.32
                0x00000000c002c39b                AcpiUtStrlwr
                0x00000000c002c3db                AcpiUtStrupr
                0x00000000c002c41b                AcpiUtStricmp
 .text          0x00000000c002c46b      0x5ff acpica/utobject.32
                0x00000000c002c46b                AcpiUtValidInternalObject
                0x00000000c002c48f                AcpiUtAllocateObjectDescDbg
                0x00000000c002c4d8                AcpiUtDeleteObjectDesc
                0x00000000c002c52d                AcpiUtCreateInternalObjectDbg
                0x00000000c002c5cf                AcpiUtCreatePackageObject
                0x00000000c002c643                AcpiUtCreateIntegerObject
                0x00000000c002c68f                AcpiUtCreateBufferObject
                0x00000000c002c736                AcpiUtCreateStringObject
                0x00000000c002ca21                AcpiUtGetObjectSize
 .text          0x00000000c002ca6a      0x4f3 acpica/utosi.32
                0x00000000c002ca6a                AcpiUtInitializeInterfaces
                0x00000000c002caf4                AcpiUtInterfaceTerminate
                0x00000000c002cbc5                AcpiUtInstallInterface
                0x00000000c002cc5e                AcpiUtRemoveInterface
                0x00000000c002cd34                AcpiUtUpdateInterfaces
                0x00000000c002cdc5                AcpiUtGetInterface
                0x00000000c002ce08                AcpiUtOsiImplementation
 .text          0x00000000c002cf5d      0x246 acpica/utownerid.32
                0x00000000c002cf5d                AcpiUtAllocateOwnerId
                0x00000000c002d0c1                AcpiUtReleaseOwnerId
 .text          0x00000000c002d1a3       0xfd acpica/utpredef.32
                0x00000000c002d1a3                AcpiUtGetNextPredefinedMethod
                0x00000000c002d1cd                AcpiUtMatchPredefinedMethod
                0x00000000c002d220                AcpiUtGetExpectedReturnTypes
 .text          0x00000000c002d2a0      0x9ed acpica/utprint.32
                0x00000000c002d3ca                AcpiUtScanNumber
                0x00000000c002d44d                AcpiUtPrintNumber
                0x00000000c002d723                vsnprintf
                0x00000000c002dc3c                snprintf
                0x00000000c002dc65                sprintf
 .text          0x00000000c002dc8d        0x0 acpica/utresdecode.32
 .text          0x00000000c002dc8d      0x3ad acpica/utresrc.32
                0x00000000c002dc8d                AcpiUtGetResourceType
                0x00000000c002dcaa                AcpiUtGetResourceLength
                0x00000000c002dcdd                AcpiUtValidateResource
                0x00000000c002de70                AcpiUtGetResourceHeaderLength
                0x00000000c002de84                AcpiUtGetDescriptorLength
                0x00000000c002deb1                AcpiUtWalkAmlResources
                0x00000000c002dff0                AcpiUtGetResourceEndTag
 .text          0x00000000c002e03a      0x1ce acpica/utstate.32
                0x00000000c002e03a                AcpiUtPushGenericState
                0x00000000c002e052                AcpiUtPopGenericState
                0x00000000c002e075                AcpiUtCreateGenericState
                0x00000000c002e0a1                AcpiUtCreateThreadState
                0x00000000c002e127                AcpiUtCreateUpdateState
                0x00000000c002e168                AcpiUtCreatePkgState
                0x00000000c002e1b4                AcpiUtCreateControlState
                0x00000000c002e1e4                AcpiUtDeleteGenericState
 .text          0x00000000c002e208      0x264 acpica/utstring.32
                0x00000000c002e208                AcpiUtPrintString
                0x00000000c002e3d1                AcpiUtRepairName
 .text          0x00000000c002e46c      0x425 acpica/utstrsuppt.32
                0x00000000c002e46c                AcpiUtRemoveLeadingZeros
                0x00000000c002e492                AcpiUtRemoveWhitespace
                0x00000000c002e4c7                AcpiUtRemoveHexPrefix
                0x00000000c002e504                AcpiUtDetectHexPrefix
                0x00000000c002e532                AcpiUtDetectOctalPrefix
                0x00000000c002e717                AcpiUtConvertOctalString
                0x00000000c002e791                AcpiUtConvertDecimalString
                0x00000000c002e814                AcpiUtConvertHexString
 .text          0x00000000c002e891      0x238 acpica/utstrtoul64.32
                0x00000000c002e891                AcpiUtStrtoul64
                0x00000000c002e9a3                AcpiUtImplicitStrtoul64
                0x00000000c002ea1f                AcpiUtExplicitStrtoul64
 .text          0x00000000c002eac9        0x0 acpica/uttrack.32
 .text          0x00000000c002eac9        0x0 acpica/utuuid.32
 .text          0x00000000c002eac9      0x641 acpica/utxface.32
                0x00000000c002eac9                AcpiTerminate
                0x00000000c002eae6                AcpiSubsystemStatus
                0x00000000c002eafe                AcpiGetSystemInfo
                0x00000000c002ebb4                AcpiGetStatistics
                0x00000000c002ec0a                AcpiInstallInitializationHandler
                0x00000000c002ec39                AcpiPurgeCachedObjects
                0x00000000c002ec8a                AcpiInstallInterface
                0x00000000c002ed4b                AcpiRemoveInterface
                0x00000000c002edbf                AcpiInstallInterfaceHandler
                0x00000000c002ee23                AcpiUpdateInterfaces
                0x00000000c002ee80                AcpiCheckAddressRange
                0x00000000c002eef0                AcpiDecodePldBuffer
 .text          0x00000000c002f10a      0x245 acpica/utxferror.32
                0x00000000c002f10a                AcpiError
                0x00000000c002f153                AcpiException
                0x00000000c002f1c3                AcpiWarning
                0x00000000c002f20c                AcpiInfo
                0x00000000c002f24d                AcpiBiosError
                0x00000000c002f296                AcpiBiosException
                0x00000000c002f306                AcpiBiosWarning
 .text          0x00000000c002f34f      0x218 acpica/utxfinit.32
                0x00000000c002f34f                AcpiInitializeSubsystem
                0x00000000c002f44d                AcpiEnableSubsystem
                0x00000000c002f518                AcpiInitializeObjects
 .text          0x00000000c002f567      0x129 acpica/utxfmutex.32
                0x00000000c002f5fb                AcpiAcquireMutex
                0x00000000c002f64c                AcpiReleaseMutex
 .text          0x00000000c002f690      0xfd0 core/malloc.32
                0x00000000c002f7fb                dlfree
                0x00000000c002fb58                dlmalloc
                0x00000000c00300a4                dlrealloc
                0x00000000c0030259                dlmemalign
                0x00000000c003037c                dlcalloc
                0x00000000c0030416                dlcfree
                0x00000000c003041b                dlindependent_calloc
                0x00000000c0030440                dlindependent_comalloc
                0x00000000c0030457                dlvalloc
                0x00000000c0030482                dlpvalloc
                0x00000000c00304b8                dlmalloc_trim
                0x00000000c00304c5                dlmalloc_usable_size
                0x00000000c00304f6                dlmallinfo
                0x00000000c00305c5                dlmalloc_stats
                0x00000000c00305d6                dlmallopt
 .text          0x00000000c0030660        0x0 libk/string.32
 .text          0x00000000c0030660       0x51 fs/fat/diskio.32
                0x00000000c0030660                disk_status
                0x00000000c0030663                disk_initialize
                0x00000000c0030666                disk_read
                0x00000000c003067c                disk_write
                0x00000000c0030692                disk_ioctl
 .text          0x00000000c00306b1     0x681b fs/fat/ff.32
                0x00000000c003397a                f_mount
                0x00000000c00339d8                f_open
                0x00000000c0033e10                f_read
                0x00000000c0034090                f_write
                0x00000000c003434a                f_sync
                0x00000000c0034522                f_close
                0x00000000c0034551                f_lseek
                0x00000000c0034a08                f_opendir
                0x00000000c0034b0a                f_closedir
                0x00000000c0034b2c                f_readdir
                0x00000000c0034bc7                f_stat
                0x00000000c0034c56                f_getfree
                0x00000000c0034e21                f_truncate
                0x00000000c0034f19                f_unlink
                0x00000000c003509d                f_mkdir
                0x00000000c00352c9                f_rename
                0x00000000c00355b8                f_chmod
                0x00000000c0035696                f_utime
                0x00000000c0035774                f_getlabel
                0x00000000c0035962                f_setlabel
                0x00000000c0035bcb                f_forward
                0x00000000c0035da9                f_mkfs
 .text          0x00000000c0036ecc       0x2d fs/fat/ffsystem.32
                0x00000000c0036ecc                ff_memalloc
                0x00000000c0036ee2                ff_memfree
 .text          0x00000000c0036ef9      0x253 fs/fat/ffunicode.32
                0x00000000c0036ef9                ff_uni2oem
                0x00000000c0036f89                ff_oem2uni
                0x00000000c0036ff5                ff_wtoupper
 .text          0x00000000c003714c      0xc07 hal/libresample/samplerate.32
                0x00000000c0037190                src_delete
                0x00000000c00371eb                src_process
                0x00000000c00373da                src_callback_read
                0x00000000c0037614                src_set_ratio
                0x00000000c0037686                src_get_channels
                0x00000000c00376c7                src_reset
                0x00000000c0037739                src_get_name
                0x00000000c00377a5                src_get_description
                0x00000000c0037811                src_get_version
                0x00000000c0037817                src_is_valid_ratio
                0x00000000c003784d                src_error
                0x00000000c0037862                src_strerror
                0x00000000c0037913                src_short_to_float_array
                0x00000000c0037965                src_float_to_short_array
                0x00000000c0037a15                src_int_to_float_array
                0x00000000c0037a66                src_float_to_int_array
                0x00000000c0037b86                src_new
                0x00000000c0037c5a                src_callback_new
                0x00000000c0037cee                src_simple
 .text          0x00000000c0037d53      0x7bb hal/libresample/src_linear.32
                0x00000000c003840f                linear_get_name
                0x00000000c0038422                linear_get_description
                0x00000000c0038435                linear_set_converter
 .text          0x00000000c003850e     0x3a11 hal/libresample/src_sinc.32
                0x00000000c0039f48                sinc_get_name
                0x00000000c0039f75                sinc_get_description
                0x00000000c0039fa4                sinc_set_converter
 .text          0x00000000c003bf1f      0x743 hal/libresample/src_zoh.32
                0x00000000c003c563                zoh_get_name
                0x00000000c003c576                zoh_get_description
                0x00000000c003c589                zoh_set_converter
 .text          0x00000000c003c662     0x1053 acpica/osl.32
                0x00000000c003c662                Subhandler
                0x00000000c003c69e                isblank
                0x00000000c003c6b6                iscntrl
                0x00000000c003c6ce                isdigit
                0x00000000c003c6e6                islower
                0x00000000c003c6fe                isspace
                0x00000000c003c71f                isupper
                0x00000000c003c737                isalpha
                0x00000000c003c761                isalnum
                0x00000000c003c78b                ispunct
                0x00000000c003c7c5                isgraph
                0x00000000c003c7ef                isprint
                0x00000000c003c810                isxdigit
                0x00000000c003c846                AcpiOsInitialize
                0x00000000c003c84c                AcpiOsTerminate
                0x00000000c003c852                AcpiOsGetRootPointer
                0x00000000c003c881                AcpiOsPredefinedOverride
                0x00000000c003c8a5                AcpiOsTableOverride
                0x00000000c003c8b5                AcpiOsPhysicalTableOverride
                0x00000000c003c8cc                AcpiOsReadPort
                0x00000000c003c95d                AcpiOsWritePort
                0x00000000c003c9e8                AcpiOsGetTimer
                0x00000000c003ca08                AcpiOsWaitEventsComplete
                0x00000000c003ca20                AcpiOsReadPciConfiguration
                0x00000000c003cae8                AcpiOsWritePciConfiguration
                0x00000000c003cbca                AcpiOsSignal
                0x00000000c003cc00                AcpiOsReadMemory
                0x00000000c003cccc                AcpiOsEnterSleep
                0x00000000c003ccdf                AcpiOsWriteMemory
                0x00000000c003cd93                AcpiOsMapMemory
                0x00000000c003ce8c                AcpiOsUnmapMemory
                0x00000000c003ce8e                AcpiOsGetPhysicalAddress
                0x00000000c003cebe                AcpiOsAllocate
                0x00000000c003cedc                AcpiOsFree
                0x00000000c003cef3                AcpiOsReadable
                0x00000000c003cf0c                AcpiOsWritable
                0x00000000c003cf25                AcpiOsGetThreadId
                0x00000000c003cf30                AcpiOsExecute
                0x00000000c003cf4c                AcpiOsSleep
                0x00000000c003cf92                AcpiOsStall
                0x00000000c003cfec                AcpiOsCreateSemaphore
                0x00000000c003d033                AcpiOsDeleteSemaphore
                0x00000000c003d050                AcpiOsWaitSemaphore
                0x00000000c003d124                AcpiOsSignalSemaphore
                0x00000000c003d14d                AcpiOsCreateLock
                0x00000000c003d17a                AcpiOsDeleteLock
                0x00000000c003d17c                AcpiOsAcquireLock
                0x00000000c003d192                AcpiOsReleaseLock
                0x00000000c003d1ad                AcpiOsInstallInterruptHandler
                0x00000000c003d20c                AcpiOsRemoveInterruptHandler
                0x00000000c003d228                __i__int_str
                0x00000000c003d5e5                __i_displayCharacter
                0x00000000c003d63b                __i_displayString
                0x00000000c003d68c                __i_internal_printf
                0x00000000c003d692                AcpiOsVprintf
                0x00000000c003d694                AcpiOsPrintf
 *fill*         0x00000000c003d6b5        0x1 
 .text          0x00000000c003d6b6      0xc10 core/computer.32
                0x00000000c003d6b6                Computer::close(int, int, void*)
                0x00000000c003d6fe                Computer::Computer()
                0x00000000c003d6fe                Computer::Computer()
                0x00000000c003d85a                Computer::setBootMessage(char const*)
                0x00000000c003d85c                Computer::start()
                0x00000000c003da2b                firstTask()
                0x00000000c003da46                Computer::detectFeatures()
                0x00000000c003df04                Computer::displayFeatures()
                0x00000000c003df06                Computer::rdmsr(unsigned int)
                0x00000000c003df42                Computer::wrmsr(unsigned int, unsigned long long)
                0x00000000c003df82                Computer::nmiEnabled()
                0x00000000c003df90                Computer::readCMOS(unsigned char)
                0x00000000c003dfd4                Computer::enableNMI(bool)
                0x00000000c003e000                Computer::open(int, int, void*)
                0x00000000c003e15c                Computer::disableNMI()
                0x00000000c003e176                Computer::writeCMOS(unsigned char, unsigned char)
                0x00000000c003e1c6                Computer::handleNMI()
                0x00000000c003e250                Computer::setDiskActivityLight(int, bool)
 .text          0x00000000c003e2c6      0xe65 core/elf.32
                0x00000000c003e2c6                allocateMemoryForTask(Process*, File*, unsigned long, unsigned long, unsigned long)
                0x00000000c003e543                loadProgramIntoMemory(Process*, char const*)
                0x00000000c003e767                runtimeReferenceHelper()
                0x00000000c003e77a                getAddressOfKernelSymbol(char const*)
                0x00000000c003e7c9                loadKernelSymbolTable(char const*)
                0x00000000c003ea91                loadDriverIntoMemory(char const*, unsigned long)
                0x00000000c003f054                loadDLL(char const*)
                0x00000000c003f11d                executeDLL(unsigned long, void*)
 *fill*         0x00000000c003f12b        0x1 
 .text          0x00000000c003f12c      0x19f core/gdt.32
                0x00000000c003f12c                GDTEntry::setBase(unsigned int)
                0x00000000c003f148                GDTEntry::setLimit(unsigned int)
                0x00000000c003f168                GDT::GDT()
                0x00000000c003f168                GDT::GDT()
                0x00000000c003f17e                GDT::addEntry(GDTEntry)
                0x00000000c003f1a0                GDT::getNumberOfEntries()
                0x00000000c003f1a8                GDT::flush()
                0x00000000c003f1ca                GDT::setup()
 .text          0x00000000c003f2cb       0x61 core/idle.32
                0x00000000c003f2cb                idleFunction(void*)
 .text          0x00000000c003f32c      0x3dd core/idt.32
                0x00000000c003f32c                IDTEntry::IDTEntry(bool)
                0x00000000c003f32c                IDTEntry::IDTEntry(bool)
                0x00000000c003f39a                IDTEntry::setOffset(unsigned int)
                0x00000000c003f3ae                IDT::IDT()
                0x00000000c003f3ae                IDT::IDT()
                0x00000000c003f3b0                IDT::getPointerToInvalidOpcodeEntryForF00F()
                0x00000000c003f3b8                IDT::addEntry(IDTEntry, int)
                0x00000000c003f3d2                IDT::addEntry(int, void (*)(), bool)
                0x00000000c003f40a                IDT::flush()
                0x00000000c003f424                IDT::setup()
 .text          0x00000000c003f709      0x6fa core/kconsole.32
                0x00000000c003f709                stringifyxWithBase(unsigned int, char*, int)
                0x00000000c003f7a0                logc(char)
                0x00000000c003f7e7                logs(char*)
                0x00000000c003f815                logWriteInt(unsigned int)
                0x00000000c003f83b                logWriteIntBase(unsigned int, int)
                0x00000000c003f862                kprintf(char const*, ...)
                0x00000000c003f9c6                panic(char const*)
 .text          0x00000000c003fe03      0x1d6 core/kheap.32
                0x00000000c003fe03                sbrk
                0x00000000c003fee4                mmap
                0x00000000c003fefa                munmap
                0x00000000c003ff10                liballoc_lock()
                0x00000000c003ff21                liballoc_unlock()
                0x00000000c003ff32                liballoc_alloc(int)
                0x00000000c003ff4d                liballoc_free(void*, int)
                0x00000000c003ff6b                realloc
                0x00000000c003ff7f                malloc
                0x00000000c003ff8f                free
                0x00000000c003ff9f                rfree
                0x00000000c003ffaf                calloc
 .text          0x00000000c003ffd9      0x647 core/main.32
                0x00000000c003ffd9                hwTextMode_loadInData(VgaText*)
                0x00000000c004003d                hwTextMode_loadInTitle(VgaText*, char*)
                0x00000000c004009f                hwTextMode_update(VgaText*)
                0x00000000c00400a1                hwTextMode_scrollScreen(VgaText*)
                0x00000000c004019b                hwTextMode_writeCharacter(VgaText*, char, VgaColour, VgaColour, int, int)
                0x00000000c0040222                hwTextMode_updateCursor(VgaText*)
                0x00000000c00402c1                hwTextMode_showCursor(VgaText*, bool)
                0x00000000c0040388                hwTextMode_disableBlink(VgaText*, bool)
                0x00000000c0040437                setupTextMode()
                0x00000000c0040489                kernel_main
 .text          0x00000000c0040620      0x67d core/physmgr.32
                0x00000000c0040620                PhysMem::allocateDMA(unsigned long)
                0x00000000c0040726                PhysMem::freeDMA(unsigned long, unsigned long)
                0x00000000c004078f                PhysMem::setPageState(unsigned long, bool)
                0x00000000c0040816                PhysMem::getPageState(unsigned long)
                0x00000000c0040856                PhysMem::freePage(unsigned long)
                0x00000000c0040909                PhysMem::allocatePage()
                0x00000000c00409fa                PhysMem::allowSegmentToBeUsed(unsigned long, unsigned long)
                0x00000000c0040a4d                PhysMem::physicalMemorySetup(unsigned int)
 *fill*         0x00000000c0040c9d        0x3 
 .text          0x00000000c0040ca0      0x273 core/pipe.32
                0x00000000c0040ca0                Pipe::isAtty()
                0x00000000c0040ca4                Pipe::~Pipe()
                0x00000000c0040ca4                Pipe::~Pipe()
                0x00000000c0040cc8                Pipe::~Pipe()
                0x00000000c0040cf0                Pipe::read(unsigned long long, void*, int*)
                0x00000000c0040de4                Pipe::write(unsigned long long, void*, int*)
                0x00000000c0040eac                Pipe::Pipe(int)
                0x00000000c0040eac                Pipe::Pipe(int)
 *fill*         0x00000000c0040f13        0x1 
 .text          0x00000000c0040f14     0x1859 core/prcssthr.32
                0x00000000c0040f14                changeTSS
                0x00000000c0040f4c                Process::addArgs(char**)
                0x00000000c0041032                Process::Process(char const*, Process*, char**)
                0x00000000c0041032                Process::Process(char const*, Process*, char**)
                0x00000000c00411ea                Process::Process(bool, char const*, Process*, char**)
                0x00000000c00411ea                Process::Process(bool, char const*, Process*, char**)
                0x00000000c004136d                disableIRQs()
                0x00000000c004137b                getIRQNestingLevel()
                0x00000000c0041381                enableIRQs()
                0x00000000c0041398                lockScheduler()
                0x00000000c00413a6                unlockScheduler()
                0x00000000c00413b4                userModeEntryPoint(void*)
                0x00000000c00413df                lockStuff()
                0x00000000c00413f8                taskStartupFunction
                0x00000000c0041403                updateTimeUsed()
                0x00000000c004149c                switchToThread(ThreadControlBlock*)
                0x00000000c0041506                Semaphore::Semaphore(int)
                0x00000000c0041506                Semaphore::Semaphore(int)
                0x00000000c0041534                Mutex::Mutex()
                0x00000000c0041534                Mutex::Mutex()
                0x00000000c0041546                Process::createThread(void (*)(void*), void*, int)
                0x00000000c004175e                Process::createUserThread()
                0x00000000c004177d                setupMultitasking(void (*)())
                0x00000000c00418ec                schedule()
                0x00000000c0041998                unlockStuff()
                0x00000000c00419d2                forkProcess(regs*)
                0x00000000c0041bda                Semaphore::tryAcquire()
                0x00000000c0041c16                Semaphore::assertLocked(char const*)
                0x00000000c0041c46                blockTaskWithSchedulerLockAlreadyHeld(TaskState)
                0x00000000c0041c92                blockTask(TaskState)
                0x00000000c0041cb7                waitTask(int, int*, int)
                0x00000000c0041d14                nanoSleepUntil(unsigned long long)
                0x00000000c0041d82                nanoSleep(unsigned long long)
                0x00000000c0041dbe                sleep(unsigned long long)
                0x00000000c0041dfe                Semaphore::acquire()
                0x00000000c0041e82                execveProcess(char const*, char* const*, char* const*)
                0x00000000c0041f44                taskReturned
                0x00000000c0041f86                unblockTask(ThreadControlBlock*)
                0x00000000c004205b                cleanupTerminatedTask(ThreadControlBlock*)
                0x00000000c0042532                cleanerTaskFunction(void*)
                0x00000000c00425cc                terminateTask(int)
                0x00000000c0042668                Semaphore::release()
 .text          0x00000000c004276d     0x15ba core/syscalls.32
                0x00000000c004276d                sysCallGetPID(regs*)
                0x00000000c004277b                sysCallSeekDir(regs*)
                0x00000000c0042786                sysCallTellDir(regs*)
                0x00000000c0042791                sysCallVerify(regs*)
                0x00000000c00427a1                sysCallGetArgc(regs*)
                0x00000000c00427b3                sysFormatDisk(regs*)
                0x00000000c0042863                sysSetDiskVolumeLabel(regs*)
                0x00000000c00428f5                sysGetDiskVolumeLabel(regs*)
                0x00000000c00429a2                sysShutdown(regs*)
                0x00000000c0042a0f                sysCallWrite(regs*)
                0x00000000c0042aa9                sysCallRead(regs*)
                0x00000000c0042b43                sysCallReadDir(regs*)
                0x00000000c0042bfd                sysCallIsATTY(regs*)
                0x00000000c0042c68                sysCallGetCwd(regs*)
                0x00000000c0042c99                sysCallSetCwd(regs*)
                0x00000000c0042cc1                sysCallRealpath(regs*)
                0x00000000c0042d22                sysCallOpen(regs*)
                0x00000000c0042ed0                sysCallSeek(regs*)
                0x00000000c0042f45                sysCallTell(regs*)
                0x00000000c0042fb4                sysCallSizeFromFilename(regs*)
                0x00000000c004306e                sysCallSize(regs*)
                0x00000000c00430e3                sysCallClose(regs*)
                0x00000000c0043151                sysCallOpenDir(regs*)
                0x00000000c0043204                sysCallMakeDir(regs*)
                0x00000000c004329f                sysCallCloseDir(regs*)
                0x00000000c004330d                sysCallWait(regs*)
                0x00000000c004333a                sysCallFork(regs*)
                0x00000000c0043361                sysCallExecve(regs*)
                0x00000000c00433cc                sysCallRmdir(regs*)
                0x00000000c0043458                sysCallUnlink(regs*)
                0x00000000c00434e4                sysCallGetArgv(regs*)
                0x00000000c004357f                sysCallTTYName(regs*)
                0x00000000c0043638                sysCallGetEnv(regs*)
                0x00000000c00436a4                sysCallUSleep(regs*)
                0x00000000c0043729                sysCallSpawn(regs*)
                0x00000000c00437d4                sysAppSettings(regs*)
                0x00000000c004396e                sysSetFatAttrib(regs*)
                0x00000000c0043a11                sysPanic(regs*)
                0x00000000c0043a45                sysPipe(regs*)
                0x00000000c0043abc                sysGetUnixTime(regs*)
                0x00000000c0043adb                string_ends_with(char const*, char const*)
                0x00000000c0043b36                setupSystemCalls()
                0x00000000c0043ce5                systemCall(regs*, void*)
 *fill*         0x00000000c0043d27        0x1 
 .text          0x00000000c0043d28      0xf53 core/terminal.32
                0x00000000c0043d28                VgaText::isAtty()
                0x00000000c0043d2c                VgaText::~VgaText()
                0x00000000c0043d2c                VgaText::~VgaText()
                0x00000000c0043d50                VgaText::~VgaText()
                0x00000000c0043d7a                VgaText::read(unsigned long long, void*, int*)
                0x00000000c0043d9a                setTerminalScrollLock(bool)
                0x00000000c0043d9b                addToTerminalCycle(VgaText*)
                0x00000000c0043dc8                installVgaTextImplementation()
                0x00000000c0043ddd                scrollTerminalScrollLock(int)
                0x00000000c0043dde                VgaText::load()
                0x00000000c0043e32                VgaText::updateCursor()
                0x00000000c0043e4c                VgaText::showCursor(bool)
                0x00000000c0043e5c                VgaText::disableBlink(bool)
                0x00000000c0043e96                VgaText::doANSI_SGR(int)
                0x00000000c0043f22                VgaText::setDefaultBgColour(VgaColour)
                0x00000000c0043f38                VgaText::setDefaultFgColour(VgaColour)
                0x00000000c0043f4e                VgaText::setDefaultColours(VgaColour, VgaColour)
                0x00000000c0043f6e                VgaText::combineColours(unsigned char, unsigned char)
                0x00000000c0043f80                VgaText::scrollScreen()
                0x00000000c0044014                VgaText::combineCharAndColour(char, unsigned char)
                0x00000000c0044026                VgaText::writeCharacter(char, VgaColour, VgaColour, int, int)
                0x00000000c0044086                VgaText::getCursorX()
                0x00000000c0044092                VgaText::getCursorY()
                0x00000000c004409e                VgaText::setCursor(int, int)
                0x00000000c00440bc                VgaText::setCursorX(int)
                0x00000000c00440d8                VgaText::setCursorY(int)
                0x00000000c00440f4                VgaText::incrementCursor(bool)
                0x00000000c004415c                VgaText::updateRAMUsageDisplay(int)
                0x00000000c00441b6                VgaText::updateDiskUsage()
                0x00000000c0044308                VgaText::updateTitle()
                0x00000000c004434e                VgaText::setTitleTextColour(VgaColour)
                0x00000000c004435e                VgaText::setTitleColour(VgaColour)