Archive member included to satisfy reference by file (symbol)

/cygdrive/d/Users/Alex/Desktop/Toolchain/Output/bin/../lib/gcc/i386-banana/8.1.0/libkgcc.a(_divdi3.o)
                              krnl/resolve.32 (__divdi3)
/cygdrive/d/Users/Alex/Desktop/Toolchain/Output/bin/../lib/gcc/i386-banana/8.1.0/libkgcc.a(_moddi3.o)
                              krnl/resolve.32 (__moddi3)
/cygdrive/d/Users/Alex/Desktop/Toolchain/Output/bin/../lib/gcc/i386-banana/8.1.0/libkgcc.a(_udivdi3.o)
                              hal/clock.32 (__udivdi3)
/cygdrive/d/Users/Alex/Desktop/Toolchain/Output/bin/../lib/gcc/i386-banana/8.1.0/libkgcc.a(_umoddi3.o)
                              core/pipe.32 (__umoddi3)

Allocating common symbols
Common symbol       size              file

dcache              0x40              fs/iso9660/iso9660.32
cdDriveLetter       0x1               fs/iso9660/iso9660.32
icache              0x40              fs/iso9660/iso9660.32

Discarded input sections

 .comment       0x0000000000000000       0x12 /cygdrive/d/Users/Alex/Desktop/Toolchain/Output/bin/../lib/gcc/i386-banana/8.1.0/crtbegin.o
 .comment       0x0000000000000000       0x12 acpica/utclib.32
 .comment       0x0000000000000000       0x12 core/malloc.32
 .comment       0x0000000000000000       0x12 libk/ctype.32
 .comment       0x0000000000000000       0x12 libk/string.32
 .comment       0x0000000000000000       0x12 fs/fat/diskio.32
 .comment       0x0000000000000000       0x12 fs/fat/ff.32
 .comment       0x0000000000000000       0x12 fs/fat/ffsystem.32
 .comment       0x0000000000000000       0x12 fs/fat/ffunicode.32
 .comment       0x0000000000000000       0x12 fs/iso9660/iso9660.32
 .group         0x0000000000000000       0x14 core/computer.32
 .group         0x0000000000000000        0xc core/computer.32
 .comment       0x0000000000000000       0x12 core/computer.32
 .comment       0x0000000000000000       0x12 core/gdt.32
 .group         0x0000000000000000        0xc core/idle.32
 .comment       0x0000000000000000       0x12 core/idle.32
 .comment       0x0000000000000000       0x12 core/idt.32
 .comment       0x0000000000000000       0x12 core/kheap.32
 .comment       0x0000000000000000       0x12 core/main.32
 .comment       0x0000000000000000       0x12 core/physmgr.32
 .group         0x0000000000000000        0xc core/pipe.32
 .comment       0x0000000000000000       0x12 core/pipe.32
 .group         0x0000000000000000        0xc core/terminal.32
 .comment       0x0000000000000000       0x12 core/terminal.32
 .comment       0x0000000000000000       0x12 core/tss.32
 .group         0x0000000000000000        0x8 core/unixfile.32
 .group         0x0000000000000000        0x8 core/unixfile.32
 .group         0x0000000000000000        0xc core/unixfile.32
 .group         0x0000000000000000        0x8 core/unixfile.32
 .group         0x0000000000000000        0xc core/unixfile.32
 .group         0x0000000000000000        0x8 core/unixfile.32
 .group         0x0000000000000000        0xc core/unixfile.32
 .group         0x0000000000000000        0xc core/unixfile.32
 .comment       0x0000000000000000       0x12 core/unixfile.32
 .comment       0x0000000000000000       0x12 core/virtmgr.32
 .comment       0x0000000000000000       0x12 coreobjs/c++.32
 .comment       0x0000000000000000       0x12 dbg/kconsole.32
 .group         0x0000000000000000        0xc fs/vfs.32
 .group         0x0000000000000000        0xc fs/vfs.32
 .group         0x0000000000000000        0xc fs/vfs.32
 .comment       0x0000000000000000       0x12 fs/vfs.32
 .group         0x0000000000000000        0xc hal/bus.32
 .comment       0x0000000000000000       0x12 hal/bus.32
 .comment       0x0000000000000000       0x12 hal/buzzer.32
 .group         0x0000000000000000        0xc hal/clock.32
 .comment       0x0000000000000000       0x12 hal/clock.32
 .group         0x0000000000000000       0x14 hal/device.32
 .group         0x0000000000000000        0xc hal/device.32
 .group         0x0000000000000000        0x8 hal/device.32
 .group         0x0000000000000000        0xc hal/device.32
 .group         0x0000000000000000        0xc hal/device.32
 .comment       0x0000000000000000       0x12 hal/device.32
 .group         0x0000000000000000        0xc hal/diskctrl.32
 .comment       0x0000000000000000       0x12 hal/diskctrl.32
 .group         0x0000000000000000        0xc hal/diskphys.32
 .comment       0x0000000000000000       0x12 hal/diskphys.32
 .comment       0x0000000000000000       0x12 hal/fpu.32
 .comment       0x0000000000000000       0x12 hal/intctrl.32
 .group         0x0000000000000000        0xc hal/keybrd.32
 .comment       0x0000000000000000       0x12 hal/keybrd.32
 .group         0x0000000000000000        0xc hal/logidisk.32
 .comment       0x0000000000000000       0x12 hal/logidisk.32
 .group         0x0000000000000000        0xc hal/mouse.32
 .comment       0x0000000000000000       0x12 hal/mouse.32
[...]
Memory Configuration

Name             Origin             Length             Attributes
*default*        0x0000000000000000 0xffffffffffffffff

Linker script and memory map

LOAD D:/Users/Alex/Desktop/Banana/kernel/boot.32
LOAD crti.32
LOAD /cygdrive/d/Users/Alex/Desktop/Toolchain/Output/bin/../lib/gcc/i386-banana/8.1.0/crtbegin.o
LOAD D:/Users/Alex/Desktop/Banana/kernel/morenasm.32
LOAD acpica/utclib.32
LOAD core/malloc.32
LOAD libk/ctype.32
LOAD libk/string.32
LOAD fs/fat/diskio.32
LOAD fs/fat/ff.32
LOAD fs/fat/ffsystem.32
LOAD fs/fat/ffunicode.32
LOAD fs/iso9660/iso9660.32
LOAD core/computer.32
LOAD core/gdt.32
LOAD core/idle.32
LOAD core/idt.32
LOAD core/kheap.32
LOAD core/main.32
LOAD core/physmgr.32
LOAD core/pipe.32
LOAD core/terminal.32
LOAD core/tss.32
LOAD core/unixfile.32
LOAD core/virtmgr.32
LOAD coreobjs/c++.32
LOAD dbg/kconsole.32
LOAD fs/vfs.32
LOAD hal/bus.32
LOAD hal/buzzer.32
LOAD hal/clock.32
LOAD hal/device.32
LOAD hal/diskctrl.32
LOAD hal/diskphys.32
LOAD hal/fpu.32
LOAD hal/intctrl.32
LOAD hal/keybrd.32
LOAD hal/logidisk.32
LOAD hal/mouse.32
LOAD hal/partition.32
LOAD hal/serial.32
LOAD hal/timer.32
LOAD hal/vcache.32
LOAD hal/video.32
LOAD hw/acpi.32
LOAD hw/cpu.32
LOAD krnl/bootmsg.32
LOAD krnl/env.32
LOAD krnl/inlines.32
LOAD krnl/panic.32
LOAD krnl/powctrl.32
LOAD krnl/resolve.32
LOAD krnl/syscalls.32
LOAD reg/registry.32
LOAD sys/eject.32
LOAD sys/exit.32
LOAD sys/getcwd.32
LOAD sys/getpid.32
LOAD sys/getramdata.32
LOAD sys/getvgaptr.32
LOAD sys/loaddll.32
LOAD sys/read.32
LOAD sys/sbrk.32
LOAD sys/setcwd.32
LOAD sys/settime.32
LOAD sys/timezone.32
LOAD sys/write.32
LOAD sys/wsbe.32
LOAD sys/yield.32
LOAD thr/elf.32
LOAD thr/prcssthr.32
LOAD vm86/vm8086.32
LOAD arch/i386/hal.32
LOAD arch/i386/pic.32
LOAD arch/i386/rtc.32
LOAD arch/i386/vga.32
LOAD fs/fat/vfslink.32
LOAD fs/iso9660/helper.32
LOAD fs/iso9660/vfslink.32
LOAD hal/sound/sndcard.32
LOAD hal/sound/sndport.32
LOAD hw/bus/isa.32
LOAD hw/bus/pci.32
LOAD hw/diskctrl/ide.32
LOAD hw/diskctrl/satabus.32
LOAD hw/diskphys/ata.32
LOAD hw/diskphys/atapi.32
LOAD hw/diskphys/sata.32
LOAD hw/diskphys/satapi.32
LOAD hw/intctrl/apic.32
LOAD hw/timer/apictimer.32
LOAD hw/timer/pit.32
LOAD arch/i386/avx.32
LOAD arch/i386/interrupt.32
LOAD arch/i386/rdrand.32
LOAD arch/i386/sse.32
LOAD arch/i386/x87.32
LOAD /cygdrive/d/Users/Alex/Desktop/Toolchain/Output/bin/../lib/gcc/i386-banana/8.1.0/crtend.o
LOAD crtn.32
LOAD /cygdrive/d/Users/Alex/Desktop/Toolchain/Output/bin/../lib/gcc/i386-banana/8.1.0/libkgcc.a
LOAD D:/Users/Alex/Desktop/Banana/kernel/libsoftfp.a
LOAD D:/Users/Alex/Desktop/Banana/kernel/libk/libm32.a
                0x00000000c0000000                . = 0xc0000000

.text           0x00000000c0000000    0x1c44a
 *(.text)
 .text          0x00000000c0000000       0x20 D:/Users/Alex/Desktop/Banana/kernel/boot.32
 .text          0x00000000c0000020        0x0 crti.32
 .text          0x00000000c0000020      0x101 /cygdrive/d/Users/Alex/Desktop/Toolchain/Output/bin/../lib/gcc/i386-banana/8.1.0/crtbegin.o
 *fill*         0x00000000c0000121        0xf 
 .text          0x00000000c0000130      0x252 D:/Users/Alex/Desktop/Banana/kernel/morenasm.32
                0x00000000c0000130                manualPCIProbe
                0x00000000c000017b                prepareTramp
                0x00000000c0000194                doTPAUSE
                0x00000000c000019e                hasLegacyFPU
                0x00000000c00001c3                is486
                0x00000000c00001f9                detectCPUID
                0x00000000c000020f                goToVM86
                0x00000000c000023f                goToUsermode
                0x00000000c0000269                switchToThreadASMFirstTime
                0x00000000c0000277                switchToThreadASM
                0x00000000c00002ff                asmQuickAcquireLock
                0x00000000c000031d                asmQuickReleaseLock
                0x00000000c0000329                asmAcquireLock
                0x00000000c000034a                asmReleaseLock
                0x00000000c000035d                loadGDT
                0x00000000c000037d                memcpy
 *fill*         0x00000000c0000382        0xe 
 .text          0x00000000c0000390      0x79e acpica/utclib.32
                0x00000000c0000390                memcmp
                0x00000000c00003e0                memmove
                0x00000000c00004d0                memset
                0x00000000c0000540                strlen
                0x00000000c0000570                strpbrk
                0x00000000c00005b0                strtok
                0x00000000c0000600                strcpy
                0x00000000c0000630                strncpy
                0x00000000c00006e0                strcmp
                0x00000000c0000730                strchr
                0x00000000c0000760                strncmp
                0x00000000c00007c0                strcat
                0x00000000c00007f0                strncat
                0x00000000c0000850                strstr
                0x00000000c00008b0                toupper
                0x00000000c00008d0                tolower
                0x00000000c00008f0                simple_strtoul
 .text          0x00000000c0000b2e      0xfad core/malloc.32
                0x00000000c0000c99                dlfree
                0x00000000c0000ff4                dlmalloc
                0x00000000c0001531                dlrealloc
                0x00000000c00016d4                dlmemalign
                0x00000000c00017f7                dlcalloc
                0x00000000c0001891                dlcfree
                0x00000000c0001896                dlindependent_calloc
                0x00000000c00018bb                dlindependent_comalloc
                0x00000000c00018d2                dlvalloc
                0x00000000c00018fd                dlpvalloc
                0x00000000c0001933                dlmalloc_trim
                0x00000000c0001940                dlmalloc_usable_size
                0x00000000c0001971                dlmallinfo
                0x00000000c0001a40                dlmalloc_stats
                0x00000000c0001a51                dlmallopt
 *fill*         0x00000000c0001adb        0x1 
 .text          0x00000000c0001adc      0x1f2 libk/ctype.32
                0x00000000c0001adc                isblank
                0x00000000c0001afc                iscntrl
                0x00000000c0001b1c                isdigit
                0x00000000c0001b38                islower
                0x00000000c0001b54                isspace
                0x00000000c0001b7c                isupper
                0x00000000c0001b98                isalpha
                0x00000000c0001bc8                isalnum
                0x00000000c0001bf8                ispunct
                0x00000000c0001c38                isgraph
                0x00000000c0001c68                isprint
                0x00000000c0001c90                isxdigit
 .text          0x00000000c0001cce        0x0 libk/string.32
 .text          0x00000000c0001cce       0x51 fs/fat/diskio.32
                0x00000000c0001cce                disk_status
                0x00000000c0001cd1                disk_initialize
                0x00000000c0001cd4                disk_read
                0x00000000c0001cea                disk_write
                0x00000000c0001d00                disk_ioctl
 .text          0x00000000c0001d1f     0x3d4b fs/fat/ff.32
                0x00000000c0003abb                f_mount
                0x00000000c0003b1d                f_open
                0x00000000c0003de8                f_read
                0x00000000c0003fe7                f_write
                0x00000000c000421b                f_sync
                0x00000000c00042d0                f_close
                0x00000000c00042ff                f_lseek
                0x00000000c00044a6                f_opendir
                0x00000000c0004571                f_closedir
                0x00000000c0004593                f_readdir
                0x00000000c0004625                f_stat
                0x00000000c00046a4                f_getfree
                0x00000000c00047a6                f_truncate
                0x00000000c000488a                f_unlink
                0x00000000c00049ac                f_mkdir
                0x00000000c0004b47                f_rename
                0x00000000c0004cfd                f_chmod
                0x00000000c0004da6                f_utime
                0x00000000c0004e54                f_getlabel
                0x00000000c0004fa5                f_setlabel
                0x00000000c0005135                f_expand
                0x00000000c0005295                f_mkfs
 *fill*         0x00000000c0005a6a        0x2 
 .text          0x00000000c0005a6c       0x2f fs/fat/ffsystem.32
                0x00000000c0005a6c                ff_memalloc
                0x00000000c0005a84                ff_memfree
 *fill*         0x00000000c0005a9b        0x1 
 .text          0x00000000c0005a9c      0x2a8 fs/fat/ffunicode.32
                0x00000000c0005a9c                ff_uni2oem
                0x00000000c0005b3c                ff_oem2uni
                0x00000000c0005bb4                ff_wtoupper
 .text          0x00000000c0005d44     0x1145 fs/iso9660/iso9660.32
                0x00000000c0006044                isoReadDiscSector
                0x00000000c0006125                strnicmp
                0x00000000c0006488                stricmp
                0x00000000c00064e2                iso_open
                0x00000000c00065c2                iso_close
                0x00000000c00065e2                iso_read
                0x00000000c00067e0                iso_seek
                0x00000000c00068be                iso_tell
                0x00000000c000691b                iso_total
                0x00000000c0006964                fn_postprocess
                0x00000000c0006998                iso_readdir
                0x00000000c0006c62                iso_reset
                0x00000000c0006c72                init_percd
                0x00000000c0006d77                iso_ioctl
                0x00000000c0006d82                fs_iso9660_init
                0x00000000c0006e11                fs_iso9660_shutdown
 *fill*         0x00000000c0006e89        0x1 
 .text          0x00000000c0006e8a      0x68b core/computer.32
                0x00000000c0006e8a                Computer::close(int, int, void*)
                0x00000000c0006ecf                Krnl::firstTask()
                0x00000000c0007008                Computer::Computer()
                0x00000000c0007008                Computer::Computer()
                0x00000000c00070ba                Computer::setBootMessage(char const*)
                0x00000000c00070bc                Computer::detectFeatures()
                0x00000000c00072c6                Computer::displayFeatures()
                0x00000000c00072c8                Computer::rdmsr(unsigned int)
                0x00000000c00072f4                Computer::wrmsr(unsigned int, unsigned long long)
                0x00000000c000732c                Computer::shutdown()
                0x00000000c0007344                Computer::restart()
                0x00000000c000735c                Computer::sleep()
                0x00000000c0007370                Computer::nmiEnabled()
                0x00000000c000737c                Computer::readCMOS(unsigned char)
                0x00000000c0007396                Computer::enableNMI(bool)
                0x00000000c00073ae                Computer::open(int, int, void*)
                0x00000000c0007482                Computer::disableNMI()
                0x00000000c0007492                Computer::writeCMOS(unsigned char, unsigned char)
                0x00000000c00074b0                Computer::handleNMI()
 *fill*         0x00000000c0007515        0x1 
 .text          0x00000000c0007516      0x1cf core/gdt.32
                0x00000000c0007516                GDTEntry::setBase(unsigned int)
                0x00000000c0007532                GDTEntry::setLimit(unsigned int)
                0x00000000c0007550                GDT::GDT()
                0x00000000c0007550                GDT::GDT()
                0x00000000c0007566                GDT::addEntry(GDTEntry)
                0x00000000c0007588                GDT::getNumberOfEntries()
                0x00000000c0007590                GDT::flush()
                0x00000000c00075b2                GDT::setup()
 .text          0x00000000c00076e5       0x1d core/idle.32
                0x00000000c00076e5                idleFunction(void*)
 *fill*         0x00000000c0007702        0x2 
 .text          0x00000000c0007704      0x464 core/idt.32
                0x00000000c0007704                IDTEntry::IDTEntry(bool)
                0x00000000c0007704                IDTEntry::IDTEntry(bool)
                0x00000000c0007776                IDTEntry::setOffset(unsigned int)
                0x00000000c000778c                IDT::IDT()
                0x00000000c000778c                IDT::IDT()
                0x00000000c000778e                IDT::getPointerToInvalidOpcodeEntryForF00F()
                0x00000000c0007796                IDT::addEntry(IDTEntry, int)
                0x00000000c00077b0                IDT::addEntry(int, void (*)(), bool)
                0x00000000c00077e8                IDT::flush()
                0x00000000c0007802                IDT::setup()
 .text          0x00000000c0007b68      0x183 core/kheap.32
                0x00000000c0007b68                sbrk
                0x00000000c0007bfd                mmap
                0x00000000c0007c13                munmap
                0x00000000c0007c29                liballoc_lock()
                0x00000000c0007c36                liballoc_unlock()
                0x00000000c0007c4a                liballoc_alloc(int)
                0x00000000c0007c62                liballoc_free(void*, int)
                0x00000000c0007c7d                realloc
                0x00000000c0007c91                malloc
                0x00000000c0007ca1                free
                0x00000000c0007cb1                rfree
                0x00000000c0007cc1                calloc
 .text          0x00000000c0007ceb       0xc3 core/main.32
                0x00000000c0007ceb                KeEntryPoint
 .text          0x00000000c0007dae      0x5dc core/physmgr.32
                0x00000000c0007dae                Phys::allocateDMA(unsigned long)
                0x00000000c0007e85                Phys::freeDMA(unsigned long, unsigned long)
                0x00000000c0007eb8                Phys::setPageState(unsigned long, bool)
                0x00000000c0007eea                Phys::getPageState(unsigned long)
                0x00000000c0007f0b                Phys::freePage(unsigned long)
                0x00000000c0007f6d                Phys::allocatePage()
                0x00000000c000802b                Phys::allocateContiguousPages(int)
                0x00000000c0008087                Phys::allowSegmentToBeUsed(unsigned long, unsigned long)
                0x00000000c00080bf                Phys::physicalMemorySetup(unsigned int)
 .text          0x00000000c000838a      0x273 core/pipe.32
                0x00000000c000838a                Pipe::isAtty()
                0x00000000c000838e                Pipe::~Pipe()
                0x00000000c000838e                Pipe::~Pipe()
                0x00000000c00083b2                Pipe::~Pipe()
                0x00000000c00083da                Pipe::write(unsigned long long, void*, int*)
                0x00000000c000849a                Pipe::read(unsigned long long, void*, int*)
                0x00000000c0008596                Pipe::Pipe(int)
                0x00000000c0008596                Pipe::Pipe(int)
 *fill*         0x00000000c00085fd        0x1 
 .text          0x00000000c00085fe      0xa1e core/terminal.32
                0x00000000c00085fe                VgaText::isAtty()
                0x00000000c0008602                VgaText::~VgaText()
                0x00000000c0008602                VgaText::~VgaText()
                0x00000000c0008626                VgaText::~VgaText()
                0x00000000c0008650                VgaText::read(unsigned long long, void*, int*)
                0x00000000c0008670                setTerminalScrollLock(bool)
                0x00000000c0008671                doTerminalCycle()
                0x00000000c0008672                addToTerminalCycle(VgaText*)
                0x00000000c0008673                scrollTerminalScrollLock(int)
                0x00000000c0008674                VgaText::updateTitle()
                0x00000000c0008676                VgaText::load()
                0x00000000c0008678                VgaText::updateCursor()
                0x00000000c000868e                VgaText::doANSI_SGR(int)
                0x00000000c0008702                VgaText::setDefaultBgColour(VgaColour)
                0x00000000c0008712                VgaText::setDefaultFgColour(VgaColour)
                0x00000000c0008722                VgaText::setDefaultColours(VgaColour, VgaColour)
                0x00000000c0008742                VgaText::setTitleTextColour(VgaColour)
                0x00000000c000874e                VgaText::setTitleColour(VgaColour)
                0x00000000c000875a                VgaText::setTitle(char*)
                0x00000000c000875c                VgaText::combineColours(unsigned char, unsigned char)
                0x00000000c000876e                VgaText::scrollScreen()
                0x00000000c0008806                VgaText::combineCharAndColour(char, unsigned char)
                0x00000000c0008818                VgaText::writeCharacter(char, VgaColour, VgaColour, int, int)
                0x00000000c00088a8                VgaText::getCursorX()
                0x00000000c00088b0                VgaText::getCursorY()
                0x00000000c00088b8                VgaText::setCursor(int, int)
                0x00000000c00088cf                setActiveTerminal(VgaText*)
                0x00000000c000891a                VgaText::clearScreen()
                0x00000000c0008968                VgaText::setCursorX(int)
                0x00000000c0008980                VgaText::setCursorY(int)
                0x00000000c0008998                VgaText::incrementCursor(bool)
                0x00000000c00089ec                VgaText::decrementCursor(bool)
                0x00000000c0008a0e                VgaText::putchar(char, VgaColour, VgaColour)
                0x00000000c0008adc                VgaText::putchar(char)
                0x00000000c0008bc8                VgaText::putx(unsigned int)
                0x00000000c0008c0e                VgaText::puts(char const*)
                0x00000000c0008c34                VgaText::write(unsigned long long, void*, int*)
                0x00000000c0008c80                VgaText::puts(char const*, VgaColour, VgaColour)
                0x00000000c0008dd2                VgaText::VgaText(char const*)
                0x00000000c0008dd2                VgaText::VgaText(char const*)
                0x00000000c0008f1e                VgaText::receiveKey(unsigned char)
                0x00000000c0008ff6                VgaText::doUpdate()
                0x00000000c0008ff7                newTerminal(char*)
 .text          0x00000000c000901c      0x1a1 core/tss.32
                0x00000000c000901c                TSS::TSS()
                0x00000000c000901c                TSS::TSS()
                0x00000000c000902c                TSS::setESP(unsigned long)
                0x00000000c0009040                TSS::flush()
                0x00000000c0009060                TSS::setup(unsigned long, unsigned long)
 *fill*         0x00000000c00091bd        0x1 
 .text          0x00000000c00091be      0x4c2 core/unixfile.32
                0x00000000c00091be                ReservedFilename::read(unsigned long long, void*, int*)
                0x00000000c0009214                ReservedFilename::isAtty()
                0x00000000c0009230                ReservedFilename::write(unsigned long long, void*, int*)
                0x00000000c000928e                UnixFile::getFileDescriptor()
                0x00000000c0009296                UnixFile::UnixFile(int)
                0x00000000c0009296                UnixFile::UnixFile(int)
                0x00000000c0009446                ReservedFilename::ReservedFilename(int)
                0x00000000c0009446                ReservedFilename::ReservedFilename(int)
                0x00000000c0009478                UnixFile::~UnixFile()
                0x00000000c0009478                UnixFile::~UnixFile()
                0x00000000c0009510                UnixFile::~UnixFile()
                0x00000000c0009538                ReservedFilename::~ReservedFilename()
                0x00000000c0009538                ReservedFilename::~ReservedFilename()
                0x00000000c000955c                ReservedFilename::~ReservedFilename()
                0x00000000c0009583                getFromFileDescriptor(int)
 .text          0x00000000c0009680     0x1166 core/virtmgr.32
                0x00000000c0009680                Virt::setPageState(unsigned long, Virt::VirtPageState)
                0x00000000c00096b5                Virt::getPageState(unsigned long)
                0x00000000c00096d9                Virt::allocateKernelVirtualPages(int)
                0x00000000c00097ea                Virt::freeSwapfilePage(unsigned long)
                0x00000000c0009808                Virt::swapIDToSector(unsigned long)
                0x00000000c000981a                Virt::allocateSwapfilePage()
                0x00000000c0009898                Virt::virtualMemorySetup()
                0x00000000c00098e3                Virt::setupPageSwapping(int)
                0x00000000c0009954                VAS::VAS()
                0x00000000c0009954                VAS::VAS()
                0x00000000c0009990                VAS::VAS(VAS*)
                0x00000000c0009990                VAS::VAS(VAS*)
                0x00000000c00099be                VAS::getForeignPageTableEntry(bool, unsigned long)
                0x00000000c00099ea                VAS::getPageTableEntry(unsigned long)
                0x00000000c0009a09                Virt::freeKernelVirtualPages(unsigned long)
                0x00000000c0009b2e                VAS::freeAllocatedPages(unsigned long)
                0x00000000c0009b52                VAS::virtualToPhysical(unsigned long)
                0x00000000c0009b6c                VAS::reflagRange(unsigned long, int, int, int)
                0x00000000c0009bac                VAS::setToWriteCombining(unsigned long, int)
                0x00000000c0009be0                VAS::mapOtherVASIn(bool, VAS*)
                0x00000000c0009c0a                VAS::~VAS()
                0x00000000c0009c0a                VAS::~VAS()
                0x00000000c0009d6e                VAS::mapPage(unsigned long, unsigned long, int)
                0x00000000c0009e72                VAS::allocatePages(int, int)
                0x00000000c000a04a                VAS::setCPUSpecific(unsigned long)
                0x00000000c000a068                VAS::mapRange(unsigned long, unsigned long, int, int)
                0x00000000c000a12e                VAS::mapForeignPage(bool, VAS*, unsigned long, unsigned long, int)
                0x00000000c000a21c                VAS::VAS(bool)
                0x00000000c000a21c                VAS::VAS(bool)
                0x00000000c000a49c                VAS::evict(unsigned long)
                0x00000000c000a55e                VAS::tryLoadBackOffDisk(unsigned long)
                0x00000000c000a64c                VAS::scanForEviction()
                0x00000000c000a72c                mapVASFirstTime
 .text          0x00000000c000a7e6       0x5f coreobjs/c++.32
                0x00000000c000a7e6                __cxa_atexit
                0x00000000c000a7e9                __cxa_finalize
                0x00000000c000a7ea                __stack_chk_fail
                0x00000000c000a820                __cxa_pure_virtual
                0x00000000c000a831                operator new[](unsigned long)
                0x00000000c000a836                operator delete(void*, unsigned long)
                0x00000000c000a83b                operator delete[](void*)
                0x00000000c000a840                operator delete[](void*, unsigned long)
 .text          0x00000000c000a845      0x21c dbg/kconsole.32
                0x00000000c000a845                Dbg::stringifyxWithBase(unsigned int, char*, int)
                0x00000000c000a8b0                Dbg::logc(char)
                0x00000000c000a8d0                Dbg::logs(char*)
                0x00000000c000a8ed                Dbg::logWriteInt(unsigned int)
                0x00000000c000a90b                Dbg::logWriteIntBase(unsigned int, int)
                0x00000000c000a92c                Dbg::kprintf(char const*, ...)
 *fill*         0x00000000c000aa61        0x1 
 .text          0x00000000c000aa62      0xc5c fs/vfs.32
                0x00000000c000aa62                File::read(unsigned long long, void*, int*)
                0x00000000c000aaba                File::write(unsigned long long, void*, int*)
                0x00000000c000ab12                Directory::read(unsigned long long, void*, int*)
                0x00000000c000ab6a                Directory::write(unsigned long long, void*, int*)
                0x00000000c000ab98                File::isAtty()
                0x00000000c000ab9c                Directory::isAtty()
                0x00000000c000aba0                Filesystem::getlabel(LogicalDisk*, int, char*, unsigned int*)
                0x00000000c000aba6                Filesystem::setlabel(LogicalDisk*, int, char*)
                0x00000000c000abac                Filesystem::allocateSwapfile(char const*, int)
                0x00000000c000abb2                File::~File()
                0x00000000c000abb2                File::~File()
                0x00000000c000abd6                File::~File()
                0x00000000c000ac00                Directory::~Directory()
                0x00000000c000ac00                Directory::~Directory()
                0x00000000c000ac24                Directory::~Directory()
                0x00000000c000ac4e                Filesystem::Filesystem()
                0x00000000c000ac4e                Filesystem::Filesystem()
                0x00000000c000ac72                Filesystem::~Filesystem()
                0x00000000c000ac72                Filesystem::~Filesystem()
                0x00000000c000ac80                Filesystem::~Filesystem()
                0x00000000c000aca4                Fs::getcwd(Process*, char*, int)
                0x00000000c000acce                Fs::initVFS()
                0x00000000c000acf8                Fs::standardiseFiles(char*, char const*, char const*)
                0x00000000c000aea2                File::File(char const*, Process*)
                0x00000000c000aea2                File::File(char const*, Process*)
                0x00000000c000af62                File::open(FileOpenMode)
                0x00000000c000afc0                File::close()
                0x00000000c000b020                File::seek(unsigned long long)
                0x00000000c000b076                File::tell(unsigned long long*)
                0x00000000c000b0c6                File::rewind()
                0x00000000c000b0da                File::unlink()
                0x00000000c000b126                File::rename(char const*)
                0x00000000c000b174                File::chfatattr(unsigned char, unsigned char)
                0x00000000c000b1d0                File::exists()
                0x00000000c000b20e                File::stat(unsigned long long*, bool*)
                0x00000000c000b26f                Fs::setcwd(Process*, char*)
                0x00000000c000b3cc                Directory::Directory(char const*, Process*)
                0x00000000c000b3cc                Directory::Directory(char const*, Process*)
                0x00000000c000b48c                Directory::open()
                0x00000000c000b4e8                Directory::close()
                0x00000000c000b548                Directory::unlink()
                0x00000000c000b594                Directory::rename(char const*)
                0x00000000c000b5e2                Directory::exists()
                0x00000000c000b620                Directory::read(dirent*)
                0x00000000c000b66c                Directory::create()
                0x00000000c000b6b8                Filesystem::chfatattr(char const*, unsigned char, unsigned char)
 *fill*         0x00000000c000b6be        0x2 
 .text          0x00000000c000b6c0       0x86 hal/bus.32
                0x00000000c000b6c0                Bus::Bus(char const*)
                0x00000000c000b6c0                Bus::Bus(char const*)
                0x00000000c000b6f8                Bus::~Bus()
                0x00000000c000b6f8                Bus::~Bus()
                0x00000000c000b71c                Bus::~Bus()
 .text          0x00000000c000b746       0x96 hal/buzzer.32
                0x00000000c000b746                beepThread(void*)
                0x00000000c000b783                Krnl::beep(int, int, bool)
 .text          0x00000000c000b7dc      0x46d hal/clock.32
                0x00000000c000b7dc                User::loadClockSettings(int)
                0x00000000c000b82e                Clock::Clock(char const*)
                0x00000000c000b82e                Clock::Clock(char const*)
                0x00000000c000b864                Clock::~Clock()
                0x00000000c000b864                Clock::~Clock()
                0x00000000c000b888                Clock::~Clock()
                0x00000000c000b8b2                Clock::timeInSecondsLocal()
                0x00000000c000b8fa                Clock::setTimeInSecondsLocal(unsigned long long)
                0x00000000c000b953                datetimeToSeconds(datetime_t)
                0x00000000c000ba80                Clock::setTimeInDatetimeLocal(datetime_t)
                0x00000000c000bae0                secondsToDatetime(unsigned long long)
                0x00000000c000bc24                Clock::timeInDatetimeLocal()
 *fill*         0x00000000c000bc49        0x1 
 .text          0x00000000c000bc4a      0x464 hal/device.32
                0x00000000c000bc4a                Device::hibernate()
                0x00000000c000bc4c                Device::wake()
                0x00000000c000bc4e                Device::detect()
                0x00000000c000bc50                Device::disableLegacy()
                0x00000000c000bc52                Device::powerSaving(PowerSavingLevel)
                0x00000000c000bc54                DriverlessDevice::close(int, int, void*)
                0x00000000c000bc58                DriverlessDevice::detect()
                0x00000000c000bc5a                DriverlessDevice::open(int, int, void*)
                0x00000000c000bc6e                Device::~Device()
                0x00000000c000bc6e                Device::~Device()
                0x00000000c000bc7c                Device::~Device()
                0x00000000c000bca4                Device::findAndLoadDriver()
                0x00000000c000bcb2                Device::preOpenPCI(PCIDeviceInfo)
                0x00000000c000bcd8                Device::preOpenACPI(void*, char*, char*)
                0x00000000c000bd18                Device::addIRQHandler(int, void (*)(regs*, void*), bool, void*)
                0x00000000c000bd42                Device::getParent()
                0x00000000c000bd4e                Device::removeIRQHandler(int, void (*)(regs*, void*), bool)
                0x00000000c000bd6c                Device::addChild(Device*)
                0x00000000c000bdb0                Device::removeAllChildren()
                0x00000000c000bdf6                Device::hibernateAll()
                0x00000000c000be26                Device::wakeAll()
                0x00000000c000be56                Device::detectAll()
                0x00000000c000be86                Device::disableLegacyAll()
                0x00000000c000be88                Device::loadDriversForAll()
                0x00000000c000be8a                Device::closeAll()
                0x00000000c000bec0                Device::powerSavingAll(PowerSavingLevel)
                0x00000000c000bef6                Device::setName(char const*)
                0x00000000c000bf04                Device::Device(char const*)
                0x00000000c000bf04                Device::Device(char const*)
                0x00000000c000c000                Device::getName()
                0x00000000c000c00a                DriverlessDevice::DriverlessDevice(char const*)
                0x00000000c000c00a                DriverlessDevice::DriverlessDevice(char const*)
                0x00000000c000c040                Device::addToLinkedList(LinkedList<Device>&, DeviceType)
                0x00000000c000c084                getDevicesOfType(DeviceType)
 *fill*         0x00000000c000c0ae        0x2 
 .text          0x00000000c000c0b0       0x86 hal/diskctrl.32
                0x00000000c000c0b0                HardDiskController::HardDiskController(char const*)
                0x00000000c000c0b0                HardDiskController::HardDiskController(char const*)
                0x00000000c000c0e8                HardDiskController::~HardDiskController()
                0x00000000c000c0e8                HardDiskController::~HardDiskController()
                0x00000000c000c10c                HardDiskController::~HardDiskController()
 .text          0x00000000c000c136       0xe2 hal/diskphys.32
                0x00000000c000c136                PhysicalDisk::eject()
                0x00000000c000c13a                PhysicalDisk::PhysicalDisk(char const*, int)
                0x00000000c000c13a                PhysicalDisk::PhysicalDisk(char const*, int)
                0x00000000c000c1a2                PhysicalDisk::startCache()
                0x00000000c000c1ca                PhysicalDisk::~PhysicalDisk()
                0x00000000c000c1ca                PhysicalDisk::~PhysicalDisk()
                0x00000000c000c1ee                PhysicalDisk::~PhysicalDisk()
 .text          0x00000000c000c218        0x0 hal/fpu.32
 .text          0x00000000c000c218      0x35d hal/intctrl.32
                0x00000000c000c218                int_handler
                0x00000000c000c2a0                installISRHandler(int, void (*)(regs*, void*), void*)
                0x00000000c000c2e8                installIRQHandler(int, void (*)(regs*, void*), bool, void*)
                0x00000000c000c420                uninstallISRHandler(int, void (*)(regs*, void*))
                0x00000000c000c454                uninstallIRQHandler(int, void (*)(regs*, void*), bool)
                0x00000000c000c4d3                setupINTS()
                0x00000000c000c530                convertLegacyIRQNumber(int)
 *fill*         0x00000000c000c575        0x1 
 .text          0x00000000c000c576      0x78c hal/keybrd.32
                0x00000000c000c576                startGUI(void*)
                0x00000000c000c5e2                startGUIVESA(void*)
                0x00000000c000c64e                sendKeyToTerminal(unsigned char)
                0x00000000c000c711                sendKeyboardToken(KeyboardToken)
                0x00000000c000cb51                clearInternalKeybuffer(VgaText*)
                0x00000000c000cb86                readKeyboard(VgaText*, char*, unsigned long)
                0x00000000c000cc78                Keyboard::Keyboard(char const*)
                0x00000000c000cc78                Keyboard::Keyboard(char const*)
                0x00000000c000ccb4                Keyboard::~Keyboard()
                0x00000000c000ccb4                Keyboard::~Keyboard()
                0x00000000c000ccd8                Keyboard::~Keyboard()
 .text          0x00000000c000cd02      0x3ea hal/logidisk.32
                0x00000000c000cd02                LogicalDisk::close(int, int, void*)
                0x00000000c000cd06                LogicalDisk::~LogicalDisk()
                0x00000000c000cd06                LogicalDisk::~LogicalDisk()
                0x00000000c000cd2a                LogicalDisk::~LogicalDisk()
                0x00000000c000cd54                LogicalDisk::open(int, int, void*)
                0x00000000c000cd68                LogicalDisk::absoluteToRelative(unsigned long long)
                0x00000000c000cda0                LogicalDisk::relativeToAbsolute(unsigned long long)
                0x00000000c000cde6                LogicalDisk::LogicalDisk(char const*, PhysicalDisk*, unsigned long long, unsigned long long)
                0x00000000c000cde6                LogicalDisk::LogicalDisk(char const*, PhysicalDisk*, unsigned long long, unsigned long long)
                0x00000000c000ce9c                LogicalDisk::assignDriveLetter()
                0x00000000c000cf52                LogicalDisk::mount()
                0x00000000c000cf9a                LogicalDisk::unmount()
                0x00000000c000cfaa                LogicalDisk::eject()
                0x00000000c000cfbe                LogicalDisk::unassignDriveLetter()
                0x00000000c000d014                LogicalDisk::read(unsigned long long, int, void*)
                0x00000000c000d080                LogicalDisk::write(unsigned long long, int, void*)
 .text          0x00000000c000d0ec       0x86 hal/mouse.32
                0x00000000c000d0ec                Mouse::Mouse(char const*)
                0x00000000c000d0ec                Mouse::Mouse(char const*)
                0x00000000c000d124                Mouse::~Mouse()
                0x00000000c000d124                Mouse::~Mouse()
                0x00000000c000d148                Mouse::~Mouse()
 .text          0x00000000c000d172      0x339 hal/partition.32
                0x00000000c000d172                makePartition(PhysicalDisk*, unsigned long long, unsigned long long)
                0x00000000c000d21a                createPartitionsForDisk(PhysicalDisk*)
 *fill*         0x00000000c000d4ab        0x1 
 .text          0x00000000c000d4ac       0x86 hal/serial.32
                0x00000000c000d4ac                Serial::Serial(char const*)
                0x00000000c000d4ac                Serial::Serial(char const*)
                0x00000000c000d4e4                Serial::~Serial()
                0x00000000c000d4e4                Serial::~Serial()
                0x00000000c000d508                Serial::~Serial()
 *fill*         0x00000000c000d532        0x2 
 .text          0x00000000c000d534      0x234 hal/timer.32
                0x00000000c000d534                Timer::Timer(char const*)
                0x00000000c000d534                Timer::Timer(char const*)
                0x00000000c000d56c                Timer::~Timer()
                0x00000000c000d56c                Timer::~Timer()
                0x00000000c000d590                Timer::~Timer()
                0x00000000c000d5ba                Timer::read()
                0x00000000c000d5c5                setupTimer(int)
                0x00000000c000d600                timerHandler(unsigned int)
 .text          0x00000000c000d768      0x3ee hal/vcache.32
                0x00000000c000d768                VCache::VCache(PhysicalDisk*)
                0x00000000c000d768                VCache::VCache(PhysicalDisk*)
                0x00000000c000d8d0                VCache::invalidateReadBuffer()
                0x00000000c000d8e0                VCache::writeWriteBuffer()
                0x00000000c000d92c                VCache::~VCache()
                0x00000000c000d92c                VCache::~VCache()
                0x00000000c000d980                VCache::~VCache()
                0x00000000c000d9a8                VCache::write(unsigned long long, int, void*)
                0x00000000c000dabe                VCache::read(unsigned long long, int, void*)
 .text          0x00000000c000db56      0x4b3 hal/video.32
                0x00000000c000db56                Video::putrect(int, int, int, int, unsigned int)
                0x00000000c000dba2                Video::bitblit(int, int, int, int, int, int, int, unsigned int*)
                0x00000000c000dc12                Video::blit(unsigned int*, int, int, int, int)
                0x00000000c000dc90                Video::clearScreen(unsigned int)
                0x00000000c000dcc4                Video::putpixel(int, int, unsigned int)
                0x00000000c000dcd2                Video::Video(char const*)
                0x00000000c000dcd2                Video::Video(char const*)
                0x00000000c000dd08                Video::~Video()
                0x00000000c000dd08                Video::~Video()
                0x00000000c000dd2c                Video::~Video()
                0x00000000c000dd56                Video::isMonochrome()
                0x00000000c000dd62                Video::getWidth()
                0x00000000c000dd6e                Video::getHeight()
                0x00000000c000dd7a                Video::drawCursor(int, int, unsigned char*, int)
                0x00000000c000de36                Video::tgaParse(unsigned char*, int, int*, int*)
                0x00000000c000df9e                Video::putTGA(int, int, unsigned char*, int)
 *fill*         0x00000000c000e009        0x3 
 .text          0x00000000c000e00c     0x1307 hw/acpi.32
                0x00000000c000e00c                ACPI::close(int, int, void*)
                0x00000000c000e0c4                findRSDP()
                0x00000000c000e154                loadACPITables(unsigned char*)
                0x00000000c000e3b8                findRSDT(unsigned char*)
                0x00000000c000e508                findDataTable(unsigned char*, char*)
                0x00000000c000e580                scanMADT()
                0x00000000c000ea54                ACPI::ACPI()
                0x00000000c000ea54                ACPI::ACPI()
                0x00000000c000eaa8                ACPI::getPCIIRQAssignment(unsigned char, unsigned short, unsigned char)
                0x00000000c000eb90                ACPI::registerPCIIRQAssignment(void*, unsigned short, unsigned char, unsigned char)
                0x00000000c000ec58                ACPI::setScreenBrightnessLevel(void*, int)
                0x00000000c000ec60                ACPI::detectPCI()
                0x00000000c000ee68                ACPI::writeSimpleBootFlag(SimpleBootFlagTable*)
                0x00000000c000eebc                ACPI::sleep()
                0x00000000c000eed8                ACPI::open(int, int, void*)
 *fill*         0x00000000c000f313        0x1 
 .text          0x00000000c000f314      0xb95 hw/cpu.32
                0x00000000c000f314                CPU::close(int, int, void*)
                0x00000000c000f318                CPU::AMD_K6_write_msr(unsigned int, unsigned int, unsigned int, CPU::REGS*)
                0x00000000c000f334                CPU::AMD_K6_read_msr(unsigned int, CPU::REGS*)
                0x00000000c000f34c                CPU::AMD_K6_writeback(int, int, int)
                0x00000000c000f3c0                CPU::cpuid(int, unsigned long*, unsigned long*, unsigned long*, unsigned long*)
                0x00000000c000f444                CPU::cpuidCheckEDX(unsigned int)
                0x00000000c000f472                CPU::cpuidCheckECX(unsigned int)
                0x00000000c000f4a0                CPU::cpuidCheckExtendedEBX(unsigned int)
                0x00000000c000f4ce                CPU::cpuidCheckExtendedECX(unsigned int)
                0x00000000c000f4fc                CPU::CPU()
                0x00000000c000f4fc                CPU::CPU()
                0x00000000c000f58a                CPU::displayFeatures()
                0x00000000c000f58c                CPU::detectFeatures()
                0x00000000c000fc50                CPU::setupSMEP()
                0x00000000c000fc5c                CPU::setupUMIP()
                0x00000000c000fc66                CPU::setupTSC()
                0x00000000c000fc70                CPU::setupLargePages()
                0x00000000c000fc7a                CPU::setupPAT()
                0x00000000c000fcb6                CPU::setupMTRR()
                0x00000000c000fcb8                CPU::setupGlobalPages()
                0x00000000c000fcc2                CPU::allowUsermodeDataAccess()
                0x00000000c000fcd4                CPU::prohibitUsermodeDataAccess()
                0x00000000c000fce6                CPU::setupSMAP()
                0x00000000c000fcf4                CPU::setupFeatures()
                0x00000000c000fdc0                CPU::open(int, int, void*)
 .text          0x00000000c000fea9       0xd1 krnl/bootmsg.32
                0x00000000c000fea9                KeDisplaySplashScreen()
                0x00000000c000ff17                KeSetBootMessage(char const*)
 .text          0x00000000c000ff7a      0x581 krnl/env.32
                0x00000000c000ff7a                EnvVarContainer::getEnv(char const*)
                0x00000000c000ffb8                EnvVarContainer::setEnv(char const*, char const*)
                0x00000000c001007a                EnvVarContainer::deleteEnv(char const*)
                0x00000000c001007c                EnvVarContainer::loadFrom(char const*, char const*)
                0x00000000c0010262                EnvVarContainer::__loadSystem()
                0x00000000c001027c                EnvVarContainer::__loadUser()
                0x00000000c001027e                EnvVarContainer::EnvVarContainer(Process*)
                0x00000000c001027e                EnvVarContainer::EnvVarContainer(Process*)
                0x00000000c00102a0                EnvVarContainer::~EnvVarContainer()
                0x00000000c00102a0                EnvVarContainer::~EnvVarContainer()
                0x00000000c00102d0                Krnl::getEnv(Process*, char const*)
                0x00000000c0010335                Krnl::setEnvSystem(char const*, char const*)
                0x00000000c001034f                Krnl::setEnvUser(char const*, char const*)
                0x00000000c001036e                Krnl::setEnvProcess(Process*, char const*, char const*)
                0x00000000c0010381                Krnl::deleteEnvSystem(char const*)
                0x00000000c0010382                Krnl::deleteEnvUser(char const*)
                0x00000000c0010383                Krnl::deleteEnvProcess(Process*, char const*)
                0x00000000c0010384                Krnl::newProcessEnv(Process*)
                0x00000000c00103a6                Krnl::copyProcessEnv(Process*, Process*)
                0x00000000c00103f2                Krnl::loadSystemEnv()
                0x00000000c0010420                Krnl::loadUserEnv()
                0x00000000c0010446                Krnl::flushEnv()
                0x00000000c0010447                Krnl::getProcessTotalEnvCount(Process*)
                0x00000000c0010467                Krnl::getProcessEnvPair(Process*, int)
 .text          0x00000000c00104fb       0x94 krnl/inlines.32
                0x00000000c00104fb                CPU::current()
                0x00000000c0010507                operator new(unsigned long)
                0x00000000c001050c                operator delete(void*)
                0x00000000c0010511                disableIRQs()
                0x00000000c0010513                enableIRQs()
                0x00000000c0010515                lockScheduler()
                0x00000000c001051d                unlockScheduler()
                0x00000000c001052c                lockStuff()
                0x00000000c001053a                unlockStuff()
                0x00000000c0010574                Virt::getAKernelVAS()
                0x00000000c001057a                __not_memcpy
 .text          0x00000000c001058f        0xc krnl/panic.32
                0x00000000c001058f                KePanic(char const*)
 .text          0x00000000c001059b      0x142 krnl/powctrl.32
                0x00000000c001059b                Krnl::powerThread(void*)
                0x00000000c00105c9                Krnl::changePowerSettings(Krnl::PowerSettings)
                0x00000000c00105df                Krnl::userIOReceived()
                0x00000000c00105ea                Krnl::handlePowerButton()
                0x00000000c001061f                Krnl::handleSleepButton()
                0x00000000c0010654                Krnl::setupPowerManager()
 *fill*         0x00000000c00106dd        0x3 
 .text          0x00000000c00106e0      0x168 krnl/resolve.32
                0x00000000c00106e0                KeResolveCompatibilitySymbol(char*)
 .text          0x00000000c0010848      0xe2c krnl/syscalls.32
                0x00000000c0010848                sysCallSeekDir(regs*)
                0x00000000c001084d                sysCallTellDir(regs*)
                0x00000000c0010852                sysCallVerify(regs*)
                0x00000000c001085c                sysCallGetArgc(regs*)
                0x00000000c001086c                sysCallTTYName(regs*)
                0x00000000c0010874                sysFormatDisk(regs*)
                0x00000000c00108e1                sysSetDiskVolumeLabel(regs*)
                0x00000000c001092b                sysGetDiskVolumeLabel(regs*)
                0x00000000c0010980                sysShutdown(regs*)
                0x00000000c00109de                sysCallRealpath(regs*)
                0x00000000c0010a21                sysCallReadDir(regs*)
                0x00000000c0010aa1                sysCallIsATTY(regs*)
                0x00000000c0010afd                sysCallSeek(regs*)
                0x00000000c0010b56                sysCallTell(regs*)
                0x00000000c0010bc5                sysCallSize(regs*)
                0x00000000c0010c3a                sysCallSizeFromFilename(regs*)
                0x00000000c0010ced                sysCallClose(regs*)
                0x00000000c0010d4d                sysCallOpenDir(regs*)
                0x00000000c0010dc4                sysCallCloseDir(regs*)
                0x00000000c0010e18                sysCallMakeDir(regs*)
                0x00000000c0010e8a                sysCallWait(regs*)
                0x00000000c0010ea7                sysCallNotImpl(regs*)
                0x00000000c0010ec2                sysPanic(regs*)
                0x00000000c0010edd                sysCallRmdir(regs*)
                0x00000000c0010f44                sysCallUnlink(regs*)
                0x00000000c0010fab                sysCallGetArgv(regs*)
                0x00000000c0010ff8                sysCallUSleep(regs*)
                0x00000000c0011021                sysCallSpawn(regs*)
                0x00000000c001108a                sysCallGetEnv(regs*)
                0x00000000c0011139                sysSetFatAttrib(regs*)
                0x00000000c00111b0                sysPipe(regs*)
                0x00000000c00111f5                sysGetUnixTime(regs*)
                0x00000000c0011209                string_ends_with(char const*, char const*)
                0x00000000c0011253                sysCallOpen(regs*)
                0x00000000c0011447                KeLoadSystemCalls()
                0x00000000c0011632                KeSystemCall(regs*, void*)
 .text          0x00000000c0011674      0x50e reg/registry.32
                0x00000000c0011674                Reg::findLineFromLoadedData(char*, char*, char*)
                0x00000000c00117cc                Reg::getLineFromRegistry(char*, char*, char*, char*)
                0x00000000c0011921                Reg::getLine(char*, char*, char*)
                0x00000000c0011958                Reg::readInt(char*, char*, int*)
                0x00000000c0011a43                Reg::readString(char*, char*, char*, int)
                0x00000000c0011ac4                Reg::readBool(char*, char*, bool*)
                0x00000000c0011ae9                Reg::readBoolWithDefault(char*, char*, bool)
                0x00000000c0011b15                Reg::readIntWithDefault(char*, char*, int)
                0x00000000c0011b41                Reg::readStringWithDefault(char*, char*, char*, int, char*)
 .text          0x00000000c0011b82       0x36 sys/eject.32
                0x00000000c0011b82                SysEject(regs*)
 .text          0x00000000c0011bb8       0x18 sys/exit.32
                0x00000000c0011bb8                SysExit(regs*)
 .text          0x00000000c0011bd0       0x1f sys/getcwd.32
                0x00000000c0011bd0                SysGetCwd(regs*)
 .text          0x00000000c0011bef        0xc sys/getpid.32
                0x00000000c0011bef                SysGetPID(regs*)
 .text          0x00000000c0011bfb       0x1a sys/getramdata.32
                0x00000000c0011bfb                SysGetRAMData(regs*)
 .text          0x00000000c0011c15       0x82 sys/getvgaptr.32
                0x00000000c0011c15                SysGetVGAPtr(regs*)
 .text          0x00000000c0011c97       0xa8 sys/loaddll.32
                0x00000000c0011c97                SysLoadDLL(regs*)
 .text          0x00000000c0011d3f       0x68 sys/read.32
                0x00000000c0011d3f                SysRead(regs*)
 .text          0x00000000c0011da7       0x55 sys/sbrk.32
                0x00000000c0011da7                SysSbrk(regs*)
 .text          0x00000000c0011dfc       0x1c sys/setcwd.32
                0x00000000c0011dfc                SysSetCwd(regs*)
 .text          0x00000000c0011e18       0x95 sys/settime.32
                0x00000000c0011e18                SysSetTime(regs*)
 .text          0x00000000c0011ead       0x4a sys/timezone.32
                0x00000000c0011ead                SysTimezone(regs*)
 .text          0x00000000c0011ef7       0x68 sys/write.32
                0x00000000c0011ef7                SysWrite(regs*)
 .text          0x00000000c0011f5f       0x62 sys/wsbe.32
                0x00000000c0011f5f                SysWsbe(regs*)
 .text          0x00000000c0011fc1       0x25 sys/yield.32
                0x00000000c0011fc1                SysYield(regs*)
 .text          0x00000000c0011fe6     0x11e5 thr/elf.32
                0x00000000c0011fe6                Thr::allocateMemoryForTask(Process*, File*, unsigned long, unsigned long, unsigned long)
                0x00000000c0012272                Thr::loadProgramIntoMemory(Process*, char const*)
                0x00000000c0012488                Thr::runtimeReferenceHelper()
                0x00000000c001249b                Thr::getAddressOfKernelSymbol(char const*)
                0x00000000c00124ea                Thr::loadKernelSymbolTable(char const*)
                0x00000000c00127a8                Thr::loadDriverIntoMemory(char const*, unsigned long, bool)
                0x00000000c0012ede                Thr::getDriverBaseFromAddress(unsigned long)
                0x00000000c0012f10                Thr::getDriverNameFromAddress(unsigned long)
                0x00000000c0012f47                Thr::getDriverOffsetFromAddress(unsigned long)
                0x00000000c0012f61                Thr::loadDLL(char const*, bool)
                0x00000000c0013192                Thr::executeDLL(unsigned long, void*)
 *fill*         0x00000000c00131cb        0x1 
 .text          0x00000000c00131cc     0x12c5 thr/prcssthr.32
                0x00000000c00131cc                userModeEntryPoint(void*)
                0x00000000c00131f4                changeTSS
                0x00000000c0013224                switchToThread(ThreadControlBlock*)
                0x00000000c00132d8                Process::addArgs(char**)
                0x00000000c0013338                Process::Process(char const*, Process*, char**)
                0x00000000c0013338                Process::Process(char const*, Process*, char**)
                0x00000000c0013528                Process::Process(bool, char const*, Process*, char**)
                0x00000000c0013528                Process::Process(bool, char const*, Process*, char**)
                0x00000000c00136e4                taskStartupFunction
                0x00000000c00136f0                Semaphore::Semaphore(int)
                0x00000000c00136f0                Semaphore::Semaphore(int)
                0x00000000c0013720                Mutex::Mutex()
                0x00000000c0013720                Mutex::Mutex()
                0x00000000c0013734                Process::createThread(void (*)(void*), void*, int)
                0x00000000c001382c                Process::createUserThread()
                0x00000000c001384c                setupMultitasking(void (*)())
                0x00000000c0013954                schedule()
                0x00000000c00139e4                Semaphore::tryAcquire()
                0x00000000c0013ab0                Semaphore::assertLocked(char const*)
                0x00000000c0013b28                blockTaskWithSchedulerLockAlreadyHeld(TaskState)
                0x00000000c0013b50                blockTask(TaskState)
                0x00000000c0013b80                waitTask(int, int*, int)
                0x00000000c0013bc4                milliTenthSleepUntil(unsigned int)
                0x00000000c0013c54                milliTenthSleep(unsigned int)
                0x00000000c0013c64                sleep(unsigned int)
                0x00000000c0013c80                Semaphore::acquire()
                0x00000000c0013d3c                taskReturned
                0x00000000c0013d78                Thr::processFromPID(int)
                0x00000000c0013e18                unblockTask(ThreadControlBlock*)
                0x00000000c0013ebc                cleanupTerminatedTask(ThreadControlBlock*)
                0x00000000c0014188                cleanerTaskFunction(void*)
                0x00000000c0014278                terminateTask(int)
                0x00000000c0014344                Thr::terminateFromIRQ(int)
                0x00000000c0014354                Semaphore::release()
 .text          0x00000000c0014491      0xb93 vm86/vm8086.32
                0x00000000c0014491                Vm::inbv(unsigned short)
                0x00000000c00144a4                Vm::outbv(unsigned short, unsigned char)
                0x00000000c00144da                Vm::realToLinear(unsigned short, unsigned short)
                0x00000000c00144ea                Vm::getSegment(unsigned int)
                0x00000000c00144f2                Vm::getOffset(unsigned int)
                0x00000000c00144f7                Vm::mainloop2()
                0x00000000c0014531                Vm::mainVm8086Loop(void*)
                0x00000000c0014541                Vm::mainloop3(unsigned long)
                0x00000000c0014567                Vm::initialise8086()
                0x00000000c00145aa                Vm::finish8086()
                0x00000000c001460b                Vm::getOutput8086(unsigned char*)
                0x00000000c0014630                Vm::start8086FromBuffer(unsigned char*, int, unsigned short, unsigned short, unsigned short, unsigned short)
                0x00000000c00146e9                Vm::start8086(char const*, unsigned short, unsigned short, unsigned short, unsigned short)
                0x00000000c0014851                Vm::doISR(regs*, int, unsigned char*, unsigned short, unsigned short)
                0x00000000c00148db                Vm::readByteFromReal(unsigned short, unsigned short)
                0x00000000c00148ec                Vm::readWordFromReal(unsigned short, unsigned short)
                0x00000000c00148fe                Vm::readDwordFromReal(unsigned short, unsigned short)
                0x00000000c001490f                Vm::writeByteFromReal(unsigned short, unsigned short, unsigned char)
                0x00000000c0014924                Vm::writeWordFromReal(unsigned short, unsigned short, unsigned short)
                0x00000000c001493a                Vm::writeDwordFromReal(unsigned short, unsigned short, unsigned int)
                0x00000000c001494f                Vm::faultHandler(regs*)
 .text          0x00000000c0015024      0xa53 arch/i386/hal.32
                0x00000000c0015024                noCopro(unsigned long)
                0x00000000c0015025                nmiHandler(regs*, void*)
                0x00000000c001503e                doubleFault(regs*, void*)
                0x00000000c0015057                displayDebugInfo(regs*)
                0x00000000c0015378                HalSystemIdle()
                0x00000000c00153ee                displayProgramFault(char const*)
                0x00000000c001543a                gpFault(regs*, void*)
                0x00000000c001549f                pgFault(regs*, void*)
                0x00000000c0015525                otherISRHandler(regs*, void*)
                0x00000000c0015559                opcodeFault(regs*, void*)
                0x00000000c00155d9                i386SaveCoprocessor(void*)
                0x00000000c00155ed                i386LoadCoprocessor(void*)
                0x00000000c0015601                x87EmulHandler(regs*, void*)
                0x00000000c001569e                HalInitialiseCoprocessor()
                0x00000000c001574c                HalPanic(char const*)
                0x00000000c0015845                HalQueryPerformanceCounter()
                0x00000000c0015860                HalInitialise()
                0x00000000c0015a06                HalMakeBeep(int)
                0x00000000c0015a40                HalGetRand()
                0x00000000c0015a43                HalEndOfInterrupt(int)
                0x00000000c0015a74                HalRestart()
                0x00000000c0015a75                HalShutdown()
                0x00000000c0015a76                HalSleep()
 *fill*         0x00000000c0015a77        0x1 
 .text          0x00000000c0015a78      0x2f4 arch/i386/pic.32
                0x00000000c0015a78                picIoWait()
                0x00000000c0015a80                picDisable()
                0x00000000c0015ab4                picGetIRQReg(int)
                0x00000000c0015b38                picOpen()
                0x00000000c0015cc8                picEOI(int)
 .text          0x00000000c0015d6c      0x64d arch/i386/rtc.32
                0x00000000c0015d6c                RTC::open(int, int, void*)
                0x00000000c0015d70                RTC::close(int, int, void*)
                0x00000000c0015d74                RTC::timeInSecondsUTC()
                0x00000000c0015d86                RTC::timeInDatetimeUTC()
                0x00000000c0015dac                RTC::setTimeInSecondsUTC(unsigned long long)
                0x00000000c0015dea                RTC::~RTC()
                0x00000000c0015dea                RTC::~RTC()
                0x00000000c0015e0e                RTC::~RTC()
                0x00000000c0015e38                RTC::get_update_in_progress_flag()
                0x00000000c0015e50                RTC::completeRTCRefresh()
                0x00000000c0016108                RTC::setTimeInDatetimeUTC(datetime_t)
                0x00000000c00162bb                rtcIRQHandler(regs*, void*)
                0x00000000c0016300                RTC::RTC()
                0x00000000c0016300                RTC::RTC()
 *fill*         0x00000000c00163b9        0x3 
 .text          0x00000000c00163bc      0x203 arch/i386/vga.32
                0x00000000c00163bc                HalConsoleScroll(int, int)
                0x00000000c00164c4                HalConsoleWriteCharacter(char, int, int, int, int)
                0x00000000c0016530                HalConsoleCursorUpdate(int, int)
 *fill*         0x00000000c00165bf        0x1 
 .text          0x00000000c00165c0     0x13e7 fs/fat/vfslink.32
                0x00000000c00165c0                FAT::getName()
                0x00000000c00165c8                FAT::tell(void*, unsigned long long*)
                0x00000000c0016604                FAT::stat(void*, unsigned long long*)
                0x00000000c0016640                FAT::~FAT()
                0x00000000c0016640                FAT::~FAT()
                0x00000000c0016664                FAT::~FAT()
                0x00000000c001668c                FAT::getlabel(LogicalDisk*, int, char*, unsigned int*)
                0x00000000c0016730                FAT::setlabel(LogicalDisk*, int, char*)
                0x00000000c00167f4                FAT::format(LogicalDisk*, int, char const*, int)
                0x00000000c00169c8                FAT::tryMount(LogicalDisk*, int)
                0x00000000c0016be0                FAT::allocateSwapfile(char const*, int)
                0x00000000c0016da0                FAT::readDir(void*, unsigned long, void*, int*)
                0x00000000c0016f0c                FAT::read(void*, unsigned long, void*, int*)
                0x00000000c0016f6c                FAT::write(void*, unsigned long, void*, int*)
                0x00000000c0016fcc                FAT::close(void*)
                0x00000000c0017020                FAT::closeDir(void*)
                0x00000000c0017074                FAT::seek(void*, unsigned long long)
                0x00000000c00170cc                fatWrapperReadDisk
                0x00000000c0017110                fatWrapperWriteDisk
                0x00000000c0017154                fatWrapperIoctl
                0x00000000c0017270                FAT::FAT()
                0x00000000c0017270                FAT::FAT()
                0x00000000c00172c4                FAT::fixFilepath(char*)
                0x00000000c0017300                FAT::open(char const*, void**, FileOpenMode)
                0x00000000c0017438                FAT::openDir(char const*, void**)
                0x00000000c00174e8                FAT::stat(char const*, unsigned long long*, bool*)
                0x00000000c00175e0                FAT::unlink(char const*)
                0x00000000c0017660                FAT::chfatattr(char const*, unsigned char, unsigned char)
                0x00000000c00177ec                FAT::rename(char const*, char const*)
                0x00000000c00178b8                FAT::mkdir(char const*)
                0x00000000c0017938                FAT::exists(char const*)
 *fill*         0x00000000c00179a7        0x1 
 .text          0x00000000c00179a8       0x5c fs/iso9660/helper.32
                0x00000000c00179a8                isoReadDiscSectorHelper
 .text          0x00000000c0017a04      0x58c fs/iso9660/vfslink.32
                0x00000000c0017a04                ISO9660::format(LogicalDisk*, int, char const*, int)
                0x00000000c0017a0a                ISO9660::getName()
                0x00000000c0017a10                ISO9660::closeDir(void*)
                0x00000000c0017a1a                ISO9660::chfatattr(char const*, unsigned char, unsigned char)
                0x00000000c0017a20                ISO9660::unlink(char const*)
                0x00000000c0017a26                ISO9660::write(void*, unsigned long, void*, int*)
                0x00000000c0017a2c                ISO9660::rename(char const*, char const*)
                0x00000000c0017a32                ISO9660::mkdir(char const*)
                0x00000000c0017a38                ISO9660::~ISO9660()
                0x00000000c0017a38                ISO9660::~ISO9660()
                0x00000000c0017a5c                ISO9660::~ISO9660()
                0x00000000c0017a84                ISO9660::exists(char const*)
                0x00000000c0017a98                ISO9660::open(char const*, void**, FileOpenMode)
                0x00000000c0017b24                ISO9660::openDir(char const*, void**)
                0x00000000c0017ba4                ISO9660::read(void*, unsigned long, void*, int*)
                0x00000000c0017be4                ISO9660::seek(void*, unsigned long long)
                0x00000000c0017c1c                ISO9660::tell(void*, unsigned long long*)
                0x00000000c0017c52                ISO9660::stat(void*, unsigned long long*)
                0x00000000c0017c8c                ISO9660::stat(char const*, unsigned long long*, bool*)
                0x00000000c0017d78                ISO9660::close(void*)
                0x00000000c0017d9e                ISO9660::readDir(void*, unsigned long, void*, int*)
                0x00000000c0017e6b                readSectorFromCDROM(unsigned int, unsigned char*, char)
                0x00000000c0017ef6                ISO9660::tryMount(LogicalDisk*, int)
                0x00000000c0017f68                ISO9660::ISO9660()
                0x00000000c0017f68                ISO9660::ISO9660()
 .text          0x00000000c0017f90      0x26c hal/sound/sndcard.32
                0x00000000c0017f90                SoundCard::beginPlayback()
                0x00000000c0017f9e                SoundCard::stopPlayback()
                0x00000000c0017fac                SoundCard::SoundCard(char const*)
                0x00000000c0017fac                SoundCard::SoundCard(char const*)
                0x00000000c001804a                SoundCard::~SoundCard()
                0x00000000c001804a                SoundCard::~SoundCard()
                0x00000000c001806e                SoundCard::~SoundCard()
                0x00000000c0018098                SoundCard::configureRates(int, int, int)
                0x00000000c00180c8                SoundCard::getSamples16(int, short*)
                0x00000000c0018124                SoundCard::getSamples32(int, int*)
                0x00000000c00181aa                SoundCard::addChannel(SoundPort*)
                0x00000000c00181e8                SoundCard::removeChannel(int)
 .text          0x00000000c00181fc      0x377 hal/sound/sndport.32
                0x00000000c00181fc                SoundPort::SoundPort(int, int, int, int)
                0x00000000c00181fc                SoundPort::SoundPort(int, int, int, int)
                0x00000000c0018288                SoundPort::~SoundPort()
                0x00000000c0018288                SoundPort::~SoundPort()
                0x00000000c00182bc                SoundPort::unpause()
                0x00000000c00182c8                SoundPort::pause()
                0x00000000c00182d4                SoundPort::getBufferUsed()
                0x00000000c00182dc                SoundPort::getBufferSize()
                0x00000000c00182e4                SoundPort::buffer16(short*, int)
                0x00000000c0018370                SoundPort::buffer32(int*, int)
                0x00000000c00183f8                SoundPort::unbufferAndAdd16(int, short*, SoundCard*)
                0x00000000c00184bc                SoundPort::unbufferAndAdd32(int, int*, SoundCard*)
 .text          0x00000000c0018573        0x0 hw/bus/isa.32
 *fill*         0x00000000c0018573        0x1 
 .text          0x00000000c0018574      0xb49 hw/bus/pci.32
                0x00000000c0018574                PCI::open(int, int, void*)
                0x00000000c0018592                PCI::close(int, int, void*)
                0x00000000c0018596                PCI::PCI()
                0x00000000c0018596                PCI::PCI()
                0x00000000c0018630                PCI::readBAR8(unsigned int, int)
                0x00000000c001864c                PCI::readBAR16(unsigned int, int)
                0x00000000c001866a                PCI::readBAR32(unsigned int, int)
                0x00000000c0018686                PCI::writeBAR8(unsigned int, unsigned char, int)
                0x00000000c00186a6                PCI::writeBAR16(unsigned int, unsigned short, int)
                0x00000000c00186c8                PCI::writeBAR32(unsigned int, unsigned int, int)
                0x00000000c00186e8                PCI::legacyMechanism(unsigned char, unsigned char, unsigned char, unsigned char)
                0x00000000c0018756                PCI::pciReadWord(unsigned char, unsigned char, unsigned char, unsigned char)
                0x00000000c00187fe                PCI::getVendorID(unsigned char, unsigned char, unsigned char)
                0x00000000c0018822                PCI::getHeaderType(unsigned char, unsigned char, unsigned char)
                0x00000000c001884a                PCI::getClassCode(unsigned char, unsigned char, unsigned char)
                0x00000000c0018894                PCI::getProgIF(unsigned char, unsigned char, unsigned char)
                0x00000000c00188bc                PCI::getRevisionID(unsigned char, unsigned char, unsigned char)
                0x00000000c00188e0                PCI::getInterruptNumber(unsigned char, unsigned char, unsigned char)
                0x00000000c0018904                PCI::getSecondaryBus(unsigned char, unsigned char, unsigned char)
                0x00000000c001892c                PCI::getBARAddress(unsigned char, unsigned char, unsigned char, unsigned char)
                0x00000000c0018990                PCI::pciWriteWord(unsigned char, unsigned char, unsigned char, unsigned char, unsigned short)
                0x00000000c0018a78                PCI::pciDetailsToFilepath(PCIDeviceInfo, char*)
                0x00000000c0018cf2                PCI::checkBus(unsigned char)
                0x00000000c0018d18                PCI::foundDevice(PCIDeviceInfo)
                0x00000000c0018e8a                PCI::getDeviceData(unsigned char, unsigned char, unsigned char)
                0x00000000c0018ffe                PCI::checkDevice(unsigned char, unsigned char)
                0x00000000c001906a                PCI::detect()
 *fill*         0x00000000c00190bd        0x1 
 .text          0x00000000c00190be      0xb5a hw/diskctrl/ide.32
                0x00000000c00190be                IDE::close(int, int, void*)
                0x00000000c00190c2                IDE::IDE()
                0x00000000c00190c2                IDE::IDE()
                0x00000000c00190f6                IDE::prepareInterrupt(unsigned char)
                0x00000000c0019108                selectDrive(unsigned char, unsigned char)
                0x00000000c001910a                IDE::getBase(unsigned char)
                0x00000000c001911c                IDE::write(unsigned char, unsigned char, unsigned char)
                0x00000000c00191dc                IDE::read(unsigned char, unsigned char)
                0x00000000c001928a                IDE::waitInterrupt(unsigned char)
                0x00000000c00192f2                ideChannel0IRQHandler(regs*, void*)
                0x00000000c001930e                ideChannel1IRQHandler(regs*, void*)
                0x00000000c001932a                IDE::enableIRQs(unsigned char, bool)
                0x00000000c0019370                IDE::open(int, int, void*)
                0x00000000c001977e                IDE::readBuffer(unsigned char, unsigned char, unsigned int, unsigned int)
                0x00000000c001984a                IDE::detect()
                0x00000000c0019b0a                IDE::printError(unsigned char, unsigned char, unsigned char)
                0x00000000c0019bba                IDE::polling(unsigned char, unsigned int)
 .text          0x00000000c0019c18      0x32a hw/diskctrl/satabus.32
                0x00000000c0019c18                SATABus::close(int, int, void*)
                0x00000000c0019c1c                SATABus::detect()
                0x00000000c0019c1e                SATABus::SATABus()
                0x00000000c0019c1e                SATABus::SATABus()
                0x00000000c0019ca4                SATABus::findCmdslot(SATABus::tagHBA_PORT volatile*)
                0x00000000c0019cd6                SATABus::checkType(SATABus::tagHBA_PORT volatile*)
                0x00000000c0019d1e                SATABus::startCmd(SATABus::tagHBA_PORT volatile*)
                0x00000000c0019d3e                SATABus::stopCmd(SATABus::tagHBA_PORT volatile*)
                0x00000000c0019d68                SATABus::portRebase(SATABus::tagHBA_PORT volatile*, int)
                0x00000000c0019e78                SATABus::probePort(SATABus::tagHBA_MEM volatile*)
                0x00000000c0019f22                SATABus::open(int, int, void*)
 .text          0x00000000c0019f42      0x5f4 hw/diskphys/ata.32
                0x00000000c0019f42                ATA::close(int, int, void*)
                0x00000000c0019f66                ATA::powerSaving(PowerSavingLevel)
                0x00000000c0019f68                ATA::ATA()
                0x00000000c0019f68                ATA::ATA()
                0x00000000c0019f96                ATA::flush(bool)
                0x00000000c0019fe0                ATA::readyForCommand()
                0x00000000c001a02c                ATA::access(unsigned long long, int, void*, bool)
                0x00000000c001a3a8                ATA::read(unsigned long long, int, void*)
                0x00000000c001a3f4                ATA::write(unsigned long long, int, void*)
                0x00000000c001a440                ATA::detectCHS()
                0x00000000c001a46a                ATA::open(int, int, void*)
 .text          0x00000000c001a536      0x60e hw/diskphys/atapi.32
                0x00000000c001a536                ATAPI::write(unsigned long long, int, void*)
                0x00000000c001a53c                ATAPI::close(int, int, void*)
                0x00000000c001a560                ATAPI::ATAPI()
                0x00000000c001a560                ATAPI::ATAPI()
                0x00000000c001a58e                ATAPI::readyForCommand()
                0x00000000c001a5e0                ATAPI::sendPacket(unsigned char*, int, bool, unsigned short*, int)
                0x00000000c001a8a0                ATAPI::diskRemoved()
                0x00000000c001a8da                ATAPI::eject()
                0x00000000c001a922                ATAPI::diskInserted()
                0x00000000c001a92e                ATAPI::detectMedia()
                0x00000000c001a9ea                ATAPI::open(int, int, void*)
                0x00000000c001aaca                ATAPI::read(unsigned long long, int, void*)
 .text          0x00000000c001ab44      0x402 hw/diskphys/sata.32
                0x00000000c001ab44                SATA::close(int, int, void*)
                0x00000000c001ab68                SATA::powerSaving(PowerSavingLevel)
                0x00000000c001ab6a                SATA::open(int, int, void*)
                0x00000000c001ac14                SATA::SATA()
                0x00000000c001ac14                SATA::SATA()
                0x00000000c001ac42                SATA::access(unsigned long long, int, void*, bool)
                0x00000000c001ae8e                SATA::read(unsigned long long, int, void*)
                0x00000000c001aeda                SATA::write(unsigned long long, int, void*)
 .text          0x00000000c001af46      0x5f5 hw/diskphys/satapi.32
                0x00000000c001af46                SATAPI::write(unsigned long long, int, void*)
                0x00000000c001af4c                SATAPI::close(int, int, void*)
                0x00000000c001af70                SATAPI::SATAPI()
                0x00000000c001af70                SATAPI::SATAPI()
                0x00000000c001af9e                SATAPI::diskRemoved()
                0x00000000c001afa0                SATAPI::diskInserted()
                0x00000000c001afbc                SATAPI::sendPacket(unsigned char*, int, unsigned long long, unsigned short*, int)
                0x00000000c001b298                SATAPI::eject()
                0x00000000c001b2d4                SATAPI::detectMedia()
                0x00000000c001b2fa                SATAPI::open(int, int, void*)
                0x00000000c001b3fa                SATAPI::read(unsigned long long, int, void*)
 *fill*         0x00000000c001b53b        0x1 
 .text          0x00000000c001b53c      0x455 hw/intctrl/apic.32
                0x00000000c001b53c                IOAPIC::close(int, int, void*)
                0x00000000c001b542                apicGetBase()
                0x00000000c001b584                IOAPIC::IOAPIC()
                0x00000000c001b584                IOAPIC::IOAPIC()
                0x00000000c001b5ac                apicOpen()
                0x00000000c001b712                IOAPIC::handlesGSIWithNumber(unsigned int)
                0x00000000c001b744                IOAPIC::read(int)
                0x00000000c001b76c                IOAPIC::open(int, int, void*)
                0x00000000c001b860                IOAPIC::write(int, int)
                0x00000000c001b88c                IOAPIC::redirect(unsigned char, unsigned long long, unsigned char, bool, bool)
 *fill*         0x00000000c001b991        0x3 
 .text          0x00000000c001b994       0xf0 hw/timer/apictimer.32
                0x00000000c001b994                APICTimer::close(int, int, void*)
                0x00000000c001b99c                apicTimerHandler(regs*, void*)
                0x00000000c001b9c4                APICTimer::open(int, int, void*)
                0x00000000c001ba34                APICTimer::write(int)
                0x00000000c001ba5c                APICTimer::APICTimer()
                0x00000000c001ba5c                APICTimer::APICTimer()
 .text          0x00000000c001ba84      0x1aa hw/timer/pit.32
                0x00000000c001ba84                PIT::write(int)
                0x00000000c001bb08                pitHandler(regs*, void*)
                0x00000000c001bb2c                PIT::open(int, int, void*)
                0x00000000c001bb7c                PIT::close(int, int, void*)
                0x00000000c001bbac                PIT::PIT()
                0x00000000c001bbac                PIT::PIT()
 *fill*         0x00000000c001bc2e        0x2 
 .text          0x00000000c001bc30       0x83 arch/i386/avx.32
                0x00000000c001bc30                avxDetect
                0x00000000c001bc5a                avxSave
                0x00000000c001bc6b                avxLoad
                0x00000000c001bc7c                avxInit
                0x00000000c001bc9e                avxClose
                0x00000000c001bc9f                wouldSheSayYes
 *fill*         0x00000000c001bcb3        0xd 
 .text          0x00000000c001bcc0      0x1d6 arch/i386/interrupt.32
                0x00000000c001bcc0                isr0
                0x00000000c001bcd0                isr1
                0x00000000c001bcda                isr2
                0x00000000c001bce4                isr3
                0x00000000c001bcee                isr4
                0x00000000c001bcf8                isr5
                0x00000000c001bd02                isr6
                0x00000000c001bd0c                isr7
                0x00000000c001bd16                isr8
                0x00000000c001bd1e                isr9
                0x00000000c001bd28                isr10
                0x00000000c001bd30                isr11
                0x00000000c001bd38                isr12
                0x00000000c001bd40                isr13
                0x00000000c001bd48                isr14
                0x00000000c001bd50                isr15
                0x00000000c001bd5a                isr16
                0x00000000c001bd64                isr17
                0x00000000c001bd6e                isr18
                0x00000000c001bd78                irq3
                0x00000000c001bd82                irq4
                0x00000000c001bd8c                irq5
                0x00000000c001bd96                irq6
                0x00000000c001bda0                irq7
                0x00000000c001bdaa                irq8
                0x00000000c001bdb4                irq9
                0x00000000c001bdbe                irq10
                0x00000000c001bdc8                irq11
                0x00000000c001bdd2                irq12
                0x00000000c001bddc                irq13
                0x00000000c001bde6                irq14
                0x00000000c001bdf0                irq15
                0x00000000c001bdfa                irq1
                0x00000000c001be01                irq2
                0x00000000c001be08                isr96
                0x00000000c001be0f                irq0
                0x00000000c001be14                int_common_stub
                0x00000000c001be14                syscall_common_stub
                0x00000000c001be46                irq16
                0x00000000c001be50                irq17
                0x00000000c001be5a                irq18
                0x00000000c001be64                irq19
                0x00000000c001be6e                irq20
                0x00000000c001be78                irq21
                0x00000000c001be82                irq22
                0x00000000c001be8c                irq23
 *fill*         0x00000000c001be96        0xa 
 .text          0x00000000c001bea0       0x10 arch/i386/rdrand.32
                0x00000000c001bea0                i386GetRDRAND
 .text          0x00000000c001beb0       0x39 arch/i386/sse.32
                0x00000000c001beb0                absolutelyNoChanceInHell
                0x00000000c001beb0                sseDetect
                0x00000000c001bec8                sseSave
                0x00000000c001bed0                sseLoad
                0x00000000c001bed8                sseInit
                0x00000000c001bee8                sseClose
 *fill*         0x00000000c001bee9        0x7 
 .text          0x00000000c001bef0       0x49 arch/i386/x87.32
                0x00000000c001bef6                x87Detect
                0x00000000c001bf11                x87Save
                0x00000000c001bf18                x87Load
                0x00000000c001bf1f                x87Init
                0x00000000c001bf38                x87Close
 *fill*         0x00000000c001bf39        0x3 
 .text          0x00000000c001bf3c       0x25 /cygdrive/d/Users/Alex/Desktop/Toolchain/Output/bin/../lib/gcc/i386-banana/8.1.0/crtend.o
 .text          0x00000000c001bf61        0x0 crtn.32
 *fill*         0x00000000c001bf61        0x3 
 .text          0x00000000c001bf64      0x14b /cygdrive/d/Users/Alex/Desktop/Toolchain/Output/bin/../lib/gcc/i386-banana/8.1.0/libkgcc.a(_divdi3.o)
                0x00000000c001bf64                __divdi3
 *fill*         0x00000000c001c0af        0x1 
 .text          0x00000000c001c0b0      0x17e /cygdrive/d/Users/Alex/Desktop/Toolchain/Output/bin/../lib/gcc/i386-banana/8.1.0/libkgcc.a(_moddi3.o)
                0x00000000c001c0b0                __moddi3
 *fill*         0x00000000c001c22e        0x2 
 .text          0x00000000c001c230       0xff /cygdrive/d/Users/Alex/Desktop/Toolchain/Output/bin/../lib/gcc/i386-banana/8.1.0/libkgcc.a(_udivdi3.o)
                0x00000000c001c230                __udivdi3
 *fill*         0x00000000c001c32f        0x1 
 .text          0x00000000c001c330      0x11a /cygdrive/d/Users/Alex/Desktop/Toolchain/Output/bin/../lib/gcc/i386-banana/8.1.0/libkgcc.a(_umoddi3.o)
                0x00000000c001c330                __umoddi3
 *(.gnu.linkonce.t*)

.iplt           0x00000000c001c450        0x0
 .iplt          0x00000000c001c450        0x0 D:/Users/Alex/Desktop/Banana/kernel/boot.32

.init           0x00000000c001c44a        0xf
 .init          0x00000000c001c44a        0x3 crti.32
                0x00000000c001c44a                _init
 .init          0x00000000c001c44d        0x5 /cygdrive/d/Users/Alex/Desktop/Toolchain/Output/bin/../lib/gcc/i386-banana/8.1.0/crtbegin.o
 .init          0x00000000c001c452        0x5 /cygdrive/d/Users/Alex/Desktop/Toolchain/Output/bin/../lib/gcc/i386-banana/8.1.0/crtend.o
 .init          0x00000000c001c457        0x2 crtn.32

.fini           0x00000000c001c459        0xa
 .fini          0x00000000c001c459        0x3 crti.32
                0x00000000c001c459                _fini
 .fini          0x00000000c001c45c        0x5 /cygdrive/d/Users/Alex/Desktop/Toolchain/Output/bin/../lib/gcc/i386-banana/8.1.0/crtbegin.o
 .fini          0x00000000c001c461        0x2 crtn.32

.text._ZN8ComputerD2Ev
                0x00000000c001c464       0x23
 .text._ZN8ComputerD2Ev
                0x00000000c001c464       0x23 core/computer.32
                0x00000000c001c464                Computer::~Computer()
                0x00000000c001c464                Computer::~Computer()

.text._ZN8ComputerD0Ev
                0x00000000c001c488       0x2a
 .text._ZN8ComputerD0Ev
                0x00000000c001c488       0x2a core/computer.32
                0x00000000c001c488                Computer::~Computer()

.text._Z10idleCommonv
                0x00000000c001c4b2       0x21
 .text._Z10idleCommonv
                0x00000000c001c4b2       0x21 core/idle.32
                0x00000000c001c4b2                idleCommon()

.text._ZN10LinkedListI8UnixFileED2Ev
                0x00000000c001c4d4        0x2
 .text._ZN10LinkedListI8UnixFileED2Ev
                0x00000000c001c4d4        0x2 core/unixfile.32
                0x00000000c001c4d4                LinkedList<UnixFile>::~LinkedList()
                0x00000000c001c4d4                LinkedList<UnixFile>::~LinkedList()

.text._ZN10LinkedListI8UnixFileEC2Ev
                0x00000000c001c4d6       0x42
 .text._ZN10LinkedListI8UnixFileEC2Ev
                0x00000000c001c4d6       0x42 core/unixfile.32
                0x00000000c001c4d6                LinkedList<UnixFile>::LinkedList()
                0x00000000c001c4d6                LinkedList<UnixFile>::LinkedList()

.text._ZN10LinkedListI8UnixFileE10addElementEPS0_
                0x00000000c001c518       0xd3
 .text._ZN10LinkedListI8UnixFileE10addElementEPS0_
                0x00000000c001c518       0xd3 core/unixfile.32
                0x00000000c001c518                LinkedList<UnixFile>::addElement(UnixFile*)

.text._ZN10LinkedListI8UnixFileE15getFirstElementEv
                0x00000000c001c5ec        0x7
 .text._ZN10LinkedListI8UnixFileE15getFirstElementEv
                0x00000000c001c5ec        0x7 core/unixfile.32
                0x00000000c001c5ec                LinkedList<UnixFile>::getFirstElement()

.text._ZN10LinkedListI8UnixFileE11removeFirstEv
                0x00000000c001c5f4       0xa1
 .text._ZN10LinkedListI8UnixFileE11removeFirstEv
                0x00000000c001c5f4       0xa1 core/unixfile.32
                0x00000000c001c5f4                LinkedList<UnixFile>::removeFirst()

.text._ZN10LinkedListI8UnixFileE7getNextEPS0_
                0x00000000c001c696        0x8
 .text._ZN10LinkedListI8UnixFileE7getNextEPS0_
                0x00000000c001c696        0x8 core/unixfile.32
                0x00000000c001c696                LinkedList<UnixFile>::getNext(UnixFile*)

.text._ZN16DriverlessDeviceD2Ev
                0x00000000c001c69e       0x1a
 .text._ZN16DriverlessDeviceD2Ev
                0x00000000c001c69e       0x1a hal/device.32
                0x00000000c001c69e                DriverlessDevice::~DriverlessDevice()
                0x00000000c001c69e                DriverlessDevice::~DriverlessDevice()

.text._ZN16DriverlessDeviceD0Ev
                0x00000000c001c6b8       0x2a
 .text._ZN16DriverlessDeviceD0Ev
                0x00000000c001c6b8       0x2a hal/device.32
                0x00000000c001c6b8                DriverlessDevice::~DriverlessDevice()

.text._ZN10LinkedListI6DeviceE10addElementEPS0_
                0x00000000c001c6e2       0xdc
 .text._ZN10LinkedListI6DeviceE10addElementEPS0_
                0x00000000c001c6e2       0xdc hal/device.32
                0x00000000c001c6e2                LinkedList<Device>::addElement(Device*)

.text._ZN10LinkedListI6DeviceEC2Ev
                0x00000000c001c7be       0x42
 .text._ZN10LinkedListI6DeviceEC2Ev
                0x00000000c001c7be       0x42 hal/device.32
                0x00000000c001c7be                LinkedList<Device>::LinkedList()
                0x00000000c001c7be                LinkedList<Device>::LinkedList()

.text._ZN10LinkedListIV18ThreadControlBlockE7isEmptyEv
                0x00000000c001c800       0x1c
 .text._ZN10LinkedListIV18ThreadControlBlockE7isEmptyEv
                0x00000000c001c800       0x1c hal/timer.32
                0x00000000c001c800                LinkedList<ThreadControlBlock volatile>::isEmpty()

.text._ZN10LinkedListIV18ThreadControlBlockE15getFirstElementEv
                0x00000000c001c81c        0x7
 .text._ZN10LinkedListIV18ThreadControlBlockE15getFirstElementEv
                0x00000000c001c81c        0x7 hal/timer.32
                0x00000000c001c81c                LinkedList<ThreadControlBlock volatile>::getFirstElement()

.text._ZN10LinkedListIV18ThreadControlBlockE11removeFirstEv
                0x00000000c001c824       0xb8
 .text._ZN10LinkedListIV18ThreadControlBlockE11removeFirstEv
                0x00000000c001c824       0xb8 hal/timer.32
                0x00000000c001c824                LinkedList<ThreadControlBlock volatile>::removeFirst()

.text._ZN10LinkedListIV18ThreadControlBlockE10addElementEPS1_
                0x00000000c001c8dc       0xda
 .text._ZN10LinkedListIV18ThreadControlBlockE10addElementEPS1_
                0x00000000c001c8dc       0xda hal/timer.32
                0x00000000c001c8dc                LinkedList<ThreadControlBlock volatile>::addElement(ThreadControlBlock volatile*)

.text._ZN4ACPID2Ev
                0x00000000c001c9b8       0x23
 .text._ZN4ACPID2Ev
                0x00000000c001c9b8       0x23 hw/acpi.32
                0x00000000c001c9b8                ACPI::~ACPI()
                0x00000000c001c9b8                ACPI::~ACPI()

.text._ZN4ACPID0Ev
                0x00000000c001c9dc       0x2a
 .text._ZN4ACPID0Ev