Archive member included to satisfy reference by file (symbol)

/cygdrive/d/Users/Alex/Desktop/Toolchain/Output/bin/../lib/gcc/i386-banana/8.1.0/libkgcc.a(_divdi3.o)
                              fs/fat/ff.32 (__divdi3)
/cygdrive/d/Users/Alex/Desktop/Toolchain/Output/bin/../lib/gcc/i386-banana/8.1.0/libkgcc.a(_moddi3.o)
                              compat/resolve.32 (__moddi3)
/cygdrive/d/Users/Alex/Desktop/Toolchain/Output/bin/../lib/gcc/i386-banana/8.1.0/libkgcc.a(_udivdi3.o)
                              fs/fat/ff.32 (__udivdi3)
/cygdrive/d/Users/Alex/Desktop/Toolchain/Output/bin/../lib/gcc/i386-banana/8.1.0/libkgcc.a(_umoddi3.o)
                              compat/resolve.32 (__umoddi3)
D:/Users/Alex/Desktop/Banana/kernel/libsoftfp.a(sfieeelib.o)
                              hal/sound/sndhw.32 (__addsf3)
D:/Users/Alex/Desktop/Banana/kernel/libsoftfp.a(dfieeelib.o)
                              hal/libresample/src_linear.32 (__adddf3)
D:/Users/Alex/Desktop/Banana/kernel/libsoftfp.a(sfdfcvt.o)
                              hal/libresample/samplerate.32 (__truncdfsf2)
D:/Users/Alex/Desktop/Banana/kernel/libk/libm32.a(s_fabs.c.o)
                              hal/libresample/samplerate.32 (fabs)
D:/Users/Alex/Desktop/Banana/kernel/libk/libm32.a(s_lrint.S.o)
                              hal/libresample/samplerate.32 (lrint)
D:/Users/Alex/Desktop/Banana/kernel/libk/libm32.a(s_lrintf.S.o)
                              hal/sound/sndhw.32 (lrintf)

Discarded input sections

 .comment       0x0000000000000000       0x12 /cygdrive/d/Users/Alex/Desktop/Toolchain/Output/bin/../lib/gcc/i386-banana/8.1.0/crtbegin.o
 .comment       0x0000000000000000       0x12 acpica/utclib.32
 .comment       0x0000000000000000       0x12 core/malloc.32
 .comment       0x0000000000000000       0x12 libk/string.32
 .comment       0x0000000000000000       0x12 fs/fat/diskio.32
 .comment       0x0000000000000000       0x12 fs/fat/ff.32
 .comment       0x0000000000000000       0x12 fs/fat/ffsystem.32
 .comment       0x0000000000000000       0x12 fs/fat/ffunicode.32
 .comment       0x0000000000000000       0x12 hal/libresample/samplerate.32
 .comment       0x0000000000000000       0x12 hal/libresample/src_linear.32
 .comment       0x0000000000000000       0x12 hal/libresample/src_sinc.32
 .comment       0x0000000000000000       0x12 hal/libresample/src_zoh.32
 .comment       0x0000000000000000       0x12 compat/inlines.32
 .comment       0x0000000000000000       0x12 compat/resolve.32
 .group         0x0000000000000000       0x14 core/computer.32
 .group         0x0000000000000000        0xc core/computer.32
 .comment       0x0000000000000000       0x12 core/computer.32
 .comment       0x0000000000000000       0x12 core/gdt.32
 .group         0x0000000000000000        0xc core/idle.32
 .comment       0x0000000000000000       0x12 core/idle.32
 .comment       0x0000000000000000       0x12 core/idt.32
 .comment       0x0000000000000000       0x12 core/kheap.32
 .comment       0x0000000000000000       0x12 core/main.32
 .comment       0x0000000000000000       0x12 core/physmgr.32
 .group         0x0000000000000000        0xc core/pipe.32
 .comment       0x0000000000000000       0x12 core/pipe.32
 .group         0x0000000000000000        0xc core/terminal.32
 .comment       0x0000000000000000       0x12 core/terminal.32
 .comment       0x0000000000000000       0x12 core/tss.32
 .group         0x0000000000000000        0x8 core/unixfile.32
 .group         0x0000000000000000        0xc core/unixfile.32
 .group         0x0000000000000000        0xc core/unixfile.32
 .group         0x0000000000000000        0x8 core/unixfile.32
 .group         0x0000000000000000        0xc core/unixfile.32
 .group         0x0000000000000000        0x8 core/unixfile.32
 .group         0x0000000000000000        0xc core/unixfile.32
 .group         0x0000000000000000        0xc core/unixfile.32
 .comment       0x0000000000000000       0x12 core/unixfile.32
 .comment       0x0000000000000000       0x12 core/virtmgr.32
 .comment       0x0000000000000000       0x12 coreobjs/c++.32
 .comment       0x0000000000000000       0x12 dbg/kconsole.32
 .group         0x0000000000000000        0xc fs/vfs.32
 .group         0x0000000000000000        0xc fs/vfs.32
 .group         0x0000000000000000        0xc fs/vfs.32
 .comment       0x0000000000000000       0x12 fs/vfs.32
 .group         0x0000000000000000        0xc hal/bus.32
 .comment       0x0000000000000000       0x12 hal/bus.32
 .group         0x0000000000000000        0xc hal/buzzer.32
 .comment       0x0000000000000000       0x12 hal/buzzer.32
 .group         0x0000000000000000        0xc hal/clock.32
 .comment       0x0000000000000000       0x12 hal/clock.32
 .group         0x0000000000000000       0x14 hal/device.32
 .group         0x0000000000000000        0xc hal/device.32
 .group         0x0000000000000000        0xc hal/device.32
 .group         0x0000000000000000        0xc hal/device.32
[...]
Memory Configuration

Name             Origin             Length             Attributes
*default*        0x0000000000000000 0xffffffffffffffff

Linker script and memory map

LOAD D:/Users/Alex/Desktop/Banana/kernel/boot.32
LOAD crti.32
LOAD /cygdrive/d/Users/Alex/Desktop/Toolchain/Output/bin/../lib/gcc/i386-banana/8.1.0/crtbegin.o
LOAD D:/Users/Alex/Desktop/Banana/kernel/morenasm.32
LOAD acpica/utclib.32
LOAD core/malloc.32
LOAD libk/string.32
LOAD fs/fat/diskio.32
LOAD fs/fat/ff.32
LOAD fs/fat/ffsystem.32
LOAD fs/fat/ffunicode.32
LOAD hal/libresample/samplerate.32
LOAD hal/libresample/src_linear.32
LOAD hal/libresample/src_sinc.32
LOAD hal/libresample/src_zoh.32
LOAD compat/inlines.32
LOAD compat/resolve.32
LOAD core/computer.32
LOAD core/gdt.32
LOAD core/idle.32
LOAD core/idt.32
LOAD core/kheap.32
LOAD core/main.32
LOAD core/physmgr.32
LOAD core/pipe.32
LOAD core/terminal.32
LOAD core/tss.32
LOAD core/unixfile.32
LOAD core/virtmgr.32
LOAD coreobjs/c++.32
LOAD dbg/kconsole.32
LOAD fs/vfs.32
LOAD hal/bus.32
LOAD hal/buzzer.32
LOAD hal/clock.32
LOAD hal/device.32
LOAD hal/diskctrl.32
LOAD hal/diskphys.32
LOAD hal/fpu.32
LOAD hal/intctrl.32
LOAD hal/keybrd.32
LOAD hal/logidisk.32
LOAD hal/mouse.32
LOAD hal/partition.32
LOAD hal/serial.32
LOAD hal/timer.32
LOAD hal/vcache.32
LOAD hal/video.32
LOAD hw/acpi.32
LOAD hw/cpu.32
LOAD hw/ports.32
LOAD hw/smp.32
LOAD krnl/env.32
LOAD krnl/panic.32
LOAD net/ethernet.32
LOAD reg/registry.32
LOAD sys/sc_eject.32
LOAD sys/sc_exit.32
LOAD sys/sc_getcwd.32
LOAD sys/sc_getpid.32
LOAD sys/sc_getramdata.32
LOAD sys/sc_loaddll.32
LOAD sys/sc_read.32
LOAD sys/sc_sbrk.32
LOAD sys/sc_setcwd.32
LOAD sys/sc_settime.32
LOAD sys/sc_timezone.32
LOAD sys/sc_write.32
LOAD sys/sc_wsbe.32
LOAD sys/sc_yield.32
LOAD sys/syscalls.32
LOAD thr/elf.32
LOAD thr/prcssthr.32
LOAD vm86/vm8086.32
LOAD vm86/x87em.32
LOAD fs/fat/vfslink.32
LOAD fs/iso9660/vfslink.32
LOAD hal/sound/sndchannel.32
LOAD hal/sound/sndhw.32
LOAD hw/bus/isa.32
LOAD hw/bus/pci.32
LOAD hw/diskctrl/ide.32
LOAD hw/diskctrl/satabus.32
LOAD hw/diskphys/ata.32
LOAD hw/diskphys/atapi.32
LOAD hw/diskphys/sata.32
LOAD hw/diskphys/satapi.32
LOAD hw/fpu/avx.32
LOAD hw/fpu/mmx.32
LOAD hw/fpu/sse.32
LOAD hw/fpu/x87.32
LOAD hw/intctrl/apic.32
LOAD hw/intctrl/pic.32
LOAD hw/timer/apictimer.32
LOAD hw/timer/pit.32
LOAD hw/fpu/x86/avx.32
LOAD hw/fpu/x86/sse.32
LOAD hw/fpu/x86/x87.32
LOAD /cygdrive/d/Users/Alex/Desktop/Toolchain/Output/bin/../lib/gcc/i386-banana/8.1.0/crtend.o
LOAD crtn.32
LOAD /cygdrive/d/Users/Alex/Desktop/Toolchain/Output/bin/../lib/gcc/i386-banana/8.1.0/libkgcc.a
LOAD D:/Users/Alex/Desktop/Banana/kernel/libsoftfp.a
LOAD D:/Users/Alex/Desktop/Banana/kernel/libk/libm32.a
                0x00000000c0000000                . = 0xc0000000

.text           0x00000000c0000000    0x28698
 *(.text)
 .text          0x00000000c0000000       0x41 D:/Users/Alex/Desktop/Banana/kernel/boot.32
                0x00000000c0000020                callGlobalConstructors
 .text          0x00000000c0000041        0x0 crti.32
 *fill*         0x00000000c0000041        0x3 
 .text          0x00000000c0000044      0x101 /cygdrive/d/Users/Alex/Desktop/Toolchain/Output/bin/../lib/gcc/i386-banana/8.1.0/crtbegin.o
 *fill*         0x00000000c0000145        0xb 
 .text          0x00000000c0000150      0x4ed D:/Users/Alex/Desktop/Banana/kernel/morenasm.32
                0x00000000c0000150                manualPCIProbe
                0x00000000c000019b                prepareTramp
                0x00000000c00001b4                voodooXADD
                0x00000000c000027f                doTPAUSE
                0x00000000c0000289                hasLegacyFPU
                0x00000000c00002ae                is486
                0x00000000c00002e4                detectCPUID
                0x00000000c00002fa                goToVM86
                0x00000000c000032a                goToUsermode
                0x00000000c0000354                switchToThreadASMFirstTime
                0x00000000c0000362                switchToThreadASM
                0x00000000c00003ea                asmQuickAcquireLock
                0x00000000c0000408                asmQuickReleaseLock
                0x00000000c0000414                asmAcquireLock
                0x00000000c0000435                asmReleaseLock
                0x00000000c0000448                loadGDT
                0x00000000c0000468                isr0
                0x00000000c0000478                isr1
                0x00000000c0000482                isr2
                0x00000000c000048c                isr3
                0x00000000c0000496                isr4
                0x00000000c00004a0                isr5
                0x00000000c00004aa                isr6
                0x00000000c00004b4                isr7
                0x00000000c00004be                isr8
                0x00000000c00004c6                isr9
                0x00000000c00004d0                isr10
                0x00000000c00004d8                isr11
                0x00000000c00004e0                isr12
                0x00000000c00004e8                isr13
                0x00000000c00004f0                isr14
                0x00000000c00004f8                isr15
                0x00000000c0000502                isr16
                0x00000000c000050c                isr17
                0x00000000c0000516                isr18
                0x00000000c0000520                irq3
                0x00000000c000052a                irq4
                0x00000000c0000534                irq5
                0x00000000c000053e                irq6
                0x00000000c0000548                irq7
                0x00000000c0000552                irq8
                0x00000000c000055c                irq9
                0x00000000c0000566                irq10
                0x00000000c0000570                irq11
                0x00000000c000057a                irq12
                0x00000000c0000584                irq13
                0x00000000c000058e                irq14
                0x00000000c0000598                irq15
                0x00000000c00005a2                irq1
                0x00000000c00005a9                irq2
                0x00000000c00005b0                isr96
                0x00000000c00005b7                irq0
                0x00000000c00005bc                int_common_stub
                0x00000000c00005bc                syscall_common_stub
                0x00000000c00005ed                irq16
                0x00000000c00005f7                irq17
                0x00000000c0000601                irq18
                0x00000000c000060b                irq19
                0x00000000c0000615                irq20
                0x00000000c000061f                irq21
                0x00000000c0000629                irq22
                0x00000000c0000633                irq23
 *fill*         0x00000000c000063d        0x3 
 .text          0x00000000c0000640      0x611 acpica/utclib.32
                0x00000000c0000640                memcmp
                0x00000000c000067c                memmove
                0x00000000c0000744                memcpy
                0x00000000c0000778                memset
                0x00000000c0000794                strlen
                0x00000000c00007ac                strpbrk
                0x00000000c00007e8                strtok
                0x00000000c0000834                strcpy
                0x00000000c0000858                strncpy
                0x00000000c00008c0                strcmp
                0x00000000c0000900                strchr
                0x00000000c0000924                strncmp
                0x00000000c0000974                strcat
                0x00000000c00009a4                strncat
                0x00000000c00009e0                strstr
                0x00000000c0000a28                toupper
                0x00000000c0000a3c                tolower
                0x00000000c0000a50                simple_strtoul
 .text          0x00000000c0000c51      0xfbf core/malloc.32
                0x00000000c0000dbc                dlfree
                0x00000000c0001117                dlmalloc
                0x00000000c0001654                dlrealloc
                0x00000000c0001809                dlmemalign
                0x00000000c000192c                dlcalloc
                0x00000000c00019c6                dlcfree
                0x00000000c00019cb                dlindependent_calloc
                0x00000000c00019f0                dlindependent_comalloc
                0x00000000c0001a07                dlvalloc
                0x00000000c0001a32                dlpvalloc
                0x00000000c0001a68                dlmalloc_trim
                0x00000000c0001a75                dlmalloc_usable_size
                0x00000000c0001aa6                dlmallinfo
                0x00000000c0001b75                dlmalloc_stats
                0x00000000c0001b86                dlmallopt
 .text          0x00000000c0001c10        0x0 libk/string.32
 .text          0x00000000c0001c10       0x51 fs/fat/diskio.32
                0x00000000c0001c10                disk_status
                0x00000000c0001c13                disk_initialize
                0x00000000c0001c16                disk_read
                0x00000000c0001c2c                disk_write
                0x00000000c0001c42                disk_ioctl
 .text          0x00000000c0001c61     0x6833 fs/fat/ff.32
                0x00000000c0004f2f                f_mount
                0x00000000c0004f91                f_open
                0x00000000c00053cd                f_read
                0x00000000c000564d                f_write
                0x00000000c0005907                f_sync
                0x00000000c0005ae3                f_close
                0x00000000c0005b12                f_lseek
                0x00000000c0005fc9                f_opendir
                0x00000000c00060cb                f_closedir
                0x00000000c00060ed                f_readdir
                0x00000000c0006188                f_stat
                0x00000000c0006217                f_getfree
                0x00000000c00063e2                f_truncate
                0x00000000c00064da                f_unlink
                0x00000000c000665d                f_mkdir
                0x00000000c0006889                f_rename
                0x00000000c0006b7c                f_chmod
                0x00000000c0006c5a                f_utime
                0x00000000c0006d38                f_getlabel
                0x00000000c0006f26                f_setlabel
                0x00000000c0007193                f_forward
                0x00000000c0007371                f_mkfs
 .text          0x00000000c0008494       0x2d fs/fat/ffsystem.32
                0x00000000c0008494                ff_memalloc
                0x00000000c00084aa                ff_memfree
 .text          0x00000000c00084c1      0x253 fs/fat/ffunicode.32
                0x00000000c00084c1                ff_uni2oem
                0x00000000c0008551                ff_oem2uni
                0x00000000c00085bd                ff_wtoupper
 .text          0x00000000c0008714      0x8fb hal/libresample/samplerate.32
                0x00000000c0008758                src_delete
                0x00000000c0008794                src_process
                0x00000000c000894a                src_callback_read
                0x00000000c0008ac7                src_set_ratio
                0x00000000c0008b31                src_get_channels
                0x00000000c0008b53                src_reset
                0x00000000c0008b9f                src_new
                0x00000000c0008c2d                src_callback_new
                0x00000000c0008c8f                src_get_name
                0x00000000c0008cc6                src_get_description
                0x00000000c0008cfd                src_get_version
                0x00000000c0008d03                src_is_valid_ratio
                0x00000000c0008d57                src_error
                0x00000000c0008d65                src_strerror
                0x00000000c0008d78                src_simple
                0x00000000c0008dcb                src_short_to_float_array
                0x00000000c0008e30                src_float_to_short_array
                0x00000000c0008eef                src_int_to_float_array
                0x00000000c0008f52                src_float_to_int_array
 .text          0x00000000c000900f      0x8cb hal/libresample/src_linear.32
                0x00000000c0009835                linear_get_name
                0x00000000c0009844                linear_get_description
                0x00000000c0009853                linear_set_converter
 .text          0x00000000c00098da     0x447c hal/libresample/src_sinc.32
                0x00000000c000dc6d                sinc_get_name
                0x00000000c000dc80                sinc_get_description
                0x00000000c000dc93                sinc_set_converter
 .text          0x00000000c000dd56      0x77c hal/libresample/src_zoh.32
                0x00000000c000e42d                zoh_get_name
                0x00000000c000e43c                zoh_get_description
                0x00000000c000e44b                zoh_set_converter
 .text          0x00000000c000e4d2       0x23 compat/inlines.32
                0x00000000c000e4d2                CPU::current()
                0x00000000c000e4df                operator new(unsigned long)
 .text          0x00000000c000e4f5      0x111 compat/resolve.32
                0x00000000c000e4f5                Krnl::resolveCompatibilitySymbol(char*)
 .text          0x00000000c000e606      0xa17 core/computer.32
                0x00000000c000e606                Computer::close(int, int, void*)
                0x00000000c000e64a                Krnl::firstTask()
                0x00000000c000e73a                Computer::Computer()
                0x00000000c000e73a                Computer::Computer()
                0x00000000c000e896                Computer::setBootMessage(char const*)
                0x00000000c000e898                Computer::detectFeatures()
                0x00000000c000eaa2                Computer::displayFeatures()
                0x00000000c000ede8                Computer::rdmsr(unsigned int)
                0x00000000c000ee14                Computer::wrmsr(unsigned int, unsigned long long)
                0x00000000c000ee4c                Computer::nmiEnabled()
                0x00000000c000ee58                Computer::readCMOS(unsigned char)
                0x00000000c000ee72                Computer::enableNMI(bool)
                0x00000000c000ee8a                Computer::open(int, int, void*)
                0x00000000c000ef60                Computer::disableNMI()
                0x00000000c000ef6e                Computer::writeCMOS(unsigned char, unsigned char)
                0x00000000c000ef8c                Computer::handleNMI()
                0x00000000c000eff2                Computer::setDiskActivityLight(int, bool)
 *fill*         0x00000000c000f01d        0x1 
 .text          0x00000000c000f01e      0x1b7 core/gdt.32
                0x00000000c000f01e                GDTEntry::setBase(unsigned int)
                0x00000000c000f03a                GDTEntry::setLimit(unsigned int)
                0x00000000c000f058                GDT::GDT()
                0x00000000c000f058                GDT::GDT()
                0x00000000c000f06e                GDT::addEntry(GDTEntry)
                0x00000000c000f0aa                GDT::getNumberOfEntries()
                0x00000000c000f0b2                GDT::flush()
                0x00000000c000f0d4                GDT::setup()
 .text          0x00000000c000f1d5       0x62 core/idle.32
                0x00000000c000f1d5                idleFunction(void*)
 *fill*         0x00000000c000f237        0x1 
 .text          0x00000000c000f238      0x45f core/idt.32
                0x00000000c000f238                IDTEntry::IDTEntry(bool)
                0x00000000c000f238                IDTEntry::IDTEntry(bool)
                0x00000000c000f2a6                IDTEntry::setOffset(unsigned int)
                0x00000000c000f2ba                IDT::IDT()
                0x00000000c000f2ba                IDT::IDT()
                0x00000000c000f2bc                IDT::getPointerToInvalidOpcodeEntryForF00F()
                0x00000000c000f2c4                IDT::addEntry(IDTEntry, int)
                0x00000000c000f2de                IDT::addEntry(int, void (*)(), bool)
                0x00000000c000f316                IDT::flush()
                0x00000000c000f330                IDT::setup()
 .text          0x00000000c000f697      0x203 core/kheap.32
                0x00000000c000f697                sbrk
                0x00000000c000f7a5                mmap
                0x00000000c000f7bb                munmap
                0x00000000c000f7d1                liballoc_lock()
                0x00000000c000f7e2                liballoc_unlock()
                0x00000000c000f7f3                liballoc_alloc(int)
                0x00000000c000f80e                liballoc_free(void*, int)
                0x00000000c000f82c                realloc
                0x00000000c000f840                malloc
                0x00000000c000f850                free
                0x00000000c000f860                rfree
                0x00000000c000f870                calloc
 .text          0x00000000c000f89a      0x485 core/main.32
                0x00000000c000f89a                hwTextMode_loadInData(VgaText*)
                0x00000000c000f8e5                hwTextMode_loadInTitle(VgaText*, char*)
                0x00000000c000f963                hwTextMode_showCursor(VgaText*, bool)
                0x00000000c000f9c1                hwTextMode_update(VgaText*)
                0x00000000c000f9c2                hwTextMode_updateCursor(VgaText*)
                0x00000000c000fa13                hwTextMode_disableBlink(VgaText*, bool)
                0x00000000c000fa59                hwTextMode_scrollScreen(VgaText*)
                0x00000000c000fb06                hwTextMode_writeCharacter(VgaText*, char, VgaColour, VgaColour, int, int)
                0x00000000c000fb88                setupTextMode()
                0x00000000c000fbf8                kernel_main
 .text          0x00000000c000fd1f      0x5c8 core/physmgr.32
                0x00000000c000fd1f                Phys::allocateDMA(unsigned long)
                0x00000000c000fdc2                Phys::freeDMA(unsigned long, unsigned long)
                0x00000000c000fe0a                Phys::setPageState(unsigned long, bool)
                0x00000000c000fe3c                Phys::getPageState(unsigned long)
                0x00000000c000fe58                Phys::freePage(unsigned long)
                0x00000000c000fee2                Phys::allocatePage()
                0x00000000c0010025                Phys::allocateContiguousPages(int)
                0x00000000c001007f                Phys::allowSegmentToBeUsed(unsigned long, unsigned long)
                0x00000000c00100b7                Phys::physicalMemorySetup(unsigned int)
 *fill*         0x00000000c00102e7        0x1 
 .text          0x00000000c00102e8      0x273 core/pipe.32
                0x00000000c00102e8                Pipe::isAtty()
                0x00000000c00102ec                Pipe::~Pipe()
                0x00000000c00102ec                Pipe::~Pipe()
                0x00000000c0010310                Pipe::~Pipe()
                0x00000000c0010338                Pipe::read(unsigned long long, void*, int*)
                0x00000000c001042c                Pipe::write(unsigned long long, void*, int*)
                0x00000000c00104f4                Pipe::Pipe(int)
                0x00000000c00104f4                Pipe::Pipe(int)
 *fill*         0x00000000c001055b        0x1 
 .text          0x00000000c001055c      0xf73 core/terminal.32
                0x00000000c001055c                VgaText::isAtty()
                0x00000000c0010560                VgaText::~VgaText()
                0x00000000c0010560                VgaText::~VgaText()
                0x00000000c0010584                VgaText::~VgaText()
                0x00000000c00105ae                VgaText::read(unsigned long long, void*, int*)
                0x00000000c00105ce                setTerminalScrollLock(bool)
                0x00000000c00105cf                addToTerminalCycle(VgaText*)
                0x00000000c00105fc                installVgaTextImplementation()
                0x00000000c0010611                scrollTerminalScrollLock(int)
                0x00000000c0010612                VgaText::load()
                0x00000000c0010666                VgaText::updateCursor()
                0x00000000c0010680                VgaText::showCursor(bool)
                0x00000000c0010690                VgaText::disableBlink(bool)
                0x00000000c00106ca                VgaText::doANSI_SGR(int)
                0x00000000c0010756                VgaText::setDefaultBgColour(VgaColour)
                0x00000000c001076c                VgaText::setDefaultFgColour(VgaColour)
                0x00000000c0010782                VgaText::setDefaultColours(VgaColour, VgaColour)
                0x00000000c00107a2                VgaText::combineColours(unsigned char, unsigned char)
                0x00000000c00107b4                VgaText::scrollScreen()
                0x00000000c0010848                VgaText::combineCharAndColour(char, unsigned char)
                0x00000000c001085a                VgaText::writeCharacter(char, VgaColour, VgaColour, int, int)
                0x00000000c00108ba                VgaText::getCursorX()
                0x00000000c00108c6                VgaText::getCursorY()
                0x00000000c00108d2                VgaText::setCursor(int, int)
                0x00000000c00108f0                VgaText::setCursorX(int)
                0x00000000c001090c                VgaText::setCursorY(int)
                0x00000000c0010928                VgaText::incrementCursor(bool)
                0x00000000c0010990                VgaText::updateRAMUsageDisplay(int)
                0x00000000c00109f4                VgaText::updateDiskUsage()
                0x00000000c0010b5e                VgaText::updateTitle()
                0x00000000c0010ba4                VgaText::setTitleTextColour(VgaColour)
                0x00000000c0010bb4                VgaText::setTitleColour(VgaColour)
                0x00000000c0010bc4                VgaText::setTitle(char*)
                0x00000000c0010bea                VgaText::decrementCursor(bool)
                0x00000000c0010c12                VgaText::putchar(char, VgaColour, VgaColour)
                0x00000000c0010d0e                VgaText::isShowingCursor()
                0x00000000c0010d1a                VgaText::isBlinkDisabled()
                0x00000000c0010d28                VgaText::setCursorHeight(int)
                0x00000000c0010d46                VgaText::getCursorHeight()
                0x00000000c0010d51                setActiveTerminal(VgaText*)
                0x00000000c0010e03                doTerminalCycle()
                0x00000000c0010e20                VgaText::doUpdate()
                0x00000000c0010e32                VgaText::puts(char const*, VgaColour, VgaColour)
                0x00000000c0010ff2                VgaText::clearScreen()
                0x00000000c0011056                VgaText::putchar(char)
                0x00000000c0011170                VgaText::puts(char const*)
                0x00000000c0011196                VgaText::putx(unsigned int)
                0x00000000c00111dc                VgaText::VgaText(char const*)
                0x00000000c00111dc                VgaText::VgaText(char const*)
                0x00000000c001136e                VgaText::receiveKey(unsigned char)
                0x00000000c0011456                VgaText::write(unsigned long long, void*, int*)
                0x00000000c00114aa                newTerminal(char*)
 *fill*         0x00000000c00114cf        0x1 
 .text          0x00000000c00114d0      0x1b3 core/tss.32
                0x00000000c00114d0                TSS::TSS()
                0x00000000c00114d0                TSS::TSS()
                0x00000000c00114de                TSS::setESP(unsigned long)
                0x00000000c00114f0                TSS::flush()
                0x00000000c0011510                TSS::setup(unsigned long, unsigned long)
 *fill*         0x00000000c0011683        0x1 
 .text          0x00000000c0011684      0x4c2 core/unixfile.32
                0x00000000c0011684                ReservedFilename::read(unsigned long long, void*, int*)
                0x00000000c00116da                ReservedFilename::isAtty()
                0x00000000c00116f6                ReservedFilename::write(unsigned long long, void*, int*)
                0x00000000c0011754                UnixFile::getFileDescriptor()
                0x00000000c001175c                UnixFile::UnixFile(int)
                0x00000000c001175c                UnixFile::UnixFile(int)
                0x00000000c001190c                ReservedFilename::ReservedFilename(int)
                0x00000000c001190c                ReservedFilename::ReservedFilename(int)
                0x00000000c001193e                UnixFile::~UnixFile()
                0x00000000c001193e                UnixFile::~UnixFile()
                0x00000000c00119d6                UnixFile::~UnixFile()
                0x00000000c00119fe                ReservedFilename::~ReservedFilename()
                0x00000000c00119fe                ReservedFilename::~ReservedFilename()
                0x00000000c0011a22                ReservedFilename::~ReservedFilename()
                0x00000000c0011a49                getFromFileDescriptor(int)
 .text          0x00000000c0011b46     0x12f6 core/virtmgr.32
                0x00000000c0011b46                Virt::setPageState(unsigned long, Virt::VirtPageState)
                0x00000000c0011b7b                Virt::getPageState(unsigned long)
                0x00000000c0011b9f                Virt::allocateKernelVirtualPages(int)
                0x00000000c0011cb0                Virt::freeSwapfilePage(unsigned long)
                0x00000000c0011cce                Virt::swapIDToSector(unsigned long)
                0x00000000c0011ce0                Virt::allocateSwapfilePage()
                0x00000000c0011d5e                Virt::virtualMemorySetup()
                0x00000000c0011ddd                Virt::swappingSetup()
                0x00000000c0011e3a                Virt::getAKernelVAS()
                0x00000000c0011e40                Virt::setupPageSwapping(int)
                0x00000000c0011f70                VAS::VAS()
                0x00000000c0011f70                VAS::VAS()
                0x00000000c0011fa0                VAS::VAS(VAS*)
                0x00000000c0011fa0                VAS::VAS(VAS*)
                0x00000000c0011fc4                VAS::getForeignPageTableEntry(bool, unsigned long)
                0x00000000c0011ff0                VAS::getPageTableEntry(unsigned long)
                0x00000000c001200f                Virt::freeKernelVirtualPages(unsigned long)
                0x00000000c0012132                VAS::freeAllocatedPages(unsigned long)
                0x00000000c0012156                VAS::virtualToPhysical(unsigned long)
                0x00000000c001216e                VAS::reflagRange(unsigned long, int, int, int)
                0x00000000c00121ae                VAS::setToWriteCombining(unsigned long, int)
                0x00000000c00121e0                VAS::mapOtherVASIn(bool, VAS*)
                0x00000000c001220a                VAS::~VAS()
                0x00000000c001220a                VAS::~VAS()
                0x00000000c0012376                VAS::mapPage(unsigned long, unsigned long, int)
                0x00000000c0012476                VAS::allocatePages(int, int)
                0x00000000c001264e                VAS::setCPUSpecific(unsigned long)
                0x00000000c001266a                VAS::mapRange(unsigned long, unsigned long, int, int)
                0x00000000c0012730                VAS::mapForeignPage(bool, VAS*, unsigned long, unsigned long, int)
                0x00000000c001281e                VAS::VAS(bool)
                0x00000000c001281e                VAS::VAS(bool)
                0x00000000c0012a7a                VAS::evict(unsigned long)
                0x00000000c0012b32                VAS::scanForEviction(int, int)
                0x00000000c0012c4c                VAS::tryLoadBackOffDisk(unsigned long)
                0x00000000c0012d80                mapVASFirstTime
 .text          0x00000000c0012e3c       0x95 coreobjs/c++.32
                0x00000000c0012e3c                __cxa_atexit
                0x00000000c0012e3f                __cxa_finalize
                0x00000000c0012e40                __stack_chk_fail
                0x00000000c0012eac                __cxa_pure_virtual
                0x00000000c0012ebd                operator new[](unsigned long)
                0x00000000c0012ec2                operator delete(void*, unsigned long)
                0x00000000c0012ec7                operator delete[](void*)
                0x00000000c0012ecc                operator delete[](void*, unsigned long)
 .text          0x00000000c0012ed1      0x1ef dbg/kconsole.32
                0x00000000c0012ed1                Dbg::stringifyxWithBase(unsigned int, char*, int)
                0x00000000c0012f32                Dbg::logc(char)
                0x00000000c0012f49                Dbg::logs(char*)
                0x00000000c0012f66                Dbg::logWriteInt(unsigned int)
                0x00000000c0012f83                Dbg::logWriteIntBase(unsigned int, int)
                0x00000000c0012fa2                Dbg::kprintf(char const*, ...)
 .text          0x00000000c00130c0      0xb7c fs/vfs.32
                0x00000000c00130c0                File::read(unsigned long long, void*, int*)
                0x00000000c0013118                File::write(unsigned long long, void*, int*)
                0x00000000c0013170                Directory::read(unsigned long long, void*, int*)
                0x00000000c00131c8                Directory::write(unsigned long long, void*, int*)
                0x00000000c00131f6                File::isAtty()
                0x00000000c00131fa                Directory::isAtty()
                0x00000000c00131fe                Filesystem::getlabel(LogicalDisk*, int, char*, unsigned int*)
                0x00000000c0013204                Filesystem::setlabel(LogicalDisk*, int, char*)
                0x00000000c001320a                File::~File()
                0x00000000c001320a                File::~File()
                0x00000000c001322e                File::~File()
                0x00000000c0013258                Directory::~Directory()
                0x00000000c0013258                Directory::~Directory()
                0x00000000c001327c                Directory::~Directory()
                0x00000000c00132a6                Filesystem::Filesystem()
                0x00000000c00132a6                Filesystem::Filesystem()
                0x00000000c00132ca                Filesystem::~Filesystem()
                0x00000000c00132ca                Filesystem::~Filesystem()
                0x00000000c00132d8                Filesystem::~Filesystem()
                0x00000000c00132fc                Fs::getcwd(Process*, char*, int)
                0x00000000c0013326                Fs::initVFS()
                0x00000000c0013350                Fs::standardiseFiles(char*, char const*, char const*)
                0x00000000c00134fa                File::File(char const*, Process*)
                0x00000000c00134fa                File::File(char const*, Process*)
                0x00000000c001355e                File::open(FileOpenMode)
                0x00000000c00135bc                File::close()
                0x00000000c001361c                File::seek(unsigned long long)
                0x00000000c0013672                File::tell(unsigned long long*)
                0x00000000c00136c2                File::rewind()
                0x00000000c00136d6                File::unlink()
                0x00000000c0013722                File::rename(char const*)
                0x00000000c0013770                File::chfatattr(unsigned char, unsigned char)
                0x00000000c00137cc                File::exists()
                0x00000000c001380a                File::stat(unsigned long long*, bool*)
                0x00000000c001386b                Fs::setcwd(Process*, char*)
                0x00000000c00139a6                Directory::Directory(char const*, Process*)
                0x00000000c00139a6                Directory::Directory(char const*, Process*)
                0x00000000c0013a0a                Directory::open()
                0x00000000c0013a66                Directory::close()
                0x00000000c0013ac6                Directory::unlink()
                0x00000000c0013b12                Directory::rename(char const*)
                0x00000000c0013b60                Directory::exists()
                0x00000000c0013b9e                Directory::read(dirent*)
                0x00000000c0013bea                Directory::create()
                0x00000000c0013c36                Filesystem::chfatattr(char const*, unsigned char, unsigned char)
 .text          0x00000000c0013c3c       0x84 hal/bus.32
                0x00000000c0013c3c                Bus::Bus(char const*)
                0x00000000c0013c3c                Bus::Bus(char const*)
                0x00000000c0013c72                Bus::~Bus()
                0x00000000c0013c72                Bus::~Bus()
                0x00000000c0013c96                Bus::~Bus()
 .text          0x00000000c0013cc0      0x14e hal/buzzer.32
                0x00000000c0013cc0                Buzzer::Buzzer(char const*)
                0x00000000c0013cc0                Buzzer::Buzzer(char const*)
                0x00000000c0013d04                Buzzer::~Buzzer()
                0x00000000c0013d04                Buzzer::~Buzzer()
                0x00000000c0013d28                Buzzer::~Buzzer()
                0x00000000c0013d52                Buzzer::stop()
                0x00000000c0013d65                beepThread(void*)
                0x00000000c0013da0                Buzzer::beep(int, int, bool)
 .text          0x00000000c0013e0e      0x467 hal/clock.32
                0x00000000c0013e0e                User::loadClockSettings(int)
                0x00000000c0013e60                Clock::Clock(char const*)
                0x00000000c0013e60                Clock::Clock(char const*)
                0x00000000c0013e96                Clock::~Clock()
                0x00000000c0013e96                Clock::~Clock()
                0x00000000c0013eba                Clock::~Clock()
                0x00000000c0013ee4                Clock::timeInSecondsLocal()
                0x00000000c0013f2c                Clock::setTimeInSecondsLocal(unsigned long long)
                0x00000000c0013f85                datetimeToSeconds(datetime_t)
                0x00000000c00140ac                Clock::setTimeInDatetimeLocal(datetime_t)
                0x00000000c001410c                secondsToDatetime(unsigned long long)
                0x00000000c0014250                Clock::timeInDatetimeLocal()
 *fill*         0x00000000c0014275        0x1 
 .text          0x00000000c0014276      0x4de hal/device.32
                0x00000000c0014276                Device::hibernate()
                0x00000000c0014278                Device::wake()
                0x00000000c001427a                Device::detect()
                0x00000000c001427c                Device::disableLegacy()
                0x00000000c001427e                Device::powerSaving(PowerSavingLevel)
                0x00000000c0014280                DriverlessDevice::close(int, int, void*)
                0x00000000c0014284                DriverlessDevice::detect()
                0x00000000c0014286                DriverlessDevice::open(int, int, void*)
                0x00000000c001429a                Device::~Device()
                0x00000000c001429a                Device::~Device()
                0x00000000c00142a8                Device::~Device()
                0x00000000c00142d0                Device::findAndLoadDriver()
                0x00000000c00142d2                Device::preOpenPCI(PCIDeviceInfo)
                0x00000000c00142f8                Device::preOpenACPI(void*, char*, char*)
                0x00000000c001434c                Device::addIRQHandler(int, void (*)(regs*, void*), bool, void*)
                0x00000000c001438a                Device::removeIRQHandler(int, void (*)(regs*, void*), bool)
                0x00000000c00143c8                Device::addChild(Device*)
                0x00000000c001440c                Device::removeAllChildren()
                0x00000000c0014452                Device::hibernateAll()
                0x00000000c0014482                Device::wakeAll()
                0x00000000c00144b2                Device::detectAll()
                0x00000000c00144e2                Device::disableLegacyAll()
                0x00000000c0014512                Device::loadDriversForAll()
                0x00000000c001453e                Device::closeAll()
                0x00000000c0014574                Device::powerSavingAll(PowerSavingLevel)
                0x00000000c00145aa                Device::setName(char const*)
                0x00000000c00145b8                Device::Device(char const*)
                0x00000000c00145b8                Device::Device(char const*)
                0x00000000c00146b4                Device::getName()
                0x00000000c00146be                DriverlessDevice::DriverlessDevice(char const*)
                0x00000000c00146be                DriverlessDevice::DriverlessDevice(char const*)
                0x00000000c00146e6                Device::addToLinkedList(LinkedList<Device>&, DeviceType)
                0x00000000c001472a                getDevicesOfType(DeviceType)
 .text          0x00000000c0014754       0x84 hal/diskctrl.32
                0x00000000c0014754                HardDiskController::HardDiskController(char const*)
                0x00000000c0014754                HardDiskController::HardDiskController(char const*)
                0x00000000c001478a                HardDiskController::~HardDiskController()
                0x00000000c001478a                HardDiskController::~HardDiskController()
                0x00000000c00147ae                HardDiskController::~HardDiskController()
 .text          0x00000000c00147d8       0xf2 hal/diskphys.32
                0x00000000c00147d8                PhysicalDisk::eject()
                0x00000000c00147ec                PhysicalDisk::PhysicalDisk(char const*, int)
                0x00000000c00147ec                PhysicalDisk::PhysicalDisk(char const*, int)
                0x00000000c0014854                PhysicalDisk::startCache()
                0x00000000c001487c                PhysicalDisk::~PhysicalDisk()
                0x00000000c001487c                PhysicalDisk::~PhysicalDisk()
                0x00000000c00148a0                PhysicalDisk::~PhysicalDisk()
 .text          0x00000000c00148ca      0x13b hal/fpu.32
                0x00000000c00148ca                FPU::FPU(char const*)
                0x00000000c00148ca                FPU::FPU(char const*)
                0x00000000c0014900                FPU::~FPU()
                0x00000000c0014900                FPU::~FPU()
                0x00000000c0014924                FPU::~FPU()
                0x00000000c001494e                setupFPU()
 *fill*         0x00000000c0014a05        0x1 
 .text          0x00000000c0014a06     0x13a7 hal/intctrl.32
                0x00000000c0014a06                InterruptController::uninstallISRHandler(int, void (*)(regs*, void*))
                0x00000000c0014a3e                InterruptController::installISRHandler(int, void (*)(regs*, void*), void*)
                0x00000000c0014a90                doubleFault(regs*, void*)
                0x00000000c0014aaa                InterruptController::installIRQHandler(int, void (*)(regs*, void*), bool, void*)
                0x00000000c0014b46                InterruptController::clearAllHandlers(int, bool)
                0x00000000c0014bee                InterruptController::uninstallIRQHandler(int, void (*)(regs*, void*), bool)
                0x00000000c0014c75                nmiHandler(regs*, void*)
                0x00000000c0014c83                int_handler
                0x00000000c0014d24                InterruptController::InterruptController(char const*)
                0x00000000c0014d24                InterruptController::InterruptController(char const*)
                0x00000000c0014dca                InterruptController::~InterruptController()
                0x00000000c0014dca                InterruptController::~InterruptController()
                0x00000000c0014dee                InterruptController::~InterruptController()
                0x00000000c0014e18                displayDebugInfo(regs*)
                0x00000000c00152a7                x87EmulHandler(regs*, void*)
                0x00000000c00152d6                gpFault(regs*, void*)
                0x00000000c001530f                pgFault(regs*, void*)
                0x00000000c001534b                otherISRHandler(regs*, void*)
                0x00000000c001536a                opcodeFault(regs*, void*)
                0x00000000c0015970                displayProgramFault(char const*)
                0x00000000c0015998                setupInterruptController()
                0x00000000c0015d60                InterruptController::convertLegacyIRQNumber(int)
 *fill*         0x00000000c0015dad        0x1 
 .text          0x00000000c0015dae      0x6c8 hal/keybrd.32
                0x00000000c0015dae                startGUI(void*)
                0x00000000c0015e0a                startGUIVESA(void*)
                0x00000000c0015e66                sendKeyToTerminal(unsigned char)
                0x00000000c0015ed2                sendKeyboardToken(KeyboardToken)
                0x00000000c001630f                clearInternalKeybuffer(VgaText*)
                0x00000000c0016344                readKeyboard(VgaText*, char*, unsigned long)
                0x00000000c00163ec                Keyboard::Keyboard(char const*)
                0x00000000c00163ec                Keyboard::Keyboard(char const*)
                0x00000000c0016428                Keyboard::~Keyboard()
                0x00000000c0016428                Keyboard::~Keyboard()
                0x00000000c001644c                Keyboard::~Keyboard()
 .text          0x00000000c0016476      0x414 hal/logidisk.32
                0x00000000c0016476                LogicalDisk::close(int, int, void*)
                0x00000000c001647a                LogicalDisk::~LogicalDisk()
                0x00000000c001647a                LogicalDisk::~LogicalDisk()
                0x00000000c001649e                LogicalDisk::~LogicalDisk()
                0x00000000c00164c8                LogicalDisk::open(int, int, void*)
                0x00000000c00164dc                LogicalDisk::absoluteToRelative(unsigned long long)
                0x00000000c0016514                LogicalDisk::relativeToAbsolute(unsigned long long)
                0x00000000c001655a                LogicalDisk::LogicalDisk(char const*, PhysicalDisk*, unsigned long long, unsigned long long)
                0x00000000c001655a                LogicalDisk::LogicalDisk(char const*, PhysicalDisk*, unsigned long long, unsigned long long)
                0x00000000c0016610                LogicalDisk::assignDriveLetter()
                0x00000000c00166c6                LogicalDisk::mount()
                0x00000000c0016738                LogicalDisk::unmount()
                0x00000000c0016748                LogicalDisk::eject()
                0x00000000c001675c                LogicalDisk::unassignDriveLetter()
                0x00000000c00167b2                LogicalDisk::read(unsigned long long, int, void*)
                0x00000000c001681e                LogicalDisk::write(unsigned long long, int, void*)
 .text          0x00000000c001688a       0x84 hal/mouse.32
                0x00000000c001688a                Mouse::Mouse(char const*)
                0x00000000c001688a                Mouse::Mouse(char const*)
                0x00000000c00168c0                Mouse::~Mouse()
                0x00000000c00168c0                Mouse::~Mouse()
                0x00000000c00168e4                Mouse::~Mouse()
 .text          0x00000000c001690e      0x34d hal/partition.32
                0x00000000c001690e                makePartition(PhysicalDisk*, unsigned long long, unsigned long long)
                0x00000000c00169ca                createPartitionsForDisk(PhysicalDisk*)
 *fill*         0x00000000c0016c5b        0x1 
 .text          0x00000000c0016c5c       0x84 hal/serial.32
                0x00000000c0016c5c                Serial::Serial(char const*)
                0x00000000c0016c5c                Serial::Serial(char const*)
                0x00000000c0016c92                Serial::~Serial()
                0x00000000c0016c92                Serial::~Serial()
                0x00000000c0016cb6                Serial::~Serial()
 .text          0x00000000c0016ce0      0x2b8 hal/timer.32
                0x00000000c0016ce0                Timer::Timer(char const*)
                0x00000000c0016ce0                Timer::Timer(char const*)
                0x00000000c0016d16                Timer::~Timer()
                0x00000000c0016d16                Timer::~Timer()
                0x00000000c0016d3a                Timer::~Timer()
                0x00000000c0016d64                Timer::read()
                0x00000000c0016d6f                timerHandler(unsigned long long)
                0x00000000c0016ea6                setupTimer(int)
 .text          0x00000000c0016f98      0x425 hal/vcache.32
                0x00000000c0016f98                VCache::VCache(PhysicalDisk*)
                0x00000000c0016f98                VCache::VCache(PhysicalDisk*)
                0x00000000c0017100                VCache::invalidateReadBuffer()
                0x00000000c0017110                VCache::writeWriteBuffer()
                0x00000000c001714c                VCache::~VCache()
                0x00000000c001714c                VCache::~VCache()
                0x00000000c00171a0                VCache::~VCache()
                0x00000000c00171c8                VCache::write(unsigned long long, int, void*)
                0x00000000c00172be                VCache::read(unsigned long long, int, void*)
 *fill*         0x00000000c00173bd        0x1 
 .text          0x00000000c00173be      0x4cd hal/video.32
                0x00000000c00173be                Video::putrect(int, int, int, int, unsigned int)
                0x00000000c001740a                Video::bitblit(int, int, int, int, int, int, int, unsigned int*)
                0x00000000c001747a                Video::blit(unsigned int*, int, int, int, int)
                0x00000000c00174f8                Video::clearScreen(unsigned int)
                0x00000000c001752c                Video::putpixel(int, int, unsigned int)
                0x00000000c001753a                Video::Video(char const*)
                0x00000000c001753a                Video::Video(char const*)
                0x00000000c0017570                Video::~Video()
                0x00000000c0017570                Video::~Video()
                0x00000000c0017594                Video::~Video()
                0x00000000c00175be                Video::isMonochrome()
                0x00000000c00175ca                Video::getWidth()
                0x00000000c00175d6                Video::getHeight()
                0x00000000c00175e2                Video::drawCursor(int, int, unsigned char*, int)
                0x00000000c001769e                Video::tgaParse(unsigned char*, int, int*, int*)
                0x00000000c0017820                Video::putTGA(int, int, unsigned char*, int)
 *fill*         0x00000000c001788b        0x1 
 .text          0x00000000c001788c      0xf64 hw/acpi.32
                0x00000000c001788c                ACPI::close(int, int, void*)
                0x00000000c0017941                findRSDP()
                0x00000000c00179cb                loadACPITables(unsigned char*)
                0x00000000c0017bf2                findRSDT(unsigned char*)
                0x00000000c0017d10                findDataTable(unsigned char*, char*)
                0x00000000c0017dac                scanMADT()
                0x00000000c0018232                ACPI::ACPI()
                0x00000000c0018232                ACPI::ACPI()
                0x00000000c001829c                ACPI::getPCIIRQAssignment(unsigned char, unsigned short, unsigned char)
                0x00000000c001837e                ACPI::registerPCIIRQAssignment(void*, unsigned short, unsigned char, unsigned char)
                0x00000000c0018444                ACPI::setScreenBrightnessLevel(void*, int)
                0x00000000c001844a                ACPI::writeSimpleBootFlag(SimpleBootFlagTable*)
                0x00000000c0018492                ACPI::open(int, int, void*)
                0x00000000c00187d8                ACPI::sleep()
 .text          0x00000000c00187f0     0x1715 hw/cpu.32
                0x00000000c00187f0                CPU::close(int, int, void*)
                0x00000000c00187f4                CPU::lookupAMDName(unsigned char, unsigned char)
                0x00000000c0018988                CPU::lookupIntelName(unsigned char, unsigned char)
                0x00000000c0018c36                CPU::AMD_K6_write_msr(unsigned int, unsigned int, unsigned int, CPU::REGS*)
                0x00000000c0018c52                CPU::AMD_K6_read_msr(unsigned int, CPU::REGS*)
                0x00000000c0018c6a                CPU::AMD_K6_writeback(int, int, int)
                0x00000000c0018cde                CPU::cpuid(int, unsigned long*, unsigned long*, unsigned long*, unsigned long*)
                0x00000000c0018d62                CPU::cpuidCheckEDX(unsigned int)
                0x00000000c0018d90                CPU::cpuidCheckECX(unsigned int)
                0x00000000c0018dbe                CPU::cpuidCheckExtendedEBX(unsigned int)
                0x00000000c0018dec                CPU::cpuidCheckExtendedECX(unsigned int)
                0x00000000c0018e1a                CPU::CPU()
                0x00000000c0018e1a                CPU::CPU()
                0x00000000c0018ea8                CPU::displayFeatures()
                0x00000000c0019124                CPU::detectFeatures()
                0x00000000c0019b14                CPU::setupSMEP()
                0x00000000c0019b20                CPU::setupUMIP()
                0x00000000c0019b2a                CPU::setupTSC()
                0x00000000c0019b34                CPU::setupLargePages()
                0x00000000c0019b3e                CPU::setupPAT()
                0x00000000c0019b7a                CPU::setupMTRR()
                0x00000000c0019b7c                CPU::setupGlobalPages()
                0x00000000c0019b86                CPU::allowUsermodeDataAccess()
                0x00000000c0019b98                CPU::prohibitUsermodeDataAccess()
                0x00000000c0019baa                CPU::setupSMAP()
                0x00000000c0019bb8                CPU::setupFeatures()
                0x00000000c0019c38                CPU::open(int, int, void*)
                0x00000000c0019d0a                CPU::decodeAddress(regs*, int*, bool*, unsigned char*)
 .text          0x00000000c0019f05        0x0 hw/ports.32
 .text          0x00000000c0019f05      0x16a hw/smp.32
                0x00000000c0019f05                Krnl::smpEntry()
                0x00000000c0019f07                Krnl::startCPU(int)
                0x00000000c001a050                Krnl::startCPUs()
 *fill*         0x00000000c001a06f        0x1 
 .text          0x00000000c001a070      0x5d3 krnl/env.32
                0x00000000c001a070                EnvVarContainer::getEnv(char const*)
                0x00000000c001a0ae                EnvVarContainer::setEnv(char const*, char const*)
                0x00000000c001a17a                EnvVarContainer::deleteEnv(char const*)
                0x00000000c001a17c                EnvVarContainer::loadFrom(char const*, char const*)
                0x00000000c001a372                EnvVarContainer::__loadSystem()
                0x00000000c001a38c                EnvVarContainer::__loadUser()
                0x00000000c001a38e                EnvVarContainer::EnvVarContainer(Process*)
                0x00000000c001a38e                EnvVarContainer::EnvVarContainer(Process*)
                0x00000000c001a3b0                EnvVarContainer::~EnvVarContainer()
                0x00000000c001a3b0                EnvVarContainer::~EnvVarContainer()
                0x00000000c001a3e0                Krnl::getEnv(Process*, char const*)
                0x00000000c001a445                Krnl::setEnvSystem(char const*, char const*)
                0x00000000c001a45f                Krnl::setEnvUser(char const*, char const*)
                0x00000000c001a47e                Krnl::setEnvProcess(Process*, char const*, char const*)
                0x00000000c001a491                Krnl::deleteEnvSystem(char const*)
                0x00000000c001a492                Krnl::deleteEnvUser(char const*)
                0x00000000c001a493                Krnl::deleteEnvProcess(Process*, char const*)
                0x00000000c001a494                Krnl::newProcessEnv(Process*)
                0x00000000c001a4b6                Krnl::copyProcessEnv(Process*, Process*)
                0x00000000c001a50a                Krnl::loadSystemEnv()
                0x00000000c001a538                Krnl::loadUserEnv()
                0x00000000c001a55e                Krnl::flushEnv()
                0x00000000c001a55f                Krnl::getProcessTotalEnvCount(Process*)
                0x00000000c001a57f                Krnl::getProcessEnvPair(Process*, int)
 .text          0x00000000c001a643      0x396 krnl/panic.32
                0x00000000c001a643                Krnl::panic(char const*)
 .text          0x00000000c001a9d9      0x3b6 net/ethernet.32
                0x00000000c001a9d9                Net::switchEndian16(unsigned short)
                0x00000000c001a9fa                Net::switchEndian32(unsigned int)
                0x00000000c001aa29                Net::crc32Calc(unsigned char*, int)
                0x00000000c001aaba                Net::wrapEthernetFrame(Net::UnwrappedEthernetFrame, unsigned char*)
                0x00000000c001abf6                Net::unwrapEthernetFrame(unsigned char*, int)
 .text          0x00000000c001ad8f      0x513 reg/registry.32
                0x00000000c001ad8f                Reg::findLineFromLoadedData(char*, char*, char*)
                0x00000000c001aee7                Reg::getLineFromRegistry(char*, char*, char*, char*)
                0x00000000c001b03c                Reg::getLine(char*, char*, char*)
                0x00000000c001b073                Reg::readInt(char*, char*, int*)
                0x00000000c001b15e                Reg::readString(char*, char*, char*, int)
                0x00000000c001b1df                Reg::readBool(char*, char*, bool*)
                0x00000000c001b204                Reg::readBoolWithDefault(char*, char*, bool)
                0x00000000c001b230                Reg::readIntWithDefault(char*, char*, int)
                0x00000000c001b25c                Reg::readStringWithDefault(char*, char*, char*, int, char*)
 .text          0x00000000c001b2a2       0x36 sys/sc_eject.32
                0x00000000c001b2a2                Sys::eject(regs*)
 .text          0x00000000c001b2d8       0x18 sys/sc_exit.32
                0x00000000c001b2d8                Sys::exit(regs*)
 .text          0x00000000c001b2f0       0x1f sys/sc_getcwd.32
                0x00000000c001b2f0                Sys::getCwd(regs*)
 .text          0x00000000c001b30f        0xc sys/sc_getpid.32
                0x00000000c001b30f                Sys::getPID(regs*)
 .text          0x00000000c001b31b       0x17 sys/sc_getramdata.32
                0x00000000c001b31b                Sys::getRAMData(regs*)
 .text          0x00000000c001b332       0xa8 sys/sc_loaddll.32
                0x00000000c001b332                Sys::loadDLL(regs*)
 .text          0x00000000c001b3da       0x68 sys/sc_read.32
                0x00000000c001b3da                Sys::read(regs*)
 .text          0x00000000c001b442       0x55 sys/sc_sbrk.32
                0x00000000c001b442                Sys::sbrk(regs*)
 .text          0x00000000c001b497       0x1c sys/sc_setcwd.32
                0x00000000c001b497                Sys::setCwd(regs*)
 .text          0x00000000c001b4b3      0x128 sys/sc_settime.32
                0x00000000c001b4b3                Sys::setTime(regs*)
 .text          0x00000000c001b5db       0x4a sys/sc_timezone.32
                0x00000000c001b5db                Sys::timezone(regs*)
 .text          0x00000000c001b625       0x68 sys/sc_write.32
                0x00000000c001b625                Sys::write(regs*)
 .text          0x00000000c001b68d       0x62 sys/sc_wsbe.32
                0x00000000c001b68d                Sys::wsbe(regs*)
 .text          0x00000000c001b6ef       0x3b sys/sc_yield.32
                0x00000000c001b6ef                Sys::yield(regs*)
 .text          0x00000000c001b72a     0x10e5 sys/syscalls.32
                0x00000000c001b72a                sysCallSeekDir(regs*)
                0x00000000c001b72f                sysCallTellDir(regs*)
                0x00000000c001b734                sysCallVerify(regs*)
                0x00000000c001b73e                sysFormatDisk(regs*)
                0x00000000c001b7a8                sysSetDiskVolumeLabel(regs*)
                0x00000000c001b7ee                sysGetDiskVolumeLabel(regs*)
                0x00000000c001b83f                sysShutdown(regs*)
                0x00000000c001b89d                sysCallRealpath(regs*)
                0x00000000c001b8e0                sysCallGetArgc(regs*)
                0x00000000c001b90e                sysCallReadDir(regs*)
                0x00000000c001b99c                sysCallIsATTY(regs*)
                0x00000000c001b9f6                sysCallSeek(regs*)
                0x00000000c001ba5f                sysCallTell(regs*)
                0x00000000c001badc                sysCallSize(regs*)
                0x00000000c001bb5f                sysCallSizeFromFilename(regs*)
                0x00000000c001bc1f                sysCallClose(regs*)
                0x00000000c001bca7                sysCallOpenDir(regs*)
                0x00000000c001bd1c                sysCallCloseDir(regs*)
                0x00000000c001bd82                sysCallMakeDir(regs*)
                0x00000000c001bdf2                sysCallWait(regs*)
                0x00000000c001be0c                sysCallNotImpl(regs*)
                0x00000000c001be27                sysPanic(regs*)
                0x00000000c001be4d                sysCallRmdir(regs*)
                0x00000000c001beb1                sysCallUnlink(regs*)
                0x00000000c001bf15                sysCallGetArgv(regs*)
                0x00000000c001bf61                sysCallTTYName(regs*)
                0x00000000c001bfe4                sysCallUSleep(regs*)
                0x00000000c001c00b                sysCallSpawn(regs*)
                0x00000000c001c063                sysCallGetEnv(regs*)
                0x00000000c001c19b                sysAppSettings(regs*)
                0x00000000c001c2ba                sysSetFatAttrib(regs*)
                0x00000000c001c32c                sysPipe(regs*)
                0x00000000c001c371                sysGetUnixTime(regs*)
                0x00000000c001c385                string_ends_with(char const*, char const*)
                0x00000000c001c3cd                sysCallOpen(regs*)
                0x00000000c001c5e2                Sys::loadSyscalls()
                0x00000000c001c7cd                Sys::systemCall(regs*, void*)
 .text          0x00000000c001c80f     0x11d4 thr/elf.32
                0x00000000c001c80f                Thr::allocateMemoryForTask(Process*, File*, unsigned long, unsigned long, unsigned long)
                0x00000000c001caa1                Thr::loadProgramIntoMemory(Process*, char const*)
                0x00000000c001ccb7                Thr::runtimeReferenceHelper()
                0x00000000c001ccca                Thr::getAddressOfKernelSymbol(char const*)
                0x00000000c001cd19                Thr::loadKernelSymbolTable(char const*)
                0x00000000c001cfd7                Thr::loadDriverIntoMemory(char const*, unsigned long, bool)
                0x00000000c001d6f3                Thr::getDriverBaseFromAddress(unsigned long)
                0x00000000c001d725                Thr::getDriverNameFromAddress(unsigned long)
                0x00000000c001d75c                Thr::getDriverOffsetFromAddress(unsigned long)
                0x00000000c001d776                Thr::loadDLL(char const*, bool)
                0x00000000c001d9aa                Thr::executeDLL(unsigned long, void*)
 *fill*         0x00000000c001d9e3        0x1 
 .text          0x00000000c001d9e4     0x1056 thr/prcssthr.32
                0x00000000c001d9e4                changeTSS
                0x00000000c001da14                Process::addArgs(char**)
                0x00000000c001da6e                Process::Process(char const*, Process*, char**)
                0x00000000c001da6e                Process::Process(char const*, Process*, char**)
                0x00000000c001dc52                Process::Process(bool, char const*, Process*, char**)
                0x00000000c001dc52                Process::Process(bool, char const*, Process*, char**)
                0x00000000c001de01                disableIRQs()
                0x00000000c001de09                getIRQNestingLevel()
                0x00000000c001de0f                enableIRQs()
                0x00000000c001de1e                lockScheduler()
                0x00000000c001de20                unlockScheduler()
                0x00000000c001de22                userModeEntryPoint(void*)
                0x00000000c001de45                lockStuff()
                0x00000000c001de51                taskStartupFunction
                0x00000000c001de5a                updateTimeUsed()
                0x00000000c001debf                switchToThread(ThreadControlBlock*)
                0x00000000c001df10                Semaphore::Semaphore(int)
                0x00000000c001df10                Semaphore::Semaphore(int)
                0x00000000c001df3e                Mutex::Mutex()
                0x00000000c001df3e                Mutex::Mutex()
                0x00000000c001df50                Process::createThread(void (*)(void*), void*, int)
                0x00000000c001e034                Process::createUserThread()
                0x00000000c001e050                setupMultitasking(void (*)())
                0x00000000c001e15a                schedule()
                0x00000000c001e1df                unlockStuff()
                0x00000000c001e214                Semaphore::tryAcquire()
                0x00000000c001e242                Semaphore::assertLocked(char const*)
                0x00000000c001e272                blockTaskWithSchedulerLockAlreadyHeld(TaskState)
                0x00000000c001e2b4                blockTask(TaskState)
                0x00000000c001e2d5                waitTask(int, int*, int)
                0x00000000c001e317                nanoSleepUntil(unsigned long long)
                0x00000000c001e36e                nanoSleep(unsigned long long)
                0x00000000c001e383                sleep(unsigned long long)
                0x00000000c001e3a0                Semaphore::acquire()
                0x00000000c001e408                taskReturned
                0x00000000c001e436                unblockTask(ThreadControlBlock*)
                0x00000000c001e4e5                cleanupTerminatedTask(ThreadControlBlock*)
                0x00000000c001e7ae                cleanerTaskFunction(void*)
                0x00000000c001e861                terminateTask(int)
                0x00000000c001e941                Thr::terminateFromIRQ(int)
                0x00000000c001e94e                Semaphore::release()
 .text          0x00000000c001ea3a      0xc26 vm86/vm8086.32
                0x00000000c001ea3a                Vm::inbv(unsigned short)
                0x00000000c001ea4d                Vm::outbv(unsigned short, unsigned char)
                0x00000000c001eaa0                Vm::realToLinear(unsigned short, unsigned short)
                0x00000000c001eab0                Vm::getSegment(unsigned int)
                0x00000000c001eab8                Vm::getOffset(unsigned int)
                0x00000000c001eabd                Vm::mainloop2()
                0x00000000c001eaf8                Vm::mainVm8086Loop(void*)
                0x00000000c001eb05                Vm::mainloop3(unsigned long)
                0x00000000c001eb2f                Vm::initialise8086()
                0x00000000c001eb72                Vm::finish8086()
                0x00000000c001ebb7                Vm::getOutput8086(unsigned char*)
                0x00000000c001ebe1                Vm::start8086(char const*, unsigned short, unsigned short, unsigned short, unsigned short)
                0x00000000c001ed31                Vm::doISR(regs*, int, unsigned char*, unsigned short, unsigned short)
                0x00000000c001edbb                Vm::readByteFromReal(unsigned short, unsigned short)
                0x00000000c001edcc                Vm::readWordFromReal(unsigned short, unsigned short)
                0x00000000c001edde                Vm::readDwordFromReal(unsigned short, unsigned short)
                0x00000000c001edef                Vm::writeByteFromReal(unsigned short, unsigned short, unsigned char)
                0x00000000c001ee04                Vm::writeWordFromReal(unsigned short, unsigned short, unsigned short)
                0x00000000c001ee1a                Vm::writeDwordFromReal(unsigned short, unsigned short, unsigned int)
                0x00000000c001ee2f                Vm::faultHandler(regs*)
 .text          0x00000000c001f660      0xefd vm86/x87em.32
                0x00000000c001f660                Vm::fpuInternalTo32(unsigned long long)
                0x00000000c001f6bb                Vm::fpuInternalTo64(unsigned long long)
                0x00000000c001f6c4                Vm::fpu32ToInternal(unsigned int)
                0x00000000c001f709                Vm::fpu64ToInternal(unsigned long long)
                0x00000000c001f712                Vm::fpuFloatToLong(unsigned long long)
                0x00000000c001f76d                Vm::fpuULongToFloat(unsigned long long)
                0x00000000c001f7a3                Vm::fpuLongToFloat(long long)
                0x00000000c001f7f9                Vm::fpuGet0()
                0x00000000c001f7fe                Vm::fpuGet1()
                0x00000000c001f806                Vm::fpuGetPi()
                0x00000000c001f80e                Vm::fpuGetLog2E()
                0x00000000c001f826                Vm::fpuGetLogE2()
                0x00000000c001f83e                Vm::fpuGetLog210()
                0x00000000c001f856                Vm::fpuGetLog102()
                0x00000000c001f86e                Vm::fpuIsSecondLarger(unsigned long long, unsigned long long)
                0x00000000c001f882                Vm::fpuAreEqual(unsigned long long, unsigned long long)
                0x00000000c001f898                Vm::fpuUnorderedCompare(unsigned long long, unsigned long long)
                0x00000000c001f8eb                Vm::fpuAdd(unsigned long long, unsigned long long)
                0x00000000c001f8fc                Vm::fpuAbs(unsigned long long)
                0x00000000c001f905                Vm::fpuChs(unsigned long long)
                0x00000000c001f915                Vm::fpuSub(unsigned long long, unsigned long long)
                0x00000000c001f924                Vm::fpuMultiply(unsigned long long, unsigned long long)
                0x00000000c001f943                Vm::fpuDivide(unsigned long long, unsigned long long)
                0x00000000c001f95f                Vm::fpuSquare(unsigned long long)
                0x00000000c001f975                Vm::fpuGetReg(int)
                0x00000000c001f9b8                Vm::fpuSetReg(int, unsigned long long)
                0x00000000c001fa03                Vm::fpuPush(unsigned long long)
                0x00000000c001fa60                Vm::fpuPop()
                0x00000000c001fab2                Vm::x87Handler(regs*)
 *fill*         0x00000000c002055d        0x1 
 .text          0x00000000c002055e     0x10ed fs/fat/vfslink.32
                0x00000000c002055e                FAT::getName()
                0x00000000c0020564                FAT::tell(void*, unsigned long long*)
                0x00000000c0020598                FAT::stat(void*, unsigned long long*)
                0x00000000c00205cc                FAT::~FAT()
                0x00000000c00205cc                FAT::~FAT()
                0x00000000c00205f0                FAT::~FAT()
                0x00000000c0020618                FAT::getlabel(LogicalDisk*, int, char*, unsigned int*)
                0x00000000c00206b6                FAT::setlabel(LogicalDisk*, int, char*)
                0x00000000c0020770                FAT::format(LogicalDisk*, int, char const*, int)
                0x00000000c0020954                FAT::tryMount(LogicalDisk*, int)
                0x00000000c0020b5a                FAT::readDir(void*, unsigned long, void*, int*)
                0x00000000c0020c60                FAT::read(void*, unsigned long, void*, int*)
                0x00000000c0020cba                FAT::write(void*, unsigned long, void*, int*)
                0x00000000c0020d14                FAT::close(void*)
                0x00000000c0020d60                FAT::closeDir(void*)
                0x00000000c0020dac                FAT::seek(void*, unsigned long long)
                0x00000000c0020e00                fatWrapperReadDisk
                0x00000000c0020e47                fatWrapperWriteDisk
                0x00000000c0020e8e                fatWrapperIoctl
                0x00000000c0020f92                FAT::FAT()
                0x00000000c0020f92                FAT::FAT()
                0x00000000c0020fe4                FAT::fixFilepath(char*)
                0x00000000c002101c                FAT::open(char const*, void**, FileOpenMode)
                0x00000000c0021144                FAT::openDir(char const*, void**)
                0x00000000c00211ea                FAT::stat(char const*, unsigned long long*, bool*)
                0x00000000c00212d4                FAT::unlink(char const*)
                0x00000000c002134e                FAT::chfatattr(char const*, unsigned char, unsigned char)
                0x00000000c00214a2                FAT::rename(char const*, char const*)
                0x00000000c0021566                FAT::mkdir(char const*)
                0x00000000c00215e0                FAT::exists(char const*)
 *fill*         0x00000000c002164b        0x1 
 .text          0x00000000c002164c      0xbc1 fs/iso9660/vfslink.32
                0x00000000c002164c                ISO9660::format(LogicalDisk*, int, char const*, int)
                0x00000000c0021652                ISO9660::seek(void*, unsigned long long)
                0x00000000c0021682                ISO9660::tell(void*, unsigned long long*)
                0x00000000c00216a6                ISO9660::getName()
                0x00000000c00216ac                ISO9660::stat(void*, unsigned long long*)
                0x00000000c00216d0                ISO9660::chfatattr(char const*, unsigned char, unsigned char)
                0x00000000c00216d6                ISO9660::unlink(char const*)
                0x00000000c00216dc                ISO9660::write(void*, unsigned long, void*, int*)
                0x00000000c00216e2                ISO9660::rename(char const*, char const*)
                0x00000000c00216e8                ISO9660::mkdir(char const*)
                0x00000000c00216ee                ISO9660::close(void*)
                0x00000000c0021710                ISO9660::closeDir(void*)
                0x00000000c0021732                ISO9660::~ISO9660()
                0x00000000c0021732                ISO9660::~ISO9660()
                0x00000000c0021756                ISO9660::~ISO9660()
                0x00000000c002177d                __memmem(unsigned char*, int, unsigned char*, int)
                0x00000000c00217bf                readSectorFromCDROM(unsigned int, unsigned char*, char)
                0x00000000c0021826                ISO9660::tryMount(LogicalDisk*, int)
                0x00000000c0021876                ISO9660::read(void*, unsigned long, void*, int*)
                0x00000000c0021a76                ISO9660::readDir(void*, unsigned long, void*, int*)
                0x00000000c0021d03                readRoot(unsigned int*, unsigned int*, char)
                0x00000000c0021d58                readRecursively(char*, unsigned int, unsigned int, unsigned int*, unsigned int*, char, int*)
                0x00000000c0021f2b                getFileData(char*, unsigned int*, unsigned int*, char, int*)
                0x00000000c0021fba                ISO9660::open(char const*, void**, FileOpenMode)
                0x00000000c002207a                ISO9660::exists(char const*)
                0x00000000c002209e                ISO9660::stat(char const*, unsigned long long*, bool*)
                0x00000000c0022132                ISO9660::openDir(char const*, void**)
                0x00000000c00221ea                ISO9660::ISO9660()
                0x00000000c00221ea                ISO9660::ISO9660()
 *fill*         0x00000000c002220d        0x1 
 .text          0x00000000c002220e      0x326 hal/sound/sndchannel.32
                0x00000000c002220e                SoundChannel::~SoundChannel()
                0x00000000c002220e                SoundChannel::~SoundChannel()
                0x00000000c002222a                SoundChannel::setSpeed(float)
                0x00000000c0022236                SoundChannel::getSpeed()
                0x00000000c002223e                SoundChannel::setVolume(int)
                0x00000000c002225a                SoundChannel::getVolume()
                0x00000000c0022262                SoundChannel::pause()
                0x00000000c002226c                SoundChannel::SoundChannel(int, int, int, int)
                0x00000000c002226c                SoundChannel::SoundChannel(int, int, int, int)
                0x00000000c00223c2                SoundChannel::play()
                0x00000000c00223cc                SoundChannel::paused()
                0x00000000c00223d4                SoundChannel::getSampleRate()
                0x00000000c00223dc                SoundChannel::getBits()
                0x00000000c00223e4                SoundChannel::getBufferUsed()
                0x00000000c00223ec                SoundChannel::getBufferSize()
                0x00000000c00223f4                SoundChannel::unbuffer(float*, int, int)
                0x00000000c0022494                SoundChannel::buffer8(unsigned char*, int)
 .text          0x00000000c0022534      0x3d5 hal/sound/sndhw.32
                0x00000000c0022534                SoundDevice::SoundDevice(char const*)
                0x00000000c0022534                SoundDevice::SoundDevice(char const*)
                0x00000000c00225a0                SoundDevice::~SoundDevice()
                0x00000000c00225a0                SoundDevice::~SoundDevice()
                0x00000000c002261a                SoundDevice::~SoundDevice()
                0x00000000c0022644                SoundDevice::getFreeChannelNum()
                0x00000000c002265e                SoundDevice::addChannel(SoundChannel*)
                0x00000000c00226ce                SoundDevice::removeChannel(int)
                0x00000000c0022700                SoundDevice::floatTo8(float*, unsigned char*, int)
                0x00000000c00227e8                SoundDevice::getAudio(int, float*, float*)
 .text          0x00000000c0022909        0x0 hw/bus/isa.32
 *fill*         0x00000000c0022909        0x1 
 .text          0x00000000c002290a      0x6c3 hw/bus/pci.32
                0x00000000c002290a                PCI::open(int, int, void*)
                0x00000000c002291e                PCI::close(int, int, void*)
                0x00000000c0022922                PCI::PCI()
                0x00000000c0022922                PCI::PCI()
                0x00000000c00229a2                PCI::pciReadWord(unsigned char, unsigned char, unsigned char, unsigned char)
                0x00000000c00229ea                PCI::getVendorID(unsigned char, unsigned char, unsigned char)
                0x00000000c0022a0c                PCI::getHeaderType(unsigned char, unsigned char, unsigned char)
                0x00000000c0022a30                PCI::getClassCode(unsigned char, unsigned char, unsigned char)
                0x00000000c0022a74                PCI::getProgIF(unsigned char, unsigned char, unsigned char)
                0x00000000c0022a98                PCI::getRevisionID(unsigned char, unsigned char, unsigned char)
                0x00000000c0022aba                PCI::getInterruptNumber(unsigned char, unsigned char, unsigned char)
                0x00000000c0022adc                PCI::getSecondaryBus(unsigned char, unsigned char, unsigned char)
                0x00000000c0022b00                PCI::getBARAddress(unsigned char, unsigned char, unsigned char, unsigned char)
                0x00000000c0022b60                PCI::pciWriteWord(unsigned char, unsigned char, unsigned char, unsigned char, unsigned short)
                0x00000000c0022bcc                PCI::checkBus(unsigned char)
                0x00000000c0022bf0                PCI::foundDevice(PCIDeviceInfo)
                0x00000000c0022d62                PCI::getDeviceData(unsigned char, unsigned char, unsigned char)
                0x00000000c0022f0e                PCI::checkDevice(unsigned char, unsigned char)
                0x00000000c0022f7a                PCI::detect()
 *fill*         0x00000000c0022fcd        0x1 
 .text          0x00000000c0022fce      0xc70 hw/diskctrl/ide.32
                0x00000000c0022fce                IDE::close(int, int, void*)
                0x00000000c0022fd2                IDE::IDE()
                0x00000000c0022fd2                IDE::IDE()
                0x00000000c0023006                IDE::prepareInterrupt(unsigned char)
                0x00000000c0023018                selectDrive(unsigned char, unsigned char)
                0x00000000c002301a                IDE::getBase(unsigned char)
                0x00000000c002302c                IDE::write(unsigned char, unsigned char, unsigned char)
                0x00000000c00230ec                IDE::read(unsigned char, unsigned char)
                0x00000000c002319a                IDE::waitInterrupt(unsigned char)
                0x00000000c0023200                ideChannel0IRQHandler(regs*, void*)
                0x00000000c002321c                ideChannel1IRQHandler(regs*, void*)
                0x00000000c0023238                IDE::enableIRQs(unsigned char, bool)
                0x00000000c002327e                IDE::open(int, int, void*)
                0x00000000c002368e                IDE::readBuffer(unsigned char, unsigned char, unsigned int, unsigned int)
                0x00000000c002375a                IDE::detect()
                0x00000000c0023a42                IDE::printError(unsigned char, unsigned char, unsigned char)
                0x00000000c0023bd8                IDE::polling(unsigned char, unsigned int)
 .text          0x00000000c0023c3e      0x390 hw/diskctrl/satabus.32
                0x00000000c0023c3e                SATABus::close(int, int, void*)
                0x00000000c0023c42                SATABus::detect()
                0x00000000c0023c44                SATABus::SATABus()
                0x00000000c0023c44                SATABus::SATABus()
                0x00000000c0023cf0                SATABus::findCmdslot(SATABus::tagHBA_PORT volatile*)
                0x00000000c0023d38                SATABus::checkType(SATABus::tagHBA_PORT volatile*)
                0x00000000c0023d80                SATABus::startCmd(SATABus::tagHBA_PORT volatile*)
                0x00000000c0023da0                SATABus::stopCmd(SATABus::tagHBA_PORT volatile*)
                0x00000000c0023dca                SATABus::portRebase(SATABus::tagHBA_PORT volatile*, int)
                0x00000000c0023ed0                SATABus::probePort(SATABus::tagHBA_MEM volatile*)
                0x00000000c0023fae                SATABus::open(int, int, void*)
 .text          0x00000000c0023fce      0x63c hw/diskphys/ata.32
                0x00000000c0023fce                ATA::close(int, int, void*)
                0x00000000c0023ff2                ATA::powerSaving(PowerSavingLevel)
                0x00000000c0023ff4                ATA::ATA()
                0x00000000c0023ff4                ATA::ATA()
                0x00000000c0024022                ATA::flush(bool)
                0x00000000c002406c                ATA::readyForCommand()
                0x00000000c00240bc                ATA::access(unsigned long long, int, void*, bool)
                0x00000000c0024444                ATA::read(unsigned long long, int, void*)
                0x00000000c00244ac                ATA::write(unsigned long long, int, void*)
                0x00000000c0024514                ATA::detectCHS()
                0x00000000c002453e                ATA::open(int, int, void*)
 .text          0x00000000c002460a      0x5bd hw/diskphys/atapi.32
                0x00000000c002460a                ATAPI::write(unsigned long long, int, void*)
                0x00000000c0024610                ATAPI::close(int, int, void*)
                0x00000000c0024634                ATAPI::ATAPI()
                0x00000000c0024634                ATAPI::ATAPI()
                0x00000000c0024662                ATAPI::readyForCommand()
                0x00000000c00246b2                ATAPI::sendPacket(unsigned char*, int, bool, unsigned short*, int)
                0x00000000c0024972                ATAPI::diskRemoved()
                0x00000000c002498e                ATAPI::eject()
                0x00000000c00249d6                ATAPI::diskInserted()
                0x00000000c0024a04                ATAPI::detectMedia()
                0x00000000c0024ac0                ATAPI::open(int, int, void*)
                0x00000000c0024b48                ATAPI::read(unsigned long long, int, void*)
 *fill*         0x00000000c0024bc7        0x1 
 .text          0x00000000c0024bc8      0x455 hw/diskphys/sata.32
                0x00000000c0024bc8                SATA::close(int, int, void*)
                0x00000000c0024bec                SATA::powerSaving(PowerSavingLevel)
                0x00000000c0024bee                SATA::open(int, int, void*)
                0x00000000c0024c9c                SATA::SATA()
                0x00000000c0024c9c                SATA::SATA()
                0x00000000c0024cca                SATA::access(unsigned long long, int, void*, bool)
                0x00000000c0024f30                SATA::read(unsigned long long, int, void*)
                0x00000000c0024f98                SATA::write(unsigned long long, int, void*)
 *fill*         0x00000000c002501d        0x1 
 .text          0x00000000c002501e      0x500 hw/diskphys/satapi.32
                0x00000000c002501e                SATAPI::write(unsigned long long, int, void*)
                0x00000000c0025024                SATAPI::close(int, int, void*)
                0x00000000c0025048                SATAPI::SATAPI()
                0x00000000c0025048                SATAPI::SATAPI()
                0x00000000c0025076                SATAPI::diskRemoved()
                0x00000000c0025092                SATAPI::diskInserted()
                0x00000000c00250c0                SATAPI::sendPacket(unsigned char*, int, unsigned long long, unsigned short*, int)
                0x00000000c00252c4                SATAPI::eject()
                0x00000000c002530c                SATAPI::detectMedia()
                0x00000000c00253ce                SATAPI::open(int, int, void*)
                0x00000000c002547c                SATAPI::read(unsigned long long, int, void*)
 .text          0x00000000c002551e       0x8e hw/fpu/avx.32
                0x00000000c002551e                AVX::open(int, int, void*)
                0x00000000c0025530                AVX::close(int, int, void*)
                0x00000000c0025542                AVX::available()
                0x00000000c0025554                AVX::save(void*)
                0x00000000c002556c                AVX::load(void*)
                0x00000000c0025584                AVX::AVX()
                0x00000000c0025584                AVX::AVX()
 .text          0x00000000c00255ac       0x90 hw/fpu/mmx.32
                0x00000000c00255ac                MMX::available()
                0x00000000c00255c0                MMX::open(int, int, void*)
                0x00000000c00255d2                MMX::close(int, int, void*)
                0x00000000c00255e4                MMX::save(void*)
                0x00000000c00255fc                MMX::load(void*)
                0x00000000c0025614                MMX::MMX()
                0x00000000c0025614                MMX::MMX()
 .text          0x00000000c002563c       0x96 hw/fpu/sse.32
                0x00000000c002563c                SSE::open(int, int, void*)
                0x00000000c002564e                SSE::close(int, int, void*)
                0x00000000c0025660                SSE::available()
                0x00000000c002567a                SSE::save(void*)
                0x00000000c0025692                SSE::load(void*)
                0x00000000c00256aa                SSE::SSE()
                0x00000000c00256aa                SSE::SSE()
 .text          0x00000000c00256d2       0x8e hw/fpu/x87.32
                0x00000000c00256d2                x87::open(int, int, void*)
                0x00000000c00256e4                x87::close(int, int, void*)
                0x00000000c00256f6                x87::available()
                0x00000000c0025708                x87::save(void*)
                0x00000000c0025720                x87::load(void*)
                0x00000000c0025738                x87::x87()
                0x00000000c0025738                x87::x87()
 .text          0x00000000c0025760      0x71e hw/intctrl/apic.32
                0x00000000c0025760                APIC::disable()
                0x00000000c0025762                APIC::close(int, int, void*)
                0x00000000c0025784                IOAPIC::close(int, int, void*)
                0x00000000c002578a                APIC::io_wait()
                0x00000000c0025790                APIC::getBase()
                0x00000000c00257d2                APIC::eoi(unsigned char)
                0x00000000c0025800                APIC::open(int, int, void*)
                0x00000000c002594e                IOAPIC::IOAPIC()
                0x00000000c002594e                IOAPIC::IOAPIC()
                0x00000000c0025976                APIC::APIC()
                0x00000000c0025976                APIC::APIC()
                0x00000000c0025a52                IOAPIC::handlesGSIWithNumber(unsigned int)
                0x00000000c0025a84                IOAPIC::read(int)
                0x00000000c0025aac                IOAPIC::open(int, int, void*)
                0x00000000c0025ba2                IOAPIC::write(int, int)
                0x00000000c0025bce                IOAPIC::redirect(unsigned char, unsigned long long, unsigned char, bool, bool)
                0x00000000c0025cc8                APIC::installIRQHandler(int, void (*)(regs*, void*), bool, void*)
 .text          0x00000000c0025e7e      0x3d3 hw/intctrl/pic.32
                0x00000000c0025e7e                PIC::disable()
                0x00000000c0025eac                PIC::close(int, int, void*)
                0x00000000c0025ece                PIC::PIC()
                0x00000000c0025ece                PIC::PIC()
                0x00000000c0025fa4                PIC::ioWait()
                0x00000000c0025faa                PIC::getIRQReg(int)
                0x00000000c0026014                PIC::eoi(unsigned char)
                0x00000000c00260a6                PIC::remap()
                0x00000000c0026212                PIC::open(int, int, void*)
 *fill*         0x00000000c0026251        0x1 
 .text          0x00000000c0026252      0x25e hw/timer/apictimer.32
                0x00000000c0026252                APICTimer::close(int, int, void*)
                0x00000000c0026258                apicTimerHandler(regs*, void*)
                0x00000000c0026286                APICTimer::write(int)
                0x00000000c002638a                APICTimer::open(int, int, void*)
                0x00000000c0026488                APICTimer::APICTimer()
                0x00000000c0026488                APICTimer::APICTimer()
 .text          0x00000000c00264b0      0x1a7 hw/timer/pit.32
                0x00000000c00264b0                PIT::write(int)
                0x00000000c002652e                pitHandler(regs*, void*)
                0x00000000c002655a                PIT::open(int, int, void*)
                0x00000000c00265a8                PIT::close(int, int, void*)
                0x00000000c00265d8                PIT::PIT()
                0x00000000c00265d8                PIT::PIT()
 *fill*         0x00000000c0026657        0x9 
 .text          0x00000000c0026660       0x1e hw/fpu/x86/avx.32
                0x00000000c0026660                avxDetect
                0x00000000c0026666                avxSave
                0x00000000c0026667                avxLoad
                0x00000000c0026668                avxInit
                0x00000000c0026669                avxClose
                0x00000000c002666a                wouldSheSayYes
 *fill*         0x00000000c002667e        0x2 
 .text          0x00000000c0026680       0x35 hw/fpu/x86/sse.32
                0x00000000c0026680                absolutelyNoChanceInHell
                0x00000000c0026680                sseDetect
                0x00000000c0026698                sseSave
                0x00000000c002669e                sseLoad
                0x00000000c00266a4                sseInit
                0x00000000c00266b4                sseClose
 *fill*         0x00000000c00266b5        0xb 
 .text          0x00000000c00266c0       0x47 hw/fpu/x86/x87.32
                0x00000000c00266c6                x87Detect
                0x00000000c00266e1                x87Save
                0x00000000c00266e7                x87Load
                0x00000000c00266ec                x87Init
                0x00000000c0026706                x87Close
 *fill*         0x00000000c0026707        0x1 
 .text          0x00000000c0026708       0x25 /cygdrive/d/Users/Alex/Desktop/Toolchain/Output/bin/../lib/gcc/i386-banana/8.1.0/crtend.o
 .text          0x00000000c002672d        0x0 crtn.32
 *fill*         0x00000000c002672d        0x3 
 .text          0x00000000c0026730      0x14b /cygdrive/d/Users/Alex/Desktop/Toolchain/Output/bin/../lib/gcc/i386-banana/8.1.0/libkgcc.a(_divdi3.o)
                0x00000000c0026730                __divdi3
 *fill*         0x00000000c002687b        0x1 
 .text          0x00000000c002687c      0x17e /cygdrive/d/Users/Alex/Desktop/Toolchain/Output/bin/../lib/gcc/i386-banana/8.1.0/libkgcc.a(_moddi3.o)
                0x00000000c002687c                __moddi3
 *fill*         0x00000000c00269fa        0x2 
 .text          0x00000000c00269fc       0xff /cygdrive/d/Users/Alex/Desktop/Toolchain/Output/bin/../lib/gcc/i386-banana/8.1.0/libkgcc.a(_udivdi3.o)
                0x00000000c00269fc                __udivdi3
 *fill*         0x00000000c0026afb        0x1 
 .text          0x00000000c0026afc      0x11a /cygdrive/d/Users/Alex/Desktop/Toolchain/Output/bin/../lib/gcc/i386-banana/8.1.0/libkgcc.a(_umoddi3.o)
                0x00000000c0026afc                __umoddi3
 .text          0x00000000c0026c16      0x96d D:/Users/Alex/Desktop/Banana/kernel/libsoftfp.a(sfieeelib.o)
                0x00000000c0026c16                __addsf3
                0x00000000c0026f18                __subsf3
                0x00000000c0026f2c                __negsf2
                0x00000000c0026f39                __mulsf3
                0x00000000c00270fc                __divsf3
                0x00000000c0027327                __floatsisf
                0x00000000c002739b                __floatunsisf
                0x00000000c00273dd                __fixsfsi
                0x00000000c002743f                __fixunssfsi
                0x00000000c0027470                __cmpsf2
                0x00000000c0027505                __eqsf2