Archive member included to satisfy reference by file (symbol)

/cygdrive/d/Users/Alex/Desktop/Toolchain/Output/bin/../lib/gcc/i386-banana/8.1.0/libgcc.a(_divdi3.o)
                              fs/fat/ff.32 (__divdi3)
/cygdrive/d/Users/Alex/Desktop/Toolchain/Output/bin/../lib/gcc/i386-banana/8.1.0/libgcc.a(_moddi3.o)
                              thr/elf.32 (__moddi3)
/cygdrive/d/Users/Alex/Desktop/Toolchain/Output/bin/../lib/gcc/i386-banana/8.1.0/libgcc.a(_udivdi3.o)
                              fs/fat/ff.32 (__udivdi3)
/cygdrive/d/Users/Alex/Desktop/Toolchain/Output/bin/../lib/gcc/i386-banana/8.1.0/libgcc.a(_umoddi3.o)
                              core/pipe.32 (__umoddi3)
D:/Users/Alex/Desktop/Banana/kernel/libk/libm32.a(s_fabs.c.o)
                              hal/libresample/samplerate.32 (fabs)
D:/Users/Alex/Desktop/Banana/kernel/libk/libm32.a(s_lrint.S.o)
                              hal/libresample/samplerate.32 (lrint)
D:/Users/Alex/Desktop/Banana/kernel/libk/libm32.a(s_lrintf.S.o)
                              hal/sound/sndhw.32 (lrintf)

Discarded input sections

 .comment       0x0000000000000000       0x12 /cygdrive/d/Users/Alex/Desktop/Toolchain/Output/bin/../lib/gcc/i386-banana/8.1.0/crtbegin.o
 .comment       0x0000000000000000       0x12 acpica/utclib.32
 .comment       0x0000000000000000       0x12 core/malloc.32
 .comment       0x0000000000000000       0x12 libk/string.32
 .comment       0x0000000000000000       0x12 fs/fat/diskio.32
 .comment       0x0000000000000000       0x12 fs/fat/ff.32
 .comment       0x0000000000000000       0x12 fs/fat/ffsystem.32
 .comment       0x0000000000000000       0x12 fs/fat/ffunicode.32
 .comment       0x0000000000000000       0x12 hal/libresample/samplerate.32
 .comment       0x0000000000000000       0x12 hal/libresample/src_linear.32
 .comment       0x0000000000000000       0x12 hal/libresample/src_sinc.32
 .comment       0x0000000000000000       0x12 hal/libresample/src_zoh.32
 .group         0x0000000000000000       0x14 core/computer.32
 .group         0x0000000000000000        0xc core/computer.32
 .comment       0x0000000000000000       0x12 core/computer.32
 .comment       0x0000000000000000       0x12 core/gdt.32
 .group         0x0000000000000000        0xc core/idle.32
 .comment       0x0000000000000000       0x12 core/idle.32
 .comment       0x0000000000000000       0x12 core/idt.32
 .group         0x0000000000000000        0x8 core/kheap.32
 .group         0x0000000000000000        0x8 core/kheap.32
 .comment       0x0000000000000000       0x12 core/kheap.32
 .comment       0x0000000000000000       0x12 core/main.32
 .comment       0x0000000000000000       0x12 core/physmgr.32
 .group         0x0000000000000000        0xc core/pipe.32
 .comment       0x0000000000000000       0x12 core/pipe.32
 .group         0x0000000000000000        0xc core/terminal.32
 .comment       0x0000000000000000       0x12 core/terminal.32
 .group         0x0000000000000000        0x8 core/tss.32
 .text._ZN3CPU7readCR3Ev
                0x0000000000000000       0x12 core/tss.32
 .comment       0x0000000000000000       0x12 core/tss.32
 .group         0x0000000000000000        0x8 core/unixfile.32
 .group         0x0000000000000000        0xc core/unixfile.32
 .group         0x0000000000000000        0xc core/unixfile.32
 .group         0x0000000000000000        0x8 core/unixfile.32
 .group         0x0000000000000000        0xc core/unixfile.32
 .group         0x0000000000000000        0x8 core/unixfile.32
 .group         0x0000000000000000        0xc core/unixfile.32
 .group         0x0000000000000000        0xc core/unixfile.32
 .comment       0x0000000000000000       0x12 core/unixfile.32
 .group         0x0000000000000000        0x8 core/virtmgr.32
 .group         0x0000000000000000        0x8 core/virtmgr.32
 .text._ZN3CPU7readCR3Ev
                0x0000000000000000       0x12 core/virtmgr.32
 .text._ZN3CPU8writeCR3Em
                0x0000000000000000        0x9 core/virtmgr.32
 .comment       0x0000000000000000       0x12 core/virtmgr.32
 .comment       0x0000000000000000       0x12 coreobjs/c++.32
 .comment       0x0000000000000000       0x12 dbg/kconsole.32
 .group         0x0000000000000000        0xc fs/vfs.32
 .group         0x0000000000000000        0xc fs/vfs.32
 .group         0x0000000000000000        0xc fs/vfs.32
 .comment       0x0000000000000000       0x12 fs/vfs.32
 .group         0x0000000000000000        0xc hal/bus.32
 .comment       0x0000000000000000       0x12 hal/bus.32
 .group         0x0000000000000000        0xc hal/buzzer.32
 .comment       0x0000000000000000       0x12 hal/buzzer.32
 .group         0x0000000000000000        0xc hal/clock.32
 .comment       0x0000000000000000       0x12 hal/clock.32
 .group         0x0000000000000000       0x14 hal/device.32
 .group         0x0000000000000000        0xc hal/device.32
 .group         0x0000000000000000        0xc hal/device.32
[...]
Memory Configuration

Name             Origin             Length             Attributes
*default*        0x0000000000000000 0xffffffffffffffff

Linker script and memory map

LOAD D:/Users/Alex/Desktop/Banana/kernel/boot.32
LOAD crti.32
LOAD /cygdrive/d/Users/Alex/Desktop/Toolchain/Output/bin/../lib/gcc/i386-banana/8.1.0/crtbegin.o
LOAD D:/Users/Alex/Desktop/Banana/kernel/morenasm.32
LOAD acpica/utclib.32
LOAD core/malloc.32
LOAD libk/string.32
LOAD fs/fat/diskio.32
LOAD fs/fat/ff.32
LOAD fs/fat/ffsystem.32
LOAD fs/fat/ffunicode.32
LOAD hal/libresample/samplerate.32
LOAD hal/libresample/src_linear.32
LOAD hal/libresample/src_sinc.32
LOAD hal/libresample/src_zoh.32
LOAD core/computer.32
LOAD core/gdt.32
LOAD core/idle.32
LOAD core/idt.32
LOAD core/kheap.32
LOAD core/main.32
LOAD core/physmgr.32
LOAD core/pipe.32
LOAD core/terminal.32
LOAD core/tss.32
LOAD core/unixfile.32
LOAD core/virtmgr.32
LOAD coreobjs/c++.32
LOAD dbg/kconsole.32
LOAD fs/vfs.32
LOAD hal/bus.32
LOAD hal/buzzer.32
LOAD hal/clock.32
LOAD hal/device.32
LOAD hal/diskctrl.32
LOAD hal/diskphys.32
LOAD hal/fpu.32
LOAD hal/intctrl.32
LOAD hal/keybrd.32
LOAD hal/logidisk.32
LOAD hal/mouse.32
LOAD hal/partition.32
LOAD hal/timer.32
LOAD hal/vcache.32
LOAD hal/video.32
LOAD hw/acpi.32
LOAD hw/cpu.32
LOAD hw/ports.32
LOAD krnl/panic.32
LOAD reg/registry.32
LOAD sys/sc_exit.32
LOAD sys/sc_loaddll.32
LOAD sys/sc_read.32
LOAD sys/sc_sbrk.32
LOAD sys/sc_write.32
LOAD sys/sc_yield.32
LOAD sys/syscalls.32
LOAD thr/elf.32
LOAD thr/prcssthr.32
LOAD vm86/vm8086.32
LOAD fs/fat/vfslink.32
LOAD fs/iso9660/vfslink.32
LOAD hal/sound/sndchannel.32
LOAD hal/sound/sndhw.32
LOAD hw/bus/isa.32
LOAD hw/bus/pci.32
LOAD hw/diskctrl/ide.32
LOAD hw/diskphys/ata.32
LOAD hw/diskphys/atapi.32
LOAD hw/fpu/avx.32
LOAD hw/fpu/mmx.32
LOAD hw/fpu/sse.32
LOAD hw/fpu/x87.32
LOAD hw/intctrl/apic.32
LOAD hw/intctrl/pic.32
LOAD hw/timer/apictimer.32
LOAD hw/timer/pit.32
LOAD hw/fpu/x86/avx.32
LOAD hw/fpu/x86/sse.32
LOAD hw/fpu/x86/x87.32
LOAD /cygdrive/d/Users/Alex/Desktop/Toolchain/Output/bin/../lib/gcc/i386-banana/8.1.0/crtend.o
LOAD crtn.32
LOAD /cygdrive/d/Users/Alex/Desktop/Toolchain/Output/bin/../lib/gcc/i386-banana/8.1.0/libgcc.a
LOAD D:/Users/Alex/Desktop/Banana/kernel/libk/libm32.a
                0x00000000c0000000                . = 0xc0000000

.text           0x00000000c0000000    0x1f738
 *(.text)
 .text          0x00000000c0000000       0x41 D:/Users/Alex/Desktop/Banana/kernel/boot.32
                0x00000000c0000020                callGlobalConstructors
 .text          0x00000000c0000041        0x0 crti.32
 *fill*         0x00000000c0000041        0x3 
 .text          0x00000000c0000044      0x101 /cygdrive/d/Users/Alex/Desktop/Toolchain/Output/bin/../lib/gcc/i386-banana/8.1.0/crtbegin.o
 *fill*         0x00000000c0000145        0xb 
 .text          0x00000000c0000150      0x4da D:/Users/Alex/Desktop/Banana/kernel/morenasm.32
                0x00000000c0000150                voodooXADD
                0x00000000c000020b                doTPAUSE
                0x00000000c0000215                hasLegacyFPU
                0x00000000c000023a                is486
                0x00000000c0000270                goToVM86
                0x00000000c00002a1                goToUsermode
                0x00000000c00002cc                switchToThreadASMFirstTime
                0x00000000c00002da                switchToThreadASM
                0x00000000c000037a                detectCPUID
                0x00000000c0000390                asmQuickAcquireLock
                0x00000000c00003ae                asmQuickReleaseLock
                0x00000000c00003ba                asmAcquireLock
                0x00000000c00003db                asmReleaseLock
                0x00000000c00003ee                loadGDT
                0x00000000c000040e                isr0
                0x00000000c000041e                isr1
                0x00000000c0000428                isr2
                0x00000000c0000432                isr3
                0x00000000c000043c                isr4
                0x00000000c0000446                isr5
                0x00000000c0000450                isr6
                0x00000000c000045a                isr7
                0x00000000c0000464                isr8
                0x00000000c000046c                isr9
                0x00000000c0000476                isr10
                0x00000000c000047e                isr11
                0x00000000c0000486                isr12
                0x00000000c000048e                isr13
                0x00000000c0000496                isr14
                0x00000000c000049e                isr15
                0x00000000c00004a8                isr16
                0x00000000c00004b2                isr17
                0x00000000c00004bc                isr18
                0x00000000c00004c6                isr96
                0x00000000c00004d0                irq0
                0x00000000c00004da                irq1
                0x00000000c00004e4                irq2
                0x00000000c00004ee                irq3
                0x00000000c00004f8                irq4
                0x00000000c0000502                irq5
                0x00000000c000050c                irq6
                0x00000000c0000516                irq7
                0x00000000c0000520                irq8
                0x00000000c000052a                irq9
                0x00000000c0000534                irq10
                0x00000000c000053e                irq11
                0x00000000c0000548                irq12
                0x00000000c0000552                irq13
                0x00000000c000055c                irq14
                0x00000000c0000566                irq15
                0x00000000c0000570                irq16
                0x00000000c000057a                irq17
                0x00000000c0000584                irq18
                0x00000000c000058e                irq19
                0x00000000c0000598                irq20
                0x00000000c00005a2                irq21
                0x00000000c00005ac                irq22
                0x00000000c00005b6                irq23
                0x00000000c00005c0                int_common_stub
                0x00000000c00005f0                syscall_common_stub
 .text          0x00000000c000062a      0x411 acpica/utclib.32
                0x00000000c000062a                memcmp
                0x00000000c0000655                memmove
                0x00000000c000068d                memcpy
                0x00000000c00006c3                memset
                0x00000000c00006e0                strlen
                0x00000000c00006f0                strpbrk
                0x00000000c0000713                strtok
                0x00000000c0000762                strcpy
                0x00000000c0000782                strncpy
                0x00000000c00007b3                strcmp
                0x00000000c00007d4                strchr
                0x00000000c00007ea                strncmp
                0x00000000c0000819                strcat
                0x00000000c0000840                strncat
                0x00000000c000087a                strstr
                0x00000000c00008b7                toupper
                0x00000000c00008cb                tolower
                0x00000000c00008df                simple_strtoul
 .text          0x00000000c0000a3b      0xfc2 core/malloc.32
                0x00000000c0000ba6                dlfree
                0x00000000c0000f04                dlmalloc
                0x00000000c0001441                dlrealloc
                0x00000000c00015f6                dlmemalign
                0x00000000c0001719                dlcalloc
                0x00000000c00017b3                dlcfree
                0x00000000c00017b8                dlindependent_calloc
                0x00000000c00017dd                dlindependent_comalloc
                0x00000000c00017f4                dlvalloc
                0x00000000c000181f                dlpvalloc
                0x00000000c0001855                dlmalloc_trim
                0x00000000c0001862                dlmalloc_usable_size
                0x00000000c0001893                dlmallinfo
                0x00000000c0001962                dlmalloc_stats
                0x00000000c0001973                dlmallopt
 .text          0x00000000c00019fd        0x0 libk/string.32
 .text          0x00000000c00019fd       0x51 fs/fat/diskio.32
                0x00000000c00019fd                disk_status
                0x00000000c0001a00                disk_initialize
                0x00000000c0001a03                disk_read
                0x00000000c0001a19                disk_write
                0x00000000c0001a2f                disk_ioctl
 .text          0x00000000c0001a4e     0x67e6 fs/fat/ff.32
                0x00000000c0004d04                f_mount
                0x00000000c0004d66                f_open
                0x00000000c00051a2                f_read
                0x00000000c0005422                f_write
                0x00000000c00056dc                f_sync
                0x00000000c00058b8                f_close
                0x00000000c00058e7                f_lseek
                0x00000000c0005d4c                f_opendir
                0x00000000c0005e4e                f_closedir
                0x00000000c0005e70                f_readdir
                0x00000000c0005f0b                f_stat
                0x00000000c0005f9a                f_getfree
                0x00000000c0006182                f_truncate
                0x00000000c000627a                f_unlink
                0x00000000c00063fb                f_mkdir
                0x00000000c0006627                f_rename
                0x00000000c000691a                f_chmod
                0x00000000c00069f8                f_utime
                0x00000000c0006ad6                f_getlabel
                0x00000000c0006cca                f_setlabel
                0x00000000c0006f37                f_forward
                0x00000000c0007115                f_mkfs
 .text          0x00000000c0008234       0x2d fs/fat/ffsystem.32
                0x00000000c0008234                ff_memalloc
                0x00000000c000824a                ff_memfree
 .text          0x00000000c0008261      0x280 fs/fat/ffunicode.32
                0x00000000c0008261                ff_uni2oem
                0x00000000c00082f7                ff_oem2uni
                0x00000000c0008366                ff_wtoupper
 .text          0x00000000c00084e1      0x70e hal/libresample/samplerate.32
                0x00000000c0008569                src_delete
                0x00000000c00085a5                src_process
                0x00000000c00086cd                src_callback_read
                0x00000000c000882e                src_set_ratio
                0x00000000c0008885                src_get_channels
                0x00000000c00088a7                src_reset
                0x00000000c00088eb                src_new
                0x00000000c0008979                src_callback_new
                0x00000000c00089db                src_get_name
                0x00000000c0008a12                src_get_description
                0x00000000c0008a49                src_get_version
                0x00000000c0008a4f                src_is_valid_ratio
                0x00000000c0008a69                src_error
                0x00000000c0008a77                src_strerror
                0x00000000c0008a8a                src_simple
                0x00000000c0008add                src_short_to_float_array
                0x00000000c0008b03                src_float_to_short_array
                0x00000000c0008b67                src_int_to_float_array
                0x00000000c0008b8d                src_float_to_int_array
 .text          0x00000000c0008bef      0x3f9 hal/libresample/src_linear.32
                0x00000000c0008f43                linear_get_name
                0x00000000c0008f52                linear_get_description
                0x00000000c0008f61                linear_set_converter
 .text          0x00000000c0008fe8     0x1a31 hal/libresample/src_sinc.32
                0x00000000c000a930                sinc_get_name
                0x00000000c000a943                sinc_get_description
                0x00000000c000a956                sinc_set_converter
 .text          0x00000000c000aa19      0x3cf hal/libresample/src_zoh.32
                0x00000000c000ad43                zoh_get_name
                0x00000000c000ad52                zoh_get_description
                0x00000000c000ad61                zoh_set_converter
 .text          0x00000000c000ade8      0x9d0 core/computer.32
                0x00000000c000ade8                Computer::close(int, int, void*)
                0x00000000c000ae2e                Computer::Computer()
                0x00000000c000ae2e                Computer::Computer()
                0x00000000c000af94                Computer::setBootMessage(char const*)
                0x00000000c000af96                Computer::start()
                0x00000000c000b099                firstTask()
                0x00000000c000b0a8                Computer::detectFeatures()
                0x00000000c000b2a2                Computer::displayFeatures()
                0x00000000c000b57e                Computer::rdmsr(unsigned int)
                0x00000000c000b5aa                Computer::wrmsr(unsigned int, unsigned long long)
                0x00000000c000b5e2                Computer::nmiEnabled()
                0x00000000c000b5ee                Computer::readCMOS(unsigned char)
                0x00000000c000b60a                Computer::enableNMI(bool)
                0x00000000c000b622                Computer::open(int, int, void*)
                0x00000000c000b6f6                Computer::disableNMI()
                0x00000000c000b706                Computer::writeCMOS(unsigned char, unsigned char)
                0x00000000c000b726                Computer::handleNMI()
                0x00000000c000b78c                Computer::setDiskActivityLight(int, bool)
 .text          0x00000000c000b7b8      0x1b7 core/gdt.32
                0x00000000c000b7b8                GDTEntry::setBase(unsigned int)
                0x00000000c000b7d4                GDTEntry::setLimit(unsigned int)
                0x00000000c000b7f2                GDT::GDT()
                0x00000000c000b7f2                GDT::GDT()
                0x00000000c000b808                GDT::addEntry(GDTEntry)
                0x00000000c000b844                GDT::getNumberOfEntries()
                0x00000000c000b84c                GDT::flush()
                0x00000000c000b86e                GDT::setup()
 .text          0x00000000c000b96f       0x61 core/idle.32
                0x00000000c000b96f                idleFunction(void*)
 .text          0x00000000c000b9d0      0x45f core/idt.32
                0x00000000c000b9d0                IDTEntry::IDTEntry(bool)
                0x00000000c000b9d0                IDTEntry::IDTEntry(bool)
                0x00000000c000ba3e                IDTEntry::setOffset(unsigned int)
                0x00000000c000ba52                IDT::IDT()
                0x00000000c000ba52                IDT::IDT()
                0x00000000c000ba54                IDT::getPointerToInvalidOpcodeEntryForF00F()
                0x00000000c000ba5c                IDT::addEntry(IDTEntry, int)
                0x00000000c000ba76                IDT::addEntry(int, void (*)(), bool)
                0x00000000c000baae                IDT::flush()
                0x00000000c000bac8                IDT::setup()
 .text          0x00000000c000be2f      0x20c core/kheap.32
                0x00000000c000be2f                sbrk
                0x00000000c000bf46                mmap
                0x00000000c000bf5c                munmap
                0x00000000c000bf72                liballoc_lock()
                0x00000000c000bf83                liballoc_unlock()
                0x00000000c000bf94                liballoc_alloc(int)
                0x00000000c000bfaf                liballoc_free(void*, int)
                0x00000000c000bfcd                realloc
                0x00000000c000bfe1                malloc
                0x00000000c000bff1                free
                0x00000000c000c001                rfree
                0x00000000c000c011                calloc
 .text          0x00000000c000c03b      0x3a9 core/main.32
                0x00000000c000c03b                hwTextMode_loadInData(VgaText*)
                0x00000000c000c080                hwTextMode_loadInTitle(VgaText*, char*)
                0x00000000c000c0ca                hwTextMode_showCursor(VgaText*, bool)
                0x00000000c000c11e                hwTextMode_update(VgaText*)
                0x00000000c000c11f                hwTextMode_updateCursor(VgaText*)
                0x00000000c000c16d                hwTextMode_disableBlink(VgaText*, bool)
                0x00000000c000c1a9                hwTextMode_scrollScreen(VgaText*)
                0x00000000c000c235                hwTextMode_writeCharacter(VgaText*, char, VgaColour, VgaColour, int, int)
                0x00000000c000c29b                setupTextMode()
                0x00000000c000c2ec                kernel_main
 .text          0x00000000c000c3e4      0x504 core/physmgr.32
                0x00000000c000c3e4                Phys::allocateDMA(unsigned long)
                0x00000000c000c488                Phys::freeDMA(unsigned long, unsigned long)
                0x00000000c000c4d0                Phys::setPageState(unsigned long, bool)
                0x00000000c000c509                Phys::getPageState(unsigned long)
                0x00000000c000c52a                Phys::freePage(unsigned long)
                0x00000000c000c5b7                Phys::allocatePage()
                0x00000000c000c683                Phys::allowSegmentToBeUsed(unsigned long, unsigned long)
                0x00000000c000c6bb                Phys::physicalMemorySetup(unsigned int)
 .text          0x00000000c000c8e8      0x273 core/pipe.32
                0x00000000c000c8e8                Pipe::isAtty()
                0x00000000c000c8ec                Pipe::~Pipe()
                0x00000000c000c8ec                Pipe::~Pipe()
                0x00000000c000c910                Pipe::~Pipe()
                0x00000000c000c938                Pipe::read(unsigned long long, void*, int*)
                0x00000000c000ca2c                Pipe::write(unsigned long long, void*, int*)
                0x00000000c000caf4                Pipe::Pipe(int)
                0x00000000c000caf4                Pipe::Pipe(int)
 *fill*         0x00000000c000cb5b        0x1 
 .text          0x00000000c000cb5c      0xf67 core/terminal.32
                0x00000000c000cb5c                VgaText::isAtty()
                0x00000000c000cb60                VgaText::~VgaText()
                0x00000000c000cb60                VgaText::~VgaText()
                0x00000000c000cb84                VgaText::~VgaText()
                0x00000000c000cbae                VgaText::read(unsigned long long, void*, int*)
                0x00000000c000cbce                setTerminalScrollLock(bool)
                0x00000000c000cbcf                addToTerminalCycle(VgaText*)
                0x00000000c000cbfc                installVgaTextImplementation()
                0x00000000c000cc11                scrollTerminalScrollLock(int)
                0x00000000c000cc12                VgaText::load()
                0x00000000c000cc66                VgaText::updateCursor()
                0x00000000c000cc80                VgaText::showCursor(bool)
                0x00000000c000cc90                VgaText::disableBlink(bool)
                0x00000000c000ccca                VgaText::doANSI_SGR(int)
                0x00000000c000cd56                VgaText::setDefaultBgColour(VgaColour)
                0x00000000c000cd6c                VgaText::setDefaultFgColour(VgaColour)
                0x00000000c000cd82                VgaText::setDefaultColours(VgaColour, VgaColour)
                0x00000000c000cda2                VgaText::combineColours(unsigned char, unsigned char)
                0x00000000c000cdb4                VgaText::scrollScreen()
                0x00000000c000ce48                VgaText::combineCharAndColour(char, unsigned char)
                0x00000000c000ce5a                VgaText::writeCharacter(char, VgaColour, VgaColour, int, int)
                0x00000000c000ceba                VgaText::getCursorX()
                0x00000000c000cec6                VgaText::getCursorY()
                0x00000000c000ced2                VgaText::setCursor(int, int)
                0x00000000c000cef0                VgaText::setCursorX(int)
                0x00000000c000cf0c                VgaText::setCursorY(int)
                0x00000000c000cf28                VgaText::incrementCursor(bool)
                0x00000000c000cf90                VgaText::updateRAMUsageDisplay(int)
                0x00000000c000cfea                VgaText::updateDiskUsage()
                0x00000000c000d150                VgaText::updateTitle()
                0x00000000c000d196                VgaText::setTitleTextColour(VgaColour)
                0x00000000c000d1a6                VgaText::setTitleColour(VgaColour)
                0x00000000c000d1b6                VgaText::setTitle(char*)
                0x00000000c000d1dc                VgaText::decrementCursor(bool)
                0x00000000c000d204                VgaText::putchar(char, VgaColour, VgaColour)
                0x00000000c000d300                VgaText::isShowingCursor()
                0x00000000c000d30c                VgaText::isBlinkDisabled()
                0x00000000c000d31a                VgaText::setCursorHeight(int)
                0x00000000c000d338                VgaText::getCursorHeight()
                0x00000000c000d343                setActiveTerminal(VgaText*)
                0x00000000c000d3f5                doTerminalCycle()
                0x00000000c000d412                VgaText::doUpdate()
                0x00000000c000d424                VgaText::puts(char const*, VgaColour, VgaColour)
                0x00000000c000d5e6                VgaText::clearScreen()
                0x00000000c000d64a                VgaText::putchar(char)
                0x00000000c000d764                VgaText::puts(char const*)
                0x00000000c000d78a                VgaText::putx(unsigned int)
                0x00000000c000d7d0                VgaText::VgaText(char const*)
                0x00000000c000d7d0                VgaText::VgaText(char const*)
                0x00000000c000d962                VgaText::receiveKey(unsigned char)
                0x00000000c000da4a                VgaText::write(unsigned long long, void*, int*)
                0x00000000c000da9e                newTerminal(char*)
 *fill*         0x00000000c000dac3        0x1 
 .text          0x00000000c000dac4      0x18f core/tss.32
                0x00000000c000dac4                TSS::TSS()
                0x00000000c000dac4                TSS::TSS()
                0x00000000c000dad2                TSS::setESP(unsigned long)
                0x00000000c000dae4                TSS::flush()
                0x00000000c000db04                TSS::setup(unsigned long, unsigned long)
 *fill*         0x00000000c000dc53        0x1 
 .text          0x00000000c000dc54      0x545 core/unixfile.32
                0x00000000c000dc54                ReservedFilename::read(unsigned long long, void*, int*)
                0x00000000c000dcea                ReservedFilename::isAtty()
                0x00000000c000dd20                ReservedFilename::write(unsigned long long, void*, int*)
                0x00000000c000ddba                UnixFile::getFileDescriptor()
                0x00000000c000ddc2                UnixFile::UnixFile(int)
                0x00000000c000ddc2                UnixFile::UnixFile(int)
                0x00000000c000df32                ReservedFilename::ReservedFilename(int)
                0x00000000c000df32                ReservedFilename::ReservedFilename(int)
                0x00000000c000df64                UnixFile::~UnixFile()
                0x00000000c000df64                UnixFile::~UnixFile()
                0x00000000c000dffc                UnixFile::~UnixFile()
                0x00000000c000e024                ReservedFilename::~ReservedFilename()
                0x00000000c000e024                ReservedFilename::~ReservedFilename()
                0x00000000c000e048                ReservedFilename::~ReservedFilename()
                0x00000000c000e06f                getFromFileDescriptor(int)
 *fill*         0x00000000c000e199        0x1 
 .text          0x00000000c000e19a      0xecf core/virtmgr.32
                0x00000000c000e19a                Virt::setPageState(unsigned long, Virt::VirtPageState)
                0x00000000c000e1d1                Virt::getPageState(unsigned long)
                0x00000000c000e1f8                Virt::allocateKernelVirtualPages(int)
                0x00000000c000e309                Virt::virtualMemorySetup()
                0x00000000c000e385                Virt::getAKernelVAS()
                0x00000000c000e38b                Virt::setupPageSwapping(int)
                0x00000000c000e4a6                VAS::VAS()
                0x00000000c000e4a6                VAS::VAS()
                0x00000000c000e4d6                VAS::VAS(VAS*)
                0x00000000c000e4d6                VAS::VAS(VAS*)
                0x00000000c000e4fa                VAS::getForeignPageTableEntry(bool, unsigned long)
                0x00000000c000e526                VAS::getPageTableEntry(unsigned long)
                0x00000000c000e545                Virt::freeKernelVirtualPages(unsigned long)
                0x00000000c000e666                VAS::freeAllocatedPages(unsigned long)
                0x00000000c000e68a                VAS::virtualToPhysical(unsigned long)
                0x00000000c000e6a4                VAS::reflagRange(unsigned long, int, int, int)
                0x00000000c000e6e8                VAS::setToWriteCombining(unsigned long, int)
                0x00000000c000e722                VAS::mapOtherVASIn(bool, VAS*)
                0x00000000c000e758                VAS::~VAS()
                0x00000000c000e758                VAS::~VAS()
                0x00000000c000e8c4                VAS::mapPage(unsigned long, unsigned long, int)
                0x00000000c000e9c6                VAS::allocatePages(int, int)
                0x00000000c000eb98                VAS::setCPUSpecific(unsigned long)
                0x00000000c000ebb6                VAS::mapRange(unsigned long, unsigned long, int, int)
                0x00000000c000ec80                VAS::mapForeignPage(bool, VAS*, unsigned long, unsigned long, int)
                0x00000000c000ed72                VAS::VAS(bool)
                0x00000000c000ed72                VAS::VAS(bool)
                0x00000000c000efa2                mapVASFirstTime
 .text          0x00000000c000f069       0x93 coreobjs/c++.32
                0x00000000c000f069                __cxa_atexit
                0x00000000c000f06c                __cxa_finalize
                0x00000000c000f06d                __stack_chk_fail
                0x00000000c000f0cd                __cxa_pure_virtual
                0x00000000c000f0de                operator new(unsigned long)
                0x00000000c000f0e3                operator new[](unsigned long)
                0x00000000c000f0e8                operator delete(void*)
                0x00000000c000f0ed                operator delete(void*, unsigned long)
                0x00000000c000f0f2                operator delete[](void*)
                0x00000000c000f0f7                operator delete[](void*, unsigned long)
 .text          0x00000000c000f0fc      0x23d dbg/kconsole.32
                0x00000000c000f0fc                Dbg::stringifyxWithBase(unsigned int, char*, int)
                0x00000000c000f1a0                Dbg::logc(char)
                0x00000000c000f1b7                Dbg::logs(char*)
                0x00000000c000f1d4                Dbg::logWriteInt(unsigned int)
                0x00000000c000f1f2                Dbg::logWriteIntBase(unsigned int, int)
                0x00000000c000f213                Dbg::kprintf(char const*, ...)
 *fill*         0x00000000c000f339        0x1 
 .text          0x00000000c000f33a      0xb68 fs/vfs.32
                0x00000000c000f33a                File::read(unsigned long long, void*, int*)
                0x00000000c000f392                File::write(unsigned long long, void*, int*)
                0x00000000c000f3ea                Directory::read(unsigned long long, void*, int*)
                0x00000000c000f442                Directory::write(unsigned long long, void*, int*)
                0x00000000c000f470                File::isAtty()
                0x00000000c000f474                Directory::isAtty()
                0x00000000c000f478                Filesystem::getlabel(LogicalDisk*, int, char*, unsigned int*)
                0x00000000c000f47e                Filesystem::setlabel(LogicalDisk*, int, char*)
                0x00000000c000f484                File::~File()
                0x00000000c000f484                File::~File()
                0x00000000c000f4a8                File::~File()
                0x00000000c000f4d2                Directory::~Directory()
                0x00000000c000f4d2                Directory::~Directory()
                0x00000000c000f4f6                Directory::~Directory()
                0x00000000c000f520                Filesystem::Filesystem()
                0x00000000c000f520                Filesystem::Filesystem()
                0x00000000c000f544                Filesystem::~Filesystem()
                0x00000000c000f544                Filesystem::~Filesystem()
                0x00000000c000f552                Filesystem::~Filesystem()
                0x00000000c000f576                initVFS()
                0x00000000c000f5a0                standardiseFiles(char*, char const*, char const*)
                0x00000000c000f74a                File::File(char const*, Process*)
                0x00000000c000f74a                File::File(char const*, Process*)
                0x00000000c000f7ae                File::open(FileOpenMode)
                0x00000000c000f80c                File::close()
                0x00000000c000f86c                File::seek(unsigned long long)
                0x00000000c000f8c2                File::tell(unsigned long long*)
                0x00000000c000f912                File::rewind()
                0x00000000c000f926                File::unlink()
                0x00000000c000f972                File::rename(char const*)
                0x00000000c000f9c0                File::chfatattr(unsigned char, unsigned char)
                0x00000000c000fa1c                File::exists()
                0x00000000c000fa5a                File::stat(unsigned long long*, bool*)
                0x00000000c000fabb                getcwd(Process*, char*, int)
                0x00000000c000fae5                setcwd(Process*, char*)
                0x00000000c000fc0c                Directory::Directory(char const*, Process*)
                0x00000000c000fc0c                Directory::Directory(char const*, Process*)
                0x00000000c000fc70                Directory::open()
                0x00000000c000fccc                Directory::close()
                0x00000000c000fd2c                Directory::unlink()
                0x00000000c000fd78                Directory::rename(char const*)
                0x00000000c000fdc6                Directory::exists()
                0x00000000c000fe04                Directory::read(dirent*)
                0x00000000c000fe50                Directory::create()
                0x00000000c000fe9c                Filesystem::chfatattr(char const*, unsigned char, unsigned char)
 .text          0x00000000c000fea2       0x84 hal/bus.32
                0x00000000c000fea2                Bus::Bus(char const*)
                0x00000000c000fea2                Bus::Bus(char const*)
                0x00000000c000fed8                Bus::~Bus()
                0x00000000c000fed8                Bus::~Bus()
                0x00000000c000fefc                Bus::~Bus()
 .text          0x00000000c000ff26      0x14e hal/buzzer.32
                0x00000000c000ff26                Buzzer::Buzzer(char const*)
                0x00000000c000ff26                Buzzer::Buzzer(char const*)
                0x00000000c000ff6a                Buzzer::~Buzzer()
                0x00000000c000ff6a                Buzzer::~Buzzer()
                0x00000000c000ff8e                Buzzer::~Buzzer()
                0x00000000c000ffb8                Buzzer::stop()
                0x00000000c000ffcb                beepThread(void*)
                0x00000000c0010006                Buzzer::beep(int, int, bool)
 .text          0x00000000c0010074      0x435 hal/clock.32
                0x00000000c0010074                loadClockSettings()
                0x00000000c001008e                Clock::Clock(char const*)
                0x00000000c001008e                Clock::Clock(char const*)
                0x00000000c00100c4                Clock::~Clock()
                0x00000000c00100c4                Clock::~Clock()
                0x00000000c00100e8                Clock::~Clock()
                0x00000000c0010112                Clock::timeInSecondsLocal()
                0x00000000c001015a                Clock::setTimeInSecondsLocal(unsigned long long)
                0x00000000c00101b3                datetimeToSeconds(datetime_t)
                0x00000000c00102e0                Clock::setTimeInDatetimeLocal(datetime_t)
                0x00000000c0010340                secondsToDatetime(unsigned long long)
                0x00000000c0010484                Clock::timeInDatetimeLocal()
 *fill*         0x00000000c00104a9        0x1 
 .text          0x00000000c00104aa      0x500 hal/device.32
                0x00000000c00104aa                Device::hibernate()
                0x00000000c00104ac                Device::wake()
                0x00000000c00104ae                Device::detect()
                0x00000000c00104b0                Device::disableLegacy()
                0x00000000c00104b2                Device::powerSaving(PowerSavingLevel)
                0x00000000c00104b4                DriverlessDevice::close(int, int, void*)
                0x00000000c00104b8                DriverlessDevice::detect()
                0x00000000c00104ba                DriverlessDevice::open(int, int, void*)
                0x00000000c00104ce                Device::~Device()
                0x00000000c00104ce                Device::~Device()
                0x00000000c00104dc                Device::~Device()
                0x00000000c0010504                Device::findAndLoadDriver()
                0x00000000c0010506                Device::preOpenPCI(PCIDeviceInfo)
                0x00000000c0010528                Device::preOpenACPI(void*, char*, char*)
                0x00000000c001057c                Device::addIRQHandler(int, void (*)(regs*, void*), bool, void*)
                0x00000000c00105da                Device::removeIRQHandler(int, void (*)(regs*, void*), bool)
                0x00000000c0010628                Device::addChild(Device*)
                0x00000000c001066c                Device::removeAllChildren()
                0x00000000c00106b2                Device::hibernateAll()
                0x00000000c00106e2                Device::wakeAll()
                0x00000000c0010712                Device::detectAll()
                0x00000000c0010742                Device::disableLegacyAll()
                0x00000000c0010772                Device::loadDriversForAll()
                0x00000000c001079e                Device::closeAll()
                0x00000000c00107d4                Device::powerSavingAll(PowerSavingLevel)
                0x00000000c001080a                Device::setName(char const*)
                0x00000000c0010818                Device::Device(char const*)
                0x00000000c0010818                Device::Device(char const*)
                0x00000000c001090a                Device::getName()
                0x00000000c0010914                DriverlessDevice::DriverlessDevice(char const*)
                0x00000000c0010914                DriverlessDevice::DriverlessDevice(char const*)
                0x00000000c001093c                Device::addToLinkedList(LinkedList<Device>&, DeviceType)
                0x00000000c0010980                getDevicesOfType(DeviceType)
 .text          0x00000000c00109aa       0x84 hal/diskctrl.32
                0x00000000c00109aa                HardDiskController::HardDiskController(char const*)
                0x00000000c00109aa                HardDiskController::HardDiskController(char const*)
                0x00000000c00109e0                HardDiskController::~HardDiskController()
                0x00000000c00109e0                HardDiskController::~HardDiskController()
                0x00000000c0010a04                HardDiskController::~HardDiskController()
 .text          0x00000000c0010a2e       0xde hal/diskphys.32
                0x00000000c0010a2e                PhysicalDisk::PhysicalDisk(char const*, int)
                0x00000000c0010a2e                PhysicalDisk::PhysicalDisk(char const*, int)
                0x00000000c0010a96                PhysicalDisk::startCache()
                0x00000000c0010abe                PhysicalDisk::~PhysicalDisk()
                0x00000000c0010abe                PhysicalDisk::~PhysicalDisk()
                0x00000000c0010ae2                PhysicalDisk::~PhysicalDisk()
 .text          0x00000000c0010b0c      0x142 hal/fpu.32
                0x00000000c0010b0c                FPU::FPU(char const*)
                0x00000000c0010b0c                FPU::FPU(char const*)
                0x00000000c0010b42                FPU::~FPU()
                0x00000000c0010b42                FPU::~FPU()
                0x00000000c0010b66                FPU::~FPU()
                0x00000000c0010b90                setupFPU()
 .text          0x00000000c0010c4e     0x12b5 hal/intctrl.32
                0x00000000c0010c4e                InterruptController::uninstallISRHandler(int, void (*)(regs*, void*))
                0x00000000c0010c86                InterruptController::installISRHandler(int, void (*)(regs*, void*), void*)
                0x00000000c0010cd8                doubleFault(regs*, void*)
                0x00000000c0010cf2                InterruptController::installIRQHandler(int, void (*)(regs*, void*), bool, void*)
                0x00000000c0010d8e                InterruptController::clearAllHandlers(int, bool)
                0x00000000c0010e36                InterruptController::uninstallIRQHandler(int, void (*)(regs*, void*), bool)
                0x00000000c0010ebd                nmiHandler(regs*, void*)
                0x00000000c0010ecb                int_handler
                0x00000000c0010f66                InterruptController::InterruptController(char const*)
                0x00000000c0010f66                InterruptController::InterruptController(char const*)
                0x00000000c001100c                InterruptController::~InterruptController()
                0x00000000c001100c                InterruptController::~InterruptController()
                0x00000000c0011030                InterruptController::~InterruptController()
                0x00000000c001105a                displayDebugInfo(regs*)
                0x00000000c0011471                x87EmulHandler(regs*, void*)
                0x00000000c00114d4                gpFault(regs*, void*)
                0x00000000c001150d                pgFault(regs*, void*)
                0x00000000c0011524                otherISRHandler(regs*, void*)
                0x00000000c0011543                opcodeFault(regs*, void*)
                0x00000000c0011ad5                displayProgramFault(char const*)
                0x00000000c0011afd                setupInterruptController()
                0x00000000c0011eb6                InterruptController::convertLegacyIRQNumber(int)
 *fill*         0x00000000c0011f03        0x1 
 .text          0x00000000c0011f04      0x61c hal/keybrd.32
                0x00000000c0011f04                startGUI(void*)
                0x00000000c0011f76                sendKeyToTerminal(unsigned char)
                0x00000000c0011fe7                sendKeyboardToken(KeyboardToken)
                0x00000000c00123d0                clearInternalKeybuffer(VgaText*)
                0x00000000c0012405                readKeyboard(VgaText*, char*, unsigned long)
                0x00000000c0012496                Keyboard::Keyboard(char const*)
                0x00000000c0012496                Keyboard::Keyboard(char const*)
                0x00000000c00124d2                Keyboard::~Keyboard()
                0x00000000c00124d2                Keyboard::~Keyboard()
                0x00000000c00124f6                Keyboard::~Keyboard()
 .text          0x00000000c0012520      0x400 hal/logidisk.32
                0x00000000c0012520                LogicalDisk::close(int, int, void*)
                0x00000000c0012524                LogicalDisk::~LogicalDisk()
                0x00000000c0012524                LogicalDisk::~LogicalDisk()
                0x00000000c0012548                LogicalDisk::~LogicalDisk()
                0x00000000c0012572                LogicalDisk::open(int, int, void*)
                0x00000000c0012586                LogicalDisk::absoluteToRelative(unsigned long long)
                0x00000000c00125be                LogicalDisk::relativeToAbsolute(unsigned long long)
                0x00000000c0012604                LogicalDisk::LogicalDisk(char const*, PhysicalDisk*, unsigned long long, unsigned long long)
                0x00000000c0012604                LogicalDisk::LogicalDisk(char const*, PhysicalDisk*, unsigned long long, unsigned long long)
                0x00000000c00126ba                LogicalDisk::assignDriveLetter()
                0x00000000c0012770                LogicalDisk::mount()
                0x00000000c00127e2                LogicalDisk::unmount()
                0x00000000c00127f2                LogicalDisk::unassignDriveLetter()
                0x00000000c0012848                LogicalDisk::read(unsigned long long, int, void*)
                0x00000000c00128b4                LogicalDisk::write(unsigned long long, int, void*)
 .text          0x00000000c0012920       0x84 hal/mouse.32
                0x00000000c0012920                Mouse::Mouse(char const*)
                0x00000000c0012920                Mouse::Mouse(char const*)
                0x00000000c0012956                Mouse::~Mouse()
                0x00000000c0012956                Mouse::~Mouse()
                0x00000000c001297a                Mouse::~Mouse()
 .text          0x00000000c00129a4      0x339 hal/partition.32
                0x00000000c00129a4                makePartition(PhysicalDisk*, unsigned long long, unsigned long long)
                0x00000000c0012a4c                createPartitionsForDisk(PhysicalDisk*)
 *fill*         0x00000000c0012cdd        0x1 
 .text          0x00000000c0012cde      0x2e7 hal/timer.32
                0x00000000c0012cde                Timer::Timer(char const*)
                0x00000000c0012cde                Timer::Timer(char const*)
                0x00000000c0012d14                Timer::~Timer()
                0x00000000c0012d14                Timer::~Timer()
                0x00000000c0012d38                Timer::~Timer()
                0x00000000c0012d62                Timer::read()
                0x00000000c0012d6d                timerHandler(unsigned long long)
                0x00000000c0012ea4                setupTimer(int)
 *fill*         0x00000000c0012fc5        0x1 
 .text          0x00000000c0012fc6      0x2d1 hal/vcache.32
                0x00000000c0012fc6                VCache::VCache(PhysicalDisk*)
                0x00000000c0012fc6                VCache::VCache(PhysicalDisk*)
                0x00000000c00130b6                VCache::writeWriteBuffer()
                0x00000000c00130f2                VCache::~VCache()
                0x00000000c00130f2                VCache::~VCache()
                0x00000000c0013132                VCache::~VCache()
                0x00000000c001315a                VCache::write(unsigned long long, int, void*)
                0x00000000c001323e                VCache::read(unsigned long long, int, void*)
 *fill*         0x00000000c0013297        0x1 
 .text          0x00000000c0013298      0x26d hal/video.32
                0x00000000c0013298                Video::putrect(int, int, int, int, unsigned int)
                0x00000000c00132e2                Video::blit(unsigned int*, int, int, int, int)
                0x00000000c0013360                Video::clearScreen(unsigned int)
                0x00000000c0013394                Video::putpixel(int, int, unsigned int)
                0x00000000c00133a2                Video::Video(char const*)
                0x00000000c00133a2                Video::Video(char const*)
                0x00000000c00133d8                Video::~Video()
                0x00000000c00133d8                Video::~Video()
                0x00000000c00133fc                Video::~Video()
                0x00000000c0013426                Video::isMonochrome()
                0x00000000c0013432                Video::getWidth()
                0x00000000c001343e                Video::getHeight()
                0x00000000c001344a                Video::drawCursor(int, int, unsigned char*, int)
 *fill*         0x00000000c0013505        0x1 
 .text          0x00000000c0013506      0xd68 hw/acpi.32
                0x00000000c0013506                ACPI::close(int, int, void*)
                0x00000000c00135bf                findRSDP()
                0x00000000c0013649                loadACPITables(unsigned char*)
                0x00000000c0013870                findRSDT(unsigned char*)
                0x00000000c001398e                findDataTable(unsigned char*, char*)
                0x00000000c0013a2a                scanMADT()
                0x00000000c0013de6                ACPI::ACPI()
                0x00000000c0013de6                ACPI::ACPI()
                0x00000000c0013e46                ACPI::getPCIIRQAssignment(unsigned char, unsigned short, unsigned char)
                0x00000000c0013f28                ACPI::registerPCIIRQAssignment(void*, unsigned short, unsigned char, unsigned char)
                0x00000000c0014038                ACPI::setScreenBrightnessLevel(void*, int)
                0x00000000c001403e                ACPI::writeSimpleBootFlag(SimpleBootFlagTable*)
                0x00000000c0014090                ACPI::open(int, int, void*)
                0x00000000c0014256                ACPI::sleep()
 .text          0x00000000c001426e     0x17ae hw/cpu.32
                0x00000000c001426e                CPU::close(int, int, void*)
                0x00000000c0014271                lookupAMDCPUName(unsigned char, unsigned char)
                0x00000000c0014416                lookupIntelCPUName(unsigned char, unsigned char)
                0x00000000c00146cf                AMD_K6_write_msr(unsigned int, unsigned int, unsigned int, REGS*)
                0x00000000c00146eb                AMD_K6_read_msr(unsigned int, REGS*)
                0x00000000c0014703                AMD_K6_writeback(int, int, int)
                0x00000000c0014776                cpuid(int, unsigned long*, unsigned long*, unsigned long*, unsigned long*)
                0x00000000c00147f9                cpuidCheckEDX(unsigned int)
                0x00000000c0014826                cpuidCheckECX(unsigned int)
                0x00000000c0014853                cpuidCheckExtendedEBX(unsigned int)
                0x00000000c0014880                cpuidCheckExtendedECX(unsigned int)
                0x00000000c00148ad                getCPUNumber()
                0x00000000c00148b0                thisCPU()
                0x00000000c00148c4                CPU::CPU()
                0x00000000c00148c4                CPU::CPU()
                0x00000000c0014952                CPU::displayFeatures()
                0x00000000c0014bce                CPU::detectFeatures()
                0x00000000c00155a4                CPU::setupSMEP()
                0x00000000c00155be                CPU::setupUMIP()
                0x00000000c00155d6                CPU::setupTSC()
                0x00000000c00155ee                CPU::setupLargePages()
                0x00000000c0015606                CPU::setupPAT()
                0x00000000c0015642                CPU::setupMTRR()
                0x00000000c0015644                CPU::setupGlobalPages()
                0x00000000c001565a                CPU::allowUsermodeDataAccess()
                0x00000000c001566c                CPU::prohibitUsermodeDataAccess()
                0x00000000c001567e                CPU::setupSMAP()
                0x00000000c00156a4                CPU::setupFeatures()
                0x00000000c0015746                CPU::open(int, int, void*)
                0x00000000c001581c                CPU::decodeAddress(regs*, int*, bool*, unsigned char*)
 .text          0x00000000c0015a1c        0x0 hw/ports.32
 .text          0x00000000c0015a1c      0x354 krnl/panic.32
                0x00000000c0015a1c                Krnl::panic(char const*)
 .text          0x00000000c0015d70      0x511 reg/registry.32
                0x00000000c0015d70                Reg::findLineFromLoadedData(char*, char*, char*)
                0x00000000c0015ed7                Reg::getLineFromRegistry(char*, char*, char*, char*)
                0x00000000c0016036                Reg::getLine(char*, char*, char*)
                0x00000000c001606d                Reg::readInt(char*, char*, int*)
                0x00000000c0016157                Reg::readString(char*, char*, char*, int)
                0x00000000c00161d8                Reg::readBool(char*, char*, bool*)
                0x00000000c00161fd                Reg::readBoolWithDefault(char*, char*, bool)
                0x00000000c0016229                Reg::readIntWithDefault(char*, char*, int)
                0x00000000c0016255                Reg::readStringWithDefault(char*, char*, char*, int, char*)
 .text          0x00000000c0016281       0x18 sys/sc_exit.32
                0x00000000c0016281                Sys::exit(regs*)
 .text          0x00000000c0016299       0x95 sys/sc_loaddll.32
                0x00000000c0016299                Sys::loadDLL(regs*)
 .text          0x00000000c001632e       0x68 sys/sc_read.32
                0x00000000c001632e                Sys::read(regs*)
 .text          0x00000000c0016396       0x55 sys/sc_sbrk.32
                0x00000000c0016396                Sys::sbrk(regs*)
 .text          0x00000000c00163eb       0x83 sys/sc_write.32
                0x00000000c00163eb                Sys::write(regs*)
 .text          0x00000000c001646e       0x1a sys/sc_yield.32
                0x00000000c001646e                Sys::yield(regs*)
 .text          0x00000000c0016488      0xfe6 sys/syscalls.32
                0x00000000c0016488                sysCallGetPID(regs*)
                0x00000000c0016498                sysCallSeekDir(regs*)
                0x00000000c001649d                sysCallTellDir(regs*)
                0x00000000c00164a2                sysCallVerify(regs*)
                0x00000000c00164ac                sysCallFork(regs*)
                0x00000000c00164b3                sysCallExecve(regs*)
                0x00000000c00164ba                sysCallGetArgc(regs*)
                0x00000000c00164ce                sysFormatDisk(regs*)
                0x00000000c0016531                sysSetDiskVolumeLabel(regs*)
                0x00000000c0016579                sysGetDiskVolumeLabel(regs*)
                0x00000000c00165cc                sysShutdown(regs*)
                0x00000000c0016647                sysCallGetCwd(regs*)
                0x00000000c001666d                sysCallSetCwd(regs*)
                0x00000000c001668f                sysCallRealpath(regs*)
                0x00000000c00166dc                sysCallReadDir(regs*)
                0x00000000c001676f                sysCallIsATTY(regs*)
                0x00000000c00167c7                sysCallSeek(regs*)
                0x00000000c001682d                sysCallTell(regs*)
                0x00000000c00168a8                sysCallSizeFromFilename(regs*)
                0x00000000c0016956                sysCallSize(regs*)
                0x00000000c00169d7                sysCallClose(regs*)
                0x00000000c0016a5a                sysCallOpenDir(regs*)
                0x00000000c0016ac5                sysCallMakeDir(regs*)
                0x00000000c0016b20                sysCallCloseDir(regs*)
                0x00000000c0016b81                sysCallWait(regs*)
                0x00000000c0016ba2                sysCallRmdir(regs*)
                0x00000000c0016bf5                sysCallUnlink(regs*)
                0x00000000c0016c48                sysCallGetArgv(regs*)
                0x00000000c0016c94                sysCallTTYName(regs*)
                0x00000000c0016d15                sysCallGetEnv(regs*)
                0x00000000c0016d6c                sysCallUSleep(regs*)
                0x00000000c0016dae                sysCallSpawn(regs*)
                0x00000000c0016e0d                sysAppSettings(regs*)
                0x00000000c0016f32                sysSetFatAttrib(regs*)
                0x00000000c0016f95                sysPanic(regs*)
                0x00000000c0016fbc                sysPipe(regs*)
                0x00000000c0017001                sysGetUnixTime(regs*)
                0x00000000c0017015                string_ends_with(char const*, char const*)
                0x00000000c001705f                sysCallOpen(regs*)
                0x00000000c0017273                setupSystemCalls()
                0x00000000c001742c                systemCall(regs*, void*)
 .text          0x00000000c001746e     0x11c1 thr/elf.32
                0x00000000c001746e                Thr::allocateMemoryForTask(Process*, File*, unsigned long, unsigned long, unsigned long)
                0x00000000c00176e5                Thr::loadProgramIntoMemory(Process*, char const*)
                0x00000000c00178fb                Thr::runtimeReferenceHelper()
                0x00000000c001790e                Thr::getAddressOfKernelSymbol(char const*)
                0x00000000c001795d                Thr::loadKernelSymbolTable(char const*)
                0x00000000c0017c1e                Thr::loadDriverIntoMemory(char const*, unsigned long, bool)
                0x00000000c00183bc                Thr::getDriverBaseFromAddress(unsigned long)
                0x00000000c00183ee                Thr::getDriverNameFromAddress(unsigned long)
                0x00000000c0018425                Thr::getDriverOffsetFromAddress(unsigned long)
                0x00000000c001843f                Thr::loadDLL(char const*, bool)
                0x00000000c0018605                Thr::executeDLL(unsigned long, void*)
 *fill*         0x00000000c001862f        0x1 
 .text          0x00000000c0018630     0x1002 thr/prcssthr.32
                0x00000000c0018630                changeTSS
                0x00000000c001865e                Process::addArgs(char**)
                0x00000000c00186c0                Process::Process(char const*, Process*, char**)
                0x00000000c00186c0                Process::Process(char const*, Process*, char**)
                0x00000000c001887c                Process::Process(bool, char const*, Process*, char**)
                0x00000000c001887c                Process::Process(bool, char const*, Process*, char**)
                0x00000000c0018a03                disableIRQs()
                0x00000000c0018a10                getIRQNestingLevel()
                0x00000000c0018a16                enableIRQs()
                0x00000000c0018a25                lockScheduler()
                0x00000000c0018a27                unlockScheduler()
                0x00000000c0018a29                userModeEntryPoint(void*)
                0x00000000c0018a4c                lockStuff()
                0x00000000c0018a5d                taskStartupFunction
                0x00000000c0018a66                updateTimeUsed()
                0x00000000c0018ac4                switchToThread(ThreadControlBlock*)
                0x00000000c0018b1a                Semaphore::Semaphore(int)
                0x00000000c0018b1a                Semaphore::Semaphore(int)
                0x00000000c0018b48                Mutex::Mutex()
                0x00000000c0018b48                Mutex::Mutex()
                0x00000000c0018b5a                Process::createThread(void (*)(void*), void*, int)
                0x00000000c0018c3c                Process::createUserThread()
                0x00000000c0018c59                setupMultitasking(void (*)())
                0x00000000c0018d6e                schedule()
                0x00000000c0018df3                unlockStuff()
                0x00000000c0018e28                Semaphore::tryAcquire()
                0x00000000c0018e56                Semaphore::assertLocked(char const*)
                0x00000000c0018e86                blockTaskWithSchedulerLockAlreadyHeld(TaskState)
                0x00000000c0018ec7                blockTask(TaskState)
                0x00000000c0018ee8                waitTask(int, int*, int)
                0x00000000c0018f2a                nanoSleepUntil(unsigned long long)
                0x00000000c0018f83                nanoSleep(unsigned long long)
                0x00000000c0018f98                sleep(unsigned long long)
                0x00000000c0018fb6                Semaphore::acquire()
                0x00000000c001901b                taskReturned
                0x00000000c0019049                unblockTask(ThreadControlBlock*)
                0x00000000c00190f6                cleanupTerminatedTask(ThreadControlBlock*)
                0x00000000c001939f                cleanerTaskFunction(void*)
                0x00000000c0019452                terminateTask(int)
                0x00000000c0019534                Thr::terminateFromIRQ(int)
                0x00000000c0019542                Semaphore::release()
 .text          0x00000000c0019632      0x8bf vm86/vm8086.32
                0x00000000c0019632                Vm::vm8086EntryPoint(void*)
                0x00000000c001965d                Vm::inbv(unsigned short)
                0x00000000c0019663                Vm::outbv(unsigned short, unsigned char)
                0x00000000c001966d                Vm::realToLinear(unsigned short, unsigned short)
                0x00000000c001967d                Vm::getSegment(unsigned int)
                0x00000000c0019685                Vm::getOffset(unsigned int)
                0x00000000c001968a                Vm::loadFileAsThread(Process*, char const*, unsigned short, unsigned short, unsigned short, unsigned short)
                0x00000000c00197b9                Vm::doISR(regs*, int, unsigned char*, unsigned short, unsigned short)
                0x00000000c0019843                Vm::readByteFromReal(unsigned short, unsigned short)
                0x00000000c0019854                Vm::readWordFromReal(unsigned short, unsigned short)
                0x00000000c0019866                Vm::readDwordFromReal(unsigned short, unsigned short)
                0x00000000c0019877                Vm::writeByteFromReal(unsigned short, unsigned short, unsigned char)
                0x00000000c001988c                Vm::writeWordFromReal(unsigned short, unsigned short, unsigned short)
                0x00000000c00198a2                Vm::writeDwordFromReal(unsigned short, unsigned short, unsigned int)
                0x00000000c00198b7                Vm::faultHandler(regs*)
 *fill*         0x00000000c0019ef1        0x1 
 .text          0x00000000c0019ef2     0x112f fs/fat/vfslink.32
                0x00000000c0019ef2                FAT::getName()
                0x00000000c0019ef8                FAT::tell(void*, unsigned long long*)
                0x00000000c0019f2c                FAT::stat(void*, unsigned long long*)
                0x00000000c0019f60                FAT::~FAT()
                0x00000000c0019f60                FAT::~FAT()
                0x00000000c0019f84                FAT::~FAT()
                0x00000000c0019fac                FAT::getlabel(LogicalDisk*, int, char*, unsigned int*)
                0x00000000c001a04a                FAT::setlabel(LogicalDisk*, int, char*)
                0x00000000c001a104                FAT::format(LogicalDisk*, int, char const*, int)
                0x00000000c001a2e8                FAT::tryMount(LogicalDisk*, int)
                0x00000000c001a4ee                FAT::readDir(void*, unsigned long, void*, int*)
                0x00000000c001a5f6                FAT::read(void*, unsigned long, void*, int*)
                0x00000000c001a650                FAT::write(void*, unsigned long, void*, int*)
                0x00000000c001a6aa                FAT::close(void*)
                0x00000000c001a6f6                FAT::closeDir(void*)
                0x00000000c001a742                FAT::seek(void*, unsigned long long)
                0x00000000c001a796                fatWrapperReadDisk
                0x00000000c001a7e1                fatWrapperWriteDisk
                0x00000000c001a82c                fatWrapperIoctl
                0x00000000c001a93c                FAT::FAT()
                0x00000000c001a93c                FAT::FAT()
                0x00000000c001a98e                FAT::fixFilepath(char*)
                0x00000000c001a9c6                FAT::open(char const*, void**, FileOpenMode)
                0x00000000c001aaf2                FAT::openDir(char const*, void**)
                0x00000000c001ab98                FAT::stat(char const*, unsigned long long*, bool*)
                0x00000000c001ac84                FAT::unlink(char const*)
                0x00000000c001acfe                FAT::chfatattr(char const*, unsigned char, unsigned char)
                0x00000000c001ae78                FAT::rename(char const*, char const*)
                0x00000000c001af3c                FAT::mkdir(char const*)
                0x00000000c001afb6                FAT::exists(char const*)
 *fill*         0x00000000c001b021        0x1 
 .text          0x00000000c001b022      0xbdd fs/iso9660/vfslink.32
                0x00000000c001b022                ISO9660::format(LogicalDisk*, int, char const*, int)
                0x00000000c001b028                ISO9660::seek(void*, unsigned long long)
                0x00000000c001b058                ISO9660::tell(void*, unsigned long long*)
                0x00000000c001b07c                ISO9660::getName()
                0x00000000c001b082                ISO9660::stat(void*, unsigned long long*)
                0x00000000c001b0a6                ISO9660::chfatattr(char const*, unsigned char, unsigned char)
                0x00000000c001b0ac                ISO9660::unlink(char const*)
                0x00000000c001b0b2                ISO9660::write(void*, unsigned long, void*, int*)
                0x00000000c001b0b8                ISO9660::rename(char const*, char const*)
                0x00000000c001b0be                ISO9660::mkdir(char const*)
                0x00000000c001b0c4                ISO9660::close(void*)
                0x00000000c001b0e6                ISO9660::closeDir(void*)
                0x00000000c001b108                ISO9660::~ISO9660()
                0x00000000c001b108                ISO9660::~ISO9660()
                0x00000000c001b12c                ISO9660::~ISO9660()
                0x00000000c001b153                __memmem(unsigned char*, int, unsigned char*, int)
                0x00000000c001b195                readSectorFromCDROM(unsigned int, unsigned char*, char)
                0x00000000c001b1fc                ISO9660::tryMount(LogicalDisk*, int)
                0x00000000c001b24c                ISO9660::read(void*, unsigned long, void*, int*)
                0x00000000c001b490                ISO9660::readDir(void*, unsigned long, void*, int*)
                0x00000000c001b71b                readRoot(unsigned int*, unsigned int*, char)
                0x00000000c001b770                readRecursively(char*, unsigned int, unsigned int, unsigned int*, unsigned int*, char, int*)
                0x00000000c001b943                getFileData(char*, unsigned int*, unsigned int*, char, int*)
                0x00000000c001b9d2                ISO9660::open(char const*, void**, FileOpenMode)
                0x00000000c001ba6c                ISO9660::exists(char const*)
                0x00000000c001ba90                ISO9660::stat(char const*, unsigned long long*, bool*)
                0x00000000c001bb24                ISO9660::openDir(char const*, void**)
                0x00000000c001bbdc                ISO9660::ISO9660()
                0x00000000c001bbdc                ISO9660::ISO9660()
 *fill*         0x00000000c001bbff        0x1 
 .text          0x00000000c001bc00      0x248 hal/sound/sndchannel.32
                0x00000000c001bc00                SoundChannel::~SoundChannel()
                0x00000000c001bc00                SoundChannel::~SoundChannel()
                0x00000000c001bc1c                SoundChannel::setSpeed(float)
                0x00000000c001bc28                SoundChannel::getSpeed()
                0x00000000c001bc30                SoundChannel::setVolume(int)
                0x00000000c001bc4c                SoundChannel::getVolume()
                0x00000000c001bc54                SoundChannel::pause()
                0x00000000c001bc5e                SoundChannel::SoundChannel(int, int, int, int)
                0x00000000c001bc5e                SoundChannel::SoundChannel(int, int, int, int)
                0x00000000c001bd58                SoundChannel::play()
                0x00000000c001bd62                SoundChannel::paused()
                0x00000000c001bd6a                SoundChannel::getSampleRate()
                0x00000000c001bd72                SoundChannel::getBits()
                0x00000000c001bd7a                SoundChannel::getBufferUsed()
                0x00000000c001bd82                SoundChannel::getBufferSize()
                0x00000000c001bd8a                SoundChannel::unbuffer(float*, int, int)
                0x00000000c001bdfc                SoundChannel::buffer8(unsigned char*, int)
 .text          0x00000000c001be48      0x30f hal/sound/sndhw.32
                0x00000000c001be48                SoundDevice::SoundDevice(char const*)
                0x00000000c001be48                SoundDevice::SoundDevice(char const*)
                0x00000000c001beb4                SoundDevice::~SoundDevice()
                0x00000000c001beb4                SoundDevice::~SoundDevice()
                0x00000000c001bf2e                SoundDevice::~SoundDevice()
                0x00000000c001bf58                SoundDevice::getFreeChannelNum()
                0x00000000c001bf72                SoundDevice::addChannel(SoundChannel*)
                0x00000000c001bfe2                SoundDevice::removeChannel(int)
                0x00000000c001c014                SoundDevice::floatTo8(float*, unsigned char*, int)
                0x00000000c001c080                SoundDevice::getAudio(int, float*, float*)
 .text          0x00000000c001c157        0x0 hw/bus/isa.32
 *fill*         0x00000000c001c157        0x1 
 .text          0x00000000c001c158      0x6e9 hw/bus/pci.32
                0x00000000c001c158                PCI::open(int, int, void*)
                0x00000000c001c16c                PCI::close(int, int, void*)
                0x00000000c001c170                PCI::PCI()
                0x00000000c001c170                PCI::PCI()
                0x00000000c001c1f2                PCI::pciReadWord(unsigned char, unsigned char, unsigned char, unsigned char)
                0x00000000c001c23a                PCI::getVendorID(unsigned char, unsigned char, unsigned char)
                0x00000000c001c25c                PCI::getHeaderType(unsigned char, unsigned char, unsigned char)
                0x00000000c001c280                PCI::getClassCode(unsigned char, unsigned char, unsigned char)
                0x00000000c001c2c4                PCI::getProgIF(unsigned char, unsigned char, unsigned char)
                0x00000000c001c2e8                PCI::getRevisionID(unsigned char, unsigned char, unsigned char)
                0x00000000c001c30a                PCI::getInterruptNumber(unsigned char, unsigned char, unsigned char)
                0x00000000c001c32c                PCI::getSecondaryBus(unsigned char, unsigned char, unsigned char)
                0x00000000c001c350                PCI::getBARAddress(unsigned char, unsigned char, unsigned char, unsigned char)
                0x00000000c001c3b0                PCI::pciWriteWord(unsigned char, unsigned char, unsigned char, unsigned char, unsigned short)
                0x00000000c001c41c                PCI::checkBus(unsigned char)
                0x00000000c001c442                PCI::foundDevice(PCIDeviceInfo)
                0x00000000c001c5b2                PCI::getDeviceData(unsigned char, unsigned char, unsigned char)
                0x00000000c001c782                PCI::checkDevice(unsigned char, unsigned char)
                0x00000000c001c7ee                PCI::detect()
 *fill*         0x00000000c001c841        0x1 
 .text          0x00000000c001c842      0xc84 hw/diskctrl/ide.32
                0x00000000c001c842                IDE::close(int, int, void*)
                0x00000000c001c846                IDE::IDE()
                0x00000000c001c846                IDE::IDE()
                0x00000000c001c87a                IDE::prepareInterrupt(unsigned char)
                0x00000000c001c88c                selectDrive(unsigned char, unsigned char)
                0x00000000c001c88e                IDE::getBase(unsigned char)
                0x00000000c001c8a0                IDE::write(unsigned char, unsigned char, unsigned char)
                0x00000000c001c960                IDE::read(unsigned char, unsigned char)
                0x00000000c001ca0e                IDE::waitInterrupt(unsigned char)
                0x00000000c001ca7a                ideChannel0IRQHandler(regs*, void*)
                0x00000000c001ca96                ideChannel1IRQHandler(regs*, void*)
                0x00000000c001cab2                IDE::enableIRQs(unsigned char, bool)
                0x00000000c001caf8                IDE::open(int, int, void*)
                0x00000000c001cf0a                IDE::readBuffer(unsigned char, unsigned char, unsigned int, unsigned int)
                0x00000000c001cfd6                IDE::detect()
                0x00000000c001d2c0                IDE::printError(unsigned char, unsigned char, unsigned char)
                0x00000000c001d456                IDE::polling(unsigned char, unsigned int)
 .text          0x00000000c001d4c6      0x64f hw/diskphys/ata.32
                0x00000000c001d4c6                ATA::close(int, int, void*)
                0x00000000c001d4ea                ATA::powerSaving(PowerSavingLevel)
                0x00000000c001d4ec                ATA::ATA()
                0x00000000c001d4ec                ATA::ATA()
                0x00000000c001d51a                ATA::flush(bool)
                0x00000000c001d564                ATA::readyForCommand()
                0x00000000c001d5b4                ATA::access(unsigned long long, int, void*, bool)
                0x00000000c001d956                ATA::read(unsigned long long, int, void*)
                0x00000000c001d9be                ATA::write(unsigned long long, int, void*)
                0x00000000c001da26                ATA::detectCHS()
                0x00000000c001da50                ATA::open(int, int, void*)
 *fill*         0x00000000c001db15        0x1 
 .text          0x00000000c001db16      0x5ae hw/diskphys/atapi.32
                0x00000000c001db16                ATAPI::write(unsigned long long, int, void*)
                0x00000000c001db1c                ATAPI::close(int, int, void*)
                0x00000000c001db40                ATAPI::ATAPI()
                0x00000000c001db40                ATAPI::ATAPI()
                0x00000000c001db6e                ATAPI::readyForCommand()
                0x00000000c001dbbe                ATAPI::sendPacket(unsigned char*, int, bool, unsigned short*, int)
                0x00000000c001de7e                ATAPI::diskRemoved()
                0x00000000c001de9a                ATAPI::eject()
                0x00000000c001dee0                ATAPI::diskInserted()
                0x00000000c001df0e                ATAPI::detectMedia()
                0x00000000c001dfca                ATAPI::open(int, int, void*)
                0x00000000c001e04a                ATAPI::read(unsigned long long, int, void*)
 .text          0x00000000c001e0c4       0x8e hw/fpu/avx.32
                0x00000000c001e0c4                AVX::open(int, int, void*)
                0x00000000c001e0d6                AVX::close(int, int, void*)
                0x00000000c001e0e8                AVX::available()
                0x00000000c001e0fa                AVX::save(void*)
                0x00000000c001e112                AVX::load(void*)
                0x00000000c001e12a                AVX::AVX()
                0x00000000c001e12a                AVX::AVX()
 .text          0x00000000c001e152       0x90 hw/fpu/mmx.32
                0x00000000c001e152                MMX::available()
                0x00000000c001e166                MMX::open(int, int, void*)
                0x00000000c001e178                MMX::close(int, int, void*)
                0x00000000c001e18a                MMX::save(void*)
                0x00000000c001e1a2                MMX::load(void*)
                0x00000000c001e1ba                MMX::MMX()
                0x00000000c001e1ba                MMX::MMX()
 .text          0x00000000c001e1e2       0x96 hw/fpu/sse.32
                0x00000000c001e1e2                SSE::open(int, int, void*)
                0x00000000c001e1f4                SSE::close(int, int, void*)
                0x00000000c001e206                SSE::available()
                0x00000000c001e220                SSE::save(void*)
                0x00000000c001e238                SSE::load(void*)
                0x00000000c001e250                SSE::SSE()
                0x00000000c001e250                SSE::SSE()
 .text          0x00000000c001e278       0x8e hw/fpu/x87.32
                0x00000000c001e278                x87::open(int, int, void*)
                0x00000000c001e28a                x87::close(int, int, void*)
                0x00000000c001e29c                x87::available()
                0x00000000c001e2ae                x87::save(void*)
                0x00000000c001e2c6                x87::load(void*)
                0x00000000c001e2de                x87::x87()
                0x00000000c001e2de                x87::x87()
 .text          0x00000000c001e306      0x63b hw/intctrl/apic.32
                0x00000000c001e306                APIC::disable()
                0x00000000c001e308                APIC::close(int, int, void*)
                0x00000000c001e32a                IOAPIC::close(int, int, void*)
                0x00000000c001e330                APIC::io_wait()
                0x00000000c001e336                APIC::getBase()
                0x00000000c001e378                APIC::eoi(unsigned char)
                0x00000000c001e3a6                APIC::open(int, int, void*)
                0x00000000c001e470                IOAPIC::IOAPIC()
                0x00000000c001e470                IOAPIC::IOAPIC()
                0x00000000c001e498                APIC::APIC()
                0x00000000c001e498                APIC::APIC()
                0x00000000c001e574                IOAPIC::handlesGSIWithNumber(unsigned int)
                0x00000000c001e5a6                IOAPIC::read(int)
                0x00000000c001e5ce                IOAPIC::open(int, int, void*)
                0x00000000c001e6d6                IOAPIC::write(int, int)
                0x00000000c001e702                IOAPIC::redirect(unsigned char, unsigned long long, unsigned char)
                0x00000000c001e7c8                APIC::installIRQHandler(int, void (*)(regs*, void*), bool, void*)
 *fill*         0x00000000c001e941        0x1 
 .text          0x00000000c001e942      0x3f3 hw/intctrl/pic.32
                0x00000000c001e942                PIC::disable()
                0x00000000c001e970                PIC::close(int, int, void*)
                0x00000000c001e992                PIC::PIC()
                0x00000000c001e992                PIC::PIC()
                0x00000000c001ea6e                PIC::ioWait()
                0x00000000c001ea74                PIC::getIRQReg(int)
                0x00000000c001eae6                PIC::eoi(unsigned char)
                0x00000000c001eb7e                PIC::remap()
                0x00000000c001ecf6                PIC::open(int, int, void*)
 *fill*         0x00000000c001ed35        0x1 
 .text          0x00000000c001ed36      0x264 hw/timer/apictimer.32
                0x00000000c001ed36                APICTimer::close(int, int, void*)
                0x00000000c001ed3c                apicTimerHandler(regs*, void*)
                0x00000000c001ed6e                APICTimer::write(int)
                0x00000000c001ee6c                APICTimer::open(int, int, void*)
                0x00000000c001ef72                APICTimer::APICTimer()
                0x00000000c001ef72                APICTimer::APICTimer()
 .text          0x00000000c001ef9a      0x1b6 hw/timer/pit.32
                0x00000000c001ef9a                PIT::write(int)
                0x00000000c001f020                pitHandler(regs*, void*)
                0x00000000c001f050                PIT::open(int, int, void*)
                0x00000000c001f09e                PIT::close(int, int, void*)
                0x00000000c001f0ce                PIT::PIT()
                0x00000000c001f0ce                PIT::PIT()
 .text          0x00000000c001f150        0xa hw/fpu/x86/avx.32
                0x00000000c001f150                avxDetect
                0x00000000c001f156                avxSave
                0x00000000c001f157                avxLoad
                0x00000000c001f158                avxInit
                0x00000000c001f159                avxClose
 *fill*         0x00000000c001f15a        0x6 
 .text          0x00000000c001f160       0x38 hw/fpu/x86/sse.32
                0x00000000c001f160                sseDetect
                0x00000000c001f17b                sseSave
                0x00000000c001f181                sseLoad
                0x00000000c001f187                sseInit
                0x00000000c001f197                sseClose
 *fill*         0x00000000c001f198        0x8 
 .text          0x00000000c001f1a0       0x47 hw/fpu/x86/x87.32
                0x00000000c001f1a6                x87Detect
                0x00000000c001f1c1                x87Save
                0x00000000c001f1c7                x87Load
                0x00000000c001f1cc                x87Init
                0x00000000c001f1e6                x87Close
 *fill*         0x00000000c001f1e7        0x1 
 .text          0x00000000c001f1e8       0x25 /cygdrive/d/Users/Alex/Desktop/Toolchain/Output/bin/../lib/gcc/i386-banana/8.1.0/crtend.o
 .text          0x00000000c001f20d        0x0 crtn.32
 *fill*         0x00000000c001f20d        0x3 
 .text          0x00000000c001f210      0x14b /cygdrive/d/Users/Alex/Desktop/Toolchain/Output/bin/../lib/gcc/i386-banana/8.1.0/libgcc.a(_divdi3.o)
                0x00000000c001f210                __divdi3
 *fill*         0x00000000c001f35b        0x1 
 .text          0x00000000c001f35c      0x17e /cygdrive/d/Users/Alex/Desktop/Toolchain/Output/bin/../lib/gcc/i386-banana/8.1.0/libgcc.a(_moddi3.o)
                0x00000000c001f35c                __moddi3
 *fill*         0x00000000c001f4da        0x2 
 .text          0x00000000c001f4dc       0xff /cygdrive/d/Users/Alex/Desktop/Toolchain/Output/bin/../lib/gcc/i386-banana/8.1.0/libgcc.a(_udivdi3.o)
                0x00000000c001f4dc                __udivdi3
 *fill*         0x00000000c001f5db        0x1 
 .text          0x00000000c001f5dc      0x11a /cygdrive/d/Users/Alex/Desktop/Toolchain/Output/bin/../lib/gcc/i386-banana/8.1.0/libgcc.a(_umoddi3.o)
                0x00000000c001f5dc                __umoddi3
 *fill*         0x00000000c001f6f6        0xa 
 .text          0x00000000c001f700       0x1e D:/Users/Alex/Desktop/Banana/kernel/libk/libm32.a(s_fabs.c.o)
                0x00000000c001f700                fabs
 *fill*         0x00000000c001f71e        0x2 
 .text          0x00000000c001f720        0xc D:/Users/Alex/Desktop/Banana/kernel/libk/libm32.a(s_lrint.S.o)
                0x00000000c001f720                lrint
 .text          0x00000000c001f72c        0xc D:/Users/Alex/Desktop/Banana/kernel/libk/libm32.a(s_lrintf.S.o)
                0x00000000c001f72c                lrintf
 *(.gnu.linkonce.t*)

.iplt           0x00000000c001f738        0x0
 .iplt          0x00000000c001f738        0x0 D:/Users/Alex/Desktop/Banana/kernel/boot.32

.init           0x00000000c001f738        0xf
 .init          0x00000000c001f738        0x3 crti.32
                0x00000000c001f738                _init
 .init          0x00000000c001f73b        0x5 /cygdrive/d/Users/Alex/Desktop/Toolchain/Output/bin/../lib/gcc/i386-banana/8.1.0/crtbegin.o
 .init          0x00000000c001f740        0x5 /cygdrive/d/Users/Alex/Desktop/Toolchain/Output/bin/../lib/gcc/i386-banana/8.1.0/crtend.o
 .init          0x00000000c001f745        0x2 crtn.32

.fini           0x00000000c001f747        0xa
 .fini          0x00000000c001f747        0x3 crti.32
                0x00000000c001f747                _fini
 .fini          0x00000000c001f74a        0x5 /cygdrive/d/Users/Alex/Desktop/Toolchain/Output/bin/../lib/gcc/i386-banana/8.1.0/crtbegin.o
 .fini          0x00000000c001f74f        0x2 crtn.32

.text._ZN8ComputerD2Ev
                0x00000000c001f752       0x23
 .text._ZN8ComputerD2Ev
                0x00000000c001f752       0x23 core/computer.32
                0x00000000c001f752                Computer::~Computer()
                0x00000000c001f752                Computer::~Computer()

.text._ZN8ComputerD0Ev
                0x00000000c001f776       0x2a
 .text._ZN8ComputerD0Ev
                0x00000000c001f776       0x2a core/computer.32
                0x00000000c001f776                Computer::~Computer()

.text._Z10idleCommonv
                0x00000000c001f7a0       0x15
 .text._Z10idleCommonv
                0x00000000c001f7a0       0x15 core/idle.32
                0x00000000c001f7a0                idleCommon()

.text._ZN3CPU7readCR3Ev
                0x00000000c001f7b5       0x12
 .text._ZN3CPU7readCR3Ev
                0x00000000c001f7b5       0x12 core/kheap.32
                0x00000000c001f7b5                CPU::readCR3()

.text._ZN3CPU8writeCR3Em
                0x00000000c001f7c7        0x9
 .text._ZN3CPU8writeCR3Em
                0x00000000c001f7c7        0x9 core/kheap.32
                0x00000000c001f7c7                CPU::writeCR3(unsigned long)

.text._ZN10LinkedListI8UnixFileED2Ev
                0x00000000c001f7d0        0x2
 .text._ZN10LinkedListI8UnixFileED2Ev
                0x00000000c001f7d0        0x2 core/unixfile.32
                0x00000000c001f7d0                LinkedList<UnixFile>::~LinkedList()
                0x00000000c001f7d0                LinkedList<UnixFile>::~LinkedList()

.text._ZN10LinkedListI8UnixFileEC2Ev
                0x00000000c001f7d2       0x58
 .text._ZN10LinkedListI8UnixFileEC2Ev
                0x00000000c001f7d2       0x58 core/unixfile.32
                0x00000000c001f7d2                LinkedList<UnixFile>::LinkedList()
                0x00000000c001f7d2                LinkedList<UnixFile>::LinkedList()

.text._ZN10LinkedListI8UnixFileE10addElementEPS0_
                0x00000000c001f82a       0xd3
 .text._ZN10LinkedListI8UnixFileE10addElementEPS0_
                0x00000000c001f82a       0xd3 core/unixfile.32
                0x00000000c001f82a                LinkedList<UnixFile>::addElement(UnixFile*)

.text._ZN10LinkedListI8UnixFileE15getFirstElementEv
                0x00000000c001f8fe        0x7
 .text._ZN10LinkedListI8UnixFileE15getFirstElementEv
                0x00000000c001f8fe        0x7 core/unixfile.32
                0x00000000c001f8fe                LinkedList<UnixFile>::getFirstElement()

.text._ZN10LinkedListI8UnixFileE11removeFirstEv
                0x00000000c001f906       0xa1
 .text._ZN10LinkedListI8UnixFileE11removeFirstEv
                0x00000000c001f906       0xa1 core/unixfile.32
                0x00000000c001f906                LinkedList<UnixFile>::removeFirst()

.text._ZN10LinkedListI8UnixFileE7getNextEPS0_
                0x00000000c001f9a8        0x8
 .text._ZN10LinkedListI8UnixFileE7getNextEPS0_
                0x00000000c001f9a8        0x8 core/unixfile.32
                0x00000000c001f9a8                LinkedList<UnixFile>::getNext(UnixFile*)

.text._ZN16DriverlessDeviceD2Ev
                0x00000000c001f9b0       0x1a
 .text._ZN16DriverlessDeviceD2Ev
                0x00000000c001f9b0       0x1a hal/device.32
                0x00000000c001f9b0                DriverlessDevice::~DriverlessDevice()
                0x00000000c001f9b0                DriverlessDevice::~DriverlessDevice()

.text._ZN16DriverlessDeviceD0Ev
                0x00000000c001f9ca       0x2a
 .text._ZN16DriverlessDeviceD0Ev
                0x00000000c001f9ca       0x2a hal/device.32
                0x00000000c001f9ca                DriverlessDevice::~DriverlessDevice()

.text._ZN10LinkedListI6DeviceE10addElementEPS0_
                0x00000000c001f9f4       0xdc
 .text._ZN10LinkedListI6DeviceE10addElementEPS0_
                0x00000000c001f9f4       0xdc hal/device.32
                0x00000000c001f9f4                LinkedList<Device>::addElement(Device*)

.text._ZN10LinkedListI6DeviceEC2Ev
                0x00000000c001fad0       0x58
 .text._ZN10LinkedListI6DeviceEC2Ev
                0x00000000c001fad0       0x58 hal/device.32
                0x00000000c001fad0                LinkedList<Device>::LinkedList()
                0x00000000c001fad0                LinkedList<Device>::LinkedList()

.text._ZN3CPU7readCR0Ev
                0x00000000c001fb28       0x12
 .text._ZN3CPU7readCR0Ev
                0x00000000c001fb28       0x12 hal/fpu.32
                0x00000000c001fb28                CPU::readCR0()

.text._ZN3CPU8writeCR0Em
                0x00000000c001fb3a        0x9
 .text._ZN3CPU8writeCR0Em
                0x00000000c001fb3a        0x9 hal/fpu.32
                0x00000000c001fb3a                CPU::writeCR0(unsigned long)

.text._ZN3CPU7readDR0Ev
                0x00000000c001fb43       0x12
 .text._ZN3CPU7readDR0Ev
                0x00000000c001fb43       0x12 hal/intctrl.32
                0x00000000c001fb43                CPU::readDR0()

.text._ZN3CPU7readDR1Ev
                0x00000000c001fb55       0x12
 .text._ZN3CPU7readDR1Ev
                0x00000000c001fb55       0x12 hal/intctrl.32
                0x00000000c001fb55                CPU::readDR1()

.text._ZN3CPU7readDR2Ev
                0x00000000c001fb67       0x12
 .text._ZN3CPU7readDR2Ev
                0x00000000c001fb67       0x12 hal/intctrl.32
                0x00000000c001fb67                CPU::readDR2()

.text._ZN3CPU7readDR3Ev
                0x00000000c001fb79       0x12
 .text._ZN3CPU7readDR3Ev
                0x00000000c001fb79       0x12 hal/intctrl.32
                0x00000000c001fb79                CPU::readDR3()

.text._ZN3CPU7readDR6Ev
                0x00000000c001fb8b       0x12
 .text._ZN3CPU7readDR6Ev
                0x00000000c001fb8b       0x12 hal/intctrl.32
                0x00000000c001fb8b                CPU::readDR6()

.text._ZN3CPU7readDR7Ev
                0x00000000c001fb9d       0x12
 .text._ZN3CPU7readDR7Ev
                0x00000000c001fb9d       0x12 hal/intctrl.32
                0x00000000c001fb9d                CPU::readDR7()

.text._ZN10LinkedListIV18ThreadControlBlockE15getFirstElementEv
                0x00000000c001fbb0        0x7
 .text._ZN10LinkedListIV18ThreadControlBlockE15getFirstElementEv
                0x00000000c001fbb0        0x7 hal/timer.32
                0x00000000c001fbb0                LinkedList<ThreadControlBlock volatile>::getFirstElement()

.text._ZN10LinkedListIV18ThreadControlBlockE7isEmptyEv
                0x00000000c001fbb8       0x1c
 .text._ZN10LinkedListIV18ThreadControlBlockE7isEmptyEv
                0x00000000c001fbb8       0x1c hal/timer.32
                0x00000000c001fbb8                LinkedList<ThreadControlBlock volatile>::isEmpty()

.text._ZN10LinkedListIV18ThreadControlBlockE11removeFirstEv
                0x00000000c001fbd4       0xae
 .text._ZN10LinkedListIV18ThreadControlBlockE11removeFirstEv
                0x00000000c001fbd4       0xae hal/timer.32
                0x00000000c001fbd4                LinkedList<ThreadControlBlock volatile>::removeFirst()

.text._ZN10LinkedListIV18ThreadControlBlockE10addElementEPS1_
                0x00000000c001fc82       0xd3
 .text._ZN10LinkedListIV18ThreadControlBlockE10addElementEPS1_
                0x00000000c001fc82       0xd3 hal/timer.32
                0x00000000c001fc82                LinkedList<ThreadControlBlock volatile>::addElement(ThreadControlBlock volatile*)

.text._ZN4ACPID2Ev
                0x00000000c001fd56       0x23
 .text._ZN4ACPID2Ev
                0x00000000c001fd56       0x23 hw/acpi.32
                0x00000000c001fd56                ACPI::~ACPI()
                0x00000000c001fd56                ACPI::~ACPI()

.text._ZN4ACPID0Ev
                0x00000000c001fd7a       0x2a
 .text._ZN4ACPID0Ev
                0x00000000c001fd7a       0x2a hw/acpi.32
                0x00000000c001fd7a                ACPI::~ACPI()

.text._ZN3CPUD2Ev
                0x00000000c001fda4       0x23
 .text._ZN3CPUD2Ev
                0x00000000c001fda4       0x23 hw/cpu.32
                0x00000000c001fda4                CPU::~CPU()
                0x00000000c001fda4                CPU::~CPU()

.text._ZN3CPUD0Ev
                0x00000000c001fdc8       0x2a
 .text._ZN3CPUD0Ev
                0x00000000c001fdc8       0x2a hw/cpu.32
                0x00000000c001fdc8                CPU::~CPU()

.text._ZN3CPU7readCR4Ev
                0x00000000c001fdf2       0x12
 .text._ZN3CPU7readCR4Ev
                0x00000000c001fdf2       0x12 hw/cpu.32
                0x00000000c001fdf2                CPU::readCR4()

.text._ZN3CPU8writeDR7Em
                0x00000000c001fe04        0x9
 .text._ZN3CPU8writeDR7Em
                0x00000000c001fe04        0x9 hw/cpu.32
                0x00000000c001fe04                CPU::writeDR7(unsigned long)

.text._ZN3CPU8writeCR4Em
                0x00000000c001fe0d        0x9
 .text._ZN3CPU8writeCR4Em
                0x00000000c001fe0d        0x9 hw/cpu.32
                0x00000000c001fe0d                CPU::writeCR4(unsigned long)

.text._ZN3CPU7readCR2Ev
                0x00000000c001fe16       0x12
 .text._ZN3CPU7readCR2Ev
                0x00000000c001fe16       0x12 krnl/panic.32
                0x00000000c001fe16                CPU::readCR2()

.text._ZN10LinkedListIV18ThreadControlBlockED2Ev
                0x00000000c001fe28        0x2
 .text._ZN10LinkedListIV18ThreadControlBlockED2Ev
                0x00000000c001fe28        0x2 thr/prcssthr.32
                0x00000000c001fe28                LinkedList<ThreadControlBlock volatile>::~LinkedList()
                0x00000000c001fe28                LinkedList<ThreadControlBlock volatile>::~LinkedList()

.text._ZN18ThreadControlBlockC2Ev
                0x00000000c001fe2a       0x3e
 .text._ZN18ThreadControlBlockC2Ev
                0x00000000c001fe2a       0x3e thr/prcssthr.32
                0x00000000c001fe2a                ThreadControlBlock::ThreadControlBlock()
                0x00000000c001fe2a                ThreadControlBlock::ThreadControlBlock()

.text._ZN10LinkedListIV18ThreadControlBlockEC2Ev
                0x00000000c001fe68       0x58
 .text._ZN10LinkedListIV18ThreadControlBlockEC2Ev
                0x00000000c001fe68       0x58 thr/prcssthr.32
                0x00000000c001fe68                LinkedList<ThreadControlBlock volatile>::LinkedList()
                0x00000000c001fe68                LinkedList<ThreadControlBlock volatile>::LinkedList()

.text._ZN10LinkedListIV18ThreadControlBlockE7getNextEPS1_
                0x00000000c001fec0        0x8
 .text._ZN10LinkedListIV18ThreadControlBlockE7getNextEPS1_
                0x00000000c001fec0        0x8 thr/prcssthr.32
                0x00000000c001fec0                LinkedList<ThreadControlBlock volatile>::getNext(ThreadControlBlock volatile*)

.text._ZN3PCID2Ev
                0x00000000c001fec8       0x23
 .text._ZN3PCID2Ev
                0x00000000c001fec8       0x23 hw/bus/pci.32
                0x00000000c001fec8                PCI::~PCI()
                0x00000000c001fec8                PCI::~PCI()

.text._ZN3PCID0Ev
                0x00000000c001feec       0x2a