Archive member included to satisfy reference by file (symbol)

/cygdrive/d/Users/Alex/Desktop/Toolchain/Output/bin/../lib/gcc/i386-banana/8.1.0/libkgcc.a(_divdi3.o)
                              fs/fat/ff.32 (__divdi3)
/cygdrive/d/Users/Alex/Desktop/Toolchain/Output/bin/../lib/gcc/i386-banana/8.1.0/libkgcc.a(_moddi3.o)
                              compat/resolve.32 (__moddi3)
/cygdrive/d/Users/Alex/Desktop/Toolchain/Output/bin/../lib/gcc/i386-banana/8.1.0/libkgcc.a(_udivdi3.o)
                              fs/fat/ff.32 (__udivdi3)
/cygdrive/d/Users/Alex/Desktop/Toolchain/Output/bin/../lib/gcc/i386-banana/8.1.0/libkgcc.a(_umoddi3.o)
                              compat/resolve.32 (__umoddi3)
D:/Users/Alex/Desktop/Banana/kernel/libsoftfp.a(sfieeelib.o)
                              hal/libresample/src_linear.32 (__subsf3)
D:/Users/Alex/Desktop/Banana/kernel/libsoftfp.a(dfieeelib.o)
                              hal/libresample/src_linear.32 (__adddf3)
D:/Users/Alex/Desktop/Banana/kernel/libsoftfp.a(sfdfcvt.o)
                              hal/libresample/samplerate.32 (__truncdfsf2)
D:/Users/Alex/Desktop/Banana/kernel/libk/libm32.a(s_fabs.c.o)
                              hal/libresample/samplerate.32 (fabs)
D:/Users/Alex/Desktop/Banana/kernel/libk/libm32.a(s_lrint.S.o)
                              hal/libresample/samplerate.32 (lrint)
D:/Users/Alex/Desktop/Banana/kernel/libk/libm32.a(s_lrintf.S.o)
                              hal/sound/sndhw.32 (lrintf)

Discarded input sections

 .comment       0x0000000000000000       0x12 /cygdrive/d/Users/Alex/Desktop/Toolchain/Output/bin/../lib/gcc/i386-banana/8.1.0/crtbegin.o
 .comment       0x0000000000000000       0x12 acpica/utclib.32
 .comment       0x0000000000000000       0x12 core/malloc.32
 .comment       0x0000000000000000       0x12 libk/string.32
 .comment       0x0000000000000000       0x12 fs/fat/diskio.32
 .comment       0x0000000000000000       0x12 fs/fat/ff.32
 .comment       0x0000000000000000       0x12 fs/fat/ffsystem.32
 .comment       0x0000000000000000       0x12 fs/fat/ffunicode.32
 .comment       0x0000000000000000       0x12 hal/libresample/samplerate.32
 .comment       0x0000000000000000       0x12 hal/libresample/src_linear.32
 .comment       0x0000000000000000       0x12 hal/libresample/src_sinc.32
 .comment       0x0000000000000000       0x12 hal/libresample/src_zoh.32
 .comment       0x0000000000000000       0x12 compat/inlines.32
 .comment       0x0000000000000000       0x12 compat/resolve.32
 .group         0x0000000000000000       0x14 core/computer.32
 .group         0x0000000000000000        0xc core/computer.32
 .comment       0x0000000000000000       0x12 core/computer.32
 .comment       0x0000000000000000       0x12 core/gdt.32
 .group         0x0000000000000000        0xc core/idle.32
 .comment       0x0000000000000000       0x12 core/idle.32
 .comment       0x0000000000000000       0x12 core/idt.32
 .comment       0x0000000000000000       0x12 core/kheap.32
 .comment       0x0000000000000000       0x12 core/main.32
 .comment       0x0000000000000000       0x12 core/physmgr.32
 .group         0x0000000000000000        0xc core/pipe.32
 .comment       0x0000000000000000       0x12 core/pipe.32
 .group         0x0000000000000000        0xc core/terminal.32
 .comment       0x0000000000000000       0x12 core/terminal.32
 .comment       0x0000000000000000       0x12 core/tss.32
 .group         0x0000000000000000        0x8 core/unixfile.32
 .group         0x0000000000000000        0x8 core/unixfile.32
 .group         0x0000000000000000        0xc core/unixfile.32
 .group         0x0000000000000000        0x8 core/unixfile.32
 .group         0x0000000000000000        0xc core/unixfile.32
 .group         0x0000000000000000        0x8 core/unixfile.32
 .group         0x0000000000000000        0xc core/unixfile.32
 .group         0x0000000000000000        0xc core/unixfile.32
 .comment       0x0000000000000000       0x12 core/unixfile.32
 .comment       0x0000000000000000       0x12 core/virtmgr.32
 .comment       0x0000000000000000       0x12 coreobjs/c++.32
 .comment       0x0000000000000000       0x12 dbg/kconsole.32
 .group         0x0000000000000000        0xc fs/vfs.32
 .group         0x0000000000000000        0xc fs/vfs.32
 .group         0x0000000000000000        0xc fs/vfs.32
 .comment       0x0000000000000000       0x12 fs/vfs.32
 .group         0x0000000000000000        0xc hal/bus.32
 .comment       0x0000000000000000       0x12 hal/bus.32
 .group         0x0000000000000000        0xc hal/buzzer.32
 .comment       0x0000000000000000       0x12 hal/buzzer.32
 .group         0x0000000000000000        0xc hal/clock.32
 .comment       0x0000000000000000       0x12 hal/clock.32
 .group         0x0000000000000000       0x14 hal/device.32
 .group         0x0000000000000000        0xc hal/device.32
 .group         0x0000000000000000        0x8 hal/device.32
 .group         0x0000000000000000        0xc hal/device.32
[...]
Memory Configuration

Name             Origin             Length             Attributes
*default*        0x0000000000000000 0xffffffffffffffff

Linker script and memory map

LOAD D:/Users/Alex/Desktop/Banana/kernel/boot.32
LOAD crti.32
LOAD /cygdrive/d/Users/Alex/Desktop/Toolchain/Output/bin/../lib/gcc/i386-banana/8.1.0/crtbegin.o
LOAD D:/Users/Alex/Desktop/Banana/kernel/morenasm.32
LOAD acpica/utclib.32
LOAD core/malloc.32
LOAD libk/string.32
LOAD fs/fat/diskio.32
LOAD fs/fat/ff.32
LOAD fs/fat/ffsystem.32
LOAD fs/fat/ffunicode.32
LOAD hal/libresample/samplerate.32
LOAD hal/libresample/src_linear.32
LOAD hal/libresample/src_sinc.32
LOAD hal/libresample/src_zoh.32
LOAD compat/inlines.32
LOAD compat/resolve.32
LOAD core/computer.32
LOAD core/gdt.32
LOAD core/idle.32
LOAD core/idt.32
LOAD core/kheap.32
LOAD core/main.32
LOAD core/physmgr.32
LOAD core/pipe.32
LOAD core/terminal.32
LOAD core/tss.32
LOAD core/unixfile.32
LOAD core/virtmgr.32
LOAD coreobjs/c++.32
LOAD dbg/kconsole.32
LOAD fs/vfs.32
LOAD hal/bus.32
LOAD hal/buzzer.32
LOAD hal/clock.32
LOAD hal/device.32
LOAD hal/diskctrl.32
LOAD hal/diskphys.32
LOAD hal/fpu.32
LOAD hal/intctrl.32
LOAD hal/keybrd.32
LOAD hal/logidisk.32
LOAD hal/mouse.32
LOAD hal/partition.32
LOAD hal/serial.32
LOAD hal/timer.32
LOAD hal/vcache.32
LOAD hal/video.32
LOAD hw/acpi.32
LOAD hw/cpu.32
LOAD hw/ports.32
LOAD hw/smp.32
LOAD krnl/env.32
LOAD krnl/panic.32
LOAD net/ethernet.32
LOAD reg/registry.32
LOAD sys/sc_eject.32
LOAD sys/sc_exit.32
LOAD sys/sc_getcwd.32
LOAD sys/sc_getpid.32
LOAD sys/sc_getramdata.32
LOAD sys/sc_getvgaptr.32
LOAD sys/sc_loaddll.32
LOAD sys/sc_read.32
LOAD sys/sc_sbrk.32
LOAD sys/sc_setcwd.32
LOAD sys/sc_settime.32
LOAD sys/sc_timezone.32
LOAD sys/sc_write.32
LOAD sys/sc_wsbe.32
LOAD sys/sc_yield.32
LOAD sys/syscalls.32
LOAD thr/elf.32
LOAD thr/prcssthr.32
LOAD vm86/vm8086.32
LOAD vm86/x87em.32
LOAD fs/fat/vfslink.32
LOAD fs/iso9660/vfslink.32
LOAD hal/sound/sndchannel.32
LOAD hal/sound/sndhw.32
LOAD hw/bus/isa.32
LOAD hw/bus/pci.32
LOAD hw/diskctrl/ide.32
LOAD hw/diskctrl/satabus.32
LOAD hw/diskphys/ata.32
LOAD hw/diskphys/atapi.32
LOAD hw/diskphys/sata.32
LOAD hw/diskphys/satapi.32
LOAD hw/fpu/avx.32
LOAD hw/fpu/mmx.32
LOAD hw/fpu/sse.32
LOAD hw/fpu/x87.32
LOAD hw/intctrl/apic.32
LOAD hw/intctrl/pic.32
LOAD hw/timer/apictimer.32
LOAD hw/timer/pit.32
LOAD hw/fpu/x86/avx.32
LOAD hw/fpu/x86/sse.32
LOAD hw/fpu/x86/x87.32
LOAD /cygdrive/d/Users/Alex/Desktop/Toolchain/Output/bin/../lib/gcc/i386-banana/8.1.0/crtend.o
LOAD crtn.32
LOAD /cygdrive/d/Users/Alex/Desktop/Toolchain/Output/bin/../lib/gcc/i386-banana/8.1.0/libkgcc.a
LOAD D:/Users/Alex/Desktop/Banana/kernel/libsoftfp.a
LOAD D:/Users/Alex/Desktop/Banana/kernel/libk/libm32.a
                0x00000000c0000000                . = 0xc0000000

.text           0x00000000c0000000    0x281d8
 *(.text)
 .text          0x00000000c0000000       0x41 D:/Users/Alex/Desktop/Banana/kernel/boot.32
                0x00000000c0000020                callGlobalConstructors
 .text          0x00000000c0000041        0x0 crti.32
 *fill*         0x00000000c0000041        0x3 
 .text          0x00000000c0000044      0x101 /cygdrive/d/Users/Alex/Desktop/Toolchain/Output/bin/../lib/gcc/i386-banana/8.1.0/crtbegin.o
 *fill*         0x00000000c0000145        0xb 
 .text          0x00000000c0000150      0x4fb D:/Users/Alex/Desktop/Banana/kernel/morenasm.32
                0x00000000c0000150                manualPCIProbe
                0x00000000c000019b                prepareTramp
                0x00000000c00001b4                voodooXADD
                0x00000000c000027f                doTPAUSE
                0x00000000c0000289                hasLegacyFPU
                0x00000000c00002ae                is486
                0x00000000c00002e4                detectCPUID
                0x00000000c00002fa                goToVM86
                0x00000000c000032a                goToUsermode
                0x00000000c0000354                switchToThreadASMFirstTime
                0x00000000c0000362                switchToThreadASM
                0x00000000c00003f2                asmQuickAcquireLock
                0x00000000c0000410                asmQuickReleaseLock
                0x00000000c000041c                asmAcquireLock
                0x00000000c000043d                asmReleaseLock
                0x00000000c0000450                loadGDT
                0x00000000c0000470                isr0
                0x00000000c0000480                isr1
                0x00000000c000048a                isr2
                0x00000000c0000494                isr3
                0x00000000c000049e                isr4
                0x00000000c00004a8                isr5
                0x00000000c00004b2                isr6
                0x00000000c00004bc                isr7
                0x00000000c00004c6                isr8
                0x00000000c00004ce                isr9
                0x00000000c00004d8                isr10
                0x00000000c00004e0                isr11
                0x00000000c00004e8                isr12
                0x00000000c00004f0                isr13
                0x00000000c00004f8                isr14
                0x00000000c0000500                isr15
                0x00000000c000050a                isr16
                0x00000000c0000514                isr17
                0x00000000c000051e                isr18
                0x00000000c0000528                irq3
                0x00000000c0000532                irq4
                0x00000000c000053c                irq5
                0x00000000c0000546                irq6
                0x00000000c0000550                irq7
                0x00000000c000055a                irq8
                0x00000000c0000564                irq9
                0x00000000c000056e                irq10
                0x00000000c0000578                irq11
                0x00000000c0000582                irq12
                0x00000000c000058c                irq13
                0x00000000c0000596                irq14
                0x00000000c00005a0                irq15
                0x00000000c00005aa                irq1
                0x00000000c00005b1                irq2
                0x00000000c00005b8                isr96
                0x00000000c00005bf                irq0
                0x00000000c00005c4                syscall_common_stub
                0x00000000c00005c4                int_common_stub
                0x00000000c00005f6                irq16
                0x00000000c0000600                irq17
                0x00000000c000060a                irq18
                0x00000000c0000614                irq19
                0x00000000c000061e                irq20
                0x00000000c0000628                irq21
                0x00000000c0000632                irq22
                0x00000000c000063c                irq23
                0x00000000c0000646                memcpy
 *fill*         0x00000000c000064b        0x1 
 .text          0x00000000c000064c      0x5dd acpica/utclib.32
                0x00000000c000064c                memcmp
                0x00000000c0000688                memmove
                0x00000000c0000750                memset
                0x00000000c000076c                strlen
                0x00000000c0000784                strpbrk
                0x00000000c00007c0                strtok
                0x00000000c000080c                strcpy
                0x00000000c0000830                strncpy
                0x00000000c0000898                strcmp
                0x00000000c00008d8                strchr
                0x00000000c00008fc                strncmp
                0x00000000c000094c                strcat
                0x00000000c000097c                strncat
                0x00000000c00009b8                strstr
                0x00000000c0000a00                toupper
                0x00000000c0000a14                tolower
                0x00000000c0000a28                simple_strtoul
 .text          0x00000000c0000c29      0xfad core/malloc.32
                0x00000000c0000d94                dlfree
                0x00000000c00010ef                dlmalloc
                0x00000000c000162c                dlrealloc
                0x00000000c00017cf                dlmemalign
                0x00000000c00018f2                dlcalloc
                0x00000000c000198c                dlcfree
                0x00000000c0001991                dlindependent_calloc
                0x00000000c00019b6                dlindependent_comalloc
                0x00000000c00019cd                dlvalloc
                0x00000000c00019f8                dlpvalloc
                0x00000000c0001a2e                dlmalloc_trim
                0x00000000c0001a3b                dlmalloc_usable_size
                0x00000000c0001a6c                dlmallinfo
                0x00000000c0001b3b                dlmalloc_stats
                0x00000000c0001b4c                dlmallopt
 .text          0x00000000c0001bd6        0x0 libk/string.32
 .text          0x00000000c0001bd6       0x51 fs/fat/diskio.32
                0x00000000c0001bd6                disk_status
                0x00000000c0001bd9                disk_initialize
                0x00000000c0001bdc                disk_read
                0x00000000c0001bf2                disk_write
                0x00000000c0001c08                disk_ioctl
 .text          0x00000000c0001c27     0x6833 fs/fat/ff.32
                0x00000000c0004ef5                f_mount
                0x00000000c0004f57                f_open
                0x00000000c0005393                f_read
                0x00000000c0005613                f_write
                0x00000000c00058cd                f_sync
                0x00000000c0005aa9                f_close
                0x00000000c0005ad8                f_lseek
                0x00000000c0005f8f                f_opendir
                0x00000000c0006091                f_closedir
                0x00000000c00060b3                f_readdir
                0x00000000c000614e                f_stat
                0x00000000c00061dd                f_getfree
                0x00000000c00063a8                f_truncate
                0x00000000c00064a0                f_unlink
                0x00000000c0006623                f_mkdir
                0x00000000c000684f                f_rename
                0x00000000c0006b42                f_chmod
                0x00000000c0006c20                f_utime
                0x00000000c0006cfe                f_getlabel
                0x00000000c0006eec                f_setlabel
                0x00000000c0007159                f_forward
                0x00000000c0007337                f_mkfs
 .text          0x00000000c000845a       0x2d fs/fat/ffsystem.32
                0x00000000c000845a                ff_memalloc
                0x00000000c0008470                ff_memfree
 .text          0x00000000c0008487      0x253 fs/fat/ffunicode.32
                0x00000000c0008487                ff_uni2oem
                0x00000000c0008517                ff_oem2uni
                0x00000000c0008583                ff_wtoupper
 .text          0x00000000c00086da      0x8fb hal/libresample/samplerate.32
                0x00000000c000871e                src_delete
                0x00000000c000875a                src_process
                0x00000000c0008910                src_callback_read
                0x00000000c0008a8d                src_set_ratio
                0x00000000c0008af7                src_get_channels
                0x00000000c0008b19                src_reset
                0x00000000c0008b65                src_new
                0x00000000c0008bf3                src_callback_new
                0x00000000c0008c55                src_get_name
                0x00000000c0008c8c                src_get_description
                0x00000000c0008cc3                src_get_version
                0x00000000c0008cc9                src_is_valid_ratio
                0x00000000c0008d1d                src_error
                0x00000000c0008d2b                src_strerror
                0x00000000c0008d3e                src_simple
                0x00000000c0008d91                src_short_to_float_array
                0x00000000c0008df6                src_float_to_short_array
                0x00000000c0008eb5                src_int_to_float_array
                0x00000000c0008f18                src_float_to_int_array
 .text          0x00000000c0008fd5      0x8cb hal/libresample/src_linear.32
                0x00000000c00097fb                linear_get_name
                0x00000000c000980a                linear_get_description
                0x00000000c0009819                linear_set_converter
 .text          0x00000000c00098a0     0x447c hal/libresample/src_sinc.32
                0x00000000c000dc33                sinc_get_name
                0x00000000c000dc46                sinc_get_description
                0x00000000c000dc59                sinc_set_converter
 .text          0x00000000c000dd1c      0x77c hal/libresample/src_zoh.32
                0x00000000c000e3f3                zoh_get_name
                0x00000000c000e402                zoh_get_description
                0x00000000c000e411                zoh_set_converter
 .text          0x00000000c000e498       0xa7 compat/inlines.32
                0x00000000c000e498                CPU::current()
                0x00000000c000e4a4                operator new(unsigned long)
                0x00000000c000e4a9                operator delete(void*)
                0x00000000c000e4ae                disableIRQs()
                0x00000000c000e4b6                enableIRQs()
                0x00000000c000e4c5                lockScheduler()
                0x00000000c000e4cd                unlockScheduler()
                0x00000000c000e4dc                lockStuff()
                0x00000000c000e4ea                unlockStuff()
                0x00000000c000e524                Virt::getAKernelVAS()
                0x00000000c000e52a                __not_memcpy
 .text          0x00000000c000e53f      0x111 compat/resolve.32
                0x00000000c000e53f                Krnl::resolveCompatibilitySymbol(char*)
 .text          0x00000000c000e650      0x741 core/computer.32
                0x00000000c000e650                Computer::close(int, int, void*)
                0x00000000c000e694                Krnl::firstTask()
                0x00000000c000e7d6                Computer::Computer()
                0x00000000c000e7d6                Computer::Computer()
                0x00000000c000e932                Computer::setBootMessage(char const*)
                0x00000000c000e934                Computer::detectFeatures()
                0x00000000c000eb3e                Computer::displayFeatures()
                0x00000000c000eb40                Computer::rdmsr(unsigned int)
                0x00000000c000eb6c                Computer::wrmsr(unsigned int, unsigned long long)
                0x00000000c000eba4                Computer::nmiEnabled()
                0x00000000c000ebb0                Computer::readCMOS(unsigned char)
                0x00000000c000ebca                Computer::enableNMI(bool)
                0x00000000c000ebe2                Computer::open(int, int, void*)
                0x00000000c000ecd4                Computer::disableNMI()
                0x00000000c000ece2                Computer::writeCMOS(unsigned char, unsigned char)
                0x00000000c000ed00                Computer::handleNMI()
                0x00000000c000ed66                Computer::setDiskActivityLight(int, bool)
 *fill*         0x00000000c000ed91        0x1 
 .text          0x00000000c000ed92      0x19d core/gdt.32
                0x00000000c000ed92                GDTEntry::setBase(unsigned int)
                0x00000000c000edae                GDTEntry::setLimit(unsigned int)
                0x00000000c000edcc                GDT::GDT()
                0x00000000c000edcc                GDT::GDT()
                0x00000000c000ede2                GDT::addEntry(GDTEntry)
                0x00000000c000ee04                GDT::getNumberOfEntries()
                0x00000000c000ee0c                GDT::flush()
                0x00000000c000ee2e                GDT::setup()
 .text          0x00000000c000ef2f       0x6b core/idle.32
                0x00000000c000ef2f                idleFunction(void*)
 .text          0x00000000c000ef9a      0x45e core/idt.32
                0x00000000c000ef9a                IDTEntry::IDTEntry(bool)
                0x00000000c000ef9a                IDTEntry::IDTEntry(bool)
                0x00000000c000f008                IDTEntry::setOffset(unsigned int)
                0x00000000c000f01c                IDT::IDT()
                0x00000000c000f01c                IDT::IDT()
                0x00000000c000f01e                IDT::getPointerToInvalidOpcodeEntryForF00F()
                0x00000000c000f026                IDT::addEntry(IDTEntry, int)
                0x00000000c000f040                IDT::addEntry(int, void (*)(), bool)
                0x00000000c000f078                IDT::flush()
                0x00000000c000f092                IDT::setup()
 .text          0x00000000c000f3f8      0x1fe core/kheap.32
                0x00000000c000f3f8                sbrk
                0x00000000c000f505                mmap
                0x00000000c000f51b                munmap
                0x00000000c000f531                liballoc_lock()
                0x00000000c000f53e                liballoc_unlock()
                0x00000000c000f552                liballoc_alloc(int)
                0x00000000c000f56d                liballoc_free(void*, int)
                0x00000000c000f588                realloc
                0x00000000c000f59c                malloc
                0x00000000c000f5ac                free
                0x00000000c000f5bc                rfree
                0x00000000c000f5cc                calloc
 .text          0x00000000c000f5f6      0x1b6 core/main.32
                0x00000000c000f5f6                Krnl::setBootMessage(char const*)
                0x00000000c000f662                kernel_main
 .text          0x00000000c000f7ac      0x528 core/physmgr.32
                0x00000000c000f7ac                Phys::allocateDMA(unsigned long)
                0x00000000c000f84f                Phys::freeDMA(unsigned long, unsigned long)
                0x00000000c000f897                Phys::setPageState(unsigned long, bool)
                0x00000000c000f8c9                Phys::getPageState(unsigned long)
                0x00000000c000f8e5                Phys::freePage(unsigned long)
                0x00000000c000f940                Phys::allocatePage()
                0x00000000c000f9e9                Phys::allocateContiguousPages(int)
                0x00000000c000fa45                Phys::allowSegmentToBeUsed(unsigned long, unsigned long)
                0x00000000c000fa7d                Phys::physicalMemorySetup(unsigned int)
 .text          0x00000000c000fcd4      0x273 core/pipe.32
                0x00000000c000fcd4                Pipe::isAtty()
                0x00000000c000fcd8                Pipe::~Pipe()
                0x00000000c000fcd8                Pipe::~Pipe()
                0x00000000c000fcfc                Pipe::~Pipe()
                0x00000000c000fd24                Pipe::read(unsigned long long, void*, int*)
                0x00000000c000fe20                Pipe::write(unsigned long long, void*, int*)
                0x00000000c000fee0                Pipe::Pipe(int)
                0x00000000c000fee0                Pipe::Pipe(int)
 *fill*         0x00000000c000ff47        0x1 
 .text          0x00000000c000ff48      0xb91 core/terminal.32
                0x00000000c000ff48                VgaText::isAtty()
                0x00000000c000ff4c                VgaText::~VgaText()
                0x00000000c000ff4c                VgaText::~VgaText()
                0x00000000c000ff70                VgaText::~VgaText()
                0x00000000c000ff9a                VgaText::read(unsigned long long, void*, int*)
                0x00000000c000ffba                setTerminalScrollLock(bool)
                0x00000000c000ffbb                addToTerminalCycle(VgaText*)
                0x00000000c000ffdc                installVgaTextImplementation()
                0x00000000c000fff1                scrollTerminalScrollLock(int)
                0x00000000c000fff2                VgaText::updateTitle()
                0x00000000c0010030                VgaText::load()
                0x00000000c001007e                VgaText::updateCursor()
                0x00000000c0010094                VgaText::doANSI_SGR(int)
                0x00000000c0010108                VgaText::setDefaultBgColour(VgaColour)
                0x00000000c0010118                VgaText::setDefaultFgColour(VgaColour)
                0x00000000c0010128                VgaText::setDefaultColours(VgaColour, VgaColour)
                0x00000000c0010148                VgaText::setTitleTextColour(VgaColour)
                0x00000000c0010158                VgaText::setTitleColour(VgaColour)
                0x00000000c0010168                VgaText::setTitle(char*)
                0x00000000c001018e                VgaText::combineColours(unsigned char, unsigned char)
                0x00000000c00101a0                VgaText::scrollScreen()
                0x00000000c0010234                VgaText::combineCharAndColour(char, unsigned char)
                0x00000000c0010246                VgaText::writeCharacter(char, VgaColour, VgaColour, int, int)
                0x00000000c00102a2                VgaText::getCursorX()
                0x00000000c00102aa                VgaText::getCursorY()
                0x00000000c00102b2                VgaText::setCursor(int, int)
                0x00000000c00102c9                setActiveTerminal(VgaText*)
                0x00000000c001032b                doTerminalCycle()
                0x00000000c0010346                VgaText::setCursorX(int)
                0x00000000c001035e                VgaText::setCursorY(int)
                0x00000000c0010376                VgaText::incrementCursor(bool)
                0x00000000c00103ca                VgaText::decrementCursor(bool)
                0x00000000c00103ec                VgaText::putchar(char, VgaColour, VgaColour)
                0x00000000c00104c4                VgaText::doUpdate()
                0x00000000c00104d2                VgaText::puts(char const*, VgaColour, VgaColour)
                0x00000000c001064a                VgaText::clearScreen()
                0x00000000c00106a4                VgaText::putchar(char)
                0x00000000c0010790                VgaText::putx(unsigned int)
                0x00000000c00107d6                VgaText::puts(char const*)
                0x00000000c00107fc                VgaText::VgaText(char const*)
                0x00000000c00107fc                VgaText::VgaText(char const*)
                0x00000000c0010978                VgaText::receiveKey(unsigned char)
                0x00000000c0010a60                VgaText::write(unsigned long long, void*, int*)
                0x00000000c0010ab4                newTerminal(char*)
 *fill*         0x00000000c0010ad9        0x1 
 .text          0x00000000c0010ada      0x19d core/tss.32
                0x00000000c0010ada                TSS::TSS()
                0x00000000c0010ada                TSS::TSS()
                0x00000000c0010ae8                TSS::setESP(unsigned long)
                0x00000000c0010afa                TSS::flush()
                0x00000000c0010b1a                TSS::setup(unsigned long, unsigned long)
 *fill*         0x00000000c0010c77        0x1 
 .text          0x00000000c0010c78      0x4c2 core/unixfile.32
                0x00000000c0010c78                ReservedFilename::read(unsigned long long, void*, int*)
                0x00000000c0010cce                ReservedFilename::isAtty()
                0x00000000c0010cea                ReservedFilename::write(unsigned long long, void*, int*)
                0x00000000c0010d48                UnixFile::getFileDescriptor()
                0x00000000c0010d50                UnixFile::UnixFile(int)
                0x00000000c0010d50                UnixFile::UnixFile(int)
                0x00000000c0010f00                ReservedFilename::ReservedFilename(int)
                0x00000000c0010f00                ReservedFilename::ReservedFilename(int)
                0x00000000c0010f32                UnixFile::~UnixFile()
                0x00000000c0010f32                UnixFile::~UnixFile()
                0x00000000c0010fca                UnixFile::~UnixFile()
                0x00000000c0010ff2                ReservedFilename::~ReservedFilename()
                0x00000000c0010ff2                ReservedFilename::~ReservedFilename()
                0x00000000c0011016                ReservedFilename::~ReservedFilename()
                0x00000000c001103d                getFromFileDescriptor(int)
 .text          0x00000000c001113a     0x127f core/virtmgr.32
                0x00000000c001113a                Virt::setPageState(unsigned long, Virt::VirtPageState)
                0x00000000c001116f                Virt::getPageState(unsigned long)
                0x00000000c0011193                Virt::allocateKernelVirtualPages(int)
                0x00000000c00112a4                Virt::freeSwapfilePage(unsigned long)
                0x00000000c00112c2                Virt::swapIDToSector(unsigned long)
                0x00000000c00112d4                Virt::allocateSwapfilePage()
                0x00000000c0011352                Virt::virtualMemorySetup()
                0x00000000c001139d                Virt::setupPageSwapping(int)
                0x00000000c0011524                VAS::VAS()
                0x00000000c0011524                VAS::VAS()
                0x00000000c0011560                VAS::VAS(VAS*)
                0x00000000c0011560                VAS::VAS(VAS*)
                0x00000000c001158e                VAS::getForeignPageTableEntry(bool, unsigned long)
                0x00000000c00115ba                VAS::getPageTableEntry(unsigned long)
                0x00000000c00115d9                Virt::freeKernelVirtualPages(unsigned long)
                0x00000000c00116fc                VAS::freeAllocatedPages(unsigned long)
                0x00000000c0011720                VAS::virtualToPhysical(unsigned long)
                0x00000000c0011738                VAS::reflagRange(unsigned long, int, int, int)
                0x00000000c0011778                VAS::setToWriteCombining(unsigned long, int)
                0x00000000c00117aa                VAS::mapOtherVASIn(bool, VAS*)
                0x00000000c00117d4                VAS::~VAS()
                0x00000000c00117d4                VAS::~VAS()
                0x00000000c0011950                VAS::mapPage(unsigned long, unsigned long, int)
                0x00000000c0011a52                VAS::allocatePages(int, int)
                0x00000000c0011c2a                VAS::setCPUSpecific(unsigned long)
                0x00000000c0011c46                VAS::mapRange(unsigned long, unsigned long, int, int)
                0x00000000c0011d0c                VAS::mapForeignPage(bool, VAS*, unsigned long, unsigned long, int)
                0x00000000c0011dfa                VAS::VAS(bool)
                0x00000000c0011dfa                VAS::VAS(bool)
                0x00000000c001207a                VAS::evict(unsigned long)
                0x00000000c001213c                VAS::tryLoadBackOffDisk(unsigned long)
                0x00000000c001224c                VAS::scanForEviction()
                0x00000000c00122fd                mapVASFirstTime
 .text          0x00000000c00123b9       0x95 coreobjs/c++.32
                0x00000000c00123b9                __cxa_atexit
                0x00000000c00123bc                __cxa_finalize
                0x00000000c00123bd                __stack_chk_fail
                0x00000000c0012429                __cxa_pure_virtual
                0x00000000c001243a                operator new[](unsigned long)
                0x00000000c001243f                operator delete(void*, unsigned long)
                0x00000000c0012444                operator delete[](void*)
                0x00000000c0012449                operator delete[](void*, unsigned long)
 .text          0x00000000c001244e      0x1ef dbg/kconsole.32
                0x00000000c001244e                Dbg::stringifyxWithBase(unsigned int, char*, int)
                0x00000000c00124af                Dbg::logc(char)
                0x00000000c00124c6                Dbg::logs(char*)
                0x00000000c00124e3                Dbg::logWriteInt(unsigned int)
                0x00000000c0012500                Dbg::logWriteIntBase(unsigned int, int)
                0x00000000c001251f                Dbg::kprintf(char const*, ...)
 *fill*         0x00000000c001263d        0x1 
 .text          0x00000000c001263e      0xb82 fs/vfs.32
                0x00000000c001263e                File::read(unsigned long long, void*, int*)
                0x00000000c0012696                File::write(unsigned long long, void*, int*)
                0x00000000c00126ee                Directory::read(unsigned long long, void*, int*)
                0x00000000c0012746                Directory::write(unsigned long long, void*, int*)
                0x00000000c0012774                File::isAtty()
                0x00000000c0012778                Directory::isAtty()
                0x00000000c001277c                Filesystem::getlabel(LogicalDisk*, int, char*, unsigned int*)
                0x00000000c0012782                Filesystem::setlabel(LogicalDisk*, int, char*)
                0x00000000c0012788                Filesystem::getFileFirstSector(char const*)
                0x00000000c001278e                File::~File()
                0x00000000c001278e                File::~File()
                0x00000000c00127b2                File::~File()
                0x00000000c00127dc                Directory::~Directory()
                0x00000000c00127dc                Directory::~Directory()
                0x00000000c0012800                Directory::~Directory()
                0x00000000c001282a                Filesystem::Filesystem()
                0x00000000c001282a                Filesystem::Filesystem()
                0x00000000c001284e                Filesystem::~Filesystem()
                0x00000000c001284e                Filesystem::~Filesystem()
                0x00000000c001285c                Filesystem::~Filesystem()
                0x00000000c0012880                Fs::getcwd(Process*, char*, int)
                0x00000000c00128aa                Fs::initVFS()
                0x00000000c00128d4                Fs::standardiseFiles(char*, char const*, char const*)
                0x00000000c0012a7e                File::File(char const*, Process*)
                0x00000000c0012a7e                File::File(char const*, Process*)
                0x00000000c0012ae2                File::open(FileOpenMode)
                0x00000000c0012b40                File::close()
                0x00000000c0012ba0                File::seek(unsigned long long)
                0x00000000c0012bf6                File::tell(unsigned long long*)
                0x00000000c0012c46                File::rewind()
                0x00000000c0012c5a                File::unlink()
                0x00000000c0012ca6                File::rename(char const*)
                0x00000000c0012cf4                File::chfatattr(unsigned char, unsigned char)
                0x00000000c0012d50                File::exists()
                0x00000000c0012d8e                File::stat(unsigned long long*, bool*)
                0x00000000c0012def                Fs::setcwd(Process*, char*)
                0x00000000c0012f2a                Directory::Directory(char const*, Process*)
                0x00000000c0012f2a                Directory::Directory(char const*, Process*)
                0x00000000c0012f8e                Directory::open()
                0x00000000c0012fea                Directory::close()
                0x00000000c001304a                Directory::unlink()
                0x00000000c0013096                Directory::rename(char const*)
                0x00000000c00130e4                Directory::exists()
                0x00000000c0013122                Directory::read(dirent*)
                0x00000000c001316e                Directory::create()
                0x00000000c00131ba                Filesystem::chfatattr(char const*, unsigned char, unsigned char)
 .text          0x00000000c00131c0       0x84 hal/bus.32
                0x00000000c00131c0                Bus::Bus(char const*)
                0x00000000c00131c0                Bus::Bus(char const*)
                0x00000000c00131f6                Bus::~Bus()
                0x00000000c00131f6                Bus::~Bus()
                0x00000000c001321a                Bus::~Bus()
 .text          0x00000000c0013244      0x156 hal/buzzer.32
                0x00000000c0013244                Buzzer::Buzzer(char const*)
                0x00000000c0013244                Buzzer::Buzzer(char const*)
                0x00000000c0013288                Buzzer::~Buzzer()
                0x00000000c0013288                Buzzer::~Buzzer()
                0x00000000c00132ac                Buzzer::~Buzzer()
                0x00000000c00132d6                Buzzer::stop()
                0x00000000c00132e9                beepThread(void*)
                0x00000000c001332c                Buzzer::beep(int, int, bool)
 .text          0x00000000c001339a      0x467 hal/clock.32
                0x00000000c001339a                User::loadClockSettings(int)
                0x00000000c00133ec                Clock::Clock(char const*)
                0x00000000c00133ec                Clock::Clock(char const*)
                0x00000000c0013422                Clock::~Clock()
                0x00000000c0013422                Clock::~Clock()
                0x00000000c0013446                Clock::~Clock()
                0x00000000c0013470                Clock::timeInSecondsLocal()
                0x00000000c00134b8                Clock::setTimeInSecondsLocal(unsigned long long)
                0x00000000c0013511                datetimeToSeconds(datetime_t)
                0x00000000c0013638                Clock::setTimeInDatetimeLocal(datetime_t)
                0x00000000c0013698                secondsToDatetime(unsigned long long)
                0x00000000c00137dc                Clock::timeInDatetimeLocal()
 *fill*         0x00000000c0013801        0x1 
 .text          0x00000000c0013802      0x504 hal/device.32
                0x00000000c0013802                Device::hibernate()
                0x00000000c0013804                Device::wake()
                0x00000000c0013806                Device::detect()
                0x00000000c0013808                Device::disableLegacy()
                0x00000000c001380a                Device::powerSaving(PowerSavingLevel)
                0x00000000c001380c                DriverlessDevice::close(int, int, void*)
                0x00000000c0013810                DriverlessDevice::detect()
                0x00000000c0013812                DriverlessDevice::open(int, int, void*)
                0x00000000c0013826                Device::~Device()
                0x00000000c0013826                Device::~Device()
                0x00000000c0013834                Device::~Device()
                0x00000000c001385c                Device::findAndLoadDriver()
                0x00000000c001386a                Device::preOpenPCI(PCIDeviceInfo)
                0x00000000c0013890                Device::preOpenACPI(void*, char*, char*)
                0x00000000c00138d0                Device::addIRQHandler(int, void (*)(regs*, void*), bool, void*)
                0x00000000c001390e                Device::getParent()
                0x00000000c001391a                Device::removeIRQHandler(int, void (*)(regs*, void*), bool)
                0x00000000c0013958                Device::addChild(Device*)
                0x00000000c001399c                Device::removeAllChildren()
                0x00000000c00139e2                Device::hibernateAll()
                0x00000000c0013a12                Device::wakeAll()
                0x00000000c0013a42                Device::detectAll()
                0x00000000c0013a72                Device::disableLegacyAll()
                0x00000000c0013aa2                Device::loadDriversForAll()
                0x00000000c0013ae2                Device::closeAll()
                0x00000000c0013b18                Device::powerSavingAll(PowerSavingLevel)
                0x00000000c0013b4e                Device::setName(char const*)
                0x00000000c0013b5c                Device::Device(char const*)
                0x00000000c0013b5c                Device::Device(char const*)
                0x00000000c0013c58                Device::getName()
                0x00000000c0013c62                DriverlessDevice::DriverlessDevice(char const*)
                0x00000000c0013c62                DriverlessDevice::DriverlessDevice(char const*)
                0x00000000c0013c98                Device::addToLinkedList(LinkedList<Device>&, DeviceType)
                0x00000000c0013cdc                getDevicesOfType(DeviceType)
 .text          0x00000000c0013d06       0x84 hal/diskctrl.32
                0x00000000c0013d06                HardDiskController::HardDiskController(char const*)
                0x00000000c0013d06                HardDiskController::HardDiskController(char const*)
                0x00000000c0013d3c                HardDiskController::~HardDiskController()
                0x00000000c0013d3c                HardDiskController::~HardDiskController()
                0x00000000c0013d60                HardDiskController::~HardDiskController()
 .text          0x00000000c0013d8a       0xe2 hal/diskphys.32
                0x00000000c0013d8a                PhysicalDisk::eject()
                0x00000000c0013d8e                PhysicalDisk::PhysicalDisk(char const*, int)
                0x00000000c0013d8e                PhysicalDisk::PhysicalDisk(char const*, int)
                0x00000000c0013df6                PhysicalDisk::startCache()
                0x00000000c0013e1e                PhysicalDisk::~PhysicalDisk()
                0x00000000c0013e1e                PhysicalDisk::~PhysicalDisk()
                0x00000000c0013e42                PhysicalDisk::~PhysicalDisk()
 .text          0x00000000c0013e6c      0x13b hal/fpu.32
                0x00000000c0013e6c                FPU::FPU(char const*)
                0x00000000c0013e6c                FPU::FPU(char const*)
                0x00000000c0013ea2                FPU::~FPU()
                0x00000000c0013ea2                FPU::~FPU()
                0x00000000c0013ec6                FPU::~FPU()
                0x00000000c0013ef0                setupFPU()
 *fill*         0x00000000c0013fa7        0x1 
 .text          0x00000000c0013fa8     0x1403 hal/intctrl.32
                0x00000000c0013fa8                InterruptController::uninstallISRHandler(int, void (*)(regs*, void*))
                0x00000000c0013fe0                InterruptController::installISRHandler(int, void (*)(regs*, void*), void*)
                0x00000000c0014032                doubleFault(regs*, void*)
                0x00000000c001404c                InterruptController::installIRQHandler(int, void (*)(regs*, void*), bool, void*)
                0x00000000c00140e8                InterruptController::clearAllHandlers(int, bool)
                0x00000000c0014190                InterruptController::uninstallIRQHandler(int, void (*)(regs*, void*), bool)
                0x00000000c0014217                nmiHandler(regs*, void*)
                0x00000000c0014225                int_handler
                0x00000000c00142c6                InterruptController::InterruptController(char const*)
                0x00000000c00142c6                InterruptController::InterruptController(char const*)
                0x00000000c001436c                InterruptController::~InterruptController()
                0x00000000c001436c                InterruptController::~InterruptController()
                0x00000000c0014390                InterruptController::~InterruptController()
                0x00000000c00143ba                displayDebugInfo(regs*)
                0x00000000c0014849                x87EmulHandler(regs*, void*)
                0x00000000c00148bc                gpFault(regs*, void*)
                0x00000000c00148f5                pgFault(regs*, void*)
                0x00000000c001490c                otherISRHandler(regs*, void*)
                0x00000000c001492b                opcodeFault(regs*, void*)
                0x00000000c0014f48                displayProgramFault(char const*)
                0x00000000c0014f70                setupInterruptController()
                0x00000000c001535e                InterruptController::convertLegacyIRQNumber(int)
 *fill*         0x00000000c00153ab        0x1 
 .text          0x00000000c00153ac      0x784 hal/keybrd.32
                0x00000000c00153ac                startGUI(void*)
                0x00000000c0015418                startGUIVESA(void*)
                0x00000000c0015484                sendKeyToTerminal(unsigned char)
                0x00000000c0015542                sendKeyboardToken(KeyboardToken)
                0x00000000c001597f                clearInternalKeybuffer(VgaText*)
                0x00000000c00159b4                readKeyboard(VgaText*, char*, unsigned long)
                0x00000000c0015aa6                Keyboard::Keyboard(char const*)
                0x00000000c0015aa6                Keyboard::Keyboard(char const*)
                0x00000000c0015ae2                Keyboard::~Keyboard()
                0x00000000c0015ae2                Keyboard::~Keyboard()
                0x00000000c0015b06                Keyboard::~Keyboard()
 .text          0x00000000c0015b30      0x3ea hal/logidisk.32
                0x00000000c0015b30                LogicalDisk::close(int, int, void*)
                0x00000000c0015b34                LogicalDisk::~LogicalDisk()
                0x00000000c0015b34                LogicalDisk::~LogicalDisk()
                0x00000000c0015b58                LogicalDisk::~LogicalDisk()
                0x00000000c0015b82                LogicalDisk::open(int, int, void*)
                0x00000000c0015b96                LogicalDisk::absoluteToRelative(unsigned long long)
                0x00000000c0015bce                LogicalDisk::relativeToAbsolute(unsigned long long)
                0x00000000c0015c14                LogicalDisk::LogicalDisk(char const*, PhysicalDisk*, unsigned long long, unsigned long long)
                0x00000000c0015c14                LogicalDisk::LogicalDisk(char const*, PhysicalDisk*, unsigned long long, unsigned long long)
                0x00000000c0015cca                LogicalDisk::assignDriveLetter()
                0x00000000c0015d80                LogicalDisk::mount()
                0x00000000c0015dc8                LogicalDisk::unmount()
                0x00000000c0015dd8                LogicalDisk::eject()
                0x00000000c0015dec                LogicalDisk::unassignDriveLetter()
                0x00000000c0015e42                LogicalDisk::read(unsigned long long, int, void*)
                0x00000000c0015eae                LogicalDisk::write(unsigned long long, int, void*)
 .text          0x00000000c0015f1a       0x84 hal/mouse.32
                0x00000000c0015f1a                Mouse::Mouse(char const*)
                0x00000000c0015f1a                Mouse::Mouse(char const*)
                0x00000000c0015f50                Mouse::~Mouse()
                0x00000000c0015f50                Mouse::~Mouse()
                0x00000000c0015f74                Mouse::~Mouse()
 .text          0x00000000c0015f9e      0x339 hal/partition.32
                0x00000000c0015f9e                makePartition(PhysicalDisk*, unsigned long long, unsigned long long)
                0x00000000c0016046                createPartitionsForDisk(PhysicalDisk*)
 *fill*         0x00000000c00162d7        0x1 
 .text          0x00000000c00162d8       0x84 hal/serial.32
                0x00000000c00162d8                Serial::Serial(char const*)
                0x00000000c00162d8                Serial::Serial(char const*)
                0x00000000c001630e                Serial::~Serial()
                0x00000000c001630e                Serial::~Serial()
                0x00000000c0016332                Serial::~Serial()
 .text          0x00000000c001635c      0x2f3 hal/timer.32
                0x00000000c001635c                Timer::Timer(char const*)
                0x00000000c001635c                Timer::Timer(char const*)
                0x00000000c0016392                Timer::~Timer()
                0x00000000c0016392                Timer::~Timer()
                0x00000000c00163b6                Timer::~Timer()
                0x00000000c00163e0                Timer::read()
                0x00000000c00163eb                timerHandler(unsigned long long)
                0x00000000c001655d                setupTimer(int)
 *fill*         0x00000000c001664f        0x1 
 .text          0x00000000c0016650      0x409 hal/vcache.32
                0x00000000c0016650                VCache::VCache(PhysicalDisk*)
                0x00000000c0016650                VCache::VCache(PhysicalDisk*)
                0x00000000c00167b8                VCache::invalidateReadBuffer()
                0x00000000c00167c8                VCache::writeWriteBuffer()
                0x00000000c0016804                VCache::~VCache()
                0x00000000c0016804                VCache::~VCache()
                0x00000000c0016858                VCache::~VCache()
                0x00000000c0016880                VCache::write(unsigned long long, int, void*)
                0x00000000c001696a                VCache::read(unsigned long long, int, void*)
 *fill*         0x00000000c0016a59        0x1 
 .text          0x00000000c0016a5a      0x4b3 hal/video.32
                0x00000000c0016a5a                Video::putrect(int, int, int, int, unsigned int)
                0x00000000c0016aa6                Video::bitblit(int, int, int, int, int, int, int, unsigned int*)
                0x00000000c0016b16                Video::blit(unsigned int*, int, int, int, int)
                0x00000000c0016b94                Video::clearScreen(unsigned int)
                0x00000000c0016bc8                Video::putpixel(int, int, unsigned int)
                0x00000000c0016bd6                Video::Video(char const*)
                0x00000000c0016bd6                Video::Video(char const*)
                0x00000000c0016c0c                Video::~Video()
                0x00000000c0016c0c                Video::~Video()
                0x00000000c0016c30                Video::~Video()
                0x00000000c0016c5a                Video::isMonochrome()
                0x00000000c0016c66                Video::getWidth()
                0x00000000c0016c72                Video::getHeight()
                0x00000000c0016c7e                Video::drawCursor(int, int, unsigned char*, int)
                0x00000000c0016d3a                Video::tgaParse(unsigned char*, int, int*, int*)
                0x00000000c0016ea2                Video::putTGA(int, int, unsigned char*, int)
 *fill*         0x00000000c0016f0d        0x1 
 .text          0x00000000c0016f0e     0x11c9 hw/acpi.32
                0x00000000c0016f0e                ACPI::close(int, int, void*)
                0x00000000c0016fb3                findRSDP()
                0x00000000c001703d                loadACPITables(unsigned char*)
                0x00000000c0017294                findRSDT(unsigned char*)
                0x00000000c00173de                findDataTable(unsigned char*, char*)
                0x00000000c0017450                scanMADT()
                0x00000000c00178be                ACPI::ACPI()
                0x00000000c00178be                ACPI::ACPI()
                0x00000000c0017912                ACPI::getPCIIRQAssignment(unsigned char, unsigned short, unsigned char)
                0x00000000c00179f4                ACPI::registerPCIIRQAssignment(void*, unsigned short, unsigned char, unsigned char)
                0x00000000c0017aba                ACPI::setScreenBrightnessLevel(void*, int)
                0x00000000c0017ac0                ACPI::detectPCI()
                0x00000000c0017cc2                ACPI::writeSimpleBootFlag(SimpleBootFlagTable*)
                0x00000000c0017d0a                ACPI::sleep()
                0x00000000c0017d22                ACPI::open(int, int, void*)
 *fill*         0x00000000c00180d7        0x1 
 .text          0x00000000c00180d8     0x1495 hw/cpu.32
                0x00000000c00180d8                CPU::close(int, int, void*)
                0x00000000c00180dc                CPU::lookupAMDName(unsigned char, unsigned char)
                0x00000000c0018270                CPU::lookupIntelName(unsigned char, unsigned char)
                0x00000000c001851e                CPU::AMD_K6_write_msr(unsigned int, unsigned int, unsigned int, CPU::REGS*)
                0x00000000c001853a                CPU::AMD_K6_read_msr(unsigned int, CPU::REGS*)
                0x00000000c0018552                CPU::AMD_K6_writeback(int, int, int)
                0x00000000c00185c6                CPU::cpuid(int, unsigned long*, unsigned long*, unsigned long*, unsigned long*)
                0x00000000c001864a                CPU::cpuidCheckEDX(unsigned int)
                0x00000000c0018678                CPU::cpuidCheckECX(unsigned int)
                0x00000000c00186a6                CPU::cpuidCheckExtendedEBX(unsigned int)
                0x00000000c00186d4                CPU::cpuidCheckExtendedECX(unsigned int)
                0x00000000c0018702                CPU::CPU()
                0x00000000c0018702                CPU::CPU()
                0x00000000c0018790                CPU::displayFeatures()
                0x00000000c0018792                CPU::detectFeatures()
                0x00000000c0019184                CPU::setupSMEP()
                0x00000000c0019190                CPU::setupUMIP()
                0x00000000c001919a                CPU::setupTSC()
                0x00000000c00191a4                CPU::setupLargePages()
                0x00000000c00191ae                CPU::setupPAT()
                0x00000000c00191ea                CPU::setupMTRR()
                0x00000000c00191ec                CPU::setupGlobalPages()
                0x00000000c00191f6                CPU::allowUsermodeDataAccess()
                0x00000000c0019208                CPU::prohibitUsermodeDataAccess()
                0x00000000c001921a                CPU::setupSMAP()
                0x00000000c0019228                CPU::setupFeatures()
                0x00000000c00192a8                CPU::open(int, int, void*)
                0x00000000c0019372                CPU::decodeAddress(regs*, int*, bool*, unsigned char*)
 .text          0x00000000c001956d        0x0 hw/ports.32
 .text          0x00000000c001956d      0x16a hw/smp.32
                0x00000000c001956d                Krnl::smpEntry()
                0x00000000c001956f                Krnl::startCPU(int)
                0x00000000c00196b8                Krnl::startCPUs()
 *fill*         0x00000000c00196d7        0x1 
 .text          0x00000000c00196d8      0x581 krnl/env.32
                0x00000000c00196d8                EnvVarContainer::getEnv(char const*)
                0x00000000c0019716                EnvVarContainer::setEnv(char const*, char const*)
                0x00000000c00197d8                EnvVarContainer::deleteEnv(char const*)
                0x00000000c00197da                EnvVarContainer::loadFrom(char const*, char const*)
                0x00000000c00199c0                EnvVarContainer::__loadSystem()
                0x00000000c00199da                EnvVarContainer::__loadUser()
                0x00000000c00199dc                EnvVarContainer::EnvVarContainer(Process*)
                0x00000000c00199dc                EnvVarContainer::EnvVarContainer(Process*)
                0x00000000c00199fe                EnvVarContainer::~EnvVarContainer()
                0x00000000c00199fe                EnvVarContainer::~EnvVarContainer()
                0x00000000c0019a2e                Krnl::getEnv(Process*, char const*)
                0x00000000c0019a93                Krnl::setEnvSystem(char const*, char const*)
                0x00000000c0019aad                Krnl::setEnvUser(char const*, char const*)
                0x00000000c0019acc                Krnl::setEnvProcess(Process*, char const*, char const*)
                0x00000000c0019adf                Krnl::deleteEnvSystem(char const*)
                0x00000000c0019ae0                Krnl::deleteEnvUser(char const*)
                0x00000000c0019ae1                Krnl::deleteEnvProcess(Process*, char const*)
                0x00000000c0019ae2                Krnl::newProcessEnv(Process*)
                0x00000000c0019b04                Krnl::copyProcessEnv(Process*, Process*)
                0x00000000c0019b50                Krnl::loadSystemEnv()
                0x00000000c0019b7e                Krnl::loadUserEnv()
                0x00000000c0019ba4                Krnl::flushEnv()
                0x00000000c0019ba5                Krnl::getProcessTotalEnvCount(Process*)
                0x00000000c0019bc5                Krnl::getProcessEnvPair(Process*, int)
 .text          0x00000000c0019c59      0x39c krnl/panic.32
                0x00000000c0019c59                Krnl::panic(char const*)
 .text          0x00000000c0019ff5      0x57f net/ethernet.32
                0x00000000c0019ff5                Net::switchEndian16(unsigned short)
                0x00000000c001a016                Net::switchEndian32(unsigned int)
                0x00000000c001a045                Net::crc32Calc(unsigned char*, int)
                0x00000000c001a0d6                Net::wrapEthernetFrame(Net::UnwrappedEthernetFrame, unsigned char*)
                0x00000000c001a2e9                Net::unwrapEthernetFrame(unsigned char*, int)
 .text          0x00000000c001a574      0x50e reg/registry.32
                0x00000000c001a574                Reg::findLineFromLoadedData(char*, char*, char*)
                0x00000000c001a6cc                Reg::getLineFromRegistry(char*, char*, char*, char*)
                0x00000000c001a821                Reg::getLine(char*, char*, char*)
                0x00000000c001a858                Reg::readInt(char*, char*, int*)
                0x00000000c001a943                Reg::readString(char*, char*, char*, int)
                0x00000000c001a9c4                Reg::readBool(char*, char*, bool*)
                0x00000000c001a9e9                Reg::readBoolWithDefault(char*, char*, bool)
                0x00000000c001aa15                Reg::readIntWithDefault(char*, char*, int)
                0x00000000c001aa41                Reg::readStringWithDefault(char*, char*, char*, int, char*)
 .text          0x00000000c001aa82       0x36 sys/sc_eject.32
                0x00000000c001aa82                Sys::eject(regs*)
 .text          0x00000000c001aab8       0x18 sys/sc_exit.32
                0x00000000c001aab8                Sys::exit(regs*)
 .text          0x00000000c001aad0       0x1f sys/sc_getcwd.32
                0x00000000c001aad0                Sys::getCwd(regs*)
 .text          0x00000000c001aaef        0xc sys/sc_getpid.32
                0x00000000c001aaef                Sys::getPID(regs*)
 .text          0x00000000c001aafb       0x17 sys/sc_getramdata.32
                0x00000000c001aafb                Sys::getRAMData(regs*)
 .text          0x00000000c001ab12       0x84 sys/sc_getvgaptr.32
                0x00000000c001ab12                Sys::getVGAPtr(regs*)
 .text          0x00000000c001ab96       0xa8 sys/sc_loaddll.32
                0x00000000c001ab96                Sys::loadDLL(regs*)
 .text          0x00000000c001ac3e       0x68 sys/sc_read.32
                0x00000000c001ac3e                Sys::read(regs*)
 .text          0x00000000c001aca6       0x55 sys/sc_sbrk.32
                0x00000000c001aca6                Sys::sbrk(regs*)
 .text          0x00000000c001acfb       0x1c sys/sc_setcwd.32
                0x00000000c001acfb                Sys::setCwd(regs*)
 .text          0x00000000c001ad17       0x95 sys/sc_settime.32
                0x00000000c001ad17                Sys::setTime(regs*)
 .text          0x00000000c001adac       0x4a sys/sc_timezone.32
                0x00000000c001adac                Sys::timezone(regs*)
 .text          0x00000000c001adf6       0x68 sys/sc_write.32
                0x00000000c001adf6                Sys::write(regs*)
 .text          0x00000000c001ae5e       0x62 sys/sc_wsbe.32
                0x00000000c001ae5e                Sys::wsbe(regs*)
 .text          0x00000000c001aec0       0x46 sys/sc_yield.32
                0x00000000c001aec0                Sys::yield(regs*)
 .text          0x00000000c001af06      0xf84 sys/syscalls.32
                0x00000000c001af06                sysCallSeekDir(regs*)
                0x00000000c001af0b                sysCallTellDir(regs*)
                0x00000000c001af10                sysCallVerify(regs*)
                0x00000000c001af1a                sysCallGetArgc(regs*)
                0x00000000c001af2a                sysFormatDisk(regs*)
                0x00000000c001af94                sysSetDiskVolumeLabel(regs*)
                0x00000000c001afda                sysGetDiskVolumeLabel(regs*)
                0x00000000c001b02b                sysShutdown(regs*)
                0x00000000c001b089                sysCallRealpath(regs*)
                0x00000000c001b0cc                sysCallReadDir(regs*)
                0x00000000c001b14b                sysCallIsATTY(regs*)
                0x00000000c001b1a5                sysCallSeek(regs*)
                0x00000000c001b1fc                sysCallTell(regs*)
                0x00000000c001b268                sysCallSize(regs*)
                0x00000000c001b2da                sysCallSizeFromFilename(regs*)
                0x00000000c001b389                sysCallClose(regs*)
                0x00000000c001b3e9                sysCallOpenDir(regs*)
                0x00000000c001b45e                sysCallCloseDir(regs*)
                0x00000000c001b4b2                sysCallMakeDir(regs*)
                0x00000000c001b522                sysCallWait(regs*)
                0x00000000c001b53c                sysCallNotImpl(regs*)
                0x00000000c001b557                sysPanic(regs*)
                0x00000000c001b571                sysCallRmdir(regs*)
                0x00000000c001b5d5                sysCallUnlink(regs*)
                0x00000000c001b639                sysCallGetArgv(regs*)
                0x00000000c001b685                sysCallTTYName(regs*)
                0x00000000c001b708                sysCallUSleep(regs*)
                0x00000000c001b72f                sysCallSpawn(regs*)
                0x00000000c001b797                sysCallGetEnv(regs*)
                0x00000000c001b844                sysAppSettings(regs*)
                0x00000000c001b958                sysSetFatAttrib(regs*)
                0x00000000c001b9ca                sysPipe(regs*)
                0x00000000c001ba0f                sysGetUnixTime(regs*)
                0x00000000c001ba23                string_ends_with(char const*, char const*)
                0x00000000c001ba6b                sysCallOpen(regs*)
                0x00000000c001bc53                Sys::loadSyscalls()
                0x00000000c001be48                Sys::systemCall(regs*, void*)
 .text          0x00000000c001be8a     0x11fd thr/elf.32
                0x00000000c001be8a                Thr::allocateMemoryForTask(Process*, File*, unsigned long, unsigned long, unsigned long)
                0x00000000c001c134                Thr::loadProgramIntoMemory(Process*, char const*)
                0x00000000c001c34a                Thr::runtimeReferenceHelper()
                0x00000000c001c35d                Thr::getAddressOfKernelSymbol(char const*)
                0x00000000c001c3ac                Thr::loadKernelSymbolTable(char const*)
                0x00000000c001c66a                Thr::loadDriverIntoMemory(char const*, unsigned long, bool)
                0x00000000c001cda0                Thr::getDriverBaseFromAddress(unsigned long)
                0x00000000c001cdd2                Thr::getDriverNameFromAddress(unsigned long)
                0x00000000c001ce09                Thr::getDriverOffsetFromAddress(unsigned long)
                0x00000000c001ce23                Thr::loadDLL(char const*, bool)
                0x00000000c001d04e                Thr::executeDLL(unsigned long, void*)
 *fill*         0x00000000c001d087        0x1 
 .text          0x00000000c001d088     0x11ef thr/prcssthr.32
                0x00000000c001d088                userModeEntryPoint(void*)
                0x00000000c001d0ae                changeTSS
                0x00000000c001d0de                switchToThread(ThreadControlBlock*)
                0x00000000c001d188                Process::addArgs(char**)
                0x00000000c001d1e2                Process::Process(char const*, Process*, char**)
                0x00000000c001d1e2                Process::Process(char const*, Process*, char**)
                0x00000000c001d3c6                Process::Process(bool, char const*, Process*, char**)
                0x00000000c001d3c6                Process::Process(bool, char const*, Process*, char**)
                0x00000000c001d575                taskStartupFunction
                0x00000000c001d57e                Semaphore::Semaphore(int)
                0x00000000c001d57e                Semaphore::Semaphore(int)
                0x00000000c001d5ac                Mutex::Mutex()
                0x00000000c001d5ac                Mutex::Mutex()
                0x00000000c001d5be                Process::createThread(void (*)(void*), void*, int)
                0x00000000c001d6c4                Process::createUserThread()
                0x00000000c001d6e0                setupMultitasking(void (*)())
                0x00000000c001d7e3                schedule()
                0x00000000c001d868                Semaphore::tryAcquire()
                0x00000000c001d924                Semaphore::assertLocked(char const*)
                0x00000000c001d993                blockTaskWithSchedulerLockAlreadyHeld(TaskState)
                0x00000000c001d9b9                blockTask(TaskState)
                0x00000000c001d9e6                waitTask(int, int*, int)
                0x00000000c001da28                nanoSleepUntil(unsigned long long)
                0x00000000c001dabd                nanoSleep(unsigned long long)
                0x00000000c001dad5                sleep(unsigned long long)
                0x00000000c001daf2                Semaphore::acquire()
                0x00000000c001db94                taskReturned
                0x00000000c001dbcf                Thr::processFromPID(int)
                0x00000000c001dc66                unblockTask(ThreadControlBlock*)
                0x00000000c001dcfb                cleanupTerminatedTask(ThreadControlBlock*)
                0x00000000c001dfa2                cleanerTaskFunction(void*)
                0x00000000c001e083                terminateTask(int)
                0x00000000c001e142                Thr::terminateFromIRQ(int)
                0x00000000c001e14e                Semaphore::release()
 .text          0x00000000c001e277      0xada vm86/vm8086.32
                0x00000000c001e277                Vm::inbv(unsigned short)
                0x00000000c001e28a                Vm::outbv(unsigned short, unsigned char)
                0x00000000c001e2c0                Vm::realToLinear(unsigned short, unsigned short)
                0x00000000c001e2d0                Vm::getSegment(unsigned int)
                0x00000000c001e2d8                Vm::getOffset(unsigned int)
                0x00000000c001e2dd                Vm::mainloop2()
                0x00000000c001e317                Vm::mainVm8086Loop(void*)
                0x00000000c001e327                Vm::mainloop3(unsigned long)
                0x00000000c001e34d                Vm::initialise8086()
                0x00000000c001e390                Vm::finish8086()
                0x00000000c001e3f1                Vm::getOutput8086(unsigned char*)
                0x00000000c001e416                Vm::start8086(char const*, unsigned short, unsigned short, unsigned short, unsigned short)
                0x00000000c001e57e                Vm::doISR(regs*, int, unsigned char*, unsigned short, unsigned short)
                0x00000000c001e608                Vm::readByteFromReal(unsigned short, unsigned short)
                0x00000000c001e619                Vm::readWordFromReal(unsigned short, unsigned short)
                0x00000000c001e62b                Vm::readDwordFromReal(unsigned short, unsigned short)
                0x00000000c001e63c                Vm::writeByteFromReal(unsigned short, unsigned short, unsigned char)
                0x00000000c001e651                Vm::writeWordFromReal(unsigned short, unsigned short, unsigned short)
                0x00000000c001e667                Vm::writeDwordFromReal(unsigned short, unsigned short, unsigned int)
                0x00000000c001e67c                Vm::faultHandler(regs*)
 .text          0x00000000c001ed51      0xefd vm86/x87em.32
                0x00000000c001ed51                Vm::fpuInternalTo32(unsigned long long)
                0x00000000c001edac                Vm::fpuInternalTo64(unsigned long long)
                0x00000000c001edb5                Vm::fpu32ToInternal(unsigned int)
                0x00000000c001edfa                Vm::fpu64ToInternal(unsigned long long)
                0x00000000c001ee03                Vm::fpuFloatToLong(unsigned long long)
                0x00000000c001ee5e                Vm::fpuULongToFloat(unsigned long long)
                0x00000000c001ee94                Vm::fpuLongToFloat(long long)
                0x00000000c001eeea                Vm::fpuGet0()
                0x00000000c001eeef                Vm::fpuGet1()
                0x00000000c001eef7                Vm::fpuGetPi()
                0x00000000c001eeff                Vm::fpuGetLog2E()
                0x00000000c001ef17                Vm::fpuGetLogE2()
                0x00000000c001ef2f                Vm::fpuGetLog210()
                0x00000000c001ef47                Vm::fpuGetLog102()
                0x00000000c001ef5f                Vm::fpuIsSecondLarger(unsigned long long, unsigned long long)
                0x00000000c001ef73                Vm::fpuAreEqual(unsigned long long, unsigned long long)
                0x00000000c001ef89                Vm::fpuUnorderedCompare(unsigned long long, unsigned long long)
                0x00000000c001efdc                Vm::fpuAdd(unsigned long long, unsigned long long)
                0x00000000c001efed                Vm::fpuAbs(unsigned long long)
                0x00000000c001eff6                Vm::fpuChs(unsigned long long)
                0x00000000c001f006                Vm::fpuSub(unsigned long long, unsigned long long)
                0x00000000c001f015                Vm::fpuMultiply(unsigned long long, unsigned long long)
                0x00000000c001f034                Vm::fpuDivide(unsigned long long, unsigned long long)
                0x00000000c001f050                Vm::fpuSquare(unsigned long long)
                0x00000000c001f066                Vm::fpuGetReg(int)
                0x00000000c001f0a9                Vm::fpuSetReg(int, unsigned long long)
                0x00000000c001f0f4                Vm::fpuPush(unsigned long long)
                0x00000000c001f151                Vm::fpuPop()
                0x00000000c001f1a3                Vm::x87Handler(regs*)
 .text          0x00000000c001fc4e     0x11c1 fs/fat/vfslink.32
                0x00000000c001fc4e                FAT::getName()
                0x00000000c001fc54                FAT::tell(void*, unsigned long long*)
                0x00000000c001fc88                FAT::stat(void*, unsigned long long*)
                0x00000000c001fcbc                FAT::~FAT()
                0x00000000c001fcbc                FAT::~FAT()
                0x00000000c001fce0                FAT::~FAT()
                0x00000000c001fd08                FAT::getlabel(LogicalDisk*, int, char*, unsigned int*)
                0x00000000c001fda6                FAT::setlabel(LogicalDisk*, int, char*)
                0x00000000c001fe60                FAT::format(LogicalDisk*, int, char const*, int)
                0x00000000c002001e                FAT::tryMount(LogicalDisk*, int)
                0x00000000c0020224                FAT::getFileFirstSector(char const*)
                0x00000000c00202ca                FAT::readDir(void*, unsigned long, void*, int*)
                0x00000000c0020424                FAT::read(void*, unsigned long, void*, int*)
                0x00000000c002047e                FAT::write(void*, unsigned long, void*, int*)
                0x00000000c00204d8                FAT::close(void*)
                0x00000000c0020524                FAT::closeDir(void*)
                0x00000000c0020570                FAT::seek(void*, unsigned long long)
                0x00000000c00205c4                fatWrapperReadDisk
                0x00000000c002060b                fatWrapperWriteDisk
                0x00000000c0020652                fatWrapperIoctl
                0x00000000c0020756                FAT::FAT()
                0x00000000c0020756                FAT::FAT()
                0x00000000c00207a8                FAT::fixFilepath(char*)
                0x00000000c00207e0                FAT::open(char const*, void**, FileOpenMode)
                0x00000000c0020908                FAT::openDir(char const*, void**)
                0x00000000c00209ae                FAT::stat(char const*, unsigned long long*, bool*)
                0x00000000c0020a98                FAT::unlink(char const*)
                0x00000000c0020b12                FAT::chfatattr(char const*, unsigned char, unsigned char)
                0x00000000c0020c66                FAT::rename(char const*, char const*)
                0x00000000c0020d2a                FAT::mkdir(char const*)
                0x00000000c0020da4                FAT::exists(char const*)
 *fill*         0x00000000c0020e0f        0x1 
 .text          0x00000000c0020e10      0xb75 fs/iso9660/vfslink.32
                0x00000000c0020e10                ISO9660::format(LogicalDisk*, int, char const*, int)
                0x00000000c0020e16                ISO9660::seek(void*, unsigned long long)
                0x00000000c0020e46                ISO9660::tell(void*, unsigned long long*)
                0x00000000c0020e6a                ISO9660::getName()
                0x00000000c0020e70                ISO9660::stat(void*, unsigned long long*)
                0x00000000c0020e94                ISO9660::chfatattr(char const*, unsigned char, unsigned char)
                0x00000000c0020e9a                ISO9660::unlink(char const*)
                0x00000000c0020ea0                ISO9660::write(void*, unsigned long, void*, int*)
                0x00000000c0020ea6                ISO9660::rename(char const*, char const*)
                0x00000000c0020eac                ISO9660::mkdir(char const*)
                0x00000000c0020eb2                ISO9660::close(void*)
                0x00000000c0020ed4                ISO9660::closeDir(void*)
                0x00000000c0020ef6                ISO9660::~ISO9660()
                0x00000000c0020ef6                ISO9660::~ISO9660()
                0x00000000c0020f1a                ISO9660::~ISO9660()
                0x00000000c0020f41                __memmem(unsigned char*, int, unsigned char*, int)
                0x00000000c0020f83                readSectorFromCDROM(unsigned int, unsigned char*, char)
                0x00000000c0020fde                ISO9660::tryMount(LogicalDisk*, int)
                0x00000000c002102e                ISO9660::read(void*, unsigned long, void*, int*)
                0x00000000c0021232                ISO9660::readDir(void*, unsigned long, void*, int*)
                0x00000000c00214ac                readRoot(unsigned int*, unsigned int*, char)
                0x00000000c0021500                readRecursively(char*, unsigned int, unsigned int, unsigned int*, unsigned int*, char, int*)
                0x00000000c00216d3                getFileData(char*, unsigned int*, unsigned int*, char, int*)
                0x00000000c0021762                ISO9660::open(char const*, void**, FileOpenMode)
                0x00000000c0021810                ISO9660::exists(char const*)
                0x00000000c0021834                ISO9660::stat(char const*, unsigned long long*, bool*)
                0x00000000c00218c8                ISO9660::openDir(char const*, void**)
                0x00000000c0021962                ISO9660::ISO9660()
                0x00000000c0021962                ISO9660::ISO9660()
 *fill*         0x00000000c0021985        0x1 
 .text          0x00000000c0021986      0x396 hal/sound/sndchannel.32
                0x00000000c0021986                SoundChannel::SoundChannel(int, int, int, int)
                0x00000000c0021986                SoundChannel::SoundChannel(int, int, int, int)
                0x00000000c0021ab0                SoundChannel::~SoundChannel()
                0x00000000c0021ab0                SoundChannel::~SoundChannel()
                0x00000000c0021acc                SoundChannel::getSampleRate()
                0x00000000c0021ad4                SoundChannel::getBits()
                0x00000000c0021adc                SoundChannel::getBufferUsed()
                0x00000000c0021ae4                SoundChannel::getBufferSize()
                0x00000000c0021aec                SoundChannel::unbuffer(float*, int, int)
                0x00000000c0021b80                SoundChannel::buffer16(short*, int)
                0x00000000c0021c7c                SoundChannel::buffer8(unsigned char*, int)
 .text          0x00000000c0021d1c      0x43e hal/sound/sndhw.32
                0x00000000c0021d1c                SoundDevice::SoundDevice(char const*)
                0x00000000c0021d1c                SoundDevice::SoundDevice(char const*)
                0x00000000c0021d88                SoundDevice::~SoundDevice()
                0x00000000c0021d88                SoundDevice::~SoundDevice()
                0x00000000c0021e02                SoundDevice::~SoundDevice()
                0x00000000c0021e2c                SoundDevice::getFreeChannelNum()
                0x00000000c0021e46                SoundDevice::addChannel(SoundChannel*)
                0x00000000c0021eb6                SoundDevice::removeChannel(int)
                0x00000000c0021ee8                SoundDevice::floatTo16(float*, short*, int)
                0x00000000c0021fd6                SoundDevice::floatTo8(float*, unsigned char*, int)
                0x00000000c00220be                SoundDevice::getAudio(int, float*, float*)
 .text          0x00000000c002215a        0x0 hw/bus/isa.32
 .text          0x00000000c002215a      0xb87 hw/bus/pci.32
                0x00000000c002215a                PCI::open(int, int, void*)
                0x00000000c0022178                PCI::close(int, int, void*)
                0x00000000c002217c                PCI::PCI()
                0x00000000c002217c                PCI::PCI()
                0x00000000c0022212                PCI::readBAR8(unsigned int, int)
                0x00000000c002222e                PCI::readBAR16(unsigned int, int)
                0x00000000c002224c                PCI::readBAR32(unsigned int, int)
                0x00000000c0022268                PCI::writeBAR8(unsigned int, unsigned char, int)
                0x00000000c0022288                PCI::writeBAR16(unsigned int, unsigned short, int)
                0x00000000c00222aa                PCI::writeBAR32(unsigned int, unsigned int, int)
                0x00000000c00222ca                PCI::legacyMechanism(unsigned char, unsigned char, unsigned char, unsigned char)
                0x00000000c0022338                PCI::pciReadWord(unsigned char, unsigned char, unsigned char, unsigned char)
                0x00000000c00223e0                PCI::getVendorID(unsigned char, unsigned char, unsigned char)
                0x00000000c0022404                PCI::getHeaderType(unsigned char, unsigned char, unsigned char)
                0x00000000c002242c                PCI::getClassCode(unsigned char, unsigned char, unsigned char)
                0x00000000c0022476                PCI::getProgIF(unsigned char, unsigned char, unsigned char)
                0x00000000c002249e                PCI::getRevisionID(unsigned char, unsigned char, unsigned char)
                0x00000000c00224c2                PCI::getInterruptNumber(unsigned char, unsigned char, unsigned char)
                0x00000000c00224e6                PCI::getSecondaryBus(unsigned char, unsigned char, unsigned char)
                0x00000000c002250e                PCI::getBARAddress(unsigned char, unsigned char, unsigned char, unsigned char)
                0x00000000c0022572                PCI::pciWriteWord(unsigned char, unsigned char, unsigned char, unsigned char, unsigned short)
                0x00000000c002265a                PCI::pciDetailsToFilepath(PCIDeviceInfo, char*)
                0x00000000c00228d4                PCI::checkBus(unsigned char)
                0x00000000c00228f8                PCI::foundDevice(PCIDeviceInfo)
                0x00000000c0022a6a                PCI::getDeviceData(unsigned char, unsigned char, unsigned char)
                0x00000000c0022c22                PCI::checkDevice(unsigned char, unsigned char)
                0x00000000c0022c8e                PCI::detect()
 *fill*         0x00000000c0022ce1        0x1 
 .text          0x00000000c0022ce2      0xb54 hw/diskctrl/ide.32
                0x00000000c0022ce2                IDE::close(int, int, void*)
                0x00000000c0022ce6                IDE::IDE()
                0x00000000c0022ce6                IDE::IDE()
                0x00000000c0022d1a                IDE::prepareInterrupt(unsigned char)
                0x00000000c0022d2c                selectDrive(unsigned char, unsigned char)
                0x00000000c0022d2e                IDE::getBase(unsigned char)
                0x00000000c0022d40                IDE::write(unsigned char, unsigned char, unsigned char)
                0x00000000c0022e00                IDE::read(unsigned char, unsigned char)
                0x00000000c0022eae                IDE::waitInterrupt(unsigned char)
                0x00000000c0022f14                ideChannel0IRQHandler(regs*, void*)
                0x00000000c0022f30                ideChannel1IRQHandler(regs*, void*)
                0x00000000c0022f4c                IDE::enableIRQs(unsigned char, bool)
                0x00000000c0022f92                IDE::open(int, int, void*)
                0x00000000c00233a0                IDE::readBuffer(unsigned char, unsigned char, unsigned int, unsigned int)
                0x00000000c002346c                IDE::detect()
                0x00000000c0023732                IDE::printError(unsigned char, unsigned char, unsigned char)
                0x00000000c00237e2                IDE::polling(unsigned char, unsigned int)
 .text          0x00000000c0023836      0x336 hw/diskctrl/satabus.32
                0x00000000c0023836                SATABus::close(int, int, void*)
                0x00000000c002383a                SATABus::detect()
                0x00000000c002383c                SATABus::SATABus()
                0x00000000c002383c                SATABus::SATABus()
                0x00000000c00238c2                SATABus::findCmdslot(SATABus::tagHBA_PORT volatile*)
                0x00000000c002390a                SATABus::checkType(SATABus::tagHBA_PORT volatile*)
                0x00000000c0023952                SATABus::startCmd(SATABus::tagHBA_PORT volatile*)
                0x00000000c0023972                SATABus::stopCmd(SATABus::tagHBA_PORT volatile*)
                0x00000000c002399c                SATABus::portRebase(SATABus::tagHBA_PORT volatile*, int)
                0x00000000c0023aa2                SATABus::probePort(SATABus::tagHBA_MEM volatile*)
                0x00000000c0023b4c                SATABus::open(int, int, void*)
 .text          0x00000000c0023b6c      0x604 hw/diskphys/ata.32
                0x00000000c0023b6c                ATA::close(int, int, void*)
                0x00000000c0023b90                ATA::powerSaving(PowerSavingLevel)
                0x00000000c0023b92                ATA::ATA()
                0x00000000c0023b92                ATA::ATA()
                0x00000000c0023bc0                ATA::flush(bool)
                0x00000000c0023c0a                ATA::readyForCommand()
                0x00000000c0023c5a                ATA::access(unsigned long long, int, void*, bool)
                0x00000000c0023fe2                ATA::read(unsigned long long, int, void*)
                0x00000000c002402e                ATA::write(unsigned long long, int, void*)
                0x00000000c002407a                ATA::detectCHS()
                0x00000000c00240a4                ATA::open(int, int, void*)
 .text          0x00000000c0024170      0x5bd hw/diskphys/atapi.32
                0x00000000c0024170                ATAPI::write(unsigned long long, int, void*)
                0x00000000c0024176                ATAPI::close(int, int, void*)
                0x00000000c002419a                ATAPI::ATAPI()
                0x00000000c002419a                ATAPI::ATAPI()
                0x00000000c00241c8                ATAPI::readyForCommand()
                0x00000000c0024218                ATAPI::sendPacket(unsigned char*, int, bool, unsigned short*, int)
                0x00000000c00244d8                ATAPI::diskRemoved()
                0x00000000c00244f4                ATAPI::eject()
                0x00000000c002453c                ATAPI::diskInserted()
                0x00000000c002456a                ATAPI::detectMedia()
                0x00000000c0024626                ATAPI::open(int, int, void*)
                0x00000000c00246ae                ATAPI::read(unsigned long long, int, void*)
 *fill*         0x00000000c002472d        0x1 
 .text          0x00000000c002472e      0x41c hw/diskphys/sata.32
                0x00000000c002472e                SATA::close(int, int, void*)
                0x00000000c0024752                SATA::powerSaving(PowerSavingLevel)
                0x00000000c0024754                SATA::open(int, int, void*)
                0x00000000c00247fe                SATA::SATA()
                0x00000000c00247fe                SATA::SATA()
                0x00000000c002482c                SATA::access(unsigned long long, int, void*, bool)
                0x00000000c0024a92                SATA::read(unsigned long long, int, void*)
                0x00000000c0024ade                SATA::write(unsigned long long, int, void*)
 .text          0x00000000c0024b4a      0x4fe hw/diskphys/satapi.32
                0x00000000c0024b4a                SATAPI::write(unsigned long long, int, void*)
                0x00000000c0024b50                SATAPI::close(int, int, void*)
                0x00000000c0024b74                SATAPI::SATAPI()
                0x00000000c0024b74                SATAPI::SATAPI()
                0x00000000c0024ba2                SATAPI::diskRemoved()
                0x00000000c0024bbe                SATAPI::diskInserted()
                0x00000000c0024bec                SATAPI::sendPacket(unsigned char*, int, unsigned long long, unsigned short*, int)
                0x00000000c0024df4                SATAPI::eject()
                0x00000000c0024e3c                SATAPI::detectMedia()
                0x00000000c0024efe                SATAPI::open(int, int, void*)
                0x00000000c0024fa6                SATAPI::read(unsigned long long, int, void*)
 .text          0x00000000c0025048       0x8e hw/fpu/avx.32
                0x00000000c0025048                AVX::open(int, int, void*)
                0x00000000c002505a                AVX::close(int, int, void*)
                0x00000000c002506c                AVX::available()
                0x00000000c002507e                AVX::save(void*)
                0x00000000c0025096                AVX::load(void*)
                0x00000000c00250ae                AVX::AVX()
                0x00000000c00250ae                AVX::AVX()
 .text          0x00000000c00250d6       0x90 hw/fpu/mmx.32
                0x00000000c00250d6                MMX::available()
                0x00000000c00250ea                MMX::open(int, int, void*)
                0x00000000c00250fc                MMX::close(int, int, void*)
                0x00000000c002510e                MMX::save(void*)
                0x00000000c0025126                MMX::load(void*)
                0x00000000c002513e                MMX::MMX()
                0x00000000c002513e                MMX::MMX()
 .text          0x00000000c0025166       0x96 hw/fpu/sse.32
                0x00000000c0025166                SSE::open(int, int, void*)
                0x00000000c0025178                SSE::close(int, int, void*)
                0x00000000c002518a                SSE::available()
                0x00000000c00251a4                SSE::save(void*)
                0x00000000c00251bc                SSE::load(void*)
                0x00000000c00251d4                SSE::SSE()
                0x00000000c00251d4                SSE::SSE()
 .text          0x00000000c00251fc       0x8e hw/fpu/x87.32
                0x00000000c00251fc                x87::open(int, int, void*)
                0x00000000c002520e                x87::close(int, int, void*)
                0x00000000c0025220                x87::available()
                0x00000000c0025232                x87::save(void*)
                0x00000000c002524a                x87::load(void*)
                0x00000000c0025262                x87::x87()
                0x00000000c0025262                x87::x87()
 .text          0x00000000c002528a      0x71e hw/intctrl/apic.32
                0x00000000c002528a                APIC::disable()
                0x00000000c002528c                APIC::close(int, int, void*)
                0x00000000c00252ae                IOAPIC::close(int, int, void*)
                0x00000000c00252b4                APIC::io_wait()
                0x00000000c00252ba                APIC::getBase()
                0x00000000c00252fc                APIC::eoi(unsigned char)
                0x00000000c002532a                APIC::open(int, int, void*)
                0x00000000c0025478                IOAPIC::IOAPIC()
                0x00000000c0025478                IOAPIC::IOAPIC()
                0x00000000c00254a0                APIC::APIC()
                0x00000000c00254a0                APIC::APIC()
                0x00000000c002557c                IOAPIC::handlesGSIWithNumber(unsigned int)
                0x00000000c00255ae                IOAPIC::read(int)
                0x00000000c00255d6                IOAPIC::open(int, int, void*)
                0x00000000c00256cc                IOAPIC::write(int, int)
                0x00000000c00256f8                IOAPIC::redirect(unsigned char, unsigned long long, unsigned char, bool, bool)
                0x00000000c00257f2                APIC::installIRQHandler(int, void (*)(regs*, void*), bool, void*)
 .text          0x00000000c00259a8      0x3d3 hw/intctrl/pic.32
                0x00000000c00259a8                PIC::disable()
                0x00000000c00259d6                PIC::close(int, int, void*)
                0x00000000c00259f8                PIC::PIC()
                0x00000000c00259f8                PIC::PIC()
                0x00000000c0025ace                PIC::ioWait()
                0x00000000c0025ad4                PIC::getIRQReg(int)
                0x00000000c0025b3e                PIC::eoi(unsigned char)
                0x00000000c0025bd0                PIC::remap()
                0x00000000c0025d3c                PIC::open(int, int, void*)
 *fill*         0x00000000c0025d7b        0x1 
 .text          0x00000000c0025d7c      0x25e hw/timer/apictimer.32
                0x00000000c0025d7c                APICTimer::close(int, int, void*)
                0x00000000c0025d82                apicTimerHandler(regs*, void*)
                0x00000000c0025db0                APICTimer::write(int)
                0x00000000c0025eb4                APICTimer::open(int, int, void*)
                0x00000000c0025fb2                APICTimer::APICTimer()
                0x00000000c0025fb2                APICTimer::APICTimer()
 .text          0x00000000c0025fda      0x1a7 hw/timer/pit.32
                0x00000000c0025fda                PIT::write(int)
                0x00000000c0026058                pitHandler(regs*, void*)
                0x00000000c0026084                PIT::open(int, int, void*)
                0x00000000c00260d2                PIT::close(int, int, void*)
                0x00000000c0026102                PIT::PIT()
                0x00000000c0026102                PIT::PIT()
 *fill*         0x00000000c0026181        0xf 
 .text          0x00000000c0026190       0x1e hw/fpu/x86/avx.32
                0x00000000c0026190                avxDetect
                0x00000000c0026196                avxSave
                0x00000000c0026197                avxLoad
                0x00000000c0026198                avxInit
                0x00000000c0026199                avxClose
                0x00000000c002619a                wouldSheSayYes
 *fill*         0x00000000c00261ae        0x2 
 .text          0x00000000c00261b0       0x35 hw/fpu/x86/sse.32
                0x00000000c00261b0                absolutelyNoChanceInHell
                0x00000000c00261b0                sseDetect
                0x00000000c00261c8                sseSave
                0x00000000c00261ce                sseLoad
                0x00000000c00261d4                sseInit
                0x00000000c00261e4                sseClose
 *fill*         0x00000000c00261e5        0xb 
 .text          0x00000000c00261f0       0x4d hw/fpu/x86/x87.32
                0x00000000c00261f6                x87Detect
                0x00000000c0026211                x87Save
                0x00000000c002621a                x87Load
                0x00000000c0026222                x87Init
                0x00000000c002623c                x87Close
 *fill*         0x00000000c002623d        0x3 
 .text          0x00000000c0026240       0x25 /cygdrive/d/Users/Alex/Desktop/Toolchain/Output/bin/../lib/gcc/i386-banana/8.1.0/crtend.o
 .text          0x00000000c0026265        0x0 crtn.32
 *fill*         0x00000000c0026265        0x3 
 .text          0x00000000c0026268      0x14b /cygdrive/d/Users/Alex/Desktop/Toolchain/Output/bin/../lib/gcc/i386-banana/8.1.0/libkgcc.a(_divdi3.o)
                0x00000000c0026268                __divdi3
 *fill*         0x00000000c00263b3        0x1 
 .text          0x00000000c00263b4      0x17e /cygdrive/d/Users/Alex/Desktop/Toolchain/Output/bin/../lib/gcc/i386-banana/8.1.0/libkgcc.a(_moddi3.o)
                0x00000000c00263b4                __moddi3
 *fill*         0x00000000c0026532        0x2 
 .text          0x00000000c0026534       0xff /cygdrive/d/Users/Alex/Desktop/Toolchain/Output/bin/../lib/gcc/i386-banana/8.1.0/libkgcc.a(_udivdi3.o)
                0x00000000c0026534                __udivdi3
 *fill*         0x00000000c0026633        0x1 
 .text          0x00000000c0026634      0x11a /cygdrive/d/Users/Alex/Desktop/Toolchain/Output/bin/../lib/gcc/i386-banana/8.1.0/libkgcc.a(_umoddi3.o)
                0x00000000c0026634                __umoddi3
 .text          0x00000000c002674e      0x96d D:/Users/Alex/Desktop/Banana/kernel/libsoftfp.a(sfieeelib.o)
                0x00000000c002674e                __addsf3
                0x00000000c0026a50                __subsf3
                0x00000000c0026a64                __negsf2
                0x00000000c0026a71                __mulsf3
                0x00000000c0026c34                __divsf3
                0x00000000c0026e5f                __floatsisf
                0x00000000c0026ed3                __floatunsisf
                0x00000000c0026f15                __fixsfsi
                0x00000000c0026f77                __fixunssfsi
                0x00000000c0026fa8                __cmpsf2
                0x00000000c002703d                __eqsf2
                0x00000000c0027078                __nesf2
                0x00000000c002707a                __gtsf2
                0x00000000c00270b5                __gesf2
                0x00000000c00270b7                __ltsf2
                0x00000000c00270b9                __lesf2
 .text          0x00000000c00270bb      0xf50 D:/Users/Alex/Desktop/Banana/kernel/libsoftfp.a(dfieeelib.o)
                0x00000000c00270bb                __adddf3
                0x00000000c002770c                __subdf3