Archive member included to satisfy reference by file (symbol)

/cygdrive/d/Users/Alex/Desktop/Toolchain/Output/bin/../lib/gcc/i386-banana/8.1.0/libkgcc.a(_divdi3.o)
                              krnl/resolve.32 (__divdi3)
/cygdrive/d/Users/Alex/Desktop/Toolchain/Output/bin/../lib/gcc/i386-banana/8.1.0/libkgcc.a(_moddi3.o)
                              krnl/resolve.32 (__moddi3)
/cygdrive/d/Users/Alex/Desktop/Toolchain/Output/bin/../lib/gcc/i386-banana/8.1.0/libkgcc.a(_udivdi3.o)
                              hal/clock.32 (__udivdi3)
/cygdrive/d/Users/Alex/Desktop/Toolchain/Output/bin/../lib/gcc/i386-banana/8.1.0/libkgcc.a(_umoddi3.o)
                              core/pipe.32 (__umoddi3)

Allocating common symbols
Common symbol       size              file

dcache              0x40              fs/iso9660/iso9660.32
cdDriveLetter       0x1               fs/iso9660/iso9660.32
icache              0x40              fs/iso9660/iso9660.32

Discarded input sections

 .comment       0x0000000000000000       0x12 /cygdrive/d/Users/Alex/Desktop/Toolchain/Output/bin/../lib/gcc/i386-banana/8.1.0/crtbegin.o
 .comment       0x0000000000000000       0x12 acpica/utclib.32
 .comment       0x0000000000000000       0x12 core/malloc.32
 .comment       0x0000000000000000       0x12 libk/ctype.32
 .comment       0x0000000000000000       0x12 libk/string.32
 .comment       0x0000000000000000       0x12 fs/fat/diskio.32
 .comment       0x0000000000000000       0x12 fs/fat/ff.32
 .comment       0x0000000000000000       0x12 fs/fat/ffsystem.32
 .comment       0x0000000000000000       0x12 fs/fat/ffunicode.32
 .comment       0x0000000000000000       0x12 fs/iso9660/iso9660.32
 .group         0x0000000000000000       0x14 core/computer.32
 .group         0x0000000000000000        0xc core/computer.32
 .comment       0x0000000000000000       0x12 core/computer.32
 .comment       0x0000000000000000       0x12 core/gdt.32
 .group         0x0000000000000000        0xc core/idle.32
 .comment       0x0000000000000000       0x12 core/idle.32
 .comment       0x0000000000000000       0x12 core/idt.32
 .comment       0x0000000000000000       0x12 core/kheap.32
 .comment       0x0000000000000000       0x12 core/main.32
 .comment       0x0000000000000000       0x12 core/physmgr.32
 .group         0x0000000000000000        0xc core/pipe.32
 .comment       0x0000000000000000       0x12 core/pipe.32
 .group         0x0000000000000000        0xc core/terminal.32
 .comment       0x0000000000000000       0x12 core/terminal.32
 .comment       0x0000000000000000       0x12 core/tss.32
 .group         0x0000000000000000        0x8 core/unixfile.32
 .group         0x0000000000000000        0x8 core/unixfile.32
 .group         0x0000000000000000        0xc core/unixfile.32
 .group         0x0000000000000000        0x8 core/unixfile.32
 .group         0x0000000000000000        0xc core/unixfile.32
 .group         0x0000000000000000        0x8 core/unixfile.32
 .group         0x0000000000000000        0xc core/unixfile.32
 .group         0x0000000000000000        0xc core/unixfile.32
 .comment       0x0000000000000000       0x12 core/unixfile.32
 .comment       0x0000000000000000       0x12 core/virtmgr.32
 .comment       0x0000000000000000       0x12 coreobjs/c++.32
 .comment       0x0000000000000000       0x12 dbg/kconsole.32
 .comment       0x0000000000000000       0x12 dbg/usban.32
 .comment       0x0000000000000000       0x12 fs/symlink.32
 .group         0x0000000000000000        0xc fs/vfs.32
 .group         0x0000000000000000        0xc fs/vfs.32
 .group         0x0000000000000000        0xc fs/vfs.32
 .comment       0x0000000000000000       0x12 fs/vfs.32
 .group         0x0000000000000000        0xc hal/bus.32
 .comment       0x0000000000000000       0x12 hal/bus.32
 .comment       0x0000000000000000       0x12 hal/buzzer.32
 .group         0x0000000000000000        0xc hal/clock.32
 .comment       0x0000000000000000       0x12 hal/clock.32
 .group         0x0000000000000000       0x14 hal/device.32
 .group         0x0000000000000000        0xc hal/device.32
 .group         0x0000000000000000        0x8 hal/device.32
 .group         0x0000000000000000        0xc hal/device.32
 .group         0x0000000000000000        0xc hal/device.32
 .comment       0x0000000000000000       0x12 hal/device.32
 .group         0x0000000000000000        0xc hal/diskctrl.32
 .comment       0x0000000000000000       0x12 hal/diskctrl.32
 .group         0x0000000000000000        0xc hal/diskphys.32
 .comment       0x0000000000000000       0x12 hal/diskphys.32
 .comment       0x0000000000000000       0x12 hal/fpu.32
 .comment       0x0000000000000000       0x12 hal/intctrl.32
 .group         0x0000000000000000        0xc hal/keybrd.32
 .comment       0x0000000000000000       0x12 hal/keybrd.32
 .group         0x0000000000000000        0xc hal/logidisk.32
 .comment       0x0000000000000000       0x12 hal/logidisk.32
[...]
Memory Configuration

Name             Origin             Length             Attributes
*default*        0x0000000000000000 0xffffffffffffffff

Linker script and memory map

LOAD D:/Users/Alex/Desktop/Banana/kernel/boot.32
LOAD crti.32
LOAD /cygdrive/d/Users/Alex/Desktop/Toolchain/Output/bin/../lib/gcc/i386-banana/8.1.0/crtbegin.o
LOAD D:/Users/Alex/Desktop/Banana/kernel/morenasm.32
LOAD acpica/utclib.32
LOAD core/malloc.32
LOAD libk/ctype.32
LOAD libk/string.32
LOAD fs/fat/diskio.32
LOAD fs/fat/ff.32
LOAD fs/fat/ffsystem.32
LOAD fs/fat/ffunicode.32
LOAD fs/iso9660/iso9660.32
LOAD core/computer.32
LOAD core/gdt.32
LOAD core/idle.32
LOAD core/idt.32
LOAD core/kheap.32
LOAD core/main.32
LOAD core/physmgr.32
LOAD core/pipe.32
LOAD core/terminal.32
LOAD core/tss.32
LOAD core/unixfile.32
LOAD core/virtmgr.32
LOAD coreobjs/c++.32
LOAD dbg/kconsole.32
LOAD dbg/usban.32
LOAD fs/symlink.32
LOAD fs/vfs.32
LOAD hal/bus.32
LOAD hal/buzzer.32
LOAD hal/clock.32
LOAD hal/device.32
LOAD hal/diskctrl.32
LOAD hal/diskphys.32
LOAD hal/fpu.32
LOAD hal/intctrl.32
LOAD hal/keybrd.32
LOAD hal/logidisk.32
LOAD hal/mouse.32
LOAD hal/nic.32
LOAD hal/partition.32
LOAD hal/serial.32
LOAD hal/timer.32
LOAD hal/vcache.32
LOAD hal/video.32
LOAD hw/acpi.32
LOAD hw/cpu.32
LOAD krnl/atexit.32
LOAD krnl/bootmsg.32
LOAD krnl/compat.32
LOAD krnl/env.32
LOAD krnl/inlines.32
LOAD krnl/panic.32
LOAD krnl/powctrl.32
LOAD krnl/random.32
LOAD krnl/resolve.32
LOAD krnl/signal.32
LOAD krnl/syscalls.32
LOAD net/ethernet.32
LOAD reg/cm.32
LOAD reg/registry.32
LOAD sys/eject.32
LOAD sys/exit.32
LOAD sys/getcwd.32
LOAD sys/getpid.32
LOAD sys/getramdata.32
LOAD sys/getvgaptr.32
LOAD sys/kill.32
LOAD sys/loaddll.32
LOAD sys/read.32
LOAD sys/registersignal.32
LOAD sys/registry.32
LOAD sys/sbrk.32
LOAD sys/setcwd.32
LOAD sys/settime.32
LOAD sys/symlink.32
LOAD sys/timezone.32
LOAD sys/truncate.32
LOAD sys/write.32
LOAD sys/wsbe.32
LOAD sys/yield.32
LOAD thr/elf.32
LOAD thr/prcssthr.32
LOAD vm86/vm8086.32
LOAD arch/i386/hal.32
LOAD arch/i386/pic.32
LOAD arch/i386/rtc.32
LOAD arch/i386/vga.32
LOAD fs/fat/vfslink.32
LOAD fs/iso9660/helper.32
LOAD fs/iso9660/vfslink.32
LOAD hal/sound/sndcard.32
LOAD hal/sound/sndport.32
LOAD hw/bus/isa.32
LOAD hw/bus/pci.32
LOAD hw/diskctrl/ide.32
LOAD hw/diskctrl/satabus.32
LOAD hw/diskphys/ata.32
LOAD hw/diskphys/atapi.32
LOAD hw/diskphys/sata.32
LOAD hw/diskphys/satapi.32
LOAD hw/intctrl/apic.32
LOAD hw/timer/apictimer.32
LOAD hw/timer/pit.32
LOAD arch/i386/avx.32
LOAD arch/i386/interrupt.32
LOAD arch/i386/rdrand.32
LOAD arch/i386/sse.32
LOAD arch/i386/x87.32
LOAD /cygdrive/d/Users/Alex/Desktop/Toolchain/Output/bin/../lib/gcc/i386-banana/8.1.0/crtend.o
LOAD crtn.32
LOAD /cygdrive/d/Users/Alex/Desktop/Toolchain/Output/bin/../lib/gcc/i386-banana/8.1.0/libkgcc.a
LOAD D:/Users/Alex/Desktop/Banana/kernel/libsoftfp.a
LOAD D:/Users/Alex/Desktop/Banana/kernel/libk/libm32.a
                0x00000000c0000000                . = 0xc0000000

.text           0x00000000c0000000    0x1f59a
 *(.text)
 .text          0x00000000c0000000       0x20 D:/Users/Alex/Desktop/Banana/kernel/boot.32
 .text          0x00000000c0000020        0x0 crti.32
 .text          0x00000000c0000020      0x101 /cygdrive/d/Users/Alex/Desktop/Toolchain/Output/bin/../lib/gcc/i386-banana/8.1.0/crtbegin.o
 *fill*         0x00000000c0000121        0xf 
 .text          0x00000000c0000130      0x24f D:/Users/Alex/Desktop/Banana/kernel/morenasm.32
                0x00000000c0000130                manualPCIProbe
                0x00000000c000017b                prepareTramp
                0x00000000c0000194                doTPAUSE
                0x00000000c000019e                hasLegacyFPU
                0x00000000c00001c3                is486
                0x00000000c00001f9                detectCPUID
                0x00000000c000020f                goToVM86
                0x00000000c000023f                goToUsermode
                0x00000000c0000269                switchToThreadASMFirstTime
                0x00000000c0000277                switchToThreadASM
                0x00000000c00002fc                asmQuickAcquireLock
                0x00000000c000031a                asmQuickReleaseLock
                0x00000000c0000326                asmAcquireLock
                0x00000000c0000347                asmReleaseLock
                0x00000000c000035a                loadGDT
                0x00000000c000037a                memcpy
 *fill*         0x00000000c000037f        0x1 
 .text          0x00000000c0000380      0x868 acpica/utclib.32
                0x00000000c0000380                memcmp
                0x00000000c00003d0                memmove
                0x00000000c00004f0                memset
                0x00000000c0000570                strlen
                0x00000000c00005a0                strpbrk
                0x00000000c00005f0                strtok
                0x00000000c0000640                strcpy
                0x00000000c0000680                strncpy
                0x00000000c0000750                strcmp
                0x00000000c00007a0                strchr
                0x00000000c00007e0                strncmp
                0x00000000c0000840                strcat
                0x00000000c0000870                strncat
                0x00000000c00008d0                strstr
                0x00000000c0000930                toupper
                0x00000000c0000950                tolower
                0x00000000c0000970                simple_strtoul
 .text          0x00000000c0000be8      0xfaa core/malloc.32
                0x00000000c0000d53                dlfree
                0x00000000c00010ab                dlmalloc
                0x00000000c00015e8                dlrealloc
                0x00000000c000178b                dlmemalign
                0x00000000c00018ae                dlcalloc
                0x00000000c0001948                dlcfree
                0x00000000c000194d                dlindependent_calloc
                0x00000000c0001972                dlindependent_comalloc
                0x00000000c0001989                dlvalloc
                0x00000000c00019b4                dlpvalloc
                0x00000000c00019ea                dlmalloc_trim
                0x00000000c00019f7                dlmalloc_usable_size
                0x00000000c0001a28                dlmallinfo
                0x00000000c0001af7                dlmalloc_stats
                0x00000000c0001b08                dlmallopt
 *fill*         0x00000000c0001b92        0x2 
 .text          0x00000000c0001b94      0x1f2 libk/ctype.32
                0x00000000c0001b94                isblank
                0x00000000c0001bb4                iscntrl
                0x00000000c0001bd4                isdigit
                0x00000000c0001bf0                islower
                0x00000000c0001c0c                isspace
                0x00000000c0001c34                isupper
                0x00000000c0001c50                isalpha
                0x00000000c0001c80                isalnum
                0x00000000c0001cb0                ispunct
                0x00000000c0001cf0                isgraph
                0x00000000c0001d20                isprint
                0x00000000c0001d48                isxdigit
 .text          0x00000000c0001d86        0x0 libk/string.32
 .text          0x00000000c0001d86       0x51 fs/fat/diskio.32
                0x00000000c0001d86                disk_status
                0x00000000c0001d89                disk_initialize
                0x00000000c0001d8c                disk_read
                0x00000000c0001da2                disk_write
                0x00000000c0001db8                disk_ioctl
 .text          0x00000000c0001dd7     0x3e46 fs/fat/ff.32
                0x00000000c0003bf8                f_mount
                0x00000000c0003c5a                f_open
                0x00000000c0003f1d                f_read
                0x00000000c000411c                f_write
                0x00000000c0004364                f_sync
                0x00000000c0004429                f_close
                0x00000000c0004458                f_lseek
                0x00000000c0004609                f_opendir
                0x00000000c00046d4                f_closedir
                0x00000000c00046f6                f_readdir
                0x00000000c0004788                f_stat
                0x00000000c0004807                f_getfree
                0x00000000c0004910                f_truncate
                0x00000000c00049fa                f_unlink
                0x00000000c0004b1c                f_mkdir
                0x00000000c0004cb7                f_rename
                0x00000000c0004e6f                f_chmod
                0x00000000c0004f1f                f_utime
                0x00000000c0004fcf                f_getlabel
                0x00000000c0005120                f_setlabel
                0x00000000c00052b0                f_expand
                0x00000000c000541d                f_mkfs
 *fill*         0x00000000c0005c1d        0x3 
 .text          0x00000000c0005c20       0x2f fs/fat/ffsystem.32
                0x00000000c0005c20                ff_memalloc
                0x00000000c0005c38                ff_memfree
 *fill*         0x00000000c0005c4f        0x1 
 .text          0x00000000c0005c50      0x2dc fs/fat/ffunicode.32
                0x00000000c0005c50                ff_uni2oem
                0x00000000c0005cf0                ff_oem2uni
                0x00000000c0005d68                ff_wtoupper
 .text          0x00000000c0005f2c      0xd32 fs/iso9660/iso9660.32
                0x00000000c0006177                isoReadDiscSector
                0x00000000c0006212                strnicmp
                0x00000000c00064c1                stricmp
                0x00000000c000650d                iso_open
                0x00000000c0006597                iso_close
                0x00000000c00065b5                iso_read
                0x00000000c00066cb                iso_seek
                0x00000000c000674f                iso_tell
                0x00000000c0006780                iso_total
                0x00000000c00067ab                fn_postprocess
                0x00000000c00067d2                iso_readdir
                0x00000000c0006a29                iso_reset
                0x00000000c0006a46                init_percd
                0x00000000c0006b40                iso_ioctl
                0x00000000c0006b58                fs_iso9660_init
                0x00000000c0006bee                fs_iso9660_shutdown
 .text          0x00000000c0006c5e      0x6c3 core/computer.32
                0x00000000c0006c5e                Computer::close(int, int, void*)
                0x00000000c0006ca8                Krnl::firstTask()
                0x00000000c0006de6                Computer::Computer()
                0x00000000c0006de6                Computer::Computer()
                0x00000000c0006e96                Computer::setBootMessage(char const*)
                0x00000000c0006e98                Computer::detectFeatures()
                0x00000000c00070be                Computer::displayFeatures()
                0x00000000c00070c0                Computer::rdmsr(unsigned int)
                0x00000000c00070ec                Computer::wrmsr(unsigned int, unsigned long long)
                0x00000000c0007128                Computer::shutdown()
                0x00000000c0007140                Computer::restart()
                0x00000000c0007158                Computer::sleep()
                0x00000000c000716c                Computer::nmiEnabled()
                0x00000000c0007178                Computer::readCMOS(unsigned char)
                0x00000000c0007196                Computer::enableNMI(bool)
                0x00000000c00071ae                Computer::open(int, int, void*)
                0x00000000c0007282                Computer::disableNMI()
                0x00000000c0007292                Computer::writeCMOS(unsigned char, unsigned char)
                0x00000000c00072b6                Computer::handleNMI()
 *fill*         0x00000000c0007321        0x1 
 .text          0x00000000c0007322      0x1db core/gdt.32
                0x00000000c0007322                GDTEntry::setBase(unsigned int)
                0x00000000c000733e                GDTEntry::setLimit(unsigned int)
                0x00000000c000735c                GDT::GDT()
                0x00000000c000735c                GDT::GDT()
                0x00000000c0007372                GDT::addEntry(GDTEntry)
                0x00000000c0007394                GDT::getNumberOfEntries()
                0x00000000c000739c                GDT::flush()
                0x00000000c00073be                GDT::setup()
 .text          0x00000000c00074fd       0x1d core/idle.32
                0x00000000c00074fd                idleFunction(void*)
 *fill*         0x00000000c000751a        0x2 
 .text          0x00000000c000751c      0x46c core/idt.32
                0x00000000c000751c                IDTEntry::IDTEntry(bool)
                0x00000000c000751c                IDTEntry::IDTEntry(bool)
                0x00000000c0007596                IDTEntry::setOffset(unsigned int)
                0x00000000c00075ac                IDT::IDT()
                0x00000000c00075ac                IDT::IDT()
                0x00000000c00075ae                IDT::getPointerToInvalidOpcodeEntryForF00F()
                0x00000000c00075b6                IDT::addEntry(IDTEntry, int)
                0x00000000c00075d0                IDT::addEntry(int, void (*)(), bool)
                0x00000000c0007608                IDT::flush()
                0x00000000c0007622                IDT::setup()
 .text          0x00000000c0007988      0x188 core/kheap.32
                0x00000000c0007988                sbrk
                0x00000000c0007a1f                mmap
                0x00000000c0007a35                munmap
                0x00000000c0007a4b                liballoc_lock()
                0x00000000c0007a59                liballoc_unlock()
                0x00000000c0007a6f                liballoc_alloc(int)
                0x00000000c0007a87                liballoc_free(void*, int)
                0x00000000c0007aa2                realloc
                0x00000000c0007ab6                malloc
                0x00000000c0007ac6                free
                0x00000000c0007ad6                rfree
                0x00000000c0007ae6                calloc
 .text          0x00000000c0007b10       0xc7 core/main.32
                0x00000000c0007b10                KeEntryPoint
 .text          0x00000000c0007bd7      0x644 core/physmgr.32
                0x00000000c0007bd7                Phys::allocateDMA(unsigned long)
                0x00000000c0007cbf                Phys::freeDMA(unsigned long, unsigned long)
                0x00000000c0007cfa                Phys::setPageState(unsigned long, bool)
                0x00000000c0007d3a                Phys::getPageState(unsigned long)
                0x00000000c0007d56                Phys::freePage(unsigned long)
                0x00000000c0007dbf                Phys::allocatePage()
                0x00000000c0007e8e                Phys::allocateContiguousPages(int)
                0x00000000c0007ef5                Phys::allowSegmentToBeUsed(unsigned long, unsigned long)
                0x00000000c0007f2d                Phys::physicalMemorySetup(unsigned int)
 *fill*         0x00000000c000821b        0x1 
 .text          0x00000000c000821c      0x273 core/pipe.32
                0x00000000c000821c                Pipe::isAtty()
                0x00000000c0008220                Pipe::~Pipe()
                0x00000000c0008220                Pipe::~Pipe()
                0x00000000c0008244                Pipe::~Pipe()
                0x00000000c000826c                Pipe::write(unsigned long long, void*, int*)
                0x00000000c000832c                Pipe::read(unsigned long long, void*, int*)
                0x00000000c0008428                Pipe::Pipe(int)
                0x00000000c0008428                Pipe::Pipe(int)
 *fill*         0x00000000c000848f        0x1 
 .text          0x00000000c0008490      0xab3 core/terminal.32
                0x00000000c0008490                VgaText::isAtty()
                0x00000000c0008494                VgaText::~VgaText()
                0x00000000c0008494                VgaText::~VgaText()
                0x00000000c00084b8                VgaText::~VgaText()
                0x00000000c00084e2                VgaText::read(unsigned long long, void*, int*)
                0x00000000c0008502                setTerminalScrollLock(bool)
                0x00000000c0008503                doTerminalCycle()
                0x00000000c0008504                addToTerminalCycle(VgaText*)
                0x00000000c0008505                scrollTerminalScrollLock(int)
                0x00000000c0008506                VgaText::updateTitle()
                0x00000000c0008508                VgaText::load()
                0x00000000c000850a                VgaText::updateCursor()
                0x00000000c0008520                VgaText::doANSI_SGR(int)
                0x00000000c0008594                VgaText::setDefaultBgColour(VgaColour)
                0x00000000c00085a4                VgaText::setDefaultFgColour(VgaColour)
                0x00000000c00085b4                VgaText::setDefaultColours(VgaColour, VgaColour)
                0x00000000c00085d4                VgaText::setTitleTextColour(VgaColour)
                0x00000000c00085e0                VgaText::setTitleColour(VgaColour)
                0x00000000c00085ec                VgaText::setTitle(char*)
                0x00000000c00085ee                VgaText::combineColours(unsigned char, unsigned char)
                0x00000000c0008600                VgaText::scrollScreen()
                0x00000000c0008692                VgaText::combineCharAndColour(char, unsigned char)
                0x00000000c00086a2                VgaText::writeCharacter(char, VgaColour, VgaColour, int, int)
                0x00000000c0008732                VgaText::getCursorX()
                0x00000000c000873a                VgaText::getCursorY()
                0x00000000c0008742                VgaText::setCursor(int, int)
                0x00000000c0008759                setActiveTerminal(VgaText*)
                0x00000000c00087a4                VgaText::clearScreen()
                0x00000000c00087f2                VgaText::setCursorX(int)
                0x00000000c000880a                VgaText::setCursorY(int)
                0x00000000c0008822                VgaText::incrementCursor(bool)
                0x00000000c0008876                VgaText::decrementCursor(bool)
                0x00000000c0008898                VgaText::putchar(char, VgaColour, VgaColour)
                0x00000000c0008968                VgaText::putchar(char)
                0x00000000c0008a60                VgaText::putx(unsigned int)
                0x00000000c0008aa6                VgaText::puts(char const*)
                0x00000000c0008acc                VgaText::write(unsigned long long, void*, int*)
                0x00000000c0008b18                VgaText::puts(char const*, VgaColour, VgaColour)
                0x00000000c0008c66                VgaText::VgaText(char const*)
                0x00000000c0008c66                VgaText::VgaText(char const*)
                0x00000000c0008db6                VgaText::receiveKey(unsigned char)
                0x00000000c0008f42                VgaText::doUpdate()
 *fill*         0x00000000c0008f43        0x1 
 .text          0x00000000c0008f44      0x1a1 core/tss.32
                0x00000000c0008f44                TSS::TSS()
                0x00000000c0008f44                TSS::TSS()
                0x00000000c0008f54                TSS::setESP(unsigned long)
                0x00000000c0008f68                TSS::flush()
                0x00000000c0008f88                TSS::setup(unsigned long, unsigned long)
 *fill*         0x00000000c00090e5        0x1 
 .text          0x00000000c00090e6      0x4ca core/unixfile.32
                0x00000000c00090e6                ReservedFilename::read(unsigned long long, void*, int*)
                0x00000000c000913c                ReservedFilename::isAtty()
                0x00000000c0009158                ReservedFilename::write(unsigned long long, void*, int*)
                0x00000000c00091b6                UnixFile::getFileDescriptor()
                0x00000000c00091be                UnixFile::UnixFile(int)
                0x00000000c00091be                UnixFile::UnixFile(int)
                0x00000000c0009372                ReservedFilename::ReservedFilename(int)
                0x00000000c0009372                ReservedFilename::ReservedFilename(int)
                0x00000000c00093a4                UnixFile::~UnixFile()
                0x00000000c00093a4                UnixFile::~UnixFile()
                0x00000000c0009440                UnixFile::~UnixFile()
                0x00000000c0009468                ReservedFilename::~ReservedFilename()
                0x00000000c0009468                ReservedFilename::~ReservedFilename()
                0x00000000c000948c                ReservedFilename::~ReservedFilename()
                0x00000000c00094b3                KeGetFileFromDescriptor(int)
 .text          0x00000000c00095b0     0x1218 core/virtmgr.32
                0x00000000c00095b0                Virt::setPageState(unsigned long, Virt::VirtPageState)
                0x00000000c00095ea                Virt::getPageState(unsigned long)
                0x00000000c000960d                Virt::allocateKernelVirtualPages(int)
                0x00000000c0009732                Virt::freeSwapfilePage(unsigned long)
                0x00000000c0009755                Virt::swapIDToSector(unsigned long)
                0x00000000c000976b                Virt::allocateSwapfilePage()
                0x00000000c00097eb                Virt::virtualMemorySetup()
                0x00000000c000983c                Virt::setupPageSwapping(int)
                0x00000000c00098ae                VAS::setCPUSpecific(unsigned long)
                0x00000000c00098b0                VAS::VAS(VAS*)
                0x00000000c00098b0                VAS::VAS(VAS*)
                0x00000000c00098de                VAS::getForeignPageTableEntry(bool, unsigned long)
                0x00000000c000990c                VAS::getPageTableEntry(unsigned long)
                0x00000000c000992b                Virt::freeKernelVirtualPages(unsigned long)
                0x00000000c0009a68                VAS::freeAllocatedPages(unsigned long)
                0x00000000c0009a8c                VAS::virtualToPhysical(unsigned long)
                0x00000000c0009aa6                VAS::reflagRange(unsigned long, int, unsigned long, unsigned long)
                0x00000000c0009ae8                VAS::VAS()
                0x00000000c0009ae8                VAS::VAS()
                0x00000000c0009b52                VAS::setToWriteCombining(unsigned long, int)
                0x00000000c0009b86                VAS::mapOtherVASIn(bool, VAS*)
                0x00000000c0009bb2                VAS::~VAS()
                0x00000000c0009bb2                VAS::~VAS()
                0x00000000c0009d20                VAS::mapPage(unsigned long, unsigned long, int)
                0x00000000c0009e24                VAS::allocatePages(int, int)
                0x00000000c0009f1a                VAS::mapRange(unsigned long, unsigned long, int, int)
                0x00000000c0009f72                VAS::mapForeignPage(bool, VAS*, unsigned long, unsigned long, int)
                0x00000000c000a068                VAS::VAS(bool)
                0x00000000c000a068                VAS::VAS(bool)
                0x00000000c000a2b2                VAS::evict(unsigned long)
                0x00000000c000a390                VAS::tryLoadBackOffDisk(unsigned long)
                0x00000000c000a52a                VAS::allocateSharedMemoryWithKernel(unsigned long, unsigned long*)
                0x00000000c000a59e                VAS::freeSharedMemoryWithKernel(unsigned long, unsigned long)
                0x00000000c000a5ca                VAS::scanForEviction()
                0x00000000c000a6cd                mapVASFirstTime
 .text          0x00000000c000a7c8       0x5f coreobjs/c++.32
                0x00000000c000a7c8                __cxa_atexit
                0x00000000c000a7cb                __cxa_finalize
                0x00000000c000a7cc                __stack_chk_fail
                0x00000000c000a802                __cxa_pure_virtual
                0x00000000c000a813                operator new[](unsigned long)
                0x00000000c000a818                operator delete(void*, unsigned long)
                0x00000000c000a81d                operator delete[](void*)
                0x00000000c000a822                operator delete[](void*, unsigned long)
 .text          0x00000000c000a827      0x254 dbg/kconsole.32
                0x00000000c000a827                Dbg::stringifyxWithBase(unsigned int, char*, int)
                0x00000000c000a8c7                Dbg::logc(char)
                0x00000000c000a8e7                Dbg::logs(char*)
                0x00000000c000a906                Dbg::logWriteInt(unsigned int)
                0x00000000c000a924                Dbg::logWriteIntBase(unsigned int, int)
                0x00000000c000a945                Dbg::kprintf(char const*, ...)
 *fill*         0x00000000c000aa7b        0x1 
 .text          0x00000000c000aa7c      0x2d4 dbg/usban.32
                0x00000000c000aa7c                KiUbsanPrintDetails(char const*, void*)
                0x00000000c000aae8                __ubsan_handle_type_mismatch_v1
                0x00000000c000abc4                __ubsan_handle_pointer_overflow
                0x00000000c000abf0                __ubsan_handle_out_of_bounds
                0x00000000c000ac1c                __ubsan_handle_add_overflow
                0x00000000c000ac48                __ubsan_handle_load_invalid_value
                0x00000000c000ac74                __ubsan_handle_divrem_overflow
                0x00000000c000aca0                __ubsan_handle_mul_overflow
                0x00000000c000accc                __ubsan_handle_sub_overflow
                0x00000000c000acf8                __ubsan_handle_shift_out_of_bounds
                0x00000000c000ad24                __ubsan_handle_negate_overflow
 .text          0x00000000c000ad50      0x5ff fs/symlink.32
                0x00000000c000ad50                KiCreateSymlinkID()
                0x00000000c000adbd                KiFlushSymlinkChanges()
                0x00000000c000ae8f                KiDeinitialiseSymlinks(void*)
                0x00000000c000ae94                KeRegisterSymlink(char const*, unsigned long long)
                0x00000000c000af03                KiIsSymlinkRegistered(char const*)
                0x00000000c000af4a                KeDereferenceSymlink(char const*, char*)
                0x00000000c000b15e                KeCreateSymlink(char const*, char const*)
                0x00000000c000b29a                KeInitialiseSymlinks()
 *fill*         0x00000000c000b34f        0x1 
 .text          0x00000000c000b350      0xd38 fs/vfs.32
                0x00000000c000b350                File::read(unsigned long long, void*, int*)
                0x00000000c000b3a8                File::write(unsigned long long, void*, int*)
                0x00000000c000b400                Directory::read(unsigned long long, void*, int*)
                0x00000000c000b458                Directory::write(unsigned long long, void*, int*)
                0x00000000c000b486                File::isAtty()
                0x00000000c000b48a                Directory::isAtty()
                0x00000000c000b48e                Filesystem::getlabel(LogicalDisk*, int, char*, unsigned int*)
                0x00000000c000b494                Filesystem::setlabel(LogicalDisk*, int, char*)
                0x00000000c000b49a                Filesystem::allocateSwapfile(char const*, int)
                0x00000000c000b4a0                File::~File()
                0x00000000c000b4a0                File::~File()
                0x00000000c000b4c4                File::~File()
                0x00000000c000b4ee                Directory::~Directory()
                0x00000000c000b4ee                Directory::~Directory()
                0x00000000c000b512                Directory::~Directory()
                0x00000000c000b53c                Filesystem::Filesystem()
                0x00000000c000b53c                Filesystem::Filesystem()
                0x00000000c000b560                Filesystem::~Filesystem()
                0x00000000c000b560                Filesystem::~Filesystem()
                0x00000000c000b56e                Filesystem::~Filesystem()
                0x00000000c000b592                Fs::getcwd(Process*, char*, int)
                0x00000000c000b5bc                Fs::initVFS()
                0x00000000c000b5e6                Fs::standardiseFiles(char*, char const*, char const*, bool)
                0x00000000c000b7f0                File::File(char const*, Process*, bool)
                0x00000000c000b7f0                File::File(char const*, Process*, bool)
                0x00000000c000b8ce                File::open(FileOpenMode)
                0x00000000c000b92c                File::close()
                0x00000000c000b98c                File::seek(unsigned long long)
                0x00000000c000b9e2                File::truncate(unsigned long long)
                0x00000000c000ba38                File::tell(unsigned long long*)
                0x00000000c000ba88                File::rewind()
                0x00000000c000ba9c                File::unlink()
                0x00000000c000bae8                File::rename(char const*)
                0x00000000c000bb36                File::chfatattr(unsigned char, unsigned char)
                0x00000000c000bb92                File::exists()
                0x00000000c000bbd0                File::stat(unsigned long long*, bool*)
                0x00000000c000bc31                Fs::setcwd(Process*, char*)
                0x00000000c000bd8e                Directory::Directory(char const*, Process*)
                0x00000000c000bd8e                Directory::Directory(char const*, Process*)
                0x00000000c000be56                Directory::open()
                0x00000000c000beb2                Directory::close()
                0x00000000c000bf12                Directory::unlink()
                0x00000000c000bf5e                Directory::rename(char const*)
                0x00000000c000bfac                Directory::exists()
                0x00000000c000bfea                Directory::read(dirent*)
                0x00000000c000c036                Directory::create()
                0x00000000c000c082                Filesystem::chfatattr(char const*, unsigned char, unsigned char)
 .text          0x00000000c000c088       0x86 hal/bus.32
                0x00000000c000c088                Bus::Bus(char const*)
                0x00000000c000c088                Bus::Bus(char const*)
                0x00000000c000c0c0                Bus::~Bus()
                0x00000000c000c0c0                Bus::~Bus()
                0x00000000c000c0e4                Bus::~Bus()
 .text          0x00000000c000c10e       0x96 hal/buzzer.32
                0x00000000c000c10e                beepThread(void*)
                0x00000000c000c14b                Krnl::beep(int, int, bool)
 .text          0x00000000c000c1a4      0x45f hal/clock.32
                0x00000000c000c1a4                User::loadClockSettings(int)
                0x00000000c000c1f6                Clock::Clock(char const*)
                0x00000000c000c1f6                Clock::Clock(char const*)
                0x00000000c000c22c                Clock::~Clock()
                0x00000000c000c22c                Clock::~Clock()
                0x00000000c000c250                Clock::~Clock()
                0x00000000c000c27a                Clock::timeInSecondsLocal()
                0x00000000c000c2c2                Clock::setTimeInSecondsLocal(unsigned long long)
                0x00000000c000c31b                datetimeToSeconds(datetime_t)
                0x00000000c000c43a                Clock::setTimeInDatetimeLocal(datetime_t)
                0x00000000c000c49a                secondsToDatetime(unsigned long long)
                0x00000000c000c5de                Clock::timeInDatetimeLocal()
 *fill*         0x00000000c000c603        0x1 
 .text          0x00000000c000c604      0x464 hal/device.32
                0x00000000c000c604                Device::hibernate()
                0x00000000c000c606                Device::wake()
                0x00000000c000c608                Device::detect()
                0x00000000c000c60a                Device::disableLegacy()
                0x00000000c000c60c                Device::powerSaving(PowerSavingLevel)
                0x00000000c000c60e                DriverlessDevice::close(int, int, void*)
                0x00000000c000c612                DriverlessDevice::detect()
                0x00000000c000c614                DriverlessDevice::open(int, int, void*)
                0x00000000c000c628                Device::~Device()
                0x00000000c000c628                Device::~Device()
                0x00000000c000c636                Device::~Device()
                0x00000000c000c65e                Device::findAndLoadDriver()
                0x00000000c000c66c                Device::preOpenPCI(PCIDeviceInfo)
                0x00000000c000c692                Device::preOpenACPI(void*, char*, char*)
                0x00000000c000c6d2                Device::addIRQHandler(int, void (*)(regs*, void*), bool, void*)
                0x00000000c000c6fc                Device::getParent()
                0x00000000c000c708                Device::removeIRQHandler(int, void (*)(regs*, void*), bool)
                0x00000000c000c726                Device::addChild(Device*)
                0x00000000c000c76a                Device::removeAllChildren()
                0x00000000c000c7b0                Device::hibernateAll()
                0x00000000c000c7e0                Device::wakeAll()
                0x00000000c000c810                Device::detectAll()
                0x00000000c000c840                Device::disableLegacyAll()
                0x00000000c000c842                Device::loadDriversForAll()
                0x00000000c000c844                Device::closeAll()
                0x00000000c000c87a                Device::powerSavingAll(PowerSavingLevel)
                0x00000000c000c8b0                Device::setName(char const*)
                0x00000000c000c8be                Device::Device(char const*)
                0x00000000c000c8be                Device::Device(char const*)
                0x00000000c000c9ba                Device::getName()
                0x00000000c000c9c4                DriverlessDevice::DriverlessDevice(char const*)
                0x00000000c000c9c4                DriverlessDevice::DriverlessDevice(char const*)
                0x00000000c000c9fa                Device::addToLinkedList(LinkedList<Device>&, DeviceType)
                0x00000000c000ca3e                getDevicesOfType(DeviceType)
 .text          0x00000000c000ca68       0x86 hal/diskctrl.32
                0x00000000c000ca68                HardDiskController::HardDiskController(char const*)
                0x00000000c000ca68                HardDiskController::HardDiskController(char const*)
                0x00000000c000caa0                HardDiskController::~HardDiskController()
                0x00000000c000caa0                HardDiskController::~HardDiskController()
                0x00000000c000cac4                HardDiskController::~HardDiskController()
 .text          0x00000000c000caee       0xe2 hal/diskphys.32
                0x00000000c000caee                PhysicalDisk::eject()
                0x00000000c000caf2                PhysicalDisk::PhysicalDisk(char const*, int)
                0x00000000c000caf2                PhysicalDisk::PhysicalDisk(char const*, int)
                0x00000000c000cb5a                PhysicalDisk::startCache()
                0x00000000c000cb82                PhysicalDisk::~PhysicalDisk()
                0x00000000c000cb82                PhysicalDisk::~PhysicalDisk()
                0x00000000c000cba6                PhysicalDisk::~PhysicalDisk()
 .text          0x00000000c000cbd0        0x0 hal/fpu.32
 .text          0x00000000c000cbd0      0x359 hal/intctrl.32
                0x00000000c000cbd0                int_handler
                0x00000000c000cc5a                installISRHandler(int, void (*)(regs*, void*), void*)
                0x00000000c000cca4                installIRQHandler(int, void (*)(regs*, void*), bool, void*)
                0x00000000c000cdd8                uninstallISRHandler(int, void (*)(regs*, void*))
                0x00000000c000ce0c                uninstallIRQHandler(int, void (*)(regs*, void*), bool)
                0x00000000c000ce8a                setupINTS()
                0x00000000c000cee7                convertLegacyIRQNumber(int)
 *fill*         0x00000000c000cf29        0x1 
 .text          0x00000000c000cf2a      0x8be hal/keybrd.32
                0x00000000c000cf2a                startGUI(void*)
                0x00000000c000cf98                startGUIVESA(void*)
                0x00000000c000d006                sendKeyToTerminal(unsigned char)
                0x00000000c000d0e1                sendKeyboardToken(KeyboardToken)
                0x00000000c000d5cb                clearInternalKeybuffer(VgaText*)
                0x00000000c000d600                readKeyboard(VgaText*, char*, unsigned long)
                0x00000000c000d75e                Keyboard::Keyboard(char const*)
                0x00000000c000d75e                Keyboard::Keyboard(char const*)
                0x00000000c000d79a                Keyboard::~Keyboard()
                0x00000000c000d79a                Keyboard::~Keyboard()
                0x00000000c000d7be                Keyboard::~Keyboard()
 .text          0x00000000c000d7e8      0x3f8 hal/logidisk.32
                0x00000000c000d7e8                LogicalDisk::close(int, int, void*)
                0x00000000c000d7ec                LogicalDisk::~LogicalDisk()
                0x00000000c000d7ec                LogicalDisk::~LogicalDisk()
                0x00000000c000d810                LogicalDisk::~LogicalDisk()
                0x00000000c000d83a                LogicalDisk::open(int, int, void*)
                0x00000000c000d84e                LogicalDisk::absoluteToRelative(unsigned long long)
                0x00000000c000d886                LogicalDisk::relativeToAbsolute(unsigned long long)
                0x00000000c000d8cc                LogicalDisk::LogicalDisk(char const*, PhysicalDisk*, unsigned long long, unsigned long long)
                0x00000000c000d8cc                LogicalDisk::LogicalDisk(char const*, PhysicalDisk*, unsigned long long, unsigned long long)
                0x00000000c000d98c                LogicalDisk::assignDriveLetter()
                0x00000000c000da46                LogicalDisk::mount()
                0x00000000c000da8e                LogicalDisk::unmount()
                0x00000000c000da9e                LogicalDisk::eject()
                0x00000000c000dab2                LogicalDisk::unassignDriveLetter()
                0x00000000c000db08                LogicalDisk::read(unsigned long long, int, void*)
                0x00000000c000db74                LogicalDisk::write(unsigned long long, int, void*)
 .text          0x00000000c000dbe0       0x86 hal/mouse.32
                0x00000000c000dbe0                Mouse::Mouse(char const*)
                0x00000000c000dbe0                Mouse::Mouse(char const*)
                0x00000000c000dc18                Mouse::~Mouse()
                0x00000000c000dc18                Mouse::~Mouse()
                0x00000000c000dc3c                Mouse::~Mouse()
 .text          0x00000000c000dc66       0x90 hal/nic.32
                0x00000000c000dc66                NIC::getMAC()
                0x00000000c000dc6c                NIC::write(int, unsigned char*, int*)
                0x00000000c000dc72                NIC::NIC(char const*)
                0x00000000c000dc72                NIC::NIC(char const*)
                0x00000000c000dca8                NIC::~NIC()
                0x00000000c000dca8                NIC::~NIC()
                0x00000000c000dccc                NIC::~NIC()
 .text          0x00000000c000dcf6      0x33b hal/partition.32
                0x00000000c000dcf6                makePartition(PhysicalDisk*, unsigned long long, unsigned long long)
                0x00000000c000dd9e                createPartitionsForDisk(PhysicalDisk*)
 *fill*         0x00000000c000e031        0x3 
 .text          0x00000000c000e034       0x86 hal/serial.32
                0x00000000c000e034                Serial::Serial(char const*)
                0x00000000c000e034                Serial::Serial(char const*)
                0x00000000c000e06c                Serial::~Serial()
                0x00000000c000e06c                Serial::~Serial()
                0x00000000c000e090                Serial::~Serial()
 *fill*         0x00000000c000e0ba        0x2 
 .text          0x00000000c000e0bc      0x234 hal/timer.32
                0x00000000c000e0bc                Timer::Timer(char const*)
                0x00000000c000e0bc                Timer::Timer(char const*)
                0x00000000c000e0f4                Timer::~Timer()
                0x00000000c000e0f4                Timer::~Timer()
                0x00000000c000e118                Timer::~Timer()
                0x00000000c000e142                Timer::read()
                0x00000000c000e14d                setupTimer(int)
                0x00000000c000e188                timerHandler(unsigned int)
 .text          0x00000000c000e2f0      0x444 hal/vcache.32
                0x00000000c000e2f0                VCache::VCache(PhysicalDisk*)
                0x00000000c000e2f0                VCache::VCache(PhysicalDisk*)
                0x00000000c000e460                VCache::invalidateReadBuffer()
                0x00000000c000e470                VCache::writeWriteBuffer()
                0x00000000c000e4bc                VCache::~VCache()
                0x00000000c000e4bc                VCache::~VCache()
                0x00000000c000e514                VCache::~VCache()
                0x00000000c000e53c                VCache::write(unsigned long long, int, void*)
                0x00000000c000e62a                VCache::read(unsigned long long, int, void*)
 .text          0x00000000c000e734      0x4c7 hal/video.32
                0x00000000c000e734                Video::putrect(int, int, int, int, unsigned int)
                0x00000000c000e780                Video::bitblit(int, int, int, int, int, int, int, unsigned int*)
                0x00000000c000e7f0                Video::blit(unsigned int*, int, int, int, int)
                0x00000000c000e86e                Video::clearScreen(unsigned int)
                0x00000000c000e8a2                Video::putpixel(int, int, unsigned int)
                0x00000000c000e8b0                Video::readPixelApprox(int, int)
                0x00000000c000e8c4                Video::Video(char const*)
                0x00000000c000e8c4                Video::Video(char const*)
                0x00000000c000e8fa                Video::~Video()
                0x00000000c000e8fa                Video::~Video()
                0x00000000c000e91e                Video::~Video()
                0x00000000c000e948                Video::isMonochrome()
                0x00000000c000e954                Video::getWidth()
                0x00000000c000e960                Video::getHeight()
                0x00000000c000e96c                Video::drawCursor(int, int, unsigned int*, int)
                0x00000000c000ea28                Video::tgaParse(unsigned char*, int, int*, int*)
                0x00000000c000eb90                Video::putTGA(int, int, unsigned char*, int)
 *fill*         0x00000000c000ebfb        0x1 
 .text          0x00000000c000ebfc     0x1387 hw/acpi.32
                0x00000000c000ebfc                ACPI::close(int, int, void*)
                0x00000000c000ecb0                findRSDP()
                0x00000000c000ed48                loadACPITables(unsigned char*)
                0x00000000c000efb4                findRSDT(unsigned char*)
                0x00000000c000f10c                findDataTable(unsigned char*, char*)
                0x00000000c000f18c                scanMADT()
                0x00000000c000f644                ACPI::ACPI()
                0x00000000c000f644                ACPI::ACPI()
                0x00000000c000f698                ACPI::getPCIIRQAssignment(unsigned char, unsigned short, unsigned char)
                0x00000000c000f794                ACPI::registerPCIIRQAssignment(void*, unsigned short, unsigned char, unsigned char)
                0x00000000c000f860                ACPI::setScreenBrightnessLevel(void*, int)
                0x00000000c000f868                ACPI::detectPCI()
                0x00000000c000fa88                ACPI::writeSimpleBootFlag(SimpleBootFlagTable*)
                0x00000000c000fad0                ACPI::sleep()
                0x00000000c000faec                ACPI::open(int, int, void*)
 *fill*         0x00000000c000ff83        0x1 
 .text          0x00000000c000ff84      0xbc5 hw/cpu.32
                0x00000000c000ff84                CPU::close(int, int, void*)
                0x00000000c000ff88                CPU::AMD_K6_write_msr(unsigned int, unsigned int, unsigned int, CPU::REGS*)
                0x00000000c000ffa4                CPU::AMD_K6_read_msr(unsigned int, CPU::REGS*)
                0x00000000c000ffbc                CPU::AMD_K6_writeback(int, int, int)
                0x00000000c0010030                CPU::cpuid(int, unsigned long*, unsigned long*, unsigned long*, unsigned long*)
                0x00000000c00100b4                CPU::cpuidCheckEDX(unsigned int)
                0x00000000c00100e2                CPU::cpuidCheckECX(unsigned int)
                0x00000000c0010110                CPU::cpuidCheckExtendedEBX(unsigned int)
                0x00000000c001013e                CPU::cpuidCheckExtendedECX(unsigned int)
                0x00000000c001016c                CPU::CPU()
                0x00000000c001016c                CPU::CPU()
                0x00000000c00101fa                CPU::displayFeatures()
                0x00000000c00101fc                CPU::detectFeatures()
                0x00000000c00108d0                CPU::setupSMEP()
                0x00000000c00108dc                CPU::setupUMIP()
                0x00000000c00108e6                CPU::setupTSC()
                0x00000000c00108f0                CPU::setupLargePages()
                0x00000000c00108fa                CPU::setupPAT()
                0x00000000c0010936                CPU::setupMTRR()
                0x00000000c0010938                CPU::setupGlobalPages()
                0x00000000c0010942                CPU::allowUsermodeDataAccess()
                0x00000000c0010954                CPU::prohibitUsermodeDataAccess()
                0x00000000c0010966                CPU::setupSMAP()
                0x00000000c0010974                CPU::setupFeatures()
                0x00000000c0010a40                CPU::open(int, int, void*)
 .text          0x00000000c0010b49       0xb6 krnl/atexit.32
                0x00000000c0010b49                KeInitialiseAtexit()
                0x00000000c0010b68                KeRegisterAtexit(void (*)(void*), void*)
                0x00000000c0010b9c                KeExecuteAtexit()
 .text          0x00000000c0010bff       0xdf krnl/bootmsg.32
                0x00000000c0010bff                KeDisplaySplashScreen()
                0x00000000c0010c7b                KeSetBootMessage(char const*)
 *fill*         0x00000000c0010cde        0x2 
 .text          0x00000000c0010ce0       0x1d krnl/compat.32
                0x00000000c0010ce0                Krnl::handlePowerButton()
                0x00000000c0010cf0                Krnl::handleSleepButton()
 *fill*         0x00000000c0010cfd        0x1 
 .text          0x00000000c0010cfe      0x5bf krnl/env.32
                0x00000000c0010cfe                EnvVarContainer::getEnv(char const*)
                0x00000000c0010d3c                EnvVarContainer::setEnv(char const*, char const*)
                0x00000000c0010dfe                EnvVarContainer::deleteEnv(char const*)
                0x00000000c0010e00                EnvVarContainer::loadFrom(char const*, char const*)
                0x00000000c0011024                EnvVarContainer::__loadSystem()
                0x00000000c001103e                EnvVarContainer::__loadUser()
                0x00000000c0011040                EnvVarContainer::EnvVarContainer(Process*)
                0x00000000c0011040                EnvVarContainer::EnvVarContainer(Process*)
                0x00000000c0011062                EnvVarContainer::~EnvVarContainer()
                0x00000000c0011062                EnvVarContainer::~EnvVarContainer()
                0x00000000c0011092                KeGetEnv(Process*, char const*)
                0x00000000c00110f7                KeSetEnvSystem(char const*, char const*)
                0x00000000c0011111                KeSetEnvUser(char const*, char const*)
                0x00000000c0011130                KeSetEnvProcess(Process*, char const*, char const*)
                0x00000000c0011143                KeDeleteEnvSystem(char const*)
                0x00000000c0011144                KeDeleteEnvUser(char const*)
                0x00000000c0011145                KeDeleteEnvProcess(Process*, char const*)
                0x00000000c0011146                KeNewProcessEnv(Process*)
                0x00000000c0011168                KeCopyProcessEnv(Process*, Process*)
                0x00000000c00111b4                KeLoadSystemEnv()
                0x00000000c00111e2                KeLoadUserEnv()
                0x00000000c0011208                KeFlushEnv()
                0x00000000c0011209                KeGetProcessTotalEnvCount(Process*)
                0x00000000c0011229                KeGetProcessEnvPair(Process*, int)
 .text          0x00000000c00112bd       0x94 krnl/inlines.32
                0x00000000c00112bd                CPU::current()
                0x00000000c00112c9                operator new(unsigned long)
                0x00000000c00112ce                operator delete(void*)
                0x00000000c00112d3                disableIRQs()
                0x00000000c00112d5                enableIRQs()
                0x00000000c00112d7                lockScheduler()
                0x00000000c00112df                unlockScheduler()
                0x00000000c00112ee                lockStuff()
                0x00000000c00112fc                unlockStuff()
                0x00000000c0011336                Virt::getAKernelVAS()
                0x00000000c001133c                __not_memcpy
 .text          0x00000000c0011351        0xc krnl/panic.32
                0x00000000c0011351                KePanic(char const*)
 .text          0x00000000c001135d      0x142 krnl/powctrl.32
                0x00000000c001135d                KePowerThread(void*)
                0x00000000c001138b                KeChangePowerSettings(PowerSettings)
                0x00000000c00113a1                KeUserIOReceived()
                0x00000000c00113ac                KeHandlePowerButton()
                0x00000000c00113e1                KeHandleSleepButton()
                0x00000000c0011416                KeSetupPowerManager()
 .text          0x00000000c001149f       0x9d krnl/random.32
                0x00000000c001149f                KeRand()
                0x00000000c00114e1                KeSeedRand(unsigned int)
                0x00000000c001150a                KeInitRand()
 .text          0x00000000c001153c      0x1bc krnl/resolve.32
                0x00000000c001153c                KeResolveCompatibilitySymbol(char*)
 .text          0x00000000c00116f8      0x322 krnl/signal.32
                0x00000000c00116f8                KiSigKill(int)
                0x00000000c001170c                KiDefaultSignalHandlerIgnore(int)
                0x00000000c001170d                KiDefaultSignalHandlerPause(int)
                0x00000000c0011739                KiDefaultSignalHandlerResume(int)
                0x00000000c0011765                KeDeinitSignals(SigHandlerBlock*)
                0x00000000c001176a                KeInitSignals()
                0x00000000c00117bc                KeRegisterSignalHandler(SigHandlerBlock*, int, void (*)(int), unsigned int, int)
                0x00000000c00117f2                KeRaiseSignal(SigHandlerBlock*, int)
                0x00000000c001186f                KeCheckSignal(SigHandlerBlock*, int*)
                0x00000000c0011966                KiCheckSignalZ
                0x00000000c00119a8                KeCompleteSignal(SigHandlerBlock*, int)
                0x00000000c00119e3                KiFinishSignalZ
 .text          0x00000000c0011a1a      0xd31 krnl/syscalls.32
                0x00000000c0011a1a                SysSeekDir(regs*)
                0x00000000c0011a1f                SysTellDir(regs*)
                0x00000000c0011a24                SysVerify(regs*)
                0x00000000c0011a2e                SysGetArgc(regs*)
                0x00000000c0011a42                SysTTYName(regs*)
                0x00000000c0011a4a                SysFormatDisk(regs*)
                0x00000000c0011ac1                SysSetDiskVolumeLabel(regs*)
                0x00000000c0011b15                SysGetDiskVolumeLabel(regs*)
                0x00000000c0011b6e                SysShutdown(regs*)
                0x00000000c0011bcc                SysRealpath(regs*)
                0x00000000c0011c10                SysReadDir(regs*)
                0x00000000c0011c90                SysIsATTY(regs*)
                0x00000000c0011cea                SysSeek(regs*)
                0x00000000c0011d41                SysTell(regs*)
                0x00000000c0011dae                SysSize(regs*)
                0x00000000c0011e21                SysSizeFromFilename(regs*)
                0x00000000c0011ed1                SysSizeFromFilenameNoSymlink(regs*)
                0x00000000c0011fa6                SysClose(regs*)
                0x00000000c0012006                SysOpenDir(regs*)
                0x00000000c0012083                SysMakeDir(regs*)
                0x00000000c00120f1                SysCloseDir(regs*)
                0x00000000c0012145                SysWait(regs*)
                0x00000000c0012166                SysNotImpl(regs*)
                0x00000000c0012181                SysPanic(regs*)
                0x00000000c001219c                SysRmdir(regs*)
                0x00000000c0012201                SysUnlink(regs*)
                0x00000000c0012266                SysGetArgv(regs*)
                0x00000000c00122b3                SysUSleep(regs*)
                0x00000000c00122dc                SysSpawn(regs*)
                0x00000000c001234f                SysGetEnv(regs*)
                0x00000000c0012400                SysSetFatAttrib(regs*)
                0x00000000c0012472                SysPipe(regs*)
                0x00000000c00124b7                SysGetUnixTime(regs*)
                0x00000000c00124cb                string_ends_with(char const*, char const*)
                0x00000000c0012513                SysOpen(regs*)
                0x00000000c0012709                KeSystemCall(regs*, void*)
 *fill*         0x00000000c001274b        0x1 
 .text          0x00000000c001274c      0x159 net/ethernet.32
                0x00000000c001274c                KeSwitchEndian16(unsigned short)
                0x00000000c0012770                KeSwitchEndian32(unsigned int)
                0x00000000c00127a0                EthernetCRC32(unsigned char*, int)
                0x00000000c0012844                EthernetReceivedPacket(EthernetUnwrappedFrame*, unsigned short)
 .text          0x00000000c00128a5      0xd55 reg/cm.32
                0x00000000c00128a5                CmOpen(char const*)
                0x00000000c00129c2                CmClose(Reghive_Tag*)
                0x00000000c00129d8                CmReadExtent(Reghive_Tag*, int, unsigned char*)
                0x00000000c0012a14                CmGetString(Reghive_Tag*, int, char*)
                0x00000000c0012a8b                CmEnterDirectory(Reghive_Tag*, int)
                0x00000000c0012aca                CmGetNext(Reghive_Tag*, int)
                0x00000000c0012afc                CmWriteExtent(Reghive_Tag*, int, unsigned char*)
                0x00000000c0012b38                CmFreeExtent(Reghive_Tag*, int)
                0x00000000c0012b60                CmUpdateHeader(Reghive_Tag*)
                0x00000000c0012b81                CmExpand(Reghive_Tag*, int)
                0x00000000c0012bfc                CmFindUnusedExtent(Reghive_Tag*)
                0x00000000c0012c82                CmCreateExtent(Reghive_Tag*, int, int, unsigned char*)
                0x00000000c0012d76                CmSetString(Reghive_Tag*, int, char const*)
                0x00000000c0012eb2                CmGetMatch(char*, char*, bool, bool*)
                0x00000000c0012f13                CmAddShift(unsigned int*, int*, unsigned char, int)
                0x00000000c0012f43                CmGetShift(unsigned int*, int*, int, bool*)
                0x00000000c0012f7a                CmGetInteger(Reghive_Tag*, int, unsigned long long*)
                0x00000000c0012fa4                CmSetInteger(Reghive_Tag*, int, unsigned long long)
                0x00000000c0012fe4                CmConvertFromInternalFilename(unsigned char const*, char*)
                0x00000000c0013088                CmGetNameAndTypeFromExtent(Reghive_Tag*, int, char*)
                0x00000000c00130b6                CmConvertToInternalFilename(char const*, unsigned char*)
                0x00000000c0013254                CmCreateString(Reghive_Tag*, int, char const*)
                0x00000000c00132a1                CmFindInDirectory(Reghive_Tag*, int, char const*)
                0x00000000c001331b                CmCreateInteger(Reghive_Tag*, int, char const*, unsigned long long, int)
                0x00000000c001336e                CmCreateDirectory(Reghive_Tag*, int, char const*)
                0x00000000c0013432                zStrtok(char*, char const*)
                0x00000000c00134a4                CmFindObjectFromPath(Reghive_Tag*, char const*)
                0x00000000c0013525                CmDisplayTree(Reghive_Tag*, int, int)
                0x00000000c00135c8                CmSplitFinalSlashInPlace(char*)
 .text          0x00000000c00135fa      0x529 reg/registry.32
                0x00000000c00135fa                Reg::findLineFromLoadedData(char*, char*, char*)
                0x00000000c001376b                Reg::getLineFromRegistry(char*, char*, char*, char*)
                0x00000000c00138bf                Reg::getLine(char*, char*, char*)
                0x00000000c00138f6                Reg::readInt(char*, char*, int*)
                0x00000000c00139e4                Reg::readString(char*, char*, char*, int)
                0x00000000c0013a65                Reg::readBool(char*, char*, bool*)
                0x00000000c0013a8a                Reg::readBoolWithDefault(char*, char*, bool)
                0x00000000c0013ab6                Reg::readIntWithDefault(char*, char*, int)
                0x00000000c0013ae2                Reg::readStringWithDefault(char*, char*, char*, int, char*)
 .text          0x00000000c0013b23       0x36 sys/eject.32
                0x00000000c0013b23                SysEject(regs*)
 .text          0x00000000c0013b59       0x18 sys/exit.32
                0x00000000c0013b59                SysExit(regs*)
 .text          0x00000000c0013b71       0x1f sys/getcwd.32
                0x00000000c0013b71                SysGetCwd(regs*)
 .text          0x00000000c0013b90        0xc sys/getpid.32
                0x00000000c0013b90                SysGetPID(regs*)
 .text          0x00000000c0013b9c       0x1a sys/getramdata.32
                0x00000000c0013b9c                SysGetRAMData(regs*)
 .text          0x00000000c0013bb6       0x82 sys/getvgaptr.32
                0x00000000c0013bb6                SysGetVGAPtr(regs*)
 .text          0x00000000c0013c38       0xb9 sys/kill.32
                0x00000000c0013c38                SysKill(regs*)
 .text          0x00000000c0013cf1       0xa7 sys/loaddll.32
                0x00000000c0013cf1                SysLoadDLL(regs*)
 .text          0x00000000c0013d98       0x68 sys/read.32
                0x00000000c0013d98                SysRead(regs*)
 .text          0x00000000c0013e00       0x29 sys/registersignal.32
                0x00000000c0013e00                SysRegisterSignal(regs*)
 .text          0x00000000c0013e29      0x19c sys/registry.32
                0x00000000c0013e29                SysRegistryGetTypeFromPath(regs*)
                0x00000000c0013ea0                SysRegistryReadExtent(regs*)
                0x00000000c0013ee8                SysRegistryPathToExtentLookup(regs*)
                0x00000000c0013f10                SysRegistryEnterDirectory(regs*)
                0x00000000c0013f38                SysRegistryGetNext(regs*)
                0x00000000c0013f60                SysRegistryGetNameAndTypeFromExtent(regs*)
                0x00000000c0013f9a                SysRegistryOpen(regs*)
                0x00000000c0013fae                SysRegistryClose(regs*)
 .text          0x00000000c0013fc5       0x55 sys/sbrk.32
                0x00000000c0013fc5                SysSbrk(regs*)
 .text          0x00000000c001401a       0x1c sys/setcwd.32
                0x00000000c001401a                SysSetCwd(regs*)
 .text          0x00000000c0014036       0x96 sys/settime.32
                0x00000000c0014036                SysSetTime(regs*)
 .text          0x00000000c00140cc       0x2d sys/symlink.32
                0x00000000c00140cc                SysSymlink(regs*)
 .text          0x00000000c00140f9       0x4a sys/timezone.32
                0x00000000c00140f9                SysTimezone(regs*)
 .text          0x00000000c0014143       0xfb sys/truncate.32
                0x00000000c0014143                SysTruncate(regs*)
 .text          0x00000000c001423e       0x68 sys/write.32
                0x00000000c001423e                SysWrite(regs*)
 .text          0x00000000c00142a6       0x62 sys/wsbe.32
                0x00000000c00142a6                SysWsbe(regs*)
 .text          0x00000000c0014308       0x25 sys/yield.32
                0x00000000c0014308                SysYield(regs*)
 .text          0x00000000c001432d     0x11e8 thr/elf.32
                0x00000000c001432d                Thr::allocateMemoryForTask(Process*, File*, unsigned long, unsigned long, unsigned long)
                0x00000000c00145bb                Thr::loadProgramIntoMemory(Process*, char const*)
                0x00000000c00147cd                Thr::runtimeReferenceHelper()
                0x00000000c00147e0                Thr::getAddressOfKernelSymbol(char const*)
                0x00000000c001482f                Thr::loadKernelSymbolTable(char const*)
                0x00000000c0014af0                Thr::loadDriverIntoMemory(char const*, unsigned long, bool)
                0x00000000c0015229                Thr::getDriverBaseFromAddress(unsigned long)
                0x00000000c001525b                Thr::getDriverNameFromAddress(unsigned long)
                0x00000000c0015292                Thr::getDriverOffsetFromAddress(unsigned long)
                0x00000000c00152ac                Thr::loadDLL(char const*, bool)
                0x00000000c00154dc                Thr::executeDLL(unsigned long, void*)
 *fill*         0x00000000c0015515        0x3 
 .text          0x00000000c0015518     0x13d9 thr/prcssthr.32
                0x00000000c0015518                userModeEntryPoint(void*)
                0x00000000c0015540                changeTSS
                0x00000000c0015570                switchToThread(ThreadControlBlock*)
                0x00000000c0015620                Process::addArgs(char**)
                0x00000000c001568c                Process::Process(char const*, Process*, char**)
                0x00000000c001568c                Process::Process(char const*, Process*, char**)
                0x00000000c0015898                Process::Process(bool, char const*, Process*, char**)
                0x00000000c0015898                Process::Process(bool, char const*, Process*, char**)
                0x00000000c0015a6c                taskStartupFunction
                0x00000000c0015a78                Semaphore::Semaphore(int)
                0x00000000c0015a78                Semaphore::Semaphore(int)
                0x00000000c0015aa8                Mutex::Mutex()
                0x00000000c0015aa8                Mutex::Mutex()
                0x00000000c0015abc                Process::createThread(void (*)(void*), void*, int)
                0x00000000c0015bc8                Process::createUserThread()
                0x00000000c0015be8                setupMultitasking(void (*)())
                0x00000000c0015d0c                schedule()
                0x00000000c0015da0                Semaphore::tryAcquire()
                0x00000000c0015e74                Semaphore::assertLocked(char const*)
                0x00000000c0015ef8                blockTaskWithSchedulerLockAlreadyHeld(TaskState)
                0x00000000c0015f20                blockTask(TaskState)
                0x00000000c0015f58                waitTask(int, int*, int)
                0x00000000c0015f9c                milliTenthSleepUntil(unsigned int)
                0x00000000c001603c                milliTenthSleep(unsigned int)
                0x00000000c0016050                sleep(unsigned int)
                0x00000000c001606c                Semaphore::acquire()
                0x00000000c0016134                taskReturned
                0x00000000c0016178                Thr::processFromPID(int)
                0x00000000c0016224                unblockTask(ThreadControlBlock*)
                0x00000000c00162d0                cleanupTerminatedTask(ThreadControlBlock*)
                0x00000000c00165a4                cleanerTaskFunction(void*)
                0x00000000c00166ac                terminateTask(int)
                0x00000000c0016798                Thr::terminateFromIRQ(int)
                0x00000000c00167a8                Semaphore::release()
 .text          0x00000000c00168f1      0xc26 vm86/vm8086.32
                0x00000000c00168f1                Vm::inbv(unsigned short)
                0x00000000c0016904                Vm::outbv(unsigned short, unsigned char)
                0x00000000c001693a                Vm::realToLinear(unsigned short, unsigned short)
                0x00000000c001694a                Vm::getSegment(unsigned int)
                0x00000000c0016952                Vm::getOffset(unsigned int)
                0x00000000c0016957                Vm::mainloop2()
                0x00000000c0016991                Vm::mainVm8086Loop(void*)
                0x00000000c00169a1                Vm::mainloop3(unsigned long)
                0x00000000c00169c7                Vm::initialise8086()
                0x00000000c0016a0a                Vm::finish8086()
                0x00000000c0016a6b                Vm::getOutput8086(unsigned char*)
                0x00000000c0016a90                Vm::start8086FromBuffer(unsigned char*, int, unsigned short, unsigned short, unsigned short, unsigned short)
                0x00000000c0016b49                Vm::start8086(char const*, unsigned short, unsigned short, unsigned short, unsigned short)
                0x00000000c0016ce6                Vm::doISR(regs*, int, unsigned char*, unsigned short, unsigned short)
                0x00000000c0016d7f                Vm::readByteFromReal(unsigned short, unsigned short)
                0x00000000c0016d90                Vm::readWordFromReal(unsigned short, unsigned short)
                0x00000000c0016da2                Vm::readDwordFromReal(unsigned short, unsigned short)
                0x00000000c0016db3                Vm::writeByteFromReal(unsigned short, unsigned short, unsigned char)
                0x00000000c0016dc8                Vm::writeWordFromReal(unsigned short, unsigned short, unsigned short)
                0x00000000c0016dde                Vm::writeDwordFromReal(unsigned short, unsigned short, unsigned int)
                0x00000000c0016df3                Vm::faultHandler(regs*)
 .text          0x00000000c0017517      0xaf0 arch/i386/hal.32
                0x00000000c0017517                noCopro(unsigned long)
                0x00000000c0017518                nmiHandler(regs*, void*)
                0x00000000c0017531                doubleFault(regs*, void*)
                0x00000000c001754a                displayDebugInfo(regs*)
                0x00000000c00178cf                HalSystemIdle()
                0x00000000c001794b                displayProgramFault(char const*)
                0x00000000c0017997                gpFault(regs*, void*)
                0x00000000c00179fe                pgFault(regs*, void*)
                0x00000000c0017a87                otherISRHandler(regs*, void*)
                0x00000000c0017abb                opcodeFault(regs*, void*)
                0x00000000c0017b3e                i386SaveCoprocessor(void*)
                0x00000000c0017b52                i386LoadCoprocessor(void*)
                0x00000000c0017b66                x87EmulHandler(regs*, void*)
                0x00000000c0017c03                HalInitialiseCoprocessor()
                0x00000000c0017cb1                HalPanic(char const*)
                0x00000000c0017dc5                HalQueryPerformanceCounter()
                0x00000000c0017de0                HalInitialise()
                0x00000000c0017f96                HalMakeBeep(int)
                0x00000000c0017fd0                HalGetRand()
                0x00000000c0017fd3                HalEndOfInterrupt(int)
                0x00000000c0018004                HalRestart()
                0x00000000c0018005                HalShutdown()
                0x00000000c0018006                HalSleep()
 *fill*         0x00000000c0018007        0x1 
 .text          0x00000000c0018008      0x2dc arch/i386/pic.32
                0x00000000c0018008                picIoWait()
                0x00000000c0018010                picDisable()
                0x00000000c0018044                picGetIRQReg(int)
                0x00000000c00180c0                picOpen()
                0x00000000c0018244                picEOI(int)
 .text          0x00000000c00182e4      0x674 arch/i386/rtc.32
                0x00000000c00182e4                RTC::open(int, int, void*)
                0x00000000c00182e8                RTC::close(int, int, void*)
                0x00000000c00182ec                RTC::timeInSecondsUTC()
                0x00000000c00182fe                RTC::timeInDatetimeUTC()
                0x00000000c0018324                RTC::setTimeInSecondsUTC(unsigned long long)
                0x00000000c0018362                RTC::~RTC()
                0x00000000c0018362                RTC::~RTC()
                0x00000000c0018386                RTC::~RTC()
                0x00000000c00183b0                RTC::get_update_in_progress_flag()
                0x00000000c00183ca                RTC::completeRTCRefresh()
                0x00000000c00186aa                RTC::setTimeInDatetimeUTC(datetime_t)
                0x00000000c0018858                rtcIRQHandler(regs*, void*)
                0x00000000c001889e                RTC::RTC()
                0x00000000c001889e                RTC::RTC()
 .text          0x00000000c0018958      0x1f4 arch/i386/vga.32
                0x00000000c0018958                HalConsoleScroll(int, int)
                0x00000000c0018a60                HalConsoleWriteCharacter(char, int, int, int, int)
                0x00000000c0018ac4                HalConsoleCursorUpdate(int, int)
 .text          0x00000000c0018b4c     0x14cb fs/fat/vfslink.32
                0x00000000c0018b4c                FAT::getName()
                0x00000000c0018b54                FAT::tell(void*, unsigned long long*)
                0x00000000c0018b90                FAT::stat(void*, unsigned long long*)
                0x00000000c0018bcc                FAT::~FAT()
                0x00000000c0018bcc                FAT::~FAT()
                0x00000000c0018bf0                FAT::~FAT()
                0x00000000c0018c18                FAT::getlabel(LogicalDisk*, int, char*, unsigned int*)
                0x00000000c0018cbc                FAT::setlabel(LogicalDisk*, int, char*)
                0x00000000c0018d80                FAT::format(LogicalDisk*, int, char const*, int)
                0x00000000c0018f64                FAT::tryMount(LogicalDisk*, int)
                0x00000000c0019180                FAT::allocateSwapfile(char const*, int)
                0x00000000c001933c                FAT::readDir(void*, unsigned long, void*, int*)
                0x00000000c00194ac                FAT::read(void*, unsigned long, void*, int*)
                0x00000000c001950c                FAT::write(void*, unsigned long, void*, int*)
                0x00000000c001956c                FAT::close(void*)
                0x00000000c00195c0                FAT::closeDir(void*)
                0x00000000c0019614                FAT::truncate(void*, unsigned long long)
                0x00000000c0019680                FAT::seek(void*, unsigned long long)
                0x00000000c00196d8                fatWrapperReadDisk
                0x00000000c0019718                fatWrapperWriteDisk
                0x00000000c0019758                fatWrapperIoctl
                0x00000000c0019874                FAT::FAT()
                0x00000000c0019874                FAT::FAT()
                0x00000000c00198cc                FAT::fixFilepath(char*)
                0x00000000c001990c                FAT::open(char const*, void**, FileOpenMode)
                0x00000000c0019a80                FAT::openDir(char const*, void**)
                0x00000000c0019b30                FAT::stat(char const*, unsigned long long*, bool*)
                0x00000000c0019c28                FAT::unlink(char const*)
                0x00000000c0019ca8                FAT::chfatattr(char const*, unsigned char, unsigned char)
                0x00000000c0019e5c                FAT::rename(char const*, char const*)
                0x00000000c0019f28                FAT::mkdir(char const*)
                0x00000000c0019fa8                FAT::exists(char const*)
 *fill*         0x00000000c001a017        0x1 
 .text          0x00000000c001a018       0x94 fs/iso9660/helper.32
                0x00000000c001a018                isoReadDiscSectorHelper
                0x00000000c001a074                iso_kprintf
                0x00000000c001a090                iso_kprintfd
 .text          0x00000000c001a0ac      0x71c fs/iso9660/vfslink.32
                0x00000000c001a0ac                ISO9660::format(LogicalDisk*, int, char const*, int)
                0x00000000c001a0b2                ISO9660::truncate(void*, unsigned long long)
                0x00000000c001a0b8                ISO9660::getName()
                0x00000000c001a0be                ISO9660::closeDir(void*)
                0x00000000c001a0c8                ISO9660::chfatattr(char const*, unsigned char, unsigned char)
                0x00000000c001a0ce                ISO9660::unlink(char const*)
                0x00000000c001a0d4                ISO9660::write(void*, unsigned long, void*, int*)
                0x00000000c001a0da                ISO9660::rename(char const*, char const*)
                0x00000000c001a0e0                ISO9660::mkdir(char const*)
                0x00000000c001a0e6                ISO9660::~ISO9660()
                0x00000000c001a0e6                ISO9660::~ISO9660()
                0x00000000c001a10a                ISO9660::~ISO9660()
                0x00000000c001a132                ISO9660::exists(char const*)
                0x00000000c001a146                ISO9660::open(char const*, void**, FileOpenMode)
                0x00000000c001a22c                ISO9660::read(void*, unsigned long, void*, int*)
                0x00000000c001a274                ISO9660::seek(void*, unsigned long long)
                0x00000000c001a2b6                ISO9660::tell(void*, unsigned long long*)
                0x00000000c001a2f4                ISO9660::stat(void*, unsigned long long*)
                0x00000000c001a346                ISO9660::stat(char const*, unsigned long long*, bool*)
                0x00000000c001a488                ISO9660::close(void*)
                0x00000000c001a4b8                ISO9660::openDir(char const*, void**)
                0x00000000c001a592                ISO9660::readDir(void*, unsigned long, void*, int*)
                0x00000000c001a6af                readSectorFromCDROM(unsigned int, unsigned char*, char)
                0x00000000c001a72e                ISO9660::tryMount(LogicalDisk*, int)
                0x00000000c001a7a0                ISO9660::ISO9660()
                0x00000000c001a7a0                ISO9660::ISO9660()
 .text          0x00000000c001a7c8      0x26c hal/sound/sndcard.32
                0x00000000c001a7c8                SoundCard::beginPlayback()
                0x00000000c001a7d6                SoundCard::stopPlayback()
                0x00000000c001a7e4                SoundCard::SoundCard(char const*)
                0x00000000c001a7e4                SoundCard::SoundCard(char const*)
                0x00000000c001a882                SoundCard::~SoundCard()
                0x00000000c001a882                SoundCard::~SoundCard()
                0x00000000c001a8a6                SoundCard::~SoundCard()
                0x00000000c001a8d0                SoundCard::configureRates(int, int, int)
                0x00000000c001a900                SoundCard::getSamples16(int, short*)
                0x00000000c001a95c                SoundCard::getSamples32(int, int*)
                0x00000000c001a9e2                SoundCard::addChannel(SoundPort*)
                0x00000000c001aa20                SoundCard::removeChannel(int)
 .text          0x00000000c001aa34      0x38a hal/sound/sndport.32
                0x00000000c001aa34                SoundPort::SoundPort(int, int, int, int)
                0x00000000c001aa34                SoundPort::SoundPort(int, int, int, int)
                0x00000000c001aac0                SoundPort::~SoundPort()
                0x00000000c001aac0                SoundPort::~SoundPort()
                0x00000000c001aaf4                SoundPort::unpause()
                0x00000000c001ab00                SoundPort::pause()
                0x00000000c001ab0c                SoundPort::getBufferUsed()
                0x00000000c001ab14                SoundPort::getBufferSize()
                0x00000000c001ab1c                SoundPort::buffer16(short*, int)
                0x00000000c001aba8                SoundPort::buffer32(int*, int)
                0x00000000c001ac34                SoundPort::unbufferAndAdd16(int, short*, SoundCard*)
                0x00000000c001ad00                SoundPort::unbufferAndAdd32(int, int*, SoundCard*)
 .text          0x00000000c001adbe        0x0 hw/bus/isa.32
 .text          0x00000000c001adbe      0xbb7 hw/bus/pci.32
                0x00000000c001adbe                PCI::open(int, int, void*)
                0x00000000c001addc                PCI::close(int, int, void*)
                0x00000000c001ade0                PCI::PCI()
                0x00000000c001ade0                PCI::PCI()
                0x00000000c001ae78                PCI::readBAR8(unsigned int, int)
                0x00000000c001ae94                PCI::readBAR16(unsigned int, int)
                0x00000000c001aeb2                PCI::readBAR32(unsigned int, int)
                0x00000000c001aece                PCI::writeBAR8(unsigned int, unsigned char, int)
                0x00000000c001aeee                PCI::writeBAR16(unsigned int, unsigned short, int)
                0x00000000c001af10                PCI::writeBAR32(unsigned int, unsigned int, int)
                0x00000000c001af30                PCI::legacyMechanism(unsigned char, unsigned char, unsigned char, unsigned char)
                0x00000000c001afa6                PCI::pciReadWord(unsigned char, unsigned char, unsigned char, unsigned char)
                0x00000000c001b050                PCI::getVendorID(unsigned char, unsigned char, unsigned char)
                0x00000000c001b074                PCI::getHeaderType(unsigned char, unsigned char, unsigned char)
                0x00000000c001b09c                PCI::getClassCode(unsigned char, unsigned char, unsigned char)
                0x00000000c001b0e6                PCI::getProgIF(unsigned char, unsigned char, unsigned char)
                0x00000000c001b10e                PCI::getRevisionID(unsigned char, unsigned char, unsigned char)
                0x00000000c001b132                PCI::getInterruptNumber(unsigned char, unsigned char, unsigned char)
                0x00000000c001b156                PCI::getSecondaryBus(unsigned char, unsigned char, unsigned char)
                0x00000000c001b17e                PCI::getBARAddress(unsigned char, unsigned char, unsigned char, unsigned char)
                0x00000000c001b1e2                PCI::pciWriteWord(unsigned char, unsigned char, unsigned char, unsigned char, unsigned short)
                0x00000000c001b2ca                PCI::pciDetailsToFilepath(PCIDeviceInfo, char*)
                0x00000000c001b590                PCI::checkBus(unsigned char)
                0x00000000c001b5b4                PCI::foundDevice(PCIDeviceInfo)
                0x00000000c001b72e                PCI::getDeviceData(unsigned char, unsigned char, unsigned char)
                0x00000000c001b8aa                PCI::checkDevice(unsigned char, unsigned char)
                0x00000000c001b91c                PCI::detect()
 *fill*         0x00000000c001b975        0x1 
 .text          0x00000000c001b976      0xb9a hw/diskctrl/ide.32
                0x00000000c001b976                IDE::close(int, int, void*)
                0x00000000c001b97a                IDE::IDE()
                0x00000000c001b97a                IDE::IDE()
                0x00000000c001b9ae                IDE::prepareInterrupt(unsigned char)
                0x00000000c001b9c0                selectDrive(unsigned char, unsigned char)
                0x00000000c001b9c2                IDE::getBase(unsigned char)
                0x00000000c001b9d4                IDE::write(unsigned char, unsigned char, unsigned char)
                0x00000000c001ba94                IDE::read(unsigned char, unsigned char)
                0x00000000c001bb42                IDE::waitInterrupt(unsigned char)
                0x00000000c001bba4                ideChannel0IRQHandler(regs*, void*)
                0x00000000c001bbc0                ideChannel1IRQHandler(regs*, void*)
                0x00000000c001bbdc                IDE::enableIRQs(unsigned char, bool)
                0x00000000c001bc26                IDE::open(int, int, void*)
                0x00000000c001c064                IDE::readBuffer(unsigned char, unsigned char, unsigned int, unsigned int)
                0x00000000c001c134                IDE::detect()
                0x00000000c001c402                IDE::printError(unsigned char, unsigned char, unsigned char)
                0x00000000c001c4bc                IDE::polling(unsigned char, unsigned int)
 .text          0x00000000c001c510      0x32a hw/diskctrl/satabus.32
                0x00000000c001c510                SATABus::close(int, int, void*)
                0x00000000c001c514                SATABus::detect()
                0x00000000c001c516                SATABus::SATABus()
                0x00000000c001c516                SATABus::SATABus()
                0x00000000c001c59c                SATABus::findCmdslot(SATABus::tagHBA_PORT volatile*)
                0x00000000c001c5ce                SATABus::checkType(SATABus::tagHBA_PORT volatile*)
                0x00000000c001c616                SATABus::startCmd(SATABus::tagHBA_PORT volatile*)
                0x00000000c001c636                SATABus::stopCmd(SATABus::tagHBA_PORT volatile*)
                0x00000000c001c660                SATABus::portRebase(SATABus::tagHBA_PORT volatile*, int)
                0x00000000c001c770                SATABus::probePort(SATABus::tagHBA_MEM volatile*)
                0x00000000c001c81a                SATABus::open(int, int, void*)
 .text          0x00000000c001c83a      0x93f hw/diskphys/ata.32
                0x00000000c001c83a                ATA::close(int, int, void*)
                0x00000000c001c85e                ATA::powerSaving(PowerSavingLevel)
                0x00000000c001c860                ATA::ATA()
                0x00000000c001c860                ATA::ATA()
                0x00000000c001c88e                ATA::flush(bool)
                0x00000000c001c8dc                ATA::readyForCommand()
                0x00000000c001c928                ATA::access(unsigned long long, int, void*, bool)
                0x00000000c001ccbe                ATA::detectCHS()
                0x00000000c001cce8                ATA::open(int, int, void*)
                0x00000000c001cdb4                combineCharAndColour(char, unsigned char)
                0x00000000c001cdc5                combineColours(unsigned char, unsigned char)
                0x00000000c001cdd2                ATA::read(unsigned long long, int, void*)
                0x00000000c001cfa8                ATA::write(unsigned long long, int, void*)
 *fill*         0x00000000c001d179        0x1 
 .text          0x00000000c001d17a      0x618 hw/diskphys/atapi.32
                0x00000000c001d17a                ATAPI::write(unsigned long long, int, void*)
                0x00000000c001d180                ATAPI::close(int, int, void*)
                0x00000000c001d1a4                ATAPI::ATAPI()
                0x00000000c001d1a4                ATAPI::ATAPI()
                0x00000000c001d1d2                ATAPI::readyForCommand()
                0x00000000c001d224                ATAPI::sendPacket(unsigned char*, int, bool, unsigned short*, int)
                0x00000000c001d4ec                ATAPI::diskRemoved()
                0x00000000c001d526                ATAPI::eject()
                0x00000000c001d56e                ATAPI::diskInserted()
                0x00000000c001d57a                ATAPI::detectMedia()
                0x00000000c001d638                ATAPI::open(int, int, void*)
                0x00000000c001d718                ATAPI::read(unsigned long long, int, void*)
 .text          0x00000000c001d792      0x807 hw/diskphys/sata.32
                0x00000000c001d792                SATA::close(int, int, void*)
                0x00000000c001d7b6                SATA::powerSaving(PowerSavingLevel)
                0x00000000c001d7b8                SATA::open(int, int, void*)
                0x00000000c001d862                SATA::SATA()
                0x00000000c001d862                SATA::SATA()
                0x00000000c001d890                SATA::access(unsigned long long, int, void*, bool)
                0x00000000c001dae4                SATA::read(unsigned long long, int, void*)
                0x00000000c001dd34                SATA::write(unsigned long long, int, void*)
 *fill*         0x00000000c001df99        0x1 
 .text          0x00000000c001df9a      0x5d0 hw/diskphys/satapi.32
                0x00000000c001df9a                SATAPI::write(unsigned long long, int, void*)
                0x00000000c001dfa0                SATAPI::close(int, int, void*)
                0x00000000c001dfc4                SATAPI::SATAPI()
                0x00000000c001dfc4                SATAPI::SATAPI()
                0x00000000c001dff2                SATAPI::diskRemoved()
                0x00000000c001dff4                SATAPI::diskInserted()
                0x00000000c001e010                SATAPI::sendPacket(unsigned char*, int, unsigned long long, unsigned short*, int)
                0x00000000c001e2ee                SATAPI::eject()
                0x00000000c001e32a                SATAPI::detectMedia()
                0x00000000c001e380                SATAPI::open(int, int, void*)
                0x00000000c001e480                SATAPI::read(unsigned long long, int, void*)
 .text          0x00000000c001e56a      0x45b hw/intctrl/apic.32
                0x00000000c001e56a                IOAPIC::close(int, int, void*)
                0x00000000c001e570                apicGetBase()
                0x00000000c001e5b6                IOAPIC::IOAPIC()
                0x00000000c001e5b6                IOAPIC::IOAPIC()
                0x00000000c001e5de                apicOpen()
                0x00000000c001e75a                IOAPIC::handlesGSIWithNumber(unsigned int)
                0x00000000c001e78c                IOAPIC::read(int)
                0x00000000c001e7b4                IOAPIC::open(int, int, void*)
                0x00000000c001e89a                IOAPIC::write(int, int)
                0x00000000c001e8c6                IOAPIC::redirect(unsigned char, unsigned long long, unsigned char, bool, bool)
 *fill*         0x00000000c001e9c5        0x3 
 .text          0x00000000c001e9c8       0xf0 hw/timer/apictimer.32
                0x00000000c001e9c8                APICTimer::close(int, int, void*)
                0x00000000c001e9d0                apicTimerHandler(regs*, void*)
                0x00000000c001e9f8                APICTimer::open(int, int, void*)
                0x00000000c001ea68                APICTimer::write(int)
                0x00000000c001ea90                APICTimer::APICTimer()
                0x00000000c001ea90                APICTimer::APICTimer()
 .text          0x00000000c001eab8      0x1ad hw/timer/pit.32
                0x00000000c001eab8                PIT::write(int)
                0x00000000c001eb3c                pitHandler(regs*, void*)
                0x00000000c001eb64                PIT::open(int, int, void*)
                0x00000000c001ebb4                PIT::close(int, int, void*)
                0x00000000c001ebe4                PIT::PIT()
                0x00000000c001ebe4                PIT::PIT()
 *fill*         0x00000000c001ec65        0xb 
 .text          0x00000000c001ec70       0x83 arch/i386/avx.32
                0x00000000c001ec70                avxDetect
                0x00000000c001ec9a                avxSave
                0x00000000c001ecab                avxLoad
                0x00000000c001ecbc                avxInit
                0x00000000c001ecde                avxClose
                0x00000000c001ecdf                wouldSheSayYes
 *fill*         0x00000000c001ecf3        0xd 
 .text          0x00000000c001ed00      0x2ec arch/i386/interrupt.32
                0x00000000c001ed00                isr0
                0x00000000c001ed10                isr1
                0x00000000c001ed1a                isr2
                0x00000000c001ed24                isr3
                0x00000000c001ed2e                isr4
                0x00000000c001ed38                isr5
                0x00000000c001ed42                isr6
                0x00000000c001ed4c                isr7
                0x00000000c001ed56                isr8
                0x00000000c001ed5e                isr9
                0x00000000c001ed68                isr10
                0x00000000c001ed70                isr11
                0x00000000c001ed78                isr12
                0x00000000c001ed80                isr13
                0x00000000c001ed9a                isr14
                0x00000000c001eda2                isr15
                0x00000000c001edac                isr16
                0x00000000c001edb6                isr17
                0x00000000c001edc0                isr18
                0x00000000c001edca                irq3
                0x00000000c001edd4                irq4
                0x00000000c001edde                irq5
                0x00000000c001ede8                irq6
                0x00000000c001edf2                irq7
                0x00000000c001edfc                irq8
                0x00000000c001ee06                irq9
                0x00000000c001ee10                irq10
                0x00000000c001ee1a                irq11
                0x00000000c001ee24                irq12
                0x00000000c001ee2e                irq13
                0x00000000c001ee38                irq14
                0x00000000c001ee42                irq15
                0x00000000c001ee4c                irq1
                0x00000000c001ee53                irq2
                0x00000000c001ee5a                isr96
                0x00000000c001ee61                irq0
                0x00000000c001ee66                int_common_stub