Archive member included to satisfy reference by file (symbol)

/cygdrive/d/Users/Alex/Desktop/Toolchain/Output/bin/../lib/gcc/i386-banana/8.1.0/libkgcc.a(_divdi3.o)
                              fs/fat/ff.32 (__divdi3)
/cygdrive/d/Users/Alex/Desktop/Toolchain/Output/bin/../lib/gcc/i386-banana/8.1.0/libkgcc.a(_moddi3.o)
                              thr/elf.32 (__moddi3)
/cygdrive/d/Users/Alex/Desktop/Toolchain/Output/bin/../lib/gcc/i386-banana/8.1.0/libkgcc.a(_udivdi3.o)
                              fs/fat/ff.32 (__udivdi3)
/cygdrive/d/Users/Alex/Desktop/Toolchain/Output/bin/../lib/gcc/i386-banana/8.1.0/libkgcc.a(_umoddi3.o)
                              core/pipe.32 (__umoddi3)
D:/Users/Alex/Desktop/Banana/kernel/libsoftfp.a(sfieeelib.o)
                              hal/sound/sndhw.32 (__addsf3)
D:/Users/Alex/Desktop/Banana/kernel/libsoftfp.a(dfieeelib.o)
                              hal/libresample/src_linear.32 (__adddf3)
D:/Users/Alex/Desktop/Banana/kernel/libsoftfp.a(sfdfcvt.o)
                              hal/libresample/samplerate.32 (__truncdfsf2)
D:/Users/Alex/Desktop/Banana/kernel/libk/libm32.a(s_fabs.c.o)
                              hal/libresample/samplerate.32 (fabs)
D:/Users/Alex/Desktop/Banana/kernel/libk/libm32.a(s_lrint.S.o)
                              hal/libresample/samplerate.32 (lrint)
D:/Users/Alex/Desktop/Banana/kernel/libk/libm32.a(s_lrintf.S.o)
                              hal/sound/sndhw.32 (lrintf)

Discarded input sections

 .comment       0x0000000000000000       0x12 /cygdrive/d/Users/Alex/Desktop/Toolchain/Output/bin/../lib/gcc/i386-banana/8.1.0/crtbegin.o
 .comment       0x0000000000000000       0x12 acpica/utclib.32
 .comment       0x0000000000000000       0x12 core/malloc.32
 .comment       0x0000000000000000       0x12 libk/string.32
 .comment       0x0000000000000000       0x12 fs/fat/diskio.32
 .comment       0x0000000000000000       0x12 fs/fat/ff.32
 .comment       0x0000000000000000       0x12 fs/fat/ffsystem.32
 .comment       0x0000000000000000       0x12 fs/fat/ffunicode.32
 .comment       0x0000000000000000       0x12 hal/libresample/samplerate.32
 .comment       0x0000000000000000       0x12 hal/libresample/src_linear.32
 .comment       0x0000000000000000       0x12 hal/libresample/src_sinc.32
 .comment       0x0000000000000000       0x12 hal/libresample/src_zoh.32
 .comment       0x0000000000000000       0x12 compat/inlines.32
 .group         0x0000000000000000       0x14 core/computer.32
 .group         0x0000000000000000        0xc core/computer.32
 .comment       0x0000000000000000       0x12 core/computer.32
 .comment       0x0000000000000000       0x12 core/gdt.32
 .group         0x0000000000000000        0xc core/idle.32
 .comment       0x0000000000000000       0x12 core/idle.32
 .comment       0x0000000000000000       0x12 core/idt.32
 .comment       0x0000000000000000       0x12 core/kheap.32
 .comment       0x0000000000000000       0x12 core/main.32
 .comment       0x0000000000000000       0x12 core/physmgr.32
 .group         0x0000000000000000        0xc core/pipe.32
 .comment       0x0000000000000000       0x12 core/pipe.32
 .group         0x0000000000000000        0xc core/terminal.32
 .comment       0x0000000000000000       0x12 core/terminal.32
 .comment       0x0000000000000000       0x12 core/tss.32
 .group         0x0000000000000000        0x8 core/unixfile.32
 .group         0x0000000000000000        0xc core/unixfile.32
 .group         0x0000000000000000        0xc core/unixfile.32
 .group         0x0000000000000000        0x8 core/unixfile.32
 .group         0x0000000000000000        0xc core/unixfile.32
 .group         0x0000000000000000        0x8 core/unixfile.32
 .group         0x0000000000000000        0xc core/unixfile.32
 .group         0x0000000000000000        0xc core/unixfile.32
 .comment       0x0000000000000000       0x12 core/unixfile.32
 .comment       0x0000000000000000       0x12 core/virtmgr.32
 .comment       0x0000000000000000       0x12 coreobjs/c++.32
 .comment       0x0000000000000000       0x12 dbg/kconsole.32
 .group         0x0000000000000000        0xc fs/vfs.32
 .group         0x0000000000000000        0xc fs/vfs.32
 .group         0x0000000000000000        0xc fs/vfs.32
 .comment       0x0000000000000000       0x12 fs/vfs.32
 .group         0x0000000000000000        0xc hal/bus.32
 .comment       0x0000000000000000       0x12 hal/bus.32
 .group         0x0000000000000000        0xc hal/buzzer.32
 .comment       0x0000000000000000       0x12 hal/buzzer.32
 .group         0x0000000000000000        0xc hal/clock.32
 .comment       0x0000000000000000       0x12 hal/clock.32
 .group         0x0000000000000000       0x14 hal/device.32
 .group         0x0000000000000000        0xc hal/device.32
 .group         0x0000000000000000        0xc hal/device.32
 .group         0x0000000000000000        0xc hal/device.32
 .group         0x0000000000000000        0xc hal/device.32
[...]
Memory Configuration

Name             Origin             Length             Attributes
*default*        0x0000000000000000 0xffffffffffffffff

Linker script and memory map

LOAD D:/Users/Alex/Desktop/Banana/kernel/boot.32
LOAD crti.32
LOAD /cygdrive/d/Users/Alex/Desktop/Toolchain/Output/bin/../lib/gcc/i386-banana/8.1.0/crtbegin.o
LOAD D:/Users/Alex/Desktop/Banana/kernel/morenasm.32
LOAD acpica/utclib.32
LOAD core/malloc.32
LOAD libk/string.32
LOAD fs/fat/diskio.32
LOAD fs/fat/ff.32
LOAD fs/fat/ffsystem.32
LOAD fs/fat/ffunicode.32
LOAD hal/libresample/samplerate.32
LOAD hal/libresample/src_linear.32
LOAD hal/libresample/src_sinc.32
LOAD hal/libresample/src_zoh.32
LOAD compat/inlines.32
LOAD core/computer.32
LOAD core/gdt.32
LOAD core/idle.32
LOAD core/idt.32
LOAD core/kheap.32
LOAD core/main.32
LOAD core/physmgr.32
LOAD core/pipe.32
LOAD core/terminal.32
LOAD core/tss.32
LOAD core/unixfile.32
LOAD core/virtmgr.32
LOAD coreobjs/c++.32
LOAD dbg/kconsole.32
LOAD fs/vfs.32
LOAD hal/bus.32
LOAD hal/buzzer.32
LOAD hal/clock.32
LOAD hal/device.32
LOAD hal/diskctrl.32
LOAD hal/diskphys.32
LOAD hal/fpu.32
LOAD hal/intctrl.32
LOAD hal/keybrd.32
LOAD hal/logidisk.32
LOAD hal/mouse.32
LOAD hal/partition.32
LOAD hal/serial.32
LOAD hal/timer.32
LOAD hal/vcache.32
LOAD hal/video.32
LOAD hw/acpi.32
LOAD hw/cpu.32
LOAD hw/ports.32
LOAD krnl/env.32
LOAD krnl/panic.32
LOAD net/ethernet.32
LOAD reg/registry.32
LOAD sys/sc_exit.32
LOAD sys/sc_getcwd.32
LOAD sys/sc_getpid.32
LOAD sys/sc_loaddll.32
LOAD sys/sc_read.32
LOAD sys/sc_sbrk.32
LOAD sys/sc_setcwd.32
LOAD sys/sc_write.32
LOAD sys/sc_yield.32
LOAD sys/syscalls.32
LOAD thr/elf.32
LOAD thr/prcssthr.32
LOAD vm86/vm8086.32
LOAD vm86/x87em.32
LOAD fs/fat/vfslink.32
LOAD fs/iso9660/vfslink.32
LOAD hal/sound/sndchannel.32
LOAD hal/sound/sndhw.32
LOAD hw/bus/isa.32
LOAD hw/bus/pci.32
LOAD hw/diskctrl/ide.32
LOAD hw/diskctrl/satabus.32
LOAD hw/diskphys/ata.32
LOAD hw/diskphys/atapi.32
LOAD hw/diskphys/sata.32
LOAD hw/fpu/avx.32
LOAD hw/fpu/mmx.32
LOAD hw/fpu/sse.32
LOAD hw/fpu/x87.32
LOAD hw/intctrl/apic.32
LOAD hw/intctrl/pic.32
LOAD hw/timer/apictimer.32
LOAD hw/timer/pit.32
LOAD hw/fpu/x86/avx.32
LOAD hw/fpu/x86/sse.32
LOAD hw/fpu/x86/x87.32
LOAD /cygdrive/d/Users/Alex/Desktop/Toolchain/Output/bin/../lib/gcc/i386-banana/8.1.0/crtend.o
LOAD crtn.32
LOAD /cygdrive/d/Users/Alex/Desktop/Toolchain/Output/bin/../lib/gcc/i386-banana/8.1.0/libkgcc.a
LOAD D:/Users/Alex/Desktop/Banana/kernel/libsoftfp.a
LOAD D:/Users/Alex/Desktop/Banana/kernel/libk/libm32.a
                0x00000000c0000000                . = 0xc0000000

.text           0x00000000c0000000    0x26f98
 *(.text)
 .text          0x00000000c0000000       0x41 D:/Users/Alex/Desktop/Banana/kernel/boot.32
                0x00000000c0000020                callGlobalConstructors
 .text          0x00000000c0000041        0x0 crti.32
 *fill*         0x00000000c0000041        0x3 
 .text          0x00000000c0000044      0x101 /cygdrive/d/Users/Alex/Desktop/Toolchain/Output/bin/../lib/gcc/i386-banana/8.1.0/crtbegin.o
 *fill*         0x00000000c0000145        0xb 
 .text          0x00000000c0000150      0x4a2 D:/Users/Alex/Desktop/Banana/kernel/morenasm.32
                0x00000000c0000150                prepareTramp
                0x00000000c0000169                voodooXADD
                0x00000000c0000234                doTPAUSE
                0x00000000c000023e                hasLegacyFPU
                0x00000000c0000263                is486
                0x00000000c0000299                detectCPUID
                0x00000000c00002af                goToVM86
                0x00000000c00002df                goToUsermode
                0x00000000c0000309                switchToThreadASMFirstTime
                0x00000000c0000317                switchToThreadASM
                0x00000000c000039f                asmQuickAcquireLock
                0x00000000c00003bd                asmQuickReleaseLock
                0x00000000c00003c9                asmAcquireLock
                0x00000000c00003ea                asmReleaseLock
                0x00000000c00003fd                loadGDT
                0x00000000c000041d                isr0
                0x00000000c000042d                isr1
                0x00000000c0000437                isr2
                0x00000000c0000441                isr3
                0x00000000c000044b                isr4
                0x00000000c0000455                isr5
                0x00000000c000045f                isr6
                0x00000000c0000469                isr7
                0x00000000c0000473                isr8
                0x00000000c000047b                isr9
                0x00000000c0000485                isr10
                0x00000000c000048d                isr11
                0x00000000c0000495                isr12
                0x00000000c000049d                isr13
                0x00000000c00004a5                isr14
                0x00000000c00004ad                isr15
                0x00000000c00004b7                isr16
                0x00000000c00004c1                isr17
                0x00000000c00004cb                isr18
                0x00000000c00004d5                irq3
                0x00000000c00004df                irq4
                0x00000000c00004e9                irq5
                0x00000000c00004f3                irq6
                0x00000000c00004fd                irq7
                0x00000000c0000507                irq8
                0x00000000c0000511                irq9
                0x00000000c000051b                irq10
                0x00000000c0000525                irq11
                0x00000000c000052f                irq12
                0x00000000c0000539                irq13
                0x00000000c0000543                irq14
                0x00000000c000054d                irq15
                0x00000000c0000557                irq1
                0x00000000c000055e                irq2
                0x00000000c0000565                isr96
                0x00000000c000056c                irq0
                0x00000000c0000571                syscall_common_stub
                0x00000000c0000571                int_common_stub
                0x00000000c00005a2                irq16
                0x00000000c00005ac                irq17
                0x00000000c00005b6                irq18
                0x00000000c00005c0                irq19
                0x00000000c00005ca                irq20
                0x00000000c00005d4                irq21
                0x00000000c00005de                irq22
                0x00000000c00005e8                irq23
 .text          0x00000000c00005f2      0x40f acpica/utclib.32
                0x00000000c00005f2                memcmp
                0x00000000c000061d                memmove
                0x00000000c0000655                memcpy
                0x00000000c000068b                memset
                0x00000000c00006a8                strlen
                0x00000000c00006b8                strpbrk
                0x00000000c00006db                strtok
                0x00000000c000072a                strcpy
                0x00000000c000074a                strncpy
                0x00000000c000077b                strcmp
                0x00000000c000079c                strchr
                0x00000000c00007b2                strncmp
                0x00000000c00007e1                strcat
                0x00000000c0000808                strncat
                0x00000000c0000842                strstr
                0x00000000c000087f                toupper
                0x00000000c0000893                tolower
                0x00000000c00008a7                simple_strtoul
 .text          0x00000000c0000a01      0xfbf core/malloc.32
                0x00000000c0000b6c                dlfree
                0x00000000c0000ec7                dlmalloc
                0x00000000c0001404                dlrealloc
                0x00000000c00015b9                dlmemalign
                0x00000000c00016dc                dlcalloc
                0x00000000c0001776                dlcfree
                0x00000000c000177b                dlindependent_calloc
                0x00000000c00017a0                dlindependent_comalloc
                0x00000000c00017b7                dlvalloc
                0x00000000c00017e2                dlpvalloc
                0x00000000c0001818                dlmalloc_trim
                0x00000000c0001825                dlmalloc_usable_size
                0x00000000c0001856                dlmallinfo
                0x00000000c0001925                dlmalloc_stats
                0x00000000c0001936                dlmallopt
 .text          0x00000000c00019c0        0x0 libk/string.32
 .text          0x00000000c00019c0       0x51 fs/fat/diskio.32
                0x00000000c00019c0                disk_status
                0x00000000c00019c3                disk_initialize
                0x00000000c00019c6                disk_read
                0x00000000c00019dc                disk_write
                0x00000000c00019f2                disk_ioctl
 .text          0x00000000c0001a11     0x6833 fs/fat/ff.32
                0x00000000c0004cdf                f_mount
                0x00000000c0004d41                f_open
                0x00000000c000517d                f_read
                0x00000000c00053fd                f_write
                0x00000000c00056b7                f_sync
                0x00000000c0005893                f_close
                0x00000000c00058c2                f_lseek
                0x00000000c0005d79                f_opendir
                0x00000000c0005e7b                f_closedir
                0x00000000c0005e9d                f_readdir
                0x00000000c0005f38                f_stat
                0x00000000c0005fc7                f_getfree
                0x00000000c0006192                f_truncate
                0x00000000c000628a                f_unlink
                0x00000000c000640d                f_mkdir
                0x00000000c0006639                f_rename
                0x00000000c000692c                f_chmod
                0x00000000c0006a0a                f_utime
                0x00000000c0006ae8                f_getlabel
                0x00000000c0006cd6                f_setlabel
                0x00000000c0006f43                f_forward
                0x00000000c0007121                f_mkfs
 .text          0x00000000c0008244       0x2d fs/fat/ffsystem.32
                0x00000000c0008244                ff_memalloc
                0x00000000c000825a                ff_memfree
 .text          0x00000000c0008271      0x253 fs/fat/ffunicode.32
                0x00000000c0008271                ff_uni2oem
                0x00000000c0008301                ff_oem2uni
                0x00000000c000836d                ff_wtoupper
 .text          0x00000000c00084c4      0x8fb hal/libresample/samplerate.32
                0x00000000c0008508                src_delete
                0x00000000c0008544                src_process
                0x00000000c00086fa                src_callback_read
                0x00000000c0008877                src_set_ratio
                0x00000000c00088e1                src_get_channels
                0x00000000c0008903                src_reset
                0x00000000c000894f                src_new
                0x00000000c00089dd                src_callback_new
                0x00000000c0008a3f                src_get_name
                0x00000000c0008a76                src_get_description
                0x00000000c0008aad                src_get_version
                0x00000000c0008ab3                src_is_valid_ratio
                0x00000000c0008b07                src_error
                0x00000000c0008b15                src_strerror
                0x00000000c0008b28                src_simple
                0x00000000c0008b7b                src_short_to_float_array
                0x00000000c0008be0                src_float_to_short_array
                0x00000000c0008c9f                src_int_to_float_array
                0x00000000c0008d02                src_float_to_int_array
 .text          0x00000000c0008dbf      0x8cb hal/libresample/src_linear.32
                0x00000000c00095e5                linear_get_name
                0x00000000c00095f4                linear_get_description
                0x00000000c0009603                linear_set_converter
 .text          0x00000000c000968a     0x447c hal/libresample/src_sinc.32
                0x00000000c000da1d                sinc_get_name
                0x00000000c000da30                sinc_get_description
                0x00000000c000da43                sinc_set_converter
 .text          0x00000000c000db06      0x77c hal/libresample/src_zoh.32
                0x00000000c000e1dd                zoh_get_name
                0x00000000c000e1ec                zoh_get_description
                0x00000000c000e1fb                zoh_set_converter
 .text          0x00000000c000e282       0x23 compat/inlines.32
                0x00000000c000e282                CPU::current()
                0x00000000c000e28f                operator new(unsigned long)
 *fill*         0x00000000c000e2a5        0x1 
 .text          0x00000000c000e2a6      0xa0b core/computer.32
                0x00000000c000e2a6                Computer::close(int, int, void*)
                0x00000000c000e2ea                Computer::Computer()
                0x00000000c000e2ea                Computer::Computer()
                0x00000000c000e446                Computer::setBootMessage(char const*)
                0x00000000c000e448                Computer::start()
                0x00000000c000e51e                firstTask()
                0x00000000c000e52c                Computer::detectFeatures()
                0x00000000c000e736                Computer::displayFeatures()
                0x00000000c000ea7c                Computer::rdmsr(unsigned int)
                0x00000000c000eaa8                Computer::wrmsr(unsigned int, unsigned long long)
                0x00000000c000eae0                Computer::nmiEnabled()
                0x00000000c000eaec                Computer::readCMOS(unsigned char)
                0x00000000c000eb06                Computer::enableNMI(bool)
                0x00000000c000eb1e                Computer::open(int, int, void*)
                0x00000000c000ebf4                Computer::disableNMI()
                0x00000000c000ec02                Computer::writeCMOS(unsigned char, unsigned char)
                0x00000000c000ec20                Computer::handleNMI()
                0x00000000c000ec86                Computer::setDiskActivityLight(int, bool)
 *fill*         0x00000000c000ecb1        0x1 
 .text          0x00000000c000ecb2      0x1b7 core/gdt.32
                0x00000000c000ecb2                GDTEntry::setBase(unsigned int)
                0x00000000c000ecce                GDTEntry::setLimit(unsigned int)
                0x00000000c000ecec                GDT::GDT()
                0x00000000c000ecec                GDT::GDT()
                0x00000000c000ed02                GDT::addEntry(GDTEntry)
                0x00000000c000ed3e                GDT::getNumberOfEntries()
                0x00000000c000ed46                GDT::flush()
                0x00000000c000ed68                GDT::setup()
 .text          0x00000000c000ee69       0x62 core/idle.32
                0x00000000c000ee69                idleFunction(void*)
 *fill*         0x00000000c000eecb        0x1 
 .text          0x00000000c000eecc      0x45f core/idt.32
                0x00000000c000eecc                IDTEntry::IDTEntry(bool)
                0x00000000c000eecc                IDTEntry::IDTEntry(bool)
                0x00000000c000ef3a                IDTEntry::setOffset(unsigned int)
                0x00000000c000ef4e                IDT::IDT()
                0x00000000c000ef4e                IDT::IDT()
                0x00000000c000ef50                IDT::getPointerToInvalidOpcodeEntryForF00F()
                0x00000000c000ef58                IDT::addEntry(IDTEntry, int)
                0x00000000c000ef72                IDT::addEntry(int, void (*)(), bool)
                0x00000000c000efaa                IDT::flush()
                0x00000000c000efc4                IDT::setup()
 .text          0x00000000c000f32b      0x203 core/kheap.32
                0x00000000c000f32b                sbrk
                0x00000000c000f439                mmap
                0x00000000c000f44f                munmap
                0x00000000c000f465                liballoc_lock()
                0x00000000c000f476                liballoc_unlock()
                0x00000000c000f487                liballoc_alloc(int)
                0x00000000c000f4a2                liballoc_free(void*, int)
                0x00000000c000f4c0                realloc
                0x00000000c000f4d4                malloc
                0x00000000c000f4e4                free
                0x00000000c000f4f4                rfree
                0x00000000c000f504                calloc
 .text          0x00000000c000f52e      0x38d core/main.32
                0x00000000c000f52e                hwTextMode_loadInData(VgaText*)
                0x00000000c000f573                hwTextMode_loadInTitle(VgaText*, char*)
                0x00000000c000f5b5                hwTextMode_showCursor(VgaText*, bool)
                0x00000000c000f609                hwTextMode_update(VgaText*)
                0x00000000c000f60a                hwTextMode_updateCursor(VgaText*)
                0x00000000c000f652                hwTextMode_disableBlink(VgaText*, bool)
                0x00000000c000f68e                hwTextMode_scrollScreen(VgaText*)
                0x00000000c000f714                hwTextMode_writeCharacter(VgaText*, char, VgaColour, VgaColour, int, int)
                0x00000000c000f772                setupTextMode()
                0x00000000c000f7c3                kernel_main
 .text          0x00000000c000f8bb      0x54d core/physmgr.32
                0x00000000c000f8bb                Phys::allocateDMA(unsigned long)
                0x00000000c000f95e                Phys::freeDMA(unsigned long, unsigned long)
                0x00000000c000f9a6                Phys::setPageState(unsigned long, bool)
                0x00000000c000f9d8                Phys::getPageState(unsigned long)
                0x00000000c000f9f4                Phys::freePage(unsigned long)
                0x00000000c000fa7e                Phys::allocatePage()
                0x00000000c000fb46                Phys::allocateContiguousPages(int)
                0x00000000c000fba0                Phys::allowSegmentToBeUsed(unsigned long, unsigned long)
                0x00000000c000fbd8                Phys::physicalMemorySetup(unsigned int)
 .text          0x00000000c000fe08      0x273 core/pipe.32
                0x00000000c000fe08                Pipe::isAtty()
                0x00000000c000fe0c                Pipe::~Pipe()
                0x00000000c000fe0c                Pipe::~Pipe()
                0x00000000c000fe30                Pipe::~Pipe()
                0x00000000c000fe58                Pipe::read(unsigned long long, void*, int*)
                0x00000000c000ff4c                Pipe::write(unsigned long long, void*, int*)
                0x00000000c0010014                Pipe::Pipe(int)
                0x00000000c0010014                Pipe::Pipe(int)
 *fill*         0x00000000c001007b        0x1 
 .text          0x00000000c001007c      0xf95 core/terminal.32
                0x00000000c001007c                VgaText::isAtty()
                0x00000000c0010080                VgaText::~VgaText()
                0x00000000c0010080                VgaText::~VgaText()
                0x00000000c00100a4                VgaText::~VgaText()
                0x00000000c00100ce                VgaText::read(unsigned long long, void*, int*)
                0x00000000c00100ee                setTerminalScrollLock(bool)
                0x00000000c00100ef                addToTerminalCycle(VgaText*)
                0x00000000c001011c                installVgaTextImplementation()
                0x00000000c0010131                scrollTerminalScrollLock(int)
                0x00000000c0010132                VgaText::load()
                0x00000000c0010186                VgaText::updateCursor()
                0x00000000c00101a0                VgaText::showCursor(bool)
                0x00000000c00101b0                VgaText::disableBlink(bool)
                0x00000000c00101ea                VgaText::doANSI_SGR(int)
                0x00000000c0010276                VgaText::setDefaultBgColour(VgaColour)
                0x00000000c001028c                VgaText::setDefaultFgColour(VgaColour)
                0x00000000c00102a2                VgaText::setDefaultColours(VgaColour, VgaColour)
                0x00000000c00102c2                VgaText::combineColours(unsigned char, unsigned char)
                0x00000000c00102d4                VgaText::scrollScreen()
                0x00000000c0010368                VgaText::combineCharAndColour(char, unsigned char)
                0x00000000c001037a                VgaText::writeCharacter(char, VgaColour, VgaColour, int, int)
                0x00000000c00103da                VgaText::getCursorX()
                0x00000000c00103e6                VgaText::getCursorY()
                0x00000000c00103f2                VgaText::setCursor(int, int)
                0x00000000c0010410                VgaText::setCursorX(int)
                0x00000000c001042c                VgaText::setCursorY(int)
                0x00000000c0010448                VgaText::incrementCursor(bool)
                0x00000000c00104b0                VgaText::updateRAMUsageDisplay(int)
                0x00000000c0010514                VgaText::updateDiskUsage()
                0x00000000c001067e                VgaText::updateTitle()
                0x00000000c00106c4                VgaText::setTitleTextColour(VgaColour)
                0x00000000c00106d4                VgaText::setTitleColour(VgaColour)
                0x00000000c00106e4                VgaText::setTitle(char*)
                0x00000000c001070a                VgaText::decrementCursor(bool)
                0x00000000c0010732                VgaText::putchar(char, VgaColour, VgaColour)
                0x00000000c001082e                VgaText::isShowingCursor()
                0x00000000c001083a                VgaText::isBlinkDisabled()
                0x00000000c0010848                VgaText::setCursorHeight(int)
                0x00000000c0010866                VgaText::getCursorHeight()
                0x00000000c0010871                setActiveTerminal(VgaText*)
                0x00000000c0010923                doTerminalCycle()
                0x00000000c0010940                VgaText::doUpdate()
                0x00000000c0010952                VgaText::puts(char const*, VgaColour, VgaColour)
                0x00000000c0010b12                VgaText::clearScreen()
                0x00000000c0010b76                VgaText::putchar(char)
                0x00000000c0010c90                VgaText::puts(char const*)
                0x00000000c0010cb6                VgaText::putx(unsigned int)
                0x00000000c0010cfc                VgaText::VgaText(char const*)
                0x00000000c0010cfc                VgaText::VgaText(char const*)
                0x00000000c0010eb0                VgaText::receiveKey(unsigned char)
                0x00000000c0010f98                VgaText::write(unsigned long long, void*, int*)
                0x00000000c0010fec                newTerminal(char*)
 *fill*         0x00000000c0011011        0x1 
 .text          0x00000000c0011012      0x1b3 core/tss.32
                0x00000000c0011012                TSS::TSS()
                0x00000000c0011012                TSS::TSS()
                0x00000000c0011020                TSS::setESP(unsigned long)
                0x00000000c0011032                TSS::flush()
                0x00000000c0011052                TSS::setup(unsigned long, unsigned long)
 *fill*         0x00000000c00111c5        0x1 
 .text          0x00000000c00111c6      0x4c2 core/unixfile.32
                0x00000000c00111c6                ReservedFilename::read(unsigned long long, void*, int*)
                0x00000000c001121c                ReservedFilename::isAtty()
                0x00000000c0011238                ReservedFilename::write(unsigned long long, void*, int*)
                0x00000000c0011296                UnixFile::getFileDescriptor()
                0x00000000c001129e                UnixFile::UnixFile(int)
                0x00000000c001129e                UnixFile::UnixFile(int)
                0x00000000c001144e                ReservedFilename::ReservedFilename(int)
                0x00000000c001144e                ReservedFilename::ReservedFilename(int)
                0x00000000c0011480                UnixFile::~UnixFile()
                0x00000000c0011480                UnixFile::~UnixFile()
                0x00000000c0011518                UnixFile::~UnixFile()
                0x00000000c0011540                ReservedFilename::~ReservedFilename()
                0x00000000c0011540                ReservedFilename::~ReservedFilename()
                0x00000000c0011564                ReservedFilename::~ReservedFilename()
                0x00000000c001158b                getFromFileDescriptor(int)
 .text          0x00000000c0011688      0xee3 core/virtmgr.32
                0x00000000c0011688                Virt::setPageState(unsigned long, Virt::VirtPageState)
                0x00000000c00116bd                Virt::getPageState(unsigned long)
                0x00000000c00116e1                Virt::allocateKernelVirtualPages(int)
                0x00000000c00117f2                Virt::virtualMemorySetup()
                0x00000000c0011871                Virt::getAKernelVAS()
                0x00000000c0011877                Virt::setupPageSwapping(int)
                0x00000000c00119a6                VAS::VAS()
                0x00000000c00119a6                VAS::VAS()
                0x00000000c00119d6                VAS::VAS(VAS*)
                0x00000000c00119d6                VAS::VAS(VAS*)
                0x00000000c00119fa                VAS::getForeignPageTableEntry(bool, unsigned long)
                0x00000000c0011a26                VAS::getPageTableEntry(unsigned long)
                0x00000000c0011a45                Virt::freeKernelVirtualPages(unsigned long)
                0x00000000c0011b68                VAS::freeAllocatedPages(unsigned long)
                0x00000000c0011b8c                VAS::virtualToPhysical(unsigned long)
                0x00000000c0011ba4                VAS::reflagRange(unsigned long, int, int, int)
                0x00000000c0011be4                VAS::setToWriteCombining(unsigned long, int)
                0x00000000c0011c16                VAS::mapOtherVASIn(bool, VAS*)
                0x00000000c0011c40                VAS::~VAS()
                0x00000000c0011c40                VAS::~VAS()
                0x00000000c0011dac                VAS::mapPage(unsigned long, unsigned long, int)
                0x00000000c0011eac                VAS::allocatePages(int, int)
                0x00000000c0012084                VAS::setCPUSpecific(unsigned long)
                0x00000000c00120a0                VAS::mapRange(unsigned long, unsigned long, int, int)
                0x00000000c0012166                VAS::mapForeignPage(bool, VAS*, unsigned long, unsigned long, int)
                0x00000000c0012254                VAS::VAS(bool)
                0x00000000c0012254                VAS::VAS(bool)
                0x00000000c00124af                mapVASFirstTime
 .text          0x00000000c001256b       0x95 coreobjs/c++.32
                0x00000000c001256b                __cxa_atexit
                0x00000000c001256e                __cxa_finalize
                0x00000000c001256f                __stack_chk_fail
                0x00000000c00125db                __cxa_pure_virtual
                0x00000000c00125ec                operator new[](unsigned long)
                0x00000000c00125f1                operator delete(void*, unsigned long)
                0x00000000c00125f6                operator delete[](void*)
                0x00000000c00125fb                operator delete[](void*, unsigned long)
 .text          0x00000000c0012600      0x1ef dbg/kconsole.32
                0x00000000c0012600                Dbg::stringifyxWithBase(unsigned int, char*, int)
                0x00000000c0012661                Dbg::logc(char)
                0x00000000c0012678                Dbg::logs(char*)
                0x00000000c0012695                Dbg::logWriteInt(unsigned int)
                0x00000000c00126b2                Dbg::logWriteIntBase(unsigned int, int)
                0x00000000c00126d1                Dbg::kprintf(char const*, ...)
 *fill*         0x00000000c00127ef        0x1 
 .text          0x00000000c00127f0      0xb7c fs/vfs.32
                0x00000000c00127f0                File::read(unsigned long long, void*, int*)
                0x00000000c0012848                File::write(unsigned long long, void*, int*)
                0x00000000c00128a0                Directory::read(unsigned long long, void*, int*)
                0x00000000c00128f8                Directory::write(unsigned long long, void*, int*)
                0x00000000c0012926                File::isAtty()
                0x00000000c001292a                Directory::isAtty()
                0x00000000c001292e                Filesystem::getlabel(LogicalDisk*, int, char*, unsigned int*)
                0x00000000c0012934                Filesystem::setlabel(LogicalDisk*, int, char*)
                0x00000000c001293a                File::~File()
                0x00000000c001293a                File::~File()
                0x00000000c001295e                File::~File()
                0x00000000c0012988                Directory::~Directory()
                0x00000000c0012988                Directory::~Directory()
                0x00000000c00129ac                Directory::~Directory()
                0x00000000c00129d6                Filesystem::Filesystem()
                0x00000000c00129d6                Filesystem::Filesystem()
                0x00000000c00129fa                Filesystem::~Filesystem()
                0x00000000c00129fa                Filesystem::~Filesystem()
                0x00000000c0012a08                Filesystem::~Filesystem()
                0x00000000c0012a2c                initVFS()
                0x00000000c0012a56                standardiseFiles(char*, char const*, char const*)
                0x00000000c0012c00                File::File(char const*, Process*)
                0x00000000c0012c00                File::File(char const*, Process*)
                0x00000000c0012c64                File::open(FileOpenMode)
                0x00000000c0012cc2                File::close()
                0x00000000c0012d22                File::seek(unsigned long long)
                0x00000000c0012d78                File::tell(unsigned long long*)
                0x00000000c0012dc8                File::rewind()
                0x00000000c0012ddc                File::unlink()
                0x00000000c0012e28                File::rename(char const*)
                0x00000000c0012e76                File::chfatattr(unsigned char, unsigned char)
                0x00000000c0012ed2                File::exists()
                0x00000000c0012f10                File::stat(unsigned long long*, bool*)
                0x00000000c0012f71                getcwd(Process*, char*, int)
                0x00000000c0012f9b                setcwd(Process*, char*)
                0x00000000c00130d6                Directory::Directory(char const*, Process*)
                0x00000000c00130d6                Directory::Directory(char const*, Process*)
                0x00000000c001313a                Directory::open()
                0x00000000c0013196                Directory::close()
                0x00000000c00131f6                Directory::unlink()
                0x00000000c0013242                Directory::rename(char const*)
                0x00000000c0013290                Directory::exists()
                0x00000000c00132ce                Directory::read(dirent*)
                0x00000000c001331a                Directory::create()
                0x00000000c0013366                Filesystem::chfatattr(char const*, unsigned char, unsigned char)
 .text          0x00000000c001336c       0x84 hal/bus.32
                0x00000000c001336c                Bus::Bus(char const*)
                0x00000000c001336c                Bus::Bus(char const*)
                0x00000000c00133a2                Bus::~Bus()
                0x00000000c00133a2                Bus::~Bus()
                0x00000000c00133c6                Bus::~Bus()
 .text          0x00000000c00133f0      0x14e hal/buzzer.32
                0x00000000c00133f0                Buzzer::Buzzer(char const*)
                0x00000000c00133f0                Buzzer::Buzzer(char const*)
                0x00000000c0013434                Buzzer::~Buzzer()
                0x00000000c0013434                Buzzer::~Buzzer()
                0x00000000c0013458                Buzzer::~Buzzer()
                0x00000000c0013482                Buzzer::stop()
                0x00000000c0013495                beepThread(void*)
                0x00000000c00134d0                Buzzer::beep(int, int, bool)
 .text          0x00000000c001353e      0x42f hal/clock.32
                0x00000000c001353e                loadClockSettings()
                0x00000000c0013558                Clock::Clock(char const*)
                0x00000000c0013558                Clock::Clock(char const*)
                0x00000000c001358e                Clock::~Clock()
                0x00000000c001358e                Clock::~Clock()
                0x00000000c00135b2                Clock::~Clock()
                0x00000000c00135dc                Clock::timeInSecondsLocal()
                0x00000000c0013624                Clock::setTimeInSecondsLocal(unsigned long long)
                0x00000000c001367d                datetimeToSeconds(datetime_t)
                0x00000000c00137a4                Clock::setTimeInDatetimeLocal(datetime_t)
                0x00000000c0013804                secondsToDatetime(unsigned long long)
                0x00000000c0013948                Clock::timeInDatetimeLocal()
 *fill*         0x00000000c001396d        0x1 
 .text          0x00000000c001396e      0x4de hal/device.32
                0x00000000c001396e                Device::hibernate()
                0x00000000c0013970                Device::wake()
                0x00000000c0013972                Device::detect()
                0x00000000c0013974                Device::disableLegacy()
                0x00000000c0013976                Device::powerSaving(PowerSavingLevel)
                0x00000000c0013978                DriverlessDevice::close(int, int, void*)
                0x00000000c001397c                DriverlessDevice::detect()
                0x00000000c001397e                DriverlessDevice::open(int, int, void*)
                0x00000000c0013992                Device::~Device()
                0x00000000c0013992                Device::~Device()
                0x00000000c00139a0                Device::~Device()
                0x00000000c00139c8                Device::findAndLoadDriver()
                0x00000000c00139ca                Device::preOpenPCI(PCIDeviceInfo)
                0x00000000c00139f0                Device::preOpenACPI(void*, char*, char*)
                0x00000000c0013a44                Device::addIRQHandler(int, void (*)(regs*, void*), bool, void*)
                0x00000000c0013a82                Device::removeIRQHandler(int, void (*)(regs*, void*), bool)
                0x00000000c0013ac0                Device::addChild(Device*)
                0x00000000c0013b04                Device::removeAllChildren()
                0x00000000c0013b4a                Device::hibernateAll()
                0x00000000c0013b7a                Device::wakeAll()
                0x00000000c0013baa                Device::detectAll()
                0x00000000c0013bda                Device::disableLegacyAll()
                0x00000000c0013c0a                Device::loadDriversForAll()
                0x00000000c0013c36                Device::closeAll()
                0x00000000c0013c6c                Device::powerSavingAll(PowerSavingLevel)
                0x00000000c0013ca2                Device::setName(char const*)
                0x00000000c0013cb0                Device::Device(char const*)
                0x00000000c0013cb0                Device::Device(char const*)
                0x00000000c0013dac                Device::getName()
                0x00000000c0013db6                DriverlessDevice::DriverlessDevice(char const*)
                0x00000000c0013db6                DriverlessDevice::DriverlessDevice(char const*)
                0x00000000c0013dde                Device::addToLinkedList(LinkedList<Device>&, DeviceType)
                0x00000000c0013e22                getDevicesOfType(DeviceType)
 .text          0x00000000c0013e4c       0x84 hal/diskctrl.32
                0x00000000c0013e4c                HardDiskController::HardDiskController(char const*)
                0x00000000c0013e4c                HardDiskController::HardDiskController(char const*)
                0x00000000c0013e82                HardDiskController::~HardDiskController()
                0x00000000c0013e82                HardDiskController::~HardDiskController()
                0x00000000c0013ea6                HardDiskController::~HardDiskController()
 .text          0x00000000c0013ed0       0xde hal/diskphys.32
                0x00000000c0013ed0                PhysicalDisk::PhysicalDisk(char const*, int)
                0x00000000c0013ed0                PhysicalDisk::PhysicalDisk(char const*, int)
                0x00000000c0013f38                PhysicalDisk::startCache()
                0x00000000c0013f60                PhysicalDisk::~PhysicalDisk()
                0x00000000c0013f60                PhysicalDisk::~PhysicalDisk()
                0x00000000c0013f84                PhysicalDisk::~PhysicalDisk()
 .text          0x00000000c0013fae      0x13b hal/fpu.32
                0x00000000c0013fae                FPU::FPU(char const*)
                0x00000000c0013fae                FPU::FPU(char const*)
                0x00000000c0013fe4                FPU::~FPU()
                0x00000000c0013fe4                FPU::~FPU()
                0x00000000c0014008                FPU::~FPU()
                0x00000000c0014032                setupFPU()
 *fill*         0x00000000c00140e9        0x1 
 .text          0x00000000c00140ea     0x12b1 hal/intctrl.32
                0x00000000c00140ea                InterruptController::uninstallISRHandler(int, void (*)(regs*, void*))
                0x00000000c0014122                InterruptController::installISRHandler(int, void (*)(regs*, void*), void*)
                0x00000000c0014174                doubleFault(regs*, void*)
                0x00000000c001418e                InterruptController::installIRQHandler(int, void (*)(regs*, void*), bool, void*)
                0x00000000c001422a                InterruptController::clearAllHandlers(int, bool)
                0x00000000c00142d2                InterruptController::uninstallIRQHandler(int, void (*)(regs*, void*), bool)
                0x00000000c0014359                nmiHandler(regs*, void*)
                0x00000000c0014367                int_handler
                0x00000000c0014408                InterruptController::InterruptController(char const*)
                0x00000000c0014408                InterruptController::InterruptController(char const*)
                0x00000000c00144ae                InterruptController::~InterruptController()
                0x00000000c00144ae                InterruptController::~InterruptController()
                0x00000000c00144d2                InterruptController::~InterruptController()
                0x00000000c00144fc                displayDebugInfo(regs*)
                0x00000000c0014901                x87EmulHandler(regs*, void*)
                0x00000000c0014930                gpFault(regs*, void*)
                0x00000000c0014969                pgFault(regs*, void*)
                0x00000000c0014980                otherISRHandler(regs*, void*)
                0x00000000c001499f                opcodeFault(regs*, void*)
                0x00000000c0014f5e                displayProgramFault(char const*)
                0x00000000c0014f86                setupInterruptController()
                0x00000000c001534e                InterruptController::convertLegacyIRQNumber(int)
 *fill*         0x00000000c001539b        0x1 
 .text          0x00000000c001539c      0x69a hal/keybrd.32
                0x00000000c001539c                startGUI(void*)
                0x00000000c00153f8                startGUIVESA(void*)
                0x00000000c0015454                sendKeyToTerminal(unsigned char)
                0x00000000c00154c0                sendKeyboardToken(KeyboardToken)
                0x00000000c00158d0                clearInternalKeybuffer(VgaText*)
                0x00000000c0015905                readKeyboard(VgaText*, char*, unsigned long)
                0x00000000c00159ac                Keyboard::Keyboard(char const*)
                0x00000000c00159ac                Keyboard::Keyboard(char const*)
                0x00000000c00159e8                Keyboard::~Keyboard()
                0x00000000c00159e8                Keyboard::~Keyboard()
                0x00000000c0015a0c                Keyboard::~Keyboard()
 .text          0x00000000c0015a36      0x400 hal/logidisk.32
                0x00000000c0015a36                LogicalDisk::close(int, int, void*)
                0x00000000c0015a3a                LogicalDisk::~LogicalDisk()
                0x00000000c0015a3a                LogicalDisk::~LogicalDisk()
                0x00000000c0015a5e                LogicalDisk::~LogicalDisk()
                0x00000000c0015a88                LogicalDisk::open(int, int, void*)
                0x00000000c0015a9c                LogicalDisk::absoluteToRelative(unsigned long long)
                0x00000000c0015ad4                LogicalDisk::relativeToAbsolute(unsigned long long)
                0x00000000c0015b1a                LogicalDisk::LogicalDisk(char const*, PhysicalDisk*, unsigned long long, unsigned long long)
                0x00000000c0015b1a                LogicalDisk::LogicalDisk(char const*, PhysicalDisk*, unsigned long long, unsigned long long)
                0x00000000c0015bd0                LogicalDisk::assignDriveLetter()
                0x00000000c0015c86                LogicalDisk::mount()
                0x00000000c0015cf8                LogicalDisk::unmount()
                0x00000000c0015d08                LogicalDisk::unassignDriveLetter()
                0x00000000c0015d5e                LogicalDisk::read(unsigned long long, int, void*)
                0x00000000c0015dca                LogicalDisk::write(unsigned long long, int, void*)
 .text          0x00000000c0015e36       0x84 hal/mouse.32
                0x00000000c0015e36                Mouse::Mouse(char const*)
                0x00000000c0015e36                Mouse::Mouse(char const*)
                0x00000000c0015e6c                Mouse::~Mouse()
                0x00000000c0015e6c                Mouse::~Mouse()
                0x00000000c0015e90                Mouse::~Mouse()
 .text          0x00000000c0015eba      0x339 hal/partition.32
                0x00000000c0015eba                makePartition(PhysicalDisk*, unsigned long long, unsigned long long)
                0x00000000c0015f62                createPartitionsForDisk(PhysicalDisk*)
 *fill*         0x00000000c00161f3        0x1 
 .text          0x00000000c00161f4       0x84 hal/serial.32
                0x00000000c00161f4                Serial::Serial(char const*)
                0x00000000c00161f4                Serial::Serial(char const*)
                0x00000000c001622a                Serial::~Serial()
                0x00000000c001622a                Serial::~Serial()
                0x00000000c001624e                Serial::~Serial()
 .text          0x00000000c0016278      0x2b8 hal/timer.32
                0x00000000c0016278                Timer::Timer(char const*)
                0x00000000c0016278                Timer::Timer(char const*)
                0x00000000c00162ae                Timer::~Timer()
                0x00000000c00162ae                Timer::~Timer()
                0x00000000c00162d2                Timer::~Timer()
                0x00000000c00162fc                Timer::read()
                0x00000000c0016307                timerHandler(unsigned long long)
                0x00000000c001643e                setupTimer(int)
 .text          0x00000000c0016530      0x2db hal/vcache.32
                0x00000000c0016530                VCache::VCache(PhysicalDisk*)
                0x00000000c0016530                VCache::VCache(PhysicalDisk*)
                0x00000000c001662a                VCache::writeWriteBuffer()
                0x00000000c0016666                VCache::~VCache()
                0x00000000c0016666                VCache::~VCache()
                0x00000000c00166a6                VCache::~VCache()
                0x00000000c00166ce                VCache::write(unsigned long long, int, void*)
                0x00000000c00167b2                VCache::read(unsigned long long, int, void*)
 *fill*         0x00000000c001680b        0x1 
 .text          0x00000000c001680c      0x4cd hal/video.32
                0x00000000c001680c                Video::putrect(int, int, int, int, unsigned int)
                0x00000000c0016858                Video::bitblit(int, int, int, int, int, int, int, unsigned int*)
                0x00000000c00168c8                Video::blit(unsigned int*, int, int, int, int)
                0x00000000c0016946                Video::clearScreen(unsigned int)
                0x00000000c001697a                Video::putpixel(int, int, unsigned int)
                0x00000000c0016988                Video::Video(char const*)
                0x00000000c0016988                Video::Video(char const*)
                0x00000000c00169be                Video::~Video()
                0x00000000c00169be                Video::~Video()
                0x00000000c00169e2                Video::~Video()
                0x00000000c0016a0c                Video::isMonochrome()
                0x00000000c0016a18                Video::getWidth()
                0x00000000c0016a24                Video::getHeight()
                0x00000000c0016a30                Video::drawCursor(int, int, unsigned char*, int)
                0x00000000c0016aec                Video::tgaParse(unsigned char*, int, int*, int*)
                0x00000000c0016c6e                Video::putTGA(int, int, unsigned char*, int)
 *fill*         0x00000000c0016cd9        0x1 
 .text          0x00000000c0016cda      0xe28 hw/acpi.32
                0x00000000c0016cda                ACPI::close(int, int, void*)
                0x00000000c0016d8f                findRSDP()
                0x00000000c0016e19                loadACPITables(unsigned char*)
                0x00000000c0017040                findRSDT(unsigned char*)
                0x00000000c001715e                findDataTable(unsigned char*, char*)
                0x00000000c00171fa                scanMADT()
                0x00000000c0017680                ACPI::ACPI()
                0x00000000c0017680                ACPI::ACPI()
                0x00000000c00176e0                ACPI::getPCIIRQAssignment(unsigned char, unsigned short, unsigned char)
                0x00000000c00177c2                ACPI::registerPCIIRQAssignment(void*, unsigned short, unsigned char, unsigned char)
                0x00000000c00178c8                ACPI::setScreenBrightnessLevel(void*, int)
                0x00000000c00178ce                ACPI::writeSimpleBootFlag(SimpleBootFlagTable*)
                0x00000000c0017916                ACPI::open(int, int, void*)
                0x00000000c0017aea                ACPI::sleep()
 .text          0x00000000c0017b02     0x1715 hw/cpu.32
                0x00000000c0017b02                CPU::close(int, int, void*)
                0x00000000c0017b06                CPU::lookupAMDName(unsigned char, unsigned char)
                0x00000000c0017c9a                CPU::lookupIntelName(unsigned char, unsigned char)
                0x00000000c0017f48                CPU::AMD_K6_write_msr(unsigned int, unsigned int, unsigned int, CPU::REGS*)
                0x00000000c0017f64                CPU::AMD_K6_read_msr(unsigned int, CPU::REGS*)
                0x00000000c0017f7c                CPU::AMD_K6_writeback(int, int, int)
                0x00000000c0017ff0                CPU::cpuid(int, unsigned long*, unsigned long*, unsigned long*, unsigned long*)
                0x00000000c0018074                CPU::cpuidCheckEDX(unsigned int)
                0x00000000c00180a2                CPU::cpuidCheckECX(unsigned int)
                0x00000000c00180d0                CPU::cpuidCheckExtendedEBX(unsigned int)
                0x00000000c00180fe                CPU::cpuidCheckExtendedECX(unsigned int)
                0x00000000c001812c                CPU::CPU()
                0x00000000c001812c                CPU::CPU()
                0x00000000c00181ba                CPU::displayFeatures()
                0x00000000c0018436                CPU::detectFeatures()
                0x00000000c0018e26                CPU::setupSMEP()
                0x00000000c0018e32                CPU::setupUMIP()
                0x00000000c0018e3c                CPU::setupTSC()
                0x00000000c0018e46                CPU::setupLargePages()
                0x00000000c0018e50                CPU::setupPAT()
                0x00000000c0018e8c                CPU::setupMTRR()
                0x00000000c0018e8e                CPU::setupGlobalPages()
                0x00000000c0018e98                CPU::allowUsermodeDataAccess()
                0x00000000c0018eaa                CPU::prohibitUsermodeDataAccess()
                0x00000000c0018ebc                CPU::setupSMAP()
                0x00000000c0018eca                CPU::setupFeatures()
                0x00000000c0018f4a                CPU::open(int, int, void*)
                0x00000000c001901c                CPU::decodeAddress(regs*, int*, bool*, unsigned char*)
 .text          0x00000000c0019217        0x0 hw/ports.32
 *fill*         0x00000000c0019217        0x1 
 .text          0x00000000c0019218      0x5d3 krnl/env.32
                0x00000000c0019218                EnvVarContainer::getEnv(char const*)
                0x00000000c0019256                EnvVarContainer::setEnv(char const*, char const*)
                0x00000000c0019322                EnvVarContainer::deleteEnv(char const*)
                0x00000000c0019324                EnvVarContainer::loadFrom(char const*, char const*)
                0x00000000c001951a                EnvVarContainer::__loadSystem()
                0x00000000c0019534                EnvVarContainer::__loadUser()
                0x00000000c0019536                EnvVarContainer::EnvVarContainer(Process*)
                0x00000000c0019536                EnvVarContainer::EnvVarContainer(Process*)
                0x00000000c0019558                EnvVarContainer::~EnvVarContainer()
                0x00000000c0019558                EnvVarContainer::~EnvVarContainer()
                0x00000000c0019588                Krnl::getEnv(Process*, char const*)
                0x00000000c00195ed                Krnl::setEnvSystem(char const*, char const*)
                0x00000000c0019607                Krnl::setEnvUser(char const*, char const*)
                0x00000000c0019626                Krnl::setEnvProcess(Process*, char const*, char const*)
                0x00000000c0019639                Krnl::deleteEnvSystem(char const*)
                0x00000000c001963a                Krnl::deleteEnvUser(char const*)
                0x00000000c001963b                Krnl::deleteEnvProcess(Process*, char const*)
                0x00000000c001963c                Krnl::newProcessEnv(Process*)
                0x00000000c001965e                Krnl::copyProcessEnv(Process*, Process*)
                0x00000000c00196b2                Krnl::loadSystemEnv()
                0x00000000c00196e0                Krnl::loadUserEnv()
                0x00000000c0019706                Krnl::flushEnv()
                0x00000000c0019707                Krnl::getProcessTotalEnvCount(Process*)
                0x00000000c0019727                Krnl::getProcessEnvPair(Process*, int)
 .text          0x00000000c00197eb      0x32c krnl/panic.32
                0x00000000c00197eb                Krnl::panic(char const*)
 .text          0x00000000c0019b17      0x3b6 net/ethernet.32
                0x00000000c0019b17                Net::switchEndian16(unsigned short)
                0x00000000c0019b38                Net::switchEndian32(unsigned int)
                0x00000000c0019b67                Net::crc32Calc(unsigned char*, int)
                0x00000000c0019bf8                Net::wrapEthernetFrame(Net::UnwrappedEthernetFrame, unsigned char*)
                0x00000000c0019d34                Net::unwrapEthernetFrame(unsigned char*, int)
 .text          0x00000000c0019ecd      0x513 reg/registry.32
                0x00000000c0019ecd                Reg::findLineFromLoadedData(char*, char*, char*)
                0x00000000c001a025                Reg::getLineFromRegistry(char*, char*, char*, char*)
                0x00000000c001a17a                Reg::getLine(char*, char*, char*)
                0x00000000c001a1b1                Reg::readInt(char*, char*, int*)
                0x00000000c001a29c                Reg::readString(char*, char*, char*, int)
                0x00000000c001a31d                Reg::readBool(char*, char*, bool*)
                0x00000000c001a342                Reg::readBoolWithDefault(char*, char*, bool)
                0x00000000c001a36e                Reg::readIntWithDefault(char*, char*, int)
                0x00000000c001a39a                Reg::readStringWithDefault(char*, char*, char*, int, char*)
 .text          0x00000000c001a3e0       0x18 sys/sc_exit.32
                0x00000000c001a3e0                Sys::exit(regs*)
 .text          0x00000000c001a3f8       0x1f sys/sc_getcwd.32
                0x00000000c001a3f8                Sys::getCwd(regs*)
 .text          0x00000000c001a417        0xc sys/sc_getpid.32
                0x00000000c001a417                Sys::getPID(regs*)
 .text          0x00000000c001a423       0xa8 sys/sc_loaddll.32
                0x00000000c001a423                Sys::loadDLL(regs*)
 .text          0x00000000c001a4cb       0x68 sys/sc_read.32
                0x00000000c001a4cb                Sys::read(regs*)
 .text          0x00000000c001a533       0x55 sys/sc_sbrk.32
                0x00000000c001a533                Sys::sbrk(regs*)
 .text          0x00000000c001a588       0x1c sys/sc_setcwd.32
                0x00000000c001a588                Sys::setCwd(regs*)
 .text          0x00000000c001a5a4       0x68 sys/sc_write.32
                0x00000000c001a5a4                Sys::write(regs*)
 .text          0x00000000c001a60c       0x3b sys/sc_yield.32
                0x00000000c001a60c                Sys::yield(regs*)
 .text          0x00000000c001a647     0x100a sys/syscalls.32
                0x00000000c001a647                sysCallSeekDir(regs*)
                0x00000000c001a64c                sysCallTellDir(regs*)
                0x00000000c001a651                sysCallVerify(regs*)
                0x00000000c001a65b                sysCallGetArgc(regs*)
                0x00000000c001a66b                sysFormatDisk(regs*)
                0x00000000c001a6d5                sysSetDiskVolumeLabel(regs*)
                0x00000000c001a71b                sysGetDiskVolumeLabel(regs*)
                0x00000000c001a76c                sysShutdown(regs*)
                0x00000000c001a7ca                sysCallRealpath(regs*)
                0x00000000c001a80d                sysCallReadDir(regs*)
                0x00000000c001a89b                sysCallIsATTY(regs*)
                0x00000000c001a8f5                sysCallSeek(regs*)
                0x00000000c001a95e                sysCallTell(regs*)
                0x00000000c001a9db                sysCallSize(regs*)
                0x00000000c001aa5e                sysCallSizeFromFilename(regs*)
                0x00000000c001ab1e                sysCallClose(regs*)
                0x00000000c001aba6                sysCallOpenDir(regs*)
                0x00000000c001ac1b                sysCallCloseDir(regs*)
                0x00000000c001ac81                sysCallMakeDir(regs*)
                0x00000000c001acf1                sysCallWait(regs*)
                0x00000000c001ad0b                sysCallNotImpl(regs*)
                0x00000000c001ad26                sysPanic(regs*)
                0x00000000c001ad4c                sysCallRmdir(regs*)
                0x00000000c001adb0                sysCallUnlink(regs*)
                0x00000000c001ae14                sysCallGetArgv(regs*)
                0x00000000c001ae60                sysCallTTYName(regs*)
                0x00000000c001aee3                sysCallUSleep(regs*)
                0x00000000c001af0a                sysCallSpawn(regs*)
                0x00000000c001af62                sysCallGetEnv(regs*)
                0x00000000c001b00f                sysAppSettings(regs*)
                0x00000000c001b12e                sysSetFatAttrib(regs*)
                0x00000000c001b1a0                sysPipe(regs*)
                0x00000000c001b1e5                sysGetUnixTime(regs*)
                0x00000000c001b1f9                string_ends_with(char const*, char const*)
                0x00000000c001b241                sysCallOpen(regs*)
                0x00000000c001b456                setupSystemCalls()
                0x00000000c001b60f                systemCall(regs*, void*)
 .text          0x00000000c001b651     0x11ee thr/elf.32
                0x00000000c001b651                Thr::allocateMemoryForTask(Process*, File*, unsigned long, unsigned long, unsigned long)
                0x00000000c001b8ce                Thr::loadProgramIntoMemory(Process*, char const*)
                0x00000000c001bae4                Thr::runtimeReferenceHelper()
                0x00000000c001baf7                Thr::getAddressOfKernelSymbol(char const*)
                0x00000000c001bb46                Thr::loadKernelSymbolTable(char const*)
                0x00000000c001be02                Thr::loadDriverIntoMemory(char const*, unsigned long, bool)
                0x00000000c001c583                Thr::getDriverBaseFromAddress(unsigned long)
                0x00000000c001c5b5                Thr::getDriverNameFromAddress(unsigned long)
                0x00000000c001c5ec                Thr::getDriverOffsetFromAddress(unsigned long)
                0x00000000c001c606                Thr::loadDLL(char const*, bool)
                0x00000000c001c815                Thr::executeDLL(unsigned long, void*)
 *fill*         0x00000000c001c83f        0x1 
 .text          0x00000000c001c840     0x1056 thr/prcssthr.32
                0x00000000c001c840                changeTSS
                0x00000000c001c870                Process::addArgs(char**)
                0x00000000c001c8ca                Process::Process(char const*, Process*, char**)
                0x00000000c001c8ca                Process::Process(char const*, Process*, char**)
                0x00000000c001caae                Process::Process(bool, char const*, Process*, char**)
                0x00000000c001caae                Process::Process(bool, char const*, Process*, char**)
                0x00000000c001cc5d                disableIRQs()
                0x00000000c001cc65                getIRQNestingLevel()
                0x00000000c001cc6b                enableIRQs()
                0x00000000c001cc7a                lockScheduler()
                0x00000000c001cc7c                unlockScheduler()
                0x00000000c001cc7e                userModeEntryPoint(void*)
                0x00000000c001cca1                lockStuff()
                0x00000000c001ccad                taskStartupFunction
                0x00000000c001ccb6                updateTimeUsed()
                0x00000000c001cd1b                switchToThread(ThreadControlBlock*)
                0x00000000c001cd6c                Semaphore::Semaphore(int)
                0x00000000c001cd6c                Semaphore::Semaphore(int)
                0x00000000c001cd9a                Mutex::Mutex()
                0x00000000c001cd9a                Mutex::Mutex()
                0x00000000c001cdac                Process::createThread(void (*)(void*), void*, int)
                0x00000000c001ce90                Process::createUserThread()
                0x00000000c001ceac                setupMultitasking(void (*)())
                0x00000000c001cfb6                schedule()
                0x00000000c001d03b                unlockStuff()
                0x00000000c001d070                Semaphore::tryAcquire()
                0x00000000c001d09e                Semaphore::assertLocked(char const*)
                0x00000000c001d0ce                blockTaskWithSchedulerLockAlreadyHeld(TaskState)
                0x00000000c001d110                blockTask(TaskState)
                0x00000000c001d131                waitTask(int, int*, int)
                0x00000000c001d173                nanoSleepUntil(unsigned long long)
                0x00000000c001d1ca                nanoSleep(unsigned long long)
                0x00000000c001d1df                sleep(unsigned long long)
                0x00000000c001d1fc                Semaphore::acquire()
                0x00000000c001d264                taskReturned
                0x00000000c001d292                unblockTask(ThreadControlBlock*)
                0x00000000c001d341                cleanupTerminatedTask(ThreadControlBlock*)
                0x00000000c001d60a                cleanerTaskFunction(void*)
                0x00000000c001d6bd                terminateTask(int)
                0x00000000c001d79d                Thr::terminateFromIRQ(int)
                0x00000000c001d7aa                Semaphore::release()
 .text          0x00000000c001d896      0xc26 vm86/vm8086.32
                0x00000000c001d896                Vm::inbv(unsigned short)
                0x00000000c001d8a9                Vm::outbv(unsigned short, unsigned char)
                0x00000000c001d8fc                Vm::realToLinear(unsigned short, unsigned short)
                0x00000000c001d90c                Vm::getSegment(unsigned int)
                0x00000000c001d914                Vm::getOffset(unsigned int)
                0x00000000c001d919                Vm::mainloop2()
                0x00000000c001d954                Vm::mainVm8086Loop(void*)
                0x00000000c001d961                Vm::mainloop3(unsigned long)
                0x00000000c001d98b                Vm::initialise8086()
                0x00000000c001d9ce                Vm::finish8086()
                0x00000000c001da13                Vm::getOutput8086(unsigned char*)
                0x00000000c001da3d                Vm::start8086(char const*, unsigned short, unsigned short, unsigned short, unsigned short)
                0x00000000c001db8d                Vm::doISR(regs*, int, unsigned char*, unsigned short, unsigned short)
                0x00000000c001dc17                Vm::readByteFromReal(unsigned short, unsigned short)
                0x00000000c001dc28                Vm::readWordFromReal(unsigned short, unsigned short)
                0x00000000c001dc3a                Vm::readDwordFromReal(unsigned short, unsigned short)
                0x00000000c001dc4b                Vm::writeByteFromReal(unsigned short, unsigned short, unsigned char)
                0x00000000c001dc60                Vm::writeWordFromReal(unsigned short, unsigned short, unsigned short)
                0x00000000c001dc76                Vm::writeDwordFromReal(unsigned short, unsigned short, unsigned int)
                0x00000000c001dc8b                Vm::faultHandler(regs*)
 .text          0x00000000c001e4bc      0xefd vm86/x87em.32
                0x00000000c001e4bc                Vm::fpuInternalTo32(unsigned long long)
                0x00000000c001e517                Vm::fpuInternalTo64(unsigned long long)
                0x00000000c001e520                Vm::fpu32ToInternal(unsigned int)
                0x00000000c001e565                Vm::fpu64ToInternal(unsigned long long)
                0x00000000c001e56e                Vm::fpuFloatToLong(unsigned long long)
                0x00000000c001e5c9                Vm::fpuULongToFloat(unsigned long long)
                0x00000000c001e5ff                Vm::fpuLongToFloat(long long)
                0x00000000c001e655                Vm::fpuGet0()
                0x00000000c001e65a                Vm::fpuGet1()
                0x00000000c001e662                Vm::fpuGetPi()
                0x00000000c001e66a                Vm::fpuGetLog2E()
                0x00000000c001e682                Vm::fpuGetLogE2()
                0x00000000c001e69a                Vm::fpuGetLog210()
                0x00000000c001e6b2                Vm::fpuGetLog102()
                0x00000000c001e6ca                Vm::fpuIsSecondLarger(unsigned long long, unsigned long long)
                0x00000000c001e6de                Vm::fpuAreEqual(unsigned long long, unsigned long long)
                0x00000000c001e6f4                Vm::fpuUnorderedCompare(unsigned long long, unsigned long long)
                0x00000000c001e747                Vm::fpuAdd(unsigned long long, unsigned long long)
                0x00000000c001e758                Vm::fpuAbs(unsigned long long)
                0x00000000c001e761                Vm::fpuChs(unsigned long long)
                0x00000000c001e771                Vm::fpuSub(unsigned long long, unsigned long long)
                0x00000000c001e780                Vm::fpuMultiply(unsigned long long, unsigned long long)
                0x00000000c001e79f                Vm::fpuDivide(unsigned long long, unsigned long long)
                0x00000000c001e7bb                Vm::fpuSquare(unsigned long long)
                0x00000000c001e7d1                Vm::fpuGetReg(int)
                0x00000000c001e814                Vm::fpuSetReg(int, unsigned long long)
                0x00000000c001e85f                Vm::fpuPush(unsigned long long)
                0x00000000c001e8bc                Vm::fpuPop()
                0x00000000c001e90e                Vm::x87Handler(regs*)
 *fill*         0x00000000c001f3b9        0x1 
 .text          0x00000000c001f3ba     0x10ed fs/fat/vfslink.32
                0x00000000c001f3ba                FAT::getName()
                0x00000000c001f3c0                FAT::tell(void*, unsigned long long*)
                0x00000000c001f3f4                FAT::stat(void*, unsigned long long*)
                0x00000000c001f428                FAT::~FAT()
                0x00000000c001f428                FAT::~FAT()
                0x00000000c001f44c                FAT::~FAT()
                0x00000000c001f474                FAT::getlabel(LogicalDisk*, int, char*, unsigned int*)
                0x00000000c001f512                FAT::setlabel(LogicalDisk*, int, char*)
                0x00000000c001f5cc                FAT::format(LogicalDisk*, int, char const*, int)
                0x00000000c001f7b0                FAT::tryMount(LogicalDisk*, int)
                0x00000000c001f9b6                FAT::readDir(void*, unsigned long, void*, int*)
                0x00000000c001fabc                FAT::read(void*, unsigned long, void*, int*)
                0x00000000c001fb16                FAT::write(void*, unsigned long, void*, int*)
                0x00000000c001fb70                FAT::close(void*)
                0x00000000c001fbbc                FAT::closeDir(void*)
                0x00000000c001fc08                FAT::seek(void*, unsigned long long)
                0x00000000c001fc5c                fatWrapperReadDisk
                0x00000000c001fca3                fatWrapperWriteDisk
                0x00000000c001fcea                fatWrapperIoctl
                0x00000000c001fdee                FAT::FAT()
                0x00000000c001fdee                FAT::FAT()
                0x00000000c001fe40                FAT::fixFilepath(char*)
                0x00000000c001fe78                FAT::open(char const*, void**, FileOpenMode)
                0x00000000c001ffa0                FAT::openDir(char const*, void**)
                0x00000000c0020046                FAT::stat(char const*, unsigned long long*, bool*)
                0x00000000c0020130                FAT::unlink(char const*)
                0x00000000c00201aa                FAT::chfatattr(char const*, unsigned char, unsigned char)
                0x00000000c00202fe                FAT::rename(char const*, char const*)
                0x00000000c00203c2                FAT::mkdir(char const*)
                0x00000000c002043c                FAT::exists(char const*)
 *fill*         0x00000000c00204a7        0x1 
 .text          0x00000000c00204a8      0xbdf fs/iso9660/vfslink.32
                0x00000000c00204a8                ISO9660::format(LogicalDisk*, int, char const*, int)
                0x00000000c00204ae                ISO9660::seek(void*, unsigned long long)
                0x00000000c00204de                ISO9660::tell(void*, unsigned long long*)
                0x00000000c0020502                ISO9660::getName()
                0x00000000c0020508                ISO9660::stat(void*, unsigned long long*)
                0x00000000c002052c                ISO9660::chfatattr(char const*, unsigned char, unsigned char)
                0x00000000c0020532                ISO9660::unlink(char const*)
                0x00000000c0020538                ISO9660::write(void*, unsigned long, void*, int*)
                0x00000000c002053e                ISO9660::rename(char const*, char const*)
                0x00000000c0020544                ISO9660::mkdir(char const*)
                0x00000000c002054a                ISO9660::close(void*)
                0x00000000c002056c                ISO9660::closeDir(void*)
                0x00000000c002058e                ISO9660::~ISO9660()
                0x00000000c002058e                ISO9660::~ISO9660()
                0x00000000c00205b2                ISO9660::~ISO9660()
                0x00000000c00205d9                __memmem(unsigned char*, int, unsigned char*, int)
                0x00000000c002061b                readSectorFromCDROM(unsigned int, unsigned char*, char)
                0x00000000c0020682                ISO9660::tryMount(LogicalDisk*, int)
                0x00000000c00206d2                ISO9660::read(void*, unsigned long, void*, int*)
                0x00000000c0020916                ISO9660::readDir(void*, unsigned long, void*, int*)
                0x00000000c0020ba3                readRoot(unsigned int*, unsigned int*, char)
                0x00000000c0020bf8                readRecursively(char*, unsigned int, unsigned int, unsigned int*, unsigned int*, char, int*)
                0x00000000c0020dcb                getFileData(char*, unsigned int*, unsigned int*, char, int*)
                0x00000000c0020e5a                ISO9660::open(char const*, void**, FileOpenMode)
                0x00000000c0020ef4                ISO9660::exists(char const*)
                0x00000000c0020f18                ISO9660::stat(char const*, unsigned long long*, bool*)
                0x00000000c0020fac                ISO9660::openDir(char const*, void**)
                0x00000000c0021064                ISO9660::ISO9660()
                0x00000000c0021064                ISO9660::ISO9660()
 *fill*         0x00000000c0021087        0x1 
 .text          0x00000000c0021088      0x326 hal/sound/sndchannel.32
                0x00000000c0021088                SoundChannel::~SoundChannel()
                0x00000000c0021088                SoundChannel::~SoundChannel()
                0x00000000c00210a4                SoundChannel::setSpeed(float)
                0x00000000c00210b0                SoundChannel::getSpeed()
                0x00000000c00210b8                SoundChannel::setVolume(int)
                0x00000000c00210d4                SoundChannel::getVolume()
                0x00000000c00210dc                SoundChannel::pause()
                0x00000000c00210e6                SoundChannel::SoundChannel(int, int, int, int)
                0x00000000c00210e6                SoundChannel::SoundChannel(int, int, int, int)
                0x00000000c002123c                SoundChannel::play()
                0x00000000c0021246                SoundChannel::paused()
                0x00000000c002124e                SoundChannel::getSampleRate()
                0x00000000c0021256                SoundChannel::getBits()
                0x00000000c002125e                SoundChannel::getBufferUsed()
                0x00000000c0021266                SoundChannel::getBufferSize()
                0x00000000c002126e                SoundChannel::unbuffer(float*, int, int)
                0x00000000c002130e                SoundChannel::buffer8(unsigned char*, int)
 .text          0x00000000c00213ae      0x3d5 hal/sound/sndhw.32
                0x00000000c00213ae                SoundDevice::SoundDevice(char const*)
                0x00000000c00213ae                SoundDevice::SoundDevice(char const*)
                0x00000000c002141a                SoundDevice::~SoundDevice()
                0x00000000c002141a                SoundDevice::~SoundDevice()
                0x00000000c0021494                SoundDevice::~SoundDevice()
                0x00000000c00214be                SoundDevice::getFreeChannelNum()
                0x00000000c00214d8                SoundDevice::addChannel(SoundChannel*)
                0x00000000c0021548                SoundDevice::removeChannel(int)
                0x00000000c002157a                SoundDevice::floatTo8(float*, unsigned char*, int)
                0x00000000c0021662                SoundDevice::getAudio(int, float*, float*)
 .text          0x00000000c0021783        0x0 hw/bus/isa.32
 *fill*         0x00000000c0021783        0x1 
 .text          0x00000000c0021784      0x6c3 hw/bus/pci.32
                0x00000000c0021784                PCI::open(int, int, void*)
                0x00000000c0021798                PCI::close(int, int, void*)
                0x00000000c002179c                PCI::PCI()
                0x00000000c002179c                PCI::PCI()
                0x00000000c002181c                PCI::pciReadWord(unsigned char, unsigned char, unsigned char, unsigned char)
                0x00000000c0021864                PCI::getVendorID(unsigned char, unsigned char, unsigned char)
                0x00000000c0021886                PCI::getHeaderType(unsigned char, unsigned char, unsigned char)
                0x00000000c00218aa                PCI::getClassCode(unsigned char, unsigned char, unsigned char)
                0x00000000c00218ee                PCI::getProgIF(unsigned char, unsigned char, unsigned char)
                0x00000000c0021912                PCI::getRevisionID(unsigned char, unsigned char, unsigned char)
                0x00000000c0021934                PCI::getInterruptNumber(unsigned char, unsigned char, unsigned char)
                0x00000000c0021956                PCI::getSecondaryBus(unsigned char, unsigned char, unsigned char)
                0x00000000c002197a                PCI::getBARAddress(unsigned char, unsigned char, unsigned char, unsigned char)
                0x00000000c00219da                PCI::pciWriteWord(unsigned char, unsigned char, unsigned char, unsigned char, unsigned short)
                0x00000000c0021a46                PCI::checkBus(unsigned char)
                0x00000000c0021a6a                PCI::foundDevice(PCIDeviceInfo)
                0x00000000c0021bdc                PCI::getDeviceData(unsigned char, unsigned char, unsigned char)
                0x00000000c0021d88                PCI::checkDevice(unsigned char, unsigned char)
                0x00000000c0021df4                PCI::detect()
 *fill*         0x00000000c0021e47        0x1 
 .text          0x00000000c0021e48      0xc70 hw/diskctrl/ide.32
                0x00000000c0021e48                IDE::close(int, int, void*)
                0x00000000c0021e4c                IDE::IDE()
                0x00000000c0021e4c                IDE::IDE()
                0x00000000c0021e80                IDE::prepareInterrupt(unsigned char)
                0x00000000c0021e92                selectDrive(unsigned char, unsigned char)
                0x00000000c0021e94                IDE::getBase(unsigned char)
                0x00000000c0021ea6                IDE::write(unsigned char, unsigned char, unsigned char)
                0x00000000c0021f66                IDE::read(unsigned char, unsigned char)
                0x00000000c0022014                IDE::waitInterrupt(unsigned char)
                0x00000000c002207a                ideChannel0IRQHandler(regs*, void*)
                0x00000000c0022096                ideChannel1IRQHandler(regs*, void*)
                0x00000000c00220b2                IDE::enableIRQs(unsigned char, bool)
                0x00000000c00220f8                IDE::open(int, int, void*)
                0x00000000c0022508                IDE::readBuffer(unsigned char, unsigned char, unsigned int, unsigned int)
                0x00000000c00225d4                IDE::detect()
                0x00000000c00228bc                IDE::printError(unsigned char, unsigned char, unsigned char)
                0x00000000c0022a52                IDE::polling(unsigned char, unsigned int)
 .text          0x00000000c0022ab8      0x37a hw/diskctrl/satabus.32
                0x00000000c0022ab8                SATABus::close(int, int, void*)
                0x00000000c0022abc                SATABus::detect()
                0x00000000c0022abe                SATABus::SATABus()
                0x00000000c0022abe                SATABus::SATABus()
                0x00000000c0022b6a                SATABus::findCmdslot(SATABus::tagHBA_PORT volatile*)
                0x00000000c0022bb2                SATABus::checkType(SATABus::tagHBA_PORT volatile*)
                0x00000000c0022bfa                SATABus::startCmd(SATABus::tagHBA_PORT volatile*)
                0x00000000c0022c1a                SATABus::stopCmd(SATABus::tagHBA_PORT volatile*)
                0x00000000c0022c44                SATABus::portRebase(SATABus::tagHBA_PORT volatile*, int)
                0x00000000c0022d4a                SATABus::probePort(SATABus::tagHBA_MEM volatile*)
                0x00000000c0022e12                SATABus::open(int, int, void*)
 .text          0x00000000c0022e32      0x62b hw/diskphys/ata.32
                0x00000000c0022e32                ATA::close(int, int, void*)
                0x00000000c0022e56                ATA::powerSaving(PowerSavingLevel)
                0x00000000c0022e58                ATA::ATA()
                0x00000000c0022e58                ATA::ATA()
                0x00000000c0022e86                ATA::flush(bool)
                0x00000000c0022ed0                ATA::readyForCommand()
                0x00000000c0022f20                ATA::access(unsigned long long, int, void*, bool)
                0x00000000c002329e                ATA::read(unsigned long long, int, void*)
                0x00000000c0023306                ATA::write(unsigned long long, int, void*)
                0x00000000c002336e                ATA::detectCHS()
                0x00000000c0023398                ATA::open(int, int, void*)
 *fill*         0x00000000c002345d        0x1 
 .text          0x00000000c002345e      0x5b3 hw/diskphys/atapi.32
                0x00000000c002345e                ATAPI::write(unsigned long long, int, void*)
                0x00000000c0023464                ATAPI::close(int, int, void*)
                0x00000000c0023488                ATAPI::ATAPI()
                0x00000000c0023488                ATAPI::ATAPI()
                0x00000000c00234b6                ATAPI::readyForCommand()
                0x00000000c0023506                ATAPI::sendPacket(unsigned char*, int, bool, unsigned short*, int)
                0x00000000c00237c6                ATAPI::diskRemoved()
                0x00000000c00237e2                ATAPI::eject()
                0x00000000c0023828                ATAPI::diskInserted()
                0x00000000c0023856                ATAPI::detectMedia()
                0x00000000c0023912                ATAPI::open(int, int, void*)
                0x00000000c0023992                ATAPI::read(unsigned long long, int, void*)
 *fill*         0x00000000c0023a11        0x1 
 .text          0x00000000c0023a12      0x414 hw/diskphys/sata.32
                0x00000000c0023a12                SATA::close(int, int, void*)
                0x00000000c0023a36                SATA::powerSaving(PowerSavingLevel)
                0x00000000c0023a38                SATA::open(int, int, void*)
                0x00000000c0023a94                SATA::SATA()
                0x00000000c0023a94                SATA::SATA()
                0x00000000c0023ac2                SATA::access(unsigned long long, int, void*, bool)
                0x00000000c0023d56                SATA::read(unsigned long long, int, void*)
                0x00000000c0023dbe                SATA::write(unsigned long long, int, void*)
 .text          0x00000000c0023e26       0x8e hw/fpu/avx.32
                0x00000000c0023e26                AVX::open(int, int, void*)
                0x00000000c0023e38                AVX::close(int, int, void*)
                0x00000000c0023e4a                AVX::available()
                0x00000000c0023e5c                AVX::save(void*)
                0x00000000c0023e74                AVX::load(void*)
                0x00000000c0023e8c                AVX::AVX()
                0x00000000c0023e8c                AVX::AVX()
 .text          0x00000000c0023eb4       0x90 hw/fpu/mmx.32
                0x00000000c0023eb4                MMX::available()
                0x00000000c0023ec8                MMX::open(int, int, void*)
                0x00000000c0023eda                MMX::close(int, int, void*)
                0x00000000c0023eec                MMX::save(void*)
                0x00000000c0023f04                MMX::load(void*)
                0x00000000c0023f1c                MMX::MMX()
                0x00000000c0023f1c                MMX::MMX()
 .text          0x00000000c0023f44       0x96 hw/fpu/sse.32
                0x00000000c0023f44                SSE::open(int, int, void*)
                0x00000000c0023f56                SSE::close(int, int, void*)
                0x00000000c0023f68                SSE::available()
                0x00000000c0023f82                SSE::save(void*)
                0x00000000c0023f9a                SSE::load(void*)
                0x00000000c0023fb2                SSE::SSE()
                0x00000000c0023fb2                SSE::SSE()
 .text          0x00000000c0023fda       0x8e hw/fpu/x87.32
                0x00000000c0023fda                x87::open(int, int, void*)
                0x00000000c0023fec                x87::close(int, int, void*)
                0x00000000c0023ffe                x87::available()
                0x00000000c0024010                x87::save(void*)
                0x00000000c0024028                x87::load(void*)
                0x00000000c0024040                x87::x87()
                0x00000000c0024040                x87::x87()
 .text          0x00000000c0024068      0x71e hw/intctrl/apic.32
                0x00000000c0024068                APIC::disable()
                0x00000000c002406a                APIC::close(int, int, void*)
                0x00000000c002408c                IOAPIC::close(int, int, void*)
                0x00000000c0024092                APIC::io_wait()
                0x00000000c0024098                APIC::getBase()
                0x00000000c00240da                APIC::eoi(unsigned char)
                0x00000000c0024108                APIC::open(int, int, void*)
                0x00000000c0024256                IOAPIC::IOAPIC()
                0x00000000c0024256                IOAPIC::IOAPIC()
                0x00000000c002427e                APIC::APIC()
                0x00000000c002427e                APIC::APIC()
                0x00000000c002435a                IOAPIC::handlesGSIWithNumber(unsigned int)
                0x00000000c002438c                IOAPIC::read(int)
                0x00000000c00243b4                IOAPIC::open(int, int, void*)
                0x00000000c00244aa                IOAPIC::write(int, int)
                0x00000000c00244d6                IOAPIC::redirect(unsigned char, unsigned long long, unsigned char, bool, bool)
                0x00000000c00245d0                APIC::installIRQHandler(int, void (*)(regs*, void*), bool, void*)
 .text          0x00000000c0024786      0x3d3 hw/intctrl/pic.32
                0x00000000c0024786                PIC::disable()
                0x00000000c00247b4                PIC::close(int, int, void*)
                0x00000000c00247d6                PIC::PIC()
                0x00000000c00247d6                PIC::PIC()
                0x00000000c00248ac                PIC::ioWait()
                0x00000000c00248b2                PIC::getIRQReg(int)
                0x00000000c002491c                PIC::eoi(unsigned char)
                0x00000000c00249ae                PIC::remap()
                0x00000000c0024b1a                PIC::open(int, int, void*)
 *fill*         0x00000000c0024b59        0x1 
 .text          0x00000000c0024b5a      0x25e hw/timer/apictimer.32
                0x00000000c0024b5a                APICTimer::close(int, int, void*)
                0x00000000c0024b60                apicTimerHandler(regs*, void*)
                0x00000000c0024b8e                APICTimer::write(int)
                0x00000000c0024c92                APICTimer::open(int, int, void*)
                0x00000000c0024d90                APICTimer::APICTimer()
                0x00000000c0024d90                APICTimer::APICTimer()
 .text          0x00000000c0024db8      0x1a7 hw/timer/pit.32
                0x00000000c0024db8                PIT::write(int)
                0x00000000c0024e36                pitHandler(regs*, void*)
                0x00000000c0024e62                PIT::open(int, int, void*)
                0x00000000c0024eb0                PIT::close(int, int, void*)
                0x00000000c0024ee0                PIT::PIT()
                0x00000000c0024ee0                PIT::PIT()
 *fill*         0x00000000c0024f5f        0x1 
 .text          0x00000000c0024f60       0x1e hw/fpu/x86/avx.32
                0x00000000c0024f60                avxDetect
                0x00000000c0024f66                avxSave
                0x00000000c0024f67                avxLoad
                0x00000000c0024f68                avxInit
                0x00000000c0024f69                avxClose
                0x00000000c0024f6a                wouldSheSayYes
 *fill*         0x00000000c0024f7e        0x2 
 .text          0x00000000c0024f80       0x35 hw/fpu/x86/sse.32
                0x00000000c0024f80                absolutelyNoChanceInHell
                0x00000000c0024f80                sseDetect
                0x00000000c0024f98                sseSave
                0x00000000c0024f9e                sseLoad
                0x00000000c0024fa4                sseInit
                0x00000000c0024fb4                sseClose
 *fill*         0x00000000c0024fb5        0xb 
 .text          0x00000000c0024fc0       0x47 hw/fpu/x86/x87.32
                0x00000000c0024fc6                x87Detect
                0x00000000c0024fe1                x87Save
                0x00000000c0024fe7                x87Load
                0x00000000c0024fec                x87Init
                0x00000000c0025006                x87Close
 *fill*         0x00000000c0025007        0x1 
 .text          0x00000000c0025008       0x25 /cygdrive/d/Users/Alex/Desktop/Toolchain/Output/bin/../lib/gcc/i386-banana/8.1.0/crtend.o
 .text          0x00000000c002502d        0x0 crtn.32
 *fill*         0x00000000c002502d        0x3 
 .text          0x00000000c0025030      0x14b /cygdrive/d/Users/Alex/Desktop/Toolchain/Output/bin/../lib/gcc/i386-banana/8.1.0/libkgcc.a(_divdi3.o)
                0x00000000c0025030                __divdi3
 *fill*         0x00000000c002517b        0x1 
 .text          0x00000000c002517c      0x17e /cygdrive/d/Users/Alex/Desktop/Toolchain/Output/bin/../lib/gcc/i386-banana/8.1.0/libkgcc.a(_moddi3.o)
                0x00000000c002517c                __moddi3
 *fill*         0x00000000c00252fa        0x2 
 .text          0x00000000c00252fc       0xff /cygdrive/d/Users/Alex/Desktop/Toolchain/Output/bin/../lib/gcc/i386-banana/8.1.0/libkgcc.a(_udivdi3.o)
                0x00000000c00252fc                __udivdi3
 *fill*         0x00000000c00253fb        0x1 
 .text          0x00000000c00253fc      0x11a /cygdrive/d/Users/Alex/Desktop/Toolchain/Output/bin/../lib/gcc/i386-banana/8.1.0/libkgcc.a(_umoddi3.o)
                0x00000000c00253fc                __umoddi3
 .text          0x00000000c0025516      0x96d D:/Users/Alex/Desktop/Banana/kernel/libsoftfp.a(sfieeelib.o)
                0x00000000c0025516                __addsf3
                0x00000000c0025818                __subsf3
                0x00000000c002582c                __negsf2
                0x00000000c0025839                __mulsf3
                0x00000000c00259fc                __divsf3
                0x00000000c0025c27                __floatsisf
                0x00000000c0025c9b                __floatunsisf
                0x00000000c0025cdd                __fixsfsi
                0x00000000c0025d3f                __fixunssfsi
                0x00000000c0025d70                __cmpsf2
                0x00000000c0025e05                __eqsf2
                0x00000000c0025e40                __nesf2
                0x00000000c0025e42                __gtsf2
                0x00000000c0025e7d                __gesf2
                0x00000000c0025e7f                __ltsf2
                0x00000000c0025e81                __lesf2
 .text          0x00000000c0025e83      0xf50 D:/Users/Alex/Desktop/Banana/kernel/libsoftfp.a(dfieeelib.o)
                0x00000000c0025e83                __adddf3
                0x00000000c00264d4                __subdf3
                0x00000000c00264ef                __negdf2
                0x00000000c0026500                __muldf3
                0x00000000c00267e4                __divdf3
                0x00000000c0026b63                __floatsidf
                0x00000000c0026bbe                __floatunsidf
                0x00000000c0026bfc                __fixdfsi
                0x00000000c0026c69                __fixunsdfsi
                0x00000000c0026ca5                __cmpdf2
                0x00000000c0026d93                __eqdf2
                0x00000000c0026daf                __nedf2
                0x00000000c0026db1                __gtdf2
                0x00000000c0026dcd                __gedf2
                0x00000000c0026dcf                __ltdf2
                0x00000000c0026dd1                __ledf2
 .text          0x00000000c0026dd3      0x18d D:/Users/Alex/Desktop/Banana/kernel/libsoftfp.a(sfdfcvt.o)
                0x00000000c0026dd3                __truncdfsf2
                0x00000000c0026ef7                __extendsfdf2
 .text          0x00000000c0026f60       0x1e D:/Users/Alex/Desktop/Banana/kernel/libk/libm32.a(s_fabs.c.o)
                0x00000000c0026f60                fabs
 *fill*         0x00000000c0026f7e        0x2 
 .text          0x00000000c0026f80        0xc D:/Users/Alex/Desktop/Banana/kernel/libk/libm32.a(s_lrint.S.o)
                0x00000000c0026f80                lrint
 .text          0x00000000c0026f8c        0xc D:/Users/Alex/Desktop/Banana/kernel/libk/libm32.a(s_lrintf.S.o)
                0x00000000c0026f8c                lrintf
 *(.gnu.linkonce.t*)

.iplt           0x00000000c0026f98        0x0
 .iplt          0x00000000c0026f98        0x0 D:/Users/Alex/Desktop/Banana/kernel/boot.32

.init           0x00000000c0026f98        0xf
 .init          0x00000000c0026f98        0x3 crti.32
                0x00000000c0026f98                _init
 .init          0x00000000c0026f9b        0x5 /cygdrive/d/Users/Alex/Desktop/Toolchain/Output/bin/../lib/gcc/i386-banana/8.1.0/crtbegin.o
 .init          0x00000000c0026fa0        0x5 /cygdrive/d/Users/Alex/Desktop/Toolchain/Output/bin/../lib/gcc/i386-banana/8.1.0/crtend.o
 .init          0x00000000c0026fa5        0x2 crtn.32

.fini           0x00000000c0026fa7        0xa
 .fini          0x00000000c0026fa7        0x3 crti.32
                0x00000000c0026fa7                _fini
 .fini          0x00000000c0026faa        0x5 /cygdrive/d/Users/Alex/Desktop/Toolchain/Output/bin/../lib/gcc/i386-banana/8.1.0/crtbegin.o