Archive member included to satisfy reference by file (symbol)

/cygdrive/d/Users/Alex/Desktop/Toolchain/Output/bin/../lib/gcc/i386-banana/8.1.0/libkgcc.a(_divdi3.o)
                              fs/fat/ff.32 (__divdi3)
/cygdrive/d/Users/Alex/Desktop/Toolchain/Output/bin/../lib/gcc/i386-banana/8.1.0/libkgcc.a(_moddi3.o)
                              compat/resolve.32 (__moddi3)
/cygdrive/d/Users/Alex/Desktop/Toolchain/Output/bin/../lib/gcc/i386-banana/8.1.0/libkgcc.a(_udivdi3.o)
                              fs/fat/ff.32 (__udivdi3)
/cygdrive/d/Users/Alex/Desktop/Toolchain/Output/bin/../lib/gcc/i386-banana/8.1.0/libkgcc.a(_umoddi3.o)
                              compat/resolve.32 (__umoddi3)
D:/Users/Alex/Desktop/Banana/kernel/libsoftfp.a(sfieeelib.o)
                              hal/sound/sndhw.32 (__addsf3)
D:/Users/Alex/Desktop/Banana/kernel/libsoftfp.a(dfieeelib.o)
                              hal/libresample/src_linear.32 (__adddf3)
D:/Users/Alex/Desktop/Banana/kernel/libsoftfp.a(sfdfcvt.o)
                              hal/libresample/samplerate.32 (__truncdfsf2)
D:/Users/Alex/Desktop/Banana/kernel/libk/libm32.a(s_fabs.c.o)
                              hal/libresample/samplerate.32 (fabs)
D:/Users/Alex/Desktop/Banana/kernel/libk/libm32.a(s_lrint.S.o)
                              hal/libresample/samplerate.32 (lrint)
D:/Users/Alex/Desktop/Banana/kernel/libk/libm32.a(s_lrintf.S.o)
                              hal/sound/sndhw.32 (lrintf)

Discarded input sections

 .comment       0x0000000000000000       0x12 /cygdrive/d/Users/Alex/Desktop/Toolchain/Output/bin/../lib/gcc/i386-banana/8.1.0/crtbegin.o
 .comment       0x0000000000000000       0x12 acpica/utclib.32
 .comment       0x0000000000000000       0x12 core/malloc.32
 .comment       0x0000000000000000       0x12 libk/string.32
 .comment       0x0000000000000000       0x12 fs/fat/diskio.32
 .comment       0x0000000000000000       0x12 fs/fat/ff.32
 .comment       0x0000000000000000       0x12 fs/fat/ffsystem.32
 .comment       0x0000000000000000       0x12 fs/fat/ffunicode.32
 .comment       0x0000000000000000       0x12 hal/libresample/samplerate.32
 .comment       0x0000000000000000       0x12 hal/libresample/src_linear.32
 .comment       0x0000000000000000       0x12 hal/libresample/src_sinc.32
 .comment       0x0000000000000000       0x12 hal/libresample/src_zoh.32
 .comment       0x0000000000000000       0x12 compat/inlines.32
 .comment       0x0000000000000000       0x12 compat/resolve.32
 .group         0x0000000000000000       0x14 core/computer.32
 .group         0x0000000000000000        0xc core/computer.32
 .comment       0x0000000000000000       0x12 core/computer.32
 .comment       0x0000000000000000       0x12 core/gdt.32
 .group         0x0000000000000000        0xc core/idle.32
 .comment       0x0000000000000000       0x12 core/idle.32
 .comment       0x0000000000000000       0x12 core/idt.32
 .comment       0x0000000000000000       0x12 core/kheap.32
 .comment       0x0000000000000000       0x12 core/main.32
 .comment       0x0000000000000000       0x12 core/physmgr.32
 .group         0x0000000000000000        0xc core/pipe.32
 .comment       0x0000000000000000       0x12 core/pipe.32
 .group         0x0000000000000000        0xc core/terminal.32
 .comment       0x0000000000000000       0x12 core/terminal.32
 .comment       0x0000000000000000       0x12 core/tss.32
 .group         0x0000000000000000        0x8 core/unixfile.32
 .group         0x0000000000000000        0xc core/unixfile.32
 .group         0x0000000000000000        0xc core/unixfile.32
 .group         0x0000000000000000        0x8 core/unixfile.32
 .group         0x0000000000000000        0xc core/unixfile.32
 .group         0x0000000000000000        0x8 core/unixfile.32
 .group         0x0000000000000000        0xc core/unixfile.32
 .group         0x0000000000000000        0xc core/unixfile.32
 .comment       0x0000000000000000       0x12 core/unixfile.32
 .comment       0x0000000000000000       0x12 core/virtmgr.32
 .comment       0x0000000000000000       0x12 coreobjs/c++.32
 .comment       0x0000000000000000       0x12 dbg/kconsole.32
 .group         0x0000000000000000        0xc fs/vfs.32
 .group         0x0000000000000000        0xc fs/vfs.32
 .group         0x0000000000000000        0xc fs/vfs.32
 .comment       0x0000000000000000       0x12 fs/vfs.32
 .group         0x0000000000000000        0xc hal/bus.32
 .comment       0x0000000000000000       0x12 hal/bus.32
 .group         0x0000000000000000        0xc hal/buzzer.32
 .comment       0x0000000000000000       0x12 hal/buzzer.32
 .group         0x0000000000000000        0xc hal/clock.32
 .comment       0x0000000000000000       0x12 hal/clock.32
 .group         0x0000000000000000       0x14 hal/device.32
 .group         0x0000000000000000        0xc hal/device.32
 .group         0x0000000000000000        0xc hal/device.32
 .group         0x0000000000000000        0xc hal/device.32
[...]
Memory Configuration

Name             Origin             Length             Attributes
*default*        0x0000000000000000 0xffffffffffffffff

Linker script and memory map

LOAD D:/Users/Alex/Desktop/Banana/kernel/boot.32
LOAD crti.32
LOAD /cygdrive/d/Users/Alex/Desktop/Toolchain/Output/bin/../lib/gcc/i386-banana/8.1.0/crtbegin.o
LOAD D:/Users/Alex/Desktop/Banana/kernel/morenasm.32
LOAD acpica/utclib.32
LOAD core/malloc.32
LOAD libk/string.32
LOAD fs/fat/diskio.32
LOAD fs/fat/ff.32
LOAD fs/fat/ffsystem.32
LOAD fs/fat/ffunicode.32
LOAD hal/libresample/samplerate.32
LOAD hal/libresample/src_linear.32
LOAD hal/libresample/src_sinc.32
LOAD hal/libresample/src_zoh.32
LOAD compat/inlines.32
LOAD compat/resolve.32
LOAD core/computer.32
LOAD core/gdt.32
LOAD core/idle.32
LOAD core/idt.32
LOAD core/kheap.32
LOAD core/main.32
LOAD core/physmgr.32
LOAD core/pipe.32
LOAD core/terminal.32
LOAD core/tss.32
LOAD core/unixfile.32
LOAD core/virtmgr.32
LOAD coreobjs/c++.32
LOAD dbg/kconsole.32
LOAD fs/vfs.32
LOAD hal/bus.32
LOAD hal/buzzer.32
LOAD hal/clock.32
LOAD hal/device.32
LOAD hal/diskctrl.32
LOAD hal/diskphys.32
LOAD hal/fpu.32
LOAD hal/intctrl.32
LOAD hal/keybrd.32
LOAD hal/logidisk.32
LOAD hal/mouse.32
LOAD hal/partition.32
LOAD hal/serial.32
LOAD hal/timer.32
LOAD hal/vcache.32
LOAD hal/video.32
LOAD hw/acpi.32
LOAD hw/cpu.32
LOAD hw/ports.32
LOAD hw/smp.32
LOAD krnl/env.32
LOAD krnl/panic.32
LOAD net/ethernet.32
LOAD reg/registry.32
LOAD sys/sc_eject.32
LOAD sys/sc_exit.32
LOAD sys/sc_getcwd.32
LOAD sys/sc_getpid.32
LOAD sys/sc_getramdata.32
LOAD sys/sc_loaddll.32
LOAD sys/sc_read.32
LOAD sys/sc_sbrk.32
LOAD sys/sc_setcwd.32
LOAD sys/sc_settime.32
LOAD sys/sc_timezone.32
LOAD sys/sc_write.32
LOAD sys/sc_wsbe.32
LOAD sys/sc_yield.32
LOAD sys/syscalls.32
LOAD thr/elf.32
LOAD thr/prcssthr.32
LOAD vm86/vm8086.32
LOAD vm86/x87em.32
LOAD fs/fat/vfslink.32
LOAD fs/iso9660/vfslink.32
LOAD hal/sound/sndchannel.32
LOAD hal/sound/sndhw.32
LOAD hw/bus/isa.32
LOAD hw/bus/pci.32
LOAD hw/diskctrl/ide.32
LOAD hw/diskctrl/satabus.32
LOAD hw/diskphys/ata.32
LOAD hw/diskphys/atapi.32
LOAD hw/diskphys/sata.32
LOAD hw/diskphys/satapi.32
LOAD hw/fpu/avx.32
LOAD hw/fpu/mmx.32
LOAD hw/fpu/sse.32
LOAD hw/fpu/x87.32
LOAD hw/intctrl/apic.32
LOAD hw/intctrl/pic.32
LOAD hw/timer/apictimer.32
LOAD hw/timer/pit.32
LOAD hw/fpu/x86/avx.32
LOAD hw/fpu/x86/sse.32
LOAD hw/fpu/x86/x87.32
LOAD /cygdrive/d/Users/Alex/Desktop/Toolchain/Output/bin/../lib/gcc/i386-banana/8.1.0/crtend.o
LOAD crtn.32
LOAD /cygdrive/d/Users/Alex/Desktop/Toolchain/Output/bin/../lib/gcc/i386-banana/8.1.0/libkgcc.a
LOAD D:/Users/Alex/Desktop/Banana/kernel/libsoftfp.a
LOAD D:/Users/Alex/Desktop/Banana/kernel/libk/libm32.a
                0x00000000c0000000                . = 0xc0000000

.text           0x00000000c0000000    0x285e8
 *(.text)
 .text          0x00000000c0000000       0x41 D:/Users/Alex/Desktop/Banana/kernel/boot.32
                0x00000000c0000020                callGlobalConstructors
 .text          0x00000000c0000041        0x0 crti.32
 *fill*         0x00000000c0000041        0x3 
 .text          0x00000000c0000044      0x101 /cygdrive/d/Users/Alex/Desktop/Toolchain/Output/bin/../lib/gcc/i386-banana/8.1.0/crtbegin.o
 *fill*         0x00000000c0000145        0xb 
 .text          0x00000000c0000150      0x4ed D:/Users/Alex/Desktop/Banana/kernel/morenasm.32
                0x00000000c0000150                manualPCIProbe
                0x00000000c000019b                prepareTramp
                0x00000000c00001b4                voodooXADD
                0x00000000c000027f                doTPAUSE
                0x00000000c0000289                hasLegacyFPU
                0x00000000c00002ae                is486
                0x00000000c00002e4                detectCPUID
                0x00000000c00002fa                goToVM86
                0x00000000c000032a                goToUsermode
                0x00000000c0000354                switchToThreadASMFirstTime
                0x00000000c0000362                switchToThreadASM
                0x00000000c00003ea                asmQuickAcquireLock
                0x00000000c0000408                asmQuickReleaseLock
                0x00000000c0000414                asmAcquireLock
                0x00000000c0000435                asmReleaseLock
                0x00000000c0000448                loadGDT
                0x00000000c0000468                isr0
                0x00000000c0000478                isr1
                0x00000000c0000482                isr2
                0x00000000c000048c                isr3
                0x00000000c0000496                isr4
                0x00000000c00004a0                isr5
                0x00000000c00004aa                isr6
                0x00000000c00004b4                isr7
                0x00000000c00004be                isr8
                0x00000000c00004c6                isr9
                0x00000000c00004d0                isr10
                0x00000000c00004d8                isr11
                0x00000000c00004e0                isr12
                0x00000000c00004e8                isr13
                0x00000000c00004f0                isr14
                0x00000000c00004f8                isr15
                0x00000000c0000502                isr16
                0x00000000c000050c                isr17
                0x00000000c0000516                isr18
                0x00000000c0000520                irq3
                0x00000000c000052a                irq4
                0x00000000c0000534                irq5
                0x00000000c000053e                irq6
                0x00000000c0000548                irq7
                0x00000000c0000552                irq8
                0x00000000c000055c                irq9
                0x00000000c0000566                irq10
                0x00000000c0000570                irq11
                0x00000000c000057a                irq12
                0x00000000c0000584                irq13
                0x00000000c000058e                irq14
                0x00000000c0000598                irq15
                0x00000000c00005a2                irq1
                0x00000000c00005a9                irq2
                0x00000000c00005b0                isr96
                0x00000000c00005b7                irq0
                0x00000000c00005bc                int_common_stub
                0x00000000c00005bc                syscall_common_stub
                0x00000000c00005ed                irq16
                0x00000000c00005f7                irq17
                0x00000000c0000601                irq18
                0x00000000c000060b                irq19
                0x00000000c0000615                irq20
                0x00000000c000061f                irq21
                0x00000000c0000629                irq22
                0x00000000c0000633                irq23
 *fill*         0x00000000c000063d        0x3 
 .text          0x00000000c0000640      0x611 acpica/utclib.32
                0x00000000c0000640                memcmp
                0x00000000c000067c                memmove
                0x00000000c0000744                memcpy
                0x00000000c0000778                memset
                0x00000000c0000794                strlen
                0x00000000c00007ac                strpbrk
                0x00000000c00007e8                strtok
                0x00000000c0000834                strcpy
                0x00000000c0000858                strncpy
                0x00000000c00008c0                strcmp
                0x00000000c0000900                strchr
                0x00000000c0000924                strncmp
                0x00000000c0000974                strcat
                0x00000000c00009a4                strncat
                0x00000000c00009e0                strstr
                0x00000000c0000a28                toupper
                0x00000000c0000a3c                tolower
                0x00000000c0000a50                simple_strtoul
 .text          0x00000000c0000c51      0xfbf core/malloc.32
                0x00000000c0000dbc                dlfree
                0x00000000c0001117                dlmalloc
                0x00000000c0001654                dlrealloc
                0x00000000c0001809                dlmemalign
                0x00000000c000192c                dlcalloc
                0x00000000c00019c6                dlcfree
                0x00000000c00019cb                dlindependent_calloc
                0x00000000c00019f0                dlindependent_comalloc
                0x00000000c0001a07                dlvalloc
                0x00000000c0001a32                dlpvalloc
                0x00000000c0001a68                dlmalloc_trim
                0x00000000c0001a75                dlmalloc_usable_size
                0x00000000c0001aa6                dlmallinfo
                0x00000000c0001b75                dlmalloc_stats
                0x00000000c0001b86                dlmallopt
 .text          0x00000000c0001c10        0x0 libk/string.32
 .text          0x00000000c0001c10       0x51 fs/fat/diskio.32
                0x00000000c0001c10                disk_status
                0x00000000c0001c13                disk_initialize
                0x00000000c0001c16                disk_read
                0x00000000c0001c2c                disk_write
                0x00000000c0001c42                disk_ioctl
 .text          0x00000000c0001c61     0x6833 fs/fat/ff.32
                0x00000000c0004f2f                f_mount
                0x00000000c0004f91                f_open
                0x00000000c00053cd                f_read
                0x00000000c000564d                f_write
                0x00000000c0005907                f_sync
                0x00000000c0005ae3                f_close
                0x00000000c0005b12                f_lseek
                0x00000000c0005fc9                f_opendir
                0x00000000c00060cb                f_closedir
                0x00000000c00060ed                f_readdir
                0x00000000c0006188                f_stat
                0x00000000c0006217                f_getfree
                0x00000000c00063e2                f_truncate
                0x00000000c00064da                f_unlink
                0x00000000c000665d                f_mkdir
                0x00000000c0006889                f_rename
                0x00000000c0006b7c                f_chmod
                0x00000000c0006c5a                f_utime
                0x00000000c0006d38                f_getlabel
                0x00000000c0006f26                f_setlabel
                0x00000000c0007193                f_forward
                0x00000000c0007371                f_mkfs
 .text          0x00000000c0008494       0x2d fs/fat/ffsystem.32
                0x00000000c0008494                ff_memalloc
                0x00000000c00084aa                ff_memfree
 .text          0x00000000c00084c1      0x253 fs/fat/ffunicode.32
                0x00000000c00084c1                ff_uni2oem
                0x00000000c0008551                ff_oem2uni
                0x00000000c00085bd                ff_wtoupper
 .text          0x00000000c0008714      0x8fb hal/libresample/samplerate.32
                0x00000000c0008758                src_delete
                0x00000000c0008794                src_process
                0x00000000c000894a                src_callback_read
                0x00000000c0008ac7                src_set_ratio
                0x00000000c0008b31                src_get_channels
                0x00000000c0008b53                src_reset
                0x00000000c0008b9f                src_new
                0x00000000c0008c2d                src_callback_new
                0x00000000c0008c8f                src_get_name
                0x00000000c0008cc6                src_get_description
                0x00000000c0008cfd                src_get_version
                0x00000000c0008d03                src_is_valid_ratio
                0x00000000c0008d57                src_error
                0x00000000c0008d65                src_strerror
                0x00000000c0008d78                src_simple
                0x00000000c0008dcb                src_short_to_float_array
                0x00000000c0008e30                src_float_to_short_array
                0x00000000c0008eef                src_int_to_float_array
                0x00000000c0008f52                src_float_to_int_array
 .text          0x00000000c000900f      0x8cb hal/libresample/src_linear.32
                0x00000000c0009835                linear_get_name
                0x00000000c0009844                linear_get_description
                0x00000000c0009853                linear_set_converter
 .text          0x00000000c00098da     0x447c hal/libresample/src_sinc.32
                0x00000000c000dc6d                sinc_get_name
                0x00000000c000dc80                sinc_get_description
                0x00000000c000dc93                sinc_set_converter
 .text          0x00000000c000dd56      0x77c hal/libresample/src_zoh.32
                0x00000000c000e42d                zoh_get_name
                0x00000000c000e43c                zoh_get_description
                0x00000000c000e44b                zoh_set_converter
 .text          0x00000000c000e4d2       0x23 compat/inlines.32
                0x00000000c000e4d2                CPU::current()
                0x00000000c000e4df                operator new(unsigned long)
 .text          0x00000000c000e4f5      0x111 compat/resolve.32
                0x00000000c000e4f5                Krnl::resolveCompatibilitySymbol(char*)
 .text          0x00000000c000e606      0xa17 core/computer.32
                0x00000000c000e606                Computer::close(int, int, void*)
                0x00000000c000e64a                Krnl::firstTask()
                0x00000000c000e73a                Computer::Computer()
                0x00000000c000e73a                Computer::Computer()
                0x00000000c000e896                Computer::setBootMessage(char const*)
                0x00000000c000e898                Computer::detectFeatures()
                0x00000000c000eaa2                Computer::displayFeatures()
                0x00000000c000ede8                Computer::rdmsr(unsigned int)
                0x00000000c000ee14                Computer::wrmsr(unsigned int, unsigned long long)
                0x00000000c000ee4c                Computer::nmiEnabled()
                0x00000000c000ee58                Computer::readCMOS(unsigned char)
                0x00000000c000ee72                Computer::enableNMI(bool)
                0x00000000c000ee8a                Computer::open(int, int, void*)
                0x00000000c000ef60                Computer::disableNMI()
                0x00000000c000ef6e                Computer::writeCMOS(unsigned char, unsigned char)
                0x00000000c000ef8c                Computer::handleNMI()
                0x00000000c000eff2                Computer::setDiskActivityLight(int, bool)
 *fill*         0x00000000c000f01d        0x1 
 .text          0x00000000c000f01e      0x1b7 core/gdt.32
                0x00000000c000f01e                GDTEntry::setBase(unsigned int)
                0x00000000c000f03a                GDTEntry::setLimit(unsigned int)
                0x00000000c000f058                GDT::GDT()
                0x00000000c000f058                GDT::GDT()
                0x00000000c000f06e                GDT::addEntry(GDTEntry)
                0x00000000c000f0aa                GDT::getNumberOfEntries()
                0x00000000c000f0b2                GDT::flush()
                0x00000000c000f0d4                GDT::setup()
 .text          0x00000000c000f1d5       0x62 core/idle.32
                0x00000000c000f1d5                idleFunction(void*)
 *fill*         0x00000000c000f237        0x1 
 .text          0x00000000c000f238      0x45f core/idt.32
                0x00000000c000f238                IDTEntry::IDTEntry(bool)
                0x00000000c000f238                IDTEntry::IDTEntry(bool)
                0x00000000c000f2a6                IDTEntry::setOffset(unsigned int)
                0x00000000c000f2ba                IDT::IDT()
                0x00000000c000f2ba                IDT::IDT()
                0x00000000c000f2bc                IDT::getPointerToInvalidOpcodeEntryForF00F()
                0x00000000c000f2c4                IDT::addEntry(IDTEntry, int)
                0x00000000c000f2de                IDT::addEntry(int, void (*)(), bool)
                0x00000000c000f316                IDT::flush()
                0x00000000c000f330                IDT::setup()
 .text          0x00000000c000f697      0x206 core/kheap.32
                0x00000000c000f697                sbrk
                0x00000000c000f7a5                mmap
                0x00000000c000f7bb                munmap
                0x00000000c000f7d1                liballoc_lock()
                0x00000000c000f7e2                liballoc_unlock()
                0x00000000c000f7f3                liballoc_alloc(int)
                0x00000000c000f811                liballoc_free(void*, int)
                0x00000000c000f82f                realloc
                0x00000000c000f843                malloc
                0x00000000c000f853                free
                0x00000000c000f863                rfree
                0x00000000c000f873                calloc
 .text          0x00000000c000f89d      0x485 core/main.32
                0x00000000c000f89d                hwTextMode_loadInData(VgaText*)
                0x00000000c000f8e8                hwTextMode_loadInTitle(VgaText*, char*)
                0x00000000c000f966                hwTextMode_showCursor(VgaText*, bool)
                0x00000000c000f9c4                hwTextMode_update(VgaText*)
                0x00000000c000f9c5                hwTextMode_updateCursor(VgaText*)
                0x00000000c000fa16                hwTextMode_disableBlink(VgaText*, bool)
                0x00000000c000fa5c                hwTextMode_scrollScreen(VgaText*)
                0x00000000c000fb09                hwTextMode_writeCharacter(VgaText*, char, VgaColour, VgaColour, int, int)
                0x00000000c000fb8b                setupTextMode()
                0x00000000c000fbfb                kernel_main
 .text          0x00000000c000fd22      0x56a core/physmgr.32
                0x00000000c000fd22                Phys::allocateDMA(unsigned long)
                0x00000000c000fdc5                Phys::freeDMA(unsigned long, unsigned long)
                0x00000000c000fe0d                Phys::setPageState(unsigned long, bool)
                0x00000000c000fe3f                Phys::getPageState(unsigned long)
                0x00000000c000fe5b                Phys::freePage(unsigned long)
                0x00000000c000fee5                Phys::allocatePage()
                0x00000000c000ffca                Phys::allocateContiguousPages(int)
                0x00000000c0010024                Phys::allowSegmentToBeUsed(unsigned long, unsigned long)
                0x00000000c001005c                Phys::physicalMemorySetup(unsigned int)
 .text          0x00000000c001028c      0x273 core/pipe.32
                0x00000000c001028c                Pipe::isAtty()
                0x00000000c0010290                Pipe::~Pipe()
                0x00000000c0010290                Pipe::~Pipe()
                0x00000000c00102b4                Pipe::~Pipe()
                0x00000000c00102dc                Pipe::read(unsigned long long, void*, int*)
                0x00000000c00103d0                Pipe::write(unsigned long long, void*, int*)
                0x00000000c0010498                Pipe::Pipe(int)
                0x00000000c0010498                Pipe::Pipe(int)
 *fill*         0x00000000c00104ff        0x1 
 .text          0x00000000c0010500      0xf73 core/terminal.32
                0x00000000c0010500                VgaText::isAtty()
                0x00000000c0010504                VgaText::~VgaText()
                0x00000000c0010504                VgaText::~VgaText()
                0x00000000c0010528                VgaText::~VgaText()
                0x00000000c0010552                VgaText::read(unsigned long long, void*, int*)
                0x00000000c0010572                setTerminalScrollLock(bool)
                0x00000000c0010573                addToTerminalCycle(VgaText*)
                0x00000000c00105a0                installVgaTextImplementation()
                0x00000000c00105b5                scrollTerminalScrollLock(int)
                0x00000000c00105b6                VgaText::load()
                0x00000000c001060a                VgaText::updateCursor()
                0x00000000c0010624                VgaText::showCursor(bool)
                0x00000000c0010634                VgaText::disableBlink(bool)
                0x00000000c001066e                VgaText::doANSI_SGR(int)
                0x00000000c00106fa                VgaText::setDefaultBgColour(VgaColour)
                0x00000000c0010710                VgaText::setDefaultFgColour(VgaColour)
                0x00000000c0010726                VgaText::setDefaultColours(VgaColour, VgaColour)
                0x00000000c0010746                VgaText::combineColours(unsigned char, unsigned char)
                0x00000000c0010758                VgaText::scrollScreen()
                0x00000000c00107ec                VgaText::combineCharAndColour(char, unsigned char)
                0x00000000c00107fe                VgaText::writeCharacter(char, VgaColour, VgaColour, int, int)
                0x00000000c001085e                VgaText::getCursorX()
                0x00000000c001086a                VgaText::getCursorY()
                0x00000000c0010876                VgaText::setCursor(int, int)
                0x00000000c0010894                VgaText::setCursorX(int)
                0x00000000c00108b0                VgaText::setCursorY(int)
                0x00000000c00108cc                VgaText::incrementCursor(bool)
                0x00000000c0010934                VgaText::updateRAMUsageDisplay(int)
                0x00000000c0010998                VgaText::updateDiskUsage()
                0x00000000c0010b02                VgaText::updateTitle()
                0x00000000c0010b48                VgaText::setTitleTextColour(VgaColour)
                0x00000000c0010b58                VgaText::setTitleColour(VgaColour)
                0x00000000c0010b68                VgaText::setTitle(char*)
                0x00000000c0010b8e                VgaText::decrementCursor(bool)
                0x00000000c0010bb6                VgaText::putchar(char, VgaColour, VgaColour)
                0x00000000c0010cb2                VgaText::isShowingCursor()
                0x00000000c0010cbe                VgaText::isBlinkDisabled()
                0x00000000c0010ccc                VgaText::setCursorHeight(int)
                0x00000000c0010cea                VgaText::getCursorHeight()
                0x00000000c0010cf5                setActiveTerminal(VgaText*)
                0x00000000c0010da7                doTerminalCycle()
                0x00000000c0010dc4                VgaText::doUpdate()
                0x00000000c0010dd6                VgaText::puts(char const*, VgaColour, VgaColour)
                0x00000000c0010f96                VgaText::clearScreen()
                0x00000000c0010ffa                VgaText::putchar(char)
                0x00000000c0011114                VgaText::puts(char const*)
                0x00000000c001113a                VgaText::putx(unsigned int)
                0x00000000c0011180                VgaText::VgaText(char const*)
                0x00000000c0011180                VgaText::VgaText(char const*)
                0x00000000c0011312                VgaText::receiveKey(unsigned char)
                0x00000000c00113fa                VgaText::write(unsigned long long, void*, int*)
                0x00000000c001144e                newTerminal(char*)
 *fill*         0x00000000c0011473        0x1 
 .text          0x00000000c0011474      0x1b3 core/tss.32
                0x00000000c0011474                TSS::TSS()
                0x00000000c0011474                TSS::TSS()
                0x00000000c0011482                TSS::setESP(unsigned long)
                0x00000000c0011494                TSS::flush()
                0x00000000c00114b4                TSS::setup(unsigned long, unsigned long)
 *fill*         0x00000000c0011627        0x1 
 .text          0x00000000c0011628      0x4c2 core/unixfile.32
                0x00000000c0011628                ReservedFilename::read(unsigned long long, void*, int*)
                0x00000000c001167e                ReservedFilename::isAtty()
                0x00000000c001169a                ReservedFilename::write(unsigned long long, void*, int*)
                0x00000000c00116f8                UnixFile::getFileDescriptor()
                0x00000000c0011700                UnixFile::UnixFile(int)
                0x00000000c0011700                UnixFile::UnixFile(int)
                0x00000000c00118b0                ReservedFilename::ReservedFilename(int)
                0x00000000c00118b0                ReservedFilename::ReservedFilename(int)
                0x00000000c00118e2                UnixFile::~UnixFile()
                0x00000000c00118e2                UnixFile::~UnixFile()
                0x00000000c001197a                UnixFile::~UnixFile()
                0x00000000c00119a2                ReservedFilename::~ReservedFilename()
                0x00000000c00119a2                ReservedFilename::~ReservedFilename()
                0x00000000c00119c6                ReservedFilename::~ReservedFilename()
                0x00000000c00119ed                getFromFileDescriptor(int)
 .text          0x00000000c0011aea     0x124d core/virtmgr.32
                0x00000000c0011aea                Virt::setPageState(unsigned long, Virt::VirtPageState)
                0x00000000c0011b1f                Virt::getPageState(unsigned long)
                0x00000000c0011b43                Virt::allocateKernelVirtualPages(int)
                0x00000000c0011c54                Virt::freeSwapfilePage(unsigned long)
                0x00000000c0011c72                Virt::swapIDToSector(unsigned long)
                0x00000000c0011c84                Virt::allocateSwapfilePage()
                0x00000000c0011d02                Virt::virtualMemorySetup()
                0x00000000c0011d81                Virt::swappingSetup()
                0x00000000c0011dde                Virt::getAKernelVAS()
                0x00000000c0011de4                Virt::setupPageSwapping(int)
                0x00000000c0011f14                VAS::VAS()
                0x00000000c0011f14                VAS::VAS()
                0x00000000c0011f50                VAS::VAS(VAS*)
                0x00000000c0011f50                VAS::VAS(VAS*)
                0x00000000c0011f7e                VAS::getForeignPageTableEntry(bool, unsigned long)
                0x00000000c0011faa                VAS::getPageTableEntry(unsigned long)
                0x00000000c0011fc9                Virt::freeKernelVirtualPages(unsigned long)
                0x00000000c00120ec                VAS::freeAllocatedPages(unsigned long)
                0x00000000c0012110                VAS::virtualToPhysical(unsigned long)
                0x00000000c0012128                VAS::reflagRange(unsigned long, int, int, int)
                0x00000000c0012168                VAS::setToWriteCombining(unsigned long, int)
                0x00000000c001219a                VAS::mapOtherVASIn(bool, VAS*)
                0x00000000c00121c4                VAS::~VAS()
                0x00000000c00121c4                VAS::~VAS()
                0x00000000c0012330                VAS::mapPage(unsigned long, unsigned long, int)
                0x00000000c0012430                VAS::allocatePages(int, int)
                0x00000000c0012608                VAS::setCPUSpecific(unsigned long)
                0x00000000c0012624                VAS::mapRange(unsigned long, unsigned long, int, int)
                0x00000000c00126ea                VAS::mapForeignPage(bool, VAS*, unsigned long, unsigned long, int)
                0x00000000c00127d8                VAS::VAS(bool)
                0x00000000c00127d8                VAS::VAS(bool)
                0x00000000c0012a3e                VAS::evict(unsigned long)
                0x00000000c0012ada                VAS::tryLoadBackOffDisk(unsigned long)
                0x00000000c0012bde                VAS::scanForEviction()
                0x00000000c0012c7b                mapVASFirstTime
 .text          0x00000000c0012d37       0x95 coreobjs/c++.32
                0x00000000c0012d37                __cxa_atexit
                0x00000000c0012d3a                __cxa_finalize
                0x00000000c0012d3b                __stack_chk_fail
                0x00000000c0012da7                __cxa_pure_virtual
                0x00000000c0012db8                operator new[](unsigned long)
                0x00000000c0012dbd                operator delete(void*, unsigned long)
                0x00000000c0012dc2                operator delete[](void*)
                0x00000000c0012dc7                operator delete[](void*, unsigned long)
 .text          0x00000000c0012dcc      0x1ef dbg/kconsole.32
                0x00000000c0012dcc                Dbg::stringifyxWithBase(unsigned int, char*, int)
                0x00000000c0012e2d                Dbg::logc(char)
                0x00000000c0012e44                Dbg::logs(char*)
                0x00000000c0012e61                Dbg::logWriteInt(unsigned int)
                0x00000000c0012e7e                Dbg::logWriteIntBase(unsigned int, int)
                0x00000000c0012e9d                Dbg::kprintf(char const*, ...)
 *fill*         0x00000000c0012fbb        0x1 
 .text          0x00000000c0012fbc      0xb7c fs/vfs.32
                0x00000000c0012fbc                File::read(unsigned long long, void*, int*)
                0x00000000c0013014                File::write(unsigned long long, void*, int*)
                0x00000000c001306c                Directory::read(unsigned long long, void*, int*)
                0x00000000c00130c4                Directory::write(unsigned long long, void*, int*)
                0x00000000c00130f2                File::isAtty()
                0x00000000c00130f6                Directory::isAtty()
                0x00000000c00130fa                Filesystem::getlabel(LogicalDisk*, int, char*, unsigned int*)
                0x00000000c0013100                Filesystem::setlabel(LogicalDisk*, int, char*)
                0x00000000c0013106                File::~File()
                0x00000000c0013106                File::~File()
                0x00000000c001312a                File::~File()
                0x00000000c0013154                Directory::~Directory()
                0x00000000c0013154                Directory::~Directory()
                0x00000000c0013178                Directory::~Directory()
                0x00000000c00131a2                Filesystem::Filesystem()
                0x00000000c00131a2                Filesystem::Filesystem()
                0x00000000c00131c6                Filesystem::~Filesystem()
                0x00000000c00131c6                Filesystem::~Filesystem()
                0x00000000c00131d4                Filesystem::~Filesystem()
                0x00000000c00131f8                Fs::getcwd(Process*, char*, int)
                0x00000000c0013222                Fs::initVFS()
                0x00000000c001324c                Fs::standardiseFiles(char*, char const*, char const*)
                0x00000000c00133f6                File::File(char const*, Process*)
                0x00000000c00133f6                File::File(char const*, Process*)
                0x00000000c001345a                File::open(FileOpenMode)
                0x00000000c00134b8                File::close()
                0x00000000c0013518                File::seek(unsigned long long)
                0x00000000c001356e                File::tell(unsigned long long*)
                0x00000000c00135be                File::rewind()
                0x00000000c00135d2                File::unlink()
                0x00000000c001361e                File::rename(char const*)
                0x00000000c001366c                File::chfatattr(unsigned char, unsigned char)
                0x00000000c00136c8                File::exists()
                0x00000000c0013706                File::stat(unsigned long long*, bool*)
                0x00000000c0013767                Fs::setcwd(Process*, char*)
                0x00000000c00138a2                Directory::Directory(char const*, Process*)
                0x00000000c00138a2                Directory::Directory(char const*, Process*)
                0x00000000c0013906                Directory::open()
                0x00000000c0013962                Directory::close()
                0x00000000c00139c2                Directory::unlink()
                0x00000000c0013a0e                Directory::rename(char const*)
                0x00000000c0013a5c                Directory::exists()
                0x00000000c0013a9a                Directory::read(dirent*)
                0x00000000c0013ae6                Directory::create()
                0x00000000c0013b32                Filesystem::chfatattr(char const*, unsigned char, unsigned char)
 .text          0x00000000c0013b38       0x84 hal/bus.32
                0x00000000c0013b38                Bus::Bus(char const*)
                0x00000000c0013b38                Bus::Bus(char const*)
                0x00000000c0013b6e                Bus::~Bus()
                0x00000000c0013b6e                Bus::~Bus()
                0x00000000c0013b92                Bus::~Bus()
 .text          0x00000000c0013bbc      0x14e hal/buzzer.32
                0x00000000c0013bbc                Buzzer::Buzzer(char const*)
                0x00000000c0013bbc                Buzzer::Buzzer(char const*)
                0x00000000c0013c00                Buzzer::~Buzzer()
                0x00000000c0013c00                Buzzer::~Buzzer()
                0x00000000c0013c24                Buzzer::~Buzzer()
                0x00000000c0013c4e                Buzzer::stop()
                0x00000000c0013c61                beepThread(void*)
                0x00000000c0013c9c                Buzzer::beep(int, int, bool)
 .text          0x00000000c0013d0a      0x467 hal/clock.32
                0x00000000c0013d0a                User::loadClockSettings(int)
                0x00000000c0013d5c                Clock::Clock(char const*)
                0x00000000c0013d5c                Clock::Clock(char const*)
                0x00000000c0013d92                Clock::~Clock()
                0x00000000c0013d92                Clock::~Clock()
                0x00000000c0013db6                Clock::~Clock()
                0x00000000c0013de0                Clock::timeInSecondsLocal()
                0x00000000c0013e28                Clock::setTimeInSecondsLocal(unsigned long long)
                0x00000000c0013e81                datetimeToSeconds(datetime_t)
                0x00000000c0013fa8                Clock::setTimeInDatetimeLocal(datetime_t)
                0x00000000c0014008                secondsToDatetime(unsigned long long)
                0x00000000c001414c                Clock::timeInDatetimeLocal()
 *fill*         0x00000000c0014171        0x1 
 .text          0x00000000c0014172      0x4de hal/device.32
                0x00000000c0014172                Device::hibernate()
                0x00000000c0014174                Device::wake()
                0x00000000c0014176                Device::detect()
                0x00000000c0014178                Device::disableLegacy()
                0x00000000c001417a                Device::powerSaving(PowerSavingLevel)
                0x00000000c001417c                DriverlessDevice::close(int, int, void*)
                0x00000000c0014180                DriverlessDevice::detect()
                0x00000000c0014182                DriverlessDevice::open(int, int, void*)
                0x00000000c0014196                Device::~Device()
                0x00000000c0014196                Device::~Device()
                0x00000000c00141a4                Device::~Device()
                0x00000000c00141cc                Device::findAndLoadDriver()
                0x00000000c00141ce                Device::preOpenPCI(PCIDeviceInfo)
                0x00000000c00141f4                Device::preOpenACPI(void*, char*, char*)
                0x00000000c0014248                Device::addIRQHandler(int, void (*)(regs*, void*), bool, void*)
                0x00000000c0014286                Device::removeIRQHandler(int, void (*)(regs*, void*), bool)
                0x00000000c00142c4                Device::addChild(Device*)
                0x00000000c0014308                Device::removeAllChildren()
                0x00000000c001434e                Device::hibernateAll()
                0x00000000c001437e                Device::wakeAll()
                0x00000000c00143ae                Device::detectAll()
                0x00000000c00143de                Device::disableLegacyAll()
                0x00000000c001440e                Device::loadDriversForAll()
                0x00000000c001443a                Device::closeAll()
                0x00000000c0014470                Device::powerSavingAll(PowerSavingLevel)
                0x00000000c00144a6                Device::setName(char const*)
                0x00000000c00144b4                Device::Device(char const*)
                0x00000000c00144b4                Device::Device(char const*)
                0x00000000c00145b0                Device::getName()
                0x00000000c00145ba                DriverlessDevice::DriverlessDevice(char const*)
                0x00000000c00145ba                DriverlessDevice::DriverlessDevice(char const*)
                0x00000000c00145e2                Device::addToLinkedList(LinkedList<Device>&, DeviceType)
                0x00000000c0014626                getDevicesOfType(DeviceType)
 .text          0x00000000c0014650       0x84 hal/diskctrl.32
                0x00000000c0014650                HardDiskController::HardDiskController(char const*)
                0x00000000c0014650                HardDiskController::HardDiskController(char const*)
                0x00000000c0014686                HardDiskController::~HardDiskController()
                0x00000000c0014686                HardDiskController::~HardDiskController()
                0x00000000c00146aa                HardDiskController::~HardDiskController()
 .text          0x00000000c00146d4       0xf2 hal/diskphys.32
                0x00000000c00146d4                PhysicalDisk::eject()
                0x00000000c00146e8                PhysicalDisk::PhysicalDisk(char const*, int)
                0x00000000c00146e8                PhysicalDisk::PhysicalDisk(char const*, int)
                0x00000000c0014750                PhysicalDisk::startCache()
                0x00000000c0014778                PhysicalDisk::~PhysicalDisk()
                0x00000000c0014778                PhysicalDisk::~PhysicalDisk()
                0x00000000c001479c                PhysicalDisk::~PhysicalDisk()
 .text          0x00000000c00147c6      0x13b hal/fpu.32
                0x00000000c00147c6                FPU::FPU(char const*)
                0x00000000c00147c6                FPU::FPU(char const*)
                0x00000000c00147fc                FPU::~FPU()
                0x00000000c00147fc                FPU::~FPU()
                0x00000000c0014820                FPU::~FPU()
                0x00000000c001484a                setupFPU()
 *fill*         0x00000000c0014901        0x1 
 .text          0x00000000c0014902     0x13e1 hal/intctrl.32
                0x00000000c0014902                InterruptController::uninstallISRHandler(int, void (*)(regs*, void*))
                0x00000000c001493a                InterruptController::installISRHandler(int, void (*)(regs*, void*), void*)
                0x00000000c001498c                doubleFault(regs*, void*)
                0x00000000c00149a6                InterruptController::installIRQHandler(int, void (*)(regs*, void*), bool, void*)
                0x00000000c0014a42                InterruptController::clearAllHandlers(int, bool)
                0x00000000c0014aea                InterruptController::uninstallIRQHandler(int, void (*)(regs*, void*), bool)
                0x00000000c0014b71                nmiHandler(regs*, void*)
                0x00000000c0014b7f                int_handler
                0x00000000c0014c20                InterruptController::InterruptController(char const*)
                0x00000000c0014c20                InterruptController::InterruptController(char const*)
                0x00000000c0014cc6                InterruptController::~InterruptController()
                0x00000000c0014cc6                InterruptController::~InterruptController()
                0x00000000c0014cea                InterruptController::~InterruptController()
                0x00000000c0014d14                displayDebugInfo(regs*)
                0x00000000c00151a3                x87EmulHandler(regs*, void*)
                0x00000000c00151d5                gpFault(regs*, void*)
                0x00000000c001520e                pgFault(regs*, void*)
                0x00000000c001524a                otherISRHandler(regs*, void*)
                0x00000000c0015269                opcodeFault(regs*, void*)
                0x00000000c001586f                displayProgramFault(char const*)
                0x00000000c0015897                setupInterruptController()
                0x00000000c0015c96                InterruptController::convertLegacyIRQNumber(int)
 *fill*         0x00000000c0015ce3        0x1 
 .text          0x00000000c0015ce4      0x6c8 hal/keybrd.32
                0x00000000c0015ce4                startGUI(void*)
                0x00000000c0015d40                startGUIVESA(void*)
                0x00000000c0015d9c                sendKeyToTerminal(unsigned char)
                0x00000000c0015e08                sendKeyboardToken(KeyboardToken)
                0x00000000c0016245                clearInternalKeybuffer(VgaText*)
                0x00000000c001627a                readKeyboard(VgaText*, char*, unsigned long)
                0x00000000c0016322                Keyboard::Keyboard(char const*)
                0x00000000c0016322                Keyboard::Keyboard(char const*)
                0x00000000c001635e                Keyboard::~Keyboard()
                0x00000000c001635e                Keyboard::~Keyboard()
                0x00000000c0016382                Keyboard::~Keyboard()
 .text          0x00000000c00163ac      0x414 hal/logidisk.32
                0x00000000c00163ac                LogicalDisk::close(int, int, void*)
                0x00000000c00163b0                LogicalDisk::~LogicalDisk()
                0x00000000c00163b0                LogicalDisk::~LogicalDisk()
                0x00000000c00163d4                LogicalDisk::~LogicalDisk()
                0x00000000c00163fe                LogicalDisk::open(int, int, void*)
                0x00000000c0016412                LogicalDisk::absoluteToRelative(unsigned long long)
                0x00000000c001644a                LogicalDisk::relativeToAbsolute(unsigned long long)
                0x00000000c0016490                LogicalDisk::LogicalDisk(char const*, PhysicalDisk*, unsigned long long, unsigned long long)
                0x00000000c0016490                LogicalDisk::LogicalDisk(char const*, PhysicalDisk*, unsigned long long, unsigned long long)
                0x00000000c0016546                LogicalDisk::assignDriveLetter()
                0x00000000c00165fc                LogicalDisk::mount()
                0x00000000c001666e                LogicalDisk::unmount()
                0x00000000c001667e                LogicalDisk::eject()
                0x00000000c0016692                LogicalDisk::unassignDriveLetter()
                0x00000000c00166e8                LogicalDisk::read(unsigned long long, int, void*)
                0x00000000c0016754                LogicalDisk::write(unsigned long long, int, void*)
 .text          0x00000000c00167c0       0x84 hal/mouse.32
                0x00000000c00167c0                Mouse::Mouse(char const*)
                0x00000000c00167c0                Mouse::Mouse(char const*)
                0x00000000c00167f6                Mouse::~Mouse()
                0x00000000c00167f6                Mouse::~Mouse()
                0x00000000c001681a                Mouse::~Mouse()
 .text          0x00000000c0016844      0x34d hal/partition.32
                0x00000000c0016844                makePartition(PhysicalDisk*, unsigned long long, unsigned long long)
                0x00000000c0016900                createPartitionsForDisk(PhysicalDisk*)
 *fill*         0x00000000c0016b91        0x1 
 .text          0x00000000c0016b92       0x84 hal/serial.32
                0x00000000c0016b92                Serial::Serial(char const*)
                0x00000000c0016b92                Serial::Serial(char const*)
                0x00000000c0016bc8                Serial::~Serial()
                0x00000000c0016bc8                Serial::~Serial()
                0x00000000c0016bec                Serial::~Serial()
 .text          0x00000000c0016c16      0x2b8 hal/timer.32
                0x00000000c0016c16                Timer::Timer(char const*)
                0x00000000c0016c16                Timer::Timer(char const*)
                0x00000000c0016c4c                Timer::~Timer()
                0x00000000c0016c4c                Timer::~Timer()
                0x00000000c0016c70                Timer::~Timer()
                0x00000000c0016c9a                Timer::read()
                0x00000000c0016ca5                timerHandler(unsigned long long)
                0x00000000c0016ddc                setupTimer(int)
 .text          0x00000000c0016ece      0x425 hal/vcache.32
                0x00000000c0016ece                VCache::VCache(PhysicalDisk*)
                0x00000000c0016ece                VCache::VCache(PhysicalDisk*)
                0x00000000c0017036                VCache::invalidateReadBuffer()
                0x00000000c0017046                VCache::writeWriteBuffer()
                0x00000000c0017082                VCache::~VCache()
                0x00000000c0017082                VCache::~VCache()
                0x00000000c00170d6                VCache::~VCache()
                0x00000000c00170fe                VCache::write(unsigned long long, int, void*)
                0x00000000c00171f4                VCache::read(unsigned long long, int, void*)
 *fill*         0x00000000c00172f3        0x1 
 .text          0x00000000c00172f4      0x4cd hal/video.32
                0x00000000c00172f4                Video::putrect(int, int, int, int, unsigned int)
                0x00000000c0017340                Video::bitblit(int, int, int, int, int, int, int, unsigned int*)
                0x00000000c00173b0                Video::blit(unsigned int*, int, int, int, int)
                0x00000000c001742e                Video::clearScreen(unsigned int)
                0x00000000c0017462                Video::putpixel(int, int, unsigned int)
                0x00000000c0017470                Video::Video(char const*)
                0x00000000c0017470                Video::Video(char const*)
                0x00000000c00174a6                Video::~Video()
                0x00000000c00174a6                Video::~Video()
                0x00000000c00174ca                Video::~Video()
                0x00000000c00174f4                Video::isMonochrome()
                0x00000000c0017500                Video::getWidth()
                0x00000000c001750c                Video::getHeight()
                0x00000000c0017518                Video::drawCursor(int, int, unsigned char*, int)
                0x00000000c00175d4                Video::tgaParse(unsigned char*, int, int*, int*)
                0x00000000c0017756                Video::putTGA(int, int, unsigned char*, int)
 *fill*         0x00000000c00177c1        0x1 
 .text          0x00000000c00177c2      0xf74 hw/acpi.32
                0x00000000c00177c2                ACPI::close(int, int, void*)
                0x00000000c0017877                findRSDP()
                0x00000000c0017911                loadACPITables(unsigned char*)
                0x00000000c0017b38                findRSDT(unsigned char*)
                0x00000000c0017c56                findDataTable(unsigned char*, char*)
                0x00000000c0017cf2                scanMADT()
                0x00000000c0018178                ACPI::ACPI()
                0x00000000c0018178                ACPI::ACPI()
                0x00000000c00181e2                ACPI::getPCIIRQAssignment(unsigned char, unsigned short, unsigned char)
                0x00000000c00182c4                ACPI::registerPCIIRQAssignment(void*, unsigned short, unsigned char, unsigned char)
                0x00000000c001838a                ACPI::setScreenBrightnessLevel(void*, int)
                0x00000000c0018390                ACPI::writeSimpleBootFlag(SimpleBootFlagTable*)
                0x00000000c00183d8                ACPI::open(int, int, void*)
                0x00000000c001871e                ACPI::sleep()
 .text          0x00000000c0018736     0x1715 hw/cpu.32
                0x00000000c0018736                CPU::close(int, int, void*)
                0x00000000c001873a                CPU::lookupAMDName(unsigned char, unsigned char)
                0x00000000c00188ce                CPU::lookupIntelName(unsigned char, unsigned char)
                0x00000000c0018b7c                CPU::AMD_K6_write_msr(unsigned int, unsigned int, unsigned int, CPU::REGS*)
                0x00000000c0018b98                CPU::AMD_K6_read_msr(unsigned int, CPU::REGS*)
                0x00000000c0018bb0                CPU::AMD_K6_writeback(int, int, int)
                0x00000000c0018c24                CPU::cpuid(int, unsigned long*, unsigned long*, unsigned long*, unsigned long*)
                0x00000000c0018ca8                CPU::cpuidCheckEDX(unsigned int)
                0x00000000c0018cd6                CPU::cpuidCheckECX(unsigned int)
                0x00000000c0018d04                CPU::cpuidCheckExtendedEBX(unsigned int)
                0x00000000c0018d32                CPU::cpuidCheckExtendedECX(unsigned int)
                0x00000000c0018d60                CPU::CPU()
                0x00000000c0018d60                CPU::CPU()
                0x00000000c0018dee                CPU::displayFeatures()
                0x00000000c001906a                CPU::detectFeatures()
                0x00000000c0019a5a                CPU::setupSMEP()
                0x00000000c0019a66                CPU::setupUMIP()
                0x00000000c0019a70                CPU::setupTSC()
                0x00000000c0019a7a                CPU::setupLargePages()
                0x00000000c0019a84                CPU::setupPAT()
                0x00000000c0019ac0                CPU::setupMTRR()
                0x00000000c0019ac2                CPU::setupGlobalPages()
                0x00000000c0019acc                CPU::allowUsermodeDataAccess()
                0x00000000c0019ade                CPU::prohibitUsermodeDataAccess()
                0x00000000c0019af0                CPU::setupSMAP()
                0x00000000c0019afe                CPU::setupFeatures()
                0x00000000c0019b7e                CPU::open(int, int, void*)
                0x00000000c0019c50                CPU::decodeAddress(regs*, int*, bool*, unsigned char*)
 .text          0x00000000c0019e4b        0x0 hw/ports.32
 .text          0x00000000c0019e4b      0x16a hw/smp.32
                0x00000000c0019e4b                Krnl::smpEntry()
                0x00000000c0019e4d                Krnl::startCPU(int)
                0x00000000c0019f96                Krnl::startCPUs()
 *fill*         0x00000000c0019fb5        0x1 
 .text          0x00000000c0019fb6      0x5d3 krnl/env.32
                0x00000000c0019fb6                EnvVarContainer::getEnv(char const*)
                0x00000000c0019ff4                EnvVarContainer::setEnv(char const*, char const*)
                0x00000000c001a0c0                EnvVarContainer::deleteEnv(char const*)
                0x00000000c001a0c2                EnvVarContainer::loadFrom(char const*, char const*)
                0x00000000c001a2b8                EnvVarContainer::__loadSystem()
                0x00000000c001a2d2                EnvVarContainer::__loadUser()
                0x00000000c001a2d4                EnvVarContainer::EnvVarContainer(Process*)
                0x00000000c001a2d4                EnvVarContainer::EnvVarContainer(Process*)
                0x00000000c001a2f6                EnvVarContainer::~EnvVarContainer()
                0x00000000c001a2f6                EnvVarContainer::~EnvVarContainer()
                0x00000000c001a326                Krnl::getEnv(Process*, char const*)
                0x00000000c001a38b                Krnl::setEnvSystem(char const*, char const*)
                0x00000000c001a3a5                Krnl::setEnvUser(char const*, char const*)
                0x00000000c001a3c4                Krnl::setEnvProcess(Process*, char const*, char const*)
                0x00000000c001a3d7                Krnl::deleteEnvSystem(char const*)
                0x00000000c001a3d8                Krnl::deleteEnvUser(char const*)
                0x00000000c001a3d9                Krnl::deleteEnvProcess(Process*, char const*)
                0x00000000c001a3da                Krnl::newProcessEnv(Process*)
                0x00000000c001a3fc                Krnl::copyProcessEnv(Process*, Process*)
                0x00000000c001a450                Krnl::loadSystemEnv()
                0x00000000c001a47e                Krnl::loadUserEnv()
                0x00000000c001a4a4                Krnl::flushEnv()
                0x00000000c001a4a5                Krnl::getProcessTotalEnvCount(Process*)
                0x00000000c001a4c5                Krnl::getProcessEnvPair(Process*, int)
 .text          0x00000000c001a589      0x396 krnl/panic.32
                0x00000000c001a589                Krnl::panic(char const*)
 .text          0x00000000c001a91f      0x3b6 net/ethernet.32
                0x00000000c001a91f                Net::switchEndian16(unsigned short)
                0x00000000c001a940                Net::switchEndian32(unsigned int)
                0x00000000c001a96f                Net::crc32Calc(unsigned char*, int)
                0x00000000c001aa00                Net::wrapEthernetFrame(Net::UnwrappedEthernetFrame, unsigned char*)
                0x00000000c001ab3c                Net::unwrapEthernetFrame(unsigned char*, int)
 .text          0x00000000c001acd5      0x513 reg/registry.32
                0x00000000c001acd5                Reg::findLineFromLoadedData(char*, char*, char*)
                0x00000000c001ae2d                Reg::getLineFromRegistry(char*, char*, char*, char*)
                0x00000000c001af82                Reg::getLine(char*, char*, char*)
                0x00000000c001afb9                Reg::readInt(char*, char*, int*)
                0x00000000c001b0a4                Reg::readString(char*, char*, char*, int)
                0x00000000c001b125                Reg::readBool(char*, char*, bool*)
                0x00000000c001b14a                Reg::readBoolWithDefault(char*, char*, bool)
                0x00000000c001b176                Reg::readIntWithDefault(char*, char*, int)
                0x00000000c001b1a2                Reg::readStringWithDefault(char*, char*, char*, int, char*)
 .text          0x00000000c001b1e8       0x36 sys/sc_eject.32
                0x00000000c001b1e8                Sys::eject(regs*)
 .text          0x00000000c001b21e       0x18 sys/sc_exit.32
                0x00000000c001b21e                Sys::exit(regs*)
 .text          0x00000000c001b236       0x1f sys/sc_getcwd.32
                0x00000000c001b236                Sys::getCwd(regs*)
 .text          0x00000000c001b255        0xc sys/sc_getpid.32
                0x00000000c001b255                Sys::getPID(regs*)
 .text          0x00000000c001b261       0x17 sys/sc_getramdata.32
                0x00000000c001b261                Sys::getRAMData(regs*)
 .text          0x00000000c001b278       0xa8 sys/sc_loaddll.32
                0x00000000c001b278                Sys::loadDLL(regs*)
 .text          0x00000000c001b320       0x68 sys/sc_read.32
                0x00000000c001b320                Sys::read(regs*)
 .text          0x00000000c001b388       0x55 sys/sc_sbrk.32
                0x00000000c001b388                Sys::sbrk(regs*)
 .text          0x00000000c001b3dd       0x1c sys/sc_setcwd.32
                0x00000000c001b3dd                Sys::setCwd(regs*)
 .text          0x00000000c001b3f9      0x128 sys/sc_settime.32
                0x00000000c001b3f9                Sys::setTime(regs*)
 .text          0x00000000c001b521       0x4a sys/sc_timezone.32
                0x00000000c001b521                Sys::timezone(regs*)
 .text          0x00000000c001b56b       0x68 sys/sc_write.32
                0x00000000c001b56b                Sys::write(regs*)
 .text          0x00000000c001b5d3       0x62 sys/sc_wsbe.32
                0x00000000c001b5d3                Sys::wsbe(regs*)
 .text          0x00000000c001b635       0x3b sys/sc_yield.32
                0x00000000c001b635                Sys::yield(regs*)
 .text          0x00000000c001b670     0x10e5 sys/syscalls.32
                0x00000000c001b670                sysCallSeekDir(regs*)
                0x00000000c001b675                sysCallTellDir(regs*)
                0x00000000c001b67a                sysCallVerify(regs*)
                0x00000000c001b684                sysFormatDisk(regs*)
                0x00000000c001b6ee                sysSetDiskVolumeLabel(regs*)
                0x00000000c001b734                sysGetDiskVolumeLabel(regs*)
                0x00000000c001b785                sysShutdown(regs*)
                0x00000000c001b7e3                sysCallRealpath(regs*)
                0x00000000c001b826                sysCallGetArgc(regs*)
                0x00000000c001b854                sysCallReadDir(regs*)
                0x00000000c001b8e2                sysCallIsATTY(regs*)
                0x00000000c001b93c                sysCallSeek(regs*)
                0x00000000c001b9a5                sysCallTell(regs*)
                0x00000000c001ba22                sysCallSize(regs*)
                0x00000000c001baa5                sysCallSizeFromFilename(regs*)
                0x00000000c001bb65                sysCallClose(regs*)
                0x00000000c001bbed                sysCallOpenDir(regs*)
                0x00000000c001bc62                sysCallCloseDir(regs*)
                0x00000000c001bcc8                sysCallMakeDir(regs*)
                0x00000000c001bd38                sysCallWait(regs*)
                0x00000000c001bd52                sysCallNotImpl(regs*)
                0x00000000c001bd6d                sysPanic(regs*)
                0x00000000c001bd93                sysCallRmdir(regs*)
                0x00000000c001bdf7                sysCallUnlink(regs*)
                0x00000000c001be5b                sysCallGetArgv(regs*)
                0x00000000c001bea7                sysCallTTYName(regs*)
                0x00000000c001bf2a                sysCallUSleep(regs*)
                0x00000000c001bf51                sysCallSpawn(regs*)
                0x00000000c001bfa9                sysCallGetEnv(regs*)
                0x00000000c001c0e1                sysAppSettings(regs*)
                0x00000000c001c200                sysSetFatAttrib(regs*)
                0x00000000c001c272                sysPipe(regs*)
                0x00000000c001c2b7                sysGetUnixTime(regs*)
                0x00000000c001c2cb                string_ends_with(char const*, char const*)
                0x00000000c001c313                sysCallOpen(regs*)
                0x00000000c001c528                Sys::loadSyscalls()
                0x00000000c001c713                Sys::systemCall(regs*, void*)
 .text          0x00000000c001c755     0x11d4 thr/elf.32
                0x00000000c001c755                Thr::allocateMemoryForTask(Process*, File*, unsigned long, unsigned long, unsigned long)
                0x00000000c001c9e7                Thr::loadProgramIntoMemory(Process*, char const*)
                0x00000000c001cbfd                Thr::runtimeReferenceHelper()
                0x00000000c001cc10                Thr::getAddressOfKernelSymbol(char const*)
                0x00000000c001cc5f                Thr::loadKernelSymbolTable(char const*)
                0x00000000c001cf1d                Thr::loadDriverIntoMemory(char const*, unsigned long, bool)
                0x00000000c001d639                Thr::getDriverBaseFromAddress(unsigned long)
                0x00000000c001d66b                Thr::getDriverNameFromAddress(unsigned long)
                0x00000000c001d6a2                Thr::getDriverOffsetFromAddress(unsigned long)
                0x00000000c001d6bc                Thr::loadDLL(char const*, bool)
                0x00000000c001d8f0                Thr::executeDLL(unsigned long, void*)
 *fill*         0x00000000c001d929        0x1 
 .text          0x00000000c001d92a     0x1064 thr/prcssthr.32
                0x00000000c001d92a                changeTSS
                0x00000000c001d95a                Process::addArgs(char**)
                0x00000000c001d9b4                Process::Process(char const*, Process*, char**)
                0x00000000c001d9b4                Process::Process(char const*, Process*, char**)
                0x00000000c001db98                Process::Process(bool, char const*, Process*, char**)
                0x00000000c001db98                Process::Process(bool, char const*, Process*, char**)
                0x00000000c001dd47                disableIRQs()
                0x00000000c001dd4f                getIRQNestingLevel()
                0x00000000c001dd55                enableIRQs()
                0x00000000c001dd64                lockScheduler()
                0x00000000c001dd66                unlockScheduler()
                0x00000000c001dd68                userModeEntryPoint(void*)
                0x00000000c001dd8b                lockStuff()
                0x00000000c001dd97                taskStartupFunction
                0x00000000c001dda0                updateTimeUsed()
                0x00000000c001de05                switchToThread(ThreadControlBlock*)
                0x00000000c001de56                Semaphore::Semaphore(int)
                0x00000000c001de56                Semaphore::Semaphore(int)
                0x00000000c001de84                Mutex::Mutex()
                0x00000000c001de84                Mutex::Mutex()
                0x00000000c001de96                Process::createThread(void (*)(void*), void*, int)
                0x00000000c001df7a                Process::createUserThread()
                0x00000000c001df96                setupMultitasking(void (*)())
                0x00000000c001e0ae                schedule()
                0x00000000c001e133                unlockStuff()
                0x00000000c001e168                Semaphore::tryAcquire()
                0x00000000c001e196                Semaphore::assertLocked(char const*)
                0x00000000c001e1c6                blockTaskWithSchedulerLockAlreadyHeld(TaskState)
                0x00000000c001e208                blockTask(TaskState)
                0x00000000c001e229                waitTask(int, int*, int)
                0x00000000c001e26b                nanoSleepUntil(unsigned long long)
                0x00000000c001e2c2                nanoSleep(unsigned long long)
                0x00000000c001e2d7                sleep(unsigned long long)
                0x00000000c001e2f4                Semaphore::acquire()
                0x00000000c001e35c                taskReturned
                0x00000000c001e38a                unblockTask(ThreadControlBlock*)
                0x00000000c001e439                cleanupTerminatedTask(ThreadControlBlock*)
                0x00000000c001e702                cleanerTaskFunction(void*)
                0x00000000c001e7b5                terminateTask(int)
                0x00000000c001e895                Thr::terminateFromIRQ(int)
                0x00000000c001e8a2                Semaphore::release()
 .text          0x00000000c001e98e      0xc26 vm86/vm8086.32
                0x00000000c001e98e                Vm::inbv(unsigned short)
                0x00000000c001e9a1                Vm::outbv(unsigned short, unsigned char)
                0x00000000c001e9f4                Vm::realToLinear(unsigned short, unsigned short)
                0x00000000c001ea04                Vm::getSegment(unsigned int)
                0x00000000c001ea0c                Vm::getOffset(unsigned int)
                0x00000000c001ea11                Vm::mainloop2()
                0x00000000c001ea4c                Vm::mainVm8086Loop(void*)
                0x00000000c001ea59                Vm::mainloop3(unsigned long)
                0x00000000c001ea83                Vm::initialise8086()
                0x00000000c001eac6                Vm::finish8086()
                0x00000000c001eb0b                Vm::getOutput8086(unsigned char*)
                0x00000000c001eb35                Vm::start8086(char const*, unsigned short, unsigned short, unsigned short, unsigned short)
                0x00000000c001ec85                Vm::doISR(regs*, int, unsigned char*, unsigned short, unsigned short)
                0x00000000c001ed0f                Vm::readByteFromReal(unsigned short, unsigned short)
                0x00000000c001ed20                Vm::readWordFromReal(unsigned short, unsigned short)
                0x00000000c001ed32                Vm::readDwordFromReal(unsigned short, unsigned short)
                0x00000000c001ed43                Vm::writeByteFromReal(unsigned short, unsigned short, unsigned char)
                0x00000000c001ed58                Vm::writeWordFromReal(unsigned short, unsigned short, unsigned short)
                0x00000000c001ed6e                Vm::writeDwordFromReal(unsigned short, unsigned short, unsigned int)
                0x00000000c001ed83                Vm::faultHandler(regs*)
 .text          0x00000000c001f5b4      0xefd vm86/x87em.32
                0x00000000c001f5b4                Vm::fpuInternalTo32(unsigned long long)
                0x00000000c001f60f                Vm::fpuInternalTo64(unsigned long long)
                0x00000000c001f618                Vm::fpu32ToInternal(unsigned int)
                0x00000000c001f65d                Vm::fpu64ToInternal(unsigned long long)
                0x00000000c001f666                Vm::fpuFloatToLong(unsigned long long)
                0x00000000c001f6c1                Vm::fpuULongToFloat(unsigned long long)
                0x00000000c001f6f7                Vm::fpuLongToFloat(long long)
                0x00000000c001f74d                Vm::fpuGet0()
                0x00000000c001f752                Vm::fpuGet1()
                0x00000000c001f75a                Vm::fpuGetPi()
                0x00000000c001f762                Vm::fpuGetLog2E()
                0x00000000c001f77a                Vm::fpuGetLogE2()
                0x00000000c001f792                Vm::fpuGetLog210()
                0x00000000c001f7aa                Vm::fpuGetLog102()
                0x00000000c001f7c2                Vm::fpuIsSecondLarger(unsigned long long, unsigned long long)
                0x00000000c001f7d6                Vm::fpuAreEqual(unsigned long long, unsigned long long)
                0x00000000c001f7ec                Vm::fpuUnorderedCompare(unsigned long long, unsigned long long)
                0x00000000c001f83f                Vm::fpuAdd(unsigned long long, unsigned long long)
                0x00000000c001f850                Vm::fpuAbs(unsigned long long)
                0x00000000c001f859                Vm::fpuChs(unsigned long long)
                0x00000000c001f869                Vm::fpuSub(unsigned long long, unsigned long long)
                0x00000000c001f878                Vm::fpuMultiply(unsigned long long, unsigned long long)
                0x00000000c001f897                Vm::fpuDivide(unsigned long long, unsigned long long)
                0x00000000c001f8b3                Vm::fpuSquare(unsigned long long)
                0x00000000c001f8c9                Vm::fpuGetReg(int)
                0x00000000c001f90c                Vm::fpuSetReg(int, unsigned long long)
                0x00000000c001f957                Vm::fpuPush(unsigned long long)
                0x00000000c001f9b4                Vm::fpuPop()
                0x00000000c001fa06                Vm::x87Handler(regs*)
 *fill*         0x00000000c00204b1        0x1 
 .text          0x00000000c00204b2     0x10ed fs/fat/vfslink.32
                0x00000000c00204b2                FAT::getName()
                0x00000000c00204b8                FAT::tell(void*, unsigned long long*)
                0x00000000c00204ec                FAT::stat(void*, unsigned long long*)
                0x00000000c0020520                FAT::~FAT()
                0x00000000c0020520                FAT::~FAT()
                0x00000000c0020544                FAT::~FAT()
                0x00000000c002056c                FAT::getlabel(LogicalDisk*, int, char*, unsigned int*)
                0x00000000c002060a                FAT::setlabel(LogicalDisk*, int, char*)
                0x00000000c00206c4                FAT::format(LogicalDisk*, int, char const*, int)
                0x00000000c00208a8                FAT::tryMount(LogicalDisk*, int)
                0x00000000c0020aae                FAT::readDir(void*, unsigned long, void*, int*)
                0x00000000c0020bb4                FAT::read(void*, unsigned long, void*, int*)
                0x00000000c0020c0e                FAT::write(void*, unsigned long, void*, int*)
                0x00000000c0020c68                FAT::close(void*)
                0x00000000c0020cb4                FAT::closeDir(void*)
                0x00000000c0020d00                FAT::seek(void*, unsigned long long)
                0x00000000c0020d54                fatWrapperReadDisk
                0x00000000c0020d9b                fatWrapperWriteDisk
                0x00000000c0020de2                fatWrapperIoctl
                0x00000000c0020ee6                FAT::FAT()
                0x00000000c0020ee6                FAT::FAT()
                0x00000000c0020f38                FAT::fixFilepath(char*)
                0x00000000c0020f70                FAT::open(char const*, void**, FileOpenMode)
                0x00000000c0021098                FAT::openDir(char const*, void**)
                0x00000000c002113e                FAT::stat(char const*, unsigned long long*, bool*)
                0x00000000c0021228                FAT::unlink(char const*)
                0x00000000c00212a2                FAT::chfatattr(char const*, unsigned char, unsigned char)
                0x00000000c00213f6                FAT::rename(char const*, char const*)
                0x00000000c00214ba                FAT::mkdir(char const*)
                0x00000000c0021534                FAT::exists(char const*)
 *fill*         0x00000000c002159f        0x1 
 .text          0x00000000c00215a0      0xbc1 fs/iso9660/vfslink.32
                0x00000000c00215a0                ISO9660::format(LogicalDisk*, int, char const*, int)
                0x00000000c00215a6                ISO9660::seek(void*, unsigned long long)
                0x00000000c00215d6                ISO9660::tell(void*, unsigned long long*)
                0x00000000c00215fa                ISO9660::getName()
                0x00000000c0021600                ISO9660::stat(void*, unsigned long long*)
                0x00000000c0021624                ISO9660::chfatattr(char const*, unsigned char, unsigned char)
                0x00000000c002162a                ISO9660::unlink(char const*)
                0x00000000c0021630                ISO9660::write(void*, unsigned long, void*, int*)
                0x00000000c0021636                ISO9660::rename(char const*, char const*)
                0x00000000c002163c                ISO9660::mkdir(char const*)
                0x00000000c0021642                ISO9660::close(void*)
                0x00000000c0021664                ISO9660::closeDir(void*)
                0x00000000c0021686                ISO9660::~ISO9660()
                0x00000000c0021686                ISO9660::~ISO9660()
                0x00000000c00216aa                ISO9660::~ISO9660()
                0x00000000c00216d1                __memmem(unsigned char*, int, unsigned char*, int)
                0x00000000c0021713                readSectorFromCDROM(unsigned int, unsigned char*, char)
                0x00000000c002177a                ISO9660::tryMount(LogicalDisk*, int)
                0x00000000c00217ca                ISO9660::read(void*, unsigned long, void*, int*)
                0x00000000c00219ca                ISO9660::readDir(void*, unsigned long, void*, int*)
                0x00000000c0021c57                readRoot(unsigned int*, unsigned int*, char)
                0x00000000c0021cac                readRecursively(char*, unsigned int, unsigned int, unsigned int*, unsigned int*, char, int*)
                0x00000000c0021e7f                getFileData(char*, unsigned int*, unsigned int*, char, int*)
                0x00000000c0021f0e                ISO9660::open(char const*, void**, FileOpenMode)
                0x00000000c0021fce                ISO9660::exists(char const*)
                0x00000000c0021ff2                ISO9660::stat(char const*, unsigned long long*, bool*)
                0x00000000c0022086                ISO9660::openDir(char const*, void**)
                0x00000000c002213e                ISO9660::ISO9660()
                0x00000000c002213e                ISO9660::ISO9660()
 *fill*         0x00000000c0022161        0x1 
 .text          0x00000000c0022162      0x326 hal/sound/sndchannel.32
                0x00000000c0022162                SoundChannel::~SoundChannel()
                0x00000000c0022162                SoundChannel::~SoundChannel()
                0x00000000c002217e                SoundChannel::setSpeed(float)
                0x00000000c002218a                SoundChannel::getSpeed()
                0x00000000c0022192                SoundChannel::setVolume(int)
                0x00000000c00221ae                SoundChannel::getVolume()
                0x00000000c00221b6                SoundChannel::pause()
                0x00000000c00221c0                SoundChannel::SoundChannel(int, int, int, int)
                0x00000000c00221c0                SoundChannel::SoundChannel(int, int, int, int)
                0x00000000c0022316                SoundChannel::play()
                0x00000000c0022320                SoundChannel::paused()
                0x00000000c0022328                SoundChannel::getSampleRate()
                0x00000000c0022330                SoundChannel::getBits()
                0x00000000c0022338                SoundChannel::getBufferUsed()
                0x00000000c0022340                SoundChannel::getBufferSize()
                0x00000000c0022348                SoundChannel::unbuffer(float*, int, int)
                0x00000000c00223e8                SoundChannel::buffer8(unsigned char*, int)
 .text          0x00000000c0022488      0x3d5 hal/sound/sndhw.32
                0x00000000c0022488                SoundDevice::SoundDevice(char const*)
                0x00000000c0022488                SoundDevice::SoundDevice(char const*)
                0x00000000c00224f4                SoundDevice::~SoundDevice()
                0x00000000c00224f4                SoundDevice::~SoundDevice()
                0x00000000c002256e                SoundDevice::~SoundDevice()
                0x00000000c0022598                SoundDevice::getFreeChannelNum()
                0x00000000c00225b2                SoundDevice::addChannel(SoundChannel*)
                0x00000000c0022622                SoundDevice::removeChannel(int)
                0x00000000c0022654                SoundDevice::floatTo8(float*, unsigned char*, int)
                0x00000000c002273c                SoundDevice::getAudio(int, float*, float*)
 .text          0x00000000c002285d        0x0 hw/bus/isa.32
 *fill*         0x00000000c002285d        0x1 
 .text          0x00000000c002285e      0x6c3 hw/bus/pci.32
                0x00000000c002285e                PCI::open(int, int, void*)
                0x00000000c0022872                PCI::close(int, int, void*)
                0x00000000c0022876                PCI::PCI()
                0x00000000c0022876                PCI::PCI()
                0x00000000c00228f6                PCI::pciReadWord(unsigned char, unsigned char, unsigned char, unsigned char)
                0x00000000c002293e                PCI::getVendorID(unsigned char, unsigned char, unsigned char)
                0x00000000c0022960                PCI::getHeaderType(unsigned char, unsigned char, unsigned char)
                0x00000000c0022984                PCI::getClassCode(unsigned char, unsigned char, unsigned char)
                0x00000000c00229c8                PCI::getProgIF(unsigned char, unsigned char, unsigned char)
                0x00000000c00229ec                PCI::getRevisionID(unsigned char, unsigned char, unsigned char)
                0x00000000c0022a0e                PCI::getInterruptNumber(unsigned char, unsigned char, unsigned char)
                0x00000000c0022a30                PCI::getSecondaryBus(unsigned char, unsigned char, unsigned char)
                0x00000000c0022a54                PCI::getBARAddress(unsigned char, unsigned char, unsigned char, unsigned char)
                0x00000000c0022ab4                PCI::pciWriteWord(unsigned char, unsigned char, unsigned char, unsigned char, unsigned short)
                0x00000000c0022b20                PCI::checkBus(unsigned char)
                0x00000000c0022b44                PCI::foundDevice(PCIDeviceInfo)
                0x00000000c0022cb6                PCI::getDeviceData(unsigned char, unsigned char, unsigned char)
                0x00000000c0022e62                PCI::checkDevice(unsigned char, unsigned char)
                0x00000000c0022ece                PCI::detect()
 *fill*         0x00000000c0022f21        0x1 
 .text          0x00000000c0022f22      0xc70 hw/diskctrl/ide.32
                0x00000000c0022f22                IDE::close(int, int, void*)
                0x00000000c0022f26                IDE::IDE()
                0x00000000c0022f26                IDE::IDE()
                0x00000000c0022f5a                IDE::prepareInterrupt(unsigned char)
                0x00000000c0022f6c                selectDrive(unsigned char, unsigned char)
                0x00000000c0022f6e                IDE::getBase(unsigned char)
                0x00000000c0022f80                IDE::write(unsigned char, unsigned char, unsigned char)
                0x00000000c0023040                IDE::read(unsigned char, unsigned char)
                0x00000000c00230ee                IDE::waitInterrupt(unsigned char)
                0x00000000c0023154                ideChannel0IRQHandler(regs*, void*)
                0x00000000c0023170                ideChannel1IRQHandler(regs*, void*)
                0x00000000c002318c                IDE::enableIRQs(unsigned char, bool)
                0x00000000c00231d2                IDE::open(int, int, void*)
                0x00000000c00235e2                IDE::readBuffer(unsigned char, unsigned char, unsigned int, unsigned int)
                0x00000000c00236ae                IDE::detect()
                0x00000000c0023996                IDE::printError(unsigned char, unsigned char, unsigned char)
                0x00000000c0023b2c                IDE::polling(unsigned char, unsigned int)
 .text          0x00000000c0023b92      0x390 hw/diskctrl/satabus.32
                0x00000000c0023b92                SATABus::close(int, int, void*)
                0x00000000c0023b96                SATABus::detect()
                0x00000000c0023b98                SATABus::SATABus()
                0x00000000c0023b98                SATABus::SATABus()
                0x00000000c0023c44                SATABus::findCmdslot(SATABus::tagHBA_PORT volatile*)
                0x00000000c0023c8c                SATABus::checkType(SATABus::tagHBA_PORT volatile*)
                0x00000000c0023cd4                SATABus::startCmd(SATABus::tagHBA_PORT volatile*)
                0x00000000c0023cf4                SATABus::stopCmd(SATABus::tagHBA_PORT volatile*)
                0x00000000c0023d1e                SATABus::portRebase(SATABus::tagHBA_PORT volatile*, int)
                0x00000000c0023e24                SATABus::probePort(SATABus::tagHBA_MEM volatile*)
                0x00000000c0023f02                SATABus::open(int, int, void*)
 .text          0x00000000c0023f22      0x63c hw/diskphys/ata.32
                0x00000000c0023f22                ATA::close(int, int, void*)
                0x00000000c0023f46                ATA::powerSaving(PowerSavingLevel)
                0x00000000c0023f48                ATA::ATA()
                0x00000000c0023f48                ATA::ATA()
                0x00000000c0023f76                ATA::flush(bool)
                0x00000000c0023fc0                ATA::readyForCommand()
                0x00000000c0024010                ATA::access(unsigned long long, int, void*, bool)
                0x00000000c0024398                ATA::read(unsigned long long, int, void*)
                0x00000000c0024400                ATA::write(unsigned long long, int, void*)
                0x00000000c0024468                ATA::detectCHS()
                0x00000000c0024492                ATA::open(int, int, void*)
 .text          0x00000000c002455e      0x5bd hw/diskphys/atapi.32
                0x00000000c002455e                ATAPI::write(unsigned long long, int, void*)
                0x00000000c0024564                ATAPI::close(int, int, void*)
                0x00000000c0024588                ATAPI::ATAPI()
                0x00000000c0024588                ATAPI::ATAPI()
                0x00000000c00245b6                ATAPI::readyForCommand()
                0x00000000c0024606                ATAPI::sendPacket(unsigned char*, int, bool, unsigned short*, int)
                0x00000000c00248c6                ATAPI::diskRemoved()
                0x00000000c00248e2                ATAPI::eject()
                0x00000000c002492a                ATAPI::diskInserted()
                0x00000000c0024958                ATAPI::detectMedia()
                0x00000000c0024a14                ATAPI::open(int, int, void*)
                0x00000000c0024a9c                ATAPI::read(unsigned long long, int, void*)
 *fill*         0x00000000c0024b1b        0x1 
 .text          0x00000000c0024b1c      0x455 hw/diskphys/sata.32
                0x00000000c0024b1c                SATA::close(int, int, void*)
                0x00000000c0024b40                SATA::powerSaving(PowerSavingLevel)
                0x00000000c0024b42                SATA::open(int, int, void*)
                0x00000000c0024bf0                SATA::SATA()
                0x00000000c0024bf0                SATA::SATA()
                0x00000000c0024c1e                SATA::access(unsigned long long, int, void*, bool)
                0x00000000c0024e84                SATA::read(unsigned long long, int, void*)
                0x00000000c0024eec                SATA::write(unsigned long long, int, void*)
 *fill*         0x00000000c0024f71        0x1 
 .text          0x00000000c0024f72      0x500 hw/diskphys/satapi.32
                0x00000000c0024f72                SATAPI::write(unsigned long long, int, void*)
                0x00000000c0024f78                SATAPI::close(int, int, void*)
                0x00000000c0024f9c                SATAPI::SATAPI()
                0x00000000c0024f9c                SATAPI::SATAPI()
                0x00000000c0024fca                SATAPI::diskRemoved()
                0x00000000c0024fe6                SATAPI::diskInserted()
                0x00000000c0025014                SATAPI::sendPacket(unsigned char*, int, unsigned long long, unsigned short*, int)
                0x00000000c0025218                SATAPI::eject()
                0x00000000c0025260                SATAPI::detectMedia()
                0x00000000c0025322                SATAPI::open(int, int, void*)
                0x00000000c00253d0                SATAPI::read(unsigned long long, int, void*)
 .text          0x00000000c0025472       0x8e hw/fpu/avx.32
                0x00000000c0025472                AVX::open(int, int, void*)
                0x00000000c0025484                AVX::close(int, int, void*)
                0x00000000c0025496                AVX::available()
                0x00000000c00254a8                AVX::save(void*)
                0x00000000c00254c0                AVX::load(void*)
                0x00000000c00254d8                AVX::AVX()
                0x00000000c00254d8                AVX::AVX()
 .text          0x00000000c0025500       0x90 hw/fpu/mmx.32
                0x00000000c0025500                MMX::available()
                0x00000000c0025514                MMX::open(int, int, void*)
                0x00000000c0025526                MMX::close(int, int, void*)
                0x00000000c0025538                MMX::save(void*)
                0x00000000c0025550                MMX::load(void*)
                0x00000000c0025568                MMX::MMX()
                0x00000000c0025568                MMX::MMX()
 .text          0x00000000c0025590       0x96 hw/fpu/sse.32
                0x00000000c0025590                SSE::open(int, int, void*)
                0x00000000c00255a2                SSE::close(int, int, void*)
                0x00000000c00255b4                SSE::available()
                0x00000000c00255ce                SSE::save(void*)
                0x00000000c00255e6                SSE::load(void*)
                0x00000000c00255fe                SSE::SSE()
                0x00000000c00255fe                SSE::SSE()
 .text          0x00000000c0025626       0x8e hw/fpu/x87.32
                0x00000000c0025626                x87::open(int, int, void*)
                0x00000000c0025638                x87::close(int, int, void*)
                0x00000000c002564a                x87::available()
                0x00000000c002565c                x87::save(void*)
                0x00000000c0025674                x87::load(void*)
                0x00000000c002568c                x87::x87()
                0x00000000c002568c                x87::x87()
 .text          0x00000000c00256b4      0x71e hw/intctrl/apic.32
                0x00000000c00256b4                APIC::disable()
                0x00000000c00256b6                APIC::close(int, int, void*)
                0x00000000c00256d8                IOAPIC::close(int, int, void*)
                0x00000000c00256de                APIC::io_wait()
                0x00000000c00256e4                APIC::getBase()
                0x00000000c0025726                APIC::eoi(unsigned char)
                0x00000000c0025754                APIC::open(int, int, void*)
                0x00000000c00258a2                IOAPIC::IOAPIC()
                0x00000000c00258a2                IOAPIC::IOAPIC()
                0x00000000c00258ca                APIC::APIC()
                0x00000000c00258ca                APIC::APIC()
                0x00000000c00259a6                IOAPIC::handlesGSIWithNumber(unsigned int)
                0x00000000c00259d8                IOAPIC::read(int)
                0x00000000c0025a00                IOAPIC::open(int, int, void*)
                0x00000000c0025af6                IOAPIC::write(int, int)
                0x00000000c0025b22                IOAPIC::redirect(unsigned char, unsigned long long, unsigned char, bool, bool)
                0x00000000c0025c1c                APIC::installIRQHandler(int, void (*)(regs*, void*), bool, void*)
 .text          0x00000000c0025dd2      0x3d3 hw/intctrl/pic.32
                0x00000000c0025dd2                PIC::disable()
                0x00000000c0025e00                PIC::close(int, int, void*)
                0x00000000c0025e22                PIC::PIC()
                0x00000000c0025e22                PIC::PIC()
                0x00000000c0025ef8                PIC::ioWait()
                0x00000000c0025efe                PIC::getIRQReg(int)
                0x00000000c0025f68                PIC::eoi(unsigned char)
                0x00000000c0025ffa                PIC::remap()
                0x00000000c0026166                PIC::open(int, int, void*)
 *fill*         0x00000000c00261a5        0x1 
 .text          0x00000000c00261a6      0x25e hw/timer/apictimer.32
                0x00000000c00261a6                APICTimer::close(int, int, void*)
                0x00000000c00261ac                apicTimerHandler(regs*, void*)
                0x00000000c00261da                APICTimer::write(int)
                0x00000000c00262de                APICTimer::open(int, int, void*)
                0x00000000c00263dc                APICTimer::APICTimer()
                0x00000000c00263dc                APICTimer::APICTimer()
 .text          0x00000000c0026404      0x1a7 hw/timer/pit.32
                0x00000000c0026404                PIT::write(int)
                0x00000000c0026482                pitHandler(regs*, void*)
                0x00000000c00264ae                PIT::open(int, int, void*)
                0x00000000c00264fc                PIT::close(int, int, void*)
                0x00000000c002652c                PIT::PIT()
                0x00000000c002652c                PIT::PIT()
 *fill*         0x00000000c00265ab        0x5 
 .text          0x00000000c00265b0       0x1e hw/fpu/x86/avx.32
                0x00000000c00265b0                avxDetect
                0x00000000c00265b6                avxSave
                0x00000000c00265b7                avxLoad
                0x00000000c00265b8                avxInit
                0x00000000c00265b9                avxClose
                0x00000000c00265ba                wouldSheSayYes
 *fill*         0x00000000c00265ce        0x2 
 .text          0x00000000c00265d0       0x35 hw/fpu/x86/sse.32
                0x00000000c00265d0                absolutelyNoChanceInHell
                0x00000000c00265d0                sseDetect
                0x00000000c00265e8                sseSave
                0x00000000c00265ee                sseLoad
                0x00000000c00265f4                sseInit
                0x00000000c0026604                sseClose
 *fill*         0x00000000c0026605        0xb 
 .text          0x00000000c0026610       0x47 hw/fpu/x86/x87.32
                0x00000000c0026616                x87Detect
                0x00000000c0026631                x87Save
                0x00000000c0026637                x87Load
                0x00000000c002663c                x87Init
                0x00000000c0026656                x87Close
 *fill*         0x00000000c0026657        0x1 
 .text          0x00000000c0026658       0x25 /cygdrive/d/Users/Alex/Desktop/Toolchain/Output/bin/../lib/gcc/i386-banana/8.1.0/crtend.o
 .text          0x00000000c002667d        0x0 crtn.32
 *fill*         0x00000000c002667d        0x3 
 .text          0x00000000c0026680      0x14b /cygdrive/d/Users/Alex/Desktop/Toolchain/Output/bin/../lib/gcc/i386-banana/8.1.0/libkgcc.a(_divdi3.o)
                0x00000000c0026680                __divdi3
 *fill*         0x00000000c00267cb        0x1 
 .text          0x00000000c00267cc      0x17e /cygdrive/d/Users/Alex/Desktop/Toolchain/Output/bin/../lib/gcc/i386-banana/8.1.0/libkgcc.a(_moddi3.o)
                0x00000000c00267cc                __moddi3
 *fill*         0x00000000c002694a        0x2 
 .text          0x00000000c002694c       0xff /cygdrive/d/Users/Alex/Desktop/Toolchain/Output/bin/../lib/gcc/i386-banana/8.1.0/libkgcc.a(_udivdi3.o)
                0x00000000c002694c                __udivdi3
 *fill*         0x00000000c0026a4b        0x1 
 .text          0x00000000c0026a4c      0x11a /cygdrive/d/Users/Alex/Desktop/Toolchain/Output/bin/../lib/gcc/i386-banana/8.1.0/libkgcc.a(_umoddi3.o)
                0x00000000c0026a4c                __umoddi3
 .text          0x00000000c0026b66      0x96d D:/Users/Alex/Desktop/Banana/kernel/libsoftfp.a(sfieeelib.o)
                0x00000000c0026b66                __addsf3
                0x00000000c0026e68                __subsf3
                0x00000000c0026e7c                __negsf2
                0x00000000c0026e89                __mulsf3
                0x00000000c002704c                __divsf3
                0x00000000c0027277                __floatsisf
                0x00000000c00272eb                __floatunsisf
                0x00000000c002732d                __fixsfsi
                0x00000000c002738f                __fixunssfsi
                0x00000000c00273c0                __cmpsf2
                0x00000000c0027455                __eqsf2