Archive member included to satisfy reference by file (symbol)

/cygdrive/d/Users/Alex/Desktop/Toolchain/Output/bin/../lib/gcc/i386-banana/8.1.0/libgcc.a(_divdi3.o)
                              fs/fat/ff.32 (__divdi3)
/cygdrive/d/Users/Alex/Desktop/Toolchain/Output/bin/../lib/gcc/i386-banana/8.1.0/libgcc.a(_moddi3.o)
                              core/elf.32 (__moddi3)
/cygdrive/d/Users/Alex/Desktop/Toolchain/Output/bin/../lib/gcc/i386-banana/8.1.0/libgcc.a(_udivdi3.o)
                              fs/fat/ff.32 (__udivdi3)
/cygdrive/d/Users/Alex/Desktop/Toolchain/Output/bin/../lib/gcc/i386-banana/8.1.0/libgcc.a(_umoddi3.o)
                              core/elf.32 (__umoddi3)
D:/Users/Alex/Desktop/Banana/kernel/libk/libm32.a(s_fabs.c.o)
                              hal/libresample/samplerate.32 (fabs)
D:/Users/Alex/Desktop/Banana/kernel/libk/libm32.a(s_lrint.S.o)
                              hal/libresample/samplerate.32 (lrint)
D:/Users/Alex/Desktop/Banana/kernel/libk/libm32.a(s_lrintf.S.o)
                              hal/sound/sndhw.32 (lrintf)

Discarded input sections

 .comment       0x0000000000000000       0x12 /cygdrive/d/Users/Alex/Desktop/Toolchain/Output/bin/../lib/gcc/i386-banana/8.1.0/crtbegin.o
 .comment       0x0000000000000000       0x12 acpica/utclib.32
 .comment       0x0000000000000000       0x12 core/malloc.32
 .comment       0x0000000000000000       0x12 libk/string.32
 .comment       0x0000000000000000       0x12 fs/fat/diskio.32
 .comment       0x0000000000000000       0x12 fs/fat/ff.32
 .comment       0x0000000000000000       0x12 fs/fat/ffsystem.32
 .comment       0x0000000000000000       0x12 fs/fat/ffunicode.32
 .comment       0x0000000000000000       0x12 hal/libresample/samplerate.32
 .comment       0x0000000000000000       0x12 hal/libresample/src_linear.32
 .comment       0x0000000000000000       0x12 hal/libresample/src_sinc.32
 .comment       0x0000000000000000       0x12 hal/libresample/src_zoh.32
 .group         0x0000000000000000       0x14 core/computer.32
 .group         0x0000000000000000        0xc core/computer.32
 .comment       0x0000000000000000       0x12 core/computer.32
 .comment       0x0000000000000000       0x12 core/elf.32
 .comment       0x0000000000000000       0x12 core/gdt.32
 .group         0x0000000000000000        0xc core/idle.32
 .comment       0x0000000000000000       0x12 core/idle.32
 .comment       0x0000000000000000       0x12 core/idt.32
 .group         0x0000000000000000        0x8 core/kconsole.32
 .group         0x0000000000000000        0x8 core/kconsole.32
 .group         0x0000000000000000        0x8 core/kconsole.32
 .group         0x0000000000000000        0x8 core/kconsole.32
 .comment       0x0000000000000000       0x12 core/kconsole.32
 .group         0x0000000000000000        0x8 core/kheap.32
 .group         0x0000000000000000        0x8 core/kheap.32
 .text._ZN3CPU7readCR3Ev
                0x0000000000000000       0x12 core/kheap.32
 .comment       0x0000000000000000       0x12 core/kheap.32
 .comment       0x0000000000000000       0x12 core/main.32
 .comment       0x0000000000000000       0x12 core/physmgr.32
 .group         0x0000000000000000        0xc core/pipe.32
 .comment       0x0000000000000000       0x12 core/pipe.32
 .group         0x0000000000000000        0x8 core/prcssthr.32
 .group         0x0000000000000000        0x8 core/prcssthr.32
 .group         0x0000000000000000        0xc core/prcssthr.32
 .group         0x0000000000000000        0xc core/prcssthr.32
 .group         0x0000000000000000        0x8 core/prcssthr.32
 .group         0x0000000000000000        0xc core/prcssthr.32
 .group         0x0000000000000000        0x8 core/prcssthr.32
 .group         0x0000000000000000        0x8 core/prcssthr.32
 .comment       0x0000000000000000       0x12 core/prcssthr.32
 .comment       0x0000000000000000       0x12 core/syscalls.32
 .group         0x0000000000000000        0xc core/terminal.32
 .comment       0x0000000000000000       0x12 core/terminal.32
 .group         0x0000000000000000        0x8 core/tss.32
 .text._ZN3CPU7readCR3Ev
                0x0000000000000000       0x12 core/tss.32
 .comment       0x0000000000000000       0x12 core/tss.32
 .group         0x0000000000000000        0x8 core/unixfile.32
 .group         0x0000000000000000        0xc core/unixfile.32
 .group         0x0000000000000000        0x8 core/unixfile.32
 .group         0x0000000000000000        0xc core/unixfile.32
 .group         0x0000000000000000        0x8 core/unixfile.32
 .group         0x0000000000000000        0xc core/unixfile.32
 .group         0x0000000000000000        0xc core/unixfile.32
 .group         0x0000000000000000        0xc core/unixfile.32
 .comment       0x0000000000000000       0x12 core/unixfile.32
 .group         0x0000000000000000        0x8 core/virtmgr.32
 .group         0x0000000000000000        0x8 core/virtmgr.32
 .text._ZN3CPU7readCR3Ev
[...]
Memory Configuration

Name             Origin             Length             Attributes
*default*        0x0000000000000000 0xffffffffffffffff

Linker script and memory map

LOAD D:/Users/Alex/Desktop/Banana/kernel/boot.32
LOAD crti.32
LOAD /cygdrive/d/Users/Alex/Desktop/Toolchain/Output/bin/../lib/gcc/i386-banana/8.1.0/crtbegin.o
LOAD D:/Users/Alex/Desktop/Banana/kernel/morenasm.32
LOAD acpica/utclib.32
LOAD core/malloc.32
LOAD libk/string.32
LOAD fs/fat/diskio.32
LOAD fs/fat/ff.32
LOAD fs/fat/ffsystem.32
LOAD fs/fat/ffunicode.32
LOAD hal/libresample/samplerate.32
LOAD hal/libresample/src_linear.32
LOAD hal/libresample/src_sinc.32
LOAD hal/libresample/src_zoh.32
LOAD core/computer.32
LOAD core/elf.32
LOAD core/gdt.32
LOAD core/idle.32
LOAD core/idt.32
LOAD core/kconsole.32
LOAD core/kheap.32
LOAD core/main.32
LOAD core/physmgr.32
LOAD core/pipe.32
LOAD core/prcssthr.32
LOAD core/syscalls.32
LOAD core/terminal.32
LOAD core/tss.32
LOAD core/unixfile.32
LOAD core/virtmgr.32
LOAD coreobjs/c++.32
LOAD debugger/debug.32
LOAD fs/vfs.32
LOAD hal/bus.32
LOAD hal/buzzer.32
LOAD hal/clock.32
LOAD hal/device.32
LOAD hal/diskctrl.32
LOAD hal/diskphys.32
LOAD hal/fpu.32
LOAD hal/intctrl.32
LOAD hal/keybrd.32
LOAD hal/logidisk.32
LOAD hal/mouse.32
LOAD hal/partition.32
LOAD hal/timer.32
LOAD hal/vcache.32
LOAD hal/video.32
LOAD hw/acpi.32
LOAD hw/cpu.32
LOAD hw/ports.32
LOAD registry/registry.32
LOAD syscalls/sc_exit.32
LOAD syscalls/sc_read.32
LOAD syscalls/sc_sbrk.32
LOAD syscalls/sc_write.32
LOAD syscalls/sc_yield.32
LOAD vm86/vm8086.32
LOAD fs/fat/vfslink.32
LOAD fs/iso9660/vfslink.32
LOAD hal/sound/sndchannel.32
LOAD hal/sound/sndhw.32
LOAD hw/bus/isa.32
LOAD hw/bus/pci.32
LOAD hw/clock/rtc.32
LOAD hw/diskctrl/ide.32
LOAD hw/diskphys/ata.32
LOAD hw/diskphys/atapi.32
LOAD hw/fpu/avx.32
LOAD hw/fpu/mmx.32
LOAD hw/fpu/sse.32
LOAD hw/fpu/x87.32
LOAD hw/intctrl/apic.32
LOAD hw/intctrl/pic.32
LOAD hw/timer/apictimer.32
LOAD hw/timer/pit.32
LOAD hw/fpu/x86/avx.32
LOAD hw/fpu/x86/sse.32
LOAD hw/fpu/x86/x87.32
LOAD /cygdrive/d/Users/Alex/Desktop/Toolchain/Output/bin/../lib/gcc/i386-banana/8.1.0/crtend.o
LOAD crtn.32
LOAD /cygdrive/d/Users/Alex/Desktop/Toolchain/Output/bin/../lib/gcc/i386-banana/8.1.0/libgcc.a
LOAD D:/Users/Alex/Desktop/Banana/kernel/libk/libm32.a
                0x00000000c0000000                . = 0xc0000000

.text           0x00000000c0000000    0x1e8d8
 *(.text)
 .text          0x00000000c0000000       0x41 D:/Users/Alex/Desktop/Banana/kernel/boot.32
                0x00000000c0000020                callGlobalConstructors
 .text          0x00000000c0000041        0x0 crti.32
 *fill*         0x00000000c0000041        0x3 
 .text          0x00000000c0000044      0x101 /cygdrive/d/Users/Alex/Desktop/Toolchain/Output/bin/../lib/gcc/i386-banana/8.1.0/crtbegin.o
 *fill*         0x00000000c0000145        0xb 
 .text          0x00000000c0000150      0x44c D:/Users/Alex/Desktop/Banana/kernel/morenasm.32
                0x00000000c0000150                doTPAUSE
                0x00000000c000015a                hasLegacyFPU
                0x00000000c000017f                is486
                0x00000000c00001e2                goToVM86
                0x00000000c0000213                goToUsermode
                0x00000000c000023e                switchToThreadASMFirstTime
                0x00000000c000024c                switchToThreadASM
                0x00000000c00002ec                detectCPUID
                0x00000000c0000302                asmQuickAcquireLock
                0x00000000c0000320                asmQuickReleaseLock
                0x00000000c000032c                asmAcquireLock
                0x00000000c000034d                asmReleaseLock
                0x00000000c0000360                loadGDT
                0x00000000c0000380                isr0
                0x00000000c0000390                isr1
                0x00000000c000039a                isr2
                0x00000000c00003a4                isr3
                0x00000000c00003ae                isr4
                0x00000000c00003b8                isr5
                0x00000000c00003c2                isr6
                0x00000000c00003cc                isr7
                0x00000000c00003d6                isr8
                0x00000000c00003de                isr9
                0x00000000c00003e8                isr10
                0x00000000c00003f0                isr11
                0x00000000c00003f8                isr12
                0x00000000c0000400                isr13
                0x00000000c0000408                isr14
                0x00000000c0000410                isr15
                0x00000000c000041a                isr16
                0x00000000c0000424                isr17
                0x00000000c000042e                isr18
                0x00000000c0000438                isr96
                0x00000000c0000442                irq0
                0x00000000c000044c                irq1
                0x00000000c0000456                irq2
                0x00000000c0000460                irq3
                0x00000000c000046a                irq4
                0x00000000c0000474                irq5
                0x00000000c000047e                irq6
                0x00000000c0000488                irq7
                0x00000000c0000492                irq8
                0x00000000c000049c                irq9
                0x00000000c00004a6                irq10
                0x00000000c00004b0                irq11
                0x00000000c00004ba                irq12
                0x00000000c00004c4                irq13
                0x00000000c00004ce                irq14
                0x00000000c00004d8                irq15
                0x00000000c00004e2                irq16
                0x00000000c00004ec                irq17
                0x00000000c00004f6                irq18
                0x00000000c0000500                irq19
                0x00000000c000050a                irq20
                0x00000000c0000514                irq21
                0x00000000c000051e                irq22
                0x00000000c0000528                irq23
                0x00000000c0000532                int_common_stub
                0x00000000c0000562                syscall_common_stub
 .text          0x00000000c000059c      0x6ff acpica/utclib.32
                0x00000000c000059c                memcmp
                0x00000000c00005f4                memmove
                0x00000000c0000661                memcpy
                0x00000000c00006d8                memset
                0x00000000c0000701                strlen
                0x00000000c0000724                strpbrk
                0x00000000c0000766                strtok
                0x00000000c00007f4                strcpy
                0x00000000c0000826                strncpy
                0x00000000c000087a                strcmp
                0x00000000c00008bc                strchr
                0x00000000c00008e5                strncmp
                0x00000000c0000941                strcat
                0x00000000c0000982                strncat
                0x00000000c00009de                strstr
                0x00000000c0000a31                toupper
                0x00000000c0000a57                tolower
                0x00000000c0000a7d                simple_strtoul
 .text          0x00000000c0000c9b      0xfbf core/malloc.32
                0x00000000c0000e06                dlfree
                0x00000000c0001161                dlmalloc
                0x00000000c000169e                dlrealloc
                0x00000000c0001853                dlmemalign
                0x00000000c0001976                dlcalloc
                0x00000000c0001a10                dlcfree
                0x00000000c0001a15                dlindependent_calloc
                0x00000000c0001a3a                dlindependent_comalloc
                0x00000000c0001a51                dlvalloc
                0x00000000c0001a7c                dlpvalloc
                0x00000000c0001ab2                dlmalloc_trim
                0x00000000c0001abf                dlmalloc_usable_size
                0x00000000c0001af0                dlmallinfo
                0x00000000c0001bbf                dlmalloc_stats
                0x00000000c0001bd0                dlmallopt
 .text          0x00000000c0001c5a        0x0 libk/string.32
 .text          0x00000000c0001c5a       0x51 fs/fat/diskio.32
                0x00000000c0001c5a                disk_status
                0x00000000c0001c5d                disk_initialize
                0x00000000c0001c60                disk_read
                0x00000000c0001c76                disk_write
                0x00000000c0001c8c                disk_ioctl
 .text          0x00000000c0001cab     0x6833 fs/fat/ff.32
                0x00000000c0004f79                f_mount
                0x00000000c0004fdb                f_open
                0x00000000c0005417                f_read
                0x00000000c0005697                f_write
                0x00000000c0005951                f_sync
                0x00000000c0005b2d                f_close
                0x00000000c0005b5c                f_lseek
                0x00000000c0006013                f_opendir
                0x00000000c0006115                f_closedir
                0x00000000c0006137                f_readdir
                0x00000000c00061d2                f_stat
                0x00000000c0006261                f_getfree
                0x00000000c000642c                f_truncate
                0x00000000c0006524                f_unlink
                0x00000000c00066a7                f_mkdir
                0x00000000c00068d3                f_rename
                0x00000000c0006bc6                f_chmod
                0x00000000c0006ca4                f_utime
                0x00000000c0006d82                f_getlabel
                0x00000000c0006f70                f_setlabel
                0x00000000c00071dd                f_forward
                0x00000000c00073bb                f_mkfs
 .text          0x00000000c00084de       0x2d fs/fat/ffsystem.32
                0x00000000c00084de                ff_memalloc
                0x00000000c00084f4                ff_memfree
 .text          0x00000000c000850b      0x253 fs/fat/ffunicode.32
                0x00000000c000850b                ff_uni2oem
                0x00000000c000859b                ff_oem2uni
                0x00000000c0008607                ff_wtoupper
 .text          0x00000000c000875e      0x70e hal/libresample/samplerate.32
                0x00000000c00087e6                src_delete
                0x00000000c0008822                src_process
                0x00000000c000894a                src_callback_read
                0x00000000c0008aab                src_set_ratio
                0x00000000c0008b02                src_get_channels
                0x00000000c0008b24                src_reset
                0x00000000c0008b68                src_new
                0x00000000c0008bf6                src_callback_new
                0x00000000c0008c58                src_get_name
                0x00000000c0008c8f                src_get_description
                0x00000000c0008cc6                src_get_version
                0x00000000c0008ccc                src_is_valid_ratio
                0x00000000c0008ce6                src_error
                0x00000000c0008cf4                src_strerror
                0x00000000c0008d07                src_simple
                0x00000000c0008d5a                src_short_to_float_array
                0x00000000c0008d80                src_float_to_short_array
                0x00000000c0008de4                src_int_to_float_array
                0x00000000c0008e0a                src_float_to_int_array
 .text          0x00000000c0008e6c      0x3fd hal/libresample/src_linear.32
                0x00000000c00091c4                linear_get_name
                0x00000000c00091d3                linear_get_description
                0x00000000c00091e2                linear_set_converter
 .text          0x00000000c0009269     0x1b46 hal/libresample/src_sinc.32
                0x00000000c000abbf                sinc_get_name
                0x00000000c000abd2                sinc_get_description
                0x00000000c000abe5                sinc_set_converter
 .text          0x00000000c000adaf      0x3d3 hal/libresample/src_zoh.32
                0x00000000c000b0dd                zoh_get_name
                0x00000000c000b0ec                zoh_get_description
                0x00000000c000b0fb                zoh_set_converter
 .text          0x00000000c000b182      0x68d core/computer.32
                0x00000000c000b182                Computer::close(int, int, void*)
                0x00000000c000b1c6                Computer::Computer()
                0x00000000c000b1c6                Computer::Computer()
                0x00000000c000b322                Computer::setBootMessage(char const*)
                0x00000000c000b324                Computer::start()
                0x00000000c000b3fe                firstTask()
                0x00000000c000b40c                Computer::detectFeatures()
                0x00000000c000b5e6                Computer::displayFeatures()
                0x00000000c000b5e8                Computer::rdmsr(unsigned int)
                0x00000000c000b614                Computer::wrmsr(unsigned int, unsigned long long)
                0x00000000c000b64c                Computer::nmiEnabled()
                0x00000000c000b658                Computer::readCMOS(unsigned char)
                0x00000000c000b672                Computer::enableNMI(bool)
                0x00000000c000b68a                Computer::open(int, int, void*)
                0x00000000c000b752                Computer::disableNMI()
                0x00000000c000b760                Computer::writeCMOS(unsigned char, unsigned char)
                0x00000000c000b77e                Computer::handleNMI()
                0x00000000c000b7e4                Computer::setDiskActivityLight(int, bool)
 .text          0x00000000c000b80f      0xefe core/elf.32
                0x00000000c000b80f                allocateMemoryForTask(Process*, File*, unsigned long, unsigned long, unsigned long)
                0x00000000c000ba8c                loadProgramIntoMemory(Process*, char const*)
                0x00000000c000bca2                runtimeReferenceHelper()
                0x00000000c000bcb5                getAddressOfKernelSymbol(char const*)
                0x00000000c000bd04                loadKernelSymbolTable(char const*)
                0x00000000c000bfc5                loadDriverIntoMemory(char const*, unsigned long)
                0x00000000c000c636                loadDLL(char const*)
                0x00000000c000c6ff                executeDLL(unsigned long, void*)
 *fill*         0x00000000c000c70d        0x1 
 .text          0x00000000c000c70e      0x1b7 core/gdt.32
                0x00000000c000c70e                GDTEntry::setBase(unsigned int)
                0x00000000c000c72a                GDTEntry::setLimit(unsigned int)
                0x00000000c000c748                GDT::GDT()
                0x00000000c000c748                GDT::GDT()
                0x00000000c000c75e                GDT::addEntry(GDTEntry)
                0x00000000c000c79a                GDT::getNumberOfEntries()
                0x00000000c000c7a2                GDT::flush()
                0x00000000c000c7c4                GDT::setup()
 .text          0x00000000c000c8c5       0x61 core/idle.32
                0x00000000c000c8c5                idleFunction(void*)
 .text          0x00000000c000c926      0x45f core/idt.32
                0x00000000c000c926                IDTEntry::IDTEntry(bool)
                0x00000000c000c926                IDTEntry::IDTEntry(bool)
                0x00000000c000c994                IDTEntry::setOffset(unsigned int)
                0x00000000c000c9a8                IDT::IDT()
                0x00000000c000c9a8                IDT::IDT()
                0x00000000c000c9aa                IDT::getPointerToInvalidOpcodeEntryForF00F()
                0x00000000c000c9b2                IDT::addEntry(IDTEntry, int)
                0x00000000c000c9cc                IDT::addEntry(int, void (*)(), bool)
                0x00000000c000ca04                IDT::flush()
                0x00000000c000ca1e                IDT::setup()
 .text          0x00000000c000cd85      0x519 core/kconsole.32
                0x00000000c000cd85                stringifyxWithBase(unsigned int, char*, int)
                0x00000000c000cde6                logc(char)
                0x00000000c000cdfd                logs(char*)
                0x00000000c000ce1a                logWriteInt(unsigned int)
                0x00000000c000ce37                logWriteIntBase(unsigned int, int)
                0x00000000c000ce56                kprintf(char const*, ...)
                0x00000000c000cf74                panic(char const*)
 .text          0x00000000c000d29e      0x20d core/kheap.32
                0x00000000c000d29e                sbrk
                0x00000000c000d3b6                mmap
                0x00000000c000d3cc                munmap
                0x00000000c000d3e2                liballoc_lock()
                0x00000000c000d3f3                liballoc_unlock()
                0x00000000c000d404                liballoc_alloc(int)
                0x00000000c000d41f                liballoc_free(void*, int)
                0x00000000c000d43d                realloc
                0x00000000c000d451                malloc
                0x00000000c000d461                free
                0x00000000c000d471                rfree
                0x00000000c000d481                calloc
 .text          0x00000000c000d4ab      0x38d core/main.32
                0x00000000c000d4ab                hwTextMode_loadInData(VgaText*)
                0x00000000c000d4f0                hwTextMode_loadInTitle(VgaText*, char*)
                0x00000000c000d532                hwTextMode_showCursor(VgaText*, bool)
                0x00000000c000d586                hwTextMode_update(VgaText*)
                0x00000000c000d587                hwTextMode_updateCursor(VgaText*)
                0x00000000c000d5cf                hwTextMode_disableBlink(VgaText*, bool)
                0x00000000c000d60b                hwTextMode_scrollScreen(VgaText*)
                0x00000000c000d691                hwTextMode_writeCharacter(VgaText*, char, VgaColour, VgaColour, int, int)
                0x00000000c000d6ef                setupTextMode()
                0x00000000c000d740                kernel_main
 .text          0x00000000c000d838      0x46c core/physmgr.32
                0x00000000c000d838                Phys::allocateDMA(unsigned long)
                0x00000000c000d8db                Phys::freeDMA(unsigned long, unsigned long)
                0x00000000c000d923                Phys::setPageState(unsigned long, bool)
                0x00000000c000d955                Phys::getPageState(unsigned long)
                0x00000000c000d971                Phys::freePage(unsigned long)
                0x00000000c000d9fb                Phys::allocatePage()
                0x00000000c000dab7                Phys::allowSegmentToBeUsed(unsigned long, unsigned long)
                0x00000000c000daef                Phys::physicalMemorySetup(unsigned int)
 .text          0x00000000c000dca4      0x273 core/pipe.32
                0x00000000c000dca4                Pipe::isAtty()
                0x00000000c000dca8                Pipe::~Pipe()
                0x00000000c000dca8                Pipe::~Pipe()
                0x00000000c000dccc                Pipe::~Pipe()
                0x00000000c000dcf4                Pipe::read(unsigned long long, void*, int*)
                0x00000000c000dde8                Pipe::write(unsigned long long, void*, int*)
                0x00000000c000deb0                Pipe::Pipe(int)
                0x00000000c000deb0                Pipe::Pipe(int)
 *fill*         0x00000000c000df17        0x1 
 .text          0x00000000c000df18     0x1154 core/prcssthr.32
                0x00000000c000df18                changeTSS
                0x00000000c000df46                Process::addArgs(char**)
                0x00000000c000dfa0                Process::Process(char const*, Process*, char**)
                0x00000000c000dfa0                Process::Process(char const*, Process*, char**)
                0x00000000c000e158                Process::Process(bool, char const*, Process*, char**)
                0x00000000c000e158                Process::Process(bool, char const*, Process*, char**)
                0x00000000c000e2db                disableIRQs()
                0x00000000c000e2e3                getIRQNestingLevel()
                0x00000000c000e2e9                enableIRQs()
                0x00000000c000e2f8                lockScheduler()
                0x00000000c000e2fa                unlockScheduler()
                0x00000000c000e2fc                userModeEntryPoint(void*)
                0x00000000c000e31f                lockStuff()
                0x00000000c000e32b                taskStartupFunction
                0x00000000c000e334                updateTimeUsed()
                0x00000000c000e392                switchToThread(ThreadControlBlock*)
                0x00000000c000e3e2                Semaphore::Semaphore(int)
                0x00000000c000e3e2                Semaphore::Semaphore(int)
                0x00000000c000e410                Mutex::Mutex()
                0x00000000c000e410                Mutex::Mutex()
                0x00000000c000e422                Process::createThread(void (*)(void*), void*, int)
                0x00000000c000e506                Process::createUserThread()
                0x00000000c000e522                setupMultitasking(void (*)())
                0x00000000c000e62c                schedule()
                0x00000000c000e6b1                unlockStuff()
                0x00000000c000e6e6                forkProcess(regs*)
                0x00000000c000e854                Semaphore::tryAcquire()
                0x00000000c000e882                Semaphore::assertLocked(char const*)
                0x00000000c000e8b5                blockTaskWithSchedulerLockAlreadyHeld(TaskState)
                0x00000000c000e8f7                blockTask(TaskState)
                0x00000000c000e918                waitTask(int, int*, int)
                0x00000000c000e95a                nanoSleepUntil(unsigned long long)
                0x00000000c000e9b1                nanoSleep(unsigned long long)
                0x00000000c000e9c6                sleep(unsigned long long)
                0x00000000c000e9e4                Semaphore::acquire()
                0x00000000c000ea4c                execveProcess(char const*, char* const*, char* const*)
                0x00000000c000eada                taskReturned
                0x00000000c000eb1c                unblockTask(ThreadControlBlock*)
                0x00000000c000ebcb                cleanupTerminatedTask(ThreadControlBlock*)
                0x00000000c000ee68                cleanerTaskFunction(void*)
                0x00000000c000eef8                terminateTask(int)
                0x00000000c000ef80                Semaphore::release()
 .text          0x00000000c000f06c      0xd8a core/syscalls.32
                0x00000000c000f06c                sysCallGetPID(regs*)
                0x00000000c000f078                sysCallSeekDir(regs*)
                0x00000000c000f07d                sysCallTellDir(regs*)
                0x00000000c000f082                sysCallVerify(regs*)
                0x00000000c000f08c                sysCallGetArgc(regs*)
                0x00000000c000f09c                sysFormatDisk(regs*)
                0x00000000c000f106                sysSetDiskVolumeLabel(regs*)
                0x00000000c000f14c                sysGetDiskVolumeLabel(regs*)
                0x00000000c000f19d                sysShutdown(regs*)
                0x00000000c000f1e5                sysCallGetCwd(regs*)
                0x00000000c000f204                sysCallSetCwd(regs*)
                0x00000000c000f220                sysCallRealpath(regs*)
                0x00000000c000f263                sysCallOpen(regs*)
                0x00000000c000f353                sysCallReadDir(regs*)
                0x00000000c000f3c2                sysCallIsATTY(regs*)
                0x00000000c000f415                sysCallSeek(regs*)
                0x00000000c000f466                sysCallTell(regs*)
                0x00000000c000f4b2                sysCallSizeFromFilename(regs*)
                0x00000000c000f52b                sysCallSize(regs*)
                0x00000000c000f57d                sysCallClose(regs*)
                0x00000000c000f5cb                sysCallOpenDir(regs*)
                0x00000000c000f638                sysCallMakeDir(regs*)
                0x00000000c000f691                sysCallCloseDir(regs*)
                0x00000000c000f6df                sysCallWait(regs*)
                0x00000000c000f6f9                sysCallFork(regs*)
                0x00000000c000f715                sysCallExecve(regs*)
                0x00000000c000f76a                sysCallRmdir(regs*)
                0x00000000c000f7bc                sysCallUnlink(regs*)
                0x00000000c000f80e                sysCallGetArgv(regs*)
                0x00000000c000f85a                sysCallTTYName(regs*)
                0x00000000c000f8d6                sysCallGetEnv(regs*)
                0x00000000c000f928                sysCallUSleep(regs*)
                0x00000000c000f94f                sysCallSpawn(regs*)
                0x00000000c000f9bf                sysAppSettings(regs*)
                0x00000000c000fade                sysSetFatAttrib(regs*)
                0x00000000c000fb3e                sysPanic(regs*)
                0x00000000c000fb64                sysPipe(regs*)
                0x00000000c000fba9                sysGetUnixTime(regs*)
                0x00000000c000fbbd                string_ends_with(char const*, char const*)
                0x00000000c000fc05                setupSystemCalls()
                0x00000000c000fdb4                systemCall(regs*, void*)
 .text          0x00000000c000fdf6      0xf65 core/terminal.32
                0x00000000c000fdf6                VgaText::isAtty()
                0x00000000c000fdfa                VgaText::~VgaText()
                0x00000000c000fdfa                VgaText::~VgaText()
                0x00000000c000fe1e                VgaText::~VgaText()
                0x00000000c000fe48                VgaText::read(unsigned long long, void*, int*)
                0x00000000c000fe68                setTerminalScrollLock(bool)
                0x00000000c000fe69                addToTerminalCycle(VgaText*)
                0x00000000c000fe96                installVgaTextImplementation()
                0x00000000c000feab                scrollTerminalScrollLock(int)
                0x00000000c000feac                VgaText::load()
                0x00000000c000ff00                VgaText::updateCursor()
                0x00000000c000ff1a                VgaText::showCursor(bool)
                0x00000000c000ff2a                VgaText::disableBlink(bool)
                0x00000000c000ff64                VgaText::doANSI_SGR(int)
                0x00000000c000fff0                VgaText::setDefaultBgColour(VgaColour)
                0x00000000c0010006                VgaText::setDefaultFgColour(VgaColour)
                0x00000000c001001c                VgaText::setDefaultColours(VgaColour, VgaColour)
                0x00000000c001003c                VgaText::combineColours(unsigned char, unsigned char)
                0x00000000c001004e                VgaText::scrollScreen()
                0x00000000c00100e2                VgaText::combineCharAndColour(char, unsigned char)
                0x00000000c00100f4                VgaText::writeCharacter(char, VgaColour, VgaColour, int, int)
                0x00000000c0010154                VgaText::getCursorX()
                0x00000000c0010160                VgaText::getCursorY()
                0x00000000c001016c                VgaText::setCursor(int, int)
                0x00000000c001018a                VgaText::setCursorX(int)
                0x00000000c00101a6                VgaText::setCursorY(int)
                0x00000000c00101c2                VgaText::incrementCursor(bool)
                0x00000000c001022a                VgaText::updateRAMUsageDisplay(int)
                0x00000000c0010284                VgaText::updateDiskUsage()
                0x00000000c00103ea                VgaText::updateTitle()
                0x00000000c0010430                VgaText::setTitleTextColour(VgaColour)
                0x00000000c0010440                VgaText::setTitleColour(VgaColour)
                0x00000000c0010450                VgaText::setTitle(char*)
                0x00000000c0010476                VgaText::decrementCursor(bool)
                0x00000000c001049e                VgaText::putchar(char, VgaColour, VgaColour)
                0x00000000c001059a                VgaText::isShowingCursor()
                0x00000000c00105a6                VgaText::isBlinkDisabled()
                0x00000000c00105b4                VgaText::setCursorHeight(int)
                0x00000000c00105d2                VgaText::getCursorHeight()
                0x00000000c00105dd                setActiveTerminal(VgaText*)
                0x00000000c001068f                doTerminalCycle()
                0x00000000c00106ac                VgaText::doUpdate()
                0x00000000c00106be                VgaText::puts(char const*, VgaColour, VgaColour)
                0x00000000c001087e                VgaText::clearScreen()
                0x00000000c00108e2                VgaText::putchar(char)
                0x00000000c00109fc                VgaText::puts(char const*)
                0x00000000c0010a22                VgaText::putx(unsigned int)
                0x00000000c0010a68                VgaText::VgaText(char const*)
                0x00000000c0010a68                VgaText::VgaText(char const*)
                0x00000000c0010bfa                VgaText::receiveKey(unsigned char)
                0x00000000c0010ce2                VgaText::write(unsigned long long, void*, int*)
                0x00000000c0010d36                newTerminal(char*)
 *fill*         0x00000000c0010d5b        0x1 
 .text          0x00000000c0010d5c      0x18f core/tss.32
                0x00000000c0010d5c                TSS::TSS()
                0x00000000c0010d5c                TSS::TSS()
                0x00000000c0010d6a                TSS::setESP(unsigned long)
                0x00000000c0010d7c                TSS::flush()
                0x00000000c0010d9c                TSS::setup(unsigned long, unsigned long)
 *fill*         0x00000000c0010eeb        0x1 
 .text          0x00000000c0010eec      0x32f core/unixfile.32
                0x00000000c0010eec                ReservedFilename::isAtty()
                0x00000000c0010f02                ReservedFilename::read(unsigned long long, void*, int*)
                0x00000000c0010f94                ReservedFilename::write(unsigned long long, void*, int*)
                0x00000000c001102a                UnixFile::getFileDescriptor()
                0x00000000c0011032                UnixFile::UnixFile(int)
                0x00000000c0011032                UnixFile::UnixFile(int)
                0x00000000c001106e                ReservedFilename::ReservedFilename(int)
                0x00000000c001106e                ReservedFilename::ReservedFilename(int)
                0x00000000c0011096                UnixFile::~UnixFile()
                0x00000000c0011096                UnixFile::~UnixFile()
                0x00000000c001111c                UnixFile::~UnixFile()
                0x00000000c0011144                ReservedFilename::~ReservedFilename()
                0x00000000c0011144                ReservedFilename::~ReservedFilename()
                0x00000000c0011168                ReservedFilename::~ReservedFilename()
                0x00000000c001118f                getFromFileDescriptor(int)
 *fill*         0x00000000c001121b        0x1 
 .text          0x00000000c001121c     0x1175 core/virtmgr.32
                0x00000000c001121c                Virt::setPageState(unsigned long, Virt::VirtPageState)
                0x00000000c0011251                Virt::getPageState(unsigned long)
                0x00000000c0011275                Virt::allocateKernelVirtualPages(int)
                0x00000000c0011386                Virt::virtualMemorySetup()
                0x00000000c0011405                Virt::getAKernelVAS()
                0x00000000c001140b                Virt::setupPageSwapping(int)
                0x00000000c0011530                VAS::VAS()
                0x00000000c0011530                VAS::VAS()
                0x00000000c0011560                VAS::getForeignPageTableEntry(bool, unsigned long)
                0x00000000c001158c                VAS::getPageTableEntry(unsigned long)
                0x00000000c00115ab                Virt::freeKernelVirtualPages(unsigned long)
                0x00000000c00116ce                VAS::freeAllocatedPages(unsigned long)
                0x00000000c00116f2                VAS::virtualToPhysical(unsigned long)
                0x00000000c001170a                VAS::mapOtherVASIn(bool, VAS*)
                0x00000000c0011740                VAS::~VAS()
                0x00000000c0011740                VAS::~VAS()
                0x00000000c00118ac                VAS::mapPage(unsigned long, unsigned long, int)
                0x00000000c00119ac                VAS::allocatePages(int, int)
                0x00000000c0011b7c                VAS::setCPUSpecific(unsigned long)
                0x00000000c0011b98                VAS::mapRange(unsigned long, unsigned long, int, int)
                0x00000000c0011c62                VAS::VAS(VAS*)
                0x00000000c0011c62                VAS::VAS(VAS*)
                0x00000000c0011fac                VAS::mapForeignPage(bool, VAS*, unsigned long, unsigned long, int)
                0x00000000c001209a                VAS::VAS(bool)
                0x00000000c001209a                VAS::VAS(bool)
                0x00000000c00122ca                mapVASFirstTime
 .text          0x00000000c0012391       0x93 coreobjs/c++.32
                0x00000000c0012391                __cxa_atexit
                0x00000000c0012394                __cxa_finalize
                0x00000000c0012395                __stack_chk_fail
                0x00000000c00123f5                __cxa_pure_virtual
                0x00000000c0012406                operator new(unsigned long)
                0x00000000c001240b                operator new[](unsigned long)
                0x00000000c0012410                operator delete(void*)
                0x00000000c0012415                operator delete(void*, unsigned long)
                0x00000000c001241a                operator delete[](void*)
                0x00000000c001241f                operator delete[](void*, unsigned long)
 .text          0x00000000c0012424        0x0 debugger/debug.32
 .text          0x00000000c0012424      0xb68 fs/vfs.32
                0x00000000c0012424                File::read(unsigned long long, void*, int*)
                0x00000000c001247c                File::write(unsigned long long, void*, int*)
                0x00000000c00124d4                Directory::read(unsigned long long, void*, int*)
                0x00000000c001252c                Directory::write(unsigned long long, void*, int*)
                0x00000000c001255a                File::isAtty()
                0x00000000c001255e                Directory::isAtty()
                0x00000000c0012562                Filesystem::getlabel(LogicalDisk*, int, char*, unsigned int*)
                0x00000000c0012568                Filesystem::setlabel(LogicalDisk*, int, char*)
                0x00000000c001256e                File::~File()
                0x00000000c001256e                File::~File()
                0x00000000c0012592                File::~File()
                0x00000000c00125bc                Directory::~Directory()
                0x00000000c00125bc                Directory::~Directory()
                0x00000000c00125e0                Directory::~Directory()
                0x00000000c001260a                Filesystem::Filesystem()
                0x00000000c001260a                Filesystem::Filesystem()
                0x00000000c001262e                Filesystem::~Filesystem()
                0x00000000c001262e                Filesystem::~Filesystem()
                0x00000000c001263c                Filesystem::~Filesystem()
                0x00000000c0012660                initVFS()
                0x00000000c001268a                standardiseFiles(char*, char const*, char const*)
                0x00000000c0012834                File::File(char const*, Process*)
                0x00000000c0012834                File::File(char const*, Process*)
                0x00000000c0012898                File::open(FileOpenMode)
                0x00000000c00128f6                File::close()
                0x00000000c0012956                File::seek(unsigned long long)
                0x00000000c00129ac                File::tell(unsigned long long*)
                0x00000000c00129fc                File::rewind()
                0x00000000c0012a10                File::unlink()
                0x00000000c0012a5c                File::rename(char const*)
                0x00000000c0012aaa                File::chfatattr(unsigned char, unsigned char)
                0x00000000c0012b06                File::exists()
                0x00000000c0012b44                File::stat(unsigned long long*, bool*)
                0x00000000c0012ba5                getcwd(Process*, char*, int)
                0x00000000c0012bcf                setcwd(Process*, char*)
                0x00000000c0012cf6                Directory::Directory(char const*, Process*)
                0x00000000c0012cf6                Directory::Directory(char const*, Process*)
                0x00000000c0012d5a                Directory::open()
                0x00000000c0012db6                Directory::close()
                0x00000000c0012e16                Directory::unlink()
                0x00000000c0012e62                Directory::rename(char const*)
                0x00000000c0012eb0                Directory::exists()
                0x00000000c0012eee                Directory::read(dirent*)
                0x00000000c0012f3a                Directory::create()
                0x00000000c0012f86                Filesystem::chfatattr(char const*, unsigned char, unsigned char)
 .text          0x00000000c0012f8c       0x84 hal/bus.32
                0x00000000c0012f8c                Bus::Bus(char const*)
                0x00000000c0012f8c                Bus::Bus(char const*)
                0x00000000c0012fc2                Bus::~Bus()
                0x00000000c0012fc2                Bus::~Bus()
                0x00000000c0012fe6                Bus::~Bus()
 .text          0x00000000c0013010      0x14e hal/buzzer.32
                0x00000000c0013010                Buzzer::Buzzer(char const*)
                0x00000000c0013010                Buzzer::Buzzer(char const*)
                0x00000000c0013054                Buzzer::~Buzzer()
                0x00000000c0013054                Buzzer::~Buzzer()
                0x00000000c0013078                Buzzer::~Buzzer()
                0x00000000c00130a2                Buzzer::stop()
                0x00000000c00130b5                beepThread(void*)
                0x00000000c00130f0                Buzzer::beep(int, int, bool)
 .text          0x00000000c001315e      0x42f hal/clock.32
                0x00000000c001315e                loadClockSettings()
                0x00000000c0013178                Clock::Clock(char const*)
                0x00000000c0013178                Clock::Clock(char const*)
                0x00000000c00131ae                Clock::~Clock()
                0x00000000c00131ae                Clock::~Clock()
                0x00000000c00131d2                Clock::~Clock()
                0x00000000c00131fc                Clock::timeInSecondsLocal()
                0x00000000c0013244                Clock::setTimeInSecondsLocal(unsigned long long)
                0x00000000c001329d                datetimeToSeconds(datetime_t)
                0x00000000c00133c4                Clock::setTimeInDatetimeLocal(datetime_t)
                0x00000000c0013424                secondsToDatetime(unsigned long long)
                0x00000000c0013568                Clock::timeInDatetimeLocal()
 *fill*         0x00000000c001358d        0x1 
 .text          0x00000000c001358e      0x504 hal/device.32
                0x00000000c001358e                Device::hibernate()
                0x00000000c0013590                Device::wake()
                0x00000000c0013592                Device::detect()
                0x00000000c0013594                Device::disableLegacy()
                0x00000000c0013596                Device::powerSaving(PowerSavingLevel)
                0x00000000c0013598                DriverlessDevice::close(int, int, void*)
                0x00000000c001359c                DriverlessDevice::detect()
                0x00000000c001359e                DriverlessDevice::open(int, int, void*)
                0x00000000c00135b2                Device::~Device()
                0x00000000c00135b2                Device::~Device()
                0x00000000c00135c0                Device::~Device()
                0x00000000c00135e8                Device::findAndLoadDriver()
                0x00000000c00135ea                Device::preOpenPCI(PCIDeviceInfo)
                0x00000000c0013610                Device::preOpenACPI(void*, char*, char*)
                0x00000000c0013664                Device::addIRQHandler(int, void (*)(regs*, void*), bool, void*)
                0x00000000c00136c2                Device::removeIRQHandler(int, void (*)(regs*, void*), bool)
                0x00000000c0013710                Device::addChild(Device*)
                0x00000000c0013754                Device::removeAllChildren()
                0x00000000c001379a                Device::hibernateAll()
                0x00000000c00137ca                Device::wakeAll()
                0x00000000c00137fa                Device::detectAll()
                0x00000000c001382a                Device::disableLegacyAll()
                0x00000000c001385a                Device::loadDriversForAll()
                0x00000000c0013886                Device::closeAll()
                0x00000000c00138bc                Device::powerSavingAll(PowerSavingLevel)
                0x00000000c00138f2                Device::setName(char const*)
                0x00000000c0013900                Device::Device(char const*)
                0x00000000c0013900                Device::Device(char const*)
                0x00000000c00139f2                Device::getName()
                0x00000000c00139fc                DriverlessDevice::DriverlessDevice(char const*)
                0x00000000c00139fc                DriverlessDevice::DriverlessDevice(char const*)
                0x00000000c0013a24                Device::addToLinkedList(LinkedList<Device>&, DeviceType)
                0x00000000c0013a68                getDevicesOfType(DeviceType)
 .text          0x00000000c0013a92       0x84 hal/diskctrl.32
                0x00000000c0013a92                HardDiskController::HardDiskController(char const*)
                0x00000000c0013a92                HardDiskController::HardDiskController(char const*)
                0x00000000c0013ac8                HardDiskController::~HardDiskController()
                0x00000000c0013ac8                HardDiskController::~HardDiskController()
                0x00000000c0013aec                HardDiskController::~HardDiskController()
 .text          0x00000000c0013b16       0xde hal/diskphys.32
                0x00000000c0013b16                PhysicalDisk::PhysicalDisk(char const*, int)
                0x00000000c0013b16                PhysicalDisk::PhysicalDisk(char const*, int)
                0x00000000c0013b7e                PhysicalDisk::startCache()
                0x00000000c0013ba6                PhysicalDisk::~PhysicalDisk()
                0x00000000c0013ba6                PhysicalDisk::~PhysicalDisk()
                0x00000000c0013bca                PhysicalDisk::~PhysicalDisk()
 .text          0x00000000c0013bf4      0x128 hal/fpu.32
                0x00000000c0013bf4                FPU::FPU(char const*)
                0x00000000c0013bf4                FPU::FPU(char const*)
                0x00000000c0013c2a                FPU::~FPU()
                0x00000000c0013c2a                FPU::~FPU()
                0x00000000c0013c4e                FPU::~FPU()
                0x00000000c0013c78                setupFPU()
 .text          0x00000000c0013d1c      0xb89 hal/intctrl.32
                0x00000000c0013d1c                InterruptController::uninstallISRHandler(int, void (*)(regs*, void*))
                0x00000000c0013d54                InterruptController::installISRHandler(int, void (*)(regs*, void*), void*)
                0x00000000c0013da6                doubleFault(regs*, void*)
                0x00000000c0013db4                InterruptController::installIRQHandler(int, void (*)(regs*, void*), bool, void*)
                0x00000000c0013e50                InterruptController::clearAllHandlers(int, bool)
                0x00000000c0013ef8                InterruptController::uninstallIRQHandler(int, void (*)(regs*, void*), bool)
                0x00000000c0013f7f                nmiHandler(regs*, void*)
                0x00000000c0013f8d                int_handler
                0x00000000c0014028                InterruptController::InterruptController(char const*)
                0x00000000c0014028                InterruptController::InterruptController(char const*)
                0x00000000c00140ce                InterruptController::~InterruptController()
                0x00000000c00140ce                InterruptController::~InterruptController()
                0x00000000c00140f2                InterruptController::~InterruptController()
                0x00000000c001411c                displayDebugInfo(regs*)
                0x00000000c00144fe                gpFault(regs*, void*)
                0x00000000c0014537                pgFault(regs*, void*)
                0x00000000c001454e                otherISRHandler(regs*, void*)
                0x00000000c001456d                opcodeFault(regs*, void*)
                0x00000000c00145d7                displayProgramFault(char const*)
                0x00000000c0014600                InterruptController::convertLegacyIRQNumber(int)
                0x00000000c001464a                setupInterruptController()
 *fill*         0x00000000c00148a5        0x1 
 .text          0x00000000c00148a6      0x604 hal/keybrd.32
                0x00000000c00148a6                startGUI(void*)
                0x00000000c0014914                sendKeyToTerminal(unsigned char)
                0x00000000c0014980                sendKeyboardToken(KeyboardToken)
                0x00000000c0014d5b                clearInternalKeybuffer(VgaText*)
                0x00000000c0014d90                readKeyboard(VgaText*, char*, unsigned long)
                0x00000000c0014e20                Keyboard::Keyboard(char const*)
                0x00000000c0014e20                Keyboard::Keyboard(char const*)
                0x00000000c0014e5c                Keyboard::~Keyboard()
                0x00000000c0014e5c                Keyboard::~Keyboard()
                0x00000000c0014e80                Keyboard::~Keyboard()
 .text          0x00000000c0014eaa      0x400 hal/logidisk.32
                0x00000000c0014eaa                LogicalDisk::close(int, int, void*)
                0x00000000c0014eae                LogicalDisk::~LogicalDisk()
                0x00000000c0014eae                LogicalDisk::~LogicalDisk()
                0x00000000c0014ed2                LogicalDisk::~LogicalDisk()
                0x00000000c0014efc                LogicalDisk::open(int, int, void*)
                0x00000000c0014f10                LogicalDisk::absoluteToRelative(unsigned long long)
                0x00000000c0014f48                LogicalDisk::relativeToAbsolute(unsigned long long)
                0x00000000c0014f8e                LogicalDisk::LogicalDisk(char const*, PhysicalDisk*, unsigned long long, unsigned long long)
                0x00000000c0014f8e                LogicalDisk::LogicalDisk(char const*, PhysicalDisk*, unsigned long long, unsigned long long)
                0x00000000c0015044                LogicalDisk::assignDriveLetter()
                0x00000000c00150fa                LogicalDisk::mount()
                0x00000000c001516c                LogicalDisk::unmount()
                0x00000000c001517c                LogicalDisk::unassignDriveLetter()
                0x00000000c00151d2                LogicalDisk::read(unsigned long long, int, void*)
                0x00000000c001523e                LogicalDisk::write(unsigned long long, int, void*)
 .text          0x00000000c00152aa       0x84 hal/mouse.32
                0x00000000c00152aa                Mouse::Mouse(char const*)
                0x00000000c00152aa                Mouse::Mouse(char const*)
                0x00000000c00152e0                Mouse::~Mouse()
                0x00000000c00152e0                Mouse::~Mouse()
                0x00000000c0015304                Mouse::~Mouse()
 .text          0x00000000c001532e      0x339 hal/partition.32
                0x00000000c001532e                makePartition(PhysicalDisk*, unsigned long long, unsigned long long)
                0x00000000c00153d6                createPartitionsForDisk(PhysicalDisk*)
 *fill*         0x00000000c0015667        0x1 
 .text          0x00000000c0015668      0x2e7 hal/timer.32
                0x00000000c0015668                Timer::Timer(char const*)
                0x00000000c0015668                Timer::Timer(char const*)
                0x00000000c001569e                Timer::~Timer()
                0x00000000c001569e                Timer::~Timer()
                0x00000000c00156c2                Timer::~Timer()
                0x00000000c00156ec                Timer::read()
                0x00000000c00156f7                timerHandler(unsigned long long)
                0x00000000c001582e                setupTimer(int)
 *fill*         0x00000000c001594f        0x1 
 .text          0x00000000c0015950      0x2d1 hal/vcache.32
                0x00000000c0015950                VCache::VCache(PhysicalDisk*)
                0x00000000c0015950                VCache::VCache(PhysicalDisk*)
                0x00000000c0015a40                VCache::writeWriteBuffer()
                0x00000000c0015a7c                VCache::~VCache()
                0x00000000c0015a7c                VCache::~VCache()
                0x00000000c0015abc                VCache::~VCache()
                0x00000000c0015ae4                VCache::write(unsigned long long, int, void*)
                0x00000000c0015bc8                VCache::read(unsigned long long, int, void*)
 *fill*         0x00000000c0015c21        0x1 
 .text          0x00000000c0015c22      0x26d hal/video.32
                0x00000000c0015c22                Video::putrect(int, int, int, int, unsigned int)
                0x00000000c0015c6c                Video::blit(unsigned int*, int, int, int, int)
                0x00000000c0015cea                Video::clearScreen(unsigned int)
                0x00000000c0015d1e                Video::putpixel(int, int, unsigned int)
                0x00000000c0015d2c                Video::Video(char const*)
                0x00000000c0015d2c                Video::Video(char const*)
                0x00000000c0015d62                Video::~Video()
                0x00000000c0015d62                Video::~Video()
                0x00000000c0015d86                Video::~Video()
                0x00000000c0015db0                Video::isMonochrome()
                0x00000000c0015dbc                Video::getWidth()
                0x00000000c0015dc8                Video::getHeight()
                0x00000000c0015dd4                Video::drawCursor(int, int, unsigned char*, int)
 *fill*         0x00000000c0015e8f        0x1 
 .text          0x00000000c0015e90      0xc56 hw/acpi.32
                0x00000000c0015e90                ACPI::close(int, int, void*)
                0x00000000c0015f45                findRSDP()
                0x00000000c0015fcf                loadACPITables(unsigned char*)
                0x00000000c00161f6                findRSDT(unsigned char*)
                0x00000000c0016314                findDataTable(unsigned char*, char*)
                0x00000000c00163b0                scanMADT()
                0x00000000c0016744                ACPI::ACPI()
                0x00000000c0016744                ACPI::ACPI()
                0x00000000c00167a4                ACPI::getPCIIRQAssignment(unsigned char, unsigned short, unsigned char)
                0x00000000c0016886                ACPI::registerPCIIRQAssignment(void*, unsigned short, unsigned char, unsigned char)
                0x00000000c001694c                ACPI::setScreenBrightnessLevel(void*, int)
                0x00000000c0016952                ACPI::writeSimpleBootFlag(SimpleBootFlagTable*)
                0x00000000c001699a                ACPI::open(int, int, void*)
                0x00000000c0016ace                ACPI::sleep()
 .text          0x00000000c0016ae6     0x132c hw/cpu.32
                0x00000000c0016ae6                CPU::close(int, int, void*)
                0x00000000c0016ae9                lookupAMDCPUName(unsigned char, unsigned char)
                0x00000000c0016c7d                lookupIntelCPUName(unsigned char, unsigned char)
                0x00000000c0016f2b                AMD_K6_write_msr(unsigned int, unsigned int, unsigned int, REGS*)
                0x00000000c0016f47                AMD_K6_read_msr(unsigned int, REGS*)
                0x00000000c0016f5f                AMD_K6_writeback(int, int, int)
                0x00000000c0016fd2                cpuid(int, unsigned long*, unsigned long*, unsigned long*, unsigned long*)
                0x00000000c0017055                cpuidCheckEDX(unsigned int)
                0x00000000c0017082                cpuidCheckECX(unsigned int)
                0x00000000c00170af                cpuidCheckExtendedEBX(unsigned int)
                0x00000000c00170dc                cpuidCheckExtendedECX(unsigned int)
                0x00000000c0017109                getCPUNumber()
                0x00000000c001710c                thisCPU()
                0x00000000c0017120                CPU::CPU()
                0x00000000c0017120                CPU::CPU()
                0x00000000c00171ae                CPU::displayFeatures()
                0x00000000c00171b0                CPU::detectFeatures()
                0x00000000c0017ba2                CPU::setupSMEP()
                0x00000000c0017bbc                CPU::setupUMIP()
                0x00000000c0017bd4                CPU::setupTSC()
                0x00000000c0017bec                CPU::setupLargePages()
                0x00000000c0017c04                CPU::setupPAT()
                0x00000000c0017c40                CPU::setupMTRR()
                0x00000000c0017c42                CPU::setupGlobalPages()
                0x00000000c0017c58                CPU::allowUsermodeDataAccess()
                0x00000000c0017c6a                CPU::prohibitUsermodeDataAccess()
                0x00000000c0017c7c                CPU::setupSMAP()
                0x00000000c0017ca2                CPU::setupFeatures()
                0x00000000c0017d44                CPU::open(int, int, void*)
 .text          0x00000000c0017e12        0x0 hw/ports.32
 .text          0x00000000c0017e12      0x503 registry/registry.32
                0x00000000c0017e12                Reg::findLineFromLoadedData(char*, char*, char*)
                0x00000000c0017f6a                Reg::getLineFromRegistry(char*, char*, char*, char*)
                0x00000000c00180c9                Reg::getLine(char*, char*, char*)
                0x00000000c0018100                Reg::readInt(char*, char*, int*)
                0x00000000c00181eb                Reg::readString(char*, char*, char*, int)
                0x00000000c001826c                Reg::readBool(char*, char*, bool*)
                0x00000000c0018291                Reg::readBoolWithDefault(char*, char*, bool)
                0x00000000c00182bd                Reg::readIntWithDefault(char*, char*, int)
                0x00000000c00182e9                Reg::readStringWithDefault(char*, char*, char*, int, char*)
 .text          0x00000000c0018315       0x18 syscalls/sc_exit.32
                0x00000000c0018315                Sys::exit(regs*)
 .text          0x00000000c001832d       0x68 syscalls/sc_read.32
                0x00000000c001832d                Sys::read(regs*)
 .text          0x00000000c0018395       0x55 syscalls/sc_sbrk.32
                0x00000000c0018395                Sys::sbrk(regs*)
 .text          0x00000000c00183ea       0x68 syscalls/sc_write.32
                0x00000000c00183ea                Sys::write(regs*)
 .text          0x00000000c0018452       0x1a syscalls/sc_yield.32
                0x00000000c0018452                Sys::yield(regs*)
 .text          0x00000000c001846c      0x8bf vm86/vm8086.32
                0x00000000c001846c                vm8086EntryPoint(void*)
                0x00000000c0018497                inbv(unsigned short)
                0x00000000c001849d                outbv(unsigned short, unsigned char)
                0x00000000c00184a7                realToLinear(unsigned short, unsigned short)
                0x00000000c00184b7                getSegment(unsigned int)
                0x00000000c00184bf                getOffset(unsigned int)
                0x00000000c00184c4                loadVM8086FileAsThread(Process*, char const*, unsigned short, unsigned short, unsigned short, unsigned short)
                0x00000000c00185f3                vm8086DoISR(regs*, int, unsigned char*, unsigned short, unsigned short)
                0x00000000c001867d                readByteFromReal(unsigned short, unsigned short)
                0x00000000c001868e                readWordFromReal(unsigned short, unsigned short)
                0x00000000c00186a0                readDwordFromReal(unsigned short, unsigned short)
                0x00000000c00186b1                writeByteFromReal(unsigned short, unsigned short, unsigned char)
                0x00000000c00186c6                writeWordFromReal(unsigned short, unsigned short, unsigned short)
                0x00000000c00186dc                writeDwordFromReal(unsigned short, unsigned short, unsigned int)
                0x00000000c00186f1                vm8086FaultHandler(regs*)
 *fill*         0x00000000c0018d2b        0x1 
 .text          0x00000000c0018d2c     0x1088 fs/fat/vfslink.32
                0x00000000c0018d2c                FAT::getName()
                0x00000000c0018d32                FAT::tell(void*, unsigned long long*)
                0x00000000c0018d66                FAT::stat(void*, unsigned long long*)
                0x00000000c0018d9a                FAT::exists(char const*)
                0x00000000c0018d9e                FAT::~FAT()
                0x00000000c0018d9e                FAT::~FAT()
                0x00000000c0018dc2                FAT::~FAT()
                0x00000000c0018dea                FAT::getlabel(LogicalDisk*, int, char*, unsigned int*)
                0x00000000c0018e88                FAT::setlabel(LogicalDisk*, int, char*)
                0x00000000c0018f42                FAT::format(LogicalDisk*, int, char const*, int)
                0x00000000c0019126                FAT::tryMount(LogicalDisk*, int)
                0x00000000c001932c                FAT::readDir(void*, unsigned long, void*, int*)
                0x00000000c0019434                FAT::read(void*, unsigned long, void*, int*)
                0x00000000c001948e                FAT::write(void*, unsigned long, void*, int*)
                0x00000000c00194e8                FAT::close(void*)
                0x00000000c0019534                FAT::closeDir(void*)
                0x00000000c0019580                FAT::seek(void*, unsigned long long)
                0x00000000c00195d4                fatWrapperReadDisk
                0x00000000c001961b                fatWrapperWriteDisk
                0x00000000c0019662                fatWrapperIoctl
                0x00000000c0019766                FAT::FAT()
                0x00000000c0019766                FAT::FAT()
                0x00000000c00197b8                FAT::fixFilepath(char*)
                0x00000000c00197f0                FAT::open(char const*, void**, FileOpenMode)
                0x00000000c0019918                FAT::openDir(char const*, void**)
                0x00000000c00199be                FAT::stat(char const*, unsigned long long*, bool*)
                0x00000000c0019aa8                FAT::unlink(char const*)
                0x00000000c0019b22                FAT::chfatattr(char const*, unsigned char, unsigned char)
                0x00000000c0019c76                FAT::rename(char const*, char const*)
                0x00000000c0019d3a                FAT::mkdir(char const*)
 .text          0x00000000c0019db4      0xbdf fs/iso9660/vfslink.32
                0x00000000c0019db4                ISO9660::format(LogicalDisk*, int, char const*, int)
                0x00000000c0019dba                ISO9660::seek(void*, unsigned long long)
                0x00000000c0019dea                ISO9660::tell(void*, unsigned long long*)
                0x00000000c0019e0e                ISO9660::getName()
                0x00000000c0019e14                ISO9660::stat(void*, unsigned long long*)
                0x00000000c0019e38                ISO9660::chfatattr(char const*, unsigned char, unsigned char)
                0x00000000c0019e3e                ISO9660::unlink(char const*)
                0x00000000c0019e44                ISO9660::write(void*, unsigned long, void*, int*)
                0x00000000c0019e4a                ISO9660::rename(char const*, char const*)
                0x00000000c0019e50                ISO9660::mkdir(char const*)
                0x00000000c0019e56                ISO9660::close(void*)
                0x00000000c0019e78                ISO9660::closeDir(void*)
                0x00000000c0019e9a                ISO9660::~ISO9660()
                0x00000000c0019e9a                ISO9660::~ISO9660()
                0x00000000c0019ebe                ISO9660::~ISO9660()
                0x00000000c0019ee5                __memmem(unsigned char*, int, unsigned char*, int)
                0x00000000c0019f27                readSectorFromCDROM(unsigned int, unsigned char*, char)
                0x00000000c0019f8e                ISO9660::tryMount(LogicalDisk*, int)
                0x00000000c0019fde                ISO9660::read(void*, unsigned long, void*, int*)
                0x00000000c001a222                ISO9660::readDir(void*, unsigned long, void*, int*)
                0x00000000c001a4b0                readRoot(unsigned int*, unsigned int*, char)
                0x00000000c001a505                readRecursively(char*, unsigned int, unsigned int, unsigned int*, unsigned int*, char, int*)
                0x00000000c001a6d8                getFileData(char*, unsigned int*, unsigned int*, char, int*)
                0x00000000c001a766                ISO9660::open(char const*, void**, FileOpenMode)
                0x00000000c001a800                ISO9660::exists(char const*)
                0x00000000c001a824                ISO9660::stat(char const*, unsigned long long*, bool*)
                0x00000000c001a8b8                ISO9660::openDir(char const*, void**)
                0x00000000c001a970                ISO9660::ISO9660()
                0x00000000c001a970                ISO9660::ISO9660()
 *fill*         0x00000000c001a993        0x1 
 .text          0x00000000c001a994      0x244 hal/sound/sndchannel.32
                0x00000000c001a994                SoundChannel::~SoundChannel()
                0x00000000c001a994                SoundChannel::~SoundChannel()
                0x00000000c001a9b0                SoundChannel::setSpeed(float)
                0x00000000c001a9bc                SoundChannel::getSpeed()
                0x00000000c001a9c4                SoundChannel::setVolume(int)
                0x00000000c001a9e0                SoundChannel::getVolume()
                0x00000000c001a9e8                SoundChannel::pause()
                0x00000000c001a9f2                SoundChannel::SoundChannel(int, int, int, int)
                0x00000000c001a9f2                SoundChannel::SoundChannel(int, int, int, int)
                0x00000000c001aae8                SoundChannel::play()
                0x00000000c001aaf2                SoundChannel::paused()
                0x00000000c001aafa                SoundChannel::getSampleRate()
                0x00000000c001ab02                SoundChannel::getBits()
                0x00000000c001ab0a                SoundChannel::getBufferUsed()
                0x00000000c001ab12                SoundChannel::getBufferSize()
                0x00000000c001ab1a                SoundChannel::unbuffer(float*, int, int)
                0x00000000c001ab8c                SoundChannel::buffer8(unsigned char*, int)
 .text          0x00000000c001abd8      0x317 hal/sound/sndhw.32
                0x00000000c001abd8                SoundDevice::SoundDevice(char const*)
                0x00000000c001abd8                SoundDevice::SoundDevice(char const*)
                0x00000000c001ac44                SoundDevice::~SoundDevice()
                0x00000000c001ac44                SoundDevice::~SoundDevice()
                0x00000000c001acbe                SoundDevice::~SoundDevice()
                0x00000000c001ace8                SoundDevice::getFreeChannelNum()
                0x00000000c001ad02                SoundDevice::addChannel(SoundChannel*)
                0x00000000c001ad72                SoundDevice::removeChannel(int)
                0x00000000c001ada4                SoundDevice::floatTo8(float*, unsigned char*, int)
                0x00000000c001ae10                SoundDevice::getAudio(int, float*, float*)
 .text          0x00000000c001aeef        0x0 hw/bus/isa.32
 *fill*         0x00000000c001aeef        0x1 
 .text          0x00000000c001aef0      0x6e5 hw/bus/pci.32
                0x00000000c001aef0                PCI::open(int, int, void*)
                0x00000000c001af04                PCI::close(int, int, void*)
                0x00000000c001af08                PCI::PCI()
                0x00000000c001af08                PCI::PCI()
                0x00000000c001af88                PCI::pciReadWord(unsigned char, unsigned char, unsigned char, unsigned char)
                0x00000000c001afd0                PCI::getVendorID(unsigned char, unsigned char, unsigned char)
                0x00000000c001aff2                PCI::getHeaderType(unsigned char, unsigned char, unsigned char)
                0x00000000c001b016                PCI::getClassCode(unsigned char, unsigned char, unsigned char)
                0x00000000c001b05a                PCI::getProgIF(unsigned char, unsigned char, unsigned char)
                0x00000000c001b07e                PCI::getRevisionID(unsigned char, unsigned char, unsigned char)
                0x00000000c001b0a0                PCI::getInterruptNumber(unsigned char, unsigned char, unsigned char)
                0x00000000c001b0c2                PCI::getSecondaryBus(unsigned char, unsigned char, unsigned char)
                0x00000000c001b0e6                PCI::getBARAddress(unsigned char, unsigned char, unsigned char, unsigned char)
                0x00000000c001b146                PCI::pciWriteWord(unsigned char, unsigned char, unsigned char, unsigned char, unsigned short)
                0x00000000c001b1b2                PCI::checkBus(unsigned char)
                0x00000000c001b1d6                PCI::foundDevice(PCIDeviceInfo)
                0x00000000c001b346                PCI::getDeviceData(unsigned char, unsigned char, unsigned char)
                0x00000000c001b516                PCI::checkDevice(unsigned char, unsigned char)
                0x00000000c001b582                PCI::detect()
 *fill*         0x00000000c001b5d5        0x1 
 .text          0x00000000c001b5d6      0x4b9 hw/clock/rtc.32
                0x00000000c001b5d6                RTC::open(int, int, void*)
                0x00000000c001b5da                RTC::close(int, int, void*)
                0x00000000c001b5de                RTC::timeInSecondsUTC()
                0x00000000c001b5f0                RTC::setTimeInDatetimeUTC(datetime_t)
                0x00000000c001b5f4                RTC::timeInDatetimeUTC()
                0x00000000c001b61a                RTC::setTimeInSecondsUTC(unsigned long long)
                0x00000000c001b658                RTC::~RTC()
                0x00000000c001b658                RTC::~RTC()
                0x00000000c001b67c                RTC::~RTC()
                0x00000000c001b6a6                RTC::get_update_in_progress_flag()
                0x00000000c001b6be                RTC::completeRTCRefresh()
                0x00000000c001b9aa                rtcIRQHandler(regs*, void*)
                0x00000000c001b9f0                RTC::RTC()
                0x00000000c001b9f0                RTC::RTC()
 *fill*         0x00000000c001ba8f        0x1 
 .text          0x00000000c001ba90      0xc70 hw/diskctrl/ide.32
                0x00000000c001ba90                IDE::close(int, int, void*)
                0x00000000c001ba94                IDE::IDE()
                0x00000000c001ba94                IDE::IDE()
                0x00000000c001bac8                IDE::prepareInterrupt(unsigned char)
                0x00000000c001bada                selectDrive(unsigned char, unsigned char)
                0x00000000c001badc                IDE::getBase(unsigned char)
                0x00000000c001baee                IDE::write(unsigned char, unsigned char, unsigned char)
                0x00000000c001bbae                IDE::read(unsigned char, unsigned char)
                0x00000000c001bc5c                IDE::waitInterrupt(unsigned char)
                0x00000000c001bcc2                ideChannel0IRQHandler(regs*, void*)
                0x00000000c001bcde                ideChannel1IRQHandler(regs*, void*)
                0x00000000c001bcfa                IDE::enableIRQs(unsigned char, bool)
                0x00000000c001bd40                IDE::open(int, int, void*)
                0x00000000c001c150                IDE::readBuffer(unsigned char, unsigned char, unsigned int, unsigned int)
                0x00000000c001c21c                IDE::detect()
                0x00000000c001c504                IDE::printError(unsigned char, unsigned char, unsigned char)
                0x00000000c001c69a                IDE::polling(unsigned char, unsigned int)
 .text          0x00000000c001c700      0x62b hw/diskphys/ata.32
                0x00000000c001c700                ATA::close(int, int, void*)
                0x00000000c001c724                ATA::powerSaving(PowerSavingLevel)
                0x00000000c001c726                ATA::ATA()
                0x00000000c001c726                ATA::ATA()
                0x00000000c001c754                ATA::flush(bool)
                0x00000000c001c79e                ATA::readyForCommand()
                0x00000000c001c7ee                ATA::access(unsigned long long, int, void*, bool)
                0x00000000c001cb6c                ATA::read(unsigned long long, int, void*)
                0x00000000c001cbd4                ATA::write(unsigned long long, int, void*)
                0x00000000c001cc3c                ATA::detectCHS()
                0x00000000c001cc66                ATA::open(int, int, void*)
 *fill*         0x00000000c001cd2b        0x1 
 .text          0x00000000c001cd2c      0x5b3 hw/diskphys/atapi.32
                0x00000000c001cd2c                ATAPI::write(unsigned long long, int, void*)
                0x00000000c001cd32                ATAPI::close(int, int, void*)
                0x00000000c001cd56                ATAPI::ATAPI()
                0x00000000c001cd56                ATAPI::ATAPI()
                0x00000000c001cd84                ATAPI::readyForCommand()
                0x00000000c001cdd4                ATAPI::sendPacket(unsigned char*, int, bool, unsigned short*, int)
                0x00000000c001d094                ATAPI::diskRemoved()
                0x00000000c001d0b0                ATAPI::eject()
                0x00000000c001d0f6                ATAPI::diskInserted()
                0x00000000c001d124                ATAPI::detectMedia()
                0x00000000c001d1e0                ATAPI::open(int, int, void*)
                0x00000000c001d260                ATAPI::read(unsigned long long, int, void*)
 *fill*         0x00000000c001d2df        0x1 
 .text          0x00000000c001d2e0       0x8e hw/fpu/avx.32
                0x00000000c001d2e0                AVX::open(int, int, void*)
                0x00000000c001d2f2                AVX::close(int, int, void*)
                0x00000000c001d304                AVX::available()
                0x00000000c001d316                AVX::save(void*)
                0x00000000c001d32e                AVX::load(void*)
                0x00000000c001d346                AVX::AVX()
                0x00000000c001d346                AVX::AVX()
 .text          0x00000000c001d36e       0x90 hw/fpu/mmx.32
                0x00000000c001d36e                MMX::available()
                0x00000000c001d382                MMX::open(int, int, void*)
                0x00000000c001d394                MMX::close(int, int, void*)
                0x00000000c001d3a6                MMX::save(void*)
                0x00000000c001d3be                MMX::load(void*)
                0x00000000c001d3d6                MMX::MMX()
                0x00000000c001d3d6                MMX::MMX()
 .text          0x00000000c001d3fe       0x96 hw/fpu/sse.32
                0x00000000c001d3fe                SSE::open(int, int, void*)
                0x00000000c001d410                SSE::close(int, int, void*)
                0x00000000c001d422                SSE::available()
                0x00000000c001d43c                SSE::save(void*)
                0x00000000c001d454                SSE::load(void*)
                0x00000000c001d46c                SSE::SSE()
                0x00000000c001d46c                SSE::SSE()
 .text          0x00000000c001d494       0x8e hw/fpu/x87.32
                0x00000000c001d494                x87::open(int, int, void*)
                0x00000000c001d4a6                x87::close(int, int, void*)
                0x00000000c001d4b8                x87::available()
                0x00000000c001d4ca                x87::save(void*)
                0x00000000c001d4e2                x87::load(void*)
                0x00000000c001d4fa                x87::x87()
                0x00000000c001d4fa                x87::x87()
 .text          0x00000000c001d522      0x5f3 hw/intctrl/apic.32
                0x00000000c001d522                APIC::disable()
                0x00000000c001d524                APIC::close(int, int, void*)
                0x00000000c001d546                IOAPIC::close(int, int, void*)
                0x00000000c001d54c                APIC::io_wait()
                0x00000000c001d552                APIC::getBase()
                0x00000000c001d594                APIC::eoi(unsigned char)
                0x00000000c001d5c2                APIC::open(int, int, void*)
                0x00000000c001d67c                IOAPIC::IOAPIC()
                0x00000000c001d67c                IOAPIC::IOAPIC()
                0x00000000c001d6a4                APIC::APIC()
                0x00000000c001d6a4                APIC::APIC()
                0x00000000c001d774                IOAPIC::handlesGSIWithNumber(unsigned int)
                0x00000000c001d7a6                IOAPIC::read(int)
                0x00000000c001d7ce                IOAPIC::open(int, int, void*)
                0x00000000c001d8c4                IOAPIC::write(int, int)
                0x00000000c001d8f0                IOAPIC::redirect(unsigned char, unsigned long long, unsigned char)
                0x00000000c001d9aa                APIC::installIRQHandler(int, void (*)(regs*, void*), bool, void*)
 *fill*         0x00000000c001db15        0x1 
 .text          0x00000000c001db16      0x3d3 hw/intctrl/pic.32
                0x00000000c001db16                PIC::disable()
                0x00000000c001db44                PIC::close(int, int, void*)
                0x00000000c001db66                PIC::PIC()
                0x00000000c001db66                PIC::PIC()
                0x00000000c001dc3c                PIC::ioWait()
                0x00000000c001dc42                PIC::getIRQReg(int)
                0x00000000c001dcac                PIC::eoi(unsigned char)
                0x00000000c001dd3e                PIC::remap()
                0x00000000c001deaa                PIC::open(int, int, void*)
 *fill*         0x00000000c001dee9        0x1 
 .text          0x00000000c001deea      0x252 hw/timer/apictimer.32
                0x00000000c001deea                APICTimer::close(int, int, void*)
                0x00000000c001def0                apicTimerHandler(regs*, void*)
                0x00000000c001df1e                APICTimer::write(int)
                0x00000000c001e01c                APICTimer::open(int, int, void*)
                0x00000000c001e114                APICTimer::APICTimer()
                0x00000000c001e114                APICTimer::APICTimer()
 .text          0x00000000c001e13c      0x1a7 hw/timer/pit.32
                0x00000000c001e13c                PIT::write(int)
                0x00000000c001e1ba                pitHandler(regs*, void*)
                0x00000000c001e1e6                PIT::open(int, int, void*)
                0x00000000c001e234                PIT::close(int, int, void*)
                0x00000000c001e264                PIT::PIT()
                0x00000000c001e264                PIT::PIT()
 *fill*         0x00000000c001e2e3        0xd 
 .text          0x00000000c001e2f0        0xa hw/fpu/x86/avx.32
                0x00000000c001e2f0                avxDetect
                0x00000000c001e2f6                avxSave
                0x00000000c001e2f7                avxLoad
                0x00000000c001e2f8                avxInit
                0x00000000c001e2f9                avxClose
 *fill*         0x00000000c001e2fa        0x6 
 .text          0x00000000c001e300       0x38 hw/fpu/x86/sse.32
                0x00000000c001e300                sseDetect
                0x00000000c001e31b                sseSave
                0x00000000c001e321                sseLoad
                0x00000000c001e327                sseInit
                0x00000000c001e337                sseClose
 *fill*         0x00000000c001e338        0x8 
 .text          0x00000000c001e340       0x47 hw/fpu/x86/x87.32
                0x00000000c001e346                x87Detect
                0x00000000c001e361                x87Save
                0x00000000c001e367                x87Load
                0x00000000c001e36c                x87Init
                0x00000000c001e386                x87Close
 *fill*         0x00000000c001e387        0x1 
 .text          0x00000000c001e388       0x25 /cygdrive/d/Users/Alex/Desktop/Toolchain/Output/bin/../lib/gcc/i386-banana/8.1.0/crtend.o
 .text          0x00000000c001e3ad        0x0 crtn.32
 *fill*         0x00000000c001e3ad        0x3 
 .text          0x00000000c001e3b0      0x14b /cygdrive/d/Users/Alex/Desktop/Toolchain/Output/bin/../lib/gcc/i386-banana/8.1.0/libgcc.a(_divdi3.o)
                0x00000000c001e3b0                __divdi3
 *fill*         0x00000000c001e4fb        0x1 
 .text          0x00000000c001e4fc      0x17e /cygdrive/d/Users/Alex/Desktop/Toolchain/Output/bin/../lib/gcc/i386-banana/8.1.0/libgcc.a(_moddi3.o)
                0x00000000c001e4fc                __moddi3
 *fill*         0x00000000c001e67a        0x2 
 .text          0x00000000c001e67c       0xff /cygdrive/d/Users/Alex/Desktop/Toolchain/Output/bin/../lib/gcc/i386-banana/8.1.0/libgcc.a(_udivdi3.o)
                0x00000000c001e67c                __udivdi3
 *fill*         0x00000000c001e77b        0x1 
 .text          0x00000000c001e77c      0x11a /cygdrive/d/Users/Alex/Desktop/Toolchain/Output/bin/../lib/gcc/i386-banana/8.1.0/libgcc.a(_umoddi3.o)
                0x00000000c001e77c                __umoddi3
 *fill*         0x00000000c001e896        0xa 
 .text          0x00000000c001e8a0       0x1e D:/Users/Alex/Desktop/Banana/kernel/libk/libm32.a(s_fabs.c.o)
                0x00000000c001e8a0                fabs
 *fill*         0x00000000c001e8be        0x2 
 .text          0x00000000c001e8c0        0xc D:/Users/Alex/Desktop/Banana/kernel/libk/libm32.a(s_lrint.S.o)
                0x00000000c001e8c0                lrint
 .text          0x00000000c001e8cc        0xc D:/Users/Alex/Desktop/Banana/kernel/libk/libm32.a(s_lrintf.S.o)
                0x00000000c001e8cc                lrintf
 *(.gnu.linkonce.t*)

.iplt           0x00000000c001e8d8        0x0
 .iplt          0x00000000c001e8d8        0x0 D:/Users/Alex/Desktop/Banana/kernel/boot.32

.init           0x00000000c001e8d8        0xf
 .init          0x00000000c001e8d8        0x3 crti.32
                0x00000000c001e8d8                _init
 .init          0x00000000c001e8db        0x5 /cygdrive/d/Users/Alex/Desktop/Toolchain/Output/bin/../lib/gcc/i386-banana/8.1.0/crtbegin.o
 .init          0x00000000c001e8e0        0x5 /cygdrive/d/Users/Alex/Desktop/Toolchain/Output/bin/../lib/gcc/i386-banana/8.1.0/crtend.o
 .init          0x00000000c001e8e5        0x2 crtn.32

.fini           0x00000000c001e8e7        0xa
 .fini          0x00000000c001e8e7        0x3 crti.32
                0x00000000c001e8e7                _fini
 .fini          0x00000000c001e8ea        0x5 /cygdrive/d/Users/Alex/Desktop/Toolchain/Output/bin/../lib/gcc/i386-banana/8.1.0/crtbegin.o
 .fini          0x00000000c001e8ef        0x2 crtn.32

.text._ZN8ComputerD2Ev
                0x00000000c001e8f2       0x23
 .text._ZN8ComputerD2Ev
                0x00000000c001e8f2       0x23 core/computer.32
                0x00000000c001e8f2                Computer::~Computer()
                0x00000000c001e8f2                Computer::~Computer()

.text._ZN8ComputerD0Ev
                0x00000000c001e916       0x2a
 .text._ZN8ComputerD0Ev
                0x00000000c001e916       0x2a core/computer.32
                0x00000000c001e916                Computer::~Computer()

.text._Z10idleCommonv
                0x00000000c001e940       0x15
 .text._Z10idleCommonv
                0x00000000c001e940       0x15 core/idle.32
                0x00000000c001e940                idleCommon()

.text._ZN3CPU7readCR0Ev
                0x00000000c001e955       0x12
 .text._ZN3CPU7readCR0Ev
                0x00000000c001e955       0x12 core/kconsole.32
                0x00000000c001e955                CPU::readCR0()

.text._ZN3CPU7readCR2Ev
                0x00000000c001e967       0x12
 .text._ZN3CPU7readCR2Ev
                0x00000000c001e967       0x12 core/kconsole.32
                0x00000000c001e967                CPU::readCR2()

.text._ZN3CPU7readCR3Ev
                0x00000000c001e979       0x12
 .text._ZN3CPU7readCR3Ev
                0x00000000c001e979       0x12 core/kconsole.32
                0x00000000c001e979                CPU::readCR3()

.text._ZN3CPU7readCR4Ev
                0x00000000c001e98b       0x12
 .text._ZN3CPU7readCR4Ev
                0x00000000c001e98b       0x12 core/kconsole.32
                0x00000000c001e98b                CPU::readCR4()

.text._ZN3CPU8writeCR3Em
                0x00000000c001e99d        0x9
 .text._ZN3CPU8writeCR3Em
                0x00000000c001e99d        0x9 core/kheap.32
                0x00000000c001e99d                CPU::writeCR3(unsigned long)

.text._ZN10LinkedListIV18ThreadControlBlockED2Ev
                0x00000000c001e9a6        0x2
 .text._ZN10LinkedListIV18ThreadControlBlockED2Ev
                0x00000000c001e9a6        0x2 core/prcssthr.32
                0x00000000c001e9a6                LinkedList<ThreadControlBlock volatile>::~LinkedList()
                0x00000000c001e9a6                LinkedList<ThreadControlBlock volatile>::~LinkedList()

.text._ZN18ThreadControlBlockC2Ev
                0x00000000c001e9a8       0x3e
 .text._ZN18ThreadControlBlockC2Ev
                0x00000000c001e9a8       0x3e core/prcssthr.32
                0x00000000c001e9a8                ThreadControlBlock::ThreadControlBlock()
                0x00000000c001e9a8                ThreadControlBlock::ThreadControlBlock()

.text._ZN10LinkedListIV18ThreadControlBlockEC2Ev
                0x00000000c001e9e6       0x58
 .text._ZN10LinkedListIV18ThreadControlBlockEC2Ev
                0x00000000c001e9e6       0x58 core/prcssthr.32
                0x00000000c001e9e6                LinkedList<ThreadControlBlock volatile>::LinkedList()
                0x00000000c001e9e6                LinkedList<ThreadControlBlock volatile>::LinkedList()

.text._ZN10LinkedListIV18ThreadControlBlockE10addElementEPS1_
                0x00000000c001ea3e       0xd3
 .text._ZN10LinkedListIV18ThreadControlBlockE10addElementEPS1_
                0x00000000c001ea3e       0xd3 core/prcssthr.32
                0x00000000c001ea3e                LinkedList<ThreadControlBlock volatile>::addElement(ThreadControlBlock volatile*)

.text._ZN10LinkedListIV18ThreadControlBlockE7isEmptyEv
                0x00000000c001eb12       0x1c
 .text._ZN10LinkedListIV18ThreadControlBlockE7isEmptyEv
                0x00000000c001eb12       0x1c core/prcssthr.32
                0x00000000c001eb12                LinkedList<ThreadControlBlock volatile>::isEmpty()

.text._ZN10LinkedListIV18ThreadControlBlockE11removeFirstEv
                0x00000000c001eb2e       0xae
 .text._ZN10LinkedListIV18ThreadControlBlockE11removeFirstEv
                0x00000000c001eb2e       0xae core/prcssthr.32
                0x00000000c001eb2e                LinkedList<ThreadControlBlock volatile>::removeFirst()

.text._ZN10LinkedListIV18ThreadControlBlockE15getFirstElementEv
                0x00000000c001ebdc        0x7
 .text._ZN10LinkedListIV18ThreadControlBlockE15getFirstElementEv
                0x00000000c001ebdc        0x7 core/prcssthr.32
                0x00000000c001ebdc                LinkedList<ThreadControlBlock volatile>::getFirstElement()

.text._ZN10LinkedListIV18ThreadControlBlockE7getNextEPS1_
                0x00000000c001ebe4        0x8
 .text._ZN10LinkedListIV18ThreadControlBlockE7getNextEPS1_
                0x00000000c001ebe4        0x8 core/prcssthr.32
                0x00000000c001ebe4                LinkedList<ThreadControlBlock volatile>::getNext(ThreadControlBlock volatile*)

.text._ZN10LinkedListI8UnixFileED2Ev
                0x00000000c001ebec        0x2
 .text._ZN10LinkedListI8UnixFileED2Ev
                0x00000000c001ebec        0x2 core/unixfile.32
                0x00000000c001ebec                LinkedList<UnixFile>::~LinkedList()
                0x00000000c001ebec                LinkedList<UnixFile>::~LinkedList()

.text._ZN10LinkedListI8UnixFileEC2Ev
                0x00000000c001ebee       0x58
 .text._ZN10LinkedListI8UnixFileEC2Ev
                0x00000000c001ebee       0x58 core/unixfile.32
                0x00000000c001ebee                LinkedList<UnixFile>::LinkedList()
                0x00000000c001ebee                LinkedList<UnixFile>::LinkedList()

.text._ZN10LinkedListI8UnixFileE15getFirstElementEv
                0x00000000c001ec46        0x7
 .text._ZN10LinkedListI8UnixFileE15getFirstElementEv
                0x00000000c001ec46        0x7 core/unixfile.32
                0x00000000c001ec46                LinkedList<UnixFile>::getFirstElement()

.text._ZN10LinkedListI8UnixFileE11removeFirstEv
                0x00000000c001ec4e       0xa1
 .text._ZN10LinkedListI8UnixFileE11removeFirstEv
                0x00000000c001ec4e       0xa1 core/unixfile.32
                0x00000000c001ec4e                LinkedList<UnixFile>::removeFirst()

.text._ZN10LinkedListI8UnixFileE7getNextEPS0_
                0x00000000c001ecf0        0x8
 .text._ZN10LinkedListI8UnixFileE7getNextEPS0_
                0x00000000c001ecf0        0x8 core/unixfile.32
                0x00000000c001ecf0                LinkedList<UnixFile>::getNext(UnixFile*)

.text._ZN10LinkedListI8UnixFileE10addElementEPS0_
                0x00000000c001ecf8      0x130
 .text._ZN10LinkedListI8UnixFileE10addElementEPS0_
                0x00000000c001ecf8      0x130 core/unixfile.32
                0x00000000c001ecf8                LinkedList<UnixFile>::addElement(UnixFile*)

.text._ZN16DriverlessDeviceD2Ev
                0x00000000c001ee28       0x1a
 .text._ZN16DriverlessDeviceD2Ev
                0x00000000c001ee28       0x1a hal/device.32
                0x00000000c001ee28                DriverlessDevice::~DriverlessDevice()
                0x00000000c001ee28                DriverlessDevice::~DriverlessDevice()

.text._ZN16DriverlessDeviceD0Ev
                0x00000000c001ee42       0x2a
 .text._ZN16DriverlessDeviceD0Ev
                0x00000000c001ee42       0x2a hal/device.32
                0x00000000c001ee42                DriverlessDevice::~DriverlessDevice()

.text._ZN10LinkedListI6DeviceE10addElementEPS0_
                0x00000000c001ee6c       0xdc
 .text._ZN10LinkedListI6DeviceE10addElementEPS0_
                0x00000000c001ee6c       0xdc hal/device.32
                0x00000000c001ee6c                LinkedList<Device>::addElement(Device*)

.text._ZN10LinkedListI6DeviceEC2Ev
                0x00000000c001ef48       0x58
 .text._ZN10LinkedListI6DeviceEC2Ev
                0x00000000c001ef48       0x58 hal/device.32
                0x00000000c001ef48                LinkedList<Device>::LinkedList()
                0x00000000c001ef48                LinkedList<Device>::LinkedList()

.text._ZN3CPU7readDR0Ev
                0x00000000c001efa0       0x12
 .text._ZN3CPU7readDR0Ev
                0x00000000c001efa0       0x12 hal/intctrl.32
                0x00000000c001efa0                CPU::readDR0()

.text._ZN3CPU7readDR1Ev
                0x00000000c001efb2       0x12
 .text._ZN3CPU7readDR1Ev
                0x00000000c001efb2       0x12 hal/intctrl.32
                0x00000000c001efb2                CPU::readDR1()

.text._ZN3CPU7readDR2Ev
                0x00000000c001efc4       0x12
 .text._ZN3CPU7readDR2Ev
                0x00000000c001efc4       0x12 hal/intctrl.32
                0x00000000c001efc4                CPU::readDR2()

.text._ZN3CPU7readDR3Ev
                0x00000000c001efd6       0x12
 .text._ZN3CPU7readDR3Ev
                0x00000000c001efd6       0x12 hal/intctrl.32
                0x00000000c001efd6                CPU::readDR3()

.text._ZN3CPU7readDR6Ev
                0x00000000c001efe8       0x12
 .text._ZN3CPU7readDR6Ev
                0x00000000c001efe8       0x12 hal/intctrl.32
                0x00000000c001efe8                CPU::readDR6()

.text._ZN3CPU7readDR7Ev
                0x00000000c001effa       0x12
 .text._ZN3CPU7readDR7Ev
                0x00000000c001effa       0x12 hal/intctrl.32
                0x00000000c001effa                CPU::readDR7()

.text._ZN4ACPID2Ev
                0x00000000c001f00c       0x23
 .text._ZN4ACPID2Ev
                0x00000000c001f00c       0x23 hw/acpi.32
                0x00000000c001f00c                ACPI::~ACPI()
                0x00000000c001f00c                ACPI::~ACPI()

.text._ZN4ACPID0Ev
                0x00000000c001f030       0x2a
 .text._ZN4ACPID0Ev
                0x00000000c001f030       0x2a hw/acpi.32
                0x00000000c001f030                ACPI::~ACPI()

.text._ZN3CPUD2Ev
                0x00000000c001f05a       0x23
 .text._ZN3CPUD2Ev
                0x00000000c001f05a       0x23 hw/cpu.32
                0x00000000c001f05a                CPU::~CPU()
                0x00000000c001f05a                CPU::~CPU()

.text._ZN3CPUD0Ev
                0x00000000c001f07e       0x2a
 .text._ZN3CPUD0Ev
                0x00000000c001f07e       0x2a hw/cpu.32
                0x00000000c001f07e                CPU::~CPU()

.text._ZN3CPU8writeDR7Em
                0x00000000c001f0a8        0x9
 .text._ZN3CPU8writeDR7Em
                0x00000000c001f0a8        0x9 hw/cpu.32
                0x00000000c001f0a8                CPU::writeDR7(unsigned long)

.text._ZN3CPU8writeCR4Em
                0x00000000c001f0b1        0x9
 .text._ZN3CPU8writeCR4Em
                0x00000000c001f0b1        0x9 hw/cpu.32
                0x00000000c001f0b1                CPU::writeCR4(unsigned long)

.text._ZN3PCID2Ev
                0x00000000c001f0ba       0x23
 .text._ZN3PCID2Ev
                0x00000000c001f0ba       0x23 hw/bus/pci.32
                0x00000000c001f0ba                PCI::~PCI()