Archive member included to satisfy reference by file (symbol)

/cygdrive/d/Users/Alex/Desktop/Toolchain/Output/bin/../lib/gcc/i386-banana/8.1.0/libkgcc.a(_divdi3.o)
                              fs/fat/ff.32 (__divdi3)
/cygdrive/d/Users/Alex/Desktop/Toolchain/Output/bin/../lib/gcc/i386-banana/8.1.0/libkgcc.a(_moddi3.o)
                              compat/resolve.32 (__moddi3)
/cygdrive/d/Users/Alex/Desktop/Toolchain/Output/bin/../lib/gcc/i386-banana/8.1.0/libkgcc.a(_udivdi3.o)
                              fs/fat/ff.32 (__udivdi3)
/cygdrive/d/Users/Alex/Desktop/Toolchain/Output/bin/../lib/gcc/i386-banana/8.1.0/libkgcc.a(_umoddi3.o)
                              compat/resolve.32 (__umoddi3)
D:/Users/Alex/Desktop/Banana/kernel/libsoftfp.a(sfieeelib.o)
                              hal/sound/sndhw.32 (__addsf3)
D:/Users/Alex/Desktop/Banana/kernel/libsoftfp.a(dfieeelib.o)
                              hal/libresample/src_linear.32 (__adddf3)
D:/Users/Alex/Desktop/Banana/kernel/libsoftfp.a(sfdfcvt.o)
                              hal/libresample/samplerate.32 (__truncdfsf2)
D:/Users/Alex/Desktop/Banana/kernel/libk/libm32.a(s_fabs.c.o)
                              hal/libresample/samplerate.32 (fabs)
D:/Users/Alex/Desktop/Banana/kernel/libk/libm32.a(s_lrint.S.o)
                              hal/libresample/samplerate.32 (lrint)
D:/Users/Alex/Desktop/Banana/kernel/libk/libm32.a(s_lrintf.S.o)
                              hal/sound/sndhw.32 (lrintf)

Discarded input sections

 .comment       0x0000000000000000       0x12 /cygdrive/d/Users/Alex/Desktop/Toolchain/Output/bin/../lib/gcc/i386-banana/8.1.0/crtbegin.o
 .comment       0x0000000000000000       0x12 acpica/utclib.32
 .comment       0x0000000000000000       0x12 core/malloc.32
 .comment       0x0000000000000000       0x12 libk/string.32
 .comment       0x0000000000000000       0x12 fs/fat/diskio.32
 .comment       0x0000000000000000       0x12 fs/fat/ff.32
 .comment       0x0000000000000000       0x12 fs/fat/ffsystem.32
 .comment       0x0000000000000000       0x12 fs/fat/ffunicode.32
 .comment       0x0000000000000000       0x12 hal/libresample/samplerate.32
 .comment       0x0000000000000000       0x12 hal/libresample/src_linear.32
 .comment       0x0000000000000000       0x12 hal/libresample/src_sinc.32
 .comment       0x0000000000000000       0x12 hal/libresample/src_zoh.32
 .comment       0x0000000000000000       0x12 compat/inlines.32
 .comment       0x0000000000000000       0x12 compat/resolve.32
 .group         0x0000000000000000       0x14 core/computer.32
 .group         0x0000000000000000        0xc core/computer.32
 .comment       0x0000000000000000       0x12 core/computer.32
 .comment       0x0000000000000000       0x12 core/gdt.32
 .group         0x0000000000000000        0xc core/idle.32
 .comment       0x0000000000000000       0x12 core/idle.32
 .comment       0x0000000000000000       0x12 core/idt.32
 .comment       0x0000000000000000       0x12 core/kheap.32
 .comment       0x0000000000000000       0x12 core/main.32
 .comment       0x0000000000000000       0x12 core/physmgr.32
 .group         0x0000000000000000        0xc core/pipe.32
 .comment       0x0000000000000000       0x12 core/pipe.32
 .group         0x0000000000000000        0xc core/terminal.32
 .comment       0x0000000000000000       0x12 core/terminal.32
 .comment       0x0000000000000000       0x12 core/tss.32
 .group         0x0000000000000000        0x8 core/unixfile.32
 .group         0x0000000000000000        0xc core/unixfile.32
 .group         0x0000000000000000        0xc core/unixfile.32
 .group         0x0000000000000000        0x8 core/unixfile.32
 .group         0x0000000000000000        0xc core/unixfile.32
 .group         0x0000000000000000        0x8 core/unixfile.32
 .group         0x0000000000000000        0xc core/unixfile.32
 .group         0x0000000000000000        0xc core/unixfile.32
 .comment       0x0000000000000000       0x12 core/unixfile.32
 .comment       0x0000000000000000       0x12 core/virtmgr.32
 .comment       0x0000000000000000       0x12 coreobjs/c++.32
 .comment       0x0000000000000000       0x12 dbg/kconsole.32
 .group         0x0000000000000000        0xc fs/vfs.32
 .group         0x0000000000000000        0xc fs/vfs.32
 .group         0x0000000000000000        0xc fs/vfs.32
 .comment       0x0000000000000000       0x12 fs/vfs.32
 .group         0x0000000000000000        0xc hal/bus.32
 .comment       0x0000000000000000       0x12 hal/bus.32
 .group         0x0000000000000000        0xc hal/buzzer.32
 .comment       0x0000000000000000       0x12 hal/buzzer.32
 .group         0x0000000000000000        0xc hal/clock.32
 .comment       0x0000000000000000       0x12 hal/clock.32
 .group         0x0000000000000000       0x14 hal/device.32
 .group         0x0000000000000000        0xc hal/device.32
 .group         0x0000000000000000        0xc hal/device.32
 .group         0x0000000000000000        0xc hal/device.32
[...]
Memory Configuration

Name             Origin             Length             Attributes
*default*        0x0000000000000000 0xffffffffffffffff

Linker script and memory map

LOAD D:/Users/Alex/Desktop/Banana/kernel/boot.32
LOAD crti.32
LOAD /cygdrive/d/Users/Alex/Desktop/Toolchain/Output/bin/../lib/gcc/i386-banana/8.1.0/crtbegin.o
LOAD D:/Users/Alex/Desktop/Banana/kernel/morenasm.32
LOAD acpica/utclib.32
LOAD core/malloc.32
LOAD libk/string.32
LOAD fs/fat/diskio.32
LOAD fs/fat/ff.32
LOAD fs/fat/ffsystem.32
LOAD fs/fat/ffunicode.32
LOAD hal/libresample/samplerate.32
LOAD hal/libresample/src_linear.32
LOAD hal/libresample/src_sinc.32
LOAD hal/libresample/src_zoh.32
LOAD compat/inlines.32
LOAD compat/resolve.32
LOAD core/computer.32
LOAD core/gdt.32
LOAD core/idle.32
LOAD core/idt.32
LOAD core/kheap.32
LOAD core/main.32
LOAD core/physmgr.32
LOAD core/pipe.32
LOAD core/terminal.32
LOAD core/tss.32
LOAD core/unixfile.32
LOAD core/virtmgr.32
LOAD coreobjs/c++.32
LOAD dbg/kconsole.32
LOAD fs/vfs.32
LOAD hal/bus.32
LOAD hal/buzzer.32
LOAD hal/clock.32
LOAD hal/device.32
LOAD hal/diskctrl.32
LOAD hal/diskphys.32
LOAD hal/fpu.32
LOAD hal/intctrl.32
LOAD hal/keybrd.32
LOAD hal/logidisk.32
LOAD hal/mouse.32
LOAD hal/partition.32
LOAD hal/serial.32
LOAD hal/timer.32
LOAD hal/vcache.32
LOAD hal/video.32
LOAD hw/acpi.32
LOAD hw/cpu.32
LOAD hw/ports.32
LOAD hw/smp.32
LOAD krnl/env.32
LOAD krnl/panic.32
LOAD net/ethernet.32
LOAD reg/registry.32
LOAD sys/sc_eject.32
LOAD sys/sc_exit.32
LOAD sys/sc_getcwd.32
LOAD sys/sc_getpid.32
LOAD sys/sc_getramdata.32
LOAD sys/sc_getvgaptr.32
LOAD sys/sc_loaddll.32
LOAD sys/sc_read.32
LOAD sys/sc_sbrk.32
LOAD sys/sc_setcwd.32
LOAD sys/sc_settime.32
LOAD sys/sc_timezone.32
LOAD sys/sc_write.32
LOAD sys/sc_wsbe.32
LOAD sys/sc_yield.32
LOAD sys/syscalls.32
LOAD thr/elf.32
LOAD thr/prcssthr.32
LOAD vm86/vm8086.32
LOAD vm86/x87em.32
LOAD fs/fat/vfslink.32
LOAD fs/iso9660/vfslink.32
LOAD hal/sound/sndchannel.32
LOAD hal/sound/sndhw.32
LOAD hw/bus/isa.32
LOAD hw/bus/pci.32
LOAD hw/diskctrl/ide.32
LOAD hw/diskctrl/satabus.32
LOAD hw/diskphys/ata.32
LOAD hw/diskphys/atapi.32
LOAD hw/diskphys/sata.32
LOAD hw/diskphys/satapi.32
LOAD hw/fpu/avx.32
LOAD hw/fpu/mmx.32
LOAD hw/fpu/sse.32
LOAD hw/fpu/x87.32
LOAD hw/intctrl/apic.32
LOAD hw/intctrl/pic.32
LOAD hw/timer/apictimer.32
LOAD hw/timer/pit.32
LOAD hw/fpu/x86/avx.32
LOAD hw/fpu/x86/sse.32
LOAD hw/fpu/x86/x87.32
LOAD /cygdrive/d/Users/Alex/Desktop/Toolchain/Output/bin/../lib/gcc/i386-banana/8.1.0/crtend.o
LOAD crtn.32
LOAD /cygdrive/d/Users/Alex/Desktop/Toolchain/Output/bin/../lib/gcc/i386-banana/8.1.0/libkgcc.a
LOAD D:/Users/Alex/Desktop/Banana/kernel/libsoftfp.a
LOAD D:/Users/Alex/Desktop/Banana/kernel/libk/libm32.a
                0x00000000c0000000                . = 0xc0000000

.text           0x00000000c0000000    0x28e88
 *(.text)
 .text          0x00000000c0000000       0x41 D:/Users/Alex/Desktop/Banana/kernel/boot.32
                0x00000000c0000020                callGlobalConstructors
 .text          0x00000000c0000041        0x0 crti.32
 *fill*         0x00000000c0000041        0x3 
 .text          0x00000000c0000044      0x101 /cygdrive/d/Users/Alex/Desktop/Toolchain/Output/bin/../lib/gcc/i386-banana/8.1.0/crtbegin.o
 *fill*         0x00000000c0000145        0xb 
 .text          0x00000000c0000150      0x518 D:/Users/Alex/Desktop/Banana/kernel/morenasm.32
                0x00000000c0000150                manualPCIProbe
                0x00000000c000019b                prepareTramp
                0x00000000c00001b4                voodooXADD
                0x00000000c000027f                doTPAUSE
                0x00000000c0000289                hasLegacyFPU
                0x00000000c00002ae                is486
                0x00000000c00002e4                detectCPUID
                0x00000000c00002fa                goToVM86
                0x00000000c000032a                goToUsermode
                0x00000000c0000354                switchToThreadASMFirstTime
                0x00000000c0000362                switchToThreadASM
                0x00000000c00003f2                asmQuickAcquireLock
                0x00000000c0000410                asmQuickReleaseLock
                0x00000000c000041c                asmAcquireLock
                0x00000000c000043d                asmReleaseLock
                0x00000000c0000450                loadGDT
                0x00000000c0000470                isr0
                0x00000000c0000480                isr1
                0x00000000c000048a                isr2
                0x00000000c0000494                isr3
                0x00000000c000049e                isr4
                0x00000000c00004a8                isr5
                0x00000000c00004b2                isr6
                0x00000000c00004bc                isr7
                0x00000000c00004c6                isr8
                0x00000000c00004ce                isr9
                0x00000000c00004d8                isr10
                0x00000000c00004e0                isr11
                0x00000000c00004e8                isr12
                0x00000000c00004f0                isr13
                0x00000000c00004f8                isr14
                0x00000000c0000500                isr15
                0x00000000c000050a                isr16
                0x00000000c0000514                isr17
                0x00000000c000051e                isr18
                0x00000000c0000528                irq3
                0x00000000c0000532                irq4
                0x00000000c000053c                irq5
                0x00000000c0000546                irq6
                0x00000000c0000550                irq7
                0x00000000c000055a                irq8
                0x00000000c0000564                irq9
                0x00000000c000056e                irq10
                0x00000000c0000578                irq11
                0x00000000c0000582                irq12
                0x00000000c000058c                irq13
                0x00000000c0000596                irq14
                0x00000000c00005a0                irq15
                0x00000000c00005aa                irq1
                0x00000000c00005b1                irq2
                0x00000000c00005b8                isr96
                0x00000000c00005bf                irq0
                0x00000000c00005c4                int_common_stub
                0x00000000c00005c4                syscall_common_stub
                0x00000000c00005f6                irq16
                0x00000000c0000600                irq17
                0x00000000c000060a                irq18
                0x00000000c0000614                irq19
                0x00000000c000061e                irq20
                0x00000000c0000628                irq21
                0x00000000c0000632                irq22
                0x00000000c000063c                irq23
                0x00000000c0000646                hexStrToInt
                0x00000000c0000663                memcpy
 .text          0x00000000c0000668      0x5dd acpica/utclib.32
                0x00000000c0000668                memcmp
                0x00000000c00006a4                memmove
                0x00000000c000076c                memset
                0x00000000c0000788                strlen
                0x00000000c00007a0                strpbrk
                0x00000000c00007dc                strtok
                0x00000000c0000828                strcpy
                0x00000000c000084c                strncpy
                0x00000000c00008b4                strcmp
                0x00000000c00008f4                strchr
                0x00000000c0000918                strncmp
                0x00000000c0000968                strcat
                0x00000000c0000998                strncat
                0x00000000c00009d4                strstr
                0x00000000c0000a1c                toupper
                0x00000000c0000a30                tolower
                0x00000000c0000a44                simple_strtoul
 .text          0x00000000c0000c45      0xfab core/malloc.32
                0x00000000c0000db0                dlfree
                0x00000000c000110b                dlmalloc
                0x00000000c0001648                dlrealloc
                0x00000000c00017e9                dlmemalign
                0x00000000c000190c                dlcalloc
                0x00000000c00019a6                dlcfree
                0x00000000c00019ab                dlindependent_calloc
                0x00000000c00019d0                dlindependent_comalloc
                0x00000000c00019e7                dlvalloc
                0x00000000c0001a12                dlpvalloc
                0x00000000c0001a48                dlmalloc_trim
                0x00000000c0001a55                dlmalloc_usable_size
                0x00000000c0001a86                dlmallinfo
                0x00000000c0001b55                dlmalloc_stats
                0x00000000c0001b66                dlmallopt
 .text          0x00000000c0001bf0        0x0 libk/string.32
 .text          0x00000000c0001bf0       0x51 fs/fat/diskio.32
                0x00000000c0001bf0                disk_status
                0x00000000c0001bf3                disk_initialize
                0x00000000c0001bf6                disk_read
                0x00000000c0001c0c                disk_write
                0x00000000c0001c22                disk_ioctl
 .text          0x00000000c0001c41     0x6833 fs/fat/ff.32
                0x00000000c0004f0f                f_mount
                0x00000000c0004f71                f_open
                0x00000000c00053ad                f_read
                0x00000000c000562d                f_write
                0x00000000c00058e7                f_sync
                0x00000000c0005ac3                f_close
                0x00000000c0005af2                f_lseek
                0x00000000c0005fa9                f_opendir
                0x00000000c00060ab                f_closedir
                0x00000000c00060cd                f_readdir
                0x00000000c0006168                f_stat
                0x00000000c00061f7                f_getfree
                0x00000000c00063c2                f_truncate
                0x00000000c00064ba                f_unlink
                0x00000000c000663d                f_mkdir
                0x00000000c0006869                f_rename
                0x00000000c0006b5c                f_chmod
                0x00000000c0006c3a                f_utime
                0x00000000c0006d18                f_getlabel
                0x00000000c0006f06                f_setlabel
                0x00000000c0007173                f_forward
                0x00000000c0007351                f_mkfs
 .text          0x00000000c0008474       0x2d fs/fat/ffsystem.32
                0x00000000c0008474                ff_memalloc
                0x00000000c000848a                ff_memfree
 .text          0x00000000c00084a1      0x253 fs/fat/ffunicode.32
                0x00000000c00084a1                ff_uni2oem
                0x00000000c0008531                ff_oem2uni
                0x00000000c000859d                ff_wtoupper
 .text          0x00000000c00086f4      0x8fb hal/libresample/samplerate.32
                0x00000000c0008738                src_delete
                0x00000000c0008774                src_process
                0x00000000c000892a                src_callback_read
                0x00000000c0008aa7                src_set_ratio
                0x00000000c0008b11                src_get_channels
                0x00000000c0008b33                src_reset
                0x00000000c0008b7f                src_new
                0x00000000c0008c0d                src_callback_new
                0x00000000c0008c6f                src_get_name
                0x00000000c0008ca6                src_get_description
                0x00000000c0008cdd                src_get_version
                0x00000000c0008ce3                src_is_valid_ratio
                0x00000000c0008d37                src_error
                0x00000000c0008d45                src_strerror
                0x00000000c0008d58                src_simple
                0x00000000c0008dab                src_short_to_float_array
                0x00000000c0008e10                src_float_to_short_array
                0x00000000c0008ecf                src_int_to_float_array
                0x00000000c0008f32                src_float_to_int_array
 .text          0x00000000c0008fef      0x8cb hal/libresample/src_linear.32
                0x00000000c0009815                linear_get_name
                0x00000000c0009824                linear_get_description
                0x00000000c0009833                linear_set_converter
 .text          0x00000000c00098ba     0x447c hal/libresample/src_sinc.32
                0x00000000c000dc4d                sinc_get_name
                0x00000000c000dc60                sinc_get_description
                0x00000000c000dc73                sinc_set_converter
 .text          0x00000000c000dd36      0x77c hal/libresample/src_zoh.32
                0x00000000c000e40d                zoh_get_name
                0x00000000c000e41c                zoh_get_description
                0x00000000c000e42b                zoh_set_converter
 .text          0x00000000c000e4b2       0xa7 compat/inlines.32
                0x00000000c000e4b2                CPU::current()
                0x00000000c000e4be                operator new(unsigned long)
                0x00000000c000e4c3                operator delete(void*)
                0x00000000c000e4c8                disableIRQs()
                0x00000000c000e4d0                enableIRQs()
                0x00000000c000e4df                lockScheduler()
                0x00000000c000e4e7                unlockScheduler()
                0x00000000c000e4f6                lockStuff()
                0x00000000c000e504                unlockStuff()
                0x00000000c000e53e                Virt::getAKernelVAS()
                0x00000000c000e544                __not_memcpy
 .text          0x00000000c000e559      0x111 compat/resolve.32
                0x00000000c000e559                Krnl::resolveCompatibilitySymbol(char*)
 .text          0x00000000c000e66a      0xa17 core/computer.32
                0x00000000c000e66a                Computer::close(int, int, void*)
                0x00000000c000e6ae                Krnl::firstTask()
                0x00000000c000e79e                Computer::Computer()
                0x00000000c000e79e                Computer::Computer()
                0x00000000c000e8fa                Computer::setBootMessage(char const*)
                0x00000000c000e8fc                Computer::detectFeatures()
                0x00000000c000eb06                Computer::displayFeatures()
                0x00000000c000ee4c                Computer::rdmsr(unsigned int)
                0x00000000c000ee78                Computer::wrmsr(unsigned int, unsigned long long)
                0x00000000c000eeb0                Computer::nmiEnabled()
                0x00000000c000eebc                Computer::readCMOS(unsigned char)
                0x00000000c000eed6                Computer::enableNMI(bool)
                0x00000000c000eeee                Computer::open(int, int, void*)
                0x00000000c000efc4                Computer::disableNMI()
                0x00000000c000efd2                Computer::writeCMOS(unsigned char, unsigned char)
                0x00000000c000eff0                Computer::handleNMI()
                0x00000000c000f056                Computer::setDiskActivityLight(int, bool)
 *fill*         0x00000000c000f081        0x1 
 .text          0x00000000c000f082      0x1b7 core/gdt.32
                0x00000000c000f082                GDTEntry::setBase(unsigned int)
                0x00000000c000f09e                GDTEntry::setLimit(unsigned int)
                0x00000000c000f0bc                GDT::GDT()
                0x00000000c000f0bc                GDT::GDT()
                0x00000000c000f0d2                GDT::addEntry(GDTEntry)
                0x00000000c000f10e                GDT::getNumberOfEntries()
                0x00000000c000f116                GDT::flush()
                0x00000000c000f138                GDT::setup()
 .text          0x00000000c000f239       0x6b core/idle.32
                0x00000000c000f239                idleFunction(void*)
 .text          0x00000000c000f2a4      0x45e core/idt.32
                0x00000000c000f2a4                IDTEntry::IDTEntry(bool)
                0x00000000c000f2a4                IDTEntry::IDTEntry(bool)
                0x00000000c000f312                IDTEntry::setOffset(unsigned int)
                0x00000000c000f326                IDT::IDT()
                0x00000000c000f326                IDT::IDT()
                0x00000000c000f328                IDT::getPointerToInvalidOpcodeEntryForF00F()
                0x00000000c000f330                IDT::addEntry(IDTEntry, int)
                0x00000000c000f34a                IDT::addEntry(int, void (*)(), bool)
                0x00000000c000f382                IDT::flush()
                0x00000000c000f39c                IDT::setup()
 .text          0x00000000c000f702      0x1fe core/kheap.32
                0x00000000c000f702                sbrk
                0x00000000c000f80f                mmap
                0x00000000c000f825                munmap
                0x00000000c000f83b                liballoc_lock()
                0x00000000c000f848                liballoc_unlock()
                0x00000000c000f85c                liballoc_alloc(int)
                0x00000000c000f877                liballoc_free(void*, int)
                0x00000000c000f892                realloc
                0x00000000c000f8a6                malloc
                0x00000000c000f8b6                free
                0x00000000c000f8c6                rfree
                0x00000000c000f8d6                calloc
 .text          0x00000000c000f900      0x44f core/main.32
                0x00000000c000f900                hwTextMode_loadInData(VgaText*)
                0x00000000c000f945                hwTextMode_loadInTitle(VgaText*, char*)
                0x00000000c000f9b1                hwTextMode_showCursor(VgaText*, bool)
                0x00000000c000fa0c                hwTextMode_update(VgaText*)
                0x00000000c000fa0d                hwTextMode_updateCursor(VgaText*)
                0x00000000c000fa55                hwTextMode_disableBlink(VgaText*, bool)
                0x00000000c000fa9b                hwTextMode_scrollScreen(VgaText*)
                0x00000000c000fb3c                hwTextMode_writeCharacter(VgaText*, char, VgaColour, VgaColour, int, int)
                0x00000000c000fbbb                setupTextMode()
                0x00000000c000fc2b                kernel_main
 .text          0x00000000c000fd4f      0x56c core/physmgr.32
                0x00000000c000fd4f                Phys::allocateDMA(unsigned long)
                0x00000000c000fdf2                Phys::freeDMA(unsigned long, unsigned long)
                0x00000000c000fe3a                Phys::setPageState(unsigned long, bool)
                0x00000000c000fe6c                Phys::getPageState(unsigned long)
                0x00000000c000fe88                Phys::freePage(unsigned long)
                0x00000000c000ff12                Phys::allocatePage()
                0x00000000c000fff7                Phys::allocateContiguousPages(int)
                0x00000000c0010053                Phys::allowSegmentToBeUsed(unsigned long, unsigned long)
                0x00000000c001008b                Phys::physicalMemorySetup(unsigned int)
 *fill*         0x00000000c00102bb        0x1 
 .text          0x00000000c00102bc      0x263 core/pipe.32
                0x00000000c00102bc                Pipe::isAtty()
                0x00000000c00102c0                Pipe::~Pipe()
                0x00000000c00102c0                Pipe::~Pipe()
                0x00000000c00102e4                Pipe::~Pipe()
                0x00000000c001030c                Pipe::read(unsigned long long, void*, int*)
                0x00000000c00103fa                Pipe::write(unsigned long long, void*, int*)
                0x00000000c00104b8                Pipe::Pipe(int)
                0x00000000c00104b8                Pipe::Pipe(int)
 *fill*         0x00000000c001051f        0x1 
 .text          0x00000000c0010520      0xe4b core/terminal.32
                0x00000000c0010520                VgaText::isAtty()
                0x00000000c0010524                VgaText::~VgaText()
                0x00000000c0010524                VgaText::~VgaText()
                0x00000000c0010548                VgaText::~VgaText()
                0x00000000c0010572                VgaText::read(unsigned long long, void*, int*)
                0x00000000c0010592                setTerminalScrollLock(bool)
                0x00000000c0010593                addToTerminalCycle(VgaText*)
                0x00000000c00105b4                installVgaTextImplementation()
                0x00000000c00105c9                scrollTerminalScrollLock(int)
                0x00000000c00105ca                VgaText::load()
                0x00000000c0010618                VgaText::updateCursor()
                0x00000000c001062e                VgaText::showCursor(bool)
                0x00000000c001063a                VgaText::disableBlink(bool)
                0x00000000c001066e                VgaText::doANSI_SGR(int)
                0x00000000c00106e2                VgaText::setDefaultBgColour(VgaColour)
                0x00000000c00106f2                VgaText::setDefaultFgColour(VgaColour)
                0x00000000c0010702                VgaText::setDefaultColours(VgaColour, VgaColour)
                0x00000000c0010722                VgaText::combineColours(unsigned char, unsigned char)
                0x00000000c0010734                VgaText::scrollScreen()
                0x00000000c00107c8                VgaText::combineCharAndColour(char, unsigned char)
                0x00000000c00107da                VgaText::writeCharacter(char, VgaColour, VgaColour, int, int)
                0x00000000c0010836                VgaText::getCursorX()
                0x00000000c001083e                VgaText::getCursorY()
                0x00000000c0010846                VgaText::setCursor(int, int)
                0x00000000c001085e                VgaText::setCursorX(int)
                0x00000000c0010876                VgaText::setCursorY(int)
                0x00000000c001088e                VgaText::incrementCursor(bool)
                0x00000000c00108e2                VgaText::updateRAMUsageDisplay(int)
                0x00000000c0010946                VgaText::updateDiskUsage()
                0x00000000c0010ab0                VgaText::updateTitle()
                0x00000000c0010af4                VgaText::setTitleTextColour(VgaColour)
                0x00000000c0010b02                VgaText::setTitleColour(VgaColour)
                0x00000000c0010b10                VgaText::setTitle(char*)
                0x00000000c0010b36                VgaText::decrementCursor(bool)
                0x00000000c0010b58                VgaText::putchar(char, VgaColour, VgaColour)
                0x00000000c0010c30                VgaText::isShowingCursor()
                0x00000000c0010c38                VgaText::isBlinkDisabled()
                0x00000000c0010c44                VgaText::setCursorHeight(int)
                0x00000000c0010c5c                VgaText::getCursorHeight()
                0x00000000c0010c64                setActiveTerminal(VgaText*)
                0x00000000c0010d0a                doTerminalCycle()
                0x00000000c0010d24                VgaText::doUpdate()
                0x00000000c0010d32                VgaText::puts(char const*, VgaColour, VgaColour)
                0x00000000c0010eaa                VgaText::clearScreen()
                0x00000000c0010f04                VgaText::putchar(char)
                0x00000000c0010ff0                VgaText::puts(char const*)
                0x00000000c0011016                VgaText::putx(unsigned int)
                0x00000000c001105c                VgaText::VgaText(char const*)
                0x00000000c001105c                VgaText::VgaText(char const*)
                0x00000000c001120a                VgaText::receiveKey(unsigned char)
                0x00000000c00112f2                VgaText::write(unsigned long long, void*, int*)
                0x00000000c0011346                newTerminal(char*)
 *fill*         0x00000000c001136b        0x1 
 .text          0x00000000c001136c      0x1b3 core/tss.32
                0x00000000c001136c                TSS::TSS()
                0x00000000c001136c                TSS::TSS()
                0x00000000c001137a                TSS::setESP(unsigned long)
                0x00000000c001138c                TSS::flush()
                0x00000000c00113ac                TSS::setup(unsigned long, unsigned long)
 *fill*         0x00000000c001151f        0x1 
 .text          0x00000000c0011520      0x4c2 core/unixfile.32
                0x00000000c0011520                ReservedFilename::read(unsigned long long, void*, int*)
                0x00000000c0011576                ReservedFilename::isAtty()
                0x00000000c0011592                ReservedFilename::write(unsigned long long, void*, int*)
                0x00000000c00115f0                UnixFile::getFileDescriptor()
                0x00000000c00115f8                UnixFile::UnixFile(int)
                0x00000000c00115f8                UnixFile::UnixFile(int)
                0x00000000c00117a8                ReservedFilename::ReservedFilename(int)
                0x00000000c00117a8                ReservedFilename::ReservedFilename(int)
                0x00000000c00117da                UnixFile::~UnixFile()
                0x00000000c00117da                UnixFile::~UnixFile()
                0x00000000c0011872                UnixFile::~UnixFile()
                0x00000000c001189a                ReservedFilename::~ReservedFilename()
                0x00000000c001189a                ReservedFilename::~ReservedFilename()
                0x00000000c00118be                ReservedFilename::~ReservedFilename()
                0x00000000c00118e5                getFromFileDescriptor(int)
 .text          0x00000000c00119e2     0x12f9 core/virtmgr.32
                0x00000000c00119e2                Virt::setPageState(unsigned long, Virt::VirtPageState)
                0x00000000c0011a17                Virt::getPageState(unsigned long)
                0x00000000c0011a3b                Virt::allocateKernelVirtualPages(int)
                0x00000000c0011b4c                Virt::freeSwapfilePage(unsigned long)
                0x00000000c0011b6a                Virt::swapIDToSector(unsigned long)
                0x00000000c0011b7c                Virt::allocateSwapfilePage()
                0x00000000c0011bfa                Virt::virtualMemorySetup()
                0x00000000c0011c79                Virt::swappingSetup()
                0x00000000c0011c7a                Virt::setupPageSwapping(int)
                0x00000000c0011e46                VAS::VAS()
                0x00000000c0011e46                VAS::VAS()
                0x00000000c0011e82                VAS::VAS(VAS*)
                0x00000000c0011e82                VAS::VAS(VAS*)
                0x00000000c0011eb0                VAS::getForeignPageTableEntry(bool, unsigned long)
                0x00000000c0011edc                VAS::getPageTableEntry(unsigned long)
                0x00000000c0011efb                Virt::freeKernelVirtualPages(unsigned long)
                0x00000000c001201e                VAS::freeAllocatedPages(unsigned long)
                0x00000000c0012042                VAS::virtualToPhysical(unsigned long)
                0x00000000c001205a                VAS::reflagRange(unsigned long, int, int, int)
                0x00000000c001209a                VAS::setToWriteCombining(unsigned long, int)
                0x00000000c00120cc                VAS::mapOtherVASIn(bool, VAS*)
                0x00000000c00120f6                VAS::~VAS()
                0x00000000c00120f6                VAS::~VAS()
                0x00000000c0012272                VAS::mapPage(unsigned long, unsigned long, int)
                0x00000000c0012374                VAS::allocatePages(int, int)
                0x00000000c001254c                VAS::setCPUSpecific(unsigned long)
                0x00000000c0012568                VAS::mapRange(unsigned long, unsigned long, int, int)
                0x00000000c001262e                VAS::mapForeignPage(bool, VAS*, unsigned long, unsigned long, int)
                0x00000000c001271c                VAS::VAS(bool)
                0x00000000c001271c                VAS::VAS(bool)
                0x00000000c001299c                VAS::evict(unsigned long)
                0x00000000c0012a5e                VAS::tryLoadBackOffDisk(unsigned long)
                0x00000000c0012b6e                VAS::scanForEviction()
                0x00000000c0012c1f                mapVASFirstTime
 .text          0x00000000c0012cdb       0x95 coreobjs/c++.32
                0x00000000c0012cdb                __cxa_atexit
                0x00000000c0012cde                __cxa_finalize
                0x00000000c0012cdf                __stack_chk_fail
                0x00000000c0012d4b                __cxa_pure_virtual
                0x00000000c0012d5c                operator new[](unsigned long)
                0x00000000c0012d61                operator delete(void*, unsigned long)
                0x00000000c0012d66                operator delete[](void*)
                0x00000000c0012d6b                operator delete[](void*, unsigned long)
 .text          0x00000000c0012d70      0x1ef dbg/kconsole.32
                0x00000000c0012d70                Dbg::stringifyxWithBase(unsigned int, char*, int)
                0x00000000c0012dd1                Dbg::logc(char)
                0x00000000c0012de8                Dbg::logs(char*)
                0x00000000c0012e05                Dbg::logWriteInt(unsigned int)
                0x00000000c0012e22                Dbg::logWriteIntBase(unsigned int, int)
                0x00000000c0012e41                Dbg::kprintf(char const*, ...)
 *fill*         0x00000000c0012f5f        0x1 
 .text          0x00000000c0012f60      0xb82 fs/vfs.32
                0x00000000c0012f60                File::read(unsigned long long, void*, int*)
                0x00000000c0012fb8                File::write(unsigned long long, void*, int*)
                0x00000000c0013010                Directory::read(unsigned long long, void*, int*)
                0x00000000c0013068                Directory::write(unsigned long long, void*, int*)
                0x00000000c0013096                File::isAtty()
                0x00000000c001309a                Directory::isAtty()
                0x00000000c001309e                Filesystem::getlabel(LogicalDisk*, int, char*, unsigned int*)
                0x00000000c00130a4                Filesystem::setlabel(LogicalDisk*, int, char*)
                0x00000000c00130aa                Filesystem::getFileFirstSector(char const*)
                0x00000000c00130b0                File::~File()
                0x00000000c00130b0                File::~File()
                0x00000000c00130d4                File::~File()
                0x00000000c00130fe                Directory::~Directory()
                0x00000000c00130fe                Directory::~Directory()
                0x00000000c0013122                Directory::~Directory()
                0x00000000c001314c                Filesystem::Filesystem()
                0x00000000c001314c                Filesystem::Filesystem()
                0x00000000c0013170                Filesystem::~Filesystem()
                0x00000000c0013170                Filesystem::~Filesystem()
                0x00000000c001317e                Filesystem::~Filesystem()
                0x00000000c00131a2                Fs::getcwd(Process*, char*, int)
                0x00000000c00131cc                Fs::initVFS()
                0x00000000c00131f6                Fs::standardiseFiles(char*, char const*, char const*)
                0x00000000c00133a0                File::File(char const*, Process*)
                0x00000000c00133a0                File::File(char const*, Process*)
                0x00000000c0013404                File::open(FileOpenMode)
                0x00000000c0013462                File::close()
                0x00000000c00134c2                File::seek(unsigned long long)
                0x00000000c0013518                File::tell(unsigned long long*)
                0x00000000c0013568                File::rewind()
                0x00000000c001357c                File::unlink()
                0x00000000c00135c8                File::rename(char const*)
                0x00000000c0013616                File::chfatattr(unsigned char, unsigned char)
                0x00000000c0013672                File::exists()
                0x00000000c00136b0                File::stat(unsigned long long*, bool*)
                0x00000000c0013711                Fs::setcwd(Process*, char*)
                0x00000000c001384c                Directory::Directory(char const*, Process*)
                0x00000000c001384c                Directory::Directory(char const*, Process*)
                0x00000000c00138b0                Directory::open()
                0x00000000c001390c                Directory::close()
                0x00000000c001396c                Directory::unlink()
                0x00000000c00139b8                Directory::rename(char const*)
                0x00000000c0013a06                Directory::exists()
                0x00000000c0013a44                Directory::read(dirent*)
                0x00000000c0013a90                Directory::create()
                0x00000000c0013adc                Filesystem::chfatattr(char const*, unsigned char, unsigned char)
 .text          0x00000000c0013ae2       0x84 hal/bus.32
                0x00000000c0013ae2                Bus::Bus(char const*)
                0x00000000c0013ae2                Bus::Bus(char const*)
                0x00000000c0013b18                Bus::~Bus()
                0x00000000c0013b18                Bus::~Bus()
                0x00000000c0013b3c                Bus::~Bus()
 .text          0x00000000c0013b66      0x156 hal/buzzer.32
                0x00000000c0013b66                Buzzer::Buzzer(char const*)
                0x00000000c0013b66                Buzzer::Buzzer(char const*)
                0x00000000c0013baa                Buzzer::~Buzzer()
                0x00000000c0013baa                Buzzer::~Buzzer()
                0x00000000c0013bce                Buzzer::~Buzzer()
                0x00000000c0013bf8                Buzzer::stop()
                0x00000000c0013c0b                beepThread(void*)
                0x00000000c0013c4e                Buzzer::beep(int, int, bool)
 .text          0x00000000c0013cbc      0x467 hal/clock.32
                0x00000000c0013cbc                User::loadClockSettings(int)
                0x00000000c0013d0e                Clock::Clock(char const*)
                0x00000000c0013d0e                Clock::Clock(char const*)
                0x00000000c0013d44                Clock::~Clock()
                0x00000000c0013d44                Clock::~Clock()
                0x00000000c0013d68                Clock::~Clock()
                0x00000000c0013d92                Clock::timeInSecondsLocal()
                0x00000000c0013dda                Clock::setTimeInSecondsLocal(unsigned long long)
                0x00000000c0013e33                datetimeToSeconds(datetime_t)
                0x00000000c0013f5a                Clock::setTimeInDatetimeLocal(datetime_t)
                0x00000000c0013fba                secondsToDatetime(unsigned long long)
                0x00000000c00140fe                Clock::timeInDatetimeLocal()
 *fill*         0x00000000c0014123        0x1 
 .text          0x00000000c0014124      0x4d8 hal/device.32
                0x00000000c0014124                Device::hibernate()
                0x00000000c0014126                Device::wake()
                0x00000000c0014128                Device::detect()
                0x00000000c001412a                Device::disableLegacy()
                0x00000000c001412c                Device::powerSaving(PowerSavingLevel)
                0x00000000c001412e                DriverlessDevice::close(int, int, void*)
                0x00000000c0014132                DriverlessDevice::detect()
                0x00000000c0014134                DriverlessDevice::open(int, int, void*)
                0x00000000c0014148                Device::~Device()
                0x00000000c0014148                Device::~Device()
                0x00000000c0014156                Device::~Device()
                0x00000000c001417e                Device::findAndLoadDriver()
                0x00000000c0014180                Device::preOpenPCI(PCIDeviceInfo)
                0x00000000c00141a6                Device::preOpenACPI(void*, char*, char*)
                0x00000000c00141e6                Device::addIRQHandler(int, void (*)(regs*, void*), bool, void*)
                0x00000000c0014224                Device::removeIRQHandler(int, void (*)(regs*, void*), bool)
                0x00000000c0014262                Device::addChild(Device*)
                0x00000000c00142a6                Device::removeAllChildren()
                0x00000000c00142ec                Device::hibernateAll()
                0x00000000c001431c                Device::wakeAll()
                0x00000000c001434c                Device::detectAll()
                0x00000000c001437c                Device::disableLegacyAll()
                0x00000000c00143ac                Device::loadDriversForAll()
                0x00000000c00143d8                Device::closeAll()
                0x00000000c001440e                Device::powerSavingAll(PowerSavingLevel)
                0x00000000c0014444                Device::setName(char const*)
                0x00000000c0014452                Device::Device(char const*)
                0x00000000c0014452                Device::Device(char const*)
                0x00000000c001454e                Device::getName()
                0x00000000c0014558                DriverlessDevice::DriverlessDevice(char const*)
                0x00000000c0014558                DriverlessDevice::DriverlessDevice(char const*)
                0x00000000c001458e                Device::addToLinkedList(LinkedList<Device>&, DeviceType)
                0x00000000c00145d2                getDevicesOfType(DeviceType)
 .text          0x00000000c00145fc       0x84 hal/diskctrl.32
                0x00000000c00145fc                HardDiskController::HardDiskController(char const*)
                0x00000000c00145fc                HardDiskController::HardDiskController(char const*)
                0x00000000c0014632                HardDiskController::~HardDiskController()
                0x00000000c0014632                HardDiskController::~HardDiskController()
                0x00000000c0014656                HardDiskController::~HardDiskController()
 .text          0x00000000c0014680       0xf2 hal/diskphys.32
                0x00000000c0014680                PhysicalDisk::eject()
                0x00000000c0014694                PhysicalDisk::PhysicalDisk(char const*, int)
                0x00000000c0014694                PhysicalDisk::PhysicalDisk(char const*, int)
                0x00000000c00146fc                PhysicalDisk::startCache()
                0x00000000c0014724                PhysicalDisk::~PhysicalDisk()
                0x00000000c0014724                PhysicalDisk::~PhysicalDisk()
                0x00000000c0014748                PhysicalDisk::~PhysicalDisk()
 .text          0x00000000c0014772      0x13b hal/fpu.32
                0x00000000c0014772                FPU::FPU(char const*)
                0x00000000c0014772                FPU::FPU(char const*)
                0x00000000c00147a8                FPU::~FPU()
                0x00000000c00147a8                FPU::~FPU()
                0x00000000c00147cc                FPU::~FPU()
                0x00000000c00147f6                setupFPU()
 *fill*         0x00000000c00148ad        0x1 
 .text          0x00000000c00148ae     0x1439 hal/intctrl.32
                0x00000000c00148ae                InterruptController::uninstallISRHandler(int, void (*)(regs*, void*))
                0x00000000c00148e6                InterruptController::installISRHandler(int, void (*)(regs*, void*), void*)
                0x00000000c0014938                doubleFault(regs*, void*)
                0x00000000c0014952                InterruptController::installIRQHandler(int, void (*)(regs*, void*), bool, void*)
                0x00000000c00149ee                InterruptController::clearAllHandlers(int, bool)
                0x00000000c0014a96                InterruptController::uninstallIRQHandler(int, void (*)(regs*, void*), bool)
                0x00000000c0014b1d                nmiHandler(regs*, void*)
                0x00000000c0014b2b                int_handler
                0x00000000c0014bcc                InterruptController::InterruptController(char const*)
                0x00000000c0014bcc                InterruptController::InterruptController(char const*)
                0x00000000c0014c72                InterruptController::~InterruptController()
                0x00000000c0014c72                InterruptController::~InterruptController()
                0x00000000c0014c96                InterruptController::~InterruptController()
                0x00000000c0014cc0                displayDebugInfo(regs*)
                0x00000000c001514f                x87EmulHandler(regs*, void*)
                0x00000000c00151c2                gpFault(regs*, void*)
                0x00000000c00151fb                pgFault(regs*, void*)
                0x00000000c0015237                otherISRHandler(regs*, void*)
                0x00000000c0015256                opcodeFault(regs*, void*)
                0x00000000c0015873                displayProgramFault(char const*)
                0x00000000c001589b                setupInterruptController()
                0x00000000c0015c9a                InterruptController::convertLegacyIRQNumber(int)
 *fill*         0x00000000c0015ce7        0x1 
 .text          0x00000000c0015ce8      0x794 hal/keybrd.32
                0x00000000c0015ce8                startGUI(void*)
                0x00000000c0015d54                startGUIVESA(void*)
                0x00000000c0015dc0                sendKeyToTerminal(unsigned char)
                0x00000000c0015e7e                sendKeyboardToken(KeyboardToken)
                0x00000000c00162bb                clearInternalKeybuffer(VgaText*)
                0x00000000c00162f0                readKeyboard(VgaText*, char*, unsigned long)
                0x00000000c00163f2                Keyboard::Keyboard(char const*)
                0x00000000c00163f2                Keyboard::Keyboard(char const*)
                0x00000000c001642e                Keyboard::~Keyboard()
                0x00000000c001642e                Keyboard::~Keyboard()
                0x00000000c0016452                Keyboard::~Keyboard()
 .text          0x00000000c001647c      0x414 hal/logidisk.32
                0x00000000c001647c                LogicalDisk::close(int, int, void*)
                0x00000000c0016480                LogicalDisk::~LogicalDisk()
                0x00000000c0016480                LogicalDisk::~LogicalDisk()
                0x00000000c00164a4                LogicalDisk::~LogicalDisk()
                0x00000000c00164ce                LogicalDisk::open(int, int, void*)
                0x00000000c00164e2                LogicalDisk::absoluteToRelative(unsigned long long)
                0x00000000c001651a                LogicalDisk::relativeToAbsolute(unsigned long long)
                0x00000000c0016560                LogicalDisk::LogicalDisk(char const*, PhysicalDisk*, unsigned long long, unsigned long long)
                0x00000000c0016560                LogicalDisk::LogicalDisk(char const*, PhysicalDisk*, unsigned long long, unsigned long long)
                0x00000000c0016616                LogicalDisk::assignDriveLetter()
                0x00000000c00166cc                LogicalDisk::mount()
                0x00000000c001673e                LogicalDisk::unmount()
                0x00000000c001674e                LogicalDisk::eject()
                0x00000000c0016762                LogicalDisk::unassignDriveLetter()
                0x00000000c00167b8                LogicalDisk::read(unsigned long long, int, void*)
                0x00000000c0016824                LogicalDisk::write(unsigned long long, int, void*)
 .text          0x00000000c0016890       0x84 hal/mouse.32
                0x00000000c0016890                Mouse::Mouse(char const*)
                0x00000000c0016890                Mouse::Mouse(char const*)
                0x00000000c00168c6                Mouse::~Mouse()
                0x00000000c00168c6                Mouse::~Mouse()
                0x00000000c00168ea                Mouse::~Mouse()
 .text          0x00000000c0016914      0x359 hal/partition.32
                0x00000000c0016914                makePartition(PhysicalDisk*, unsigned long long, unsigned long long)
                0x00000000c00169dc                createPartitionsForDisk(PhysicalDisk*)
 *fill*         0x00000000c0016c6d        0x1 
 .text          0x00000000c0016c6e       0x84 hal/serial.32
                0x00000000c0016c6e                Serial::Serial(char const*)
                0x00000000c0016c6e                Serial::Serial(char const*)
                0x00000000c0016ca4                Serial::~Serial()
                0x00000000c0016ca4                Serial::~Serial()
                0x00000000c0016cc8                Serial::~Serial()
 .text          0x00000000c0016cf2      0x2f3 hal/timer.32
                0x00000000c0016cf2                Timer::Timer(char const*)
                0x00000000c0016cf2                Timer::Timer(char const*)
                0x00000000c0016d28                Timer::~Timer()
                0x00000000c0016d28                Timer::~Timer()
                0x00000000c0016d4c                Timer::~Timer()
                0x00000000c0016d76                Timer::read()
                0x00000000c0016d81                timerHandler(unsigned long long)
                0x00000000c0016ef3                setupTimer(int)
 *fill*         0x00000000c0016fe5        0x1 
 .text          0x00000000c0016fe6      0x409 hal/vcache.32
                0x00000000c0016fe6                VCache::VCache(PhysicalDisk*)
                0x00000000c0016fe6                VCache::VCache(PhysicalDisk*)
                0x00000000c001714e                VCache::invalidateReadBuffer()
                0x00000000c001715e                VCache::writeWriteBuffer()
                0x00000000c001719a                VCache::~VCache()
                0x00000000c001719a                VCache::~VCache()
                0x00000000c00171ee                VCache::~VCache()
                0x00000000c0017216                VCache::write(unsigned long long, int, void*)
                0x00000000c0017300                VCache::read(unsigned long long, int, void*)
 *fill*         0x00000000c00173ef        0x1 
 .text          0x00000000c00173f0      0x4cd hal/video.32
                0x00000000c00173f0                Video::putrect(int, int, int, int, unsigned int)
                0x00000000c001743c                Video::bitblit(int, int, int, int, int, int, int, unsigned int*)
                0x00000000c00174ac                Video::blit(unsigned int*, int, int, int, int)
                0x00000000c001752a                Video::clearScreen(unsigned int)
                0x00000000c001755e                Video::putpixel(int, int, unsigned int)
                0x00000000c001756c                Video::Video(char const*)
                0x00000000c001756c                Video::Video(char const*)
                0x00000000c00175a2                Video::~Video()
                0x00000000c00175a2                Video::~Video()
                0x00000000c00175c6                Video::~Video()
                0x00000000c00175f0                Video::isMonochrome()
                0x00000000c00175fc                Video::getWidth()
                0x00000000c0017608                Video::getHeight()
                0x00000000c0017614                Video::drawCursor(int, int, unsigned char*, int)
                0x00000000c00176d0                Video::tgaParse(unsigned char*, int, int*, int*)
                0x00000000c0017852                Video::putTGA(int, int, unsigned char*, int)
 *fill*         0x00000000c00178bd        0x1 
 .text          0x00000000c00178be     0x1101 hw/acpi.32
                0x00000000c00178be                ACPI::close(int, int, void*)
                0x00000000c0017973                findRSDP()
                0x00000000c0017a0d                loadACPITables(unsigned char*)
                0x00000000c0017c56                findRSDT(unsigned char*)
                0x00000000c0017d94                findDataTable(unsigned char*, char*)
                0x00000000c0017e30                scanMADT()
                0x00000000c00182b6                ACPI::ACPI()
                0x00000000c00182b6                ACPI::ACPI()
                0x00000000c0018320                ACPI::getPCIIRQAssignment(unsigned char, unsigned short, unsigned char)
                0x00000000c0018402                ACPI::registerPCIIRQAssignment(void*, unsigned short, unsigned char, unsigned char)
                0x00000000c00184c8                ACPI::setScreenBrightnessLevel(void*, int)
                0x00000000c00184ce                ACPI::writeSimpleBootFlag(SimpleBootFlagTable*)
                0x00000000c0018516                ACPI::sleep()
                0x00000000c001852e                ACPI::open(int, int, void*)
 *fill*         0x00000000c00189bf        0x1 
 .text          0x00000000c00189c0     0x1707 hw/cpu.32
                0x00000000c00189c0                CPU::close(int, int, void*)
                0x00000000c00189c4                CPU::lookupAMDName(unsigned char, unsigned char)
                0x00000000c0018b58                CPU::lookupIntelName(unsigned char, unsigned char)
                0x00000000c0018e06                CPU::AMD_K6_write_msr(unsigned int, unsigned int, unsigned int, CPU::REGS*)
                0x00000000c0018e22                CPU::AMD_K6_read_msr(unsigned int, CPU::REGS*)
                0x00000000c0018e3a                CPU::AMD_K6_writeback(int, int, int)
                0x00000000c0018eae                CPU::cpuid(int, unsigned long*, unsigned long*, unsigned long*, unsigned long*)
                0x00000000c0018f32                CPU::cpuidCheckEDX(unsigned int)
                0x00000000c0018f60                CPU::cpuidCheckECX(unsigned int)
                0x00000000c0018f8e                CPU::cpuidCheckExtendedEBX(unsigned int)
                0x00000000c0018fbc                CPU::cpuidCheckExtendedECX(unsigned int)
                0x00000000c0018fea                CPU::CPU()
                0x00000000c0018fea                CPU::CPU()
                0x00000000c0019078                CPU::displayFeatures()
                0x00000000c00192f4                CPU::detectFeatures()
                0x00000000c0019cd6                CPU::setupSMEP()
                0x00000000c0019ce2                CPU::setupUMIP()
                0x00000000c0019cec                CPU::setupTSC()
                0x00000000c0019cf6                CPU::setupLargePages()
                0x00000000c0019d00                CPU::setupPAT()
                0x00000000c0019d3c                CPU::setupMTRR()
                0x00000000c0019d3e                CPU::setupGlobalPages()
                0x00000000c0019d48                CPU::allowUsermodeDataAccess()
                0x00000000c0019d5a                CPU::prohibitUsermodeDataAccess()
                0x00000000c0019d6c                CPU::setupSMAP()
                0x00000000c0019d7a                CPU::setupFeatures()
                0x00000000c0019dfa                CPU::open(int, int, void*)
                0x00000000c0019ecc                CPU::decodeAddress(regs*, int*, bool*, unsigned char*)
 .text          0x00000000c001a0c7        0x0 hw/ports.32
 .text          0x00000000c001a0c7      0x16a hw/smp.32
                0x00000000c001a0c7                Krnl::smpEntry()
                0x00000000c001a0c9                Krnl::startCPU(int)
                0x00000000c001a212                Krnl::startCPUs()
 *fill*         0x00000000c001a231        0x1 
 .text          0x00000000c001a232      0x5c9 krnl/env.32
                0x00000000c001a232                EnvVarContainer::getEnv(char const*)
                0x00000000c001a270                EnvVarContainer::setEnv(char const*, char const*)
                0x00000000c001a32e                EnvVarContainer::deleteEnv(char const*)
                0x00000000c001a330                EnvVarContainer::loadFrom(char const*, char const*)
                0x00000000c001a532                EnvVarContainer::__loadSystem()
                0x00000000c001a54c                EnvVarContainer::__loadUser()
                0x00000000c001a54e                EnvVarContainer::EnvVarContainer(Process*)
                0x00000000c001a54e                EnvVarContainer::EnvVarContainer(Process*)
                0x00000000c001a570                EnvVarContainer::~EnvVarContainer()
                0x00000000c001a570                EnvVarContainer::~EnvVarContainer()
                0x00000000c001a5a0                Krnl::getEnv(Process*, char const*)
                0x00000000c001a605                Krnl::setEnvSystem(char const*, char const*)
                0x00000000c001a61f                Krnl::setEnvUser(char const*, char const*)
                0x00000000c001a63e                Krnl::setEnvProcess(Process*, char const*, char const*)
                0x00000000c001a651                Krnl::deleteEnvSystem(char const*)
                0x00000000c001a652                Krnl::deleteEnvUser(char const*)
                0x00000000c001a653                Krnl::deleteEnvProcess(Process*, char const*)
                0x00000000c001a654                Krnl::newProcessEnv(Process*)
                0x00000000c001a676                Krnl::copyProcessEnv(Process*, Process*)
                0x00000000c001a6c2                Krnl::loadSystemEnv()
                0x00000000c001a6f0                Krnl::loadUserEnv()
                0x00000000c001a716                Krnl::flushEnv()
                0x00000000c001a717                Krnl::getProcessTotalEnvCount(Process*)
                0x00000000c001a737                Krnl::getProcessEnvPair(Process*, int)
 .text          0x00000000c001a7fb      0x396 krnl/panic.32
                0x00000000c001a7fb                Krnl::panic(char const*)
 .text          0x00000000c001ab91      0x475 net/ethernet.32
                0x00000000c001ab91                Net::switchEndian16(unsigned short)
                0x00000000c001abb2                Net::switchEndian32(unsigned int)
                0x00000000c001abe1                Net::crc32Calc(unsigned char*, int)
                0x00000000c001ac72                Net::wrapEthernetFrame(Net::UnwrappedEthernetFrame, unsigned char*)
                0x00000000c001ae0c                Net::unwrapEthernetFrame(unsigned char*, int)
 .text          0x00000000c001b006      0x50c reg/registry.32
                0x00000000c001b006                Reg::findLineFromLoadedData(char*, char*, char*)
                0x00000000c001b15e                Reg::getLineFromRegistry(char*, char*, char*, char*)
                0x00000000c001b2b3                Reg::getLine(char*, char*, char*)
                0x00000000c001b2ea                Reg::readInt(char*, char*, int*)
                0x00000000c001b3d5                Reg::readString(char*, char*, char*, int)
                0x00000000c001b456                Reg::readBool(char*, char*, bool*)
                0x00000000c001b47b                Reg::readBoolWithDefault(char*, char*, bool)
                0x00000000c001b4a7                Reg::readIntWithDefault(char*, char*, int)
                0x00000000c001b4d3                Reg::readStringWithDefault(char*, char*, char*, int, char*)
 .text          0x00000000c001b512       0x36 sys/sc_eject.32
                0x00000000c001b512                Sys::eject(regs*)
 .text          0x00000000c001b548       0x18 sys/sc_exit.32
                0x00000000c001b548                Sys::exit(regs*)
 .text          0x00000000c001b560       0x1f sys/sc_getcwd.32
                0x00000000c001b560                Sys::getCwd(regs*)
 .text          0x00000000c001b57f        0xc sys/sc_getpid.32
                0x00000000c001b57f                Sys::getPID(regs*)
 .text          0x00000000c001b58b       0x17 sys/sc_getramdata.32
                0x00000000c001b58b                Sys::getRAMData(regs*)
 .text          0x00000000c001b5a2       0x84 sys/sc_getvgaptr.32
                0x00000000c001b5a2                Sys::getVGAPtr(regs*)
 .text          0x00000000c001b626       0xa8 sys/sc_loaddll.32
                0x00000000c001b626                Sys::loadDLL(regs*)
 .text          0x00000000c001b6ce       0x68 sys/sc_read.32
                0x00000000c001b6ce                Sys::read(regs*)
 .text          0x00000000c001b736       0x55 sys/sc_sbrk.32
                0x00000000c001b736                Sys::sbrk(regs*)
 .text          0x00000000c001b78b       0x1c sys/sc_setcwd.32
                0x00000000c001b78b                Sys::setCwd(regs*)
 .text          0x00000000c001b7a7      0x128 sys/sc_settime.32
                0x00000000c001b7a7                Sys::setTime(regs*)
 .text          0x00000000c001b8cf       0x4a sys/sc_timezone.32
                0x00000000c001b8cf                Sys::timezone(regs*)
 .text          0x00000000c001b919       0x68 sys/sc_write.32
                0x00000000c001b919                Sys::write(regs*)
 .text          0x00000000c001b981       0x62 sys/sc_wsbe.32
                0x00000000c001b981                Sys::wsbe(regs*)
 .text          0x00000000c001b9e3       0x46 sys/sc_yield.32
                0x00000000c001b9e3                Sys::yield(regs*)
 .text          0x00000000c001ba29     0x1101 sys/syscalls.32
                0x00000000c001ba29                sysCallSeekDir(regs*)
                0x00000000c001ba2e                sysCallTellDir(regs*)
                0x00000000c001ba33                sysCallVerify(regs*)
                0x00000000c001ba3d                sysFormatDisk(regs*)
                0x00000000c001baa7                sysSetDiskVolumeLabel(regs*)
                0x00000000c001baed                sysGetDiskVolumeLabel(regs*)
                0x00000000c001bb3e                sysShutdown(regs*)
                0x00000000c001bb9c                sysCallRealpath(regs*)
                0x00000000c001bbdf                sysCallGetArgc(regs*)
                0x00000000c001bc0d                sysCallReadDir(regs*)
                0x00000000c001bc9b                sysCallIsATTY(regs*)
                0x00000000c001bcf5                sysCallSeek(regs*)
                0x00000000c001bd5e                sysCallTell(regs*)
                0x00000000c001bddb                sysCallSize(regs*)
                0x00000000c001be5e                sysCallSizeFromFilename(regs*)
                0x00000000c001bf1e                sysCallClose(regs*)
                0x00000000c001bfa6                sysCallOpenDir(regs*)
                0x00000000c001c01b                sysCallCloseDir(regs*)
                0x00000000c001c081                sysCallMakeDir(regs*)
                0x00000000c001c0f1                sysCallWait(regs*)
                0x00000000c001c10b                sysCallNotImpl(regs*)
                0x00000000c001c126                sysPanic(regs*)
                0x00000000c001c14c                sysCallRmdir(regs*)
                0x00000000c001c1b0                sysCallUnlink(regs*)
                0x00000000c001c214                sysCallGetArgv(regs*)
                0x00000000c001c260                sysCallTTYName(regs*)
                0x00000000c001c2e3                sysCallUSleep(regs*)
                0x00000000c001c30a                sysCallSpawn(regs*)
                0x00000000c001c37f                sysCallGetEnv(regs*)
                0x00000000c001c4b7                sysAppSettings(regs*)
                0x00000000c001c5cb                sysSetFatAttrib(regs*)
                0x00000000c001c63d                sysPipe(regs*)
                0x00000000c001c682                sysGetUnixTime(regs*)
                0x00000000c001c696                string_ends_with(char const*, char const*)
                0x00000000c001c6de                sysCallOpen(regs*)
                0x00000000c001c8f3                Sys::loadSyscalls()
                0x00000000c001cae8                Sys::systemCall(regs*, void*)
 .text          0x00000000c001cb2a     0x11fb thr/elf.32
                0x00000000c001cb2a                Thr::allocateMemoryForTask(Process*, File*, unsigned long, unsigned long, unsigned long)
                0x00000000c001cdd2                Thr::loadProgramIntoMemory(Process*, char const*)
                0x00000000c001cfe8                Thr::runtimeReferenceHelper()
                0x00000000c001cffb                Thr::getAddressOfKernelSymbol(char const*)
                0x00000000c001d04a                Thr::loadKernelSymbolTable(char const*)
                0x00000000c001d308                Thr::loadDriverIntoMemory(char const*, unsigned long, bool)
                0x00000000c001da3e                Thr::getDriverBaseFromAddress(unsigned long)
                0x00000000c001da70                Thr::getDriverNameFromAddress(unsigned long)
                0x00000000c001daa7                Thr::getDriverOffsetFromAddress(unsigned long)
                0x00000000c001dac1                Thr::loadDLL(char const*, bool)
                0x00000000c001dcec                Thr::executeDLL(unsigned long, void*)
 *fill*         0x00000000c001dd25        0x1 
 .text          0x00000000c001dd26     0x1315 thr/prcssthr.32
                0x00000000c001dd26                userModeEntryPoint(void*)
                0x00000000c001dd4c                changeTSS
                0x00000000c001dd7c                switchToThread(ThreadControlBlock*)
                0x00000000c001de26                Process::addArgs(char**)
                0x00000000c001de80                Process::Process(char const*, Process*, char**)
                0x00000000c001de80                Process::Process(char const*, Process*, char**)
                0x00000000c001e064                Process::Process(bool, char const*, Process*, char**)
                0x00000000c001e064                Process::Process(bool, char const*, Process*, char**)
                0x00000000c001e213                taskStartupFunction
                0x00000000c001e21c                Semaphore::Semaphore(int)
                0x00000000c001e21c                Semaphore::Semaphore(int)
                0x00000000c001e24a                Mutex::Mutex()
                0x00000000c001e24a                Mutex::Mutex()
                0x00000000c001e25c                Process::createThread(void (*)(void*), void*, int)
                0x00000000c001e362                Process::createUserThread()
                0x00000000c001e37e                setupMultitasking(void (*)())
                0x00000000c001e4a0                schedule()
                0x00000000c001e526                Semaphore::tryAcquire()
                0x00000000c001e5e2                Semaphore::assertLocked(char const*)
                0x00000000c001e651                blockTaskWithSchedulerLockAlreadyHeld(TaskState)
                0x00000000c001e69f                blockTask(TaskState)
                0x00000000c001e6cc                waitTask(int, int*, int)
                0x00000000c001e70e                nanoSleepUntil(unsigned long long)
                0x00000000c001e7a3                nanoSleep(unsigned long long)
                0x00000000c001e7bb                sleep(unsigned long long)
                0x00000000c001e7d8                Semaphore::acquire()
                0x00000000c001e87a                taskReturned
                0x00000000c001e8b5                Thr::processFromPID(int)
                0x00000000c001e964                unblockTask(ThreadControlBlock*)
                0x00000000c001ea11                cleanupTerminatedTask(ThreadControlBlock*)
                0x00000000c001ecda                cleanerTaskFunction(void*)
                0x00000000c001edd3                terminateTask(int)
                0x00000000c001ef05                Thr::terminateFromIRQ(int)
                0x00000000c001ef12                Semaphore::release()
 .text          0x00000000c001f03b      0xc53 vm86/vm8086.32
                0x00000000c001f03b                Vm::inbv(unsigned short)
                0x00000000c001f04e                Vm::outbv(unsigned short, unsigned char)
                0x00000000c001f0a1                Vm::realToLinear(unsigned short, unsigned short)
                0x00000000c001f0b1                Vm::getSegment(unsigned int)
                0x00000000c001f0b9                Vm::getOffset(unsigned int)
                0x00000000c001f0be                Vm::mainloop2()
                0x00000000c001f0f8                Vm::mainVm8086Loop(void*)
                0x00000000c001f108                Vm::mainloop3(unsigned long)
                0x00000000c001f12e                Vm::initialise8086()
                0x00000000c001f171                Vm::finish8086()
                0x00000000c001f1d2                Vm::getOutput8086(unsigned char*)
                0x00000000c001f1f7                Vm::start8086(char const*, unsigned short, unsigned short, unsigned short, unsigned short)
                0x00000000c001f35f                Vm::doISR(regs*, int, unsigned char*, unsigned short, unsigned short)
                0x00000000c001f3e9                Vm::readByteFromReal(unsigned short, unsigned short)
                0x00000000c001f3fa                Vm::readWordFromReal(unsigned short, unsigned short)
                0x00000000c001f40c                Vm::readDwordFromReal(unsigned short, unsigned short)
                0x00000000c001f41d                Vm::writeByteFromReal(unsigned short, unsigned short, unsigned char)
                0x00000000c001f432                Vm::writeWordFromReal(unsigned short, unsigned short, unsigned short)
                0x00000000c001f448                Vm::writeDwordFromReal(unsigned short, unsigned short, unsigned int)
                0x00000000c001f45d                Vm::faultHandler(regs*)
 .text          0x00000000c001fc8e      0xefd vm86/x87em.32
                0x00000000c001fc8e                Vm::fpuInternalTo32(unsigned long long)
                0x00000000c001fce9                Vm::fpuInternalTo64(unsigned long long)
                0x00000000c001fcf2                Vm::fpu32ToInternal(unsigned int)
                0x00000000c001fd37                Vm::fpu64ToInternal(unsigned long long)
                0x00000000c001fd40                Vm::fpuFloatToLong(unsigned long long)
                0x00000000c001fd9b                Vm::fpuULongToFloat(unsigned long long)
                0x00000000c001fdd1                Vm::fpuLongToFloat(long long)
                0x00000000c001fe27                Vm::fpuGet0()
                0x00000000c001fe2c                Vm::fpuGet1()
                0x00000000c001fe34                Vm::fpuGetPi()
                0x00000000c001fe3c                Vm::fpuGetLog2E()
                0x00000000c001fe54                Vm::fpuGetLogE2()
                0x00000000c001fe6c                Vm::fpuGetLog210()
                0x00000000c001fe84                Vm::fpuGetLog102()
                0x00000000c001fe9c                Vm::fpuIsSecondLarger(unsigned long long, unsigned long long)
                0x00000000c001feb0                Vm::fpuAreEqual(unsigned long long, unsigned long long)
                0x00000000c001fec6                Vm::fpuUnorderedCompare(unsigned long long, unsigned long long)
                0x00000000c001ff19                Vm::fpuAdd(unsigned long long, unsigned long long)
                0x00000000c001ff2a                Vm::fpuAbs(unsigned long long)
                0x00000000c001ff33                Vm::fpuChs(unsigned long long)
                0x00000000c001ff43                Vm::fpuSub(unsigned long long, unsigned long long)
                0x00000000c001ff52                Vm::fpuMultiply(unsigned long long, unsigned long long)
                0x00000000c001ff71                Vm::fpuDivide(unsigned long long, unsigned long long)
                0x00000000c001ff8d                Vm::fpuSquare(unsigned long long)
                0x00000000c001ffa3                Vm::fpuGetReg(int)
                0x00000000c001ffe6                Vm::fpuSetReg(int, unsigned long long)
                0x00000000c0020031                Vm::fpuPush(unsigned long long)
                0x00000000c002008e                Vm::fpuPop()
                0x00000000c00200e0                Vm::x87Handler(regs*)
 *fill*         0x00000000c0020b8b        0x1 
 .text          0x00000000c0020b8c     0x11ed fs/fat/vfslink.32
                0x00000000c0020b8c                FAT::getName()
                0x00000000c0020b92                FAT::tell(void*, unsigned long long*)
                0x00000000c0020bc6                FAT::stat(void*, unsigned long long*)
                0x00000000c0020bfa                FAT::~FAT()
                0x00000000c0020bfa                FAT::~FAT()
                0x00000000c0020c1e                FAT::~FAT()
                0x00000000c0020c46                FAT::getlabel(LogicalDisk*, int, char*, unsigned int*)
                0x00000000c0020ce4                FAT::setlabel(LogicalDisk*, int, char*)
                0x00000000c0020d9e                FAT::format(LogicalDisk*, int, char const*, int)
                0x00000000c0020f82                FAT::tryMount(LogicalDisk*, int)
                0x00000000c0021188                FAT::getFileFirstSector(char const*)
                0x00000000c002124a                FAT::readDir(void*, unsigned long, void*, int*)
                0x00000000c002138e                FAT::read(void*, unsigned long, void*, int*)
                0x00000000c00213e8                FAT::write(void*, unsigned long, void*, int*)
                0x00000000c0021442                FAT::close(void*)
                0x00000000c002148e                FAT::closeDir(void*)
                0x00000000c00214da                FAT::seek(void*, unsigned long long)
                0x00000000c002152e                fatWrapperReadDisk
                0x00000000c0021575                fatWrapperWriteDisk
                0x00000000c00215bc                fatWrapperIoctl
                0x00000000c00216c0                FAT::FAT()
                0x00000000c00216c0                FAT::FAT()
                0x00000000c0021712                FAT::fixFilepath(char*)
                0x00000000c002174a                FAT::open(char const*, void**, FileOpenMode)
                0x00000000c0021872                FAT::openDir(char const*, void**)
                0x00000000c0021918                FAT::stat(char const*, unsigned long long*, bool*)
                0x00000000c0021a02                FAT::unlink(char const*)
                0x00000000c0021a7c                FAT::chfatattr(char const*, unsigned char, unsigned char)
                0x00000000c0021bd0                FAT::rename(char const*, char const*)
                0x00000000c0021c94                FAT::mkdir(char const*)
                0x00000000c0021d0e                FAT::exists(char const*)
 *fill*         0x00000000c0021d79        0x1 
 .text          0x00000000c0021d7a      0xba5 fs/iso9660/vfslink.32
                0x00000000c0021d7a                ISO9660::format(LogicalDisk*, int, char const*, int)
                0x00000000c0021d80                ISO9660::seek(void*, unsigned long long)
                0x00000000c0021db0                ISO9660::tell(void*, unsigned long long*)
                0x00000000c0021dd4                ISO9660::getName()
                0x00000000c0021dda                ISO9660::stat(void*, unsigned long long*)
                0x00000000c0021dfe                ISO9660::chfatattr(char const*, unsigned char, unsigned char)
                0x00000000c0021e04                ISO9660::unlink(char const*)
                0x00000000c0021e0a                ISO9660::write(void*, unsigned long, void*, int*)
                0x00000000c0021e10                ISO9660::rename(char const*, char const*)
                0x00000000c0021e16                ISO9660::mkdir(char const*)
                0x00000000c0021e1c                ISO9660::close(void*)
                0x00000000c0021e3e                ISO9660::closeDir(void*)
                0x00000000c0021e60                ISO9660::~ISO9660()
                0x00000000c0021e60                ISO9660::~ISO9660()
                0x00000000c0021e84                ISO9660::~ISO9660()
                0x00000000c0021eab                __memmem(unsigned char*, int, unsigned char*, int)
                0x00000000c0021eed                readSectorFromCDROM(unsigned int, unsigned char*, char)
                0x00000000c0021f48                ISO9660::tryMount(LogicalDisk*, int)
                0x00000000c0021f98                ISO9660::read(void*, unsigned long, void*, int*)
                0x00000000c002219c                ISO9660::readDir(void*, unsigned long, void*, int*)
                0x00000000c0022416                readRoot(unsigned int*, unsigned int*, char)
                0x00000000c002246a                readRecursively(char*, unsigned int, unsigned int, unsigned int*, unsigned int*, char, int*)
                0x00000000c002263d                getFileData(char*, unsigned int*, unsigned int*, char, int*)
                0x00000000c00226cc                ISO9660::open(char const*, void**, FileOpenMode)
                0x00000000c002278c                ISO9660::exists(char const*)
                0x00000000c00227b0                ISO9660::stat(char const*, unsigned long long*, bool*)
                0x00000000c0022844                ISO9660::openDir(char const*, void**)
                0x00000000c00228fc                ISO9660::ISO9660()
                0x00000000c00228fc                ISO9660::ISO9660()
 *fill*         0x00000000c002291f        0x1 
 .text          0x00000000c0022920      0x326 hal/sound/sndchannel.32
                0x00000000c0022920                SoundChannel::~SoundChannel()
                0x00000000c0022920                SoundChannel::~SoundChannel()
                0x00000000c002293c                SoundChannel::setSpeed(float)
                0x00000000c0022948                SoundChannel::getSpeed()
                0x00000000c0022950                SoundChannel::setVolume(int)
                0x00000000c002296c                SoundChannel::getVolume()
                0x00000000c0022974                SoundChannel::pause()
                0x00000000c002297e                SoundChannel::SoundChannel(int, int, int, int)
                0x00000000c002297e                SoundChannel::SoundChannel(int, int, int, int)
                0x00000000c0022ad4                SoundChannel::play()
                0x00000000c0022ade                SoundChannel::paused()
                0x00000000c0022ae6                SoundChannel::getSampleRate()
                0x00000000c0022aee                SoundChannel::getBits()
                0x00000000c0022af6                SoundChannel::getBufferUsed()
                0x00000000c0022afe                SoundChannel::getBufferSize()
                0x00000000c0022b06                SoundChannel::unbuffer(float*, int, int)
                0x00000000c0022ba6                SoundChannel::buffer8(unsigned char*, int)
 .text          0x00000000c0022c46      0x3d5 hal/sound/sndhw.32
                0x00000000c0022c46                SoundDevice::SoundDevice(char const*)
                0x00000000c0022c46                SoundDevice::SoundDevice(char const*)
                0x00000000c0022cb2                SoundDevice::~SoundDevice()
                0x00000000c0022cb2                SoundDevice::~SoundDevice()
                0x00000000c0022d2c                SoundDevice::~SoundDevice()
                0x00000000c0022d56                SoundDevice::getFreeChannelNum()
                0x00000000c0022d70                SoundDevice::addChannel(SoundChannel*)
                0x00000000c0022de0                SoundDevice::removeChannel(int)
                0x00000000c0022e12                SoundDevice::floatTo8(float*, unsigned char*, int)
                0x00000000c0022efa                SoundDevice::getAudio(int, float*, float*)
 .text          0x00000000c002301b        0x0 hw/bus/isa.32
 *fill*         0x00000000c002301b        0x1 
 .text          0x00000000c002301c      0x795 hw/bus/pci.32
                0x00000000c002301c                PCI::open(int, int, void*)
                0x00000000c0023030                PCI::close(int, int, void*)
                0x00000000c0023034                PCI::PCI()
                0x00000000c0023034                PCI::PCI()
                0x00000000c00230b4                PCI::readBAR8(unsigned int, int)
                0x00000000c00230d0                PCI::readBAR16(unsigned int, int)
                0x00000000c00230ee                PCI::readBAR32(unsigned int, int)
                0x00000000c002310a                PCI::writeBAR8(unsigned int, unsigned char, int)
                0x00000000c002312a                PCI::writeBAR16(unsigned int, unsigned short, int)
                0x00000000c002314c                PCI::writeBAR32(unsigned int, unsigned int, int)
                0x00000000c002316c                PCI::pciReadWord(unsigned char, unsigned char, unsigned char, unsigned char)
                0x00000000c00231b4                PCI::getVendorID(unsigned char, unsigned char, unsigned char)
                0x00000000c00231d6                PCI::getHeaderType(unsigned char, unsigned char, unsigned char)
                0x00000000c00231fa                PCI::getClassCode(unsigned char, unsigned char, unsigned char)
                0x00000000c002323e                PCI::getProgIF(unsigned char, unsigned char, unsigned char)
                0x00000000c0023262                PCI::getRevisionID(unsigned char, unsigned char, unsigned char)
                0x00000000c0023284                PCI::getInterruptNumber(unsigned char, unsigned char, unsigned char)
                0x00000000c00232a6                PCI::getSecondaryBus(unsigned char, unsigned char, unsigned char)
                0x00000000c00232ca                PCI::getBARAddress(unsigned char, unsigned char, unsigned char, unsigned char)
                0x00000000c002332a                PCI::pciWriteWord(unsigned char, unsigned char, unsigned char, unsigned char, unsigned short)
                0x00000000c0023396                PCI::pciDetailsToFilepath(PCIDeviceInfo)
                0x00000000c002339a                PCI::checkBus(unsigned char)
                0x00000000c00233be                PCI::foundDevice(PCIDeviceInfo)
                0x00000000c0023546                PCI::getDeviceData(unsigned char, unsigned char, unsigned char)
                0x00000000c00236f2                PCI::checkDevice(unsigned char, unsigned char)
                0x00000000c002375e                PCI::detect()
 *fill*         0x00000000c00237b1        0x1 
 .text          0x00000000c00237b2      0xc70 hw/diskctrl/ide.32
                0x00000000c00237b2                IDE::close(int, int, void*)
                0x00000000c00237b6                IDE::IDE()
                0x00000000c00237b6                IDE::IDE()
                0x00000000c00237ea                IDE::prepareInterrupt(unsigned char)
                0x00000000c00237fc                selectDrive(unsigned char, unsigned char)
                0x00000000c00237fe                IDE::getBase(unsigned char)
                0x00000000c0023810                IDE::write(unsigned char, unsigned char, unsigned char)
                0x00000000c00238d0                IDE::read(unsigned char, unsigned char)
                0x00000000c002397e                IDE::waitInterrupt(unsigned char)
                0x00000000c00239e4                ideChannel0IRQHandler(regs*, void*)
                0x00000000c0023a00                ideChannel1IRQHandler(regs*, void*)
                0x00000000c0023a1c                IDE::enableIRQs(unsigned char, bool)
                0x00000000c0023a62                IDE::open(int, int, void*)
                0x00000000c0023e72                IDE::readBuffer(unsigned char, unsigned char, unsigned int, unsigned int)
                0x00000000c0023f3e                IDE::detect()
                0x00000000c0024226                IDE::printError(unsigned char, unsigned char, unsigned char)
                0x00000000c00243bc                IDE::polling(unsigned char, unsigned int)
 .text          0x00000000c0024422      0x390 hw/diskctrl/satabus.32
                0x00000000c0024422                SATABus::close(int, int, void*)
                0x00000000c0024426                SATABus::detect()
                0x00000000c0024428                SATABus::SATABus()
                0x00000000c0024428                SATABus::SATABus()
                0x00000000c00244d4                SATABus::findCmdslot(SATABus::tagHBA_PORT volatile*)
                0x00000000c002451c                SATABus::checkType(SATABus::tagHBA_PORT volatile*)
                0x00000000c0024564                SATABus::startCmd(SATABus::tagHBA_PORT volatile*)
                0x00000000c0024584                SATABus::stopCmd(SATABus::tagHBA_PORT volatile*)
                0x00000000c00245ae                SATABus::portRebase(SATABus::tagHBA_PORT volatile*, int)
                0x00000000c00246b4                SATABus::probePort(SATABus::tagHBA_MEM volatile*)
                0x00000000c0024792                SATABus::open(int, int, void*)
 .text          0x00000000c00247b2      0x63c hw/diskphys/ata.32
                0x00000000c00247b2                ATA::close(int, int, void*)
                0x00000000c00247d6                ATA::powerSaving(PowerSavingLevel)
                0x00000000c00247d8                ATA::ATA()
                0x00000000c00247d8                ATA::ATA()
                0x00000000c0024806                ATA::flush(bool)
                0x00000000c0024850                ATA::readyForCommand()
                0x00000000c00248a0                ATA::access(unsigned long long, int, void*, bool)
                0x00000000c0024c28                ATA::read(unsigned long long, int, void*)
                0x00000000c0024c90                ATA::write(unsigned long long, int, void*)
                0x00000000c0024cf8                ATA::detectCHS()
                0x00000000c0024d22                ATA::open(int, int, void*)
 .text          0x00000000c0024dee      0x5bd hw/diskphys/atapi.32
                0x00000000c0024dee                ATAPI::write(unsigned long long, int, void*)
                0x00000000c0024df4                ATAPI::close(int, int, void*)
                0x00000000c0024e18                ATAPI::ATAPI()
                0x00000000c0024e18                ATAPI::ATAPI()
                0x00000000c0024e46                ATAPI::readyForCommand()
                0x00000000c0024e96                ATAPI::sendPacket(unsigned char*, int, bool, unsigned short*, int)
                0x00000000c0025156                ATAPI::diskRemoved()
                0x00000000c0025172                ATAPI::eject()
                0x00000000c00251ba                ATAPI::diskInserted()
                0x00000000c00251e8                ATAPI::detectMedia()
                0x00000000c00252a4                ATAPI::open(int, int, void*)
                0x00000000c002532c                ATAPI::read(unsigned long long, int, void*)
 *fill*         0x00000000c00253ab        0x1 
 .text          0x00000000c00253ac      0x451 hw/diskphys/sata.32
                0x00000000c00253ac                SATA::close(int, int, void*)
                0x00000000c00253d0                SATA::powerSaving(PowerSavingLevel)
                0x00000000c00253d2                SATA::open(int, int, void*)
                0x00000000c002547c                SATA::SATA()
                0x00000000c002547c                SATA::SATA()
                0x00000000c00254aa                SATA::access(unsigned long long, int, void*, bool)
                0x00000000c0025710                SATA::read(unsigned long long, int, void*)
                0x00000000c0025778                SATA::write(unsigned long long, int, void*)
 *fill*         0x00000000c00257fd        0x1 
 .text          0x00000000c00257fe      0x4fe hw/diskphys/satapi.32
                0x00000000c00257fe                SATAPI::write(unsigned long long, int, void*)
                0x00000000c0025804                SATAPI::close(int, int, void*)
                0x00000000c0025828                SATAPI::SATAPI()
                0x00000000c0025828                SATAPI::SATAPI()
                0x00000000c0025856                SATAPI::diskRemoved()
                0x00000000c0025872                SATAPI::diskInserted()
                0x00000000c00258a0                SATAPI::sendPacket(unsigned char*, int, unsigned long long, unsigned short*, int)
                0x00000000c0025aa8                SATAPI::eject()
                0x00000000c0025af0                SATAPI::detectMedia()
                0x00000000c0025bb2                SATAPI::open(int, int, void*)
                0x00000000c0025c5a                SATAPI::read(unsigned long long, int, void*)
 .text          0x00000000c0025cfc       0x8e hw/fpu/avx.32
                0x00000000c0025cfc                AVX::open(int, int, void*)
                0x00000000c0025d0e                AVX::close(int, int, void*)
                0x00000000c0025d20                AVX::available()
                0x00000000c0025d32                AVX::save(void*)
                0x00000000c0025d4a                AVX::load(void*)
                0x00000000c0025d62                AVX::AVX()
                0x00000000c0025d62                AVX::AVX()
 .text          0x00000000c0025d8a       0x90 hw/fpu/mmx.32
                0x00000000c0025d8a                MMX::available()
                0x00000000c0025d9e                MMX::open(int, int, void*)
                0x00000000c0025db0                MMX::close(int, int, void*)
                0x00000000c0025dc2                MMX::save(void*)
                0x00000000c0025dda                MMX::load(void*)
                0x00000000c0025df2                MMX::MMX()
                0x00000000c0025df2                MMX::MMX()
 .text          0x00000000c0025e1a       0x96 hw/fpu/sse.32
                0x00000000c0025e1a                SSE::open(int, int, void*)
                0x00000000c0025e2c                SSE::close(int, int, void*)
                0x00000000c0025e3e                SSE::available()
                0x00000000c0025e58                SSE::save(void*)
                0x00000000c0025e70                SSE::load(void*)
                0x00000000c0025e88                SSE::SSE()
                0x00000000c0025e88                SSE::SSE()
 .text          0x00000000c0025eb0       0x8e hw/fpu/x87.32
                0x00000000c0025eb0                x87::open(int, int, void*)
                0x00000000c0025ec2                x87::close(int, int, void*)
                0x00000000c0025ed4                x87::available()
                0x00000000c0025ee6                x87::save(void*)
                0x00000000c0025efe                x87::load(void*)
                0x00000000c0025f16                x87::x87()
                0x00000000c0025f16                x87::x87()
 .text          0x00000000c0025f3e      0x71e hw/intctrl/apic.32
                0x00000000c0025f3e                APIC::disable()
                0x00000000c0025f40                APIC::close(int, int, void*)
                0x00000000c0025f62                IOAPIC::close(int, int, void*)
                0x00000000c0025f68                APIC::io_wait()
                0x00000000c0025f6e                APIC::getBase()
                0x00000000c0025fb0                APIC::eoi(unsigned char)
                0x00000000c0025fde                APIC::open(int, int, void*)
                0x00000000c002612c                IOAPIC::IOAPIC()
                0x00000000c002612c                IOAPIC::IOAPIC()
                0x00000000c0026154                APIC::APIC()
                0x00000000c0026154                APIC::APIC()
                0x00000000c0026230                IOAPIC::handlesGSIWithNumber(unsigned int)
                0x00000000c0026262                IOAPIC::read(int)
                0x00000000c002628a                IOAPIC::open(int, int, void*)
                0x00000000c0026380                IOAPIC::write(int, int)
                0x00000000c00263ac                IOAPIC::redirect(unsigned char, unsigned long long, unsigned char, bool, bool)
                0x00000000c00264a6                APIC::installIRQHandler(int, void (*)(regs*, void*), bool, void*)
 .text          0x00000000c002665c      0x3d3 hw/intctrl/pic.32
                0x00000000c002665c                PIC::disable()
                0x00000000c002668a                PIC::close(int, int, void*)
                0x00000000c00266ac                PIC::PIC()
                0x00000000c00266ac                PIC::PIC()
                0x00000000c0026782                PIC::ioWait()
                0x00000000c0026788                PIC::getIRQReg(int)
                0x00000000c00267f2                PIC::eoi(unsigned char)
                0x00000000c0026884                PIC::remap()
                0x00000000c00269f0                PIC::open(int, int, void*)
 *fill*         0x00000000c0026a2f        0x1 
 .text          0x00000000c0026a30      0x25e hw/timer/apictimer.32
                0x00000000c0026a30                APICTimer::close(int, int, void*)
                0x00000000c0026a36                apicTimerHandler(regs*, void*)
                0x00000000c0026a64                APICTimer::write(int)
                0x00000000c0026b68                APICTimer::open(int, int, void*)
                0x00000000c0026c66                APICTimer::APICTimer()
                0x00000000c0026c66                APICTimer::APICTimer()
 .text          0x00000000c0026c8e      0x1a7 hw/timer/pit.32
                0x00000000c0026c8e                PIT::write(int)
                0x00000000c0026d0c                pitHandler(regs*, void*)
                0x00000000c0026d38                PIT::open(int, int, void*)
                0x00000000c0026d86                PIT::close(int, int, void*)
                0x00000000c0026db6                PIT::PIT()
                0x00000000c0026db6                PIT::PIT()
 *fill*         0x00000000c0026e35        0xb 
 .text          0x00000000c0026e40       0x1e hw/fpu/x86/avx.32
                0x00000000c0026e40                avxDetect
                0x00000000c0026e46                avxSave
                0x00000000c0026e47                avxLoad
                0x00000000c0026e48                avxInit
                0x00000000c0026e49                avxClose
                0x00000000c0026e4a                wouldSheSayYes
 *fill*         0x00000000c0026e5e        0x2 
 .text          0x00000000c0026e60       0x35 hw/fpu/x86/sse.32
                0x00000000c0026e60                absolutelyNoChanceInHell
                0x00000000c0026e60                sseDetect
                0x00000000c0026e78                sseSave
                0x00000000c0026e7e                sseLoad
                0x00000000c0026e84                sseInit
                0x00000000c0026e94                sseClose
 *fill*         0x00000000c0026e95        0xb 
 .text          0x00000000c0026ea0       0x4d hw/fpu/x86/x87.32
                0x00000000c0026ea6                x87Detect
                0x00000000c0026ec1                x87Save
                0x00000000c0026eca                x87Load
                0x00000000c0026ed2                x87Init
                0x00000000c0026eec                x87Close
 *fill*         0x00000000c0026eed        0x3 
 .text          0x00000000c0026ef0       0x25 /cygdrive/d/Users/Alex/Desktop/Toolchain/Output/bin/../lib/gcc/i386-banana/8.1.0/crtend.o
 .text          0x00000000c0026f15        0x0 crtn.32
 *fill*         0x00000000c0026f15        0x3 
 .text          0x00000000c0026f18      0x14b /cygdrive/d/Users/Alex/Desktop/Toolchain/Output/bin/../lib/gcc/i386-banana/8.1.0/libkgcc.a(_divdi3.o)
                0x00000000c0026f18                __divdi3
 *fill*         0x00000000c0027063        0x1 
 .text          0x00000000c0027064      0x17e /cygdrive/d/Users/Alex/Desktop/Toolchain/Output/bin/../lib/gcc/i386-banana/8.1.0/libkgcc.a(_moddi3.o)
                0x00000000c0027064                __moddi3
 *fill*         0x00000000c00271e2        0x2 