Archive member included to satisfy reference by file (symbol)

/cygdrive/d/Users/Alex/Desktop/Toolchain/Output/bin/../lib/gcc/i386-banana/8.1.0/libkgcc.a(_divdi3.o)
                              fs/fat/ff.32 (__divdi3)
/cygdrive/d/Users/Alex/Desktop/Toolchain/Output/bin/../lib/gcc/i386-banana/8.1.0/libkgcc.a(_moddi3.o)
                              compat/resolve.32 (__moddi3)
/cygdrive/d/Users/Alex/Desktop/Toolchain/Output/bin/../lib/gcc/i386-banana/8.1.0/libkgcc.a(_udivdi3.o)
                              fs/fat/ff.32 (__udivdi3)
/cygdrive/d/Users/Alex/Desktop/Toolchain/Output/bin/../lib/gcc/i386-banana/8.1.0/libkgcc.a(_umoddi3.o)
                              compat/resolve.32 (__umoddi3)
D:/Users/Alex/Desktop/Banana/kernel/libsoftfp.a(sfieeelib.o)
                              hal/libresample/src_linear.32 (__subsf3)
D:/Users/Alex/Desktop/Banana/kernel/libsoftfp.a(dfieeelib.o)
                              hal/libresample/src_linear.32 (__adddf3)
D:/Users/Alex/Desktop/Banana/kernel/libsoftfp.a(sfdfcvt.o)
                              hal/libresample/samplerate.32 (__truncdfsf2)
D:/Users/Alex/Desktop/Banana/kernel/libk/libm32.a(s_fabs.c.o)
                              hal/libresample/samplerate.32 (fabs)
D:/Users/Alex/Desktop/Banana/kernel/libk/libm32.a(s_lrint.S.o)
                              hal/libresample/samplerate.32 (lrint)
D:/Users/Alex/Desktop/Banana/kernel/libk/libm32.a(s_lrintf.S.o)
                              hal/sound/sndhw.32 (lrintf)

Discarded input sections

 .comment       0x0000000000000000       0x12 /cygdrive/d/Users/Alex/Desktop/Toolchain/Output/bin/../lib/gcc/i386-banana/8.1.0/crtbegin.o
 .comment       0x0000000000000000       0x12 acpica/utclib.32
 .comment       0x0000000000000000       0x12 core/malloc.32
 .comment       0x0000000000000000       0x12 libk/string.32
 .comment       0x0000000000000000       0x12 fs/fat/diskio.32
 .comment       0x0000000000000000       0x12 fs/fat/ff.32
 .comment       0x0000000000000000       0x12 fs/fat/ffsystem.32
 .comment       0x0000000000000000       0x12 fs/fat/ffunicode.32
 .comment       0x0000000000000000       0x12 hal/libresample/samplerate.32
 .comment       0x0000000000000000       0x12 hal/libresample/src_linear.32
 .comment       0x0000000000000000       0x12 hal/libresample/src_sinc.32
 .comment       0x0000000000000000       0x12 hal/libresample/src_zoh.32
 .comment       0x0000000000000000       0x12 compat/inlines.32
 .comment       0x0000000000000000       0x12 compat/resolve.32
 .group         0x0000000000000000       0x14 core/computer.32
 .group         0x0000000000000000        0xc core/computer.32
 .comment       0x0000000000000000       0x12 core/computer.32
 .comment       0x0000000000000000       0x12 core/gdt.32
 .group         0x0000000000000000        0xc core/idle.32
 .comment       0x0000000000000000       0x12 core/idle.32
 .comment       0x0000000000000000       0x12 core/idt.32
 .comment       0x0000000000000000       0x12 core/kheap.32
 .comment       0x0000000000000000       0x12 core/main.32
 .comment       0x0000000000000000       0x12 core/physmgr.32
 .group         0x0000000000000000        0xc core/pipe.32
 .comment       0x0000000000000000       0x12 core/pipe.32
 .group         0x0000000000000000        0xc core/terminal.32
 .comment       0x0000000000000000       0x12 core/terminal.32
 .comment       0x0000000000000000       0x12 core/tss.32
 .group         0x0000000000000000        0x8 core/unixfile.32
 .group         0x0000000000000000        0x8 core/unixfile.32
 .group         0x0000000000000000        0xc core/unixfile.32
 .group         0x0000000000000000        0x8 core/unixfile.32
 .group         0x0000000000000000        0xc core/unixfile.32
 .group         0x0000000000000000        0x8 core/unixfile.32
 .group         0x0000000000000000        0xc core/unixfile.32
 .group         0x0000000000000000        0xc core/unixfile.32
 .comment       0x0000000000000000       0x12 core/unixfile.32
 .comment       0x0000000000000000       0x12 core/virtmgr.32
 .comment       0x0000000000000000       0x12 coreobjs/c++.32
 .comment       0x0000000000000000       0x12 dbg/kconsole.32
 .group         0x0000000000000000        0xc fs/vfs.32
 .group         0x0000000000000000        0xc fs/vfs.32
 .group         0x0000000000000000        0xc fs/vfs.32
 .comment       0x0000000000000000       0x12 fs/vfs.32
 .group         0x0000000000000000        0xc hal/bus.32
 .comment       0x0000000000000000       0x12 hal/bus.32
 .group         0x0000000000000000        0xc hal/buzzer.32
 .comment       0x0000000000000000       0x12 hal/buzzer.32
 .group         0x0000000000000000        0xc hal/clock.32
 .comment       0x0000000000000000       0x12 hal/clock.32
 .group         0x0000000000000000       0x14 hal/device.32
 .group         0x0000000000000000        0xc hal/device.32
 .group         0x0000000000000000        0x8 hal/device.32
 .group         0x0000000000000000        0xc hal/device.32
[...]
Memory Configuration

Name             Origin             Length             Attributes
*default*        0x0000000000000000 0xffffffffffffffff

Linker script and memory map

LOAD D:/Users/Alex/Desktop/Banana/kernel/boot.32
LOAD crti.32
LOAD /cygdrive/d/Users/Alex/Desktop/Toolchain/Output/bin/../lib/gcc/i386-banana/8.1.0/crtbegin.o
LOAD D:/Users/Alex/Desktop/Banana/kernel/morenasm.32
LOAD acpica/utclib.32
LOAD core/malloc.32
LOAD libk/string.32
LOAD fs/fat/diskio.32
LOAD fs/fat/ff.32
LOAD fs/fat/ffsystem.32
LOAD fs/fat/ffunicode.32
LOAD hal/libresample/samplerate.32
LOAD hal/libresample/src_linear.32
LOAD hal/libresample/src_sinc.32
LOAD hal/libresample/src_zoh.32
LOAD compat/inlines.32
LOAD compat/resolve.32
LOAD core/computer.32
LOAD core/gdt.32
LOAD core/idle.32
LOAD core/idt.32
LOAD core/kheap.32
LOAD core/main.32
LOAD core/physmgr.32
LOAD core/pipe.32
LOAD core/terminal.32
LOAD core/tss.32
LOAD core/unixfile.32
LOAD core/virtmgr.32
LOAD coreobjs/c++.32
LOAD dbg/kconsole.32
LOAD fs/vfs.32
LOAD hal/bus.32
LOAD hal/buzzer.32
LOAD hal/clock.32
LOAD hal/device.32
LOAD hal/diskctrl.32
LOAD hal/diskphys.32
LOAD hal/fpu.32
LOAD hal/intctrl.32
LOAD hal/keybrd.32
LOAD hal/logidisk.32
LOAD hal/mouse.32
LOAD hal/partition.32
LOAD hal/serial.32
LOAD hal/timer.32
LOAD hal/vcache.32
LOAD hal/video.32
LOAD hw/acpi.32
LOAD hw/cpu.32
LOAD hw/ports.32
LOAD hw/smp.32
LOAD krnl/env.32
LOAD krnl/panic.32
LOAD net/ethernet.32
LOAD reg/registry.32
LOAD sys/sc_eject.32
LOAD sys/sc_exit.32
LOAD sys/sc_getcwd.32
LOAD sys/sc_getpid.32
LOAD sys/sc_getramdata.32
LOAD sys/sc_getvgaptr.32
LOAD sys/sc_loaddll.32
LOAD sys/sc_read.32
LOAD sys/sc_sbrk.32
LOAD sys/sc_setcwd.32
LOAD sys/sc_settime.32
LOAD sys/sc_timezone.32
LOAD sys/sc_write.32
LOAD sys/sc_wsbe.32
LOAD sys/sc_yield.32
LOAD sys/syscalls.32
LOAD thr/elf.32
LOAD thr/prcssthr.32
LOAD vm86/vm8086.32
LOAD vm86/x87em.32
LOAD fs/fat/vfslink.32
LOAD fs/iso9660/vfslink.32
LOAD hal/sound/sndchannel.32
LOAD hal/sound/sndhw.32
LOAD hw/bus/isa.32
LOAD hw/bus/pci.32
LOAD hw/diskctrl/ide.32
LOAD hw/diskctrl/satabus.32
LOAD hw/diskphys/ata.32
LOAD hw/diskphys/atapi.32
LOAD hw/diskphys/sata.32
LOAD hw/diskphys/satapi.32
LOAD hw/fpu/avx.32
LOAD hw/fpu/mmx.32
LOAD hw/fpu/sse.32
LOAD hw/fpu/x87.32
LOAD hw/intctrl/apic.32
LOAD hw/intctrl/pic.32
LOAD hw/timer/apictimer.32
LOAD hw/timer/pit.32
LOAD hw/fpu/x86/avx.32
LOAD hw/fpu/x86/sse.32
LOAD hw/fpu/x86/x87.32
LOAD /cygdrive/d/Users/Alex/Desktop/Toolchain/Output/bin/../lib/gcc/i386-banana/8.1.0/crtend.o
LOAD crtn.32
LOAD /cygdrive/d/Users/Alex/Desktop/Toolchain/Output/bin/../lib/gcc/i386-banana/8.1.0/libkgcc.a
LOAD D:/Users/Alex/Desktop/Banana/kernel/libsoftfp.a
LOAD D:/Users/Alex/Desktop/Banana/kernel/libk/libm32.a
                0x00000000c0000000                . = 0xc0000000

.text           0x00000000c0000000    0x283d8
 *(.text)
 .text          0x00000000c0000000       0x41 D:/Users/Alex/Desktop/Banana/kernel/boot.32
                0x00000000c0000020                callGlobalConstructors
 .text          0x00000000c0000041        0x0 crti.32
 *fill*         0x00000000c0000041        0x3 
 .text          0x00000000c0000044      0x101 /cygdrive/d/Users/Alex/Desktop/Toolchain/Output/bin/../lib/gcc/i386-banana/8.1.0/crtbegin.o
 *fill*         0x00000000c0000145        0xb 
 .text          0x00000000c0000150      0x4fb D:/Users/Alex/Desktop/Banana/kernel/morenasm.32
                0x00000000c0000150                manualPCIProbe
                0x00000000c000019b                prepareTramp
                0x00000000c00001b4                voodooXADD
                0x00000000c000027f                doTPAUSE
                0x00000000c0000289                hasLegacyFPU
                0x00000000c00002ae                is486
                0x00000000c00002e4                detectCPUID
                0x00000000c00002fa                goToVM86
                0x00000000c000032a                goToUsermode
                0x00000000c0000354                switchToThreadASMFirstTime
                0x00000000c0000362                switchToThreadASM
                0x00000000c00003f2                asmQuickAcquireLock
                0x00000000c0000410                asmQuickReleaseLock
                0x00000000c000041c                asmAcquireLock
                0x00000000c000043d                asmReleaseLock
                0x00000000c0000450                loadGDT
                0x00000000c0000470                isr0
                0x00000000c0000480                isr1
                0x00000000c000048a                isr2
                0x00000000c0000494                isr3
                0x00000000c000049e                isr4
                0x00000000c00004a8                isr5
                0x00000000c00004b2                isr6
                0x00000000c00004bc                isr7
                0x00000000c00004c6                isr8
                0x00000000c00004ce                isr9
                0x00000000c00004d8                isr10
                0x00000000c00004e0                isr11
                0x00000000c00004e8                isr12
                0x00000000c00004f0                isr13
                0x00000000c00004f8                isr14
                0x00000000c0000500                isr15
                0x00000000c000050a                isr16
                0x00000000c0000514                isr17
                0x00000000c000051e                isr18
                0x00000000c0000528                irq3
                0x00000000c0000532                irq4
                0x00000000c000053c                irq5
                0x00000000c0000546                irq6
                0x00000000c0000550                irq7
                0x00000000c000055a                irq8
                0x00000000c0000564                irq9
                0x00000000c000056e                irq10
                0x00000000c0000578                irq11
                0x00000000c0000582                irq12
                0x00000000c000058c                irq13
                0x00000000c0000596                irq14
                0x00000000c00005a0                irq15
                0x00000000c00005aa                irq1
                0x00000000c00005b1                irq2
                0x00000000c00005b8                isr96
                0x00000000c00005bf                irq0
                0x00000000c00005c4                syscall_common_stub
                0x00000000c00005c4                int_common_stub
                0x00000000c00005f6                irq16
                0x00000000c0000600                irq17
                0x00000000c000060a                irq18
                0x00000000c0000614                irq19
                0x00000000c000061e                irq20
                0x00000000c0000628                irq21
                0x00000000c0000632                irq22
                0x00000000c000063c                irq23
                0x00000000c0000646                memcpy
 *fill*         0x00000000c000064b        0x1 
 .text          0x00000000c000064c      0x5dd acpica/utclib.32
                0x00000000c000064c                memcmp
                0x00000000c0000688                memmove
                0x00000000c0000750                memset
                0x00000000c000076c                strlen
                0x00000000c0000784                strpbrk
                0x00000000c00007c0                strtok
                0x00000000c000080c                strcpy
                0x00000000c0000830                strncpy
                0x00000000c0000898                strcmp
                0x00000000c00008d8                strchr
                0x00000000c00008fc                strncmp
                0x00000000c000094c                strcat
                0x00000000c000097c                strncat
                0x00000000c00009b8                strstr
                0x00000000c0000a00                toupper
                0x00000000c0000a14                tolower
                0x00000000c0000a28                simple_strtoul
 .text          0x00000000c0000c29      0xfad core/malloc.32
                0x00000000c0000d94                dlfree
                0x00000000c00010ef                dlmalloc
                0x00000000c000162c                dlrealloc
                0x00000000c00017cf                dlmemalign
                0x00000000c00018f2                dlcalloc
                0x00000000c000198c                dlcfree
                0x00000000c0001991                dlindependent_calloc
                0x00000000c00019b6                dlindependent_comalloc
                0x00000000c00019cd                dlvalloc
                0x00000000c00019f8                dlpvalloc
                0x00000000c0001a2e                dlmalloc_trim
                0x00000000c0001a3b                dlmalloc_usable_size
                0x00000000c0001a6c                dlmallinfo
                0x00000000c0001b3b                dlmalloc_stats
                0x00000000c0001b4c                dlmallopt
 .text          0x00000000c0001bd6        0x0 libk/string.32
 .text          0x00000000c0001bd6       0x51 fs/fat/diskio.32
                0x00000000c0001bd6                disk_status
                0x00000000c0001bd9                disk_initialize
                0x00000000c0001bdc                disk_read
                0x00000000c0001bf2                disk_write
                0x00000000c0001c08                disk_ioctl
 .text          0x00000000c0001c27     0x6833 fs/fat/ff.32
                0x00000000c0004ef5                f_mount
                0x00000000c0004f57                f_open
                0x00000000c0005393                f_read
                0x00000000c0005613                f_write
                0x00000000c00058cd                f_sync
                0x00000000c0005aa9                f_close
                0x00000000c0005ad8                f_lseek
                0x00000000c0005f8f                f_opendir
                0x00000000c0006091                f_closedir
                0x00000000c00060b3                f_readdir
                0x00000000c000614e                f_stat
                0x00000000c00061dd                f_getfree
                0x00000000c00063a8                f_truncate
                0x00000000c00064a0                f_unlink
                0x00000000c0006623                f_mkdir
                0x00000000c000684f                f_rename
                0x00000000c0006b42                f_chmod
                0x00000000c0006c20                f_utime
                0x00000000c0006cfe                f_getlabel
                0x00000000c0006eec                f_setlabel
                0x00000000c0007159                f_forward
                0x00000000c0007337                f_mkfs
 .text          0x00000000c000845a       0x2d fs/fat/ffsystem.32
                0x00000000c000845a                ff_memalloc
                0x00000000c0008470                ff_memfree
 .text          0x00000000c0008487      0x253 fs/fat/ffunicode.32
                0x00000000c0008487                ff_uni2oem
                0x00000000c0008517                ff_oem2uni
                0x00000000c0008583                ff_wtoupper
 .text          0x00000000c00086da      0x8fb hal/libresample/samplerate.32
                0x00000000c000871e                src_delete
                0x00000000c000875a                src_process
                0x00000000c0008910                src_callback_read
                0x00000000c0008a8d                src_set_ratio
                0x00000000c0008af7                src_get_channels
                0x00000000c0008b19                src_reset
                0x00000000c0008b65                src_new
                0x00000000c0008bf3                src_callback_new
                0x00000000c0008c55                src_get_name
                0x00000000c0008c8c                src_get_description
                0x00000000c0008cc3                src_get_version
                0x00000000c0008cc9                src_is_valid_ratio
                0x00000000c0008d1d                src_error
                0x00000000c0008d2b                src_strerror
                0x00000000c0008d3e                src_simple
                0x00000000c0008d91                src_short_to_float_array
                0x00000000c0008df6                src_float_to_short_array
                0x00000000c0008eb5                src_int_to_float_array
                0x00000000c0008f18                src_float_to_int_array
 .text          0x00000000c0008fd5      0x8cb hal/libresample/src_linear.32
                0x00000000c00097fb                linear_get_name
                0x00000000c000980a                linear_get_description
                0x00000000c0009819                linear_set_converter
 .text          0x00000000c00098a0     0x447c hal/libresample/src_sinc.32
                0x00000000c000dc33                sinc_get_name
                0x00000000c000dc46                sinc_get_description
                0x00000000c000dc59                sinc_set_converter
 .text          0x00000000c000dd1c      0x77c hal/libresample/src_zoh.32
                0x00000000c000e3f3                zoh_get_name
                0x00000000c000e402                zoh_get_description
                0x00000000c000e411                zoh_set_converter
 .text          0x00000000c000e498       0xa7 compat/inlines.32
                0x00000000c000e498                CPU::current()
                0x00000000c000e4a4                operator new(unsigned long)
                0x00000000c000e4a9                operator delete(void*)
                0x00000000c000e4ae                disableIRQs()
                0x00000000c000e4b6                enableIRQs()
                0x00000000c000e4c5                lockScheduler()
                0x00000000c000e4cd                unlockScheduler()
                0x00000000c000e4dc                lockStuff()
                0x00000000c000e4ea                unlockStuff()
                0x00000000c000e524                Virt::getAKernelVAS()
                0x00000000c000e52a                __not_memcpy
 .text          0x00000000c000e53f      0x111 compat/resolve.32
                0x00000000c000e53f                Krnl::resolveCompatibilitySymbol(char*)
 .text          0x00000000c000e650      0x741 core/computer.32
                0x00000000c000e650                Computer::close(int, int, void*)
                0x00000000c000e694                Krnl::firstTask()
                0x00000000c000e7d6                Computer::Computer()
                0x00000000c000e7d6                Computer::Computer()
                0x00000000c000e932                Computer::setBootMessage(char const*)
                0x00000000c000e934                Computer::detectFeatures()
                0x00000000c000eb3e                Computer::displayFeatures()
                0x00000000c000eb40                Computer::rdmsr(unsigned int)
                0x00000000c000eb6c                Computer::wrmsr(unsigned int, unsigned long long)
                0x00000000c000eba4                Computer::nmiEnabled()
                0x00000000c000ebb0                Computer::readCMOS(unsigned char)
                0x00000000c000ebca                Computer::enableNMI(bool)
                0x00000000c000ebe2                Computer::open(int, int, void*)
                0x00000000c000ecd4                Computer::disableNMI()
                0x00000000c000ece2                Computer::writeCMOS(unsigned char, unsigned char)
                0x00000000c000ed00                Computer::handleNMI()
                0x00000000c000ed66                Computer::setDiskActivityLight(int, bool)
 *fill*         0x00000000c000ed91        0x1 
 .text          0x00000000c000ed92      0x19d core/gdt.32
                0x00000000c000ed92                GDTEntry::setBase(unsigned int)
                0x00000000c000edae                GDTEntry::setLimit(unsigned int)
                0x00000000c000edcc                GDT::GDT()
                0x00000000c000edcc                GDT::GDT()
                0x00000000c000ede2                GDT::addEntry(GDTEntry)
                0x00000000c000ee04                GDT::getNumberOfEntries()
                0x00000000c000ee0c                GDT::flush()
                0x00000000c000ee2e                GDT::setup()
 .text          0x00000000c000ef2f       0x6b core/idle.32
                0x00000000c000ef2f                idleFunction(void*)
 .text          0x00000000c000ef9a      0x45e core/idt.32
                0x00000000c000ef9a                IDTEntry::IDTEntry(bool)
                0x00000000c000ef9a                IDTEntry::IDTEntry(bool)
                0x00000000c000f008                IDTEntry::setOffset(unsigned int)
                0x00000000c000f01c                IDT::IDT()
                0x00000000c000f01c                IDT::IDT()
                0x00000000c000f01e                IDT::getPointerToInvalidOpcodeEntryForF00F()
                0x00000000c000f026                IDT::addEntry(IDTEntry, int)
                0x00000000c000f040                IDT::addEntry(int, void (*)(), bool)
                0x00000000c000f078                IDT::flush()
                0x00000000c000f092                IDT::setup()
 .text          0x00000000c000f3f8      0x1fb core/kheap.32
                0x00000000c000f3f8                sbrk
                0x00000000c000f505                mmap
                0x00000000c000f51b                munmap
                0x00000000c000f531                liballoc_lock()
                0x00000000c000f53e                liballoc_unlock()
                0x00000000c000f552                liballoc_alloc(int)
                0x00000000c000f56a                liballoc_free(void*, int)
                0x00000000c000f585                realloc
                0x00000000c000f599                malloc
                0x00000000c000f5a9                free
                0x00000000c000f5b9                rfree
                0x00000000c000f5c9                calloc
 .text          0x00000000c000f5f3      0x1b6 core/main.32
                0x00000000c000f5f3                Krnl::setBootMessage(char const*)
                0x00000000c000f65f                kernel_main
 .text          0x00000000c000f7a9      0x5b5 core/physmgr.32
                0x00000000c000f7a9                Phys::allocateDMA(unsigned long)
                0x00000000c000f877                Phys::freeDMA(unsigned long, unsigned long)
                0x00000000c000f8d6                Phys::setPageState(unsigned long, bool)
                0x00000000c000f908                Phys::getPageState(unsigned long)
                0x00000000c000f924                Phys::freePage(unsigned long)
                0x00000000c000f995                Phys::allocatePage()
                0x00000000c000fa8d                Phys::allocateContiguousPages(int)
                0x00000000c000fae9                Phys::allowSegmentToBeUsed(unsigned long, unsigned long)
                0x00000000c000fb21                Phys::physicalMemorySetup(unsigned int)
 .text          0x00000000c000fd5e      0x273 core/pipe.32
                0x00000000c000fd5e                Pipe::isAtty()
                0x00000000c000fd62                Pipe::~Pipe()
                0x00000000c000fd62                Pipe::~Pipe()
                0x00000000c000fd86                Pipe::~Pipe()
                0x00000000c000fdae                Pipe::read(unsigned long long, void*, int*)
                0x00000000c000feaa                Pipe::write(unsigned long long, void*, int*)
                0x00000000c000ff6a                Pipe::Pipe(int)
                0x00000000c000ff6a                Pipe::Pipe(int)
 *fill*         0x00000000c000ffd1        0x1 
 .text          0x00000000c000ffd2      0xb93 core/terminal.32
                0x00000000c000ffd2                VgaText::isAtty()
                0x00000000c000ffd6                VgaText::~VgaText()
                0x00000000c000ffd6                VgaText::~VgaText()
                0x00000000c000fffa                VgaText::~VgaText()
                0x00000000c0010024                VgaText::read(unsigned long long, void*, int*)
                0x00000000c0010044                setTerminalScrollLock(bool)
                0x00000000c0010045                addToTerminalCycle(VgaText*)
                0x00000000c0010066                installVgaTextImplementation()
                0x00000000c001007b                scrollTerminalScrollLock(int)
                0x00000000c001007c                VgaText::updateTitle()
                0x00000000c00100ba                VgaText::load()
                0x00000000c0010108                VgaText::updateCursor()
                0x00000000c001011e                VgaText::doANSI_SGR(int)
                0x00000000c0010192                VgaText::setDefaultBgColour(VgaColour)
                0x00000000c00101a2                VgaText::setDefaultFgColour(VgaColour)
                0x00000000c00101b2                VgaText::setDefaultColours(VgaColour, VgaColour)
                0x00000000c00101d2                VgaText::setTitleTextColour(VgaColour)
                0x00000000c00101e2                VgaText::setTitleColour(VgaColour)
                0x00000000c00101f2                VgaText::setTitle(char*)
                0x00000000c0010218                VgaText::combineColours(unsigned char, unsigned char)
                0x00000000c001022a                VgaText::scrollScreen()
                0x00000000c00102be                VgaText::combineCharAndColour(char, unsigned char)
                0x00000000c00102d0                VgaText::writeCharacter(char, VgaColour, VgaColour, int, int)
                0x00000000c001032c                VgaText::getCursorX()
                0x00000000c0010334                VgaText::getCursorY()
                0x00000000c001033c                VgaText::setCursor(int, int)
                0x00000000c0010353                setActiveTerminal(VgaText*)
                0x00000000c00103b5                doTerminalCycle()
                0x00000000c00103d0                VgaText::setCursorX(int)
                0x00000000c00103e8                VgaText::setCursorY(int)
                0x00000000c0010400                VgaText::incrementCursor(bool)
                0x00000000c0010454                VgaText::decrementCursor(bool)
                0x00000000c0010476                VgaText::putchar(char, VgaColour, VgaColour)
                0x00000000c001054e                VgaText::doUpdate()
                0x00000000c001055c                VgaText::puts(char const*, VgaColour, VgaColour)
                0x00000000c00106d4                VgaText::clearScreen()
                0x00000000c001072e                VgaText::putchar(char)
                0x00000000c001081a                VgaText::putx(unsigned int)
                0x00000000c0010860                VgaText::puts(char const*)
                0x00000000c0010886                VgaText::VgaText(char const*)
                0x00000000c0010886                VgaText::VgaText(char const*)
                0x00000000c0010a04                VgaText::receiveKey(unsigned char)
                0x00000000c0010aec                VgaText::write(unsigned long long, void*, int*)
                0x00000000c0010b40                newTerminal(char*)
 *fill*         0x00000000c0010b65        0x1 
 .text          0x00000000c0010b66      0x19d core/tss.32
                0x00000000c0010b66                TSS::TSS()
                0x00000000c0010b66                TSS::TSS()
                0x00000000c0010b74                TSS::setESP(unsigned long)
                0x00000000c0010b86                TSS::flush()
                0x00000000c0010ba6                TSS::setup(unsigned long, unsigned long)
 *fill*         0x00000000c0010d03        0x1 
 .text          0x00000000c0010d04      0x4c2 core/unixfile.32
                0x00000000c0010d04                ReservedFilename::read(unsigned long long, void*, int*)
                0x00000000c0010d5a                ReservedFilename::isAtty()
                0x00000000c0010d76                ReservedFilename::write(unsigned long long, void*, int*)
                0x00000000c0010dd4                UnixFile::getFileDescriptor()
                0x00000000c0010ddc                UnixFile::UnixFile(int)
                0x00000000c0010ddc                UnixFile::UnixFile(int)
                0x00000000c0010f8c                ReservedFilename::ReservedFilename(int)
                0x00000000c0010f8c                ReservedFilename::ReservedFilename(int)
                0x00000000c0010fbe                UnixFile::~UnixFile()
                0x00000000c0010fbe                UnixFile::~UnixFile()
                0x00000000c0011056                UnixFile::~UnixFile()
                0x00000000c001107e                ReservedFilename::~ReservedFilename()
                0x00000000c001107e                ReservedFilename::~ReservedFilename()
                0x00000000c00110a2                ReservedFilename::~ReservedFilename()
                0x00000000c00110c9                getFromFileDescriptor(int)
 .text          0x00000000c00111c6     0x13c7 core/virtmgr.32
                0x00000000c00111c6                Virt::setPageState(unsigned long, Virt::VirtPageState)
                0x00000000c00111fb                Virt::getPageState(unsigned long)
                0x00000000c001121f                Virt::allocateKernelVirtualPages(int)
                0x00000000c0011330                Virt::freeSwapfilePage(unsigned long)
                0x00000000c001134e                Virt::swapIDToSector(unsigned long)
                0x00000000c0011360                Virt::allocateSwapfilePage()
                0x00000000c00113de                Virt::virtualMemorySetup()
                0x00000000c0011429                Virt::setupPageSwapping(int)
                0x00000000c00115b0                VAS::VAS()
                0x00000000c00115b0                VAS::VAS()
                0x00000000c00115ec                VAS::VAS(VAS*)
                0x00000000c00115ec                VAS::VAS(VAS*)
                0x00000000c001161a                VAS::getForeignPageTableEntry(bool, unsigned long)
                0x00000000c0011646                VAS::getPageTableEntry(unsigned long)
                0x00000000c0011665                Virt::freeKernelVirtualPages(unsigned long)
                0x00000000c0011788                VAS::freeAllocatedPages(unsigned long)
                0x00000000c00117ac                VAS::virtualToPhysical(unsigned long)
                0x00000000c00117c4                VAS::reflagRange(unsigned long, int, int, int)
                0x00000000c0011804                VAS::setToWriteCombining(unsigned long, int)
                0x00000000c0011836                VAS::mapOtherVASIn(bool, VAS*)
                0x00000000c0011860                VAS::~VAS()
                0x00000000c0011860                VAS::~VAS()
                0x00000000c00119dc                VAS::mapPage(unsigned long, unsigned long, int)
                0x00000000c0011ade                VAS::allocatePages(int, int)
                0x00000000c0011cb6                VAS::setCPUSpecific(unsigned long)
                0x00000000c0011cd2                VAS::mapRange(unsigned long, unsigned long, int, int)
                0x00000000c0011d98                VAS::mapForeignPage(bool, VAS*, unsigned long, unsigned long, int)
                0x00000000c0011e86                VAS::VAS(bool)
                0x00000000c0011e86                VAS::VAS(bool)
                0x00000000c0012106                VAS::evict(unsigned long)
                0x00000000c00121f4                VAS::tryLoadBackOffDisk(unsigned long)
                0x00000000c0012390                VAS::scanForEviction()
                0x00000000c0012461                mapVASFirstTime
 .text          0x00000000c001258d       0x95 coreobjs/c++.32
                0x00000000c001258d                __cxa_atexit
                0x00000000c0012590                __cxa_finalize
                0x00000000c0012591                __stack_chk_fail
                0x00000000c00125fd                __cxa_pure_virtual
                0x00000000c001260e                operator new[](unsigned long)
                0x00000000c0012613                operator delete(void*, unsigned long)
                0x00000000c0012618                operator delete[](void*)
                0x00000000c001261d                operator delete[](void*, unsigned long)
 .text          0x00000000c0012622      0x1e7 dbg/kconsole.32
                0x00000000c0012622                Dbg::stringifyxWithBase(unsigned int, char*, int)
                0x00000000c001267b                Dbg::logc(char)
                0x00000000c0012692                Dbg::logs(char*)
                0x00000000c00126af                Dbg::logWriteInt(unsigned int)
                0x00000000c00126cc                Dbg::logWriteIntBase(unsigned int, int)
                0x00000000c00126eb                Dbg::kprintf(char const*, ...)
 *fill*         0x00000000c0012809        0x1 
 .text          0x00000000c001280a      0xb82 fs/vfs.32
                0x00000000c001280a                File::read(unsigned long long, void*, int*)
                0x00000000c0012862                File::write(unsigned long long, void*, int*)
                0x00000000c00128ba                Directory::read(unsigned long long, void*, int*)
                0x00000000c0012912                Directory::write(unsigned long long, void*, int*)
                0x00000000c0012940                File::isAtty()
                0x00000000c0012944                Directory::isAtty()
                0x00000000c0012948                Filesystem::getlabel(LogicalDisk*, int, char*, unsigned int*)
                0x00000000c001294e                Filesystem::setlabel(LogicalDisk*, int, char*)
                0x00000000c0012954                Filesystem::getFileFirstSector(char const*)
                0x00000000c001295a                File::~File()
                0x00000000c001295a                File::~File()
                0x00000000c001297e                File::~File()
                0x00000000c00129a8                Directory::~Directory()
                0x00000000c00129a8                Directory::~Directory()
                0x00000000c00129cc                Directory::~Directory()
                0x00000000c00129f6                Filesystem::Filesystem()
                0x00000000c00129f6                Filesystem::Filesystem()
                0x00000000c0012a1a                Filesystem::~Filesystem()
                0x00000000c0012a1a                Filesystem::~Filesystem()
                0x00000000c0012a28                Filesystem::~Filesystem()
                0x00000000c0012a4c                Fs::getcwd(Process*, char*, int)
                0x00000000c0012a76                Fs::initVFS()
                0x00000000c0012aa0                Fs::standardiseFiles(char*, char const*, char const*)
                0x00000000c0012c4a                File::File(char const*, Process*)
                0x00000000c0012c4a                File::File(char const*, Process*)
                0x00000000c0012cae                File::open(FileOpenMode)
                0x00000000c0012d0c                File::close()
                0x00000000c0012d6c                File::seek(unsigned long long)
                0x00000000c0012dc2                File::tell(unsigned long long*)
                0x00000000c0012e12                File::rewind()
                0x00000000c0012e26                File::unlink()
                0x00000000c0012e72                File::rename(char const*)
                0x00000000c0012ec0                File::chfatattr(unsigned char, unsigned char)
                0x00000000c0012f1c                File::exists()
                0x00000000c0012f5a                File::stat(unsigned long long*, bool*)
                0x00000000c0012fbb                Fs::setcwd(Process*, char*)
                0x00000000c00130f6                Directory::Directory(char const*, Process*)
                0x00000000c00130f6                Directory::Directory(char const*, Process*)
                0x00000000c001315a                Directory::open()
                0x00000000c00131b6                Directory::close()
                0x00000000c0013216                Directory::unlink()
                0x00000000c0013262                Directory::rename(char const*)
                0x00000000c00132b0                Directory::exists()
                0x00000000c00132ee                Directory::read(dirent*)
                0x00000000c001333a                Directory::create()
                0x00000000c0013386                Filesystem::chfatattr(char const*, unsigned char, unsigned char)
 .text          0x00000000c001338c       0x84 hal/bus.32
                0x00000000c001338c                Bus::Bus(char const*)
                0x00000000c001338c                Bus::Bus(char const*)
                0x00000000c00133c2                Bus::~Bus()
                0x00000000c00133c2                Bus::~Bus()
                0x00000000c00133e6                Bus::~Bus()
 .text          0x00000000c0013410      0x156 hal/buzzer.32
                0x00000000c0013410                Buzzer::Buzzer(char const*)
                0x00000000c0013410                Buzzer::Buzzer(char const*)
                0x00000000c0013454                Buzzer::~Buzzer()
                0x00000000c0013454                Buzzer::~Buzzer()
                0x00000000c0013478                Buzzer::~Buzzer()
                0x00000000c00134a2                Buzzer::stop()
                0x00000000c00134b5                beepThread(void*)
                0x00000000c00134f8                Buzzer::beep(int, int, bool)
 .text          0x00000000c0013566      0x467 hal/clock.32
                0x00000000c0013566                User::loadClockSettings(int)
                0x00000000c00135b8                Clock::Clock(char const*)
                0x00000000c00135b8                Clock::Clock(char const*)
                0x00000000c00135ee                Clock::~Clock()
                0x00000000c00135ee                Clock::~Clock()
                0x00000000c0013612                Clock::~Clock()
                0x00000000c001363c                Clock::timeInSecondsLocal()
                0x00000000c0013684                Clock::setTimeInSecondsLocal(unsigned long long)
                0x00000000c00136dd                datetimeToSeconds(datetime_t)
                0x00000000c0013804                Clock::setTimeInDatetimeLocal(datetime_t)
                0x00000000c0013864                secondsToDatetime(unsigned long long)
                0x00000000c00139a8                Clock::timeInDatetimeLocal()
 *fill*         0x00000000c00139cd        0x1 
 .text          0x00000000c00139ce      0x504 hal/device.32
                0x00000000c00139ce                Device::hibernate()
                0x00000000c00139d0                Device::wake()
                0x00000000c00139d2                Device::detect()
                0x00000000c00139d4                Device::disableLegacy()
                0x00000000c00139d6                Device::powerSaving(PowerSavingLevel)
                0x00000000c00139d8                DriverlessDevice::close(int, int, void*)
                0x00000000c00139dc                DriverlessDevice::detect()
                0x00000000c00139de                DriverlessDevice::open(int, int, void*)
                0x00000000c00139f2                Device::~Device()
                0x00000000c00139f2                Device::~Device()
                0x00000000c0013a00                Device::~Device()
                0x00000000c0013a28                Device::findAndLoadDriver()
                0x00000000c0013a36                Device::preOpenPCI(PCIDeviceInfo)
                0x00000000c0013a5c                Device::preOpenACPI(void*, char*, char*)
                0x00000000c0013a9c                Device::addIRQHandler(int, void (*)(regs*, void*), bool, void*)
                0x00000000c0013ada                Device::getParent()
                0x00000000c0013ae6                Device::removeIRQHandler(int, void (*)(regs*, void*), bool)
                0x00000000c0013b24                Device::addChild(Device*)
                0x00000000c0013b68                Device::removeAllChildren()
                0x00000000c0013bae                Device::hibernateAll()
                0x00000000c0013bde                Device::wakeAll()
                0x00000000c0013c0e                Device::detectAll()
                0x00000000c0013c3e                Device::disableLegacyAll()
                0x00000000c0013c6e                Device::loadDriversForAll()
                0x00000000c0013cae                Device::closeAll()
                0x00000000c0013ce4                Device::powerSavingAll(PowerSavingLevel)
                0x00000000c0013d1a                Device::setName(char const*)
                0x00000000c0013d28                Device::Device(char const*)
                0x00000000c0013d28                Device::Device(char const*)
                0x00000000c0013e24                Device::getName()
                0x00000000c0013e2e                DriverlessDevice::DriverlessDevice(char const*)
                0x00000000c0013e2e                DriverlessDevice::DriverlessDevice(char const*)
                0x00000000c0013e64                Device::addToLinkedList(LinkedList<Device>&, DeviceType)
                0x00000000c0013ea8                getDevicesOfType(DeviceType)
 .text          0x00000000c0013ed2       0x84 hal/diskctrl.32
                0x00000000c0013ed2                HardDiskController::HardDiskController(char const*)
                0x00000000c0013ed2                HardDiskController::HardDiskController(char const*)
                0x00000000c0013f08                HardDiskController::~HardDiskController()
                0x00000000c0013f08                HardDiskController::~HardDiskController()
                0x00000000c0013f2c                HardDiskController::~HardDiskController()
 .text          0x00000000c0013f56       0xe2 hal/diskphys.32
                0x00000000c0013f56                PhysicalDisk::eject()
                0x00000000c0013f5a                PhysicalDisk::PhysicalDisk(char const*, int)
                0x00000000c0013f5a                PhysicalDisk::PhysicalDisk(char const*, int)
                0x00000000c0013fc2                PhysicalDisk::startCache()
                0x00000000c0013fea                PhysicalDisk::~PhysicalDisk()
                0x00000000c0013fea                PhysicalDisk::~PhysicalDisk()
                0x00000000c001400e                PhysicalDisk::~PhysicalDisk()
 .text          0x00000000c0014038      0x13b hal/fpu.32
                0x00000000c0014038                FPU::FPU(char const*)
                0x00000000c0014038                FPU::FPU(char const*)
                0x00000000c001406e                FPU::~FPU()
                0x00000000c001406e                FPU::~FPU()
                0x00000000c0014092                FPU::~FPU()
                0x00000000c00140bc                setupFPU()
 *fill*         0x00000000c0014173        0x1 
 .text          0x00000000c0014174     0x1435 hal/intctrl.32
                0x00000000c0014174                InterruptController::uninstallISRHandler(int, void (*)(regs*, void*))
                0x00000000c00141ac                InterruptController::installISRHandler(int, void (*)(regs*, void*), void*)
                0x00000000c00141fe                doubleFault(regs*, void*)
                0x00000000c0014218                InterruptController::installIRQHandler(int, void (*)(regs*, void*), bool, void*)
                0x00000000c00142b4                InterruptController::clearAllHandlers(int, bool)
                0x00000000c001435c                InterruptController::uninstallIRQHandler(int, void (*)(regs*, void*), bool)
                0x00000000c00143e3                nmiHandler(regs*, void*)
                0x00000000c00143f1                int_handler
                0x00000000c0014492                InterruptController::InterruptController(char const*)
                0x00000000c0014492                InterruptController::InterruptController(char const*)
                0x00000000c0014538                InterruptController::~InterruptController()
                0x00000000c0014538                InterruptController::~InterruptController()
                0x00000000c001455c                InterruptController::~InterruptController()
                0x00000000c0014586                displayDebugInfo(regs*)
                0x00000000c0014a15                x87EmulHandler(regs*, void*)
                0x00000000c0014a88                gpFault(regs*, void*)
                0x00000000c0014ac1                pgFault(regs*, void*)
                0x00000000c0014b09                otherISRHandler(regs*, void*)
                0x00000000c0014b28                opcodeFault(regs*, void*)
                0x00000000c0015145                displayProgramFault(char const*)
                0x00000000c001516d                setupInterruptController()
                0x00000000c001555c                InterruptController::convertLegacyIRQNumber(int)
 *fill*         0x00000000c00155a9        0x1 
 .text          0x00000000c00155aa      0x784 hal/keybrd.32
                0x00000000c00155aa                startGUI(void*)
                0x00000000c0015616                startGUIVESA(void*)
                0x00000000c0015682                sendKeyToTerminal(unsigned char)
                0x00000000c0015740                sendKeyboardToken(KeyboardToken)
                0x00000000c0015b7d                clearInternalKeybuffer(VgaText*)
                0x00000000c0015bb2                readKeyboard(VgaText*, char*, unsigned long)
                0x00000000c0015ca4                Keyboard::Keyboard(char const*)
                0x00000000c0015ca4                Keyboard::Keyboard(char const*)
                0x00000000c0015ce0                Keyboard::~Keyboard()
                0x00000000c0015ce0                Keyboard::~Keyboard()
                0x00000000c0015d04                Keyboard::~Keyboard()
 .text          0x00000000c0015d2e      0x3ea hal/logidisk.32
                0x00000000c0015d2e                LogicalDisk::close(int, int, void*)
                0x00000000c0015d32                LogicalDisk::~LogicalDisk()
                0x00000000c0015d32                LogicalDisk::~LogicalDisk()
                0x00000000c0015d56                LogicalDisk::~LogicalDisk()
                0x00000000c0015d80                LogicalDisk::open(int, int, void*)
                0x00000000c0015d94                LogicalDisk::absoluteToRelative(unsigned long long)
                0x00000000c0015dcc                LogicalDisk::relativeToAbsolute(unsigned long long)
                0x00000000c0015e12                LogicalDisk::LogicalDisk(char const*, PhysicalDisk*, unsigned long long, unsigned long long)
                0x00000000c0015e12                LogicalDisk::LogicalDisk(char const*, PhysicalDisk*, unsigned long long, unsigned long long)
                0x00000000c0015ec8                LogicalDisk::assignDriveLetter()
                0x00000000c0015f7e                LogicalDisk::mount()
                0x00000000c0015fc6                LogicalDisk::unmount()
                0x00000000c0015fd6                LogicalDisk::eject()
                0x00000000c0015fea                LogicalDisk::unassignDriveLetter()
                0x00000000c0016040                LogicalDisk::read(unsigned long long, int, void*)
                0x00000000c00160ac                LogicalDisk::write(unsigned long long, int, void*)
 .text          0x00000000c0016118       0x84 hal/mouse.32
                0x00000000c0016118                Mouse::Mouse(char const*)
                0x00000000c0016118                Mouse::Mouse(char const*)
                0x00000000c001614e                Mouse::~Mouse()
                0x00000000c001614e                Mouse::~Mouse()
                0x00000000c0016172                Mouse::~Mouse()
 .text          0x00000000c001619c      0x339 hal/partition.32
                0x00000000c001619c                makePartition(PhysicalDisk*, unsigned long long, unsigned long long)
                0x00000000c0016244                createPartitionsForDisk(PhysicalDisk*)
 *fill*         0x00000000c00164d5        0x1 
 .text          0x00000000c00164d6       0x84 hal/serial.32
                0x00000000c00164d6                Serial::Serial(char const*)
                0x00000000c00164d6                Serial::Serial(char const*)
                0x00000000c001650c                Serial::~Serial()
                0x00000000c001650c                Serial::~Serial()
                0x00000000c0016530                Serial::~Serial()
 .text          0x00000000c001655a      0x2f3 hal/timer.32
                0x00000000c001655a                Timer::Timer(char const*)
                0x00000000c001655a                Timer::Timer(char const*)
                0x00000000c0016590                Timer::~Timer()
                0x00000000c0016590                Timer::~Timer()
                0x00000000c00165b4                Timer::~Timer()
                0x00000000c00165de                Timer::read()
                0x00000000c00165e9                timerHandler(unsigned long long)
                0x00000000c001675b                setupTimer(int)
 *fill*         0x00000000c001684d        0x1 
 .text          0x00000000c001684e      0x409 hal/vcache.32
                0x00000000c001684e                VCache::VCache(PhysicalDisk*)
                0x00000000c001684e                VCache::VCache(PhysicalDisk*)
                0x00000000c00169b6                VCache::invalidateReadBuffer()
                0x00000000c00169c6                VCache::writeWriteBuffer()
                0x00000000c0016a02                VCache::~VCache()
                0x00000000c0016a02                VCache::~VCache()
                0x00000000c0016a56                VCache::~VCache()
                0x00000000c0016a7e                VCache::write(unsigned long long, int, void*)
                0x00000000c0016b68                VCache::read(unsigned long long, int, void*)
 *fill*         0x00000000c0016c57        0x1 
 .text          0x00000000c0016c58      0x4b3 hal/video.32
                0x00000000c0016c58                Video::putrect(int, int, int, int, unsigned int)
                0x00000000c0016ca4                Video::bitblit(int, int, int, int, int, int, int, unsigned int*)
                0x00000000c0016d14                Video::blit(unsigned int*, int, int, int, int)
                0x00000000c0016d92                Video::clearScreen(unsigned int)
                0x00000000c0016dc6                Video::putpixel(int, int, unsigned int)
                0x00000000c0016dd4                Video::Video(char const*)
                0x00000000c0016dd4                Video::Video(char const*)
                0x00000000c0016e0a                Video::~Video()
                0x00000000c0016e0a                Video::~Video()
                0x00000000c0016e2e                Video::~Video()
                0x00000000c0016e58                Video::isMonochrome()
                0x00000000c0016e64                Video::getWidth()
                0x00000000c0016e70                Video::getHeight()
                0x00000000c0016e7c                Video::drawCursor(int, int, unsigned char*, int)
                0x00000000c0016f38                Video::tgaParse(unsigned char*, int, int*, int*)
                0x00000000c00170a0                Video::putTGA(int, int, unsigned char*, int)
 *fill*         0x00000000c001710b        0x1 
 .text          0x00000000c001710c     0x11c9 hw/acpi.32
                0x00000000c001710c                ACPI::close(int, int, void*)
                0x00000000c00171b1                findRSDP()
                0x00000000c001723b                loadACPITables(unsigned char*)
                0x00000000c0017492                findRSDT(unsigned char*)
                0x00000000c00175dc                findDataTable(unsigned char*, char*)
                0x00000000c001764e                scanMADT()
                0x00000000c0017abc                ACPI::ACPI()
                0x00000000c0017abc                ACPI::ACPI()
                0x00000000c0017b10                ACPI::getPCIIRQAssignment(unsigned char, unsigned short, unsigned char)
                0x00000000c0017bf2                ACPI::registerPCIIRQAssignment(void*, unsigned short, unsigned char, unsigned char)
                0x00000000c0017cb8                ACPI::setScreenBrightnessLevel(void*, int)
                0x00000000c0017cbe                ACPI::detectPCI()
                0x00000000c0017ec0                ACPI::writeSimpleBootFlag(SimpleBootFlagTable*)
                0x00000000c0017f08                ACPI::sleep()
                0x00000000c0017f20                ACPI::open(int, int, void*)
 *fill*         0x00000000c00182d5        0x1 
 .text          0x00000000c00182d6     0x1495 hw/cpu.32
                0x00000000c00182d6                CPU::close(int, int, void*)
                0x00000000c00182da                CPU::lookupAMDName(unsigned char, unsigned char)
                0x00000000c001846e                CPU::lookupIntelName(unsigned char, unsigned char)
                0x00000000c001871c                CPU::AMD_K6_write_msr(unsigned int, unsigned int, unsigned int, CPU::REGS*)
                0x00000000c0018738                CPU::AMD_K6_read_msr(unsigned int, CPU::REGS*)
                0x00000000c0018750                CPU::AMD_K6_writeback(int, int, int)
                0x00000000c00187c4                CPU::cpuid(int, unsigned long*, unsigned long*, unsigned long*, unsigned long*)
                0x00000000c0018848                CPU::cpuidCheckEDX(unsigned int)
                0x00000000c0018876                CPU::cpuidCheckECX(unsigned int)
                0x00000000c00188a4                CPU::cpuidCheckExtendedEBX(unsigned int)
                0x00000000c00188d2                CPU::cpuidCheckExtendedECX(unsigned int)
                0x00000000c0018900                CPU::CPU()
                0x00000000c0018900                CPU::CPU()
                0x00000000c001898e                CPU::displayFeatures()
                0x00000000c0018990                CPU::detectFeatures()
                0x00000000c0019382                CPU::setupSMEP()
                0x00000000c001938e                CPU::setupUMIP()
                0x00000000c0019398                CPU::setupTSC()
                0x00000000c00193a2                CPU::setupLargePages()
                0x00000000c00193ac                CPU::setupPAT()
                0x00000000c00193e8                CPU::setupMTRR()
                0x00000000c00193ea                CPU::setupGlobalPages()
                0x00000000c00193f4                CPU::allowUsermodeDataAccess()
                0x00000000c0019406                CPU::prohibitUsermodeDataAccess()
                0x00000000c0019418                CPU::setupSMAP()
                0x00000000c0019426                CPU::setupFeatures()
                0x00000000c00194a6                CPU::open(int, int, void*)
                0x00000000c0019570                CPU::decodeAddress(regs*, int*, bool*, unsigned char*)
 .text          0x00000000c001976b        0x0 hw/ports.32
 .text          0x00000000c001976b      0x16a hw/smp.32
                0x00000000c001976b                Krnl::smpEntry()
                0x00000000c001976d                Krnl::startCPU(int)
                0x00000000c00198b6                Krnl::startCPUs()
 *fill*         0x00000000c00198d5        0x1 
 .text          0x00000000c00198d6      0x581 krnl/env.32
                0x00000000c00198d6                EnvVarContainer::getEnv(char const*)
                0x00000000c0019914                EnvVarContainer::setEnv(char const*, char const*)
                0x00000000c00199d6                EnvVarContainer::deleteEnv(char const*)
                0x00000000c00199d8                EnvVarContainer::loadFrom(char const*, char const*)
                0x00000000c0019bbe                EnvVarContainer::__loadSystem()
                0x00000000c0019bd8                EnvVarContainer::__loadUser()
                0x00000000c0019bda                EnvVarContainer::EnvVarContainer(Process*)
                0x00000000c0019bda                EnvVarContainer::EnvVarContainer(Process*)
                0x00000000c0019bfc                EnvVarContainer::~EnvVarContainer()
                0x00000000c0019bfc                EnvVarContainer::~EnvVarContainer()
                0x00000000c0019c2c                Krnl::getEnv(Process*, char const*)
                0x00000000c0019c91                Krnl::setEnvSystem(char const*, char const*)
                0x00000000c0019cab                Krnl::setEnvUser(char const*, char const*)
                0x00000000c0019cca                Krnl::setEnvProcess(Process*, char const*, char const*)
                0x00000000c0019cdd                Krnl::deleteEnvSystem(char const*)
                0x00000000c0019cde                Krnl::deleteEnvUser(char const*)
                0x00000000c0019cdf                Krnl::deleteEnvProcess(Process*, char const*)
                0x00000000c0019ce0                Krnl::newProcessEnv(Process*)
                0x00000000c0019d02                Krnl::copyProcessEnv(Process*, Process*)
                0x00000000c0019d4e                Krnl::loadSystemEnv()
                0x00000000c0019d7c                Krnl::loadUserEnv()
                0x00000000c0019da2                Krnl::flushEnv()
                0x00000000c0019da3                Krnl::getProcessTotalEnvCount(Process*)
                0x00000000c0019dc3                Krnl::getProcessEnvPair(Process*, int)
 .text          0x00000000c0019e57      0x39c krnl/panic.32
                0x00000000c0019e57                Krnl::panic(char const*)
 .text          0x00000000c001a1f3      0x57f net/ethernet.32
                0x00000000c001a1f3                Net::switchEndian16(unsigned short)
                0x00000000c001a214                Net::switchEndian32(unsigned int)
                0x00000000c001a243                Net::crc32Calc(unsigned char*, int)
                0x00000000c001a2d4                Net::wrapEthernetFrame(Net::UnwrappedEthernetFrame, unsigned char*)
                0x00000000c001a4e7                Net::unwrapEthernetFrame(unsigned char*, int)
 .text          0x00000000c001a772      0x50e reg/registry.32
                0x00000000c001a772                Reg::findLineFromLoadedData(char*, char*, char*)
                0x00000000c001a8ca                Reg::getLineFromRegistry(char*, char*, char*, char*)
                0x00000000c001aa1f                Reg::getLine(char*, char*, char*)
                0x00000000c001aa56                Reg::readInt(char*, char*, int*)
                0x00000000c001ab41                Reg::readString(char*, char*, char*, int)
                0x00000000c001abc2                Reg::readBool(char*, char*, bool*)
                0x00000000c001abe7                Reg::readBoolWithDefault(char*, char*, bool)
                0x00000000c001ac13                Reg::readIntWithDefault(char*, char*, int)
                0x00000000c001ac3f                Reg::readStringWithDefault(char*, char*, char*, int, char*)
 .text          0x00000000c001ac80       0x36 sys/sc_eject.32
                0x00000000c001ac80                Sys::eject(regs*)
 .text          0x00000000c001acb6       0x18 sys/sc_exit.32
                0x00000000c001acb6                Sys::exit(regs*)
 .text          0x00000000c001acce       0x1f sys/sc_getcwd.32
                0x00000000c001acce                Sys::getCwd(regs*)
 .text          0x00000000c001aced        0xc sys/sc_getpid.32
                0x00000000c001aced                Sys::getPID(regs*)
 .text          0x00000000c001acf9       0x17 sys/sc_getramdata.32
                0x00000000c001acf9                Sys::getRAMData(regs*)
 .text          0x00000000c001ad10       0x84 sys/sc_getvgaptr.32
                0x00000000c001ad10                Sys::getVGAPtr(regs*)
 .text          0x00000000c001ad94       0xa8 sys/sc_loaddll.32
                0x00000000c001ad94                Sys::loadDLL(regs*)
 .text          0x00000000c001ae3c       0x68 sys/sc_read.32
                0x00000000c001ae3c                Sys::read(regs*)
 .text          0x00000000c001aea4       0x55 sys/sc_sbrk.32
                0x00000000c001aea4                Sys::sbrk(regs*)
 .text          0x00000000c001aef9       0x1c sys/sc_setcwd.32
                0x00000000c001aef9                Sys::setCwd(regs*)
 .text          0x00000000c001af15       0x95 sys/sc_settime.32
                0x00000000c001af15                Sys::setTime(regs*)
 .text          0x00000000c001afaa       0x4a sys/sc_timezone.32
                0x00000000c001afaa                Sys::timezone(regs*)
 .text          0x00000000c001aff4       0x68 sys/sc_write.32
                0x00000000c001aff4                Sys::write(regs*)
 .text          0x00000000c001b05c       0x62 sys/sc_wsbe.32
                0x00000000c001b05c                Sys::wsbe(regs*)
 .text          0x00000000c001b0be       0x46 sys/sc_yield.32
                0x00000000c001b0be                Sys::yield(regs*)
 .text          0x00000000c001b104      0xf84 sys/syscalls.32
                0x00000000c001b104                sysCallSeekDir(regs*)
                0x00000000c001b109                sysCallTellDir(regs*)
                0x00000000c001b10e                sysCallVerify(regs*)
                0x00000000c001b118                sysCallGetArgc(regs*)
                0x00000000c001b128                sysFormatDisk(regs*)
                0x00000000c001b192                sysSetDiskVolumeLabel(regs*)
                0x00000000c001b1d8                sysGetDiskVolumeLabel(regs*)
                0x00000000c001b229                sysShutdown(regs*)
                0x00000000c001b287                sysCallRealpath(regs*)
                0x00000000c001b2ca                sysCallReadDir(regs*)
                0x00000000c001b349                sysCallIsATTY(regs*)
                0x00000000c001b3a3                sysCallSeek(regs*)
                0x00000000c001b3fa                sysCallTell(regs*)
                0x00000000c001b466                sysCallSize(regs*)
                0x00000000c001b4d8                sysCallSizeFromFilename(regs*)
                0x00000000c001b587                sysCallClose(regs*)
                0x00000000c001b5e7                sysCallOpenDir(regs*)
                0x00000000c001b65c                sysCallCloseDir(regs*)
                0x00000000c001b6b0                sysCallMakeDir(regs*)
                0x00000000c001b720                sysCallWait(regs*)
                0x00000000c001b73a                sysCallNotImpl(regs*)
                0x00000000c001b755                sysPanic(regs*)
                0x00000000c001b76f                sysCallRmdir(regs*)
                0x00000000c001b7d3                sysCallUnlink(regs*)
                0x00000000c001b837                sysCallGetArgv(regs*)
                0x00000000c001b883                sysCallTTYName(regs*)
                0x00000000c001b906                sysCallUSleep(regs*)
                0x00000000c001b92d                sysCallSpawn(regs*)
                0x00000000c001b995                sysCallGetEnv(regs*)
                0x00000000c001ba42                sysAppSettings(regs*)
                0x00000000c001bb56                sysSetFatAttrib(regs*)
                0x00000000c001bbc8                sysPipe(regs*)
                0x00000000c001bc0d                sysGetUnixTime(regs*)
                0x00000000c001bc21                string_ends_with(char const*, char const*)
                0x00000000c001bc69                sysCallOpen(regs*)
                0x00000000c001be51                Sys::loadSyscalls()
                0x00000000c001c046                Sys::systemCall(regs*, void*)
 .text          0x00000000c001c088     0x1203 thr/elf.32
                0x00000000c001c088                Thr::allocateMemoryForTask(Process*, File*, unsigned long, unsigned long, unsigned long)
                0x00000000c001c332                Thr::loadProgramIntoMemory(Process*, char const*)
                0x00000000c001c548                Thr::runtimeReferenceHelper()
                0x00000000c001c55b                Thr::getAddressOfKernelSymbol(char const*)
                0x00000000c001c5aa                Thr::loadKernelSymbolTable(char const*)
                0x00000000c001c868                Thr::loadDriverIntoMemory(char const*, unsigned long, bool)
                0x00000000c001cf9e                Thr::getDriverBaseFromAddress(unsigned long)
                0x00000000c001cfd0                Thr::getDriverNameFromAddress(unsigned long)
                0x00000000c001d007                Thr::getDriverOffsetFromAddress(unsigned long)
                0x00000000c001d021                Thr::loadDLL(char const*, bool)
                0x00000000c001d252                Thr::executeDLL(unsigned long, void*)
 *fill*         0x00000000c001d28b        0x1 
 .text          0x00000000c001d28c     0x11ef thr/prcssthr.32
                0x00000000c001d28c                userModeEntryPoint(void*)
                0x00000000c001d2b2                changeTSS
                0x00000000c001d2e2                switchToThread(ThreadControlBlock*)
                0x00000000c001d38c                Process::addArgs(char**)
                0x00000000c001d3e6                Process::Process(char const*, Process*, char**)
                0x00000000c001d3e6                Process::Process(char const*, Process*, char**)
                0x00000000c001d5ca                Process::Process(bool, char const*, Process*, char**)
                0x00000000c001d5ca                Process::Process(bool, char const*, Process*, char**)
                0x00000000c001d779                taskStartupFunction
                0x00000000c001d782                Semaphore::Semaphore(int)
                0x00000000c001d782                Semaphore::Semaphore(int)
                0x00000000c001d7b0                Mutex::Mutex()
                0x00000000c001d7b0                Mutex::Mutex()
                0x00000000c001d7c2                Process::createThread(void (*)(void*), void*, int)
                0x00000000c001d8c8                Process::createUserThread()
                0x00000000c001d8e4                setupMultitasking(void (*)())
                0x00000000c001d9e7                schedule()
                0x00000000c001da6c                Semaphore::tryAcquire()
                0x00000000c001db28                Semaphore::assertLocked(char const*)
                0x00000000c001db97                blockTaskWithSchedulerLockAlreadyHeld(TaskState)
                0x00000000c001dbbd                blockTask(TaskState)
                0x00000000c001dbea                waitTask(int, int*, int)
                0x00000000c001dc2c                nanoSleepUntil(unsigned long long)
                0x00000000c001dcc1                nanoSleep(unsigned long long)
                0x00000000c001dcd9                sleep(unsigned long long)
                0x00000000c001dcf6                Semaphore::acquire()
                0x00000000c001dd98                taskReturned
                0x00000000c001ddd3                Thr::processFromPID(int)
                0x00000000c001de6a                unblockTask(ThreadControlBlock*)
                0x00000000c001deff                cleanupTerminatedTask(ThreadControlBlock*)
                0x00000000c001e1a6                cleanerTaskFunction(void*)
                0x00000000c001e287                terminateTask(int)
                0x00000000c001e346                Thr::terminateFromIRQ(int)
                0x00000000c001e352                Semaphore::release()
 .text          0x00000000c001e47b      0xada vm86/vm8086.32
                0x00000000c001e47b                Vm::inbv(unsigned short)
                0x00000000c001e48e                Vm::outbv(unsigned short, unsigned char)
                0x00000000c001e4c4                Vm::realToLinear(unsigned short, unsigned short)
                0x00000000c001e4d4                Vm::getSegment(unsigned int)
                0x00000000c001e4dc                Vm::getOffset(unsigned int)
                0x00000000c001e4e1                Vm::mainloop2()
                0x00000000c001e51b                Vm::mainVm8086Loop(void*)
                0x00000000c001e52b                Vm::mainloop3(unsigned long)
                0x00000000c001e551                Vm::initialise8086()
                0x00000000c001e594                Vm::finish8086()
                0x00000000c001e5f5                Vm::getOutput8086(unsigned char*)
                0x00000000c001e61a                Vm::start8086(char const*, unsigned short, unsigned short, unsigned short, unsigned short)
                0x00000000c001e782                Vm::doISR(regs*, int, unsigned char*, unsigned short, unsigned short)
                0x00000000c001e80c                Vm::readByteFromReal(unsigned short, unsigned short)
                0x00000000c001e81d                Vm::readWordFromReal(unsigned short, unsigned short)
                0x00000000c001e82f                Vm::readDwordFromReal(unsigned short, unsigned short)
                0x00000000c001e840                Vm::writeByteFromReal(unsigned short, unsigned short, unsigned char)
                0x00000000c001e855                Vm::writeWordFromReal(unsigned short, unsigned short, unsigned short)
                0x00000000c001e86b                Vm::writeDwordFromReal(unsigned short, unsigned short, unsigned int)
                0x00000000c001e880                Vm::faultHandler(regs*)
 .text          0x00000000c001ef55      0xefd vm86/x87em.32
                0x00000000c001ef55                Vm::fpuInternalTo32(unsigned long long)
                0x00000000c001efb0                Vm::fpuInternalTo64(unsigned long long)
                0x00000000c001efb9                Vm::fpu32ToInternal(unsigned int)
                0x00000000c001effe                Vm::fpu64ToInternal(unsigned long long)
                0x00000000c001f007                Vm::fpuFloatToLong(unsigned long long)
                0x00000000c001f062                Vm::fpuULongToFloat(unsigned long long)
                0x00000000c001f098                Vm::fpuLongToFloat(long long)
                0x00000000c001f0ee                Vm::fpuGet0()
                0x00000000c001f0f3                Vm::fpuGet1()
                0x00000000c001f0fb                Vm::fpuGetPi()
                0x00000000c001f103                Vm::fpuGetLog2E()
                0x00000000c001f11b                Vm::fpuGetLogE2()
                0x00000000c001f133                Vm::fpuGetLog210()
                0x00000000c001f14b                Vm::fpuGetLog102()
                0x00000000c001f163                Vm::fpuIsSecondLarger(unsigned long long, unsigned long long)
                0x00000000c001f177                Vm::fpuAreEqual(unsigned long long, unsigned long long)
                0x00000000c001f18d                Vm::fpuUnorderedCompare(unsigned long long, unsigned long long)
                0x00000000c001f1e0                Vm::fpuAdd(unsigned long long, unsigned long long)
                0x00000000c001f1f1                Vm::fpuAbs(unsigned long long)
                0x00000000c001f1fa                Vm::fpuChs(unsigned long long)
                0x00000000c001f20a                Vm::fpuSub(unsigned long long, unsigned long long)
                0x00000000c001f219                Vm::fpuMultiply(unsigned long long, unsigned long long)
                0x00000000c001f238                Vm::fpuDivide(unsigned long long, unsigned long long)
                0x00000000c001f254                Vm::fpuSquare(unsigned long long)
                0x00000000c001f26a                Vm::fpuGetReg(int)
                0x00000000c001f2ad                Vm::fpuSetReg(int, unsigned long long)
                0x00000000c001f2f8                Vm::fpuPush(unsigned long long)
                0x00000000c001f355                Vm::fpuPop()
                0x00000000c001f3a7                Vm::x87Handler(regs*)
 .text          0x00000000c001fe52     0x11c1 fs/fat/vfslink.32
                0x00000000c001fe52                FAT::getName()
                0x00000000c001fe58                FAT::tell(void*, unsigned long long*)
                0x00000000c001fe8c                FAT::stat(void*, unsigned long long*)
                0x00000000c001fec0                FAT::~FAT()
                0x00000000c001fec0                FAT::~FAT()
                0x00000000c001fee4                FAT::~FAT()
                0x00000000c001ff0c                FAT::getlabel(LogicalDisk*, int, char*, unsigned int*)
                0x00000000c001ffaa                FAT::setlabel(LogicalDisk*, int, char*)
                0x00000000c0020064                FAT::format(LogicalDisk*, int, char const*, int)
                0x00000000c0020222                FAT::tryMount(LogicalDisk*, int)
                0x00000000c0020428                FAT::getFileFirstSector(char const*)
                0x00000000c00204ce                FAT::readDir(void*, unsigned long, void*, int*)
                0x00000000c0020628                FAT::read(void*, unsigned long, void*, int*)
                0x00000000c0020682                FAT::write(void*, unsigned long, void*, int*)
                0x00000000c00206dc                FAT::close(void*)
                0x00000000c0020728                FAT::closeDir(void*)
                0x00000000c0020774                FAT::seek(void*, unsigned long long)
                0x00000000c00207c8                fatWrapperReadDisk
                0x00000000c002080f                fatWrapperWriteDisk
                0x00000000c0020856                fatWrapperIoctl
                0x00000000c002095a                FAT::FAT()
                0x00000000c002095a                FAT::FAT()
                0x00000000c00209ac                FAT::fixFilepath(char*)
                0x00000000c00209e4                FAT::open(char const*, void**, FileOpenMode)
                0x00000000c0020b0c                FAT::openDir(char const*, void**)
                0x00000000c0020bb2                FAT::stat(char const*, unsigned long long*, bool*)
                0x00000000c0020c9c                FAT::unlink(char const*)
                0x00000000c0020d16                FAT::chfatattr(char const*, unsigned char, unsigned char)
                0x00000000c0020e6a                FAT::rename(char const*, char const*)
                0x00000000c0020f2e                FAT::mkdir(char const*)
                0x00000000c0020fa8                FAT::exists(char const*)
 *fill*         0x00000000c0021013        0x1 
 .text          0x00000000c0021014      0xb75 fs/iso9660/vfslink.32
                0x00000000c0021014                ISO9660::format(LogicalDisk*, int, char const*, int)
                0x00000000c002101a                ISO9660::seek(void*, unsigned long long)
                0x00000000c002104a                ISO9660::tell(void*, unsigned long long*)
                0x00000000c002106e                ISO9660::getName()
                0x00000000c0021074                ISO9660::stat(void*, unsigned long long*)
                0x00000000c0021098                ISO9660::chfatattr(char const*, unsigned char, unsigned char)
                0x00000000c002109e                ISO9660::unlink(char const*)
                0x00000000c00210a4                ISO9660::write(void*, unsigned long, void*, int*)
                0x00000000c00210aa                ISO9660::rename(char const*, char const*)
                0x00000000c00210b0                ISO9660::mkdir(char const*)
                0x00000000c00210b6                ISO9660::close(void*)
                0x00000000c00210d8                ISO9660::closeDir(void*)
                0x00000000c00210fa                ISO9660::~ISO9660()
                0x00000000c00210fa                ISO9660::~ISO9660()
                0x00000000c002111e                ISO9660::~ISO9660()
                0x00000000c0021145                __memmem(unsigned char*, int, unsigned char*, int)
                0x00000000c0021187                readSectorFromCDROM(unsigned int, unsigned char*, char)
                0x00000000c00211e2                ISO9660::tryMount(LogicalDisk*, int)
                0x00000000c0021232                ISO9660::read(void*, unsigned long, void*, int*)
                0x00000000c0021436                ISO9660::readDir(void*, unsigned long, void*, int*)
                0x00000000c00216b0                readRoot(unsigned int*, unsigned int*, char)
                0x00000000c0021704                readRecursively(char*, unsigned int, unsigned int, unsigned int*, unsigned int*, char, int*)
                0x00000000c00218d7                getFileData(char*, unsigned int*, unsigned int*, char, int*)
                0x00000000c0021966                ISO9660::open(char const*, void**, FileOpenMode)
                0x00000000c0021a14                ISO9660::exists(char const*)
                0x00000000c0021a38                ISO9660::stat(char const*, unsigned long long*, bool*)
                0x00000000c0021acc                ISO9660::openDir(char const*, void**)
                0x00000000c0021b66                ISO9660::ISO9660()
                0x00000000c0021b66                ISO9660::ISO9660()
 *fill*         0x00000000c0021b89        0x1 
 .text          0x00000000c0021b8a      0x396 hal/sound/sndchannel.32
                0x00000000c0021b8a                SoundChannel::SoundChannel(int, int, int, int)
                0x00000000c0021b8a                SoundChannel::SoundChannel(int, int, int, int)
                0x00000000c0021cb4                SoundChannel::~SoundChannel()
                0x00000000c0021cb4                SoundChannel::~SoundChannel()
                0x00000000c0021cd0                SoundChannel::getSampleRate()
                0x00000000c0021cd8                SoundChannel::getBits()
                0x00000000c0021ce0                SoundChannel::getBufferUsed()
                0x00000000c0021ce8                SoundChannel::getBufferSize()
                0x00000000c0021cf0                SoundChannel::unbuffer(float*, int, int)
                0x00000000c0021d84                SoundChannel::buffer16(short*, int)
                0x00000000c0021e80                SoundChannel::buffer8(unsigned char*, int)
 .text          0x00000000c0021f20      0x43e hal/sound/sndhw.32
                0x00000000c0021f20                SoundDevice::SoundDevice(char const*)
                0x00000000c0021f20                SoundDevice::SoundDevice(char const*)
                0x00000000c0021f8c                SoundDevice::~SoundDevice()
                0x00000000c0021f8c                SoundDevice::~SoundDevice()
                0x00000000c0022006                SoundDevice::~SoundDevice()
                0x00000000c0022030                SoundDevice::getFreeChannelNum()
                0x00000000c002204a                SoundDevice::addChannel(SoundChannel*)
                0x00000000c00220ba                SoundDevice::removeChannel(int)
                0x00000000c00220ec                SoundDevice::floatTo16(float*, short*, int)
                0x00000000c00221da                SoundDevice::floatTo8(float*, unsigned char*, int)
                0x00000000c00222c2                SoundDevice::getAudio(int, float*, float*)
 .text          0x00000000c002235e        0x0 hw/bus/isa.32
 .text          0x00000000c002235e      0xb87 hw/bus/pci.32
                0x00000000c002235e                PCI::open(int, int, void*)
                0x00000000c002237c                PCI::close(int, int, void*)
                0x00000000c0022380                PCI::PCI()
                0x00000000c0022380                PCI::PCI()
                0x00000000c0022416                PCI::readBAR8(unsigned int, int)
                0x00000000c0022432                PCI::readBAR16(unsigned int, int)
                0x00000000c0022450                PCI::readBAR32(unsigned int, int)
                0x00000000c002246c                PCI::writeBAR8(unsigned int, unsigned char, int)
                0x00000000c002248c                PCI::writeBAR16(unsigned int, unsigned short, int)
                0x00000000c00224ae                PCI::writeBAR32(unsigned int, unsigned int, int)
                0x00000000c00224ce                PCI::legacyMechanism(unsigned char, unsigned char, unsigned char, unsigned char)
                0x00000000c002253c                PCI::pciReadWord(unsigned char, unsigned char, unsigned char, unsigned char)
                0x00000000c00225e4                PCI::getVendorID(unsigned char, unsigned char, unsigned char)
                0x00000000c0022608                PCI::getHeaderType(unsigned char, unsigned char, unsigned char)
                0x00000000c0022630                PCI::getClassCode(unsigned char, unsigned char, unsigned char)
                0x00000000c002267a                PCI::getProgIF(unsigned char, unsigned char, unsigned char)
                0x00000000c00226a2                PCI::getRevisionID(unsigned char, unsigned char, unsigned char)
                0x00000000c00226c6                PCI::getInterruptNumber(unsigned char, unsigned char, unsigned char)
                0x00000000c00226ea                PCI::getSecondaryBus(unsigned char, unsigned char, unsigned char)
                0x00000000c0022712                PCI::getBARAddress(unsigned char, unsigned char, unsigned char, unsigned char)
                0x00000000c0022776                PCI::pciWriteWord(unsigned char, unsigned char, unsigned char, unsigned char, unsigned short)
                0x00000000c002285e                PCI::pciDetailsToFilepath(PCIDeviceInfo, char*)
                0x00000000c0022ad8                PCI::checkBus(unsigned char)
                0x00000000c0022afc                PCI::foundDevice(PCIDeviceInfo)
                0x00000000c0022c6e                PCI::getDeviceData(unsigned char, unsigned char, unsigned char)
                0x00000000c0022e26                PCI::checkDevice(unsigned char, unsigned char)
                0x00000000c0022e92                PCI::detect()
 *fill*         0x00000000c0022ee5        0x1 
 .text          0x00000000c0022ee6      0xb54 hw/diskctrl/ide.32
                0x00000000c0022ee6                IDE::close(int, int, void*)
                0x00000000c0022eea                IDE::IDE()
                0x00000000c0022eea                IDE::IDE()
                0x00000000c0022f1e                IDE::prepareInterrupt(unsigned char)
                0x00000000c0022f30                selectDrive(unsigned char, unsigned char)
                0x00000000c0022f32                IDE::getBase(unsigned char)
                0x00000000c0022f44                IDE::write(unsigned char, unsigned char, unsigned char)
                0x00000000c0023004                IDE::read(unsigned char, unsigned char)
                0x00000000c00230b2                IDE::waitInterrupt(unsigned char)
                0x00000000c0023118                ideChannel0IRQHandler(regs*, void*)
                0x00000000c0023134                ideChannel1IRQHandler(regs*, void*)
                0x00000000c0023150                IDE::enableIRQs(unsigned char, bool)
                0x00000000c0023196                IDE::open(int, int, void*)
                0x00000000c00235a4                IDE::readBuffer(unsigned char, unsigned char, unsigned int, unsigned int)
                0x00000000c0023670                IDE::detect()
                0x00000000c0023936                IDE::printError(unsigned char, unsigned char, unsigned char)
                0x00000000c00239e6                IDE::polling(unsigned char, unsigned int)
 .text          0x00000000c0023a3a      0x336 hw/diskctrl/satabus.32
                0x00000000c0023a3a                SATABus::close(int, int, void*)
                0x00000000c0023a3e                SATABus::detect()
                0x00000000c0023a40                SATABus::SATABus()
                0x00000000c0023a40                SATABus::SATABus()
                0x00000000c0023ac6                SATABus::findCmdslot(SATABus::tagHBA_PORT volatile*)
                0x00000000c0023b0e                SATABus::checkType(SATABus::tagHBA_PORT volatile*)
                0x00000000c0023b56                SATABus::startCmd(SATABus::tagHBA_PORT volatile*)
                0x00000000c0023b76                SATABus::stopCmd(SATABus::tagHBA_PORT volatile*)
                0x00000000c0023ba0                SATABus::portRebase(SATABus::tagHBA_PORT volatile*, int)
                0x00000000c0023ca6                SATABus::probePort(SATABus::tagHBA_MEM volatile*)
                0x00000000c0023d50                SATABus::open(int, int, void*)
 .text          0x00000000c0023d70      0x604 hw/diskphys/ata.32
                0x00000000c0023d70                ATA::close(int, int, void*)
                0x00000000c0023d94                ATA::powerSaving(PowerSavingLevel)
                0x00000000c0023d96                ATA::ATA()
                0x00000000c0023d96                ATA::ATA()
                0x00000000c0023dc4                ATA::flush(bool)
                0x00000000c0023e0e                ATA::readyForCommand()
                0x00000000c0023e5e                ATA::access(unsigned long long, int, void*, bool)
                0x00000000c00241e6                ATA::read(unsigned long long, int, void*)
                0x00000000c0024232                ATA::write(unsigned long long, int, void*)
                0x00000000c002427e                ATA::detectCHS()
                0x00000000c00242a8                ATA::open(int, int, void*)
 .text          0x00000000c0024374      0x5bd hw/diskphys/atapi.32
                0x00000000c0024374                ATAPI::write(unsigned long long, int, void*)
                0x00000000c002437a                ATAPI::close(int, int, void*)
                0x00000000c002439e                ATAPI::ATAPI()
                0x00000000c002439e                ATAPI::ATAPI()
                0x00000000c00243cc                ATAPI::readyForCommand()
                0x00000000c002441c                ATAPI::sendPacket(unsigned char*, int, bool, unsigned short*, int)
                0x00000000c00246dc                ATAPI::diskRemoved()
                0x00000000c00246f8                ATAPI::eject()
                0x00000000c0024740                ATAPI::diskInserted()
                0x00000000c002476e                ATAPI::detectMedia()
                0x00000000c002482a                ATAPI::open(int, int, void*)
                0x00000000c00248b2                ATAPI::read(unsigned long long, int, void*)
 *fill*         0x00000000c0024931        0x1 
 .text          0x00000000c0024932      0x41c hw/diskphys/sata.32
                0x00000000c0024932                SATA::close(int, int, void*)
                0x00000000c0024956                SATA::powerSaving(PowerSavingLevel)
                0x00000000c0024958                SATA::open(int, int, void*)
                0x00000000c0024a02                SATA::SATA()
                0x00000000c0024a02                SATA::SATA()
                0x00000000c0024a30                SATA::access(unsigned long long, int, void*, bool)
                0x00000000c0024c96                SATA::read(unsigned long long, int, void*)
                0x00000000c0024ce2                SATA::write(unsigned long long, int, void*)
 .text          0x00000000c0024d4e      0x4fe hw/diskphys/satapi.32
                0x00000000c0024d4e                SATAPI::write(unsigned long long, int, void*)
                0x00000000c0024d54                SATAPI::close(int, int, void*)
                0x00000000c0024d78                SATAPI::SATAPI()
                0x00000000c0024d78                SATAPI::SATAPI()
                0x00000000c0024da6                SATAPI::diskRemoved()
                0x00000000c0024dc2                SATAPI::diskInserted()
                0x00000000c0024df0                SATAPI::sendPacket(unsigned char*, int, unsigned long long, unsigned short*, int)
                0x00000000c0024ff8                SATAPI::eject()
                0x00000000c0025040                SATAPI::detectMedia()
                0x00000000c0025102                SATAPI::open(int, int, void*)
                0x00000000c00251aa                SATAPI::read(unsigned long long, int, void*)
 .text          0x00000000c002524c       0x8e hw/fpu/avx.32
                0x00000000c002524c                AVX::open(int, int, void*)
                0x00000000c002525e                AVX::close(int, int, void*)
                0x00000000c0025270                AVX::available()
                0x00000000c0025282                AVX::save(void*)
                0x00000000c002529a                AVX::load(void*)
                0x00000000c00252b2                AVX::AVX()
                0x00000000c00252b2                AVX::AVX()
 .text          0x00000000c00252da       0x90 hw/fpu/mmx.32
                0x00000000c00252da                MMX::available()
                0x00000000c00252ee                MMX::open(int, int, void*)
                0x00000000c0025300                MMX::close(int, int, void*)
                0x00000000c0025312                MMX::save(void*)
                0x00000000c002532a                MMX::load(void*)
                0x00000000c0025342                MMX::MMX()
                0x00000000c0025342                MMX::MMX()
 .text          0x00000000c002536a       0x96 hw/fpu/sse.32
                0x00000000c002536a                SSE::open(int, int, void*)
                0x00000000c002537c                SSE::close(int, int, void*)
                0x00000000c002538e                SSE::available()
                0x00000000c00253a8                SSE::save(void*)
                0x00000000c00253c0                SSE::load(void*)
                0x00000000c00253d8                SSE::SSE()
                0x00000000c00253d8                SSE::SSE()
 .text          0x00000000c0025400       0x8e hw/fpu/x87.32
                0x00000000c0025400                x87::open(int, int, void*)
                0x00000000c0025412                x87::close(int, int, void*)
                0x00000000c0025424                x87::available()
                0x00000000c0025436                x87::save(void*)
                0x00000000c002544e                x87::load(void*)
                0x00000000c0025466                x87::x87()
                0x00000000c0025466                x87::x87()
 .text          0x00000000c002548e      0x71e hw/intctrl/apic.32
                0x00000000c002548e                APIC::disable()
                0x00000000c0025490                APIC::close(int, int, void*)
                0x00000000c00254b2                IOAPIC::close(int, int, void*)
                0x00000000c00254b8                APIC::io_wait()
                0x00000000c00254be                APIC::getBase()
                0x00000000c0025500                APIC::eoi(unsigned char)
                0x00000000c002552e                APIC::open(int, int, void*)
                0x00000000c002567c                IOAPIC::IOAPIC()
                0x00000000c002567c                IOAPIC::IOAPIC()
                0x00000000c00256a4                APIC::APIC()
                0x00000000c00256a4                APIC::APIC()
                0x00000000c0025780                IOAPIC::handlesGSIWithNumber(unsigned int)
                0x00000000c00257b2                IOAPIC::read(int)
                0x00000000c00257da                IOAPIC::open(int, int, void*)
                0x00000000c00258d0                IOAPIC::write(int, int)
                0x00000000c00258fc                IOAPIC::redirect(unsigned char, unsigned long long, unsigned char, bool, bool)
                0x00000000c00259f6                APIC::installIRQHandler(int, void (*)(regs*, void*), bool, void*)
 .text          0x00000000c0025bac      0x3d3 hw/intctrl/pic.32
                0x00000000c0025bac                PIC::disable()
                0x00000000c0025bda                PIC::close(int, int, void*)
                0x00000000c0025bfc                PIC::PIC()
                0x00000000c0025bfc                PIC::PIC()
                0x00000000c0025cd2                PIC::ioWait()
                0x00000000c0025cd8                PIC::getIRQReg(int)
                0x00000000c0025d42                PIC::eoi(unsigned char)
                0x00000000c0025dd4                PIC::remap()
                0x00000000c0025f40                PIC::open(int, int, void*)
 *fill*         0x00000000c0025f7f        0x1 
 .text          0x00000000c0025f80      0x25e hw/timer/apictimer.32
                0x00000000c0025f80                APICTimer::close(int, int, void*)
                0x00000000c0025f86                apicTimerHandler(regs*, void*)
                0x00000000c0025fb4                APICTimer::write(int)
                0x00000000c00260b8                APICTimer::open(int, int, void*)
                0x00000000c00261b6                APICTimer::APICTimer()
                0x00000000c00261b6                APICTimer::APICTimer()
 .text          0x00000000c00261de      0x1a7 hw/timer/pit.32
                0x00000000c00261de                PIT::write(int)
                0x00000000c002625c                pitHandler(regs*, void*)
                0x00000000c0026288                PIT::open(int, int, void*)
                0x00000000c00262d6                PIT::close(int, int, void*)
                0x00000000c0026306                PIT::PIT()
                0x00000000c0026306                PIT::PIT()
 *fill*         0x00000000c0026385        0xb 
 .text          0x00000000c0026390       0x1e hw/fpu/x86/avx.32
                0x00000000c0026390                avxDetect
                0x00000000c0026396                avxSave
                0x00000000c0026397                avxLoad
                0x00000000c0026398                avxInit
                0x00000000c0026399                avxClose
                0x00000000c002639a                wouldSheSayYes
 *fill*         0x00000000c00263ae        0x2 
 .text          0x00000000c00263b0       0x35 hw/fpu/x86/sse.32
                0x00000000c00263b0                absolutelyNoChanceInHell
                0x00000000c00263b0                sseDetect
                0x00000000c00263c8                sseSave
                0x00000000c00263ce                sseLoad
                0x00000000c00263d4                sseInit
                0x00000000c00263e4                sseClose
 *fill*         0x00000000c00263e5        0xb 
 .text          0x00000000c00263f0       0x4d hw/fpu/x86/x87.32
                0x00000000c00263f6                x87Detect
                0x00000000c0026411                x87Save
                0x00000000c002641a                x87Load
                0x00000000c0026422                x87Init
                0x00000000c002643c                x87Close
 *fill*         0x00000000c002643d        0x3 
 .text          0x00000000c0026440       0x25 /cygdrive/d/Users/Alex/Desktop/Toolchain/Output/bin/../lib/gcc/i386-banana/8.1.0/crtend.o
 .text          0x00000000c0026465        0x0 crtn.32
 *fill*         0x00000000c0026465        0x3 
 .text          0x00000000c0026468      0x14b /cygdrive/d/Users/Alex/Desktop/Toolchain/Output/bin/../lib/gcc/i386-banana/8.1.0/libkgcc.a(_divdi3.o)
                0x00000000c0026468                __divdi3
 *fill*         0x00000000c00265b3        0x1 
 .text          0x00000000c00265b4      0x17e /cygdrive/d/Users/Alex/Desktop/Toolchain/Output/bin/../lib/gcc/i386-banana/8.1.0/libkgcc.a(_moddi3.o)
                0x00000000c00265b4                __moddi3
 *fill*         0x00000000c0026732        0x2 
 .text          0x00000000c0026734       0xff /cygdrive/d/Users/Alex/Desktop/Toolchain/Output/bin/../lib/gcc/i386-banana/8.1.0/libkgcc.a(_udivdi3.o)
                0x00000000c0026734                __udivdi3
 *fill*         0x00000000c0026833        0x1 
 .text          0x00000000c0026834      0x11a /cygdrive/d/Users/Alex/Desktop/Toolchain/Output/bin/../lib/gcc/i386-banana/8.1.0/libkgcc.a(_umoddi3.o)
                0x00000000c0026834                __umoddi3
 .text          0x00000000c002694e      0x96d D:/Users/Alex/Desktop/Banana/kernel/libsoftfp.a(sfieeelib.o)
                0x00000000c002694e                __addsf3
                0x00000000c0026c50                __subsf3
                0x00000000c0026c64                __negsf2
                0x00000000c0026c71                __mulsf3
                0x00000000c0026e34                __divsf3
                0x00000000c002705f                __floatsisf
                0x00000000c00270d3                __floatunsisf
                0x00000000c0027115                __fixsfsi
                0x00000000c0027177                __fixunssfsi
                0x00000000c00271a8                __cmpsf2
                0x00000000c002723d                __eqsf2
                0x00000000c0027278                __nesf2
                0x00000000c002727a                __gtsf2
                0x00000000c00272b5                __gesf2
                0x00000000c00272b7                __ltsf2
                0x00000000c00272b9                __lesf2
 .text          0x00000000c00272bb      0xf50 D:/Users/Alex/Desktop/Banana/kernel/libsoftfp.a(dfieeelib.o)
                0x00000000c00272bb                __adddf3
                0x00000000c002790c                __subdf3