Archive member included to satisfy reference by file (symbol)

/cygdrive/d/Users/Alex/Desktop/Toolchain/Output/bin/../lib/gcc/i386-banana/8.1.0/libkgcc.a(_divdi3.o)
                              fs/fat/ff.32 (__divdi3)
/cygdrive/d/Users/Alex/Desktop/Toolchain/Output/bin/../lib/gcc/i386-banana/8.1.0/libkgcc.a(_moddi3.o)
                              compat/resolve.32 (__moddi3)
/cygdrive/d/Users/Alex/Desktop/Toolchain/Output/bin/../lib/gcc/i386-banana/8.1.0/libkgcc.a(_udivdi3.o)
                              fs/fat/ff.32 (__udivdi3)
/cygdrive/d/Users/Alex/Desktop/Toolchain/Output/bin/../lib/gcc/i386-banana/8.1.0/libkgcc.a(_umoddi3.o)
                              compat/resolve.32 (__umoddi3)
D:/Users/Alex/Desktop/Banana/kernel/libsoftfp.a(sfieeelib.o)
                              hal/sound/sndhw.32 (__addsf3)
D:/Users/Alex/Desktop/Banana/kernel/libsoftfp.a(dfieeelib.o)
                              hal/libresample/src_linear.32 (__adddf3)
D:/Users/Alex/Desktop/Banana/kernel/libsoftfp.a(sfdfcvt.o)
                              hal/libresample/samplerate.32 (__truncdfsf2)
D:/Users/Alex/Desktop/Banana/kernel/libk/libm32.a(s_fabs.c.o)
                              hal/libresample/samplerate.32 (fabs)
D:/Users/Alex/Desktop/Banana/kernel/libk/libm32.a(s_lrint.S.o)
                              hal/libresample/samplerate.32 (lrint)
D:/Users/Alex/Desktop/Banana/kernel/libk/libm32.a(s_lrintf.S.o)
                              hal/sound/sndhw.32 (lrintf)

Discarded input sections

 .comment       0x0000000000000000       0x12 /cygdrive/d/Users/Alex/Desktop/Toolchain/Output/bin/../lib/gcc/i386-banana/8.1.0/crtbegin.o
 .comment       0x0000000000000000       0x12 acpica/utclib.32
 .comment       0x0000000000000000       0x12 core/malloc.32
 .comment       0x0000000000000000       0x12 libk/string.32
 .comment       0x0000000000000000       0x12 fs/fat/diskio.32
 .comment       0x0000000000000000       0x12 fs/fat/ff.32
 .comment       0x0000000000000000       0x12 fs/fat/ffsystem.32
 .comment       0x0000000000000000       0x12 fs/fat/ffunicode.32
 .comment       0x0000000000000000       0x12 hal/libresample/samplerate.32
 .comment       0x0000000000000000       0x12 hal/libresample/src_linear.32
 .comment       0x0000000000000000       0x12 hal/libresample/src_sinc.32
 .comment       0x0000000000000000       0x12 hal/libresample/src_zoh.32
 .comment       0x0000000000000000       0x12 compat/inlines.32
 .comment       0x0000000000000000       0x12 compat/resolve.32
 .group         0x0000000000000000       0x14 core/computer.32
 .group         0x0000000000000000        0xc core/computer.32
 .comment       0x0000000000000000       0x12 core/computer.32
 .comment       0x0000000000000000       0x12 core/gdt.32
 .group         0x0000000000000000        0xc core/idle.32
 .comment       0x0000000000000000       0x12 core/idle.32
 .comment       0x0000000000000000       0x12 core/idt.32
 .comment       0x0000000000000000       0x12 core/kheap.32
 .comment       0x0000000000000000       0x12 core/main.32
 .comment       0x0000000000000000       0x12 core/physmgr.32
 .group         0x0000000000000000        0xc core/pipe.32
 .comment       0x0000000000000000       0x12 core/pipe.32
 .group         0x0000000000000000        0xc core/terminal.32
 .comment       0x0000000000000000       0x12 core/terminal.32
 .comment       0x0000000000000000       0x12 core/tss.32
 .group         0x0000000000000000        0x8 core/unixfile.32
 .group         0x0000000000000000        0xc core/unixfile.32
 .group         0x0000000000000000        0xc core/unixfile.32
 .group         0x0000000000000000        0x8 core/unixfile.32
 .group         0x0000000000000000        0xc core/unixfile.32
 .group         0x0000000000000000        0x8 core/unixfile.32
 .group         0x0000000000000000        0xc core/unixfile.32
 .group         0x0000000000000000        0xc core/unixfile.32
 .comment       0x0000000000000000       0x12 core/unixfile.32
 .comment       0x0000000000000000       0x12 core/virtmgr.32
 .comment       0x0000000000000000       0x12 coreobjs/c++.32
 .comment       0x0000000000000000       0x12 dbg/kconsole.32
 .group         0x0000000000000000        0xc fs/vfs.32
 .group         0x0000000000000000        0xc fs/vfs.32
 .group         0x0000000000000000        0xc fs/vfs.32
 .comment       0x0000000000000000       0x12 fs/vfs.32
 .group         0x0000000000000000        0xc hal/bus.32
 .comment       0x0000000000000000       0x12 hal/bus.32
 .group         0x0000000000000000        0xc hal/buzzer.32
 .comment       0x0000000000000000       0x12 hal/buzzer.32
 .group         0x0000000000000000        0xc hal/clock.32
 .comment       0x0000000000000000       0x12 hal/clock.32
 .group         0x0000000000000000       0x14 hal/device.32
 .group         0x0000000000000000        0xc hal/device.32
 .group         0x0000000000000000        0xc hal/device.32
 .group         0x0000000000000000        0xc hal/device.32
[...]
Memory Configuration

Name             Origin             Length             Attributes
*default*        0x0000000000000000 0xffffffffffffffff

Linker script and memory map

LOAD D:/Users/Alex/Desktop/Banana/kernel/boot.32
LOAD crti.32
LOAD /cygdrive/d/Users/Alex/Desktop/Toolchain/Output/bin/../lib/gcc/i386-banana/8.1.0/crtbegin.o
LOAD D:/Users/Alex/Desktop/Banana/kernel/morenasm.32
LOAD acpica/utclib.32
LOAD core/malloc.32
LOAD libk/string.32
LOAD fs/fat/diskio.32
LOAD fs/fat/ff.32
LOAD fs/fat/ffsystem.32
LOAD fs/fat/ffunicode.32
LOAD hal/libresample/samplerate.32
LOAD hal/libresample/src_linear.32
LOAD hal/libresample/src_sinc.32
LOAD hal/libresample/src_zoh.32
LOAD compat/inlines.32
LOAD compat/resolve.32
LOAD core/computer.32
LOAD core/gdt.32
LOAD core/idle.32
LOAD core/idt.32
LOAD core/kheap.32
LOAD core/main.32
LOAD core/physmgr.32
LOAD core/pipe.32
LOAD core/terminal.32
LOAD core/tss.32
LOAD core/unixfile.32
LOAD core/virtmgr.32
LOAD coreobjs/c++.32
LOAD dbg/kconsole.32
LOAD fs/vfs.32
LOAD hal/bus.32
LOAD hal/buzzer.32
LOAD hal/clock.32
LOAD hal/device.32
LOAD hal/diskctrl.32
LOAD hal/diskphys.32
LOAD hal/fpu.32
LOAD hal/intctrl.32
LOAD hal/keybrd.32
LOAD hal/logidisk.32
LOAD hal/mouse.32
LOAD hal/partition.32
LOAD hal/serial.32
LOAD hal/timer.32
LOAD hal/vcache.32
LOAD hal/video.32
LOAD hw/acpi.32
LOAD hw/cpu.32
LOAD hw/ports.32
LOAD hw/smp.32
LOAD krnl/env.32
LOAD krnl/panic.32
LOAD net/ethernet.32
LOAD reg/registry.32
LOAD sys/sc_eject.32
LOAD sys/sc_exit.32
LOAD sys/sc_getcwd.32
LOAD sys/sc_getpid.32
LOAD sys/sc_getramdata.32
LOAD sys/sc_loaddll.32
LOAD sys/sc_read.32
LOAD sys/sc_sbrk.32
LOAD sys/sc_setcwd.32
LOAD sys/sc_settime.32
LOAD sys/sc_timezone.32
LOAD sys/sc_write.32
LOAD sys/sc_wsbe.32
LOAD sys/sc_yield.32
LOAD sys/syscalls.32
LOAD thr/elf.32
LOAD thr/prcssthr.32
LOAD vm86/vm8086.32
LOAD vm86/x87em.32
LOAD fs/fat/vfslink.32
LOAD fs/iso9660/vfslink.32
LOAD hal/sound/sndchannel.32
LOAD hal/sound/sndhw.32
LOAD hw/bus/isa.32
LOAD hw/bus/pci.32
LOAD hw/diskctrl/ide.32
LOAD hw/diskctrl/satabus.32
LOAD hw/diskphys/ata.32
LOAD hw/diskphys/atapi.32
LOAD hw/diskphys/sata.32
LOAD hw/diskphys/satapi.32
LOAD hw/fpu/avx.32
LOAD hw/fpu/mmx.32
LOAD hw/fpu/sse.32
LOAD hw/fpu/x87.32
LOAD hw/intctrl/apic.32
LOAD hw/intctrl/pic.32
LOAD hw/timer/apictimer.32
LOAD hw/timer/pit.32
LOAD hw/fpu/x86/avx.32
LOAD hw/fpu/x86/sse.32
LOAD hw/fpu/x86/x87.32
LOAD /cygdrive/d/Users/Alex/Desktop/Toolchain/Output/bin/../lib/gcc/i386-banana/8.1.0/crtend.o
LOAD crtn.32
LOAD /cygdrive/d/Users/Alex/Desktop/Toolchain/Output/bin/../lib/gcc/i386-banana/8.1.0/libkgcc.a
LOAD D:/Users/Alex/Desktop/Banana/kernel/libsoftfp.a
LOAD D:/Users/Alex/Desktop/Banana/kernel/libk/libm32.a
                0x00000000c0000000                . = 0xc0000000

.text           0x00000000c0000000    0x28648
 *(.text)
 .text          0x00000000c0000000       0x41 D:/Users/Alex/Desktop/Banana/kernel/boot.32
                0x00000000c0000020                callGlobalConstructors
 .text          0x00000000c0000041        0x0 crti.32
 *fill*         0x00000000c0000041        0x3 
 .text          0x00000000c0000044      0x101 /cygdrive/d/Users/Alex/Desktop/Toolchain/Output/bin/../lib/gcc/i386-banana/8.1.0/crtbegin.o
 *fill*         0x00000000c0000145        0xb 
 .text          0x00000000c0000150      0x4ed D:/Users/Alex/Desktop/Banana/kernel/morenasm.32
                0x00000000c0000150                manualPCIProbe
                0x00000000c000019b                prepareTramp
                0x00000000c00001b4                voodooXADD
                0x00000000c000027f                doTPAUSE
                0x00000000c0000289                hasLegacyFPU
                0x00000000c00002ae                is486
                0x00000000c00002e4                detectCPUID
                0x00000000c00002fa                goToVM86
                0x00000000c000032a                goToUsermode
                0x00000000c0000354                switchToThreadASMFirstTime
                0x00000000c0000362                switchToThreadASM
                0x00000000c00003ea                asmQuickAcquireLock
                0x00000000c0000408                asmQuickReleaseLock
                0x00000000c0000414                asmAcquireLock
                0x00000000c0000435                asmReleaseLock
                0x00000000c0000448                loadGDT
                0x00000000c0000468                isr0
                0x00000000c0000478                isr1
                0x00000000c0000482                isr2
                0x00000000c000048c                isr3
                0x00000000c0000496                isr4
                0x00000000c00004a0                isr5
                0x00000000c00004aa                isr6
                0x00000000c00004b4                isr7
                0x00000000c00004be                isr8
                0x00000000c00004c6                isr9
                0x00000000c00004d0                isr10
                0x00000000c00004d8                isr11
                0x00000000c00004e0                isr12
                0x00000000c00004e8                isr13
                0x00000000c00004f0                isr14
                0x00000000c00004f8                isr15
                0x00000000c0000502                isr16
                0x00000000c000050c                isr17
                0x00000000c0000516                isr18
                0x00000000c0000520                irq3
                0x00000000c000052a                irq4
                0x00000000c0000534                irq5
                0x00000000c000053e                irq6
                0x00000000c0000548                irq7
                0x00000000c0000552                irq8
                0x00000000c000055c                irq9
                0x00000000c0000566                irq10
                0x00000000c0000570                irq11
                0x00000000c000057a                irq12
                0x00000000c0000584                irq13
                0x00000000c000058e                irq14
                0x00000000c0000598                irq15
                0x00000000c00005a2                irq1
                0x00000000c00005a9                irq2
                0x00000000c00005b0                isr96
                0x00000000c00005b7                irq0
                0x00000000c00005bc                int_common_stub
                0x00000000c00005bc                syscall_common_stub
                0x00000000c00005ed                irq16
                0x00000000c00005f7                irq17
                0x00000000c0000601                irq18
                0x00000000c000060b                irq19
                0x00000000c0000615                irq20
                0x00000000c000061f                irq21
                0x00000000c0000629                irq22
                0x00000000c0000633                irq23
 *fill*         0x00000000c000063d        0x3 
 .text          0x00000000c0000640      0x611 acpica/utclib.32
                0x00000000c0000640                memcmp
                0x00000000c000067c                memmove
                0x00000000c0000744                memcpy
                0x00000000c0000778                memset
                0x00000000c0000794                strlen
                0x00000000c00007ac                strpbrk
                0x00000000c00007e8                strtok
                0x00000000c0000834                strcpy
                0x00000000c0000858                strncpy
                0x00000000c00008c0                strcmp
                0x00000000c0000900                strchr
                0x00000000c0000924                strncmp
                0x00000000c0000974                strcat
                0x00000000c00009a4                strncat
                0x00000000c00009e0                strstr
                0x00000000c0000a28                toupper
                0x00000000c0000a3c                tolower
                0x00000000c0000a50                simple_strtoul
 .text          0x00000000c0000c51      0xfbf core/malloc.32
                0x00000000c0000dbc                dlfree
                0x00000000c0001117                dlmalloc
                0x00000000c0001654                dlrealloc
                0x00000000c0001809                dlmemalign
                0x00000000c000192c                dlcalloc
                0x00000000c00019c6                dlcfree
                0x00000000c00019cb                dlindependent_calloc
                0x00000000c00019f0                dlindependent_comalloc
                0x00000000c0001a07                dlvalloc
                0x00000000c0001a32                dlpvalloc
                0x00000000c0001a68                dlmalloc_trim
                0x00000000c0001a75                dlmalloc_usable_size
                0x00000000c0001aa6                dlmallinfo
                0x00000000c0001b75                dlmalloc_stats
                0x00000000c0001b86                dlmallopt
 .text          0x00000000c0001c10        0x0 libk/string.32
 .text          0x00000000c0001c10       0x51 fs/fat/diskio.32
                0x00000000c0001c10                disk_status
                0x00000000c0001c13                disk_initialize
                0x00000000c0001c16                disk_read
                0x00000000c0001c2c                disk_write
                0x00000000c0001c42                disk_ioctl
 .text          0x00000000c0001c61     0x6833 fs/fat/ff.32
                0x00000000c0004f2f                f_mount
                0x00000000c0004f91                f_open
                0x00000000c00053cd                f_read
                0x00000000c000564d                f_write
                0x00000000c0005907                f_sync
                0x00000000c0005ae3                f_close
                0x00000000c0005b12                f_lseek
                0x00000000c0005fc9                f_opendir
                0x00000000c00060cb                f_closedir
                0x00000000c00060ed                f_readdir
                0x00000000c0006188                f_stat
                0x00000000c0006217                f_getfree
                0x00000000c00063e2                f_truncate
                0x00000000c00064da                f_unlink
                0x00000000c000665d                f_mkdir
                0x00000000c0006889                f_rename
                0x00000000c0006b7c                f_chmod
                0x00000000c0006c5a                f_utime
                0x00000000c0006d38                f_getlabel
                0x00000000c0006f26                f_setlabel
                0x00000000c0007193                f_forward
                0x00000000c0007371                f_mkfs
 .text          0x00000000c0008494       0x2d fs/fat/ffsystem.32
                0x00000000c0008494                ff_memalloc
                0x00000000c00084aa                ff_memfree
 .text          0x00000000c00084c1      0x253 fs/fat/ffunicode.32
                0x00000000c00084c1                ff_uni2oem
                0x00000000c0008551                ff_oem2uni
                0x00000000c00085bd                ff_wtoupper
 .text          0x00000000c0008714      0x8fb hal/libresample/samplerate.32
                0x00000000c0008758                src_delete
                0x00000000c0008794                src_process
                0x00000000c000894a                src_callback_read
                0x00000000c0008ac7                src_set_ratio
                0x00000000c0008b31                src_get_channels
                0x00000000c0008b53                src_reset
                0x00000000c0008b9f                src_new
                0x00000000c0008c2d                src_callback_new
                0x00000000c0008c8f                src_get_name
                0x00000000c0008cc6                src_get_description
                0x00000000c0008cfd                src_get_version
                0x00000000c0008d03                src_is_valid_ratio
                0x00000000c0008d57                src_error
                0x00000000c0008d65                src_strerror
                0x00000000c0008d78                src_simple
                0x00000000c0008dcb                src_short_to_float_array
                0x00000000c0008e30                src_float_to_short_array
                0x00000000c0008eef                src_int_to_float_array
                0x00000000c0008f52                src_float_to_int_array
 .text          0x00000000c000900f      0x8cb hal/libresample/src_linear.32
                0x00000000c0009835                linear_get_name
                0x00000000c0009844                linear_get_description
                0x00000000c0009853                linear_set_converter
 .text          0x00000000c00098da     0x447c hal/libresample/src_sinc.32
                0x00000000c000dc6d                sinc_get_name
                0x00000000c000dc80                sinc_get_description
                0x00000000c000dc93                sinc_set_converter
 .text          0x00000000c000dd56      0x77c hal/libresample/src_zoh.32
                0x00000000c000e42d                zoh_get_name
                0x00000000c000e43c                zoh_get_description
                0x00000000c000e44b                zoh_set_converter
 .text          0x00000000c000e4d2       0x23 compat/inlines.32
                0x00000000c000e4d2                CPU::current()
                0x00000000c000e4df                operator new(unsigned long)
 .text          0x00000000c000e4f5      0x111 compat/resolve.32
                0x00000000c000e4f5                Krnl::resolveCompatibilitySymbol(char*)
 .text          0x00000000c000e606      0xa17 core/computer.32
                0x00000000c000e606                Computer::close(int, int, void*)
                0x00000000c000e64a                Krnl::firstTask()
                0x00000000c000e73a                Computer::Computer()
                0x00000000c000e73a                Computer::Computer()
                0x00000000c000e896                Computer::setBootMessage(char const*)
                0x00000000c000e898                Computer::detectFeatures()
                0x00000000c000eaa2                Computer::displayFeatures()
                0x00000000c000ede8                Computer::rdmsr(unsigned int)
                0x00000000c000ee14                Computer::wrmsr(unsigned int, unsigned long long)
                0x00000000c000ee4c                Computer::nmiEnabled()
                0x00000000c000ee58                Computer::readCMOS(unsigned char)
                0x00000000c000ee72                Computer::enableNMI(bool)
                0x00000000c000ee8a                Computer::open(int, int, void*)
                0x00000000c000ef60                Computer::disableNMI()
                0x00000000c000ef6e                Computer::writeCMOS(unsigned char, unsigned char)
                0x00000000c000ef8c                Computer::handleNMI()
                0x00000000c000eff2                Computer::setDiskActivityLight(int, bool)
 *fill*         0x00000000c000f01d        0x1 
 .text          0x00000000c000f01e      0x1b7 core/gdt.32
                0x00000000c000f01e                GDTEntry::setBase(unsigned int)
                0x00000000c000f03a                GDTEntry::setLimit(unsigned int)
                0x00000000c000f058                GDT::GDT()
                0x00000000c000f058                GDT::GDT()
                0x00000000c000f06e                GDT::addEntry(GDTEntry)
                0x00000000c000f0aa                GDT::getNumberOfEntries()
                0x00000000c000f0b2                GDT::flush()
                0x00000000c000f0d4                GDT::setup()
 .text          0x00000000c000f1d5       0x62 core/idle.32
                0x00000000c000f1d5                idleFunction(void*)
 *fill*         0x00000000c000f237        0x1 
 .text          0x00000000c000f238      0x45f core/idt.32
                0x00000000c000f238                IDTEntry::IDTEntry(bool)
                0x00000000c000f238                IDTEntry::IDTEntry(bool)
                0x00000000c000f2a6                IDTEntry::setOffset(unsigned int)
                0x00000000c000f2ba                IDT::IDT()
                0x00000000c000f2ba                IDT::IDT()
                0x00000000c000f2bc                IDT::getPointerToInvalidOpcodeEntryForF00F()
                0x00000000c000f2c4                IDT::addEntry(IDTEntry, int)
                0x00000000c000f2de                IDT::addEntry(int, void (*)(), bool)
                0x00000000c000f316                IDT::flush()
                0x00000000c000f330                IDT::setup()
 .text          0x00000000c000f697      0x203 core/kheap.32
                0x00000000c000f697                sbrk
                0x00000000c000f7a5                mmap
                0x00000000c000f7bb                munmap
                0x00000000c000f7d1                liballoc_lock()
                0x00000000c000f7e2                liballoc_unlock()
                0x00000000c000f7f3                liballoc_alloc(int)
                0x00000000c000f80e                liballoc_free(void*, int)
                0x00000000c000f82c                realloc
                0x00000000c000f840                malloc
                0x00000000c000f850                free
                0x00000000c000f860                rfree
                0x00000000c000f870                calloc
 .text          0x00000000c000f89a      0x485 core/main.32
                0x00000000c000f89a                hwTextMode_loadInData(VgaText*)
                0x00000000c000f8e5                hwTextMode_loadInTitle(VgaText*, char*)
                0x00000000c000f963                hwTextMode_showCursor(VgaText*, bool)
                0x00000000c000f9c1                hwTextMode_update(VgaText*)
                0x00000000c000f9c2                hwTextMode_updateCursor(VgaText*)
                0x00000000c000fa13                hwTextMode_disableBlink(VgaText*, bool)
                0x00000000c000fa59                hwTextMode_scrollScreen(VgaText*)
                0x00000000c000fb06                hwTextMode_writeCharacter(VgaText*, char, VgaColour, VgaColour, int, int)
                0x00000000c000fb88                setupTextMode()
                0x00000000c000fbf8                kernel_main
 .text          0x00000000c000fd1f      0x5ff core/physmgr.32
                0x00000000c000fd1f                Phys::allocateDMA(unsigned long)
                0x00000000c000fdc2                Phys::freeDMA(unsigned long, unsigned long)
                0x00000000c000fe0a                Phys::setPageState(unsigned long, bool)
                0x00000000c000fe3c                Phys::getPageState(unsigned long)
                0x00000000c000fe58                Phys::freePage(unsigned long)
                0x00000000c000fee2                Phys::allocatePage()
                0x00000000c001005c                Phys::allocateContiguousPages(int)
                0x00000000c00100b6                Phys::allowSegmentToBeUsed(unsigned long, unsigned long)
                0x00000000c00100ee                Phys::physicalMemorySetup(unsigned int)
 .text          0x00000000c001031e      0x273 core/pipe.32
                0x00000000c001031e                Pipe::isAtty()
                0x00000000c0010322                Pipe::~Pipe()
                0x00000000c0010322                Pipe::~Pipe()
                0x00000000c0010346                Pipe::~Pipe()
                0x00000000c001036e                Pipe::read(unsigned long long, void*, int*)
                0x00000000c0010462                Pipe::write(unsigned long long, void*, int*)
                0x00000000c001052a                Pipe::Pipe(int)
                0x00000000c001052a                Pipe::Pipe(int)
 *fill*         0x00000000c0010591        0x1 
 .text          0x00000000c0010592      0xf73 core/terminal.32
                0x00000000c0010592                VgaText::isAtty()
                0x00000000c0010596                VgaText::~VgaText()
                0x00000000c0010596                VgaText::~VgaText()
                0x00000000c00105ba                VgaText::~VgaText()
                0x00000000c00105e4                VgaText::read(unsigned long long, void*, int*)
                0x00000000c0010604                setTerminalScrollLock(bool)
                0x00000000c0010605                addToTerminalCycle(VgaText*)
                0x00000000c0010632                installVgaTextImplementation()
                0x00000000c0010647                scrollTerminalScrollLock(int)
                0x00000000c0010648                VgaText::load()
                0x00000000c001069c                VgaText::updateCursor()
                0x00000000c00106b6                VgaText::showCursor(bool)
                0x00000000c00106c6                VgaText::disableBlink(bool)
                0x00000000c0010700                VgaText::doANSI_SGR(int)
                0x00000000c001078c                VgaText::setDefaultBgColour(VgaColour)
                0x00000000c00107a2                VgaText::setDefaultFgColour(VgaColour)
                0x00000000c00107b8                VgaText::setDefaultColours(VgaColour, VgaColour)
                0x00000000c00107d8                VgaText::combineColours(unsigned char, unsigned char)
                0x00000000c00107ea                VgaText::scrollScreen()
                0x00000000c001087e                VgaText::combineCharAndColour(char, unsigned char)
                0x00000000c0010890                VgaText::writeCharacter(char, VgaColour, VgaColour, int, int)
                0x00000000c00108f0                VgaText::getCursorX()
                0x00000000c00108fc                VgaText::getCursorY()
                0x00000000c0010908                VgaText::setCursor(int, int)
                0x00000000c0010926                VgaText::setCursorX(int)
                0x00000000c0010942                VgaText::setCursorY(int)
                0x00000000c001095e                VgaText::incrementCursor(bool)
                0x00000000c00109c6                VgaText::updateRAMUsageDisplay(int)
                0x00000000c0010a2a                VgaText::updateDiskUsage()
                0x00000000c0010b94                VgaText::updateTitle()
                0x00000000c0010bda                VgaText::setTitleTextColour(VgaColour)
                0x00000000c0010bea                VgaText::setTitleColour(VgaColour)
                0x00000000c0010bfa                VgaText::setTitle(char*)
                0x00000000c0010c20                VgaText::decrementCursor(bool)
                0x00000000c0010c48                VgaText::putchar(char, VgaColour, VgaColour)
                0x00000000c0010d44                VgaText::isShowingCursor()
                0x00000000c0010d50                VgaText::isBlinkDisabled()
                0x00000000c0010d5e                VgaText::setCursorHeight(int)
                0x00000000c0010d7c                VgaText::getCursorHeight()
                0x00000000c0010d87                setActiveTerminal(VgaText*)
                0x00000000c0010e39                doTerminalCycle()
                0x00000000c0010e56                VgaText::doUpdate()
                0x00000000c0010e68                VgaText::puts(char const*, VgaColour, VgaColour)
                0x00000000c0011028                VgaText::clearScreen()
                0x00000000c001108c                VgaText::putchar(char)
                0x00000000c00111a6                VgaText::puts(char const*)
                0x00000000c00111cc                VgaText::putx(unsigned int)
                0x00000000c0011212                VgaText::VgaText(char const*)
                0x00000000c0011212                VgaText::VgaText(char const*)
                0x00000000c00113a4                VgaText::receiveKey(unsigned char)
                0x00000000c001148c                VgaText::write(unsigned long long, void*, int*)
                0x00000000c00114e0                newTerminal(char*)
 *fill*         0x00000000c0011505        0x1 
 .text          0x00000000c0011506      0x1b3 core/tss.32
                0x00000000c0011506                TSS::TSS()
                0x00000000c0011506                TSS::TSS()
                0x00000000c0011514                TSS::setESP(unsigned long)
                0x00000000c0011526                TSS::flush()
                0x00000000c0011546                TSS::setup(unsigned long, unsigned long)
 *fill*         0x00000000c00116b9        0x1 
 .text          0x00000000c00116ba      0x4c2 core/unixfile.32
                0x00000000c00116ba                ReservedFilename::read(unsigned long long, void*, int*)
                0x00000000c0011710                ReservedFilename::isAtty()
                0x00000000c001172c                ReservedFilename::write(unsigned long long, void*, int*)
                0x00000000c001178a                UnixFile::getFileDescriptor()
                0x00000000c0011792                UnixFile::UnixFile(int)
                0x00000000c0011792                UnixFile::UnixFile(int)
                0x00000000c0011942                ReservedFilename::ReservedFilename(int)
                0x00000000c0011942                ReservedFilename::ReservedFilename(int)
                0x00000000c0011974                UnixFile::~UnixFile()
                0x00000000c0011974                UnixFile::~UnixFile()
                0x00000000c0011a0c                UnixFile::~UnixFile()
                0x00000000c0011a34                ReservedFilename::~ReservedFilename()
                0x00000000c0011a34                ReservedFilename::~ReservedFilename()
                0x00000000c0011a58                ReservedFilename::~ReservedFilename()
                0x00000000c0011a7f                getFromFileDescriptor(int)
 .text          0x00000000c0011b7c     0x1226 core/virtmgr.32
                0x00000000c0011b7c                Virt::setPageState(unsigned long, Virt::VirtPageState)
                0x00000000c0011bb1                Virt::getPageState(unsigned long)
                0x00000000c0011bd5                Virt::allocateKernelVirtualPages(int)
                0x00000000c0011ce6                Virt::freeSwapfilePage(unsigned long)
                0x00000000c0011d04                Virt::swapIDToSector(unsigned long)
                0x00000000c0011d16                Virt::allocateSwapfilePage()
                0x00000000c0011d62                Virt::virtualMemorySetup()
                0x00000000c0011de1                Virt::swappingSetup()
                0x00000000c0011e3e                Virt::getAKernelVAS()
                0x00000000c0011e44                Virt::setupPageSwapping(int)
                0x00000000c0011f74                VAS::VAS()
                0x00000000c0011f74                VAS::VAS()
                0x00000000c0011fa4                VAS::VAS(VAS*)
                0x00000000c0011fa4                VAS::VAS(VAS*)
                0x00000000c0011fc8                VAS::getForeignPageTableEntry(bool, unsigned long)
                0x00000000c0011ff4                VAS::getPageTableEntry(unsigned long)
                0x00000000c0012013                Virt::freeKernelVirtualPages(unsigned long)
                0x00000000c0012136                VAS::freeAllocatedPages(unsigned long)
                0x00000000c001215a                VAS::virtualToPhysical(unsigned long)
                0x00000000c0012172                VAS::reflagRange(unsigned long, int, int, int)
                0x00000000c00121b2                VAS::setToWriteCombining(unsigned long, int)
                0x00000000c00121e4                VAS::mapOtherVASIn(bool, VAS*)
                0x00000000c001220e                VAS::~VAS()
                0x00000000c001220e                VAS::~VAS()
                0x00000000c001237a                VAS::mapPage(unsigned long, unsigned long, int)
                0x00000000c001247a                VAS::allocatePages(int, int)
                0x00000000c0012652                VAS::setCPUSpecific(unsigned long)
                0x00000000c001266e                VAS::mapRange(unsigned long, unsigned long, int, int)
                0x00000000c0012734                VAS::mapForeignPage(bool, VAS*, unsigned long, unsigned long, int)
                0x00000000c0012822                VAS::VAS(bool)
                0x00000000c0012822                VAS::VAS(bool)
                0x00000000c0012a7e                VAS::evict(unsigned long)
                0x00000000c0012b12                VAS::tryLoadBackOffDisk(unsigned long)
                0x00000000c0012be2                VAS::scanForEviction(int, int)
                0x00000000c0012ce6                mapVASFirstTime
 .text          0x00000000c0012da2       0x95 coreobjs/c++.32
                0x00000000c0012da2                __cxa_atexit
                0x00000000c0012da5                __cxa_finalize
                0x00000000c0012da6                __stack_chk_fail
                0x00000000c0012e12                __cxa_pure_virtual
                0x00000000c0012e23                operator new[](unsigned long)
                0x00000000c0012e28                operator delete(void*, unsigned long)
                0x00000000c0012e2d                operator delete[](void*)
                0x00000000c0012e32                operator delete[](void*, unsigned long)
 .text          0x00000000c0012e37      0x1ef dbg/kconsole.32
                0x00000000c0012e37                Dbg::stringifyxWithBase(unsigned int, char*, int)
                0x00000000c0012e98                Dbg::logc(char)
                0x00000000c0012eaf                Dbg::logs(char*)
                0x00000000c0012ecc                Dbg::logWriteInt(unsigned int)
                0x00000000c0012ee9                Dbg::logWriteIntBase(unsigned int, int)
                0x00000000c0012f08                Dbg::kprintf(char const*, ...)
 .text          0x00000000c0013026      0xb7c fs/vfs.32
                0x00000000c0013026                File::read(unsigned long long, void*, int*)
                0x00000000c001307e                File::write(unsigned long long, void*, int*)
                0x00000000c00130d6                Directory::read(unsigned long long, void*, int*)
                0x00000000c001312e                Directory::write(unsigned long long, void*, int*)
                0x00000000c001315c                File::isAtty()
                0x00000000c0013160                Directory::isAtty()
                0x00000000c0013164                Filesystem::getlabel(LogicalDisk*, int, char*, unsigned int*)
                0x00000000c001316a                Filesystem::setlabel(LogicalDisk*, int, char*)
                0x00000000c0013170                File::~File()
                0x00000000c0013170                File::~File()
                0x00000000c0013194                File::~File()
                0x00000000c00131be                Directory::~Directory()
                0x00000000c00131be                Directory::~Directory()
                0x00000000c00131e2                Directory::~Directory()
                0x00000000c001320c                Filesystem::Filesystem()
                0x00000000c001320c                Filesystem::Filesystem()
                0x00000000c0013230                Filesystem::~Filesystem()
                0x00000000c0013230                Filesystem::~Filesystem()
                0x00000000c001323e                Filesystem::~Filesystem()
                0x00000000c0013262                Fs::getcwd(Process*, char*, int)
                0x00000000c001328c                Fs::initVFS()
                0x00000000c00132b6                Fs::standardiseFiles(char*, char const*, char const*)
                0x00000000c0013460                File::File(char const*, Process*)
                0x00000000c0013460                File::File(char const*, Process*)
                0x00000000c00134c4                File::open(FileOpenMode)
                0x00000000c0013522                File::close()
                0x00000000c0013582                File::seek(unsigned long long)
                0x00000000c00135d8                File::tell(unsigned long long*)
                0x00000000c0013628                File::rewind()
                0x00000000c001363c                File::unlink()
                0x00000000c0013688                File::rename(char const*)
                0x00000000c00136d6                File::chfatattr(unsigned char, unsigned char)
                0x00000000c0013732                File::exists()
                0x00000000c0013770                File::stat(unsigned long long*, bool*)
                0x00000000c00137d1                Fs::setcwd(Process*, char*)
                0x00000000c001390c                Directory::Directory(char const*, Process*)
                0x00000000c001390c                Directory::Directory(char const*, Process*)
                0x00000000c0013970                Directory::open()
                0x00000000c00139cc                Directory::close()
                0x00000000c0013a2c                Directory::unlink()
                0x00000000c0013a78                Directory::rename(char const*)
                0x00000000c0013ac6                Directory::exists()
                0x00000000c0013b04                Directory::read(dirent*)
                0x00000000c0013b50                Directory::create()
                0x00000000c0013b9c                Filesystem::chfatattr(char const*, unsigned char, unsigned char)
 .text          0x00000000c0013ba2       0x84 hal/bus.32
                0x00000000c0013ba2                Bus::Bus(char const*)
                0x00000000c0013ba2                Bus::Bus(char const*)
                0x00000000c0013bd8                Bus::~Bus()
                0x00000000c0013bd8                Bus::~Bus()
                0x00000000c0013bfc                Bus::~Bus()
 .text          0x00000000c0013c26      0x14e hal/buzzer.32
                0x00000000c0013c26                Buzzer::Buzzer(char const*)
                0x00000000c0013c26                Buzzer::Buzzer(char const*)
                0x00000000c0013c6a                Buzzer::~Buzzer()
                0x00000000c0013c6a                Buzzer::~Buzzer()
                0x00000000c0013c8e                Buzzer::~Buzzer()
                0x00000000c0013cb8                Buzzer::stop()
                0x00000000c0013ccb                beepThread(void*)
                0x00000000c0013d06                Buzzer::beep(int, int, bool)
 .text          0x00000000c0013d74      0x467 hal/clock.32
                0x00000000c0013d74                User::loadClockSettings(int)
                0x00000000c0013dc6                Clock::Clock(char const*)
                0x00000000c0013dc6                Clock::Clock(char const*)
                0x00000000c0013dfc                Clock::~Clock()
                0x00000000c0013dfc                Clock::~Clock()
                0x00000000c0013e20                Clock::~Clock()
                0x00000000c0013e4a                Clock::timeInSecondsLocal()
                0x00000000c0013e92                Clock::setTimeInSecondsLocal(unsigned long long)
                0x00000000c0013eeb                datetimeToSeconds(datetime_t)
                0x00000000c0014012                Clock::setTimeInDatetimeLocal(datetime_t)
                0x00000000c0014072                secondsToDatetime(unsigned long long)
                0x00000000c00141b6                Clock::timeInDatetimeLocal()
 *fill*         0x00000000c00141db        0x1 
 .text          0x00000000c00141dc      0x4de hal/device.32
                0x00000000c00141dc                Device::hibernate()
                0x00000000c00141de                Device::wake()
                0x00000000c00141e0                Device::detect()
                0x00000000c00141e2                Device::disableLegacy()
                0x00000000c00141e4                Device::powerSaving(PowerSavingLevel)
                0x00000000c00141e6                DriverlessDevice::close(int, int, void*)
                0x00000000c00141ea                DriverlessDevice::detect()
                0x00000000c00141ec                DriverlessDevice::open(int, int, void*)
                0x00000000c0014200                Device::~Device()
                0x00000000c0014200                Device::~Device()
                0x00000000c001420e                Device::~Device()
                0x00000000c0014236                Device::findAndLoadDriver()
                0x00000000c0014238                Device::preOpenPCI(PCIDeviceInfo)
                0x00000000c001425e                Device::preOpenACPI(void*, char*, char*)
                0x00000000c00142b2                Device::addIRQHandler(int, void (*)(regs*, void*), bool, void*)
                0x00000000c00142f0                Device::removeIRQHandler(int, void (*)(regs*, void*), bool)
                0x00000000c001432e                Device::addChild(Device*)
                0x00000000c0014372                Device::removeAllChildren()
                0x00000000c00143b8                Device::hibernateAll()
                0x00000000c00143e8                Device::wakeAll()
                0x00000000c0014418                Device::detectAll()
                0x00000000c0014448                Device::disableLegacyAll()
                0x00000000c0014478                Device::loadDriversForAll()
                0x00000000c00144a4                Device::closeAll()
                0x00000000c00144da                Device::powerSavingAll(PowerSavingLevel)
                0x00000000c0014510                Device::setName(char const*)
                0x00000000c001451e                Device::Device(char const*)
                0x00000000c001451e                Device::Device(char const*)
                0x00000000c001461a                Device::getName()
                0x00000000c0014624                DriverlessDevice::DriverlessDevice(char const*)
                0x00000000c0014624                DriverlessDevice::DriverlessDevice(char const*)
                0x00000000c001464c                Device::addToLinkedList(LinkedList<Device>&, DeviceType)
                0x00000000c0014690                getDevicesOfType(DeviceType)
 .text          0x00000000c00146ba       0x84 hal/diskctrl.32
                0x00000000c00146ba                HardDiskController::HardDiskController(char const*)
                0x00000000c00146ba                HardDiskController::HardDiskController(char const*)
                0x00000000c00146f0                HardDiskController::~HardDiskController()
                0x00000000c00146f0                HardDiskController::~HardDiskController()
                0x00000000c0014714                HardDiskController::~HardDiskController()
 .text          0x00000000c001473e       0xf2 hal/diskphys.32
                0x00000000c001473e                PhysicalDisk::eject()
                0x00000000c0014752                PhysicalDisk::PhysicalDisk(char const*, int)
                0x00000000c0014752                PhysicalDisk::PhysicalDisk(char const*, int)
                0x00000000c00147ba                PhysicalDisk::startCache()
                0x00000000c00147e2                PhysicalDisk::~PhysicalDisk()
                0x00000000c00147e2                PhysicalDisk::~PhysicalDisk()
                0x00000000c0014806                PhysicalDisk::~PhysicalDisk()
 .text          0x00000000c0014830      0x13b hal/fpu.32
                0x00000000c0014830                FPU::FPU(char const*)
                0x00000000c0014830                FPU::FPU(char const*)
                0x00000000c0014866                FPU::~FPU()
                0x00000000c0014866                FPU::~FPU()
                0x00000000c001488a                FPU::~FPU()
                0x00000000c00148b4                setupFPU()
 *fill*         0x00000000c001496b        0x1 
 .text          0x00000000c001496c     0x13a7 hal/intctrl.32
                0x00000000c001496c                InterruptController::uninstallISRHandler(int, void (*)(regs*, void*))
                0x00000000c00149a4                InterruptController::installISRHandler(int, void (*)(regs*, void*), void*)
                0x00000000c00149f6                doubleFault(regs*, void*)
                0x00000000c0014a10                InterruptController::installIRQHandler(int, void (*)(regs*, void*), bool, void*)
                0x00000000c0014aac                InterruptController::clearAllHandlers(int, bool)
                0x00000000c0014b54                InterruptController::uninstallIRQHandler(int, void (*)(regs*, void*), bool)
                0x00000000c0014bdb                nmiHandler(regs*, void*)
                0x00000000c0014be9                int_handler
                0x00000000c0014c8a                InterruptController::InterruptController(char const*)
                0x00000000c0014c8a                InterruptController::InterruptController(char const*)
                0x00000000c0014d30                InterruptController::~InterruptController()
                0x00000000c0014d30                InterruptController::~InterruptController()
                0x00000000c0014d54                InterruptController::~InterruptController()
                0x00000000c0014d7e                displayDebugInfo(regs*)
                0x00000000c001520d                x87EmulHandler(regs*, void*)
                0x00000000c001523c                gpFault(regs*, void*)
                0x00000000c0015275                pgFault(regs*, void*)
                0x00000000c00152b2                otherISRHandler(regs*, void*)
                0x00000000c00152d1                opcodeFault(regs*, void*)
                0x00000000c00158d7                displayProgramFault(char const*)
                0x00000000c00158ff                setupInterruptController()
                0x00000000c0015cc6                InterruptController::convertLegacyIRQNumber(int)
 *fill*         0x00000000c0015d13        0x1 
 .text          0x00000000c0015d14      0x6c8 hal/keybrd.32
                0x00000000c0015d14                startGUI(void*)
                0x00000000c0015d70                startGUIVESA(void*)
                0x00000000c0015dcc                sendKeyToTerminal(unsigned char)
                0x00000000c0015e38                sendKeyboardToken(KeyboardToken)
                0x00000000c0016275                clearInternalKeybuffer(VgaText*)
                0x00000000c00162aa                readKeyboard(VgaText*, char*, unsigned long)
                0x00000000c0016352                Keyboard::Keyboard(char const*)
                0x00000000c0016352                Keyboard::Keyboard(char const*)
                0x00000000c001638e                Keyboard::~Keyboard()
                0x00000000c001638e                Keyboard::~Keyboard()
                0x00000000c00163b2                Keyboard::~Keyboard()
 .text          0x00000000c00163dc      0x414 hal/logidisk.32
                0x00000000c00163dc                LogicalDisk::close(int, int, void*)
                0x00000000c00163e0                LogicalDisk::~LogicalDisk()
                0x00000000c00163e0                LogicalDisk::~LogicalDisk()
                0x00000000c0016404                LogicalDisk::~LogicalDisk()
                0x00000000c001642e                LogicalDisk::open(int, int, void*)
                0x00000000c0016442                LogicalDisk::absoluteToRelative(unsigned long long)
                0x00000000c001647a                LogicalDisk::relativeToAbsolute(unsigned long long)
                0x00000000c00164c0                LogicalDisk::LogicalDisk(char const*, PhysicalDisk*, unsigned long long, unsigned long long)
                0x00000000c00164c0                LogicalDisk::LogicalDisk(char const*, PhysicalDisk*, unsigned long long, unsigned long long)
                0x00000000c0016576                LogicalDisk::assignDriveLetter()
                0x00000000c001662c                LogicalDisk::mount()
                0x00000000c001669e                LogicalDisk::unmount()
                0x00000000c00166ae                LogicalDisk::eject()
                0x00000000c00166c2                LogicalDisk::unassignDriveLetter()
                0x00000000c0016718                LogicalDisk::read(unsigned long long, int, void*)
                0x00000000c0016784                LogicalDisk::write(unsigned long long, int, void*)
 .text          0x00000000c00167f0       0x84 hal/mouse.32
                0x00000000c00167f0                Mouse::Mouse(char const*)
                0x00000000c00167f0                Mouse::Mouse(char const*)
                0x00000000c0016826                Mouse::~Mouse()
                0x00000000c0016826                Mouse::~Mouse()
                0x00000000c001684a                Mouse::~Mouse()
 .text          0x00000000c0016874      0x34d hal/partition.32
                0x00000000c0016874                makePartition(PhysicalDisk*, unsigned long long, unsigned long long)
                0x00000000c0016930                createPartitionsForDisk(PhysicalDisk*)
 *fill*         0x00000000c0016bc1        0x1 
 .text          0x00000000c0016bc2       0x84 hal/serial.32
                0x00000000c0016bc2                Serial::Serial(char const*)
                0x00000000c0016bc2                Serial::Serial(char const*)
                0x00000000c0016bf8                Serial::~Serial()
                0x00000000c0016bf8                Serial::~Serial()
                0x00000000c0016c1c                Serial::~Serial()
 .text          0x00000000c0016c46      0x2b8 hal/timer.32
                0x00000000c0016c46                Timer::Timer(char const*)
                0x00000000c0016c46                Timer::Timer(char const*)
                0x00000000c0016c7c                Timer::~Timer()
                0x00000000c0016c7c                Timer::~Timer()
                0x00000000c0016ca0                Timer::~Timer()
                0x00000000c0016cca                Timer::read()
                0x00000000c0016cd5                timerHandler(unsigned long long)
                0x00000000c0016e0c                setupTimer(int)
 .text          0x00000000c0016efe      0x425 hal/vcache.32
                0x00000000c0016efe                VCache::VCache(PhysicalDisk*)
                0x00000000c0016efe                VCache::VCache(PhysicalDisk*)
                0x00000000c0017066                VCache::invalidateReadBuffer()
                0x00000000c0017076                VCache::writeWriteBuffer()
                0x00000000c00170b2                VCache::~VCache()
                0x00000000c00170b2                VCache::~VCache()
                0x00000000c0017106                VCache::~VCache()
                0x00000000c001712e                VCache::write(unsigned long long, int, void*)
                0x00000000c0017224                VCache::read(unsigned long long, int, void*)
 *fill*         0x00000000c0017323        0x1 
 .text          0x00000000c0017324      0x4cd hal/video.32
                0x00000000c0017324                Video::putrect(int, int, int, int, unsigned int)
                0x00000000c0017370                Video::bitblit(int, int, int, int, int, int, int, unsigned int*)
                0x00000000c00173e0                Video::blit(unsigned int*, int, int, int, int)
                0x00000000c001745e                Video::clearScreen(unsigned int)
                0x00000000c0017492                Video::putpixel(int, int, unsigned int)
                0x00000000c00174a0                Video::Video(char const*)
                0x00000000c00174a0                Video::Video(char const*)
                0x00000000c00174d6                Video::~Video()
                0x00000000c00174d6                Video::~Video()
                0x00000000c00174fa                Video::~Video()
                0x00000000c0017524                Video::isMonochrome()
                0x00000000c0017530                Video::getWidth()
                0x00000000c001753c                Video::getHeight()
                0x00000000c0017548                Video::drawCursor(int, int, unsigned char*, int)
                0x00000000c0017604                Video::tgaParse(unsigned char*, int, int*, int*)
                0x00000000c0017786                Video::putTGA(int, int, unsigned char*, int)
 *fill*         0x00000000c00177f1        0x1 
 .text          0x00000000c00177f2      0xf64 hw/acpi.32
                0x00000000c00177f2                ACPI::close(int, int, void*)
                0x00000000c00178a7                findRSDP()
                0x00000000c0017931                loadACPITables(unsigned char*)
                0x00000000c0017b58                findRSDT(unsigned char*)
                0x00000000c0017c76                findDataTable(unsigned char*, char*)
                0x00000000c0017d12                scanMADT()
                0x00000000c0018198                ACPI::ACPI()
                0x00000000c0018198                ACPI::ACPI()
                0x00000000c0018202                ACPI::getPCIIRQAssignment(unsigned char, unsigned short, unsigned char)
                0x00000000c00182e4                ACPI::registerPCIIRQAssignment(void*, unsigned short, unsigned char, unsigned char)
                0x00000000c00183aa                ACPI::setScreenBrightnessLevel(void*, int)
                0x00000000c00183b0                ACPI::writeSimpleBootFlag(SimpleBootFlagTable*)
                0x00000000c00183f8                ACPI::open(int, int, void*)
                0x00000000c001873e                ACPI::sleep()
 .text          0x00000000c0018756     0x1715 hw/cpu.32
                0x00000000c0018756                CPU::close(int, int, void*)
                0x00000000c001875a                CPU::lookupAMDName(unsigned char, unsigned char)
                0x00000000c00188ee                CPU::lookupIntelName(unsigned char, unsigned char)
                0x00000000c0018b9c                CPU::AMD_K6_write_msr(unsigned int, unsigned int, unsigned int, CPU::REGS*)
                0x00000000c0018bb8                CPU::AMD_K6_read_msr(unsigned int, CPU::REGS*)
                0x00000000c0018bd0                CPU::AMD_K6_writeback(int, int, int)
                0x00000000c0018c44                CPU::cpuid(int, unsigned long*, unsigned long*, unsigned long*, unsigned long*)
                0x00000000c0018cc8                CPU::cpuidCheckEDX(unsigned int)
                0x00000000c0018cf6                CPU::cpuidCheckECX(unsigned int)
                0x00000000c0018d24                CPU::cpuidCheckExtendedEBX(unsigned int)
                0x00000000c0018d52                CPU::cpuidCheckExtendedECX(unsigned int)
                0x00000000c0018d80                CPU::CPU()
                0x00000000c0018d80                CPU::CPU()
                0x00000000c0018e0e                CPU::displayFeatures()
                0x00000000c001908a                CPU::detectFeatures()
                0x00000000c0019a7a                CPU::setupSMEP()
                0x00000000c0019a86                CPU::setupUMIP()
                0x00000000c0019a90                CPU::setupTSC()
                0x00000000c0019a9a                CPU::setupLargePages()
                0x00000000c0019aa4                CPU::setupPAT()
                0x00000000c0019ae0                CPU::setupMTRR()
                0x00000000c0019ae2                CPU::setupGlobalPages()
                0x00000000c0019aec                CPU::allowUsermodeDataAccess()
                0x00000000c0019afe                CPU::prohibitUsermodeDataAccess()
                0x00000000c0019b10                CPU::setupSMAP()
                0x00000000c0019b1e                CPU::setupFeatures()
                0x00000000c0019b9e                CPU::open(int, int, void*)
                0x00000000c0019c70                CPU::decodeAddress(regs*, int*, bool*, unsigned char*)
 .text          0x00000000c0019e6b        0x0 hw/ports.32
 .text          0x00000000c0019e6b      0x16a hw/smp.32
                0x00000000c0019e6b                Krnl::smpEntry()
                0x00000000c0019e6d                Krnl::startCPU(int)
                0x00000000c0019fb6                Krnl::startCPUs()
 *fill*         0x00000000c0019fd5        0x1 
 .text          0x00000000c0019fd6      0x5d3 krnl/env.32
                0x00000000c0019fd6                EnvVarContainer::getEnv(char const*)
                0x00000000c001a014                EnvVarContainer::setEnv(char const*, char const*)
                0x00000000c001a0e0                EnvVarContainer::deleteEnv(char const*)
                0x00000000c001a0e2                EnvVarContainer::loadFrom(char const*, char const*)
                0x00000000c001a2d8                EnvVarContainer::__loadSystem()
                0x00000000c001a2f2                EnvVarContainer::__loadUser()
                0x00000000c001a2f4                EnvVarContainer::EnvVarContainer(Process*)
                0x00000000c001a2f4                EnvVarContainer::EnvVarContainer(Process*)
                0x00000000c001a316                EnvVarContainer::~EnvVarContainer()
                0x00000000c001a316                EnvVarContainer::~EnvVarContainer()
                0x00000000c001a346                Krnl::getEnv(Process*, char const*)
                0x00000000c001a3ab                Krnl::setEnvSystem(char const*, char const*)
                0x00000000c001a3c5                Krnl::setEnvUser(char const*, char const*)
                0x00000000c001a3e4                Krnl::setEnvProcess(Process*, char const*, char const*)
                0x00000000c001a3f7                Krnl::deleteEnvSystem(char const*)
                0x00000000c001a3f8                Krnl::deleteEnvUser(char const*)
                0x00000000c001a3f9                Krnl::deleteEnvProcess(Process*, char const*)
                0x00000000c001a3fa                Krnl::newProcessEnv(Process*)
                0x00000000c001a41c                Krnl::copyProcessEnv(Process*, Process*)
                0x00000000c001a470                Krnl::loadSystemEnv()
                0x00000000c001a49e                Krnl::loadUserEnv()
                0x00000000c001a4c4                Krnl::flushEnv()
                0x00000000c001a4c5                Krnl::getProcessTotalEnvCount(Process*)
                0x00000000c001a4e5                Krnl::getProcessEnvPair(Process*, int)
 .text          0x00000000c001a5a9      0x396 krnl/panic.32
                0x00000000c001a5a9                Krnl::panic(char const*)
 .text          0x00000000c001a93f      0x3b6 net/ethernet.32
                0x00000000c001a93f                Net::switchEndian16(unsigned short)
                0x00000000c001a960                Net::switchEndian32(unsigned int)
                0x00000000c001a98f                Net::crc32Calc(unsigned char*, int)
                0x00000000c001aa20                Net::wrapEthernetFrame(Net::UnwrappedEthernetFrame, unsigned char*)
                0x00000000c001ab5c                Net::unwrapEthernetFrame(unsigned char*, int)
 .text          0x00000000c001acf5      0x513 reg/registry.32
                0x00000000c001acf5                Reg::findLineFromLoadedData(char*, char*, char*)
                0x00000000c001ae4d                Reg::getLineFromRegistry(char*, char*, char*, char*)
                0x00000000c001afa2                Reg::getLine(char*, char*, char*)
                0x00000000c001afd9                Reg::readInt(char*, char*, int*)
                0x00000000c001b0c4                Reg::readString(char*, char*, char*, int)
                0x00000000c001b145                Reg::readBool(char*, char*, bool*)
                0x00000000c001b16a                Reg::readBoolWithDefault(char*, char*, bool)
                0x00000000c001b196                Reg::readIntWithDefault(char*, char*, int)
                0x00000000c001b1c2                Reg::readStringWithDefault(char*, char*, char*, int, char*)
 .text          0x00000000c001b208       0x36 sys/sc_eject.32
                0x00000000c001b208                Sys::eject(regs*)
 .text          0x00000000c001b23e       0x18 sys/sc_exit.32
                0x00000000c001b23e                Sys::exit(regs*)
 .text          0x00000000c001b256       0x1f sys/sc_getcwd.32
                0x00000000c001b256                Sys::getCwd(regs*)
 .text          0x00000000c001b275        0xc sys/sc_getpid.32
                0x00000000c001b275                Sys::getPID(regs*)
 .text          0x00000000c001b281       0x17 sys/sc_getramdata.32
                0x00000000c001b281                Sys::getRAMData(regs*)
 .text          0x00000000c001b298       0xa8 sys/sc_loaddll.32
                0x00000000c001b298                Sys::loadDLL(regs*)
 .text          0x00000000c001b340       0x68 sys/sc_read.32
                0x00000000c001b340                Sys::read(regs*)
 .text          0x00000000c001b3a8       0x9f sys/sc_sbrk.32
                0x00000000c001b3a8                Sys::sbrk(regs*)
 .text          0x00000000c001b447       0x1c sys/sc_setcwd.32
                0x00000000c001b447                Sys::setCwd(regs*)
 .text          0x00000000c001b463      0x128 sys/sc_settime.32
                0x00000000c001b463                Sys::setTime(regs*)
 .text          0x00000000c001b58b       0x4a sys/sc_timezone.32
                0x00000000c001b58b                Sys::timezone(regs*)
 .text          0x00000000c001b5d5       0x68 sys/sc_write.32
                0x00000000c001b5d5                Sys::write(regs*)
 .text          0x00000000c001b63d       0x62 sys/sc_wsbe.32
                0x00000000c001b63d                Sys::wsbe(regs*)
 .text          0x00000000c001b69f       0x3b sys/sc_yield.32
                0x00000000c001b69f                Sys::yield(regs*)
 .text          0x00000000c001b6da     0x10e5 sys/syscalls.32
                0x00000000c001b6da                sysCallSeekDir(regs*)
                0x00000000c001b6df                sysCallTellDir(regs*)
                0x00000000c001b6e4                sysCallVerify(regs*)
                0x00000000c001b6ee                sysFormatDisk(regs*)
                0x00000000c001b758                sysSetDiskVolumeLabel(regs*)
                0x00000000c001b79e                sysGetDiskVolumeLabel(regs*)
                0x00000000c001b7ef                sysShutdown(regs*)
                0x00000000c001b84d                sysCallRealpath(regs*)
                0x00000000c001b890                sysCallGetArgc(regs*)
                0x00000000c001b8be                sysCallReadDir(regs*)
                0x00000000c001b94c                sysCallIsATTY(regs*)
                0x00000000c001b9a6                sysCallSeek(regs*)
                0x00000000c001ba0f                sysCallTell(regs*)
                0x00000000c001ba8c                sysCallSize(regs*)
                0x00000000c001bb0f                sysCallSizeFromFilename(regs*)
                0x00000000c001bbcf                sysCallClose(regs*)
                0x00000000c001bc57                sysCallOpenDir(regs*)
                0x00000000c001bccc                sysCallCloseDir(regs*)
                0x00000000c001bd32                sysCallMakeDir(regs*)
                0x00000000c001bda2                sysCallWait(regs*)
                0x00000000c001bdbc                sysCallNotImpl(regs*)
                0x00000000c001bdd7                sysPanic(regs*)
                0x00000000c001bdfd                sysCallRmdir(regs*)
                0x00000000c001be61                sysCallUnlink(regs*)
                0x00000000c001bec5                sysCallGetArgv(regs*)
                0x00000000c001bf11                sysCallTTYName(regs*)
                0x00000000c001bf94                sysCallUSleep(regs*)
                0x00000000c001bfbb                sysCallSpawn(regs*)
                0x00000000c001c013                sysCallGetEnv(regs*)
                0x00000000c001c14b                sysAppSettings(regs*)
                0x00000000c001c26a                sysSetFatAttrib(regs*)
                0x00000000c001c2dc                sysPipe(regs*)
                0x00000000c001c321                sysGetUnixTime(regs*)
                0x00000000c001c335                string_ends_with(char const*, char const*)
                0x00000000c001c37d                sysCallOpen(regs*)
                0x00000000c001c592                Sys::loadSyscalls()
                0x00000000c001c77d                Sys::systemCall(regs*, void*)
 .text          0x00000000c001c7bf     0x11d4 thr/elf.32
                0x00000000c001c7bf                Thr::allocateMemoryForTask(Process*, File*, unsigned long, unsigned long, unsigned long)
                0x00000000c001ca51                Thr::loadProgramIntoMemory(Process*, char const*)
                0x00000000c001cc67                Thr::runtimeReferenceHelper()
                0x00000000c001cc7a                Thr::getAddressOfKernelSymbol(char const*)
                0x00000000c001ccc9                Thr::loadKernelSymbolTable(char const*)
                0x00000000c001cf87                Thr::loadDriverIntoMemory(char const*, unsigned long, bool)
                0x00000000c001d6a3                Thr::getDriverBaseFromAddress(unsigned long)
                0x00000000c001d6d5                Thr::getDriverNameFromAddress(unsigned long)
                0x00000000c001d70c                Thr::getDriverOffsetFromAddress(unsigned long)
                0x00000000c001d726                Thr::loadDLL(char const*, bool)
                0x00000000c001d95a                Thr::executeDLL(unsigned long, void*)
 *fill*         0x00000000c001d993        0x1 
 .text          0x00000000c001d994     0x1056 thr/prcssthr.32
                0x00000000c001d994                changeTSS
                0x00000000c001d9c4                Process::addArgs(char**)
                0x00000000c001da1e                Process::Process(char const*, Process*, char**)
                0x00000000c001da1e                Process::Process(char const*, Process*, char**)
                0x00000000c001dc02                Process::Process(bool, char const*, Process*, char**)
                0x00000000c001dc02                Process::Process(bool, char const*, Process*, char**)
                0x00000000c001ddb1                disableIRQs()
                0x00000000c001ddb9                getIRQNestingLevel()
                0x00000000c001ddbf                enableIRQs()
                0x00000000c001ddce                lockScheduler()
                0x00000000c001ddd0                unlockScheduler()
                0x00000000c001ddd2                userModeEntryPoint(void*)
                0x00000000c001ddf5                lockStuff()
                0x00000000c001de01                taskStartupFunction
                0x00000000c001de0a                updateTimeUsed()
                0x00000000c001de6f                switchToThread(ThreadControlBlock*)
                0x00000000c001dec0                Semaphore::Semaphore(int)
                0x00000000c001dec0                Semaphore::Semaphore(int)
                0x00000000c001deee                Mutex::Mutex()
                0x00000000c001deee                Mutex::Mutex()
                0x00000000c001df00                Process::createThread(void (*)(void*), void*, int)
                0x00000000c001dfe4                Process::createUserThread()
                0x00000000c001e000                setupMultitasking(void (*)())
                0x00000000c001e10a                schedule()
                0x00000000c001e18f                unlockStuff()
                0x00000000c001e1c4                Semaphore::tryAcquire()
                0x00000000c001e1f2                Semaphore::assertLocked(char const*)
                0x00000000c001e222                blockTaskWithSchedulerLockAlreadyHeld(TaskState)
                0x00000000c001e264                blockTask(TaskState)
                0x00000000c001e285                waitTask(int, int*, int)
                0x00000000c001e2c7                nanoSleepUntil(unsigned long long)
                0x00000000c001e31e                nanoSleep(unsigned long long)
                0x00000000c001e333                sleep(unsigned long long)
                0x00000000c001e350                Semaphore::acquire()
                0x00000000c001e3b8                taskReturned
                0x00000000c001e3e6                unblockTask(ThreadControlBlock*)
                0x00000000c001e495                cleanupTerminatedTask(ThreadControlBlock*)
                0x00000000c001e75e                cleanerTaskFunction(void*)
                0x00000000c001e811                terminateTask(int)
                0x00000000c001e8f1                Thr::terminateFromIRQ(int)
                0x00000000c001e8fe                Semaphore::release()
 .text          0x00000000c001e9ea      0xc26 vm86/vm8086.32
                0x00000000c001e9ea                Vm::inbv(unsigned short)
                0x00000000c001e9fd                Vm::outbv(unsigned short, unsigned char)
                0x00000000c001ea50                Vm::realToLinear(unsigned short, unsigned short)
                0x00000000c001ea60                Vm::getSegment(unsigned int)
                0x00000000c001ea68                Vm::getOffset(unsigned int)
                0x00000000c001ea6d                Vm::mainloop2()
                0x00000000c001eaa8                Vm::mainVm8086Loop(void*)
                0x00000000c001eab5                Vm::mainloop3(unsigned long)
                0x00000000c001eadf                Vm::initialise8086()
                0x00000000c001eb22                Vm::finish8086()
                0x00000000c001eb67                Vm::getOutput8086(unsigned char*)
                0x00000000c001eb91                Vm::start8086(char const*, unsigned short, unsigned short, unsigned short, unsigned short)
                0x00000000c001ece1                Vm::doISR(regs*, int, unsigned char*, unsigned short, unsigned short)
                0x00000000c001ed6b                Vm::readByteFromReal(unsigned short, unsigned short)
                0x00000000c001ed7c                Vm::readWordFromReal(unsigned short, unsigned short)
                0x00000000c001ed8e                Vm::readDwordFromReal(unsigned short, unsigned short)
                0x00000000c001ed9f                Vm::writeByteFromReal(unsigned short, unsigned short, unsigned char)
                0x00000000c001edb4                Vm::writeWordFromReal(unsigned short, unsigned short, unsigned short)
                0x00000000c001edca                Vm::writeDwordFromReal(unsigned short, unsigned short, unsigned int)
                0x00000000c001eddf                Vm::faultHandler(regs*)
 .text          0x00000000c001f610      0xefd vm86/x87em.32
                0x00000000c001f610                Vm::fpuInternalTo32(unsigned long long)
                0x00000000c001f66b                Vm::fpuInternalTo64(unsigned long long)
                0x00000000c001f674                Vm::fpu32ToInternal(unsigned int)
                0x00000000c001f6b9                Vm::fpu64ToInternal(unsigned long long)
                0x00000000c001f6c2                Vm::fpuFloatToLong(unsigned long long)
                0x00000000c001f71d                Vm::fpuULongToFloat(unsigned long long)
                0x00000000c001f753                Vm::fpuLongToFloat(long long)
                0x00000000c001f7a9                Vm::fpuGet0()
                0x00000000c001f7ae                Vm::fpuGet1()
                0x00000000c001f7b6                Vm::fpuGetPi()
                0x00000000c001f7be                Vm::fpuGetLog2E()
                0x00000000c001f7d6                Vm::fpuGetLogE2()
                0x00000000c001f7ee                Vm::fpuGetLog210()
                0x00000000c001f806                Vm::fpuGetLog102()
                0x00000000c001f81e                Vm::fpuIsSecondLarger(unsigned long long, unsigned long long)
                0x00000000c001f832                Vm::fpuAreEqual(unsigned long long, unsigned long long)
                0x00000000c001f848                Vm::fpuUnorderedCompare(unsigned long long, unsigned long long)
                0x00000000c001f89b                Vm::fpuAdd(unsigned long long, unsigned long long)
                0x00000000c001f8ac                Vm::fpuAbs(unsigned long long)
                0x00000000c001f8b5                Vm::fpuChs(unsigned long long)
                0x00000000c001f8c5                Vm::fpuSub(unsigned long long, unsigned long long)
                0x00000000c001f8d4                Vm::fpuMultiply(unsigned long long, unsigned long long)
                0x00000000c001f8f3                Vm::fpuDivide(unsigned long long, unsigned long long)
                0x00000000c001f90f                Vm::fpuSquare(unsigned long long)
                0x00000000c001f925                Vm::fpuGetReg(int)
                0x00000000c001f968                Vm::fpuSetReg(int, unsigned long long)
                0x00000000c001f9b3                Vm::fpuPush(unsigned long long)
                0x00000000c001fa10                Vm::fpuPop()
                0x00000000c001fa62                Vm::x87Handler(regs*)
 *fill*         0x00000000c002050d        0x1 
 .text          0x00000000c002050e     0x10ed fs/fat/vfslink.32
                0x00000000c002050e                FAT::getName()
                0x00000000c0020514                FAT::tell(void*, unsigned long long*)
                0x00000000c0020548                FAT::stat(void*, unsigned long long*)
                0x00000000c002057c                FAT::~FAT()
                0x00000000c002057c                FAT::~FAT()
                0x00000000c00205a0                FAT::~FAT()
                0x00000000c00205c8                FAT::getlabel(LogicalDisk*, int, char*, unsigned int*)
                0x00000000c0020666                FAT::setlabel(LogicalDisk*, int, char*)
                0x00000000c0020720                FAT::format(LogicalDisk*, int, char const*, int)
                0x00000000c0020904                FAT::tryMount(LogicalDisk*, int)
                0x00000000c0020b0a                FAT::readDir(void*, unsigned long, void*, int*)
                0x00000000c0020c10                FAT::read(void*, unsigned long, void*, int*)
                0x00000000c0020c6a                FAT::write(void*, unsigned long, void*, int*)
                0x00000000c0020cc4                FAT::close(void*)
                0x00000000c0020d10                FAT::closeDir(void*)
                0x00000000c0020d5c                FAT::seek(void*, unsigned long long)
                0x00000000c0020db0                fatWrapperReadDisk
                0x00000000c0020df7                fatWrapperWriteDisk
                0x00000000c0020e3e                fatWrapperIoctl
                0x00000000c0020f42                FAT::FAT()
                0x00000000c0020f42                FAT::FAT()
                0x00000000c0020f94                FAT::fixFilepath(char*)
                0x00000000c0020fcc                FAT::open(char const*, void**, FileOpenMode)
                0x00000000c00210f4                FAT::openDir(char const*, void**)
                0x00000000c002119a                FAT::stat(char const*, unsigned long long*, bool*)
                0x00000000c0021284                FAT::unlink(char const*)
                0x00000000c00212fe                FAT::chfatattr(char const*, unsigned char, unsigned char)
                0x00000000c0021452                FAT::rename(char const*, char const*)
                0x00000000c0021516                FAT::mkdir(char const*)
                0x00000000c0021590                FAT::exists(char const*)
 *fill*         0x00000000c00215fb        0x1 
 .text          0x00000000c00215fc      0xbc1 fs/iso9660/vfslink.32
                0x00000000c00215fc                ISO9660::format(LogicalDisk*, int, char const*, int)
                0x00000000c0021602                ISO9660::seek(void*, unsigned long long)
                0x00000000c0021632                ISO9660::tell(void*, unsigned long long*)
                0x00000000c0021656                ISO9660::getName()
                0x00000000c002165c                ISO9660::stat(void*, unsigned long long*)
                0x00000000c0021680                ISO9660::chfatattr(char const*, unsigned char, unsigned char)
                0x00000000c0021686                ISO9660::unlink(char const*)
                0x00000000c002168c                ISO9660::write(void*, unsigned long, void*, int*)
                0x00000000c0021692                ISO9660::rename(char const*, char const*)
                0x00000000c0021698                ISO9660::mkdir(char const*)
                0x00000000c002169e                ISO9660::close(void*)
                0x00000000c00216c0                ISO9660::closeDir(void*)
                0x00000000c00216e2                ISO9660::~ISO9660()
                0x00000000c00216e2                ISO9660::~ISO9660()
                0x00000000c0021706                ISO9660::~ISO9660()
                0x00000000c002172d                __memmem(unsigned char*, int, unsigned char*, int)
                0x00000000c002176f                readSectorFromCDROM(unsigned int, unsigned char*, char)
                0x00000000c00217d6                ISO9660::tryMount(LogicalDisk*, int)
                0x00000000c0021826                ISO9660::read(void*, unsigned long, void*, int*)
                0x00000000c0021a26                ISO9660::readDir(void*, unsigned long, void*, int*)
                0x00000000c0021cb3                readRoot(unsigned int*, unsigned int*, char)
                0x00000000c0021d08                readRecursively(char*, unsigned int, unsigned int, unsigned int*, unsigned int*, char, int*)
                0x00000000c0021edb                getFileData(char*, unsigned int*, unsigned int*, char, int*)
                0x00000000c0021f6a                ISO9660::open(char const*, void**, FileOpenMode)
                0x00000000c002202a                ISO9660::exists(char const*)
                0x00000000c002204e                ISO9660::stat(char const*, unsigned long long*, bool*)
                0x00000000c00220e2                ISO9660::openDir(char const*, void**)
                0x00000000c002219a                ISO9660::ISO9660()
                0x00000000c002219a                ISO9660::ISO9660()
 *fill*         0x00000000c00221bd        0x1 
 .text          0x00000000c00221be      0x326 hal/sound/sndchannel.32
                0x00000000c00221be                SoundChannel::~SoundChannel()
                0x00000000c00221be                SoundChannel::~SoundChannel()
                0x00000000c00221da                SoundChannel::setSpeed(float)
                0x00000000c00221e6                SoundChannel::getSpeed()
                0x00000000c00221ee                SoundChannel::setVolume(int)
                0x00000000c002220a                SoundChannel::getVolume()
                0x00000000c0022212                SoundChannel::pause()
                0x00000000c002221c                SoundChannel::SoundChannel(int, int, int, int)
                0x00000000c002221c                SoundChannel::SoundChannel(int, int, int, int)
                0x00000000c0022372                SoundChannel::play()
                0x00000000c002237c                SoundChannel::paused()
                0x00000000c0022384                SoundChannel::getSampleRate()
                0x00000000c002238c                SoundChannel::getBits()
                0x00000000c0022394                SoundChannel::getBufferUsed()
                0x00000000c002239c                SoundChannel::getBufferSize()
                0x00000000c00223a4                SoundChannel::unbuffer(float*, int, int)
                0x00000000c0022444                SoundChannel::buffer8(unsigned char*, int)
 .text          0x00000000c00224e4      0x3d5 hal/sound/sndhw.32
                0x00000000c00224e4                SoundDevice::SoundDevice(char const*)
                0x00000000c00224e4                SoundDevice::SoundDevice(char const*)
                0x00000000c0022550                SoundDevice::~SoundDevice()
                0x00000000c0022550                SoundDevice::~SoundDevice()
                0x00000000c00225ca                SoundDevice::~SoundDevice()
                0x00000000c00225f4                SoundDevice::getFreeChannelNum()
                0x00000000c002260e                SoundDevice::addChannel(SoundChannel*)
                0x00000000c002267e                SoundDevice::removeChannel(int)
                0x00000000c00226b0                SoundDevice::floatTo8(float*, unsigned char*, int)
                0x00000000c0022798                SoundDevice::getAudio(int, float*, float*)
 .text          0x00000000c00228b9        0x0 hw/bus/isa.32
 *fill*         0x00000000c00228b9        0x1 
 .text          0x00000000c00228ba      0x6c3 hw/bus/pci.32
                0x00000000c00228ba                PCI::open(int, int, void*)
                0x00000000c00228ce                PCI::close(int, int, void*)
                0x00000000c00228d2                PCI::PCI()
                0x00000000c00228d2                PCI::PCI()
                0x00000000c0022952                PCI::pciReadWord(unsigned char, unsigned char, unsigned char, unsigned char)
                0x00000000c002299a                PCI::getVendorID(unsigned char, unsigned char, unsigned char)
                0x00000000c00229bc                PCI::getHeaderType(unsigned char, unsigned char, unsigned char)
                0x00000000c00229e0                PCI::getClassCode(unsigned char, unsigned char, unsigned char)
                0x00000000c0022a24                PCI::getProgIF(unsigned char, unsigned char, unsigned char)
                0x00000000c0022a48                PCI::getRevisionID(unsigned char, unsigned char, unsigned char)
                0x00000000c0022a6a                PCI::getInterruptNumber(unsigned char, unsigned char, unsigned char)
                0x00000000c0022a8c                PCI::getSecondaryBus(unsigned char, unsigned char, unsigned char)
                0x00000000c0022ab0                PCI::getBARAddress(unsigned char, unsigned char, unsigned char, unsigned char)
                0x00000000c0022b10                PCI::pciWriteWord(unsigned char, unsigned char, unsigned char, unsigned char, unsigned short)
                0x00000000c0022b7c                PCI::checkBus(unsigned char)
                0x00000000c0022ba0                PCI::foundDevice(PCIDeviceInfo)
                0x00000000c0022d12                PCI::getDeviceData(unsigned char, unsigned char, unsigned char)
                0x00000000c0022ebe                PCI::checkDevice(unsigned char, unsigned char)
                0x00000000c0022f2a                PCI::detect()
 *fill*         0x00000000c0022f7d        0x1 
 .text          0x00000000c0022f7e      0xc70 hw/diskctrl/ide.32
                0x00000000c0022f7e                IDE::close(int, int, void*)
                0x00000000c0022f82                IDE::IDE()
                0x00000000c0022f82                IDE::IDE()
                0x00000000c0022fb6                IDE::prepareInterrupt(unsigned char)
                0x00000000c0022fc8                selectDrive(unsigned char, unsigned char)
                0x00000000c0022fca                IDE::getBase(unsigned char)
                0x00000000c0022fdc                IDE::write(unsigned char, unsigned char, unsigned char)
                0x00000000c002309c                IDE::read(unsigned char, unsigned char)
                0x00000000c002314a                IDE::waitInterrupt(unsigned char)
                0x00000000c00231b0                ideChannel0IRQHandler(regs*, void*)
                0x00000000c00231cc                ideChannel1IRQHandler(regs*, void*)
                0x00000000c00231e8                IDE::enableIRQs(unsigned char, bool)
                0x00000000c002322e                IDE::open(int, int, void*)
                0x00000000c002363e                IDE::readBuffer(unsigned char, unsigned char, unsigned int, unsigned int)
                0x00000000c002370a                IDE::detect()
                0x00000000c00239f2                IDE::printError(unsigned char, unsigned char, unsigned char)
                0x00000000c0023b88                IDE::polling(unsigned char, unsigned int)
 .text          0x00000000c0023bee      0x390 hw/diskctrl/satabus.32
                0x00000000c0023bee                SATABus::close(int, int, void*)
                0x00000000c0023bf2                SATABus::detect()
                0x00000000c0023bf4                SATABus::SATABus()
                0x00000000c0023bf4                SATABus::SATABus()
                0x00000000c0023ca0                SATABus::findCmdslot(SATABus::tagHBA_PORT volatile*)
                0x00000000c0023ce8                SATABus::checkType(SATABus::tagHBA_PORT volatile*)
                0x00000000c0023d30                SATABus::startCmd(SATABus::tagHBA_PORT volatile*)
                0x00000000c0023d50                SATABus::stopCmd(SATABus::tagHBA_PORT volatile*)
                0x00000000c0023d7a                SATABus::portRebase(SATABus::tagHBA_PORT volatile*, int)
                0x00000000c0023e80                SATABus::probePort(SATABus::tagHBA_MEM volatile*)
                0x00000000c0023f5e                SATABus::open(int, int, void*)
 .text          0x00000000c0023f7e      0x63c hw/diskphys/ata.32
                0x00000000c0023f7e                ATA::close(int, int, void*)
                0x00000000c0023fa2                ATA::powerSaving(PowerSavingLevel)
                0x00000000c0023fa4                ATA::ATA()
                0x00000000c0023fa4                ATA::ATA()
                0x00000000c0023fd2                ATA::flush(bool)
                0x00000000c002401c                ATA::readyForCommand()
                0x00000000c002406c                ATA::access(unsigned long long, int, void*, bool)
                0x00000000c00243f4                ATA::read(unsigned long long, int, void*)
                0x00000000c002445c                ATA::write(unsigned long long, int, void*)
                0x00000000c00244c4                ATA::detectCHS()
                0x00000000c00244ee                ATA::open(int, int, void*)
 .text          0x00000000c00245ba      0x5bd hw/diskphys/atapi.32
                0x00000000c00245ba                ATAPI::write(unsigned long long, int, void*)
                0x00000000c00245c0                ATAPI::close(int, int, void*)
                0x00000000c00245e4                ATAPI::ATAPI()
                0x00000000c00245e4                ATAPI::ATAPI()
                0x00000000c0024612                ATAPI::readyForCommand()
                0x00000000c0024662                ATAPI::sendPacket(unsigned char*, int, bool, unsigned short*, int)
                0x00000000c0024922                ATAPI::diskRemoved()
                0x00000000c002493e                ATAPI::eject()
                0x00000000c0024986                ATAPI::diskInserted()
                0x00000000c00249b4                ATAPI::detectMedia()
                0x00000000c0024a70                ATAPI::open(int, int, void*)
                0x00000000c0024af8                ATAPI::read(unsigned long long, int, void*)
 *fill*         0x00000000c0024b77        0x1 
 .text          0x00000000c0024b78      0x455 hw/diskphys/sata.32
                0x00000000c0024b78                SATA::close(int, int, void*)
                0x00000000c0024b9c                SATA::powerSaving(PowerSavingLevel)
                0x00000000c0024b9e                SATA::open(int, int, void*)
                0x00000000c0024c4c                SATA::SATA()
                0x00000000c0024c4c                SATA::SATA()
                0x00000000c0024c7a                SATA::access(unsigned long long, int, void*, bool)
                0x00000000c0024ee0                SATA::read(unsigned long long, int, void*)
                0x00000000c0024f48                SATA::write(unsigned long long, int, void*)
 *fill*         0x00000000c0024fcd        0x1 
 .text          0x00000000c0024fce      0x500 hw/diskphys/satapi.32
                0x00000000c0024fce                SATAPI::write(unsigned long long, int, void*)
                0x00000000c0024fd4                SATAPI::close(int, int, void*)
                0x00000000c0024ff8                SATAPI::SATAPI()
                0x00000000c0024ff8                SATAPI::SATAPI()
                0x00000000c0025026                SATAPI::diskRemoved()
                0x00000000c0025042                SATAPI::diskInserted()
                0x00000000c0025070                SATAPI::sendPacket(unsigned char*, int, unsigned long long, unsigned short*, int)
                0x00000000c0025274                SATAPI::eject()
                0x00000000c00252bc                SATAPI::detectMedia()
                0x00000000c002537e                SATAPI::open(int, int, void*)
                0x00000000c002542c                SATAPI::read(unsigned long long, int, void*)
 .text          0x00000000c00254ce       0x8e hw/fpu/avx.32
                0x00000000c00254ce                AVX::open(int, int, void*)
                0x00000000c00254e0                AVX::close(int, int, void*)
                0x00000000c00254f2                AVX::available()
                0x00000000c0025504                AVX::save(void*)
                0x00000000c002551c                AVX::load(void*)
                0x00000000c0025534                AVX::AVX()
                0x00000000c0025534                AVX::AVX()
 .text          0x00000000c002555c       0x90 hw/fpu/mmx.32
                0x00000000c002555c                MMX::available()
                0x00000000c0025570                MMX::open(int, int, void*)
                0x00000000c0025582                MMX::close(int, int, void*)
                0x00000000c0025594                MMX::save(void*)
                0x00000000c00255ac                MMX::load(void*)
                0x00000000c00255c4                MMX::MMX()
                0x00000000c00255c4                MMX::MMX()
 .text          0x00000000c00255ec       0x96 hw/fpu/sse.32
                0x00000000c00255ec                SSE::open(int, int, void*)
                0x00000000c00255fe                SSE::close(int, int, void*)
                0x00000000c0025610                SSE::available()
                0x00000000c002562a                SSE::save(void*)
                0x00000000c0025642                SSE::load(void*)
                0x00000000c002565a                SSE::SSE()
                0x00000000c002565a                SSE::SSE()
 .text          0x00000000c0025682       0x8e hw/fpu/x87.32
                0x00000000c0025682                x87::open(int, int, void*)
                0x00000000c0025694                x87::close(int, int, void*)
                0x00000000c00256a6                x87::available()
                0x00000000c00256b8                x87::save(void*)
                0x00000000c00256d0                x87::load(void*)
                0x00000000c00256e8                x87::x87()
                0x00000000c00256e8                x87::x87()
 .text          0x00000000c0025710      0x71e hw/intctrl/apic.32
                0x00000000c0025710                APIC::disable()
                0x00000000c0025712                APIC::close(int, int, void*)
                0x00000000c0025734                IOAPIC::close(int, int, void*)
                0x00000000c002573a                APIC::io_wait()
                0x00000000c0025740                APIC::getBase()
                0x00000000c0025782                APIC::eoi(unsigned char)
                0x00000000c00257b0                APIC::open(int, int, void*)
                0x00000000c00258fe                IOAPIC::IOAPIC()
                0x00000000c00258fe                IOAPIC::IOAPIC()
                0x00000000c0025926                APIC::APIC()
                0x00000000c0025926                APIC::APIC()
                0x00000000c0025a02                IOAPIC::handlesGSIWithNumber(unsigned int)
                0x00000000c0025a34                IOAPIC::read(int)
                0x00000000c0025a5c                IOAPIC::open(int, int, void*)
                0x00000000c0025b52                IOAPIC::write(int, int)
                0x00000000c0025b7e                IOAPIC::redirect(unsigned char, unsigned long long, unsigned char, bool, bool)
                0x00000000c0025c78                APIC::installIRQHandler(int, void (*)(regs*, void*), bool, void*)
 .text          0x00000000c0025e2e      0x3d3 hw/intctrl/pic.32
                0x00000000c0025e2e                PIC::disable()
                0x00000000c0025e5c                PIC::close(int, int, void*)
                0x00000000c0025e7e                PIC::PIC()
                0x00000000c0025e7e                PIC::PIC()
                0x00000000c0025f54                PIC::ioWait()
                0x00000000c0025f5a                PIC::getIRQReg(int)
                0x00000000c0025fc4                PIC::eoi(unsigned char)
                0x00000000c0026056                PIC::remap()
                0x00000000c00261c2                PIC::open(int, int, void*)
 *fill*         0x00000000c0026201        0x1 
 .text          0x00000000c0026202      0x25e hw/timer/apictimer.32
                0x00000000c0026202                APICTimer::close(int, int, void*)
                0x00000000c0026208                apicTimerHandler(regs*, void*)
                0x00000000c0026236                APICTimer::write(int)
                0x00000000c002633a                APICTimer::open(int, int, void*)
                0x00000000c0026438                APICTimer::APICTimer()
                0x00000000c0026438                APICTimer::APICTimer()
 .text          0x00000000c0026460      0x1a7 hw/timer/pit.32
                0x00000000c0026460                PIT::write(int)
                0x00000000c00264de                pitHandler(regs*, void*)
                0x00000000c002650a                PIT::open(int, int, void*)
                0x00000000c0026558                PIT::close(int, int, void*)
                0x00000000c0026588                PIT::PIT()
                0x00000000c0026588                PIT::PIT()
 *fill*         0x00000000c0026607        0x9 
 .text          0x00000000c0026610       0x1e hw/fpu/x86/avx.32
                0x00000000c0026610                avxDetect
                0x00000000c0026616                avxSave
                0x00000000c0026617                avxLoad
                0x00000000c0026618                avxInit
                0x00000000c0026619                avxClose
                0x00000000c002661a                wouldSheSayYes
 *fill*         0x00000000c002662e        0x2 
 .text          0x00000000c0026630       0x35 hw/fpu/x86/sse.32
                0x00000000c0026630                absolutelyNoChanceInHell
                0x00000000c0026630                sseDetect
                0x00000000c0026648                sseSave
                0x00000000c002664e                sseLoad
                0x00000000c0026654                sseInit
                0x00000000c0026664                sseClose
 *fill*         0x00000000c0026665        0xb 
 .text          0x00000000c0026670       0x47 hw/fpu/x86/x87.32
                0x00000000c0026676                x87Detect
                0x00000000c0026691                x87Save
                0x00000000c0026697                x87Load
                0x00000000c002669c                x87Init
                0x00000000c00266b6                x87Close
 *fill*         0x00000000c00266b7        0x1 
 .text          0x00000000c00266b8       0x25 /cygdrive/d/Users/Alex/Desktop/Toolchain/Output/bin/../lib/gcc/i386-banana/8.1.0/crtend.o
 .text          0x00000000c00266dd        0x0 crtn.32
 *fill*         0x00000000c00266dd        0x3 
 .text          0x00000000c00266e0      0x14b /cygdrive/d/Users/Alex/Desktop/Toolchain/Output/bin/../lib/gcc/i386-banana/8.1.0/libkgcc.a(_divdi3.o)
                0x00000000c00266e0                __divdi3
 *fill*         0x00000000c002682b        0x1 
 .text          0x00000000c002682c      0x17e /cygdrive/d/Users/Alex/Desktop/Toolchain/Output/bin/../lib/gcc/i386-banana/8.1.0/libkgcc.a(_moddi3.o)
                0x00000000c002682c                __moddi3
 *fill*         0x00000000c00269aa        0x2 
 .text          0x00000000c00269ac       0xff /cygdrive/d/Users/Alex/Desktop/Toolchain/Output/bin/../lib/gcc/i386-banana/8.1.0/libkgcc.a(_udivdi3.o)
                0x00000000c00269ac                __udivdi3
 *fill*         0x00000000c0026aab        0x1 
 .text          0x00000000c0026aac      0x11a /cygdrive/d/Users/Alex/Desktop/Toolchain/Output/bin/../lib/gcc/i386-banana/8.1.0/libkgcc.a(_umoddi3.o)
                0x00000000c0026aac                __umoddi3
 .text          0x00000000c0026bc6      0x96d D:/Users/Alex/Desktop/Banana/kernel/libsoftfp.a(sfieeelib.o)
                0x00000000c0026bc6                __addsf3
                0x00000000c0026ec8                __subsf3
                0x00000000c0026edc                __negsf2
                0x00000000c0026ee9                __mulsf3
                0x00000000c00270ac                __divsf3
                0x00000000c00272d7                __floatsisf
                0x00000000c002734b                __floatunsisf
                0x00000000c002738d                __fixsfsi
                0x00000000c00273ef                __fixunssfsi
                0x00000000c0027420                __cmpsf2
                0x00000000c00274b5                __eqsf2