Archive member included to satisfy reference by file (symbol)

/cygdrive/d/Users/Alex/Desktop/Toolchain/Output/bin/../lib/gcc/i386-banana/8.1.0/libkgcc.a(_divdi3.o)
                              fs/fat/ff.32 (__divdi3)
/cygdrive/d/Users/Alex/Desktop/Toolchain/Output/bin/../lib/gcc/i386-banana/8.1.0/libkgcc.a(_moddi3.o)
                              compat/resolve.32 (__moddi3)
/cygdrive/d/Users/Alex/Desktop/Toolchain/Output/bin/../lib/gcc/i386-banana/8.1.0/libkgcc.a(_udivdi3.o)
                              fs/fat/ff.32 (__udivdi3)
/cygdrive/d/Users/Alex/Desktop/Toolchain/Output/bin/../lib/gcc/i386-banana/8.1.0/libkgcc.a(_umoddi3.o)
                              compat/resolve.32 (__umoddi3)

Discarded input sections

 .comment       0x0000000000000000       0x12 /cygdrive/d/Users/Alex/Desktop/Toolchain/Output/bin/../lib/gcc/i386-banana/8.1.0/crtbegin.o
 .comment       0x0000000000000000       0x12 acpica/utclib.32
 .comment       0x0000000000000000       0x12 core/malloc.32
 .comment       0x0000000000000000       0x12 libk/string.32
 .comment       0x0000000000000000       0x12 fs/fat/diskio.32
 .comment       0x0000000000000000       0x12 fs/fat/ff.32
 .comment       0x0000000000000000       0x12 fs/fat/ffsystem.32
 .comment       0x0000000000000000       0x12 fs/fat/ffunicode.32
 .comment       0x0000000000000000       0x12 compat/inlines.32
 .comment       0x0000000000000000       0x12 compat/resolve.32
 .group         0x0000000000000000       0x14 core/computer.32
 .group         0x0000000000000000        0xc core/computer.32
 .comment       0x0000000000000000       0x12 core/computer.32
 .comment       0x0000000000000000       0x12 core/gdt.32
 .group         0x0000000000000000        0xc core/idle.32
 .comment       0x0000000000000000       0x12 core/idle.32
 .comment       0x0000000000000000       0x12 core/idt.32
 .comment       0x0000000000000000       0x12 core/kheap.32
 .comment       0x0000000000000000       0x12 core/main.32
 .comment       0x0000000000000000       0x12 core/physmgr.32
 .group         0x0000000000000000        0xc core/pipe.32
 .comment       0x0000000000000000       0x12 core/pipe.32
 .group         0x0000000000000000        0xc core/terminal.32
 .comment       0x0000000000000000       0x12 core/terminal.32
 .comment       0x0000000000000000       0x12 core/tss.32
 .group         0x0000000000000000        0x8 core/unixfile.32
 .group         0x0000000000000000        0x8 core/unixfile.32
 .group         0x0000000000000000        0xc core/unixfile.32
 .group         0x0000000000000000        0x8 core/unixfile.32
 .group         0x0000000000000000        0xc core/unixfile.32
 .group         0x0000000000000000        0x8 core/unixfile.32
 .group         0x0000000000000000        0xc core/unixfile.32
 .group         0x0000000000000000        0xc core/unixfile.32
 .comment       0x0000000000000000       0x12 core/unixfile.32
 .comment       0x0000000000000000       0x12 core/virtmgr.32
 .comment       0x0000000000000000       0x12 coreobjs/c++.32
 .comment       0x0000000000000000       0x12 dbg/kconsole.32
 .group         0x0000000000000000        0xc fs/vfs.32
 .group         0x0000000000000000        0xc fs/vfs.32
 .group         0x0000000000000000        0xc fs/vfs.32
 .comment       0x0000000000000000       0x12 fs/vfs.32
 .group         0x0000000000000000        0xc hal/bus.32
 .comment       0x0000000000000000       0x12 hal/bus.32
 .comment       0x0000000000000000       0x12 hal/buzzer.32
 .group         0x0000000000000000        0xc hal/clock.32
 .comment       0x0000000000000000       0x12 hal/clock.32
 .group         0x0000000000000000       0x14 hal/device.32
 .group         0x0000000000000000        0xc hal/device.32
 .group         0x0000000000000000        0x8 hal/device.32
 .group         0x0000000000000000        0xc hal/device.32
 .group         0x0000000000000000        0xc hal/device.32
 .comment       0x0000000000000000       0x12 hal/device.32
 .group         0x0000000000000000        0xc hal/diskctrl.32
 .comment       0x0000000000000000       0x12 hal/diskctrl.32
 .group         0x0000000000000000        0xc hal/diskphys.32
 .comment       0x0000000000000000       0x12 hal/diskphys.32
 .comment       0x0000000000000000       0x12 hal/fpu.32
 .comment       0x0000000000000000       0x12 hal/intctrl.32
 .group         0x0000000000000000        0xc hal/keybrd.32
 .comment       0x0000000000000000       0x12 hal/keybrd.32
 .group         0x0000000000000000        0xc hal/logidisk.32
 .comment       0x0000000000000000       0x12 hal/logidisk.32
 .group         0x0000000000000000        0xc hal/mouse.32
 .comment       0x0000000000000000       0x12 hal/mouse.32
 .comment       0x0000000000000000       0x12 hal/partition.32
 .group         0x0000000000000000        0xc hal/serial.32
 .comment       0x0000000000000000       0x12 hal/serial.32
 .group         0x0000000000000000        0x8 hal/timer.32
 .group         0x0000000000000000        0x8 hal/timer.32
[...]
Memory Configuration

Name             Origin             Length             Attributes
*default*        0x0000000000000000 0xffffffffffffffff

Linker script and memory map

LOAD D:/Users/Alex/Desktop/Banana/kernel/boot.32
LOAD crti.32
LOAD /cygdrive/d/Users/Alex/Desktop/Toolchain/Output/bin/../lib/gcc/i386-banana/8.1.0/crtbegin.o
LOAD D:/Users/Alex/Desktop/Banana/kernel/morenasm.32
LOAD acpica/utclib.32
LOAD core/malloc.32
LOAD libk/string.32
LOAD fs/fat/diskio.32
LOAD fs/fat/ff.32
LOAD fs/fat/ffsystem.32
LOAD fs/fat/ffunicode.32
LOAD compat/inlines.32
LOAD compat/resolve.32
LOAD core/computer.32
LOAD core/gdt.32
LOAD core/idle.32
LOAD core/idt.32
LOAD core/kheap.32
LOAD core/main.32
LOAD core/physmgr.32
LOAD core/pipe.32
LOAD core/terminal.32
LOAD core/tss.32
LOAD core/unixfile.32
LOAD core/virtmgr.32
LOAD coreobjs/c++.32
LOAD dbg/kconsole.32
LOAD fs/vfs.32
LOAD hal/bus.32
LOAD hal/buzzer.32
LOAD hal/clock.32
LOAD hal/device.32
LOAD hal/diskctrl.32
LOAD hal/diskphys.32
LOAD hal/fpu.32
LOAD hal/intctrl.32
LOAD hal/keybrd.32
LOAD hal/logidisk.32
LOAD hal/mouse.32
LOAD hal/partition.32
LOAD hal/serial.32
LOAD hal/timer.32
LOAD hal/vcache.32
LOAD hal/video.32
LOAD hw/acpi.32
LOAD hw/cpu.32
LOAD hw/smp.32
LOAD krnl/env.32
LOAD krnl/panic.32
LOAD krnl/powctrl.32
LOAD reg/registry.32
LOAD sys/sc_eject.32
LOAD sys/sc_exit.32
LOAD sys/sc_getcwd.32
LOAD sys/sc_getpid.32
LOAD sys/sc_getramdata.32
LOAD sys/sc_getvgaptr.32
LOAD sys/sc_loaddll.32
LOAD sys/sc_read.32
LOAD sys/sc_sbrk.32
LOAD sys/sc_setcwd.32
LOAD sys/sc_settime.32
LOAD sys/sc_timezone.32
LOAD sys/sc_write.32
LOAD sys/sc_wsbe.32
LOAD sys/sc_yield.32
LOAD sys/syscalls.32
LOAD thr/elf.32
LOAD thr/prcssthr.32
LOAD vm86/vm8086.32
LOAD vm86/x87em.32
LOAD arch/i386/hal.32
LOAD arch/i386/pic.32
LOAD arch/i386/rtc.32
LOAD arch/i386/vga.32
LOAD fs/fat/vfslink.32
LOAD fs/iso9660/vfslink.32
LOAD hal/sound/sndcard.32
LOAD hal/sound/sndport.32
LOAD hw/bus/isa.32
LOAD hw/bus/pci.32
LOAD hw/diskctrl/ide.32
LOAD hw/diskctrl/satabus.32
LOAD hw/diskphys/ata.32
LOAD hw/diskphys/atapi.32
LOAD hw/diskphys/sata.32
LOAD hw/diskphys/satapi.32
LOAD hw/intctrl/apic.32
LOAD hw/timer/apictimer.32
LOAD hw/timer/pit.32
LOAD arch/i386/avx.32
LOAD arch/i386/interrupt.32
LOAD arch/i386/rdrand.32
LOAD arch/i386/sse.32
LOAD arch/i386/x87.32
LOAD /cygdrive/d/Users/Alex/Desktop/Toolchain/Output/bin/../lib/gcc/i386-banana/8.1.0/crtend.o
LOAD crtn.32
LOAD /cygdrive/d/Users/Alex/Desktop/Toolchain/Output/bin/../lib/gcc/i386-banana/8.1.0/libkgcc.a
LOAD D:/Users/Alex/Desktop/Banana/kernel/libsoftfp.a
LOAD D:/Users/Alex/Desktop/Banana/kernel/libk/libm32.a
                0x00000000c0000000                . = 0xc0000000

.text           0x00000000c0000000    0x2165a
 *(.text)
 .text          0x00000000c0000000       0x41 D:/Users/Alex/Desktop/Banana/kernel/boot.32
                0x00000000c0000020                callGlobalConstructors
 .text          0x00000000c0000041        0x0 crti.32
 *fill*         0x00000000c0000041        0x3 
 .text          0x00000000c0000044      0x101 /cygdrive/d/Users/Alex/Desktop/Toolchain/Output/bin/../lib/gcc/i386-banana/8.1.0/crtbegin.o
 *fill*         0x00000000c0000145        0xb 
 .text          0x00000000c0000150      0x252 D:/Users/Alex/Desktop/Banana/kernel/morenasm.32
                0x00000000c0000150                manualPCIProbe
                0x00000000c000019b                prepareTramp
                0x00000000c00001b4                doTPAUSE
                0x00000000c00001be                hasLegacyFPU
                0x00000000c00001e3                is486
                0x00000000c0000219                detectCPUID
                0x00000000c000022f                goToVM86
                0x00000000c000025f                goToUsermode
                0x00000000c0000289                switchToThreadASMFirstTime
                0x00000000c0000297                switchToThreadASM
                0x00000000c000031f                asmQuickAcquireLock
                0x00000000c000033d                asmQuickReleaseLock
                0x00000000c0000349                asmAcquireLock
                0x00000000c000036a                asmReleaseLock
                0x00000000c000037d                loadGDT
                0x00000000c000039d                memcpy
 *fill*         0x00000000c00003a2        0x2 
 .text          0x00000000c00003a4      0x5dd acpica/utclib.32
                0x00000000c00003a4                memcmp
                0x00000000c00003e0                memmove
                0x00000000c00004a8                memset
                0x00000000c00004c4                strlen
                0x00000000c00004dc                strpbrk
                0x00000000c0000518                strtok
                0x00000000c0000564                strcpy
                0x00000000c0000588                strncpy
                0x00000000c00005f0                strcmp
                0x00000000c0000630                strchr
                0x00000000c0000654                strncmp
                0x00000000c00006a4                strcat
                0x00000000c00006d4                strncat
                0x00000000c0000710                strstr
                0x00000000c0000758                toupper
                0x00000000c000076c                tolower
                0x00000000c0000780                simple_strtoul
 .text          0x00000000c0000981      0xfad core/malloc.32
                0x00000000c0000aec                dlfree
                0x00000000c0000e47                dlmalloc
                0x00000000c0001384                dlrealloc
                0x00000000c0001527                dlmemalign
                0x00000000c000164a                dlcalloc
                0x00000000c00016e4                dlcfree
                0x00000000c00016e9                dlindependent_calloc
                0x00000000c000170e                dlindependent_comalloc
                0x00000000c0001725                dlvalloc
                0x00000000c0001750                dlpvalloc
                0x00000000c0001786                dlmalloc_trim
                0x00000000c0001793                dlmalloc_usable_size
                0x00000000c00017c4                dlmallinfo
                0x00000000c0001893                dlmalloc_stats
                0x00000000c00018a4                dlmallopt
 .text          0x00000000c000192e        0x0 libk/string.32
 .text          0x00000000c000192e       0x51 fs/fat/diskio.32
                0x00000000c000192e                disk_status
                0x00000000c0001931                disk_initialize
                0x00000000c0001934                disk_read
                0x00000000c000194a                disk_write
                0x00000000c0001960                disk_ioctl
 .text          0x00000000c000197f     0x6a69 fs/fat/ff.32
                0x00000000c0004c4d                f_mount
                0x00000000c0004caf                f_open
                0x00000000c00050eb                f_read
                0x00000000c000536b                f_write
                0x00000000c0005625                f_sync
                0x00000000c0005801                f_close
                0x00000000c0005830                f_lseek
                0x00000000c0005ce7                f_opendir
                0x00000000c0005de9                f_closedir
                0x00000000c0005e0b                f_readdir
                0x00000000c0005ea6                f_stat
                0x00000000c0005f35                f_getfree
                0x00000000c0006100                f_truncate
                0x00000000c00061f8                f_unlink
                0x00000000c000637b                f_mkdir
                0x00000000c00065a7                f_rename
                0x00000000c000689a                f_chmod
                0x00000000c0006978                f_utime
                0x00000000c0006a56                f_getlabel
                0x00000000c0006c44                f_setlabel
                0x00000000c0006eb1                f_expand
                0x00000000c00070e7                f_forward
                0x00000000c00072c5                f_mkfs
 .text          0x00000000c00083e8       0x2f fs/fat/ffsystem.32
                0x00000000c00083e8                ff_memalloc
                0x00000000c0008400                ff_memfree
 *fill*         0x00000000c0008417        0x1 
 .text          0x00000000c0008418      0x274 fs/fat/ffunicode.32
                0x00000000c0008418                ff_uni2oem
                0x00000000c00084b0                ff_oem2uni
                0x00000000c0008524                ff_wtoupper
 .text          0x00000000c000868c       0xa7 compat/inlines.32
                0x00000000c000868c                CPU::current()
                0x00000000c0008698                operator new(unsigned long)
                0x00000000c000869d                operator delete(void*)
                0x00000000c00086a2                disableIRQs()
                0x00000000c00086aa                enableIRQs()
                0x00000000c00086b9                lockScheduler()
                0x00000000c00086c1                unlockScheduler()
                0x00000000c00086d0                lockStuff()
                0x00000000c00086de                unlockStuff()
                0x00000000c0008718                Virt::getAKernelVAS()
                0x00000000c000871e                __not_memcpy
 *fill*         0x00000000c0008733        0x1 
 .text          0x00000000c0008734      0x118 compat/resolve.32
                0x00000000c0008734                Krnl::resolveCompatibilitySymbol(char*)
 .text          0x00000000c000884c      0x783 core/computer.32
                0x00000000c000884c                Computer::close(int, int, void*)
                0x00000000c0008890                Krnl::firstTask()
                0x00000000c00089e4                Computer::Computer()
                0x00000000c00089e4                Computer::Computer()
                0x00000000c0008b40                Computer::setBootMessage(char const*)
                0x00000000c0008b42                Computer::detectFeatures()
                0x00000000c0008d4c                Computer::displayFeatures()
                0x00000000c0008d4e                Computer::rdmsr(unsigned int)
                0x00000000c0008d7a                Computer::wrmsr(unsigned int, unsigned long long)
                0x00000000c0008db2                Computer::shutdown()
                0x00000000c0008dca                Computer::restart()
                0x00000000c0008de2                Computer::sleep()
                0x00000000c0008df6                Computer::nmiEnabled()
                0x00000000c0008e02                Computer::readCMOS(unsigned char)
                0x00000000c0008e1c                Computer::enableNMI(bool)
                0x00000000c0008e34                Computer::open(int, int, void*)
                0x00000000c0008f12                Computer::disableNMI()
                0x00000000c0008f20                Computer::writeCMOS(unsigned char, unsigned char)
                0x00000000c0008f3e                Computer::handleNMI()
                0x00000000c0008fa4                Computer::setDiskActivityLight(int, bool)
 *fill*         0x00000000c0008fcf        0x1 
 .text          0x00000000c0008fd0      0x211 core/gdt.32
                0x00000000c0008fd0                GDTEntry::setBase(unsigned int)
                0x00000000c0008fec                GDTEntry::setLimit(unsigned int)
                0x00000000c000900a                GDT::GDT()
                0x00000000c000900a                GDT::GDT()
                0x00000000c0009020                GDT::addEntry(GDTEntry)
                0x00000000c0009042                GDT::getNumberOfEntries()
                0x00000000c000904a                GDT::flush()
                0x00000000c000906c                GDT::setup()
 .text          0x00000000c00091e1       0x19 core/idle.32
                0x00000000c00091e1                idleFunction(void*)
 *fill*         0x00000000c00091fa        0x2 
 .text          0x00000000c00091fc      0x464 core/idt.32
                0x00000000c00091fc                IDTEntry::IDTEntry(bool)
                0x00000000c00091fc                IDTEntry::IDTEntry(bool)
                0x00000000c000926e                IDTEntry::setOffset(unsigned int)
                0x00000000c0009284                IDT::IDT()
                0x00000000c0009284                IDT::IDT()
                0x00000000c0009286                IDT::getPointerToInvalidOpcodeEntryForF00F()
                0x00000000c000928e                IDT::addEntry(IDTEntry, int)
                0x00000000c00092a8                IDT::addEntry(int, void (*)(), bool)
                0x00000000c00092e0                IDT::flush()
                0x00000000c00092fa                IDT::setup()
 .text          0x00000000c0009660      0x191 core/kheap.32
                0x00000000c0009660                sbrk
                0x00000000c0009703                mmap
                0x00000000c0009719                munmap
                0x00000000c000972f                liballoc_lock()
                0x00000000c000973c                liballoc_unlock()
                0x00000000c0009750                liballoc_alloc(int)
                0x00000000c0009768                liballoc_free(void*, int)
                0x00000000c0009783                realloc
                0x00000000c0009797                malloc
                0x00000000c00097a7                free
                0x00000000c00097b7                rfree
                0x00000000c00097c7                calloc
 .text          0x00000000c00097f1      0x1bf core/main.32
                0x00000000c00097f1                Krnl::setBootMessage(char const*)
                0x00000000c000985d                kernel_main
 .text          0x00000000c00099b0      0x668 core/physmgr.32
                0x00000000c00099b0                Phys::allocateDMA(unsigned long)
                0x00000000c0009abf                Phys::freeDMA(unsigned long, unsigned long)
                0x00000000c0009b05                Phys::setPageState(unsigned long, bool)
                0x00000000c0009b37                Phys::getPageState(unsigned long)
                0x00000000c0009b53                Phys::freePage(unsigned long)
                0x00000000c0009bd6                Phys::allocatePage()
                0x00000000c0009cc1                Phys::allocateContiguousPages(int)
                0x00000000c0009d1d                Phys::allowSegmentToBeUsed(unsigned long, unsigned long)
                0x00000000c0009d55                Phys::physicalMemorySetup(unsigned int)
 .text          0x00000000c000a018      0x273 core/pipe.32
                0x00000000c000a018                Pipe::isAtty()
                0x00000000c000a01c                Pipe::~Pipe()
                0x00000000c000a01c                Pipe::~Pipe()
                0x00000000c000a040                Pipe::~Pipe()
                0x00000000c000a068                Pipe::write(unsigned long long, void*, int*)
                0x00000000c000a128                Pipe::read(unsigned long long, void*, int*)
                0x00000000c000a224                Pipe::Pipe(int)
                0x00000000c000a224                Pipe::Pipe(int)
 *fill*         0x00000000c000a28b        0x1 
 .text          0x00000000c000a28c      0xa40 core/terminal.32
                0x00000000c000a28c                VgaText::isAtty()
                0x00000000c000a290                VgaText::~VgaText()
                0x00000000c000a290                VgaText::~VgaText()
                0x00000000c000a2b4                VgaText::~VgaText()
                0x00000000c000a2de                VgaText::read(unsigned long long, void*, int*)
                0x00000000c000a2fe                setTerminalScrollLock(bool)
                0x00000000c000a2ff                doTerminalCycle()
                0x00000000c000a300                addToTerminalCycle(VgaText*)
                0x00000000c000a301                scrollTerminalScrollLock(int)
                0x00000000c000a302                VgaText::updateTitle()
                0x00000000c000a304                VgaText::load()
                0x00000000c000a306                VgaText::updateCursor()
                0x00000000c000a31c                VgaText::doANSI_SGR(int)
                0x00000000c000a390                VgaText::setDefaultBgColour(VgaColour)
                0x00000000c000a3a0                VgaText::setDefaultFgColour(VgaColour)
                0x00000000c000a3b0                VgaText::setDefaultColours(VgaColour, VgaColour)
                0x00000000c000a3d0                VgaText::setTitleTextColour(VgaColour)
                0x00000000c000a3dc                VgaText::setTitleColour(VgaColour)
                0x00000000c000a3e8                VgaText::setTitle(char*)
                0x00000000c000a3f6                VgaText::combineColours(unsigned char, unsigned char)
                0x00000000c000a408                VgaText::scrollScreen()
                0x00000000c000a4a0                VgaText::combineCharAndColour(char, unsigned char)
                0x00000000c000a4b2                VgaText::writeCharacter(char, VgaColour, VgaColour, int, int)
                0x00000000c000a542                VgaText::getCursorX()
                0x00000000c000a54a                VgaText::getCursorY()
                0x00000000c000a552                VgaText::setCursor(int, int)
                0x00000000c000a569                setActiveTerminal(VgaText*)
                0x00000000c000a5b4                VgaText::clearScreen()
                0x00000000c000a602                VgaText::setCursorX(int)
                0x00000000c000a61a                VgaText::setCursorY(int)
                0x00000000c000a632                VgaText::incrementCursor(bool)
                0x00000000c000a686                VgaText::decrementCursor(bool)
                0x00000000c000a6a8                VgaText::putchar(char, VgaColour, VgaColour)
                0x00000000c000a776                VgaText::putchar(char)
                0x00000000c000a862                VgaText::putx(unsigned int)
                0x00000000c000a8a8                VgaText::puts(char const*)
                0x00000000c000a8ce                VgaText::write(unsigned long long, void*, int*)
                0x00000000c000a91a                VgaText::puts(char const*, VgaColour, VgaColour)
                0x00000000c000aa68                VgaText::VgaText(char const*)
                0x00000000c000aa68                VgaText::VgaText(char const*)
                0x00000000c000abce                VgaText::receiveKey(unsigned char)
                0x00000000c000aca6                VgaText::doUpdate()
                0x00000000c000aca7                newTerminal(char*)
 .text          0x00000000c000accc      0x1a1 core/tss.32
                0x00000000c000accc                TSS::TSS()
                0x00000000c000accc                TSS::TSS()
                0x00000000c000acdc                TSS::setESP(unsigned long)
                0x00000000c000acf0                TSS::flush()
                0x00000000c000ad10                TSS::setup(unsigned long, unsigned long)
 *fill*         0x00000000c000ae6d        0x1 
 .text          0x00000000c000ae6e      0x4c2 core/unixfile.32
                0x00000000c000ae6e                ReservedFilename::read(unsigned long long, void*, int*)
                0x00000000c000aec4                ReservedFilename::isAtty()
                0x00000000c000aee0                ReservedFilename::write(unsigned long long, void*, int*)
                0x00000000c000af3e                UnixFile::getFileDescriptor()
                0x00000000c000af46                UnixFile::UnixFile(int)
                0x00000000c000af46                UnixFile::UnixFile(int)
                0x00000000c000b0f6                ReservedFilename::ReservedFilename(int)
                0x00000000c000b0f6                ReservedFilename::ReservedFilename(int)
                0x00000000c000b128                UnixFile::~UnixFile()
                0x00000000c000b128                UnixFile::~UnixFile()
                0x00000000c000b1c0                UnixFile::~UnixFile()
                0x00000000c000b1e8                ReservedFilename::~ReservedFilename()
                0x00000000c000b1e8                ReservedFilename::~ReservedFilename()
                0x00000000c000b20c                ReservedFilename::~ReservedFilename()
                0x00000000c000b233                getFromFileDescriptor(int)
 .text          0x00000000c000b330     0x124e core/virtmgr.32
                0x00000000c000b330                Virt::setPageState(unsigned long, Virt::VirtPageState)
                0x00000000c000b365                Virt::getPageState(unsigned long)
                0x00000000c000b389                Virt::allocateKernelVirtualPages(int)
                0x00000000c000b49a                Virt::freeSwapfilePage(unsigned long)
                0x00000000c000b4b8                Virt::swapIDToSector(unsigned long)
                0x00000000c000b4ca                Virt::allocateSwapfilePage()
                0x00000000c000b548                Virt::virtualMemorySetup()
                0x00000000c000b593                Virt::setupPageSwapping(int)
                0x00000000c000b604                VAS::VAS(VAS*)
                0x00000000c000b604                VAS::VAS(VAS*)
                0x00000000c000b632                VAS::getForeignPageTableEntry(bool, unsigned long)
                0x00000000c000b65e                VAS::getPageTableEntry(unsigned long)
                0x00000000c000b67d                Virt::freeKernelVirtualPages(unsigned long)
                0x00000000c000b7a0                VAS::freeAllocatedPages(unsigned long)
                0x00000000c000b7c4                VAS::virtualToPhysical(unsigned long)
                0x00000000c000b7dc                VAS::reflagRange(unsigned long, int, int, int)
                0x00000000c000b81c                VAS::setToWriteCombining(unsigned long, int)
                0x00000000c000b84e                VAS::mapOtherVASIn(bool, VAS*)
                0x00000000c000b878                VAS::~VAS()
                0x00000000c000b878                VAS::~VAS()
                0x00000000c000b9f4                VAS::mapPage(unsigned long, unsigned long, int)
                0x00000000c000baf8                VAS::allocatePages(int, int)
                0x00000000c000bcd0                VAS::setCPUSpecific(unsigned long)
                0x00000000c000bcec                VAS::mapRange(unsigned long, unsigned long, int, int)
                0x00000000c000bdb2                VAS::mapForeignPage(bool, VAS*, unsigned long, unsigned long, int)
                0x00000000c000bea0                VAS::VAS(bool)
                0x00000000c000bea0                VAS::VAS(bool)
                0x00000000c000c120                VAS::VAS()
                0x00000000c000c120                VAS::VAS()
                0x00000000c000c190                VAS::evict(unsigned long)
                0x00000000c000c260                VAS::tryLoadBackOffDisk(unsigned long)
                0x00000000c000c374                VAS::scanForEviction()
                0x00000000c000c452                mapVASFirstTime
 .text          0x00000000c000c57e       0x95 coreobjs/c++.32
                0x00000000c000c57e                __cxa_atexit
                0x00000000c000c581                __cxa_finalize
                0x00000000c000c582                __stack_chk_fail
                0x00000000c000c5ee                __cxa_pure_virtual
                0x00000000c000c5ff                operator new[](unsigned long)
                0x00000000c000c604                operator delete(void*, unsigned long)
                0x00000000c000c609                operator delete[](void*)
                0x00000000c000c60e                operator delete[](void*, unsigned long)
 .text          0x00000000c000c613      0x1fc dbg/kconsole.32
                0x00000000c000c613                Dbg::stringifyxWithBase(unsigned int, char*, int)
                0x00000000c000c66c                Dbg::logc(char)
                0x00000000c000c68c                Dbg::logs(char*)
                0x00000000c000c6a9                Dbg::logWriteInt(unsigned int)
                0x00000000c000c6c6                Dbg::logWriteIntBase(unsigned int, int)
                0x00000000c000c6e5                Dbg::kprintf(char const*, ...)
 *fill*         0x00000000c000c80f        0x1 
 .text          0x00000000c000c810      0xcac fs/vfs.32
                0x00000000c000c810                File::read(unsigned long long, void*, int*)
                0x00000000c000c868                File::write(unsigned long long, void*, int*)
                0x00000000c000c8c0                Directory::read(unsigned long long, void*, int*)
                0x00000000c000c918                Directory::write(unsigned long long, void*, int*)
                0x00000000c000c946                File::isAtty()
                0x00000000c000c94a                Directory::isAtty()
                0x00000000c000c94e                Filesystem::getlabel(LogicalDisk*, int, char*, unsigned int*)
                0x00000000c000c954                Filesystem::setlabel(LogicalDisk*, int, char*)
                0x00000000c000c95a                Filesystem::allocateSwapfile(char const*, int)
                0x00000000c000c960                File::~File()
                0x00000000c000c960                File::~File()
                0x00000000c000c984                File::~File()
                0x00000000c000c9ae                Directory::~Directory()
                0x00000000c000c9ae                Directory::~Directory()
                0x00000000c000c9d2                Directory::~Directory()
                0x00000000c000c9fc                Filesystem::Filesystem()
                0x00000000c000c9fc                Filesystem::Filesystem()
                0x00000000c000ca20                Filesystem::~Filesystem()
                0x00000000c000ca20                Filesystem::~Filesystem()
                0x00000000c000ca2e                Filesystem::~Filesystem()
                0x00000000c000ca52                Fs::getcwd(Process*, char*, int)
                0x00000000c000ca7c                Fs::initVFS()
                0x00000000c000caa6                Fs::standardiseFiles(char*, char const*, char const*)
                0x00000000c000cc50                File::File(char const*, Process*)
                0x00000000c000cc50                File::File(char const*, Process*)
                0x00000000c000cd2a                File::open(FileOpenMode)
                0x00000000c000cd88                File::close()
                0x00000000c000cde8                File::seek(unsigned long long)
                0x00000000c000ce3e                File::tell(unsigned long long*)
                0x00000000c000ce8e                File::rewind()
                0x00000000c000cea2                File::unlink()
                0x00000000c000ceee                File::rename(char const*)
                0x00000000c000cf3c                File::chfatattr(unsigned char, unsigned char)
                0x00000000c000cf98                File::exists()
                0x00000000c000cfd6                File::stat(unsigned long long*, bool*)
                0x00000000c000d037                Fs::setcwd(Process*, char*)
                0x00000000c000d1b0                Directory::Directory(char const*, Process*)
                0x00000000c000d1b0                Directory::Directory(char const*, Process*)
                0x00000000c000d28a                Directory::open()
                0x00000000c000d2e6                Directory::close()
                0x00000000c000d346                Directory::unlink()
                0x00000000c000d392                Directory::rename(char const*)
                0x00000000c000d3e0                Directory::exists()
                0x00000000c000d41e                Directory::read(dirent*)
                0x00000000c000d46a                Directory::create()
                0x00000000c000d4b6                Filesystem::chfatattr(char const*, unsigned char, unsigned char)
 .text          0x00000000c000d4bc       0x86 hal/bus.32
                0x00000000c000d4bc                Bus::Bus(char const*)
                0x00000000c000d4bc                Bus::Bus(char const*)
                0x00000000c000d4f4                Bus::~Bus()
                0x00000000c000d4f4                Bus::~Bus()
                0x00000000c000d518                Bus::~Bus()
 .text          0x00000000c000d542       0x96 hal/buzzer.32
                0x00000000c000d542                beepThread(void*)
                0x00000000c000d57f                Krnl::beep(int, int, bool)
 .text          0x00000000c000d5d8      0x467 hal/clock.32
                0x00000000c000d5d8                User::loadClockSettings(int)
                0x00000000c000d62a                Clock::Clock(char const*)
                0x00000000c000d62a                Clock::Clock(char const*)
                0x00000000c000d660                Clock::~Clock()
                0x00000000c000d660                Clock::~Clock()
                0x00000000c000d684                Clock::~Clock()
                0x00000000c000d6ae                Clock::timeInSecondsLocal()
                0x00000000c000d6f6                Clock::setTimeInSecondsLocal(unsigned long long)
                0x00000000c000d74f                datetimeToSeconds(datetime_t)
                0x00000000c000d876                Clock::setTimeInDatetimeLocal(datetime_t)
                0x00000000c000d8d6                secondsToDatetime(unsigned long long)
                0x00000000c000da1a                Clock::timeInDatetimeLocal()
 *fill*         0x00000000c000da3f        0x1 
 .text          0x00000000c000da40      0x4d0 hal/device.32
                0x00000000c000da40                Device::hibernate()
                0x00000000c000da42                Device::wake()
                0x00000000c000da44                Device::detect()
                0x00000000c000da46                Device::disableLegacy()
                0x00000000c000da48                Device::powerSaving(PowerSavingLevel)
                0x00000000c000da4a                DriverlessDevice::close(int, int, void*)
                0x00000000c000da4e                DriverlessDevice::detect()
                0x00000000c000da50                DriverlessDevice::open(int, int, void*)
                0x00000000c000da64                Device::~Device()
                0x00000000c000da64                Device::~Device()
                0x00000000c000da72                Device::~Device()
                0x00000000c000da9a                Device::findAndLoadDriver()
                0x00000000c000daa8                Device::preOpenPCI(PCIDeviceInfo)
                0x00000000c000dace                Device::preOpenACPI(void*, char*, char*)
                0x00000000c000db0e                Device::addIRQHandler(int, void (*)(regs*, void*), bool, void*)
                0x00000000c000db38                Device::getParent()
                0x00000000c000db44                Device::removeIRQHandler(int, void (*)(regs*, void*), bool)
                0x00000000c000db62                Device::addChild(Device*)
                0x00000000c000dba6                Device::removeAllChildren()
                0x00000000c000dbec                Device::hibernateAll()
                0x00000000c000dc1c                Device::wakeAll()
                0x00000000c000dc4c                Device::detectAll()
                0x00000000c000dc7c                Device::disableLegacyAll()
                0x00000000c000dcac                Device::loadDriversForAll()
                0x00000000c000dcec                Device::closeAll()
                0x00000000c000dd22                Device::powerSavingAll(PowerSavingLevel)
                0x00000000c000dd58                Device::setName(char const*)
                0x00000000c000dd66                Device::Device(char const*)
                0x00000000c000dd66                Device::Device(char const*)
                0x00000000c000de62                Device::getName()
                0x00000000c000de6c                DriverlessDevice::DriverlessDevice(char const*)
                0x00000000c000de6c                DriverlessDevice::DriverlessDevice(char const*)
                0x00000000c000dea2                Device::addToLinkedList(LinkedList<Device>&, DeviceType)
                0x00000000c000dee6                getDevicesOfType(DeviceType)
 .text          0x00000000c000df10       0x86 hal/diskctrl.32
                0x00000000c000df10                HardDiskController::HardDiskController(char const*)
                0x00000000c000df10                HardDiskController::HardDiskController(char const*)
                0x00000000c000df48                HardDiskController::~HardDiskController()
                0x00000000c000df48                HardDiskController::~HardDiskController()
                0x00000000c000df6c                HardDiskController::~HardDiskController()
 .text          0x00000000c000df96       0xe2 hal/diskphys.32
                0x00000000c000df96                PhysicalDisk::eject()
                0x00000000c000df9a                PhysicalDisk::PhysicalDisk(char const*, int)
                0x00000000c000df9a                PhysicalDisk::PhysicalDisk(char const*, int)
                0x00000000c000e002                PhysicalDisk::startCache()
                0x00000000c000e02a                PhysicalDisk::~PhysicalDisk()
                0x00000000c000e02a                PhysicalDisk::~PhysicalDisk()
                0x00000000c000e04e                PhysicalDisk::~PhysicalDisk()
 .text          0x00000000c000e078        0x0 hal/fpu.32
 .text          0x00000000c000e078      0x34c hal/intctrl.32
                0x00000000c000e078                int_handler
                0x00000000c000e100                installISRHandler(int, void (*)(regs*, void*), void*)
                0x00000000c000e148                installIRQHandler(int, void (*)(regs*, void*), bool, void*)
                0x00000000c000e273                uninstallISRHandler(int, void (*)(regs*, void*))
                0x00000000c000e2a7                uninstallIRQHandler(int, void (*)(regs*, void*), bool)
                0x00000000c000e325                setupINTS()
                0x00000000c000e382                convertLegacyIRQNumber(int)
 .text          0x00000000c000e3c4      0x778 hal/keybrd.32
                0x00000000c000e3c4                startGUI(void*)
                0x00000000c000e430                startGUIVESA(void*)
                0x00000000c000e49c                sendKeyToTerminal(unsigned char)
                0x00000000c000e55a                sendKeyboardToken(KeyboardToken)
                0x00000000c000e98c                clearInternalKeybuffer(VgaText*)
                0x00000000c000e9c1                readKeyboard(VgaText*, char*, unsigned long)
                0x00000000c000eab2                Keyboard::Keyboard(char const*)
                0x00000000c000eab2                Keyboard::Keyboard(char const*)
                0x00000000c000eaee                Keyboard::~Keyboard()
                0x00000000c000eaee                Keyboard::~Keyboard()
                0x00000000c000eb12                Keyboard::~Keyboard()
 .text          0x00000000c000eb3c      0x42a hal/logidisk.32
                0x00000000c000eb3c                LogicalDisk::close(int, int, void*)
                0x00000000c000eb40                LogicalDisk::~LogicalDisk()
                0x00000000c000eb40                LogicalDisk::~LogicalDisk()
                0x00000000c000eb64                LogicalDisk::~LogicalDisk()
                0x00000000c000eb8e                LogicalDisk::open(int, int, void*)
                0x00000000c000eba2                LogicalDisk::absoluteToRelative(unsigned long long)
                0x00000000c000ebda                LogicalDisk::relativeToAbsolute(unsigned long long)
                0x00000000c000ec20                LogicalDisk::LogicalDisk(char const*, PhysicalDisk*, unsigned long long, unsigned long long)
                0x00000000c000ec20                LogicalDisk::LogicalDisk(char const*, PhysicalDisk*, unsigned long long, unsigned long long)
                0x00000000c000ecd6                LogicalDisk::assignDriveLetter()
                0x00000000c000ed8c                LogicalDisk::mount()
                0x00000000c000ee14                LogicalDisk::unmount()
                0x00000000c000ee24                LogicalDisk::eject()
                0x00000000c000ee38                LogicalDisk::unassignDriveLetter()
                0x00000000c000ee8e                LogicalDisk::read(unsigned long long, int, void*)
                0x00000000c000eefa                LogicalDisk::write(unsigned long long, int, void*)
 *fill*         0x00000000c000ef66        0x2 
 .text          0x00000000c000ef68       0x86 hal/mouse.32
                0x00000000c000ef68                Mouse::Mouse(char const*)
                0x00000000c000ef68                Mouse::Mouse(char const*)
                0x00000000c000efa0                Mouse::~Mouse()
                0x00000000c000efa0                Mouse::~Mouse()
                0x00000000c000efc4                Mouse::~Mouse()
 .text          0x00000000c000efee      0x339 hal/partition.32
                0x00000000c000efee                makePartition(PhysicalDisk*, unsigned long long, unsigned long long)
                0x00000000c000f096                createPartitionsForDisk(PhysicalDisk*)
 *fill*         0x00000000c000f327        0x1 
 .text          0x00000000c000f328       0x86 hal/serial.32
                0x00000000c000f328                Serial::Serial(char const*)
                0x00000000c000f328                Serial::Serial(char const*)
                0x00000000c000f360                Serial::~Serial()
                0x00000000c000f360                Serial::~Serial()
                0x00000000c000f384                Serial::~Serial()
 *fill*         0x00000000c000f3ae        0x2 
 .text          0x00000000c000f3b0      0x234 hal/timer.32
                0x00000000c000f3b0                Timer::Timer(char const*)
                0x00000000c000f3b0                Timer::Timer(char const*)
                0x00000000c000f3e8                Timer::~Timer()
                0x00000000c000f3e8                Timer::~Timer()
                0x00000000c000f40c                Timer::~Timer()
                0x00000000c000f436                Timer::read()
                0x00000000c000f441                setupTimer(int)
                0x00000000c000f47c                timerHandler(unsigned int)
 .text          0x00000000c000f5e4      0x43e hal/vcache.32
                0x00000000c000f5e4                VCache::VCache(PhysicalDisk*)
                0x00000000c000f5e4                VCache::VCache(PhysicalDisk*)
                0x00000000c000f74c                VCache::invalidateReadBuffer()
                0x00000000c000f75c                VCache::writeWriteBuffer()
                0x00000000c000f7a8                VCache::~VCache()
                0x00000000c000f7a8                VCache::~VCache()
                0x00000000c000f7fc                VCache::~VCache()
                0x00000000c000f824                VCache::write(unsigned long long, int, void*)
                0x00000000c000f91e                VCache::read(unsigned long long, int, void*)
 .text          0x00000000c000fa22      0x4b3 hal/video.32
                0x00000000c000fa22                Video::putrect(int, int, int, int, unsigned int)
                0x00000000c000fa6e                Video::bitblit(int, int, int, int, int, int, int, unsigned int*)
                0x00000000c000fade                Video::blit(unsigned int*, int, int, int, int)
                0x00000000c000fb5c                Video::clearScreen(unsigned int)
                0x00000000c000fb90                Video::putpixel(int, int, unsigned int)
                0x00000000c000fb9e                Video::Video(char const*)
                0x00000000c000fb9e                Video::Video(char const*)
                0x00000000c000fbd4                Video::~Video()
                0x00000000c000fbd4                Video::~Video()
                0x00000000c000fbf8                Video::~Video()
                0x00000000c000fc22                Video::isMonochrome()
                0x00000000c000fc2e                Video::getWidth()
                0x00000000c000fc3a                Video::getHeight()
                0x00000000c000fc46                Video::drawCursor(int, int, unsigned char*, int)
                0x00000000c000fd02                Video::tgaParse(unsigned char*, int, int*, int*)
                0x00000000c000fe6a                Video::putTGA(int, int, unsigned char*, int)
 *fill*         0x00000000c000fed5        0x3 
 .text          0x00000000c000fed8     0x16bf hw/acpi.32
                0x00000000c000fed8                ACPI::close(int, int, void*)
                0x00000000c000ff8c                findRSDP()
                0x00000000c0010060                loadACPITables(unsigned char*)
                0x00000000c00102c4                findRSDT(unsigned char*)
                0x00000000c0010484                findDataTable(unsigned char*, char*)
                0x00000000c00104fc                scanMADT()
                0x00000000c00109d8                ACPI::ACPI()
                0x00000000c00109d8                ACPI::ACPI()
                0x00000000c0010a3c                ACPI::getPCIIRQAssignment(unsigned char, unsigned short, unsigned char)
                0x00000000c0010b24                ACPI::registerPCIIRQAssignment(void*, unsigned short, unsigned char, unsigned char)
                0x00000000c0010bec                ACPI::setScreenBrightnessLevel(void*, int)
                0x00000000c0010bf4                ACPI::detectPCI()
                0x00000000c00110d8                ACPI::writeSimpleBootFlag(SimpleBootFlagTable*)
                0x00000000c0011120                ACPI::sleep()
                0x00000000c001115c                ACPI::open(int, int, void*)
 *fill*         0x00000000c0011597        0x1 
 .text          0x00000000c0011598      0xdcb hw/cpu.32
                0x00000000c0011598                CPU::close(int, int, void*)
                0x00000000c001159c                CPU::AMD_K6_write_msr(unsigned int, unsigned int, unsigned int, CPU::REGS*)
                0x00000000c00115b8                CPU::AMD_K6_read_msr(unsigned int, CPU::REGS*)
                0x00000000c00115d0                CPU::AMD_K6_writeback(int, int, int)
                0x00000000c0011644                CPU::cpuid(int, unsigned long*, unsigned long*, unsigned long*, unsigned long*)
                0x00000000c00116c8                CPU::cpuidCheckEDX(unsigned int)
                0x00000000c00116f6                CPU::cpuidCheckECX(unsigned int)
                0x00000000c0011724                CPU::cpuidCheckExtendedEBX(unsigned int)
                0x00000000c0011752                CPU::cpuidCheckExtendedECX(unsigned int)
                0x00000000c0011780                CPU::CPU()
                0x00000000c0011780                CPU::CPU()
                0x00000000c001180e                CPU::displayFeatures()
                0x00000000c0011810                CPU::detectFeatures()
                0x00000000c0011ee6                CPU::setupSMEP()
                0x00000000c0011ef2                CPU::setupUMIP()
                0x00000000c0011efc                CPU::setupTSC()
                0x00000000c0011f06                CPU::setupLargePages()
                0x00000000c0011f10                CPU::setupPAT()
                0x00000000c0011f4c                CPU::setupMTRR()
                0x00000000c0011f4e                CPU::setupGlobalPages()
                0x00000000c0011f58                CPU::allowUsermodeDataAccess()
                0x00000000c0011f6a                CPU::prohibitUsermodeDataAccess()
                0x00000000c0011f7c                CPU::setupSMAP()
                0x00000000c0011f8a                CPU::setupFeatures()
                0x00000000c0012056                CPU::open(int, int, void*)
                0x00000000c0012168                CPU::decodeAddress(regs*, int*, bool*, unsigned char*)
 .text          0x00000000c0012363      0x16a hw/smp.32
                0x00000000c0012363                Krnl::smpEntry()
                0x00000000c0012365                Krnl::startCPU(int)
                0x00000000c00124ae                Krnl::startCPUs()
 *fill*         0x00000000c00124cd        0x1 
 .text          0x00000000c00124ce      0x581 krnl/env.32
                0x00000000c00124ce                EnvVarContainer::getEnv(char const*)
                0x00000000c001250c                EnvVarContainer::setEnv(char const*, char const*)
                0x00000000c00125ce                EnvVarContainer::deleteEnv(char const*)
                0x00000000c00125d0                EnvVarContainer::loadFrom(char const*, char const*)
                0x00000000c00127b6                EnvVarContainer::__loadSystem()
                0x00000000c00127d0                EnvVarContainer::__loadUser()
                0x00000000c00127d2                EnvVarContainer::EnvVarContainer(Process*)
                0x00000000c00127d2                EnvVarContainer::EnvVarContainer(Process*)
                0x00000000c00127f4                EnvVarContainer::~EnvVarContainer()
                0x00000000c00127f4                EnvVarContainer::~EnvVarContainer()
                0x00000000c0012824                Krnl::getEnv(Process*, char const*)
                0x00000000c0012889                Krnl::setEnvSystem(char const*, char const*)
                0x00000000c00128a3                Krnl::setEnvUser(char const*, char const*)
                0x00000000c00128c2                Krnl::setEnvProcess(Process*, char const*, char const*)
                0x00000000c00128d5                Krnl::deleteEnvSystem(char const*)
                0x00000000c00128d6                Krnl::deleteEnvUser(char const*)
                0x00000000c00128d7                Krnl::deleteEnvProcess(Process*, char const*)
                0x00000000c00128d8                Krnl::newProcessEnv(Process*)
                0x00000000c00128fa                Krnl::copyProcessEnv(Process*, Process*)
                0x00000000c0012946                Krnl::loadSystemEnv()
                0x00000000c0012974                Krnl::loadUserEnv()
                0x00000000c001299a                Krnl::flushEnv()
                0x00000000c001299b                Krnl::getProcessTotalEnvCount(Process*)
                0x00000000c00129bb                Krnl::getProcessEnvPair(Process*, int)
 .text          0x00000000c0012a4f      0x243 krnl/panic.32
                0x00000000c0012a4f                Krnl::panic(char const*)
 .text          0x00000000c0012c92      0x194 krnl/powctrl.32
                0x00000000c0012c92                Krnl::powerThread(void*)
                0x00000000c0012d12                Krnl::changePowerSettings(Krnl::PowerSettings)
                0x00000000c0012d28                Krnl::userIOReceived()
                0x00000000c0012d33                Krnl::handlePowerButton()
                0x00000000c0012d68                Krnl::handleSleepButton()
                0x00000000c0012d9d                Krnl::setupPowerManager()
 .text          0x00000000c0012e26      0x50e reg/registry.32
                0x00000000c0012e26                Reg::findLineFromLoadedData(char*, char*, char*)
                0x00000000c0012f7e                Reg::getLineFromRegistry(char*, char*, char*, char*)
                0x00000000c00130d3                Reg::getLine(char*, char*, char*)
                0x00000000c001310a                Reg::readInt(char*, char*, int*)
                0x00000000c00131f5                Reg::readString(char*, char*, char*, int)
                0x00000000c0013276                Reg::readBool(char*, char*, bool*)
                0x00000000c001329b                Reg::readBoolWithDefault(char*, char*, bool)
                0x00000000c00132c7                Reg::readIntWithDefault(char*, char*, int)
                0x00000000c00132f3                Reg::readStringWithDefault(char*, char*, char*, int, char*)
 .text          0x00000000c0013334       0x36 sys/sc_eject.32
                0x00000000c0013334                Sys::eject(regs*)
 .text          0x00000000c001336a       0x18 sys/sc_exit.32
                0x00000000c001336a                Sys::exit(regs*)
 .text          0x00000000c0013382       0x1f sys/sc_getcwd.32
                0x00000000c0013382                Sys::getCwd(regs*)
 .text          0x00000000c00133a1        0xc sys/sc_getpid.32
                0x00000000c00133a1                Sys::getPID(regs*)
 .text          0x00000000c00133ad       0x1a sys/sc_getramdata.32
                0x00000000c00133ad                Sys::getRAMData(regs*)
 .text          0x00000000c00133c7       0x84 sys/sc_getvgaptr.32
                0x00000000c00133c7                Sys::getVGAPtr(regs*)
 .text          0x00000000c001344b       0xa8 sys/sc_loaddll.32
                0x00000000c001344b                Sys::loadDLL(regs*)
 .text          0x00000000c00134f3       0x68 sys/sc_read.32
                0x00000000c00134f3                Sys::read(regs*)
 .text          0x00000000c001355b       0x55 sys/sc_sbrk.32
                0x00000000c001355b                Sys::sbrk(regs*)
 .text          0x00000000c00135b0       0x1c sys/sc_setcwd.32
                0x00000000c00135b0                Sys::setCwd(regs*)
 .text          0x00000000c00135cc       0x95 sys/sc_settime.32
                0x00000000c00135cc                Sys::setTime(regs*)
 .text          0x00000000c0013661       0x4a sys/sc_timezone.32
                0x00000000c0013661                Sys::timezone(regs*)
 .text          0x00000000c00136ab       0x68 sys/sc_write.32
                0x00000000c00136ab                Sys::write(regs*)
 .text          0x00000000c0013713       0x62 sys/sc_wsbe.32
                0x00000000c0013713                Sys::wsbe(regs*)
 .text          0x00000000c0013775       0x25 sys/sc_yield.32
                0x00000000c0013775                Sys::yield(regs*)
 .text          0x00000000c001379a      0xe70 sys/syscalls.32
                0x00000000c001379a                sysCallSeekDir(regs*)
                0x00000000c001379f                sysCallTellDir(regs*)
                0x00000000c00137a4                sysCallVerify(regs*)
                0x00000000c00137ae                sysCallGetArgc(regs*)
                0x00000000c00137be                sysFormatDisk(regs*)
                0x00000000c0013828                sysSetDiskVolumeLabel(regs*)
                0x00000000c0013872                sysGetDiskVolumeLabel(regs*)
                0x00000000c00138c7                sysShutdown(regs*)
                0x00000000c0013925                sysCallRealpath(regs*)
                0x00000000c0013968                sysCallReadDir(regs*)
                0x00000000c00139e7                sysCallIsATTY(regs*)
                0x00000000c0013a41                sysCallSeek(regs*)
                0x00000000c0013a98                sysCallTell(regs*)
                0x00000000c0013b04                sysCallSize(regs*)
                0x00000000c0013b76                sysCallSizeFromFilename(regs*)
                0x00000000c0013c25                sysCallClose(regs*)
                0x00000000c0013c85                sysCallOpenDir(regs*)
                0x00000000c0013cfa                sysCallCloseDir(regs*)
                0x00000000c0013d4e                sysCallMakeDir(regs*)
                0x00000000c0013dbe                sysCallWait(regs*)
                0x00000000c0013dd8                sysCallNotImpl(regs*)
                0x00000000c0013df3                sysPanic(regs*)
                0x00000000c0013e0d                sysCallRmdir(regs*)
                0x00000000c0013e71                sysCallUnlink(regs*)
                0x00000000c0013ed5                sysCallGetArgv(regs*)
                0x00000000c0013f21                sysCallTTYName(regs*)
                0x00000000c0013fa4                sysCallUSleep(regs*)
                0x00000000c0013fcd                sysCallSpawn(regs*)
                0x00000000c0014035                sysCallGetEnv(regs*)
                0x00000000c00140e2                sysSetFatAttrib(regs*)
                0x00000000c0014154                sysPipe(regs*)
                0x00000000c0014199                sysGetUnixTime(regs*)
                0x00000000c00141ad                string_ends_with(char const*, char const*)
                0x00000000c00141f5                sysCallOpen(regs*)
                0x00000000c00143dd                Sys::loadSyscalls()
                0x00000000c00145c8                Sys::systemCall(regs*, void*)
 .text          0x00000000c001460a     0x1203 thr/elf.32
                0x00000000c001460a                Thr::allocateMemoryForTask(Process*, File*, unsigned long, unsigned long, unsigned long)
                0x00000000c00148b4                Thr::loadProgramIntoMemory(Process*, char const*)
                0x00000000c0014aca                Thr::runtimeReferenceHelper()
                0x00000000c0014add                Thr::getAddressOfKernelSymbol(char const*)
                0x00000000c0014b2c                Thr::loadKernelSymbolTable(char const*)
                0x00000000c0014dea                Thr::loadDriverIntoMemory(char const*, unsigned long, bool)
                0x00000000c0015520                Thr::getDriverBaseFromAddress(unsigned long)
                0x00000000c0015552                Thr::getDriverNameFromAddress(unsigned long)
                0x00000000c0015589                Thr::getDriverOffsetFromAddress(unsigned long)
                0x00000000c00155a3                Thr::loadDLL(char const*, bool)
                0x00000000c00157d4                Thr::executeDLL(unsigned long, void*)
 *fill*         0x00000000c001580d        0x3 
 .text          0x00000000c0015810     0x12a1 thr/prcssthr.32
                0x00000000c0015810                userModeEntryPoint(void*)
                0x00000000c0015838                changeTSS
                0x00000000c0015868                switchToThread(ThreadControlBlock*)
                0x00000000c0015914                Process::addArgs(char**)
                0x00000000c0015974                Process::Process(char const*, Process*, char**)
                0x00000000c0015974                Process::Process(char const*, Process*, char**)
                0x00000000c0015b60                Process::Process(bool, char const*, Process*, char**)
                0x00000000c0015b60                Process::Process(bool, char const*, Process*, char**)
                0x00000000c0015d18                taskStartupFunction
                0x00000000c0015d24                Semaphore::Semaphore(int)
                0x00000000c0015d24                Semaphore::Semaphore(int)
                0x00000000c0015d54                Mutex::Mutex()
                0x00000000c0015d54                Mutex::Mutex()
                0x00000000c0015d68                Process::createThread(void (*)(void*), void*, int)
                0x00000000c0015e60                Process::createUserThread()
                0x00000000c0015e7c                setupMultitasking(void (*)())
                0x00000000c0015f84                schedule()
                0x00000000c0016010                Semaphore::tryAcquire()
                0x00000000c00160dc                Semaphore::assertLocked(char const*)
                0x00000000c0016154                blockTaskWithSchedulerLockAlreadyHeld(TaskState)
                0x00000000c001617c                blockTask(TaskState)
                0x00000000c00161ac                waitTask(int, int*, int)
                0x00000000c00161f0                milliTenthSleepUntil(unsigned int)
                0x00000000c001627c                milliTenthSleep(unsigned int)
                0x00000000c001628c                sleep(unsigned int)
                0x00000000c00162a8                Semaphore::acquire()
                0x00000000c0016364                taskReturned
                0x00000000c00163a0                Thr::processFromPID(int)
                0x00000000c0016440                unblockTask(ThreadControlBlock*)
                0x00000000c00164e4                cleanupTerminatedTask(ThreadControlBlock*)
                0x00000000c00167ac                cleanerTaskFunction(void*)
                0x00000000c001689c                terminateTask(int)
                0x00000000c0016968                Thr::terminateFromIRQ(int)
                0x00000000c0016974                Semaphore::release()
 .text          0x00000000c0016ab1      0xb93 vm86/vm8086.32
                0x00000000c0016ab1                Vm::inbv(unsigned short)
                0x00000000c0016ac4                Vm::outbv(unsigned short, unsigned char)
                0x00000000c0016afa                Vm::realToLinear(unsigned short, unsigned short)
                0x00000000c0016b0a                Vm::getSegment(unsigned int)
                0x00000000c0016b12                Vm::getOffset(unsigned int)
                0x00000000c0016b17                Vm::mainloop2()
                0x00000000c0016b51                Vm::mainVm8086Loop(void*)
                0x00000000c0016b61                Vm::mainloop3(unsigned long)
                0x00000000c0016b87                Vm::initialise8086()
                0x00000000c0016bca                Vm::finish8086()
                0x00000000c0016c2b                Vm::getOutput8086(unsigned char*)
                0x00000000c0016c50                Vm::start8086FromBuffer(unsigned char*, int, unsigned short, unsigned short, unsigned short, unsigned short)
                0x00000000c0016d09                Vm::start8086(char const*, unsigned short, unsigned short, unsigned short, unsigned short)
                0x00000000c0016e71                Vm::doISR(regs*, int, unsigned char*, unsigned short, unsigned short)
                0x00000000c0016efb                Vm::readByteFromReal(unsigned short, unsigned short)
                0x00000000c0016f0c                Vm::readWordFromReal(unsigned short, unsigned short)
                0x00000000c0016f1e                Vm::readDwordFromReal(unsigned short, unsigned short)
                0x00000000c0016f2f                Vm::writeByteFromReal(unsigned short, unsigned short, unsigned char)
                0x00000000c0016f44                Vm::writeWordFromReal(unsigned short, unsigned short, unsigned short)
                0x00000000c0016f5a                Vm::writeDwordFromReal(unsigned short, unsigned short, unsigned int)
                0x00000000c0016f6f                Vm::faultHandler(regs*)
 .text          0x00000000c0017644      0xfcd vm86/x87em.32
                0x00000000c0017644                Vm::fpuInternalTo32(unsigned long long)
                0x00000000c00176a2                Vm::fpuInternalTo64(unsigned long long)
                0x00000000c00176ab                Vm::fpu32ToInternal(unsigned int)
                0x00000000c00176f0                Vm::fpu64ToInternal(unsigned long long)
                0x00000000c00176f9                Vm::fpuFloatToLong(unsigned long long)
                0x00000000c0017758                Vm::fpuULongToFloat(unsigned long long)
                0x00000000c0017794                Vm::fpuLongToFloat(long long)
                0x00000000c00177f3                Vm::fpuGet0()
                0x00000000c00177f8                Vm::fpuGet1()
                0x00000000c0017800                Vm::fpuGetPi()
                0x00000000c0017808                Vm::fpuGetLog2E()
                0x00000000c0017820                Vm::fpuGetLogE2()
                0x00000000c0017838                Vm::fpuGetLog210()
                0x00000000c0017850                Vm::fpuGetLog102()
                0x00000000c0017868                Vm::fpuIsSecondLarger(unsigned long long, unsigned long long)
                0x00000000c001787c                Vm::fpuAreEqual(unsigned long long, unsigned long long)
                0x00000000c0017892                Vm::fpuUnorderedCompare(unsigned long long, unsigned long long)
                0x00000000c00178e8                Vm::fpuAdd(unsigned long long, unsigned long long)
                0x00000000c00178f9                Vm::fpuAbs(unsigned long long)
                0x00000000c0017902                Vm::fpuChs(unsigned long long)
                0x00000000c0017912                Vm::fpuSub(unsigned long long, unsigned long long)
                0x00000000c0017921                Vm::fpuMultiply(unsigned long long, unsigned long long)
                0x00000000c0017940                Vm::fpuDivide(unsigned long long, unsigned long long)
                0x00000000c001795c                Vm::fpuSquare(unsigned long long)
                0x00000000c0017972                Vm::fpuGetReg(int)
                0x00000000c00179b5                Vm::fpuSetReg(int, unsigned long long)
                0x00000000c0017a01                Vm::fpuPush(unsigned long long)
                0x00000000c0017a5f                Vm::fpuPop()
                0x00000000c0017ab2                Vm::x87Handler(regs*)
 .text          0x00000000c0018611     0x1096 arch/i386/hal.32
                0x00000000c0018611                Hal::noCopro(unsigned long)
                0x00000000c0018612                Hal::noTSC()
                0x00000000c0018617                Hal::readTSC()
                0x00000000c001861a                nmiHandler(regs*, void*)
                0x00000000c0018633                doubleFault(regs*, void*)
                0x00000000c001864c                displayDebugInfo(regs*)
                0x00000000c0018ca0                displayProgramFault(char const*)
                0x00000000c0018cdd                gpFault(regs*, void*)
                0x00000000c0018d52                pgFault(regs*, void*)
                0x00000000c0018ddc                otherISRHandler(regs*, void*)
                0x00000000c0018e30                opcodeFault(regs*, void*)
                0x00000000c001922a                i386SaveCoprocessor(void*)
                0x00000000c001923e                i386LoadCoprocessor(void*)
                0x00000000c0019252                x87EmulHandler(regs*, void*)
                0x00000000c0019312                Hal::initialiseCoprocessor()
                0x00000000c00193f4                Hal::panic(char const*)
                0x00000000c00193f9                Hal::initialise()
                0x00000000c0019639                Hal::makeBeep(int)
                0x00000000c0019673                Hal::getRand()
                0x00000000c0019676                Hal::endOfInterrupt(int)
 *fill*         0x00000000c00196a7        0x1 
 .text          0x00000000c00196a8      0x2dc arch/i386/pic.32
                0x00000000c00196a8                picIoWait()
                0x00000000c00196b0                picDisable()
                0x00000000c00196e4                picGetIRQReg(int)
                0x00000000c0019760                picOpen()
                0x00000000c00198e4                picEOI(int)
 .text          0x00000000c0019984      0x724 arch/i386/rtc.32
                0x00000000c0019984                RTC::open(int, int, void*)
                0x00000000c0019988                RTC::close(int, int, void*)
                0x00000000c001998c                RTC::timeInSecondsUTC()
                0x00000000c001999e                RTC::timeInDatetimeUTC()
                0x00000000c00199c4                RTC::setTimeInSecondsUTC(unsigned long long)
                0x00000000c0019a02                RTC::~RTC()
                0x00000000c0019a02                RTC::~RTC()
                0x00000000c0019a26                RTC::~RTC()
                0x00000000c0019a50                RTC::get_update_in_progress_flag()
                0x00000000c0019a68                RTC::completeRTCRefresh()
                0x00000000c0019d32                RTC::setTimeInDatetimeUTC(datetime_t)
                0x00000000c0019fac                rtcIRQHandler(regs*, void*)
                0x00000000c0019ff2                RTC::RTC()
                0x00000000c0019ff2                RTC::RTC()
 .text          0x00000000c001a0a8      0x1f7 arch/i386/vga.32
                0x00000000c001a0a8                Hal::consoleScroll(int, int)
                0x00000000c001a1b0                Hal::consoleWriteCharacter(char, int, int, int, int)
                0x00000000c001a214                Hal::consoleCursorUpdate(int, int)
 *fill*         0x00000000c001a29f        0x1 
 .text          0x00000000c001a2a0     0x13b7 fs/fat/vfslink.32
                0x00000000c001a2a0                FAT::getName()
                0x00000000c001a2a8                FAT::tell(void*, unsigned long long*)
                0x00000000c001a2e4                FAT::stat(void*, unsigned long long*)
                0x00000000c001a320                FAT::~FAT()
                0x00000000c001a320                FAT::~FAT()
                0x00000000c001a344                FAT::~FAT()
                0x00000000c001a36c                FAT::getlabel(LogicalDisk*, int, char*, unsigned int*)
                0x00000000c001a410                FAT::setlabel(LogicalDisk*, int, char*)
                0x00000000c001a4d4                FAT::format(LogicalDisk*, int, char const*, int)
                0x00000000c001a6a8                FAT::tryMount(LogicalDisk*, int)
                0x00000000c001a8c0                FAT::allocateSwapfile(char const*, int)
                0x00000000c001aa7c                FAT::readDir(void*, unsigned long, void*, int*)
                0x00000000c001abe8                FAT::read(void*, unsigned long, void*, int*)
                0x00000000c001ac48                FAT::write(void*, unsigned long, void*, int*)
                0x00000000c001aca8                FAT::close(void*)
                0x00000000c001acfc                FAT::closeDir(void*)
                0x00000000c001ad50                FAT::seek(void*, unsigned long long)
                0x00000000c001adac                fatWrapperReadDisk
                0x00000000c001adf4                fatWrapperWriteDisk
                0x00000000c001ae3c                fatWrapperIoctl
                0x00000000c001af4c                FAT::FAT()
                0x00000000c001af4c                FAT::FAT()
                0x00000000c001afa0                FAT::fixFilepath(char*)
                0x00000000c001afdc                FAT::open(char const*, void**, FileOpenMode)
                0x00000000c001b110                FAT::openDir(char const*, void**)
                0x00000000c001b1c0                FAT::stat(char const*, unsigned long long*, bool*)
                0x00000000c001b2b4                FAT::unlink(char const*)
                0x00000000c001b334                FAT::chfatattr(char const*, unsigned char, unsigned char)
                0x00000000c001b49c                FAT::rename(char const*, char const*)
                0x00000000c001b568                FAT::mkdir(char const*)
                0x00000000c001b5e8                FAT::exists(char const*)
 *fill*         0x00000000c001b657        0x1 
 .text          0x00000000c001b658      0xba7 fs/iso9660/vfslink.32
                0x00000000c001b658                ISO9660::format(LogicalDisk*, int, char const*, int)
                0x00000000c001b65e                ISO9660::seek(void*, unsigned long long)
                0x00000000c001b68e                ISO9660::tell(void*, unsigned long long*)
                0x00000000c001b6b2                ISO9660::getName()
                0x00000000c001b6b8                ISO9660::stat(void*, unsigned long long*)
                0x00000000c001b6dc                ISO9660::chfatattr(char const*, unsigned char, unsigned char)
                0x00000000c001b6e2                ISO9660::unlink(char const*)
                0x00000000c001b6e8                ISO9660::write(void*, unsigned long, void*, int*)
                0x00000000c001b6ee                ISO9660::rename(char const*, char const*)
                0x00000000c001b6f4                ISO9660::mkdir(char const*)
                0x00000000c001b6fa                ISO9660::close(void*)
                0x00000000c001b71c                ISO9660::closeDir(void*)
                0x00000000c001b73e                ISO9660::~ISO9660()
                0x00000000c001b73e                ISO9660::~ISO9660()
                0x00000000c001b762                ISO9660::~ISO9660()
                0x00000000c001b789                __memmem(unsigned char*, int, unsigned char*, int)
                0x00000000c001b7cb                readSectorFromCDROM(unsigned int, unsigned char*, char)
                0x00000000c001b846                ISO9660::tryMount(LogicalDisk*, int)
                0x00000000c001b8a6                ISO9660::read(void*, unsigned long, void*, int*)
                0x00000000c001baaa                ISO9660::readDir(void*, unsigned long, void*, int*)
                0x00000000c001bd24                readRoot(unsigned int*, unsigned int*, char)
                0x00000000c001bd78                readRecursively(char*, unsigned int, unsigned int, unsigned int*, unsigned int*, char, int*)
                0x00000000c001bf4e                getFileData(char*, unsigned int*, unsigned int*, char, int*)
                0x00000000c001bfdc                ISO9660::open(char const*, void**, FileOpenMode)
                0x00000000c001c08a                ISO9660::exists(char const*)
                0x00000000c001c0ae                ISO9660::stat(char const*, unsigned long long*, bool*)
                0x00000000c001c142                ISO9660::openDir(char const*, void**)
                0x00000000c001c1dc                ISO9660::ISO9660()
                0x00000000c001c1dc                ISO9660::ISO9660()
 *fill*         0x00000000c001c1ff        0x1 
 .text          0x00000000c001c200      0x298 hal/sound/sndcard.32
                0x00000000c001c200                SoundCard::beginPlayback()
                0x00000000c001c20e                SoundCard::stopPlayback()
                0x00000000c001c21c                SoundCard::SoundCard(char const*)
                0x00000000c001c21c                SoundCard::SoundCard(char const*)
                0x00000000c001c2ba                SoundCard::~SoundCard()
                0x00000000c001c2ba                SoundCard::~SoundCard()
                0x00000000c001c2de                SoundCard::~SoundCard()
                0x00000000c001c308                SoundCard::configureRates(int, int, int)
                0x00000000c001c338                SoundCard::getSamples16(int, short*)
                0x00000000c001c3a2                SoundCard::getSamples32(int, int*)
                0x00000000c001c428                SoundCard::addChannel(SoundPort*)
                0x00000000c001c484                SoundCard::removeChannel(int)
 .text          0x00000000c001c498      0x3fb hal/sound/sndport.32
                0x00000000c001c498                SoundPort::SoundPort(int, int, int, int)
                0x00000000c001c498                SoundPort::SoundPort(int, int, int, int)
                0x00000000c001c524                SoundPort::~SoundPort()
                0x00000000c001c524                SoundPort::~SoundPort()
                0x00000000c001c558                SoundPort::unpause()
                0x00000000c001c564                SoundPort::pause()
                0x00000000c001c570                SoundPort::getBufferUsed()
                0x00000000c001c578                SoundPort::getBufferSize()
                0x00000000c001c580                SoundPort::buffer16(short*, int)
                0x00000000c001c634                SoundPort::buffer32(int*, int)
                0x00000000c001c6e0                SoundPort::unbufferAndAdd16(int, short*, SoundCard*)
                0x00000000c001c7dc                SoundPort::unbufferAndAdd32(int, int*, SoundCard*)
 .text          0x00000000c001c893        0x0 hw/bus/isa.32
 *fill*         0x00000000c001c893        0x1 
 .text          0x00000000c001c894     0x1187 hw/bus/pci.32
                0x00000000c001c894                PCI::open(int, int, void*)
                0x00000000c001c8b2                PCI::close(int, int, void*)
                0x00000000c001c8b6                PCI::PCI()
                0x00000000c001c8b6                PCI::PCI()
                0x00000000c001c94c                PCI::readBAR8(unsigned int, int)
                0x00000000c001c968                PCI::readBAR16(unsigned int, int)
                0x00000000c001c986                PCI::readBAR32(unsigned int, int)
                0x00000000c001c9a2                PCI::writeBAR8(unsigned int, unsigned char, int)
                0x00000000c001c9c2                PCI::writeBAR16(unsigned int, unsigned short, int)
                0x00000000c001c9e4                PCI::writeBAR32(unsigned int, unsigned int, int)
                0x00000000c001ca04                PCI::legacyMechanism(unsigned char, unsigned char, unsigned char, unsigned char)
                0x00000000c001ca72                PCI::pciReadWord(unsigned char, unsigned char, unsigned char, unsigned char)
                0x00000000c001cb1a                PCI::getVendorID(unsigned char, unsigned char, unsigned char)
                0x00000000c001cb3e                PCI::getHeaderType(unsigned char, unsigned char, unsigned char)
                0x00000000c001cb66                PCI::getClassCode(unsigned char, unsigned char, unsigned char)
                0x00000000c001cbb0                PCI::getProgIF(unsigned char, unsigned char, unsigned char)
                0x00000000c001cbd8                PCI::getRevisionID(unsigned char, unsigned char, unsigned char)
                0x00000000c001cbfc                PCI::getInterruptNumber(unsigned char, unsigned char, unsigned char)
                0x00000000c001cc20                PCI::getSecondaryBus(unsigned char, unsigned char, unsigned char)
                0x00000000c001cc48                PCI::getBARAddress(unsigned char, unsigned char, unsigned char, unsigned char)
                0x00000000c001ccac                PCI::pciWriteWord(unsigned char, unsigned char, unsigned char, unsigned char, unsigned short)
                0x00000000c001cd94                PCI::pciDetailsToFilepath(PCIDeviceInfo, char*)
                0x00000000c001d186                PCI::checkBus(unsigned char)
                0x00000000c001d1aa                PCI::foundDevice(PCIDeviceInfo)
                0x00000000c001d5ea                PCI::getDeviceData(unsigned char, unsigned char, unsigned char)
                0x00000000c001d95c                PCI::checkDevice(unsigned char, unsigned char)
                0x00000000c001d9c8                PCI::detect()
 *fill*         0x00000000c001da1b        0x1 
 .text          0x00000000c001da1c      0xb66 hw/diskctrl/ide.32
                0x00000000c001da1c                IDE::close(int, int, void*)
                0x00000000c001da20                IDE::IDE()
                0x00000000c001da20                IDE::IDE()
                0x00000000c001da54                IDE::prepareInterrupt(unsigned char)
                0x00000000c001da66                selectDrive(unsigned char, unsigned char)
                0x00000000c001da68                IDE::getBase(unsigned char)
                0x00000000c001da7a                IDE::write(unsigned char, unsigned char, unsigned char)
                0x00000000c001db3a                IDE::read(unsigned char, unsigned char)
                0x00000000c001dbe8                IDE::waitInterrupt(unsigned char)
                0x00000000c001dc4a                ideChannel0IRQHandler(regs*, void*)
                0x00000000c001dc66                ideChannel1IRQHandler(regs*, void*)
                0x00000000c001dc82                IDE::enableIRQs(unsigned char, bool)
                0x00000000c001dcc8                IDE::open(int, int, void*)
                0x00000000c001e0f2                IDE::readBuffer(unsigned char, unsigned char, unsigned int, unsigned int)
                0x00000000c001e1be                IDE::detect()
                0x00000000c001e47e                IDE::printError(unsigned char, unsigned char, unsigned char)
                0x00000000c001e52e                IDE::polling(unsigned char, unsigned int)
 .text          0x00000000c001e582      0x46c hw/diskctrl/satabus.32
                0x00000000c001e582                SATABus::close(int, int, void*)
                0x00000000c001e586                SATABus::detect()
                0x00000000c001e588                SATABus::SATABus()
                0x00000000c001e588                SATABus::SATABus()
                0x00000000c001e60e                SATABus::findCmdslot(SATABus::tagHBA_PORT volatile*)
                0x00000000c001e640                SATABus::checkType(SATABus::tagHBA_PORT volatile*)
                0x00000000c001e688                SATABus::startCmd(SATABus::tagHBA_PORT volatile*)
                0x00000000c001e6a8                SATABus::stopCmd(SATABus::tagHBA_PORT volatile*)
                0x00000000c001e6d2                SATABus::portRebase(SATABus::tagHBA_PORT volatile*, int)
                0x00000000c001e7d8                SATABus::probePort(SATABus::tagHBA_MEM volatile*)
                0x00000000c001e9ba                SATABus::open(int, int, void*)
 .text          0x00000000c001e9ee      0x684 hw/diskphys/ata.32
                0x00000000c001e9ee                ATA::close(int, int, void*)
                0x00000000c001ea12                ATA::powerSaving(PowerSavingLevel)
                0x00000000c001ea14                ATA::ATA()
                0x00000000c001ea14                ATA::ATA()
                0x00000000c001ea42                ATA::flush(bool)
                0x00000000c001ea8c                ATA::readyForCommand()
                0x00000000c001ead8                ATA::access(unsigned long long, int, void*, bool)
                0x00000000c001eece                ATA::read(unsigned long long, int, void*)
                0x00000000c001ef1a                ATA::write(unsigned long long, int, void*)
                0x00000000c001ef7c                ATA::detectCHS()
                0x00000000c001efa6                ATA::open(int, int, void*)
 .text          0x00000000c001f072      0x645 hw/diskphys/atapi.32
                0x00000000c001f072                ATAPI::write(unsigned long long, int, void*)
                0x00000000c001f078                ATAPI::close(int, int, void*)
                0x00000000c001f09c                ATAPI::ATAPI()
                0x00000000c001f09c                ATAPI::ATAPI()
                0x00000000c001f0ca                ATAPI::readyForCommand()
                0x00000000c001f11c                ATAPI::sendPacket(unsigned char*, int, bool, unsigned short*, int)
                0x00000000c001f3dc                ATAPI::diskRemoved()
                0x00000000c001f438                ATAPI::eject()
                0x00000000c001f480                ATAPI::diskInserted()
                0x00000000c001f49c                ATAPI::detectMedia()
                0x00000000c001f558                ATAPI::open(int, int, void*)
                0x00000000c001f638                ATAPI::read(unsigned long long, int, void*)
 *fill*         0x00000000c001f6b7        0x1 
 .text          0x00000000c001f6b8      0xa68 hw/diskphys/sata.32
                0x00000000c001f6b8                SATA::close(int, int, void*)
                0x00000000c001f6dc                SATA::powerSaving(PowerSavingLevel)
                0x00000000c001f6de                SATA::open(int, int, void*)
                0x00000000c001f8d4                SATA::SATA()
                0x00000000c001f8d4                SATA::SATA()
                0x00000000c001f902                SATA::access(unsigned long long, int, void*, bool)
                0x00000000c001fefa                SATA::read(unsigned long long, int, void*)
                0x00000000c001fffa                SATA::write(unsigned long long, int, void*)
 .text          0x00000000c0020120      0x642 hw/diskphys/satapi.32
                0x00000000c0020120                SATAPI::write(unsigned long long, int, void*)
                0x00000000c0020126                SATAPI::close(int, int, void*)
                0x00000000c002014a                SATAPI::SATAPI()
                0x00000000c002014a                SATAPI::SATAPI()
                0x00000000c0020178                SATAPI::diskRemoved()
                0x00000000c002017a                SATAPI::diskInserted()
                0x00000000c0020196                SATAPI::sendPacket(unsigned char*, int, unsigned long long, unsigned short*, int)
                0x00000000c0020424                SATAPI::eject()
                0x00000000c0020460                SATAPI::detectMedia()
                0x00000000c002058a                SATAPI::open(int, int, void*)
                0x00000000c002068a                SATAPI::read(unsigned long long, int, void*)
 .text          0x00000000c0020762      0x43f hw/intctrl/apic.32
                0x00000000c0020762                IOAPIC::close(int, int, void*)
                0x00000000c0020768                apicGetBase()
                0x00000000c00207aa                IOAPIC::IOAPIC()
                0x00000000c00207aa                IOAPIC::IOAPIC()
                0x00000000c00207d2                apicOpen()
                0x00000000c002092c                IOAPIC::handlesGSIWithNumber(unsigned int)
                0x00000000c002095e                IOAPIC::read(int)
                0x00000000c0020986                IOAPIC::open(int, int, void*)
                0x00000000c0020a7c                IOAPIC::write(int, int)
                0x00000000c0020aa8                IOAPIC::redirect(unsigned char, unsigned long long, unsigned char, bool, bool)
 *fill*         0x00000000c0020ba1        0x3 
 .text          0x00000000c0020ba4       0xf0 hw/timer/apictimer.32
                0x00000000c0020ba4                APICTimer::close(int, int, void*)
                0x00000000c0020bac                apicTimerHandler(regs*, void*)
                0x00000000c0020bd4                APICTimer::open(int, int, void*)
                0x00000000c0020c44                APICTimer::write(int)
                0x00000000c0020c6c                APICTimer::APICTimer()
                0x00000000c0020c6c                APICTimer::APICTimer()
 .text          0x00000000c0020c94      0x1a3 hw/timer/pit.32
                0x00000000c0020c94                PIT::write(int)
                0x00000000c0020d14                pitHandler(regs*, void*)
                0x00000000c0020d38                PIT::open(int, int, void*)
                0x00000000c0020d88                PIT::close(int, int, void*)
                0x00000000c0020db8                PIT::PIT()
                0x00000000c0020db8                PIT::PIT()
 *fill*         0x00000000c0020e37        0x9 
 .text          0x00000000c0020e40       0x83 arch/i386/avx.32
                0x00000000c0020e40                avxDetect
                0x00000000c0020e6a                avxSave
                0x00000000c0020e7b                avxLoad
                0x00000000c0020e8c                avxInit
                0x00000000c0020eae                avxClose
                0x00000000c0020eaf                wouldSheSayYes
 *fill*         0x00000000c0020ec3        0xd 
 .text          0x00000000c0020ed0      0x1d6 arch/i386/interrupt.32
                0x00000000c0020ed0                isr0
                0x00000000c0020ee0                isr1
                0x00000000c0020eea                isr2
                0x00000000c0020ef4                isr3
                0x00000000c0020efe                isr4
                0x00000000c0020f08                isr5
                0x00000000c0020f12                isr6
                0x00000000c0020f1c                isr7
                0x00000000c0020f26                isr8
                0x00000000c0020f2e                isr9
                0x00000000c0020f38                isr10
                0x00000000c0020f40                isr11
                0x00000000c0020f48                isr12
                0x00000000c0020f50                isr13
                0x00000000c0020f58                isr14
                0x00000000c0020f60                isr15
                0x00000000c0020f6a                isr16
                0x00000000c0020f74                isr17
                0x00000000c0020f7e                isr18
                0x00000000c0020f88                irq3
                0x00000000c0020f92                irq4
                0x00000000c0020f9c                irq5
                0x00000000c0020fa6                irq6
                0x00000000c0020fb0                irq7
                0x00000000c0020fba                irq8
                0x00000000c0020fc4                irq9
                0x00000000c0020fce                irq10
                0x00000000c0020fd8                irq11
                0x00000000c0020fe2                irq12
                0x00000000c0020fec                irq13
                0x00000000c0020ff6                irq14
                0x00000000c0021000                irq15
                0x00000000c002100a                irq1
                0x00000000c0021011                irq2
                0x00000000c0021018                isr96
                0x00000000c002101f                irq0
                0x00000000c0021024                int_common_stub
                0x00000000c0021024                syscall_common_stub
                0x00000000c0021056                irq16
                0x00000000c0021060                irq17
                0x00000000c002106a                irq18
                0x00000000c0021074                irq19
                0x00000000c002107e                irq20
                0x00000000c0021088                irq21
                0x00000000c0021092                irq22
                0x00000000c002109c                irq23
 *fill*         0x00000000c00210a6        0xa 
 .text          0x00000000c00210b0       0x10 arch/i386/rdrand.32
                0x00000000c00210b0                i386GetRDRAND
 .text          0x00000000c00210c0       0x39 arch/i386/sse.32
                0x00000000c00210c0                absolutelyNoChanceInHell
                0x00000000c00210c0                sseDetect
                0x00000000c00210d8                sseSave
                0x00000000c00210e0                sseLoad
                0x00000000c00210e8                sseInit
                0x00000000c00210f8                sseClose
 *fill*         0x00000000c00210f9        0x7 
 .text          0x00000000c0021100       0x49 arch/i386/x87.32
                0x00000000c0021106                x87Detect
                0x00000000c0021121                x87Save
                0x00000000c0021128                x87Load
                0x00000000c002112f                x87Init
                0x00000000c0021148                x87Close
 *fill*         0x00000000c0021149        0x3 
 .text          0x00000000c002114c       0x25 /cygdrive/d/Users/Alex/Desktop/Toolchain/Output/bin/../lib/gcc/i386-banana/8.1.0/crtend.o
 .text          0x00000000c0021171        0x0 crtn.32
 *fill*         0x00000000c0021171        0x3 
 .text          0x00000000c0021174      0x14b /cygdrive/d/Users/Alex/Desktop/Toolchain/Output/bin/../lib/gcc/i386-banana/8.1.0/libkgcc.a(_divdi3.o)
                0x00000000c0021174                __divdi3
 *fill*         0x00000000c00212bf        0x1 
 .text          0x00000000c00212c0      0x17e /cygdrive/d/Users/Alex/Desktop/Toolchain/Output/bin/../lib/gcc/i386-banana/8.1.0/libkgcc.a(_moddi3.o)
                0x00000000c00212c0                __moddi3
 *fill*         0x00000000c002143e        0x2 
 .text          0x00000000c0021440       0xff /cygdrive/d/Users/Alex/Desktop/Toolchain/Output/bin/../lib/gcc/i386-banana/8.1.0/libkgcc.a(_udivdi3.o)
                0x00000000c0021440                __udivdi3
 *fill*         0x00000000c002153f        0x1 
 .text          0x00000000c0021540      0x11a /cygdrive/d/Users/Alex/Desktop/Toolchain/Output/bin/../lib/gcc/i386-banana/8.1.0/libkgcc.a(_umoddi3.o)
                0x00000000c0021540                __umoddi3
 *(.gnu.linkonce.t*)

.iplt           0x00000000c0021660        0x0
 .iplt          0x00000000c0021660        0x0 D:/Users/Alex/Desktop/Banana/kernel/boot.32

.init           0x00000000c002165a        0xf
 .init          0x00000000c002165a        0x3 crti.32
                0x00000000c002165a                _init
 .init          0x00000000c002165d        0x5 /cygdrive/d/Users/Alex/Desktop/Toolchain/Output/bin/../lib/gcc/i386-banana/8.1.0/crtbegin.o
 .init          0x00000000c0021662        0x5 /cygdrive/d/Users/Alex/Desktop/Toolchain/Output/bin/../lib/gcc/i386-banana/8.1.0/crtend.o
 .init          0x00000000c0021667        0x2 crtn.32

.fini           0x00000000c0021669        0xa
 .fini          0x00000000c0021669        0x3 crti.32
                0x00000000c0021669                _fini
 .fini          0x00000000c002166c        0x5 /cygdrive/d/Users/Alex/Desktop/Toolchain/Output/bin/../lib/gcc/i386-banana/8.1.0/crtbegin.o
 .fini          0x00000000c0021671        0x2 crtn.32

.text._ZN8ComputerD2Ev
                0x00000000c0021674       0x23
 .text._ZN8ComputerD2Ev
                0x00000000c0021674       0x23 core/computer.32
                0x00000000c0021674                Computer::~Computer()
                0x00000000c0021674                Computer::~Computer()

.text._ZN8ComputerD0Ev
                0x00000000c0021698       0x2a
 .text._ZN8ComputerD0Ev
                0x00000000c0021698       0x2a core/computer.32
                0x00000000c0021698                Computer::~Computer()

.text._Z10idleCommonv
                0x00000000c00216c2       0x21
 .text._Z10idleCommonv
                0x00000000c00216c2       0x21 core/idle.32
                0x00000000c00216c2                idleCommon()

.text._ZN10LinkedListI8UnixFileED2Ev
                0x00000000c00216e4        0x2
 .text._ZN10LinkedListI8UnixFileED2Ev
                0x00000000c00216e4        0x2 core/unixfile.32
                0x00000000c00216e4                LinkedList<UnixFile>::~LinkedList()
                0x00000000c00216e4                LinkedList<UnixFile>::~LinkedList()

.text._ZN10LinkedListI8UnixFileEC2Ev
                0x00000000c00216e6       0x42
 .text._ZN10LinkedListI8UnixFileEC2Ev
                0x00000000c00216e6       0x42 core/unixfile.32
                0x00000000c00216e6                LinkedList<UnixFile>::LinkedList()
                0x00000000c00216e6                LinkedList<UnixFile>::LinkedList()

.text._ZN10LinkedListI8UnixFileE10addElementEPS0_
                0x00000000c0021728       0xd3
 .text._ZN10LinkedListI8UnixFileE10addElementEPS0_
                0x00000000c0021728       0xd3 core/unixfile.32
                0x00000000c0021728                LinkedList<UnixFile>::addElement(UnixFile*)

.text._ZN10LinkedListI8UnixFileE15getFirstElementEv
                0x00000000c00217fc        0x7
 .text._ZN10LinkedListI8UnixFileE15getFirstElementEv
                0x00000000c00217fc        0x7 core/unixfile.32
                0x00000000c00217fc                LinkedList<UnixFile>::getFirstElement()

.text._ZN10LinkedListI8UnixFileE11removeFirstEv
                0x00000000c0021804       0xa1
 .text._ZN10LinkedListI8UnixFileE11removeFirstEv
                0x00000000c0021804       0xa1 core/unixfile.32
                0x00000000c0021804                LinkedList<UnixFile>::removeFirst()

.text._ZN10LinkedListI8UnixFileE7getNextEPS0_
                0x00000000c00218a6        0x8
 .text._ZN10LinkedListI8UnixFileE7getNextEPS0_
                0x00000000c00218a6        0x8 core/unixfile.32
                0x00000000c00218a6                LinkedList<UnixFile>::getNext(UnixFile*)

.text._ZN16DriverlessDeviceD2Ev
                0x00000000c00218ae       0x1a
 .text._ZN16DriverlessDeviceD2Ev
                0x00000000c00218ae       0x1a hal/device.32
                0x00000000c00218ae                DriverlessDevice::~DriverlessDevice()
                0x00000000c00218ae                DriverlessDevice::~DriverlessDevice()

.text._ZN16DriverlessDeviceD0Ev
                0x00000000c00218c8       0x2a
 .text._ZN16DriverlessDeviceD0Ev
                0x00000000c00218c8       0x2a hal/device.32
                0x00000000c00218c8                DriverlessDevice::~DriverlessDevice()

.text._ZN10LinkedListI6DeviceE10addElementEPS0_
                0x00000000c00218f2       0xdc
 .text._ZN10LinkedListI6DeviceE10addElementEPS0_
                0x00000000c00218f2       0xdc hal/device.32
                0x00000000c00218f2                LinkedList<Device>::addElement(Device*)

.text._ZN10LinkedListI6DeviceEC2Ev
                0x00000000c00219ce       0x42
 .text._ZN10LinkedListI6DeviceEC2Ev
                0x00000000c00219ce       0x42 hal/device.32
                0x00000000c00219ce                LinkedList<Device>::LinkedList()
                0x00000000c00219ce                LinkedList<Device>::LinkedList()

.text._ZN10LinkedListIV18ThreadControlBlockE7isEmptyEv
                0x00000000c0021a10       0x1c
 .text._ZN10LinkedListIV18ThreadControlBlockE7isEmptyEv
                0x00000000c0021a10       0x1c hal/timer.32
                0x00000000c0021a10                LinkedList<ThreadControlBlock volatile>::isEmpty()

.text._ZN10LinkedListIV18ThreadControlBlockE15getFirstElementEv
                0x00000000c0021a2c        0x7
 .text._ZN10LinkedListIV18ThreadControlBlockE15getFirstElementEv