Archive member included to satisfy reference by file (symbol)

/cygdrive/d/Users/Alex/Desktop/Toolchain/Output/bin/../lib/gcc/i386-banana/8.1.0/libgcc.a(_divdi3.o)
                              fs/fat/ff.32 (__divdi3)
/cygdrive/d/Users/Alex/Desktop/Toolchain/Output/bin/../lib/gcc/i386-banana/8.1.0/libgcc.a(_moddi3.o)
                              thr/elf.32 (__moddi3)
/cygdrive/d/Users/Alex/Desktop/Toolchain/Output/bin/../lib/gcc/i386-banana/8.1.0/libgcc.a(_udivdi3.o)
                              fs/fat/ff.32 (__udivdi3)
/cygdrive/d/Users/Alex/Desktop/Toolchain/Output/bin/../lib/gcc/i386-banana/8.1.0/libgcc.a(_umoddi3.o)
                              core/pipe.32 (__umoddi3)
D:/Users/Alex/Desktop/Banana/kernel/libk/libm32.a(s_fabs.c.o)
                              hal/libresample/samplerate.32 (fabs)
D:/Users/Alex/Desktop/Banana/kernel/libk/libm32.a(s_lrint.S.o)
                              hal/libresample/samplerate.32 (lrint)
D:/Users/Alex/Desktop/Banana/kernel/libk/libm32.a(s_lrintf.S.o)
                              hal/sound/sndhw.32 (lrintf)

Discarded input sections

 .comment       0x0000000000000000       0x12 /cygdrive/d/Users/Alex/Desktop/Toolchain/Output/bin/../lib/gcc/i386-banana/8.1.0/crtbegin.o
 .comment       0x0000000000000000       0x12 acpica/utclib.32
 .comment       0x0000000000000000       0x12 core/malloc.32
 .comment       0x0000000000000000       0x12 libk/string.32
 .comment       0x0000000000000000       0x12 fs/fat/diskio.32
 .comment       0x0000000000000000       0x12 fs/fat/ff.32
 .comment       0x0000000000000000       0x12 fs/fat/ffsystem.32
 .comment       0x0000000000000000       0x12 fs/fat/ffunicode.32
 .comment       0x0000000000000000       0x12 hal/libresample/samplerate.32
 .comment       0x0000000000000000       0x12 hal/libresample/src_linear.32
 .comment       0x0000000000000000       0x12 hal/libresample/src_sinc.32
 .comment       0x0000000000000000       0x12 hal/libresample/src_zoh.32
 .group         0x0000000000000000       0x14 core/computer.32
 .group         0x0000000000000000        0xc core/computer.32
 .comment       0x0000000000000000       0x12 core/computer.32
 .comment       0x0000000000000000       0x12 core/gdt.32
 .group         0x0000000000000000        0xc core/idle.32
 .comment       0x0000000000000000       0x12 core/idle.32
 .comment       0x0000000000000000       0x12 core/idt.32
 .group         0x0000000000000000        0x8 core/kheap.32
 .group         0x0000000000000000        0x8 core/kheap.32
 .comment       0x0000000000000000       0x12 core/kheap.32
 .comment       0x0000000000000000       0x12 core/main.32
 .comment       0x0000000000000000       0x12 core/physmgr.32
 .group         0x0000000000000000        0xc core/pipe.32
 .comment       0x0000000000000000       0x12 core/pipe.32
 .group         0x0000000000000000        0xc core/terminal.32
 .comment       0x0000000000000000       0x12 core/terminal.32
 .group         0x0000000000000000        0x8 core/tss.32
 .text._ZN3CPU7readCR3Ev
                0x0000000000000000       0x12 core/tss.32
 .comment       0x0000000000000000       0x12 core/tss.32
 .group         0x0000000000000000        0x8 core/unixfile.32
 .group         0x0000000000000000        0xc core/unixfile.32
 .group         0x0000000000000000        0xc core/unixfile.32
 .group         0x0000000000000000        0x8 core/unixfile.32
 .group         0x0000000000000000        0xc core/unixfile.32
 .group         0x0000000000000000        0x8 core/unixfile.32
 .group         0x0000000000000000        0xc core/unixfile.32
 .group         0x0000000000000000        0xc core/unixfile.32
 .comment       0x0000000000000000       0x12 core/unixfile.32
 .group         0x0000000000000000        0x8 core/virtmgr.32
 .group         0x0000000000000000        0x8 core/virtmgr.32
 .text._ZN3CPU7readCR3Ev
                0x0000000000000000       0x12 core/virtmgr.32
 .text._ZN3CPU8writeCR3Em
                0x0000000000000000        0x9 core/virtmgr.32
 .comment       0x0000000000000000       0x12 core/virtmgr.32
 .comment       0x0000000000000000       0x12 coreobjs/c++.32
 .comment       0x0000000000000000       0x12 dbg/kconsole.32
 .group         0x0000000000000000        0xc fs/vfs.32
 .group         0x0000000000000000        0xc fs/vfs.32
 .group         0x0000000000000000        0xc fs/vfs.32
 .comment       0x0000000000000000       0x12 fs/vfs.32
 .group         0x0000000000000000        0xc hal/bus.32
 .comment       0x0000000000000000       0x12 hal/bus.32
 .group         0x0000000000000000        0xc hal/buzzer.32
 .comment       0x0000000000000000       0x12 hal/buzzer.32
 .group         0x0000000000000000        0xc hal/clock.32
 .comment       0x0000000000000000       0x12 hal/clock.32
 .group         0x0000000000000000       0x14 hal/device.32
 .group         0x0000000000000000        0xc hal/device.32
 .group         0x0000000000000000        0xc hal/device.32
[...]
Memory Configuration

Name             Origin             Length             Attributes
*default*        0x0000000000000000 0xffffffffffffffff

Linker script and memory map

LOAD D:/Users/Alex/Desktop/Banana/kernel/boot.32
LOAD crti.32
LOAD /cygdrive/d/Users/Alex/Desktop/Toolchain/Output/bin/../lib/gcc/i386-banana/8.1.0/crtbegin.o
LOAD D:/Users/Alex/Desktop/Banana/kernel/morenasm.32
LOAD acpica/utclib.32
LOAD core/malloc.32
LOAD libk/string.32
LOAD fs/fat/diskio.32
LOAD fs/fat/ff.32
LOAD fs/fat/ffsystem.32
LOAD fs/fat/ffunicode.32
LOAD hal/libresample/samplerate.32
LOAD hal/libresample/src_linear.32
LOAD hal/libresample/src_sinc.32
LOAD hal/libresample/src_zoh.32
LOAD core/computer.32
LOAD core/gdt.32
LOAD core/idle.32
LOAD core/idt.32
LOAD core/kheap.32
LOAD core/main.32
LOAD core/physmgr.32
LOAD core/pipe.32
LOAD core/terminal.32
LOAD core/tss.32
LOAD core/unixfile.32
LOAD core/virtmgr.32
LOAD coreobjs/c++.32
LOAD dbg/kconsole.32
LOAD fs/vfs.32
LOAD hal/bus.32
LOAD hal/buzzer.32
LOAD hal/clock.32
LOAD hal/device.32
LOAD hal/diskctrl.32
LOAD hal/diskphys.32
LOAD hal/fpu.32
LOAD hal/intctrl.32
LOAD hal/keybrd.32
LOAD hal/logidisk.32
LOAD hal/mouse.32
LOAD hal/partition.32
LOAD hal/timer.32
LOAD hal/vcache.32
LOAD hal/video.32
LOAD hw/acpi.32
LOAD hw/cpu.32
LOAD hw/ports.32
LOAD krnl/panic.32
LOAD reg/registry.32
LOAD sys/sc_exit.32
LOAD sys/sc_loaddll.32
LOAD sys/sc_read.32
LOAD sys/sc_sbrk.32
LOAD sys/sc_write.32
LOAD sys/sc_yield.32
LOAD sys/syscalls.32
LOAD thr/elf.32
LOAD thr/prcssthr.32
LOAD vm86/vm8086.32
LOAD fs/fat/vfslink.32
LOAD fs/iso9660/vfslink.32
LOAD hal/sound/sndchannel.32
LOAD hal/sound/sndhw.32
LOAD hw/bus/isa.32
LOAD hw/bus/pci.32
LOAD hw/diskctrl/ide.32
LOAD hw/diskphys/ata.32
LOAD hw/diskphys/atapi.32
LOAD hw/fpu/avx.32
LOAD hw/fpu/mmx.32
LOAD hw/fpu/sse.32
LOAD hw/fpu/x87.32
LOAD hw/intctrl/apic.32
LOAD hw/intctrl/pic.32
LOAD hw/timer/apictimer.32
LOAD hw/timer/pit.32
LOAD hw/fpu/x86/avx.32
LOAD hw/fpu/x86/sse.32
LOAD hw/fpu/x86/x87.32
LOAD /cygdrive/d/Users/Alex/Desktop/Toolchain/Output/bin/../lib/gcc/i386-banana/8.1.0/crtend.o
LOAD crtn.32
LOAD /cygdrive/d/Users/Alex/Desktop/Toolchain/Output/bin/../lib/gcc/i386-banana/8.1.0/libgcc.a
LOAD D:/Users/Alex/Desktop/Banana/kernel/libk/libm32.a
                0x00000000c0000000                . = 0xc0000000

.text           0x00000000c0000000    0x1e9b8
 *(.text)
 .text          0x00000000c0000000       0x41 D:/Users/Alex/Desktop/Banana/kernel/boot.32
                0x00000000c0000020                callGlobalConstructors
 .text          0x00000000c0000041        0x0 crti.32
 *fill*         0x00000000c0000041        0x3 
 .text          0x00000000c0000044      0x101 /cygdrive/d/Users/Alex/Desktop/Toolchain/Output/bin/../lib/gcc/i386-banana/8.1.0/crtbegin.o
 *fill*         0x00000000c0000145        0xb 
 .text          0x00000000c0000150      0x41f D:/Users/Alex/Desktop/Banana/kernel/morenasm.32
                0x00000000c0000150                doTPAUSE
                0x00000000c000015a                hasLegacyFPU
                0x00000000c000017f                is486
                0x00000000c00001b5                goToVM86
                0x00000000c00001e6                goToUsermode
                0x00000000c0000211                switchToThreadASMFirstTime
                0x00000000c000021f                switchToThreadASM
                0x00000000c00002bf                detectCPUID
                0x00000000c00002d5                asmQuickAcquireLock
                0x00000000c00002f3                asmQuickReleaseLock
                0x00000000c00002ff                asmAcquireLock
                0x00000000c0000320                asmReleaseLock
                0x00000000c0000333                loadGDT
                0x00000000c0000353                isr0
                0x00000000c0000363                isr1
                0x00000000c000036d                isr2
                0x00000000c0000377                isr3
                0x00000000c0000381                isr4
                0x00000000c000038b                isr5
                0x00000000c0000395                isr6
                0x00000000c000039f                isr7
                0x00000000c00003a9                isr8
                0x00000000c00003b1                isr9
                0x00000000c00003bb                isr10
                0x00000000c00003c3                isr11
                0x00000000c00003cb                isr12
                0x00000000c00003d3                isr13
                0x00000000c00003db                isr14
                0x00000000c00003e3                isr15
                0x00000000c00003ed                isr16
                0x00000000c00003f7                isr17
                0x00000000c0000401                isr18
                0x00000000c000040b                isr96
                0x00000000c0000415                irq0
                0x00000000c000041f                irq1
                0x00000000c0000429                irq2
                0x00000000c0000433                irq3
                0x00000000c000043d                irq4
                0x00000000c0000447                irq5
                0x00000000c0000451                irq6
                0x00000000c000045b                irq7
                0x00000000c0000465                irq8
                0x00000000c000046f                irq9
                0x00000000c0000479                irq10
                0x00000000c0000483                irq11
                0x00000000c000048d                irq12
                0x00000000c0000497                irq13
                0x00000000c00004a1                irq14
                0x00000000c00004ab                irq15
                0x00000000c00004b5                irq16
                0x00000000c00004bf                irq17
                0x00000000c00004c9                irq18
                0x00000000c00004d3                irq19
                0x00000000c00004dd                irq20
                0x00000000c00004e7                irq21
                0x00000000c00004f1                irq22
                0x00000000c00004fb                irq23
                0x00000000c0000505                int_common_stub
                0x00000000c0000535                syscall_common_stub
 .text          0x00000000c000056f      0x40f acpica/utclib.32
                0x00000000c000056f                memcmp
                0x00000000c000059a                memmove
                0x00000000c00005d2                memcpy
                0x00000000c0000608                memset
                0x00000000c0000625                strlen
                0x00000000c0000635                strpbrk
                0x00000000c0000658                strtok
                0x00000000c00006a7                strcpy
                0x00000000c00006c7                strncpy
                0x00000000c00006f8                strcmp
                0x00000000c0000719                strchr
                0x00000000c000072f                strncmp
                0x00000000c000075e                strcat
                0x00000000c0000785                strncat
                0x00000000c00007bf                strstr
                0x00000000c00007fc                toupper
                0x00000000c0000810                tolower
                0x00000000c0000824                simple_strtoul
 .text          0x00000000c000097e      0xfbf core/malloc.32
                0x00000000c0000ae9                dlfree
                0x00000000c0000e44                dlmalloc
                0x00000000c0001381                dlrealloc
                0x00000000c0001536                dlmemalign
                0x00000000c0001659                dlcalloc
                0x00000000c00016f3                dlcfree
                0x00000000c00016f8                dlindependent_calloc
                0x00000000c000171d                dlindependent_comalloc
                0x00000000c0001734                dlvalloc
                0x00000000c000175f                dlpvalloc
                0x00000000c0001795                dlmalloc_trim
                0x00000000c00017a2                dlmalloc_usable_size
                0x00000000c00017d3                dlmallinfo
                0x00000000c00018a2                dlmalloc_stats
                0x00000000c00018b3                dlmallopt
 .text          0x00000000c000193d        0x0 libk/string.32
 .text          0x00000000c000193d       0x51 fs/fat/diskio.32
                0x00000000c000193d                disk_status
                0x00000000c0001940                disk_initialize
                0x00000000c0001943                disk_read
                0x00000000c0001959                disk_write
                0x00000000c000196f                disk_ioctl
 .text          0x00000000c000198e     0x6833 fs/fat/ff.32
                0x00000000c0004c5c                f_mount
                0x00000000c0004cbe                f_open
                0x00000000c00050fa                f_read
                0x00000000c000537a                f_write
                0x00000000c0005634                f_sync
                0x00000000c0005810                f_close
                0x00000000c000583f                f_lseek
                0x00000000c0005cf6                f_opendir
                0x00000000c0005df8                f_closedir
                0x00000000c0005e1a                f_readdir
                0x00000000c0005eb5                f_stat
                0x00000000c0005f44                f_getfree
                0x00000000c000610f                f_truncate
                0x00000000c0006207                f_unlink
                0x00000000c000638a                f_mkdir
                0x00000000c00065b6                f_rename
                0x00000000c00068a9                f_chmod
                0x00000000c0006987                f_utime
                0x00000000c0006a65                f_getlabel
                0x00000000c0006c53                f_setlabel
                0x00000000c0006ec0                f_forward
                0x00000000c000709e                f_mkfs
 .text          0x00000000c00081c1       0x2d fs/fat/ffsystem.32
                0x00000000c00081c1                ff_memalloc
                0x00000000c00081d7                ff_memfree
 .text          0x00000000c00081ee      0x253 fs/fat/ffunicode.32
                0x00000000c00081ee                ff_uni2oem
                0x00000000c000827e                ff_oem2uni
                0x00000000c00082ea                ff_wtoupper
 .text          0x00000000c0008441      0x70e hal/libresample/samplerate.32
                0x00000000c00084c9                src_delete
                0x00000000c0008505                src_process
                0x00000000c000862d                src_callback_read
                0x00000000c000878e                src_set_ratio
                0x00000000c00087e5                src_get_channels
                0x00000000c0008807                src_reset
                0x00000000c000884b                src_new
                0x00000000c00088d9                src_callback_new
                0x00000000c000893b                src_get_name
                0x00000000c0008972                src_get_description
                0x00000000c00089a9                src_get_version
                0x00000000c00089af                src_is_valid_ratio
                0x00000000c00089c9                src_error
                0x00000000c00089d7                src_strerror
                0x00000000c00089ea                src_simple
                0x00000000c0008a3d                src_short_to_float_array
                0x00000000c0008a63                src_float_to_short_array
                0x00000000c0008ac7                src_int_to_float_array
                0x00000000c0008aed                src_float_to_int_array
 .text          0x00000000c0008b4f      0x3fd hal/libresample/src_linear.32
                0x00000000c0008ea7                linear_get_name
                0x00000000c0008eb6                linear_get_description
                0x00000000c0008ec5                linear_set_converter
 .text          0x00000000c0008f4c     0x1a3f hal/libresample/src_sinc.32
                0x00000000c000a8a2                sinc_get_name
                0x00000000c000a8b5                sinc_get_description
                0x00000000c000a8c8                sinc_set_converter
 .text          0x00000000c000a98b      0x3d3 hal/libresample/src_zoh.32
                0x00000000c000acb9                zoh_get_name
                0x00000000c000acc8                zoh_get_description
                0x00000000c000acd7                zoh_set_converter
 .text          0x00000000c000ad5e      0x695 core/computer.32
                0x00000000c000ad5e                Computer::close(int, int, void*)
                0x00000000c000ada2                Computer::Computer()
                0x00000000c000ada2                Computer::Computer()
                0x00000000c000aefe                Computer::setBootMessage(char const*)
                0x00000000c000af00                Computer::start()
                0x00000000c000afdc                firstTask()
                0x00000000c000afea                Computer::detectFeatures()
                0x00000000c000b1c4                Computer::displayFeatures()
                0x00000000c000b1c6                Computer::rdmsr(unsigned int)
                0x00000000c000b1f2                Computer::wrmsr(unsigned int, unsigned long long)
                0x00000000c000b22a                Computer::nmiEnabled()
                0x00000000c000b236                Computer::readCMOS(unsigned char)
                0x00000000c000b250                Computer::enableNMI(bool)
                0x00000000c000b268                Computer::open(int, int, void*)
                0x00000000c000b336                Computer::disableNMI()
                0x00000000c000b344                Computer::writeCMOS(unsigned char, unsigned char)
                0x00000000c000b362                Computer::handleNMI()
                0x00000000c000b3c8                Computer::setDiskActivityLight(int, bool)
 *fill*         0x00000000c000b3f3        0x1 
 .text          0x00000000c000b3f4      0x1b7 core/gdt.32
                0x00000000c000b3f4                GDTEntry::setBase(unsigned int)
                0x00000000c000b410                GDTEntry::setLimit(unsigned int)
                0x00000000c000b42e                GDT::GDT()
                0x00000000c000b42e                GDT::GDT()
                0x00000000c000b444                GDT::addEntry(GDTEntry)
                0x00000000c000b480                GDT::getNumberOfEntries()
                0x00000000c000b488                GDT::flush()
                0x00000000c000b4aa                GDT::setup()
 .text          0x00000000c000b5ab       0x61 core/idle.32
                0x00000000c000b5ab                idleFunction(void*)
 .text          0x00000000c000b60c      0x45f core/idt.32
                0x00000000c000b60c                IDTEntry::IDTEntry(bool)
                0x00000000c000b60c                IDTEntry::IDTEntry(bool)
                0x00000000c000b67a                IDTEntry::setOffset(unsigned int)
                0x00000000c000b68e                IDT::IDT()
                0x00000000c000b68e                IDT::IDT()
                0x00000000c000b690                IDT::getPointerToInvalidOpcodeEntryForF00F()
                0x00000000c000b698                IDT::addEntry(IDTEntry, int)
                0x00000000c000b6b2                IDT::addEntry(int, void (*)(), bool)
                0x00000000c000b6ea                IDT::flush()
                0x00000000c000b704                IDT::setup()
 .text          0x00000000c000ba6b      0x20d core/kheap.32
                0x00000000c000ba6b                sbrk
                0x00000000c000bb83                mmap
                0x00000000c000bb99                munmap
                0x00000000c000bbaf                liballoc_lock()
                0x00000000c000bbc0                liballoc_unlock()
                0x00000000c000bbd1                liballoc_alloc(int)
                0x00000000c000bbec                liballoc_free(void*, int)
                0x00000000c000bc0a                realloc
                0x00000000c000bc1e                malloc
                0x00000000c000bc2e                free
                0x00000000c000bc3e                rfree
                0x00000000c000bc4e                calloc
 .text          0x00000000c000bc78      0x38d core/main.32
                0x00000000c000bc78                hwTextMode_loadInData(VgaText*)
                0x00000000c000bcbd                hwTextMode_loadInTitle(VgaText*, char*)
                0x00000000c000bcff                hwTextMode_showCursor(VgaText*, bool)
                0x00000000c000bd53                hwTextMode_update(VgaText*)
                0x00000000c000bd54                hwTextMode_updateCursor(VgaText*)
                0x00000000c000bd9c                hwTextMode_disableBlink(VgaText*, bool)
                0x00000000c000bdd8                hwTextMode_scrollScreen(VgaText*)
                0x00000000c000be5e                hwTextMode_writeCharacter(VgaText*, char, VgaColour, VgaColour, int, int)
                0x00000000c000bebc                setupTextMode()
                0x00000000c000bf0d                kernel_main
 .text          0x00000000c000c005      0x46c core/physmgr.32
                0x00000000c000c005                Phys::allocateDMA(unsigned long)
                0x00000000c000c0a8                Phys::freeDMA(unsigned long, unsigned long)
                0x00000000c000c0f0                Phys::setPageState(unsigned long, bool)
                0x00000000c000c122                Phys::getPageState(unsigned long)
                0x00000000c000c13e                Phys::freePage(unsigned long)
                0x00000000c000c1c8                Phys::allocatePage()
                0x00000000c000c284                Phys::allowSegmentToBeUsed(unsigned long, unsigned long)
                0x00000000c000c2bc                Phys::physicalMemorySetup(unsigned int)
 *fill*         0x00000000c000c471        0x1 
 .text          0x00000000c000c472      0x273 core/pipe.32
                0x00000000c000c472                Pipe::isAtty()
                0x00000000c000c476                Pipe::~Pipe()
                0x00000000c000c476                Pipe::~Pipe()
                0x00000000c000c49a                Pipe::~Pipe()
                0x00000000c000c4c2                Pipe::read(unsigned long long, void*, int*)
                0x00000000c000c5b6                Pipe::write(unsigned long long, void*, int*)
                0x00000000c000c67e                Pipe::Pipe(int)
                0x00000000c000c67e                Pipe::Pipe(int)
 *fill*         0x00000000c000c6e5        0x1 
 .text          0x00000000c000c6e6      0xf65 core/terminal.32
                0x00000000c000c6e6                VgaText::isAtty()
                0x00000000c000c6ea                VgaText::~VgaText()
                0x00000000c000c6ea                VgaText::~VgaText()
                0x00000000c000c70e                VgaText::~VgaText()
                0x00000000c000c738                VgaText::read(unsigned long long, void*, int*)
                0x00000000c000c758                setTerminalScrollLock(bool)
                0x00000000c000c759                addToTerminalCycle(VgaText*)
                0x00000000c000c786                installVgaTextImplementation()
                0x00000000c000c79b                scrollTerminalScrollLock(int)
                0x00000000c000c79c                VgaText::load()
                0x00000000c000c7f0                VgaText::updateCursor()
                0x00000000c000c80a                VgaText::showCursor(bool)
                0x00000000c000c81a                VgaText::disableBlink(bool)
                0x00000000c000c854                VgaText::doANSI_SGR(int)
                0x00000000c000c8e0                VgaText::setDefaultBgColour(VgaColour)
                0x00000000c000c8f6                VgaText::setDefaultFgColour(VgaColour)
                0x00000000c000c90c                VgaText::setDefaultColours(VgaColour, VgaColour)
                0x00000000c000c92c                VgaText::combineColours(unsigned char, unsigned char)
                0x00000000c000c93e                VgaText::scrollScreen()
                0x00000000c000c9d2                VgaText::combineCharAndColour(char, unsigned char)
                0x00000000c000c9e4                VgaText::writeCharacter(char, VgaColour, VgaColour, int, int)
                0x00000000c000ca44                VgaText::getCursorX()
                0x00000000c000ca50                VgaText::getCursorY()
                0x00000000c000ca5c                VgaText::setCursor(int, int)
                0x00000000c000ca7a                VgaText::setCursorX(int)
                0x00000000c000ca96                VgaText::setCursorY(int)
                0x00000000c000cab2                VgaText::incrementCursor(bool)
                0x00000000c000cb1a                VgaText::updateRAMUsageDisplay(int)
                0x00000000c000cb74                VgaText::updateDiskUsage()
                0x00000000c000ccda                VgaText::updateTitle()
                0x00000000c000cd20                VgaText::setTitleTextColour(VgaColour)
                0x00000000c000cd30                VgaText::setTitleColour(VgaColour)
                0x00000000c000cd40                VgaText::setTitle(char*)
                0x00000000c000cd66                VgaText::decrementCursor(bool)
                0x00000000c000cd8e                VgaText::putchar(char, VgaColour, VgaColour)
                0x00000000c000ce8a                VgaText::isShowingCursor()
                0x00000000c000ce96                VgaText::isBlinkDisabled()
                0x00000000c000cea4                VgaText::setCursorHeight(int)
                0x00000000c000cec2                VgaText::getCursorHeight()
                0x00000000c000cecd                setActiveTerminal(VgaText*)
                0x00000000c000cf7f                doTerminalCycle()
                0x00000000c000cf9c                VgaText::doUpdate()
                0x00000000c000cfae                VgaText::puts(char const*, VgaColour, VgaColour)
                0x00000000c000d16e                VgaText::clearScreen()
                0x00000000c000d1d2                VgaText::putchar(char)
                0x00000000c000d2ec                VgaText::puts(char const*)
                0x00000000c000d312                VgaText::putx(unsigned int)
                0x00000000c000d358                VgaText::VgaText(char const*)
                0x00000000c000d358                VgaText::VgaText(char const*)
                0x00000000c000d4ea                VgaText::receiveKey(unsigned char)
                0x00000000c000d5d2                VgaText::write(unsigned long long, void*, int*)
                0x00000000c000d626                newTerminal(char*)
 *fill*         0x00000000c000d64b        0x1 
 .text          0x00000000c000d64c      0x18f core/tss.32
                0x00000000c000d64c                TSS::TSS()
                0x00000000c000d64c                TSS::TSS()
                0x00000000c000d65a                TSS::setESP(unsigned long)
                0x00000000c000d66c                TSS::flush()
                0x00000000c000d68c                TSS::setup(unsigned long, unsigned long)
 *fill*         0x00000000c000d7db        0x1 
 .text          0x00000000c000d7dc      0x53f core/unixfile.32
                0x00000000c000d7dc                ReservedFilename::read(unsigned long long, void*, int*)
                0x00000000c000d872                ReservedFilename::isAtty()
                0x00000000c000d8a8                ReservedFilename::write(unsigned long long, void*, int*)
                0x00000000c000d942                UnixFile::getFileDescriptor()
                0x00000000c000d94a                UnixFile::UnixFile(int)
                0x00000000c000d94a                UnixFile::UnixFile(int)
                0x00000000c000daba                ReservedFilename::ReservedFilename(int)
                0x00000000c000daba                ReservedFilename::ReservedFilename(int)
                0x00000000c000daec                UnixFile::~UnixFile()
                0x00000000c000daec                UnixFile::~UnixFile()
                0x00000000c000db84                UnixFile::~UnixFile()
                0x00000000c000dbac                ReservedFilename::~ReservedFilename()
                0x00000000c000dbac                ReservedFilename::~ReservedFilename()
                0x00000000c000dbd0                ReservedFilename::~ReservedFilename()
                0x00000000c000dbf7                getFromFileDescriptor(int)
 *fill*         0x00000000c000dd1b        0x1 
 .text          0x00000000c000dd1c     0x1175 core/virtmgr.32
                0x00000000c000dd1c                Virt::setPageState(unsigned long, Virt::VirtPageState)
                0x00000000c000dd51                Virt::getPageState(unsigned long)
                0x00000000c000dd75                Virt::allocateKernelVirtualPages(int)
                0x00000000c000de86                Virt::virtualMemorySetup()
                0x00000000c000df05                Virt::getAKernelVAS()
                0x00000000c000df0b                Virt::setupPageSwapping(int)
                0x00000000c000e030                VAS::VAS()
                0x00000000c000e030                VAS::VAS()
                0x00000000c000e060                VAS::getForeignPageTableEntry(bool, unsigned long)
                0x00000000c000e08c                VAS::getPageTableEntry(unsigned long)
                0x00000000c000e0ab                Virt::freeKernelVirtualPages(unsigned long)
                0x00000000c000e1ce                VAS::freeAllocatedPages(unsigned long)
                0x00000000c000e1f2                VAS::virtualToPhysical(unsigned long)
                0x00000000c000e20a                VAS::mapOtherVASIn(bool, VAS*)
                0x00000000c000e240                VAS::~VAS()
                0x00000000c000e240                VAS::~VAS()
                0x00000000c000e3ac                VAS::mapPage(unsigned long, unsigned long, int)
                0x00000000c000e4ac                VAS::allocatePages(int, int)
                0x00000000c000e67c                VAS::setCPUSpecific(unsigned long)
                0x00000000c000e698                VAS::mapRange(unsigned long, unsigned long, int, int)
                0x00000000c000e762                VAS::VAS(VAS*)
                0x00000000c000e762                VAS::VAS(VAS*)
                0x00000000c000eaac                VAS::mapForeignPage(bool, VAS*, unsigned long, unsigned long, int)
                0x00000000c000eb9a                VAS::VAS(bool)
                0x00000000c000eb9a                VAS::VAS(bool)
                0x00000000c000edca                mapVASFirstTime
 .text          0x00000000c000ee91       0x93 coreobjs/c++.32
                0x00000000c000ee91                __cxa_atexit
                0x00000000c000ee94                __cxa_finalize
                0x00000000c000ee95                __stack_chk_fail
                0x00000000c000eef5                __cxa_pure_virtual
                0x00000000c000ef06                operator new(unsigned long)
                0x00000000c000ef0b                operator new[](unsigned long)
                0x00000000c000ef10                operator delete(void*)
                0x00000000c000ef15                operator delete(void*, unsigned long)
                0x00000000c000ef1a                operator delete[](void*)
                0x00000000c000ef1f                operator delete[](void*, unsigned long)
 .text          0x00000000c000ef24      0x1ef dbg/kconsole.32
                0x00000000c000ef24                Dbg::stringifyxWithBase(unsigned int, char*, int)
                0x00000000c000ef85                Dbg::logc(char)
                0x00000000c000ef9c                Dbg::logs(char*)
                0x00000000c000efb9                Dbg::logWriteInt(unsigned int)
                0x00000000c000efd6                Dbg::logWriteIntBase(unsigned int, int)
                0x00000000c000eff5                Dbg::kprintf(char const*, ...)
 *fill*         0x00000000c000f113        0x1 
 .text          0x00000000c000f114      0xb68 fs/vfs.32
                0x00000000c000f114                File::read(unsigned long long, void*, int*)
                0x00000000c000f16c                File::write(unsigned long long, void*, int*)
                0x00000000c000f1c4                Directory::read(unsigned long long, void*, int*)
                0x00000000c000f21c                Directory::write(unsigned long long, void*, int*)
                0x00000000c000f24a                File::isAtty()
                0x00000000c000f24e                Directory::isAtty()
                0x00000000c000f252                Filesystem::getlabel(LogicalDisk*, int, char*, unsigned int*)
                0x00000000c000f258                Filesystem::setlabel(LogicalDisk*, int, char*)
                0x00000000c000f25e                File::~File()
                0x00000000c000f25e                File::~File()
                0x00000000c000f282                File::~File()
                0x00000000c000f2ac                Directory::~Directory()
                0x00000000c000f2ac                Directory::~Directory()
                0x00000000c000f2d0                Directory::~Directory()
                0x00000000c000f2fa                Filesystem::Filesystem()
                0x00000000c000f2fa                Filesystem::Filesystem()
                0x00000000c000f31e                Filesystem::~Filesystem()
                0x00000000c000f31e                Filesystem::~Filesystem()
                0x00000000c000f32c                Filesystem::~Filesystem()
                0x00000000c000f350                initVFS()
                0x00000000c000f37a                standardiseFiles(char*, char const*, char const*)
                0x00000000c000f524                File::File(char const*, Process*)
                0x00000000c000f524                File::File(char const*, Process*)
                0x00000000c000f588                File::open(FileOpenMode)
                0x00000000c000f5e6                File::close()
                0x00000000c000f646                File::seek(unsigned long long)
                0x00000000c000f69c                File::tell(unsigned long long*)
                0x00000000c000f6ec                File::rewind()
                0x00000000c000f700                File::unlink()
                0x00000000c000f74c                File::rename(char const*)
                0x00000000c000f79a                File::chfatattr(unsigned char, unsigned char)
                0x00000000c000f7f6                File::exists()
                0x00000000c000f834                File::stat(unsigned long long*, bool*)
                0x00000000c000f895                getcwd(Process*, char*, int)
                0x00000000c000f8bf                setcwd(Process*, char*)
                0x00000000c000f9e6                Directory::Directory(char const*, Process*)
                0x00000000c000f9e6                Directory::Directory(char const*, Process*)
                0x00000000c000fa4a                Directory::open()
                0x00000000c000faa6                Directory::close()
                0x00000000c000fb06                Directory::unlink()
                0x00000000c000fb52                Directory::rename(char const*)
                0x00000000c000fba0                Directory::exists()
                0x00000000c000fbde                Directory::read(dirent*)
                0x00000000c000fc2a                Directory::create()
                0x00000000c000fc76                Filesystem::chfatattr(char const*, unsigned char, unsigned char)
 .text          0x00000000c000fc7c       0x84 hal/bus.32
                0x00000000c000fc7c                Bus::Bus(char const*)
                0x00000000c000fc7c                Bus::Bus(char const*)
                0x00000000c000fcb2                Bus::~Bus()
                0x00000000c000fcb2                Bus::~Bus()
                0x00000000c000fcd6                Bus::~Bus()
 .text          0x00000000c000fd00      0x14e hal/buzzer.32
                0x00000000c000fd00                Buzzer::Buzzer(char const*)
                0x00000000c000fd00                Buzzer::Buzzer(char const*)
                0x00000000c000fd44                Buzzer::~Buzzer()
                0x00000000c000fd44                Buzzer::~Buzzer()
                0x00000000c000fd68                Buzzer::~Buzzer()
                0x00000000c000fd92                Buzzer::stop()
                0x00000000c000fda5                beepThread(void*)
                0x00000000c000fde0                Buzzer::beep(int, int, bool)
 .text          0x00000000c000fe4e      0x42f hal/clock.32
                0x00000000c000fe4e                loadClockSettings()
                0x00000000c000fe68                Clock::Clock(char const*)
                0x00000000c000fe68                Clock::Clock(char const*)
                0x00000000c000fe9e                Clock::~Clock()
                0x00000000c000fe9e                Clock::~Clock()
                0x00000000c000fec2                Clock::~Clock()
                0x00000000c000feec                Clock::timeInSecondsLocal()
                0x00000000c000ff34                Clock::setTimeInSecondsLocal(unsigned long long)
                0x00000000c000ff8d                datetimeToSeconds(datetime_t)
                0x00000000c00100b4                Clock::setTimeInDatetimeLocal(datetime_t)
                0x00000000c0010114                secondsToDatetime(unsigned long long)
                0x00000000c0010258                Clock::timeInDatetimeLocal()
 *fill*         0x00000000c001027d        0x1 
 .text          0x00000000c001027e      0x504 hal/device.32
                0x00000000c001027e                Device::hibernate()
                0x00000000c0010280                Device::wake()
                0x00000000c0010282                Device::detect()
                0x00000000c0010284                Device::disableLegacy()
                0x00000000c0010286                Device::powerSaving(PowerSavingLevel)
                0x00000000c0010288                DriverlessDevice::close(int, int, void*)
                0x00000000c001028c                DriverlessDevice::detect()
                0x00000000c001028e                DriverlessDevice::open(int, int, void*)
                0x00000000c00102a2                Device::~Device()
                0x00000000c00102a2                Device::~Device()
                0x00000000c00102b0                Device::~Device()
                0x00000000c00102d8                Device::findAndLoadDriver()
                0x00000000c00102da                Device::preOpenPCI(PCIDeviceInfo)
                0x00000000c0010300                Device::preOpenACPI(void*, char*, char*)
                0x00000000c0010354                Device::addIRQHandler(int, void (*)(regs*, void*), bool, void*)
                0x00000000c00103b2                Device::removeIRQHandler(int, void (*)(regs*, void*), bool)
                0x00000000c0010400                Device::addChild(Device*)
                0x00000000c0010444                Device::removeAllChildren()
                0x00000000c001048a                Device::hibernateAll()
                0x00000000c00104ba                Device::wakeAll()
                0x00000000c00104ea                Device::detectAll()
                0x00000000c001051a                Device::disableLegacyAll()
                0x00000000c001054a                Device::loadDriversForAll()
                0x00000000c0010576                Device::closeAll()
                0x00000000c00105ac                Device::powerSavingAll(PowerSavingLevel)
                0x00000000c00105e2                Device::setName(char const*)
                0x00000000c00105f0                Device::Device(char const*)
                0x00000000c00105f0                Device::Device(char const*)
                0x00000000c00106e2                Device::getName()
                0x00000000c00106ec                DriverlessDevice::DriverlessDevice(char const*)
                0x00000000c00106ec                DriverlessDevice::DriverlessDevice(char const*)
                0x00000000c0010714                Device::addToLinkedList(LinkedList<Device>&, DeviceType)
                0x00000000c0010758                getDevicesOfType(DeviceType)
 .text          0x00000000c0010782       0x84 hal/diskctrl.32
                0x00000000c0010782                HardDiskController::HardDiskController(char const*)
                0x00000000c0010782                HardDiskController::HardDiskController(char const*)
                0x00000000c00107b8                HardDiskController::~HardDiskController()
                0x00000000c00107b8                HardDiskController::~HardDiskController()
                0x00000000c00107dc                HardDiskController::~HardDiskController()
 .text          0x00000000c0010806       0xde hal/diskphys.32
                0x00000000c0010806                PhysicalDisk::PhysicalDisk(char const*, int)
                0x00000000c0010806                PhysicalDisk::PhysicalDisk(char const*, int)
                0x00000000c001086e                PhysicalDisk::startCache()
                0x00000000c0010896                PhysicalDisk::~PhysicalDisk()
                0x00000000c0010896                PhysicalDisk::~PhysicalDisk()
                0x00000000c00108ba                PhysicalDisk::~PhysicalDisk()
 .text          0x00000000c00108e4      0x142 hal/fpu.32
                0x00000000c00108e4                FPU::FPU(char const*)
                0x00000000c00108e4                FPU::FPU(char const*)
                0x00000000c001091a                FPU::~FPU()
                0x00000000c001091a                FPU::~FPU()
                0x00000000c001093e                FPU::~FPU()
                0x00000000c0010968                setupFPU()
 .text          0x00000000c0010a26      0xc21 hal/intctrl.32
                0x00000000c0010a26                InterruptController::uninstallISRHandler(int, void (*)(regs*, void*))
                0x00000000c0010a5e                InterruptController::installISRHandler(int, void (*)(regs*, void*), void*)
                0x00000000c0010ab0                doubleFault(regs*, void*)
                0x00000000c0010abe                InterruptController::installIRQHandler(int, void (*)(regs*, void*), bool, void*)
                0x00000000c0010b5a                InterruptController::clearAllHandlers(int, bool)
                0x00000000c0010c02                InterruptController::uninstallIRQHandler(int, void (*)(regs*, void*), bool)
                0x00000000c0010c89                nmiHandler(regs*, void*)
                0x00000000c0010c97                int_handler
                0x00000000c0010d32                InterruptController::InterruptController(char const*)
                0x00000000c0010d32                InterruptController::InterruptController(char const*)
                0x00000000c0010dd8                InterruptController::~InterruptController()
                0x00000000c0010dd8                InterruptController::~InterruptController()
                0x00000000c0010dfc                InterruptController::~InterruptController()
                0x00000000c0010e26                displayDebugInfo(regs*)
                0x00000000c001123d                x87EmulHandler(regs*, void*)
                0x00000000c00112a0                gpFault(regs*, void*)
                0x00000000c00112d9                pgFault(regs*, void*)
                0x00000000c00112f0                otherISRHandler(regs*, void*)
                0x00000000c001130f                opcodeFault(regs*, void*)
                0x00000000c0011379                displayProgramFault(char const*)
                0x00000000c00113a2                InterruptController::convertLegacyIRQNumber(int)
                0x00000000c00113ec                setupInterruptController()
 *fill*         0x00000000c0011647        0x1 
 .text          0x00000000c0011648      0x608 hal/keybrd.32
                0x00000000c0011648                startGUI(void*)
                0x00000000c00116ba                sendKeyToTerminal(unsigned char)
                0x00000000c0011726                sendKeyboardToken(KeyboardToken)
                0x00000000c0011b01                clearInternalKeybuffer(VgaText*)
                0x00000000c0011b36                readKeyboard(VgaText*, char*, unsigned long)
                0x00000000c0011bc6                Keyboard::Keyboard(char const*)
                0x00000000c0011bc6                Keyboard::Keyboard(char const*)
                0x00000000c0011c02                Keyboard::~Keyboard()
                0x00000000c0011c02                Keyboard::~Keyboard()
                0x00000000c0011c26                Keyboard::~Keyboard()
 .text          0x00000000c0011c50      0x400 hal/logidisk.32
                0x00000000c0011c50                LogicalDisk::close(int, int, void*)
                0x00000000c0011c54                LogicalDisk::~LogicalDisk()
                0x00000000c0011c54                LogicalDisk::~LogicalDisk()
                0x00000000c0011c78                LogicalDisk::~LogicalDisk()
                0x00000000c0011ca2                LogicalDisk::open(int, int, void*)
                0x00000000c0011cb6                LogicalDisk::absoluteToRelative(unsigned long long)
                0x00000000c0011cee                LogicalDisk::relativeToAbsolute(unsigned long long)
                0x00000000c0011d34                LogicalDisk::LogicalDisk(char const*, PhysicalDisk*, unsigned long long, unsigned long long)
                0x00000000c0011d34                LogicalDisk::LogicalDisk(char const*, PhysicalDisk*, unsigned long long, unsigned long long)
                0x00000000c0011dea                LogicalDisk::assignDriveLetter()
                0x00000000c0011ea0                LogicalDisk::mount()
                0x00000000c0011f12                LogicalDisk::unmount()
                0x00000000c0011f22                LogicalDisk::unassignDriveLetter()
                0x00000000c0011f78                LogicalDisk::read(unsigned long long, int, void*)
                0x00000000c0011fe4                LogicalDisk::write(unsigned long long, int, void*)
 .text          0x00000000c0012050       0x84 hal/mouse.32
                0x00000000c0012050                Mouse::Mouse(char const*)
                0x00000000c0012050                Mouse::Mouse(char const*)
                0x00000000c0012086                Mouse::~Mouse()
                0x00000000c0012086                Mouse::~Mouse()
                0x00000000c00120aa                Mouse::~Mouse()
 .text          0x00000000c00120d4      0x339 hal/partition.32
                0x00000000c00120d4                makePartition(PhysicalDisk*, unsigned long long, unsigned long long)
                0x00000000c001217c                createPartitionsForDisk(PhysicalDisk*)
 *fill*         0x00000000c001240d        0x1 
 .text          0x00000000c001240e      0x2e7 hal/timer.32
                0x00000000c001240e                Timer::Timer(char const*)
                0x00000000c001240e                Timer::Timer(char const*)
                0x00000000c0012444                Timer::~Timer()
                0x00000000c0012444                Timer::~Timer()
                0x00000000c0012468                Timer::~Timer()
                0x00000000c0012492                Timer::read()
                0x00000000c001249d                timerHandler(unsigned long long)
                0x00000000c00125d4                setupTimer(int)
 *fill*         0x00000000c00126f5        0x1 
 .text          0x00000000c00126f6      0x2d1 hal/vcache.32
                0x00000000c00126f6                VCache::VCache(PhysicalDisk*)
                0x00000000c00126f6                VCache::VCache(PhysicalDisk*)
                0x00000000c00127e6                VCache::writeWriteBuffer()
                0x00000000c0012822                VCache::~VCache()
                0x00000000c0012822                VCache::~VCache()
                0x00000000c0012862                VCache::~VCache()
                0x00000000c001288a                VCache::write(unsigned long long, int, void*)
                0x00000000c001296e                VCache::read(unsigned long long, int, void*)
 *fill*         0x00000000c00129c7        0x1 
 .text          0x00000000c00129c8      0x26d hal/video.32
                0x00000000c00129c8                Video::putrect(int, int, int, int, unsigned int)
                0x00000000c0012a12                Video::blit(unsigned int*, int, int, int, int)
                0x00000000c0012a90                Video::clearScreen(unsigned int)
                0x00000000c0012ac4                Video::putpixel(int, int, unsigned int)
                0x00000000c0012ad2                Video::Video(char const*)
                0x00000000c0012ad2                Video::Video(char const*)
                0x00000000c0012b08                Video::~Video()
                0x00000000c0012b08                Video::~Video()
                0x00000000c0012b2c                Video::~Video()
                0x00000000c0012b56                Video::isMonochrome()
                0x00000000c0012b62                Video::getWidth()
                0x00000000c0012b6e                Video::getHeight()
                0x00000000c0012b7a                Video::drawCursor(int, int, unsigned char*, int)
 *fill*         0x00000000c0012c35        0x1 
 .text          0x00000000c0012c36      0xd28 hw/acpi.32
                0x00000000c0012c36                ACPI::close(int, int, void*)
                0x00000000c0012ceb                findRSDP()
                0x00000000c0012d75                loadACPITables(unsigned char*)
                0x00000000c0012f9c                findRSDT(unsigned char*)
                0x00000000c00130ba                findDataTable(unsigned char*, char*)
                0x00000000c0013156                scanMADT()
                0x00000000c00134ea                ACPI::ACPI()
                0x00000000c00134ea                ACPI::ACPI()
                0x00000000c001354a                ACPI::getPCIIRQAssignment(unsigned char, unsigned short, unsigned char)
                0x00000000c001362c                ACPI::registerPCIIRQAssignment(void*, unsigned short, unsigned char, unsigned char)
                0x00000000c0013732                ACPI::setScreenBrightnessLevel(void*, int)
                0x00000000c0013738                ACPI::writeSimpleBootFlag(SimpleBootFlagTable*)
                0x00000000c0013780                ACPI::open(int, int, void*)
                0x00000000c0013946                ACPI::sleep()
 .text          0x00000000c001395e     0x132c hw/cpu.32
                0x00000000c001395e                CPU::close(int, int, void*)
                0x00000000c0013961                lookupAMDCPUName(unsigned char, unsigned char)
                0x00000000c0013af5                lookupIntelCPUName(unsigned char, unsigned char)
                0x00000000c0013da3                AMD_K6_write_msr(unsigned int, unsigned int, unsigned int, REGS*)
                0x00000000c0013dbf                AMD_K6_read_msr(unsigned int, REGS*)
                0x00000000c0013dd7                AMD_K6_writeback(int, int, int)
                0x00000000c0013e4a                cpuid(int, unsigned long*, unsigned long*, unsigned long*, unsigned long*)
                0x00000000c0013ecd                cpuidCheckEDX(unsigned int)
                0x00000000c0013efa                cpuidCheckECX(unsigned int)
                0x00000000c0013f27                cpuidCheckExtendedEBX(unsigned int)
                0x00000000c0013f54                cpuidCheckExtendedECX(unsigned int)
                0x00000000c0013f81                getCPUNumber()
                0x00000000c0013f84                thisCPU()
                0x00000000c0013f98                CPU::CPU()
                0x00000000c0013f98                CPU::CPU()
                0x00000000c0014026                CPU::displayFeatures()
                0x00000000c0014028                CPU::detectFeatures()
                0x00000000c0014a1a                CPU::setupSMEP()
                0x00000000c0014a34                CPU::setupUMIP()
                0x00000000c0014a4c                CPU::setupTSC()
                0x00000000c0014a64                CPU::setupLargePages()
                0x00000000c0014a7c                CPU::setupPAT()
                0x00000000c0014ab8                CPU::setupMTRR()
                0x00000000c0014aba                CPU::setupGlobalPages()
                0x00000000c0014ad0                CPU::allowUsermodeDataAccess()
                0x00000000c0014ae2                CPU::prohibitUsermodeDataAccess()
                0x00000000c0014af4                CPU::setupSMAP()
                0x00000000c0014b1a                CPU::setupFeatures()
                0x00000000c0014bbc                CPU::open(int, int, void*)
 .text          0x00000000c0014c8a        0x0 hw/ports.32
 .text          0x00000000c0014c8a      0x32c krnl/panic.32
                0x00000000c0014c8a                Krnl::panic(char const*)
 .text          0x00000000c0014fb6      0x503 reg/registry.32
                0x00000000c0014fb6                Reg::findLineFromLoadedData(char*, char*, char*)
                0x00000000c001510e                Reg::getLineFromRegistry(char*, char*, char*, char*)
                0x00000000c001526d                Reg::getLine(char*, char*, char*)
                0x00000000c00152a4                Reg::readInt(char*, char*, int*)
                0x00000000c001538f                Reg::readString(char*, char*, char*, int)
                0x00000000c0015410                Reg::readBool(char*, char*, bool*)
                0x00000000c0015435                Reg::readBoolWithDefault(char*, char*, bool)
                0x00000000c0015461                Reg::readIntWithDefault(char*, char*, int)
                0x00000000c001548d                Reg::readStringWithDefault(char*, char*, char*, int, char*)
 .text          0x00000000c00154b9       0x18 sys/sc_exit.32
                0x00000000c00154b9                Sys::exit(regs*)
 .text          0x00000000c00154d1       0x95 sys/sc_loaddll.32
                0x00000000c00154d1                Sys::loadDLL(regs*)
 .text          0x00000000c0015566       0x68 sys/sc_read.32
                0x00000000c0015566                Sys::read(regs*)
 .text          0x00000000c00155ce       0x55 sys/sc_sbrk.32
                0x00000000c00155ce                Sys::sbrk(regs*)
 .text          0x00000000c0015623       0x83 sys/sc_write.32
                0x00000000c0015623                Sys::write(regs*)
 .text          0x00000000c00156a6       0x1a sys/sc_yield.32
                0x00000000c00156a6                Sys::yield(regs*)
 .text          0x00000000c00156c0      0xfef sys/syscalls.32
                0x00000000c00156c0                sysCallGetPID(regs*)
                0x00000000c00156cc                sysCallSeekDir(regs*)
                0x00000000c00156d1                sysCallTellDir(regs*)
                0x00000000c00156d6                sysCallVerify(regs*)
                0x00000000c00156e0                sysCallGetArgc(regs*)
                0x00000000c00156f0                sysFormatDisk(regs*)
                0x00000000c001575a                sysSetDiskVolumeLabel(regs*)
                0x00000000c00157a0                sysGetDiskVolumeLabel(regs*)
                0x00000000c00157f1                sysShutdown(regs*)
                0x00000000c001584f                sysCallGetCwd(regs*)
                0x00000000c001586e                sysCallSetCwd(regs*)
                0x00000000c001588a                sysCallRealpath(regs*)
                0x00000000c00158cd                sysCallReadDir(regs*)
                0x00000000c001595b                sysCallIsATTY(regs*)
                0x00000000c00159b5                sysCallSeek(regs*)
                0x00000000c0015a1e                sysCallTell(regs*)
                0x00000000c0015a9b                sysCallSizeFromFilename(regs*)
                0x00000000c0015b4c                sysCallSize(regs*)
                0x00000000c0015bcf                sysCallClose(regs*)
                0x00000000c0015c57                sysCallOpenDir(regs*)
                0x00000000c0015cc4                sysCallMakeDir(regs*)
                0x00000000c0015d1d                sysCallCloseDir(regs*)
                0x00000000c0015d83                sysCallWait(regs*)
                0x00000000c0015d9d                sysCallFork(regs*)
                0x00000000c0015db9                sysCallExecve(regs*)
                0x00000000c0015e0e                sysCallRmdir(regs*)
                0x00000000c0015e60                sysCallUnlink(regs*)
                0x00000000c0015eb2                sysCallGetArgv(regs*)
                0x00000000c0015efe                sysCallTTYName(regs*)
                0x00000000c0015f81                sysCallGetEnv(regs*)
                0x00000000c0015fd3                sysCallUSleep(regs*)
                0x00000000c0015ffa                sysCallSpawn(regs*)
                0x00000000c001606a                sysAppSettings(regs*)
                0x00000000c0016189                sysSetFatAttrib(regs*)
                0x00000000c00161e9                sysPanic(regs*)
                0x00000000c001620f                sysPipe(regs*)
                0x00000000c0016254                sysGetUnixTime(regs*)
                0x00000000c0016268                string_ends_with(char const*, char const*)
                0x00000000c00162b0                sysCallOpen(regs*)
                0x00000000c00164b4                setupSystemCalls()
                0x00000000c001666d                systemCall(regs*, void*)
 .text          0x00000000c00166af     0x1137 thr/elf.32
                0x00000000c00166af                Thr::allocateMemoryForTask(Process*, File*, unsigned long, unsigned long, unsigned long)
                0x00000000c001692c                Thr::loadProgramIntoMemory(Process*, char const*)
                0x00000000c0016b42                Thr::runtimeReferenceHelper()
                0x00000000c0016b55                Thr::getAddressOfKernelSymbol(char const*)
                0x00000000c0016ba4                Thr::loadKernelSymbolTable(char const*)
                0x00000000c0016e65                Thr::loadDriverIntoMemory(char const*, unsigned long, bool)
                0x00000000c00175e6                Thr::getDriverBaseFromAddress(unsigned long)
                0x00000000c0017618                Thr::getDriverNameFromAddress(unsigned long)
                0x00000000c001764f                Thr::getDriverOffsetFromAddress(unsigned long)
                0x00000000c0017669                Thr::loadDLL(char const*, bool)
                0x00000000c00177bc                Thr::executeDLL(unsigned long, void*)
 .text          0x00000000c00177e6     0x11c2 thr/prcssthr.32
                0x00000000c00177e6                changeTSS
                0x00000000c0017814                Process::addArgs(char**)
                0x00000000c001786e                Process::Process(char const*, Process*, char**)
                0x00000000c001786e                Process::Process(char const*, Process*, char**)
                0x00000000c0017a26                Process::Process(bool, char const*, Process*, char**)
                0x00000000c0017a26                Process::Process(bool, char const*, Process*, char**)
                0x00000000c0017ba9                disableIRQs()
                0x00000000c0017bb1                getIRQNestingLevel()
                0x00000000c0017bb7                enableIRQs()
                0x00000000c0017bc6                lockScheduler()
                0x00000000c0017bc8                unlockScheduler()
                0x00000000c0017bca                userModeEntryPoint(void*)
                0x00000000c0017bed                lockStuff()
                0x00000000c0017bf9                taskStartupFunction
                0x00000000c0017c02                updateTimeUsed()
                0x00000000c0017c60                switchToThread(ThreadControlBlock*)
                0x00000000c0017cb0                Semaphore::Semaphore(int)
                0x00000000c0017cb0                Semaphore::Semaphore(int)
                0x00000000c0017cde                Mutex::Mutex()
                0x00000000c0017cde                Mutex::Mutex()
                0x00000000c0017cf0                Process::createThread(void (*)(void*), void*, int)
                0x00000000c0017dd4                Process::createUserThread()
                0x00000000c0017df0                setupMultitasking(void (*)())
                0x00000000c0017efa                schedule()
                0x00000000c0017f7f                unlockStuff()
                0x00000000c0017fb4                forkProcess(regs*)
                0x00000000c0018122                Semaphore::tryAcquire()
                0x00000000c0018150                Semaphore::assertLocked(char const*)
                0x00000000c0018183                blockTaskWithSchedulerLockAlreadyHeld(TaskState)
                0x00000000c00181c5                blockTask(TaskState)
                0x00000000c00181e6                waitTask(int, int*, int)
                0x00000000c0018228                nanoSleepUntil(unsigned long long)
                0x00000000c001827f                nanoSleep(unsigned long long)
                0x00000000c0018294                sleep(unsigned long long)
                0x00000000c00182b2                Semaphore::acquire()
                0x00000000c001831a                execveProcess(char const*, char* const*, char* const*)
                0x00000000c00183a8                taskReturned
                0x00000000c00183d6                unblockTask(ThreadControlBlock*)
                0x00000000c0018485                cleanupTerminatedTask(ThreadControlBlock*)
                0x00000000c0018729                cleanerTaskFunction(void*)
                0x00000000c00187dc                terminateTask(int)
                0x00000000c00188b0                Thr::terminateFromIRQ(int)
                0x00000000c00188bc                Semaphore::release()
 .text          0x00000000c00189a8      0x8bf vm86/vm8086.32
                0x00000000c00189a8                Vm::vm8086EntryPoint(void*)
                0x00000000c00189d3                Vm::inbv(unsigned short)
                0x00000000c00189d9                Vm::outbv(unsigned short, unsigned char)
                0x00000000c00189e3                Vm::realToLinear(unsigned short, unsigned short)
                0x00000000c00189f3                Vm::getSegment(unsigned int)
                0x00000000c00189fb                Vm::getOffset(unsigned int)
                0x00000000c0018a00                Vm::loadFileAsThread(Process*, char const*, unsigned short, unsigned short, unsigned short, unsigned short)
                0x00000000c0018b2f                Vm::doISR(regs*, int, unsigned char*, unsigned short, unsigned short)
                0x00000000c0018bb9                Vm::readByteFromReal(unsigned short, unsigned short)
                0x00000000c0018bca                Vm::readWordFromReal(unsigned short, unsigned short)
                0x00000000c0018bdc                Vm::readDwordFromReal(unsigned short, unsigned short)
                0x00000000c0018bed                Vm::writeByteFromReal(unsigned short, unsigned short, unsigned char)
                0x00000000c0018c02                Vm::writeWordFromReal(unsigned short, unsigned short, unsigned short)
                0x00000000c0018c18                Vm::writeDwordFromReal(unsigned short, unsigned short, unsigned int)
                0x00000000c0018c2d                Vm::faultHandler(regs*)
 *fill*         0x00000000c0019267        0x1 
 .text          0x00000000c0019268     0x10ed fs/fat/vfslink.32
                0x00000000c0019268                FAT::getName()
                0x00000000c001926e                FAT::tell(void*, unsigned long long*)
                0x00000000c00192a2                FAT::stat(void*, unsigned long long*)
                0x00000000c00192d6                FAT::~FAT()
                0x00000000c00192d6                FAT::~FAT()
                0x00000000c00192fa                FAT::~FAT()
                0x00000000c0019322                FAT::getlabel(LogicalDisk*, int, char*, unsigned int*)
                0x00000000c00193c0                FAT::setlabel(LogicalDisk*, int, char*)
                0x00000000c001947a                FAT::format(LogicalDisk*, int, char const*, int)
                0x00000000c001965e                FAT::tryMount(LogicalDisk*, int)
                0x00000000c0019864                FAT::readDir(void*, unsigned long, void*, int*)
                0x00000000c001996a                FAT::read(void*, unsigned long, void*, int*)
                0x00000000c00199c4                FAT::write(void*, unsigned long, void*, int*)
                0x00000000c0019a1e                FAT::close(void*)
                0x00000000c0019a6a                FAT::closeDir(void*)
                0x00000000c0019ab6                FAT::seek(void*, unsigned long long)
                0x00000000c0019b0a                fatWrapperReadDisk
                0x00000000c0019b51                fatWrapperWriteDisk
                0x00000000c0019b98                fatWrapperIoctl
                0x00000000c0019c9c                FAT::FAT()
                0x00000000c0019c9c                FAT::FAT()
                0x00000000c0019cee                FAT::fixFilepath(char*)
                0x00000000c0019d26                FAT::open(char const*, void**, FileOpenMode)
                0x00000000c0019e4e                FAT::openDir(char const*, void**)
                0x00000000c0019ef4                FAT::stat(char const*, unsigned long long*, bool*)
                0x00000000c0019fde                FAT::unlink(char const*)
                0x00000000c001a058                FAT::chfatattr(char const*, unsigned char, unsigned char)
                0x00000000c001a1ac                FAT::rename(char const*, char const*)
                0x00000000c001a270                FAT::mkdir(char const*)
                0x00000000c001a2ea                FAT::exists(char const*)
 *fill*         0x00000000c001a355        0x1 
 .text          0x00000000c001a356      0xbdf fs/iso9660/vfslink.32
                0x00000000c001a356                ISO9660::format(LogicalDisk*, int, char const*, int)
                0x00000000c001a35c                ISO9660::seek(void*, unsigned long long)
                0x00000000c001a38c                ISO9660::tell(void*, unsigned long long*)
                0x00000000c001a3b0                ISO9660::getName()
                0x00000000c001a3b6                ISO9660::stat(void*, unsigned long long*)
                0x00000000c001a3da                ISO9660::chfatattr(char const*, unsigned char, unsigned char)
                0x00000000c001a3e0                ISO9660::unlink(char const*)
                0x00000000c001a3e6                ISO9660::write(void*, unsigned long, void*, int*)
                0x00000000c001a3ec                ISO9660::rename(char const*, char const*)
                0x00000000c001a3f2                ISO9660::mkdir(char const*)
                0x00000000c001a3f8                ISO9660::close(void*)
                0x00000000c001a41a                ISO9660::closeDir(void*)
                0x00000000c001a43c                ISO9660::~ISO9660()
                0x00000000c001a43c                ISO9660::~ISO9660()
                0x00000000c001a460                ISO9660::~ISO9660()
                0x00000000c001a487                __memmem(unsigned char*, int, unsigned char*, int)
                0x00000000c001a4c9                readSectorFromCDROM(unsigned int, unsigned char*, char)
                0x00000000c001a530                ISO9660::tryMount(LogicalDisk*, int)
                0x00000000c001a580                ISO9660::read(void*, unsigned long, void*, int*)
                0x00000000c001a7c4                ISO9660::readDir(void*, unsigned long, void*, int*)
                0x00000000c001aa51                readRoot(unsigned int*, unsigned int*, char)
                0x00000000c001aaa6                readRecursively(char*, unsigned int, unsigned int, unsigned int*, unsigned int*, char, int*)
                0x00000000c001ac79                getFileData(char*, unsigned int*, unsigned int*, char, int*)
                0x00000000c001ad08                ISO9660::open(char const*, void**, FileOpenMode)
                0x00000000c001ada2                ISO9660::exists(char const*)
                0x00000000c001adc6                ISO9660::stat(char const*, unsigned long long*, bool*)
                0x00000000c001ae5a                ISO9660::openDir(char const*, void**)
                0x00000000c001af12                ISO9660::ISO9660()
                0x00000000c001af12                ISO9660::ISO9660()
 *fill*         0x00000000c001af35        0x1 
 .text          0x00000000c001af36      0x244 hal/sound/sndchannel.32
                0x00000000c001af36                SoundChannel::~SoundChannel()
                0x00000000c001af36                SoundChannel::~SoundChannel()
                0x00000000c001af52                SoundChannel::setSpeed(float)
                0x00000000c001af5e                SoundChannel::getSpeed()
                0x00000000c001af66                SoundChannel::setVolume(int)
                0x00000000c001af82                SoundChannel::getVolume()
                0x00000000c001af8a                SoundChannel::pause()
                0x00000000c001af94                SoundChannel::SoundChannel(int, int, int, int)
                0x00000000c001af94                SoundChannel::SoundChannel(int, int, int, int)
                0x00000000c001b08a                SoundChannel::play()
                0x00000000c001b094                SoundChannel::paused()
                0x00000000c001b09c                SoundChannel::getSampleRate()
                0x00000000c001b0a4                SoundChannel::getBits()
                0x00000000c001b0ac                SoundChannel::getBufferUsed()
                0x00000000c001b0b4                SoundChannel::getBufferSize()
                0x00000000c001b0bc                SoundChannel::unbuffer(float*, int, int)
                0x00000000c001b12e                SoundChannel::buffer8(unsigned char*, int)
 .text          0x00000000c001b17a      0x317 hal/sound/sndhw.32
                0x00000000c001b17a                SoundDevice::SoundDevice(char const*)
                0x00000000c001b17a                SoundDevice::SoundDevice(char const*)
                0x00000000c001b1e6                SoundDevice::~SoundDevice()
                0x00000000c001b1e6                SoundDevice::~SoundDevice()
                0x00000000c001b260                SoundDevice::~SoundDevice()
                0x00000000c001b28a                SoundDevice::getFreeChannelNum()
                0x00000000c001b2a4                SoundDevice::addChannel(SoundChannel*)
                0x00000000c001b314                SoundDevice::removeChannel(int)
                0x00000000c001b346                SoundDevice::floatTo8(float*, unsigned char*, int)
                0x00000000c001b3b2                SoundDevice::getAudio(int, float*, float*)
 .text          0x00000000c001b491        0x0 hw/bus/isa.32
 *fill*         0x00000000c001b491        0x1 
 .text          0x00000000c001b492      0x6e5 hw/bus/pci.32
                0x00000000c001b492                PCI::open(int, int, void*)
                0x00000000c001b4a6                PCI::close(int, int, void*)
                0x00000000c001b4aa                PCI::PCI()
                0x00000000c001b4aa                PCI::PCI()
                0x00000000c001b52a                PCI::pciReadWord(unsigned char, unsigned char, unsigned char, unsigned char)
                0x00000000c001b572                PCI::getVendorID(unsigned char, unsigned char, unsigned char)
                0x00000000c001b594                PCI::getHeaderType(unsigned char, unsigned char, unsigned char)
                0x00000000c001b5b8                PCI::getClassCode(unsigned char, unsigned char, unsigned char)
                0x00000000c001b5fc                PCI::getProgIF(unsigned char, unsigned char, unsigned char)
                0x00000000c001b620                PCI::getRevisionID(unsigned char, unsigned char, unsigned char)
                0x00000000c001b642                PCI::getInterruptNumber(unsigned char, unsigned char, unsigned char)
                0x00000000c001b664                PCI::getSecondaryBus(unsigned char, unsigned char, unsigned char)
                0x00000000c001b688                PCI::getBARAddress(unsigned char, unsigned char, unsigned char, unsigned char)
                0x00000000c001b6e8                PCI::pciWriteWord(unsigned char, unsigned char, unsigned char, unsigned char, unsigned short)
                0x00000000c001b754                PCI::checkBus(unsigned char)
                0x00000000c001b778                PCI::foundDevice(PCIDeviceInfo)
                0x00000000c001b8e8                PCI::getDeviceData(unsigned char, unsigned char, unsigned char)
                0x00000000c001bab8                PCI::checkDevice(unsigned char, unsigned char)
                0x00000000c001bb24                PCI::detect()
 *fill*         0x00000000c001bb77        0x1 
 .text          0x00000000c001bb78      0xc70 hw/diskctrl/ide.32
                0x00000000c001bb78                IDE::close(int, int, void*)
                0x00000000c001bb7c                IDE::IDE()
                0x00000000c001bb7c                IDE::IDE()
                0x00000000c001bbb0                IDE::prepareInterrupt(unsigned char)
                0x00000000c001bbc2                selectDrive(unsigned char, unsigned char)
                0x00000000c001bbc4                IDE::getBase(unsigned char)
                0x00000000c001bbd6                IDE::write(unsigned char, unsigned char, unsigned char)
                0x00000000c001bc96                IDE::read(unsigned char, unsigned char)
                0x00000000c001bd44                IDE::waitInterrupt(unsigned char)
                0x00000000c001bdaa                ideChannel0IRQHandler(regs*, void*)
                0x00000000c001bdc6                ideChannel1IRQHandler(regs*, void*)
                0x00000000c001bde2                IDE::enableIRQs(unsigned char, bool)
                0x00000000c001be28                IDE::open(int, int, void*)
                0x00000000c001c238                IDE::readBuffer(unsigned char, unsigned char, unsigned int, unsigned int)
                0x00000000c001c304                IDE::detect()
                0x00000000c001c5ec                IDE::printError(unsigned char, unsigned char, unsigned char)
                0x00000000c001c782                IDE::polling(unsigned char, unsigned int)
 .text          0x00000000c001c7e8      0x62b hw/diskphys/ata.32
                0x00000000c001c7e8                ATA::close(int, int, void*)
                0x00000000c001c80c                ATA::powerSaving(PowerSavingLevel)
                0x00000000c001c80e                ATA::ATA()
                0x00000000c001c80e                ATA::ATA()
                0x00000000c001c83c                ATA::flush(bool)
                0x00000000c001c886                ATA::readyForCommand()
                0x00000000c001c8d6                ATA::access(unsigned long long, int, void*, bool)
                0x00000000c001cc54                ATA::read(unsigned long long, int, void*)
                0x00000000c001ccbc                ATA::write(unsigned long long, int, void*)
                0x00000000c001cd24                ATA::detectCHS()
                0x00000000c001cd4e                ATA::open(int, int, void*)
 *fill*         0x00000000c001ce13        0x1 
 .text          0x00000000c001ce14      0x5b3 hw/diskphys/atapi.32
                0x00000000c001ce14                ATAPI::write(unsigned long long, int, void*)
                0x00000000c001ce1a                ATAPI::close(int, int, void*)
                0x00000000c001ce3e                ATAPI::ATAPI()
                0x00000000c001ce3e                ATAPI::ATAPI()
                0x00000000c001ce6c                ATAPI::readyForCommand()
                0x00000000c001cebc                ATAPI::sendPacket(unsigned char*, int, bool, unsigned short*, int)
                0x00000000c001d17c                ATAPI::diskRemoved()
                0x00000000c001d198                ATAPI::eject()
                0x00000000c001d1de                ATAPI::diskInserted()
                0x00000000c001d20c                ATAPI::detectMedia()
                0x00000000c001d2c8                ATAPI::open(int, int, void*)
                0x00000000c001d348                ATAPI::read(unsigned long long, int, void*)
 *fill*         0x00000000c001d3c7        0x1 
 .text          0x00000000c001d3c8       0x8e hw/fpu/avx.32
                0x00000000c001d3c8                AVX::open(int, int, void*)
                0x00000000c001d3da                AVX::close(int, int, void*)
                0x00000000c001d3ec                AVX::available()
                0x00000000c001d3fe                AVX::save(void*)
                0x00000000c001d416                AVX::load(void*)
                0x00000000c001d42e                AVX::AVX()
                0x00000000c001d42e                AVX::AVX()
 .text          0x00000000c001d456       0x90 hw/fpu/mmx.32
                0x00000000c001d456                MMX::available()
                0x00000000c001d46a                MMX::open(int, int, void*)
                0x00000000c001d47c                MMX::close(int, int, void*)
                0x00000000c001d48e                MMX::save(void*)
                0x00000000c001d4a6                MMX::load(void*)
                0x00000000c001d4be                MMX::MMX()
                0x00000000c001d4be                MMX::MMX()
 .text          0x00000000c001d4e6       0x96 hw/fpu/sse.32
                0x00000000c001d4e6                SSE::open(int, int, void*)
                0x00000000c001d4f8                SSE::close(int, int, void*)
                0x00000000c001d50a                SSE::available()
                0x00000000c001d524                SSE::save(void*)
                0x00000000c001d53c                SSE::load(void*)
                0x00000000c001d554                SSE::SSE()
                0x00000000c001d554                SSE::SSE()
 .text          0x00000000c001d57c       0x8e hw/fpu/x87.32
                0x00000000c001d57c                x87::open(int, int, void*)
                0x00000000c001d58e                x87::close(int, int, void*)
                0x00000000c001d5a0                x87::available()
                0x00000000c001d5b2                x87::save(void*)
                0x00000000c001d5ca                x87::load(void*)
                0x00000000c001d5e2                x87::x87()
                0x00000000c001d5e2                x87::x87()
 .text          0x00000000c001d60a      0x5f3 hw/intctrl/apic.32
                0x00000000c001d60a                APIC::disable()
                0x00000000c001d60c                APIC::close(int, int, void*)
                0x00000000c001d62e                IOAPIC::close(int, int, void*)
                0x00000000c001d634                APIC::io_wait()
                0x00000000c001d63a                APIC::getBase()
                0x00000000c001d67c                APIC::eoi(unsigned char)
                0x00000000c001d6aa                APIC::open(int, int, void*)
                0x00000000c001d764                IOAPIC::IOAPIC()
                0x00000000c001d764                IOAPIC::IOAPIC()
                0x00000000c001d78c                APIC::APIC()
                0x00000000c001d78c                APIC::APIC()
                0x00000000c001d85c                IOAPIC::handlesGSIWithNumber(unsigned int)
                0x00000000c001d88e                IOAPIC::read(int)
                0x00000000c001d8b6                IOAPIC::open(int, int, void*)
                0x00000000c001d9ac                IOAPIC::write(int, int)
                0x00000000c001d9d8                IOAPIC::redirect(unsigned char, unsigned long long, unsigned char)
                0x00000000c001da92                APIC::installIRQHandler(int, void (*)(regs*, void*), bool, void*)
 *fill*         0x00000000c001dbfd        0x1 
 .text          0x00000000c001dbfe      0x3d3 hw/intctrl/pic.32
                0x00000000c001dbfe                PIC::disable()
                0x00000000c001dc2c                PIC::close(int, int, void*)
                0x00000000c001dc4e                PIC::PIC()
                0x00000000c001dc4e                PIC::PIC()
                0x00000000c001dd24                PIC::ioWait()
                0x00000000c001dd2a                PIC::getIRQReg(int)
                0x00000000c001dd94                PIC::eoi(unsigned char)
                0x00000000c001de26                PIC::remap()
                0x00000000c001df92                PIC::open(int, int, void*)
 *fill*         0x00000000c001dfd1        0x1 
 .text          0x00000000c001dfd2      0x252 hw/timer/apictimer.32
                0x00000000c001dfd2                APICTimer::close(int, int, void*)
                0x00000000c001dfd8                apicTimerHandler(regs*, void*)
                0x00000000c001e006                APICTimer::write(int)
                0x00000000c001e104                APICTimer::open(int, int, void*)
                0x00000000c001e1fc                APICTimer::APICTimer()
                0x00000000c001e1fc                APICTimer::APICTimer()
 .text          0x00000000c001e224      0x1a7 hw/timer/pit.32
                0x00000000c001e224                PIT::write(int)
                0x00000000c001e2a2                pitHandler(regs*, void*)
                0x00000000c001e2ce                PIT::open(int, int, void*)
                0x00000000c001e31c                PIT::close(int, int, void*)
                0x00000000c001e34c                PIT::PIT()
                0x00000000c001e34c                PIT::PIT()
 *fill*         0x00000000c001e3cb        0x5 
 .text          0x00000000c001e3d0        0xa hw/fpu/x86/avx.32
                0x00000000c001e3d0                avxDetect
                0x00000000c001e3d6                avxSave
                0x00000000c001e3d7                avxLoad
                0x00000000c001e3d8                avxInit
                0x00000000c001e3d9                avxClose
 *fill*         0x00000000c001e3da        0x6 
 .text          0x00000000c001e3e0       0x38 hw/fpu/x86/sse.32
                0x00000000c001e3e0                sseDetect
                0x00000000c001e3fb                sseSave
                0x00000000c001e401                sseLoad
                0x00000000c001e407                sseInit
                0x00000000c001e417                sseClose
 *fill*         0x00000000c001e418        0x8 
 .text          0x00000000c001e420       0x47 hw/fpu/x86/x87.32
                0x00000000c001e426                x87Detect
                0x00000000c001e441                x87Save
                0x00000000c001e447                x87Load
                0x00000000c001e44c                x87Init
                0x00000000c001e466                x87Close
 *fill*         0x00000000c001e467        0x1 
 .text          0x00000000c001e468       0x25 /cygdrive/d/Users/Alex/Desktop/Toolchain/Output/bin/../lib/gcc/i386-banana/8.1.0/crtend.o
 .text          0x00000000c001e48d        0x0 crtn.32
 *fill*         0x00000000c001e48d        0x3 
 .text          0x00000000c001e490      0x14b /cygdrive/d/Users/Alex/Desktop/Toolchain/Output/bin/../lib/gcc/i386-banana/8.1.0/libgcc.a(_divdi3.o)
                0x00000000c001e490                __divdi3
 *fill*         0x00000000c001e5db        0x1 
 .text          0x00000000c001e5dc      0x17e /cygdrive/d/Users/Alex/Desktop/Toolchain/Output/bin/../lib/gcc/i386-banana/8.1.0/libgcc.a(_moddi3.o)
                0x00000000c001e5dc                __moddi3
 *fill*         0x00000000c001e75a        0x2 
 .text          0x00000000c001e75c       0xff /cygdrive/d/Users/Alex/Desktop/Toolchain/Output/bin/../lib/gcc/i386-banana/8.1.0/libgcc.a(_udivdi3.o)
                0x00000000c001e75c                __udivdi3
 *fill*         0x00000000c001e85b        0x1 
 .text          0x00000000c001e85c      0x11a /cygdrive/d/Users/Alex/Desktop/Toolchain/Output/bin/../lib/gcc/i386-banana/8.1.0/libgcc.a(_umoddi3.o)
                0x00000000c001e85c                __umoddi3
 *fill*         0x00000000c001e976        0xa 
 .text          0x00000000c001e980       0x1e D:/Users/Alex/Desktop/Banana/kernel/libk/libm32.a(s_fabs.c.o)
                0x00000000c001e980                fabs
 *fill*         0x00000000c001e99e        0x2 
 .text          0x00000000c001e9a0        0xc D:/Users/Alex/Desktop/Banana/kernel/libk/libm32.a(s_lrint.S.o)
                0x00000000c001e9a0                lrint
 .text          0x00000000c001e9ac        0xc D:/Users/Alex/Desktop/Banana/kernel/libk/libm32.a(s_lrintf.S.o)
                0x00000000c001e9ac                lrintf
 *(.gnu.linkonce.t*)

.iplt           0x00000000c001e9b8        0x0
 .iplt          0x00000000c001e9b8        0x0 D:/Users/Alex/Desktop/Banana/kernel/boot.32

.init           0x00000000c001e9b8        0xf
 .init          0x00000000c001e9b8        0x3 crti.32
                0x00000000c001e9b8                _init
 .init          0x00000000c001e9bb        0x5 /cygdrive/d/Users/Alex/Desktop/Toolchain/Output/bin/../lib/gcc/i386-banana/8.1.0/crtbegin.o
 .init          0x00000000c001e9c0        0x5 /cygdrive/d/Users/Alex/Desktop/Toolchain/Output/bin/../lib/gcc/i386-banana/8.1.0/crtend.o
 .init          0x00000000c001e9c5        0x2 crtn.32

.fini           0x00000000c001e9c7        0xa
 .fini          0x00000000c001e9c7        0x3 crti.32
                0x00000000c001e9c7                _fini
 .fini          0x00000000c001e9ca        0x5 /cygdrive/d/Users/Alex/Desktop/Toolchain/Output/bin/../lib/gcc/i386-banana/8.1.0/crtbegin.o
 .fini          0x00000000c001e9cf        0x2 crtn.32

.text._ZN8ComputerD2Ev
                0x00000000c001e9d2       0x23
 .text._ZN8ComputerD2Ev
                0x00000000c001e9d2       0x23 core/computer.32
                0x00000000c001e9d2                Computer::~Computer()
                0x00000000c001e9d2                Computer::~Computer()

.text._ZN8ComputerD0Ev
                0x00000000c001e9f6       0x2a
 .text._ZN8ComputerD0Ev
                0x00000000c001e9f6       0x2a core/computer.32
                0x00000000c001e9f6                Computer::~Computer()

.text._Z10idleCommonv
                0x00000000c001ea20       0x15
 .text._Z10idleCommonv
                0x00000000c001ea20       0x15 core/idle.32
                0x00000000c001ea20                idleCommon()

.text._ZN3CPU7readCR3Ev
                0x00000000c001ea35       0x12
 .text._ZN3CPU7readCR3Ev
                0x00000000c001ea35       0x12 core/kheap.32
                0x00000000c001ea35                CPU::readCR3()

.text._ZN3CPU8writeCR3Em
                0x00000000c001ea47        0x9
 .text._ZN3CPU8writeCR3Em
                0x00000000c001ea47        0x9 core/kheap.32
                0x00000000c001ea47                CPU::writeCR3(unsigned long)

.text._ZN10LinkedListI8UnixFileED2Ev
                0x00000000c001ea50        0x2
 .text._ZN10LinkedListI8UnixFileED2Ev
                0x00000000c001ea50        0x2 core/unixfile.32
                0x00000000c001ea50                LinkedList<UnixFile>::~LinkedList()
                0x00000000c001ea50                LinkedList<UnixFile>::~LinkedList()

.text._ZN10LinkedListI8UnixFileEC2Ev
                0x00000000c001ea52       0x58
 .text._ZN10LinkedListI8UnixFileEC2Ev
                0x00000000c001ea52       0x58 core/unixfile.32
                0x00000000c001ea52                LinkedList<UnixFile>::LinkedList()
                0x00000000c001ea52                LinkedList<UnixFile>::LinkedList()

.text._ZN10LinkedListI8UnixFileE10addElementEPS0_
                0x00000000c001eaaa       0xd3
 .text._ZN10LinkedListI8UnixFileE10addElementEPS0_
                0x00000000c001eaaa       0xd3 core/unixfile.32
                0x00000000c001eaaa                LinkedList<UnixFile>::addElement(UnixFile*)

.text._ZN10LinkedListI8UnixFileE15getFirstElementEv
                0x00000000c001eb7e        0x7
 .text._ZN10LinkedListI8UnixFileE15getFirstElementEv
                0x00000000c001eb7e        0x7 core/unixfile.32
                0x00000000c001eb7e                LinkedList<UnixFile>::getFirstElement()

.text._ZN10LinkedListI8UnixFileE11removeFirstEv
                0x00000000c001eb86       0xa1
 .text._ZN10LinkedListI8UnixFileE11removeFirstEv
                0x00000000c001eb86       0xa1 core/unixfile.32
                0x00000000c001eb86                LinkedList<UnixFile>::removeFirst()

.text._ZN10LinkedListI8UnixFileE7getNextEPS0_
                0x00000000c001ec28        0x8
 .text._ZN10LinkedListI8UnixFileE7getNextEPS0_
                0x00000000c001ec28        0x8 core/unixfile.32
                0x00000000c001ec28                LinkedList<UnixFile>::getNext(UnixFile*)

.text._ZN16DriverlessDeviceD2Ev
                0x00000000c001ec30       0x1a
 .text._ZN16DriverlessDeviceD2Ev
                0x00000000c001ec30       0x1a hal/device.32
                0x00000000c001ec30                DriverlessDevice::~DriverlessDevice()
                0x00000000c001ec30                DriverlessDevice::~DriverlessDevice()

.text._ZN16DriverlessDeviceD0Ev
                0x00000000c001ec4a       0x2a
 .text._ZN16DriverlessDeviceD0Ev
                0x00000000c001ec4a       0x2a hal/device.32
                0x00000000c001ec4a                DriverlessDevice::~DriverlessDevice()

.text._ZN10LinkedListI6DeviceE10addElementEPS0_
                0x00000000c001ec74       0xdc
 .text._ZN10LinkedListI6DeviceE10addElementEPS0_
                0x00000000c001ec74       0xdc hal/device.32
                0x00000000c001ec74                LinkedList<Device>::addElement(Device*)

.text._ZN10LinkedListI6DeviceEC2Ev
                0x00000000c001ed50       0x58
 .text._ZN10LinkedListI6DeviceEC2Ev
                0x00000000c001ed50       0x58 hal/device.32
                0x00000000c001ed50                LinkedList<Device>::LinkedList()
                0x00000000c001ed50                LinkedList<Device>::LinkedList()

.text._ZN3CPU7readCR0Ev
                0x00000000c001eda8       0x12
 .text._ZN3CPU7readCR0Ev
                0x00000000c001eda8       0x12 hal/fpu.32
                0x00000000c001eda8                CPU::readCR0()

.text._ZN3CPU8writeCR0Em
                0x00000000c001edba        0x9
 .text._ZN3CPU8writeCR0Em
                0x00000000c001edba        0x9 hal/fpu.32
                0x00000000c001edba                CPU::writeCR0(unsigned long)

.text._ZN3CPU7readDR0Ev
                0x00000000c001edc3       0x12
 .text._ZN3CPU7readDR0Ev
                0x00000000c001edc3       0x12 hal/intctrl.32
                0x00000000c001edc3                CPU::readDR0()

.text._ZN3CPU7readDR1Ev
                0x00000000c001edd5       0x12
 .text._ZN3CPU7readDR1Ev
                0x00000000c001edd5       0x12 hal/intctrl.32
                0x00000000c001edd5                CPU::readDR1()

.text._ZN3CPU7readDR2Ev
                0x00000000c001ede7       0x12
 .text._ZN3CPU7readDR2Ev
                0x00000000c001ede7       0x12 hal/intctrl.32
                0x00000000c001ede7                CPU::readDR2()

.text._ZN3CPU7readDR3Ev
                0x00000000c001edf9       0x12
 .text._ZN3CPU7readDR3Ev
                0x00000000c001edf9       0x12 hal/intctrl.32
                0x00000000c001edf9                CPU::readDR3()

.text._ZN3CPU7readDR6Ev
                0x00000000c001ee0b       0x12
 .text._ZN3CPU7readDR6Ev
                0x00000000c001ee0b       0x12 hal/intctrl.32
                0x00000000c001ee0b                CPU::readDR6()

.text._ZN3CPU7readDR7Ev
                0x00000000c001ee1d       0x12
 .text._ZN3CPU7readDR7Ev
                0x00000000c001ee1d       0x12 hal/intctrl.32
                0x00000000c001ee1d                CPU::readDR7()

.text._ZN10LinkedListIV18ThreadControlBlockE15getFirstElementEv
                0x00000000c001ee30        0x7
 .text._ZN10LinkedListIV18ThreadControlBlockE15getFirstElementEv
                0x00000000c001ee30        0x7 hal/timer.32
                0x00000000c001ee30                LinkedList<ThreadControlBlock volatile>::getFirstElement()

.text._ZN10LinkedListIV18ThreadControlBlockE7isEmptyEv
                0x00000000c001ee38       0x1c
 .text._ZN10LinkedListIV18ThreadControlBlockE7isEmptyEv
                0x00000000c001ee38       0x1c hal/timer.32
                0x00000000c001ee38                LinkedList<ThreadControlBlock volatile>::isEmpty()

.text._ZN10LinkedListIV18ThreadControlBlockE11removeFirstEv
                0x00000000c001ee54       0xae
 .text._ZN10LinkedListIV18ThreadControlBlockE11removeFirstEv
                0x00000000c001ee54       0xae hal/timer.32
                0x00000000c001ee54                LinkedList<ThreadControlBlock volatile>::removeFirst()

.text._ZN10LinkedListIV18ThreadControlBlockE10addElementEPS1_
                0x00000000c001ef02       0xd3
 .text._ZN10LinkedListIV18ThreadControlBlockE10addElementEPS1_
                0x00000000c001ef02       0xd3 hal/timer.32
                0x00000000c001ef02                LinkedList<ThreadControlBlock volatile>::addElement(ThreadControlBlock volatile*)

.text._ZN4ACPID2Ev
                0x00000000c001efd6       0x23
 .text._ZN4ACPID2Ev
                0x00000000c001efd6       0x23 hw/acpi.32
                0x00000000c001efd6                ACPI::~ACPI()
                0x00000000c001efd6                ACPI::~ACPI()

.text._ZN4ACPID0Ev
                0x00000000c001effa       0x2a
 .text._ZN4ACPID0Ev
                0x00000000c001effa       0x2a hw/acpi.32
                0x00000000c001effa                ACPI::~ACPI()

.text._ZN3CPUD2Ev
                0x00000000c001f024       0x23
 .text._ZN3CPUD2Ev
                0x00000000c001f024       0x23 hw/cpu.32
                0x00000000c001f024                CPU::~CPU()
                0x00000000c001f024                CPU::~CPU()

.text._ZN3CPUD0Ev
                0x00000000c001f048       0x2a
 .text._ZN3CPUD0Ev
                0x00000000c001f048       0x2a hw/cpu.32
                0x00000000c001f048                CPU::~CPU()

.text._ZN3CPU7readCR4Ev
                0x00000000c001f072       0x12
 .text._ZN3CPU7readCR4Ev
                0x00000000c001f072       0x12 hw/cpu.32
                0x00000000c001f072                CPU::readCR4()

.text._ZN3CPU8writeDR7Em
                0x00000000c001f084        0x9
 .text._ZN3CPU8writeDR7Em
                0x00000000c001f084        0x9 hw/cpu.32
                0x00000000c001f084                CPU::writeDR7(unsigned long)

.text._ZN3CPU8writeCR4Em
                0x00000000c001f08d        0x9
 .text._ZN3CPU8writeCR4Em
                0x00000000c001f08d        0x9 hw/cpu.32
                0x00000000c001f08d                CPU::writeCR4(unsigned long)

.text._ZN3CPU7readCR2Ev
                0x00000000c001f096       0x12
 .text._ZN3CPU7readCR2Ev
                0x00000000c001f096       0x12 krnl/panic.32
                0x00000000c001f096                CPU::readCR2()

.text._ZN10LinkedListIV18ThreadControlBlockED2Ev
                0x00000000c001f0a8        0x2
 .text._ZN10LinkedListIV18ThreadControlBlockED2Ev
                0x00000000c001f0a8        0x2 thr/prcssthr.32
                0x00000000c001f0a8                LinkedList<ThreadControlBlock volatile>::~LinkedList()
                0x00000000c001f0a8                LinkedList<ThreadControlBlock volatile>::~LinkedList()

.text._ZN18ThreadControlBlockC2Ev
                0x00000000c001f0aa       0x3e
 .text._ZN18ThreadControlBlockC2Ev
                0x00000000c001f0aa       0x3e thr/prcssthr.32
                0x00000000c001f0aa                ThreadControlBlock::ThreadControlBlock()
                0x00000000c001f0aa                ThreadControlBlock::ThreadControlBlock()

.text._ZN10LinkedListIV18ThreadControlBlockEC2Ev
                0x00000000c001f0e8       0x58
 .text._ZN10LinkedListIV18ThreadControlBlockEC2Ev
                0x00000000c001f0e8       0x58 thr/prcssthr.32
                0x00000000c001f0e8                LinkedList<ThreadControlBlock volatile>::LinkedList()
                0x00000000c001f0e8                LinkedList<ThreadControlBlock volatile>::LinkedList()

.text._ZN10LinkedListIV18ThreadControlBlockE7getNextEPS1_
                0x00000000c001f140        0x8
 .text._ZN10LinkedListIV18ThreadControlBlockE7getNextEPS1_
                0x00000000c001f140        0x8 thr/prcssthr.32
                0x00000000c001f140                LinkedList<ThreadControlBlock volatile>::getNext(ThreadControlBlock volatile*)

.text._ZN3PCID2Ev
                0x00000000c001f148       0x23
 .text._ZN3PCID2Ev
                0x00000000c001f148       0x23 hw/bus/pci.32
                0x00000000c001f148                PCI::~PCI()
                0x00000000c001f148                PCI::~PCI()

.text._ZN3PCID0Ev
                0x00000000c001f16c       0x2a
 .text._ZN3PCID0Ev