Archive member included to satisfy reference by file (symbol)

/cygdrive/d/Users/Alex/Desktop/Toolchain/Output/bin/../lib/gcc/i386-banana/8.1.0/libkgcc.a(_divdi3.o)
                              krnl/resolve.32 (__divdi3)
/cygdrive/d/Users/Alex/Desktop/Toolchain/Output/bin/../lib/gcc/i386-banana/8.1.0/libkgcc.a(_moddi3.o)
                              krnl/resolve.32 (__moddi3)
/cygdrive/d/Users/Alex/Desktop/Toolchain/Output/bin/../lib/gcc/i386-banana/8.1.0/libkgcc.a(_udivdi3.o)
                              hal/clock.32 (__udivdi3)
/cygdrive/d/Users/Alex/Desktop/Toolchain/Output/bin/../lib/gcc/i386-banana/8.1.0/libkgcc.a(_umoddi3.o)
                              core/pipe.32 (__umoddi3)

Allocating common symbols
Common symbol       size              file

dcache              0x40              fs/iso9660/iso9660.32
cdDriveLetter       0x1               fs/iso9660/iso9660.32
icache              0x40              fs/iso9660/iso9660.32

Discarded input sections

 .comment       0x0000000000000000       0x12 /cygdrive/d/Users/Alex/Desktop/Toolchain/Output/bin/../lib/gcc/i386-banana/8.1.0/crtbegin.o
 .comment       0x0000000000000000       0x12 acpica/utclib.32
 .comment       0x0000000000000000       0x12 core/malloc.32
 .comment       0x0000000000000000       0x12 libk/ctype.32
 .comment       0x0000000000000000       0x12 libk/string.32
 .comment       0x0000000000000000       0x12 fs/fat/diskio.32
 .comment       0x0000000000000000       0x12 fs/fat/ff.32
 .comment       0x0000000000000000       0x12 fs/fat/ffsystem.32
 .comment       0x0000000000000000       0x12 fs/fat/ffunicode.32
 .comment       0x0000000000000000       0x12 fs/iso9660/iso9660.32
 .group         0x0000000000000000       0x14 core/computer.32
 .group         0x0000000000000000        0xc core/computer.32
 .comment       0x0000000000000000       0x12 core/computer.32
 .comment       0x0000000000000000       0x12 core/gdt.32
 .group         0x0000000000000000        0xc core/idle.32
 .comment       0x0000000000000000       0x12 core/idle.32
 .comment       0x0000000000000000       0x12 core/idt.32
 .comment       0x0000000000000000       0x12 core/kheap.32
 .comment       0x0000000000000000       0x12 core/main.32
 .comment       0x0000000000000000       0x12 core/physmgr.32
 .group         0x0000000000000000        0xc core/pipe.32
 .comment       0x0000000000000000       0x12 core/pipe.32
 .group         0x0000000000000000        0xc core/terminal.32
 .comment       0x0000000000000000       0x12 core/terminal.32
 .comment       0x0000000000000000       0x12 core/tss.32
 .group         0x0000000000000000        0xc core/unixfile.32
 .group         0x0000000000000000        0xc core/unixfile.32
 .group         0x0000000000000000        0xc core/unixfile.32
 .group         0x0000000000000000        0xc core/unixfile.32
 .group         0x0000000000000000        0xc core/unixfile.32
 .group         0x0000000000000000        0xc core/unixfile.32
 .group         0x0000000000000000        0xc core/unixfile.32
 .group         0x0000000000000000        0xc core/unixfile.32
 .comment       0x0000000000000000       0x12 core/unixfile.32
 .comment       0x0000000000000000       0x12 core/virtmgr.32
 .comment       0x0000000000000000       0x12 coreobjs/c++.32
 .comment       0x0000000000000000       0x12 dbg/kconsole.32
 .comment       0x0000000000000000       0x12 dbg/usban.32
 .group         0x0000000000000000        0xc fs/vfs.32
 .group         0x0000000000000000        0xc fs/vfs.32
 .group         0x0000000000000000        0xc fs/vfs.32
 .comment       0x0000000000000000       0x12 fs/vfs.32
 .group         0x0000000000000000        0xc hal/bus.32
 .comment       0x0000000000000000       0x12 hal/bus.32
 .comment       0x0000000000000000       0x12 hal/buzzer.32
 .group         0x0000000000000000        0xc hal/clock.32
 .comment       0x0000000000000000       0x12 hal/clock.32
 .group         0x0000000000000000       0x14 hal/device.32
 .group         0x0000000000000000        0xc hal/device.32
 .group         0x0000000000000000        0xc hal/device.32
 .group         0x0000000000000000        0xc hal/device.32
 .group         0x0000000000000000        0xc hal/device.32
 .comment       0x0000000000000000       0x12 hal/device.32
 .group         0x0000000000000000        0xc hal/diskctrl.32
 .comment       0x0000000000000000       0x12 hal/diskctrl.32
 .group         0x0000000000000000        0xc hal/diskphys.32
 .comment       0x0000000000000000       0x12 hal/diskphys.32
 .comment       0x0000000000000000       0x12 hal/fpu.32
 .comment       0x0000000000000000       0x12 hal/intctrl.32
 .group         0x0000000000000000        0xc hal/keybrd.32
 .comment       0x0000000000000000       0x12 hal/keybrd.32
 .group         0x0000000000000000        0xc hal/logidisk.32
 .comment       0x0000000000000000       0x12 hal/logidisk.32
 .group         0x0000000000000000        0xc hal/mouse.32
[...]
Memory Configuration

Name             Origin             Length             Attributes
*default*        0x0000000000000000 0xffffffffffffffff

Linker script and memory map

LOAD D:/Users/Alex/Desktop/Banana/kernel/boot.32
LOAD crti.32
LOAD /cygdrive/d/Users/Alex/Desktop/Toolchain/Output/bin/../lib/gcc/i386-banana/8.1.0/crtbegin.o
LOAD D:/Users/Alex/Desktop/Banana/kernel/morenasm.32
LOAD acpica/utclib.32
LOAD core/malloc.32
LOAD libk/ctype.32
LOAD libk/string.32
LOAD fs/fat/diskio.32
LOAD fs/fat/ff.32
LOAD fs/fat/ffsystem.32
LOAD fs/fat/ffunicode.32
LOAD fs/iso9660/iso9660.32
LOAD core/computer.32
LOAD core/gdt.32
LOAD core/idle.32
LOAD core/idt.32
LOAD core/kheap.32
LOAD core/main.32
LOAD core/physmgr.32
LOAD core/pipe.32
LOAD core/terminal.32
LOAD core/tss.32
LOAD core/unixfile.32
LOAD core/virtmgr.32
LOAD coreobjs/c++.32
LOAD dbg/kconsole.32
LOAD dbg/usban.32
LOAD fs/vfs.32
LOAD hal/bus.32
LOAD hal/buzzer.32
LOAD hal/clock.32
LOAD hal/device.32
LOAD hal/diskctrl.32
LOAD hal/diskphys.32
LOAD hal/fpu.32
LOAD hal/intctrl.32
LOAD hal/keybrd.32
LOAD hal/logidisk.32
LOAD hal/mouse.32
LOAD hal/nic.32
LOAD hal/partition.32
LOAD hal/serial.32
LOAD hal/timer.32
LOAD hal/vcache.32
LOAD hal/video.32
LOAD hw/acpi.32
LOAD hw/cpu.32
LOAD krnl/bootmsg.32
LOAD krnl/env.32
LOAD krnl/inlines.32
LOAD krnl/panic.32
LOAD krnl/powctrl.32
LOAD krnl/random.32
LOAD krnl/resolve.32
LOAD krnl/signal.32
LOAD krnl/syscalls.32
LOAD net/ethernet.32
LOAD reg/cm.32
LOAD reg/registry.32
LOAD sys/eject.32
LOAD sys/exit.32
LOAD sys/getcwd.32
LOAD sys/getpid.32
LOAD sys/getramdata.32
LOAD sys/getvgaptr.32
LOAD sys/kill.32
LOAD sys/loaddll.32
LOAD sys/read.32
LOAD sys/registersignal.32
LOAD sys/registry.32
LOAD sys/sbrk.32
LOAD sys/setcwd.32
LOAD sys/settime.32
LOAD sys/timezone.32
LOAD sys/write.32
LOAD sys/wsbe.32
LOAD sys/yield.32
LOAD thr/elf.32
LOAD thr/prcssthr.32
LOAD vm86/vm8086.32
LOAD arch/i386/hal.32
LOAD arch/i386/pic.32
LOAD arch/i386/rtc.32
LOAD arch/i386/vga.32
LOAD fs/fat/vfslink.32
LOAD fs/iso9660/helper.32
LOAD fs/iso9660/vfslink.32
LOAD hal/sound/sndcard.32
LOAD hal/sound/sndport.32
LOAD hw/bus/isa.32
LOAD hw/bus/pci.32
LOAD hw/diskctrl/ide.32
LOAD hw/diskctrl/satabus.32
LOAD hw/diskphys/ata.32
LOAD hw/diskphys/atapi.32
LOAD hw/diskphys/sata.32
LOAD hw/diskphys/satapi.32
LOAD hw/intctrl/apic.32
LOAD hw/timer/apictimer.32
LOAD hw/timer/pit.32
LOAD arch/i386/avx.32
LOAD arch/i386/interrupt.32
LOAD arch/i386/rdrand.32
LOAD arch/i386/sse.32
LOAD arch/i386/x87.32
LOAD /cygdrive/d/Users/Alex/Desktop/Toolchain/Output/bin/../lib/gcc/i386-banana/8.1.0/crtend.o
LOAD crtn.32
LOAD /cygdrive/d/Users/Alex/Desktop/Toolchain/Output/bin/../lib/gcc/i386-banana/8.1.0/libkgcc.a
LOAD D:/Users/Alex/Desktop/Banana/kernel/libsoftfp.a
LOAD D:/Users/Alex/Desktop/Banana/kernel/libk/libm32.a
                0x00000000c0000000                . = 0xc0000000

.text           0x00000000c0000000    0x70a5a
 *(.text)
 .text          0x00000000c0000000       0x20 D:/Users/Alex/Desktop/Banana/kernel/boot.32
 .text          0x00000000c0000020        0x0 crti.32
 .text          0x00000000c0000020      0x101 /cygdrive/d/Users/Alex/Desktop/Toolchain/Output/bin/../lib/gcc/i386-banana/8.1.0/crtbegin.o
 *fill*         0x00000000c0000121        0xf 
 .text          0x00000000c0000130      0x24f D:/Users/Alex/Desktop/Banana/kernel/morenasm.32
                0x00000000c0000130                manualPCIProbe
                0x00000000c000017b                prepareTramp
                0x00000000c0000194                doTPAUSE
                0x00000000c000019e                hasLegacyFPU
                0x00000000c00001c3                is486
                0x00000000c00001f9                detectCPUID
                0x00000000c000020f                goToVM86
                0x00000000c000023f                goToUsermode
                0x00000000c0000269                switchToThreadASMFirstTime
                0x00000000c0000277                switchToThreadASM
                0x00000000c00002fc                asmQuickAcquireLock
                0x00000000c000031a                asmQuickReleaseLock
                0x00000000c0000326                asmAcquireLock
                0x00000000c0000347                asmReleaseLock
                0x00000000c000035a                loadGDT
                0x00000000c000037a                memcpy
 *fill*         0x00000000c000037f        0x1 
 .text          0x00000000c0000380     0x1dc7 acpica/utclib.32
                0x00000000c0000380                memcmp
                0x00000000c0000520                memmove
                0x00000000c00007a0                memset
                0x00000000c0000830                strlen
                0x00000000c00008d0                strpbrk
                0x00000000c0000a50                strtok
                0x00000000c0000b70                strcpy
                0x00000000c0000cb0                strncpy
                0x00000000c0000ff0                strcmp
                0x00000000c0001190                strchr
                0x00000000c0001240                strncmp
                0x00000000c0001430                strcat
                0x00000000c0001590                strncat
                0x00000000c0001770                strstr
                0x00000000c0001800                toupper
                0x00000000c0001890                tolower
                0x00000000c0001920                simple_strtoul
 .text          0x00000000c0002147     0x5010 core/malloc.32
                0x00000000c0002c3e                dlfree
                0x00000000c0003c56                dlmalloc
                0x00000000c00057e9                dlrealloc
                0x00000000c0006323                dlmemalign
                0x00000000c0006831                dlcalloc
                0x00000000c0006b1f                dlcfree
                0x00000000c0006b24                dlindependent_calloc
                0x00000000c0006b49                dlindependent_comalloc
                0x00000000c0006b60                dlvalloc
                0x00000000c0006b8b                dlpvalloc
                0x00000000c0006bc1                dlmalloc_trim
                0x00000000c0006bd4                dlmalloc_usable_size
                0x00000000c0006cfc                dlmallinfo
                0x00000000c00070b7                dlmalloc_stats
                0x00000000c00070cb                dlmallopt
 *fill*         0x00000000c0007157        0x1 
 .text          0x00000000c0007158      0x1f2 libk/ctype.32
                0x00000000c0007158                isblank
                0x00000000c0007178                iscntrl
                0x00000000c0007198                isdigit
                0x00000000c00071b4                islower
                0x00000000c00071d0                isspace
                0x00000000c00071f8                isupper
                0x00000000c0007214                isalpha
                0x00000000c0007244                isalnum
                0x00000000c0007274                ispunct
                0x00000000c00072b4                isgraph
                0x00000000c00072e4                isprint
                0x00000000c000730c                isxdigit
 .text          0x00000000c000734a        0x0 libk/string.32
 .text          0x00000000c000734a      0x1c8 fs/fat/diskio.32
                0x00000000c000734a                disk_status
                0x00000000c000734d                disk_initialize
                0x00000000c0007350                disk_read
                0x00000000c00073eb                disk_write
                0x00000000c0007486                disk_ioctl
 .text          0x00000000c0007512     0xc1d9 fs/fat/ff.32
                0x00000000c000dd1b                f_mount
                0x00000000c000de8e                f_open
                0x00000000c000e628                f_read
                0x00000000c000eeb8                f_write
                0x00000000c000f9c1                f_sync
                0x00000000c000fd13                f_close
                0x00000000c000fd7c                f_lseek
                0x00000000c0010582                f_opendir
                0x00000000c001078e                f_closedir
                0x00000000c00107ea                f_readdir
                0x00000000c00108d2                f_stat
                0x00000000c0010986                f_getfree
                0x00000000c0010d43                f_truncate
                0x00000000c0011116                f_unlink
                0x00000000c0011261                f_mkdir
                0x00000000c0011694                f_rename
                0x00000000c00119b8                f_chmod
                0x00000000c0011b10                f_utime
                0x00000000c0011cae                f_getlabel
                0x00000000c0011ff3                f_setlabel
                0x00000000c0012362                f_expand
                0x00000000c00127c8                f_mkfs
 *fill*         0x00000000c00136eb        0x1 
 .text          0x00000000c00136ec       0x2f fs/fat/ffsystem.32
                0x00000000c00136ec                ff_memalloc
                0x00000000c0013704                ff_memfree
 *fill*         0x00000000c001371b        0x1 
 .text          0x00000000c001371c      0x4ea fs/fat/ffunicode.32
                0x00000000c001371c                ff_uni2oem
                0x00000000c0013824                ff_oem2uni
                0x00000000c0013900                ff_wtoupper
 .text          0x00000000c0013c06     0x4bd5 fs/iso9660/iso9660.32
                0x00000000c0014942                isoReadDiscSector
                0x00000000c0014b4b                strnicmp
                0x00000000c001524e                stricmp
                0x00000000c001531e                iso_open
                0x00000000c00156a9                iso_close
                0x00000000c0015737                iso_read
                0x00000000c0015f11                iso_seek
                0x00000000c0016560                iso_tell
                0x00000000c0016701                iso_total
                0x00000000c001689e                fn_postprocess
                0x00000000c0016926                iso_readdir
                0x00000000c001806d                iso_reset
                0x00000000c001808a                init_percd
                0x00000000c001845c                iso_ioctl
                0x00000000c0018474                fs_iso9660_init
                0x00000000c00186b3                fs_iso9660_shutdown
 *fill*         0x00000000c00187db        0x1 
 .text          0x00000000c00187dc     0x1cd6 core/computer.32
                0x00000000c00187dc                Computer::close(int, int, void*)
                0x00000000c0018998                Krnl::firstTask()
                0x00000000c0018ce4                Computer::Computer()
                0x00000000c0018ce4                Computer::Computer()
                0x00000000c00191b4                Computer::setBootMessage(char const*)
                0x00000000c00191b8                Computer::detectFeatures()
                0x00000000c0019bfc                Computer::displayFeatures()
                0x00000000c0019c00                Computer::rdmsr(unsigned int)
                0x00000000c0019c78                Computer::wrmsr(unsigned int, unsigned long long)
                0x00000000c0019cf8                Computer::shutdown()
                0x00000000c0019d90                Computer::restart()
                0x00000000c0019e28                Computer::sleep()
                0x00000000c0019ea8                Computer::nmiEnabled()
                0x00000000c0019eec                Computer::readCMOS(unsigned char)
                0x00000000c0019f4c                Computer::enableNMI(bool)
                0x00000000c0019fe8                Computer::open(int, int, void*)
                0x00000000c001a39c                Computer::disableNMI()
                0x00000000c001a3d4                Computer::writeCMOS(unsigned char, unsigned char)
                0x00000000c001a43c                Computer::handleNMI()
 .text          0x00000000c001a4b2      0x50d core/gdt.32
                0x00000000c001a4b2                GDTEntry::setBase(unsigned int)
                0x00000000c001a540                GDTEntry::setLimit(unsigned int)
                0x00000000c001a5ae                GDT::GDT()
                0x00000000c001a5ae                GDT::GDT()
                0x00000000c001a634                GDT::addEntry(GDTEntry)
                0x00000000c001a710                GDT::getNumberOfEntries()
                0x00000000c001a738                GDT::flush()
                0x00000000c001a7a6                GDT::setup()
 .text          0x00000000c001a9bf       0x38 core/idle.32
                0x00000000c001a9bf                idleFunction(void*)
 *fill*         0x00000000c001a9f7        0x1 
 .text          0x00000000c001a9f8      0xcf0 core/idt.32
                0x00000000c001a9f8                IDTEntry::IDTEntry(bool)
                0x00000000c001a9f8                IDTEntry::IDTEntry(bool)
                0x00000000c001ac64                IDTEntry::setOffset(unsigned int)
                0x00000000c001acc8                IDT::IDT()
                0x00000000c001acc8                IDT::IDT()
                0x00000000c001acfa                IDT::getPointerToInvalidOpcodeEntryForF00F()
                0x00000000c001ad3a                IDT::addEntry(IDTEntry, int)
                0x00000000c001ada0                IDT::addEntry(int, void (*)(), bool)
                0x00000000c001adfc                IDT::flush()
                0x00000000c001ae3a                IDT::setup()
 .text          0x00000000c001b6e8      0x294 core/kheap.32
                0x00000000c001b6e8                sbrk
                0x00000000c001b7f3                mmap
                0x00000000c001b809                munmap
                0x00000000c001b81f                liballoc_lock()
                0x00000000c001b859                liballoc_unlock()
                0x00000000c001b897                liballoc_alloc(int)
                0x00000000c001b8d1                liballoc_free(void*, int)
                0x00000000c001b90e                realloc
                0x00000000c001b922                malloc
                0x00000000c001b932                free
                0x00000000c001b942                rfree
                0x00000000c001b952                calloc
 .text          0x00000000c001b97c      0x134 core/main.32
                0x00000000c001b97c                KeEntryPoint
 .text          0x00000000c001bab0      0xd4f core/physmgr.32
                0x00000000c001bab0                Phys::allocateDMA(unsigned long)
                0x00000000c001bdab                Phys::freeDMA(unsigned long, unsigned long)
                0x00000000c001be61                Phys::setPageState(unsigned long, bool)
                0x00000000c001bf9e                Phys::getPageState(unsigned long)
                0x00000000c001bffd                Phys::freePage(unsigned long)
                0x00000000c001c08b                Phys::allocatePage()
                0x00000000c001c253                Phys::allocateContiguousPages(int)
                0x00000000c001c342                Phys::allowSegmentToBeUsed(unsigned long, unsigned long)
                0x00000000c001c384                Phys::physicalMemorySetup(unsigned int)
 *fill*         0x00000000c001c7ff        0x1 
 .text          0x00000000c001c800      0xaa3 core/pipe.32
                0x00000000c001c800                Pipe::isAtty()
                0x00000000c001c804                Pipe::~Pipe()
                0x00000000c001c804                Pipe::~Pipe()
                0x00000000c001c8d4                Pipe::~Pipe()
                0x00000000c001c8fc                Pipe::write(unsigned long long, void*, int*)
                0x00000000c001cc64                Pipe::read(unsigned long long, void*, int*)
                0x00000000c001d03c                Pipe::Pipe(int)
                0x00000000c001d03c                Pipe::Pipe(int)
 *fill*         0x00000000c001d2a3        0x1 
 .text          0x00000000c001d2a4     0x30c1 core/terminal.32
                0x00000000c001d2a4                VgaText::isAtty()
                0x00000000c001d2a8                VgaText::~VgaText()
                0x00000000c001d2a8                VgaText::~VgaText()
                0x00000000c001d378                VgaText::~VgaText()
                0x00000000c001d3a2                VgaText::read(unsigned long long, void*, int*)
                0x00000000c001d3e2                setTerminalScrollLock(bool)
                0x00000000c001d3e3                doTerminalCycle()
                0x00000000c001d3e4                addToTerminalCycle(VgaText*)
                0x00000000c001d3e5                scrollTerminalScrollLock(int)
                0x00000000c001d3e6                VgaText::updateTitle()
                0x00000000c001d3e8                VgaText::load()
                0x00000000c001d3ea                VgaText::updateCursor()
                0x00000000c001d436                VgaText::doANSI_SGR(int)
                0x00000000c001d8aa                VgaText::setDefaultBgColour(VgaColour)
                0x00000000c001d922                VgaText::setDefaultFgColour(VgaColour)
                0x00000000c001d99a                VgaText::setDefaultColours(VgaColour, VgaColour)
                0x00000000c001d9f8                VgaText::setTitleTextColour(VgaColour)
                0x00000000c001da56                VgaText::setTitleColour(VgaColour)
                0x00000000c001dab4                VgaText::setTitle(char*)
                0x00000000c001dad8                VgaText::combineColours(unsigned char, unsigned char)
                0x00000000c001daec                VgaText::scrollScreen()
                0x00000000c001de80                VgaText::combineCharAndColour(char, unsigned char)
                0x00000000c001de90                VgaText::writeCharacter(char, VgaColour, VgaColour, int, int)
                0x00000000c001df9a                VgaText::getCursorX()
                0x00000000c001dfdc                VgaText::getCursorY()
                0x00000000c001e01e                VgaText::setCursor(int, int)
                0x00000000c001e0ba                setActiveTerminal(VgaText*)
                0x00000000c001e14e                VgaText::clearScreen()
                0x00000000c001e26a                VgaText::setCursorX(int)
                0x00000000c001e2b6                VgaText::setCursorY(int)
                0x00000000c001e302                VgaText::incrementCursor(bool)
                0x00000000c001e504                VgaText::decrementCursor(bool)
                0x00000000c001e5d0                VgaText::putchar(char, VgaColour, VgaColour)
                0x00000000c001e90c                VgaText::putchar(char)
                0x00000000c001eee0                VgaText::putx(unsigned int)
                0x00000000c001ef8c                VgaText::puts(char const*)
                0x00000000c001effc                VgaText::write(unsigned long long, void*, int*)
                0x00000000c001f166                VgaText::puts(char const*, VgaColour, VgaColour)
                0x00000000c001f852                VgaText::VgaText(char const*)
                0x00000000c001f852                VgaText::VgaText(char const*)
                0x00000000c001fee0                VgaText::receiveKey(unsigned char)
                0x00000000c0020364                VgaText::doUpdate()
 *fill*         0x00000000c0020365        0x3 
 .text          0x00000000c0020368      0xc60 core/tss.32
                0x00000000c0020368                TSS::TSS()
                0x00000000c0020368                TSS::TSS()
                0x00000000c00203f0                TSS::setESP(unsigned long)
                0x00000000c0020494                TSS::flush()
                0x00000000c00204dc                TSS::setup(unsigned long, unsigned long)
 .text          0x00000000c0020fc8     0x11b5 core/unixfile.32
                0x00000000c0020fc8                ReservedFilename::read(unsigned long long, void*, int*)
                0x00000000c002128e                ReservedFilename::isAtty()
                0x00000000c002138c                ReservedFilename::write(unsigned long long, void*, int*)
                0x00000000c0021656                UnixFile::getFileDescriptor()
                0x00000000c0021698                UnixFile::UnixFile(int)
                0x00000000c0021698                UnixFile::UnixFile(int)
                0x00000000c0021ba0                ReservedFilename::ReservedFilename(int)
                0x00000000c0021ba0                ReservedFilename::ReservedFilename(int)
                0x00000000c0021ce0                UnixFile::~UnixFile()
                0x00000000c0021ce0                UnixFile::~UnixFile()
                0x00000000c0021e64                UnixFile::~UnixFile()
                0x00000000c0021e8c                ReservedFilename::~ReservedFilename()
                0x00000000c0021e8c                ReservedFilename::~ReservedFilename()
                0x00000000c0021f70                ReservedFilename::~ReservedFilename()
                0x00000000c0021f97                KeGetFileFromDescriptor(int)
 *fill*         0x00000000c002217d        0x1 
 .text          0x00000000c002217e     0x3ea9 core/virtmgr.32
                0x00000000c002217e                Virt::setPageState(unsigned long, Virt::VirtPageState)
                0x00000000c0022265                Virt::getPageState(unsigned long)
                0x00000000c002230b                Virt::allocateKernelVirtualPages(int)
                0x00000000c002247d                Virt::freeSwapfilePage(unsigned long)
                0x00000000c0022508                Virt::swapIDToSector(unsigned long)
                0x00000000c002251e                Virt::allocateSwapfilePage()
                0x00000000c00226d5                Virt::virtualMemorySetup()
                0x00000000c0022738                Virt::setupPageSwapping(int)
                0x00000000c002295c                VAS::VAS(VAS*)
                0x00000000c002295c                VAS::VAS(VAS*)
                0x00000000c0022a36                VAS::getForeignPageTableEntry(bool, unsigned long)
                0x00000000c0022a86                VAS::getPageTableEntry(unsigned long)
                0x00000000c0022ac5                Virt::freeKernelVirtualPages(unsigned long)
                0x00000000c0022cec                VAS::freeAllocatedPages(unsigned long)
                0x00000000c0022d48                VAS::virtualToPhysical(unsigned long)
                0x00000000c0022daa                VAS::reflagRange(unsigned long, int, int, int)
                0x00000000c0022e90                VAS::VAS()
                0x00000000c0022e90                VAS::VAS()
                0x00000000c002307c                VAS::setToWriteCombining(unsigned long, int)
                0x00000000c0023170                VAS::mapOtherVASIn(bool, VAS*)
                0x00000000c002327e                VAS::~VAS()
                0x00000000c002327e                VAS::~VAS()
                0x00000000c002377a                VAS::mapPage(unsigned long, unsigned long, int)
                0x00000000c0023ac4                VAS::allocatePages(int, int)
                0x00000000c002400e                VAS::setCPUSpecific(unsigned long)
                0x00000000c0024048                VAS::mapRange(unsigned long, unsigned long, int, int)
                0x00000000c0024262                VAS::mapForeignPage(bool, VAS*, unsigned long, unsigned long, int)
                0x00000000c00244d6                VAS::VAS(bool)
                0x00000000c00244d6                VAS::VAS(bool)
                0x00000000c002513e                VAS::evict(unsigned long)
                0x00000000c00254b0                VAS::tryLoadBackOffDisk(unsigned long)
                0x00000000c00258a6                VAS::scanForEviction()
                0x00000000c0025d4e                mapVASFirstTime
 .text          0x00000000c0026027       0x5f coreobjs/c++.32
                0x00000000c0026027                __cxa_atexit
                0x00000000c002602a                __cxa_finalize
                0x00000000c002602b                __stack_chk_fail
                0x00000000c0026061                __cxa_pure_virtual
                0x00000000c0026072                operator new[](unsigned long)
                0x00000000c0026077                operator delete(void*, unsigned long)
                0x00000000c002607c                operator delete[](void*)
                0x00000000c0026081                operator delete[](void*, unsigned long)
 .text          0x00000000c0026086      0x5a8 dbg/kconsole.32
                0x00000000c0026086                Dbg::stringifyxWithBase(unsigned int, char*, int)
                0x00000000c0026225                Dbg::logc(char)
                0x00000000c0026245                Dbg::logs(char*)
                0x00000000c00262d4                Dbg::logWriteInt(unsigned int)
                0x00000000c00262f4                Dbg::logWriteIntBase(unsigned int, int)
                0x00000000c0026317                Dbg::kprintf(char const*, ...)
 *fill*         0x00000000c002662e        0x2 
 .text          0x00000000c0026630      0x398 dbg/usban.32
                0x00000000c0026630                KiUbsanPrintDetails(char const*, void*)
                0x00000000c0026760                __ubsan_handle_type_mismatch_v1
                0x00000000c002683c                __ubsan_handle_pointer_overflow
                0x00000000c0026868                __ubsan_handle_out_of_bounds
                0x00000000c0026894                __ubsan_handle_add_overflow
                0x00000000c00268c0                __ubsan_handle_load_invalid_value
                0x00000000c00268ec                __ubsan_handle_divrem_overflow
                0x00000000c0026918                __ubsan_handle_mul_overflow
                0x00000000c0026944                __ubsan_handle_sub_overflow
                0x00000000c0026970                __ubsan_handle_shift_out_of_bounds
                0x00000000c002699c                __ubsan_handle_negate_overflow
 .text          0x00000000c00269c8     0x738e fs/vfs.32
                0x00000000c00269c8                File::isAtty()
                0x00000000c00269cc                Directory::isAtty()
                0x00000000c00269d0                Filesystem::getlabel(LogicalDisk*, int, char*, unsigned int*)
                0x00000000c00269d6                Filesystem::setlabel(LogicalDisk*, int, char*)
                0x00000000c00269dc                Filesystem::allocateSwapfile(char const*, int)
                0x00000000c00269e2                File::~File()
                0x00000000c00269e2                File::~File()
                0x00000000c0026ab2                File::~File()
                0x00000000c0026adc                Directory::~Directory()
                0x00000000c0026adc                Directory::~Directory()
                0x00000000c0026bac                Directory::~Directory()
                0x00000000c0026bd6                Directory::write(unsigned long long, void*, int*)
                0x00000000c0026d82                File::read(unsigned long long, void*, int*)
                0x00000000c00271e4                File::write(unsigned long long, void*, int*)
                0x00000000c0027646                Directory::read(unsigned long long, void*, int*)
                0x00000000c0027aa8                Filesystem::Filesystem()
                0x00000000c0027aa8                Filesystem::Filesystem()
                0x00000000c0027b80                Filesystem::~Filesystem()
                0x00000000c0027b80                Filesystem::~Filesystem()
                0x00000000c0027bfe                Filesystem::~Filesystem()
                0x00000000c0027c25                Fs::getcwd(Process*, char*, int)
                0x00000000c0027d61                Fs::initVFS()
                0x00000000c0027d8b                Fs::standardiseFiles(char*, char const*, char const*)
                0x00000000c0028a6e                File::File(char const*, Process*)
                0x00000000c0028a6e                File::File(char const*, Process*)
                0x00000000c0028ffc                File::open(FileOpenMode)
                0x00000000c0029460                File::close()
                0x00000000c00298a8                File::seek(unsigned long long)
                0x00000000c0029ce0                File::tell(unsigned long long*)
                0x00000000c002a104                File::rewind()
                0x00000000c002a136                File::unlink()
                0x00000000c002a540                File::rename(char const*)
                0x00000000c002a944                File::chfatattr(unsigned char, unsigned char)
                0x00000000c002ad68                File::exists()
                0x00000000c002b0fc                File::stat(unsigned long long*, bool*)
                0x00000000c002b781                Fs::setcwd(Process*, char*)
                0x00000000c002bd3e                Directory::Directory(char const*, Process*)
                0x00000000c002bd3e                Directory::Directory(char const*, Process*)
                0x00000000c002c2cc                Directory::open()
                0x00000000c002c736                Directory::close()
                0x00000000c002cb7e                Directory::unlink()
                0x00000000c002cf88                Directory::rename(char const*)
                0x00000000c002d38c                Directory::exists()
                0x00000000c002d720                Directory::read(dirent*)
                0x00000000c002d946                Directory::create()
                0x00000000c002dd50                Filesystem::chfatattr(char const*, unsigned char, unsigned char)
 *fill*         0x00000000c002dd56        0x2 
 .text          0x00000000c002dd58      0x252 hal/bus.32
                0x00000000c002dd58                Bus::Bus(char const*)
                0x00000000c002dd58                Bus::Bus(char const*)
                0x00000000c002de9c                Bus::~Bus()
                0x00000000c002de9c                Bus::~Bus()
                0x00000000c002df80                Bus::~Bus()
 .text          0x00000000c002dfaa       0xee hal/buzzer.32
                0x00000000c002dfaa                beepThread(void*)
                0x00000000c002e016                Krnl::beep(int, int, bool)
 .text          0x00000000c002e098      0xad4 hal/clock.32
                0x00000000c002e098                User::loadClockSettings(int)
                0x00000000c002e184                Clock::Clock(char const*)
                0x00000000c002e184                Clock::Clock(char const*)
                0x00000000c002e2ae                Clock::~Clock()
                0x00000000c002e2ae                Clock::~Clock()
                0x00000000c002e37e                Clock::~Clock()
                0x00000000c002e3a8                Clock::timeInSecondsLocal()
                0x00000000c002e4f8                Clock::setTimeInSecondsLocal(unsigned long long)
                0x00000000c002e641                datetimeToSeconds(datetime_t)
                0x00000000c002e83a                Clock::setTimeInDatetimeLocal(datetime_t)
                0x00000000c002e9ba                secondsToDatetime(unsigned long long)
                0x00000000c002eb2a                Clock::timeInDatetimeLocal()
 .text          0x00000000c002eb6c     0x167b hal/device.32
                0x00000000c002eb6c                Device::hibernate()
                0x00000000c002eb6e                Device::wake()
                0x00000000c002eb70                Device::detect()
                0x00000000c002eb72                Device::disableLegacy()
                0x00000000c002eb74                Device::powerSaving(PowerSavingLevel)
                0x00000000c002eb76                DriverlessDevice::close(int, int, void*)
                0x00000000c002eb7a                DriverlessDevice::detect()
                0x00000000c002eb7c                DriverlessDevice::open(int, int, void*)
                0x00000000c002eb90                Device::~Device()
                0x00000000c002eb90                Device::~Device()
                0x00000000c002ec0e                Device::~Device()
                0x00000000c002ec38                Device::findAndLoadDriver()
                0x00000000c002ec46                Device::preOpenPCI(PCIDeviceInfo)
                0x00000000c002ece0                Device::preOpenACPI(void*, char*, char*)
                0x00000000c002edf2                Device::addIRQHandler(int, void (*)(regs*, void*), bool, void*)
                0x00000000c002ee1c                Device::getParent()
                0x00000000c002ee66                Device::removeIRQHandler(int, void (*)(regs*, void*), bool)
                0x00000000c002ee84                Device::addChild(Device*)
                0x00000000c002f020                Device::removeAllChildren()
                0x00000000c002f1e4                Device::hibernateAll()
                0x00000000c002f338                Device::wakeAll()
                0x00000000c002f48c                Device::detectAll()
                0x00000000c002f5e0                Device::disableLegacyAll()
                0x00000000c002f5e2                Device::loadDriversForAll()
                0x00000000c002f5e4                Device::closeAll()
                0x00000000c002f73c                Device::powerSavingAll(PowerSavingLevel)
                0x00000000c002f89c                Device::setName(char const*)
                0x00000000c002f8ee                Device::Device(char const*)
                0x00000000c002f8ee                Device::Device(char const*)
                0x00000000c002fede                Device::getName()
                0x00000000c002ff22                DriverlessDevice::DriverlessDevice(char const*)
                0x00000000c002ff22                DriverlessDevice::DriverlessDevice(char const*)
                0x00000000c003004c                Device::addToLinkedList(LinkedList<Device>&, DeviceType)
                0x00000000c0030187                getDevicesOfType(DeviceType)
 *fill*         0x00000000c00301e7        0x1 
 .text          0x00000000c00301e8      0x252 hal/diskctrl.32
                0x00000000c00301e8                HardDiskController::HardDiskController(char const*)
                0x00000000c00301e8                HardDiskController::HardDiskController(char const*)
                0x00000000c003032c                HardDiskController::~HardDiskController()
                0x00000000c003032c                HardDiskController::~HardDiskController()
                0x00000000c0030410                HardDiskController::~HardDiskController()
 .text          0x00000000c003043a      0x3f8 hal/diskphys.32
                0x00000000c003043a                PhysicalDisk::eject()
                0x00000000c003043e                PhysicalDisk::PhysicalDisk(char const*, int)
                0x00000000c003043e                PhysicalDisk::PhysicalDisk(char const*, int)
                0x00000000c00306be                PhysicalDisk::startCache()
                0x00000000c0030738                PhysicalDisk::~PhysicalDisk()
                0x00000000c0030738                PhysicalDisk::~PhysicalDisk()
                0x00000000c0030808                PhysicalDisk::~PhysicalDisk()
 .text          0x00000000c0030832        0x0 hal/fpu.32
 .text          0x00000000c0030832     0x1880 hal/intctrl.32
                0x00000000c0030832                int_handler
                0x00000000c0030c18                installISRHandler(int, void (*)(regs*, void*), void*)
                0x00000000c0030ed5                installIRQHandler(int, void (*)(regs*, void*), bool, void*)
                0x00000000c0031625                uninstallISRHandler(int, void (*)(regs*, void*))
                0x00000000c0031924                uninstallIRQHandler(int, void (*)(regs*, void*), bool)
                0x00000000c0031d56                setupINTS()
                0x00000000c0031f7f                convertLegacyIRQNumber(int)
 .text          0x00000000c00320b2     0x129e hal/keybrd.32
                0x00000000c00320b2                startGUI(void*)
                0x00000000c0032139                startGUIVESA(void*)
                0x00000000c00321c0                sendKeyToTerminal(unsigned char)
                0x00000000c003235b                sendKeyboardToken(KeyboardToken)
                0x00000000c0032b88                clearInternalKeybuffer(VgaText*)
                0x00000000c0032c50                readKeyboard(VgaText*, char*, unsigned long)
                0x00000000c0033124                Keyboard::Keyboard(char const*)
                0x00000000c0033124                Keyboard::Keyboard(char const*)
                0x00000000c0033256                Keyboard::~Keyboard()
                0x00000000c0033256                Keyboard::~Keyboard()
                0x00000000c0033326                Keyboard::~Keyboard()
 .text          0x00000000c0033350      0xf8f hal/logidisk.32
                0x00000000c0033350                LogicalDisk::close(int, int, void*)
                0x00000000c0033354                LogicalDisk::~LogicalDisk()
                0x00000000c0033354                LogicalDisk::~LogicalDisk()
                0x00000000c0033424                LogicalDisk::~LogicalDisk()
                0x00000000c003344e                LogicalDisk::open(int, int, void*)
                0x00000000c0033462                LogicalDisk::absoluteToRelative(unsigned long long)
                0x00000000c0033538                LogicalDisk::relativeToAbsolute(unsigned long long)
                0x00000000c00335ca                LogicalDisk::LogicalDisk(char const*, PhysicalDisk*, unsigned long long, unsigned long long)
                0x00000000c00335ca                LogicalDisk::LogicalDisk(char const*, PhysicalDisk*, unsigned long long, unsigned long long)
                0x00000000c003397e                LogicalDisk::assignDriveLetter()
                0x00000000c0033bd8                LogicalDisk::mount()
                0x00000000c0033d3e                LogicalDisk::unmount()
                0x00000000c0033d8c                LogicalDisk::eject()
                0x00000000c0033e44                LogicalDisk::unassignDriveLetter()
                0x00000000c0033fcc                LogicalDisk::read(unsigned long long, int, void*)
                0x00000000c0034156                LogicalDisk::write(unsigned long long, int, void*)
 *fill*         0x00000000c00342df        0x1 
 .text          0x00000000c00342e0      0x252 hal/mouse.32
                0x00000000c00342e0                Mouse::Mouse(char const*)
                0x00000000c00342e0                Mouse::Mouse(char const*)
                0x00000000c0034424                Mouse::~Mouse()
                0x00000000c0034424                Mouse::~Mouse()
                0x00000000c0034508                Mouse::~Mouse()
 .text          0x00000000c0034532      0x230 hal/nic.32
                0x00000000c0034532                NIC::getMAC()
                0x00000000c0034538                NIC::write(int, unsigned char*, int*)
                0x00000000c003453e                NIC::NIC(char const*)
                0x00000000c003453e                NIC::NIC(char const*)
                0x00000000c0034668                NIC::~NIC()
                0x00000000c0034668                NIC::~NIC()
                0x00000000c0034738                NIC::~NIC()
 .text          0x00000000c0034762      0xe61 hal/partition.32
                0x00000000c0034762                makePartition(PhysicalDisk*, unsigned long long, unsigned long long)
                0x00000000c00348cc                createPartitionsForDisk(PhysicalDisk*)
 *fill*         0x00000000c00355c3        0x1 
 .text          0x00000000c00355c4      0x252 hal/serial.32
                0x00000000c00355c4                Serial::Serial(char const*)
                0x00000000c00355c4                Serial::Serial(char const*)
                0x00000000c0035708                Serial::~Serial()
                0x00000000c0035708                Serial::~Serial()
                0x00000000c00357ec                Serial::~Serial()
 *fill*         0x00000000c0035816        0x2 
 .text          0x00000000c0035818      0x7a4 hal/timer.32
                0x00000000c0035818                Timer::Timer(char const*)
                0x00000000c0035818                Timer::Timer(char const*)
                0x00000000c003595c                Timer::~Timer()
                0x00000000c003595c                Timer::~Timer()
                0x00000000c0035a40                Timer::~Timer()
                0x00000000c0035a6a                Timer::read()
                0x00000000c0035ab7                setupTimer(int)
                0x00000000c0035ba5                timerHandler(unsigned int)
 .text          0x00000000c0035fbc     0x1a48 hal/vcache.32
                0x00000000c0035fbc                VCache::VCache(PhysicalDisk*)
                0x00000000c0035fbc                VCache::VCache(PhysicalDisk*)
                0x00000000c0036962                VCache::invalidateReadBuffer()
                0x00000000c00369fe                VCache::writeWriteBuffer()
                0x00000000c0036bfc                VCache::~VCache()
                0x00000000c0036bfc                VCache::~VCache()
                0x00000000c0036dd8                VCache::~VCache()
                0x00000000c0036e00                VCache::write(unsigned long long, int, void*)
                0x00000000c00373ce                VCache::read(unsigned long long, int, void*)
 .text          0x00000000c0037a04     0x1248 hal/video.32
                0x00000000c0037a04                Video::putpixel(int, int, unsigned int)
                0x00000000c0037a12                Video::readPixelApprox(int, int)
                0x00000000c0037a26                Video::putrect(int, int, int, int, unsigned int)
                0x00000000c0037b4e                Video::bitblit(int, int, int, int, int, int, int, unsigned int*)
                0x00000000c0037d56                Video::blit(unsigned int*, int, int, int, int)
                0x00000000c0037f5c                Video::clearScreen(unsigned int)
                0x00000000c00380a0                Video::Video(char const*)
                0x00000000c00380a0                Video::Video(char const*)
                0x00000000c00381ca                Video::~Video()
                0x00000000c00381ca                Video::~Video()
                0x00000000c003829a                Video::~Video()
                0x00000000c00382c4                Video::isMonochrome()
                0x00000000c003830e                Video::getWidth()
                0x00000000c0038358                Video::getHeight()
                0x00000000c00383a2                Video::drawCursor(int, int, unsigned int*, int)
                0x00000000c0038650                Video::tgaParse(unsigned char*, int, int*, int*)
                0x00000000c0038a9e                Video::putTGA(int, int, unsigned char*, int)
 .text          0x00000000c0038c4c     0x3c9c hw/acpi.32
                0x00000000c0038c4c                ACPI::close(int, int, void*)
                0x00000000c0038d00                findRSDP()
                0x00000000c0038e54                loadACPITables(unsigned char*)
                0x00000000c003971c                findRSDT(unsigned char*)
                0x00000000c0039904                findDataTable(unsigned char*, char*)
                0x00000000c0039b10                scanMADT()
                0x00000000c003b048                ACPI::ACPI()
                0x00000000c003b048                ACPI::ACPI()
                0x00000000c003b24c                ACPI::getPCIIRQAssignment(unsigned char, unsigned short, unsigned char)
                0x00000000c003b620                ACPI::registerPCIIRQAssignment(void*, unsigned short, unsigned char, unsigned char)
                0x00000000c003bb54                ACPI::setScreenBrightnessLevel(void*, int)
                0x00000000c003bb5c                ACPI::detectPCI()
                0x00000000c003c094                ACPI::writeSimpleBootFlag(SimpleBootFlagTable*)
                0x00000000c003c168                ACPI::sleep()
                0x00000000c003c184                ACPI::open(int, int, void*)
 .text          0x00000000c003c8e8     0x2191 hw/cpu.32
                0x00000000c003c8e8                CPU::close(int, int, void*)
                0x00000000c003c8ec                CPU::AMD_K6_write_msr(unsigned int, unsigned int, unsigned int, CPU::REGS*)
                0x00000000c003c908                CPU::AMD_K6_read_msr(unsigned int, CPU::REGS*)
                0x00000000c003c920                CPU::AMD_K6_writeback(int, int, int)
                0x00000000c003c994                CPU::cpuid(int, unsigned long*, unsigned long*, unsigned long*, unsigned long*)
                0x00000000c003cb12                CPU::cpuidCheckEDX(unsigned int)
                0x00000000c003cb40                CPU::cpuidCheckECX(unsigned int)
                0x00000000c003cb6e                CPU::cpuidCheckExtendedEBX(unsigned int)
                0x00000000c003cb9c                CPU::cpuidCheckExtendedECX(unsigned int)
                0x00000000c003cbca                CPU::CPU()
                0x00000000c003cbca                CPU::CPU()
                0x00000000c003cf18                CPU::displayFeatures()
                0x00000000c003cf1a                CPU::detectFeatures()
                0x00000000c003e262                CPU::setupSMEP()
                0x00000000c003e26e                CPU::setupUMIP()
                0x00000000c003e278                CPU::setupTSC()
                0x00000000c003e282                CPU::setupLargePages()
                0x00000000c003e28c                CPU::setupPAT()
                0x00000000c003e33c                CPU::setupMTRR()
                0x00000000c003e33e                CPU::setupGlobalPages()
                0x00000000c003e348                CPU::allowUsermodeDataAccess()
                0x00000000c003e398                CPU::prohibitUsermodeDataAccess()
                0x00000000c003e3e8                CPU::setupSMAP()
                0x00000000c003e422                CPU::setupFeatures()
                0x00000000c003e6ba                CPU::open(int, int, void*)
 .text          0x00000000c003ea79      0x507 krnl/bootmsg.32
                0x00000000c003ea79                KeDisplaySplashScreen()
                0x00000000c003ee11                KeSetBootMessage(char const*)
 .text          0x00000000c003ef80     0x178a krnl/env.32
                0x00000000c003ef80                EnvVarContainer::getEnv(char const*)
                0x00000000c003f0d8                EnvVarContainer::setEnv(char const*, char const*)
                0x00000000c003f2a0                EnvVarContainer::deleteEnv(char const*)
                0x00000000c003f2a2                EnvVarContainer::loadFrom(char const*, char const*)
                0x00000000c003f8fe                EnvVarContainer::__loadSystem()
                0x00000000c003f936                EnvVarContainer::__loadUser()
                0x00000000c003f938                EnvVarContainer::EnvVarContainer(Process*)
                0x00000000c003f938                EnvVarContainer::EnvVarContainer(Process*)
                0x00000000c003fa2e                EnvVarContainer::~EnvVarContainer()
                0x00000000c003fa2e                EnvVarContainer::~EnvVarContainer()
                0x00000000c003fb30                KeGetEnv(Process*, char const*)
                0x00000000c003fc10                KeSetEnvSystem(char const*, char const*)
                0x00000000c003fc47                KeSetEnvUser(char const*, char const*)
                0x00000000c003fc81                KeSetEnvProcess(Process*, char const*, char const*)
                0x00000000c003fcf6                KeDeleteEnvSystem(char const*)
                0x00000000c003fd16                KeDeleteEnvUser(char const*)
                0x00000000c003fd36                KeDeleteEnvProcess(Process*, char const*)
                0x00000000c003fd94                KeNewProcessEnv(Process*)
                0x00000000c003fdcf                KeCopyProcessEnv(Process*, Process*)
                0x00000000c003ff68                KeLoadSystemEnv()
                0x00000000c003ffce                KeLoadUserEnv()
                0x00000000c004002b                KeFlushEnv()
                0x00000000c004002c                KeGetProcessTotalEnvCount(Process*)
                0x00000000c004019b                KeGetProcessEnvPair(Process*, int)
 .text          0x00000000c004070a      0x193 krnl/inlines.32
                0x00000000c004070a                CPU::current()
                0x00000000c0040756                operator new(unsigned long)
                0x00000000c004075b                operator delete(void*)
                0x00000000c0040760                disableIRQs()
                0x00000000c0040762                enableIRQs()
                0x00000000c0040764                lockScheduler()
                0x00000000c0040791                unlockScheduler()
                0x00000000c00407c2                lockStuff()
                0x00000000c0040812                unlockStuff()
                0x00000000c0040882                Virt::getAKernelVAS()
                0x00000000c0040888                __not_memcpy
 .text          0x00000000c004089d        0xc krnl/panic.32
                0x00000000c004089d                KePanic(char const*)
 .text          0x00000000c00408a9      0x1fd krnl/powctrl.32
                0x00000000c00408a9                KePowerThread(void*)
                0x00000000c004090e                KeChangePowerSettings(PowerSettings)
                0x00000000c0040924                KeUserIOReceived()
                0x00000000c004092f                KeHandlePowerButton()
                0x00000000c004099a                KeHandleSleepButton()
                0x00000000c0040a05                KeSetupPowerManager()
 .text          0x00000000c0040aa6       0x9b krnl/random.32
                0x00000000c0040aa6                KeRand()
                0x00000000c0040ae6                KeSeedRand(unsigned int)
                0x00000000c0040b0f                KeInitRand()
 *fill*         0x00000000c0040b41        0x3 
 .text          0x00000000c0040b44      0x1bc krnl/resolve.32
                0x00000000c0040b44                KeResolveCompatibilitySymbol(char*)
 .text          0x00000000c0040d00      0xe2f krnl/signal.32
                0x00000000c0040d00                KiSigKill(int)
                0x00000000c0040d14                KiDefaultSignalHandlerIgnore(int)
                0x00000000c0040d15                KiDefaultSignalHandlerPause(int)
                0x00000000c0040d41                KiDefaultSignalHandlerResume(int)
                0x00000000c0040d6d                KeDeinitSignals(SigHandlerBlock*)
                0x00000000c0040d72                KeInitSignals()
                0x00000000c0040e9c                KeRegisterSignalHandler(SigHandlerBlock*, int, void (*)(int), unsigned int, int)
                0x00000000c004101b                KeRaiseSignal(SigHandlerBlock*, int)
                0x00000000c00411b4                KeCheckSignal(SigHandlerBlock*, int*)
                0x00000000c00417a6                KiCheckSignalZ
                0x00000000c0041906                KeCompleteSignal(SigHandlerBlock*, int)
                0x00000000c0041a07                KiFinishSignalZ
 .text          0x00000000c0041b2f     0x491a krnl/syscalls.32
                0x00000000c0041b2f                SysSeekDir(regs*)
                0x00000000c0041b34                SysTellDir(regs*)
                0x00000000c0041b39                SysTTYName(regs*)
                0x00000000c0041b41                SysNotImpl(regs*)
                0x00000000c0041b5c                SysVerify(regs*)
                0x00000000c0041ba3                SysGetArgc(regs*)
                0x00000000c0041c28                SysFormatDisk(regs*)
                0x00000000c0041f46                SysSetDiskVolumeLabel(regs*)
                0x00000000c0042614                SysGetDiskVolumeLabel(regs*)
                0x00000000c0042d86                SysShutdown(regs*)
                0x00000000c0042fad                SysRealpath(regs*)
                0x00000000c0043145                SysReadDir(regs*)
                0x00000000c004336c                SysIsATTY(regs*)
                0x00000000c0043565                SysSeek(regs*)
                0x00000000c00436db                SysTell(regs*)
                0x00000000c00438d9                SysSize(regs*)
                0x00000000c0043adc                SysClose(regs*)
                0x00000000c0043cbb                SysCloseDir(regs*)
                0x00000000c0043e36                SysWait(regs*)
                0x00000000c0043ec8                SysPanic(regs*)
                0x00000000c0043f1d                SysGetArgv(regs*)
                0x00000000c00441d6                SysUSleep(regs*)
                0x00000000c0044272                SysGetEnv(regs*)
                0x00000000c004447f                SysGetUnixTime(regs*)
                0x00000000c00444f2                SysSizeFromFilename(regs*)
                0x00000000c00447e6                SysOpenDir(regs*)
                0x00000000c0044a10                SysMakeDir(regs*)
                0x00000000c0044bc8                SysRmdir(regs*)
                0x00000000c0044d66                SysUnlink(regs*)
                0x00000000c0044f04                SysSetFatAttrib(regs*)
                0x00000000c004512c                SysPipe(regs*)
                0x00000000c00452e9                SysSpawn(regs*)
                0x00000000c00454c8                string_ends_with(char const*, char const*)
                0x00000000c0045550                SysOpen(regs*)
                0x00000000c00462ac                KeSystemCall(regs*, void*)
 *fill*         0x00000000c0046449        0x3 
 .text          0x00000000c004644c      0x2cd net/ethernet.32
                0x00000000c004644c                KeSwitchEndian16(unsigned short)
                0x00000000c00464a0                KeSwitchEndian32(unsigned int)
                0x00000000c00464d4                EthernetCRC32(unsigned char*, int)
                0x00000000c0046620                EthernetReceivedPacket(EthernetUnwrappedFrame*, unsigned short)
 .text          0x00000000c0046719     0x234f reg/cm.32
                0x00000000c0046719                CmOpen(char const*)
                0x00000000c0046ab8                CmClose(Reghive_Tag*)
                0x00000000c0046b22                CmReadExtent(Reghive_Tag*, int, unsigned char*)
                0x00000000c0046c39                CmGetString(Reghive_Tag*, int, char*)
                0x00000000c0046dce                CmEnterDirectory(Reghive_Tag*, int)
                0x00000000c0046e0d                CmGetNext(Reghive_Tag*, int)
                0x00000000c0046e3f                CmWriteExtent(Reghive_Tag*, int, unsigned char*)
                0x00000000c0046f56                CmFreeExtent(Reghive_Tag*, int)
                0x00000000c0046f7e                CmUpdateHeader(Reghive_Tag*)
                0x00000000c0046fe6                CmExpand(Reghive_Tag*, int)
                0x00000000c004715f                CmFindUnusedExtent(Reghive_Tag*)
                0x00000000c004730c                CmCreateExtent(Reghive_Tag*, int, int, unsigned char*)
                0x00000000c0047400                CmSetString(Reghive_Tag*, int, char const*)
                0x00000000c00478b4                CmGetMatch(char*, char*, bool, bool*)
                0x00000000c00479a8                CmAddShift(unsigned int*, int*, unsigned char, int)
                0x00000000c0047a98                CmGetShift(unsigned int*, int*, int, bool*)
                0x00000000c0047bec                CmGetInteger(Reghive_Tag*, int, unsigned long long*)
                0x00000000c0047c38                CmSetInteger(Reghive_Tag*, int, unsigned long long)
                0x00000000c0047c78                CmConvertFromInternalFilename(unsigned char const*, char*)
                0x00000000c0047eb2                CmGetNameAndTypeFromExtent(Reghive_Tag*, int, char*)
                0x00000000c0047ee0                CmConvertToInternalFilename(char const*, unsigned char*)
                0x00000000c0048481                CmCreateString(Reghive_Tag*, int, char const*)
                0x00000000c00484ce                CmFindInDirectory(Reghive_Tag*, int, char const*)
                0x00000000c0048548                CmCreateInteger(Reghive_Tag*, int, char const*, unsigned long long, int)
                0x00000000c004859b                CmCreateDirectory(Reghive_Tag*, int, char const*)
                0x00000000c004865f                zStrtok(char*, char const*)
                0x00000000c0048840                CmFindObjectFromPath(Reghive_Tag*, char const*)
                0x00000000c00488c1                CmDisplayTree(Reghive_Tag*, int, int)
                0x00000000c004899e                CmSplitFinalSlashInPlace(char*)
 .text          0x00000000c0048a68     0x1227 reg/registry.32
                0x00000000c0048a68                Reg::findLineFromLoadedData(char*, char*, char*)
                0x00000000c0048e9d                Reg::getLineFromRegistry(char*, char*, char*, char*)
                0x00000000c0049242                Reg::getLine(char*, char*, char*)
                0x00000000c0049279                Reg::readInt(char*, char*, int*)
                0x00000000c00498ea                Reg::readString(char*, char*, char*, int)
                0x00000000c0049b6d                Reg::readBool(char*, char*, bool*)
                0x00000000c0049bbc                Reg::readBoolWithDefault(char*, char*, bool)
                0x00000000c0049c03                Reg::readIntWithDefault(char*, char*, int)
                0x00000000c0049c2f                Reg::readStringWithDefault(char*, char*, char*, int, char*)
 .text          0x00000000c0049c8f      0x172 sys/eject.32
                0x00000000c0049c8f                SysEject(regs*)
 .text          0x00000000c0049e01       0x4e sys/exit.32
                0x00000000c0049e01                SysExit(regs*)
 .text          0x00000000c0049e4f       0x9d sys/getcwd.32
                0x00000000c0049e4f                SysGetCwd(regs*)
 .text          0x00000000c0049eec       0x57 sys/getpid.32
                0x00000000c0049eec                SysGetPID(regs*)
 .text          0x00000000c0049f43       0x86 sys/getramdata.32
                0x00000000c0049f43                SysGetRAMData(regs*)
 .text          0x00000000c0049fc9      0x23f sys/getvgaptr.32
                0x00000000c0049fc9                SysGetVGAPtr(regs*)
 .text          0x00000000c004a208      0x330 sys/kill.32
                0x00000000c004a208                SysKill(regs*)
 .text          0x00000000c004a538      0x21f sys/loaddll.32
                0x00000000c004a538                SysLoadDLL(regs*)
 .text          0x00000000c004a757      0x1e6 sys/read.32
                0x00000000c004a757                SysRead(regs*)
 .text          0x00000000c004a93d       0xdc sys/registersignal.32
                0x00000000c004a93d                SysRegisterSignal(regs*)
 .text          0x00000000c004aa19      0x4e1 sys/registry.32
                0x00000000c004aa19                SysRegistryGetTypeFromPath(regs*)
                0x00000000c004ab10                SysRegistryReadExtent(regs*)
                0x00000000c004ac0e                SysRegistryPathToExtentLookup(regs*)
                0x00000000c004ac9f                SysRegistryEnterDirectory(regs*)
                0x00000000c004ad30                SysRegistryGetNext(regs*)
                0x00000000c004adc1                SysRegistryGetNameAndTypeFromExtent(regs*)
                0x00000000c004ae63                SysRegistryOpen(regs*)
                0x00000000c004aead                SysRegistryClose(regs*)
 .text          0x00000000c004aefa      0x18c sys/sbrk.32
                0x00000000c004aefa                SysSbrk(regs*)
 .text          0x00000000c004b086       0x80 sys/setcwd.32
                0x00000000c004b086                SysSetCwd(regs*)
 .text          0x00000000c004b106      0x20e sys/settime.32
                0x00000000c004b106                SysSetTime(regs*)
 .text          0x00000000c004b314       0x99 sys/timezone.32
                0x00000000c004b314                SysTimezone(regs*)
 .text          0x00000000c004b3ad      0x1e6 sys/write.32
                0x00000000c004b3ad                SysWrite(regs*)
 .text          0x00000000c004b593      0x166 sys/wsbe.32
                0x00000000c004b593                SysWsbe(regs*)
 .text          0x00000000c004b6f9       0x5e sys/yield.32
                0x00000000c004b6f9                SysYield(regs*)
 .text          0x00000000c004b757     0x46ea thr/elf.32
                0x00000000c004b757                Thr::allocateMemoryForTask(Process*, File*, unsigned long, unsigned long, unsigned long)
                0x00000000c004be2e                Thr::loadProgramIntoMemory(Process*, char const*)
                0x00000000c004c697                Thr::runtimeReferenceHelper()
                0x00000000c004c6aa                Thr::getAddressOfKernelSymbol(char const*)
                0x00000000c004c94b                Thr::loadKernelSymbolTable(char const*)
                0x00000000c004d3d5                Thr::loadDriverIntoMemory(char const*, unsigned long, bool)
                0x00000000c004f465                Thr::getDriverBaseFromAddress(unsigned long)
                0x00000000c004f672                Thr::getDriverNameFromAddress(unsigned long)
                0x00000000c004f87a                Thr::getDriverOffsetFromAddress(unsigned long)
                0x00000000c004f89c                Thr::loadDLL(char const*, bool)
                0x00000000c004fe08                Thr::executeDLL(unsigned long, void*)
 *fill*         0x00000000c004fe41        0x3 
 .text          0x00000000c004fe44     0x4c61 thr/prcssthr.32
                0x00000000c004fe44                userModeEntryPoint(void*)
                0x00000000c004ff0c                changeTSS
                0x00000000c0050048                switchToThread(ThreadControlBlock*)
                0x00000000c0050234                Process::addArgs(char**)
                0x00000000c0050620                Process::Process(char const*, Process*, char**)
                0x00000000c0050620                Process::Process(char const*, Process*, char**)
                0x00000000c0050e8c                Process::Process(bool, char const*, Process*, char**)
                0x00000000c0050e8c                Process::Process(bool, char const*, Process*, char**)
                0x00000000c0051680                taskStartupFunction
                0x00000000c00516c8                Semaphore::Semaphore(int)
                0x00000000c00516c8                Semaphore::Semaphore(int)
                0x00000000c0051830                Mutex::Mutex()
                0x00000000c0051830                Mutex::Mutex()
                0x00000000c00518c0                Process::createThread(void (*)(void*), void*, int)
                0x00000000c0051f18                Process::createUserThread()
                0x00000000c0051f50                setupMultitasking(void (*)())
                0x00000000c005216c                schedule()
                0x00000000c0052278                Semaphore::tryAcquire()
                0x00000000c005250c                Semaphore::assertLocked(char const*)
                0x00000000c0052680                blockTaskWithSchedulerLockAlreadyHeld(TaskState)
                0x00000000c0052700                blockTask(TaskState)
                0x00000000c00527ac                waitTask(int, int*, int)
                0x00000000c0052954                milliTenthSleepUntil(unsigned int)
                0x00000000c0052ac4                milliTenthSleep(unsigned int)
                0x00000000c0052ad8                sleep(unsigned int)
                0x00000000c0052ae8                Semaphore::acquire()
                0x00000000c0052e78                taskReturned
                0x00000000c0052f00                Thr::processFromPID(int)
                0x00000000c0053074                unblockTask(ThreadControlBlock*)
                0x00000000c00531c8                cleanupTerminatedTask(ThreadControlBlock*)
                0x00000000c00541f8                cleanerTaskFunction(void*)
                0x00000000c0054454                terminateTask(int)
                0x00000000c005473c                Thr::terminateFromIRQ(int)
                0x00000000c005474c                Semaphore::release()
 .text          0x00000000c0054aa5     0x2ee2 vm86/vm8086.32
                0x00000000c0054aa5                Vm::inbv(unsigned short)
                0x00000000c0054ab8                Vm::outbv(unsigned short, unsigned char)
                0x00000000c0054b7f                Vm::realToLinear(unsigned short, unsigned short)
                0x00000000c0054b8f                Vm::getSegment(unsigned int)
                0x00000000c0054b97                Vm::getOffset(unsigned int)
                0x00000000c0054b9c                Vm::mainloop2()
                0x00000000c0054c29                Vm::mainVm8086Loop(void*)
                0x00000000c0054c5e                Vm::mainloop3(unsigned long)
                0x00000000c0054caa                Vm::initialise8086()
                0x00000000c0054d54                Vm::finish8086()
                0x00000000c0054e19                Vm::getOutput8086(unsigned char*)
                0x00000000c0054e3e                Vm::start8086FromBuffer(unsigned char*, int, unsigned short, unsigned short, unsigned short, unsigned short)
                0x00000000c0054ffb                Vm::start8086(char const*, unsigned short, unsigned short, unsigned short, unsigned short)
                0x00000000c00553c0                Vm::doISR(regs*, int, unsigned char*, unsigned short, unsigned short)
                0x00000000c0055703                Vm::readByteFromReal(unsigned short, unsigned short)
                0x00000000c0055730                Vm::readWordFromReal(unsigned short, unsigned short)
                0x00000000c0055762                Vm::readDwordFromReal(unsigned short, unsigned short)
                0x00000000c0055793                Vm::writeByteFromReal(unsigned short, unsigned short, unsigned char)
                0x00000000c00557c4                Vm::writeWordFromReal(unsigned short, unsigned short, unsigned short)
                0x00000000c00557f8                Vm::writeDwordFromReal(unsigned short, unsigned short, unsigned int)
                0x00000000c005582d                Vm::faultHandler(regs*)
 .text          0x00000000c0057987     0x20d0 arch/i386/hal.32
                0x00000000c0057987                noCopro(unsigned long)
                0x00000000c0057988                nmiHandler(regs*, void*)
                0x00000000c00579c2                doubleFault(regs*, void*)
                0x00000000c00579db                displayDebugInfo(regs*)
                0x00000000c0058989                HalSystemIdle()
                0x00000000c0058ac8                displayProgramFault(char const*)
                0x00000000c0058c46                gpFault(regs*, void*)
                0x00000000c0058cad                pgFault(regs*, void*)
                0x00000000c0058e21                otherISRHandler(regs*, void*)
                0x00000000c0058e55                opcodeFault(regs*, void*)
                0x00000000c005902b                i386SaveCoprocessor(void*)
                0x00000000c005903f                i386LoadCoprocessor(void*)
                0x00000000c0059053                x87EmulHandler(regs*, void*)
                0x00000000c0059198                HalInitialiseCoprocessor()
                0x00000000c00592a1                HalPanic(char const*)
                0x00000000c0059524                HalQueryPerformanceCounter()
                0x00000000c00595b6                HalInitialise()
                0x00000000c0059988                HalMakeBeep(int)
                0x00000000c00599c2                HalGetRand()
                0x00000000c00599c5                HalEndOfInterrupt(int)
                0x00000000c0059a54                HalRestart()
                0x00000000c0059a55                HalShutdown()
                0x00000000c0059a56                HalSleep()
 *fill*         0x00000000c0059a57        0x1 
 .text          0x00000000c0059a58      0x30c arch/i386/pic.32
                0x00000000c0059a58                picIoWait()
                0x00000000c0059a60                picDisable()
                0x00000000c0059a94                picGetIRQReg(int)
                0x00000000c0059b3c                picOpen()
                0x00000000c0059cc0                picEOI(int)
 .text          0x00000000c0059d64      0xdcf arch/i386/rtc.32
                0x00000000c0059d64                RTC::open(int, int, void*)
                0x00000000c0059d68                RTC::close(int, int, void*)
                0x00000000c0059d6c                RTC::~RTC()
                0x00000000c0059d6c                RTC::~RTC()
                0x00000000c0059e3c                RTC::~RTC()
                0x00000000c0059e66                RTC::timeInSecondsUTC()
                0x00000000c0059eb6                RTC::timeInDatetimeUTC()
                0x00000000c0059f4c                RTC::setTimeInSecondsUTC(unsigned long long)
                0x00000000c0059ffa                RTC::get_update_in_progress_flag()
                0x00000000c005a032                RTC::completeRTCRefresh()
                0x00000000c005a4fa                RTC::setTimeInDatetimeUTC(datetime_t)
                0x00000000c005a7d2                rtcIRQHandler(regs*, void*)
                0x00000000c005a8b0                RTC::RTC()
                0x00000000c005a8b0                RTC::RTC()
 *fill*         0x00000000c005ab33        0x1 
 .text          0x00000000c005ab34      0x590 arch/i386/vga.32
                0x00000000c005ab34                HalConsoleScroll(int, int)
                0x00000000c005aee0                HalConsoleWriteCharacter(char, int, int, int, int)
                0x00000000c005b03c                HalConsoleCursorUpdate(int, int)
 .text          0x00000000c005b0c4     0x311b fs/fat/vfslink.32
                0x00000000c005b0c4                FAT::getName()
                0x00000000c005b0cc                FAT::tell(void*, unsigned long long*)
                0x00000000c005b190                FAT::stat(void*, unsigned long long*)
                0x00000000c005b254                FAT::~FAT()
                0x00000000c005b254                FAT::~FAT()
                0x00000000c005b338                FAT::~FAT()
                0x00000000c005b360                FAT::getlabel(LogicalDisk*, int, char*, unsigned int*)
                0x00000000c005b6e4                FAT::setlabel(LogicalDisk*, int, char*)
                0x00000000c005baa0                FAT::format(LogicalDisk*, int, char const*, int)
                0x00000000c005bf68                FAT::tryMount(LogicalDisk*, int)
                0x00000000c005c450                FAT::allocateSwapfile(char const*, int)
                0x00000000c005c970                FAT::readDir(void*, unsigned long, void*, int*)
                0x00000000c005cb10                FAT::read(void*, unsigned long, void*, int*)
                0x00000000c005cba0                FAT::write(void*, unsigned long, void*, int*)
                0x00000000c005cc30                FAT::close(void*)
                0x00000000c005cc84                FAT::closeDir(void*)
                0x00000000c005ccd8                FAT::seek(void*, unsigned long long)
                0x00000000c005cd30                fatWrapperReadDisk
                0x00000000c005ce38                fatWrapperWriteDisk
                0x00000000c005cf40                fatWrapperIoctl
                0x00000000c005d4c4                FAT::FAT()
                0x00000000c005d4c4                FAT::FAT()
                0x00000000c005d68c                FAT::fixFilepath(char*)
                0x00000000c005d820                FAT::open(char const*, void**, FileOpenMode)
                0x00000000c005da1c                FAT::openDir(char const*, void**)
                0x00000000c005db58                FAT::stat(char const*, unsigned long long*, bool*)
                0x00000000c005dcd4                FAT::unlink(char const*)
                0x00000000c005dd84                FAT::chfatattr(char const*, unsigned char, unsigned char)
                0x00000000c005df68                FAT::rename(char const*, char const*)
                0x00000000c005e090                FAT::mkdir(char const*)
                0x00000000c005e140                FAT::exists(char const*)
 *fill*         0x00000000c005e1df        0x1 
 .text          0x00000000c005e1e0      0x198 fs/iso9660/helper.32
                0x00000000c005e1e0                isoReadDiscSectorHelper
                0x00000000c005e340                iso_kprintf
                0x00000000c005e35c                iso_kprintfd
 .text          0x00000000c005e378     0x14dc fs/iso9660/vfslink.32
                0x00000000c005e378                ISO9660::format(LogicalDisk*, int, char const*, int)
                0x00000000c005e37e                ISO9660::getName()
                0x00000000c005e384                ISO9660::chfatattr(char const*, unsigned char, unsigned char)
                0x00000000c005e38a                ISO9660::unlink(char const*)
                0x00000000c005e390                ISO9660::write(void*, unsigned long, void*, int*)
                0x00000000c005e396                ISO9660::rename(char const*, char const*)
                0x00000000c005e39c                ISO9660::mkdir(char const*)
                0x00000000c005e3a2                ISO9660::~ISO9660()
                0x00000000c005e3a2                ISO9660::~ISO9660()
                0x00000000c005e472                ISO9660::~ISO9660()
                0x00000000c005e49a                ISO9660::exists(char const*)
                0x00000000c005e4ae                ISO9660::seek(void*, unsigned long long)
                0x00000000c005e4f0                ISO9660::close(void*)
                0x00000000c005e520                ISO9660::closeDir(void*)
                0x00000000c005e5ac                ISO9660::read(void*, unsigned long, void*, int*)
                0x00000000c005e60e                ISO9660::tell(void*, unsigned long long*)
                0x00000000c005e676                ISO9660::stat(void*, unsigned long long*)
                0x00000000c005e6ea                ISO9660::readDir(void*, unsigned long, void*, int*)
                0x00000000c005e93e                ISO9660::open(char const*, void**, FileOpenMode)
                0x00000000c005ed18                ISO9660::stat(char const*, unsigned long long*, bool*)
                0x00000000c005f160                ISO9660::openDir(char const*, void**)
                0x00000000c005f5d8                readSectorFromCDROM(unsigned int, unsigned char*, char)
                0x00000000c005f6f8                ISO9660::tryMount(LogicalDisk*, int)
                0x00000000c005f780                ISO9660::ISO9660()
                0x00000000c005f780                ISO9660::ISO9660()
 .text          0x00000000c005f854      0xb88 hal/sound/sndcard.32
                0x00000000c005f854                SoundCard::beginPlayback()
                0x00000000c005f862                SoundCard::stopPlayback()
                0x00000000c005f870                SoundCard::SoundCard(char const*)
                0x00000000c005f870                SoundCard::SoundCard(char const*)
                0x00000000c005fbf8                SoundCard::~SoundCard()
                0x00000000c005fbf8                SoundCard::~SoundCard()
                0x00000000c005fcc8                SoundCard::~SoundCard()
                0x00000000c005fcf2                SoundCard::configureRates(int, int, int)
                0x00000000c005fdea                SoundCard::getSamples16(int, short*)
                0x00000000c005ff8e                SoundCard::getSamples32(int, int*)
                0x00000000c00602a2                SoundCard::addChannel(SoundPort*)
                0x00000000c006036c                SoundCard::removeChannel(int)
 .text          0x00000000c00603dc     0x1d25 hal/sound/sndport.32
                0x00000000c00603dc                SoundPort::SoundPort(int, int, int, int)
                0x00000000c00603dc                SoundPort::SoundPort(int, int, int, int)
                0x00000000c0060778                SoundPort::~SoundPort()
                0x00000000c0060778                SoundPort::~SoundPort()
                0x00000000c00608c0                SoundPort::unpause()
                0x00000000c0060910                SoundPort::pause()
                0x00000000c0060960                SoundPort::getBufferUsed()
                0x00000000c00609ac                SoundPort::getBufferSize()
                0x00000000c00609f8                SoundPort::buffer16(short*, int)
                0x00000000c0060f68                SoundPort::buffer32(int*, int)
                0x00000000c00614c8                SoundPort::unbufferAndAdd16(int, short*, SoundCard*)
                0x00000000c0061abc                SoundPort::unbufferAndAdd32(int, int*, SoundCard*)
 .text          0x00000000c0062101        0x0 hw/bus/isa.32
 *fill*         0x00000000c0062101        0x1 
 .text          0x00000000c0062102     0x2443 hw/bus/pci.32
                0x00000000c0062102                PCI::close(int, int, void*)
                0x00000000c0062106                PCI::open(int, int, void*)
                0x00000000c00621c6                PCI::PCI()
                0x00000000c00621c6                PCI::PCI()
                0x00000000c0062598                PCI::readBAR8(unsigned int, int)
                0x00000000c00625d2                PCI::readBAR16(unsigned int, int)
                0x00000000c0062612                PCI::readBAR32(unsigned int, int)
                0x00000000c0062650                PCI::writeBAR8(unsigned int, unsigned char, int)
                0x00000000c006268e                PCI::writeBAR16(unsigned int, unsigned short, int)
                0x00000000c00626d0                PCI::writeBAR32(unsigned int, unsigned int, int)
                0x00000000c0062710                PCI::legacyMechanism(unsigned char, unsigned char, unsigned char, unsigned char)
                0x00000000c0062786                PCI::pciReadWord(unsigned char, unsigned char, unsigned char, unsigned char)
                0x00000000c00628be                PCI::getVendorID(unsigned char, unsigned char, unsigned char)
                0x00000000c0062914                PCI::getHeaderType(unsigned char, unsigned char, unsigned char)
                0x00000000c006296c                PCI::getClassCode(unsigned char, unsigned char, unsigned char)
                0x00000000c0062a00                PCI::getProgIF(unsigned char, unsigned char, unsigned char)
                0x00000000c0062a58                PCI::getRevisionID(unsigned char, unsigned char, unsigned char)
                0x00000000c0062aae                PCI::getInterruptNumber(unsigned char, unsigned char, unsigned char)
                0x00000000c0062b04                PCI::getSecondaryBus(unsigned char, unsigned char, unsigned char)
                0x00000000c0062b5c                PCI::getBARAddress(unsigned char, unsigned char, unsigned char, unsigned char)
                0x00000000c0062c0e                PCI::pciWriteWord(unsigned char, unsigned char, unsigned char, unsigned char, unsigned short)
                0x00000000c0062d7c                PCI::pciDetailsToFilepath(PCIDeviceInfo, char*)
                0x00000000c0063814                PCI::checkBus(unsigned char)
                0x00000000c0063854                PCI::foundDevice(PCIDeviceInfo)
                0x00000000c0063e06                PCI::getDeviceData(unsigned char, unsigned char, unsigned char)
                0x00000000c006438a                PCI::checkDevice(unsigned char, unsigned char)
                0x00000000c0064484                PCI::detect()
 *fill*         0x00000000c0064545        0x1 
 .text          0x00000000c0064546     0x33a6 hw/diskctrl/ide.32
                0x00000000c0064546                IDE::close(int, int, void*)
                0x00000000c006454a                IDE::IDE()
                0x00000000c006454a                IDE::IDE()
                0x00000000c0064672                IDE::prepareInterrupt(unsigned char)
                0x00000000c00646d3                selectDrive(unsigned char, unsigned char)
                0x00000000c00646d4                IDE::getBase(unsigned char)
                0x00000000c0064736                IDE::write(unsigned char, unsigned char, unsigned char)
                0x00000000c00649fe                IDE::read(unsigned char, unsigned char)
                0x00000000c0064cb8                IDE::waitInterrupt(unsigned char)
                0x00000000c0064ddd                ideChannel0IRQHandler(regs*, void*)
                0x00000000c0064e4c                ideChannel1IRQHandler(regs*, void*)
                0x00000000c0064ebc                IDE::enableIRQs(unsigned char, bool)
                0x00000000c0064fd2                IDE::open(int, int, void*)
                0x00000000c006662a                IDE::readBuffer(unsigned char, unsigned char, unsigned int, unsigned int)
                0x00000000c0066916                IDE::detect()
                0x00000000c0067736                IDE::printError(unsigned char, unsigned char, unsigned char)
                0x00000000c0067866                IDE::polling(unsigned char, unsigned int)
 .text          0x00000000c00678ec      0xf7b hw/diskctrl/satabus.32
                0x00000000c00678ec                SATABus::close(int, int, void*)
                0x00000000c00678f0                SATABus::detect()
                0x00000000c00678f2                SATABus::SATABus()
                0x00000000c00678f2                SATABus::SATABus()
                0x00000000c0067b68                SATABus::findCmdslot(SATABus::tagHBA_PORT volatile*)
                0x00000000c0067c5c                SATABus::checkType(SATABus::tagHBA_PORT volatile*)
                0x00000000c0067cf6                SATABus::startCmd(SATABus::tagHBA_PORT volatile*)
                0x00000000c0067d82                SATABus::stopCmd(SATABus::tagHBA_PORT volatile*)
                0x00000000c0067e30                SATABus::portRebase(SATABus::tagHBA_PORT volatile*, int)
                0x00000000c0068468                SATABus::probePort(SATABus::tagHBA_MEM volatile*)
                0x00000000c00687bc                SATABus::open(int, int, void*)
 *fill*         0x00000000c0068867        0x1 
 .text          0x00000000c0068868     0x1962 hw/diskphys/ata.32
                0x00000000c0068868                ATA::powerSaving(PowerSavingLevel)
                0x00000000c006886a                ATA::close(int, int, void*)
                0x00000000c006890e                ATA::ATA()
                0x00000000c006890e                ATA::ATA()
                0x00000000c00689e8                ATA::flush(bool)
                0x00000000c0068b16                ATA::readyForCommand()
                0x00000000c0068c0e                ATA::access(unsigned long long, int, void*, bool)
                0x00000000c00697c0                ATA::detectCHS()
                0x00000000c00698ba                ATA::open(int, int, void*)
                0x00000000c0069dbd                combineCharAndColour(char, unsigned char)
                0x00000000c0069dce                combineColours(unsigned char, unsigned char)
                0x00000000c0069ddc                ATA::read(unsigned long long, int, void*)
                0x00000000c0069fd2                ATA::write(unsigned long long, int, void*)
 .text          0x00000000c006a1ca     0x1751 hw/diskphys/atapi.32
                0x00000000c006a1ca                ATAPI::write(unsigned long long, int, void*)
                0x00000000c006a1d0                ATAPI::close(int, int, void*)
                0x00000000c006a274                ATAPI::ATAPI()
                0x00000000c006a274                ATAPI::ATAPI()
                0x00000000c006a34e                ATAPI::readyForCommand()
                0x00000000c006a44c                ATAPI::sendPacket(unsigned char*, int, bool, unsigned short*, int)
                0x00000000c006af24                ATAPI::diskRemoved()
                0x00000000c006b05a                ATAPI::eject()
                0x00000000c006b0d6                ATAPI::diskInserted()
                0x00000000c006b122                ATAPI::detectMedia()
                0x00000000c006b30c                ATAPI::open(int, int, void*)
                0x00000000c006b7e6                ATAPI::read(unsigned long long, int, void*)
 *fill*         0x00000000c006b91b        0x1 
 .text          0x00000000c006b91c     0x131b hw/diskphys/sata.32
                0x00000000c006b91c                SATA::powerSaving(PowerSavingLevel)
                0x00000000c006b91e                SATA::close(int, int, void*)
                0x00000000c006b9c2                SATA::open(int, int, void*)
                0x00000000c006bc1c                SATA::SATA()
                0x00000000c006bc1c                SATA::SATA()
                0x00000000c006bcf6                SATA::access(unsigned long long, int, void*, bool)
                0x00000000c006c706                SATA::read(unsigned long long, int, void*)
                0x00000000c006c982                SATA::write(unsigned long long, int, void*)
 *fill*         0x00000000c006cc37        0x1 
 .text          0x00000000c006cc38     0x16c3 hw/diskphys/satapi.32
                0x00000000c006cc38                SATAPI::write(unsigned long long, int, void*)
                0x00000000c006cc3e                SATAPI::close(int, int, void*)
                0x00000000c006cce2                SATAPI::SATAPI()
                0x00000000c006cce2                SATAPI::SATAPI()
                0x00000000c006cdbc                SATAPI::diskRemoved()
                0x00000000c006cdbe                SATAPI::diskInserted()
                0x00000000c006ce16                SATAPI::sendPacket(unsigned char*, int, unsigned long long, unsigned short*, int)
                0x00000000c006d9b2                SATAPI::eject()
                0x00000000c006da66                SATAPI::detectMedia()
                0x00000000c006dd06                SATAPI::open(int, int, void*)
                0x00000000c006e06e                SATAPI::read(unsigned long long, int, void*)
 *fill*         0x00000000c006e2fb        0x1 
 .text          0x00000000c006e2fc     0x1289 hw/intctrl/apic.32
                0x00000000c006e2fc                IOAPIC::close(int, int, void*)
                0x00000000c006e302                apicGetBase()
                0x00000000c006e3ae                IOAPIC::IOAPIC()
                0x00000000c006e3ae                IOAPIC::IOAPIC()
                0x00000000c006e482                apicOpen()
                0x00000000c006ea7a                IOAPIC::handlesGSIWithNumber(unsigned int)
                0x00000000c006eb8c                IOAPIC::read(int)
                0x00000000c006ec60                IOAPIC::open(int, int, void*)
                0x00000000c006f28c                IOAPIC::write(int, int)
                0x00000000c006f368                IOAPIC::redirect(unsigned char, unsigned long long, unsigned char, bool, bool)
 *fill*         0x00000000c006f585        0x3 
 .text          0x00000000c006f588      0x45c hw/timer/apictimer.32
                0x00000000c006f588                APICTimer::close(int, int, void*)
                0x00000000c006f590                apicTimerHandler(regs*, void*)
                0x00000000c006f5fc                APICTimer::open(int, int, void*)
                0x00000000c006f884                APICTimer::write(int)
                0x00000000c006f8fc                APICTimer::APICTimer()
                0x00000000c006f8fc                APICTimer::APICTimer()
 .text          0x00000000c006f9e4      0x741 hw/timer/pit.32
                0x00000000c006f9e4                PIT::write(int)
                0x00000000c006fae0                pitHandler(regs*, void*)
                0x00000000c006fb30                PIT::open(int, int, void*)
                0x00000000c006fca8                PIT::close(int, int, void*)
                0x00000000c006fd74                PIT::PIT()
                0x00000000c006fd74                PIT::PIT()
 *fill*         0x00000000c0070125        0xb 
 .text          0x00000000c0070130       0x83 arch/i386/avx.32
                0x00000000c0070130                avxDetect
                0x00000000c007015a                avxSave
                0x00000000c007016b                avxLoad
                0x00000000c007017c                avxInit
                0x00000000c007019e                avxClose
                0x00000000c007019f                wouldSheSayYes
 *fill*         0x00000000c00701b3        0xd 
 .text          0x00000000c00701c0      0x2ec arch/i386/interrupt.32
                0x00000000c00701c0                isr0
                0x00000000c00701d0                isr1
                0x00000000c00701da                isr2
                0x00000000c00701e4                isr3
                0x00000000c00701ee                isr4
                0x00000000c00701f8                isr5
                0x00000000c0070202                isr6
                0x00000000c007020c                isr7
                0x00000000c0070216                isr8
                0x00000000c007021e                isr9
                0x00000000c0070228                isr10
                0x00000000c0070230                isr11
                0x00000000c0070238                isr12
                0x00000000c0070240                isr13
                0x00000000c007025a                isr14
                0x00000000c0070262                isr15
                0x00000000c007026c                isr16
                0x00000000c0070276                isr17
                0x00000000c0070280                isr18
                0x00000000c007028a                irq3
                0x00000000c0070294                irq4
                0x00000000c007029e                irq5
                0x00000000c00702a8                irq6
                0x00000000c00702b2                irq7
                0x00000000c00702bc                irq8
                0x00000000c00702c6                irq9
                0x00000000c00702d0                irq10
                0x00000000c00702da                irq11
                0x00000000c00702e4                irq12
                0x00000000c00702ee                irq13
                0x00000000c00702f8                irq14
                0x00000000c0070302                irq15
                0x00000000c007030c                irq1
                0x00000000c0070313                irq2
                0x00000000c007031a                isr96
                0x00000000c0070321                irq0
                0x00000000c0070326                int_common_stub
                0x00000000c0070358                syscall_common_stub
                0x00000000c007045c                irq16
                0x00000000c0070466                irq17
                0x00000000c0070470                irq18
                0x00000000c007047a                irq19
                0x00000000c0070484                irq20
                0x00000000c007048e                irq21
                0x00000000c0070498                irq22
                0x00000000c00704a2                irq23
 *fill*         0x00000000c00704ac        0x4 
 .text          0x00000000c00704b0       0x10 arch/i386/rdrand.32
                0x00000000c00704b0                i386GetRDRAND
 .text          0x00000000c00704c0       0x39 arch/i386/sse.32
                0x00000000c00704c0                absolutelyNoChanceInHell
                0x00000000c00704c0                sseDetect
                0x00000000c00704d8                sseSave
                0x00000000c00704e0                sseLoad
                0x00000000c00704e8                sseInit
                0x00000000c00704f8                sseClose
 *fill*         0x00000000c00704f9        0x7 
 .text          0x00000000c0070500       0x49 arch/i386/x87.32
                0x00000000c0070506                x87Detect
                0x00000000c0070521                x87Save
                0x00000000c0070528                x87Load
                0x00000000c007052f                x87Init
                0x00000000c0070548                x87Close
 *fill*         0x00000000c0070549        0x3 
 .text          0x00000000c007054c       0x25 /cygdrive/d/Users/Alex/Desktop/Toolchain/Output/bin/../lib/gcc/i386-banana/8.1.0/crtend.o
 .text          0x00000000c0070571        0x0 crtn.32
 *fill*         0x00000000c0070571        0x3 
 .text          0x00000000c0070574      0x14b /cygdrive/d/Users/Alex/Desktop/Toolchain/Output/bin/../lib/gcc/i386-banana/8.1.0/libkgcc.a(_divdi3.o)
                0x00000000c0070574                __divdi3
 *fill*         0x00000000c00706bf        0x1 