Archive member included to satisfy reference by file (symbol)

/cygdrive/d/Users/Alex/Desktop/Toolchain/Output/bin/../lib/gcc/i386-banana/8.1.0/libkgcc.a(_divdi3.o)
                              fs/fat/ff.32 (__divdi3)
/cygdrive/d/Users/Alex/Desktop/Toolchain/Output/bin/../lib/gcc/i386-banana/8.1.0/libkgcc.a(_moddi3.o)
                              thr/elf.32 (__moddi3)
/cygdrive/d/Users/Alex/Desktop/Toolchain/Output/bin/../lib/gcc/i386-banana/8.1.0/libkgcc.a(_udivdi3.o)
                              fs/fat/ff.32 (__udivdi3)
/cygdrive/d/Users/Alex/Desktop/Toolchain/Output/bin/../lib/gcc/i386-banana/8.1.0/libkgcc.a(_umoddi3.o)
                              core/pipe.32 (__umoddi3)
D:/Users/Alex/Desktop/Banana/kernel/libsoftfp.a(sfieeelib.o)
                              hal/sound/sndhw.32 (__addsf3)
D:/Users/Alex/Desktop/Banana/kernel/libsoftfp.a(dfieeelib.o)
                              hal/libresample/src_linear.32 (__adddf3)
D:/Users/Alex/Desktop/Banana/kernel/libsoftfp.a(sfdfcvt.o)
                              hal/libresample/samplerate.32 (__truncdfsf2)
D:/Users/Alex/Desktop/Banana/kernel/libk/libm32.a(s_fabs.c.o)
                              hal/libresample/samplerate.32 (fabs)
D:/Users/Alex/Desktop/Banana/kernel/libk/libm32.a(s_lrint.S.o)
                              hal/libresample/samplerate.32 (lrint)
D:/Users/Alex/Desktop/Banana/kernel/libk/libm32.a(s_lrintf.S.o)
                              hal/sound/sndhw.32 (lrintf)

Discarded input sections

 .comment       0x0000000000000000       0x12 /cygdrive/d/Users/Alex/Desktop/Toolchain/Output/bin/../lib/gcc/i386-banana/8.1.0/crtbegin.o
 .comment       0x0000000000000000       0x12 acpica/utclib.32
 .comment       0x0000000000000000       0x12 core/malloc.32
 .comment       0x0000000000000000       0x12 libk/string.32
 .comment       0x0000000000000000       0x12 fs/fat/diskio.32
 .comment       0x0000000000000000       0x12 fs/fat/ff.32
 .comment       0x0000000000000000       0x12 fs/fat/ffsystem.32
 .comment       0x0000000000000000       0x12 fs/fat/ffunicode.32
 .comment       0x0000000000000000       0x12 hal/libresample/samplerate.32
 .comment       0x0000000000000000       0x12 hal/libresample/src_linear.32
 .comment       0x0000000000000000       0x12 hal/libresample/src_sinc.32
 .comment       0x0000000000000000       0x12 hal/libresample/src_zoh.32
 .comment       0x0000000000000000       0x12 compat/inlines.32
 .group         0x0000000000000000       0x14 core/computer.32
 .group         0x0000000000000000        0xc core/computer.32
 .comment       0x0000000000000000       0x12 core/computer.32
 .comment       0x0000000000000000       0x12 core/gdt.32
 .group         0x0000000000000000        0xc core/idle.32
 .comment       0x0000000000000000       0x12 core/idle.32
 .comment       0x0000000000000000       0x12 core/idt.32
 .comment       0x0000000000000000       0x12 core/kheap.32
 .comment       0x0000000000000000       0x12 core/main.32
 .comment       0x0000000000000000       0x12 core/physmgr.32
 .group         0x0000000000000000        0xc core/pipe.32
 .comment       0x0000000000000000       0x12 core/pipe.32
 .group         0x0000000000000000        0xc core/terminal.32
 .comment       0x0000000000000000       0x12 core/terminal.32
 .comment       0x0000000000000000       0x12 core/tss.32
 .group         0x0000000000000000        0x8 core/unixfile.32
 .group         0x0000000000000000        0xc core/unixfile.32
 .group         0x0000000000000000        0xc core/unixfile.32
 .group         0x0000000000000000        0x8 core/unixfile.32
 .group         0x0000000000000000        0xc core/unixfile.32
 .group         0x0000000000000000        0x8 core/unixfile.32
 .group         0x0000000000000000        0xc core/unixfile.32
 .group         0x0000000000000000        0xc core/unixfile.32
 .comment       0x0000000000000000       0x12 core/unixfile.32
 .comment       0x0000000000000000       0x12 core/virtmgr.32
 .comment       0x0000000000000000       0x12 coreobjs/c++.32
 .comment       0x0000000000000000       0x12 dbg/kconsole.32
 .group         0x0000000000000000        0xc fs/vfs.32
 .group         0x0000000000000000        0xc fs/vfs.32
 .group         0x0000000000000000        0xc fs/vfs.32
 .comment       0x0000000000000000       0x12 fs/vfs.32
 .group         0x0000000000000000        0xc hal/bus.32
 .comment       0x0000000000000000       0x12 hal/bus.32
 .group         0x0000000000000000        0xc hal/buzzer.32
 .comment       0x0000000000000000       0x12 hal/buzzer.32
 .group         0x0000000000000000        0xc hal/clock.32
 .comment       0x0000000000000000       0x12 hal/clock.32
 .group         0x0000000000000000       0x14 hal/device.32
 .group         0x0000000000000000        0xc hal/device.32
 .group         0x0000000000000000        0xc hal/device.32
 .group         0x0000000000000000        0xc hal/device.32
 .group         0x0000000000000000        0xc hal/device.32
[...]
Memory Configuration

Name             Origin             Length             Attributes
*default*        0x0000000000000000 0xffffffffffffffff

Linker script and memory map

LOAD D:/Users/Alex/Desktop/Banana/kernel/boot.32
LOAD crti.32
LOAD /cygdrive/d/Users/Alex/Desktop/Toolchain/Output/bin/../lib/gcc/i386-banana/8.1.0/crtbegin.o
LOAD D:/Users/Alex/Desktop/Banana/kernel/morenasm.32
LOAD acpica/utclib.32
LOAD core/malloc.32
LOAD libk/string.32
LOAD fs/fat/diskio.32
LOAD fs/fat/ff.32
LOAD fs/fat/ffsystem.32
LOAD fs/fat/ffunicode.32
LOAD hal/libresample/samplerate.32
LOAD hal/libresample/src_linear.32
LOAD hal/libresample/src_sinc.32
LOAD hal/libresample/src_zoh.32
LOAD compat/inlines.32
LOAD core/computer.32
LOAD core/gdt.32
LOAD core/idle.32
LOAD core/idt.32
LOAD core/kheap.32
LOAD core/main.32
LOAD core/physmgr.32
LOAD core/pipe.32
LOAD core/terminal.32
LOAD core/tss.32
LOAD core/unixfile.32
LOAD core/virtmgr.32
LOAD coreobjs/c++.32
LOAD dbg/kconsole.32
LOAD fs/vfs.32
LOAD hal/bus.32
LOAD hal/buzzer.32
LOAD hal/clock.32
LOAD hal/device.32
LOAD hal/diskctrl.32
LOAD hal/diskphys.32
LOAD hal/fpu.32
LOAD hal/intctrl.32
LOAD hal/keybrd.32
LOAD hal/logidisk.32
LOAD hal/mouse.32
LOAD hal/partition.32
LOAD hal/serial.32
LOAD hal/timer.32
LOAD hal/vcache.32
LOAD hal/video.32
LOAD hw/acpi.32
LOAD hw/cpu.32
LOAD hw/ports.32
LOAD krnl/env.32
LOAD krnl/panic.32
LOAD net/ethernet.32
LOAD reg/registry.32
LOAD sys/sc_exit.32
LOAD sys/sc_getcwd.32
LOAD sys/sc_getpid.32
LOAD sys/sc_loaddll.32
LOAD sys/sc_read.32
LOAD sys/sc_sbrk.32
LOAD sys/sc_setcwd.32
LOAD sys/sc_write.32
LOAD sys/sc_yield.32
LOAD sys/syscalls.32
LOAD thr/elf.32
LOAD thr/prcssthr.32
LOAD vm86/vm8086.32
LOAD vm86/x87em.32
LOAD fs/fat/vfslink.32
LOAD fs/iso9660/vfslink.32
LOAD hal/sound/sndchannel.32
LOAD hal/sound/sndhw.32
LOAD hw/bus/isa.32
LOAD hw/bus/pci.32
LOAD hw/diskctrl/ide.32
LOAD hw/diskctrl/satabus.32
LOAD hw/diskphys/ata.32
LOAD hw/diskphys/atapi.32
LOAD hw/diskphys/sata.32
LOAD hw/fpu/avx.32
LOAD hw/fpu/mmx.32
LOAD hw/fpu/sse.32
LOAD hw/fpu/x87.32
LOAD hw/intctrl/apic.32
LOAD hw/intctrl/pic.32
LOAD hw/timer/apictimer.32
LOAD hw/timer/pit.32
LOAD hw/fpu/x86/avx.32
LOAD hw/fpu/x86/sse.32
LOAD hw/fpu/x86/x87.32
LOAD /cygdrive/d/Users/Alex/Desktop/Toolchain/Output/bin/../lib/gcc/i386-banana/8.1.0/crtend.o
LOAD crtn.32
LOAD /cygdrive/d/Users/Alex/Desktop/Toolchain/Output/bin/../lib/gcc/i386-banana/8.1.0/libkgcc.a
LOAD D:/Users/Alex/Desktop/Banana/kernel/libsoftfp.a
LOAD D:/Users/Alex/Desktop/Banana/kernel/libk/libm32.a
                0x00000000c0000000                . = 0xc0000000

.text           0x00000000c0000000    0x26f38
 *(.text)
 .text          0x00000000c0000000       0x41 D:/Users/Alex/Desktop/Banana/kernel/boot.32
                0x00000000c0000020                callGlobalConstructors
 .text          0x00000000c0000041        0x0 crti.32
 *fill*         0x00000000c0000041        0x3 
 .text          0x00000000c0000044      0x101 /cygdrive/d/Users/Alex/Desktop/Toolchain/Output/bin/../lib/gcc/i386-banana/8.1.0/crtbegin.o
 *fill*         0x00000000c0000145        0xb 
 .text          0x00000000c0000150      0x4a2 D:/Users/Alex/Desktop/Banana/kernel/morenasm.32
                0x00000000c0000150                prepareTramp
                0x00000000c0000169                voodooXADD
                0x00000000c0000234                doTPAUSE
                0x00000000c000023e                hasLegacyFPU
                0x00000000c0000263                is486
                0x00000000c0000299                detectCPUID
                0x00000000c00002af                goToVM86
                0x00000000c00002df                goToUsermode
                0x00000000c0000309                switchToThreadASMFirstTime
                0x00000000c0000317                switchToThreadASM
                0x00000000c000039f                asmQuickAcquireLock
                0x00000000c00003bd                asmQuickReleaseLock
                0x00000000c00003c9                asmAcquireLock
                0x00000000c00003ea                asmReleaseLock
                0x00000000c00003fd                loadGDT
                0x00000000c000041d                isr0
                0x00000000c000042d                isr1
                0x00000000c0000437                isr2
                0x00000000c0000441                isr3
                0x00000000c000044b                isr4
                0x00000000c0000455                isr5
                0x00000000c000045f                isr6
                0x00000000c0000469                isr7
                0x00000000c0000473                isr8
                0x00000000c000047b                isr9
                0x00000000c0000485                isr10
                0x00000000c000048d                isr11
                0x00000000c0000495                isr12
                0x00000000c000049d                isr13
                0x00000000c00004a5                isr14
                0x00000000c00004ad                isr15
                0x00000000c00004b7                isr16
                0x00000000c00004c1                isr17
                0x00000000c00004cb                isr18
                0x00000000c00004d5                irq3
                0x00000000c00004df                irq4
                0x00000000c00004e9                irq5
                0x00000000c00004f3                irq6
                0x00000000c00004fd                irq7
                0x00000000c0000507                irq8
                0x00000000c0000511                irq9
                0x00000000c000051b                irq10
                0x00000000c0000525                irq11
                0x00000000c000052f                irq12
                0x00000000c0000539                irq13
                0x00000000c0000543                irq14
                0x00000000c000054d                irq15
                0x00000000c0000557                irq1
                0x00000000c000055e                irq2
                0x00000000c0000565                isr96
                0x00000000c000056c                irq0
                0x00000000c0000571                syscall_common_stub
                0x00000000c0000571                int_common_stub
                0x00000000c00005a2                irq16
                0x00000000c00005ac                irq17
                0x00000000c00005b6                irq18
                0x00000000c00005c0                irq19
                0x00000000c00005ca                irq20
                0x00000000c00005d4                irq21
                0x00000000c00005de                irq22
                0x00000000c00005e8                irq23
 .text          0x00000000c00005f2      0x40f acpica/utclib.32
                0x00000000c00005f2                memcmp
                0x00000000c000061d                memmove
                0x00000000c0000655                memcpy
                0x00000000c000068b                memset
                0x00000000c00006a8                strlen
                0x00000000c00006b8                strpbrk
                0x00000000c00006db                strtok
                0x00000000c000072a                strcpy
                0x00000000c000074a                strncpy
                0x00000000c000077b                strcmp
                0x00000000c000079c                strchr
                0x00000000c00007b2                strncmp
                0x00000000c00007e1                strcat
                0x00000000c0000808                strncat
                0x00000000c0000842                strstr
                0x00000000c000087f                toupper
                0x00000000c0000893                tolower
                0x00000000c00008a7                simple_strtoul
 .text          0x00000000c0000a01      0xfbf core/malloc.32
                0x00000000c0000b6c                dlfree
                0x00000000c0000ec7                dlmalloc
                0x00000000c0001404                dlrealloc
                0x00000000c00015b9                dlmemalign
                0x00000000c00016dc                dlcalloc
                0x00000000c0001776                dlcfree
                0x00000000c000177b                dlindependent_calloc
                0x00000000c00017a0                dlindependent_comalloc
                0x00000000c00017b7                dlvalloc
                0x00000000c00017e2                dlpvalloc
                0x00000000c0001818                dlmalloc_trim
                0x00000000c0001825                dlmalloc_usable_size
                0x00000000c0001856                dlmallinfo
                0x00000000c0001925                dlmalloc_stats
                0x00000000c0001936                dlmallopt
 .text          0x00000000c00019c0        0x0 libk/string.32
 .text          0x00000000c00019c0       0x51 fs/fat/diskio.32
                0x00000000c00019c0                disk_status
                0x00000000c00019c3                disk_initialize
                0x00000000c00019c6                disk_read
                0x00000000c00019dc                disk_write
                0x00000000c00019f2                disk_ioctl
 .text          0x00000000c0001a11     0x6833 fs/fat/ff.32
                0x00000000c0004cdf                f_mount
                0x00000000c0004d41                f_open
                0x00000000c000517d                f_read
                0x00000000c00053fd                f_write
                0x00000000c00056b7                f_sync
                0x00000000c0005893                f_close
                0x00000000c00058c2                f_lseek
                0x00000000c0005d79                f_opendir
                0x00000000c0005e7b                f_closedir
                0x00000000c0005e9d                f_readdir
                0x00000000c0005f38                f_stat
                0x00000000c0005fc7                f_getfree
                0x00000000c0006192                f_truncate
                0x00000000c000628a                f_unlink
                0x00000000c000640d                f_mkdir
                0x00000000c0006639                f_rename
                0x00000000c000692c                f_chmod
                0x00000000c0006a0a                f_utime
                0x00000000c0006ae8                f_getlabel
                0x00000000c0006cd6                f_setlabel
                0x00000000c0006f43                f_forward
                0x00000000c0007121                f_mkfs
 .text          0x00000000c0008244       0x2d fs/fat/ffsystem.32
                0x00000000c0008244                ff_memalloc
                0x00000000c000825a                ff_memfree
 .text          0x00000000c0008271      0x253 fs/fat/ffunicode.32
                0x00000000c0008271                ff_uni2oem
                0x00000000c0008301                ff_oem2uni
                0x00000000c000836d                ff_wtoupper
 .text          0x00000000c00084c4      0x8fb hal/libresample/samplerate.32
                0x00000000c0008508                src_delete
                0x00000000c0008544                src_process
                0x00000000c00086fa                src_callback_read
                0x00000000c0008877                src_set_ratio
                0x00000000c00088e1                src_get_channels
                0x00000000c0008903                src_reset
                0x00000000c000894f                src_new
                0x00000000c00089dd                src_callback_new
                0x00000000c0008a3f                src_get_name
                0x00000000c0008a76                src_get_description
                0x00000000c0008aad                src_get_version
                0x00000000c0008ab3                src_is_valid_ratio
                0x00000000c0008b07                src_error
                0x00000000c0008b15                src_strerror
                0x00000000c0008b28                src_simple
                0x00000000c0008b7b                src_short_to_float_array
                0x00000000c0008be0                src_float_to_short_array
                0x00000000c0008c9f                src_int_to_float_array
                0x00000000c0008d02                src_float_to_int_array
 .text          0x00000000c0008dbf      0x8cb hal/libresample/src_linear.32
                0x00000000c00095e5                linear_get_name
                0x00000000c00095f4                linear_get_description
                0x00000000c0009603                linear_set_converter
 .text          0x00000000c000968a     0x447c hal/libresample/src_sinc.32
                0x00000000c000da1d                sinc_get_name
                0x00000000c000da30                sinc_get_description
                0x00000000c000da43                sinc_set_converter
 .text          0x00000000c000db06      0x77c hal/libresample/src_zoh.32
                0x00000000c000e1dd                zoh_get_name
                0x00000000c000e1ec                zoh_get_description
                0x00000000c000e1fb                zoh_set_converter
 .text          0x00000000c000e282       0x23 compat/inlines.32
                0x00000000c000e282                CPU::current()
                0x00000000c000e28f                operator new(unsigned long)
 *fill*         0x00000000c000e2a5        0x1 
 .text          0x00000000c000e2a6      0xa0b core/computer.32
                0x00000000c000e2a6                Computer::close(int, int, void*)
                0x00000000c000e2ea                Computer::Computer()
                0x00000000c000e2ea                Computer::Computer()
                0x00000000c000e446                Computer::setBootMessage(char const*)
                0x00000000c000e448                Computer::start()
                0x00000000c000e51e                firstTask()
                0x00000000c000e52c                Computer::detectFeatures()
                0x00000000c000e736                Computer::displayFeatures()
                0x00000000c000ea7c                Computer::rdmsr(unsigned int)
                0x00000000c000eaa8                Computer::wrmsr(unsigned int, unsigned long long)
                0x00000000c000eae0                Computer::nmiEnabled()
                0x00000000c000eaec                Computer::readCMOS(unsigned char)
                0x00000000c000eb06                Computer::enableNMI(bool)
                0x00000000c000eb1e                Computer::open(int, int, void*)
                0x00000000c000ebf4                Computer::disableNMI()
                0x00000000c000ec02                Computer::writeCMOS(unsigned char, unsigned char)
                0x00000000c000ec20                Computer::handleNMI()
                0x00000000c000ec86                Computer::setDiskActivityLight(int, bool)
 *fill*         0x00000000c000ecb1        0x1 
 .text          0x00000000c000ecb2      0x1b7 core/gdt.32
                0x00000000c000ecb2                GDTEntry::setBase(unsigned int)
                0x00000000c000ecce                GDTEntry::setLimit(unsigned int)
                0x00000000c000ecec                GDT::GDT()
                0x00000000c000ecec                GDT::GDT()
                0x00000000c000ed02                GDT::addEntry(GDTEntry)
                0x00000000c000ed3e                GDT::getNumberOfEntries()
                0x00000000c000ed46                GDT::flush()
                0x00000000c000ed68                GDT::setup()
 .text          0x00000000c000ee69       0x62 core/idle.32
                0x00000000c000ee69                idleFunction(void*)
 *fill*         0x00000000c000eecb        0x1 
 .text          0x00000000c000eecc      0x45f core/idt.32
                0x00000000c000eecc                IDTEntry::IDTEntry(bool)
                0x00000000c000eecc                IDTEntry::IDTEntry(bool)
                0x00000000c000ef3a                IDTEntry::setOffset(unsigned int)
                0x00000000c000ef4e                IDT::IDT()
                0x00000000c000ef4e                IDT::IDT()
                0x00000000c000ef50                IDT::getPointerToInvalidOpcodeEntryForF00F()
                0x00000000c000ef58                IDT::addEntry(IDTEntry, int)
                0x00000000c000ef72                IDT::addEntry(int, void (*)(), bool)
                0x00000000c000efaa                IDT::flush()
                0x00000000c000efc4                IDT::setup()
 .text          0x00000000c000f32b      0x203 core/kheap.32
                0x00000000c000f32b                sbrk
                0x00000000c000f439                mmap
                0x00000000c000f44f                munmap
                0x00000000c000f465                liballoc_lock()
                0x00000000c000f476                liballoc_unlock()
                0x00000000c000f487                liballoc_alloc(int)
                0x00000000c000f4a2                liballoc_free(void*, int)
                0x00000000c000f4c0                realloc
                0x00000000c000f4d4                malloc
                0x00000000c000f4e4                free
                0x00000000c000f4f4                rfree
                0x00000000c000f504                calloc
 .text          0x00000000c000f52e      0x38d core/main.32
                0x00000000c000f52e                hwTextMode_loadInData(VgaText*)
                0x00000000c000f573                hwTextMode_loadInTitle(VgaText*, char*)
                0x00000000c000f5b5                hwTextMode_showCursor(VgaText*, bool)
                0x00000000c000f609                hwTextMode_update(VgaText*)
                0x00000000c000f60a                hwTextMode_updateCursor(VgaText*)
                0x00000000c000f652                hwTextMode_disableBlink(VgaText*, bool)
                0x00000000c000f68e                hwTextMode_scrollScreen(VgaText*)
                0x00000000c000f714                hwTextMode_writeCharacter(VgaText*, char, VgaColour, VgaColour, int, int)
                0x00000000c000f772                setupTextMode()
                0x00000000c000f7c3                kernel_main
 .text          0x00000000c000f8bb      0x54d core/physmgr.32
                0x00000000c000f8bb                Phys::allocateDMA(unsigned long)
                0x00000000c000f95e                Phys::freeDMA(unsigned long, unsigned long)
                0x00000000c000f9a6                Phys::setPageState(unsigned long, bool)
                0x00000000c000f9d8                Phys::getPageState(unsigned long)
                0x00000000c000f9f4                Phys::freePage(unsigned long)
                0x00000000c000fa7e                Phys::allocatePage()
                0x00000000c000fb46                Phys::allocateContiguousPages(int)
                0x00000000c000fba0                Phys::allowSegmentToBeUsed(unsigned long, unsigned long)
                0x00000000c000fbd8                Phys::physicalMemorySetup(unsigned int)
 .text          0x00000000c000fe08      0x273 core/pipe.32
                0x00000000c000fe08                Pipe::isAtty()
                0x00000000c000fe0c                Pipe::~Pipe()
                0x00000000c000fe0c                Pipe::~Pipe()
                0x00000000c000fe30                Pipe::~Pipe()
                0x00000000c000fe58                Pipe::read(unsigned long long, void*, int*)
                0x00000000c000ff4c                Pipe::write(unsigned long long, void*, int*)
                0x00000000c0010014                Pipe::Pipe(int)
                0x00000000c0010014                Pipe::Pipe(int)
 *fill*         0x00000000c001007b        0x1 
 .text          0x00000000c001007c      0xf65 core/terminal.32
                0x00000000c001007c                VgaText::isAtty()
                0x00000000c0010080                VgaText::~VgaText()
                0x00000000c0010080                VgaText::~VgaText()
                0x00000000c00100a4                VgaText::~VgaText()
                0x00000000c00100ce                VgaText::read(unsigned long long, void*, int*)
                0x00000000c00100ee                setTerminalScrollLock(bool)
                0x00000000c00100ef                addToTerminalCycle(VgaText*)
                0x00000000c001011c                installVgaTextImplementation()
                0x00000000c0010131                scrollTerminalScrollLock(int)
                0x00000000c0010132                VgaText::load()
                0x00000000c0010186                VgaText::updateCursor()
                0x00000000c00101a0                VgaText::showCursor(bool)
                0x00000000c00101b0                VgaText::disableBlink(bool)
                0x00000000c00101ea                VgaText::doANSI_SGR(int)
                0x00000000c0010276                VgaText::setDefaultBgColour(VgaColour)
                0x00000000c001028c                VgaText::setDefaultFgColour(VgaColour)
                0x00000000c00102a2                VgaText::setDefaultColours(VgaColour, VgaColour)
                0x00000000c00102c2                VgaText::combineColours(unsigned char, unsigned char)
                0x00000000c00102d4                VgaText::scrollScreen()
                0x00000000c0010368                VgaText::combineCharAndColour(char, unsigned char)
                0x00000000c001037a                VgaText::writeCharacter(char, VgaColour, VgaColour, int, int)
                0x00000000c00103da                VgaText::getCursorX()
                0x00000000c00103e6                VgaText::getCursorY()
                0x00000000c00103f2                VgaText::setCursor(int, int)
                0x00000000c0010410                VgaText::setCursorX(int)
                0x00000000c001042c                VgaText::setCursorY(int)
                0x00000000c0010448                VgaText::incrementCursor(bool)
                0x00000000c00104b0                VgaText::updateRAMUsageDisplay(int)
                0x00000000c001050a                VgaText::updateDiskUsage()
                0x00000000c0010670                VgaText::updateTitle()
                0x00000000c00106b6                VgaText::setTitleTextColour(VgaColour)
                0x00000000c00106c6                VgaText::setTitleColour(VgaColour)
                0x00000000c00106d6                VgaText::setTitle(char*)
                0x00000000c00106fc                VgaText::decrementCursor(bool)
                0x00000000c0010724                VgaText::putchar(char, VgaColour, VgaColour)
                0x00000000c0010820                VgaText::isShowingCursor()
                0x00000000c001082c                VgaText::isBlinkDisabled()
                0x00000000c001083a                VgaText::setCursorHeight(int)
                0x00000000c0010858                VgaText::getCursorHeight()
                0x00000000c0010863                setActiveTerminal(VgaText*)
                0x00000000c0010915                doTerminalCycle()
                0x00000000c0010932                VgaText::doUpdate()
                0x00000000c0010944                VgaText::puts(char const*, VgaColour, VgaColour)
                0x00000000c0010b04                VgaText::clearScreen()
                0x00000000c0010b68                VgaText::putchar(char)
                0x00000000c0010c82                VgaText::puts(char const*)
                0x00000000c0010ca8                VgaText::putx(unsigned int)
                0x00000000c0010cee                VgaText::VgaText(char const*)
                0x00000000c0010cee                VgaText::VgaText(char const*)
                0x00000000c0010e80                VgaText::receiveKey(unsigned char)
                0x00000000c0010f68                VgaText::write(unsigned long long, void*, int*)
                0x00000000c0010fbc                newTerminal(char*)
 *fill*         0x00000000c0010fe1        0x1 
 .text          0x00000000c0010fe2      0x1b3 core/tss.32
                0x00000000c0010fe2                TSS::TSS()
                0x00000000c0010fe2                TSS::TSS()
                0x00000000c0010ff0                TSS::setESP(unsigned long)
                0x00000000c0011002                TSS::flush()
                0x00000000c0011022                TSS::setup(unsigned long, unsigned long)
 *fill*         0x00000000c0011195        0x1 
 .text          0x00000000c0011196      0x4c2 core/unixfile.32
                0x00000000c0011196                ReservedFilename::read(unsigned long long, void*, int*)
                0x00000000c00111ec                ReservedFilename::isAtty()
                0x00000000c0011208                ReservedFilename::write(unsigned long long, void*, int*)
                0x00000000c0011266                UnixFile::getFileDescriptor()
                0x00000000c001126e                UnixFile::UnixFile(int)
                0x00000000c001126e                UnixFile::UnixFile(int)
                0x00000000c001141e                ReservedFilename::ReservedFilename(int)
                0x00000000c001141e                ReservedFilename::ReservedFilename(int)
                0x00000000c0011450                UnixFile::~UnixFile()
                0x00000000c0011450                UnixFile::~UnixFile()
                0x00000000c00114e8                UnixFile::~UnixFile()
                0x00000000c0011510                ReservedFilename::~ReservedFilename()
                0x00000000c0011510                ReservedFilename::~ReservedFilename()
                0x00000000c0011534                ReservedFilename::~ReservedFilename()
                0x00000000c001155b                getFromFileDescriptor(int)
 .text          0x00000000c0011658      0xee3 core/virtmgr.32
                0x00000000c0011658                Virt::setPageState(unsigned long, Virt::VirtPageState)
                0x00000000c001168d                Virt::getPageState(unsigned long)
                0x00000000c00116b1                Virt::allocateKernelVirtualPages(int)
                0x00000000c00117c2                Virt::virtualMemorySetup()
                0x00000000c0011841                Virt::getAKernelVAS()
                0x00000000c0011847                Virt::setupPageSwapping(int)
                0x00000000c0011976                VAS::VAS()
                0x00000000c0011976                VAS::VAS()
                0x00000000c00119a6                VAS::VAS(VAS*)
                0x00000000c00119a6                VAS::VAS(VAS*)
                0x00000000c00119ca                VAS::getForeignPageTableEntry(bool, unsigned long)
                0x00000000c00119f6                VAS::getPageTableEntry(unsigned long)
                0x00000000c0011a15                Virt::freeKernelVirtualPages(unsigned long)
                0x00000000c0011b38                VAS::freeAllocatedPages(unsigned long)
                0x00000000c0011b5c                VAS::virtualToPhysical(unsigned long)
                0x00000000c0011b74                VAS::reflagRange(unsigned long, int, int, int)
                0x00000000c0011bb4                VAS::setToWriteCombining(unsigned long, int)
                0x00000000c0011be6                VAS::mapOtherVASIn(bool, VAS*)
                0x00000000c0011c10                VAS::~VAS()
                0x00000000c0011c10                VAS::~VAS()
                0x00000000c0011d7c                VAS::mapPage(unsigned long, unsigned long, int)
                0x00000000c0011e7c                VAS::allocatePages(int, int)
                0x00000000c0012054                VAS::setCPUSpecific(unsigned long)
                0x00000000c0012070                VAS::mapRange(unsigned long, unsigned long, int, int)
                0x00000000c0012136                VAS::mapForeignPage(bool, VAS*, unsigned long, unsigned long, int)
                0x00000000c0012224                VAS::VAS(bool)
                0x00000000c0012224                VAS::VAS(bool)
                0x00000000c001247f                mapVASFirstTime
 .text          0x00000000c001253b       0x95 coreobjs/c++.32
                0x00000000c001253b                __cxa_atexit
                0x00000000c001253e                __cxa_finalize
                0x00000000c001253f                __stack_chk_fail
                0x00000000c00125ab                __cxa_pure_virtual
                0x00000000c00125bc                operator new[](unsigned long)
                0x00000000c00125c1                operator delete(void*, unsigned long)
                0x00000000c00125c6                operator delete[](void*)
                0x00000000c00125cb                operator delete[](void*, unsigned long)
 .text          0x00000000c00125d0      0x1ef dbg/kconsole.32
                0x00000000c00125d0                Dbg::stringifyxWithBase(unsigned int, char*, int)
                0x00000000c0012631                Dbg::logc(char)
                0x00000000c0012648                Dbg::logs(char*)
                0x00000000c0012665                Dbg::logWriteInt(unsigned int)
                0x00000000c0012682                Dbg::logWriteIntBase(unsigned int, int)
                0x00000000c00126a1                Dbg::kprintf(char const*, ...)
 *fill*         0x00000000c00127bf        0x1 
 .text          0x00000000c00127c0      0xb7c fs/vfs.32
                0x00000000c00127c0                File::read(unsigned long long, void*, int*)
                0x00000000c0012818                File::write(unsigned long long, void*, int*)
                0x00000000c0012870                Directory::read(unsigned long long, void*, int*)
                0x00000000c00128c8                Directory::write(unsigned long long, void*, int*)
                0x00000000c00128f6                File::isAtty()
                0x00000000c00128fa                Directory::isAtty()
                0x00000000c00128fe                Filesystem::getlabel(LogicalDisk*, int, char*, unsigned int*)
                0x00000000c0012904                Filesystem::setlabel(LogicalDisk*, int, char*)
                0x00000000c001290a                File::~File()
                0x00000000c001290a                File::~File()
                0x00000000c001292e                File::~File()
                0x00000000c0012958                Directory::~Directory()
                0x00000000c0012958                Directory::~Directory()
                0x00000000c001297c                Directory::~Directory()
                0x00000000c00129a6                Filesystem::Filesystem()
                0x00000000c00129a6                Filesystem::Filesystem()
                0x00000000c00129ca                Filesystem::~Filesystem()
                0x00000000c00129ca                Filesystem::~Filesystem()
                0x00000000c00129d8                Filesystem::~Filesystem()
                0x00000000c00129fc                initVFS()
                0x00000000c0012a26                standardiseFiles(char*, char const*, char const*)
                0x00000000c0012bd0                File::File(char const*, Process*)
                0x00000000c0012bd0                File::File(char const*, Process*)
                0x00000000c0012c34                File::open(FileOpenMode)
                0x00000000c0012c92                File::close()
                0x00000000c0012cf2                File::seek(unsigned long long)
                0x00000000c0012d48                File::tell(unsigned long long*)
                0x00000000c0012d98                File::rewind()
                0x00000000c0012dac                File::unlink()
                0x00000000c0012df8                File::rename(char const*)
                0x00000000c0012e46                File::chfatattr(unsigned char, unsigned char)
                0x00000000c0012ea2                File::exists()
                0x00000000c0012ee0                File::stat(unsigned long long*, bool*)
                0x00000000c0012f41                getcwd(Process*, char*, int)
                0x00000000c0012f6b                setcwd(Process*, char*)
                0x00000000c00130a6                Directory::Directory(char const*, Process*)
                0x00000000c00130a6                Directory::Directory(char const*, Process*)
                0x00000000c001310a                Directory::open()
                0x00000000c0013166                Directory::close()
                0x00000000c00131c6                Directory::unlink()
                0x00000000c0013212                Directory::rename(char const*)
                0x00000000c0013260                Directory::exists()
                0x00000000c001329e                Directory::read(dirent*)
                0x00000000c00132ea                Directory::create()
                0x00000000c0013336                Filesystem::chfatattr(char const*, unsigned char, unsigned char)
 .text          0x00000000c001333c       0x84 hal/bus.32
                0x00000000c001333c                Bus::Bus(char const*)
                0x00000000c001333c                Bus::Bus(char const*)
                0x00000000c0013372                Bus::~Bus()
                0x00000000c0013372                Bus::~Bus()
                0x00000000c0013396                Bus::~Bus()
 .text          0x00000000c00133c0      0x14e hal/buzzer.32
                0x00000000c00133c0                Buzzer::Buzzer(char const*)
                0x00000000c00133c0                Buzzer::Buzzer(char const*)
                0x00000000c0013404                Buzzer::~Buzzer()
                0x00000000c0013404                Buzzer::~Buzzer()
                0x00000000c0013428                Buzzer::~Buzzer()
                0x00000000c0013452                Buzzer::stop()
                0x00000000c0013465                beepThread(void*)
                0x00000000c00134a0                Buzzer::beep(int, int, bool)
 .text          0x00000000c001350e      0x42f hal/clock.32
                0x00000000c001350e                loadClockSettings()
                0x00000000c0013528                Clock::Clock(char const*)
                0x00000000c0013528                Clock::Clock(char const*)
                0x00000000c001355e                Clock::~Clock()
                0x00000000c001355e                Clock::~Clock()
                0x00000000c0013582                Clock::~Clock()
                0x00000000c00135ac                Clock::timeInSecondsLocal()
                0x00000000c00135f4                Clock::setTimeInSecondsLocal(unsigned long long)
                0x00000000c001364d                datetimeToSeconds(datetime_t)
                0x00000000c0013774                Clock::setTimeInDatetimeLocal(datetime_t)
                0x00000000c00137d4                secondsToDatetime(unsigned long long)
                0x00000000c0013918                Clock::timeInDatetimeLocal()
 *fill*         0x00000000c001393d        0x1 
 .text          0x00000000c001393e      0x4de hal/device.32
                0x00000000c001393e                Device::hibernate()
                0x00000000c0013940                Device::wake()
                0x00000000c0013942                Device::detect()
                0x00000000c0013944                Device::disableLegacy()
                0x00000000c0013946                Device::powerSaving(PowerSavingLevel)
                0x00000000c0013948                DriverlessDevice::close(int, int, void*)
                0x00000000c001394c                DriverlessDevice::detect()
                0x00000000c001394e                DriverlessDevice::open(int, int, void*)
                0x00000000c0013962                Device::~Device()
                0x00000000c0013962                Device::~Device()
                0x00000000c0013970                Device::~Device()
                0x00000000c0013998                Device::findAndLoadDriver()
                0x00000000c001399a                Device::preOpenPCI(PCIDeviceInfo)
                0x00000000c00139c0                Device::preOpenACPI(void*, char*, char*)
                0x00000000c0013a14                Device::addIRQHandler(int, void (*)(regs*, void*), bool, void*)
                0x00000000c0013a52                Device::removeIRQHandler(int, void (*)(regs*, void*), bool)
                0x00000000c0013a90                Device::addChild(Device*)
                0x00000000c0013ad4                Device::removeAllChildren()
                0x00000000c0013b1a                Device::hibernateAll()
                0x00000000c0013b4a                Device::wakeAll()
                0x00000000c0013b7a                Device::detectAll()
                0x00000000c0013baa                Device::disableLegacyAll()
                0x00000000c0013bda                Device::loadDriversForAll()
                0x00000000c0013c06                Device::closeAll()
                0x00000000c0013c3c                Device::powerSavingAll(PowerSavingLevel)
                0x00000000c0013c72                Device::setName(char const*)
                0x00000000c0013c80                Device::Device(char const*)
                0x00000000c0013c80                Device::Device(char const*)
                0x00000000c0013d7c                Device::getName()
                0x00000000c0013d86                DriverlessDevice::DriverlessDevice(char const*)
                0x00000000c0013d86                DriverlessDevice::DriverlessDevice(char const*)
                0x00000000c0013dae                Device::addToLinkedList(LinkedList<Device>&, DeviceType)
                0x00000000c0013df2                getDevicesOfType(DeviceType)
 .text          0x00000000c0013e1c       0x84 hal/diskctrl.32
                0x00000000c0013e1c                HardDiskController::HardDiskController(char const*)
                0x00000000c0013e1c                HardDiskController::HardDiskController(char const*)
                0x00000000c0013e52                HardDiskController::~HardDiskController()
                0x00000000c0013e52                HardDiskController::~HardDiskController()
                0x00000000c0013e76                HardDiskController::~HardDiskController()
 .text          0x00000000c0013ea0       0xde hal/diskphys.32
                0x00000000c0013ea0                PhysicalDisk::PhysicalDisk(char const*, int)
                0x00000000c0013ea0                PhysicalDisk::PhysicalDisk(char const*, int)
                0x00000000c0013f08                PhysicalDisk::startCache()
                0x00000000c0013f30                PhysicalDisk::~PhysicalDisk()
                0x00000000c0013f30                PhysicalDisk::~PhysicalDisk()
                0x00000000c0013f54                PhysicalDisk::~PhysicalDisk()
 .text          0x00000000c0013f7e      0x13b hal/fpu.32
                0x00000000c0013f7e                FPU::FPU(char const*)
                0x00000000c0013f7e                FPU::FPU(char const*)
                0x00000000c0013fb4                FPU::~FPU()
                0x00000000c0013fb4                FPU::~FPU()
                0x00000000c0013fd8                FPU::~FPU()
                0x00000000c0014002                setupFPU()
 *fill*         0x00000000c00140b9        0x1 
 .text          0x00000000c00140ba     0x12b1 hal/intctrl.32
                0x00000000c00140ba                InterruptController::uninstallISRHandler(int, void (*)(regs*, void*))
                0x00000000c00140f2                InterruptController::installISRHandler(int, void (*)(regs*, void*), void*)
                0x00000000c0014144                doubleFault(regs*, void*)
                0x00000000c001415e                InterruptController::installIRQHandler(int, void (*)(regs*, void*), bool, void*)
                0x00000000c00141fa                InterruptController::clearAllHandlers(int, bool)
                0x00000000c00142a2                InterruptController::uninstallIRQHandler(int, void (*)(regs*, void*), bool)
                0x00000000c0014329                nmiHandler(regs*, void*)
                0x00000000c0014337                int_handler
                0x00000000c00143d8                InterruptController::InterruptController(char const*)
                0x00000000c00143d8                InterruptController::InterruptController(char const*)
                0x00000000c001447e                InterruptController::~InterruptController()
                0x00000000c001447e                InterruptController::~InterruptController()
                0x00000000c00144a2                InterruptController::~InterruptController()
                0x00000000c00144cc                displayDebugInfo(regs*)
                0x00000000c00148d1                x87EmulHandler(regs*, void*)
                0x00000000c0014900                gpFault(regs*, void*)
                0x00000000c0014939                pgFault(regs*, void*)
                0x00000000c0014950                otherISRHandler(regs*, void*)
                0x00000000c001496f                opcodeFault(regs*, void*)
                0x00000000c0014f2e                displayProgramFault(char const*)
                0x00000000c0014f56                setupInterruptController()
                0x00000000c001531e                InterruptController::convertLegacyIRQNumber(int)
 *fill*         0x00000000c001536b        0x1 
 .text          0x00000000c001536c      0x69a hal/keybrd.32
                0x00000000c001536c                startGUI(void*)
                0x00000000c00153c8                startGUIVESA(void*)
                0x00000000c0015424                sendKeyToTerminal(unsigned char)
                0x00000000c0015490                sendKeyboardToken(KeyboardToken)
                0x00000000c00158a0                clearInternalKeybuffer(VgaText*)
                0x00000000c00158d5                readKeyboard(VgaText*, char*, unsigned long)
                0x00000000c001597c                Keyboard::Keyboard(char const*)
                0x00000000c001597c                Keyboard::Keyboard(char const*)
                0x00000000c00159b8                Keyboard::~Keyboard()
                0x00000000c00159b8                Keyboard::~Keyboard()
                0x00000000c00159dc                Keyboard::~Keyboard()
 .text          0x00000000c0015a06      0x400 hal/logidisk.32
                0x00000000c0015a06                LogicalDisk::close(int, int, void*)
                0x00000000c0015a0a                LogicalDisk::~LogicalDisk()
                0x00000000c0015a0a                LogicalDisk::~LogicalDisk()
                0x00000000c0015a2e                LogicalDisk::~LogicalDisk()
                0x00000000c0015a58                LogicalDisk::open(int, int, void*)
                0x00000000c0015a6c                LogicalDisk::absoluteToRelative(unsigned long long)
                0x00000000c0015aa4                LogicalDisk::relativeToAbsolute(unsigned long long)
                0x00000000c0015aea                LogicalDisk::LogicalDisk(char const*, PhysicalDisk*, unsigned long long, unsigned long long)
                0x00000000c0015aea                LogicalDisk::LogicalDisk(char const*, PhysicalDisk*, unsigned long long, unsigned long long)
                0x00000000c0015ba0                LogicalDisk::assignDriveLetter()
                0x00000000c0015c56                LogicalDisk::mount()
                0x00000000c0015cc8                LogicalDisk::unmount()
                0x00000000c0015cd8                LogicalDisk::unassignDriveLetter()
                0x00000000c0015d2e                LogicalDisk::read(unsigned long long, int, void*)
                0x00000000c0015d9a                LogicalDisk::write(unsigned long long, int, void*)
 .text          0x00000000c0015e06       0x84 hal/mouse.32
                0x00000000c0015e06                Mouse::Mouse(char const*)
                0x00000000c0015e06                Mouse::Mouse(char const*)
                0x00000000c0015e3c                Mouse::~Mouse()
                0x00000000c0015e3c                Mouse::~Mouse()
                0x00000000c0015e60                Mouse::~Mouse()
 .text          0x00000000c0015e8a      0x339 hal/partition.32
                0x00000000c0015e8a                makePartition(PhysicalDisk*, unsigned long long, unsigned long long)
                0x00000000c0015f32                createPartitionsForDisk(PhysicalDisk*)
 *fill*         0x00000000c00161c3        0x1 
 .text          0x00000000c00161c4       0x84 hal/serial.32
                0x00000000c00161c4                Serial::Serial(char const*)
                0x00000000c00161c4                Serial::Serial(char const*)
                0x00000000c00161fa                Serial::~Serial()
                0x00000000c00161fa                Serial::~Serial()
                0x00000000c001621e                Serial::~Serial()
 .text          0x00000000c0016248      0x2b8 hal/timer.32
                0x00000000c0016248                Timer::Timer(char const*)
                0x00000000c0016248                Timer::Timer(char const*)
                0x00000000c001627e                Timer::~Timer()
                0x00000000c001627e                Timer::~Timer()
                0x00000000c00162a2                Timer::~Timer()
                0x00000000c00162cc                Timer::read()
                0x00000000c00162d7                timerHandler(unsigned long long)
                0x00000000c001640e                setupTimer(int)
 .text          0x00000000c0016500      0x2db hal/vcache.32
                0x00000000c0016500                VCache::VCache(PhysicalDisk*)
                0x00000000c0016500                VCache::VCache(PhysicalDisk*)
                0x00000000c00165fa                VCache::writeWriteBuffer()
                0x00000000c0016636                VCache::~VCache()
                0x00000000c0016636                VCache::~VCache()
                0x00000000c0016676                VCache::~VCache()
                0x00000000c001669e                VCache::write(unsigned long long, int, void*)
                0x00000000c0016782                VCache::read(unsigned long long, int, void*)
 *fill*         0x00000000c00167db        0x1 
 .text          0x00000000c00167dc      0x4cd hal/video.32
                0x00000000c00167dc                Video::putrect(int, int, int, int, unsigned int)
                0x00000000c0016828                Video::bitblit(int, int, int, int, int, int, int, unsigned int*)
                0x00000000c0016898                Video::blit(unsigned int*, int, int, int, int)
                0x00000000c0016916                Video::clearScreen(unsigned int)
                0x00000000c001694a                Video::putpixel(int, int, unsigned int)
                0x00000000c0016958                Video::Video(char const*)
                0x00000000c0016958                Video::Video(char const*)
                0x00000000c001698e                Video::~Video()
                0x00000000c001698e                Video::~Video()
                0x00000000c00169b2                Video::~Video()
                0x00000000c00169dc                Video::isMonochrome()
                0x00000000c00169e8                Video::getWidth()
                0x00000000c00169f4                Video::getHeight()
                0x00000000c0016a00                Video::drawCursor(int, int, unsigned char*, int)
                0x00000000c0016abc                Video::tgaParse(unsigned char*, int, int*, int*)
                0x00000000c0016c3e                Video::putTGA(int, int, unsigned char*, int)
 *fill*         0x00000000c0016ca9        0x1 
 .text          0x00000000c0016caa      0xe28 hw/acpi.32
                0x00000000c0016caa                ACPI::close(int, int, void*)
                0x00000000c0016d5f                findRSDP()
                0x00000000c0016de9                loadACPITables(unsigned char*)
                0x00000000c0017010                findRSDT(unsigned char*)
                0x00000000c001712e                findDataTable(unsigned char*, char*)
                0x00000000c00171ca                scanMADT()
                0x00000000c0017650                ACPI::ACPI()
                0x00000000c0017650                ACPI::ACPI()
                0x00000000c00176b0                ACPI::getPCIIRQAssignment(unsigned char, unsigned short, unsigned char)
                0x00000000c0017792                ACPI::registerPCIIRQAssignment(void*, unsigned short, unsigned char, unsigned char)
                0x00000000c0017898                ACPI::setScreenBrightnessLevel(void*, int)
                0x00000000c001789e                ACPI::writeSimpleBootFlag(SimpleBootFlagTable*)
                0x00000000c00178e6                ACPI::open(int, int, void*)
                0x00000000c0017aba                ACPI::sleep()
 .text          0x00000000c0017ad2     0x1715 hw/cpu.32
                0x00000000c0017ad2                CPU::close(int, int, void*)
                0x00000000c0017ad6                CPU::lookupAMDName(unsigned char, unsigned char)
                0x00000000c0017c6a                CPU::lookupIntelName(unsigned char, unsigned char)
                0x00000000c0017f18                CPU::AMD_K6_write_msr(unsigned int, unsigned int, unsigned int, CPU::REGS*)
                0x00000000c0017f34                CPU::AMD_K6_read_msr(unsigned int, CPU::REGS*)
                0x00000000c0017f4c                CPU::AMD_K6_writeback(int, int, int)
                0x00000000c0017fc0                CPU::cpuid(int, unsigned long*, unsigned long*, unsigned long*, unsigned long*)
                0x00000000c0018044                CPU::cpuidCheckEDX(unsigned int)
                0x00000000c0018072                CPU::cpuidCheckECX(unsigned int)
                0x00000000c00180a0                CPU::cpuidCheckExtendedEBX(unsigned int)
                0x00000000c00180ce                CPU::cpuidCheckExtendedECX(unsigned int)
                0x00000000c00180fc                CPU::CPU()
                0x00000000c00180fc                CPU::CPU()
                0x00000000c001818a                CPU::displayFeatures()
                0x00000000c0018406                CPU::detectFeatures()
                0x00000000c0018df6                CPU::setupSMEP()
                0x00000000c0018e02                CPU::setupUMIP()
                0x00000000c0018e0c                CPU::setupTSC()
                0x00000000c0018e16                CPU::setupLargePages()
                0x00000000c0018e20                CPU::setupPAT()
                0x00000000c0018e5c                CPU::setupMTRR()
                0x00000000c0018e5e                CPU::setupGlobalPages()
                0x00000000c0018e68                CPU::allowUsermodeDataAccess()
                0x00000000c0018e7a                CPU::prohibitUsermodeDataAccess()
                0x00000000c0018e8c                CPU::setupSMAP()
                0x00000000c0018e9a                CPU::setupFeatures()
                0x00000000c0018f1a                CPU::open(int, int, void*)
                0x00000000c0018fec                CPU::decodeAddress(regs*, int*, bool*, unsigned char*)
 .text          0x00000000c00191e7        0x0 hw/ports.32
 *fill*         0x00000000c00191e7        0x1 
 .text          0x00000000c00191e8      0x595 krnl/env.32
                0x00000000c00191e8                EnvVarContainer::getEnv(char const*)
                0x00000000c0019226                EnvVarContainer::setEnv(char const*, char const*)
                0x00000000c00192f2                EnvVarContainer::deleteEnv(char const*)
                0x00000000c00192f4                EnvVarContainer::loadFrom(char const*, char const*)
                0x00000000c00194ac                EnvVarContainer::__loadSystem()
                0x00000000c00194c6                EnvVarContainer::__loadUser()
                0x00000000c00194c8                EnvVarContainer::EnvVarContainer(Process*)
                0x00000000c00194c8                EnvVarContainer::EnvVarContainer(Process*)
                0x00000000c00194ea                EnvVarContainer::~EnvVarContainer()
                0x00000000c00194ea                EnvVarContainer::~EnvVarContainer()
                0x00000000c001951a                Krnl::getEnv(Process*, char const*)
                0x00000000c001957f                Krnl::setEnvSystem(char const*, char const*)
                0x00000000c0019599                Krnl::setEnvUser(char const*, char const*)
                0x00000000c00195b8                Krnl::setEnvProcess(Process*, char const*, char const*)
                0x00000000c00195cb                Krnl::deleteEnvSystem(char const*)
                0x00000000c00195cc                Krnl::deleteEnvUser(char const*)
                0x00000000c00195cd                Krnl::deleteEnvProcess(Process*, char const*)
                0x00000000c00195ce                Krnl::newProcessEnv(Process*)
                0x00000000c00195f0                Krnl::copyProcessEnv(Process*, Process*)
                0x00000000c0019644                Krnl::loadSystemEnv()
                0x00000000c0019672                Krnl::loadUserEnv()
                0x00000000c0019698                Krnl::flushEnv()
                0x00000000c0019699                Krnl::getProcessTotalEnvCount(Process*)
                0x00000000c00196b9                Krnl::getProcessEnvPair(Process*, int)
 .text          0x00000000c001977d      0x32c krnl/panic.32
                0x00000000c001977d                Krnl::panic(char const*)
 .text          0x00000000c0019aa9      0x3b6 net/ethernet.32
                0x00000000c0019aa9                switchEndian16(unsigned short)
                0x00000000c0019aca                switchEndian32(unsigned int)
                0x00000000c0019af9                crc32Calc(unsigned char*, int)
                0x00000000c0019b8a                wrapEthernetFrame(UnwrappedEthernetFrame, unsigned char*)
                0x00000000c0019cc6                unwrapEthernetFrame(unsigned char*, int)
 .text          0x00000000c0019e5f      0x513 reg/registry.32
                0x00000000c0019e5f                Reg::findLineFromLoadedData(char*, char*, char*)
                0x00000000c0019fb7                Reg::getLineFromRegistry(char*, char*, char*, char*)
                0x00000000c001a10c                Reg::getLine(char*, char*, char*)
                0x00000000c001a143                Reg::readInt(char*, char*, int*)
                0x00000000c001a22e                Reg::readString(char*, char*, char*, int)
                0x00000000c001a2af                Reg::readBool(char*, char*, bool*)
                0x00000000c001a2d4                Reg::readBoolWithDefault(char*, char*, bool)
                0x00000000c001a300                Reg::readIntWithDefault(char*, char*, int)
                0x00000000c001a32c                Reg::readStringWithDefault(char*, char*, char*, int, char*)
 .text          0x00000000c001a372       0x18 sys/sc_exit.32
                0x00000000c001a372                Sys::exit(regs*)
 .text          0x00000000c001a38a       0x1f sys/sc_getcwd.32
                0x00000000c001a38a                Sys::getCwd(regs*)
 .text          0x00000000c001a3a9        0xc sys/sc_getpid.32
                0x00000000c001a3a9                Sys::getPID(regs*)
 .text          0x00000000c001a3b5       0xa8 sys/sc_loaddll.32
                0x00000000c001a3b5                Sys::loadDLL(regs*)
 .text          0x00000000c001a45d       0x68 sys/sc_read.32
                0x00000000c001a45d                Sys::read(regs*)
 .text          0x00000000c001a4c5       0x55 sys/sc_sbrk.32
                0x00000000c001a4c5                Sys::sbrk(regs*)
 .text          0x00000000c001a51a       0x1c sys/sc_setcwd.32
                0x00000000c001a51a                Sys::setCwd(regs*)
 .text          0x00000000c001a536       0x68 sys/sc_write.32
                0x00000000c001a536                Sys::write(regs*)
 .text          0x00000000c001a59e       0x3b sys/sc_yield.32
                0x00000000c001a59e                Sys::yield(regs*)
 .text          0x00000000c001a5d9     0x100a sys/syscalls.32
                0x00000000c001a5d9                sysCallSeekDir(regs*)
                0x00000000c001a5de                sysCallTellDir(regs*)
                0x00000000c001a5e3                sysCallVerify(regs*)
                0x00000000c001a5ed                sysCallGetArgc(regs*)
                0x00000000c001a5fd                sysFormatDisk(regs*)
                0x00000000c001a667                sysSetDiskVolumeLabel(regs*)
                0x00000000c001a6ad                sysGetDiskVolumeLabel(regs*)
                0x00000000c001a6fe                sysShutdown(regs*)
                0x00000000c001a75c                sysCallRealpath(regs*)
                0x00000000c001a79f                sysCallReadDir(regs*)
                0x00000000c001a82d                sysCallIsATTY(regs*)
                0x00000000c001a887                sysCallSeek(regs*)
                0x00000000c001a8f0                sysCallTell(regs*)
                0x00000000c001a96d                sysCallSize(regs*)
                0x00000000c001a9f0                sysCallSizeFromFilename(regs*)
                0x00000000c001aab0                sysCallClose(regs*)
                0x00000000c001ab38                sysCallOpenDir(regs*)
                0x00000000c001abad                sysCallCloseDir(regs*)
                0x00000000c001ac13                sysCallMakeDir(regs*)
                0x00000000c001ac83                sysCallWait(regs*)
                0x00000000c001ac9d                sysCallNotImpl(regs*)
                0x00000000c001acb8                sysPanic(regs*)
                0x00000000c001acde                sysCallRmdir(regs*)
                0x00000000c001ad42                sysCallUnlink(regs*)
                0x00000000c001ada6                sysCallGetArgv(regs*)
                0x00000000c001adf2                sysCallTTYName(regs*)
                0x00000000c001ae75                sysCallUSleep(regs*)
                0x00000000c001ae9c                sysCallSpawn(regs*)
                0x00000000c001aef4                sysCallGetEnv(regs*)
                0x00000000c001afa1                sysAppSettings(regs*)
                0x00000000c001b0c0                sysSetFatAttrib(regs*)
                0x00000000c001b132                sysPipe(regs*)
                0x00000000c001b177                sysGetUnixTime(regs*)
                0x00000000c001b18b                string_ends_with(char const*, char const*)
                0x00000000c001b1d3                sysCallOpen(regs*)
                0x00000000c001b3e8                setupSystemCalls()
                0x00000000c001b5a1                systemCall(regs*, void*)
 .text          0x00000000c001b5e3     0x11ee thr/elf.32
                0x00000000c001b5e3                Thr::allocateMemoryForTask(Process*, File*, unsigned long, unsigned long, unsigned long)
                0x00000000c001b860                Thr::loadProgramIntoMemory(Process*, char const*)
                0x00000000c001ba76                Thr::runtimeReferenceHelper()
                0x00000000c001ba89                Thr::getAddressOfKernelSymbol(char const*)
                0x00000000c001bad8                Thr::loadKernelSymbolTable(char const*)
                0x00000000c001bd94                Thr::loadDriverIntoMemory(char const*, unsigned long, bool)
                0x00000000c001c515                Thr::getDriverBaseFromAddress(unsigned long)
                0x00000000c001c547                Thr::getDriverNameFromAddress(unsigned long)
                0x00000000c001c57e                Thr::getDriverOffsetFromAddress(unsigned long)
                0x00000000c001c598                Thr::loadDLL(char const*, bool)
                0x00000000c001c7a7                Thr::executeDLL(unsigned long, void*)
 *fill*         0x00000000c001c7d1        0x1 
 .text          0x00000000c001c7d2     0x1056 thr/prcssthr.32
                0x00000000c001c7d2                changeTSS
                0x00000000c001c802                Process::addArgs(char**)
                0x00000000c001c85c                Process::Process(char const*, Process*, char**)
                0x00000000c001c85c                Process::Process(char const*, Process*, char**)
                0x00000000c001ca40                Process::Process(bool, char const*, Process*, char**)
                0x00000000c001ca40                Process::Process(bool, char const*, Process*, char**)
                0x00000000c001cbef                disableIRQs()
                0x00000000c001cbf7                getIRQNestingLevel()
                0x00000000c001cbfd                enableIRQs()
                0x00000000c001cc0c                lockScheduler()
                0x00000000c001cc0e                unlockScheduler()
                0x00000000c001cc10                userModeEntryPoint(void*)
                0x00000000c001cc33                lockStuff()
                0x00000000c001cc3f                taskStartupFunction
                0x00000000c001cc48                updateTimeUsed()
                0x00000000c001ccad                switchToThread(ThreadControlBlock*)
                0x00000000c001ccfe                Semaphore::Semaphore(int)
                0x00000000c001ccfe                Semaphore::Semaphore(int)
                0x00000000c001cd2c                Mutex::Mutex()
                0x00000000c001cd2c                Mutex::Mutex()
                0x00000000c001cd3e                Process::createThread(void (*)(void*), void*, int)
                0x00000000c001ce22                Process::createUserThread()
                0x00000000c001ce3e                setupMultitasking(void (*)())
                0x00000000c001cf48                schedule()
                0x00000000c001cfcd                unlockStuff()
                0x00000000c001d002                Semaphore::tryAcquire()
                0x00000000c001d030                Semaphore::assertLocked(char const*)
                0x00000000c001d060                blockTaskWithSchedulerLockAlreadyHeld(TaskState)
                0x00000000c001d0a2                blockTask(TaskState)
                0x00000000c001d0c3                waitTask(int, int*, int)
                0x00000000c001d105                nanoSleepUntil(unsigned long long)
                0x00000000c001d15c                nanoSleep(unsigned long long)
                0x00000000c001d171                sleep(unsigned long long)
                0x00000000c001d18e                Semaphore::acquire()
                0x00000000c001d1f6                taskReturned
                0x00000000c001d224                unblockTask(ThreadControlBlock*)
                0x00000000c001d2d3                cleanupTerminatedTask(ThreadControlBlock*)
                0x00000000c001d59c                cleanerTaskFunction(void*)
                0x00000000c001d64f                terminateTask(int)
                0x00000000c001d72f                Thr::terminateFromIRQ(int)
                0x00000000c001d73c                Semaphore::release()
 .text          0x00000000c001d828      0xc26 vm86/vm8086.32
                0x00000000c001d828                Vm::inbv(unsigned short)
                0x00000000c001d83b                Vm::outbv(unsigned short, unsigned char)
                0x00000000c001d88e                Vm::realToLinear(unsigned short, unsigned short)
                0x00000000c001d89e                Vm::getSegment(unsigned int)
                0x00000000c001d8a6                Vm::getOffset(unsigned int)
                0x00000000c001d8ab                Vm::mainloop2()
                0x00000000c001d8e6                Vm::mainVm8086Loop(void*)
                0x00000000c001d8f3                Vm::mainloop3(unsigned long)
                0x00000000c001d91d                Vm::initialise8086()
                0x00000000c001d960                Vm::finish8086()
                0x00000000c001d9a5                Vm::getOutput8086(unsigned char*)
                0x00000000c001d9cf                Vm::start8086(char const*, unsigned short, unsigned short, unsigned short, unsigned short)
                0x00000000c001db1f                Vm::doISR(regs*, int, unsigned char*, unsigned short, unsigned short)
                0x00000000c001dba9                Vm::readByteFromReal(unsigned short, unsigned short)
                0x00000000c001dbba                Vm::readWordFromReal(unsigned short, unsigned short)
                0x00000000c001dbcc                Vm::readDwordFromReal(unsigned short, unsigned short)
                0x00000000c001dbdd                Vm::writeByteFromReal(unsigned short, unsigned short, unsigned char)
                0x00000000c001dbf2                Vm::writeWordFromReal(unsigned short, unsigned short, unsigned short)
                0x00000000c001dc08                Vm::writeDwordFromReal(unsigned short, unsigned short, unsigned int)
                0x00000000c001dc1d                Vm::faultHandler(regs*)
 .text          0x00000000c001e44e      0xefd vm86/x87em.32
                0x00000000c001e44e                Vm::fpuInternalTo32(unsigned long long)
                0x00000000c001e4a9                Vm::fpuInternalTo64(unsigned long long)
                0x00000000c001e4b2                Vm::fpu32ToInternal(unsigned int)
                0x00000000c001e4f7                Vm::fpu64ToInternal(unsigned long long)
                0x00000000c001e500                Vm::fpuFloatToLong(unsigned long long)
                0x00000000c001e55b                Vm::fpuULongToFloat(unsigned long long)
                0x00000000c001e591                Vm::fpuLongToFloat(long long)
                0x00000000c001e5e7                Vm::fpuGet0()
                0x00000000c001e5ec                Vm::fpuGet1()
                0x00000000c001e5f4                Vm::fpuGetPi()
                0x00000000c001e5fc                Vm::fpuGetLog2E()
                0x00000000c001e614                Vm::fpuGetLogE2()
                0x00000000c001e62c                Vm::fpuGetLog210()
                0x00000000c001e644                Vm::fpuGetLog102()
                0x00000000c001e65c                Vm::fpuIsSecondLarger(unsigned long long, unsigned long long)
                0x00000000c001e670                Vm::fpuAreEqual(unsigned long long, unsigned long long)
                0x00000000c001e686                Vm::fpuUnorderedCompare(unsigned long long, unsigned long long)
                0x00000000c001e6d9                Vm::fpuAdd(unsigned long long, unsigned long long)
                0x00000000c001e6ea                Vm::fpuAbs(unsigned long long)
                0x00000000c001e6f3                Vm::fpuChs(unsigned long long)
                0x00000000c001e703                Vm::fpuSub(unsigned long long, unsigned long long)
                0x00000000c001e712                Vm::fpuMultiply(unsigned long long, unsigned long long)
                0x00000000c001e731                Vm::fpuDivide(unsigned long long, unsigned long long)
                0x00000000c001e74d                Vm::fpuSquare(unsigned long long)
                0x00000000c001e763                Vm::fpuGetReg(int)
                0x00000000c001e7a6                Vm::fpuSetReg(int, unsigned long long)
                0x00000000c001e7f1                Vm::fpuPush(unsigned long long)
                0x00000000c001e84e                Vm::fpuPop()
                0x00000000c001e8a0                Vm::x87Handler(regs*)
 *fill*         0x00000000c001f34b        0x1 
 .text          0x00000000c001f34c     0x10ed fs/fat/vfslink.32
                0x00000000c001f34c                FAT::getName()
                0x00000000c001f352                FAT::tell(void*, unsigned long long*)
                0x00000000c001f386                FAT::stat(void*, unsigned long long*)
                0x00000000c001f3ba                FAT::~FAT()
                0x00000000c001f3ba                FAT::~FAT()
                0x00000000c001f3de                FAT::~FAT()
                0x00000000c001f406                FAT::getlabel(LogicalDisk*, int, char*, unsigned int*)
                0x00000000c001f4a4                FAT::setlabel(LogicalDisk*, int, char*)
                0x00000000c001f55e                FAT::format(LogicalDisk*, int, char const*, int)
                0x00000000c001f742                FAT::tryMount(LogicalDisk*, int)
                0x00000000c001f948                FAT::readDir(void*, unsigned long, void*, int*)
                0x00000000c001fa4e                FAT::read(void*, unsigned long, void*, int*)
                0x00000000c001faa8                FAT::write(void*, unsigned long, void*, int*)
                0x00000000c001fb02                FAT::close(void*)
                0x00000000c001fb4e                FAT::closeDir(void*)
                0x00000000c001fb9a                FAT::seek(void*, unsigned long long)
                0x00000000c001fbee                fatWrapperReadDisk
                0x00000000c001fc35                fatWrapperWriteDisk
                0x00000000c001fc7c                fatWrapperIoctl
                0x00000000c001fd80                FAT::FAT()
                0x00000000c001fd80                FAT::FAT()
                0x00000000c001fdd2                FAT::fixFilepath(char*)
                0x00000000c001fe0a                FAT::open(char const*, void**, FileOpenMode)
                0x00000000c001ff32                FAT::openDir(char const*, void**)
                0x00000000c001ffd8                FAT::stat(char const*, unsigned long long*, bool*)
                0x00000000c00200c2                FAT::unlink(char const*)
                0x00000000c002013c                FAT::chfatattr(char const*, unsigned char, unsigned char)
                0x00000000c0020290                FAT::rename(char const*, char const*)
                0x00000000c0020354                FAT::mkdir(char const*)
                0x00000000c00203ce                FAT::exists(char const*)
 *fill*         0x00000000c0020439        0x1 
 .text          0x00000000c002043a      0xbdf fs/iso9660/vfslink.32
                0x00000000c002043a                ISO9660::format(LogicalDisk*, int, char const*, int)
                0x00000000c0020440                ISO9660::seek(void*, unsigned long long)
                0x00000000c0020470                ISO9660::tell(void*, unsigned long long*)
                0x00000000c0020494                ISO9660::getName()
                0x00000000c002049a                ISO9660::stat(void*, unsigned long long*)
                0x00000000c00204be                ISO9660::chfatattr(char const*, unsigned char, unsigned char)
                0x00000000c00204c4                ISO9660::unlink(char const*)
                0x00000000c00204ca                ISO9660::write(void*, unsigned long, void*, int*)
                0x00000000c00204d0                ISO9660::rename(char const*, char const*)
                0x00000000c00204d6                ISO9660::mkdir(char const*)
                0x00000000c00204dc                ISO9660::close(void*)
                0x00000000c00204fe                ISO9660::closeDir(void*)
                0x00000000c0020520                ISO9660::~ISO9660()
                0x00000000c0020520                ISO9660::~ISO9660()
                0x00000000c0020544                ISO9660::~ISO9660()
                0x00000000c002056b                __memmem(unsigned char*, int, unsigned char*, int)
                0x00000000c00205ad                readSectorFromCDROM(unsigned int, unsigned char*, char)
                0x00000000c0020614                ISO9660::tryMount(LogicalDisk*, int)
                0x00000000c0020664                ISO9660::read(void*, unsigned long, void*, int*)
                0x00000000c00208a8                ISO9660::readDir(void*, unsigned long, void*, int*)
                0x00000000c0020b35                readRoot(unsigned int*, unsigned int*, char)
                0x00000000c0020b8a                readRecursively(char*, unsigned int, unsigned int, unsigned int*, unsigned int*, char, int*)
                0x00000000c0020d5d                getFileData(char*, unsigned int*, unsigned int*, char, int*)
                0x00000000c0020dec                ISO9660::open(char const*, void**, FileOpenMode)
                0x00000000c0020e86                ISO9660::exists(char const*)
                0x00000000c0020eaa                ISO9660::stat(char const*, unsigned long long*, bool*)
                0x00000000c0020f3e                ISO9660::openDir(char const*, void**)
                0x00000000c0020ff6                ISO9660::ISO9660()
                0x00000000c0020ff6                ISO9660::ISO9660()
 *fill*         0x00000000c0021019        0x1 
 .text          0x00000000c002101a      0x326 hal/sound/sndchannel.32
                0x00000000c002101a                SoundChannel::~SoundChannel()
                0x00000000c002101a                SoundChannel::~SoundChannel()
                0x00000000c0021036                SoundChannel::setSpeed(float)
                0x00000000c0021042                SoundChannel::getSpeed()
                0x00000000c002104a                SoundChannel::setVolume(int)
                0x00000000c0021066                SoundChannel::getVolume()
                0x00000000c002106e                SoundChannel::pause()
                0x00000000c0021078                SoundChannel::SoundChannel(int, int, int, int)
                0x00000000c0021078                SoundChannel::SoundChannel(int, int, int, int)
                0x00000000c00211ce                SoundChannel::play()
                0x00000000c00211d8                SoundChannel::paused()
                0x00000000c00211e0                SoundChannel::getSampleRate()
                0x00000000c00211e8                SoundChannel::getBits()
                0x00000000c00211f0                SoundChannel::getBufferUsed()
                0x00000000c00211f8                SoundChannel::getBufferSize()
                0x00000000c0021200                SoundChannel::unbuffer(float*, int, int)
                0x00000000c00212a0                SoundChannel::buffer8(unsigned char*, int)
 .text          0x00000000c0021340      0x3d5 hal/sound/sndhw.32
                0x00000000c0021340                SoundDevice::SoundDevice(char const*)
                0x00000000c0021340                SoundDevice::SoundDevice(char const*)
                0x00000000c00213ac                SoundDevice::~SoundDevice()
                0x00000000c00213ac                SoundDevice::~SoundDevice()
                0x00000000c0021426                SoundDevice::~SoundDevice()
                0x00000000c0021450                SoundDevice::getFreeChannelNum()
                0x00000000c002146a                SoundDevice::addChannel(SoundChannel*)
                0x00000000c00214da                SoundDevice::removeChannel(int)
                0x00000000c002150c                SoundDevice::floatTo8(float*, unsigned char*, int)
                0x00000000c00215f4                SoundDevice::getAudio(int, float*, float*)
 .text          0x00000000c0021715        0x0 hw/bus/isa.32
 *fill*         0x00000000c0021715        0x1 
 .text          0x00000000c0021716      0x6c3 hw/bus/pci.32
                0x00000000c0021716                PCI::open(int, int, void*)
                0x00000000c002172a                PCI::close(int, int, void*)
                0x00000000c002172e                PCI::PCI()
                0x00000000c002172e                PCI::PCI()
                0x00000000c00217ae                PCI::pciReadWord(unsigned char, unsigned char, unsigned char, unsigned char)
                0x00000000c00217f6                PCI::getVendorID(unsigned char, unsigned char, unsigned char)
                0x00000000c0021818                PCI::getHeaderType(unsigned char, unsigned char, unsigned char)
                0x00000000c002183c                PCI::getClassCode(unsigned char, unsigned char, unsigned char)
                0x00000000c0021880                PCI::getProgIF(unsigned char, unsigned char, unsigned char)
                0x00000000c00218a4                PCI::getRevisionID(unsigned char, unsigned char, unsigned char)
                0x00000000c00218c6                PCI::getInterruptNumber(unsigned char, unsigned char, unsigned char)
                0x00000000c00218e8                PCI::getSecondaryBus(unsigned char, unsigned char, unsigned char)
                0x00000000c002190c                PCI::getBARAddress(unsigned char, unsigned char, unsigned char, unsigned char)
                0x00000000c002196c                PCI::pciWriteWord(unsigned char, unsigned char, unsigned char, unsigned char, unsigned short)
                0x00000000c00219d8                PCI::checkBus(unsigned char)
                0x00000000c00219fc                PCI::foundDevice(PCIDeviceInfo)
                0x00000000c0021b6e                PCI::getDeviceData(unsigned char, unsigned char, unsigned char)
                0x00000000c0021d1a                PCI::checkDevice(unsigned char, unsigned char)
                0x00000000c0021d86                PCI::detect()
 *fill*         0x00000000c0021dd9        0x1 
 .text          0x00000000c0021dda      0xc70 hw/diskctrl/ide.32
                0x00000000c0021dda                IDE::close(int, int, void*)
                0x00000000c0021dde                IDE::IDE()
                0x00000000c0021dde                IDE::IDE()
                0x00000000c0021e12                IDE::prepareInterrupt(unsigned char)
                0x00000000c0021e24                selectDrive(unsigned char, unsigned char)
                0x00000000c0021e26                IDE::getBase(unsigned char)
                0x00000000c0021e38                IDE::write(unsigned char, unsigned char, unsigned char)
                0x00000000c0021ef8                IDE::read(unsigned char, unsigned char)
                0x00000000c0021fa6                IDE::waitInterrupt(unsigned char)
                0x00000000c002200c                ideChannel0IRQHandler(regs*, void*)
                0x00000000c0022028                ideChannel1IRQHandler(regs*, void*)
                0x00000000c0022044                IDE::enableIRQs(unsigned char, bool)
                0x00000000c002208a                IDE::open(int, int, void*)
                0x00000000c002249a                IDE::readBuffer(unsigned char, unsigned char, unsigned int, unsigned int)
                0x00000000c0022566                IDE::detect()
                0x00000000c002284e                IDE::printError(unsigned char, unsigned char, unsigned char)
                0x00000000c00229e4                IDE::polling(unsigned char, unsigned int)
 .text          0x00000000c0022a4a      0x37a hw/diskctrl/satabus.32
                0x00000000c0022a4a                SATABus::close(int, int, void*)
                0x00000000c0022a4e                SATABus::detect()
                0x00000000c0022a50                SATABus::SATABus()
                0x00000000c0022a50                SATABus::SATABus()
                0x00000000c0022afc                SATABus::findCmdslot(SATABus::tagHBA_PORT volatile*)
                0x00000000c0022b44                SATABus::checkType(SATABus::tagHBA_PORT volatile*)
                0x00000000c0022b8c                SATABus::startCmd(SATABus::tagHBA_PORT volatile*)
                0x00000000c0022bac                SATABus::stopCmd(SATABus::tagHBA_PORT volatile*)
                0x00000000c0022bd6                SATABus::portRebase(SATABus::tagHBA_PORT volatile*, int)
                0x00000000c0022cdc                SATABus::probePort(SATABus::tagHBA_MEM volatile*)
                0x00000000c0022da4                SATABus::open(int, int, void*)
 .text          0x00000000c0022dc4      0x62b hw/diskphys/ata.32
                0x00000000c0022dc4                ATA::close(int, int, void*)
                0x00000000c0022de8                ATA::powerSaving(PowerSavingLevel)
                0x00000000c0022dea                ATA::ATA()
                0x00000000c0022dea                ATA::ATA()
                0x00000000c0022e18                ATA::flush(bool)
                0x00000000c0022e62                ATA::readyForCommand()
                0x00000000c0022eb2                ATA::access(unsigned long long, int, void*, bool)
                0x00000000c0023230                ATA::read(unsigned long long, int, void*)
                0x00000000c0023298                ATA::write(unsigned long long, int, void*)
                0x00000000c0023300                ATA::detectCHS()
                0x00000000c002332a                ATA::open(int, int, void*)
 *fill*         0x00000000c00233ef        0x1 
 .text          0x00000000c00233f0      0x5b3 hw/diskphys/atapi.32
                0x00000000c00233f0                ATAPI::write(unsigned long long, int, void*)
                0x00000000c00233f6                ATAPI::close(int, int, void*)
                0x00000000c002341a                ATAPI::ATAPI()
                0x00000000c002341a                ATAPI::ATAPI()
                0x00000000c0023448                ATAPI::readyForCommand()
                0x00000000c0023498                ATAPI::sendPacket(unsigned char*, int, bool, unsigned short*, int)
                0x00000000c0023758                ATAPI::diskRemoved()
                0x00000000c0023774                ATAPI::eject()
                0x00000000c00237ba                ATAPI::diskInserted()
                0x00000000c00237e8                ATAPI::detectMedia()
                0x00000000c00238a4                ATAPI::open(int, int, void*)
                0x00000000c0023924                ATAPI::read(unsigned long long, int, void*)
 *fill*         0x00000000c00239a3        0x1 
 .text          0x00000000c00239a4      0x414 hw/diskphys/sata.32
                0x00000000c00239a4                SATA::close(int, int, void*)
                0x00000000c00239c8                SATA::powerSaving(PowerSavingLevel)
                0x00000000c00239ca                SATA::open(int, int, void*)
                0x00000000c0023a26                SATA::SATA()
                0x00000000c0023a26                SATA::SATA()
                0x00000000c0023a54                SATA::access(unsigned long long, int, void*, bool)
                0x00000000c0023ce8                SATA::read(unsigned long long, int, void*)
                0x00000000c0023d50                SATA::write(unsigned long long, int, void*)
 .text          0x00000000c0023db8       0x8e hw/fpu/avx.32
                0x00000000c0023db8                AVX::open(int, int, void*)
                0x00000000c0023dca                AVX::close(int, int, void*)
                0x00000000c0023ddc                AVX::available()
                0x00000000c0023dee                AVX::save(void*)
                0x00000000c0023e06                AVX::load(void*)
                0x00000000c0023e1e                AVX::AVX()
                0x00000000c0023e1e                AVX::AVX()
 .text          0x00000000c0023e46       0x90 hw/fpu/mmx.32
                0x00000000c0023e46                MMX::available()
                0x00000000c0023e5a                MMX::open(int, int, void*)
                0x00000000c0023e6c                MMX::close(int, int, void*)
                0x00000000c0023e7e                MMX::save(void*)
                0x00000000c0023e96                MMX::load(void*)
                0x00000000c0023eae                MMX::MMX()
                0x00000000c0023eae                MMX::MMX()
 .text          0x00000000c0023ed6       0x96 hw/fpu/sse.32
                0x00000000c0023ed6                SSE::open(int, int, void*)
                0x00000000c0023ee8                SSE::close(int, int, void*)
                0x00000000c0023efa                SSE::available()
                0x00000000c0023f14                SSE::save(void*)
                0x00000000c0023f2c                SSE::load(void*)
                0x00000000c0023f44                SSE::SSE()
                0x00000000c0023f44                SSE::SSE()
 .text          0x00000000c0023f6c       0x8e hw/fpu/x87.32
                0x00000000c0023f6c                x87::open(int, int, void*)
                0x00000000c0023f7e                x87::close(int, int, void*)
                0x00000000c0023f90                x87::available()
                0x00000000c0023fa2                x87::save(void*)
                0x00000000c0023fba                x87::load(void*)
                0x00000000c0023fd2                x87::x87()
                0x00000000c0023fd2                x87::x87()
 .text          0x00000000c0023ffa      0x71e hw/intctrl/apic.32
                0x00000000c0023ffa                APIC::disable()
                0x00000000c0023ffc                APIC::close(int, int, void*)
                0x00000000c002401e                IOAPIC::close(int, int, void*)
                0x00000000c0024024                APIC::io_wait()
                0x00000000c002402a                APIC::getBase()
                0x00000000c002406c                APIC::eoi(unsigned char)
                0x00000000c002409a                APIC::open(int, int, void*)
                0x00000000c00241e8                IOAPIC::IOAPIC()
                0x00000000c00241e8                IOAPIC::IOAPIC()
                0x00000000c0024210                APIC::APIC()
                0x00000000c0024210                APIC::APIC()
                0x00000000c00242ec                IOAPIC::handlesGSIWithNumber(unsigned int)
                0x00000000c002431e                IOAPIC::read(int)
                0x00000000c0024346                IOAPIC::open(int, int, void*)
                0x00000000c002443c                IOAPIC::write(int, int)
                0x00000000c0024468                IOAPIC::redirect(unsigned char, unsigned long long, unsigned char, bool, bool)
                0x00000000c0024562                APIC::installIRQHandler(int, void (*)(regs*, void*), bool, void*)
 .text          0x00000000c0024718      0x3d3 hw/intctrl/pic.32
                0x00000000c0024718                PIC::disable()
                0x00000000c0024746                PIC::close(int, int, void*)
                0x00000000c0024768                PIC::PIC()
                0x00000000c0024768                PIC::PIC()
                0x00000000c002483e                PIC::ioWait()
                0x00000000c0024844                PIC::getIRQReg(int)
                0x00000000c00248ae                PIC::eoi(unsigned char)
                0x00000000c0024940                PIC::remap()
                0x00000000c0024aac                PIC::open(int, int, void*)
 *fill*         0x00000000c0024aeb        0x1 
 .text          0x00000000c0024aec      0x25e hw/timer/apictimer.32
                0x00000000c0024aec                APICTimer::close(int, int, void*)
                0x00000000c0024af2                apicTimerHandler(regs*, void*)
                0x00000000c0024b20                APICTimer::write(int)
                0x00000000c0024c24                APICTimer::open(int, int, void*)
                0x00000000c0024d22                APICTimer::APICTimer()
                0x00000000c0024d22                APICTimer::APICTimer()
 .text          0x00000000c0024d4a      0x1a7 hw/timer/pit.32
                0x00000000c0024d4a                PIT::write(int)
                0x00000000c0024dc8                pitHandler(regs*, void*)
                0x00000000c0024df4                PIT::open(int, int, void*)
                0x00000000c0024e42                PIT::close(int, int, void*)
                0x00000000c0024e72                PIT::PIT()
                0x00000000c0024e72                PIT::PIT()
 *fill*         0x00000000c0024ef1        0xf 
 .text          0x00000000c0024f00       0x1e hw/fpu/x86/avx.32
                0x00000000c0024f00                avxDetect
                0x00000000c0024f06                avxSave
                0x00000000c0024f07                avxLoad
                0x00000000c0024f08                avxInit
                0x00000000c0024f09                avxClose
                0x00000000c0024f0a                wouldSheSayYes
 *fill*         0x00000000c0024f1e        0x2 
 .text          0x00000000c0024f20       0x35 hw/fpu/x86/sse.32
                0x00000000c0024f20                absolutelyNoChanceInHell
                0x00000000c0024f20                sseDetect
                0x00000000c0024f38                sseSave
                0x00000000c0024f3e                sseLoad
                0x00000000c0024f44                sseInit
                0x00000000c0024f54                sseClose
 *fill*         0x00000000c0024f55        0xb 
 .text          0x00000000c0024f60       0x47 hw/fpu/x86/x87.32
                0x00000000c0024f66                x87Detect
                0x00000000c0024f81                x87Save
                0x00000000c0024f87                x87Load
                0x00000000c0024f8c                x87Init
                0x00000000c0024fa6                x87Close
 *fill*         0x00000000c0024fa7        0x1 
 .text          0x00000000c0024fa8       0x25 /cygdrive/d/Users/Alex/Desktop/Toolchain/Output/bin/../lib/gcc/i386-banana/8.1.0/crtend.o
 .text          0x00000000c0024fcd        0x0 crtn.32
 *fill*         0x00000000c0024fcd        0x3 
 .text          0x00000000c0024fd0      0x14b /cygdrive/d/Users/Alex/Desktop/Toolchain/Output/bin/../lib/gcc/i386-banana/8.1.0/libkgcc.a(_divdi3.o)
                0x00000000c0024fd0                __divdi3
 *fill*         0x00000000c002511b        0x1 
 .text          0x00000000c002511c      0x17e /cygdrive/d/Users/Alex/Desktop/Toolchain/Output/bin/../lib/gcc/i386-banana/8.1.0/libkgcc.a(_moddi3.o)
                0x00000000c002511c                __moddi3
 *fill*         0x00000000c002529a        0x2 
 .text          0x00000000c002529c       0xff /cygdrive/d/Users/Alex/Desktop/Toolchain/Output/bin/../lib/gcc/i386-banana/8.1.0/libkgcc.a(_udivdi3.o)
                0x00000000c002529c                __udivdi3
 *fill*         0x00000000c002539b        0x1 
 .text          0x00000000c002539c      0x11a /cygdrive/d/Users/Alex/Desktop/Toolchain/Output/bin/../lib/gcc/i386-banana/8.1.0/libkgcc.a(_umoddi3.o)
                0x00000000c002539c                __umoddi3
 .text          0x00000000c00254b6      0x96d D:/Users/Alex/Desktop/Banana/kernel/libsoftfp.a(sfieeelib.o)
                0x00000000c00254b6                __addsf3
                0x00000000c00257b8                __subsf3
                0x00000000c00257cc                __negsf2
                0x00000000c00257d9                __mulsf3
                0x00000000c002599c                __divsf3
                0x00000000c0025bc7                __floatsisf
                0x00000000c0025c3b                __floatunsisf
                0x00000000c0025c7d                __fixsfsi
                0x00000000c0025cdf                __fixunssfsi
                0x00000000c0025d10                __cmpsf2
                0x00000000c0025da5                __eqsf2
                0x00000000c0025de0                __nesf2
                0x00000000c0025de2                __gtsf2
                0x00000000c0025e1d                __gesf2
                0x00000000c0025e1f                __ltsf2
                0x00000000c0025e21                __lesf2
 .text          0x00000000c0025e23      0xf50 D:/Users/Alex/Desktop/Banana/kernel/libsoftfp.a(dfieeelib.o)
                0x00000000c0025e23                __adddf3
                0x00000000c0026474                __subdf3
                0x00000000c002648f                __negdf2
                0x00000000c00264a0                __muldf3
                0x00000000c0026784                __divdf3
                0x00000000c0026b03                __floatsidf
                0x00000000c0026b5e                __floatunsidf
                0x00000000c0026b9c                __fixdfsi
                0x00000000c0026c09                __fixunsdfsi
                0x00000000c0026c45                __cmpdf2
                0x00000000c0026d33                __eqdf2
                0x00000000c0026d4f                __nedf2
                0x00000000c0026d51                __gtdf2
                0x00000000c0026d6d                __gedf2
                0x00000000c0026d6f                __ltdf2
                0x00000000c0026d71                __ledf2
 .text          0x00000000c0026d73      0x18d D:/Users/Alex/Desktop/Banana/kernel/libsoftfp.a(sfdfcvt.o)
                0x00000000c0026d73                __truncdfsf2
                0x00000000c0026e97                __extendsfdf2
 .text          0x00000000c0026f00       0x1e D:/Users/Alex/Desktop/Banana/kernel/libk/libm32.a(s_fabs.c.o)
                0x00000000c0026f00                fabs
 *fill*         0x00000000c0026f1e        0x2 
 .text          0x00000000c0026f20        0xc D:/Users/Alex/Desktop/Banana/kernel/libk/libm32.a(s_lrint.S.o)
                0x00000000c0026f20                lrint
 .text          0x00000000c0026f2c        0xc D:/Users/Alex/Desktop/Banana/kernel/libk/libm32.a(s_lrintf.S.o)
                0x00000000c0026f2c                lrintf
 *(.gnu.linkonce.t*)

.iplt           0x00000000c0026f38        0x0
 .iplt          0x00000000c0026f38        0x0 D:/Users/Alex/Desktop/Banana/kernel/boot.32

.init           0x00000000c0026f38        0xf
 .init          0x00000000c0026f38        0x3 crti.32
                0x00000000c0026f38                _init
 .init          0x00000000c0026f3b        0x5 /cygdrive/d/Users/Alex/Desktop/Toolchain/Output/bin/../lib/gcc/i386-banana/8.1.0/crtbegin.o
 .init          0x00000000c0026f40        0x5 /cygdrive/d/Users/Alex/Desktop/Toolchain/Output/bin/../lib/gcc/i386-banana/8.1.0/crtend.o
 .init          0x00000000c0026f45        0x2 crtn.32

.fini           0x00000000c0026f47        0xa
 .fini          0x00000000c0026f47        0x3 crti.32
                0x00000000c0026f47                _fini
 .fini          0x00000000c0026f4a        0x5 /cygdrive/d/Users/Alex/Desktop/Toolchain/Output/bin/../lib/gcc/i386-banana/8.1.0/crtbegin.o