Archive member included to satisfy reference by file (symbol)

/cygdrive/d/Users/Alex/Desktop/Toolchain/Output/bin/../lib/gcc/i386-banana/8.1.0/libgcc.a(_divdi3.o)
                              fs/fat/ff.32 (__divdi3)
/cygdrive/d/Users/Alex/Desktop/Toolchain/Output/bin/../lib/gcc/i386-banana/8.1.0/libgcc.a(_moddi3.o)
                              acpica/osl.32 (__moddi3)
/cygdrive/d/Users/Alex/Desktop/Toolchain/Output/bin/../lib/gcc/i386-banana/8.1.0/libgcc.a(_udivdi3.o)
                              acpica/utmath.32 (__udivdi3)
/cygdrive/d/Users/Alex/Desktop/Toolchain/Output/bin/../lib/gcc/i386-banana/8.1.0/libgcc.a(_umoddi3.o)
                              acpica/utmath.32 (__umoddi3)
D:/Users/Alex/Desktop/Banana/kernel/libk/libm32.a(s_fabs.c.o)
                              hal/libresample/samplerate.32 (fabs)
D:/Users/Alex/Desktop/Banana/kernel/libk/libm32.a(s_lrint.S.o)
                              hal/libresample/samplerate.32 (lrint)
D:/Users/Alex/Desktop/Banana/kernel/libk/libm32.a(s_lrintf.S.o)
                              hal/sound/sndhw.32 (lrintf)

Allocating common symbols
Common symbol       size              file

AcpiGbl_StateCache  0x4               acpica/utglobal.32
AcpiGbl_OwnerIdMask
                    0x200             acpica/utglobal.32
AcpiGbl_StepToNextCall
                    0x1               acpica/utglobal.32
AcpiGbl_RootTableList
                    0x10              acpica/utglobal.32
AcpiGbl_FadtGpeDevice
                    0x4               acpica/utglobal.32
AcpiGbl_GpeXruptListHead
                    0x4               acpica/utglobal.32
AcpiGbl_GlobalLockHandle
                    0x2               acpica/utglobal.32
AcpiGbl_RootNodeStruct
                    0x1c              acpica/utglobal.32
AcpiGbl_FACS        0x4               acpica/utglobal.32
AcpiGbl_AllGpesInitialized
                    0x1               acpica/utglobal.32
AcpiGbl_GlobalLockMutex
                    0x4               acpica/utglobal.32
AcpiGbl_IntegerByteWidth
                    0x1               acpica/utglobal.32
AcpiGbl_Pm1EnableRegisterSave
                    0x2               acpica/utglobal.32
AcpiGbl_NsLookupCount
                    0x4               acpica/utglobal.32
AcpiCurrentGpeCount
                    0x4               acpica/utglobal.32
AcpiGbl_IntegerBitWidth
                    0x1               acpica/utglobal.32
AcpiGbl_NamespaceCache
                    0x4               acpica/utglobal.32
AcpiGbl_TableHandler
                    0x4               acpica/utglobal.32
AcpiGbl_HardwareLock
                    0x4               acpica/utglobal.32
AcpiGbl_FixedEventHandlers
                    0x28              acpica/utglobal.32
AcpiSciCount        0x4               acpica/utglobal.32
AcpiGbl_DSDT        0x4               acpica/utglobal.32
AcpiGbl_GlobalNotify
                    0x10              acpica/utglobal.32
AcpiGbl_GlobalLockSemaphore
                    0x4               acpica/utglobal.32
AcpiGbl_SystemAwakeAndRunning
                    0x1               acpica/utglobal.32
AcpiGbl_InterfaceHandler
                    0x4               acpica/utglobal.32
AcpiGbl_EventsInitialized
                    0x1               acpica/utglobal.32
AcpiGbl_SupportedInterfaces
                    0x4               acpica/utglobal.32
AcpiGbl_GpeLock     0x4               acpica/utglobal.32
AcpiGbl_SleepTypeB  0x1               acpica/utglobal.32
AcpiGbl_InitHandler
                    0x4               acpica/utglobal.32
AcpiGbl_GlobalLockAcquired
                    0x1               acpica/utglobal.32
AcpiGbl_XPm1bEnable
                    0xc               acpica/utglobal.32
AcpiGbl_OriginalDsdtHeader
                    0x24              acpica/utglobal.32
AcpiGbl_ReferenceCountLock
                    0x4               acpica/utglobal.32
AcpiGpeCount        0x4               acpica/utglobal.32
AcpiGbl_TableHandlerContext
                    0x4               acpica/utglobal.32
AcpiGbl_XPm1aStatus
                    0xc               acpica/utglobal.32
AcpiGbl_OriginalMode
                    0x4               acpica/utglobal.32
AcpiGbl_CmSingleStep
                    0x1               acpica/utglobal.32
AcpiGbl_GlobalEventHandlerContext
                    0x4               acpica/utglobal.32
AcpiGbl_PsFindCount
                    0x4               acpica/utglobal.32
AcpiFixedEventCount
                    0x14              acpica/utglobal.32
AcpiGbl_AcpiHardwarePresent
                    0x1               acpica/utglobal.32
AcpiGbl_MutexInfo   0x60              acpica/utglobal.32
AcpiGbl_RootNode    0x4               acpica/utglobal.32
AcpiGbl_AddressRangeList
                    0x8               acpica/utglobal.32
AcpiGbl_FADT        0x114             acpica/utglobal.32
AcpiGbl_IntegerNybbleWidth
                    0x1               acpica/utglobal.32
AcpiGbl_XPm1aEnable
                    0xc               acpica/utglobal.32
AcpiGbl_OperandCache
[...]
Memory Configuration

Name             Origin             Length             Attributes
*default*        0x0000000000000000 0xffffffffffffffff

Linker script and memory map

LOAD D:/Users/Alex/Desktop/Banana/kernel/boot.32
LOAD crti.32
LOAD /cygdrive/d/Users/Alex/Desktop/Toolchain/Output/bin/../lib/gcc/i386-banana/8.1.0/crtbegin.o
LOAD D:/Users/Alex/Desktop/Banana/kernel/morenasm.32
LOAD acpica/dsargs.32
LOAD acpica/dscontrol.32
LOAD acpica/dsdebug.32
LOAD acpica/dsfield.32
LOAD acpica/dsinit.32
LOAD acpica/dsmethod.32
LOAD acpica/dsmthdat.32
LOAD acpica/dsobject.32
LOAD acpica/dsopcode.32
LOAD acpica/dspkginit.32
LOAD acpica/dsutils.32
LOAD acpica/dswexec.32
LOAD acpica/dswload.32
LOAD acpica/dswload2.32
LOAD acpica/dswscope.32
LOAD acpica/dswstate.32
LOAD acpica/evevent.32
LOAD acpica/evglock.32
LOAD acpica/evgpe.32
LOAD acpica/evgpeblk.32
LOAD acpica/evgpeinit.32
LOAD acpica/evgpeutil.32
LOAD acpica/evhandler.32
LOAD acpica/evmisc.32
LOAD acpica/evregion.32
LOAD acpica/evrgnini.32
LOAD acpica/evsci.32
LOAD acpica/evxface.32
LOAD acpica/evxfevnt.32
LOAD acpica/evxfgpe.32
LOAD acpica/evxfregn.32
LOAD acpica/exconcat.32
LOAD acpica/exconfig.32
LOAD acpica/exconvrt.32
LOAD acpica/excreate.32
LOAD acpica/exdebug.32
LOAD acpica/exdump.32
LOAD acpica/exfield.32
LOAD acpica/exfldio.32
LOAD acpica/exmisc.32
LOAD acpica/exmutex.32
LOAD acpica/exnames.32
LOAD acpica/exoparg1.32
LOAD acpica/exoparg2.32
LOAD acpica/exoparg3.32
LOAD acpica/exoparg6.32
LOAD acpica/exprep.32
LOAD acpica/exregion.32
LOAD acpica/exresnte.32
LOAD acpica/exresolv.32
LOAD acpica/exresop.32
LOAD acpica/exserial.32
LOAD acpica/exstore.32
LOAD acpica/exstoren.32
LOAD acpica/exstorob.32
LOAD acpica/exsystem.32
LOAD acpica/extrace.32
LOAD acpica/exutils.32
LOAD acpica/hwacpi.32
LOAD acpica/hwesleep.32
LOAD acpica/hwgpe.32
LOAD acpica/hwpci.32
LOAD acpica/hwregs.32
LOAD acpica/hwsleep.32
LOAD acpica/hwtimer.32
LOAD acpica/hwvalid.32
LOAD acpica/hwxface.32
LOAD acpica/hwxfsleep.32
LOAD acpica/nsaccess.32
LOAD acpica/nsalloc.32
LOAD acpica/nsarguments.32
LOAD acpica/nsconvert.32
LOAD acpica/nsdump.32
LOAD acpica/nsdumpdv.32
LOAD acpica/nseval.32
LOAD acpica/nsinit.32
LOAD acpica/nsload.32
LOAD acpica/nsnames.32
LOAD acpica/nsobject.32
LOAD acpica/nsparse.32
LOAD acpica/nspredef.32
LOAD acpica/nsprepkg.32
LOAD acpica/nsrepair.32
LOAD acpica/nsrepair2.32
LOAD acpica/nssearch.32
LOAD acpica/nsutils.32
LOAD acpica/nswalk.32
LOAD acpica/nsxfeval.32
LOAD acpica/nsxfname.32
LOAD acpica/nsxfobj.32
LOAD acpica/psargs.32
LOAD acpica/psloop.32
LOAD acpica/psobject.32
LOAD acpica/psopcode.32
LOAD acpica/psopinfo.32
LOAD acpica/psparse.32
LOAD acpica/psscope.32
LOAD acpica/pstree.32
LOAD acpica/psutils.32
LOAD acpica/pswalk.32
LOAD acpica/psxface.32
LOAD acpica/rsaddr.32
LOAD acpica/rscalc.32
LOAD acpica/rscreate.32
LOAD acpica/rsdump.32
LOAD acpica/rsdumpinfo.32
LOAD acpica/rsinfo.32
LOAD acpica/rsio.32
LOAD acpica/rsirq.32
LOAD acpica/rslist.32
LOAD acpica/rsmemory.32
LOAD acpica/rsmisc.32
LOAD acpica/rsserial.32
LOAD acpica/rsutils.32
LOAD acpica/rsxface.32
LOAD acpica/tbdata.32
LOAD acpica/tbfadt.32
LOAD acpica/tbfind.32
LOAD acpica/tbinstal.32
LOAD acpica/tbprint.32
LOAD acpica/tbutils.32
LOAD acpica/tbxface.32
LOAD acpica/tbxfload.32
LOAD acpica/tbxfroot.32
LOAD acpica/utaddress.32
LOAD acpica/utalloc.32
LOAD acpica/utascii.32
LOAD acpica/utbuffer.32
LOAD acpica/utcache.32
LOAD acpica/utclib.32
LOAD acpica/utcopy.32
LOAD acpica/utdebug.32
LOAD acpica/utdecode.32
LOAD acpica/utdelete.32
LOAD acpica/uterror.32
LOAD acpica/uteval.32
LOAD acpica/utexcep.32
LOAD acpica/utglobal.32
LOAD acpica/uthex.32
LOAD acpica/utids.32
LOAD acpica/utinit.32
LOAD acpica/utlock.32
LOAD acpica/utmath.32
LOAD acpica/utmisc.32
LOAD acpica/utmutex.32
LOAD acpica/utnonansi.32
LOAD acpica/utobject.32
LOAD acpica/utosi.32
LOAD acpica/utownerid.32
LOAD acpica/utpredef.32
LOAD acpica/utprint.32
LOAD acpica/utresdecode.32
LOAD acpica/utresrc.32
LOAD acpica/utstate.32
LOAD acpica/utstring.32
LOAD acpica/utstrsuppt.32
LOAD acpica/utstrtoul64.32
LOAD acpica/uttrack.32
LOAD acpica/utuuid.32
LOAD acpica/utxface.32
LOAD acpica/utxferror.32
LOAD acpica/utxfinit.32
LOAD acpica/utxfmutex.32
LOAD core/malloc.32
LOAD libk/string.32
LOAD fs/fat/diskio.32
LOAD fs/fat/ff.32
LOAD fs/fat/ffsystem.32
LOAD fs/fat/ffunicode.32
LOAD hal/libresample/samplerate.32
LOAD hal/libresample/src_linear.32
LOAD hal/libresample/src_sinc.32
LOAD hal/libresample/src_zoh.32
LOAD acpica/osl.32
LOAD core/computer.32
LOAD core/elf.32
LOAD core/gdt.32
LOAD core/idle.32
LOAD core/idt.32
LOAD core/kconsole.32
LOAD core/kheap.32
LOAD core/main.32
LOAD core/physmgr.32
LOAD core/pipe.32
LOAD core/prcssthr.32
LOAD core/syscalls.32
LOAD core/terminal.32
LOAD core/tss.32
LOAD core/unixfile.32
LOAD core/virtmgr.32
LOAD coreobjs/c++.32
LOAD debugger/debug.32
LOAD fs/vfs.32
LOAD hal/bus.32
LOAD hal/buzzer.32
LOAD hal/clock.32
LOAD hal/device.32
LOAD hal/diskctrl.32
LOAD hal/diskphys.32
LOAD hal/fpu.32
LOAD hal/intctrl.32
LOAD hal/keybrd.32
LOAD hal/logidisk.32
LOAD hal/partition.32
LOAD hal/timer.32
LOAD hal/vcache.32
LOAD hw/acpi.32
LOAD hw/cpu.32
LOAD hw/ports.32
LOAD registry/registry.32
LOAD syscalls/sc_exit.32
LOAD syscalls/sc_sbrk.32
LOAD syscalls/sc_yield.32
LOAD vm86/vm8086.32
LOAD fs/fat/vfslink.32
LOAD fs/iso9660/vfslink.32
LOAD hal/sound/sndchannel.32
LOAD hal/sound/sndhw.32
LOAD hw/audio/sb16.32
LOAD hw/bus/isa.32
LOAD hw/bus/pci.32
LOAD hw/bus/ps2.32
LOAD hw/bus/ps2port.32
LOAD hw/buzzer/pcspk.32
LOAD hw/clock/rtc.32
LOAD hw/diskctrl/ide.32
LOAD hw/diskphys/ata.32
LOAD hw/diskphys/atapi.32
LOAD hw/dma/isadma.32
LOAD hw/fpu/avx.32
LOAD hw/fpu/mmx.32
LOAD hw/fpu/sse.32
LOAD hw/fpu/x87.32
LOAD hw/intctrl/apic.32
LOAD hw/intctrl/pic.32
LOAD hw/keybrd/ps2key.32
LOAD hw/timer/apictimer.32
LOAD hw/timer/pit.32
LOAD hw/fpu/x86/avx.32
LOAD hw/fpu/x86/sse.32
LOAD hw/fpu/x86/x87.32
LOAD /cygdrive/d/Users/Alex/Desktop/Toolchain/Output/bin/../lib/gcc/i386-banana/8.1.0/crtend.o
LOAD crtn.32
LOAD /cygdrive/d/Users/Alex/Desktop/Toolchain/Output/bin/../lib/gcc/i386-banana/8.1.0/libgcc.a
LOAD D:/Users/Alex/Desktop/Banana/kernel/libk/libm32.a
                0x00000000c0000000                . = 0xc0000000

.text           0x00000000c0000000    0x4cac8
 *(.text)
 .text          0x00000000c0000000       0x39 D:/Users/Alex/Desktop/Banana/kernel/boot.32
                0x00000000c000001e                callGlobalConstructors
 .text          0x00000000c0000039        0x0 crti.32
 *fill*         0x00000000c0000039        0x3 
 .text          0x00000000c000003c      0x101 /cygdrive/d/Users/Alex/Desktop/Toolchain/Output/bin/../lib/gcc/i386-banana/8.1.0/crtbegin.o
 *fill*         0x00000000c000013d        0x3 
 .text          0x00000000c0000140      0x54f D:/Users/Alex/Desktop/Banana/kernel/morenasm.32
                0x00000000c0000140                doTPAUSE
                0x00000000c000014a                hasLegacyFPU
                0x00000000c000017c                is486
                0x00000000c00001e4                goToVM86
                0x00000000c0000215                goToUsermode
                0x00000000c0000240                switchToThreadASMFirstTime
                0x00000000c000024e                switchToThreadASM
                0x00000000c00002f0                detectCPUID
                0x00000000c0000306                asmQuickAcquireLock
                0x00000000c0000324                asmQuickReleaseLock
                0x00000000c0000330                asmAcquireLock
                0x00000000c0000351                asmReleaseLock
                0x00000000c0000364                loadGDT
                0x00000000c0000384                isr0
                0x00000000c0000394                isr1
                0x00000000c00003a4                isr2
                0x00000000c00003b4                isr3
                0x00000000c00003c4                isr4
                0x00000000c00003d4                isr5
                0x00000000c00003e4                isr6
                0x00000000c00003f4                isr7
                0x00000000c0000404                isr8
                0x00000000c000040f                isr9
                0x00000000c000041f                isr10
                0x00000000c000042a                isr11
                0x00000000c0000435                isr12
                0x00000000c0000440                isr13
                0x00000000c000044b                isr14
                0x00000000c0000456                isr15
                0x00000000c0000466                isr16
                0x00000000c0000476                isr17
                0x00000000c0000486                isr18
                0x00000000c0000496                isr96
                0x00000000c00004a6                irq0
                0x00000000c00004b6                irq1
                0x00000000c00004c6                irq2
                0x00000000c00004d6                irq3
                0x00000000c00004e6                irq4
                0x00000000c00004f6                irq5
                0x00000000c0000506                irq6
                0x00000000c0000516                irq7
                0x00000000c0000526                irq8
                0x00000000c0000536                irq9
                0x00000000c0000546                irq10
                0x00000000c0000556                irq11
                0x00000000c0000566                irq12
                0x00000000c0000576                irq13
                0x00000000c0000586                irq14
                0x00000000c0000596                irq15
                0x00000000c00005a6                irq16
                0x00000000c00005b6                irq17
                0x00000000c00005c6                irq18
                0x00000000c00005d6                irq19
                0x00000000c00005e6                irq20
                0x00000000c00005f6                irq21
                0x00000000c0000606                irq22
                0x00000000c0000616                irq23
                0x00000000c0000626                int_common_stub
                0x00000000c0000656                syscall_common_stub
 .text          0x00000000c000068f      0x2e0 acpica/dsargs.32
                0x00000000c00007eb                AcpiDsGetBufferFieldArguments
                0x00000000c0000827                AcpiDsGetBankFieldArguments
                0x00000000c0000863                AcpiDsGetBufferArguments
                0x00000000c00008b4                AcpiDsGetPackageArguments
                0x00000000c0000905                AcpiDsGetRegionArguments
 .text          0x00000000c000096f      0x32e acpica/dscontrol.32
                0x00000000c000096f                AcpiDsExecBeginControlOp
                0x00000000c0000a3e                AcpiDsExecEndControlOp
 .text          0x00000000c0000c9d        0x1 acpica/dsdebug.32
                0x00000000c0000c9d                AcpiDsDumpMethodStack
 .text          0x00000000c0000c9e      0x7a9 acpica/dsfield.32
                0x00000000c0000edd                AcpiDsCreateBufferField
                0x00000000c0001056                AcpiDsCreateField
                0x00000000c000112a                AcpiDsInitFieldObjects
                0x00000000c000128e                AcpiDsCreateBankField
                0x00000000c0001378                AcpiDsCreateIndexField
 .text          0x00000000c0001447      0x161 acpica/dsinit.32
                0x00000000c0001518                AcpiDsInitializeObjects
 .text          0x00000000c00015a8      0x765 acpica/dsmethod.32
                0x00000000c0001636                AcpiDsAutoSerializeMethod
                0x00000000c00016fc                AcpiDsMethodError
                0x00000000c000179f                AcpiDsBeginMethodExecution
                0x00000000c000197e                AcpiDsRestartControlMethod
                0x00000000c00019fe                AcpiDsTerminateControlMethod
                0x00000000c0001b65                AcpiDsCallControlMethod
 .text          0x00000000c0001d0d      0x4b0 acpica/dsmthdat.32
                0x00000000c0001d0d                AcpiDsMethodDataInit
                0x00000000c0001d78                AcpiDsMethodDataDeleteAll
                0x00000000c0001dd0                AcpiDsMethodDataGetNode
                0x00000000c0001ed9                AcpiDsMethodDataInitArgs
                0x00000000c0001f95                AcpiDsMethodDataGetValue
                0x00000000c0002099                AcpiDsStoreObjectToLocal
 .text          0x00000000c00021bd      0x5b5 acpica/dsobject.32
                0x00000000c00021bd                AcpiDsBuildInternalBufferObj
                0x00000000c00022cc                AcpiDsInitObjectFromOp
                0x00000000c00025a4                AcpiDsBuildInternalObject
                0x00000000c00026f7                AcpiDsCreateNode
 .text          0x00000000c0002772      0x7e1 acpica/dsopcode.32
                0x00000000c0002a25                AcpiDsInitializeRegion
                0x00000000c0002a3d                AcpiDsEvalBufferFieldOperands
                0x00000000c0002b3e                AcpiDsEvalRegionOperands
                0x00000000c0002c3e                AcpiDsEvalTableRegionOperands
                0x00000000c0002d80                AcpiDsEvalDataObjectOperands
                0x00000000c0002eab                AcpiDsEvalBankFieldOperands
 .text          0x00000000c0002f53      0x4a8 acpica/dspkginit.32
                0x00000000c00030d6                AcpiDsInitPackageElement
                0x00000000c0003115                AcpiDsBuildInternalPackageObj
 .text          0x00000000c00033fb      0x6fc acpica/dsutils.32
                0x00000000c00033fb                AcpiDsClearImplicitReturn
                0x00000000c0003431                AcpiDsDoImplicitReturn
                0x00000000c0003493                AcpiDsIsResultUsed
                0x00000000c00035bf                AcpiDsDeleteResultIfNotUsed
                0x00000000c000362e                AcpiDsResolveOperands
                0x00000000c000366e                AcpiDsClearOperands
                0x00000000c00036b2                AcpiDsCreateOperand
                0x00000000c0003917                AcpiDsCreateOperands
                0x00000000c00039e1                AcpiDsEvaluateNamePath
 .text          0x00000000c0003af7      0x836 acpica/dswexec.32
                0x00000000c0003afd                AcpiDsGetPredicateValue
                0x00000000c0003ca4                AcpiDsExecBeginOp
                0x00000000c0003e18                AcpiDsExecEndOp
 .text          0x00000000c000432d      0x565 acpica/dswload.32
                0x00000000c000432d                AcpiDsLoad1BeginOp
                0x00000000c00045cf                AcpiDsLoad1EndOp
                0x00000000c00047f0                AcpiDsInitCallbacks
 .text          0x00000000c0004892      0x7c8 acpica/dswload2.32
                0x00000000c0004892                AcpiDsLoad2BeginOp
                0x00000000c0004c64                AcpiDsLoad2EndOp
 .text          0x00000000c000505a      0x108 acpica/dswscope.32
                0x00000000c000505a                AcpiDsScopeStackClear
                0x00000000c000508f                AcpiDsScopeStackPush
                0x00000000c0005127                AcpiDsScopeStackPop
 .text          0x00000000c0005162      0x677 acpica/dswstate.32
                0x00000000c0005237                AcpiDsResultPop
                0x00000000c0005319                AcpiDsResultPush
                0x00000000c000541d                AcpiDsObjStackPush
                0x00000000c000547c                AcpiDsObjStackPop
                0x00000000c00054f7                AcpiDsObjStackPopAndDelete
                0x00000000c000554d                AcpiDsGetCurrentWalkState
                0x00000000c000555f                AcpiDsPushWalkState
                0x00000000c0005570                AcpiDsPopWalkState
                0x00000000c0005581                AcpiDsCreateWalkState
                0x00000000c00055ef                AcpiDsInitAmlWalk
                0x00000000c00056f3                AcpiDsDeleteWalkState
 .text          0x00000000c00057d9      0x237 acpica/evevent.32
                0x00000000c00058b0                AcpiEvInitializeEvents
                0x00000000c0005913                AcpiEvInstallXruptHandlers
                0x00000000c000597f                AcpiEvFixedEventDetect
 .text          0x00000000c0005a10      0x1ea acpica/evglock.32
                0x00000000c0005a82                AcpiEvInitGlobalLockHandler
                0x00000000c0005af8                AcpiEvRemoveGlobalLockHandler
                0x00000000c0005b26                AcpiEvAcquireGlobalLock
                0x00000000c0005ba8                AcpiEvReleaseGlobalLock
 .text          0x00000000c0005bfa      0x739 acpica/evgpe.32
                0x00000000c0005bfa                AcpiEvUpdateGpeEnableMask
                0x00000000c0005c45                AcpiEvEnableGpe
                0x00000000c0005c57                AcpiEvMaskGpe
                0x00000000c0005cfe                AcpiEvAddGpeReference
                0x00000000c0005d63                AcpiEvRemoveGpeReference
                0x00000000c0005db4                AcpiEvLowGetGpeInfo
                0x00000000c0005df4                AcpiEvGetGpeEventInfo
                0x00000000c0005e5f                AcpiEvFinishGpe
                0x00000000c0005f8d                AcpiEvGpeDispatch
                0x00000000c00060db                AcpiEvDetectGpe
                0x00000000c0006213                AcpiEvGpeDetect
 .text          0x00000000c0006333      0x53f acpica/evgpeblk.32
                0x00000000c0006578                AcpiEvDeleteGpeBlock
                0x00000000c0006650                AcpiEvCreateGpeBlock
                0x00000000c0006778                AcpiEvInitializeGpeBlock
 .text          0x00000000c0006872      0x310 acpica/evgpeinit.32
                0x00000000c0006872                AcpiEvMatchGpeMethod
                0x00000000c0006959                AcpiEvGpeInitialize
                0x00000000c0006abd                AcpiEvUpdateGpes
 .text          0x00000000c0006b82      0x2e5 acpica/evgpeutil.32
                0x00000000c0006b82                AcpiEvWalkGpeList
                0x00000000c0006c09                AcpiEvGetGpeDevice
                0x00000000c0006c3f                AcpiEvGetGpeXruptBlock
                0x00000000c0006d29                AcpiEvDeleteGpeXrupt
                0x00000000c0006dba                AcpiEvDeleteGpeHandlers
 .text          0x00000000c0006e67      0x3d0 acpica/evhandler.32
                0x00000000c0006e67                AcpiEvHasDefaultHandler
                0x00000000c0006ea7                AcpiEvFindRegionHandler
                0x00000000c0006f89                AcpiEvInstallSpaceHandler
                0x00000000c00071cd                AcpiEvInstallRegionHandlers
 .text          0x00000000c0007237      0x289 acpica/evmisc.32
                0x00000000c0007292                AcpiEvIsNotifyObject
                0x00000000c00072b0                AcpiEvQueueNotifyRequest
                0x00000000c0007395                AcpiEvTerminate
 .text          0x00000000c00074c0      0x820 acpica/evregion.32
                0x00000000c0007590                AcpiEvAddressSpaceDispatch
                0x00000000c0007847                AcpiEvAttachRegion
                0x00000000c0007880                AcpiEvExecuteRegMethod
                0x00000000c0007a0f                AcpiEvDetachRegion
                0x00000000c0007c14                AcpiEvExecuteRegMethods
                0x00000000c0007c6f                AcpiEvInitializeOpRegions
 .text          0x00000000c0007ce0      0x431 acpica/evrgnini.32
                0x00000000c0007ce0                AcpiEvSystemMemoryRegionSetup
                0x00000000c0007d68                AcpiEvIoSpaceRegionSetup
                0x00000000c0007d86                AcpiEvIsPciRootBridge
                0x00000000c0007e3b                AcpiEvPciConfigRegionSetup
                0x00000000c000801d                AcpiEvPciBarRegionSetup
                0x00000000c0008023                AcpiEvCmosRegionSetup
                0x00000000c0008029                AcpiEvDefaultRegionSetup
                0x00000000c0008047                AcpiEvInitializeRegion
 .text          0x00000000c0008111      0x13a acpica/evsci.32
                0x00000000c0008111                AcpiEvSciDispatch
                0x00000000c00081a4                AcpiEvGpeXruptHandler
                0x00000000c00081b4                AcpiEvInstallSciHandler
                0x00000000c00081d3                AcpiEvRemoveAllSciHandlers
 .text          0x00000000c000824b      0xabe acpica/evxface.32
                0x00000000c00083e5                AcpiInstallNotifyHandler
                0x00000000c000860b                AcpiRemoveNotifyHandler
                0x00000000c00087aa                AcpiInstallExceptionHandler
                0x00000000c00087eb                AcpiInstallSciHandler
                0x00000000c00088ce                AcpiRemoveSciHandler
                0x00000000c000897a                AcpiInstallGlobalEventHandler
                0x00000000c00089d5                AcpiInstallFixedEventHandler
                0x00000000c0008a8b                AcpiRemoveFixedEventHandler
                0x00000000c0008b18                AcpiInstallGpeHandler
                0x00000000c0008b3a                AcpiInstallGpeRawHandler
                0x00000000c0008b5c                AcpiRemoveGpeHandler
                0x00000000c0008c7e                AcpiAcquireGlobalLock
                0x00000000c0008cd0                AcpiReleaseGlobalLock
 .text          0x00000000c0008d09      0x2c7 acpica/evxfevnt.32
                0x00000000c0008d09                AcpiEnable
                0x00000000c0008d72                AcpiDisable
                0x00000000c0008dcb                AcpiEnableEvent
                0x00000000c0008e62                AcpiDisableEvent
                0x00000000c0008ef9                AcpiClearEvent
                0x00000000c0008f3b                AcpiGetEventStatus
 .text          0x00000000c0008fd0      0x85d acpica/evxfgpe.32
                0x00000000c0008fd0                AcpiUpdateAllGpes
                0x00000000c000904d                AcpiEnableGpe
                0x00000000c00090b1                AcpiDisableGpe
                0x00000000c0009106                AcpiSetGpe
                0x00000000c0009190                AcpiMaskGpe
                0x00000000c00091ed                AcpiMarkGpeForWake
                0x00000000c000923d                AcpiSetupGpeForWake
                0x00000000c0009388                AcpiSetGpeWakeMask
                0x00000000c000943b                AcpiClearGpe
                0x00000000c0009490                AcpiGetGpeStatus
                0x00000000c00094e9                AcpiDispatchGpe
                0x00000000c00094ff                AcpiFinishGpe
                0x00000000c0009554                AcpiDisableAllGpes
                0x00000000c0009585                AcpiEnableAllRuntimeGpes
                0x00000000c00095b6                AcpiEnableAllWakeupGpes
                0x00000000c00095e7                AcpiInstallGpeBlock
                0x00000000c000971b                AcpiRemoveGpeBlock
                0x00000000c00097c4                AcpiGetGpeDevice
 .text          0x00000000c000982d      0x1ad acpica/evxfregn.32
                0x00000000c000982d                AcpiInstallAddressSpaceHandler
                0x00000000c00098b9                AcpiRemoveAddressSpaceHandler
 .text          0x00000000c00099da      0x446 acpica/exconcat.32
                0x00000000c0009a4b                AcpiExDoConcatenate
                0x00000000c0009d58                AcpiExConcatTemplate
 .text          0x00000000c0009e20      0x4c6 acpica/exconfig.32
                0x00000000c0009eb2                AcpiExUnloadTable
                0x00000000c0009f3a                AcpiExLoadTableOp
                0x00000000c000a0e2                AcpiExLoadOp
 .text          0x00000000c000a2e6      0x5cc acpica/exconvrt.32
                0x00000000c000a3fe                AcpiExConvertToInteger
                0x00000000c000a539                AcpiExConvertToBuffer
                0x00000000c000a5ed                AcpiExConvertToString
                0x00000000c000a7c5                AcpiExConvertToTargetType
 .text          0x00000000c000a8b2      0x3c6 acpica/excreate.32
                0x00000000c000a8b2                AcpiExCreateAlias
                0x00000000c000a8ee                AcpiExCreateEvent
                0x00000000c000a95f                AcpiExCreateMutex
                0x00000000c000a9df                AcpiExCreateRegion
                0x00000000c000aaf2                AcpiExCreateProcessor
                0x00000000c000ab71                AcpiExCreatePowerResource
                0x00000000c000abe0                AcpiExCreateMethod
 .text          0x00000000c000ac78      0x419 acpica/exdebug.32
                0x00000000c000ac78                AcpiExDoDebugObject
 .text          0x00000000c000b091        0x0 acpica/exdump.32
 .text          0x00000000c000b091      0x37f acpica/exfield.32
                0x00000000c000b091                AcpiExGetProtocolBufferLength
                0x00000000c000b0d8                AcpiExReadDataFromField
                0x00000000c000b2b1                AcpiExWriteDataToField
 .text          0x00000000c000b410      0xb19 acpica/exfldio.32
                0x00000000c000b61b                AcpiExAccessRegion
                0x00000000c000b6c8                AcpiExInsertIntoField
                0x00000000c000bb9a                AcpiExWriteWithUpdateRule
                0x00000000c000bca2                AcpiExExtractFromField
 .text          0x00000000c000bf29      0x4dd acpica/exmisc.32
                0x00000000c000bf29                AcpiExGetObjectReference
                0x00000000c000bfde                AcpiExDoMathOp
                0x00000000c000c1a0                AcpiExDoLogicalNumericOp
                0x00000000c000c21c                AcpiExDoLogicalOp
 .text          0x00000000c000c406      0x3e6 acpica/exmutex.32
                0x00000000c000c41e                AcpiExUnlinkMutex
                0x00000000c000c457                AcpiExAcquireMutexObject
                0x00000000c000c4d8                AcpiExAcquireMutex
                0x00000000c000c5b9                AcpiExReleaseMutexObject
                0x00000000c000c62f                AcpiExReleaseMutex
                0x00000000c000c77f                AcpiExReleaseAllMutexes
 .text          0x00000000c000c7ec      0x36c acpica/exnames.32
                0x00000000c000c94a                AcpiExGetNameString
 .text          0x00000000c000cb58      0xe52 acpica/exoparg1.32
                0x00000000c000cb58                AcpiExOpcode_0A_0T_1R
                0x00000000c000cbe8                AcpiExOpcode_1A_0T_0R
                0x00000000c000ccb0                AcpiExOpcode_1A_1T_0R
                0x00000000c000cd00                AcpiExOpcode_1A_1T_1R
                0x00000000c000d3d2                AcpiExOpcode_1A_0T_1R
 .text          0x00000000c000d9aa      0x748 acpica/exoparg2.32
                0x00000000c000d9aa                AcpiExOpcode_2A_0T_0R
                0x00000000c000da3d                AcpiExOpcode_2A_2T_1R
                0x00000000c000db6b                AcpiExOpcode_2A_1T_1R
                0x00000000c000df85                AcpiExOpcode_2A_0T_1R
 .text          0x00000000c000e0f2      0x273 acpica/exoparg3.32
                0x00000000c000e0f2                AcpiExOpcode_3A_0T_0R
                0x00000000c000e1a4                AcpiExOpcode_3A_1T_1R
 .text          0x00000000c000e365      0x28e acpica/exoparg6.32
                0x00000000c000e421                AcpiExOpcode_6A_0T_1R
 .text          0x00000000c000e5f3      0x38c acpica/exprep.32
                0x00000000c000e66f                AcpiExPrepCommonFieldObject
                0x00000000c000e6d3                AcpiExPrepFieldValue
 .text          0x00000000c000e97f      0x3e2 acpica/exregion.32
                0x00000000c000e97f                AcpiExSystemMemorySpaceHandler
                0x00000000c000ec31                AcpiExSystemIoSpaceHandler
                0x00000000c000ec90                AcpiExPciConfigSpaceHandler
                0x00000000c000ecfa                AcpiExCmosSpaceHandler
                0x00000000c000ed00                AcpiExPciBarSpaceHandler
                0x00000000c000ed06                AcpiExDataTableSpaceHandler
 .text          0x00000000c000ed61      0x2d8 acpica/exresnte.32
                0x00000000c000ed61                AcpiExResolveNodeToValue
 .text          0x00000000c000f039      0x4d7 acpica/exresolv.32
                0x00000000c000f20f                AcpiExResolveToValue
                0x00000000c000f2a1                AcpiExResolveMultiple
 .text          0x00000000c000f510      0x65c acpica/exresop.32
                0x00000000c000f57a                AcpiExResolveOperands
 .text          0x00000000c000fb6c      0x2fe acpica/exserial.32
                0x00000000c000fb6c                AcpiExReadGpio
                0x00000000c000fba4                AcpiExWriteGpio
                0x00000000c000fbf3                AcpiExReadSerialBus
                0x00000000c000fd09                AcpiExWriteSerialBus
 .text          0x00000000c000fe6a      0x441 acpica/exstore.32
                0x00000000c0010014                AcpiExStoreObjectToNode
                0x00000000c0010191                AcpiExStore
 .text          0x00000000c00102ab      0x218 acpica/exstoren.32
                0x00000000c00102ab                AcpiExResolveObject
                0x00000000c001038c                AcpiExStoreObjectToObject
 .text          0x00000000c00104c3      0x13a acpica/exstorob.32
                0x00000000c00104c3                AcpiExStoreBufferToBuffer
                0x00000000c0010559                AcpiExStoreStringToString
 .text          0x00000000c00105fd      0x1b2 acpica/exsystem.32
                0x00000000c00105fd                AcpiExSystemWaitSemaphore
                0x00000000c0010645                AcpiExSystemWaitMutex
                0x00000000c001068d                AcpiExSystemDoStall
                0x00000000c00106cf                AcpiExSystemDoSleep
                0x00000000c001071b                AcpiExSystemSignalEvent
                0x00000000c0010741                AcpiExSystemWaitEvent
                0x00000000c001076e                AcpiExSystemResetEvent
 .text          0x00000000c00107af      0x1d2 acpica/extrace.32
                0x00000000c001081c                AcpiExTracePoint
                0x00000000c001081d                AcpiExStartTraceMethod
                0x00000000c00108cb                AcpiExStopTraceMethod
                0x00000000c001095f                AcpiExStartTraceOpcode
                0x00000000c0010970                AcpiExStopTraceOpcode
 .text          0x00000000c0010981      0x393 acpica/exutils.32
                0x00000000c00109d0                AcpiExEnterInterpreter
                0x00000000c0010a2e                AcpiExExitInterpreter
                0x00000000c0010a8c                AcpiExTruncateFor32bitTable
                0x00000000c0010ac1                AcpiExAcquireGlobalLock
                0x00000000c0010b07                AcpiExReleaseGlobalLock
                0x00000000c0010b44                AcpiExEisaIdToString
                0x00000000c0010bfd                AcpiExIntegerToString
                0x00000000c0010c66                AcpiExPciClsToString
                0x00000000c0010d07                AcpiIsValidSpaceId
 .text          0x00000000c0010d14      0x175 acpica/hwacpi.32
                0x00000000c0010d14                AcpiHwGetMode
                0x00000000c0010d5f                AcpiHwSetMode
 .text          0x00000000c0010e89      0x2a5 acpica/hwesleep.32
                0x00000000c0010e89                AcpiHwExecuteSleepMethod
                0x00000000c0010f01                AcpiHwExtendedSleep
                0x00000000c0011050                AcpiHwExtendedWakePrep
                0x00000000c00110bb                AcpiHwExtendedWake
 .text          0x00000000c001112e      0x321 acpica/hwgpe.32
                0x00000000c001114b                AcpiHwDisableGpeBlock
                0x00000000c0011189                AcpiHwEnableRuntimeGpeBlock
                0x00000000c0011219                AcpiHwGetGpeRegisterBit
                0x00000000c001122f                AcpiHwLowSetGpe
                0x00000000c00112f8                AcpiHwClearGpe
                0x00000000c0011329                AcpiHwGetGpeStatus
                0x00000000c00113cf                AcpiHwClearGpeBlock
                0x00000000c0011416                AcpiHwDisableAllGpes
                0x00000000c0011429                AcpiHwEnableAllRuntimeGpes
                0x00000000c001143c                AcpiHwEnableAllWakeupGpes
 .text          0x00000000c001144f      0x245 acpica/hwpci.32
                0x00000000c0011649                AcpiHwDerivePciId
 .text          0x00000000c0011694      0x90b acpica/hwregs.32
                0x00000000c00117e2                AcpiHwValidateRegister
                0x00000000c00118c5                AcpiHwRead
                0x00000000c0011ad5                AcpiHwWrite
                0x00000000c0011c94                AcpiHwGetBitRegisterInfo
                0x00000000c0011cca                AcpiHwWritePm1Control
                0x00000000c0011d18                AcpiHwRegisterRead
                0x00000000c0011e1c                AcpiHwRegisterWrite
                0x00000000c0011f48                AcpiHwClearAcpiStatus
 .text          0x00000000c0011f9f      0x417 acpica/hwsleep.32
                0x00000000c0011f9f                AcpiHwLegacySleep
                0x00000000c00121fa                AcpiHwLegacyWakePrep
                0x00000000c00122f1                AcpiHwLegacyWake
 .text          0x00000000c00123b6      0x1a6 acpica/hwtimer.32
                0x00000000c00123b6                AcpiGetTimerResolution
                0x00000000c00123eb                AcpiGetTimer
                0x00000000c001245a                AcpiGetTimerDuration
 .text          0x00000000c001255c      0x29a acpica/hwvalid.32
                0x00000000c001268a                AcpiHwReadPort
                0x00000000c0012749                AcpiHwWritePort
 .text          0x00000000c00127f6      0x34e acpica/hwxface.32
                0x00000000c00127f6                AcpiReset
                0x00000000c0012863                AcpiRead
                0x00000000c0012877                AcpiWrite
                0x00000000c001288f                AcpiReadBitRegister
                0x00000000c00128dd                AcpiWriteBitRegister
                0x00000000c00129ad                AcpiGetSleepTypeData
 .text          0x00000000c0012b44      0x3c1 acpica/hwxfsleep.32
                0x00000000c0012bb6                AcpiSetFirmwareWakingVector
                0x00000000c0012c0b                AcpiEnterSleepStateS4bios
                0x00000000c0012d53                AcpiEnterSleepStatePrep
                0x00000000c0012e42                AcpiEnterSleepState
                0x00000000c0012eb1                AcpiLeaveSleepStatePrep
                0x00000000c0012edb                AcpiLeaveSleepState
 .text          0x00000000c0012f05      0x72b acpica/nsaccess.32
                0x00000000c0012f05                AcpiNsRootInitialize
                0x00000000c00131e0                AcpiNsLookup
 .text          0x00000000c0013630      0x33c acpica/nsalloc.32
                0x00000000c0013630                AcpiNsCreateNode
                0x00000000c0013654                AcpiNsDeleteNode
                0x00000000c00136c4                AcpiNsRemoveNode
                0x00000000c00136f9                AcpiNsInstallNode
                0x00000000c001375b                AcpiNsDeleteChildren
                0x00000000c00137b1                AcpiNsDeleteNamespaceSubtree
                0x00000000c001382f                AcpiNsDeleteNamespaceByOwner
 .text          0x00000000c001396c      0x2e8 acpica/nsarguments.32
                0x00000000c001396c                AcpiNsCheckArgumentTypes
                0x00000000c0013a23                AcpiNsCheckAcpiCompliance
                0x00000000c0013b19                AcpiNsCheckArgumentCount
 .text          0x00000000c0013c54      0x492 acpica/nsconvert.32
                0x00000000c0013c54                AcpiNsConvertToInteger
                0x00000000c0013d14                AcpiNsConvertToString
                0x00000000c0013dda                AcpiNsConvertToBuffer
                0x00000000c0013f18                AcpiNsConvertToUnicode
                0x00000000c0013f9b                AcpiNsConvertToResource
                0x00000000c0014011                AcpiNsConvertToReference
 .text          0x00000000c00140e6        0x0 acpica/nsdump.32
 .text          0x00000000c00140e6        0x0 acpica/nsdumpdv.32
 .text          0x00000000c00140e6      0x2a9 acpica/nseval.32
                0x00000000c00140e6                AcpiNsEvaluate
 .text          0x00000000c001438f      0x4b4 acpica/nsinit.32
                0x00000000c00144c2                AcpiNsInitializeObjects
                0x00000000c0014517                AcpiNsInitializeDevices
                0x00000000c00146cb                AcpiNsInitOnePackage
 .text          0x00000000c0014843       0x9e acpica/nsload.32
                0x00000000c0014843                AcpiNsLoadTable
 .text          0x00000000c00148e1      0x4a0 acpica/nsnames.32
                0x00000000c001498d                AcpiNsHandleToName
                0x00000000c00149e6                AcpiNsBuildNormalizedPath
                0x00000000c0014af2                AcpiNsGetPathnameLength
                0x00000000c0014b39                AcpiNsHandleToPathname
                0x00000000c0014bad                AcpiNsGetNormalizedPathname
                0x00000000c0014c1a                AcpiNsGetExternalPathname
                0x00000000c0014c2c                AcpiNsBuildPrefixedPathname
 .text          0x00000000c0014d81      0x379 acpica/nsobject.32
                0x00000000c0014d81                AcpiNsDetachObject
                0x00000000c0014e12                AcpiNsAttachObject
                0x00000000c0014f3f                AcpiNsGetAttachedObject
                0x00000000c0014f9b                AcpiNsGetSecondaryObject
                0x00000000c0014fc9                AcpiNsAttachData
                0x00000000c001505e                AcpiNsDetachData
                0x00000000c00150c0                AcpiNsGetAttachedData
 .text          0x00000000c00150fa      0x297 acpica/nsparse.32
                0x00000000c00150fa                AcpiNsExecuteTable
                0x00000000c001522b                AcpiNsOneCompleteParse
                0x00000000c001537d                AcpiNsParseTable
 .text          0x00000000c0015391      0x338 acpica/nspredef.32
                0x00000000c0015421                AcpiNsCheckObjectType
                0x00000000c00155dc                AcpiNsCheckReturnValue
 .text          0x00000000c00156c9      0x6e2 acpica/nsprepkg.32
                0x00000000c0015a8b                AcpiNsCheckPackage
 .text          0x00000000c0015dab      0x3a3 acpica/nsrepair.32
                0x00000000c0015e07                AcpiNsRepairNullElement
                0x00000000c0015e90                AcpiNsRemoveNullElements
                0x00000000c0015ee4                AcpiNsWrapWithPackage
                0x00000000c0015f1e                AcpiNsSimpleRepair
 .text          0x00000000c001614e      0x75a acpica/nsrepair2.32
                0x00000000c001687d                AcpiNsComplexRepairs
 .text          0x00000000c00168a8      0x204 acpica/nssearch.32
                0x00000000c00168a8                AcpiNsSearchOneScope
                0x00000000c001694e                AcpiNsSearchAndEnter
 .text          0x00000000c0016aac      0x6ba acpica/nsutils.32
                0x00000000c0016aac                AcpiNsPrintNodePathname
                0x00000000c0016b27                AcpiNsGetType
                0x00000000c0016b5b                AcpiNsLocal
                0x00000000c0016ba0                AcpiNsGetInternalNameLength
                0x00000000c0016c24                AcpiNsBuildInternalName
                0x00000000c0016d0b                AcpiNsInternalizeName
                0x00000000c0016d98                AcpiNsExternalizeName
                0x00000000c0016fdb                AcpiNsValidateHandle
                0x00000000c0016ffb                AcpiNsTerminate
                0x00000000c001703f                AcpiNsOpensScope
                0x00000000c0017077                AcpiNsGetNodeUnlocked
                0x00000000c0017123                AcpiNsGetNode
 .text          0x00000000c0017166      0x29f acpica/nswalk.32
                0x00000000c0017166                AcpiNsGetNextNode
                0x00000000c001717a                AcpiNsGetNextNodeTyped
                0x00000000c00171b0                AcpiNsWalkNamespace
 .text          0x00000000c0017405      0x816 acpica/nsxfeval.32
                0x00000000c00175e6                AcpiEvaluateObject
                0x00000000c001782d                AcpiEvaluateObjectTyped
                0x00000000c0017959                AcpiWalkNamespace
                0x00000000c0017a2f                AcpiGetDevices
                0x00000000c0017a9e                AcpiAttachData
                0x00000000c0017b25                AcpiDetachData
                0x00000000c0017b94                AcpiGetData
 .text          0x00000000c0017c1b      0x70a acpica/nsxfname.32
                0x00000000c0017c3f                AcpiGetHandle
                0x00000000c0017ce7                AcpiGetName
                0x00000000c0017d77                AcpiGetObjectInfo
                0x00000000c0018153                AcpiInstallMethod
 .text          0x00000000c0018325      0x19e acpica/nsxfobj.32
                0x00000000c0018325                AcpiGetType
                0x00000000c001839e                AcpiGetParent
                0x00000000c0018414                AcpiGetNextObject
 .text          0x00000000c00184c3      0x86e acpica/psargs.32
                0x00000000c0018504                AcpiPsGetNextPackageEnd
                0x00000000c0018515                AcpiPsGetNextNamestring
                0x00000000c001876d                AcpiPsGetNextNamepath
                0x00000000c001896a                AcpiPsGetNextSimpleArg
                0x00000000c0018a5b                AcpiPsGetNextArg
 .text          0x00000000c0018d31      0x68b acpica/psloop.32
                0x00000000c0018ec9                AcpiPsParseLoop
 .text          0x00000000c00193bc      0x79a acpica/psobject.32
                0x00000000c001948a                AcpiPsBuildNamedOp
                0x00000000c00195c7                AcpiPsCreateOp
                0x00000000c0019783                AcpiPsCompleteOp
                0x00000000c0019a24                AcpiPsCompleteFinalOp
 .text          0x00000000c0019b56        0x0 acpica/psopcode.32
 .text          0x00000000c0019b56       0x66 acpica/psopinfo.32
                0x00000000c0019b56                AcpiPsGetOpcodeInfo
                0x00000000c0019ba1                AcpiPsGetOpcodeName
                0x00000000c0019ba7                AcpiPsGetArgumentCount
 .text          0x00000000c0019bbc      0x72b acpica/psparse.32
                0x00000000c0019bbc                AcpiPsGetOpcodeSize
                0x00000000c0019bcb                AcpiPsPeekOpcode
                0x00000000c0019be5                AcpiPsCompleteThisOp
                0x00000000c0019e23                AcpiPsNextParseState
                0x00000000c0019f1d                AcpiPsParseAml
 .text          0x00000000c001a2e7      0x17f acpica/psscope.32
                0x00000000c001a2e7                AcpiPsGetParentScope
                0x00000000c001a2f2                AcpiPsHasCompletedScope
                0x00000000c001a316                AcpiPsInitScope
                0x00000000c001a35b                AcpiPsPushScope
                0x00000000c001a3c5                AcpiPsPopScope
                0x00000000c001a432                AcpiPsCleanupScope
 .text          0x00000000c001a466      0x15e acpica/pstree.32
                0x00000000c001a466                AcpiPsGetArg
                0x00000000c001a4b7                AcpiPsAppendArg
                0x00000000c001a530                AcpiPsGetDepthNext
 .text          0x00000000c001a5c4      0x14d acpica/psutils.32
                0x00000000c001a5c4                AcpiPsInitOp
                0x00000000c001a5d5                AcpiPsAllocOp
                0x00000000c001a672                AcpiPsCreateScopeOp
                0x00000000c001a692                AcpiPsFreeOp
                0x00000000c001a6c9                AcpiPsIsLeadingChar
                0x00000000c001a6eb                AcpiPsGetName
                0x00000000c001a6ff                AcpiPsSetName
 .text          0x00000000c001a711       0x5d acpica/pswalk.32
                0x00000000c001a711                AcpiPsDeleteParseTree
 .text          0x00000000c001a76e      0x362 acpica/psxface.32
                0x00000000c001a7a7                AcpiDebugTrace
                0x00000000c001a7f5                AcpiPsExecuteMethod
                0x00000000c001a9dd                AcpiPsExecuteTable
 .text          0x00000000c001aad0       0xcd acpica/rsaddr.32
                0x00000000c001aad0                AcpiRsGetAddressCommon
                0x00000000c001ab42                AcpiRsSetAddressCommon
 .text          0x00000000c001ab9d      0x569 acpica/rscalc.32
                0x00000000c001abda                AcpiRsGetAmlLength
                0x00000000c001ad98                AcpiRsGetListLength
                0x00000000c001afe8                AcpiRsGetPciRoutingTableLength
 .text          0x00000000c001b106      0x458 acpica/rscreate.32
                0x00000000c001b106                AcpiBufferToResource
                0x00000000c001b19b                AcpiRsCreateResourceList
                0x00000000c001b208                AcpiRsCreatePciRoutingTable
                0x00000000c001b501                AcpiRsCreateAmlResources
 .text          0x00000000c001b55e        0x0 acpica/rsdump.32
 .text          0x00000000c001b55e        0x0 acpica/rsdumpinfo.32
 .text          0x00000000c001b55e        0x0 acpica/rsinfo.32
 .text          0x00000000c001b55e        0x0 acpica/rsio.32
 .text          0x00000000c001b55e        0x0 acpica/rsirq.32
 .text          0x00000000c001b55e      0x215 acpica/rslist.32
                0x00000000c001b55e                AcpiRsConvertAmlToResources
                0x00000000c001b62e                AcpiRsConvertResourcesToAml
 .text          0x00000000c001b773        0x0 acpica/rsmemory.32
 .text          0x00000000c001b773      0x961 acpica/rsmisc.32
                0x00000000c001b773                AcpiRsConvertAmlToResource
                0x00000000c001bc92                AcpiRsConvertResourceToAml
 .text          0x00000000c001c0d4        0x0 acpica/rsserial.32
 .text          0x00000000c001c0d4      0x481 acpica/rsutils.32
                0x00000000c001c10a                AcpiRsDecodeBitmask
                0x00000000c001c13a                AcpiRsEncodeBitmask
                0x00000000c001c16f                AcpiRsMoveData
                0x00000000c001c1e7                AcpiRsSetResourceLength
                0x00000000c001c21b                AcpiRsSetResourceHeader
                0x00000000c001c236                AcpiRsGetResourceSource
                0x00000000c001c2c0                AcpiRsSetResourceSource
                0x00000000c001c301                AcpiRsGetPrtMethodData
                0x00000000c001c34d                AcpiRsGetCrsMethodData
                0x00000000c001c399                AcpiRsGetPrsMethodData
                0x00000000c001c3e5                AcpiRsGetAeiMethodData
                0x00000000c001c431                AcpiRsGetMethodData
                0x00000000c001c47c                AcpiRsSetSrsMethodData
 .text          0x00000000c001c555      0x51c acpica/rsxface.32
                0x00000000c001c646                AcpiGetIrqRoutingTable
                0x00000000c001c677                AcpiGetCurrentResources
                0x00000000c001c6a8                AcpiGetPossibleResources
                0x00000000c001c6d9                AcpiSetCurrentResources
                0x00000000c001c72d                AcpiGetEventResources
                0x00000000c001c75e                AcpiResourceToAddress64
                0x00000000c001c8cc                AcpiWalkResourceBuffer
                0x00000000c001c972                AcpiWalkResources
                0x00000000c001ca1a                AcpiGetVendorResource
 .text          0x00000000c001ca71      0x9ff acpica/tbdata.32
                0x00000000c001ca71                AcpiTbInitTableDescriptor
                0x00000000c001caba                AcpiTbAcquireTable
                0x00000000c001cb1f                AcpiTbReleaseTable
                0x00000000c001cc3f                AcpiTbAcquireTempTable
                0x00000000c001ccd7                AcpiTbValidateTable
                0x00000000c001cd11                AcpiTbInvalidateTable
                0x00000000c001cd40                AcpiTbReleaseTempTable
                0x00000000c001cd50                AcpiTbValidateTempTable
                0x00000000c001cd7c                AcpiTbVerifyTempTable
                0x00000000c001cec9                AcpiTbResizeRootTableList
                0x00000000c001cffd                AcpiTbGetNextTableDescriptor
                0x00000000c001d05e                AcpiTbTerminate
                0x00000000c001d0e7                AcpiTbDeleteNamespaceByOwner
                0x00000000c001d173                AcpiTbAllocateOwnerId
                0x00000000c001d1c5                AcpiTbReleaseOwnerId
                0x00000000c001d21a                AcpiTbGetOwnerId
                0x00000000c001d26b                AcpiTbIsTableLoaded
                0x00000000c001d2b3                AcpiTbSetTableLoadedFlag
                0x00000000c001d312                AcpiTbNotifyTable
                0x00000000c001d333                AcpiTbLoadTable
                0x00000000c001d3ab                AcpiTbInstallAndLoadTable
                0x00000000c001d3fa                AcpiTbUnloadTable
 .text          0x00000000c001d470      0x5aa acpica/tbfadt.32
                0x00000000c001d8af                AcpiTbCreateLocalFadt
                0x00000000c001d942                AcpiTbParseFadt
 .text          0x00000000c001da1a      0x1e5 acpica/tbfind.32
                0x00000000c001da1a                AcpiTbFindTable
 .text          0x00000000c001dbff      0x344 acpica/tbinstal.32
                0x00000000c001dbff                AcpiTbUninstallTable
                0x00000000c001dc47                AcpiTbOverrideTable
                0x00000000c001dd56                AcpiTbInstallTableWithOverride
                0x00000000c001ddf4                AcpiTbInstallStandardTable
 .text          0x00000000c001df43      0x1d0 acpica/tbprint.32
                0x00000000c001dfb5                AcpiTbPrintTableHeader
                0x00000000c001e099                AcpiTbChecksum
                0x00000000c001e0b5                AcpiTbVerifyChecksum
 .text          0x00000000c001e113      0x478 acpica/tbutils.32
                0x00000000c001e158                AcpiTbInitializeFacs
                0x00000000c001e1e7                AcpiTbCheckDsdtHeader
                0x00000000c001e257                AcpiTbCopyDsdt
                0x00000000c001e2f7                AcpiTbParseRootTable
                0x00000000c001e4df                AcpiTbGetTable
                0x00000000c001e541                AcpiTbPutTable
 .text          0x00000000c001e58b      0x4a5 acpica/tbxface.32
                0x00000000c001e58b                AcpiAllocateRootTable
                0x00000000c001e5a7                AcpiInitializeTables
                0x00000000c001e622                AcpiReallocateRootTable
                0x00000000c001e72d                AcpiGetTableHeader
                0x00000000c001e813                AcpiGetTable
                0x00000000c001e8b0                AcpiPutTable
                0x00000000c001e915                AcpiGetTableByIndex
                0x00000000c001e983                AcpiInstallTableHandler
                0x00000000c001e9de                AcpiRemoveTableHandler
 .text          0x00000000c001ea30      0x411 acpica/tbxfload.32
                0x00000000c001ea30                AcpiTbLoadNamespace
                0x00000000c001ec7a                AcpiLoadTables
                0x00000000c001ece6                AcpiInstallTable
                0x00000000c001ed09                AcpiLoadTable
                0x00000000c001ed68                AcpiUnloadParentTable
                0x00000000c001ee1e                AcpiUnloadTable
 .text          0x00000000c001ee41      0x275 acpica/tbxfroot.32
                0x00000000c001ee41                AcpiTbGetRsdpLength
                0x00000000c001ee79                AcpiTbValidateRsdp
                0x00000000c001eee0                AcpiTbScanMemoryForRsdp
                0x00000000c001ef20                AcpiFindRootPointer
 .text          0x00000000c001f0b6      0x254 acpica/utaddress.32
                0x00000000c001f0b6                AcpiUtAddAddressRange
                0x00000000c001f12b                AcpiUtRemoveAddressRange
                0x00000000c001f184                AcpiUtCheckAddressRange
                0x00000000c001f2b3                AcpiUtDeleteAddressLists
 .text          0x00000000c001f30a      0x1ed acpica/utalloc.32
                0x00000000c001f30a                AcpiOsAllocateZeroed
                0x00000000c001f339                AcpiUtCreateCaches
                0x00000000c001f3c0                AcpiUtDeleteCaches
                0x00000000c001f441                AcpiUtValidateBuffer
                0x00000000c001f46b                AcpiUtInitializeBuffer
 .text          0x00000000c001f4f7       0xa7 acpica/utascii.32
                0x00000000c001f4f7                AcpiUtValidNameChar
                0x00000000c001f528                AcpiUtValidNameseg
                0x00000000c001f54e                AcpiUtCheckAndRepairAscii
 .text          0x00000000c001f59e      0x251 acpica/utbuffer.32
                0x00000000c001f59e                AcpiUtDumpBuffer
                0x00000000c001f7ba                AcpiUtDebugDumpBuffer
 .text          0x00000000c001f7ef      0x224 acpica/utcache.32
                0x00000000c001f7ef                AcpiOsCreateCache
                0x00000000c001f86e                AcpiOsPurgeCache
                0x00000000c001f8c8                AcpiOsDeleteCache
                0x00000000c001f8f6                AcpiOsReleaseObject
                0x00000000c001f97f                AcpiOsAcquireObject
 .text          0x00000000c001fa13      0x572 acpica/utclib.32
                0x00000000c001fa13                memcmp
                0x00000000c001fa53                memmove
                0x00000000c001fa8e                memcpy
                0x00000000c001facb                memset
                0x00000000c001fae9                strlen
                0x00000000c001fb05                strpbrk
                0x00000000c001fb48                strtok
                0x00000000c001fba4                strcpy
                0x00000000c001fbc8                strncpy
                0x00000000c001fc0d                strcmp
                0x00000000c001fc50                strchr
                0x00000000c001fc7c                strncmp
                0x00000000c001fcd3                strcat
                0x00000000c001fcff                strncat
                0x00000000c001fd3d                strstr
                0x00000000c001fd87                toupper
                0x00000000c001fd9b                tolower
                0x00000000c001fdaf                simple_strtoul
 .text          0x00000000c001ff85      0x786 acpica/utcopy.32
                0x00000000c00205a0                AcpiUtCopyIobjectToEobject
                0x00000000c00205d8                AcpiUtCopyEobjectToIobject
                0x00000000c002069b                AcpiUtCopyIobjectToIobject
 .text          0x00000000c002070b        0x0 acpica/utdebug.32
 .text          0x00000000c002070b      0x167 acpica/utdecode.32
                0x00000000c002070b                AcpiUtGetRegionName
                0x00000000c0020742                AcpiUtGetEventName
                0x00000000c0020759                AcpiUtGetTypeName
                0x00000000c0020770                AcpiUtGetObjectTypeName
                0x00000000c002079d                AcpiUtGetNodeName
                0x00000000c00207ee                AcpiUtGetDescriptorName
                0x00000000c0020814                AcpiUtGetReferenceName
                0x00000000c0020852                AcpiUtGetMutexName
                0x00000000c0020869                AcpiUtValidObjectType
 .text          0x00000000c0020872      0x603 acpica/utdelete.32
                0x00000000c0020872                AcpiUtRemoveReference
                0x00000000c00208a9                AcpiUtDeleteInternalObjectList
                0x00000000c0020c5e                AcpiUtUpdateObjectReference
                0x00000000c0020e4b                AcpiUtAddReference
 .text          0x00000000c0020e75      0x23c acpica/uterror.32
                0x00000000c0020e75                AcpiUtPredefinedWarning
                0x00000000c0020ec1                AcpiUtPredefinedInfo
                0x00000000c0020f0d                AcpiUtPredefinedBiosError
                0x00000000c0020f59                AcpiUtPrefixedNamespaceError
                0x00000000c0021021                AcpiUtMethodError
 .text          0x00000000c00210b1      0x2c1 acpica/uteval.32
                0x00000000c00210b1                AcpiUtEvaluateObject
                0x00000000c0021250                AcpiUtEvaluateNumericObject
                0x00000000c002129b                AcpiUtExecute_STA
                0x00000000c00212f3                AcpiUtExecutePowerMethods
 .text          0x00000000c0021372       0xe6 acpica/utexcep.32
                0x00000000c0021372                AcpiUtValidateException
                0x00000000c002141d                AcpiFormatException
 .text          0x00000000c0021458        0x0 acpica/utglobal.32
 .text          0x00000000c0021458       0xa1 acpica/uthex.32
                0x00000000c0021458                AcpiUtHexToAsciiChar
                0x00000000c0021482                AcpiUtAsciiCharToHex
                0x00000000c002149c                AcpiUtAsciiToHexByte
 .text          0x00000000c00214f9      0x39d acpica/utids.32
                0x00000000c00214f9                AcpiUtExecute_HID
                0x00000000c00215a1                AcpiUtExecute_UID
                0x00000000c0021649                AcpiUtExecute_CID
                0x00000000c00217b6                AcpiUtExecute_CLS
 .text          0x00000000c0021896      0x2e0 acpica/utinit.32
                0x00000000c0021900                AcpiUtInitGlobals
                0x00000000c0021b1b                AcpiUtSubsystemShutdown
 .text          0x00000000c0021b76      0x14a acpica/utlock.32
                0x00000000c0021b76                AcpiUtCreateRwLock
                0x00000000c0021bb0                AcpiUtDeleteRwLock
                0x00000000c0021be3                AcpiUtAcquireReadLock
                0x00000000c0021c40                AcpiUtReleaseReadLock
                0x00000000c0021c93                AcpiUtAcquireWriteLock
                0x00000000c0021cac                AcpiUtReleaseWriteLock
 .text          0x00000000c0021cc0      0x1ba acpica/utmath.32
                0x00000000c0021cc0                AcpiUtShortMultiply
                0x00000000c0021cea                AcpiUtShortShiftLeft
                0x00000000c0021d21                AcpiUtShortShiftRight
                0x00000000c0021d58                AcpiUtShortDivide
                0x00000000c0021de1                AcpiUtDivide
 .text          0x00000000c0021e7a      0x209 acpica/utmisc.32
                0x00000000c0021e7a                AcpiUtIsPciRootBridge
                0x00000000c0021eb3                AcpiUtDwordByteSwap
                0x00000000c0021edf                AcpiUtSetIntegerWidth
                0x00000000c0021f12                AcpiUtCreateUpdateStateAndPush
                0x00000000c0021f5c                AcpiUtWalkPackageTree
 .text          0x00000000c0022083      0x270 acpica/utmutex.32
                0x00000000c00220fe                AcpiUtMutexInitialize
                0x00000000c0022183                AcpiUtMutexTerminate
                0x00000000c00221e2                AcpiUtAcquireMutex
                0x00000000c002226a                AcpiUtReleaseMutex
 .text          0x00000000c00222f3       0x97 acpica/utnonansi.32
                0x00000000c00222f3                AcpiUtStrlwr
                0x00000000c0022322                AcpiUtStrupr
                0x00000000c0022351                AcpiUtStricmp
 .text          0x00000000c002238a      0x46a acpica/utobject.32
                0x00000000c0022543                AcpiUtValidInternalObject
                0x00000000c0022556                AcpiUtAllocateObjectDescDbg
                0x00000000c0022592                AcpiUtDeleteObjectDesc
                0x00000000c00225dd                AcpiUtCreateInternalObjectDbg
                0x00000000c002265d                AcpiUtCreatePackageObject
                0x00000000c00226ba                AcpiUtCreateIntegerObject
                0x00000000c00226ed                AcpiUtCreateBufferObject
                0x00000000c0022764                AcpiUtCreateStringObject
                0x00000000c00227d1                AcpiUtGetObjectSize
 .text          0x00000000c00227f4      0x3b8 acpica/utosi.32
                0x00000000c00227f4                AcpiUtInitializeInterfaces
                0x00000000c002284b                AcpiUtInterfaceTerminate
                0x00000000c00228d2                AcpiUtInstallInterface
                0x00000000c002294a                AcpiUtRemoveInterface
                0x00000000c00229db                AcpiUtUpdateInterfaces
                0x00000000c0022a32                AcpiUtGetInterface
                0x00000000c0022a66                AcpiUtOsiImplementation
 .text          0x00000000c0022bac      0x19c acpica/utownerid.32
                0x00000000c0022bac                AcpiUtAllocateOwnerId
                0x00000000c0022cb0                AcpiUtReleaseOwnerId
 .text          0x00000000c0022d48       0xd2 acpica/utpredef.32
                0x00000000c0022d48                AcpiUtGetNextPredefinedMethod
                0x00000000c0022d60                AcpiUtMatchPredefinedMethod
                0x00000000c0022db2                AcpiUtGetExpectedReturnTypes
 .text          0x00000000c0022e1a      0x9c3 acpica/utprint.32
                0x00000000c00231ae                AcpiUtScanNumber
                0x00000000c002321e                AcpiUtPrintNumber
                0x00000000c0023278                vsnprintf
                0x00000000c00237a5                snprintf
                0x00000000c00237c2                sprintf
 .text          0x00000000c00237dd        0x0 acpica/utresdecode.32
 .text          0x00000000c00237dd      0x314 acpica/utresrc.32
                0x00000000c00237dd                AcpiUtGetResourceType
                0x00000000c00237eb                AcpiUtGetResourceLength
                0x00000000c00237fe                AcpiUtValidateResource
                0x00000000c0023964                AcpiUtGetResourceHeaderLength
                0x00000000c0023972                AcpiUtGetDescriptorLength
                0x00000000c0023996                AcpiUtWalkAmlResources
                0x00000000c0023ab8                AcpiUtGetResourceEndTag
 .text          0x00000000c0023af1      0x125 acpica/utstate.32
                0x00000000c0023af1                AcpiUtPushGenericState
                0x00000000c0023b00                AcpiUtPopGenericState
                0x00000000c0023b0f                AcpiUtCreateGenericState
                0x00000000c0023b2c                AcpiUtCreateThreadState
                0x00000000c0023b86                AcpiUtCreateUpdateState
                0x00000000c0023bab                AcpiUtCreatePkgState
                0x00000000c0023bdb                AcpiUtCreateControlState
                0x00000000c0023bf5                AcpiUtDeleteGenericState
 .text          0x00000000c0023c16      0x217 acpica/utstring.32
                0x00000000c0023c16                AcpiUtPrintString
                0x00000000c0023db1                AcpiUtRepairName
 .text          0x00000000c0023e2d      0x333 acpica/utstrsuppt.32
                0x00000000c0023f62                AcpiUtConvertOctalString
                0x00000000c0023fc7                AcpiUtConvertDecimalString
                0x00000000c0024044                AcpiUtConvertHexString
                0x00000000c00240c1                AcpiUtRemoveLeadingZeros
                0x00000000c00240d9                AcpiUtRemoveWhitespace
                0x00000000c0024102                AcpiUtRemoveHexPrefix
                0x00000000c0024130                AcpiUtDetectHexPrefix
                0x00000000c002414c                AcpiUtDetectOctalPrefix
 .text          0x00000000c0024160      0x268 acpica/utstrtoul64.32
                0x00000000c0024160                AcpiUtStrtoul64
                0x00000000c002428e                AcpiUtImplicitStrtoul64
                0x00000000c002430b                AcpiUtExplicitStrtoul64
 .text          0x00000000c00243c8        0x0 acpica/uttrack.32
 .text          0x00000000c00243c8        0x0 acpica/utuuid.32
 .text          0x00000000c00243c8      0x4b7 acpica/utxface.32
                0x00000000c00243c8                AcpiTerminate
                0x00000000c00243de                AcpiSubsystemStatus
                0x00000000c00243ec                AcpiGetSystemInfo
                0x00000000c0024464                AcpiGetStatistics
                0x00000000c00244ae                AcpiInstallInitializationHandler
                0x00000000c00244d6                AcpiPurgeCachedObjects
                0x00000000c0024517                AcpiInstallInterface
                0x00000000c00245b0                AcpiRemoveInterface
                0x00000000c002461f                AcpiInstallInterfaceHandler
                0x00000000c0024678                AcpiUpdateInterfaces
                0x00000000c00246c9                AcpiCheckAddressRange
                0x00000000c0024726                AcpiDecodePldBuffer
 .text          0x00000000c002487f      0x1d8 acpica/utxferror.32
                0x00000000c002487f                AcpiError
                0x00000000c00248b8                AcpiException
                0x00000000c002491b                AcpiWarning
                0x00000000c0024954                AcpiInfo
                0x00000000c0024982                AcpiBiosError
                0x00000000c00249bb                AcpiBiosException
                0x00000000c0024a1e                AcpiBiosWarning
 .text          0x00000000c0024a57      0x196 acpica/utxfinit.32
                0x00000000c0024a57                AcpiInitializeSubsystem
                0x00000000c0024b23                AcpiEnableSubsystem
                0x00000000c0024bc2                AcpiInitializeObjects
 .text          0x00000000c0024bed       0xfc acpica/utxfmutex.32
                0x00000000c0024c75                AcpiAcquireMutex
                0x00000000c0024cb1                AcpiReleaseMutex
 .text          0x00000000c0024ce9      0xfd0 core/malloc.32
                0x00000000c0024e54                dlfree
                0x00000000c00251b1                dlmalloc
                0x00000000c00256fd                dlrealloc
                0x00000000c00258b2                dlmemalign
                0x00000000c00259d5                dlcalloc
                0x00000000c0025a6f                dlcfree
                0x00000000c0025a74                dlindependent_calloc
                0x00000000c0025a99                dlindependent_comalloc
                0x00000000c0025ab0                dlvalloc
                0x00000000c0025adb                dlpvalloc
                0x00000000c0025b11                dlmalloc_trim
                0x00000000c0025b1e                dlmalloc_usable_size
                0x00000000c0025b4f                dlmallinfo
                0x00000000c0025c1e                dlmalloc_stats
                0x00000000c0025c2f                dlmallopt
 .text          0x00000000c0025cb9        0x0 libk/string.32
 .text          0x00000000c0025cb9       0x51 fs/fat/diskio.32
                0x00000000c0025cb9                disk_status
                0x00000000c0025cbc                disk_initialize
                0x00000000c0025cbf                disk_read
                0x00000000c0025cd5                disk_write
                0x00000000c0025ceb                disk_ioctl
 .text          0x00000000c0025d0a     0x681b fs/fat/ff.32
                0x00000000c0028fd3                f_mount
                0x00000000c0029031                f_open
                0x00000000c0029469                f_read
                0x00000000c00296e9                f_write
                0x00000000c00299a3                f_sync
                0x00000000c0029b7b                f_close
                0x00000000c0029baa                f_lseek
                0x00000000c002a061                f_opendir
                0x00000000c002a163                f_closedir
                0x00000000c002a185                f_readdir
                0x00000000c002a220                f_stat
                0x00000000c002a2af                f_getfree
                0x00000000c002a47a                f_truncate
                0x00000000c002a572                f_unlink
                0x00000000c002a6f6                f_mkdir
                0x00000000c002a922                f_rename
                0x00000000c002ac11                f_chmod
                0x00000000c002acef                f_utime
                0x00000000c002adcd                f_getlabel
                0x00000000c002afbb                f_setlabel
                0x00000000c002b224                f_forward
                0x00000000c002b402                f_mkfs
 .text          0x00000000c002c525       0x2d fs/fat/ffsystem.32
                0x00000000c002c525                ff_memalloc
                0x00000000c002c53b                ff_memfree
 .text          0x00000000c002c552      0x253 fs/fat/ffunicode.32
                0x00000000c002c552                ff_uni2oem
                0x00000000c002c5e2                ff_oem2uni
                0x00000000c002c64e                ff_wtoupper
 .text          0x00000000c002c7a5      0xc07 hal/libresample/samplerate.32
                0x00000000c002c7e9                src_delete
                0x00000000c002c844                src_process
                0x00000000c002ca33                src_callback_read
                0x00000000c002cc6d                src_set_ratio
                0x00000000c002ccdf                src_get_channels
                0x00000000c002cd20                src_reset
                0x00000000c002cd92                src_get_name
                0x00000000c002cdfe                src_get_description
                0x00000000c002ce6a                src_get_version
                0x00000000c002ce70                src_is_valid_ratio
                0x00000000c002cea6                src_error
                0x00000000c002cebb                src_strerror
                0x00000000c002cf6c                src_short_to_float_array
                0x00000000c002cfbe                src_float_to_short_array
                0x00000000c002d06e                src_int_to_float_array
                0x00000000c002d0bf                src_float_to_int_array
                0x00000000c002d1df                src_new
                0x00000000c002d2b3                src_callback_new
                0x00000000c002d347                src_simple
 .text          0x00000000c002d3ac      0x7bb hal/libresample/src_linear.32
                0x00000000c002da68                linear_get_name
                0x00000000c002da7b                linear_get_description
                0x00000000c002da8e                linear_set_converter
 .text          0x00000000c002db67     0x3a11 hal/libresample/src_sinc.32
                0x00000000c002f5a1                sinc_get_name
                0x00000000c002f5ce                sinc_get_description
                0x00000000c002f5fd                sinc_set_converter
 .text          0x00000000c0031578      0x743 hal/libresample/src_zoh.32
                0x00000000c0031bbc                zoh_get_name
                0x00000000c0031bcf                zoh_get_description
                0x00000000c0031be2                zoh_set_converter
 .text          0x00000000c0031cbb     0x1053 acpica/osl.32
                0x00000000c0031cbb                Subhandler
                0x00000000c0031cf7                isblank
                0x00000000c0031d0f                iscntrl
                0x00000000c0031d27                isdigit
                0x00000000c0031d3f                islower
                0x00000000c0031d57                isspace
                0x00000000c0031d78                isupper
                0x00000000c0031d90                isalpha
                0x00000000c0031dba                isalnum
                0x00000000c0031de4                ispunct
                0x00000000c0031e1e                isgraph
                0x00000000c0031e48                isprint
                0x00000000c0031e69                isxdigit
                0x00000000c0031e9f                AcpiOsInitialize
                0x00000000c0031ea5                AcpiOsTerminate
                0x00000000c0031eab                AcpiOsGetRootPointer
                0x00000000c0031eda                AcpiOsPredefinedOverride
                0x00000000c0031efe                AcpiOsTableOverride
                0x00000000c0031f0e                AcpiOsPhysicalTableOverride
                0x00000000c0031f25                AcpiOsReadPort
                0x00000000c0031fb6                AcpiOsWritePort
                0x00000000c0032041                AcpiOsGetTimer
                0x00000000c0032061                AcpiOsWaitEventsComplete
                0x00000000c0032079                AcpiOsReadPciConfiguration
                0x00000000c0032141                AcpiOsWritePciConfiguration
                0x00000000c0032223                AcpiOsSignal
                0x00000000c0032259                AcpiOsReadMemory
                0x00000000c0032325                AcpiOsEnterSleep
                0x00000000c0032338                AcpiOsWriteMemory
                0x00000000c00323ec                AcpiOsMapMemory
                0x00000000c00324e5                AcpiOsUnmapMemory
                0x00000000c00324e7                AcpiOsGetPhysicalAddress
                0x00000000c0032517                AcpiOsAllocate
                0x00000000c0032535                AcpiOsFree
                0x00000000c003254c                AcpiOsReadable
                0x00000000c0032565                AcpiOsWritable
                0x00000000c003257e                AcpiOsGetThreadId
                0x00000000c0032589                AcpiOsExecute
                0x00000000c00325a5                AcpiOsSleep
                0x00000000c00325eb                AcpiOsStall
                0x00000000c0032645                AcpiOsCreateSemaphore
                0x00000000c003268c                AcpiOsDeleteSemaphore
                0x00000000c00326a9                AcpiOsWaitSemaphore
                0x00000000c003277d                AcpiOsSignalSemaphore
                0x00000000c00327a6                AcpiOsCreateLock
                0x00000000c00327d3                AcpiOsDeleteLock
                0x00000000c00327d5                AcpiOsAcquireLock
                0x00000000c00327eb                AcpiOsReleaseLock
                0x00000000c0032806                AcpiOsInstallInterruptHandler
                0x00000000c0032865                AcpiOsRemoveInterruptHandler
                0x00000000c0032881                __i__int_str
                0x00000000c0032c3e                __i_displayCharacter
                0x00000000c0032c94                __i_displayString
                0x00000000c0032ce5                __i_internal_printf
                0x00000000c0032ceb                AcpiOsVprintf
                0x00000000c0032ced                AcpiOsPrintf
 .text          0x00000000c0032d0e      0xc10 core/computer.32
                0x00000000c0032d0e                Computer::close(int, int, void*)
                0x00000000c0032d56                Computer::Computer()
                0x00000000c0032d56                Computer::Computer()
                0x00000000c0032eb2                Computer::setBootMessage(char const*)
                0x00000000c0032eb4                Computer::start()
                0x00000000c0033083                firstTask()
                0x00000000c003309e                Computer::detectFeatures()
                0x00000000c003355c                Computer::displayFeatures()
                0x00000000c003355e                Computer::rdmsr(unsigned int)
                0x00000000c003359a                Computer::wrmsr(unsigned int, unsigned long long)
                0x00000000c00335da                Computer::nmiEnabled()
                0x00000000c00335e8                Computer::readCMOS(unsigned char)
                0x00000000c003362c                Computer::enableNMI(bool)
                0x00000000c0033658                Computer::open(int, int, void*)
                0x00000000c00337b4                Computer::disableNMI()
                0x00000000c00337ce                Computer::writeCMOS(unsigned char, unsigned char)
                0x00000000c003381e                Computer::handleNMI()
                0x00000000c00338a8                Computer::setDiskActivityLight(int, bool)
 .text          0x00000000c003391e      0xe65 core/elf.32
                0x00000000c003391e                allocateMemoryForTask(Process*, File*, unsigned long, unsigned long, unsigned long)
                0x00000000c0033b9b                loadProgramIntoMemory(Process*, char const*)
                0x00000000c0033dbf                runtimeReferenceHelper()
                0x00000000c0033dd2                getAddressOfKernelSymbol(char const*)
                0x00000000c0033e21                loadKernelSymbolTable(char const*)
                0x00000000c00340e9                loadDriverIntoMemory(char const*, unsigned long)
                0x00000000c00346ac                loadDLL(char const*)
                0x00000000c0034775                executeDLL(unsigned long, void*)
 *fill*         0x00000000c0034783        0x1 
 .text          0x00000000c0034784      0x19f core/gdt.32
                0x00000000c0034784                GDTEntry::setBase(unsigned int)
                0x00000000c00347a0                GDTEntry::setLimit(unsigned int)
                0x00000000c00347c0                GDT::GDT()
                0x00000000c00347c0                GDT::GDT()
                0x00000000c00347d6                GDT::addEntry(GDTEntry)
                0x00000000c00347f8                GDT::getNumberOfEntries()
                0x00000000c0034800                GDT::flush()
                0x00000000c0034822                GDT::setup()
 .text          0x00000000c0034923       0x61 core/idle.32
                0x00000000c0034923                idleFunction(void*)
 .text          0x00000000c0034984      0x3dd core/idt.32
                0x00000000c0034984                IDTEntry::IDTEntry(bool)
                0x00000000c0034984                IDTEntry::IDTEntry(bool)
                0x00000000c00349f2                IDTEntry::setOffset(unsigned int)
                0x00000000c0034a06                IDT::IDT()
                0x00000000c0034a06                IDT::IDT()
                0x00000000c0034a08                IDT::getPointerToInvalidOpcodeEntryForF00F()
                0x00000000c0034a10                IDT::addEntry(IDTEntry, int)
                0x00000000c0034a2a                IDT::addEntry(int, void (*)(), bool)
                0x00000000c0034a62                IDT::flush()
                0x00000000c0034a7c                IDT::setup()
 .text          0x00000000c0034d61      0x6fa core/kconsole.32
                0x00000000c0034d61                stringifyxWithBase(unsigned int, char*, int)
                0x00000000c0034df8                logc(char)
                0x00000000c0034e3f                logs(char*)
                0x00000000c0034e6d                logWriteInt(unsigned int)
                0x00000000c0034e93                logWriteIntBase(unsigned int, int)
                0x00000000c0034eba                kprintf(char const*, ...)
                0x00000000c003501e                panic(char const*)
 .text          0x00000000c003545b      0x1d6 core/kheap.32
                0x00000000c003545b                sbrk
                0x00000000c003553c                mmap
                0x00000000c0035552                munmap
                0x00000000c0035568                liballoc_lock()
                0x00000000c0035579                liballoc_unlock()
                0x00000000c003558a                liballoc_alloc(int)
                0x00000000c00355a5                liballoc_free(void*, int)
                0x00000000c00355c3                realloc
                0x00000000c00355d7                malloc
                0x00000000c00355e7                free
                0x00000000c00355f7                rfree
                0x00000000c0035607                calloc
 .text          0x00000000c0035631      0x647 core/main.32
                0x00000000c0035631                hwTextMode_loadInData(VgaText*)
                0x00000000c0035695                hwTextMode_loadInTitle(VgaText*, char*)
                0x00000000c00356f7                hwTextMode_update(VgaText*)
                0x00000000c00356f9                hwTextMode_scrollScreen(VgaText*)
                0x00000000c00357f3                hwTextMode_writeCharacter(VgaText*, char, VgaColour, VgaColour, int, int)
                0x00000000c003587a                hwTextMode_updateCursor(VgaText*)
                0x00000000c0035919                hwTextMode_showCursor(VgaText*, bool)
                0x00000000c00359e0                hwTextMode_disableBlink(VgaText*, bool)
                0x00000000c0035a8f                setupTextMode()
                0x00000000c0035ae1                kernel_main
 .text          0x00000000c0035c78      0x67d core/physmgr.32
                0x00000000c0035c78                PhysMem::allocateDMA(unsigned long)
                0x00000000c0035d7e                PhysMem::freeDMA(unsigned long, unsigned long)
                0x00000000c0035de7                PhysMem::setPageState(unsigned long, bool)
                0x00000000c0035e6e                PhysMem::getPageState(unsigned long)
                0x00000000c0035eae                PhysMem::freePage(unsigned long)
                0x00000000c0035f61                PhysMem::allocatePage()
                0x00000000c0036052                PhysMem::allowSegmentToBeUsed(unsigned long, unsigned long)
                0x00000000c00360a5                PhysMem::physicalMemorySetup(unsigned int)
 *fill*         0x00000000c00362f5        0x3 
 .text          0x00000000c00362f8      0x273 core/pipe.32
                0x00000000c00362f8                Pipe::isAtty()
                0x00000000c00362fc                Pipe::~Pipe()
                0x00000000c00362fc                Pipe::~Pipe()
                0x00000000c0036320                Pipe::~Pipe()
                0x00000000c0036348                Pipe::read(unsigned long long, void*, int*)
                0x00000000c003643c                Pipe::write(unsigned long long, void*, int*)
                0x00000000c0036504                Pipe::Pipe(int)
                0x00000000c0036504                Pipe::Pipe(int)
 *fill*         0x00000000c003656b        0x1 
 .text          0x00000000c003656c     0x1859 core/prcssthr.32
                0x00000000c003656c                changeTSS
                0x00000000c00365a4                Process::addArgs(char**)
                0x00000000c003668a                Process::Process(char const*, Process*, char**)
                0x00000000c003668a                Process::Process(char const*, Process*, char**)
                0x00000000c0036842                Process::Process(bool, char const*, Process*, char**)
                0x00000000c0036842                Process::Process(bool, char const*, Process*, char**)
                0x00000000c00369c5                disableIRQs()
                0x00000000c00369d3                getIRQNestingLevel()
                0x00000000c00369d9                enableIRQs()
                0x00000000c00369f0                lockScheduler()
                0x00000000c00369fe                unlockScheduler()
                0x00000000c0036a0c                userModeEntryPoint(void*)
                0x00000000c0036a37                lockStuff()
                0x00000000c0036a50                taskStartupFunction
                0x00000000c0036a5b                updateTimeUsed()
                0x00000000c0036af4                switchToThread(ThreadControlBlock*)
                0x00000000c0036b5e                Semaphore::Semaphore(int)
                0x00000000c0036b5e                Semaphore::Semaphore(int)
                0x00000000c0036b8c                Mutex::Mutex()
                0x00000000c0036b8c                Mutex::Mutex()
                0x00000000c0036b9e                Process::createThread(void (*)(void*), void*, int)
                0x00000000c0036db6                Process::createUserThread()
                0x00000000c0036dd5                setupMultitasking(void (*)())
                0x00000000c0036f44                schedule()
                0x00000000c0036ff0                unlockStuff()
                0x00000000c003702a                forkProcess(regs*)
                0x00000000c0037232                Semaphore::tryAcquire()
                0x00000000c003726e                Semaphore::assertLocked(char const*)
                0x00000000c003729e                blockTaskWithSchedulerLockAlreadyHeld(TaskState)
                0x00000000c00372ea                blockTask(TaskState)
                0x00000000c003730f                waitTask(int, int*, int)
                0x00000000c003736c                nanoSleepUntil(unsigned long long)
                0x00000000c00373da                nanoSleep(unsigned long long)
                0x00000000c0037416                sleep(unsigned long long)
                0x00000000c0037456                Semaphore::acquire()
                0x00000000c00374da                execveProcess(char const*, char* const*, char* const*)
                0x00000000c003759c                taskReturned
                0x00000000c00375de                unblockTask(ThreadControlBlock*)
                0x00000000c00376b3                cleanupTerminatedTask(ThreadControlBlock*)
                0x00000000c0037b8a                cleanerTaskFunction(void*)
                0x00000000c0037c24                terminateTask(int)
                0x00000000c0037cc0                Semaphore::release()
 .text          0x00000000c0037dc5     0x15ba core/syscalls.32
                0x00000000c0037dc5                sysCallGetPID(regs*)
                0x00000000c0037dd3                sysCallSeekDir(regs*)
                0x00000000c0037dde                sysCallTellDir(regs*)
                0x00000000c0037de9                sysCallVerify(regs*)
                0x00000000c0037df9                sysCallGetArgc(regs*)
                0x00000000c0037e0b                sysFormatDisk(regs*)
                0x00000000c0037ebb                sysSetDiskVolumeLabel(regs*)
                0x00000000c0037f4d                sysGetDiskVolumeLabel(regs*)
                0x00000000c0037ffa                sysShutdown(regs*)
                0x00000000c0038067                sysCallWrite(regs*)
                0x00000000c0038101                sysCallRead(regs*)
                0x00000000c003819b                sysCallReadDir(regs*)
                0x00000000c0038255                sysCallIsATTY(regs*)
                0x00000000c00382c0                sysCallGetCwd(regs*)
                0x00000000c00382f1                sysCallSetCwd(regs*)
                0x00000000c0038319                sysCallRealpath(regs*)
                0x00000000c003837a                sysCallOpen(regs*)
                0x00000000c0038528                sysCallSeek(regs*)
                0x00000000c003859d                sysCallTell(regs*)
                0x00000000c003860c                sysCallSizeFromFilename(regs*)
                0x00000000c00386c6                sysCallSize(regs*)
                0x00000000c003873b                sysCallClose(regs*)
                0x00000000c00387a9                sysCallOpenDir(regs*)
                0x00000000c003885c                sysCallMakeDir(regs*)
                0x00000000c00388f7                sysCallCloseDir(regs*)
                0x00000000c0038965                sysCallWait(regs*)
                0x00000000c0038992                sysCallFork(regs*)
                0x00000000c00389b9                sysCallExecve(regs*)
                0x00000000c0038a24                sysCallRmdir(regs*)
                0x00000000c0038ab0                sysCallUnlink(regs*)
                0x00000000c0038b3c                sysCallGetArgv(regs*)
                0x00000000c0038bd7                sysCallTTYName(regs*)
                0x00000000c0038c90                sysCallGetEnv(regs*)
                0x00000000c0038cfc                sysCallUSleep(regs*)
                0x00000000c0038d81                sysCallSpawn(regs*)
                0x00000000c0038e2c                sysAppSettings(regs*)
                0x00000000c0038fc6                sysSetFatAttrib(regs*)
                0x00000000c0039069                sysPanic(regs*)
                0x00000000c003909d                sysPipe(regs*)
                0x00000000c0039114                sysGetUnixTime(regs*)
                0x00000000c0039133                string_ends_with(char const*, char const*)
                0x00000000c003918e                setupSystemCalls()
                0x00000000c003933d                systemCall(regs*, void*)
 *fill*         0x00000000c003937f        0x1 
 .text          0x00000000c0039380      0xf53 core/terminal.32
                0x00000000c0039380                VgaText::isAtty()
                0x00000000c0039384                VgaText::~VgaText()
                0x00000000c0039384                VgaText::~VgaText()
                0x00000000c00393a8                VgaText::~VgaText()
                0x00000000c00393d2                VgaText::read(unsigned long long, void*, int*)
                0x00000000c00393f2                setTerminalScrollLock(bool)
                0x00000000c00393f3                addToTerminalCycle(VgaText*)
                0x00000000c0039420                installVgaTextImplementation()
                0x00000000c0039435                scrollTerminalScrollLock(int)
                0x00000000c0039436                VgaText::load()
                0x00000000c003948a                VgaText::updateCursor()
                0x00000000c00394a4                VgaText::showCursor(bool)
                0x00000000c00394b4                VgaText::disableBlink(bool)
                0x00000000c00394ee                VgaText::doANSI_SGR(int)
                0x00000000c003957a                VgaText::setDefaultBgColour(VgaColour)
                0x00000000c0039590                VgaText::setDefaultFgColour(VgaColour)
                0x00000000c00395a6                VgaText::setDefaultColours(VgaColour, VgaColour)
                0x00000000c00395c6                VgaText::combineColours(unsigned char, unsigned char)
                0x00000000c00395d8                VgaText::scrollScreen()
                0x00000000c003966c                VgaText::combineCharAndColour(char, unsigned char)
                0x00000000c003967e                VgaText::writeCharacter(char, VgaColour, VgaColour, int, int)
                0x00000000c00396de                VgaText::getCursorX()
                0x00000000c00396ea                VgaText::getCursorY()
                0x00000000c00396f6                VgaText::setCursor(int, int)
                0x00000000c0039714                VgaText::setCursorX(int)
                0x00000000c0039730                VgaText::setCursorY(int)
                0x00000000c003974c                VgaText::incrementCursor(bool)
                0x00000000c00397b4                VgaText::updateRAMUsageDisplay(int)
                0x00000000c003980e                VgaText::updateDiskUsage()
                0x00000000c0039960                VgaText::updateTitle()
                0x00000000c00399a6                VgaText::setTitleTextColour(VgaColour)
                0x00000000c00399b6                VgaText::setTitleColour(VgaColour)
                0x00000000c00399c6                VgaText::setTitle(char*)