Archive member included to satisfy reference by file (symbol)

/cygdrive/d/Users/Alex/Desktop/Toolchain/Output/bin/../lib/gcc/i386-banana/8.1.0/libkgcc.a(_divdi3.o)
                              krnl/resolve.32 (__divdi3)
/cygdrive/d/Users/Alex/Desktop/Toolchain/Output/bin/../lib/gcc/i386-banana/8.1.0/libkgcc.a(_moddi3.o)
                              krnl/resolve.32 (__moddi3)
/cygdrive/d/Users/Alex/Desktop/Toolchain/Output/bin/../lib/gcc/i386-banana/8.1.0/libkgcc.a(_udivdi3.o)
                              hal/clock.32 (__udivdi3)
/cygdrive/d/Users/Alex/Desktop/Toolchain/Output/bin/../lib/gcc/i386-banana/8.1.0/libkgcc.a(_umoddi3.o)
                              core/pipe.32 (__umoddi3)

Allocating common symbols
Common symbol       size              file

current_iphdr_src   0x4               net/core/ipv4/ip.32
netif_list          0x4               net/core/netif.32
tcp_active_pcbs     0x4               net/core/tcp.32
udp_pcbs            0x4               net/core/udp.32
current_netif       0x4               net/core/ipv4/ip.32
tcp_ticks           0x4               net/core/tcp.32
tcp_listen_pcbs     0x4               net/core/tcp.32
current_iphdr_dest  0x4               net/core/ipv4/ip.32
tcp_tmp_pcb         0x4               net/core/tcp.32
tcp_input_pcb       0x4               net/core/tcp_in.32
dcache              0x40              fs/iso9660/iso9660.32
current_header      0x4               net/core/ipv4/ip.32
tcp_bound_pcbs      0x4               net/core/tcp.32
cdDriveLetter       0x1               fs/iso9660/iso9660.32
tcp_tw_pcbs         0x4               net/core/tcp.32
lwip_stats          0x150             net/core/stats.32
netif_default       0x4               net/core/netif.32
ram_heap            0x64d             net/core/mem.32
icache              0x40              fs/iso9660/iso9660.32

Discarded input sections

 .comment       0x0000000000000000       0x12 /cygdrive/d/Users/Alex/Desktop/Toolchain/Output/bin/../lib/gcc/i386-banana/8.1.0/crtbegin.o
 .comment       0x0000000000000000       0x12 acpica/utclib.32
 .comment       0x0000000000000000       0x12 arch/cc.32
 .comment       0x0000000000000000       0x12 arch/sys_arch.32
 .comment       0x0000000000000000       0x12 core/malloc.32
 .comment       0x0000000000000000       0x12 libk/ctype.32
 .comment       0x0000000000000000       0x12 libk/string.32
 .comment       0x0000000000000000       0x12 fs/fat/diskio.32
 .comment       0x0000000000000000       0x12 fs/fat/ff.32
 .comment       0x0000000000000000       0x12 fs/fat/ffsystem.32
 .comment       0x0000000000000000       0x12 fs/fat/ffunicode.32
 .comment       0x0000000000000000       0x12 fs/iso9660/iso9660.32
 .comment       0x0000000000000000       0x12 net/core/def.32
 .comment       0x0000000000000000       0x12 net/core/dhcp.32
 .comment       0x0000000000000000       0x12 net/core/dns.32
 .comment       0x0000000000000000       0x12 net/core/init.32
 .comment       0x0000000000000000       0x12 net/core/mem.32
 .comment       0x0000000000000000       0x12 net/core/memp.32
 .comment       0x0000000000000000       0x12 net/core/netif.32
 .comment       0x0000000000000000       0x12 net/core/pbuf.32
 .comment       0x0000000000000000       0x12 net/core/raw.32
 .comment       0x0000000000000000       0x12 net/core/stats.32
 .comment       0x0000000000000000       0x12 net/core/sys.32
 .comment       0x0000000000000000       0x12 net/core/tcp.32
 .comment       0x0000000000000000       0x12 net/core/tcp_in.32
 .comment       0x0000000000000000       0x12 net/core/tcp_out.32
 .comment       0x0000000000000000       0x12 net/core/timers.32
 .comment       0x0000000000000000       0x12 net/core/udp.32
 .comment       0x0000000000000000       0x12 net/netif/etharp.32
 .comment       0x0000000000000000       0x12 net/netif/ethernetif.32
 .comment       0x0000000000000000       0x12 net/netif/slipif.32
 .comment       0x0000000000000000       0x12 net/core/ipv4/autoip.32
 .comment       0x0000000000000000       0x12 net/core/ipv4/icmp.32
 .comment       0x0000000000000000       0x12 net/core/ipv4/igmp.32
 .comment       0x0000000000000000       0x12 net/core/ipv4/inet.32
 .comment       0x0000000000000000       0x12 net/core/ipv4/inet_chksum.32
 .comment       0x0000000000000000       0x12 net/core/ipv4/ip.32
 .comment       0x0000000000000000       0x12 net/core/ipv4/ip_addr.32
 .comment       0x0000000000000000       0x12 net/core/ipv4/ip_frag.32
 .comment       0x0000000000000000       0x12 net/core/snmp/asn1_dec.32
 .comment       0x0000000000000000       0x12 net/core/snmp/asn1_enc.32
 .comment       0x0000000000000000       0x12 net/core/snmp/mib2.32
 .comment       0x0000000000000000       0x12 net/core/snmp/mib_structs.32
 .comment       0x0000000000000000       0x12 net/core/snmp/msg_in.32
 .comment       0x0000000000000000       0x12 net/core/snmp/msg_out.32
 .comment       0x0000000000000000       0x12 net/netif/ppp/auth.32
[...]
Memory Configuration

Name             Origin             Length             Attributes
*default*        0x0000000000000000 0xffffffffffffffff

Linker script and memory map

LOAD D:/Users/Alex/Desktop/Banana/kernel/boot.32
LOAD crti.32
LOAD /cygdrive/d/Users/Alex/Desktop/Toolchain/Output/bin/../lib/gcc/i386-banana/8.1.0/crtbegin.o
LOAD D:/Users/Alex/Desktop/Banana/kernel/morenasm.32
LOAD acpica/utclib.32
LOAD arch/cc.32
LOAD arch/sys_arch.32
LOAD core/malloc.32
LOAD libk/ctype.32
LOAD libk/string.32
LOAD fs/fat/diskio.32
LOAD fs/fat/ff.32
LOAD fs/fat/ffsystem.32
LOAD fs/fat/ffunicode.32
LOAD fs/iso9660/iso9660.32
LOAD net/core/def.32
LOAD net/core/dhcp.32
LOAD net/core/dns.32
LOAD net/core/init.32
LOAD net/core/mem.32
LOAD net/core/memp.32
LOAD net/core/netif.32
LOAD net/core/pbuf.32
LOAD net/core/raw.32
LOAD net/core/stats.32
LOAD net/core/sys.32
LOAD net/core/tcp.32
LOAD net/core/tcp_in.32
LOAD net/core/tcp_out.32
LOAD net/core/timers.32
LOAD net/core/udp.32
LOAD net/netif/etharp.32
LOAD net/netif/ethernetif.32
LOAD net/netif/slipif.32
LOAD net/core/ipv4/autoip.32
LOAD net/core/ipv4/icmp.32
LOAD net/core/ipv4/igmp.32
LOAD net/core/ipv4/inet.32
LOAD net/core/ipv4/inet_chksum.32
LOAD net/core/ipv4/ip.32
LOAD net/core/ipv4/ip_addr.32
LOAD net/core/ipv4/ip_frag.32
LOAD net/core/snmp/asn1_dec.32
LOAD net/core/snmp/asn1_enc.32
LOAD net/core/snmp/mib2.32
LOAD net/core/snmp/mib_structs.32
LOAD net/core/snmp/msg_in.32
LOAD net/core/snmp/msg_out.32
LOAD net/netif/ppp/auth.32
LOAD net/netif/ppp/chap.32
LOAD net/netif/ppp/chpms.32
LOAD net/netif/ppp/fsm.32
LOAD net/netif/ppp/ipcp.32
LOAD net/netif/ppp/lcp.32
LOAD net/netif/ppp/magic.32
LOAD net/netif/ppp/md5.32
LOAD net/netif/ppp/pap.32
LOAD net/netif/ppp/ppp.32
LOAD net/netif/ppp/ppp_oe.32
LOAD net/netif/ppp/randm.32
LOAD net/netif/ppp/vj.32
LOAD core/computer.32
LOAD core/gdt.32
LOAD core/idle.32
LOAD core/idt.32
LOAD core/kheap.32
LOAD core/main.32
LOAD core/physmgr.32
LOAD core/pipe.32
LOAD core/terminal.32
LOAD core/tss.32
LOAD core/unixfile.32
LOAD core/virtmgr.32
LOAD coreobjs/c++.32
LOAD dbg/kconsole.32
LOAD dbg/usban.32
LOAD fs/symlink.32
LOAD fs/vfs.32
LOAD hal/bus.32
LOAD hal/buzzer.32
LOAD hal/clock.32
LOAD hal/device.32
LOAD hal/diskctrl.32
LOAD hal/diskphys.32
LOAD hal/fpu.32
LOAD hal/intctrl.32
LOAD hal/keybrd.32
LOAD hal/logidisk.32
LOAD hal/mouse.32
LOAD hal/nic.32
LOAD hal/partition.32
LOAD hal/serial.32
LOAD hal/timer.32
LOAD hal/vcache.32
LOAD hal/video.32
LOAD hw/acpi.32
LOAD hw/cpu.32
LOAD krnl/atexit.32
LOAD krnl/bootmsg.32
LOAD krnl/cdefs.32
LOAD krnl/compat.32
LOAD krnl/crc32.32
LOAD krnl/env.32
LOAD krnl/inlines.32
LOAD krnl/mailbox.32
LOAD krnl/mutex.32
LOAD krnl/panic.32
LOAD krnl/powctrl.32
LOAD krnl/random.32
LOAD krnl/resolve.32
LOAD krnl/semaphore.32
LOAD krnl/signal.32
LOAD krnl/syscalls.32
LOAD net/ethernet.32
LOAD net/netosl.32
LOAD reg/cm.32
LOAD reg/registry.32
LOAD sys/eject.32
LOAD sys/exit.32
LOAD sys/getcwd.32
LOAD sys/getpid.32
LOAD sys/getramdata.32
LOAD sys/getvgaptr.32
LOAD sys/kill.32
LOAD sys/loaddll.32
LOAD sys/read.32
LOAD sys/registersignal.32
LOAD sys/registry.32
LOAD sys/sbrk.32
LOAD sys/setcwd.32
LOAD sys/settime.32
LOAD sys/symlink.32
LOAD sys/timezone.32
LOAD sys/truncate.32
LOAD sys/write.32
LOAD sys/wsbe.32
LOAD sys/yield.32
LOAD thr/elf.32
LOAD thr/exec.32
LOAD thr/prcssthr.32
LOAD vm86/vm8086.32
LOAD arch/i386/hal.32
LOAD arch/i386/pic.32
LOAD arch/i386/rtc.32
LOAD arch/i386/vga.32
LOAD fs/fat/vfslink.32
LOAD fs/iso9660/helper.32
LOAD fs/iso9660/vfslink.32
LOAD hal/sound/sndcard.32
LOAD hal/sound/sndport.32
LOAD hw/bus/isa.32
LOAD hw/bus/pci.32
LOAD hw/diskctrl/ide.32
LOAD hw/diskctrl/satabus.32
LOAD hw/diskphys/ata.32
LOAD hw/diskphys/atapi.32
LOAD hw/diskphys/sata.32
LOAD hw/diskphys/satapi.32
LOAD hw/intctrl/apic.32
LOAD hw/timer/apictimer.32
LOAD hw/timer/pit.32
LOAD arch/i386/avx.32
LOAD arch/i386/interrupt.32
LOAD arch/i386/rdrand.32
LOAD arch/i386/sse.32
LOAD arch/i386/x87.32
LOAD /cygdrive/d/Users/Alex/Desktop/Toolchain/Output/bin/../lib/gcc/i386-banana/8.1.0/crtend.o
LOAD crtn.32
LOAD /cygdrive/d/Users/Alex/Desktop/Toolchain/Output/bin/../lib/gcc/i386-banana/8.1.0/libkgcc.a
LOAD D:/Users/Alex/Desktop/Banana/kernel/libsoftfp.a
LOAD D:/Users/Alex/Desktop/Banana/kernel/libk/libm32.a
                0x00000000c0000000                . = 0xc0000000

.text           0x00000000c0000000    0x2e8ca
 *(.text)
 .text          0x00000000c0000000       0x20 D:/Users/Alex/Desktop/Banana/kernel/boot.32
 .text          0x00000000c0000020        0x0 crti.32
 .text          0x00000000c0000020      0x101 /cygdrive/d/Users/Alex/Desktop/Toolchain/Output/bin/../lib/gcc/i386-banana/8.1.0/crtbegin.o
 *fill*         0x00000000c0000121        0xf 
 .text          0x00000000c0000130      0x24f D:/Users/Alex/Desktop/Banana/kernel/morenasm.32
                0x00000000c0000130                manualPCIProbe
                0x00000000c000017b                prepareTramp
                0x00000000c0000194                doTPAUSE
                0x00000000c000019e                hasLegacyFPU
                0x00000000c00001c3                is486
                0x00000000c00001f9                detectCPUID
                0x00000000c000020f                goToVM86
                0x00000000c000023f                goToUsermode
                0x00000000c0000269                switchToThreadASMFirstTime
                0x00000000c0000277                switchToThreadASM
                0x00000000c00002fc                asmQuickAcquireLock
                0x00000000c000031a                asmQuickReleaseLock
                0x00000000c0000326                asmAcquireLock
                0x00000000c0000347                asmReleaseLock
                0x00000000c000035a                loadGDT
                0x00000000c000037a                memcpy
 *fill*         0x00000000c000037f        0x1 
 .text          0x00000000c0000380      0x868 acpica/utclib.32
                0x00000000c0000380                memcmp
                0x00000000c00003d0                memmove
                0x00000000c00004f0                memset
                0x00000000c0000570                strlen
                0x00000000c00005a0                strpbrk
                0x00000000c00005f0                strtok
                0x00000000c0000640                strcpy
                0x00000000c0000680                strncpy
                0x00000000c0000750                strcmp
                0x00000000c00007a0                strchr
                0x00000000c00007e0                strncmp
                0x00000000c0000840                strcat
                0x00000000c0000870                strncat
                0x00000000c00008d0                strstr
                0x00000000c0000930                toupper
                0x00000000c0000950                tolower
                0x00000000c0000970                simple_strtoul
 .text          0x00000000c0000be8       0x53 arch/cc.32
                0x00000000c0000be8                LWIP_PLATFORM_HTONS
                0x00000000c0000c0c                LWIP_PLATFORM_HTONL
 *fill*         0x00000000c0000c3b        0x1 
 .text          0x00000000c0000c3c      0x162 arch/sys_arch.32
                0x00000000c0000c3c                lwip_socket_init
                0x00000000c0000c54                tcpip_callback_with_block
                0x00000000c0000c6c                sys_sem_new
                0x00000000c0000c94                sys_sem_free
                0x00000000c0000cac                sys_sem_signal
                0x00000000c0000cc4                sys_arch_sem_wait
                0x00000000c0000ce0                sys_mbox_new
                0x00000000c0000cfc                sys_mbox_free
                0x00000000c0000d14                sys_mbox_post
                0x00000000c0000d2c                sys_arch_mbox_fetch
                0x00000000c0000d48                sys_arch_mbox_tryfetch
                0x00000000c0000d64                sys_mbox_trypost
                0x00000000c0000d7c                sys_thread_new
                0x00000000c0000d9c                sys_init
 .text          0x00000000c0000d9e     0x1140 core/malloc.32
                0x00000000c0000f09                dlfree
                0x00000000c00013d0                dlmalloc
                0x00000000c000190d                dlrealloc
                0x00000000c0001aea                dlmemalign
                0x00000000c0001c0d                dlcalloc
                0x00000000c0001c9e                dlcfree
                0x00000000c0001ca3                dlindependent_calloc
                0x00000000c0001cc8                dlindependent_comalloc
                0x00000000c0001cdf                dlvalloc
                0x00000000c0001d0a                dlpvalloc
                0x00000000c0001d40                dlmalloc_trim
                0x00000000c0001d4d                dlmalloc_usable_size
                0x00000000c0001d7e                dlmallinfo
                0x00000000c0001e4d                dlmalloc_stats
                0x00000000c0001e5e                dlmallopt
 *fill*         0x00000000c0001ede        0x2 
 .text          0x00000000c0001ee0      0x1f2 libk/ctype.32
                0x00000000c0001ee0                isblank
                0x00000000c0001f00                iscntrl
                0x00000000c0001f20                isdigit
                0x00000000c0001f3c                islower
                0x00000000c0001f58                isspace
                0x00000000c0001f80                isupper
                0x00000000c0001f9c                isalpha
                0x00000000c0001fcc                isalnum
                0x00000000c0001ffc                ispunct
                0x00000000c000203c                isgraph
                0x00000000c000206c                isprint
                0x00000000c0002094                isxdigit
 .text          0x00000000c00020d2        0x0 libk/string.32
 .text          0x00000000c00020d2       0x51 fs/fat/diskio.32
                0x00000000c00020d2                disk_status
                0x00000000c00020d5                disk_initialize
                0x00000000c00020d8                disk_read
                0x00000000c00020ee                disk_write
                0x00000000c0002104                disk_ioctl
 .text          0x00000000c0002123     0x3e46 fs/fat/ff.32
                0x00000000c0003f44                f_mount
                0x00000000c0003fa6                f_open
                0x00000000c0004269                f_read
                0x00000000c0004468                f_write
                0x00000000c00046b0                f_sync
                0x00000000c0004775                f_close
                0x00000000c00047a4                f_lseek
                0x00000000c0004955                f_opendir
                0x00000000c0004a20                f_closedir
                0x00000000c0004a42                f_readdir
                0x00000000c0004ad4                f_stat
                0x00000000c0004b53                f_getfree
                0x00000000c0004c5c                f_truncate
                0x00000000c0004d46                f_unlink
                0x00000000c0004e68                f_mkdir
                0x00000000c0005003                f_rename
                0x00000000c00051bb                f_chmod
                0x00000000c000526b                f_utime
                0x00000000c000531b                f_getlabel
                0x00000000c000546c                f_setlabel
                0x00000000c00055fc                f_expand
                0x00000000c0005769                f_mkfs
 *fill*         0x00000000c0005f69        0x3 
 .text          0x00000000c0005f6c       0x2f fs/fat/ffsystem.32
                0x00000000c0005f6c                ff_memalloc
                0x00000000c0005f84                ff_memfree
 *fill*         0x00000000c0005f9b        0x1 
 .text          0x00000000c0005f9c      0x2dc fs/fat/ffunicode.32
                0x00000000c0005f9c                ff_uni2oem
                0x00000000c000603c                ff_oem2uni
                0x00000000c00060b4                ff_wtoupper
 .text          0x00000000c0006278      0xd32 fs/iso9660/iso9660.32
                0x00000000c00064c3                isoReadDiscSector
                0x00000000c000655e                strnicmp
                0x00000000c000680d                stricmp
                0x00000000c0006859                iso_open
                0x00000000c00068e3                iso_close
                0x00000000c0006901                iso_read
                0x00000000c0006a17                iso_seek
                0x00000000c0006a9b                iso_tell
                0x00000000c0006acc                iso_total
                0x00000000c0006af7                fn_postprocess
                0x00000000c0006b1e                iso_readdir
                0x00000000c0006d75                iso_reset
                0x00000000c0006d92                init_percd
                0x00000000c0006e8c                iso_ioctl
                0x00000000c0006ea4                fs_iso9660_init
                0x00000000c0006f3a                fs_iso9660_shutdown
 .text          0x00000000c0006faa        0x0 net/core/def.32
 .text          0x00000000c0006faa        0x0 net/core/dhcp.32
 .text          0x00000000c0006faa        0x0 net/core/dns.32
 *fill*         0x00000000c0006faa        0x2 
 .text          0x00000000c0006fac       0x2b net/core/init.32
                0x00000000c0006fac                lwip_init
 *fill*         0x00000000c0006fd7        0x1 
 .text          0x00000000c0006fd8      0x9f0 net/core/mem.32
                0x00000000c000716c                mem_init
                0x00000000c0007214                mem_free
                0x00000000c0007338                mem_trim
                0x00000000c0007648                mem_malloc
                0x00000000c0007964                mem_calloc
 .text          0x00000000c00079c8      0x2e8 net/core/memp.32
                0x00000000c00079c8                memp_init
                0x00000000c0007b0c                memp_malloc
                0x00000000c0007c38                memp_free
 .text          0x00000000c0007cb0      0x4ba net/core/netif.32
                0x00000000c0007cb0                netif_init
                0x00000000c0007cb4                netif_find
                0x00000000c0007d4c                netif_set_ipaddr
                0x00000000c0007e44                netif_set_gw
                0x00000000c0007e68                netif_set_netmask
                0x00000000c0007e8c                netif_set_addr
                0x00000000c0007ed0                netif_add
                0x00000000c0007f9c                netif_set_default
                0x00000000c0007fa8                netif_set_up
                0x00000000c000800c                netif_set_down
                0x00000000c0008034                netif_remove
                0x00000000c00080e0                netif_set_link_up
                0x00000000c0008144                netif_set_link_down
 *fill*         0x00000000c000816a        0x2 
 .text          0x00000000c000816c     0x16ac net/core/pbuf.32
                0x00000000c0008234                pbuf_alloced_custom
                0x00000000c0008358                pbuf_header
                0x00000000c00084f4                pbuf_free
                0x00000000c00086cc                pbuf_alloc
                0x00000000c0008ac4                pbuf_realloc
                0x00000000c0008cc8                pbuf_clen
                0x00000000c0008cfc                pbuf_ref
                0x00000000c0008d2c                pbuf_cat
                0x00000000c0008e0c                pbuf_chain
                0x00000000c0008e38                pbuf_dechain
                0x00000000c0008f2c                pbuf_copy
                0x00000000c0009194                pbuf_copy_partial
                0x00000000c0009338                pbuf_take
                0x00000000c00094b8                pbuf_coalesce
                0x00000000c000954c                pbuf_get_at
                0x00000000c00095e4                pbuf_memcmp
                0x00000000c00096f0                pbuf_memfind
                0x00000000c00097a4                pbuf_strstr
 .text          0x00000000c0009818      0x3e4 net/core/raw.32
                0x00000000c0009818                raw_input
                0x00000000c0009924                raw_bind
                0x00000000c0009948                raw_connect
                0x00000000c000996c                raw_recv
                0x00000000c0009984                raw_sendto
                0x00000000c0009af0                raw_send
                0x00000000c0009b14                raw_remove
                0x00000000c0009b94                raw_new
 .text          0x00000000c0009bfc        0x2 net/core/stats.32
                0x00000000c0009bfc                stats_init
 *fill*         0x00000000c0009bfe        0x2 
 .text          0x00000000c0009c00       0x55 net/core/sys.32
                0x00000000c0009c00                sys_msleep
 *fill*         0x00000000c0009c55        0x3 
 .text          0x00000000c0009c58     0x1dec net/core/tcp.32
                0x00000000c0009c68                tcp_listen_with_backlog
                0x00000000c0009e18                tcp_update_rcv_ann_wnd
                0x00000000c0009ef4                tcp_recved
                0x00000000c000a03c                tcp_bind
                0x00000000c000a16c                tcp_seg_free
                0x00000000c000a1b0                tcp_segs_free
                0x00000000c000a1e8                tcp_setprio
                0x00000000c000a204                tcp_seg_copy
                0x00000000c000a258                tcp_arg
                0x00000000c000a268                tcp_recv
                0x00000000c000a278                tcp_sent
                0x00000000c000a288                tcp_err
                0x00000000c000a298                tcp_accept
                0x00000000c000a2a8                tcp_poll
                0x00000000c000a2d0                tcp_pcb_purge
                0x00000000c000a3b4                tcp_slowtmr
                0x00000000c000ab38                tcp_pcb_remove
                0x00000000c000afe0                tcp_close
                0x00000000c000b01c                tcp_recv_null
                0x00000000c000b080                tcp_fasttmr
                0x00000000c000b1a4                tcp_tmr
                0x00000000c000b1d4                tcp_shutdown
                0x00000000c000b280                tcp_abandon
                0x00000000c000b414                tcp_abort
                0x00000000c000b580                tcp_next_iss
                0x00000000c000b598                tcp_alloc
                0x00000000c000b744                tcp_new
                0x00000000c000b758                tcp_eff_send_mss
                0x00000000c000b7c8                tcp_connect
                0x00000000c000ba38                tcp_debug_state_str
 .text          0x00000000c000ba44     0x3131 net/core/tcp_in.32
                0x00000000c000e0a4                tcp_input
 *fill*         0x00000000c000eb75        0x3 
 .text          0x00000000c000eb78     0x1f81 net/core/tcp_out.32
                0x00000000c000f0e8                tcp_write
                0x00000000c000f988                tcp_enqueue_flags
                0x00000000c000fc74                tcp_send_fin
                0x00000000c000fd14                tcp_send_empty_ack
                0x00000000c0010024                tcp_output
                0x00000000c00104b0                tcp_rst
                0x00000000c0010624                tcp_rexmit_rto
                0x00000000c00106b4                tcp_rexmit
                0x00000000c001077c                tcp_rexmit_fast
                0x00000000c0010860                tcp_keepalive
                0x00000000c0010928                tcp_zero_window_probe
 *fill*         0x00000000c0010af9        0x3 
 .text          0x00000000c0010afc      0x44d net/core/timers.32
                0x00000000c0010afc                sys_timeout
                0x00000000c0010cb4                tcp_timer_needed
                0x00000000c0010d48                sys_timeouts_init
                0x00000000c0010d80                sys_untimeout
                0x00000000c0010e4c                sys_timeouts_mbox_fetch
 *fill*         0x00000000c0010f49        0x3 
 .text          0x00000000c0010f4c      0xae8 net/core/udp.32
                0x00000000c0010f4c                udp_input
                0x00000000c00113c0                udp_bind
                0x00000000c0011540                udp_sendto_if
                0x00000000c00117c0                udp_sendto
                0x00000000c0011824                udp_send
                0x00000000c0011850                udp_connect
                0x00000000c0011930                udp_disconnect
                0x00000000c001195c                udp_recv
                0x00000000c0011974                udp_remove
                0x00000000c00119f4                udp_new
 .text          0x00000000c0011a34     0x1204 net/netif/etharp.32
                0x00000000c0011a8c                etharp_tmr
                0x00000000c001205c                etharp_find_addr
                0x00000000c00125bc                etharp_request
                0x00000000c00125f8                etharp_query
                0x00000000c0012934                etharp_output
                0x00000000c0012af4                ethernet_input
 .text          0x00000000c0012c38        0x0 net/netif/ethernetif.32
 .text          0x00000000c0012c38        0x0 net/netif/slipif.32
 .text          0x00000000c0012c38        0x0 net/core/ipv4/autoip.32
 .text          0x00000000c0012c38      0x5dd net/core/ipv4/icmp.32
                0x00000000c0012c38                icmp_input
                0x00000000c00131d0                icmp_dest_unreach
                0x00000000c00131f4                icmp_time_exceeded
 .text          0x00000000c0013215        0x0 net/core/ipv4/igmp.32
 .text          0x00000000c0013215        0x0 net/core/ipv4/inet.32
 *fill*         0x00000000c0013215        0x3 
 .text          0x00000000c0013218      0x582 net/core/ipv4/inet_chksum.32
                0x00000000c0013310                inet_chksum_pseudo
                0x00000000c00134a0                inet_chksum_pseudo_partial
                0x00000000c0013690                inet_chksum
                0x00000000c00136b8                inet_chksum_pbuf
 *fill*         0x00000000c001379a        0x2 
 .text          0x00000000c001379c      0x84c net/core/ipv4/ip.32
                0x00000000c001379c                ip_route
                0x00000000c0013830                ip_input
                0x00000000c0013c74                ip_output_if
                0x00000000c0013f44                ip_output
 .text          0x00000000c0013fe8      0x5ac net/core/ipv4/ip_addr.32
                0x00000000c0013fe8                ip4_addr_isbroadcast
                0x00000000c0014070                ip4_addr_netmask_valid
                0x00000000c00140d4                ipaddr_aton
                0x00000000c0014404                ipaddr_addr
                0x00000000c0014434                ipaddr_ntoa_r
                0x00000000c0014580                ipaddr_ntoa
 .text          0x00000000c0014594     0x1161 net/core/ipv4/ip_frag.32
                0x00000000c00147f8                ip_reass_tmr
                0x00000000c0014e88                ip_reass
                0x00000000c0015348                ip_frag
 .text          0x00000000c00156f5        0x0 net/core/snmp/asn1_dec.32
 .text          0x00000000c00156f5        0x0 net/core/snmp/asn1_enc.32
 .text          0x00000000c00156f5        0x0 net/core/snmp/mib2.32
 .text          0x00000000c00156f5        0x0 net/core/snmp/mib_structs.32
 .text          0x00000000c00156f5        0x0 net/core/snmp/msg_in.32
 .text          0x00000000c00156f5        0x0 net/core/snmp/msg_out.32
 .text          0x00000000c00156f5        0x0 net/netif/ppp/auth.32
 .text          0x00000000c00156f5        0x0 net/netif/ppp/chap.32
 .text          0x00000000c00156f5        0x0 net/netif/ppp/chpms.32
 .text          0x00000000c00156f5        0x0 net/netif/ppp/fsm.32
 .text          0x00000000c00156f5        0x0 net/netif/ppp/ipcp.32
 .text          0x00000000c00156f5        0x0 net/netif/ppp/lcp.32
 .text          0x00000000c00156f5        0x0 net/netif/ppp/magic.32
 .text          0x00000000c00156f5        0x0 net/netif/ppp/md5.32
 .text          0x00000000c00156f5        0x0 net/netif/ppp/pap.32
 .text          0x00000000c00156f5        0x0 net/netif/ppp/ppp.32
 .text          0x00000000c00156f5        0x0 net/netif/ppp/ppp_oe.32
 .text          0x00000000c00156f5        0x0 net/netif/ppp/randm.32
 .text          0x00000000c00156f5        0x0 net/netif/ppp/vj.32
 *fill*         0x00000000c00156f5        0x1 
 .text          0x00000000c00156f6      0x6af core/computer.32
                0x00000000c00156f6                Computer::close(int, int, void*)
                0x00000000c0015744                Krnl::firstTask()
                0x00000000c001586a                Computer::Computer()
                0x00000000c001586a                Computer::Computer()
                0x00000000c001591a                Computer::setBootMessage(char const*)
                0x00000000c001591c                Computer::detectFeatures()
                0x00000000c0015b42                Computer::displayFeatures()
                0x00000000c0015b44                Computer::rdmsr(unsigned int)
                0x00000000c0015b70                Computer::wrmsr(unsigned int, unsigned long long)
                0x00000000c0015bac                Computer::shutdown()
                0x00000000c0015bc4                Computer::restart()
                0x00000000c0015bdc                Computer::sleep()
                0x00000000c0015bf0                Computer::nmiEnabled()
                0x00000000c0015bfc                Computer::readCMOS(unsigned char)
                0x00000000c0015c1a                Computer::enableNMI(bool)
                0x00000000c0015c32                Computer::open(int, int, void*)
                0x00000000c0015d06                Computer::disableNMI()
                0x00000000c0015d16                Computer::writeCMOS(unsigned char, unsigned char)
                0x00000000c0015d3a                Computer::handleNMI()
 *fill*         0x00000000c0015da5        0x1 
 .text          0x00000000c0015da6      0x1db core/gdt.32
                0x00000000c0015da6                GDTEntry::setBase(unsigned int)
                0x00000000c0015dc2                GDTEntry::setLimit(unsigned int)
                0x00000000c0015de0                GDT::GDT()
                0x00000000c0015de0                GDT::GDT()
                0x00000000c0015df6                GDT::addEntry(GDTEntry)
                0x00000000c0015e18                GDT::getNumberOfEntries()
                0x00000000c0015e20                GDT::flush()
                0x00000000c0015e42                GDT::setup()
 .text          0x00000000c0015f81       0x1d core/idle.32
                0x00000000c0015f81                idleFunction(void*)
 *fill*         0x00000000c0015f9e        0x2 
 .text          0x00000000c0015fa0      0x46c core/idt.32
                0x00000000c0015fa0                IDTEntry::IDTEntry(bool)
                0x00000000c0015fa0                IDTEntry::IDTEntry(bool)
                0x00000000c001601a                IDTEntry::setOffset(unsigned int)
                0x00000000c0016030                IDT::IDT()
                0x00000000c0016030                IDT::IDT()
                0x00000000c0016032                IDT::getPointerToInvalidOpcodeEntryForF00F()
                0x00000000c001603a                IDT::addEntry(IDTEntry, int)
                0x00000000c0016054                IDT::addEntry(int, void (*)(), bool)
                0x00000000c001608c                IDT::flush()
                0x00000000c00160a6                IDT::setup()
 .text          0x00000000c001640c      0x205 core/kheap.32
                0x00000000c001640c                sbrk
                0x00000000c00164a3                sbrk_thunk
                0x00000000c00164d9                mmap
                0x00000000c0016537                munmap
                0x00000000c001654c                liballoc_lock()
                0x00000000c001655a                liballoc_unlock()
                0x00000000c0016570                liballoc_alloc(int)
                0x00000000c0016588                liballoc_free(void*, int)
                0x00000000c00165a3                realloc
                0x00000000c00165b7                malloc
                0x00000000c00165c7                free
                0x00000000c00165d7                rfree
                0x00000000c00165e7                calloc
 .text          0x00000000c0016611       0x8b core/main.32
                0x00000000c0016611                KeEntryPoint
 .text          0x00000000c001669c      0x644 core/physmgr.32
                0x00000000c001669c                Phys::allocateDMA(unsigned long)
                0x00000000c0016784                Phys::freeDMA(unsigned long, unsigned long)
                0x00000000c00167bf                Phys::setPageState(unsigned long, bool)
                0x00000000c00167ff                Phys::getPageState(unsigned long)
                0x00000000c001681b                Phys::freePage(unsigned long)
                0x00000000c0016884                Phys::allocatePage()
                0x00000000c0016953                Phys::allocateContiguousPages(int)
                0x00000000c00169ba                Phys::allowSegmentToBeUsed(unsigned long, unsigned long)
                0x00000000c00169f2                Phys::physicalMemorySetup(unsigned int)
 .text          0x00000000c0016ce0      0x273 core/pipe.32
                0x00000000c0016ce0                Pipe::isAtty()
                0x00000000c0016ce4                Pipe::~Pipe()
                0x00000000c0016ce4                Pipe::~Pipe()
                0x00000000c0016d08                Pipe::~Pipe()
                0x00000000c0016d30                Pipe::write(unsigned long long, void*, int*)
                0x00000000c0016df0                Pipe::read(unsigned long long, void*, int*)
                0x00000000c0016eec                Pipe::Pipe(int)
                0x00000000c0016eec                Pipe::Pipe(int)
 *fill*         0x00000000c0016f53        0x1 
 .text          0x00000000c0016f54      0xab3 core/terminal.32
                0x00000000c0016f54                VgaText::isAtty()
                0x00000000c0016f58                VgaText::~VgaText()
                0x00000000c0016f58                VgaText::~VgaText()
                0x00000000c0016f7c                VgaText::~VgaText()
                0x00000000c0016fa6                VgaText::read(unsigned long long, void*, int*)
                0x00000000c0016fc6                setTerminalScrollLock(bool)
                0x00000000c0016fc7                doTerminalCycle()
                0x00000000c0016fc8                addToTerminalCycle(VgaText*)
                0x00000000c0016fc9                scrollTerminalScrollLock(int)
                0x00000000c0016fca                VgaText::updateTitle()
                0x00000000c0016fcc                VgaText::load()
                0x00000000c0016fce                VgaText::updateCursor()
                0x00000000c0016fe4                VgaText::doANSI_SGR(int)
                0x00000000c0017058                VgaText::setDefaultBgColour(VgaColour)
                0x00000000c0017068                VgaText::setDefaultFgColour(VgaColour)
                0x00000000c0017078                VgaText::setDefaultColours(VgaColour, VgaColour)
                0x00000000c0017098                VgaText::setTitleTextColour(VgaColour)
                0x00000000c00170a4                VgaText::setTitleColour(VgaColour)
                0x00000000c00170b0                VgaText::setTitle(char*)
                0x00000000c00170b2                VgaText::combineColours(unsigned char, unsigned char)
                0x00000000c00170c4                VgaText::scrollScreen()
                0x00000000c0017156                VgaText::combineCharAndColour(char, unsigned char)
                0x00000000c0017166                VgaText::writeCharacter(char, VgaColour, VgaColour, int, int)
                0x00000000c00171f6                VgaText::getCursorX()
                0x00000000c00171fe                VgaText::getCursorY()
                0x00000000c0017206                VgaText::setCursor(int, int)
                0x00000000c001721d                setActiveTerminal(VgaText*)
                0x00000000c0017268                VgaText::clearScreen()
                0x00000000c00172b6                VgaText::setCursorX(int)
                0x00000000c00172ce                VgaText::setCursorY(int)
                0x00000000c00172e6                VgaText::incrementCursor(bool)
                0x00000000c001733a                VgaText::decrementCursor(bool)
                0x00000000c001735c                VgaText::putchar(char, VgaColour, VgaColour)
                0x00000000c001742c                VgaText::putchar(char)
                0x00000000c0017524                VgaText::putx(unsigned int)
                0x00000000c001756a                VgaText::puts(char const*)
                0x00000000c0017590                VgaText::write(unsigned long long, void*, int*)
                0x00000000c00175dc                VgaText::puts(char const*, VgaColour, VgaColour)
                0x00000000c001772a                VgaText::VgaText(char const*)
                0x00000000c001772a                VgaText::VgaText(char const*)
                0x00000000c001787a                VgaText::receiveKey(unsigned char)
                0x00000000c0017a06                VgaText::doUpdate()
 *fill*         0x00000000c0017a07        0x1 
 .text          0x00000000c0017a08      0x1a1 core/tss.32
                0x00000000c0017a08                TSS::TSS()
                0x00000000c0017a08                TSS::TSS()
                0x00000000c0017a18                TSS::setESP(unsigned long)
                0x00000000c0017a2c                TSS::flush()
                0x00000000c0017a4c                TSS::setup(unsigned long, unsigned long)
 *fill*         0x00000000c0017ba9        0x1 
 .text          0x00000000c0017baa      0x4ca core/unixfile.32
                0x00000000c0017baa                ReservedFilename::read(unsigned long long, void*, int*)
                0x00000000c0017c00                ReservedFilename::isAtty()
                0x00000000c0017c1c                ReservedFilename::write(unsigned long long, void*, int*)
                0x00000000c0017c7a                UnixFile::getFileDescriptor()
                0x00000000c0017c82                UnixFile::UnixFile(int)
                0x00000000c0017c82                UnixFile::UnixFile(int)
                0x00000000c0017e36                ReservedFilename::ReservedFilename(int)
                0x00000000c0017e36                ReservedFilename::ReservedFilename(int)
                0x00000000c0017e68                UnixFile::~UnixFile()
                0x00000000c0017e68                UnixFile::~UnixFile()
                0x00000000c0017f04                UnixFile::~UnixFile()
                0x00000000c0017f2c                ReservedFilename::~ReservedFilename()
                0x00000000c0017f2c                ReservedFilename::~ReservedFilename()
                0x00000000c0017f50                ReservedFilename::~ReservedFilename()
                0x00000000c0017f77                KeGetFileFromDescriptor(int)
 .text          0x00000000c0018074     0x1210 core/virtmgr.32
                0x00000000c0018074                Virt::setPageState(unsigned long, Virt::VirtPageState)
                0x00000000c00180ae                Virt::getPageState(unsigned long)
                0x00000000c00180d1                Virt::allocateKernelVirtualPages(int)
                0x00000000c00181f6                Virt::freeSwapfilePage(unsigned long)
                0x00000000c0018219                Virt::swapIDToSector(unsigned long)
                0x00000000c001822f                Virt::allocateSwapfilePage()
                0x00000000c00182af                Virt::virtualMemorySetup()
                0x00000000c0018300                Virt::setupPageSwapping(int)
                0x00000000c0018372                VAS::setCPUSpecific(unsigned long)
                0x00000000c0018374                VAS::VAS(VAS*)
                0x00000000c0018374                VAS::VAS(VAS*)
                0x00000000c001838c                VAS::getForeignPageTableEntry(bool, unsigned long)
                0x00000000c00183ba                VAS::getPageTableEntry(unsigned long)
                0x00000000c00183d9                Virt::freeKernelVirtualPages(unsigned long)
                0x00000000c0018516                VAS::freeAllocatedPages(unsigned long)
                0x00000000c001853a                VAS::virtualToPhysical(unsigned long)
                0x00000000c0018554                VAS::reflagRange(unsigned long, int, unsigned long, unsigned long)
                0x00000000c0018596                VAS::VAS()
                0x00000000c0018596                VAS::VAS()
                0x00000000c0018600                VAS::setToWriteCombining(unsigned long, int)
                0x00000000c0018634                VAS::mapOtherVASIn(bool, VAS*)
                0x00000000c0018660                VAS::~VAS()
                0x00000000c0018660                VAS::~VAS()
                0x00000000c00187ce                VAS::mapPage(unsigned long, unsigned long, int)
                0x00000000c00188d2                VAS::allocatePages(int, int)
                0x00000000c00189c8                VAS::mapRange(unsigned long, unsigned long, int, int)
                0x00000000c0018a20                VAS::mapForeignPage(bool, VAS*, unsigned long, unsigned long, int)
                0x00000000c0018b16                VAS::VAS(bool)
                0x00000000c0018b16                VAS::VAS(bool)
                0x00000000c0018d60                VAS::evict(unsigned long)
                0x00000000c0018e3e                VAS::tryLoadBackOffDisk(unsigned long)
                0x00000000c0018fe6                VAS::allocateSharedMemoryWithKernel(unsigned long, unsigned long*)
                0x00000000c001905a                VAS::freeSharedMemoryWithKernel(unsigned long, unsigned long)
                0x00000000c0019086                VAS::scanForEviction()
                0x00000000c0019189                mapVASFirstTime
 .text          0x00000000c0019284       0x5f coreobjs/c++.32
                0x00000000c0019284                __cxa_atexit
                0x00000000c0019287                __cxa_finalize
                0x00000000c0019288                __stack_chk_fail
                0x00000000c00192be                __cxa_pure_virtual
                0x00000000c00192cf                operator new[](unsigned long)
                0x00000000c00192d4                operator delete(void*, unsigned long)
                0x00000000c00192d9                operator delete[](void*)
                0x00000000c00192de                operator delete[](void*, unsigned long)
 .text          0x00000000c00192e3      0x11f dbg/kconsole.32
                0x00000000c00192e3                Dbg::stringifyxWithBase(unsigned int, char*, int)
                0x00000000c0019383                Dbg::logc(char)
                0x00000000c00193a3                Dbg::logs(char*)
                0x00000000c00193c2                Dbg::logWriteInt(unsigned int)
                0x00000000c00193e0                Dbg::logWriteIntBase(unsigned int, int)
                0x00000000c0019401                Dbg::kprintf(char const*, ...)
 *fill*         0x00000000c0019402        0x2 
 .text          0x00000000c0019404      0x2d4 dbg/usban.32
                0x00000000c0019404                KiUbsanPrintDetails(char const*, void*)
                0x00000000c0019470                __ubsan_handle_type_mismatch_v1
                0x00000000c001954c                __ubsan_handle_pointer_overflow
                0x00000000c0019578                __ubsan_handle_out_of_bounds
                0x00000000c00195a4                __ubsan_handle_add_overflow
                0x00000000c00195d0                __ubsan_handle_load_invalid_value
                0x00000000c00195fc                __ubsan_handle_divrem_overflow
                0x00000000c0019628                __ubsan_handle_mul_overflow
                0x00000000c0019654                __ubsan_handle_sub_overflow
                0x00000000c0019680                __ubsan_handle_shift_out_of_bounds
                0x00000000c00196ac                __ubsan_handle_negate_overflow
 .text          0x00000000c00196d8      0x86d fs/symlink.32
                0x00000000c0019827                KiDeinitialiseSymlinks(void*)
                0x00000000c00198ba                KeRegisterSymlink(char const*, unsigned long long)
                0x00000000c001994c                KeInitialiseSymlinks()
                0x00000000c0019ac0                KiIsSymlinkRegistered(char const*)
                0x00000000c0019c44                KeDereferenceSymlink(char const*, char*)
                0x00000000c0019deb                KeCreateSymlink(char const*, char const*)
 *fill*         0x00000000c0019f45        0x1 
 .text          0x00000000c0019f46      0xd68 fs/vfs.32
                0x00000000c0019f46                File::read(unsigned long long, void*, int*)
                0x00000000c0019f9e                File::write(unsigned long long, void*, int*)
                0x00000000c0019ff6                Directory::read(unsigned long long, void*, int*)
                0x00000000c001a04e                Directory::write(unsigned long long, void*, int*)
                0x00000000c001a07c                File::isAtty()
                0x00000000c001a080                Directory::isAtty()
                0x00000000c001a084                Filesystem::getlabel(LogicalDisk*, int, char*, unsigned int*)
                0x00000000c001a08a                Filesystem::setlabel(LogicalDisk*, int, char*)
                0x00000000c001a090                Filesystem::allocateSwapfile(char const*, int)
                0x00000000c001a096                File::~File()
                0x00000000c001a096                File::~File()
                0x00000000c001a0ba                File::~File()
                0x00000000c001a0e4                Directory::~Directory()
                0x00000000c001a0e4                Directory::~Directory()
                0x00000000c001a108                Directory::~Directory()
                0x00000000c001a132                Filesystem::Filesystem()
                0x00000000c001a132                Filesystem::Filesystem()
                0x00000000c001a156                Filesystem::~Filesystem()
                0x00000000c001a156                Filesystem::~Filesystem()
                0x00000000c001a164                Filesystem::~Filesystem()
                0x00000000c001a188                Fs::getcwd(Process*, char*, int)
                0x00000000c001a1b2                Fs::initVFS()
                0x00000000c001a1dc                Fs::standardiseFiles(char*, char const*, char const*, bool)
                0x00000000c001a3f6                File::File(char const*, Process*, bool)
                0x00000000c001a3f6                File::File(char const*, Process*, bool)
                0x00000000c001a4d4                File::File(char const*, Process*)
                0x00000000c001a4d4                File::File(char const*, Process*)
                0x00000000c001a4f2                File::open(FileOpenMode)
                0x00000000c001a550                File::close()
                0x00000000c001a5b0                File::seek(unsigned long long)
                0x00000000c001a606                File::truncate(unsigned long long)
                0x00000000c001a65c                File::tell(unsigned long long*)
                0x00000000c001a6ac                File::rewind()
                0x00000000c001a6c0                File::unlink()
                0x00000000c001a70c                File::rename(char const*)
                0x00000000c001a75a                File::chfatattr(unsigned char, unsigned char)
                0x00000000c001a7b6                File::exists()
                0x00000000c001a7f4                File::stat(unsigned long long*, bool*)
                0x00000000c001a855                Fs::setcwd(Process*, char*)
                0x00000000c001a9b4                Directory::Directory(char const*, Process*)
                0x00000000c001a9b4                Directory::Directory(char const*, Process*)
                0x00000000c001aa7c                Directory::open()
                0x00000000c001aad8                Directory::close()
                0x00000000c001ab38                Directory::unlink()
                0x00000000c001ab84                Directory::rename(char const*)
                0x00000000c001abd2                Directory::exists()
                0x00000000c001ac10                Directory::read(dirent*)
                0x00000000c001ac5c                Directory::create()
                0x00000000c001aca8                Filesystem::chfatattr(char const*, unsigned char, unsigned char)
 *fill*         0x00000000c001acae        0x2 
 .text          0x00000000c001acb0       0x86 hal/bus.32
                0x00000000c001acb0                Bus::Bus(char const*)
                0x00000000c001acb0                Bus::Bus(char const*)
                0x00000000c001ace8                Bus::~Bus()
                0x00000000c001ace8                Bus::~Bus()
                0x00000000c001ad0c                Bus::~Bus()
 .text          0x00000000c001ad36       0x96 hal/buzzer.32
                0x00000000c001ad36                beepThread(void*)
                0x00000000c001ad73                Krnl::beep(int, int, bool)
 .text          0x00000000c001adcc      0x513 hal/clock.32
                0x00000000c001adcc                User::loadClockSettings()
                0x00000000c001aed2                Clock::Clock(char const*)
                0x00000000c001aed2                Clock::Clock(char const*)
                0x00000000c001af08                Clock::~Clock()
                0x00000000c001af08                Clock::~Clock()
                0x00000000c001af2c                Clock::~Clock()
                0x00000000c001af56                Clock::timeInSecondsLocal()
                0x00000000c001af9e                Clock::setTimeInSecondsLocal(unsigned long long)
                0x00000000c001aff7                datetimeToSeconds(datetime_t)
                0x00000000c001b116                Clock::setTimeInDatetimeLocal(datetime_t)
                0x00000000c001b176                secondsToDatetime(unsigned long long)
                0x00000000c001b2ba                Clock::timeInDatetimeLocal()
 *fill*         0x00000000c001b2df        0x1 
 .text          0x00000000c001b2e0      0x47a hal/device.32
                0x00000000c001b2e0                Device::hibernate()
                0x00000000c001b2e2                Device::wake()
                0x00000000c001b2e4                Device::detect()
                0x00000000c001b2e6                Device::disableLegacy()
                0x00000000c001b2e8                Device::powerSaving(PowerSavingLevel)
                0x00000000c001b2ea                DriverlessDevice::close(int, int, void*)
                0x00000000c001b2ee                DriverlessDevice::detect()
                0x00000000c001b2f0                DriverlessDevice::open(int, int, void*)
                0x00000000c001b304                Device::~Device()
                0x00000000c001b304                Device::~Device()
                0x00000000c001b312                Device::~Device()
                0x00000000c001b33a                Device::findAndLoadDriver()
                0x00000000c001b348                Device::preOpenPCI(PCIDeviceInfo)
                0x00000000c001b36e                Device::preOpenACPI(void*, char*, char*)
                0x00000000c001b3ae                Device::addIRQHandler(int, void (*)(regs*, void*), bool, void*)
                0x00000000c001b3d8                Device::getParent()
                0x00000000c001b3e4                Device::removeIRQHandler(int, void (*)(regs*, void*), bool)
                0x00000000c001b402                Device::addChild(Device*)
                0x00000000c001b446                Device::removeAllChildren()
                0x00000000c001b48c                Device::hibernateAll()
                0x00000000c001b4bc                Device::wakeAll()
                0x00000000c001b4ec                Device::detectAll()
                0x00000000c001b51c                Device::disableLegacyAll()
                0x00000000c001b51e                Device::loadDriversForAll()
                0x00000000c001b520                Device::powerSavingAll(PowerSavingLevel)
                0x00000000c001b556                Device::setName(char const*)
                0x00000000c001b564                Device::Device(char const*)
                0x00000000c001b564                Device::Device(char const*)
                0x00000000c001b660                Device::getName()
                0x00000000c001b66a                Device::closeAll()
                0x00000000c001b6b6                DriverlessDevice::DriverlessDevice(char const*)
                0x00000000c001b6b6                DriverlessDevice::DriverlessDevice(char const*)
                0x00000000c001b6ec                Device::addToLinkedList(LinkedList<Device>&, DeviceType)
                0x00000000c001b730                getDevicesOfType(DeviceType)
 *fill*         0x00000000c001b75a        0x2 
 .text          0x00000000c001b75c       0x86 hal/diskctrl.32
                0x00000000c001b75c                HardDiskController::HardDiskController(char const*)
                0x00000000c001b75c                HardDiskController::HardDiskController(char const*)
                0x00000000c001b794                HardDiskController::~HardDiskController()
                0x00000000c001b794                HardDiskController::~HardDiskController()
                0x00000000c001b7b8                HardDiskController::~HardDiskController()
 .text          0x00000000c001b7e2       0xe2 hal/diskphys.32
                0x00000000c001b7e2                PhysicalDisk::eject()
                0x00000000c001b7e6                PhysicalDisk::PhysicalDisk(char const*, int)
                0x00000000c001b7e6                PhysicalDisk::PhysicalDisk(char const*, int)
                0x00000000c001b84e                PhysicalDisk::startCache()
                0x00000000c001b876                PhysicalDisk::~PhysicalDisk()
                0x00000000c001b876                PhysicalDisk::~PhysicalDisk()
                0x00000000c001b89a                PhysicalDisk::~PhysicalDisk()
 .text          0x00000000c001b8c4        0x0 hal/fpu.32
 .text          0x00000000c001b8c4      0x359 hal/intctrl.32
                0x00000000c001b8c4                int_handler
                0x00000000c001b94e                installISRHandler(int, void (*)(regs*, void*), void*)
                0x00000000c001b998                installIRQHandler(int, void (*)(regs*, void*), bool, void*)
                0x00000000c001bacc                uninstallISRHandler(int, void (*)(regs*, void*))
                0x00000000c001bb00                uninstallIRQHandler(int, void (*)(regs*, void*), bool)
                0x00000000c001bb7e                setupINTS()
                0x00000000c001bbdb                convertLegacyIRQNumber(int)
 *fill*         0x00000000c001bc1d        0x1 
 .text          0x00000000c001bc1e      0x888 hal/keybrd.32
                0x00000000c001bc1e                startGUI(void*)
                0x00000000c001bc88                startGUIVESA(void*)
                0x00000000c001bcf2                sendKeyToTerminal(unsigned char)
                0x00000000c001bdcd                sendKeyboardToken(KeyboardToken)
                0x00000000c001c289                clearInternalKeybuffer(VgaText*)
                0x00000000c001c2be                readKeyboard(VgaText*, char*, unsigned long)
                0x00000000c001c41c                Keyboard::Keyboard(char const*)
                0x00000000c001c41c                Keyboard::Keyboard(char const*)
                0x00000000c001c458                Keyboard::~Keyboard()
                0x00000000c001c458                Keyboard::~Keyboard()
                0x00000000c001c47c                Keyboard::~Keyboard()
 .text          0x00000000c001c4a6      0x3f8 hal/logidisk.32
                0x00000000c001c4a6                LogicalDisk::close(int, int, void*)
                0x00000000c001c4aa                LogicalDisk::~LogicalDisk()
                0x00000000c001c4aa                LogicalDisk::~LogicalDisk()
                0x00000000c001c4ce                LogicalDisk::~LogicalDisk()
                0x00000000c001c4f8                LogicalDisk::open(int, int, void*)
                0x00000000c001c50c                LogicalDisk::absoluteToRelative(unsigned long long)
                0x00000000c001c544                LogicalDisk::relativeToAbsolute(unsigned long long)
                0x00000000c001c58a                LogicalDisk::LogicalDisk(char const*, PhysicalDisk*, unsigned long long, unsigned long long)
                0x00000000c001c58a                LogicalDisk::LogicalDisk(char const*, PhysicalDisk*, unsigned long long, unsigned long long)
                0x00000000c001c64a                LogicalDisk::assignDriveLetter()
                0x00000000c001c704                LogicalDisk::mount()
                0x00000000c001c74c                LogicalDisk::unmount()
                0x00000000c001c75c                LogicalDisk::eject()
                0x00000000c001c770                LogicalDisk::unassignDriveLetter()
                0x00000000c001c7c6                LogicalDisk::read(unsigned long long, int, void*)
                0x00000000c001c832                LogicalDisk::write(unsigned long long, int, void*)
 *fill*         0x00000000c001c89e        0x2 
 .text          0x00000000c001c8a0       0x86 hal/mouse.32
                0x00000000c001c8a0                Mouse::Mouse(char const*)
                0x00000000c001c8a0                Mouse::Mouse(char const*)
                0x00000000c001c8d8                Mouse::~Mouse()
                0x00000000c001c8d8                Mouse::~Mouse()
                0x00000000c001c8fc                Mouse::~Mouse()
 .text          0x00000000c001c926       0x90 hal/nic.32
                0x00000000c001c926                NIC::getMAC()
                0x00000000c001c92c                NIC::write(int, unsigned char*, int*)
                0x00000000c001c932                NIC::NIC(char const*)
                0x00000000c001c932                NIC::NIC(char const*)
                0x00000000c001c968                NIC::~NIC()
                0x00000000c001c968                NIC::~NIC()
                0x00000000c001c98c                NIC::~NIC()
 .text          0x00000000c001c9b6      0x33b hal/partition.32
                0x00000000c001c9b6                makePartition(PhysicalDisk*, unsigned long long, unsigned long long)
                0x00000000c001ca5e                createPartitionsForDisk(PhysicalDisk*)
 *fill*         0x00000000c001ccf1        0x3 
 .text          0x00000000c001ccf4       0x86 hal/serial.32
                0x00000000c001ccf4                Serial::Serial(char const*)
                0x00000000c001ccf4                Serial::Serial(char const*)
                0x00000000c001cd2c                Serial::~Serial()
                0x00000000c001cd2c                Serial::~Serial()
                0x00000000c001cd50                Serial::~Serial()
 *fill*         0x00000000c001cd7a        0x2 
 .text          0x00000000c001cd7c      0x230 hal/timer.32
                0x00000000c001cd7c                Timer::Timer(char const*)
                0x00000000c001cd7c                Timer::Timer(char const*)
                0x00000000c001cdb4                Timer::~Timer()
                0x00000000c001cdb4                Timer::~Timer()
                0x00000000c001cdd8                Timer::~Timer()
                0x00000000c001ce02                Timer::read()
                0x00000000c001ce0d                setupTimer(int)
                0x00000000c001ce48                timerHandler(unsigned int)
 .text          0x00000000c001cfac      0x444 hal/vcache.32
                0x00000000c001cfac                VCache::VCache(PhysicalDisk*)
                0x00000000c001cfac                VCache::VCache(PhysicalDisk*)
                0x00000000c001d11c                VCache::invalidateReadBuffer()
                0x00000000c001d12c                VCache::writeWriteBuffer()
                0x00000000c001d178                VCache::~VCache()
                0x00000000c001d178                VCache::~VCache()
                0x00000000c001d1d0                VCache::~VCache()
                0x00000000c001d1f8                VCache::write(unsigned long long, int, void*)
                0x00000000c001d2ec                VCache::read(unsigned long long, int, void*)
 .text          0x00000000c001d3f0      0x70e hal/video.32
                0x00000000c001d3f0                Video::putrect(int, int, int, int, unsigned int)
                0x00000000c001d43c                Video::bitblit(int, int, int, int, int, int, int, unsigned int*)
                0x00000000c001d4ac                Video::blit(unsigned int*, int, int, int, int)
                0x00000000c001d52a                Video::clearScreen(unsigned int)
                0x00000000c001d55e                Video::putpixel(int, int, unsigned int)
                0x00000000c001d56c                Video::readPixelApprox(int, int)
                0x00000000c001d580                Video::Video(char const*)
                0x00000000c001d580                Video::Video(char const*)
                0x00000000c001d5b6                Video::~Video()
                0x00000000c001d5b6                Video::~Video()
                0x00000000c001d5da                Video::~Video()
                0x00000000c001d604                Video::isMonochrome()
                0x00000000c001d610                Video::getWidth()
                0x00000000c001d61c                Video::getHeight()
                0x00000000c001d628                Video::drawCursor(int, int, unsigned int*, int)
                0x00000000c001d6e4                Video::tgaParse(unsigned char*, int, int*, int*)
                0x00000000c001da8e                Video::putTGA(int, int, unsigned char*, int)
 *fill*         0x00000000c001dafe        0x2 
 .text          0x00000000c001db00     0x1413 hw/acpi.32
                0x00000000c001db00                ACPI::close(int, int, void*)
                0x00000000c001dc3c                findRSDP()
                0x00000000c001dcd4                loadACPITables(unsigned char*)
                0x00000000c001df40                findRSDT(unsigned char*)
                0x00000000c001e098                findDataTable(unsigned char*, char*)
                0x00000000c001e118                scanMADT()
                0x00000000c001e5d0                ACPI::ACPI()
                0x00000000c001e5d0                ACPI::ACPI()
                0x00000000c001e624                ACPI::getPCIIRQAssignment(unsigned char, unsigned short, unsigned char)
                0x00000000c001e720                ACPI::registerPCIIRQAssignment(void*, unsigned short, unsigned char, unsigned char)
                0x00000000c001e7ec                ACPI::setScreenBrightnessLevel(void*, int)
                0x00000000c001e7f4                ACPI::detectPCI()
                0x00000000c001ea14                ACPI::writeSimpleBootFlag(SimpleBootFlagTable*)
                0x00000000c001ea5c                ACPI::sleep()
                0x00000000c001ea78                ACPI::open(int, int, void*)
 *fill*         0x00000000c001ef13        0x1 
 .text          0x00000000c001ef14      0xbc5 hw/cpu.32
                0x00000000c001ef14                CPU::close(int, int, void*)
                0x00000000c001ef18                CPU::AMD_K6_write_msr(unsigned int, unsigned int, unsigned int, CPU::REGS*)
                0x00000000c001ef34                CPU::AMD_K6_read_msr(unsigned int, CPU::REGS*)
                0x00000000c001ef4c                CPU::AMD_K6_writeback(int, int, int)
                0x00000000c001efc0                CPU::cpuid(int, unsigned long*, unsigned long*, unsigned long*, unsigned long*)
                0x00000000c001f044                CPU::cpuidCheckEDX(unsigned int)
                0x00000000c001f072                CPU::cpuidCheckECX(unsigned int)
                0x00000000c001f0a0                CPU::cpuidCheckExtendedEBX(unsigned int)
                0x00000000c001f0ce                CPU::cpuidCheckExtendedECX(unsigned int)
                0x00000000c001f0fc                CPU::CPU()
                0x00000000c001f0fc                CPU::CPU()
                0x00000000c001f18a                CPU::displayFeatures()
                0x00000000c001f18c                CPU::detectFeatures()
                0x00000000c001f860                CPU::setupSMEP()
                0x00000000c001f86c                CPU::setupUMIP()
                0x00000000c001f876                CPU::setupTSC()
                0x00000000c001f880                CPU::setupLargePages()
                0x00000000c001f88a                CPU::setupPAT()
                0x00000000c001f8c6                CPU::setupMTRR()
                0x00000000c001f8c8                CPU::setupGlobalPages()
                0x00000000c001f8d2                CPU::allowUsermodeDataAccess()
                0x00000000c001f8e4                CPU::prohibitUsermodeDataAccess()
                0x00000000c001f8f6                CPU::setupSMAP()
                0x00000000c001f904                CPU::setupFeatures()
                0x00000000c001f9d0                CPU::open(int, int, void*)
 .text          0x00000000c001fad9       0xb6 krnl/atexit.32
                0x00000000c001fad9                KeInitialiseAtexit()
                0x00000000c001faf8                KeRegisterAtexit(void (*)(void*), void*)
                0x00000000c001fb2c                KeExecuteAtexit()
 .text          0x00000000c001fb8f       0x92 krnl/bootmsg.32
                0x00000000c001fb8f                KeDisplaySplashScreen()
                0x00000000c001fbbe                KeSetBootMessage(char const*)
 *fill*         0x00000000c001fc21        0x3 
 .text          0x00000000c001fc24       0x48 krnl/cdefs.32
                0x00000000c001fc24                CUnlockScheduler
                0x00000000c001fc40                CLockScheduler
                0x00000000c001fc50                CPrintf
 .text          0x00000000c001fc6c       0x1d krnl/compat.32
                0x00000000c001fc6c                Krnl::handlePowerButton()
                0x00000000c001fc7c                Krnl::handleSleepButton()
 .text          0x00000000c001fc89       0x2b krnl/crc32.32
                0x00000000c001fc89                KeCalculateCRC32(unsigned char*, int)
 .text          0x00000000c001fcb4      0x5bf krnl/env.32
                0x00000000c001fcb4                EnvVarContainer::getEnv(char const*)
                0x00000000c001fcf2                EnvVarContainer::setEnv(char const*, char const*)
                0x00000000c001fdb4                EnvVarContainer::deleteEnv(char const*)
                0x00000000c001fdb6                EnvVarContainer::loadFrom(char const*, char const*)
                0x00000000c001ffda                EnvVarContainer::__loadSystem()
                0x00000000c001fff4                EnvVarContainer::__loadUser()
                0x00000000c001fff6                EnvVarContainer::EnvVarContainer(Process*)
                0x00000000c001fff6                EnvVarContainer::EnvVarContainer(Process*)
                0x00000000c0020018                EnvVarContainer::~EnvVarContainer()
                0x00000000c0020018                EnvVarContainer::~EnvVarContainer()
                0x00000000c0020048                KeGetEnv(Process*, char const*)
                0x00000000c00200ad                KeSetEnvSystem(char const*, char const*)
                0x00000000c00200c7                KeSetEnvUser(char const*, char const*)
                0x00000000c00200e6                KeSetEnvProcess(Process*, char const*, char const*)
                0x00000000c00200f9                KeDeleteEnvSystem(char const*)
                0x00000000c00200fa                KeDeleteEnvUser(char const*)
                0x00000000c00200fb                KeDeleteEnvProcess(Process*, char const*)
                0x00000000c00200fc                KeNewProcessEnv(Process*)
                0x00000000c002011e                KeCopyProcessEnv(Process*, Process*)
                0x00000000c002016a                KeLoadSystemEnv()
                0x00000000c0020198                KeLoadUserEnv()
                0x00000000c00201be                KeFlushEnv()
                0x00000000c00201bf                KeGetProcessTotalEnvCount(Process*)
                0x00000000c00201df                KeGetProcessEnvPair(Process*, int)
 .text          0x00000000c0020273       0x94 krnl/inlines.32
                0x00000000c0020273                CPU::current()
                0x00000000c002027f                operator new(unsigned long)
                0x00000000c0020284                operator delete(void*)
                0x00000000c0020289                disableIRQs()
                0x00000000c002028b                enableIRQs()
                0x00000000c002028d                lockScheduler()
                0x00000000c0020295                unlockScheduler()
                0x00000000c00202a4                lockStuff()
                0x00000000c00202b2                unlockStuff()
                0x00000000c00202ec                Virt::getAKernelVAS()
                0x00000000c00202f2                __not_memcpy
 *fill*         0x00000000c0020307        0x1 
 .text          0x00000000c0020308      0x1e3 krnl/mailbox.32
                0x00000000c0020308                KeMailboxTryPost(Mailbox*, void*)
                0x00000000c002036c                KeMailboxTryGet(Mailbox*, void**)
                0x00000000c00203d0                KeMailboxCreate()
                0x00000000c0020404                KeMailboxPost(Mailbox*, void*)
                0x00000000c002046c                KeMailboxGet(Mailbox*, void**)
                0x00000000c00204d4                KeMailboxDestroy(Mailbox*)
 *fill*         0x00000000c00204eb        0x1 
 .text          0x00000000c00204ec       0x1a krnl/mutex.32
                0x00000000c00204ec                Mutex::Mutex()
                0x00000000c00204ec                Mutex::Mutex()
 .text          0x00000000c0020506        0xc krnl/panic.32
                0x00000000c0020506                KePanic(char const*)
 .text          0x00000000c0020512      0x142 krnl/powctrl.32
                0x00000000c0020512                KePowerThread(void*)
                0x00000000c0020540                KeChangePowerSettings(PowerSettings)
                0x00000000c0020556                KeUserIOReceived()
                0x00000000c0020561                KeHandlePowerButton()
                0x00000000c0020596                KeHandleSleepButton()
                0x00000000c00205cb                KeSetupPowerManager()
 .text          0x00000000c0020654       0x9d krnl/random.32
                0x00000000c0020654                KeRand()
                0x00000000c0020696                KeSeedRand(unsigned int)
                0x00000000c00206bf                KeInitRand()
 *fill*         0x00000000c00206f1        0x3 
 .text          0x00000000c00206f4      0x1bc krnl/resolve.32
                0x00000000c00206f4                KeResolveCompatibilitySymbol(char*)
 .text          0x00000000c00208b0      0x415 krnl/semaphore.32
                0x00000000c00208b0                Semaphore::Semaphore(int)
                0x00000000c00208b0                Semaphore::Semaphore(int)
                0x00000000c00208e0                Semaphore::tryAcquire()
                0x00000000c00209bc                Semaphore::assertLocked(char const*)
                0x00000000c0020a4c                Semaphore::acquire(int)
                0x00000000c0020bf4                Semaphore::acquire()
                0x00000000c0020c10                Semaphore::release()
 .text          0x00000000c0020cc5      0x322 krnl/signal.32
                0x00000000c0020cc5                KiSigKill(int)
                0x00000000c0020cd9                KiDefaultSignalHandlerIgnore(int)
                0x00000000c0020cda                KiDefaultSignalHandlerPause(int)
                0x00000000c0020d06                KiDefaultSignalHandlerResume(int)
                0x00000000c0020d32                KeDeinitSignals(SigHandlerBlock*)
                0x00000000c0020d37                KeInitSignals()
                0x00000000c0020d89                KeRegisterSignalHandler(SigHandlerBlock*, int, void (*)(int), unsigned int, int)
                0x00000000c0020dbf                KeRaiseSignal(SigHandlerBlock*, int)
                0x00000000c0020e3c                KeCheckSignal(SigHandlerBlock*, int*)
                0x00000000c0020f33                KiCheckSignalZ
                0x00000000c0020f75                KeCompleteSignal(SigHandlerBlock*, int)
                0x00000000c0020fb0                KiFinishSignalZ
 .text          0x00000000c0020fe7      0xe10 krnl/syscalls.32
                0x00000000c0020fe7                SysSeekDir(regs*)
                0x00000000c0020fec                SysTellDir(regs*)
                0x00000000c0020ff1                SysVerify(regs*)
                0x00000000c0020ffb                SysGetArgc(regs*)
                0x00000000c002100f                SysTTYName(regs*)
                0x00000000c0021017                SysFormatDisk(regs*)
                0x00000000c002108e                SysSetDiskVolumeLabel(regs*)
                0x00000000c00210e2                SysGetDiskVolumeLabel(regs*)
                0x00000000c002113b                SysShutdown(regs*)
                0x00000000c0021199                SysRealpath(regs*)
                0x00000000c00211dd                SysReadDir(regs*)
                0x00000000c002125d                SysIsATTY(regs*)
                0x00000000c00212b7                SysSeek(regs*)
                0x00000000c002130e                SysTell(regs*)
                0x00000000c002137b                SysSize(regs*)
                0x00000000c00213ee                SysSizeFromFilename(regs*)
                0x00000000c002151f                SysSizeFromFilenameNoSymlink(regs*)
                0x00000000c0021650                SysClose(regs*)
                0x00000000c00216b0                SysOpenDir(regs*)
                0x00000000c002172d                SysMakeDir(regs*)
                0x00000000c002179b                SysCloseDir(regs*)
                0x00000000c00217ef                SysWait(regs*)
                0x00000000c0021810                SysNotImpl(regs*)
                0x00000000c002182b                SysPanic(regs*)
                0x00000000c0021846                SysRmdir(regs*)
                0x00000000c00218ab                SysUnlink(regs*)
                0x00000000c0021910                SysGetArgv(regs*)
                0x00000000c002195d                SysUSleep(regs*)
                0x00000000c0021986                SysSpawn(regs*)
                0x00000000c00219f9                SysGetEnv(regs*)
                0x00000000c0021aaa                SysSetFatAttrib(regs*)
                0x00000000c0021b1d                SysPipe(regs*)
                0x00000000c0021b62                SysGetUnixTime(regs*)
                0x00000000c0021b76                string_ends_with(char const*, char const*)
                0x00000000c0021bbe                SysOpen(regs*)
                0x00000000c0021db5                KeSystemCall(regs*, void*)
 *fill*         0x00000000c0021df7        0x1 
 .text          0x00000000c0021df8      0x159 net/ethernet.32
                0x00000000c0021df8                KeSwitchEndian16(unsigned short)
                0x00000000c0021e1c                KeSwitchEndian32(unsigned int)
                0x00000000c0021e4c                EthernetCRC32(unsigned char*, int)
                0x00000000c0021ef0                EthernetReceivedPacket(EthernetUnwrappedFrame*, unsigned short)
 *fill*         0x00000000c0021f51        0x3 
 .text          0x00000000c0021f54       0xf4 net/netosl.32
                0x00000000c0021f54                KeNetCreateSemaphore
                0x00000000c0021f98                KeNetFreeSemaphore
                0x00000000c0021fb4                KeNetSignalSemaphore
                0x00000000c0021fd0                KeNetWaitSemaphore
                0x00000000c0021ff0                KeNetCreateThread
                0x00000000c0022014                KeCPanic
                0x00000000c002202c                KeCPuts
 .text          0x00000000c0022048      0xd56 reg/cm.32
                0x00000000c0022048                CmOpen(char const*)
                0x00000000c0022166                CmClose(Reghive_Tag*)
                0x00000000c002217c                CmReadExtent(Reghive_Tag*, int, unsigned char*)
                0x00000000c00221b8                CmGetString(Reghive_Tag*, int, char*)
                0x00000000c002222f                CmEnterDirectory(Reghive_Tag*, int)
                0x00000000c002226e                CmGetNext(Reghive_Tag*, int)
                0x00000000c00222a0                CmWriteExtent(Reghive_Tag*, int, unsigned char*)
                0x00000000c00222dc                CmFreeExtent(Reghive_Tag*, int)
                0x00000000c0022304                CmUpdateHeader(Reghive_Tag*)
                0x00000000c0022325                CmExpand(Reghive_Tag*, int)
                0x00000000c00223a0                CmFindUnusedExtent(Reghive_Tag*)
                0x00000000c0022426                CmCreateExtent(Reghive_Tag*, int, int, unsigned char*)
                0x00000000c002251a                CmSetString(Reghive_Tag*, int, char const*)
                0x00000000c0022656                CmGetMatch(char*, char*, bool, bool*)
                0x00000000c00226b7                CmAddShift(unsigned int*, int*, unsigned char, int)
                0x00000000c00226e7                CmGetShift(unsigned int*, int*, int, bool*)
                0x00000000c002271e                CmGetInteger(Reghive_Tag*, int, unsigned long long*)
                0x00000000c0022748                CmSetInteger(Reghive_Tag*, int, unsigned long long)
                0x00000000c0022788                CmConvertFromInternalFilename(unsigned char const*, char*)
                0x00000000c002282c                CmGetNameAndTypeFromExtent(Reghive_Tag*, int, char*)
                0x00000000c002285a                CmConvertToInternalFilename(char const*, unsigned char*)
                0x00000000c00229f8                CmCreateString(Reghive_Tag*, int, char const*)
                0x00000000c0022a45                CmFindInDirectory(Reghive_Tag*, int, char const*)
                0x00000000c0022abf                CmCreateInteger(Reghive_Tag*, int, char const*, unsigned long long, int)
                0x00000000c0022b12                CmCreateDirectory(Reghive_Tag*, int, char const*)
                0x00000000c0022bd6                zStrtok(char*, char const*)
                0x00000000c0022c48                CmFindObjectFromPath(Reghive_Tag*, char const*)
                0x00000000c0022cc9                CmDisplayTree(Reghive_Tag*, int, int)
                0x00000000c0022d6c                CmSplitFinalSlashInPlace(char*)
 .text          0x00000000c0022d9e      0x52a reg/registry.32
                0x00000000c0022d9e                Reg::findLineFromLoadedData(char*, char*, char*)
                0x00000000c0022f0f                Reg::getLineFromRegistry(char*, char*, char*, char*)
                0x00000000c0023064                Reg::getLine(char*, char*, char*)
                0x00000000c002309b                Reg::readInt(char*, char*, int*)
                0x00000000c0023189                Reg::readString(char*, char*, char*, int)
                0x00000000c002320a                Reg::readBool(char*, char*, bool*)
                0x00000000c002322f                Reg::readBoolWithDefault(char*, char*, bool)
                0x00000000c002325b                Reg::readIntWithDefault(char*, char*, int)
                0x00000000c0023287                Reg::readStringWithDefault(char*, char*, char*, int, char*)
 .text          0x00000000c00232c8       0x36 sys/eject.32
                0x00000000c00232c8                SysEject(regs*)
 .text          0x00000000c00232fe       0x18 sys/exit.32
                0x00000000c00232fe                SysExit(regs*)
 .text          0x00000000c0023316       0x1f sys/getcwd.32
                0x00000000c0023316                SysGetCwd(regs*)
 .text          0x00000000c0023335        0xc sys/getpid.32
                0x00000000c0023335                SysGetPID(regs*)
 .text          0x00000000c0023341       0x1a sys/getramdata.32
                0x00000000c0023341                SysGetRAMData(regs*)
 .text          0x00000000c002335b       0x82 sys/getvgaptr.32
                0x00000000c002335b                SysGetVGAPtr(regs*)
 *fill*         0x00000000c00233dd        0x3 
 .text          0x00000000c00233e0       0xb9 sys/kill.32
                0x00000000c00233e0                SysKill(regs*)
 .text          0x00000000c0023499       0xa8 sys/loaddll.32
                0x00000000c0023499                SysLoadDLL(regs*)
 .text          0x00000000c0023541       0x68 sys/read.32
                0x00000000c0023541                SysRead(regs*)
 .text          0x00000000c00235a9       0x29 sys/registersignal.32
                0x00000000c00235a9                SysRegisterSignal(regs*)
 .text          0x00000000c00235d2      0x1cc sys/registry.32
                0x00000000c00235d2                SysRegistryGetTypeFromPath(regs*)
                0x00000000c0023616                SysRegistryReadExtent(regs*)
                0x00000000c002365e                SysRegistryPathToExtentLookup(regs*)
                0x00000000c0023675                SysRegistryEnterDirectory(regs*)
                0x00000000c002368c                SysRegistryGetNext(regs*)
                0x00000000c00236a3                SysRegistryGetNameAndTypeFromExtent(regs*)
                0x00000000c00236dd                SysRegistryOpen(regs*)
                0x00000000c00236f1                SysRegistryClose(regs*)
                0x00000000c0023708                SysRegistryEasyReadString(regs*)
                0x00000000c0023754                SysRegistryEasyReadInteger(regs*)
 .text          0x00000000c002379e       0x55 sys/sbrk.32
                0x00000000c002379e                SysSbrk(regs*)
 .text          0x00000000c00237f3       0x1c sys/setcwd.32
                0x00000000c00237f3                SysSetCwd(regs*)
 .text          0x00000000c002380f       0x96 sys/settime.32
                0x00000000c002380f                SysSetTime(regs*)
 .text          0x00000000c00238a5       0x73 sys/symlink.32
                0x00000000c00238a5                SysSymlink(regs*)
 .text          0x00000000c0023918       0x3f sys/timezone.32
                0x00000000c0023918                SysTimezone(regs*)
 .text          0x00000000c0023957       0xfc sys/truncate.32
                0x00000000c0023957                SysTruncate(regs*)
 .text          0x00000000c0023a53       0x68 sys/write.32
                0x00000000c0023a53                SysWrite(regs*)
 .text          0x00000000c0023abb       0x9d sys/wsbe.32
                0x00000000c0023abb                SysWsbe(regs*)
 .text          0x00000000c0023b58       0x25 sys/yield.32
                0x00000000c0023b58                SysYield(regs*)
 .text          0x00000000c0023b7d     0x1207 thr/elf.32
                0x00000000c0023b7d                Thr::allocateMemoryForTask(Process*, File*, unsigned long, unsigned long, unsigned long)
                0x00000000c0023e0b                Thr::loadProgramIntoMemory(Process*, char const*)
                0x00000000c002401d                Thr::runtimeReferenceHelper()
                0x00000000c0024030                Thr::getAddressOfKernelSymbol(char const*)
                0x00000000c002407f                Thr::loadKernelSymbolTable(char const*)
                0x00000000c002433d                Thr::loadDriverIntoMemory(char const*, unsigned long, bool)
                0x00000000c0024a76                Thr::getDriverBaseFromAddress(unsigned long)
                0x00000000c0024aa8                Thr::getDriverNameFromAddress(unsigned long)
                0x00000000c0024adf                Thr::getDriverOffsetFromAddress(unsigned long)
                0x00000000c0024af9                Thr::loadDLL(char const*, bool)
                0x00000000c0024d4b                Thr::executeDLL(unsigned long, void*)
 .text          0x00000000c0024d84       0x5a thr/exec.32
                0x00000000c0024d84                KeProcessExec(Process*, char const*)
 *fill*         0x00000000c0024dde        0x2 
 .text          0x00000000c0024de0     0x1131 thr/prcssthr.32
                0x00000000c0024de0                userModeEntryPoint(void*)
                0x00000000c0024e08                changeTSS
                0x00000000c0024e38                switchToThread(ThreadControlBlock*)
                0x00000000c0024ee8                Process::addArgs(char**)
                0x00000000c0024f54                Process::Process(char const*, Process*, char**)
                0x00000000c0024f54                Process::Process(char const*, Process*, char**)
                0x00000000c0025160                Process::Process(bool, char const*, Process*, char**)
                0x00000000c0025160                Process::Process(bool, char const*, Process*, char**)
                0x00000000c0025334                taskStartupFunction
                0x00000000c0025340                KeDisablePreemption()
                0x00000000c0025368                KeRestorePreemption()
                0x00000000c0025388                Process::createThread(void (*)(void*), void*, int)
                0x00000000c0025494                Process::createUserThread()
                0x00000000c00254b4                setupMultitasking(void (*)())
                0x00000000c00255d8                schedule()
                0x00000000c002566c                blockTaskWithSchedulerLockAlreadyHeld(TaskState)
                0x00000000c0025694                blockTask(TaskState)
                0x00000000c00256cc                waitTask(int, int*, int)
                0x00000000c0025710                milliTenthSleepUntil(unsigned int)
                0x00000000c00257b0                milliTenthSleep(unsigned int)
                0x00000000c00257c4                sleep(unsigned int)
                0x00000000c00257e0                taskReturned
                0x00000000c0025824                Thr::processFromPID(int)
                0x00000000c00258d0                unblockTask(ThreadControlBlock*)
                0x00000000c002597c                cleanupTerminatedTask(ThreadControlBlock*)
                0x00000000c0025c50                cleanerTaskFunction(void*)
                0x00000000c0025d58                terminateTask(int)
                0x00000000c0025e44                Thr::terminateFromIRQ(int)
 .text          0x00000000c0025f11      0xd00 vm86/vm8086.32
                0x00000000c0025f11                Vm::inbv(unsigned short)
                0x00000000c0025f24                Vm::outbv(unsigned short, unsigned char)
                0x00000000c0025f5a                Vm::realToLinear(unsigned short, unsigned short)
                0x00000000c0025f6a                Vm::getSegment(unsigned int)
                0x00000000c0025f72                Vm::getOffset(unsigned int)
                0x00000000c0025f77                Vm::mainloop2()
                0x00000000c0025fb1                Vm::mainVm8086Loop(void*)
                0x00000000c0025fc1                Vm::mainloop3(unsigned long)
                0x00000000c0025fe7                Vm::initialise8086()
                0x00000000c002602a                Vm::resetConventionalMemory8086()
                0x00000000c002602b                Vm::finish8086()
                0x00000000c002608c                Vm::getOutput8086(unsigned char*)
                0x00000000c00260b1                Vm::start8086FromBuffer(unsigned char*, int, unsigned short, unsigned short, unsigned short, unsigned short)
                0x00000000c00261d8                Vm::start8086(char const*, unsigned short, unsigned short, unsigned short, unsigned short)
                0x00000000c00263e0                Vm::doISR(regs*, int, unsigned char*, unsigned short, unsigned short)
                0x00000000c0026479                Vm::readByteFromReal(unsigned short, unsigned short)
                0x00000000c002648a                Vm::readWordFromReal(unsigned short, unsigned short)
                0x00000000c002649c                Vm::readDwordFromReal(unsigned short, unsigned short)
                0x00000000c00264ad                Vm::writeByteFromReal(unsigned short, unsigned short, unsigned char)
                0x00000000c00264c2                Vm::writeWordFromReal(unsigned short, unsigned short, unsigned short)
                0x00000000c00264d8                Vm::writeDwordFromReal(unsigned short, unsigned short, unsigned int)
                0x00000000c00264ed                Vm::faultHandler(regs*)
 .text          0x00000000c0026c11      0xacb arch/i386/hal.32
                0x00000000c0026c11                noCopro(unsigned long)
                0x00000000c0026c12                nmiHandler(regs*, void*)
                0x00000000c0026c2b                doubleFault(regs*, void*)
                0x00000000c0026c44                displayDebugInfo(regs*)
                0x00000000c0026fc9                HalSystemIdle()
                0x00000000c0027045                displayProgramFault(char const*)
                0x00000000c0027091                gpFault(regs*, void*)
                0x00000000c00270f8                pgFault(regs*, void*)
                0x00000000c0027181                otherISRHandler(regs*, void*)
                0x00000000c00271b5                opcodeFault(regs*, void*)
                0x00000000c0027238                i386SaveCoprocessor(void*)
                0x00000000c002724c                i386LoadCoprocessor(void*)
                0x00000000c0027260                x87EmulHandler(regs*, void*)
                0x00000000c00272fd                HalInitialiseCoprocessor()
                0x00000000c0027386                HalPanic(char const*)
                0x00000000c002749a                HalQueryPerformanceCounter()
                0x00000000c00274b5                HalInitialise()
                0x00000000c002766b                HalMakeBeep(int)
                0x00000000c00276a5                HalGetRand()
                0x00000000c00276a8                HalEndOfInterrupt(int)
                0x00000000c00276d9                HalRestart()
                0x00000000c00276da                HalShutdown()
                0x00000000c00276db                HalSleep()
 .text          0x00000000c00276dc      0x2dc arch/i386/pic.32
                0x00000000c00276dc                picIoWait()
                0x00000000c00276e4                picDisable()
                0x00000000c0027718                picGetIRQReg(int)
                0x00000000c0027794                picOpen()
                0x00000000c0027918                picEOI(int)
 .text          0x00000000c00279b8      0x674 arch/i386/rtc.32
                0x00000000c00279b8                RTC::open(int, int, void*)
                0x00000000c00279bc                RTC::close(int, int, void*)
                0x00000000c00279c0                RTC::timeInSecondsUTC()
                0x00000000c00279d2                RTC::timeInDatetimeUTC()
                0x00000000c00279f8                RTC::setTimeInSecondsUTC(unsigned long long)
                0x00000000c0027a36                RTC::~RTC()
                0x00000000c0027a36                RTC::~RTC()
                0x00000000c0027a5a                RTC::~RTC()
                0x00000000c0027a84                RTC::get_update_in_progress_flag()
                0x00000000c0027a9e                RTC::completeRTCRefresh()
                0x00000000c0027d7e                RTC::setTimeInDatetimeUTC(datetime_t)
                0x00000000c0027f2c                rtcIRQHandler(regs*, void*)
                0x00000000c0027f72                RTC::RTC()
                0x00000000c0027f72                RTC::RTC()
 .text          0x00000000c002802c      0x1f4 arch/i386/vga.32
                0x00000000c002802c                HalConsoleScroll(int, int)
                0x00000000c0028134                HalConsoleWriteCharacter(char, int, int, int, int)
                0x00000000c0028198                HalConsoleCursorUpdate(int, int)
 .text          0x00000000c0028220     0x14cf fs/fat/vfslink.32
                0x00000000c0028220                FAT::getName()
                0x00000000c0028228                FAT::tell(void*, unsigned long long*)
                0x00000000c0028264                FAT::stat(void*, unsigned long long*)
                0x00000000c00282a0                FAT::~FAT()
                0x00000000c00282a0                FAT::~FAT()
                0x00000000c00282c4                FAT::~FAT()
                0x00000000c00282ec                FAT::getlabel(LogicalDisk*, int, char*, unsigned int*)
                0x00000000c0028390                FAT::setlabel(LogicalDisk*, int, char*)
                0x00000000c0028454                FAT::format(LogicalDisk*, int, char const*, int)
                0x00000000c0028638                FAT::tryMount(LogicalDisk*, int)
                0x00000000c0028854                FAT::allocateSwapfile(char const*, int)
                0x00000000c0028a14                FAT::readDir(void*, unsigned long, void*, int*)
                0x00000000c0028b84                FAT::read(void*, unsigned long, void*, int*)
                0x00000000c0028be4                FAT::write(void*, unsigned long, void*, int*)
                0x00000000c0028c44                FAT::close(void*)
                0x00000000c0028c98                FAT::closeDir(void*)
                0x00000000c0028cec                FAT::truncate(void*, unsigned long long)
                0x00000000c0028d58                FAT::seek(void*, unsigned long long)
                0x00000000c0028db0                fatWrapperReadDisk
                0x00000000c0028df0                fatWrapperWriteDisk
                0x00000000c0028e30                fatWrapperIoctl
                0x00000000c0028f4c                FAT::FAT()
                0x00000000c0028f4c                FAT::FAT()
                0x00000000c0028fa4                FAT::fixFilepath(char*)
                0x00000000c0028fe4                FAT::open(char const*, void**, FileOpenMode)
                0x00000000c0029158                FAT::openDir(char const*, void**)
                0x00000000c0029208                FAT::stat(char const*, unsigned long long*, bool*)
                0x00000000c0029300                FAT::unlink(char const*)
                0x00000000c0029380                FAT::chfatattr(char const*, unsigned char, unsigned char)
                0x00000000c0029534                FAT::rename(char const*, char const*)
                0x00000000c0029600                FAT::mkdir(char const*)
                0x00000000c0029680                FAT::exists(char const*)
 *fill*         0x00000000c00296ef        0x1 
 .text          0x00000000c00296f0       0x94 fs/iso9660/helper.32
                0x00000000c00296f0                isoReadDiscSectorHelper
                0x00000000c002974c                iso_kprintf
                0x00000000c0029768                iso_kprintfd
 .text          0x00000000c0029784      0x71c fs/iso9660/vfslink.32
                0x00000000c0029784                ISO9660::format(LogicalDisk*, int, char const*, int)
                0x00000000c002978a                ISO9660::truncate(void*, unsigned long long)
                0x00000000c0029790                ISO9660::getName()
                0x00000000c0029796                ISO9660::closeDir(void*)
                0x00000000c00297a0                ISO9660::chfatattr(char const*, unsigned char, unsigned char)
                0x00000000c00297a6                ISO9660::unlink(char const*)
                0x00000000c00297ac                ISO9660::write(void*, unsigned long, void*, int*)
                0x00000000c00297b2                ISO9660::rename(char const*, char const*)
                0x00000000c00297b8                ISO9660::mkdir(char const*)
                0x00000000c00297be                ISO9660::~ISO9660()
                0x00000000c00297be                ISO9660::~ISO9660()
                0x00000000c00297e2                ISO9660::~ISO9660()
                0x00000000c002980a                ISO9660::exists(char const*)