Archive member included to satisfy reference by file (symbol)

/cygdrive/d/Users/Alex/Desktop/Toolchain/Output/bin/../lib/gcc/i386-banana/8.1.0/libkgcc.a(_divdi3.o)
                              krnl/resolve.32 (__divdi3)
/cygdrive/d/Users/Alex/Desktop/Toolchain/Output/bin/../lib/gcc/i386-banana/8.1.0/libkgcc.a(_moddi3.o)
                              krnl/resolve.32 (__moddi3)
/cygdrive/d/Users/Alex/Desktop/Toolchain/Output/bin/../lib/gcc/i386-banana/8.1.0/libkgcc.a(_udivdi3.o)
                              hal/clock.32 (__udivdi3)
/cygdrive/d/Users/Alex/Desktop/Toolchain/Output/bin/../lib/gcc/i386-banana/8.1.0/libkgcc.a(_umoddi3.o)
                              core/pipe.32 (__umoddi3)

Allocating common symbols
Common symbol       size              file

current_iphdr_src   0x4               net/core/ipv4/ip.32
netif_list          0x4               net/core/netif.32
tcp_active_pcbs     0x4               net/core/tcp.32
udp_pcbs            0x4               net/core/udp.32
current_netif       0x4               net/core/ipv4/ip.32
tcp_ticks           0x4               net/core/tcp.32
tcp_listen_pcbs     0x4               net/core/tcp.32
current_iphdr_dest  0x4               net/core/ipv4/ip.32
tcp_tmp_pcb         0x4               net/core/tcp.32
tcp_input_pcb       0x4               net/core/tcp_in.32
dcache              0x40              fs/iso9660/iso9660.32
current_header      0x4               net/core/ipv4/ip.32
tcp_bound_pcbs      0x4               net/core/tcp.32
cdDriveLetter       0x1               fs/iso9660/iso9660.32
tcp_tw_pcbs         0x4               net/core/tcp.32
lwip_stats          0x150             net/core/stats.32
netif_default       0x4               net/core/netif.32
ram_heap            0x64d             net/core/mem.32
icache              0x40              fs/iso9660/iso9660.32

Discarded input sections

 .comment       0x0000000000000000       0x12 /cygdrive/d/Users/Alex/Desktop/Toolchain/Output/bin/../lib/gcc/i386-banana/8.1.0/crtbegin.o
 .comment       0x0000000000000000       0x12 acpica/utclib.32
 .comment       0x0000000000000000       0x12 arch/cc.32
 .comment       0x0000000000000000       0x12 arch/sys_arch.32
 .comment       0x0000000000000000       0x12 core/malloc.32
 .comment       0x0000000000000000       0x12 libk/ctype.32
 .comment       0x0000000000000000       0x12 libk/string.32
 .comment       0x0000000000000000       0x12 fs/fat/diskio.32
 .comment       0x0000000000000000       0x12 fs/fat/ff.32
 .comment       0x0000000000000000       0x12 fs/fat/ffsystem.32
 .comment       0x0000000000000000       0x12 fs/fat/ffunicode.32
 .comment       0x0000000000000000       0x12 fs/iso9660/iso9660.32
 .comment       0x0000000000000000       0x12 net/core/def.32
 .comment       0x0000000000000000       0x12 net/core/dhcp.32
 .comment       0x0000000000000000       0x12 net/core/dns.32
 .comment       0x0000000000000000       0x12 net/core/init.32
 .comment       0x0000000000000000       0x12 net/core/mem.32
 .comment       0x0000000000000000       0x12 net/core/memp.32
 .comment       0x0000000000000000       0x12 net/core/netif.32
 .comment       0x0000000000000000       0x12 net/core/pbuf.32
 .comment       0x0000000000000000       0x12 net/core/raw.32
 .comment       0x0000000000000000       0x12 net/core/stats.32
 .comment       0x0000000000000000       0x12 net/core/sys.32
 .comment       0x0000000000000000       0x12 net/core/tcp.32
 .comment       0x0000000000000000       0x12 net/core/tcp_in.32
 .comment       0x0000000000000000       0x12 net/core/tcp_out.32
 .comment       0x0000000000000000       0x12 net/core/timers.32
 .comment       0x0000000000000000       0x12 net/core/udp.32
 .comment       0x0000000000000000       0x12 net/netif/etharp.32
 .comment       0x0000000000000000       0x12 net/netif/ethernetif.32
 .comment       0x0000000000000000       0x12 net/netif/slipif.32
 .comment       0x0000000000000000       0x12 net/core/ipv4/autoip.32
 .comment       0x0000000000000000       0x12 net/core/ipv4/icmp.32
 .comment       0x0000000000000000       0x12 net/core/ipv4/igmp.32
 .comment       0x0000000000000000       0x12 net/core/ipv4/inet.32
 .comment       0x0000000000000000       0x12 net/core/ipv4/inet_chksum.32
 .comment       0x0000000000000000       0x12 net/core/ipv4/ip.32
 .comment       0x0000000000000000       0x12 net/core/ipv4/ip_addr.32
 .comment       0x0000000000000000       0x12 net/core/ipv4/ip_frag.32
 .comment       0x0000000000000000       0x12 net/core/snmp/asn1_dec.32
 .comment       0x0000000000000000       0x12 net/core/snmp/asn1_enc.32
 .comment       0x0000000000000000       0x12 net/core/snmp/mib2.32
 .comment       0x0000000000000000       0x12 net/core/snmp/mib_structs.32
 .comment       0x0000000000000000       0x12 net/core/snmp/msg_in.32
 .comment       0x0000000000000000       0x12 net/core/snmp/msg_out.32
 .comment       0x0000000000000000       0x12 net/netif/ppp/auth.32
[...]
Memory Configuration

Name             Origin             Length             Attributes
*default*        0x0000000000000000 0xffffffffffffffff

Linker script and memory map

LOAD D:/Users/Alex/Desktop/Banana/kernel/boot.32
LOAD crti.32
LOAD /cygdrive/d/Users/Alex/Desktop/Toolchain/Output/bin/../lib/gcc/i386-banana/8.1.0/crtbegin.o
LOAD D:/Users/Alex/Desktop/Banana/kernel/morenasm.32
LOAD acpica/utclib.32
LOAD arch/cc.32
LOAD arch/sys_arch.32
LOAD core/malloc.32
LOAD libk/ctype.32
LOAD libk/string.32
LOAD fs/fat/diskio.32
LOAD fs/fat/ff.32
LOAD fs/fat/ffsystem.32
LOAD fs/fat/ffunicode.32
LOAD fs/iso9660/iso9660.32
LOAD net/core/def.32
LOAD net/core/dhcp.32
LOAD net/core/dns.32
LOAD net/core/init.32
LOAD net/core/mem.32
LOAD net/core/memp.32
LOAD net/core/netif.32
LOAD net/core/pbuf.32
LOAD net/core/raw.32
LOAD net/core/stats.32
LOAD net/core/sys.32
LOAD net/core/tcp.32
LOAD net/core/tcp_in.32
LOAD net/core/tcp_out.32
LOAD net/core/timers.32
LOAD net/core/udp.32
LOAD net/netif/etharp.32
LOAD net/netif/ethernetif.32
LOAD net/netif/slipif.32
LOAD net/core/ipv4/autoip.32
LOAD net/core/ipv4/icmp.32
LOAD net/core/ipv4/igmp.32
LOAD net/core/ipv4/inet.32
LOAD net/core/ipv4/inet_chksum.32
LOAD net/core/ipv4/ip.32
LOAD net/core/ipv4/ip_addr.32
LOAD net/core/ipv4/ip_frag.32
LOAD net/core/snmp/asn1_dec.32
LOAD net/core/snmp/asn1_enc.32
LOAD net/core/snmp/mib2.32
LOAD net/core/snmp/mib_structs.32
LOAD net/core/snmp/msg_in.32
LOAD net/core/snmp/msg_out.32
LOAD net/netif/ppp/auth.32
LOAD net/netif/ppp/chap.32
LOAD net/netif/ppp/chpms.32
LOAD net/netif/ppp/fsm.32
LOAD net/netif/ppp/ipcp.32
LOAD net/netif/ppp/lcp.32
LOAD net/netif/ppp/magic.32
LOAD net/netif/ppp/md5.32
LOAD net/netif/ppp/pap.32
LOAD net/netif/ppp/ppp.32
LOAD net/netif/ppp/ppp_oe.32
LOAD net/netif/ppp/randm.32
LOAD net/netif/ppp/vj.32
LOAD core/computer.32
LOAD core/gdt.32
LOAD core/idle.32
LOAD core/idt.32
LOAD core/kheap.32
LOAD core/main.32
LOAD core/physmgr.32
LOAD core/pipe.32
LOAD core/terminal.32
LOAD core/tss.32
LOAD core/unixfile.32
LOAD core/virtmgr.32
LOAD coreobjs/c++.32
LOAD dbg/kconsole.32
LOAD dbg/usban.32
LOAD fs/symlink.32
LOAD fs/vfs.32
LOAD hal/bus.32
LOAD hal/buzzer.32
LOAD hal/clock.32
LOAD hal/device.32
LOAD hal/diskctrl.32
LOAD hal/diskphys.32
LOAD hal/fpu.32
LOAD hal/intctrl.32
LOAD hal/keybrd.32
LOAD hal/logidisk.32
LOAD hal/mouse.32
LOAD hal/nic.32
LOAD hal/partition.32
LOAD hal/serial.32
LOAD hal/timer.32
LOAD hal/vcache.32
LOAD hal/video.32
LOAD hw/acpi.32
LOAD hw/cpu.32
LOAD krnl/atexit.32
LOAD krnl/bootmsg.32
LOAD krnl/cdefs.32
LOAD krnl/compat.32
LOAD krnl/crc32.32
LOAD krnl/env.32
LOAD krnl/inlines.32
LOAD krnl/mutex.32
LOAD krnl/panic.32
LOAD krnl/powctrl.32
LOAD krnl/random.32
LOAD krnl/resolve.32
LOAD krnl/semaphore.32
LOAD krnl/signal.32
LOAD krnl/syscalls.32
LOAD net/ethernet.32
LOAD reg/cm.32
LOAD reg/registry.32
LOAD sys/eject.32
LOAD sys/exit.32
LOAD sys/getcwd.32
LOAD sys/getpid.32
LOAD sys/getramdata.32
LOAD sys/getvgaptr.32
LOAD sys/kill.32
LOAD sys/loaddll.32
LOAD sys/read.32
LOAD sys/registersignal.32
LOAD sys/registry.32
LOAD sys/sbrk.32
LOAD sys/setcwd.32
LOAD sys/settime.32
LOAD sys/symlink.32
LOAD sys/timezone.32
LOAD sys/truncate.32
LOAD sys/write.32
LOAD sys/wsbe.32
LOAD sys/yield.32
LOAD thr/elf.32
LOAD thr/prcssthr.32
LOAD vm86/vm8086.32
LOAD arch/i386/hal.32
LOAD arch/i386/pic.32
LOAD arch/i386/rtc.32
LOAD arch/i386/vga.32
LOAD fs/fat/vfslink.32
LOAD fs/iso9660/helper.32
LOAD fs/iso9660/vfslink.32
LOAD hal/sound/sndcard.32
LOAD hal/sound/sndport.32
LOAD hw/bus/isa.32
LOAD hw/bus/pci.32
LOAD hw/diskctrl/ide.32
LOAD hw/diskctrl/satabus.32
LOAD hw/diskphys/ata.32
LOAD hw/diskphys/atapi.32
LOAD hw/diskphys/sata.32
LOAD hw/diskphys/satapi.32
LOAD hw/intctrl/apic.32
LOAD hw/timer/apictimer.32
LOAD hw/timer/pit.32
LOAD arch/i386/avx.32
LOAD arch/i386/interrupt.32
LOAD arch/i386/rdrand.32
LOAD arch/i386/sse.32
LOAD arch/i386/x87.32
LOAD /cygdrive/d/Users/Alex/Desktop/Toolchain/Output/bin/../lib/gcc/i386-banana/8.1.0/crtend.o
LOAD crtn.32
LOAD /cygdrive/d/Users/Alex/Desktop/Toolchain/Output/bin/../lib/gcc/i386-banana/8.1.0/libkgcc.a
LOAD D:/Users/Alex/Desktop/Banana/kernel/libsoftfp.a
LOAD D:/Users/Alex/Desktop/Banana/kernel/libk/libm32.a
                0x00000000c0000000                . = 0xc0000000

.text           0x00000000c0000000    0x2e68a
 *(.text)
 .text          0x00000000c0000000       0x20 D:/Users/Alex/Desktop/Banana/kernel/boot.32
 .text          0x00000000c0000020        0x0 crti.32
 .text          0x00000000c0000020      0x101 /cygdrive/d/Users/Alex/Desktop/Toolchain/Output/bin/../lib/gcc/i386-banana/8.1.0/crtbegin.o
 *fill*         0x00000000c0000121        0xf 
 .text          0x00000000c0000130      0x24f D:/Users/Alex/Desktop/Banana/kernel/morenasm.32
                0x00000000c0000130                manualPCIProbe
                0x00000000c000017b                prepareTramp
                0x00000000c0000194                doTPAUSE
                0x00000000c000019e                hasLegacyFPU
                0x00000000c00001c3                is486
                0x00000000c00001f9                detectCPUID
                0x00000000c000020f                goToVM86
                0x00000000c000023f                goToUsermode
                0x00000000c0000269                switchToThreadASMFirstTime
                0x00000000c0000277                switchToThreadASM
                0x00000000c00002fc                asmQuickAcquireLock
                0x00000000c000031a                asmQuickReleaseLock
                0x00000000c0000326                asmAcquireLock
                0x00000000c0000347                asmReleaseLock
                0x00000000c000035a                loadGDT
                0x00000000c000037a                memcpy
 *fill*         0x00000000c000037f        0x1 
 .text          0x00000000c0000380      0x868 acpica/utclib.32
                0x00000000c0000380                memcmp
                0x00000000c00003d0                memmove
                0x00000000c00004f0                memset
                0x00000000c0000570                strlen
                0x00000000c00005a0                strpbrk
                0x00000000c00005f0                strtok
                0x00000000c0000640                strcpy
                0x00000000c0000680                strncpy
                0x00000000c0000750                strcmp
                0x00000000c00007a0                strchr
                0x00000000c00007e0                strncmp
                0x00000000c0000840                strcat
                0x00000000c0000870                strncat
                0x00000000c00008d0                strstr
                0x00000000c0000930                toupper
                0x00000000c0000950                tolower
                0x00000000c0000970                simple_strtoul
 .text          0x00000000c0000be8       0x53 arch/cc.32
                0x00000000c0000be8                LWIP_PLATFORM_HTONS
                0x00000000c0000c0c                LWIP_PLATFORM_HTONL
 *fill*         0x00000000c0000c3b        0x1 
 .text          0x00000000c0000c3c       0x5e arch/sys_arch.32
                0x00000000c0000c3c                lwip_socket_init
                0x00000000c0000c40                sys_mutex_new
                0x00000000c0000c44                sys_mutex_lock
                0x00000000c0000c48                sys_mutex_unlock
                0x00000000c0000c4c                tcpip_callback_with_block
                0x00000000c0000c50                sys_sem_new
                0x00000000c0000c60                sys_sem_free
                0x00000000c0000c64                sys_sem_signal
                0x00000000c0000c68                sys_arch_sem_wait
                0x00000000c0000c70                sys_mbox_new
                0x00000000c0000c74                sys_mbox_free
                0x00000000c0000c78                sys_mbox_post
                0x00000000c0000c7c                sys_arch_mbox_fetch
                0x00000000c0000c84                sys_arch_mbox_tryfetch
                0x00000000c0000c8c                sys_mbox_trypost
                0x00000000c0000c90                sys_thread_new
                0x00000000c0000c98                sys_init
 .text          0x00000000c0000c9a      0xfaa core/malloc.32
                0x00000000c0000e05                dlfree
                0x00000000c000115d                dlmalloc
                0x00000000c000169a                dlrealloc
                0x00000000c000183d                dlmemalign
                0x00000000c0001960                dlcalloc
                0x00000000c00019fa                dlcfree
                0x00000000c00019ff                dlindependent_calloc
                0x00000000c0001a24                dlindependent_comalloc
                0x00000000c0001a3b                dlvalloc
                0x00000000c0001a66                dlpvalloc
                0x00000000c0001a9c                dlmalloc_trim
                0x00000000c0001aa9                dlmalloc_usable_size
                0x00000000c0001ada                dlmallinfo
                0x00000000c0001ba9                dlmalloc_stats
                0x00000000c0001bba                dlmallopt
 .text          0x00000000c0001c44      0x1f2 libk/ctype.32
                0x00000000c0001c44                isblank
                0x00000000c0001c64                iscntrl
                0x00000000c0001c84                isdigit
                0x00000000c0001ca0                islower
                0x00000000c0001cbc                isspace
                0x00000000c0001ce4                isupper
                0x00000000c0001d00                isalpha
                0x00000000c0001d30                isalnum
                0x00000000c0001d60                ispunct
                0x00000000c0001da0                isgraph
                0x00000000c0001dd0                isprint
                0x00000000c0001df8                isxdigit
 .text          0x00000000c0001e36        0x0 libk/string.32
 .text          0x00000000c0001e36       0x51 fs/fat/diskio.32
                0x00000000c0001e36                disk_status
                0x00000000c0001e39                disk_initialize
                0x00000000c0001e3c                disk_read
                0x00000000c0001e52                disk_write
                0x00000000c0001e68                disk_ioctl
 .text          0x00000000c0001e87     0x3e46 fs/fat/ff.32
                0x00000000c0003ca8                f_mount
                0x00000000c0003d0a                f_open
                0x00000000c0003fcd                f_read
                0x00000000c00041cc                f_write
                0x00000000c0004414                f_sync
                0x00000000c00044d9                f_close
                0x00000000c0004508                f_lseek
                0x00000000c00046b9                f_opendir
                0x00000000c0004784                f_closedir
                0x00000000c00047a6                f_readdir
                0x00000000c0004838                f_stat
                0x00000000c00048b7                f_getfree
                0x00000000c00049c0                f_truncate
                0x00000000c0004aaa                f_unlink
                0x00000000c0004bcc                f_mkdir
                0x00000000c0004d67                f_rename
                0x00000000c0004f1f                f_chmod
                0x00000000c0004fcf                f_utime
                0x00000000c000507f                f_getlabel
                0x00000000c00051d0                f_setlabel
                0x00000000c0005360                f_expand
                0x00000000c00054cd                f_mkfs
 *fill*         0x00000000c0005ccd        0x3 
 .text          0x00000000c0005cd0       0x2f fs/fat/ffsystem.32
                0x00000000c0005cd0                ff_memalloc
                0x00000000c0005ce8                ff_memfree
 *fill*         0x00000000c0005cff        0x1 
 .text          0x00000000c0005d00      0x2dc fs/fat/ffunicode.32
                0x00000000c0005d00                ff_uni2oem
                0x00000000c0005da0                ff_oem2uni
                0x00000000c0005e18                ff_wtoupper
 .text          0x00000000c0005fdc      0xd32 fs/iso9660/iso9660.32
                0x00000000c0006227                isoReadDiscSector
                0x00000000c00062c2                strnicmp
                0x00000000c0006571                stricmp
                0x00000000c00065bd                iso_open
                0x00000000c0006647                iso_close
                0x00000000c0006665                iso_read
                0x00000000c000677b                iso_seek
                0x00000000c00067ff                iso_tell
                0x00000000c0006830                iso_total
                0x00000000c000685b                fn_postprocess
                0x00000000c0006882                iso_readdir
                0x00000000c0006ad9                iso_reset
                0x00000000c0006af6                init_percd
                0x00000000c0006bf0                iso_ioctl
                0x00000000c0006c08                fs_iso9660_init
                0x00000000c0006c9e                fs_iso9660_shutdown
 .text          0x00000000c0006d0e        0x0 net/core/def.32
 .text          0x00000000c0006d0e        0x0 net/core/dhcp.32
 .text          0x00000000c0006d0e        0x0 net/core/dns.32
 *fill*         0x00000000c0006d0e        0x2 
 .text          0x00000000c0006d10       0x2b net/core/init.32
                0x00000000c0006d10                lwip_init
 *fill*         0x00000000c0006d3b        0x1 
 .text          0x00000000c0006d3c      0x9ec net/core/mem.32
                0x00000000c0006ed0                mem_init
                0x00000000c0006f78                mem_free
                0x00000000c000709c                mem_trim
                0x00000000c00073a8                mem_malloc
                0x00000000c00076c4                mem_calloc
 .text          0x00000000c0007728      0x2e8 net/core/memp.32
                0x00000000c0007728                memp_init
                0x00000000c000786c                memp_malloc
                0x00000000c0007998                memp_free
 .text          0x00000000c0007a10      0x4ba net/core/netif.32
                0x00000000c0007a10                netif_init
                0x00000000c0007a14                netif_find
                0x00000000c0007aac                netif_set_ipaddr
                0x00000000c0007ba4                netif_set_gw
                0x00000000c0007bc8                netif_set_netmask
                0x00000000c0007bec                netif_set_addr
                0x00000000c0007c30                netif_add
                0x00000000c0007cfc                netif_set_default
                0x00000000c0007d08                netif_set_up
                0x00000000c0007d6c                netif_set_down
                0x00000000c0007d94                netif_remove
                0x00000000c0007e40                netif_set_link_up
                0x00000000c0007ea4                netif_set_link_down
 *fill*         0x00000000c0007eca        0x2 
 .text          0x00000000c0007ecc     0x16ac net/core/pbuf.32
                0x00000000c0007f94                pbuf_alloced_custom
                0x00000000c00080b8                pbuf_header
                0x00000000c0008254                pbuf_free
                0x00000000c000842c                pbuf_alloc
                0x00000000c0008824                pbuf_realloc
                0x00000000c0008a28                pbuf_clen
                0x00000000c0008a5c                pbuf_ref
                0x00000000c0008a8c                pbuf_cat
                0x00000000c0008b6c                pbuf_chain
                0x00000000c0008b98                pbuf_dechain
                0x00000000c0008c8c                pbuf_copy
                0x00000000c0008ef4                pbuf_copy_partial
                0x00000000c0009098                pbuf_take
                0x00000000c0009218                pbuf_coalesce
                0x00000000c00092ac                pbuf_get_at
                0x00000000c0009344                pbuf_memcmp
                0x00000000c0009450                pbuf_memfind
                0x00000000c0009504                pbuf_strstr
 .text          0x00000000c0009578      0x3e4 net/core/raw.32
                0x00000000c0009578                raw_input
                0x00000000c0009684                raw_bind
                0x00000000c00096a8                raw_connect
                0x00000000c00096cc                raw_recv
                0x00000000c00096e4                raw_sendto
                0x00000000c0009850                raw_send
                0x00000000c0009874                raw_remove
                0x00000000c00098f4                raw_new
 .text          0x00000000c000995c        0x2 net/core/stats.32
                0x00000000c000995c                stats_init
 *fill*         0x00000000c000995e        0x2 
 .text          0x00000000c0009960       0x55 net/core/sys.32
                0x00000000c0009960                sys_msleep
 *fill*         0x00000000c00099b5        0x3 
 .text          0x00000000c00099b8     0x1dec net/core/tcp.32
                0x00000000c00099c8                tcp_listen_with_backlog
                0x00000000c0009b78                tcp_update_rcv_ann_wnd
                0x00000000c0009c54                tcp_recved
                0x00000000c0009d9c                tcp_bind
                0x00000000c0009ecc                tcp_seg_free
                0x00000000c0009f10                tcp_segs_free
                0x00000000c0009f48                tcp_setprio
                0x00000000c0009f64                tcp_seg_copy
                0x00000000c0009fb8                tcp_arg
                0x00000000c0009fc8                tcp_recv
                0x00000000c0009fd8                tcp_sent
                0x00000000c0009fe8                tcp_err
                0x00000000c0009ff8                tcp_accept
                0x00000000c000a008                tcp_poll
                0x00000000c000a030                tcp_pcb_purge
                0x00000000c000a114                tcp_slowtmr
                0x00000000c000a898                tcp_pcb_remove
                0x00000000c000ad40                tcp_close
                0x00000000c000ad7c                tcp_recv_null
                0x00000000c000ade0                tcp_fasttmr
                0x00000000c000af04                tcp_tmr
                0x00000000c000af34                tcp_shutdown
                0x00000000c000afe0                tcp_abandon
                0x00000000c000b174                tcp_abort
                0x00000000c000b2e0                tcp_next_iss
                0x00000000c000b2f8                tcp_alloc
                0x00000000c000b4a4                tcp_new
                0x00000000c000b4b8                tcp_eff_send_mss
                0x00000000c000b528                tcp_connect
                0x00000000c000b798                tcp_debug_state_str
 .text          0x00000000c000b7a4     0x3131 net/core/tcp_in.32
                0x00000000c000de04                tcp_input
 *fill*         0x00000000c000e8d5        0x3 
 .text          0x00000000c000e8d8     0x1f81 net/core/tcp_out.32
                0x00000000c000ee48                tcp_write
                0x00000000c000f6e8                tcp_enqueue_flags
                0x00000000c000f9d4                tcp_send_fin
                0x00000000c000fa74                tcp_send_empty_ack
                0x00000000c000fd84                tcp_output
                0x00000000c0010210                tcp_rst
                0x00000000c0010384                tcp_rexmit_rto
                0x00000000c0010414                tcp_rexmit
                0x00000000c00104dc                tcp_rexmit_fast
                0x00000000c00105c0                tcp_keepalive
                0x00000000c0010688                tcp_zero_window_probe
 *fill*         0x00000000c0010859        0x3 
 .text          0x00000000c001085c      0x44d net/core/timers.32
                0x00000000c001085c                sys_timeout
                0x00000000c0010a14                tcp_timer_needed
                0x00000000c0010aa8                sys_timeouts_init
                0x00000000c0010ae0                sys_untimeout
                0x00000000c0010bac                sys_timeouts_mbox_fetch
 *fill*         0x00000000c0010ca9        0x3 
 .text          0x00000000c0010cac      0xae8 net/core/udp.32
                0x00000000c0010cac                udp_input
                0x00000000c0011120                udp_bind
                0x00000000c00112a0                udp_sendto_if
                0x00000000c0011520                udp_sendto
                0x00000000c0011584                udp_send
                0x00000000c00115b0                udp_connect
                0x00000000c0011690                udp_disconnect
                0x00000000c00116bc                udp_recv
                0x00000000c00116d4                udp_remove
                0x00000000c0011754                udp_new
 .text          0x00000000c0011794     0x1204 net/netif/etharp.32
                0x00000000c00117ec                etharp_tmr
                0x00000000c0011dbc                etharp_find_addr
                0x00000000c001231c                etharp_request
                0x00000000c0012358                etharp_query
                0x00000000c0012694                etharp_output
                0x00000000c0012854                ethernet_input
 .text          0x00000000c0012998        0x0 net/netif/ethernetif.32
 .text          0x00000000c0012998        0x0 net/netif/slipif.32
 .text          0x00000000c0012998        0x0 net/core/ipv4/autoip.32
 .text          0x00000000c0012998      0x5dd net/core/ipv4/icmp.32
                0x00000000c0012998                icmp_input
                0x00000000c0012f30                icmp_dest_unreach
                0x00000000c0012f54                icmp_time_exceeded
 .text          0x00000000c0012f75        0x0 net/core/ipv4/igmp.32
 .text          0x00000000c0012f75        0x0 net/core/ipv4/inet.32
 *fill*         0x00000000c0012f75        0x3 
 .text          0x00000000c0012f78      0x582 net/core/ipv4/inet_chksum.32
                0x00000000c0013070                inet_chksum_pseudo
                0x00000000c0013200                inet_chksum_pseudo_partial
                0x00000000c00133f0                inet_chksum
                0x00000000c0013418                inet_chksum_pbuf
 *fill*         0x00000000c00134fa        0x2 
 .text          0x00000000c00134fc      0x84c net/core/ipv4/ip.32
                0x00000000c00134fc                ip_route
                0x00000000c0013590                ip_input
                0x00000000c00139d4                ip_output_if
                0x00000000c0013ca4                ip_output
 .text          0x00000000c0013d48      0x5ac net/core/ipv4/ip_addr.32
                0x00000000c0013d48                ip4_addr_isbroadcast
                0x00000000c0013dd0                ip4_addr_netmask_valid
                0x00000000c0013e34                ipaddr_aton
                0x00000000c0014164                ipaddr_addr
                0x00000000c0014194                ipaddr_ntoa_r
                0x00000000c00142e0                ipaddr_ntoa
 .text          0x00000000c00142f4     0x1161 net/core/ipv4/ip_frag.32
                0x00000000c0014558                ip_reass_tmr
                0x00000000c0014be8                ip_reass
                0x00000000c00150a8                ip_frag
 .text          0x00000000c0015455        0x0 net/core/snmp/asn1_dec.32
 .text          0x00000000c0015455        0x0 net/core/snmp/asn1_enc.32
 .text          0x00000000c0015455        0x0 net/core/snmp/mib2.32
 .text          0x00000000c0015455        0x0 net/core/snmp/mib_structs.32
 .text          0x00000000c0015455        0x0 net/core/snmp/msg_in.32
 .text          0x00000000c0015455        0x0 net/core/snmp/msg_out.32
 .text          0x00000000c0015455        0x0 net/netif/ppp/auth.32
 .text          0x00000000c0015455        0x0 net/netif/ppp/chap.32
 .text          0x00000000c0015455        0x0 net/netif/ppp/chpms.32
 .text          0x00000000c0015455        0x0 net/netif/ppp/fsm.32
 .text          0x00000000c0015455        0x0 net/netif/ppp/ipcp.32
 .text          0x00000000c0015455        0x0 net/netif/ppp/lcp.32
 .text          0x00000000c0015455        0x0 net/netif/ppp/magic.32
 .text          0x00000000c0015455        0x0 net/netif/ppp/md5.32
 .text          0x00000000c0015455        0x0 net/netif/ppp/pap.32
 .text          0x00000000c0015455        0x0 net/netif/ppp/ppp.32
 .text          0x00000000c0015455        0x0 net/netif/ppp/ppp_oe.32
 .text          0x00000000c0015455        0x0 net/netif/ppp/randm.32
 .text          0x00000000c0015455        0x0 net/netif/ppp/vj.32
 *fill*         0x00000000c0015455        0x1 
 .text          0x00000000c0015456      0x6c7 core/computer.32
                0x00000000c0015456                Computer::close(int, int, void*)
                0x00000000c00154a4                Krnl::firstTask()
                0x00000000c00155e2                Computer::Computer()
                0x00000000c00155e2                Computer::Computer()
                0x00000000c0015692                Computer::setBootMessage(char const*)
                0x00000000c0015694                Computer::detectFeatures()
                0x00000000c00158ba                Computer::displayFeatures()
                0x00000000c00158bc                Computer::rdmsr(unsigned int)
                0x00000000c00158e8                Computer::wrmsr(unsigned int, unsigned long long)
                0x00000000c0015924                Computer::shutdown()
                0x00000000c001593c                Computer::restart()
                0x00000000c0015954                Computer::sleep()
                0x00000000c0015968                Computer::nmiEnabled()
                0x00000000c0015974                Computer::readCMOS(unsigned char)
                0x00000000c0015992                Computer::enableNMI(bool)
                0x00000000c00159aa                Computer::open(int, int, void*)
                0x00000000c0015a7e                Computer::disableNMI()
                0x00000000c0015a8e                Computer::writeCMOS(unsigned char, unsigned char)
                0x00000000c0015ab2                Computer::handleNMI()
 *fill*         0x00000000c0015b1d        0x1 
 .text          0x00000000c0015b1e      0x1db core/gdt.32
                0x00000000c0015b1e                GDTEntry::setBase(unsigned int)
                0x00000000c0015b3a                GDTEntry::setLimit(unsigned int)
                0x00000000c0015b58                GDT::GDT()
                0x00000000c0015b58                GDT::GDT()
                0x00000000c0015b6e                GDT::addEntry(GDTEntry)
                0x00000000c0015b90                GDT::getNumberOfEntries()
                0x00000000c0015b98                GDT::flush()
                0x00000000c0015bba                GDT::setup()
 .text          0x00000000c0015cf9       0x1d core/idle.32
                0x00000000c0015cf9                idleFunction(void*)
 *fill*         0x00000000c0015d16        0x2 
 .text          0x00000000c0015d18      0x46c core/idt.32
                0x00000000c0015d18                IDTEntry::IDTEntry(bool)
                0x00000000c0015d18                IDTEntry::IDTEntry(bool)
                0x00000000c0015d92                IDTEntry::setOffset(unsigned int)
                0x00000000c0015da8                IDT::IDT()
                0x00000000c0015da8                IDT::IDT()
                0x00000000c0015daa                IDT::getPointerToInvalidOpcodeEntryForF00F()
                0x00000000c0015db2                IDT::addEntry(IDTEntry, int)
                0x00000000c0015dcc                IDT::addEntry(int, void (*)(), bool)
                0x00000000c0015e04                IDT::flush()
                0x00000000c0015e1e                IDT::setup()
 .text          0x00000000c0016184      0x188 core/kheap.32
                0x00000000c0016184                sbrk
                0x00000000c001621b                mmap
                0x00000000c0016231                munmap
                0x00000000c0016247                liballoc_lock()
                0x00000000c0016255                liballoc_unlock()
                0x00000000c001626b                liballoc_alloc(int)
                0x00000000c0016283                liballoc_free(void*, int)
                0x00000000c001629e                realloc
                0x00000000c00162b2                malloc
                0x00000000c00162c2                free
                0x00000000c00162d2                rfree
                0x00000000c00162e2                calloc
 .text          0x00000000c001630c       0xc7 core/main.32
                0x00000000c001630c                KeEntryPoint
 .text          0x00000000c00163d3      0x644 core/physmgr.32
                0x00000000c00163d3                Phys::allocateDMA(unsigned long)
                0x00000000c00164bb                Phys::freeDMA(unsigned long, unsigned long)
                0x00000000c00164f6                Phys::setPageState(unsigned long, bool)
                0x00000000c0016536                Phys::getPageState(unsigned long)
                0x00000000c0016552                Phys::freePage(unsigned long)
                0x00000000c00165bb                Phys::allocatePage()
                0x00000000c001668a                Phys::allocateContiguousPages(int)
                0x00000000c00166f1                Phys::allowSegmentToBeUsed(unsigned long, unsigned long)
                0x00000000c0016729                Phys::physicalMemorySetup(unsigned int)
 *fill*         0x00000000c0016a17        0x1 
 .text          0x00000000c0016a18      0x273 core/pipe.32
                0x00000000c0016a18                Pipe::isAtty()
                0x00000000c0016a1c                Pipe::~Pipe()
                0x00000000c0016a1c                Pipe::~Pipe()
                0x00000000c0016a40                Pipe::~Pipe()
                0x00000000c0016a68                Pipe::write(unsigned long long, void*, int*)
                0x00000000c0016b28                Pipe::read(unsigned long long, void*, int*)
                0x00000000c0016c24                Pipe::Pipe(int)
                0x00000000c0016c24                Pipe::Pipe(int)
 *fill*         0x00000000c0016c8b        0x1 
 .text          0x00000000c0016c8c      0xab3 core/terminal.32
                0x00000000c0016c8c                VgaText::isAtty()
                0x00000000c0016c90                VgaText::~VgaText()
                0x00000000c0016c90                VgaText::~VgaText()
                0x00000000c0016cb4                VgaText::~VgaText()
                0x00000000c0016cde                VgaText::read(unsigned long long, void*, int*)
                0x00000000c0016cfe                setTerminalScrollLock(bool)
                0x00000000c0016cff                doTerminalCycle()
                0x00000000c0016d00                addToTerminalCycle(VgaText*)
                0x00000000c0016d01                scrollTerminalScrollLock(int)
                0x00000000c0016d02                VgaText::updateTitle()
                0x00000000c0016d04                VgaText::load()
                0x00000000c0016d06                VgaText::updateCursor()
                0x00000000c0016d1c                VgaText::doANSI_SGR(int)
                0x00000000c0016d90                VgaText::setDefaultBgColour(VgaColour)
                0x00000000c0016da0                VgaText::setDefaultFgColour(VgaColour)
                0x00000000c0016db0                VgaText::setDefaultColours(VgaColour, VgaColour)
                0x00000000c0016dd0                VgaText::setTitleTextColour(VgaColour)
                0x00000000c0016ddc                VgaText::setTitleColour(VgaColour)
                0x00000000c0016de8                VgaText::setTitle(char*)
                0x00000000c0016dea                VgaText::combineColours(unsigned char, unsigned char)
                0x00000000c0016dfc                VgaText::scrollScreen()
                0x00000000c0016e8e                VgaText::combineCharAndColour(char, unsigned char)
                0x00000000c0016e9e                VgaText::writeCharacter(char, VgaColour, VgaColour, int, int)
                0x00000000c0016f2e                VgaText::getCursorX()
                0x00000000c0016f36                VgaText::getCursorY()
                0x00000000c0016f3e                VgaText::setCursor(int, int)
                0x00000000c0016f55                setActiveTerminal(VgaText*)
                0x00000000c0016fa0                VgaText::clearScreen()
                0x00000000c0016fee                VgaText::setCursorX(int)
                0x00000000c0017006                VgaText::setCursorY(int)
                0x00000000c001701e                VgaText::incrementCursor(bool)
                0x00000000c0017072                VgaText::decrementCursor(bool)
                0x00000000c0017094                VgaText::putchar(char, VgaColour, VgaColour)
                0x00000000c0017164                VgaText::putchar(char)
                0x00000000c001725c                VgaText::putx(unsigned int)
                0x00000000c00172a2                VgaText::puts(char const*)
                0x00000000c00172c8                VgaText::write(unsigned long long, void*, int*)
                0x00000000c0017314                VgaText::puts(char const*, VgaColour, VgaColour)
                0x00000000c0017462                VgaText::VgaText(char const*)
                0x00000000c0017462                VgaText::VgaText(char const*)
                0x00000000c00175b2                VgaText::receiveKey(unsigned char)
                0x00000000c001773e                VgaText::doUpdate()
 *fill*         0x00000000c001773f        0x1 
 .text          0x00000000c0017740      0x1a1 core/tss.32
                0x00000000c0017740                TSS::TSS()
                0x00000000c0017740                TSS::TSS()
                0x00000000c0017750                TSS::setESP(unsigned long)
                0x00000000c0017764                TSS::flush()
                0x00000000c0017784                TSS::setup(unsigned long, unsigned long)
 *fill*         0x00000000c00178e1        0x1 
 .text          0x00000000c00178e2      0x4ca core/unixfile.32
                0x00000000c00178e2                ReservedFilename::read(unsigned long long, void*, int*)
                0x00000000c0017938                ReservedFilename::isAtty()
                0x00000000c0017954                ReservedFilename::write(unsigned long long, void*, int*)
                0x00000000c00179b2                UnixFile::getFileDescriptor()
                0x00000000c00179ba                UnixFile::UnixFile(int)
                0x00000000c00179ba                UnixFile::UnixFile(int)
                0x00000000c0017b6e                ReservedFilename::ReservedFilename(int)
                0x00000000c0017b6e                ReservedFilename::ReservedFilename(int)
                0x00000000c0017ba0                UnixFile::~UnixFile()
                0x00000000c0017ba0                UnixFile::~UnixFile()
                0x00000000c0017c3c                UnixFile::~UnixFile()
                0x00000000c0017c64                ReservedFilename::~ReservedFilename()
                0x00000000c0017c64                ReservedFilename::~ReservedFilename()
                0x00000000c0017c88                ReservedFilename::~ReservedFilename()
                0x00000000c0017caf                KeGetFileFromDescriptor(int)
 .text          0x00000000c0017dac     0x1218 core/virtmgr.32
                0x00000000c0017dac                Virt::setPageState(unsigned long, Virt::VirtPageState)
                0x00000000c0017de6                Virt::getPageState(unsigned long)
                0x00000000c0017e09                Virt::allocateKernelVirtualPages(int)
                0x00000000c0017f2e                Virt::freeSwapfilePage(unsigned long)
                0x00000000c0017f51                Virt::swapIDToSector(unsigned long)
                0x00000000c0017f67                Virt::allocateSwapfilePage()
                0x00000000c0017fe7                Virt::virtualMemorySetup()
                0x00000000c0018038                Virt::setupPageSwapping(int)
                0x00000000c00180aa                VAS::setCPUSpecific(unsigned long)
                0x00000000c00180ac                VAS::VAS(VAS*)
                0x00000000c00180ac                VAS::VAS(VAS*)
                0x00000000c00180da                VAS::getForeignPageTableEntry(bool, unsigned long)
                0x00000000c0018108                VAS::getPageTableEntry(unsigned long)
                0x00000000c0018127                Virt::freeKernelVirtualPages(unsigned long)
                0x00000000c0018264                VAS::freeAllocatedPages(unsigned long)
                0x00000000c0018288                VAS::virtualToPhysical(unsigned long)
                0x00000000c00182a2                VAS::reflagRange(unsigned long, int, unsigned long, unsigned long)
                0x00000000c00182e4                VAS::VAS()
                0x00000000c00182e4                VAS::VAS()
                0x00000000c001834e                VAS::setToWriteCombining(unsigned long, int)
                0x00000000c0018382                VAS::mapOtherVASIn(bool, VAS*)
                0x00000000c00183ae                VAS::~VAS()
                0x00000000c00183ae                VAS::~VAS()
                0x00000000c001851c                VAS::mapPage(unsigned long, unsigned long, int)
                0x00000000c0018620                VAS::allocatePages(int, int)
                0x00000000c0018716                VAS::mapRange(unsigned long, unsigned long, int, int)
                0x00000000c001876e                VAS::mapForeignPage(bool, VAS*, unsigned long, unsigned long, int)
                0x00000000c0018864                VAS::VAS(bool)
                0x00000000c0018864                VAS::VAS(bool)
                0x00000000c0018aae                VAS::evict(unsigned long)
                0x00000000c0018b8c                VAS::tryLoadBackOffDisk(unsigned long)
                0x00000000c0018d26                VAS::allocateSharedMemoryWithKernel(unsigned long, unsigned long*)
                0x00000000c0018d9a                VAS::freeSharedMemoryWithKernel(unsigned long, unsigned long)
                0x00000000c0018dc6                VAS::scanForEviction()
                0x00000000c0018ec9                mapVASFirstTime
 .text          0x00000000c0018fc4       0x5f coreobjs/c++.32
                0x00000000c0018fc4                __cxa_atexit
                0x00000000c0018fc7                __cxa_finalize
                0x00000000c0018fc8                __stack_chk_fail
                0x00000000c0018ffe                __cxa_pure_virtual
                0x00000000c001900f                operator new[](unsigned long)
                0x00000000c0019014                operator delete(void*, unsigned long)
                0x00000000c0019019                operator delete[](void*)
                0x00000000c001901e                operator delete[](void*, unsigned long)
 .text          0x00000000c0019023      0x254 dbg/kconsole.32
                0x00000000c0019023                Dbg::stringifyxWithBase(unsigned int, char*, int)
                0x00000000c00190c3                Dbg::logc(char)
                0x00000000c00190e3                Dbg::logs(char*)
                0x00000000c0019102                Dbg::logWriteInt(unsigned int)
                0x00000000c0019120                Dbg::logWriteIntBase(unsigned int, int)
                0x00000000c0019141                Dbg::kprintf(char const*, ...)
 *fill*         0x00000000c0019277        0x1 
 .text          0x00000000c0019278      0x2d4 dbg/usban.32
                0x00000000c0019278                KiUbsanPrintDetails(char const*, void*)
                0x00000000c00192e4                __ubsan_handle_type_mismatch_v1
                0x00000000c00193c0                __ubsan_handle_pointer_overflow
                0x00000000c00193ec                __ubsan_handle_out_of_bounds
                0x00000000c0019418                __ubsan_handle_add_overflow
                0x00000000c0019444                __ubsan_handle_load_invalid_value
                0x00000000c0019470                __ubsan_handle_divrem_overflow
                0x00000000c001949c                __ubsan_handle_mul_overflow
                0x00000000c00194c8                __ubsan_handle_sub_overflow
                0x00000000c00194f4                __ubsan_handle_shift_out_of_bounds
                0x00000000c0019520                __ubsan_handle_negate_overflow
 .text          0x00000000c001954c      0x86d fs/symlink.32
                0x00000000c001969b                KiDeinitialiseSymlinks(void*)
                0x00000000c001972e                KeRegisterSymlink(char const*, unsigned long long)
                0x00000000c00197c0                KeInitialiseSymlinks()
                0x00000000c0019934                KiIsSymlinkRegistered(char const*)
                0x00000000c0019ab8                KeDereferenceSymlink(char const*, char*)
                0x00000000c0019c5f                KeCreateSymlink(char const*, char const*)
 *fill*         0x00000000c0019db9        0x1 
 .text          0x00000000c0019dba      0xd68 fs/vfs.32
                0x00000000c0019dba                File::read(unsigned long long, void*, int*)
                0x00000000c0019e12                File::write(unsigned long long, void*, int*)
                0x00000000c0019e6a                Directory::read(unsigned long long, void*, int*)
                0x00000000c0019ec2                Directory::write(unsigned long long, void*, int*)
                0x00000000c0019ef0                File::isAtty()
                0x00000000c0019ef4                Directory::isAtty()
                0x00000000c0019ef8                Filesystem::getlabel(LogicalDisk*, int, char*, unsigned int*)
                0x00000000c0019efe                Filesystem::setlabel(LogicalDisk*, int, char*)
                0x00000000c0019f04                Filesystem::allocateSwapfile(char const*, int)
                0x00000000c0019f0a                File::~File()
                0x00000000c0019f0a                File::~File()
                0x00000000c0019f2e                File::~File()
                0x00000000c0019f58                Directory::~Directory()
                0x00000000c0019f58                Directory::~Directory()
                0x00000000c0019f7c                Directory::~Directory()
                0x00000000c0019fa6                Filesystem::Filesystem()
                0x00000000c0019fa6                Filesystem::Filesystem()
                0x00000000c0019fca                Filesystem::~Filesystem()
                0x00000000c0019fca                Filesystem::~Filesystem()
                0x00000000c0019fd8                Filesystem::~Filesystem()
                0x00000000c0019ffc                Fs::getcwd(Process*, char*, int)
                0x00000000c001a026                Fs::initVFS()
                0x00000000c001a050                Fs::standardiseFiles(char*, char const*, char const*, bool)
                0x00000000c001a26a                File::File(char const*, Process*, bool)
                0x00000000c001a26a                File::File(char const*, Process*, bool)
                0x00000000c001a348                File::File(char const*, Process*)
                0x00000000c001a348                File::File(char const*, Process*)
                0x00000000c001a366                File::open(FileOpenMode)
                0x00000000c001a3c4                File::close()
                0x00000000c001a424                File::seek(unsigned long long)
                0x00000000c001a47a                File::truncate(unsigned long long)
                0x00000000c001a4d0                File::tell(unsigned long long*)
                0x00000000c001a520                File::rewind()
                0x00000000c001a534                File::unlink()
                0x00000000c001a580                File::rename(char const*)
                0x00000000c001a5ce                File::chfatattr(unsigned char, unsigned char)
                0x00000000c001a62a                File::exists()
                0x00000000c001a668                File::stat(unsigned long long*, bool*)
                0x00000000c001a6c9                Fs::setcwd(Process*, char*)
                0x00000000c001a828                Directory::Directory(char const*, Process*)
                0x00000000c001a828                Directory::Directory(char const*, Process*)
                0x00000000c001a8f0                Directory::open()
                0x00000000c001a94c                Directory::close()
                0x00000000c001a9ac                Directory::unlink()
                0x00000000c001a9f8                Directory::rename(char const*)
                0x00000000c001aa46                Directory::exists()
                0x00000000c001aa84                Directory::read(dirent*)
                0x00000000c001aad0                Directory::create()
                0x00000000c001ab1c                Filesystem::chfatattr(char const*, unsigned char, unsigned char)
 *fill*         0x00000000c001ab22        0x2 
 .text          0x00000000c001ab24       0x86 hal/bus.32
                0x00000000c001ab24                Bus::Bus(char const*)
                0x00000000c001ab24                Bus::Bus(char const*)
                0x00000000c001ab5c                Bus::~Bus()
                0x00000000c001ab5c                Bus::~Bus()
                0x00000000c001ab80                Bus::~Bus()
 .text          0x00000000c001abaa       0x96 hal/buzzer.32
                0x00000000c001abaa                beepThread(void*)
                0x00000000c001abe7                Krnl::beep(int, int, bool)
 .text          0x00000000c001ac40      0x45f hal/clock.32
                0x00000000c001ac40                User::loadClockSettings(int)
                0x00000000c001ac92                Clock::Clock(char const*)
                0x00000000c001ac92                Clock::Clock(char const*)
                0x00000000c001acc8                Clock::~Clock()
                0x00000000c001acc8                Clock::~Clock()
                0x00000000c001acec                Clock::~Clock()
                0x00000000c001ad16                Clock::timeInSecondsLocal()
                0x00000000c001ad5e                Clock::setTimeInSecondsLocal(unsigned long long)
                0x00000000c001adb7                datetimeToSeconds(datetime_t)
                0x00000000c001aed6                Clock::setTimeInDatetimeLocal(datetime_t)
                0x00000000c001af36                secondsToDatetime(unsigned long long)
                0x00000000c001b07a                Clock::timeInDatetimeLocal()
 *fill*         0x00000000c001b09f        0x1 
 .text          0x00000000c001b0a0      0x47a hal/device.32
                0x00000000c001b0a0                Device::hibernate()
                0x00000000c001b0a2                Device::wake()
                0x00000000c001b0a4                Device::detect()
                0x00000000c001b0a6                Device::disableLegacy()
                0x00000000c001b0a8                Device::powerSaving(PowerSavingLevel)
                0x00000000c001b0aa                DriverlessDevice::close(int, int, void*)
                0x00000000c001b0ae                DriverlessDevice::detect()
                0x00000000c001b0b0                DriverlessDevice::open(int, int, void*)
                0x00000000c001b0c4                Device::~Device()
                0x00000000c001b0c4                Device::~Device()
                0x00000000c001b0d2                Device::~Device()
                0x00000000c001b0fa                Device::findAndLoadDriver()
                0x00000000c001b108                Device::preOpenPCI(PCIDeviceInfo)
                0x00000000c001b12e                Device::preOpenACPI(void*, char*, char*)
                0x00000000c001b16e                Device::addIRQHandler(int, void (*)(regs*, void*), bool, void*)
                0x00000000c001b198                Device::getParent()
                0x00000000c001b1a4                Device::removeIRQHandler(int, void (*)(regs*, void*), bool)
                0x00000000c001b1c2                Device::addChild(Device*)
                0x00000000c001b206                Device::removeAllChildren()
                0x00000000c001b24c                Device::hibernateAll()
                0x00000000c001b27c                Device::wakeAll()
                0x00000000c001b2ac                Device::detectAll()
                0x00000000c001b2dc                Device::disableLegacyAll()
                0x00000000c001b2de                Device::loadDriversForAll()
                0x00000000c001b2e0                Device::powerSavingAll(PowerSavingLevel)
                0x00000000c001b316                Device::setName(char const*)
                0x00000000c001b324                Device::Device(char const*)
                0x00000000c001b324                Device::Device(char const*)
                0x00000000c001b420                Device::getName()
                0x00000000c001b42a                Device::closeAll()
                0x00000000c001b476                DriverlessDevice::DriverlessDevice(char const*)
                0x00000000c001b476                DriverlessDevice::DriverlessDevice(char const*)
                0x00000000c001b4ac                Device::addToLinkedList(LinkedList<Device>&, DeviceType)
                0x00000000c001b4f0                getDevicesOfType(DeviceType)
 *fill*         0x00000000c001b51a        0x2 
 .text          0x00000000c001b51c       0x86 hal/diskctrl.32
                0x00000000c001b51c                HardDiskController::HardDiskController(char const*)
                0x00000000c001b51c                HardDiskController::HardDiskController(char const*)
                0x00000000c001b554                HardDiskController::~HardDiskController()
                0x00000000c001b554                HardDiskController::~HardDiskController()
                0x00000000c001b578                HardDiskController::~HardDiskController()
 .text          0x00000000c001b5a2       0xe2 hal/diskphys.32
                0x00000000c001b5a2                PhysicalDisk::eject()
                0x00000000c001b5a6                PhysicalDisk::PhysicalDisk(char const*, int)
                0x00000000c001b5a6                PhysicalDisk::PhysicalDisk(char const*, int)
                0x00000000c001b60e                PhysicalDisk::startCache()
                0x00000000c001b636                PhysicalDisk::~PhysicalDisk()
                0x00000000c001b636                PhysicalDisk::~PhysicalDisk()
                0x00000000c001b65a                PhysicalDisk::~PhysicalDisk()
 .text          0x00000000c001b684        0x0 hal/fpu.32
 .text          0x00000000c001b684      0x359 hal/intctrl.32
                0x00000000c001b684                int_handler
                0x00000000c001b70e                installISRHandler(int, void (*)(regs*, void*), void*)
                0x00000000c001b758                installIRQHandler(int, void (*)(regs*, void*), bool, void*)
                0x00000000c001b88c                uninstallISRHandler(int, void (*)(regs*, void*))
                0x00000000c001b8c0                uninstallIRQHandler(int, void (*)(regs*, void*), bool)
                0x00000000c001b93e                setupINTS()
                0x00000000c001b99b                convertLegacyIRQNumber(int)
 *fill*         0x00000000c001b9dd        0x1 
 .text          0x00000000c001b9de      0x8b6 hal/keybrd.32
                0x00000000c001b9de                startGUI(void*)
                0x00000000c001ba48                startGUIVESA(void*)
                0x00000000c001bab2                sendKeyToTerminal(unsigned char)
                0x00000000c001bb8d                sendKeyboardToken(KeyboardToken)
                0x00000000c001c077                clearInternalKeybuffer(VgaText*)
                0x00000000c001c0ac                readKeyboard(VgaText*, char*, unsigned long)
                0x00000000c001c20a                Keyboard::Keyboard(char const*)
                0x00000000c001c20a                Keyboard::Keyboard(char const*)
                0x00000000c001c246                Keyboard::~Keyboard()
                0x00000000c001c246                Keyboard::~Keyboard()
                0x00000000c001c26a                Keyboard::~Keyboard()
 .text          0x00000000c001c294      0x3f8 hal/logidisk.32
                0x00000000c001c294                LogicalDisk::close(int, int, void*)
                0x00000000c001c298                LogicalDisk::~LogicalDisk()
                0x00000000c001c298                LogicalDisk::~LogicalDisk()
                0x00000000c001c2bc                LogicalDisk::~LogicalDisk()
                0x00000000c001c2e6                LogicalDisk::open(int, int, void*)
                0x00000000c001c2fa                LogicalDisk::absoluteToRelative(unsigned long long)
                0x00000000c001c332                LogicalDisk::relativeToAbsolute(unsigned long long)
                0x00000000c001c378                LogicalDisk::LogicalDisk(char const*, PhysicalDisk*, unsigned long long, unsigned long long)
                0x00000000c001c378                LogicalDisk::LogicalDisk(char const*, PhysicalDisk*, unsigned long long, unsigned long long)
                0x00000000c001c438                LogicalDisk::assignDriveLetter()
                0x00000000c001c4f2                LogicalDisk::mount()
                0x00000000c001c53a                LogicalDisk::unmount()
                0x00000000c001c54a                LogicalDisk::eject()
                0x00000000c001c55e                LogicalDisk::unassignDriveLetter()
                0x00000000c001c5b4                LogicalDisk::read(unsigned long long, int, void*)
                0x00000000c001c620                LogicalDisk::write(unsigned long long, int, void*)
 .text          0x00000000c001c68c       0x86 hal/mouse.32
                0x00000000c001c68c                Mouse::Mouse(char const*)
                0x00000000c001c68c                Mouse::Mouse(char const*)
                0x00000000c001c6c4                Mouse::~Mouse()
                0x00000000c001c6c4                Mouse::~Mouse()
                0x00000000c001c6e8                Mouse::~Mouse()
 .text          0x00000000c001c712       0x90 hal/nic.32
                0x00000000c001c712                NIC::getMAC()
                0x00000000c001c718                NIC::write(int, unsigned char*, int*)
                0x00000000c001c71e                NIC::NIC(char const*)
                0x00000000c001c71e                NIC::NIC(char const*)
                0x00000000c001c754                NIC::~NIC()
                0x00000000c001c754                NIC::~NIC()
                0x00000000c001c778                NIC::~NIC()
 .text          0x00000000c001c7a2      0x33b hal/partition.32
                0x00000000c001c7a2                makePartition(PhysicalDisk*, unsigned long long, unsigned long long)
                0x00000000c001c84a                createPartitionsForDisk(PhysicalDisk*)
 *fill*         0x00000000c001cadd        0x3 
 .text          0x00000000c001cae0       0x86 hal/serial.32
                0x00000000c001cae0                Serial::Serial(char const*)
                0x00000000c001cae0                Serial::Serial(char const*)
                0x00000000c001cb18                Serial::~Serial()
                0x00000000c001cb18                Serial::~Serial()
                0x00000000c001cb3c                Serial::~Serial()
 *fill*         0x00000000c001cb66        0x2 
 .text          0x00000000c001cb68      0x230 hal/timer.32
                0x00000000c001cb68                Timer::Timer(char const*)
                0x00000000c001cb68                Timer::Timer(char const*)
                0x00000000c001cba0                Timer::~Timer()
                0x00000000c001cba0                Timer::~Timer()
                0x00000000c001cbc4                Timer::~Timer()
                0x00000000c001cbee                Timer::read()
                0x00000000c001cbf9                setupTimer(int)
                0x00000000c001cc34                timerHandler(unsigned int)
 .text          0x00000000c001cd98      0x444 hal/vcache.32
                0x00000000c001cd98                VCache::VCache(PhysicalDisk*)
                0x00000000c001cd98                VCache::VCache(PhysicalDisk*)
                0x00000000c001cf08                VCache::invalidateReadBuffer()
                0x00000000c001cf18                VCache::writeWriteBuffer()
                0x00000000c001cf64                VCache::~VCache()
                0x00000000c001cf64                VCache::~VCache()
                0x00000000c001cfbc                VCache::~VCache()
                0x00000000c001cfe4                VCache::write(unsigned long long, int, void*)
                0x00000000c001d0d8                VCache::read(unsigned long long, int, void*)
 .text          0x00000000c001d1dc      0x70e hal/video.32
                0x00000000c001d1dc                Video::putrect(int, int, int, int, unsigned int)
                0x00000000c001d228                Video::bitblit(int, int, int, int, int, int, int, unsigned int*)
                0x00000000c001d298                Video::blit(unsigned int*, int, int, int, int)
                0x00000000c001d316                Video::clearScreen(unsigned int)
                0x00000000c001d34a                Video::putpixel(int, int, unsigned int)
                0x00000000c001d358                Video::readPixelApprox(int, int)
                0x00000000c001d36c                Video::Video(char const*)
                0x00000000c001d36c                Video::Video(char const*)
                0x00000000c001d3a2                Video::~Video()
                0x00000000c001d3a2                Video::~Video()
                0x00000000c001d3c6                Video::~Video()
                0x00000000c001d3f0                Video::isMonochrome()
                0x00000000c001d3fc                Video::getWidth()
                0x00000000c001d408                Video::getHeight()
                0x00000000c001d414                Video::drawCursor(int, int, unsigned int*, int)
                0x00000000c001d4d0                Video::tgaParse(unsigned char*, int, int*, int*)
                0x00000000c001d87a                Video::putTGA(int, int, unsigned char*, int)
 *fill*         0x00000000c001d8ea        0x2 
 .text          0x00000000c001d8ec     0x1413 hw/acpi.32
                0x00000000c001d8ec                ACPI::close(int, int, void*)
                0x00000000c001da28                findRSDP()
                0x00000000c001dac0                loadACPITables(unsigned char*)
                0x00000000c001dd2c                findRSDT(unsigned char*)
                0x00000000c001de84                findDataTable(unsigned char*, char*)
                0x00000000c001df04                scanMADT()
                0x00000000c001e3bc                ACPI::ACPI()
                0x00000000c001e3bc                ACPI::ACPI()
                0x00000000c001e410                ACPI::getPCIIRQAssignment(unsigned char, unsigned short, unsigned char)
                0x00000000c001e50c                ACPI::registerPCIIRQAssignment(void*, unsigned short, unsigned char, unsigned char)
                0x00000000c001e5d8                ACPI::setScreenBrightnessLevel(void*, int)
                0x00000000c001e5e0                ACPI::detectPCI()
                0x00000000c001e800                ACPI::writeSimpleBootFlag(SimpleBootFlagTable*)
                0x00000000c001e848                ACPI::sleep()
                0x00000000c001e864                ACPI::open(int, int, void*)
 *fill*         0x00000000c001ecff        0x1 
 .text          0x00000000c001ed00      0xbc5 hw/cpu.32
                0x00000000c001ed00                CPU::close(int, int, void*)
                0x00000000c001ed04                CPU::AMD_K6_write_msr(unsigned int, unsigned int, unsigned int, CPU::REGS*)
                0x00000000c001ed20                CPU::AMD_K6_read_msr(unsigned int, CPU::REGS*)
                0x00000000c001ed38                CPU::AMD_K6_writeback(int, int, int)
                0x00000000c001edac                CPU::cpuid(int, unsigned long*, unsigned long*, unsigned long*, unsigned long*)
                0x00000000c001ee30                CPU::cpuidCheckEDX(unsigned int)
                0x00000000c001ee5e                CPU::cpuidCheckECX(unsigned int)
                0x00000000c001ee8c                CPU::cpuidCheckExtendedEBX(unsigned int)
                0x00000000c001eeba                CPU::cpuidCheckExtendedECX(unsigned int)
                0x00000000c001eee8                CPU::CPU()
                0x00000000c001eee8                CPU::CPU()
                0x00000000c001ef76                CPU::displayFeatures()
                0x00000000c001ef78                CPU::detectFeatures()
                0x00000000c001f64c                CPU::setupSMEP()
                0x00000000c001f658                CPU::setupUMIP()
                0x00000000c001f662                CPU::setupTSC()
                0x00000000c001f66c                CPU::setupLargePages()
                0x00000000c001f676                CPU::setupPAT()
                0x00000000c001f6b2                CPU::setupMTRR()
                0x00000000c001f6b4                CPU::setupGlobalPages()
                0x00000000c001f6be                CPU::allowUsermodeDataAccess()
                0x00000000c001f6d0                CPU::prohibitUsermodeDataAccess()
                0x00000000c001f6e2                CPU::setupSMAP()
                0x00000000c001f6f0                CPU::setupFeatures()
                0x00000000c001f7bc                CPU::open(int, int, void*)
 .text          0x00000000c001f8c5       0xb6 krnl/atexit.32
                0x00000000c001f8c5                KeInitialiseAtexit()
                0x00000000c001f8e4                KeRegisterAtexit(void (*)(void*), void*)
                0x00000000c001f918                KeExecuteAtexit()
 .text          0x00000000c001f97b       0xdf krnl/bootmsg.32
                0x00000000c001f97b                KeDisplaySplashScreen()
                0x00000000c001f9f7                KeSetBootMessage(char const*)
 *fill*         0x00000000c001fa5a        0x2 
 .text          0x00000000c001fa5c       0x48 krnl/cdefs.32
                0x00000000c001fa5c                CUnlockScheduler
                0x00000000c001fa78                CLockScheduler
                0x00000000c001fa88                CPrintf
 .text          0x00000000c001faa4       0x1d krnl/compat.32
                0x00000000c001faa4                Krnl::handlePowerButton()
                0x00000000c001fab4                Krnl::handleSleepButton()
 .text          0x00000000c001fac1       0x2b krnl/crc32.32
                0x00000000c001fac1                KeCalculateCRC32(unsigned char*, int)
 .text          0x00000000c001faec      0x5bf krnl/env.32
                0x00000000c001faec                EnvVarContainer::getEnv(char const*)
                0x00000000c001fb2a                EnvVarContainer::setEnv(char const*, char const*)
                0x00000000c001fbec                EnvVarContainer::deleteEnv(char const*)
                0x00000000c001fbee                EnvVarContainer::loadFrom(char const*, char const*)
                0x00000000c001fe12                EnvVarContainer::__loadSystem()
                0x00000000c001fe2c                EnvVarContainer::__loadUser()
                0x00000000c001fe2e                EnvVarContainer::EnvVarContainer(Process*)
                0x00000000c001fe2e                EnvVarContainer::EnvVarContainer(Process*)
                0x00000000c001fe50                EnvVarContainer::~EnvVarContainer()
                0x00000000c001fe50                EnvVarContainer::~EnvVarContainer()
                0x00000000c001fe80                KeGetEnv(Process*, char const*)
                0x00000000c001fee5                KeSetEnvSystem(char const*, char const*)
                0x00000000c001feff                KeSetEnvUser(char const*, char const*)
                0x00000000c001ff1e                KeSetEnvProcess(Process*, char const*, char const*)
                0x00000000c001ff31                KeDeleteEnvSystem(char const*)
                0x00000000c001ff32                KeDeleteEnvUser(char const*)
                0x00000000c001ff33                KeDeleteEnvProcess(Process*, char const*)
                0x00000000c001ff34                KeNewProcessEnv(Process*)
                0x00000000c001ff56                KeCopyProcessEnv(Process*, Process*)
                0x00000000c001ffa2                KeLoadSystemEnv()
                0x00000000c001ffd0                KeLoadUserEnv()
                0x00000000c001fff6                KeFlushEnv()
                0x00000000c001fff7                KeGetProcessTotalEnvCount(Process*)
                0x00000000c0020017                KeGetProcessEnvPair(Process*, int)
 .text          0x00000000c00200ab       0x94 krnl/inlines.32
                0x00000000c00200ab                CPU::current()
                0x00000000c00200b7                operator new(unsigned long)
                0x00000000c00200bc                operator delete(void*)
                0x00000000c00200c1                disableIRQs()
                0x00000000c00200c3                enableIRQs()
                0x00000000c00200c5                lockScheduler()
                0x00000000c00200cd                unlockScheduler()
                0x00000000c00200dc                lockStuff()
                0x00000000c00200ea                unlockStuff()
                0x00000000c0020124                Virt::getAKernelVAS()
                0x00000000c002012a                __not_memcpy
 *fill*         0x00000000c002013f        0x1 
 .text          0x00000000c0020140       0x1a krnl/mutex.32
                0x00000000c0020140                Mutex::Mutex()
                0x00000000c0020140                Mutex::Mutex()
 .text          0x00000000c002015a        0xc krnl/panic.32
                0x00000000c002015a                KePanic(char const*)
 .text          0x00000000c0020166      0x142 krnl/powctrl.32
                0x00000000c0020166                KePowerThread(void*)
                0x00000000c0020194                KeChangePowerSettings(PowerSettings)
                0x00000000c00201aa                KeUserIOReceived()
                0x00000000c00201b5                KeHandlePowerButton()
                0x00000000c00201ea                KeHandleSleepButton()
                0x00000000c002021f                KeSetupPowerManager()
 .text          0x00000000c00202a8       0x9d krnl/random.32
                0x00000000c00202a8                KeRand()
                0x00000000c00202ea                KeSeedRand(unsigned int)
                0x00000000c0020313                KeInitRand()
 *fill*         0x00000000c0020345        0x3 
 .text          0x00000000c0020348      0x1bc krnl/resolve.32
                0x00000000c0020348                KeResolveCompatibilitySymbol(char*)
 .text          0x00000000c0020504      0x415 krnl/semaphore.32
                0x00000000c0020504                Semaphore::Semaphore(int)
                0x00000000c0020504                Semaphore::Semaphore(int)
                0x00000000c0020534                Semaphore::tryAcquire()
                0x00000000c0020610                Semaphore::assertLocked(char const*)
                0x00000000c00206a0                Semaphore::acquire(int)
                0x00000000c0020848                Semaphore::acquire()
                0x00000000c0020864                Semaphore::release()
 .text          0x00000000c0020919      0x322 krnl/signal.32
                0x00000000c0020919                KiSigKill(int)
                0x00000000c002092d                KiDefaultSignalHandlerIgnore(int)
                0x00000000c002092e                KiDefaultSignalHandlerPause(int)
                0x00000000c002095a                KiDefaultSignalHandlerResume(int)
                0x00000000c0020986                KeDeinitSignals(SigHandlerBlock*)
                0x00000000c002098b                KeInitSignals()
                0x00000000c00209dd                KeRegisterSignalHandler(SigHandlerBlock*, int, void (*)(int), unsigned int, int)
                0x00000000c0020a13                KeRaiseSignal(SigHandlerBlock*, int)
                0x00000000c0020a90                KeCheckSignal(SigHandlerBlock*, int*)
                0x00000000c0020b87                KiCheckSignalZ
                0x00000000c0020bc9                KeCompleteSignal(SigHandlerBlock*, int)
                0x00000000c0020c04                KiFinishSignalZ
 .text          0x00000000c0020c3b      0xe10 krnl/syscalls.32
                0x00000000c0020c3b                SysSeekDir(regs*)
                0x00000000c0020c40                SysTellDir(regs*)
                0x00000000c0020c45                SysVerify(regs*)
                0x00000000c0020c4f                SysGetArgc(regs*)
                0x00000000c0020c63                SysTTYName(regs*)
                0x00000000c0020c6b                SysFormatDisk(regs*)
                0x00000000c0020ce2                SysSetDiskVolumeLabel(regs*)
                0x00000000c0020d36                SysGetDiskVolumeLabel(regs*)
                0x00000000c0020d8f                SysShutdown(regs*)
                0x00000000c0020ded                SysRealpath(regs*)
                0x00000000c0020e31                SysReadDir(regs*)
                0x00000000c0020eb1                SysIsATTY(regs*)
                0x00000000c0020f0b                SysSeek(regs*)
                0x00000000c0020f62                SysTell(regs*)
                0x00000000c0020fcf                SysSize(regs*)
                0x00000000c0021042                SysSizeFromFilename(regs*)
                0x00000000c0021173                SysSizeFromFilenameNoSymlink(regs*)
                0x00000000c00212a4                SysClose(regs*)
                0x00000000c0021304                SysOpenDir(regs*)
                0x00000000c0021381                SysMakeDir(regs*)
                0x00000000c00213ef                SysCloseDir(regs*)
                0x00000000c0021443                SysWait(regs*)
                0x00000000c0021464                SysNotImpl(regs*)
                0x00000000c002147f                SysPanic(regs*)
                0x00000000c002149a                SysRmdir(regs*)
                0x00000000c00214ff                SysUnlink(regs*)
                0x00000000c0021564                SysGetArgv(regs*)
                0x00000000c00215b1                SysUSleep(regs*)
                0x00000000c00215da                SysSpawn(regs*)
                0x00000000c002164d                SysGetEnv(regs*)
                0x00000000c00216fe                SysSetFatAttrib(regs*)
                0x00000000c0021771                SysPipe(regs*)
                0x00000000c00217b6                SysGetUnixTime(regs*)
                0x00000000c00217ca                string_ends_with(char const*, char const*)
                0x00000000c0021812                SysOpen(regs*)
                0x00000000c0021a09                KeSystemCall(regs*, void*)
 *fill*         0x00000000c0021a4b        0x1 
 .text          0x00000000c0021a4c      0x159 net/ethernet.32
                0x00000000c0021a4c                KeSwitchEndian16(unsigned short)
                0x00000000c0021a70                KeSwitchEndian32(unsigned int)
                0x00000000c0021aa0                EthernetCRC32(unsigned char*, int)
                0x00000000c0021b44                EthernetReceivedPacket(EthernetUnwrappedFrame*, unsigned short)
 .text          0x00000000c0021ba5      0xd56 reg/cm.32
                0x00000000c0021ba5                CmOpen(char const*)
                0x00000000c0021cc3                CmClose(Reghive_Tag*)
                0x00000000c0021cd9                CmReadExtent(Reghive_Tag*, int, unsigned char*)
                0x00000000c0021d15                CmGetString(Reghive_Tag*, int, char*)
                0x00000000c0021d8c                CmEnterDirectory(Reghive_Tag*, int)
                0x00000000c0021dcb                CmGetNext(Reghive_Tag*, int)
                0x00000000c0021dfd                CmWriteExtent(Reghive_Tag*, int, unsigned char*)
                0x00000000c0021e39                CmFreeExtent(Reghive_Tag*, int)
                0x00000000c0021e61                CmUpdateHeader(Reghive_Tag*)
                0x00000000c0021e82                CmExpand(Reghive_Tag*, int)
                0x00000000c0021efd                CmFindUnusedExtent(Reghive_Tag*)
                0x00000000c0021f83                CmCreateExtent(Reghive_Tag*, int, int, unsigned char*)
                0x00000000c0022077                CmSetString(Reghive_Tag*, int, char const*)
                0x00000000c00221b3                CmGetMatch(char*, char*, bool, bool*)
                0x00000000c0022214                CmAddShift(unsigned int*, int*, unsigned char, int)
                0x00000000c0022244                CmGetShift(unsigned int*, int*, int, bool*)
                0x00000000c002227b                CmGetInteger(Reghive_Tag*, int, unsigned long long*)
                0x00000000c00222a5                CmSetInteger(Reghive_Tag*, int, unsigned long long)
                0x00000000c00222e5                CmConvertFromInternalFilename(unsigned char const*, char*)
                0x00000000c0022389                CmGetNameAndTypeFromExtent(Reghive_Tag*, int, char*)
                0x00000000c00223b7                CmConvertToInternalFilename(char const*, unsigned char*)
                0x00000000c0022555                CmCreateString(Reghive_Tag*, int, char const*)
                0x00000000c00225a2                CmFindInDirectory(Reghive_Tag*, int, char const*)
                0x00000000c002261c                CmCreateInteger(Reghive_Tag*, int, char const*, unsigned long long, int)
                0x00000000c002266f                CmCreateDirectory(Reghive_Tag*, int, char const*)
                0x00000000c0022733                zStrtok(char*, char const*)
                0x00000000c00227a5                CmFindObjectFromPath(Reghive_Tag*, char const*)
                0x00000000c0022826                CmDisplayTree(Reghive_Tag*, int, int)
                0x00000000c00228c9                CmSplitFinalSlashInPlace(char*)
 .text          0x00000000c00228fb      0x52a reg/registry.32
                0x00000000c00228fb                Reg::findLineFromLoadedData(char*, char*, char*)
                0x00000000c0022a6c                Reg::getLineFromRegistry(char*, char*, char*, char*)
                0x00000000c0022bc1                Reg::getLine(char*, char*, char*)
                0x00000000c0022bf8                Reg::readInt(char*, char*, int*)
                0x00000000c0022ce6                Reg::readString(char*, char*, char*, int)
                0x00000000c0022d67                Reg::readBool(char*, char*, bool*)
                0x00000000c0022d8c                Reg::readBoolWithDefault(char*, char*, bool)
                0x00000000c0022db8                Reg::readIntWithDefault(char*, char*, int)
                0x00000000c0022de4                Reg::readStringWithDefault(char*, char*, char*, int, char*)
 .text          0x00000000c0022e25       0x36 sys/eject.32
                0x00000000c0022e25                SysEject(regs*)
 .text          0x00000000c0022e5b       0x18 sys/exit.32
                0x00000000c0022e5b                SysExit(regs*)
 .text          0x00000000c0022e73       0x1f sys/getcwd.32
                0x00000000c0022e73                SysGetCwd(regs*)
 .text          0x00000000c0022e92        0xc sys/getpid.32
                0x00000000c0022e92                SysGetPID(regs*)
 .text          0x00000000c0022e9e       0x1a sys/getramdata.32
                0x00000000c0022e9e                SysGetRAMData(regs*)
 .text          0x00000000c0022eb8       0x82 sys/getvgaptr.32
                0x00000000c0022eb8                SysGetVGAPtr(regs*)
 *fill*         0x00000000c0022f3a        0x2 
 .text          0x00000000c0022f3c       0xb9 sys/kill.32
                0x00000000c0022f3c                SysKill(regs*)
 .text          0x00000000c0022ff5       0xa8 sys/loaddll.32
                0x00000000c0022ff5                SysLoadDLL(regs*)
 .text          0x00000000c002309d       0x68 sys/read.32
                0x00000000c002309d                SysRead(regs*)
 .text          0x00000000c0023105       0x29 sys/registersignal.32
                0x00000000c0023105                SysRegisterSignal(regs*)
 .text          0x00000000c002312e      0x19c sys/registry.32
                0x00000000c002312e                SysRegistryGetTypeFromPath(regs*)
                0x00000000c00231a5                SysRegistryReadExtent(regs*)
                0x00000000c00231ed                SysRegistryPathToExtentLookup(regs*)
                0x00000000c0023215                SysRegistryEnterDirectory(regs*)
                0x00000000c002323d                SysRegistryGetNext(regs*)
                0x00000000c0023265                SysRegistryGetNameAndTypeFromExtent(regs*)
                0x00000000c002329f                SysRegistryOpen(regs*)
                0x00000000c00232b3                SysRegistryClose(regs*)
 .text          0x00000000c00232ca       0x55 sys/sbrk.32
                0x00000000c00232ca                SysSbrk(regs*)
 .text          0x00000000c002331f       0x1c sys/setcwd.32
                0x00000000c002331f                SysSetCwd(regs*)
 .text          0x00000000c002333b       0x96 sys/settime.32
                0x00000000c002333b                SysSetTime(regs*)
 .text          0x00000000c00233d1       0x73 sys/symlink.32
                0x00000000c00233d1                SysSymlink(regs*)
 .text          0x00000000c0023444       0x4a sys/timezone.32
                0x00000000c0023444                SysTimezone(regs*)
 .text          0x00000000c002348e       0xfc sys/truncate.32
                0x00000000c002348e                SysTruncate(regs*)
 .text          0x00000000c002358a       0x68 sys/write.32
                0x00000000c002358a                SysWrite(regs*)
 .text          0x00000000c00235f2       0x62 sys/wsbe.32
                0x00000000c00235f2                SysWsbe(regs*)
 .text          0x00000000c0023654       0x25 sys/yield.32
                0x00000000c0023654                SysYield(regs*)
 .text          0x00000000c0023679     0x1207 thr/elf.32
                0x00000000c0023679                Thr::allocateMemoryForTask(Process*, File*, unsigned long, unsigned long, unsigned long)
                0x00000000c0023907                Thr::loadProgramIntoMemory(Process*, char const*)
                0x00000000c0023b19                Thr::runtimeReferenceHelper()
                0x00000000c0023b2c                Thr::getAddressOfKernelSymbol(char const*)
                0x00000000c0023b7b                Thr::loadKernelSymbolTable(char const*)
                0x00000000c0023e39                Thr::loadDriverIntoMemory(char const*, unsigned long, bool)
                0x00000000c0024572                Thr::getDriverBaseFromAddress(unsigned long)
                0x00000000c00245a4                Thr::getDriverNameFromAddress(unsigned long)
                0x00000000c00245db                Thr::getDriverOffsetFromAddress(unsigned long)
                0x00000000c00245f5                Thr::loadDLL(char const*, bool)
                0x00000000c0024847                Thr::executeDLL(unsigned long, void*)
 .text          0x00000000c0024880     0x1131 thr/prcssthr.32
                0x00000000c0024880                userModeEntryPoint(void*)
                0x00000000c00248a8                changeTSS
                0x00000000c00248d8                switchToThread(ThreadControlBlock*)
                0x00000000c0024988                Process::addArgs(char**)
                0x00000000c00249f4                Process::Process(char const*, Process*, char**)
                0x00000000c00249f4                Process::Process(char const*, Process*, char**)
                0x00000000c0024c00                Process::Process(bool, char const*, Process*, char**)
                0x00000000c0024c00                Process::Process(bool, char const*, Process*, char**)
                0x00000000c0024dd4                taskStartupFunction
                0x00000000c0024de0                KeDisablePreemption()
                0x00000000c0024e08                KeRestorePreemption()
                0x00000000c0024e28                Process::createThread(void (*)(void*), void*, int)
                0x00000000c0024f34                Process::createUserThread()
                0x00000000c0024f54                setupMultitasking(void (*)())
                0x00000000c0025078                schedule()
                0x00000000c002510c                blockTaskWithSchedulerLockAlreadyHeld(TaskState)
                0x00000000c0025134                blockTask(TaskState)
                0x00000000c002516c                waitTask(int, int*, int)
                0x00000000c00251b0                milliTenthSleepUntil(unsigned int)
                0x00000000c0025250                milliTenthSleep(unsigned int)
                0x00000000c0025264                sleep(unsigned int)
                0x00000000c0025280                taskReturned
                0x00000000c00252c4                Thr::processFromPID(int)
                0x00000000c0025370                unblockTask(ThreadControlBlock*)
                0x00000000c002541c                cleanupTerminatedTask(ThreadControlBlock*)
                0x00000000c00256f0                cleanerTaskFunction(void*)
                0x00000000c00257f8                terminateTask(int)
                0x00000000c00258e4                Thr::terminateFromIRQ(int)
 .text          0x00000000c00259b1      0xc27 vm86/vm8086.32
                0x00000000c00259b1                Vm::inbv(unsigned short)
                0x00000000c00259c4                Vm::outbv(unsigned short, unsigned char)
                0x00000000c00259fa                Vm::realToLinear(unsigned short, unsigned short)
                0x00000000c0025a0a                Vm::getSegment(unsigned int)
                0x00000000c0025a12                Vm::getOffset(unsigned int)
                0x00000000c0025a17                Vm::mainloop2()
                0x00000000c0025a51                Vm::mainVm8086Loop(void*)
                0x00000000c0025a61                Vm::mainloop3(unsigned long)
                0x00000000c0025a87                Vm::initialise8086()
                0x00000000c0025aca                Vm::finish8086()
                0x00000000c0025b2b                Vm::getOutput8086(unsigned char*)
                0x00000000c0025b50                Vm::start8086FromBuffer(unsigned char*, int, unsigned short, unsigned short, unsigned short, unsigned short)
                0x00000000c0025c09                Vm::start8086(char const*, unsigned short, unsigned short, unsigned short, unsigned short)
                0x00000000c0025da7                Vm::doISR(regs*, int, unsigned char*, unsigned short, unsigned short)
                0x00000000c0025e40                Vm::readByteFromReal(unsigned short, unsigned short)
                0x00000000c0025e51                Vm::readWordFromReal(unsigned short, unsigned short)
                0x00000000c0025e63                Vm::readDwordFromReal(unsigned short, unsigned short)
                0x00000000c0025e74                Vm::writeByteFromReal(unsigned short, unsigned short, unsigned char)
                0x00000000c0025e89                Vm::writeWordFromReal(unsigned short, unsigned short, unsigned short)
                0x00000000c0025e9f                Vm::writeDwordFromReal(unsigned short, unsigned short, unsigned int)
                0x00000000c0025eb4                Vm::faultHandler(regs*)
 .text          0x00000000c00265d8      0xaf0 arch/i386/hal.32
                0x00000000c00265d8                noCopro(unsigned long)
                0x00000000c00265d9                nmiHandler(regs*, void*)
                0x00000000c00265f2                doubleFault(regs*, void*)
                0x00000000c002660b                displayDebugInfo(regs*)
                0x00000000c0026990                HalSystemIdle()
                0x00000000c0026a0c                displayProgramFault(char const*)
                0x00000000c0026a58                gpFault(regs*, void*)
                0x00000000c0026abf                pgFault(regs*, void*)
                0x00000000c0026b48                otherISRHandler(regs*, void*)
                0x00000000c0026b7c                opcodeFault(regs*, void*)
                0x00000000c0026bff                i386SaveCoprocessor(void*)
                0x00000000c0026c13                i386LoadCoprocessor(void*)
                0x00000000c0026c27                x87EmulHandler(regs*, void*)
                0x00000000c0026cc4                HalInitialiseCoprocessor()
                0x00000000c0026d72                HalPanic(char const*)
                0x00000000c0026e86                HalQueryPerformanceCounter()
                0x00000000c0026ea1                HalInitialise()
                0x00000000c0027057                HalMakeBeep(int)
                0x00000000c0027091                HalGetRand()
                0x00000000c0027094                HalEndOfInterrupt(int)
                0x00000000c00270c5                HalRestart()
                0x00000000c00270c6                HalShutdown()
                0x00000000c00270c7                HalSleep()
 .text          0x00000000c00270c8      0x2dc arch/i386/pic.32
                0x00000000c00270c8                picIoWait()
                0x00000000c00270d0                picDisable()
                0x00000000c0027104                picGetIRQReg(int)
                0x00000000c0027180                picOpen()
                0x00000000c0027304                picEOI(int)
 .text          0x00000000c00273a4      0x674 arch/i386/rtc.32
                0x00000000c00273a4                RTC::open(int, int, void*)
                0x00000000c00273a8                RTC::close(int, int, void*)
                0x00000000c00273ac                RTC::timeInSecondsUTC()
                0x00000000c00273be                RTC::timeInDatetimeUTC()
                0x00000000c00273e4                RTC::setTimeInSecondsUTC(unsigned long long)
                0x00000000c0027422                RTC::~RTC()
                0x00000000c0027422                RTC::~RTC()
                0x00000000c0027446                RTC::~RTC()
                0x00000000c0027470                RTC::get_update_in_progress_flag()
                0x00000000c002748a                RTC::completeRTCRefresh()
                0x00000000c002776a                RTC::setTimeInDatetimeUTC(datetime_t)
                0x00000000c0027918                rtcIRQHandler(regs*, void*)
                0x00000000c002795e                RTC::RTC()
                0x00000000c002795e                RTC::RTC()
 .text          0x00000000c0027a18      0x1f4 arch/i386/vga.32
                0x00000000c0027a18                HalConsoleScroll(int, int)
                0x00000000c0027b20                HalConsoleWriteCharacter(char, int, int, int, int)
                0x00000000c0027b84                HalConsoleCursorUpdate(int, int)
 .text          0x00000000c0027c0c     0x14cf fs/fat/vfslink.32
                0x00000000c0027c0c                FAT::getName()
                0x00000000c0027c14                FAT::tell(void*, unsigned long long*)
                0x00000000c0027c50                FAT::stat(void*, unsigned long long*)
                0x00000000c0027c8c                FAT::~FAT()
                0x00000000c0027c8c                FAT::~FAT()
                0x00000000c0027cb0                FAT::~FAT()
                0x00000000c0027cd8                FAT::getlabel(LogicalDisk*, int, char*, unsigned int*)
                0x00000000c0027d7c                FAT::setlabel(LogicalDisk*, int, char*)
                0x00000000c0027e40                FAT::format(LogicalDisk*, int, char const*, int)
                0x00000000c0028024                FAT::tryMount(LogicalDisk*, int)
                0x00000000c0028240                FAT::allocateSwapfile(char const*, int)
                0x00000000c0028400                FAT::readDir(void*, unsigned long, void*, int*)
                0x00000000c0028570                FAT::read(void*, unsigned long, void*, int*)
                0x00000000c00285d0                FAT::write(void*, unsigned long, void*, int*)
                0x00000000c0028630                FAT::close(void*)
                0x00000000c0028684                FAT::closeDir(void*)
                0x00000000c00286d8                FAT::truncate(void*, unsigned long long)
                0x00000000c0028744                FAT::seek(void*, unsigned long long)
                0x00000000c002879c                fatWrapperReadDisk
                0x00000000c00287dc                fatWrapperWriteDisk
                0x00000000c002881c                fatWrapperIoctl
                0x00000000c0028938                FAT::FAT()
                0x00000000c0028938                FAT::FAT()
                0x00000000c0028990                FAT::fixFilepath(char*)
                0x00000000c00289d0                FAT::open(char const*, void**, FileOpenMode)
                0x00000000c0028b44                FAT::openDir(char const*, void**)
                0x00000000c0028bf4                FAT::stat(char const*, unsigned long long*, bool*)
                0x00000000c0028cec                FAT::unlink(char const*)
                0x00000000c0028d6c                FAT::chfatattr(char const*, unsigned char, unsigned char)
                0x00000000c0028f20                FAT::rename(char const*, char const*)
                0x00000000c0028fec                FAT::mkdir(char const*)
                0x00000000c002906c                FAT::exists(char const*)
 *fill*         0x00000000c00290db        0x1 
 .text          0x00000000c00290dc       0x94 fs/iso9660/helper.32
                0x00000000c00290dc                isoReadDiscSectorHelper
                0x00000000c0029138                iso_kprintf
                0x00000000c0029154                iso_kprintfd
 .text          0x00000000c0029170      0x71c fs/iso9660/vfslink.32
                0x00000000c0029170                ISO9660::format(LogicalDisk*, int, char const*, int)
                0x00000000c0029176                ISO9660::truncate(void*, unsigned long long)
                0x00000000c002917c                ISO9660::getName()
                0x00000000c0029182                ISO9660::closeDir(void*)
                0x00000000c002918c                ISO9660::chfatattr(char const*, unsigned char, unsigned char)
                0x00000000c0029192                ISO9660::unlink(char const*)
                0x00000000c0029198                ISO9660::write(void*, unsigned long, void*, int*)
                0x00000000c002919e                ISO9660::rename(char const*, char const*)
                0x00000000c00291a4                ISO9660::mkdir(char const*)
                0x00000000c00291aa                ISO9660::~ISO9660()
                0x00000000c00291aa                ISO9660::~ISO9660()
                0x00000000c00291ce                ISO9660::~ISO9660()
                0x00000000c00291f6                ISO9660::exists(char const*)
                0x00000000c002920a                ISO9660::open(char const*, void**, FileOpenMode)
                0x00000000c00292f0                ISO9660::read(void*, unsigned long, void*, int*)
                0x00000000c0029338                ISO9660::seek(void*, unsigned long long)
                0x00000000c002937a                ISO9660::tell(void*, unsigned long long*)
                0x00000000c00293b8                ISO9660::stat(void*, unsigned long long*)
                0x00000000c002940a                ISO9660::stat(char const*, unsigned long long*, bool*)
                0x00000000c002954c                ISO9660::close(void*)
                0x00000000c002957c                ISO9660::openDir(char const*, void**)
                0x00000000c0029656                ISO9660::readDir(void*, unsigned long, void*, int*)
                0x00000000c0029773                readSectorFromCDROM(unsigned int, unsigned char*, char)
                0x00000000c00297f2                ISO9660::tryMount(LogicalDisk*, int)
                0x00000000c0029864                ISO9660::ISO9660()
                0x00000000c0029864                ISO9660::ISO9660()
 .text          0x00000000c002988c      0x26c hal/sound/sndcard.32
                0x00000000c002988c                SoundCard::beginPlayback()
                0x00000000c002989a                SoundCard::stopPlayback()
                0x00000000c00298a8                SoundCard::SoundCard(char const*)
                0x00000000c00298a8                SoundCard::SoundCard(char const*)
                0x00000000c0029946                SoundCard::~SoundCard()