Archive member included to satisfy reference by file (symbol)

/cygdrive/d/Users/Alex/Desktop/Toolchain/Output/bin/../lib/gcc/i386-banana/8.1.0/libkgcc.a(_divdi3.o)
                              krnl/resolve.32 (__divdi3)
/cygdrive/d/Users/Alex/Desktop/Toolchain/Output/bin/../lib/gcc/i386-banana/8.1.0/libkgcc.a(_moddi3.o)
                              krnl/resolve.32 (__moddi3)
/cygdrive/d/Users/Alex/Desktop/Toolchain/Output/bin/../lib/gcc/i386-banana/8.1.0/libkgcc.a(_udivdi3.o)
                              hal/clock.32 (__udivdi3)
/cygdrive/d/Users/Alex/Desktop/Toolchain/Output/bin/../lib/gcc/i386-banana/8.1.0/libkgcc.a(_umoddi3.o)
                              core/pipe.32 (__umoddi3)

Allocating common symbols
Common symbol       size              file

dcache              0x40              fs/iso9660/iso9660.32
cdDriveLetter       0x1               fs/iso9660/iso9660.32
icache              0x40              fs/iso9660/iso9660.32

Discarded input sections

 .comment       0x0000000000000000       0x12 /cygdrive/d/Users/Alex/Desktop/Toolchain/Output/bin/../lib/gcc/i386-banana/8.1.0/crtbegin.o
 .comment       0x0000000000000000       0x12 acpica/utclib.32
 .comment       0x0000000000000000       0x12 core/malloc.32
 .comment       0x0000000000000000       0x12 libk/ctype.32
 .comment       0x0000000000000000       0x12 libk/string.32
 .comment       0x0000000000000000       0x12 fs/fat/diskio.32
 .comment       0x0000000000000000       0x12 fs/fat/ff.32
 .comment       0x0000000000000000       0x12 fs/fat/ffsystem.32
 .comment       0x0000000000000000       0x12 fs/fat/ffunicode.32
 .comment       0x0000000000000000       0x12 fs/iso9660/iso9660.32
 .group         0x0000000000000000       0x14 core/computer.32
 .group         0x0000000000000000        0xc core/computer.32
 .comment       0x0000000000000000       0x12 core/computer.32
 .comment       0x0000000000000000       0x12 core/gdt.32
 .group         0x0000000000000000        0xc core/idle.32
 .comment       0x0000000000000000       0x12 core/idle.32
 .comment       0x0000000000000000       0x12 core/idt.32
 .comment       0x0000000000000000       0x12 core/kheap.32
 .comment       0x0000000000000000       0x12 core/main.32
 .comment       0x0000000000000000       0x12 core/physmgr.32
 .group         0x0000000000000000        0xc core/pipe.32
 .comment       0x0000000000000000       0x12 core/pipe.32
 .group         0x0000000000000000        0xc core/terminal.32
 .comment       0x0000000000000000       0x12 core/terminal.32
 .comment       0x0000000000000000       0x12 core/tss.32
 .group         0x0000000000000000        0x8 core/unixfile.32
 .group         0x0000000000000000        0x8 core/unixfile.32
 .group         0x0000000000000000        0xc core/unixfile.32
 .group         0x0000000000000000        0x8 core/unixfile.32
 .group         0x0000000000000000        0xc core/unixfile.32
 .group         0x0000000000000000        0x8 core/unixfile.32
 .group         0x0000000000000000        0xc core/unixfile.32
 .group         0x0000000000000000        0xc core/unixfile.32
 .comment       0x0000000000000000       0x12 core/unixfile.32
 .comment       0x0000000000000000       0x12 core/virtmgr.32
 .comment       0x0000000000000000       0x12 coreobjs/c++.32
 .comment       0x0000000000000000       0x12 dbg/kconsole.32
 .group         0x0000000000000000        0xc fs/vfs.32
 .group         0x0000000000000000        0xc fs/vfs.32
 .group         0x0000000000000000        0xc fs/vfs.32
 .comment       0x0000000000000000       0x12 fs/vfs.32
 .group         0x0000000000000000        0xc hal/bus.32
 .comment       0x0000000000000000       0x12 hal/bus.32
 .comment       0x0000000000000000       0x12 hal/buzzer.32
 .group         0x0000000000000000        0xc hal/clock.32
 .comment       0x0000000000000000       0x12 hal/clock.32
 .group         0x0000000000000000       0x14 hal/device.32
 .group         0x0000000000000000        0xc hal/device.32
 .group         0x0000000000000000        0x8 hal/device.32
 .group         0x0000000000000000        0xc hal/device.32
 .group         0x0000000000000000        0xc hal/device.32
 .comment       0x0000000000000000       0x12 hal/device.32
 .group         0x0000000000000000        0xc hal/diskctrl.32
 .comment       0x0000000000000000       0x12 hal/diskctrl.32
 .group         0x0000000000000000        0xc hal/diskphys.32
 .comment       0x0000000000000000       0x12 hal/diskphys.32
 .comment       0x0000000000000000       0x12 hal/fpu.32
 .comment       0x0000000000000000       0x12 hal/intctrl.32
 .group         0x0000000000000000        0xc hal/keybrd.32
 .comment       0x0000000000000000       0x12 hal/keybrd.32
 .group         0x0000000000000000        0xc hal/logidisk.32
 .comment       0x0000000000000000       0x12 hal/logidisk.32
 .group         0x0000000000000000        0xc hal/mouse.32
 .comment       0x0000000000000000       0x12 hal/mouse.32
[...]
Memory Configuration

Name             Origin             Length             Attributes
*default*        0x0000000000000000 0xffffffffffffffff

Linker script and memory map

LOAD D:/Users/Alex/Desktop/Banana/kernel/boot.32
LOAD crti.32
LOAD /cygdrive/d/Users/Alex/Desktop/Toolchain/Output/bin/../lib/gcc/i386-banana/8.1.0/crtbegin.o
LOAD D:/Users/Alex/Desktop/Banana/kernel/morenasm.32
LOAD acpica/utclib.32
LOAD core/malloc.32
LOAD libk/ctype.32
LOAD libk/string.32
LOAD fs/fat/diskio.32
LOAD fs/fat/ff.32
LOAD fs/fat/ffsystem.32
LOAD fs/fat/ffunicode.32
LOAD fs/iso9660/iso9660.32
LOAD core/computer.32
LOAD core/gdt.32
LOAD core/idle.32
LOAD core/idt.32
LOAD core/kheap.32
LOAD core/main.32
LOAD core/physmgr.32
LOAD core/pipe.32
LOAD core/terminal.32
LOAD core/tss.32
LOAD core/unixfile.32
LOAD core/virtmgr.32
LOAD coreobjs/c++.32
LOAD dbg/kconsole.32
LOAD fs/vfs.32
LOAD hal/bus.32
LOAD hal/buzzer.32
LOAD hal/clock.32
LOAD hal/device.32
LOAD hal/diskctrl.32
LOAD hal/diskphys.32
LOAD hal/fpu.32
LOAD hal/intctrl.32
LOAD hal/keybrd.32
LOAD hal/logidisk.32
LOAD hal/mouse.32
LOAD hal/partition.32
LOAD hal/serial.32
LOAD hal/timer.32
LOAD hal/vcache.32
LOAD hal/video.32
LOAD hw/acpi.32
LOAD hw/cpu.32
LOAD krnl/bootmsg.32
LOAD krnl/env.32
LOAD krnl/inlines.32
LOAD krnl/panic.32
LOAD krnl/powctrl.32
LOAD krnl/resolve.32
LOAD krnl/syscalls.32
LOAD reg/registry.32
LOAD sys/eject.32
LOAD sys/exit.32
LOAD sys/getcwd.32
LOAD sys/getpid.32
LOAD sys/getramdata.32
LOAD sys/getvgaptr.32
LOAD sys/loaddll.32
LOAD sys/read.32
LOAD sys/sbrk.32
LOAD sys/setcwd.32
LOAD sys/settime.32
LOAD sys/timezone.32
LOAD sys/write.32
LOAD sys/wsbe.32
LOAD sys/yield.32
LOAD thr/elf.32
LOAD thr/prcssthr.32
LOAD vm86/vm8086.32
LOAD arch/i386/hal.32
LOAD arch/i386/pic.32
LOAD arch/i386/rtc.32
LOAD arch/i386/vga.32
LOAD fs/fat/vfslink.32
LOAD fs/iso9660/helper.32
LOAD fs/iso9660/vfslink.32
LOAD hal/sound/sndcard.32
LOAD hal/sound/sndport.32
LOAD hw/bus/isa.32
LOAD hw/bus/pci.32
LOAD hw/diskctrl/ide.32
LOAD hw/diskctrl/satabus.32
LOAD hw/diskphys/ata.32
LOAD hw/diskphys/atapi.32
LOAD hw/diskphys/sata.32
LOAD hw/diskphys/satapi.32
LOAD hw/intctrl/apic.32
LOAD hw/timer/apictimer.32
LOAD hw/timer/pit.32
LOAD arch/i386/avx.32
LOAD arch/i386/interrupt.32
LOAD arch/i386/rdrand.32
LOAD arch/i386/sse.32
LOAD arch/i386/x87.32
LOAD /cygdrive/d/Users/Alex/Desktop/Toolchain/Output/bin/../lib/gcc/i386-banana/8.1.0/crtend.o
LOAD crtn.32
LOAD /cygdrive/d/Users/Alex/Desktop/Toolchain/Output/bin/../lib/gcc/i386-banana/8.1.0/libkgcc.a
LOAD D:/Users/Alex/Desktop/Banana/kernel/libsoftfp.a
LOAD D:/Users/Alex/Desktop/Banana/kernel/libk/libm32.a
                0x00000000c0000000                . = 0xc0000000

.text           0x00000000c0000000    0x1c05a
 *(.text)
 .text          0x00000000c0000000       0x20 D:/Users/Alex/Desktop/Banana/kernel/boot.32
 .text          0x00000000c0000020        0x0 crti.32
 .text          0x00000000c0000020      0x101 /cygdrive/d/Users/Alex/Desktop/Toolchain/Output/bin/../lib/gcc/i386-banana/8.1.0/crtbegin.o
 *fill*         0x00000000c0000121        0xf 
 .text          0x00000000c0000130      0x252 D:/Users/Alex/Desktop/Banana/kernel/morenasm.32
                0x00000000c0000130                manualPCIProbe
                0x00000000c000017b                prepareTramp
                0x00000000c0000194                doTPAUSE
                0x00000000c000019e                hasLegacyFPU
                0x00000000c00001c3                is486
                0x00000000c00001f9                detectCPUID
                0x00000000c000020f                goToVM86
                0x00000000c000023f                goToUsermode
                0x00000000c0000269                switchToThreadASMFirstTime
                0x00000000c0000277                switchToThreadASM
                0x00000000c00002ff                asmQuickAcquireLock
                0x00000000c000031d                asmQuickReleaseLock
                0x00000000c0000329                asmAcquireLock
                0x00000000c000034a                asmReleaseLock
                0x00000000c000035d                loadGDT
                0x00000000c000037d                memcpy
 *fill*         0x00000000c0000382        0xe 
 .text          0x00000000c0000390      0x79e acpica/utclib.32
                0x00000000c0000390                memcmp
                0x00000000c00003e0                memmove
                0x00000000c00004d0                memset
                0x00000000c0000540                strlen
                0x00000000c0000570                strpbrk
                0x00000000c00005b0                strtok
                0x00000000c0000600                strcpy
                0x00000000c0000630                strncpy
                0x00000000c00006e0                strcmp
                0x00000000c0000730                strchr
                0x00000000c0000760                strncmp
                0x00000000c00007c0                strcat
                0x00000000c00007f0                strncat
                0x00000000c0000850                strstr
                0x00000000c00008b0                toupper
                0x00000000c00008d0                tolower
                0x00000000c00008f0                simple_strtoul
 .text          0x00000000c0000b2e      0xfad core/malloc.32
                0x00000000c0000c99                dlfree
                0x00000000c0000ff4                dlmalloc
                0x00000000c0001531                dlrealloc
                0x00000000c00016d4                dlmemalign
                0x00000000c00017f7                dlcalloc
                0x00000000c0001891                dlcfree
                0x00000000c0001896                dlindependent_calloc
                0x00000000c00018bb                dlindependent_comalloc
                0x00000000c00018d2                dlvalloc
                0x00000000c00018fd                dlpvalloc
                0x00000000c0001933                dlmalloc_trim
                0x00000000c0001940                dlmalloc_usable_size
                0x00000000c0001971                dlmallinfo
                0x00000000c0001a40                dlmalloc_stats
                0x00000000c0001a51                dlmallopt
 *fill*         0x00000000c0001adb        0x1 
 .text          0x00000000c0001adc      0x1f2 libk/ctype.32
                0x00000000c0001adc                isblank
                0x00000000c0001afc                iscntrl
                0x00000000c0001b1c                isdigit
                0x00000000c0001b38                islower
                0x00000000c0001b54                isspace
                0x00000000c0001b7c                isupper
                0x00000000c0001b98                isalpha
                0x00000000c0001bc8                isalnum
                0x00000000c0001bf8                ispunct
                0x00000000c0001c38                isgraph
                0x00000000c0001c68                isprint
                0x00000000c0001c90                isxdigit
 .text          0x00000000c0001cce        0x0 libk/string.32
 .text          0x00000000c0001cce       0x51 fs/fat/diskio.32
                0x00000000c0001cce                disk_status
                0x00000000c0001cd1                disk_initialize
                0x00000000c0001cd4                disk_read
                0x00000000c0001cea                disk_write
                0x00000000c0001d00                disk_ioctl
 .text          0x00000000c0001d1f     0x3d4b fs/fat/ff.32
                0x00000000c0003abb                f_mount
                0x00000000c0003b1d                f_open
                0x00000000c0003de8                f_read
                0x00000000c0003fe7                f_write
                0x00000000c000421b                f_sync
                0x00000000c00042d0                f_close
                0x00000000c00042ff                f_lseek
                0x00000000c00044a6                f_opendir
                0x00000000c0004571                f_closedir
                0x00000000c0004593                f_readdir
                0x00000000c0004625                f_stat
                0x00000000c00046a4                f_getfree
                0x00000000c00047a6                f_truncate
                0x00000000c000488a                f_unlink
                0x00000000c00049ac                f_mkdir
                0x00000000c0004b47                f_rename
                0x00000000c0004cfd                f_chmod
                0x00000000c0004da6                f_utime
                0x00000000c0004e54                f_getlabel
                0x00000000c0004fa5                f_setlabel
                0x00000000c0005135                f_expand
                0x00000000c0005295                f_mkfs
 *fill*         0x00000000c0005a6a        0x2 
 .text          0x00000000c0005a6c       0x2f fs/fat/ffsystem.32
                0x00000000c0005a6c                ff_memalloc
                0x00000000c0005a84                ff_memfree
 *fill*         0x00000000c0005a9b        0x1 
 .text          0x00000000c0005a9c      0x2a8 fs/fat/ffunicode.32
                0x00000000c0005a9c                ff_uni2oem
                0x00000000c0005b3c                ff_oem2uni
                0x00000000c0005bb4                ff_wtoupper
 .text          0x00000000c0005d44      0xcbc fs/iso9660/iso9660.32
                0x00000000c0005f63                isoReadDiscSector
                0x00000000c0005ffe                strnicmp
                0x00000000c00062b1                stricmp
                0x00000000c00062fd                iso_open
                0x00000000c0006387                iso_close
                0x00000000c00063a5                iso_read
                0x00000000c00064bb                iso_seek
                0x00000000c000653f                iso_tell
                0x00000000c0006570                iso_total
                0x00000000c000659b                fn_postprocess
                0x00000000c00065c1                iso_readdir
                0x00000000c00067b2                iso_reset
                0x00000000c00067bf                init_percd
                0x00000000c00068ff                iso_ioctl
                0x00000000c0006907                fs_iso9660_init
                0x00000000c0006990                fs_iso9660_shutdown
 .text          0x00000000c0006a00      0x68b core/computer.32
                0x00000000c0006a00                Computer::close(int, int, void*)
                0x00000000c0006a45                Krnl::firstTask()
                0x00000000c0006b7e                Computer::Computer()
                0x00000000c0006b7e                Computer::Computer()
                0x00000000c0006c30                Computer::setBootMessage(char const*)
                0x00000000c0006c32                Computer::detectFeatures()
                0x00000000c0006e3c                Computer::displayFeatures()
                0x00000000c0006e3e                Computer::rdmsr(unsigned int)
                0x00000000c0006e6a                Computer::wrmsr(unsigned int, unsigned long long)
                0x00000000c0006ea2                Computer::shutdown()
                0x00000000c0006eba                Computer::restart()
                0x00000000c0006ed2                Computer::sleep()
                0x00000000c0006ee6                Computer::nmiEnabled()
                0x00000000c0006ef2                Computer::readCMOS(unsigned char)
                0x00000000c0006f0c                Computer::enableNMI(bool)
                0x00000000c0006f24                Computer::open(int, int, void*)
                0x00000000c0006ff8                Computer::disableNMI()
                0x00000000c0007008                Computer::writeCMOS(unsigned char, unsigned char)
                0x00000000c0007026                Computer::handleNMI()
 *fill*         0x00000000c000708b        0x1 
 .text          0x00000000c000708c      0x1cf core/gdt.32
                0x00000000c000708c                GDTEntry::setBase(unsigned int)
                0x00000000c00070a8                GDTEntry::setLimit(unsigned int)
                0x00000000c00070c6                GDT::GDT()
                0x00000000c00070c6                GDT::GDT()
                0x00000000c00070dc                GDT::addEntry(GDTEntry)
                0x00000000c00070fe                GDT::getNumberOfEntries()
                0x00000000c0007106                GDT::flush()
                0x00000000c0007128                GDT::setup()
 .text          0x00000000c000725b       0x1d core/idle.32
                0x00000000c000725b                idleFunction(void*)
 .text          0x00000000c0007278      0x464 core/idt.32
                0x00000000c0007278                IDTEntry::IDTEntry(bool)
                0x00000000c0007278                IDTEntry::IDTEntry(bool)
                0x00000000c00072ea                IDTEntry::setOffset(unsigned int)
                0x00000000c0007300                IDT::IDT()
                0x00000000c0007300                IDT::IDT()
                0x00000000c0007302                IDT::getPointerToInvalidOpcodeEntryForF00F()
                0x00000000c000730a                IDT::addEntry(IDTEntry, int)
                0x00000000c0007324                IDT::addEntry(int, void (*)(), bool)
                0x00000000c000735c                IDT::flush()
                0x00000000c0007376                IDT::setup()
 .text          0x00000000c00076dc      0x183 core/kheap.32
                0x00000000c00076dc                sbrk
                0x00000000c0007771                mmap
                0x00000000c0007787                munmap
                0x00000000c000779d                liballoc_lock()
                0x00000000c00077aa                liballoc_unlock()
                0x00000000c00077be                liballoc_alloc(int)
                0x00000000c00077d6                liballoc_free(void*, int)
                0x00000000c00077f1                realloc
                0x00000000c0007805                malloc
                0x00000000c0007815                free
                0x00000000c0007825                rfree
                0x00000000c0007835                calloc
 .text          0x00000000c000785f       0xc3 core/main.32
                0x00000000c000785f                KeEntryPoint
 .text          0x00000000c0007922      0x5dc core/physmgr.32
                0x00000000c0007922                Phys::allocateDMA(unsigned long)
                0x00000000c00079f9                Phys::freeDMA(unsigned long, unsigned long)
                0x00000000c0007a2c                Phys::setPageState(unsigned long, bool)
                0x00000000c0007a5e                Phys::getPageState(unsigned long)
                0x00000000c0007a7f                Phys::freePage(unsigned long)
                0x00000000c0007ae1                Phys::allocatePage()
                0x00000000c0007b9f                Phys::allocateContiguousPages(int)
                0x00000000c0007bfb                Phys::allowSegmentToBeUsed(unsigned long, unsigned long)
                0x00000000c0007c33                Phys::physicalMemorySetup(unsigned int)
 .text          0x00000000c0007efe      0x273 core/pipe.32
                0x00000000c0007efe                Pipe::isAtty()
                0x00000000c0007f02                Pipe::~Pipe()
                0x00000000c0007f02                Pipe::~Pipe()
                0x00000000c0007f26                Pipe::~Pipe()
                0x00000000c0007f4e                Pipe::write(unsigned long long, void*, int*)
                0x00000000c000800e                Pipe::read(unsigned long long, void*, int*)
                0x00000000c000810a                Pipe::Pipe(int)
                0x00000000c000810a                Pipe::Pipe(int)
 *fill*         0x00000000c0008171        0x1 
 .text          0x00000000c0008172      0xa1e core/terminal.32
                0x00000000c0008172                VgaText::isAtty()
                0x00000000c0008176                VgaText::~VgaText()
                0x00000000c0008176                VgaText::~VgaText()
                0x00000000c000819a                VgaText::~VgaText()
                0x00000000c00081c4                VgaText::read(unsigned long long, void*, int*)
                0x00000000c00081e4                setTerminalScrollLock(bool)
                0x00000000c00081e5                doTerminalCycle()
                0x00000000c00081e6                addToTerminalCycle(VgaText*)
                0x00000000c00081e7                scrollTerminalScrollLock(int)
                0x00000000c00081e8                VgaText::updateTitle()
                0x00000000c00081ea                VgaText::load()
                0x00000000c00081ec                VgaText::updateCursor()
                0x00000000c0008202                VgaText::doANSI_SGR(int)
                0x00000000c0008276                VgaText::setDefaultBgColour(VgaColour)
                0x00000000c0008286                VgaText::setDefaultFgColour(VgaColour)
                0x00000000c0008296                VgaText::setDefaultColours(VgaColour, VgaColour)
                0x00000000c00082b6                VgaText::setTitleTextColour(VgaColour)
                0x00000000c00082c2                VgaText::setTitleColour(VgaColour)
                0x00000000c00082ce                VgaText::setTitle(char*)
                0x00000000c00082d0                VgaText::combineColours(unsigned char, unsigned char)
                0x00000000c00082e2                VgaText::scrollScreen()
                0x00000000c000837a                VgaText::combineCharAndColour(char, unsigned char)
                0x00000000c000838c                VgaText::writeCharacter(char, VgaColour, VgaColour, int, int)
                0x00000000c000841c                VgaText::getCursorX()
                0x00000000c0008424                VgaText::getCursorY()
                0x00000000c000842c                VgaText::setCursor(int, int)
                0x00000000c0008443                setActiveTerminal(VgaText*)
                0x00000000c000848e                VgaText::clearScreen()
                0x00000000c00084dc                VgaText::setCursorX(int)
                0x00000000c00084f4                VgaText::setCursorY(int)
                0x00000000c000850c                VgaText::incrementCursor(bool)
                0x00000000c0008560                VgaText::decrementCursor(bool)
                0x00000000c0008582                VgaText::putchar(char, VgaColour, VgaColour)
                0x00000000c0008650                VgaText::putchar(char)
                0x00000000c000873c                VgaText::putx(unsigned int)
                0x00000000c0008782                VgaText::puts(char const*)
                0x00000000c00087a8                VgaText::write(unsigned long long, void*, int*)
                0x00000000c00087f4                VgaText::puts(char const*, VgaColour, VgaColour)
                0x00000000c0008946                VgaText::VgaText(char const*)
                0x00000000c0008946                VgaText::VgaText(char const*)
                0x00000000c0008a92                VgaText::receiveKey(unsigned char)
                0x00000000c0008b6a                VgaText::doUpdate()
                0x00000000c0008b6b                newTerminal(char*)
 .text          0x00000000c0008b90      0x1a1 core/tss.32
                0x00000000c0008b90                TSS::TSS()
                0x00000000c0008b90                TSS::TSS()
                0x00000000c0008ba0                TSS::setESP(unsigned long)
                0x00000000c0008bb4                TSS::flush()
                0x00000000c0008bd4                TSS::setup(unsigned long, unsigned long)
 *fill*         0x00000000c0008d31        0x1 
 .text          0x00000000c0008d32      0x4c2 core/unixfile.32
                0x00000000c0008d32                ReservedFilename::read(unsigned long long, void*, int*)
                0x00000000c0008d88                ReservedFilename::isAtty()
                0x00000000c0008da4                ReservedFilename::write(unsigned long long, void*, int*)
                0x00000000c0008e02                UnixFile::getFileDescriptor()
                0x00000000c0008e0a                UnixFile::UnixFile(int)
                0x00000000c0008e0a                UnixFile::UnixFile(int)
                0x00000000c0008fba                ReservedFilename::ReservedFilename(int)
                0x00000000c0008fba                ReservedFilename::ReservedFilename(int)
                0x00000000c0008fec                UnixFile::~UnixFile()
                0x00000000c0008fec                UnixFile::~UnixFile()
                0x00000000c0009084                UnixFile::~UnixFile()
                0x00000000c00090ac                ReservedFilename::~ReservedFilename()
                0x00000000c00090ac                ReservedFilename::~ReservedFilename()
                0x00000000c00090d0                ReservedFilename::~ReservedFilename()
                0x00000000c00090f7                getFromFileDescriptor(int)
 .text          0x00000000c00091f4     0x1166 core/virtmgr.32
                0x00000000c00091f4                Virt::setPageState(unsigned long, Virt::VirtPageState)
                0x00000000c0009229                Virt::getPageState(unsigned long)
                0x00000000c000924d                Virt::allocateKernelVirtualPages(int)
                0x00000000c000935e                Virt::freeSwapfilePage(unsigned long)
                0x00000000c000937c                Virt::swapIDToSector(unsigned long)
                0x00000000c000938e                Virt::allocateSwapfilePage()
                0x00000000c000940c                Virt::virtualMemorySetup()
                0x00000000c0009457                Virt::setupPageSwapping(int)
                0x00000000c00094c8                VAS::VAS()
                0x00000000c00094c8                VAS::VAS()
                0x00000000c0009504                VAS::VAS(VAS*)
                0x00000000c0009504                VAS::VAS(VAS*)
                0x00000000c0009532                VAS::getForeignPageTableEntry(bool, unsigned long)
                0x00000000c000955e                VAS::getPageTableEntry(unsigned long)
                0x00000000c000957d                Virt::freeKernelVirtualPages(unsigned long)
                0x00000000c00096a2                VAS::freeAllocatedPages(unsigned long)
                0x00000000c00096c6                VAS::virtualToPhysical(unsigned long)
                0x00000000c00096e0                VAS::reflagRange(unsigned long, int, int, int)
                0x00000000c0009720                VAS::setToWriteCombining(unsigned long, int)
                0x00000000c0009754                VAS::mapOtherVASIn(bool, VAS*)
                0x00000000c000977e                VAS::~VAS()
                0x00000000c000977e                VAS::~VAS()
                0x00000000c00098e2                VAS::mapPage(unsigned long, unsigned long, int)
                0x00000000c00099e6                VAS::allocatePages(int, int)
                0x00000000c0009bbe                VAS::setCPUSpecific(unsigned long)
                0x00000000c0009bdc                VAS::mapRange(unsigned long, unsigned long, int, int)
                0x00000000c0009ca2                VAS::mapForeignPage(bool, VAS*, unsigned long, unsigned long, int)
                0x00000000c0009d90                VAS::VAS(bool)
                0x00000000c0009d90                VAS::VAS(bool)
                0x00000000c000a010                VAS::evict(unsigned long)
                0x00000000c000a0d2                VAS::tryLoadBackOffDisk(unsigned long)
                0x00000000c000a1c0                VAS::scanForEviction()
                0x00000000c000a2a0                mapVASFirstTime
 .text          0x00000000c000a35a       0x5f coreobjs/c++.32
                0x00000000c000a35a                __cxa_atexit
                0x00000000c000a35d                __cxa_finalize
                0x00000000c000a35e                __stack_chk_fail
                0x00000000c000a394                __cxa_pure_virtual
                0x00000000c000a3a5                operator new[](unsigned long)
                0x00000000c000a3aa                operator delete(void*, unsigned long)
                0x00000000c000a3af                operator delete[](void*)
                0x00000000c000a3b4                operator delete[](void*, unsigned long)
 .text          0x00000000c000a3b9      0x21c dbg/kconsole.32
                0x00000000c000a3b9                Dbg::stringifyxWithBase(unsigned int, char*, int)
                0x00000000c000a424                Dbg::logc(char)
                0x00000000c000a444                Dbg::logs(char*)
                0x00000000c000a461                Dbg::logWriteInt(unsigned int)
                0x00000000c000a47f                Dbg::logWriteIntBase(unsigned int, int)
                0x00000000c000a4a0                Dbg::kprintf(char const*, ...)
 *fill*         0x00000000c000a5d5        0x1 
 .text          0x00000000c000a5d6      0xc5c fs/vfs.32
                0x00000000c000a5d6                File::read(unsigned long long, void*, int*)
                0x00000000c000a62e                File::write(unsigned long long, void*, int*)
                0x00000000c000a686                Directory::read(unsigned long long, void*, int*)
                0x00000000c000a6de                Directory::write(unsigned long long, void*, int*)
                0x00000000c000a70c                File::isAtty()
                0x00000000c000a710                Directory::isAtty()
                0x00000000c000a714                Filesystem::getlabel(LogicalDisk*, int, char*, unsigned int*)
                0x00000000c000a71a                Filesystem::setlabel(LogicalDisk*, int, char*)
                0x00000000c000a720                Filesystem::allocateSwapfile(char const*, int)
                0x00000000c000a726                File::~File()
                0x00000000c000a726                File::~File()
                0x00000000c000a74a                File::~File()
                0x00000000c000a774                Directory::~Directory()
                0x00000000c000a774                Directory::~Directory()
                0x00000000c000a798                Directory::~Directory()
                0x00000000c000a7c2                Filesystem::Filesystem()
                0x00000000c000a7c2                Filesystem::Filesystem()
                0x00000000c000a7e6                Filesystem::~Filesystem()
                0x00000000c000a7e6                Filesystem::~Filesystem()
                0x00000000c000a7f4                Filesystem::~Filesystem()
                0x00000000c000a818                Fs::getcwd(Process*, char*, int)
                0x00000000c000a842                Fs::initVFS()
                0x00000000c000a86c                Fs::standardiseFiles(char*, char const*, char const*)
                0x00000000c000aa16                File::File(char const*, Process*)
                0x00000000c000aa16                File::File(char const*, Process*)
                0x00000000c000aad6                File::open(FileOpenMode)
                0x00000000c000ab34                File::close()
                0x00000000c000ab94                File::seek(unsigned long long)
                0x00000000c000abea                File::tell(unsigned long long*)
                0x00000000c000ac3a                File::rewind()
                0x00000000c000ac4e                File::unlink()
                0x00000000c000ac9a                File::rename(char const*)
                0x00000000c000ace8                File::chfatattr(unsigned char, unsigned char)
                0x00000000c000ad44                File::exists()
                0x00000000c000ad82                File::stat(unsigned long long*, bool*)
                0x00000000c000ade3                Fs::setcwd(Process*, char*)
                0x00000000c000af40                Directory::Directory(char const*, Process*)
                0x00000000c000af40                Directory::Directory(char const*, Process*)
                0x00000000c000b000                Directory::open()
                0x00000000c000b05c                Directory::close()
                0x00000000c000b0bc                Directory::unlink()
                0x00000000c000b108                Directory::rename(char const*)
                0x00000000c000b156                Directory::exists()
                0x00000000c000b194                Directory::read(dirent*)
                0x00000000c000b1e0                Directory::create()
                0x00000000c000b22c                Filesystem::chfatattr(char const*, unsigned char, unsigned char)
 *fill*         0x00000000c000b232        0x2 
 .text          0x00000000c000b234       0x86 hal/bus.32
                0x00000000c000b234                Bus::Bus(char const*)
                0x00000000c000b234                Bus::Bus(char const*)
                0x00000000c000b26c                Bus::~Bus()
                0x00000000c000b26c                Bus::~Bus()
                0x00000000c000b290                Bus::~Bus()
 .text          0x00000000c000b2ba       0x96 hal/buzzer.32
                0x00000000c000b2ba                beepThread(void*)
                0x00000000c000b2f7                Krnl::beep(int, int, bool)
 .text          0x00000000c000b350      0x46d hal/clock.32
                0x00000000c000b350                User::loadClockSettings(int)
                0x00000000c000b3a2                Clock::Clock(char const*)
                0x00000000c000b3a2                Clock::Clock(char const*)
                0x00000000c000b3d8                Clock::~Clock()
                0x00000000c000b3d8                Clock::~Clock()
                0x00000000c000b3fc                Clock::~Clock()
                0x00000000c000b426                Clock::timeInSecondsLocal()
                0x00000000c000b46e                Clock::setTimeInSecondsLocal(unsigned long long)
                0x00000000c000b4c7                datetimeToSeconds(datetime_t)
                0x00000000c000b5f4                Clock::setTimeInDatetimeLocal(datetime_t)
                0x00000000c000b654                secondsToDatetime(unsigned long long)
                0x00000000c000b798                Clock::timeInDatetimeLocal()
 *fill*         0x00000000c000b7bd        0x1 
 .text          0x00000000c000b7be      0x464 hal/device.32
                0x00000000c000b7be                Device::hibernate()
                0x00000000c000b7c0                Device::wake()
                0x00000000c000b7c2                Device::detect()
                0x00000000c000b7c4                Device::disableLegacy()
                0x00000000c000b7c6                Device::powerSaving(PowerSavingLevel)
                0x00000000c000b7c8                DriverlessDevice::close(int, int, void*)
                0x00000000c000b7cc                DriverlessDevice::detect()
                0x00000000c000b7ce                DriverlessDevice::open(int, int, void*)
                0x00000000c000b7e2                Device::~Device()
                0x00000000c000b7e2                Device::~Device()
                0x00000000c000b7f0                Device::~Device()
                0x00000000c000b818                Device::findAndLoadDriver()
                0x00000000c000b826                Device::preOpenPCI(PCIDeviceInfo)
                0x00000000c000b84c                Device::preOpenACPI(void*, char*, char*)
                0x00000000c000b88c                Device::addIRQHandler(int, void (*)(regs*, void*), bool, void*)
                0x00000000c000b8b6                Device::getParent()
                0x00000000c000b8c2                Device::removeIRQHandler(int, void (*)(regs*, void*), bool)
                0x00000000c000b8e0                Device::addChild(Device*)
                0x00000000c000b924                Device::removeAllChildren()
                0x00000000c000b96a                Device::hibernateAll()
                0x00000000c000b99a                Device::wakeAll()
                0x00000000c000b9ca                Device::detectAll()
                0x00000000c000b9fa                Device::disableLegacyAll()
                0x00000000c000b9fc                Device::loadDriversForAll()
                0x00000000c000b9fe                Device::closeAll()
                0x00000000c000ba34                Device::powerSavingAll(PowerSavingLevel)
                0x00000000c000ba6a                Device::setName(char const*)
                0x00000000c000ba78                Device::Device(char const*)
                0x00000000c000ba78                Device::Device(char const*)
                0x00000000c000bb74                Device::getName()
                0x00000000c000bb7e                DriverlessDevice::DriverlessDevice(char const*)
                0x00000000c000bb7e                DriverlessDevice::DriverlessDevice(char const*)
                0x00000000c000bbb4                Device::addToLinkedList(LinkedList<Device>&, DeviceType)
                0x00000000c000bbf8                getDevicesOfType(DeviceType)
 *fill*         0x00000000c000bc22        0x2 
 .text          0x00000000c000bc24       0x86 hal/diskctrl.32
                0x00000000c000bc24                HardDiskController::HardDiskController(char const*)
                0x00000000c000bc24                HardDiskController::HardDiskController(char const*)
                0x00000000c000bc5c                HardDiskController::~HardDiskController()
                0x00000000c000bc5c                HardDiskController::~HardDiskController()
                0x00000000c000bc80                HardDiskController::~HardDiskController()
 .text          0x00000000c000bcaa       0xe2 hal/diskphys.32
                0x00000000c000bcaa                PhysicalDisk::eject()
                0x00000000c000bcae                PhysicalDisk::PhysicalDisk(char const*, int)
                0x00000000c000bcae                PhysicalDisk::PhysicalDisk(char const*, int)
                0x00000000c000bd16                PhysicalDisk::startCache()
                0x00000000c000bd3e                PhysicalDisk::~PhysicalDisk()
                0x00000000c000bd3e                PhysicalDisk::~PhysicalDisk()
                0x00000000c000bd62                PhysicalDisk::~PhysicalDisk()
 .text          0x00000000c000bd8c        0x0 hal/fpu.32
 .text          0x00000000c000bd8c      0x35d hal/intctrl.32
                0x00000000c000bd8c                int_handler
                0x00000000c000be14                installISRHandler(int, void (*)(regs*, void*), void*)
                0x00000000c000be5c                installIRQHandler(int, void (*)(regs*, void*), bool, void*)
                0x00000000c000bf94                uninstallISRHandler(int, void (*)(regs*, void*))
                0x00000000c000bfc8                uninstallIRQHandler(int, void (*)(regs*, void*), bool)
                0x00000000c000c047                setupINTS()
                0x00000000c000c0a4                convertLegacyIRQNumber(int)
 *fill*         0x00000000c000c0e9        0x1 
 .text          0x00000000c000c0ea      0x78c hal/keybrd.32
                0x00000000c000c0ea                startGUI(void*)
                0x00000000c000c156                startGUIVESA(void*)
                0x00000000c000c1c2                sendKeyToTerminal(unsigned char)
                0x00000000c000c285                sendKeyboardToken(KeyboardToken)
                0x00000000c000c6c5                clearInternalKeybuffer(VgaText*)
                0x00000000c000c6fa                readKeyboard(VgaText*, char*, unsigned long)
                0x00000000c000c7ec                Keyboard::Keyboard(char const*)
                0x00000000c000c7ec                Keyboard::Keyboard(char const*)
                0x00000000c000c828                Keyboard::~Keyboard()
                0x00000000c000c828                Keyboard::~Keyboard()
                0x00000000c000c84c                Keyboard::~Keyboard()
 .text          0x00000000c000c876      0x3ea hal/logidisk.32
                0x00000000c000c876                LogicalDisk::close(int, int, void*)
                0x00000000c000c87a                LogicalDisk::~LogicalDisk()
                0x00000000c000c87a                LogicalDisk::~LogicalDisk()
                0x00000000c000c89e                LogicalDisk::~LogicalDisk()
                0x00000000c000c8c8                LogicalDisk::open(int, int, void*)
                0x00000000c000c8dc                LogicalDisk::absoluteToRelative(unsigned long long)
                0x00000000c000c914                LogicalDisk::relativeToAbsolute(unsigned long long)
                0x00000000c000c95a                LogicalDisk::LogicalDisk(char const*, PhysicalDisk*, unsigned long long, unsigned long long)
                0x00000000c000c95a                LogicalDisk::LogicalDisk(char const*, PhysicalDisk*, unsigned long long, unsigned long long)
                0x00000000c000ca10                LogicalDisk::assignDriveLetter()
                0x00000000c000cac6                LogicalDisk::mount()
                0x00000000c000cb0e                LogicalDisk::unmount()
                0x00000000c000cb1e                LogicalDisk::eject()
                0x00000000c000cb32                LogicalDisk::unassignDriveLetter()
                0x00000000c000cb88                LogicalDisk::read(unsigned long long, int, void*)
                0x00000000c000cbf4                LogicalDisk::write(unsigned long long, int, void*)
 .text          0x00000000c000cc60       0x86 hal/mouse.32
                0x00000000c000cc60                Mouse::Mouse(char const*)
                0x00000000c000cc60                Mouse::Mouse(char const*)
                0x00000000c000cc98                Mouse::~Mouse()
                0x00000000c000cc98                Mouse::~Mouse()
                0x00000000c000ccbc                Mouse::~Mouse()
 .text          0x00000000c000cce6      0x339 hal/partition.32
                0x00000000c000cce6                makePartition(PhysicalDisk*, unsigned long long, unsigned long long)
                0x00000000c000cd8e                createPartitionsForDisk(PhysicalDisk*)
 *fill*         0x00000000c000d01f        0x1 
 .text          0x00000000c000d020       0x86 hal/serial.32
                0x00000000c000d020                Serial::Serial(char const*)
                0x00000000c000d020                Serial::Serial(char const*)
                0x00000000c000d058                Serial::~Serial()
                0x00000000c000d058                Serial::~Serial()
                0x00000000c000d07c                Serial::~Serial()
 *fill*         0x00000000c000d0a6        0x2 
 .text          0x00000000c000d0a8      0x234 hal/timer.32
                0x00000000c000d0a8                Timer::Timer(char const*)
                0x00000000c000d0a8                Timer::Timer(char const*)
                0x00000000c000d0e0                Timer::~Timer()
                0x00000000c000d0e0                Timer::~Timer()
                0x00000000c000d104                Timer::~Timer()
                0x00000000c000d12e                Timer::read()
                0x00000000c000d139                setupTimer(int)
                0x00000000c000d174                timerHandler(unsigned int)
 .text          0x00000000c000d2dc      0x3ee hal/vcache.32
                0x00000000c000d2dc                VCache::VCache(PhysicalDisk*)
                0x00000000c000d2dc                VCache::VCache(PhysicalDisk*)
                0x00000000c000d444                VCache::invalidateReadBuffer()
                0x00000000c000d454                VCache::writeWriteBuffer()
                0x00000000c000d4a0                VCache::~VCache()
                0x00000000c000d4a0                VCache::~VCache()
                0x00000000c000d4f4                VCache::~VCache()
                0x00000000c000d51c                VCache::write(unsigned long long, int, void*)
                0x00000000c000d632                VCache::read(unsigned long long, int, void*)
 .text          0x00000000c000d6ca      0x4b3 hal/video.32
                0x00000000c000d6ca                Video::putrect(int, int, int, int, unsigned int)
                0x00000000c000d716                Video::bitblit(int, int, int, int, int, int, int, unsigned int*)
                0x00000000c000d786                Video::blit(unsigned int*, int, int, int, int)
                0x00000000c000d804                Video::clearScreen(unsigned int)
                0x00000000c000d838                Video::putpixel(int, int, unsigned int)
                0x00000000c000d846                Video::Video(char const*)
                0x00000000c000d846                Video::Video(char const*)
                0x00000000c000d87c                Video::~Video()
                0x00000000c000d87c                Video::~Video()
                0x00000000c000d8a0                Video::~Video()
                0x00000000c000d8ca                Video::isMonochrome()
                0x00000000c000d8d6                Video::getWidth()
                0x00000000c000d8e2                Video::getHeight()
                0x00000000c000d8ee                Video::drawCursor(int, int, unsigned char*, int)
                0x00000000c000d9aa                Video::tgaParse(unsigned char*, int, int*, int*)
                0x00000000c000db12                Video::putTGA(int, int, unsigned char*, int)
 *fill*         0x00000000c000db7d        0x3 
 .text          0x00000000c000db80     0x1307 hw/acpi.32
                0x00000000c000db80                ACPI::close(int, int, void*)
                0x00000000c000dc38                findRSDP()
                0x00000000c000dcc8                loadACPITables(unsigned char*)
                0x00000000c000df2c                findRSDT(unsigned char*)
                0x00000000c000e07c                findDataTable(unsigned char*, char*)
                0x00000000c000e0f4                scanMADT()
                0x00000000c000e5c8                ACPI::ACPI()
                0x00000000c000e5c8                ACPI::ACPI()
                0x00000000c000e61c                ACPI::getPCIIRQAssignment(unsigned char, unsigned short, unsigned char)
                0x00000000c000e704                ACPI::registerPCIIRQAssignment(void*, unsigned short, unsigned char, unsigned char)
                0x00000000c000e7cc                ACPI::setScreenBrightnessLevel(void*, int)
                0x00000000c000e7d4                ACPI::detectPCI()
                0x00000000c000e9dc                ACPI::writeSimpleBootFlag(SimpleBootFlagTable*)
                0x00000000c000ea30                ACPI::sleep()
                0x00000000c000ea4c                ACPI::open(int, int, void*)
 *fill*         0x00000000c000ee87        0x1 
 .text          0x00000000c000ee88      0xb95 hw/cpu.32
                0x00000000c000ee88                CPU::close(int, int, void*)
                0x00000000c000ee8c                CPU::AMD_K6_write_msr(unsigned int, unsigned int, unsigned int, CPU::REGS*)
                0x00000000c000eea8                CPU::AMD_K6_read_msr(unsigned int, CPU::REGS*)
                0x00000000c000eec0                CPU::AMD_K6_writeback(int, int, int)
                0x00000000c000ef34                CPU::cpuid(int, unsigned long*, unsigned long*, unsigned long*, unsigned long*)
                0x00000000c000efb8                CPU::cpuidCheckEDX(unsigned int)
                0x00000000c000efe6                CPU::cpuidCheckECX(unsigned int)
                0x00000000c000f014                CPU::cpuidCheckExtendedEBX(unsigned int)
                0x00000000c000f042                CPU::cpuidCheckExtendedECX(unsigned int)
                0x00000000c000f070                CPU::CPU()
                0x00000000c000f070                CPU::CPU()
                0x00000000c000f0fe                CPU::displayFeatures()
                0x00000000c000f100                CPU::detectFeatures()
                0x00000000c000f7c4                CPU::setupSMEP()
                0x00000000c000f7d0                CPU::setupUMIP()
                0x00000000c000f7da                CPU::setupTSC()
                0x00000000c000f7e4                CPU::setupLargePages()
                0x00000000c000f7ee                CPU::setupPAT()
                0x00000000c000f82a                CPU::setupMTRR()
                0x00000000c000f82c                CPU::setupGlobalPages()
                0x00000000c000f836                CPU::allowUsermodeDataAccess()
                0x00000000c000f848                CPU::prohibitUsermodeDataAccess()
                0x00000000c000f85a                CPU::setupSMAP()
                0x00000000c000f868                CPU::setupFeatures()
                0x00000000c000f934                CPU::open(int, int, void*)
 .text          0x00000000c000fa1d       0xd1 krnl/bootmsg.32
                0x00000000c000fa1d                KeDisplaySplashScreen()
                0x00000000c000fa8b                KeSetBootMessage(char const*)
 .text          0x00000000c000faee      0x581 krnl/env.32
                0x00000000c000faee                EnvVarContainer::getEnv(char const*)
                0x00000000c000fb2c                EnvVarContainer::setEnv(char const*, char const*)
                0x00000000c000fbee                EnvVarContainer::deleteEnv(char const*)
                0x00000000c000fbf0                EnvVarContainer::loadFrom(char const*, char const*)
                0x00000000c000fdd6                EnvVarContainer::__loadSystem()
                0x00000000c000fdf0                EnvVarContainer::__loadUser()
                0x00000000c000fdf2                EnvVarContainer::EnvVarContainer(Process*)
                0x00000000c000fdf2                EnvVarContainer::EnvVarContainer(Process*)
                0x00000000c000fe14                EnvVarContainer::~EnvVarContainer()
                0x00000000c000fe14                EnvVarContainer::~EnvVarContainer()
                0x00000000c000fe44                Krnl::getEnv(Process*, char const*)
                0x00000000c000fea9                Krnl::setEnvSystem(char const*, char const*)
                0x00000000c000fec3                Krnl::setEnvUser(char const*, char const*)
                0x00000000c000fee2                Krnl::setEnvProcess(Process*, char const*, char const*)
                0x00000000c000fef5                Krnl::deleteEnvSystem(char const*)
                0x00000000c000fef6                Krnl::deleteEnvUser(char const*)
                0x00000000c000fef7                Krnl::deleteEnvProcess(Process*, char const*)
                0x00000000c000fef8                Krnl::newProcessEnv(Process*)
                0x00000000c000ff1a                Krnl::copyProcessEnv(Process*, Process*)
                0x00000000c000ff66                Krnl::loadSystemEnv()
                0x00000000c000ff94                Krnl::loadUserEnv()
                0x00000000c000ffba                Krnl::flushEnv()
                0x00000000c000ffbb                Krnl::getProcessTotalEnvCount(Process*)
                0x00000000c000ffdb                Krnl::getProcessEnvPair(Process*, int)
 .text          0x00000000c001006f       0x94 krnl/inlines.32
                0x00000000c001006f                CPU::current()
                0x00000000c001007b                operator new(unsigned long)
                0x00000000c0010080                operator delete(void*)
                0x00000000c0010085                disableIRQs()
                0x00000000c0010087                enableIRQs()
                0x00000000c0010089                lockScheduler()
                0x00000000c0010091                unlockScheduler()
                0x00000000c00100a0                lockStuff()
                0x00000000c00100ae                unlockStuff()
                0x00000000c00100e8                Virt::getAKernelVAS()
                0x00000000c00100ee                __not_memcpy
 .text          0x00000000c0010103        0xc krnl/panic.32
                0x00000000c0010103                KePanic(char const*)
 .text          0x00000000c001010f      0x142 krnl/powctrl.32
                0x00000000c001010f                Krnl::powerThread(void*)
                0x00000000c001013d                Krnl::changePowerSettings(Krnl::PowerSettings)
                0x00000000c0010153                Krnl::userIOReceived()
                0x00000000c001015e                Krnl::handlePowerButton()
                0x00000000c0010193                Krnl::handleSleepButton()
                0x00000000c00101c8                Krnl::setupPowerManager()
 *fill*         0x00000000c0010251        0x3 
 .text          0x00000000c0010254      0x190 krnl/resolve.32
                0x00000000c0010254                KeResolveCompatibilitySymbol(char*)
 .text          0x00000000c00103e4      0xe2c krnl/syscalls.32
                0x00000000c00103e4                SysSeekDir(regs*)
                0x00000000c00103e9                SysTellDir(regs*)
                0x00000000c00103ee                SysVerify(regs*)
                0x00000000c00103f8                SysGetArgc(regs*)
                0x00000000c0010408                SysTTYName(regs*)
                0x00000000c0010410                SysFormatDisk(regs*)
                0x00000000c001047d                SysSetDiskVolumeLabel(regs*)
                0x00000000c00104c7                SysGetDiskVolumeLabel(regs*)
                0x00000000c001051c                SysShutdown(regs*)
                0x00000000c001057a                SysRealpath(regs*)
                0x00000000c00105bd                SysReadDir(regs*)
                0x00000000c001063d                SysIsATTY(regs*)
                0x00000000c0010699                SysSeek(regs*)
                0x00000000c00106f2                SysTell(regs*)
                0x00000000c0010761                SysSize(regs*)
                0x00000000c00107d6                SysSizeFromFilename(regs*)
                0x00000000c0010889                SysClose(regs*)
                0x00000000c00108e9                SysOpenDir(regs*)
                0x00000000c0010960                SysCloseDir(regs*)
                0x00000000c00109b4                SysMakeDir(regs*)
                0x00000000c0010a26                SysWait(regs*)
                0x00000000c0010a43                SysNotImpl(regs*)
                0x00000000c0010a5e                SysPanic(regs*)
                0x00000000c0010a79                SysRmdir(regs*)
                0x00000000c0010ae0                SysUnlink(regs*)
                0x00000000c0010b47                SysGetArgv(regs*)
                0x00000000c0010b94                SysUSleep(regs*)
                0x00000000c0010bbd                SysSpawn(regs*)
                0x00000000c0010c26                SysGetEnv(regs*)
                0x00000000c0010cd5                SysSetFatAttrib(regs*)
                0x00000000c0010d4c                SysPipe(regs*)
                0x00000000c0010d91                SysGetUnixTime(regs*)
                0x00000000c0010da5                string_ends_with(char const*, char const*)
                0x00000000c0010def                SysOpen(regs*)
                0x00000000c0010fe3                KeLoadSystemCalls()
                0x00000000c00111ce                KeSystemCall(regs*, void*)
 .text          0x00000000c0011210      0x50e reg/registry.32
                0x00000000c0011210                Reg::findLineFromLoadedData(char*, char*, char*)
                0x00000000c0011368                Reg::getLineFromRegistry(char*, char*, char*, char*)
                0x00000000c00114bd                Reg::getLine(char*, char*, char*)
                0x00000000c00114f4                Reg::readInt(char*, char*, int*)
                0x00000000c00115df                Reg::readString(char*, char*, char*, int)
                0x00000000c0011660                Reg::readBool(char*, char*, bool*)
                0x00000000c0011685                Reg::readBoolWithDefault(char*, char*, bool)
                0x00000000c00116b1                Reg::readIntWithDefault(char*, char*, int)
                0x00000000c00116dd                Reg::readStringWithDefault(char*, char*, char*, int, char*)
 .text          0x00000000c001171e       0x36 sys/eject.32
                0x00000000c001171e                SysEject(regs*)
 .text          0x00000000c0011754       0x18 sys/exit.32
                0x00000000c0011754                SysExit(regs*)
 .text          0x00000000c001176c       0x1f sys/getcwd.32
                0x00000000c001176c                SysGetCwd(regs*)
 .text          0x00000000c001178b        0xc sys/getpid.32
                0x00000000c001178b                SysGetPID(regs*)
 .text          0x00000000c0011797       0x1a sys/getramdata.32
                0x00000000c0011797                SysGetRAMData(regs*)
 .text          0x00000000c00117b1       0x82 sys/getvgaptr.32
                0x00000000c00117b1                SysGetVGAPtr(regs*)
 .text          0x00000000c0011833       0xa8 sys/loaddll.32
                0x00000000c0011833                SysLoadDLL(regs*)
 .text          0x00000000c00118db       0x68 sys/read.32
                0x00000000c00118db                SysRead(regs*)
 .text          0x00000000c0011943       0x55 sys/sbrk.32
                0x00000000c0011943                SysSbrk(regs*)
 .text          0x00000000c0011998       0x1c sys/setcwd.32
                0x00000000c0011998                SysSetCwd(regs*)
 .text          0x00000000c00119b4       0x95 sys/settime.32
                0x00000000c00119b4                SysSetTime(regs*)
 .text          0x00000000c0011a49       0x4a sys/timezone.32
                0x00000000c0011a49                SysTimezone(regs*)
 .text          0x00000000c0011a93       0x68 sys/write.32
                0x00000000c0011a93                SysWrite(regs*)
 .text          0x00000000c0011afb       0x62 sys/wsbe.32
                0x00000000c0011afb                SysWsbe(regs*)
 .text          0x00000000c0011b5d       0x25 sys/yield.32
                0x00000000c0011b5d                SysYield(regs*)
 .text          0x00000000c0011b82     0x11e5 thr/elf.32
                0x00000000c0011b82                Thr::allocateMemoryForTask(Process*, File*, unsigned long, unsigned long, unsigned long)
                0x00000000c0011e0e                Thr::loadProgramIntoMemory(Process*, char const*)
                0x00000000c0012024                Thr::runtimeReferenceHelper()
                0x00000000c0012037                Thr::getAddressOfKernelSymbol(char const*)
                0x00000000c0012086                Thr::loadKernelSymbolTable(char const*)
                0x00000000c0012344                Thr::loadDriverIntoMemory(char const*, unsigned long, bool)
                0x00000000c0012a7a                Thr::getDriverBaseFromAddress(unsigned long)
                0x00000000c0012aac                Thr::getDriverNameFromAddress(unsigned long)
                0x00000000c0012ae3                Thr::getDriverOffsetFromAddress(unsigned long)
                0x00000000c0012afd                Thr::loadDLL(char const*, bool)
                0x00000000c0012d2e                Thr::executeDLL(unsigned long, void*)
 *fill*         0x00000000c0012d67        0x1 
 .text          0x00000000c0012d68     0x12c5 thr/prcssthr.32
                0x00000000c0012d68                userModeEntryPoint(void*)
                0x00000000c0012d90                changeTSS
                0x00000000c0012dc0                switchToThread(ThreadControlBlock*)
                0x00000000c0012e74                Process::addArgs(char**)
                0x00000000c0012ed4                Process::Process(char const*, Process*, char**)
                0x00000000c0012ed4                Process::Process(char const*, Process*, char**)
                0x00000000c00130c4                Process::Process(bool, char const*, Process*, char**)
                0x00000000c00130c4                Process::Process(bool, char const*, Process*, char**)
                0x00000000c0013280                taskStartupFunction
                0x00000000c001328c                Semaphore::Semaphore(int)
                0x00000000c001328c                Semaphore::Semaphore(int)
                0x00000000c00132bc                Mutex::Mutex()
                0x00000000c00132bc                Mutex::Mutex()
                0x00000000c00132d0                Process::createThread(void (*)(void*), void*, int)
                0x00000000c00133c8                Process::createUserThread()
                0x00000000c00133e8                setupMultitasking(void (*)())
                0x00000000c00134f0                schedule()
                0x00000000c0013580                Semaphore::tryAcquire()
                0x00000000c001364c                Semaphore::assertLocked(char const*)
                0x00000000c00136c4                blockTaskWithSchedulerLockAlreadyHeld(TaskState)
                0x00000000c00136ec                blockTask(TaskState)
                0x00000000c001371c                waitTask(int, int*, int)
                0x00000000c0013760                milliTenthSleepUntil(unsigned int)
                0x00000000c00137f0                milliTenthSleep(unsigned int)
                0x00000000c0013800                sleep(unsigned int)
                0x00000000c001381c                Semaphore::acquire()
                0x00000000c00138d8                taskReturned
                0x00000000c0013914                Thr::processFromPID(int)
                0x00000000c00139b4                unblockTask(ThreadControlBlock*)
                0x00000000c0013a58                cleanupTerminatedTask(ThreadControlBlock*)
                0x00000000c0013d24                cleanerTaskFunction(void*)
                0x00000000c0013e14                terminateTask(int)
                0x00000000c0013ee0                Thr::terminateFromIRQ(int)
                0x00000000c0013ef0                Semaphore::release()
 .text          0x00000000c001402d      0xb93 vm86/vm8086.32
                0x00000000c001402d                Vm::inbv(unsigned short)
                0x00000000c0014040                Vm::outbv(unsigned short, unsigned char)
                0x00000000c0014076                Vm::realToLinear(unsigned short, unsigned short)
                0x00000000c0014086                Vm::getSegment(unsigned int)
                0x00000000c001408e                Vm::getOffset(unsigned int)
                0x00000000c0014093                Vm::mainloop2()
                0x00000000c00140cd                Vm::mainVm8086Loop(void*)
                0x00000000c00140dd                Vm::mainloop3(unsigned long)
                0x00000000c0014103                Vm::initialise8086()
                0x00000000c0014146                Vm::finish8086()
                0x00000000c00141a7                Vm::getOutput8086(unsigned char*)
                0x00000000c00141cc                Vm::start8086FromBuffer(unsigned char*, int, unsigned short, unsigned short, unsigned short, unsigned short)
                0x00000000c0014285                Vm::start8086(char const*, unsigned short, unsigned short, unsigned short, unsigned short)
                0x00000000c00143ed                Vm::doISR(regs*, int, unsigned char*, unsigned short, unsigned short)
                0x00000000c0014477                Vm::readByteFromReal(unsigned short, unsigned short)
                0x00000000c0014488                Vm::readWordFromReal(unsigned short, unsigned short)
                0x00000000c001449a                Vm::readDwordFromReal(unsigned short, unsigned short)
                0x00000000c00144ab                Vm::writeByteFromReal(unsigned short, unsigned short, unsigned char)
                0x00000000c00144c0                Vm::writeWordFromReal(unsigned short, unsigned short, unsigned short)
                0x00000000c00144d6                Vm::writeDwordFromReal(unsigned short, unsigned short, unsigned int)
                0x00000000c00144eb                Vm::faultHandler(regs*)
 .text          0x00000000c0014bc0      0xa53 arch/i386/hal.32
                0x00000000c0014bc0                noCopro(unsigned long)
                0x00000000c0014bc1                nmiHandler(regs*, void*)
                0x00000000c0014bda                doubleFault(regs*, void*)
                0x00000000c0014bf3                displayDebugInfo(regs*)
                0x00000000c0014f14                HalSystemIdle()
                0x00000000c0014f8a                displayProgramFault(char const*)
                0x00000000c0014fd6                gpFault(regs*, void*)
                0x00000000c001503b                pgFault(regs*, void*)
                0x00000000c00150c1                otherISRHandler(regs*, void*)
                0x00000000c00150f5                opcodeFault(regs*, void*)
                0x00000000c0015175                i386SaveCoprocessor(void*)
                0x00000000c0015189                i386LoadCoprocessor(void*)
                0x00000000c001519d                x87EmulHandler(regs*, void*)
                0x00000000c001523a                HalInitialiseCoprocessor()
                0x00000000c00152e8                HalPanic(char const*)
                0x00000000c00153e1                HalQueryPerformanceCounter()
                0x00000000c00153fc                HalInitialise()
                0x00000000c00155a2                HalMakeBeep(int)
                0x00000000c00155dc                HalGetRand()
                0x00000000c00155df                HalEndOfInterrupt(int)
                0x00000000c0015610                HalRestart()
                0x00000000c0015611                HalShutdown()
                0x00000000c0015612                HalSleep()
 *fill*         0x00000000c0015613        0x1 
 .text          0x00000000c0015614      0x2f4 arch/i386/pic.32
                0x00000000c0015614                picIoWait()
                0x00000000c001561c                picDisable()
                0x00000000c0015650                picGetIRQReg(int)
                0x00000000c00156d4                picOpen()
                0x00000000c0015864                picEOI(int)
 .text          0x00000000c0015908      0x64d arch/i386/rtc.32
                0x00000000c0015908                RTC::open(int, int, void*)
                0x00000000c001590c                RTC::close(int, int, void*)
                0x00000000c0015910                RTC::timeInSecondsUTC()
                0x00000000c0015922                RTC::timeInDatetimeUTC()
                0x00000000c0015948                RTC::setTimeInSecondsUTC(unsigned long long)
                0x00000000c0015986                RTC::~RTC()
                0x00000000c0015986                RTC::~RTC()
                0x00000000c00159aa                RTC::~RTC()
                0x00000000c00159d4                RTC::get_update_in_progress_flag()
                0x00000000c00159ec                RTC::completeRTCRefresh()
                0x00000000c0015ca4                RTC::setTimeInDatetimeUTC(datetime_t)
                0x00000000c0015e57                rtcIRQHandler(regs*, void*)
                0x00000000c0015e9c                RTC::RTC()
                0x00000000c0015e9c                RTC::RTC()
 *fill*         0x00000000c0015f55        0x3 
 .text          0x00000000c0015f58      0x203 arch/i386/vga.32
                0x00000000c0015f58                HalConsoleScroll(int, int)
                0x00000000c0016060                HalConsoleWriteCharacter(char, int, int, int, int)
                0x00000000c00160cc                HalConsoleCursorUpdate(int, int)
 *fill*         0x00000000c001615b        0x1 
 .text          0x00000000c001615c     0x13e7 fs/fat/vfslink.32
                0x00000000c001615c                FAT::getName()
                0x00000000c0016164                FAT::tell(void*, unsigned long long*)
                0x00000000c00161a0                FAT::stat(void*, unsigned long long*)
                0x00000000c00161dc                FAT::~FAT()
                0x00000000c00161dc                FAT::~FAT()
                0x00000000c0016200                FAT::~FAT()
                0x00000000c0016228                FAT::getlabel(LogicalDisk*, int, char*, unsigned int*)
                0x00000000c00162cc                FAT::setlabel(LogicalDisk*, int, char*)
                0x00000000c0016390                FAT::format(LogicalDisk*, int, char const*, int)
                0x00000000c0016564                FAT::tryMount(LogicalDisk*, int)
                0x00000000c001677c                FAT::allocateSwapfile(char const*, int)
                0x00000000c001693c                FAT::readDir(void*, unsigned long, void*, int*)
                0x00000000c0016aa8                FAT::read(void*, unsigned long, void*, int*)
                0x00000000c0016b08                FAT::write(void*, unsigned long, void*, int*)
                0x00000000c0016b68                FAT::close(void*)
                0x00000000c0016bbc                FAT::closeDir(void*)
                0x00000000c0016c10                FAT::seek(void*, unsigned long long)
                0x00000000c0016c68                fatWrapperReadDisk
                0x00000000c0016cac                fatWrapperWriteDisk
                0x00000000c0016cf0                fatWrapperIoctl
                0x00000000c0016e0c                FAT::FAT()
                0x00000000c0016e0c                FAT::FAT()
                0x00000000c0016e60                FAT::fixFilepath(char*)
                0x00000000c0016e9c                FAT::open(char const*, void**, FileOpenMode)
                0x00000000c0016fd4                FAT::openDir(char const*, void**)
                0x00000000c0017084                FAT::stat(char const*, unsigned long long*, bool*)
                0x00000000c001717c                FAT::unlink(char const*)
                0x00000000c00171fc                FAT::chfatattr(char const*, unsigned char, unsigned char)
                0x00000000c0017388                FAT::rename(char const*, char const*)
                0x00000000c0017454                FAT::mkdir(char const*)
                0x00000000c00174d4                FAT::exists(char const*)
 *fill*         0x00000000c0017543        0x1 
 .text          0x00000000c0017544       0xc6 fs/iso9660/helper.32
                0x00000000c0017544                isoReadDiscSectorHelper
                0x00000000c00175a0                iso_kprintf
                0x00000000c00175c0                iso_kprintfd
 .text          0x00000000c001760a      0x58c fs/iso9660/vfslink.32
                0x00000000c001760a                ISO9660::format(LogicalDisk*, int, char const*, int)
                0x00000000c0017610                ISO9660::getName()
                0x00000000c0017616                ISO9660::closeDir(void*)
                0x00000000c0017620                ISO9660::chfatattr(char const*, unsigned char, unsigned char)
                0x00000000c0017626                ISO9660::unlink(char const*)
                0x00000000c001762c                ISO9660::write(void*, unsigned long, void*, int*)
                0x00000000c0017632                ISO9660::rename(char const*, char const*)
                0x00000000c0017638                ISO9660::mkdir(char const*)
                0x00000000c001763e                ISO9660::~ISO9660()
                0x00000000c001763e                ISO9660::~ISO9660()
                0x00000000c0017662                ISO9660::~ISO9660()
                0x00000000c001768a                ISO9660::exists(char const*)
                0x00000000c001769e                ISO9660::open(char const*, void**, FileOpenMode)
                0x00000000c001772a                ISO9660::openDir(char const*, void**)
                0x00000000c00177aa                ISO9660::read(void*, unsigned long, void*, int*)
                0x00000000c00177ea                ISO9660::seek(void*, unsigned long long)
                0x00000000c0017822                ISO9660::tell(void*, unsigned long long*)
                0x00000000c0017858                ISO9660::stat(void*, unsigned long long*)
                0x00000000c0017892                ISO9660::stat(char const*, unsigned long long*, bool*)
                0x00000000c001797e                ISO9660::close(void*)
                0x00000000c00179a4                ISO9660::readDir(void*, unsigned long, void*, int*)
                0x00000000c0017a71                readSectorFromCDROM(unsigned int, unsigned char*, char)
                0x00000000c0017afc                ISO9660::tryMount(LogicalDisk*, int)
                0x00000000c0017b6e                ISO9660::ISO9660()
                0x00000000c0017b6e                ISO9660::ISO9660()
 .text          0x00000000c0017b96      0x26c hal/sound/sndcard.32
                0x00000000c0017b96                SoundCard::beginPlayback()
                0x00000000c0017ba4                SoundCard::stopPlayback()
                0x00000000c0017bb2                SoundCard::SoundCard(char const*)
                0x00000000c0017bb2                SoundCard::SoundCard(char const*)
                0x00000000c0017c50                SoundCard::~SoundCard()
                0x00000000c0017c50                SoundCard::~SoundCard()
                0x00000000c0017c74                SoundCard::~SoundCard()
                0x00000000c0017c9e                SoundCard::configureRates(int, int, int)
                0x00000000c0017cce                SoundCard::getSamples16(int, short*)
                0x00000000c0017d2a                SoundCard::getSamples32(int, int*)
                0x00000000c0017db0                SoundCard::addChannel(SoundPort*)
                0x00000000c0017dee                SoundCard::removeChannel(int)
 *fill*         0x00000000c0017e02        0x2 
 .text          0x00000000c0017e04      0x377 hal/sound/sndport.32
                0x00000000c0017e04                SoundPort::SoundPort(int, int, int, int)
                0x00000000c0017e04                SoundPort::SoundPort(int, int, int, int)
                0x00000000c0017e90                SoundPort::~SoundPort()
                0x00000000c0017e90                SoundPort::~SoundPort()
                0x00000000c0017ec4                SoundPort::unpause()
                0x00000000c0017ed0                SoundPort::pause()
                0x00000000c0017edc                SoundPort::getBufferUsed()
                0x00000000c0017ee4                SoundPort::getBufferSize()
                0x00000000c0017eec                SoundPort::buffer16(short*, int)
                0x00000000c0017f78                SoundPort::buffer32(int*, int)
                0x00000000c0018000                SoundPort::unbufferAndAdd16(int, short*, SoundCard*)
                0x00000000c00180c4                SoundPort::unbufferAndAdd32(int, int*, SoundCard*)
 .text          0x00000000c001817b        0x0 hw/bus/isa.32
 *fill*         0x00000000c001817b        0x1 
 .text          0x00000000c001817c      0xb49 hw/bus/pci.32
                0x00000000c001817c                PCI::open(int, int, void*)
                0x00000000c001819a                PCI::close(int, int, void*)
                0x00000000c001819e                PCI::PCI()
                0x00000000c001819e                PCI::PCI()
                0x00000000c0018238                PCI::readBAR8(unsigned int, int)
                0x00000000c0018254                PCI::readBAR16(unsigned int, int)
                0x00000000c0018272                PCI::readBAR32(unsigned int, int)
                0x00000000c001828e                PCI::writeBAR8(unsigned int, unsigned char, int)
                0x00000000c00182ae                PCI::writeBAR16(unsigned int, unsigned short, int)
                0x00000000c00182d0                PCI::writeBAR32(unsigned int, unsigned int, int)
                0x00000000c00182f0                PCI::legacyMechanism(unsigned char, unsigned char, unsigned char, unsigned char)
                0x00000000c001835e                PCI::pciReadWord(unsigned char, unsigned char, unsigned char, unsigned char)
                0x00000000c0018406                PCI::getVendorID(unsigned char, unsigned char, unsigned char)
                0x00000000c001842a                PCI::getHeaderType(unsigned char, unsigned char, unsigned char)
                0x00000000c0018452                PCI::getClassCode(unsigned char, unsigned char, unsigned char)
                0x00000000c001849c                PCI::getProgIF(unsigned char, unsigned char, unsigned char)
                0x00000000c00184c4                PCI::getRevisionID(unsigned char, unsigned char, unsigned char)
                0x00000000c00184e8                PCI::getInterruptNumber(unsigned char, unsigned char, unsigned char)
                0x00000000c001850c                PCI::getSecondaryBus(unsigned char, unsigned char, unsigned char)
                0x00000000c0018534                PCI::getBARAddress(unsigned char, unsigned char, unsigned char, unsigned char)
                0x00000000c0018598                PCI::pciWriteWord(unsigned char, unsigned char, unsigned char, unsigned char, unsigned short)
                0x00000000c0018680                PCI::pciDetailsToFilepath(PCIDeviceInfo, char*)
                0x00000000c00188fa                PCI::checkBus(unsigned char)
                0x00000000c0018920                PCI::foundDevice(PCIDeviceInfo)
                0x00000000c0018a92                PCI::getDeviceData(unsigned char, unsigned char, unsigned char)
                0x00000000c0018c06                PCI::checkDevice(unsigned char, unsigned char)
                0x00000000c0018c72                PCI::detect()
 *fill*         0x00000000c0018cc5        0x1 
 .text          0x00000000c0018cc6      0xb5a hw/diskctrl/ide.32
                0x00000000c0018cc6                IDE::close(int, int, void*)
                0x00000000c0018cca                IDE::IDE()
                0x00000000c0018cca                IDE::IDE()
                0x00000000c0018cfe                IDE::prepareInterrupt(unsigned char)
                0x00000000c0018d10                selectDrive(unsigned char, unsigned char)
                0x00000000c0018d12                IDE::getBase(unsigned char)
                0x00000000c0018d24                IDE::write(unsigned char, unsigned char, unsigned char)
                0x00000000c0018de4                IDE::read(unsigned char, unsigned char)
                0x00000000c0018e92                IDE::waitInterrupt(unsigned char)
                0x00000000c0018efa                ideChannel0IRQHandler(regs*, void*)
                0x00000000c0018f16                ideChannel1IRQHandler(regs*, void*)
                0x00000000c0018f32                IDE::enableIRQs(unsigned char, bool)
                0x00000000c0018f78                IDE::open(int, int, void*)
                0x00000000c0019386                IDE::readBuffer(unsigned char, unsigned char, unsigned int, unsigned int)
                0x00000000c0019452                IDE::detect()
                0x00000000c0019712                IDE::printError(unsigned char, unsigned char, unsigned char)
                0x00000000c00197c2                IDE::polling(unsigned char, unsigned int)
 .text          0x00000000c0019820      0x32a hw/diskctrl/satabus.32
                0x00000000c0019820                SATABus::close(int, int, void*)
                0x00000000c0019824                SATABus::detect()
                0x00000000c0019826                SATABus::SATABus()
                0x00000000c0019826                SATABus::SATABus()
                0x00000000c00198ac                SATABus::findCmdslot(SATABus::tagHBA_PORT volatile*)
                0x00000000c00198de                SATABus::checkType(SATABus::tagHBA_PORT volatile*)
                0x00000000c0019926                SATABus::startCmd(SATABus::tagHBA_PORT volatile*)
                0x00000000c0019946                SATABus::stopCmd(SATABus::tagHBA_PORT volatile*)
                0x00000000c0019970                SATABus::portRebase(SATABus::tagHBA_PORT volatile*, int)
                0x00000000c0019a80                SATABus::probePort(SATABus::tagHBA_MEM volatile*)
                0x00000000c0019b2a                SATABus::open(int, int, void*)
 .text          0x00000000c0019b4a      0x5f4 hw/diskphys/ata.32
                0x00000000c0019b4a                ATA::close(int, int, void*)
                0x00000000c0019b6e                ATA::powerSaving(PowerSavingLevel)
                0x00000000c0019b70                ATA::ATA()
                0x00000000c0019b70                ATA::ATA()
                0x00000000c0019b9e                ATA::flush(bool)
                0x00000000c0019be8                ATA::readyForCommand()
                0x00000000c0019c34                ATA::access(unsigned long long, int, void*, bool)
                0x00000000c0019fb0                ATA::read(unsigned long long, int, void*)
                0x00000000c0019ffc                ATA::write(unsigned long long, int, void*)
                0x00000000c001a048                ATA::detectCHS()
                0x00000000c001a072                ATA::open(int, int, void*)
 .text          0x00000000c001a13e      0x60e hw/diskphys/atapi.32
                0x00000000c001a13e                ATAPI::write(unsigned long long, int, void*)
                0x00000000c001a144                ATAPI::close(int, int, void*)
                0x00000000c001a168                ATAPI::ATAPI()
                0x00000000c001a168                ATAPI::ATAPI()
                0x00000000c001a196                ATAPI::readyForCommand()
                0x00000000c001a1e8                ATAPI::sendPacket(unsigned char*, int, bool, unsigned short*, int)
                0x00000000c001a4a8                ATAPI::diskRemoved()
                0x00000000c001a4e2                ATAPI::eject()
                0x00000000c001a52a                ATAPI::diskInserted()
                0x00000000c001a536                ATAPI::detectMedia()
                0x00000000c001a5f2                ATAPI::open(int, int, void*)
                0x00000000c001a6d2                ATAPI::read(unsigned long long, int, void*)
 .text          0x00000000c001a74c      0x402 hw/diskphys/sata.32
                0x00000000c001a74c                SATA::close(int, int, void*)
                0x00000000c001a770                SATA::powerSaving(PowerSavingLevel)
                0x00000000c001a772                SATA::open(int, int, void*)
                0x00000000c001a81c                SATA::SATA()
                0x00000000c001a81c                SATA::SATA()
                0x00000000c001a84a                SATA::access(unsigned long long, int, void*, bool)
                0x00000000c001aa96                SATA::read(unsigned long long, int, void*)
                0x00000000c001aae2                SATA::write(unsigned long long, int, void*)
 .text          0x00000000c001ab4e      0x5f5 hw/diskphys/satapi.32
                0x00000000c001ab4e                SATAPI::write(unsigned long long, int, void*)
                0x00000000c001ab54                SATAPI::close(int, int, void*)
                0x00000000c001ab78                SATAPI::SATAPI()
                0x00000000c001ab78                SATAPI::SATAPI()
                0x00000000c001aba6                SATAPI::diskRemoved()
                0x00000000c001aba8                SATAPI::diskInserted()
                0x00000000c001abc4                SATAPI::sendPacket(unsigned char*, int, unsigned long long, unsigned short*, int)
                0x00000000c001aea0                SATAPI::eject()
                0x00000000c001aedc                SATAPI::detectMedia()
                0x00000000c001af02                SATAPI::open(int, int, void*)
                0x00000000c001b002                SATAPI::read(unsigned long long, int, void*)
 *fill*         0x00000000c001b143        0x1 
 .text          0x00000000c001b144      0x455 hw/intctrl/apic.32
                0x00000000c001b144                IOAPIC::close(int, int, void*)
                0x00000000c001b14a                apicGetBase()
                0x00000000c001b18c                IOAPIC::IOAPIC()
                0x00000000c001b18c                IOAPIC::IOAPIC()
                0x00000000c001b1b4                apicOpen()
                0x00000000c001b31a                IOAPIC::handlesGSIWithNumber(unsigned int)
                0x00000000c001b34c                IOAPIC::read(int)
                0x00000000c001b374                IOAPIC::open(int, int, void*)
                0x00000000c001b468                IOAPIC::write(int, int)
                0x00000000c001b494                IOAPIC::redirect(unsigned char, unsigned long long, unsigned char, bool, bool)
 *fill*         0x00000000c001b599        0x3 
 .text          0x00000000c001b59c       0xf0 hw/timer/apictimer.32
                0x00000000c001b59c                APICTimer::close(int, int, void*)
                0x00000000c001b5a4                apicTimerHandler(regs*, void*)
                0x00000000c001b5cc                APICTimer::open(int, int, void*)
                0x00000000c001b63c                APICTimer::write(int)
                0x00000000c001b664                APICTimer::APICTimer()
                0x00000000c001b664                APICTimer::APICTimer()
 .text          0x00000000c001b68c      0x1aa hw/timer/pit.32
                0x00000000c001b68c                PIT::write(int)
                0x00000000c001b710                pitHandler(regs*, void*)
                0x00000000c001b734                PIT::open(int, int, void*)
                0x00000000c001b784                PIT::close(int, int, void*)
                0x00000000c001b7b4                PIT::PIT()
                0x00000000c001b7b4                PIT::PIT()
 *fill*         0x00000000c001b836        0xa 
 .text          0x00000000c001b840       0x83 arch/i386/avx.32
                0x00000000c001b840                avxDetect
                0x00000000c001b86a                avxSave
                0x00000000c001b87b                avxLoad
                0x00000000c001b88c                avxInit
                0x00000000c001b8ae                avxClose
                0x00000000c001b8af                wouldSheSayYes
 *fill*         0x00000000c001b8c3        0xd 
 .text          0x00000000c001b8d0      0x1d6 arch/i386/interrupt.32
                0x00000000c001b8d0                isr0
                0x00000000c001b8e0                isr1
                0x00000000c001b8ea                isr2
                0x00000000c001b8f4                isr3
                0x00000000c001b8fe                isr4
                0x00000000c001b908                isr5
                0x00000000c001b912                isr6
                0x00000000c001b91c                isr7
                0x00000000c001b926                isr8
                0x00000000c001b92e                isr9
                0x00000000c001b938                isr10
                0x00000000c001b940                isr11
                0x00000000c001b948                isr12
                0x00000000c001b950                isr13
                0x00000000c001b958                isr14
                0x00000000c001b960                isr15
                0x00000000c001b96a                isr16
                0x00000000c001b974                isr17
                0x00000000c001b97e                isr18
                0x00000000c001b988                irq3
                0x00000000c001b992                irq4
                0x00000000c001b99c                irq5
                0x00000000c001b9a6                irq6
                0x00000000c001b9b0                irq7
                0x00000000c001b9ba                irq8
                0x00000000c001b9c4                irq9
                0x00000000c001b9ce                irq10
                0x00000000c001b9d8                irq11
                0x00000000c001b9e2                irq12
                0x00000000c001b9ec                irq13
                0x00000000c001b9f6                irq14
                0x00000000c001ba00                irq15
                0x00000000c001ba0a                irq1
                0x00000000c001ba11                irq2
                0x00000000c001ba18                isr96
                0x00000000c001ba1f                irq0
                0x00000000c001ba24                int_common_stub
                0x00000000c001ba24                syscall_common_stub
                0x00000000c001ba56                irq16
                0x00000000c001ba60                irq17
                0x00000000c001ba6a                irq18
                0x00000000c001ba74                irq19
                0x00000000c001ba7e                irq20
                0x00000000c001ba88                irq21
                0x00000000c001ba92                irq22
                0x00000000c001ba9c                irq23
 *fill*         0x00000000c001baa6        0xa 
 .text          0x00000000c001bab0       0x10 arch/i386/rdrand.32
                0x00000000c001bab0                i386GetRDRAND
 .text          0x00000000c001bac0       0x39 arch/i386/sse.32
                0x00000000c001bac0                absolutelyNoChanceInHell
                0x00000000c001bac0                sseDetect
                0x00000000c001bad8                sseSave
                0x00000000c001bae0                sseLoad
                0x00000000c001bae8                sseInit
                0x00000000c001baf8                sseClose
 *fill*         0x00000000c001baf9        0x7 
 .text          0x00000000c001bb00       0x49 arch/i386/x87.32
                0x00000000c001bb06                x87Detect
                0x00000000c001bb21                x87Save
                0x00000000c001bb28                x87Load
                0x00000000c001bb2f                x87Init
                0x00000000c001bb48                x87Close
 *fill*         0x00000000c001bb49        0x3 
 .text          0x00000000c001bb4c       0x25 /cygdrive/d/Users/Alex/Desktop/Toolchain/Output/bin/../lib/gcc/i386-banana/8.1.0/crtend.o
 .text          0x00000000c001bb71        0x0 crtn.32
 *fill*         0x00000000c001bb71        0x3 
 .text          0x00000000c001bb74      0x14b /cygdrive/d/Users/Alex/Desktop/Toolchain/Output/bin/../lib/gcc/i386-banana/8.1.0/libkgcc.a(_divdi3.o)
                0x00000000c001bb74                __divdi3
 *fill*         0x00000000c001bcbf        0x1 
 .text          0x00000000c001bcc0      0x17e /cygdrive/d/Users/Alex/Desktop/Toolchain/Output/bin/../lib/gcc/i386-banana/8.1.0/libkgcc.a(_moddi3.o)
                0x00000000c001bcc0                __moddi3
 *fill*         0x00000000c001be3e        0x2 
 .text          0x00000000c001be40       0xff /cygdrive/d/Users/Alex/Desktop/Toolchain/Output/bin/../lib/gcc/i386-banana/8.1.0/libkgcc.a(_udivdi3.o)
                0x00000000c001be40                __udivdi3
 *fill*         0x00000000c001bf3f        0x1 
 .text          0x00000000c001bf40      0x11a /cygdrive/d/Users/Alex/Desktop/Toolchain/Output/bin/../lib/gcc/i386-banana/8.1.0/libkgcc.a(_umoddi3.o)
                0x00000000c001bf40                __umoddi3
 *(.gnu.linkonce.t*)

.iplt           0x00000000c001c060        0x0
 .iplt          0x00000000c001c060        0x0 D:/Users/Alex/Desktop/Banana/kernel/boot.32

.init           0x00000000c001c05a        0xf
 .init          0x00000000c001c05a        0x3 crti.32
                0x00000000c001c05a                _init
 .init          0x00000000c001c05d        0x5 /cygdrive/d/Users/Alex/Desktop/Toolchain/Output/bin/../lib/gcc/i386-banana/8.1.0/crtbegin.o
 .init          0x00000000c001c062        0x5 /cygdrive/d/Users/Alex/Desktop/Toolchain/Output/bin/../lib/gcc/i386-banana/8.1.0/crtend.o
 .init          0x00000000c001c067        0x2 crtn.32

.fini           0x00000000c001c069        0xa
 .fini          0x00000000c001c069        0x3 crti.32
                0x00000000c001c069                _fini
 .fini          0x00000000c001c06c        0x5 /cygdrive/d/Users/Alex/Desktop/Toolchain/Output/bin/../lib/gcc/i386-banana/8.1.0/crtbegin.o
 .fini          0x00000000c001c071        0x2 crtn.32

.text._ZN8ComputerD2Ev
                0x00000000c001c074       0x23
 .text._ZN8ComputerD2Ev
                0x00000000c001c074       0x23 core/computer.32
                0x00000000c001c074                Computer::~Computer()
                0x00000000c001c074                Computer::~Computer()

.text._ZN8ComputerD0Ev
                0x00000000c001c098       0x2a
 .text._ZN8ComputerD0Ev
                0x00000000c001c098       0x2a core/computer.32
                0x00000000c001c098                Computer::~Computer()

.text._Z10idleCommonv
                0x00000000c001c0c2       0x21
 .text._Z10idleCommonv
                0x00000000c001c0c2       0x21 core/idle.32
                0x00000000c001c0c2                idleCommon()

.text._ZN10LinkedListI8UnixFileED2Ev
                0x00000000c001c0e4        0x2
 .text._ZN10LinkedListI8UnixFileED2Ev
                0x00000000c001c0e4        0x2 core/unixfile.32
                0x00000000c001c0e4                LinkedList<UnixFile>::~LinkedList()
                0x00000000c001c0e4                LinkedList<UnixFile>::~LinkedList()

.text._ZN10LinkedListI8UnixFileEC2Ev
                0x00000000c001c0e6       0x42
 .text._ZN10LinkedListI8UnixFileEC2Ev
                0x00000000c001c0e6       0x42 core/unixfile.32
                0x00000000c001c0e6                LinkedList<UnixFile>::LinkedList()
                0x00000000c001c0e6                LinkedList<UnixFile>::LinkedList()

.text._ZN10LinkedListI8UnixFileE10addElementEPS0_
                0x00000000c001c128       0xd3
 .text._ZN10LinkedListI8UnixFileE10addElementEPS0_
                0x00000000c001c128       0xd3 core/unixfile.32
                0x00000000c001c128                LinkedList<UnixFile>::addElement(UnixFile*)

.text._ZN10LinkedListI8UnixFileE15getFirstElementEv
                0x00000000c001c1fc        0x7
 .text._ZN10LinkedListI8UnixFileE15getFirstElementEv
                0x00000000c001c1fc        0x7 core/unixfile.32
                0x00000000c001c1fc                LinkedList<UnixFile>::getFirstElement()

.text._ZN10LinkedListI8UnixFileE11removeFirstEv
                0x00000000c001c204       0xa1
 .text._ZN10LinkedListI8UnixFileE11removeFirstEv
                0x00000000c001c204       0xa1 core/unixfile.32
                0x00000000c001c204                LinkedList<UnixFile>::removeFirst()

.text._ZN10LinkedListI8UnixFileE7getNextEPS0_
                0x00000000c001c2a6        0x8
 .text._ZN10LinkedListI8UnixFileE7getNextEPS0_
                0x00000000c001c2a6        0x8 core/unixfile.32
                0x00000000c001c2a6                LinkedList<UnixFile>::getNext(UnixFile*)

.text._ZN16DriverlessDeviceD2Ev
                0x00000000c001c2ae       0x1a
 .text._ZN16DriverlessDeviceD2Ev
                0x00000000c001c2ae       0x1a hal/device.32
                0x00000000c001c2ae                DriverlessDevice::~DriverlessDevice()
                0x00000000c001c2ae                DriverlessDevice::~DriverlessDevice()

.text._ZN16DriverlessDeviceD0Ev
                0x00000000c001c2c8       0x2a
 .text._ZN16DriverlessDeviceD0Ev
                0x00000000c001c2c8       0x2a hal/device.32
                0x00000000c001c2c8                DriverlessDevice::~DriverlessDevice()

.text._ZN10LinkedListI6DeviceE10addElementEPS0_
                0x00000000c001c2f2       0xdc
 .text._ZN10LinkedListI6DeviceE10addElementEPS0_
                0x00000000c001c2f2       0xdc hal/device.32
                0x00000000c001c2f2                LinkedList<Device>::addElement(Device*)

.text._ZN10LinkedListI6DeviceEC2Ev
                0x00000000c001c3ce       0x42
 .text._ZN10LinkedListI6DeviceEC2Ev
                0x00000000c001c3ce       0x42 hal/device.32
                0x00000000c001c3ce                LinkedList<Device>::LinkedList()
                0x00000000c001c3ce                LinkedList<Device>::LinkedList()

.text._ZN10LinkedListIV18ThreadControlBlockE7isEmptyEv
                0x00000000c001c410       0x1c
 .text._ZN10LinkedListIV18ThreadControlBlockE7isEmptyEv
                0x00000000c001c410       0x1c hal/timer.32
                0x00000000c001c410                LinkedList<ThreadControlBlock volatile>::isEmpty()

.text._ZN10LinkedListIV18ThreadControlBlockE15getFirstElementEv
                0x00000000c001c42c        0x7
 .text._ZN10LinkedListIV18ThreadControlBlockE15getFirstElementEv
                0x00000000c001c42c        0x7 hal/timer.32
                0x00000000c001c42c                LinkedList<ThreadControlBlock volatile>::getFirstElement()

.text._ZN10LinkedListIV18ThreadControlBlockE11removeFirstEv
                0x00000000c001c434       0xb8
 .text._ZN10LinkedListIV18ThreadControlBlockE11removeFirstEv
                0x00000000c001c434       0xb8 hal/timer.32
                0x00000000c001c434                LinkedList<ThreadControlBlock volatile>::removeFirst()

.text._ZN10LinkedListIV18ThreadControlBlockE10addElementEPS1_
                0x00000000c001c4ec       0xda
 .text._ZN10LinkedListIV18ThreadControlBlockE10addElementEPS1_
                0x00000000c001c4ec       0xda hal/timer.32
                0x00000000c001c4ec                LinkedList<ThreadControlBlock volatile>::addElement(ThreadControlBlock volatile*)

.text._ZN4ACPID2Ev
                0x00000000c001c5c8       0x23
 .text._ZN4ACPID2Ev
                0x00000000c001c5c8       0x23 hw/acpi.32
                0x00000000c001c5c8                ACPI::~ACPI()
                0x00000000c001c5c8                ACPI::~ACPI()

.text._ZN4ACPID0Ev
                0x00000000c001c5ec       0x2a
 .text._ZN4ACPID0Ev