Archive member included to satisfy reference by file (symbol)

/cygdrive/d/Users/Alex/Desktop/Toolchain/Output/bin/../lib/gcc/i386-banana/8.1.0/libkgcc.a(_divdi3.o)
                              krnl/resolve.32 (__divdi3)
/cygdrive/d/Users/Alex/Desktop/Toolchain/Output/bin/../lib/gcc/i386-banana/8.1.0/libkgcc.a(_moddi3.o)
                              krnl/resolve.32 (__moddi3)
/cygdrive/d/Users/Alex/Desktop/Toolchain/Output/bin/../lib/gcc/i386-banana/8.1.0/libkgcc.a(_udivdi3.o)
                              hal/clock.32 (__udivdi3)
/cygdrive/d/Users/Alex/Desktop/Toolchain/Output/bin/../lib/gcc/i386-banana/8.1.0/libkgcc.a(_umoddi3.o)
                              core/pipe.32 (__umoddi3)

Allocating common symbols
Common symbol       size              file

dcache              0x40              fs/iso9660/iso9660.32
cdDriveLetter       0x1               fs/iso9660/iso9660.32
icache              0x40              fs/iso9660/iso9660.32

Discarded input sections

 .comment       0x0000000000000000       0x12 /cygdrive/d/Users/Alex/Desktop/Toolchain/Output/bin/../lib/gcc/i386-banana/8.1.0/crtbegin.o
 .comment       0x0000000000000000       0x12 acpica/utclib.32
 .comment       0x0000000000000000       0x12 core/malloc.32
 .comment       0x0000000000000000       0x12 libk/ctype.32
 .comment       0x0000000000000000       0x12 libk/string.32
 .comment       0x0000000000000000       0x12 fs/fat/diskio.32
 .comment       0x0000000000000000       0x12 fs/fat/ff.32
 .comment       0x0000000000000000       0x12 fs/fat/ffsystem.32
 .comment       0x0000000000000000       0x12 fs/fat/ffunicode.32
 .comment       0x0000000000000000       0x12 fs/iso9660/iso9660.32
 .group         0x0000000000000000       0x14 core/computer.32
 .group         0x0000000000000000        0xc core/computer.32
 .comment       0x0000000000000000       0x12 core/computer.32
 .comment       0x0000000000000000       0x12 core/gdt.32
 .group         0x0000000000000000        0xc core/idle.32
 .comment       0x0000000000000000       0x12 core/idle.32
 .comment       0x0000000000000000       0x12 core/idt.32
 .comment       0x0000000000000000       0x12 core/kheap.32
 .comment       0x0000000000000000       0x12 core/main.32
 .comment       0x0000000000000000       0x12 core/physmgr.32
 .group         0x0000000000000000        0xc core/pipe.32
 .comment       0x0000000000000000       0x12 core/pipe.32
 .group         0x0000000000000000        0xc core/terminal.32
 .comment       0x0000000000000000       0x12 core/terminal.32
 .comment       0x0000000000000000       0x12 core/tss.32
 .group         0x0000000000000000        0x8 core/unixfile.32
 .group         0x0000000000000000        0x8 core/unixfile.32
 .group         0x0000000000000000        0xc core/unixfile.32
 .group         0x0000000000000000        0x8 core/unixfile.32
 .group         0x0000000000000000        0xc core/unixfile.32
 .group         0x0000000000000000        0x8 core/unixfile.32
 .group         0x0000000000000000        0xc core/unixfile.32
 .group         0x0000000000000000        0xc core/unixfile.32
 .comment       0x0000000000000000       0x12 core/unixfile.32
 .comment       0x0000000000000000       0x12 core/virtmgr.32
 .comment       0x0000000000000000       0x12 coreobjs/c++.32
 .comment       0x0000000000000000       0x12 dbg/kconsole.32
 .group         0x0000000000000000        0xc fs/vfs.32
 .group         0x0000000000000000        0xc fs/vfs.32
 .group         0x0000000000000000        0xc fs/vfs.32
 .comment       0x0000000000000000       0x12 fs/vfs.32
 .group         0x0000000000000000        0xc hal/bus.32
 .comment       0x0000000000000000       0x12 hal/bus.32
 .comment       0x0000000000000000       0x12 hal/buzzer.32
 .group         0x0000000000000000        0xc hal/clock.32
 .comment       0x0000000000000000       0x12 hal/clock.32
 .group         0x0000000000000000       0x14 hal/device.32
 .group         0x0000000000000000        0xc hal/device.32
 .group         0x0000000000000000        0x8 hal/device.32
 .group         0x0000000000000000        0xc hal/device.32
 .group         0x0000000000000000        0xc hal/device.32
 .comment       0x0000000000000000       0x12 hal/device.32
 .group         0x0000000000000000        0xc hal/diskctrl.32
 .comment       0x0000000000000000       0x12 hal/diskctrl.32
 .group         0x0000000000000000        0xc hal/diskphys.32
 .comment       0x0000000000000000       0x12 hal/diskphys.32
 .comment       0x0000000000000000       0x12 hal/fpu.32
 .comment       0x0000000000000000       0x12 hal/intctrl.32
 .group         0x0000000000000000        0xc hal/keybrd.32
 .comment       0x0000000000000000       0x12 hal/keybrd.32
 .group         0x0000000000000000        0xc hal/logidisk.32
 .comment       0x0000000000000000       0x12 hal/logidisk.32
 .group         0x0000000000000000        0xc hal/mouse.32
 .comment       0x0000000000000000       0x12 hal/mouse.32
[...]
Memory Configuration

Name             Origin             Length             Attributes
*default*        0x0000000000000000 0xffffffffffffffff

Linker script and memory map

LOAD D:/Users/Alex/Desktop/Banana/kernel/boot.32
LOAD crti.32
LOAD /cygdrive/d/Users/Alex/Desktop/Toolchain/Output/bin/../lib/gcc/i386-banana/8.1.0/crtbegin.o
LOAD D:/Users/Alex/Desktop/Banana/kernel/morenasm.32
LOAD acpica/utclib.32
LOAD core/malloc.32
LOAD libk/ctype.32
LOAD libk/string.32
LOAD fs/fat/diskio.32
LOAD fs/fat/ff.32
LOAD fs/fat/ffsystem.32
LOAD fs/fat/ffunicode.32
LOAD fs/iso9660/iso9660.32
LOAD core/computer.32
LOAD core/gdt.32
LOAD core/idle.32
LOAD core/idt.32
LOAD core/kheap.32
LOAD core/main.32
LOAD core/physmgr.32
LOAD core/pipe.32
LOAD core/terminal.32
LOAD core/tss.32
LOAD core/unixfile.32
LOAD core/virtmgr.32
LOAD coreobjs/c++.32
LOAD dbg/kconsole.32
LOAD fs/vfs.32
LOAD hal/bus.32
LOAD hal/buzzer.32
LOAD hal/clock.32
LOAD hal/device.32
LOAD hal/diskctrl.32
LOAD hal/diskphys.32
LOAD hal/fpu.32
LOAD hal/intctrl.32
LOAD hal/keybrd.32
LOAD hal/logidisk.32
LOAD hal/mouse.32
LOAD hal/partition.32
LOAD hal/serial.32
LOAD hal/timer.32
LOAD hal/vcache.32
LOAD hal/video.32
LOAD hw/acpi.32
LOAD hw/cpu.32
LOAD krnl/bootmsg.32
LOAD krnl/env.32
LOAD krnl/inlines.32
LOAD krnl/panic.32
LOAD krnl/powctrl.32
LOAD krnl/resolve.32
LOAD krnl/signal.32
LOAD krnl/syscalls.32
LOAD reg/cm.32
LOAD reg/registry.32
LOAD sys/eject.32
LOAD sys/exit.32
LOAD sys/getcwd.32
LOAD sys/getpid.32
LOAD sys/getramdata.32
LOAD sys/getvgaptr.32
LOAD sys/loaddll.32
LOAD sys/read.32
LOAD sys/registersignal.32
LOAD sys/sbrk.32
LOAD sys/setcwd.32
LOAD sys/settime.32
LOAD sys/timezone.32
LOAD sys/write.32
LOAD sys/wsbe.32
LOAD sys/yield.32
LOAD thr/elf.32
LOAD thr/prcssthr.32
LOAD vm86/vm8086.32
LOAD arch/i386/hal.32
LOAD arch/i386/pic.32
LOAD arch/i386/rtc.32
LOAD arch/i386/vga.32
LOAD fs/fat/vfslink.32
LOAD fs/iso9660/helper.32
LOAD fs/iso9660/vfslink.32
LOAD hal/sound/sndcard.32
LOAD hal/sound/sndport.32
LOAD hw/bus/isa.32
LOAD hw/bus/pci.32
LOAD hw/diskctrl/ide.32
LOAD hw/diskctrl/satabus.32
LOAD hw/diskphys/ata.32
LOAD hw/diskphys/atapi.32
LOAD hw/diskphys/sata.32
LOAD hw/diskphys/satapi.32
LOAD hw/intctrl/apic.32
LOAD hw/timer/apictimer.32
LOAD hw/timer/pit.32
LOAD arch/i386/avx.32
LOAD arch/i386/interrupt.32
LOAD arch/i386/rdrand.32
LOAD arch/i386/sse.32
LOAD arch/i386/x87.32
LOAD /cygdrive/d/Users/Alex/Desktop/Toolchain/Output/bin/../lib/gcc/i386-banana/8.1.0/crtend.o
LOAD crtn.32
LOAD /cygdrive/d/Users/Alex/Desktop/Toolchain/Output/bin/../lib/gcc/i386-banana/8.1.0/libkgcc.a
LOAD D:/Users/Alex/Desktop/Banana/kernel/libsoftfp.a
LOAD D:/Users/Alex/Desktop/Banana/kernel/libk/libm32.a
                0x00000000c0000000                . = 0xc0000000

.text           0x00000000c0000000    0x1daba
 *(.text)
 .text          0x00000000c0000000       0x20 D:/Users/Alex/Desktop/Banana/kernel/boot.32
 .text          0x00000000c0000020        0x0 crti.32
 .text          0x00000000c0000020      0x101 /cygdrive/d/Users/Alex/Desktop/Toolchain/Output/bin/../lib/gcc/i386-banana/8.1.0/crtbegin.o
 *fill*         0x00000000c0000121        0xf 
 .text          0x00000000c0000130      0x252 D:/Users/Alex/Desktop/Banana/kernel/morenasm.32
                0x00000000c0000130                manualPCIProbe
                0x00000000c000017b                prepareTramp
                0x00000000c0000194                doTPAUSE
                0x00000000c000019e                hasLegacyFPU
                0x00000000c00001c3                is486
                0x00000000c00001f9                detectCPUID
                0x00000000c000020f                goToVM86
                0x00000000c000023f                goToUsermode
                0x00000000c0000269                switchToThreadASMFirstTime
                0x00000000c0000277                switchToThreadASM
                0x00000000c00002ff                asmQuickAcquireLock
                0x00000000c000031d                asmQuickReleaseLock
                0x00000000c0000329                asmAcquireLock
                0x00000000c000034a                asmReleaseLock
                0x00000000c000035d                loadGDT
                0x00000000c000037d                memcpy
 *fill*         0x00000000c0000382        0xe 
 .text          0x00000000c0000390      0x79e acpica/utclib.32
                0x00000000c0000390                memcmp
                0x00000000c00003e0                memmove
                0x00000000c00004d0                memset
                0x00000000c0000540                strlen
                0x00000000c0000570                strpbrk
                0x00000000c00005b0                strtok
                0x00000000c0000600                strcpy
                0x00000000c0000630                strncpy
                0x00000000c00006e0                strcmp
                0x00000000c0000730                strchr
                0x00000000c0000760                strncmp
                0x00000000c00007c0                strcat
                0x00000000c00007f0                strncat
                0x00000000c0000850                strstr
                0x00000000c00008b0                toupper
                0x00000000c00008d0                tolower
                0x00000000c00008f0                simple_strtoul
 .text          0x00000000c0000b2e      0xfad core/malloc.32
                0x00000000c0000c99                dlfree
                0x00000000c0000ff4                dlmalloc
                0x00000000c0001531                dlrealloc
                0x00000000c00016d4                dlmemalign
                0x00000000c00017f7                dlcalloc
                0x00000000c0001891                dlcfree
                0x00000000c0001896                dlindependent_calloc
                0x00000000c00018bb                dlindependent_comalloc
                0x00000000c00018d2                dlvalloc
                0x00000000c00018fd                dlpvalloc
                0x00000000c0001933                dlmalloc_trim
                0x00000000c0001940                dlmalloc_usable_size
                0x00000000c0001971                dlmallinfo
                0x00000000c0001a40                dlmalloc_stats
                0x00000000c0001a51                dlmallopt
 *fill*         0x00000000c0001adb        0x1 
 .text          0x00000000c0001adc      0x1f2 libk/ctype.32
                0x00000000c0001adc                isblank
                0x00000000c0001afc                iscntrl
                0x00000000c0001b1c                isdigit
                0x00000000c0001b38                islower
                0x00000000c0001b54                isspace
                0x00000000c0001b7c                isupper
                0x00000000c0001b98                isalpha
                0x00000000c0001bc8                isalnum
                0x00000000c0001bf8                ispunct
                0x00000000c0001c38                isgraph
                0x00000000c0001c68                isprint
                0x00000000c0001c90                isxdigit
 *fill*         0x00000000c0001cce        0x2 
 .text          0x00000000c0001cd0      0x128 libk/string.32
 .text          0x00000000c0001df8       0x51 fs/fat/diskio.32
                0x00000000c0001df8                disk_status
                0x00000000c0001dfb                disk_initialize
                0x00000000c0001dfe                disk_read
                0x00000000c0001e14                disk_write
                0x00000000c0001e2a                disk_ioctl
 .text          0x00000000c0001e49     0x3d4b fs/fat/ff.32
                0x00000000c0003be5                f_mount
                0x00000000c0003c47                f_open
                0x00000000c0003f12                f_read
                0x00000000c0004111                f_write
                0x00000000c0004345                f_sync
                0x00000000c00043fa                f_close
                0x00000000c0004429                f_lseek
                0x00000000c00045d0                f_opendir
                0x00000000c000469b                f_closedir
                0x00000000c00046bd                f_readdir
                0x00000000c000474f                f_stat
                0x00000000c00047ce                f_getfree
                0x00000000c00048d0                f_truncate
                0x00000000c00049b4                f_unlink
                0x00000000c0004ad6                f_mkdir
                0x00000000c0004c71                f_rename
                0x00000000c0004e27                f_chmod
                0x00000000c0004ed0                f_utime
                0x00000000c0004f7e                f_getlabel
                0x00000000c00050cf                f_setlabel
                0x00000000c000525f                f_expand
                0x00000000c00053bf                f_mkfs
 .text          0x00000000c0005b94       0x2f fs/fat/ffsystem.32
                0x00000000c0005b94                ff_memalloc
                0x00000000c0005bac                ff_memfree
 *fill*         0x00000000c0005bc3        0x1 
 .text          0x00000000c0005bc4      0x2a8 fs/fat/ffunicode.32
                0x00000000c0005bc4                ff_uni2oem
                0x00000000c0005c64                ff_oem2uni
                0x00000000c0005cdc                ff_wtoupper
 .text          0x00000000c0005e6c      0xd2f fs/iso9660/iso9660.32
                0x00000000c00060b1                isoReadDiscSector
                0x00000000c000614c                strnicmp
                0x00000000c00063ff                stricmp
                0x00000000c000644b                iso_open
                0x00000000c00064d5                iso_close
                0x00000000c00064f3                iso_read
                0x00000000c0006609                iso_seek
                0x00000000c000668d                iso_tell
                0x00000000c00066be                iso_total
                0x00000000c00066e9                fn_postprocess
                0x00000000c000670f                iso_readdir
                0x00000000c0006966                iso_reset
                0x00000000c0006983                init_percd
                0x00000000c0006a7d                iso_ioctl
                0x00000000c0006a95                fs_iso9660_init
                0x00000000c0006b2b                fs_iso9660_shutdown
 *fill*         0x00000000c0006b9b        0x1 
 .text          0x00000000c0006b9c      0x685 core/computer.32
                0x00000000c0006b9c                Computer::close(int, int, void*)
                0x00000000c0006be1                Krnl::firstTask()
                0x00000000c0006d14                Computer::Computer()
                0x00000000c0006d14                Computer::Computer()
                0x00000000c0006dc6                Computer::setBootMessage(char const*)
                0x00000000c0006dc8                Computer::detectFeatures()
                0x00000000c0006fd2                Computer::displayFeatures()
                0x00000000c0006fd4                Computer::rdmsr(unsigned int)
                0x00000000c0007000                Computer::wrmsr(unsigned int, unsigned long long)
                0x00000000c0007038                Computer::shutdown()
                0x00000000c0007050                Computer::restart()
                0x00000000c0007068                Computer::sleep()
                0x00000000c000707c                Computer::nmiEnabled()
                0x00000000c0007088                Computer::readCMOS(unsigned char)
                0x00000000c00070a2                Computer::enableNMI(bool)
                0x00000000c00070ba                Computer::open(int, int, void*)
                0x00000000c000718e                Computer::disableNMI()
                0x00000000c000719e                Computer::writeCMOS(unsigned char, unsigned char)
                0x00000000c00071bc                Computer::handleNMI()
 *fill*         0x00000000c0007221        0x1 
 .text          0x00000000c0007222      0x1cf core/gdt.32
                0x00000000c0007222                GDTEntry::setBase(unsigned int)
                0x00000000c000723e                GDTEntry::setLimit(unsigned int)
                0x00000000c000725c                GDT::GDT()
                0x00000000c000725c                GDT::GDT()
                0x00000000c0007272                GDT::addEntry(GDTEntry)
                0x00000000c0007294                GDT::getNumberOfEntries()
                0x00000000c000729c                GDT::flush()
                0x00000000c00072be                GDT::setup()
 .text          0x00000000c00073f1       0x1d core/idle.32
                0x00000000c00073f1                idleFunction(void*)
 *fill*         0x00000000c000740e        0x2 
 .text          0x00000000c0007410      0x464 core/idt.32
                0x00000000c0007410                IDTEntry::IDTEntry(bool)
                0x00000000c0007410                IDTEntry::IDTEntry(bool)
                0x00000000c0007482                IDTEntry::setOffset(unsigned int)
                0x00000000c0007498                IDT::IDT()
                0x00000000c0007498                IDT::IDT()
                0x00000000c000749a                IDT::getPointerToInvalidOpcodeEntryForF00F()
                0x00000000c00074a2                IDT::addEntry(IDTEntry, int)
                0x00000000c00074bc                IDT::addEntry(int, void (*)(), bool)
                0x00000000c00074f4                IDT::flush()
                0x00000000c000750e                IDT::setup()
 .text          0x00000000c0007874      0x183 core/kheap.32
                0x00000000c0007874                sbrk
                0x00000000c0007909                mmap
                0x00000000c000791f                munmap
                0x00000000c0007935                liballoc_lock()
                0x00000000c0007942                liballoc_unlock()
                0x00000000c0007956                liballoc_alloc(int)
                0x00000000c000796e                liballoc_free(void*, int)
                0x00000000c0007989                realloc
                0x00000000c000799d                malloc
                0x00000000c00079ad                free
                0x00000000c00079bd                rfree
                0x00000000c00079cd                calloc
 .text          0x00000000c00079f7       0xc3 core/main.32
                0x00000000c00079f7                KeEntryPoint
 .text          0x00000000c0007aba      0x5dc core/physmgr.32
                0x00000000c0007aba                Phys::allocateDMA(unsigned long)
                0x00000000c0007b91                Phys::freeDMA(unsigned long, unsigned long)
                0x00000000c0007bc4                Phys::setPageState(unsigned long, bool)
                0x00000000c0007bf6                Phys::getPageState(unsigned long)
                0x00000000c0007c17                Phys::freePage(unsigned long)
                0x00000000c0007c79                Phys::allocatePage()
                0x00000000c0007d37                Phys::allocateContiguousPages(int)
                0x00000000c0007d93                Phys::allowSegmentToBeUsed(unsigned long, unsigned long)
                0x00000000c0007dcb                Phys::physicalMemorySetup(unsigned int)
 .text          0x00000000c0008096      0x273 core/pipe.32
                0x00000000c0008096                Pipe::isAtty()
                0x00000000c000809a                Pipe::~Pipe()
                0x00000000c000809a                Pipe::~Pipe()
                0x00000000c00080be                Pipe::~Pipe()
                0x00000000c00080e6                Pipe::write(unsigned long long, void*, int*)
                0x00000000c00081a6                Pipe::read(unsigned long long, void*, int*)
                0x00000000c00082a2                Pipe::Pipe(int)
                0x00000000c00082a2                Pipe::Pipe(int)
 *fill*         0x00000000c0008309        0x1 
 .text          0x00000000c000830a      0xaac core/terminal.32
                0x00000000c000830a                VgaText::isAtty()
                0x00000000c000830e                VgaText::~VgaText()
                0x00000000c000830e                VgaText::~VgaText()
                0x00000000c0008332                VgaText::~VgaText()
                0x00000000c000835c                VgaText::read(unsigned long long, void*, int*)
                0x00000000c000837c                setTerminalScrollLock(bool)
                0x00000000c000837d                doTerminalCycle()
                0x00000000c000837e                addToTerminalCycle(VgaText*)
                0x00000000c000837f                scrollTerminalScrollLock(int)
                0x00000000c0008380                VgaText::updateTitle()
                0x00000000c0008382                VgaText::load()
                0x00000000c0008384                VgaText::updateCursor()
                0x00000000c000839a                VgaText::doANSI_SGR(int)
                0x00000000c000840e                VgaText::setDefaultBgColour(VgaColour)
                0x00000000c000841e                VgaText::setDefaultFgColour(VgaColour)
                0x00000000c000842e                VgaText::setDefaultColours(VgaColour, VgaColour)
                0x00000000c000844e                VgaText::setTitleTextColour(VgaColour)
                0x00000000c000845a                VgaText::setTitleColour(VgaColour)
                0x00000000c0008466                VgaText::setTitle(char*)
                0x00000000c0008468                VgaText::combineColours(unsigned char, unsigned char)
                0x00000000c000847a                VgaText::scrollScreen()
                0x00000000c000850c                VgaText::combineCharAndColour(char, unsigned char)
                0x00000000c000851e                VgaText::writeCharacter(char, VgaColour, VgaColour, int, int)
                0x00000000c00085ae                VgaText::getCursorX()
                0x00000000c00085b6                VgaText::getCursorY()
                0x00000000c00085be                VgaText::setCursor(int, int)
                0x00000000c00085d5                setActiveTerminal(VgaText*)
                0x00000000c0008620                VgaText::clearScreen()
                0x00000000c000866e                VgaText::setCursorX(int)
                0x00000000c0008686                VgaText::setCursorY(int)
                0x00000000c000869e                VgaText::incrementCursor(bool)
                0x00000000c00086f2                VgaText::decrementCursor(bool)
                0x00000000c0008714                VgaText::putchar(char, VgaColour, VgaColour)
                0x00000000c00087e2                VgaText::putchar(char)
                0x00000000c00088ce                VgaText::putx(unsigned int)
                0x00000000c0008914                VgaText::puts(char const*)
                0x00000000c000893a                VgaText::write(unsigned long long, void*, int*)
                0x00000000c0008986                VgaText::puts(char const*, VgaColour, VgaColour)
                0x00000000c0008ad8                VgaText::VgaText(char const*)
                0x00000000c0008ad8                VgaText::VgaText(char const*)
                0x00000000c0008c28                VgaText::receiveKey(unsigned char)
                0x00000000c0008d90                VgaText::doUpdate()
                0x00000000c0008d91                newTerminal(char*)
 *fill*         0x00000000c0008db6        0x2 
 .text          0x00000000c0008db8      0x1a1 core/tss.32
                0x00000000c0008db8                TSS::TSS()
                0x00000000c0008db8                TSS::TSS()
                0x00000000c0008dc8                TSS::setESP(unsigned long)
                0x00000000c0008ddc                TSS::flush()
                0x00000000c0008dfc                TSS::setup(unsigned long, unsigned long)
 *fill*         0x00000000c0008f59        0x1 
 .text          0x00000000c0008f5a      0x4c2 core/unixfile.32
                0x00000000c0008f5a                ReservedFilename::read(unsigned long long, void*, int*)
                0x00000000c0008fb0                ReservedFilename::isAtty()
                0x00000000c0008fcc                ReservedFilename::write(unsigned long long, void*, int*)
                0x00000000c000902a                UnixFile::getFileDescriptor()
                0x00000000c0009032                UnixFile::UnixFile(int)
                0x00000000c0009032                UnixFile::UnixFile(int)
                0x00000000c00091e2                ReservedFilename::ReservedFilename(int)
                0x00000000c00091e2                ReservedFilename::ReservedFilename(int)
                0x00000000c0009214                UnixFile::~UnixFile()
                0x00000000c0009214                UnixFile::~UnixFile()
                0x00000000c00092ac                UnixFile::~UnixFile()
                0x00000000c00092d4                ReservedFilename::~ReservedFilename()
                0x00000000c00092d4                ReservedFilename::~ReservedFilename()
                0x00000000c00092f8                ReservedFilename::~ReservedFilename()
                0x00000000c000931f                getFromFileDescriptor(int)
 .text          0x00000000c000941c     0x11d0 core/virtmgr.32
                0x00000000c000941c                Virt::setPageState(unsigned long, Virt::VirtPageState)
                0x00000000c0009451                Virt::getPageState(unsigned long)
                0x00000000c0009475                Virt::allocateKernelVirtualPages(int)
                0x00000000c0009586                Virt::freeSwapfilePage(unsigned long)
                0x00000000c00095a4                Virt::swapIDToSector(unsigned long)
                0x00000000c00095b6                Virt::allocateSwapfilePage()
                0x00000000c0009634                Virt::virtualMemorySetup()
                0x00000000c000967f                Virt::setupPageSwapping(int)
                0x00000000c00096f0                VAS::VAS(VAS*)
                0x00000000c00096f0                VAS::VAS(VAS*)
                0x00000000c000971e                VAS::getForeignPageTableEntry(bool, unsigned long)
                0x00000000c000974a                VAS::getPageTableEntry(unsigned long)
                0x00000000c0009769                Virt::freeKernelVirtualPages(unsigned long)
                0x00000000c000988e                VAS::freeAllocatedPages(unsigned long)
                0x00000000c00098b2                VAS::virtualToPhysical(unsigned long)
                0x00000000c00098cc                VAS::reflagRange(unsigned long, int, int, int)
                0x00000000c000990c                VAS::VAS()
                0x00000000c000990c                VAS::VAS()
                0x00000000c0009976                VAS::setToWriteCombining(unsigned long, int)
                0x00000000c00099aa                VAS::mapOtherVASIn(bool, VAS*)
                0x00000000c00099d4                VAS::~VAS()
                0x00000000c00099d4                VAS::~VAS()
                0x00000000c0009b38                VAS::mapPage(unsigned long, unsigned long, int)
                0x00000000c0009c3c                VAS::allocatePages(int, int)
                0x00000000c0009e14                VAS::setCPUSpecific(unsigned long)
                0x00000000c0009e32                VAS::mapRange(unsigned long, unsigned long, int, int)
                0x00000000c0009ef8                VAS::mapForeignPage(bool, VAS*, unsigned long, unsigned long, int)
                0x00000000c0009fe6                VAS::VAS(bool)
                0x00000000c0009fe6                VAS::VAS(bool)
                0x00000000c000a266                VAS::evict(unsigned long)
                0x00000000c000a328                VAS::tryLoadBackOffDisk(unsigned long)
                0x00000000c000a416                VAS::scanForEviction()
                0x00000000c000a4f6                mapVASFirstTime
 .text          0x00000000c000a5ec       0x5f coreobjs/c++.32
                0x00000000c000a5ec                __cxa_atexit
                0x00000000c000a5ef                __cxa_finalize
                0x00000000c000a5f0                __stack_chk_fail
                0x00000000c000a626                __cxa_pure_virtual
                0x00000000c000a637                operator new[](unsigned long)
                0x00000000c000a63c                operator delete(void*, unsigned long)
                0x00000000c000a641                operator delete[](void*)
                0x00000000c000a646                operator delete[](void*, unsigned long)
 .text          0x00000000c000a64b      0x21c dbg/kconsole.32
                0x00000000c000a64b                Dbg::stringifyxWithBase(unsigned int, char*, int)
                0x00000000c000a6b6                Dbg::logc(char)
                0x00000000c000a6d6                Dbg::logs(char*)
                0x00000000c000a6f3                Dbg::logWriteInt(unsigned int)
                0x00000000c000a711                Dbg::logWriteIntBase(unsigned int, int)
                0x00000000c000a732                Dbg::kprintf(char const*, ...)
 *fill*         0x00000000c000a867        0x1 
 .text          0x00000000c000a868      0xc5c fs/vfs.32
                0x00000000c000a868                File::read(unsigned long long, void*, int*)
                0x00000000c000a8c0                File::write(unsigned long long, void*, int*)
                0x00000000c000a918                Directory::read(unsigned long long, void*, int*)
                0x00000000c000a970                Directory::write(unsigned long long, void*, int*)
                0x00000000c000a99e                File::isAtty()
                0x00000000c000a9a2                Directory::isAtty()
                0x00000000c000a9a6                Filesystem::getlabel(LogicalDisk*, int, char*, unsigned int*)
                0x00000000c000a9ac                Filesystem::setlabel(LogicalDisk*, int, char*)
                0x00000000c000a9b2                Filesystem::allocateSwapfile(char const*, int)
                0x00000000c000a9b8                File::~File()
                0x00000000c000a9b8                File::~File()
                0x00000000c000a9dc                File::~File()
                0x00000000c000aa06                Directory::~Directory()
                0x00000000c000aa06                Directory::~Directory()
                0x00000000c000aa2a                Directory::~Directory()
                0x00000000c000aa54                Filesystem::Filesystem()
                0x00000000c000aa54                Filesystem::Filesystem()
                0x00000000c000aa78                Filesystem::~Filesystem()
                0x00000000c000aa78                Filesystem::~Filesystem()
                0x00000000c000aa86                Filesystem::~Filesystem()
                0x00000000c000aaaa                Fs::getcwd(Process*, char*, int)
                0x00000000c000aad4                Fs::initVFS()
                0x00000000c000aafe                Fs::standardiseFiles(char*, char const*, char const*)
                0x00000000c000aca8                File::File(char const*, Process*)
                0x00000000c000aca8                File::File(char const*, Process*)
                0x00000000c000ad68                File::open(FileOpenMode)
                0x00000000c000adc6                File::close()
                0x00000000c000ae26                File::seek(unsigned long long)
                0x00000000c000ae7c                File::tell(unsigned long long*)
                0x00000000c000aecc                File::rewind()
                0x00000000c000aee0                File::unlink()
                0x00000000c000af2c                File::rename(char const*)
                0x00000000c000af7a                File::chfatattr(unsigned char, unsigned char)
                0x00000000c000afd6                File::exists()
                0x00000000c000b014                File::stat(unsigned long long*, bool*)
                0x00000000c000b075                Fs::setcwd(Process*, char*)
                0x00000000c000b1d2                Directory::Directory(char const*, Process*)
                0x00000000c000b1d2                Directory::Directory(char const*, Process*)
                0x00000000c000b292                Directory::open()
                0x00000000c000b2ee                Directory::close()
                0x00000000c000b34e                Directory::unlink()
                0x00000000c000b39a                Directory::rename(char const*)
                0x00000000c000b3e8                Directory::exists()
                0x00000000c000b426                Directory::read(dirent*)
                0x00000000c000b472                Directory::create()
                0x00000000c000b4be                Filesystem::chfatattr(char const*, unsigned char, unsigned char)
 .text          0x00000000c000b4c4       0x86 hal/bus.32
                0x00000000c000b4c4                Bus::Bus(char const*)
                0x00000000c000b4c4                Bus::Bus(char const*)
                0x00000000c000b4fc                Bus::~Bus()
                0x00000000c000b4fc                Bus::~Bus()
                0x00000000c000b520                Bus::~Bus()
 .text          0x00000000c000b54a       0x96 hal/buzzer.32
                0x00000000c000b54a                beepThread(void*)
                0x00000000c000b587                Krnl::beep(int, int, bool)
 .text          0x00000000c000b5e0      0x46d hal/clock.32
                0x00000000c000b5e0                User::loadClockSettings(int)
                0x00000000c000b632                Clock::Clock(char const*)
                0x00000000c000b632                Clock::Clock(char const*)
                0x00000000c000b668                Clock::~Clock()
                0x00000000c000b668                Clock::~Clock()
                0x00000000c000b68c                Clock::~Clock()
                0x00000000c000b6b6                Clock::timeInSecondsLocal()
                0x00000000c000b6fe                Clock::setTimeInSecondsLocal(unsigned long long)
                0x00000000c000b757                datetimeToSeconds(datetime_t)
                0x00000000c000b884                Clock::setTimeInDatetimeLocal(datetime_t)
                0x00000000c000b8e4                secondsToDatetime(unsigned long long)
                0x00000000c000ba28                Clock::timeInDatetimeLocal()
 *fill*         0x00000000c000ba4d        0x1 
 .text          0x00000000c000ba4e      0x464 hal/device.32
                0x00000000c000ba4e                Device::hibernate()
                0x00000000c000ba50                Device::wake()
                0x00000000c000ba52                Device::detect()
                0x00000000c000ba54                Device::disableLegacy()
                0x00000000c000ba56                Device::powerSaving(PowerSavingLevel)
                0x00000000c000ba58                DriverlessDevice::close(int, int, void*)
                0x00000000c000ba5c                DriverlessDevice::detect()
                0x00000000c000ba5e                DriverlessDevice::open(int, int, void*)
                0x00000000c000ba72                Device::~Device()
                0x00000000c000ba72                Device::~Device()
                0x00000000c000ba80                Device::~Device()
                0x00000000c000baa8                Device::findAndLoadDriver()
                0x00000000c000bab6                Device::preOpenPCI(PCIDeviceInfo)
                0x00000000c000badc                Device::preOpenACPI(void*, char*, char*)
                0x00000000c000bb1c                Device::addIRQHandler(int, void (*)(regs*, void*), bool, void*)
                0x00000000c000bb46                Device::getParent()
                0x00000000c000bb52                Device::removeIRQHandler(int, void (*)(regs*, void*), bool)
                0x00000000c000bb70                Device::addChild(Device*)
                0x00000000c000bbb4                Device::removeAllChildren()
                0x00000000c000bbfa                Device::hibernateAll()
                0x00000000c000bc2a                Device::wakeAll()
                0x00000000c000bc5a                Device::detectAll()
                0x00000000c000bc8a                Device::disableLegacyAll()
                0x00000000c000bc8c                Device::loadDriversForAll()
                0x00000000c000bc8e                Device::closeAll()
                0x00000000c000bcc4                Device::powerSavingAll(PowerSavingLevel)
                0x00000000c000bcfa                Device::setName(char const*)
                0x00000000c000bd08                Device::Device(char const*)
                0x00000000c000bd08                Device::Device(char const*)
                0x00000000c000be04                Device::getName()
                0x00000000c000be0e                DriverlessDevice::DriverlessDevice(char const*)
                0x00000000c000be0e                DriverlessDevice::DriverlessDevice(char const*)
                0x00000000c000be44                Device::addToLinkedList(LinkedList<Device>&, DeviceType)
                0x00000000c000be88                getDevicesOfType(DeviceType)
 *fill*         0x00000000c000beb2        0x2 
 .text          0x00000000c000beb4       0x86 hal/diskctrl.32
                0x00000000c000beb4                HardDiskController::HardDiskController(char const*)
                0x00000000c000beb4                HardDiskController::HardDiskController(char const*)
                0x00000000c000beec                HardDiskController::~HardDiskController()
                0x00000000c000beec                HardDiskController::~HardDiskController()
                0x00000000c000bf10                HardDiskController::~HardDiskController()
 .text          0x00000000c000bf3a       0xe2 hal/diskphys.32
                0x00000000c000bf3a                PhysicalDisk::eject()
                0x00000000c000bf3e                PhysicalDisk::PhysicalDisk(char const*, int)
                0x00000000c000bf3e                PhysicalDisk::PhysicalDisk(char const*, int)
                0x00000000c000bfa6                PhysicalDisk::startCache()
                0x00000000c000bfce                PhysicalDisk::~PhysicalDisk()
                0x00000000c000bfce                PhysicalDisk::~PhysicalDisk()
                0x00000000c000bff2                PhysicalDisk::~PhysicalDisk()
 .text          0x00000000c000c01c        0x0 hal/fpu.32
 .text          0x00000000c000c01c      0x35d hal/intctrl.32
                0x00000000c000c01c                int_handler
                0x00000000c000c0a4                installISRHandler(int, void (*)(regs*, void*), void*)
                0x00000000c000c0ec                installIRQHandler(int, void (*)(regs*, void*), bool, void*)
                0x00000000c000c224                uninstallISRHandler(int, void (*)(regs*, void*))
                0x00000000c000c258                uninstallIRQHandler(int, void (*)(regs*, void*), bool)
                0x00000000c000c2d7                setupINTS()
                0x00000000c000c334                convertLegacyIRQNumber(int)
 *fill*         0x00000000c000c379        0x1 
 .text          0x00000000c000c37a      0x7bc hal/keybrd.32
                0x00000000c000c37a                startGUI(void*)
                0x00000000c000c3e6                startGUIVESA(void*)
                0x00000000c000c452                sendKeyToTerminal(unsigned char)
                0x00000000c000c51b                sendKeyboardToken(KeyboardToken)
                0x00000000c000c95b                clearInternalKeybuffer(VgaText*)
                0x00000000c000c990                readKeyboard(VgaText*, char*, unsigned long)
                0x00000000c000caac                Keyboard::Keyboard(char const*)
                0x00000000c000caac                Keyboard::Keyboard(char const*)
                0x00000000c000cae8                Keyboard::~Keyboard()
                0x00000000c000cae8                Keyboard::~Keyboard()
                0x00000000c000cb0c                Keyboard::~Keyboard()
 .text          0x00000000c000cb36      0x3f4 hal/logidisk.32
                0x00000000c000cb36                LogicalDisk::close(int, int, void*)
                0x00000000c000cb3a                LogicalDisk::~LogicalDisk()
                0x00000000c000cb3a                LogicalDisk::~LogicalDisk()
                0x00000000c000cb5e                LogicalDisk::~LogicalDisk()
                0x00000000c000cb88                LogicalDisk::open(int, int, void*)
                0x00000000c000cb9c                LogicalDisk::absoluteToRelative(unsigned long long)
                0x00000000c000cbd4                LogicalDisk::relativeToAbsolute(unsigned long long)
                0x00000000c000cc1a                LogicalDisk::LogicalDisk(char const*, PhysicalDisk*, unsigned long long, unsigned long long)
                0x00000000c000cc1a                LogicalDisk::LogicalDisk(char const*, PhysicalDisk*, unsigned long long, unsigned long long)
                0x00000000c000ccda                LogicalDisk::assignDriveLetter()
                0x00000000c000cd90                LogicalDisk::mount()
                0x00000000c000cdd8                LogicalDisk::unmount()
                0x00000000c000cde8                LogicalDisk::eject()
                0x00000000c000cdfc                LogicalDisk::unassignDriveLetter()
                0x00000000c000ce52                LogicalDisk::read(unsigned long long, int, void*)
                0x00000000c000cebe                LogicalDisk::write(unsigned long long, int, void*)
 *fill*         0x00000000c000cf2a        0x2 
 .text          0x00000000c000cf2c       0x86 hal/mouse.32
                0x00000000c000cf2c                Mouse::Mouse(char const*)
                0x00000000c000cf2c                Mouse::Mouse(char const*)
                0x00000000c000cf64                Mouse::~Mouse()
                0x00000000c000cf64                Mouse::~Mouse()
                0x00000000c000cf88                Mouse::~Mouse()
 .text          0x00000000c000cfb2      0x339 hal/partition.32
                0x00000000c000cfb2                makePartition(PhysicalDisk*, unsigned long long, unsigned long long)
                0x00000000c000d05a                createPartitionsForDisk(PhysicalDisk*)
 *fill*         0x00000000c000d2eb        0x1 
 .text          0x00000000c000d2ec       0x86 hal/serial.32
                0x00000000c000d2ec                Serial::Serial(char const*)
                0x00000000c000d2ec                Serial::Serial(char const*)
                0x00000000c000d324                Serial::~Serial()
                0x00000000c000d324                Serial::~Serial()
                0x00000000c000d348                Serial::~Serial()
 *fill*         0x00000000c000d372        0x2 
 .text          0x00000000c000d374      0x234 hal/timer.32
                0x00000000c000d374                Timer::Timer(char const*)
                0x00000000c000d374                Timer::Timer(char const*)
                0x00000000c000d3ac                Timer::~Timer()
                0x00000000c000d3ac                Timer::~Timer()
                0x00000000c000d3d0                Timer::~Timer()
                0x00000000c000d3fa                Timer::read()
                0x00000000c000d405                setupTimer(int)
                0x00000000c000d440                timerHandler(unsigned int)
 .text          0x00000000c000d5a8      0x440 hal/vcache.32
                0x00000000c000d5a8                VCache::VCache(PhysicalDisk*)
                0x00000000c000d5a8                VCache::VCache(PhysicalDisk*)
                0x00000000c000d718                VCache::invalidateReadBuffer()
                0x00000000c000d728                VCache::writeWriteBuffer()
                0x00000000c000d774                VCache::~VCache()
                0x00000000c000d774                VCache::~VCache()
                0x00000000c000d7c8                VCache::~VCache()
                0x00000000c000d7f0                VCache::write(unsigned long long, int, void*)
                0x00000000c000d8de                VCache::read(unsigned long long, int, void*)
 .text          0x00000000c000d9e8      0x4c7 hal/video.32
                0x00000000c000d9e8                Video::putrect(int, int, int, int, unsigned int)
                0x00000000c000da34                Video::bitblit(int, int, int, int, int, int, int, unsigned int*)
                0x00000000c000daa4                Video::blit(unsigned int*, int, int, int, int)
                0x00000000c000db22                Video::clearScreen(unsigned int)
                0x00000000c000db56                Video::putpixel(int, int, unsigned int)
                0x00000000c000db64                Video::readPixelApprox(int, int)
                0x00000000c000db78                Video::Video(char const*)
                0x00000000c000db78                Video::Video(char const*)
                0x00000000c000dbae                Video::~Video()
                0x00000000c000dbae                Video::~Video()
                0x00000000c000dbd2                Video::~Video()
                0x00000000c000dbfc                Video::isMonochrome()
                0x00000000c000dc08                Video::getWidth()
                0x00000000c000dc14                Video::getHeight()
                0x00000000c000dc20                Video::drawCursor(int, int, unsigned int*, int)
                0x00000000c000dcdc                Video::tgaParse(unsigned char*, int, int*, int*)
                0x00000000c000de44                Video::putTGA(int, int, unsigned char*, int)
 *fill*         0x00000000c000deaf        0x1 
 .text          0x00000000c000deb0     0x1307 hw/acpi.32
                0x00000000c000deb0                ACPI::close(int, int, void*)
                0x00000000c000df68                findRSDP()
                0x00000000c000dff8                loadACPITables(unsigned char*)
                0x00000000c000e25c                findRSDT(unsigned char*)
                0x00000000c000e3ac                findDataTable(unsigned char*, char*)
                0x00000000c000e424                scanMADT()
                0x00000000c000e8f8                ACPI::ACPI()
                0x00000000c000e8f8                ACPI::ACPI()
                0x00000000c000e94c                ACPI::getPCIIRQAssignment(unsigned char, unsigned short, unsigned char)
                0x00000000c000ea34                ACPI::registerPCIIRQAssignment(void*, unsigned short, unsigned char, unsigned char)
                0x00000000c000eafc                ACPI::setScreenBrightnessLevel(void*, int)
                0x00000000c000eb04                ACPI::detectPCI()
                0x00000000c000ed0c                ACPI::writeSimpleBootFlag(SimpleBootFlagTable*)
                0x00000000c000ed60                ACPI::sleep()
                0x00000000c000ed7c                ACPI::open(int, int, void*)
 *fill*         0x00000000c000f1b7        0x1 
 .text          0x00000000c000f1b8      0xb95 hw/cpu.32
                0x00000000c000f1b8                CPU::close(int, int, void*)
                0x00000000c000f1bc                CPU::AMD_K6_write_msr(unsigned int, unsigned int, unsigned int, CPU::REGS*)
                0x00000000c000f1d8                CPU::AMD_K6_read_msr(unsigned int, CPU::REGS*)
                0x00000000c000f1f0                CPU::AMD_K6_writeback(int, int, int)
                0x00000000c000f264                CPU::cpuid(int, unsigned long*, unsigned long*, unsigned long*, unsigned long*)
                0x00000000c000f2e8                CPU::cpuidCheckEDX(unsigned int)
                0x00000000c000f316                CPU::cpuidCheckECX(unsigned int)
                0x00000000c000f344                CPU::cpuidCheckExtendedEBX(unsigned int)
                0x00000000c000f372                CPU::cpuidCheckExtendedECX(unsigned int)
                0x00000000c000f3a0                CPU::CPU()
                0x00000000c000f3a0                CPU::CPU()
                0x00000000c000f42e                CPU::displayFeatures()
                0x00000000c000f430                CPU::detectFeatures()
                0x00000000c000faf4                CPU::setupSMEP()
                0x00000000c000fb00                CPU::setupUMIP()
                0x00000000c000fb0a                CPU::setupTSC()
                0x00000000c000fb14                CPU::setupLargePages()
                0x00000000c000fb1e                CPU::setupPAT()
                0x00000000c000fb5a                CPU::setupMTRR()
                0x00000000c000fb5c                CPU::setupGlobalPages()
                0x00000000c000fb66                CPU::allowUsermodeDataAccess()
                0x00000000c000fb78                CPU::prohibitUsermodeDataAccess()
                0x00000000c000fb8a                CPU::setupSMAP()
                0x00000000c000fb98                CPU::setupFeatures()
                0x00000000c000fc64                CPU::open(int, int, void*)
 .text          0x00000000c000fd4d       0xd1 krnl/bootmsg.32
                0x00000000c000fd4d                KeDisplaySplashScreen()
                0x00000000c000fdbb                KeSetBootMessage(char const*)
 .text          0x00000000c000fe1e      0x581 krnl/env.32
                0x00000000c000fe1e                EnvVarContainer::getEnv(char const*)
                0x00000000c000fe5c                EnvVarContainer::setEnv(char const*, char const*)
                0x00000000c000ff1e                EnvVarContainer::deleteEnv(char const*)
                0x00000000c000ff20                EnvVarContainer::loadFrom(char const*, char const*)
                0x00000000c0010106                EnvVarContainer::__loadSystem()
                0x00000000c0010120                EnvVarContainer::__loadUser()
                0x00000000c0010122                EnvVarContainer::EnvVarContainer(Process*)
                0x00000000c0010122                EnvVarContainer::EnvVarContainer(Process*)
                0x00000000c0010144                EnvVarContainer::~EnvVarContainer()
                0x00000000c0010144                EnvVarContainer::~EnvVarContainer()
                0x00000000c0010174                Krnl::getEnv(Process*, char const*)
                0x00000000c00101d9                Krnl::setEnvSystem(char const*, char const*)
                0x00000000c00101f3                Krnl::setEnvUser(char const*, char const*)
                0x00000000c0010212                Krnl::setEnvProcess(Process*, char const*, char const*)
                0x00000000c0010225                Krnl::deleteEnvSystem(char const*)
                0x00000000c0010226                Krnl::deleteEnvUser(char const*)
                0x00000000c0010227                Krnl::deleteEnvProcess(Process*, char const*)
                0x00000000c0010228                Krnl::newProcessEnv(Process*)
                0x00000000c001024a                Krnl::copyProcessEnv(Process*, Process*)
                0x00000000c0010296                Krnl::loadSystemEnv()
                0x00000000c00102c4                Krnl::loadUserEnv()
                0x00000000c00102ea                Krnl::flushEnv()
                0x00000000c00102eb                Krnl::getProcessTotalEnvCount(Process*)
                0x00000000c001030b                Krnl::getProcessEnvPair(Process*, int)
 .text          0x00000000c001039f       0x94 krnl/inlines.32
                0x00000000c001039f                CPU::current()
                0x00000000c00103ab                operator new(unsigned long)
                0x00000000c00103b0                operator delete(void*)
                0x00000000c00103b5                disableIRQs()
                0x00000000c00103b7                enableIRQs()
                0x00000000c00103b9                lockScheduler()
                0x00000000c00103c1                unlockScheduler()
                0x00000000c00103d0                lockStuff()
                0x00000000c00103de                unlockStuff()
                0x00000000c0010418                Virt::getAKernelVAS()
                0x00000000c001041e                __not_memcpy
 .text          0x00000000c0010433        0xc krnl/panic.32
                0x00000000c0010433                KePanic(char const*)
 .text          0x00000000c001043f      0x142 krnl/powctrl.32
                0x00000000c001043f                Krnl::powerThread(void*)
                0x00000000c001046d                Krnl::changePowerSettings(Krnl::PowerSettings)
                0x00000000c0010483                Krnl::userIOReceived()
                0x00000000c001048e                Krnl::handlePowerButton()
                0x00000000c00104c3                Krnl::handleSleepButton()
                0x00000000c00104f8                Krnl::setupPowerManager()
 *fill*         0x00000000c0010581        0x3 
 .text          0x00000000c0010584      0x190 krnl/resolve.32
                0x00000000c0010584                KeResolveCompatibilitySymbol(char*)
 .text          0x00000000c0010714      0x2c3 krnl/signal.32
                0x00000000c0010714                KiSigKill(int)
                0x00000000c0010740                KiDefaultSignalHandlerIgnore(int)
                0x00000000c0010741                KiDefaultSignalHandlerPause(int)
                0x00000000c001076d                KiDefaultSignalHandlerResume(int)
                0x00000000c0010799                KeDeinitSignals(SigHandlerBlock*)
                0x00000000c001079e                KeInitSignals()
                0x00000000c00107e9                KeRegisterSignalHandler(SigHandlerBlock*, int, void (*)(int), unsigned int, int)
                0x00000000c001081f                KeRaiseSignal(SigHandlerBlock*, int)
                0x00000000c001089c                KeCheckSignal(SigHandlerBlock*)
                0x00000000c0010987                KiCheckSignalZ
                0x00000000c001099c                KeCompleteSignal(SigHandlerBlock*, int)
 .text          0x00000000c00109d7      0xc39 krnl/syscalls.32
                0x00000000c00109d7                SysSeekDir(regs*)
                0x00000000c00109dc                SysTellDir(regs*)
                0x00000000c00109e1                SysVerify(regs*)
                0x00000000c00109eb                SysGetArgc(regs*)
                0x00000000c00109fb                SysTTYName(regs*)
                0x00000000c0010a03                SysFormatDisk(regs*)
                0x00000000c0010a70                SysSetDiskVolumeLabel(regs*)
                0x00000000c0010aba                SysGetDiskVolumeLabel(regs*)
                0x00000000c0010b0f                SysShutdown(regs*)
                0x00000000c0010b6d                SysRealpath(regs*)
                0x00000000c0010bb0                SysReadDir(regs*)
                0x00000000c0010c30                SysIsATTY(regs*)
                0x00000000c0010c8c                SysSeek(regs*)
                0x00000000c0010ce5                SysTell(regs*)
                0x00000000c0010d54                SysSize(regs*)
                0x00000000c0010dc9                SysSizeFromFilename(regs*)
                0x00000000c0010e7c                SysClose(regs*)
                0x00000000c0010edc                SysOpenDir(regs*)
                0x00000000c0010f53                SysMakeDir(regs*)
                0x00000000c0010fbd                SysCloseDir(regs*)
                0x00000000c0011011                SysWait(regs*)
                0x00000000c001102e                SysNotImpl(regs*)
                0x00000000c0011049                SysPanic(regs*)
                0x00000000c0011064                SysRmdir(regs*)
                0x00000000c00110cb                SysUnlink(regs*)
                0x00000000c0011132                SysGetArgv(regs*)
                0x00000000c001117f                SysUSleep(regs*)
                0x00000000c00111a8                SysSpawn(regs*)
                0x00000000c0011211                SysGetEnv(regs*)
                0x00000000c00112c0                SysSetFatAttrib(regs*)
                0x00000000c0011337                SysPipe(regs*)
                0x00000000c001137c                SysGetUnixTime(regs*)
                0x00000000c0011390                string_ends_with(char const*, char const*)
                0x00000000c00113da                SysOpen(regs*)
                0x00000000c00115ce                KeSystemCall(regs*, void*)
 .text          0x00000000c0011610      0xd36 reg/cm.32
                0x00000000c0011610                CmOpen(char const*)
                0x00000000c001172e                CmClose(Reghive_Tag*)
                0x00000000c0011744                CmReadExtent(Reghive_Tag*, int, unsigned char*)
                0x00000000c00117b2                CmGetString(Reghive_Tag*, int, char*)
                0x00000000c0011829                CmEnterDirectory(Reghive_Tag*, int)
                0x00000000c0011868                CmGetNext(Reghive_Tag*, int)
                0x00000000c001189a                CmWriteExtent(Reghive_Tag*, int, unsigned char*)
                0x00000000c0011920                CmFreeExtent(Reghive_Tag*, int)
                0x00000000c0011948                CmUpdateHeader(Reghive_Tag*)
                0x00000000c0011969                CmExpand(Reghive_Tag*, int)
                0x00000000c00119e4                CmFindUnusedExtent(Reghive_Tag*)
                0x00000000c0011a6a                CmCreateExtent(Reghive_Tag*, int, int, unsigned char*)
                0x00000000c0011b5e                CmSetString(Reghive_Tag*, int, char const*)
                0x00000000c0011c9a                getMatch(char*, char*, bool, bool*)
                0x00000000c0011cfb                addShiftCm(unsigned int*, int*, unsigned char, int)
                0x00000000c0011d2b                getShiftCm(unsigned int*, int*, int, bool*)
                0x00000000c0011d62                CmGetInteger(Reghive_Tag*, int, unsigned long long*)
                0x00000000c0011d8c                CmSetInteger(Reghive_Tag*, int, unsigned long long)
                0x00000000c0011dcc                CmConvertFromInternalFilename(unsigned char const*, char*)
                0x00000000c0011e70                CmGetNameAndTypeFromExtent(Reghive_Tag*, int, char*)
                0x00000000c0011e9e                CmConvertToInternalFilename(char const*, unsigned char*)
                0x00000000c001203c                CmCreateString(Reghive_Tag*, int, char const*)
                0x00000000c0012089                CmFindInDirectory(Reghive_Tag*, int, char const*)
                0x00000000c0012103                CmCreateInteger(Reghive_Tag*, int, char const*, unsigned long long, int)
                0x00000000c0012156                CmCreateDirectory(Reghive_Tag*, int, char const*)
                0x00000000c00121fa                CmFindObjectFromPath(Reghive_Tag*, char const*)
                0x00000000c0012271                tree(Reghive_Tag*, int, int)
                0x00000000c0012314                CmSplitFinalSlashInPlace(char*)
 .text          0x00000000c0012346      0x50e reg/registry.32
                0x00000000c0012346                Reg::findLineFromLoadedData(char*, char*, char*)
                0x00000000c001249e                Reg::getLineFromRegistry(char*, char*, char*, char*)
                0x00000000c00125f3                Reg::getLine(char*, char*, char*)
                0x00000000c001262a                Reg::readInt(char*, char*, int*)
                0x00000000c0012715                Reg::readString(char*, char*, char*, int)
                0x00000000c0012796                Reg::readBool(char*, char*, bool*)
                0x00000000c00127bb                Reg::readBoolWithDefault(char*, char*, bool)
                0x00000000c00127e7                Reg::readIntWithDefault(char*, char*, int)
                0x00000000c0012813                Reg::readStringWithDefault(char*, char*, char*, int, char*)
 .text          0x00000000c0012854       0x36 sys/eject.32
                0x00000000c0012854                SysEject(regs*)
 .text          0x00000000c001288a       0x18 sys/exit.32
                0x00000000c001288a                SysExit(regs*)
 .text          0x00000000c00128a2       0x1f sys/getcwd.32
                0x00000000c00128a2                SysGetCwd(regs*)
 .text          0x00000000c00128c1        0xc sys/getpid.32
                0x00000000c00128c1                SysGetPID(regs*)
 .text          0x00000000c00128cd       0x1a sys/getramdata.32
                0x00000000c00128cd                SysGetRAMData(regs*)
 .text          0x00000000c00128e7       0x82 sys/getvgaptr.32
                0x00000000c00128e7                SysGetVGAPtr(regs*)
 .text          0x00000000c0012969       0xa8 sys/loaddll.32
                0x00000000c0012969                SysLoadDLL(regs*)
 .text          0x00000000c0012a11       0x68 sys/read.32
                0x00000000c0012a11                SysRead(regs*)
 .text          0x00000000c0012a79       0x29 sys/registersignal.32
                0x00000000c0012a79                SysRegisterSignal(regs*)
 .text          0x00000000c0012aa2       0x55 sys/sbrk.32
                0x00000000c0012aa2                SysSbrk(regs*)
 .text          0x00000000c0012af7       0x1c sys/setcwd.32
                0x00000000c0012af7                SysSetCwd(regs*)
 .text          0x00000000c0012b13       0x95 sys/settime.32
                0x00000000c0012b13                SysSetTime(regs*)
 .text          0x00000000c0012ba8       0x4a sys/timezone.32
                0x00000000c0012ba8                SysTimezone(regs*)
 .text          0x00000000c0012bf2       0x68 sys/write.32
                0x00000000c0012bf2                SysWrite(regs*)
 .text          0x00000000c0012c5a       0x62 sys/wsbe.32
                0x00000000c0012c5a                SysWsbe(regs*)
 .text          0x00000000c0012cbc       0x25 sys/yield.32
                0x00000000c0012cbc                SysYield(regs*)
 .text          0x00000000c0012ce1     0x11e5 thr/elf.32
                0x00000000c0012ce1                Thr::allocateMemoryForTask(Process*, File*, unsigned long, unsigned long, unsigned long)
                0x00000000c0012f6d                Thr::loadProgramIntoMemory(Process*, char const*)
                0x00000000c0013183                Thr::runtimeReferenceHelper()
                0x00000000c0013196                Thr::getAddressOfKernelSymbol(char const*)
                0x00000000c00131e5                Thr::loadKernelSymbolTable(char const*)
                0x00000000c00134a3                Thr::loadDriverIntoMemory(char const*, unsigned long, bool)
                0x00000000c0013bd9                Thr::getDriverBaseFromAddress(unsigned long)
                0x00000000c0013c0b                Thr::getDriverNameFromAddress(unsigned long)
                0x00000000c0013c42                Thr::getDriverOffsetFromAddress(unsigned long)
                0x00000000c0013c5c                Thr::loadDLL(char const*, bool)
                0x00000000c0013e8d                Thr::executeDLL(unsigned long, void*)
 *fill*         0x00000000c0013ec6        0x2 
 .text          0x00000000c0013ec8     0x12fd thr/prcssthr.32
                0x00000000c0013ec8                userModeEntryPoint(void*)
                0x00000000c0013ef0                changeTSS
                0x00000000c0013f20                switchToThread(ThreadControlBlock*)
                0x00000000c0013fd4                Process::addArgs(char**)
                0x00000000c0014034                Process::Process(char const*, Process*, char**)
                0x00000000c0014034                Process::Process(char const*, Process*, char**)
                0x00000000c0014240                Process::Process(bool, char const*, Process*, char**)
                0x00000000c0014240                Process::Process(bool, char const*, Process*, char**)
                0x00000000c0014418                taskStartupFunction
                0x00000000c0014424                Semaphore::Semaphore(int)
                0x00000000c0014424                Semaphore::Semaphore(int)
                0x00000000c0014454                Mutex::Mutex()
                0x00000000c0014454                Mutex::Mutex()
                0x00000000c0014468                Process::createThread(void (*)(void*), void*, int)
                0x00000000c0014560                Process::createUserThread()
                0x00000000c0014580                setupMultitasking(void (*)())
                0x00000000c0014688                schedule()
                0x00000000c0014718                Semaphore::tryAcquire()
                0x00000000c00147e4                Semaphore::assertLocked(char const*)
                0x00000000c001485c                blockTaskWithSchedulerLockAlreadyHeld(TaskState)
                0x00000000c0014884                blockTask(TaskState)
                0x00000000c00148b4                waitTask(int, int*, int)
                0x00000000c00148f8                milliTenthSleepUntil(unsigned int)
                0x00000000c0014988                milliTenthSleep(unsigned int)
                0x00000000c0014998                sleep(unsigned int)
                0x00000000c00149b4                Semaphore::acquire()
                0x00000000c0014a70                taskReturned
                0x00000000c0014aac                Thr::processFromPID(int)
                0x00000000c0014b4c                unblockTask(ThreadControlBlock*)
                0x00000000c0014bf0                cleanupTerminatedTask(ThreadControlBlock*)
                0x00000000c0014ebc                cleanerTaskFunction(void*)
                0x00000000c0014fac                terminateTask(int)
                0x00000000c0015078                Thr::terminateFromIRQ(int)
                0x00000000c0015088                Semaphore::release()
 .text          0x00000000c00151c5      0xb93 vm86/vm8086.32
                0x00000000c00151c5                Vm::inbv(unsigned short)
                0x00000000c00151d8                Vm::outbv(unsigned short, unsigned char)
                0x00000000c001520e                Vm::realToLinear(unsigned short, unsigned short)
                0x00000000c001521e                Vm::getSegment(unsigned int)
                0x00000000c0015226                Vm::getOffset(unsigned int)
                0x00000000c001522b                Vm::mainloop2()
                0x00000000c0015265                Vm::mainVm8086Loop(void*)
                0x00000000c0015275                Vm::mainloop3(unsigned long)
                0x00000000c001529b                Vm::initialise8086()
                0x00000000c00152de                Vm::finish8086()
                0x00000000c001533f                Vm::getOutput8086(unsigned char*)
                0x00000000c0015364                Vm::start8086FromBuffer(unsigned char*, int, unsigned short, unsigned short, unsigned short, unsigned short)
                0x00000000c001541d                Vm::start8086(char const*, unsigned short, unsigned short, unsigned short, unsigned short)
                0x00000000c0015585                Vm::doISR(regs*, int, unsigned char*, unsigned short, unsigned short)
                0x00000000c001560f                Vm::readByteFromReal(unsigned short, unsigned short)
                0x00000000c0015620                Vm::readWordFromReal(unsigned short, unsigned short)
                0x00000000c0015632                Vm::readDwordFromReal(unsigned short, unsigned short)
                0x00000000c0015643                Vm::writeByteFromReal(unsigned short, unsigned short, unsigned char)
                0x00000000c0015658                Vm::writeWordFromReal(unsigned short, unsigned short, unsigned short)
                0x00000000c001566e                Vm::writeDwordFromReal(unsigned short, unsigned short, unsigned int)
                0x00000000c0015683                Vm::faultHandler(regs*)
 .text          0x00000000c0015d58      0xa8e arch/i386/hal.32
                0x00000000c0015d58                noCopro(unsigned long)
                0x00000000c0015d59                nmiHandler(regs*, void*)
                0x00000000c0015d72                doubleFault(regs*, void*)
                0x00000000c0015d8b                displayDebugInfo(regs*)
                0x00000000c00160e7                HalSystemIdle()
                0x00000000c001615d                displayProgramFault(char const*)
                0x00000000c00161a9                gpFault(regs*, void*)
                0x00000000c001620e                pgFault(regs*, void*)
                0x00000000c0016294                otherISRHandler(regs*, void*)
                0x00000000c00162c8                opcodeFault(regs*, void*)
                0x00000000c0016348                i386SaveCoprocessor(void*)
                0x00000000c001635c                i386LoadCoprocessor(void*)
                0x00000000c0016370                x87EmulHandler(regs*, void*)
                0x00000000c001640d                HalInitialiseCoprocessor()
                0x00000000c00164bb                HalPanic(char const*)
                0x00000000c00165b4                HalQueryPerformanceCounter()
                0x00000000c00165cf                HalInitialise()
                0x00000000c0016775                HalMakeBeep(int)
                0x00000000c00167af                HalGetRand()
                0x00000000c00167b2                HalEndOfInterrupt(int)
                0x00000000c00167e3                HalRestart()
                0x00000000c00167e4                HalShutdown()
                0x00000000c00167e5                HalSleep()
 *fill*         0x00000000c00167e6        0x2 
 .text          0x00000000c00167e8      0x2f4 arch/i386/pic.32
                0x00000000c00167e8                picIoWait()
                0x00000000c00167f0                picDisable()
                0x00000000c0016824                picGetIRQReg(int)
                0x00000000c00168a8                picOpen()
                0x00000000c0016a38                picEOI(int)
 .text          0x00000000c0016adc      0x64d arch/i386/rtc.32
                0x00000000c0016adc                RTC::open(int, int, void*)
                0x00000000c0016ae0                RTC::close(int, int, void*)
                0x00000000c0016ae4                RTC::timeInSecondsUTC()
                0x00000000c0016af6                RTC::timeInDatetimeUTC()
                0x00000000c0016b1c                RTC::setTimeInSecondsUTC(unsigned long long)
                0x00000000c0016b5a                RTC::~RTC()
                0x00000000c0016b5a                RTC::~RTC()
                0x00000000c0016b7e                RTC::~RTC()
                0x00000000c0016ba8                RTC::get_update_in_progress_flag()
                0x00000000c0016bc0                RTC::completeRTCRefresh()
                0x00000000c0016e78                RTC::setTimeInDatetimeUTC(datetime_t)
                0x00000000c001702b                rtcIRQHandler(regs*, void*)
                0x00000000c0017070                RTC::RTC()
                0x00000000c0017070                RTC::RTC()
 *fill*         0x00000000c0017129        0x3 
 .text          0x00000000c001712c      0x203 arch/i386/vga.32
                0x00000000c001712c                HalConsoleScroll(int, int)
                0x00000000c0017234                HalConsoleWriteCharacter(char, int, int, int, int)
                0x00000000c00172a0                HalConsoleCursorUpdate(int, int)
 *fill*         0x00000000c001732f        0x1 
 .text          0x00000000c0017330     0x13e7 fs/fat/vfslink.32
                0x00000000c0017330                FAT::getName()
                0x00000000c0017338                FAT::tell(void*, unsigned long long*)
                0x00000000c0017374                FAT::stat(void*, unsigned long long*)
                0x00000000c00173b0                FAT::~FAT()
                0x00000000c00173b0                FAT::~FAT()
                0x00000000c00173d4                FAT::~FAT()
                0x00000000c00173fc                FAT::getlabel(LogicalDisk*, int, char*, unsigned int*)
                0x00000000c00174a0                FAT::setlabel(LogicalDisk*, int, char*)
                0x00000000c0017564                FAT::format(LogicalDisk*, int, char const*, int)
                0x00000000c0017738                FAT::tryMount(LogicalDisk*, int)
                0x00000000c0017950                FAT::allocateSwapfile(char const*, int)
                0x00000000c0017b10                FAT::readDir(void*, unsigned long, void*, int*)
                0x00000000c0017c7c                FAT::read(void*, unsigned long, void*, int*)
                0x00000000c0017cdc                FAT::write(void*, unsigned long, void*, int*)
                0x00000000c0017d3c                FAT::close(void*)
                0x00000000c0017d90                FAT::closeDir(void*)
                0x00000000c0017de4                FAT::seek(void*, unsigned long long)
                0x00000000c0017e3c                fatWrapperReadDisk
                0x00000000c0017e80                fatWrapperWriteDisk
                0x00000000c0017ec4                fatWrapperIoctl
                0x00000000c0017fe0                FAT::FAT()
                0x00000000c0017fe0                FAT::FAT()
                0x00000000c0018034                FAT::fixFilepath(char*)
                0x00000000c0018070                FAT::open(char const*, void**, FileOpenMode)
                0x00000000c00181a8                FAT::openDir(char const*, void**)
                0x00000000c0018258                FAT::stat(char const*, unsigned long long*, bool*)
                0x00000000c0018350                FAT::unlink(char const*)
                0x00000000c00183d0                FAT::chfatattr(char const*, unsigned char, unsigned char)
                0x00000000c001855c                FAT::rename(char const*, char const*)
                0x00000000c0018628                FAT::mkdir(char const*)
                0x00000000c00186a8                FAT::exists(char const*)
 *fill*         0x00000000c0018717        0x1 
 .text          0x00000000c0018718       0x94 fs/iso9660/helper.32
                0x00000000c0018718                isoReadDiscSectorHelper
                0x00000000c0018774                iso_kprintf
                0x00000000c0018790                iso_kprintfd
 .text          0x00000000c00187ac      0x6f8 fs/iso9660/vfslink.32
                0x00000000c00187ac                ISO9660::format(LogicalDisk*, int, char const*, int)
                0x00000000c00187b2                ISO9660::getName()
                0x00000000c00187b8                ISO9660::closeDir(void*)
                0x00000000c00187c2                ISO9660::chfatattr(char const*, unsigned char, unsigned char)
                0x00000000c00187c8                ISO9660::unlink(char const*)
                0x00000000c00187ce                ISO9660::write(void*, unsigned long, void*, int*)
                0x00000000c00187d4                ISO9660::rename(char const*, char const*)
                0x00000000c00187da                ISO9660::mkdir(char const*)
                0x00000000c00187e0                ISO9660::~ISO9660()
                0x00000000c00187e0                ISO9660::~ISO9660()
                0x00000000c0018804                ISO9660::~ISO9660()
                0x00000000c001882c                ISO9660::exists(char const*)
                0x00000000c0018840                ISO9660::open(char const*, void**, FileOpenMode)
                0x00000000c001891e                ISO9660::read(void*, unsigned long, void*, int*)
                0x00000000c0018966                ISO9660::seek(void*, unsigned long long)
                0x00000000c00189a8                ISO9660::tell(void*, unsigned long long*)
                0x00000000c00189e6                ISO9660::stat(void*, unsigned long long*)
                0x00000000c0018a38                ISO9660::stat(char const*, unsigned long long*, bool*)
                0x00000000c0018b70                ISO9660::close(void*)
                0x00000000c0018ba0                ISO9660::openDir(char const*, void**)
                0x00000000c0018c72                ISO9660::readDir(void*, unsigned long, void*, int*)
                0x00000000c0018d8f                readSectorFromCDROM(unsigned int, unsigned char*, char)
                0x00000000c0018e0a                ISO9660::tryMount(LogicalDisk*, int)
                0x00000000c0018e7c                ISO9660::ISO9660()
                0x00000000c0018e7c                ISO9660::ISO9660()
 .text          0x00000000c0018ea4      0x26c hal/sound/sndcard.32
                0x00000000c0018ea4                SoundCard::beginPlayback()
                0x00000000c0018eb2                SoundCard::stopPlayback()
                0x00000000c0018ec0                SoundCard::SoundCard(char const*)
                0x00000000c0018ec0                SoundCard::SoundCard(char const*)
                0x00000000c0018f5e                SoundCard::~SoundCard()
                0x00000000c0018f5e                SoundCard::~SoundCard()
                0x00000000c0018f82                SoundCard::~SoundCard()
                0x00000000c0018fac                SoundCard::configureRates(int, int, int)
                0x00000000c0018fdc                SoundCard::getSamples16(int, short*)
                0x00000000c0019038                SoundCard::getSamples32(int, int*)
                0x00000000c00190be                SoundCard::addChannel(SoundPort*)
                0x00000000c00190fc                SoundCard::removeChannel(int)
 .text          0x00000000c0019110      0x377 hal/sound/sndport.32
                0x00000000c0019110                SoundPort::SoundPort(int, int, int, int)
                0x00000000c0019110                SoundPort::SoundPort(int, int, int, int)
                0x00000000c001919c                SoundPort::~SoundPort()
                0x00000000c001919c                SoundPort::~SoundPort()
                0x00000000c00191d0                SoundPort::unpause()
                0x00000000c00191dc                SoundPort::pause()
                0x00000000c00191e8                SoundPort::getBufferUsed()
                0x00000000c00191f0                SoundPort::getBufferSize()
                0x00000000c00191f8                SoundPort::buffer16(short*, int)
                0x00000000c0019284                SoundPort::buffer32(int*, int)
                0x00000000c001930c                SoundPort::unbufferAndAdd16(int, short*, SoundCard*)
                0x00000000c00193d0                SoundPort::unbufferAndAdd32(int, int*, SoundCard*)
 .text          0x00000000c0019487        0x0 hw/bus/isa.32
 *fill*         0x00000000c0019487        0x1 
 .text          0x00000000c0019488      0xb49 hw/bus/pci.32
                0x00000000c0019488                PCI::open(int, int, void*)
                0x00000000c00194a6                PCI::close(int, int, void*)
                0x00000000c00194aa                PCI::PCI()
                0x00000000c00194aa                PCI::PCI()
                0x00000000c0019544                PCI::readBAR8(unsigned int, int)
                0x00000000c0019560                PCI::readBAR16(unsigned int, int)
                0x00000000c001957e                PCI::readBAR32(unsigned int, int)
                0x00000000c001959a                PCI::writeBAR8(unsigned int, unsigned char, int)
                0x00000000c00195ba                PCI::writeBAR16(unsigned int, unsigned short, int)
                0x00000000c00195dc                PCI::writeBAR32(unsigned int, unsigned int, int)
                0x00000000c00195fc                PCI::legacyMechanism(unsigned char, unsigned char, unsigned char, unsigned char)
                0x00000000c001966a                PCI::pciReadWord(unsigned char, unsigned char, unsigned char, unsigned char)
                0x00000000c0019712                PCI::getVendorID(unsigned char, unsigned char, unsigned char)
                0x00000000c0019736                PCI::getHeaderType(unsigned char, unsigned char, unsigned char)
                0x00000000c001975e                PCI::getClassCode(unsigned char, unsigned char, unsigned char)
                0x00000000c00197a8                PCI::getProgIF(unsigned char, unsigned char, unsigned char)
                0x00000000c00197d0                PCI::getRevisionID(unsigned char, unsigned char, unsigned char)
                0x00000000c00197f4                PCI::getInterruptNumber(unsigned char, unsigned char, unsigned char)
                0x00000000c0019818                PCI::getSecondaryBus(unsigned char, unsigned char, unsigned char)
                0x00000000c0019840                PCI::getBARAddress(unsigned char, unsigned char, unsigned char, unsigned char)
                0x00000000c00198a4                PCI::pciWriteWord(unsigned char, unsigned char, unsigned char, unsigned char, unsigned short)
                0x00000000c001998c                PCI::pciDetailsToFilepath(PCIDeviceInfo, char*)
                0x00000000c0019c06                PCI::checkBus(unsigned char)
                0x00000000c0019c2c                PCI::foundDevice(PCIDeviceInfo)
                0x00000000c0019d9e                PCI::getDeviceData(unsigned char, unsigned char, unsigned char)
                0x00000000c0019f12                PCI::checkDevice(unsigned char, unsigned char)
                0x00000000c0019f7e                PCI::detect()
 *fill*         0x00000000c0019fd1        0x1 
 .text          0x00000000c0019fd2      0xb5a hw/diskctrl/ide.32
                0x00000000c0019fd2                IDE::close(int, int, void*)
                0x00000000c0019fd6                IDE::IDE()
                0x00000000c0019fd6                IDE::IDE()
                0x00000000c001a00a                IDE::prepareInterrupt(unsigned char)
                0x00000000c001a01c                selectDrive(unsigned char, unsigned char)
                0x00000000c001a01e                IDE::getBase(unsigned char)
                0x00000000c001a030                IDE::write(unsigned char, unsigned char, unsigned char)
                0x00000000c001a0f0                IDE::read(unsigned char, unsigned char)
                0x00000000c001a19e                IDE::waitInterrupt(unsigned char)
                0x00000000c001a206                ideChannel0IRQHandler(regs*, void*)
                0x00000000c001a222                ideChannel1IRQHandler(regs*, void*)
                0x00000000c001a23e                IDE::enableIRQs(unsigned char, bool)
                0x00000000c001a284                IDE::open(int, int, void*)
                0x00000000c001a692                IDE::readBuffer(unsigned char, unsigned char, unsigned int, unsigned int)
                0x00000000c001a75e                IDE::detect()
                0x00000000c001aa1e                IDE::printError(unsigned char, unsigned char, unsigned char)
                0x00000000c001aace                IDE::polling(unsigned char, unsigned int)
 .text          0x00000000c001ab2c      0x32a hw/diskctrl/satabus.32
                0x00000000c001ab2c                SATABus::close(int, int, void*)
                0x00000000c001ab30                SATABus::detect()
                0x00000000c001ab32                SATABus::SATABus()
                0x00000000c001ab32                SATABus::SATABus()
                0x00000000c001abb8                SATABus::findCmdslot(SATABus::tagHBA_PORT volatile*)
                0x00000000c001abea                SATABus::checkType(SATABus::tagHBA_PORT volatile*)
                0x00000000c001ac32                SATABus::startCmd(SATABus::tagHBA_PORT volatile*)
                0x00000000c001ac52                SATABus::stopCmd(SATABus::tagHBA_PORT volatile*)
                0x00000000c001ac7c                SATABus::portRebase(SATABus::tagHBA_PORT volatile*, int)
                0x00000000c001ad8c                SATABus::probePort(SATABus::tagHBA_MEM volatile*)
                0x00000000c001ae36                SATABus::open(int, int, void*)
 .text          0x00000000c001ae56      0x921 hw/diskphys/ata.32
                0x00000000c001ae56                ATA::close(int, int, void*)
                0x00000000c001ae7a                ATA::powerSaving(PowerSavingLevel)
                0x00000000c001ae7c                ATA::ATA()
                0x00000000c001ae7c                ATA::ATA()
                0x00000000c001aeaa                ATA::flush(bool)
                0x00000000c001aef4                ATA::readyForCommand()
                0x00000000c001af40                ATA::access(unsigned long long, int, void*, bool)
                0x00000000c001b2bc                ATA::detectCHS()
                0x00000000c001b2e6                ATA::open(int, int, void*)
                0x00000000c001b3b2                combineCharAndColour(char, unsigned char)
                0x00000000c001b3c3                combineColours(unsigned char, unsigned char)
                0x00000000c001b3d0                ATA::read(unsigned long long, int, void*)
                0x00000000c001b5a6                ATA::write(unsigned long long, int, void*)
 *fill*         0x00000000c001b777        0x1 
 .text          0x00000000c001b778      0x60e hw/diskphys/atapi.32
                0x00000000c001b778                ATAPI::write(unsigned long long, int, void*)
                0x00000000c001b77e                ATAPI::close(int, int, void*)
                0x00000000c001b7a2                ATAPI::ATAPI()
                0x00000000c001b7a2                ATAPI::ATAPI()
                0x00000000c001b7d0                ATAPI::readyForCommand()
                0x00000000c001b822                ATAPI::sendPacket(unsigned char*, int, bool, unsigned short*, int)
                0x00000000c001bae2                ATAPI::diskRemoved()
                0x00000000c001bb1c                ATAPI::eject()
                0x00000000c001bb64                ATAPI::diskInserted()
                0x00000000c001bb70                ATAPI::detectMedia()
                0x00000000c001bc2c                ATAPI::open(int, int, void*)
                0x00000000c001bd0c                ATAPI::read(unsigned long long, int, void*)
 .text          0x00000000c001bd86      0x7ff hw/diskphys/sata.32
                0x00000000c001bd86                SATA::close(int, int, void*)
                0x00000000c001bdaa                SATA::powerSaving(PowerSavingLevel)
                0x00000000c001bdac                SATA::open(int, int, void*)
                0x00000000c001be56                SATA::SATA()
                0x00000000c001be56                SATA::SATA()
                0x00000000c001be84                SATA::access(unsigned long long, int, void*, bool)
                0x00000000c001c0d0                SATA::read(unsigned long long, int, void*)
                0x00000000c001c320                SATA::write(unsigned long long, int, void*)
 *fill*         0x00000000c001c585        0x1 
 .text          0x00000000c001c586      0x5c6 hw/diskphys/satapi.32
                0x00000000c001c586                SATAPI::write(unsigned long long, int, void*)
                0x00000000c001c58c                SATAPI::close(int, int, void*)
                0x00000000c001c5b0                SATAPI::SATAPI()
                0x00000000c001c5b0                SATAPI::SATAPI()
                0x00000000c001c5de                SATAPI::diskRemoved()
                0x00000000c001c5e0                SATAPI::diskInserted()
                0x00000000c001c5fc                SATAPI::sendPacket(unsigned char*, int, unsigned long long, unsigned short*, int)
                0x00000000c001c8d0                SATAPI::eject()
                0x00000000c001c90c                SATAPI::detectMedia()
                0x00000000c001c962                SATAPI::open(int, int, void*)
                0x00000000c001ca62                SATAPI::read(unsigned long long, int, void*)
 .text          0x00000000c001cb4c      0x455 hw/intctrl/apic.32
                0x00000000c001cb4c                IOAPIC::close(int, int, void*)
                0x00000000c001cb52                apicGetBase()
                0x00000000c001cb94                IOAPIC::IOAPIC()
                0x00000000c001cb94                IOAPIC::IOAPIC()
                0x00000000c001cbbc                apicOpen()
                0x00000000c001cd22                IOAPIC::handlesGSIWithNumber(unsigned int)
                0x00000000c001cd54                IOAPIC::read(int)
                0x00000000c001cd7c                IOAPIC::open(int, int, void*)
                0x00000000c001ce70                IOAPIC::write(int, int)
                0x00000000c001ce9c                IOAPIC::redirect(unsigned char, unsigned long long, unsigned char, bool, bool)
 *fill*         0x00000000c001cfa1        0x3 
 .text          0x00000000c001cfa4       0xf0 hw/timer/apictimer.32
                0x00000000c001cfa4                APICTimer::close(int, int, void*)
                0x00000000c001cfac                apicTimerHandler(regs*, void*)
                0x00000000c001cfd4                APICTimer::open(int, int, void*)
                0x00000000c001d044                APICTimer::write(int)
                0x00000000c001d06c                APICTimer::APICTimer()
                0x00000000c001d06c                APICTimer::APICTimer()
 .text          0x00000000c001d094      0x1aa hw/timer/pit.32
                0x00000000c001d094                PIT::write(int)
                0x00000000c001d118                pitHandler(regs*, void*)
                0x00000000c001d13c                PIT::open(int, int, void*)
                0x00000000c001d18c                PIT::close(int, int, void*)
                0x00000000c001d1bc                PIT::PIT()
                0x00000000c001d1bc                PIT::PIT()
 *fill*         0x00000000c001d23e        0x2 
 .text          0x00000000c001d240       0x83 arch/i386/avx.32
                0x00000000c001d240                avxDetect
                0x00000000c001d26a                avxSave
                0x00000000c001d27b                avxLoad
                0x00000000c001d28c                avxInit
                0x00000000c001d2ae                avxClose
                0x00000000c001d2af                wouldSheSayYes
 *fill*         0x00000000c001d2c3        0xd 
 .text          0x00000000c001d2d0      0x231 arch/i386/interrupt.32
                0x00000000c001d2d0                isr0
                0x00000000c001d2e0                isr1
                0x00000000c001d2ea                isr2
                0x00000000c001d2f4                isr3
                0x00000000c001d2fe                isr4
                0x00000000c001d308                isr5
                0x00000000c001d312                isr6
                0x00000000c001d31c                isr7
                0x00000000c001d326                isr8
                0x00000000c001d32e                isr9
                0x00000000c001d338                isr10
                0x00000000c001d340                isr11
                0x00000000c001d348                isr12
                0x00000000c001d350                isr13
                0x00000000c001d358                isr14
                0x00000000c001d360                isr15
                0x00000000c001d36a                isr16
                0x00000000c001d374                isr17
                0x00000000c001d37e                isr18
                0x00000000c001d388                irq3
                0x00000000c001d392                irq4
                0x00000000c001d39c                irq5
                0x00000000c001d3a6                irq6
                0x00000000c001d3b0                irq7
                0x00000000c001d3ba                irq8
                0x00000000c001d3c4                irq9
                0x00000000c001d3ce                irq10
                0x00000000c001d3d8                irq11
                0x00000000c001d3e2                irq12
                0x00000000c001d3ec                irq13
                0x00000000c001d3f6                irq14
                0x00000000c001d400                irq15
                0x00000000c001d40a                irq1
                0x00000000c001d411                irq2
                0x00000000c001d418                isr96
                0x00000000c001d41f                irq0
                0x00000000c001d424                int_common_stub
                0x00000000c001d456                syscall_common_stub
                0x00000000c001d4b1                irq16
                0x00000000c001d4bb                irq17
                0x00000000c001d4c5                irq18
                0x00000000c001d4cf                irq19
                0x00000000c001d4d9                irq20
                0x00000000c001d4e3                irq21
                0x00000000c001d4ed                irq22
                0x00000000c001d4f7                irq23
 *fill*         0x00000000c001d501        0xf 
 .text          0x00000000c001d510       0x10 arch/i386/rdrand.32
                0x00000000c001d510                i386GetRDRAND
 .text          0x00000000c001d520       0x39 arch/i386/sse.32
                0x00000000c001d520                absolutelyNoChanceInHell
                0x00000000c001d520                sseDetect
                0x00000000c001d538                sseSave
                0x00000000c001d540                sseLoad
                0x00000000c001d548                sseInit
                0x00000000c001d558                sseClose
 *fill*         0x00000000c001d559        0x7 
 .text          0x00000000c001d560       0x49 arch/i386/x87.32
                0x00000000c001d566                x87Detect
                0x00000000c001d581                x87Save
                0x00000000c001d588                x87Load
                0x00000000c001d58f                x87Init
                0x00000000c001d5a8                x87Close
 *fill*         0x00000000c001d5a9        0x3 
 .text          0x00000000c001d5ac       0x25 /cygdrive/d/Users/Alex/Desktop/Toolchain/Output/bin/../lib/gcc/i386-banana/8.1.0/crtend.o
 .text          0x00000000c001d5d1        0x0 crtn.32
 *fill*         0x00000000c001d5d1        0x3 
 .text          0x00000000c001d5d4      0x14b /cygdrive/d/Users/Alex/Desktop/Toolchain/Output/bin/../lib/gcc/i386-banana/8.1.0/libkgcc.a(_divdi3.o)
                0x00000000c001d5d4                __divdi3
 *fill*         0x00000000c001d71f        0x1 
 .text          0x00000000c001d720      0x17e /cygdrive/d/Users/Alex/Desktop/Toolchain/Output/bin/../lib/gcc/i386-banana/8.1.0/libkgcc.a(_moddi3.o)
                0x00000000c001d720                __moddi3
 *fill*         0x00000000c001d89e        0x2 
 .text          0x00000000c001d8a0       0xff /cygdrive/d/Users/Alex/Desktop/Toolchain/Output/bin/../lib/gcc/i386-banana/8.1.0/libkgcc.a(_udivdi3.o)
                0x00000000c001d8a0                __udivdi3
 *fill*         0x00000000c001d99f        0x1 
 .text          0x00000000c001d9a0      0x11a /cygdrive/d/Users/Alex/Desktop/Toolchain/Output/bin/../lib/gcc/i386-banana/8.1.0/libkgcc.a(_umoddi3.o)
                0x00000000c001d9a0                __umoddi3
 *(.gnu.linkonce.t*)

.iplt           0x00000000c001dac0        0x0
 .iplt          0x00000000c001dac0        0x0 D:/Users/Alex/Desktop/Banana/kernel/boot.32

.init           0x00000000c001daba        0xf
 .init          0x00000000c001daba        0x3 crti.32
                0x00000000c001daba                _init
 .init          0x00000000c001dabd        0x5 /cygdrive/d/Users/Alex/Desktop/Toolchain/Output/bin/../lib/gcc/i386-banana/8.1.0/crtbegin.o
 .init          0x00000000c001dac2        0x5 /cygdrive/d/Users/Alex/Desktop/Toolchain/Output/bin/../lib/gcc/i386-banana/8.1.0/crtend.o
 .init          0x00000000c001dac7        0x2 crtn.32

.fini           0x00000000c001dac9        0xa
 .fini          0x00000000c001dac9        0x3 crti.32
                0x00000000c001dac9                _fini
 .fini          0x00000000c001dacc        0x5 /cygdrive/d/Users/Alex/Desktop/Toolchain/Output/bin/../lib/gcc/i386-banana/8.1.0/crtbegin.o
 .fini          0x00000000c001dad1        0x2 crtn.32

.text._ZN8ComputerD2Ev
                0x00000000c001dad4       0x23
 .text._ZN8ComputerD2Ev
                0x00000000c001dad4       0x23 core/computer.32
                0x00000000c001dad4                Computer::~Computer()
                0x00000000c001dad4                Computer::~Computer()

.text._ZN8ComputerD0Ev
                0x00000000c001daf8       0x2a
 .text._ZN8ComputerD0Ev
                0x00000000c001daf8       0x2a core/computer.32
                0x00000000c001daf8                Computer::~Computer()

.text._Z10idleCommonv
                0x00000000c001db22       0x21
 .text._Z10idleCommonv
                0x00000000c001db22       0x21 core/idle.32
                0x00000000c001db22                idleCommon()

.text._ZN10LinkedListI8UnixFileED2Ev
                0x00000000c001db44        0x2
 .text._ZN10LinkedListI8UnixFileED2Ev
                0x00000000c001db44        0x2 core/unixfile.32
                0x00000000c001db44                LinkedList<UnixFile>::~LinkedList()
                0x00000000c001db44                LinkedList<UnixFile>::~LinkedList()

.text._ZN10LinkedListI8UnixFileEC2Ev
                0x00000000c001db46       0x42
 .text._ZN10LinkedListI8UnixFileEC2Ev
                0x00000000c001db46       0x42 core/unixfile.32
                0x00000000c001db46                LinkedList<UnixFile>::LinkedList()
                0x00000000c001db46                LinkedList<UnixFile>::LinkedList()
