Archive member included to satisfy reference by file (symbol)

/cygdrive/d/Users/Alex/Desktop/Toolchain/Output/bin/../lib/gcc/i386-banana/8.1.0/libkgcc.a(_divdi3.o)
                              fs/fat/ff.32 (__divdi3)
/cygdrive/d/Users/Alex/Desktop/Toolchain/Output/bin/../lib/gcc/i386-banana/8.1.0/libkgcc.a(_moddi3.o)
                              compat/resolve.32 (__moddi3)
/cygdrive/d/Users/Alex/Desktop/Toolchain/Output/bin/../lib/gcc/i386-banana/8.1.0/libkgcc.a(_udivdi3.o)
                              fs/fat/ff.32 (__udivdi3)
/cygdrive/d/Users/Alex/Desktop/Toolchain/Output/bin/../lib/gcc/i386-banana/8.1.0/libkgcc.a(_umoddi3.o)
                              compat/resolve.32 (__umoddi3)

Discarded input sections

 .comment       0x0000000000000000       0x12 /cygdrive/d/Users/Alex/Desktop/Toolchain/Output/bin/../lib/gcc/i386-banana/8.1.0/crtbegin.o
 .comment       0x0000000000000000       0x12 acpica/utclib.32
 .comment       0x0000000000000000       0x12 core/malloc.32
 .comment       0x0000000000000000       0x12 libk/string.32
 .comment       0x0000000000000000       0x12 fs/fat/diskio.32
 .comment       0x0000000000000000       0x12 fs/fat/ff.32
 .comment       0x0000000000000000       0x12 fs/fat/ffsystem.32
 .comment       0x0000000000000000       0x12 fs/fat/ffunicode.32
 .comment       0x0000000000000000       0x12 compat/inlines.32
 .comment       0x0000000000000000       0x12 compat/resolve.32
 .group         0x0000000000000000       0x14 core/computer.32
 .group         0x0000000000000000        0xc core/computer.32
 .comment       0x0000000000000000       0x12 core/computer.32
 .comment       0x0000000000000000       0x12 core/gdt.32
 .group         0x0000000000000000        0xc core/idle.32
 .comment       0x0000000000000000       0x12 core/idle.32
 .comment       0x0000000000000000       0x12 core/idt.32
 .comment       0x0000000000000000       0x12 core/kheap.32
 .comment       0x0000000000000000       0x12 core/main.32
 .comment       0x0000000000000000       0x12 core/physmgr.32
 .group         0x0000000000000000        0xc core/pipe.32
 .comment       0x0000000000000000       0x12 core/pipe.32
 .group         0x0000000000000000        0xc core/terminal.32
 .comment       0x0000000000000000       0x12 core/terminal.32
 .comment       0x0000000000000000       0x12 core/tss.32
 .group         0x0000000000000000        0x8 core/unixfile.32
 .group         0x0000000000000000        0x8 core/unixfile.32
 .group         0x0000000000000000        0xc core/unixfile.32
 .group         0x0000000000000000        0x8 core/unixfile.32
 .group         0x0000000000000000        0xc core/unixfile.32
 .group         0x0000000000000000        0x8 core/unixfile.32
 .group         0x0000000000000000        0xc core/unixfile.32
 .group         0x0000000000000000        0xc core/unixfile.32
 .comment       0x0000000000000000       0x12 core/unixfile.32
 .comment       0x0000000000000000       0x12 core/virtmgr.32
 .comment       0x0000000000000000       0x12 coreobjs/c++.32
 .comment       0x0000000000000000       0x12 dbg/kconsole.32
 .group         0x0000000000000000        0xc fs/vfs.32
 .group         0x0000000000000000        0xc fs/vfs.32
 .group         0x0000000000000000        0xc fs/vfs.32
 .comment       0x0000000000000000       0x12 fs/vfs.32
 .group         0x0000000000000000        0xc hal/bus.32
 .comment       0x0000000000000000       0x12 hal/bus.32
 .comment       0x0000000000000000       0x12 hal/buzzer.32
 .group         0x0000000000000000        0xc hal/clock.32
 .comment       0x0000000000000000       0x12 hal/clock.32
 .group         0x0000000000000000       0x14 hal/device.32
 .group         0x0000000000000000        0xc hal/device.32
 .group         0x0000000000000000        0x8 hal/device.32
 .group         0x0000000000000000        0xc hal/device.32
 .group         0x0000000000000000        0xc hal/device.32
 .comment       0x0000000000000000       0x12 hal/device.32
 .group         0x0000000000000000        0xc hal/diskctrl.32
 .comment       0x0000000000000000       0x12 hal/diskctrl.32
 .group         0x0000000000000000        0xc hal/diskphys.32
 .comment       0x0000000000000000       0x12 hal/diskphys.32
 .comment       0x0000000000000000       0x12 hal/fpu.32
 .group         0x0000000000000000        0xc hal/intctrl.32
 .comment       0x0000000000000000       0x12 hal/intctrl.32
 .group         0x0000000000000000        0xc hal/keybrd.32
 .comment       0x0000000000000000       0x12 hal/keybrd.32
 .group         0x0000000000000000        0xc hal/logidisk.32
 .comment       0x0000000000000000       0x12 hal/logidisk.32
 .group         0x0000000000000000        0xc hal/mouse.32
 .comment       0x0000000000000000       0x12 hal/mouse.32
 .comment       0x0000000000000000       0x12 hal/partition.32
 .group         0x0000000000000000        0xc hal/serial.32
 .comment       0x0000000000000000       0x12 hal/serial.32
 .group         0x0000000000000000        0x8 hal/timer.32
[...]
Memory Configuration

Name             Origin             Length             Attributes
*default*        0x0000000000000000 0xffffffffffffffff

Linker script and memory map

LOAD D:/Users/Alex/Desktop/Banana/kernel/boot.32
LOAD crti.32
LOAD /cygdrive/d/Users/Alex/Desktop/Toolchain/Output/bin/../lib/gcc/i386-banana/8.1.0/crtbegin.o
LOAD D:/Users/Alex/Desktop/Banana/kernel/morenasm.32
LOAD acpica/utclib.32
LOAD core/malloc.32
LOAD libk/string.32
LOAD fs/fat/diskio.32
LOAD fs/fat/ff.32
LOAD fs/fat/ffsystem.32
LOAD fs/fat/ffunicode.32
LOAD compat/inlines.32
LOAD compat/resolve.32
LOAD core/computer.32
LOAD core/gdt.32
LOAD core/idle.32
LOAD core/idt.32
LOAD core/kheap.32
LOAD core/main.32
LOAD core/physmgr.32
LOAD core/pipe.32
LOAD core/terminal.32
LOAD core/tss.32
LOAD core/unixfile.32
LOAD core/virtmgr.32
LOAD coreobjs/c++.32
LOAD dbg/kconsole.32
LOAD fs/vfs.32
LOAD hal/bus.32
LOAD hal/buzzer.32
LOAD hal/clock.32
LOAD hal/device.32
LOAD hal/diskctrl.32
LOAD hal/diskphys.32
LOAD hal/fpu.32
LOAD hal/intctrl.32
LOAD hal/keybrd.32
LOAD hal/logidisk.32
LOAD hal/mouse.32
LOAD hal/partition.32
LOAD hal/serial.32
LOAD hal/timer.32
LOAD hal/vcache.32
LOAD hal/video.32
LOAD hw/acpi.32
LOAD hw/cpu.32
LOAD hw/smp.32
LOAD krnl/env.32
LOAD krnl/panic.32
LOAD krnl/powctrl.32
LOAD reg/registry.32
LOAD sys/sc_eject.32
LOAD sys/sc_exit.32
LOAD sys/sc_getcwd.32
LOAD sys/sc_getpid.32
LOAD sys/sc_getramdata.32
LOAD sys/sc_getvgaptr.32
LOAD sys/sc_loaddll.32
LOAD sys/sc_read.32
LOAD sys/sc_sbrk.32
LOAD sys/sc_setcwd.32
LOAD sys/sc_settime.32
LOAD sys/sc_timezone.32
LOAD sys/sc_write.32
LOAD sys/sc_wsbe.32
LOAD sys/sc_yield.32
LOAD sys/syscalls.32
LOAD thr/elf.32
LOAD thr/prcssthr.32
LOAD vm86/vm8086.32
LOAD vm86/x87em.32
LOAD arch/i386/hal.32
LOAD fs/fat/vfslink.32
LOAD fs/iso9660/vfslink.32
LOAD hal/sound/sndcard.32
LOAD hal/sound/sndport.32
LOAD hw/bus/isa.32
LOAD hw/bus/pci.32
LOAD hw/diskctrl/ide.32
LOAD hw/diskctrl/satabus.32
LOAD hw/diskphys/ata.32
LOAD hw/diskphys/atapi.32
LOAD hw/diskphys/sata.32
LOAD hw/diskphys/satapi.32
LOAD hw/intctrl/apic.32
LOAD hw/intctrl/pic.32
LOAD hw/timer/apictimer.32
LOAD hw/timer/pit.32
LOAD arch/i386/avx.32
LOAD arch/i386/rdrand.32
LOAD arch/i386/sse.32
LOAD arch/i386/x87.32
LOAD /cygdrive/d/Users/Alex/Desktop/Toolchain/Output/bin/../lib/gcc/i386-banana/8.1.0/crtend.o
LOAD crtn.32
LOAD /cygdrive/d/Users/Alex/Desktop/Toolchain/Output/bin/../lib/gcc/i386-banana/8.1.0/libkgcc.a
LOAD D:/Users/Alex/Desktop/Banana/kernel/libsoftfp.a
LOAD D:/Users/Alex/Desktop/Banana/kernel/libk/libm32.a
                0x00000000c0000000                . = 0xc0000000

.text           0x00000000c0000000    0x2264a
 *(.text)
 .text          0x00000000c0000000       0x41 D:/Users/Alex/Desktop/Banana/kernel/boot.32
                0x00000000c0000020                callGlobalConstructors
 .text          0x00000000c0000041        0x0 crti.32
 *fill*         0x00000000c0000041        0x3 
 .text          0x00000000c0000044      0x101 /cygdrive/d/Users/Alex/Desktop/Toolchain/Output/bin/../lib/gcc/i386-banana/8.1.0/crtbegin.o
 *fill*         0x00000000c0000145        0xb 
 .text          0x00000000c0000150      0x428 D:/Users/Alex/Desktop/Banana/kernel/morenasm.32
                0x00000000c0000150                manualPCIProbe
                0x00000000c000019b                prepareTramp
                0x00000000c00001b4                doTPAUSE
                0x00000000c00001be                hasLegacyFPU
                0x00000000c00001e3                is486
                0x00000000c0000219                detectCPUID
                0x00000000c000022f                goToVM86
                0x00000000c000025f                goToUsermode
                0x00000000c0000289                switchToThreadASMFirstTime
                0x00000000c0000297                switchToThreadASM
                0x00000000c000031f                asmQuickAcquireLock
                0x00000000c000033d                asmQuickReleaseLock
                0x00000000c0000349                asmAcquireLock
                0x00000000c000036a                asmReleaseLock
                0x00000000c000037d                loadGDT
                0x00000000c000039d                isr0
                0x00000000c00003ad                isr1
                0x00000000c00003b7                isr2
                0x00000000c00003c1                isr3
                0x00000000c00003cb                isr4
                0x00000000c00003d5                isr5
                0x00000000c00003df                isr6
                0x00000000c00003e9                isr7
                0x00000000c00003f3                isr8
                0x00000000c00003fb                isr9
                0x00000000c0000405                isr10
                0x00000000c000040d                isr11
                0x00000000c0000415                isr12
                0x00000000c000041d                isr13
                0x00000000c0000425                isr14
                0x00000000c000042d                isr15
                0x00000000c0000437                isr16
                0x00000000c0000441                isr17
                0x00000000c000044b                isr18
                0x00000000c0000455                irq3
                0x00000000c000045f                irq4
                0x00000000c0000469                irq5
                0x00000000c0000473                irq6
                0x00000000c000047d                irq7
                0x00000000c0000487                irq8
                0x00000000c0000491                irq9
                0x00000000c000049b                irq10
                0x00000000c00004a5                irq11
                0x00000000c00004af                irq12
                0x00000000c00004b9                irq13
                0x00000000c00004c3                irq14
                0x00000000c00004cd                irq15
                0x00000000c00004d7                irq1
                0x00000000c00004de                irq2
                0x00000000c00004e5                isr96
                0x00000000c00004ec                irq0
                0x00000000c00004f1                int_common_stub
                0x00000000c00004f1                syscall_common_stub
                0x00000000c0000523                irq16
                0x00000000c000052d                irq17
                0x00000000c0000537                irq18
                0x00000000c0000541                irq19
                0x00000000c000054b                irq20
                0x00000000c0000555                irq21
                0x00000000c000055f                irq22
                0x00000000c0000569                irq23
                0x00000000c0000573                memcpy
 .text          0x00000000c0000578      0x5dd acpica/utclib.32
                0x00000000c0000578                memcmp
                0x00000000c00005b4                memmove
                0x00000000c000067c                memset
                0x00000000c0000698                strlen
                0x00000000c00006b0                strpbrk
                0x00000000c00006ec                strtok
                0x00000000c0000738                strcpy
                0x00000000c000075c                strncpy
                0x00000000c00007c4                strcmp
                0x00000000c0000804                strchr
                0x00000000c0000828                strncmp
                0x00000000c0000878                strcat
                0x00000000c00008a8                strncat
                0x00000000c00008e4                strstr
                0x00000000c000092c                toupper
                0x00000000c0000940                tolower
                0x00000000c0000954                simple_strtoul
 .text          0x00000000c0000b55      0xfad core/malloc.32
                0x00000000c0000cc0                dlfree
                0x00000000c000101b                dlmalloc
                0x00000000c0001558                dlrealloc
                0x00000000c00016fb                dlmemalign
                0x00000000c000181e                dlcalloc
                0x00000000c00018b8                dlcfree
                0x00000000c00018bd                dlindependent_calloc
                0x00000000c00018e2                dlindependent_comalloc
                0x00000000c00018f9                dlvalloc
                0x00000000c0001924                dlpvalloc
                0x00000000c000195a                dlmalloc_trim
                0x00000000c0001967                dlmalloc_usable_size
                0x00000000c0001998                dlmallinfo
                0x00000000c0001a67                dlmalloc_stats
                0x00000000c0001a78                dlmallopt
 .text          0x00000000c0001b02        0x0 libk/string.32
 .text          0x00000000c0001b02       0x51 fs/fat/diskio.32
                0x00000000c0001b02                disk_status
                0x00000000c0001b05                disk_initialize
                0x00000000c0001b08                disk_read
                0x00000000c0001b1e                disk_write
                0x00000000c0001b34                disk_ioctl
 .text          0x00000000c0001b53     0x6a69 fs/fat/ff.32
                0x00000000c0004e21                f_mount
                0x00000000c0004e83                f_open
                0x00000000c00052bf                f_read
                0x00000000c000553f                f_write
                0x00000000c00057f9                f_sync
                0x00000000c00059d5                f_close
                0x00000000c0005a04                f_lseek
                0x00000000c0005ebb                f_opendir
                0x00000000c0005fbd                f_closedir
                0x00000000c0005fdf                f_readdir
                0x00000000c000607a                f_stat
                0x00000000c0006109                f_getfree
                0x00000000c00062d4                f_truncate
                0x00000000c00063cc                f_unlink
                0x00000000c000654f                f_mkdir
                0x00000000c000677b                f_rename
                0x00000000c0006a6e                f_chmod
                0x00000000c0006b4c                f_utime
                0x00000000c0006c2a                f_getlabel
                0x00000000c0006e18                f_setlabel
                0x00000000c0007085                f_expand
                0x00000000c00072bb                f_forward
                0x00000000c0007499                f_mkfs
 .text          0x00000000c00085bc       0x2f fs/fat/ffsystem.32
                0x00000000c00085bc                ff_memalloc
                0x00000000c00085d4                ff_memfree
 *fill*         0x00000000c00085eb        0x1 
 .text          0x00000000c00085ec      0x274 fs/fat/ffunicode.32
                0x00000000c00085ec                ff_uni2oem
                0x00000000c0008684                ff_oem2uni
                0x00000000c00086f8                ff_wtoupper
 .text          0x00000000c0008860       0xa7 compat/inlines.32
                0x00000000c0008860                CPU::current()
                0x00000000c000886c                operator new(unsigned long)
                0x00000000c0008871                operator delete(void*)
                0x00000000c0008876                disableIRQs()
                0x00000000c000887e                enableIRQs()
                0x00000000c000888d                lockScheduler()
                0x00000000c0008895                unlockScheduler()
                0x00000000c00088a4                lockStuff()
                0x00000000c00088b2                unlockStuff()
                0x00000000c00088ec                Virt::getAKernelVAS()
                0x00000000c00088f2                __not_memcpy
 *fill*         0x00000000c0008907        0x1 
 .text          0x00000000c0008908      0x118 compat/resolve.32
                0x00000000c0008908                Krnl::resolveCompatibilitySymbol(char*)
 .text          0x00000000c0008a20      0xacf core/computer.32
                0x00000000c0008a20                Computer::close(int, int, void*)
                0x00000000c0008a64                Krnl::firstTask()
                0x00000000c0008bb8                Computer::Computer()
                0x00000000c0008bb8                Computer::Computer()
                0x00000000c0008d14                Computer::setBootMessage(char const*)
                0x00000000c0008d16                Computer::detectFeatures()
                0x00000000c0008f20                Computer::displayFeatures()
                0x00000000c0009266                Computer::rdmsr(unsigned int)
                0x00000000c0009292                Computer::wrmsr(unsigned int, unsigned long long)
                0x00000000c00092ca                Computer::shutdown()
                0x00000000c00092e2                Computer::restart()
                0x00000000c00092fa                Computer::sleep()
                0x00000000c000930e                Computer::nmiEnabled()
                0x00000000c000931a                Computer::readCMOS(unsigned char)
                0x00000000c0009334                Computer::enableNMI(bool)
                0x00000000c000934c                Computer::open(int, int, void*)
                0x00000000c0009432                Computer::disableNMI()
                0x00000000c0009440                Computer::writeCMOS(unsigned char, unsigned char)
                0x00000000c000945e                Computer::handleNMI()
                0x00000000c00094c4                Computer::setDiskActivityLight(int, bool)
 *fill*         0x00000000c00094ef        0x1 
 .text          0x00000000c00094f0      0x211 core/gdt.32
                0x00000000c00094f0                GDTEntry::setBase(unsigned int)
                0x00000000c000950c                GDTEntry::setLimit(unsigned int)
                0x00000000c000952a                GDT::GDT()
                0x00000000c000952a                GDT::GDT()
                0x00000000c0009540                GDT::addEntry(GDTEntry)
                0x00000000c0009562                GDT::getNumberOfEntries()
                0x00000000c000956a                GDT::flush()
                0x00000000c000958c                GDT::setup()
 .text          0x00000000c0009701       0x6b core/idle.32
                0x00000000c0009701                idleFunction(void*)
 .text          0x00000000c000976c      0x464 core/idt.32
                0x00000000c000976c                IDTEntry::IDTEntry(bool)
                0x00000000c000976c                IDTEntry::IDTEntry(bool)
                0x00000000c00097de                IDTEntry::setOffset(unsigned int)
                0x00000000c00097f4                IDT::IDT()
                0x00000000c00097f4                IDT::IDT()
                0x00000000c00097f6                IDT::getPointerToInvalidOpcodeEntryForF00F()
                0x00000000c00097fe                IDT::addEntry(IDTEntry, int)
                0x00000000c0009818                IDT::addEntry(int, void (*)(), bool)
                0x00000000c0009850                IDT::flush()
                0x00000000c000986a                IDT::setup()
 .text          0x00000000c0009bd0      0x191 core/kheap.32
                0x00000000c0009bd0                sbrk
                0x00000000c0009c73                mmap
                0x00000000c0009c89                munmap
                0x00000000c0009c9f                liballoc_lock()
                0x00000000c0009cac                liballoc_unlock()
                0x00000000c0009cc0                liballoc_alloc(int)
                0x00000000c0009cd8                liballoc_free(void*, int)
                0x00000000c0009cf3                realloc
                0x00000000c0009d07                malloc
                0x00000000c0009d17                free
                0x00000000c0009d27                rfree
                0x00000000c0009d37                calloc
 .text          0x00000000c0009d61      0x437 core/main.32
                0x00000000c0009d61                Krnl::setBootMessage(char const*)
                0x00000000c0009dcd                kernel_main
 .text          0x00000000c000a198      0x668 core/physmgr.32
                0x00000000c000a198                Phys::allocateDMA(unsigned long)
                0x00000000c000a2a7                Phys::freeDMA(unsigned long, unsigned long)
                0x00000000c000a2ed                Phys::setPageState(unsigned long, bool)
                0x00000000c000a31f                Phys::getPageState(unsigned long)
                0x00000000c000a33b                Phys::freePage(unsigned long)
                0x00000000c000a3be                Phys::allocatePage()
                0x00000000c000a4a9                Phys::allocateContiguousPages(int)
                0x00000000c000a505                Phys::allowSegmentToBeUsed(unsigned long, unsigned long)
                0x00000000c000a53d                Phys::physicalMemorySetup(unsigned int)
 .text          0x00000000c000a800      0x273 core/pipe.32
                0x00000000c000a800                Pipe::isAtty()
                0x00000000c000a804                Pipe::~Pipe()
                0x00000000c000a804                Pipe::~Pipe()
                0x00000000c000a828                Pipe::~Pipe()
                0x00000000c000a850                Pipe::read(unsigned long long, void*, int*)
                0x00000000c000a94c                Pipe::write(unsigned long long, void*, int*)
                0x00000000c000aa0c                Pipe::Pipe(int)
                0x00000000c000aa0c                Pipe::Pipe(int)
 *fill*         0x00000000c000aa73        0x1 
 .text          0x00000000c000aa74      0xb85 core/terminal.32
                0x00000000c000aa74                VgaText::isAtty()
                0x00000000c000aa78                VgaText::~VgaText()
                0x00000000c000aa78                VgaText::~VgaText()
                0x00000000c000aa9c                VgaText::~VgaText()
                0x00000000c000aac6                VgaText::read(unsigned long long, void*, int*)
                0x00000000c000aae6                setTerminalScrollLock(bool)
                0x00000000c000aae7                addToTerminalCycle(VgaText*)
                0x00000000c000ab08                installVgaTextImplementation()
                0x00000000c000ab1d                scrollTerminalScrollLock(int)
                0x00000000c000ab1e                VgaText::updateTitle()
                0x00000000c000ab5c                VgaText::load()
                0x00000000c000abaa                VgaText::updateCursor()
                0x00000000c000abc0                VgaText::doANSI_SGR(int)
                0x00000000c000ac34                VgaText::setDefaultBgColour(VgaColour)
                0x00000000c000ac44                VgaText::setDefaultFgColour(VgaColour)
                0x00000000c000ac54                VgaText::setDefaultColours(VgaColour, VgaColour)
                0x00000000c000ac74                VgaText::setTitleTextColour(VgaColour)
                0x00000000c000ac84                VgaText::setTitleColour(VgaColour)
                0x00000000c000ac94                VgaText::setTitle(char*)
                0x00000000c000acba                VgaText::combineColours(unsigned char, unsigned char)
                0x00000000c000accc                VgaText::scrollScreen()
                0x00000000c000ad60                VgaText::combineCharAndColour(char, unsigned char)
                0x00000000c000ad72                VgaText::writeCharacter(char, VgaColour, VgaColour, int, int)
                0x00000000c000adce                VgaText::getCursorX()
                0x00000000c000add6                VgaText::getCursorY()
                0x00000000c000adde                VgaText::setCursor(int, int)
                0x00000000c000adf5                setActiveTerminal(VgaText*)
                0x00000000c000ae57                doTerminalCycle()
                0x00000000c000ae72                VgaText::setCursorX(int)
                0x00000000c000ae8a                VgaText::setCursorY(int)
                0x00000000c000aea2                VgaText::incrementCursor(bool)
                0x00000000c000aef6                VgaText::decrementCursor(bool)
                0x00000000c000af18                VgaText::putchar(char, VgaColour, VgaColour)
                0x00000000c000afe6                VgaText::doUpdate()
                0x00000000c000aff4                VgaText::puts(char const*, VgaColour, VgaColour)
                0x00000000c000b16c                VgaText::clearScreen()
                0x00000000c000b1c6                VgaText::putchar(char)
                0x00000000c000b2b2                VgaText::putx(unsigned int)
                0x00000000c000b2f8                VgaText::puts(char const*)
                0x00000000c000b31e                VgaText::VgaText(char const*)
                0x00000000c000b31e                VgaText::VgaText(char const*)
                0x00000000c000b49a                VgaText::receiveKey(unsigned char)
                0x00000000c000b580                VgaText::write(unsigned long long, void*, int*)
                0x00000000c000b5d4                newTerminal(char*)
 *fill*         0x00000000c000b5f9        0x3 
 .text          0x00000000c000b5fc      0x1a1 core/tss.32
                0x00000000c000b5fc                TSS::TSS()
                0x00000000c000b5fc                TSS::TSS()
                0x00000000c000b60c                TSS::setESP(unsigned long)
                0x00000000c000b620                TSS::flush()
                0x00000000c000b640                TSS::setup(unsigned long, unsigned long)
 *fill*         0x00000000c000b79d        0x1 
 .text          0x00000000c000b79e      0x4c2 core/unixfile.32
                0x00000000c000b79e                ReservedFilename::read(unsigned long long, void*, int*)
                0x00000000c000b7f4                ReservedFilename::isAtty()
                0x00000000c000b810                ReservedFilename::write(unsigned long long, void*, int*)
                0x00000000c000b86e                UnixFile::getFileDescriptor()
                0x00000000c000b876                UnixFile::UnixFile(int)
                0x00000000c000b876                UnixFile::UnixFile(int)
                0x00000000c000ba26                ReservedFilename::ReservedFilename(int)
                0x00000000c000ba26                ReservedFilename::ReservedFilename(int)
                0x00000000c000ba58                UnixFile::~UnixFile()
                0x00000000c000ba58                UnixFile::~UnixFile()
                0x00000000c000baf0                UnixFile::~UnixFile()
                0x00000000c000bb18                ReservedFilename::~ReservedFilename()
                0x00000000c000bb18                ReservedFilename::~ReservedFilename()
                0x00000000c000bb3c                ReservedFilename::~ReservedFilename()
                0x00000000c000bb63                getFromFileDescriptor(int)
 .text          0x00000000c000bc60     0x124c core/virtmgr.32
                0x00000000c000bc60                Virt::setPageState(unsigned long, Virt::VirtPageState)
                0x00000000c000bc95                Virt::getPageState(unsigned long)
                0x00000000c000bcb9                Virt::allocateKernelVirtualPages(int)
                0x00000000c000bdca                Virt::freeSwapfilePage(unsigned long)
                0x00000000c000bde8                Virt::swapIDToSector(unsigned long)
                0x00000000c000bdfa                Virt::allocateSwapfilePage()
                0x00000000c000be78                Virt::virtualMemorySetup()
                0x00000000c000bec3                Virt::setupPageSwapping(int)
                0x00000000c000bf34                VAS::VAS(VAS*)
                0x00000000c000bf34                VAS::VAS(VAS*)
                0x00000000c000bf62                VAS::getForeignPageTableEntry(bool, unsigned long)
                0x00000000c000bf8e                VAS::getPageTableEntry(unsigned long)
                0x00000000c000bfad                Virt::freeKernelVirtualPages(unsigned long)
                0x00000000c000c0d0                VAS::freeAllocatedPages(unsigned long)
                0x00000000c000c0f4                VAS::virtualToPhysical(unsigned long)
                0x00000000c000c10c                VAS::reflagRange(unsigned long, int, int, int)
                0x00000000c000c14c                VAS::setToWriteCombining(unsigned long, int)
                0x00000000c000c17e                VAS::mapOtherVASIn(bool, VAS*)
                0x00000000c000c1a8                VAS::~VAS()
                0x00000000c000c1a8                VAS::~VAS()
                0x00000000c000c324                VAS::mapPage(unsigned long, unsigned long, int)
                0x00000000c000c426                VAS::allocatePages(int, int)
                0x00000000c000c5fe                VAS::setCPUSpecific(unsigned long)
                0x00000000c000c61a                VAS::mapRange(unsigned long, unsigned long, int, int)
                0x00000000c000c6e0                VAS::mapForeignPage(bool, VAS*, unsigned long, unsigned long, int)
                0x00000000c000c7ce                VAS::VAS(bool)
                0x00000000c000c7ce                VAS::VAS(bool)
                0x00000000c000ca4e                VAS::VAS()
                0x00000000c000ca4e                VAS::VAS()
                0x00000000c000cabe                VAS::evict(unsigned long)
                0x00000000c000cb8e                VAS::tryLoadBackOffDisk(unsigned long)
                0x00000000c000cca2                VAS::scanForEviction()
                0x00000000c000cd80                mapVASFirstTime
 .text          0x00000000c000ceac       0x95 coreobjs/c++.32
                0x00000000c000ceac                __cxa_atexit
                0x00000000c000ceaf                __cxa_finalize
                0x00000000c000ceb0                __stack_chk_fail
                0x00000000c000cf1c                __cxa_pure_virtual
                0x00000000c000cf2d                operator new[](unsigned long)
                0x00000000c000cf32                operator delete(void*, unsigned long)
                0x00000000c000cf37                operator delete[](void*)
                0x00000000c000cf3c                operator delete[](void*, unsigned long)
 .text          0x00000000c000cf41      0x1fc dbg/kconsole.32
                0x00000000c000cf41                Dbg::stringifyxWithBase(unsigned int, char*, int)
                0x00000000c000cf9a                Dbg::logc(char)
                0x00000000c000cfba                Dbg::logs(char*)
                0x00000000c000cfd7                Dbg::logWriteInt(unsigned int)
                0x00000000c000cff4                Dbg::logWriteIntBase(unsigned int, int)
                0x00000000c000d013                Dbg::kprintf(char const*, ...)
 *fill*         0x00000000c000d13d        0x1 
 .text          0x00000000c000d13e      0xcac fs/vfs.32
                0x00000000c000d13e                File::read(unsigned long long, void*, int*)
                0x00000000c000d196                File::write(unsigned long long, void*, int*)
                0x00000000c000d1ee                Directory::read(unsigned long long, void*, int*)
                0x00000000c000d246                Directory::write(unsigned long long, void*, int*)
                0x00000000c000d274                File::isAtty()
                0x00000000c000d278                Directory::isAtty()
                0x00000000c000d27c                Filesystem::getlabel(LogicalDisk*, int, char*, unsigned int*)
                0x00000000c000d282                Filesystem::setlabel(LogicalDisk*, int, char*)
                0x00000000c000d288                Filesystem::allocateSwapfile(char const*, int)
                0x00000000c000d28e                File::~File()
                0x00000000c000d28e                File::~File()
                0x00000000c000d2b2                File::~File()
                0x00000000c000d2dc                Directory::~Directory()
                0x00000000c000d2dc                Directory::~Directory()
                0x00000000c000d300                Directory::~Directory()
                0x00000000c000d32a                Filesystem::Filesystem()
                0x00000000c000d32a                Filesystem::Filesystem()
                0x00000000c000d34e                Filesystem::~Filesystem()
                0x00000000c000d34e                Filesystem::~Filesystem()
                0x00000000c000d35c                Filesystem::~Filesystem()
                0x00000000c000d380                Fs::getcwd(Process*, char*, int)
                0x00000000c000d3aa                Fs::initVFS()
                0x00000000c000d3d4                Fs::standardiseFiles(char*, char const*, char const*)
                0x00000000c000d57e                File::File(char const*, Process*)
                0x00000000c000d57e                File::File(char const*, Process*)
                0x00000000c000d658                File::open(FileOpenMode)
                0x00000000c000d6b6                File::close()
                0x00000000c000d716                File::seek(unsigned long long)
                0x00000000c000d76c                File::tell(unsigned long long*)
                0x00000000c000d7bc                File::rewind()
                0x00000000c000d7d0                File::unlink()
                0x00000000c000d81c                File::rename(char const*)
                0x00000000c000d86a                File::chfatattr(unsigned char, unsigned char)
                0x00000000c000d8c6                File::exists()
                0x00000000c000d904                File::stat(unsigned long long*, bool*)
                0x00000000c000d965                Fs::setcwd(Process*, char*)
                0x00000000c000dade                Directory::Directory(char const*, Process*)
                0x00000000c000dade                Directory::Directory(char const*, Process*)
                0x00000000c000dbb8                Directory::open()
                0x00000000c000dc14                Directory::close()
                0x00000000c000dc74                Directory::unlink()
                0x00000000c000dcc0                Directory::rename(char const*)
                0x00000000c000dd0e                Directory::exists()
                0x00000000c000dd4c                Directory::read(dirent*)
                0x00000000c000dd98                Directory::create()
                0x00000000c000dde4                Filesystem::chfatattr(char const*, unsigned char, unsigned char)
 *fill*         0x00000000c000ddea        0x2 
 .text          0x00000000c000ddec       0x86 hal/bus.32
                0x00000000c000ddec                Bus::Bus(char const*)
                0x00000000c000ddec                Bus::Bus(char const*)
                0x00000000c000de24                Bus::~Bus()
                0x00000000c000de24                Bus::~Bus()
                0x00000000c000de48                Bus::~Bus()
 .text          0x00000000c000de72       0x96 hal/buzzer.32
                0x00000000c000de72                beepThread(void*)
                0x00000000c000deaf                Krnl::beep(int, int, bool)
 .text          0x00000000c000df08      0x467 hal/clock.32
                0x00000000c000df08                User::loadClockSettings(int)
                0x00000000c000df5a                Clock::Clock(char const*)
                0x00000000c000df5a                Clock::Clock(char const*)
                0x00000000c000df90                Clock::~Clock()
                0x00000000c000df90                Clock::~Clock()
                0x00000000c000dfb4                Clock::~Clock()
                0x00000000c000dfde                Clock::timeInSecondsLocal()
                0x00000000c000e026                Clock::setTimeInSecondsLocal(unsigned long long)
                0x00000000c000e07f                datetimeToSeconds(datetime_t)
                0x00000000c000e1a6                Clock::setTimeInDatetimeLocal(datetime_t)
                0x00000000c000e206                secondsToDatetime(unsigned long long)
                0x00000000c000e34a                Clock::timeInDatetimeLocal()
 *fill*         0x00000000c000e36f        0x1 
 .text          0x00000000c000e370      0x504 hal/device.32
                0x00000000c000e370                Device::hibernate()
                0x00000000c000e372                Device::wake()
                0x00000000c000e374                Device::detect()
                0x00000000c000e376                Device::disableLegacy()
                0x00000000c000e378                Device::powerSaving(PowerSavingLevel)
                0x00000000c000e37a                DriverlessDevice::close(int, int, void*)
                0x00000000c000e37e                DriverlessDevice::detect()
                0x00000000c000e380                DriverlessDevice::open(int, int, void*)
                0x00000000c000e394                Device::~Device()
                0x00000000c000e394                Device::~Device()
                0x00000000c000e3a2                Device::~Device()
                0x00000000c000e3ca                Device::findAndLoadDriver()
                0x00000000c000e3d8                Device::preOpenPCI(PCIDeviceInfo)
                0x00000000c000e3fe                Device::preOpenACPI(void*, char*, char*)
                0x00000000c000e43e                Device::addIRQHandler(int, void (*)(regs*, void*), bool, void*)
                0x00000000c000e47c                Device::getParent()
                0x00000000c000e488                Device::removeIRQHandler(int, void (*)(regs*, void*), bool)
                0x00000000c000e4c6                Device::addChild(Device*)
                0x00000000c000e50a                Device::removeAllChildren()
                0x00000000c000e550                Device::hibernateAll()
                0x00000000c000e580                Device::wakeAll()
                0x00000000c000e5b0                Device::detectAll()
                0x00000000c000e5e0                Device::disableLegacyAll()
                0x00000000c000e610                Device::loadDriversForAll()
                0x00000000c000e650                Device::closeAll()
                0x00000000c000e686                Device::powerSavingAll(PowerSavingLevel)
                0x00000000c000e6bc                Device::setName(char const*)
                0x00000000c000e6ca                Device::Device(char const*)
                0x00000000c000e6ca                Device::Device(char const*)
                0x00000000c000e7c6                Device::getName()
                0x00000000c000e7d0                DriverlessDevice::DriverlessDevice(char const*)
                0x00000000c000e7d0                DriverlessDevice::DriverlessDevice(char const*)
                0x00000000c000e806                Device::addToLinkedList(LinkedList<Device>&, DeviceType)
                0x00000000c000e84a                getDevicesOfType(DeviceType)
 .text          0x00000000c000e874       0x86 hal/diskctrl.32
                0x00000000c000e874                HardDiskController::HardDiskController(char const*)
                0x00000000c000e874                HardDiskController::HardDiskController(char const*)
                0x00000000c000e8ac                HardDiskController::~HardDiskController()
                0x00000000c000e8ac                HardDiskController::~HardDiskController()
                0x00000000c000e8d0                HardDiskController::~HardDiskController()
 .text          0x00000000c000e8fa       0xe2 hal/diskphys.32
                0x00000000c000e8fa                PhysicalDisk::eject()
                0x00000000c000e8fe                PhysicalDisk::PhysicalDisk(char const*, int)
                0x00000000c000e8fe                PhysicalDisk::PhysicalDisk(char const*, int)
                0x00000000c000e966                PhysicalDisk::startCache()
                0x00000000c000e98e                PhysicalDisk::~PhysicalDisk()
                0x00000000c000e98e                PhysicalDisk::~PhysicalDisk()
                0x00000000c000e9b2                PhysicalDisk::~PhysicalDisk()
 .text          0x00000000c000e9dc        0x0 hal/fpu.32
 .text          0x00000000c000e9dc     0x116b hal/intctrl.32
                0x00000000c000e9dc                InterruptController::uninstallISRHandler(int, void (*)(regs*, void*))
                0x00000000c000ea14                InterruptController::installISRHandler(int, void (*)(regs*, void*), void*)
                0x00000000c000ea66                doubleFault(regs*, void*)
                0x00000000c000ea80                InterruptController::installIRQHandler(int, void (*)(regs*, void*), bool, void*)
                0x00000000c000eb1c                InterruptController::clearAllHandlers(int, bool)
                0x00000000c000ebc4                InterruptController::uninstallIRQHandler(int, void (*)(regs*, void*), bool)
                0x00000000c000ec4b                nmiHandler(regs*, void*)
                0x00000000c000ec59                int_handler
                0x00000000c000ecfa                InterruptController::InterruptController(char const*)
                0x00000000c000ecfa                InterruptController::InterruptController(char const*)
                0x00000000c000eda0                InterruptController::~InterruptController()
                0x00000000c000eda0                InterruptController::~InterruptController()
                0x00000000c000edc4                InterruptController::~InterruptController()
                0x00000000c000edee                displayDebugInfo(regs*)
                0x00000000c000f27d                gpFault(regs*, void*)
                0x00000000c000f2b6                pgFault(regs*, void*)
                0x00000000c000f305                otherISRHandler(regs*, void*)
                0x00000000c000f324                opcodeFault(regs*, void*)
                0x00000000c000f6fe                displayProgramFault(char const*)
                0x00000000c000f726                setupInterruptController()
                0x00000000c000fafa                InterruptController::convertLegacyIRQNumber(int)
 *fill*         0x00000000c000fb47        0x1 
 .text          0x00000000c000fb48      0x778 hal/keybrd.32
                0x00000000c000fb48                startGUI(void*)
                0x00000000c000fbb4                startGUIVESA(void*)
                0x00000000c000fc20                sendKeyToTerminal(unsigned char)
                0x00000000c000fcde                sendKeyboardToken(KeyboardToken)
                0x00000000c0010110                clearInternalKeybuffer(VgaText*)
                0x00000000c0010145                readKeyboard(VgaText*, char*, unsigned long)
                0x00000000c0010236                Keyboard::Keyboard(char const*)
                0x00000000c0010236                Keyboard::Keyboard(char const*)
                0x00000000c0010272                Keyboard::~Keyboard()
                0x00000000c0010272                Keyboard::~Keyboard()
                0x00000000c0010296                Keyboard::~Keyboard()
 .text          0x00000000c00102c0      0x42a hal/logidisk.32
                0x00000000c00102c0                LogicalDisk::close(int, int, void*)
                0x00000000c00102c4                LogicalDisk::~LogicalDisk()
                0x00000000c00102c4                LogicalDisk::~LogicalDisk()
                0x00000000c00102e8                LogicalDisk::~LogicalDisk()
                0x00000000c0010312                LogicalDisk::open(int, int, void*)
                0x00000000c0010326                LogicalDisk::absoluteToRelative(unsigned long long)
                0x00000000c001035e                LogicalDisk::relativeToAbsolute(unsigned long long)
                0x00000000c00103a4                LogicalDisk::LogicalDisk(char const*, PhysicalDisk*, unsigned long long, unsigned long long)
                0x00000000c00103a4                LogicalDisk::LogicalDisk(char const*, PhysicalDisk*, unsigned long long, unsigned long long)
                0x00000000c001045a                LogicalDisk::assignDriveLetter()
                0x00000000c0010510                LogicalDisk::mount()
                0x00000000c0010598                LogicalDisk::unmount()
                0x00000000c00105a8                LogicalDisk::eject()
                0x00000000c00105bc                LogicalDisk::unassignDriveLetter()
                0x00000000c0010612                LogicalDisk::read(unsigned long long, int, void*)
                0x00000000c001067e                LogicalDisk::write(unsigned long long, int, void*)
 *fill*         0x00000000c00106ea        0x2 
 .text          0x00000000c00106ec       0x86 hal/mouse.32
                0x00000000c00106ec                Mouse::Mouse(char const*)
                0x00000000c00106ec                Mouse::Mouse(char const*)
                0x00000000c0010724                Mouse::~Mouse()
                0x00000000c0010724                Mouse::~Mouse()
                0x00000000c0010748                Mouse::~Mouse()
 .text          0x00000000c0010772      0x339 hal/partition.32
                0x00000000c0010772                makePartition(PhysicalDisk*, unsigned long long, unsigned long long)
                0x00000000c001081a                createPartitionsForDisk(PhysicalDisk*)
 *fill*         0x00000000c0010aab        0x1 
 .text          0x00000000c0010aac       0x86 hal/serial.32
                0x00000000c0010aac                Serial::Serial(char const*)
                0x00000000c0010aac                Serial::Serial(char const*)
                0x00000000c0010ae4                Serial::~Serial()
                0x00000000c0010ae4                Serial::~Serial()
                0x00000000c0010b08                Serial::~Serial()
 *fill*         0x00000000c0010b32        0x2 
 .text          0x00000000c0010b34      0x2f2 hal/timer.32
                0x00000000c0010b34                Timer::Timer(char const*)
                0x00000000c0010b34                Timer::Timer(char const*)
                0x00000000c0010b6c                Timer::~Timer()
                0x00000000c0010b6c                Timer::~Timer()
                0x00000000c0010b90                Timer::~Timer()
                0x00000000c0010bba                Timer::read()
                0x00000000c0010bc5                timerHandler(unsigned int)
                0x00000000c0010d2c                setupTimer(int)
 *fill*         0x00000000c0010e26        0x2 
 .text          0x00000000c0010e28      0x43e hal/vcache.32
                0x00000000c0010e28                VCache::VCache(PhysicalDisk*)
                0x00000000c0010e28                VCache::VCache(PhysicalDisk*)
                0x00000000c0010f90                VCache::invalidateReadBuffer()
                0x00000000c0010fa0                VCache::writeWriteBuffer()
                0x00000000c0010fec                VCache::~VCache()
                0x00000000c0010fec                VCache::~VCache()
                0x00000000c0011040                VCache::~VCache()
                0x00000000c0011068                VCache::write(unsigned long long, int, void*)
                0x00000000c0011162                VCache::read(unsigned long long, int, void*)
 .text          0x00000000c0011266      0x4b3 hal/video.32
                0x00000000c0011266                Video::putrect(int, int, int, int, unsigned int)
                0x00000000c00112b2                Video::bitblit(int, int, int, int, int, int, int, unsigned int*)
                0x00000000c0011322                Video::blit(unsigned int*, int, int, int, int)
                0x00000000c00113a0                Video::clearScreen(unsigned int)
                0x00000000c00113d4                Video::putpixel(int, int, unsigned int)
                0x00000000c00113e2                Video::Video(char const*)
                0x00000000c00113e2                Video::Video(char const*)
                0x00000000c0011418                Video::~Video()
                0x00000000c0011418                Video::~Video()
                0x00000000c001143c                Video::~Video()
                0x00000000c0011466                Video::isMonochrome()
                0x00000000c0011472                Video::getWidth()
                0x00000000c001147e                Video::getHeight()
                0x00000000c001148a                Video::drawCursor(int, int, unsigned char*, int)
                0x00000000c0011546                Video::tgaParse(unsigned char*, int, int*, int*)
                0x00000000c00116ae                Video::putTGA(int, int, unsigned char*, int)
 *fill*         0x00000000c0011719        0x3 
 .text          0x00000000c001171c     0x1707 hw/acpi.32
                0x00000000c001171c                ACPI::close(int, int, void*)
                0x00000000c00117d0                findRSDP()
                0x00000000c00118a4                loadACPITables(unsigned char*)
                0x00000000c0011b08                findRSDT(unsigned char*)
                0x00000000c0011cc8                findDataTable(unsigned char*, char*)
                0x00000000c0011d40                scanMADT()
                0x00000000c001221c                ACPI::ACPI()
                0x00000000c001221c                ACPI::ACPI()
                0x00000000c0012280                ACPI::getPCIIRQAssignment(unsigned char, unsigned short, unsigned char)
                0x00000000c0012368                ACPI::registerPCIIRQAssignment(void*, unsigned short, unsigned char, unsigned char)
                0x00000000c0012430                ACPI::setScreenBrightnessLevel(void*, int)
                0x00000000c0012438                ACPI::detectPCI()
                0x00000000c001291c                ACPI::writeSimpleBootFlag(SimpleBootFlagTable*)
                0x00000000c0012964                ACPI::sleep()
                0x00000000c00129a0                ACPI::open(int, int, void*)
 *fill*         0x00000000c0012e23        0x1 
 .text          0x00000000c0012e24     0x1861 hw/cpu.32
                0x00000000c0012e24                CPU::close(int, int, void*)
                0x00000000c0012e28                CPU::lookupAMDName(unsigned char, unsigned char)
                0x00000000c0012fbc                CPU::lookupIntelName(unsigned char, unsigned char)
                0x00000000c001326a                CPU::AMD_K6_write_msr(unsigned int, unsigned int, unsigned int, CPU::REGS*)
                0x00000000c0013286                CPU::AMD_K6_read_msr(unsigned int, CPU::REGS*)
                0x00000000c001329e                CPU::AMD_K6_writeback(int, int, int)
                0x00000000c0013312                CPU::cpuid(int, unsigned long*, unsigned long*, unsigned long*, unsigned long*)
                0x00000000c0013396                CPU::cpuidCheckEDX(unsigned int)
                0x00000000c00133c4                CPU::cpuidCheckECX(unsigned int)
                0x00000000c00133f2                CPU::cpuidCheckExtendedEBX(unsigned int)
                0x00000000c0013420                CPU::cpuidCheckExtendedECX(unsigned int)
                0x00000000c001344e                CPU::CPU()
                0x00000000c001344e                CPU::CPU()
                0x00000000c00134dc                CPU::displayFeatures()
                0x00000000c001377c                CPU::detectFeatures()
                0x00000000c00141a6                CPU::setupSMEP()
                0x00000000c00141b2                CPU::setupUMIP()
                0x00000000c00141bc                CPU::setupTSC()
                0x00000000c00141c6                CPU::setupLargePages()
                0x00000000c00141d0                CPU::setupPAT()
                0x00000000c001420c                CPU::setupMTRR()
                0x00000000c001420e                CPU::setupGlobalPages()
                0x00000000c0014218                CPU::allowUsermodeDataAccess()
                0x00000000c001422a                CPU::prohibitUsermodeDataAccess()
                0x00000000c001423c                CPU::setupSMAP()
                0x00000000c001424a                CPU::setupFeatures()
                0x00000000c0014316                CPU::open(int, int, void*)
                0x00000000c001448a                CPU::decodeAddress(regs*, int*, bool*, unsigned char*)
 .text          0x00000000c0014685      0x16a hw/smp.32
                0x00000000c0014685                Krnl::smpEntry()
                0x00000000c0014687                Krnl::startCPU(int)
                0x00000000c00147d0                Krnl::startCPUs()
 *fill*         0x00000000c00147ef        0x1 
 .text          0x00000000c00147f0      0x581 krnl/env.32
                0x00000000c00147f0                EnvVarContainer::getEnv(char const*)
                0x00000000c001482e                EnvVarContainer::setEnv(char const*, char const*)
                0x00000000c00148f0                EnvVarContainer::deleteEnv(char const*)
                0x00000000c00148f2                EnvVarContainer::loadFrom(char const*, char const*)
                0x00000000c0014ad8                EnvVarContainer::__loadSystem()
                0x00000000c0014af2                EnvVarContainer::__loadUser()
                0x00000000c0014af4                EnvVarContainer::EnvVarContainer(Process*)
                0x00000000c0014af4                EnvVarContainer::EnvVarContainer(Process*)
                0x00000000c0014b16                EnvVarContainer::~EnvVarContainer()
                0x00000000c0014b16                EnvVarContainer::~EnvVarContainer()
                0x00000000c0014b46                Krnl::getEnv(Process*, char const*)
                0x00000000c0014bab                Krnl::setEnvSystem(char const*, char const*)
                0x00000000c0014bc5                Krnl::setEnvUser(char const*, char const*)
                0x00000000c0014be4                Krnl::setEnvProcess(Process*, char const*, char const*)
                0x00000000c0014bf7                Krnl::deleteEnvSystem(char const*)
                0x00000000c0014bf8                Krnl::deleteEnvUser(char const*)
                0x00000000c0014bf9                Krnl::deleteEnvProcess(Process*, char const*)
                0x00000000c0014bfa                Krnl::newProcessEnv(Process*)
                0x00000000c0014c1c                Krnl::copyProcessEnv(Process*, Process*)
                0x00000000c0014c68                Krnl::loadSystemEnv()
                0x00000000c0014c96                Krnl::loadUserEnv()
                0x00000000c0014cbc                Krnl::flushEnv()
                0x00000000c0014cbd                Krnl::getProcessTotalEnvCount(Process*)
                0x00000000c0014cdd                Krnl::getProcessEnvPair(Process*, int)
 .text          0x00000000c0014d71      0x243 krnl/panic.32
                0x00000000c0014d71                Krnl::panic(char const*)
 .text          0x00000000c0014fb4      0x194 krnl/powctrl.32
                0x00000000c0014fb4                Krnl::powerThread(void*)
                0x00000000c0015034                Krnl::changePowerSettings(Krnl::PowerSettings)
                0x00000000c001504a                Krnl::userIOReceived()
                0x00000000c0015055                Krnl::handlePowerButton()
                0x00000000c001508a                Krnl::handleSleepButton()
                0x00000000c00150bf                Krnl::setupPowerManager()
 .text          0x00000000c0015148      0x50e reg/registry.32
                0x00000000c0015148                Reg::findLineFromLoadedData(char*, char*, char*)
                0x00000000c00152a0                Reg::getLineFromRegistry(char*, char*, char*, char*)
                0x00000000c00153f5                Reg::getLine(char*, char*, char*)
                0x00000000c001542c                Reg::readInt(char*, char*, int*)
                0x00000000c0015517                Reg::readString(char*, char*, char*, int)
                0x00000000c0015598                Reg::readBool(char*, char*, bool*)
                0x00000000c00155bd                Reg::readBoolWithDefault(char*, char*, bool)
                0x00000000c00155e9                Reg::readIntWithDefault(char*, char*, int)
                0x00000000c0015615                Reg::readStringWithDefault(char*, char*, char*, int, char*)
 .text          0x00000000c0015656       0x36 sys/sc_eject.32
                0x00000000c0015656                Sys::eject(regs*)
 .text          0x00000000c001568c       0x18 sys/sc_exit.32
                0x00000000c001568c                Sys::exit(regs*)
 .text          0x00000000c00156a4       0x1f sys/sc_getcwd.32
                0x00000000c00156a4                Sys::getCwd(regs*)
 .text          0x00000000c00156c3        0xc sys/sc_getpid.32
                0x00000000c00156c3                Sys::getPID(regs*)
 .text          0x00000000c00156cf       0x1a sys/sc_getramdata.32
                0x00000000c00156cf                Sys::getRAMData(regs*)
 .text          0x00000000c00156e9       0x84 sys/sc_getvgaptr.32
                0x00000000c00156e9                Sys::getVGAPtr(regs*)
 .text          0x00000000c001576d       0xa8 sys/sc_loaddll.32
                0x00000000c001576d                Sys::loadDLL(regs*)
 .text          0x00000000c0015815       0x68 sys/sc_read.32
                0x00000000c0015815                Sys::read(regs*)
 .text          0x00000000c001587d       0x55 sys/sc_sbrk.32
                0x00000000c001587d                Sys::sbrk(regs*)
 .text          0x00000000c00158d2       0x1c sys/sc_setcwd.32
                0x00000000c00158d2                Sys::setCwd(regs*)
 .text          0x00000000c00158ee       0x95 sys/sc_settime.32
                0x00000000c00158ee                Sys::setTime(regs*)
 .text          0x00000000c0015983       0x4a sys/sc_timezone.32
                0x00000000c0015983                Sys::timezone(regs*)
 .text          0x00000000c00159cd       0x68 sys/sc_write.32
                0x00000000c00159cd                Sys::write(regs*)
 .text          0x00000000c0015a35       0x62 sys/sc_wsbe.32
                0x00000000c0015a35                Sys::wsbe(regs*)
 .text          0x00000000c0015a97       0x38 sys/sc_yield.32
                0x00000000c0015a97                Sys::yield(regs*)
 .text          0x00000000c0015acf      0xf8e sys/syscalls.32
                0x00000000c0015acf                sysCallSeekDir(regs*)
                0x00000000c0015ad4                sysCallTellDir(regs*)
                0x00000000c0015ad9                sysCallVerify(regs*)
                0x00000000c0015ae3                sysCallGetArgc(regs*)
                0x00000000c0015af3                sysFormatDisk(regs*)
                0x00000000c0015b5d                sysSetDiskVolumeLabel(regs*)
                0x00000000c0015ba7                sysGetDiskVolumeLabel(regs*)
                0x00000000c0015bfc                sysShutdown(regs*)
                0x00000000c0015c5a                sysCallRealpath(regs*)
                0x00000000c0015c9d                sysCallReadDir(regs*)
                0x00000000c0015d1c                sysCallIsATTY(regs*)
                0x00000000c0015d76                sysCallSeek(regs*)
                0x00000000c0015dcd                sysCallTell(regs*)
                0x00000000c0015e39                sysCallSize(regs*)
                0x00000000c0015eab                sysCallSizeFromFilename(regs*)
                0x00000000c0015f5a                sysCallClose(regs*)
                0x00000000c0015fba                sysCallOpenDir(regs*)
                0x00000000c001602f                sysCallCloseDir(regs*)
                0x00000000c0016083                sysCallMakeDir(regs*)
                0x00000000c00160f3                sysCallWait(regs*)
                0x00000000c001610d                sysCallNotImpl(regs*)
                0x00000000c0016128                sysPanic(regs*)
                0x00000000c0016142                sysCallRmdir(regs*)
                0x00000000c00161a6                sysCallUnlink(regs*)
                0x00000000c001620a                sysCallGetArgv(regs*)
                0x00000000c0016256                sysCallTTYName(regs*)
                0x00000000c00162d9                sysCallUSleep(regs*)
                0x00000000c0016302                sysCallSpawn(regs*)
                0x00000000c001636a                sysCallGetEnv(regs*)
                0x00000000c0016417                sysAppSettings(regs*)
                0x00000000c001652b                sysSetFatAttrib(regs*)
                0x00000000c001659d                sysPipe(regs*)
                0x00000000c00165e2                sysGetUnixTime(regs*)
                0x00000000c00165f6                string_ends_with(char const*, char const*)
                0x00000000c001663e                sysCallOpen(regs*)
                0x00000000c0016826                Sys::loadSyscalls()
                0x00000000c0016a1b                Sys::systemCall(regs*, void*)
 .text          0x00000000c0016a5d     0x1203 thr/elf.32
                0x00000000c0016a5d                Thr::allocateMemoryForTask(Process*, File*, unsigned long, unsigned long, unsigned long)
                0x00000000c0016d07                Thr::loadProgramIntoMemory(Process*, char const*)
                0x00000000c0016f1d                Thr::runtimeReferenceHelper()
                0x00000000c0016f30                Thr::getAddressOfKernelSymbol(char const*)
                0x00000000c0016f7f                Thr::loadKernelSymbolTable(char const*)
                0x00000000c001723d                Thr::loadDriverIntoMemory(char const*, unsigned long, bool)
                0x00000000c0017973                Thr::getDriverBaseFromAddress(unsigned long)
                0x00000000c00179a5                Thr::getDriverNameFromAddress(unsigned long)
                0x00000000c00179dc                Thr::getDriverOffsetFromAddress(unsigned long)
                0x00000000c00179f6                Thr::loadDLL(char const*, bool)
                0x00000000c0017c27                Thr::executeDLL(unsigned long, void*)
 .text          0x00000000c0017c60     0x12bd thr/prcssthr.32
                0x00000000c0017c60                userModeEntryPoint(void*)
                0x00000000c0017c88                changeTSS
                0x00000000c0017cb8                switchToThread(ThreadControlBlock*)
                0x00000000c0017d80                Process::addArgs(char**)
                0x00000000c0017de0                Process::Process(char const*, Process*, char**)
                0x00000000c0017de0                Process::Process(char const*, Process*, char**)
                0x00000000c0017fcc                Process::Process(bool, char const*, Process*, char**)
                0x00000000c0017fcc                Process::Process(bool, char const*, Process*, char**)
                0x00000000c0018184                taskStartupFunction
                0x00000000c0018190                Semaphore::Semaphore(int)
                0x00000000c0018190                Semaphore::Semaphore(int)
                0x00000000c00181c0                Mutex::Mutex()
                0x00000000c00181c0                Mutex::Mutex()
                0x00000000c00181d4                Process::createThread(void (*)(void*), void*, int)
                0x00000000c00182cc                Process::createUserThread()
                0x00000000c00182e8                setupMultitasking(void (*)())
                0x00000000c00183f0                schedule()
                0x00000000c001847c                Semaphore::tryAcquire()
                0x00000000c0018548                Semaphore::assertLocked(char const*)
                0x00000000c00185c0                blockTaskWithSchedulerLockAlreadyHeld(TaskState)
                0x00000000c00185e8                blockTask(TaskState)
                0x00000000c0018618                waitTask(int, int*, int)
                0x00000000c001865c                milliTenthSleepUntil(unsigned int)
                0x00000000c00186e8                milliTenthSleep(unsigned int)
                0x00000000c00186f8                sleep(unsigned int)
                0x00000000c0018714                Semaphore::acquire()
                0x00000000c00187d0                taskReturned
                0x00000000c001880c                Thr::processFromPID(int)
                0x00000000c00188ac                unblockTask(ThreadControlBlock*)
                0x00000000c0018950                cleanupTerminatedTask(ThreadControlBlock*)
                0x00000000c0018c18                cleanerTaskFunction(void*)
                0x00000000c0018d08                terminateTask(int)
                0x00000000c0018dd4                Thr::terminateFromIRQ(int)
                0x00000000c0018de0                Semaphore::release()
 .text          0x00000000c0018f1d      0xb93 vm86/vm8086.32
                0x00000000c0018f1d                Vm::inbv(unsigned short)
                0x00000000c0018f30                Vm::outbv(unsigned short, unsigned char)
                0x00000000c0018f66                Vm::realToLinear(unsigned short, unsigned short)
                0x00000000c0018f76                Vm::getSegment(unsigned int)
                0x00000000c0018f7e                Vm::getOffset(unsigned int)
                0x00000000c0018f83                Vm::mainloop2()
                0x00000000c0018fbd                Vm::mainVm8086Loop(void*)
                0x00000000c0018fcd                Vm::mainloop3(unsigned long)
                0x00000000c0018ff3                Vm::initialise8086()
                0x00000000c0019036                Vm::finish8086()
                0x00000000c0019097                Vm::getOutput8086(unsigned char*)
                0x00000000c00190bc                Vm::start8086FromBuffer(unsigned char*, int, unsigned short, unsigned short, unsigned short, unsigned short)
                0x00000000c0019175                Vm::start8086(char const*, unsigned short, unsigned short, unsigned short, unsigned short)
                0x00000000c00192dd                Vm::doISR(regs*, int, unsigned char*, unsigned short, unsigned short)
                0x00000000c0019367                Vm::readByteFromReal(unsigned short, unsigned short)
                0x00000000c0019378                Vm::readWordFromReal(unsigned short, unsigned short)
                0x00000000c001938a                Vm::readDwordFromReal(unsigned short, unsigned short)
                0x00000000c001939b                Vm::writeByteFromReal(unsigned short, unsigned short, unsigned char)
                0x00000000c00193b0                Vm::writeWordFromReal(unsigned short, unsigned short, unsigned short)
                0x00000000c00193c6                Vm::writeDwordFromReal(unsigned short, unsigned short, unsigned int)
                0x00000000c00193db                Vm::faultHandler(regs*)
 .text          0x00000000c0019ab0      0xfcd vm86/x87em.32
                0x00000000c0019ab0                Vm::fpuInternalTo32(unsigned long long)
                0x00000000c0019b0e                Vm::fpuInternalTo64(unsigned long long)
                0x00000000c0019b17                Vm::fpu32ToInternal(unsigned int)
                0x00000000c0019b5c                Vm::fpu64ToInternal(unsigned long long)
                0x00000000c0019b65                Vm::fpuFloatToLong(unsigned long long)
                0x00000000c0019bc4                Vm::fpuULongToFloat(unsigned long long)
                0x00000000c0019c00                Vm::fpuLongToFloat(long long)
                0x00000000c0019c5f                Vm::fpuGet0()
                0x00000000c0019c64                Vm::fpuGet1()
                0x00000000c0019c6c                Vm::fpuGetPi()
                0x00000000c0019c74                Vm::fpuGetLog2E()
                0x00000000c0019c8c                Vm::fpuGetLogE2()
                0x00000000c0019ca4                Vm::fpuGetLog210()
                0x00000000c0019cbc                Vm::fpuGetLog102()
                0x00000000c0019cd4                Vm::fpuIsSecondLarger(unsigned long long, unsigned long long)
                0x00000000c0019ce8                Vm::fpuAreEqual(unsigned long long, unsigned long long)
                0x00000000c0019cfe                Vm::fpuUnorderedCompare(unsigned long long, unsigned long long)
                0x00000000c0019d54                Vm::fpuAdd(unsigned long long, unsigned long long)
                0x00000000c0019d65                Vm::fpuAbs(unsigned long long)
                0x00000000c0019d6e                Vm::fpuChs(unsigned long long)
                0x00000000c0019d7e                Vm::fpuSub(unsigned long long, unsigned long long)
                0x00000000c0019d8d                Vm::fpuMultiply(unsigned long long, unsigned long long)
                0x00000000c0019dac                Vm::fpuDivide(unsigned long long, unsigned long long)
                0x00000000c0019dc8                Vm::fpuSquare(unsigned long long)
                0x00000000c0019dde                Vm::fpuGetReg(int)
                0x00000000c0019e21                Vm::fpuSetReg(int, unsigned long long)
                0x00000000c0019e6d                Vm::fpuPush(unsigned long long)
                0x00000000c0019ecb                Vm::fpuPop()
                0x00000000c0019f1e                Vm::x87Handler(regs*)
 .text          0x00000000c001aa7d      0x1ef arch/i386/hal.32
                0x00000000c001aa7d                Hal::noCopro(unsigned long)
                0x00000000c001aa7e                Hal::noTSC()
                0x00000000c001aa83                Hal::readTSC()
                0x00000000c001aa86                i386SaveCoprocessor(void*)
                0x00000000c001aa9a                x87EmulHandler(regs*, void*)
                0x00000000c001ab3c                i386LoadCoprocessor(void*)
                0x00000000c001ab50                Hal::initialiseCoprocessor()
                0x00000000c001ac06                Hal::panic(char const*)
                0x00000000c001ac0b                Hal::initialise()
                0x00000000c001ac2f                Hal::makeBeep(int)
                0x00000000c001ac69                Hal::getRand()
 .text          0x00000000c001ac6c     0x13b7 fs/fat/vfslink.32
                0x00000000c001ac6c                FAT::getName()
                0x00000000c001ac74                FAT::tell(void*, unsigned long long*)
                0x00000000c001acb0                FAT::stat(void*, unsigned long long*)
                0x00000000c001acec                FAT::~FAT()
                0x00000000c001acec                FAT::~FAT()
                0x00000000c001ad10                FAT::~FAT()
                0x00000000c001ad38                FAT::getlabel(LogicalDisk*, int, char*, unsigned int*)
                0x00000000c001addc                FAT::setlabel(LogicalDisk*, int, char*)
                0x00000000c001aea0                FAT::format(LogicalDisk*, int, char const*, int)
                0x00000000c001b074                FAT::tryMount(LogicalDisk*, int)
                0x00000000c001b28c                FAT::allocateSwapfile(char const*, int)
                0x00000000c001b448                FAT::readDir(void*, unsigned long, void*, int*)
                0x00000000c001b5b4                FAT::read(void*, unsigned long, void*, int*)
                0x00000000c001b614                FAT::write(void*, unsigned long, void*, int*)
                0x00000000c001b674                FAT::close(void*)
                0x00000000c001b6c8                FAT::closeDir(void*)
                0x00000000c001b71c                FAT::seek(void*, unsigned long long)
                0x00000000c001b778                fatWrapperReadDisk
                0x00000000c001b7c0                fatWrapperWriteDisk
                0x00000000c001b808                fatWrapperIoctl
                0x00000000c001b918                FAT::FAT()
                0x00000000c001b918                FAT::FAT()
                0x00000000c001b96c                FAT::fixFilepath(char*)
                0x00000000c001b9a8                FAT::open(char const*, void**, FileOpenMode)
                0x00000000c001badc                FAT::openDir(char const*, void**)
                0x00000000c001bb8c                FAT::stat(char const*, unsigned long long*, bool*)
                0x00000000c001bc80                FAT::unlink(char const*)
                0x00000000c001bd00                FAT::chfatattr(char const*, unsigned char, unsigned char)
                0x00000000c001be68                FAT::rename(char const*, char const*)
                0x00000000c001bf34                FAT::mkdir(char const*)
                0x00000000c001bfb4                FAT::exists(char const*)
 *fill*         0x00000000c001c023        0x1 
 .text          0x00000000c001c024      0xba7 fs/iso9660/vfslink.32
                0x00000000c001c024                ISO9660::format(LogicalDisk*, int, char const*, int)
                0x00000000c001c02a                ISO9660::seek(void*, unsigned long long)
                0x00000000c001c05a                ISO9660::tell(void*, unsigned long long*)
                0x00000000c001c07e                ISO9660::getName()
                0x00000000c001c084                ISO9660::stat(void*, unsigned long long*)
                0x00000000c001c0a8                ISO9660::chfatattr(char const*, unsigned char, unsigned char)
                0x00000000c001c0ae                ISO9660::unlink(char const*)
                0x00000000c001c0b4                ISO9660::write(void*, unsigned long, void*, int*)
                0x00000000c001c0ba                ISO9660::rename(char const*, char const*)
                0x00000000c001c0c0                ISO9660::mkdir(char const*)
                0x00000000c001c0c6                ISO9660::close(void*)
                0x00000000c001c0e8                ISO9660::closeDir(void*)
                0x00000000c001c10a                ISO9660::~ISO9660()
                0x00000000c001c10a                ISO9660::~ISO9660()
                0x00000000c001c12e                ISO9660::~ISO9660()
                0x00000000c001c155                __memmem(unsigned char*, int, unsigned char*, int)
                0x00000000c001c197                readSectorFromCDROM(unsigned int, unsigned char*, char)
                0x00000000c001c212                ISO9660::tryMount(LogicalDisk*, int)
                0x00000000c001c272                ISO9660::read(void*, unsigned long, void*, int*)
                0x00000000c001c476                ISO9660::readDir(void*, unsigned long, void*, int*)
                0x00000000c001c6f0                readRoot(unsigned int*, unsigned int*, char)
                0x00000000c001c744                readRecursively(char*, unsigned int, unsigned int, unsigned int*, unsigned int*, char, int*)
                0x00000000c001c91a                getFileData(char*, unsigned int*, unsigned int*, char, int*)
                0x00000000c001c9a8                ISO9660::open(char const*, void**, FileOpenMode)
                0x00000000c001ca56                ISO9660::exists(char const*)
                0x00000000c001ca7a                ISO9660::stat(char const*, unsigned long long*, bool*)
                0x00000000c001cb0e                ISO9660::openDir(char const*, void**)
                0x00000000c001cba8                ISO9660::ISO9660()
                0x00000000c001cba8                ISO9660::ISO9660()
 *fill*         0x00000000c001cbcb        0x1 
 .text          0x00000000c001cbcc      0x298 hal/sound/sndcard.32
                0x00000000c001cbcc                SoundCard::beginPlayback()
                0x00000000c001cbda                SoundCard::stopPlayback()
                0x00000000c001cbe8                SoundCard::SoundCard(char const*)
                0x00000000c001cbe8                SoundCard::SoundCard(char const*)
                0x00000000c001cc86                SoundCard::~SoundCard()
                0x00000000c001cc86                SoundCard::~SoundCard()
                0x00000000c001ccaa                SoundCard::~SoundCard()
                0x00000000c001ccd4                SoundCard::configureRates(int, int, int)
                0x00000000c001cd04                SoundCard::getSamples16(int, short*)
                0x00000000c001cd6e                SoundCard::getSamples32(int, int*)
                0x00000000c001cdf4                SoundCard::addChannel(SoundPort*)
                0x00000000c001ce50                SoundCard::removeChannel(int)
 .text          0x00000000c001ce64      0x3fb hal/sound/sndport.32
                0x00000000c001ce64                SoundPort::SoundPort(int, int, int, int)
                0x00000000c001ce64                SoundPort::SoundPort(int, int, int, int)
                0x00000000c001cef0                SoundPort::~SoundPort()
                0x00000000c001cef0                SoundPort::~SoundPort()
                0x00000000c001cf24                SoundPort::unpause()
                0x00000000c001cf30                SoundPort::pause()
                0x00000000c001cf3c                SoundPort::getBufferUsed()
                0x00000000c001cf44                SoundPort::getBufferSize()
                0x00000000c001cf4c                SoundPort::buffer16(short*, int)
                0x00000000c001d000                SoundPort::buffer32(int*, int)
                0x00000000c001d0ac                SoundPort::unbufferAndAdd16(int, short*, SoundCard*)
                0x00000000c001d1a8                SoundPort::unbufferAndAdd32(int, int*, SoundCard*)
 .text          0x00000000c001d25f        0x0 hw/bus/isa.32
 *fill*         0x00000000c001d25f        0x1 
 .text          0x00000000c001d260     0x1187 hw/bus/pci.32
                0x00000000c001d260                PCI::open(int, int, void*)
                0x00000000c001d27e                PCI::close(int, int, void*)
                0x00000000c001d282                PCI::PCI()
                0x00000000c001d282                PCI::PCI()
                0x00000000c001d318                PCI::readBAR8(unsigned int, int)
                0x00000000c001d334                PCI::readBAR16(unsigned int, int)
                0x00000000c001d352                PCI::readBAR32(unsigned int, int)
                0x00000000c001d36e                PCI::writeBAR8(unsigned int, unsigned char, int)
                0x00000000c001d38e                PCI::writeBAR16(unsigned int, unsigned short, int)
                0x00000000c001d3b0                PCI::writeBAR32(unsigned int, unsigned int, int)
                0x00000000c001d3d0                PCI::legacyMechanism(unsigned char, unsigned char, unsigned char, unsigned char)
                0x00000000c001d43e                PCI::pciReadWord(unsigned char, unsigned char, unsigned char, unsigned char)
                0x00000000c001d4e6                PCI::getVendorID(unsigned char, unsigned char, unsigned char)
                0x00000000c001d50a                PCI::getHeaderType(unsigned char, unsigned char, unsigned char)
                0x00000000c001d532                PCI::getClassCode(unsigned char, unsigned char, unsigned char)
                0x00000000c001d57c                PCI::getProgIF(unsigned char, unsigned char, unsigned char)
                0x00000000c001d5a4                PCI::getRevisionID(unsigned char, unsigned char, unsigned char)
                0x00000000c001d5c8                PCI::getInterruptNumber(unsigned char, unsigned char, unsigned char)
                0x00000000c001d5ec                PCI::getSecondaryBus(unsigned char, unsigned char, unsigned char)
                0x00000000c001d614                PCI::getBARAddress(unsigned char, unsigned char, unsigned char, unsigned char)
                0x00000000c001d678                PCI::pciWriteWord(unsigned char, unsigned char, unsigned char, unsigned char, unsigned short)
                0x00000000c001d760                PCI::pciDetailsToFilepath(PCIDeviceInfo, char*)
                0x00000000c001db52                PCI::checkBus(unsigned char)
                0x00000000c001db76                PCI::foundDevice(PCIDeviceInfo)
                0x00000000c001dfb6                PCI::getDeviceData(unsigned char, unsigned char, unsigned char)
                0x00000000c001e328                PCI::checkDevice(unsigned char, unsigned char)
                0x00000000c001e394                PCI::detect()
 *fill*         0x00000000c001e3e7        0x1 
 .text          0x00000000c001e3e8      0xb66 hw/diskctrl/ide.32
                0x00000000c001e3e8                IDE::close(int, int, void*)
                0x00000000c001e3ec                IDE::IDE()
                0x00000000c001e3ec                IDE::IDE()
                0x00000000c001e420                IDE::prepareInterrupt(unsigned char)
                0x00000000c001e432                selectDrive(unsigned char, unsigned char)
                0x00000000c001e434                IDE::getBase(unsigned char)
                0x00000000c001e446                IDE::write(unsigned char, unsigned char, unsigned char)
                0x00000000c001e506                IDE::read(unsigned char, unsigned char)
                0x00000000c001e5b4                IDE::waitInterrupt(unsigned char)
                0x00000000c001e616                ideChannel0IRQHandler(regs*, void*)
                0x00000000c001e632                ideChannel1IRQHandler(regs*, void*)
                0x00000000c001e64e                IDE::enableIRQs(unsigned char, bool)
                0x00000000c001e694                IDE::open(int, int, void*)
                0x00000000c001eabe                IDE::readBuffer(unsigned char, unsigned char, unsigned int, unsigned int)
                0x00000000c001eb8a                IDE::detect()
                0x00000000c001ee4a                IDE::printError(unsigned char, unsigned char, unsigned char)
                0x00000000c001eefa                IDE::polling(unsigned char, unsigned int)
 .text          0x00000000c001ef4e      0x46c hw/diskctrl/satabus.32
                0x00000000c001ef4e                SATABus::close(int, int, void*)
                0x00000000c001ef52                SATABus::detect()
                0x00000000c001ef54                SATABus::SATABus()
                0x00000000c001ef54                SATABus::SATABus()
                0x00000000c001efda                SATABus::findCmdslot(SATABus::tagHBA_PORT volatile*)
                0x00000000c001f00c                SATABus::checkType(SATABus::tagHBA_PORT volatile*)
                0x00000000c001f054                SATABus::startCmd(SATABus::tagHBA_PORT volatile*)
                0x00000000c001f074                SATABus::stopCmd(SATABus::tagHBA_PORT volatile*)
                0x00000000c001f09e                SATABus::portRebase(SATABus::tagHBA_PORT volatile*, int)
                0x00000000c001f1a4                SATABus::probePort(SATABus::tagHBA_MEM volatile*)
                0x00000000c001f386                SATABus::open(int, int, void*)
 .text          0x00000000c001f3ba      0x684 hw/diskphys/ata.32
                0x00000000c001f3ba                ATA::close(int, int, void*)
                0x00000000c001f3de                ATA::powerSaving(PowerSavingLevel)
                0x00000000c001f3e0                ATA::ATA()
                0x00000000c001f3e0                ATA::ATA()
                0x00000000c001f40e                ATA::flush(bool)
                0x00000000c001f458                ATA::readyForCommand()
                0x00000000c001f4a4                ATA::access(unsigned long long, int, void*, bool)
                0x00000000c001f89a                ATA::read(unsigned long long, int, void*)
                0x00000000c001f8e6                ATA::write(unsigned long long, int, void*)
                0x00000000c001f948                ATA::detectCHS()
                0x00000000c001f972                ATA::open(int, int, void*)
 .text          0x00000000c001fa3e      0x645 hw/diskphys/atapi.32
                0x00000000c001fa3e                ATAPI::write(unsigned long long, int, void*)
                0x00000000c001fa44                ATAPI::close(int, int, void*)
                0x00000000c001fa68                ATAPI::ATAPI()
                0x00000000c001fa68                ATAPI::ATAPI()
                0x00000000c001fa96                ATAPI::readyForCommand()
                0x00000000c001fae8                ATAPI::sendPacket(unsigned char*, int, bool, unsigned short*, int)
                0x00000000c001fda8                ATAPI::diskRemoved()
                0x00000000c001fe04                ATAPI::eject()
                0x00000000c001fe4c                ATAPI::diskInserted()
                0x00000000c001fe68                ATAPI::detectMedia()
                0x00000000c001ff24                ATAPI::open(int, int, void*)
                0x00000000c0020004                ATAPI::read(unsigned long long, int, void*)
 *fill*         0x00000000c0020083        0x1 
 .text          0x00000000c0020084      0xa68 hw/diskphys/sata.32
                0x00000000c0020084                SATA::close(int, int, void*)
                0x00000000c00200a8                SATA::powerSaving(PowerSavingLevel)
                0x00000000c00200aa                SATA::open(int, int, void*)
                0x00000000c00202a0                SATA::SATA()
                0x00000000c00202a0                SATA::SATA()
                0x00000000c00202ce                SATA::access(unsigned long long, int, void*, bool)
                0x00000000c00208c6                SATA::read(unsigned long long, int, void*)
                0x00000000c00209c6                SATA::write(unsigned long long, int, void*)
 .text          0x00000000c0020aec      0x642 hw/diskphys/satapi.32
                0x00000000c0020aec                SATAPI::write(unsigned long long, int, void*)
                0x00000000c0020af2                SATAPI::close(int, int, void*)
                0x00000000c0020b16                SATAPI::SATAPI()
                0x00000000c0020b16                SATAPI::SATAPI()
                0x00000000c0020b44                SATAPI::diskRemoved()
                0x00000000c0020b46                SATAPI::diskInserted()
                0x00000000c0020b62                SATAPI::sendPacket(unsigned char*, int, unsigned long long, unsigned short*, int)
                0x00000000c0020df0                SATAPI::eject()
                0x00000000c0020e2c                SATAPI::detectMedia()
                0x00000000c0020f56                SATAPI::open(int, int, void*)
                0x00000000c0021056                SATAPI::read(unsigned long long, int, void*)
 .text          0x00000000c002112e      0x71e hw/intctrl/apic.32
                0x00000000c002112e                APIC::disable()
                0x00000000c0021130                APIC::close(int, int, void*)
                0x00000000c0021152                IOAPIC::close(int, int, void*)
                0x00000000c0021158                APIC::io_wait()
                0x00000000c002115e                APIC::getBase()
                0x00000000c00211a0                APIC::eoi(unsigned char)
                0x00000000c00211ce                APIC::open(int, int, void*)
                0x00000000c002131c                IOAPIC::IOAPIC()
                0x00000000c002131c                IOAPIC::IOAPIC()
                0x00000000c0021344                APIC::APIC()
                0x00000000c0021344                APIC::APIC()
                0x00000000c0021420                IOAPIC::handlesGSIWithNumber(unsigned int)
                0x00000000c0021452                IOAPIC::read(int)
                0x00000000c002147a                IOAPIC::open(int, int, void*)
                0x00000000c0021570                IOAPIC::write(int, int)
                0x00000000c002159c                IOAPIC::redirect(unsigned char, unsigned long long, unsigned char, bool, bool)
                0x00000000c0021696                APIC::installIRQHandler(int, void (*)(regs*, void*), bool, void*)
 .text          0x00000000c002184c      0x3d3 hw/intctrl/pic.32
                0x00000000c002184c                PIC::disable()
                0x00000000c002187a                PIC::close(int, int, void*)
                0x00000000c002189c                PIC::PIC()
                0x00000000c002189c                PIC::PIC()
                0x00000000c0021972                PIC::ioWait()
                0x00000000c0021978                PIC::getIRQReg(int)
                0x00000000c00219e2                PIC::eoi(unsigned char)
                0x00000000c0021a74                PIC::remap()
                0x00000000c0021be0                PIC::open(int, int, void*)
 *fill*         0x00000000c0021c1f        0x1 
 .text          0x00000000c0021c20      0x240 hw/timer/apictimer.32
                0x00000000c0021c20                APICTimer::close(int, int, void*)
                0x00000000c0021c28                apicTimerHandler(regs*, void*)
                0x00000000c0021c50                APICTimer::write(int)
                0x00000000c0021d38                APICTimer::open(int, int, void*)
                0x00000000c0021e38                APICTimer::APICTimer()
                0x00000000c0021e38                APICTimer::APICTimer()
 .text          0x00000000c0021e60      0x1a3 hw/timer/pit.32
                0x00000000c0021e60                PIT::write(int)
                0x00000000c0021ee0                pitHandler(regs*, void*)
                0x00000000c0021f04                PIT::open(int, int, void*)
                0x00000000c0021f54                PIT::close(int, int, void*)
                0x00000000c0021f84                PIT::PIT()
                0x00000000c0021f84                PIT::PIT()
 *fill*         0x00000000c0022003        0xd 
 .text          0x00000000c0022010       0x83 arch/i386/avx.32
                0x00000000c0022010                avxDetect
                0x00000000c002203a                avxSave
                0x00000000c002204b                avxLoad
                0x00000000c002205c                avxInit
                0x00000000c002207e                avxClose
                0x00000000c002207f                wouldSheSayYes
 *fill*         0x00000000c0022093        0xd 
 .text          0x00000000c00220a0       0x10 arch/i386/rdrand.32
                0x00000000c00220a0                _i386_getRDRAND
 .text          0x00000000c00220b0       0x39 arch/i386/sse.32
                0x00000000c00220b0                absolutelyNoChanceInHell
                0x00000000c00220b0                sseDetect
                0x00000000c00220c8                sseSave
                0x00000000c00220d0                sseLoad
                0x00000000c00220d8                sseInit
                0x00000000c00220e8                sseClose
 *fill*         0x00000000c00220e9        0x7 
 .text          0x00000000c00220f0       0x49 arch/i386/x87.32
                0x00000000c00220f6                x87Detect
                0x00000000c0022111                x87Save
                0x00000000c0022118                x87Load
                0x00000000c002211f                x87Init
                0x00000000c0022138                x87Close
 *fill*         0x00000000c0022139        0x3 
 .text          0x00000000c002213c       0x25 /cygdrive/d/Users/Alex/Desktop/Toolchain/Output/bin/../lib/gcc/i386-banana/8.1.0/crtend.o
 .text          0x00000000c0022161        0x0 crtn.32
 *fill*         0x00000000c0022161        0x3 
 .text          0x00000000c0022164      0x14b /cygdrive/d/Users/Alex/Desktop/Toolchain/Output/bin/../lib/gcc/i386-banana/8.1.0/libkgcc.a(_divdi3.o)
                0x00000000c0022164                __divdi3
 *fill*         0x00000000c00222af        0x1 
 .text          0x00000000c00222b0      0x17e /cygdrive/d/Users/Alex/Desktop/Toolchain/Output/bin/../lib/gcc/i386-banana/8.1.0/libkgcc.a(_moddi3.o)
                0x00000000c00222b0                __moddi3
 *fill*         0x00000000c002242e        0x2 
 .text          0x00000000c0022430       0xff /cygdrive/d/Users/Alex/Desktop/Toolchain/Output/bin/../lib/gcc/i386-banana/8.1.0/libkgcc.a(_udivdi3.o)
                0x00000000c0022430                __udivdi3
 *fill*         0x00000000c002252f        0x1 
 .text          0x00000000c0022530      0x11a /cygdrive/d/Users/Alex/Desktop/Toolchain/Output/bin/../lib/gcc/i386-banana/8.1.0/libkgcc.a(_umoddi3.o)
                0x00000000c0022530                __umoddi3
 *(.gnu.linkonce.t*)

.iplt           0x00000000c0022650        0x0
 .iplt          0x00000000c0022650        0x0 D:/Users/Alex/Desktop/Banana/kernel/boot.32

.init           0x00000000c002264a        0xf
 .init          0x00000000c002264a        0x3 crti.32
                0x00000000c002264a                _init
 .init          0x00000000c002264d        0x5 /cygdrive/d/Users/Alex/Desktop/Toolchain/Output/bin/../lib/gcc/i386-banana/8.1.0/crtbegin.o
 .init          0x00000000c0022652        0x5 /cygdrive/d/Users/Alex/Desktop/Toolchain/Output/bin/../lib/gcc/i386-banana/8.1.0/crtend.o
 .init          0x00000000c0022657        0x2 crtn.32

.fini           0x00000000c0022659        0xa
 .fini          0x00000000c0022659        0x3 crti.32
                0x00000000c0022659                _fini
 .fini          0x00000000c002265c        0x5 /cygdrive/d/Users/Alex/Desktop/Toolchain/Output/bin/../lib/gcc/i386-banana/8.1.0/crtbegin.o
 .fini          0x00000000c0022661        0x2 crtn.32

.text._ZN8ComputerD2Ev
                0x00000000c0022664       0x23
 .text._ZN8ComputerD2Ev
                0x00000000c0022664       0x23 core/computer.32
                0x00000000c0022664                Computer::~Computer()
                0x00000000c0022664                Computer::~Computer()

.text._ZN8ComputerD0Ev
                0x00000000c0022688       0x2a
 .text._ZN8ComputerD0Ev
                0x00000000c0022688       0x2a core/computer.32
                0x00000000c0022688                Computer::~Computer()

.text._Z10idleCommonv
                0x00000000c00226b2       0x21
 .text._Z10idleCommonv
                0x00000000c00226b2       0x21 core/idle.32
                0x00000000c00226b2                idleCommon()

.text._ZN10LinkedListI8UnixFileED2Ev
                0x00000000c00226d4        0x2
 .text._ZN10LinkedListI8UnixFileED2Ev
                0x00000000c00226d4        0x2 core/unixfile.32
                0x00000000c00226d4                LinkedList<UnixFile>::~LinkedList()
                0x00000000c00226d4                LinkedList<UnixFile>::~LinkedList()

.text._ZN10LinkedListI8UnixFileEC2Ev
                0x00000000c00226d6       0x42
 .text._ZN10LinkedListI8UnixFileEC2Ev
                0x00000000c00226d6       0x42 core/unixfile.32
                0x00000000c00226d6                LinkedList<UnixFile>::LinkedList()
                0x00000000c00226d6                LinkedList<UnixFile>::LinkedList()

.text._ZN10LinkedListI8UnixFileE10addElementEPS0_
                0x00000000c0022718       0xd3
 .text._ZN10LinkedListI8UnixFileE10addElementEPS0_
                0x00000000c0022718       0xd3 core/unixfile.32
                0x00000000c0022718                LinkedList<UnixFile>::addElement(UnixFile*)

.text._ZN10LinkedListI8UnixFileE15getFirstElementEv
                0x00000000c00227ec        0x7
 .text._ZN10LinkedListI8UnixFileE15getFirstElementEv
                0x00000000c00227ec        0x7 core/unixfile.32
                0x00000000c00227ec                LinkedList<UnixFile>::getFirstElement()

.text._ZN10LinkedListI8UnixFileE11removeFirstEv
                0x00000000c00227f4       0xa1
 .text._ZN10LinkedListI8UnixFileE11removeFirstEv
                0x00000000c00227f4       0xa1 core/unixfile.32
                0x00000000c00227f4                LinkedList<UnixFile>::removeFirst()

.text._ZN10LinkedListI8UnixFileE7getNextEPS0_
                0x00000000c0022896        0x8
 .text._ZN10LinkedListI8UnixFileE7getNextEPS0_
                0x00000000c0022896        0x8 core/unixfile.32
                0x00000000c0022896                LinkedList<UnixFile>::getNext(UnixFile*)

.text._ZN16DriverlessDeviceD2Ev
                0x00000000c002289e       0x1a
 .text._ZN16DriverlessDeviceD2Ev
                0x00000000c002289e       0x1a hal/device.32
                0x00000000c002289e                DriverlessDevice::~DriverlessDevice()
                0x00000000c002289e                DriverlessDevice::~DriverlessDevice()

.text._ZN16DriverlessDeviceD0Ev
                0x00000000c00228b8       0x2a
 .text._ZN16DriverlessDeviceD0Ev
                0x00000000c00228b8       0x2a hal/device.32
                0x00000000c00228b8                DriverlessDevice::~DriverlessDevice()

.text._ZN10LinkedListI6DeviceE10addElementEPS0_
                0x00000000c00228e2       0xdc
 .text._ZN10LinkedListI6DeviceE10addElementEPS0_
                0x00000000c00228e2       0xdc hal/device.32
                0x00000000c00228e2                LinkedList<Device>::addElement(Device*)

.text._ZN10LinkedListI6DeviceEC2Ev
                0x00000000c00229be       0x42
 .text._ZN10LinkedListI6DeviceEC2Ev
                0x00000000c00229be       0x42 hal/device.32
                0x00000000c00229be                LinkedList<Device>::LinkedList()
                0x00000000c00229be                LinkedList<Device>::LinkedList()

.text._ZN10LinkedListIV18ThreadControlBlockE7isEmptyEv
                0x00000000c0022a00       0x1c
 .text._ZN10LinkedListIV18ThreadControlBlockE7isEmptyEv
                0x00000000c0022a00       0x1c hal/timer.32
                0x00000000c0022a00                LinkedList<ThreadControlBlock volatile>::isEmpty()
