Archive member included to satisfy reference by file (symbol)

/cygdrive/d/Users/Alex/Desktop/Toolchain/Output/bin/../lib/gcc/i386-banana/8.1.0/libkgcc.a(_divdi3.o)
                              fs/fat/ff.32 (__divdi3)
/cygdrive/d/Users/Alex/Desktop/Toolchain/Output/bin/../lib/gcc/i386-banana/8.1.0/libkgcc.a(_moddi3.o)
                              compat/resolve.32 (__moddi3)
/cygdrive/d/Users/Alex/Desktop/Toolchain/Output/bin/../lib/gcc/i386-banana/8.1.0/libkgcc.a(_udivdi3.o)
                              fs/fat/ff.32 (__udivdi3)
/cygdrive/d/Users/Alex/Desktop/Toolchain/Output/bin/../lib/gcc/i386-banana/8.1.0/libkgcc.a(_umoddi3.o)
                              compat/resolve.32 (__umoddi3)
D:/Users/Alex/Desktop/Banana/kernel/libsoftfp.a(sfieeelib.o)
                              hal/sound/sndhw.32 (__addsf3)
D:/Users/Alex/Desktop/Banana/kernel/libsoftfp.a(dfieeelib.o)
                              hal/libresample/src_linear.32 (__adddf3)
D:/Users/Alex/Desktop/Banana/kernel/libsoftfp.a(sfdfcvt.o)
                              hal/libresample/samplerate.32 (__truncdfsf2)
D:/Users/Alex/Desktop/Banana/kernel/libk/libm32.a(s_fabs.c.o)
                              hal/libresample/samplerate.32 (fabs)
D:/Users/Alex/Desktop/Banana/kernel/libk/libm32.a(s_lrint.S.o)
                              hal/libresample/samplerate.32 (lrint)
D:/Users/Alex/Desktop/Banana/kernel/libk/libm32.a(s_lrintf.S.o)
                              hal/sound/sndhw.32 (lrintf)

Discarded input sections

 .comment       0x0000000000000000       0x12 /cygdrive/d/Users/Alex/Desktop/Toolchain/Output/bin/../lib/gcc/i386-banana/8.1.0/crtbegin.o
 .comment       0x0000000000000000       0x12 acpica/utclib.32
 .comment       0x0000000000000000       0x12 core/malloc.32
 .comment       0x0000000000000000       0x12 libk/string.32
 .comment       0x0000000000000000       0x12 fs/fat/diskio.32
 .comment       0x0000000000000000       0x12 fs/fat/ff.32
 .comment       0x0000000000000000       0x12 fs/fat/ffsystem.32
 .comment       0x0000000000000000       0x12 fs/fat/ffunicode.32
 .comment       0x0000000000000000       0x12 hal/libresample/samplerate.32
 .comment       0x0000000000000000       0x12 hal/libresample/src_linear.32
 .comment       0x0000000000000000       0x12 hal/libresample/src_sinc.32
 .comment       0x0000000000000000       0x12 hal/libresample/src_zoh.32
 .comment       0x0000000000000000       0x12 compat/inlines.32
 .comment       0x0000000000000000       0x12 compat/resolve.32
 .group         0x0000000000000000       0x14 core/computer.32
 .group         0x0000000000000000        0xc core/computer.32
 .comment       0x0000000000000000       0x12 core/computer.32
 .comment       0x0000000000000000       0x12 core/gdt.32
 .group         0x0000000000000000        0xc core/idle.32
 .comment       0x0000000000000000       0x12 core/idle.32
 .comment       0x0000000000000000       0x12 core/idt.32
 .comment       0x0000000000000000       0x12 core/kheap.32
 .comment       0x0000000000000000       0x12 core/main.32
 .comment       0x0000000000000000       0x12 core/physmgr.32
 .group         0x0000000000000000        0xc core/pipe.32
 .comment       0x0000000000000000       0x12 core/pipe.32
 .group         0x0000000000000000        0xc core/terminal.32
 .comment       0x0000000000000000       0x12 core/terminal.32
 .comment       0x0000000000000000       0x12 core/tss.32
 .group         0x0000000000000000        0x8 core/unixfile.32
 .group         0x0000000000000000        0xc core/unixfile.32
 .group         0x0000000000000000        0xc core/unixfile.32
 .group         0x0000000000000000        0x8 core/unixfile.32
 .group         0x0000000000000000        0xc core/unixfile.32
 .group         0x0000000000000000        0x8 core/unixfile.32
 .group         0x0000000000000000        0xc core/unixfile.32
 .group         0x0000000000000000        0xc core/unixfile.32
 .comment       0x0000000000000000       0x12 core/unixfile.32
 .comment       0x0000000000000000       0x12 core/virtmgr.32
 .comment       0x0000000000000000       0x12 coreobjs/c++.32
 .comment       0x0000000000000000       0x12 dbg/kconsole.32
 .group         0x0000000000000000        0xc fs/vfs.32
 .group         0x0000000000000000        0xc fs/vfs.32
 .group         0x0000000000000000        0xc fs/vfs.32
 .comment       0x0000000000000000       0x12 fs/vfs.32
 .group         0x0000000000000000        0xc hal/bus.32
 .comment       0x0000000000000000       0x12 hal/bus.32
 .group         0x0000000000000000        0xc hal/buzzer.32
 .comment       0x0000000000000000       0x12 hal/buzzer.32
 .group         0x0000000000000000        0xc hal/clock.32
 .comment       0x0000000000000000       0x12 hal/clock.32
 .group         0x0000000000000000       0x14 hal/device.32
 .group         0x0000000000000000        0xc hal/device.32
 .group         0x0000000000000000        0xc hal/device.32
 .group         0x0000000000000000        0xc hal/device.32
[...]
Memory Configuration

Name             Origin             Length             Attributes
*default*        0x0000000000000000 0xffffffffffffffff

Linker script and memory map

LOAD D:/Users/Alex/Desktop/Banana/kernel/boot.32
LOAD crti.32
LOAD /cygdrive/d/Users/Alex/Desktop/Toolchain/Output/bin/../lib/gcc/i386-banana/8.1.0/crtbegin.o
LOAD D:/Users/Alex/Desktop/Banana/kernel/morenasm.32
LOAD acpica/utclib.32
LOAD core/malloc.32
LOAD libk/string.32
LOAD fs/fat/diskio.32
LOAD fs/fat/ff.32
LOAD fs/fat/ffsystem.32
LOAD fs/fat/ffunicode.32
LOAD hal/libresample/samplerate.32
LOAD hal/libresample/src_linear.32
LOAD hal/libresample/src_sinc.32
LOAD hal/libresample/src_zoh.32
LOAD compat/inlines.32
LOAD compat/resolve.32
LOAD core/computer.32
LOAD core/gdt.32
LOAD core/idle.32
LOAD core/idt.32
LOAD core/kheap.32
LOAD core/main.32
LOAD core/physmgr.32
LOAD core/pipe.32
LOAD core/terminal.32
LOAD core/tss.32
LOAD core/unixfile.32
LOAD core/virtmgr.32
LOAD coreobjs/c++.32
LOAD dbg/kconsole.32
LOAD fs/vfs.32
LOAD hal/bus.32
LOAD hal/buzzer.32
LOAD hal/clock.32
LOAD hal/device.32
LOAD hal/diskctrl.32
LOAD hal/diskphys.32
LOAD hal/fpu.32
LOAD hal/intctrl.32
LOAD hal/keybrd.32
LOAD hal/logidisk.32
LOAD hal/mouse.32
LOAD hal/partition.32
LOAD hal/serial.32
LOAD hal/timer.32
LOAD hal/vcache.32
LOAD hal/video.32
LOAD hw/acpi.32
LOAD hw/cpu.32
LOAD hw/ports.32
LOAD hw/smp.32
LOAD krnl/env.32
LOAD krnl/panic.32
LOAD net/ethernet.32
LOAD reg/registry.32
LOAD sys/sc_eject.32
LOAD sys/sc_exit.32
LOAD sys/sc_getcwd.32
LOAD sys/sc_getpid.32
LOAD sys/sc_getramdata.32
LOAD sys/sc_loaddll.32
LOAD sys/sc_read.32
LOAD sys/sc_sbrk.32
LOAD sys/sc_setcwd.32
LOAD sys/sc_settime.32
LOAD sys/sc_timezone.32
LOAD sys/sc_write.32
LOAD sys/sc_wsbe.32
LOAD sys/sc_yield.32
LOAD sys/syscalls.32
LOAD thr/elf.32
LOAD thr/prcssthr.32
LOAD vm86/vm8086.32
LOAD vm86/x87em.32
LOAD fs/fat/vfslink.32
LOAD fs/iso9660/vfslink.32
LOAD hal/sound/sndchannel.32
LOAD hal/sound/sndhw.32
LOAD hw/bus/isa.32
LOAD hw/bus/pci.32
LOAD hw/diskctrl/ide.32
LOAD hw/diskctrl/satabus.32
LOAD hw/diskphys/ata.32
LOAD hw/diskphys/atapi.32
LOAD hw/diskphys/sata.32
LOAD hw/diskphys/satapi.32
LOAD hw/fpu/avx.32
LOAD hw/fpu/mmx.32
LOAD hw/fpu/sse.32
LOAD hw/fpu/x87.32
LOAD hw/intctrl/apic.32
LOAD hw/intctrl/pic.32
LOAD hw/timer/apictimer.32
LOAD hw/timer/pit.32
LOAD hw/fpu/x86/avx.32
LOAD hw/fpu/x86/sse.32
LOAD hw/fpu/x86/x87.32
LOAD /cygdrive/d/Users/Alex/Desktop/Toolchain/Output/bin/../lib/gcc/i386-banana/8.1.0/crtend.o
LOAD crtn.32
LOAD /cygdrive/d/Users/Alex/Desktop/Toolchain/Output/bin/../lib/gcc/i386-banana/8.1.0/libkgcc.a
LOAD D:/Users/Alex/Desktop/Banana/kernel/libsoftfp.a
LOAD D:/Users/Alex/Desktop/Banana/kernel/libk/libm32.a
                0x00000000c0000000                . = 0xc0000000

.text           0x00000000c0000000    0x286c8
 *(.text)
 .text          0x00000000c0000000       0x41 D:/Users/Alex/Desktop/Banana/kernel/boot.32
                0x00000000c0000020                callGlobalConstructors
 .text          0x00000000c0000041        0x0 crti.32
 *fill*         0x00000000c0000041        0x3 
 .text          0x00000000c0000044      0x101 /cygdrive/d/Users/Alex/Desktop/Toolchain/Output/bin/../lib/gcc/i386-banana/8.1.0/crtbegin.o
 *fill*         0x00000000c0000145        0xb 
 .text          0x00000000c0000150      0x4ed D:/Users/Alex/Desktop/Banana/kernel/morenasm.32
                0x00000000c0000150                manualPCIProbe
                0x00000000c000019b                prepareTramp
                0x00000000c00001b4                voodooXADD
                0x00000000c000027f                doTPAUSE
                0x00000000c0000289                hasLegacyFPU
                0x00000000c00002ae                is486
                0x00000000c00002e4                detectCPUID
                0x00000000c00002fa                goToVM86
                0x00000000c000032a                goToUsermode
                0x00000000c0000354                switchToThreadASMFirstTime
                0x00000000c0000362                switchToThreadASM
                0x00000000c00003ea                asmQuickAcquireLock
                0x00000000c0000408                asmQuickReleaseLock
                0x00000000c0000414                asmAcquireLock
                0x00000000c0000435                asmReleaseLock
                0x00000000c0000448                loadGDT
                0x00000000c0000468                isr0
                0x00000000c0000478                isr1
                0x00000000c0000482                isr2
                0x00000000c000048c                isr3
                0x00000000c0000496                isr4
                0x00000000c00004a0                isr5
                0x00000000c00004aa                isr6
                0x00000000c00004b4                isr7
                0x00000000c00004be                isr8
                0x00000000c00004c6                isr9
                0x00000000c00004d0                isr10
                0x00000000c00004d8                isr11
                0x00000000c00004e0                isr12
                0x00000000c00004e8                isr13
                0x00000000c00004f0                isr14
                0x00000000c00004f8                isr15
                0x00000000c0000502                isr16
                0x00000000c000050c                isr17
                0x00000000c0000516                isr18
                0x00000000c0000520                irq3
                0x00000000c000052a                irq4
                0x00000000c0000534                irq5
                0x00000000c000053e                irq6
                0x00000000c0000548                irq7
                0x00000000c0000552                irq8
                0x00000000c000055c                irq9
                0x00000000c0000566                irq10
                0x00000000c0000570                irq11
                0x00000000c000057a                irq12
                0x00000000c0000584                irq13
                0x00000000c000058e                irq14
                0x00000000c0000598                irq15
                0x00000000c00005a2                irq1
                0x00000000c00005a9                irq2
                0x00000000c00005b0                isr96
                0x00000000c00005b7                irq0
                0x00000000c00005bc                int_common_stub
                0x00000000c00005bc                syscall_common_stub
                0x00000000c00005ed                irq16
                0x00000000c00005f7                irq17
                0x00000000c0000601                irq18
                0x00000000c000060b                irq19
                0x00000000c0000615                irq20
                0x00000000c000061f                irq21
                0x00000000c0000629                irq22
                0x00000000c0000633                irq23
 *fill*         0x00000000c000063d        0x3 
 .text          0x00000000c0000640      0x611 acpica/utclib.32
                0x00000000c0000640                memcmp
                0x00000000c000067c                memmove
                0x00000000c0000744                memcpy
                0x00000000c0000778                memset
                0x00000000c0000794                strlen
                0x00000000c00007ac                strpbrk
                0x00000000c00007e8                strtok
                0x00000000c0000834                strcpy
                0x00000000c0000858                strncpy
                0x00000000c00008c0                strcmp
                0x00000000c0000900                strchr
                0x00000000c0000924                strncmp
                0x00000000c0000974                strcat
                0x00000000c00009a4                strncat
                0x00000000c00009e0                strstr
                0x00000000c0000a28                toupper
                0x00000000c0000a3c                tolower
                0x00000000c0000a50                simple_strtoul
 .text          0x00000000c0000c51      0xfbf core/malloc.32
                0x00000000c0000dbc                dlfree
                0x00000000c0001117                dlmalloc
                0x00000000c0001654                dlrealloc
                0x00000000c0001809                dlmemalign
                0x00000000c000192c                dlcalloc
                0x00000000c00019c6                dlcfree
                0x00000000c00019cb                dlindependent_calloc
                0x00000000c00019f0                dlindependent_comalloc
                0x00000000c0001a07                dlvalloc
                0x00000000c0001a32                dlpvalloc
                0x00000000c0001a68                dlmalloc_trim
                0x00000000c0001a75                dlmalloc_usable_size
                0x00000000c0001aa6                dlmallinfo
                0x00000000c0001b75                dlmalloc_stats
                0x00000000c0001b86                dlmallopt
 .text          0x00000000c0001c10        0x0 libk/string.32
 .text          0x00000000c0001c10       0x51 fs/fat/diskio.32
                0x00000000c0001c10                disk_status
                0x00000000c0001c13                disk_initialize
                0x00000000c0001c16                disk_read
                0x00000000c0001c2c                disk_write
                0x00000000c0001c42                disk_ioctl
 .text          0x00000000c0001c61     0x6833 fs/fat/ff.32
                0x00000000c0004f2f                f_mount
                0x00000000c0004f91                f_open
                0x00000000c00053cd                f_read
                0x00000000c000564d                f_write
                0x00000000c0005907                f_sync
                0x00000000c0005ae3                f_close
                0x00000000c0005b12                f_lseek
                0x00000000c0005fc9                f_opendir
                0x00000000c00060cb                f_closedir
                0x00000000c00060ed                f_readdir
                0x00000000c0006188                f_stat
                0x00000000c0006217                f_getfree
                0x00000000c00063e2                f_truncate
                0x00000000c00064da                f_unlink
                0x00000000c000665d                f_mkdir
                0x00000000c0006889                f_rename
                0x00000000c0006b7c                f_chmod
                0x00000000c0006c5a                f_utime
                0x00000000c0006d38                f_getlabel
                0x00000000c0006f26                f_setlabel
                0x00000000c0007193                f_forward
                0x00000000c0007371                f_mkfs
 .text          0x00000000c0008494       0x2d fs/fat/ffsystem.32
                0x00000000c0008494                ff_memalloc
                0x00000000c00084aa                ff_memfree
 .text          0x00000000c00084c1      0x253 fs/fat/ffunicode.32
                0x00000000c00084c1                ff_uni2oem
                0x00000000c0008551                ff_oem2uni
                0x00000000c00085bd                ff_wtoupper
 .text          0x00000000c0008714      0x8fb hal/libresample/samplerate.32
                0x00000000c0008758                src_delete
                0x00000000c0008794                src_process
                0x00000000c000894a                src_callback_read
                0x00000000c0008ac7                src_set_ratio
                0x00000000c0008b31                src_get_channels
                0x00000000c0008b53                src_reset
                0x00000000c0008b9f                src_new
                0x00000000c0008c2d                src_callback_new
                0x00000000c0008c8f                src_get_name
                0x00000000c0008cc6                src_get_description
                0x00000000c0008cfd                src_get_version
                0x00000000c0008d03                src_is_valid_ratio
                0x00000000c0008d57                src_error
                0x00000000c0008d65                src_strerror
                0x00000000c0008d78                src_simple
                0x00000000c0008dcb                src_short_to_float_array
                0x00000000c0008e30                src_float_to_short_array
                0x00000000c0008eef                src_int_to_float_array
                0x00000000c0008f52                src_float_to_int_array
 .text          0x00000000c000900f      0x8cb hal/libresample/src_linear.32
                0x00000000c0009835                linear_get_name
                0x00000000c0009844                linear_get_description
                0x00000000c0009853                linear_set_converter
 .text          0x00000000c00098da     0x447c hal/libresample/src_sinc.32
                0x00000000c000dc6d                sinc_get_name
                0x00000000c000dc80                sinc_get_description
                0x00000000c000dc93                sinc_set_converter
 .text          0x00000000c000dd56      0x77c hal/libresample/src_zoh.32
                0x00000000c000e42d                zoh_get_name
                0x00000000c000e43c                zoh_get_description
                0x00000000c000e44b                zoh_set_converter
 .text          0x00000000c000e4d2       0x23 compat/inlines.32
                0x00000000c000e4d2                CPU::current()
                0x00000000c000e4df                operator new(unsigned long)
 .text          0x00000000c000e4f5      0x111 compat/resolve.32
                0x00000000c000e4f5                Krnl::resolveCompatibilitySymbol(char*)
 .text          0x00000000c000e606      0xa17 core/computer.32
                0x00000000c000e606                Computer::close(int, int, void*)
                0x00000000c000e64a                Krnl::firstTask()
                0x00000000c000e73a                Computer::Computer()
                0x00000000c000e73a                Computer::Computer()
                0x00000000c000e896                Computer::setBootMessage(char const*)
                0x00000000c000e898                Computer::detectFeatures()
                0x00000000c000eaa2                Computer::displayFeatures()
                0x00000000c000ede8                Computer::rdmsr(unsigned int)
                0x00000000c000ee14                Computer::wrmsr(unsigned int, unsigned long long)
                0x00000000c000ee4c                Computer::nmiEnabled()
                0x00000000c000ee58                Computer::readCMOS(unsigned char)
                0x00000000c000ee72                Computer::enableNMI(bool)
                0x00000000c000ee8a                Computer::open(int, int, void*)
                0x00000000c000ef60                Computer::disableNMI()
                0x00000000c000ef6e                Computer::writeCMOS(unsigned char, unsigned char)
                0x00000000c000ef8c                Computer::handleNMI()
                0x00000000c000eff2                Computer::setDiskActivityLight(int, bool)
 *fill*         0x00000000c000f01d        0x1 
 .text          0x00000000c000f01e      0x1b7 core/gdt.32
                0x00000000c000f01e                GDTEntry::setBase(unsigned int)
                0x00000000c000f03a                GDTEntry::setLimit(unsigned int)
                0x00000000c000f058                GDT::GDT()
                0x00000000c000f058                GDT::GDT()
                0x00000000c000f06e                GDT::addEntry(GDTEntry)
                0x00000000c000f0aa                GDT::getNumberOfEntries()
                0x00000000c000f0b2                GDT::flush()
                0x00000000c000f0d4                GDT::setup()
 .text          0x00000000c000f1d5       0x62 core/idle.32
                0x00000000c000f1d5                idleFunction(void*)
 *fill*         0x00000000c000f237        0x1 
 .text          0x00000000c000f238      0x45f core/idt.32
                0x00000000c000f238                IDTEntry::IDTEntry(bool)
                0x00000000c000f238                IDTEntry::IDTEntry(bool)
                0x00000000c000f2a6                IDTEntry::setOffset(unsigned int)
                0x00000000c000f2ba                IDT::IDT()
                0x00000000c000f2ba                IDT::IDT()
                0x00000000c000f2bc                IDT::getPointerToInvalidOpcodeEntryForF00F()
                0x00000000c000f2c4                IDT::addEntry(IDTEntry, int)
                0x00000000c000f2de                IDT::addEntry(int, void (*)(), bool)
                0x00000000c000f316                IDT::flush()
                0x00000000c000f330                IDT::setup()
 .text          0x00000000c000f697      0x206 core/kheap.32
                0x00000000c000f697                sbrk
                0x00000000c000f7a5                mmap
                0x00000000c000f7bb                munmap
                0x00000000c000f7d1                liballoc_lock()
                0x00000000c000f7e2                liballoc_unlock()
                0x00000000c000f7f3                liballoc_alloc(int)
                0x00000000c000f811                liballoc_free(void*, int)
                0x00000000c000f82f                realloc
                0x00000000c000f843                malloc
                0x00000000c000f853                free
                0x00000000c000f863                rfree
                0x00000000c000f873                calloc
 .text          0x00000000c000f89d      0x485 core/main.32
                0x00000000c000f89d                hwTextMode_loadInData(VgaText*)
                0x00000000c000f8e8                hwTextMode_loadInTitle(VgaText*, char*)
                0x00000000c000f966                hwTextMode_showCursor(VgaText*, bool)
                0x00000000c000f9c4                hwTextMode_update(VgaText*)
                0x00000000c000f9c5                hwTextMode_updateCursor(VgaText*)
                0x00000000c000fa16                hwTextMode_disableBlink(VgaText*, bool)
                0x00000000c000fa5c                hwTextMode_scrollScreen(VgaText*)
                0x00000000c000fb09                hwTextMode_writeCharacter(VgaText*, char, VgaColour, VgaColour, int, int)
                0x00000000c000fb8b                setupTextMode()
                0x00000000c000fbfb                kernel_main
 .text          0x00000000c000fd22      0x56a core/physmgr.32
                0x00000000c000fd22                Phys::allocateDMA(unsigned long)
                0x00000000c000fdc5                Phys::freeDMA(unsigned long, unsigned long)
                0x00000000c000fe0d                Phys::setPageState(unsigned long, bool)
                0x00000000c000fe3f                Phys::getPageState(unsigned long)
                0x00000000c000fe5b                Phys::freePage(unsigned long)
                0x00000000c000fee5                Phys::allocatePage()
                0x00000000c000ffca                Phys::allocateContiguousPages(int)
                0x00000000c0010024                Phys::allowSegmentToBeUsed(unsigned long, unsigned long)
                0x00000000c001005c                Phys::physicalMemorySetup(unsigned int)
 .text          0x00000000c001028c      0x273 core/pipe.32
                0x00000000c001028c                Pipe::isAtty()
                0x00000000c0010290                Pipe::~Pipe()
                0x00000000c0010290                Pipe::~Pipe()
                0x00000000c00102b4                Pipe::~Pipe()
                0x00000000c00102dc                Pipe::read(unsigned long long, void*, int*)
                0x00000000c00103d0                Pipe::write(unsigned long long, void*, int*)
                0x00000000c0010498                Pipe::Pipe(int)
                0x00000000c0010498                Pipe::Pipe(int)
 *fill*         0x00000000c00104ff        0x1 
 .text          0x00000000c0010500      0xf73 core/terminal.32
                0x00000000c0010500                VgaText::isAtty()
                0x00000000c0010504                VgaText::~VgaText()
                0x00000000c0010504                VgaText::~VgaText()
                0x00000000c0010528                VgaText::~VgaText()
                0x00000000c0010552                VgaText::read(unsigned long long, void*, int*)
                0x00000000c0010572                setTerminalScrollLock(bool)
                0x00000000c0010573                addToTerminalCycle(VgaText*)
                0x00000000c00105a0                installVgaTextImplementation()
                0x00000000c00105b5                scrollTerminalScrollLock(int)
                0x00000000c00105b6                VgaText::load()
                0x00000000c001060a                VgaText::updateCursor()
                0x00000000c0010624                VgaText::showCursor(bool)
                0x00000000c0010634                VgaText::disableBlink(bool)
                0x00000000c001066e                VgaText::doANSI_SGR(int)
                0x00000000c00106fa                VgaText::setDefaultBgColour(VgaColour)
                0x00000000c0010710                VgaText::setDefaultFgColour(VgaColour)
                0x00000000c0010726                VgaText::setDefaultColours(VgaColour, VgaColour)
                0x00000000c0010746                VgaText::combineColours(unsigned char, unsigned char)
                0x00000000c0010758                VgaText::scrollScreen()
                0x00000000c00107ec                VgaText::combineCharAndColour(char, unsigned char)
                0x00000000c00107fe                VgaText::writeCharacter(char, VgaColour, VgaColour, int, int)
                0x00000000c001085e                VgaText::getCursorX()
                0x00000000c001086a                VgaText::getCursorY()
                0x00000000c0010876                VgaText::setCursor(int, int)
                0x00000000c0010894                VgaText::setCursorX(int)
                0x00000000c00108b0                VgaText::setCursorY(int)
                0x00000000c00108cc                VgaText::incrementCursor(bool)
                0x00000000c0010934                VgaText::updateRAMUsageDisplay(int)
                0x00000000c0010998                VgaText::updateDiskUsage()
                0x00000000c0010b02                VgaText::updateTitle()
                0x00000000c0010b48                VgaText::setTitleTextColour(VgaColour)
                0x00000000c0010b58                VgaText::setTitleColour(VgaColour)
                0x00000000c0010b68                VgaText::setTitle(char*)
                0x00000000c0010b8e                VgaText::decrementCursor(bool)
                0x00000000c0010bb6                VgaText::putchar(char, VgaColour, VgaColour)
                0x00000000c0010cb2                VgaText::isShowingCursor()
                0x00000000c0010cbe                VgaText::isBlinkDisabled()
                0x00000000c0010ccc                VgaText::setCursorHeight(int)
                0x00000000c0010cea                VgaText::getCursorHeight()
                0x00000000c0010cf5                setActiveTerminal(VgaText*)
                0x00000000c0010da7                doTerminalCycle()
                0x00000000c0010dc4                VgaText::doUpdate()
                0x00000000c0010dd6                VgaText::puts(char const*, VgaColour, VgaColour)
                0x00000000c0010f96                VgaText::clearScreen()
                0x00000000c0010ffa                VgaText::putchar(char)
                0x00000000c0011114                VgaText::puts(char const*)
                0x00000000c001113a                VgaText::putx(unsigned int)
                0x00000000c0011180                VgaText::VgaText(char const*)
                0x00000000c0011180                VgaText::VgaText(char const*)
                0x00000000c0011312                VgaText::receiveKey(unsigned char)
                0x00000000c00113fa                VgaText::write(unsigned long long, void*, int*)
                0x00000000c001144e                newTerminal(char*)
 *fill*         0x00000000c0011473        0x1 
 .text          0x00000000c0011474      0x1b3 core/tss.32
                0x00000000c0011474                TSS::TSS()
                0x00000000c0011474                TSS::TSS()
                0x00000000c0011482                TSS::setESP(unsigned long)
                0x00000000c0011494                TSS::flush()
                0x00000000c00114b4                TSS::setup(unsigned long, unsigned long)
 *fill*         0x00000000c0011627        0x1 
 .text          0x00000000c0011628      0x4c2 core/unixfile.32
                0x00000000c0011628                ReservedFilename::read(unsigned long long, void*, int*)
                0x00000000c001167e                ReservedFilename::isAtty()
                0x00000000c001169a                ReservedFilename::write(unsigned long long, void*, int*)
                0x00000000c00116f8                UnixFile::getFileDescriptor()
                0x00000000c0011700                UnixFile::UnixFile(int)
                0x00000000c0011700                UnixFile::UnixFile(int)
                0x00000000c00118b0                ReservedFilename::ReservedFilename(int)
                0x00000000c00118b0                ReservedFilename::ReservedFilename(int)
                0x00000000c00118e2                UnixFile::~UnixFile()
                0x00000000c00118e2                UnixFile::~UnixFile()
                0x00000000c001197a                UnixFile::~UnixFile()
                0x00000000c00119a2                ReservedFilename::~ReservedFilename()
                0x00000000c00119a2                ReservedFilename::~ReservedFilename()
                0x00000000c00119c6                ReservedFilename::~ReservedFilename()
                0x00000000c00119ed                getFromFileDescriptor(int)
 .text          0x00000000c0011aea     0x1363 core/virtmgr.32
                0x00000000c0011aea                Virt::setPageState(unsigned long, Virt::VirtPageState)
                0x00000000c0011b1f                Virt::getPageState(unsigned long)
                0x00000000c0011b43                Virt::allocateKernelVirtualPages(int)
                0x00000000c0011c54                Virt::freeSwapfilePage(unsigned long)
                0x00000000c0011c72                Virt::swapIDToSector(unsigned long)
                0x00000000c0011c84                Virt::allocateSwapfilePage()
                0x00000000c0011d02                Virt::virtualMemorySetup()
                0x00000000c0011d81                Virt::swappingSetup()
                0x00000000c0011dde                Virt::getAKernelVAS()
                0x00000000c0011de4                Virt::setupPageSwapping(int)
                0x00000000c0011f14                VAS::VAS()
                0x00000000c0011f14                VAS::VAS()
                0x00000000c0011f50                VAS::VAS(VAS*)
                0x00000000c0011f50                VAS::VAS(VAS*)
                0x00000000c0011f7e                VAS::getForeignPageTableEntry(bool, unsigned long)
                0x00000000c0011faa                VAS::getPageTableEntry(unsigned long)
                0x00000000c0011fc9                Virt::freeKernelVirtualPages(unsigned long)
                0x00000000c00120ec                VAS::freeAllocatedPages(unsigned long)
                0x00000000c0012110                VAS::virtualToPhysical(unsigned long)
                0x00000000c0012128                VAS::reflagRange(unsigned long, int, int, int)
                0x00000000c0012168                VAS::setToWriteCombining(unsigned long, int)
                0x00000000c001219a                VAS::mapOtherVASIn(bool, VAS*)
                0x00000000c00121c4                VAS::~VAS()
                0x00000000c00121c4                VAS::~VAS()
                0x00000000c0012330                VAS::mapPage(unsigned long, unsigned long, int)
                0x00000000c0012430                VAS::allocatePages(int, int)
                0x00000000c0012608                VAS::setCPUSpecific(unsigned long)
                0x00000000c0012624                VAS::mapRange(unsigned long, unsigned long, int, int)
                0x00000000c00126ea                VAS::mapForeignPage(bool, VAS*, unsigned long, unsigned long, int)
                0x00000000c00127d8                VAS::VAS(bool)
                0x00000000c00127d8                VAS::VAS(bool)
                0x00000000c0012a3e                VAS::evict(unsigned long)
                0x00000000c0012ada                VAS::tryLoadBackOffDisk(unsigned long)
                0x00000000c0012cba                VAS::scanForEviction()
                0x00000000c0012d91                mapVASFirstTime
 .text          0x00000000c0012e4d       0x95 coreobjs/c++.32
                0x00000000c0012e4d                __cxa_atexit
                0x00000000c0012e50                __cxa_finalize
                0x00000000c0012e51                __stack_chk_fail
                0x00000000c0012ebd                __cxa_pure_virtual
                0x00000000c0012ece                operator new[](unsigned long)
                0x00000000c0012ed3                operator delete(void*, unsigned long)
                0x00000000c0012ed8                operator delete[](void*)
                0x00000000c0012edd                operator delete[](void*, unsigned long)
 .text          0x00000000c0012ee2      0x1ef dbg/kconsole.32
                0x00000000c0012ee2                Dbg::stringifyxWithBase(unsigned int, char*, int)
                0x00000000c0012f43                Dbg::logc(char)
                0x00000000c0012f5a                Dbg::logs(char*)
                0x00000000c0012f77                Dbg::logWriteInt(unsigned int)
                0x00000000c0012f94                Dbg::logWriteIntBase(unsigned int, int)
                0x00000000c0012fb3                Dbg::kprintf(char const*, ...)
 *fill*         0x00000000c00130d1        0x1 
 .text          0x00000000c00130d2      0xb7c fs/vfs.32
                0x00000000c00130d2                File::read(unsigned long long, void*, int*)
                0x00000000c001312a                File::write(unsigned long long, void*, int*)
                0x00000000c0013182                Directory::read(unsigned long long, void*, int*)
                0x00000000c00131da                Directory::write(unsigned long long, void*, int*)
                0x00000000c0013208                File::isAtty()
                0x00000000c001320c                Directory::isAtty()
                0x00000000c0013210                Filesystem::getlabel(LogicalDisk*, int, char*, unsigned int*)
                0x00000000c0013216                Filesystem::setlabel(LogicalDisk*, int, char*)
                0x00000000c001321c                File::~File()
                0x00000000c001321c                File::~File()
                0x00000000c0013240                File::~File()
                0x00000000c001326a                Directory::~Directory()
                0x00000000c001326a                Directory::~Directory()
                0x00000000c001328e                Directory::~Directory()
                0x00000000c00132b8                Filesystem::Filesystem()
                0x00000000c00132b8                Filesystem::Filesystem()
                0x00000000c00132dc                Filesystem::~Filesystem()
                0x00000000c00132dc                Filesystem::~Filesystem()
                0x00000000c00132ea                Filesystem::~Filesystem()
                0x00000000c001330e                Fs::getcwd(Process*, char*, int)
                0x00000000c0013338                Fs::initVFS()
                0x00000000c0013362                Fs::standardiseFiles(char*, char const*, char const*)
                0x00000000c001350c                File::File(char const*, Process*)
                0x00000000c001350c                File::File(char const*, Process*)
                0x00000000c0013570                File::open(FileOpenMode)
                0x00000000c00135ce                File::close()
                0x00000000c001362e                File::seek(unsigned long long)
                0x00000000c0013684                File::tell(unsigned long long*)
                0x00000000c00136d4                File::rewind()
                0x00000000c00136e8                File::unlink()
                0x00000000c0013734                File::rename(char const*)
                0x00000000c0013782                File::chfatattr(unsigned char, unsigned char)
                0x00000000c00137de                File::exists()
                0x00000000c001381c                File::stat(unsigned long long*, bool*)
                0x00000000c001387d                Fs::setcwd(Process*, char*)
                0x00000000c00139b8                Directory::Directory(char const*, Process*)
                0x00000000c00139b8                Directory::Directory(char const*, Process*)
                0x00000000c0013a1c                Directory::open()
                0x00000000c0013a78                Directory::close()
                0x00000000c0013ad8                Directory::unlink()
                0x00000000c0013b24                Directory::rename(char const*)
                0x00000000c0013b72                Directory::exists()
                0x00000000c0013bb0                Directory::read(dirent*)
                0x00000000c0013bfc                Directory::create()
                0x00000000c0013c48                Filesystem::chfatattr(char const*, unsigned char, unsigned char)
 .text          0x00000000c0013c4e       0x84 hal/bus.32
                0x00000000c0013c4e                Bus::Bus(char const*)
                0x00000000c0013c4e                Bus::Bus(char const*)
                0x00000000c0013c84                Bus::~Bus()
                0x00000000c0013c84                Bus::~Bus()
                0x00000000c0013ca8                Bus::~Bus()
 .text          0x00000000c0013cd2      0x14e hal/buzzer.32
                0x00000000c0013cd2                Buzzer::Buzzer(char const*)
                0x00000000c0013cd2                Buzzer::Buzzer(char const*)
                0x00000000c0013d16                Buzzer::~Buzzer()
                0x00000000c0013d16                Buzzer::~Buzzer()
                0x00000000c0013d3a                Buzzer::~Buzzer()
                0x00000000c0013d64                Buzzer::stop()
                0x00000000c0013d77                beepThread(void*)
                0x00000000c0013db2                Buzzer::beep(int, int, bool)
 .text          0x00000000c0013e20      0x467 hal/clock.32
                0x00000000c0013e20                User::loadClockSettings(int)
                0x00000000c0013e72                Clock::Clock(char const*)
                0x00000000c0013e72                Clock::Clock(char const*)
                0x00000000c0013ea8                Clock::~Clock()
                0x00000000c0013ea8                Clock::~Clock()
                0x00000000c0013ecc                Clock::~Clock()
                0x00000000c0013ef6                Clock::timeInSecondsLocal()
                0x00000000c0013f3e                Clock::setTimeInSecondsLocal(unsigned long long)
                0x00000000c0013f97                datetimeToSeconds(datetime_t)
                0x00000000c00140be                Clock::setTimeInDatetimeLocal(datetime_t)
                0x00000000c001411e                secondsToDatetime(unsigned long long)
                0x00000000c0014262                Clock::timeInDatetimeLocal()
 *fill*         0x00000000c0014287        0x1 
 .text          0x00000000c0014288      0x4de hal/device.32
                0x00000000c0014288                Device::hibernate()
                0x00000000c001428a                Device::wake()
                0x00000000c001428c                Device::detect()
                0x00000000c001428e                Device::disableLegacy()
                0x00000000c0014290                Device::powerSaving(PowerSavingLevel)
                0x00000000c0014292                DriverlessDevice::close(int, int, void*)
                0x00000000c0014296                DriverlessDevice::detect()
                0x00000000c0014298                DriverlessDevice::open(int, int, void*)
                0x00000000c00142ac                Device::~Device()
                0x00000000c00142ac                Device::~Device()
                0x00000000c00142ba                Device::~Device()
                0x00000000c00142e2                Device::findAndLoadDriver()
                0x00000000c00142e4                Device::preOpenPCI(PCIDeviceInfo)
                0x00000000c001430a                Device::preOpenACPI(void*, char*, char*)
                0x00000000c001435e                Device::addIRQHandler(int, void (*)(regs*, void*), bool, void*)
                0x00000000c001439c                Device::removeIRQHandler(int, void (*)(regs*, void*), bool)
                0x00000000c00143da                Device::addChild(Device*)
                0x00000000c001441e                Device::removeAllChildren()
                0x00000000c0014464                Device::hibernateAll()
                0x00000000c0014494                Device::wakeAll()
                0x00000000c00144c4                Device::detectAll()
                0x00000000c00144f4                Device::disableLegacyAll()
                0x00000000c0014524                Device::loadDriversForAll()
                0x00000000c0014550                Device::closeAll()
                0x00000000c0014586                Device::powerSavingAll(PowerSavingLevel)
                0x00000000c00145bc                Device::setName(char const*)
                0x00000000c00145ca                Device::Device(char const*)
                0x00000000c00145ca                Device::Device(char const*)
                0x00000000c00146c6                Device::getName()
                0x00000000c00146d0                DriverlessDevice::DriverlessDevice(char const*)
                0x00000000c00146d0                DriverlessDevice::DriverlessDevice(char const*)
                0x00000000c00146f8                Device::addToLinkedList(LinkedList<Device>&, DeviceType)
                0x00000000c001473c                getDevicesOfType(DeviceType)
 .text          0x00000000c0014766       0x84 hal/diskctrl.32
                0x00000000c0014766                HardDiskController::HardDiskController(char const*)
                0x00000000c0014766                HardDiskController::HardDiskController(char const*)
                0x00000000c001479c                HardDiskController::~HardDiskController()
                0x00000000c001479c                HardDiskController::~HardDiskController()
                0x00000000c00147c0                HardDiskController::~HardDiskController()
 .text          0x00000000c00147ea       0xf2 hal/diskphys.32
                0x00000000c00147ea                PhysicalDisk::eject()
                0x00000000c00147fe                PhysicalDisk::PhysicalDisk(char const*, int)
                0x00000000c00147fe                PhysicalDisk::PhysicalDisk(char const*, int)
                0x00000000c0014866                PhysicalDisk::startCache()
                0x00000000c001488e                PhysicalDisk::~PhysicalDisk()
                0x00000000c001488e                PhysicalDisk::~PhysicalDisk()
                0x00000000c00148b2                PhysicalDisk::~PhysicalDisk()
 .text          0x00000000c00148dc      0x13b hal/fpu.32
                0x00000000c00148dc                FPU::FPU(char const*)
                0x00000000c00148dc                FPU::FPU(char const*)
                0x00000000c0014912                FPU::~FPU()
                0x00000000c0014912                FPU::~FPU()
                0x00000000c0014936                FPU::~FPU()
                0x00000000c0014960                setupFPU()
 *fill*         0x00000000c0014a17        0x1 
 .text          0x00000000c0014a18     0x13b3 hal/intctrl.32
                0x00000000c0014a18                InterruptController::uninstallISRHandler(int, void (*)(regs*, void*))
                0x00000000c0014a50                InterruptController::installISRHandler(int, void (*)(regs*, void*), void*)
                0x00000000c0014aa2                doubleFault(regs*, void*)
                0x00000000c0014abc                InterruptController::installIRQHandler(int, void (*)(regs*, void*), bool, void*)
                0x00000000c0014b58                InterruptController::clearAllHandlers(int, bool)
                0x00000000c0014c00                InterruptController::uninstallIRQHandler(int, void (*)(regs*, void*), bool)
                0x00000000c0014c87                nmiHandler(regs*, void*)
                0x00000000c0014c95                int_handler
                0x00000000c0014d36                InterruptController::InterruptController(char const*)
                0x00000000c0014d36                InterruptController::InterruptController(char const*)
                0x00000000c0014ddc                InterruptController::~InterruptController()
                0x00000000c0014ddc                InterruptController::~InterruptController()
                0x00000000c0014e00                InterruptController::~InterruptController()
                0x00000000c0014e2a                displayDebugInfo(regs*)
                0x00000000c00152b9                x87EmulHandler(regs*, void*)
                0x00000000c00152e8                gpFault(regs*, void*)
                0x00000000c0015321                pgFault(regs*, void*)
                0x00000000c0015369                otherISRHandler(regs*, void*)
                0x00000000c0015388                opcodeFault(regs*, void*)
                0x00000000c001598e                displayProgramFault(char const*)
                0x00000000c00159b6                setupInterruptController()
                0x00000000c0015d7e                InterruptController::convertLegacyIRQNumber(int)
 *fill*         0x00000000c0015dcb        0x1 
 .text          0x00000000c0015dcc      0x6c8 hal/keybrd.32
                0x00000000c0015dcc                startGUI(void*)
                0x00000000c0015e28                startGUIVESA(void*)
                0x00000000c0015e84                sendKeyToTerminal(unsigned char)
                0x00000000c0015ef0                sendKeyboardToken(KeyboardToken)
                0x00000000c001632d                clearInternalKeybuffer(VgaText*)
                0x00000000c0016362                readKeyboard(VgaText*, char*, unsigned long)
                0x00000000c001640a                Keyboard::Keyboard(char const*)
                0x00000000c001640a                Keyboard::Keyboard(char const*)
                0x00000000c0016446                Keyboard::~Keyboard()
                0x00000000c0016446                Keyboard::~Keyboard()
                0x00000000c001646a                Keyboard::~Keyboard()
 .text          0x00000000c0016494      0x414 hal/logidisk.32
                0x00000000c0016494                LogicalDisk::close(int, int, void*)
                0x00000000c0016498                LogicalDisk::~LogicalDisk()
                0x00000000c0016498                LogicalDisk::~LogicalDisk()
                0x00000000c00164bc                LogicalDisk::~LogicalDisk()
                0x00000000c00164e6                LogicalDisk::open(int, int, void*)
                0x00000000c00164fa                LogicalDisk::absoluteToRelative(unsigned long long)
                0x00000000c0016532                LogicalDisk::relativeToAbsolute(unsigned long long)
                0x00000000c0016578                LogicalDisk::LogicalDisk(char const*, PhysicalDisk*, unsigned long long, unsigned long long)
                0x00000000c0016578                LogicalDisk::LogicalDisk(char const*, PhysicalDisk*, unsigned long long, unsigned long long)
                0x00000000c001662e                LogicalDisk::assignDriveLetter()
                0x00000000c00166e4                LogicalDisk::mount()
                0x00000000c0016756                LogicalDisk::unmount()
                0x00000000c0016766                LogicalDisk::eject()
                0x00000000c001677a                LogicalDisk::unassignDriveLetter()
                0x00000000c00167d0                LogicalDisk::read(unsigned long long, int, void*)
                0x00000000c001683c                LogicalDisk::write(unsigned long long, int, void*)
 .text          0x00000000c00168a8       0x84 hal/mouse.32
                0x00000000c00168a8                Mouse::Mouse(char const*)
                0x00000000c00168a8                Mouse::Mouse(char const*)
                0x00000000c00168de                Mouse::~Mouse()
                0x00000000c00168de                Mouse::~Mouse()
                0x00000000c0016902                Mouse::~Mouse()
 .text          0x00000000c001692c      0x34d hal/partition.32
                0x00000000c001692c                makePartition(PhysicalDisk*, unsigned long long, unsigned long long)
                0x00000000c00169e8                createPartitionsForDisk(PhysicalDisk*)
 *fill*         0x00000000c0016c79        0x1 
 .text          0x00000000c0016c7a       0x84 hal/serial.32
                0x00000000c0016c7a                Serial::Serial(char const*)
                0x00000000c0016c7a                Serial::Serial(char const*)
                0x00000000c0016cb0                Serial::~Serial()
                0x00000000c0016cb0                Serial::~Serial()
                0x00000000c0016cd4                Serial::~Serial()
 .text          0x00000000c0016cfe      0x2b8 hal/timer.32
                0x00000000c0016cfe                Timer::Timer(char const*)
                0x00000000c0016cfe                Timer::Timer(char const*)
                0x00000000c0016d34                Timer::~Timer()
                0x00000000c0016d34                Timer::~Timer()
                0x00000000c0016d58                Timer::~Timer()
                0x00000000c0016d82                Timer::read()
                0x00000000c0016d8d                timerHandler(unsigned long long)
                0x00000000c0016ec4                setupTimer(int)
 .text          0x00000000c0016fb6      0x425 hal/vcache.32
                0x00000000c0016fb6                VCache::VCache(PhysicalDisk*)
                0x00000000c0016fb6                VCache::VCache(PhysicalDisk*)
                0x00000000c001711e                VCache::invalidateReadBuffer()
                0x00000000c001712e                VCache::writeWriteBuffer()
                0x00000000c001716a                VCache::~VCache()
                0x00000000c001716a                VCache::~VCache()
                0x00000000c00171be                VCache::~VCache()
                0x00000000c00171e6                VCache::write(unsigned long long, int, void*)
                0x00000000c00172dc                VCache::read(unsigned long long, int, void*)
 *fill*         0x00000000c00173db        0x1 
 .text          0x00000000c00173dc      0x4cd hal/video.32
                0x00000000c00173dc                Video::putrect(int, int, int, int, unsigned int)
                0x00000000c0017428                Video::bitblit(int, int, int, int, int, int, int, unsigned int*)
                0x00000000c0017498                Video::blit(unsigned int*, int, int, int, int)
                0x00000000c0017516                Video::clearScreen(unsigned int)
                0x00000000c001754a                Video::putpixel(int, int, unsigned int)
                0x00000000c0017558                Video::Video(char const*)
                0x00000000c0017558                Video::Video(char const*)
                0x00000000c001758e                Video::~Video()
                0x00000000c001758e                Video::~Video()
                0x00000000c00175b2                Video::~Video()
                0x00000000c00175dc                Video::isMonochrome()
                0x00000000c00175e8                Video::getWidth()
                0x00000000c00175f4                Video::getHeight()
                0x00000000c0017600                Video::drawCursor(int, int, unsigned char*, int)
                0x00000000c00176bc                Video::tgaParse(unsigned char*, int, int*, int*)
                0x00000000c001783e                Video::putTGA(int, int, unsigned char*, int)
 *fill*         0x00000000c00178a9        0x1 
 .text          0x00000000c00178aa      0xf64 hw/acpi.32
                0x00000000c00178aa                ACPI::close(int, int, void*)
                0x00000000c001795f                findRSDP()
                0x00000000c00179e9                loadACPITables(unsigned char*)
                0x00000000c0017c10                findRSDT(unsigned char*)
                0x00000000c0017d2e                findDataTable(unsigned char*, char*)
                0x00000000c0017dca                scanMADT()
                0x00000000c0018250                ACPI::ACPI()
                0x00000000c0018250                ACPI::ACPI()
                0x00000000c00182ba                ACPI::getPCIIRQAssignment(unsigned char, unsigned short, unsigned char)
                0x00000000c001839c                ACPI::registerPCIIRQAssignment(void*, unsigned short, unsigned char, unsigned char)
                0x00000000c0018462                ACPI::setScreenBrightnessLevel(void*, int)
                0x00000000c0018468                ACPI::writeSimpleBootFlag(SimpleBootFlagTable*)
                0x00000000c00184b0                ACPI::open(int, int, void*)
                0x00000000c00187f6                ACPI::sleep()
 .text          0x00000000c001880e     0x1715 hw/cpu.32
                0x00000000c001880e                CPU::close(int, int, void*)
                0x00000000c0018812                CPU::lookupAMDName(unsigned char, unsigned char)
                0x00000000c00189a6                CPU::lookupIntelName(unsigned char, unsigned char)
                0x00000000c0018c54                CPU::AMD_K6_write_msr(unsigned int, unsigned int, unsigned int, CPU::REGS*)
                0x00000000c0018c70                CPU::AMD_K6_read_msr(unsigned int, CPU::REGS*)
                0x00000000c0018c88                CPU::AMD_K6_writeback(int, int, int)
                0x00000000c0018cfc                CPU::cpuid(int, unsigned long*, unsigned long*, unsigned long*, unsigned long*)
                0x00000000c0018d80                CPU::cpuidCheckEDX(unsigned int)
                0x00000000c0018dae                CPU::cpuidCheckECX(unsigned int)
                0x00000000c0018ddc                CPU::cpuidCheckExtendedEBX(unsigned int)
                0x00000000c0018e0a                CPU::cpuidCheckExtendedECX(unsigned int)
                0x00000000c0018e38                CPU::CPU()
                0x00000000c0018e38                CPU::CPU()
                0x00000000c0018ec6                CPU::displayFeatures()
                0x00000000c0019142                CPU::detectFeatures()
                0x00000000c0019b32                CPU::setupSMEP()
                0x00000000c0019b3e                CPU::setupUMIP()
                0x00000000c0019b48                CPU::setupTSC()
                0x00000000c0019b52                CPU::setupLargePages()
                0x00000000c0019b5c                CPU::setupPAT()
                0x00000000c0019b98                CPU::setupMTRR()
                0x00000000c0019b9a                CPU::setupGlobalPages()
                0x00000000c0019ba4                CPU::allowUsermodeDataAccess()
                0x00000000c0019bb6                CPU::prohibitUsermodeDataAccess()
                0x00000000c0019bc8                CPU::setupSMAP()
                0x00000000c0019bd6                CPU::setupFeatures()
                0x00000000c0019c56                CPU::open(int, int, void*)
                0x00000000c0019d28                CPU::decodeAddress(regs*, int*, bool*, unsigned char*)
 .text          0x00000000c0019f23        0x0 hw/ports.32
 .text          0x00000000c0019f23      0x16a hw/smp.32
                0x00000000c0019f23                Krnl::smpEntry()
                0x00000000c0019f25                Krnl::startCPU(int)
                0x00000000c001a06e                Krnl::startCPUs()
 *fill*         0x00000000c001a08d        0x1 
 .text          0x00000000c001a08e      0x5d3 krnl/env.32
                0x00000000c001a08e                EnvVarContainer::getEnv(char const*)
                0x00000000c001a0cc                EnvVarContainer::setEnv(char const*, char const*)
                0x00000000c001a198                EnvVarContainer::deleteEnv(char const*)
                0x00000000c001a19a                EnvVarContainer::loadFrom(char const*, char const*)
                0x00000000c001a390                EnvVarContainer::__loadSystem()
                0x00000000c001a3aa                EnvVarContainer::__loadUser()
                0x00000000c001a3ac                EnvVarContainer::EnvVarContainer(Process*)
                0x00000000c001a3ac                EnvVarContainer::EnvVarContainer(Process*)
                0x00000000c001a3ce                EnvVarContainer::~EnvVarContainer()
                0x00000000c001a3ce                EnvVarContainer::~EnvVarContainer()
                0x00000000c001a3fe                Krnl::getEnv(Process*, char const*)
                0x00000000c001a463                Krnl::setEnvSystem(char const*, char const*)
                0x00000000c001a47d                Krnl::setEnvUser(char const*, char const*)
                0x00000000c001a49c                Krnl::setEnvProcess(Process*, char const*, char const*)
                0x00000000c001a4af                Krnl::deleteEnvSystem(char const*)
                0x00000000c001a4b0                Krnl::deleteEnvUser(char const*)
                0x00000000c001a4b1                Krnl::deleteEnvProcess(Process*, char const*)
                0x00000000c001a4b2                Krnl::newProcessEnv(Process*)
                0x00000000c001a4d4                Krnl::copyProcessEnv(Process*, Process*)
                0x00000000c001a528                Krnl::loadSystemEnv()
                0x00000000c001a556                Krnl::loadUserEnv()
                0x00000000c001a57c                Krnl::flushEnv()
                0x00000000c001a57d                Krnl::getProcessTotalEnvCount(Process*)
                0x00000000c001a59d                Krnl::getProcessEnvPair(Process*, int)
 .text          0x00000000c001a661      0x396 krnl/panic.32
                0x00000000c001a661                Krnl::panic(char const*)
 .text          0x00000000c001a9f7      0x3b6 net/ethernet.32
                0x00000000c001a9f7                Net::switchEndian16(unsigned short)
                0x00000000c001aa18                Net::switchEndian32(unsigned int)
                0x00000000c001aa47                Net::crc32Calc(unsigned char*, int)
                0x00000000c001aad8                Net::wrapEthernetFrame(Net::UnwrappedEthernetFrame, unsigned char*)
                0x00000000c001ac14                Net::unwrapEthernetFrame(unsigned char*, int)
 .text          0x00000000c001adad      0x513 reg/registry.32
                0x00000000c001adad                Reg::findLineFromLoadedData(char*, char*, char*)
                0x00000000c001af05                Reg::getLineFromRegistry(char*, char*, char*, char*)
                0x00000000c001b05a                Reg::getLine(char*, char*, char*)
                0x00000000c001b091                Reg::readInt(char*, char*, int*)
                0x00000000c001b17c                Reg::readString(char*, char*, char*, int)
                0x00000000c001b1fd                Reg::readBool(char*, char*, bool*)
                0x00000000c001b222                Reg::readBoolWithDefault(char*, char*, bool)
                0x00000000c001b24e                Reg::readIntWithDefault(char*, char*, int)
                0x00000000c001b27a                Reg::readStringWithDefault(char*, char*, char*, int, char*)
 .text          0x00000000c001b2c0       0x36 sys/sc_eject.32
                0x00000000c001b2c0                Sys::eject(regs*)
 .text          0x00000000c001b2f6       0x18 sys/sc_exit.32
                0x00000000c001b2f6                Sys::exit(regs*)
 .text          0x00000000c001b30e       0x1f sys/sc_getcwd.32
                0x00000000c001b30e                Sys::getCwd(regs*)
 .text          0x00000000c001b32d        0xc sys/sc_getpid.32
                0x00000000c001b32d                Sys::getPID(regs*)
 .text          0x00000000c001b339       0x17 sys/sc_getramdata.32
                0x00000000c001b339                Sys::getRAMData(regs*)
 .text          0x00000000c001b350       0xa8 sys/sc_loaddll.32
                0x00000000c001b350                Sys::loadDLL(regs*)
 .text          0x00000000c001b3f8       0x68 sys/sc_read.32
                0x00000000c001b3f8                Sys::read(regs*)
 .text          0x00000000c001b460       0x55 sys/sc_sbrk.32
                0x00000000c001b460                Sys::sbrk(regs*)
 .text          0x00000000c001b4b5       0x1c sys/sc_setcwd.32
                0x00000000c001b4b5                Sys::setCwd(regs*)
 .text          0x00000000c001b4d1      0x128 sys/sc_settime.32
                0x00000000c001b4d1                Sys::setTime(regs*)
 .text          0x00000000c001b5f9       0x4a sys/sc_timezone.32
                0x00000000c001b5f9                Sys::timezone(regs*)
 .text          0x00000000c001b643       0x68 sys/sc_write.32
                0x00000000c001b643                Sys::write(regs*)
 .text          0x00000000c001b6ab       0x62 sys/sc_wsbe.32
                0x00000000c001b6ab                Sys::wsbe(regs*)
 .text          0x00000000c001b70d       0x3b sys/sc_yield.32
                0x00000000c001b70d                Sys::yield(regs*)
 .text          0x00000000c001b748     0x10e5 sys/syscalls.32
                0x00000000c001b748                sysCallSeekDir(regs*)
                0x00000000c001b74d                sysCallTellDir(regs*)
                0x00000000c001b752                sysCallVerify(regs*)
                0x00000000c001b75c                sysFormatDisk(regs*)
                0x00000000c001b7c6                sysSetDiskVolumeLabel(regs*)
                0x00000000c001b80c                sysGetDiskVolumeLabel(regs*)
                0x00000000c001b85d                sysShutdown(regs*)
                0x00000000c001b8bb                sysCallRealpath(regs*)
                0x00000000c001b8fe                sysCallGetArgc(regs*)
                0x00000000c001b92c                sysCallReadDir(regs*)
                0x00000000c001b9ba                sysCallIsATTY(regs*)
                0x00000000c001ba14                sysCallSeek(regs*)
                0x00000000c001ba7d                sysCallTell(regs*)
                0x00000000c001bafa                sysCallSize(regs*)
                0x00000000c001bb7d                sysCallSizeFromFilename(regs*)
                0x00000000c001bc3d                sysCallClose(regs*)
                0x00000000c001bcc5                sysCallOpenDir(regs*)
                0x00000000c001bd3a                sysCallCloseDir(regs*)
                0x00000000c001bda0                sysCallMakeDir(regs*)
                0x00000000c001be10                sysCallWait(regs*)
                0x00000000c001be2a                sysCallNotImpl(regs*)
                0x00000000c001be45                sysPanic(regs*)
                0x00000000c001be6b                sysCallRmdir(regs*)
                0x00000000c001becf                sysCallUnlink(regs*)
                0x00000000c001bf33                sysCallGetArgv(regs*)
                0x00000000c001bf7f                sysCallTTYName(regs*)
                0x00000000c001c002                sysCallUSleep(regs*)
                0x00000000c001c029                sysCallSpawn(regs*)
                0x00000000c001c081                sysCallGetEnv(regs*)
                0x00000000c001c1b9                sysAppSettings(regs*)
                0x00000000c001c2d8                sysSetFatAttrib(regs*)
                0x00000000c001c34a                sysPipe(regs*)
                0x00000000c001c38f                sysGetUnixTime(regs*)
                0x00000000c001c3a3                string_ends_with(char const*, char const*)
                0x00000000c001c3eb                sysCallOpen(regs*)
                0x00000000c001c600                Sys::loadSyscalls()
                0x00000000c001c7eb                Sys::systemCall(regs*, void*)
 .text          0x00000000c001c82d     0x11ef thr/elf.32
                0x00000000c001c82d                Thr::allocateMemoryForTask(Process*, File*, unsigned long, unsigned long, unsigned long)
                0x00000000c001cabf                Thr::loadProgramIntoMemory(Process*, char const*)
                0x00000000c001ccd5                Thr::runtimeReferenceHelper()
                0x00000000c001cce8                Thr::getAddressOfKernelSymbol(char const*)
                0x00000000c001cd37                Thr::loadKernelSymbolTable(char const*)
                0x00000000c001cff5                Thr::loadDriverIntoMemory(char const*, unsigned long, bool)
                0x00000000c001d711                Thr::getDriverBaseFromAddress(unsigned long)
                0x00000000c001d743                Thr::getDriverNameFromAddress(unsigned long)
                0x00000000c001d77a                Thr::getDriverOffsetFromAddress(unsigned long)
                0x00000000c001d794                Thr::loadDLL(char const*, bool)
                0x00000000c001d9e3                Thr::executeDLL(unsigned long, void*)
 .text          0x00000000c001da1c     0x1056 thr/prcssthr.32
                0x00000000c001da1c                changeTSS
                0x00000000c001da4c                Process::addArgs(char**)
                0x00000000c001daa6                Process::Process(char const*, Process*, char**)
                0x00000000c001daa6                Process::Process(char const*, Process*, char**)
                0x00000000c001dc8a                Process::Process(bool, char const*, Process*, char**)
                0x00000000c001dc8a                Process::Process(bool, char const*, Process*, char**)
                0x00000000c001de39                disableIRQs()
                0x00000000c001de41                getIRQNestingLevel()
                0x00000000c001de47                enableIRQs()
                0x00000000c001de56                lockScheduler()
                0x00000000c001de58                unlockScheduler()
                0x00000000c001de5a                userModeEntryPoint(void*)
                0x00000000c001de7d                lockStuff()
                0x00000000c001de89                taskStartupFunction
                0x00000000c001de92                updateTimeUsed()
                0x00000000c001def7                switchToThread(ThreadControlBlock*)
                0x00000000c001df48                Semaphore::Semaphore(int)
                0x00000000c001df48                Semaphore::Semaphore(int)
                0x00000000c001df76                Mutex::Mutex()
                0x00000000c001df76                Mutex::Mutex()
                0x00000000c001df88                Process::createThread(void (*)(void*), void*, int)
                0x00000000c001e06c                Process::createUserThread()
                0x00000000c001e088                setupMultitasking(void (*)())
                0x00000000c001e192                schedule()
                0x00000000c001e217                unlockStuff()
                0x00000000c001e24c                Semaphore::tryAcquire()
                0x00000000c001e27a                Semaphore::assertLocked(char const*)
                0x00000000c001e2aa                blockTaskWithSchedulerLockAlreadyHeld(TaskState)
                0x00000000c001e2ec                blockTask(TaskState)
                0x00000000c001e30d                waitTask(int, int*, int)
                0x00000000c001e34f                nanoSleepUntil(unsigned long long)
                0x00000000c001e3a6                nanoSleep(unsigned long long)
                0x00000000c001e3bb                sleep(unsigned long long)
                0x00000000c001e3d8                Semaphore::acquire()
                0x00000000c001e440                taskReturned
                0x00000000c001e46e                unblockTask(ThreadControlBlock*)
                0x00000000c001e51d                cleanupTerminatedTask(ThreadControlBlock*)
                0x00000000c001e7e6                cleanerTaskFunction(void*)
                0x00000000c001e899                terminateTask(int)
                0x00000000c001e979                Thr::terminateFromIRQ(int)
                0x00000000c001e986                Semaphore::release()
 .text          0x00000000c001ea72      0xc26 vm86/vm8086.32
                0x00000000c001ea72                Vm::inbv(unsigned short)
                0x00000000c001ea85                Vm::outbv(unsigned short, unsigned char)
                0x00000000c001ead8                Vm::realToLinear(unsigned short, unsigned short)
                0x00000000c001eae8                Vm::getSegment(unsigned int)
                0x00000000c001eaf0                Vm::getOffset(unsigned int)
                0x00000000c001eaf5                Vm::mainloop2()
                0x00000000c001eb30                Vm::mainVm8086Loop(void*)
                0x00000000c001eb3d                Vm::mainloop3(unsigned long)
                0x00000000c001eb67                Vm::initialise8086()
                0x00000000c001ebaa                Vm::finish8086()
                0x00000000c001ebef                Vm::getOutput8086(unsigned char*)
                0x00000000c001ec19                Vm::start8086(char const*, unsigned short, unsigned short, unsigned short, unsigned short)
                0x00000000c001ed69                Vm::doISR(regs*, int, unsigned char*, unsigned short, unsigned short)
                0x00000000c001edf3                Vm::readByteFromReal(unsigned short, unsigned short)
                0x00000000c001ee04                Vm::readWordFromReal(unsigned short, unsigned short)
                0x00000000c001ee16                Vm::readDwordFromReal(unsigned short, unsigned short)
                0x00000000c001ee27                Vm::writeByteFromReal(unsigned short, unsigned short, unsigned char)
                0x00000000c001ee3c                Vm::writeWordFromReal(unsigned short, unsigned short, unsigned short)
                0x00000000c001ee52                Vm::writeDwordFromReal(unsigned short, unsigned short, unsigned int)
                0x00000000c001ee67                Vm::faultHandler(regs*)
 .text          0x00000000c001f698      0xefd vm86/x87em.32
                0x00000000c001f698                Vm::fpuInternalTo32(unsigned long long)
                0x00000000c001f6f3                Vm::fpuInternalTo64(unsigned long long)
                0x00000000c001f6fc                Vm::fpu32ToInternal(unsigned int)
                0x00000000c001f741                Vm::fpu64ToInternal(unsigned long long)
                0x00000000c001f74a                Vm::fpuFloatToLong(unsigned long long)
                0x00000000c001f7a5                Vm::fpuULongToFloat(unsigned long long)
                0x00000000c001f7db                Vm::fpuLongToFloat(long long)
                0x00000000c001f831                Vm::fpuGet0()
                0x00000000c001f836                Vm::fpuGet1()
                0x00000000c001f83e                Vm::fpuGetPi()
                0x00000000c001f846                Vm::fpuGetLog2E()
                0x00000000c001f85e                Vm::fpuGetLogE2()
                0x00000000c001f876                Vm::fpuGetLog210()
                0x00000000c001f88e                Vm::fpuGetLog102()
                0x00000000c001f8a6                Vm::fpuIsSecondLarger(unsigned long long, unsigned long long)
                0x00000000c001f8ba                Vm::fpuAreEqual(unsigned long long, unsigned long long)
                0x00000000c001f8d0                Vm::fpuUnorderedCompare(unsigned long long, unsigned long long)
                0x00000000c001f923                Vm::fpuAdd(unsigned long long, unsigned long long)
                0x00000000c001f934                Vm::fpuAbs(unsigned long long)
                0x00000000c001f93d                Vm::fpuChs(unsigned long long)
                0x00000000c001f94d                Vm::fpuSub(unsigned long long, unsigned long long)
                0x00000000c001f95c                Vm::fpuMultiply(unsigned long long, unsigned long long)
                0x00000000c001f97b                Vm::fpuDivide(unsigned long long, unsigned long long)
                0x00000000c001f997                Vm::fpuSquare(unsigned long long)
                0x00000000c001f9ad                Vm::fpuGetReg(int)
                0x00000000c001f9f0                Vm::fpuSetReg(int, unsigned long long)
                0x00000000c001fa3b                Vm::fpuPush(unsigned long long)
                0x00000000c001fa98                Vm::fpuPop()
                0x00000000c001faea                Vm::x87Handler(regs*)
 *fill*         0x00000000c0020595        0x1 
 .text          0x00000000c0020596     0x10ed fs/fat/vfslink.32
                0x00000000c0020596                FAT::getName()
                0x00000000c002059c                FAT::tell(void*, unsigned long long*)
                0x00000000c00205d0                FAT::stat(void*, unsigned long long*)
                0x00000000c0020604                FAT::~FAT()
                0x00000000c0020604                FAT::~FAT()
                0x00000000c0020628                FAT::~FAT()
                0x00000000c0020650                FAT::getlabel(LogicalDisk*, int, char*, unsigned int*)
                0x00000000c00206ee                FAT::setlabel(LogicalDisk*, int, char*)
                0x00000000c00207a8                FAT::format(LogicalDisk*, int, char const*, int)
                0x00000000c002098c                FAT::tryMount(LogicalDisk*, int)
                0x00000000c0020b92                FAT::readDir(void*, unsigned long, void*, int*)
                0x00000000c0020c98                FAT::read(void*, unsigned long, void*, int*)
                0x00000000c0020cf2                FAT::write(void*, unsigned long, void*, int*)
                0x00000000c0020d4c                FAT::close(void*)
                0x00000000c0020d98                FAT::closeDir(void*)
                0x00000000c0020de4                FAT::seek(void*, unsigned long long)
                0x00000000c0020e38                fatWrapperReadDisk
                0x00000000c0020e7f                fatWrapperWriteDisk
                0x00000000c0020ec6                fatWrapperIoctl
                0x00000000c0020fca                FAT::FAT()
                0x00000000c0020fca                FAT::FAT()
                0x00000000c002101c                FAT::fixFilepath(char*)
                0x00000000c0021054                FAT::open(char const*, void**, FileOpenMode)
                0x00000000c002117c                FAT::openDir(char const*, void**)
                0x00000000c0021222                FAT::stat(char const*, unsigned long long*, bool*)
                0x00000000c002130c                FAT::unlink(char const*)
                0x00000000c0021386                FAT::chfatattr(char const*, unsigned char, unsigned char)
                0x00000000c00214da                FAT::rename(char const*, char const*)
                0x00000000c002159e                FAT::mkdir(char const*)
                0x00000000c0021618                FAT::exists(char const*)
 *fill*         0x00000000c0021683        0x1 
 .text          0x00000000c0021684      0xbc1 fs/iso9660/vfslink.32
                0x00000000c0021684                ISO9660::format(LogicalDisk*, int, char const*, int)
                0x00000000c002168a                ISO9660::seek(void*, unsigned long long)
                0x00000000c00216ba                ISO9660::tell(void*, unsigned long long*)
                0x00000000c00216de                ISO9660::getName()
                0x00000000c00216e4                ISO9660::stat(void*, unsigned long long*)
                0x00000000c0021708                ISO9660::chfatattr(char const*, unsigned char, unsigned char)
                0x00000000c002170e                ISO9660::unlink(char const*)
                0x00000000c0021714                ISO9660::write(void*, unsigned long, void*, int*)
                0x00000000c002171a                ISO9660::rename(char const*, char const*)
                0x00000000c0021720                ISO9660::mkdir(char const*)
                0x00000000c0021726                ISO9660::close(void*)
                0x00000000c0021748                ISO9660::closeDir(void*)
                0x00000000c002176a                ISO9660::~ISO9660()
                0x00000000c002176a                ISO9660::~ISO9660()
                0x00000000c002178e                ISO9660::~ISO9660()
                0x00000000c00217b5                __memmem(unsigned char*, int, unsigned char*, int)
                0x00000000c00217f7                readSectorFromCDROM(unsigned int, unsigned char*, char)
                0x00000000c002185e                ISO9660::tryMount(LogicalDisk*, int)
                0x00000000c00218ae                ISO9660::read(void*, unsigned long, void*, int*)
                0x00000000c0021aae                ISO9660::readDir(void*, unsigned long, void*, int*)
                0x00000000c0021d3b                readRoot(unsigned int*, unsigned int*, char)
                0x00000000c0021d90                readRecursively(char*, unsigned int, unsigned int, unsigned int*, unsigned int*, char, int*)
                0x00000000c0021f63                getFileData(char*, unsigned int*, unsigned int*, char, int*)
                0x00000000c0021ff2                ISO9660::open(char const*, void**, FileOpenMode)
                0x00000000c00220b2                ISO9660::exists(char const*)
                0x00000000c00220d6                ISO9660::stat(char const*, unsigned long long*, bool*)
                0x00000000c002216a                ISO9660::openDir(char const*, void**)
                0x00000000c0022222                ISO9660::ISO9660()
                0x00000000c0022222                ISO9660::ISO9660()
 *fill*         0x00000000c0022245        0x1 
 .text          0x00000000c0022246      0x326 hal/sound/sndchannel.32
                0x00000000c0022246                SoundChannel::~SoundChannel()
                0x00000000c0022246                SoundChannel::~SoundChannel()
                0x00000000c0022262                SoundChannel::setSpeed(float)
                0x00000000c002226e                SoundChannel::getSpeed()
                0x00000000c0022276                SoundChannel::setVolume(int)
                0x00000000c0022292                SoundChannel::getVolume()
                0x00000000c002229a                SoundChannel::pause()
                0x00000000c00222a4                SoundChannel::SoundChannel(int, int, int, int)
                0x00000000c00222a4                SoundChannel::SoundChannel(int, int, int, int)
                0x00000000c00223fa                SoundChannel::play()
                0x00000000c0022404                SoundChannel::paused()
                0x00000000c002240c                SoundChannel::getSampleRate()
                0x00000000c0022414                SoundChannel::getBits()
                0x00000000c002241c                SoundChannel::getBufferUsed()
                0x00000000c0022424                SoundChannel::getBufferSize()
                0x00000000c002242c                SoundChannel::unbuffer(float*, int, int)
                0x00000000c00224cc                SoundChannel::buffer8(unsigned char*, int)
 .text          0x00000000c002256c      0x3d5 hal/sound/sndhw.32
                0x00000000c002256c                SoundDevice::SoundDevice(char const*)
                0x00000000c002256c                SoundDevice::SoundDevice(char const*)
                0x00000000c00225d8                SoundDevice::~SoundDevice()
                0x00000000c00225d8                SoundDevice::~SoundDevice()
                0x00000000c0022652                SoundDevice::~SoundDevice()
                0x00000000c002267c                SoundDevice::getFreeChannelNum()
                0x00000000c0022696                SoundDevice::addChannel(SoundChannel*)
                0x00000000c0022706                SoundDevice::removeChannel(int)
                0x00000000c0022738                SoundDevice::floatTo8(float*, unsigned char*, int)
                0x00000000c0022820                SoundDevice::getAudio(int, float*, float*)
 .text          0x00000000c0022941        0x0 hw/bus/isa.32
 *fill*         0x00000000c0022941        0x1 
 .text          0x00000000c0022942      0x6c3 hw/bus/pci.32
                0x00000000c0022942                PCI::open(int, int, void*)
                0x00000000c0022956                PCI::close(int, int, void*)
                0x00000000c002295a                PCI::PCI()
                0x00000000c002295a                PCI::PCI()
                0x00000000c00229da                PCI::pciReadWord(unsigned char, unsigned char, unsigned char, unsigned char)
                0x00000000c0022a22                PCI::getVendorID(unsigned char, unsigned char, unsigned char)
                0x00000000c0022a44                PCI::getHeaderType(unsigned char, unsigned char, unsigned char)
                0x00000000c0022a68                PCI::getClassCode(unsigned char, unsigned char, unsigned char)
                0x00000000c0022aac                PCI::getProgIF(unsigned char, unsigned char, unsigned char)
                0x00000000c0022ad0                PCI::getRevisionID(unsigned char, unsigned char, unsigned char)
                0x00000000c0022af2                PCI::getInterruptNumber(unsigned char, unsigned char, unsigned char)
                0x00000000c0022b14                PCI::getSecondaryBus(unsigned char, unsigned char, unsigned char)
                0x00000000c0022b38                PCI::getBARAddress(unsigned char, unsigned char, unsigned char, unsigned char)
                0x00000000c0022b98                PCI::pciWriteWord(unsigned char, unsigned char, unsigned char, unsigned char, unsigned short)
                0x00000000c0022c04                PCI::checkBus(unsigned char)
                0x00000000c0022c28                PCI::foundDevice(PCIDeviceInfo)
                0x00000000c0022d9a                PCI::getDeviceData(unsigned char, unsigned char, unsigned char)
                0x00000000c0022f46                PCI::checkDevice(unsigned char, unsigned char)
                0x00000000c0022fb2                PCI::detect()
 *fill*         0x00000000c0023005        0x1 
 .text          0x00000000c0023006      0xc70 hw/diskctrl/ide.32
                0x00000000c0023006                IDE::close(int, int, void*)
                0x00000000c002300a                IDE::IDE()
                0x00000000c002300a                IDE::IDE()
                0x00000000c002303e                IDE::prepareInterrupt(unsigned char)
                0x00000000c0023050                selectDrive(unsigned char, unsigned char)
                0x00000000c0023052                IDE::getBase(unsigned char)
                0x00000000c0023064                IDE::write(unsigned char, unsigned char, unsigned char)
                0x00000000c0023124                IDE::read(unsigned char, unsigned char)
                0x00000000c00231d2                IDE::waitInterrupt(unsigned char)
                0x00000000c0023238                ideChannel0IRQHandler(regs*, void*)
                0x00000000c0023254                ideChannel1IRQHandler(regs*, void*)
                0x00000000c0023270                IDE::enableIRQs(unsigned char, bool)
                0x00000000c00232b6                IDE::open(int, int, void*)
                0x00000000c00236c6                IDE::readBuffer(unsigned char, unsigned char, unsigned int, unsigned int)
                0x00000000c0023792                IDE::detect()
                0x00000000c0023a7a                IDE::printError(unsigned char, unsigned char, unsigned char)
                0x00000000c0023c10                IDE::polling(unsigned char, unsigned int)
 .text          0x00000000c0023c76      0x390 hw/diskctrl/satabus.32
                0x00000000c0023c76                SATABus::close(int, int, void*)
                0x00000000c0023c7a                SATABus::detect()
                0x00000000c0023c7c                SATABus::SATABus()
                0x00000000c0023c7c                SATABus::SATABus()
                0x00000000c0023d28                SATABus::findCmdslot(SATABus::tagHBA_PORT volatile*)
                0x00000000c0023d70                SATABus::checkType(SATABus::tagHBA_PORT volatile*)
                0x00000000c0023db8                SATABus::startCmd(SATABus::tagHBA_PORT volatile*)
                0x00000000c0023dd8                SATABus::stopCmd(SATABus::tagHBA_PORT volatile*)
                0x00000000c0023e02                SATABus::portRebase(SATABus::tagHBA_PORT volatile*, int)
                0x00000000c0023f08                SATABus::probePort(SATABus::tagHBA_MEM volatile*)
                0x00000000c0023fe6                SATABus::open(int, int, void*)
 .text          0x00000000c0024006      0x63c hw/diskphys/ata.32
                0x00000000c0024006                ATA::close(int, int, void*)
                0x00000000c002402a                ATA::powerSaving(PowerSavingLevel)
                0x00000000c002402c                ATA::ATA()
                0x00000000c002402c                ATA::ATA()
                0x00000000c002405a                ATA::flush(bool)
                0x00000000c00240a4                ATA::readyForCommand()
                0x00000000c00240f4                ATA::access(unsigned long long, int, void*, bool)
                0x00000000c002447c                ATA::read(unsigned long long, int, void*)
                0x00000000c00244e4                ATA::write(unsigned long long, int, void*)
                0x00000000c002454c                ATA::detectCHS()
                0x00000000c0024576                ATA::open(int, int, void*)
 .text          0x00000000c0024642      0x5bd hw/diskphys/atapi.32
                0x00000000c0024642                ATAPI::write(unsigned long long, int, void*)
                0x00000000c0024648                ATAPI::close(int, int, void*)
                0x00000000c002466c                ATAPI::ATAPI()
                0x00000000c002466c                ATAPI::ATAPI()
                0x00000000c002469a                ATAPI::readyForCommand()
                0x00000000c00246ea                ATAPI::sendPacket(unsigned char*, int, bool, unsigned short*, int)
                0x00000000c00249aa                ATAPI::diskRemoved()
                0x00000000c00249c6                ATAPI::eject()
                0x00000000c0024a0e                ATAPI::diskInserted()
                0x00000000c0024a3c                ATAPI::detectMedia()
                0x00000000c0024af8                ATAPI::open(int, int, void*)
                0x00000000c0024b80                ATAPI::read(unsigned long long, int, void*)
 *fill*         0x00000000c0024bff        0x1 
 .text          0x00000000c0024c00      0x455 hw/diskphys/sata.32
                0x00000000c0024c00                SATA::close(int, int, void*)
                0x00000000c0024c24                SATA::powerSaving(PowerSavingLevel)
                0x00000000c0024c26                SATA::open(int, int, void*)
                0x00000000c0024cd4                SATA::SATA()
                0x00000000c0024cd4                SATA::SATA()
                0x00000000c0024d02                SATA::access(unsigned long long, int, void*, bool)
                0x00000000c0024f68                SATA::read(unsigned long long, int, void*)
                0x00000000c0024fd0                SATA::write(unsigned long long, int, void*)
 *fill*         0x00000000c0025055        0x1 
 .text          0x00000000c0025056      0x500 hw/diskphys/satapi.32
                0x00000000c0025056                SATAPI::write(unsigned long long, int, void*)
                0x00000000c002505c                SATAPI::close(int, int, void*)
                0x00000000c0025080                SATAPI::SATAPI()
                0x00000000c0025080                SATAPI::SATAPI()
                0x00000000c00250ae                SATAPI::diskRemoved()
                0x00000000c00250ca                SATAPI::diskInserted()
                0x00000000c00250f8                SATAPI::sendPacket(unsigned char*, int, unsigned long long, unsigned short*, int)
                0x00000000c00252fc                SATAPI::eject()
                0x00000000c0025344                SATAPI::detectMedia()
                0x00000000c0025406                SATAPI::open(int, int, void*)
                0x00000000c00254b4                SATAPI::read(unsigned long long, int, void*)
 .text          0x00000000c0025556       0x8e hw/fpu/avx.32
                0x00000000c0025556                AVX::open(int, int, void*)
                0x00000000c0025568                AVX::close(int, int, void*)
                0x00000000c002557a                AVX::available()
                0x00000000c002558c                AVX::save(void*)
                0x00000000c00255a4                AVX::load(void*)
                0x00000000c00255bc                AVX::AVX()
                0x00000000c00255bc                AVX::AVX()
 .text          0x00000000c00255e4       0x90 hw/fpu/mmx.32
                0x00000000c00255e4                MMX::available()
                0x00000000c00255f8                MMX::open(int, int, void*)
                0x00000000c002560a                MMX::close(int, int, void*)
                0x00000000c002561c                MMX::save(void*)
                0x00000000c0025634                MMX::load(void*)
                0x00000000c002564c                MMX::MMX()
                0x00000000c002564c                MMX::MMX()
 .text          0x00000000c0025674       0x96 hw/fpu/sse.32
                0x00000000c0025674                SSE::open(int, int, void*)
                0x00000000c0025686                SSE::close(int, int, void*)
                0x00000000c0025698                SSE::available()
                0x00000000c00256b2                SSE::save(void*)
                0x00000000c00256ca                SSE::load(void*)
                0x00000000c00256e2                SSE::SSE()
                0x00000000c00256e2                SSE::SSE()
 .text          0x00000000c002570a       0x8e hw/fpu/x87.32
                0x00000000c002570a                x87::open(int, int, void*)
                0x00000000c002571c                x87::close(int, int, void*)
                0x00000000c002572e                x87::available()
                0x00000000c0025740                x87::save(void*)
                0x00000000c0025758                x87::load(void*)
                0x00000000c0025770                x87::x87()
                0x00000000c0025770                x87::x87()
 .text          0x00000000c0025798      0x71e hw/intctrl/apic.32
                0x00000000c0025798                APIC::disable()
                0x00000000c002579a                APIC::close(int, int, void*)
                0x00000000c00257bc                IOAPIC::close(int, int, void*)
                0x00000000c00257c2                APIC::io_wait()
                0x00000000c00257c8                APIC::getBase()
                0x00000000c002580a                APIC::eoi(unsigned char)
                0x00000000c0025838                APIC::open(int, int, void*)
                0x00000000c0025986                IOAPIC::IOAPIC()
                0x00000000c0025986                IOAPIC::IOAPIC()
                0x00000000c00259ae                APIC::APIC()
                0x00000000c00259ae                APIC::APIC()
                0x00000000c0025a8a                IOAPIC::handlesGSIWithNumber(unsigned int)
                0x00000000c0025abc                IOAPIC::read(int)
                0x00000000c0025ae4                IOAPIC::open(int, int, void*)
                0x00000000c0025bda                IOAPIC::write(int, int)
                0x00000000c0025c06                IOAPIC::redirect(unsigned char, unsigned long long, unsigned char, bool, bool)
                0x00000000c0025d00                APIC::installIRQHandler(int, void (*)(regs*, void*), bool, void*)
 .text          0x00000000c0025eb6      0x3d3 hw/intctrl/pic.32
                0x00000000c0025eb6                PIC::disable()
                0x00000000c0025ee4                PIC::close(int, int, void*)
                0x00000000c0025f06                PIC::PIC()
                0x00000000c0025f06                PIC::PIC()
                0x00000000c0025fdc                PIC::ioWait()
                0x00000000c0025fe2                PIC::getIRQReg(int)
                0x00000000c002604c                PIC::eoi(unsigned char)
                0x00000000c00260de                PIC::remap()
                0x00000000c002624a                PIC::open(int, int, void*)
 *fill*         0x00000000c0026289        0x1 
 .text          0x00000000c002628a      0x25e hw/timer/apictimer.32
                0x00000000c002628a                APICTimer::close(int, int, void*)
                0x00000000c0026290                apicTimerHandler(regs*, void*)
                0x00000000c00262be                APICTimer::write(int)
                0x00000000c00263c2                APICTimer::open(int, int, void*)
                0x00000000c00264c0                APICTimer::APICTimer()
                0x00000000c00264c0                APICTimer::APICTimer()
 .text          0x00000000c00264e8      0x1a7 hw/timer/pit.32
                0x00000000c00264e8                PIT::write(int)
                0x00000000c0026566                pitHandler(regs*, void*)
                0x00000000c0026592                PIT::open(int, int, void*)
                0x00000000c00265e0                PIT::close(int, int, void*)
                0x00000000c0026610                PIT::PIT()
                0x00000000c0026610                PIT::PIT()
 *fill*         0x00000000c002668f        0x1 
 .text          0x00000000c0026690       0x1e hw/fpu/x86/avx.32
                0x00000000c0026690                avxDetect
                0x00000000c0026696                avxSave
                0x00000000c0026697                avxLoad
                0x00000000c0026698                avxInit
                0x00000000c0026699                avxClose
                0x00000000c002669a                wouldSheSayYes
 *fill*         0x00000000c00266ae        0x2 
 .text          0x00000000c00266b0       0x35 hw/fpu/x86/sse.32
                0x00000000c00266b0                absolutelyNoChanceInHell
                0x00000000c00266b0                sseDetect
                0x00000000c00266c8                sseSave
                0x00000000c00266ce                sseLoad
                0x00000000c00266d4                sseInit
                0x00000000c00266e4                sseClose
 *fill*         0x00000000c00266e5        0xb 
 .text          0x00000000c00266f0       0x47 hw/fpu/x86/x87.32
                0x00000000c00266f6                x87Detect
                0x00000000c0026711                x87Save
                0x00000000c0026717                x87Load
                0x00000000c002671c                x87Init
                0x00000000c0026736                x87Close
 *fill*         0x00000000c0026737        0x1 
 .text          0x00000000c0026738       0x25 /cygdrive/d/Users/Alex/Desktop/Toolchain/Output/bin/../lib/gcc/i386-banana/8.1.0/crtend.o
 .text          0x00000000c002675d        0x0 crtn.32
 *fill*         0x00000000c002675d        0x3 
 .text          0x00000000c0026760      0x14b /cygdrive/d/Users/Alex/Desktop/Toolchain/Output/bin/../lib/gcc/i386-banana/8.1.0/libkgcc.a(_divdi3.o)
                0x00000000c0026760                __divdi3
 *fill*         0x00000000c00268ab        0x1 
 .text          0x00000000c00268ac      0x17e /cygdrive/d/Users/Alex/Desktop/Toolchain/Output/bin/../lib/gcc/i386-banana/8.1.0/libkgcc.a(_moddi3.o)
                0x00000000c00268ac                __moddi3
 *fill*         0x00000000c0026a2a        0x2 
 .text          0x00000000c0026a2c       0xff /cygdrive/d/Users/Alex/Desktop/Toolchain/Output/bin/../lib/gcc/i386-banana/8.1.0/libkgcc.a(_udivdi3.o)
                0x00000000c0026a2c                __udivdi3
 *fill*         0x00000000c0026b2b        0x1 
 .text          0x00000000c0026b2c      0x11a /cygdrive/d/Users/Alex/Desktop/Toolchain/Output/bin/../lib/gcc/i386-banana/8.1.0/libkgcc.a(_umoddi3.o)
                0x00000000c0026b2c                __umoddi3
 .text          0x00000000c0026c46      0x96d D:/Users/Alex/Desktop/Banana/kernel/libsoftfp.a(sfieeelib.o)
                0x00000000c0026c46                __addsf3
                0x00000000c0026f48                __subsf3
                0x00000000c0026f5c                __negsf2
                0x00000000c0026f69                __mulsf3
                0x00000000c002712c                __divsf3
                0x00000000c0027357                __floatsisf
                0x00000000c00273cb                __floatunsisf
                0x00000000c002740d                __fixsfsi
                0x00000000c002746f                __fixunssfsi
                0x00000000c00274a0                __cmpsf2
                0x00000000c0027535                __eqsf2
                0x00000000c0027570                __nesf2