Archive member included to satisfy reference by file (symbol)

/cygdrive/d/Users/Alex/Desktop/Toolchain/Output/bin/../lib/gcc/i386-banana/8.1.0/libgcc.a(_divdi3.o)
                              fs/fat/ff.32 (__divdi3)
/cygdrive/d/Users/Alex/Desktop/Toolchain/Output/bin/../lib/gcc/i386-banana/8.1.0/libgcc.a(_moddi3.o)
                              thr/elf.32 (__moddi3)
/cygdrive/d/Users/Alex/Desktop/Toolchain/Output/bin/../lib/gcc/i386-banana/8.1.0/libgcc.a(_udivdi3.o)
                              fs/fat/ff.32 (__udivdi3)
/cygdrive/d/Users/Alex/Desktop/Toolchain/Output/bin/../lib/gcc/i386-banana/8.1.0/libgcc.a(_umoddi3.o)
                              core/pipe.32 (__umoddi3)
D:/Users/Alex/Desktop/Banana/kernel/libk/libm32.a(s_fabs.c.o)
                              hal/libresample/samplerate.32 (fabs)
D:/Users/Alex/Desktop/Banana/kernel/libk/libm32.a(s_lrint.S.o)
                              hal/libresample/samplerate.32 (lrint)
D:/Users/Alex/Desktop/Banana/kernel/libk/libm32.a(s_lrintf.S.o)
                              hal/sound/sndhw.32 (lrintf)

Discarded input sections

 .comment       0x0000000000000000       0x12 /cygdrive/d/Users/Alex/Desktop/Toolchain/Output/bin/../lib/gcc/i386-banana/8.1.0/crtbegin.o
 .comment       0x0000000000000000       0x12 acpica/utclib.32
 .comment       0x0000000000000000       0x12 core/malloc.32
 .comment       0x0000000000000000       0x12 libk/string.32
 .comment       0x0000000000000000       0x12 fs/fat/diskio.32
 .comment       0x0000000000000000       0x12 fs/fat/ff.32
 .comment       0x0000000000000000       0x12 fs/fat/ffsystem.32
 .comment       0x0000000000000000       0x12 fs/fat/ffunicode.32
 .comment       0x0000000000000000       0x12 hal/libresample/samplerate.32
 .comment       0x0000000000000000       0x12 hal/libresample/src_linear.32
 .comment       0x0000000000000000       0x12 hal/libresample/src_sinc.32
 .comment       0x0000000000000000       0x12 hal/libresample/src_zoh.32
 .group         0x0000000000000000       0x14 core/computer.32
 .group         0x0000000000000000        0xc core/computer.32
 .comment       0x0000000000000000       0x12 core/computer.32
 .comment       0x0000000000000000       0x12 core/gdt.32
 .group         0x0000000000000000        0xc core/idle.32
 .comment       0x0000000000000000       0x12 core/idle.32
 .comment       0x0000000000000000       0x12 core/idt.32
 .group         0x0000000000000000        0x8 core/kheap.32
 .group         0x0000000000000000        0x8 core/kheap.32
 .comment       0x0000000000000000       0x12 core/kheap.32
 .comment       0x0000000000000000       0x12 core/main.32
 .comment       0x0000000000000000       0x12 core/physmgr.32
 .group         0x0000000000000000        0xc core/pipe.32
 .comment       0x0000000000000000       0x12 core/pipe.32
 .group         0x0000000000000000        0xc core/terminal.32
 .comment       0x0000000000000000       0x12 core/terminal.32
 .group         0x0000000000000000        0x8 core/tss.32
 .text._ZN3CPU7readCR3Ev
                0x0000000000000000       0x12 core/tss.32
 .comment       0x0000000000000000       0x12 core/tss.32
 .group         0x0000000000000000        0x8 core/unixfile.32
 .group         0x0000000000000000        0xc core/unixfile.32
 .group         0x0000000000000000        0xc core/unixfile.32
 .group         0x0000000000000000        0x8 core/unixfile.32
 .group         0x0000000000000000        0xc core/unixfile.32
 .group         0x0000000000000000        0x8 core/unixfile.32
 .group         0x0000000000000000        0xc core/unixfile.32
 .group         0x0000000000000000        0xc core/unixfile.32
 .comment       0x0000000000000000       0x12 core/unixfile.32
 .group         0x0000000000000000        0x8 core/virtmgr.32
 .group         0x0000000000000000        0x8 core/virtmgr.32
 .text._ZN3CPU7readCR3Ev
                0x0000000000000000       0x12 core/virtmgr.32
 .text._ZN3CPU8writeCR3Em
                0x0000000000000000        0x9 core/virtmgr.32
 .comment       0x0000000000000000       0x12 core/virtmgr.32
 .comment       0x0000000000000000       0x12 coreobjs/c++.32
 .comment       0x0000000000000000       0x12 dbg/kconsole.32
 .group         0x0000000000000000        0xc fs/vfs.32
 .group         0x0000000000000000        0xc fs/vfs.32
 .group         0x0000000000000000        0xc fs/vfs.32
 .comment       0x0000000000000000       0x12 fs/vfs.32
 .group         0x0000000000000000        0xc hal/bus.32
 .comment       0x0000000000000000       0x12 hal/bus.32
 .group         0x0000000000000000        0xc hal/buzzer.32
 .comment       0x0000000000000000       0x12 hal/buzzer.32
 .group         0x0000000000000000        0xc hal/clock.32
 .comment       0x0000000000000000       0x12 hal/clock.32
 .group         0x0000000000000000       0x14 hal/device.32
 .group         0x0000000000000000        0xc hal/device.32
 .group         0x0000000000000000        0xc hal/device.32
[...]
Memory Configuration

Name             Origin             Length             Attributes
*default*        0x0000000000000000 0xffffffffffffffff

Linker script and memory map

LOAD D:/Users/Alex/Desktop/Banana/kernel/boot.32
LOAD crti.32
LOAD /cygdrive/d/Users/Alex/Desktop/Toolchain/Output/bin/../lib/gcc/i386-banana/8.1.0/crtbegin.o
LOAD D:/Users/Alex/Desktop/Banana/kernel/morenasm.32
LOAD acpica/utclib.32
LOAD core/malloc.32
LOAD libk/string.32
LOAD fs/fat/diskio.32
LOAD fs/fat/ff.32
LOAD fs/fat/ffsystem.32
LOAD fs/fat/ffunicode.32
LOAD hal/libresample/samplerate.32
LOAD hal/libresample/src_linear.32
LOAD hal/libresample/src_sinc.32
LOAD hal/libresample/src_zoh.32
LOAD core/computer.32
LOAD core/gdt.32
LOAD core/idle.32
LOAD core/idt.32
LOAD core/kheap.32
LOAD core/main.32
LOAD core/physmgr.32
LOAD core/pipe.32
LOAD core/terminal.32
LOAD core/tss.32
LOAD core/unixfile.32
LOAD core/virtmgr.32
LOAD coreobjs/c++.32
LOAD dbg/kconsole.32
LOAD fs/vfs.32
LOAD hal/bus.32
LOAD hal/buzzer.32
LOAD hal/clock.32
LOAD hal/device.32
LOAD hal/diskctrl.32
LOAD hal/diskphys.32
LOAD hal/fpu.32
LOAD hal/intctrl.32
LOAD hal/keybrd.32
LOAD hal/logidisk.32
LOAD hal/mouse.32
LOAD hal/partition.32
LOAD hal/timer.32
LOAD hal/vcache.32
LOAD hal/video.32
LOAD hw/acpi.32
LOAD hw/cpu.32
LOAD hw/ports.32
LOAD krnl/panic.32
LOAD reg/registry.32
LOAD sys/sc_exit.32
LOAD sys/sc_loaddll.32
LOAD sys/sc_read.32
LOAD sys/sc_sbrk.32
LOAD sys/sc_write.32
LOAD sys/sc_yield.32
LOAD sys/syscalls.32
LOAD thr/elf.32
LOAD thr/prcssthr.32
LOAD vm86/vm8086.32
LOAD fs/fat/vfslink.32
LOAD fs/iso9660/vfslink.32
LOAD hal/sound/sndchannel.32
LOAD hal/sound/sndhw.32
LOAD hw/bus/isa.32
LOAD hw/bus/pci.32
LOAD hw/diskctrl/ide.32
LOAD hw/diskphys/ata.32
LOAD hw/diskphys/atapi.32
LOAD hw/fpu/avx.32
LOAD hw/fpu/mmx.32
LOAD hw/fpu/sse.32
LOAD hw/fpu/x87.32
LOAD hw/intctrl/apic.32
LOAD hw/intctrl/pic.32
LOAD hw/timer/apictimer.32
LOAD hw/timer/pit.32
LOAD hw/fpu/x86/avx.32
LOAD hw/fpu/x86/sse.32
LOAD hw/fpu/x86/x87.32
LOAD /cygdrive/d/Users/Alex/Desktop/Toolchain/Output/bin/../lib/gcc/i386-banana/8.1.0/crtend.o
LOAD crtn.32
LOAD /cygdrive/d/Users/Alex/Desktop/Toolchain/Output/bin/../lib/gcc/i386-banana/8.1.0/libgcc.a
LOAD D:/Users/Alex/Desktop/Banana/kernel/libk/libm32.a
                0x00000000c0000000                . = 0xc0000000

.text           0x00000000c0000000    0x1f628
 *(.text)
 .text          0x00000000c0000000       0x41 D:/Users/Alex/Desktop/Banana/kernel/boot.32
                0x00000000c0000020                callGlobalConstructors
 .text          0x00000000c0000041        0x0 crti.32
 *fill*         0x00000000c0000041        0x3 
 .text          0x00000000c0000044      0x101 /cygdrive/d/Users/Alex/Desktop/Toolchain/Output/bin/../lib/gcc/i386-banana/8.1.0/crtbegin.o
 *fill*         0x00000000c0000145        0xb 
 .text          0x00000000c0000150      0x4d1 D:/Users/Alex/Desktop/Banana/kernel/morenasm.32
                0x00000000c0000150                voodooXADD
                0x00000000c0000202                doTPAUSE
                0x00000000c000020c                hasLegacyFPU
                0x00000000c0000231                is486
                0x00000000c0000267                goToVM86
                0x00000000c0000298                goToUsermode
                0x00000000c00002c3                switchToThreadASMFirstTime
                0x00000000c00002d1                switchToThreadASM
                0x00000000c0000371                detectCPUID
                0x00000000c0000387                asmQuickAcquireLock
                0x00000000c00003a5                asmQuickReleaseLock
                0x00000000c00003b1                asmAcquireLock
                0x00000000c00003d2                asmReleaseLock
                0x00000000c00003e5                loadGDT
                0x00000000c0000405                isr0
                0x00000000c0000415                isr1
                0x00000000c000041f                isr2
                0x00000000c0000429                isr3
                0x00000000c0000433                isr4
                0x00000000c000043d                isr5
                0x00000000c0000447                isr6
                0x00000000c0000451                isr7
                0x00000000c000045b                isr8
                0x00000000c0000463                isr9
                0x00000000c000046d                isr10
                0x00000000c0000475                isr11
                0x00000000c000047d                isr12
                0x00000000c0000485                isr13
                0x00000000c000048d                isr14
                0x00000000c0000495                isr15
                0x00000000c000049f                isr16
                0x00000000c00004a9                isr17
                0x00000000c00004b3                isr18
                0x00000000c00004bd                isr96
                0x00000000c00004c7                irq0
                0x00000000c00004d1                irq1
                0x00000000c00004db                irq2
                0x00000000c00004e5                irq3
                0x00000000c00004ef                irq4
                0x00000000c00004f9                irq5
                0x00000000c0000503                irq6
                0x00000000c000050d                irq7
                0x00000000c0000517                irq8
                0x00000000c0000521                irq9
                0x00000000c000052b                irq10
                0x00000000c0000535                irq11
                0x00000000c000053f                irq12
                0x00000000c0000549                irq13
                0x00000000c0000553                irq14
                0x00000000c000055d                irq15
                0x00000000c0000567                irq16
                0x00000000c0000571                irq17
                0x00000000c000057b                irq18
                0x00000000c0000585                irq19
                0x00000000c000058f                irq20
                0x00000000c0000599                irq21
                0x00000000c00005a3                irq22
                0x00000000c00005ad                irq23
                0x00000000c00005b7                int_common_stub
                0x00000000c00005e7                syscall_common_stub
 .text          0x00000000c0000621      0x411 acpica/utclib.32
                0x00000000c0000621                memcmp
                0x00000000c000064c                memmove
                0x00000000c0000684                memcpy
                0x00000000c00006ba                memset
                0x00000000c00006d7                strlen
                0x00000000c00006e7                strpbrk
                0x00000000c000070a                strtok
                0x00000000c0000759                strcpy
                0x00000000c0000779                strncpy
                0x00000000c00007aa                strcmp
                0x00000000c00007cb                strchr
                0x00000000c00007e1                strncmp
                0x00000000c0000810                strcat
                0x00000000c0000837                strncat
                0x00000000c0000871                strstr
                0x00000000c00008ae                toupper
                0x00000000c00008c2                tolower
                0x00000000c00008d6                simple_strtoul
 .text          0x00000000c0000a32      0xfc2 core/malloc.32
                0x00000000c0000b9d                dlfree
                0x00000000c0000efb                dlmalloc
                0x00000000c0001438                dlrealloc
                0x00000000c00015ed                dlmemalign
                0x00000000c0001710                dlcalloc
                0x00000000c00017aa                dlcfree
                0x00000000c00017af                dlindependent_calloc
                0x00000000c00017d4                dlindependent_comalloc
                0x00000000c00017eb                dlvalloc
                0x00000000c0001816                dlpvalloc
                0x00000000c000184c                dlmalloc_trim
                0x00000000c0001859                dlmalloc_usable_size
                0x00000000c000188a                dlmallinfo
                0x00000000c0001959                dlmalloc_stats
                0x00000000c000196a                dlmallopt
 .text          0x00000000c00019f4        0x0 libk/string.32
 .text          0x00000000c00019f4       0x51 fs/fat/diskio.32
                0x00000000c00019f4                disk_status
                0x00000000c00019f7                disk_initialize
                0x00000000c00019fa                disk_read
                0x00000000c0001a10                disk_write
                0x00000000c0001a26                disk_ioctl
 .text          0x00000000c0001a45     0x67e6 fs/fat/ff.32
                0x00000000c0004cfb                f_mount
                0x00000000c0004d5d                f_open
                0x00000000c0005199                f_read
                0x00000000c0005419                f_write
                0x00000000c00056d3                f_sync
                0x00000000c00058af                f_close
                0x00000000c00058de                f_lseek
                0x00000000c0005d43                f_opendir
                0x00000000c0005e45                f_closedir
                0x00000000c0005e67                f_readdir
                0x00000000c0005f02                f_stat
                0x00000000c0005f91                f_getfree
                0x00000000c0006179                f_truncate
                0x00000000c0006271                f_unlink
                0x00000000c00063f2                f_mkdir
                0x00000000c000661e                f_rename
                0x00000000c0006911                f_chmod
                0x00000000c00069ef                f_utime
                0x00000000c0006acd                f_getlabel
                0x00000000c0006cc1                f_setlabel
                0x00000000c0006f2e                f_forward
                0x00000000c000710c                f_mkfs
 .text          0x00000000c000822b       0x2d fs/fat/ffsystem.32
                0x00000000c000822b                ff_memalloc
                0x00000000c0008241                ff_memfree
 .text          0x00000000c0008258      0x280 fs/fat/ffunicode.32
                0x00000000c0008258                ff_uni2oem
                0x00000000c00082ee                ff_oem2uni
                0x00000000c000835d                ff_wtoupper
 .text          0x00000000c00084d8      0x70e hal/libresample/samplerate.32
                0x00000000c0008560                src_delete
                0x00000000c000859c                src_process
                0x00000000c00086c4                src_callback_read
                0x00000000c0008825                src_set_ratio
                0x00000000c000887c                src_get_channels
                0x00000000c000889e                src_reset
                0x00000000c00088e2                src_new
                0x00000000c0008970                src_callback_new
                0x00000000c00089d2                src_get_name
                0x00000000c0008a09                src_get_description
                0x00000000c0008a40                src_get_version
                0x00000000c0008a46                src_is_valid_ratio
                0x00000000c0008a60                src_error
                0x00000000c0008a6e                src_strerror
                0x00000000c0008a81                src_simple
                0x00000000c0008ad4                src_short_to_float_array
                0x00000000c0008afa                src_float_to_short_array
                0x00000000c0008b5e                src_int_to_float_array
                0x00000000c0008b84                src_float_to_int_array
 .text          0x00000000c0008be6      0x3f9 hal/libresample/src_linear.32
                0x00000000c0008f3a                linear_get_name
                0x00000000c0008f49                linear_get_description
                0x00000000c0008f58                linear_set_converter
 .text          0x00000000c0008fdf     0x1a31 hal/libresample/src_sinc.32
                0x00000000c000a927                sinc_get_name
                0x00000000c000a93a                sinc_get_description
                0x00000000c000a94d                sinc_set_converter
 .text          0x00000000c000aa10      0x3cf hal/libresample/src_zoh.32
                0x00000000c000ad3a                zoh_get_name
                0x00000000c000ad49                zoh_get_description
                0x00000000c000ad58                zoh_set_converter
 *fill*         0x00000000c000addf        0x1 
 .text          0x00000000c000ade0      0x9ff core/computer.32
                0x00000000c000ade0                Computer::close(int, int, void*)
                0x00000000c000ae24                Computer::Computer()
                0x00000000c000ae24                Computer::Computer()
                0x00000000c000af80                Computer::setBootMessage(char const*)
                0x00000000c000af82                Computer::start()
                0x00000000c000b07b                firstTask()
                0x00000000c000b08a                Computer::detectFeatures()
                0x00000000c000b264                Computer::displayFeatures()
                0x00000000c000b5aa                Computer::rdmsr(unsigned int)
                0x00000000c000b5d6                Computer::wrmsr(unsigned int, unsigned long long)
                0x00000000c000b60e                Computer::nmiEnabled()
                0x00000000c000b61a                Computer::readCMOS(unsigned char)
                0x00000000c000b634                Computer::enableNMI(bool)
                0x00000000c000b64c                Computer::open(int, int, void*)
                0x00000000c000b722                Computer::disableNMI()
                0x00000000c000b730                Computer::writeCMOS(unsigned char, unsigned char)
                0x00000000c000b74e                Computer::handleNMI()
                0x00000000c000b7b4                Computer::setDiskActivityLight(int, bool)
 *fill*         0x00000000c000b7df        0x1 
 .text          0x00000000c000b7e0      0x1b7 core/gdt.32
                0x00000000c000b7e0                GDTEntry::setBase(unsigned int)
                0x00000000c000b7fc                GDTEntry::setLimit(unsigned int)
                0x00000000c000b81a                GDT::GDT()
                0x00000000c000b81a                GDT::GDT()
                0x00000000c000b830                GDT::addEntry(GDTEntry)
                0x00000000c000b86c                GDT::getNumberOfEntries()
                0x00000000c000b874                GDT::flush()
                0x00000000c000b896                GDT::setup()
 .text          0x00000000c000b997       0x61 core/idle.32
                0x00000000c000b997                idleFunction(void*)
 .text          0x00000000c000b9f8      0x45f core/idt.32
                0x00000000c000b9f8                IDTEntry::IDTEntry(bool)
                0x00000000c000b9f8                IDTEntry::IDTEntry(bool)
                0x00000000c000ba66                IDTEntry::setOffset(unsigned int)
                0x00000000c000ba7a                IDT::IDT()
                0x00000000c000ba7a                IDT::IDT()
                0x00000000c000ba7c                IDT::getPointerToInvalidOpcodeEntryForF00F()
                0x00000000c000ba84                IDT::addEntry(IDTEntry, int)
                0x00000000c000ba9e                IDT::addEntry(int, void (*)(), bool)
                0x00000000c000bad6                IDT::flush()
                0x00000000c000baf0                IDT::setup()
 .text          0x00000000c000be57      0x20c core/kheap.32
                0x00000000c000be57                sbrk
                0x00000000c000bf6e                mmap
                0x00000000c000bf84                munmap
                0x00000000c000bf9a                liballoc_lock()
                0x00000000c000bfab                liballoc_unlock()
                0x00000000c000bfbc                liballoc_alloc(int)
                0x00000000c000bfd7                liballoc_free(void*, int)
                0x00000000c000bff5                realloc
                0x00000000c000c009                malloc
                0x00000000c000c019                free
                0x00000000c000c029                rfree
                0x00000000c000c039                calloc
 .text          0x00000000c000c063      0x3a9 core/main.32
                0x00000000c000c063                hwTextMode_loadInData(VgaText*)
                0x00000000c000c0a8                hwTextMode_loadInTitle(VgaText*, char*)
                0x00000000c000c0f2                hwTextMode_showCursor(VgaText*, bool)
                0x00000000c000c146                hwTextMode_update(VgaText*)
                0x00000000c000c147                hwTextMode_updateCursor(VgaText*)
                0x00000000c000c195                hwTextMode_disableBlink(VgaText*, bool)
                0x00000000c000c1d1                hwTextMode_scrollScreen(VgaText*)
                0x00000000c000c25d                hwTextMode_writeCharacter(VgaText*, char, VgaColour, VgaColour, int, int)
                0x00000000c000c2c3                setupTextMode()
                0x00000000c000c314                kernel_main
 .text          0x00000000c000c40c      0x504 core/physmgr.32
                0x00000000c000c40c                Phys::allocateDMA(unsigned long)
                0x00000000c000c4b0                Phys::freeDMA(unsigned long, unsigned long)
                0x00000000c000c4f8                Phys::setPageState(unsigned long, bool)
                0x00000000c000c531                Phys::getPageState(unsigned long)
                0x00000000c000c552                Phys::freePage(unsigned long)
                0x00000000c000c5df                Phys::allocatePage()
                0x00000000c000c6ab                Phys::allowSegmentToBeUsed(unsigned long, unsigned long)
                0x00000000c000c6e3                Phys::physicalMemorySetup(unsigned int)
 .text          0x00000000c000c910      0x273 core/pipe.32
                0x00000000c000c910                Pipe::isAtty()
                0x00000000c000c914                Pipe::~Pipe()
                0x00000000c000c914                Pipe::~Pipe()
                0x00000000c000c938                Pipe::~Pipe()
                0x00000000c000c960                Pipe::read(unsigned long long, void*, int*)
                0x00000000c000ca54                Pipe::write(unsigned long long, void*, int*)
                0x00000000c000cb1c                Pipe::Pipe(int)
                0x00000000c000cb1c                Pipe::Pipe(int)
 *fill*         0x00000000c000cb83        0x1 
 .text          0x00000000c000cb84      0xf67 core/terminal.32
                0x00000000c000cb84                VgaText::isAtty()
                0x00000000c000cb88                VgaText::~VgaText()
                0x00000000c000cb88                VgaText::~VgaText()
                0x00000000c000cbac                VgaText::~VgaText()
                0x00000000c000cbd6                VgaText::read(unsigned long long, void*, int*)
                0x00000000c000cbf6                setTerminalScrollLock(bool)
                0x00000000c000cbf7                addToTerminalCycle(VgaText*)
                0x00000000c000cc24                installVgaTextImplementation()
                0x00000000c000cc39                scrollTerminalScrollLock(int)
                0x00000000c000cc3a                VgaText::load()
                0x00000000c000cc8e                VgaText::updateCursor()
                0x00000000c000cca8                VgaText::showCursor(bool)
                0x00000000c000ccb8                VgaText::disableBlink(bool)
                0x00000000c000ccf2                VgaText::doANSI_SGR(int)
                0x00000000c000cd7e                VgaText::setDefaultBgColour(VgaColour)
                0x00000000c000cd94                VgaText::setDefaultFgColour(VgaColour)
                0x00000000c000cdaa                VgaText::setDefaultColours(VgaColour, VgaColour)
                0x00000000c000cdca                VgaText::combineColours(unsigned char, unsigned char)
                0x00000000c000cddc                VgaText::scrollScreen()
                0x00000000c000ce70                VgaText::combineCharAndColour(char, unsigned char)
                0x00000000c000ce82                VgaText::writeCharacter(char, VgaColour, VgaColour, int, int)
                0x00000000c000cee2                VgaText::getCursorX()
                0x00000000c000ceee                VgaText::getCursorY()
                0x00000000c000cefa                VgaText::setCursor(int, int)
                0x00000000c000cf18                VgaText::setCursorX(int)
                0x00000000c000cf34                VgaText::setCursorY(int)
                0x00000000c000cf50                VgaText::incrementCursor(bool)
                0x00000000c000cfb8                VgaText::updateRAMUsageDisplay(int)
                0x00000000c000d012                VgaText::updateDiskUsage()
                0x00000000c000d178                VgaText::updateTitle()
                0x00000000c000d1be                VgaText::setTitleTextColour(VgaColour)
                0x00000000c000d1ce                VgaText::setTitleColour(VgaColour)
                0x00000000c000d1de                VgaText::setTitle(char*)
                0x00000000c000d204                VgaText::decrementCursor(bool)
                0x00000000c000d22c                VgaText::putchar(char, VgaColour, VgaColour)
                0x00000000c000d328                VgaText::isShowingCursor()
                0x00000000c000d334                VgaText::isBlinkDisabled()
                0x00000000c000d342                VgaText::setCursorHeight(int)
                0x00000000c000d360                VgaText::getCursorHeight()
                0x00000000c000d36b                setActiveTerminal(VgaText*)
                0x00000000c000d41d                doTerminalCycle()
                0x00000000c000d43a                VgaText::doUpdate()
                0x00000000c000d44c                VgaText::puts(char const*, VgaColour, VgaColour)
                0x00000000c000d60e                VgaText::clearScreen()
                0x00000000c000d672                VgaText::putchar(char)
                0x00000000c000d78c                VgaText::puts(char const*)
                0x00000000c000d7b2                VgaText::putx(unsigned int)
                0x00000000c000d7f8                VgaText::VgaText(char const*)
                0x00000000c000d7f8                VgaText::VgaText(char const*)
                0x00000000c000d98a                VgaText::receiveKey(unsigned char)
                0x00000000c000da72                VgaText::write(unsigned long long, void*, int*)
                0x00000000c000dac6                newTerminal(char*)
 *fill*         0x00000000c000daeb        0x1 
 .text          0x00000000c000daec      0x18f core/tss.32
                0x00000000c000daec                TSS::TSS()
                0x00000000c000daec                TSS::TSS()
                0x00000000c000dafa                TSS::setESP(unsigned long)
                0x00000000c000db0c                TSS::flush()
                0x00000000c000db2c                TSS::setup(unsigned long, unsigned long)
 *fill*         0x00000000c000dc7b        0x1 
 .text          0x00000000c000dc7c      0x482 core/unixfile.32
                0x00000000c000dc7c                ReservedFilename::read(unsigned long long, void*, int*)
                0x00000000c000dcd2                ReservedFilename::isAtty()
                0x00000000c000dcee                ReservedFilename::write(unsigned long long, void*, int*)
                0x00000000c000dd4c                UnixFile::getFileDescriptor()
                0x00000000c000dd54                UnixFile::UnixFile(int)
                0x00000000c000dd54                UnixFile::UnixFile(int)
                0x00000000c000dec4                ReservedFilename::ReservedFilename(int)
                0x00000000c000dec4                ReservedFilename::ReservedFilename(int)
                0x00000000c000def6                UnixFile::~UnixFile()
                0x00000000c000def6                UnixFile::~UnixFile()
                0x00000000c000df8e                UnixFile::~UnixFile()
                0x00000000c000dfb6                ReservedFilename::~ReservedFilename()
                0x00000000c000dfb6                ReservedFilename::~ReservedFilename()
                0x00000000c000dfda                ReservedFilename::~ReservedFilename()
                0x00000000c000e001                getFromFileDescriptor(int)
 .text          0x00000000c000e0fe      0xecf core/virtmgr.32
                0x00000000c000e0fe                Virt::setPageState(unsigned long, Virt::VirtPageState)
                0x00000000c000e135                Virt::getPageState(unsigned long)
                0x00000000c000e15c                Virt::allocateKernelVirtualPages(int)
                0x00000000c000e26d                Virt::virtualMemorySetup()
                0x00000000c000e2e9                Virt::getAKernelVAS()
                0x00000000c000e2ef                Virt::setupPageSwapping(int)
                0x00000000c000e40a                VAS::VAS()
                0x00000000c000e40a                VAS::VAS()
                0x00000000c000e43a                VAS::VAS(VAS*)
                0x00000000c000e43a                VAS::VAS(VAS*)
                0x00000000c000e45e                VAS::getForeignPageTableEntry(bool, unsigned long)
                0x00000000c000e48a                VAS::getPageTableEntry(unsigned long)
                0x00000000c000e4a9                Virt::freeKernelVirtualPages(unsigned long)
                0x00000000c000e5ca                VAS::freeAllocatedPages(unsigned long)
                0x00000000c000e5ee                VAS::virtualToPhysical(unsigned long)
                0x00000000c000e608                VAS::reflagRange(unsigned long, int, int, int)
                0x00000000c000e64c                VAS::setToWriteCombining(unsigned long, int)
                0x00000000c000e686                VAS::mapOtherVASIn(bool, VAS*)
                0x00000000c000e6bc                VAS::~VAS()
                0x00000000c000e6bc                VAS::~VAS()
                0x00000000c000e828                VAS::mapPage(unsigned long, unsigned long, int)
                0x00000000c000e92a                VAS::allocatePages(int, int)
                0x00000000c000eafc                VAS::setCPUSpecific(unsigned long)
                0x00000000c000eb1a                VAS::mapRange(unsigned long, unsigned long, int, int)
                0x00000000c000ebe4                VAS::mapForeignPage(bool, VAS*, unsigned long, unsigned long, int)
                0x00000000c000ecd6                VAS::VAS(bool)
                0x00000000c000ecd6                VAS::VAS(bool)
                0x00000000c000ef06                mapVASFirstTime
 .text          0x00000000c000efcd       0x93 coreobjs/c++.32
                0x00000000c000efcd                __cxa_atexit
                0x00000000c000efd0                __cxa_finalize
                0x00000000c000efd1                __stack_chk_fail
                0x00000000c000f031                __cxa_pure_virtual
                0x00000000c000f042                operator new(unsigned long)
                0x00000000c000f047                operator new[](unsigned long)
                0x00000000c000f04c                operator delete(void*)
                0x00000000c000f051                operator delete(void*, unsigned long)
                0x00000000c000f056                operator delete[](void*)
                0x00000000c000f05b                operator delete[](void*, unsigned long)
 .text          0x00000000c000f060      0x23d dbg/kconsole.32
                0x00000000c000f060                Dbg::stringifyxWithBase(unsigned int, char*, int)
                0x00000000c000f104                Dbg::logc(char)
                0x00000000c000f11b                Dbg::logs(char*)
                0x00000000c000f138                Dbg::logWriteInt(unsigned int)
                0x00000000c000f156                Dbg::logWriteIntBase(unsigned int, int)
                0x00000000c000f177                Dbg::kprintf(char const*, ...)
 *fill*         0x00000000c000f29d        0x1 
 .text          0x00000000c000f29e      0xb68 fs/vfs.32
                0x00000000c000f29e                File::read(unsigned long long, void*, int*)
                0x00000000c000f2f6                File::write(unsigned long long, void*, int*)
                0x00000000c000f34e                Directory::read(unsigned long long, void*, int*)
                0x00000000c000f3a6                Directory::write(unsigned long long, void*, int*)
                0x00000000c000f3d4                File::isAtty()
                0x00000000c000f3d8                Directory::isAtty()
                0x00000000c000f3dc                Filesystem::getlabel(LogicalDisk*, int, char*, unsigned int*)
                0x00000000c000f3e2                Filesystem::setlabel(LogicalDisk*, int, char*)
                0x00000000c000f3e8                File::~File()
                0x00000000c000f3e8                File::~File()
                0x00000000c000f40c                File::~File()
                0x00000000c000f436                Directory::~Directory()
                0x00000000c000f436                Directory::~Directory()
                0x00000000c000f45a                Directory::~Directory()
                0x00000000c000f484                Filesystem::Filesystem()
                0x00000000c000f484                Filesystem::Filesystem()
                0x00000000c000f4a8                Filesystem::~Filesystem()
                0x00000000c000f4a8                Filesystem::~Filesystem()
                0x00000000c000f4b6                Filesystem::~Filesystem()
                0x00000000c000f4da                initVFS()
                0x00000000c000f504                standardiseFiles(char*, char const*, char const*)
                0x00000000c000f6ae                File::File(char const*, Process*)
                0x00000000c000f6ae                File::File(char const*, Process*)
                0x00000000c000f712                File::open(FileOpenMode)
                0x00000000c000f770                File::close()
                0x00000000c000f7d0                File::seek(unsigned long long)
                0x00000000c000f826                File::tell(unsigned long long*)
                0x00000000c000f876                File::rewind()
                0x00000000c000f88a                File::unlink()
                0x00000000c000f8d6                File::rename(char const*)
                0x00000000c000f924                File::chfatattr(unsigned char, unsigned char)
                0x00000000c000f980                File::exists()
                0x00000000c000f9be                File::stat(unsigned long long*, bool*)
                0x00000000c000fa1f                getcwd(Process*, char*, int)
                0x00000000c000fa49                setcwd(Process*, char*)
                0x00000000c000fb70                Directory::Directory(char const*, Process*)
                0x00000000c000fb70                Directory::Directory(char const*, Process*)
                0x00000000c000fbd4                Directory::open()
                0x00000000c000fc30                Directory::close()
                0x00000000c000fc90                Directory::unlink()
                0x00000000c000fcdc                Directory::rename(char const*)
                0x00000000c000fd2a                Directory::exists()
                0x00000000c000fd68                Directory::read(dirent*)
                0x00000000c000fdb4                Directory::create()
                0x00000000c000fe00                Filesystem::chfatattr(char const*, unsigned char, unsigned char)
 .text          0x00000000c000fe06       0x84 hal/bus.32
                0x00000000c000fe06                Bus::Bus(char const*)
                0x00000000c000fe06                Bus::Bus(char const*)
                0x00000000c000fe3c                Bus::~Bus()
                0x00000000c000fe3c                Bus::~Bus()
                0x00000000c000fe60                Bus::~Bus()
 .text          0x00000000c000fe8a      0x14e hal/buzzer.32
                0x00000000c000fe8a                Buzzer::Buzzer(char const*)
                0x00000000c000fe8a                Buzzer::Buzzer(char const*)
                0x00000000c000fece                Buzzer::~Buzzer()
                0x00000000c000fece                Buzzer::~Buzzer()
                0x00000000c000fef2                Buzzer::~Buzzer()
                0x00000000c000ff1c                Buzzer::stop()
                0x00000000c000ff2f                beepThread(void*)
                0x00000000c000ff6a                Buzzer::beep(int, int, bool)
 .text          0x00000000c000ffd8      0x435 hal/clock.32
                0x00000000c000ffd8                loadClockSettings()
                0x00000000c000fff2                Clock::Clock(char const*)
                0x00000000c000fff2                Clock::Clock(char const*)
                0x00000000c0010028                Clock::~Clock()
                0x00000000c0010028                Clock::~Clock()
                0x00000000c001004c                Clock::~Clock()
                0x00000000c0010076                Clock::timeInSecondsLocal()
                0x00000000c00100be                Clock::setTimeInSecondsLocal(unsigned long long)
                0x00000000c0010117                datetimeToSeconds(datetime_t)
                0x00000000c0010244                Clock::setTimeInDatetimeLocal(datetime_t)
                0x00000000c00102a4                secondsToDatetime(unsigned long long)
                0x00000000c00103e8                Clock::timeInDatetimeLocal()
 *fill*         0x00000000c001040d        0x1 
 .text          0x00000000c001040e      0x500 hal/device.32
                0x00000000c001040e                Device::hibernate()
                0x00000000c0010410                Device::wake()
                0x00000000c0010412                Device::detect()
                0x00000000c0010414                Device::disableLegacy()
                0x00000000c0010416                Device::powerSaving(PowerSavingLevel)
                0x00000000c0010418                DriverlessDevice::close(int, int, void*)
                0x00000000c001041c                DriverlessDevice::detect()
                0x00000000c001041e                DriverlessDevice::open(int, int, void*)
                0x00000000c0010432                Device::~Device()
                0x00000000c0010432                Device::~Device()
                0x00000000c0010440                Device::~Device()
                0x00000000c0010468                Device::findAndLoadDriver()
                0x00000000c001046a                Device::preOpenPCI(PCIDeviceInfo)
                0x00000000c001048c                Device::preOpenACPI(void*, char*, char*)
                0x00000000c00104e0                Device::addIRQHandler(int, void (*)(regs*, void*), bool, void*)
                0x00000000c001053e                Device::removeIRQHandler(int, void (*)(regs*, void*), bool)
                0x00000000c001058c                Device::addChild(Device*)
                0x00000000c00105d0                Device::removeAllChildren()
                0x00000000c0010616                Device::hibernateAll()
                0x00000000c0010646                Device::wakeAll()
                0x00000000c0010676                Device::detectAll()
                0x00000000c00106a6                Device::disableLegacyAll()
                0x00000000c00106d6                Device::loadDriversForAll()
                0x00000000c0010702                Device::closeAll()
                0x00000000c0010738                Device::powerSavingAll(PowerSavingLevel)
                0x00000000c001076e                Device::setName(char const*)
                0x00000000c001077c                Device::Device(char const*)
                0x00000000c001077c                Device::Device(char const*)
                0x00000000c001086e                Device::getName()
                0x00000000c0010878                DriverlessDevice::DriverlessDevice(char const*)
                0x00000000c0010878                DriverlessDevice::DriverlessDevice(char const*)
                0x00000000c00108a0                Device::addToLinkedList(LinkedList<Device>&, DeviceType)
                0x00000000c00108e4                getDevicesOfType(DeviceType)
 .text          0x00000000c001090e       0x84 hal/diskctrl.32
                0x00000000c001090e                HardDiskController::HardDiskController(char const*)
                0x00000000c001090e                HardDiskController::HardDiskController(char const*)
                0x00000000c0010944                HardDiskController::~HardDiskController()
                0x00000000c0010944                HardDiskController::~HardDiskController()
                0x00000000c0010968                HardDiskController::~HardDiskController()
 .text          0x00000000c0010992       0xde hal/diskphys.32
                0x00000000c0010992                PhysicalDisk::PhysicalDisk(char const*, int)
                0x00000000c0010992                PhysicalDisk::PhysicalDisk(char const*, int)
                0x00000000c00109fa                PhysicalDisk::startCache()
                0x00000000c0010a22                PhysicalDisk::~PhysicalDisk()
                0x00000000c0010a22                PhysicalDisk::~PhysicalDisk()
                0x00000000c0010a46                PhysicalDisk::~PhysicalDisk()
 .text          0x00000000c0010a70      0x142 hal/fpu.32
                0x00000000c0010a70                FPU::FPU(char const*)
                0x00000000c0010a70                FPU::FPU(char const*)
                0x00000000c0010aa6                FPU::~FPU()
                0x00000000c0010aa6                FPU::~FPU()
                0x00000000c0010aca                FPU::~FPU()
                0x00000000c0010af4                setupFPU()
 .text          0x00000000c0010bb2     0x12db hal/intctrl.32
                0x00000000c0010bb2                InterruptController::uninstallISRHandler(int, void (*)(regs*, void*))
                0x00000000c0010bea                InterruptController::installISRHandler(int, void (*)(regs*, void*), void*)
                0x00000000c0010c3c                doubleFault(regs*, void*)
                0x00000000c0010c56                InterruptController::installIRQHandler(int, void (*)(regs*, void*), bool, void*)
                0x00000000c0010cf2                InterruptController::clearAllHandlers(int, bool)
                0x00000000c0010d9a                InterruptController::uninstallIRQHandler(int, void (*)(regs*, void*), bool)
                0x00000000c0010e21                nmiHandler(regs*, void*)
                0x00000000c0010e2f                int_handler
                0x00000000c0010eca                InterruptController::InterruptController(char const*)
                0x00000000c0010eca                InterruptController::InterruptController(char const*)
                0x00000000c0010f70                InterruptController::~InterruptController()
                0x00000000c0010f70                InterruptController::~InterruptController()
                0x00000000c0010f94                InterruptController::~InterruptController()
                0x00000000c0010fbe                displayDebugInfo(regs*)
                0x00000000c00113d5                x87EmulHandler(regs*, void*)
                0x00000000c0011438                gpFault(regs*, void*)
                0x00000000c0011471                pgFault(regs*, void*)
                0x00000000c0011488                otherISRHandler(regs*, void*)
                0x00000000c00114a7                opcodeFault(regs*, void*)
                0x00000000c0011a60                displayProgramFault(char const*)
                0x00000000c0011a88                setupInterruptController()
                0x00000000c0011e40                InterruptController::convertLegacyIRQNumber(int)
 *fill*         0x00000000c0011e8d        0x1 
 .text          0x00000000c0011e8e      0x61c hal/keybrd.32
                0x00000000c0011e8e                startGUI(void*)
                0x00000000c0011f00                sendKeyToTerminal(unsigned char)
                0x00000000c0011f71                sendKeyboardToken(KeyboardToken)
                0x00000000c001235a                clearInternalKeybuffer(VgaText*)
                0x00000000c001238f                readKeyboard(VgaText*, char*, unsigned long)
                0x00000000c0012420                Keyboard::Keyboard(char const*)
                0x00000000c0012420                Keyboard::Keyboard(char const*)
                0x00000000c001245c                Keyboard::~Keyboard()
                0x00000000c001245c                Keyboard::~Keyboard()
                0x00000000c0012480                Keyboard::~Keyboard()
 .text          0x00000000c00124aa      0x400 hal/logidisk.32
                0x00000000c00124aa                LogicalDisk::close(int, int, void*)
                0x00000000c00124ae                LogicalDisk::~LogicalDisk()
                0x00000000c00124ae                LogicalDisk::~LogicalDisk()
                0x00000000c00124d2                LogicalDisk::~LogicalDisk()
                0x00000000c00124fc                LogicalDisk::open(int, int, void*)
                0x00000000c0012510                LogicalDisk::absoluteToRelative(unsigned long long)
                0x00000000c0012548                LogicalDisk::relativeToAbsolute(unsigned long long)
                0x00000000c001258e                LogicalDisk::LogicalDisk(char const*, PhysicalDisk*, unsigned long long, unsigned long long)
                0x00000000c001258e                LogicalDisk::LogicalDisk(char const*, PhysicalDisk*, unsigned long long, unsigned long long)
                0x00000000c0012644                LogicalDisk::assignDriveLetter()
                0x00000000c00126fa                LogicalDisk::mount()
                0x00000000c001276c                LogicalDisk::unmount()
                0x00000000c001277c                LogicalDisk::unassignDriveLetter()
                0x00000000c00127d2                LogicalDisk::read(unsigned long long, int, void*)
                0x00000000c001283e                LogicalDisk::write(unsigned long long, int, void*)
 .text          0x00000000c00128aa       0x84 hal/mouse.32
                0x00000000c00128aa                Mouse::Mouse(char const*)
                0x00000000c00128aa                Mouse::Mouse(char const*)
                0x00000000c00128e0                Mouse::~Mouse()
                0x00000000c00128e0                Mouse::~Mouse()
                0x00000000c0012904                Mouse::~Mouse()
 .text          0x00000000c001292e      0x339 hal/partition.32
                0x00000000c001292e                makePartition(PhysicalDisk*, unsigned long long, unsigned long long)
                0x00000000c00129d6                createPartitionsForDisk(PhysicalDisk*)
 *fill*         0x00000000c0012c67        0x1 
 .text          0x00000000c0012c68      0x2e7 hal/timer.32
                0x00000000c0012c68                Timer::Timer(char const*)
                0x00000000c0012c68                Timer::Timer(char const*)
                0x00000000c0012c9e                Timer::~Timer()
                0x00000000c0012c9e                Timer::~Timer()
                0x00000000c0012cc2                Timer::~Timer()
                0x00000000c0012cec                Timer::read()
                0x00000000c0012cf7                timerHandler(unsigned long long)
                0x00000000c0012e2e                setupTimer(int)
 *fill*         0x00000000c0012f4f        0x1 
 .text          0x00000000c0012f50      0x2d1 hal/vcache.32
                0x00000000c0012f50                VCache::VCache(PhysicalDisk*)
                0x00000000c0012f50                VCache::VCache(PhysicalDisk*)
                0x00000000c0013040                VCache::writeWriteBuffer()
                0x00000000c001307c                VCache::~VCache()
                0x00000000c001307c                VCache::~VCache()
                0x00000000c00130bc                VCache::~VCache()
                0x00000000c00130e4                VCache::write(unsigned long long, int, void*)
                0x00000000c00131c8                VCache::read(unsigned long long, int, void*)
 *fill*         0x00000000c0013221        0x1 
 .text          0x00000000c0013222      0x26d hal/video.32
                0x00000000c0013222                Video::putrect(int, int, int, int, unsigned int)
                0x00000000c001326c                Video::blit(unsigned int*, int, int, int, int)
                0x00000000c00132ea                Video::clearScreen(unsigned int)
                0x00000000c001331e                Video::putpixel(int, int, unsigned int)
                0x00000000c001332c                Video::Video(char const*)
                0x00000000c001332c                Video::Video(char const*)
                0x00000000c0013362                Video::~Video()
                0x00000000c0013362                Video::~Video()
                0x00000000c0013386                Video::~Video()
                0x00000000c00133b0                Video::isMonochrome()
                0x00000000c00133bc                Video::getWidth()
                0x00000000c00133c8                Video::getHeight()
                0x00000000c00133d4                Video::drawCursor(int, int, unsigned char*, int)
 *fill*         0x00000000c001348f        0x1 
 .text          0x00000000c0013490      0xd04 hw/acpi.32
                0x00000000c0013490                ACPI::close(int, int, void*)
                0x00000000c0013545                findRSDP()
                0x00000000c00135cf                loadACPITables(unsigned char*)
                0x00000000c00137f6                findRSDT(unsigned char*)
                0x00000000c0013914                findDataTable(unsigned char*, char*)
                0x00000000c00139b0                scanMADT()
                0x00000000c0013d44                ACPI::ACPI()
                0x00000000c0013d44                ACPI::ACPI()
                0x00000000c0013da4                ACPI::getPCIIRQAssignment(unsigned char, unsigned short, unsigned char)
                0x00000000c0013e86                ACPI::registerPCIIRQAssignment(void*, unsigned short, unsigned char, unsigned char)
                0x00000000c0013f8c                ACPI::setScreenBrightnessLevel(void*, int)
                0x00000000c0013f92                ACPI::writeSimpleBootFlag(SimpleBootFlagTable*)
                0x00000000c0013fda                ACPI::open(int, int, void*)
                0x00000000c001417c                ACPI::sleep()
 .text          0x00000000c0014194     0x17ae hw/cpu.32
                0x00000000c0014194                CPU::close(int, int, void*)
                0x00000000c0014197                lookupAMDCPUName(unsigned char, unsigned char)
                0x00000000c001433c                lookupIntelCPUName(unsigned char, unsigned char)
                0x00000000c00145f5                AMD_K6_write_msr(unsigned int, unsigned int, unsigned int, REGS*)
                0x00000000c0014611                AMD_K6_read_msr(unsigned int, REGS*)
                0x00000000c0014629                AMD_K6_writeback(int, int, int)
                0x00000000c001469c                cpuid(int, unsigned long*, unsigned long*, unsigned long*, unsigned long*)
                0x00000000c001471f                cpuidCheckEDX(unsigned int)
                0x00000000c001474c                cpuidCheckECX(unsigned int)
                0x00000000c0014779                cpuidCheckExtendedEBX(unsigned int)
                0x00000000c00147a6                cpuidCheckExtendedECX(unsigned int)
                0x00000000c00147d3                getCPUNumber()
                0x00000000c00147d6                thisCPU()
                0x00000000c00147ea                CPU::CPU()
                0x00000000c00147ea                CPU::CPU()
                0x00000000c0014878                CPU::displayFeatures()
                0x00000000c0014af4                CPU::detectFeatures()
                0x00000000c00154ca                CPU::setupSMEP()
                0x00000000c00154e4                CPU::setupUMIP()
                0x00000000c00154fc                CPU::setupTSC()
                0x00000000c0015514                CPU::setupLargePages()
                0x00000000c001552c                CPU::setupPAT()
                0x00000000c0015568                CPU::setupMTRR()
                0x00000000c001556a                CPU::setupGlobalPages()
                0x00000000c0015580                CPU::allowUsermodeDataAccess()
                0x00000000c0015592                CPU::prohibitUsermodeDataAccess()
                0x00000000c00155a4                CPU::setupSMAP()
                0x00000000c00155ca                CPU::setupFeatures()
                0x00000000c001566c                CPU::open(int, int, void*)
                0x00000000c0015742                CPU::decodeAddress(regs*, int*, bool*, unsigned char*)
 .text          0x00000000c0015942        0x0 hw/ports.32
 .text          0x00000000c0015942      0x354 krnl/panic.32
                0x00000000c0015942                Krnl::panic(char const*)
 .text          0x00000000c0015c96      0x511 reg/registry.32
                0x00000000c0015c96                Reg::findLineFromLoadedData(char*, char*, char*)
                0x00000000c0015dfd                Reg::getLineFromRegistry(char*, char*, char*, char*)
                0x00000000c0015f5c                Reg::getLine(char*, char*, char*)
                0x00000000c0015f93                Reg::readInt(char*, char*, int*)
                0x00000000c001607d                Reg::readString(char*, char*, char*, int)
                0x00000000c00160fe                Reg::readBool(char*, char*, bool*)
                0x00000000c0016123                Reg::readBoolWithDefault(char*, char*, bool)
                0x00000000c001614f                Reg::readIntWithDefault(char*, char*, int)
                0x00000000c001617b                Reg::readStringWithDefault(char*, char*, char*, int, char*)
 .text          0x00000000c00161a7       0x18 sys/sc_exit.32
                0x00000000c00161a7                Sys::exit(regs*)
 .text          0x00000000c00161bf       0x95 sys/sc_loaddll.32
                0x00000000c00161bf                Sys::loadDLL(regs*)
 .text          0x00000000c0016254       0x68 sys/sc_read.32
                0x00000000c0016254                Sys::read(regs*)
 .text          0x00000000c00162bc       0x55 sys/sc_sbrk.32
                0x00000000c00162bc                Sys::sbrk(regs*)
 .text          0x00000000c0016311       0x68 sys/sc_write.32
                0x00000000c0016311                Sys::write(regs*)
 .text          0x00000000c0016379       0x1a sys/sc_yield.32
                0x00000000c0016379                Sys::yield(regs*)
 .text          0x00000000c0016393      0xfe6 sys/syscalls.32
                0x00000000c0016393                sysCallGetPID(regs*)
                0x00000000c00163a3                sysCallSeekDir(regs*)
                0x00000000c00163a8                sysCallTellDir(regs*)
                0x00000000c00163ad                sysCallVerify(regs*)
                0x00000000c00163b7                sysCallFork(regs*)
                0x00000000c00163be                sysCallExecve(regs*)
                0x00000000c00163c5                sysCallGetArgc(regs*)
                0x00000000c00163d9                sysFormatDisk(regs*)
                0x00000000c001643c                sysSetDiskVolumeLabel(regs*)
                0x00000000c0016484                sysGetDiskVolumeLabel(regs*)
                0x00000000c00164d7                sysShutdown(regs*)
                0x00000000c0016552                sysCallGetCwd(regs*)
                0x00000000c0016578                sysCallSetCwd(regs*)
                0x00000000c001659a                sysCallRealpath(regs*)
                0x00000000c00165e7                sysCallReadDir(regs*)
                0x00000000c001667a                sysCallIsATTY(regs*)
                0x00000000c00166d2                sysCallSeek(regs*)
                0x00000000c0016738                sysCallTell(regs*)
                0x00000000c00167b3                sysCallSizeFromFilename(regs*)
                0x00000000c0016861                sysCallSize(regs*)
                0x00000000c00168e2                sysCallClose(regs*)
                0x00000000c0016965                sysCallOpenDir(regs*)
                0x00000000c00169d0                sysCallMakeDir(regs*)
                0x00000000c0016a2b                sysCallCloseDir(regs*)
                0x00000000c0016a8c                sysCallWait(regs*)
                0x00000000c0016aad                sysCallRmdir(regs*)
                0x00000000c0016b00                sysCallUnlink(regs*)
                0x00000000c0016b53                sysCallGetArgv(regs*)
                0x00000000c0016b9f                sysCallTTYName(regs*)
                0x00000000c0016c20                sysCallGetEnv(regs*)
                0x00000000c0016c77                sysCallUSleep(regs*)
                0x00000000c0016cb9                sysCallSpawn(regs*)
                0x00000000c0016d18                sysAppSettings(regs*)
                0x00000000c0016e3d                sysSetFatAttrib(regs*)
                0x00000000c0016ea0                sysPanic(regs*)
                0x00000000c0016ec7                sysPipe(regs*)
                0x00000000c0016f0c                sysGetUnixTime(regs*)
                0x00000000c0016f20                string_ends_with(char const*, char const*)
                0x00000000c0016f6a                sysCallOpen(regs*)
                0x00000000c001717e                setupSystemCalls()
                0x00000000c0017337                systemCall(regs*, void*)
 .text          0x00000000c0017379     0x11c1 thr/elf.32
                0x00000000c0017379                Thr::allocateMemoryForTask(Process*, File*, unsigned long, unsigned long, unsigned long)
                0x00000000c00175f0                Thr::loadProgramIntoMemory(Process*, char const*)
                0x00000000c0017806                Thr::runtimeReferenceHelper()
                0x00000000c0017819                Thr::getAddressOfKernelSymbol(char const*)
                0x00000000c0017868                Thr::loadKernelSymbolTable(char const*)
                0x00000000c0017b29                Thr::loadDriverIntoMemory(char const*, unsigned long, bool)
                0x00000000c00182c7                Thr::getDriverBaseFromAddress(unsigned long)
                0x00000000c00182f9                Thr::getDriverNameFromAddress(unsigned long)
                0x00000000c0018330                Thr::getDriverOffsetFromAddress(unsigned long)
                0x00000000c001834a                Thr::loadDLL(char const*, bool)
                0x00000000c0018510                Thr::executeDLL(unsigned long, void*)
 .text          0x00000000c001853a     0x1002 thr/prcssthr.32
                0x00000000c001853a                changeTSS
                0x00000000c0018568                Process::addArgs(char**)
                0x00000000c00185ca                Process::Process(char const*, Process*, char**)
                0x00000000c00185ca                Process::Process(char const*, Process*, char**)
                0x00000000c0018786                Process::Process(bool, char const*, Process*, char**)
                0x00000000c0018786                Process::Process(bool, char const*, Process*, char**)
                0x00000000c001890d                disableIRQs()
                0x00000000c001891a                getIRQNestingLevel()
                0x00000000c0018920                enableIRQs()
                0x00000000c001892f                lockScheduler()
                0x00000000c0018931                unlockScheduler()
                0x00000000c0018933                userModeEntryPoint(void*)
                0x00000000c0018956                lockStuff()
                0x00000000c0018967                taskStartupFunction
                0x00000000c0018970                updateTimeUsed()
                0x00000000c00189ce                switchToThread(ThreadControlBlock*)
                0x00000000c0018a24                Semaphore::Semaphore(int)
                0x00000000c0018a24                Semaphore::Semaphore(int)
                0x00000000c0018a52                Mutex::Mutex()
                0x00000000c0018a52                Mutex::Mutex()
                0x00000000c0018a64                Process::createThread(void (*)(void*), void*, int)
                0x00000000c0018b46                Process::createUserThread()
                0x00000000c0018b63                setupMultitasking(void (*)())
                0x00000000c0018c78                schedule()
                0x00000000c0018cfd                unlockStuff()
                0x00000000c0018d32                Semaphore::tryAcquire()
                0x00000000c0018d60                Semaphore::assertLocked(char const*)
                0x00000000c0018d90                blockTaskWithSchedulerLockAlreadyHeld(TaskState)
                0x00000000c0018dd1                blockTask(TaskState)
                0x00000000c0018df2                waitTask(int, int*, int)
                0x00000000c0018e34                nanoSleepUntil(unsigned long long)
                0x00000000c0018e8d                nanoSleep(unsigned long long)
                0x00000000c0018ea2                sleep(unsigned long long)
                0x00000000c0018ec0                Semaphore::acquire()
                0x00000000c0018f25                taskReturned
                0x00000000c0018f53                unblockTask(ThreadControlBlock*)
                0x00000000c0019000                cleanupTerminatedTask(ThreadControlBlock*)
                0x00000000c00192a9                cleanerTaskFunction(void*)
                0x00000000c001935c                terminateTask(int)
                0x00000000c001943e                Thr::terminateFromIRQ(int)
                0x00000000c001944c                Semaphore::release()
 .text          0x00000000c001953c      0x8bf vm86/vm8086.32
                0x00000000c001953c                Vm::vm8086EntryPoint(void*)
                0x00000000c0019567                Vm::inbv(unsigned short)
                0x00000000c001956d                Vm::outbv(unsigned short, unsigned char)
                0x00000000c0019577                Vm::realToLinear(unsigned short, unsigned short)
                0x00000000c0019587                Vm::getSegment(unsigned int)
                0x00000000c001958f                Vm::getOffset(unsigned int)
                0x00000000c0019594                Vm::loadFileAsThread(Process*, char const*, unsigned short, unsigned short, unsigned short, unsigned short)
                0x00000000c00196c3                Vm::doISR(regs*, int, unsigned char*, unsigned short, unsigned short)
                0x00000000c001974d                Vm::readByteFromReal(unsigned short, unsigned short)
                0x00000000c001975e                Vm::readWordFromReal(unsigned short, unsigned short)
                0x00000000c0019770                Vm::readDwordFromReal(unsigned short, unsigned short)
                0x00000000c0019781                Vm::writeByteFromReal(unsigned short, unsigned short, unsigned char)
                0x00000000c0019796                Vm::writeWordFromReal(unsigned short, unsigned short, unsigned short)
                0x00000000c00197ac                Vm::writeDwordFromReal(unsigned short, unsigned short, unsigned int)
                0x00000000c00197c1                Vm::faultHandler(regs*)
 *fill*         0x00000000c0019dfb        0x1 
 .text          0x00000000c0019dfc     0x112f fs/fat/vfslink.32
                0x00000000c0019dfc                FAT::getName()
                0x00000000c0019e02                FAT::tell(void*, unsigned long long*)
                0x00000000c0019e36                FAT::stat(void*, unsigned long long*)
                0x00000000c0019e6a                FAT::~FAT()
                0x00000000c0019e6a                FAT::~FAT()
                0x00000000c0019e8e                FAT::~FAT()
                0x00000000c0019eb6                FAT::getlabel(LogicalDisk*, int, char*, unsigned int*)
                0x00000000c0019f54                FAT::setlabel(LogicalDisk*, int, char*)
                0x00000000c001a00e                FAT::format(LogicalDisk*, int, char const*, int)
                0x00000000c001a1f2                FAT::tryMount(LogicalDisk*, int)
                0x00000000c001a3f8                FAT::readDir(void*, unsigned long, void*, int*)
                0x00000000c001a500                FAT::read(void*, unsigned long, void*, int*)
                0x00000000c001a55a                FAT::write(void*, unsigned long, void*, int*)
                0x00000000c001a5b4                FAT::close(void*)
                0x00000000c001a600                FAT::closeDir(void*)
                0x00000000c001a64c                FAT::seek(void*, unsigned long long)
                0x00000000c001a6a0                fatWrapperReadDisk
                0x00000000c001a6eb                fatWrapperWriteDisk
                0x00000000c001a736                fatWrapperIoctl
                0x00000000c001a846                FAT::FAT()
                0x00000000c001a846                FAT::FAT()
                0x00000000c001a898                FAT::fixFilepath(char*)
                0x00000000c001a8d0                FAT::open(char const*, void**, FileOpenMode)
                0x00000000c001a9fc                FAT::openDir(char const*, void**)
                0x00000000c001aaa2                FAT::stat(char const*, unsigned long long*, bool*)
                0x00000000c001ab8e                FAT::unlink(char const*)
                0x00000000c001ac08                FAT::chfatattr(char const*, unsigned char, unsigned char)
                0x00000000c001ad82                FAT::rename(char const*, char const*)
                0x00000000c001ae46                FAT::mkdir(char const*)
                0x00000000c001aec0                FAT::exists(char const*)
 *fill*         0x00000000c001af2b        0x1 
 .text          0x00000000c001af2c      0xbdd fs/iso9660/vfslink.32
                0x00000000c001af2c                ISO9660::format(LogicalDisk*, int, char const*, int)
                0x00000000c001af32                ISO9660::seek(void*, unsigned long long)
                0x00000000c001af62                ISO9660::tell(void*, unsigned long long*)
                0x00000000c001af86                ISO9660::getName()
                0x00000000c001af8c                ISO9660::stat(void*, unsigned long long*)
                0x00000000c001afb0                ISO9660::chfatattr(char const*, unsigned char, unsigned char)
                0x00000000c001afb6                ISO9660::unlink(char const*)
                0x00000000c001afbc                ISO9660::write(void*, unsigned long, void*, int*)
                0x00000000c001afc2                ISO9660::rename(char const*, char const*)
                0x00000000c001afc8                ISO9660::mkdir(char const*)
                0x00000000c001afce                ISO9660::close(void*)
                0x00000000c001aff0                ISO9660::closeDir(void*)
                0x00000000c001b012                ISO9660::~ISO9660()
                0x00000000c001b012                ISO9660::~ISO9660()
                0x00000000c001b036                ISO9660::~ISO9660()
                0x00000000c001b05d                __memmem(unsigned char*, int, unsigned char*, int)
                0x00000000c001b09f                readSectorFromCDROM(unsigned int, unsigned char*, char)
                0x00000000c001b106                ISO9660::tryMount(LogicalDisk*, int)
                0x00000000c001b156                ISO9660::read(void*, unsigned long, void*, int*)
                0x00000000c001b39a                ISO9660::readDir(void*, unsigned long, void*, int*)
                0x00000000c001b625                readRoot(unsigned int*, unsigned int*, char)
                0x00000000c001b67a                readRecursively(char*, unsigned int, unsigned int, unsigned int*, unsigned int*, char, int*)
                0x00000000c001b84d                getFileData(char*, unsigned int*, unsigned int*, char, int*)
                0x00000000c001b8dc                ISO9660::open(char const*, void**, FileOpenMode)
                0x00000000c001b976                ISO9660::exists(char const*)
                0x00000000c001b99a                ISO9660::stat(char const*, unsigned long long*, bool*)
                0x00000000c001ba2e                ISO9660::openDir(char const*, void**)
                0x00000000c001bae6                ISO9660::ISO9660()
                0x00000000c001bae6                ISO9660::ISO9660()
 *fill*         0x00000000c001bb09        0x1 
 .text          0x00000000c001bb0a      0x248 hal/sound/sndchannel.32
                0x00000000c001bb0a                SoundChannel::~SoundChannel()
                0x00000000c001bb0a                SoundChannel::~SoundChannel()
                0x00000000c001bb26                SoundChannel::setSpeed(float)
                0x00000000c001bb32                SoundChannel::getSpeed()
                0x00000000c001bb3a                SoundChannel::setVolume(int)
                0x00000000c001bb56                SoundChannel::getVolume()
                0x00000000c001bb5e                SoundChannel::pause()
                0x00000000c001bb68                SoundChannel::SoundChannel(int, int, int, int)
                0x00000000c001bb68                SoundChannel::SoundChannel(int, int, int, int)
                0x00000000c001bc62                SoundChannel::play()
                0x00000000c001bc6c                SoundChannel::paused()
                0x00000000c001bc74                SoundChannel::getSampleRate()
                0x00000000c001bc7c                SoundChannel::getBits()
                0x00000000c001bc84                SoundChannel::getBufferUsed()
                0x00000000c001bc8c                SoundChannel::getBufferSize()
                0x00000000c001bc94                SoundChannel::unbuffer(float*, int, int)
                0x00000000c001bd06                SoundChannel::buffer8(unsigned char*, int)
 .text          0x00000000c001bd52      0x30f hal/sound/sndhw.32
                0x00000000c001bd52                SoundDevice::SoundDevice(char const*)
                0x00000000c001bd52                SoundDevice::SoundDevice(char const*)
                0x00000000c001bdbe                SoundDevice::~SoundDevice()
                0x00000000c001bdbe                SoundDevice::~SoundDevice()
                0x00000000c001be38                SoundDevice::~SoundDevice()
                0x00000000c001be62                SoundDevice::getFreeChannelNum()
                0x00000000c001be7c                SoundDevice::addChannel(SoundChannel*)
                0x00000000c001beec                SoundDevice::removeChannel(int)
                0x00000000c001bf1e                SoundDevice::floatTo8(float*, unsigned char*, int)
                0x00000000c001bf8a                SoundDevice::getAudio(int, float*, float*)
 .text          0x00000000c001c061        0x0 hw/bus/isa.32
 *fill*         0x00000000c001c061        0x1 
 .text          0x00000000c001c062      0x6c1 hw/bus/pci.32
                0x00000000c001c062                PCI::open(int, int, void*)
                0x00000000c001c076                PCI::close(int, int, void*)
                0x00000000c001c07a                PCI::PCI()
                0x00000000c001c07a                PCI::PCI()
                0x00000000c001c0fa                PCI::pciReadWord(unsigned char, unsigned char, unsigned char, unsigned char)
                0x00000000c001c142                PCI::getVendorID(unsigned char, unsigned char, unsigned char)
                0x00000000c001c164                PCI::getHeaderType(unsigned char, unsigned char, unsigned char)
                0x00000000c001c188                PCI::getClassCode(unsigned char, unsigned char, unsigned char)
                0x00000000c001c1cc                PCI::getProgIF(unsigned char, unsigned char, unsigned char)
                0x00000000c001c1f0                PCI::getRevisionID(unsigned char, unsigned char, unsigned char)
                0x00000000c001c212                PCI::getInterruptNumber(unsigned char, unsigned char, unsigned char)
                0x00000000c001c234                PCI::getSecondaryBus(unsigned char, unsigned char, unsigned char)
                0x00000000c001c258                PCI::getBARAddress(unsigned char, unsigned char, unsigned char, unsigned char)
                0x00000000c001c2b8                PCI::pciWriteWord(unsigned char, unsigned char, unsigned char, unsigned char, unsigned short)
                0x00000000c001c324                PCI::checkBus(unsigned char)
                0x00000000c001c348                PCI::foundDevice(PCIDeviceInfo)
                0x00000000c001c4b8                PCI::getDeviceData(unsigned char, unsigned char, unsigned char)
                0x00000000c001c664                PCI::checkDevice(unsigned char, unsigned char)
                0x00000000c001c6d0                PCI::detect()
 *fill*         0x00000000c001c723        0x1 
 .text          0x00000000c001c724      0xc84 hw/diskctrl/ide.32
                0x00000000c001c724                IDE::close(int, int, void*)
                0x00000000c001c728                IDE::IDE()
                0x00000000c001c728                IDE::IDE()
                0x00000000c001c75c                IDE::prepareInterrupt(unsigned char)
                0x00000000c001c76e                selectDrive(unsigned char, unsigned char)
                0x00000000c001c770                IDE::getBase(unsigned char)
                0x00000000c001c782                IDE::write(unsigned char, unsigned char, unsigned char)
                0x00000000c001c842                IDE::read(unsigned char, unsigned char)
                0x00000000c001c8f0                IDE::waitInterrupt(unsigned char)
                0x00000000c001c95c                ideChannel0IRQHandler(regs*, void*)
                0x00000000c001c978                ideChannel1IRQHandler(regs*, void*)
                0x00000000c001c994                IDE::enableIRQs(unsigned char, bool)
                0x00000000c001c9da                IDE::open(int, int, void*)
                0x00000000c001cdec                IDE::readBuffer(unsigned char, unsigned char, unsigned int, unsigned int)
                0x00000000c001ceb8                IDE::detect()
                0x00000000c001d1a2                IDE::printError(unsigned char, unsigned char, unsigned char)
                0x00000000c001d338                IDE::polling(unsigned char, unsigned int)
 .text          0x00000000c001d3a8      0x64f hw/diskphys/ata.32
                0x00000000c001d3a8                ATA::close(int, int, void*)
                0x00000000c001d3cc                ATA::powerSaving(PowerSavingLevel)
                0x00000000c001d3ce                ATA::ATA()
                0x00000000c001d3ce                ATA::ATA()
                0x00000000c001d3fc                ATA::flush(bool)
                0x00000000c001d446                ATA::readyForCommand()
                0x00000000c001d496                ATA::access(unsigned long long, int, void*, bool)
                0x00000000c001d838                ATA::read(unsigned long long, int, void*)
                0x00000000c001d8a0                ATA::write(unsigned long long, int, void*)
                0x00000000c001d908                ATA::detectCHS()
                0x00000000c001d932                ATA::open(int, int, void*)
 *fill*         0x00000000c001d9f7        0x1 
 .text          0x00000000c001d9f8      0x5ae hw/diskphys/atapi.32
                0x00000000c001d9f8                ATAPI::write(unsigned long long, int, void*)
                0x00000000c001d9fe                ATAPI::close(int, int, void*)
                0x00000000c001da22                ATAPI::ATAPI()
                0x00000000c001da22                ATAPI::ATAPI()
                0x00000000c001da50                ATAPI::readyForCommand()
                0x00000000c001daa0                ATAPI::sendPacket(unsigned char*, int, bool, unsigned short*, int)
                0x00000000c001dd60                ATAPI::diskRemoved()
                0x00000000c001dd7c                ATAPI::eject()
                0x00000000c001ddc2                ATAPI::diskInserted()
                0x00000000c001ddf0                ATAPI::detectMedia()
                0x00000000c001deac                ATAPI::open(int, int, void*)
                0x00000000c001df2c                ATAPI::read(unsigned long long, int, void*)
 .text          0x00000000c001dfa6       0x8e hw/fpu/avx.32
                0x00000000c001dfa6                AVX::open(int, int, void*)
                0x00000000c001dfb8                AVX::close(int, int, void*)
                0x00000000c001dfca                AVX::available()
                0x00000000c001dfdc                AVX::save(void*)
                0x00000000c001dff4                AVX::load(void*)
                0x00000000c001e00c                AVX::AVX()
                0x00000000c001e00c                AVX::AVX()
 .text          0x00000000c001e034       0x90 hw/fpu/mmx.32
                0x00000000c001e034                MMX::available()
                0x00000000c001e048                MMX::open(int, int, void*)
                0x00000000c001e05a                MMX::close(int, int, void*)
                0x00000000c001e06c                MMX::save(void*)
                0x00000000c001e084                MMX::load(void*)
                0x00000000c001e09c                MMX::MMX()
                0x00000000c001e09c                MMX::MMX()
 .text          0x00000000c001e0c4       0x96 hw/fpu/sse.32
                0x00000000c001e0c4                SSE::open(int, int, void*)
                0x00000000c001e0d6                SSE::close(int, int, void*)
                0x00000000c001e0e8                SSE::available()
                0x00000000c001e102                SSE::save(void*)
                0x00000000c001e11a                SSE::load(void*)
                0x00000000c001e132                SSE::SSE()
                0x00000000c001e132                SSE::SSE()
 .text          0x00000000c001e15a       0x8e hw/fpu/x87.32
                0x00000000c001e15a                x87::open(int, int, void*)
                0x00000000c001e16c                x87::close(int, int, void*)
                0x00000000c001e17e                x87::available()
                0x00000000c001e190                x87::save(void*)
                0x00000000c001e1a8                x87::load(void*)
                0x00000000c001e1c0                x87::x87()
                0x00000000c001e1c0                x87::x87()
 .text          0x00000000c001e1e8      0x63b hw/intctrl/apic.32
                0x00000000c001e1e8                APIC::disable()
                0x00000000c001e1ea                APIC::close(int, int, void*)
                0x00000000c001e20c                IOAPIC::close(int, int, void*)
                0x00000000c001e212                APIC::io_wait()
                0x00000000c001e218                APIC::getBase()
                0x00000000c001e25a                APIC::eoi(unsigned char)
                0x00000000c001e288                APIC::open(int, int, void*)
                0x00000000c001e352                IOAPIC::IOAPIC()
                0x00000000c001e352                IOAPIC::IOAPIC()
                0x00000000c001e37a                APIC::APIC()
                0x00000000c001e37a                APIC::APIC()
                0x00000000c001e456                IOAPIC::handlesGSIWithNumber(unsigned int)
                0x00000000c001e488                IOAPIC::read(int)
                0x00000000c001e4b0                IOAPIC::open(int, int, void*)
                0x00000000c001e5b8                IOAPIC::write(int, int)
                0x00000000c001e5e4                IOAPIC::redirect(unsigned char, unsigned long long, unsigned char)
                0x00000000c001e6aa                APIC::installIRQHandler(int, void (*)(regs*, void*), bool, void*)
 *fill*         0x00000000c001e823        0x1 
 .text          0x00000000c001e824      0x3f3 hw/intctrl/pic.32
                0x00000000c001e824                PIC::disable()
                0x00000000c001e852                PIC::close(int, int, void*)
                0x00000000c001e874                PIC::PIC()
                0x00000000c001e874                PIC::PIC()
                0x00000000c001e950                PIC::ioWait()
                0x00000000c001e956                PIC::getIRQReg(int)
                0x00000000c001e9c8                PIC::eoi(unsigned char)
                0x00000000c001ea60                PIC::remap()
                0x00000000c001ebd8                PIC::open(int, int, void*)
 *fill*         0x00000000c001ec17        0x1 
 .text          0x00000000c001ec18      0x264 hw/timer/apictimer.32
                0x00000000c001ec18                APICTimer::close(int, int, void*)
                0x00000000c001ec1e                apicTimerHandler(regs*, void*)
                0x00000000c001ec50                APICTimer::write(int)
                0x00000000c001ed4e                APICTimer::open(int, int, void*)
                0x00000000c001ee54                APICTimer::APICTimer()
                0x00000000c001ee54                APICTimer::APICTimer()
 .text          0x00000000c001ee7c      0x1b6 hw/timer/pit.32
                0x00000000c001ee7c                PIT::write(int)
                0x00000000c001ef02                pitHandler(regs*, void*)
                0x00000000c001ef32                PIT::open(int, int, void*)
                0x00000000c001ef80                PIT::close(int, int, void*)
                0x00000000c001efb0                PIT::PIT()
                0x00000000c001efb0                PIT::PIT()
 *fill*         0x00000000c001f032        0xe 
 .text          0x00000000c001f040        0xa hw/fpu/x86/avx.32
                0x00000000c001f040                avxDetect
                0x00000000c001f046                avxSave
                0x00000000c001f047                avxLoad
                0x00000000c001f048                avxInit
                0x00000000c001f049                avxClose
 *fill*         0x00000000c001f04a        0x6 
 .text          0x00000000c001f050       0x38 hw/fpu/x86/sse.32
                0x00000000c001f050                sseDetect
                0x00000000c001f06b                sseSave
                0x00000000c001f071                sseLoad
                0x00000000c001f077                sseInit
                0x00000000c001f087                sseClose
 *fill*         0x00000000c001f088        0x8 
 .text          0x00000000c001f090       0x47 hw/fpu/x86/x87.32
                0x00000000c001f096                x87Detect
                0x00000000c001f0b1                x87Save
                0x00000000c001f0b7                x87Load
                0x00000000c001f0bc                x87Init
                0x00000000c001f0d6                x87Close
 *fill*         0x00000000c001f0d7        0x1 
 .text          0x00000000c001f0d8       0x25 /cygdrive/d/Users/Alex/Desktop/Toolchain/Output/bin/../lib/gcc/i386-banana/8.1.0/crtend.o
 .text          0x00000000c001f0fd        0x0 crtn.32
 *fill*         0x00000000c001f0fd        0x3 
 .text          0x00000000c001f100      0x14b /cygdrive/d/Users/Alex/Desktop/Toolchain/Output/bin/../lib/gcc/i386-banana/8.1.0/libgcc.a(_divdi3.o)
                0x00000000c001f100                __divdi3
 *fill*         0x00000000c001f24b        0x1 
 .text          0x00000000c001f24c      0x17e /cygdrive/d/Users/Alex/Desktop/Toolchain/Output/bin/../lib/gcc/i386-banana/8.1.0/libgcc.a(_moddi3.o)
                0x00000000c001f24c                __moddi3
 *fill*         0x00000000c001f3ca        0x2 
 .text          0x00000000c001f3cc       0xff /cygdrive/d/Users/Alex/Desktop/Toolchain/Output/bin/../lib/gcc/i386-banana/8.1.0/libgcc.a(_udivdi3.o)
                0x00000000c001f3cc                __udivdi3
 *fill*         0x00000000c001f4cb        0x1 
 .text          0x00000000c001f4cc      0x11a /cygdrive/d/Users/Alex/Desktop/Toolchain/Output/bin/../lib/gcc/i386-banana/8.1.0/libgcc.a(_umoddi3.o)
                0x00000000c001f4cc                __umoddi3
 *fill*         0x00000000c001f5e6        0xa 
 .text          0x00000000c001f5f0       0x1e D:/Users/Alex/Desktop/Banana/kernel/libk/libm32.a(s_fabs.c.o)
                0x00000000c001f5f0                fabs
 *fill*         0x00000000c001f60e        0x2 
 .text          0x00000000c001f610        0xc D:/Users/Alex/Desktop/Banana/kernel/libk/libm32.a(s_lrint.S.o)
                0x00000000c001f610                lrint
 .text          0x00000000c001f61c        0xc D:/Users/Alex/Desktop/Banana/kernel/libk/libm32.a(s_lrintf.S.o)
                0x00000000c001f61c                lrintf
 *(.gnu.linkonce.t*)

.iplt           0x00000000c001f628        0x0
 .iplt          0x00000000c001f628        0x0 D:/Users/Alex/Desktop/Banana/kernel/boot.32

.init           0x00000000c001f628        0xf
 .init          0x00000000c001f628        0x3 crti.32
                0x00000000c001f628                _init
 .init          0x00000000c001f62b        0x5 /cygdrive/d/Users/Alex/Desktop/Toolchain/Output/bin/../lib/gcc/i386-banana/8.1.0/crtbegin.o
 .init          0x00000000c001f630        0x5 /cygdrive/d/Users/Alex/Desktop/Toolchain/Output/bin/../lib/gcc/i386-banana/8.1.0/crtend.o
 .init          0x00000000c001f635        0x2 crtn.32

.fini           0x00000000c001f637        0xa
 .fini          0x00000000c001f637        0x3 crti.32
                0x00000000c001f637                _fini
 .fini          0x00000000c001f63a        0x5 /cygdrive/d/Users/Alex/Desktop/Toolchain/Output/bin/../lib/gcc/i386-banana/8.1.0/crtbegin.o
 .fini          0x00000000c001f63f        0x2 crtn.32

.text._ZN8ComputerD2Ev
                0x00000000c001f642       0x23
 .text._ZN8ComputerD2Ev
                0x00000000c001f642       0x23 core/computer.32
                0x00000000c001f642                Computer::~Computer()
                0x00000000c001f642                Computer::~Computer()

.text._ZN8ComputerD0Ev
                0x00000000c001f666       0x2a
 .text._ZN8ComputerD0Ev
                0x00000000c001f666       0x2a core/computer.32
                0x00000000c001f666                Computer::~Computer()

.text._Z10idleCommonv
                0x00000000c001f690       0x15
 .text._Z10idleCommonv
                0x00000000c001f690       0x15 core/idle.32
                0x00000000c001f690                idleCommon()

.text._ZN3CPU7readCR3Ev
                0x00000000c001f6a5       0x12
 .text._ZN3CPU7readCR3Ev
                0x00000000c001f6a5       0x12 core/kheap.32
                0x00000000c001f6a5                CPU::readCR3()

.text._ZN3CPU8writeCR3Em
                0x00000000c001f6b7        0x9
 .text._ZN3CPU8writeCR3Em
                0x00000000c001f6b7        0x9 core/kheap.32
                0x00000000c001f6b7                CPU::writeCR3(unsigned long)

.text._ZN10LinkedListI8UnixFileED2Ev
                0x00000000c001f6c0        0x2
 .text._ZN10LinkedListI8UnixFileED2Ev
                0x00000000c001f6c0        0x2 core/unixfile.32
                0x00000000c001f6c0                LinkedList<UnixFile>::~LinkedList()
                0x00000000c001f6c0                LinkedList<UnixFile>::~LinkedList()

.text._ZN10LinkedListI8UnixFileEC2Ev
                0x00000000c001f6c2       0x58
 .text._ZN10LinkedListI8UnixFileEC2Ev
                0x00000000c001f6c2       0x58 core/unixfile.32
                0x00000000c001f6c2                LinkedList<UnixFile>::LinkedList()
                0x00000000c001f6c2                LinkedList<UnixFile>::LinkedList()

.text._ZN10LinkedListI8UnixFileE10addElementEPS0_
                0x00000000c001f71a       0xd3
 .text._ZN10LinkedListI8UnixFileE10addElementEPS0_
                0x00000000c001f71a       0xd3 core/unixfile.32
                0x00000000c001f71a                LinkedList<UnixFile>::addElement(UnixFile*)

.text._ZN10LinkedListI8UnixFileE15getFirstElementEv
                0x00000000c001f7ee        0x7
 .text._ZN10LinkedListI8UnixFileE15getFirstElementEv
                0x00000000c001f7ee        0x7 core/unixfile.32
                0x00000000c001f7ee                LinkedList<UnixFile>::getFirstElement()

.text._ZN10LinkedListI8UnixFileE11removeFirstEv
                0x00000000c001f7f6       0xa1
 .text._ZN10LinkedListI8UnixFileE11removeFirstEv
                0x00000000c001f7f6       0xa1 core/unixfile.32
                0x00000000c001f7f6                LinkedList<UnixFile>::removeFirst()

.text._ZN10LinkedListI8UnixFileE7getNextEPS0_
                0x00000000c001f898        0x8
 .text._ZN10LinkedListI8UnixFileE7getNextEPS0_
                0x00000000c001f898        0x8 core/unixfile.32
                0x00000000c001f898                LinkedList<UnixFile>::getNext(UnixFile*)

.text._ZN16DriverlessDeviceD2Ev
                0x00000000c001f8a0       0x1a
 .text._ZN16DriverlessDeviceD2Ev
                0x00000000c001f8a0       0x1a hal/device.32
                0x00000000c001f8a0                DriverlessDevice::~DriverlessDevice()
                0x00000000c001f8a0                DriverlessDevice::~DriverlessDevice()

.text._ZN16DriverlessDeviceD0Ev
                0x00000000c001f8ba       0x2a
 .text._ZN16DriverlessDeviceD0Ev
                0x00000000c001f8ba       0x2a hal/device.32
                0x00000000c001f8ba                DriverlessDevice::~DriverlessDevice()

.text._ZN10LinkedListI6DeviceE10addElementEPS0_
                0x00000000c001f8e4       0xdc
 .text._ZN10LinkedListI6DeviceE10addElementEPS0_
                0x00000000c001f8e4       0xdc hal/device.32
                0x00000000c001f8e4                LinkedList<Device>::addElement(Device*)

.text._ZN10LinkedListI6DeviceEC2Ev
                0x00000000c001f9c0       0x58
 .text._ZN10LinkedListI6DeviceEC2Ev
                0x00000000c001f9c0       0x58 hal/device.32
                0x00000000c001f9c0                LinkedList<Device>::LinkedList()
                0x00000000c001f9c0                LinkedList<Device>::LinkedList()

.text._ZN3CPU7readCR0Ev
                0x00000000c001fa18       0x12
 .text._ZN3CPU7readCR0Ev
                0x00000000c001fa18       0x12 hal/fpu.32
                0x00000000c001fa18                CPU::readCR0()

.text._ZN3CPU8writeCR0Em
                0x00000000c001fa2a        0x9
 .text._ZN3CPU8writeCR0Em
                0x00000000c001fa2a        0x9 hal/fpu.32
                0x00000000c001fa2a                CPU::writeCR0(unsigned long)

.text._ZN3CPU7readDR0Ev
                0x00000000c001fa33       0x12
 .text._ZN3CPU7readDR0Ev
                0x00000000c001fa33       0x12 hal/intctrl.32
                0x00000000c001fa33                CPU::readDR0()

.text._ZN3CPU7readDR1Ev
                0x00000000c001fa45       0x12
 .text._ZN3CPU7readDR1Ev
                0x00000000c001fa45       0x12 hal/intctrl.32
                0x00000000c001fa45                CPU::readDR1()

.text._ZN3CPU7readDR2Ev
                0x00000000c001fa57       0x12
 .text._ZN3CPU7readDR2Ev
                0x00000000c001fa57       0x12 hal/intctrl.32
                0x00000000c001fa57                CPU::readDR2()

.text._ZN3CPU7readDR3Ev
                0x00000000c001fa69       0x12
 .text._ZN3CPU7readDR3Ev
                0x00000000c001fa69       0x12 hal/intctrl.32
                0x00000000c001fa69                CPU::readDR3()

.text._ZN3CPU7readDR6Ev
                0x00000000c001fa7b       0x12
 .text._ZN3CPU7readDR6Ev
                0x00000000c001fa7b       0x12 hal/intctrl.32
                0x00000000c001fa7b                CPU::readDR6()

.text._ZN3CPU7readDR7Ev
                0x00000000c001fa8d       0x12
 .text._ZN3CPU7readDR7Ev
                0x00000000c001fa8d       0x12 hal/intctrl.32
                0x00000000c001fa8d                CPU::readDR7()

.text._ZN10LinkedListIV18ThreadControlBlockE15getFirstElementEv
                0x00000000c001faa0        0x7
 .text._ZN10LinkedListIV18ThreadControlBlockE15getFirstElementEv
                0x00000000c001faa0        0x7 hal/timer.32
                0x00000000c001faa0                LinkedList<ThreadControlBlock volatile>::getFirstElement()

.text._ZN10LinkedListIV18ThreadControlBlockE7isEmptyEv
                0x00000000c001faa8       0x1c
 .text._ZN10LinkedListIV18ThreadControlBlockE7isEmptyEv
                0x00000000c001faa8       0x1c hal/timer.32
                0x00000000c001faa8                LinkedList<ThreadControlBlock volatile>::isEmpty()

.text._ZN10LinkedListIV18ThreadControlBlockE11removeFirstEv
                0x00000000c001fac4       0xae
 .text._ZN10LinkedListIV18ThreadControlBlockE11removeFirstEv
                0x00000000c001fac4       0xae hal/timer.32
                0x00000000c001fac4                LinkedList<ThreadControlBlock volatile>::removeFirst()

.text._ZN10LinkedListIV18ThreadControlBlockE10addElementEPS1_
                0x00000000c001fb72       0xd3
 .text._ZN10LinkedListIV18ThreadControlBlockE10addElementEPS1_
                0x00000000c001fb72       0xd3 hal/timer.32
                0x00000000c001fb72                LinkedList<ThreadControlBlock volatile>::addElement(ThreadControlBlock volatile*)

.text._ZN4ACPID2Ev
                0x00000000c001fc46       0x23
 .text._ZN4ACPID2Ev
                0x00000000c001fc46       0x23 hw/acpi.32
                0x00000000c001fc46                ACPI::~ACPI()
                0x00000000c001fc46                ACPI::~ACPI()

.text._ZN4ACPID0Ev
                0x00000000c001fc6a       0x2a
 .text._ZN4ACPID0Ev
                0x00000000c001fc6a       0x2a hw/acpi.32
                0x00000000c001fc6a                ACPI::~ACPI()

.text._ZN3CPUD2Ev
                0x00000000c001fc94       0x23
 .text._ZN3CPUD2Ev
                0x00000000c001fc94       0x23 hw/cpu.32
                0x00000000c001fc94                CPU::~CPU()
                0x00000000c001fc94                CPU::~CPU()

.text._ZN3CPUD0Ev
                0x00000000c001fcb8       0x2a
 .text._ZN3CPUD0Ev
                0x00000000c001fcb8       0x2a hw/cpu.32
                0x00000000c001fcb8                CPU::~CPU()

.text._ZN3CPU7readCR4Ev
                0x00000000c001fce2       0x12
 .text._ZN3CPU7readCR4Ev
                0x00000000c001fce2       0x12 hw/cpu.32
                0x00000000c001fce2                CPU::readCR4()

.text._ZN3CPU8writeDR7Em
                0x00000000c001fcf4        0x9
 .text._ZN3CPU8writeDR7Em
                0x00000000c001fcf4        0x9 hw/cpu.32
                0x00000000c001fcf4                CPU::writeDR7(unsigned long)

.text._ZN3CPU8writeCR4Em
                0x00000000c001fcfd        0x9
 .text._ZN3CPU8writeCR4Em
                0x00000000c001fcfd        0x9 hw/cpu.32
                0x00000000c001fcfd                CPU::writeCR4(unsigned long)

.text._ZN3CPU7readCR2Ev
                0x00000000c001fd06       0x12
 .text._ZN3CPU7readCR2Ev
                0x00000000c001fd06       0x12 krnl/panic.32
                0x00000000c001fd06                CPU::readCR2()

.text._ZN10LinkedListIV18ThreadControlBlockED2Ev
                0x00000000c001fd18        0x2
 .text._ZN10LinkedListIV18ThreadControlBlockED2Ev
                0x00000000c001fd18        0x2 thr/prcssthr.32
                0x00000000c001fd18                LinkedList<ThreadControlBlock volatile>::~LinkedList()
                0x00000000c001fd18                LinkedList<ThreadControlBlock volatile>::~LinkedList()

.text._ZN18ThreadControlBlockC2Ev
                0x00000000c001fd1a       0x3e
 .text._ZN18ThreadControlBlockC2Ev
                0x00000000c001fd1a       0x3e thr/prcssthr.32
                0x00000000c001fd1a                ThreadControlBlock::ThreadControlBlock()
                0x00000000c001fd1a                ThreadControlBlock::ThreadControlBlock()

.text._ZN10LinkedListIV18ThreadControlBlockEC2Ev
                0x00000000c001fd58       0x58
 .text._ZN10LinkedListIV18ThreadControlBlockEC2Ev
                0x00000000c001fd58       0x58 thr/prcssthr.32
                0x00000000c001fd58                LinkedList<ThreadControlBlock volatile>::LinkedList()
                0x00000000c001fd58                LinkedList<ThreadControlBlock volatile>::LinkedList()

.text._ZN10LinkedListIV18ThreadControlBlockE7getNextEPS1_
                0x00000000c001fdb0        0x8
 .text._ZN10LinkedListIV18ThreadControlBlockE7getNextEPS1_
                0x00000000c001fdb0        0x8 thr/prcssthr.32
                0x00000000c001fdb0                LinkedList<ThreadControlBlock volatile>::getNext(ThreadControlBlock volatile*)

.text._ZN3PCID2Ev
                0x00000000c001fdb8       0x23
 .text._ZN3PCID2Ev
                0x00000000c001fdb8       0x23 hw/bus/pci.32
                0x00000000c001fdb8                PCI::~PCI()
                0x00000000c001fdb8                PCI::~PCI()

.text._ZN3PCID0Ev