Archive member included to satisfy reference by file (symbol)

/cygdrive/d/Users/Alex/Desktop/Toolchain/Output/bin/../lib/gcc/i386-banana/8.1.0/libgcc.a(_divdi3.o)
                              fs/fat/ff.32 (__divdi3)
/cygdrive/d/Users/Alex/Desktop/Toolchain/Output/bin/../lib/gcc/i386-banana/8.1.0/libgcc.a(_moddi3.o)
                              acpica/osl.32 (__moddi3)
/cygdrive/d/Users/Alex/Desktop/Toolchain/Output/bin/../lib/gcc/i386-banana/8.1.0/libgcc.a(_udivdi3.o)
                              acpica/utmath.32 (__udivdi3)
/cygdrive/d/Users/Alex/Desktop/Toolchain/Output/bin/../lib/gcc/i386-banana/8.1.0/libgcc.a(_umoddi3.o)
                              acpica/utmath.32 (__umoddi3)
D:/Users/Alex/Desktop/Banana/kernel/libk/libm32.a(s_fabs.c.o)
                              hal/libresample/samplerate.32 (fabs)
D:/Users/Alex/Desktop/Banana/kernel/libk/libm32.a(s_lrint.S.o)
                              hal/libresample/samplerate.32 (lrint)
D:/Users/Alex/Desktop/Banana/kernel/libk/libm32.a(s_lrintf.S.o)
                              hal/sound/sndhw.32 (lrintf)

Allocating common symbols
Common symbol       size              file

AcpiGbl_StateCache  0x4               acpica/utglobal.32
AcpiGbl_OwnerIdMask
                    0x200             acpica/utglobal.32
AcpiGbl_StepToNextCall
                    0x1               acpica/utglobal.32
AcpiGbl_RootTableList
                    0x10              acpica/utglobal.32
AcpiGbl_FadtGpeDevice
                    0x4               acpica/utglobal.32
AcpiGbl_GpeXruptListHead
                    0x4               acpica/utglobal.32
AcpiGbl_GlobalLockHandle
                    0x2               acpica/utglobal.32
AcpiGbl_RootNodeStruct
                    0x1c              acpica/utglobal.32
AcpiGbl_FACS        0x4               acpica/utglobal.32
AcpiGbl_AllGpesInitialized
                    0x1               acpica/utglobal.32
AcpiGbl_GlobalLockMutex
                    0x4               acpica/utglobal.32
AcpiGbl_IntegerByteWidth
                    0x1               acpica/utglobal.32
AcpiGbl_Pm1EnableRegisterSave
                    0x2               acpica/utglobal.32
AcpiGbl_NsLookupCount
                    0x4               acpica/utglobal.32
AcpiCurrentGpeCount
                    0x4               acpica/utglobal.32
AcpiGbl_IntegerBitWidth
                    0x1               acpica/utglobal.32
AcpiGbl_NamespaceCache
                    0x4               acpica/utglobal.32
AcpiGbl_TableHandler
                    0x4               acpica/utglobal.32
AcpiGbl_HardwareLock
                    0x4               acpica/utglobal.32
AcpiGbl_FixedEventHandlers
                    0x28              acpica/utglobal.32
AcpiSciCount        0x4               acpica/utglobal.32
AcpiGbl_DSDT        0x4               acpica/utglobal.32
AcpiGbl_GlobalNotify
                    0x10              acpica/utglobal.32
AcpiGbl_GlobalLockSemaphore
                    0x4               acpica/utglobal.32
AcpiGbl_SystemAwakeAndRunning
                    0x1               acpica/utglobal.32
AcpiGbl_InterfaceHandler
                    0x4               acpica/utglobal.32
AcpiGbl_EventsInitialized
                    0x1               acpica/utglobal.32
AcpiGbl_SupportedInterfaces
                    0x4               acpica/utglobal.32
AcpiGbl_GpeLock     0x4               acpica/utglobal.32
AcpiGbl_SleepTypeB  0x1               acpica/utglobal.32
AcpiGbl_InitHandler
                    0x4               acpica/utglobal.32
AcpiGbl_GlobalLockAcquired
                    0x1               acpica/utglobal.32
AcpiGbl_XPm1bEnable
                    0xc               acpica/utglobal.32
AcpiGbl_OriginalDsdtHeader
                    0x24              acpica/utglobal.32
AcpiGbl_ReferenceCountLock
                    0x4               acpica/utglobal.32
AcpiGpeCount        0x4               acpica/utglobal.32
AcpiGbl_TableHandlerContext
                    0x4               acpica/utglobal.32
AcpiGbl_XPm1aStatus
                    0xc               acpica/utglobal.32
AcpiGbl_OriginalMode
                    0x4               acpica/utglobal.32
AcpiGbl_CmSingleStep
                    0x1               acpica/utglobal.32
AcpiGbl_GlobalEventHandlerContext
                    0x4               acpica/utglobal.32
AcpiGbl_PsFindCount
                    0x4               acpica/utglobal.32
AcpiFixedEventCount
                    0x14              acpica/utglobal.32
AcpiGbl_AcpiHardwarePresent
                    0x1               acpica/utglobal.32
AcpiGbl_MutexInfo   0x60              acpica/utglobal.32
AcpiGbl_RootNode    0x4               acpica/utglobal.32
AcpiGbl_AddressRangeList
                    0x8               acpica/utglobal.32
AcpiGbl_FADT        0x114             acpica/utglobal.32
AcpiGbl_IntegerNybbleWidth
                    0x1               acpica/utglobal.32
AcpiGbl_XPm1aEnable
                    0xc               acpica/utglobal.32
AcpiGbl_OperandCache
[...]
Memory Configuration

Name             Origin             Length             Attributes
*default*        0x0000000000000000 0xffffffffffffffff

Linker script and memory map

LOAD D:/Users/Alex/Desktop/Banana/kernel/boot.32
LOAD crti.32
LOAD /cygdrive/d/Users/Alex/Desktop/Toolchain/Output/bin/../lib/gcc/i386-banana/8.1.0/crtbegin.o
LOAD D:/Users/Alex/Desktop/Banana/kernel/morenasm.32
LOAD acpica/dsargs.32
LOAD acpica/dscontrol.32
LOAD acpica/dsdebug.32
LOAD acpica/dsfield.32
LOAD acpica/dsinit.32
LOAD acpica/dsmethod.32
LOAD acpica/dsmthdat.32
LOAD acpica/dsobject.32
LOAD acpica/dsopcode.32
LOAD acpica/dspkginit.32
LOAD acpica/dsutils.32
LOAD acpica/dswexec.32
LOAD acpica/dswload.32
LOAD acpica/dswload2.32
LOAD acpica/dswscope.32
LOAD acpica/dswstate.32
LOAD acpica/evevent.32
LOAD acpica/evglock.32
LOAD acpica/evgpe.32
LOAD acpica/evgpeblk.32
LOAD acpica/evgpeinit.32
LOAD acpica/evgpeutil.32
LOAD acpica/evhandler.32
LOAD acpica/evmisc.32
LOAD acpica/evregion.32
LOAD acpica/evrgnini.32
LOAD acpica/evsci.32
LOAD acpica/evxface.32
LOAD acpica/evxfevnt.32
LOAD acpica/evxfgpe.32
LOAD acpica/evxfregn.32
LOAD acpica/exconcat.32
LOAD acpica/exconfig.32
LOAD acpica/exconvrt.32
LOAD acpica/excreate.32
LOAD acpica/exdebug.32
LOAD acpica/exdump.32
LOAD acpica/exfield.32
LOAD acpica/exfldio.32
LOAD acpica/exmisc.32
LOAD acpica/exmutex.32
LOAD acpica/exnames.32
LOAD acpica/exoparg1.32
LOAD acpica/exoparg2.32
LOAD acpica/exoparg3.32
LOAD acpica/exoparg6.32
LOAD acpica/exprep.32
LOAD acpica/exregion.32
LOAD acpica/exresnte.32
LOAD acpica/exresolv.32
LOAD acpica/exresop.32
LOAD acpica/exserial.32
LOAD acpica/exstore.32
LOAD acpica/exstoren.32
LOAD acpica/exstorob.32
LOAD acpica/exsystem.32
LOAD acpica/extrace.32
LOAD acpica/exutils.32
LOAD acpica/hwacpi.32
LOAD acpica/hwesleep.32
LOAD acpica/hwgpe.32
LOAD acpica/hwpci.32
LOAD acpica/hwregs.32
LOAD acpica/hwsleep.32
LOAD acpica/hwtimer.32
LOAD acpica/hwvalid.32
LOAD acpica/hwxface.32
LOAD acpica/hwxfsleep.32
LOAD acpica/nsaccess.32
LOAD acpica/nsalloc.32
LOAD acpica/nsarguments.32
LOAD acpica/nsconvert.32
LOAD acpica/nsdump.32
LOAD acpica/nsdumpdv.32
LOAD acpica/nseval.32
LOAD acpica/nsinit.32
LOAD acpica/nsload.32
LOAD acpica/nsnames.32
LOAD acpica/nsobject.32
LOAD acpica/nsparse.32
LOAD acpica/nspredef.32
LOAD acpica/nsprepkg.32
LOAD acpica/nsrepair.32
LOAD acpica/nsrepair2.32
LOAD acpica/nssearch.32
LOAD acpica/nsutils.32
LOAD acpica/nswalk.32
LOAD acpica/nsxfeval.32
LOAD acpica/nsxfname.32
LOAD acpica/nsxfobj.32
LOAD acpica/psargs.32
LOAD acpica/psloop.32
LOAD acpica/psobject.32
LOAD acpica/psopcode.32
LOAD acpica/psopinfo.32
LOAD acpica/psparse.32
LOAD acpica/psscope.32
LOAD acpica/pstree.32
LOAD acpica/psutils.32
LOAD acpica/pswalk.32
LOAD acpica/psxface.32
LOAD acpica/rsaddr.32
LOAD acpica/rscalc.32
LOAD acpica/rscreate.32
LOAD acpica/rsdump.32
LOAD acpica/rsdumpinfo.32
LOAD acpica/rsinfo.32
LOAD acpica/rsio.32
LOAD acpica/rsirq.32
LOAD acpica/rslist.32
LOAD acpica/rsmemory.32
LOAD acpica/rsmisc.32
LOAD acpica/rsserial.32
LOAD acpica/rsutils.32
LOAD acpica/rsxface.32
LOAD acpica/tbdata.32
LOAD acpica/tbfadt.32
LOAD acpica/tbfind.32
LOAD acpica/tbinstal.32
LOAD acpica/tbprint.32
LOAD acpica/tbutils.32
LOAD acpica/tbxface.32
LOAD acpica/tbxfload.32
LOAD acpica/tbxfroot.32
LOAD acpica/utaddress.32
LOAD acpica/utalloc.32
LOAD acpica/utascii.32
LOAD acpica/utbuffer.32
LOAD acpica/utcache.32
LOAD acpica/utclib.32
LOAD acpica/utcopy.32
LOAD acpica/utdebug.32
LOAD acpica/utdecode.32
LOAD acpica/utdelete.32
LOAD acpica/uterror.32
LOAD acpica/uteval.32
LOAD acpica/utexcep.32
LOAD acpica/utglobal.32
LOAD acpica/uthex.32
LOAD acpica/utids.32
LOAD acpica/utinit.32
LOAD acpica/utlock.32
LOAD acpica/utmath.32
LOAD acpica/utmisc.32
LOAD acpica/utmutex.32
LOAD acpica/utnonansi.32
LOAD acpica/utobject.32
LOAD acpica/utosi.32
LOAD acpica/utownerid.32
LOAD acpica/utpredef.32
LOAD acpica/utprint.32
LOAD acpica/utresdecode.32
LOAD acpica/utresrc.32
LOAD acpica/utstate.32
LOAD acpica/utstring.32
LOAD acpica/utstrsuppt.32
LOAD acpica/utstrtoul64.32
LOAD acpica/uttrack.32
LOAD acpica/utuuid.32
LOAD acpica/utxface.32
LOAD acpica/utxferror.32
LOAD acpica/utxfinit.32
LOAD acpica/utxfmutex.32
LOAD core/malloc.32
LOAD libk/string.32
LOAD fs/fat/diskio.32
LOAD fs/fat/ff.32
LOAD fs/fat/ffsystem.32
LOAD fs/fat/ffunicode.32
LOAD hal/libresample/samplerate.32
LOAD hal/libresample/src_linear.32
LOAD hal/libresample/src_sinc.32
LOAD hal/libresample/src_zoh.32
LOAD acpica/osl.32
LOAD core/computer.32
LOAD core/elf.32
LOAD core/gdt.32
LOAD core/idle.32
LOAD core/idt.32
LOAD core/kconsole.32
LOAD core/kheap.32
LOAD core/main.32
LOAD core/physmgr.32
LOAD core/pipe.32
LOAD core/prcssthr.32
LOAD core/syscalls.32
LOAD core/terminal.32
LOAD core/tss.32
LOAD core/unixfile.32
LOAD core/virtmgr.32
LOAD coreobjs/c++.32
LOAD debugger/debug.32
LOAD fs/vfs.32
LOAD hal/bus.32
LOAD hal/buzzer.32
LOAD hal/clock.32
LOAD hal/device.32
LOAD hal/diskctrl.32
LOAD hal/diskphys.32
LOAD hal/fpu.32
LOAD hal/intctrl.32
LOAD hal/keybrd.32
LOAD hal/logidisk.32
LOAD hal/partition.32
LOAD hal/timer.32
LOAD hal/vcache.32
LOAD hw/acpi.32
LOAD hw/cpu.32
LOAD hw/ports.32
LOAD registry/registry.32
LOAD syscalls/sc_exit.32
LOAD syscalls/sc_sbrk.32
LOAD syscalls/sc_yield.32
LOAD vm86/vm8086.32
LOAD fs/fat/vfslink.32
LOAD fs/iso9660/vfslink.32
LOAD hal/sound/sndchannel.32
LOAD hal/sound/sndhw.32
LOAD hw/audio/sb16.32
LOAD hw/bus/isa.32
LOAD hw/bus/pci.32
LOAD hw/bus/ps2.32
LOAD hw/bus/ps2port.32
LOAD hw/buzzer/pcspk.32
LOAD hw/clock/rtc.32
LOAD hw/diskctrl/ide.32
LOAD hw/diskphys/ata.32
LOAD hw/diskphys/atapi.32
LOAD hw/dma/isadma.32
LOAD hw/fpu/avx.32
LOAD hw/fpu/mmx.32
LOAD hw/fpu/sse.32
LOAD hw/fpu/x87.32
LOAD hw/intctrl/apic.32
LOAD hw/intctrl/pic.32
LOAD hw/keybrd/ps2key.32
LOAD hw/timer/apictimer.32
LOAD hw/timer/pit.32
LOAD hw/fpu/x86/avx.32
LOAD hw/fpu/x86/sse.32
LOAD hw/fpu/x86/x87.32
LOAD /cygdrive/d/Users/Alex/Desktop/Toolchain/Output/bin/../lib/gcc/i386-banana/8.1.0/crtend.o
LOAD crtn.32
LOAD /cygdrive/d/Users/Alex/Desktop/Toolchain/Output/bin/../lib/gcc/i386-banana/8.1.0/libgcc.a
LOAD D:/Users/Alex/Desktop/Banana/kernel/libk/libm32.a
                0x00000000c0000000                . = 0xc0000000

.text           0x00000000c0000000    0x574a8
 *(.text)
 .text          0x00000000c0000000       0x39 D:/Users/Alex/Desktop/Banana/kernel/boot.32
                0x00000000c000001e                callGlobalConstructors
 .text          0x00000000c0000039        0x0 crti.32
 *fill*         0x00000000c0000039        0x3 
 .text          0x00000000c000003c      0x101 /cygdrive/d/Users/Alex/Desktop/Toolchain/Output/bin/../lib/gcc/i386-banana/8.1.0/crtbegin.o
 *fill*         0x00000000c000013d        0x3 
 .text          0x00000000c0000140      0x543 D:/Users/Alex/Desktop/Banana/kernel/morenasm.32
                0x00000000c0000140                doTPAUSE
                0x00000000c000014a                hasLegacyFPU
                0x00000000c0000179                is486
                0x00000000c00001de                goToVM86
                0x00000000c000020f                goToUsermode
                0x00000000c000023a                switchToThreadASMFirstTime
                0x00000000c0000248                switchToThreadASM
                0x00000000c00002e4                detectCPUID
                0x00000000c00002fa                asmQuickAcquireLock
                0x00000000c0000318                asmQuickReleaseLock
                0x00000000c0000324                asmAcquireLock
                0x00000000c0000345                asmReleaseLock
                0x00000000c0000358                loadGDT
                0x00000000c0000378                isr0
                0x00000000c0000388                isr1
                0x00000000c0000398                isr2
                0x00000000c00003a8                isr3
                0x00000000c00003b8                isr4
                0x00000000c00003c8                isr5
                0x00000000c00003d8                isr6
                0x00000000c00003e8                isr7
                0x00000000c00003f8                isr8
                0x00000000c0000403                isr9
                0x00000000c0000413                isr10
                0x00000000c000041e                isr11
                0x00000000c0000429                isr12
                0x00000000c0000434                isr13
                0x00000000c000043f                isr14
                0x00000000c000044a                isr15
                0x00000000c000045a                isr16
                0x00000000c000046a                isr17
                0x00000000c000047a                isr18
                0x00000000c000048a                isr96
                0x00000000c000049a                irq0
                0x00000000c00004aa                irq1
                0x00000000c00004ba                irq2
                0x00000000c00004ca                irq3
                0x00000000c00004da                irq4
                0x00000000c00004ea                irq5
                0x00000000c00004fa                irq6
                0x00000000c000050a                irq7
                0x00000000c000051a                irq8
                0x00000000c000052a                irq9
                0x00000000c000053a                irq10
                0x00000000c000054a                irq11
                0x00000000c000055a                irq12
                0x00000000c000056a                irq13
                0x00000000c000057a                irq14
                0x00000000c000058a                irq15
                0x00000000c000059a                irq16
                0x00000000c00005aa                irq17
                0x00000000c00005ba                irq18
                0x00000000c00005ca                irq19
                0x00000000c00005da                irq20
                0x00000000c00005ea                irq21
                0x00000000c00005fa                irq22
                0x00000000c000060a                irq23
                0x00000000c000061a                int_common_stub
                0x00000000c000064a                syscall_common_stub
 .text          0x00000000c0000683      0x3da acpica/dsargs.32
                0x00000000c0000812                AcpiDsGetBufferFieldArguments
                0x00000000c0000871                AcpiDsGetBankFieldArguments
                0x00000000c00008d0                AcpiDsGetBufferArguments
                0x00000000c0000941                AcpiDsGetPackageArguments
                0x00000000c00009b2                AcpiDsGetRegionArguments
 .text          0x00000000c0000a5d      0x47a acpica/dscontrol.32
                0x00000000c0000a5f                AcpiDsExecBeginControlOp
                0x00000000c0000b8f                AcpiDsExecEndControlOp
 .text          0x00000000c0000ed7        0x2 acpica/dsdebug.32
                0x00000000c0000ed7                AcpiDsDumpMethodStack
 .text          0x00000000c0000ed9      0x9f6 acpica/dsfield.32
                0x00000000c0000ed9                AcpiDsCreateBufferField
                0x00000000c00013cf                AcpiDsCreateField
                0x00000000c00014d9                AcpiDsInitFieldObjects
                0x00000000c000167a                AcpiDsCreateBankField
                0x00000000c00017ae                AcpiDsCreateIndexField
 .text          0x00000000c00018cf      0x22d acpica/dsinit.32
                0x00000000c0001a4a                AcpiDsInitializeObjects
 .text          0x00000000c0001afc      0x9d7 acpica/dsmethod.32
                0x00000000c0001b4b                AcpiDsAutoSerializeMethod
                0x00000000c0001c54                AcpiDsMethodError
                0x00000000c0001db0                AcpiDsBeginMethodExecution
                0x00000000c0002053                AcpiDsRestartControlMethod
                0x00000000c00020f2                AcpiDsTerminateControlMethod
                0x00000000c00022d6                AcpiDsCallControlMethod
 .text          0x00000000c00024d3      0x743 acpica/dsmthdat.32
                0x00000000c00024d3                AcpiDsMethodDataInit
                0x00000000c00026bc                AcpiDsMethodDataDeleteAll
                0x00000000c0002789                AcpiDsMethodDataGetNode
                0x00000000c00028c4                AcpiDsMethodDataInitArgs
                0x00000000c000293b                AcpiDsMethodDataGetValue
                0x00000000c0002aca                AcpiDsStoreObjectToLocal
 .text          0x00000000c0002c16      0x736 acpica/dsobject.32
                0x00000000c0002c16                AcpiDsBuildInternalBufferObj
                0x00000000c0002d7f                AcpiDsInitObjectFromOp
                0x00000000c0003114                AcpiDsBuildInternalObject
                0x00000000c00032b6                AcpiDsCreateNode
 .text          0x00000000c000334c      0xa93 acpica/dsopcode.32
                0x00000000c000334c                AcpiDsInitializeRegion
                0x00000000c000365f                AcpiDsEvalBufferFieldOperands
                0x00000000c00037d0                AcpiDsEvalRegionOperands
                0x00000000c0003975                AcpiDsEvalTableRegionOperands
                0x00000000c0003b2f                AcpiDsEvalDataObjectOperands
                0x00000000c0003ce3                AcpiDsEvalBankFieldOperands
 .text          0x00000000c0003ddf      0x597 acpica/dspkginit.32
                0x00000000c0003fb1                AcpiDsInitPackageElement
                0x00000000c000401d                AcpiDsBuildInternalPackageObj
 .text          0x00000000c0004376      0x956 acpica/dsutils.32
                0x00000000c0004378                AcpiDsClearImplicitReturn
                0x00000000c00043bb                AcpiDsDoImplicitReturn
                0x00000000c000442b                AcpiDsIsResultUsed
                0x00000000c00045bd                AcpiDsDeleteResultIfNotUsed
                0x00000000c0004635                AcpiDsResolveOperands
                0x00000000c0004691                AcpiDsClearOperands
                0x00000000c00046e5                AcpiDsCreateOperand
                0x00000000c0004a50                AcpiDsCreateOperands
                0x00000000c0004b40                AcpiDsEvaluateNamePath
 .text          0x00000000c0004ccc      0xa84 acpica/dswexec.32
                0x00000000c0004cd4                AcpiDsGetPredicateValue
                0x00000000c0004ef0                AcpiDsExecBeginOp
                0x00000000c00050ed                AcpiDsExecEndOp
 .text          0x00000000c0005750      0x6f7 acpica/dswload.32
                0x00000000c0005750                AcpiDsLoad1BeginOp
                0x00000000c0005ab9                AcpiDsLoad1EndOp
                0x00000000c0005d77                AcpiDsInitCallbacks
 .text          0x00000000c0005e47      0x901 acpica/dswload2.32
                0x00000000c0005e47                AcpiDsLoad2BeginOp
                0x00000000c00062b6                AcpiDsLoad2EndOp
 .text          0x00000000c0006748      0x161 acpica/dswscope.32
                0x00000000c0006748                AcpiDsScopeStackClear
                0x00000000c0006788                AcpiDsScopeStackPush
                0x00000000c000684f                AcpiDsScopeStackPop
 .text          0x00000000c00068a9      0x8f5 acpica/dswstate.32
                0x00000000c0006939                AcpiDsResultPush
                0x00000000c0006b0c                AcpiDsResultPop
                0x00000000c0006c3e                AcpiDsObjStackPush
                0x00000000c0006cbd                AcpiDsObjStackPop
                0x00000000c0006d3f                AcpiDsObjStackPopAndDelete
                0x00000000c0006dbe                AcpiDsGetCurrentWalkState
                0x00000000c0006dd6                AcpiDsPushWalkState
                0x00000000c0006df0                AcpiDsPopWalkState
                0x00000000c0006e15                AcpiDsCreateWalkState
                0x00000000c0006eaa                AcpiDsInitAmlWalk
                0x00000000c0007076                AcpiDsDeleteWalkState
 .text          0x00000000c000719e      0x307 acpica/evevent.32
                0x00000000c000719e                AcpiEvInstallXruptHandlers
                0x00000000c000729c                AcpiEvInitializeEvents
                0x00000000c00073bd                AcpiEvFixedEventDetect
 .text          0x00000000c00074a5      0x2d8 acpica/evglock.32
                0x00000000c0007526                AcpiEvInitGlobalLockHandler
                0x00000000c00075b2                AcpiEvRemoveGlobalLockHandler
                0x00000000c00075ea                AcpiEvAcquireGlobalLock
                0x00000000c00076f8                AcpiEvReleaseGlobalLock
 .text          0x00000000c000777d      0x960 acpica/evgpe.32
                0x00000000c000777d                AcpiEvUpdateGpeEnableMask
                0x00000000c00077eb                AcpiEvEnableGpe
                0x00000000c0007809                AcpiEvMaskGpe
                0x00000000c00078db                AcpiEvAddGpeReference
                0x00000000c000796e                AcpiEvRemoveGpeReference
                0x00000000c00079e9                AcpiEvLowGetGpeInfo
                0x00000000c0007a4a                AcpiEvGetGpeEventInfo
                0x00000000c0007ad2                AcpiEvFinishGpe
                0x00000000c0007c91                AcpiEvGpeDispatch
                0x00000000c0007e03                AcpiEvDetectGpe
                0x00000000c0007f90                AcpiEvGpeDetect
 .text          0x00000000c00080dd      0x726 acpica/evgpeblk.32
                0x00000000c00081a7                AcpiEvDeleteGpeBlock
                0x00000000c0008523                AcpiEvCreateGpeBlock
                0x00000000c0008698                AcpiEvInitializeGpeBlock
 .text          0x00000000c0008803      0x48d acpica/evgpeinit.32
                0x00000000c0008803                AcpiEvMatchGpeMethod
                0x00000000c000899a                AcpiEvGpeInitialize
                0x00000000c0008b9c                AcpiEvUpdateGpes
 .text          0x00000000c0008c90      0x407 acpica/evgpeutil.32
                0x00000000c0008c90                AcpiEvWalkGpeList
                0x00000000c0008d2f                AcpiEvGetGpeDevice
                0x00000000c0008d90                AcpiEvGetGpeXruptBlock
                0x00000000c0008ebf                AcpiEvDeleteGpeXrupt
                0x00000000c0008f89                AcpiEvDeleteGpeHandlers
 .text          0x00000000c0009097      0x4a5 acpica/evhandler.32
                0x00000000c0009097                AcpiEvHasDefaultHandler
                0x00000000c00090f7                AcpiEvFindRegionHandler
                0x00000000c000922d                AcpiEvInstallSpaceHandler
                0x00000000c00094b2                AcpiEvInstallRegionHandlers
 .text          0x00000000c000953c      0x32c acpica/evmisc.32
                0x00000000c00095e3                AcpiEvIsNotifyObject
                0x00000000c0009609                AcpiEvQueueNotifyRequest
                0x00000000c0009719                AcpiEvTerminate
 .text          0x00000000c0009868      0x9c7 acpica/evregion.32
                0x00000000c0009868                AcpiEvAddressSpaceDispatch
                0x00000000c0009b69                AcpiEvAttachRegion
                0x00000000c0009bb9                AcpiEvExecuteRegMethod
                0x00000000c0009da0                AcpiEvDetachRegion
                0x00000000c000a13a                AcpiEvExecuteRegMethods
                0x00000000c000a1a6                AcpiEvInitializeOpRegions
 .text          0x00000000c000a22f      0x535 acpica/evrgnini.32
                0x00000000c000a22f                AcpiEvSystemMemoryRegionSetup
                0x00000000c000a2dc                AcpiEvIoSpaceRegionSetup
                0x00000000c000a2ff                AcpiEvIsPciRootBridge
                0x00000000c000a3ca                AcpiEvPciConfigRegionSetup
                0x00000000c000a62b                AcpiEvPciBarRegionSetup
                0x00000000c000a631                AcpiEvCmosRegionSetup
                0x00000000c000a637                AcpiEvDefaultRegionSetup
                0x00000000c000a65a                AcpiEvInitializeRegion
 .text          0x00000000c000a764      0x1a4 acpica/evsci.32
                0x00000000c000a764                AcpiEvSciDispatch
                0x00000000c000a820                AcpiEvGpeXruptHandler
                0x00000000c000a849                AcpiEvInstallSciHandler
                0x00000000c000a87f                AcpiEvRemoveAllSciHandlers
 .text          0x00000000c000a908      0xcf1 acpica/evxface.32
                0x00000000c000a908                AcpiInstallNotifyHandler
                0x00000000c000ab63                AcpiRemoveNotifyHandler
                0x00000000c000ad87                AcpiInstallExceptionHandler
                0x00000000c000add4                AcpiInstallSciHandler
                0x00000000c000aec2                AcpiRemoveSciHandler
                0x00000000c000afa7                AcpiInstallGlobalEventHandler
                0x00000000c000b009                AcpiInstallFixedEventHandler
                0x00000000c000b0e4                AcpiRemoveFixedEventHandler
                0x00000000c000b37c                AcpiInstallGpeHandler
                0x00000000c000b3a6                AcpiInstallGpeRawHandler
                0x00000000c000b3d0                AcpiRemoveGpeHandler
                0x00000000c000b560                AcpiAcquireGlobalLock
                0x00000000c000b5bf                AcpiReleaseGlobalLock
 .text          0x00000000c000b5f9      0x38d acpica/evxfevnt.32
                0x00000000c000b5f9                AcpiEnable
                0x00000000c000b66b                AcpiDisable
                0x00000000c000b6cc                AcpiEnableEvent
                0x00000000c000b79a                AcpiDisableEvent
                0x00000000c000b867                AcpiClearEvent
                0x00000000c000b8bc                AcpiGetEventStatus
 .text          0x00000000c000b986      0xa22 acpica/evxfgpe.32
                0x00000000c000b986                AcpiUpdateAllGpes
                0x00000000c000ba11                AcpiEnableGpe
                0x00000000c000ba91                AcpiDisableGpe
                0x00000000c000baf6                AcpiSetGpe
                0x00000000c000bba1                AcpiMaskGpe
                0x00000000c000bc13                AcpiMarkGpeForWake
                0x00000000c000bc7f                AcpiSetupGpeForWake
                0x00000000c000be05                AcpiSetGpeWakeMask
                0x00000000c000bf0f                AcpiClearGpe
                0x00000000c000bf7d                AcpiGetGpeStatus
                0x00000000c000bfee                AcpiDispatchGpe
                0x00000000c000c009                AcpiFinishGpe
                0x00000000c000c070                AcpiDisableAllGpes
                0x00000000c000c0ab                AcpiEnableAllRuntimeGpes
                0x00000000c000c0e6                AcpiEnableAllWakeupGpes
                0x00000000c000c121                AcpiInstallGpeBlock
                0x00000000c000c271                AcpiRemoveGpeBlock
                0x00000000c000c33a                AcpiGetGpeDevice
 .text          0x00000000c000c3a8      0x1f7 acpica/evxfregn.32
                0x00000000c000c3a8                AcpiInstallAddressSpaceHandler
                0x00000000c000c44e                AcpiRemoveAddressSpaceHandler
 .text          0x00000000c000c59f      0x4fd acpica/exconcat.32
                0x00000000c000c63c                AcpiExDoConcatenate
                0x00000000c000c99a                AcpiExConcatTemplate
 .text          0x00000000c000ca9c      0x62b acpica/exconfig.32
                0x00000000c000cb5f                AcpiExUnloadTable
                0x00000000c000cc16                AcpiExLoadTableOp
                0x00000000c000ce37                AcpiExLoadOp
 .text          0x00000000c000d0c7      0x74e acpica/exconvrt.32
                0x00000000c000d0c7                AcpiExConvertToInteger
                0x00000000c000d226                AcpiExConvertToBuffer
                0x00000000c000d484                AcpiExConvertToString
                0x00000000c000d6ce                AcpiExConvertToTargetType
 .text          0x00000000c000d815      0x52a acpica/excreate.32
                0x00000000c000d815                AcpiExCreateAlias
                0x00000000c000d897                AcpiExCreateEvent
                0x00000000c000d91a                AcpiExCreateMutex
                0x00000000c000d9c7                AcpiExCreateRegion
                0x00000000c000db27                AcpiExCreateProcessor
                0x00000000c000dbd0                AcpiExCreatePowerResource
                0x00000000c000dc64                AcpiExCreateMethod
 .text          0x00000000c000dd3f      0x557 acpica/exdebug.32
                0x00000000c000dd3f                AcpiExDoDebugObject
 .text          0x00000000c000e296        0x0 acpica/exdump.32
 .text          0x00000000c000e296      0x4d5 acpica/exfield.32
                0x00000000c000e296                AcpiExGetProtocolBufferLength
                0x00000000c000e2ea                AcpiExReadDataFromField
                0x00000000c000e511                AcpiExWriteDataToField
 .text          0x00000000c000e76b      0xed6 acpica/exfldio.32
                0x00000000c000e9ae                AcpiExAccessRegion
                0x00000000c000eb40                AcpiExInsertIntoField
                0x00000000c000f117                AcpiExWriteWithUpdateRule
                0x00000000c000f309                AcpiExExtractFromField
 .text          0x00000000c000f641      0x664 acpica/exmisc.32
                0x00000000c000f641                AcpiExGetObjectReference
                0x00000000c000f73c                AcpiExDoMathOp
                0x00000000c000f90d                AcpiExDoLogicalNumericOp
                0x00000000c000fa11                AcpiExDoLogicalOp
 .text          0x00000000c000fca5      0x5d0 acpica/exmutex.32
                0x00000000c000fca5                AcpiExUnlinkMutex
                0x00000000c000fd4b                AcpiExAcquireMutexObject
                0x00000000c000fe20                AcpiExAcquireMutex
                0x00000000c000ff67                AcpiExReleaseMutexObject
                0x00000000c0010006                AcpiExReleaseMutex
                0x00000000c00101e3                AcpiExReleaseAllMutexes
 .text          0x00000000c0010275      0x457 acpica/exnames.32
                0x00000000c001044d                AcpiExGetNameString
 .text          0x00000000c00106cc     0x1142 acpica/exoparg1.32
                0x00000000c00106cc                AcpiExOpcode_0A_0T_1R
                0x00000000c0010782                AcpiExOpcode_1A_0T_0R
                0x00000000c0010884                AcpiExOpcode_1A_1T_0R
                0x00000000c00108fe                AcpiExOpcode_1A_1T_1R
                0x00000000c00110ce                AcpiExOpcode_1A_0T_1R
 .text          0x00000000c001180e      0x8df acpica/exoparg2.32
                0x00000000c001180e                AcpiExOpcode_2A_0T_0R
                0x00000000c00118df                AcpiExOpcode_2A_2T_1R
                0x00000000c0011a5f                AcpiExOpcode_2A_1T_1R
                0x00000000c0011f0c                AcpiExOpcode_2A_0T_1R
 .text          0x00000000c00120ed      0x33c acpica/exoparg3.32
                0x00000000c00120ed                AcpiExOpcode_3A_0T_0R
                0x00000000c00121ec                AcpiExOpcode_3A_1T_1R
 .text          0x00000000c0012429      0x36c acpica/exoparg6.32
                0x00000000c0012536                AcpiExOpcode_6A_0T_1R
 .text          0x00000000c0012795      0x53f acpica/exprep.32
                0x00000000c001284f                AcpiExPrepCommonFieldObject
                0x00000000c00128e7                AcpiExPrepFieldValue
 .text          0x00000000c0012cd4      0x4b7 acpica/exregion.32
                0x00000000c0012cd4                AcpiExSystemMemorySpaceHandler
                0x00000000c0012fd9                AcpiExSystemIoSpaceHandler
                0x00000000c0013056                AcpiExPciConfigSpaceHandler
                0x00000000c00130e7                AcpiExCmosSpaceHandler
                0x00000000c0013105                AcpiExPciBarSpaceHandler
                0x00000000c0013123                AcpiExDataTableSpaceHandler
 .text          0x00000000c001318b      0x360 acpica/exresnte.32
                0x00000000c001318b                AcpiExResolveNodeToValue
 .text          0x00000000c00134eb      0x61b acpica/exresolv.32
                0x00000000c001372c                AcpiExResolveToValue
                0x00000000c00137ec                AcpiExResolveMultiple
 .text          0x00000000c0013b06      0x7cc acpica/exresop.32
                0x00000000c0013b93                AcpiExResolveOperands
 .text          0x00000000c00142d2      0x3a2 acpica/exserial.32
                0x00000000c00142d2                AcpiExReadGpio
                0x00000000c001431c                AcpiExWriteGpio
                0x00000000c0014380                AcpiExReadSerialBus
                0x00000000c00144d8                AcpiExWriteSerialBus
 .text          0x00000000c0014674      0x588 acpica/exstore.32
                0x00000000c001488b                AcpiExStoreObjectToNode
                0x00000000c0014a7a                AcpiExStore
 .text          0x00000000c0014bfc      0x296 acpica/exstoren.32
                0x00000000c0014bfc                AcpiExResolveObject
                0x00000000c0014d1a                AcpiExStoreObjectToObject
 .text          0x00000000c0014e92      0x202 acpica/exstorob.32
                0x00000000c0014e92                AcpiExStoreBufferToBuffer
                0x00000000c0014f89                AcpiExStoreStringToString
 .text          0x00000000c0015094      0x206 acpica/exsystem.32
                0x00000000c0015094                AcpiExSystemWaitSemaphore
                0x00000000c00150ee                AcpiExSystemWaitMutex
                0x00000000c0015148                AcpiExSystemDoStall
                0x00000000c0015194                AcpiExSystemDoSleep
                0x00000000c00151e8                AcpiExSystemSignalEvent
                0x00000000c0015217                AcpiExSystemWaitEvent
                0x00000000c0015251                AcpiExSystemResetEvent
 .text          0x00000000c001529a      0x1ec acpica/extrace.32
                0x00000000c0015305                AcpiExTracePoint
                0x00000000c0015314                AcpiExStartTraceMethod
                0x00000000c00153cb                AcpiExStopTraceMethod
                0x00000000c0015456                AcpiExStartTraceOpcode
                0x00000000c001546e                AcpiExStopTraceOpcode
 .text          0x00000000c0015486      0x525 acpica/exutils.32
                0x00000000c0015486                AcpiExEnterInterpreter
                0x00000000c00154f0                AcpiExExitInterpreter
                0x00000000c001555a                AcpiExTruncateFor32bitTable
                0x00000000c00155c0                AcpiExAcquireGlobalLock
                0x00000000c0015617                AcpiExReleaseGlobalLock
                0x00000000c00156ef                AcpiExEisaIdToString
                0x00000000c0015810                AcpiExIntegerToString
                0x00000000c0015889                AcpiExPciClsToString
                0x00000000c001597e                AcpiIsValidSpaceId
 .text          0x00000000c00159ab      0x1ae acpica/hwacpi.32
                0x00000000c00159ab                AcpiHwGetMode
                0x00000000c0015a07                AcpiHwSetMode
 .text          0x00000000c0015b59      0x2a5 acpica/hwesleep.32
                0x00000000c0015b59                AcpiHwExecuteSleepMethod
                0x00000000c0015bd1                AcpiHwExtendedSleep
                0x00000000c0015d20                AcpiHwExtendedWakePrep
                0x00000000c0015d8b                AcpiHwExtendedWake
 .text          0x00000000c0015dfe      0x55c acpica/hwgpe.32
                0x00000000c0015dfe                AcpiHwGetGpeRegisterBit
                0x00000000c0015e28                AcpiHwLowSetGpe
                0x00000000c0015f5f                AcpiHwClearGpe
                0x00000000c0015fad                AcpiHwGetGpeStatus
                0x00000000c0016150                AcpiHwDisableGpeBlock
                0x00000000c00161ac                AcpiHwEnableRuntimeGpeBlock
                0x00000000c0016299                AcpiHwClearGpeBlock
                0x00000000c00162fa                AcpiHwDisableAllGpes
                0x00000000c001631a                AcpiHwEnableAllRuntimeGpes
                0x00000000c001633a                AcpiHwEnableAllWakeupGpes
 .text          0x00000000c001635a      0x338 acpica/hwpci.32
                0x00000000c0016638                AcpiHwDerivePciId
 .text          0x00000000c0016692      0xbfa acpica/hwregs.32
                0x00000000c00168af                AcpiHwValidateRegister
                0x00000000c00169f0                AcpiHwRead
                0x00000000c0016be6                AcpiHwWrite
                0x00000000c0016d96                AcpiHwGetBitRegisterInfo
                0x00000000c0016dd0                AcpiHwWritePm1Control
                0x00000000c0016ee8                AcpiHwRegisterRead
                0x00000000c0017097                AcpiHwRegisterWrite
                0x00000000c001721f                AcpiHwClearAcpiStatus
 .text          0x00000000c001728c      0x417 acpica/hwsleep.32
                0x00000000c001728c                AcpiHwLegacySleep
                0x00000000c00174e7                AcpiHwLegacyWakePrep
                0x00000000c00175de                AcpiHwLegacyWake
 .text          0x00000000c00176a3      0x1a6 acpica/hwtimer.32
                0x00000000c00176a3                AcpiGetTimerResolution
                0x00000000c00176d8                AcpiGetTimer
                0x00000000c0017747                AcpiGetTimerDuration
 .text          0x00000000c0017849      0x331 acpica/hwvalid.32
                0x00000000c00179b2                AcpiHwReadPort
                0x00000000c0017aa4                AcpiHwWritePort
 .text          0x00000000c0017b7a      0x47c acpica/hwxface.32
                0x00000000c0017b7a                AcpiReset
                0x00000000c0017c12                AcpiRead
                0x00000000c0017c31                AcpiWrite
                0x00000000c0017c5f                AcpiReadBitRegister
                0x00000000c0017cd9                AcpiWriteBitRegister
                0x00000000c0017df9                AcpiGetSleepTypeData
 .text          0x00000000c0017ff6      0x3c1 acpica/hwxfsleep.32
                0x00000000c0018068                AcpiSetFirmwareWakingVector
                0x00000000c00180bd                AcpiEnterSleepStateS4bios
                0x00000000c0018205                AcpiEnterSleepStatePrep
                0x00000000c00182f4                AcpiEnterSleepState
                0x00000000c0018363                AcpiLeaveSleepStatePrep
                0x00000000c001838d                AcpiLeaveSleepState
 .text          0x00000000c00183b7      0x7cd acpica/nsaccess.32
                0x00000000c00183b7                AcpiNsRootInitialize
                0x00000000c001872e                AcpiNsLookup
 .text          0x00000000c0018b84      0x44a acpica/nsalloc.32
                0x00000000c0018b84                AcpiNsCreateNode
                0x00000000c0018bc0                AcpiNsDeleteNode
                0x00000000c0018c5c                AcpiNsRemoveNode
                0x00000000c0018cc5                AcpiNsInstallNode
                0x00000000c0018d79                AcpiNsDeleteChildren
                0x00000000c0018ded                AcpiNsDeleteNamespaceSubtree
                0x00000000c0018ea3                AcpiNsDeleteNamespaceByOwner
 .text          0x00000000c0018fce      0x3ca acpica/nsarguments.32
                0x00000000c0018fce                AcpiNsCheckArgumentTypes
                0x00000000c00190d6                AcpiNsCheckAcpiCompliance
                0x00000000c0019229                AcpiNsCheckArgumentCount
 .text          0x00000000c0019398      0x5e2 acpica/nsconvert.32
                0x00000000c0019398                AcpiNsConvertToInteger
                0x00000000c00194af                AcpiNsConvertToString
                0x00000000c00195b2                AcpiNsConvertToBuffer
                0x00000000c001970b                AcpiNsConvertToUnicode
                0x00000000c00197cf                AcpiNsConvertToResource
                0x00000000c0019883                AcpiNsConvertToReference
 .text          0x00000000c001997a        0x0 acpica/nsdump.32
 .text          0x00000000c001997a        0x0 acpica/nsdumpdv.32
 .text          0x00000000c001997a      0x38e acpica/nseval.32
                0x00000000c001997a                AcpiNsEvaluate
 .text          0x00000000c0019d08      0x6b7 acpica/nsinit.32
                0x00000000c0019f21                AcpiNsInitializeObjects
                0x00000000c0019f82                AcpiNsInitializeDevices
                0x00000000c001a14c                AcpiNsInitOnePackage
 .text          0x00000000c001a3bf       0xdb acpica/nsload.32
                0x00000000c001a3bf                AcpiNsLoadTable
 .text          0x00000000c001a49a      0x592 acpica/nsnames.32
                0x00000000c001a49a                AcpiNsHandleToName
                0x00000000c001a50d                AcpiNsBuildNormalizedPath
                0x00000000c001a666                AcpiNsGetPathnameLength
                0x00000000c001a6bd                AcpiNsHandleToPathname
                0x00000000c001a74b                AcpiNsGetNormalizedPathname
                0x00000000c001a7ce                AcpiNsGetExternalPathname
                0x00000000c001a8e2                AcpiNsBuildPrefixedPathname
 .text          0x00000000c001aa2c      0x45a acpica/nsobject.32
                0x00000000c001aa2c                AcpiNsDetachObject
                0x00000000c001ab18                AcpiNsAttachObject
                0x00000000c001ac86                AcpiNsGetAttachedObject
                0x00000000c001acee                AcpiNsGetSecondaryObject
                0x00000000c001ad24                AcpiNsAttachData
                0x00000000c001adc2                AcpiNsDetachData
                0x00000000c001ae3a                AcpiNsGetAttachedData
 .text          0x00000000c001ae86      0x359 acpica/nsparse.32
                0x00000000c001ae86                AcpiNsExecuteTable
                0x00000000c001b030                AcpiNsOneCompleteParse
                0x00000000c001b1c0                AcpiNsParseTable
 .text          0x00000000c001b1df      0x3b5 acpica/nspredef.32
                0x00000000c001b2ac                AcpiNsCheckObjectType
                0x00000000c001b47d                AcpiNsCheckReturnValue
 .text          0x00000000c001b594      0x9d3 acpica/nsprepkg.32
                0x00000000c001badc                AcpiNsCheckPackage
 .text          0x00000000c001bf67      0x47e acpica/nsrepair.32
                0x00000000c001bfcb                AcpiNsRepairNullElement
                0x00000000c001c084                AcpiNsRemoveNullElements
                0x00000000c001c118                AcpiNsWrapWithPackage
                0x00000000c001c166                AcpiNsSimpleRepair
 .text          0x00000000c001c3e5      0x9f8 acpica/nsrepair2.32
                0x00000000c001c7c5                AcpiNsComplexRepairs
 .text          0x00000000c001cddd      0x27a acpica/nssearch.32
                0x00000000c001cddd                AcpiNsSearchOneScope
                0x00000000c001cea5                AcpiNsSearchAndEnter
 .text          0x00000000c001d057      0x819 acpica/nsutils.32
                0x00000000c001d057                AcpiNsPrintNodePathname
                0x00000000c001d0d7                AcpiNsGetType
                0x00000000c001d10f                AcpiNsLocal
                0x00000000c001d15d                AcpiNsGetInternalNameLength
                0x00000000c001d236                AcpiNsBuildInternalName
                0x00000000c001d3dd                AcpiNsInternalizeName
                0x00000000c001d470                AcpiNsExternalizeName
                0x00000000c001d6b4                AcpiNsValidateHandle
                0x00000000c001d6e0                AcpiNsTerminate
                0x00000000c001d731                AcpiNsOpensScope
                0x00000000c001d770                AcpiNsGetNodeUnlocked
                0x00000000c001d826                AcpiNsGetNode
 .text          0x00000000c001d870      0x264 acpica/nswalk.32
                0x00000000c001d870                AcpiNsGetNextNode
                0x00000000c001d889                AcpiNsGetNextNodeTyped
                0x00000000c001d8de                AcpiNsWalkNamespace
 .text          0x00000000c001dad4      0x94e acpica/nsxfeval.32
                0x00000000c001dd40                AcpiEvaluateObject
                0x00000000c001dff9                AcpiEvaluateObjectTyped
                0x00000000c001e171                AcpiWalkNamespace
                0x00000000c001e22f                AcpiGetDevices
                0x00000000c001e2a2                AcpiAttachData
                0x00000000c001e325                AcpiDetachData
                0x00000000c001e39f                AcpiGetData
 .text          0x00000000c001e422      0x7f2 acpica/nsxfname.32
                0x00000000c001e422                AcpiGetHandle
                0x00000000c001e4d9                AcpiGetName
                0x00000000c001e5b9                AcpiGetObjectInfo
                0x00000000c001e9d0                AcpiInstallMethod
 .text          0x00000000c001ec14      0x1f1 acpica/nsxfobj.32
                0x00000000c001ec14                AcpiGetType
                0x00000000c001eca6                AcpiGetParent
                0x00000000c001ed34                AcpiGetNextObject
 .text          0x00000000c001ee05      0xb9c acpica/psargs.32
                0x00000000c001ee80                AcpiPsGetNextPackageEnd
                0x00000000c001eea7                AcpiPsGetNextNamestring
                0x00000000c001ef2d                AcpiPsGetNextNamepath
                0x00000000c001f16f                AcpiPsGetNextSimpleArg
                0x00000000c001f681                AcpiPsGetNextArg
 .text          0x00000000c001f9a1      0x8ef acpica/psloop.32
                0x00000000c001fbc4                AcpiPsParseLoop
 .text          0x00000000c0020290      0xb0d acpica/psobject.32
                0x00000000c00203d5                AcpiPsBuildNamedOp
                0x00000000c0020597                AcpiPsCreateOp
                0x00000000c00207f6                AcpiPsCompleteOp
                0x00000000c0020c0e                AcpiPsCompleteFinalOp
 .text          0x00000000c0020d9d        0x0 acpica/psopcode.32
 .text          0x00000000c0020d9d       0x97 acpica/psopinfo.32
                0x00000000c0020d9d                AcpiPsGetOpcodeInfo
                0x00000000c0020e07                AcpiPsGetOpcodeName
                0x00000000c0020e1b                AcpiPsGetArgumentCount
 .text          0x00000000c0020e34      0x936 acpica/psparse.32
                0x00000000c0020e34                AcpiPsGetOpcodeSize
                0x00000000c0020e4e                AcpiPsPeekOpcode
                0x00000000c0020e90                AcpiPsCompleteThisOp
                0x00000000c00211a6                AcpiPsNextParseState
                0x00000000c00212fe                AcpiPsParseAml
 .text          0x00000000c002176a      0x1f4 acpica/psscope.32
                0x00000000c002176a                AcpiPsGetParentScope
                0x00000000c0021778                AcpiPsHasCompletedScope
                0x00000000c00217ac                AcpiPsInitScope
                0x00000000c0021812                AcpiPsPushScope
                0x00000000c0021895                AcpiPsPopScope
                0x00000000c002191d                AcpiPsCleanupScope
 .text          0x00000000c002195e      0x218 acpica/pstree.32
                0x00000000c002195e                AcpiPsGetArg
                0x00000000c00219d6                AcpiPsAppendArg
                0x00000000c0021aac                AcpiPsGetDepthNext
 .text          0x00000000c0021b76      0x1cc acpica/psutils.32
                0x00000000c0021b76                AcpiPsInitOp
                0x00000000c0021b97                AcpiPsAllocOp
                0x00000000c0021c61                AcpiPsCreateScopeOp
                0x00000000c0021c96                AcpiPsFreeOp
                0x00000000c0021cd9                AcpiPsIsLeadingChar
                0x00000000c0021cff                AcpiPsGetName
                0x00000000c0021d21                AcpiPsSetName
 .text          0x00000000c0021d42       0x99 acpica/pswalk.32
                0x00000000c0021d42                AcpiPsDeleteParseTree
 .text          0x00000000c0021ddb      0x4a2 acpica/psxface.32
                0x00000000c0021ddb                AcpiDebugTrace
                0x00000000c0021e35                AcpiPsExecuteTable
                0x00000000c0022010                AcpiPsExecuteMethod
 .text          0x00000000c002227d       0xf7 acpica/rsaddr.32
                0x00000000c002227d                AcpiRsGetAddressCommon
                0x00000000c0022305                AcpiRsSetAddressCommon
 .text          0x00000000c0022374      0x7f5 acpica/rscalc.32
                0x00000000c00223ea                AcpiRsGetAmlLength
                0x00000000c00226a4                AcpiRsGetListLength
                0x00000000c0022a40                AcpiRsGetPciRoutingTableLength
 .text          0x00000000c0022b69      0x567 acpica/rscreate.32
                0x00000000c0022b69                AcpiBufferToResource
                0x00000000c0022c24                AcpiRsCreateResourceList
                0x00000000c0022cc0                AcpiRsCreatePciRoutingTable
                0x00000000c0023047                AcpiRsCreateAmlResources
 .text          0x00000000c00230d0        0x0 acpica/rsdump.32
 .text          0x00000000c00230d0        0x0 acpica/rsdumpinfo.32
 .text          0x00000000c00230d0        0x0 acpica/rsinfo.32
 .text          0x00000000c00230d0        0x0 acpica/rsio.32
 .text          0x00000000c00230d0        0x0 acpica/rsirq.32
 .text          0x00000000c00230d0      0x2a0 acpica/rslist.32
                0x00000000c00230d0                AcpiRsConvertAmlToResources
                0x00000000c00231e4                AcpiRsConvertResourcesToAml
 .text          0x00000000c0023370        0x0 acpica/rsmemory.32
 .text          0x00000000c0023370      0xd8c acpica/rsmisc.32
                0x00000000c0023370                AcpiRsConvertAmlToResource
                0x00000000c0023afb                AcpiRsConvertResourceToAml
 .text          0x00000000c00240fc        0x0 acpica/rsserial.32
 .text          0x00000000c00240fc      0x61c acpica/rsutils.32
                0x00000000c00240fc                AcpiRsDecodeBitmask
                0x00000000c002414a                AcpiRsEncodeBitmask
                0x00000000c002419b                AcpiRsMoveData
                0x00000000c0024273                AcpiRsSetResourceLength
                0x00000000c00242cb                AcpiRsSetResourceHeader
                0x00000000c0024342                AcpiRsGetResourceSource
                0x00000000c002441b                AcpiRsSetResourceSource
                0x00000000c0024480                AcpiRsGetPrtMethodData
                0x00000000c00244d3                AcpiRsGetCrsMethodData
                0x00000000c0024526                AcpiRsGetPrsMethodData
                0x00000000c0024579                AcpiRsGetAeiMethodData
                0x00000000c00245cc                AcpiRsGetMethodData
                0x00000000c002461d                AcpiRsSetSrsMethodData
 .text          0x00000000c0024718      0x698 acpica/rsxface.32
                0x00000000c0024857                AcpiGetIrqRoutingTable
                0x00000000c002489a                AcpiGetCurrentResources
                0x00000000c00248dd                AcpiGetPossibleResources
                0x00000000c0024920                AcpiSetCurrentResources
                0x00000000c0024983                AcpiGetEventResources
                0x00000000c00249c6                AcpiResourceToAddress64
                0x00000000c0024be7                AcpiWalkResourceBuffer
                0x00000000c0024ca5                AcpiWalkResources
                0x00000000c0024d5a                AcpiGetVendorResource
 .text          0x00000000c0024db0      0xd8f acpica/tbdata.32
                0x00000000c0024db0                AcpiTbInitTableDescriptor
                0x00000000c0024e0f                AcpiTbAcquireTable
                0x00000000c0024e97                AcpiTbReleaseTable
                0x00000000c0024f73                AcpiTbAcquireTempTable
                0x00000000c002503a                AcpiTbValidateTable
                0x00000000c002508a                AcpiTbInvalidateTable
                0x00000000c00250cd                AcpiTbReleaseTempTable
                0x00000000c00250e4                AcpiTbValidateTempTable
                0x00000000c00251c9                AcpiTbVerifyTempTable
                0x00000000c002538f                AcpiTbResizeRootTableList
                0x00000000c0025541                AcpiTbGetNextTableDescriptor
                0x00000000c00255be                AcpiTbTerminate
                0x00000000c002565e                AcpiTbDeleteNamespaceByOwner
                0x00000000c0025717                AcpiTbAllocateOwnerId
                0x00000000c002577f                AcpiTbReleaseOwnerId
                0x00000000c00257eb                AcpiTbGetOwnerId
                0x00000000c0025851                AcpiTbIsTableLoaded
                0x00000000c00258b5                AcpiTbSetTableLoadedFlag
                0x00000000c0025981                AcpiTbNotifyTable
                0x00000000c00259ad                AcpiTbLoadTable
                0x00000000c0025a36                AcpiTbInstallAndLoadTable
                0x00000000c0025aab                AcpiTbUnloadTable
 .text          0x00000000c0025b3f      0x8f3 acpica/tbfadt.32
                0x00000000c0026261                AcpiTbCreateLocalFadt
                0x00000000c0026304                AcpiTbParseFadt
 .text          0x00000000c0026432      0x27a acpica/tbfind.32
                0x00000000c0026432                AcpiTbFindTable
 .text          0x00000000c00266ac      0x47b acpica/tbinstal.32
                0x00000000c00266ac                AcpiTbUninstallTable
                0x00000000c0026719                AcpiTbOverrideTable
                0x00000000c002689f                AcpiTbInstallTableWithOverride
                0x00000000c002697f                AcpiTbInstallStandardTable
 .text          0x00000000c0026b27      0x2ae acpica/tbprint.32
                0x00000000c0026bcb                AcpiTbPrintTableHeader
                0x00000000c0026d23                AcpiTbChecksum
                0x00000000c0026d55                AcpiTbVerifyChecksum
 .text          0x00000000c0026dd5      0x609 acpica/tbutils.32
                0x00000000c0026dd5                AcpiTbInitializeFacs
                0x00000000c0026e79                AcpiTbCheckDsdtHeader
                0x00000000c0026f03                AcpiTbCopyDsdt
                0x00000000c0027068                AcpiTbParseRootTable
                0x00000000c00272fa                AcpiTbGetTable
                0x00000000c0027379                AcpiTbPutTable
 .text          0x00000000c00273de      0x62b acpica/tbxface.32
                0x00000000c00273de                AcpiAllocateRootTable
                0x00000000c00273fa                AcpiInitializeTables
                0x00000000c00274c4                AcpiReallocateRootTable
                0x00000000c002760e                AcpiGetTableHeader
                0x00000000c002778e                AcpiGetTable
                0x00000000c002784f                AcpiPutTable
                0x00000000c00278d1                AcpiGetTableByIndex
                0x00000000c0027951                AcpiInstallTableHandler
                0x00000000c00279b3                AcpiRemoveTableHandler
 .text          0x00000000c0027a09      0x519 acpica/tbxfload.32
                0x00000000c0027a09                AcpiTbLoadNamespace
                0x00000000c0027cab                AcpiLoadTables
                0x00000000c0027d30                AcpiInstallTable
                0x00000000c0027d80                AcpiLoadTable
                0x00000000c0027de1                AcpiUnloadParentTable
                0x00000000c0027ef9                AcpiUnloadTable
 .text          0x00000000c0027f22      0x2e0 acpica/tbxfroot.32
                0x00000000c0027f22                AcpiTbGetRsdpLength
                0x00000000c0027f62                AcpiTbValidateRsdp
                0x00000000c0027fd0                AcpiTbScanMemoryForRsdp
                0x00000000c0028018                AcpiFindRootPointer
 .text          0x00000000c0028202      0x31c acpica/utaddress.32
                0x00000000c0028202                AcpiUtAddAddressRange
                0x00000000c00282ac                AcpiUtRemoveAddressRange
                0x00000000c0028333                AcpiUtCheckAddressRange
                0x00000000c00284c4                AcpiUtDeleteAddressLists
 .text          0x00000000c002851e      0x28d acpica/utalloc.32
                0x00000000c002851e                AcpiOsAllocateZeroed
                0x00000000c0028553                AcpiUtCreateCaches
                0x00000000c0028617                AcpiUtDeleteCaches
                0x00000000c00286ab                AcpiUtValidateBuffer
                0x00000000c00286f7                AcpiUtInitializeBuffer
 .text          0x00000000c00287ab       0xeb acpica/utascii.32
                0x00000000c00287ab                AcpiUtValidNameChar
                0x00000000c00287ed                AcpiUtValidNameseg
                0x00000000c002882d                AcpiUtCheckAndRepairAscii
 .text          0x00000000c0028896      0x2b9 acpica/utbuffer.32
                0x00000000c0028896                AcpiUtDumpBuffer
                0x00000000c0028b17                AcpiUtDebugDumpBuffer
 .text          0x00000000c0028b4f      0x2d4 acpica/utcache.32
                0x00000000c0028b4f                AcpiOsCreateCache
                0x00000000c0028bd7                AcpiOsPurgeCache
                0x00000000c0028c57                AcpiOsDeleteCache
                0x00000000c0028c8e                AcpiOsReleaseObject
                0x00000000c0028d41                AcpiOsAcquireObject
 .text          0x00000000c0028e23      0x6ff acpica/utclib.32
                0x00000000c0028e23                memcmp
                0x00000000c0028e7b                memmove
                0x00000000c0028ee8                memcpy
                0x00000000c0028f5f                memset
                0x00000000c0028f88                strlen
                0x00000000c0028fab                strpbrk
                0x00000000c0028fed                strtok
                0x00000000c002907b                strcpy
                0x00000000c00290ad                strncpy
                0x00000000c0029101                strcmp
                0x00000000c0029143                strchr
                0x00000000c002916c                strncmp
                0x00000000c00291c8                strcat
                0x00000000c0029209                strncat
                0x00000000c0029265                strstr
                0x00000000c00292b8                toupper
                0x00000000c00292de                tolower
                0x00000000c0029304                simple_strtoul
 .text          0x00000000c0029522      0xaf8 acpica/utcopy.32
                0x00000000c002987f                AcpiUtCopyIobjectToEobject
                0x00000000c0029ab1                AcpiUtCopyEobjectToIobject
                0x00000000c0029f7f                AcpiUtCopyIobjectToIobject
 .text          0x00000000c002a01a        0x0 acpica/utdebug.32
 .text          0x00000000c002a01a      0x1db acpica/utdecode.32
                0x00000000c002a01a                AcpiUtGetRegionName
                0x00000000c002a068                AcpiUtGetEventName
                0x00000000c002a084                AcpiUtGetTypeName
                0x00000000c002a0a0                AcpiUtGetObjectTypeName
                0x00000000c002a0e5                AcpiUtGetNodeName
                0x00000000c002a140                AcpiUtGetDescriptorName
                0x00000000c002a173                AcpiUtGetReferenceName
                0x00000000c002a1c8                AcpiUtGetMutexName
                0x00000000c002a1e4                AcpiUtValidObjectType
 .text          0x00000000c002a1f5      0x83c acpica/utdelete.32
                0x00000000c002a1f5                AcpiUtRemoveReference
                0x00000000c002a72c                AcpiUtUpdateObjectReference
                0x00000000c002a9c3                AcpiUtAddReference
                0x00000000c002a9f4                AcpiUtDeleteInternalObjectList
 .text          0x00000000c002aa31      0x28c acpica/uterror.32
                0x00000000c002aa31                AcpiUtPredefinedWarning
                0x00000000c002aa91                AcpiUtPredefinedInfo
                0x00000000c002aaf1                AcpiUtPredefinedBiosError
                0x00000000c002ab51                AcpiUtPrefixedNamespaceError
                0x00000000c002ac22                AcpiUtMethodError
 .text          0x00000000c002acbd      0x323 acpica/uteval.32
                0x00000000c002acbd                AcpiUtEvaluateObject
                0x00000000c002ae98                AcpiUtEvaluateNumericObject
                0x00000000c002aee5                AcpiUtExecute_STA
                0x00000000c002af49                AcpiUtExecutePowerMethods
 .text          0x00000000c002afe0      0x124 acpica/utexcep.32
                0x00000000c002afe0                AcpiUtValidateException
                0x00000000c002b0c2                AcpiFormatException
 .text          0x00000000c002b104        0x0 acpica/utglobal.32
 .text          0x00000000c002b104       0xea acpica/uthex.32
                0x00000000c002b104                AcpiUtHexToAsciiChar
                0x00000000c002b150                AcpiUtAsciiCharToHex
                0x00000000c002b177                AcpiUtAsciiToHexByte
 .text          0x00000000c002b1ee      0x4eb acpica/utids.32
                0x00000000c002b1ee                AcpiUtExecute_HID
                0x00000000c002b2ce                AcpiUtExecute_UID
                0x00000000c002b3ae                AcpiUtExecute_CID
                0x00000000c002b5a7                AcpiUtExecute_CLS
 .text          0x00000000c002b6d9      0x344 acpica/utinit.32
                0x00000000c002b761                AcpiUtInitGlobals
                0x00000000c002b9c0                AcpiUtSubsystemShutdown
 .text          0x00000000c002ba1d      0x1c7 acpica/utlock.32
                0x00000000c002ba1d                AcpiUtCreateRwLock
                0x00000000c002ba6c                AcpiUtDeleteRwLock
                0x00000000c002bab5                AcpiUtAcquireReadLock
                0x00000000c002bb30                AcpiUtReleaseReadLock
                0x00000000c002bba2                AcpiUtAcquireWriteLock
                0x00000000c002bbc8                AcpiUtReleaseWriteLock
 .text          0x00000000c002bbe4      0x210 acpica/utmath.32
                0x00000000c002bbe4                AcpiUtShortMultiply
                0x00000000c002bc2f                AcpiUtShortShiftLeft
                0x00000000c002bc78                AcpiUtShortShiftRight
                0x00000000c002bcc1                AcpiUtShortDivide
                0x00000000c002bd52                AcpiUtDivide
 .text          0x00000000c002bdf4      0x2ca acpica/utmisc.32
                0x00000000c002bdf4                AcpiUtIsPciRootBridge
                0x00000000c002be30                AcpiUtDwordByteSwap
                0x00000000c002be59                AcpiUtSetIntegerWidth
                0x00000000c002be9a                AcpiUtCreateUpdateStateAndPush
                0x00000000c002beef                AcpiUtWalkPackageTree
 .text          0x00000000c002c0be      0x371 acpica/utmutex.32
                0x00000000c002c129                AcpiUtMutexInitialize
                0x00000000c002c24b                AcpiUtMutexTerminate
                0x00000000c002c2c8                AcpiUtAcquireMutex
                0x00000000c002c383                AcpiUtReleaseMutex
 .text          0x00000000c002c42f       0xd0 acpica/utnonansi.32
                0x00000000c002c42f                AcpiUtStrlwr
                0x00000000c002c46f                AcpiUtStrupr
                0x00000000c002c4af                AcpiUtStricmp
 .text          0x00000000c002c4ff      0x5ff acpica/utobject.32
                0x00000000c002c4ff                AcpiUtValidInternalObject
                0x00000000c002c523                AcpiUtAllocateObjectDescDbg
                0x00000000c002c56c                AcpiUtDeleteObjectDesc
                0x00000000c002c5c1                AcpiUtCreateInternalObjectDbg
                0x00000000c002c663                AcpiUtCreatePackageObject
                0x00000000c002c6d7                AcpiUtCreateIntegerObject
                0x00000000c002c723                AcpiUtCreateBufferObject
                0x00000000c002c7ca                AcpiUtCreateStringObject
                0x00000000c002cab5                AcpiUtGetObjectSize
 .text          0x00000000c002cafe      0x4f3 acpica/utosi.32
                0x00000000c002cafe                AcpiUtInitializeInterfaces
                0x00000000c002cb88                AcpiUtInterfaceTerminate
                0x00000000c002cc59                AcpiUtInstallInterface
                0x00000000c002ccf2                AcpiUtRemoveInterface
                0x00000000c002cdc8                AcpiUtUpdateInterfaces
                0x00000000c002ce59                AcpiUtGetInterface
                0x00000000c002ce9c                AcpiUtOsiImplementation
 .text          0x00000000c002cff1      0x246 acpica/utownerid.32
                0x00000000c002cff1                AcpiUtAllocateOwnerId
                0x00000000c002d155                AcpiUtReleaseOwnerId
 .text          0x00000000c002d237       0xfd acpica/utpredef.32
                0x00000000c002d237                AcpiUtGetNextPredefinedMethod
                0x00000000c002d261                AcpiUtMatchPredefinedMethod
                0x00000000c002d2b4                AcpiUtGetExpectedReturnTypes
 .text          0x00000000c002d334      0x9ed acpica/utprint.32
                0x00000000c002d45e                AcpiUtScanNumber
                0x00000000c002d4e1                AcpiUtPrintNumber
                0x00000000c002d7b7                vsnprintf
                0x00000000c002dcd0                snprintf
                0x00000000c002dcf9                sprintf
 .text          0x00000000c002dd21        0x0 acpica/utresdecode.32
 .text          0x00000000c002dd21      0x3ad acpica/utresrc.32
                0x00000000c002dd21                AcpiUtGetResourceType
                0x00000000c002dd3e                AcpiUtGetResourceLength
                0x00000000c002dd71                AcpiUtValidateResource
                0x00000000c002df04                AcpiUtGetResourceHeaderLength
                0x00000000c002df18                AcpiUtGetDescriptorLength
                0x00000000c002df45                AcpiUtWalkAmlResources
                0x00000000c002e084                AcpiUtGetResourceEndTag
 .text          0x00000000c002e0ce      0x1ce acpica/utstate.32
                0x00000000c002e0ce                AcpiUtPushGenericState
                0x00000000c002e0e6                AcpiUtPopGenericState
                0x00000000c002e109                AcpiUtCreateGenericState
                0x00000000c002e135                AcpiUtCreateThreadState
                0x00000000c002e1bb                AcpiUtCreateUpdateState
                0x00000000c002e1fc                AcpiUtCreatePkgState
                0x00000000c002e248                AcpiUtCreateControlState
                0x00000000c002e278                AcpiUtDeleteGenericState
 .text          0x00000000c002e29c      0x264 acpica/utstring.32
                0x00000000c002e29c                AcpiUtPrintString
                0x00000000c002e465                AcpiUtRepairName
 .text          0x00000000c002e500      0x425 acpica/utstrsuppt.32
                0x00000000c002e500                AcpiUtRemoveLeadingZeros
                0x00000000c002e526                AcpiUtRemoveWhitespace
                0x00000000c002e55b                AcpiUtRemoveHexPrefix
                0x00000000c002e598                AcpiUtDetectHexPrefix
                0x00000000c002e5c6                AcpiUtDetectOctalPrefix
                0x00000000c002e7ab                AcpiUtConvertOctalString
                0x00000000c002e825                AcpiUtConvertDecimalString
                0x00000000c002e8a8                AcpiUtConvertHexString
 .text          0x00000000c002e925      0x238 acpica/utstrtoul64.32
                0x00000000c002e925                AcpiUtStrtoul64
                0x00000000c002ea37                AcpiUtImplicitStrtoul64
                0x00000000c002eab3                AcpiUtExplicitStrtoul64
 .text          0x00000000c002eb5d        0x0 acpica/uttrack.32
 .text          0x00000000c002eb5d        0x0 acpica/utuuid.32
 .text          0x00000000c002eb5d      0x641 acpica/utxface.32
                0x00000000c002eb5d                AcpiTerminate
                0x00000000c002eb7a                AcpiSubsystemStatus
                0x00000000c002eb92                AcpiGetSystemInfo
                0x00000000c002ec48                AcpiGetStatistics
                0x00000000c002ec9e                AcpiInstallInitializationHandler
                0x00000000c002eccd                AcpiPurgeCachedObjects
                0x00000000c002ed1e                AcpiInstallInterface
                0x00000000c002eddf                AcpiRemoveInterface
                0x00000000c002ee53                AcpiInstallInterfaceHandler
                0x00000000c002eeb7                AcpiUpdateInterfaces
                0x00000000c002ef14                AcpiCheckAddressRange
                0x00000000c002ef84                AcpiDecodePldBuffer
 .text          0x00000000c002f19e      0x245 acpica/utxferror.32
                0x00000000c002f19e                AcpiError
                0x00000000c002f1e7                AcpiException
                0x00000000c002f257                AcpiWarning
                0x00000000c002f2a0                AcpiInfo
                0x00000000c002f2e1                AcpiBiosError
                0x00000000c002f32a                AcpiBiosException
                0x00000000c002f39a                AcpiBiosWarning
 .text          0x00000000c002f3e3      0x218 acpica/utxfinit.32
                0x00000000c002f3e3                AcpiInitializeSubsystem
                0x00000000c002f4e1                AcpiEnableSubsystem
                0x00000000c002f5ac                AcpiInitializeObjects
 .text          0x00000000c002f5fb      0x129 acpica/utxfmutex.32
                0x00000000c002f68f                AcpiAcquireMutex
                0x00000000c002f6e0                AcpiReleaseMutex
 .text          0x00000000c002f724      0xfd0 core/malloc.32
                0x00000000c002f88f                dlfree
                0x00000000c002fbec                dlmalloc
                0x00000000c0030138                dlrealloc
                0x00000000c00302ed                dlmemalign
                0x00000000c0030410                dlcalloc
                0x00000000c00304aa                dlcfree
                0x00000000c00304af                dlindependent_calloc
                0x00000000c00304d4                dlindependent_comalloc
                0x00000000c00304eb                dlvalloc
                0x00000000c0030516                dlpvalloc
                0x00000000c003054c                dlmalloc_trim
                0x00000000c0030559                dlmalloc_usable_size
                0x00000000c003058a                dlmallinfo
                0x00000000c0030659                dlmalloc_stats
                0x00000000c003066a                dlmallopt
 .text          0x00000000c00306f4        0x0 libk/string.32
 .text          0x00000000c00306f4       0x51 fs/fat/diskio.32
                0x00000000c00306f4                disk_status
                0x00000000c00306f7                disk_initialize
                0x00000000c00306fa                disk_read
                0x00000000c0030710                disk_write
                0x00000000c0030726                disk_ioctl
 .text          0x00000000c0030745     0x681b fs/fat/ff.32
                0x00000000c0033a0e                f_mount
                0x00000000c0033a6c                f_open
                0x00000000c0033ea4                f_read
                0x00000000c0034124                f_write
                0x00000000c00343de                f_sync
                0x00000000c00345b6                f_close
                0x00000000c00345e5                f_lseek
                0x00000000c0034a9c                f_opendir
                0x00000000c0034b9e                f_closedir
                0x00000000c0034bc0                f_readdir
                0x00000000c0034c5b                f_stat
                0x00000000c0034cea                f_getfree
                0x00000000c0034eb5                f_truncate
                0x00000000c0034fad                f_unlink
                0x00000000c0035131                f_mkdir
                0x00000000c003535d                f_rename
                0x00000000c003564c                f_chmod
                0x00000000c003572a                f_utime
                0x00000000c0035808                f_getlabel
                0x00000000c00359f6                f_setlabel
                0x00000000c0035c5f                f_forward
                0x00000000c0035e3d                f_mkfs
 .text          0x00000000c0036f60       0x2d fs/fat/ffsystem.32
                0x00000000c0036f60                ff_memalloc
                0x00000000c0036f76                ff_memfree
 .text          0x00000000c0036f8d      0x253 fs/fat/ffunicode.32
                0x00000000c0036f8d                ff_uni2oem
                0x00000000c003701d                ff_oem2uni
                0x00000000c0037089                ff_wtoupper
 .text          0x00000000c00371e0      0xc07 hal/libresample/samplerate.32
                0x00000000c0037224                src_delete
                0x00000000c003727f                src_process
                0x00000000c003746e                src_callback_read
                0x00000000c00376a8                src_set_ratio
                0x00000000c003771a                src_get_channels
                0x00000000c003775b                src_reset
                0x00000000c00377cd                src_get_name
                0x00000000c0037839                src_get_description
                0x00000000c00378a5                src_get_version
                0x00000000c00378ab                src_is_valid_ratio
                0x00000000c00378e1                src_error
                0x00000000c00378f6                src_strerror
                0x00000000c00379a7                src_short_to_float_array
                0x00000000c00379f9                src_float_to_short_array
                0x00000000c0037aa9                src_int_to_float_array
                0x00000000c0037afa                src_float_to_int_array
                0x00000000c0037c1a                src_new
                0x00000000c0037cee                src_callback_new
                0x00000000c0037d82                src_simple
 .text          0x00000000c0037de7      0x7bb hal/libresample/src_linear.32
                0x00000000c00384a3                linear_get_name
                0x00000000c00384b6                linear_get_description
                0x00000000c00384c9                linear_set_converter
 .text          0x00000000c00385a2     0x3a11 hal/libresample/src_sinc.32
                0x00000000c0039fdc                sinc_get_name
                0x00000000c003a009                sinc_get_description
                0x00000000c003a038                sinc_set_converter
 .text          0x00000000c003bfb3      0x743 hal/libresample/src_zoh.32
                0x00000000c003c5f7                zoh_get_name
                0x00000000c003c60a                zoh_get_description
                0x00000000c003c61d                zoh_set_converter
 .text          0x00000000c003c6f6     0x1053 acpica/osl.32
                0x00000000c003c6f6                Subhandler
                0x00000000c003c732                isblank
                0x00000000c003c74a                iscntrl
                0x00000000c003c762                isdigit
                0x00000000c003c77a                islower
                0x00000000c003c792                isspace
                0x00000000c003c7b3                isupper
                0x00000000c003c7cb                isalpha
                0x00000000c003c7f5                isalnum
                0x00000000c003c81f                ispunct
                0x00000000c003c859                isgraph
                0x00000000c003c883                isprint
                0x00000000c003c8a4                isxdigit
                0x00000000c003c8da                AcpiOsInitialize
                0x00000000c003c8e0                AcpiOsTerminate
                0x00000000c003c8e6                AcpiOsGetRootPointer
                0x00000000c003c915                AcpiOsPredefinedOverride
                0x00000000c003c939                AcpiOsTableOverride
                0x00000000c003c949                AcpiOsPhysicalTableOverride
                0x00000000c003c960                AcpiOsReadPort
                0x00000000c003c9f1                AcpiOsWritePort
                0x00000000c003ca7c                AcpiOsGetTimer
                0x00000000c003ca9c                AcpiOsWaitEventsComplete
                0x00000000c003cab4                AcpiOsReadPciConfiguration
                0x00000000c003cb7c                AcpiOsWritePciConfiguration
                0x00000000c003cc5e                AcpiOsSignal
                0x00000000c003cc94                AcpiOsReadMemory
                0x00000000c003cd60                AcpiOsEnterSleep
                0x00000000c003cd73                AcpiOsWriteMemory
                0x00000000c003ce27                AcpiOsMapMemory
                0x00000000c003cf20                AcpiOsUnmapMemory
                0x00000000c003cf22                AcpiOsGetPhysicalAddress
                0x00000000c003cf52                AcpiOsAllocate
                0x00000000c003cf70                AcpiOsFree
                0x00000000c003cf87                AcpiOsReadable
                0x00000000c003cfa0                AcpiOsWritable
                0x00000000c003cfb9                AcpiOsGetThreadId
                0x00000000c003cfc4                AcpiOsExecute
                0x00000000c003cfe0                AcpiOsSleep
                0x00000000c003d026                AcpiOsStall
                0x00000000c003d080                AcpiOsCreateSemaphore
                0x00000000c003d0c7                AcpiOsDeleteSemaphore
                0x00000000c003d0e4                AcpiOsWaitSemaphore
                0x00000000c003d1b8                AcpiOsSignalSemaphore
                0x00000000c003d1e1                AcpiOsCreateLock
                0x00000000c003d20e                AcpiOsDeleteLock
                0x00000000c003d210                AcpiOsAcquireLock
                0x00000000c003d226                AcpiOsReleaseLock
                0x00000000c003d241                AcpiOsInstallInterruptHandler
                0x00000000c003d2a0                AcpiOsRemoveInterruptHandler
                0x00000000c003d2bc                __i__int_str
                0x00000000c003d679                __i_displayCharacter
                0x00000000c003d6cf                __i_displayString
                0x00000000c003d720                __i_internal_printf
                0x00000000c003d726                AcpiOsVprintf
                0x00000000c003d728                AcpiOsPrintf
 *fill*         0x00000000c003d749        0x1 
 .text          0x00000000c003d74a      0xc10 core/computer.32
                0x00000000c003d74a                Computer::close(int, int, void*)
                0x00000000c003d792                Computer::Computer()
                0x00000000c003d792                Computer::Computer()
                0x00000000c003d8ee                Computer::setBootMessage(char const*)
                0x00000000c003d8f0                Computer::start()
                0x00000000c003dabf                firstTask()
                0x00000000c003dada                Computer::detectFeatures()
                0x00000000c003df98                Computer::displayFeatures()
                0x00000000c003df9a                Computer::rdmsr(unsigned int)
                0x00000000c003dfd6                Computer::wrmsr(unsigned int, unsigned long long)
                0x00000000c003e016                Computer::nmiEnabled()
                0x00000000c003e024                Computer::readCMOS(unsigned char)
                0x00000000c003e068                Computer::enableNMI(bool)
                0x00000000c003e094                Computer::open(int, int, void*)
                0x00000000c003e1f0                Computer::disableNMI()
                0x00000000c003e20a                Computer::writeCMOS(unsigned char, unsigned char)
                0x00000000c003e25a                Computer::handleNMI()
                0x00000000c003e2e4                Computer::setDiskActivityLight(int, bool)
 .text          0x00000000c003e35a      0xe65 core/elf.32
                0x00000000c003e35a                allocateMemoryForTask(Process*, File*, unsigned long, unsigned long, unsigned long)
                0x00000000c003e5d7                loadProgramIntoMemory(Process*, char const*)
                0x00000000c003e7fb                runtimeReferenceHelper()
                0x00000000c003e80e                getAddressOfKernelSymbol(char const*)
                0x00000000c003e85d                loadKernelSymbolTable(char const*)
                0x00000000c003eb25                loadDriverIntoMemory(char const*, unsigned long)
                0x00000000c003f0e8                loadDLL(char const*)
                0x00000000c003f1b1                executeDLL(unsigned long, void*)
 *fill*         0x00000000c003f1bf        0x1 
 .text          0x00000000c003f1c0      0x19f core/gdt.32
                0x00000000c003f1c0                GDTEntry::setBase(unsigned int)
                0x00000000c003f1dc                GDTEntry::setLimit(unsigned int)
                0x00000000c003f1fc                GDT::GDT()
                0x00000000c003f1fc                GDT::GDT()
                0x00000000c003f212                GDT::addEntry(GDTEntry)
                0x00000000c003f234                GDT::getNumberOfEntries()
                0x00000000c003f23c                GDT::flush()
                0x00000000c003f25e                GDT::setup()
 .text          0x00000000c003f35f       0x61 core/idle.32
                0x00000000c003f35f                idleFunction(void*)
 .text          0x00000000c003f3c0      0x3dd core/idt.32
                0x00000000c003f3c0                IDTEntry::IDTEntry(bool)
                0x00000000c003f3c0                IDTEntry::IDTEntry(bool)
                0x00000000c003f42e                IDTEntry::setOffset(unsigned int)
                0x00000000c003f442                IDT::IDT()
                0x00000000c003f442                IDT::IDT()
                0x00000000c003f444                IDT::getPointerToInvalidOpcodeEntryForF00F()
                0x00000000c003f44c                IDT::addEntry(IDTEntry, int)
                0x00000000c003f466                IDT::addEntry(int, void (*)(), bool)
                0x00000000c003f49e                IDT::flush()
                0x00000000c003f4b8                IDT::setup()
 .text          0x00000000c003f79d      0x6fa core/kconsole.32
                0x00000000c003f79d                stringifyxWithBase(unsigned int, char*, int)
                0x00000000c003f834                logc(char)
                0x00000000c003f87b                logs(char*)
                0x00000000c003f8a9                logWriteInt(unsigned int)
                0x00000000c003f8cf                logWriteIntBase(unsigned int, int)
                0x00000000c003f8f6                kprintf(char const*, ...)
                0x00000000c003fa5a                panic(char const*)
 .text          0x00000000c003fe97      0x1d6 core/kheap.32
                0x00000000c003fe97                sbrk
                0x00000000c003ff78                mmap
                0x00000000c003ff8e                munmap
                0x00000000c003ffa4                liballoc_lock()
                0x00000000c003ffb5                liballoc_unlock()
                0x00000000c003ffc6                liballoc_alloc(int)
                0x00000000c003ffe1                liballoc_free(void*, int)
                0x00000000c003ffff                realloc
                0x00000000c0040013                malloc
                0x00000000c0040023                free
                0x00000000c0040033                rfree
                0x00000000c0040043                calloc
 .text          0x00000000c004006d      0x647 core/main.32
                0x00000000c004006d                hwTextMode_loadInData(VgaText*)
                0x00000000c00400d1                hwTextMode_loadInTitle(VgaText*, char*)
                0x00000000c0040133                hwTextMode_update(VgaText*)
                0x00000000c0040135                hwTextMode_scrollScreen(VgaText*)
                0x00000000c004022f                hwTextMode_writeCharacter(VgaText*, char, VgaColour, VgaColour, int, int)
                0x00000000c00402b6                hwTextMode_updateCursor(VgaText*)
                0x00000000c0040355                hwTextMode_showCursor(VgaText*, bool)
                0x00000000c004041c                hwTextMode_disableBlink(VgaText*, bool)
                0x00000000c00404cb                setupTextMode()
                0x00000000c004051d                kernel_main
 .text          0x00000000c00406b4      0x67d core/physmgr.32
                0x00000000c00406b4                PhysMem::allocateDMA(unsigned long)
                0x00000000c00407ba                PhysMem::freeDMA(unsigned long, unsigned long)
                0x00000000c0040823                PhysMem::setPageState(unsigned long, bool)
                0x00000000c00408aa                PhysMem::getPageState(unsigned long)
                0x00000000c00408ea                PhysMem::freePage(unsigned long)
                0x00000000c004099d                PhysMem::allocatePage()
                0x00000000c0040a8e                PhysMem::allowSegmentToBeUsed(unsigned long, unsigned long)
                0x00000000c0040ae1                PhysMem::physicalMemorySetup(unsigned int)
 *fill*         0x00000000c0040d31        0x3 
 .text          0x00000000c0040d34      0x273 core/pipe.32
                0x00000000c0040d34                Pipe::isAtty()
                0x00000000c0040d38                Pipe::~Pipe()
                0x00000000c0040d38                Pipe::~Pipe()
                0x00000000c0040d5c                Pipe::~Pipe()
                0x00000000c0040d84                Pipe::read(unsigned long long, void*, int*)
                0x00000000c0040e78                Pipe::write(unsigned long long, void*, int*)
                0x00000000c0040f40                Pipe::Pipe(int)
                0x00000000c0040f40                Pipe::Pipe(int)
 *fill*         0x00000000c0040fa7        0x1 
 .text          0x00000000c0040fa8     0x1859 core/prcssthr.32
                0x00000000c0040fa8                changeTSS
                0x00000000c0040fe0                Process::addArgs(char**)
                0x00000000c00410c6                Process::Process(char const*, Process*, char**)
                0x00000000c00410c6                Process::Process(char const*, Process*, char**)
                0x00000000c004127e                Process::Process(bool, char const*, Process*, char**)
                0x00000000c004127e                Process::Process(bool, char const*, Process*, char**)
                0x00000000c0041401                disableIRQs()
                0x00000000c004140f                getIRQNestingLevel()
                0x00000000c0041415                enableIRQs()
                0x00000000c004142c                lockScheduler()
                0x00000000c004143a                unlockScheduler()
                0x00000000c0041448                userModeEntryPoint(void*)
                0x00000000c0041473                lockStuff()
                0x00000000c004148c                taskStartupFunction
                0x00000000c0041497                updateTimeUsed()
                0x00000000c0041530                switchToThread(ThreadControlBlock*)
                0x00000000c004159a                Semaphore::Semaphore(int)
                0x00000000c004159a                Semaphore::Semaphore(int)
                0x00000000c00415c8                Mutex::Mutex()
                0x00000000c00415c8                Mutex::Mutex()
                0x00000000c00415da                Process::createThread(void (*)(void*), void*, int)
                0x00000000c00417f2                Process::createUserThread()
                0x00000000c0041811                setupMultitasking(void (*)())
                0x00000000c0041980                schedule()
                0x00000000c0041a2c                unlockStuff()
                0x00000000c0041a66                forkProcess(regs*)
                0x00000000c0041c6e                Semaphore::tryAcquire()
                0x00000000c0041caa                Semaphore::assertLocked(char const*)
                0x00000000c0041cda                blockTaskWithSchedulerLockAlreadyHeld(TaskState)
                0x00000000c0041d26                blockTask(TaskState)
                0x00000000c0041d4b                waitTask(int, int*, int)
                0x00000000c0041da8                nanoSleepUntil(unsigned long long)
                0x00000000c0041e16                nanoSleep(unsigned long long)
                0x00000000c0041e52                sleep(unsigned long long)
                0x00000000c0041e92                Semaphore::acquire()
                0x00000000c0041f16                execveProcess(char const*, char* const*, char* const*)
                0x00000000c0041fd8                taskReturned
                0x00000000c004201a                unblockTask(ThreadControlBlock*)
                0x00000000c00420ef                cleanupTerminatedTask(ThreadControlBlock*)
                0x00000000c00425c6                cleanerTaskFunction(void*)
                0x00000000c0042660                terminateTask(int)
                0x00000000c00426fc                Semaphore::release()
 .text          0x00000000c0042801     0x15ba core/syscalls.32
                0x00000000c0042801                sysCallGetPID(regs*)
                0x00000000c004280f                sysCallSeekDir(regs*)
                0x00000000c004281a                sysCallTellDir(regs*)
                0x00000000c0042825                sysCallVerify(regs*)
                0x00000000c0042835                sysCallGetArgc(regs*)
                0x00000000c0042847                sysFormatDisk(regs*)
                0x00000000c00428f7                sysSetDiskVolumeLabel(regs*)
                0x00000000c0042989                sysGetDiskVolumeLabel(regs*)
                0x00000000c0042a36                sysShutdown(regs*)
                0x00000000c0042aa3                sysCallWrite(regs*)
                0x00000000c0042b3d                sysCallRead(regs*)
                0x00000000c0042bd7                sysCallReadDir(regs*)
                0x00000000c0042c91                sysCallIsATTY(regs*)
                0x00000000c0042cfc                sysCallGetCwd(regs*)
                0x00000000c0042d2d                sysCallSetCwd(regs*)
                0x00000000c0042d55                sysCallRealpath(regs*)
                0x00000000c0042db6                sysCallOpen(regs*)
                0x00000000c0042f64                sysCallSeek(regs*)
                0x00000000c0042fd9                sysCallTell(regs*)
                0x00000000c0043048                sysCallSizeFromFilename(regs*)
                0x00000000c0043102                sysCallSize(regs*)
                0x00000000c0043177                sysCallClose(regs*)
                0x00000000c00431e5                sysCallOpenDir(regs*)
                0x00000000c0043298                sysCallMakeDir(regs*)
                0x00000000c0043333                sysCallCloseDir(regs*)
                0x00000000c00433a1                sysCallWait(regs*)
                0x00000000c00433ce                sysCallFork(regs*)
                0x00000000c00433f5                sysCallExecve(regs*)
                0x00000000c0043460                sysCallRmdir(regs*)
                0x00000000c00434ec                sysCallUnlink(regs*)
                0x00000000c0043578                sysCallGetArgv(regs*)
                0x00000000c0043613                sysCallTTYName(regs*)
                0x00000000c00436cc                sysCallGetEnv(regs*)
                0x00000000c0043738                sysCallUSleep(regs*)
                0x00000000c00437bd                sysCallSpawn(regs*)
                0x00000000c0043868                sysAppSettings(regs*)
                0x00000000c0043a02                sysSetFatAttrib(regs*)
                0x00000000c0043aa5                sysPanic(regs*)
                0x00000000c0043ad9                sysPipe(regs*)
                0x00000000c0043b50                sysGetUnixTime(regs*)
                0x00000000c0043b6f                string_ends_with(char const*, char const*)
                0x00000000c0043bca                setupSystemCalls()
                0x00000000c0043d79                systemCall(regs*, void*)
 *fill*         0x00000000c0043dbb        0x1 
 .text          0x00000000c0043dbc      0xf53 core/terminal.32
                0x00000000c0043dbc                VgaText::isAtty()
                0x00000000c0043dc0                VgaText::~VgaText()
                0x00000000c0043dc0                VgaText::~VgaText()
                0x00000000c0043de4                VgaText::~VgaText()
                0x00000000c0043e0e                VgaText::read(unsigned long long, void*, int*)
                0x00000000c0043e2e                setTerminalScrollLock(bool)
                0x00000000c0043e2f                addToTerminalCycle(VgaText*)
                0x00000000c0043e5c                installVgaTextImplementation()
                0x00000000c0043e71                scrollTerminalScrollLock(int)
                0x00000000c0043e72                VgaText::load()
                0x00000000c0043ec6                VgaText::updateCursor()
                0x00000000c0043ee0                VgaText::showCursor(bool)
                0x00000000c0043ef0                VgaText::disableBlink(bool)
                0x00000000c0043f2a                VgaText::doANSI_SGR(int)
                0x00000000c0043fb6                VgaText::setDefaultBgColour(VgaColour)
                0x00000000c0043fcc                VgaText::setDefaultFgColour(VgaColour)
                0x00000000c0043fe2                VgaText::setDefaultColours(VgaColour, VgaColour)
                0x00000000c0044002                VgaText::combineColours(unsigned char, unsigned char)
                0x00000000c0044014                VgaText::scrollScreen()
                0x00000000c00440a8                VgaText::combineCharAndColour(char, unsigned char)
                0x00000000c00440ba                VgaText::writeCharacter(char, VgaColour, VgaColour, int, int)
                0x00000000c004411a                VgaText::getCursorX()
                0x00000000c0044126                VgaText::getCursorY()
                0x00000000c0044132                VgaText::setCursor(int, int)
                0x00000000c0044150                VgaText::setCursorX(int)
                0x00000000c004416c                VgaText::setCursorY(int)
                0x00000000c0044188                VgaText::incrementCursor(bool)
                0x00000000c00441f0                VgaText::updateRAMUsageDisplay(int)
                0x00000000c004424a                VgaText::updateDiskUsage()
                0x00000000c004439c                VgaText::updateTitle()
                0x00000000c00443e2                VgaText::setTitleTextColour(VgaColour)
                0x00000000c00443f2                VgaText::setTitleColour(VgaColour)